

Container: container_1603892447670_0001_01_000001 on ip-10-0-32-243.ec2.internal_8041
=======================================================================================
LogType:stderr
Log Upload Time:mer ott 28 13:47:24 +0000 2020
LogLength:12181
Log Contents:
SLF4J: Class path contains multiple SLF4J bindings.
SLF4J: Found binding in [jar:file:/mnt/yarn/usercache/hadoop/filecache/11/__spark_libs__8801237529138730470.zip/slf4j-log4j12-1.7.16.jar!/org/slf4j/impl/StaticLoggerBinder.class]
SLF4J: Found binding in [jar:file:/usr/lib/hadoop/lib/slf4j-log4j12-1.7.10.jar!/org/slf4j/impl/StaticLoggerBinder.class]
SLF4J: See http://www.slf4j.org/codes.html#multiple_bindings for an explanation.
SLF4J: Actual binding is of type [org.slf4j.impl.Log4jLoggerFactory]
20/10/28 13:44:15 INFO SignalUtils: Registered signal handler for TERM
20/10/28 13:44:15 INFO SignalUtils: Registered signal handler for HUP
20/10/28 13:44:15 INFO SignalUtils: Registered signal handler for INT
20/10/28 13:44:15 INFO SecurityManager: Changing view acls to: yarn,hadoop
20/10/28 13:44:15 INFO SecurityManager: Changing modify acls to: yarn,hadoop
20/10/28 13:44:15 INFO SecurityManager: Changing view acls groups to: 
20/10/28 13:44:15 INFO SecurityManager: Changing modify acls groups to: 
20/10/28 13:44:15 INFO SecurityManager: SecurityManager: authentication disabled; ui acls disabled; users  with view permissions: Set(yarn, hadoop); groups with view permissions: Set(); users  with modify permissions: Set(yarn, hadoop); groups with modify permissions: Set()
20/10/28 13:44:17 INFO ApplicationMaster: Preparing Local resources
20/10/28 13:44:18 INFO ApplicationMaster: ApplicationAttemptId: appattempt_1603892447670_0001_000001
20/10/28 13:44:18 INFO ApplicationMaster: Starting the user application in a separate Thread
20/10/28 13:44:18 INFO ApplicationMaster: Waiting for spark context initialization...
20/10/28 13:44:19 INFO SparkContext: Running Spark version 2.4.0
20/10/28 13:44:19 INFO SparkContext: Submitted application: SpectralRegressionSpark.py
20/10/28 13:44:19 INFO SecurityManager: Changing view acls to: yarn,hadoop
20/10/28 13:44:19 INFO SecurityManager: Changing modify acls to: yarn,hadoop
20/10/28 13:44:19 INFO SecurityManager: Changing view acls groups to: 
20/10/28 13:44:19 INFO SecurityManager: Changing modify acls groups to: 
20/10/28 13:44:19 INFO SecurityManager: SecurityManager: authentication disabled; ui acls disabled; users  with view permissions: Set(yarn, hadoop); groups with view permissions: Set(); users  with modify permissions: Set(yarn, hadoop); groups with modify permissions: Set()
20/10/28 13:44:20 INFO Utils: Successfully started service 'sparkDriver' on port 42083.
20/10/28 13:44:20 INFO SparkEnv: Registering MapOutputTracker
20/10/28 13:44:20 INFO SparkEnv: Registering BlockManagerMaster
20/10/28 13:44:20 INFO BlockManagerMasterEndpoint: Using org.apache.spark.storage.DefaultTopologyMapper for getting topology information
20/10/28 13:44:20 INFO BlockManagerMasterEndpoint: BlockManagerMasterEndpoint up
20/10/28 13:44:20 INFO DiskBlockManager: Created local directory at /mnt/yarn/usercache/hadoop/appcache/application_1603892447670_0001/blockmgr-9aa94a17-8e11-4729-ac88-cfa089c79b5b
20/10/28 13:44:20 INFO MemoryStore: MemoryStore started with capacity 424.4 MB
20/10/28 13:44:20 INFO SparkEnv: Registering OutputCommitCoordinator
20/10/28 13:44:20 INFO JettyUtils: Adding filter org.apache.hadoop.yarn.server.webproxy.amfilter.AmIpFilter to /jobs, /jobs/json, /jobs/job, /jobs/job/json, /stages, /stages/json, /stages/stage, /stages/stage/json, /stages/pool, /stages/pool/json, /storage, /storage/json, /storage/rdd, /storage/rdd/json, /environment, /environment/json, /executors, /executors/json, /executors/threadDump, /executors/threadDump/json, /static, /, /api, /jobs/job/kill, /stages/stage/kill.
20/10/28 13:44:20 INFO Utils: Successfully started service 'SparkUI' on port 43969.
20/10/28 13:44:20 INFO SparkUI: Bound SparkUI to 0.0.0.0, and started at http://ip-10-0-32-243.ec2.internal:43969
20/10/28 13:44:20 INFO YarnClusterScheduler: Created YarnClusterScheduler
20/10/28 13:44:20 INFO SchedulerExtensionServices: Starting Yarn extension services with app application_1603892447670_0001 and attemptId Some(appattempt_1603892447670_0001_000001)
20/10/28 13:44:20 INFO Utils: Using initial executors = 0, max of spark.dynamicAllocation.initialExecutors, spark.dynamicAllocation.minExecutors and spark.executor.instances
20/10/28 13:44:20 INFO Utils: Successfully started service 'org.apache.spark.network.netty.NettyBlockTransferService' on port 43781.
20/10/28 13:44:20 INFO NettyBlockTransferService: Server created on ip-10-0-32-243.ec2.internal:43781
20/10/28 13:44:20 INFO BlockManager: Using org.apache.spark.storage.RandomBlockReplicationPolicy for block replication policy
20/10/28 13:44:21 INFO BlockManagerMaster: Registering BlockManager BlockManagerId(driver, ip-10-0-32-243.ec2.internal, 43781, None)
20/10/28 13:44:21 INFO BlockManagerMasterEndpoint: Registering block manager ip-10-0-32-243.ec2.internal:43781 with 424.4 MB RAM, BlockManagerId(driver, ip-10-0-32-243.ec2.internal, 43781, None)
20/10/28 13:44:21 INFO BlockManagerMaster: Registered BlockManager BlockManagerId(driver, ip-10-0-32-243.ec2.internal, 43781, None)
20/10/28 13:44:21 INFO BlockManager: external shuffle service port = 7337
20/10/28 13:44:21 INFO BlockManager: Initialized BlockManager: BlockManagerId(driver, ip-10-0-32-243.ec2.internal, 43781, None)
20/10/28 13:44:21 INFO JettyUtils: Adding filter org.apache.hadoop.yarn.server.webproxy.amfilter.AmIpFilter to /metrics/json.
20/10/28 13:44:21 INFO EventLoggingListener: Logging events to hdfs:/var/log/spark/apps/application_1603892447670_0001_1
20/10/28 13:44:21 INFO Utils: Using initial executors = 0, max of spark.dynamicAllocation.initialExecutors, spark.dynamicAllocation.minExecutors and spark.executor.instances
20/10/28 13:44:21 WARN YarnSchedulerBackend$YarnSchedulerEndpoint: Attempted to request executors before the AM has registered!
20/10/28 13:44:22 INFO RMProxy: Connecting to ResourceManager at ip-10-0-34-64.ec2.internal/10.0.34.64:8030
20/10/28 13:44:22 INFO YarnRMClient: Registering the ApplicationMaster
20/10/28 13:44:22 INFO ApplicationMaster: 
===============================================================================
YARN executor launch context:
  env:
    CLASSPATH -> /usr/lib/hadoop-lzo/lib/*:/usr/lib/hadoop/hadoop-aws.jar:/usr/share/aws/aws-java-sdk/*:/usr/share/aws/emr/emrfs/conf:/usr/share/aws/emr/emrfs/lib/*:/usr/share/aws/emr/emrfs/auxlib/*:/usr/share/aws/emr/goodies/lib/emr-spark-goodies.jar:/usr/share/aws/emr/security/conf:/usr/share/aws/emr/security/lib/*:/usr/share/aws/hmclient/lib/aws-glue-datacatalog-spark-client.jar:/usr/share/java/Hive-JSON-Serde/hive-openx-serde.jar:/usr/share/aws/sagemaker-spark-sdk/lib/sagemaker-spark-sdk.jar:/usr/share/aws/emr/s3select/lib/emr-s3-select-spark-connector.jar<CPS>{{PWD}}<CPS>{{PWD}}/__spark_conf__<CPS>{{PWD}}/__spark_libs__/*<CPS>$HADOOP_CONF_DIR<CPS>$HADOOP_COMMON_HOME/*<CPS>$HADOOP_COMMON_HOME/lib/*<CPS>$HADOOP_HDFS_HOME/*<CPS>$HADOOP_HDFS_HOME/lib/*<CPS>$HADOOP_MAPRED_HOME/*<CPS>$HADOOP_MAPRED_HOME/lib/*<CPS>$HADOOP_YARN_HOME/*<CPS>$HADOOP_YARN_HOME/lib/*<CPS>/usr/lib/hadoop-lzo/lib/*<CPS>/usr/share/aws/emr/emrfs/conf<CPS>/usr/share/aws/emr/emrfs/lib/*<CPS>/usr/share/aws/emr/emrfs/auxlib/*<CPS>/usr/share/aws/emr/lib/*<CPS>/usr/share/aws/emr/ddb/lib/emr-ddb-hadoop.jar<CPS>/usr/share/aws/emr/goodies/lib/emr-hadoop-goodies.jar<CPS>/usr/share/aws/emr/cloudwatch-sink/lib/*<CPS>/usr/share/aws/aws-java-sdk/*<CPS>$HADOOP_MAPRED_HOME/share/hadoop/mapreduce/*<CPS>$HADOOP_MAPRED_HOME/share/hadoop/mapreduce/lib/*<CPS>/usr/lib/hadoop-lzo/lib/*<CPS>/usr/share/aws/emr/emrfs/conf<CPS>/usr/share/aws/emr/emrfs/lib/*<CPS>/usr/share/aws/emr/emrfs/auxlib/*<CPS>/usr/share/aws/emr/lib/*<CPS>/usr/share/aws/emr/ddb/lib/emr-ddb-hadoop.jar<CPS>/usr/share/aws/emr/goodies/lib/emr-hadoop-goodies.jar<CPS>/usr/share/aws/emr/cloudwatch-sink/lib/*<CPS>/usr/share/aws/aws-java-sdk/*<CPS>{{PWD}}/__spark_conf__/__hadoop_conf__
    SPARK_YARN_STAGING_DIR -> hdfs://ip-10-0-34-64.ec2.internal:8020/user/hadoop/.sparkStaging/application_1603892447670_0001
    SPARK_USER -> hadoop
    PYTHONPATH -> {{PWD}}/pyspark.zip<CPS>{{PWD}}/py4j-0.10.7-src.zip
    SPARK_PUBLIC_DNS -> ip-10-0-32-243.ec2.internal

  command:
    LD_LIBRARY_PATH=\"/usr/lib/hadoop/lib/native:/usr/lib/hadoop-lzo/lib/native:$LD_LIBRARY_PATH\" \ 
      {{JAVA_HOME}}/bin/java \ 
      -server \ 
      -Xmx4608m \ 
      '-verbose:gc' \ 
      '-XX:+PrintGCDetails' \ 
      '-XX:+PrintGCDateStamps' \ 
      '-XX:+UseConcMarkSweepGC' \ 
      '-XX:CMSInitiatingOccupancyFraction=70' \ 
      '-XX:MaxHeapFreeRatio=70' \ 
      '-XX:+CMSClassUnloadingEnabled' \ 
      '-XX:OnOutOfMemoryError=kill -9 %p' \ 
      -Djava.io.tmpdir={{PWD}}/tmp \ 
      '-Dspark.history.ui.port=18080' \ 
      '-Dspark.driver.port=42083' \ 
      '-Dspark.ui.port=0' \ 
      -Dspark.yarn.app.container.log.dir=<LOG_DIR> \ 
      org.apache.spark.executor.CoarseGrainedExecutorBackend \ 
      --driver-url \ 
      spark://CoarseGrainedScheduler@ip-10-0-32-243.ec2.internal:42083 \ 
      --executor-id \ 
      <executorId> \ 
      --hostname \ 
      <hostname> \ 
      --cores \ 
      4 \ 
      --app-id \ 
      application_1603892447670_0001 \ 
      --user-class-path \ 
      file:$PWD/__app__.jar \ 
      1><LOG_DIR>/stdout \ 
      2><LOG_DIR>/stderr

  resources:
    pyspark.zip -> resource { scheme: "hdfs" host: "ip-10-0-34-64.ec2.internal" port: 8020 file: "/user/hadoop/.sparkStaging/application_1603892447670_0001/pyspark.zip" } size: 589684 timestamp: 1603892648246 type: FILE visibility: PRIVATE
    py4j-0.10.7-src.zip -> resource { scheme: "hdfs" host: "ip-10-0-34-64.ec2.internal" port: 8020 file: "/user/hadoop/.sparkStaging/application_1603892447670_0001/py4j-0.10.7-src.zip" } size: 42437 timestamp: 1603892648278 type: FILE visibility: PRIVATE
    __spark_libs__ -> resource { scheme: "hdfs" host: "ip-10-0-34-64.ec2.internal" port: 8020 file: "/user/hadoop/.sparkStaging/application_1603892447670_0001/__spark_libs__8801237529138730470.zip" } size: 229091301 timestamp: 1603892648006 type: ARCHIVE visibility: PRIVATE
    __spark_conf__ -> resource { scheme: "hdfs" host: "ip-10-0-34-64.ec2.internal" port: 8020 file: "/user/hadoop/.sparkStaging/application_1603892447670_0001/__spark_conf__.zip" } size: 210419 timestamp: 1603892648588 type: ARCHIVE visibility: PRIVATE

===============================================================================
20/10/28 13:44:22 INFO Utils: Using initial executors = 0, max of spark.dynamicAllocation.initialExecutors, spark.dynamicAllocation.minExecutors and spark.executor.instances
20/10/28 13:44:22 INFO YarnSchedulerBackend$YarnSchedulerEndpoint: ApplicationMaster registered as NettyRpcEndpointRef(spark://YarnAM@ip-10-0-32-243.ec2.internal:42083)
20/10/28 13:44:22 INFO ApplicationMaster: Started progress reporter thread with (heartbeat : 3000, initial allocation : 200) intervals
20/10/28 13:44:22 INFO YarnClusterSchedulerBackend: SchedulerBackend is ready for scheduling beginning after reached minRegisteredResourcesRatio: 0.8
20/10/28 13:44:22 INFO YarnClusterScheduler: YarnClusterScheduler.postStartHook done
20/10/28 13:44:22 INFO SharedState: loading hive config file: file:/mnt/yarn/usercache/hadoop/filecache/12/__spark_conf__.zip/__hadoop_conf__/hive-site.xml
20/10/28 13:44:23 INFO SharedState: Setting hive.metastore.warehouse.dir ('null') to the value of spark.sql.warehouse.dir ('hdfs:///user/spark/warehouse').
20/10/28 13:44:23 INFO SharedState: Warehouse path is 'hdfs:///user/spark/warehouse'.
20/10/28 13:44:23 INFO JettyUtils: Adding filter org.apache.hadoop.yarn.server.webproxy.amfilter.AmIpFilter to /SQL.
20/10/28 13:44:23 INFO JettyUtils: Adding filter org.apache.hadoop.yarn.server.webproxy.amfilter.AmIpFilter to /SQL/json.
20/10/28 13:44:23 INFO JettyUtils: Adding filter org.apache.hadoop.yarn.server.webproxy.amfilter.AmIpFilter to /SQL/execution.
20/10/28 13:44:23 INFO JettyUtils: Adding filter org.apache.hadoop.yarn.server.webproxy.amfilter.AmIpFilter to /SQL/execution/json.
20/10/28 13:44:23 INFO JettyUtils: Adding filter org.apache.hadoop.yarn.server.webproxy.amfilter.AmIpFilter to /static/sql.
20/10/28 13:44:23 INFO StateStoreCoordinatorRef: Registered StateStoreCoordinator endpoint
End of LogType:stderr

LogType:stdout
Log Upload Time:mer ott 28 13:47:24 +0000 2020
LogLength:1080
Log Contents:



 *******



 BEGIN



 *******



s3://spectral-regression-spark-bucket/spectral_data_class.csv
Loading DataFrame from file...

Schema of original DataFrame:
root
 |-- spectroFlux_u: double (nullable = true)
 |-- spectroFlux_g: double (nullable = true)
 |-- spectroFlux_r: double (nullable = true)
 |-- spectroFlux_i: double (nullable = true)
 |-- spectroFlux_z: double (nullable = true)
 |-- source_class: string (nullable = true)
 |-- redshift: double (nullable = true)


Schema of DataFrame with differences between spectral classes:
root
 |-- redshift: double (nullable = true)
 |-- u_g: double (nullable = true)
 |-- g_r: double (nullable = true)
 |-- r_i: double (nullable = true)
 |-- i_z: double (nullable = true)


Schema of DataFrame ready for regression models:
root
 |-- redshift: double (nullable = true)
 |-- features: vector (nullable = true)


Training Linear Regressor on training data...
...done.


Evaluating model on test data...


Root Mean Squared Error (RMSE) on test data = 0.845338421579

Time elapsed: 166.856892109



 *******



 END



 *******



End of LogType:stdout



Container: container_1603892447670_0001_01_000002 on ip-10-0-61-202.ec2.internal_8041
=======================================================================================
LogType:stderr
Log Upload Time:mer ott 28 13:47:24 +0000 2020
LogLength:24432
Log Contents:
SLF4J: Class path contains multiple SLF4J bindings.
SLF4J: Found binding in [jar:file:/mnt/yarn/usercache/hadoop/filecache/11/__spark_libs__8801237529138730470.zip/slf4j-log4j12-1.7.16.jar!/org/slf4j/impl/StaticLoggerBinder.class]
SLF4J: Found binding in [jar:file:/usr/lib/hadoop/lib/slf4j-log4j12-1.7.10.jar!/org/slf4j/impl/StaticLoggerBinder.class]
SLF4J: See http://www.slf4j.org/codes.html#multiple_bindings for an explanation.
SLF4J: Actual binding is of type [org.slf4j.impl.Log4jLoggerFactory]
20/10/28 13:44:39 INFO CoarseGrainedExecutorBackend: Started daemon with process name: 23576@ip-10-0-61-202
20/10/28 13:44:39 INFO SignalUtils: Registered signal handler for TERM
20/10/28 13:44:39 INFO SignalUtils: Registered signal handler for HUP
20/10/28 13:44:39 INFO SignalUtils: Registered signal handler for INT
20/10/28 13:44:40 INFO SecurityManager: Changing view acls to: yarn,hadoop
20/10/28 13:44:40 INFO SecurityManager: Changing modify acls to: yarn,hadoop
20/10/28 13:44:40 INFO SecurityManager: Changing view acls groups to: 
20/10/28 13:44:40 INFO SecurityManager: Changing modify acls groups to: 
20/10/28 13:44:40 INFO SecurityManager: SecurityManager: authentication disabled; ui acls disabled; users  with view permissions: Set(yarn, hadoop); groups with view permissions: Set(); users  with modify permissions: Set(yarn, hadoop); groups with modify permissions: Set()
20/10/28 13:44:40 INFO TransportClientFactory: Successfully created connection to ip-10-0-32-243.ec2.internal/10.0.32.243:42083 after 120 ms (0 ms spent in bootstraps)
20/10/28 13:44:41 INFO SecurityManager: Changing view acls to: yarn,hadoop
20/10/28 13:44:41 INFO SecurityManager: Changing modify acls to: yarn,hadoop
20/10/28 13:44:41 INFO SecurityManager: Changing view acls groups to: 
20/10/28 13:44:41 INFO SecurityManager: Changing modify acls groups to: 
20/10/28 13:44:41 INFO SecurityManager: SecurityManager: authentication disabled; ui acls disabled; users  with view permissions: Set(yarn, hadoop); groups with view permissions: Set(); users  with modify permissions: Set(yarn, hadoop); groups with modify permissions: Set()
20/10/28 13:44:41 INFO TransportClientFactory: Successfully created connection to ip-10-0-32-243.ec2.internal/10.0.32.243:42083 after 1 ms (0 ms spent in bootstraps)
20/10/28 13:44:41 INFO DiskBlockManager: Created local directory at /mnt/yarn/usercache/hadoop/appcache/application_1603892447670_0001/blockmgr-f234779f-8081-4c14-8503-38ea6e8b5f45
20/10/28 13:44:41 INFO MemoryStore: MemoryStore started with capacity 2.5 GB
20/10/28 13:44:41 INFO CoarseGrainedExecutorBackend: Connecting to driver: spark://CoarseGrainedScheduler@ip-10-0-32-243.ec2.internal:42083
20/10/28 13:44:42 INFO CoarseGrainedExecutorBackend: Successfully registered with driver
20/10/28 13:44:42 INFO Executor: Starting executor ID 1 on host ip-10-0-61-202.ec2.internal
20/10/28 13:44:42 INFO Utils: Successfully started service 'org.apache.spark.network.netty.NettyBlockTransferService' on port 44831.
20/10/28 13:44:42 INFO NettyBlockTransferService: Server created on ip-10-0-61-202.ec2.internal:44831
20/10/28 13:44:42 INFO BlockManager: Using org.apache.spark.storage.RandomBlockReplicationPolicy for block replication policy
20/10/28 13:44:42 INFO BlockManagerMaster: Registering BlockManager BlockManagerId(1, ip-10-0-61-202.ec2.internal, 44831, None)
20/10/28 13:44:42 INFO BlockManagerMaster: Registered BlockManager BlockManagerId(1, ip-10-0-61-202.ec2.internal, 44831, None)
20/10/28 13:44:42 INFO BlockManager: external shuffle service port = 7337
20/10/28 13:44:42 INFO BlockManager: Registering executor with local external shuffle service.
20/10/28 13:44:42 INFO TransportClientFactory: Successfully created connection to ip-10-0-61-202.ec2.internal/10.0.61.202:7337 after 1 ms (0 ms spent in bootstraps)
20/10/28 13:44:42 INFO BlockManager: Initialized BlockManager: BlockManagerId(1, ip-10-0-61-202.ec2.internal, 44831, None)
20/10/28 13:44:42 INFO CoarseGrainedExecutorBackend: Got assigned task 0
20/10/28 13:44:42 INFO Executor: Running task 0.0 in stage 0.0 (TID 0)
20/10/28 13:44:42 INFO TorrentBroadcast: Started reading broadcast variable 1
20/10/28 13:44:42 INFO TransportClientFactory: Successfully created connection to ip-10-0-32-243.ec2.internal/10.0.32.243:43781 after 13 ms (0 ms spent in bootstraps)
20/10/28 13:44:42 INFO MemoryStore: Block broadcast_1_piece0 stored as bytes in memory (estimated size 14.0 KB, free 2.5 GB)
20/10/28 13:44:42 INFO TorrentBroadcast: Reading broadcast variable 1 took 234 ms
20/10/28 13:44:42 INFO MemoryStore: Block broadcast_1 stored as values in memory (estimated size 33.5 KB, free 2.5 GB)
20/10/28 13:44:43 INFO CodeGenerator: Code generated in 451.647815 ms
20/10/28 13:44:44 INFO CodeGenerator: Code generated in 85.36295 ms
20/10/28 13:44:44 INFO CodeGenerator: Code generated in 46.891486 ms
20/10/28 13:44:44 INFO FileScanRDD: Reading File path: s3://spectral-regression-spark-bucket/spectral_data_class.csv, range: 0-134217728, partition values: [empty row]
20/10/28 13:44:44 INFO CodeGenerator: Code generated in 44.604049 ms
20/10/28 13:44:44 INFO TorrentBroadcast: Started reading broadcast variable 0
20/10/28 13:44:44 INFO MemoryStore: Block broadcast_0_piece0 stored as bytes in memory (estimated size 36.7 KB, free 2.5 GB)
20/10/28 13:44:44 INFO TorrentBroadcast: Reading broadcast variable 0 took 18 ms
20/10/28 13:44:44 INFO MemoryStore: Block broadcast_0 stored as values in memory (estimated size 576.5 KB, free 2.5 GB)
20/10/28 13:44:47 INFO S3NativeFileSystem: Opening 's3://spectral-regression-spark-bucket/spectral_data_class.csv' for reading
20/10/28 13:44:48 INFO GPLNativeCodeLoader: Loaded native gpl library
20/10/28 13:44:48 INFO LzoCodec: Successfully loaded & initialized native-lzo library [hadoop-lzo rev 1546b8dc0ca6f1ffd26a812d52bd7b80915e0a25]
20/10/28 13:45:00 INFO Executor: Finished task 0.0 in stage 0.0 (TID 0). 1922 bytes result sent to driver
20/10/28 13:45:01 INFO CoarseGrainedExecutorBackend: Got assigned task 1
20/10/28 13:45:01 INFO CoarseGrainedExecutorBackend: Got assigned task 2
20/10/28 13:45:01 INFO Executor: Running task 0.0 in stage 1.0 (TID 1)
20/10/28 13:45:01 INFO CoarseGrainedExecutorBackend: Got assigned task 3
20/10/28 13:45:01 INFO CoarseGrainedExecutorBackend: Got assigned task 4
20/10/28 13:45:01 INFO Executor: Running task 1.0 in stage 1.0 (TID 2)
20/10/28 13:45:01 INFO Executor: Running task 2.0 in stage 1.0 (TID 3)
20/10/28 13:45:01 INFO Executor: Running task 3.0 in stage 1.0 (TID 4)
20/10/28 13:45:01 INFO TorrentBroadcast: Started reading broadcast variable 4
20/10/28 13:45:01 INFO MemoryStore: Block broadcast_4_piece0 stored as bytes in memory (estimated size 15.5 KB, free 2.5 GB)
20/10/28 13:45:01 INFO TorrentBroadcast: Reading broadcast variable 4 took 21 ms
20/10/28 13:45:01 INFO MemoryStore: Block broadcast_4 stored as values in memory (estimated size 36.6 KB, free 2.5 GB)
20/10/28 13:45:01 INFO CodeGenerator: Code generated in 124.441385 ms
20/10/28 13:45:04 INFO CodeGenerator: Code generated in 32.301219 ms
20/10/28 13:45:04 INFO FileScanRDD: Reading File path: s3://spectral-regression-spark-bucket/spectral_data_class.csv, range: 161602326-242403489, partition values: [empty row]
20/10/28 13:45:04 INFO FileScanRDD: Reading File path: s3://spectral-regression-spark-bucket/spectral_data_class.csv, range: 80801163-161602326, partition values: [empty row]
20/10/28 13:45:04 INFO FileScanRDD: Reading File path: s3://spectral-regression-spark-bucket/spectral_data_class.csv, range: 0-80801163, partition values: [empty row]
20/10/28 13:45:04 INFO TorrentBroadcast: Started reading broadcast variable 2
20/10/28 13:45:04 INFO FileScanRDD: Reading File path: s3://spectral-regression-spark-bucket/spectral_data_class.csv, range: 242403489-319010350, partition values: [empty row]
20/10/28 13:45:04 INFO MemoryStore: Block broadcast_2_piece0 stored as bytes in memory (estimated size 36.7 KB, free 2.5 GB)
20/10/28 13:45:04 INFO TorrentBroadcast: Reading broadcast variable 2 took 19 ms
20/10/28 13:45:04 INFO MemoryStore: Block broadcast_2 stored as values in memory (estimated size 576.5 KB, free 2.5 GB)
20/10/28 13:45:04 INFO S3NativeFileSystem: Opening 's3://spectral-regression-spark-bucket/spectral_data_class.csv' for reading
20/10/28 13:45:04 INFO S3NativeFileSystem: Opening 's3://spectral-regression-spark-bucket/spectral_data_class.csv' for reading
20/10/28 13:45:04 INFO S3NativeFileSystem: Opening 's3://spectral-regression-spark-bucket/spectral_data_class.csv' for reading
20/10/28 13:45:04 INFO S3NativeFileSystem: Opening 's3://spectral-regression-spark-bucket/spectral_data_class.csv' for reading
20/10/28 13:45:27 INFO JniLoader: successfully loaded /mnt/yarn/usercache/hadoop/appcache/application_1603892447670_0001/container_1603892447670_0001_01_000002/tmp/jniloader8799384313872912714netlib-native_system-linux-x86_64.so
20/10/28 13:45:33 INFO Executor: Finished task 1.0 in stage 1.0 (TID 2). 2356 bytes result sent to driver
20/10/28 13:45:34 INFO Executor: Finished task 3.0 in stage 1.0 (TID 4). 2313 bytes result sent to driver
20/10/28 13:45:34 INFO Executor: Finished task 2.0 in stage 1.0 (TID 3). 2356 bytes result sent to driver
20/10/28 13:45:34 INFO Executor: Finished task 0.0 in stage 1.0 (TID 1). 2313 bytes result sent to driver
20/10/28 13:45:35 INFO CoarseGrainedExecutorBackend: Got assigned task 5
20/10/28 13:45:35 INFO Executor: Running task 0.0 in stage 2.0 (TID 5)
20/10/28 13:45:35 INFO TorrentBroadcast: Started reading broadcast variable 6
20/10/28 13:45:35 INFO CoarseGrainedExecutorBackend: Got assigned task 6
20/10/28 13:45:35 INFO Executor: Running task 1.0 in stage 2.0 (TID 6)
20/10/28 13:45:35 INFO CoarseGrainedExecutorBackend: Got assigned task 7
20/10/28 13:45:35 INFO Executor: Running task 2.0 in stage 2.0 (TID 7)
20/10/28 13:45:35 INFO CoarseGrainedExecutorBackend: Got assigned task 8
20/10/28 13:45:35 INFO Executor: Running task 3.0 in stage 2.0 (TID 8)
20/10/28 13:45:35 INFO MemoryStore: Block broadcast_6_piece0 stored as bytes in memory (estimated size 17.2 KB, free 2.5 GB)
20/10/28 13:45:35 INFO TorrentBroadcast: Reading broadcast variable 6 took 18 ms
20/10/28 13:45:35 INFO MemoryStore: Block broadcast_6 stored as values in memory (estimated size 38.2 KB, free 2.5 GB)
20/10/28 13:45:35 INFO CodeGenerator: Code generated in 47.919624 ms
20/10/28 13:45:35 INFO CodeGenerator: Code generated in 14.190819 ms
20/10/28 13:45:35 INFO FileScanRDD: Reading File path: s3://spectral-regression-spark-bucket/spectral_data_class.csv, range: 0-80801163, partition values: [empty row]
20/10/28 13:45:35 INFO TorrentBroadcast: Started reading broadcast variable 5
20/10/28 13:45:35 INFO FileScanRDD: Reading File path: s3://spectral-regression-spark-bucket/spectral_data_class.csv, range: 242403489-319010350, partition values: [empty row]
20/10/28 13:45:35 INFO FileScanRDD: Reading File path: s3://spectral-regression-spark-bucket/spectral_data_class.csv, range: 80801163-161602326, partition values: [empty row]
20/10/28 13:45:35 INFO FileScanRDD: Reading File path: s3://spectral-regression-spark-bucket/spectral_data_class.csv, range: 161602326-242403489, partition values: [empty row]
20/10/28 13:45:35 INFO MemoryStore: Block broadcast_5_piece0 stored as bytes in memory (estimated size 36.7 KB, free 2.5 GB)
20/10/28 13:45:35 INFO TorrentBroadcast: Reading broadcast variable 5 took 20 ms
20/10/28 13:45:35 INFO MemoryStore: Block broadcast_5 stored as values in memory (estimated size 576.5 KB, free 2.5 GB)
20/10/28 13:45:35 INFO S3NativeFileSystem: Opening 's3://spectral-regression-spark-bucket/spectral_data_class.csv' for reading
20/10/28 13:45:35 INFO S3NativeFileSystem: Opening 's3://spectral-regression-spark-bucket/spectral_data_class.csv' for reading
20/10/28 13:45:35 INFO S3NativeFileSystem: Opening 's3://spectral-regression-spark-bucket/spectral_data_class.csv' for reading
20/10/28 13:45:35 INFO S3NativeFileSystem: Opening 's3://spectral-regression-spark-bucket/spectral_data_class.csv' for reading
20/10/28 13:46:02 INFO Executor: Finished task 3.0 in stage 2.0 (TID 8). 2343 bytes result sent to driver
20/10/28 13:46:02 INFO Executor: Finished task 2.0 in stage 2.0 (TID 7). 2386 bytes result sent to driver
20/10/28 13:46:03 INFO Executor: Finished task 0.0 in stage 2.0 (TID 5). 2343 bytes result sent to driver
20/10/28 13:46:03 INFO Executor: Finished task 1.0 in stage 2.0 (TID 6). 2343 bytes result sent to driver
20/10/28 13:46:03 INFO CoarseGrainedExecutorBackend: Got assigned task 9
20/10/28 13:46:03 INFO CoarseGrainedExecutorBackend: Got assigned task 10
20/10/28 13:46:03 INFO CoarseGrainedExecutorBackend: Got assigned task 11
20/10/28 13:46:03 INFO CoarseGrainedExecutorBackend: Got assigned task 12
20/10/28 13:46:03 INFO Executor: Running task 1.0 in stage 3.0 (TID 10)
20/10/28 13:46:03 INFO Executor: Running task 2.0 in stage 3.0 (TID 11)
20/10/28 13:46:03 INFO Executor: Running task 3.0 in stage 3.0 (TID 12)
20/10/28 13:46:03 INFO TorrentBroadcast: Started reading broadcast variable 7
20/10/28 13:46:03 INFO Executor: Running task 0.0 in stage 3.0 (TID 9)
20/10/28 13:46:03 INFO MemoryStore: Block broadcast_7_piece0 stored as bytes in memory (estimated size 16.9 KB, free 2.5 GB)
20/10/28 13:46:03 INFO TorrentBroadcast: Reading broadcast variable 7 took 14 ms
20/10/28 13:46:03 INFO MemoryStore: Block broadcast_7 stored as values in memory (estimated size 37.3 KB, free 2.5 GB)
20/10/28 13:46:03 INFO FileScanRDD: Reading File path: s3://spectral-regression-spark-bucket/spectral_data_class.csv, range: 0-80801163, partition values: [empty row]
20/10/28 13:46:03 INFO FileScanRDD: Reading File path: s3://spectral-regression-spark-bucket/spectral_data_class.csv, range: 242403489-319010350, partition values: [empty row]
20/10/28 13:46:03 INFO FileScanRDD: Reading File path: s3://spectral-regression-spark-bucket/spectral_data_class.csv, range: 161602326-242403489, partition values: [empty row]
20/10/28 13:46:03 INFO FileScanRDD: Reading File path: s3://spectral-regression-spark-bucket/spectral_data_class.csv, range: 80801163-161602326, partition values: [empty row]
20/10/28 13:46:03 INFO S3NativeFileSystem: Opening 's3://spectral-regression-spark-bucket/spectral_data_class.csv' for reading
20/10/28 13:46:03 INFO S3NativeFileSystem: Opening 's3://spectral-regression-spark-bucket/spectral_data_class.csv' for reading
20/10/28 13:46:03 INFO S3NativeFileSystem: Opening 's3://spectral-regression-spark-bucket/spectral_data_class.csv' for reading
20/10/28 13:46:03 INFO S3NativeFileSystem: Opening 's3://spectral-regression-spark-bucket/spectral_data_class.csv' for reading
20/10/28 13:46:27 INFO Executor: Finished task 3.0 in stage 3.0 (TID 12). 1860 bytes result sent to driver
20/10/28 13:46:28 INFO Executor: Finished task 1.0 in stage 3.0 (TID 10). 1860 bytes result sent to driver
20/10/28 13:46:28 INFO Executor: Finished task 2.0 in stage 3.0 (TID 11). 1903 bytes result sent to driver
20/10/28 13:46:28 INFO Executor: Finished task 0.0 in stage 3.0 (TID 9). 1860 bytes result sent to driver
20/10/28 13:46:29 INFO CoarseGrainedExecutorBackend: Got assigned task 13
20/10/28 13:46:29 INFO CoarseGrainedExecutorBackend: Got assigned task 14
20/10/28 13:46:29 INFO Executor: Running task 0.0 in stage 4.0 (TID 13)
20/10/28 13:46:29 INFO Executor: Running task 1.0 in stage 4.0 (TID 14)
20/10/28 13:46:29 INFO TorrentBroadcast: Started reading broadcast variable 9
20/10/28 13:46:29 INFO CoarseGrainedExecutorBackend: Got assigned task 15
20/10/28 13:46:29 INFO CoarseGrainedExecutorBackend: Got assigned task 16
20/10/28 13:46:29 INFO Executor: Running task 2.0 in stage 4.0 (TID 15)
20/10/28 13:46:29 INFO Executor: Running task 3.0 in stage 4.0 (TID 16)
20/10/28 13:46:29 INFO MemoryStore: Block broadcast_9_piece0 stored as bytes in memory (estimated size 15.1 KB, free 2.5 GB)
20/10/28 13:46:29 INFO TorrentBroadcast: Reading broadcast variable 9 took 14 ms
20/10/28 13:46:29 INFO MemoryStore: Block broadcast_9 stored as values in memory (estimated size 33.2 KB, free 2.5 GB)
20/10/28 13:46:29 INFO CodeGenerator: Code generated in 68.931874 ms
20/10/28 13:46:29 INFO FileScanRDD: Reading File path: s3://spectral-regression-spark-bucket/spectral_data_class.csv, range: 0-80801163, partition values: [empty row]
20/10/28 13:46:29 INFO FileScanRDD: Reading File path: s3://spectral-regression-spark-bucket/spectral_data_class.csv, range: 242403489-319010350, partition values: [empty row]
20/10/28 13:46:29 INFO FileScanRDD: Reading File path: s3://spectral-regression-spark-bucket/spectral_data_class.csv, range: 161602326-242403489, partition values: [empty row]
20/10/28 13:46:29 INFO TorrentBroadcast: Started reading broadcast variable 8
20/10/28 13:46:29 INFO FileScanRDD: Reading File path: s3://spectral-regression-spark-bucket/spectral_data_class.csv, range: 80801163-161602326, partition values: [empty row]
20/10/28 13:46:29 INFO MemoryStore: Block broadcast_8_piece0 stored as bytes in memory (estimated size 36.7 KB, free 2.5 GB)
20/10/28 13:46:29 INFO TorrentBroadcast: Reading broadcast variable 8 took 10 ms
20/10/28 13:46:29 INFO MemoryStore: Block broadcast_8 stored as values in memory (estimated size 576.5 KB, free 2.5 GB)
20/10/28 13:46:29 INFO S3NativeFileSystem: Opening 's3://spectral-regression-spark-bucket/spectral_data_class.csv' for reading
20/10/28 13:46:29 INFO S3NativeFileSystem: Opening 's3://spectral-regression-spark-bucket/spectral_data_class.csv' for reading
20/10/28 13:46:29 INFO S3NativeFileSystem: Opening 's3://spectral-regression-spark-bucket/spectral_data_class.csv' for reading
20/10/28 13:46:29 INFO S3NativeFileSystem: Opening 's3://spectral-regression-spark-bucket/spectral_data_class.csv' for reading
20/10/28 13:46:51 INFO Executor: Finished task 3.0 in stage 4.0 (TID 16). 2589 bytes result sent to driver
20/10/28 13:46:52 INFO Executor: Finished task 0.0 in stage 4.0 (TID 13). 2546 bytes result sent to driver
20/10/28 13:46:52 INFO Executor: Finished task 2.0 in stage 4.0 (TID 15). 2546 bytes result sent to driver
20/10/28 13:46:52 INFO Executor: Finished task 1.0 in stage 4.0 (TID 14). 2546 bytes result sent to driver
20/10/28 13:46:52 INFO CoarseGrainedExecutorBackend: Got assigned task 17
20/10/28 13:46:52 INFO Executor: Running task 0.0 in stage 5.0 (TID 17)
20/10/28 13:46:52 INFO MapOutputTrackerWorker: Updating epoch to 1 and clearing cache
20/10/28 13:46:52 INFO TorrentBroadcast: Started reading broadcast variable 10
20/10/28 13:46:52 INFO MemoryStore: Block broadcast_10_piece0 stored as bytes in memory (estimated size 3.8 KB, free 2.5 GB)
20/10/28 13:46:52 INFO TorrentBroadcast: Reading broadcast variable 10 took 10 ms
20/10/28 13:46:52 INFO MemoryStore: Block broadcast_10 stored as values in memory (estimated size 7.1 KB, free 2.5 GB)
20/10/28 13:46:52 INFO MapOutputTrackerWorker: Don't have map outputs for shuffle 0, fetching them
20/10/28 13:46:52 INFO MapOutputTrackerWorker: Doing the fetch; tracker endpoint = NettyRpcEndpointRef(spark://MapOutputTracker@ip-10-0-32-243.ec2.internal:42083)
20/10/28 13:46:52 INFO MapOutputTrackerWorker: Got the output locations
20/10/28 13:46:52 INFO ShuffleBlockFetcherIterator: Getting 4 non-empty blocks including 4 local blocks and 0 remote blocks
20/10/28 13:46:52 INFO ShuffleBlockFetcherIterator: Started 0 remote fetches in 9 ms
20/10/28 13:46:52 INFO CodeGenerator: Code generated in 17.613874 ms
20/10/28 13:46:52 INFO Executor: Finished task 0.0 in stage 5.0 (TID 17). 1782 bytes result sent to driver
20/10/28 13:46:52 INFO CoarseGrainedExecutorBackend: Got assigned task 18
20/10/28 13:46:52 INFO CoarseGrainedExecutorBackend: Got assigned task 19
20/10/28 13:46:52 INFO Executor: Running task 0.0 in stage 6.0 (TID 18)
20/10/28 13:46:52 INFO TorrentBroadcast: Started reading broadcast variable 12
20/10/28 13:46:52 INFO CoarseGrainedExecutorBackend: Got assigned task 20
20/10/28 13:46:52 INFO Executor: Running task 1.0 in stage 6.0 (TID 19)
20/10/28 13:46:52 INFO Executor: Running task 2.0 in stage 6.0 (TID 20)
20/10/28 13:46:52 INFO CoarseGrainedExecutorBackend: Got assigned task 21
20/10/28 13:46:52 INFO Executor: Running task 3.0 in stage 6.0 (TID 21)
20/10/28 13:46:52 INFO MemoryStore: Block broadcast_12_piece0 stored as bytes in memory (estimated size 17.7 KB, free 2.5 GB)
20/10/28 13:46:52 INFO TorrentBroadcast: Reading broadcast variable 12 took 13 ms
20/10/28 13:46:52 INFO MemoryStore: Block broadcast_12 stored as values in memory (estimated size 38.9 KB, free 2.5 GB)
20/10/28 13:46:53 INFO CodeGenerator: Code generated in 70.929565 ms
20/10/28 13:46:53 INFO FileScanRDD: Reading File path: s3://spectral-regression-spark-bucket/spectral_data_class.csv, range: 161602326-242403489, partition values: [empty row]
20/10/28 13:46:53 INFO TorrentBroadcast: Started reading broadcast variable 11
20/10/28 13:46:53 INFO FileScanRDD: Reading File path: s3://spectral-regression-spark-bucket/spectral_data_class.csv, range: 242403489-319010350, partition values: [empty row]
20/10/28 13:46:53 INFO FileScanRDD: Reading File path: s3://spectral-regression-spark-bucket/spectral_data_class.csv, range: 0-80801163, partition values: [empty row]
20/10/28 13:46:53 INFO FileScanRDD: Reading File path: s3://spectral-regression-spark-bucket/spectral_data_class.csv, range: 80801163-161602326, partition values: [empty row]
20/10/28 13:46:53 INFO MemoryStore: Block broadcast_11_piece0 stored as bytes in memory (estimated size 36.7 KB, free 2.5 GB)
20/10/28 13:46:53 INFO TorrentBroadcast: Reading broadcast variable 11 took 22 ms
20/10/28 13:46:53 INFO MemoryStore: Block broadcast_11 stored as values in memory (estimated size 576.5 KB, free 2.5 GB)
20/10/28 13:46:53 INFO S3NativeFileSystem: Opening 's3://spectral-regression-spark-bucket/spectral_data_class.csv' for reading
20/10/28 13:46:53 INFO S3NativeFileSystem: Opening 's3://spectral-regression-spark-bucket/spectral_data_class.csv' for reading
20/10/28 13:46:53 INFO S3NativeFileSystem: Opening 's3://spectral-regression-spark-bucket/spectral_data_class.csv' for reading
20/10/28 13:46:53 INFO S3NativeFileSystem: Opening 's3://spectral-regression-spark-bucket/spectral_data_class.csv' for reading
20/10/28 13:47:15 INFO Executor: Finished task 3.0 in stage 6.0 (TID 21). 2343 bytes result sent to driver
20/10/28 13:47:16 INFO Executor: Finished task 1.0 in stage 6.0 (TID 19). 2343 bytes result sent to driver
20/10/28 13:47:16 INFO Executor: Finished task 2.0 in stage 6.0 (TID 20). 2343 bytes result sent to driver
20/10/28 13:47:16 INFO Executor: Finished task 0.0 in stage 6.0 (TID 18). 2343 bytes result sent to driver
20/10/28 13:47:18 INFO CoarseGrainedExecutorBackend: Got assigned task 22
20/10/28 13:47:18 INFO Executor: Running task 0.0 in stage 7.0 (TID 22)
20/10/28 13:47:18 INFO TorrentBroadcast: Started reading broadcast variable 13
20/10/28 13:47:18 INFO MemoryStore: Block broadcast_13_piece0 stored as bytes in memory (estimated size 38.3 KB, free 2.5 GB)
20/10/28 13:47:18 INFO TorrentBroadcast: Reading broadcast variable 13 took 9 ms
20/10/28 13:47:18 INFO MemoryStore: Block broadcast_13 stored as values in memory (estimated size 127.6 KB, free 2.5 GB)
20/10/28 13:47:18 INFO HadoopMapRedCommitProtocol: Using output committer class org.apache.hadoop.mapred.DirectFileOutputCommitter
20/10/28 13:47:19 INFO FileOutputCommitter: File Output Committer Algorithm version is 1
20/10/28 13:47:19 INFO FileOutputCommitter: FileOutputCommitter skip cleanup _temporary folders under output directory:false, ignore cleanup failures: false
20/10/28 13:47:19 INFO DirectFileOutputCommitter: Direct Write: DISABLED
20/10/28 13:47:19 INFO PythonRunner: Times: total = 593, boot = 535, init = 58, finish = 0
20/10/28 13:47:20 INFO FileOutputCommitter: Saved output of task 'attempt_20201028134717_0039_m_000000_0' to s3a://spectral-regression-spark-bucket/results_8xm4large_linear_281020-134716/_temporary/0/task_20201028134717_0039_m_000000
20/10/28 13:47:20 INFO SparkHadoopMapRedUtil: attempt_20201028134717_0039_m_000000_0: Committed
20/10/28 13:47:20 INFO Executor: Finished task 0.0 in stage 7.0 (TID 22). 1766 bytes result sent to driver
20/10/28 13:47:22 INFO CoarseGrainedExecutorBackend: Driver commanded a shutdown
20/10/28 13:47:22 INFO MemoryStore: MemoryStore cleared
20/10/28 13:47:22 INFO BlockManager: BlockManager stopped
20/10/28 13:47:22 INFO ShutdownHookManager: Shutdown hook called
End of LogType:stderr

LogType:stdout
Log Upload Time:mer ott 28 13:47:24 +0000 2020
LogLength:616597
Log Contents:
2020-10-28T13:44:38.644+0000: [GC (Allocation Failure) 2020-10-28T13:44:38.644+0000: [ParNew: 34432K->3383K(38720K), 0.0062990 secs] 34432K->3383K(124736K), 0.0063739 secs] [Times: user=0.01 sys=0.00, real=0.01 secs] 
2020-10-28T13:44:39.008+0000: [GC (Allocation Failure) 2020-10-28T13:44:39.008+0000: [ParNew: 37815K->4069K(38720K), 0.0116811 secs] 37815K->5487K(124736K), 0.0117357 secs] [Times: user=0.01 sys=0.00, real=0.01 secs] 
2020-10-28T13:44:39.305+0000: [GC (Allocation Failure) 2020-10-28T13:44:39.305+0000: [ParNew: 38501K->1917K(38720K), 0.0064494 secs] 39919K->4296K(124736K), 0.0065045 secs] [Times: user=0.01 sys=0.00, real=0.01 secs] 
2020-10-28T13:44:39.492+0000: [GC (Allocation Failure) 2020-10-28T13:44:39.492+0000: [ParNew: 36349K->2249K(38720K), 0.0030996 secs] 38728K->4628K(124736K), 0.0031550 secs] [Times: user=0.00 sys=0.00, real=0.00 secs] 
2020-10-28T13:44:39.722+0000: [GC (Allocation Failure) 2020-10-28T13:44:39.722+0000: [ParNew: 36681K->1741K(38720K), 0.0026401 secs] 39060K->4120K(124736K), 0.0027132 secs] [Times: user=0.00 sys=0.00, real=0.00 secs] 
2020-10-28T13:44:40.069+0000: [GC (Allocation Failure) 2020-10-28T13:44:40.069+0000: [ParNew: 36173K->3238K(38720K), 0.0051804 secs] 38552K->5617K(124736K), 0.0052315 secs] [Times: user=0.00 sys=0.00, real=0.00 secs] 
2020-10-28T13:44:40.330+0000: [GC (Allocation Failure) 2020-10-28T13:44:40.330+0000: [ParNew: 37670K->2386K(38720K), 0.0058348 secs] 40049K->5372K(124736K), 0.0058842 secs] [Times: user=0.02 sys=0.00, real=0.00 secs] 
2020-10-28T13:44:40.528+0000: [GC (Allocation Failure) 2020-10-28T13:44:40.528+0000: [ParNew: 36818K->2786K(38720K), 0.0040332 secs] 39804K->5772K(124736K), 0.0040897 secs] [Times: user=0.00 sys=0.00, real=0.00 secs] 
2020-10-28T13:44:40.683+0000: [GC (Allocation Failure) 2020-10-28T13:44:40.683+0000: [ParNew: 37218K->2868K(38720K), 0.0048712 secs] 40204K->6031K(124736K), 0.0049258 secs] [Times: user=0.01 sys=0.00, real=0.01 secs] 
2020-10-28T13:44:40.895+0000: [GC (Allocation Failure) 2020-10-28T13:44:40.895+0000: [ParNew: 37300K->3482K(38720K), 0.0057728 secs] 40463K->6862K(124736K), 0.0058296 secs] [Times: user=0.01 sys=0.00, real=0.01 secs] 
2020-10-28T13:44:41.063+0000: [GC (Allocation Failure) 2020-10-28T13:44:41.063+0000: [ParNew: 37914K->2961K(38720K), 0.0160702 secs] 41294K->23637K(124736K), 0.0161304 secs] [Times: user=0.01 sys=0.01, real=0.02 secs] 
2020-10-28T13:44:41.080+0000: [GC (CMS Initial Mark) [1 CMS-initial-mark: 20675K(86016K)] 23990K(124736K), 0.0014467 secs] [Times: user=0.01 sys=0.00, real=0.00 secs] 
2020-10-28T13:44:41.081+0000: [CMS-concurrent-mark-start]
2020-10-28T13:44:41.143+0000: [CMS-concurrent-mark: 0.062/0.062 secs] [Times: user=0.08 sys=0.01, real=0.06 secs] 
2020-10-28T13:44:41.144+0000: [CMS-concurrent-preclean-start]
2020-10-28T13:44:41.145+0000: [CMS-concurrent-preclean: 0.001/0.001 secs] [Times: user=0.00 sys=0.00, real=0.00 secs] 
2020-10-28T13:44:41.145+0000: [CMS-concurrent-abortable-preclean-start]
2020-10-28T13:44:41.347+0000: [GC (Allocation Failure) 2020-10-28T13:44:41.347+0000: [ParNew: 31358K->2593K(38720K), 0.0039978 secs] 52033K->23269K(124736K), 0.0040486 secs] [Times: user=0.01 sys=0.00, real=0.01 secs] 
2020-10-28T13:44:41.440+0000: [CMS-concurrent-abortable-preclean: 0.065/0.295 secs] [Times: user=0.44 sys=0.02, real=0.30 secs] 
2020-10-28T13:44:41.441+0000: [GC (CMS Final Remark) [YG occupancy: 32998 K (38720 K)]2020-10-28T13:44:41.441+0000: [Rescan (parallel) , 0.0036452 secs]2020-10-28T13:44:41.444+0000: [weak refs processing, 0.0000432 secs]2020-10-28T13:44:41.444+0000: [class unloading, 0.0028016 secs]2020-10-28T13:44:41.447+0000: [scrub symbol table, 0.0027474 secs]2020-10-28T13:44:41.450+0000: [scrub string table, 0.0003000 secs][1 CMS-remark: 20675K(86016K)] 53674K(124736K), 0.0096586 secs] [Times: user=0.02 sys=0.00, real=0.01 secs] 
2020-10-28T13:44:41.450+0000: [CMS-concurrent-sweep-start]
2020-10-28T13:44:41.453+0000: [CMS-concurrent-sweep: 0.002/0.002 secs] [Times: user=0.00 sys=0.00, real=0.00 secs] 
2020-10-28T13:44:41.453+0000: [CMS-concurrent-reset-start]
2020-10-28T13:44:41.516+0000: [GC (Allocation Failure) 2020-10-28T13:44:41.516+0000: [ParNew: 37025K->2529K(38720K), 0.0147821 secs] 57677K->39566K(124736K), 0.0148570 secs] [Times: user=0.02 sys=0.01, real=0.02 secs] 
2020-10-28T13:44:41.665+0000: [CMS-concurrent-reset: 0.203/0.212 secs] [Times: user=0.31 sys=0.10, real=0.21 secs] 
2020-10-28T13:44:41.791+0000: [GC (Allocation Failure) 2020-10-28T13:44:41.791+0000: [ParNew: 36961K->3950K(38720K), 0.0047169 secs] 73998K->41138K(124736K), 0.0047738 secs] [Times: user=0.01 sys=0.00, real=0.00 secs] 
2020-10-28T13:44:41.917+0000: [GC (Allocation Failure) 2020-10-28T13:44:41.917+0000: [ParNew: 38382K->2805K(38720K), 0.0056785 secs] 75570K->40618K(124736K), 0.0057390 secs] [Times: user=0.01 sys=0.00, real=0.01 secs] 
2020-10-28T13:44:42.176+0000: [GC (Allocation Failure) 2020-10-28T13:44:42.176+0000: [ParNew: 37237K->3067K(38720K), 0.0064240 secs] 75050K->41545K(124736K), 0.0064770 secs] [Times: user=0.01 sys=0.00, real=0.01 secs] 
2020-10-28T13:44:42.437+0000: [GC (Allocation Failure) 2020-10-28T13:44:42.437+0000: [ParNew: 37499K->2097K(38720K), 0.0179398 secs] 75977K->58877K(124736K), 0.0180038 secs] [Times: user=0.03 sys=0.01, real=0.02 secs] 
2020-10-28T13:44:42.460+0000: [GC (CMS Initial Mark) [1 CMS-initial-mark: 56780K(86016K)] 59959K(124736K), 0.0012915 secs] [Times: user=0.01 sys=0.00, real=0.00 secs] 
2020-10-28T13:44:42.461+0000: [CMS-concurrent-mark-start]
2020-10-28T13:44:42.508+0000: [CMS-concurrent-mark: 0.047/0.047 secs] [Times: user=0.08 sys=0.01, real=0.05 secs] 
2020-10-28T13:44:42.508+0000: [CMS-concurrent-preclean-start]
2020-10-28T13:44:42.509+0000: [CMS-concurrent-preclean: 0.001/0.001 secs] [Times: user=0.00 sys=0.00, real=0.00 secs] 
2020-10-28T13:44:42.509+0000: [CMS-concurrent-abortable-preclean-start]
2020-10-28T13:44:42.718+0000: [GC (Allocation Failure) 2020-10-28T13:44:42.718+0000: [ParNew: 29421K->1712K(38720K), 0.0096980 secs] 86201K->58492K(124736K), 0.0097771 secs] [Times: user=0.02 sys=0.00, real=0.02 secs] 
2020-10-28T13:44:42.783+0000: [CMS-concurrent-abortable-preclean: 0.069/0.274 secs] [Times: user=0.47 sys=0.01, real=0.27 secs] 
2020-10-28T13:44:42.784+0000: [GC (CMS Final Remark) [YG occupancy: 19650 K (38720 K)]2020-10-28T13:44:42.784+0000: [Rescan (parallel) , 0.0018781 secs]2020-10-28T13:44:42.786+0000: [weak refs processing, 0.0000380 secs]2020-10-28T13:44:42.786+0000: [class unloading, 0.0039025 secs]2020-10-28T13:44:42.789+0000: [scrub symbol table, 0.0044187 secs]2020-10-28T13:44:42.794+0000: [scrub string table, 0.0003950 secs][1 CMS-remark: 56780K(86016K)] 76430K(124736K), 0.0107447 secs] [Times: user=0.01 sys=0.00, real=0.01 secs] 
2020-10-28T13:44:42.794+0000: [CMS-concurrent-sweep-start]
2020-10-28T13:44:42.799+0000: [CMS-concurrent-sweep: 0.005/0.005 secs] [Times: user=0.01 sys=0.00, real=0.00 secs] 
2020-10-28T13:44:42.799+0000: [CMS-concurrent-reset-start]
2020-10-28T13:44:42.815+0000: [CMS-concurrent-reset: 0.016/0.016 secs] [Times: user=0.02 sys=0.00, real=0.02 secs] 
2020-10-28T13:44:42.904+0000: [GC (Allocation Failure) 2020-10-28T13:44:42.904+0000: [ParNew: 36144K->1692K(38720K), 0.0145706 secs] 92787K->74719K(133128K), 0.0146322 secs] [Times: user=0.02 sys=0.00, real=0.01 secs] 
2020-10-28T13:44:42.918+0000: [GC (CMS Initial Mark) [1 CMS-initial-mark: 73027K(94408K)] 75029K(133128K), 0.0014756 secs] [Times: user=0.01 sys=0.00, real=0.01 secs] 
2020-10-28T13:44:42.920+0000: [CMS-concurrent-mark-start]
2020-10-28T13:44:42.998+0000: [CMS-concurrent-mark: 0.078/0.078 secs] [Times: user=0.13 sys=0.00, real=0.07 secs] 
2020-10-28T13:44:42.998+0000: [CMS-concurrent-preclean-start]
2020-10-28T13:44:42.999+0000: [CMS-concurrent-preclean: 0.001/0.001 secs] [Times: user=0.00 sys=0.00, real=0.00 secs] 
2020-10-28T13:44:42.999+0000: [CMS-concurrent-abortable-preclean-start]
2020-10-28T13:44:43.134+0000: [GC (Allocation Failure) 2020-10-28T13:44:43.134+0000: [ParNew: 36124K->2920K(38720K), 0.0043610 secs] 109151K->75947K(133128K), 0.0044316 secs] [Times: user=0.01 sys=0.00, real=0.00 secs] 
2020-10-28T13:44:43.254+0000: [CMS-concurrent-abortable-preclean: 0.108/0.255 secs] [Times: user=0.41 sys=0.02, real=0.26 secs] 
2020-10-28T13:44:43.254+0000: [GC (CMS Final Remark) [YG occupancy: 22166 K (38720 K)]2020-10-28T13:44:43.254+0000: [Rescan (parallel) , 0.0058762 secs]2020-10-28T13:44:43.260+0000: [weak refs processing, 0.0000426 secs]2020-10-28T13:44:43.260+0000: [class unloading, 0.0050755 secs]2020-10-28T13:44:43.265+0000: [scrub symbol table, 0.0043643 secs]2020-10-28T13:44:43.270+0000: [scrub string table, 0.0004055 secs][1 CMS-remark: 73027K(94408K)] 95193K(133128K), 0.0159258 secs] [Times: user=0.02 sys=0.00, real=0.02 secs] 
2020-10-28T13:44:43.270+0000: [CMS-concurrent-sweep-start]
2020-10-28T13:44:43.275+0000: [CMS-concurrent-sweep: 0.004/0.004 secs] [Times: user=0.01 sys=0.00, real=0.00 secs] 
2020-10-28T13:44:43.275+0000: [CMS-concurrent-reset-start]
2020-10-28T13:44:43.301+0000: [CMS-concurrent-reset: 0.026/0.026 secs] [Times: user=0.05 sys=0.00, real=0.03 secs] 
2020-10-28T13:44:43.454+0000: [GC (Allocation Failure) 2020-10-28T13:44:43.455+0000: [ParNew: 37352K->2920K(38720K), 0.0074875 secs] 110361K->76587K(160404K), 0.0075458 secs] [Times: user=0.01 sys=0.00, real=0.01 secs] 
2020-10-28T13:44:43.726+0000: [GC (Allocation Failure) 2020-10-28T13:44:43.726+0000: [ParNew: 37352K->3512K(38720K), 0.0153486 secs] 111019K->78018K(160404K), 0.0154112 secs] [Times: user=0.03 sys=0.00, real=0.02 secs] 
2020-10-28T13:44:44.020+0000: [GC (Allocation Failure) 2020-10-28T13:44:44.020+0000: [ParNew: 37944K->2331K(38720K), 0.0067415 secs] 112450K->77753K(160404K), 0.0068009 secs] [Times: user=0.01 sys=0.00, real=0.00 secs] 
2020-10-28T13:44:44.248+0000: [GC (Allocation Failure) 2020-10-28T13:44:44.248+0000: [ParNew: 36763K->1973K(38720K), 0.0036760 secs] 112185K->77395K(160404K), 0.0037553 secs] [Times: user=0.01 sys=0.00, real=0.00 secs] 
2020-10-28T13:44:44.656+0000: [GC (Allocation Failure) 2020-10-28T13:44:44.656+0000: [ParNew: 36405K->3109K(38720K), 0.0056096 secs] 111827K->78531K(160404K), 0.0056877 secs] [Times: user=0.01 sys=0.00, real=0.01 secs] 
2020-10-28T13:44:44.902+0000: [GC (Allocation Failure) 2020-10-28T13:44:44.902+0000: [ParNew: 37541K->4287K(38720K), 0.0100179 secs] 112963K->80492K(160404K), 0.0100966 secs] [Times: user=0.02 sys=0.00, real=0.01 secs] 
2020-10-28T13:44:45.090+0000: [GC (Allocation Failure) 2020-10-28T13:44:45.090+0000: [ParNew: 38719K->2883K(38720K), 0.0100981 secs] 114924K->80524K(160404K), 0.0101687 secs] [Times: user=0.02 sys=0.00, real=0.01 secs] 
2020-10-28T13:44:45.257+0000: [GC (Allocation Failure) 2020-10-28T13:44:45.257+0000: [ParNew: 37315K->2549K(38720K), 0.0076962 secs] 114956K->80190K(160404K), 0.0077564 secs] [Times: user=0.02 sys=0.00, real=0.01 secs] 
2020-10-28T13:44:45.432+0000: [GC (Allocation Failure) 2020-10-28T13:44:45.432+0000: [ParNew: 36981K->3445K(38720K), 0.0045844 secs] 114622K->81086K(160404K), 0.0046425 secs] [Times: user=0.01 sys=0.00, real=0.00 secs] 
2020-10-28T13:44:45.659+0000: [GC (Allocation Failure) 2020-10-28T13:44:45.659+0000: [ParNew: 37877K->2652K(38720K), 0.0064992 secs] 115518K->80927K(160404K), 0.0065584 secs] [Times: user=0.01 sys=0.00, real=0.01 secs] 
2020-10-28T13:44:45.843+0000: [GC (Allocation Failure) 2020-10-28T13:44:45.843+0000: [ParNew: 37084K->3165K(38720K), 0.0098278 secs] 115359K->81951K(160404K), 0.0099099 secs] [Times: user=0.03 sys=0.00, real=0.01 secs] 
2020-10-28T13:44:46.314+0000: [GC (Allocation Failure) 2020-10-28T13:44:46.314+0000: [ParNew: 37597K->3991K(38720K), 0.0168573 secs] 116383K->83500K(160404K), 0.0169361 secs] [Times: user=0.03 sys=0.00, real=0.02 secs] 
2020-10-28T13:44:46.552+0000: [GC (Allocation Failure) 2020-10-28T13:44:46.552+0000: [ParNew: 38423K->3045K(38720K), 0.0246373 secs] 117932K->84912K(160404K), 0.0247045 secs] [Times: user=0.04 sys=0.00, real=0.02 secs] 
2020-10-28T13:44:46.785+0000: [GC (Allocation Failure) 2020-10-28T13:44:46.785+0000: [ParNew: 37477K->2877K(38720K), 0.0085410 secs] 119344K->84744K(160404K), 0.0086022 secs] [Times: user=0.02 sys=0.00, real=0.01 secs] 
2020-10-28T13:44:47.022+0000: [GC (Allocation Failure) 2020-10-28T13:44:47.022+0000: [ParNew: 37309K->1880K(38720K), 0.0061714 secs] 119176K->84671K(160404K), 0.0062569 secs] [Times: user=0.01 sys=0.00, real=0.01 secs] 
2020-10-28T13:44:47.206+0000: [GC (Allocation Failure) 2020-10-28T13:44:47.206+0000: [ParNew: 36312K->1885K(38720K), 0.0037069 secs] 119103K->84675K(160404K), 0.0037779 secs] [Times: user=0.01 sys=0.00, real=0.01 secs] 
2020-10-28T13:44:47.751+0000: [GC (Allocation Failure) 2020-10-28T13:44:47.751+0000: [ParNew: 36317K->3186K(38720K), 0.0068968 secs] 119107K->85977K(160404K), 0.0069698 secs] [Times: user=0.02 sys=0.00, real=0.00 secs] 
2020-10-28T13:44:47.759+0000: [GC (CMS Initial Mark) [1 CMS-initial-mark: 82790K(121684K)] 86889K(160404K), 0.0024388 secs] [Times: user=0.00 sys=0.00, real=0.01 secs] 
2020-10-28T13:44:47.761+0000: [CMS-concurrent-mark-start]
2020-10-28T13:44:47.844+0000: [CMS-concurrent-mark: 0.082/0.082 secs] [Times: user=0.17 sys=0.00, real=0.08 secs] 
2020-10-28T13:44:47.844+0000: [CMS-concurrent-preclean-start]
2020-10-28T13:44:47.846+0000: [CMS-concurrent-preclean: 0.002/0.002 secs] [Times: user=0.00 sys=0.00, real=0.00 secs] 
2020-10-28T13:44:47.846+0000: [CMS-concurrent-abortable-preclean-start]
2020-10-28T13:44:48.153+0000: [GC (Allocation Failure) 2020-10-28T13:44:48.153+0000: [ParNew: 29005K->2222K(38720K), 0.0109953 secs] 111796K->86753K(160404K), 0.0110705 secs] [Times: user=0.02 sys=0.00, real=0.01 secs] 
2020-10-28T13:44:48.190+0000: [CMS-concurrent-abortable-preclean: 0.170/0.344 secs] [Times: user=0.49 sys=0.01, real=0.35 secs] 
2020-10-28T13:44:48.190+0000: [GC (CMS Final Remark) [YG occupancy: 35815 K (38720 K)]2020-10-28T13:44:48.190+0000: [Rescan (parallel) , 0.0025118 secs]2020-10-28T13:44:48.193+0000: [weak refs processing, 0.0000772 secs]2020-10-28T13:44:48.193+0000: [class unloading, 0.0082281 secs]2020-10-28T13:44:48.201+0000: [scrub symbol table, 0.0080617 secs]2020-10-28T13:44:48.209+0000: [scrub string table, 0.0006046 secs][1 CMS-remark: 84531K(121684K)] 120346K(160404K), 0.0196181 secs] [Times: user=0.03 sys=0.00, real=0.02 secs] 
2020-10-28T13:44:48.211+0000: [CMS-concurrent-sweep-start]
2020-10-28T13:44:48.223+0000: [CMS-concurrent-sweep: 0.011/0.012 secs] [Times: user=0.03 sys=0.00, real=0.01 secs] 
2020-10-28T13:44:48.223+0000: [CMS-concurrent-reset-start]
2020-10-28T13:44:48.234+0000: [CMS-concurrent-reset: 0.012/0.012 secs] [Times: user=0.02 sys=0.00, real=0.01 secs] 
2020-10-28T13:44:48.347+0000: [GC (Allocation Failure) 2020-10-28T13:44:48.347+0000: [ParNew: 36654K->571K(38720K), 0.0269814 secs] 120305K->116990K(178140K), 0.0270611 secs] [Times: user=0.04 sys=0.02, real=0.03 secs] 
2020-10-28T13:44:48.375+0000: [GC (CMS Initial Mark) [1 CMS-initial-mark: 116419K(139420K)] 117673K(178140K), 0.0017115 secs] [Times: user=0.00 sys=0.00, real=0.00 secs] 
2020-10-28T13:44:48.377+0000: [CMS-concurrent-mark-start]
2020-10-28T13:44:48.532+0000: [CMS-concurrent-mark: 0.155/0.155 secs] [Times: user=0.31 sys=0.00, real=0.16 secs] 
2020-10-28T13:44:48.532+0000: [CMS-concurrent-preclean-start]
2020-10-28T13:44:48.534+0000: [CMS-concurrent-preclean: 0.001/0.001 secs] [Times: user=0.00 sys=0.00, real=0.00 secs] 
2020-10-28T13:44:48.534+0000: [CMS-concurrent-abortable-preclean-start]
2020-10-28T13:44:48.966+0000: [GC (Allocation Failure) 2020-10-28T13:44:48.966+0000: [ParNew: 35003K->922K(38720K), 0.0038358 secs] 151422K->117341K(178140K), 0.0038975 secs] [Times: user=0.01 sys=0.00, real=0.01 secs] 
2020-10-28T13:44:49.229+0000: [GC (Allocation Failure) 2020-10-28T13:44:49.229+0000: [ParNew: 35354K->1593K(38720K), 0.0035725 secs] 151773K->118012K(178140K), 0.0036749 secs] [Times: user=0.01 sys=0.00, real=0.00 secs] 
2020-10-28T13:44:49.232+0000: [CMS-concurrent-abortable-preclean: 0.028/0.698 secs] [Times: user=1.31 sys=0.01, real=0.70 secs] 
2020-10-28T13:44:49.233+0000: [GC (CMS Final Remark) [YG occupancy: 2279 K (38720 K)]2020-10-28T13:44:49.233+0000: [Rescan (parallel) , 0.0028352 secs]2020-10-28T13:44:49.235+0000: [weak refs processing, 0.0000320 secs]2020-10-28T13:44:49.235+0000: [class unloading, 0.0077071 secs]2020-10-28T13:44:49.243+0000: [scrub symbol table, 0.0082526 secs]2020-10-28T13:44:49.251+0000: [scrub string table, 0.0006711 secs][1 CMS-remark: 116419K(139420K)] 118698K(178140K), 0.0196721 secs] [Times: user=0.02 sys=0.00, real=0.02 secs] 
2020-10-28T13:44:49.252+0000: [CMS-concurrent-sweep-start]
2020-10-28T13:44:49.263+0000: [CMS-concurrent-sweep: 0.011/0.011 secs] [Times: user=0.02 sys=0.00, real=0.01 secs] 
2020-10-28T13:44:49.264+0000: [CMS-concurrent-reset-start]
2020-10-28T13:44:49.275+0000: [CMS-concurrent-reset: 0.012/0.012 secs] [Times: user=0.02 sys=0.00, real=0.01 secs] 
2020-10-28T13:44:49.484+0000: [GC (Allocation Failure) 2020-10-28T13:44:49.484+0000: [ParNew: 36025K->1641K(38720K), 0.0048887 secs] 152327K->117944K(232560K), 0.0049490 secs] [Times: user=0.01 sys=0.00, real=0.01 secs] 
2020-10-28T13:44:49.637+0000: [GC (Allocation Failure) 2020-10-28T13:44:49.637+0000: [ParNew: 36073K->2534K(38720K), 0.0028229 secs] 152376K->118837K(232560K), 0.0028858 secs] [Times: user=0.01 sys=0.00, real=0.01 secs] 
2020-10-28T13:44:49.764+0000: [GC (Allocation Failure) 2020-10-28T13:44:49.764+0000: [ParNew: 36966K->2292K(38720K), 0.0032991 secs] 153269K->118968K(232560K), 0.0033614 secs] [Times: user=0.01 sys=0.00, real=0.00 secs] 
2020-10-28T13:44:49.833+0000: [GC (Allocation Failure) 2020-10-28T13:44:49.833+0000: [ParNew: 36724K->2114K(38720K), 0.0023276 secs] 153400K->118794K(232560K), 0.0024064 secs] [Times: user=0.00 sys=0.01, real=0.00 secs] 
2020-10-28T13:44:49.899+0000: [GC (Allocation Failure) 2020-10-28T13:44:49.899+0000: [ParNew: 36546K->2081K(38720K), 0.0023474 secs] 153226K->118767K(232560K), 0.0024082 secs] [Times: user=0.00 sys=0.00, real=0.01 secs] 
2020-10-28T13:44:49.949+0000: [GC (Allocation Failure) 2020-10-28T13:44:49.949+0000: [ParNew: 36513K->4114K(38720K), 0.0053509 secs] 153199K->124902K(232560K), 0.0054093 secs] [Times: user=0.01 sys=0.00, real=0.00 secs] 
2020-10-28T13:44:50.016+0000: [GC (Allocation Failure) 2020-10-28T13:44:50.016+0000: [ParNew: 38546K->12K(38720K), 0.0017551 secs] 159334K->120812K(232560K), 0.0018159 secs] [Times: user=0.00 sys=0.00, real=0.00 secs] 
2020-10-28T13:44:50.114+0000: [GC (Allocation Failure) 2020-10-28T13:44:50.114+0000: [ParNew: 34444K->4K(38720K), 0.0016806 secs] 155244K->120803K(232560K), 0.0017419 secs] [Times: user=0.00 sys=0.00, real=0.00 secs] 
2020-10-28T13:44:50.165+0000: [GC (Allocation Failure) 2020-10-28T13:44:50.165+0000: [ParNew: 34436K->4K(38720K), 0.0063791 secs] 155235K->120803K(232560K), 0.0064404 secs] [Times: user=0.00 sys=0.00, real=0.01 secs] 
2020-10-28T13:44:50.217+0000: [GC (Allocation Failure) 2020-10-28T13:44:50.217+0000: [ParNew: 34436K->4K(38720K), 0.0016404 secs] 155235K->120803K(232560K), 0.0017022 secs] [Times: user=0.01 sys=0.00, real=0.00 secs] 
2020-10-28T13:44:50.267+0000: [GC (Allocation Failure) 2020-10-28T13:44:50.267+0000: [ParNew: 34436K->4K(38720K), 0.0016583 secs] 155235K->120803K(232560K), 0.0017196 secs] [Times: user=0.01 sys=0.00, real=0.01 secs] 
2020-10-28T13:44:50.314+0000: [GC (Allocation Failure) 2020-10-28T13:44:50.314+0000: [ParNew: 34436K->4K(38720K), 0.0016378 secs] 155235K->120803K(232560K), 0.0016994 secs] [Times: user=0.01 sys=0.00, real=0.00 secs] 
2020-10-28T13:44:50.371+0000: [GC (Allocation Failure) 2020-10-28T13:44:50.371+0000: [ParNew: 29613K->6K(38720K), 0.0016743 secs] 150413K->120805K(232560K), 0.0017598 secs] [Times: user=0.00 sys=0.00, real=0.00 secs] 
2020-10-28T13:44:50.412+0000: [GC (Allocation Failure) 2020-10-28T13:44:50.413+0000: [ParNew: 34438K->6K(38720K), 0.0071426 secs] 155237K->128997K(232560K), 0.0072079 secs] [Times: user=0.01 sys=0.00, real=0.01 secs] 
2020-10-28T13:44:50.423+0000: [GC (CMS Initial Mark) [1 CMS-initial-mark: 128991K(193840K)] 129682K(232560K), 0.0013642 secs] [Times: user=0.00 sys=0.00, real=0.00 secs] 
2020-10-28T13:44:50.424+0000: [CMS-concurrent-mark-start]
2020-10-28T13:44:50.492+0000: [CMS-concurrent-mark: 0.068/0.068 secs] [Times: user=0.14 sys=0.00, real=0.07 secs] 
2020-10-28T13:44:50.493+0000: [CMS-concurrent-preclean-start]
2020-10-28T13:44:50.494+0000: [GC (Allocation Failure) 2020-10-28T13:44:50.494+0000: [ParNew: 34438K->4K(38720K), 0.0013281 secs] 163429K->128995K(232560K), 0.0013831 secs] [Times: user=0.00 sys=0.00, real=0.00 secs] 
2020-10-28T13:44:50.496+0000: [CMS-concurrent-preclean: 0.002/0.003 secs] [Times: user=0.00 sys=0.00, real=0.00 secs] 
2020-10-28T13:44:50.496+0000: [GC (CMS Final Remark) [YG occupancy: 690 K (38720 K)]2020-10-28T13:44:50.496+0000: [Rescan (parallel) , 0.0010177 secs]2020-10-28T13:44:50.497+0000: [weak refs processing, 0.0000277 secs]2020-10-28T13:44:50.497+0000: [class unloading, 0.0072318 secs]2020-10-28T13:44:50.504+0000: [scrub symbol table, 0.0081524 secs]2020-10-28T13:44:50.512+0000: [scrub string table, 0.0006187 secs][1 CMS-remark: 128991K(193840K)] 129681K(232560K), 0.0171638 secs] [Times: user=0.01 sys=0.00, real=0.02 secs] 
2020-10-28T13:44:50.513+0000: [CMS-concurrent-sweep-start]
2020-10-28T13:44:50.524+0000: [CMS-concurrent-sweep: 0.011/0.011 secs] [Times: user=0.03 sys=0.00, real=0.01 secs] 
2020-10-28T13:44:50.525+0000: [CMS-concurrent-reset-start]
2020-10-28T13:44:50.537+0000: [CMS-concurrent-reset: 0.013/0.013 secs] [Times: user=0.01 sys=0.00, real=0.01 secs] 
2020-10-28T13:44:50.570+0000: [GC (Allocation Failure) 2020-10-28T13:44:50.570+0000: [ParNew: 34436K->6K(38720K), 0.0017216 secs] 163362K->128932K(253600K), 0.0017820 secs] [Times: user=0.00 sys=0.00, real=0.00 secs] 
2020-10-28T13:44:50.617+0000: [GC (Allocation Failure) 2020-10-28T13:44:50.617+0000: [ParNew: 34438K->6K(38720K), 0.0017100 secs] 163364K->128932K(253600K), 0.0017707 secs] [Times: user=0.00 sys=0.00, real=0.00 secs] 
2020-10-28T13:44:50.664+0000: [GC (Allocation Failure) 2020-10-28T13:44:50.665+0000: [ParNew: 34438K->6K(38720K), 0.0017368 secs] 163364K->128933K(253600K), 0.0017974 secs] [Times: user=0.00 sys=0.00, real=0.00 secs] 
2020-10-28T13:44:50.711+0000: [GC (Allocation Failure) 2020-10-28T13:44:50.711+0000: [ParNew: 34438K->4K(38720K), 0.0017192 secs] 163365K->128932K(253600K), 0.0017808 secs] [Times: user=0.00 sys=0.00, real=0.00 secs] 
2020-10-28T13:44:50.762+0000: [GC (Allocation Failure) 2020-10-28T13:44:50.762+0000: [ParNew: 34436K->8K(38720K), 0.0017361 secs] 163364K->128937K(253600K), 0.0017964 secs] [Times: user=0.00 sys=0.00, real=0.00 secs] 
2020-10-28T13:44:50.809+0000: [GC (Allocation Failure) 2020-10-28T13:44:50.809+0000: [ParNew: 34440K->9K(38720K), 0.0017049 secs] 163369K->128938K(253600K), 0.0017687 secs] [Times: user=0.00 sys=0.00, real=0.00 secs] 
2020-10-28T13:44:50.857+0000: [GC (Allocation Failure) 2020-10-28T13:44:50.857+0000: [ParNew: 34441K->8K(38720K), 0.0017150 secs] 163370K->128938K(253600K), 0.0017756 secs] [Times: user=0.00 sys=0.00, real=0.00 secs] 
2020-10-28T13:44:50.899+0000: [GC (Allocation Failure) 2020-10-28T13:44:50.899+0000: [ParNew: 24793K->8K(38720K), 0.0017040 secs] 153722K->128938K(253600K), 0.0017635 secs] [Times: user=0.00 sys=0.00, real=0.01 secs] 
2020-10-28T13:44:50.908+0000: [GC (Allocation Failure) 2020-10-28T13:44:50.908+0000: [ParNew: 34440K->8K(38720K), 0.0259733 secs] 163370K->161706K(253600K), 0.0260371 secs] [Times: user=0.03 sys=0.02, real=0.02 secs] 
2020-10-28T13:44:50.935+0000: [GC (CMS Initial Mark) [1 CMS-initial-mark: 161697K(214880K)] 162390K(253600K), 0.0018933 secs] [Times: user=0.00 sys=0.00, real=0.00 secs] 
2020-10-28T13:44:50.937+0000: [CMS-concurrent-mark-start]
2020-10-28T13:44:51.007+0000: [CMS-concurrent-mark: 0.066/0.070 secs] [Times: user=0.13 sys=0.01, real=0.08 secs] 
2020-10-28T13:44:51.007+0000: [CMS-concurrent-preclean-start]
2020-10-28T13:44:51.009+0000: [CMS-concurrent-preclean: 0.002/0.002 secs] [Times: user=0.01 sys=0.00, real=0.00 secs] 
2020-10-28T13:44:51.009+0000: [CMS-concurrent-abortable-preclean-start]
2020-10-28T13:44:51.023+0000: [GC (Allocation Failure) 2020-10-28T13:44:51.023+0000: [ParNew: 34440K->8K(38720K), 0.0014372 secs] 196138K->161706K(253600K), 0.0014865 secs] [Times: user=0.00 sys=0.00, real=0.00 secs] 
2020-10-28T13:44:51.074+0000: [GC (Allocation Failure) 2020-10-28T13:44:51.074+0000: [ParNew: 34440K->4K(38720K), 0.0013957 secs] 196138K->161706K(253600K), 0.0014663 secs] [Times: user=0.00 sys=0.00, real=0.00 secs] 
2020-10-28T13:44:51.076+0000: [CMS-concurrent-abortable-preclean: 0.005/0.067 secs] [Times: user=0.06 sys=0.01, real=0.06 secs] 
2020-10-28T13:44:51.076+0000: [GC (CMS Final Remark) [YG occupancy: 688 K (38720 K)]2020-10-28T13:44:51.076+0000: [Rescan (parallel) , 0.0009171 secs]2020-10-28T13:44:51.077+0000: [weak refs processing, 0.0000274 secs]2020-10-28T13:44:51.077+0000: [class unloading, 0.0069970 secs]2020-10-28T13:44:51.084+0000: [scrub symbol table, 0.0079259 secs]2020-10-28T13:44:51.092+0000: [scrub string table, 0.0005761 secs][1 CMS-remark: 161701K(214880K)] 162390K(253600K), 0.0165377 secs] [Times: user=0.02 sys=0.00, real=0.02 secs] 
2020-10-28T13:44:51.093+0000: [CMS-concurrent-sweep-start]
2020-10-28T13:44:51.104+0000: [CMS-concurrent-sweep: 0.011/0.011 secs] [Times: user=0.02 sys=0.00, real=0.01 secs] 
2020-10-28T13:44:51.104+0000: [CMS-concurrent-reset-start]
2020-10-28T13:44:51.116+0000: [CMS-concurrent-reset: 0.012/0.012 secs] [Times: user=0.03 sys=0.00, real=0.01 secs] 
2020-10-28T13:44:51.148+0000: [GC (Allocation Failure) 2020-10-28T13:44:51.148+0000: [ParNew: 34436K->4K(38720K), 0.0018211 secs] 192042K->157609K(301400K), 0.0018760 secs] [Times: user=0.00 sys=0.00, real=0.00 secs] 
2020-10-28T13:44:51.195+0000: [GC (Allocation Failure) 2020-10-28T13:44:51.195+0000: [ParNew: 34436K->4K(38720K), 0.0018504 secs] 192041K->157609K(301400K), 0.0019262 secs] [Times: user=0.01 sys=0.00, real=0.00 secs] 
2020-10-28T13:44:51.246+0000: [GC (Allocation Failure) 2020-10-28T13:44:51.246+0000: [ParNew: 32275K->4K(38720K), 0.0018240 secs] 189881K->157609K(301400K), 0.0018873 secs] [Times: user=0.00 sys=0.00, real=0.01 secs] 
2020-10-28T13:44:51.277+0000: [GC (Allocation Failure) 2020-10-28T13:44:51.277+0000: [ParNew: 34436K->4K(38720K), 0.0134936 secs] 192041K->173993K(301400K), 0.0135611 secs] [Times: user=0.02 sys=0.01, real=0.02 secs] 
2020-10-28T13:44:51.290+0000: [GC (CMS Initial Mark) [1 CMS-initial-mark: 173989K(262680K)] 174678K(301400K), 0.0014259 secs] [Times: user=0.01 sys=0.00, real=0.00 secs] 
2020-10-28T13:44:51.292+0000: [CMS-concurrent-mark-start]
2020-10-28T13:44:51.359+0000: [CMS-concurrent-mark: 0.067/0.067 secs] [Times: user=0.13 sys=0.00, real=0.06 secs] 
2020-10-28T13:44:51.359+0000: [CMS-concurrent-preclean-start]
2020-10-28T13:44:51.361+0000: [CMS-concurrent-preclean: 0.002/0.002 secs] [Times: user=0.00 sys=0.00, real=0.01 secs] 
2020-10-28T13:44:51.361+0000: [CMS-concurrent-abortable-preclean-start]
2020-10-28T13:44:51.363+0000: [GC (Allocation Failure) 2020-10-28T13:44:51.363+0000: [ParNew: 34436K->4K(38720K), 0.0014680 secs] 208425K->173993K(301400K), 0.0015105 secs] [Times: user=0.01 sys=0.00, real=0.00 secs] 
2020-10-28T13:44:51.420+0000: [GC (Allocation Failure) 2020-10-28T13:44:51.420+0000: [ParNew: 34436K->6K(38720K), 0.0018157 secs] 208425K->173995K(301400K), 0.0018778 secs] [Times: user=0.00 sys=0.00, real=0.00 secs] 
2020-10-28T13:44:51.467+0000: [GC (Allocation Failure) 2020-10-28T13:44:51.467+0000: [ParNew: 34438K->4K(38720K), 0.0018477 secs] 208427K->173993K(301400K), 0.0019111 secs] [Times: user=0.00 sys=0.00, real=0.01 secs] 
2020-10-28T13:44:51.513+0000: [GC (Allocation Failure) 2020-10-28T13:44:51.513+0000: [ParNew: 34436K->6K(38720K), 0.0018835 secs] 208425K->173995K(301400K), 0.0019453 secs] [Times: user=0.00 sys=0.00, real=0.00 secs] 
2020-10-28T13:44:51.560+0000: [GC (Allocation Failure) 2020-10-28T13:44:51.560+0000: [ParNew: 34438K->4K(38720K), 0.0018980 secs] 208427K->173994K(301400K), 0.0019586 secs] [Times: user=0.00 sys=0.00, real=0.00 secs] 
2020-10-28T13:44:51.606+0000: [GC (Allocation Failure) 2020-10-28T13:44:51.606+0000: [ParNew: 34436K->4K(38720K), 0.0018169 secs] 208426K->173994K(301400K), 0.0018769 secs] [Times: user=0.00 sys=0.00, real=0.01 secs] 
2020-10-28T13:44:51.653+0000: [GC (Allocation Failure) 2020-10-28T13:44:51.653+0000: [ParNew: 34436K->6K(38720K), 0.0017536 secs] 208426K->173996K(301400K), 0.0018120 secs] [Times: user=0.00 sys=0.00, real=0.00 secs] 
2020-10-28T13:44:51.704+0000: [GC (Allocation Failure) 2020-10-28T13:44:51.704+0000: [ParNew: 34438K->4K(38720K), 0.0017912 secs] 208428K->173995K(301400K), 0.0018645 secs] [Times: user=0.00 sys=0.00, real=0.00 secs] 
2020-10-28T13:44:51.750+0000: [GC (Allocation Failure) 2020-10-28T13:44:51.750+0000: [ParNew: 34436K->4K(38720K), 0.0018131 secs] 208427K->173995K(301400K), 0.0018725 secs] [Times: user=0.01 sys=0.00, real=0.00 secs] 
2020-10-28T13:44:51.796+0000: [GC (Allocation Failure) 2020-10-28T13:44:51.796+0000: [ParNew: 34436K->4K(38720K), 0.0018094 secs] 208427K->173995K(301400K), 0.0018684 secs] [Times: user=0.00 sys=0.00, real=0.00 secs] 
2020-10-28T13:44:51.842+0000: [GC (Allocation Failure) 2020-10-28T13:44:51.842+0000: [ParNew: 34436K->4K(38720K), 0.0018217 secs] 208427K->173995K(301400K), 0.0018805 secs] [Times: user=0.00 sys=0.00, real=0.00 secs] 
2020-10-28T13:44:51.889+0000: [GC (Allocation Failure) 2020-10-28T13:44:51.889+0000: [ParNew: 34436K->4K(38720K), 0.0017687 secs] 208427K->173995K(301400K), 0.0018281 secs] [Times: user=0.00 sys=0.00, real=0.00 secs] 
2020-10-28T13:44:51.957+0000: [GC (Allocation Failure) 2020-10-28T13:44:51.957+0000: [ParNew: 34436K->8K(38720K), 0.0018066 secs] 208427K->173999K(301400K), 0.0018693 secs] [Times: user=0.01 sys=0.00, real=0.00 secs] 
2020-10-28T13:44:52.003+0000: [GC (Allocation Failure) 2020-10-28T13:44:52.003+0000: [ParNew: 34440K->8K(38720K), 0.0018175 secs] 208431K->174000K(301400K), 0.0018764 secs] [Times: user=0.01 sys=0.00, real=0.00 secs] 
2020-10-28T13:44:52.048+0000: [GC (Allocation Failure) 2020-10-28T13:44:52.049+0000: [ParNew: 34440K->7K(38720K), 0.0018178 secs] 208432K->173999K(301400K), 0.0018785 secs] [Times: user=0.01 sys=0.00, real=0.00 secs] 
2020-10-28T13:44:52.094+0000: [GC (Allocation Failure) 2020-10-28T13:44:52.094+0000: [ParNew: 34439K->8K(38720K), 0.0018081 secs] 208431K->173999K(301400K), 0.0018693 secs] [Times: user=0.00 sys=0.00, real=0.00 secs] 
2020-10-28T13:44:52.140+0000: [GC (Allocation Failure) 2020-10-28T13:44:52.140+0000: [ParNew: 34440K->8K(38720K), 0.0018385 secs] 208431K->174000K(301400K), 0.0018977 secs] [Times: user=0.00 sys=0.00, real=0.00 secs] 
2020-10-28T13:44:52.185+0000: [GC (Allocation Failure) 2020-10-28T13:44:52.185+0000: [ParNew: 34440K->8K(38720K), 0.0018034 secs] 208432K->173999K(301400K), 0.0018630 secs] [Times: user=0.00 sys=0.00, real=0.00 secs] 
2020-10-28T13:44:52.206+0000: [GC (Allocation Failure) 2020-10-28T13:44:52.206+0000: [ParNew: 14482K->5K(38720K), 0.0013493 secs] 188474K->174001K(301400K), 0.0013952 secs] [Times: user=0.00 sys=0.00, real=0.01 secs] 
2020-10-28T13:44:52.215+0000: [GC (Allocation Failure) 2020-10-28T13:44:52.215+0000: [ParNew: 34437K->4K(38720K), 0.0268583 secs] 208433K->206768K(301400K), 0.0269184 secs] [Times: user=0.04 sys=0.02, real=0.03 secs] 
2020-10-28T13:44:52.242+0000: [CMS-concurrent-abortable-preclean: 0.026/0.881 secs] [Times: user=1.00 sys=0.04, real=0.88 secs] 
2020-10-28T13:44:52.243+0000: [GC (CMS Final Remark) [YG occupancy: 692 K (38720 K)]2020-10-28T13:44:52.244+0000: [Rescan (parallel) , 0.0018250 secs]2020-10-28T13:44:52.245+0000: [weak refs processing, 0.0000334 secs]2020-10-28T13:44:52.245+0000: [class unloading, 0.0070259 secs]2020-10-28T13:44:52.252+0000: [scrub symbol table, 0.0079412 secs]2020-10-28T13:44:52.260+0000: [scrub string table, 0.0006024 secs][1 CMS-remark: 206764K(262680K)] 207456K(301400K), 0.0175200 secs] [Times: user=0.02 sys=0.00, real=0.02 secs] 
2020-10-28T13:44:52.261+0000: [CMS-concurrent-sweep-start]
2020-10-28T13:44:52.272+0000: [CMS-concurrent-sweep: 0.011/0.011 secs] [Times: user=0.02 sys=0.00, real=0.01 secs] 
2020-10-28T13:44:52.272+0000: [CMS-concurrent-reset-start]
2020-10-28T13:44:52.283+0000: [CMS-concurrent-reset: 0.011/0.011 secs] [Times: user=0.02 sys=0.00, real=0.01 secs] 
2020-10-28T13:44:52.319+0000: [GC (Allocation Failure) 2020-10-28T13:44:52.319+0000: [ParNew: 34436K->4K(38720K), 0.0020276 secs] 241167K->206735K(383276K), 0.0020868 secs] [Times: user=0.01 sys=0.00, real=0.01 secs] 
2020-10-28T13:44:52.364+0000: [GC (Allocation Failure) 2020-10-28T13:44:52.365+0000: [ParNew: 34436K->4K(38720K), 0.0019841 secs] 241167K->206735K(383276K), 0.0020560 secs] [Times: user=0.00 sys=0.00, real=0.00 secs] 
2020-10-28T13:44:52.410+0000: [GC (Allocation Failure) 2020-10-28T13:44:52.410+0000: [ParNew: 34436K->4K(38720K), 0.0020305 secs] 241167K->206735K(383276K), 0.0020860 secs] [Times: user=0.00 sys=0.00, real=0.00 secs] 
2020-10-28T13:44:52.457+0000: [GC (Allocation Failure) 2020-10-28T13:44:52.457+0000: [ParNew: 34436K->4K(38720K), 0.0019997 secs] 241167K->206735K(383276K), 0.0020587 secs] [Times: user=0.00 sys=0.00, real=0.00 secs] 
2020-10-28T13:44:52.502+0000: [GC (Allocation Failure) 2020-10-28T13:44:52.502+0000: [ParNew: 34436K->4K(38720K), 0.0020163 secs] 241167K->206735K(383276K), 0.0020740 secs] [Times: user=0.01 sys=0.00, real=0.00 secs] 
2020-10-28T13:44:52.548+0000: [GC (Allocation Failure) 2020-10-28T13:44:52.548+0000: [ParNew: 34436K->4K(38720K), 0.0020508 secs] 241167K->206735K(383276K), 0.0021105 secs] [Times: user=0.00 sys=0.00, real=0.00 secs] 
2020-10-28T13:44:52.594+0000: [GC (Allocation Failure) 2020-10-28T13:44:52.594+0000: [ParNew: 34436K->4K(38720K), 0.0020206 secs] 241167K->206735K(383276K), 0.0020786 secs] [Times: user=0.00 sys=0.00, real=0.00 secs] 
2020-10-28T13:44:52.639+0000: [GC (Allocation Failure) 2020-10-28T13:44:52.639+0000: [ParNew: 34436K->4K(38720K), 0.0020169 secs] 241167K->206735K(383276K), 0.0020846 secs] [Times: user=0.00 sys=0.00, real=0.01 secs] 
2020-10-28T13:44:52.685+0000: [GC (Allocation Failure) 2020-10-28T13:44:52.685+0000: [ParNew: 34436K->4K(38720K), 0.0019700 secs] 241167K->206735K(383276K), 0.0020271 secs] [Times: user=0.01 sys=0.00, real=0.00 secs] 
2020-10-28T13:44:52.726+0000: [GC (Allocation Failure) 2020-10-28T13:44:52.726+0000: [ParNew: 30302K->4K(38720K), 0.0019937 secs] 237033K->206735K(383276K), 0.0020509 secs] [Times: user=0.00 sys=0.00, real=0.01 secs] 
2020-10-28T13:44:52.739+0000: [GC (Allocation Failure) 2020-10-28T13:44:52.739+0000: [ParNew: 34436K->4K(38720K), 0.0269646 secs] 241167K->239503K(383276K), 0.0270265 secs] [Times: user=0.04 sys=0.01, real=0.03 secs] 
2020-10-28T13:44:52.768+0000: [GC (CMS Initial Mark) [1 CMS-initial-mark: 239499K(344556K)] 240873K(383276K), 0.0020469 secs] [Times: user=0.01 sys=0.00, real=0.00 secs] 
2020-10-28T13:44:52.770+0000: [CMS-concurrent-mark-start]
2020-10-28T13:44:52.834+0000: [CMS-concurrent-mark: 0.064/0.064 secs] [Times: user=0.12 sys=0.00, real=0.06 secs] 
2020-10-28T13:44:52.834+0000: [CMS-concurrent-preclean-start]
2020-10-28T13:44:52.836+0000: [CMS-concurrent-preclean: 0.002/0.002 secs] [Times: user=0.01 sys=0.00, real=0.00 secs] 
2020-10-28T13:44:52.836+0000: [CMS-concurrent-abortable-preclean-start]
2020-10-28T13:44:52.839+0000: [GC (Allocation Failure) 2020-10-28T13:44:52.839+0000: [ParNew: 34436K->4K(38720K), 0.0016827 secs] 273935K->239503K(383276K), 0.0017237 secs] [Times: user=0.01 sys=0.00, real=0.01 secs] 
2020-10-28T13:44:52.887+0000: [GC (Allocation Failure) 2020-10-28T13:44:52.887+0000: [ParNew: 34436K->4K(38720K), 0.0020366 secs] 273935K->239503K(383276K), 0.0020976 secs] [Times: user=0.01 sys=0.00, real=0.01 secs] 
2020-10-28T13:44:52.933+0000: [GC (Allocation Failure) 2020-10-28T13:44:52.933+0000: [ParNew: 34436K->4K(38720K), 0.0020118 secs] 273935K->239503K(383276K), 0.0020689 secs] [Times: user=0.01 sys=0.00, real=0.00 secs] 
2020-10-28T13:44:52.987+0000: [GC (Allocation Failure) 2020-10-28T13:44:52.987+0000: [ParNew: 34436K->4K(38720K), 0.0020152 secs] 273935K->239503K(383276K), 0.0020792 secs] [Times: user=0.00 sys=0.00, real=0.01 secs] 
2020-10-28T13:44:53.050+0000: [GC (Allocation Failure) 2020-10-28T13:44:53.050+0000: [ParNew: 34436K->4K(38720K), 0.0020198 secs] 273935K->239503K(383276K), 0.0020808 secs] [Times: user=0.01 sys=0.00, real=0.00 secs] 
2020-10-28T13:44:53.102+0000: [GC (Allocation Failure) 2020-10-28T13:44:53.102+0000: [ParNew: 34436K->4K(38720K), 0.0020968 secs] 273935K->239503K(383276K), 0.0021773 secs] [Times: user=0.01 sys=0.00, real=0.00 secs] 
2020-10-28T13:44:53.155+0000: [GC (Allocation Failure) 2020-10-28T13:44:53.155+0000: [ParNew: 34435K->4K(38720K), 0.0020618 secs] 273935K->239503K(383276K), 0.0021395 secs] [Times: user=0.00 sys=0.00, real=0.00 secs] 
2020-10-28T13:44:53.202+0000: [GC (Allocation Failure) 2020-10-28T13:44:53.202+0000: [ParNew: 34436K->4K(38720K), 0.0020575 secs] 273935K->239503K(383276K), 0.0021408 secs] [Times: user=0.00 sys=0.00, real=0.00 secs] 
2020-10-28T13:44:53.247+0000: [GC (Allocation Failure) 2020-10-28T13:44:53.247+0000: [ParNew: 34436K->4K(38720K), 0.0019891 secs] 273935K->239503K(383276K), 0.0020497 secs] [Times: user=0.01 sys=0.00, real=0.01 secs] 
2020-10-28T13:44:53.292+0000: [GC (Allocation Failure) 2020-10-28T13:44:53.292+0000: [ParNew: 34436K->4K(38720K), 0.0020005 secs] 273935K->239503K(383276K), 0.0020617 secs] [Times: user=0.00 sys=0.00, real=0.00 secs] 
2020-10-28T13:44:53.339+0000: [GC (Allocation Failure) 2020-10-28T13:44:53.339+0000: [ParNew: 34436K->4K(38720K), 0.0020143 secs] 273935K->239503K(383276K), 0.0020972 secs] [Times: user=0.00 sys=0.01, real=0.01 secs] 
2020-10-28T13:44:53.385+0000: [GC (Allocation Failure) 2020-10-28T13:44:53.385+0000: [ParNew: 34436K->4K(38720K), 0.0020497 secs] 273935K->239503K(383276K), 0.0021290 secs] [Times: user=0.00 sys=0.00, real=0.01 secs] 
2020-10-28T13:44:53.429+0000: [GC (Allocation Failure) 2020-10-28T13:44:53.429+0000: [ParNew: 34436K->4K(38720K), 0.0020319 secs] 273935K->239503K(383276K), 0.0020934 secs] [Times: user=0.01 sys=0.00, real=0.00 secs] 
2020-10-28T13:44:53.470+0000: [GC (Allocation Failure) 2020-10-28T13:44:53.470+0000: [ParNew: 32363K->4K(38720K), 0.0020584 secs] 271863K->239504K(383276K), 0.0021181 secs] [Times: user=0.00 sys=0.00, real=0.00 secs] 
2020-10-28T13:44:53.479+0000: [GC (Allocation Failure) 2020-10-28T13:44:53.479+0000: [ParNew: 34436K->4K(38720K), 0.0261084 secs] 273936K->272272K(383276K), 0.0261681 secs] [Times: user=0.04 sys=0.01, real=0.03 secs] 
2020-10-28T13:44:53.506+0000: [CMS-concurrent-abortable-preclean: 0.018/0.669 secs] [Times: user=0.79 sys=0.03, real=0.67 secs] 
2020-10-28T13:44:53.508+0000: [GC (CMS Final Remark) [YG occupancy: 2059 K (38720 K)]2020-10-28T13:44:53.508+0000: [Rescan (parallel) , 0.0024801 secs]2020-10-28T13:44:53.510+0000: [weak refs processing, 0.0000287 secs]2020-10-28T13:44:53.510+0000: [class unloading, 0.0070479 secs]2020-10-28T13:44:53.517+0000: [scrub symbol table, 0.0080968 secs]2020-10-28T13:44:53.525+0000: [scrub string table, 0.0006082 secs][1 CMS-remark: 272268K(344556K)] 274327K(383276K), 0.0183684 secs] [Times: user=0.02 sys=0.00, real=0.01 secs] 
2020-10-28T13:44:53.531+0000: [CMS-concurrent-sweep-start]
2020-10-28T13:44:53.542+0000: [CMS-concurrent-sweep: 0.011/0.011 secs] [Times: user=0.01 sys=0.00, real=0.01 secs] 
2020-10-28T13:44:53.543+0000: [CMS-concurrent-reset-start]
2020-10-28T13:44:53.554+0000: [CMS-concurrent-reset: 0.012/0.012 secs] [Times: user=0.03 sys=0.00, real=0.01 secs] 
2020-10-28T13:44:53.578+0000: [GC (Allocation Failure) 2020-10-28T13:44:53.578+0000: [ParNew: 34436K->4K(38720K), 0.0022808 secs] 298511K->264079K(478848K), 0.0023425 secs] [Times: user=0.01 sys=0.00, real=0.01 secs] 
2020-10-28T13:44:53.624+0000: [GC (Allocation Failure) 2020-10-28T13:44:53.624+0000: [ParNew: 34436K->4K(38720K), 0.0025347 secs] 298511K->264079K(478848K), 0.0025954 secs] [Times: user=0.01 sys=0.01, real=0.00 secs] 
2020-10-28T13:44:53.670+0000: [GC (Allocation Failure) 2020-10-28T13:44:53.670+0000: [ParNew: 34436K->4K(38720K), 0.0023087 secs] 298511K->264079K(478848K), 0.0023694 secs] [Times: user=0.00 sys=0.00, real=0.00 secs] 
2020-10-28T13:44:53.721+0000: [GC (Allocation Failure) 2020-10-28T13:44:53.721+0000: [ParNew: 34436K->4K(38720K), 0.0041384 secs] 298511K->264079K(478848K), 0.0041999 secs] [Times: user=0.01 sys=0.00, real=0.00 secs] 
2020-10-28T13:44:53.768+0000: [GC (Allocation Failure) 2020-10-28T13:44:53.768+0000: [ParNew: 34436K->4K(38720K), 0.0023139 secs] 298511K->264079K(478848K), 0.0023744 secs] [Times: user=0.00 sys=0.00, real=0.00 secs] 
2020-10-28T13:44:53.815+0000: [GC (Allocation Failure) 2020-10-28T13:44:53.815+0000: [ParNew: 34436K->6K(38720K), 0.0023177 secs] 298511K->264081K(478848K), 0.0023788 secs] [Times: user=0.00 sys=0.00, real=0.00 secs] 
2020-10-28T13:44:53.861+0000: [GC (Allocation Failure) 2020-10-28T13:44:53.861+0000: [ParNew: 34438K->4K(38720K), 0.0022776 secs] 298513K->264079K(478848K), 0.0023371 secs] [Times: user=0.01 sys=0.00, real=0.00 secs] 
2020-10-28T13:44:53.904+0000: [GC (Allocation Failure) 2020-10-28T13:44:53.904+0000: [ParNew: 34436K->6K(38720K), 0.0023369 secs] 298511K->264081K(478848K), 0.0023975 secs] [Times: user=0.00 sys=0.00, real=0.00 secs] 
2020-10-28T13:44:53.948+0000: [GC (Allocation Failure) 2020-10-28T13:44:53.948+0000: [ParNew: 34438K->6K(38720K), 0.0023067 secs] 298513K->264081K(478848K), 0.0023675 secs] [Times: user=0.01 sys=0.00, real=0.00 secs] 
2020-10-28T13:44:53.993+0000: [GC (Allocation Failure) 2020-10-28T13:44:53.993+0000: [ParNew: 34438K->4K(38720K), 0.0022931 secs] 298513K->264080K(478848K), 0.0023621 secs] [Times: user=0.00 sys=0.01, real=0.00 secs] 
2020-10-28T13:44:54.041+0000: [GC (Allocation Failure) 2020-10-28T13:44:54.041+0000: [ParNew: 34436K->8K(38720K), 0.0022519 secs] 298512K->264084K(478848K), 0.0023120 secs] [Times: user=0.00 sys=0.00, real=0.00 secs] 
2020-10-28T13:44:54.108+0000: [GC (Allocation Failure) 2020-10-28T13:44:54.108+0000: [ParNew: 34440K->8K(38720K), 0.0022680 secs] 298516K->264085K(478848K), 0.0023280 secs] [Times: user=0.00 sys=0.00, real=0.00 secs] 
2020-10-28T13:44:54.151+0000: [GC (Allocation Failure) 2020-10-28T13:44:54.151+0000: [ParNew: 34440K->7K(38720K), 0.0023949 secs] 298517K->264084K(478848K), 0.0024547 secs] [Times: user=0.00 sys=0.00, real=0.00 secs] 
2020-10-28T13:44:54.195+0000: [GC (Allocation Failure) 2020-10-28T13:44:54.195+0000: [ParNew: 34439K->7K(38720K), 0.0023477 secs] 298516K->264084K(478848K), 0.0024093 secs] [Times: user=0.00 sys=0.00, real=0.00 secs] 
2020-10-28T13:44:54.239+0000: [GC (Allocation Failure) 2020-10-28T13:44:54.239+0000: [ParNew: 34439K->7K(38720K), 0.0022955 secs] 298516K->264084K(478848K), 0.0023566 secs] [Times: user=0.01 sys=0.00, real=0.01 secs] 
2020-10-28T13:44:54.282+0000: [GC (Allocation Failure) 2020-10-28T13:44:54.282+0000: [ParNew: 34439K->7K(38720K), 0.0023417 secs] 298516K->264084K(478848K), 0.0024090 secs] [Times: user=0.00 sys=0.00, real=0.00 secs] 
2020-10-28T13:44:54.326+0000: [GC (Allocation Failure) 2020-10-28T13:44:54.326+0000: [ParNew: 34439K->4K(38720K), 0.0023225 secs] 298516K->264085K(478848K), 0.0024171 secs] [Times: user=0.01 sys=0.00, real=0.01 secs] 
2020-10-28T13:44:54.370+0000: [GC (Allocation Failure) 2020-10-28T13:44:54.370+0000: [ParNew: 34436K->4K(38720K), 0.0023141 secs] 298517K->264085K(478848K), 0.0023748 secs] [Times: user=0.00 sys=0.00, real=0.00 secs] 
2020-10-28T13:44:54.413+0000: [GC (Allocation Failure) 2020-10-28T13:44:54.413+0000: [ParNew: 34436K->4K(38720K), 0.0023095 secs] 298517K->264085K(478848K), 0.0023700 secs] [Times: user=0.01 sys=0.00, real=0.00 secs] 
2020-10-28T13:44:54.456+0000: [GC (Allocation Failure) 2020-10-28T13:44:54.456+0000: [ParNew: 34436K->4K(38720K), 0.0022693 secs] 298517K->264085K(478848K), 0.0023361 secs] [Times: user=0.01 sys=0.00, real=0.00 secs] 
2020-10-28T13:44:54.500+0000: [GC (Allocation Failure) 2020-10-28T13:44:54.500+0000: [ParNew: 34436K->4K(38720K), 0.0022506 secs] 298517K->264085K(478848K), 0.0023105 secs] [Times: user=0.00 sys=0.00, real=0.00 secs] 
2020-10-28T13:44:54.544+0000: [GC (Allocation Failure) 2020-10-28T13:44:54.544+0000: [ParNew: 34436K->4K(38720K), 0.0022442 secs] 298517K->264085K(478848K), 0.0023043 secs] [Times: user=0.01 sys=0.00, real=0.00 secs] 
2020-10-28T13:44:54.594+0000: [GC (Allocation Failure) 2020-10-28T13:44:54.594+0000: [ParNew: 34436K->4K(38720K), 0.0022730 secs] 298517K->264085K(478848K), 0.0023352 secs] [Times: user=0.01 sys=0.00, real=0.00 secs] 
2020-10-28T13:44:54.632+0000: [GC (Allocation Failure) 2020-10-28T13:44:54.632+0000: [ParNew: 29601K->4K(38720K), 0.0022551 secs] 293683K->264085K(478848K), 0.0023162 secs] [Times: user=0.01 sys=0.00, real=0.00 secs] 
2020-10-28T13:44:54.641+0000: [GC (Allocation Failure) 2020-10-28T13:44:54.641+0000: [ParNew: 34436K->4K(38720K), 0.0265855 secs] 298517K->296853K(478848K), 0.0266673 secs] [Times: user=0.04 sys=0.02, real=0.03 secs] 
2020-10-28T13:44:54.671+0000: [GC (CMS Initial Mark) [1 CMS-initial-mark: 296849K(440128K)] 300277K(478848K), 0.0031279 secs] [Times: user=0.01 sys=0.00, real=0.00 secs] 
2020-10-28T13:44:54.675+0000: [CMS-concurrent-mark-start]
2020-10-28T13:44:54.739+0000: [CMS-concurrent-mark: 0.064/0.064 secs] [Times: user=0.12 sys=0.01, real=0.06 secs] 
2020-10-28T13:44:54.739+0000: [GC (Allocation Failure) 2020-10-28T13:44:54.739+0000: [ParNew: 34436K->4K(38720K), 0.0022579 secs] 331285K->296853K(478848K), 0.0023011 secs] [Times: user=0.00 sys=0.00, real=0.01 secs] 
2020-10-28T13:44:54.741+0000: [CMS-concurrent-preclean-start]
2020-10-28T13:44:54.743+0000: [CMS-concurrent-preclean: 0.001/0.001 secs] [Times: user=0.01 sys=0.00, real=0.00 secs] 
2020-10-28T13:44:54.743+0000: [GC (CMS Final Remark) [YG occupancy: 1392 K (38720 K)]2020-10-28T13:44:54.743+0000: [Rescan (parallel) , 0.0017019 secs]2020-10-28T13:44:54.745+0000: [weak refs processing, 0.0000365 secs]2020-10-28T13:44:54.745+0000: [class unloading, 0.0070397 secs]2020-10-28T13:44:54.752+0000: [scrub symbol table, 0.0080897 secs]2020-10-28T13:44:54.760+0000: [scrub string table, 0.0006218 secs][1 CMS-remark: 296849K(440128K)] 298241K(478848K), 0.0176312 secs] [Times: user=0.02 sys=0.00, real=0.02 secs] 
2020-10-28T13:44:54.763+0000: [CMS-concurrent-sweep-start]
2020-10-28T13:44:54.774+0000: [CMS-concurrent-sweep: 0.011/0.011 secs] [Times: user=0.02 sys=0.00, real=0.01 secs] 
2020-10-28T13:44:54.775+0000: [CMS-concurrent-reset-start]
2020-10-28T13:44:54.786+0000: [CMS-concurrent-reset: 0.011/0.012 secs] [Times: user=0.02 sys=0.00, real=0.01 secs] 
2020-10-28T13:44:54.813+0000: [GC (Allocation Failure) 2020-10-28T13:44:54.813+0000: [ParNew: 34436K->4K(38720K), 0.0023797 secs] 314901K->280469K(506164K), 0.0024578 secs] [Times: user=0.01 sys=0.00, real=0.00 secs] 
2020-10-28T13:44:54.857+0000: [GC (Allocation Failure) 2020-10-28T13:44:54.857+0000: [ParNew: 34436K->4K(38720K), 0.0029309 secs] 314901K->280469K(506164K), 0.0030018 secs] [Times: user=0.01 sys=0.00, real=0.01 secs] 
2020-10-28T13:44:54.901+0000: [GC (Allocation Failure) 2020-10-28T13:44:54.901+0000: [ParNew: 34436K->4K(38720K), 0.0024829 secs] 314901K->280469K(506164K), 0.0025460 secs] [Times: user=0.00 sys=0.00, real=0.00 secs] 
2020-10-28T13:44:54.945+0000: [GC (Allocation Failure) 2020-10-28T13:44:54.945+0000: [ParNew: 34436K->4K(38720K), 0.0023536 secs] 314901K->280469K(506164K), 0.0024153 secs] [Times: user=0.00 sys=0.00, real=0.00 secs] 
2020-10-28T13:44:54.988+0000: [GC (Allocation Failure) 2020-10-28T13:44:54.989+0000: [ParNew: 34436K->4K(38720K), 0.0024098 secs] 314901K->280469K(506164K), 0.0024722 secs] [Times: user=0.01 sys=0.00, real=0.00 secs] 
2020-10-28T13:44:55.032+0000: [GC (Allocation Failure) 2020-10-28T13:44:55.032+0000: [ParNew: 34436K->4K(38720K), 0.0023066 secs] 314901K->280469K(506164K), 0.0023657 secs] [Times: user=0.00 sys=0.00, real=0.00 secs] 
2020-10-28T13:44:55.076+0000: [GC (Allocation Failure) 2020-10-28T13:44:55.076+0000: [ParNew: 34436K->4K(38720K), 0.0039293 secs] 314901K->280469K(506164K), 0.0039907 secs] [Times: user=0.01 sys=0.00, real=0.01 secs] 
2020-10-28T13:44:55.130+0000: [GC (Allocation Failure) 2020-10-28T13:44:55.130+0000: [ParNew: 34436K->4K(38720K), 0.0023488 secs] 314901K->280469K(506164K), 0.0024117 secs] [Times: user=0.01 sys=0.00, real=0.00 secs] 
2020-10-28T13:44:55.174+0000: [GC (Allocation Failure) 2020-10-28T13:44:55.174+0000: [ParNew: 34436K->4K(38720K), 0.0023665 secs] 314901K->280469K(506164K), 0.0024277 secs] [Times: user=0.01 sys=0.00, real=0.00 secs] 
2020-10-28T13:44:55.218+0000: [GC (Allocation Failure) 2020-10-28T13:44:55.218+0000: [ParNew: 34436K->4K(38720K), 0.0023757 secs] 314901K->280469K(506164K), 0.0024354 secs] [Times: user=0.01 sys=0.00, real=0.01 secs] 
2020-10-28T13:44:55.262+0000: [GC (Allocation Failure) 2020-10-28T13:44:55.262+0000: [ParNew: 34436K->4K(38720K), 0.0023844 secs] 314901K->280469K(506164K), 0.0024489 secs] [Times: user=0.00 sys=0.00, real=0.00 secs] 
2020-10-28T13:44:55.306+0000: [GC (Allocation Failure) 2020-10-28T13:44:55.306+0000: [ParNew: 34436K->4K(38720K), 0.0023403 secs] 314901K->280469K(506164K), 0.0024004 secs] [Times: user=0.01 sys=0.00, real=0.01 secs] 
2020-10-28T13:44:55.350+0000: [GC (Allocation Failure) 2020-10-28T13:44:55.350+0000: [ParNew: 34436K->4K(38720K), 0.0023559 secs] 314901K->280469K(506164K), 0.0024158 secs] [Times: user=0.00 sys=0.00, real=0.00 secs] 
2020-10-28T13:44:55.393+0000: [GC (Allocation Failure) 2020-10-28T13:44:55.393+0000: [ParNew: 34436K->4K(38720K), 0.0023348 secs] 314901K->280469K(506164K), 0.0023941 secs] [Times: user=0.01 sys=0.00, real=0.00 secs] 
2020-10-28T13:44:55.437+0000: [GC (Allocation Failure) 2020-10-28T13:44:55.437+0000: [ParNew: 34436K->4K(38720K), 0.0023327 secs] 314901K->280469K(506164K), 0.0023921 secs] [Times: user=0.00 sys=0.00, real=0.00 secs] 
2020-10-28T13:44:55.481+0000: [GC (Allocation Failure) 2020-10-28T13:44:55.481+0000: [ParNew: 34436K->4K(38720K), 0.0023359 secs] 314901K->280469K(506164K), 0.0023949 secs] [Times: user=0.01 sys=0.00, real=0.00 secs] 
2020-10-28T13:44:55.524+0000: [GC (Allocation Failure) 2020-10-28T13:44:55.524+0000: [ParNew: 34436K->4K(38720K), 0.0023163 secs] 314901K->280469K(506164K), 0.0023761 secs] [Times: user=0.01 sys=0.00, real=0.00 secs] 
2020-10-28T13:44:55.568+0000: [GC (Allocation Failure) 2020-10-28T13:44:55.568+0000: [ParNew: 34436K->4K(38720K), 0.0024345 secs] 314901K->280469K(506164K), 0.0024964 secs] [Times: user=0.00 sys=0.00, real=0.00 secs] 
2020-10-28T13:44:55.653+0000: [GC (Allocation Failure) 2020-10-28T13:44:55.654+0000: [ParNew: 34436K->4K(38720K), 0.0022936 secs] 380437K->346005K(506164K), 0.0023524 secs] [Times: user=0.00 sys=0.00, real=0.00 secs] 
2020-10-28T13:44:55.659+0000: [GC (CMS Initial Mark) [1 CMS-initial-mark: 346001K(467444K)] 346693K(506164K), 0.0012801 secs] [Times: user=0.00 sys=0.00, real=0.01 secs] 
2020-10-28T13:44:55.661+0000: [CMS-concurrent-mark-start]
2020-10-28T13:44:55.725+0000: [CMS-concurrent-mark: 0.065/0.065 secs] [Times: user=0.12 sys=0.00, real=0.06 secs] 
2020-10-28T13:44:55.725+0000: [CMS-concurrent-preclean-start]
2020-10-28T13:44:55.728+0000: [CMS-concurrent-preclean: 0.002/0.002 secs] [Times: user=0.01 sys=0.00, real=0.01 secs] 
2020-10-28T13:44:55.728+0000: [CMS-concurrent-abortable-preclean-start]
2020-10-28T13:44:55.731+0000: [GC (Allocation Failure) 2020-10-28T13:44:55.731+0000: [ParNew: 34436K->4K(38720K), 0.0019505 secs] 380437K->346005K(506164K), 0.0019929 secs] [Times: user=0.01 sys=0.00, real=0.00 secs] 
2020-10-28T13:44:55.775+0000: [GC (Allocation Failure) 2020-10-28T13:44:55.775+0000: [ParNew: 34436K->4K(38720K), 0.0022873 secs] 380437K->346005K(506164K), 0.0023485 secs] [Times: user=0.01 sys=0.00, real=0.00 secs] 
2020-10-28T13:44:55.819+0000: [GC (Allocation Failure) 2020-10-28T13:44:55.819+0000: [ParNew: 34436K->4K(38720K), 0.0023047 secs] 380437K->346005K(506164K), 0.0023768 secs] [Times: user=0.00 sys=0.01, real=0.00 secs] 
2020-10-28T13:44:55.865+0000: [GC (Allocation Failure) 2020-10-28T13:44:55.865+0000: [ParNew: 34436K->4K(38720K), 0.0023259 secs] 380437K->346005K(506164K), 0.0023847 secs] [Times: user=0.01 sys=0.00, real=0.01 secs] 
2020-10-28T13:44:55.910+0000: [GC (Allocation Failure) 2020-10-28T13:44:55.910+0000: [ParNew: 34436K->4K(38720K), 0.0023042 secs] 380437K->346005K(506164K), 0.0023668 secs] [Times: user=0.01 sys=0.00, real=0.00 secs] 
2020-10-28T13:44:55.955+0000: [GC (Allocation Failure) 2020-10-28T13:44:55.955+0000: [ParNew: 34436K->4K(38720K), 0.0023516 secs] 380437K->346005K(506164K), 0.0024139 secs] [Times: user=0.00 sys=0.00, real=0.00 secs] 
2020-10-28T13:44:56.000+0000: [GC (Allocation Failure) 2020-10-28T13:44:56.000+0000: [ParNew: 34436K->4K(38720K), 0.0023258 secs] 380437K->346005K(506164K), 0.0023861 secs] [Times: user=0.00 sys=0.00, real=0.00 secs] 
2020-10-28T13:44:56.045+0000: [GC (Allocation Failure) 2020-10-28T13:44:56.045+0000: [ParNew: 34436K->4K(38720K), 0.0023245 secs] 380437K->346005K(506164K), 0.0024001 secs] [Times: user=0.00 sys=0.00, real=0.00 secs] 
2020-10-28T13:44:56.091+0000: [GC (Allocation Failure) 2020-10-28T13:44:56.091+0000: [ParNew: 34436K->4K(38720K), 0.0022774 secs] 380437K->346005K(506164K), 0.0023574 secs] [Times: user=0.00 sys=0.00, real=0.00 secs] 
2020-10-28T13:44:56.094+0000: [CMS-concurrent-abortable-preclean: 0.017/0.366 secs] [Times: user=0.39 sys=0.01, real=0.36 secs] 
2020-10-28T13:44:56.095+0000: [GC (CMS Final Remark) [YG occupancy: 691 K (38720 K)]2020-10-28T13:44:56.095+0000: [Rescan (parallel) , 0.0012254 secs]2020-10-28T13:44:56.097+0000: [weak refs processing, 0.0000296 secs]2020-10-28T13:44:56.097+0000: [class unloading, 0.0069928 secs]2020-10-28T13:44:56.104+0000: [scrub symbol table, 0.0081245 secs]2020-10-28T13:44:56.112+0000: [scrub string table, 0.0005970 secs][1 CMS-remark: 346001K(467444K)] 346692K(506164K), 0.0170697 secs] [Times: user=0.02 sys=0.01, real=0.02 secs] 
2020-10-28T13:44:56.113+0000: [CMS-concurrent-sweep-start]
2020-10-28T13:44:56.123+0000: [CMS-concurrent-sweep: 0.011/0.011 secs] [Times: user=0.02 sys=0.00, real=0.01 secs] 
2020-10-28T13:44:56.124+0000: [CMS-concurrent-reset-start]
2020-10-28T13:44:56.135+0000: [CMS-concurrent-reset: 0.011/0.011 secs] [Times: user=0.01 sys=0.00, real=0.01 secs] 
2020-10-28T13:44:56.166+0000: [GC (Allocation Failure) 2020-10-28T13:44:56.166+0000: [ParNew: 34436K->4K(38720K), 0.0026340 secs] 380437K->346005K(615392K), 0.0026944 secs] [Times: user=0.01 sys=0.00, real=0.01 secs] 
2020-10-28T13:44:56.214+0000: [GC (Allocation Failure) 2020-10-28T13:44:56.214+0000: [ParNew: 34436K->4K(38720K), 0.0027904 secs] 380437K->346005K(615392K), 0.0028491 secs] [Times: user=0.00 sys=0.00, real=0.00 secs] 
2020-10-28T13:44:56.259+0000: [GC (Allocation Failure) 2020-10-28T13:44:56.259+0000: [ParNew: 34436K->4K(38720K), 0.0026720 secs] 380437K->346005K(615392K), 0.0027321 secs] [Times: user=0.01 sys=0.00, real=0.01 secs] 
2020-10-28T13:44:56.306+0000: [GC (Allocation Failure) 2020-10-28T13:44:56.306+0000: [ParNew: 34436K->4K(38720K), 0.0026647 secs] 380437K->346005K(615392K), 0.0027230 secs] [Times: user=0.00 sys=0.00, real=0.01 secs] 
2020-10-28T13:44:56.352+0000: [GC (Allocation Failure) 2020-10-28T13:44:56.352+0000: [ParNew: 34436K->4K(38720K), 0.0101370 secs] 380437K->346005K(615392K), 0.0102175 secs] [Times: user=0.01 sys=0.00, real=0.01 secs] 
2020-10-28T13:44:56.409+0000: [GC (Allocation Failure) 2020-10-28T13:44:56.410+0000: [ParNew: 34436K->4K(38720K), 0.0026291 secs] 380437K->346005K(615392K), 0.0026906 secs] [Times: user=0.00 sys=0.00, real=0.00 secs] 
2020-10-28T13:44:56.454+0000: [GC (Allocation Failure) 2020-10-28T13:44:56.454+0000: [ParNew: 34436K->4K(38720K), 0.0026001 secs] 380437K->346005K(615392K), 0.0026576 secs] [Times: user=0.01 sys=0.00, real=0.00 secs] 
2020-10-28T13:44:56.497+0000: [GC (Allocation Failure) 2020-10-28T13:44:56.497+0000: [ParNew: 34436K->4K(38720K), 0.0026782 secs] 380437K->346005K(615392K), 0.0027394 secs] [Times: user=0.00 sys=0.00, real=0.01 secs] 
2020-10-28T13:44:56.542+0000: [GC (Allocation Failure) 2020-10-28T13:44:56.542+0000: [ParNew: 34436K->4K(38720K), 0.0027099 secs] 380437K->346005K(615392K), 0.0027713 secs] [Times: user=0.00 sys=0.00, real=0.00 secs] 
2020-10-28T13:44:56.587+0000: [GC (Allocation Failure) 2020-10-28T13:44:56.587+0000: [ParNew: 34436K->4K(38720K), 0.0026246 secs] 380437K->346005K(615392K), 0.0026868 secs] [Times: user=0.00 sys=0.01, real=0.01 secs] 
2020-10-28T13:44:56.631+0000: [GC (Allocation Failure) 2020-10-28T13:44:56.631+0000: [ParNew: 34436K->4K(38720K), 0.0026503 secs] 380437K->346005K(615392K), 0.0027106 secs] [Times: user=0.00 sys=0.00, real=0.00 secs] 
2020-10-28T13:44:56.675+0000: [GC (Allocation Failure) 2020-10-28T13:44:56.675+0000: [ParNew: 34436K->4K(38720K), 0.0025947 secs] 380437K->346005K(615392K), 0.0026541 secs] [Times: user=0.01 sys=0.00, real=0.00 secs] 
2020-10-28T13:44:56.720+0000: [GC (Allocation Failure) 2020-10-28T13:44:56.720+0000: [ParNew: 34436K->4K(38720K), 0.0026607 secs] 380437K->346005K(615392K), 0.0027237 secs] [Times: user=0.00 sys=0.00, real=0.00 secs] 
2020-10-28T13:44:56.765+0000: [GC (Allocation Failure) 2020-10-28T13:44:56.765+0000: [ParNew: 34436K->4K(38720K), 0.0026423 secs] 380437K->346005K(615392K), 0.0027042 secs] [Times: user=0.00 sys=0.00, real=0.01 secs] 
2020-10-28T13:44:56.809+0000: [GC (Allocation Failure) 2020-10-28T13:44:56.809+0000: [ParNew: 34436K->4K(38720K), 0.0026270 secs] 380437K->346005K(615392K), 0.0026853 secs] [Times: user=0.01 sys=0.00, real=0.00 secs] 
2020-10-28T13:44:56.853+0000: [GC (Allocation Failure) 2020-10-28T13:44:56.853+0000: [ParNew: 34436K->4K(38720K), 0.0026787 secs] 380437K->346005K(615392K), 0.0027547 secs] [Times: user=0.00 sys=0.00, real=0.00 secs] 
2020-10-28T13:44:56.898+0000: [GC (Allocation Failure) 2020-10-28T13:44:56.898+0000: [ParNew: 34436K->4K(38720K), 0.0026303 secs] 380437K->346005K(615392K), 0.0026909 secs] [Times: user=0.01 sys=0.00, real=0.01 secs] 
2020-10-28T13:44:56.942+0000: [GC (Allocation Failure) 2020-10-28T13:44:56.942+0000: [ParNew: 34436K->4K(38720K), 0.0026234 secs] 380437K->346005K(615392K), 0.0026818 secs] [Times: user=0.01 sys=0.00, real=0.00 secs] 
2020-10-28T13:44:56.978+0000: [GC (Allocation Failure) 2020-10-28T13:44:56.978+0000: [ParNew: 27561K->4K(38720K), 0.0026096 secs] 373563K->346005K(615392K), 0.0026682 secs] [Times: user=0.00 sys=0.00, real=0.01 secs] 
2020-10-28T13:44:56.987+0000: [GC (Allocation Failure) 2020-10-28T13:44:56.987+0000: [ParNew: 34436K->4K(38720K), 0.0263078 secs] 380437K->378773K(615392K), 0.0263746 secs] [Times: user=0.04 sys=0.01, real=0.03 secs] 
2020-10-28T13:44:57.016+0000: [GC (CMS Initial Mark) [1 CMS-initial-mark: 378769K(576672K)] 380827K(615392K), 0.0021202 secs] [Times: user=0.00 sys=0.00, real=0.00 secs] 
2020-10-28T13:44:57.018+0000: [CMS-concurrent-mark-start]
2020-10-28T13:44:57.084+0000: [CMS-concurrent-mark: 0.066/0.066 secs] [Times: user=0.13 sys=0.00, real=0.07 secs] 
2020-10-28T13:44:57.084+0000: [GC (Allocation Failure) 2020-10-28T13:44:57.084+0000: [ParNew: 34436K->4K(38720K), 0.0026124 secs] 413205K->378773K(615392K), 0.0026556 secs] [Times: user=0.01 sys=0.00, real=0.00 secs] 
2020-10-28T13:44:57.087+0000: [CMS-concurrent-preclean-start]
2020-10-28T13:44:57.089+0000: [CMS-concurrent-preclean: 0.002/0.002 secs] [Times: user=0.00 sys=0.01, real=0.01 secs] 
2020-10-28T13:44:57.091+0000: [GC (CMS Final Remark) [YG occupancy: 1376 K (38720 K)]2020-10-28T13:44:57.091+0000: [Rescan (parallel) , 0.0021255 secs]2020-10-28T13:44:57.094+0000: [weak refs processing, 0.0000395 secs]2020-10-28T13:44:57.094+0000: [class unloading, 0.0069652 secs]2020-10-28T13:44:57.101+0000: [scrub symbol table, 0.0080030 secs]2020-10-28T13:44:57.109+0000: [scrub string table, 0.0006124 secs][1 CMS-remark: 378769K(576672K)] 380145K(615392K), 0.0178479 secs] [Times: user=0.02 sys=0.00, real=0.02 secs] 
2020-10-28T13:44:57.111+0000: [CMS-concurrent-sweep-start]
2020-10-28T13:44:57.122+0000: [CMS-concurrent-sweep: 0.011/0.011 secs] [Times: user=0.02 sys=0.00, real=0.01 secs] 
2020-10-28T13:44:57.122+0000: [CMS-concurrent-reset-start]
2020-10-28T13:44:57.134+0000: [CMS-concurrent-reset: 0.011/0.011 secs] [Times: user=0.03 sys=0.00, real=0.01 secs] 
2020-10-28T13:44:57.162+0000: [GC (Allocation Failure) 2020-10-28T13:44:57.162+0000: [ParNew: 34436K->4K(38720K), 0.0027837 secs] 413171K->378739K(669948K), 0.0028426 secs] [Times: user=0.00 sys=0.00, real=0.00 secs] 
2020-10-28T13:44:57.206+0000: [GC (Allocation Failure) 2020-10-28T13:44:57.206+0000: [ParNew: 34436K->4K(38720K), 0.0027928 secs] 413171K->378739K(669948K), 0.0028510 secs] [Times: user=0.01 sys=0.00, real=0.01 secs] 
2020-10-28T13:44:57.252+0000: [GC (Allocation Failure) 2020-10-28T13:44:57.252+0000: [ParNew: 34436K->4K(38720K), 0.0035718 secs] 413171K->378739K(669948K), 0.0036302 secs] [Times: user=0.01 sys=0.00, real=0.00 secs] 
2020-10-28T13:44:57.297+0000: [GC (Allocation Failure) 2020-10-28T13:44:57.297+0000: [ParNew: 34436K->4K(38720K), 0.0027930 secs] 413171K->378739K(669948K), 0.0028526 secs] [Times: user=0.01 sys=0.00, real=0.01 secs] 
2020-10-28T13:44:57.341+0000: [GC (Allocation Failure) 2020-10-28T13:44:57.341+0000: [ParNew: 34436K->4K(38720K), 0.0028548 secs] 413171K->378739K(669948K), 0.0029276 secs] [Times: user=0.00 sys=0.00, real=0.00 secs] 
2020-10-28T13:44:57.386+0000: [GC (Allocation Failure) 2020-10-28T13:44:57.386+0000: [ParNew: 34436K->4K(38720K), 0.0027675 secs] 413171K->378739K(669948K), 0.0028258 secs] [Times: user=0.01 sys=0.00, real=0.01 secs] 
2020-10-28T13:44:57.430+0000: [GC (Allocation Failure) 2020-10-28T13:44:57.430+0000: [ParNew: 34436K->4K(38720K), 0.0027781 secs] 413171K->378739K(669948K), 0.0028363 secs] [Times: user=0.01 sys=0.00, real=0.00 secs] 
2020-10-28T13:44:57.474+0000: [GC (Allocation Failure) 2020-10-28T13:44:57.474+0000: [ParNew: 34436K->4K(38720K), 0.0028342 secs] 413171K->378739K(669948K), 0.0028947 secs] [Times: user=0.00 sys=0.00, real=0.00 secs] 
2020-10-28T13:44:57.518+0000: [GC (Allocation Failure) 2020-10-28T13:44:57.518+0000: [ParNew: 34436K->4K(38720K), 0.0028030 secs] 413171K->378739K(669948K), 0.0028631 secs] [Times: user=0.00 sys=0.00, real=0.01 secs] 
2020-10-28T13:44:57.563+0000: [GC (Allocation Failure) 2020-10-28T13:44:57.563+0000: [ParNew: 34436K->4K(38720K), 0.0028004 secs] 413171K->378739K(669948K), 0.0028703 secs] [Times: user=0.01 sys=0.01, real=0.00 secs] 
2020-10-28T13:44:57.608+0000: [GC (Allocation Failure) 2020-10-28T13:44:57.608+0000: [ParNew: 34436K->4K(38720K), 0.0027390 secs] 413171K->378739K(669948K), 0.0027983 secs] [Times: user=0.00 sys=0.00, real=0.00 secs] 
2020-10-28T13:44:57.652+0000: [GC (Allocation Failure) 2020-10-28T13:44:57.652+0000: [ParNew: 34436K->4K(38720K), 0.0027165 secs] 413171K->378739K(669948K), 0.0027755 secs] [Times: user=0.01 sys=0.00, real=0.00 secs] 
2020-10-28T13:44:57.696+0000: [GC (Allocation Failure) 2020-10-28T13:44:57.696+0000: [ParNew: 34436K->4K(38720K), 0.0027875 secs] 413171K->378739K(669948K), 0.0028443 secs] [Times: user=0.01 sys=0.00, real=0.00 secs] 
2020-10-28T13:44:57.742+0000: [GC (Allocation Failure) 2020-10-28T13:44:57.742+0000: [ParNew: 34436K->4K(38720K), 0.0027839 secs] 413171K->378739K(669948K), 0.0028421 secs] [Times: user=0.01 sys=0.00, real=0.00 secs] 
2020-10-28T13:44:57.786+0000: [GC (Allocation Failure) 2020-10-28T13:44:57.786+0000: [ParNew: 34436K->4K(38720K), 0.0027466 secs] 413171K->378739K(669948K), 0.0028093 secs] [Times: user=0.00 sys=0.00, real=0.01 secs] 
2020-10-28T13:44:57.830+0000: [GC (Allocation Failure) 2020-10-28T13:44:57.830+0000: [ParNew: 34436K->4K(38720K), 0.0027920 secs] 413171K->378739K(669948K), 0.0028480 secs] [Times: user=0.01 sys=0.00, real=0.00 secs] 
2020-10-28T13:44:57.880+0000: [GC (Allocation Failure) 2020-10-28T13:44:57.880+0000: [ParNew: 34436K->4K(38720K), 0.0027346 secs] 413171K->378739K(669948K), 0.0027940 secs] [Times: user=0.00 sys=0.00, real=0.00 secs] 
2020-10-28T13:44:57.924+0000: [GC (Allocation Failure) 2020-10-28T13:44:57.925+0000: [ParNew: 34436K->4K(38720K), 0.0027341 secs] 413171K->378739K(669948K), 0.0027933 secs] [Times: user=0.01 sys=0.00, real=0.00 secs] 
2020-10-28T13:44:57.981+0000: [GC (Allocation Failure) 2020-10-28T13:44:57.981+0000: [ParNew: 34436K->4K(38720K), 0.0027419 secs] 413171K->378739K(669948K), 0.0027986 secs] [Times: user=0.00 sys=0.00, real=0.00 secs] 
2020-10-28T13:44:58.025+0000: [GC (Allocation Failure) 2020-10-28T13:44:58.025+0000: [ParNew: 34436K->4K(38720K), 0.0027605 secs] 413171K->378739K(669948K), 0.0028197 secs] [Times: user=0.01 sys=0.00, real=0.01 secs] 
2020-10-28T13:44:58.072+0000: [GC (Allocation Failure) 2020-10-28T13:44:58.072+0000: [ParNew: 34436K->4K(38720K), 0.0027486 secs] 413171K->378739K(669948K), 0.0028072 secs] [Times: user=0.00 sys=0.00, real=0.00 secs] 
2020-10-28T13:44:58.116+0000: [GC (Allocation Failure) 2020-10-28T13:44:58.116+0000: [ParNew: 34436K->4K(38720K), 0.0027148 secs] 413171K->378739K(669948K), 0.0027733 secs] [Times: user=0.00 sys=0.00, real=0.00 secs] 
2020-10-28T13:44:58.160+0000: [GC (Allocation Failure) 2020-10-28T13:44:58.160+0000: [ParNew: 33761K->4K(38720K), 0.0027302 secs] 412497K->378739K(669948K), 0.0027882 secs] [Times: user=0.00 sys=0.00, real=0.00 secs] 
2020-10-28T13:44:58.170+0000: [GC (Allocation Failure) 2020-10-28T13:44:58.170+0000: [ParNew: 34436K->4K(38720K), 0.0274061 secs] 413171K->411507K(669948K), 0.0274661 secs] [Times: user=0.04 sys=0.01, real=0.02 secs] 
2020-10-28T13:44:58.203+0000: [GC (CMS Initial Mark) [1 CMS-initial-mark: 411503K(631228K)] 414249K(669948K), 0.0028745 secs] [Times: user=0.01 sys=0.00, real=0.00 secs] 
2020-10-28T13:44:58.206+0000: [CMS-concurrent-mark-start]
2020-10-28T13:44:58.271+0000: [CMS-concurrent-mark: 0.065/0.065 secs] [Times: user=0.12 sys=0.00, real=0.07 secs] 
2020-10-28T13:44:58.271+0000: [GC (Allocation Failure) 2020-10-28T13:44:58.271+0000: [ParNew: 34436K->4K(38720K), 0.0028479 secs] 445939K->411507K(669948K), 0.0028910 secs] [Times: user=0.01 sys=0.00, real=0.00 secs] 
2020-10-28T13:44:58.274+0000: [CMS-concurrent-preclean-start]
2020-10-28T13:44:58.276+0000: [CMS-concurrent-preclean: 0.002/0.002 secs] [Times: user=0.00 sys=0.00, real=0.00 secs] 
2020-10-28T13:44:58.279+0000: [GC (CMS Final Remark) [YG occupancy: 1377 K (38720 K)]2020-10-28T13:44:58.279+0000: [Rescan (parallel) , 0.0021600 secs]2020-10-28T13:44:58.281+0000: [weak refs processing, 0.0000324 secs]2020-10-28T13:44:58.281+0000: [class unloading, 0.0069294 secs]2020-10-28T13:44:58.288+0000: [scrub symbol table, 0.0079641 secs]2020-10-28T13:44:58.296+0000: [scrub string table, 0.0005803 secs][1 CMS-remark: 411503K(631228K)] 412881K(669948K), 0.0177591 secs] [Times: user=0.02 sys=0.00, real=0.02 secs] 
2020-10-28T13:44:58.299+0000: [CMS-concurrent-sweep-start]
2020-10-28T13:44:58.310+0000: [CMS-concurrent-sweep: 0.010/0.010 secs] [Times: user=0.02 sys=0.00, real=0.01 secs] 
2020-10-28T13:44:58.310+0000: [CMS-concurrent-reset-start]
2020-10-28T13:44:58.322+0000: [CMS-concurrent-reset: 0.011/0.011 secs] [Times: user=0.02 sys=0.00, real=0.01 secs] 
2020-10-28T13:44:58.351+0000: [GC (Allocation Failure) 2020-10-28T13:44:58.351+0000: [ParNew: 34436K->4K(38720K), 0.0029512 secs] 445939K->411507K(724560K), 0.0030109 secs] [Times: user=0.01 sys=0.00, real=0.00 secs] 
2020-10-28T13:44:58.395+0000: [GC (Allocation Failure) 2020-10-28T13:44:58.395+0000: [ParNew: 34436K->4K(38720K), 0.0029164 secs] 445939K->411507K(724560K), 0.0029760 secs] [Times: user=0.00 sys=0.00, real=0.00 secs] 
2020-10-28T13:44:58.439+0000: [GC (Allocation Failure) 2020-10-28T13:44:58.439+0000: [ParNew: 34436K->4K(38720K), 0.0029154 secs] 445939K->411507K(724560K), 0.0029746 secs] [Times: user=0.00 sys=0.00, real=0.01 secs] 
2020-10-28T13:44:58.483+0000: [GC (Allocation Failure) 2020-10-28T13:44:58.483+0000: [ParNew: 34436K->4K(38720K), 0.0029072 secs] 445939K->411507K(724560K), 0.0029824 secs] [Times: user=0.01 sys=0.00, real=0.00 secs] 
2020-10-28T13:44:58.527+0000: [GC (Allocation Failure) 2020-10-28T13:44:58.527+0000: [ParNew: 34436K->4K(38720K), 0.0030205 secs] 445939K->411507K(724560K), 0.0030787 secs] [Times: user=0.01 sys=0.00, real=0.00 secs] 
2020-10-28T13:44:58.571+0000: [GC (Allocation Failure) 2020-10-28T13:44:58.572+0000: [ParNew: 34436K->4K(38720K), 0.0029441 secs] 445939K->411507K(724560K), 0.0030044 secs] [Times: user=0.00 sys=0.00, real=0.00 secs] 
2020-10-28T13:44:58.616+0000: [GC (Allocation Failure) 2020-10-28T13:44:58.616+0000: [ParNew: 34436K->4K(38720K), 0.0030106 secs] 445939K->411507K(724560K), 0.0030707 secs] [Times: user=0.01 sys=0.00, real=0.00 secs] 
2020-10-28T13:44:58.660+0000: [GC (Allocation Failure) 2020-10-28T13:44:58.660+0000: [ParNew: 34436K->4K(38720K), 0.0029297 secs] 445939K->411507K(724560K), 0.0029885 secs] [Times: user=0.01 sys=0.00, real=0.00 secs] 
2020-10-28T13:44:58.705+0000: [GC (Allocation Failure) 2020-10-28T13:44:58.705+0000: [ParNew: 34436K->4K(38720K), 0.0029245 secs] 445939K->411507K(724560K), 0.0029839 secs] [Times: user=0.00 sys=0.00, real=0.01 secs] 
2020-10-28T13:45:00.322+0000: [GC (Allocation Failure) 2020-10-28T13:45:00.322+0000: [ParNew: 34436K->319K(38720K), 0.0039027 secs] 445939K->411822K(724560K), 0.0039650 secs] [Times: user=0.00 sys=0.00, real=0.00 secs] 
2020-10-28T13:45:01.824+0000: [GC (Allocation Failure) 2020-10-28T13:45:01.824+0000: [ParNew: 34751K->1137K(38720K), 0.0053488 secs] 446254K->412641K(724560K), 0.0054363 secs] [Times: user=0.01 sys=0.00, real=0.01 secs] 
2020-10-28T13:45:02.011+0000: [GC (Allocation Failure) 2020-10-28T13:45:02.011+0000: [ParNew: 35569K->2670K(38720K), 0.0072898 secs] 447073K->414174K(724560K), 0.0073572 secs] [Times: user=0.01 sys=0.00, real=0.00 secs] 
2020-10-28T13:45:02.236+0000: [GC (Allocation Failure) 2020-10-28T13:45:02.236+0000: [ParNew: 37102K->2573K(38720K), 0.0096019 secs] 448606K->415005K(724560K), 0.0096765 secs] [Times: user=0.02 sys=0.00, real=0.01 secs] 
2020-10-28T13:45:02.417+0000: [GC (Allocation Failure) 2020-10-28T13:45:02.417+0000: [ParNew: 37005K->2083K(38720K), 0.0050714 secs] 449437K->414516K(724560K), 0.0051523 secs] [Times: user=0.01 sys=0.00, real=0.01 secs] 
2020-10-28T13:45:02.618+0000: [GC (Allocation Failure) 2020-10-28T13:45:02.618+0000: [ParNew: 36515K->2412K(38720K), 0.0052717 secs] 448948K->414845K(724560K), 0.0053550 secs] [Times: user=0.01 sys=0.00, real=0.01 secs] 
2020-10-28T13:45:02.792+0000: [GC (Allocation Failure) 2020-10-28T13:45:02.792+0000: [ParNew: 36844K->2151K(38720K), 0.0056957 secs] 449277K->414583K(724560K), 0.0057553 secs] [Times: user=0.01 sys=0.00, real=0.00 secs] 
2020-10-28T13:45:03.144+0000: [GC (Allocation Failure) 2020-10-28T13:45:03.144+0000: [ParNew: 36583K->2913K(38720K), 0.0068270 secs] 449015K->415345K(724560K), 0.0068884 secs] [Times: user=0.01 sys=0.00, real=0.01 secs] 
2020-10-28T13:45:03.428+0000: [GC (Allocation Failure) 2020-10-28T13:45:03.428+0000: [ParNew: 37345K->3522K(38720K), 0.0076014 secs] 449777K->416275K(724560K), 0.0076846 secs] [Times: user=0.02 sys=0.00, real=0.00 secs] 
2020-10-28T13:45:03.963+0000: [GC (Allocation Failure) 2020-10-28T13:45:03.963+0000: [ParNew: 37954K->4288K(38720K), 0.0105841 secs] 450707K->417952K(724560K), 0.0106480 secs] [Times: user=0.02 sys=0.00, real=0.01 secs] 
2020-10-28T13:45:04.373+0000: [GC (Allocation Failure) 2020-10-28T13:45:04.373+0000: [ParNew: 38720K->4107K(38720K), 0.0435851 secs] 452384K->421089K(724560K), 0.0436792 secs] [Times: user=0.08 sys=0.00, real=0.04 secs] 
2020-10-28T13:45:04.562+0000: [GC (Allocation Failure) 2020-10-28T13:45:04.562+0000: [ParNew: 38539K->2595K(38720K), 0.0180455 secs] 455521K->422066K(724560K), 0.0181315 secs] [Times: user=0.03 sys=0.00, real=0.02 secs] 
2020-10-28T13:45:04.677+0000: [GC (Allocation Failure) 2020-10-28T13:45:04.677+0000: [ParNew: 37027K->1604K(38720K), 0.0056352 secs] 456498K->421075K(724560K), 0.0057175 secs] [Times: user=0.01 sys=0.00, real=0.01 secs] 
2020-10-28T13:45:04.766+0000: [GC (Allocation Failure) 2020-10-28T13:45:04.766+0000: [ParNew: 36036K->1558K(38720K), 0.0094236 secs] 455507K->421029K(724560K), 0.0095054 secs] [Times: user=0.01 sys=0.00, real=0.01 secs] 
2020-10-28T13:45:04.865+0000: [GC (Allocation Failure) 2020-10-28T13:45:04.865+0000: [ParNew: 35990K->2235K(38720K), 0.0119146 secs] 455461K->421706K(724560K), 0.0119977 secs] [Times: user=0.03 sys=0.00, real=0.01 secs] 
2020-10-28T13:45:04.988+0000: [GC (Allocation Failure) 2020-10-28T13:45:04.988+0000: [ParNew: 36667K->2142K(38720K), 0.0036787 secs] 456138K->421613K(724560K), 0.0037393 secs] [Times: user=0.01 sys=0.00, real=0.00 secs] 
2020-10-28T13:45:05.073+0000: [GC (Allocation Failure) 2020-10-28T13:45:05.073+0000: [ParNew: 36574K->2850K(38720K), 0.0055561 secs] 456045K->422321K(724560K), 0.0056197 secs] [Times: user=0.01 sys=0.00, real=0.00 secs] 
2020-10-28T13:45:05.139+0000: [GC (Allocation Failure) 2020-10-28T13:45:05.140+0000: [ParNew: 37282K->3161K(38720K), 0.0040557 secs] 456753K->422875K(724560K), 0.0041303 secs] [Times: user=0.01 sys=0.00, real=0.00 secs] 
2020-10-28T13:45:05.208+0000: [GC (Allocation Failure) 2020-10-28T13:45:05.208+0000: [ParNew: 37593K->3083K(38720K), 0.0075947 secs] 457307K->423310K(724560K), 0.0076593 secs] [Times: user=0.01 sys=0.00, real=0.00 secs] 
2020-10-28T13:45:05.311+0000: [GC (Allocation Failure) 2020-10-28T13:45:05.311+0000: [ParNew: 36497K->1030K(38720K), 0.0072061 secs] 456725K->423306K(724560K), 0.0072819 secs] [Times: user=0.00 sys=0.00, real=0.00 secs] 
2020-10-28T13:45:05.380+0000: [GC (Allocation Failure) 2020-10-28T13:45:05.381+0000: [ParNew: 35462K->2054K(38720K), 0.0118718 secs] 457738K->424329K(724560K), 0.0119577 secs] [Times: user=0.03 sys=0.00, real=0.01 secs] 
2020-10-28T13:45:05.458+0000: [GC (Allocation Failure) 2020-10-28T13:45:05.458+0000: [ParNew: 36486K->3076K(38720K), 0.0037962 secs] 458761K->425351K(724560K), 0.0038581 secs] [Times: user=0.01 sys=0.00, real=0.01 secs] 
2020-10-28T13:45:05.516+0000: [GC (Allocation Failure) 2020-10-28T13:45:05.516+0000: [ParNew: 37508K->2054K(38720K), 0.0037267 secs] 459783K->425353K(724560K), 0.0037887 secs] [Times: user=0.01 sys=0.00, real=0.01 secs] 
2020-10-28T13:45:05.576+0000: [GC (Allocation Failure) 2020-10-28T13:45:05.576+0000: [ParNew: 36486K->2054K(38720K), 0.0035101 secs] 459785K->425353K(724560K), 0.0035721 secs] [Times: user=0.00 sys=0.00, real=0.00 secs] 
2020-10-28T13:45:05.640+0000: [GC (Allocation Failure) 2020-10-28T13:45:05.640+0000: [ParNew: 36486K->1028K(38720K), 0.0067335 secs] 459785K->424327K(724560K), 0.0068162 secs] [Times: user=0.01 sys=0.00, real=0.00 secs] 
2020-10-28T13:45:05.701+0000: [GC (Allocation Failure) 2020-10-28T13:45:05.701+0000: [ParNew: 35460K->4102K(38720K), 0.0045082 secs] 458759K->429449K(724560K), 0.0045700 secs] [Times: user=0.01 sys=0.00, real=0.00 secs] 
2020-10-28T13:45:05.753+0000: [GC (Allocation Failure) 2020-10-28T13:45:05.753+0000: [ParNew: 38534K->2054K(38720K), 0.0046190 secs] 463881K->431498K(724560K), 0.0046809 secs] [Times: user=0.01 sys=0.00, real=0.00 secs] 
2020-10-28T13:45:05.820+0000: [GC (Allocation Failure) 2020-10-28T13:45:05.820+0000: [ParNew: 36486K->4104K(38720K), 0.0038723 secs] 465930K->433548K(724560K), 0.0039350 secs] [Times: user=0.00 sys=0.00, real=0.00 secs] 
2020-10-28T13:45:05.877+0000: [GC (Allocation Failure) 2020-10-28T13:45:05.877+0000: [ParNew: 38536K->6K(38720K), 0.0036295 secs] 467980K->431498K(724560K), 0.0036921 secs] [Times: user=0.01 sys=0.00, real=0.01 secs] 
2020-10-28T13:45:05.935+0000: [GC (Allocation Failure) 2020-10-28T13:45:05.936+0000: [ParNew: 34438K->6K(38720K), 0.0030774 secs] 465930K->431498K(724560K), 0.0031605 secs] [Times: user=0.01 sys=0.00, real=0.00 secs] 
2020-10-28T13:45:06.007+0000: [GC (Allocation Failure) 2020-10-28T13:45:06.007+0000: [ParNew: 34438K->6K(38720K), 0.0031388 secs] 465930K->431498K(724560K), 0.0032201 secs] [Times: user=0.01 sys=0.00, real=0.01 secs] 
2020-10-28T13:45:06.078+0000: [GC (Allocation Failure) 2020-10-28T13:45:06.078+0000: [ParNew: 34438K->6K(38720K), 0.0036416 secs] 465930K->431498K(724560K), 0.0037149 secs] [Times: user=0.00 sys=0.00, real=0.01 secs] 
2020-10-28T13:45:06.163+0000: [GC (Allocation Failure) 2020-10-28T13:45:06.163+0000: [ParNew: 34438K->6K(38720K), 0.0049413 secs] 465930K->431498K(724560K), 0.0050163 secs] [Times: user=0.01 sys=0.00, real=0.01 secs] 
2020-10-28T13:45:06.224+0000: [GC (Allocation Failure) 2020-10-28T13:45:06.224+0000: [ParNew: 34438K->6K(38720K), 0.0064803 secs] 465930K->431498K(724560K), 0.0065513 secs] [Times: user=0.01 sys=0.00, real=0.01 secs] 
2020-10-28T13:45:06.319+0000: [GC (Allocation Failure) 2020-10-28T13:45:06.319+0000: [ParNew: 34438K->6K(38720K), 0.0066422 secs] 465930K->431498K(724560K), 0.0067694 secs] [Times: user=0.01 sys=0.00, real=0.01 secs] 
2020-10-28T13:45:06.383+0000: [GC (Allocation Failure) 2020-10-28T13:45:06.383+0000: [ParNew: 34438K->6K(38720K), 0.0081832 secs] 465930K->431498K(724560K), 0.0082665 secs] [Times: user=0.01 sys=0.00, real=0.01 secs] 
2020-10-28T13:45:06.448+0000: [GC (Allocation Failure) 2020-10-28T13:45:06.448+0000: [ParNew: 34438K->4K(38720K), 0.0031072 secs] 465930K->431496K(724560K), 0.0031887 secs] [Times: user=0.01 sys=0.00, real=0.00 secs] 
2020-10-28T13:45:06.509+0000: [GC (Allocation Failure) 2020-10-28T13:45:06.509+0000: [ParNew: 34436K->4102K(38720K), 0.0075121 secs] 465928K->435594K(724560K), 0.0075943 secs] [Times: user=0.02 sys=0.00, real=0.00 secs] 
2020-10-28T13:45:06.574+0000: [GC (Allocation Failure) 2020-10-28T13:45:06.574+0000: [ParNew: 38534K->6K(38720K), 0.0063196 secs] 470026K->435594K(724560K), 0.0064068 secs] [Times: user=0.01 sys=0.00, real=0.01 secs] 
2020-10-28T13:45:06.652+0000: [GC (Allocation Failure) 2020-10-28T13:45:06.652+0000: [ParNew: 34438K->6K(38720K), 0.0049101 secs] 470026K->435594K(724560K), 0.0049858 secs] [Times: user=0.01 sys=0.00, real=0.00 secs] 
2020-10-28T13:45:06.706+0000: [GC (Allocation Failure) 2020-10-28T13:45:06.706+0000: [ParNew: 34438K->4100K(38720K), 0.0040243 secs] 470026K->439688K(724560K), 0.0040863 secs] [Times: user=0.01 sys=0.00, real=0.01 secs] 
2020-10-28T13:45:06.768+0000: [GC (Allocation Failure) 2020-10-28T13:45:06.768+0000: [ParNew: 38532K->4104K(38720K), 0.0102349 secs] 474120K->447885K(724560K), 0.0103012 secs] [Times: user=0.01 sys=0.01, real=0.00 secs] 
2020-10-28T13:45:06.821+0000: [GC (Allocation Failure) 2020-10-28T13:45:06.821+0000: [ParNew: 38536K->4102K(38720K), 0.0107395 secs] 482317K->447883K(724560K), 0.0108034 secs] [Times: user=0.02 sys=0.00, real=0.01 secs] 
2020-10-28T13:45:06.896+0000: [GC (Allocation Failure) 2020-10-28T13:45:06.896+0000: [ParNew: 38534K->6K(38720K), 0.0059296 secs] 482315K->447883K(724560K), 0.0060129 secs] [Times: user=0.01 sys=0.00, real=0.01 secs] 
2020-10-28T13:45:06.953+0000: [GC (Allocation Failure) 2020-10-28T13:45:06.953+0000: [ParNew: 34438K->6K(38720K), 0.0033359 secs] 482315K->447883K(724560K), 0.0033987 secs] [Times: user=0.01 sys=0.00, real=0.00 secs] 
2020-10-28T13:45:07.008+0000: [GC (Allocation Failure) 2020-10-28T13:45:07.008+0000: [ParNew: 34438K->6K(38720K), 0.0030611 secs] 482315K->447883K(724560K), 0.0031234 secs] [Times: user=0.00 sys=0.00, real=0.00 secs] 
2020-10-28T13:45:07.057+0000: [GC (Allocation Failure) 2020-10-28T13:45:07.057+0000: [ParNew: 34438K->4K(38720K), 0.0059825 secs] 482315K->447881K(724560K), 0.0060566 secs] [Times: user=0.01 sys=0.00, real=0.01 secs] 
2020-10-28T13:45:07.110+0000: [GC (Allocation Failure) 2020-10-28T13:45:07.110+0000: [ParNew: 34436K->6K(38720K), 0.0030964 secs] 482313K->447883K(724560K), 0.0031609 secs] [Times: user=0.00 sys=0.00, real=0.00 secs] 
2020-10-28T13:45:07.166+0000: [GC (Allocation Failure) 2020-10-28T13:45:07.166+0000: [ParNew: 34438K->6K(38720K), 0.0031574 secs] 482315K->447883K(724560K), 0.0032213 secs] [Times: user=0.00 sys=0.00, real=0.01 secs] 
2020-10-28T13:45:07.211+0000: [GC (Allocation Failure) 2020-10-28T13:45:07.211+0000: [ParNew: 34438K->6K(38720K), 0.0031650 secs] 482315K->447883K(724560K), 0.0032267 secs] [Times: user=0.01 sys=0.01, real=0.00 secs] 
2020-10-28T13:45:07.256+0000: [GC (Allocation Failure) 2020-10-28T13:45:07.256+0000: [ParNew: 34438K->6K(38720K), 0.0056351 secs] 482315K->447883K(724560K), 0.0057171 secs] [Times: user=0.01 sys=0.00, real=0.01 secs] 
2020-10-28T13:45:07.307+0000: [GC (Allocation Failure) 2020-10-28T13:45:07.307+0000: [ParNew: 34438K->4K(38720K), 0.0031200 secs] 482315K->447881K(724560K), 0.0031824 secs] [Times: user=0.01 sys=0.00, real=0.01 secs] 
2020-10-28T13:45:07.352+0000: [GC (Allocation Failure) 2020-10-28T13:45:07.352+0000: [ParNew: 34436K->6K(38720K), 0.0030622 secs] 482313K->447883K(724560K), 0.0031234 secs] [Times: user=0.01 sys=0.00, real=0.00 secs] 
2020-10-28T13:45:07.399+0000: [GC (Allocation Failure) 2020-10-28T13:45:07.399+0000: [ParNew: 34438K->6K(38720K), 0.0030813 secs] 482315K->447883K(724560K), 0.0031429 secs] [Times: user=0.01 sys=0.00, real=0.01 secs] 
2020-10-28T13:45:07.440+0000: [GC (Allocation Failure) 2020-10-28T13:45:07.440+0000: [ParNew: 34438K->6K(38720K), 0.0031026 secs] 482315K->447883K(724560K), 0.0031629 secs] [Times: user=0.01 sys=0.00, real=0.00 secs] 
2020-10-28T13:45:07.480+0000: [GC (Allocation Failure) 2020-10-28T13:45:07.480+0000: [ParNew: 34438K->6K(38720K), 0.0030659 secs] 482315K->447883K(724560K), 0.0031261 secs] [Times: user=0.01 sys=0.00, real=0.00 secs] 
2020-10-28T13:45:07.536+0000: [GC (Allocation Failure) 2020-10-28T13:45:07.536+0000: [ParNew: 34438K->6K(38720K), 0.0030705 secs] 482315K->447883K(724560K), 0.0031306 secs] [Times: user=0.01 sys=0.00, real=0.01 secs] 
2020-10-28T13:45:07.580+0000: [GC (Allocation Failure) 2020-10-28T13:45:07.580+0000: [ParNew: 34438K->6K(38720K), 0.0030625 secs] 482315K->447883K(724560K), 0.0031226 secs] [Times: user=0.00 sys=0.00, real=0.00 secs] 
2020-10-28T13:45:07.624+0000: [GC (Allocation Failure) 2020-10-28T13:45:07.624+0000: [ParNew: 34438K->6K(38720K), 0.0030447 secs] 482315K->447883K(724560K), 0.0031049 secs] [Times: user=0.01 sys=0.00, real=0.00 secs] 
2020-10-28T13:45:07.664+0000: [GC (Allocation Failure) 2020-10-28T13:45:07.664+0000: [ParNew: 34438K->6K(38720K), 0.0031163 secs] 482315K->447883K(724560K), 0.0031756 secs] [Times: user=0.01 sys=0.00, real=0.00 secs] 
2020-10-28T13:45:07.710+0000: [GC (Allocation Failure) 2020-10-28T13:45:07.710+0000: [ParNew: 34438K->6K(38720K), 0.0032075 secs] 482315K->447883K(724560K), 0.0032727 secs] [Times: user=0.00 sys=0.00, real=0.00 secs] 
2020-10-28T13:45:07.752+0000: [GC (Allocation Failure) 2020-10-28T13:45:07.752+0000: [ParNew: 34438K->4K(38720K), 0.0030862 secs] 482315K->447881K(724560K), 0.0031484 secs] [Times: user=0.01 sys=0.00, real=0.00 secs] 
2020-10-28T13:45:07.795+0000: [GC (Allocation Failure) 2020-10-28T13:45:07.795+0000: [ParNew: 34436K->6K(38720K), 0.0031304 secs] 482313K->447883K(724560K), 0.0032093 secs] [Times: user=0.00 sys=0.00, real=0.00 secs] 
2020-10-28T13:45:07.840+0000: [GC (Allocation Failure) 2020-10-28T13:45:07.840+0000: [ParNew: 34438K->4K(38720K), 0.0030875 secs] 482315K->447881K(724560K), 0.0031468 secs] [Times: user=0.01 sys=0.00, real=0.00 secs] 
2020-10-28T13:45:07.887+0000: [GC (Allocation Failure) 2020-10-28T13:45:07.887+0000: [ParNew: 34436K->4K(38720K), 0.0030986 secs] 482313K->447881K(724560K), 0.0031676 secs] [Times: user=0.00 sys=0.00, real=0.01 secs] 
2020-10-28T13:45:07.935+0000: [GC (Allocation Failure) 2020-10-28T13:45:07.935+0000: [ParNew: 34436K->6K(38720K), 0.0031472 secs] 482313K->447883K(724560K), 0.0032079 secs] [Times: user=0.01 sys=0.00, real=0.00 secs] 
2020-10-28T13:45:07.984+0000: [GC (Allocation Failure) 2020-10-28T13:45:07.984+0000: [ParNew: 34438K->6K(38720K), 0.0086073 secs] 482315K->456075K(724560K), 0.0086714 secs] [Times: user=0.02 sys=0.00, real=0.01 secs] 
2020-10-28T13:45:08.032+0000: [GC (Allocation Failure) 2020-10-28T13:45:08.032+0000: [ParNew: 34438K->6K(38720K), 0.0030467 secs] 490507K->456075K(724560K), 0.0031057 secs] [Times: user=0.01 sys=0.00, real=0.00 secs] 
2020-10-28T13:45:08.072+0000: [GC (Allocation Failure) 2020-10-28T13:45:08.072+0000: [ParNew: 34438K->6K(38720K), 0.0030772 secs] 490507K->456075K(724560K), 0.0031365 secs] [Times: user=0.00 sys=0.00, real=0.00 secs] 
2020-10-28T13:45:08.113+0000: [GC (Allocation Failure) 2020-10-28T13:45:08.113+0000: [ParNew: 34438K->6K(38720K), 0.0030741 secs] 490507K->456075K(724560K), 0.0031368 secs] [Times: user=0.00 sys=0.00, real=0.00 secs] 
2020-10-28T13:45:08.150+0000: [GC (Allocation Failure) 2020-10-28T13:45:08.150+0000: [ParNew: 34438K->6K(38720K), 0.0088289 secs] 490507K->464267K(724560K), 0.0088915 secs] [Times: user=0.02 sys=0.00, real=0.00 secs] 
2020-10-28T13:45:08.194+0000: [GC (Allocation Failure) 2020-10-28T13:45:08.194+0000: [ParNew: 34438K->6K(38720K), 0.0086306 secs] 498699K->472459K(724560K), 0.0086960 secs] [Times: user=0.01 sys=0.00, real=0.01 secs] 
2020-10-28T13:45:08.242+0000: [GC (Allocation Failure) 2020-10-28T13:45:08.242+0000: [ParNew: 34438K->6K(38720K), 0.0030848 secs] 506891K->472459K(724560K), 0.0031476 secs] [Times: user=0.01 sys=0.00, real=0.00 secs] 
2020-10-28T13:45:08.279+0000: [GC (Allocation Failure) 2020-10-28T13:45:08.279+0000: [ParNew: 34438K->6K(38720K), 0.0086946 secs] 506891K->480651K(724560K), 0.0087566 secs] [Times: user=0.01 sys=0.00, real=0.02 secs] 
2020-10-28T13:45:08.296+0000: [GC (CMS Initial Mark) [1 CMS-initial-mark: 480645K(685840K)] 484061K(724560K), 0.0037551 secs] [Times: user=0.00 sys=0.00, real=0.00 secs] 
2020-10-28T13:45:08.299+0000: [CMS-concurrent-mark-start]
2020-10-28T13:45:08.341+0000: [GC (Allocation Failure) 2020-10-28T13:45:08.341+0000: [ParNew: 34438K->6K(38720K), 0.0055320 secs] 515083K->480651K(724560K), 0.0055925 secs] [Times: user=0.00 sys=0.00, real=0.00 secs] 
2020-10-28T13:45:08.394+0000: [GC (Allocation Failure) 2020-10-28T13:45:08.394+0000: [ParNew: 34438K->6K(38720K), 0.0030427 secs] 515083K->480651K(724560K), 0.0031123 secs] [Times: user=0.01 sys=0.00, real=0.00 secs] 
2020-10-28T13:45:08.468+0000: [CMS-concurrent-mark: 0.155/0.168 secs] [Times: user=0.29 sys=0.00, real=0.17 secs] 
2020-10-28T13:45:08.468+0000: [GC (Allocation Failure) 2020-10-28T13:45:08.468+0000: [ParNew: 34438K->6K(38720K), 0.0030832 secs] 515083K->480652K(724560K), 0.0031288 secs] [Times: user=0.01 sys=0.00, real=0.00 secs] 
2020-10-28T13:45:08.471+0000: [CMS-concurrent-preclean-start]
2020-10-28T13:45:08.473+0000: [CMS-concurrent-preclean: 0.002/0.002 secs] [Times: user=0.00 sys=0.00, real=0.00 secs] 
2020-10-28T13:45:08.475+0000: [GC (CMS Final Remark) [YG occupancy: 670 K (38720 K)]2020-10-28T13:45:08.476+0000: [Rescan (parallel) , 0.0020056 secs]2020-10-28T13:45:08.478+0000: [weak refs processing, 0.0000733 secs]2020-10-28T13:45:08.478+0000: [class unloading, 0.0113349 secs]2020-10-28T13:45:08.489+0000: [scrub symbol table, 0.0091537 secs]2020-10-28T13:45:08.498+0000: [scrub string table, 0.0006438 secs][1 CMS-remark: 480645K(685840K)] 481316K(724560K), 0.0233207 secs] [Times: user=0.02 sys=0.00, real=0.02 secs] 
2020-10-28T13:45:08.500+0000: [CMS-concurrent-sweep-start]
2020-10-28T13:45:08.526+0000: [CMS-concurrent-sweep: 0.026/0.026 secs] [Times: user=0.05 sys=0.00, real=0.02 secs] 
2020-10-28T13:45:08.526+0000: [CMS-concurrent-reset-start]
2020-10-28T13:45:08.552+0000: [GC (Allocation Failure) 2020-10-28T13:45:08.552+0000: [ParNew: 34438K->6K(38720K), 0.0032172 secs] 301002K->266570K(724560K), 0.0032782 secs] [Times: user=0.00 sys=0.00, real=0.00 secs] 
2020-10-28T13:45:08.570+0000: [CMS-concurrent-reset: 0.028/0.044 secs] [Times: user=0.09 sys=0.00, real=0.05 secs] 
2020-10-28T13:45:08.597+0000: [GC (Allocation Failure) 2020-10-28T13:45:08.597+0000: [ParNew: 34438K->6K(38720K), 0.0031481 secs] 301002K->266570K(724560K), 0.0032069 secs] [Times: user=0.01 sys=0.00, real=0.01 secs] 
2020-10-28T13:45:08.637+0000: [GC (Allocation Failure) 2020-10-28T13:45:08.637+0000: [ParNew: 34438K->4K(38720K), 0.0030920 secs] 301002K->266568K(724560K), 0.0031528 secs] [Times: user=0.01 sys=0.00, real=0.01 secs] 
2020-10-28T13:45:08.677+0000: [GC (Allocation Failure) 2020-10-28T13:45:08.677+0000: [ParNew: 34436K->6K(38720K), 0.0031346 secs] 301000K->266570K(724560K), 0.0031984 secs] [Times: user=0.01 sys=0.00, real=0.01 secs] 
2020-10-28T13:45:08.722+0000: [GC (Allocation Failure) 2020-10-28T13:45:08.722+0000: [ParNew: 34438K->6K(38720K), 0.0030640 secs] 301002K->266570K(724560K), 0.0031237 secs] [Times: user=0.01 sys=0.00, real=0.00 secs] 
2020-10-28T13:45:08.762+0000: [GC (Allocation Failure) 2020-10-28T13:45:08.762+0000: [ParNew: 34438K->4K(38720K), 0.0030920 secs] 301002K->266568K(724560K), 0.0031515 secs] [Times: user=0.01 sys=0.00, real=0.00 secs] 
2020-10-28T13:45:08.802+0000: [GC (Allocation Failure) 2020-10-28T13:45:08.802+0000: [ParNew: 34436K->4K(38720K), 0.0031063 secs] 301000K->266568K(724560K), 0.0031892 secs] [Times: user=0.00 sys=0.00, real=0.00 secs] 
2020-10-28T13:45:08.844+0000: [GC (Allocation Failure) 2020-10-28T13:45:08.844+0000: [ParNew: 34436K->6K(38720K), 0.0030424 secs] 301000K->266570K(724560K), 0.0031024 secs] [Times: user=0.00 sys=0.00, real=0.00 secs] 
2020-10-28T13:45:08.885+0000: [GC (Allocation Failure) 2020-10-28T13:45:08.885+0000: [ParNew: 34438K->6K(38720K), 0.0030701 secs] 301002K->266570K(724560K), 0.0031513 secs] [Times: user=0.01 sys=0.00, real=0.01 secs] 
2020-10-28T13:45:08.930+0000: [GC (Allocation Failure) 2020-10-28T13:45:08.930+0000: [ParNew: 34438K->6K(38720K), 0.0030812 secs] 301002K->266570K(724560K), 0.0031408 secs] [Times: user=0.01 sys=0.00, real=0.00 secs] 
2020-10-28T13:45:08.970+0000: [GC (Allocation Failure) 2020-10-28T13:45:08.970+0000: [ParNew: 34438K->6K(38720K), 0.0032031 secs] 301002K->266570K(724560K), 0.0032630 secs] [Times: user=0.01 sys=0.00, real=0.00 secs] 
2020-10-28T13:45:09.014+0000: [GC (Allocation Failure) 2020-10-28T13:45:09.015+0000: [ParNew: 34438K->4K(38720K), 0.0030788 secs] 301002K->266568K(724560K), 0.0031378 secs] [Times: user=0.01 sys=0.00, real=0.00 secs] 
2020-10-28T13:45:09.059+0000: [GC (Allocation Failure) 2020-10-28T13:45:09.059+0000: [ParNew: 34436K->6K(38720K), 0.0030481 secs] 301000K->266570K(724560K), 0.0031072 secs] [Times: user=0.00 sys=0.00, real=0.01 secs] 
2020-10-28T13:45:09.099+0000: [GC (Allocation Failure) 2020-10-28T13:45:09.099+0000: [ParNew: 34438K->4K(38720K), 0.0030895 secs] 301002K->266568K(724560K), 0.0031502 secs] [Times: user=0.00 sys=0.00, real=0.01 secs] 
2020-10-28T13:45:09.139+0000: [GC (Allocation Failure) 2020-10-28T13:45:09.140+0000: [ParNew: 34436K->6K(38720K), 0.0031099 secs] 301000K->266570K(724560K), 0.0031714 secs] [Times: user=0.01 sys=0.00, real=0.00 secs] 
2020-10-28T13:45:09.184+0000: [GC (Allocation Failure) 2020-10-28T13:45:09.184+0000: [ParNew: 34438K->4K(38720K), 0.0030658 secs] 301002K->266568K(724560K), 0.0031251 secs] [Times: user=0.00 sys=0.00, real=0.00 secs] 
2020-10-28T13:45:09.229+0000: [GC (Allocation Failure) 2020-10-28T13:45:09.229+0000: [ParNew: 34436K->6K(38720K), 0.0032332 secs] 301000K->266570K(724560K), 0.0032940 secs] [Times: user=0.01 sys=0.00, real=0.00 secs] 
2020-10-28T13:45:09.276+0000: [GC (Allocation Failure) 2020-10-28T13:45:09.276+0000: [ParNew: 34438K->22K(38720K), 0.0030709 secs] 301002K->266586K(724560K), 0.0031226 secs] [Times: user=0.00 sys=0.00, real=0.00 secs] 
2020-10-28T13:45:09.317+0000: [GC (Allocation Failure) 2020-10-28T13:45:09.317+0000: [ParNew: 34454K->4K(38720K), 0.0030771 secs] 301018K->266568K(724560K), 0.0031370 secs] [Times: user=0.01 sys=0.00, real=0.01 secs] 
2020-10-28T13:45:09.362+0000: [GC (Allocation Failure) 2020-10-28T13:45:09.363+0000: [ParNew: 34436K->6K(38720K), 0.0030976 secs] 301000K->266571K(724560K), 0.0031576 secs] [Times: user=0.00 sys=0.00, real=0.00 secs] 
2020-10-28T13:45:09.403+0000: [GC (Allocation Failure) 2020-10-28T13:45:09.403+0000: [ParNew: 34438K->6K(38720K), 0.0030475 secs] 301003K->266571K(724560K), 0.0031050 secs] [Times: user=0.00 sys=0.00, real=0.00 secs] 
2020-10-28T13:45:09.448+0000: [GC (Allocation Failure) 2020-10-28T13:45:09.448+0000: [ParNew: 34438K->6K(38720K), 0.0030490 secs] 301003K->266571K(724560K), 0.0031086 secs] [Times: user=0.01 sys=0.00, real=0.00 secs] 
2020-10-28T13:45:09.488+0000: [GC (Allocation Failure) 2020-10-28T13:45:09.488+0000: [ParNew: 34438K->6K(38720K), 0.0030748 secs] 301003K->266571K(724560K), 0.0031349 secs] [Times: user=0.01 sys=0.00, real=0.00 secs] 
2020-10-28T13:45:09.528+0000: [GC (Allocation Failure) 2020-10-28T13:45:09.528+0000: [ParNew: 34438K->6K(38720K), 0.0031389 secs] 301003K->266571K(724560K), 0.0031975 secs] [Times: user=0.01 sys=0.00, real=0.00 secs] 
2020-10-28T13:45:09.576+0000: [GC (Allocation Failure) 2020-10-28T13:45:09.576+0000: [ParNew: 34438K->6K(38720K), 0.0030524 secs] 301003K->266571K(724560K), 0.0031106 secs] [Times: user=0.01 sys=0.00, real=0.00 secs] 
2020-10-28T13:45:09.616+0000: [GC (Allocation Failure) 2020-10-28T13:45:09.616+0000: [ParNew: 34438K->4K(38720K), 0.0031025 secs] 301003K->266569K(724560K), 0.0031632 secs] [Times: user=0.00 sys=0.00, real=0.01 secs] 
2020-10-28T13:45:09.663+0000: [GC (Allocation Failure) 2020-10-28T13:45:09.664+0000: [ParNew: 34436K->6K(38720K), 0.0030495 secs] 301001K->266571K(724560K), 0.0031092 secs] [Times: user=0.01 sys=0.00, real=0.00 secs] 
2020-10-28T13:45:09.708+0000: [GC (Allocation Failure) 2020-10-28T13:45:09.708+0000: [ParNew: 34438K->4K(38720K), 0.0030544 secs] 301003K->266569K(724560K), 0.0031129 secs] [Times: user=0.01 sys=0.00, real=0.00 secs] 
2020-10-28T13:45:09.750+0000: [GC (Allocation Failure) 2020-10-28T13:45:09.750+0000: [ParNew: 34436K->4K(38720K), 0.0030575 secs] 301001K->266569K(724560K), 0.0031160 secs] [Times: user=0.01 sys=0.00, real=0.00 secs] 
2020-10-28T13:45:09.796+0000: [GC (Allocation Failure) 2020-10-28T13:45:09.796+0000: [ParNew: 34436K->6K(38720K), 0.0030140 secs] 301001K->266571K(724560K), 0.0030666 secs] [Times: user=0.00 sys=0.00, real=0.00 secs] 
2020-10-28T13:45:09.816+0000: [GC (Allocation Failure) 2020-10-28T13:45:09.816+0000: [ParNew: 11192K->6K(38720K), 0.0027329 secs] 277757K->266571K(724560K), 0.0027951 secs] [Times: user=0.00 sys=0.00, real=0.00 secs] 
2020-10-28T13:45:09.824+0000: [GC (Allocation Failure) 2020-10-28T13:45:09.824+0000: [ParNew: 34438K->6K(38720K), 0.0079324 secs] 301003K->299339K(724560K), 0.0079863 secs] [Times: user=0.02 sys=0.00, real=0.01 secs] 
2020-10-28T13:45:09.873+0000: [GC (Allocation Failure) 2020-10-28T13:45:09.873+0000: [ParNew: 34438K->6K(38720K), 0.0034484 secs] 333771K->299339K(724560K), 0.0035013 secs] [Times: user=0.00 sys=0.00, real=0.00 secs] 
2020-10-28T13:45:09.887+0000: [GC (Allocation Failure) 2020-10-28T13:45:09.887+0000: [ParNew: 7620K->4K(38720K), 0.0027571 secs] 306953K->299337K(724560K), 0.0027999 secs] [Times: user=0.01 sys=0.00, real=0.00 secs] 
2020-10-28T13:45:09.897+0000: [GC (Allocation Failure) 2020-10-28T13:45:09.897+0000: [ParNew: 34436K->4K(38720K), 0.0077553 secs] 333769K->332105K(724560K), 0.0078071 secs] [Times: user=0.01 sys=0.00, real=0.01 secs] 
2020-10-28T13:45:09.916+0000: [GC (Allocation Failure) 2020-10-28T13:45:09.916+0000: [ParNew: 6846K->6K(38720K), 0.0028746 secs] 338947K->332107K(724560K), 0.0029175 secs] [Times: user=0.01 sys=0.00, real=0.00 secs] 
2020-10-28T13:45:09.924+0000: [GC (Allocation Failure) 2020-10-28T13:45:09.924+0000: [ParNew: 34438K->6K(38720K), 0.0085134 secs] 366539K->364875K(724560K), 0.0085682 secs] [Times: user=0.02 sys=0.00, real=0.01 secs] 
2020-10-28T13:45:09.948+0000: [GC (CMS Initial Mark) [1 CMS-initial-mark: 364869K(685840K)] 375679K(724560K), 0.0078767 secs] [Times: user=0.02 sys=0.00, real=0.00 secs] 
2020-10-28T13:45:09.959+0000: [CMS-concurrent-mark-start]
2020-10-28T13:45:10.005+0000: [GC (Allocation Failure) 2020-10-28T13:45:10.005+0000: [ParNew: 34438K->8K(38720K), 0.0030249 secs] 399307K->364877K(724560K), 0.0030826 secs] [Times: user=0.00 sys=0.00, real=0.01 secs] 
2020-10-28T13:45:10.070+0000: [GC (Allocation Failure) 2020-10-28T13:45:10.070+0000: [ParNew: 34440K->13K(38720K), 0.0030344 secs] 399309K->364882K(724560K), 0.0030923 secs] [Times: user=0.00 sys=0.00, real=0.00 secs] 
2020-10-28T13:45:10.131+0000: [CMS-concurrent-mark: 0.147/0.173 secs] [Times: user=0.31 sys=0.00, real=0.18 secs] 
2020-10-28T13:45:10.132+0000: [GC (Allocation Failure) 2020-10-28T13:45:10.132+0000: [ParNew: 34445K->12K(38720K), 0.0030646 secs] 399314K->364881K(724560K), 0.0031088 secs] [Times: user=0.01 sys=0.00, real=0.00 secs] 
2020-10-28T13:45:10.135+0000: [CMS-concurrent-preclean-start]
2020-10-28T13:45:10.137+0000: [CMS-concurrent-preclean: 0.002/0.003 secs] [Times: user=0.00 sys=0.00, real=0.00 secs] 
2020-10-28T13:45:10.138+0000: [GC (CMS Final Remark) [YG occupancy: 1285 K (38720 K)]2020-10-28T13:45:10.138+0000: [Rescan (parallel) , 0.0024612 secs]2020-10-28T13:45:10.141+0000: [weak refs processing, 0.0000280 secs]2020-10-28T13:45:10.141+0000: [class unloading, 0.0086472 secs]2020-10-28T13:45:10.149+0000: [scrub symbol table, 0.0094256 secs]2020-10-28T13:45:10.159+0000: [scrub string table, 0.0006045 secs][1 CMS-remark: 364869K(685840K)] 366154K(724560K), 0.0212620 secs] [Times: user=0.02 sys=0.00, real=0.02 secs] 
2020-10-28T13:45:10.159+0000: [CMS-concurrent-sweep-start]
2020-10-28T13:45:10.173+0000: [CMS-concurrent-sweep: 0.014/0.014 secs] [Times: user=0.03 sys=0.01, real=0.01 secs] 
2020-10-28T13:45:10.173+0000: [CMS-concurrent-reset-start]
2020-10-28T13:45:10.185+0000: [CMS-concurrent-reset: 0.011/0.011 secs] [Times: user=0.02 sys=0.00, real=0.01 secs] 
2020-10-28T13:45:10.205+0000: [GC (Allocation Failure) 2020-10-28T13:45:10.205+0000: [ParNew: 28294K->13K(38720K), 0.0030660 secs] 380693K->352413K(724560K), 0.0031217 secs] [Times: user=0.01 sys=0.00, real=0.01 secs] 
2020-10-28T13:45:10.215+0000: [GC (Allocation Failure) 2020-10-28T13:45:10.215+0000: [ParNew: 34445K->14K(38720K), 0.0271941 secs] 386845K->385182K(724560K), 0.0272533 secs] [Times: user=0.03 sys=0.02, real=0.03 secs] 
2020-10-28T13:45:10.285+0000: [GC (Allocation Failure) 2020-10-28T13:45:10.285+0000: [ParNew: 34446K->14K(38720K), 0.0031513 secs] 419614K->385182K(724560K), 0.0032092 secs] [Times: user=0.00 sys=0.00, real=0.01 secs] 
2020-10-28T13:45:10.328+0000: [GC (Allocation Failure) 2020-10-28T13:45:10.328+0000: [ParNew: 34446K->9K(38720K), 0.0030244 secs] 419614K->385179K(724560K), 0.0030829 secs] [Times: user=0.01 sys=0.00, real=0.00 secs] 
2020-10-28T13:45:10.379+0000: [GC (Allocation Failure) 2020-10-28T13:45:10.380+0000: [ParNew: 34441K->4K(38720K), 0.0059869 secs] 419611K->385178K(724560K), 0.0060484 secs] [Times: user=0.01 sys=0.00, real=0.00 secs] 
2020-10-28T13:45:10.432+0000: [GC (Allocation Failure) 2020-10-28T13:45:10.432+0000: [ParNew: 34436K->21K(38720K), 0.0030018 secs] 419610K->385195K(724560K), 0.0030831 secs] [Times: user=0.00 sys=0.00, real=0.00 secs] 
2020-10-28T13:45:10.480+0000: [GC (Allocation Failure) 2020-10-28T13:45:10.480+0000: [ParNew: 34453K->4K(38720K), 0.0030097 secs] 419627K->385177K(724560K), 0.0030730 secs] [Times: user=0.00 sys=0.00, real=0.00 secs] 
2020-10-28T13:45:10.527+0000: [GC (Allocation Failure) 2020-10-28T13:45:10.527+0000: [ParNew: 34436K->6K(38720K), 0.0030189 secs] 419609K->385179K(724560K), 0.0030807 secs] [Times: user=0.01 sys=0.00, real=0.01 secs] 
2020-10-28T13:45:10.576+0000: [GC (Allocation Failure) 2020-10-28T13:45:10.576+0000: [ParNew: 34438K->6K(38720K), 0.0030089 secs] 419611K->385180K(724560K), 0.0030686 secs] [Times: user=0.00 sys=0.00, real=0.00 secs] 
2020-10-28T13:45:10.632+0000: [GC (Allocation Failure) 2020-10-28T13:45:10.632+0000: [ParNew: 34438K->6K(38720K), 0.0029732 secs] 419612K->385180K(724560K), 0.0030356 secs] [Times: user=0.00 sys=0.00, real=0.00 secs] 
2020-10-28T13:45:10.680+0000: [GC (Allocation Failure) 2020-10-28T13:45:10.680+0000: [ParNew: 34438K->6K(38720K), 0.0030034 secs] 419612K->385180K(724560K), 0.0030839 secs] [Times: user=0.01 sys=0.00, real=0.00 secs] 
2020-10-28T13:45:10.734+0000: [GC (Allocation Failure) 2020-10-28T13:45:10.734+0000: [ParNew: 34438K->6K(38720K), 0.0030756 secs] 419612K->385180K(724560K), 0.0031582 secs] [Times: user=0.01 sys=0.00, real=0.00 secs] 
2020-10-28T13:45:10.788+0000: [GC (Allocation Failure) 2020-10-28T13:45:10.788+0000: [ParNew: 34438K->4K(38720K), 0.0061873 secs] 419612K->385178K(724560K), 0.0062724 secs] [Times: user=0.01 sys=0.00, real=0.00 secs] 
2020-10-28T13:45:10.839+0000: [GC (Allocation Failure) 2020-10-28T13:45:10.839+0000: [ParNew: 34436K->4K(38720K), 0.0030054 secs] 419610K->385178K(724560K), 0.0030668 secs] [Times: user=0.01 sys=0.00, real=0.01 secs] 
2020-10-28T13:45:10.867+0000: [GC (Allocation Failure) 2020-10-28T13:45:10.867+0000: [ParNew: 20261K->6K(38720K), 0.0029316 secs] 405435K->385180K(724560K), 0.0029897 secs] [Times: user=0.00 sys=0.00, real=0.01 secs] 
2020-10-28T13:45:10.892+0000: [GC (Allocation Failure) 2020-10-28T13:45:10.892+0000: [ParNew: 34438K->6K(38720K), 0.0074502 secs] 419612K->401564K(724560K), 0.0075085 secs] [Times: user=0.01 sys=0.00, real=0.01 secs] 
2020-10-28T13:45:10.927+0000: [GC (Allocation Failure) 2020-10-28T13:45:10.928+0000: [ParNew: 34438K->6K(38720K), 0.0081663 secs] 435996K->417948K(724560K), 0.0082299 secs] [Times: user=0.01 sys=0.00, real=0.00 secs] 
2020-10-28T13:45:10.976+0000: [GC (Allocation Failure) 2020-10-28T13:45:10.976+0000: [ParNew: 34438K->6K(38720K), 0.0029807 secs] 452380K->417948K(724560K), 0.0030452 secs] [Times: user=0.00 sys=0.00, real=0.00 secs] 
2020-10-28T13:45:11.015+0000: [GC (Allocation Failure) 2020-10-28T13:45:11.015+0000: [ParNew: 34438K->6K(38720K), 0.0029633 secs] 452380K->417948K(724560K), 0.0030223 secs] [Times: user=0.00 sys=0.00, real=0.00 secs] 
2020-10-28T13:45:11.052+0000: [GC (Allocation Failure) 2020-10-28T13:45:11.052+0000: [ParNew: 27807K->6K(38720K), 0.0029361 secs] 445749K->417948K(724560K), 0.0029955 secs] [Times: user=0.01 sys=0.00, real=0.00 secs] 
2020-10-28T13:45:11.083+0000: [GC (Allocation Failure) 2020-10-28T13:45:11.084+0000: [ParNew: 34438K->6K(38720K), 0.0063245 secs] 452380K->434332K(724560K), 0.0063843 secs] [Times: user=0.01 sys=0.00, real=0.01 secs] 
2020-10-28T13:45:11.132+0000: [GC (Allocation Failure) 2020-10-28T13:45:11.132+0000: [ParNew: 34438K->6K(38720K), 0.0030201 secs] 468764K->434332K(724560K), 0.0030791 secs] [Times: user=0.00 sys=0.00, real=0.00 secs] 
2020-10-28T13:45:11.180+0000: [GC (Allocation Failure) 2020-10-28T13:45:11.180+0000: [ParNew: 34438K->6K(38720K), 0.0029803 secs] 468764K->434332K(724560K), 0.0030409 secs] [Times: user=0.01 sys=0.00, real=0.00 secs] 
2020-10-28T13:45:11.227+0000: [GC (Allocation Failure) 2020-10-28T13:45:11.227+0000: [ParNew: 34438K->6K(38720K), 0.0030026 secs] 468764K->434332K(724560K), 0.0030628 secs] [Times: user=0.01 sys=0.00, real=0.01 secs] 
2020-10-28T13:45:11.268+0000: [GC (Allocation Failure) 2020-10-28T13:45:11.268+0000: [ParNew: 34438K->6K(38720K), 0.0029890 secs] 468764K->434332K(724560K), 0.0030402 secs] [Times: user=0.01 sys=0.00, real=0.00 secs] 
2020-10-28T13:45:11.316+0000: [GC (Allocation Failure) 2020-10-28T13:45:11.316+0000: [ParNew: 34438K->6K(38720K), 0.0029673 secs] 468764K->434332K(724560K), 0.0030270 secs] [Times: user=0.01 sys=0.00, real=0.00 secs] 
2020-10-28T13:45:11.344+0000: [GC (Allocation Failure) 2020-10-28T13:45:11.344+0000: [ParNew: 34438K->8K(38720K), 0.0050714 secs] 468764K->450718K(724560K), 0.0051306 secs] [Times: user=0.01 sys=0.00, real=0.01 secs] 
2020-10-28T13:45:11.392+0000: [GC (Allocation Failure) 2020-10-28T13:45:11.392+0000: [ParNew: 34440K->6K(38720K), 0.0029875 secs] 485150K->450716K(724560K), 0.0030475 secs] [Times: user=0.01 sys=0.00, real=0.00 secs] 
2020-10-28T13:45:11.431+0000: [GC (Allocation Failure) 2020-10-28T13:45:11.431+0000: [ParNew: 34438K->6K(38720K), 0.0029426 secs] 485148K->450716K(724560K), 0.0030022 secs] [Times: user=0.01 sys=0.00, real=0.00 secs] 
2020-10-28T13:45:11.480+0000: [GC (Allocation Failure) 2020-10-28T13:45:11.480+0000: [ParNew: 34438K->6K(38720K), 0.0029351 secs] 485148K->450716K(724560K), 0.0029936 secs] [Times: user=0.01 sys=0.00, real=0.00 secs] 
2020-10-28T13:45:11.519+0000: [GC (Allocation Failure) 2020-10-28T13:45:11.520+0000: [ParNew: 34438K->8K(38720K), 0.0030136 secs] 485148K->450718K(724560K), 0.0030728 secs] [Times: user=0.01 sys=0.00, real=0.00 secs] 
2020-10-28T13:45:11.563+0000: [GC (Allocation Failure) 2020-10-28T13:45:11.563+0000: [ParNew: 34440K->8K(38720K), 0.0029850 secs] 485150K->450718K(724560K), 0.0030429 secs] [Times: user=0.00 sys=0.00, real=0.00 secs] 
2020-10-28T13:45:11.604+0000: [GC (Allocation Failure) 2020-10-28T13:45:11.604+0000: [ParNew: 34440K->4K(38720K), 0.0029624 secs] 485150K->450715K(724560K), 0.0030219 secs] [Times: user=0.01 sys=0.00, real=0.00 secs] 
2020-10-28T13:45:11.644+0000: [GC (Allocation Failure) 2020-10-28T13:45:11.644+0000: [ParNew: 34436K->6K(38720K), 0.0030118 secs] 485147K->450717K(724560K), 0.0030788 secs] [Times: user=0.01 sys=0.00, real=0.00 secs] 
2020-10-28T13:45:11.692+0000: [GC (Allocation Failure) 2020-10-28T13:45:11.692+0000: [ParNew: 34438K->4K(38720K), 0.0029702 secs] 485149K->450715K(724560K), 0.0030310 secs] [Times: user=0.00 sys=0.00, real=0.00 secs] 
2020-10-28T13:45:11.735+0000: [GC (Allocation Failure) 2020-10-28T13:45:11.735+0000: [ParNew: 34436K->4K(38720K), 0.0029653 secs] 485147K->450715K(724560K), 0.0030254 secs] [Times: user=0.01 sys=0.00, real=0.00 secs] 
2020-10-28T13:45:11.780+0000: [GC (Allocation Failure) 2020-10-28T13:45:11.780+0000: [ParNew: 34436K->4K(38720K), 0.0029431 secs] 485147K->450715K(724560K), 0.0030036 secs] [Times: user=0.01 sys=0.00, real=0.00 secs] 
2020-10-28T13:45:11.824+0000: [GC (Allocation Failure) 2020-10-28T13:45:11.824+0000: [ParNew: 34436K->4K(38720K), 0.0029728 secs] 485147K->450715K(724560K), 0.0030326 secs] [Times: user=0.00 sys=0.00, real=0.00 secs] 
2020-10-28T13:45:11.863+0000: [GC (Allocation Failure) 2020-10-28T13:45:11.863+0000: [ParNew: 34436K->4K(38720K), 0.0030076 secs] 485147K->450715K(724560K), 0.0030671 secs] [Times: user=0.00 sys=0.00, real=0.00 secs] 
2020-10-28T13:45:11.912+0000: [GC (Allocation Failure) 2020-10-28T13:45:11.912+0000: [ParNew: 34436K->4K(38720K), 0.0029672 secs] 485147K->450715K(724560K), 0.0030264 secs] [Times: user=0.01 sys=0.00, real=0.00 secs] 
2020-10-28T13:45:11.955+0000: [GC (Allocation Failure) 2020-10-28T13:45:11.955+0000: [ParNew: 34436K->4K(38720K), 0.0029714 secs] 485147K->450715K(724560K), 0.0030569 secs] [Times: user=0.01 sys=0.00, real=0.00 secs] 
2020-10-28T13:45:11.995+0000: [GC (Allocation Failure) 2020-10-28T13:45:11.995+0000: [ParNew: 34436K->6K(38720K), 0.0029789 secs] 485147K->450717K(724560K), 0.0030382 secs] [Times: user=0.00 sys=0.00, real=0.00 secs] 
2020-10-28T13:45:12.035+0000: [GC (Allocation Failure) 2020-10-28T13:45:12.035+0000: [ParNew: 34438K->6K(38720K), 0.0030212 secs] 485149K->450717K(724560K), 0.0030804 secs] [Times: user=0.00 sys=0.00, real=0.00 secs] 
2020-10-28T13:45:12.080+0000: [GC (Allocation Failure) 2020-10-28T13:45:12.080+0000: [ParNew: 34438K->4K(38720K), 0.0029535 secs] 485149K->450715K(724560K), 0.0030160 secs] [Times: user=0.01 sys=0.00, real=0.00 secs] 
2020-10-28T13:45:12.123+0000: [GC (Allocation Failure) 2020-10-28T13:45:12.123+0000: [ParNew: 34436K->6K(38720K), 0.0029982 secs] 485147K->450717K(724560K), 0.0030586 secs] [Times: user=0.00 sys=0.00, real=0.00 secs] 
2020-10-28T13:45:12.163+0000: [GC (Allocation Failure) 2020-10-28T13:45:12.163+0000: [ParNew: 34438K->6K(38720K), 0.0030525 secs] 485149K->450717K(724560K), 0.0031112 secs] [Times: user=0.01 sys=0.00, real=0.00 secs] 
2020-10-28T13:45:12.204+0000: [GC (Allocation Failure) 2020-10-28T13:45:12.204+0000: [ParNew: 34438K->6K(38720K), 0.0030113 secs] 485149K->450717K(724560K), 0.0030711 secs] [Times: user=0.01 sys=0.00, real=0.00 secs] 
2020-10-28T13:45:12.250+0000: [GC (Allocation Failure) 2020-10-28T13:45:12.250+0000: [ParNew: 34438K->6K(38720K), 0.0030327 secs] 485149K->450717K(724560K), 0.0030931 secs] [Times: user=0.00 sys=0.00, real=0.00 secs] 
2020-10-28T13:45:12.292+0000: [GC (Allocation Failure) 2020-10-28T13:45:12.292+0000: [ParNew: 34438K->6K(38720K), 0.0029992 secs] 485149K->450717K(724560K), 0.0030597 secs] [Times: user=0.00 sys=0.00, real=0.00 secs] 
2020-10-28T13:45:12.336+0000: [GC (Allocation Failure) 2020-10-28T13:45:12.336+0000: [ParNew: 34438K->6K(38720K), 0.0029564 secs] 485149K->450717K(724560K), 0.0030173 secs] [Times: user=0.00 sys=0.00, real=0.00 secs] 
2020-10-28T13:45:12.376+0000: [GC (Allocation Failure) 2020-10-28T13:45:12.376+0000: [ParNew: 34438K->6K(38720K), 0.0029837 secs] 485149K->450717K(724560K), 0.0030475 secs] [Times: user=0.01 sys=0.00, real=0.00 secs] 
2020-10-28T13:45:12.419+0000: [GC (Allocation Failure) 2020-10-28T13:45:12.420+0000: [ParNew: 34438K->6K(38720K), 0.0029829 secs] 485149K->450717K(724560K), 0.0030542 secs] [Times: user=0.00 sys=0.00, real=0.00 secs] 
2020-10-28T13:45:12.466+0000: [GC (Allocation Failure) 2020-10-28T13:45:12.466+0000: [ParNew: 34438K->6K(38720K), 0.0031237 secs] 485149K->450717K(724560K), 0.0031839 secs] [Times: user=0.01 sys=0.00, real=0.01 secs] 
2020-10-28T13:45:12.506+0000: [GC (Allocation Failure) 2020-10-28T13:45:12.506+0000: [ParNew: 34438K->6K(38720K), 0.0030078 secs] 485149K->450718K(724560K), 0.0030668 secs] [Times: user=0.01 sys=0.00, real=0.01 secs] 
2020-10-28T13:45:12.547+0000: [GC (Allocation Failure) 2020-10-28T13:45:12.547+0000: [ParNew: 34438K->6K(38720K), 0.0030289 secs] 485150K->450717K(724560K), 0.0030899 secs] [Times: user=0.00 sys=0.00, real=0.01 secs] 
2020-10-28T13:45:12.592+0000: [GC (Allocation Failure) 2020-10-28T13:45:12.592+0000: [ParNew: 34438K->6K(38720K), 0.0030035 secs] 485149K->450717K(724560K), 0.0030666 secs] [Times: user=0.01 sys=0.00, real=0.00 secs] 
2020-10-28T13:45:12.632+0000: [GC (Allocation Failure) 2020-10-28T13:45:12.632+0000: [ParNew: 34438K->6K(38720K), 0.0029839 secs] 485149K->450717K(724560K), 0.0030440 secs] [Times: user=0.01 sys=0.00, real=0.00 secs] 
2020-10-28T13:45:12.676+0000: [GC (Allocation Failure) 2020-10-28T13:45:12.676+0000: [ParNew: 34438K->6K(38720K), 0.0029590 secs] 485149K->450717K(724560K), 0.0030175 secs] [Times: user=0.01 sys=0.00, real=0.00 secs] 
2020-10-28T13:45:12.719+0000: [GC (Allocation Failure) 2020-10-28T13:45:12.719+0000: [ParNew: 34438K->4K(38720K), 0.0029895 secs] 485149K->450716K(724560K), 0.0030493 secs] [Times: user=0.00 sys=0.00, real=0.01 secs] 
2020-10-28T13:45:12.763+0000: [GC (Allocation Failure) 2020-10-28T13:45:12.763+0000: [ParNew: 34436K->6K(38720K), 0.0029808 secs] 485148K->450718K(724560K), 0.0030395 secs] [Times: user=0.00 sys=0.00, real=0.00 secs] 
2020-10-28T13:45:12.802+0000: [GC (Allocation Failure) 2020-10-28T13:45:12.802+0000: [ParNew: 34438K->6K(38720K), 0.0030034 secs] 485150K->450718K(724560K), 0.0030610 secs] [Times: user=0.00 sys=0.00, real=0.00 secs] 
2020-10-28T13:45:12.842+0000: [GC (Allocation Failure) 2020-10-28T13:45:12.842+0000: [ParNew: 34438K->4K(38720K), 0.0030459 secs] 485150K->450716K(724560K), 0.0031072 secs] [Times: user=0.01 sys=0.00, real=0.00 secs] 
2020-10-28T13:45:12.884+0000: [GC (Allocation Failure) 2020-10-28T13:45:12.884+0000: [ParNew: 34436K->6K(38720K), 0.0029500 secs] 485148K->450718K(724560K), 0.0030099 secs] [Times: user=0.00 sys=0.00, real=0.00 secs] 
2020-10-28T13:45:12.931+0000: [GC (Allocation Failure) 2020-10-28T13:45:12.931+0000: [ParNew: 34438K->6K(38720K), 0.0030201 secs] 485150K->450718K(724560K), 0.0030816 secs] [Times: user=0.01 sys=0.00, real=0.00 secs] 
2020-10-28T13:45:12.987+0000: [GC (Allocation Failure) 2020-10-28T13:45:12.987+0000: [ParNew: 34438K->4K(38720K), 0.0030250 secs] 485150K->450716K(724560K), 0.0031044 secs] [Times: user=0.01 sys=0.00, real=0.01 secs] 
2020-10-28T13:45:13.032+0000: [GC (Allocation Failure) 2020-10-28T13:45:13.032+0000: [ParNew: 34436K->6K(38720K), 0.0029663 secs] 485148K->450718K(724560K), 0.0030262 secs] [Times: user=0.00 sys=0.00, real=0.00 secs] 
2020-10-28T13:45:13.071+0000: [GC (Allocation Failure) 2020-10-28T13:45:13.071+0000: [ParNew: 34438K->6K(38720K), 0.0030020 secs] 485150K->450718K(724560K), 0.0030644 secs] [Times: user=0.00 sys=0.00, real=0.00 secs] 
2020-10-28T13:45:13.115+0000: [GC (Allocation Failure) 2020-10-28T13:45:13.115+0000: [ParNew: 34438K->4K(38720K), 0.0030058 secs] 485150K->450716K(724560K), 0.0030672 secs] [Times: user=0.00 sys=0.00, real=0.00 secs] 
2020-10-28T13:45:13.156+0000: [GC (Allocation Failure) 2020-10-28T13:45:13.156+0000: [ParNew: 34436K->4K(38720K), 0.0030696 secs] 485148K->450716K(724560K), 0.0031291 secs] [Times: user=0.00 sys=0.00, real=0.00 secs] 
2020-10-28T13:45:13.198+0000: [GC (Allocation Failure) 2020-10-28T13:45:13.198+0000: [ParNew: 34436K->4K(38720K), 0.0030268 secs] 485148K->450716K(724560K), 0.0030900 secs] [Times: user=0.01 sys=0.00, real=0.01 secs] 
2020-10-28T13:45:13.239+0000: [GC (Allocation Failure) 2020-10-28T13:45:13.239+0000: [ParNew: 34436K->6K(38720K), 0.0030334 secs] 485148K->450718K(724560K), 0.0030938 secs] [Times: user=0.00 sys=0.00, real=0.01 secs] 
2020-10-28T13:45:13.282+0000: [GC (Allocation Failure) 2020-10-28T13:45:13.282+0000: [ParNew: 34438K->4K(38720K), 0.0064746 secs] 485150K->450716K(724560K), 0.0065286 secs] [Times: user=0.01 sys=0.00, real=0.01 secs] 
2020-10-28T13:45:13.332+0000: [GC (Allocation Failure) 2020-10-28T13:45:13.332+0000: [ParNew: 34436K->4K(38720K), 0.0029515 secs] 485148K->450716K(724560K), 0.0030110 secs] [Times: user=0.01 sys=0.00, real=0.00 secs] 
2020-10-28T13:45:13.384+0000: [GC (Allocation Failure) 2020-10-28T13:45:13.384+0000: [ParNew: 34436K->6K(38720K), 0.0030456 secs] 485148K->450718K(724560K), 0.0031520 secs] [Times: user=0.00 sys=0.00, real=0.00 secs] 
2020-10-28T13:45:13.432+0000: [GC (Allocation Failure) 2020-10-28T13:45:13.432+0000: [ParNew: 34438K->6K(38720K), 0.0029540 secs] 485150K->450718K(724560K), 0.0030125 secs] [Times: user=0.01 sys=0.00, real=0.00 secs] 
2020-10-28T13:45:13.475+0000: [GC (Allocation Failure) 2020-10-28T13:45:13.475+0000: [ParNew: 34438K->6K(38720K), 0.0030097 secs] 485150K->450718K(724560K), 0.0030809 secs] [Times: user=0.00 sys=0.01, real=0.00 secs] 
2020-10-28T13:45:13.517+0000: [GC (Allocation Failure) 2020-10-28T13:45:13.517+0000: [ParNew: 34438K->6K(38720K), 0.0030696 secs] 485150K->450718K(724560K), 0.0031291 secs] [Times: user=0.00 sys=0.00, real=0.01 secs] 
2020-10-28T13:45:13.557+0000: [GC (Allocation Failure) 2020-10-28T13:45:13.557+0000: [ParNew: 34438K->6K(38720K), 0.0030413 secs] 485150K->450718K(724560K), 0.0031138 secs] [Times: user=0.01 sys=0.00, real=0.01 secs] 
2020-10-28T13:45:13.599+0000: [GC (Allocation Failure) 2020-10-28T13:45:13.599+0000: [ParNew: 34438K->6K(38720K), 0.0030525 secs] 485150K->450718K(724560K), 0.0031134 secs] [Times: user=0.01 sys=0.00, real=0.01 secs] 
2020-10-28T13:45:13.639+0000: [GC (Allocation Failure) 2020-10-28T13:45:13.639+0000: [ParNew: 34438K->4K(38720K), 0.0030033 secs] 485150K->450716K(724560K), 0.0030629 secs] [Times: user=0.00 sys=0.00, real=0.01 secs] 
2020-10-28T13:45:13.683+0000: [GC (Allocation Failure) 2020-10-28T13:45:13.683+0000: [ParNew: 34436K->6K(38720K), 0.0029885 secs] 485148K->450718K(724560K), 0.0030484 secs] [Times: user=0.01 sys=0.00, real=0.00 secs] 
2020-10-28T13:45:13.728+0000: [GC (Allocation Failure) 2020-10-28T13:45:13.728+0000: [ParNew: 34438K->6K(38720K), 0.0029987 secs] 485150K->450718K(724560K), 0.0030601 secs] [Times: user=0.00 sys=0.00, real=0.00 secs] 
2020-10-28T13:45:13.767+0000: [GC (Allocation Failure) 2020-10-28T13:45:13.767+0000: [ParNew: 34438K->4K(38720K), 0.0030521 secs] 485150K->450716K(724560K), 0.0031126 secs] [Times: user=0.01 sys=0.00, real=0.00 secs] 
2020-10-28T13:45:13.812+0000: [GC (Allocation Failure) 2020-10-28T13:45:13.812+0000: [ParNew: 34436K->6K(38720K), 0.0029872 secs] 485148K->450718K(724560K), 0.0030428 secs] [Times: user=0.00 sys=0.00, real=0.00 secs] 
2020-10-28T13:45:13.856+0000: [GC (Allocation Failure) 2020-10-28T13:45:13.856+0000: [ParNew: 34438K->4K(38720K), 0.0029522 secs] 485150K->450716K(724560K), 0.0030118 secs] [Times: user=0.01 sys=0.00, real=0.00 secs] 
2020-10-28T13:45:13.896+0000: [GC (Allocation Failure) 2020-10-28T13:45:13.896+0000: [ParNew: 34436K->6K(38720K), 0.0029661 secs] 485148K->450718K(724560K), 0.0030282 secs] [Times: user=0.00 sys=0.00, real=0.00 secs] 
2020-10-28T13:45:13.941+0000: [GC (Allocation Failure) 2020-10-28T13:45:13.941+0000: [ParNew: 34438K->4K(38720K), 0.0037622 secs] 485150K->450716K(724560K), 0.0038319 secs] [Times: user=0.00 sys=0.00, real=0.00 secs] 
2020-10-28T13:45:13.988+0000: [GC (Allocation Failure) 2020-10-28T13:45:13.988+0000: [ParNew: 34436K->4K(38720K), 0.0029818 secs] 485148K->450716K(724560K), 0.0030447 secs] [Times: user=0.00 sys=0.00, real=0.00 secs] 
2020-10-28T13:45:14.024+0000: [GC (Allocation Failure) 2020-10-28T13:45:14.024+0000: [ParNew: 27211K->6K(38720K), 0.0029684 secs] 477923K->450718K(724560K), 0.0030296 secs] [Times: user=0.00 sys=0.00, real=0.00 secs] 
2020-10-28T13:45:14.032+0000: [GC (Allocation Failure) 2020-10-28T13:45:14.032+0000: [ParNew: 34438K->4K(38720K), 0.0080966 secs] 485150K->483484K(724560K), 0.0081548 secs] [Times: user=0.02 sys=0.00, real=0.01 secs] 
2020-10-28T13:45:14.050+0000: [GC (CMS Initial Mark) [1 CMS-initial-mark: 483480K(685840K)] 490456K(724560K), 0.0057361 secs] [Times: user=0.01 sys=0.00, real=0.00 secs] 
2020-10-28T13:45:14.056+0000: [CMS-concurrent-mark-start]
2020-10-28T13:45:14.100+0000: [GC (Allocation Failure) 2020-10-28T13:45:14.100+0000: [ParNew: 34436K->6K(38720K), 0.0030244 secs] 517916K->483486K(724560K), 0.0030877 secs] [Times: user=0.00 sys=0.00, real=0.00 secs] 
2020-10-28T13:45:14.151+0000: [GC (Allocation Failure) 2020-10-28T13:45:14.151+0000: [ParNew: 34438K->6K(38720K), 0.0031044 secs] 517918K->483486K(724560K), 0.0031681 secs] [Times: user=0.00 sys=0.00, real=0.00 secs] 
2020-10-28T13:45:14.211+0000: [CMS-concurrent-mark: 0.140/0.155 secs] [Times: user=0.28 sys=0.01, real=0.16 secs] 
2020-10-28T13:45:14.211+0000: [GC (Allocation Failure) 2020-10-28T13:45:14.211+0000: [ParNew: 34438K->4K(38720K), 0.0031628 secs] 517918K->483484K(724560K), 0.0032082 secs] [Times: user=0.01 sys=0.00, real=0.00 secs] 
2020-10-28T13:45:14.214+0000: [CMS-concurrent-preclean-start]
2020-10-28T13:45:14.226+0000: [CMS-concurrent-preclean: 0.011/0.011 secs] [Times: user=0.02 sys=0.00, real=0.01 secs] 
2020-10-28T13:45:14.226+0000: [CMS-concurrent-abortable-preclean-start]
2020-10-28T13:45:14.260+0000: [GC (Allocation Failure) 2020-10-28T13:45:14.260+0000: [ParNew: 34436K->6K(38720K), 0.0030010 secs] 517916K->483486K(724560K), 0.0030622 secs] [Times: user=0.00 sys=0.00, real=0.00 secs] 
2020-10-28T13:45:14.304+0000: [GC (Allocation Failure) 2020-10-28T13:45:14.304+0000: [ParNew: 34438K->6K(38720K), 0.0030215 secs] 517918K->483486K(724560K), 0.0030836 secs] [Times: user=0.00 sys=0.00, real=0.00 secs] 
2020-10-28T13:45:14.345+0000: [GC (Allocation Failure) 2020-10-28T13:45:14.345+0000: [ParNew: 34438K->4K(38720K), 0.0029872 secs] 517918K->483484K(724560K), 0.0030476 secs] [Times: user=0.01 sys=0.00, real=0.01 secs] 
2020-10-28T13:45:14.392+0000: [GC (Allocation Failure) 2020-10-28T13:45:14.392+0000: [ParNew: 34436K->6K(38720K), 0.0029704 secs] 517916K->483486K(724560K), 0.0030310 secs] [Times: user=0.01 sys=0.00, real=0.00 secs] 
2020-10-28T13:45:14.432+0000: [GC (Allocation Failure) 2020-10-28T13:45:14.432+0000: [ParNew: 34438K->4K(38720K), 0.0030105 secs] 517918K->483484K(724560K), 0.0030972 secs] [Times: user=0.01 sys=0.00, real=0.00 secs] 
2020-10-28T13:45:14.473+0000: [GC (Allocation Failure) 2020-10-28T13:45:14.473+0000: [ParNew: 34436K->6K(38720K), 0.0140298 secs] 517916K->483486K(724560K), 0.0141006 secs] [Times: user=0.00 sys=0.00, real=0.02 secs] 
2020-10-28T13:45:14.506+0000: [GC (Allocation Failure) 2020-10-28T13:45:14.506+0000: [ParNew: 12014K->6K(38720K), 0.0028993 secs] 495494K->483486K(724560K), 0.0029551 secs] [Times: user=0.01 sys=0.00, real=0.01 secs] 
2020-10-28T13:45:14.518+0000: [GC (Allocation Failure) 2020-10-28T13:45:14.518+0000: [ParNew: 34438K->4K(38720K), 0.0256733 secs] 517918K->516252K(724560K), 0.0257328 secs] [Times: user=0.05 sys=0.01, real=0.03 secs] 
2020-10-28T13:45:14.543+0000: [CMS-concurrent-abortable-preclean: 0.017/0.317 secs] [Times: user=0.56 sys=0.03, real=0.32 secs] 
2020-10-28T13:45:14.557+0000: [GC (CMS Final Remark) [YG occupancy: 9119 K (38720 K)]2020-10-28T13:45:14.557+0000: [Rescan (parallel) , 0.0082515 secs]2020-10-28T13:45:14.566+0000: [weak refs processing, 0.0000330 secs]2020-10-28T13:45:14.566+0000: [class unloading, 0.0111391 secs]2020-10-28T13:45:14.577+0000: [scrub symbol table, 0.0091508 secs]2020-10-28T13:45:14.586+0000: [scrub string table, 0.0006591 secs][1 CMS-remark: 516248K(685840K)] 525367K(724560K), 0.0293589 secs] [Times: user=0.03 sys=0.00, real=0.03 secs] 
2020-10-28T13:45:14.587+0000: [CMS-concurrent-sweep-start]
2020-10-28T13:45:14.602+0000: [CMS-concurrent-sweep: 0.014/0.014 secs] [Times: user=0.03 sys=0.01, real=0.01 secs] 
2020-10-28T13:45:14.602+0000: [CMS-concurrent-reset-start]
2020-10-28T13:45:14.614+0000: [CMS-concurrent-reset: 0.012/0.012 secs] [Times: user=0.02 sys=0.00, real=0.01 secs] 
2020-10-28T13:45:14.631+0000: [GC (Allocation Failure) 2020-10-28T13:45:14.632+0000: [ParNew: 34436K->6K(38720K), 0.0034155 secs] 517915K->483485K(844520K), 0.0034764 secs] [Times: user=0.01 sys=0.00, real=0.00 secs] 
2020-10-28T13:45:14.671+0000: [GC (Allocation Failure) 2020-10-28T13:45:14.671+0000: [ParNew: 32405K->6K(38720K), 0.0034721 secs] 515884K->483485K(844520K), 0.0035320 secs] [Times: user=0.01 sys=0.00, real=0.00 secs] 
2020-10-28T13:45:14.681+0000: [GC (Allocation Failure) 2020-10-28T13:45:14.681+0000: [ParNew: 34438K->4K(38720K), 0.0086289 secs] 517917K->516251K(844520K), 0.0086911 secs] [Times: user=0.01 sys=0.00, real=0.01 secs] 
2020-10-28T13:45:14.710+0000: [GC (CMS Initial Mark) [1 CMS-initial-mark: 516247K(805800K)] 532850K(844520K), 0.0115042 secs] [Times: user=0.02 sys=0.00, real=0.01 secs] 
2020-10-28T13:45:14.722+0000: [CMS-concurrent-mark-start]
2020-10-28T13:45:14.752+0000: [GC (Allocation Failure) 2020-10-28T13:45:14.752+0000: [ParNew: 34436K->6K(38720K), 0.0034053 secs] 550683K->516253K(844520K), 0.0034684 secs] [Times: user=0.00 sys=0.00, real=0.00 secs] 
2020-10-28T13:45:14.800+0000: [GC (Allocation Failure) 2020-10-28T13:45:14.800+0000: [ParNew: 34438K->6K(38720K), 0.0033776 secs] 550685K->516253K(844520K), 0.0034387 secs] [Times: user=0.01 sys=0.00, real=0.00 secs] 
2020-10-28T13:45:14.853+0000: [GC (Allocation Failure) 2020-10-28T13:45:14.853+0000: [ParNew: 34438K->4K(38720K), 0.0034427 secs] 550685K->516251K(844520K), 0.0035059 secs] [Times: user=0.01 sys=0.00, real=0.00 secs] 
2020-10-28T13:45:14.911+0000: [CMS-concurrent-mark: 0.168/0.189 secs] [Times: user=0.34 sys=0.02, real=0.19 secs] 
2020-10-28T13:45:14.911+0000: [GC (Allocation Failure) 2020-10-28T13:45:14.911+0000: [ParNew: 34436K->6K(38720K), 0.0034222 secs] 550683K->516253K(844520K), 0.0034672 secs] [Times: user=0.01 sys=0.00, real=0.00 secs] 
2020-10-28T13:45:14.915+0000: [CMS-concurrent-preclean-start]
2020-10-28T13:45:14.917+0000: [CMS-concurrent-preclean: 0.003/0.003 secs] [Times: user=0.00 sys=0.00, real=0.00 secs] 
2020-10-28T13:45:14.918+0000: [GC (CMS Final Remark) [YG occupancy: 1285 K (38720 K)]2020-10-28T13:45:14.918+0000: [Rescan (parallel) , 0.0026605 secs]2020-10-28T13:45:14.921+0000: [weak refs processing, 0.0000304 secs]2020-10-28T13:45:14.921+0000: [class unloading, 0.0089335 secs]2020-10-28T13:45:14.930+0000: [scrub symbol table, 0.0092661 secs]2020-10-28T13:45:14.939+0000: [scrub string table, 0.0006929 secs][1 CMS-remark: 516247K(805800K)] 517532K(844520K), 0.0217067 secs] [Times: user=0.03 sys=0.00, real=0.03 secs] 
2020-10-28T13:45:14.943+0000: [CMS-concurrent-sweep-start]
2020-10-28T13:45:14.960+0000: [GC (Allocation Failure) 2020-10-28T13:45:14.960+0000: [ParNew: 10629K->6K(38720K), 0.0033326 secs] 526876K->516253K(844520K), 0.0033951 secs] [Times: user=0.01 sys=0.00, real=0.00 secs] 
2020-10-28T13:45:14.972+0000: [GC (Allocation Failure) 2020-10-28T13:45:14.972+0000: [ParNew: 34438K->4K(38720K), 0.0275569 secs] 550685K->549019K(844520K), 0.0276214 secs] [Times: user=0.04 sys=0.02, real=0.03 secs] 
2020-10-28T13:45:15.005+0000: [CMS-concurrent-sweep: 0.017/0.061 secs] [Times: user=0.10 sys=0.02, real=0.06 secs] 
2020-10-28T13:45:15.005+0000: [CMS-concurrent-reset-start]
2020-10-28T13:45:15.043+0000: [CMS-concurrent-reset: 0.038/0.038 secs] [Times: user=0.07 sys=0.01, real=0.04 secs] 
2020-10-28T13:45:15.047+0000: [GC (Allocation Failure) 2020-10-28T13:45:15.047+0000: [ParNew: 34436K->6K(38720K), 0.0038495 secs] 583451K->549021K(953748K), 0.0038932 secs] [Times: user=0.01 sys=0.00, real=0.01 secs] 
2020-10-28T13:45:15.097+0000: [GC (Allocation Failure) 2020-10-28T13:45:15.097+0000: [ParNew: 34438K->6K(38720K), 0.0037573 secs] 583453K->549021K(953748K), 0.0038181 secs] [Times: user=0.01 sys=0.00, real=0.01 secs] 
2020-10-28T13:45:15.140+0000: [GC (Allocation Failure) 2020-10-28T13:45:15.140+0000: [ParNew: 34438K->6K(38720K), 0.0037503 secs] 583453K->549021K(953748K), 0.0038374 secs] [Times: user=0.00 sys=0.00, real=0.00 secs] 
2020-10-28T13:45:15.184+0000: [GC (Allocation Failure) 2020-10-28T13:45:15.184+0000: [ParNew: 34438K->4K(38720K), 0.0037368 secs] 583453K->549019K(953748K), 0.0037965 secs] [Times: user=0.01 sys=0.00, real=0.00 secs] 
2020-10-28T13:45:15.231+0000: [GC (Allocation Failure) 2020-10-28T13:45:15.232+0000: [ParNew: 34436K->6K(38720K), 0.0038850 secs] 583451K->549021K(953748K), 0.0039588 secs] [Times: user=0.01 sys=0.00, real=0.00 secs] 
2020-10-28T13:45:15.276+0000: [GC (Allocation Failure) 2020-10-28T13:45:15.276+0000: [ParNew: 34438K->6K(38720K), 0.0037240 secs] 583453K->549021K(953748K), 0.0037775 secs] [Times: user=0.01 sys=0.00, real=0.00 secs] 
2020-10-28T13:45:15.319+0000: [GC (Allocation Failure) 2020-10-28T13:45:15.319+0000: [ParNew: 34438K->6K(38720K), 0.0039127 secs] 583453K->549021K(953748K), 0.0039811 secs] [Times: user=0.01 sys=0.00, real=0.01 secs] 
2020-10-28T13:45:15.364+0000: [GC (Allocation Failure) 2020-10-28T13:45:15.364+0000: [ParNew: 34438K->6K(38720K), 0.0037628 secs] 583453K->549021K(953748K), 0.0038252 secs] [Times: user=0.01 sys=0.00, real=0.01 secs] 
2020-10-28T13:45:15.404+0000: [GC (Allocation Failure) 2020-10-28T13:45:15.404+0000: [ParNew: 34438K->4K(38720K), 0.0037864 secs] 583453K->549019K(953748K), 0.0038469 secs] [Times: user=0.00 sys=0.00, real=0.01 secs] 
2020-10-28T13:45:15.449+0000: [GC (Allocation Failure) 2020-10-28T13:45:15.449+0000: [ParNew: 34436K->6K(38720K), 0.0037693 secs] 583451K->549021K(953748K), 0.0038294 secs] [Times: user=0.00 sys=0.00, real=0.00 secs] 
2020-10-28T13:45:15.490+0000: [GC (Allocation Failure) 2020-10-28T13:45:15.490+0000: [ParNew: 34438K->4K(38720K), 0.0038260 secs] 583453K->549019K(953748K), 0.0038879 secs] [Times: user=0.01 sys=0.00, real=0.00 secs] 
2020-10-28T13:45:15.531+0000: [GC (Allocation Failure) 2020-10-28T13:45:15.531+0000: [ParNew: 34436K->4K(38720K), 0.0037966 secs] 583451K->549019K(953748K), 0.0038571 secs] [Times: user=0.01 sys=0.00, real=0.00 secs] 
2020-10-28T13:45:15.575+0000: [GC (Allocation Failure) 2020-10-28T13:45:15.575+0000: [ParNew: 34436K->6K(38720K), 0.0038170 secs] 583451K->549021K(953748K), 0.0038791 secs] [Times: user=0.01 sys=0.00, real=0.00 secs] 
2020-10-28T13:45:15.616+0000: [GC (Allocation Failure) 2020-10-28T13:45:15.616+0000: [ParNew: 34438K->4K(38720K), 0.0038510 secs] 583453K->549019K(953748K), 0.0039114 secs] [Times: user=0.01 sys=0.00, real=0.01 secs] 
2020-10-28T13:45:15.660+0000: [GC (Allocation Failure) 2020-10-28T13:45:15.660+0000: [ParNew: 34436K->4K(38720K), 0.0037667 secs] 583451K->549019K(953748K), 0.0038455 secs] [Times: user=0.01 sys=0.00, real=0.00 secs] 
2020-10-28T13:45:15.705+0000: [GC (Allocation Failure) 2020-10-28T13:45:15.705+0000: [ParNew: 34436K->6K(38720K), 0.0037574 secs] 583451K->549021K(953748K), 0.0038184 secs] [Times: user=0.01 sys=0.00, real=0.01 secs] 
2020-10-28T13:45:15.748+0000: [GC (Allocation Failure) 2020-10-28T13:45:15.748+0000: [ParNew: 34438K->4K(38720K), 0.0038080 secs] 583453K->549019K(953748K), 0.0038683 secs] [Times: user=0.01 sys=0.00, real=0.00 secs] 
2020-10-28T13:45:15.792+0000: [GC (Allocation Failure) 2020-10-28T13:45:15.792+0000: [ParNew: 34436K->6K(38720K), 0.0037961 secs] 583451K->549021K(953748K), 0.0038571 secs] [Times: user=0.00 sys=0.00, real=0.00 secs] 
2020-10-28T13:45:15.852+0000: [GC (Allocation Failure) 2020-10-28T13:45:15.852+0000: [ParNew: 34438K->6K(38720K), 0.0037828 secs] 583453K->549021K(953748K), 0.0038713 secs] [Times: user=0.00 sys=0.00, real=0.00 secs] 
2020-10-28T13:45:15.904+0000: [GC (Allocation Failure) 2020-10-28T13:45:15.904+0000: [ParNew: 34438K->6K(38720K), 0.0037507 secs] 583453K->549021K(953748K), 0.0038140 secs] [Times: user=0.01 sys=0.00, real=0.01 secs] 
2020-10-28T13:45:15.942+0000: [GC (Allocation Failure) 2020-10-28T13:45:15.942+0000: [ParNew: 31576K->6K(38720K), 0.0037689 secs] 580591K->549021K(953748K), 0.0038300 secs] [Times: user=0.00 sys=0.00, real=0.00 secs] 
2020-10-28T13:45:15.953+0000: [GC (Allocation Failure) 2020-10-28T13:45:15.954+0000: [ParNew: 34438K->4K(38720K), 0.0277006 secs] 583453K->581787K(953748K), 0.0277650 secs] [Times: user=0.05 sys=0.01, real=0.03 secs] 
2020-10-28T13:45:16.024+0000: [GC (Allocation Failure) 2020-10-28T13:45:16.024+0000: [ParNew: 34436K->6K(38720K), 0.0037577 secs] 616219K->581789K(953748K), 0.0038345 secs] [Times: user=0.01 sys=0.00, real=0.01 secs] 
2020-10-28T13:45:16.072+0000: [GC (Allocation Failure) 2020-10-28T13:45:16.072+0000: [ParNew: 34438K->6K(38720K), 0.0036953 secs] 616221K->581789K(953748K), 0.0037791 secs] [Times: user=0.01 sys=0.00, real=0.00 secs] 
2020-10-28T13:45:16.116+0000: [GC (Allocation Failure) 2020-10-28T13:45:16.116+0000: [ParNew: 34438K->6K(38720K), 0.0036905 secs] 616221K->581789K(953748K), 0.0037515 secs] [Times: user=0.01 sys=0.00, real=0.00 secs] 
2020-10-28T13:45:16.160+0000: [GC (Allocation Failure) 2020-10-28T13:45:16.160+0000: [ParNew: 34438K->4K(38720K), 0.0037101 secs] 616221K->581787K(953748K), 0.0037713 secs] [Times: user=0.01 sys=0.00, real=0.00 secs] 
2020-10-28T13:45:16.204+0000: [GC (Allocation Failure) 2020-10-28T13:45:16.204+0000: [ParNew: 34436K->4K(38720K), 0.0036953 secs] 616219K->581787K(953748K), 0.0037555 secs] [Times: user=0.01 sys=0.00, real=0.00 secs] 
2020-10-28T13:45:16.252+0000: [GC (Allocation Failure) 2020-10-28T13:45:16.252+0000: [ParNew: 34436K->6K(38720K), 0.0036775 secs] 616219K->581789K(953748K), 0.0037390 secs] [Times: user=0.01 sys=0.00, real=0.00 secs] 
2020-10-28T13:45:16.296+0000: [GC (Allocation Failure) 2020-10-28T13:45:16.296+0000: [ParNew: 34438K->6K(38720K), 0.0037257 secs] 616221K->581789K(953748K), 0.0037874 secs] [Times: user=0.01 sys=0.01, real=0.00 secs] 
2020-10-28T13:45:16.344+0000: [GC (Allocation Failure) 2020-10-28T13:45:16.344+0000: [ParNew: 34438K->4K(38720K), 0.0069933 secs] 616221K->581787K(953748K), 0.0070826 secs] [Times: user=0.01 sys=0.00, real=0.01 secs] 
2020-10-28T13:45:16.389+0000: [GC (Allocation Failure) 2020-10-28T13:45:16.389+0000: [ParNew: 34436K->6K(38720K), 0.0037035 secs] 616219K->581789K(953748K), 0.0037649 secs] [Times: user=0.01 sys=0.00, real=0.00 secs] 
2020-10-28T13:45:16.433+0000: [GC (Allocation Failure) 2020-10-28T13:45:16.434+0000: [ParNew: 34438K->6K(38720K), 0.0037369 secs] 616221K->581789K(953748K), 0.0037966 secs] [Times: user=0.01 sys=0.00, real=0.00 secs] 
2020-10-28T13:45:16.474+0000: [GC (Allocation Failure) 2020-10-28T13:45:16.474+0000: [ParNew: 34438K->6K(38720K), 0.0037062 secs] 616221K->581789K(953748K), 0.0037662 secs] [Times: user=0.00 sys=0.00, real=0.00 secs] 
2020-10-28T13:45:16.519+0000: [GC (Allocation Failure) 2020-10-28T13:45:16.520+0000: [ParNew: 34438K->6K(38720K), 0.0037519 secs] 616221K->581789K(953748K), 0.0038120 secs] [Times: user=0.01 sys=0.00, real=0.00 secs] 
2020-10-28T13:45:16.564+0000: [GC (Allocation Failure) 2020-10-28T13:45:16.564+0000: [ParNew: 34438K->6K(38720K), 0.0036551 secs] 616221K->581789K(953748K), 0.0037154 secs] [Times: user=0.01 sys=0.00, real=0.00 secs] 
2020-10-28T13:45:16.588+0000: [GC (Allocation Failure) 2020-10-28T13:45:16.588+0000: [ParNew: 14664K->4K(38720K), 0.0036456 secs] 596447K->581787K(953748K), 0.0037040 secs] [Times: user=0.01 sys=0.00, real=0.00 secs] 
2020-10-28T13:45:16.600+0000: [GC (Allocation Failure) 2020-10-28T13:45:16.600+0000: [ParNew: 34436K->4K(38720K), 0.0286656 secs] 616219K->614555K(953748K), 0.0287313 secs] [Times: user=0.04 sys=0.02, real=0.03 secs] 
2020-10-28T13:45:16.638+0000: [GC (CMS Initial Mark) [1 CMS-initial-mark: 614551K(915028K)] 619240K(953748K), 0.0042852 secs] [Times: user=0.01 sys=0.00, real=0.01 secs] 
2020-10-28T13:45:16.643+0000: [CMS-concurrent-mark-start]
2020-10-28T13:45:16.684+0000: [GC (Allocation Failure) 2020-10-28T13:45:16.684+0000: [ParNew: 34436K->6K(38720K), 0.0036206 secs] 648987K->614557K(953748K), 0.0036811 secs] [Times: user=0.01 sys=0.00, real=0.00 secs] 
2020-10-28T13:45:16.736+0000: [GC (Allocation Failure) 2020-10-28T13:45:16.736+0000: [ParNew: 34438K->6K(38720K), 0.0036402 secs] 648989K->614557K(953748K), 0.0037020 secs] [Times: user=0.01 sys=0.00, real=0.00 secs] 
2020-10-28T13:45:16.772+0000: [GC (Allocation Failure) 2020-10-28T13:45:16.772+0000: [ParNew: 19999K->6K(38720K), 0.0036961 secs] 634550K->614557K(953748K), 0.0037564 secs] [Times: user=0.00 sys=0.00, real=0.00 secs] 
2020-10-28T13:45:16.786+0000: [GC (Allocation Failure) 2020-10-28T13:45:16.786+0000: [ParNew: 34438K->6K(38720K), 0.0274672 secs] 648989K->647325K(953748K), 0.0275294 secs] [Times: user=0.05 sys=0.01, real=0.03 secs] 
2020-10-28T13:45:16.873+0000: [CMS-concurrent-mark: 0.165/0.230 secs] [Times: user=0.40 sys=0.02, real=0.23 secs] 
2020-10-28T13:45:16.873+0000: [GC (Allocation Failure) 2020-10-28T13:45:16.873+0000: [ParNew: 34438K->6K(38720K), 0.0036968 secs] 681757K->647325K(953748K), 0.0037413 secs] [Times: user=0.00 sys=0.00, real=0.00 secs] 
2020-10-28T13:45:16.877+0000: [CMS-concurrent-preclean-start]
2020-10-28T13:45:16.880+0000: [CMS-concurrent-preclean: 0.003/0.003 secs] [Times: user=0.01 sys=0.00, real=0.01 secs] 
2020-10-28T13:45:16.884+0000: [GC (CMS Final Remark) [YG occupancy: 4017 K (38720 K)]2020-10-28T13:45:16.884+0000: [Rescan (parallel) , 0.0046557 secs]2020-10-28T13:45:16.888+0000: [weak refs processing, 0.0000292 secs]2020-10-28T13:45:16.888+0000: [class unloading, 0.0087758 secs]2020-10-28T13:45:16.897+0000: [scrub symbol table, 0.0092355 secs]2020-10-28T13:45:16.906+0000: [scrub string table, 0.0006463 secs][1 CMS-remark: 647319K(915028K)] 651337K(953748K), 0.0234565 secs] [Times: user=0.03 sys=0.00, real=0.02 secs] 
2020-10-28T13:45:16.919+0000: [CMS-concurrent-sweep-start]
2020-10-28T13:45:16.946+0000: [GC (Allocation Failure) 2020-10-28T13:45:16.946+0000: [ParNew: 34438K->6K(38720K), 0.0036373 secs] 681757K->647325K(953748K), 0.0036977 secs] [Times: user=0.00 sys=0.00, real=0.01 secs] 
2020-10-28T13:45:16.955+0000: [CMS-concurrent-sweep: 0.031/0.035 secs] [Times: user=0.07 sys=0.00, real=0.03 secs] 
2020-10-28T13:45:16.955+0000: [CMS-concurrent-reset-start]
2020-10-28T13:45:16.975+0000: [CMS-concurrent-reset: 0.020/0.020 secs] [Times: user=0.04 sys=0.00, real=0.02 secs] 
2020-10-28T13:45:16.980+0000: [GC (Allocation Failure) 2020-10-28T13:45:16.980+0000: [ParNew: 17004K->6K(38720K), 0.0042010 secs] 647940K->630941K(1090280K), 0.0042553 secs] [Times: user=0.01 sys=0.00, real=0.00 secs] 
2020-10-28T13:45:17.000+0000: [GC (Allocation Failure) 2020-10-28T13:45:17.000+0000: [ParNew: 34438K->4K(38720K), 0.0280187 secs] 665373K->663707K(1090280K), 0.0280831 secs] [Times: user=0.04 sys=0.01, real=0.03 secs] 
2020-10-28T13:45:17.076+0000: [GC (Allocation Failure) 2020-10-28T13:45:17.076+0000: [ParNew: 34436K->6K(38720K), 0.0048012 secs] 698139K->663709K(1090280K), 0.0048629 secs] [Times: user=0.01 sys=0.00, real=0.01 secs] 
2020-10-28T13:45:17.118+0000: [GC (Allocation Failure) 2020-10-28T13:45:17.118+0000: [ParNew: 34438K->6K(38720K), 0.0041038 secs] 698141K->663709K(1090280K), 0.0041637 secs] [Times: user=0.01 sys=0.00, real=0.01 secs] 
2020-10-28T13:45:17.161+0000: [GC (Allocation Failure) 2020-10-28T13:45:17.161+0000: [ParNew: 34438K->6K(38720K), 0.0041649 secs] 698141K->663709K(1090280K), 0.0042279 secs] [Times: user=0.01 sys=0.00, real=0.00 secs] 
2020-10-28T13:45:17.207+0000: [GC (Allocation Failure) 2020-10-28T13:45:17.207+0000: [ParNew: 34438K->6K(38720K), 0.0041203 secs] 698141K->663709K(1090280K), 0.0041820 secs] [Times: user=0.01 sys=0.00, real=0.01 secs] 
2020-10-28T13:45:17.248+0000: [GC (Allocation Failure) 2020-10-28T13:45:17.248+0000: [ParNew: 34438K->6K(38720K), 0.0041498 secs] 698141K->663709K(1090280K), 0.0042120 secs] [Times: user=0.01 sys=0.00, real=0.00 secs] 
2020-10-28T13:45:17.294+0000: [GC (Allocation Failure) 2020-10-28T13:45:17.294+0000: [ParNew: 34438K->6K(38720K), 0.0041456 secs] 698141K->663709K(1090280K), 0.0042094 secs] [Times: user=0.01 sys=0.00, real=0.00 secs] 
2020-10-28T13:45:17.335+0000: [GC (Allocation Failure) 2020-10-28T13:45:17.335+0000: [ParNew: 34438K->6K(38720K), 0.0041362 secs] 698141K->663709K(1090280K), 0.0041972 secs] [Times: user=0.00 sys=0.00, real=0.01 secs] 
2020-10-28T13:45:17.384+0000: [GC (Allocation Failure) 2020-10-28T13:45:17.384+0000: [ParNew: 34438K->6K(38720K), 0.0041053 secs] 698141K->663709K(1090280K), 0.0041669 secs] [Times: user=0.01 sys=0.00, real=0.01 secs] 
2020-10-28T13:45:17.428+0000: [GC (Allocation Failure) 2020-10-28T13:45:17.428+0000: [ParNew: 34438K->6K(38720K), 0.0041416 secs] 698141K->663709K(1090280K), 0.0042021 secs] [Times: user=0.01 sys=0.00, real=0.00 secs] 
2020-10-28T13:45:17.469+0000: [GC (Allocation Failure) 2020-10-28T13:45:17.469+0000: [ParNew: 34438K->6K(38720K), 0.0041226 secs] 698141K->663709K(1090280K), 0.0041839 secs] [Times: user=0.00 sys=0.00, real=0.00 secs] 
2020-10-28T13:45:17.515+0000: [GC (Allocation Failure) 2020-10-28T13:45:17.515+0000: [ParNew: 34438K->6K(38720K), 0.0040953 secs] 698141K->663709K(1090280K), 0.0041559 secs] [Times: user=0.01 sys=0.00, real=0.00 secs] 
2020-10-28T13:45:17.560+0000: [GC (Allocation Failure) 2020-10-28T13:45:17.560+0000: [ParNew: 34438K->6K(38720K), 0.0040875 secs] 698141K->663709K(1090280K), 0.0041503 secs] [Times: user=0.01 sys=0.00, real=0.00 secs] 
2020-10-28T13:45:17.600+0000: [GC (Allocation Failure) 2020-10-28T13:45:17.601+0000: [ParNew: 34438K->6K(38720K), 0.0041414 secs] 698141K->663709K(1090280K), 0.0042061 secs] [Times: user=0.01 sys=0.00, real=0.00 secs] 
2020-10-28T13:45:17.644+0000: [GC (Allocation Failure) 2020-10-28T13:45:17.644+0000: [ParNew: 34438K->6K(38720K), 0.0041171 secs] 698141K->663709K(1090280K), 0.0041785 secs] [Times: user=0.01 sys=0.00, real=0.01 secs] 
2020-10-28T13:45:17.688+0000: [GC (Allocation Failure) 2020-10-28T13:45:17.688+0000: [ParNew: 34438K->6K(38720K), 0.0041203 secs] 698141K->663709K(1090280K), 0.0041825 secs] [Times: user=0.01 sys=0.00, real=0.00 secs] 
2020-10-28T13:45:17.733+0000: [GC (Allocation Failure) 2020-10-28T13:45:17.733+0000: [ParNew: 34438K->6K(38720K), 0.0041077 secs] 698141K->663709K(1090280K), 0.0041812 secs] [Times: user=0.01 sys=0.00, real=0.00 secs] 
2020-10-28T13:45:17.774+0000: [GC (Allocation Failure) 2020-10-28T13:45:17.774+0000: [ParNew: 34438K->6K(38720K), 0.0041255 secs] 698141K->663709K(1090280K), 0.0041870 secs] [Times: user=0.01 sys=0.00, real=0.00 secs] 
2020-10-28T13:45:17.815+0000: [GC (Allocation Failure) 2020-10-28T13:45:17.815+0000: [ParNew: 34438K->6K(38720K), 0.0040720 secs] 698141K->663709K(1090280K), 0.0041320 secs] [Times: user=0.01 sys=0.00, real=0.00 secs] 
2020-10-28T13:45:17.860+0000: [GC (Allocation Failure) 2020-10-28T13:45:17.860+0000: [ParNew: 34438K->6K(38720K), 0.0040660 secs] 698141K->663709K(1090280K), 0.0041259 secs] [Times: user=0.00 sys=0.00, real=0.00 secs] 
2020-10-28T13:45:17.905+0000: [GC (Allocation Failure) 2020-10-28T13:45:17.905+0000: [ParNew: 34438K->6K(38720K), 0.0040668 secs] 698141K->663709K(1090280K), 0.0041281 secs] [Times: user=0.01 sys=0.00, real=0.01 secs] 
2020-10-28T13:45:17.960+0000: [GC (Allocation Failure) 2020-10-28T13:45:17.960+0000: [ParNew: 34438K->4K(38720K), 0.0041022 secs] 698141K->663707K(1090280K), 0.0041844 secs] [Times: user=0.01 sys=0.00, real=0.00 secs] 
2020-10-28T13:45:18.004+0000: [GC (Allocation Failure) 2020-10-28T13:45:18.004+0000: [ParNew: 34436K->6K(38720K), 0.0041002 secs] 698139K->663709K(1090280K), 0.0041640 secs] [Times: user=0.00 sys=0.00, real=0.01 secs] 
2020-10-28T13:45:18.044+0000: [GC (Allocation Failure) 2020-10-28T13:45:18.044+0000: [ParNew: 34438K->6K(38720K), 0.0040841 secs] 698141K->663709K(1090280K), 0.0041434 secs] [Times: user=0.00 sys=0.00, real=0.01 secs] 
2020-10-28T13:45:18.088+0000: [GC (Allocation Failure) 2020-10-28T13:45:18.088+0000: [ParNew: 34438K->6K(38720K), 0.0041081 secs] 698141K->663709K(1090280K), 0.0041678 secs] [Times: user=0.01 sys=0.00, real=0.00 secs] 
2020-10-28T13:45:18.128+0000: [GC (Allocation Failure) 2020-10-28T13:45:18.128+0000: [ParNew: 34438K->6K(38720K), 0.0041840 secs] 698141K->663709K(1090280K), 0.0042451 secs] [Times: user=0.01 sys=0.00, real=0.00 secs] 
2020-10-28T13:45:18.175+0000: [GC (Allocation Failure) 2020-10-28T13:45:18.175+0000: [ParNew: 34438K->6K(38720K), 0.0041179 secs] 698141K->663709K(1090280K), 0.0041810 secs] [Times: user=0.00 sys=0.00, real=0.01 secs] 
2020-10-28T13:45:18.218+0000: [GC (Allocation Failure) 2020-10-28T13:45:18.218+0000: [ParNew: 34438K->6K(38720K), 0.0041783 secs] 698141K->663709K(1090280K), 0.0042406 secs] [Times: user=0.01 sys=0.00, real=0.01 secs] 
2020-10-28T13:45:18.263+0000: [GC (Allocation Failure) 2020-10-28T13:45:18.263+0000: [ParNew: 34438K->6K(38720K), 0.0041070 secs] 698141K->663709K(1090280K), 0.0041690 secs] [Times: user=0.01 sys=0.00, real=0.01 secs] 
2020-10-28T13:45:18.307+0000: [GC (Allocation Failure) 2020-10-28T13:45:18.307+0000: [ParNew: 34438K->6K(38720K), 0.0040694 secs] 698141K->663709K(1090280K), 0.0041325 secs] [Times: user=0.01 sys=0.00, real=0.01 secs] 
2020-10-28T13:45:18.352+0000: [GC (Allocation Failure) 2020-10-28T13:45:18.352+0000: [ParNew: 34438K->6K(38720K), 0.0040731 secs] 698141K->663709K(1090280K), 0.0041340 secs] [Times: user=0.01 sys=0.00, real=0.00 secs] 
2020-10-28T13:45:18.396+0000: [GC (Allocation Failure) 2020-10-28T13:45:18.396+0000: [ParNew: 34438K->6K(38720K), 0.0041880 secs] 698141K->663709K(1090280K), 0.0042631 secs] [Times: user=0.01 sys=0.00, real=0.01 secs] 
2020-10-28T13:45:18.440+0000: [GC (Allocation Failure) 2020-10-28T13:45:18.440+0000: [ParNew: 34438K->6K(38720K), 0.0040679 secs] 698141K->663709K(1090280K), 0.0041278 secs] [Times: user=0.00 sys=0.00, real=0.00 secs] 
2020-10-28T13:45:18.488+0000: [GC (Allocation Failure) 2020-10-28T13:45:18.488+0000: [ParNew: 34438K->6K(38720K), 0.0040850 secs] 698141K->663709K(1090280K), 0.0041452 secs] [Times: user=0.01 sys=0.00, real=0.00 secs] 
2020-10-28T13:45:18.508+0000: [GC (Allocation Failure) 2020-10-28T13:45:18.508+0000: [ParNew: 10026K->6K(38720K), 0.0038942 secs] 673730K->663709K(1090280K), 0.0039493 secs] [Times: user=0.01 sys=0.00, real=0.00 secs] 
2020-10-28T13:45:18.518+0000: [GC (Allocation Failure) 2020-10-28T13:45:18.518+0000: [ParNew: 34438K->4K(38720K), 0.0271176 secs] 698141K->696475K(1090280K), 0.0271780 secs] [Times: user=0.04 sys=0.02, real=0.03 secs] 
2020-10-28T13:45:18.582+0000: [GC (Allocation Failure) 2020-10-28T13:45:18.582+0000: [ParNew: 34436K->6K(38720K), 0.0040958 secs] 730907K->696478K(1090280K), 0.0041629 secs] [Times: user=0.00 sys=0.00, real=0.00 secs] 
2020-10-28T13:45:18.623+0000: [GC (Allocation Failure) 2020-10-28T13:45:18.623+0000: [ParNew: 34438K->6K(38720K), 0.0040438 secs] 730910K->696478K(1090280K), 0.0041202 secs] [Times: user=0.00 sys=0.00, real=0.01 secs] 
2020-10-28T13:45:18.668+0000: [GC (Allocation Failure) 2020-10-28T13:45:18.668+0000: [ParNew: 34438K->6K(38720K), 0.0040792 secs] 730910K->696478K(1090280K), 0.0041409 secs] [Times: user=0.01 sys=0.00, real=0.00 secs] 
2020-10-28T13:45:18.715+0000: [GC (Allocation Failure) 2020-10-28T13:45:18.716+0000: [ParNew: 34438K->6K(38720K), 0.0040440 secs] 730910K->696478K(1090280K), 0.0041062 secs] [Times: user=0.01 sys=0.00, real=0.01 secs] 
2020-10-28T13:45:18.757+0000: [GC (Allocation Failure) 2020-10-28T13:45:18.757+0000: [ParNew: 34438K->6K(38720K), 0.0042138 secs] 730910K->696478K(1090280K), 0.0042734 secs] [Times: user=0.00 sys=0.00, real=0.01 secs] 
2020-10-28T13:45:18.798+0000: [GC (Allocation Failure) 2020-10-28T13:45:18.799+0000: [ParNew: 34438K->6K(38720K), 0.0040741 secs] 730910K->696478K(1090280K), 0.0041342 secs] [Times: user=0.01 sys=0.00, real=0.01 secs] 
2020-10-28T13:45:18.840+0000: [GC (Allocation Failure) 2020-10-28T13:45:18.840+0000: [ParNew: 34438K->6K(38720K), 0.0040299 secs] 730910K->696478K(1090280K), 0.0040904 secs] [Times: user=0.00 sys=0.00, real=0.00 secs] 
2020-10-28T13:45:18.887+0000: [GC (Allocation Failure) 2020-10-28T13:45:18.887+0000: [ParNew: 34438K->6K(38720K), 0.0040848 secs] 730910K->696478K(1090280K), 0.0041449 secs] [Times: user=0.00 sys=0.00, real=0.01 secs] 
2020-10-28T13:45:18.928+0000: [GC (Allocation Failure) 2020-10-28T13:45:18.928+0000: [ParNew: 34438K->6K(38720K), 0.0040348 secs] 730910K->696478K(1090280K), 0.0040957 secs] [Times: user=0.00 sys=0.00, real=0.00 secs] 
2020-10-28T13:45:18.974+0000: [GC (Allocation Failure) 2020-10-28T13:45:18.974+0000: [ParNew: 34438K->6K(38720K), 0.0040306 secs] 730910K->696478K(1090280K), 0.0040896 secs] [Times: user=0.01 sys=0.00, real=0.00 secs] 
2020-10-28T13:45:19.014+0000: [GC (Allocation Failure) 2020-10-28T13:45:19.015+0000: [ParNew: 34438K->6K(38720K), 0.0040169 secs] 730910K->696478K(1090280K), 0.0040769 secs] [Times: user=0.01 sys=0.00, real=0.00 secs] 
2020-10-28T13:45:19.059+0000: [GC (Allocation Failure) 2020-10-28T13:45:19.059+0000: [ParNew: 34438K->6K(38720K), 0.0040954 secs] 730910K->696478K(1090280K), 0.0041578 secs] [Times: user=0.01 sys=0.00, real=0.00 secs] 
2020-10-28T13:45:19.104+0000: [GC (Allocation Failure) 2020-10-28T13:45:19.104+0000: [ParNew: 34438K->6K(38720K), 0.0040173 secs] 730910K->696478K(1090280K), 0.0040785 secs] [Times: user=0.01 sys=0.00, real=0.01 secs] 
2020-10-28T13:45:19.145+0000: [GC (Allocation Failure) 2020-10-28T13:45:19.145+0000: [ParNew: 34438K->6K(38720K), 0.0040212 secs] 730910K->696478K(1090280K), 0.0040811 secs] [Times: user=0.00 sys=0.00, real=0.01 secs] 
2020-10-28T13:45:19.192+0000: [GC (Allocation Failure) 2020-10-28T13:45:19.192+0000: [ParNew: 34438K->6K(38720K), 0.0039978 secs] 730910K->696478K(1090280K), 0.0040600 secs] [Times: user=0.01 sys=0.00, real=0.00 secs] 
2020-10-28T13:45:19.240+0000: [GC (Allocation Failure) 2020-10-28T13:45:19.240+0000: [ParNew: 34438K->6K(38720K), 0.0040754 secs] 730910K->696478K(1090280K), 0.0041364 secs] [Times: user=0.01 sys=0.00, real=0.00 secs] 
2020-10-28T13:45:19.281+0000: [GC (Allocation Failure) 2020-10-28T13:45:19.281+0000: [ParNew: 34438K->6K(38720K), 0.0040192 secs] 730910K->696478K(1090280K), 0.0040747 secs] [Times: user=0.01 sys=0.00, real=0.00 secs] 
2020-10-28T13:45:19.324+0000: [GC (Allocation Failure) 2020-10-28T13:45:19.324+0000: [ParNew: 34438K->6K(38720K), 0.0040520 secs] 730910K->696478K(1090280K), 0.0041236 secs] [Times: user=0.01 sys=0.00, real=0.01 secs] 
2020-10-28T13:45:19.372+0000: [GC (Allocation Failure) 2020-10-28T13:45:19.372+0000: [ParNew: 34438K->6K(38720K), 0.0040805 secs] 730910K->696478K(1090280K), 0.0041436 secs] [Times: user=0.01 sys=0.00, real=0.00 secs] 
2020-10-28T13:45:19.416+0000: [GC (Allocation Failure) 2020-10-28T13:45:19.416+0000: [ParNew: 34438K->4K(38720K), 0.0040297 secs] 730910K->696476K(1090280K), 0.0040898 secs] [Times: user=0.00 sys=0.00, real=0.01 secs] 
2020-10-28T13:45:19.447+0000: [GC (Allocation Failure) 2020-10-28T13:45:19.448+0000: [ParNew: 25444K->6K(38720K), 0.0039953 secs] 721916K->696478K(1090280K), 0.0040551 secs] [Times: user=0.01 sys=0.00, real=0.00 secs] 
2020-10-28T13:45:19.460+0000: [GC (Allocation Failure) 2020-10-28T13:45:19.460+0000: [ParNew: 34438K->4K(38720K), 0.0282606 secs] 730910K->729244K(1090280K), 0.0283240 secs] [Times: user=0.04 sys=0.01, real=0.03 secs] 
2020-10-28T13:45:19.514+0000: [GC (Allocation Failure) 2020-10-28T13:45:19.514+0000: [ParNew: 17680K->6K(38720K), 0.0039671 secs] 746920K->729246K(1090280K), 0.0040285 secs] [Times: user=0.01 sys=0.00, real=0.00 secs] 
2020-10-28T13:45:19.525+0000: [GC (Allocation Failure) 2020-10-28T13:45:19.525+0000: [ParNew: 34438K->6K(38720K), 0.0279158 secs] 763678K->762014K(1090280K), 0.0279783 secs] [Times: user=0.03 sys=0.02, real=0.03 secs] 
2020-10-28T13:45:19.567+0000: [GC (CMS Initial Mark) [1 CMS-initial-mark: 762008K(1051560K)] 771748K(1090280K), 0.0072843 secs] [Times: user=0.01 sys=0.00, real=0.01 secs] 
2020-10-28T13:45:19.575+0000: [CMS-concurrent-mark-start]
2020-10-28T13:45:19.612+0000: [GC (Allocation Failure) 2020-10-28T13:45:19.612+0000: [ParNew: 34438K->6K(38720K), 0.0039450 secs] 796446K->762014K(1090280K), 0.0040070 secs] [Times: user=0.01 sys=0.00, real=0.00 secs] 
2020-10-28T13:45:19.678+0000: [CMS-concurrent-mark: 0.099/0.103 secs] [Times: user=0.20 sys=0.00, real=0.10 secs] 
2020-10-28T13:45:19.678+0000: [CMS-concurrent-preclean-start]
2020-10-28T13:45:19.682+0000: [CMS-concurrent-preclean: 0.004/0.004 secs] [Times: user=0.01 sys=0.00, real=0.01 secs] 
2020-10-28T13:45:19.682+0000: [CMS-concurrent-abortable-preclean-start]
2020-10-28T13:45:19.685+0000: [GC (Allocation Failure) 2020-10-28T13:45:19.685+0000: [ParNew: 34438K->6K(38720K), 0.0035107 secs] 796446K->762014K(1090280K), 0.0035550 secs] [Times: user=0.01 sys=0.00, real=0.01 secs] 
2020-10-28T13:45:19.727+0000: [GC (Allocation Failure) 2020-10-28T13:45:19.728+0000: [ParNew: 34438K->6K(38720K), 0.0039484 secs] 796446K->762014K(1090280K), 0.0040094 secs] [Times: user=0.01 sys=0.00, real=0.00 secs] 
2020-10-28T13:45:19.771+0000: [GC (Allocation Failure) 2020-10-28T13:45:19.771+0000: [ParNew: 31370K->6K(38720K), 0.0039929 secs] 793378K->762014K(1090280K), 0.0040558 secs] [Times: user=0.01 sys=0.00, real=0.00 secs] 
2020-10-28T13:45:19.783+0000: [GC (Allocation Failure) 2020-10-28T13:45:19.783+0000: [ParNew: 34438K->4K(38720K), 0.0279268 secs] 796446K->794780K(1090280K), 0.0279862 secs] [Times: user=0.04 sys=0.02, real=0.03 secs] 
2020-10-28T13:45:19.811+0000: [CMS-concurrent-abortable-preclean: 0.012/0.129 secs] [Times: user=0.22 sys=0.03, real=0.13 secs] 
2020-10-28T13:45:19.828+0000: [GC (CMS Final Remark) [YG occupancy: 11866 K (38720 K)]2020-10-28T13:45:19.828+0000: [Rescan (parallel) , 0.0105648 secs]2020-10-28T13:45:19.838+0000: [weak refs processing, 0.0000342 secs]2020-10-28T13:45:19.838+0000: [class unloading, 0.0089654 secs]2020-10-28T13:45:19.847+0000: [scrub symbol table, 0.0092965 secs]2020-10-28T13:45:19.857+0000: [scrub string table, 0.0006447 secs][1 CMS-remark: 794776K(1051560K)] 806643K(1090280K), 0.0296481 secs] [Times: user=0.04 sys=0.00, real=0.02 secs] 
2020-10-28T13:45:19.866+0000: [CMS-concurrent-sweep-start]
2020-10-28T13:45:19.886+0000: [GC (Allocation Failure) 2020-10-28T13:45:19.886+0000: [ParNew: 34436K->6K(38720K), 0.0039111 secs] 829212K->794782K(1090280K), 0.0039695 secs] [Times: user=0.01 sys=0.00, real=0.01 secs] 
2020-10-28T13:45:19.896+0000: [CMS-concurrent-sweep: 0.025/0.029 secs] [Times: user=0.06 sys=0.00, real=0.03 secs] 
2020-10-28T13:45:19.904+0000: [CMS-concurrent-reset-start]
2020-10-28T13:45:19.922+0000: [CMS-concurrent-reset: 0.017/0.017 secs] [Times: user=0.03 sys=0.00, real=0.02 secs] 
2020-10-28T13:45:19.939+0000: [GC (Allocation Failure) 2020-10-28T13:45:19.939+0000: [ParNew: 34438K->4K(38720K), 0.0047029 secs] 780061K->745627K(1281428K), 0.0047627 secs] [Times: user=0.01 sys=0.00, real=0.01 secs] 
2020-10-28T13:45:19.982+0000: [GC (Allocation Failure) 2020-10-28T13:45:19.982+0000: [ParNew: 34436K->10K(38720K), 0.0049468 secs] 780059K->745634K(1281428K), 0.0050077 secs] [Times: user=0.01 sys=0.00, real=0.00 secs] 
2020-10-28T13:45:20.043+0000: [GC (Allocation Failure) 2020-10-28T13:45:20.044+0000: [ParNew: 34442K->8K(38720K), 0.0047139 secs] 780066K->745631K(1281428K), 0.0047774 secs] [Times: user=0.00 sys=0.00, real=0.01 secs] 
2020-10-28T13:45:20.097+0000: [GC (Allocation Failure) 2020-10-28T13:45:20.097+0000: [ParNew: 34440K->6K(38720K), 0.0047337 secs] 780063K->745630K(1281428K), 0.0047934 secs] [Times: user=0.01 sys=0.00, real=0.01 secs] 
2020-10-28T13:45:20.144+0000: [GC (Allocation Failure) 2020-10-28T13:45:20.144+0000: [ParNew: 34438K->6K(38720K), 0.0047018 secs] 780062K->745630K(1281428K), 0.0047630 secs] [Times: user=0.01 sys=0.00, real=0.01 secs] 
2020-10-28T13:45:20.186+0000: [GC (Allocation Failure) 2020-10-28T13:45:20.186+0000: [ParNew: 34438K->6K(38720K), 0.0047243 secs] 780062K->745630K(1281428K), 0.0048129 secs] [Times: user=0.01 sys=0.00, real=0.01 secs] 
2020-10-28T13:45:20.231+0000: [GC (Allocation Failure) 2020-10-28T13:45:20.232+0000: [ParNew: 34438K->6K(38720K), 0.0049817 secs] 780062K->745630K(1281428K), 0.0050421 secs] [Times: user=0.01 sys=0.00, real=0.00 secs] 
2020-10-28T13:45:20.273+0000: [GC (Allocation Failure) 2020-10-28T13:45:20.273+0000: [ParNew: 34438K->6K(38720K), 0.0047031 secs] 780062K->745630K(1281428K), 0.0047648 secs] [Times: user=0.01 sys=0.00, real=0.00 secs] 
2020-10-28T13:45:20.318+0000: [GC (Allocation Failure) 2020-10-28T13:45:20.318+0000: [ParNew: 34438K->6K(38720K), 0.0047026 secs] 780062K->745630K(1281428K), 0.0047642 secs] [Times: user=0.01 sys=0.00, real=0.01 secs] 
2020-10-28T13:45:20.364+0000: [GC (Allocation Failure) 2020-10-28T13:45:20.364+0000: [ParNew: 34438K->6K(38720K), 0.0046641 secs] 780062K->745630K(1281428K), 0.0047247 secs] [Times: user=0.01 sys=0.00, real=0.01 secs] 
2020-10-28T13:45:20.409+0000: [GC (Allocation Failure) 2020-10-28T13:45:20.409+0000: [ParNew: 34438K->6K(38720K), 0.0046757 secs] 780062K->745630K(1281428K), 0.0047362 secs] [Times: user=0.01 sys=0.00, real=0.00 secs] 
2020-10-28T13:45:20.451+0000: [GC (Allocation Failure) 2020-10-28T13:45:20.451+0000: [ParNew: 34438K->6K(38720K), 0.0048142 secs] 780062K->745630K(1281428K), 0.0048748 secs] [Times: user=0.01 sys=0.00, real=0.00 secs] 
2020-10-28T13:45:20.492+0000: [GC (Allocation Failure) 2020-10-28T13:45:20.492+0000: [ParNew: 34438K->6K(38720K), 0.0046606 secs] 780062K->745630K(1281428K), 0.0047213 secs] [Times: user=0.01 sys=0.00, real=0.00 secs] 
2020-10-28T13:45:20.542+0000: [GC (Allocation Failure) 2020-10-28T13:45:20.542+0000: [ParNew: 34438K->6K(38720K), 0.0096348 secs] 780062K->745630K(1281428K), 0.0097101 secs] [Times: user=0.01 sys=0.00, real=0.01 secs] 
2020-10-28T13:45:20.592+0000: [GC (Allocation Failure) 2020-10-28T13:45:20.592+0000: [ParNew: 34438K->6K(38720K), 0.0048303 secs] 780062K->745630K(1281428K), 0.0048915 secs] [Times: user=0.01 sys=0.00, real=0.00 secs] 
2020-10-28T13:45:20.640+0000: [GC (Allocation Failure) 2020-10-28T13:45:20.640+0000: [ParNew: 34438K->6K(38720K), 0.0046816 secs] 780062K->745630K(1281428K), 0.0047426 secs] [Times: user=0.01 sys=0.00, real=0.00 secs] 
2020-10-28T13:45:20.692+0000: [GC (Allocation Failure) 2020-10-28T13:45:20.692+0000: [ParNew: 34438K->6K(38720K), 0.0047321 secs] 780062K->745630K(1281428K), 0.0047928 secs] [Times: user=0.01 sys=0.00, real=0.00 secs] 
2020-10-28T13:45:20.733+0000: [GC (Allocation Failure) 2020-10-28T13:45:20.733+0000: [ParNew: 34438K->6K(38720K), 0.0046727 secs] 780062K->745630K(1281428K), 0.0047468 secs] [Times: user=0.00 sys=0.00, real=0.00 secs] 
2020-10-28T13:45:20.775+0000: [GC (Allocation Failure) 2020-10-28T13:45:20.776+0000: [ParNew: 34438K->6K(38720K), 0.0046911 secs] 780062K->745630K(1281428K), 0.0047513 secs] [Times: user=0.01 sys=0.00, real=0.01 secs] 
2020-10-28T13:45:20.817+0000: [GC (Allocation Failure) 2020-10-28T13:45:20.817+0000: [ParNew: 34438K->6K(38720K), 0.0046996 secs] 780062K->745630K(1281428K), 0.0047605 secs] [Times: user=0.01 sys=0.00, real=0.01 secs] 
2020-10-28T13:45:20.860+0000: [GC (Allocation Failure) 2020-10-28T13:45:20.860+0000: [ParNew: 34438K->6K(38720K), 0.0046564 secs] 780062K->745630K(1281428K), 0.0047193 secs] [Times: user=0.01 sys=0.00, real=0.00 secs] 
2020-10-28T13:45:20.908+0000: [GC (Allocation Failure) 2020-10-28T13:45:20.908+0000: [ParNew: 34438K->6K(38720K), 0.0047049 secs] 780062K->745630K(1281428K), 0.0047660 secs] [Times: user=0.01 sys=0.00, real=0.00 secs] 
2020-10-28T13:45:20.953+0000: [GC (Allocation Failure) 2020-10-28T13:45:20.953+0000: [ParNew: 34438K->6K(38720K), 0.0047410 secs] 780062K->745630K(1281428K), 0.0048152 secs] [Times: user=0.01 sys=0.00, real=0.00 secs] 
2020-10-28T13:45:21.001+0000: [GC (Allocation Failure) 2020-10-28T13:45:21.001+0000: [ParNew: 34438K->6K(38720K), 0.0047264 secs] 780062K->745630K(1281428K), 0.0047889 secs] [Times: user=0.01 sys=0.00, real=0.00 secs] 
2020-10-28T13:45:21.046+0000: [GC (Allocation Failure) 2020-10-28T13:45:21.047+0000: [ParNew: 34438K->6K(38720K), 0.0046483 secs] 780062K->745630K(1281428K), 0.0047103 secs] [Times: user=0.01 sys=0.00, real=0.01 secs] 
2020-10-28T13:45:21.095+0000: [GC (Allocation Failure) 2020-10-28T13:45:21.096+0000: [ParNew: 34438K->6K(38720K), 0.0046394 secs] 780062K->745630K(1281428K), 0.0046995 secs] [Times: user=0.01 sys=0.00, real=0.01 secs] 
2020-10-28T13:45:21.143+0000: [GC (Allocation Failure) 2020-10-28T13:45:21.143+0000: [ParNew: 34438K->6K(38720K), 0.0046537 secs] 780062K->745630K(1281428K), 0.0047142 secs] [Times: user=0.01 sys=0.00, real=0.01 secs] 
2020-10-28T13:45:21.189+0000: [GC (Allocation Failure) 2020-10-28T13:45:21.189+0000: [ParNew: 34438K->6K(38720K), 0.0046647 secs] 780062K->745630K(1281428K), 0.0047281 secs] [Times: user=0.01 sys=0.00, real=0.00 secs] 
2020-10-28T13:45:21.232+0000: [GC (Allocation Failure) 2020-10-28T13:45:21.232+0000: [ParNew: 34438K->6K(38720K), 0.0050057 secs] 780062K->745630K(1281428K), 0.0050644 secs] [Times: user=0.01 sys=0.00, real=0.00 secs] 
2020-10-28T13:45:21.279+0000: [GC (Allocation Failure) 2020-10-28T13:45:21.280+0000: [ParNew: 34438K->6K(38720K), 0.0046532 secs] 780062K->745630K(1281428K), 0.0047057 secs] [Times: user=0.01 sys=0.00, real=0.00 secs] 
2020-10-28T13:45:21.321+0000: [GC (Allocation Failure) 2020-10-28T13:45:21.321+0000: [ParNew: 34438K->6K(38720K), 0.0047434 secs] 780062K->745630K(1281428K), 0.0048028 secs] [Times: user=0.01 sys=0.00, real=0.00 secs] 
2020-10-28T13:45:21.365+0000: [GC (Allocation Failure) 2020-10-28T13:45:21.365+0000: [ParNew: 34438K->6K(38720K), 0.0046688 secs] 780062K->745630K(1281428K), 0.0047290 secs] [Times: user=0.01 sys=0.00, real=0.01 secs] 
2020-10-28T13:45:21.407+0000: [GC (Allocation Failure) 2020-10-28T13:45:21.407+0000: [ParNew: 34438K->6K(38720K), 0.0047329 secs] 780062K->745630K(1281428K), 0.0047940 secs] [Times: user=0.00 sys=0.00, real=0.01 secs] 
2020-10-28T13:45:21.450+0000: [GC (Allocation Failure) 2020-10-28T13:45:21.450+0000: [ParNew: 34438K->6K(38720K), 0.0047293 secs] 780062K->745630K(1281428K), 0.0047902 secs] [Times: user=0.01 sys=0.00, real=0.00 secs] 
2020-10-28T13:45:21.497+0000: [GC (Allocation Failure) 2020-10-28T13:45:21.497+0000: [ParNew: 34438K->6K(38720K), 0.0047031 secs] 780062K->745630K(1281428K), 0.0047634 secs] [Times: user=0.01 sys=0.00, real=0.01 secs] 
2020-10-28T13:45:21.538+0000: [GC (Allocation Failure) 2020-10-28T13:45:21.538+0000: [ParNew: 34438K->6K(38720K), 0.0047253 secs] 780062K->745630K(1281428K), 0.0048036 secs] [Times: user=0.01 sys=0.00, real=0.01 secs] 
2020-10-28T13:45:21.586+0000: [GC (Allocation Failure) 2020-10-28T13:45:21.586+0000: [ParNew: 34438K->6K(38720K), 0.0047075 secs] 780062K->745630K(1281428K), 0.0047687 secs] [Times: user=0.01 sys=0.00, real=0.01 secs] 
2020-10-28T13:45:21.631+0000: [GC (Allocation Failure) 2020-10-28T13:45:21.632+0000: [ParNew: 34438K->6K(38720K), 0.0046532 secs] 780062K->745630K(1281428K), 0.0047150 secs] [Times: user=0.01 sys=0.00, real=0.00 secs] 
2020-10-28T13:45:21.673+0000: [GC (Allocation Failure) 2020-10-28T13:45:21.673+0000: [ParNew: 34438K->6K(38720K), 0.0046664 secs] 780062K->745630K(1281428K), 0.0047290 secs] [Times: user=0.01 sys=0.00, real=0.00 secs] 
2020-10-28T13:45:21.715+0000: [GC (Allocation Failure) 2020-10-28T13:45:21.715+0000: [ParNew: 34438K->6K(38720K), 0.0046871 secs] 780062K->745630K(1281428K), 0.0047486 secs] [Times: user=0.00 sys=0.00, real=0.00 secs] 
2020-10-28T13:45:21.757+0000: [GC (Allocation Failure) 2020-10-28T13:45:21.757+0000: [ParNew: 34438K->6K(38720K), 0.0047576 secs] 780062K->745630K(1281428K), 0.0048175 secs] [Times: user=0.01 sys=0.00, real=0.01 secs] 
2020-10-28T13:45:21.803+0000: [GC (Allocation Failure) 2020-10-28T13:45:21.804+0000: [ParNew: 34438K->6K(38720K), 0.0046691 secs] 780062K->745630K(1281428K), 0.0047303 secs] [Times: user=0.01 sys=0.00, real=0.01 secs] 
2020-10-28T13:45:21.849+0000: [GC (Allocation Failure) 2020-10-28T13:45:21.849+0000: [ParNew: 34438K->6K(38720K), 0.0046794 secs] 780062K->745630K(1281428K), 0.0047407 secs] [Times: user=0.01 sys=0.00, real=0.00 secs] 
2020-10-28T13:45:21.892+0000: [GC (Allocation Failure) 2020-10-28T13:45:21.892+0000: [ParNew: 34438K->4K(38720K), 0.0046814 secs] 780062K->745628K(1281428K), 0.0047418 secs] [Times: user=0.01 sys=0.00, real=0.00 secs] 
2020-10-28T13:45:21.940+0000: [GC (Allocation Failure) 2020-10-28T13:45:21.940+0000: [ParNew: 34436K->4K(38720K), 0.0047434 secs] 780060K->745628K(1281428K), 0.0048038 secs] [Times: user=0.00 sys=0.00, real=0.00 secs] 
2020-10-28T13:45:21.988+0000: [GC (Allocation Failure) 2020-10-28T13:45:21.988+0000: [ParNew: 34436K->6K(38720K), 0.0046927 secs] 780060K->745630K(1281428K), 0.0047533 secs] [Times: user=0.01 sys=0.00, real=0.00 secs] 
2020-10-28T13:45:22.032+0000: [GC (Allocation Failure) 2020-10-28T13:45:22.032+0000: [ParNew: 34438K->6K(38720K), 0.0046639 secs] 780062K->745630K(1281428K), 0.0047237 secs] [Times: user=0.01 sys=0.00, real=0.00 secs] 
2020-10-28T13:45:22.073+0000: [GC (Allocation Failure) 2020-10-28T13:45:22.073+0000: [ParNew: 34438K->6K(38720K), 0.0047207 secs] 780062K->745630K(1281428K), 0.0047827 secs] [Times: user=0.01 sys=0.00, real=0.00 secs] 
2020-10-28T13:45:22.120+0000: [GC (Allocation Failure) 2020-10-28T13:45:22.120+0000: [ParNew: 34438K->6K(38720K), 0.0047174 secs] 780062K->745630K(1281428K), 0.0047786 secs] [Times: user=0.00 sys=0.00, real=0.00 secs] 
2020-10-28T13:45:22.165+0000: [GC (Allocation Failure) 2020-10-28T13:45:22.165+0000: [ParNew: 34438K->6K(38720K), 0.0046992 secs] 780062K->745630K(1281428K), 0.0047615 secs] [Times: user=0.01 sys=0.00, real=0.01 secs] 
2020-10-28T13:45:22.210+0000: [GC (Allocation Failure) 2020-10-28T13:45:22.210+0000: [ParNew: 34438K->4K(38720K), 0.0047917 secs] 780062K->745628K(1281428K), 0.0048510 secs] [Times: user=0.01 sys=0.00, real=0.00 secs] 
2020-10-28T13:45:22.256+0000: [GC (Allocation Failure) 2020-10-28T13:45:22.256+0000: [ParNew: 34436K->6K(38720K), 0.0047721 secs] 780060K->745630K(1281428K), 0.0048331 secs] [Times: user=0.01 sys=0.00, real=0.01 secs] 
2020-10-28T13:45:22.302+0000: [GC (Allocation Failure) 2020-10-28T13:45:22.302+0000: [ParNew: 34438K->6K(38720K), 0.0046668 secs] 780062K->745630K(1281428K), 0.0047271 secs] [Times: user=0.01 sys=0.00, real=0.00 secs] 
2020-10-28T13:45:22.348+0000: [GC (Allocation Failure) 2020-10-28T13:45:22.348+0000: [ParNew: 34438K->6K(38720K), 0.0046736 secs] 780062K->745630K(1281428K), 0.0047359 secs] [Times: user=0.01 sys=0.00, real=0.00 secs] 
2020-10-28T13:45:22.389+0000: [GC (Allocation Failure) 2020-10-28T13:45:22.389+0000: [ParNew: 34438K->6K(38720K), 0.0047521 secs] 780062K->745630K(1281428K), 0.0048249 secs] [Times: user=0.01 sys=0.00, real=0.00 secs] 
2020-10-28T13:45:22.435+0000: [GC (Allocation Failure) 2020-10-28T13:45:22.435+0000: [ParNew: 34438K->6K(38720K), 0.0047290 secs] 780062K->745630K(1281428K), 0.0048034 secs] [Times: user=0.01 sys=0.00, real=0.01 secs] 
2020-10-28T13:45:22.481+0000: [GC (Allocation Failure) 2020-10-28T13:45:22.482+0000: [ParNew: 34438K->6K(38720K), 0.0046501 secs] 780062K->745630K(1281428K), 0.0047113 secs] [Times: user=0.01 sys=0.00, real=0.00 secs] 
2020-10-28T13:45:22.527+0000: [GC (Allocation Failure) 2020-10-28T13:45:22.527+0000: [ParNew: 34438K->4K(38720K), 0.0047115 secs] 780062K->745628K(1281428K), 0.0047749 secs] [Times: user=0.01 sys=0.00, real=0.01 secs] 
2020-10-28T13:45:22.568+0000: [GC (Allocation Failure) 2020-10-28T13:45:22.568+0000: [ParNew: 34436K->4K(38720K), 0.0047141 secs] 780060K->745628K(1281428K), 0.0047748 secs] [Times: user=0.01 sys=0.00, real=0.00 secs] 
2020-10-28T13:45:22.612+0000: [GC (Allocation Failure) 2020-10-28T13:45:22.612+0000: [ParNew: 34436K->6K(38720K), 0.0047178 secs] 780060K->745630K(1281428K), 0.0047784 secs] [Times: user=0.01 sys=0.00, real=0.00 secs] 
2020-10-28T13:45:22.656+0000: [GC (Allocation Failure) 2020-10-28T13:45:22.656+0000: [ParNew: 34438K->4K(38720K), 0.0046431 secs] 780062K->745628K(1281428K), 0.0047025 secs] [Times: user=0.01 sys=0.00, real=0.01 secs] 
2020-10-28T13:45:22.703+0000: [GC (Allocation Failure) 2020-10-28T13:45:22.703+0000: [ParNew: 34436K->6K(38720K), 0.0046607 secs] 780060K->745630K(1281428K), 0.0047217 secs] [Times: user=0.01 sys=0.00, real=0.01 secs] 
2020-10-28T13:45:22.748+0000: [GC (Allocation Failure) 2020-10-28T13:45:22.748+0000: [ParNew: 34438K->6K(38720K), 0.0046960 secs] 780062K->745630K(1281428K), 0.0047809 secs] [Times: user=0.01 sys=0.00, real=0.00 secs] 
2020-10-28T13:45:22.792+0000: [GC (Allocation Failure) 2020-10-28T13:45:22.792+0000: [ParNew: 34438K->4K(38720K), 0.0046742 secs] 780062K->745628K(1281428K), 0.0047358 secs] [Times: user=0.01 sys=0.00, real=0.00 secs] 
2020-10-28T13:45:22.837+0000: [GC (Allocation Failure) 2020-10-28T13:45:22.837+0000: [ParNew: 34436K->6K(38720K), 0.0046897 secs] 780060K->745630K(1281428K), 0.0047507 secs] [Times: user=0.01 sys=0.00, real=0.01 secs] 
2020-10-28T13:45:22.877+0000: [GC (Allocation Failure) 2020-10-28T13:45:22.877+0000: [ParNew: 28513K->6K(38720K), 0.0047074 secs] 774137K->745630K(1281428K), 0.0047691 secs] [Times: user=0.01 sys=0.00, real=0.01 secs] 
2020-10-28T13:45:22.890+0000: [GC (Allocation Failure) 2020-10-28T13:45:22.890+0000: [ParNew: 34438K->6K(38720K), 0.0110103 secs] 780062K->778398K(1281428K), 0.0110765 secs] [Times: user=0.03 sys=0.00, real=0.01 secs] 
2020-10-28T13:45:22.946+0000: [GC (Allocation Failure) 2020-10-28T13:45:22.946+0000: [ParNew: 34438K->6K(38720K), 0.0079978 secs] 812830K->778398K(1281428K), 0.0080872 secs] [Times: user=0.01 sys=0.00, real=0.01 secs] 
2020-10-28T13:45:22.999+0000: [GC (Allocation Failure) 2020-10-28T13:45:22.999+0000: [ParNew: 34438K->6K(38720K), 0.0047234 secs] 812830K->778398K(1281428K), 0.0047981 secs] [Times: user=0.01 sys=0.00, real=0.01 secs] 
2020-10-28T13:45:23.044+0000: [GC (Allocation Failure) 2020-10-28T13:45:23.044+0000: [ParNew: 34438K->6K(38720K), 0.0047625 secs] 812830K->778398K(1281428K), 0.0048265 secs] [Times: user=0.01 sys=0.00, real=0.01 secs] 
2020-10-28T13:45:23.088+0000: [GC (Allocation Failure) 2020-10-28T13:45:23.088+0000: [ParNew: 34438K->6K(38720K), 0.0046752 secs] 812830K->778398K(1281428K), 0.0047379 secs] [Times: user=0.01 sys=0.00, real=0.00 secs] 
2020-10-28T13:45:23.133+0000: [GC (Allocation Failure) 2020-10-28T13:45:23.133+0000: [ParNew: 34438K->6K(38720K), 0.0046783 secs] 812830K->778398K(1281428K), 0.0047397 secs] [Times: user=0.01 sys=0.00, real=0.00 secs] 
2020-10-28T13:45:23.175+0000: [GC (Allocation Failure) 2020-10-28T13:45:23.175+0000: [ParNew: 34438K->6K(38720K), 0.0047205 secs] 812830K->778398K(1281428K), 0.0047839 secs] [Times: user=0.01 sys=0.00, real=0.01 secs] 
2020-10-28T13:45:23.217+0000: [GC (Allocation Failure) 2020-10-28T13:45:23.217+0000: [ParNew: 34438K->6K(38720K), 0.0048298 secs] 812830K->778398K(1281428K), 0.0048903 secs] [Times: user=0.01 sys=0.00, real=0.01 secs] 
2020-10-28T13:45:23.259+0000: [GC (Allocation Failure) 2020-10-28T13:45:23.259+0000: [ParNew: 34438K->6K(38720K), 0.0047281 secs] 812830K->778398K(1281428K), 0.0047914 secs] [Times: user=0.00 sys=0.00, real=0.01 secs] 
2020-10-28T13:45:23.301+0000: [GC (Allocation Failure) 2020-10-28T13:45:23.301+0000: [ParNew: 34438K->6K(38720K), 0.0048332 secs] 812830K->778398K(1281428K), 0.0048944 secs] [Times: user=0.01 sys=0.00, real=0.00 secs] 
2020-10-28T13:45:23.343+0000: [GC (Allocation Failure) 2020-10-28T13:45:23.343+0000: [ParNew: 34438K->6K(38720K), 0.0047059 secs] 812830K->778398K(1281428K), 0.0047681 secs] [Times: user=0.01 sys=0.00, real=0.01 secs] 
2020-10-28T13:45:23.385+0000: [GC (Allocation Failure) 2020-10-28T13:45:23.385+0000: [ParNew: 34438K->4K(38720K), 0.0046732 secs] 812830K->778396K(1281428K), 0.0047368 secs] [Times: user=0.00 sys=0.00, real=0.01 secs] 
2020-10-28T13:45:23.428+0000: [GC (Allocation Failure) 2020-10-28T13:45:23.428+0000: [ParNew: 34436K->6K(38720K), 0.0046959 secs] 812828K->778398K(1281428K), 0.0047569 secs] [Times: user=0.01 sys=0.00, real=0.00 secs] 
2020-10-28T13:45:23.475+0000: [GC (Allocation Failure) 2020-10-28T13:45:23.475+0000: [ParNew: 34438K->4K(38720K), 0.0048701 secs] 812830K->778396K(1281428K), 0.0049316 secs] [Times: user=0.01 sys=0.00, real=0.01 secs] 
2020-10-28T13:45:23.517+0000: [GC (Allocation Failure) 2020-10-28T13:45:23.517+0000: [ParNew: 34436K->4K(38720K), 0.0046956 secs] 812828K->778396K(1281428K), 0.0047578 secs] [Times: user=0.01 sys=0.00, real=0.01 secs] 
2020-10-28T13:45:23.572+0000: [GC (Allocation Failure) 2020-10-28T13:45:23.572+0000: [ParNew: 34436K->6K(38720K), 0.0047132 secs] 812828K->778398K(1281428K), 0.0047769 secs] [Times: user=0.01 sys=0.00, real=0.00 secs] 
2020-10-28T13:45:23.619+0000: [GC (Allocation Failure) 2020-10-28T13:45:23.619+0000: [ParNew: 34438K->6K(38720K), 0.0047209 secs] 812830K->778398K(1281428K), 0.0047858 secs] [Times: user=0.01 sys=0.00, real=0.01 secs] 
2020-10-28T13:45:23.665+0000: [GC (Allocation Failure) 2020-10-28T13:45:23.665+0000: [ParNew: 34438K->6K(38720K), 0.0046983 secs] 812830K->778398K(1281428K), 0.0047581 secs] [Times: user=0.01 sys=0.00, real=0.01 secs] 
2020-10-28T13:45:23.711+0000: [GC (Allocation Failure) 2020-10-28T13:45:23.711+0000: [ParNew: 34438K->6K(38720K), 0.0046924 secs] 812830K->778398K(1281428K), 0.0047548 secs] [Times: user=0.01 sys=0.00, real=0.00 secs] 
2020-10-28T13:45:23.756+0000: [GC (Allocation Failure) 2020-10-28T13:45:23.756+0000: [ParNew: 34438K->6K(38720K), 0.0047680 secs] 812830K->778398K(1281428K), 0.0048307 secs] [Times: user=0.00 sys=0.00, real=0.01 secs] 
2020-10-28T13:45:23.800+0000: [GC (Allocation Failure) 2020-10-28T13:45:23.800+0000: [ParNew: 34438K->6K(38720K), 0.0046695 secs] 812830K->778398K(1281428K), 0.0047311 secs] [Times: user=0.01 sys=0.00, real=0.00 secs] 
2020-10-28T13:45:23.845+0000: [GC (Allocation Failure) 2020-10-28T13:45:23.845+0000: [ParNew: 34438K->6K(38720K), 0.0047222 secs] 812830K->778398K(1281428K), 0.0047856 secs] [Times: user=0.01 sys=0.00, real=0.01 secs] 
2020-10-28T13:45:23.887+0000: [GC (Allocation Failure) 2020-10-28T13:45:23.887+0000: [ParNew: 34438K->6K(38720K), 0.0047123 secs] 812830K->778398K(1281428K), 0.0047929 secs] [Times: user=0.01 sys=0.00, real=0.01 secs] 
2020-10-28T13:45:23.933+0000: [GC (Allocation Failure) 2020-10-28T13:45:23.933+0000: [ParNew: 34438K->6K(38720K), 0.0047742 secs] 812830K->778398K(1281428K), 0.0048370 secs] [Times: user=0.01 sys=0.00, real=0.00 secs] 
2020-10-28T13:45:23.963+0000: [GC (Allocation Failure) 2020-10-28T13:45:23.963+0000: [ParNew: 15493K->6K(38720K), 0.0047126 secs] 793885K->778398K(1281428K), 0.0047765 secs] [Times: user=0.01 sys=0.00, real=0.01 secs] 
2020-10-28T13:45:23.975+0000: [GC (Allocation Failure) 2020-10-28T13:45:23.975+0000: [ParNew: 34438K->6K(38720K), 0.0296417 secs] 812830K->811166K(1281428K), 0.0297096 secs] [Times: user=0.04 sys=0.02, real=0.03 secs] 
2020-10-28T13:45:24.042+0000: [GC (Allocation Failure) 2020-10-28T13:45:24.042+0000: [ParNew: 34438K->6K(38720K), 0.0046430 secs] 845598K->811166K(1281428K), 0.0047060 secs] [Times: user=0.00 sys=0.00, real=0.00 secs] 
2020-10-28T13:45:24.054+0000: [GC (Allocation Failure) 2020-10-28T13:45:24.054+0000: [ParNew: 34438K->4K(38720K), 0.0286552 secs] 845598K->843932K(1281428K), 0.0287206 secs] [Times: user=0.04 sys=0.02, real=0.03 secs] 
2020-10-28T13:45:24.124+0000: [GC (Allocation Failure) 2020-10-28T13:45:24.124+0000: [ParNew: 34436K->6K(38720K), 0.0046107 secs] 878364K->843934K(1281428K), 0.0046719 secs] [Times: user=0.01 sys=0.00, real=0.01 secs] 
2020-10-28T13:45:24.171+0000: [GC (Allocation Failure) 2020-10-28T13:45:24.171+0000: [ParNew: 34438K->6K(38720K), 0.0046384 secs] 878366K->843934K(1281428K), 0.0047030 secs] [Times: user=0.00 sys=0.00, real=0.00 secs] 
2020-10-28T13:45:24.215+0000: [GC (Allocation Failure) 2020-10-28T13:45:24.215+0000: [ParNew: 34438K->6K(38720K), 0.0045409 secs] 878366K->843934K(1281428K), 0.0046023 secs] [Times: user=0.01 sys=0.00, real=0.01 secs] 
2020-10-28T13:45:24.263+0000: [GC (Allocation Failure) 2020-10-28T13:45:24.263+0000: [ParNew: 34438K->6K(38720K), 0.0045563 secs] 878366K->843934K(1281428K), 0.0046181 secs] [Times: user=0.00 sys=0.00, real=0.00 secs] 
2020-10-28T13:45:24.304+0000: [GC (Allocation Failure) 2020-10-28T13:45:24.304+0000: [ParNew: 34438K->4K(38720K), 0.0046541 secs] 878366K->843932K(1281428K), 0.0047148 secs] [Times: user=0.01 sys=0.00, real=0.01 secs] 
2020-10-28T13:45:24.346+0000: [GC (Allocation Failure) 2020-10-28T13:45:24.346+0000: [ParNew: 34436K->6K(38720K), 0.0046176 secs] 878364K->843934K(1281428K), 0.0046887 secs] [Times: user=0.01 sys=0.00, real=0.01 secs] 
2020-10-28T13:45:24.392+0000: [GC (Allocation Failure) 2020-10-28T13:45:24.392+0000: [ParNew: 34438K->6K(38720K), 0.0045850 secs] 878366K->843934K(1281428K), 0.0046455 secs] [Times: user=0.01 sys=0.00, real=0.00 secs] 
2020-10-28T13:45:24.435+0000: [GC (Allocation Failure) 2020-10-28T13:45:24.435+0000: [ParNew: 34438K->6K(38720K), 0.0045753 secs] 878366K->843934K(1281428K), 0.0046373 secs] [Times: user=0.01 sys=0.00, real=0.01 secs] 
2020-10-28T13:45:24.476+0000: [GC (Allocation Failure) 2020-10-28T13:45:24.476+0000: [ParNew: 34438K->6K(38720K), 0.0046688 secs] 878366K->843934K(1281428K), 0.0047302 secs] [Times: user=0.01 sys=0.00, real=0.01 secs] 
2020-10-28T13:45:24.512+0000: [GC (Allocation Failure) 2020-10-28T13:45:24.512+0000: [ParNew: 24819K->6K(38720K), 0.0045736 secs] 868747K->843934K(1281428K), 0.0046353 secs] [Times: user=0.01 sys=0.00, real=0.00 secs] 
2020-10-28T13:45:24.523+0000: [GC (Allocation Failure) 2020-10-28T13:45:24.523+0000: [ParNew: 34438K->6K(38720K), 0.0287529 secs] 878366K->876702K(1281428K), 0.0288194 secs] [Times: user=0.04 sys=0.02, real=0.03 secs] 
2020-10-28T13:45:24.568+0000: [GC (CMS Initial Mark) [1 CMS-initial-mark: 876696K(1242708K)] 890603K(1281428K), 0.0099559 secs] [Times: user=0.02 sys=0.00, real=0.00 secs] 
2020-10-28T13:45:24.578+0000: [CMS-concurrent-mark-start]
2020-10-28T13:45:24.608+0000: [GC (Allocation Failure) 2020-10-28T13:45:24.608+0000: [ParNew: 34438K->6K(38720K), 0.0045821 secs] 911134K->876702K(1281428K), 0.0046672 secs] [Times: user=0.01 sys=0.00, real=0.00 secs] 
2020-10-28T13:45:24.668+0000: [GC (Allocation Failure) 2020-10-28T13:45:24.668+0000: [ParNew: 34438K->6K(38720K), 0.0044926 secs] 911134K->876702K(1281428K), 0.0045552 secs] [Times: user=0.01 sys=0.00, real=0.00 secs] 
2020-10-28T13:45:24.717+0000: [GC (Allocation Failure) 2020-10-28T13:45:24.717+0000: [ParNew: 34438K->6K(38720K), 0.0046391 secs] 911134K->876702K(1281428K), 0.0047012 secs] [Times: user=0.01 sys=0.00, real=0.01 secs] 
2020-10-28T13:45:24.770+0000: [CMS-concurrent-mark: 0.164/0.192 secs] [Times: user=0.35 sys=0.01, real=0.20 secs] 
2020-10-28T13:45:24.771+0000: [GC (Allocation Failure) 2020-10-28T13:45:24.771+0000: [ParNew: 34438K->6K(38720K), 0.0044979 secs] 911134K->876702K(1281428K), 0.0045437 secs] [Times: user=0.01 sys=0.00, real=0.00 secs] 
2020-10-28T13:45:24.775+0000: [CMS-concurrent-preclean-start]
2020-10-28T13:45:24.793+0000: [CMS-concurrent-preclean: 0.017/0.018 secs] [Times: user=0.03 sys=0.00, real=0.02 secs] 
2020-10-28T13:45:24.793+0000: [CMS-concurrent-abortable-preclean-start]
2020-10-28T13:45:24.824+0000: [GC (Allocation Failure) 2020-10-28T13:45:24.824+0000: [ParNew: 34438K->4K(38720K), 0.0044983 secs] 911134K->876700K(1281428K), 0.0045614 secs] [Times: user=0.01 sys=0.00, real=0.01 secs] 
2020-10-28T13:45:24.872+0000: [GC (Allocation Failure) 2020-10-28T13:45:24.872+0000: [ParNew: 34436K->6K(38720K), 0.0045459 secs] 911132K->876702K(1281428K), 0.0046083 secs] [Times: user=0.01 sys=0.00, real=0.00 secs] 
2020-10-28T13:45:24.924+0000: [GC (Allocation Failure) 2020-10-28T13:45:24.924+0000: [ParNew: 34438K->6K(38720K), 0.0046673 secs] 911134K->876702K(1281428K), 0.0047300 secs] [Times: user=0.00 sys=0.00, real=0.01 secs] 
2020-10-28T13:45:24.984+0000: [GC (Allocation Failure) 2020-10-28T13:45:24.984+0000: [ParNew: 34438K->6K(38720K), 0.0066280 secs] 911134K->876702K(1281428K), 0.0066918 secs] [Times: user=0.02 sys=0.00, real=0.01 secs] 
2020-10-28T13:45:25.046+0000: [GC (Allocation Failure) 2020-10-28T13:45:25.046+0000: [ParNew: 34438K->6K(38720K), 0.0044814 secs] 911134K->876702K(1281428K), 0.0045441 secs] [Times: user=0.01 sys=0.00, real=0.01 secs] 
2020-10-28T13:45:25.116+0000: [GC (Allocation Failure) 2020-10-28T13:45:25.116+0000: [ParNew: 34438K->6K(38720K), 0.0045173 secs] 911134K->876702K(1281428K), 0.0045807 secs] [Times: user=0.01 sys=0.00, real=0.01 secs] 
2020-10-28T13:45:25.176+0000: [GC (Allocation Failure) 2020-10-28T13:45:25.176+0000: [ParNew: 34438K->6K(38720K), 0.0045253 secs] 911134K->876703K(1281428K), 0.0045877 secs] [Times: user=0.00 sys=0.00, real=0.01 secs] 
2020-10-28T13:45:25.234+0000: [GC (Allocation Failure) 2020-10-28T13:45:25.234+0000: [ParNew: 34438K->6K(38720K), 0.0047608 secs] 911135K->876702K(1281428K), 0.0048222 secs] [Times: user=0.01 sys=0.00, real=0.00 secs] 
2020-10-28T13:45:25.289+0000: [GC (Allocation Failure) 2020-10-28T13:45:25.289+0000: [ParNew: 34438K->4K(38720K), 0.0045366 secs] 911134K->876702K(1281428K), 0.0045910 secs] [Times: user=0.01 sys=0.00, real=0.00 secs] 
2020-10-28T13:45:25.412+0000: [GC (Allocation Failure) 2020-10-28T13:45:25.412+0000: [ParNew: 34436K->6K(38720K), 0.0045214 secs] 911134K->876704K(1281428K), 0.0045842 secs] [Times: user=0.01 sys=0.00, real=0.00 secs] 
2020-10-28T13:45:25.537+0000: [GC (Allocation Failure) 2020-10-28T13:45:25.537+0000: [ParNew: 34438K->6K(38720K), 0.0046361 secs] 911136K->876704K(1281428K), 0.0047226 secs] [Times: user=0.01 sys=0.00, real=0.01 secs] 
2020-10-28T13:45:25.541+0000: [CMS-concurrent-abortable-preclean: 0.064/0.748 secs] [Times: user=1.38 sys=0.05, real=0.75 secs] 
2020-10-28T13:45:25.548+0000: [GC (CMS Final Remark) [YG occupancy: 2925 K (38720 K)]2020-10-28T13:45:25.548+0000: [Rescan (parallel) , 0.0132807 secs]2020-10-28T13:45:25.561+0000: [weak refs processing, 0.0000354 secs]2020-10-28T13:45:25.561+0000: [class unloading, 0.0118811 secs]2020-10-28T13:45:25.573+0000: [scrub symbol table, 0.0117194 secs]2020-10-28T13:45:25.585+0000: [scrub string table, 0.0010071 secs][1 CMS-remark: 876698K(1242708K)] 879623K(1281428K), 0.0381351 secs] [Times: user=0.07 sys=0.00, real=0.03 secs] 
2020-10-28T13:45:25.611+0000: [CMS-concurrent-sweep-start]
2020-10-28T13:45:25.649+0000: [CMS-concurrent-sweep: 0.037/0.037 secs] [Times: user=0.08 sys=0.00, real=0.04 secs] 
2020-10-28T13:45:25.650+0000: [CMS-concurrent-reset-start]
2020-10-28T13:45:25.677+0000: [GC (Allocation Failure) 2020-10-28T13:45:25.677+0000: [ParNew: 34438K->6K(38720K), 0.0055455 secs] 911135K->876703K(1499884K), 0.0056078 secs] [Times: user=0.01 sys=0.00, real=0.01 secs] 
2020-10-28T13:45:25.691+0000: [CMS-concurrent-reset: 0.035/0.041 secs] [Times: user=0.08 sys=0.00, real=0.04 secs] 
2020-10-28T13:45:25.754+0000: [GC (Allocation Failure) 2020-10-28T13:45:25.754+0000: [ParNew: 34438K->6K(38720K), 0.0056113 secs] 911135K->876704K(1499884K), 0.0056714 secs] [Times: user=0.01 sys=0.00, real=0.01 secs] 
2020-10-28T13:45:25.856+0000: [GC (Allocation Failure) 2020-10-28T13:45:25.856+0000: [ParNew: 34438K->6K(38720K), 0.0054972 secs] 911136K->876703K(1499884K), 0.0055719 secs] [Times: user=0.01 sys=0.00, real=0.01 secs] 
2020-10-28T13:45:25.949+0000: [GC (Allocation Failure) 2020-10-28T13:45:25.949+0000: [ParNew: 34438K->6K(38720K), 0.0055388 secs] 911135K->876703K(1499884K), 0.0056137 secs] [Times: user=0.02 sys=0.00, real=0.00 secs] 
2020-10-28T13:45:26.012+0000: [GC (Allocation Failure) 2020-10-28T13:45:26.012+0000: [ParNew: 34438K->4K(38720K), 0.0055113 secs] 911135K->876704K(1499884K), 0.0055722 secs] [Times: user=0.01 sys=0.00, real=0.00 secs] 
2020-10-28T13:45:26.104+0000: [GC (Allocation Failure) 2020-10-28T13:45:26.104+0000: [ParNew: 34436K->4K(38720K), 0.0054584 secs] 911136K->876704K(1499884K), 0.0055200 secs] [Times: user=0.01 sys=0.00, real=0.01 secs] 
2020-10-28T13:45:26.199+0000: [GC (Allocation Failure) 2020-10-28T13:45:26.199+0000: [ParNew: 34436K->4K(38720K), 0.0054745 secs] 911136K->876704K(1499884K), 0.0055348 secs] [Times: user=0.01 sys=0.00, real=0.01 secs] 
2020-10-28T13:45:26.284+0000: [GC (Allocation Failure) 2020-10-28T13:45:26.284+0000: [ParNew: 34436K->4K(38720K), 0.0075391 secs] 911136K->876704K(1499884K), 0.0076021 secs] [Times: user=0.01 sys=0.00, real=0.01 secs] 
2020-10-28T13:45:26.439+0000: [GC (Allocation Failure) 2020-10-28T13:45:26.439+0000: [ParNew: 34436K->4K(38720K), 0.0055086 secs] 911136K->876704K(1499884K), 0.0055705 secs] [Times: user=0.01 sys=0.01, real=0.00 secs] 
2020-10-28T13:45:26.595+0000: [GC (Allocation Failure) 2020-10-28T13:45:26.595+0000: [ParNew: 34436K->6K(38720K), 0.0056633 secs] 911136K->876706K(1499884K), 0.0057249 secs] [Times: user=0.01 sys=0.00, real=0.01 secs] 
2020-10-28T13:45:26.751+0000: [GC (Allocation Failure) 2020-10-28T13:45:26.751+0000: [ParNew: 34438K->4K(38720K), 0.0055071 secs] 911138K->876704K(1499884K), 0.0055710 secs] [Times: user=0.02 sys=0.00, real=0.00 secs] 
2020-10-28T13:45:27.503+0000: [GC (Allocation Failure) 2020-10-28T13:45:27.503+0000: [ParNew: 34436K->184K(38720K), 0.0058095 secs] 911136K->876884K(1499884K), 0.0058849 secs] [Times: user=0.01 sys=0.00, real=0.01 secs] 
2020-10-28T13:45:27.788+0000: [GC (Allocation Failure) 2020-10-28T13:45:27.788+0000: [ParNew: 34616K->50K(38720K), 0.0079155 secs] 911316K->876750K(1499884K), 0.0079807 secs] [Times: user=0.01 sys=0.00, real=0.00 secs] 
2020-10-28T13:45:27.986+0000: [GC (Allocation Failure) 2020-10-28T13:45:27.986+0000: [ParNew: 34482K->67K(38720K), 0.0057878 secs] 911182K->876767K(1499884K), 0.0058523 secs] [Times: user=0.01 sys=0.00, real=0.01 secs] 
2020-10-28T13:45:28.162+0000: [GC (Allocation Failure) 2020-10-28T13:45:28.162+0000: [ParNew: 34499K->48K(38720K), 0.0057393 secs] 911199K->876749K(1499884K), 0.0058238 secs] [Times: user=0.01 sys=0.00, real=0.01 secs] 
2020-10-28T13:45:28.305+0000: [GC (Allocation Failure) 2020-10-28T13:45:28.305+0000: [ParNew: 34480K->58K(38720K), 0.0056421 secs] 911181K->876760K(1499884K), 0.0057063 secs] [Times: user=0.02 sys=0.00, real=0.01 secs] 
2020-10-28T13:45:28.488+0000: [GC (Allocation Failure) 2020-10-28T13:45:28.488+0000: [ParNew: 34619K->51K(38720K), 0.0057592 secs] 911321K->876752K(1499884K), 0.0058240 secs] [Times: user=0.01 sys=0.00, real=0.00 secs] 
2020-10-28T13:45:28.604+0000: [GC (Allocation Failure) 2020-10-28T13:45:28.604+0000: [ParNew: 34483K->35K(38720K), 0.0058755 secs] 911184K->876770K(1499884K), 0.0059418 secs] [Times: user=0.01 sys=0.00, real=0.01 secs] 
2020-10-28T13:45:28.683+0000: [GC (Allocation Failure) 2020-10-28T13:45:28.683+0000: [ParNew: 34467K->9K(38720K), 0.0056033 secs] 911202K->876746K(1499884K), 0.0056718 secs] [Times: user=0.01 sys=0.00, real=0.01 secs] 
2020-10-28T13:45:28.750+0000: [GC (GCLocker Initiated GC) 2020-10-28T13:45:28.750+0000: [ParNew: 34441K->4K(38720K), 0.0055135 secs] 911178K->876740K(1499884K), 0.0055761 secs] [Times: user=0.01 sys=0.00, real=0.00 secs] 
2020-10-28T13:45:28.816+0000: [GC (GCLocker Initiated GC) 2020-10-28T13:45:28.816+0000: [ParNew: 34479K->4K(38720K), 0.0054835 secs] 911216K->876741K(1499884K), 0.0055463 secs] [Times: user=0.01 sys=0.00, real=0.01 secs] 
2020-10-28T13:45:28.916+0000: [GC (Allocation Failure) 2020-10-28T13:45:28.916+0000: [ParNew: 34436K->4K(38720K), 0.0054750 secs] 911173K->876741K(1499884K), 0.0055484 secs] [Times: user=0.01 sys=0.00, real=0.01 secs] 
2020-10-28T13:45:28.980+0000: [GC (Allocation Failure) 2020-10-28T13:45:28.980+0000: [ParNew: 34436K->4K(38720K), 0.0054552 secs] 911173K->876741K(1499884K), 0.0055182 secs] [Times: user=0.01 sys=0.00, real=0.00 secs] 
2020-10-28T13:45:29.051+0000: [GC (Allocation Failure) 2020-10-28T13:45:29.051+0000: [ParNew: 34436K->4K(38720K), 0.0054678 secs] 911173K->876741K(1499884K), 0.0055325 secs] [Times: user=0.01 sys=0.00, real=0.00 secs] 
2020-10-28T13:45:29.116+0000: [GC (Allocation Failure) 2020-10-28T13:45:29.116+0000: [ParNew: 34436K->4K(38720K), 0.0054824 secs] 911173K->876741K(1499884K), 0.0055449 secs] [Times: user=0.01 sys=0.00, real=0.01 secs] 
2020-10-28T13:45:29.182+0000: [GC (Allocation Failure) 2020-10-28T13:45:29.182+0000: [ParNew: 34436K->4K(38720K), 0.0054655 secs] 911173K->876741K(1499884K), 0.0055274 secs] [Times: user=0.02 sys=0.00, real=0.01 secs] 
2020-10-28T13:45:29.253+0000: [GC (Allocation Failure) 2020-10-28T13:45:29.253+0000: [ParNew: 34436K->4K(38720K), 0.0054851 secs] 911173K->876741K(1499884K), 0.0055473 secs] [Times: user=0.01 sys=0.00, real=0.00 secs] 
2020-10-28T13:45:29.308+0000: [GC (Allocation Failure) 2020-10-28T13:45:29.308+0000: [ParNew: 34436K->4K(38720K), 0.0054610 secs] 911173K->876741K(1499884K), 0.0055178 secs] [Times: user=0.01 sys=0.00, real=0.00 secs] 
2020-10-28T13:45:29.362+0000: [GC (Allocation Failure) 2020-10-28T13:45:29.362+0000: [ParNew: 34436K->4K(38720K), 0.0054827 secs] 911173K->876741K(1499884K), 0.0055439 secs] [Times: user=0.01 sys=0.00, real=0.01 secs] 
2020-10-28T13:45:29.420+0000: [GC (GCLocker Initiated GC) 2020-10-28T13:45:29.420+0000: [ParNew: 34436K->4K(38720K), 0.0055053 secs] 911174K->876741K(1499884K), 0.0055675 secs] [Times: user=0.01 sys=0.00, real=0.00 secs] 
2020-10-28T13:45:29.475+0000: [GC (Allocation Failure) 2020-10-28T13:45:29.475+0000: [ParNew: 34436K->4K(38720K), 0.0055157 secs] 911173K->876741K(1499884K), 0.0055779 secs] [Times: user=0.01 sys=0.00, real=0.01 secs] 
2020-10-28T13:45:29.532+0000: [GC (Allocation Failure) 2020-10-28T13:45:29.532+0000: [ParNew: 34436K->4K(38720K), 0.0054738 secs] 911173K->876741K(1499884K), 0.0055376 secs] [Times: user=0.01 sys=0.00, real=0.00 secs] 
2020-10-28T13:45:29.591+0000: [GC (Allocation Failure) 2020-10-28T13:45:29.591+0000: [ParNew: 34436K->4K(38720K), 0.0057104 secs] 911173K->876742K(1499884K), 0.0057764 secs] [Times: user=0.02 sys=0.00, real=0.00 secs] 
2020-10-28T13:45:29.646+0000: [GC (Allocation Failure) 2020-10-28T13:45:29.646+0000: [ParNew: 34436K->4K(38720K), 0.0054994 secs] 911174K->876742K(1499884K), 0.0055878 secs] [Times: user=0.01 sys=0.00, real=0.01 secs] 
2020-10-28T13:45:29.704+0000: [GC (Allocation Failure) 2020-10-28T13:45:29.704+0000: [ParNew: 34436K->4K(38720K), 0.0055021 secs] 911174K->876742K(1499884K), 0.0055644 secs] [Times: user=0.01 sys=0.00, real=0.01 secs] 
2020-10-28T13:45:29.762+0000: [GC (Allocation Failure) 2020-10-28T13:45:29.762+0000: [ParNew: 34436K->4K(38720K), 0.0054909 secs] 911174K->876742K(1499884K), 0.0055515 secs] [Times: user=0.01 sys=0.00, real=0.00 secs] 
2020-10-28T13:45:29.824+0000: [GC (Allocation Failure) 2020-10-28T13:45:29.824+0000: [ParNew: 34436K->4K(38720K), 0.0054723 secs] 911174K->876742K(1499884K), 0.0055340 secs] [Times: user=0.01 sys=0.00, real=0.01 secs] 
2020-10-28T13:45:29.880+0000: [GC (Allocation Failure) 2020-10-28T13:45:29.880+0000: [ParNew: 34436K->4K(38720K), 0.0054707 secs] 911174K->876742K(1499884K), 0.0055329 secs] [Times: user=0.01 sys=0.00, real=0.00 secs] 
2020-10-28T13:45:29.934+0000: [GC (Allocation Failure) 2020-10-28T13:45:29.934+0000: [ParNew: 34436K->4K(38720K), 0.0054825 secs] 911174K->876742K(1499884K), 0.0055438 secs] [Times: user=0.01 sys=0.00, real=0.00 secs] 
2020-10-28T13:45:30.003+0000: [GC (Allocation Failure) 2020-10-28T13:45:30.003+0000: [ParNew: 34436K->4K(38720K), 0.0056197 secs] 911174K->876742K(1499884K), 0.0056815 secs] [Times: user=0.01 sys=0.00, real=0.01 secs] 
2020-10-28T13:45:30.064+0000: [GC (Allocation Failure) 2020-10-28T13:45:30.064+0000: [ParNew: 34436K->4K(38720K), 0.0054661 secs] 911174K->876742K(1499884K), 0.0055298 secs] [Times: user=0.01 sys=0.00, real=0.01 secs] 
2020-10-28T13:45:30.122+0000: [GC (Allocation Failure) 2020-10-28T13:45:30.122+0000: [ParNew: 34436K->4K(38720K), 0.0054833 secs] 911174K->876742K(1499884K), 0.0055480 secs] [Times: user=0.01 sys=0.00, real=0.01 secs] 
2020-10-28T13:45:30.177+0000: [GC (Allocation Failure) 2020-10-28T13:45:30.177+0000: [ParNew: 34436K->4K(38720K), 0.0055522 secs] 911174K->876742K(1499884K), 0.0056166 secs] [Times: user=0.01 sys=0.00, real=0.01 secs] 
2020-10-28T13:45:30.230+0000: [GC (Allocation Failure) 2020-10-28T13:45:30.230+0000: [ParNew: 34436K->4K(38720K), 0.0055225 secs] 911174K->876742K(1499884K), 0.0055856 secs] [Times: user=0.01 sys=0.00, real=0.00 secs] 
2020-10-28T13:45:30.288+0000: [GC (Allocation Failure) 2020-10-28T13:45:30.288+0000: [ParNew: 34436K->4K(38720K), 0.0054727 secs] 911174K->876742K(1499884K), 0.0055361 secs] [Times: user=0.01 sys=0.00, real=0.00 secs] 
2020-10-28T13:45:30.344+0000: [GC (Allocation Failure) 2020-10-28T13:45:30.344+0000: [ParNew: 34436K->4K(38720K), 0.0054941 secs] 911174K->876742K(1499884K), 0.0055565 secs] [Times: user=0.01 sys=0.00, real=0.01 secs] 
2020-10-28T13:45:30.402+0000: [GC (Allocation Failure) 2020-10-28T13:45:30.402+0000: [ParNew: 34436K->4K(38720K), 0.0055405 secs] 911174K->876742K(1499884K), 0.0056030 secs] [Times: user=0.01 sys=0.00, real=0.01 secs] 
2020-10-28T13:45:30.456+0000: [GC (Allocation Failure) 2020-10-28T13:45:30.456+0000: [ParNew: 34436K->4K(38720K), 0.0055338 secs] 911174K->876742K(1499884K), 0.0055957 secs] [Times: user=0.01 sys=0.00, real=0.01 secs] 
2020-10-28T13:45:30.514+0000: [GC (Allocation Failure) 2020-10-28T13:45:30.514+0000: [ParNew: 34436K->4K(38720K), 0.0054597 secs] 911174K->876742K(1499884K), 0.0055203 secs] [Times: user=0.01 sys=0.00, real=0.01 secs] 
2020-10-28T13:45:30.568+0000: [GC (Allocation Failure) 2020-10-28T13:45:30.568+0000: [ParNew: 34436K->4K(38720K), 0.0054889 secs] 911174K->876742K(1499884K), 0.0055521 secs] [Times: user=0.01 sys=0.00, real=0.00 secs] 
2020-10-28T13:45:30.624+0000: [GC (Allocation Failure) 2020-10-28T13:45:30.624+0000: [ParNew: 34436K->4K(38720K), 0.0054715 secs] 911174K->876742K(1499884K), 0.0055329 secs] [Times: user=0.01 sys=0.00, real=0.01 secs] 
2020-10-28T13:45:30.678+0000: [GC (Allocation Failure) 2020-10-28T13:45:30.678+0000: [ParNew: 34436K->4K(38720K), 0.0055004 secs] 911174K->876742K(1499884K), 0.0055637 secs] [Times: user=0.01 sys=0.00, real=0.01 secs] 
2020-10-28T13:45:30.737+0000: [GC (Allocation Failure) 2020-10-28T13:45:30.737+0000: [ParNew: 34436K->4K(38720K), 0.0055081 secs] 911174K->876742K(1499884K), 0.0055700 secs] [Times: user=0.01 sys=0.00, real=0.01 secs] 
2020-10-28T13:45:30.792+0000: [GC (Allocation Failure) 2020-10-28T13:45:30.792+0000: [ParNew: 34436K->4K(38720K), 0.0054795 secs] 911175K->876742K(1499884K), 0.0055431 secs] [Times: user=0.01 sys=0.00, real=0.00 secs] 
2020-10-28T13:45:30.848+0000: [GC (Allocation Failure) 2020-10-28T13:45:30.848+0000: [ParNew: 34436K->4K(38720K), 0.0054984 secs] 911174K->876742K(1499884K), 0.0055595 secs] [Times: user=0.01 sys=0.00, real=0.00 secs] 
2020-10-28T13:45:30.902+0000: [GC (Allocation Failure) 2020-10-28T13:45:30.902+0000: [ParNew: 34436K->4K(38720K), 0.0054564 secs] 911174K->876742K(1499884K), 0.0055192 secs] [Times: user=0.01 sys=0.00, real=0.00 secs] 
2020-10-28T13:45:30.960+0000: [GC (Allocation Failure) 2020-10-28T13:45:30.960+0000: [ParNew: 34436K->4K(38720K), 0.0055117 secs] 911174K->876742K(1499884K), 0.0055729 secs] [Times: user=0.01 sys=0.00, real=0.00 secs] 
2020-10-28T13:45:31.015+0000: [GC (GCLocker Initiated GC) 2020-10-28T13:45:31.015+0000: [ParNew: 34436K->4K(38720K), 0.0054882 secs] 911175K->876742K(1499884K), 0.0055497 secs] [Times: user=0.01 sys=0.00, real=0.01 secs] 
2020-10-28T13:45:31.072+0000: [GC (Allocation Failure) 2020-10-28T13:45:31.072+0000: [ParNew: 34436K->4K(38720K), 0.0054878 secs] 911174K->876742K(1499884K), 0.0055612 secs] [Times: user=0.01 sys=0.00, real=0.00 secs] 
2020-10-28T13:45:31.126+0000: [GC (Allocation Failure) 2020-10-28T13:45:31.126+0000: [ParNew: 34436K->4K(38720K), 0.0054846 secs] 911174K->876742K(1499884K), 0.0055740 secs] [Times: user=0.01 sys=0.00, real=0.01 secs] 
2020-10-28T13:45:31.185+0000: [GC (Allocation Failure) 2020-10-28T13:45:31.185+0000: [ParNew: 34436K->4K(38720K), 0.0054288 secs] 911174K->876742K(1499884K), 0.0054899 secs] [Times: user=0.01 sys=0.00, real=0.01 secs] 
2020-10-28T13:45:31.240+0000: [GC (Allocation Failure) 2020-10-28T13:45:31.240+0000: [ParNew: 34436K->4K(38720K), 0.0054689 secs] 911174K->876742K(1499884K), 0.0055326 secs] [Times: user=0.01 sys=0.00, real=0.00 secs] 
2020-10-28T13:45:31.298+0000: [GC (Allocation Failure) 2020-10-28T13:45:31.298+0000: [ParNew: 34436K->4K(38720K), 0.0054578 secs] 911174K->876742K(1499884K), 0.0055132 secs] [Times: user=0.01 sys=0.00, real=0.01 secs] 
2020-10-28T13:45:31.356+0000: [GC (Allocation Failure) 2020-10-28T13:45:31.356+0000: [ParNew: 34436K->4K(38720K), 0.0055050 secs] 911174K->876742K(1499884K), 0.0055658 secs] [Times: user=0.01 sys=0.00, real=0.01 secs] 
2020-10-28T13:45:31.410+0000: [GC (Allocation Failure) 2020-10-28T13:45:31.410+0000: [ParNew: 34436K->4K(38720K), 0.0055609 secs] 911174K->876742K(1499884K), 0.0056228 secs] [Times: user=0.01 sys=0.00, real=0.00 secs] 
2020-10-28T13:45:31.468+0000: [GC (Allocation Failure) 2020-10-28T13:45:31.468+0000: [ParNew: 34436K->4K(38720K), 0.0054505 secs] 911174K->876742K(1499884K), 0.0055123 secs] [Times: user=0.01 sys=0.00, real=0.00 secs] 
2020-10-28T13:45:31.526+0000: [GC (Allocation Failure) 2020-10-28T13:45:31.526+0000: [ParNew: 34436K->4K(38720K), 0.0054807 secs] 911174K->876742K(1499884K), 0.0055433 secs] [Times: user=0.02 sys=0.00, real=0.01 secs] 
2020-10-28T13:45:31.584+0000: [GC (Allocation Failure) 2020-10-28T13:45:31.584+0000: [ParNew: 34436K->4K(38720K), 0.0056203 secs] 911174K->876742K(1499884K), 0.0056859 secs] [Times: user=0.01 sys=0.00, real=0.01 secs] 
2020-10-28T13:45:31.643+0000: [GC (Allocation Failure) 2020-10-28T13:45:31.643+0000: [ParNew: 34436K->4K(38720K), 0.0055044 secs] 911174K->876742K(1499884K), 0.0055677 secs] [Times: user=0.01 sys=0.00, real=0.01 secs] 
2020-10-28T13:45:31.700+0000: [GC (Allocation Failure) 2020-10-28T13:45:31.700+0000: [ParNew: 34436K->4K(38720K), 0.0054887 secs] 911174K->876742K(1499884K), 0.0055520 secs] [Times: user=0.01 sys=0.00, real=0.00 secs] 
2020-10-28T13:45:31.756+0000: [GC (Allocation Failure) 2020-10-28T13:45:31.756+0000: [ParNew: 34436K->4K(38720K), 0.0055337 secs] 911174K->876742K(1499884K), 0.0055957 secs] [Times: user=0.01 sys=0.00, real=0.01 secs] 
2020-10-28T13:45:31.810+0000: [GC (Allocation Failure) 2020-10-28T13:45:31.810+0000: [ParNew: 34436K->4K(38720K), 0.0055621 secs] 911174K->876742K(1499884K), 0.0056263 secs] [Times: user=0.01 sys=0.00, real=0.00 secs] 
2020-10-28T13:45:31.868+0000: [GC (Allocation Failure) 2020-10-28T13:45:31.868+0000: [ParNew: 34436K->4K(38720K), 0.0054808 secs] 911174K->876742K(1499884K), 0.0055448 secs] [Times: user=0.01 sys=0.00, real=0.00 secs] 
2020-10-28T13:45:31.922+0000: [GC (Allocation Failure) 2020-10-28T13:45:31.922+0000: [ParNew: 34436K->4K(38720K), 0.0054717 secs] 911174K->876742K(1499884K), 0.0055320 secs] [Times: user=0.02 sys=0.00, real=0.01 secs] 
2020-10-28T13:45:31.983+0000: [GC (Allocation Failure) 2020-10-28T13:45:31.983+0000: [ParNew: 34436K->4K(38720K), 0.0055018 secs] 911174K->876742K(1499884K), 0.0055667 secs] [Times: user=0.02 sys=0.00, real=0.01 secs] 
2020-10-28T13:45:32.038+0000: [GC (GCLocker Initiated GC) 2020-10-28T13:45:32.038+0000: [ParNew: 34436K->4K(38720K), 0.0054971 secs] 911175K->876742K(1499884K), 0.0055628 secs] [Times: user=0.01 sys=0.00, real=0.01 secs] 
2020-10-28T13:45:32.096+0000: [GC (Allocation Failure) 2020-10-28T13:45:32.096+0000: [ParNew: 34436K->4K(38720K), 0.0055055 secs] 911174K->876742K(1499884K), 0.0055691 secs] [Times: user=0.01 sys=0.00, real=0.01 secs] 
2020-10-28T13:45:32.150+0000: [GC (Allocation Failure) 2020-10-28T13:45:32.150+0000: [ParNew: 34436K->4K(38720K), 0.0055626 secs] 911174K->876742K(1499884K), 0.0056395 secs] [Times: user=0.01 sys=0.00, real=0.00 secs] 
2020-10-28T13:45:32.205+0000: [GC (Allocation Failure) 2020-10-28T13:45:32.205+0000: [ParNew: 34436K->4K(38720K), 0.0054545 secs] 911174K->876742K(1499884K), 0.0055172 secs] [Times: user=0.01 sys=0.00, real=0.01 secs] 
2020-10-28T13:45:32.264+0000: [GC (Allocation Failure) 2020-10-28T13:45:32.264+0000: [ParNew: 34436K->4K(38720K), 0.0056750 secs] 911174K->876742K(1499884K), 0.0057375 secs] [Times: user=0.02 sys=0.00, real=0.01 secs] 
2020-10-28T13:45:32.323+0000: [GC (GCLocker Initiated GC) 2020-10-28T13:45:32.323+0000: [ParNew: 34436K->4K(38720K), 0.0054586 secs] 911175K->876742K(1499884K), 0.0055213 secs] [Times: user=0.01 sys=0.00, real=0.01 secs] 
2020-10-28T13:45:32.377+0000: [GC (Allocation Failure) 2020-10-28T13:45:32.377+0000: [ParNew: 34436K->4K(38720K), 0.0055357 secs] 911174K->876742K(1499884K), 0.0055981 secs] [Times: user=0.01 sys=0.00, real=0.01 secs] 
2020-10-28T13:45:32.432+0000: [GC (Allocation Failure) 2020-10-28T13:45:32.432+0000: [ParNew: 34436K->4K(38720K), 0.0055009 secs] 911174K->876742K(1499884K), 0.0055621 secs] [Times: user=0.01 sys=0.00, real=0.00 secs] 
2020-10-28T13:45:32.486+0000: [GC (Allocation Failure) 2020-10-28T13:45:32.486+0000: [ParNew: 34436K->4K(38720K), 0.0054465 secs] 911174K->876742K(1499884K), 0.0055159 secs] [Times: user=0.01 sys=0.00, real=0.01 secs] 
2020-10-28T13:45:32.540+0000: [GC (Allocation Failure) 2020-10-28T13:45:32.540+0000: [ParNew: 34436K->4K(38720K), 0.0055152 secs] 911174K->876742K(1499884K), 0.0055781 secs] [Times: user=0.01 sys=0.00, real=0.00 secs] 
2020-10-28T13:45:32.605+0000: [GC (Allocation Failure) 2020-10-28T13:45:32.605+0000: [ParNew: 34436K->4K(38720K), 0.0055165 secs] 911174K->876742K(1499884K), 0.0055789 secs] [Times: user=0.01 sys=0.00, real=0.01 secs] 
2020-10-28T13:45:32.660+0000: [GC (Allocation Failure) 2020-10-28T13:45:32.660+0000: [ParNew: 34436K->4K(38720K), 0.0054353 secs] 911174K->876742K(1499884K), 0.0054973 secs] [Times: user=0.02 sys=0.00, real=0.00 secs] 
2020-10-28T13:45:32.714+0000: [GC (Allocation Failure) 2020-10-28T13:45:32.714+0000: [ParNew: 34436K->4K(38720K), 0.0055250 secs] 911174K->876742K(1499884K), 0.0055882 secs] [Times: user=0.01 sys=0.00, real=0.00 secs] 
2020-10-28T13:45:32.768+0000: [GC (Allocation Failure) 2020-10-28T13:45:32.768+0000: [ParNew: 34436K->4K(38720K), 0.0073105 secs] 911175K->876742K(1499884K), 0.0073724 secs] [Times: user=0.01 sys=0.00, real=0.00 secs] 
2020-10-28T13:45:32.825+0000: [GC (GCLocker Initiated GC) 2020-10-28T13:45:32.825+0000: [ParNew: 34436K->4K(38720K), 0.0054681 secs] 911175K->876742K(1499884K), 0.0055313 secs] [Times: user=0.01 sys=0.00, real=0.01 secs] 
2020-10-28T13:45:32.879+0000: [GC (Allocation Failure) 2020-10-28T13:45:32.879+0000: [ParNew: 34436K->4K(38720K), 0.0055541 secs] 911174K->876742K(1499884K), 0.0056311 secs] [Times: user=0.00 sys=0.00, real=0.01 secs] 
2020-10-28T13:45:32.934+0000: [GC (Allocation Failure) 2020-10-28T13:45:32.934+0000: [ParNew: 34436K->4K(38720K), 0.0055024 secs] 911174K->876742K(1499884K), 0.0055654 secs] [Times: user=0.01 sys=0.01, real=0.01 secs] 
2020-10-28T13:45:33.003+0000: [GC (Allocation Failure) 2020-10-28T13:45:33.003+0000: [ParNew: 34436K->4K(38720K), 0.0055287 secs] 911174K->876742K(1499884K), 0.0056101 secs] [Times: user=0.01 sys=0.00, real=0.01 secs] 
2020-10-28T13:45:33.063+0000: [GC (Allocation Failure) 2020-10-28T13:45:33.063+0000: [ParNew: 34436K->4K(38720K), 0.0055968 secs] 911174K->876742K(1499884K), 0.0056705 secs] [Times: user=0.01 sys=0.00, real=0.01 secs] 
2020-10-28T13:45:33.124+0000: [GC (Allocation Failure) 2020-10-28T13:45:33.124+0000: [ParNew: 34436K->4K(38720K), 0.0055070 secs] 911174K->876742K(1499884K), 0.0055716 secs] [Times: user=0.01 sys=0.00, real=0.01 secs] 
2020-10-28T13:45:33.183+0000: [GC (Allocation Failure) 2020-10-28T13:45:33.183+0000: [ParNew: 34436K->4K(38720K), 0.0055358 secs] 911174K->876742K(1499884K), 0.0056016 secs] [Times: user=0.02 sys=0.00, real=0.01 secs] 
2020-10-28T13:45:33.238+0000: [GC (GCLocker Initiated GC) 2020-10-28T13:45:33.238+0000: [ParNew: 34436K->4K(38720K), 0.0062577 secs] 911174K->876742K(1499884K), 0.0063237 secs] [Times: user=0.01 sys=0.00, real=0.01 secs] 
2020-10-28T13:45:33.294+0000: [GC (GCLocker Initiated GC) 2020-10-28T13:45:33.294+0000: [ParNew: 34436K->4K(38720K), 0.0054754 secs] 911175K->876742K(1499884K), 0.0055380 secs] [Times: user=0.01 sys=0.00, real=0.00 secs] 
2020-10-28T13:45:33.348+0000: [GC (Allocation Failure) 2020-10-28T13:45:33.348+0000: [ParNew: 34436K->4K(38720K), 0.0056197 secs] 911174K->876742K(1499884K), 0.0056834 secs] [Times: user=0.01 sys=0.00, real=0.00 secs] 
2020-10-28T13:45:33.407+0000: [GC (Allocation Failure) 2020-10-28T13:45:33.407+0000: [ParNew: 34436K->4K(38720K), 0.0054916 secs] 911174K->876742K(1499884K), 0.0055548 secs] [Times: user=0.01 sys=0.00, real=0.01 secs] 
2020-10-28T13:45:33.461+0000: [GC (Allocation Failure) 2020-10-28T13:45:33.461+0000: [ParNew: 34436K->4K(38720K), 0.0055164 secs] 911174K->876742K(1499884K), 0.0055812 secs] [Times: user=0.01 sys=0.00, real=0.00 secs] 
2020-10-28T13:45:33.520+0000: [GC (Allocation Failure) 2020-10-28T13:45:33.520+0000: [ParNew: 34436K->4K(38720K), 0.0078269 secs] 911174K->876742K(1499884K), 0.0078918 secs] [Times: user=0.02 sys=0.00, real=0.01 secs] 
2020-10-28T13:45:33.579+0000: [GC (Allocation Failure) 2020-10-28T13:45:33.580+0000: [ParNew: 34436K->4K(38720K), 0.0055670 secs] 911174K->876742K(1499884K), 0.0056298 secs] [Times: user=0.01 sys=0.00, real=0.00 secs] 
2020-10-28T13:45:33.634+0000: [GC (Allocation Failure) 2020-10-28T13:45:33.634+0000: [ParNew: 34436K->4K(38720K), 0.0054925 secs] 911174K->876742K(1499884K), 0.0055557 secs] [Times: user=0.01 sys=0.00, real=0.01 secs] 
2020-10-28T13:45:33.688+0000: [GC (Allocation Failure) 2020-10-28T13:45:33.689+0000: [ParNew: 34436K->4K(38720K), 0.0054538 secs] 911174K->876742K(1499884K), 0.0055165 secs] [Times: user=0.01 sys=0.00, real=0.00 secs] 
2020-10-28T13:45:33.768+0000: [GC (Allocation Failure) 2020-10-28T13:45:33.768+0000: [ParNew: 34436K->12K(38720K), 0.0055925 secs] 911174K->876751K(1499884K), 0.0056542 secs] [Times: user=0.01 sys=0.00, real=0.00 secs] 
2020-10-28T13:45:33.873+0000: [GC (Allocation Failure) 2020-10-28T13:45:33.873+0000: [ParNew: 34444K->11K(38720K), 0.0106452 secs] 911183K->876750K(1499884K), 0.0107248 secs] [Times: user=0.01 sys=0.00, real=0.01 secs] 
2020-10-28T13:45:33.972+0000: [GC (Allocation Failure) 2020-10-28T13:45:33.972+0000: [ParNew: 34443K->15K(38720K), 0.0055652 secs] 911182K->876753K(1499884K), 0.0056293 secs] [Times: user=0.01 sys=0.00, real=0.00 secs] 
2020-10-28T13:45:34.060+0000: [GC (Allocation Failure) 2020-10-28T13:45:34.060+0000: [ParNew: 34447K->10K(38720K), 0.0055066 secs] 911185K->876749K(1499884K), 0.0055725 secs] [Times: user=0.01 sys=0.00, real=0.00 secs] 
2020-10-28T13:45:34.115+0000: [GC (Allocation Failure) 2020-10-28T13:45:34.115+0000: [ParNew: 34442K->13K(38720K), 0.0055113 secs] 911181K->876752K(1499884K), 0.0055748 secs] [Times: user=0.01 sys=0.00, real=0.01 secs] 
2020-10-28T13:45:34.181+0000: [GC (Allocation Failure) 2020-10-28T13:45:34.181+0000: [ParNew: 34445K->11K(38720K), 0.0055029 secs] 911184K->876750K(1499884K), 0.0055626 secs] [Times: user=0.01 sys=0.00, real=0.00 secs] 
2020-10-28T13:45:34.237+0000: [GC (Allocation Failure) 2020-10-28T13:45:34.237+0000: [ParNew: 34443K->8K(38720K), 0.0057043 secs] 911182K->876754K(1499884K), 0.0057685 secs] [Times: user=0.01 sys=0.00, real=0.01 secs] 
2020-10-28T13:45:34.295+0000: [GC (Allocation Failure) 2020-10-28T13:45:34.296+0000: [ParNew: 34440K->6K(38720K), 0.0054308 secs] 911186K->876751K(1499884K), 0.0054936 secs] [Times: user=0.01 sys=0.00, real=0.01 secs] 
2020-10-28T13:45:34.367+0000: [GC (Allocation Failure) 2020-10-28T13:45:34.367+0000: [ParNew: 34438K->6K(38720K), 0.0055051 secs] 911183K->876751K(1499884K), 0.0055690 secs] [Times: user=0.01 sys=0.00, real=0.01 secs] 
2020-10-28T13:45:34.431+0000: [GC (Allocation Failure) 2020-10-28T13:45:34.431+0000: [ParNew: 34438K->6K(38720K), 0.0054341 secs] 911183K->876751K(1499884K), 0.0055200 secs] [Times: user=0.01 sys=0.01, real=0.00 secs] 
2020-10-28T13:45:34.496+0000: [GC (Allocation Failure) 2020-10-28T13:45:34.496+0000: [ParNew: 34438K->6K(38720K), 0.0054799 secs] 911183K->876751K(1499884K), 0.0055417 secs] [Times: user=0.01 sys=0.00, real=0.01 secs] 
2020-10-28T13:45:34.561+0000: [GC (Allocation Failure) 2020-10-28T13:45:34.561+0000: [ParNew: 34438K->4K(38720K), 0.0054835 secs] 911183K->876751K(1499884K), 0.0055466 secs] [Times: user=0.01 sys=0.00, real=0.00 secs] 
2020-10-28T13:45:35.762+0000: [GC (Allocation Failure) 2020-10-28T13:45:35.762+0000: [ParNew: 34436K->874K(38720K), 0.0067791 secs] 911183K->877621K(1499884K), 0.0068634 secs] [Times: user=0.02 sys=0.00, real=0.01 secs] 
2020-10-28T13:45:36.077+0000: [GC (Allocation Failure) 2020-10-28T13:45:36.077+0000: [ParNew: 35306K->4144K(38720K), 0.0270909 secs] 912053K->880891K(1499884K), 0.0271822 secs] [Times: user=0.05 sys=0.00, real=0.03 secs] 
2020-10-28T13:45:36.220+0000: [GC (Allocation Failure) 2020-10-28T13:45:36.220+0000: [ParNew: 38576K->1730K(38720K), 0.0202342 secs] 915323K->881834K(1499884K), 0.0203180 secs] [Times: user=0.03 sys=0.00, real=0.02 secs] 
2020-10-28T13:45:36.315+0000: [GC (Allocation Failure) 2020-10-28T13:45:36.315+0000: [ParNew: 36162K->1038K(38720K), 0.0059411 secs] 916266K->881142K(1499884K), 0.0060077 secs] [Times: user=0.01 sys=0.00, real=0.01 secs] 
2020-10-28T13:45:36.396+0000: [GC (Allocation Failure) 2020-10-28T13:45:36.396+0000: [ParNew: 35470K->1437K(38720K), 0.0060490 secs] 915574K->881541K(1499884K), 0.0061127 secs] [Times: user=0.01 sys=0.00, real=0.01 secs] 
2020-10-28T13:45:36.469+0000: [GC (Allocation Failure) 2020-10-28T13:45:36.469+0000: [ParNew: 35869K->1476K(38720K), 0.0059552 secs] 915973K->881580K(1499884K), 0.0060203 secs] [Times: user=0.01 sys=0.00, real=0.00 secs] 
2020-10-28T13:45:36.544+0000: [GC (Allocation Failure) 2020-10-28T13:45:36.544+0000: [ParNew: 35908K->1999K(38720K), 0.0060869 secs] 916012K->882104K(1499884K), 0.0061526 secs] [Times: user=0.01 sys=0.00, real=0.01 secs] 
2020-10-28T13:45:36.623+0000: [GC (Allocation Failure) 2020-10-28T13:45:36.623+0000: [ParNew: 36431K->2751K(38720K), 0.0129699 secs] 916536K->882855K(1499884K), 0.0130750 secs] [Times: user=0.03 sys=0.00, real=0.01 secs] 
2020-10-28T13:45:36.699+0000: [GC (Allocation Failure) 2020-10-28T13:45:36.699+0000: [ParNew: 37183K->1588K(38720K), 0.0064243 secs] 917287K->882833K(1499884K), 0.0064882 secs] [Times: user=0.01 sys=0.00, real=0.01 secs] 
2020-10-28T13:45:36.768+0000: [GC (Allocation Failure) 2020-10-28T13:45:36.768+0000: [ParNew: 36020K->3597K(38720K), 0.0141524 secs] 917265K->884842K(1499884K), 0.0142189 secs] [Times: user=0.03 sys=0.00, real=0.01 secs] 
2020-10-28T13:45:36.852+0000: [GC (Allocation Failure) 2020-10-28T13:45:36.852+0000: [ParNew: 38029K->2054K(38720K), 0.0062319 secs] 919274K->884835K(1499884K), 0.0062970 secs] [Times: user=0.01 sys=0.00, real=0.00 secs] 
2020-10-28T13:45:36.916+0000: [GC (Allocation Failure) 2020-10-28T13:45:36.916+0000: [ParNew: 36486K->3078K(38720K), 0.0061425 secs] 919267K->885859K(1499884K), 0.0062072 secs] [Times: user=0.01 sys=0.00, real=0.01 secs] 
2020-10-28T13:45:36.974+0000: [GC (Allocation Failure) 2020-10-28T13:45:36.974+0000: [ParNew: 37510K->1030K(38720K), 0.0062049 secs] 920291K->885859K(1499884K), 0.0062955 secs] [Times: user=0.02 sys=0.00, real=0.01 secs] 
2020-10-28T13:45:37.034+0000: [GC (Allocation Failure) 2020-10-28T13:45:37.034+0000: [ParNew: 34020K->1030K(38720K), 0.0057518 secs] 918850K->885859K(1499884K), 0.0058140 secs] [Times: user=0.01 sys=0.00, real=0.01 secs] 
2020-10-28T13:45:37.090+0000: [GC (Allocation Failure) 2020-10-28T13:45:37.090+0000: [ParNew: 35462K->3078K(38720K), 0.0065735 secs] 920291K->889955K(1499884K), 0.0066397 secs] [Times: user=0.01 sys=0.00, real=0.00 secs] 
2020-10-28T13:45:37.159+0000: [GC (Allocation Failure) 2020-10-28T13:45:37.159+0000: [ParNew: 37510K->6K(38720K), 0.0141581 secs] 924387K->887907K(1499884K), 0.0142395 secs] [Times: user=0.02 sys=0.00, real=0.02 secs] 
2020-10-28T13:45:37.232+0000: [GC (Allocation Failure) 2020-10-28T13:45:37.232+0000: [ParNew: 34438K->6K(38720K), 0.0056054 secs] 922339K->887907K(1499884K), 0.0056760 secs] [Times: user=0.01 sys=0.00, real=0.00 secs] 
2020-10-28T13:45:37.289+0000: [GC (Allocation Failure) 2020-10-28T13:45:37.289+0000: [ParNew: 34438K->4102K(38720K), 0.0094582 secs] 922339K->892003K(1499884K), 0.0095333 secs] [Times: user=0.02 sys=0.00, real=0.00 secs] 
2020-10-28T13:45:37.358+0000: [GC (Allocation Failure) 2020-10-28T13:45:37.358+0000: [ParNew: 38534K->6K(38720K), 0.0065693 secs] 926435K->892004K(1499884K), 0.0066567 secs] [Times: user=0.02 sys=0.00, real=0.01 secs] 
2020-10-28T13:45:37.412+0000: [GC (Allocation Failure) 2020-10-28T13:45:37.412+0000: [ParNew: 34438K->2052K(38720K), 0.0060602 secs] 926436K->894050K(1499884K), 0.0061262 secs] [Times: user=0.01 sys=0.00, real=0.00 secs] 
2020-10-28T13:45:37.472+0000: [GC (Allocation Failure) 2020-10-28T13:45:37.472+0000: [ParNew: 36484K->2054K(38720K), 0.0060680 secs] 928482K->894052K(1499884K), 0.0061579 secs] [Times: user=0.01 sys=0.00, real=0.00 secs] 
2020-10-28T13:45:37.534+0000: [GC (Allocation Failure) 2020-10-28T13:45:37.534+0000: [ParNew: 36486K->2054K(38720K), 0.0186144 secs] 928484K->894052K(1499884K), 0.0186860 secs] [Times: user=0.04 sys=0.00, real=0.02 secs] 
2020-10-28T13:45:37.616+0000: [GC (Allocation Failure) 2020-10-28T13:45:37.616+0000: [ParNew: 36486K->2054K(38720K), 0.0126811 secs] 928484K->894052K(1499884K), 0.0127709 secs] [Times: user=0.02 sys=0.00, real=0.02 secs] 
2020-10-28T13:45:37.696+0000: [GC (Allocation Failure) 2020-10-28T13:45:37.697+0000: [ParNew: 36486K->2054K(38720K), 0.0129012 secs] 928484K->894052K(1499884K), 0.0129904 secs] [Times: user=0.02 sys=0.00, real=0.02 secs] 
2020-10-28T13:45:37.780+0000: [GC (Allocation Failure) 2020-10-28T13:45:37.780+0000: [ParNew: 36486K->2054K(38720K), 0.0131157 secs] 928484K->894052K(1499884K), 0.0132105 secs] [Times: user=0.02 sys=0.00, real=0.01 secs] 
2020-10-28T13:45:37.844+0000: [GC (Allocation Failure) 2020-10-28T13:45:37.844+0000: [ParNew: 36486K->6K(38720K), 0.0062716 secs] 928484K->894052K(1499884K), 0.0063457 secs] [Times: user=0.02 sys=0.00, real=0.01 secs] 
2020-10-28T13:45:37.908+0000: [GC (Allocation Failure) 2020-10-28T13:45:37.908+0000: [ParNew: 34438K->6K(38720K), 0.0058329 secs] 928484K->894052K(1499884K), 0.0059241 secs] [Times: user=0.01 sys=0.00, real=0.00 secs] 
2020-10-28T13:45:37.982+0000: [GC (Allocation Failure) 2020-10-28T13:45:37.982+0000: [ParNew: 34438K->6K(38720K), 0.0055964 secs] 928484K->894052K(1499884K), 0.0057008 secs] [Times: user=0.02 sys=0.00, real=0.01 secs] 
2020-10-28T13:45:38.052+0000: [GC (Allocation Failure) 2020-10-28T13:45:38.052+0000: [ParNew: 34438K->6K(38720K), 0.0114771 secs] 928484K->894052K(1499884K), 0.0115822 secs] [Times: user=0.02 sys=0.00, real=0.01 secs] 
2020-10-28T13:45:38.124+0000: [GC (Allocation Failure) 2020-10-28T13:45:38.124+0000: [ParNew: 33551K->6K(38720K), 0.0153143 secs] 927597K->894052K(1499884K), 0.0154025 secs] [Times: user=0.03 sys=0.00, real=0.01 secs] 
2020-10-28T13:45:38.188+0000: [GC (Allocation Failure) 2020-10-28T13:45:38.188+0000: [ParNew: 34438K->4102K(38720K), 0.0152139 secs] 928484K->902244K(1499884K), 0.0152814 secs] [Times: user=0.03 sys=0.00, real=0.01 secs] 
2020-10-28T13:45:38.295+0000: [GC (Allocation Failure) 2020-10-28T13:45:38.295+0000: [ParNew: 38534K->6K(38720K), 0.0065244 secs] 936676K->902244K(1499884K), 0.0065866 secs] [Times: user=0.01 sys=0.00, real=0.01 secs] 
2020-10-28T13:45:38.352+0000: [GC (Allocation Failure) 2020-10-28T13:45:38.352+0000: [ParNew: 30956K->6K(38720K), 0.0060584 secs] 933194K->902244K(1499884K), 0.0061357 secs] [Times: user=0.02 sys=0.00, real=0.00 secs] 
2020-10-28T13:45:38.409+0000: [GC (Allocation Failure) 2020-10-28T13:45:38.409+0000: [ParNew: 34438K->4102K(38720K), 0.0099255 secs] 936676K->906340K(1499884K), 0.0100053 secs] [Times: user=0.02 sys=0.00, real=0.01 secs] 
2020-10-28T13:45:38.473+0000: [GC (Allocation Failure) 2020-10-28T13:45:38.473+0000: [ParNew: 38534K->4102K(38720K), 0.0105872 secs] 940772K->910436K(1499884K), 0.0106783 secs] [Times: user=0.02 sys=0.00, real=0.01 secs] 
2020-10-28T13:45:38.540+0000: [GC (Allocation Failure) 2020-10-28T13:45:38.540+0000: [ParNew: 38534K->6K(38720K), 0.0065537 secs] 944868K->910437K(1499884K), 0.0066436 secs] [Times: user=0.02 sys=0.00, real=0.00 secs] 
2020-10-28T13:45:38.636+0000: [GC (Allocation Failure) 2020-10-28T13:45:38.636+0000: [ParNew: 34438K->6K(38720K), 0.0055550 secs] 944869K->910437K(1499884K), 0.0056423 secs] [Times: user=0.01 sys=0.00, real=0.01 secs] 
2020-10-28T13:45:38.712+0000: [GC (Allocation Failure) 2020-10-28T13:45:38.712+0000: [ParNew: 34438K->6K(38720K), 0.0055441 secs] 944869K->910437K(1499884K), 0.0056292 secs] [Times: user=0.01 sys=0.00, real=0.00 secs] 
2020-10-28T13:45:38.790+0000: [GC (Allocation Failure) 2020-10-28T13:45:38.790+0000: [ParNew: 34438K->6K(38720K), 0.0057368 secs] 944869K->910437K(1499884K), 0.0058478 secs] [Times: user=0.02 sys=0.00, real=0.00 secs] 
2020-10-28T13:45:38.862+0000: [GC (Allocation Failure) 2020-10-28T13:45:38.862+0000: [ParNew: 34438K->6K(38720K), 0.0124205 secs] 944869K->910437K(1499884K), 0.0125127 secs] [Times: user=0.02 sys=0.00, real=0.01 secs] 
2020-10-28T13:45:38.935+0000: [GC (Allocation Failure) 2020-10-28T13:45:38.935+0000: [ParNew: 34438K->6K(38720K), 0.0120146 secs] 944869K->910437K(1499884K), 0.0121066 secs] [Times: user=0.02 sys=0.00, real=0.01 secs] 
2020-10-28T13:45:39.006+0000: [GC (Allocation Failure) 2020-10-28T13:45:39.006+0000: [ParNew: 34438K->6K(38720K), 0.0117677 secs] 944869K->910437K(1499884K), 0.0118560 secs] [Times: user=0.02 sys=0.00, real=0.01 secs] 
2020-10-28T13:45:39.085+0000: [GC (Allocation Failure) 2020-10-28T13:45:39.085+0000: [ParNew: 34438K->6K(38720K), 0.0104660 secs] 944869K->910437K(1499884K), 0.0105458 secs] [Times: user=0.02 sys=0.00, real=0.01 secs] 
2020-10-28T13:45:39.147+0000: [GC (Allocation Failure) 2020-10-28T13:45:39.147+0000: [ParNew: 34438K->6K(38720K), 0.0055246 secs] 944869K->910437K(1499884K), 0.0055884 secs] [Times: user=0.01 sys=0.00, real=0.01 secs] 
2020-10-28T13:45:39.208+0000: [GC (Allocation Failure) 2020-10-28T13:45:39.208+0000: [ParNew: 34438K->6K(38720K), 0.0055426 secs] 944869K->910437K(1499884K), 0.0056058 secs] [Times: user=0.01 sys=0.01, real=0.00 secs] 
2020-10-28T13:45:39.272+0000: [GC (Allocation Failure) 2020-10-28T13:45:39.272+0000: [ParNew: 34438K->6K(38720K), 0.0055103 secs] 944869K->910437K(1499884K), 0.0055747 secs] [Times: user=0.01 sys=0.00, real=0.00 secs] 
2020-10-28T13:45:39.332+0000: [GC (Allocation Failure) 2020-10-28T13:45:39.332+0000: [ParNew: 34438K->6K(38720K), 0.0055574 secs] 944869K->910437K(1499884K), 0.0056244 secs] [Times: user=0.01 sys=0.00, real=0.00 secs] 
2020-10-28T13:45:39.376+0000: [GC (Allocation Failure) 2020-10-28T13:45:39.376+0000: [ParNew: 34438K->6K(38720K), 0.0055028 secs] 944869K->910437K(1499884K), 0.0055640 secs] [Times: user=0.01 sys=0.00, real=0.01 secs] 
2020-10-28T13:45:39.428+0000: [GC (Allocation Failure) 2020-10-28T13:45:39.428+0000: [ParNew: 34438K->6K(38720K), 0.0055383 secs] 944869K->910437K(1499884K), 0.0056037 secs] [Times: user=0.01 sys=0.00, real=0.00 secs] 
2020-10-28T13:45:39.474+0000: [GC (Allocation Failure) 2020-10-28T13:45:39.474+0000: [ParNew: 34438K->6K(38720K), 0.0055126 secs] 944869K->910437K(1499884K), 0.0055761 secs] [Times: user=0.01 sys=0.00, real=0.01 secs] 
2020-10-28T13:45:39.518+0000: [GC (Allocation Failure) 2020-10-28T13:45:39.519+0000: [ParNew: 34438K->6K(38720K), 0.0055736 secs] 944869K->910437K(1499884K), 0.0056398 secs] [Times: user=0.01 sys=0.00, real=0.01 secs] 
2020-10-28T13:45:39.565+0000: [GC (Allocation Failure) 2020-10-28T13:45:39.565+0000: [ParNew: 34438K->6K(38720K), 0.0055005 secs] 944869K->910437K(1499884K), 0.0055635 secs] [Times: user=0.01 sys=0.00, real=0.01 secs] 
2020-10-28T13:45:39.612+0000: [GC (Allocation Failure) 2020-10-28T13:45:39.612+0000: [ParNew: 34438K->6K(38720K), 0.0055058 secs] 944869K->910437K(1499884K), 0.0055936 secs] [Times: user=0.01 sys=0.00, real=0.00 secs] 
2020-10-28T13:45:39.656+0000: [GC (Allocation Failure) 2020-10-28T13:45:39.656+0000: [ParNew: 34438K->6K(38720K), 0.0055705 secs] 944869K->910437K(1499884K), 0.0056342 secs] [Times: user=0.01 sys=0.00, real=0.01 secs] 
2020-10-28T13:45:39.698+0000: [GC (Allocation Failure) 2020-10-28T13:45:39.698+0000: [ParNew: 34438K->6K(38720K), 0.0056038 secs] 944869K->910437K(1499884K), 0.0056689 secs] [Times: user=0.02 sys=0.00, real=0.01 secs] 
2020-10-28T13:45:39.744+0000: [GC (Allocation Failure) 2020-10-28T13:45:39.744+0000: [ParNew: 34438K->6K(38720K), 0.0055963 secs] 944869K->910437K(1499884K), 0.0056594 secs] [Times: user=0.01 sys=0.00, real=0.01 secs] 
2020-10-28T13:45:39.787+0000: [GC (Allocation Failure) 2020-10-28T13:45:39.787+0000: [ParNew: 34438K->6K(38720K), 0.0057396 secs] 944869K->910437K(1499884K), 0.0058051 secs] [Times: user=0.01 sys=0.00, real=0.01 secs] 
2020-10-28T13:45:39.834+0000: [GC (Allocation Failure) 2020-10-28T13:45:39.834+0000: [ParNew: 34438K->6K(38720K), 0.0056930 secs] 944869K->910437K(1499884K), 0.0057615 secs] [Times: user=0.01 sys=0.00, real=0.01 secs] 
2020-10-28T13:45:39.874+0000: [GC (Allocation Failure) 2020-10-28T13:45:39.874+0000: [ParNew: 34438K->6K(38720K), 0.0078478 secs] 944869K->918629K(1499884K), 0.0079192 secs] [Times: user=0.02 sys=0.00, real=0.01 secs] 
2020-10-28T13:45:39.916+0000: [GC (Allocation Failure) 2020-10-28T13:45:39.916+0000: [ParNew: 34438K->6K(38720K), 0.0078098 secs] 953061K->926821K(1499884K), 0.0078778 secs] [Times: user=0.01 sys=0.00, real=0.01 secs] 
2020-10-28T13:45:39.969+0000: [GC (Allocation Failure) 2020-10-28T13:45:39.969+0000: [ParNew: 34438K->6K(38720K), 0.0055678 secs] 961253K->926821K(1499884K), 0.0056330 secs] [Times: user=0.01 sys=0.00, real=0.00 secs] 
2020-10-28T13:45:40.035+0000: [GC (Allocation Failure) 2020-10-28T13:45:40.035+0000: [ParNew: 34438K->30K(38720K), 0.0056503 secs] 961253K->926845K(1499884K), 0.0057131 secs] [Times: user=0.02 sys=0.00, real=0.01 secs] 
2020-10-28T13:45:40.100+0000: [GC (Allocation Failure) 2020-10-28T13:45:40.100+0000: [ParNew: 34462K->18K(38720K), 0.0059137 secs] 961277K->926834K(1499884K), 0.0060069 secs] [Times: user=0.01 sys=0.00, real=0.00 secs] 
2020-10-28T13:45:40.141+0000: [GC (Allocation Failure) 2020-10-28T13:45:40.141+0000: [ParNew: 34450K->18K(38720K), 0.0075508 secs] 961266K->935025K(1499884K), 0.0076177 secs] [Times: user=0.01 sys=0.00, real=0.01 secs] 
2020-10-28T13:45:40.191+0000: [GC (Allocation Failure) 2020-10-28T13:45:40.191+0000: [ParNew: 34450K->19K(38720K), 0.0055988 secs] 969457K->935026K(1499884K), 0.0056618 secs] [Times: user=0.02 sys=0.00, real=0.00 secs] 
2020-10-28T13:45:40.238+0000: [GC (Allocation Failure) 2020-10-28T13:45:40.238+0000: [ParNew: 34451K->18K(38720K), 0.0057703 secs] 969458K->935026K(1499884K), 0.0058345 secs] [Times: user=0.02 sys=0.00, real=0.01 secs] 
2020-10-28T13:45:40.283+0000: [GC (Allocation Failure) 2020-10-28T13:45:40.283+0000: [ParNew: 34450K->18K(38720K), 0.0112826 secs] 969458K->943218K(1499884K), 0.0113494 secs] [Times: user=0.02 sys=0.00, real=0.01 secs] 
2020-10-28T13:45:40.336+0000: [GC (Allocation Failure) 2020-10-28T13:45:40.336+0000: [ParNew: 34450K->12K(38720K), 0.0055632 secs] 977650K->943220K(1499884K), 0.0056270 secs] [Times: user=0.01 sys=0.00, real=0.01 secs] 
2020-10-28T13:45:40.380+0000: [GC (Allocation Failure) 2020-10-28T13:45:40.380+0000: [ParNew: 34444K->6K(38720K), 0.0054783 secs] 977652K->943214K(1499884K), 0.0055417 secs] [Times: user=0.01 sys=0.00, real=0.00 secs] 
2020-10-28T13:45:40.422+0000: [GC (Allocation Failure) 2020-10-28T13:45:40.422+0000: [ParNew: 34438K->6K(38720K), 0.0055098 secs] 977646K->943214K(1499884K), 0.0055731 secs] [Times: user=0.02 sys=0.00, real=0.01 secs] 
2020-10-28T13:45:40.470+0000: [GC (Allocation Failure) 2020-10-28T13:45:40.470+0000: [ParNew: 34438K->6K(38720K), 0.0054585 secs] 977646K->943214K(1499884K), 0.0055211 secs] [Times: user=0.01 sys=0.00, real=0.00 secs] 
2020-10-28T13:45:40.514+0000: [GC (Allocation Failure) 2020-10-28T13:45:40.514+0000: [ParNew: 34438K->6K(38720K), 0.0055211 secs] 977646K->943214K(1499884K), 0.0055834 secs] [Times: user=0.01 sys=0.00, real=0.00 secs] 
2020-10-28T13:45:40.560+0000: [GC (Allocation Failure) 2020-10-28T13:45:40.560+0000: [ParNew: 34438K->6K(38720K), 0.0054660 secs] 977646K->943214K(1499884K), 0.0055296 secs] [Times: user=0.01 sys=0.00, real=0.00 secs] 
2020-10-28T13:45:40.608+0000: [GC (Allocation Failure) 2020-10-28T13:45:40.608+0000: [ParNew: 34438K->6K(38720K), 0.0055064 secs] 977646K->943214K(1499884K), 0.0055600 secs] [Times: user=0.01 sys=0.00, real=0.00 secs] 
2020-10-28T13:45:40.654+0000: [GC (Allocation Failure) 2020-10-28T13:45:40.654+0000: [ParNew: 34438K->6K(38720K), 0.0054895 secs] 977646K->943214K(1499884K), 0.0055526 secs] [Times: user=0.01 sys=0.00, real=0.01 secs] 
2020-10-28T13:45:40.700+0000: [GC (Allocation Failure) 2020-10-28T13:45:40.700+0000: [ParNew: 34438K->6K(38720K), 0.0055352 secs] 977646K->943214K(1499884K), 0.0055971 secs] [Times: user=0.01 sys=0.00, real=0.00 secs] 
2020-10-28T13:45:40.747+0000: [GC (Allocation Failure) 2020-10-28T13:45:40.747+0000: [ParNew: 34438K->6K(38720K), 0.0055209 secs] 977646K->943214K(1499884K), 0.0055847 secs] [Times: user=0.01 sys=0.00, real=0.01 secs] 
2020-10-28T13:45:40.789+0000: [GC (Allocation Failure) 2020-10-28T13:45:40.789+0000: [ParNew: 34438K->6K(38720K), 0.0055086 secs] 977646K->943214K(1499884K), 0.0055726 secs] [Times: user=0.01 sys=0.00, real=0.00 secs] 
2020-10-28T13:45:40.837+0000: [GC (Allocation Failure) 2020-10-28T13:45:40.837+0000: [ParNew: 34438K->6K(38720K), 0.0054937 secs] 977646K->943214K(1499884K), 0.0055578 secs] [Times: user=0.01 sys=0.00, real=0.01 secs] 
2020-10-28T13:45:40.884+0000: [GC (Allocation Failure) 2020-10-28T13:45:40.884+0000: [ParNew: 34438K->6K(38720K), 0.0055698 secs] 977646K->943214K(1499884K), 0.0056323 secs] [Times: user=0.01 sys=0.00, real=0.01 secs] 
2020-10-28T13:45:40.926+0000: [GC (Allocation Failure) 2020-10-28T13:45:40.926+0000: [ParNew: 34438K->6K(38720K), 0.0054434 secs] 977646K->943214K(1499884K), 0.0055053 secs] [Times: user=0.02 sys=0.00, real=0.01 secs] 
2020-10-28T13:45:40.972+0000: [GC (Allocation Failure) 2020-10-28T13:45:40.972+0000: [ParNew: 34438K->6K(38720K), 0.0054498 secs] 977646K->943214K(1499884K), 0.0055142 secs] [Times: user=0.01 sys=0.00, real=0.00 secs] 
2020-10-28T13:45:41.014+0000: [GC (Allocation Failure) 2020-10-28T13:45:41.014+0000: [ParNew: 34438K->6K(38720K), 0.0054882 secs] 977646K->943214K(1499884K), 0.0055797 secs] [Times: user=0.01 sys=0.00, real=0.00 secs] 
2020-10-28T13:45:41.061+0000: [GC (Allocation Failure) 2020-10-28T13:45:41.061+0000: [ParNew: 34438K->6K(38720K), 0.0054184 secs] 977646K->943214K(1499884K), 0.0054777 secs] [Times: user=0.01 sys=0.00, real=0.00 secs] 
2020-10-28T13:45:41.104+0000: [GC (Allocation Failure) 2020-10-28T13:45:41.104+0000: [ParNew: 34438K->6K(38720K), 0.0054837 secs] 977646K->943214K(1499884K), 0.0055467 secs] [Times: user=0.01 sys=0.00, real=0.01 secs] 
2020-10-28T13:45:41.146+0000: [GC (Allocation Failure) 2020-10-28T13:45:41.146+0000: [ParNew: 34438K->6K(38720K), 0.0055160 secs] 977646K->943214K(1499884K), 0.0055793 secs] [Times: user=0.01 sys=0.00, real=0.01 secs] 
2020-10-28T13:45:41.193+0000: [GC (Allocation Failure) 2020-10-28T13:45:41.193+0000: [ParNew: 34438K->6K(38720K), 0.0054602 secs] 977646K->943214K(1499884K), 0.0055217 secs] [Times: user=0.01 sys=0.00, real=0.00 secs] 
2020-10-28T13:45:41.240+0000: [GC (Allocation Failure) 2020-10-28T13:45:41.240+0000: [ParNew: 34438K->6K(38720K), 0.0056073 secs] 977646K->943214K(1499884K), 0.0056696 secs] [Times: user=0.01 sys=0.00, real=0.00 secs] 
2020-10-28T13:45:41.284+0000: [GC (Allocation Failure) 2020-10-28T13:45:41.284+0000: [ParNew: 34438K->6K(38720K), 0.0054238 secs] 977646K->943214K(1499884K), 0.0054776 secs] [Times: user=0.01 sys=0.00, real=0.01 secs] 
2020-10-28T13:45:41.326+0000: [GC (Allocation Failure) 2020-10-28T13:45:41.326+0000: [ParNew: 34438K->6K(38720K), 0.0055775 secs] 977646K->943214K(1499884K), 0.0056388 secs] [Times: user=0.01 sys=0.00, real=0.01 secs] 
2020-10-28T13:45:41.369+0000: [GC (Allocation Failure) 2020-10-28T13:45:41.369+0000: [ParNew: 34438K->6K(38720K), 0.0055026 secs] 977646K->943214K(1499884K), 0.0055737 secs] [Times: user=0.01 sys=0.00, real=0.00 secs] 
2020-10-28T13:45:41.411+0000: [GC (Allocation Failure) 2020-10-28T13:45:41.412+0000: [ParNew: 34438K->6K(38720K), 0.0054435 secs] 977646K->943214K(1499884K), 0.0055048 secs] [Times: user=0.01 sys=0.00, real=0.00 secs] 
2020-10-28T13:45:41.456+0000: [GC (Allocation Failure) 2020-10-28T13:45:41.456+0000: [ParNew: 34438K->6K(38720K), 0.0055461 secs] 977646K->943214K(1499884K), 0.0056104 secs] [Times: user=0.01 sys=0.00, real=0.01 secs] 
2020-10-28T13:45:41.498+0000: [GC (Allocation Failure) 2020-10-28T13:45:41.498+0000: [ParNew: 34438K->6K(38720K), 0.0054965 secs] 977646K->943214K(1499884K), 0.0055589 secs] [Times: user=0.01 sys=0.00, real=0.01 secs] 
2020-10-28T13:45:41.541+0000: [GC (Allocation Failure) 2020-10-28T13:45:41.541+0000: [ParNew: 34438K->6K(38720K), 0.0055168 secs] 977646K->943214K(1499884K), 0.0055805 secs] [Times: user=0.01 sys=0.00, real=0.00 secs] 
2020-10-28T13:45:41.583+0000: [GC (Allocation Failure) 2020-10-28T13:45:41.583+0000: [ParNew: 34438K->6K(38720K), 0.0055076 secs] 977646K->943214K(1499884K), 0.0055700 secs] [Times: user=0.01 sys=0.00, real=0.01 secs] 
2020-10-28T13:45:41.626+0000: [GC (Allocation Failure) 2020-10-28T13:45:41.626+0000: [ParNew: 34438K->6K(38720K), 0.0175342 secs] 977646K->943214K(1499884K), 0.0176095 secs] [Times: user=0.02 sys=0.00, real=0.02 secs] 
2020-10-28T13:45:41.691+0000: [GC (Allocation Failure) 2020-10-28T13:45:41.691+0000: [ParNew: 34438K->6K(38720K), 0.0054727 secs] 977646K->943214K(1499884K), 0.0055371 secs] [Times: user=0.01 sys=0.00, real=0.00 secs] 
2020-10-28T13:45:41.740+0000: [GC (Allocation Failure) 2020-10-28T13:45:41.740+0000: [ParNew: 34438K->6K(38720K), 0.0054808 secs] 977646K->943214K(1499884K), 0.0055447 secs] [Times: user=0.01 sys=0.00, real=0.00 secs] 
2020-10-28T13:45:41.784+0000: [GC (Allocation Failure) 2020-10-28T13:45:41.784+0000: [ParNew: 34438K->6K(38720K), 0.0055062 secs] 977646K->943214K(1499884K), 0.0055706 secs] [Times: user=0.01 sys=0.00, real=0.01 secs] 
2020-10-28T13:45:41.826+0000: [GC (Allocation Failure) 2020-10-28T13:45:41.826+0000: [ParNew: 34438K->6K(38720K), 0.0055621 secs] 977646K->943214K(1499884K), 0.0056246 secs] [Times: user=0.01 sys=0.00, real=0.01 secs] 
2020-10-28T13:45:41.869+0000: [GC (Allocation Failure) 2020-10-28T13:45:41.869+0000: [ParNew: 34438K->6K(38720K), 0.0056157 secs] 977646K->943214K(1499884K), 0.0056788 secs] [Times: user=0.01 sys=0.00, real=0.00 secs] 
2020-10-28T13:45:41.912+0000: [GC (Allocation Failure) 2020-10-28T13:45:41.912+0000: [ParNew: 34258K->6K(38720K), 0.0056578 secs] 977467K->943214K(1499884K), 0.0057231 secs] [Times: user=0.01 sys=0.00, real=0.00 secs] 
2020-10-28T13:45:41.956+0000: [GC (Allocation Failure) 2020-10-28T13:45:41.956+0000: [ParNew: 34438K->6K(38720K), 0.0055773 secs] 977646K->943214K(1499884K), 0.0056420 secs] [Times: user=0.01 sys=0.00, real=0.01 secs] 
2020-10-28T13:45:41.998+0000: [GC (Allocation Failure) 2020-10-28T13:45:41.998+0000: [ParNew: 34438K->6K(38720K), 0.0055401 secs] 977646K->943214K(1499884K), 0.0056042 secs] [Times: user=0.01 sys=0.00, real=0.01 secs] 
2020-10-28T13:45:42.042+0000: [GC (Allocation Failure) 2020-10-28T13:45:42.042+0000: [ParNew: 34438K->6K(38720K), 0.0055392 secs] 977646K->943214K(1499884K), 0.0056043 secs] [Times: user=0.01 sys=0.00, real=0.01 secs] 
2020-10-28T13:45:42.091+0000: [GC (Allocation Failure) 2020-10-28T13:45:42.091+0000: [ParNew: 34438K->6K(38720K), 0.0055321 secs] 977646K->943214K(1499884K), 0.0055968 secs] [Times: user=0.02 sys=0.00, real=0.00 secs] 
2020-10-28T13:45:42.134+0000: [GC (Allocation Failure) 2020-10-28T13:45:42.134+0000: [ParNew: 34438K->6K(38720K), 0.0054861 secs] 977646K->943214K(1499884K), 0.0055466 secs] [Times: user=0.01 sys=0.00, real=0.01 secs] 
2020-10-28T13:45:42.180+0000: [GC (Allocation Failure) 2020-10-28T13:45:42.180+0000: [ParNew: 34438K->6K(38720K), 0.0055962 secs] 977646K->943214K(1499884K), 0.0056585 secs] [Times: user=0.01 sys=0.00, real=0.00 secs] 
2020-10-28T13:45:42.227+0000: [GC (Allocation Failure) 2020-10-28T13:45:42.227+0000: [ParNew: 34438K->6K(38720K), 0.0060113 secs] 977646K->943214K(1499884K), 0.0060737 secs] [Times: user=0.01 sys=0.00, real=0.01 secs] 
2020-10-28T13:45:42.270+0000: [GC (Allocation Failure) 2020-10-28T13:45:42.270+0000: [ParNew: 34438K->6K(38720K), 0.0056877 secs] 977646K->943214K(1499884K), 0.0057524 secs] [Times: user=0.01 sys=0.00, real=0.00 secs] 
2020-10-28T13:45:42.316+0000: [GC (Allocation Failure) 2020-10-28T13:45:42.316+0000: [ParNew: 34438K->6K(38720K), 0.0054780 secs] 977646K->943214K(1499884K), 0.0055415 secs] [Times: user=0.01 sys=0.00, real=0.01 secs] 
2020-10-28T13:45:42.358+0000: [GC (Allocation Failure) 2020-10-28T13:45:42.358+0000: [ParNew: 34438K->6K(38720K), 0.0055593 secs] 977646K->943214K(1499884K), 0.0056211 secs] [Times: user=0.01 sys=0.00, real=0.01 secs] 
2020-10-28T13:45:42.406+0000: [GC (Allocation Failure) 2020-10-28T13:45:42.406+0000: [ParNew: 34438K->6K(38720K), 0.0054960 secs] 977646K->943214K(1499884K), 0.0055589 secs] [Times: user=0.01 sys=0.00, real=0.01 secs] 
2020-10-28T13:45:42.435+0000: [GC (Allocation Failure) 2020-10-28T13:45:42.435+0000: [ParNew: 34438K->6K(38720K), 0.0176299 secs] 977646K->959598K(1499884K), 0.0177010 secs] [Times: user=0.02 sys=0.01, real=0.02 secs] 
2020-10-28T13:45:42.496+0000: [GC (Allocation Failure) 2020-10-28T13:45:42.496+0000: [ParNew: 34438K->6K(38720K), 0.0055491 secs] 994030K->959598K(1499884K), 0.0056128 secs] [Times: user=0.01 sys=0.00, real=0.01 secs] 
2020-10-28T13:45:42.539+0000: [GC (Allocation Failure) 2020-10-28T13:45:42.539+0000: [ParNew: 34438K->6K(38720K), 0.0054669 secs] 994030K->959599K(1499884K), 0.0055287 secs] [Times: user=0.01 sys=0.00, real=0.01 secs] 
2020-10-28T13:45:42.587+0000: [GC (Allocation Failure) 2020-10-28T13:45:42.587+0000: [ParNew: 34438K->6K(38720K), 0.0055189 secs] 994031K->959598K(1499884K), 0.0055831 secs] [Times: user=0.01 sys=0.00, real=0.01 secs] 
2020-10-28T13:45:42.634+0000: [GC (Allocation Failure) 2020-10-28T13:45:42.634+0000: [ParNew: 34438K->6K(38720K), 0.0054983 secs] 994030K->959598K(1499884K), 0.0055651 secs] [Times: user=0.01 sys=0.00, real=0.01 secs] 
2020-10-28T13:45:42.680+0000: [GC (Allocation Failure) 2020-10-28T13:45:42.680+0000: [ParNew: 34438K->6K(38720K), 0.0054490 secs] 994030K->959598K(1499884K), 0.0055105 secs] [Times: user=0.01 sys=0.00, real=0.00 secs] 
2020-10-28T13:45:42.727+0000: [GC (Allocation Failure) 2020-10-28T13:45:42.728+0000: [ParNew: 34438K->6K(38720K), 0.0054952 secs] 994030K->959599K(1499884K), 0.0055600 secs] [Times: user=0.01 sys=0.00, real=0.00 secs] 
2020-10-28T13:45:42.764+0000: [GC (Allocation Failure) 2020-10-28T13:45:42.764+0000: [ParNew: 34438K->4K(38720K), 0.0176775 secs] 994031K->975981K(1499884K), 0.0177457 secs] [Times: user=0.03 sys=0.01, real=0.02 secs] 
2020-10-28T13:45:42.829+0000: [GC (Allocation Failure) 2020-10-28T13:45:42.829+0000: [ParNew: 34436K->6K(38720K), 0.0054994 secs] 1010413K->975983K(1499884K), 0.0055647 secs] [Times: user=0.01 sys=0.00, real=0.00 secs] 
2020-10-28T13:45:42.858+0000: [GC (Allocation Failure) 2020-10-28T13:45:42.858+0000: [ParNew: 34438K->6K(38720K), 0.0174074 secs] 1010415K->992367K(1499884K), 0.0174798 secs] [Times: user=0.03 sys=0.01, real=0.02 secs] 
2020-10-28T13:45:42.916+0000: [GC (Allocation Failure) 2020-10-28T13:45:42.916+0000: [ParNew: 34438K->6K(38720K), 0.0053829 secs] 1026799K->992367K(1499884K), 0.0054479 secs] [Times: user=0.01 sys=0.00, real=0.01 secs] 
2020-10-28T13:45:42.967+0000: [GC (Allocation Failure) 2020-10-28T13:45:42.967+0000: [ParNew: 34438K->6K(38720K), 0.0054864 secs] 1026799K->992367K(1499884K), 0.0055682 secs] [Times: user=0.01 sys=0.00, real=0.01 secs] 
2020-10-28T13:45:42.998+0000: [GC (Allocation Failure) 2020-10-28T13:45:42.998+0000: [ParNew: 22766K->6K(38720K), 0.0054010 secs] 1015127K->992367K(1499884K), 0.0054665 secs] [Times: user=0.01 sys=0.00, real=0.01 secs] 
2020-10-28T13:45:43.026+0000: [GC (Allocation Failure) 2020-10-28T13:45:43.026+0000: [ParNew: 34438K->4K(38720K), 0.0165164 secs] 1026799K->1008749K(1499884K), 0.0165873 secs] [Times: user=0.02 sys=0.00, real=0.02 secs] 
2020-10-28T13:45:43.084+0000: [GC (Allocation Failure) 2020-10-28T13:45:43.084+0000: [ParNew: 34436K->6K(38720K), 0.0054679 secs] 1043181K->1008751K(1499884K), 0.0055465 secs] [Times: user=0.01 sys=0.00, real=0.01 secs] 
2020-10-28T13:45:43.128+0000: [GC (Allocation Failure) 2020-10-28T13:45:43.128+0000: [ParNew: 34438K->6K(38720K), 0.0053608 secs] 1043183K->1008751K(1499884K), 0.0054255 secs] [Times: user=0.01 sys=0.00, real=0.00 secs] 
2020-10-28T13:45:43.172+0000: [GC (Allocation Failure) 2020-10-28T13:45:43.172+0000: [ParNew: 34438K->4K(38720K), 0.0054155 secs] 1043183K->1008749K(1499884K), 0.0054796 secs] [Times: user=0.01 sys=0.00, real=0.00 secs] 
2020-10-28T13:45:43.219+0000: [GC (Allocation Failure) 2020-10-28T13:45:43.219+0000: [ParNew: 34436K->6K(38720K), 0.0054200 secs] 1043181K->1008751K(1499884K), 0.0054830 secs] [Times: user=0.01 sys=0.00, real=0.01 secs] 
2020-10-28T13:45:43.265+0000: [GC (Allocation Failure) 2020-10-28T13:45:43.265+0000: [ParNew: 34438K->6K(38720K), 0.0053953 secs] 1043183K->1008751K(1499884K), 0.0054614 secs] [Times: user=0.01 sys=0.00, real=0.01 secs] 
2020-10-28T13:45:43.312+0000: [GC (Allocation Failure) 2020-10-28T13:45:43.312+0000: [ParNew: 34438K->6K(38720K), 0.0054068 secs] 1043183K->1008751K(1499884K), 0.0054752 secs] [Times: user=0.01 sys=0.00, real=0.00 secs] 
2020-10-28T13:45:43.354+0000: [GC (Allocation Failure) 2020-10-28T13:45:43.354+0000: [ParNew: 34438K->6K(38720K), 0.0054690 secs] 1043183K->1008751K(1499884K), 0.0055369 secs] [Times: user=0.01 sys=0.00, real=0.01 secs] 
2020-10-28T13:45:43.397+0000: [GC (Allocation Failure) 2020-10-28T13:45:43.397+0000: [ParNew: 34438K->6K(38720K), 0.0054215 secs] 1043183K->1008751K(1499884K), 0.0054863 secs] [Times: user=0.01 sys=0.00, real=0.01 secs] 
2020-10-28T13:45:43.444+0000: [GC (Allocation Failure) 2020-10-28T13:45:43.444+0000: [ParNew: 34438K->6K(38720K), 0.0053968 secs] 1043183K->1008751K(1499884K), 0.0054625 secs] [Times: user=0.01 sys=0.00, real=0.01 secs] 
2020-10-28T13:45:43.488+0000: [GC (Allocation Failure) 2020-10-28T13:45:43.488+0000: [ParNew: 34438K->6K(38720K), 0.0054537 secs] 1043183K->1008751K(1499884K), 0.0055188 secs] [Times: user=0.01 sys=0.00, real=0.00 secs] 
2020-10-28T13:45:43.530+0000: [GC (Allocation Failure) 2020-10-28T13:45:43.530+0000: [ParNew: 34438K->6K(38720K), 0.0053427 secs] 1043183K->1008751K(1499884K), 0.0054072 secs] [Times: user=0.01 sys=0.00, real=0.00 secs] 
2020-10-28T13:45:43.576+0000: [GC (Allocation Failure) 2020-10-28T13:45:43.576+0000: [ParNew: 34438K->6K(38720K), 0.0052908 secs] 1043183K->1008751K(1499884K), 0.0053554 secs] [Times: user=0.01 sys=0.00, real=0.01 secs] 
2020-10-28T13:45:43.623+0000: [GC (Allocation Failure) 2020-10-28T13:45:43.623+0000: [ParNew: 34438K->6K(38720K), 0.0053459 secs] 1043183K->1008751K(1499884K), 0.0054085 secs] [Times: user=0.01 sys=0.00, real=0.01 secs] 
2020-10-28T13:45:43.672+0000: [GC (Allocation Failure) 2020-10-28T13:45:43.672+0000: [ParNew: 34438K->6K(38720K), 0.0053022 secs] 1043183K->1008751K(1499884K), 0.0053646 secs] [Times: user=0.01 sys=0.00, real=0.00 secs] 
2020-10-28T13:45:43.714+0000: [GC (Allocation Failure) 2020-10-28T13:45:43.714+0000: [ParNew: 34438K->6K(38720K), 0.0053977 secs] 1043183K->1008751K(1499884K), 0.0054603 secs] [Times: user=0.01 sys=0.00, real=0.00 secs] 
2020-10-28T13:45:43.759+0000: [GC (Allocation Failure) 2020-10-28T13:45:43.759+0000: [ParNew: 34438K->6K(38720K), 0.0052790 secs] 1043183K->1008751K(1499884K), 0.0053419 secs] [Times: user=0.02 sys=0.00, real=0.00 secs] 
2020-10-28T13:45:43.802+0000: [GC (Allocation Failure) 2020-10-28T13:45:43.802+0000: [ParNew: 34438K->6K(38720K), 0.0052987 secs] 1043183K->1008751K(1499884K), 0.0053600 secs] [Times: user=0.01 sys=0.00, real=0.00 secs] 
2020-10-28T13:45:43.844+0000: [GC (Allocation Failure) 2020-10-28T13:45:43.844+0000: [ParNew: 34438K->6K(38720K), 0.0053060 secs] 1043183K->1008751K(1499884K), 0.0053791 secs] [Times: user=0.01 sys=0.00, real=0.01 secs] 
2020-10-28T13:45:43.890+0000: [GC (Allocation Failure) 2020-10-28T13:45:43.890+0000: [ParNew: 34438K->6K(38720K), 0.0053066 secs] 1043183K->1008751K(1499884K), 0.0053769 secs] [Times: user=0.01 sys=0.00, real=0.00 secs] 
2020-10-28T13:45:43.932+0000: [GC (Allocation Failure) 2020-10-28T13:45:43.932+0000: [ParNew: 34438K->6K(38720K), 0.0067472 secs] 1043183K->1008751K(1499884K), 0.0068381 secs] [Times: user=0.01 sys=0.00, real=0.00 secs] 
2020-10-28T13:45:43.975+0000: [GC (Allocation Failure) 2020-10-28T13:45:43.976+0000: [ParNew: 34438K->6K(38720K), 0.0053256 secs] 1043183K->1008751K(1499884K), 0.0053893 secs] [Times: user=0.01 sys=0.00, real=0.01 secs] 
2020-10-28T13:45:44.018+0000: [GC (Allocation Failure) 2020-10-28T13:45:44.018+0000: [ParNew: 34438K->6K(38720K), 0.0052593 secs] 1043183K->1008751K(1499884K), 0.0053229 secs] [Times: user=0.01 sys=0.00, real=0.01 secs] 
2020-10-28T13:45:44.064+0000: [GC (Allocation Failure) 2020-10-28T13:45:44.064+0000: [ParNew: 34438K->6K(38720K), 0.0052628 secs] 1043183K->1008751K(1499884K), 0.0053253 secs] [Times: user=0.01 sys=0.00, real=0.01 secs] 
2020-10-28T13:45:44.108+0000: [GC (Allocation Failure) 2020-10-28T13:45:44.108+0000: [ParNew: 34438K->6K(38720K), 0.0052391 secs] 1043183K->1008751K(1499884K), 0.0053001 secs] [Times: user=0.01 sys=0.00, real=0.00 secs] 
2020-10-28T13:45:44.154+0000: [GC (Allocation Failure) 2020-10-28T13:45:44.154+0000: [ParNew: 34438K->6K(38720K), 0.0052711 secs] 1043183K->1008751K(1499884K), 0.0053340 secs] [Times: user=0.01 sys=0.00, real=0.00 secs] 
2020-10-28T13:45:44.196+0000: [GC (Allocation Failure) 2020-10-28T13:45:44.196+0000: [ParNew: 34438K->6K(38720K), 0.0052580 secs] 1043183K->1008751K(1499884K), 0.0053188 secs] [Times: user=0.01 sys=0.00, real=0.01 secs] 
2020-10-28T13:45:44.240+0000: [GC (Allocation Failure) 2020-10-28T13:45:44.240+0000: [ParNew: 34438K->6K(38720K), 0.0054468 secs] 1043183K->1008751K(1499884K), 0.0055087 secs] [Times: user=0.01 sys=0.00, real=0.00 secs] 
2020-10-28T13:45:44.284+0000: [GC (Allocation Failure) 2020-10-28T13:45:44.284+0000: [ParNew: 34438K->6K(38720K), 0.0052417 secs] 1043183K->1008751K(1499884K), 0.0053040 secs] [Times: user=0.01 sys=0.00, real=0.01 secs] 
2020-10-28T13:45:44.332+0000: [GC (Allocation Failure) 2020-10-28T13:45:44.332+0000: [ParNew: 34438K->6K(38720K), 0.0052787 secs] 1043183K->1008751K(1499884K), 0.0053402 secs] [Times: user=0.01 sys=0.00, real=0.00 secs] 
2020-10-28T13:45:44.380+0000: [GC (Allocation Failure) 2020-10-28T13:45:44.380+0000: [ParNew: 34438K->6K(38720K), 0.0052473 secs] 1043183K->1008751K(1499884K), 0.0053085 secs] [Times: user=0.01 sys=0.00, real=0.00 secs] 
2020-10-28T13:45:44.424+0000: [GC (Allocation Failure) 2020-10-28T13:45:44.424+0000: [ParNew: 34438K->6K(38720K), 0.0052962 secs] 1043183K->1008751K(1499884K), 0.0053592 secs] [Times: user=0.01 sys=0.00, real=0.01 secs] 
2020-10-28T13:45:44.466+0000: [GC (Allocation Failure) 2020-10-28T13:45:44.466+0000: [ParNew: 34438K->6K(38720K), 0.0053276 secs] 1043183K->1008751K(1499884K), 0.0053907 secs] [Times: user=0.01 sys=0.00, real=0.01 secs] 
2020-10-28T13:45:44.512+0000: [GC (Allocation Failure) 2020-10-28T13:45:44.512+0000: [ParNew: 34438K->6K(38720K), 0.0053171 secs] 1043183K->1008751K(1499884K), 0.0053803 secs] [Times: user=0.01 sys=0.00, real=0.00 secs] 
2020-10-28T13:45:44.558+0000: [GC (Allocation Failure) 2020-10-28T13:45:44.558+0000: [ParNew: 34438K->6K(38720K), 0.0053917 secs] 1043183K->1008751K(1499884K), 0.0054573 secs] [Times: user=0.01 sys=0.00, real=0.01 secs] 
2020-10-28T13:45:44.600+0000: [GC (Allocation Failure) 2020-10-28T13:45:44.600+0000: [ParNew: 34438K->6K(38720K), 0.0053708 secs] 1043183K->1008751K(1499884K), 0.0054347 secs] [Times: user=0.01 sys=0.00, real=0.00 secs] 
2020-10-28T13:45:44.646+0000: [GC (Allocation Failure) 2020-10-28T13:45:44.646+0000: [ParNew: 34438K->6K(38720K), 0.0058781 secs] 1043183K->1008751K(1499884K), 0.0059395 secs] [Times: user=0.02 sys=0.00, real=0.01 secs] 
2020-10-28T13:45:44.708+0000: [GC (Allocation Failure) 2020-10-28T13:45:44.708+0000: [ParNew: 34438K->6K(38720K), 0.0147688 secs] 1043183K->1008751K(1499884K), 0.0148603 secs] [Times: user=0.01 sys=0.00, real=0.01 secs] 
2020-10-28T13:45:44.776+0000: [GC (Allocation Failure) 2020-10-28T13:45:44.776+0000: [ParNew: 34438K->6K(38720K), 0.0118163 secs] 1043183K->1008751K(1499884K), 0.0119128 secs] [Times: user=0.01 sys=0.00, real=0.02 secs] 
2020-10-28T13:45:44.828+0000: [GC (Allocation Failure) 2020-10-28T13:45:44.828+0000: [ParNew: 34438K->6K(38720K), 0.0052531 secs] 1043183K->1008751K(1499884K), 0.0053153 secs] [Times: user=0.01 sys=0.00, real=0.00 secs] 
2020-10-28T13:45:44.870+0000: [GC (Allocation Failure) 2020-10-28T13:45:44.870+0000: [ParNew: 34438K->6K(38720K), 0.0053517 secs] 1043183K->1008751K(1499884K), 0.0054290 secs] [Times: user=0.01 sys=0.00, real=0.00 secs] 
2020-10-28T13:45:44.920+0000: [GC (Allocation Failure) 2020-10-28T13:45:44.920+0000: [ParNew: 34438K->6K(38720K), 0.0054086 secs] 1043183K->1008751K(1499884K), 0.0054739 secs] [Times: user=0.01 sys=0.00, real=0.00 secs] 
2020-10-28T13:45:44.964+0000: [GC (Allocation Failure) 2020-10-28T13:45:44.964+0000: [ParNew: 34438K->6K(38720K), 0.0052807 secs] 1043183K->1008751K(1499884K), 0.0053451 secs] [Times: user=0.01 sys=0.00, real=0.01 secs] 
2020-10-28T13:45:45.006+0000: [GC (Allocation Failure) 2020-10-28T13:45:45.006+0000: [ParNew: 34438K->6K(38720K), 0.0052944 secs] 1043183K->1008751K(1499884K), 0.0053584 secs] [Times: user=0.01 sys=0.00, real=0.01 secs] 
2020-10-28T13:45:45.049+0000: [GC (Allocation Failure) 2020-10-28T13:45:45.049+0000: [ParNew: 34438K->6K(38720K), 0.0053218 secs] 1043183K->1008751K(1499884K), 0.0054066 secs] [Times: user=0.01 sys=0.00, real=0.00 secs] 
2020-10-28T13:45:45.099+0000: [GC (Allocation Failure) 2020-10-28T13:45:45.099+0000: [ParNew: 34438K->6K(38720K), 0.0053265 secs] 1043183K->1008751K(1499884K), 0.0053951 secs] [Times: user=0.01 sys=0.00, real=0.01 secs] 
2020-10-28T13:45:45.145+0000: [GC (Allocation Failure) 2020-10-28T13:45:45.145+0000: [ParNew: 34438K->6K(38720K), 0.0053371 secs] 1043183K->1008751K(1499884K), 0.0053996 secs] [Times: user=0.01 sys=0.00, real=0.01 secs] 
2020-10-28T13:45:45.192+0000: [GC (Allocation Failure) 2020-10-28T13:45:45.192+0000: [ParNew: 34438K->6K(38720K), 0.0053217 secs] 1043183K->1008751K(1499884K), 0.0053854 secs] [Times: user=0.01 sys=0.00, real=0.00 secs] 
2020-10-28T13:45:45.239+0000: [GC (Allocation Failure) 2020-10-28T13:45:45.239+0000: [ParNew: 34438K->6K(38720K), 0.0055689 secs] 1043183K->1008751K(1499884K), 0.0056334 secs] [Times: user=0.01 sys=0.00, real=0.01 secs] 
2020-10-28T13:45:45.288+0000: [GC (Allocation Failure) 2020-10-28T13:45:45.288+0000: [ParNew: 34438K->6K(38720K), 0.0052880 secs] 1043183K->1008751K(1499884K), 0.0053427 secs] [Times: user=0.01 sys=0.00, real=0.00 secs] 
2020-10-28T13:45:45.330+0000: [GC (Allocation Failure) 2020-10-28T13:45:45.330+0000: [ParNew: 34438K->6K(38720K), 0.0053096 secs] 1043183K->1008751K(1499884K), 0.0053741 secs] [Times: user=0.01 sys=0.00, real=0.00 secs] 
2020-10-28T13:45:45.377+0000: [GC (Allocation Failure) 2020-10-28T13:45:45.377+0000: [ParNew: 34438K->6K(38720K), 0.0053056 secs] 1043183K->1008751K(1499884K), 0.0053684 secs] [Times: user=0.01 sys=0.00, real=0.01 secs] 
2020-10-28T13:45:45.419+0000: [GC (Allocation Failure) 2020-10-28T13:45:45.419+0000: [ParNew: 34438K->6K(38720K), 0.0052883 secs] 1043183K->1008751K(1499884K), 0.0053791 secs] [Times: user=0.01 sys=0.00, real=0.01 secs] 
2020-10-28T13:45:45.464+0000: [GC (Allocation Failure) 2020-10-28T13:45:45.464+0000: [ParNew: 34438K->6K(38720K), 0.0054200 secs] 1043183K->1008751K(1499884K), 0.0054842 secs] [Times: user=0.01 sys=0.00, real=0.01 secs] 
2020-10-28T13:45:45.508+0000: [GC (Allocation Failure) 2020-10-28T13:45:45.508+0000: [ParNew: 34438K->6K(38720K), 0.0053360 secs] 1043183K->1008751K(1499884K), 0.0054012 secs] [Times: user=0.01 sys=0.00, real=0.00 secs] 
2020-10-28T13:45:45.554+0000: [GC (Allocation Failure) 2020-10-28T13:45:45.554+0000: [ParNew: 34438K->6K(38720K), 0.0053626 secs] 1043183K->1008751K(1499884K), 0.0054278 secs] [Times: user=0.01 sys=0.00, real=0.01 secs] 
2020-10-28T13:45:45.600+0000: [GC (Allocation Failure) 2020-10-28T13:45:45.600+0000: [ParNew: 34438K->6K(38720K), 0.0054117 secs] 1043183K->1008751K(1499884K), 0.0054887 secs] [Times: user=0.01 sys=0.00, real=0.00 secs] 
2020-10-28T13:45:45.646+0000: [GC (Allocation Failure) 2020-10-28T13:45:45.646+0000: [ParNew: 34438K->6K(38720K), 0.0053040 secs] 1043183K->1008751K(1499884K), 0.0053658 secs] [Times: user=0.01 sys=0.00, real=0.01 secs] 
2020-10-28T13:45:45.692+0000: [GC (Allocation Failure) 2020-10-28T13:45:45.692+0000: [ParNew: 34438K->6K(38720K), 0.0053691 secs] 1043183K->1008751K(1499884K), 0.0054312 secs] [Times: user=0.01 sys=0.00, real=0.00 secs] 
2020-10-28T13:45:45.733+0000: [GC (Allocation Failure) 2020-10-28T13:45:45.734+0000: [ParNew: 34438K->6K(38720K), 0.0053485 secs] 1043183K->1008751K(1499884K), 0.0054120 secs] [Times: user=0.01 sys=0.00, real=0.00 secs] 
2020-10-28T13:45:45.784+0000: [GC (Allocation Failure) 2020-10-28T13:45:45.784+0000: [ParNew: 34438K->6K(38720K), 0.0052751 secs] 1043183K->1008751K(1499884K), 0.0053373 secs] [Times: user=0.01 sys=0.00, real=0.01 secs] 
2020-10-28T13:45:45.831+0000: [GC (Allocation Failure) 2020-10-28T13:45:45.831+0000: [ParNew: 34438K->6K(38720K), 0.0052918 secs] 1043183K->1008751K(1499884K), 0.0053524 secs] [Times: user=0.01 sys=0.00, real=0.00 secs] 
2020-10-28T13:45:45.873+0000: [GC (Allocation Failure) 2020-10-28T13:45:45.873+0000: [ParNew: 34438K->6K(38720K), 0.0052889 secs] 1043183K->1008751K(1499884K), 0.0053521 secs] [Times: user=0.01 sys=0.00, real=0.00 secs] 
2020-10-28T13:45:45.919+0000: [GC (Allocation Failure) 2020-10-28T13:45:45.919+0000: [ParNew: 34438K->6K(38720K), 0.0052522 secs] 1043183K->1008751K(1499884K), 0.0053126 secs] [Times: user=0.01 sys=0.00, real=0.01 secs] 
2020-10-28T13:45:45.968+0000: [GC (Allocation Failure) 2020-10-28T13:45:45.968+0000: [ParNew: 34438K->6K(38720K), 0.0052571 secs] 1043183K->1008752K(1499884K), 0.0053197 secs] [Times: user=0.01 sys=0.00, real=0.00 secs] 
2020-10-28T13:45:46.010+0000: [GC (Allocation Failure) 2020-10-28T13:45:46.010+0000: [ParNew: 34438K->6K(38720K), 0.0053635 secs] 1043184K->1008752K(1499884K), 0.0054240 secs] [Times: user=0.01 sys=0.00, real=0.00 secs] 
2020-10-28T13:45:46.057+0000: [GC (Allocation Failure) 2020-10-28T13:45:46.057+0000: [ParNew: 34438K->6K(38720K), 0.0052717 secs] 1043184K->1008752K(1499884K), 0.0053330 secs] [Times: user=0.01 sys=0.00, real=0.01 secs] 
2020-10-28T13:45:46.099+0000: [GC (Allocation Failure) 2020-10-28T13:45:46.099+0000: [ParNew: 34438K->6K(38720K), 0.0052862 secs] 1043184K->1008752K(1499884K), 0.0053636 secs] [Times: user=0.01 sys=0.00, real=0.01 secs] 
2020-10-28T13:45:46.148+0000: [GC (Allocation Failure) 2020-10-28T13:45:46.148+0000: [ParNew: 34438K->6K(38720K), 0.0052577 secs] 1043184K->1008752K(1499884K), 0.0053202 secs] [Times: user=0.01 sys=0.00, real=0.00 secs] 
2020-10-28T13:45:46.192+0000: [GC (Allocation Failure) 2020-10-28T13:45:46.192+0000: [ParNew: 34438K->6K(38720K), 0.0052862 secs] 1043184K->1008752K(1499884K), 0.0053493 secs] [Times: user=0.01 sys=0.00, real=0.00 secs] 
2020-10-28T13:45:46.234+0000: [GC (Allocation Failure) 2020-10-28T13:45:46.234+0000: [ParNew: 34438K->6K(38720K), 0.0053027 secs] 1043184K->1008752K(1499884K), 0.0053638 secs] [Times: user=0.01 sys=0.00, real=0.01 secs] 
2020-10-28T13:45:46.277+0000: [GC (Allocation Failure) 2020-10-28T13:45:46.277+0000: [ParNew: 34438K->6K(38720K), 0.0052454 secs] 1043184K->1008752K(1499884K), 0.0053074 secs] [Times: user=0.01 sys=0.00, real=0.01 secs] 
2020-10-28T13:45:46.324+0000: [GC (Allocation Failure) 2020-10-28T13:45:46.324+0000: [ParNew: 34438K->6K(38720K), 0.0053486 secs] 1043184K->1008752K(1499884K), 0.0054146 secs] [Times: user=0.01 sys=0.00, real=0.01 secs] 
2020-10-28T13:45:46.366+0000: [GC (Allocation Failure) 2020-10-28T13:45:46.366+0000: [ParNew: 34438K->6K(38720K), 0.0054064 secs] 1043184K->1008752K(1499884K), 0.0054694 secs] [Times: user=0.01 sys=0.00, real=0.01 secs] 
2020-10-28T13:45:46.416+0000: [GC (Allocation Failure) 2020-10-28T13:45:46.416+0000: [ParNew: 34438K->6K(38720K), 0.0077499 secs] 1043184K->1008752K(1499884K), 0.0078329 secs] [Times: user=0.01 sys=0.00, real=0.01 secs] 
2020-10-28T13:45:46.460+0000: [GC (Allocation Failure) 2020-10-28T13:45:46.460+0000: [ParNew: 34438K->6K(38720K), 0.0053503 secs] 1043184K->1008752K(1499884K), 0.0054247 secs] [Times: user=0.01 sys=0.00, real=0.00 secs] 
2020-10-28T13:45:46.503+0000: [GC (Allocation Failure) 2020-10-28T13:45:46.503+0000: [ParNew: 34438K->6K(38720K), 0.0054714 secs] 1043184K->1008752K(1499884K), 0.0055363 secs] [Times: user=0.01 sys=0.00, real=0.01 secs] 
2020-10-28T13:45:46.551+0000: [GC (Allocation Failure) 2020-10-28T13:45:46.551+0000: [ParNew: 34438K->6K(38720K), 0.0054004 secs] 1043184K->1008752K(1499884K), 0.0054674 secs] [Times: user=0.01 sys=0.00, real=0.00 secs] 
2020-10-28T13:45:46.596+0000: [GC (Allocation Failure) 2020-10-28T13:45:46.596+0000: [ParNew: 34438K->6K(38720K), 0.0053372 secs] 1043184K->1008752K(1499884K), 0.0054009 secs] [Times: user=0.01 sys=0.00, real=0.01 secs] 
2020-10-28T13:45:46.638+0000: [GC (Allocation Failure) 2020-10-28T13:45:46.638+0000: [ParNew: 34438K->6K(38720K), 0.0053515 secs] 1043184K->1008752K(1499884K), 0.0054157 secs] [Times: user=0.00 sys=0.00, real=0.01 secs] 
2020-10-28T13:45:46.684+0000: [GC (Allocation Failure) 2020-10-28T13:45:46.684+0000: [ParNew: 34438K->6K(38720K), 0.0053046 secs] 1043184K->1008752K(1499884K), 0.0053662 secs] [Times: user=0.01 sys=0.00, real=0.01 secs] 
2020-10-28T13:45:46.726+0000: [GC (Allocation Failure) 2020-10-28T13:45:46.726+0000: [ParNew: 34438K->6K(38720K), 0.0054719 secs] 1043184K->1008752K(1499884K), 0.0055341 secs] [Times: user=0.01 sys=0.00, real=0.01 secs] 
2020-10-28T13:45:46.773+0000: [GC (Allocation Failure) 2020-10-28T13:45:46.773+0000: [ParNew: 34438K->6K(38720K), 0.0053021 secs] 1043184K->1008752K(1499884K), 0.0053648 secs] [Times: user=0.01 sys=0.00, real=0.00 secs] 
2020-10-28T13:45:46.820+0000: [GC (Allocation Failure) 2020-10-28T13:45:46.820+0000: [ParNew: 34438K->6K(38720K), 0.0053805 secs] 1043184K->1008752K(1499884K), 0.0054442 secs] [Times: user=0.01 sys=0.00, real=0.00 secs] 
2020-10-28T13:45:46.862+0000: [GC (Allocation Failure) 2020-10-28T13:45:46.862+0000: [ParNew: 34438K->6K(38720K), 0.0053636 secs] 1043184K->1008752K(1499884K), 0.0054346 secs] [Times: user=0.01 sys=0.00, real=0.01 secs] 
2020-10-28T13:45:46.912+0000: [GC (Allocation Failure) 2020-10-28T13:45:46.912+0000: [ParNew: 34438K->6K(38720K), 0.0052690 secs] 1043184K->1008752K(1499884K), 0.0053317 secs] [Times: user=0.01 sys=0.00, real=0.00 secs] 
2020-10-28T13:45:46.959+0000: [GC (Allocation Failure) 2020-10-28T13:45:46.959+0000: [ParNew: 34438K->6K(38720K), 0.0053072 secs] 1043184K->1008752K(1499884K), 0.0053720 secs] [Times: user=0.01 sys=0.00, real=0.01 secs] 
2020-10-28T13:45:47.001+0000: [GC (Allocation Failure) 2020-10-28T13:45:47.001+0000: [ParNew: 34438K->6K(38720K), 0.0053339 secs] 1043184K->1008752K(1499884K), 0.0053978 secs] [Times: user=0.01 sys=0.00, real=0.00 secs] 
2020-10-28T13:45:47.048+0000: [GC (Allocation Failure) 2020-10-28T13:45:47.048+0000: [ParNew: 34438K->8K(38720K), 0.0063080 secs] 1043184K->1008754K(1499884K), 0.0063727 secs] [Times: user=0.01 sys=0.00, real=0.00 secs] 
2020-10-28T13:45:47.096+0000: [GC (Allocation Failure) 2020-10-28T13:45:47.096+0000: [ParNew: 34440K->6K(38720K), 0.0053637 secs] 1043186K->1008752K(1499884K), 0.0054296 secs] [Times: user=0.01 sys=0.00, real=0.01 secs] 
2020-10-28T13:45:47.138+0000: [GC (Allocation Failure) 2020-10-28T13:45:47.138+0000: [ParNew: 34438K->6K(38720K), 0.0053550 secs] 1043184K->1008753K(1499884K), 0.0054179 secs] [Times: user=0.01 sys=0.00, real=0.01 secs] 
2020-10-28T13:45:47.188+0000: [GC (Allocation Failure) 2020-10-28T13:45:47.188+0000: [ParNew: 34438K->6K(38720K), 0.0053381 secs] 1043185K->1008753K(1499884K), 0.0054028 secs] [Times: user=0.01 sys=0.00, real=0.00 secs] 
2020-10-28T13:45:47.236+0000: [GC (Allocation Failure) 2020-10-28T13:45:47.236+0000: [ParNew: 34438K->6K(38720K), 0.0053247 secs] 1043185K->1008752K(1499884K), 0.0053887 secs] [Times: user=0.01 sys=0.00, real=0.01 secs] 
2020-10-28T13:45:47.282+0000: [GC (Allocation Failure) 2020-10-28T13:45:47.282+0000: [ParNew: 34438K->6K(38720K), 0.0060851 secs] 1043184K->1008753K(1499884K), 0.0061468 secs] [Times: user=0.01 sys=0.00, real=0.01 secs] 
2020-10-28T13:45:47.329+0000: [GC (Allocation Failure) 2020-10-28T13:45:47.329+0000: [ParNew: 34433K->6K(38720K), 0.0054134 secs] 1043179K->1008753K(1499884K), 0.0054765 secs] [Times: user=0.02 sys=0.00, real=0.00 secs] 
2020-10-28T13:45:47.374+0000: [GC (Allocation Failure) 2020-10-28T13:45:47.374+0000: [ParNew: 34438K->6K(38720K), 0.0053606 secs] 1043185K->1008753K(1499884K), 0.0054256 secs] [Times: user=0.01 sys=0.00, real=0.01 secs] 
2020-10-28T13:45:47.420+0000: [GC (Allocation Failure) 2020-10-28T13:45:47.420+0000: [ParNew: 34438K->6K(38720K), 0.0053797 secs] 1043185K->1008753K(1499884K), 0.0054437 secs] [Times: user=0.01 sys=0.00, real=0.00 secs] 
2020-10-28T13:45:47.464+0000: [GC (Allocation Failure) 2020-10-28T13:45:47.464+0000: [ParNew: 34438K->6K(38720K), 0.0054154 secs] 1043185K->1008753K(1499884K), 0.0054797 secs] [Times: user=0.01 sys=0.00, real=0.01 secs] 
2020-10-28T13:45:47.508+0000: [GC (Allocation Failure) 2020-10-28T13:45:47.508+0000: [ParNew: 34438K->6K(38720K), 0.0054603 secs] 1043185K->1008753K(1499884K), 0.0055247 secs] [Times: user=0.01 sys=0.00, real=0.00 secs] 
2020-10-28T13:45:47.554+0000: [GC (Allocation Failure) 2020-10-28T13:45:47.554+0000: [ParNew: 34438K->6K(38720K), 0.0053358 secs] 1043185K->1008753K(1499884K), 0.0053988 secs] [Times: user=0.01 sys=0.00, real=0.01 secs] 
2020-10-28T13:45:47.600+0000: [GC (Allocation Failure) 2020-10-28T13:45:47.600+0000: [ParNew: 34438K->6K(38720K), 0.0054656 secs] 1043185K->1008753K(1499884K), 0.0055299 secs] [Times: user=0.01 sys=0.00, real=0.00 secs] 
2020-10-28T13:45:47.643+0000: [GC (Allocation Failure) 2020-10-28T13:45:47.643+0000: [ParNew: 34438K->6K(38720K), 0.0053849 secs] 1043185K->1008753K(1499884K), 0.0054479 secs] [Times: user=0.01 sys=0.00, real=0.01 secs] 
2020-10-28T13:45:47.688+0000: [GC (Allocation Failure) 2020-10-28T13:45:47.688+0000: [ParNew: 34438K->6K(38720K), 0.0053170 secs] 1043185K->1008753K(1499884K), 0.0053796 secs] [Times: user=0.01 sys=0.00, real=0.00 secs] 
2020-10-28T13:45:47.740+0000: [GC (Allocation Failure) 2020-10-28T13:45:47.740+0000: [ParNew: 34438K->6K(38720K), 0.0053363 secs] 1043185K->1008753K(1499884K), 0.0053992 secs] [Times: user=0.01 sys=0.00, real=0.00 secs] 
2020-10-28T13:45:47.784+0000: [GC (Allocation Failure) 2020-10-28T13:45:47.784+0000: [ParNew: 34438K->6K(38720K), 0.0053084 secs] 1043185K->1008753K(1499884K), 0.0053711 secs] [Times: user=0.02 sys=0.00, real=0.01 secs] 
2020-10-28T13:45:47.829+0000: [GC (Allocation Failure) 2020-10-28T13:45:47.830+0000: [ParNew: 34438K->6K(38720K), 0.0052535 secs] 1043185K->1008753K(1499884K), 0.0053140 secs] [Times: user=0.01 sys=0.00, real=0.00 secs] 
2020-10-28T13:45:47.872+0000: [GC (Allocation Failure) 2020-10-28T13:45:47.872+0000: [ParNew: 34438K->6K(38720K), 0.0053618 secs] 1043185K->1008753K(1499884K), 0.0054238 secs] [Times: user=0.01 sys=0.00, real=0.00 secs] 
2020-10-28T13:45:47.916+0000: [GC (Allocation Failure) 2020-10-28T13:45:47.916+0000: [ParNew: 34438K->6K(38720K), 0.0052971 secs] 1043185K->1008753K(1499884K), 0.0053604 secs] [Times: user=0.01 sys=0.00, real=0.01 secs] 
2020-10-28T13:45:47.968+0000: [GC (Allocation Failure) 2020-10-28T13:45:47.968+0000: [ParNew: 34438K->6K(38720K), 0.0052581 secs] 1043185K->1008753K(1499884K), 0.0053225 secs] [Times: user=0.01 sys=0.00, real=0.00 secs] 
2020-10-28T13:45:48.012+0000: [GC (Allocation Failure) 2020-10-28T13:45:48.012+0000: [ParNew: 34438K->6K(38720K), 0.0052798 secs] 1043185K->1008753K(1499884K), 0.0053440 secs] [Times: user=0.01 sys=0.00, real=0.00 secs] 
2020-10-28T13:45:48.056+0000: [GC (Allocation Failure) 2020-10-28T13:45:48.056+0000: [ParNew: 34438K->6K(38720K), 0.0053112 secs] 1043185K->1008753K(1499884K), 0.0053747 secs] [Times: user=0.01 sys=0.00, real=0.01 secs] 
2020-10-28T13:45:48.104+0000: [GC (Allocation Failure) 2020-10-28T13:45:48.104+0000: [ParNew: 34438K->6K(38720K), 0.0053108 secs] 1043185K->1008753K(1499884K), 0.0053762 secs] [Times: user=0.01 sys=0.00, real=0.01 secs] 
2020-10-28T13:45:48.148+0000: [GC (Allocation Failure) 2020-10-28T13:45:48.148+0000: [ParNew: 34438K->6K(38720K), 0.0053340 secs] 1043185K->1008753K(1499884K), 0.0053981 secs] [Times: user=0.01 sys=0.00, real=0.00 secs] 
2020-10-28T13:45:48.208+0000: [GC (Allocation Failure) 2020-10-28T13:45:48.208+0000: [ParNew: 34438K->6K(38720K), 0.0053889 secs] 1043185K->1008753K(1499884K), 0.0054553 secs] [Times: user=0.01 sys=0.00, real=0.00 secs] 
2020-10-28T13:45:48.267+0000: [GC (Allocation Failure) 2020-10-28T13:45:48.267+0000: [ParNew: 34438K->6K(38720K), 0.0077657 secs] 1043185K->1008753K(1499884K), 0.0078499 secs] [Times: user=0.01 sys=0.00, real=0.00 secs] 
2020-10-28T13:45:48.314+0000: [GC (Allocation Failure) 2020-10-28T13:45:48.314+0000: [ParNew: 34438K->6K(38720K), 0.0053316 secs] 1043185K->1008753K(1499884K), 0.0053967 secs] [Times: user=0.01 sys=0.00, real=0.00 secs] 
2020-10-28T13:45:48.356+0000: [GC (Allocation Failure) 2020-10-28T13:45:48.356+0000: [ParNew: 34438K->6K(38720K), 0.0053513 secs] 1043185K->1008753K(1499884K), 0.0054141 secs] [Times: user=0.01 sys=0.00, real=0.01 secs] 
2020-10-28T13:45:48.403+0000: [GC (Allocation Failure) 2020-10-28T13:45:48.403+0000: [ParNew: 34438K->6K(38720K), 0.0053892 secs] 1043185K->1008753K(1499884K), 0.0054555 secs] [Times: user=0.01 sys=0.00, real=0.01 secs] 
2020-10-28T13:45:48.453+0000: [GC (Allocation Failure) 2020-10-28T13:45:48.453+0000: [ParNew: 34438K->6K(38720K), 0.0052860 secs] 1043185K->1008753K(1499884K), 0.0053444 secs] [Times: user=0.01 sys=0.00, real=0.00 secs] 
2020-10-28T13:45:48.496+0000: [GC (Allocation Failure) 2020-10-28T13:45:48.496+0000: [ParNew: 34438K->6K(38720K), 0.0053470 secs] 1043185K->1008753K(1499884K), 0.0054108 secs] [Times: user=0.01 sys=0.00, real=0.01 secs] 
2020-10-28T13:45:48.544+0000: [GC (Allocation Failure) 2020-10-28T13:45:48.544+0000: [ParNew: 34438K->6K(38720K), 0.0052760 secs] 1043185K->1008753K(1499884K), 0.0053376 secs] [Times: user=0.01 sys=0.00, real=0.01 secs] 
2020-10-28T13:45:48.586+0000: [GC (Allocation Failure) 2020-10-28T13:45:48.586+0000: [ParNew: 34438K->6K(38720K), 0.0053613 secs] 1043185K->1008753K(1499884K), 0.0054256 secs] [Times: user=0.01 sys=0.00, real=0.01 secs] 
2020-10-28T13:45:48.631+0000: [GC (Allocation Failure) 2020-10-28T13:45:48.631+0000: [ParNew: 34438K->6K(38720K), 0.0052795 secs] 1043185K->1008753K(1499884K), 0.0053410 secs] [Times: user=0.01 sys=0.00, real=0.00 secs] 
2020-10-28T13:45:48.679+0000: [GC (Allocation Failure) 2020-10-28T13:45:48.679+0000: [ParNew: 34438K->6K(38720K), 0.0053740 secs] 1043185K->1008753K(1499884K), 0.0054376 secs] [Times: user=0.01 sys=0.00, real=0.01 secs] 
2020-10-28T13:45:48.721+0000: [GC (Allocation Failure) 2020-10-28T13:45:48.721+0000: [ParNew: 34438K->6K(38720K), 0.0052519 secs] 1043185K->1008753K(1499884K), 0.0053154 secs] [Times: user=0.01 sys=0.00, real=0.00 secs] 
2020-10-28T13:45:48.767+0000: [GC (Allocation Failure) 2020-10-28T13:45:48.767+0000: [ParNew: 34438K->6K(38720K), 0.0053300 secs] 1043185K->1008753K(1499884K), 0.0053931 secs] [Times: user=0.01 sys=0.00, real=0.01 secs] 
2020-10-28T13:45:48.814+0000: [GC (Allocation Failure) 2020-10-28T13:45:48.814+0000: [ParNew: 34438K->6K(38720K), 0.0053549 secs] 1043185K->1008753K(1499884K), 0.0054336 secs] [Times: user=0.01 sys=0.01, real=0.01 secs] 
2020-10-28T13:45:48.861+0000: [GC (Allocation Failure) 2020-10-28T13:45:48.861+0000: [ParNew: 34438K->6K(38720K), 0.0054926 secs] 1043185K->1008753K(1499884K), 0.0055604 secs] [Times: user=0.01 sys=0.00, real=0.00 secs] 
2020-10-28T13:45:48.903+0000: [GC (Allocation Failure) 2020-10-28T13:45:48.903+0000: [ParNew: 34438K->6K(38720K), 0.0053522 secs] 1043185K->1008753K(1499884K), 0.0054162 secs] [Times: user=0.01 sys=0.00, real=0.01 secs] 
2020-10-28T13:45:48.948+0000: [GC (Allocation Failure) 2020-10-28T13:45:48.948+0000: [ParNew: 34438K->6K(38720K), 0.0053528 secs] 1043185K->1008753K(1499884K), 0.0054173 secs] [Times: user=0.01 sys=0.00, real=0.00 secs] 
2020-10-28T13:45:48.994+0000: [GC (Allocation Failure) 2020-10-28T13:45:48.994+0000: [ParNew: 34438K->6K(38720K), 0.0053457 secs] 1043185K->1008753K(1499884K), 0.0054097 secs] [Times: user=0.01 sys=0.00, real=0.01 secs] 
2020-10-28T13:45:49.037+0000: [GC (Allocation Failure) 2020-10-28T13:45:49.037+0000: [ParNew: 34438K->6K(38720K), 0.0053860 secs] 1043185K->1008753K(1499884K), 0.0054506 secs] [Times: user=0.01 sys=0.00, real=0.01 secs] 
2020-10-28T13:45:49.080+0000: [GC (Allocation Failure) 2020-10-28T13:45:49.080+0000: [ParNew: 34438K->6K(38720K), 0.0053315 secs] 1043185K->1008753K(1499884K), 0.0054008 secs] [Times: user=0.01 sys=0.00, real=0.00 secs] 
2020-10-28T13:45:49.122+0000: [GC (Allocation Failure) 2020-10-28T13:45:49.122+0000: [ParNew: 34438K->6K(38720K), 0.0052711 secs] 1043185K->1008753K(1499884K), 0.0053329 secs] [Times: user=0.01 sys=0.00, real=0.00 secs] 
2020-10-28T13:45:49.171+0000: [GC (Allocation Failure) 2020-10-28T13:45:49.171+0000: [ParNew: 34438K->6K(38720K), 0.0052852 secs] 1043185K->1008753K(1499884K), 0.0053473 secs] [Times: user=0.01 sys=0.00, real=0.00 secs] 
2020-10-28T13:45:49.213+0000: [GC (Allocation Failure) 2020-10-28T13:45:49.213+0000: [ParNew: 34438K->6K(38720K), 0.0053254 secs] 1043185K->1008753K(1499884K), 0.0053903 secs] [Times: user=0.01 sys=0.00, real=0.00 secs] 
2020-10-28T13:45:49.260+0000: [GC (Allocation Failure) 2020-10-28T13:45:49.260+0000: [ParNew: 34438K->6K(38720K), 0.0052872 secs] 1043185K->1008753K(1499884K), 0.0053494 secs] [Times: user=0.01 sys=0.00, real=0.00 secs] 
2020-10-28T13:45:49.307+0000: [GC (Allocation Failure) 2020-10-28T13:45:49.308+0000: [ParNew: 34438K->6K(38720K), 0.0052644 secs] 1043185K->1008753K(1499884K), 0.0053195 secs] [Times: user=0.02 sys=0.00, real=0.00 secs] 
2020-10-28T13:45:49.350+0000: [GC (Allocation Failure) 2020-10-28T13:45:49.350+0000: [ParNew: 34438K->6K(38720K), 0.0052682 secs] 1043185K->1008753K(1499884K), 0.0053300 secs] [Times: user=0.01 sys=0.00, real=0.00 secs] 
2020-10-28T13:45:49.399+0000: [GC (Allocation Failure) 2020-10-28T13:45:49.399+0000: [ParNew: 34438K->4K(38720K), 0.0052601 secs] 1043185K->1008751K(1499884K), 0.0053227 secs] [Times: user=0.01 sys=0.00, real=0.01 secs] 
2020-10-28T13:45:49.444+0000: [GC (Allocation Failure) 2020-10-28T13:45:49.444+0000: [ParNew: 34436K->6K(38720K), 0.0052713 secs] 1043183K->1008753K(1499884K), 0.0053333 secs] [Times: user=0.01 sys=0.00, real=0.01 secs] 
2020-10-28T13:45:49.492+0000: [GC (Allocation Failure) 2020-10-28T13:45:49.492+0000: [ParNew: 34438K->6K(38720K), 0.0052816 secs] 1043185K->1008753K(1499884K), 0.0053451 secs] [Times: user=0.01 sys=0.00, real=0.00 secs] 
2020-10-28T13:45:49.536+0000: [GC (Allocation Failure) 2020-10-28T13:45:49.536+0000: [ParNew: 34438K->6K(38720K), 0.0053118 secs] 1043185K->1008753K(1499884K), 0.0053732 secs] [Times: user=0.01 sys=0.00, real=0.01 secs] 
2020-10-28T13:45:49.582+0000: [GC (Allocation Failure) 2020-10-28T13:45:49.583+0000: [ParNew: 34438K->6K(38720K), 0.0053454 secs] 1043185K->1008753K(1499884K), 0.0054073 secs] [Times: user=0.01 sys=0.00, real=0.01 secs] 
2020-10-28T13:45:49.628+0000: [GC (Allocation Failure) 2020-10-28T13:45:49.628+0000: [ParNew: 34438K->6K(38720K), 0.0052726 secs] 1043185K->1008753K(1499884K), 0.0053363 secs] [Times: user=0.01 sys=0.00, real=0.00 secs] 
2020-10-28T13:45:49.676+0000: [GC (Allocation Failure) 2020-10-28T13:45:49.676+0000: [ParNew: 34438K->6K(38720K), 0.0052872 secs] 1043185K->1008753K(1499884K), 0.0053491 secs] [Times: user=0.01 sys=0.00, real=0.01 secs] 
2020-10-28T13:45:49.723+0000: [GC (Allocation Failure) 2020-10-28T13:45:49.723+0000: [ParNew: 34438K->6K(38720K), 0.0052629 secs] 1043185K->1008753K(1499884K), 0.0053262 secs] [Times: user=0.01 sys=0.00, real=0.01 secs] 
2020-10-28T13:45:49.770+0000: [GC (Allocation Failure) 2020-10-28T13:45:49.770+0000: [ParNew: 34438K->6K(38720K), 0.0052952 secs] 1043185K->1008753K(1499884K), 0.0053572 secs] [Times: user=0.01 sys=0.00, real=0.00 secs] 
2020-10-28T13:45:49.818+0000: [GC (Allocation Failure) 2020-10-28T13:45:49.818+0000: [ParNew: 34438K->6K(38720K), 0.0052939 secs] 1043185K->1008753K(1499884K), 0.0053570 secs] [Times: user=0.01 sys=0.00, real=0.01 secs] 
2020-10-28T13:45:49.861+0000: [GC (Allocation Failure) 2020-10-28T13:45:49.861+0000: [ParNew: 34438K->6K(38720K), 0.0052832 secs] 1043185K->1008753K(1499884K), 0.0053519 secs] [Times: user=0.01 sys=0.00, real=0.00 secs] 
2020-10-28T13:45:49.904+0000: [GC (Allocation Failure) 2020-10-28T13:45:49.904+0000: [ParNew: 34438K->6K(38720K), 0.0052547 secs] 1043185K->1008753K(1499884K), 0.0053156 secs] [Times: user=0.02 sys=0.00, real=0.01 secs] 
2020-10-28T13:45:49.947+0000: [GC (Allocation Failure) 2020-10-28T13:45:49.947+0000: [ParNew: 34438K->6K(38720K), 0.0053096 secs] 1043185K->1008753K(1499884K), 0.0053732 secs] [Times: user=0.01 sys=0.00, real=0.01 secs] 
2020-10-28T13:45:50.000+0000: [GC (Allocation Failure) 2020-10-28T13:45:50.000+0000: [ParNew: 34438K->24K(38720K), 0.0053418 secs] 1043185K->1008772K(1499884K), 0.0054042 secs] [Times: user=0.01 sys=0.00, real=0.00 secs] 
2020-10-28T13:45:50.056+0000: [GC (Allocation Failure) 2020-10-28T13:45:50.056+0000: [ParNew: 34456K->5K(38720K), 0.0076988 secs] 1043204K->1008753K(1499884K), 0.0077634 secs] [Times: user=0.01 sys=0.00, real=0.01 secs] 
2020-10-28T13:45:50.120+0000: [GC (Allocation Failure) 2020-10-28T13:45:50.120+0000: [ParNew: 34437K->7K(38720K), 0.0052707 secs] 1043185K->1008755K(1499884K), 0.0053342 secs] [Times: user=0.01 sys=0.00, real=0.00 secs] 
2020-10-28T13:45:50.168+0000: [GC (Allocation Failure) 2020-10-28T13:45:50.168+0000: [ParNew: 34439K->6K(38720K), 0.0055209 secs] 1043187K->1008754K(1499884K), 0.0055835 secs] [Times: user=0.01 sys=0.00, real=0.00 secs] 
2020-10-28T13:45:50.216+0000: [GC (Allocation Failure) 2020-10-28T13:45:50.216+0000: [ParNew: 34438K->6K(38720K), 0.0052851 secs] 1043186K->1008754K(1499884K), 0.0053473 secs] [Times: user=0.01 sys=0.00, real=0.01 secs] 
2020-10-28T13:45:50.258+0000: [GC (Allocation Failure) 2020-10-28T13:45:50.258+0000: [ParNew: 34438K->6K(38720K), 0.0053182 secs] 1043186K->1008754K(1499884K), 0.0053816 secs] [Times: user=0.01 sys=0.00, real=0.01 secs] 
2020-10-28T13:45:50.304+0000: [GC (Allocation Failure) 2020-10-28T13:45:50.304+0000: [ParNew: 34438K->6K(38720K), 0.0052790 secs] 1043186K->1008754K(1499884K), 0.0053415 secs] [Times: user=0.01 sys=0.00, real=0.01 secs] 
2020-10-28T13:45:50.346+0000: [GC (Allocation Failure) 2020-10-28T13:45:50.346+0000: [ParNew: 34438K->6K(38720K), 0.0053382 secs] 1043186K->1008754K(1499884K), 0.0053985 secs] [Times: user=0.01 sys=0.00, real=0.01 secs] 
2020-10-28T13:45:50.391+0000: [GC (Allocation Failure) 2020-10-28T13:45:50.392+0000: [ParNew: 34438K->6K(38720K), 0.0052444 secs] 1043186K->1008754K(1499884K), 0.0053067 secs] [Times: user=0.01 sys=0.00, real=0.00 secs] 
2020-10-28T13:45:50.434+0000: [GC (Allocation Failure) 2020-10-28T13:45:50.434+0000: [ParNew: 34438K->6K(38720K), 0.0053159 secs] 1043186K->1008754K(1499884K), 0.0053782 secs] [Times: user=0.01 sys=0.00, real=0.00 secs] 
2020-10-28T13:45:50.481+0000: [GC (Allocation Failure) 2020-10-28T13:45:50.481+0000: [ParNew: 34438K->6K(38720K), 0.0052676 secs] 1043186K->1008754K(1499884K), 0.0053290 secs] [Times: user=0.01 sys=0.00, real=0.00 secs] 
2020-10-28T13:45:50.528+0000: [GC (Allocation Failure) 2020-10-28T13:45:50.528+0000: [ParNew: 34438K->6K(38720K), 0.0053189 secs] 1043186K->1008754K(1499884K), 0.0053825 secs] [Times: user=0.01 sys=0.00, real=0.00 secs] 
2020-10-28T13:45:50.572+0000: [GC (Allocation Failure) 2020-10-28T13:45:50.572+0000: [ParNew: 34438K->6K(38720K), 0.0053377 secs] 1043186K->1008754K(1499884K), 0.0053999 secs] [Times: user=0.01 sys=0.00, real=0.00 secs] 
2020-10-28T13:45:50.614+0000: [GC (Allocation Failure) 2020-10-28T13:45:50.614+0000: [ParNew: 34438K->6K(38720K), 0.0053140 secs] 1043186K->1008754K(1499884K), 0.0053766 secs] [Times: user=0.01 sys=0.00, real=0.01 secs] 
2020-10-28T13:45:50.660+0000: [GC (Allocation Failure) 2020-10-28T13:45:50.660+0000: [ParNew: 34438K->6K(38720K), 0.0053194 secs] 1043186K->1008754K(1499884K), 0.0053816 secs] [Times: user=0.01 sys=0.00, real=0.00 secs] 
2020-10-28T13:45:50.703+0000: [GC (Allocation Failure) 2020-10-28T13:45:50.703+0000: [ParNew: 34438K->6K(38720K), 0.0053331 secs] 1043186K->1008754K(1499884K), 0.0053984 secs] [Times: user=0.01 sys=0.00, real=0.01 secs] 
2020-10-28T13:45:50.756+0000: [GC (Allocation Failure) 2020-10-28T13:45:50.756+0000: [ParNew: 34438K->6K(38720K), 0.0054077 secs] 1043186K->1008754K(1499884K), 0.0054709 secs] [Times: user=0.01 sys=0.00, real=0.01 secs] 
2020-10-28T13:45:50.798+0000: [GC (Allocation Failure) 2020-10-28T13:45:50.798+0000: [ParNew: 34438K->6K(38720K), 0.0052460 secs] 1043186K->1008754K(1499884K), 0.0053076 secs] [Times: user=0.01 sys=0.00, real=0.01 secs] 
2020-10-28T13:45:50.844+0000: [GC (Allocation Failure) 2020-10-28T13:45:50.844+0000: [ParNew: 34438K->6K(38720K), 0.0052694 secs] 1043186K->1008754K(1499884K), 0.0053333 secs] [Times: user=0.01 sys=0.00, real=0.01 secs] 
2020-10-28T13:45:50.890+0000: [GC (Allocation Failure) 2020-10-28T13:45:50.890+0000: [ParNew: 34438K->6K(38720K), 0.0053238 secs] 1043186K->1008754K(1499884K), 0.0053857 secs] [Times: user=0.01 sys=0.00, real=0.00 secs] 
2020-10-28T13:45:50.936+0000: [GC (Allocation Failure) 2020-10-28T13:45:50.936+0000: [ParNew: 34438K->6K(38720K), 0.0053401 secs] 1043186K->1008754K(1499884K), 0.0054021 secs] [Times: user=0.01 sys=0.00, real=0.01 secs] 
2020-10-28T13:45:50.982+0000: [GC (Allocation Failure) 2020-10-28T13:45:50.982+0000: [ParNew: 34438K->6K(38720K), 0.0052905 secs] 1043186K->1008754K(1499884K), 0.0053527 secs] [Times: user=0.01 sys=0.00, real=0.01 secs] 
2020-10-28T13:45:51.029+0000: [GC (Allocation Failure) 2020-10-28T13:45:51.029+0000: [ParNew: 34438K->6K(38720K), 0.0053001 secs] 1043186K->1008754K(1499884K), 0.0053623 secs] [Times: user=0.01 sys=0.00, real=0.00 secs] 
2020-10-28T13:45:51.072+0000: [GC (Allocation Failure) 2020-10-28T13:45:51.072+0000: [ParNew: 34438K->6K(38720K), 0.0052896 secs] 1043186K->1008754K(1499884K), 0.0053718 secs] [Times: user=0.01 sys=0.00, real=0.00 secs] 
2020-10-28T13:45:51.116+0000: [GC (Allocation Failure) 2020-10-28T13:45:51.116+0000: [ParNew: 34438K->6K(38720K), 0.0052930 secs] 1043186K->1008754K(1499884K), 0.0053566 secs] [Times: user=0.02 sys=0.00, real=0.01 secs] 
2020-10-28T13:45:51.160+0000: [GC (Allocation Failure) 2020-10-28T13:45:51.160+0000: [ParNew: 34438K->6K(38720K), 0.0054439 secs] 1043186K->1008754K(1499884K), 0.0055059 secs] [Times: user=0.01 sys=0.00, real=0.00 secs] 
2020-10-28T13:45:51.202+0000: [GC (Allocation Failure) 2020-10-28T13:45:51.202+0000: [ParNew: 34438K->6K(38720K), 0.0053127 secs] 1043186K->1008754K(1499884K), 0.0053736 secs] [Times: user=0.01 sys=0.00, real=0.01 secs] 
2020-10-28T13:45:51.245+0000: [GC (Allocation Failure) 2020-10-28T13:45:51.245+0000: [ParNew: 34438K->6K(38720K), 0.0063470 secs] 1043186K->1008754K(1499884K), 0.0064216 secs] [Times: user=0.01 sys=0.00, real=0.01 secs] 
2020-10-28T13:45:51.295+0000: [GC (Allocation Failure) 2020-10-28T13:45:51.295+0000: [ParNew: 34438K->6K(38720K), 0.0053532 secs] 1043186K->1008754K(1499884K), 0.0054072 secs] [Times: user=0.01 sys=0.00, real=0.01 secs] 
2020-10-28T13:45:51.338+0000: [GC (Allocation Failure) 2020-10-28T13:45:51.338+0000: [ParNew: 34438K->6K(38720K), 0.0052901 secs] 1043186K->1008754K(1499884K), 0.0053659 secs] [Times: user=0.01 sys=0.00, real=0.01 secs] 
2020-10-28T13:45:51.383+0000: [GC (Allocation Failure) 2020-10-28T13:45:51.383+0000: [ParNew: 34438K->6K(38720K), 0.0053081 secs] 1043186K->1008754K(1499884K), 0.0053703 secs] [Times: user=0.01 sys=0.00, real=0.01 secs] 
2020-10-28T13:45:51.430+0000: [GC (Allocation Failure) 2020-10-28T13:45:51.430+0000: [ParNew: 34438K->6K(38720K), 0.0053587 secs] 1043186K->1008754K(1499884K), 0.0054227 secs] [Times: user=0.01 sys=0.00, real=0.00 secs] 
2020-10-28T13:45:51.472+0000: [GC (Allocation Failure) 2020-10-28T13:45:51.472+0000: [ParNew: 34438K->6K(38720K), 0.0052849 secs] 1043186K->1008754K(1499884K), 0.0053464 secs] [Times: user=0.01 sys=0.00, real=0.00 secs] 
2020-10-28T13:45:51.518+0000: [GC (Allocation Failure) 2020-10-28T13:45:51.519+0000: [ParNew: 34438K->6K(38720K), 0.0053083 secs] 1043186K->1008754K(1499884K), 0.0053712 secs] [Times: user=0.01 sys=0.00, real=0.01 secs] 
2020-10-28T13:45:51.566+0000: [GC (Allocation Failure) 2020-10-28T13:45:51.566+0000: [ParNew: 34438K->6K(38720K), 0.0053148 secs] 1043186K->1008754K(1499884K), 0.0053775 secs] [Times: user=0.01 sys=0.00, real=0.01 secs] 
2020-10-28T13:45:51.616+0000: [GC (Allocation Failure) 2020-10-28T13:45:51.616+0000: [ParNew: 34438K->6K(38720K), 0.0052858 secs] 1043186K->1008754K(1499884K), 0.0053476 secs] [Times: user=0.01 sys=0.00, real=0.01 secs] 
2020-10-28T13:45:51.660+0000: [GC (Allocation Failure) 2020-10-28T13:45:51.660+0000: [ParNew: 34438K->6K(38720K), 0.0053391 secs] 1043186K->1008754K(1499884K), 0.0054026 secs] [Times: user=0.02 sys=0.00, real=0.00 secs] 
2020-10-28T13:45:51.704+0000: [GC (Allocation Failure) 2020-10-28T13:45:51.704+0000: [ParNew: 34438K->6K(38720K), 0.0053596 secs] 1043186K->1008754K(1499884K), 0.0054235 secs] [Times: user=0.01 sys=0.00, real=0.01 secs] 
2020-10-28T13:45:51.748+0000: [GC (Allocation Failure) 2020-10-28T13:45:51.748+0000: [ParNew: 34438K->6K(38720K), 0.0053549 secs] 1043186K->1008754K(1499884K), 0.0054172 secs] [Times: user=0.01 sys=0.00, real=0.00 secs] 
2020-10-28T13:45:51.790+0000: [GC (Allocation Failure) 2020-10-28T13:45:51.790+0000: [ParNew: 34438K->6K(38720K), 0.0053633 secs] 1043186K->1008754K(1499884K), 0.0054254 secs] [Times: user=0.01 sys=0.00, real=0.00 secs] 
2020-10-28T13:45:51.839+0000: [GC (Allocation Failure) 2020-10-28T13:45:51.839+0000: [ParNew: 34438K->6K(38720K), 0.0052760 secs] 1043186K->1008754K(1499884K), 0.0053377 secs] [Times: user=0.01 sys=0.00, real=0.01 secs] 
2020-10-28T13:45:51.881+0000: [GC (Allocation Failure) 2020-10-28T13:45:51.881+0000: [ParNew: 34438K->6K(38720K), 0.0053848 secs] 1043186K->1008754K(1499884K), 0.0054468 secs] [Times: user=0.01 sys=0.00, real=0.00 secs] 
2020-10-28T13:45:51.928+0000: [GC (Allocation Failure) 2020-10-28T13:45:51.928+0000: [ParNew: 34438K->6K(38720K), 0.0053278 secs] 1043186K->1008754K(1499884K), 0.0053911 secs] [Times: user=0.01 sys=0.00, real=0.00 secs] 
2020-10-28T13:45:51.970+0000: [GC (Allocation Failure) 2020-10-28T13:45:51.970+0000: [ParNew: 34438K->6K(38720K), 0.0052671 secs] 1043186K->1008754K(1499884K), 0.0053284 secs] [Times: user=0.01 sys=0.00, real=0.00 secs] 
2020-10-28T13:45:52.019+0000: [GC (Allocation Failure) 2020-10-28T13:45:52.020+0000: [ParNew: 34438K->6K(38720K), 0.0052648 secs] 1043186K->1008754K(1499884K), 0.0053244 secs] [Times: user=0.01 sys=0.00, real=0.00 secs] 
2020-10-28T13:45:52.066+0000: [GC (Allocation Failure) 2020-10-28T13:45:52.066+0000: [ParNew: 34438K->6K(38720K), 0.0053125 secs] 1043186K->1008754K(1499884K), 0.0053743 secs] [Times: user=0.01 sys=0.00, real=0.01 secs] 
2020-10-28T13:45:52.109+0000: [GC (Allocation Failure) 2020-10-28T13:45:52.109+0000: [ParNew: 34438K->6K(38720K), 0.0053187 secs] 1043186K->1008754K(1499884K), 0.0053807 secs] [Times: user=0.01 sys=0.00, real=0.00 secs] 
2020-10-28T13:45:52.155+0000: [GC (Allocation Failure) 2020-10-28T13:45:52.155+0000: [ParNew: 34438K->6K(38720K), 0.0052984 secs] 1043186K->1008754K(1499884K), 0.0053595 secs] [Times: user=0.01 sys=0.00, real=0.01 secs] 
2020-10-28T13:45:52.197+0000: [GC (Allocation Failure) 2020-10-28T13:45:52.197+0000: [ParNew: 34438K->6K(38720K), 0.0052772 secs] 1043186K->1008754K(1499884K), 0.0053401 secs] [Times: user=0.01 sys=0.00, real=0.01 secs] 
2020-10-28T13:45:52.240+0000: [GC (Allocation Failure) 2020-10-28T13:45:52.240+0000: [ParNew: 34438K->6K(38720K), 0.0054789 secs] 1043186K->1008754K(1499884K), 0.0055542 secs] [Times: user=0.01 sys=0.00, real=0.00 secs] 
2020-10-28T13:45:52.286+0000: [GC (Allocation Failure) 2020-10-28T13:45:52.286+0000: [ParNew: 34438K->6K(38720K), 0.0052866 secs] 1043186K->1008754K(1499884K), 0.0053924 secs] [Times: user=0.01 sys=0.00, real=0.01 secs] 
2020-10-28T13:45:52.332+0000: [GC (Allocation Failure) 2020-10-28T13:45:52.332+0000: [ParNew: 34438K->6K(38720K), 0.0053450 secs] 1043186K->1008754K(1499884K), 0.0054072 secs] [Times: user=0.01 sys=0.00, real=0.00 secs] 
2020-10-28T13:45:52.379+0000: [GC (Allocation Failure) 2020-10-28T13:45:52.379+0000: [ParNew: 34438K->6K(38720K), 0.0052997 secs] 1043186K->1008754K(1499884K), 0.0053629 secs] [Times: user=0.01 sys=0.00, real=0.01 secs] 
2020-10-28T13:45:52.421+0000: [GC (Allocation Failure) 2020-10-28T13:45:52.421+0000: [ParNew: 34438K->6K(38720K), 0.0052794 secs] 1043186K->1008754K(1499884K), 0.0053413 secs] [Times: user=0.01 sys=0.00, real=0.00 secs] 
2020-10-28T13:45:52.466+0000: [GC (Allocation Failure) 2020-10-28T13:45:52.466+0000: [ParNew: 34438K->6K(38720K), 0.0052857 secs] 1043186K->1008754K(1499884K), 0.0053481 secs] [Times: user=0.01 sys=0.00, real=0.01 secs] 
2020-10-28T13:45:52.513+0000: [GC (Allocation Failure) 2020-10-28T13:45:52.513+0000: [ParNew: 34438K->6K(38720K), 0.0052798 secs] 1043186K->1008754K(1499884K), 0.0053413 secs] [Times: user=0.01 sys=0.00, real=0.00 secs] 
2020-10-28T13:45:52.555+0000: [GC (Allocation Failure) 2020-10-28T13:45:52.555+0000: [ParNew: 34438K->6K(38720K), 0.0052756 secs] 1043186K->1008754K(1499884K), 0.0053382 secs] [Times: user=0.01 sys=0.00, real=0.01 secs] 
2020-10-28T13:45:52.604+0000: [GC (Allocation Failure) 2020-10-28T13:45:52.604+0000: [ParNew: 34438K->6K(38720K), 0.0053828 secs] 1043186K->1008754K(1499884K), 0.0054448 secs] [Times: user=0.01 sys=0.00, real=0.01 secs] 
2020-10-28T13:45:52.648+0000: [GC (Allocation Failure) 2020-10-28T13:45:52.648+0000: [ParNew: 34438K->6K(38720K), 0.0053020 secs] 1043186K->1008754K(1499884K), 0.0053655 secs] [Times: user=0.01 sys=0.00, real=0.00 secs] 
2020-10-28T13:45:52.690+0000: [GC (Allocation Failure) 2020-10-28T13:45:52.690+0000: [ParNew: 34438K->6K(38720K), 0.0053124 secs] 1043186K->1008754K(1499884K), 0.0053760 secs] [Times: user=0.01 sys=0.00, real=0.00 secs] 
2020-10-28T13:45:52.739+0000: [GC (Allocation Failure) 2020-10-28T13:45:52.739+0000: [ParNew: 34438K->6K(38720K), 0.0053383 secs] 1043186K->1008754K(1499884K), 0.0054008 secs] [Times: user=0.02 sys=0.00, real=0.01 secs] 
2020-10-28T13:45:52.784+0000: [GC (Allocation Failure) 2020-10-28T13:45:52.784+0000: [ParNew: 34438K->6K(38720K), 0.0053732 secs] 1043186K->1008754K(1499884K), 0.0054376 secs] [Times: user=0.01 sys=0.00, real=0.01 secs] 
2020-10-28T13:45:52.830+0000: [GC (Allocation Failure) 2020-10-28T13:45:52.831+0000: [ParNew: 34438K->6K(38720K), 0.0052866 secs] 1043186K->1008754K(1499884K), 0.0053493 secs] [Times: user=0.01 sys=0.00, real=0.00 secs] 
2020-10-28T13:45:52.877+0000: [GC (Allocation Failure) 2020-10-28T13:45:52.877+0000: [ParNew: 34438K->6K(38720K), 0.0053092 secs] 1043186K->1008754K(1499884K), 0.0053712 secs] [Times: user=0.01 sys=0.00, real=0.01 secs] 
2020-10-28T13:45:52.919+0000: [GC (Allocation Failure) 2020-10-28T13:45:52.919+0000: [ParNew: 34438K->6K(38720K), 0.0053721 secs] 1043186K->1008754K(1499884K), 0.0054579 secs] [Times: user=0.01 sys=0.00, real=0.01 secs] 
2020-10-28T13:45:52.972+0000: [GC (Allocation Failure) 2020-10-28T13:45:52.972+0000: [ParNew: 34438K->6K(38720K), 0.0053151 secs] 1043186K->1008754K(1499884K), 0.0053806 secs] [Times: user=0.01 sys=0.00, real=0.00 secs] 
2020-10-28T13:45:53.014+0000: [GC (Allocation Failure) 2020-10-28T13:45:53.014+0000: [ParNew: 34438K->6K(38720K), 0.0053548 secs] 1043186K->1008754K(1499884K), 0.0054194 secs] [Times: user=0.01 sys=0.00, real=0.01 secs] 
2020-10-28T13:45:53.060+0000: [GC (Allocation Failure) 2020-10-28T13:45:53.060+0000: [ParNew: 34438K->6K(38720K), 0.0062645 secs] 1043186K->1008754K(1499884K), 0.0063288 secs] [Times: user=0.01 sys=0.00, real=0.00 secs] 
2020-10-28T13:45:53.103+0000: [GC (Allocation Failure) 2020-10-28T13:45:53.103+0000: [ParNew: 34438K->6K(38720K), 0.0053835 secs] 1043186K->1008754K(1499884K), 0.0054473 secs] [Times: user=0.01 sys=0.00, real=0.01 secs] 
2020-10-28T13:45:53.150+0000: [GC (Allocation Failure) 2020-10-28T13:45:53.150+0000: [ParNew: 34438K->6K(38720K), 0.0053345 secs] 1043186K->1008754K(1499884K), 0.0053994 secs] [Times: user=0.01 sys=0.00, real=0.00 secs] 
2020-10-28T13:45:53.196+0000: [GC (Allocation Failure) 2020-10-28T13:45:53.196+0000: [ParNew: 34438K->6K(38720K), 0.0056443 secs] 1043186K->1008754K(1499884K), 0.0057155 secs] [Times: user=0.01 sys=0.00, real=0.01 secs] 
2020-10-28T13:45:53.238+0000: [GC (Allocation Failure) 2020-10-28T13:45:53.239+0000: [ParNew: 34438K->6K(38720K), 0.0055239 secs] 1043186K->1008754K(1499884K), 0.0055873 secs] [Times: user=0.01 sys=0.00, real=0.01 secs] 
2020-10-28T13:45:53.284+0000: [GC (Allocation Failure) 2020-10-28T13:45:53.284+0000: [ParNew: 34438K->6K(38720K), 0.0060973 secs] 1043186K->1008754K(1499884K), 0.0061606 secs] [Times: user=0.01 sys=0.00, real=0.01 secs] 
2020-10-28T13:45:53.330+0000: [GC (Allocation Failure) 2020-10-28T13:45:53.330+0000: [ParNew: 34438K->6K(38720K), 0.0052864 secs] 1043186K->1008754K(1499884K), 0.0053510 secs] [Times: user=0.01 sys=0.00, real=0.00 secs] 
2020-10-28T13:45:53.380+0000: [GC (Allocation Failure) 2020-10-28T13:45:53.380+0000: [ParNew: 34438K->6K(38720K), 0.0052820 secs] 1043186K->1008754K(1499884K), 0.0053460 secs] [Times: user=0.01 sys=0.00, real=0.00 secs] 
2020-10-28T13:45:53.428+0000: [GC (Allocation Failure) 2020-10-28T13:45:53.428+0000: [ParNew: 34438K->6K(38720K), 0.0053493 secs] 1043186K->1008754K(1499884K), 0.0054159 secs] [Times: user=0.01 sys=0.00, real=0.00 secs] 
2020-10-28T13:45:53.476+0000: [GC (Allocation Failure) 2020-10-28T13:45:53.476+0000: [ParNew: 34438K->6K(38720K), 0.0052396 secs] 1043186K->1008754K(1499884K), 0.0053022 secs] [Times: user=0.01 sys=0.00, real=0.01 secs] 
2020-10-28T13:45:53.517+0000: [GC (Allocation Failure) 2020-10-28T13:45:53.517+0000: [ParNew: 34438K->6K(38720K), 0.0053079 secs] 1043186K->1008754K(1499884K), 0.0053796 secs] [Times: user=0.01 sys=0.00, real=0.01 secs] 
2020-10-28T13:45:53.560+0000: [GC (Allocation Failure) 2020-10-28T13:45:53.560+0000: [ParNew: 34438K->6K(38720K), 0.0052696 secs] 1043186K->1008754K(1499884K), 0.0053595 secs] [Times: user=0.01 sys=0.00, real=0.00 secs] 
2020-10-28T13:45:53.604+0000: [GC (Allocation Failure) 2020-10-28T13:45:53.604+0000: [ParNew: 34438K->6K(38720K), 0.0054120 secs] 1043186K->1008754K(1499884K), 0.0054758 secs] [Times: user=0.01 sys=0.00, real=0.01 secs] 
2020-10-28T13:45:53.648+0000: [GC (Allocation Failure) 2020-10-28T13:45:53.648+0000: [ParNew: 34438K->6K(38720K), 0.0053046 secs] 1043186K->1008754K(1499884K), 0.0053664 secs] [Times: user=0.01 sys=0.00, real=0.00 secs] 
2020-10-28T13:45:53.690+0000: [GC (Allocation Failure) 2020-10-28T13:45:53.690+0000: [ParNew: 34438K->6K(38720K), 0.0052987 secs] 1043186K->1008754K(1499884K), 0.0053613 secs] [Times: user=0.01 sys=0.00, real=0.00 secs] 
2020-10-28T13:45:53.736+0000: [GC (Allocation Failure) 2020-10-28T13:45:53.736+0000: [ParNew: 34438K->6K(38720K), 0.0053009 secs] 1043186K->1008754K(1499884K), 0.0053647 secs] [Times: user=0.01 sys=0.00, real=0.01 secs] 
2020-10-28T13:45:53.798+0000: [GC (Allocation Failure) 2020-10-28T13:45:53.798+0000: [ParNew: 34438K->6K(38720K), 0.0053416 secs] 1043186K->1008754K(1499884K), 0.0054357 secs] [Times: user=0.01 sys=0.00, real=0.01 secs] 
2020-10-28T13:45:53.844+0000: [GC (Allocation Failure) 2020-10-28T13:45:53.844+0000: [ParNew: 34438K->6K(38720K), 0.0053248 secs] 1043186K->1008754K(1499884K), 0.0053916 secs] [Times: user=0.02 sys=0.00, real=0.01 secs] 
2020-10-28T13:45:53.887+0000: [GC (Allocation Failure) 2020-10-28T13:45:53.887+0000: [ParNew: 34438K->6K(38720K), 0.0053112 secs] 1043186K->1008754K(1499884K), 0.0053903 secs] [Times: user=0.01 sys=0.00, real=0.01 secs] 
2020-10-28T13:45:53.930+0000: [GC (Allocation Failure) 2020-10-28T13:45:53.930+0000: [ParNew: 34438K->6K(38720K), 0.0053131 secs] 1043186K->1008754K(1499884K), 0.0053780 secs] [Times: user=0.01 sys=0.00, real=0.00 secs] 
2020-10-28T13:45:53.972+0000: [GC (Allocation Failure) 2020-10-28T13:45:53.972+0000: [ParNew: 34438K->6K(38720K), 0.0052987 secs] 1043186K->1008754K(1499884K), 0.0053610 secs] [Times: user=0.01 sys=0.00, real=0.00 secs] 
2020-10-28T13:45:54.016+0000: [GC (Allocation Failure) 2020-10-28T13:45:54.016+0000: [ParNew: 34438K->6K(38720K), 0.0053347 secs] 1043186K->1008754K(1499884K), 0.0053977 secs] [Times: user=0.01 sys=0.00, real=0.01 secs] 
2020-10-28T13:45:54.064+0000: [GC (Allocation Failure) 2020-10-28T13:45:54.064+0000: [ParNew: 34438K->6K(38720K), 0.0070758 secs] 1043186K->1008754K(1499884K), 0.0071415 secs] [Times: user=0.01 sys=0.00, real=0.01 secs] 
2020-10-28T13:45:54.108+0000: [GC (Allocation Failure) 2020-10-28T13:45:54.108+0000: [ParNew: 34438K->6K(38720K), 0.0053710 secs] 1043186K->1008754K(1499884K), 0.0054623 secs] [Times: user=0.01 sys=0.00, real=0.00 secs] 
2020-10-28T13:45:54.152+0000: [GC (Allocation Failure) 2020-10-28T13:45:54.152+0000: [ParNew: 34438K->6K(38720K), 0.0053417 secs] 1043186K->1008754K(1499884K), 0.0054070 secs] [Times: user=0.01 sys=0.00, real=0.00 secs] 
2020-10-28T13:45:54.202+0000: [GC (Allocation Failure) 2020-10-28T13:45:54.202+0000: [ParNew: 34438K->6K(38720K), 0.0053067 secs] 1043186K->1008754K(1499884K), 0.0053694 secs] [Times: user=0.01 sys=0.00, real=0.01 secs] 
2020-10-28T13:45:54.248+0000: [GC (Allocation Failure) 2020-10-28T13:45:54.248+0000: [ParNew: 34438K->6K(38720K), 0.0053369 secs] 1043186K->1008754K(1499884K), 0.0054000 secs] [Times: user=0.01 sys=0.00, real=0.00 secs] 
2020-10-28T13:45:54.294+0000: [GC (Allocation Failure) 2020-10-28T13:45:54.294+0000: [ParNew: 34438K->6K(38720K), 0.0053371 secs] 1043186K->1008754K(1499884K), 0.0053997 secs] [Times: user=0.01 sys=0.00, real=0.01 secs] 
2020-10-28T13:45:54.338+0000: [GC (Allocation Failure) 2020-10-28T13:45:54.338+0000: [ParNew: 34438K->6K(38720K), 0.0053706 secs] 1043186K->1008754K(1499884K), 0.0054345 secs] [Times: user=0.01 sys=0.00, real=0.01 secs] 
2020-10-28T13:45:54.384+0000: [GC (Allocation Failure) 2020-10-28T13:45:54.384+0000: [ParNew: 34438K->6K(38720K), 0.0052969 secs] 1043186K->1008754K(1499884K), 0.0053596 secs] [Times: user=0.01 sys=0.00, real=0.01 secs] 
2020-10-28T13:45:54.426+0000: [GC (Allocation Failure) 2020-10-28T13:45:54.426+0000: [ParNew: 34438K->6K(38720K), 0.0053812 secs] 1043186K->1008754K(1499884K), 0.0054476 secs] [Times: user=0.01 sys=0.00, real=0.01 secs] 
2020-10-28T13:45:54.468+0000: [GC (Allocation Failure) 2020-10-28T13:45:54.468+0000: [ParNew: 34438K->6K(38720K), 0.0053948 secs] 1043186K->1008754K(1499884K), 0.0054577 secs] [Times: user=0.01 sys=0.00, real=0.00 secs] 
2020-10-28T13:45:54.512+0000: [GC (Allocation Failure) 2020-10-28T13:45:54.512+0000: [ParNew: 34438K->6K(38720K), 0.0053469 secs] 1043186K->1008754K(1499884K), 0.0054101 secs] [Times: user=0.01 sys=0.00, real=0.00 secs] 
2020-10-28T13:45:54.554+0000: [GC (Allocation Failure) 2020-10-28T13:45:54.554+0000: [ParNew: 34438K->6K(38720K), 0.0053068 secs] 1043186K->1008754K(1499884K), 0.0053695 secs] [Times: user=0.01 sys=0.00, real=0.00 secs] 
2020-10-28T13:45:54.596+0000: [GC (Allocation Failure) 2020-10-28T13:45:54.596+0000: [ParNew: 34438K->6K(38720K), 0.0053358 secs] 1043186K->1008754K(1499884K), 0.0053980 secs] [Times: user=0.01 sys=0.00, real=0.01 secs] 
2020-10-28T13:45:54.642+0000: [GC (Allocation Failure) 2020-10-28T13:45:54.642+0000: [ParNew: 34438K->6K(38720K), 0.0058584 secs] 1043186K->1008754K(1499884K), 0.0059325 secs] [Times: user=0.01 sys=0.00, real=0.01 secs] 
2020-10-28T13:45:54.695+0000: [GC (Allocation Failure) 2020-10-28T13:45:54.695+0000: [ParNew: 34438K->6K(38720K), 0.0053094 secs] 1043186K->1008754K(1499884K), 0.0053807 secs] [Times: user=0.01 sys=0.00, real=0.01 secs] 
2020-10-28T13:45:54.738+0000: [GC (Allocation Failure) 2020-10-28T13:45:54.738+0000: [ParNew: 34438K->6K(38720K), 0.0053243 secs] 1043186K->1008754K(1499884K), 0.0053917 secs] [Times: user=0.01 sys=0.00, real=0.01 secs] 
2020-10-28T13:45:54.787+0000: [GC (Allocation Failure) 2020-10-28T13:45:54.788+0000: [ParNew: 34438K->6K(38720K), 0.0053076 secs] 1043186K->1008754K(1499884K), 0.0053691 secs] [Times: user=0.01 sys=0.00, real=0.00 secs] 
2020-10-28T13:45:54.832+0000: [GC (Allocation Failure) 2020-10-28T13:45:54.832+0000: [ParNew: 34438K->6K(38720K), 0.0053210 secs] 1043186K->1008754K(1499884K), 0.0053830 secs] [Times: user=0.01 sys=0.00, real=0.00 secs] 
2020-10-28T13:45:54.878+0000: [GC (Allocation Failure) 2020-10-28T13:45:54.878+0000: [ParNew: 34438K->6K(38720K), 0.0053648 secs] 1043186K->1008754K(1499884K), 0.0054295 secs] [Times: user=0.01 sys=0.00, real=0.01 secs] 
2020-10-28T13:45:54.924+0000: [GC (Allocation Failure) 2020-10-28T13:45:54.924+0000: [ParNew: 34438K->6K(38720K), 0.0053045 secs] 1043186K->1008754K(1499884K), 0.0053801 secs] [Times: user=0.01 sys=0.00, real=0.01 secs] 
2020-10-28T13:45:54.971+0000: [GC (Allocation Failure) 2020-10-28T13:45:54.971+0000: [ParNew: 34438K->6K(38720K), 0.0053286 secs] 1043186K->1008754K(1499884K), 0.0053903 secs] [Times: user=0.01 sys=0.00, real=0.00 secs] 
2020-10-28T13:45:55.017+0000: [GC (Allocation Failure) 2020-10-28T13:45:55.017+0000: [ParNew: 34438K->6K(38720K), 0.0054302 secs] 1043186K->1008754K(1499884K), 0.0054948 secs] [Times: user=0.01 sys=0.00, real=0.01 secs] 
2020-10-28T13:45:55.060+0000: [GC (Allocation Failure) 2020-10-28T13:45:55.060+0000: [ParNew: 34438K->6K(38720K), 0.0053203 secs] 1043186K->1008754K(1499884K), 0.0053833 secs] [Times: user=0.01 sys=0.00, real=0.00 secs] 
2020-10-28T13:45:55.112+0000: [GC (Allocation Failure) 2020-10-28T13:45:55.112+0000: [ParNew: 34438K->6K(38720K), 0.0053256 secs] 1043186K->1008754K(1499884K), 0.0053912 secs] [Times: user=0.01 sys=0.00, real=0.00 secs] 
2020-10-28T13:45:55.158+0000: [GC (Allocation Failure) 2020-10-28T13:45:55.158+0000: [ParNew: 34438K->6K(38720K), 0.0053324 secs] 1043186K->1008754K(1499884K), 0.0053975 secs] [Times: user=0.01 sys=0.00, real=0.01 secs] 
2020-10-28T13:45:55.208+0000: [GC (Allocation Failure) 2020-10-28T13:45:55.208+0000: [ParNew: 34438K->6K(38720K), 0.0053538 secs] 1043186K->1008754K(1499884K), 0.0054182 secs] [Times: user=0.01 sys=0.00, real=0.00 secs] 
2020-10-28T13:45:55.251+0000: [GC (Allocation Failure) 2020-10-28T13:45:55.251+0000: [ParNew: 34438K->6K(38720K), 0.0053365 secs] 1043186K->1008754K(1499884K), 0.0054009 secs] [Times: user=0.01 sys=0.00, real=0.00 secs] 
2020-10-28T13:45:55.294+0000: [GC (Allocation Failure) 2020-10-28T13:45:55.294+0000: [ParNew: 34438K->6K(38720K), 0.0053280 secs] 1043186K->1008754K(1499884K), 0.0053832 secs] [Times: user=0.01 sys=0.00, real=0.00 secs] 
2020-10-28T13:45:55.340+0000: [GC (Allocation Failure) 2020-10-28T13:45:55.340+0000: [ParNew: 34438K->6K(38720K), 0.0053111 secs] 1043186K->1008754K(1499884K), 0.0053763 secs] [Times: user=0.02 sys=0.00, real=0.00 secs] 
2020-10-28T13:45:55.384+0000: [GC (Allocation Failure) 2020-10-28T13:45:55.384+0000: [ParNew: 34438K->6K(38720K), 0.0052723 secs] 1043186K->1008754K(1499884K), 0.0053340 secs] [Times: user=0.01 sys=0.00, real=0.01 secs] 
2020-10-28T13:45:55.430+0000: [GC (Allocation Failure) 2020-10-28T13:45:55.430+0000: [ParNew: 34438K->6K(38720K), 0.0053107 secs] 1043186K->1008754K(1499884K), 0.0053751 secs] [Times: user=0.01 sys=0.00, real=0.00 secs] 
2020-10-28T13:45:55.475+0000: [GC (Allocation Failure) 2020-10-28T13:45:55.475+0000: [ParNew: 34438K->6K(38720K), 0.0053570 secs] 1043186K->1008754K(1499884K), 0.0054210 secs] [Times: user=0.01 sys=0.00, real=0.01 secs] 
2020-10-28T13:45:55.524+0000: [GC (Allocation Failure) 2020-10-28T13:45:55.524+0000: [ParNew: 34438K->6K(38720K), 0.0053247 secs] 1043186K->1008754K(1499884K), 0.0053888 secs] [Times: user=0.01 sys=0.00, real=0.01 secs] 
2020-10-28T13:45:55.570+0000: [GC (Allocation Failure) 2020-10-28T13:45:55.570+0000: [ParNew: 34438K->6K(38720K), 0.0053414 secs] 1043186K->1008754K(1499884K), 0.0054044 secs] [Times: user=0.01 sys=0.00, real=0.00 secs] 
2020-10-28T13:45:55.613+0000: [GC (Allocation Failure) 2020-10-28T13:45:55.613+0000: [ParNew: 34438K->6K(38720K), 0.0053812 secs] 1043186K->1008754K(1499884K), 0.0054479 secs] [Times: user=0.01 sys=0.00, real=0.00 secs] 
2020-10-28T13:45:55.655+0000: [GC (Allocation Failure) 2020-10-28T13:45:55.655+0000: [ParNew: 34438K->6K(38720K), 0.0053539 secs] 1043186K->1008754K(1499884K), 0.0054166 secs] [Times: user=0.01 sys=0.00, real=0.01 secs] 
2020-10-28T13:45:55.700+0000: [GC (Allocation Failure) 2020-10-28T13:45:55.700+0000: [ParNew: 34438K->6K(38720K), 0.0053350 secs] 1043186K->1008754K(1499884K), 0.0053985 secs] [Times: user=0.01 sys=0.00, real=0.00 secs] 
2020-10-28T13:45:55.748+0000: [GC (Allocation Failure) 2020-10-28T13:45:55.748+0000: [ParNew: 34438K->6K(38720K), 0.0053917 secs] 1043186K->1008754K(1499884K), 0.0054582 secs] [Times: user=0.01 sys=0.00, real=0.00 secs] 
2020-10-28T13:45:55.796+0000: [GC (Allocation Failure) 2020-10-28T13:45:55.796+0000: [ParNew: 34438K->6K(38720K), 0.0053421 secs] 1043186K->1008754K(1499884K), 0.0054204 secs] [Times: user=0.01 sys=0.00, real=0.01 secs] 
2020-10-28T13:45:55.840+0000: [GC (Allocation Failure) 2020-10-28T13:45:55.840+0000: [ParNew: 34438K->6K(38720K), 0.0053530 secs] 1043186K->1008754K(1499884K), 0.0054160 secs] [Times: user=0.01 sys=0.00, real=0.00 secs] 
2020-10-28T13:45:55.882+0000: [GC (Allocation Failure) 2020-10-28T13:45:55.882+0000: [ParNew: 34438K->6K(38720K), 0.0053515 secs] 1043186K->1008755K(1499884K), 0.0054159 secs] [Times: user=0.01 sys=0.00, real=0.01 secs] 
2020-10-28T13:45:55.925+0000: [GC (Allocation Failure) 2020-10-28T13:45:55.925+0000: [ParNew: 34438K->6K(38720K), 0.0053796 secs] 1043187K->1008755K(1499884K), 0.0054418 secs] [Times: user=0.01 sys=0.00, real=0.01 secs] 
2020-10-28T13:45:55.972+0000: [GC (Allocation Failure) 2020-10-28T13:45:55.972+0000: [ParNew: 34438K->6K(38720K), 0.0054159 secs] 1043187K->1008755K(1499884K), 0.0054829 secs] [Times: user=0.01 sys=0.00, real=0.00 secs] 
2020-10-28T13:45:56.014+0000: [GC (Allocation Failure) 2020-10-28T13:45:56.014+0000: [ParNew: 34438K->6K(38720K), 0.0053573 secs] 1043187K->1008755K(1499884K), 0.0054200 secs] [Times: user=0.01 sys=0.00, real=0.01 secs] 
2020-10-28T13:45:56.057+0000: [GC (Allocation Failure) 2020-10-28T13:45:56.057+0000: [ParNew: 34438K->6K(38720K), 0.0052818 secs] 1043187K->1008755K(1499884K), 0.0053458 secs] [Times: user=0.01 sys=0.00, real=0.01 secs] 
2020-10-28T13:45:56.107+0000: [GC (Allocation Failure) 2020-10-28T13:45:56.107+0000: [ParNew: 34438K->6K(38720K), 0.0053385 secs] 1043187K->1008755K(1499884K), 0.0054005 secs] [Times: user=0.02 sys=0.00, real=0.01 secs] 
2020-10-28T13:45:56.182+0000: [GC (Allocation Failure) 2020-10-28T13:45:56.182+0000: [ParNew: 34438K->6K(38720K), 0.0052745 secs] 1043187K->1008755K(1499884K), 0.0053367 secs] [Times: user=0.01 sys=0.00, real=0.00 secs] 
2020-10-28T13:45:56.252+0000: [GC (Allocation Failure) 2020-10-28T13:45:56.252+0000: [ParNew: 34438K->6K(38720K), 0.0073578 secs] 1043187K->1008755K(1499884K), 0.0074374 secs] [Times: user=0.02 sys=0.00, real=0.00 secs] 
2020-10-28T13:45:56.337+0000: [GC (Allocation Failure) 2020-10-28T13:45:56.337+0000: [ParNew: 34438K->7K(38720K), 0.0053664 secs] 1043187K->1008756K(1499884K), 0.0054282 secs] [Times: user=0.01 sys=0.00, real=0.01 secs] 
2020-10-28T13:45:56.427+0000: [GC (Allocation Failure) 2020-10-28T13:45:56.427+0000: [ParNew: 34439K->8K(38720K), 0.0053830 secs] 1043188K->1008757K(1499884K), 0.0054450 secs] [Times: user=0.00 sys=0.00, real=0.01 secs] 
2020-10-28T13:45:56.512+0000: [GC (Allocation Failure) 2020-10-28T13:45:56.512+0000: [ParNew: 34440K->8K(38720K), 0.0052696 secs] 1043189K->1008757K(1499884K), 0.0053423 secs] [Times: user=0.01 sys=0.00, real=0.00 secs] 
2020-10-28T13:45:56.628+0000: [GC (Allocation Failure) 2020-10-28T13:45:56.628+0000: [ParNew: 34440K->5K(38720K), 0.0053862 secs] 1043189K->1008756K(1499884K), 0.0054498 secs] [Times: user=0.01 sys=0.00, real=0.00 secs] 
2020-10-28T13:45:56.740+0000: [GC (Allocation Failure) 2020-10-28T13:45:56.740+0000: [ParNew: 34437K->6K(38720K), 0.0052898 secs] 1043188K->1008757K(1499884K), 0.0053537 secs] [Times: user=0.01 sys=0.00, real=0.00 secs] 
2020-10-28T13:45:56.832+0000: [GC (Allocation Failure) 2020-10-28T13:45:56.832+0000: [ParNew: 34438K->4K(38720K), 0.0054884 secs] 1043189K->1008757K(1499884K), 0.0055580 secs] [Times: user=0.01 sys=0.00, real=0.00 secs] 
2020-10-28T13:45:56.924+0000: [GC (Allocation Failure) 2020-10-28T13:45:56.924+0000: [ParNew: 34436K->4K(38720K), 0.0060007 secs] 1043189K->1008756K(1499884K), 0.0060730 secs] [Times: user=0.01 sys=0.00, real=0.01 secs] 
2020-10-28T13:45:56.984+0000: [GC (Allocation Failure) 2020-10-28T13:45:56.984+0000: [ParNew: 34436K->4K(38720K), 0.0053635 secs] 1043188K->1008756K(1499884K), 0.0054280 secs] [Times: user=0.01 sys=0.00, real=0.01 secs] 
2020-10-28T13:45:57.052+0000: [GC (Allocation Failure) 2020-10-28T13:45:57.052+0000: [ParNew: 34431K->4K(38720K), 0.0053986 secs] 1043184K->1008756K(1499884K), 0.0054756 secs] [Times: user=0.01 sys=0.00, real=0.00 secs] 
2020-10-28T13:45:57.132+0000: [GC (Allocation Failure) 2020-10-28T13:45:57.132+0000: [ParNew: 34436K->4K(38720K), 0.0053105 secs] 1043188K->1008756K(1499884K), 0.0053753 secs] [Times: user=0.01 sys=0.00, real=0.00 secs] 
2020-10-28T13:45:57.245+0000: [GC (Allocation Failure) 2020-10-28T13:45:57.245+0000: [ParNew: 34436K->4K(38720K), 0.0054621 secs] 1043188K->1008756K(1499884K), 0.0055345 secs] [Times: user=0.01 sys=0.00, real=0.01 secs] 
2020-10-28T13:45:57.320+0000: [GC (Allocation Failure) 2020-10-28T13:45:57.320+0000: [ParNew: 34436K->4K(38720K), 0.0052613 secs] 1043188K->1008756K(1499884K), 0.0053236 secs] [Times: user=0.01 sys=0.00, real=0.00 secs] 
2020-10-28T13:45:57.397+0000: [GC (Allocation Failure) 2020-10-28T13:45:57.397+0000: [ParNew: 34436K->4K(38720K), 0.0053289 secs] 1043188K->1008756K(1499884K), 0.0054031 secs] [Times: user=0.01 sys=0.00, real=0.01 secs] 
2020-10-28T13:45:57.493+0000: [GC (Allocation Failure) 2020-10-28T13:45:57.493+0000: [ParNew: 34436K->4K(38720K), 0.0052906 secs] 1043188K->1008756K(1499884K), 0.0053515 secs] [Times: user=0.02 sys=0.00, real=0.00 secs] 
2020-10-28T13:45:57.569+0000: [GC (Allocation Failure) 2020-10-28T13:45:57.569+0000: [ParNew: 34436K->4K(38720K), 0.0052404 secs] 1043188K->1008756K(1499884K), 0.0053033 secs] [Times: user=0.01 sys=0.00, real=0.00 secs] 
2020-10-28T13:45:57.748+0000: [GC (Allocation Failure) 2020-10-28T13:45:57.748+0000: [ParNew: 34436K->6K(38720K), 0.0053032 secs] 1043188K->1008758K(1499884K), 0.0053663 secs] [Times: user=0.01 sys=0.00, real=0.00 secs] 
2020-10-28T13:45:58.512+0000: [GC (Allocation Failure) 2020-10-28T13:45:58.512+0000: [ParNew: 34438K->145K(38720K), 0.0055138 secs] 1043190K->1008897K(1499884K), 0.0055781 secs] [Times: user=0.01 sys=0.00, real=0.00 secs] 
2020-10-28T13:45:58.755+0000: [GC (Allocation Failure) 2020-10-28T13:45:58.755+0000: [ParNew: 34577K->20K(38720K), 0.0055560 secs] 1043329K->1008773K(1499884K), 0.0056211 secs] [Times: user=0.01 sys=0.00, real=0.01 secs] 
2020-10-28T13:45:58.969+0000: [GC (Allocation Failure) 2020-10-28T13:45:58.969+0000: [ParNew: 34452K->23K(38720K), 0.0053546 secs] 1043205K->1008776K(1499884K), 0.0054198 secs] [Times: user=0.01 sys=0.00, real=0.00 secs] 
2020-10-28T13:45:59.180+0000: [GC (Allocation Failure) 2020-10-28T13:45:59.180+0000: [ParNew: 34455K->23K(38720K), 0.0054018 secs] 1043208K->1008776K(1499884K), 0.0054715 secs] [Times: user=0.01 sys=0.00, real=0.00 secs] 
2020-10-28T13:45:59.343+0000: [GC (Allocation Failure) 2020-10-28T13:45:59.343+0000: [ParNew: 34455K->23K(38720K), 0.0055348 secs] 1043208K->1008776K(1499884K), 0.0056043 secs] [Times: user=0.02 sys=0.00, real=0.01 secs] 
2020-10-28T13:45:59.498+0000: [GC (Allocation Failure) 2020-10-28T13:45:59.498+0000: [ParNew: 34455K->23K(38720K), 0.0054246 secs] 1043208K->1008779K(1499884K), 0.0054910 secs] [Times: user=0.01 sys=0.00, real=0.01 secs] 
2020-10-28T13:45:59.608+0000: [GC (Allocation Failure) 2020-10-28T13:45:59.609+0000: [ParNew: 34455K->9K(38720K), 0.0054829 secs] 1043211K->1008778K(1499884K), 0.0055590 secs] [Times: user=0.01 sys=0.00, real=0.00 secs] 
2020-10-28T13:45:59.707+0000: [GC (Allocation Failure) 2020-10-28T13:45:59.707+0000: [ParNew: 34441K->2K(38720K), 0.0053429 secs] 1043210K->1008771K(1499884K), 0.0054231 secs] [Times: user=0.01 sys=0.00, real=0.01 secs] 
2020-10-28T13:45:59.792+0000: [GC (Allocation Failure) 2020-10-28T13:45:59.792+0000: [ParNew: 34434K->4K(38720K), 0.0053681 secs] 1043203K->1008773K(1499884K), 0.0054337 secs] [Times: user=0.01 sys=0.00, real=0.00 secs] 
2020-10-28T13:45:59.876+0000: [GC (Allocation Failure) 2020-10-28T13:45:59.876+0000: [ParNew: 34436K->4K(38720K), 0.0052552 secs] 1043205K->1008773K(1499884K), 0.0053203 secs] [Times: user=0.01 sys=0.00, real=0.01 secs] 
2020-10-28T13:45:59.957+0000: [GC (Allocation Failure) 2020-10-28T13:45:59.957+0000: [ParNew: 34436K->4K(38720K), 0.0053260 secs] 1043205K->1008773K(1499884K), 0.0053927 secs] [Times: user=0.01 sys=0.00, real=0.01 secs] 
2020-10-28T13:46:00.021+0000: [GC (Allocation Failure) 2020-10-28T13:46:00.022+0000: [ParNew: 34436K->4K(38720K), 0.0054454 secs] 1043205K->1008773K(1499884K), 0.0055247 secs] [Times: user=0.02 sys=0.00, real=0.00 secs] 
2020-10-28T13:46:00.074+0000: [GC (Allocation Failure) 2020-10-28T13:46:00.074+0000: [ParNew: 34436K->4K(38720K), 0.0175687 secs] 1043205K->1008773K(1499884K), 0.0176450 secs] [Times: user=0.02 sys=0.00, real=0.02 secs] 
2020-10-28T13:46:00.136+0000: [GC (Allocation Failure) 2020-10-28T13:46:00.136+0000: [ParNew: 34436K->4K(38720K), 0.0076049 secs] 1043205K->1008773K(1499884K), 0.0076862 secs] [Times: user=0.01 sys=0.00, real=0.01 secs] 
2020-10-28T13:46:00.184+0000: [GC (Allocation Failure) 2020-10-28T13:46:00.184+0000: [ParNew: 34436K->4K(38720K), 0.0053372 secs] 1043205K->1008773K(1499884K), 0.0054016 secs] [Times: user=0.01 sys=0.00, real=0.01 secs] 
2020-10-28T13:46:00.236+0000: [GC (Allocation Failure) 2020-10-28T13:46:00.236+0000: [ParNew: 34436K->4K(38720K), 0.0053481 secs] 1043205K->1008773K(1499884K), 0.0054126 secs] [Times: user=0.01 sys=0.00, real=0.01 secs] 
2020-10-28T13:46:00.284+0000: [GC (Allocation Failure) 2020-10-28T13:46:00.284+0000: [ParNew: 34436K->4K(38720K), 0.0053348 secs] 1043205K->1008774K(1499884K), 0.0053981 secs] [Times: user=0.01 sys=0.00, real=0.01 secs] 
2020-10-28T13:46:00.334+0000: [GC (Allocation Failure) 2020-10-28T13:46:00.334+0000: [ParNew: 34436K->4K(38720K), 0.0054420 secs] 1043206K->1008775K(1499884K), 0.0055059 secs] [Times: user=0.01 sys=0.00, real=0.01 secs] 
2020-10-28T13:46:00.384+0000: [GC (Allocation Failure) 2020-10-28T13:46:00.384+0000: [ParNew: 34436K->4K(38720K), 0.0052709 secs] 1043207K->1008775K(1499884K), 0.0053345 secs] [Times: user=0.01 sys=0.00, real=0.01 secs] 
2020-10-28T13:46:00.436+0000: [GC (Allocation Failure) 2020-10-28T13:46:00.436+0000: [ParNew: 34436K->4K(38720K), 0.0053113 secs] 1043207K->1008775K(1499884K), 0.0053760 secs] [Times: user=0.01 sys=0.00, real=0.01 secs] 
2020-10-28T13:46:00.488+0000: [GC (Allocation Failure) 2020-10-28T13:46:00.488+0000: [ParNew: 34436K->4K(38720K), 0.0053831 secs] 1043207K->1008775K(1499884K), 0.0054459 secs] [Times: user=0.01 sys=0.00, real=0.00 secs] 
2020-10-28T13:46:00.540+0000: [GC (Allocation Failure) 2020-10-28T13:46:00.540+0000: [ParNew: 34436K->4K(38720K), 0.0053760 secs] 1043207K->1008775K(1499884K), 0.0054418 secs] [Times: user=0.01 sys=0.00, real=0.00 secs] 
2020-10-28T13:46:00.585+0000: [GC (Allocation Failure) 2020-10-28T13:46:00.585+0000: [ParNew: 34436K->4K(38720K), 0.0052841 secs] 1043207K->1008775K(1499884K), 0.0053477 secs] [Times: user=0.01 sys=0.00, real=0.01 secs] 
2020-10-28T13:46:00.636+0000: [GC (Allocation Failure) 2020-10-28T13:46:00.636+0000: [ParNew: 34436K->4K(38720K), 0.0053071 secs] 1043207K->1008775K(1499884K), 0.0053726 secs] [Times: user=0.01 sys=0.00, real=0.01 secs] 
2020-10-28T13:46:00.681+0000: [GC (Allocation Failure) 2020-10-28T13:46:00.681+0000: [ParNew: 34436K->4K(38720K), 0.0052495 secs] 1043207K->1008775K(1499884K), 0.0053110 secs] [Times: user=0.01 sys=0.00, real=0.00 secs] 
2020-10-28T13:46:00.728+0000: [GC (Allocation Failure) 2020-10-28T13:46:00.728+0000: [ParNew: 34436K->4K(38720K), 0.0053353 secs] 1043207K->1008775K(1499884K), 0.0054015 secs] [Times: user=0.01 sys=0.00, real=0.00 secs] 
2020-10-28T13:46:00.776+0000: [GC (Allocation Failure) 2020-10-28T13:46:00.776+0000: [ParNew: 34436K->4K(38720K), 0.0053023 secs] 1043207K->1008775K(1499884K), 0.0053667 secs] [Times: user=0.01 sys=0.00, real=0.01 secs] 
2020-10-28T13:46:00.822+0000: [GC (Allocation Failure) 2020-10-28T13:46:00.822+0000: [ParNew: 34436K->4K(38720K), 0.0053177 secs] 1043207K->1008775K(1499884K), 0.0053842 secs] [Times: user=0.01 sys=0.00, real=0.00 secs] 
2020-10-28T13:46:00.872+0000: [GC (Allocation Failure) 2020-10-28T13:46:00.872+0000: [ParNew: 34436K->4K(38720K), 0.0052641 secs] 1043207K->1008775K(1499884K), 0.0053269 secs] [Times: user=0.01 sys=0.00, real=0.00 secs] 
2020-10-28T13:46:00.920+0000: [GC (Allocation Failure) 2020-10-28T13:46:00.920+0000: [ParNew: 34436K->4K(38720K), 0.0053255 secs] 1043207K->1008775K(1499884K), 0.0054025 secs] [Times: user=0.01 sys=0.00, real=0.00 secs] 
2020-10-28T13:46:00.965+0000: [GC (Allocation Failure) 2020-10-28T13:46:00.965+0000: [ParNew: 34436K->4K(38720K), 0.0052607 secs] 1043207K->1008775K(1499884K), 0.0053251 secs] [Times: user=0.01 sys=0.00, real=0.01 secs] 
2020-10-28T13:46:01.010+0000: [GC (Allocation Failure) 2020-10-28T13:46:01.010+0000: [ParNew: 34436K->4K(38720K), 0.0052704 secs] 1043207K->1008775K(1499884K), 0.0053322 secs] [Times: user=0.01 sys=0.00, real=0.00 secs] 
2020-10-28T13:46:01.060+0000: [GC (Allocation Failure) 2020-10-28T13:46:01.060+0000: [ParNew: 34436K->4K(38720K), 0.0052793 secs] 1043207K->1008775K(1499884K), 0.0053407 secs] [Times: user=0.01 sys=0.00, real=0.00 secs] 
2020-10-28T13:46:01.106+0000: [GC (Allocation Failure) 2020-10-28T13:46:01.106+0000: [ParNew: 34436K->4K(38720K), 0.0053209 secs] 1043207K->1008775K(1499884K), 0.0053845 secs] [Times: user=0.01 sys=0.00, real=0.01 secs] 
2020-10-28T13:46:01.152+0000: [GC (Allocation Failure) 2020-10-28T13:46:01.152+0000: [ParNew: 34436K->4K(38720K), 0.0053551 secs] 1043207K->1008775K(1499884K), 0.0054514 secs] [Times: user=0.01 sys=0.00, real=0.00 secs] 
2020-10-28T13:46:01.202+0000: [GC (Allocation Failure) 2020-10-28T13:46:01.202+0000: [ParNew: 34436K->4K(38720K), 0.0053133 secs] 1043207K->1008775K(1499884K), 0.0053774 secs] [Times: user=0.01 sys=0.00, real=0.01 secs] 
2020-10-28T13:46:01.248+0000: [GC (Allocation Failure) 2020-10-28T13:46:01.248+0000: [ParNew: 34436K->4K(38720K), 0.0053901 secs] 1043207K->1008775K(1499884K), 0.0054526 secs] [Times: user=0.01 sys=0.00, real=0.00 secs] 
2020-10-28T13:46:01.294+0000: [GC (Allocation Failure) 2020-10-28T13:46:01.294+0000: [ParNew: 34436K->4K(38720K), 0.0053692 secs] 1043207K->1008775K(1499884K), 0.0054249 secs] [Times: user=0.01 sys=0.00, real=0.00 secs] 
2020-10-28T13:46:01.348+0000: [GC (Allocation Failure) 2020-10-28T13:46:01.348+0000: [ParNew: 34436K->4K(38720K), 0.0053108 secs] 1043207K->1008775K(1499884K), 0.0053762 secs] [Times: user=0.01 sys=0.00, real=0.00 secs] 
2020-10-28T13:46:01.396+0000: [GC (Allocation Failure) 2020-10-28T13:46:01.396+0000: [ParNew: 34436K->4K(38720K), 0.0054011 secs] 1043207K->1008775K(1499884K), 0.0054676 secs] [Times: user=0.01 sys=0.00, real=0.01 secs] 
2020-10-28T13:46:01.442+0000: [GC (Allocation Failure) 2020-10-28T13:46:01.442+0000: [ParNew: 34436K->4K(38720K), 0.0053171 secs] 1043207K->1008775K(1499884K), 0.0053797 secs] [Times: user=0.01 sys=0.00, real=0.00 secs] 
2020-10-28T13:46:01.492+0000: [GC (Allocation Failure) 2020-10-28T13:46:01.492+0000: [ParNew: 34436K->4K(38720K), 0.0052821 secs] 1043207K->1008775K(1499884K), 0.0053463 secs] [Times: user=0.02 sys=0.00, real=0.00 secs] 
2020-10-28T13:46:01.540+0000: [GC (Allocation Failure) 2020-10-28T13:46:01.540+0000: [ParNew: 34436K->4K(38720K), 0.0053586 secs] 1043207K->1008775K(1499884K), 0.0054273 secs] [Times: user=0.01 sys=0.00, real=0.00 secs] 
2020-10-28T13:46:01.588+0000: [GC (Allocation Failure) 2020-10-28T13:46:01.588+0000: [ParNew: 34436K->4K(38720K), 0.0053307 secs] 1043207K->1008775K(1499884K), 0.0053982 secs] [Times: user=0.01 sys=0.00, real=0.00 secs] 
2020-10-28T13:46:01.638+0000: [GC (Allocation Failure) 2020-10-28T13:46:01.638+0000: [ParNew: 34436K->4K(38720K), 0.0053041 secs] 1043207K->1008775K(1499884K), 0.0053694 secs] [Times: user=0.01 sys=0.00, real=0.01 secs] 
2020-10-28T13:46:01.690+0000: [GC (Allocation Failure) 2020-10-28T13:46:01.690+0000: [ParNew: 34436K->4K(38720K), 0.0053374 secs] 1043207K->1008775K(1499884K), 0.0054034 secs] [Times: user=0.01 sys=0.00, real=0.00 secs] 
2020-10-28T13:46:01.740+0000: [GC (Allocation Failure) 2020-10-28T13:46:01.740+0000: [ParNew: 34436K->4K(38720K), 0.0052762 secs] 1043207K->1008775K(1499884K), 0.0053398 secs] [Times: user=0.01 sys=0.00, real=0.00 secs] 
2020-10-28T13:46:01.785+0000: [GC (Allocation Failure) 2020-10-28T13:46:01.785+0000: [ParNew: 34436K->4K(38720K), 0.0052563 secs] 1043207K->1008775K(1499884K), 0.0053189 secs] [Times: user=0.01 sys=0.00, real=0.01 secs] 
2020-10-28T13:46:01.834+0000: [GC (Allocation Failure) 2020-10-28T13:46:01.834+0000: [ParNew: 34436K->4K(38720K), 0.0052959 secs] 1043207K->1008775K(1499884K), 0.0053719 secs] [Times: user=0.01 sys=0.00, real=0.01 secs] 
2020-10-28T13:46:01.880+0000: [GC (Allocation Failure) 2020-10-28T13:46:01.880+0000: [ParNew: 34436K->4K(38720K), 0.0052308 secs] 1043207K->1008775K(1499884K), 0.0052957 secs] [Times: user=0.01 sys=0.00, real=0.00 secs] 
2020-10-28T13:46:01.931+0000: [GC (Allocation Failure) 2020-10-28T13:46:01.931+0000: [ParNew: 34436K->4K(38720K), 0.0053368 secs] 1043207K->1008775K(1499884K), 0.0054001 secs] [Times: user=0.01 sys=0.00, real=0.00 secs] 
2020-10-28T13:46:01.984+0000: [GC (Allocation Failure) 2020-10-28T13:46:01.984+0000: [ParNew: 34436K->4K(38720K), 0.0052452 secs] 1043207K->1008775K(1499884K), 0.0053102 secs] [Times: user=0.01 sys=0.00, real=0.01 secs] 
2020-10-28T13:46:02.032+0000: [GC (Allocation Failure) 2020-10-28T13:46:02.032+0000: [ParNew: 34436K->4K(38720K), 0.0052571 secs] 1043207K->1008775K(1499884K), 0.0053232 secs] [Times: user=0.01 sys=0.00, real=0.00 secs] 
2020-10-28T13:46:02.080+0000: [GC (Allocation Failure) 2020-10-28T13:46:02.080+0000: [ParNew: 34436K->4K(38720K), 0.0052377 secs] 1043207K->1008775K(1499884K), 0.0053003 secs] [Times: user=0.01 sys=0.00, real=0.00 secs] 
2020-10-28T13:46:02.126+0000: [GC (Allocation Failure) 2020-10-28T13:46:02.126+0000: [ParNew: 34436K->4K(38720K), 0.0052510 secs] 1043207K->1008775K(1499884K), 0.0053154 secs] [Times: user=0.01 sys=0.00, real=0.01 secs] 
2020-10-28T13:46:02.175+0000: [GC (Allocation Failure) 2020-10-28T13:46:02.175+0000: [ParNew: 34436K->4K(38720K), 0.0052966 secs] 1043207K->1008775K(1499884K), 0.0053606 secs] [Times: user=0.01 sys=0.00, real=0.01 secs] 
2020-10-28T13:46:02.224+0000: [GC (Allocation Failure) 2020-10-28T13:46:02.224+0000: [ParNew: 34436K->4K(38720K), 0.0052956 secs] 1043207K->1008775K(1499884K), 0.0053568 secs] [Times: user=0.02 sys=0.00, real=0.01 secs] 
2020-10-28T13:46:02.269+0000: [GC (Allocation Failure) 2020-10-28T13:46:02.269+0000: [ParNew: 34436K->4K(38720K), 0.0052441 secs] 1043207K->1008775K(1499884K), 0.0053055 secs] [Times: user=0.01 sys=0.00, real=0.00 secs] 
2020-10-28T13:46:02.318+0000: [GC (Allocation Failure) 2020-10-28T13:46:02.318+0000: [ParNew: 34436K->4K(38720K), 0.0052354 secs] 1043207K->1008775K(1499884K), 0.0053172 secs] [Times: user=0.01 sys=0.00, real=0.01 secs] 
2020-10-28T13:46:02.363+0000: [GC (Allocation Failure) 2020-10-28T13:46:02.363+0000: [ParNew: 34436K->4K(38720K), 0.0052928 secs] 1043207K->1008775K(1499884K), 0.0053558 secs] [Times: user=0.01 sys=0.00, real=0.01 secs] 
2020-10-28T13:46:02.411+0000: [GC (Allocation Failure) 2020-10-28T13:46:02.411+0000: [ParNew: 34436K->4K(38720K), 0.0052575 secs] 1043207K->1008775K(1499884K), 0.0053211 secs] [Times: user=0.01 sys=0.00, real=0.00 secs] 
2020-10-28T13:46:02.460+0000: [GC (Allocation Failure) 2020-10-28T13:46:02.460+0000: [ParNew: 34436K->4K(38720K), 0.0052290 secs] 1043207K->1008775K(1499884K), 0.0052911 secs] [Times: user=0.01 sys=0.00, real=0.00 secs] 
2020-10-28T13:46:02.505+0000: [GC (Allocation Failure) 2020-10-28T13:46:02.505+0000: [ParNew: 34436K->4K(38720K), 0.0052562 secs] 1043207K->1008775K(1499884K), 0.0053183 secs] [Times: user=0.01 sys=0.00, real=0.01 secs] 
2020-10-28T13:46:02.550+0000: [GC (Allocation Failure) 2020-10-28T13:46:02.550+0000: [ParNew: 34436K->4K(38720K), 0.0053379 secs] 1043207K->1008775K(1499884K), 0.0054007 secs] [Times: user=0.01 sys=0.00, real=0.00 secs] 
2020-10-28T13:46:02.600+0000: [GC (Allocation Failure) 2020-10-28T13:46:02.600+0000: [ParNew: 34436K->2K(38720K), 0.0053701 secs] 1043207K->1008773K(1499884K), 0.0054332 secs] [Times: user=0.01 sys=0.00, real=0.00 secs] 
2020-10-28T13:46:02.691+0000: [GC (Allocation Failure) 2020-10-28T13:46:02.691+0000: [ParNew: 34434K->4K(38720K), 0.0053940 secs] 1043205K->1008775K(1499884K), 0.0054836 secs] [Times: user=0.01 sys=0.00, real=0.00 secs] 
2020-10-28T13:46:02.751+0000: [GC (Allocation Failure) 2020-10-28T13:46:02.751+0000: [ParNew: 34436K->4K(38720K), 0.0052821 secs] 1043207K->1008775K(1499884K), 0.0053733 secs] [Times: user=0.01 sys=0.00, real=0.00 secs] 
2020-10-28T13:46:02.847+0000: [GC (Allocation Failure) 2020-10-28T13:46:02.847+0000: [ParNew: 34436K->6K(38720K), 0.0054093 secs] 1043207K->1008777K(1499884K), 0.0054734 secs] [Times: user=0.01 sys=0.00, real=0.01 secs] 
2020-10-28T13:46:02.927+0000: [GC (Allocation Failure) 2020-10-28T13:46:02.927+0000: [ParNew: 34438K->6K(38720K), 0.0052734 secs] 1043209K->1008777K(1499884K), 0.0053393 secs] [Times: user=0.01 sys=0.00, real=0.01 secs] 
2020-10-28T13:46:02.980+0000: [GC (Allocation Failure) 2020-10-28T13:46:02.980+0000: [ParNew: 34438K->6K(38720K), 0.0053218 secs] 1043209K->1008777K(1499884K), 0.0053869 secs] [Times: user=0.01 sys=0.00, real=0.00 secs] 
2020-10-28T13:46:03.028+0000: [GC (Allocation Failure) 2020-10-28T13:46:03.028+0000: [ParNew: 34438K->6K(38720K), 0.0052686 secs] 1043209K->1008777K(1499884K), 0.0053308 secs] [Times: user=0.01 sys=0.00, real=0.00 secs] 
2020-10-28T13:46:03.073+0000: [GC (Allocation Failure) 2020-10-28T13:46:03.073+0000: [ParNew: 34438K->4K(38720K), 0.0052943 secs] 1043209K->1008776K(1499884K), 0.0053583 secs] [Times: user=0.01 sys=0.00, real=0.00 secs] 
2020-10-28T13:46:03.123+0000: [GC (Allocation Failure) 2020-10-28T13:46:03.123+0000: [ParNew: 34436K->4K(38720K), 0.0052883 secs] 1043208K->1008776K(1499884K), 0.0053535 secs] [Times: user=0.00 sys=0.01, real=0.01 secs] 
2020-10-28T13:46:03.171+0000: [GC (Allocation Failure) 2020-10-28T13:46:03.171+0000: [ParNew: 34436K->4K(38720K), 0.0053823 secs] 1043208K->1008778K(1499884K), 0.0054376 secs] [Times: user=0.01 sys=0.00, real=0.00 secs] 
2020-10-28T13:46:03.225+0000: [GC (Allocation Failure) 2020-10-28T13:46:03.225+0000: [ParNew: 34436K->4K(38720K), 0.0053310 secs] 1043210K->1008778K(1499884K), 0.0053954 secs] [Times: user=0.01 sys=0.00, real=0.01 secs] 
2020-10-28T13:46:03.485+0000: [GC (Allocation Failure) 2020-10-28T13:46:03.485+0000: [ParNew: 34436K->3080K(38720K), 0.0087252 secs] 1043210K->1011854K(1499884K), 0.0087923 secs] [Times: user=0.01 sys=0.00, real=0.01 secs] 
2020-10-28T13:46:03.578+0000: [GC (Allocation Failure) 2020-10-28T13:46:03.578+0000: [ParNew: 37512K->676K(38720K), 0.0186385 secs] 1046286K->1012188K(1499884K), 0.0187356 secs] [Times: user=0.03 sys=0.00, real=0.02 secs] 
2020-10-28T13:46:03.664+0000: [GC (Allocation Failure) 2020-10-28T13:46:03.664+0000: [ParNew: 35108K->1011K(38720K), 0.0153701 secs] 1046620K->1012523K(1499884K), 0.0154580 secs] [Times: user=0.02 sys=0.00, real=0.01 secs] 
2020-10-28T13:46:03.732+0000: [GC (Allocation Failure) 2020-10-28T13:46:03.732+0000: [ParNew: 35443K->1618K(38720K), 0.0120672 secs] 1046955K->1013130K(1499884K), 0.0121647 secs] [Times: user=0.02 sys=0.00, real=0.01 secs] 
2020-10-28T13:46:03.816+0000: [GC (Allocation Failure) 2020-10-28T13:46:03.816+0000: [ParNew: 36050K->1608K(38720K), 0.0155715 secs] 1047562K->1013120K(1499884K), 0.0156617 secs] [Times: user=0.03 sys=0.00, real=0.02 secs] 
2020-10-28T13:46:03.893+0000: [GC (Allocation Failure) 2020-10-28T13:46:03.893+0000: [ParNew: 36040K->2128K(38720K), 0.0125408 secs] 1047552K->1013640K(1499884K), 0.0126303 secs] [Times: user=0.02 sys=0.00, real=0.01 secs] 
2020-10-28T13:46:03.984+0000: [GC (Allocation Failure) 2020-10-28T13:46:03.984+0000: [ParNew: 36560K->1634K(38720K), 0.0057403 secs] 1048072K->1013146K(1499884K), 0.0058056 secs] [Times: user=0.01 sys=0.00, real=0.01 secs] 
2020-10-28T13:46:04.052+0000: [GC (Allocation Failure) 2020-10-28T13:46:04.052+0000: [ParNew: 36066K->1052K(38720K), 0.0057935 secs] 1047578K->1012616K(1499884K), 0.0058614 secs] [Times: user=0.01 sys=0.01, real=0.00 secs] 
2020-10-28T13:46:04.113+0000: [GC (Allocation Failure) 2020-10-28T13:46:04.113+0000: [ParNew: 35484K->519K(38720K), 0.0054025 secs] 1047048K->1012083K(1499884K), 0.0054682 secs] [Times: user=0.01 sys=0.00, real=0.00 secs] 
2020-10-28T13:46:04.176+0000: [GC (Allocation Failure) 2020-10-28T13:46:04.176+0000: [ParNew: 34951K->6K(38720K), 0.0053448 secs] 1046515K->1011569K(1499884K), 0.0054250 secs] [Times: user=0.01 sys=0.00, real=0.01 secs] 
2020-10-28T13:46:04.238+0000: [GC (Allocation Failure) 2020-10-28T13:46:04.238+0000: [ParNew: 34438K->6K(38720K), 0.0053342 secs] 1046001K->1011569K(1499884K), 0.0054080 secs] [Times: user=0.02 sys=0.00, real=0.01 secs] 
2020-10-28T13:46:04.295+0000: [GC (Allocation Failure) 2020-10-28T13:46:04.296+0000: [ParNew: 34438K->6K(38720K), 0.0052781 secs] 1046001K->1011570K(1499884K), 0.0053429 secs] [Times: user=0.01 sys=0.00, real=0.01 secs] 
2020-10-28T13:46:04.352+0000: [GC (Allocation Failure) 2020-10-28T13:46:04.352+0000: [ParNew: 34438K->6K(38720K), 0.0053169 secs] 1046002K->1011570K(1499884K), 0.0053796 secs] [Times: user=0.01 sys=0.00, real=0.00 secs] 
2020-10-28T13:46:04.416+0000: [GC (Allocation Failure) 2020-10-28T13:46:04.416+0000: [ParNew: 34438K->6K(38720K), 0.0053526 secs] 1046002K->1011570K(1499884K), 0.0054169 secs] [Times: user=0.01 sys=0.00, real=0.01 secs] 
2020-10-28T13:46:04.470+0000: [GC (Allocation Failure) 2020-10-28T13:46:04.470+0000: [ParNew: 34438K->6K(38720K), 0.0053775 secs] 1046002K->1011570K(1499884K), 0.0054418 secs] [Times: user=0.01 sys=0.00, real=0.00 secs] 
2020-10-28T13:46:04.536+0000: [GC (Allocation Failure) 2020-10-28T13:46:04.536+0000: [ParNew: 34438K->6K(38720K), 0.0056455 secs] 1046002K->1011570K(1499884K), 0.0057115 secs] [Times: user=0.01 sys=0.00, real=0.01 secs] 
2020-10-28T13:46:04.600+0000: [GC (Allocation Failure) 2020-10-28T13:46:04.600+0000: [ParNew: 34438K->8K(38720K), 0.0104168 secs] 1046002K->1011572K(1499884K), 0.0104819 secs] [Times: user=0.02 sys=0.00, real=0.01 secs] 
2020-10-28T13:46:04.698+0000: [GC (Allocation Failure) 2020-10-28T13:46:04.698+0000: [ParNew: 34440K->7K(38720K), 0.0053662 secs] 1046004K->1011571K(1499884K), 0.0054538 secs] [Times: user=0.02 sys=0.00, real=0.01 secs] 
2020-10-28T13:46:04.754+0000: [GC (Allocation Failure) 2020-10-28T13:46:04.754+0000: [ParNew: 34439K->6K(38720K), 0.0054468 secs] 1046003K->1011570K(1499884K), 0.0055113 secs] [Times: user=0.01 sys=0.00, real=0.01 secs] 
2020-10-28T13:46:04.823+0000: [GC (Allocation Failure) 2020-10-28T13:46:04.823+0000: [ParNew: 34438K->6K(38720K), 0.0053629 secs] 1046002K->1011570K(1499884K), 0.0054677 secs] [Times: user=0.00 sys=0.01, real=0.01 secs] 
2020-10-28T13:46:04.882+0000: [GC (Allocation Failure) 2020-10-28T13:46:04.882+0000: [ParNew: 34438K->6K(38720K), 0.0185993 secs] 1046002K->1011570K(1499884K), 0.0186884 secs] [Times: user=0.03 sys=0.00, real=0.02 secs] 
2020-10-28T13:46:04.963+0000: [GC (Allocation Failure) 2020-10-28T13:46:04.963+0000: [ParNew: 34438K->6K(38720K), 0.0112459 secs] 1046002K->1011571K(1499884K), 0.0113393 secs] [Times: user=0.02 sys=0.00, real=0.01 secs] 
2020-10-28T13:46:05.034+0000: [GC (Allocation Failure) 2020-10-28T13:46:05.034+0000: [ParNew: 34438K->6K(38720K), 0.0117868 secs] 1046003K->1011570K(1499884K), 0.0118722 secs] [Times: user=0.03 sys=0.00, real=0.01 secs] 
2020-10-28T13:46:05.107+0000: [GC (Allocation Failure) 2020-10-28T13:46:05.107+0000: [ParNew: 34438K->6K(38720K), 0.0153296 secs] 1046002K->1011570K(1499884K), 0.0154364 secs] [Times: user=0.03 sys=0.00, real=0.02 secs] 
2020-10-28T13:46:05.180+0000: [GC (Allocation Failure) 2020-10-28T13:46:05.180+0000: [ParNew: 34438K->6K(38720K), 0.0149484 secs] 1046002K->1011570K(1499884K), 0.0150404 secs] [Times: user=0.03 sys=0.00, real=0.01 secs] 
2020-10-28T13:46:05.253+0000: [GC (Allocation Failure) 2020-10-28T13:46:05.253+0000: [ParNew: 34438K->6K(38720K), 0.0110214 secs] 1046002K->1011570K(1499884K), 0.0110997 secs] [Times: user=0.03 sys=0.00, real=0.01 secs] 
2020-10-28T13:46:05.314+0000: [GC (Allocation Failure) 2020-10-28T13:46:05.314+0000: [ParNew: 34438K->6K(38720K), 0.0053281 secs] 1046002K->1011570K(1499884K), 0.0053913 secs] [Times: user=0.01 sys=0.00, real=0.00 secs] 
2020-10-28T13:46:05.375+0000: [GC (Allocation Failure) 2020-10-28T13:46:05.375+0000: [ParNew: 34438K->6K(38720K), 0.0053267 secs] 1046002K->1011570K(1499884K), 0.0053926 secs] [Times: user=0.01 sys=0.00, real=0.01 secs] 
2020-10-28T13:46:05.444+0000: [GC (Allocation Failure) 2020-10-28T13:46:05.444+0000: [ParNew: 34438K->4K(38720K), 0.0053185 secs] 1046002K->1011568K(1499884K), 0.0053942 secs] [Times: user=0.01 sys=0.00, real=0.01 secs] 
2020-10-28T13:46:05.500+0000: [GC (Allocation Failure) 2020-10-28T13:46:05.500+0000: [ParNew: 34436K->6K(38720K), 0.0052924 secs] 1046000K->1011570K(1499884K), 0.0053554 secs] [Times: user=0.01 sys=0.00, real=0.00 secs] 
2020-10-28T13:46:05.556+0000: [GC (Allocation Failure) 2020-10-28T13:46:05.556+0000: [ParNew: 34438K->6K(38720K), 0.0053131 secs] 1046002K->1011571K(1499884K), 0.0053770 secs] [Times: user=0.02 sys=0.00, real=0.01 secs] 
2020-10-28T13:46:05.608+0000: [GC (Allocation Failure) 2020-10-28T13:46:05.608+0000: [ParNew: 34438K->6K(38720K), 0.0053552 secs] 1046003K->1011571K(1499884K), 0.0054193 secs] [Times: user=0.01 sys=0.00, real=0.00 secs] 
2020-10-28T13:46:05.660+0000: [GC (Allocation Failure) 2020-10-28T13:46:05.660+0000: [ParNew: 34438K->6K(38720K), 0.0053308 secs] 1046003K->1011570K(1499884K), 0.0054160 secs] [Times: user=0.02 sys=0.00, real=0.00 secs] 
2020-10-28T13:46:05.716+0000: [GC (Allocation Failure) 2020-10-28T13:46:05.716+0000: [ParNew: 34438K->6K(38720K), 0.0053424 secs] 1046002K->1011571K(1499884K), 0.0054292 secs] [Times: user=0.01 sys=0.00, real=0.01 secs] 
2020-10-28T13:46:05.773+0000: [GC (Allocation Failure) 2020-10-28T13:46:05.773+0000: [ParNew: 34438K->6K(38720K), 0.0053222 secs] 1046003K->1011571K(1499884K), 0.0053845 secs] [Times: user=0.02 sys=0.00, real=0.00 secs] 
2020-10-28T13:46:05.833+0000: [GC (Allocation Failure) 2020-10-28T13:46:05.833+0000: [ParNew: 34438K->6K(38720K), 0.0107774 secs] 1046003K->1011571K(1499884K), 0.0108553 secs] [Times: user=0.01 sys=0.00, real=0.01 secs] 
2020-10-28T13:46:05.893+0000: [GC (Allocation Failure) 2020-10-28T13:46:05.893+0000: [ParNew: 34438K->6K(38720K), 0.0091119 secs] 1046003K->1011571K(1499884K), 0.0091910 secs] [Times: user=0.02 sys=0.00, real=0.01 secs] 
2020-10-28T13:46:05.957+0000: [GC (Allocation Failure) 2020-10-28T13:46:05.957+0000: [ParNew: 34438K->6K(38720K), 0.0053492 secs] 1046003K->1011571K(1499884K), 0.0054365 secs] [Times: user=0.02 sys=0.00, real=0.01 secs] 
2020-10-28T13:46:06.012+0000: [GC (Allocation Failure) 2020-10-28T13:46:06.012+0000: [ParNew: 34438K->6K(38720K), 0.0052897 secs] 1046003K->1011571K(1499884K), 0.0053776 secs] [Times: user=0.01 sys=0.00, real=0.00 secs] 
2020-10-28T13:46:06.067+0000: [GC (Allocation Failure) 2020-10-28T13:46:06.067+0000: [ParNew: 34438K->6K(38720K), 0.0053618 secs] 1046003K->1011571K(1499884K), 0.0054671 secs] [Times: user=0.00 sys=0.00, real=0.01 secs] 
2020-10-28T13:46:06.128+0000: [GC (Allocation Failure) 2020-10-28T13:46:06.128+0000: [ParNew: 34438K->6K(38720K), 0.0154867 secs] 1046003K->1011571K(1499884K), 0.0155843 secs] [Times: user=0.02 sys=0.00, real=0.01 secs] 
2020-10-28T13:46:06.195+0000: [GC (Allocation Failure) 2020-10-28T13:46:06.195+0000: [ParNew: 34438K->6K(38720K), 0.0109548 secs] 1046003K->1011571K(1499884K), 0.0110429 secs] [Times: user=0.02 sys=0.00, real=0.01 secs] 
2020-10-28T13:46:06.262+0000: [GC (Allocation Failure) 2020-10-28T13:46:06.262+0000: [ParNew: 34438K->6K(38720K), 0.0115382 secs] 1046003K->1011571K(1499884K), 0.0116259 secs] [Times: user=0.03 sys=0.00, real=0.01 secs] 
2020-10-28T13:46:06.324+0000: [GC (Allocation Failure) 2020-10-28T13:46:06.324+0000: [ParNew: 34438K->6K(38720K), 0.0109957 secs] 1046003K->1011571K(1499884K), 0.0110843 secs] [Times: user=0.01 sys=0.00, real=0.01 secs] 
2020-10-28T13:46:06.389+0000: [GC (Allocation Failure) 2020-10-28T13:46:06.389+0000: [ParNew: 34438K->6K(38720K), 0.0076348 secs] 1046003K->1011571K(1499884K), 0.0077140 secs] [Times: user=0.01 sys=0.00, real=0.00 secs] 
2020-10-28T13:46:06.447+0000: [GC (Allocation Failure) 2020-10-28T13:46:06.447+0000: [ParNew: 34438K->4K(38720K), 0.0053417 secs] 1046003K->1011569K(1499884K), 0.0054030 secs] [Times: user=0.01 sys=0.01, real=0.00 secs] 
2020-10-28T13:46:06.503+0000: [GC (Allocation Failure) 2020-10-28T13:46:06.503+0000: [ParNew: 34436K->6K(38720K), 0.0052621 secs] 1046001K->1011571K(1499884K), 0.0053262 secs] [Times: user=0.01 sys=0.00, real=0.01 secs] 
2020-10-28T13:46:06.548+0000: [GC (Allocation Failure) 2020-10-28T13:46:06.548+0000: [ParNew: 34438K->6K(38720K), 0.0052481 secs] 1046003K->1011571K(1499884K), 0.0053205 secs] [Times: user=0.01 sys=0.00, real=0.00 secs] 
2020-10-28T13:46:06.592+0000: [GC (Allocation Failure) 2020-10-28T13:46:06.592+0000: [ParNew: 34438K->6K(38720K), 0.0052984 secs] 1046003K->1011571K(1499884K), 0.0053606 secs] [Times: user=0.01 sys=0.00, real=0.00 secs] 
2020-10-28T13:46:06.636+0000: [GC (Allocation Failure) 2020-10-28T13:46:06.636+0000: [ParNew: 34438K->4K(38720K), 0.0052432 secs] 1046003K->1011569K(1499884K), 0.0053043 secs] [Times: user=0.01 sys=0.00, real=0.01 secs] 
2020-10-28T13:46:06.687+0000: [GC (Allocation Failure) 2020-10-28T13:46:06.687+0000: [ParNew: 34436K->6K(38720K), 0.0052719 secs] 1046001K->1011571K(1499884K), 0.0053352 secs] [Times: user=0.01 sys=0.00, real=0.01 secs] 
2020-10-28T13:46:06.734+0000: [GC (Allocation Failure) 2020-10-28T13:46:06.734+0000: [ParNew: 34438K->6K(38720K), 0.0052618 secs] 1046003K->1011571K(1499884K), 0.0053250 secs] [Times: user=0.01 sys=0.00, real=0.00 secs] 
2020-10-28T13:46:06.780+0000: [GC (Allocation Failure) 2020-10-28T13:46:06.780+0000: [ParNew: 34438K->4K(38720K), 0.0052812 secs] 1046003K->1011569K(1499884K), 0.0053436 secs] [Times: user=0.01 sys=0.00, real=0.00 secs] 
2020-10-28T13:46:06.828+0000: [GC (Allocation Failure) 2020-10-28T13:46:06.828+0000: [ParNew: 34436K->6K(38720K), 0.0052910 secs] 1046001K->1011571K(1499884K), 0.0053543 secs] [Times: user=0.01 sys=0.00, real=0.00 secs] 
2020-10-28T13:46:06.874+0000: [GC (Allocation Failure) 2020-10-28T13:46:06.874+0000: [ParNew: 34438K->6K(38720K), 0.0052634 secs] 1046003K->1011571K(1499884K), 0.0053265 secs] [Times: user=0.01 sys=0.00, real=0.00 secs] 
2020-10-28T13:46:06.921+0000: [GC (Allocation Failure) 2020-10-28T13:46:06.921+0000: [ParNew: 34438K->6K(38720K), 0.0053383 secs] 1046003K->1011571K(1499884K), 0.0054016 secs] [Times: user=0.01 sys=0.00, real=0.00 secs] 
2020-10-28T13:46:06.967+0000: [GC (Allocation Failure) 2020-10-28T13:46:06.968+0000: [ParNew: 34438K->6K(38720K), 0.0052719 secs] 1046003K->1011571K(1499884K), 0.0053358 secs] [Times: user=0.01 sys=0.00, real=0.00 secs] 
2020-10-28T13:46:07.011+0000: [GC (Allocation Failure) 2020-10-28T13:46:07.011+0000: [ParNew: 34438K->6K(38720K), 0.0053185 secs] 1046003K->1011571K(1499884K), 0.0053892 secs] [Times: user=0.01 sys=0.00, real=0.00 secs] 
2020-10-28T13:46:07.053+0000: [GC (Allocation Failure) 2020-10-28T13:46:07.053+0000: [ParNew: 34438K->6K(38720K), 0.0053632 secs] 1046003K->1011572K(1499884K), 0.0054276 secs] [Times: user=0.01 sys=0.00, real=0.00 secs] 
2020-10-28T13:46:07.106+0000: [GC (Allocation Failure) 2020-10-28T13:46:07.106+0000: [ParNew: 34438K->6K(38720K), 0.0053755 secs] 1046004K->1011571K(1499884K), 0.0054395 secs] [Times: user=0.01 sys=0.00, real=0.01 secs] 
2020-10-28T13:46:07.152+0000: [GC (Allocation Failure) 2020-10-28T13:46:07.152+0000: [ParNew: 34438K->6K(38720K), 0.0053327 secs] 1046003K->1011571K(1499884K), 0.0053963 secs] [Times: user=0.01 sys=0.00, real=0.00 secs] 
2020-10-28T13:46:07.194+0000: [GC (Allocation Failure) 2020-10-28T13:46:07.194+0000: [ParNew: 34438K->6K(38720K), 0.0053954 secs] 1046003K->1011572K(1499884K), 0.0054580 secs] [Times: user=0.01 sys=0.00, real=0.00 secs] 
2020-10-28T13:46:07.240+0000: [GC (Allocation Failure) 2020-10-28T13:46:07.240+0000: [ParNew: 34438K->6K(38720K), 0.0053443 secs] 1046004K->1011571K(1499884K), 0.0054068 secs] [Times: user=0.01 sys=0.00, real=0.00 secs] 
2020-10-28T13:46:07.289+0000: [GC (Allocation Failure) 2020-10-28T13:46:07.289+0000: [ParNew: 34438K->6K(38720K), 0.0052975 secs] 1046003K->1011571K(1499884K), 0.0053625 secs] [Times: user=0.01 sys=0.00, real=0.00 secs] 
2020-10-28T13:46:07.351+0000: [GC (Allocation Failure) 2020-10-28T13:46:07.351+0000: [ParNew: 34438K->8K(38720K), 0.0053377 secs] 1046003K->1011574K(1499884K), 0.0054238 secs] [Times: user=0.02 sys=0.00, real=0.00 secs] 
2020-10-28T13:46:07.404+0000: [GC (Allocation Failure) 2020-10-28T13:46:07.404+0000: [ParNew: 34440K->7K(38720K), 0.0052943 secs] 1046006K->1011573K(1499884K), 0.0053573 secs] [Times: user=0.01 sys=0.00, real=0.01 secs] 
2020-10-28T13:46:07.455+0000: [GC (Allocation Failure) 2020-10-28T13:46:07.455+0000: [ParNew: 34439K->8K(38720K), 0.0079016 secs] 1046005K->1011574K(1499884K), 0.0079654 secs] [Times: user=0.01 sys=0.00, real=0.01 secs] 
2020-10-28T13:46:07.509+0000: [GC (Allocation Failure) 2020-10-28T13:46:07.509+0000: [ParNew: 34440K->8K(38720K), 0.0054171 secs] 1046006K->1011574K(1499884K), 0.0055024 secs] [Times: user=0.01 sys=0.00, real=0.00 secs] 
2020-10-28T13:46:07.558+0000: [GC (Allocation Failure) 2020-10-28T13:46:07.558+0000: [ParNew: 34440K->8K(38720K), 0.0054344 secs] 1046006K->1011574K(1499884K), 0.0054995 secs] [Times: user=0.01 sys=0.00, real=0.01 secs] 
2020-10-28T13:46:07.603+0000: [GC (Allocation Failure) 2020-10-28T13:46:07.603+0000: [ParNew: 34440K->8K(38720K), 0.0053755 secs] 1046006K->1011574K(1499884K), 0.0054402 secs] [Times: user=0.01 sys=0.00, real=0.01 secs] 
2020-10-28T13:46:07.648+0000: [GC (Allocation Failure) 2020-10-28T13:46:07.648+0000: [ParNew: 34440K->5K(38720K), 0.0053815 secs] 1046006K->1011574K(1499884K), 0.0054456 secs] [Times: user=0.01 sys=0.00, real=0.00 secs] 
2020-10-28T13:46:07.696+0000: [GC (Allocation Failure) 2020-10-28T13:46:07.696+0000: [ParNew: 34437K->4K(38720K), 0.0054224 secs] 1046006K->1011572K(1499884K), 0.0054894 secs] [Times: user=0.01 sys=0.00, real=0.01 secs] 
2020-10-28T13:46:07.742+0000: [GC (Allocation Failure) 2020-10-28T13:46:07.743+0000: [ParNew: 34436K->6K(38720K), 0.0053443 secs] 1046004K->1011574K(1499884K), 0.0054105 secs] [Times: user=0.01 sys=0.00, real=0.01 secs] 
2020-10-28T13:46:07.788+0000: [GC (Allocation Failure) 2020-10-28T13:46:07.788+0000: [ParNew: 34438K->6K(38720K), 0.0052740 secs] 1046006K->1011574K(1499884K), 0.0053404 secs] [Times: user=0.01 sys=0.00, real=0.00 secs] 
2020-10-28T13:46:07.830+0000: [GC (Allocation Failure) 2020-10-28T13:46:07.830+0000: [ParNew: 34438K->6K(38720K), 0.0053256 secs] 1046006K->1011574K(1499884K), 0.0053892 secs] [Times: user=0.01 sys=0.00, real=0.00 secs] 
2020-10-28T13:46:07.876+0000: [GC (Allocation Failure) 2020-10-28T13:46:07.876+0000: [ParNew: 34438K->6K(38720K), 0.0053695 secs] 1046006K->1011574K(1499884K), 0.0054373 secs] [Times: user=0.01 sys=0.00, real=0.01 secs] 
2020-10-28T13:46:07.920+0000: [GC (Allocation Failure) 2020-10-28T13:46:07.920+0000: [ParNew: 34438K->6K(38720K), 0.0053056 secs] 1046006K->1011574K(1499884K), 0.0053703 secs] [Times: user=0.01 sys=0.00, real=0.00 secs] 
2020-10-28T13:46:07.978+0000: [GC (Allocation Failure) 2020-10-28T13:46:07.978+0000: [ParNew: 34438K->6K(38720K), 0.0053526 secs] 1046006K->1011574K(1499884K), 0.0054180 secs] [Times: user=0.01 sys=0.00, real=0.01 secs] 
2020-10-28T13:46:08.022+0000: [GC (Allocation Failure) 2020-10-28T13:46:08.022+0000: [ParNew: 34438K->6K(38720K), 0.0054132 secs] 1046006K->1011574K(1499884K), 0.0054751 secs] [Times: user=0.01 sys=0.00, real=0.01 secs] 
2020-10-28T13:46:08.068+0000: [GC (Allocation Failure) 2020-10-28T13:46:08.068+0000: [ParNew: 34438K->6K(38720K), 0.0052362 secs] 1046006K->1011574K(1499884K), 0.0053009 secs] [Times: user=0.02 sys=0.00, real=0.00 secs] 
2020-10-28T13:46:08.116+0000: [GC (Allocation Failure) 2020-10-28T13:46:08.116+0000: [ParNew: 34438K->6K(38720K), 0.0053550 secs] 1046006K->1011574K(1499884K), 0.0054216 secs] [Times: user=0.01 sys=0.00, real=0.01 secs] 
2020-10-28T13:46:08.158+0000: [GC (Allocation Failure) 2020-10-28T13:46:08.158+0000: [ParNew: 34438K->6K(38720K), 0.0052879 secs] 1046006K->1011574K(1499884K), 0.0053522 secs] [Times: user=0.01 sys=0.00, real=0.01 secs] 
2020-10-28T13:46:08.208+0000: [GC (Allocation Failure) 2020-10-28T13:46:08.208+0000: [ParNew: 34438K->6K(38720K), 0.0053219 secs] 1046006K->1011574K(1499884K), 0.0053862 secs] [Times: user=0.01 sys=0.00, real=0.00 secs] 
2020-10-28T13:46:08.253+0000: [GC (Allocation Failure) 2020-10-28T13:46:08.253+0000: [ParNew: 34438K->6K(38720K), 0.0053145 secs] 1046006K->1011574K(1499884K), 0.0053785 secs] [Times: user=0.01 sys=0.00, real=0.00 secs] 
2020-10-28T13:46:08.298+0000: [GC (Allocation Failure) 2020-10-28T13:46:08.298+0000: [ParNew: 34438K->6K(38720K), 0.0053675 secs] 1046006K->1011574K(1499884K), 0.0054297 secs] [Times: user=0.01 sys=0.00, real=0.01 secs] 
2020-10-28T13:46:08.341+0000: [GC (Allocation Failure) 2020-10-28T13:46:08.341+0000: [ParNew: 34438K->6K(38720K), 0.0053172 secs] 1046006K->1011574K(1499884K), 0.0053805 secs] [Times: user=0.01 sys=0.00, real=0.00 secs] 
2020-10-28T13:46:08.385+0000: [GC (Allocation Failure) 2020-10-28T13:46:08.385+0000: [ParNew: 34438K->6K(38720K), 0.0053463 secs] 1046006K->1011574K(1499884K), 0.0054094 secs] [Times: user=0.01 sys=0.00, real=0.01 secs] 
2020-10-28T13:46:08.428+0000: [GC (Allocation Failure) 2020-10-28T13:46:08.428+0000: [ParNew: 34438K->6K(38720K), 0.0052845 secs] 1046006K->1011574K(1499884K), 0.0053463 secs] [Times: user=0.01 sys=0.00, real=0.00 secs] 
2020-10-28T13:46:08.470+0000: [GC (Allocation Failure) 2020-10-28T13:46:08.470+0000: [ParNew: 34438K->6K(38720K), 0.0052859 secs] 1046006K->1011574K(1499884K), 0.0053496 secs] [Times: user=0.01 sys=0.00, real=0.00 secs] 
2020-10-28T13:46:08.514+0000: [GC (Allocation Failure) 2020-10-28T13:46:08.514+0000: [ParNew: 34438K->4K(38720K), 0.0062744 secs] 1046006K->1011572K(1499884K), 0.0063517 secs] [Times: user=0.01 sys=0.00, real=0.01 secs] 
2020-10-28T13:46:08.558+0000: [GC (Allocation Failure) 2020-10-28T13:46:08.558+0000: [ParNew: 34436K->6K(38720K), 0.0052951 secs] 1046004K->1011574K(1499884K), 0.0053584 secs] [Times: user=0.01 sys=0.00, real=0.01 secs] 
2020-10-28T13:46:08.604+0000: [GC (Allocation Failure) 2020-10-28T13:46:08.604+0000: [ParNew: 34438K->6K(38720K), 0.0053161 secs] 1046006K->1011574K(1499884K), 0.0053950 secs] [Times: user=0.01 sys=0.00, real=0.01 secs] 
2020-10-28T13:46:08.650+0000: [GC (Allocation Failure) 2020-10-28T13:46:08.650+0000: [ParNew: 34438K->6K(38720K), 0.0053124 secs] 1046006K->1011574K(1499884K), 0.0053756 secs] [Times: user=0.01 sys=0.00, real=0.00 secs] 
2020-10-28T13:46:08.693+0000: [GC (Allocation Failure) 2020-10-28T13:46:08.693+0000: [ParNew: 34438K->4K(38720K), 0.0053229 secs] 1046006K->1011572K(1499884K), 0.0053914 secs] [Times: user=0.01 sys=0.00, real=0.00 secs] 
2020-10-28T13:46:08.739+0000: [GC (Allocation Failure) 2020-10-28T13:46:08.739+0000: [ParNew: 34436K->6K(38720K), 0.0053803 secs] 1046004K->1011574K(1499884K), 0.0054448 secs] [Times: user=0.01 sys=0.00, real=0.01 secs] 
2020-10-28T13:46:08.788+0000: [GC (Allocation Failure) 2020-10-28T13:46:08.788+0000: [ParNew: 34438K->6K(38720K), 0.0053043 secs] 1046006K->1011574K(1499884K), 0.0053680 secs] [Times: user=0.01 sys=0.00, real=0.00 secs] 
2020-10-28T13:46:08.829+0000: [GC (Allocation Failure) 2020-10-28T13:46:08.829+0000: [ParNew: 34438K->6K(38720K), 0.0052609 secs] 1046006K->1011574K(1499884K), 0.0053241 secs] [Times: user=0.01 sys=0.00, real=0.00 secs] 
2020-10-28T13:46:08.883+0000: [GC (Allocation Failure) 2020-10-28T13:46:08.883+0000: [ParNew: 34438K->6K(38720K), 0.0053892 secs] 1046006K->1011574K(1499884K), 0.0054525 secs] [Times: user=0.01 sys=0.00, real=0.01 secs] 
2020-10-28T13:46:08.925+0000: [GC (Allocation Failure) 2020-10-28T13:46:08.925+0000: [ParNew: 34438K->6K(38720K), 0.0053851 secs] 1046006K->1011574K(1499884K), 0.0054500 secs] [Times: user=0.01 sys=0.00, real=0.01 secs] 
2020-10-28T13:46:08.972+0000: [GC (Allocation Failure) 2020-10-28T13:46:08.972+0000: [ParNew: 34438K->6K(38720K), 0.0052747 secs] 1046006K->1011574K(1499884K), 0.0053354 secs] [Times: user=0.01 sys=0.00, real=0.00 secs] 
2020-10-28T13:46:09.013+0000: [GC (Allocation Failure) 2020-10-28T13:46:09.013+0000: [ParNew: 34438K->6K(38720K), 0.0053237 secs] 1046006K->1011574K(1499884K), 0.0053877 secs] [Times: user=0.01 sys=0.00, real=0.00 secs] 
2020-10-28T13:46:09.060+0000: [GC (Allocation Failure) 2020-10-28T13:46:09.060+0000: [ParNew: 34438K->6K(38720K), 0.0052705 secs] 1046006K->1011574K(1499884K), 0.0053336 secs] [Times: user=0.01 sys=0.00, real=0.00 secs] 
2020-10-28T13:46:09.111+0000: [GC (Allocation Failure) 2020-10-28T13:46:09.111+0000: [ParNew: 34438K->6K(38720K), 0.0053354 secs] 1046006K->1011574K(1499884K), 0.0054007 secs] [Times: user=0.01 sys=0.00, real=0.00 secs] 
2020-10-28T13:46:09.153+0000: [GC (Allocation Failure) 2020-10-28T13:46:09.153+0000: [ParNew: 34438K->6K(38720K), 0.0053418 secs] 1046006K->1011574K(1499884K), 0.0054045 secs] [Times: user=0.01 sys=0.00, real=0.00 secs] 
2020-10-28T13:46:09.199+0000: [GC (Allocation Failure) 2020-10-28T13:46:09.199+0000: [ParNew: 34438K->6K(38720K), 0.0053211 secs] 1046006K->1011574K(1499884K), 0.0053855 secs] [Times: user=0.01 sys=0.00, real=0.01 secs] 
2020-10-28T13:46:09.242+0000: [GC (Allocation Failure) 2020-10-28T13:46:09.242+0000: [ParNew: 34438K->6K(38720K), 0.0054038 secs] 1046006K->1011574K(1499884K), 0.0054729 secs] [Times: user=0.01 sys=0.00, real=0.01 secs] 
2020-10-28T13:46:09.295+0000: [GC (Allocation Failure) 2020-10-28T13:46:09.295+0000: [ParNew: 34438K->6K(38720K), 0.0061591 secs] 1046006K->1011574K(1499884K), 0.0062243 secs] [Times: user=0.01 sys=0.00, real=0.01 secs] 
2020-10-28T13:46:09.340+0000: [GC (Allocation Failure) 2020-10-28T13:46:09.340+0000: [ParNew: 34438K->6K(38720K), 0.0053211 secs] 1046006K->1011574K(1499884K), 0.0053855 secs] [Times: user=0.01 sys=0.00, real=0.00 secs] 
2020-10-28T13:46:09.386+0000: [GC (Allocation Failure) 2020-10-28T13:46:09.386+0000: [ParNew: 34438K->6K(38720K), 0.0053806 secs] 1046006K->1011574K(1499884K), 0.0054436 secs] [Times: user=0.01 sys=0.00, real=0.01 secs] 
2020-10-28T13:46:09.431+0000: [GC (Allocation Failure) 2020-10-28T13:46:09.431+0000: [ParNew: 34438K->6K(38720K), 0.0054304 secs] 1046006K->1011574K(1499884K), 0.0054949 secs] [Times: user=0.01 sys=0.00, real=0.00 secs] 
2020-10-28T13:46:09.477+0000: [GC (Allocation Failure) 2020-10-28T13:46:09.477+0000: [ParNew: 34438K->6K(38720K), 0.0053841 secs] 1046006K->1011574K(1499884K), 0.0054472 secs] [Times: user=0.01 sys=0.00, real=0.01 secs] 
2020-10-28T13:46:09.524+0000: [GC (Allocation Failure) 2020-10-28T13:46:09.524+0000: [ParNew: 34438K->6K(38720K), 0.0053903 secs] 1046006K->1011574K(1499884K), 0.0054557 secs] [Times: user=0.01 sys=0.00, real=0.01 secs] 
2020-10-28T13:46:09.568+0000: [GC (Allocation Failure) 2020-10-28T13:46:09.568+0000: [ParNew: 34438K->6K(38720K), 0.0053617 secs] 1046006K->1011574K(1499884K), 0.0054245 secs] [Times: user=0.01 sys=0.00, real=0.00 secs] 
2020-10-28T13:46:09.616+0000: [GC (Allocation Failure) 2020-10-28T13:46:09.616+0000: [ParNew: 34438K->6K(38720K), 0.0053610 secs] 1046006K->1011574K(1499884K), 0.0054359 secs] [Times: user=0.01 sys=0.00, real=0.01 secs] 
2020-10-28T13:46:09.664+0000: [GC (Allocation Failure) 2020-10-28T13:46:09.664+0000: [ParNew: 34438K->6K(38720K), 0.0052772 secs] 1046006K->1011574K(1499884K), 0.0053404 secs] [Times: user=0.01 sys=0.00, real=0.01 secs] 
2020-10-28T13:46:09.711+0000: [GC (Allocation Failure) 2020-10-28T13:46:09.711+0000: [ParNew: 34438K->6K(38720K), 0.0053959 secs] 1046006K->1011574K(1499884K), 0.0054620 secs] [Times: user=0.01 sys=0.00, real=0.00 secs] 
2020-10-28T13:46:09.756+0000: [GC (Allocation Failure) 2020-10-28T13:46:09.756+0000: [ParNew: 34438K->6K(38720K), 0.0053995 secs] 1046006K->1011574K(1499884K), 0.0054652 secs] [Times: user=0.01 sys=0.00, real=0.01 secs] 
2020-10-28T13:46:09.808+0000: [GC (Allocation Failure) 2020-10-28T13:46:09.808+0000: [ParNew: 34438K->4K(38720K), 0.0053358 secs] 1046006K->1011572K(1499884K), 0.0054030 secs] [Times: user=0.01 sys=0.00, real=0.00 secs] 
2020-10-28T13:46:09.852+0000: [GC (Allocation Failure) 2020-10-28T13:46:09.852+0000: [ParNew: 34436K->6K(38720K), 0.0053270 secs] 1046004K->1011574K(1499884K), 0.0053904 secs] [Times: user=0.01 sys=0.00, real=0.00 secs] 
2020-10-28T13:46:09.899+0000: [GC (Allocation Failure) 2020-10-28T13:46:09.899+0000: [ParNew: 34438K->6K(38720K), 0.0053484 secs] 1046006K->1011574K(1499884K), 0.0054119 secs] [Times: user=0.01 sys=0.00, real=0.01 secs] 
2020-10-28T13:46:09.945+0000: [GC (Allocation Failure) 2020-10-28T13:46:09.945+0000: [ParNew: 34438K->6K(38720K), 0.0052793 secs] 1046006K->1011574K(1499884K), 0.0053425 secs] [Times: user=0.01 sys=0.00, real=0.01 secs] 
2020-10-28T13:46:09.992+0000: [GC (Allocation Failure) 2020-10-28T13:46:09.992+0000: [ParNew: 34438K->8K(38720K), 0.0054691 secs] 1046006K->1011576K(1499884K), 0.0055379 secs] [Times: user=0.01 sys=0.00, real=0.00 secs] 
2020-10-28T13:46:10.048+0000: [GC (Allocation Failure) 2020-10-28T13:46:10.048+0000: [ParNew: 34440K->12K(38720K), 0.0054074 secs] 1046008K->1011581K(1499884K), 0.0054772 secs] [Times: user=0.01 sys=0.00, real=0.00 secs] 
2020-10-28T13:46:10.100+0000: [GC (Allocation Failure) 2020-10-28T13:46:10.100+0000: [ParNew: 34444K->16K(38720K), 0.0054076 secs] 1046013K->1011585K(1499884K), 0.0054633 secs] [Times: user=0.01 sys=0.00, real=0.00 secs] 
2020-10-28T13:46:10.143+0000: [GC (Allocation Failure) 2020-10-28T13:46:10.143+0000: [ParNew: 34448K->13K(38720K), 0.0053426 secs] 1046017K->1011583K(1499884K), 0.0054078 secs] [Times: user=0.01 sys=0.00, real=0.01 secs] 
2020-10-28T13:46:10.186+0000: [GC (Allocation Failure) 2020-10-28T13:46:10.186+0000: [ParNew: 34445K->16K(38720K), 0.0054006 secs] 1046015K->1011585K(1499884K), 0.0054789 secs] [Times: user=0.01 sys=0.00, real=0.01 secs] 
2020-10-28T13:46:10.240+0000: [GC (Allocation Failure) 2020-10-28T13:46:10.240+0000: [ParNew: 34448K->11K(38720K), 0.0053939 secs] 1046017K->1011580K(1499884K), 0.0054604 secs] [Times: user=0.01 sys=0.00, real=0.00 secs] 
2020-10-28T13:46:10.288+0000: [GC (Allocation Failure) 2020-10-28T13:46:10.288+0000: [ParNew: 34443K->12K(38720K), 0.0053416 secs] 1046012K->1011582K(1499884K), 0.0053976 secs] [Times: user=0.01 sys=0.00, real=0.00 secs] 
2020-10-28T13:46:10.334+0000: [GC (Allocation Failure) 2020-10-28T13:46:10.334+0000: [ParNew: 34444K->9K(38720K), 0.0053801 secs] 1046014K->1011584K(1499884K), 0.0054444 secs] [Times: user=0.01 sys=0.00, real=0.01 secs] 
2020-10-28T13:46:10.381+0000: [GC (Allocation Failure) 2020-10-28T13:46:10.381+0000: [ParNew: 34441K->4K(38720K), 0.0053716 secs] 1046016K->1011578K(1499884K), 0.0054366 secs] [Times: user=0.01 sys=0.00, real=0.00 secs] 
2020-10-28T13:46:10.427+0000: [GC (Allocation Failure) 2020-10-28T13:46:10.427+0000: [ParNew: 34436K->6K(38720K), 0.0053604 secs] 1046010K->1011580K(1499884K), 0.0054241 secs] [Times: user=0.01 sys=0.00, real=0.01 secs] 
2020-10-28T13:46:10.469+0000: [GC (Allocation Failure) 2020-10-28T13:46:10.469+0000: [ParNew: 34438K->6K(38720K), 0.0054068 secs] 1046012K->1011580K(1499884K), 0.0054748 secs] [Times: user=0.01 sys=0.00, real=0.00 secs] 
2020-10-28T13:46:10.515+0000: [GC (Allocation Failure) 2020-10-28T13:46:10.515+0000: [ParNew: 34438K->4K(38720K), 0.0053103 secs] 1046012K->1011579K(1499884K), 0.0053738 secs] [Times: user=0.01 sys=0.00, real=0.01 secs] 
2020-10-28T13:46:10.562+0000: [GC (Allocation Failure) 2020-10-28T13:46:10.562+0000: [ParNew: 34436K->6K(38720K), 0.0053163 secs] 1046011K->1011581K(1499884K), 0.0053793 secs] [Times: user=0.01 sys=0.00, real=0.01 secs] 
2020-10-28T13:46:10.628+0000: [GC (Allocation Failure) 2020-10-28T13:46:10.628+0000: [ParNew: 34438K->9K(38720K), 0.0054069 secs] 1046013K->1011584K(1499884K), 0.0054723 secs] [Times: user=0.01 sys=0.00, real=0.00 secs] 
2020-10-28T13:46:10.679+0000: [GC (Allocation Failure) 2020-10-28T13:46:10.679+0000: [ParNew: 34441K->13K(38720K), 0.0053415 secs] 1046016K->1011588K(1499884K), 0.0054075 secs] [Times: user=0.02 sys=0.00, real=0.01 secs] 
2020-10-28T13:46:10.725+0000: [GC (Allocation Failure) 2020-10-28T13:46:10.725+0000: [ParNew: 34445K->14K(38720K), 0.0053292 secs] 1046020K->1011589K(1499884K), 0.0053949 secs] [Times: user=0.01 sys=0.00, real=0.01 secs] 
2020-10-28T13:46:10.767+0000: [GC (Allocation Failure) 2020-10-28T13:46:10.767+0000: [ParNew: 34446K->13K(38720K), 0.0053909 secs] 1046021K->1011588K(1499884K), 0.0054786 secs] [Times: user=0.01 sys=0.00, real=0.01 secs] 
2020-10-28T13:46:10.810+0000: [GC (Allocation Failure) 2020-10-28T13:46:10.810+0000: [ParNew: 34445K->15K(38720K), 0.0054046 secs] 1046020K->1011590K(1499884K), 0.0054878 secs] [Times: user=0.02 sys=0.00, real=0.00 secs] 
2020-10-28T13:46:10.859+0000: [GC (Allocation Failure) 2020-10-28T13:46:10.859+0000: [ParNew: 34447K->14K(38720K), 0.0054029 secs] 1046022K->1011589K(1499884K), 0.0054698 secs] [Times: user=0.01 sys=0.00, real=0.01 secs] 
2020-10-28T13:46:10.906+0000: [GC (Allocation Failure) 2020-10-28T13:46:10.906+0000: [ParNew: 34446K->9K(38720K), 0.0053813 secs] 1046021K->1011589K(1499884K), 0.0054450 secs] [Times: user=0.01 sys=0.00, real=0.01 secs] 
2020-10-28T13:46:10.949+0000: [GC (Allocation Failure) 2020-10-28T13:46:10.949+0000: [ParNew: 34441K->6K(38720K), 0.0053570 secs] 1046021K->1011588K(1499884K), 0.0054230 secs] [Times: user=0.01 sys=0.00, real=0.00 secs] 
2020-10-28T13:46:10.997+0000: [GC (Allocation Failure) 2020-10-28T13:46:10.997+0000: [ParNew: 34438K->6K(38720K), 0.0053257 secs] 1046020K->1011587K(1499884K), 0.0053912 secs] [Times: user=0.01 sys=0.00, real=0.01 secs] 
2020-10-28T13:46:11.044+0000: [GC (Allocation Failure) 2020-10-28T13:46:11.044+0000: [ParNew: 34438K->6K(38720K), 0.0053579 secs] 1046019K->1011587K(1499884K), 0.0054251 secs] [Times: user=0.01 sys=0.00, real=0.01 secs] 
2020-10-28T13:46:11.092+0000: [GC (Allocation Failure) 2020-10-28T13:46:11.092+0000: [ParNew: 34438K->6K(38720K), 0.0053350 secs] 1046019K->1011587K(1499884K), 0.0053997 secs] [Times: user=0.01 sys=0.00, real=0.00 secs] 
2020-10-28T13:46:11.139+0000: [GC (Allocation Failure) 2020-10-28T13:46:11.139+0000: [ParNew: 34438K->6K(38720K), 0.0053273 secs] 1046019K->1011587K(1499884K), 0.0053947 secs] [Times: user=0.01 sys=0.00, real=0.00 secs] 
2020-10-28T13:46:11.184+0000: [GC (Allocation Failure) 2020-10-28T13:46:11.184+0000: [ParNew: 34438K->6K(38720K), 0.0052886 secs] 1046019K->1011587K(1499884K), 0.0053519 secs] [Times: user=0.01 sys=0.00, real=0.01 secs] 
2020-10-28T13:46:11.226+0000: [GC (Allocation Failure) 2020-10-28T13:46:11.226+0000: [ParNew: 34438K->6K(38720K), 0.0053825 secs] 1046019K->1011587K(1499884K), 0.0054446 secs] [Times: user=0.01 sys=0.00, real=0.01 secs] 
2020-10-28T13:46:11.272+0000: [GC (Allocation Failure) 2020-10-28T13:46:11.272+0000: [ParNew: 34438K->6K(38720K), 0.0053405 secs] 1046019K->1011587K(1499884K), 0.0054045 secs] [Times: user=0.01 sys=0.00, real=0.00 secs] 
2020-10-28T13:46:11.315+0000: [GC (Allocation Failure) 2020-10-28T13:46:11.315+0000: [ParNew: 34438K->6K(38720K), 0.0053477 secs] 1046019K->1011587K(1499884K), 0.0054041 secs] [Times: user=0.01 sys=0.00, real=0.01 secs] 
2020-10-28T13:46:11.362+0000: [GC (Allocation Failure) 2020-10-28T13:46:11.362+0000: [ParNew: 34438K->8K(38720K), 0.0053449 secs] 1046019K->1011589K(1499884K), 0.0054115 secs] [Times: user=0.01 sys=0.00, real=0.00 secs] 
2020-10-28T13:46:11.408+0000: [GC (Allocation Failure) 2020-10-28T13:46:11.408+0000: [ParNew: 34440K->8K(38720K), 0.0053837 secs] 1046021K->1011590K(1499884K), 0.0054506 secs] [Times: user=0.01 sys=0.00, real=0.00 secs] 
2020-10-28T13:46:11.456+0000: [GC (Allocation Failure) 2020-10-28T13:46:11.456+0000: [ParNew: 34440K->6K(38720K), 0.0053440 secs] 1046022K->1011587K(1499884K), 0.0054107 secs] [Times: user=0.02 sys=0.00, real=0.01 secs] 
2020-10-28T13:46:11.500+0000: [GC (Allocation Failure) 2020-10-28T13:46:11.500+0000: [ParNew: 34438K->6K(38720K), 0.0053328 secs] 1046019K->1011587K(1499884K), 0.0053967 secs] [Times: user=0.01 sys=0.00, real=0.00 secs] 
2020-10-28T13:46:11.548+0000: [GC (Allocation Failure) 2020-10-28T13:46:11.548+0000: [ParNew: 34438K->6K(38720K), 0.0053929 secs] 1046019K->1011588K(1499884K), 0.0054615 secs] [Times: user=0.01 sys=0.00, real=0.00 secs] 
2020-10-28T13:46:11.590+0000: [GC (Allocation Failure) 2020-10-28T13:46:11.590+0000: [ParNew: 34438K->6K(38720K), 0.0053268 secs] 1046020K->1011588K(1499884K), 0.0053903 secs] [Times: user=0.01 sys=0.00, real=0.00 secs] 
2020-10-28T13:46:11.640+0000: [GC (Allocation Failure) 2020-10-28T13:46:11.640+0000: [ParNew: 34438K->7K(38720K), 0.0053495 secs] 1046020K->1011589K(1499884K), 0.0054155 secs] [Times: user=0.01 sys=0.00, real=0.00 secs] 
2020-10-28T13:46:11.686+0000: [GC (Allocation Failure) 2020-10-28T13:46:11.686+0000: [ParNew: 34439K->4K(38720K), 0.0053497 secs] 1046021K->1011586K(1499884K), 0.0054139 secs] [Times: user=0.01 sys=0.00, real=0.01 secs] 
2020-10-28T13:46:11.732+0000: [GC (Allocation Failure) 2020-10-28T13:46:11.732+0000: [ParNew: 34436K->6K(38720K), 0.0053004 secs] 1046018K->1011588K(1499884K), 0.0053635 secs] [Times: user=0.01 sys=0.00, real=0.00 secs] 
2020-10-28T13:46:11.775+0000: [GC (Allocation Failure) 2020-10-28T13:46:11.775+0000: [ParNew: 34438K->6K(38720K), 0.0053555 secs] 1046020K->1011588K(1499884K), 0.0054194 secs] [Times: user=0.01 sys=0.00, real=0.01 secs] 
2020-10-28T13:46:11.823+0000: [GC (Allocation Failure) 2020-10-28T13:46:11.823+0000: [ParNew: 34438K->6K(38720K), 0.0053123 secs] 1046020K->1011588K(1499884K), 0.0053747 secs] [Times: user=0.01 sys=0.00, real=0.01 secs] 
2020-10-28T13:46:11.876+0000: [GC (Allocation Failure) 2020-10-28T13:46:11.876+0000: [ParNew: 34438K->6K(38720K), 0.0053923 secs] 1046020K->1011588K(1499884K), 0.0054848 secs] [Times: user=0.01 sys=0.00, real=0.01 secs] 
2020-10-28T13:46:11.928+0000: [GC (Allocation Failure) 2020-10-28T13:46:11.928+0000: [ParNew: 34438K->4K(38720K), 0.0054108 secs] 1046020K->1011586K(1499884K), 0.0054789 secs] [Times: user=0.01 sys=0.00, real=0.00 secs] 
2020-10-28T13:46:11.972+0000: [GC (Allocation Failure) 2020-10-28T13:46:11.972+0000: [ParNew: 34436K->6K(38720K), 0.0053254 secs] 1046018K->1011588K(1499884K), 0.0053926 secs] [Times: user=0.01 sys=0.00, real=0.00 secs] 
2020-10-28T13:46:12.019+0000: [GC (Allocation Failure) 2020-10-28T13:46:12.019+0000: [ParNew: 34438K->6K(38720K), 0.0053262 secs] 1046020K->1011588K(1499884K), 0.0053920 secs] [Times: user=0.02 sys=0.00, real=0.01 secs] 
2020-10-28T13:46:12.064+0000: [GC (Allocation Failure) 2020-10-28T13:46:12.064+0000: [ParNew: 34438K->6K(38720K), 0.0052630 secs] 1046020K->1011588K(1499884K), 0.0053267 secs] [Times: user=0.01 sys=0.00, real=0.01 secs] 
2020-10-28T13:46:12.108+0000: [GC (Allocation Failure) 2020-10-28T13:46:12.108+0000: [ParNew: 34438K->6K(38720K), 0.0063874 secs] 1046020K->1011588K(1499884K), 0.0064547 secs] [Times: user=0.01 sys=0.00, real=0.00 secs] 
2020-10-28T13:46:12.151+0000: [GC (Allocation Failure) 2020-10-28T13:46:12.151+0000: [ParNew: 34438K->6K(38720K), 0.0053254 secs] 1046020K->1011588K(1499884K), 0.0053914 secs] [Times: user=0.01 sys=0.00, real=0.00 secs] 
2020-10-28T13:46:12.194+0000: [GC (Allocation Failure) 2020-10-28T13:46:12.194+0000: [ParNew: 34438K->6K(38720K), 0.0054267 secs] 1046020K->1011588K(1499884K), 0.0054922 secs] [Times: user=0.01 sys=0.00, real=0.01 secs] 
2020-10-28T13:46:12.240+0000: [GC (Allocation Failure) 2020-10-28T13:46:12.240+0000: [ParNew: 34438K->6K(38720K), 0.0053093 secs] 1046020K->1011588K(1499884K), 0.0053721 secs] [Times: user=0.01 sys=0.00, real=0.00 secs] 
2020-10-28T13:46:12.282+0000: [GC (Allocation Failure) 2020-10-28T13:46:12.282+0000: [ParNew: 34438K->6K(38720K), 0.0053241 secs] 1046020K->1011588K(1499884K), 0.0053881 secs] [Times: user=0.01 sys=0.00, real=0.00 secs] 
2020-10-28T13:46:12.328+0000: [GC (Allocation Failure) 2020-10-28T13:46:12.328+0000: [ParNew: 34438K->6K(38720K), 0.0052576 secs] 1046020K->1011588K(1499884K), 0.0053203 secs] [Times: user=0.01 sys=0.00, real=0.00 secs] 
2020-10-28T13:46:12.375+0000: [GC (Allocation Failure) 2020-10-28T13:46:12.375+0000: [ParNew: 34438K->6K(38720K), 0.0053184 secs] 1046020K->1011588K(1499884K), 0.0053820 secs] [Times: user=0.01 sys=0.00, real=0.01 secs] 
2020-10-28T13:46:12.421+0000: [GC (Allocation Failure) 2020-10-28T13:46:12.421+0000: [ParNew: 34438K->6K(38720K), 0.0052840 secs] 1046020K->1011588K(1499884K), 0.0053482 secs] [Times: user=0.01 sys=0.00, real=0.00 secs] 
2020-10-28T13:46:12.463+0000: [GC (Allocation Failure) 2020-10-28T13:46:12.463+0000: [ParNew: 34438K->6K(38720K), 0.0052951 secs] 1046020K->1011588K(1499884K), 0.0053596 secs] [Times: user=0.01 sys=0.00, real=0.01 secs] 
2020-10-28T13:46:12.508+0000: [GC (Allocation Failure) 2020-10-28T13:46:12.508+0000: [ParNew: 34438K->6K(38720K), 0.0052672 secs] 1046020K->1011588K(1499884K), 0.0053317 secs] [Times: user=0.01 sys=0.00, real=0.00 secs] 
2020-10-28T13:46:12.556+0000: [GC (Allocation Failure) 2020-10-28T13:46:12.556+0000: [ParNew: 34438K->6K(38720K), 0.0075898 secs] 1046020K->1011588K(1499884K), 0.0076544 secs] [Times: user=0.01 sys=0.00, real=0.01 secs] 
2020-10-28T13:46:12.600+0000: [GC (Allocation Failure) 2020-10-28T13:46:12.600+0000: [ParNew: 34438K->6K(38720K), 0.0053545 secs] 1046020K->1011588K(1499884K), 0.0054184 secs] [Times: user=0.01 sys=0.00, real=0.00 secs] 
2020-10-28T13:46:12.644+0000: [GC (Allocation Failure) 2020-10-28T13:46:12.644+0000: [ParNew: 34438K->6K(38720K), 0.0054036 secs] 1046020K->1011588K(1499884K), 0.0054712 secs] [Times: user=0.02 sys=0.00, real=0.01 secs] 
2020-10-28T13:46:12.692+0000: [GC (Allocation Failure) 2020-10-28T13:46:12.692+0000: [ParNew: 34438K->6K(38720K), 0.0053317 secs] 1046020K->1011588K(1499884K), 0.0053956 secs] [Times: user=0.01 sys=0.00, real=0.00 secs] 
2020-10-28T13:46:12.738+0000: [GC (Allocation Failure) 2020-10-28T13:46:12.739+0000: [ParNew: 34438K->6K(38720K), 0.0054986 secs] 1046020K->1011588K(1499884K), 0.0055678 secs] [Times: user=0.02 sys=0.00, real=0.01 secs] 
2020-10-28T13:46:12.788+0000: [GC (Allocation Failure) 2020-10-28T13:46:12.788+0000: [ParNew: 34438K->6K(38720K), 0.0053646 secs] 1046020K->1011588K(1499884K), 0.0054324 secs] [Times: user=0.01 sys=0.00, real=0.00 secs] 
2020-10-28T13:46:12.832+0000: [GC (Allocation Failure) 2020-10-28T13:46:12.832+0000: [ParNew: 34438K->6K(38720K), 0.0053765 secs] 1046020K->1011588K(1499884K), 0.0054421 secs] [Times: user=0.01 sys=0.00, real=0.00 secs] 
2020-10-28T13:46:12.879+0000: [GC (Allocation Failure) 2020-10-28T13:46:12.879+0000: [ParNew: 34438K->6K(38720K), 0.0053656 secs] 1046020K->1011588K(1499884K), 0.0054307 secs] [Times: user=0.01 sys=0.00, real=0.01 secs] 
2020-10-28T13:46:12.924+0000: [GC (Allocation Failure) 2020-10-28T13:46:12.924+0000: [ParNew: 34438K->6K(38720K), 0.0053779 secs] 1046020K->1011588K(1499884K), 0.0054447 secs] [Times: user=0.01 sys=0.00, real=0.01 secs] 
2020-10-28T13:46:12.980+0000: [GC (Allocation Failure) 2020-10-28T13:46:12.980+0000: [ParNew: 34438K->6K(38720K), 0.0052773 secs] 1046020K->1011588K(1499884K), 0.0053425 secs] [Times: user=0.01 sys=0.00, real=0.00 secs] 
2020-10-28T13:46:13.024+0000: [GC (Allocation Failure) 2020-10-28T13:46:13.024+0000: [ParNew: 34438K->6K(38720K), 0.0053830 secs] 1046020K->1011588K(1499884K), 0.0054491 secs] [Times: user=0.01 sys=0.00, real=0.01 secs] 
2020-10-28T13:46:13.068+0000: [GC (Allocation Failure) 2020-10-28T13:46:13.068+0000: [ParNew: 34438K->6K(38720K), 0.0053440 secs] 1046020K->1011588K(1499884K), 0.0054105 secs] [Times: user=0.01 sys=0.00, real=0.00 secs] 
2020-10-28T13:46:13.110+0000: [GC (Allocation Failure) 2020-10-28T13:46:13.110+0000: [ParNew: 34438K->6K(38720K), 0.0061212 secs] 1046020K->1011588K(1499884K), 0.0061890 secs] [Times: user=0.01 sys=0.00, real=0.00 secs] 
2020-10-28T13:46:13.159+0000: [GC (Allocation Failure) 2020-10-28T13:46:13.159+0000: [ParNew: 34438K->6K(38720K), 0.0053137 secs] 1046020K->1011588K(1499884K), 0.0053801 secs] [Times: user=0.01 sys=0.00, real=0.00 secs] 
2020-10-28T13:46:13.206+0000: [GC (Allocation Failure) 2020-10-28T13:46:13.206+0000: [ParNew: 34438K->6K(38720K), 0.0053418 secs] 1046020K->1011588K(1499884K), 0.0054072 secs] [Times: user=0.01 sys=0.00, real=0.01 secs] 
2020-10-28T13:46:13.252+0000: [GC (Allocation Failure) 2020-10-28T13:46:13.252+0000: [ParNew: 34438K->6K(38720K), 0.0054973 secs] 1046020K->1011588K(1499884K), 0.0055623 secs] [Times: user=0.02 sys=0.00, real=0.00 secs] 
2020-10-28T13:46:13.307+0000: [GC (Allocation Failure) 2020-10-28T13:46:13.307+0000: [ParNew: 34438K->6K(38720K), 0.0099521 secs] 1046020K->1011588K(1499884K), 0.0100316 secs] [Times: user=0.01 sys=0.00, real=0.00 secs] 
2020-10-28T13:46:13.355+0000: [GC (Allocation Failure) 2020-10-28T13:46:13.355+0000: [ParNew: 34438K->6K(38720K), 0.0053526 secs] 1046020K->1011588K(1499884K), 0.0054186 secs] [Times: user=0.01 sys=0.00, real=0.01 secs] 
2020-10-28T13:46:13.424+0000: [GC (Allocation Failure) 2020-10-28T13:46:13.424+0000: [ParNew: 34438K->6K(38720K), 0.0112193 secs] 1046020K->1011588K(1499884K), 0.0113146 secs] [Times: user=0.01 sys=0.00, real=0.01 secs] 
2020-10-28T13:46:13.480+0000: [GC (Allocation Failure) 2020-10-28T13:46:13.480+0000: [ParNew: 34438K->6K(38720K), 0.0054039 secs] 1046020K->1011589K(1499884K), 0.0054706 secs] [Times: user=0.01 sys=0.00, real=0.00 secs] 
2020-10-28T13:46:13.527+0000: [GC (Allocation Failure) 2020-10-28T13:46:13.527+0000: [ParNew: 34438K->6K(38720K), 0.0053387 secs] 1046021K->1011589K(1499884K), 0.0054039 secs] [Times: user=0.01 sys=0.00, real=0.01 secs] 
2020-10-28T13:46:13.569+0000: [GC (Allocation Failure) 2020-10-28T13:46:13.569+0000: [ParNew: 34438K->6K(38720K), 0.0053601 secs] 1046021K->1011589K(1499884K), 0.0054269 secs] [Times: user=0.01 sys=0.00, real=0.00 secs] 
2020-10-28T13:46:13.611+0000: [GC (Allocation Failure) 2020-10-28T13:46:13.611+0000: [ParNew: 34438K->4K(38720K), 0.0055319 secs] 1046021K->1011587K(1499884K), 0.0055950 secs] [Times: user=0.02 sys=0.00, real=0.00 secs] 
2020-10-28T13:46:13.654+0000: [GC (Allocation Failure) 2020-10-28T13:46:13.654+0000: [ParNew: 34436K->6K(38720K), 0.0053497 secs] 1046019K->1011589K(1499884K), 0.0054131 secs] [Times: user=0.00 sys=0.00, real=0.01 secs] 
2020-10-28T13:46:13.700+0000: [GC (Allocation Failure) 2020-10-28T13:46:13.700+0000: [ParNew: 34438K->6K(38720K), 0.0052965 secs] 1046021K->1011589K(1499884K), 0.0053596 secs] [Times: user=0.01 sys=0.00, real=0.00 secs] 
2020-10-28T13:46:13.744+0000: [GC (Allocation Failure) 2020-10-28T13:46:13.744+0000: [ParNew: 34438K->6K(38720K), 0.0053326 secs] 1046021K->1011589K(1499884K), 0.0053955 secs] [Times: user=0.01 sys=0.00, real=0.01 secs] 
2020-10-28T13:46:13.792+0000: [GC (Allocation Failure) 2020-10-28T13:46:13.792+0000: [ParNew: 34438K->6K(38720K), 0.0053128 secs] 1046021K->1011589K(1499884K), 0.0053774 secs] [Times: user=0.01 sys=0.00, real=0.00 secs] 
2020-10-28T13:46:13.837+0000: [GC (Allocation Failure) 2020-10-28T13:46:13.837+0000: [ParNew: 34438K->6K(38720K), 0.0053219 secs] 1046021K->1011589K(1499884K), 0.0053850 secs] [Times: user=0.01 sys=0.00, real=0.01 secs] 
2020-10-28T13:46:13.883+0000: [GC (Allocation Failure) 2020-10-28T13:46:13.883+0000: [ParNew: 34438K->6K(38720K), 0.0053111 secs] 1046021K->1011589K(1499884K), 0.0053748 secs] [Times: user=0.01 sys=0.00, real=0.01 secs] 
2020-10-28T13:46:13.930+0000: [GC (Allocation Failure) 2020-10-28T13:46:13.930+0000: [ParNew: 34438K->6K(38720K), 0.0052995 secs] 1046021K->1011589K(1499884K), 0.0053629 secs] [Times: user=0.01 sys=0.00, real=0.00 secs] 
2020-10-28T13:46:13.974+0000: [GC (Allocation Failure) 2020-10-28T13:46:13.974+0000: [ParNew: 34438K->6K(38720K), 0.0053481 secs] 1046021K->1011589K(1499884K), 0.0054141 secs] [Times: user=0.01 sys=0.00, real=0.01 secs] 
2020-10-28T13:46:14.020+0000: [GC (Allocation Failure) 2020-10-28T13:46:14.020+0000: [ParNew: 34438K->6K(38720K), 0.0053647 secs] 1046021K->1011589K(1499884K), 0.0054280 secs] [Times: user=0.01 sys=0.00, real=0.00 secs] 
2020-10-28T13:46:14.064+0000: [GC (Allocation Failure) 2020-10-28T13:46:14.064+0000: [ParNew: 34438K->6K(38720K), 0.0052651 secs] 1046021K->1011589K(1499884K), 0.0053272 secs] [Times: user=0.01 sys=0.00, real=0.01 secs] 
2020-10-28T13:46:14.110+0000: [GC (Allocation Failure) 2020-10-28T13:46:14.110+0000: [ParNew: 34438K->6K(38720K), 0.0052535 secs] 1046021K->1011589K(1499884K), 0.0053174 secs] [Times: user=0.01 sys=0.00, real=0.00 secs] 
2020-10-28T13:46:14.160+0000: [GC (Allocation Failure) 2020-10-28T13:46:14.160+0000: [ParNew: 34438K->6K(38720K), 0.0052699 secs] 1046021K->1011589K(1499884K), 0.0053337 secs] [Times: user=0.01 sys=0.00, real=0.00 secs] 
2020-10-28T13:46:14.202+0000: [GC (Allocation Failure) 2020-10-28T13:46:14.202+0000: [ParNew: 34438K->6K(38720K), 0.0052865 secs] 1046021K->1011589K(1499884K), 0.0053496 secs] [Times: user=0.01 sys=0.00, real=0.01 secs] 
2020-10-28T13:46:14.249+0000: [GC (Allocation Failure) 2020-10-28T13:46:14.249+0000: [ParNew: 34438K->6K(38720K), 0.0052411 secs] 1046021K->1011589K(1499884K), 0.0053041 secs] [Times: user=0.01 sys=0.00, real=0.00 secs] 
2020-10-28T13:46:14.295+0000: [GC (Allocation Failure) 2020-10-28T13:46:14.295+0000: [ParNew: 34438K->6K(38720K), 0.0052337 secs] 1046021K->1011589K(1499884K), 0.0052957 secs] [Times: user=0.01 sys=0.00, real=0.01 secs] 
2020-10-28T13:46:14.337+0000: [GC (Allocation Failure) 2020-10-28T13:46:14.337+0000: [ParNew: 34438K->6K(38720K), 0.0052713 secs] 1046021K->1011589K(1499884K), 0.0053343 secs] [Times: user=0.01 sys=0.00, real=0.01 secs] 
2020-10-28T13:46:14.384+0000: [GC (Allocation Failure) 2020-10-28T13:46:14.384+0000: [ParNew: 34438K->6K(38720K), 0.0052808 secs] 1046021K->1011589K(1499884K), 0.0053442 secs] [Times: user=0.01 sys=0.00, real=0.01 secs] 
2020-10-28T13:46:14.426+0000: [GC (Allocation Failure) 2020-10-28T13:46:14.426+0000: [ParNew: 34438K->4K(38720K), 0.0053405 secs] 1046021K->1011587K(1499884K), 0.0054053 secs] [Times: user=0.00 sys=0.01, real=0.01 secs] 
2020-10-28T13:46:14.475+0000: [GC (Allocation Failure) 2020-10-28T13:46:14.475+0000: [ParNew: 34436K->6K(38720K), 0.0052968 secs] 1046019K->1011589K(1499884K), 0.0053595 secs] [Times: user=0.01 sys=0.00, real=0.01 secs] 
2020-10-28T13:46:14.520+0000: [GC (Allocation Failure) 2020-10-28T13:46:14.520+0000: [ParNew: 34438K->6K(38720K), 0.0053900 secs] 1046021K->1011589K(1499884K), 0.0054527 secs] [Times: user=0.01 sys=0.00, real=0.00 secs] 
2020-10-28T13:46:14.571+0000: [GC (Allocation Failure) 2020-10-28T13:46:14.571+0000: [ParNew: 34438K->6K(38720K), 0.0053296 secs] 1046021K->1011589K(1499884K), 0.0053981 secs] [Times: user=0.01 sys=0.00, real=0.00 secs] 
2020-10-28T13:46:14.616+0000: [GC (Allocation Failure) 2020-10-28T13:46:14.616+0000: [ParNew: 34438K->6K(38720K), 0.0053982 secs] 1046021K->1011589K(1499884K), 0.0054622 secs] [Times: user=0.01 sys=0.00, real=0.01 secs] 
2020-10-28T13:46:14.662+0000: [GC (Allocation Failure) 2020-10-28T13:46:14.662+0000: [ParNew: 34438K->6K(38720K), 0.0053300 secs] 1046021K->1011589K(1499884K), 0.0053920 secs] [Times: user=0.01 sys=0.00, real=0.00 secs] 
2020-10-28T13:46:14.706+0000: [GC (Allocation Failure) 2020-10-28T13:46:14.707+0000: [ParNew: 34438K->6K(38720K), 0.0052966 secs] 1046021K->1011589K(1499884K), 0.0053603 secs] [Times: user=0.01 sys=0.00, real=0.01 secs] 
2020-10-28T13:46:14.753+0000: [GC (Allocation Failure) 2020-10-28T13:46:14.753+0000: [ParNew: 34438K->6K(38720K), 0.0053088 secs] 1046021K->1011589K(1499884K), 0.0053730 secs] [Times: user=0.01 sys=0.00, real=0.00 secs] 
2020-10-28T13:46:14.798+0000: [GC (Allocation Failure) 2020-10-28T13:46:14.798+0000: [ParNew: 34438K->6K(38720K), 0.0052962 secs] 1046021K->1011589K(1499884K), 0.0053594 secs] [Times: user=0.01 sys=0.00, real=0.01 secs] 
2020-10-28T13:46:14.844+0000: [GC (Allocation Failure) 2020-10-28T13:46:14.844+0000: [ParNew: 34438K->6K(38720K), 0.0053032 secs] 1046021K->1011589K(1499884K), 0.0053668 secs] [Times: user=0.01 sys=0.00, real=0.01 secs] 
2020-10-28T13:46:14.890+0000: [GC (Allocation Failure) 2020-10-28T13:46:14.890+0000: [ParNew: 34438K->6K(38720K), 0.0053046 secs] 1046021K->1011589K(1499884K), 0.0053682 secs] [Times: user=0.01 sys=0.00, real=0.00 secs] 
2020-10-28T13:46:14.938+0000: [GC (Allocation Failure) 2020-10-28T13:46:14.938+0000: [ParNew: 34438K->6K(38720K), 0.0054856 secs] 1046021K->1011589K(1499884K), 0.0055503 secs] [Times: user=0.01 sys=0.00, real=0.01 secs] 
2020-10-28T13:46:14.984+0000: [GC (Allocation Failure) 2020-10-28T13:46:14.984+0000: [ParNew: 34438K->6K(38720K), 0.0052655 secs] 1046021K->1011589K(1499884K), 0.0053296 secs] [Times: user=0.01 sys=0.00, real=0.01 secs] 
2020-10-28T13:46:15.032+0000: [GC (Allocation Failure) 2020-10-28T13:46:15.032+0000: [ParNew: 34438K->6K(38720K), 0.0076134 secs] 1046021K->1011589K(1499884K), 0.0076778 secs] [Times: user=0.01 sys=0.00, real=0.00 secs] 
2020-10-28T13:46:15.084+0000: [GC (Allocation Failure) 2020-10-28T13:46:15.084+0000: [ParNew: 34438K->6K(38720K), 0.0052692 secs] 1046021K->1011589K(1499884K), 0.0053267 secs] [Times: user=0.01 sys=0.00, real=0.01 secs] 
2020-10-28T13:46:15.129+0000: [GC (Allocation Failure) 2020-10-28T13:46:15.129+0000: [ParNew: 34438K->6K(38720K), 0.0053220 secs] 1046021K->1011589K(1499884K), 0.0053846 secs] [Times: user=0.01 sys=0.00, real=0.00 secs] 
2020-10-28T13:46:15.175+0000: [GC (Allocation Failure) 2020-10-28T13:46:15.175+0000: [ParNew: 34438K->6K(38720K), 0.0053411 secs] 1046021K->1011589K(1499884K), 0.0054056 secs] [Times: user=0.01 sys=0.00, real=0.01 secs] 
2020-10-28T13:46:15.217+0000: [GC (Allocation Failure) 2020-10-28T13:46:15.217+0000: [ParNew: 34438K->6K(38720K), 0.0052375 secs] 1046021K->1011589K(1499884K), 0.0052990 secs] [Times: user=0.01 sys=0.00, real=0.01 secs] 
2020-10-28T13:46:15.267+0000: [GC (Allocation Failure) 2020-10-28T13:46:15.267+0000: [ParNew: 34438K->6K(38720K), 0.0052647 secs] 1046021K->1011589K(1499884K), 0.0053280 secs] [Times: user=0.01 sys=0.00, real=0.01 secs] 
2020-10-28T13:46:15.312+0000: [GC (Allocation Failure) 2020-10-28T13:46:15.312+0000: [ParNew: 34438K->6K(38720K), 0.0052893 secs] 1046021K->1011589K(1499884K), 0.0053453 secs] [Times: user=0.01 sys=0.00, real=0.00 secs] 
2020-10-28T13:46:15.358+0000: [GC (Allocation Failure) 2020-10-28T13:46:15.358+0000: [ParNew: 34438K->6K(38720K), 0.0053312 secs] 1046021K->1011589K(1499884K), 0.0053947 secs] [Times: user=0.01 sys=0.00, real=0.01 secs] 
2020-10-28T13:46:15.403+0000: [GC (Allocation Failure) 2020-10-28T13:46:15.403+0000: [ParNew: 34438K->6K(38720K), 0.0053539 secs] 1046021K->1011589K(1499884K), 0.0054179 secs] [Times: user=0.01 sys=0.00, real=0.01 secs] 
2020-10-28T13:46:15.449+0000: [GC (Allocation Failure) 2020-10-28T13:46:15.449+0000: [ParNew: 34438K->6K(38720K), 0.0052822 secs] 1046021K->1011589K(1499884K), 0.0053449 secs] [Times: user=0.01 sys=0.00, real=0.00 secs] 
2020-10-28T13:46:15.492+0000: [GC (Allocation Failure) 2020-10-28T13:46:15.492+0000: [ParNew: 34438K->6K(38720K), 0.0053995 secs] 1046021K->1011589K(1499884K), 0.0054652 secs] [Times: user=0.01 sys=0.00, real=0.00 secs] 
2020-10-28T13:46:15.534+0000: [GC (Allocation Failure) 2020-10-28T13:46:15.534+0000: [ParNew: 34438K->6K(38720K), 0.0055151 secs] 1046021K->1011589K(1499884K), 0.0055920 secs] [Times: user=0.01 sys=0.00, real=0.01 secs] 
2020-10-28T13:46:15.582+0000: [GC (Allocation Failure) 2020-10-28T13:46:15.582+0000: [ParNew: 34438K->6K(38720K), 0.0054617 secs] 1046021K->1011589K(1499884K), 0.0055311 secs] [Times: user=0.01 sys=0.00, real=0.01 secs] 
2020-10-28T13:46:15.628+0000: [GC (Allocation Failure) 2020-10-28T13:46:15.628+0000: [ParNew: 34438K->6K(38720K), 0.0054536 secs] 1046021K->1011589K(1499884K), 0.0055207 secs] [Times: user=0.01 sys=0.00, real=0.00 secs] 
2020-10-28T13:46:15.671+0000: [GC (Allocation Failure) 2020-10-28T13:46:15.671+0000: [ParNew: 34438K->6K(38720K), 0.0053720 secs] 1046021K->1011589K(1499884K), 0.0054359 secs] [Times: user=0.01 sys=0.00, real=0.00 secs] 
2020-10-28T13:46:15.713+0000: [GC (Allocation Failure) 2020-10-28T13:46:15.713+0000: [ParNew: 34438K->6K(38720K), 0.0054497 secs] 1046021K->1011589K(1499884K), 0.0055178 secs] [Times: user=0.01 sys=0.00, real=0.00 secs] 
2020-10-28T13:46:15.755+0000: [GC (Allocation Failure) 2020-10-28T13:46:15.756+0000: [ParNew: 34438K->6K(38720K), 0.0054502 secs] 1046021K->1011589K(1499884K), 0.0055342 secs] [Times: user=0.01 sys=0.00, real=0.01 secs] 
2020-10-28T13:46:15.800+0000: [GC (Allocation Failure) 2020-10-28T13:46:15.800+0000: [ParNew: 34438K->6K(38720K), 0.0054044 secs] 1046021K->1011589K(1499884K), 0.0054695 secs] [Times: user=0.01 sys=0.00, real=0.00 secs] 
2020-10-28T13:46:15.860+0000: [GC (Allocation Failure) 2020-10-28T13:46:15.860+0000: [ParNew: 34438K->6K(38720K), 0.0053482 secs] 1046021K->1011589K(1499884K), 0.0054376 secs] [Times: user=0.01 sys=0.00, real=0.00 secs] 
2020-10-28T13:46:15.916+0000: [GC (Allocation Failure) 2020-10-28T13:46:15.916+0000: [ParNew: 34438K->6K(38720K), 0.0053270 secs] 1046021K->1011589K(1499884K), 0.0054112 secs] [Times: user=0.01 sys=0.00, real=0.01 secs] 
2020-10-28T13:46:15.970+0000: [GC (Allocation Failure) 2020-10-28T13:46:15.970+0000: [ParNew: 34438K->6K(38720K), 0.0052603 secs] 1046021K->1011589K(1499884K), 0.0053267 secs] [Times: user=0.01 sys=0.00, real=0.00 secs] 
2020-10-28T13:46:16.016+0000: [GC (Allocation Failure) 2020-10-28T13:46:16.016+0000: [ParNew: 34438K->6K(38720K), 0.0053076 secs] 1046021K->1011589K(1499884K), 0.0053715 secs] [Times: user=0.01 sys=0.00, real=0.01 secs] 
2020-10-28T13:46:16.060+0000: [GC (Allocation Failure) 2020-10-28T13:46:16.060+0000: [ParNew: 34438K->6K(38720K), 0.0052956 secs] 1046021K->1011589K(1499884K), 0.0053697 secs] [Times: user=0.02 sys=0.00, real=0.00 secs] 
2020-10-28T13:46:16.102+0000: [GC (Allocation Failure) 2020-10-28T13:46:16.102+0000: [ParNew: 34438K->6K(38720K), 0.0053589 secs] 1046021K->1011589K(1499884K), 0.0054225 secs] [Times: user=0.01 sys=0.00, real=0.00 secs] 
2020-10-28T13:46:16.148+0000: [GC (Allocation Failure) 2020-10-28T13:46:16.148+0000: [ParNew: 34438K->6K(38720K), 0.0053059 secs] 1046021K->1011589K(1499884K), 0.0053718 secs] [Times: user=0.01 sys=0.00, real=0.00 secs] 
2020-10-28T13:46:16.192+0000: [GC (Allocation Failure) 2020-10-28T13:46:16.192+0000: [ParNew: 34438K->6K(38720K), 0.0053695 secs] 1046021K->1011589K(1499884K), 0.0054363 secs] [Times: user=0.01 sys=0.00, real=0.00 secs] 
2020-10-28T13:46:16.238+0000: [GC (Allocation Failure) 2020-10-28T13:46:16.238+0000: [ParNew: 34438K->6K(38720K), 0.0053898 secs] 1046021K->1011589K(1499884K), 0.0054567 secs] [Times: user=0.01 sys=0.00, real=0.01 secs] 
2020-10-28T13:46:16.281+0000: [GC (Allocation Failure) 2020-10-28T13:46:16.281+0000: [ParNew: 34438K->6K(38720K), 0.0053379 secs] 1046021K->1011589K(1499884K), 0.0054048 secs] [Times: user=0.01 sys=0.00, real=0.00 secs] 
2020-10-28T13:46:16.324+0000: [GC (Allocation Failure) 2020-10-28T13:46:16.324+0000: [ParNew: 34438K->6K(38720K), 0.0053657 secs] 1046021K->1011589K(1499884K), 0.0054294 secs] [Times: user=0.02 sys=0.00, real=0.01 secs] 
2020-10-28T13:46:16.366+0000: [GC (Allocation Failure) 2020-10-28T13:46:16.366+0000: [ParNew: 34438K->6K(38720K), 0.0053384 secs] 1046021K->1011589K(1499884K), 0.0054106 secs] [Times: user=0.01 sys=0.00, real=0.01 secs] 
2020-10-28T13:46:16.412+0000: [GC (Allocation Failure) 2020-10-28T13:46:16.412+0000: [ParNew: 34438K->4K(38720K), 0.0053628 secs] 1046021K->1011587K(1499884K), 0.0054285 secs] [Times: user=0.02 sys=0.00, real=0.00 secs] 
2020-10-28T13:46:16.454+0000: [GC (Allocation Failure) 2020-10-28T13:46:16.454+0000: [ParNew: 34436K->4K(38720K), 0.0104627 secs] 1046019K->1011587K(1499884K), 0.0105319 secs] [Times: user=0.01 sys=0.00, real=0.01 secs] 
2020-10-28T13:46:16.502+0000: [GC (Allocation Failure) 2020-10-28T13:46:16.502+0000: [ParNew: 34436K->6K(38720K), 0.0053284 secs] 1046019K->1011589K(1499884K), 0.0053920 secs] [Times: user=0.01 sys=0.00, real=0.01 secs] 
2020-10-28T13:46:16.548+0000: [GC (Allocation Failure) 2020-10-28T13:46:16.548+0000: [ParNew: 34438K->4K(38720K), 0.0052978 secs] 1046021K->1011587K(1499884K), 0.0053627 secs] [Times: user=0.01 sys=0.00, real=0.00 secs] 
2020-10-28T13:46:16.592+0000: [GC (Allocation Failure) 2020-10-28T13:46:16.592+0000: [ParNew: 34436K->6K(38720K), 0.0053344 secs] 1046019K->1011589K(1499884K), 0.0053973 secs] [Times: user=0.01 sys=0.00, real=0.00 secs] 
2020-10-28T13:46:16.640+0000: [GC (Allocation Failure) 2020-10-28T13:46:16.640+0000: [ParNew: 34438K->6K(38720K), 0.0054547 secs] 1046021K->1011589K(1499884K), 0.0055218 secs] [Times: user=0.01 sys=0.00, real=0.00 secs] 
2020-10-28T13:46:16.686+0000: [GC (Allocation Failure) 2020-10-28T13:46:16.686+0000: [ParNew: 34438K->6K(38720K), 0.0053453 secs] 1046021K->1011589K(1499884K), 0.0054105 secs] [Times: user=0.01 sys=0.00, real=0.01 secs] 
2020-10-28T13:46:16.732+0000: [GC (Allocation Failure) 2020-10-28T13:46:16.732+0000: [ParNew: 34438K->6K(38720K), 0.0053467 secs] 1046021K->1011589K(1499884K), 0.0054133 secs] [Times: user=0.02 sys=0.01, real=0.00 secs] 
2020-10-28T13:46:16.774+0000: [GC (Allocation Failure) 2020-10-28T13:46:16.775+0000: [ParNew: 34438K->6K(38720K), 0.0052713 secs] 1046021K->1011589K(1499884K), 0.0053348 secs] [Times: user=0.01 sys=0.00, real=0.01 secs] 
2020-10-28T13:46:16.817+0000: [GC (Allocation Failure) 2020-10-28T13:46:16.817+0000: [ParNew: 34438K->6K(38720K), 0.0053291 secs] 1046021K->1011589K(1499884K), 0.0053923 secs] [Times: user=0.01 sys=0.00, real=0.01 secs] 
2020-10-28T13:46:16.863+0000: [GC (Allocation Failure) 2020-10-28T13:46:16.863+0000: [ParNew: 34438K->6K(38720K), 0.0053187 secs] 1046021K->1011589K(1499884K), 0.0054004 secs] [Times: user=0.01 sys=0.00, real=0.01 secs] 
2020-10-28T13:46:16.905+0000: [GC (Allocation Failure) 2020-10-28T13:46:16.905+0000: [ParNew: 34438K->6K(38720K), 0.0053535 secs] 1046021K->1011589K(1499884K), 0.0054143 secs] [Times: user=0.01 sys=0.00, real=0.01 secs] 
2020-10-28T13:46:16.952+0000: [GC (Allocation Failure) 2020-10-28T13:46:16.952+0000: [ParNew: 34438K->6K(38720K), 0.0053256 secs] 1046021K->1011589K(1499884K), 0.0053884 secs] [Times: user=0.01 sys=0.00, real=0.00 secs] 
2020-10-28T13:46:16.996+0000: [GC (Allocation Failure) 2020-10-28T13:46:16.996+0000: [ParNew: 34438K->6K(38720K), 0.0053370 secs] 1046021K->1011589K(1499884K), 0.0053988 secs] [Times: user=0.01 sys=0.00, real=0.01 secs] 
2020-10-28T13:46:17.038+0000: [GC (Allocation Failure) 2020-10-28T13:46:17.038+0000: [ParNew: 34438K->6K(38720K), 0.0052436 secs] 1046021K->1011589K(1499884K), 0.0053062 secs] [Times: user=0.01 sys=0.00, real=0.01 secs] 
2020-10-28T13:46:17.087+0000: [GC (Allocation Failure) 2020-10-28T13:46:17.087+0000: [ParNew: 34438K->6K(38720K), 0.0052631 secs] 1046021K->1011589K(1499884K), 0.0053261 secs] [Times: user=0.01 sys=0.00, real=0.01 secs] 
2020-10-28T13:46:17.134+0000: [GC (Allocation Failure) 2020-10-28T13:46:17.134+0000: [ParNew: 34438K->6K(38720K), 0.0052825 secs] 1046021K->1011589K(1499884K), 0.0053455 secs] [Times: user=0.01 sys=0.00, real=0.00 secs] 
2020-10-28T13:46:17.177+0000: [GC (Allocation Failure) 2020-10-28T13:46:17.177+0000: [ParNew: 34438K->6K(38720K), 0.0053698 secs] 1046021K->1011589K(1499884K), 0.0054343 secs] [Times: user=0.01 sys=0.00, real=0.01 secs] 
2020-10-28T13:46:17.224+0000: [GC (Allocation Failure) 2020-10-28T13:46:17.224+0000: [ParNew: 34438K->4K(38720K), 0.0052650 secs] 1046021K->1011587K(1499884K), 0.0053268 secs] [Times: user=0.01 sys=0.00, real=0.01 secs] 
2020-10-28T13:46:17.267+0000: [GC (Allocation Failure) 2020-10-28T13:46:17.267+0000: [ParNew: 34436K->6K(38720K), 0.0053819 secs] 1046019K->1011589K(1499884K), 0.0054463 secs] [Times: user=0.01 sys=0.00, real=0.01 secs] 
2020-10-28T13:46:17.310+0000: [GC (Allocation Failure) 2020-10-28T13:46:17.310+0000: [ParNew: 34438K->6K(38720K), 0.0053672 secs] 1046021K->1011589K(1499884K), 0.0054293 secs] [Times: user=0.01 sys=0.00, real=0.00 secs] 
2020-10-28T13:46:17.359+0000: [GC (Allocation Failure) 2020-10-28T13:46:17.359+0000: [ParNew: 34438K->6K(38720K), 0.0054282 secs] 1046021K->1011589K(1499884K), 0.0054944 secs] [Times: user=0.01 sys=0.00, real=0.01 secs] 
2020-10-28T13:46:17.404+0000: [GC (Allocation Failure) 2020-10-28T13:46:17.404+0000: [ParNew: 34438K->6K(38720K), 0.0052835 secs] 1046021K->1011589K(1499884K), 0.0053469 secs] [Times: user=0.01 sys=0.00, real=0.01 secs] 
2020-10-28T13:46:17.445+0000: [GC (Allocation Failure) 2020-10-28T13:46:17.446+0000: [ParNew: 34438K->6K(38720K), 0.0053335 secs] 1046021K->1011589K(1499884K), 0.0054112 secs] [Times: user=0.02 sys=0.00, real=0.01 secs] 
2020-10-28T13:46:17.492+0000: [GC (Allocation Failure) 2020-10-28T13:46:17.492+0000: [ParNew: 34438K->6K(38720K), 0.0053000 secs] 1046021K->1011589K(1499884K), 0.0053619 secs] [Times: user=0.01 sys=0.00, real=0.00 secs] 
2020-10-28T13:46:17.536+0000: [GC (Allocation Failure) 2020-10-28T13:46:17.536+0000: [ParNew: 34438K->4K(38720K), 0.0053591 secs] 1046021K->1011587K(1499884K), 0.0054262 secs] [Times: user=0.01 sys=0.00, real=0.01 secs] 
2020-10-28T13:46:17.580+0000: [GC (Allocation Failure) 2020-10-28T13:46:17.580+0000: [ParNew: 34436K->6K(38720K), 0.0053370 secs] 1046019K->1011589K(1499884K), 0.0054022 secs] [Times: user=0.01 sys=0.00, real=0.00 secs] 
2020-10-28T13:46:17.624+0000: [GC (Allocation Failure) 2020-10-28T13:46:17.624+0000: [ParNew: 34438K->6K(38720K), 0.0053128 secs] 1046021K->1011589K(1499884K), 0.0053768 secs] [Times: user=0.01 sys=0.00, real=0.01 secs] 
2020-10-28T13:46:17.671+0000: [GC (Allocation Failure) 2020-10-28T13:46:17.671+0000: [ParNew: 34438K->6K(38720K), 0.0053456 secs] 1046021K->1011589K(1499884K), 0.0054097 secs] [Times: user=0.01 sys=0.01, real=0.00 secs] 
2020-10-28T13:46:17.716+0000: [GC (Allocation Failure) 2020-10-28T13:46:17.716+0000: [ParNew: 34438K->6K(38720K), 0.0053662 secs] 1046021K->1011589K(1499884K), 0.0054408 secs] [Times: user=0.01 sys=0.00, real=0.01 secs] 
2020-10-28T13:46:17.758+0000: [GC (Allocation Failure) 2020-10-28T13:46:17.758+0000: [ParNew: 34438K->6K(38720K), 0.0053830 secs] 1046021K->1011589K(1499884K), 0.0054463 secs] [Times: user=0.01 sys=0.00, real=0.01 secs] 
2020-10-28T13:46:17.804+0000: [GC (Allocation Failure) 2020-10-28T13:46:17.804+0000: [ParNew: 34438K->6K(38720K), 0.0052931 secs] 1046021K->1011589K(1499884K), 0.0053566 secs] [Times: user=0.02 sys=0.00, real=0.01 secs] 
2020-10-28T13:46:17.846+0000: [GC (Allocation Failure) 2020-10-28T13:46:17.846+0000: [ParNew: 34438K->6K(38720K), 0.0053651 secs] 1046021K->1011590K(1499884K), 0.0054291 secs] [Times: user=0.01 sys=0.00, real=0.01 secs] 
2020-10-28T13:46:17.893+0000: [GC (Allocation Failure) 2020-10-28T13:46:17.893+0000: [ParNew: 34438K->6K(38720K), 0.0053024 secs] 1046022K->1011590K(1499884K), 0.0053670 secs] [Times: user=0.01 sys=0.00, real=0.00 secs] 
2020-10-28T13:46:17.940+0000: [GC (Allocation Failure) 2020-10-28T13:46:17.940+0000: [ParNew: 34438K->6K(38720K), 0.0126211 secs] 1046022K->1011590K(1499884K), 0.0126874 secs] [Times: user=0.02 sys=0.00, real=0.01 secs] 
2020-10-28T13:46:17.996+0000: [GC (Allocation Failure) 2020-10-28T13:46:17.996+0000: [ParNew: 34438K->6K(38720K), 0.0053469 secs] 1046022K->1011590K(1499884K), 0.0054135 secs] [Times: user=0.01 sys=0.00, real=0.01 secs] 
2020-10-28T13:46:18.044+0000: [GC (Allocation Failure) 2020-10-28T13:46:18.044+0000: [ParNew: 34438K->6K(38720K), 0.0052998 secs] 1046022K->1011590K(1499884K), 0.0053646 secs] [Times: user=0.01 sys=0.00, real=0.01 secs] 
2020-10-28T13:46:18.092+0000: [GC (Allocation Failure) 2020-10-28T13:46:18.092+0000: [ParNew: 34438K->6K(38720K), 0.0053567 secs] 1046022K->1011590K(1499884K), 0.0054233 secs] [Times: user=0.02 sys=0.00, real=0.00 secs] 
2020-10-28T13:46:18.138+0000: [GC (Allocation Failure) 2020-10-28T13:46:18.138+0000: [ParNew: 34438K->6K(38720K), 0.0053369 secs] 1046022K->1011590K(1499884K), 0.0054015 secs] [Times: user=0.02 sys=0.00, real=0.01 secs] 
2020-10-28T13:46:18.187+0000: [GC (Allocation Failure) 2020-10-28T13:46:18.187+0000: [ParNew: 34438K->6K(38720K), 0.0053137 secs] 1046022K->1011590K(1499884K), 0.0053783 secs] [Times: user=0.01 sys=0.00, real=0.00 secs] 
2020-10-28T13:46:18.232+0000: [GC (Allocation Failure) 2020-10-28T13:46:18.232+0000: [ParNew: 34438K->6K(38720K), 0.0057626 secs] 1046022K->1011590K(1499884K), 0.0058311 secs] [Times: user=0.01 sys=0.00, real=0.00 secs] 
2020-10-28T13:46:18.286+0000: [GC (Allocation Failure) 2020-10-28T13:46:18.286+0000: [ParNew: 34438K->6K(38720K), 0.0053385 secs] 1046022K->1011590K(1499884K), 0.0054031 secs] [Times: user=0.01 sys=0.00, real=0.01 secs] 
2020-10-28T13:46:18.328+0000: [GC (Allocation Failure) 2020-10-28T13:46:18.328+0000: [ParNew: 34438K->6K(38720K), 0.0053657 secs] 1046022K->1011590K(1499884K), 0.0054307 secs] [Times: user=0.01 sys=0.00, real=0.00 secs] 
2020-10-28T13:46:18.376+0000: [GC (Allocation Failure) 2020-10-28T13:46:18.376+0000: [ParNew: 34438K->6K(38720K), 0.0052922 secs] 1046022K->1011590K(1499884K), 0.0053558 secs] [Times: user=0.01 sys=0.00, real=0.01 secs] 
2020-10-28T13:46:18.418+0000: [GC (Allocation Failure) 2020-10-28T13:46:18.418+0000: [ParNew: 34438K->6K(38720K), 0.0052742 secs] 1046022K->1011590K(1499884K), 0.0053386 secs] [Times: user=0.01 sys=0.00, real=0.01 secs] 
2020-10-28T13:46:18.464+0000: [GC (Allocation Failure) 2020-10-28T13:46:18.464+0000: [ParNew: 34438K->6K(38720K), 0.0053735 secs] 1046022K->1011590K(1499884K), 0.0054387 secs] [Times: user=0.01 sys=0.00, real=0.01 secs] 
2020-10-28T13:46:18.508+0000: [GC (Allocation Failure) 2020-10-28T13:46:18.508+0000: [ParNew: 34438K->6K(38720K), 0.0053769 secs] 1046022K->1011590K(1499884K), 0.0054490 secs] [Times: user=0.01 sys=0.00, real=0.00 secs] 
2020-10-28T13:46:18.556+0000: [GC (Allocation Failure) 2020-10-28T13:46:18.556+0000: [ParNew: 34438K->4K(38720K), 0.0053883 secs] 1046022K->1011588K(1499884K), 0.0054654 secs] [Times: user=0.01 sys=0.00, real=0.01 secs] 
2020-10-28T13:46:18.599+0000: [GC (Allocation Failure) 2020-10-28T13:46:18.599+0000: [ParNew: 34436K->6K(38720K), 0.0054010 secs] 1046020K->1011590K(1499884K), 0.0054990 secs] [Times: user=0.01 sys=0.00, real=0.01 secs] 
2020-10-28T13:46:18.642+0000: [GC (Allocation Failure) 2020-10-28T13:46:18.642+0000: [ParNew: 34438K->6K(38720K), 0.0053342 secs] 1046022K->1011590K(1499884K), 0.0054073 secs] [Times: user=0.02 sys=0.00, real=0.00 secs] 
2020-10-28T13:46:18.692+0000: [GC (Allocation Failure) 2020-10-28T13:46:18.692+0000: [ParNew: 34438K->6K(38720K), 0.0053421 secs] 1046022K->1011590K(1499884K), 0.0054081 secs] [Times: user=0.01 sys=0.00, real=0.00 secs] 
2020-10-28T13:46:18.734+0000: [GC (Allocation Failure) 2020-10-28T13:46:18.734+0000: [ParNew: 34438K->4K(38720K), 0.0053315 secs] 1046022K->1011588K(1499884K), 0.0054033 secs] [Times: user=0.01 sys=0.00, real=0.01 secs] 
2020-10-28T13:46:18.780+0000: [GC (Allocation Failure) 2020-10-28T13:46:18.780+0000: [ParNew: 34436K->6K(38720K), 0.0053071 secs] 1046020K->1011590K(1499884K), 0.0053707 secs] [Times: user=0.01 sys=0.00, real=0.00 secs] 
2020-10-28T13:46:18.824+0000: [GC (Allocation Failure) 2020-10-28T13:46:18.824+0000: [ParNew: 34438K->6K(38720K), 0.0054087 secs] 1046022K->1011590K(1499884K), 0.0054760 secs] [Times: user=0.01 sys=0.00, real=0.01 secs] 
2020-10-28T13:46:18.866+0000: [GC (Allocation Failure) 2020-10-28T13:46:18.866+0000: [ParNew: 34438K->4K(38720K), 0.0053742 secs] 1046022K->1011588K(1499884K), 0.0054504 secs] [Times: user=0.01 sys=0.00, real=0.01 secs] 
2020-10-28T13:46:18.914+0000: [GC (Allocation Failure) 2020-10-28T13:46:18.914+0000: [ParNew: 34436K->6K(38720K), 0.0053886 secs] 1046020K->1011590K(1499884K), 0.0054557 secs] [Times: user=0.01 sys=0.00, real=0.00 secs] 
2020-10-28T13:46:18.956+0000: [GC (Allocation Failure) 2020-10-28T13:46:18.956+0000: [ParNew: 34438K->6K(38720K), 0.0053727 secs] 1046022K->1011590K(1499884K), 0.0054386 secs] [Times: user=0.01 sys=0.00, real=0.01 secs] 
2020-10-28T13:46:19.000+0000: [GC (Allocation Failure) 2020-10-28T13:46:19.000+0000: [ParNew: 34438K->6K(38720K), 0.0053144 secs] 1046022K->1011590K(1499884K), 0.0053784 secs] [Times: user=0.01 sys=0.00, real=0.00 secs] 
2020-10-28T13:46:19.048+0000: [GC (Allocation Failure) 2020-10-28T13:46:19.048+0000: [ParNew: 34438K->6K(38720K), 0.0054013 secs] 1046022K->1011590K(1499884K), 0.0054680 secs] [Times: user=0.01 sys=0.00, real=0.00 secs] 
2020-10-28T13:46:19.096+0000: [GC (Allocation Failure) 2020-10-28T13:46:19.096+0000: [ParNew: 34438K->6K(38720K), 0.0053271 secs] 1046022K->1011590K(1499884K), 0.0053929 secs] [Times: user=0.01 sys=0.00, real=0.01 secs] 
2020-10-28T13:46:19.140+0000: [GC (Allocation Failure) 2020-10-28T13:46:19.140+0000: [ParNew: 34438K->6K(38720K), 0.0076377 secs] 1046022K->1011590K(1499884K), 0.0077015 secs] [Times: user=0.01 sys=0.00, real=0.00 secs] 
2020-10-28T13:46:19.191+0000: [GC (Allocation Failure) 2020-10-28T13:46:19.191+0000: [ParNew: 34438K->6K(38720K), 0.0053121 secs] 1046022K->1011590K(1499884K), 0.0053755 secs] [Times: user=0.01 sys=0.00, real=0.00 secs] 
2020-10-28T13:46:19.233+0000: [GC (Allocation Failure) 2020-10-28T13:46:19.233+0000: [ParNew: 34438K->6K(38720K), 0.0059038 secs] 1046022K->1011590K(1499884K), 0.0059700 secs] [Times: user=0.01 sys=0.00, real=0.00 secs] 
2020-10-28T13:46:19.280+0000: [GC (Allocation Failure) 2020-10-28T13:46:19.280+0000: [ParNew: 34437K->6K(38720K), 0.0053618 secs] 1046022K->1011590K(1499884K), 0.0054279 secs] [Times: user=0.01 sys=0.00, real=0.00 secs] 
2020-10-28T13:46:19.325+0000: [GC (Allocation Failure) 2020-10-28T13:46:19.325+0000: [ParNew: 34438K->6K(38720K), 0.0053629 secs] 1046022K->1011590K(1499884K), 0.0054260 secs] [Times: user=0.01 sys=0.00, real=0.01 secs] 
2020-10-28T13:46:19.367+0000: [GC (Allocation Failure) 2020-10-28T13:46:19.367+0000: [ParNew: 34438K->6K(38720K), 0.0053637 secs] 1046022K->1011590K(1499884K), 0.0054264 secs] [Times: user=0.01 sys=0.00, real=0.01 secs] 
2020-10-28T13:46:19.415+0000: [GC (Allocation Failure) 2020-10-28T13:46:19.415+0000: [ParNew: 34438K->6K(38720K), 0.0053582 secs] 1046022K->1011590K(1499884K), 0.0054377 secs] [Times: user=0.01 sys=0.00, real=0.01 secs] 
2020-10-28T13:46:19.461+0000: [GC (Allocation Failure) 2020-10-28T13:46:19.461+0000: [ParNew: 34438K->6K(38720K), 0.0053188 secs] 1046022K->1011590K(1499884K), 0.0053817 secs] [Times: user=0.02 sys=0.00, real=0.00 secs] 
2020-10-28T13:46:19.503+0000: [GC (Allocation Failure) 2020-10-28T13:46:19.503+0000: [ParNew: 34438K->6K(38720K), 0.0053168 secs] 1046022K->1011590K(1499884K), 0.0053808 secs] [Times: user=0.01 sys=0.00, real=0.01 secs] 
2020-10-28T13:46:19.548+0000: [GC (Allocation Failure) 2020-10-28T13:46:19.548+0000: [ParNew: 34438K->6K(38720K), 0.0052893 secs] 1046022K->1011590K(1499884K), 0.0053525 secs] [Times: user=0.01 sys=0.00, real=0.00 secs] 
2020-10-28T13:46:19.595+0000: [GC (Allocation Failure) 2020-10-28T13:46:19.595+0000: [ParNew: 34438K->6K(38720K), 0.0053114 secs] 1046022K->1011590K(1499884K), 0.0053756 secs] [Times: user=0.01 sys=0.00, real=0.01 secs] 
2020-10-28T13:46:19.638+0000: [GC (Allocation Failure) 2020-10-28T13:46:19.638+0000: [ParNew: 34438K->6K(38720K), 0.0053464 secs] 1046022K->1011590K(1499884K), 0.0054089 secs] [Times: user=0.02 sys=0.00, real=0.01 secs] 
2020-10-28T13:46:19.684+0000: [GC (Allocation Failure) 2020-10-28T13:46:19.684+0000: [ParNew: 34438K->6K(38720K), 0.0052926 secs] 1046022K->1011590K(1499884K), 0.0053545 secs] [Times: user=0.01 sys=0.00, real=0.01 secs] 
2020-10-28T13:46:19.730+0000: [GC (Allocation Failure) 2020-10-28T13:46:19.730+0000: [ParNew: 34438K->6K(38720K), 0.0053169 secs] 1046022K->1011590K(1499884K), 0.0053802 secs] [Times: user=0.01 sys=0.00, real=0.00 secs] 
2020-10-28T13:46:19.772+0000: [GC (Allocation Failure) 2020-10-28T13:46:19.772+0000: [ParNew: 34438K->6K(38720K), 0.0053963 secs] 1046022K->1011590K(1499884K), 0.0054584 secs] [Times: user=0.01 sys=0.00, real=0.00 secs] 
2020-10-28T13:46:19.816+0000: [GC (Allocation Failure) 2020-10-28T13:46:19.816+0000: [ParNew: 34438K->6K(38720K), 0.0053195 secs] 1046022K->1011590K(1499884K), 0.0053818 secs] [Times: user=0.01 sys=0.00, real=0.01 secs] 
2020-10-28T13:46:19.862+0000: [GC (Allocation Failure) 2020-10-28T13:46:19.862+0000: [ParNew: 34438K->6K(38720K), 0.0053561 secs] 1046022K->1011590K(1499884K), 0.0054200 secs] [Times: user=0.01 sys=0.00, real=0.00 secs] 
2020-10-28T13:46:19.904+0000: [GC (Allocation Failure) 2020-10-28T13:46:19.904+0000: [ParNew: 34438K->6K(38720K), 0.0053359 secs] 1046022K->1011590K(1499884K), 0.0053979 secs] [Times: user=0.01 sys=0.00, real=0.01 secs] 
2020-10-28T13:46:19.955+0000: [GC (Allocation Failure) 2020-10-28T13:46:19.955+0000: [ParNew: 34438K->6K(38720K), 0.0053321 secs] 1046022K->1011590K(1499884K), 0.0053977 secs] [Times: user=0.01 sys=0.00, real=0.01 secs] 
2020-10-28T13:46:20.010+0000: [GC (Allocation Failure) 2020-10-28T13:46:20.010+0000: [ParNew: 34438K->6K(38720K), 0.0055012 secs] 1046022K->1011590K(1499884K), 0.0055916 secs] [Times: user=0.01 sys=0.00, real=0.00 secs] 
2020-10-28T13:46:20.064+0000: [GC (Allocation Failure) 2020-10-28T13:46:20.064+0000: [ParNew: 34438K->6K(38720K), 0.0053536 secs] 1046022K->1011590K(1499884K), 0.0054180 secs] [Times: user=0.01 sys=0.00, real=0.01 secs] 
2020-10-28T13:46:20.124+0000: [GC (Allocation Failure) 2020-10-28T13:46:20.124+0000: [ParNew: 34438K->6K(38720K), 0.0079271 secs] 1046022K->1011590K(1499884K), 0.0079948 secs] [Times: user=0.01 sys=0.00, real=0.01 secs] 
2020-10-28T13:46:20.172+0000: [GC (Allocation Failure) 2020-10-28T13:46:20.172+0000: [ParNew: 34438K->6K(38720K), 0.0054932 secs] 1046022K->1011590K(1499884K), 0.0055602 secs] [Times: user=0.01 sys=0.00, real=0.00 secs] 
2020-10-28T13:46:20.216+0000: [GC (Allocation Failure) 2020-10-28T13:46:20.216+0000: [ParNew: 34438K->6K(38720K), 0.0053880 secs] 1046022K->1011590K(1499884K), 0.0054534 secs] [Times: user=0.01 sys=0.00, real=0.01 secs] 
2020-10-28T13:46:20.260+0000: [GC (Allocation Failure) 2020-10-28T13:46:20.260+0000: [ParNew: 34438K->6K(38720K), 0.0052649 secs] 1046022K->1011590K(1499884K), 0.0053431 secs] [Times: user=0.01 sys=0.00, real=0.00 secs] 
2020-10-28T13:46:20.302+0000: [GC (Allocation Failure) 2020-10-28T13:46:20.302+0000: [ParNew: 34438K->6K(38720K), 0.0053794 secs] 1046022K->1011590K(1499884K), 0.0054451 secs] [Times: user=0.01 sys=0.00, real=0.00 secs] 
2020-10-28T13:46:20.348+0000: [GC (Allocation Failure) 2020-10-28T13:46:20.348+0000: [ParNew: 34438K->6K(38720K), 0.0052970 secs] 1046022K->1011590K(1499884K), 0.0053614 secs] [Times: user=0.01 sys=0.00, real=0.00 secs] 
2020-10-28T13:46:20.392+0000: [GC (Allocation Failure) 2020-10-28T13:46:20.392+0000: [ParNew: 34438K->6K(38720K), 0.0052891 secs] 1046022K->1011590K(1499884K), 0.0053536 secs] [Times: user=0.01 sys=0.00, real=0.00 secs] 
2020-10-28T13:46:20.442+0000: [GC (Allocation Failure) 2020-10-28T13:46:20.442+0000: [ParNew: 34438K->6K(38720K), 0.0053443 secs] 1046022K->1011590K(1499884K), 0.0054086 secs] [Times: user=0.01 sys=0.00, real=0.00 secs] 
2020-10-28T13:46:20.484+0000: [GC (Allocation Failure) 2020-10-28T13:46:20.484+0000: [ParNew: 34438K->6K(38720K), 0.0053538 secs] 1046022K->1011590K(1499884K), 0.0054183 secs] [Times: user=0.01 sys=0.00, real=0.01 secs] 
2020-10-28T13:46:20.526+0000: [GC (Allocation Failure) 2020-10-28T13:46:20.526+0000: [ParNew: 34438K->6K(38720K), 0.0054281 secs] 1046022K->1011590K(1499884K), 0.0054934 secs] [Times: user=0.01 sys=0.00, real=0.01 secs] 
2020-10-28T13:46:20.569+0000: [GC (Allocation Failure) 2020-10-28T13:46:20.569+0000: [ParNew: 34438K->6K(38720K), 0.0053215 secs] 1046022K->1011590K(1499884K), 0.0053848 secs] [Times: user=0.01 sys=0.00, real=0.00 secs] 
2020-10-28T13:46:20.615+0000: [GC (Allocation Failure) 2020-10-28T13:46:20.615+0000: [ParNew: 34438K->6K(38720K), 0.0053416 secs] 1046022K->1011590K(1499884K), 0.0054070 secs] [Times: user=0.01 sys=0.00, real=0.01 secs] 
2020-10-28T13:46:20.661+0000: [GC (Allocation Failure) 2020-10-28T13:46:20.661+0000: [ParNew: 34438K->6K(38720K), 0.0053040 secs] 1046022K->1011590K(1499884K), 0.0053705 secs] [Times: user=0.01 sys=0.00, real=0.00 secs] 
2020-10-28T13:46:20.708+0000: [GC (Allocation Failure) 2020-10-28T13:46:20.708+0000: [ParNew: 34438K->6K(38720K), 0.0053199 secs] 1046022K->1011590K(1499884K), 0.0053855 secs] [Times: user=0.01 sys=0.00, real=0.00 secs] 
2020-10-28T13:46:20.750+0000: [GC (Allocation Failure) 2020-10-28T13:46:20.750+0000: [ParNew: 34438K->6K(38720K), 0.0053803 secs] 1046022K->1011590K(1499884K), 0.0054455 secs] [Times: user=0.01 sys=0.00, real=0.00 secs] 
2020-10-28T13:46:20.799+0000: [GC (Allocation Failure) 2020-10-28T13:46:20.799+0000: [ParNew: 34438K->6K(38720K), 0.0052679 secs] 1046022K->1011590K(1499884K), 0.0053573 secs] [Times: user=0.00 sys=0.01, real=0.01 secs] 
2020-10-28T13:46:20.841+0000: [GC (Allocation Failure) 2020-10-28T13:46:20.842+0000: [ParNew: 34438K->6K(38720K), 0.0053010 secs] 1046022K->1011590K(1499884K), 0.0053645 secs] [Times: user=0.02 sys=0.00, real=0.00 secs] 
2020-10-28T13:46:20.884+0000: [GC (Allocation Failure) 2020-10-28T13:46:20.884+0000: [ParNew: 34438K->6K(38720K), 0.0053174 secs] 1046022K->1011590K(1499884K), 0.0053818 secs] [Times: user=0.01 sys=0.00, real=0.01 secs] 
2020-10-28T13:46:20.930+0000: [GC (Allocation Failure) 2020-10-28T13:46:20.930+0000: [ParNew: 34438K->6K(38720K), 0.0172068 secs] 1046022K->1011590K(1499884K), 0.0172855 secs] [Times: user=0.02 sys=0.00, real=0.02 secs] 
2020-10-28T13:46:21.002+0000: [GC (Allocation Failure) 2020-10-28T13:46:21.002+0000: [ParNew: 34438K->6K(38720K), 0.0053285 secs] 1046022K->1011590K(1499884K), 0.0054209 secs] [Times: user=0.01 sys=0.00, real=0.01 secs] 
2020-10-28T13:46:21.068+0000: [GC (Allocation Failure) 2020-10-28T13:46:21.069+0000: [ParNew: 34438K->4K(38720K), 0.0124906 secs] 1046022K->1011588K(1499884K), 0.0125782 secs] [Times: user=0.01 sys=0.00, real=0.01 secs] 
2020-10-28T13:46:21.142+0000: [GC (Allocation Failure) 2020-10-28T13:46:21.142+0000: [ParNew: 34436K->6K(38720K), 0.0053073 secs] 1046020K->1011590K(1499884K), 0.0053727 secs] [Times: user=0.01 sys=0.00, real=0.01 secs] 
2020-10-28T13:46:21.184+0000: [GC (Allocation Failure) 2020-10-28T13:46:21.184+0000: [ParNew: 34438K->6K(38720K), 0.0053716 secs] 1046022K->1011590K(1499884K), 0.0054465 secs] [Times: user=0.01 sys=0.00, real=0.01 secs] 
2020-10-28T13:46:21.232+0000: [GC (Allocation Failure) 2020-10-28T13:46:21.232+0000: [ParNew: 34438K->6K(38720K), 0.0059195 secs] 1046022K->1011590K(1499884K), 0.0059864 secs] [Times: user=0.01 sys=0.00, real=0.00 secs] 
2020-10-28T13:46:21.279+0000: [GC (Allocation Failure) 2020-10-28T13:46:21.279+0000: [ParNew: 34438K->6K(38720K), 0.0052917 secs] 1046022K->1011590K(1499884K), 0.0053552 secs] [Times: user=0.01 sys=0.00, real=0.01 secs] 
2020-10-28T13:46:21.324+0000: [GC (Allocation Failure) 2020-10-28T13:46:21.324+0000: [ParNew: 34438K->6K(38720K), 0.0053752 secs] 1046022K->1011590K(1499884K), 0.0054355 secs] [Times: user=0.01 sys=0.00, real=0.01 secs] 
2020-10-28T13:46:21.370+0000: [GC (Allocation Failure) 2020-10-28T13:46:21.370+0000: [ParNew: 34438K->6K(38720K), 0.0052860 secs] 1046022K->1011590K(1499884K), 0.0053494 secs] [Times: user=0.01 sys=0.00, real=0.00 secs] 
2020-10-28T13:46:21.413+0000: [GC (Allocation Failure) 2020-10-28T13:46:21.413+0000: [ParNew: 34438K->6K(38720K), 0.0053573 secs] 1046022K->1011590K(1499884K), 0.0054307 secs] [Times: user=0.01 sys=0.00, real=0.00 secs] 
2020-10-28T13:46:21.456+0000: [GC (Allocation Failure) 2020-10-28T13:46:21.456+0000: [ParNew: 34438K->6K(38720K), 0.0053057 secs] 1046022K->1011590K(1499884K), 0.0053694 secs] [Times: user=0.01 sys=0.00, real=0.01 secs] 
2020-10-28T13:46:21.498+0000: [GC (Allocation Failure) 2020-10-28T13:46:21.498+0000: [ParNew: 34438K->6K(38720K), 0.0053499 secs] 1046022K->1011590K(1499884K), 0.0054129 secs] [Times: user=0.01 sys=0.00, real=0.01 secs] 
2020-10-28T13:46:21.544+0000: [GC (Allocation Failure) 2020-10-28T13:46:21.544+0000: [ParNew: 34438K->6K(38720K), 0.0053565 secs] 1046022K->1011590K(1499884K), 0.0054203 secs] [Times: user=0.01 sys=0.00, real=0.01 secs] 
2020-10-28T13:46:21.589+0000: [GC (Allocation Failure) 2020-10-28T13:46:21.589+0000: [ParNew: 34438K->6K(38720K), 0.0053149 secs] 1046022K->1011590K(1499884K), 0.0053798 secs] [Times: user=0.01 sys=0.00, real=0.00 secs] 
2020-10-28T13:46:21.632+0000: [GC (Allocation Failure) 2020-10-28T13:46:21.632+0000: [ParNew: 34438K->6K(38720K), 0.0053505 secs] 1046022K->1011590K(1499884K), 0.0054134 secs] [Times: user=0.01 sys=0.00, real=0.00 secs] 
2020-10-28T13:46:21.674+0000: [GC (Allocation Failure) 2020-10-28T13:46:21.674+0000: [ParNew: 34438K->6K(38720K), 0.0054686 secs] 1046022K->1011590K(1499884K), 0.0055330 secs] [Times: user=0.01 sys=0.00, real=0.01 secs] 
2020-10-28T13:46:21.716+0000: [GC (Allocation Failure) 2020-10-28T13:46:21.716+0000: [ParNew: 34438K->6K(38720K), 0.0052736 secs] 1046022K->1011590K(1499884K), 0.0053352 secs] [Times: user=0.01 sys=0.00, real=0.01 secs] 
2020-10-28T13:46:21.758+0000: [GC (Allocation Failure) 2020-10-28T13:46:21.758+0000: [ParNew: 34438K->6K(38720K), 0.0053814 secs] 1046022K->1011590K(1499884K), 0.0054454 secs] [Times: user=0.01 sys=0.00, real=0.01 secs] 
2020-10-28T13:46:21.805+0000: [GC (Allocation Failure) 2020-10-28T13:46:21.805+0000: [ParNew: 34438K->6K(38720K), 0.0052822 secs] 1046022K->1011590K(1499884K), 0.0053456 secs] [Times: user=0.01 sys=0.00, real=0.01 secs] 
2020-10-28T13:46:21.847+0000: [GC (Allocation Failure) 2020-10-28T13:46:21.847+0000: [ParNew: 34438K->6K(38720K), 0.0054331 secs] 1046022K->1011590K(1499884K), 0.0054992 secs] [Times: user=0.02 sys=0.00, real=0.01 secs] 
2020-10-28T13:46:21.896+0000: [GC (Allocation Failure) 2020-10-28T13:46:21.896+0000: [ParNew: 34438K->6K(38720K), 0.0052884 secs] 1046022K->1011590K(1499884K), 0.0053514 secs] [Times: user=0.01 sys=0.00, real=0.01 secs] 
2020-10-28T13:46:21.944+0000: [GC (Allocation Failure) 2020-10-28T13:46:21.944+0000: [ParNew: 34438K->6K(38720K), 0.0054096 secs] 1046022K->1011590K(1499884K), 0.0054750 secs] [Times: user=0.01 sys=0.00, real=0.01 secs] 
2020-10-28T13:46:21.988+0000: [GC (Allocation Failure) 2020-10-28T13:46:21.988+0000: [ParNew: 34438K->6K(38720K), 0.0052833 secs] 1046022K->1011590K(1499884K), 0.0053456 secs] [Times: user=0.01 sys=0.00, real=0.00 secs] 
2020-10-28T13:46:22.035+0000: [GC (Allocation Failure) 2020-10-28T13:46:22.035+0000: [ParNew: 34438K->6K(38720K), 0.0053448 secs] 1046022K->1011590K(1499884K), 0.0054084 secs] [Times: user=0.01 sys=0.00, real=0.01 secs] 
2020-10-28T13:46:22.077+0000: [GC (Allocation Failure) 2020-10-28T13:46:22.077+0000: [ParNew: 34438K->6K(38720K), 0.0053462 secs] 1046022K->1011590K(1499884K), 0.0054082 secs] [Times: user=0.01 sys=0.00, real=0.01 secs] 
2020-10-28T13:46:22.122+0000: [GC (Allocation Failure) 2020-10-28T13:46:22.122+0000: [ParNew: 34438K->6K(38720K), 0.0052811 secs] 1046022K->1011590K(1499884K), 0.0053438 secs] [Times: user=0.01 sys=0.00, real=0.01 secs] 
2020-10-28T13:46:22.165+0000: [GC (Allocation Failure) 2020-10-28T13:46:22.165+0000: [ParNew: 34438K->6K(38720K), 0.0054048 secs] 1046022K->1011590K(1499884K), 0.0054684 secs] [Times: user=0.01 sys=0.00, real=0.01 secs] 
2020-10-28T13:46:22.212+0000: [GC (Allocation Failure) 2020-10-28T13:46:22.212+0000: [ParNew: 34438K->6K(38720K), 0.0053096 secs] 1046022K->1011590K(1499884K), 0.0053716 secs] [Times: user=0.01 sys=0.00, real=0.00 secs] 
2020-10-28T13:46:22.256+0000: [GC (Allocation Failure) 2020-10-28T13:46:22.256+0000: [ParNew: 34438K->6K(38720K), 0.0054833 secs] 1046022K->1011590K(1499884K), 0.0055465 secs] [Times: user=0.01 sys=0.00, real=0.01 secs] 
2020-10-28T13:46:22.302+0000: [GC (Allocation Failure) 2020-10-28T13:46:22.302+0000: [ParNew: 34438K->6K(38720K), 0.0052673 secs] 1046022K->1011590K(1499884K), 0.0053293 secs] [Times: user=0.01 sys=0.00, real=0.00 secs] 
2020-10-28T13:46:22.345+0000: [GC (Allocation Failure) 2020-10-28T13:46:22.345+0000: [ParNew: 34438K->6K(38720K), 0.0052945 secs] 1046022K->1011590K(1499884K), 0.0053554 secs] [Times: user=0.01 sys=0.00, real=0.01 secs] 
2020-10-28T13:46:22.387+0000: [GC (Allocation Failure) 2020-10-28T13:46:22.387+0000: [ParNew: 34438K->6K(38720K), 0.0052858 secs] 1046022K->1011590K(1499884K), 0.0053480 secs] [Times: user=0.01 sys=0.00, real=0.01 secs] 
2020-10-28T13:46:22.430+0000: [GC (Allocation Failure) 2020-10-28T13:46:22.430+0000: [ParNew: 34438K->6K(38720K), 0.0053219 secs] 1046022K->1011590K(1499884K), 0.0053975 secs] [Times: user=0.01 sys=0.00, real=0.00 secs] 
2020-10-28T13:46:22.476+0000: [GC (Allocation Failure) 2020-10-28T13:46:22.476+0000: [ParNew: 34438K->6K(38720K), 0.0052740 secs] 1046022K->1011590K(1499884K), 0.0053363 secs] [Times: user=0.01 sys=0.00, real=0.01 secs] 
2020-10-28T13:46:22.518+0000: [GC (Allocation Failure) 2020-10-28T13:46:22.518+0000: [ParNew: 34438K->6K(38720K), 0.0052686 secs] 1046022K->1011590K(1499884K), 0.0053306 secs] [Times: user=0.01 sys=0.00, real=0.01 secs] 
2020-10-28T13:46:22.565+0000: [GC (Allocation Failure) 2020-10-28T13:46:22.565+0000: [ParNew: 34438K->6K(38720K), 0.0052774 secs] 1046022K->1011590K(1499884K), 0.0053416 secs] [Times: user=0.01 sys=0.00, real=0.01 secs] 
2020-10-28T13:46:22.607+0000: [GC (Allocation Failure) 2020-10-28T13:46:22.607+0000: [ParNew: 34438K->4K(38720K), 0.0053987 secs] 1046022K->1011588K(1499884K), 0.0054671 secs] [Times: user=0.01 sys=0.00, real=0.01 secs] 
2020-10-28T13:46:22.654+0000: [GC (Allocation Failure) 2020-10-28T13:46:22.654+0000: [ParNew: 34436K->6K(38720K), 0.0052929 secs] 1046020K->1011590K(1499884K), 0.0053572 secs] [Times: user=0.01 sys=0.00, real=0.00 secs] 
2020-10-28T13:46:22.696+0000: [GC (Allocation Failure) 2020-10-28T13:46:22.696+0000: [ParNew: 34438K->6K(38720K), 0.0052837 secs] 1046022K->1011590K(1499884K), 0.0053463 secs] [Times: user=0.01 sys=0.00, real=0.01 secs] 
2020-10-28T13:46:22.739+0000: [GC (Allocation Failure) 2020-10-28T13:46:22.739+0000: [ParNew: 34438K->6K(38720K), 0.0053315 secs] 1046022K->1011590K(1499884K), 0.0053952 secs] [Times: user=0.01 sys=0.00, real=0.01 secs] 
2020-10-28T13:46:22.782+0000: [GC (Allocation Failure) 2020-10-28T13:46:22.782+0000: [ParNew: 34438K->6K(38720K), 0.0053362 secs] 1046022K->1011590K(1499884K), 0.0053983 secs] [Times: user=0.01 sys=0.00, real=0.00 secs] 
2020-10-28T13:46:22.832+0000: [GC (Allocation Failure) 2020-10-28T13:46:22.832+0000: [ParNew: 34438K->4K(38720K), 0.0053828 secs] 1046022K->1011588K(1499884K), 0.0054458 secs] [Times: user=0.01 sys=0.00, real=0.00 secs] 
2020-10-28T13:46:22.880+0000: [GC (Allocation Failure) 2020-10-28T13:46:22.880+0000: [ParNew: 34436K->6K(38720K), 0.0053720 secs] 1046020K->1011590K(1499884K), 0.0054356 secs] [Times: user=0.01 sys=0.00, real=0.00 secs] 
2020-10-28T13:46:22.927+0000: [GC (Allocation Failure) 2020-10-28T13:46:22.927+0000: [ParNew: 34438K->6K(38720K), 0.0052959 secs] 1046022K->1011590K(1499884K), 0.0053606 secs] [Times: user=0.01 sys=0.00, real=0.01 secs] 
2020-10-28T13:46:22.985+0000: [GC (Allocation Failure) 2020-10-28T13:46:22.985+0000: [ParNew: 34438K->6K(38720K), 0.0053610 secs] 1046022K->1011590K(1499884K), 0.0054277 secs] [Times: user=0.02 sys=0.00, real=0.01 secs] 
2020-10-28T13:46:23.027+0000: [GC (Allocation Failure) 2020-10-28T13:46:23.027+0000: [ParNew: 34438K->6K(38720K), 0.0052852 secs] 1046022K->1011590K(1499884K), 0.0053579 secs] [Times: user=0.02 sys=0.00, real=0.01 secs] 
2020-10-28T13:46:23.073+0000: [GC (Allocation Failure) 2020-10-28T13:46:23.073+0000: [ParNew: 34438K->6K(38720K), 0.0052717 secs] 1046022K->1011590K(1499884K), 0.0053346 secs] [Times: user=0.02 sys=0.00, real=0.00 secs] 
2020-10-28T13:46:23.120+0000: [GC (Allocation Failure) 2020-10-28T13:46:23.120+0000: [ParNew: 34438K->6K(38720K), 0.0052914 secs] 1046022K->1011590K(1499884K), 0.0053545 secs] [Times: user=0.01 sys=0.00, real=0.00 secs] 
2020-10-28T13:46:23.164+0000: [GC (Allocation Failure) 2020-10-28T13:46:23.164+0000: [ParNew: 34438K->6K(38720K), 0.0054756 secs] 1046022K->1011590K(1499884K), 0.0055415 secs] [Times: user=0.01 sys=0.00, real=0.01 secs] 
2020-10-28T13:46:23.210+0000: [GC (Allocation Failure) 2020-10-28T13:46:23.210+0000: [ParNew: 34438K->6K(38720K), 0.0053519 secs] 1046022K->1011590K(1499884K), 0.0054143 secs] [Times: user=0.01 sys=0.00, real=0.00 secs] 
2020-10-28T13:46:23.256+0000: [GC (Allocation Failure) 2020-10-28T13:46:23.256+0000: [ParNew: 34438K->6K(38720K), 0.0054858 secs] 1046022K->1011590K(1499884K), 0.0055511 secs] [Times: user=0.01 sys=0.00, real=0.01 secs] 
2020-10-28T13:46:23.298+0000: [GC (Allocation Failure) 2020-10-28T13:46:23.299+0000: [ParNew: 34438K->4K(38720K), 0.0053743 secs] 1046022K->1011588K(1499884K), 0.0054359 secs] [Times: user=0.01 sys=0.00, real=0.01 secs] 
2020-10-28T13:46:23.342+0000: [GC (Allocation Failure) 2020-10-28T13:46:23.342+0000: [ParNew: 34436K->6K(38720K), 0.0053116 secs] 1046020K->1011590K(1499884K), 0.0053748 secs] [Times: user=0.01 sys=0.00, real=0.00 secs] 
2020-10-28T13:46:23.398+0000: [GC (Allocation Failure) 2020-10-28T13:46:23.398+0000: [ParNew: 34438K->6K(38720K), 0.0054394 secs] 1046022K->1011590K(1499884K), 0.0055034 secs] [Times: user=0.01 sys=0.00, real=0.01 secs] 
2020-10-28T13:46:23.456+0000: [GC (Allocation Failure) 2020-10-28T13:46:23.456+0000: [ParNew: 34438K->6K(38720K), 0.0053456 secs] 1046022K->1011590K(1499884K), 0.0054108 secs] [Times: user=0.01 sys=0.00, real=0.01 secs] 
2020-10-28T13:46:23.508+0000: [GC (Allocation Failure) 2020-10-28T13:46:23.508+0000: [ParNew: 34438K->6K(38720K), 0.0053167 secs] 1046022K->1011590K(1499884K), 0.0053823 secs] [Times: user=0.01 sys=0.00, real=0.00 secs] 
2020-10-28T13:46:23.555+0000: [GC (Allocation Failure) 2020-10-28T13:46:23.556+0000: [ParNew: 34438K->6K(38720K), 0.0053731 secs] 1046022K->1011590K(1499884K), 0.0054381 secs] [Times: user=0.01 sys=0.00, real=0.01 secs] 
2020-10-28T13:46:23.611+0000: [GC (Allocation Failure) 2020-10-28T13:46:23.611+0000: [ParNew: 34438K->6K(38720K), 0.0054396 secs] 1046022K->1011591K(1499884K), 0.0055219 secs] [Times: user=0.01 sys=0.00, real=0.00 secs] 
2020-10-28T13:46:23.688+0000: [GC (Allocation Failure) 2020-10-28T13:46:23.688+0000: [ParNew: 34438K->6K(38720K), 0.0053710 secs] 1046023K->1011590K(1499884K), 0.0054362 secs] [Times: user=0.01 sys=0.00, real=0.00 secs] 
2020-10-28T13:46:23.750+0000: [GC (Allocation Failure) 2020-10-28T13:46:23.751+0000: [ParNew: 34438K->6K(38720K), 0.0053419 secs] 1046022K->1011592K(1499884K), 0.0054068 secs] [Times: user=0.01 sys=0.00, real=0.00 secs] 
2020-10-28T13:46:23.830+0000: [GC (Allocation Failure) 2020-10-28T13:46:23.830+0000: [ParNew: 34438K->4K(38720K), 0.0053523 secs] 1046024K->1011590K(1499884K), 0.0054187 secs] [Times: user=0.01 sys=0.00, real=0.00 secs] 
2020-10-28T13:46:23.916+0000: [GC (Allocation Failure) 2020-10-28T13:46:23.916+0000: [ParNew: 34436K->4K(38720K), 0.0053428 secs] 1046022K->1011590K(1499884K), 0.0054076 secs] [Times: user=0.01 sys=0.00, real=0.01 secs] 
2020-10-28T13:46:23.993+0000: [GC (Allocation Failure) 2020-10-28T13:46:23.993+0000: [ParNew: 34436K->4K(38720K), 0.0053993 secs] 1046022K->1011590K(1499884K), 0.0054632 secs] [Times: user=0.01 sys=0.00, real=0.00 secs] 
2020-10-28T13:46:24.089+0000: [GC (Allocation Failure) 2020-10-28T13:46:24.090+0000: [ParNew: 34436K->4K(38720K), 0.0053731 secs] 1046022K->1011590K(1499884K), 0.0054375 secs] [Times: user=0.01 sys=0.00, real=0.00 secs] 
2020-10-28T13:46:24.176+0000: [GC (Allocation Failure) 2020-10-28T13:46:24.176+0000: [ParNew: 34436K->4K(38720K), 0.0054634 secs] 1046022K->1011591K(1499884K), 0.0055307 secs] [Times: user=0.01 sys=0.00, real=0.01 secs] 
2020-10-28T13:46:24.237+0000: [GC (Allocation Failure) 2020-10-28T13:46:24.237+0000: [ParNew: 34436K->4K(38720K), 0.0053058 secs] 1046023K->1011591K(1499884K), 0.0053700 secs] [Times: user=0.01 sys=0.00, real=0.01 secs] 
2020-10-28T13:46:24.320+0000: [GC (Allocation Failure) 2020-10-28T13:46:24.320+0000: [ParNew: 34436K->4K(38720K), 0.0053052 secs] 1046023K->1011591K(1499884K), 0.0053695 secs] [Times: user=0.01 sys=0.00, real=0.00 secs] 
2020-10-28T13:46:24.400+0000: [GC (Allocation Failure) 2020-10-28T13:46:24.400+0000: [ParNew: 34436K->4K(38720K), 0.0053419 secs] 1046023K->1011591K(1499884K), 0.0054056 secs] [Times: user=0.01 sys=0.00, real=0.00 secs] 
2020-10-28T13:46:24.488+0000: [GC (Allocation Failure) 2020-10-28T13:46:24.488+0000: [ParNew: 34436K->4K(38720K), 0.0053199 secs] 1046023K->1011591K(1499884K), 0.0053863 secs] [Times: user=0.01 sys=0.00, real=0.00 secs] 
2020-10-28T13:46:24.643+0000: [GC (Allocation Failure) 2020-10-28T13:46:24.643+0000: [ParNew: 34436K->6K(38720K), 0.0054159 secs] 1046023K->1011593K(1499884K), 0.0054827 secs] [Times: user=0.01 sys=0.00, real=0.01 secs] 
2020-10-28T13:46:25.522+0000: [GC (Allocation Failure) 2020-10-28T13:46:25.522+0000: [ParNew: 34438K->6K(38720K), 0.0053210 secs] 1046025K->1011593K(1499884K), 0.0053871 secs] [Times: user=0.01 sys=0.00, real=0.01 secs] 
2020-10-28T13:46:25.851+0000: [GC (Allocation Failure) 2020-10-28T13:46:25.851+0000: [ParNew: 34438K->6K(38720K), 0.0053537 secs] 1046025K->1011593K(1499884K), 0.0054430 secs] [Times: user=0.01 sys=0.00, real=0.00 secs] 
2020-10-28T13:46:25.941+0000: [GC (Allocation Failure) 2020-10-28T13:46:25.941+0000: [ParNew: 34438K->4K(38720K), 0.0075161 secs] 1046025K->1011591K(1499884K), 0.0075858 secs] [Times: user=0.01 sys=0.00, real=0.01 secs] 
2020-10-28T13:46:26.036+0000: [GC (Allocation Failure) 2020-10-28T13:46:26.036+0000: [ParNew: 34436K->6K(38720K), 0.0053062 secs] 1046023K->1011593K(1499884K), 0.0053720 secs] [Times: user=0.01 sys=0.00, real=0.01 secs] 
2020-10-28T13:46:26.142+0000: [GC (Allocation Failure) 2020-10-28T13:46:26.142+0000: [ParNew: 34438K->4K(38720K), 0.0053110 secs] 1046025K->1011593K(1499884K), 0.0053765 secs] [Times: user=0.01 sys=0.00, real=0.01 secs] 
2020-10-28T13:46:26.236+0000: [GC (Allocation Failure) 2020-10-28T13:46:26.236+0000: [ParNew: 34436K->4K(38720K), 0.0058433 secs] 1046025K->1011593K(1499884K), 0.0059093 secs] [Times: user=0.01 sys=0.00, real=0.01 secs] 
2020-10-28T13:46:26.332+0000: [GC (Allocation Failure) 2020-10-28T13:46:26.332+0000: [ParNew: 34436K->4K(38720K), 0.0054184 secs] 1046025K->1011594K(1499884K), 0.0054859 secs] [Times: user=0.01 sys=0.00, real=0.00 secs] 
2020-10-28T13:46:26.420+0000: [GC (Allocation Failure) 2020-10-28T13:46:26.420+0000: [ParNew: 34436K->4K(38720K), 0.0053040 secs] 1046026K->1011594K(1499884K), 0.0053689 secs] [Times: user=0.01 sys=0.00, real=0.00 secs] 
2020-10-28T13:46:26.495+0000: [GC (Allocation Failure) 2020-10-28T13:46:26.495+0000: [ParNew: 34436K->4K(38720K), 0.0053393 secs] 1046026K->1011594K(1499884K), 0.0054041 secs] [Times: user=0.01 sys=0.00, real=0.01 secs] 
2020-10-28T13:46:26.551+0000: [GC (Allocation Failure) 2020-10-28T13:46:26.551+0000: [ParNew: 34436K->4K(38720K), 0.0053917 secs] 1046026K->1011594K(1499884K), 0.0054574 secs] [Times: user=0.01 sys=0.00, real=0.00 secs] 
2020-10-28T13:46:26.620+0000: [GC (Allocation Failure) 2020-10-28T13:46:26.620+0000: [ParNew: 34436K->4K(38720K), 0.0054795 secs] 1046026K->1011594K(1499884K), 0.0055468 secs] [Times: user=0.01 sys=0.00, real=0.00 secs] 
2020-10-28T13:46:26.676+0000: [GC (Allocation Failure) 2020-10-28T13:46:26.676+0000: [ParNew: 34436K->4K(38720K), 0.0054555 secs] 1046026K->1011594K(1499884K), 0.0055171 secs] [Times: user=0.01 sys=0.00, real=0.01 secs] 
2020-10-28T13:46:26.742+0000: [GC (Allocation Failure) 2020-10-28T13:46:26.742+0000: [ParNew: 34436K->4K(38720K), 0.0053068 secs] 1046026K->1011594K(1499884K), 0.0053707 secs] [Times: user=0.01 sys=0.00, real=0.01 secs] 
2020-10-28T13:46:26.798+0000: [GC (Allocation Failure) 2020-10-28T13:46:26.798+0000: [ParNew: 34436K->4K(38720K), 0.0053666 secs] 1046026K->1011594K(1499884K), 0.0054328 secs] [Times: user=0.01 sys=0.00, real=0.01 secs] 
2020-10-28T13:46:26.853+0000: [GC (Allocation Failure) 2020-10-28T13:46:26.853+0000: [ParNew: 34436K->4K(38720K), 0.0053608 secs] 1046026K->1011594K(1499884K), 0.0054234 secs] [Times: user=0.01 sys=0.00, real=0.00 secs] 
2020-10-28T13:46:26.911+0000: [GC (Allocation Failure) 2020-10-28T13:46:26.911+0000: [ParNew: 34436K->4K(38720K), 0.0052914 secs] 1046026K->1011594K(1499884K), 0.0053549 secs] [Times: user=0.02 sys=0.00, real=0.00 secs] 
2020-10-28T13:46:26.970+0000: [GC (Allocation Failure) 2020-10-28T13:46:26.970+0000: [ParNew: 34436K->4K(38720K), 0.0052867 secs] 1046026K->1011594K(1499884K), 0.0053515 secs] [Times: user=0.01 sys=0.00, real=0.00 secs] 
2020-10-28T13:46:27.030+0000: [GC (Allocation Failure) 2020-10-28T13:46:27.030+0000: [ParNew: 34436K->4K(38720K), 0.0054020 secs] 1046026K->1011594K(1499884K), 0.0054685 secs] [Times: user=0.01 sys=0.00, real=0.00 secs] 
2020-10-28T13:46:27.082+0000: [GC (Allocation Failure) 2020-10-28T13:46:27.082+0000: [ParNew: 34436K->4K(38720K), 0.0094805 secs] 1046026K->1011594K(1499884K), 0.0095622 secs] [Times: user=0.01 sys=0.00, real=0.01 secs] 
2020-10-28T13:46:27.137+0000: [GC (Allocation Failure) 2020-10-28T13:46:27.137+0000: [ParNew: 34436K->4K(38720K), 0.0063285 secs] 1046026K->1011594K(1499884K), 0.0063944 secs] [Times: user=0.01 sys=0.00, real=0.01 secs] 
2020-10-28T13:46:27.186+0000: [GC (Allocation Failure) 2020-10-28T13:46:27.186+0000: [ParNew: 34436K->4K(38720K), 0.0053390 secs] 1046026K->1011594K(1499884K), 0.0054167 secs] [Times: user=0.01 sys=0.00, real=0.01 secs] 
2020-10-28T13:46:27.236+0000: [GC (Allocation Failure) 2020-10-28T13:46:27.236+0000: [ParNew: 34436K->4K(38720K), 0.0059063 secs] 1046026K->1011594K(1499884K), 0.0059721 secs] [Times: user=0.01 sys=0.00, real=0.01 secs] 
2020-10-28T13:46:27.288+0000: [GC (Allocation Failure) 2020-10-28T13:46:27.288+0000: [ParNew: 34436K->4K(38720K), 0.0053484 secs] 1046026K->1011594K(1499884K), 0.0054119 secs] [Times: user=0.01 sys=0.00, real=0.00 secs] 
2020-10-28T13:46:27.336+0000: [GC (Allocation Failure) 2020-10-28T13:46:27.336+0000: [ParNew: 34436K->4K(38720K), 0.0053380 secs] 1046026K->1011594K(1499884K), 0.0054035 secs] [Times: user=0.01 sys=0.00, real=0.01 secs] 
2020-10-28T13:46:27.385+0000: [GC (Allocation Failure) 2020-10-28T13:46:27.385+0000: [ParNew: 34436K->4K(38720K), 0.0052931 secs] 1046026K->1011594K(1499884K), 0.0053573 secs] [Times: user=0.01 sys=0.00, real=0.01 secs] 
2020-10-28T13:46:27.432+0000: [GC (Allocation Failure) 2020-10-28T13:46:27.432+0000: [ParNew: 34436K->4K(38720K), 0.0053386 secs] 1046026K->1011594K(1499884K), 0.0054018 secs] [Times: user=0.01 sys=0.00, real=0.00 secs] 
2020-10-28T13:46:27.484+0000: [GC (Allocation Failure) 2020-10-28T13:46:27.484+0000: [ParNew: 34436K->4K(38720K), 0.0053225 secs] 1046026K->1011594K(1499884K), 0.0053882 secs] [Times: user=0.01 sys=0.00, real=0.01 secs] 
2020-10-28T13:46:27.531+0000: [GC (Allocation Failure) 2020-10-28T13:46:27.531+0000: [ParNew: 34436K->4K(38720K), 0.0053183 secs] 1046026K->1011594K(1499884K), 0.0053982 secs] [Times: user=0.01 sys=0.01, real=0.00 secs] 
2020-10-28T13:46:27.579+0000: [GC (Allocation Failure) 2020-10-28T13:46:27.579+0000: [ParNew: 34436K->4K(38720K), 0.0053122 secs] 1046026K->1011594K(1499884K), 0.0053738 secs] [Times: user=0.01 sys=0.00, real=0.01 secs] 
2020-10-28T13:46:27.627+0000: [GC (Allocation Failure) 2020-10-28T13:46:27.627+0000: [ParNew: 34436K->4K(38720K), 0.0052821 secs] 1046026K->1011594K(1499884K), 0.0053461 secs] [Times: user=0.01 sys=0.00, real=0.01 secs] 
2020-10-28T13:46:27.680+0000: [GC (Allocation Failure) 2020-10-28T13:46:27.680+0000: [ParNew: 34436K->4K(38720K), 0.0053851 secs] 1046026K->1011594K(1499884K), 0.0054508 secs] [Times: user=0.01 sys=0.00, real=0.00 secs] 
2020-10-28T13:46:27.727+0000: [GC (Allocation Failure) 2020-10-28T13:46:27.727+0000: [ParNew: 34436K->4K(38720K), 0.0053745 secs] 1046026K->1011594K(1499884K), 0.0054389 secs] [Times: user=0.01 sys=0.00, real=0.01 secs] 
2020-10-28T13:46:27.780+0000: [GC (Allocation Failure) 2020-10-28T13:46:27.780+0000: [ParNew: 34436K->4K(38720K), 0.0052461 secs] 1046026K->1011594K(1499884K), 0.0053086 secs] [Times: user=0.01 sys=0.00, real=0.00 secs] 
2020-10-28T13:46:27.828+0000: [GC (Allocation Failure) 2020-10-28T13:46:27.828+0000: [ParNew: 34436K->4K(38720K), 0.0052555 secs] 1046026K->1011594K(1499884K), 0.0053188 secs] [Times: user=0.02 sys=0.00, real=0.00 secs] 
2020-10-28T13:46:27.876+0000: [GC (Allocation Failure) 2020-10-28T13:46:27.876+0000: [ParNew: 34436K->4K(38720K), 0.0052457 secs] 1046026K->1011594K(1499884K), 0.0053087 secs] [Times: user=0.01 sys=0.00, real=0.01 secs] 
2020-10-28T13:46:27.928+0000: [GC (Allocation Failure) 2020-10-28T13:46:27.928+0000: [ParNew: 34436K->4K(38720K), 0.0053227 secs] 1046026K->1011595K(1499884K), 0.0053894 secs] [Times: user=0.01 sys=0.00, real=0.00 secs] 
2020-10-28T13:46:27.996+0000: [GC (Allocation Failure) 2020-10-28T13:46:27.996+0000: [ParNew: 34436K->4K(38720K), 0.0154084 secs] 1046027K->1011594K(1499884K), 0.0154830 secs] [Times: user=0.02 sys=0.00, real=0.02 secs] 
2020-10-28T13:46:28.072+0000: [GC (Allocation Failure) 2020-10-28T13:46:28.072+0000: [ParNew: 34436K->4K(38720K), 0.0053047 secs] 1046026K->1011595K(1499884K), 0.0053724 secs] [Times: user=0.01 sys=0.00, real=0.00 secs] 
2020-10-28T13:46:28.119+0000: [GC (Allocation Failure) 2020-10-28T13:46:28.119+0000: [ParNew: 34436K->4K(38720K), 0.0053923 secs] 1046027K->1011595K(1499884K), 0.0054555 secs] [Times: user=0.01 sys=0.00, real=0.01 secs] 
2020-10-28T13:46:28.169+0000: [GC (Allocation Failure) 2020-10-28T13:46:28.169+0000: [ParNew: 34436K->4K(38720K), 0.0054370 secs] 1046027K->1011595K(1499884K), 0.0055038 secs] [Times: user=0.01 sys=0.00, real=0.00 secs] 
2020-10-28T13:46:28.216+0000: [GC (Allocation Failure) 2020-10-28T13:46:28.216+0000: [ParNew: 34436K->4K(38720K), 0.0053459 secs] 1046027K->1011595K(1499884K), 0.0054104 secs] [Times: user=0.01 sys=0.00, real=0.01 secs] 
2020-10-28T13:46:28.268+0000: [GC (Allocation Failure) 2020-10-28T13:46:28.268+0000: [ParNew: 34436K->4K(38720K), 0.0053336 secs] 1046027K->1011595K(1499884K), 0.0053997 secs] [Times: user=0.01 sys=0.00, real=0.00 secs] 
2020-10-28T13:46:28.315+0000: [GC (Allocation Failure) 2020-10-28T13:46:28.315+0000: [ParNew: 34436K->4K(38720K), 0.0053537 secs] 1046027K->1011595K(1499884K), 0.0054185 secs] [Times: user=0.01 sys=0.00, real=0.01 secs] 
2020-10-28T13:46:28.364+0000: [GC (Allocation Failure) 2020-10-28T13:46:28.364+0000: [ParNew: 34436K->4K(38720K), 0.0052855 secs] 1046027K->1011595K(1499884K), 0.0053476 secs] [Times: user=0.01 sys=0.00, real=0.01 secs] 
2020-10-28T13:46:28.412+0000: [GC (Allocation Failure) 2020-10-28T13:46:28.412+0000: [ParNew: 34436K->4K(38720K), 0.0052582 secs] 1046027K->1011595K(1499884K), 0.0053212 secs] [Times: user=0.01 sys=0.00, real=0.00 secs] 
2020-10-28T13:46:28.465+0000: [GC (Allocation Failure) 2020-10-28T13:46:28.465+0000: [ParNew: 34436K->4K(38720K), 0.0053561 secs] 1046027K->1011596K(1499884K), 0.0054217 secs] [Times: user=0.01 sys=0.00, real=0.01 secs] 
2020-10-28T13:46:28.519+0000: [GC (Allocation Failure) 2020-10-28T13:46:28.519+0000: [ParNew: 34436K->4K(38720K), 0.0053740 secs] 1046028K->1011596K(1499884K), 0.0054385 secs] [Times: user=0.01 sys=0.00, real=0.01 secs] 
2020-10-28T13:46:28.577+0000: [GC (Allocation Failure) 2020-10-28T13:46:28.577+0000: [ParNew: 34436K->4K(38720K), 0.0053170 secs] 1046028K->1011596K(1499884K), 0.0053841 secs] [Times: user=0.01 sys=0.00, real=0.01 secs] 
2020-10-28T13:46:29.347+0000: [GC (GCLocker Initiated GC) 2020-10-28T13:46:29.347+0000: [ParNew: 34674K->787K(38720K), 0.0068451 secs] 1046267K->1012379K(1499884K), 0.0069161 secs] [Times: user=0.01 sys=0.00, real=0.01 secs] 
2020-10-28T13:46:29.647+0000: [GC (Allocation Failure) 2020-10-28T13:46:29.647+0000: [ParNew: 35219K->3814K(38720K), 0.0162992 secs] 1046811K->1015406K(1499884K), 0.0163919 secs] [Times: user=0.02 sys=0.00, real=0.02 secs] 
2020-10-28T13:46:29.847+0000: [GC (Allocation Failure) 2020-10-28T13:46:29.847+0000: [ParNew: 38246K->2009K(38720K), 0.0169423 secs] 1049838K->1016366K(1499884K), 0.0170171 secs] [Times: user=0.04 sys=0.00, real=0.02 secs] 
2020-10-28T13:46:29.932+0000: [GC (Allocation Failure) 2020-10-28T13:46:29.932+0000: [ParNew: 36441K->1535K(38720K), 0.0058011 secs] 1050798K->1015893K(1499884K), 0.0058701 secs] [Times: user=0.01 sys=0.00, real=0.00 secs] 
2020-10-28T13:46:30.020+0000: [GC (Allocation Failure) 2020-10-28T13:46:30.020+0000: [ParNew: 35967K->2541K(38720K), 0.0111866 secs] 1050325K->1016898K(1499884K), 0.0112743 secs] [Times: user=0.02 sys=0.00, real=0.01 secs] 
2020-10-28T13:46:30.100+0000: [GC (Allocation Failure) 2020-10-28T13:46:30.100+0000: [ParNew: 36973K->2653K(38720K), 0.0091689 secs] 1051330K->1017011K(1499884K), 0.0092505 secs] [Times: user=0.01 sys=0.00, real=0.01 secs] 
2020-10-28T13:46:30.168+0000: [GC (Allocation Failure) 2020-10-28T13:46:30.168+0000: [ParNew: 37085K->3485K(38720K), 0.0065535 secs] 1051443K->1018662K(1499884K), 0.0066203 secs] [Times: user=0.01 sys=0.00, real=0.00 secs] 
2020-10-28T13:46:30.235+0000: [GC (Allocation Failure) 2020-10-28T13:46:30.235+0000: [ParNew: 37917K->1769K(38720K), 0.0062756 secs] 1053094K->1016949K(1499884K), 0.0063438 secs] [Times: user=0.00 sys=0.00, real=0.01 secs] 
2020-10-28T13:46:30.288+0000: [GC (Allocation Failure) 2020-10-28T13:46:30.288+0000: [ParNew: 36201K->1595K(38720K), 0.0057512 secs] 1051381K->1016776K(1499884K), 0.0058171 secs] [Times: user=0.01 sys=0.00, real=0.00 secs] 
2020-10-28T13:46:30.335+0000: [GC (Allocation Failure) 2020-10-28T13:46:30.335+0000: [ParNew: 36027K->1040K(38720K), 0.0056546 secs] 1051208K->1016221K(1499884K), 0.0057445 secs] [Times: user=0.01 sys=0.00, real=0.01 secs] 
2020-10-28T13:46:30.388+0000: [GC (Allocation Failure) 2020-10-28T13:46:30.388+0000: [ParNew: 35472K->10K(38720K), 0.0053996 secs] 1050653K->1015190K(1499884K), 0.0054664 secs] [Times: user=0.02 sys=0.00, real=0.00 secs] 
2020-10-28T13:46:30.446+0000: [GC (Allocation Failure) 2020-10-28T13:46:30.446+0000: [ParNew: 34442K->7K(38720K), 0.0054041 secs] 1049622K->1015191K(1499884K), 0.0054695 secs] [Times: user=0.01 sys=0.00, real=0.01 secs] 
2020-10-28T13:46:30.498+0000: [GC (Allocation Failure) 2020-10-28T13:46:30.499+0000: [ParNew: 34439K->5K(38720K), 0.0054422 secs] 1049623K->1015188K(1499884K), 0.0055115 secs] [Times: user=0.01 sys=0.00, real=0.01 secs] 
2020-10-28T13:46:30.568+0000: [GC (Allocation Failure) 2020-10-28T13:46:30.568+0000: [ParNew: 34437K->6K(38720K), 0.0132595 secs] 1049620K->1015190K(1499884K), 0.0133313 secs] [Times: user=0.01 sys=0.00, real=0.01 secs] 
2020-10-28T13:46:30.628+0000: [GC (Allocation Failure) 2020-10-28T13:46:30.628+0000: [ParNew: 34438K->6K(38720K), 0.0054165 secs] 1049622K->1015190K(1499884K), 0.0054837 secs] [Times: user=0.01 sys=0.00, real=0.00 secs] 
2020-10-28T13:46:30.691+0000: [GC (Allocation Failure) 2020-10-28T13:46:30.691+0000: [ParNew: 34438K->6K(38720K), 0.0103872 secs] 1049622K->1015190K(1499884K), 0.0104685 secs] [Times: user=0.02 sys=0.00, real=0.01 secs] 
2020-10-28T13:46:30.760+0000: [GC (Allocation Failure) 2020-10-28T13:46:30.760+0000: [ParNew: 34438K->6K(38720K), 0.0053122 secs] 1049622K->1015190K(1499884K), 0.0053899 secs] [Times: user=0.01 sys=0.00, real=0.00 secs] 
2020-10-28T13:46:30.816+0000: [GC (Allocation Failure) 2020-10-28T13:46:30.816+0000: [ParNew: 34438K->6K(38720K), 0.0131990 secs] 1049622K->1015190K(1499884K), 0.0132661 secs] [Times: user=0.02 sys=0.00, real=0.02 secs] 
2020-10-28T13:46:30.915+0000: [GC (Allocation Failure) 2020-10-28T13:46:30.915+0000: [ParNew: 34438K->6K(38720K), 0.0055816 secs] 1049622K->1015190K(1499884K), 0.0056713 secs] [Times: user=0.01 sys=0.00, real=0.01 secs] 
2020-10-28T13:46:30.978+0000: [GC (Allocation Failure) 2020-10-28T13:46:30.978+0000: [ParNew: 34438K->6K(38720K), 0.0114309 secs] 1049622K->1015190K(1499884K), 0.0115274 secs] [Times: user=0.02 sys=0.00, real=0.02 secs] 
2020-10-28T13:46:31.041+0000: [GC (Allocation Failure) 2020-10-28T13:46:31.041+0000: [ParNew: 34438K->6K(38720K), 0.0151943 secs] 1049622K->1015190K(1499884K), 0.0152643 secs] [Times: user=0.03 sys=0.00, real=0.01 secs] 
2020-10-28T13:46:31.112+0000: [GC (Allocation Failure) 2020-10-28T13:46:31.112+0000: [ParNew: 34438K->6K(38720K), 0.0149088 secs] 1049622K->1015190K(1499884K), 0.0149716 secs] [Times: user=0.03 sys=0.00, real=0.01 secs] 
2020-10-28T13:46:31.192+0000: [GC (Allocation Failure) 2020-10-28T13:46:31.192+0000: [ParNew: 34438K->6K(38720K), 0.0054519 secs] 1049622K->1015190K(1499884K), 0.0055332 secs] [Times: user=0.01 sys=0.00, real=0.00 secs] 
2020-10-28T13:46:31.256+0000: [GC (Allocation Failure) 2020-10-28T13:46:31.256+0000: [ParNew: 34438K->6K(38720K), 0.0055218 secs] 1049622K->1015190K(1499884K), 0.0055879 secs] [Times: user=0.01 sys=0.00, real=0.01 secs] 
2020-10-28T13:46:31.302+0000: [GC (Allocation Failure) 2020-10-28T13:46:31.302+0000: [ParNew: 34438K->6K(38720K), 0.0053194 secs] 1049622K->1015190K(1499884K), 0.0053821 secs] [Times: user=0.01 sys=0.00, real=0.01 secs] 
2020-10-28T13:46:31.356+0000: [GC (Allocation Failure) 2020-10-28T13:46:31.356+0000: [ParNew: 34438K->4K(38720K), 0.0053783 secs] 1049622K->1015188K(1499884K), 0.0054442 secs] [Times: user=0.01 sys=0.00, real=0.01 secs] 
2020-10-28T13:46:31.405+0000: [GC (Allocation Failure) 2020-10-28T13:46:31.405+0000: [ParNew: 34436K->6K(38720K), 0.0053695 secs] 1049620K->1015190K(1499884K), 0.0054387 secs] [Times: user=0.01 sys=0.00, real=0.01 secs] 
2020-10-28T13:46:31.456+0000: [GC (Allocation Failure) 2020-10-28T13:46:31.456+0000: [ParNew: 34438K->6K(38720K), 0.0053548 secs] 1049622K->1015190K(1499884K), 0.0054181 secs] [Times: user=0.02 sys=0.00, real=0.01 secs] 
2020-10-28T13:46:31.503+0000: [GC (Allocation Failure) 2020-10-28T13:46:31.503+0000: [ParNew: 34438K->8K(38720K), 0.0053521 secs] 1049622K->1015192K(1499884K), 0.0054176 secs] [Times: user=0.01 sys=0.00, real=0.01 secs] 
2020-10-28T13:46:31.552+0000: [GC (Allocation Failure) 2020-10-28T13:46:31.552+0000: [ParNew: 34440K->4K(38720K), 0.0053130 secs] 1049624K->1015188K(1499884K), 0.0053764 secs] [Times: user=0.01 sys=0.00, real=0.00 secs] 
2020-10-28T13:46:31.596+0000: [GC (Allocation Failure) 2020-10-28T13:46:31.596+0000: [ParNew: 34436K->6K(38720K), 0.0053126 secs] 1049620K->1015190K(1499884K), 0.0053758 secs] [Times: user=0.01 sys=0.00, real=0.01 secs] 
2020-10-28T13:46:31.639+0000: [GC (Allocation Failure) 2020-10-28T13:46:31.639+0000: [ParNew: 34438K->6K(38720K), 0.0053714 secs] 1049622K->1015190K(1499884K), 0.0054348 secs] [Times: user=0.01 sys=0.00, real=0.01 secs] 
2020-10-28T13:46:31.686+0000: [GC (Allocation Failure) 2020-10-28T13:46:31.686+0000: [ParNew: 34438K->4K(38720K), 0.0053309 secs] 1049622K->1015188K(1499884K), 0.0053941 secs] [Times: user=0.01 sys=0.00, real=0.01 secs] 
2020-10-28T13:46:31.736+0000: [GC (Allocation Failure) 2020-10-28T13:46:31.736+0000: [ParNew: 34436K->6K(38720K), 0.0053630 secs] 1049620K->1015191K(1499884K), 0.0054290 secs] [Times: user=0.01 sys=0.00, real=0.01 secs] 
2020-10-28T13:46:31.778+0000: [GC (Allocation Failure) 2020-10-28T13:46:31.778+0000: [ParNew: 34438K->6K(38720K), 0.0053928 secs] 1049623K->1015191K(1499884K), 0.0054682 secs] [Times: user=0.01 sys=0.00, real=0.01 secs] 
2020-10-28T13:46:31.821+0000: [GC (Allocation Failure) 2020-10-28T13:46:31.821+0000: [ParNew: 34438K->6K(38720K), 0.0053302 secs] 1049623K->1015191K(1499884K), 0.0053934 secs] [Times: user=0.01 sys=0.00, real=0.00 secs] 
2020-10-28T13:46:31.864+0000: [GC (Allocation Failure) 2020-10-28T13:46:31.864+0000: [ParNew: 34438K->6K(38720K), 0.0052969 secs] 1049623K->1015191K(1499884K), 0.0053605 secs] [Times: user=0.01 sys=0.00, real=0.01 secs] 
2020-10-28T13:46:31.908+0000: [GC (Allocation Failure) 2020-10-28T13:46:31.908+0000: [ParNew: 34438K->6K(38720K), 0.0053770 secs] 1049623K->1015191K(1499884K), 0.0054434 secs] [Times: user=0.01 sys=0.00, real=0.00 secs] 
2020-10-28T13:46:31.951+0000: [GC (Allocation Failure) 2020-10-28T13:46:31.951+0000: [ParNew: 34438K->6K(38720K), 0.0054586 secs] 1049623K->1015191K(1499884K), 0.0055234 secs] [Times: user=0.01 sys=0.00, real=0.00 secs] 
2020-10-28T13:46:31.993+0000: [GC (Allocation Failure) 2020-10-28T13:46:31.993+0000: [ParNew: 34438K->6K(38720K), 0.0053516 secs] 1049623K->1015191K(1499884K), 0.0054195 secs] [Times: user=0.01 sys=0.00, real=0.00 secs] 
2020-10-28T13:46:32.036+0000: [GC (Allocation Failure) 2020-10-28T13:46:32.036+0000: [ParNew: 34438K->4K(38720K), 0.0053537 secs] 1049623K->1015189K(1499884K), 0.0054203 secs] [Times: user=0.01 sys=0.00, real=0.01 secs] 
2020-10-28T13:46:32.084+0000: [GC (Allocation Failure) 2020-10-28T13:46:32.084+0000: [ParNew: 34436K->6K(38720K), 0.0056193 secs] 1049621K->1015191K(1499884K), 0.0056841 secs] [Times: user=0.01 sys=0.00, real=0.01 secs] 
2020-10-28T13:46:32.128+0000: [GC (Allocation Failure) 2020-10-28T13:46:32.128+0000: [ParNew: 34438K->4K(38720K), 0.0053378 secs] 1049623K->1015189K(1499884K), 0.0054021 secs] [Times: user=0.01 sys=0.00, real=0.00 secs] 
2020-10-28T13:46:32.176+0000: [GC (Allocation Failure) 2020-10-28T13:46:32.176+0000: [ParNew: 34436K->6K(38720K), 0.0054129 secs] 1049621K->1015191K(1499884K), 0.0054806 secs] [Times: user=0.01 sys=0.00, real=0.01 secs] 
2020-10-28T13:46:32.220+0000: [GC (Allocation Failure) 2020-10-28T13:46:32.220+0000: [ParNew: 34438K->4K(38720K), 0.0053640 secs] 1049623K->1015189K(1499884K), 0.0054285 secs] [Times: user=0.01 sys=0.00, real=0.00 secs] 
2020-10-28T13:46:32.264+0000: [GC (Allocation Failure) 2020-10-28T13:46:32.264+0000: [ParNew: 34436K->6K(38720K), 0.0053286 secs] 1049621K->1015191K(1499884K), 0.0053918 secs] [Times: user=0.01 sys=0.00, real=0.01 secs] 
2020-10-28T13:46:32.306+0000: [GC (Allocation Failure) 2020-10-28T13:46:32.306+0000: [ParNew: 34438K->6K(38720K), 0.0052670 secs] 1049623K->1015191K(1499884K), 0.0053302 secs] [Times: user=0.01 sys=0.00, real=0.01 secs] 
2020-10-28T13:46:32.352+0000: [GC (Allocation Failure) 2020-10-28T13:46:32.352+0000: [ParNew: 34438K->4K(38720K), 0.0052935 secs] 1049623K->1015189K(1499884K), 0.0053790 secs] [Times: user=0.01 sys=0.00, real=0.00 secs] 
2020-10-28T13:46:32.398+0000: [GC (Allocation Failure) 2020-10-28T13:46:32.398+0000: [ParNew: 34436K->4K(38720K), 0.0052940 secs] 1049621K->1015189K(1499884K), 0.0053561 secs] [Times: user=0.01 sys=0.00, real=0.01 secs] 
2020-10-28T13:46:32.440+0000: [GC (Allocation Failure) 2020-10-28T13:46:32.440+0000: [ParNew: 34436K->4K(38720K), 0.0053733 secs] 1049621K->1015189K(1499884K), 0.0054397 secs] [Times: user=0.01 sys=0.00, real=0.00 secs] 
2020-10-28T13:46:32.484+0000: [GC (Allocation Failure) 2020-10-28T13:46:32.484+0000: [ParNew: 34436K->6K(38720K), 0.0075954 secs] 1049621K->1015191K(1499884K), 0.0076602 secs] [Times: user=0.02 sys=0.00, real=0.01 secs] 
2020-10-28T13:46:32.532+0000: [GC (Allocation Failure) 2020-10-28T13:46:32.532+0000: [ParNew: 34438K->4K(38720K), 0.0053222 secs] 1049623K->1015189K(1499884K), 0.0053854 secs] [Times: user=0.02 sys=0.00, real=0.00 secs] 
2020-10-28T13:46:32.574+0000: [GC (Allocation Failure) 2020-10-28T13:46:32.574+0000: [ParNew: 34436K->6K(38720K), 0.0053360 secs] 1049621K->1015191K(1499884K), 0.0053989 secs] [Times: user=0.01 sys=0.00, real=0.01 secs] 
2020-10-28T13:46:32.622+0000: [GC (Allocation Failure) 2020-10-28T13:46:32.622+0000: [ParNew: 34438K->6K(38720K), 0.0054694 secs] 1049623K->1015191K(1499884K), 0.0055309 secs] [Times: user=0.01 sys=0.00, real=0.01 secs] 
2020-10-28T13:46:32.668+0000: [GC (Allocation Failure) 2020-10-28T13:46:32.668+0000: [ParNew: 34438K->6K(38720K), 0.0053370 secs] 1049623K->1015191K(1499884K), 0.0054010 secs] [Times: user=0.01 sys=0.00, real=0.00 secs] 
2020-10-28T13:46:32.710+0000: [GC (Allocation Failure) 2020-10-28T13:46:32.710+0000: [ParNew: 34438K->4K(38720K), 0.0053841 secs] 1049623K->1015189K(1499884K), 0.0054474 secs] [Times: user=0.01 sys=0.00, real=0.00 secs] 
2020-10-28T13:46:32.756+0000: [GC (Allocation Failure) 2020-10-28T13:46:32.756+0000: [ParNew: 34436K->6K(38720K), 0.0053844 secs] 1049621K->1015191K(1499884K), 0.0054488 secs] [Times: user=0.01 sys=0.00, real=0.01 secs] 
2020-10-28T13:46:32.800+0000: [GC (Allocation Failure) 2020-10-28T13:46:32.800+0000: [ParNew: 34438K->4K(38720K), 0.0055823 secs] 1049623K->1015189K(1499884K), 0.0056519 secs] [Times: user=0.01 sys=0.00, real=0.00 secs] 
2020-10-28T13:46:32.842+0000: [GC (Allocation Failure) 2020-10-28T13:46:32.842+0000: [ParNew: 34436K->6K(38720K), 0.0053880 secs] 1049621K->1015191K(1499884K), 0.0054523 secs] [Times: user=0.01 sys=0.00, real=0.01 secs] 
2020-10-28T13:46:32.888+0000: [GC (Allocation Failure) 2020-10-28T13:46:32.888+0000: [ParNew: 34438K->4K(38720K), 0.0054167 secs] 1049623K->1015189K(1499884K), 0.0054816 secs] [Times: user=0.01 sys=0.00, real=0.00 secs] 
2020-10-28T13:46:32.936+0000: [GC (Allocation Failure) 2020-10-28T13:46:32.936+0000: [ParNew: 34436K->8K(38720K), 0.0053764 secs] 1049621K->1015193K(1499884K), 0.0054417 secs] [Times: user=0.01 sys=0.00, real=0.01 secs] 
2020-10-28T13:46:33.001+0000: [GC (Allocation Failure) 2020-10-28T13:46:33.001+0000: [ParNew: 34440K->4K(38720K), 0.0053901 secs] 1049625K->1015189K(1499884K), 0.0054786 secs] [Times: user=0.01 sys=0.00, real=0.00 secs] 
2020-10-28T13:46:33.045+0000: [GC (Allocation Failure) 2020-10-28T13:46:33.045+0000: [ParNew: 34436K->8K(38720K), 0.0053782 secs] 1049621K->1015193K(1499884K), 0.0054429 secs] [Times: user=0.01 sys=0.00, real=0.01 secs] 
2020-10-28T13:46:33.092+0000: [GC (Allocation Failure) 2020-10-28T13:46:33.092+0000: [ParNew: 34440K->6K(38720K), 0.0053555 secs] 1049625K->1015191K(1499884K), 0.0054235 secs] [Times: user=0.01 sys=0.00, real=0.00 secs] 
2020-10-28T13:46:33.146+0000: [GC (Allocation Failure) 2020-10-28T13:46:33.146+0000: [ParNew: 34438K->6K(38720K), 0.0053651 secs] 1049623K->1015191K(1499884K), 0.0054312 secs] [Times: user=0.01 sys=0.00, real=0.01 secs] 
2020-10-28T13:46:33.203+0000: [GC (Allocation Failure) 2020-10-28T13:46:33.203+0000: [ParNew: 34438K->6K(38720K), 0.0053675 secs] 1049623K->1015191K(1499884K), 0.0054557 secs] [Times: user=0.01 sys=0.00, real=0.01 secs] 
2020-10-28T13:46:33.257+0000: [GC (Allocation Failure) 2020-10-28T13:46:33.257+0000: [ParNew: 34438K->6K(38720K), 0.0055862 secs] 1049623K->1015192K(1499884K), 0.0056733 secs] [Times: user=0.01 sys=0.00, real=0.01 secs] 
2020-10-28T13:46:33.301+0000: [GC (Allocation Failure) 2020-10-28T13:46:33.301+0000: [ParNew: 34438K->6K(38720K), 0.0053234 secs] 1049624K->1015192K(1499884K), 0.0053866 secs] [Times: user=0.01 sys=0.00, real=0.00 secs] 
2020-10-28T13:46:33.344+0000: [GC (Allocation Failure) 2020-10-28T13:46:33.344+0000: [ParNew: 34438K->4K(38720K), 0.0053700 secs] 1049624K->1015190K(1499884K), 0.0054325 secs] [Times: user=0.01 sys=0.00, real=0.01 secs] 
2020-10-28T13:46:33.386+0000: [GC (Allocation Failure) 2020-10-28T13:46:33.386+0000: [ParNew: 34436K->4K(38720K), 0.0053116 secs] 1049622K->1015190K(1499884K), 0.0053736 secs] [Times: user=0.00 sys=0.00, real=0.01 secs] 
2020-10-28T13:46:33.428+0000: [GC (Allocation Failure) 2020-10-28T13:46:33.428+0000: [ParNew: 34436K->4K(38720K), 0.0053320 secs] 1049622K->1015190K(1499884K), 0.0053958 secs] [Times: user=0.01 sys=0.00, real=0.00 secs] 
2020-10-28T13:46:33.471+0000: [GC (Allocation Failure) 2020-10-28T13:46:33.471+0000: [ParNew: 34436K->6K(38720K), 0.0054201 secs] 1049622K->1015192K(1499884K), 0.0054930 secs] [Times: user=0.01 sys=0.00, real=0.00 secs] 
2020-10-28T13:46:33.516+0000: [GC (Allocation Failure) 2020-10-28T13:46:33.516+0000: [ParNew: 34438K->6K(38720K), 0.0053095 secs] 1049624K->1015192K(1499884K), 0.0053742 secs] [Times: user=0.01 sys=0.00, real=0.01 secs] 
2020-10-28T13:46:33.558+0000: [GC (Allocation Failure) 2020-10-28T13:46:33.558+0000: [ParNew: 34438K->6K(38720K), 0.0054722 secs] 1049624K->1015192K(1499884K), 0.0055345 secs] [Times: user=0.01 sys=0.00, real=0.01 secs] 
2020-10-28T13:46:33.604+0000: [GC (Allocation Failure) 2020-10-28T13:46:33.604+0000: [ParNew: 34438K->6K(38720K), 0.0053079 secs] 1049624K->1015192K(1499884K), 0.0053704 secs] [Times: user=0.01 sys=0.00, real=0.01 secs] 
2020-10-28T13:46:33.646+0000: [GC (Allocation Failure) 2020-10-28T13:46:33.646+0000: [ParNew: 34438K->4K(38720K), 0.0053302 secs] 1049624K->1015190K(1499884K), 0.0053924 secs] [Times: user=0.01 sys=0.00, real=0.01 secs] 
2020-10-28T13:46:33.688+0000: [GC (Allocation Failure) 2020-10-28T13:46:33.689+0000: [ParNew: 34436K->4K(38720K), 0.0053123 secs] 1049622K->1015190K(1499884K), 0.0053745 secs] [Times: user=0.01 sys=0.00, real=0.00 secs] 
2020-10-28T13:46:33.736+0000: [GC (Allocation Failure) 2020-10-28T13:46:33.736+0000: [ParNew: 34436K->4K(38720K), 0.0053043 secs] 1049622K->1015190K(1499884K), 0.0053680 secs] [Times: user=0.01 sys=0.00, real=0.01 secs] 
2020-10-28T13:46:33.780+0000: [GC (Allocation Failure) 2020-10-28T13:46:33.780+0000: [ParNew: 34436K->4K(38720K), 0.0052853 secs] 1049622K->1015190K(1499884K), 0.0053486 secs] [Times: user=0.01 sys=0.00, real=0.00 secs] 
2020-10-28T13:46:33.827+0000: [GC (Allocation Failure) 2020-10-28T13:46:33.827+0000: [ParNew: 34436K->6K(38720K), 0.0053150 secs] 1049622K->1015192K(1499884K), 0.0053801 secs] [Times: user=0.01 sys=0.00, real=0.01 secs] 
2020-10-28T13:46:33.872+0000: [GC (Allocation Failure) 2020-10-28T13:46:33.872+0000: [ParNew: 34438K->4K(38720K), 0.0053303 secs] 1049624K->1015190K(1499884K), 0.0053946 secs] [Times: user=0.01 sys=0.00, real=0.00 secs] 
2020-10-28T13:46:33.919+0000: [GC (Allocation Failure) 2020-10-28T13:46:33.919+0000: [ParNew: 34436K->6K(38720K), 0.0053889 secs] 1049622K->1015192K(1499884K), 0.0054558 secs] [Times: user=0.01 sys=0.00, real=0.01 secs] 
2020-10-28T13:46:33.966+0000: [GC (Allocation Failure) 2020-10-28T13:46:33.966+0000: [ParNew: 34438K->6K(38720K), 0.0053556 secs] 1049624K->1015192K(1499884K), 0.0054206 secs] [Times: user=0.01 sys=0.00, real=0.01 secs] 
2020-10-28T13:46:34.008+0000: [GC (Allocation Failure) 2020-10-28T13:46:34.008+0000: [ParNew: 34438K->6K(38720K), 0.0053824 secs] 1049624K->1015192K(1499884K), 0.0054473 secs] [Times: user=0.01 sys=0.00, real=0.00 secs] 
2020-10-28T13:46:34.052+0000: [GC (Allocation Failure) 2020-10-28T13:46:34.052+0000: [ParNew: 34438K->4K(38720K), 0.0053518 secs] 1049624K->1015190K(1499884K), 0.0054187 secs] [Times: user=0.01 sys=0.00, real=0.00 secs] 
2020-10-28T13:46:34.098+0000: [GC (Allocation Failure) 2020-10-28T13:46:34.098+0000: [ParNew: 34436K->6K(38720K), 0.0053153 secs] 1049622K->1015192K(1499884K), 0.0053860 secs] [Times: user=0.01 sys=0.00, real=0.01 secs] 
2020-10-28T13:46:34.144+0000: [GC (Allocation Failure) 2020-10-28T13:46:34.144+0000: [ParNew: 34438K->6K(38720K), 0.0076439 secs] 1049624K->1015192K(1499884K), 0.0077124 secs] [Times: user=0.02 sys=0.00, real=0.01 secs] 
2020-10-28T13:46:34.196+0000: [GC (Allocation Failure) 2020-10-28T13:46:34.196+0000: [ParNew: 34438K->4K(38720K), 0.0054073 secs] 1049624K->1015190K(1499884K), 0.0054751 secs] [Times: user=0.01 sys=0.00, real=0.01 secs] 
2020-10-28T13:46:34.238+0000: [GC (Allocation Failure) 2020-10-28T13:46:34.238+0000: [ParNew: 34436K->6K(38720K), 0.0058416 secs] 1049622K->1015192K(1499884K), 0.0059037 secs] [Times: user=0.01 sys=0.00, real=0.01 secs] 
2020-10-28T13:46:34.281+0000: [GC (Allocation Failure) 2020-10-28T13:46:34.281+0000: [ParNew: 34438K->4K(38720K), 0.0053450 secs] 1049624K->1015190K(1499884K), 0.0054070 secs] [Times: user=0.01 sys=0.00, real=0.00 secs] 
2020-10-28T13:46:34.323+0000: [GC (Allocation Failure) 2020-10-28T13:46:34.323+0000: [ParNew: 34436K->4K(38720K), 0.0054080 secs] 1049622K->1015190K(1499884K), 0.0054857 secs] [Times: user=0.01 sys=0.00, real=0.01 secs] 
2020-10-28T13:46:34.365+0000: [GC (Allocation Failure) 2020-10-28T13:46:34.366+0000: [ParNew: 34436K->4K(38720K), 0.0053158 secs] 1049622K->1015190K(1499884K), 0.0053783 secs] [Times: user=0.02 sys=0.00, real=0.01 secs] 
2020-10-28T13:46:34.412+0000: [GC (Allocation Failure) 2020-10-28T13:46:34.412+0000: [ParNew: 34436K->4K(38720K), 0.0054052 secs] 1049622K->1015190K(1499884K), 0.0054733 secs] [Times: user=0.01 sys=0.00, real=0.00 secs] 
2020-10-28T13:46:34.453+0000: [GC (Allocation Failure) 2020-10-28T13:46:34.453+0000: [ParNew: 34436K->4K(38720K), 0.0053048 secs] 1049622K->1015190K(1499884K), 0.0053670 secs] [Times: user=0.01 sys=0.00, real=0.00 secs] 
2020-10-28T13:46:34.501+0000: [GC (Allocation Failure) 2020-10-28T13:46:34.501+0000: [ParNew: 34436K->4K(38720K), 0.0053470 secs] 1049622K->1015190K(1499884K), 0.0054117 secs] [Times: user=0.01 sys=0.00, real=0.00 secs] 
2020-10-28T13:46:34.548+0000: [GC (Allocation Failure) 2020-10-28T13:46:34.548+0000: [ParNew: 34436K->4K(38720K), 0.0053742 secs] 1049622K->1015190K(1499884K), 0.0054384 secs] [Times: user=0.01 sys=0.00, real=0.00 secs] 
2020-10-28T13:46:34.590+0000: [GC (Allocation Failure) 2020-10-28T13:46:34.590+0000: [ParNew: 34436K->4K(38720K), 0.0053522 secs] 1049622K->1015190K(1499884K), 0.0054156 secs] [Times: user=0.01 sys=0.00, real=0.00 secs] 
2020-10-28T13:46:34.633+0000: [GC (Allocation Failure) 2020-10-28T13:46:34.633+0000: [ParNew: 34436K->6K(38720K), 0.0054745 secs] 1049622K->1015192K(1499884K), 0.0055398 secs] [Times: user=0.01 sys=0.00, real=0.00 secs] 
2020-10-28T13:46:34.675+0000: [GC (Allocation Failure) 2020-10-28T13:46:34.675+0000: [ParNew: 34438K->4K(38720K), 0.0054220 secs] 1049624K->1015190K(1499884K), 0.0054850 secs] [Times: user=0.01 sys=0.00, real=0.01 secs] 
2020-10-28T13:46:34.722+0000: [GC (Allocation Failure) 2020-10-28T13:46:34.722+0000: [ParNew: 34436K->6K(38720K), 0.0054283 secs] 1049622K->1015192K(1499884K), 0.0054903 secs] [Times: user=0.01 sys=0.00, real=0.01 secs] 
2020-10-28T13:46:34.765+0000: [GC (Allocation Failure) 2020-10-28T13:46:34.766+0000: [ParNew: 34438K->6K(38720K), 0.0054249 secs] 1049624K->1015192K(1499884K), 0.0054896 secs] [Times: user=0.01 sys=0.00, real=0.01 secs] 
2020-10-28T13:46:34.812+0000: [GC (Allocation Failure) 2020-10-28T13:46:34.812+0000: [ParNew: 34438K->6K(38720K), 0.0054290 secs] 1049624K->1015192K(1499884K), 0.0054939 secs] [Times: user=0.01 sys=0.00, real=0.00 secs] 
2020-10-28T13:46:34.858+0000: [GC (Allocation Failure) 2020-10-28T13:46:34.858+0000: [ParNew: 34438K->6K(38720K), 0.0053362 secs] 1049624K->1015192K(1499884K), 0.0054009 secs] [Times: user=0.01 sys=0.00, real=0.01 secs] 
2020-10-28T13:46:34.904+0000: [GC (Allocation Failure) 2020-10-28T13:46:34.904+0000: [ParNew: 34438K->6K(38720K), 0.0053413 secs] 1049624K->1015192K(1499884K), 0.0054033 secs] [Times: user=0.01 sys=0.00, real=0.01 secs] 
2020-10-28T13:46:34.952+0000: [GC (Allocation Failure) 2020-10-28T13:46:34.952+0000: [ParNew: 34438K->6K(38720K), 0.0054061 secs] 1049624K->1015192K(1499884K), 0.0054725 secs] [Times: user=0.01 sys=0.00, real=0.00 secs] 
2020-10-28T13:46:34.995+0000: [GC (Allocation Failure) 2020-10-28T13:46:34.995+0000: [ParNew: 34438K->6K(38720K), 0.0053514 secs] 1049624K->1015192K(1499884K), 0.0054141 secs] [Times: user=0.01 sys=0.00, real=0.01 secs] 
2020-10-28T13:46:35.037+0000: [GC (Allocation Failure) 2020-10-28T13:46:35.037+0000: [ParNew: 34438K->4K(38720K), 0.0053554 secs] 1049624K->1015190K(1499884K), 0.0054351 secs] [Times: user=0.01 sys=0.00, real=0.01 secs] 
2020-10-28T13:46:35.096+0000: [GC (Allocation Failure) 2020-10-28T13:46:35.096+0000: [ParNew: 34436K->6K(38720K), 0.0053490 secs] 1049622K->1015192K(1499884K), 0.0054152 secs] [Times: user=0.01 sys=0.00, real=0.01 secs] 
2020-10-28T13:46:35.140+0000: [GC (Allocation Failure) 2020-10-28T13:46:35.140+0000: [ParNew: 34438K->6K(38720K), 0.0053085 secs] 1049624K->1015192K(1499884K), 0.0053746 secs] [Times: user=0.01 sys=0.00, real=0.00 secs] 
2020-10-28T13:46:35.188+0000: [GC (Allocation Failure) 2020-10-28T13:46:35.188+0000: [ParNew: 34438K->6K(38720K), 0.0053050 secs] 1049624K->1015192K(1499884K), 0.0053685 secs] [Times: user=0.01 sys=0.00, real=0.00 secs] 
2020-10-28T13:46:35.232+0000: [GC (Allocation Failure) 2020-10-28T13:46:35.232+0000: [ParNew: 34438K->4K(38720K), 0.0053729 secs] 1049624K->1015190K(1499884K), 0.0054361 secs] [Times: user=0.01 sys=0.00, real=0.00 secs] 
2020-10-28T13:46:35.278+0000: [GC (Allocation Failure) 2020-10-28T13:46:35.278+0000: [ParNew: 34436K->6K(38720K), 0.0053787 secs] 1049622K->1015192K(1499884K), 0.0054421 secs] [Times: user=0.01 sys=0.00, real=0.01 secs] 
2020-10-28T13:46:35.324+0000: [GC (Allocation Failure) 2020-10-28T13:46:35.324+0000: [ParNew: 34438K->6K(38720K), 0.0053132 secs] 1049624K->1015192K(1499884K), 0.0053703 secs] [Times: user=0.01 sys=0.00, real=0.01 secs] 
2020-10-28T13:46:35.372+0000: [GC (Allocation Failure) 2020-10-28T13:46:35.372+0000: [ParNew: 34438K->6K(38720K), 0.0053586 secs] 1049624K->1015192K(1499884K), 0.0054219 secs] [Times: user=0.01 sys=0.00, real=0.00 secs] 
2020-10-28T13:46:35.417+0000: [GC (Allocation Failure) 2020-10-28T13:46:35.417+0000: [ParNew: 34438K->8K(38720K), 0.0053953 secs] 1049624K->1015194K(1499884K), 0.0054585 secs] [Times: user=0.01 sys=0.00, real=0.01 secs] 
2020-10-28T13:46:35.464+0000: [GC (Allocation Failure) 2020-10-28T13:46:35.464+0000: [ParNew: 34440K->4K(38720K), 0.0053349 secs] 1049626K->1015190K(1499884K), 0.0053980 secs] [Times: user=0.02 sys=0.00, real=0.01 secs] 
2020-10-28T13:46:35.506+0000: [GC (Allocation Failure) 2020-10-28T13:46:35.506+0000: [ParNew: 34436K->6K(38720K), 0.0053596 secs] 1049622K->1015192K(1499884K), 0.0054216 secs] [Times: user=0.01 sys=0.00, real=0.01 secs] 
2020-10-28T13:46:35.556+0000: [GC (Allocation Failure) 2020-10-28T13:46:35.556+0000: [ParNew: 34438K->8K(38720K), 0.0054047 secs] 1049624K->1015194K(1499884K), 0.0054709 secs] [Times: user=0.01 sys=0.00, real=0.01 secs] 
2020-10-28T13:46:35.604+0000: [GC (Allocation Failure) 2020-10-28T13:46:35.604+0000: [ParNew: 34440K->6K(38720K), 0.0053880 secs] 1049626K->1015192K(1499884K), 0.0054540 secs] [Times: user=0.01 sys=0.00, real=0.01 secs] 
2020-10-28T13:46:35.649+0000: [GC (Allocation Failure) 2020-10-28T13:46:35.649+0000: [ParNew: 34438K->8K(38720K), 0.0055111 secs] 1049624K->1015194K(1499884K), 0.0055801 secs] [Times: user=0.01 sys=0.00, real=0.00 secs] 
2020-10-28T13:46:35.691+0000: [GC (Allocation Failure) 2020-10-28T13:46:35.691+0000: [ParNew: 34440K->6K(38720K), 0.0053874 secs] 1049626K->1015192K(1499884K), 0.0054512 secs] [Times: user=0.01 sys=0.00, real=0.00 secs] 
2020-10-28T13:46:35.736+0000: [GC (Allocation Failure) 2020-10-28T13:46:35.736+0000: [ParNew: 34438K->6K(38720K), 0.0054077 secs] 1049624K->1015192K(1499884K), 0.0054723 secs] [Times: user=0.01 sys=0.00, real=0.01 secs] 
2020-10-28T13:46:35.782+0000: [GC (Allocation Failure) 2020-10-28T13:46:35.783+0000: [ParNew: 34438K->6K(38720K), 0.0053489 secs] 1049624K->1015192K(1499884K), 0.0054117 secs] [Times: user=0.01 sys=0.00, real=0.01 secs] 
2020-10-28T13:46:35.831+0000: [GC (Allocation Failure) 2020-10-28T13:46:35.831+0000: [ParNew: 34438K->6K(38720K), 0.0053591 secs] 1049624K->1015192K(1499884K), 0.0054236 secs] [Times: user=0.02 sys=0.00, real=0.00 secs] 
2020-10-28T13:46:35.874+0000: [GC (Allocation Failure) 2020-10-28T13:46:35.874+0000: [ParNew: 34438K->6K(38720K), 0.0053441 secs] 1049624K->1015192K(1499884K), 0.0054240 secs] [Times: user=0.01 sys=0.00, real=0.00 secs] 
2020-10-28T13:46:35.916+0000: [GC (Allocation Failure) 2020-10-28T13:46:35.916+0000: [ParNew: 34438K->6K(38720K), 0.0053779 secs] 1049624K->1015193K(1499884K), 0.0054422 secs] [Times: user=0.01 sys=0.00, real=0.01 secs] 
2020-10-28T13:46:35.963+0000: [GC (Allocation Failure) 2020-10-28T13:46:35.963+0000: [ParNew: 34438K->6K(38720K), 0.0053027 secs] 1049625K->1015193K(1499884K), 0.0053649 secs] [Times: user=0.01 sys=0.00, real=0.01 secs] 
2020-10-28T13:46:36.010+0000: [GC (Allocation Failure) 2020-10-28T13:46:36.010+0000: [ParNew: 34438K->8K(38720K), 0.0052740 secs] 1049625K->1015195K(1499884K), 0.0053451 secs] [Times: user=0.01 sys=0.00, real=0.00 secs] 
2020-10-28T13:46:36.056+0000: [GC (Allocation Failure) 2020-10-28T13:46:36.056+0000: [ParNew: 34440K->6K(38720K), 0.0053287 secs] 1049627K->1015193K(1499884K), 0.0053940 secs] [Times: user=0.01 sys=0.00, real=0.01 secs] 
2020-10-28T13:46:36.098+0000: [GC (Allocation Failure) 2020-10-28T13:46:36.098+0000: [ParNew: 34438K->4K(38720K), 0.0053319 secs] 1049625K->1015191K(1499884K), 0.0053939 secs] [Times: user=0.02 sys=0.00, real=0.01 secs] 
2020-10-28T13:46:36.151+0000: [GC (Allocation Failure) 2020-10-28T13:46:36.151+0000: [ParNew: 34436K->4K(38720K), 0.0053680 secs] 1049623K->1015191K(1499884K), 0.0054649 secs] [Times: user=0.01 sys=0.00, real=0.00 secs] 
2020-10-28T13:46:36.194+0000: [GC (Allocation Failure) 2020-10-28T13:46:36.194+0000: [ParNew: 34436K->6K(38720K), 0.0054868 secs] 1049623K->1015193K(1499884K), 0.0055537 secs] [Times: user=0.01 sys=0.00, real=0.01 secs] 
2020-10-28T13:46:36.237+0000: [GC (Allocation Failure) 2020-10-28T13:46:36.237+0000: [ParNew: 34438K->4K(38720K), 0.0059937 secs] 1049625K->1015191K(1499884K), 0.0060631 secs] [Times: user=0.01 sys=0.00, real=0.01 secs] 
2020-10-28T13:46:36.288+0000: [GC (Allocation Failure) 2020-10-28T13:46:36.288+0000: [ParNew: 34436K->4K(38720K), 0.0053481 secs] 1049623K->1015191K(1499884K), 0.0054124 secs] [Times: user=0.01 sys=0.00, real=0.00 secs] 
2020-10-28T13:46:36.330+0000: [GC (Allocation Failure) 2020-10-28T13:46:36.330+0000: [ParNew: 34436K->6K(38720K), 0.0053827 secs] 1049623K->1015193K(1499884K), 0.0054456 secs] [Times: user=0.01 sys=0.00, real=0.00 secs] 
2020-10-28T13:46:36.376+0000: [GC (Allocation Failure) 2020-10-28T13:46:36.376+0000: [ParNew: 34438K->4K(38720K), 0.0053364 secs] 1049625K->1015191K(1499884K), 0.0054000 secs] [Times: user=0.01 sys=0.00, real=0.01 secs] 
2020-10-28T13:46:36.421+0000: [GC (Allocation Failure) 2020-10-28T13:46:36.421+0000: [ParNew: 34436K->6K(38720K), 0.0053376 secs] 1049623K->1015193K(1499884K), 0.0054004 secs] [Times: user=0.01 sys=0.00, real=0.00 secs] 
2020-10-28T13:46:36.470+0000: [GC (Allocation Failure) 2020-10-28T13:46:36.470+0000: [ParNew: 34438K->6K(38720K), 0.0053495 secs] 1049625K->1015193K(1499884K), 0.0054107 secs] [Times: user=0.01 sys=0.00, real=0.00 secs] 
2020-10-28T13:46:36.519+0000: [GC (Allocation Failure) 2020-10-28T13:46:36.519+0000: [ParNew: 34438K->4K(38720K), 0.0053039 secs] 1049625K->1015191K(1499884K), 0.0053656 secs] [Times: user=0.01 sys=0.00, real=0.01 secs] 
2020-10-28T13:46:36.564+0000: [GC (Allocation Failure) 2020-10-28T13:46:36.564+0000: [ParNew: 34436K->4K(38720K), 0.0052875 secs] 1049623K->1015191K(1499884K), 0.0053664 secs] [Times: user=0.01 sys=0.00, real=0.01 secs] 
2020-10-28T13:46:36.608+0000: [GC (Allocation Failure) 2020-10-28T13:46:36.608+0000: [ParNew: 34436K->4K(38720K), 0.0053019 secs] 1049623K->1015191K(1499884K), 0.0053649 secs] [Times: user=0.01 sys=0.00, real=0.00 secs] 
2020-10-28T13:46:36.650+0000: [GC (Allocation Failure) 2020-10-28T13:46:36.650+0000: [ParNew: 34436K->4K(38720K), 0.0053460 secs] 1049623K->1015191K(1499884K), 0.0054089 secs] [Times: user=0.01 sys=0.00, real=0.00 secs] 
2020-10-28T13:46:36.692+0000: [GC (Allocation Failure) 2020-10-28T13:46:36.692+0000: [ParNew: 34436K->6K(38720K), 0.0053345 secs] 1049623K->1015193K(1499884K), 0.0053967 secs] [Times: user=0.01 sys=0.00, real=0.00 secs] 
2020-10-28T13:46:36.741+0000: [GC (Allocation Failure) 2020-10-28T13:46:36.741+0000: [ParNew: 34438K->4K(38720K), 0.0053495 secs] 1049625K->1015191K(1499884K), 0.0054140 secs] [Times: user=0.02 sys=0.00, real=0.00 secs] 
2020-10-28T13:46:36.788+0000: [GC (Allocation Failure) 2020-10-28T13:46:36.788+0000: [ParNew: 34436K->6K(38720K), 0.0053518 secs] 1049623K->1015193K(1499884K), 0.0054132 secs] [Times: user=0.01 sys=0.00, real=0.00 secs] 
2020-10-28T13:46:36.832+0000: [GC (Allocation Failure) 2020-10-28T13:46:36.832+0000: [ParNew: 34438K->4K(38720K), 0.0053255 secs] 1049625K->1015191K(1499884K), 0.0053999 secs] [Times: user=0.02 sys=0.00, real=0.00 secs] 
2020-10-28T13:46:36.874+0000: [GC (Allocation Failure) 2020-10-28T13:46:36.874+0000: [ParNew: 34436K->4K(38720K), 0.0053555 secs] 1049623K->1015191K(1499884K), 0.0054388 secs] [Times: user=0.01 sys=0.00, real=0.00 secs] 
2020-10-28T13:46:36.922+0000: [GC (Allocation Failure) 2020-10-28T13:46:36.922+0000: [ParNew: 34436K->6K(38720K), 0.0060665 secs] 1049623K->1015193K(1499884K), 0.0061255 secs] [Times: user=0.01 sys=0.00, real=0.01 secs] 
2020-10-28T13:46:36.965+0000: [GC (Allocation Failure) 2020-10-28T13:46:36.965+0000: [ParNew: 34438K->4K(38720K), 0.0053131 secs] 1049625K->1015191K(1499884K), 0.0053753 secs] [Times: user=0.01 sys=0.00, real=0.01 secs] 
2020-10-28T13:46:37.011+0000: [GC (Allocation Failure) 2020-10-28T13:46:37.011+0000: [ParNew: 34436K->20K(38720K), 0.0053816 secs] 1049623K->1015207K(1499884K), 0.0054474 secs] [Times: user=0.01 sys=0.00, real=0.00 secs] 
2020-10-28T13:46:37.054+0000: [GC (Allocation Failure) 2020-10-28T13:46:37.054+0000: [ParNew: 34452K->4K(38720K), 0.0053916 secs] 1049639K->1015191K(1499884K), 0.0054546 secs] [Times: user=0.01 sys=0.00, real=0.00 secs] 
2020-10-28T13:46:37.096+0000: [GC (Allocation Failure) 2020-10-28T13:46:37.096+0000: [ParNew: 34436K->6K(38720K), 0.0053261 secs] 1049623K->1015193K(1499884K), 0.0053879 secs] [Times: user=0.01 sys=0.00, real=0.01 secs] 
2020-10-28T13:46:37.142+0000: [GC (Allocation Failure) 2020-10-28T13:46:37.142+0000: [ParNew: 34438K->4K(38720K), 0.0053702 secs] 1049625K->1015191K(1499884K), 0.0054397 secs] [Times: user=0.01 sys=0.00, real=0.01 secs] 
2020-10-28T13:46:37.186+0000: [GC (Allocation Failure) 2020-10-28T13:46:37.186+0000: [ParNew: 34436K->4K(38720K), 0.0053407 secs] 1049623K->1015191K(1499884K), 0.0054114 secs] [Times: user=0.01 sys=0.00, real=0.01 secs] 
2020-10-28T13:46:37.229+0000: [GC (Allocation Failure) 2020-10-28T13:46:37.229+0000: [ParNew: 34436K->6K(38720K), 0.0053764 secs] 1049623K->1015193K(1499884K), 0.0054402 secs] [Times: user=0.01 sys=0.00, real=0.00 secs] 
2020-10-28T13:46:37.275+0000: [GC (Allocation Failure) 2020-10-28T13:46:37.275+0000: [ParNew: 34438K->4K(38720K), 0.0053133 secs] 1049625K->1015191K(1499884K), 0.0053763 secs] [Times: user=0.01 sys=0.00, real=0.01 secs] 
2020-10-28T13:46:37.317+0000: [GC (Allocation Failure) 2020-10-28T13:46:37.317+0000: [ParNew: 34436K->4K(38720K), 0.0060446 secs] 1049623K->1015191K(1499884K), 0.0061069 secs] [Times: user=0.01 sys=0.00, real=0.01 secs] 
2020-10-28T13:46:37.365+0000: [GC (Allocation Failure) 2020-10-28T13:46:37.365+0000: [ParNew: 34436K->4K(38720K), 0.0053602 secs] 1049623K->1015191K(1499884K), 0.0054253 secs] [Times: user=0.01 sys=0.00, real=0.01 secs] 
2020-10-28T13:46:37.407+0000: [GC (Allocation Failure) 2020-10-28T13:46:37.407+0000: [ParNew: 34436K->4K(38720K), 0.0053029 secs] 1049623K->1015191K(1499884K), 0.0053677 secs] [Times: user=0.01 sys=0.00, real=0.01 secs] 
2020-10-28T13:46:37.449+0000: [GC (Allocation Failure) 2020-10-28T13:46:37.449+0000: [ParNew: 34436K->6K(38720K), 0.0052892 secs] 1049623K->1015193K(1499884K), 0.0053538 secs] [Times: user=0.01 sys=0.00, real=0.00 secs] 
2020-10-28T13:46:37.491+0000: [GC (Allocation Failure) 2020-10-28T13:46:37.491+0000: [ParNew: 34438K->4K(38720K), 0.0053883 secs] 1049625K->1015191K(1499884K), 0.0054728 secs] [Times: user=0.01 sys=0.00, real=0.00 secs] 
2020-10-28T13:46:37.538+0000: [GC (Allocation Failure) 2020-10-28T13:46:37.538+0000: [ParNew: 34436K->4K(38720K), 0.0053280 secs] 1049623K->1015191K(1499884K), 0.0053929 secs] [Times: user=0.01 sys=0.00, real=0.01 secs] 
2020-10-28T13:46:37.580+0000: [GC (Allocation Failure) 2020-10-28T13:46:37.580+0000: [ParNew: 34436K->4K(38720K), 0.0054309 secs] 1049623K->1015191K(1499884K), 0.0054977 secs] [Times: user=0.01 sys=0.00, real=0.00 secs] 
2020-10-28T13:46:37.623+0000: [GC (Allocation Failure) 2020-10-28T13:46:37.623+0000: [ParNew: 34436K->6K(38720K), 0.0055590 secs] 1049623K->1015193K(1499884K), 0.0056220 secs] [Times: user=0.01 sys=0.00, real=0.01 secs] 
2020-10-28T13:46:37.668+0000: [GC (Allocation Failure) 2020-10-28T13:46:37.668+0000: [ParNew: 34438K->4K(38720K), 0.0052988 secs] 1049625K->1015191K(1499884K), 0.0053792 secs] [Times: user=0.01 sys=0.00, real=0.00 secs] 
2020-10-28T13:46:37.716+0000: [GC (Allocation Failure) 2020-10-28T13:46:37.716+0000: [ParNew: 34436K->4K(38720K), 0.0052961 secs] 1049623K->1015191K(1499884K), 0.0053589 secs] [Times: user=0.01 sys=0.00, real=0.01 secs] 
2020-10-28T13:46:37.762+0000: [GC (Allocation Failure) 2020-10-28T13:46:37.762+0000: [ParNew: 34436K->4K(38720K), 0.0053061 secs] 1049623K->1015191K(1499884K), 0.0053692 secs] [Times: user=0.01 sys=0.00, real=0.00 secs] 
2020-10-28T13:46:37.804+0000: [GC (Allocation Failure) 2020-10-28T13:46:37.804+0000: [ParNew: 34436K->6K(38720K), 0.0054610 secs] 1049623K->1015193K(1499884K), 0.0055251 secs] [Times: user=0.01 sys=0.00, real=0.01 secs] 
2020-10-28T13:46:37.850+0000: [GC (Allocation Failure) 2020-10-28T13:46:37.850+0000: [ParNew: 34438K->4K(38720K), 0.0053508 secs] 1049625K->1015191K(1499884K), 0.0054155 secs] [Times: user=0.01 sys=0.00, real=0.00 secs] 
2020-10-28T13:46:37.897+0000: [GC (Allocation Failure) 2020-10-28T13:46:37.897+0000: [ParNew: 34436K->4K(38720K), 0.0053431 secs] 1049623K->1015191K(1499884K), 0.0054063 secs] [Times: user=0.01 sys=0.00, real=0.01 secs] 
2020-10-28T13:46:37.940+0000: [GC (Allocation Failure) 2020-10-28T13:46:37.940+0000: [ParNew: 34436K->6K(38720K), 0.0131165 secs] 1049623K->1015193K(1499884K), 0.0131940 secs] [Times: user=0.02 sys=0.00, real=0.01 secs] 
2020-10-28T13:46:37.990+0000: [GC (Allocation Failure) 2020-10-28T13:46:37.990+0000: [ParNew: 34438K->6K(38720K), 0.0053394 secs] 1049625K->1015193K(1499884K), 0.0054048 secs] [Times: user=0.01 sys=0.00, real=0.00 secs] 
2020-10-28T13:46:38.037+0000: [GC (Allocation Failure) 2020-10-28T13:46:38.037+0000: [ParNew: 34438K->4K(38720K), 0.0053186 secs] 1049625K->1015191K(1499884K), 0.0053817 secs] [Times: user=0.01 sys=0.00, real=0.01 secs] 
2020-10-28T13:46:38.080+0000: [GC (Allocation Failure) 2020-10-28T13:46:38.080+0000: [ParNew: 34436K->6K(38720K), 0.0053390 secs] 1049623K->1015193K(1499884K), 0.0054040 secs] [Times: user=0.01 sys=0.00, real=0.00 secs] 
2020-10-28T13:46:38.122+0000: [GC (Allocation Failure) 2020-10-28T13:46:38.122+0000: [ParNew: 34438K->6K(38720K), 0.0053708 secs] 1049625K->1015193K(1499884K), 0.0054335 secs] [Times: user=0.01 sys=0.00, real=0.01 secs] 
2020-10-28T13:46:38.168+0000: [GC (Allocation Failure) 2020-10-28T13:46:38.168+0000: [ParNew: 34438K->4K(38720K), 0.0053351 secs] 1049625K->1015191K(1499884K), 0.0054118 secs] [Times: user=0.01 sys=0.00, real=0.00 secs] 
2020-10-28T13:46:38.212+0000: [GC (Allocation Failure) 2020-10-28T13:46:38.212+0000: [ParNew: 34436K->4K(38720K), 0.0053063 secs] 1049623K->1015191K(1499884K), 0.0053687 secs] [Times: user=0.01 sys=0.00, real=0.00 secs] 
2020-10-28T13:46:38.258+0000: [GC (Allocation Failure) 2020-10-28T13:46:38.258+0000: [ParNew: 34436K->6K(38720K), 0.0055974 secs] 1049623K->1015193K(1499884K), 0.0056606 secs] [Times: user=0.01 sys=0.00, real=0.01 secs] 
2020-10-28T13:46:38.304+0000: [GC (Allocation Failure) 2020-10-28T13:46:38.304+0000: [ParNew: 34438K->6K(38720K), 0.0052860 secs] 1049625K->1015193K(1499884K), 0.0053469 secs] [Times: user=0.01 sys=0.00, real=0.01 secs] 
2020-10-28T13:46:38.350+0000: [GC (Allocation Failure) 2020-10-28T13:46:38.350+0000: [ParNew: 34438K->6K(38720K), 0.0053635 secs] 1049625K->1015193K(1499884K), 0.0054262 secs] [Times: user=0.01 sys=0.00, real=0.00 secs] 
2020-10-28T13:46:38.392+0000: [GC (Allocation Failure) 2020-10-28T13:46:38.392+0000: [ParNew: 34438K->6K(38720K), 0.0052806 secs] 1049625K->1015193K(1499884K), 0.0053429 secs] [Times: user=0.01 sys=0.00, real=0.00 secs] 
2020-10-28T13:46:38.436+0000: [GC (Allocation Failure) 2020-10-28T13:46:38.436+0000: [ParNew: 34438K->4K(38720K), 0.0053354 secs] 1049625K->1015191K(1499884K), 0.0053977 secs] [Times: user=0.01 sys=0.00, real=0.01 secs] 
2020-10-28T13:46:38.484+0000: [GC (Allocation Failure) 2020-10-28T13:46:38.484+0000: [ParNew: 34436K->6K(38720K), 0.0053037 secs] 1049623K->1015193K(1499884K), 0.0053780 secs] [Times: user=0.01 sys=0.00, real=0.01 secs] 
2020-10-28T13:46:38.528+0000: [GC (Allocation Failure) 2020-10-28T13:46:38.528+0000: [ParNew: 34438K->6K(38720K), 0.0052808 secs] 1049625K->1015193K(1499884K), 0.0053434 secs] [Times: user=0.01 sys=0.00, real=0.00 secs] 
2020-10-28T13:46:38.571+0000: [GC (Allocation Failure) 2020-10-28T13:46:38.571+0000: [ParNew: 34438K->6K(38720K), 0.0053723 secs] 1049625K->1015193K(1499884K), 0.0054615 secs] [Times: user=0.00 sys=0.01, real=0.00 secs] 
2020-10-28T13:46:38.615+0000: [GC (Allocation Failure) 2020-10-28T13:46:38.615+0000: [ParNew: 34438K->6K(38720K), 0.0053781 secs] 1049625K->1015193K(1499884K), 0.0054407 secs] [Times: user=0.01 sys=0.00, real=0.01 secs] 
2020-10-28T13:46:38.660+0000: [GC (Allocation Failure) 2020-10-28T13:46:38.660+0000: [ParNew: 34438K->6K(38720K), 0.0053633 secs] 1049625K->1015193K(1499884K), 0.0054258 secs] [Times: user=0.01 sys=0.00, real=0.00 secs] 
2020-10-28T13:46:38.702+0000: [GC (Allocation Failure) 2020-10-28T13:46:38.702+0000: [ParNew: 34438K->4K(38720K), 0.0053474 secs] 1049625K->1015191K(1499884K), 0.0054103 secs] [Times: user=0.01 sys=0.00, real=0.00 secs] 
2020-10-28T13:46:38.748+0000: [GC (Allocation Failure) 2020-10-28T13:46:38.748+0000: [ParNew: 34436K->6K(38720K), 0.0054004 secs] 1049623K->1015193K(1499884K), 0.0054646 secs] [Times: user=0.01 sys=0.00, real=0.00 secs] 
2020-10-28T13:46:38.794+0000: [GC (Allocation Failure) 2020-10-28T13:46:38.794+0000: [ParNew: 34438K->6K(38720K), 0.0053111 secs] 1049625K->1015193K(1499884K), 0.0053725 secs] [Times: user=0.01 sys=0.00, real=0.00 secs] 
2020-10-28T13:46:38.840+0000: [GC (Allocation Failure) 2020-10-28T13:46:38.840+0000: [ParNew: 34438K->6K(38720K), 0.0053177 secs] 1049625K->1015193K(1499884K), 0.0053794 secs] [Times: user=0.01 sys=0.00, real=0.00 secs] 
2020-10-28T13:46:38.888+0000: [GC (Allocation Failure) 2020-10-28T13:46:38.888+0000: [ParNew: 34438K->6K(38720K), 0.0053538 secs] 1049625K->1015193K(1499884K), 0.0054167 secs] [Times: user=0.01 sys=0.00, real=0.00 secs] 
2020-10-28T13:46:38.930+0000: [GC (Allocation Failure) 2020-10-28T13:46:38.930+0000: [ParNew: 34438K->6K(38720K), 0.0053016 secs] 1049625K->1015193K(1499884K), 0.0053662 secs] [Times: user=0.01 sys=0.00, real=0.00 secs] 
2020-10-28T13:46:38.977+0000: [GC (Allocation Failure) 2020-10-28T13:46:38.977+0000: [ParNew: 34438K->6K(38720K), 0.0053904 secs] 1049625K->1015193K(1499884K), 0.0054556 secs] [Times: user=0.01 sys=0.00, real=0.01 secs] 
2020-10-28T13:46:39.019+0000: [GC (Allocation Failure) 2020-10-28T13:46:39.019+0000: [ParNew: 34438K->6K(38720K), 0.0054151 secs] 1049625K->1015193K(1499884K), 0.0054974 secs] [Times: user=0.01 sys=0.00, real=0.01 secs] 
2020-10-28T13:46:39.062+0000: [GC (Allocation Failure) 2020-10-28T13:46:39.062+0000: [ParNew: 34438K->4K(38720K), 0.0055136 secs] 1049625K->1015191K(1499884K), 0.0055785 secs] [Times: user=0.01 sys=0.00, real=0.01 secs] 
2020-10-28T13:46:39.108+0000: [GC (Allocation Failure) 2020-10-28T13:46:39.108+0000: [ParNew: 34436K->6K(38720K), 0.0053712 secs] 1049623K->1015193K(1499884K), 0.0054350 secs] [Times: user=0.01 sys=0.00, real=0.00 secs] 
2020-10-28T13:46:39.160+0000: [GC (Allocation Failure) 2020-10-28T13:46:39.160+0000: [ParNew: 34438K->6K(38720K), 0.0053616 secs] 1049625K->1015193K(1499884K), 0.0054485 secs] [Times: user=0.01 sys=0.00, real=0.00 secs] 
2020-10-28T13:46:39.205+0000: [GC (Allocation Failure) 2020-10-28T13:46:39.205+0000: [ParNew: 34438K->4K(38720K), 0.0053181 secs] 1049625K->1015191K(1499884K), 0.0053809 secs] [Times: user=0.01 sys=0.00, real=0.01 secs] 
2020-10-28T13:46:39.252+0000: [GC (Allocation Failure) 2020-10-28T13:46:39.252+0000: [ParNew: 34436K->6K(38720K), 0.0053310 secs] 1049623K->1015193K(1499884K), 0.0053958 secs] [Times: user=0.01 sys=0.00, real=0.00 secs] 
2020-10-28T13:46:39.296+0000: [GC (Allocation Failure) 2020-10-28T13:46:39.296+0000: [ParNew: 34438K->4K(38720K), 0.0052945 secs] 1049625K->1015191K(1499884K), 0.0053559 secs] [Times: user=0.01 sys=0.00, real=0.01 secs] 
2020-10-28T13:46:39.342+0000: [GC (Allocation Failure) 2020-10-28T13:46:39.342+0000: [ParNew: 34436K->4K(38720K), 0.0053869 secs] 1049623K->1015191K(1499884K), 0.0054570 secs] [Times: user=0.01 sys=0.00, real=0.01 secs] 
2020-10-28T13:46:39.388+0000: [GC (Allocation Failure) 2020-10-28T13:46:39.388+0000: [ParNew: 34436K->4K(38720K), 0.0052643 secs] 1049623K->1015191K(1499884K), 0.0053252 secs] [Times: user=0.01 sys=0.00, real=0.00 secs] 
2020-10-28T13:46:39.436+0000: [GC (Allocation Failure) 2020-10-28T13:46:39.436+0000: [ParNew: 34436K->4K(38720K), 0.0052964 secs] 1049623K->1015191K(1499884K), 0.0053591 secs] [Times: user=0.01 sys=0.00, real=0.01 secs] 
2020-10-28T13:46:39.482+0000: [GC (Allocation Failure) 2020-10-28T13:46:39.482+0000: [ParNew: 34436K->6K(38720K), 0.0052907 secs] 1049623K->1015193K(1499884K), 0.0053525 secs] [Times: user=0.01 sys=0.00, real=0.01 secs] 
2020-10-28T13:46:39.529+0000: [GC (Allocation Failure) 2020-10-28T13:46:39.530+0000: [ParNew: 34438K->6K(38720K), 0.0052894 secs] 1049625K->1015193K(1499884K), 0.0053521 secs] [Times: user=0.01 sys=0.00, real=0.00 secs] 
2020-10-28T13:46:39.579+0000: [GC (Allocation Failure) 2020-10-28T13:46:39.579+0000: [ParNew: 34438K->6K(38720K), 0.0053226 secs] 1049625K->1015193K(1499884K), 0.0053853 secs] [Times: user=0.01 sys=0.00, real=0.01 secs] 
2020-10-28T13:46:39.626+0000: [GC (Allocation Failure) 2020-10-28T13:46:39.626+0000: [ParNew: 34438K->4K(38720K), 0.0053307 secs] 1049625K->1015192K(1499884K), 0.0053991 secs] [Times: user=0.01 sys=0.00, real=0.01 secs] 
2020-10-28T13:46:39.668+0000: [GC (Allocation Failure) 2020-10-28T13:46:39.668+0000: [ParNew: 34436K->4K(38720K), 0.0053293 secs] 1049624K->1015192K(1499884K), 0.0053903 secs] [Times: user=0.01 sys=0.00, real=0.00 secs] 
2020-10-28T13:46:39.714+0000: [GC (Allocation Failure) 2020-10-28T13:46:39.715+0000: [ParNew: 34436K->6K(38720K), 0.0053072 secs] 1049624K->1015194K(1499884K), 0.0053693 secs] [Times: user=0.01 sys=0.00, real=0.01 secs] 
2020-10-28T13:46:39.758+0000: [GC (Allocation Failure) 2020-10-28T13:46:39.759+0000: [ParNew: 34438K->6K(38720K), 0.0053618 secs] 1049626K->1015194K(1499884K), 0.0054235 secs] [Times: user=0.01 sys=0.00, real=0.01 secs] 
2020-10-28T13:46:39.804+0000: [GC (Allocation Failure) 2020-10-28T13:46:39.804+0000: [ParNew: 34438K->6K(38720K), 0.0053875 secs] 1049626K->1015194K(1499884K), 0.0054478 secs] [Times: user=0.01 sys=0.00, real=0.01 secs] 
2020-10-28T13:46:39.846+0000: [GC (Allocation Failure) 2020-10-28T13:46:39.846+0000: [ParNew: 34438K->4K(38720K), 0.0053535 secs] 1049626K->1015192K(1499884K), 0.0054162 secs] [Times: user=0.01 sys=0.00, real=0.01 secs] 
2020-10-28T13:46:39.892+0000: [GC (Allocation Failure) 2020-10-28T13:46:39.892+0000: [ParNew: 34436K->6K(38720K), 0.0052589 secs] 1049624K->1015194K(1499884K), 0.0053204 secs] [Times: user=0.01 sys=0.00, real=0.00 secs] 
2020-10-28T13:46:39.933+0000: [GC (Allocation Failure) 2020-10-28T13:46:39.933+0000: [ParNew: 34438K->4K(38720K), 0.0052824 secs] 1049626K->1015192K(1499884K), 0.0053434 secs] [Times: user=0.01 sys=0.00, real=0.00 secs] 
2020-10-28T13:46:39.979+0000: [GC (Allocation Failure) 2020-10-28T13:46:39.979+0000: [ParNew: 34436K->6K(38720K), 0.0053141 secs] 1049624K->1015194K(1499884K), 0.0053756 secs] [Times: user=0.01 sys=0.00, real=0.01 secs] 
2020-10-28T13:46:40.031+0000: [GC (Allocation Failure) 2020-10-28T13:46:40.031+0000: [ParNew: 34438K->4K(38720K), 0.0053792 secs] 1049626K->1015192K(1499884K), 0.0054438 secs] [Times: user=0.02 sys=0.00, real=0.00 secs] 
2020-10-28T13:46:40.073+0000: [GC (Allocation Failure) 2020-10-28T13:46:40.073+0000: [ParNew: 34436K->8K(38720K), 0.0099354 secs] 1049624K->1015196K(1499884K), 0.0100000 secs] [Times: user=0.01 sys=0.00, real=0.01 secs] 
2020-10-28T13:46:40.120+0000: [GC (Allocation Failure) 2020-10-28T13:46:40.120+0000: [ParNew: 34440K->6K(38720K), 0.0053132 secs] 1049628K->1015194K(1499884K), 0.0053757 secs] [Times: user=0.01 sys=0.00, real=0.00 secs] 
2020-10-28T13:46:40.168+0000: [GC (Allocation Failure) 2020-10-28T13:46:40.168+0000: [ParNew: 34438K->6K(38720K), 0.0053528 secs] 1049626K->1015194K(1499884K), 0.0054272 secs] [Times: user=0.01 sys=0.00, real=0.00 secs] 
2020-10-28T13:46:40.211+0000: [GC (Allocation Failure) 2020-10-28T13:46:40.211+0000: [ParNew: 34438K->6K(38720K), 0.0053729 secs] 1049626K->1015194K(1499884K), 0.0054358 secs] [Times: user=0.01 sys=0.00, real=0.00 secs] 
2020-10-28T13:46:40.256+0000: [GC (Allocation Failure) 2020-10-28T13:46:40.256+0000: [ParNew: 34438K->6K(38720K), 0.0053625 secs] 1049626K->1015194K(1499884K), 0.0054253 secs] [Times: user=0.01 sys=0.00, real=0.01 secs] 
2020-10-28T13:46:40.298+0000: [GC (Allocation Failure) 2020-10-28T13:46:40.298+0000: [ParNew: 34438K->4K(38720K), 0.0054206 secs] 1049626K->1015192K(1499884K), 0.0054840 secs] [Times: user=0.01 sys=0.00, real=0.01 secs] 
2020-10-28T13:46:40.344+0000: [GC (Allocation Failure) 2020-10-28T13:46:40.344+0000: [ParNew: 34436K->4K(38720K), 0.0052973 secs] 1049624K->1015192K(1499884K), 0.0053612 secs] [Times: user=0.01 sys=0.00, real=0.01 secs] 
2020-10-28T13:46:40.386+0000: [GC (Allocation Failure) 2020-10-28T13:46:40.386+0000: [ParNew: 34436K->4K(38720K), 0.0053534 secs] 1049624K->1015192K(1499884K), 0.0054177 secs] [Times: user=0.01 sys=0.00, real=0.01 secs] 
2020-10-28T13:46:40.428+0000: [GC (Allocation Failure) 2020-10-28T13:46:40.428+0000: [ParNew: 34436K->4K(38720K), 0.0053930 secs] 1049624K->1015192K(1499884K), 0.0054547 secs] [Times: user=0.01 sys=0.00, real=0.00 secs] 
2020-10-28T13:46:40.471+0000: [GC (Allocation Failure) 2020-10-28T13:46:40.471+0000: [ParNew: 34436K->4K(38720K), 0.0054328 secs] 1049624K->1015192K(1499884K), 0.0054960 secs] [Times: user=0.01 sys=0.00, real=0.00 secs] 
2020-10-28T13:46:40.516+0000: [GC (Allocation Failure) 2020-10-28T13:46:40.516+0000: [ParNew: 34436K->6K(38720K), 0.0053667 secs] 1049624K->1015194K(1499884K), 0.0054313 secs] [Times: user=0.01 sys=0.00, real=0.01 secs] 
2020-10-28T13:46:40.564+0000: [GC (Allocation Failure) 2020-10-28T13:46:40.564+0000: [ParNew: 34438K->4K(38720K), 0.0053805 secs] 1049626K->1015192K(1499884K), 0.0054541 secs] [Times: user=0.01 sys=0.00, real=0.01 secs] 
2020-10-28T13:46:40.608+0000: [GC (Allocation Failure) 2020-10-28T13:46:40.608+0000: [ParNew: 34436K->6K(38720K), 0.0053708 secs] 1049624K->1015194K(1499884K), 0.0054347 secs] [Times: user=0.01 sys=0.00, real=0.00 secs] 
2020-10-28T13:46:40.652+0000: [GC (Allocation Failure) 2020-10-28T13:46:40.653+0000: [ParNew: 34438K->6K(38720K), 0.0054036 secs] 1049626K->1015194K(1499884K), 0.0054692 secs] [Times: user=0.01 sys=0.00, real=0.00 secs] 
2020-10-28T13:46:40.696+0000: [GC (Allocation Failure) 2020-10-28T13:46:40.696+0000: [ParNew: 34438K->6K(38720K), 0.0053295 secs] 1049626K->1015194K(1499884K), 0.0053921 secs] [Times: user=0.02 sys=0.00, real=0.01 secs] 
2020-10-28T13:46:40.740+0000: [GC (Allocation Failure) 2020-10-28T13:46:40.740+0000: [ParNew: 34438K->4K(38720K), 0.0053146 secs] 1049626K->1015192K(1499884K), 0.0053770 secs] [Times: user=0.01 sys=0.00, real=0.00 secs] 
2020-10-28T13:46:40.786+0000: [GC (Allocation Failure) 2020-10-28T13:46:40.786+0000: [ParNew: 34436K->4K(38720K), 0.0053853 secs] 1049624K->1015192K(1499884K), 0.0054513 secs] [Times: user=0.01 sys=0.00, real=0.01 secs] 
2020-10-28T13:46:40.835+0000: [GC (Allocation Failure) 2020-10-28T13:46:40.835+0000: [ParNew: 34436K->8K(38720K), 0.0054247 secs] 1049624K->1015196K(1499884K), 0.0054957 secs] [Times: user=0.01 sys=0.00, real=0.01 secs] 
2020-10-28T13:46:40.883+0000: [GC (Allocation Failure) 2020-10-28T13:46:40.883+0000: [ParNew: 34440K->6K(38720K), 0.0053693 secs] 1049628K->1015194K(1499884K), 0.0054359 secs] [Times: user=0.00 sys=0.01, real=0.01 secs] 
2020-10-28T13:46:40.925+0000: [GC (Allocation Failure) 2020-10-28T13:46:40.925+0000: [ParNew: 34438K->6K(38720K), 0.0054903 secs] 1049626K->1015194K(1499884K), 0.0055567 secs] [Times: user=0.01 sys=0.00, real=0.01 secs] 
2020-10-28T13:46:40.974+0000: [GC (Allocation Failure) 2020-10-28T13:46:40.974+0000: [ParNew: 34438K->6K(38720K), 0.0054563 secs] 1049626K->1015194K(1499884K), 0.0055230 secs] [Times: user=0.01 sys=0.00, real=0.01 secs] 
2020-10-28T13:46:41.017+0000: [GC (Allocation Failure) 2020-10-28T13:46:41.017+0000: [ParNew: 34438K->8K(38720K), 0.0054042 secs] 1049626K->1015196K(1499884K), 0.0054780 secs] [Times: user=0.01 sys=0.00, real=0.01 secs] 
2020-10-28T13:46:41.062+0000: [GC (Allocation Failure) 2020-10-28T13:46:41.062+0000: [ParNew: 34440K->4K(38720K), 0.0054144 secs] 1049628K->1015192K(1499884K), 0.0054799 secs] [Times: user=0.01 sys=0.00, real=0.01 secs] 
2020-10-28T13:46:41.108+0000: [GC (Allocation Failure) 2020-10-28T13:46:41.108+0000: [ParNew: 34436K->4K(38720K), 0.0053369 secs] 1049624K->1015192K(1499884K), 0.0054023 secs] [Times: user=0.01 sys=0.00, real=0.00 secs] 
2020-10-28T13:46:41.150+0000: [GC (Allocation Failure) 2020-10-28T13:46:41.150+0000: [ParNew: 34436K->4K(38720K), 0.0054596 secs] 1049624K->1015192K(1499884K), 0.0055213 secs] [Times: user=0.01 sys=0.00, real=0.00 secs] 
2020-10-28T13:46:41.200+0000: [GC (Allocation Failure) 2020-10-28T13:46:41.200+0000: [ParNew: 34436K->6K(38720K), 0.0052793 secs] 1049624K->1015194K(1499884K), 0.0053419 secs] [Times: user=0.01 sys=0.00, real=0.00 secs] 
2020-10-28T13:46:41.241+0000: [GC (Allocation Failure) 2020-10-28T13:46:41.241+0000: [ParNew: 34438K->6K(38720K), 0.0057774 secs] 1049626K->1015194K(1499884K), 0.0058677 secs] [Times: user=0.01 sys=0.00, real=0.00 secs] 
2020-10-28T13:46:41.288+0000: [GC (Allocation Failure) 2020-10-28T13:46:41.288+0000: [ParNew: 34438K->4K(38720K), 0.0053461 secs] 1049626K->1015192K(1499884K), 0.0054093 secs] [Times: user=0.01 sys=0.00, real=0.00 secs] 
2020-10-28T13:46:41.331+0000: [GC (Allocation Failure) 2020-10-28T13:46:41.331+0000: [ParNew: 34436K->4K(38720K), 0.0054064 secs] 1049624K->1015192K(1499884K), 0.0054611 secs] [Times: user=0.01 sys=0.00, real=0.00 secs] 
2020-10-28T13:46:41.378+0000: [GC (Allocation Failure) 2020-10-28T13:46:41.378+0000: [ParNew: 34436K->4K(38720K), 0.0053341 secs] 1049624K->1015192K(1499884K), 0.0053977 secs] [Times: user=0.01 sys=0.00, real=0.01 secs] 
2020-10-28T13:46:41.423+0000: [GC (Allocation Failure) 2020-10-28T13:46:41.423+0000: [ParNew: 34436K->4K(38720K), 0.0053537 secs] 1049624K->1015192K(1499884K), 0.0054166 secs] [Times: user=0.01 sys=0.00, real=0.01 secs] 
2020-10-28T13:46:41.465+0000: [GC (Allocation Failure) 2020-10-28T13:46:41.466+0000: [ParNew: 34436K->4K(38720K), 0.0053893 secs] 1049624K->1015193K(1499884K), 0.0054509 secs] [Times: user=0.01 sys=0.00, real=0.01 secs] 
2020-10-28T13:46:41.507+0000: [GC (Allocation Failure) 2020-10-28T13:46:41.507+0000: [ParNew: 34436K->4K(38720K), 0.0052965 secs] 1049625K->1015193K(1499884K), 0.0053592 secs] [Times: user=0.01 sys=0.00, real=0.00 secs] 
2020-10-28T13:46:41.550+0000: [GC (Allocation Failure) 2020-10-28T13:46:41.550+0000: [ParNew: 34436K->4K(38720K), 0.0053482 secs] 1049625K->1015193K(1499884K), 0.0054118 secs] [Times: user=0.01 sys=0.00, real=0.00 secs] 
2020-10-28T13:46:41.596+0000: [GC (Allocation Failure) 2020-10-28T13:46:41.596+0000: [ParNew: 34436K->4K(38720K), 0.0053359 secs] 1049625K->1015193K(1499884K), 0.0053983 secs] [Times: user=0.01 sys=0.00, real=0.01 secs] 
2020-10-28T13:46:41.642+0000: [GC (Allocation Failure) 2020-10-28T13:46:41.642+0000: [ParNew: 34436K->6K(38720K), 0.0053486 secs] 1049625K->1015195K(1499884K), 0.0054128 secs] [Times: user=0.01 sys=0.00, real=0.01 secs] 
2020-10-28T13:46:41.685+0000: [GC (Allocation Failure) 2020-10-28T13:46:41.685+0000: [ParNew: 34438K->4K(38720K), 0.0053364 secs] 1049627K->1015193K(1499884K), 0.0053988 secs] [Times: user=0.01 sys=0.00, real=0.01 secs] 
2020-10-28T13:46:41.731+0000: [GC (Allocation Failure) 2020-10-28T13:46:41.731+0000: [ParNew: 34436K->6K(38720K), 0.0052942 secs] 1049625K->1015195K(1499884K), 0.0053565 secs] [Times: user=0.01 sys=0.00, real=0.00 secs] 
2020-10-28T13:46:41.773+0000: [GC (Allocation Failure) 2020-10-28T13:46:41.773+0000: [ParNew: 34438K->4K(38720K), 0.0053573 secs] 1049627K->1015193K(1499884K), 0.0054195 secs] [Times: user=0.01 sys=0.00, real=0.00 secs] 
2020-10-28T13:46:41.816+0000: [GC (Allocation Failure) 2020-10-28T13:46:41.816+0000: [ParNew: 34436K->4K(38720K), 0.0053647 secs] 1049625K->1015193K(1499884K), 0.0054276 secs] [Times: user=0.02 sys=0.00, real=0.01 secs] 
2020-10-28T13:46:41.860+0000: [GC (Allocation Failure) 2020-10-28T13:46:41.860+0000: [ParNew: 34436K->4K(38720K), 0.0052734 secs] 1049625K->1015193K(1499884K), 0.0053344 secs] [Times: user=0.01 sys=0.00, real=0.00 secs] 
2020-10-28T13:46:41.902+0000: [GC (Allocation Failure) 2020-10-28T13:46:41.902+0000: [ParNew: 34436K->4K(38720K), 0.0052789 secs] 1049625K->1015193K(1499884K), 0.0053406 secs] [Times: user=0.01 sys=0.01, real=0.00 secs] 
2020-10-28T13:46:41.948+0000: [GC (Allocation Failure) 2020-10-28T13:46:41.948+0000: [ParNew: 34436K->4K(38720K), 0.0052987 secs] 1049625K->1015193K(1499884K), 0.0053592 secs] [Times: user=0.01 sys=0.00, real=0.00 secs] 
2020-10-28T13:46:41.990+0000: [GC (Allocation Failure) 2020-10-28T13:46:41.990+0000: [ParNew: 34436K->4K(38720K), 0.0053023 secs] 1049625K->1015193K(1499884K), 0.0053643 secs] [Times: user=0.01 sys=0.00, real=0.00 secs] 
2020-10-28T13:46:42.036+0000: [GC (Allocation Failure) 2020-10-28T13:46:42.036+0000: [ParNew: 34436K->4K(38720K), 0.0053131 secs] 1049625K->1015193K(1499884K), 0.0053683 secs] [Times: user=0.01 sys=0.00, real=0.01 secs] 
2020-10-28T13:46:42.078+0000: [GC (Allocation Failure) 2020-10-28T13:46:42.078+0000: [ParNew: 34436K->4K(38720K), 0.0053482 secs] 1049625K->1015193K(1499884K), 0.0054039 secs] [Times: user=0.01 sys=0.00, real=0.01 secs] 
2020-10-28T13:46:42.119+0000: [GC (Allocation Failure) 2020-10-28T13:46:42.119+0000: [ParNew: 34436K->4K(38720K), 0.0054150 secs] 1049625K->1015193K(1499884K), 0.0054815 secs] [Times: user=0.01 sys=0.00, real=0.00 secs] 
2020-10-28T13:46:42.166+0000: [GC (Allocation Failure) 2020-10-28T13:46:42.166+0000: [ParNew: 34436K->6K(38720K), 0.0052933 secs] 1049625K->1015195K(1499884K), 0.0053566 secs] [Times: user=0.01 sys=0.00, real=0.01 secs] 
2020-10-28T13:46:42.222+0000: [GC (Allocation Failure) 2020-10-28T13:46:42.222+0000: [ParNew: 34438K->4K(38720K), 0.0053636 secs] 1049627K->1015193K(1499884K), 0.0054289 secs] [Times: user=0.01 sys=0.00, real=0.01 secs] 
2020-10-28T13:46:42.269+0000: [GC (Allocation Failure) 2020-10-28T13:46:42.269+0000: [ParNew: 34436K->6K(38720K), 0.0053572 secs] 1049625K->1015195K(1499884K), 0.0054200 secs] [Times: user=0.01 sys=0.00, real=0.00 secs] 
2020-10-28T13:46:42.311+0000: [GC (Allocation Failure) 2020-10-28T13:46:42.311+0000: [ParNew: 34438K->4K(38720K), 0.0053012 secs] 1049627K->1015193K(1499884K), 0.0053637 secs] [Times: user=0.01 sys=0.00, real=0.00 secs] 
2020-10-28T13:46:42.353+0000: [GC (Allocation Failure) 2020-10-28T13:46:42.353+0000: [ParNew: 34436K->4K(38720K), 0.0054039 secs] 1049625K->1015193K(1499884K), 0.0054653 secs] [Times: user=0.01 sys=0.00, real=0.00 secs] 
2020-10-28T13:46:42.399+0000: [GC (Allocation Failure) 2020-10-28T13:46:42.400+0000: [ParNew: 34436K->4K(38720K), 0.0052910 secs] 1049625K->1015193K(1499884K), 0.0053529 secs] [Times: user=0.01 sys=0.00, real=0.00 secs] 
2020-10-28T13:46:42.442+0000: [GC (Allocation Failure) 2020-10-28T13:46:42.442+0000: [ParNew: 34436K->6K(38720K), 0.0053820 secs] 1049625K->1015195K(1499884K), 0.0054453 secs] [Times: user=0.01 sys=0.00, real=0.00 secs] 
2020-10-28T13:46:42.492+0000: [GC (Allocation Failure) 2020-10-28T13:46:42.492+0000: [ParNew: 34438K->4K(38720K), 0.0053031 secs] 1049627K->1015193K(1499884K), 0.0053662 secs] [Times: user=0.01 sys=0.00, real=0.00 secs] 
2020-10-28T13:46:42.537+0000: [GC (Allocation Failure) 2020-10-28T13:46:42.537+0000: [ParNew: 34436K->6K(38720K), 0.0053300 secs] 1049625K->1015195K(1499884K), 0.0053948 secs] [Times: user=0.01 sys=0.00, real=0.01 secs] 
2020-10-28T13:46:42.584+0000: [GC (Allocation Failure) 2020-10-28T13:46:42.584+0000: [ParNew: 34438K->6K(38720K), 0.0053475 secs] 1049627K->1015195K(1499884K), 0.0054104 secs] [Times: user=0.01 sys=0.00, real=0.01 secs] 
2020-10-28T13:46:42.628+0000: [GC (Allocation Failure) 2020-10-28T13:46:42.628+0000: [ParNew: 34438K->4K(38720K), 0.0053808 secs] 1049627K->1015193K(1499884K), 0.0054426 secs] [Times: user=0.01 sys=0.00, real=0.00 secs] 
2020-10-28T13:46:42.676+0000: [GC (Allocation Failure) 2020-10-28T13:46:42.676+0000: [ParNew: 34436K->4K(38720K), 0.0053382 secs] 1049625K->1015193K(1499884K), 0.0053990 secs] [Times: user=0.01 sys=0.00, real=0.01 secs] 
2020-10-28T13:46:42.721+0000: [GC (Allocation Failure) 2020-10-28T13:46:42.721+0000: [ParNew: 34436K->4K(38720K), 0.0053728 secs] 1049625K->1015193K(1499884K), 0.0054343 secs] [Times: user=0.01 sys=0.00, real=0.00 secs] 
2020-10-28T13:46:42.764+0000: [GC (Allocation Failure) 2020-10-28T13:46:42.764+0000: [ParNew: 34436K->4K(38720K), 0.0053128 secs] 1049625K->1015193K(1499884K), 0.0053751 secs] [Times: user=0.01 sys=0.00, real=0.01 secs] 
2020-10-28T13:46:42.810+0000: [GC (Allocation Failure) 2020-10-28T13:46:42.810+0000: [ParNew: 34436K->4K(38720K), 0.0053484 secs] 1049625K->1015193K(1499884K), 0.0054127 secs] [Times: user=0.01 sys=0.00, real=0.00 secs] 
2020-10-28T13:46:42.856+0000: [GC (Allocation Failure) 2020-10-28T13:46:42.856+0000: [ParNew: 34436K->4K(38720K), 0.0053154 secs] 1049625K->1015193K(1499884K), 0.0053764 secs] [Times: user=0.01 sys=0.00, real=0.01 secs] 
2020-10-28T13:46:42.904+0000: [GC (Allocation Failure) 2020-10-28T13:46:42.904+0000: [ParNew: 34436K->4K(38720K), 0.0053206 secs] 1049625K->1015193K(1499884K), 0.0053847 secs] [Times: user=0.01 sys=0.00, real=0.01 secs] 
2020-10-28T13:46:42.955+0000: [GC (Allocation Failure) 2020-10-28T13:46:42.955+0000: [ParNew: 34436K->6K(38720K), 0.0053214 secs] 1049625K->1015195K(1499884K), 0.0053778 secs] [Times: user=0.01 sys=0.00, real=0.01 secs] 
2020-10-28T13:46:43.002+0000: [GC (Allocation Failure) 2020-10-28T13:46:43.002+0000: [ParNew: 34438K->6K(38720K), 0.0053097 secs] 1049627K->1015195K(1499884K), 0.0053712 secs] [Times: user=0.01 sys=0.00, real=0.01 secs] 
2020-10-28T13:46:43.051+0000: [GC (Allocation Failure) 2020-10-28T13:46:43.051+0000: [ParNew: 34438K->6K(38720K), 0.0053078 secs] 1049627K->1015195K(1499884K), 0.0053719 secs] [Times: user=0.01 sys=0.00, real=0.00 secs] 
2020-10-28T13:46:43.096+0000: [GC (Allocation Failure) 2020-10-28T13:46:43.096+0000: [ParNew: 34438K->4K(38720K), 0.0053128 secs] 1049627K->1015193K(1499884K), 0.0053756 secs] [Times: user=0.01 sys=0.00, real=0.01 secs] 
2020-10-28T13:46:43.143+0000: [GC (Allocation Failure) 2020-10-28T13:46:43.143+0000: [ParNew: 34436K->6K(38720K), 0.0053348 secs] 1049625K->1015195K(1499884K), 0.0053981 secs] [Times: user=0.01 sys=0.00, real=0.01 secs] 
2020-10-28T13:46:43.187+0000: [GC (Allocation Failure) 2020-10-28T13:46:43.187+0000: [ParNew: 34438K->6K(38720K), 0.0053466 secs] 1049627K->1015195K(1499884K), 0.0054110 secs] [Times: user=0.01 sys=0.00, real=0.00 secs] 
2020-10-28T13:46:43.230+0000: [GC (Allocation Failure) 2020-10-28T13:46:43.230+0000: [ParNew: 34438K->6K(38720K), 0.0053938 secs] 1049627K->1015195K(1499884K), 0.0054562 secs] [Times: user=0.01 sys=0.00, real=0.00 secs] 
2020-10-28T13:46:43.272+0000: [GC (Allocation Failure) 2020-10-28T13:46:43.272+0000: [ParNew: 34438K->4K(38720K), 0.0053340 secs] 1049627K->1015193K(1499884K), 0.0053963 secs] [Times: user=0.01 sys=0.00, real=0.00 secs] 
2020-10-28T13:46:43.314+0000: [GC (Allocation Failure) 2020-10-28T13:46:43.315+0000: [ParNew: 34436K->6K(38720K), 0.0054728 secs] 1049625K->1015195K(1499884K), 0.0055375 secs] [Times: user=0.01 sys=0.00, real=0.01 secs] 
2020-10-28T13:46:43.363+0000: [GC (Allocation Failure) 2020-10-28T13:46:43.363+0000: [ParNew: 34438K->4K(38720K), 0.0053042 secs] 1049627K->1015193K(1499884K), 0.0053667 secs] [Times: user=0.01 sys=0.00, real=0.01 secs] 
2020-10-28T13:46:43.408+0000: [GC (Allocation Failure) 2020-10-28T13:46:43.408+0000: [ParNew: 34436K->6K(38720K), 0.0053185 secs] 1049625K->1015195K(1499884K), 0.0053804 secs] [Times: user=0.01 sys=0.00, real=0.00 secs] 
2020-10-28T13:46:43.454+0000: [GC (Allocation Failure) 2020-10-28T13:46:43.454+0000: [ParNew: 34438K->4K(38720K), 0.0052987 secs] 1049627K->1015193K(1499884K), 0.0053591 secs] [Times: user=0.01 sys=0.00, real=0.00 secs] 
2020-10-28T13:46:43.500+0000: [GC (Allocation Failure) 2020-10-28T13:46:43.500+0000: [ParNew: 34436K->4K(38720K), 0.0053455 secs] 1049625K->1015193K(1499884K), 0.0054092 secs] [Times: user=0.01 sys=0.00, real=0.00 secs] 
2020-10-28T13:46:43.548+0000: [GC (Allocation Failure) 2020-10-28T13:46:43.548+0000: [ParNew: 34436K->4K(38720K), 0.0053697 secs] 1049625K->1015193K(1499884K), 0.0054351 secs] [Times: user=0.01 sys=0.00, real=0.00 secs] 
2020-10-28T13:46:43.590+0000: [GC (Allocation Failure) 2020-10-28T13:46:43.590+0000: [ParNew: 34436K->6K(38720K), 0.0053769 secs] 1049625K->1015195K(1499884K), 0.0054407 secs] [Times: user=0.01 sys=0.00, real=0.00 secs] 
2020-10-28T13:46:43.637+0000: [GC (Allocation Failure) 2020-10-28T13:46:43.638+0000: [ParNew: 34438K->6K(38720K), 0.0053964 secs] 1049627K->1015195K(1499884K), 0.0054629 secs] [Times: user=0.01 sys=0.00, real=0.01 secs] 
2020-10-28T13:46:43.685+0000: [GC (Allocation Failure) 2020-10-28T13:46:43.685+0000: [ParNew: 34438K->8K(38720K), 0.0053220 secs] 1049627K->1015197K(1499884K), 0.0053853 secs] [Times: user=0.01 sys=0.00, real=0.01 secs] 
2020-10-28T13:46:43.732+0000: [GC (Allocation Failure) 2020-10-28T13:46:43.732+0000: [ParNew: 34440K->6K(38720K), 0.0053944 secs] 1049629K->1015195K(1499884K), 0.0054620 secs] [Times: user=0.01 sys=0.00, real=0.00 secs] 
2020-10-28T13:46:43.776+0000: [GC (Allocation Failure) 2020-10-28T13:46:43.776+0000: [ParNew: 34438K->6K(38720K), 0.0053412 secs] 1049627K->1015195K(1499884K), 0.0054027 secs] [Times: user=0.01 sys=0.00, real=0.01 secs] 
2020-10-28T13:46:43.822+0000: [GC (Allocation Failure) 2020-10-28T13:46:43.822+0000: [ParNew: 34438K->6K(38720K), 0.0053307 secs] 1049627K->1015195K(1499884K), 0.0053917 secs] [Times: user=0.01 sys=0.00, real=0.00 secs] 
2020-10-28T13:46:43.868+0000: [GC (Allocation Failure) 2020-10-28T13:46:43.868+0000: [ParNew: 34438K->8K(38720K), 0.0053510 secs] 1049627K->1015197K(1499884K), 0.0054129 secs] [Times: user=0.01 sys=0.00, real=0.00 secs] 
2020-10-28T13:46:43.912+0000: [GC (Allocation Failure) 2020-10-28T13:46:43.912+0000: [ParNew: 34440K->4K(38720K), 0.0052899 secs] 1049629K->1015193K(1499884K), 0.0053517 secs] [Times: user=0.02 sys=0.00, real=0.00 secs] 
2020-10-28T13:46:43.955+0000: [GC (Allocation Failure) 2020-10-28T13:46:43.955+0000: [ParNew: 34436K->4K(38720K), 0.0053259 secs] 1049625K->1015193K(1499884K), 0.0053807 secs] [Times: user=0.02 sys=0.00, real=0.01 secs] 
2020-10-28T13:46:44.000+0000: [GC (Allocation Failure) 2020-10-28T13:46:44.000+0000: [ParNew: 34436K->4K(38720K), 0.0053142 secs] 1049625K->1015193K(1499884K), 0.0053767 secs] [Times: user=0.01 sys=0.00, real=0.00 secs] 
2020-10-28T13:46:44.046+0000: [GC (Allocation Failure) 2020-10-28T13:46:44.046+0000: [ParNew: 34436K->4K(38720K), 0.0053087 secs] 1049625K->1015193K(1499884K), 0.0053728 secs] [Times: user=0.01 sys=0.00, real=0.01 secs] 
2020-10-28T13:46:44.091+0000: [GC (Allocation Failure) 2020-10-28T13:46:44.091+0000: [ParNew: 34436K->4K(38720K), 0.0053147 secs] 1049625K->1015193K(1499884K), 0.0053805 secs] [Times: user=0.01 sys=0.00, real=0.00 secs] 
2020-10-28T13:46:44.135+0000: [GC (Allocation Failure) 2020-10-28T13:46:44.135+0000: [ParNew: 34436K->4K(38720K), 0.0052954 secs] 1049625K->1015193K(1499884K), 0.0053726 secs] [Times: user=0.01 sys=0.00, real=0.01 secs] 
2020-10-28T13:46:44.177+0000: [GC (Allocation Failure) 2020-10-28T13:46:44.177+0000: [ParNew: 34436K->6K(38720K), 0.0060852 secs] 1049625K->1015195K(1499884K), 0.0062064 secs] [Times: user=0.01 sys=0.00, real=0.01 secs] 
2020-10-28T13:46:44.226+0000: [GC (Allocation Failure) 2020-10-28T13:46:44.226+0000: [ParNew: 34438K->6K(38720K), 0.0054606 secs] 1049627K->1015195K(1499884K), 0.0055273 secs] [Times: user=0.01 sys=0.00, real=0.01 secs] 
2020-10-28T13:46:44.269+0000: [GC (Allocation Failure) 2020-10-28T13:46:44.269+0000: [ParNew: 34438K->4K(38720K), 0.0053309 secs] 1049627K->1015193K(1499884K), 0.0053951 secs] [Times: user=0.01 sys=0.00, real=0.00 secs] 
2020-10-28T13:46:44.316+0000: [GC (Allocation Failure) 2020-10-28T13:46:44.316+0000: [ParNew: 34436K->4K(38720K), 0.0053610 secs] 1049625K->1015193K(1499884K), 0.0054265 secs] [Times: user=0.01 sys=0.00, real=0.01 secs] 
2020-10-28T13:46:44.360+0000: [GC (Allocation Failure) 2020-10-28T13:46:44.360+0000: [ParNew: 34436K->6K(38720K), 0.0053395 secs] 1049625K->1015195K(1499884K), 0.0054044 secs] [Times: user=0.01 sys=0.00, real=0.00 secs] 
2020-10-28T13:46:44.405+0000: [GC (Allocation Failure) 2020-10-28T13:46:44.405+0000: [ParNew: 34438K->4K(38720K), 0.0052843 secs] 1049627K->1015193K(1499884K), 0.0053473 secs] [Times: user=0.01 sys=0.00, real=0.01 secs] 
2020-10-28T13:46:44.451+0000: [GC (Allocation Failure) 2020-10-28T13:46:44.451+0000: [ParNew: 34436K->6K(38720K), 0.0053102 secs] 1049625K->1015195K(1499884K), 0.0053825 secs] [Times: user=0.01 sys=0.00, real=0.00 secs] 
2020-10-28T13:46:44.493+0000: [GC (Allocation Failure) 2020-10-28T13:46:44.493+0000: [ParNew: 34438K->4K(38720K), 0.0053411 secs] 1049627K->1015193K(1499884K), 0.0054054 secs] [Times: user=0.01 sys=0.00, real=0.00 secs] 
2020-10-28T13:46:44.536+0000: [GC (Allocation Failure) 2020-10-28T13:46:44.536+0000: [ParNew: 34436K->6K(38720K), 0.0054032 secs] 1049625K->1015195K(1499884K), 0.0054696 secs] [Times: user=0.01 sys=0.00, real=0.01 secs] 
2020-10-28T13:46:44.578+0000: [GC (Allocation Failure) 2020-10-28T13:46:44.578+0000: [ParNew: 34438K->6K(38720K), 0.0053909 secs] 1049627K->1015195K(1499884K), 0.0054534 secs] [Times: user=0.01 sys=0.00, real=0.01 secs] 
2020-10-28T13:46:44.624+0000: [GC (Allocation Failure) 2020-10-28T13:46:44.624+0000: [ParNew: 34438K->6K(38720K), 0.0054176 secs] 1049627K->1015195K(1499884K), 0.0054790 secs] [Times: user=0.02 sys=0.00, real=0.01 secs] 
2020-10-28T13:46:44.668+0000: [GC (Allocation Failure) 2020-10-28T13:46:44.668+0000: [ParNew: 34438K->4K(38720K), 0.0053282 secs] 1049627K->1015193K(1499884K), 0.0053909 secs] [Times: user=0.01 sys=0.00, real=0.00 secs] 
2020-10-28T13:46:44.716+0000: [GC (Allocation Failure) 2020-10-28T13:46:44.716+0000: [ParNew: 34436K->4K(38720K), 0.0052795 secs] 1049625K->1015193K(1499884K), 0.0053401 secs] [Times: user=0.01 sys=0.00, real=0.01 secs] 
2020-10-28T13:46:44.758+0000: [GC (Allocation Failure) 2020-10-28T13:46:44.758+0000: [ParNew: 34436K->4K(38720K), 0.0053866 secs] 1049625K->1015193K(1499884K), 0.0054572 secs] [Times: user=0.01 sys=0.00, real=0.01 secs] 
2020-10-28T13:46:44.800+0000: [GC (Allocation Failure) 2020-10-28T13:46:44.800+0000: [ParNew: 34436K->6K(38720K), 0.0056490 secs] 1049625K->1015195K(1499884K), 0.0057237 secs] [Times: user=0.01 sys=0.00, real=0.00 secs] 
2020-10-28T13:46:44.848+0000: [GC (Allocation Failure) 2020-10-28T13:46:44.848+0000: [ParNew: 34438K->4K(38720K), 0.0053232 secs] 1049627K->1015193K(1499884K), 0.0053862 secs] [Times: user=0.01 sys=0.00, real=0.00 secs] 
2020-10-28T13:46:44.890+0000: [GC (Allocation Failure) 2020-10-28T13:46:44.890+0000: [ParNew: 34436K->4K(38720K), 0.0053555 secs] 1049625K->1015193K(1499884K), 0.0054325 secs] [Times: user=0.01 sys=0.00, real=0.00 secs] 
2020-10-28T13:46:44.932+0000: [GC (Allocation Failure) 2020-10-28T13:46:44.932+0000: [ParNew: 34436K->6K(38720K), 0.0054166 secs] 1049625K->1015195K(1499884K), 0.0054796 secs] [Times: user=0.01 sys=0.00, real=0.00 secs] 
2020-10-28T13:46:44.975+0000: [GC (Allocation Failure) 2020-10-28T13:46:44.975+0000: [ParNew: 34438K->6K(38720K), 0.0053030 secs] 1049627K->1015195K(1499884K), 0.0053669 secs] [Times: user=0.01 sys=0.00, real=0.01 secs] 
2020-10-28T13:46:45.021+0000: [GC (Allocation Failure) 2020-10-28T13:46:45.021+0000: [ParNew: 34438K->4K(38720K), 0.0052840 secs] 1049627K->1015193K(1499884K), 0.0053470 secs] [Times: user=0.01 sys=0.00, real=0.00 secs] 
2020-10-28T13:46:45.063+0000: [GC (Allocation Failure) 2020-10-28T13:46:45.063+0000: [ParNew: 34436K->6K(38720K), 0.0054427 secs] 1049625K->1015195K(1499884K), 0.0055048 secs] [Times: user=0.01 sys=0.00, real=0.01 secs] 
2020-10-28T13:46:45.116+0000: [GC (Allocation Failure) 2020-10-28T13:46:45.116+0000: [ParNew: 34438K->4K(38720K), 0.0053020 secs] 1049627K->1015193K(1499884K), 0.0053671 secs] [Times: user=0.02 sys=0.00, real=0.01 secs] 
2020-10-28T13:46:45.158+0000: [GC (Allocation Failure) 2020-10-28T13:46:45.158+0000: [ParNew: 34436K->4K(38720K), 0.0053498 secs] 1049625K->1015193K(1499884K), 0.0054130 secs] [Times: user=0.02 sys=0.00, real=0.01 secs] 
2020-10-28T13:46:45.212+0000: [GC (Allocation Failure) 2020-10-28T13:46:45.212+0000: [ParNew: 34436K->4K(38720K), 0.0053522 secs] 1049625K->1015193K(1499884K), 0.0054416 secs] [Times: user=0.01 sys=0.00, real=0.00 secs] 
2020-10-28T13:46:45.255+0000: [GC (Allocation Failure) 2020-10-28T13:46:45.255+0000: [ParNew: 34436K->4K(38720K), 0.0053539 secs] 1049625K->1015193K(1499884K), 0.0054189 secs] [Times: user=0.01 sys=0.00, real=0.01 secs] 
2020-10-28T13:46:45.300+0000: [GC (Allocation Failure) 2020-10-28T13:46:45.300+0000: [ParNew: 34436K->4K(38720K), 0.0053187 secs] 1049625K->1015193K(1499884K), 0.0053834 secs] [Times: user=0.01 sys=0.00, real=0.00 secs] 
2020-10-28T13:46:45.342+0000: [GC (Allocation Failure) 2020-10-28T13:46:45.343+0000: [ParNew: 34436K->4K(38720K), 0.0053464 secs] 1049625K->1015193K(1499884K), 0.0054032 secs] [Times: user=0.01 sys=0.00, real=0.01 secs] 
2020-10-28T13:46:45.388+0000: [GC (Allocation Failure) 2020-10-28T13:46:45.388+0000: [ParNew: 34436K->6K(38720K), 0.0053944 secs] 1049625K->1015195K(1499884K), 0.0054594 secs] [Times: user=0.01 sys=0.00, real=0.00 secs] 
2020-10-28T13:46:45.436+0000: [GC (Allocation Failure) 2020-10-28T13:46:45.436+0000: [ParNew: 34438K->4K(38720K), 0.0055455 secs] 1049627K->1015193K(1499884K), 0.0056135 secs] [Times: user=0.02 sys=0.00, real=0.01 secs] 
2020-10-28T13:46:45.484+0000: [GC (Allocation Failure) 2020-10-28T13:46:45.484+0000: [ParNew: 34436K->4K(38720K), 0.0053091 secs] 1049625K->1015193K(1499884K), 0.0053718 secs] [Times: user=0.01 sys=0.00, real=0.01 secs] 
2020-10-28T13:46:45.531+0000: [GC (Allocation Failure) 2020-10-28T13:46:45.531+0000: [ParNew: 34436K->6K(38720K), 0.0052832 secs] 1049625K->1015195K(1499884K), 0.0053440 secs] [Times: user=0.01 sys=0.00, real=0.00 secs] 
2020-10-28T13:46:45.577+0000: [GC (Allocation Failure) 2020-10-28T13:46:45.577+0000: [ParNew: 34438K->4K(38720K), 0.0052932 secs] 1049627K->1015193K(1499884K), 0.0053582 secs] [Times: user=0.01 sys=0.00, real=0.01 secs] 
2020-10-28T13:46:45.623+0000: [GC (Allocation Failure) 2020-10-28T13:46:45.623+0000: [ParNew: 34436K->4K(38720K), 0.0054100 secs] 1049625K->1015193K(1499884K), 0.0054739 secs] [Times: user=0.01 sys=0.00, real=0.01 secs] 
2020-10-28T13:46:45.666+0000: [GC (Allocation Failure) 2020-10-28T13:46:45.666+0000: [ParNew: 34436K->6K(38720K), 0.0054042 secs] 1049625K->1015195K(1499884K), 0.0054683 secs] [Times: user=0.01 sys=0.00, real=0.01 secs] 
2020-10-28T13:46:45.712+0000: [GC (Allocation Failure) 2020-10-28T13:46:45.712+0000: [ParNew: 34438K->4K(38720K), 0.0053898 secs] 1049627K->1015193K(1499884K), 0.0054538 secs] [Times: user=0.01 sys=0.00, real=0.00 secs] 
2020-10-28T13:46:45.754+0000: [GC (Allocation Failure) 2020-10-28T13:46:45.754+0000: [ParNew: 34436K->4K(38720K), 0.0054086 secs] 1049625K->1015193K(1499884K), 0.0054869 secs] [Times: user=0.01 sys=0.00, real=0.00 secs] 
2020-10-28T13:46:45.802+0000: [GC (Allocation Failure) 2020-10-28T13:46:45.802+0000: [ParNew: 34436K->4K(38720K), 0.0053352 secs] 1049625K->1015193K(1499884K), 0.0053990 secs] [Times: user=0.01 sys=0.00, real=0.00 secs] 
2020-10-28T13:46:45.844+0000: [GC (Allocation Failure) 2020-10-28T13:46:45.844+0000: [ParNew: 34436K->4K(38720K), 0.0053593 secs] 1049625K->1015193K(1499884K), 0.0054233 secs] [Times: user=0.01 sys=0.00, real=0.01 secs] 
2020-10-28T13:46:45.890+0000: [GC (Allocation Failure) 2020-10-28T13:46:45.890+0000: [ParNew: 34436K->4K(38720K), 0.0053503 secs] 1049625K->1015193K(1499884K), 0.0054126 secs] [Times: user=0.01 sys=0.00, real=0.00 secs] 
2020-10-28T13:46:45.932+0000: [GC (Allocation Failure) 2020-10-28T13:46:45.932+0000: [ParNew: 34436K->4K(38720K), 0.0053269 secs] 1049625K->1015193K(1499884K), 0.0053891 secs] [Times: user=0.01 sys=0.00, real=0.00 secs] 
2020-10-28T13:46:45.976+0000: [GC (Allocation Failure) 2020-10-28T13:46:45.976+0000: [ParNew: 34436K->4K(38720K), 0.0053363 secs] 1049625K->1015193K(1499884K), 0.0054001 secs] [Times: user=0.01 sys=0.00, real=0.01 secs] 
2020-10-28T13:46:46.022+0000: [GC (Allocation Failure) 2020-10-28T13:46:46.022+0000: [ParNew: 34436K->4K(38720K), 0.0053173 secs] 1049625K->1015193K(1499884K), 0.0053796 secs] [Times: user=0.02 sys=0.00, real=0.01 secs] 
2020-10-28T13:46:46.064+0000: [GC (Allocation Failure) 2020-10-28T13:46:46.064+0000: [ParNew: 34436K->4K(38720K), 0.0053647 secs] 1049625K->1015193K(1499884K), 0.0054268 secs] [Times: user=0.01 sys=0.00, real=0.01 secs] 
2020-10-28T13:46:46.106+0000: [GC (Allocation Failure) 2020-10-28T13:46:46.106+0000: [ParNew: 34436K->6K(38720K), 0.0053029 secs] 1049625K->1015195K(1499884K), 0.0053646 secs] [Times: user=0.01 sys=0.00, real=0.01 secs] 
2020-10-28T13:46:46.152+0000: [GC (Allocation Failure) 2020-10-28T13:46:46.152+0000: [ParNew: 34438K->4K(38720K), 0.0053511 secs] 1049627K->1015193K(1499884K), 0.0054142 secs] [Times: user=0.01 sys=0.00, real=0.00 secs] 
2020-10-28T13:46:46.194+0000: [GC (Allocation Failure) 2020-10-28T13:46:46.194+0000: [ParNew: 34436K->4K(38720K), 0.0053459 secs] 1049625K->1015193K(1499884K), 0.0054075 secs] [Times: user=0.01 sys=0.00, real=0.01 secs] 
2020-10-28T13:46:46.240+0000: [GC (Allocation Failure) 2020-10-28T13:46:46.240+0000: [ParNew: 34436K->4K(38720K), 0.0058505 secs] 1049625K->1015193K(1499884K), 0.0059137 secs] [Times: user=0.01 sys=0.00, real=0.00 secs] 
2020-10-28T13:46:46.286+0000: [GC (Allocation Failure) 2020-10-28T13:46:46.286+0000: [ParNew: 34425K->4K(38720K), 0.0053052 secs] 1049615K->1015193K(1499884K), 0.0053671 secs] [Times: user=0.01 sys=0.00, real=0.01 secs] 
2020-10-28T13:46:46.336+0000: [GC (Allocation Failure) 2020-10-28T13:46:46.336+0000: [ParNew: 34436K->4K(38720K), 0.0053247 secs] 1049625K->1015193K(1499884K), 0.0053888 secs] [Times: user=0.01 sys=0.00, real=0.01 secs] 
2020-10-28T13:46:46.380+0000: [GC (Allocation Failure) 2020-10-28T13:46:46.380+0000: [ParNew: 34436K->6K(38720K), 0.0052861 secs] 1049625K->1015195K(1499884K), 0.0053485 secs] [Times: user=0.01 sys=0.00, real=0.00 secs] 
2020-10-28T13:46:46.424+0000: [GC (Allocation Failure) 2020-10-28T13:46:46.424+0000: [ParNew: 34438K->6K(38720K), 0.0053502 secs] 1049627K->1015195K(1499884K), 0.0054144 secs] [Times: user=0.01 sys=0.00, real=0.01 secs] 
2020-10-28T13:46:46.468+0000: [GC (Allocation Failure) 2020-10-28T13:46:46.468+0000: [ParNew: 34438K->6K(38720K), 0.0053212 secs] 1049627K->1015195K(1499884K), 0.0053840 secs] [Times: user=0.01 sys=0.00, real=0.00 secs] 
2020-10-28T13:46:46.514+0000: [GC (Allocation Failure) 2020-10-28T13:46:46.514+0000: [ParNew: 34438K->6K(38720K), 0.0056156 secs] 1049627K->1015195K(1499884K), 0.0056925 secs] [Times: user=0.01 sys=0.00, real=0.01 secs] 
2020-10-28T13:46:46.564+0000: [GC (Allocation Failure) 2020-10-28T13:46:46.564+0000: [ParNew: 34438K->6K(38720K), 0.0052694 secs] 1049627K->1015195K(1499884K), 0.0053324 secs] [Times: user=0.01 sys=0.00, real=0.01 secs] 
2020-10-28T13:46:46.606+0000: [GC (Allocation Failure) 2020-10-28T13:46:46.606+0000: [ParNew: 34438K->6K(38720K), 0.0053305 secs] 1049627K->1015195K(1499884K), 0.0053933 secs] [Times: user=0.01 sys=0.00, real=0.01 secs] 
2020-10-28T13:46:46.649+0000: [GC (Allocation Failure) 2020-10-28T13:46:46.649+0000: [ParNew: 34438K->4K(38720K), 0.0053313 secs] 1049627K->1015193K(1499884K), 0.0053933 secs] [Times: user=0.01 sys=0.00, real=0.00 secs] 
2020-10-28T13:46:46.692+0000: [GC (Allocation Failure) 2020-10-28T13:46:46.692+0000: [ParNew: 34436K->6K(38720K), 0.0054801 secs] 1049625K->1015195K(1499884K), 0.0055446 secs] [Times: user=0.01 sys=0.00, real=0.00 secs] 
2020-10-28T13:46:46.734+0000: [GC (Allocation Failure) 2020-10-28T13:46:46.734+0000: [ParNew: 34438K->4K(38720K), 0.0053561 secs] 1049627K->1015193K(1499884K), 0.0054328 secs] [Times: user=0.01 sys=0.00, real=0.01 secs] 
2020-10-28T13:46:46.780+0000: [GC (Allocation Failure) 2020-10-28T13:46:46.780+0000: [ParNew: 34436K->4K(38720K), 0.0052924 secs] 1049625K->1015193K(1499884K), 0.0053555 secs] [Times: user=0.02 sys=0.00, real=0.00 secs] 
2020-10-28T13:46:46.824+0000: [GC (Allocation Failure) 2020-10-28T13:46:46.824+0000: [ParNew: 34436K->4K(38720K), 0.0052990 secs] 1049625K->1015193K(1499884K), 0.0053594 secs] [Times: user=0.01 sys=0.00, real=0.01 secs] 
2020-10-28T13:46:46.866+0000: [GC (Allocation Failure) 2020-10-28T13:46:46.866+0000: [ParNew: 34436K->4K(38720K), 0.0053761 secs] 1049625K->1015193K(1499884K), 0.0054381 secs] [Times: user=0.01 sys=0.00, real=0.01 secs] 
2020-10-28T13:46:46.908+0000: [GC (Allocation Failure) 2020-10-28T13:46:46.908+0000: [ParNew: 34436K->6K(38720K), 0.0053180 secs] 1049625K->1015195K(1499884K), 0.0053780 secs] [Times: user=0.01 sys=0.00, real=0.00 secs] 
2020-10-28T13:46:46.956+0000: [GC (Allocation Failure) 2020-10-28T13:46:46.956+0000: [ParNew: 34438K->6K(38720K), 0.0052649 secs] 1049627K->1015195K(1499884K), 0.0053255 secs] [Times: user=0.01 sys=0.00, real=0.01 secs] 
2020-10-28T13:46:47.004+0000: [GC (Allocation Failure) 2020-10-28T13:46:47.004+0000: [ParNew: 34438K->6K(38720K), 0.0052586 secs] 1049627K->1015195K(1499884K), 0.0053201 secs] [Times: user=0.01 sys=0.00, real=0.01 secs] 
2020-10-28T13:46:47.052+0000: [GC (Allocation Failure) 2020-10-28T13:46:47.052+0000: [ParNew: 34438K->6K(38720K), 0.0052565 secs] 1049627K->1015195K(1499884K), 0.0053183 secs] [Times: user=0.01 sys=0.00, real=0.00 secs] 
2020-10-28T13:46:47.097+0000: [GC (Allocation Failure) 2020-10-28T13:46:47.097+0000: [ParNew: 34438K->4K(38720K), 0.0054066 secs] 1049627K->1015193K(1499884K), 0.0054679 secs] [Times: user=0.01 sys=0.00, real=0.01 secs] 
2020-10-28T13:46:47.144+0000: [GC (Allocation Failure) 2020-10-28T13:46:47.144+0000: [ParNew: 34436K->6K(38720K), 0.0052775 secs] 1049625K->1015195K(1499884K), 0.0053406 secs] [Times: user=0.01 sys=0.00, real=0.01 secs] 
2020-10-28T13:46:47.186+0000: [GC (Allocation Failure) 2020-10-28T13:46:47.186+0000: [ParNew: 34438K->6K(38720K), 0.0066370 secs] 1049627K->1015195K(1499884K), 0.0066990 secs] [Times: user=0.01 sys=0.00, real=0.01 secs] 
2020-10-28T13:46:47.232+0000: [GC (Allocation Failure) 2020-10-28T13:46:47.232+0000: [ParNew: 34438K->4K(38720K), 0.0052930 secs] 1049627K->1015193K(1499884K), 0.0053561 secs] [Times: user=0.01 sys=0.00, real=0.00 secs] 
2020-10-28T13:46:47.280+0000: [GC (Allocation Failure) 2020-10-28T13:46:47.280+0000: [ParNew: 34436K->4K(38720K), 0.0052827 secs] 1049625K->1015193K(1499884K), 0.0053452 secs] [Times: user=0.01 sys=0.00, real=0.00 secs] 
2020-10-28T13:46:47.326+0000: [GC (Allocation Failure) 2020-10-28T13:46:47.326+0000: [ParNew: 34436K->4K(38720K), 0.0053125 secs] 1049625K->1015193K(1499884K), 0.0053852 secs] [Times: user=0.01 sys=0.00, real=0.01 secs] 
2020-10-28T13:46:47.372+0000: [GC (Allocation Failure) 2020-10-28T13:46:47.372+0000: [ParNew: 34436K->4K(38720K), 0.0053239 secs] 1049625K->1015193K(1499884K), 0.0053879 secs] [Times: user=0.01 sys=0.00, real=0.00 secs] 
2020-10-28T13:46:47.420+0000: [GC (Allocation Failure) 2020-10-28T13:46:47.420+0000: [ParNew: 34436K->4K(38720K), 0.0053091 secs] 1049625K->1015193K(1499884K), 0.0053743 secs] [Times: user=0.01 sys=0.00, real=0.00 secs] 
2020-10-28T13:46:47.466+0000: [GC (Allocation Failure) 2020-10-28T13:46:47.466+0000: [ParNew: 34436K->6K(38720K), 0.0053022 secs] 1049625K->1015195K(1499884K), 0.0053646 secs] [Times: user=0.01 sys=0.00, real=0.01 secs] 
2020-10-28T13:46:47.513+0000: [GC (Allocation Failure) 2020-10-28T13:46:47.513+0000: [ParNew: 34438K->4K(38720K), 0.0054456 secs] 1049627K->1015193K(1499884K), 0.0055118 secs] [Times: user=0.01 sys=0.00, real=0.00 secs] 
2020-10-28T13:46:47.560+0000: [GC (Allocation Failure) 2020-10-28T13:46:47.560+0000: [ParNew: 34436K->6K(38720K), 0.0053778 secs] 1049625K->1015195K(1499884K), 0.0054401 secs] [Times: user=0.02 sys=0.00, real=0.00 secs] 
2020-10-28T13:46:47.608+0000: [GC (Allocation Failure) 2020-10-28T13:46:47.608+0000: [ParNew: 34438K->4K(38720K), 0.0054170 secs] 1049627K->1015193K(1499884K), 0.0054820 secs] [Times: user=0.01 sys=0.00, real=0.00 secs] 
2020-10-28T13:46:47.654+0000: [GC (Allocation Failure) 2020-10-28T13:46:47.654+0000: [ParNew: 34436K->4K(38720K), 0.0054822 secs] 1049625K->1015193K(1499884K), 0.0055475 secs] [Times: user=0.01 sys=0.00, real=0.01 secs] 
2020-10-28T13:46:47.696+0000: [GC (Allocation Failure) 2020-10-28T13:46:47.696+0000: [ParNew: 34436K->4K(38720K), 0.0054430 secs] 1049625K->1015193K(1499884K), 0.0055057 secs] [Times: user=0.01 sys=0.00, real=0.01 secs] 
2020-10-28T13:46:47.739+0000: [GC (Allocation Failure) 2020-10-28T13:46:47.739+0000: [ParNew: 34436K->6K(38720K), 0.0054327 secs] 1049625K->1015195K(1499884K), 0.0054976 secs] [Times: user=0.01 sys=0.00, real=0.01 secs] 
2020-10-28T13:46:47.781+0000: [GC (Allocation Failure) 2020-10-28T13:46:47.781+0000: [ParNew: 34438K->6K(38720K), 0.0053806 secs] 1049627K->1015195K(1499884K), 0.0054439 secs] [Times: user=0.01 sys=0.00, real=0.00 secs] 
2020-10-28T13:46:47.824+0000: [GC (Allocation Failure) 2020-10-28T13:46:47.824+0000: [ParNew: 34438K->4K(38720K), 0.0053018 secs] 1049627K->1015193K(1499884K), 0.0053649 secs] [Times: user=0.01 sys=0.00, real=0.01 secs] 
2020-10-28T13:46:47.872+0000: [GC (Allocation Failure) 2020-10-28T13:46:47.872+0000: [ParNew: 34436K->4K(38720K), 0.0053175 secs] 1049625K->1015193K(1499884K), 0.0053803 secs] [Times: user=0.01 sys=0.00, real=0.00 secs] 
2020-10-28T13:46:47.914+0000: [GC (Allocation Failure) 2020-10-28T13:46:47.914+0000: [ParNew: 34436K->4K(38720K), 0.0053817 secs] 1049625K->1015193K(1499884K), 0.0054469 secs] [Times: user=0.00 sys=0.01, real=0.01 secs] 
2020-10-28T13:46:47.967+0000: [GC (Allocation Failure) 2020-10-28T13:46:47.968+0000: [ParNew: 34436K->6K(38720K), 0.0053269 secs] 1049625K->1015195K(1499884K), 0.0053926 secs] [Times: user=0.01 sys=0.00, real=0.00 secs] 
2020-10-28T13:46:48.011+0000: [GC (Allocation Failure) 2020-10-28T13:46:48.011+0000: [ParNew: 34438K->6K(38720K), 0.0053660 secs] 1049627K->1015195K(1499884K), 0.0054305 secs] [Times: user=0.01 sys=0.00, real=0.00 secs] 
2020-10-28T13:46:48.056+0000: [GC (Allocation Failure) 2020-10-28T13:46:48.056+0000: [ParNew: 34438K->4K(38720K), 0.0053793 secs] 1049627K->1015193K(1499884K), 0.0054436 secs] [Times: user=0.01 sys=0.00, real=0.01 secs] 
2020-10-28T13:46:48.098+0000: [GC (Allocation Failure) 2020-10-28T13:46:48.098+0000: [ParNew: 34436K->4K(38720K), 0.0053425 secs] 1049625K->1015193K(1499884K), 0.0054130 secs] [Times: user=0.01 sys=0.00, real=0.01 secs] 
2020-10-28T13:46:48.144+0000: [GC (Allocation Failure) 2020-10-28T13:46:48.144+0000: [ParNew: 34436K->6K(38720K), 0.0053192 secs] 1049625K->1015195K(1499884K), 0.0053818 secs] [Times: user=0.01 sys=0.00, real=0.01 secs] 
2020-10-28T13:46:48.190+0000: [GC (Allocation Failure) 2020-10-28T13:46:48.190+0000: [ParNew: 34438K->6K(38720K), 0.0068284 secs] 1049627K->1015195K(1499884K), 0.0068916 secs] [Times: user=0.01 sys=0.00, real=0.00 secs] 
2020-10-28T13:46:48.245+0000: [GC (Allocation Failure) 2020-10-28T13:46:48.245+0000: [ParNew: 34438K->6K(38720K), 0.0053846 secs] 1049627K->1015195K(1499884K), 0.0054513 secs] [Times: user=0.01 sys=0.00, real=0.01 secs] 
2020-10-28T13:46:48.291+0000: [GC (Allocation Failure) 2020-10-28T13:46:48.291+0000: [ParNew: 34438K->4K(38720K), 0.0053424 secs] 1049627K->1015193K(1499884K), 0.0054099 secs] [Times: user=0.01 sys=0.00, real=0.00 secs] 
2020-10-28T13:46:48.336+0000: [GC (Allocation Failure) 2020-10-28T13:46:48.336+0000: [ParNew: 34436K->4K(38720K), 0.0053758 secs] 1049625K->1015193K(1499884K), 0.0054399 secs] [Times: user=0.01 sys=0.00, real=0.01 secs] 
2020-10-28T13:46:48.384+0000: [GC (Allocation Failure) 2020-10-28T13:46:48.384+0000: [ParNew: 34436K->6K(38720K), 0.0053727 secs] 1049625K->1015195K(1499884K), 0.0054381 secs] [Times: user=0.01 sys=0.00, real=0.01 secs] 
2020-10-28T13:46:48.426+0000: [GC (Allocation Failure) 2020-10-28T13:46:48.426+0000: [ParNew: 34438K->4K(38720K), 0.0053307 secs] 1049627K->1015193K(1499884K), 0.0053938 secs] [Times: user=0.01 sys=0.00, real=0.01 secs] 
2020-10-28T13:46:48.472+0000: [GC (Allocation Failure) 2020-10-28T13:46:48.472+0000: [ParNew: 34436K->4K(38720K), 0.0053351 secs] 1049625K->1015193K(1499884K), 0.0053978 secs] [Times: user=0.01 sys=0.00, real=0.00 secs] 
2020-10-28T13:46:48.514+0000: [GC (Allocation Failure) 2020-10-28T13:46:48.514+0000: [ParNew: 34436K->6K(38720K), 0.0053423 secs] 1049625K->1015195K(1499884K), 0.0054054 secs] [Times: user=0.01 sys=0.00, real=0.01 secs] 
2020-10-28T13:46:48.560+0000: [GC (Allocation Failure) 2020-10-28T13:46:48.560+0000: [ParNew: 34438K->4K(38720K), 0.0053744 secs] 1049627K->1015193K(1499884K), 0.0054503 secs] [Times: user=0.01 sys=0.00, real=0.00 secs] 
2020-10-28T13:46:48.608+0000: [GC (Allocation Failure) 2020-10-28T13:46:48.608+0000: [ParNew: 34436K->6K(38720K), 0.0054521 secs] 1049625K->1015195K(1499884K), 0.0055416 secs] [Times: user=0.01 sys=0.00, real=0.00 secs] 
2020-10-28T13:46:48.650+0000: [GC (Allocation Failure) 2020-10-28T13:46:48.650+0000: [ParNew: 34438K->4K(38720K), 0.0053048 secs] 1049627K->1015193K(1499884K), 0.0053788 secs] [Times: user=0.01 sys=0.00, real=0.00 secs] 
2020-10-28T13:46:48.692+0000: [GC (Allocation Failure) 2020-10-28T13:46:48.693+0000: [ParNew: 34436K->4K(38720K), 0.0053173 secs] 1049625K->1015193K(1499884K), 0.0053803 secs] [Times: user=0.01 sys=0.00, real=0.00 secs] 
2020-10-28T13:46:48.735+0000: [GC (Allocation Failure) 2020-10-28T13:46:48.735+0000: [ParNew: 34436K->4K(38720K), 0.0053048 secs] 1049625K->1015193K(1499884K), 0.0053649 secs] [Times: user=0.01 sys=0.00, real=0.01 secs] 
2020-10-28T13:46:48.779+0000: [GC (Allocation Failure) 2020-10-28T13:46:48.779+0000: [ParNew: 34436K->4K(38720K), 0.0053042 secs] 1049625K->1015193K(1499884K), 0.0053659 secs] [Times: user=0.01 sys=0.00, real=0.01 secs] 
2020-10-28T13:46:48.828+0000: [GC (Allocation Failure) 2020-10-28T13:46:48.828+0000: [ParNew: 34436K->6K(38720K), 0.0052966 secs] 1049625K->1015195K(1499884K), 0.0053598 secs] [Times: user=0.02 sys=0.00, real=0.00 secs] 
2020-10-28T13:46:48.876+0000: [GC (Allocation Failure) 2020-10-28T13:46:48.876+0000: [ParNew: 34438K->4K(38720K), 0.0052880 secs] 1049627K->1015193K(1499884K), 0.0053493 secs] [Times: user=0.01 sys=0.00, real=0.01 secs] 
2020-10-28T13:46:48.922+0000: [GC (Allocation Failure) 2020-10-28T13:46:48.922+0000: [ParNew: 34436K->4K(38720K), 0.0053009 secs] 1049625K->1015193K(1499884K), 0.0053627 secs] [Times: user=0.01 sys=0.00, real=0.00 secs] 
2020-10-28T13:46:48.968+0000: [GC (Allocation Failure) 2020-10-28T13:46:48.968+0000: [ParNew: 34436K->4K(38720K), 0.0053154 secs] 1049625K->1015193K(1499884K), 0.0053766 secs] [Times: user=0.01 sys=0.00, real=0.00 secs] 
2020-10-28T13:46:49.012+0000: [GC (Allocation Failure) 2020-10-28T13:46:49.012+0000: [ParNew: 34436K->4K(38720K), 0.0053295 secs] 1049625K->1015193K(1499884K), 0.0053909 secs] [Times: user=0.01 sys=0.00, real=0.00 secs] 
2020-10-28T13:46:49.056+0000: [GC (Allocation Failure) 2020-10-28T13:46:49.056+0000: [ParNew: 34436K->4K(38720K), 0.0053036 secs] 1049625K->1015193K(1499884K), 0.0053654 secs] [Times: user=0.01 sys=0.00, real=0.01 secs] 
2020-10-28T13:46:49.098+0000: [GC (Allocation Failure) 2020-10-28T13:46:49.098+0000: [ParNew: 34436K->4K(38720K), 0.0053504 secs] 1049625K->1015193K(1499884K), 0.0054114 secs] [Times: user=0.01 sys=0.00, real=0.01 secs] 
2020-10-28T13:46:49.141+0000: [GC (Allocation Failure) 2020-10-28T13:46:49.141+0000: [ParNew: 34436K->4K(38720K), 0.0052883 secs] 1049625K->1015193K(1499884K), 0.0053503 secs] [Times: user=0.01 sys=0.00, real=0.00 secs] 
2020-10-28T13:46:49.187+0000: [GC (Allocation Failure) 2020-10-28T13:46:49.187+0000: [ParNew: 34436K->6K(38720K), 0.0052960 secs] 1049625K->1015195K(1499884K), 0.0053582 secs] [Times: user=0.01 sys=0.00, real=0.01 secs] 
2020-10-28T13:46:49.232+0000: [GC (Allocation Failure) 2020-10-28T13:46:49.232+0000: [ParNew: 34438K->4K(38720K), 0.0053503 secs] 1049627K->1015193K(1499884K), 0.0054148 secs] [Times: user=0.01 sys=0.00, real=0.00 secs] 
2020-10-28T13:46:49.283+0000: [GC (Allocation Failure) 2020-10-28T13:46:49.283+0000: [ParNew: 34436K->8K(38720K), 0.0054319 secs] 1049625K->1015197K(1499884K), 0.0054971 secs] [Times: user=0.01 sys=0.00, real=0.01 secs] 
2020-10-28T13:46:49.331+0000: [GC (Allocation Failure) 2020-10-28T13:46:49.331+0000: [ParNew: 34440K->6K(38720K), 0.0053929 secs] 1049629K->1015195K(1499884K), 0.0054684 secs] [Times: user=0.01 sys=0.00, real=0.00 secs] 
2020-10-28T13:46:49.387+0000: [GC (Allocation Failure) 2020-10-28T13:46:49.387+0000: [ParNew: 34438K->6K(38720K), 0.0053148 secs] 1049627K->1015195K(1499884K), 0.0053889 secs] [Times: user=0.01 sys=0.00, real=0.01 secs] 
2020-10-28T13:46:49.437+0000: [GC (Allocation Failure) 2020-10-28T13:46:49.437+0000: [ParNew: 34438K->6K(38720K), 0.0053592 secs] 1049627K->1015196K(1499884K), 0.0054215 secs] [Times: user=0.01 sys=0.00, real=0.01 secs] 
2020-10-28T13:46:49.483+0000: [GC (Allocation Failure) 2020-10-28T13:46:49.484+0000: [ParNew: 34438K->6K(38720K), 0.0052860 secs] 1049628K->1015195K(1499884K), 0.0053472 secs] [Times: user=0.01 sys=0.00, real=0.01 secs] 
2020-10-28T13:46:49.545+0000: [GC (Allocation Failure) 2020-10-28T13:46:49.545+0000: [ParNew: 34438K->6K(38720K), 0.0053251 secs] 1049627K->1015196K(1499884K), 0.0053855 secs] [Times: user=0.01 sys=0.00, real=0.01 secs] 
2020-10-28T13:46:49.649+0000: [GC (Allocation Failure) 2020-10-28T13:46:49.649+0000: [ParNew: 34438K->6K(38720K), 0.0054097 secs] 1049628K->1015197K(1499884K), 0.0054771 secs] [Times: user=0.01 sys=0.00, real=0.00 secs] 
2020-10-28T13:46:49.804+0000: [GC (Allocation Failure) 2020-10-28T13:46:49.804+0000: [ParNew: 34438K->6K(38720K), 0.0053650 secs] 1049629K->1015197K(1499884K), 0.0054300 secs] [Times: user=0.01 sys=0.00, real=0.01 secs] 
2020-10-28T13:46:50.700+0000: [GC (Allocation Failure) 2020-10-28T13:46:50.700+0000: [ParNew: 34438K->6K(38720K), 0.0054241 secs] 1049629K->1015197K(1499884K), 0.0054906 secs] [Times: user=0.01 sys=0.00, real=0.00 secs] 
2020-10-28T13:46:51.835+0000: [GC (Allocation Failure) 2020-10-28T13:46:51.835+0000: [ParNew: 34438K->107K(38720K), 0.0055147 secs] 1049629K->1015298K(1499884K), 0.0055693 secs] [Times: user=0.01 sys=0.00, real=0.01 secs] 
2020-10-28T13:46:53.065+0000: [GC (Allocation Failure) 2020-10-28T13:46:53.065+0000: [ParNew: 34495K->1132K(38720K), 0.0082809 secs] 1049686K->1016323K(1499884K), 0.0083695 secs] [Times: user=0.02 sys=0.00, real=0.01 secs] 
2020-10-28T13:46:53.312+0000: [GC (Allocation Failure) 2020-10-28T13:46:53.312+0000: [ParNew: 35564K->3673K(38720K), 0.0209685 secs] 1050755K->1018864K(1499884K), 0.0210663 secs] [Times: user=0.04 sys=0.00, real=0.02 secs] 
2020-10-28T13:46:53.418+0000: [GC (Allocation Failure) 2020-10-28T13:46:53.418+0000: [ParNew: 38105K->1555K(38720K), 0.0329523 secs] 1053296K->1019712K(1499884K), 0.0330813 secs] [Times: user=0.07 sys=0.01, real=0.04 secs] 
2020-10-28T13:46:53.532+0000: [GC (Allocation Failure) 2020-10-28T13:46:53.532+0000: [ParNew: 35987K->1293K(38720K), 0.0127663 secs] 1054144K->1019450K(1499884K), 0.0128590 secs] [Times: user=0.02 sys=0.00, real=0.01 secs] 
2020-10-28T13:46:53.614+0000: [GC (Allocation Failure) 2020-10-28T13:46:53.615+0000: [ParNew: 35725K->2328K(38720K), 0.0057712 secs] 1053882K->1020485K(1499884K), 0.0058580 secs] [Times: user=0.01 sys=0.00, real=0.01 secs] 
2020-10-28T13:46:53.704+0000: [GC (Allocation Failure) 2020-10-28T13:46:53.704+0000: [ParNew: 36760K->2377K(38720K), 0.0060629 secs] 1054917K->1020534K(1499884K), 0.0061523 secs] [Times: user=0.01 sys=0.00, real=0.01 secs] 
2020-10-28T13:46:53.788+0000: [GC (Allocation Failure) 2020-10-28T13:46:53.788+0000: [ParNew: 36809K->1558K(38720K), 0.0061229 secs] 1054966K->1020752K(1499884K), 0.0062107 secs] [Times: user=0.01 sys=0.00, real=0.00 secs] 
2020-10-28T13:46:53.869+0000: [GC (Allocation Failure) 2020-10-28T13:46:53.870+0000: [ParNew: 35990K->1030K(38720K), 0.0116125 secs] 1055184K->1020224K(1499884K), 0.0117065 secs] [Times: user=0.02 sys=0.00, real=0.01 secs] 
2020-10-28T13:46:53.938+0000: [GC (Allocation Failure) 2020-10-28T13:46:53.938+0000: [ParNew: 35462K->518K(38720K), 0.0055568 secs] 1054656K->1019712K(1499884K), 0.0056614 secs] [Times: user=0.01 sys=0.00, real=0.01 secs] 
2020-10-28T13:46:54.014+0000: [GC (Allocation Failure) 2020-10-28T13:46:54.014+0000: [ParNew: 34950K->6K(38720K), 0.0053761 secs] 1054144K->1019200K(1499884K), 0.0054643 secs] [Times: user=0.01 sys=0.00, real=0.00 secs] 
2020-10-28T13:46:54.076+0000: [GC (Allocation Failure) 2020-10-28T13:46:54.076+0000: [ParNew: 34438K->6K(38720K), 0.0053694 secs] 1053632K->1019200K(1499884K), 0.0054914 secs] [Times: user=0.01 sys=0.00, real=0.01 secs] 
2020-10-28T13:46:54.142+0000: [GC (Allocation Failure) 2020-10-28T13:46:54.142+0000: [ParNew: 34438K->6K(38720K), 0.0053739 secs] 1053632K->1019200K(1499884K), 0.0054395 secs] [Times: user=0.01 sys=0.00, real=0.01 secs] 
2020-10-28T13:46:54.218+0000: [GC (Allocation Failure) 2020-10-28T13:46:54.219+0000: [ParNew: 34438K->6K(38720K), 0.0053564 secs] 1053632K->1019200K(1499884K), 0.0054233 secs] [Times: user=0.01 sys=0.00, real=0.01 secs] 
2020-10-28T13:46:54.288+0000: [GC (Allocation Failure) 2020-10-28T13:46:54.288+0000: [ParNew: 34438K->6K(38720K), 0.0053367 secs] 1053632K->1019200K(1499884K), 0.0054033 secs] [Times: user=0.01 sys=0.00, real=0.00 secs] 
2020-10-28T13:46:54.348+0000: [GC (Allocation Failure) 2020-10-28T13:46:54.348+0000: [ParNew: 34438K->6K(38720K), 0.0054306 secs] 1053632K->1019200K(1499884K), 0.0054977 secs] [Times: user=0.01 sys=0.00, real=0.00 secs] 
2020-10-28T13:46:54.404+0000: [GC (Allocation Failure) 2020-10-28T13:46:54.404+0000: [ParNew: 34438K->6K(38720K), 0.0053457 secs] 1053632K->1019200K(1499884K), 0.0054104 secs] [Times: user=0.01 sys=0.00, real=0.01 secs] 
2020-10-28T13:46:54.460+0000: [GC (Allocation Failure) 2020-10-28T13:46:54.460+0000: [ParNew: 34438K->6K(38720K), 0.0074721 secs] 1053632K->1019200K(1499884K), 0.0075363 secs] [Times: user=0.01 sys=0.00, real=0.00 secs] 
2020-10-28T13:46:54.528+0000: [GC (Allocation Failure) 2020-10-28T13:46:54.528+0000: [ParNew: 34438K->6K(38720K), 0.0128494 secs] 1053632K->1019200K(1499884K), 0.0129302 secs] [Times: user=0.02 sys=0.00, real=0.01 secs] 
2020-10-28T13:46:54.600+0000: [GC (Allocation Failure) 2020-10-28T13:46:54.600+0000: [ParNew: 34438K->6K(38720K), 0.0054687 secs] 1053632K->1019200K(1499884K), 0.0055361 secs] [Times: user=0.01 sys=0.00, real=0.00 secs] 
2020-10-28T13:46:54.663+0000: [GC (Allocation Failure) 2020-10-28T13:46:54.663+0000: [ParNew: 34438K->6K(38720K), 0.0053339 secs] 1053632K->1019200K(1499884K), 0.0054011 secs] [Times: user=0.01 sys=0.00, real=0.01 secs] 
2020-10-28T13:46:54.724+0000: [GC (Allocation Failure) 2020-10-28T13:46:54.724+0000: [ParNew: 34438K->6K(38720K), 0.0054582 secs] 1053632K->1019200K(1499884K), 0.0055244 secs] [Times: user=0.01 sys=0.00, real=0.01 secs] 
2020-10-28T13:46:54.784+0000: [GC (Allocation Failure) 2020-10-28T13:46:54.784+0000: [ParNew: 34438K->6K(38720K), 0.0053492 secs] 1053632K->1019200K(1499884K), 0.0054147 secs] [Times: user=0.01 sys=0.00, real=0.01 secs] 
2020-10-28T13:46:54.846+0000: [GC (Allocation Failure) 2020-10-28T13:46:54.846+0000: [ParNew: 34438K->6K(38720K), 0.0103027 secs] 1053632K->1019200K(1499884K), 0.0103832 secs] [Times: user=0.02 sys=0.00, real=0.01 secs] 
2020-10-28T13:46:54.907+0000: [GC (Allocation Failure) 2020-10-28T13:46:54.907+0000: [ParNew: 34438K->6K(38720K), 0.0053630 secs] 1053632K->1019201K(1499884K), 0.0054494 secs] [Times: user=0.01 sys=0.00, real=0.01 secs] 
2020-10-28T13:46:54.962+0000: [GC (Allocation Failure) 2020-10-28T13:46:54.962+0000: [ParNew: 34438K->4K(38720K), 0.0054019 secs] 1053633K->1019199K(1499884K), 0.0054670 secs] [Times: user=0.02 sys=0.00, real=0.01 secs] 
2020-10-28T13:46:55.031+0000: [GC (Allocation Failure) 2020-10-28T13:46:55.031+0000: [ParNew: 34436K->6K(38720K), 0.0053861 secs] 1053631K->1019201K(1499884K), 0.0054533 secs] [Times: user=0.01 sys=0.00, real=0.00 secs] 
2020-10-28T13:46:55.102+0000: [GC (Allocation Failure) 2020-10-28T13:46:55.102+0000: [ParNew: 34438K->6K(38720K), 0.0054002 secs] 1053633K->1019201K(1499884K), 0.0054774 secs] [Times: user=0.01 sys=0.00, real=0.00 secs] 
2020-10-28T13:46:55.160+0000: [GC (Allocation Failure) 2020-10-28T13:46:55.160+0000: [ParNew: 34438K->4K(38720K), 0.0135708 secs] 1053633K->1019199K(1499884K), 0.0136403 secs] [Times: user=0.03 sys=0.00, real=0.01 secs] 
2020-10-28T13:46:55.263+0000: [GC (Allocation Failure) 2020-10-28T13:46:55.263+0000: [ParNew: 34436K->6K(38720K), 0.0054069 secs] 1053631K->1019201K(1499884K), 0.0054947 secs] [Times: user=0.01 sys=0.00, real=0.01 secs] 
2020-10-28T13:46:55.335+0000: [GC (Allocation Failure) 2020-10-28T13:46:55.335+0000: [ParNew: 34438K->6K(38720K), 0.0063018 secs] 1053633K->1019201K(1499884K), 0.0064147 secs] [Times: user=0.01 sys=0.00, real=0.01 secs] 
2020-10-28T13:46:55.401+0000: [GC (Allocation Failure) 2020-10-28T13:46:55.401+0000: [ParNew: 34438K->6K(38720K), 0.0120196 secs] 1053633K->1019201K(1499884K), 0.0121117 secs] [Times: user=0.02 sys=0.00, real=0.01 secs] 
2020-10-28T13:46:55.468+0000: [GC (Allocation Failure) 2020-10-28T13:46:55.468+0000: [ParNew: 34438K->6K(38720K), 0.0161815 secs] 1053633K->1019201K(1499884K), 0.0162794 secs] [Times: user=0.03 sys=0.00, real=0.01 secs] 
2020-10-28T13:46:55.539+0000: [GC (Allocation Failure) 2020-10-28T13:46:55.539+0000: [ParNew: 34438K->6K(38720K), 0.0113814 secs] 1053633K->1019201K(1499884K), 0.0114754 secs] [Times: user=0.02 sys=0.00, real=0.02 secs] 
2020-10-28T13:46:55.615+0000: [GC (Allocation Failure) 2020-10-28T13:46:55.615+0000: [ParNew: 34438K->6K(38720K), 0.0054047 secs] 1053633K->1019201K(1499884K), 0.0054731 secs] [Times: user=0.01 sys=0.00, real=0.01 secs] 
2020-10-28T13:46:55.673+0000: [GC (Allocation Failure) 2020-10-28T13:46:55.673+0000: [ParNew: 34438K->6K(38720K), 0.0054118 secs] 1053633K->1019201K(1499884K), 0.0054788 secs] [Times: user=0.01 sys=0.00, real=0.00 secs] 
2020-10-28T13:46:55.732+0000: [GC (Allocation Failure) 2020-10-28T13:46:55.732+0000: [ParNew: 34438K->6K(38720K), 0.0054075 secs] 1053633K->1019201K(1499884K), 0.0054757 secs] [Times: user=0.01 sys=0.00, real=0.00 secs] 
2020-10-28T13:46:55.779+0000: [GC (Allocation Failure) 2020-10-28T13:46:55.779+0000: [ParNew: 34438K->6K(38720K), 0.0053671 secs] 1053633K->1019201K(1499884K), 0.0054345 secs] [Times: user=0.01 sys=0.00, real=0.01 secs] 
2020-10-28T13:46:55.828+0000: [GC (Allocation Failure) 2020-10-28T13:46:55.828+0000: [ParNew: 34438K->6K(38720K), 0.0054412 secs] 1053633K->1019201K(1499884K), 0.0055101 secs] [Times: user=0.01 sys=0.00, real=0.00 secs] 
2020-10-28T13:46:55.876+0000: [GC (Allocation Failure) 2020-10-28T13:46:55.876+0000: [ParNew: 34438K->6K(38720K), 0.0054169 secs] 1053633K->1019201K(1499884K), 0.0054866 secs] [Times: user=0.01 sys=0.00, real=0.01 secs] 
2020-10-28T13:46:55.924+0000: [GC (Allocation Failure) 2020-10-28T13:46:55.924+0000: [ParNew: 34438K->4K(38720K), 0.0054440 secs] 1053633K->1019199K(1499884K), 0.0055122 secs] [Times: user=0.01 sys=0.00, real=0.01 secs] 
2020-10-28T13:46:55.967+0000: [GC (Allocation Failure) 2020-10-28T13:46:55.967+0000: [ParNew: 34436K->6K(38720K), 0.0054275 secs] 1053631K->1019201K(1499884K), 0.0054955 secs] [Times: user=0.01 sys=0.00, real=0.01 secs] 
2020-10-28T13:46:56.013+0000: [GC (Allocation Failure) 2020-10-28T13:46:56.013+0000: [ParNew: 34438K->4K(38720K), 0.0053785 secs] 1053633K->1019199K(1499884K), 0.0054469 secs] [Times: user=0.01 sys=0.00, real=0.00 secs] 
2020-10-28T13:46:56.056+0000: [GC (Allocation Failure) 2020-10-28T13:46:56.056+0000: [ParNew: 34436K->6K(38720K), 0.0054531 secs] 1053631K->1019201K(1499884K), 0.0055263 secs] [Times: user=0.01 sys=0.00, real=0.01 secs] 
2020-10-28T13:46:56.104+0000: [GC (Allocation Failure) 2020-10-28T13:46:56.104+0000: [ParNew: 34438K->6K(38720K), 0.0054529 secs] 1053633K->1019201K(1499884K), 0.0055179 secs] [Times: user=0.01 sys=0.00, real=0.01 secs] 
2020-10-28T13:46:56.146+0000: [GC (Allocation Failure) 2020-10-28T13:46:56.146+0000: [ParNew: 34438K->6K(38720K), 0.0054779 secs] 1053633K->1019201K(1499884K), 0.0055474 secs] [Times: user=0.01 sys=0.00, real=0.01 secs] 
2020-10-28T13:46:56.196+0000: [GC (Allocation Failure) 2020-10-28T13:46:56.196+0000: [ParNew: 34438K->6K(38720K), 0.0054172 secs] 1053633K->1019201K(1499884K), 0.0054855 secs] [Times: user=0.01 sys=0.00, real=0.01 secs] 
2020-10-28T13:46:56.242+0000: [GC (Allocation Failure) 2020-10-28T13:46:56.242+0000: [ParNew: 34438K->4K(38720K), 0.0060393 secs] 1053633K->1019199K(1499884K), 0.0061070 secs] [Times: user=0.01 sys=0.00, real=0.01 secs] 
2020-10-28T13:46:56.291+0000: [GC (Allocation Failure) 2020-10-28T13:46:56.291+0000: [ParNew: 34436K->6K(38720K), 0.0054682 secs] 1053631K->1019201K(1499884K), 0.0055368 secs] [Times: user=0.01 sys=0.00, real=0.00 secs] 
2020-10-28T13:46:56.336+0000: [GC (Allocation Failure) 2020-10-28T13:46:56.336+0000: [ParNew: 34438K->6K(38720K), 0.0054734 secs] 1053633K->1019201K(1499884K), 0.0055551 secs] [Times: user=0.01 sys=0.00, real=0.01 secs] 
2020-10-28T13:46:56.378+0000: [GC (Allocation Failure) 2020-10-28T13:46:56.378+0000: [ParNew: 34438K->6K(38720K), 0.0053997 secs] 1053633K->1019201K(1499884K), 0.0054655 secs] [Times: user=0.01 sys=0.00, real=0.01 secs] 
2020-10-28T13:46:56.421+0000: [GC (Allocation Failure) 2020-10-28T13:46:56.421+0000: [ParNew: 34438K->6K(38720K), 0.0053633 secs] 1053633K->1019201K(1499884K), 0.0054292 secs] [Times: user=0.01 sys=0.00, real=0.00 secs] 
2020-10-28T13:46:56.463+0000: [GC (Allocation Failure) 2020-10-28T13:46:56.463+0000: [ParNew: 34438K->6K(38720K), 0.0055271 secs] 1053633K->1019201K(1499884K), 0.0056086 secs] [Times: user=0.02 sys=0.00, real=0.01 secs] 
2020-10-28T13:46:56.506+0000: [GC (Allocation Failure) 2020-10-28T13:46:56.506+0000: [ParNew: 34438K->6K(38720K), 0.0055574 secs] 1053633K->1019201K(1499884K), 0.0056251 secs] [Times: user=0.02 sys=0.00, real=0.01 secs] 
2020-10-28T13:46:56.556+0000: [GC (Allocation Failure) 2020-10-28T13:46:56.556+0000: [ParNew: 34438K->6K(38720K), 0.0089877 secs] 1053633K->1019201K(1499884K), 0.0090761 secs] [Times: user=0.01 sys=0.00, real=0.01 secs] 
2020-10-28T13:46:56.602+0000: [GC (Allocation Failure) 2020-10-28T13:46:56.602+0000: [ParNew: 34438K->6K(38720K), 0.0055000 secs] 1053633K->1019201K(1499884K), 0.0055665 secs] [Times: user=0.01 sys=0.00, real=0.01 secs] 
2020-10-28T13:46:56.648+0000: [GC (Allocation Failure) 2020-10-28T13:46:56.648+0000: [ParNew: 34438K->6K(38720K), 0.0054646 secs] 1053633K->1019201K(1499884K), 0.0055326 secs] [Times: user=0.01 sys=0.00, real=0.00 secs] 
2020-10-28T13:46:56.691+0000: [GC (Allocation Failure) 2020-10-28T13:46:56.691+0000: [ParNew: 34438K->6K(38720K), 0.0054666 secs] 1053633K->1019201K(1499884K), 0.0055398 secs] [Times: user=0.01 sys=0.00, real=0.00 secs] 
2020-10-28T13:46:56.737+0000: [GC (Allocation Failure) 2020-10-28T13:46:56.737+0000: [ParNew: 34438K->6K(38720K), 0.0054224 secs] 1053633K->1019201K(1499884K), 0.0054888 secs] [Times: user=0.01 sys=0.00, real=0.01 secs] 
2020-10-28T13:46:56.784+0000: [GC (Allocation Failure) 2020-10-28T13:46:56.784+0000: [ParNew: 34438K->6K(38720K), 0.0054605 secs] 1053633K->1019201K(1499884K), 0.0055285 secs] [Times: user=0.01 sys=0.00, real=0.01 secs] 
2020-10-28T13:46:56.827+0000: [GC (Allocation Failure) 2020-10-28T13:46:56.827+0000: [ParNew: 34438K->6K(38720K), 0.0053922 secs] 1053633K->1019201K(1499884K), 0.0054586 secs] [Times: user=0.01 sys=0.00, real=0.01 secs] 
2020-10-28T13:46:56.874+0000: [GC (Allocation Failure) 2020-10-28T13:46:56.874+0000: [ParNew: 34438K->6K(38720K), 0.0054107 secs] 1053633K->1019201K(1499884K), 0.0054962 secs] [Times: user=0.01 sys=0.00, real=0.01 secs] 
2020-10-28T13:46:56.917+0000: [GC (Allocation Failure) 2020-10-28T13:46:56.917+0000: [ParNew: 34438K->6K(38720K), 0.0054054 secs] 1053633K->1019201K(1499884K), 0.0054723 secs] [Times: user=0.01 sys=0.00, real=0.01 secs] 
2020-10-28T13:46:56.962+0000: [GC (Allocation Failure) 2020-10-28T13:46:56.962+0000: [ParNew: 34438K->6K(38720K), 0.0055540 secs] 1053633K->1019201K(1499884K), 0.0056228 secs] [Times: user=0.01 sys=0.00, real=0.01 secs] 
2020-10-28T13:46:57.008+0000: [GC (Allocation Failure) 2020-10-28T13:46:57.008+0000: [ParNew: 34438K->6K(38720K), 0.0054379 secs] 1053633K->1019202K(1499884K), 0.0055066 secs] [Times: user=0.01 sys=0.00, real=0.00 secs] 
2020-10-28T13:46:57.052+0000: [GC (Allocation Failure) 2020-10-28T13:46:57.052+0000: [ParNew: 34438K->6K(38720K), 0.0054501 secs] 1053634K->1019202K(1499884K), 0.0055177 secs] [Times: user=0.01 sys=0.00, real=0.00 secs] 
2020-10-28T13:46:57.094+0000: [GC (Allocation Failure) 2020-10-28T13:46:57.094+0000: [ParNew: 34438K->6K(38720K), 0.0054782 secs] 1053634K->1019202K(1499884K), 0.0055753 secs] [Times: user=0.01 sys=0.00, real=0.01 secs] 
2020-10-28T13:46:57.136+0000: [GC (Allocation Failure) 2020-10-28T13:46:57.136+0000: [ParNew: 34438K->6K(38720K), 0.0054965 secs] 1053634K->1019202K(1499884K), 0.0055791 secs] [Times: user=0.01 sys=0.00, real=0.01 secs] 
2020-10-28T13:46:57.182+0000: [GC (Allocation Failure) 2020-10-28T13:46:57.182+0000: [ParNew: 34438K->6K(38720K), 0.0054765 secs] 1053634K->1019202K(1499884K), 0.0055434 secs] [Times: user=0.01 sys=0.00, real=0.01 secs] 
2020-10-28T13:46:57.228+0000: [GC (Allocation Failure) 2020-10-28T13:46:57.228+0000: [ParNew: 34438K->6K(38720K), 0.0053877 secs] 1053634K->1019202K(1499884K), 0.0054558 secs] [Times: user=0.01 sys=0.00, real=0.00 secs] 
2020-10-28T13:46:57.281+0000: [GC (Allocation Failure) 2020-10-28T13:46:57.281+0000: [ParNew: 34438K->6K(38720K), 0.0054170 secs] 1053634K->1019202K(1499884K), 0.0054852 secs] [Times: user=0.01 sys=0.00, real=0.00 secs] 
2020-10-28T13:46:57.324+0000: [GC (Allocation Failure) 2020-10-28T13:46:57.324+0000: [ParNew: 34438K->6K(38720K), 0.0054007 secs] 1053634K->1019202K(1499884K), 0.0054671 secs] [Times: user=0.01 sys=0.00, real=0.01 secs] 
2020-10-28T13:46:57.370+0000: [GC (Allocation Failure) 2020-10-28T13:46:57.370+0000: [ParNew: 34438K->6K(38720K), 0.0054263 secs] 1053634K->1019202K(1499884K), 0.0054957 secs] [Times: user=0.01 sys=0.00, real=0.00 secs] 
2020-10-28T13:46:57.416+0000: [GC (Allocation Failure) 2020-10-28T13:46:57.416+0000: [ParNew: 34438K->4K(38720K), 0.0054047 secs] 1053634K->1019200K(1499884K), 0.0054707 secs] [Times: user=0.01 sys=0.00, real=0.01 secs] 
2020-10-28T13:46:57.460+0000: [GC (Allocation Failure) 2020-10-28T13:46:57.460+0000: [ParNew: 34436K->6K(38720K), 0.0054402 secs] 1053632K->1019202K(1499884K), 0.0055085 secs] [Times: user=0.01 sys=0.00, real=0.00 secs] 
2020-10-28T13:46:57.502+0000: [GC (Allocation Failure) 2020-10-28T13:46:57.502+0000: [ParNew: 34438K->4K(38720K), 0.0056341 secs] 1053634K->1019200K(1499884K), 0.0057035 secs] [Times: user=0.01 sys=0.00, real=0.01 secs] 
2020-10-28T13:46:57.548+0000: [GC (Allocation Failure) 2020-10-28T13:46:57.548+0000: [ParNew: 34436K->6K(38720K), 0.0054081 secs] 1053632K->1019202K(1499884K), 0.0054757 secs] [Times: user=0.01 sys=0.00, real=0.00 secs] 
2020-10-28T13:46:57.594+0000: [GC (Allocation Failure) 2020-10-28T13:46:57.594+0000: [ParNew: 34437K->4K(38720K), 0.0054120 secs] 1053634K->1019200K(1499884K), 0.0054786 secs] [Times: user=0.01 sys=0.00, real=0.01 secs] 
2020-10-28T13:46:57.636+0000: [GC (Allocation Failure) 2020-10-28T13:46:57.636+0000: [ParNew: 34436K->6K(38720K), 0.0053926 secs] 1053632K->1019202K(1499884K), 0.0054581 secs] [Times: user=0.01 sys=0.00, real=0.01 secs] 
2020-10-28T13:46:57.682+0000: [GC (Allocation Failure) 2020-10-28T13:46:57.682+0000: [ParNew: 34438K->6K(38720K), 0.0053641 secs] 1053634K->1019202K(1499884K), 0.0054297 secs] [Times: user=0.01 sys=0.00, real=0.01 secs] 
2020-10-28T13:46:57.724+0000: [GC (Allocation Failure) 2020-10-28T13:46:57.724+0000: [ParNew: 34438K->6K(38720K), 0.0054337 secs] 1053634K->1019202K(1499884K), 0.0055060 secs] [Times: user=0.02 sys=0.00, real=0.01 secs] 
2020-10-28T13:46:57.767+0000: [GC (Allocation Failure) 2020-10-28T13:46:57.767+0000: [ParNew: 34438K->6K(38720K), 0.0054610 secs] 1053634K->1019202K(1499884K), 0.0055291 secs] [Times: user=0.01 sys=0.00, real=0.01 secs] 
2020-10-28T13:46:57.809+0000: [GC (Allocation Failure) 2020-10-28T13:46:57.809+0000: [ParNew: 34438K->6K(38720K), 0.0054883 secs] 1053634K->1019202K(1499884K), 0.0055523 secs] [Times: user=0.02 sys=0.00, real=0.00 secs] 
2020-10-28T13:46:57.852+0000: [GC (Allocation Failure) 2020-10-28T13:46:57.852+0000: [ParNew: 34438K->6K(38720K), 0.0053856 secs] 1053634K->1019202K(1499884K), 0.0054520 secs] [Times: user=0.01 sys=0.00, real=0.00 secs] 
2020-10-28T13:46:57.898+0000: [GC (Allocation Failure) 2020-10-28T13:46:57.898+0000: [ParNew: 34438K->6K(38720K), 0.0053902 secs] 1053634K->1019202K(1499884K), 0.0054581 secs] [Times: user=0.01 sys=0.00, real=0.01 secs] 
2020-10-28T13:46:57.944+0000: [GC (Allocation Failure) 2020-10-28T13:46:57.944+0000: [ParNew: 34438K->6K(38720K), 0.0126312 secs] 1053634K->1019202K(1499884K), 0.0127151 secs] [Times: user=0.01 sys=0.00, real=0.01 secs] 
2020-10-28T13:46:57.994+0000: [GC (Allocation Failure) 2020-10-28T13:46:57.994+0000: [ParNew: 34438K->4K(38720K), 0.0053593 secs] 1053634K->1019200K(1499884K), 0.0054380 secs] [Times: user=0.01 sys=0.00, real=0.01 secs] 
2020-10-28T13:46:58.037+0000: [GC (Allocation Failure) 2020-10-28T13:46:58.037+0000: [ParNew: 34436K->6K(38720K), 0.0053303 secs] 1053632K->1019202K(1499884K), 0.0053950 secs] [Times: user=0.01 sys=0.00, real=0.01 secs] 
2020-10-28T13:46:58.079+0000: [GC (Allocation Failure) 2020-10-28T13:46:58.079+0000: [ParNew: 34438K->6K(38720K), 0.0079456 secs] 1053634K->1019202K(1499884K), 0.0080112 secs] [Times: user=0.01 sys=0.00, real=0.01 secs] 
2020-10-28T13:46:58.128+0000: [GC (Allocation Failure) 2020-10-28T13:46:58.128+0000: [ParNew: 34438K->6K(38720K), 0.0053440 secs] 1053634K->1019202K(1499884K), 0.0054104 secs] [Times: user=0.02 sys=0.00, real=0.00 secs] 
2020-10-28T13:46:58.170+0000: [GC (Allocation Failure) 2020-10-28T13:46:58.170+0000: [ParNew: 34438K->6K(38720K), 0.0053468 secs] 1053634K->1019202K(1499884K), 0.0054127 secs] [Times: user=0.01 sys=0.00, real=0.00 secs] 
2020-10-28T13:46:58.212+0000: [GC (Allocation Failure) 2020-10-28T13:46:58.212+0000: [ParNew: 34438K->6K(38720K), 0.0062536 secs] 1053634K->1019202K(1499884K), 0.0063185 secs] [Times: user=0.02 sys=0.00, real=0.00 secs] 
2020-10-28T13:46:58.255+0000: [GC (Allocation Failure) 2020-10-28T13:46:58.256+0000: [ParNew: 34438K->6K(38720K), 0.0053421 secs] 1053634K->1019202K(1499884K), 0.0054249 secs] [Times: user=0.01 sys=0.00, real=0.01 secs] 
2020-10-28T13:46:58.304+0000: [GC (Allocation Failure) 2020-10-28T13:46:58.304+0000: [ParNew: 34438K->6K(38720K), 0.0053461 secs] 1053634K->1019202K(1499884K), 0.0054110 secs] [Times: user=0.01 sys=0.00, real=0.01 secs] 
2020-10-28T13:46:58.348+0000: [GC (Allocation Failure) 2020-10-28T13:46:58.348+0000: [ParNew: 34438K->6K(38720K), 0.0053409 secs] 1053634K->1019202K(1499884K), 0.0054066 secs] [Times: user=0.01 sys=0.00, real=0.00 secs] 
2020-10-28T13:46:58.390+0000: [GC (Allocation Failure) 2020-10-28T13:46:58.390+0000: [ParNew: 34438K->6K(38720K), 0.0054768 secs] 1053634K->1019202K(1499884K), 0.0055442 secs] [Times: user=0.00 sys=0.00, real=0.00 secs] 
2020-10-28T13:46:58.438+0000: [GC (Allocation Failure) 2020-10-28T13:46:58.438+0000: [ParNew: 34438K->4K(38720K), 0.0053674 secs] 1053634K->1019200K(1499884K), 0.0054341 secs] [Times: user=0.01 sys=0.00, real=0.01 secs] 
2020-10-28T13:46:58.480+0000: [GC (Allocation Failure) 2020-10-28T13:46:58.480+0000: [ParNew: 34436K->6K(38720K), 0.0054593 secs] 1053632K->1019202K(1499884K), 0.0055248 secs] [Times: user=0.01 sys=0.00, real=0.00 secs] 
2020-10-28T13:46:58.523+0000: [GC (Allocation Failure) 2020-10-28T13:46:58.523+0000: [ParNew: 34438K->6K(38720K), 0.0054637 secs] 1053634K->1019202K(1499884K), 0.0055297 secs] [Times: user=0.01 sys=0.00, real=0.01 secs] 
2020-10-28T13:46:58.565+0000: [GC (Allocation Failure) 2020-10-28T13:46:58.565+0000: [ParNew: 34438K->6K(38720K), 0.0054375 secs] 1053634K->1019202K(1499884K), 0.0055037 secs] [Times: user=0.01 sys=0.00, real=0.01 secs] 
2020-10-28T13:46:58.608+0000: [GC (Allocation Failure) 2020-10-28T13:46:58.608+0000: [ParNew: 34438K->4K(38720K), 0.0060859 secs] 1053634K->1019200K(1499884K), 0.0061533 secs] [Times: user=0.01 sys=0.00, real=0.00 secs] 
2020-10-28T13:46:58.654+0000: [GC (Allocation Failure) 2020-10-28T13:46:58.654+0000: [ParNew: 34436K->6K(38720K), 0.0053881 secs] 1053632K->1019202K(1499884K), 0.0054804 secs] [Times: user=0.01 sys=0.00, real=0.01 secs] 
2020-10-28T13:46:58.697+0000: [GC (Allocation Failure) 2020-10-28T13:46:58.697+0000: [ParNew: 34438K->6K(38720K), 0.0053698 secs] 1053634K->1019202K(1499884K), 0.0054342 secs] [Times: user=0.01 sys=0.00, real=0.01 secs] 
2020-10-28T13:46:58.744+0000: [GC (Allocation Failure) 2020-10-28T13:46:58.744+0000: [ParNew: 34438K->6K(38720K), 0.0054260 secs] 1053634K->1019202K(1499884K), 0.0054908 secs] [Times: user=0.01 sys=0.00, real=0.01 secs] 
2020-10-28T13:46:58.792+0000: [GC (Allocation Failure) 2020-10-28T13:46:58.792+0000: [ParNew: 34438K->6K(38720K), 0.0053747 secs] 1053634K->1019202K(1499884K), 0.0054520 secs] [Times: user=0.01 sys=0.00, real=0.00 secs] 
2020-10-28T13:46:58.838+0000: [GC (Allocation Failure) 2020-10-28T13:46:58.838+0000: [ParNew: 34438K->6K(38720K), 0.0053493 secs] 1053634K->1019202K(1499884K), 0.0054143 secs] [Times: user=0.01 sys=0.00, real=0.01 secs] 
2020-10-28T13:46:58.884+0000: [GC (Allocation Failure) 2020-10-28T13:46:58.884+0000: [ParNew: 34438K->6K(38720K), 0.0053444 secs] 1053634K->1019202K(1499884K), 0.0054101 secs] [Times: user=0.01 sys=0.00, real=0.01 secs] 
2020-10-28T13:46:58.950+0000: [GC (Allocation Failure) 2020-10-28T13:46:58.950+0000: [ParNew: 34438K->6K(38720K), 0.0085248 secs] 1053634K->1019202K(1499884K), 0.0085955 secs] [Times: user=0.01 sys=0.00, real=0.00 secs] 
2020-10-28T13:46:59.004+0000: [GC (Allocation Failure) 2020-10-28T13:46:59.004+0000: [ParNew: 34438K->6K(38720K), 0.0153979 secs] 1053634K->1019202K(1499884K), 0.0154759 secs] [Times: user=0.01 sys=0.00, real=0.01 secs] 
2020-10-28T13:46:59.066+0000: [GC (Allocation Failure) 2020-10-28T13:46:59.066+0000: [ParNew: 34438K->6K(38720K), 0.0117723 secs] 1053634K->1019202K(1499884K), 0.0118480 secs] [Times: user=0.02 sys=0.00, real=0.01 secs] 
2020-10-28T13:46:59.128+0000: [GC (Allocation Failure) 2020-10-28T13:46:59.128+0000: [ParNew: 34438K->6K(38720K), 0.0152626 secs] 1053634K->1019202K(1499884K), 0.0153548 secs] [Times: user=0.02 sys=0.00, real=0.01 secs] 
2020-10-28T13:46:59.184+0000: [GC (Allocation Failure) 2020-10-28T13:46:59.184+0000: [ParNew: 34438K->6K(38720K), 0.0053724 secs] 1053634K->1019202K(1499884K), 0.0054387 secs] [Times: user=0.01 sys=0.00, real=0.01 secs] 
2020-10-28T13:46:59.232+0000: [GC (Allocation Failure) 2020-10-28T13:46:59.232+0000: [ParNew: 34438K->6K(38720K), 0.0053252 secs] 1053634K->1019202K(1499884K), 0.0053905 secs] [Times: user=0.01 sys=0.00, real=0.00 secs] 
2020-10-28T13:46:59.275+0000: [GC (Allocation Failure) 2020-10-28T13:46:59.275+0000: [ParNew: 34438K->6K(38720K), 0.0055497 secs] 1053634K->1019202K(1499884K), 0.0056144 secs] [Times: user=0.01 sys=0.00, real=0.01 secs] 
2020-10-28T13:46:59.320+0000: [GC (Allocation Failure) 2020-10-28T13:46:59.320+0000: [ParNew: 34438K->6K(38720K), 0.0054201 secs] 1053634K->1019202K(1499884K), 0.0054879 secs] [Times: user=0.01 sys=0.00, real=0.00 secs] 
2020-10-28T13:46:59.362+0000: [GC (Allocation Failure) 2020-10-28T13:46:59.362+0000: [ParNew: 34438K->6K(38720K), 0.0053860 secs] 1053634K->1019202K(1499884K), 0.0054442 secs] [Times: user=0.01 sys=0.00, real=0.01 secs] 
2020-10-28T13:46:59.404+0000: [GC (Allocation Failure) 2020-10-28T13:46:59.404+0000: [ParNew: 34438K->6K(38720K), 0.0053389 secs] 1053634K->1019202K(1499884K), 0.0054047 secs] [Times: user=0.01 sys=0.00, real=0.01 secs] 
2020-10-28T13:46:59.452+0000: [GC (Allocation Failure) 2020-10-28T13:46:59.452+0000: [ParNew: 34438K->6K(38720K), 0.0053420 secs] 1053634K->1019202K(1499884K), 0.0054083 secs] [Times: user=0.01 sys=0.00, real=0.00 secs] 
2020-10-28T13:46:59.499+0000: [GC (Allocation Failure) 2020-10-28T13:46:59.499+0000: [ParNew: 34438K->6K(38720K), 0.0053978 secs] 1053634K->1019203K(1499884K), 0.0054632 secs] [Times: user=0.01 sys=0.00, real=0.01 secs] 
2020-10-28T13:46:59.548+0000: [GC (Allocation Failure) 2020-10-28T13:46:59.548+0000: [ParNew: 34438K->6K(38720K), 0.0053764 secs] 1053635K->1019203K(1499884K), 0.0054432 secs] [Times: user=0.01 sys=0.00, real=0.00 secs] 
2020-10-28T13:46:59.592+0000: [GC (Allocation Failure) 2020-10-28T13:46:59.592+0000: [ParNew: 34438K->6K(38720K), 0.0053542 secs] 1053635K->1019203K(1499884K), 0.0054193 secs] [Times: user=0.01 sys=0.00, real=0.00 secs] 
2020-10-28T13:46:59.634+0000: [GC (Allocation Failure) 2020-10-28T13:46:59.634+0000: [ParNew: 34438K->6K(38720K), 0.0053680 secs] 1053635K->1019203K(1499884K), 0.0054342 secs] [Times: user=0.01 sys=0.00, real=0.00 secs] 
2020-10-28T13:46:59.680+0000: [GC (Allocation Failure) 2020-10-28T13:46:59.680+0000: [ParNew: 34431K->6K(38720K), 0.0053694 secs] 1053628K->1019203K(1499884K), 0.0054365 secs] [Times: user=0.01 sys=0.00, real=0.00 secs] 
2020-10-28T13:46:59.726+0000: [GC (Allocation Failure) 2020-10-28T13:46:59.726+0000: [ParNew: 34438K->6K(38720K), 0.0054268 secs] 1053635K->1019203K(1499884K), 0.0055097 secs] [Times: user=0.01 sys=0.00, real=0.01 secs] 
2020-10-28T13:46:59.768+0000: [GC (Allocation Failure) 2020-10-28T13:46:59.768+0000: [ParNew: 34438K->6K(38720K), 0.0054593 secs] 1053635K->1019203K(1499884K), 0.0055313 secs] [Times: user=0.01 sys=0.00, real=0.00 secs] 
2020-10-28T13:46:59.814+0000: [GC (Allocation Failure) 2020-10-28T13:46:59.814+0000: [ParNew: 34438K->6K(38720K), 0.0054109 secs] 1053635K->1019203K(1499884K), 0.0054755 secs] [Times: user=0.01 sys=0.00, real=0.01 secs] 
2020-10-28T13:46:59.863+0000: [GC (Allocation Failure) 2020-10-28T13:46:59.863+0000: [ParNew: 34438K->4K(38720K), 0.0054053 secs] 1053635K->1019201K(1499884K), 0.0054721 secs] [Times: user=0.01 sys=0.00, real=0.01 secs] 
2020-10-28T13:46:59.909+0000: [GC (Allocation Failure) 2020-10-28T13:46:59.909+0000: [ParNew: 34436K->6K(38720K), 0.0053542 secs] 1053633K->1019203K(1499884K), 0.0054181 secs] [Times: user=0.01 sys=0.00, real=0.00 secs] 
2020-10-28T13:46:59.952+0000: [GC (Allocation Failure) 2020-10-28T13:46:59.952+0000: [ParNew: 34438K->4K(38720K), 0.0053579 secs] 1053635K->1019201K(1499884K), 0.0054222 secs] [Times: user=0.01 sys=0.00, real=0.00 secs] 
2020-10-28T13:47:00.004+0000: [GC (Allocation Failure) 2020-10-28T13:47:00.004+0000: [ParNew: 34436K->10K(38720K), 0.0054334 secs] 1053633K->1019207K(1499884K), 0.0055001 secs] [Times: user=0.01 sys=0.00, real=0.01 secs] 
2020-10-28T13:47:00.052+0000: [GC (Allocation Failure) 2020-10-28T13:47:00.052+0000: [ParNew: 34442K->15K(38720K), 0.0054135 secs] 1053639K->1019212K(1499884K), 0.0054804 secs] [Times: user=0.01 sys=0.00, real=0.00 secs] 
2020-10-28T13:47:00.103+0000: [GC (Allocation Failure) 2020-10-28T13:47:00.103+0000: [ParNew: 34447K->13K(38720K), 0.0053789 secs] 1053644K->1019210K(1499884K), 0.0054455 secs] [Times: user=0.02 sys=0.00, real=0.01 secs] 
2020-10-28T13:47:00.148+0000: [GC (Allocation Failure) 2020-10-28T13:47:00.148+0000: [ParNew: 34445K->14K(38720K), 0.0053919 secs] 1053642K->1019211K(1499884K), 0.0054581 secs] [Times: user=0.01 sys=0.00, real=0.00 secs] 
2020-10-28T13:47:00.190+0000: [GC (Allocation Failure) 2020-10-28T13:47:00.190+0000: [ParNew: 34446K->14K(38720K), 0.0054484 secs] 1053643K->1019211K(1499884K), 0.0055143 secs] [Times: user=0.02 sys=0.00, real=0.00 secs] 
2020-10-28T13:47:00.233+0000: [GC (Allocation Failure) 2020-10-28T13:47:00.233+0000: [ParNew: 34446K->13K(38720K), 0.0053646 secs] 1053643K->1019211K(1499884K), 0.0054289 secs] [Times: user=0.01 sys=0.00, real=0.00 secs] 
2020-10-28T13:47:00.281+0000: [GC (Allocation Failure) 2020-10-28T13:47:00.281+0000: [ParNew: 34445K->9K(38720K), 0.0054357 secs] 1053643K->1019212K(1499884K), 0.0055089 secs] [Times: user=0.01 sys=0.00, real=0.00 secs] 
2020-10-28T13:47:00.332+0000: [GC (Allocation Failure) 2020-10-28T13:47:00.332+0000: [ParNew: 34441K->6K(38720K), 0.0053910 secs] 1053644K->1019209K(1499884K), 0.0054588 secs] [Times: user=0.01 sys=0.00, real=0.00 secs] 
2020-10-28T13:47:00.374+0000: [GC (Allocation Failure) 2020-10-28T13:47:00.374+0000: [ParNew: 34438K->6K(38720K), 0.0055870 secs] 1053641K->1019209K(1499884K), 0.0056529 secs] [Times: user=0.01 sys=0.00, real=0.00 secs] 
2020-10-28T13:47:00.420+0000: [GC (Allocation Failure) 2020-10-28T13:47:00.420+0000: [ParNew: 34438K->6K(38720K), 0.0075666 secs] 1053641K->1019209K(1499884K), 0.0076346 secs] [Times: user=0.02 sys=0.00, real=0.00 secs] 
2020-10-28T13:47:00.468+0000: [GC (Allocation Failure) 2020-10-28T13:47:00.468+0000: [ParNew: 34438K->6K(38720K), 0.0053914 secs] 1053641K->1019209K(1499884K), 0.0054555 secs] [Times: user=0.01 sys=0.00, real=0.00 secs] 
2020-10-28T13:47:00.510+0000: [GC (Allocation Failure) 2020-10-28T13:47:00.510+0000: [ParNew: 34438K->6K(38720K), 0.0053420 secs] 1053641K->1019209K(1499884K), 0.0054210 secs] [Times: user=0.01 sys=0.00, real=0.00 secs] 
2020-10-28T13:47:00.556+0000: [GC (Allocation Failure) 2020-10-28T13:47:00.556+0000: [ParNew: 34438K->6K(38720K), 0.0053946 secs] 1053641K->1019209K(1499884K), 0.0054736 secs] [Times: user=0.01 sys=0.00, real=0.01 secs] 
2020-10-28T13:47:00.602+0000: [GC (Allocation Failure) 2020-10-28T13:47:00.602+0000: [ParNew: 34438K->6K(38720K), 0.0054284 secs] 1053641K->1019209K(1499884K), 0.0054973 secs] [Times: user=0.02 sys=0.00, real=0.00 secs] 
2020-10-28T13:47:00.650+0000: [GC (Allocation Failure) 2020-10-28T13:47:00.650+0000: [ParNew: 34438K->6K(38720K), 0.0054112 secs] 1053641K->1019209K(1499884K), 0.0054800 secs] [Times: user=0.01 sys=0.00, real=0.00 secs] 
2020-10-28T13:47:00.696+0000: [GC (Allocation Failure) 2020-10-28T13:47:00.696+0000: [ParNew: 34438K->6K(38720K), 0.0054808 secs] 1053641K->1019209K(1499884K), 0.0055502 secs] [Times: user=0.01 sys=0.00, real=0.01 secs] 
2020-10-28T13:47:00.744+0000: [GC (Allocation Failure) 2020-10-28T13:47:00.744+0000: [ParNew: 34438K->4K(38720K), 0.0054318 secs] 1053641K->1019207K(1499884K), 0.0054986 secs] [Times: user=0.01 sys=0.00, real=0.01 secs] 
2020-10-28T13:47:00.788+0000: [GC (Allocation Failure) 2020-10-28T13:47:00.788+0000: [ParNew: 34436K->4K(38720K), 0.0053896 secs] 1053639K->1019207K(1499884K), 0.0054544 secs] [Times: user=0.02 sys=0.00, real=0.00 secs] 
2020-10-28T13:47:00.834+0000: [GC (Allocation Failure) 2020-10-28T13:47:00.834+0000: [ParNew: 34436K->6K(38720K), 0.0054108 secs] 1053639K->1019209K(1499884K), 0.0054789 secs] [Times: user=0.01 sys=0.00, real=0.00 secs] 
2020-10-28T13:47:00.876+0000: [GC (Allocation Failure) 2020-10-28T13:47:00.876+0000: [ParNew: 34431K->6K(38720K), 0.0055235 secs] 1053634K->1019209K(1499884K), 0.0055908 secs] [Times: user=0.01 sys=0.00, real=0.01 secs] 
2020-10-28T13:47:00.918+0000: [GC (Allocation Failure) 2020-10-28T13:47:00.918+0000: [ParNew: 34438K->6K(38720K), 0.0054051 secs] 1053641K->1019209K(1499884K), 0.0054704 secs] [Times: user=0.01 sys=0.00, real=0.01 secs] 
2020-10-28T13:47:00.960+0000: [GC (Allocation Failure) 2020-10-28T13:47:00.960+0000: [ParNew: 34438K->6K(38720K), 0.0053554 secs] 1053641K->1019209K(1499884K), 0.0054198 secs] [Times: user=0.01 sys=0.00, real=0.00 secs] 
2020-10-28T13:47:01.002+0000: [GC (Allocation Failure) 2020-10-28T13:47:01.003+0000: [ParNew: 34438K->6K(38720K), 0.0054380 secs] 1053641K->1019209K(1499884K), 0.0055062 secs] [Times: user=0.01 sys=0.00, real=0.01 secs] 
2020-10-28T13:47:01.045+0000: [GC (Allocation Failure) 2020-10-28T13:47:01.045+0000: [ParNew: 34438K->6K(38720K), 0.0053385 secs] 1053641K->1019209K(1499884K), 0.0054034 secs] [Times: user=0.01 sys=0.00, real=0.01 secs] 
2020-10-28T13:47:01.087+0000: [GC (Allocation Failure) 2020-10-28T13:47:01.087+0000: [ParNew: 34438K->6K(38720K), 0.0053756 secs] 1053641K->1019209K(1499884K), 0.0054414 secs] [Times: user=0.01 sys=0.00, real=0.01 secs] 
2020-10-28T13:47:01.136+0000: [GC (Allocation Failure) 2020-10-28T13:47:01.136+0000: [ParNew: 34438K->6K(38720K), 0.0054547 secs] 1053641K->1019209K(1499884K), 0.0055227 secs] [Times: user=0.01 sys=0.00, real=0.01 secs] 
2020-10-28T13:47:01.183+0000: [GC (Allocation Failure) 2020-10-28T13:47:01.183+0000: [ParNew: 34438K->6K(38720K), 0.0055100 secs] 1053641K->1019209K(1499884K), 0.0055768 secs] [Times: user=0.01 sys=0.00, real=0.01 secs] 
2020-10-28T13:47:01.230+0000: [GC (Allocation Failure) 2020-10-28T13:47:01.230+0000: [ParNew: 34438K->6K(38720K), 0.0054500 secs] 1053641K->1019209K(1499884K), 0.0055148 secs] [Times: user=0.01 sys=0.00, real=0.00 secs] 
2020-10-28T13:47:01.279+0000: [GC (Allocation Failure) 2020-10-28T13:47:01.279+0000: [ParNew: 34438K->6K(38720K), 0.0054156 secs] 1053641K->1019209K(1499884K), 0.0054830 secs] [Times: user=0.01 sys=0.00, real=0.01 secs] 
2020-10-28T13:47:01.321+0000: [GC (Allocation Failure) 2020-10-28T13:47:01.321+0000: [ParNew: 34438K->4K(38720K), 0.0053727 secs] 1053641K->1019207K(1499884K), 0.0054387 secs] [Times: user=0.01 sys=0.00, real=0.00 secs] 
2020-10-28T13:47:01.367+0000: [GC (Allocation Failure) 2020-10-28T13:47:01.367+0000: [ParNew: 34436K->4K(38720K), 0.0054012 secs] 1053639K->1019207K(1499884K), 0.0054685 secs] [Times: user=0.01 sys=0.00, real=0.01 secs] 
2020-10-28T13:47:01.408+0000: [GC (Allocation Failure) 2020-10-28T13:47:01.409+0000: [ParNew: 34436K->6K(38720K), 0.0054168 secs] 1053639K->1019209K(1499884K), 0.0054981 secs] [Times: user=0.01 sys=0.00, real=0.00 secs] 
2020-10-28T13:47:01.452+0000: [GC (Allocation Failure) 2020-10-28T13:47:01.452+0000: [ParNew: 34438K->6K(38720K), 0.0053648 secs] 1053641K->1019209K(1499884K), 0.0054320 secs] [Times: user=0.01 sys=0.00, real=0.00 secs] 
2020-10-28T13:47:01.499+0000: [GC (Allocation Failure) 2020-10-28T13:47:01.499+0000: [ParNew: 34438K->6K(38720K), 0.0054612 secs] 1053641K->1019209K(1499884K), 0.0055577 secs] [Times: user=0.01 sys=0.00, real=0.01 secs] 
2020-10-28T13:47:01.546+0000: [GC (Allocation Failure) 2020-10-28T13:47:01.546+0000: [ParNew: 34438K->6K(38720K), 0.0054217 secs] 1053641K->1019209K(1499884K), 0.0054910 secs] [Times: user=0.02 sys=0.00, real=0.01 secs] 
2020-10-28T13:47:01.588+0000: [GC (Allocation Failure) 2020-10-28T13:47:01.588+0000: [ParNew: 34438K->6K(38720K), 0.0053780 secs] 1053641K->1019209K(1499884K), 0.0054450 secs] [Times: user=0.01 sys=0.00, real=0.00 secs] 
2020-10-28T13:47:01.630+0000: [GC (Allocation Failure) 2020-10-28T13:47:01.630+0000: [ParNew: 34438K->6K(38720K), 0.0054470 secs] 1053641K->1019209K(1499884K), 0.0055141 secs] [Times: user=0.01 sys=0.00, real=0.00 secs] 
2020-10-28T13:47:01.675+0000: [GC (Allocation Failure) 2020-10-28T13:47:01.675+0000: [ParNew: 34438K->6K(38720K), 0.0054529 secs] 1053641K->1019209K(1499884K), 0.0055477 secs] [Times: user=0.01 sys=0.00, real=0.01 secs] 
2020-10-28T13:47:01.720+0000: [GC (Allocation Failure) 2020-10-28T13:47:01.720+0000: [ParNew: 34438K->6K(38720K), 0.0053436 secs] 1053641K->1019209K(1499884K), 0.0054084 secs] [Times: user=0.01 sys=0.00, real=0.00 secs] 
2020-10-28T13:47:01.762+0000: [GC (Allocation Failure) 2020-10-28T13:47:01.762+0000: [ParNew: 34438K->6K(38720K), 0.0053768 secs] 1053641K->1019209K(1499884K), 0.0054413 secs] [Times: user=0.01 sys=0.00, real=0.00 secs] 
2020-10-28T13:47:01.803+0000: [GC (Allocation Failure) 2020-10-28T13:47:01.804+0000: [ParNew: 34438K->6K(38720K), 0.0077333 secs] 1053641K->1019209K(1499884K), 0.0078012 secs] [Times: user=0.01 sys=0.00, real=0.01 secs] 
2020-10-28T13:47:01.848+0000: [GC (Allocation Failure) 2020-10-28T13:47:01.848+0000: [ParNew: 34438K->6K(38720K), 0.0053559 secs] 1053641K->1019209K(1499884K), 0.0054221 secs] [Times: user=0.01 sys=0.00, real=0.00 secs] 
2020-10-28T13:47:01.894+0000: [GC (Allocation Failure) 2020-10-28T13:47:01.894+0000: [ParNew: 34438K->6K(38720K), 0.0053592 secs] 1053641K->1019209K(1499884K), 0.0054242 secs] [Times: user=0.02 sys=0.00, real=0.01 secs] 
2020-10-28T13:47:01.938+0000: [GC (Allocation Failure) 2020-10-28T13:47:01.938+0000: [ParNew: 34438K->6K(38720K), 0.0062257 secs] 1053641K->1019209K(1499884K), 0.0062935 secs] [Times: user=0.01 sys=0.00, real=0.01 secs] 
2020-10-28T13:47:01.986+0000: [GC (Allocation Failure) 2020-10-28T13:47:01.986+0000: [ParNew: 34438K->6K(38720K), 0.0054315 secs] 1053641K->1019209K(1499884K), 0.0054983 secs] [Times: user=0.01 sys=0.00, real=0.01 secs] 
2020-10-28T13:47:02.032+0000: [GC (Allocation Failure) 2020-10-28T13:47:02.032+0000: [ParNew: 34438K->6K(38720K), 0.0053723 secs] 1053641K->1019209K(1499884K), 0.0054400 secs] [Times: user=0.01 sys=0.00, real=0.00 secs] 
2020-10-28T13:47:02.074+0000: [GC (Allocation Failure) 2020-10-28T13:47:02.074+0000: [ParNew: 34438K->6K(38720K), 0.0054037 secs] 1053641K->1019209K(1499884K), 0.0054684 secs] [Times: user=0.01 sys=0.00, real=0.00 secs] 
2020-10-28T13:47:02.120+0000: [GC (Allocation Failure) 2020-10-28T13:47:02.120+0000: [ParNew: 34438K->6K(38720K), 0.0053355 secs] 1053641K->1019209K(1499884K), 0.0053982 secs] [Times: user=0.01 sys=0.00, real=0.00 secs] 
2020-10-28T13:47:02.168+0000: [GC (Allocation Failure) 2020-10-28T13:47:02.168+0000: [ParNew: 34438K->4K(38720K), 0.0053693 secs] 1053641K->1019207K(1499884K), 0.0054351 secs] [Times: user=0.01 sys=0.00, real=0.00 secs] 
2020-10-28T13:47:02.210+0000: [GC (Allocation Failure) 2020-10-28T13:47:02.210+0000: [ParNew: 34436K->6K(38720K), 0.0053738 secs] 1053639K->1019209K(1499884K), 0.0054392 secs] [Times: user=0.01 sys=0.00, real=0.00 secs] 
2020-10-28T13:47:02.260+0000: [GC (Allocation Failure) 2020-10-28T13:47:02.260+0000: [ParNew: 34438K->6K(38720K), 0.0055039 secs] 1053641K->1019209K(1499884K), 0.0055673 secs] [Times: user=0.01 sys=0.00, real=0.00 secs] 
2020-10-28T13:47:02.302+0000: [GC (Allocation Failure) 2020-10-28T13:47:02.302+0000: [ParNew: 34438K->6K(38720K), 0.0054106 secs] 1053641K->1019209K(1499884K), 0.0054777 secs] [Times: user=0.01 sys=0.00, real=0.01 secs] 
2020-10-28T13:47:02.348+0000: [GC (Allocation Failure) 2020-10-28T13:47:02.348+0000: [ParNew: 34438K->6K(38720K), 0.0053724 secs] 1053641K->1019209K(1499884K), 0.0054399 secs] [Times: user=0.01 sys=0.00, real=0.00 secs] 
2020-10-28T13:47:02.394+0000: [GC (Allocation Failure) 2020-10-28T13:47:02.394+0000: [ParNew: 34438K->6K(38720K), 0.0053562 secs] 1053641K->1019209K(1499884K), 0.0054225 secs] [Times: user=0.01 sys=0.00, real=0.00 secs] 
2020-10-28T13:47:02.436+0000: [GC (Allocation Failure) 2020-10-28T13:47:02.436+0000: [ParNew: 34438K->4K(38720K), 0.0053781 secs] 1053641K->1019207K(1499884K), 0.0054486 secs] [Times: user=0.01 sys=0.00, real=0.01 secs] 
2020-10-28T13:47:02.478+0000: [GC (Allocation Failure) 2020-10-28T13:47:02.478+0000: [ParNew: 34436K->6K(38720K), 0.0054284 secs] 1053639K->1019209K(1499884K), 0.0054951 secs] [Times: user=0.01 sys=0.00, real=0.01 secs] 
2020-10-28T13:47:02.520+0000: [GC (Allocation Failure) 2020-10-28T13:47:02.520+0000: [ParNew: 34438K->6K(38720K), 0.0053703 secs] 1053641K->1019209K(1499884K), 0.0054363 secs] [Times: user=0.01 sys=0.00, real=0.00 secs] 
2020-10-28T13:47:02.567+0000: [GC (Allocation Failure) 2020-10-28T13:47:02.567+0000: [ParNew: 34438K->6K(38720K), 0.0053581 secs] 1053641K->1019209K(1499884K), 0.0054255 secs] [Times: user=0.01 sys=0.00, real=0.01 secs] 
2020-10-28T13:47:02.613+0000: [GC (Allocation Failure) 2020-10-28T13:47:02.613+0000: [ParNew: 34438K->6K(38720K), 0.0053735 secs] 1053641K->1019209K(1499884K), 0.0054414 secs] [Times: user=0.01 sys=0.00, real=0.00 secs] 
2020-10-28T13:47:02.660+0000: [GC (Allocation Failure) 2020-10-28T13:47:02.660+0000: [ParNew: 34438K->6K(38720K), 0.0053525 secs] 1053641K->1019209K(1499884K), 0.0054173 secs] [Times: user=0.01 sys=0.00, real=0.00 secs] 
2020-10-28T13:47:02.706+0000: [GC (Allocation Failure) 2020-10-28T13:47:02.706+0000: [ParNew: 34438K->6K(38720K), 0.0054641 secs] 1053641K->1019209K(1499884K), 0.0055314 secs] [Times: user=0.00 sys=0.01, real=0.01 secs] 
2020-10-28T13:47:02.752+0000: [GC (Allocation Failure) 2020-10-28T13:47:02.752+0000: [ParNew: 34438K->6K(38720K), 0.0055681 secs] 1053641K->1019209K(1499884K), 0.0056368 secs] [Times: user=0.02 sys=0.00, real=0.00 secs] 
2020-10-28T13:47:02.795+0000: [GC (Allocation Failure) 2020-10-28T13:47:02.795+0000: [ParNew: 34438K->6K(38720K), 0.0054699 secs] 1053641K->1019209K(1499884K), 0.0055510 secs] [Times: user=0.01 sys=0.00, real=0.01 secs] 
2020-10-28T13:47:02.843+0000: [GC (Allocation Failure) 2020-10-28T13:47:02.844+0000: [ParNew: 34438K->6K(38720K), 0.0076322 secs] 1053641K->1019209K(1499884K), 0.0076969 secs] [Times: user=0.01 sys=0.00, real=0.01 secs] 
2020-10-28T13:47:02.891+0000: [GC (Allocation Failure) 2020-10-28T13:47:02.891+0000: [ParNew: 34438K->4K(38720K), 0.0054791 secs] 1053641K->1019207K(1499884K), 0.0055446 secs] [Times: user=0.01 sys=0.00, real=0.00 secs] 
2020-10-28T13:47:02.934+0000: [GC (Allocation Failure) 2020-10-28T13:47:02.934+0000: [ParNew: 34436K->6K(38720K), 0.0053721 secs] 1053639K->1019209K(1499884K), 0.0054381 secs] [Times: user=0.01 sys=0.00, real=0.01 secs] 
2020-10-28T13:47:02.991+0000: [GC (Allocation Failure) 2020-10-28T13:47:02.991+0000: [ParNew: 34438K->4K(38720K), 0.0055280 secs] 1053641K->1019207K(1499884K), 0.0055959 secs] [Times: user=0.01 sys=0.00, real=0.00 secs] 
2020-10-28T13:47:03.036+0000: [GC (Allocation Failure) 2020-10-28T13:47:03.036+0000: [ParNew: 34436K->6K(38720K), 0.0053778 secs] 1053639K->1019209K(1499884K), 0.0054442 secs] [Times: user=0.01 sys=0.00, real=0.01 secs] 
2020-10-28T13:47:03.080+0000: [GC (Allocation Failure) 2020-10-28T13:47:03.080+0000: [ParNew: 34438K->6K(38720K), 0.0054072 secs] 1053641K->1019209K(1499884K), 0.0054728 secs] [Times: user=0.01 sys=0.00, real=0.00 secs] 
2020-10-28T13:47:03.124+0000: [GC (Allocation Failure) 2020-10-28T13:47:03.124+0000: [ParNew: 34438K->6K(38720K), 0.0053924 secs] 1053641K->1019209K(1499884K), 0.0054600 secs] [Times: user=0.02 sys=0.00, real=0.01 secs] 
2020-10-28T13:47:03.169+0000: [GC (Allocation Failure) 2020-10-28T13:47:03.169+0000: [ParNew: 34438K->6K(38720K), 0.0053985 secs] 1053641K->1019209K(1499884K), 0.0054668 secs] [Times: user=0.01 sys=0.00, real=0.00 secs] 
2020-10-28T13:47:03.212+0000: [GC (Allocation Failure) 2020-10-28T13:47:03.212+0000: [ParNew: 34438K->6K(38720K), 0.0054133 secs] 1053641K->1019209K(1499884K), 0.0054913 secs] [Times: user=0.01 sys=0.00, real=0.00 secs] 
2020-10-28T13:47:03.264+0000: [GC (Allocation Failure) 2020-10-28T13:47:03.264+0000: [ParNew: 34438K->6K(38720K), 0.0056327 secs] 1053641K->1019209K(1499884K), 0.0057057 secs] [Times: user=0.01 sys=0.00, real=0.01 secs] 
2020-10-28T13:47:03.315+0000: [GC (Allocation Failure) 2020-10-28T13:47:03.315+0000: [ParNew: 34438K->6K(38720K), 0.0054444 secs] 1053641K->1019209K(1499884K), 0.0055145 secs] [Times: user=0.01 sys=0.00, real=0.01 secs] 
2020-10-28T13:47:03.358+0000: [GC (Allocation Failure) 2020-10-28T13:47:03.358+0000: [ParNew: 34438K->6K(38720K), 0.0054841 secs] 1053641K->1019209K(1499884K), 0.0055502 secs] [Times: user=0.01 sys=0.00, real=0.01 secs] 
2020-10-28T13:47:03.400+0000: [GC (Allocation Failure) 2020-10-28T13:47:03.400+0000: [ParNew: 34438K->6K(38720K), 0.0054105 secs] 1053641K->1019209K(1499884K), 0.0054790 secs] [Times: user=0.01 sys=0.00, real=0.00 secs] 
2020-10-28T13:47:03.446+0000: [GC (Allocation Failure) 2020-10-28T13:47:03.446+0000: [ParNew: 34438K->6K(38720K), 0.0053868 secs] 1053641K->1019209K(1499884K), 0.0054534 secs] [Times: user=0.01 sys=0.00, real=0.01 secs] 
2020-10-28T13:47:03.488+0000: [GC (Allocation Failure) 2020-10-28T13:47:03.488+0000: [ParNew: 34438K->4K(38720K), 0.0055717 secs] 1053641K->1019207K(1499884K), 0.0056421 secs] [Times: user=0.02 sys=0.00, real=0.00 secs] 
2020-10-28T13:47:03.532+0000: [GC (Allocation Failure) 2020-10-28T13:47:03.532+0000: [ParNew: 34436K->6K(38720K), 0.0055258 secs] 1053639K->1019209K(1499884K), 0.0055954 secs] [Times: user=0.01 sys=0.00, real=0.00 secs] 
2020-10-28T13:47:03.580+0000: [GC (Allocation Failure) 2020-10-28T13:47:03.580+0000: [ParNew: 34438K->4K(38720K), 0.0054140 secs] 1053641K->1019207K(1499884K), 0.0054806 secs] [Times: user=0.01 sys=0.00, real=0.00 secs] 
2020-10-28T13:47:03.622+0000: [GC (Allocation Failure) 2020-10-28T13:47:03.622+0000: [ParNew: 34436K->6K(38720K), 0.0055192 secs] 1053639K->1019209K(1499884K), 0.0055886 secs] [Times: user=0.01 sys=0.00, real=0.01 secs] 
2020-10-28T13:47:03.665+0000: [GC (Allocation Failure) 2020-10-28T13:47:03.665+0000: [ParNew: 34438K->6K(38720K), 0.0054278 secs] 1053641K->1019209K(1499884K), 0.0054953 secs] [Times: user=0.01 sys=0.00, real=0.01 secs] 
2020-10-28T13:47:03.707+0000: [GC (Allocation Failure) 2020-10-28T13:47:03.707+0000: [ParNew: 34438K->6K(38720K), 0.0055962 secs] 1053641K->1019209K(1499884K), 0.0056685 secs] [Times: user=0.01 sys=0.00, real=0.01 secs] 
2020-10-28T13:47:03.752+0000: [GC (Allocation Failure) 2020-10-28T13:47:03.752+0000: [ParNew: 34438K->6K(38720K), 0.0053793 secs] 1053641K->1019209K(1499884K), 0.0054467 secs] [Times: user=0.02 sys=0.00, real=0.00 secs] 
2020-10-28T13:47:03.796+0000: [GC (Allocation Failure) 2020-10-28T13:47:03.796+0000: [ParNew: 34438K->6K(38720K), 0.0054361 secs] 1053641K->1019209K(1499884K), 0.0055036 secs] [Times: user=0.01 sys=0.00, real=0.01 secs] 
2020-10-28T13:47:03.842+0000: [GC (Allocation Failure) 2020-10-28T13:47:03.842+0000: [ParNew: 34438K->6K(38720K), 0.0054314 secs] 1053641K->1019209K(1499884K), 0.0054987 secs] [Times: user=0.02 sys=0.00, real=0.00 secs] 
2020-10-28T13:47:03.884+0000: [GC (Allocation Failure) 2020-10-28T13:47:03.884+0000: [ParNew: 34438K->6K(38720K), 0.0054860 secs] 1053641K->1019209K(1499884K), 0.0055563 secs] [Times: user=0.02 sys=0.00, real=0.01 secs] 
2020-10-28T13:47:03.931+0000: [GC (Allocation Failure) 2020-10-28T13:47:03.931+0000: [ParNew: 34438K->6K(38720K), 0.0053882 secs] 1053641K->1019209K(1499884K), 0.0054564 secs] [Times: user=0.01 sys=0.00, real=0.00 secs] 
2020-10-28T13:47:03.973+0000: [GC (Allocation Failure) 2020-10-28T13:47:03.973+0000: [ParNew: 34438K->4K(38720K), 0.0056146 secs] 1053641K->1019207K(1499884K), 0.0056847 secs] [Times: user=0.01 sys=0.00, real=0.00 secs] 
2020-10-28T13:47:04.020+0000: [GC (Allocation Failure) 2020-10-28T13:47:04.020+0000: [ParNew: 34436K->6K(38720K), 0.0054774 secs] 1053639K->1019209K(1499884K), 0.0055505 secs] [Times: user=0.01 sys=0.00, real=0.00 secs] 
2020-10-28T13:47:04.066+0000: [GC (Allocation Failure) 2020-10-28T13:47:04.066+0000: [ParNew: 34438K->4K(38720K), 0.0053578 secs] 1053641K->1019207K(1499884K), 0.0054236 secs] [Times: user=0.01 sys=0.00, real=0.01 secs] 
2020-10-28T13:47:04.112+0000: [GC (Allocation Failure) 2020-10-28T13:47:04.112+0000: [ParNew: 34436K->6K(38720K), 0.0053703 secs] 1053639K->1019209K(1499884K), 0.0054368 secs] [Times: user=0.01 sys=0.00, real=0.00 secs] 
2020-10-28T13:47:04.154+0000: [GC (Allocation Failure) 2020-10-28T13:47:04.154+0000: [ParNew: 34438K->6K(38720K), 0.0053840 secs] 1053641K->1019209K(1499884K), 0.0054500 secs] [Times: user=0.01 sys=0.00, real=0.00 secs] 
2020-10-28T13:47:04.198+0000: [GC (Allocation Failure) 2020-10-28T13:47:04.198+0000: [ParNew: 34438K->6K(38720K), 0.0053978 secs] 1053641K->1019209K(1499884K), 0.0054628 secs] [Times: user=0.01 sys=0.00, real=0.01 secs] 
2020-10-28T13:47:04.242+0000: [GC (Allocation Failure) 2020-10-28T13:47:04.242+0000: [ParNew: 34438K->4K(38720K), 0.0053733 secs] 1053641K->1019207K(1499884K), 0.0054414 secs] [Times: user=0.01 sys=0.00, real=0.00 secs] 
2020-10-28T13:47:04.290+0000: [GC (Allocation Failure) 2020-10-28T13:47:04.290+0000: [ParNew: 34436K->6K(38720K), 0.0053537 secs] 1053639K->1019209K(1499884K), 0.0054208 secs] [Times: user=0.01 sys=0.00, real=0.00 secs] 
2020-10-28T13:47:04.338+0000: [GC (Allocation Failure) 2020-10-28T13:47:04.338+0000: [ParNew: 34438K->6K(38720K), 0.0053956 secs] 1053641K->1019209K(1499884K), 0.0054636 secs] [Times: user=0.01 sys=0.00, real=0.01 secs] 
2020-10-28T13:47:04.387+0000: [GC (Allocation Failure) 2020-10-28T13:47:04.387+0000: [ParNew: 34438K->4K(38720K), 0.0053656 secs] 1053641K->1019207K(1499884K), 0.0054469 secs] [Times: user=0.00 sys=0.01, real=0.01 secs] 
2020-10-28T13:47:04.435+0000: [GC (Allocation Failure) 2020-10-28T13:47:04.435+0000: [ParNew: 34436K->6K(38720K), 0.0054102 secs] 1053639K->1019209K(1499884K), 0.0054766 secs] [Times: user=0.01 sys=0.00, real=0.01 secs] 
2020-10-28T13:47:04.483+0000: [GC (Allocation Failure) 2020-10-28T13:47:04.483+0000: [ParNew: 34438K->6K(38720K), 0.0053604 secs] 1053641K->1019209K(1499884K), 0.0054262 secs] [Times: user=0.01 sys=0.00, real=0.01 secs] 
2020-10-28T13:47:04.525+0000: [GC (Allocation Failure) 2020-10-28T13:47:04.525+0000: [ParNew: 34438K->6K(38720K), 0.0053876 secs] 1053641K->1019209K(1499884K), 0.0054543 secs] [Times: user=0.01 sys=0.00, real=0.01 secs] 
2020-10-28T13:47:04.571+0000: [GC (Allocation Failure) 2020-10-28T13:47:04.571+0000: [ParNew: 34438K->6K(38720K), 0.0053687 secs] 1053641K->1019210K(1499884K), 0.0054338 secs] [Times: user=0.01 sys=0.00, real=0.00 secs] 
2020-10-28T13:47:04.619+0000: [GC (Allocation Failure) 2020-10-28T13:47:04.619+0000: [ParNew: 34438K->6K(38720K), 0.0053595 secs] 1053642K->1019210K(1499884K), 0.0054249 secs] [Times: user=0.01 sys=0.00, real=0.01 secs] 
2020-10-28T13:47:04.664+0000: [GC (Allocation Failure) 2020-10-28T13:47:04.664+0000: [ParNew: 34438K->4K(38720K), 0.0053627 secs] 1053642K->1019208K(1499884K), 0.0054374 secs] [Times: user=0.01 sys=0.00, real=0.01 secs] 
2020-10-28T13:47:04.706+0000: [GC (Allocation Failure) 2020-10-28T13:47:04.706+0000: [ParNew: 34436K->6K(38720K), 0.0053996 secs] 1053640K->1019210K(1499884K), 0.0054661 secs] [Times: user=0.01 sys=0.00, real=0.01 secs] 
2020-10-28T13:47:04.756+0000: [GC (Allocation Failure) 2020-10-28T13:47:04.756+0000: [ParNew: 34438K->6K(38720K), 0.0054966 secs] 1053642K->1019210K(1499884K), 0.0055648 secs] [Times: user=0.01 sys=0.00, real=0.01 secs] 
2020-10-28T13:47:04.807+0000: [GC (Allocation Failure) 2020-10-28T13:47:04.807+0000: [ParNew: 34438K->6K(38720K), 0.0053717 secs] 1053642K->1019210K(1499884K), 0.0054372 secs] [Times: user=0.01 sys=0.00, real=0.01 secs] 
2020-10-28T13:47:04.854+0000: [GC (Allocation Failure) 2020-10-28T13:47:04.854+0000: [ParNew: 34438K->6K(38720K), 0.0095542 secs] 1053642K->1019210K(1499884K), 0.0096343 secs] [Times: user=0.01 sys=0.00, real=0.01 secs] 
2020-10-28T13:47:04.904+0000: [GC (Allocation Failure) 2020-10-28T13:47:04.904+0000: [ParNew: 34438K->4K(38720K), 0.0053692 secs] 1053642K->1019208K(1499884K), 0.0054368 secs] [Times: user=0.01 sys=0.00, real=0.01 secs] 
2020-10-28T13:47:04.946+0000: [GC (Allocation Failure) 2020-10-28T13:47:04.946+0000: [ParNew: 34436K->6K(38720K), 0.0073373 secs] 1053640K->1019210K(1499884K), 0.0074045 secs] [Times: user=0.01 sys=0.00, real=0.01 secs] 
2020-10-28T13:47:04.990+0000: [GC (Allocation Failure) 2020-10-28T13:47:04.990+0000: [ParNew: 34438K->4K(38720K), 0.0054478 secs] 1053642K->1019208K(1499884K), 0.0055143 secs] [Times: user=0.01 sys=0.00, real=0.00 secs] 
2020-10-28T13:47:05.036+0000: [GC (Allocation Failure) 2020-10-28T13:47:05.036+0000: [ParNew: 34436K->4K(38720K), 0.0054058 secs] 1053640K->1019208K(1499884K), 0.0054726 secs] [Times: user=0.01 sys=0.00, real=0.01 secs] 
2020-10-28T13:47:05.090+0000: [GC (Allocation Failure) 2020-10-28T13:47:05.091+0000: [ParNew: 34436K->4K(38720K), 0.0054694 secs] 1053640K->1019208K(1499884K), 0.0055341 secs] [Times: user=0.01 sys=0.00, real=0.00 secs] 
2020-10-28T13:47:05.144+0000: [GC (Allocation Failure) 2020-10-28T13:47:05.144+0000: [ParNew: 34436K->6K(38720K), 0.0054887 secs] 1053640K->1019210K(1499884K), 0.0055572 secs] [Times: user=0.01 sys=0.00, real=0.01 secs] 
2020-10-28T13:47:05.188+0000: [GC (Allocation Failure) 2020-10-28T13:47:05.188+0000: [ParNew: 34438K->6K(38720K), 0.0055453 secs] 1053642K->1019210K(1499884K), 0.0056148 secs] [Times: user=0.01 sys=0.00, real=0.00 secs] 
2020-10-28T13:47:05.236+0000: [GC (Allocation Failure) 2020-10-28T13:47:05.236+0000: [ParNew: 34438K->6K(38720K), 0.0073082 secs] 1053642K->1019210K(1499884K), 0.0073781 secs] [Times: user=0.01 sys=0.00, real=0.01 secs] 
2020-10-28T13:47:05.284+0000: [GC (Allocation Failure) 2020-10-28T13:47:05.284+0000: [ParNew: 34438K->6K(38720K), 0.0054234 secs] 1053642K->1019210K(1499884K), 0.0054898 secs] [Times: user=0.01 sys=0.00, real=0.01 secs] 
2020-10-28T13:47:05.326+0000: [GC (Allocation Failure) 2020-10-28T13:47:05.326+0000: [ParNew: 34438K->6K(38720K), 0.0053982 secs] 1053642K->1019210K(1499884K), 0.0054653 secs] [Times: user=0.01 sys=0.00, real=0.01 secs] 
2020-10-28T13:47:05.372+0000: [GC (Allocation Failure) 2020-10-28T13:47:05.372+0000: [ParNew: 34438K->6K(38720K), 0.0053669 secs] 1053642K->1019210K(1499884K), 0.0054311 secs] [Times: user=0.01 sys=0.00, real=0.00 secs] 
2020-10-28T13:47:05.418+0000: [GC (Allocation Failure) 2020-10-28T13:47:05.418+0000: [ParNew: 34438K->6K(38720K), 0.0053642 secs] 1053642K->1019210K(1499884K), 0.0054299 secs] [Times: user=0.01 sys=0.00, real=0.01 secs] 
2020-10-28T13:47:05.468+0000: [GC (Allocation Failure) 2020-10-28T13:47:05.468+0000: [ParNew: 34438K->6K(38720K), 0.0053692 secs] 1053642K->1019210K(1499884K), 0.0054385 secs] [Times: user=0.01 sys=0.00, real=0.00 secs] 
2020-10-28T13:47:05.510+0000: [GC (Allocation Failure) 2020-10-28T13:47:05.510+0000: [ParNew: 34438K->6K(38720K), 0.0054801 secs] 1053642K->1019210K(1499884K), 0.0055456 secs] [Times: user=0.01 sys=0.00, real=0.00 secs] 
2020-10-28T13:47:05.556+0000: [GC (Allocation Failure) 2020-10-28T13:47:05.556+0000: [ParNew: 34438K->6K(38720K), 0.0054650 secs] 1053642K->1019210K(1499884K), 0.0055351 secs] [Times: user=0.01 sys=0.00, real=0.01 secs] 
2020-10-28T13:47:05.602+0000: [GC (Allocation Failure) 2020-10-28T13:47:05.602+0000: [ParNew: 34438K->6K(38720K), 0.0055518 secs] 1053642K->1019210K(1499884K), 0.0056236 secs] [Times: user=0.01 sys=0.00, real=0.01 secs] 
2020-10-28T13:47:05.648+0000: [GC (Allocation Failure) 2020-10-28T13:47:05.648+0000: [ParNew: 34438K->6K(38720K), 0.0054268 secs] 1053642K->1019210K(1499884K), 0.0054955 secs] [Times: user=0.01 sys=0.00, real=0.00 secs] 
2020-10-28T13:47:05.695+0000: [GC (Allocation Failure) 2020-10-28T13:47:05.695+0000: [ParNew: 34438K->6K(38720K), 0.0054726 secs] 1053642K->1019210K(1499884K), 0.0055410 secs] [Times: user=0.01 sys=0.00, real=0.01 secs] 
2020-10-28T13:47:05.740+0000: [GC (Allocation Failure) 2020-10-28T13:47:05.740+0000: [ParNew: 34438K->6K(38720K), 0.0053924 secs] 1053642K->1019210K(1499884K), 0.0054584 secs] [Times: user=0.01 sys=0.00, real=0.00 secs] 
2020-10-28T13:47:05.782+0000: [GC (Allocation Failure) 2020-10-28T13:47:05.782+0000: [ParNew: 34438K->6K(38720K), 0.0053355 secs] 1053642K->1019210K(1499884K), 0.0054002 secs] [Times: user=0.01 sys=0.00, real=0.00 secs] 
2020-10-28T13:47:05.824+0000: [GC (Allocation Failure) 2020-10-28T13:47:05.824+0000: [ParNew: 34438K->6K(38720K), 0.0053684 secs] 1053642K->1019210K(1499884K), 0.0054338 secs] [Times: user=0.01 sys=0.00, real=0.01 secs] 
2020-10-28T13:47:05.868+0000: [GC (Allocation Failure) 2020-10-28T13:47:05.868+0000: [ParNew: 34438K->4K(38720K), 0.0053564 secs] 1053642K->1019208K(1499884K), 0.0054235 secs] [Times: user=0.01 sys=0.00, real=0.00 secs] 
2020-10-28T13:47:05.912+0000: [GC (Allocation Failure) 2020-10-28T13:47:05.912+0000: [ParNew: 34436K->4K(38720K), 0.0054496 secs] 1053640K->1019208K(1499884K), 0.0055144 secs] [Times: user=0.01 sys=0.00, real=0.00 secs] 
2020-10-28T13:47:05.957+0000: [GC (Allocation Failure) 2020-10-28T13:47:05.957+0000: [ParNew: 34436K->4K(38720K), 0.0061957 secs] 1053640K->1019208K(1499884K), 0.0062622 secs] [Times: user=0.01 sys=0.00, real=0.01 secs] 
2020-10-28T13:47:06.004+0000: [GC (Allocation Failure) 2020-10-28T13:47:06.004+0000: [ParNew: 34436K->6K(38720K), 0.0055216 secs] 1053640K->1019210K(1499884K), 0.0055924 secs] [Times: user=0.01 sys=0.00, real=0.01 secs] 
2020-10-28T13:47:06.052+0000: [GC (Allocation Failure) 2020-10-28T13:47:06.052+0000: [ParNew: 34438K->6K(38720K), 0.0054786 secs] 1053642K->1019210K(1499884K), 0.0055508 secs] [Times: user=0.01 sys=0.00, real=0.00 secs] 
2020-10-28T13:47:06.099+0000: [GC (Allocation Failure) 2020-10-28T13:47:06.100+0000: [ParNew: 34438K->6K(38720K), 0.0054568 secs] 1053642K->1019210K(1499884K), 0.0055248 secs] [Times: user=0.01 sys=0.00, real=0.00 secs] 
2020-10-28T13:47:06.144+0000: [GC (Allocation Failure) 2020-10-28T13:47:06.144+0000: [ParNew: 34438K->6K(38720K), 0.0054803 secs] 1053642K->1019210K(1499884K), 0.0055498 secs] [Times: user=0.02 sys=0.00, real=0.01 secs] 
2020-10-28T13:47:06.192+0000: [GC (Allocation Failure) 2020-10-28T13:47:06.192+0000: [ParNew: 34438K->6K(38720K), 0.0055343 secs] 1053642K->1019210K(1499884K), 0.0056055 secs] [Times: user=0.01 sys=0.00, real=0.00 secs] 
2020-10-28T13:47:06.234+0000: [GC (Allocation Failure) 2020-10-28T13:47:06.234+0000: [ParNew: 34438K->6K(38720K), 0.0056237 secs] 1053642K->1019210K(1499884K), 0.0056924 secs] [Times: user=0.01 sys=0.00, real=0.01 secs] 
2020-10-28T13:47:06.282+0000: [GC (Allocation Failure) 2020-10-28T13:47:06.282+0000: [ParNew: 34438K->6K(38720K), 0.0055021 secs] 1053642K->1019210K(1499884K), 0.0055742 secs] [Times: user=0.01 sys=0.00, real=0.01 secs] 
2020-10-28T13:47:06.329+0000: [GC (Allocation Failure) 2020-10-28T13:47:06.329+0000: [ParNew: 34438K->6K(38720K), 0.0054906 secs] 1053642K->1019210K(1499884K), 0.0055755 secs] [Times: user=0.01 sys=0.00, real=0.00 secs] 
2020-10-28T13:47:06.372+0000: [GC (Allocation Failure) 2020-10-28T13:47:06.372+0000: [ParNew: 34438K->4K(38720K), 0.0055229 secs] 1053642K->1019208K(1499884K), 0.0055958 secs] [Times: user=0.01 sys=0.00, real=0.00 secs] 
2020-10-28T13:47:06.414+0000: [GC (Allocation Failure) 2020-10-28T13:47:06.414+0000: [ParNew: 34436K->6K(38720K), 0.0055293 secs] 1053640K->1019210K(1499884K), 0.0055961 secs] [Times: user=0.01 sys=0.00, real=0.01 secs] 
2020-10-28T13:47:06.460+0000: [GC (Allocation Failure) 2020-10-28T13:47:06.460+0000: [ParNew: 34438K->6K(38720K), 0.0054919 secs] 1053642K->1019210K(1499884K), 0.0055657 secs] [Times: user=0.01 sys=0.00, real=0.00 secs] 
2020-10-28T13:47:06.504+0000: [GC (Allocation Failure) 2020-10-28T13:47:06.504+0000: [ParNew: 34438K->6K(38720K), 0.0055044 secs] 1053642K->1019210K(1499884K), 0.0055736 secs] [Times: user=0.01 sys=0.00, real=0.01 secs] 
2020-10-28T13:47:06.550+0000: [GC (Allocation Failure) 2020-10-28T13:47:06.550+0000: [ParNew: 34438K->4K(38720K), 0.0054554 secs] 1053642K->1019208K(1499884K), 0.0055254 secs] [Times: user=0.01 sys=0.00, real=0.00 secs] 
2020-10-28T13:47:06.596+0000: [GC (Allocation Failure) 2020-10-28T13:47:06.597+0000: [ParNew: 34436K->6K(38720K), 0.0055130 secs] 1053640K->1019210K(1499884K), 0.0055855 secs] [Times: user=0.01 sys=0.00, real=0.01 secs] 
2020-10-28T13:47:06.643+0000: [GC (Allocation Failure) 2020-10-28T13:47:06.643+0000: [ParNew: 34438K->6K(38720K), 0.0054738 secs] 1053642K->1019210K(1499884K), 0.0055429 secs] [Times: user=0.02 sys=0.00, real=0.01 secs] 
2020-10-28T13:47:06.688+0000: [GC (Allocation Failure) 2020-10-28T13:47:06.688+0000: [ParNew: 34438K->6K(38720K), 0.0054258 secs] 1053642K->1019210K(1499884K), 0.0054929 secs] [Times: user=0.01 sys=0.00, real=0.00 secs] 
2020-10-28T13:47:06.730+0000: [GC (Allocation Failure) 2020-10-28T13:47:06.730+0000: [ParNew: 34438K->6K(38720K), 0.0055901 secs] 1053642K->1019210K(1499884K), 0.0056604 secs] [Times: user=0.02 sys=0.00, real=0.00 secs] 
2020-10-28T13:47:06.776+0000: [GC (Allocation Failure) 2020-10-28T13:47:06.776+0000: [ParNew: 34438K->6K(38720K), 0.0054616 secs] 1053642K->1019210K(1499884K), 0.0055278 secs] [Times: user=0.01 sys=0.00, real=0.01 secs] 
2020-10-28T13:47:06.818+0000: [GC (Allocation Failure) 2020-10-28T13:47:06.818+0000: [ParNew: 34438K->6K(38720K), 0.0054340 secs] 1053642K->1019210K(1499884K), 0.0055022 secs] [Times: user=0.01 sys=0.00, real=0.01 secs] 
2020-10-28T13:47:06.864+0000: [GC (Allocation Failure) 2020-10-28T13:47:06.864+0000: [ParNew: 34438K->4K(38720K), 0.0054174 secs] 1053642K->1019208K(1499884K), 0.0054856 secs] [Times: user=0.01 sys=0.00, real=0.01 secs] 
2020-10-28T13:47:06.910+0000: [GC (Allocation Failure) 2020-10-28T13:47:06.910+0000: [ParNew: 34436K->4K(38720K), 0.0054442 secs] 1053640K->1019208K(1499884K), 0.0055139 secs] [Times: user=0.02 sys=0.00, real=0.00 secs] 
2020-10-28T13:47:06.956+0000: [GC (Allocation Failure) 2020-10-28T13:47:06.956+0000: [ParNew: 34436K->6K(38720K), 0.0054135 secs] 1053640K->1019210K(1499884K), 0.0054822 secs] [Times: user=0.01 sys=0.00, real=0.01 secs] 
2020-10-28T13:47:07.002+0000: [GC (Allocation Failure) 2020-10-28T13:47:07.002+0000: [ParNew: 34438K->6K(38720K), 0.0054263 secs] 1053642K->1019210K(1499884K), 0.0054942 secs] [Times: user=0.01 sys=0.00, real=0.00 secs] 
2020-10-28T13:47:07.048+0000: [GC (Allocation Failure) 2020-10-28T13:47:07.048+0000: [ParNew: 34438K->6K(38720K), 0.0054114 secs] 1053642K->1019210K(1499884K), 0.0054795 secs] [Times: user=0.01 sys=0.00, real=0.00 secs] 
2020-10-28T13:47:07.090+0000: [GC (Allocation Failure) 2020-10-28T13:47:07.090+0000: [ParNew: 34438K->6K(38720K), 0.0054667 secs] 1053642K->1019210K(1499884K), 0.0055336 secs] [Times: user=0.01 sys=0.00, real=0.00 secs] 
2020-10-28T13:47:07.138+0000: [GC (Allocation Failure) 2020-10-28T13:47:07.138+0000: [ParNew: 34438K->6K(38720K), 0.0054106 secs] 1053642K->1019210K(1499884K), 0.0054761 secs] [Times: user=0.01 sys=0.00, real=0.01 secs] 
2020-10-28T13:47:07.185+0000: [GC (Allocation Failure) 2020-10-28T13:47:07.185+0000: [ParNew: 34438K->6K(38720K), 0.0053811 secs] 1053642K->1019210K(1499884K), 0.0054484 secs] [Times: user=0.01 sys=0.00, real=0.01 secs] 
2020-10-28T13:47:07.231+0000: [GC (Allocation Failure) 2020-10-28T13:47:07.231+0000: [ParNew: 34438K->6K(38720K), 0.0054867 secs] 1053642K->1019210K(1499884K), 0.0055565 secs] [Times: user=0.01 sys=0.00, real=0.00 secs] 
2020-10-28T13:47:07.284+0000: [GC (Allocation Failure) 2020-10-28T13:47:07.284+0000: [ParNew: 34438K->6K(38720K), 0.0055776 secs] 1053642K->1019210K(1499884K), 0.0056504 secs] [Times: user=0.01 sys=0.00, real=0.01 secs] 
2020-10-28T13:47:07.328+0000: [GC (Allocation Failure) 2020-10-28T13:47:07.328+0000: [ParNew: 34438K->6K(38720K), 0.0054212 secs] 1053642K->1019210K(1499884K), 0.0054895 secs] [Times: user=0.01 sys=0.00, real=0.00 secs] 
2020-10-28T13:47:07.370+0000: [GC (Allocation Failure) 2020-10-28T13:47:07.370+0000: [ParNew: 34438K->6K(38720K), 0.0055380 secs] 1053642K->1019210K(1499884K), 0.0056189 secs] [Times: user=0.01 sys=0.00, real=0.00 secs] 
2020-10-28T13:47:07.416+0000: [GC (Allocation Failure) 2020-10-28T13:47:07.416+0000: [ParNew: 34438K->6K(38720K), 0.0054807 secs] 1053642K->1019210K(1499884K), 0.0055485 secs] [Times: user=0.01 sys=0.00, real=0.01 secs] 
2020-10-28T13:47:07.463+0000: [GC (Allocation Failure) 2020-10-28T13:47:07.463+0000: [ParNew: 34438K->6K(38720K), 0.0053828 secs] 1053642K->1019210K(1499884K), 0.0054473 secs] [Times: user=0.01 sys=0.00, real=0.01 secs] 
2020-10-28T13:47:07.508+0000: [GC (Allocation Failure) 2020-10-28T13:47:07.508+0000: [ParNew: 34438K->6K(38720K), 0.0053871 secs] 1053642K->1019210K(1499884K), 0.0054532 secs] [Times: user=0.01 sys=0.00, real=0.00 secs] 
2020-10-28T13:47:07.549+0000: [GC (Allocation Failure) 2020-10-28T13:47:07.549+0000: [ParNew: 34438K->6K(38720K), 0.0054188 secs] 1053642K->1019210K(1499884K), 0.0055046 secs] [Times: user=0.01 sys=0.00, real=0.00 secs] 
2020-10-28T13:47:07.591+0000: [GC (Allocation Failure) 2020-10-28T13:47:07.591+0000: [ParNew: 34438K->6K(38720K), 0.0056451 secs] 1053642K->1019210K(1499884K), 0.0057175 secs] [Times: user=0.01 sys=0.00, real=0.00 secs] 
2020-10-28T13:47:07.639+0000: [GC (Allocation Failure) 2020-10-28T13:47:07.639+0000: [ParNew: 34438K->6K(38720K), 0.0054307 secs] 1053642K->1019210K(1499884K), 0.0054978 secs] [Times: user=0.01 sys=0.00, real=0.01 secs] 
2020-10-28T13:47:07.681+0000: [GC (Allocation Failure) 2020-10-28T13:47:07.681+0000: [ParNew: 34438K->6K(38720K), 0.0053711 secs] 1053642K->1019210K(1499884K), 0.0054376 secs] [Times: user=0.01 sys=0.00, real=0.00 secs] 
2020-10-28T13:47:07.723+0000: [GC (Allocation Failure) 2020-10-28T13:47:07.723+0000: [ParNew: 34438K->6K(38720K), 0.0054391 secs] 1053642K->1019210K(1499884K), 0.0055214 secs] [Times: user=0.01 sys=0.00, real=0.01 secs] 
2020-10-28T13:47:07.768+0000: [GC (Allocation Failure) 2020-10-28T13:47:07.768+0000: [ParNew: 34438K->6K(38720K), 0.0053912 secs] 1053642K->1019210K(1499884K), 0.0054549 secs] [Times: user=0.01 sys=0.00, real=0.00 secs] 
2020-10-28T13:47:07.810+0000: [GC (Allocation Failure) 2020-10-28T13:47:07.810+0000: [ParNew: 34438K->6K(38720K), 0.0054582 secs] 1053642K->1019210K(1499884K), 0.0055257 secs] [Times: user=0.01 sys=0.00, real=0.00 secs] 
2020-10-28T13:47:07.859+0000: [GC (Allocation Failure) 2020-10-28T13:47:07.859+0000: [ParNew: 34438K->4K(38720K), 0.0054513 secs] 1053642K->1019208K(1499884K), 0.0055204 secs] [Times: user=0.02 sys=0.00, real=0.01 secs] 
2020-10-28T13:47:07.904+0000: [GC (Allocation Failure) 2020-10-28T13:47:07.904+0000: [ParNew: 34436K->6K(38720K), 0.0053579 secs] 1053640K->1019210K(1499884K), 0.0054245 secs] [Times: user=0.01 sys=0.00, real=0.01 secs] 
2020-10-28T13:47:07.955+0000: [GC (Allocation Failure) 2020-10-28T13:47:07.955+0000: [ParNew: 34438K->6K(38720K), 0.0056822 secs] 1053642K->1019210K(1499884K), 0.0057483 secs] [Times: user=0.01 sys=0.00, real=0.01 secs] 
2020-10-28T13:47:08.003+0000: [GC (Allocation Failure) 2020-10-28T13:47:08.003+0000: [ParNew: 34438K->6K(38720K), 0.0053922 secs] 1053642K->1019210K(1499884K), 0.0054591 secs] [Times: user=0.01 sys=0.00, real=0.01 secs] 
2020-10-28T13:47:08.048+0000: [GC (Allocation Failure) 2020-10-28T13:47:08.048+0000: [ParNew: 34438K->6K(38720K), 0.0053845 secs] 1053642K->1019210K(1499884K), 0.0054510 secs] [Times: user=0.01 sys=0.00, real=0.00 secs] 
2020-10-28T13:47:08.090+0000: [GC (Allocation Failure) 2020-10-28T13:47:08.090+0000: [ParNew: 34438K->6K(38720K), 0.0055307 secs] 1053642K->1019210K(1499884K), 0.0055996 secs] [Times: user=0.01 sys=0.00, real=0.00 secs] 
2020-10-28T13:47:08.136+0000: [GC (Allocation Failure) 2020-10-28T13:47:08.136+0000: [ParNew: 34438K->6K(38720K), 0.0054014 secs] 1053642K->1019210K(1499884K), 0.0054695 secs] [Times: user=0.01 sys=0.00, real=0.01 secs] 
2020-10-28T13:47:08.182+0000: [GC (Allocation Failure) 2020-10-28T13:47:08.182+0000: [ParNew: 34438K->6K(38720K), 0.0053966 secs] 1053642K->1019210K(1499884K), 0.0054630 secs] [Times: user=0.01 sys=0.00, real=0.00 secs] 
2020-10-28T13:47:08.228+0000: [GC (Allocation Failure) 2020-10-28T13:47:08.228+0000: [ParNew: 34438K->4K(38720K), 0.0054182 secs] 1053642K->1019208K(1499884K), 0.0054838 secs] [Times: user=0.01 sys=0.00, real=0.00 secs] 
2020-10-28T13:47:08.275+0000: [GC (Allocation Failure) 2020-10-28T13:47:08.275+0000: [ParNew: 34436K->4K(38720K), 0.0054006 secs] 1053640K->1019208K(1499884K), 0.0054784 secs] [Times: user=0.01 sys=0.00, real=0.01 secs] 
2020-10-28T13:47:08.317+0000: [GC (Allocation Failure) 2020-10-28T13:47:08.317+0000: [ParNew: 34436K->6K(38720K), 0.0053780 secs] 1053640K->1019210K(1499884K), 0.0054464 secs] [Times: user=0.01 sys=0.00, real=0.01 secs] 
2020-10-28T13:47:08.364+0000: [GC (Allocation Failure) 2020-10-28T13:47:08.364+0000: [ParNew: 34438K->6K(38720K), 0.0054486 secs] 1053642K->1019210K(1499884K), 0.0055145 secs] [Times: user=0.01 sys=0.00, real=0.01 secs] 
2020-10-28T13:47:08.406+0000: [GC (Allocation Failure) 2020-10-28T13:47:08.406+0000: [ParNew: 34438K->6K(38720K), 0.0054581 secs] 1053642K->1019210K(1499884K), 0.0055256 secs] [Times: user=0.01 sys=0.00, real=0.01 secs] 
2020-10-28T13:47:08.452+0000: [GC (Allocation Failure) 2020-10-28T13:47:08.452+0000: [ParNew: 34438K->6K(38720K), 0.0054110 secs] 1053642K->1019210K(1499884K), 0.0054793 secs] [Times: user=0.01 sys=0.00, real=0.00 secs] 
2020-10-28T13:47:08.494+0000: [GC (Allocation Failure) 2020-10-28T13:47:08.495+0000: [ParNew: 34438K->4K(38720K), 0.0054023 secs] 1053642K->1019208K(1499884K), 0.0054710 secs] [Times: user=0.01 sys=0.00, real=0.01 secs] 
2020-10-28T13:47:08.543+0000: [GC (Allocation Failure) 2020-10-28T13:47:08.543+0000: [ParNew: 34436K->6K(38720K), 0.0054371 secs] 1053640K->1019210K(1499884K), 0.0055165 secs] [Times: user=0.01 sys=0.00, real=0.01 secs] 
2020-10-28T13:47:08.588+0000: [GC (Allocation Failure) 2020-10-28T13:47:08.588+0000: [ParNew: 34438K->6K(38720K), 0.0053411 secs] 1053642K->1019210K(1499884K), 0.0054071 secs] [Times: user=0.01 sys=0.00, real=0.00 secs] 
2020-10-28T13:47:08.635+0000: [GC (Allocation Failure) 2020-10-28T13:47:08.635+0000: [ParNew: 34438K->4K(38720K), 0.0053712 secs] 1053642K->1019208K(1499884K), 0.0054499 secs] [Times: user=0.01 sys=0.00, real=0.01 secs] 
2020-10-28T13:47:08.683+0000: [GC (Allocation Failure) 2020-10-28T13:47:08.684+0000: [ParNew: 34436K->6K(38720K), 0.0053687 secs] 1053640K->1019210K(1499884K), 0.0054310 secs] [Times: user=0.02 sys=0.00, real=0.01 secs] 
2020-10-28T13:47:08.728+0000: [GC (Allocation Failure) 2020-10-28T13:47:08.728+0000: [ParNew: 34438K->6K(38720K), 0.0054766 secs] 1053642K->1019210K(1499884K), 0.0055440 secs] [Times: user=0.01 sys=0.00, real=0.00 secs] 
2020-10-28T13:47:08.770+0000: [GC (Allocation Failure) 2020-10-28T13:47:08.770+0000: [ParNew: 34438K->4K(38720K), 0.0055343 secs] 1053642K->1019208K(1499884K), 0.0056010 secs] [Times: user=0.01 sys=0.00, real=0.00 secs] 
2020-10-28T13:47:08.812+0000: [GC (Allocation Failure) 2020-10-28T13:47:08.812+0000: [ParNew: 34436K->6K(38720K), 0.0054467 secs] 1053640K->1019210K(1499884K), 0.0055128 secs] [Times: user=0.01 sys=0.00, real=0.00 secs] 
2020-10-28T13:47:08.855+0000: [GC (Allocation Failure) 2020-10-28T13:47:08.855+0000: [ParNew: 34438K->6K(38720K), 0.0053874 secs] 1053642K->1019210K(1499884K), 0.0054544 secs] [Times: user=0.01 sys=0.00, real=0.01 secs] 
2020-10-28T13:47:08.897+0000: [GC (Allocation Failure) 2020-10-28T13:47:08.897+0000: [ParNew: 34438K->6K(38720K), 0.0054055 secs] 1053642K->1019210K(1499884K), 0.0054727 secs] [Times: user=0.01 sys=0.00, real=0.01 secs] 
2020-10-28T13:47:08.943+0000: [GC (Allocation Failure) 2020-10-28T13:47:08.943+0000: [ParNew: 34438K->6K(38720K), 0.0053591 secs] 1053642K->1019210K(1499884K), 0.0054405 secs] [Times: user=0.01 sys=0.00, real=0.01 secs] 
2020-10-28T13:47:08.992+0000: [GC (Allocation Failure) 2020-10-28T13:47:08.992+0000: [ParNew: 34438K->6K(38720K), 0.0054019 secs] 1053642K->1019210K(1499884K), 0.0054826 secs] [Times: user=0.01 sys=0.00, real=0.00 secs] 
2020-10-28T13:47:09.039+0000: [GC (Allocation Failure) 2020-10-28T13:47:09.039+0000: [ParNew: 34438K->6K(38720K), 0.0053683 secs] 1053642K->1019210K(1499884K), 0.0054332 secs] [Times: user=0.01 sys=0.00, real=0.01 secs] 
2020-10-28T13:47:09.086+0000: [GC (Allocation Failure) 2020-10-28T13:47:09.086+0000: [ParNew: 34438K->6K(38720K), 0.0053482 secs] 1053642K->1019210K(1499884K), 0.0054141 secs] [Times: user=0.01 sys=0.00, real=0.01 secs] 
2020-10-28T13:47:09.131+0000: [GC (Allocation Failure) 2020-10-28T13:47:09.131+0000: [ParNew: 34438K->6K(38720K), 0.0053848 secs] 1053642K->1019210K(1499884K), 0.0054504 secs] [Times: user=0.01 sys=0.00, real=0.00 secs] 
2020-10-28T13:47:09.176+0000: [GC (Allocation Failure) 2020-10-28T13:47:09.176+0000: [ParNew: 34438K->6K(38720K), 0.0055155 secs] 1053642K->1019210K(1499884K), 0.0055816 secs] [Times: user=0.01 sys=0.00, real=0.01 secs] 
2020-10-28T13:47:09.218+0000: [GC (Allocation Failure) 2020-10-28T13:47:09.218+0000: [ParNew: 34438K->6K(38720K), 0.0054068 secs] 1053642K->1019210K(1499884K), 0.0054716 secs] [Times: user=0.01 sys=0.00, real=0.01 secs] 
2020-10-28T13:47:09.270+0000: [GC (Allocation Failure) 2020-10-28T13:47:09.270+0000: [ParNew: 34438K->6K(38720K), 0.0055241 secs] 1053642K->1019210K(1499884K), 0.0055912 secs] [Times: user=0.01 sys=0.00, real=0.00 secs] 
2020-10-28T13:47:09.317+0000: [GC (Allocation Failure) 2020-10-28T13:47:09.317+0000: [ParNew: 34438K->6K(38720K), 0.0053488 secs] 1053642K->1019210K(1499884K), 0.0054157 secs] [Times: user=0.01 sys=0.00, real=0.01 secs] 
2020-10-28T13:47:09.365+0000: [GC (Allocation Failure) 2020-10-28T13:47:09.365+0000: [ParNew: 34438K->6K(38720K), 0.0053190 secs] 1053642K->1019210K(1499884K), 0.0053811 secs] [Times: user=0.01 sys=0.00, real=0.01 secs] 
2020-10-28T13:47:09.407+0000: [GC (Allocation Failure) 2020-10-28T13:47:09.407+0000: [ParNew: 34438K->6K(38720K), 0.0054127 secs] 1053642K->1019210K(1499884K), 0.0054779 secs] [Times: user=0.01 sys=0.00, real=0.01 secs] 
2020-10-28T13:47:09.449+0000: [GC (Allocation Failure) 2020-10-28T13:47:09.449+0000: [ParNew: 34438K->6K(38720K), 0.0053691 secs] 1053642K->1019210K(1499884K), 0.0054352 secs] [Times: user=0.01 sys=0.00, real=0.00 secs] 
2020-10-28T13:47:09.496+0000: [GC (Allocation Failure) 2020-10-28T13:47:09.496+0000: [ParNew: 34438K->6K(38720K), 0.0053576 secs] 1053642K->1019210K(1499884K), 0.0054228 secs] [Times: user=0.01 sys=0.00, real=0.01 secs] 
2020-10-28T13:47:09.543+0000: [GC (Allocation Failure) 2020-10-28T13:47:09.543+0000: [ParNew: 34438K->6K(38720K), 0.0053572 secs] 1053642K->1019210K(1499884K), 0.0054230 secs] [Times: user=0.01 sys=0.00, real=0.01 secs] 
2020-10-28T13:47:09.588+0000: [GC (Allocation Failure) 2020-10-28T13:47:09.588+0000: [ParNew: 34438K->6K(38720K), 0.0053923 secs] 1053642K->1019210K(1499884K), 0.0054590 secs] [Times: user=0.01 sys=0.00, real=0.00 secs] 
2020-10-28T13:47:09.630+0000: [GC (Allocation Failure) 2020-10-28T13:47:09.630+0000: [ParNew: 34438K->6K(38720K), 0.0056294 secs] 1053642K->1019210K(1499884K), 0.0056963 secs] [Times: user=0.00 sys=0.01, real=0.00 secs] 
2020-10-28T13:47:09.676+0000: [GC (Allocation Failure) 2020-10-28T13:47:09.677+0000: [ParNew: 34438K->6K(38720K), 0.0053733 secs] 1053642K->1019210K(1499884K), 0.0054380 secs] [Times: user=0.01 sys=0.00, real=0.01 secs] 
2020-10-28T13:47:09.724+0000: [GC (Allocation Failure) 2020-10-28T13:47:09.724+0000: [ParNew: 34438K->6K(38720K), 0.0054449 secs] 1053642K->1019210K(1499884K), 0.0055095 secs] [Times: user=0.01 sys=0.00, real=0.01 secs] 
2020-10-28T13:47:09.770+0000: [GC (Allocation Failure) 2020-10-28T13:47:09.770+0000: [ParNew: 34438K->4K(38720K), 0.0054009 secs] 1053642K->1019208K(1499884K), 0.0054652 secs] [Times: user=0.01 sys=0.00, real=0.00 secs] 
2020-10-28T13:47:09.812+0000: [GC (Allocation Failure) 2020-10-28T13:47:09.812+0000: [ParNew: 34436K->6K(38720K), 0.0053865 secs] 1053640K->1019210K(1499884K), 0.0054652 secs] [Times: user=0.01 sys=0.00, real=0.00 secs] 
2020-10-28T13:47:09.858+0000: [GC (Allocation Failure) 2020-10-28T13:47:09.858+0000: [ParNew: 34438K->6K(38720K), 0.0054408 secs] 1053642K->1019210K(1499884K), 0.0055069 secs] [Times: user=0.01 sys=0.00, real=0.01 secs] 
2020-10-28T13:47:09.904+0000: [GC (Allocation Failure) 2020-10-28T13:47:09.904+0000: [ParNew: 34438K->6K(38720K), 0.0053547 secs] 1053642K->1019210K(1499884K), 0.0054204 secs] [Times: user=0.01 sys=0.00, real=0.01 secs] 
2020-10-28T13:47:09.948+0000: [GC (Allocation Failure) 2020-10-28T13:47:09.948+0000: [ParNew: 34438K->6K(38720K), 0.0053854 secs] 1053642K->1019210K(1499884K), 0.0054512 secs] [Times: user=0.01 sys=0.00, real=0.00 secs] 
2020-10-28T13:47:09.999+0000: [GC (Allocation Failure) 2020-10-28T13:47:09.999+0000: [ParNew: 34438K->6K(38720K), 0.0053685 secs] 1053642K->1019210K(1499884K), 0.0054327 secs] [Times: user=0.01 sys=0.00, real=0.01 secs] 
2020-10-28T13:47:10.046+0000: [GC (Allocation Failure) 2020-10-28T13:47:10.046+0000: [ParNew: 34438K->6K(38720K), 0.0053533 secs] 1053642K->1019210K(1499884K), 0.0054171 secs] [Times: user=0.01 sys=0.00, real=0.01 secs] 
2020-10-28T13:47:10.094+0000: [GC (Allocation Failure) 2020-10-28T13:47:10.094+0000: [ParNew: 34438K->6K(38720K), 0.0053863 secs] 1053642K->1019210K(1499884K), 0.0054485 secs] [Times: user=0.01 sys=0.00, real=0.01 secs] 
2020-10-28T13:47:10.140+0000: [GC (Allocation Failure) 2020-10-28T13:47:10.140+0000: [ParNew: 34438K->6K(38720K), 0.0053542 secs] 1053642K->1019210K(1499884K), 0.0054199 secs] [Times: user=0.01 sys=0.00, real=0.00 secs] 
2020-10-28T13:47:10.184+0000: [GC (Allocation Failure) 2020-10-28T13:47:10.184+0000: [ParNew: 34438K->6K(38720K), 0.0054186 secs] 1053642K->1019210K(1499884K), 0.0054825 secs] [Times: user=0.01 sys=0.00, real=0.01 secs] 
2020-10-28T13:47:10.232+0000: [GC (Allocation Failure) 2020-10-28T13:47:10.232+0000: [ParNew: 34438K->4K(38720K), 0.0054759 secs] 1053642K->1019208K(1499884K), 0.0055432 secs] [Times: user=0.01 sys=0.00, real=0.00 secs] 
2020-10-28T13:47:10.278+0000: [GC (Allocation Failure) 2020-10-28T13:47:10.278+0000: [ParNew: 34436K->6K(38720K), 0.0053452 secs] 1053640K->1019210K(1499884K), 0.0054045 secs] [Times: user=0.01 sys=0.00, real=0.01 secs] 
2020-10-28T13:47:10.320+0000: [GC (Allocation Failure) 2020-10-28T13:47:10.320+0000: [ParNew: 34438K->6K(38720K), 0.0053572 secs] 1053642K->1019210K(1499884K), 0.0054318 secs] [Times: user=0.01 sys=0.00, real=0.00 secs] 
2020-10-28T13:47:10.364+0000: [GC (Allocation Failure) 2020-10-28T13:47:10.364+0000: [ParNew: 34438K->4K(38720K), 0.0053115 secs] 1053642K->1019208K(1499884K), 0.0053761 secs] [Times: user=0.01 sys=0.00, real=0.01 secs] 
2020-10-28T13:47:10.408+0000: [GC (Allocation Failure) 2020-10-28T13:47:10.408+0000: [ParNew: 34436K->6K(38720K), 0.0053724 secs] 1053640K->1019210K(1499884K), 0.0054378 secs] [Times: user=0.01 sys=0.00, real=0.00 secs] 
2020-10-28T13:47:10.456+0000: [GC (Allocation Failure) 2020-10-28T13:47:10.456+0000: [ParNew: 34438K->6K(38720K), 0.0053588 secs] 1053642K->1019210K(1499884K), 0.0054231 secs] [Times: user=0.01 sys=0.00, real=0.01 secs] 
2020-10-28T13:47:10.498+0000: [GC (Allocation Failure) 2020-10-28T13:47:10.498+0000: [ParNew: 34438K->4K(38720K), 0.0053784 secs] 1053642K->1019208K(1499884K), 0.0054438 secs] [Times: user=0.01 sys=0.00, real=0.01 secs] 
2020-10-28T13:47:10.544+0000: [GC (Allocation Failure) 2020-10-28T13:47:10.544+0000: [ParNew: 34436K->6K(38720K), 0.0053770 secs] 1053640K->1019210K(1499884K), 0.0054433 secs] [Times: user=0.01 sys=0.00, real=0.01 secs] 
2020-10-28T13:47:10.589+0000: [GC (Allocation Failure) 2020-10-28T13:47:10.589+0000: [ParNew: 34438K->6K(38720K), 0.0054122 secs] 1053642K->1019210K(1499884K), 0.0054791 secs] [Times: user=0.01 sys=0.00, real=0.00 secs] 
2020-10-28T13:47:10.636+0000: [GC (Allocation Failure) 2020-10-28T13:47:10.636+0000: [ParNew: 34438K->6K(38720K), 0.0054178 secs] 1053642K->1019210K(1499884K), 0.0054840 secs] [Times: user=0.01 sys=0.00, real=0.01 secs] 
2020-10-28T13:47:10.685+0000: [GC (Allocation Failure) 2020-10-28T13:47:10.685+0000: [ParNew: 34438K->6K(38720K), 0.0054171 secs] 1053642K->1019210K(1499884K), 0.0054942 secs] [Times: user=0.02 sys=0.00, real=0.01 secs] 
2020-10-28T13:47:10.732+0000: [GC (Allocation Failure) 2020-10-28T13:47:10.732+0000: [ParNew: 34424K->6K(38720K), 0.0053925 secs] 1053629K->1019210K(1499884K), 0.0054569 secs] [Times: user=0.01 sys=0.00, real=0.00 secs] 
2020-10-28T13:47:10.774+0000: [GC (Allocation Failure) 2020-10-28T13:47:10.774+0000: [ParNew: 34438K->6K(38720K), 0.0054511 secs] 1053642K->1019210K(1499884K), 0.0055173 secs] [Times: user=0.02 sys=0.00, real=0.00 secs] 
2020-10-28T13:47:10.820+0000: [GC (Allocation Failure) 2020-10-28T13:47:10.820+0000: [ParNew: 34438K->4K(38720K), 0.0053300 secs] 1053642K->1019208K(1499884K), 0.0053967 secs] [Times: user=0.01 sys=0.00, real=0.00 secs] 
2020-10-28T13:47:10.862+0000: [GC (Allocation Failure) 2020-10-28T13:47:10.862+0000: [ParNew: 34436K->6K(38720K), 0.0053888 secs] 1053640K->1019210K(1499884K), 0.0054522 secs] [Times: user=0.01 sys=0.00, real=0.00 secs] 
2020-10-28T13:47:10.908+0000: [GC (Allocation Failure) 2020-10-28T13:47:10.908+0000: [ParNew: 34438K->6K(38720K), 0.0053613 secs] 1053642K->1019210K(1499884K), 0.0054252 secs] [Times: user=0.01 sys=0.00, real=0.00 secs] 
2020-10-28T13:47:10.952+0000: [GC (Allocation Failure) 2020-10-28T13:47:10.952+0000: [ParNew: 34438K->4K(38720K), 0.0054853 secs] 1053642K->1019209K(1499884K), 0.0055477 secs] [Times: user=0.01 sys=0.00, real=0.00 secs] 
2020-10-28T13:47:10.994+0000: [GC (Allocation Failure) 2020-10-28T13:47:10.994+0000: [ParNew: 34436K->6K(38720K), 0.0053536 secs] 1053641K->1019211K(1499884K), 0.0054211 secs] [Times: user=0.01 sys=0.00, real=0.00 secs] 
2020-10-28T13:47:11.036+0000: [GC (Allocation Failure) 2020-10-28T13:47:11.036+0000: [ParNew: 34438K->6K(38720K), 0.0054324 secs] 1053643K->1019211K(1499884K), 0.0054970 secs] [Times: user=0.01 sys=0.00, real=0.01 secs] 
2020-10-28T13:47:11.078+0000: [GC (Allocation Failure) 2020-10-28T13:47:11.078+0000: [ParNew: 34438K->6K(38720K), 0.0054573 secs] 1053643K->1019211K(1499884K), 0.0055231 secs] [Times: user=0.01 sys=0.00, real=0.01 secs] 
2020-10-28T13:47:11.120+0000: [GC (Allocation Failure) 2020-10-28T13:47:11.120+0000: [ParNew: 34438K->6K(38720K), 0.0053371 secs] 1053643K->1019211K(1499884K), 0.0054130 secs] [Times: user=0.01 sys=0.00, real=0.00 secs] 
2020-10-28T13:47:11.168+0000: [GC (Allocation Failure) 2020-10-28T13:47:11.168+0000: [ParNew: 34438K->6K(38720K), 0.0054163 secs] 1053643K->1019211K(1499884K), 0.0054838 secs] [Times: user=0.01 sys=0.00, real=0.00 secs] 
2020-10-28T13:47:11.214+0000: [GC (Allocation Failure) 2020-10-28T13:47:11.214+0000: [ParNew: 34438K->6K(38720K), 0.0053694 secs] 1053643K->1019211K(1499884K), 0.0054355 secs] [Times: user=0.01 sys=0.00, real=0.01 secs] 
2020-10-28T13:47:11.257+0000: [GC (Allocation Failure) 2020-10-28T13:47:11.257+0000: [ParNew: 34438K->6K(38720K), 0.0053799 secs] 1053643K->1019211K(1499884K), 0.0054429 secs] [Times: user=0.01 sys=0.00, real=0.01 secs] 
2020-10-28T13:47:11.304+0000: [GC (Allocation Failure) 2020-10-28T13:47:11.304+0000: [ParNew: 34438K->6K(38720K), 0.0053291 secs] 1053643K->1019211K(1499884K), 0.0053937 secs] [Times: user=0.01 sys=0.00, real=0.01 secs] 
2020-10-28T13:47:11.346+0000: [GC (Allocation Failure) 2020-10-28T13:47:11.346+0000: [ParNew: 34438K->6K(38720K), 0.0061475 secs] 1053643K->1019211K(1499884K), 0.0062111 secs] [Times: user=0.01 sys=0.00, real=0.01 secs] 
2020-10-28T13:47:11.392+0000: [GC (Allocation Failure) 2020-10-28T13:47:11.392+0000: [ParNew: 34438K->6K(38720K), 0.0053602 secs] 1053643K->1019211K(1499884K), 0.0054239 secs] [Times: user=0.01 sys=0.00, real=0.00 secs] 
2020-10-28T13:47:11.436+0000: [GC (Allocation Failure) 2020-10-28T13:47:11.436+0000: [ParNew: 34438K->4K(38720K), 0.0053829 secs] 1053643K->1019209K(1499884K), 0.0054464 secs] [Times: user=0.01 sys=0.00, real=0.01 secs] 
2020-10-28T13:47:11.482+0000: [GC (Allocation Failure) 2020-10-28T13:47:11.482+0000: [ParNew: 34436K->6K(38720K), 0.0053641 secs] 1053641K->1019211K(1499884K), 0.0054418 secs] [Times: user=0.02 sys=0.00, real=0.00 secs] 
2020-10-28T13:47:11.528+0000: [GC (Allocation Failure) 2020-10-28T13:47:11.528+0000: [ParNew: 34438K->4K(38720K), 0.0053289 secs] 1053643K->1019209K(1499884K), 0.0053928 secs] [Times: user=0.01 sys=0.00, real=0.00 secs] 
2020-10-28T13:47:11.576+0000: [GC (Allocation Failure) 2020-10-28T13:47:11.576+0000: [ParNew: 34436K->6K(38720K), 0.0053231 secs] 1053641K->1019211K(1499884K), 0.0053868 secs] [Times: user=0.01 sys=0.00, real=0.01 secs] 
2020-10-28T13:47:11.617+0000: [GC (Allocation Failure) 2020-10-28T13:47:11.618+0000: [ParNew: 34438K->6K(38720K), 0.0053841 secs] 1053643K->1019211K(1499884K), 0.0054502 secs] [Times: user=0.01 sys=0.00, real=0.01 secs] 
2020-10-28T13:47:11.664+0000: [GC (Allocation Failure) 2020-10-28T13:47:11.664+0000: [ParNew: 34438K->6K(38720K), 0.0053721 secs] 1053643K->1019211K(1499884K), 0.0054384 secs] [Times: user=0.01 sys=0.00, real=0.01 secs] 
2020-10-28T13:47:11.710+0000: [GC (Allocation Failure) 2020-10-28T13:47:11.710+0000: [ParNew: 34438K->6K(38720K), 0.0053671 secs] 1053643K->1019211K(1499884K), 0.0054325 secs] [Times: user=0.01 sys=0.00, real=0.00 secs] 
2020-10-28T13:47:11.759+0000: [GC (Allocation Failure) 2020-10-28T13:47:11.759+0000: [ParNew: 34438K->6K(38720K), 0.0054241 secs] 1053643K->1019211K(1499884K), 0.0054892 secs] [Times: user=0.01 sys=0.00, real=0.01 secs] 
2020-10-28T13:47:11.801+0000: [GC (Allocation Failure) 2020-10-28T13:47:11.801+0000: [ParNew: 34438K->4K(38720K), 0.0053201 secs] 1053643K->1019209K(1499884K), 0.0053829 secs] [Times: user=0.01 sys=0.00, real=0.00 secs] 
2020-10-28T13:47:11.848+0000: [GC (Allocation Failure) 2020-10-28T13:47:11.848+0000: [ParNew: 34436K->6K(38720K), 0.0053393 secs] 1053641K->1019211K(1499884K), 0.0054027 secs] [Times: user=0.01 sys=0.00, real=0.00 secs] 
2020-10-28T13:47:11.892+0000: [GC (Allocation Failure) 2020-10-28T13:47:11.892+0000: [ParNew: 34438K->6K(38720K), 0.0054457 secs] 1053643K->1019211K(1499884K), 0.0055120 secs] [Times: user=0.01 sys=0.00, real=0.00 secs] 
2020-10-28T13:47:11.934+0000: [GC (Allocation Failure) 2020-10-28T13:47:11.934+0000: [ParNew: 34438K->6K(38720K), 0.0054427 secs] 1053643K->1019211K(1499884K), 0.0055079 secs] [Times: user=0.01 sys=0.00, real=0.00 secs] 
2020-10-28T13:47:11.976+0000: [GC (Allocation Failure) 2020-10-28T13:47:11.976+0000: [ParNew: 34438K->6K(38720K), 0.0054989 secs] 1053643K->1019211K(1499884K), 0.0055649 secs] [Times: user=0.01 sys=0.00, real=0.01 secs] 
2020-10-28T13:47:12.023+0000: [GC (Allocation Failure) 2020-10-28T13:47:12.024+0000: [ParNew: 34438K->6K(38720K), 0.0054313 secs] 1053643K->1019211K(1499884K), 0.0054982 secs] [Times: user=0.01 sys=0.00, real=0.01 secs] 
2020-10-28T13:47:12.065+0000: [GC (Allocation Failure) 2020-10-28T13:47:12.065+0000: [ParNew: 34438K->6K(38720K), 0.0053441 secs] 1053643K->1019211K(1499884K), 0.0054074 secs] [Times: user=0.01 sys=0.00, real=0.01 secs] 
2020-10-28T13:47:12.112+0000: [GC (Allocation Failure) 2020-10-28T13:47:12.112+0000: [ParNew: 34438K->6K(38720K), 0.0053954 secs] 1053643K->1019211K(1499884K), 0.0054620 secs] [Times: user=0.01 sys=0.00, real=0.00 secs] 
2020-10-28T13:47:12.159+0000: [GC (Allocation Failure) 2020-10-28T13:47:12.159+0000: [ParNew: 34438K->6K(38720K), 0.0053583 secs] 1053643K->1019211K(1499884K), 0.0054217 secs] [Times: user=0.01 sys=0.00, real=0.01 secs] 
2020-10-28T13:47:12.201+0000: [GC (Allocation Failure) 2020-10-28T13:47:12.201+0000: [ParNew: 34438K->6K(38720K), 0.0053376 secs] 1053643K->1019211K(1499884K), 0.0054004 secs] [Times: user=0.01 sys=0.00, real=0.00 secs] 
2020-10-28T13:47:12.244+0000: [GC (Allocation Failure) 2020-10-28T13:47:12.244+0000: [ParNew: 34438K->6K(38720K), 0.0055257 secs] 1053643K->1019211K(1499884K), 0.0055885 secs] [Times: user=0.01 sys=0.00, real=0.01 secs] 
2020-10-28T13:47:12.291+0000: [GC (Allocation Failure) 2020-10-28T13:47:12.291+0000: [ParNew: 34438K->4K(38720K), 0.0054240 secs] 1053643K->1019209K(1499884K), 0.0055020 secs] [Times: user=0.01 sys=0.00, real=0.00 secs] 
2020-10-28T13:47:12.333+0000: [GC (Allocation Failure) 2020-10-28T13:47:12.333+0000: [ParNew: 34436K->6K(38720K), 0.0053437 secs] 1053641K->1019211K(1499884K), 0.0054218 secs] [Times: user=0.01 sys=0.00, real=0.00 secs] 
2020-10-28T13:47:12.386+0000: [GC (Allocation Failure) 2020-10-28T13:47:12.386+0000: [ParNew: 34438K->6K(38720K), 0.0053585 secs] 1053643K->1019211K(1499884K), 0.0054223 secs] [Times: user=0.01 sys=0.00, real=0.01 secs] 
2020-10-28T13:47:12.428+0000: [GC (Allocation Failure) 2020-10-28T13:47:12.428+0000: [ParNew: 34438K->6K(38720K), 0.0053436 secs] 1053643K->1019211K(1499884K), 0.0054084 secs] [Times: user=0.02 sys=0.00, real=0.00 secs] 
2020-10-28T13:47:12.474+0000: [GC (Allocation Failure) 2020-10-28T13:47:12.474+0000: [ParNew: 34438K->6K(38720K), 0.0053942 secs] 1053643K->1019211K(1499884K), 0.0054578 secs] [Times: user=0.01 sys=0.00, real=0.00 secs] 
2020-10-28T13:47:12.520+0000: [GC (Allocation Failure) 2020-10-28T13:47:12.520+0000: [ParNew: 34438K->6K(38720K), 0.0053482 secs] 1053643K->1019211K(1499884K), 0.0054114 secs] [Times: user=0.01 sys=0.00, real=0.00 secs] 
2020-10-28T13:47:12.564+0000: [GC (Allocation Failure) 2020-10-28T13:47:12.564+0000: [ParNew: 34438K->6K(38720K), 0.0053258 secs] 1053643K->1019211K(1499884K), 0.0053901 secs] [Times: user=0.01 sys=0.00, real=0.01 secs] 
2020-10-28T13:47:12.620+0000: [GC (Allocation Failure) 2020-10-28T13:47:12.620+0000: [ParNew: 34438K->6K(38720K), 0.0054620 secs] 1053643K->1019211K(1499884K), 0.0055285 secs] [Times: user=0.01 sys=0.00, real=0.00 secs] 
2020-10-28T13:47:12.676+0000: [GC (Allocation Failure) 2020-10-28T13:47:12.676+0000: [ParNew: 34438K->6K(38720K), 0.0053646 secs] 1053643K->1019211K(1499884K), 0.0054301 secs] [Times: user=0.01 sys=0.00, real=0.01 secs] 
2020-10-28T13:47:12.736+0000: [GC (Allocation Failure) 2020-10-28T13:47:12.736+0000: [ParNew: 34438K->6K(38720K), 0.0054970 secs] 1053643K->1019211K(1499884K), 0.0055647 secs] [Times: user=0.01 sys=0.00, real=0.01 secs] 
2020-10-28T13:47:12.797+0000: [GC (Allocation Failure) 2020-10-28T13:47:12.797+0000: [ParNew: 34438K->6K(38720K), 0.0054122 secs] 1053643K->1019211K(1499884K), 0.0054745 secs] [Times: user=0.01 sys=0.00, real=0.01 secs] 
2020-10-28T13:47:12.843+0000: [GC (Allocation Failure) 2020-10-28T13:47:12.843+0000: [ParNew: 34438K->6K(38720K), 0.0054524 secs] 1053643K->1019211K(1499884K), 0.0055190 secs] [Times: user=0.01 sys=0.00, real=0.01 secs] 
2020-10-28T13:47:12.904+0000: [GC (Allocation Failure) 2020-10-28T13:47:12.904+0000: [ParNew: 34438K->6K(38720K), 0.0054096 secs] 1053643K->1019211K(1499884K), 0.0054773 secs] [Times: user=0.01 sys=0.00, real=0.01 secs] 
2020-10-28T13:47:12.976+0000: [GC (Allocation Failure) 2020-10-28T13:47:12.976+0000: [ParNew: 34438K->4K(38720K), 0.0054064 secs] 1053643K->1019210K(1499884K), 0.0054745 secs] [Times: user=0.01 sys=0.00, real=0.01 secs] 
2020-10-28T13:47:13.034+0000: [GC (Allocation Failure) 2020-10-28T13:47:13.034+0000: [ParNew: 34436K->6K(38720K), 0.0054234 secs] 1053642K->1019212K(1499884K), 0.0054916 secs] [Times: user=0.01 sys=0.00, real=0.01 secs] 
2020-10-28T13:47:13.088+0000: [GC (Allocation Failure) 2020-10-28T13:47:13.088+0000: [ParNew: 34438K->4K(38720K), 0.0054026 secs] 1053644K->1019210K(1499884K), 0.0054690 secs] [Times: user=0.01 sys=0.00, real=0.00 secs] 
2020-10-28T13:47:13.142+0000: [GC (Allocation Failure) 2020-10-28T13:47:13.142+0000: [ParNew: 34436K->4K(38720K), 0.0053769 secs] 1053642K->1019210K(1499884K), 0.0054565 secs] [Times: user=0.01 sys=0.00, real=0.01 secs] 
2020-10-28T13:47:13.200+0000: [GC (Allocation Failure) 2020-10-28T13:47:13.200+0000: [ParNew: 34436K->4K(38720K), 0.0054790 secs] 1053642K->1019210K(1499884K), 0.0055445 secs] [Times: user=0.01 sys=0.00, real=0.00 secs] 
2020-10-28T13:47:13.253+0000: [GC (Allocation Failure) 2020-10-28T13:47:13.253+0000: [ParNew: 34436K->6K(38720K), 0.0099632 secs] 1053642K->1019212K(1499884K), 0.0100430 secs] [Times: user=0.01 sys=0.00, real=0.01 secs] 
2020-10-28T13:47:13.333+0000: [GC (Allocation Failure) 2020-10-28T13:47:13.333+0000: [ParNew: 34438K->4K(38720K), 0.0054174 secs] 1053644K->1019210K(1499884K), 0.0054970 secs] [Times: user=0.01 sys=0.00, real=0.00 secs] 
2020-10-28T13:47:13.400+0000: [GC (Allocation Failure) 2020-10-28T13:47:13.400+0000: [ParNew: 34436K->4K(38720K), 0.0055090 secs] 1053642K->1019210K(1499884K), 0.0056307 secs] [Times: user=0.01 sys=0.00, real=0.00 secs] 
2020-10-28T13:47:13.452+0000: [GC (Allocation Failure) 2020-10-28T13:47:13.452+0000: [ParNew: 34436K->4K(38720K), 0.0054829 secs] 1053642K->1019210K(1499884K), 0.0055510 secs] [Times: user=0.01 sys=0.00, real=0.00 secs] 
2020-10-28T13:47:13.505+0000: [GC (Allocation Failure) 2020-10-28T13:47:13.506+0000: [ParNew: 34436K->4K(38720K), 0.0053774 secs] 1053642K->1019210K(1499884K), 0.0054565 secs] [Times: user=0.01 sys=0.00, real=0.01 secs] 
2020-10-28T13:47:13.565+0000: [GC (Allocation Failure) 2020-10-28T13:47:13.565+0000: [ParNew: 34436K->4K(38720K), 0.0054326 secs] 1053642K->1019210K(1499884K), 0.0055004 secs] [Times: user=0.01 sys=0.00, real=0.01 secs] 
2020-10-28T13:47:13.623+0000: [GC (Allocation Failure) 2020-10-28T13:47:13.623+0000: [ParNew: 34436K->4K(38720K), 0.0053536 secs] 1053642K->1019210K(1499884K), 0.0054327 secs] [Times: user=0.01 sys=0.00, real=0.01 secs] 
2020-10-28T13:47:13.670+0000: [GC (Allocation Failure) 2020-10-28T13:47:13.670+0000: [ParNew: 34436K->4K(38720K), 0.0054256 secs] 1053642K->1019210K(1499884K), 0.0054911 secs] [Times: user=0.01 sys=0.00, real=0.00 secs] 
2020-10-28T13:47:13.747+0000: [GC (Allocation Failure) 2020-10-28T13:47:13.747+0000: [ParNew: 34436K->6K(38720K), 0.0054486 secs] 1053642K->1019212K(1499884K), 0.0055158 secs] [Times: user=0.02 sys=0.00, real=0.01 secs] 
2020-10-28T13:47:13.860+0000: [GC (Allocation Failure) 2020-10-28T13:47:13.860+0000: [ParNew: 34438K->6K(38720K), 0.0053735 secs] 1053644K->1019212K(1499884K), 0.0054407 secs] [Times: user=0.01 sys=0.00, real=0.00 secs] 
2020-10-28T13:47:14.020+0000: [GC (Allocation Failure) 2020-10-28T13:47:14.020+0000: [ParNew: 34438K->6K(38720K), 0.0053852 secs] 1053644K->1019212K(1499884K), 0.0054526 secs] [Times: user=0.01 sys=0.01, real=0.00 secs] 
2020-10-28T13:47:14.097+0000: [GC (Allocation Failure) 2020-10-28T13:47:14.097+0000: [ParNew: 34438K->6K(38720K), 0.0056743 secs] 1053644K->1019212K(1499884K), 0.0057390 secs] [Times: user=0.02 sys=0.00, real=0.01 secs] 
2020-10-28T13:47:15.084+0000: [GC (Allocation Failure) 2020-10-28T13:47:15.084+0000: [ParNew: 34438K->6K(38720K), 0.0073383 secs] 1053644K->1019212K(1499884K), 0.0074227 secs] [Times: user=0.01 sys=0.00, real=0.01 secs] 
2020-10-28T13:47:15.486+0000: [GC (Allocation Failure) 2020-10-28T13:47:15.486+0000: [ParNew: 34438K->9K(38720K), 0.0126684 secs] 1053644K->1019215K(1499884K), 0.0127684 secs] [Times: user=0.01 sys=0.00, real=0.01 secs] 
2020-10-28T13:47:15.859+0000: [GC (Allocation Failure) 2020-10-28T13:47:15.859+0000: [ParNew: 34441K->4K(38720K), 0.0123890 secs] 1053647K->1019212K(1499884K), 0.0124907 secs] [Times: user=0.01 sys=0.00, real=0.02 secs] 
2020-10-28T13:47:16.164+0000: [GC (Allocation Failure) 2020-10-28T13:47:16.164+0000: [ParNew: 34436K->6K(38720K), 0.0150661 secs] 1053644K->1019215K(1499884K), 0.0151602 secs] [Times: user=0.02 sys=0.00, real=0.01 secs] 
2020-10-28T13:47:16.346+0000: [GC (Allocation Failure) 2020-10-28T13:47:16.346+0000: [ParNew: 34438K->6K(38720K), 0.0115025 secs] 1053647K->1019215K(1499884K), 0.0115982 secs] [Times: user=0.01 sys=0.00, real=0.01 secs] 
2020-10-28T13:47:16.508+0000: [GC (Allocation Failure) 2020-10-28T13:47:16.508+0000: [ParNew: 34438K->4K(38720K), 0.0112748 secs] 1053647K->1019213K(1499884K), 0.0113654 secs] [Times: user=0.02 sys=0.00, real=0.00 secs] 
2020-10-28T13:47:16.620+0000: [GC (Allocation Failure) 2020-10-28T13:47:16.620+0000: [ParNew: 34436K->4K(38720K), 0.0053719 secs] 1053645K->1019214K(1499884K), 0.0054349 secs] [Times: user=0.01 sys=0.00, real=0.00 secs] 
2020-10-28T13:47:16.716+0000: [GC (Allocation Failure) 2020-10-28T13:47:16.716+0000: [ParNew: 34436K->6K(38720K), 0.0054157 secs] 1053646K->1019216K(1499884K), 0.0054828 secs] [Times: user=0.02 sys=0.00, real=0.01 secs] 
2020-10-28T13:47:16.833+0000: [GC (Allocation Failure) 2020-10-28T13:47:16.833+0000: [ParNew: 34438K->4K(38720K), 0.0053747 secs] 1053648K->1019214K(1499884K), 0.0054545 secs] [Times: user=0.01 sys=0.00, real=0.00 secs] 
2020-10-28T13:47:18.401+0000: [GC (Allocation Failure) 2020-10-28T13:47:18.401+0000: [ParNew: 34436K->1521K(38720K), 0.0091455 secs] 1053646K->1020733K(1499884K), 0.0092182 secs] [Times: user=0.01 sys=0.00, real=0.01 secs] 
2020-10-28T13:47:19.082+0000: [GC (Allocation Failure) 2020-10-28T13:47:19.082+0000: [ParNew: 35953K->2950K(38720K), 0.0083320 secs] 1055165K->1022162K(1499884K), 0.0084035 secs] [Times: user=0.02 sys=0.00, real=0.01 secs] 
2020-10-28T13:47:19.308+0000: [GC (Allocation Failure) 2020-10-28T13:47:19.308+0000: [ParNew: 37382K->2289K(38720K), 0.0133404 secs] 1056594K->1022409K(1499884K), 0.0134132 secs] [Times: user=0.02 sys=0.00, real=0.01 secs] 
2020-10-28T13:47:19.537+0000: [GC (Allocation Failure) 2020-10-28T13:47:19.537+0000: [ParNew: 36721K->3692K(38720K), 0.0109705 secs] 1056841K->1023812K(1499884K), 0.0110464 secs] [Times: user=0.02 sys=0.00, real=0.02 secs] 
2020-10-28T13:47:19.911+0000: [GC (Allocation Failure) 2020-10-28T13:47:19.911+0000: [ParNew: 38124K->3303K(38720K), 0.0203112 secs] 1058244K->1025166K(1499884K), 0.0203857 secs] [Times: user=0.04 sys=0.00, real=0.02 secs] 
2020-10-28T13:47:20.402+0000: [GC (Allocation Failure) 2020-10-28T13:47:20.402+0000: [ParNew: 37735K->1878K(38720K), 0.0085697 secs] 1059598K->1023740K(1499884K), 0.0086676 secs] [Times: user=0.02 sys=0.00, real=0.01 secs] 
Heap
 par new generation   total 38720K, used 25961K [0x00000006a0000000, 0x00000006a2a00000, 0x00000006aa660000)
  eden space 34432K,  69% used [0x00000006a0000000, 0x00000006a1784e90, 0x00000006a21a0000)
  from space 4288K,  43% used [0x00000006a21a0000, 0x00000006a23758d0, 0x00000006a25d0000)
  to   space 4288K,   0% used [0x00000006a25d0000, 0x00000006a25d0000, 0x00000006a2a00000)
 concurrent mark-sweep generation total 1461164K, used 1021862K [0x00000006aa660000, 0x000000070394b000, 0x00000007c0000000)
 Metaspace       used 78581K, capacity 80078K, committed 80212K, reserved 1118208K
  class space    used 10576K, capacity 10833K, committed 10864K, reserved 1048576K
End of LogType:stdout

