

Container: container_1603959726485_0023_01_000001 on ip-10-0-40-135.ec2.internal_8041
=======================================================================================
LogType:stderr
Log Upload Time:gio ott 29 15:51:44 +0000 2020
LogLength:12188
Log Contents:
SLF4J: Class path contains multiple SLF4J bindings.
SLF4J: Found binding in [jar:file:/mnt/yarn/usercache/hadoop/filecache/72/__spark_libs__2339274131477283316.zip/slf4j-log4j12-1.7.16.jar!/org/slf4j/impl/StaticLoggerBinder.class]
SLF4J: Found binding in [jar:file:/usr/lib/hadoop/lib/slf4j-log4j12-1.7.10.jar!/org/slf4j/impl/StaticLoggerBinder.class]
SLF4J: See http://www.slf4j.org/codes.html#multiple_bindings for an explanation.
SLF4J: Actual binding is of type [org.slf4j.impl.Log4jLoggerFactory]
20/10/29 15:49:22 INFO SignalUtils: Registered signal handler for TERM
20/10/29 15:49:22 INFO SignalUtils: Registered signal handler for HUP
20/10/29 15:49:22 INFO SignalUtils: Registered signal handler for INT
20/10/29 15:49:22 INFO SecurityManager: Changing view acls to: yarn,hadoop
20/10/29 15:49:22 INFO SecurityManager: Changing modify acls to: yarn,hadoop
20/10/29 15:49:22 INFO SecurityManager: Changing view acls groups to: 
20/10/29 15:49:22 INFO SecurityManager: Changing modify acls groups to: 
20/10/29 15:49:22 INFO SecurityManager: SecurityManager: authentication disabled; ui acls disabled; users  with view permissions: Set(yarn, hadoop); groups with view permissions: Set(); users  with modify permissions: Set(yarn, hadoop); groups with modify permissions: Set()
20/10/29 15:49:23 INFO ApplicationMaster: Preparing Local resources
20/10/29 15:49:24 INFO ApplicationMaster: ApplicationAttemptId: appattempt_1603959726485_0023_000001
20/10/29 15:49:24 INFO ApplicationMaster: Starting the user application in a separate Thread
20/10/29 15:49:24 INFO ApplicationMaster: Waiting for spark context initialization...
20/10/29 15:49:25 INFO SparkContext: Running Spark version 2.4.0
20/10/29 15:49:25 INFO SparkContext: Submitted application: SpectralRegressionSpark.py
20/10/29 15:49:25 INFO SecurityManager: Changing view acls to: yarn,hadoop
20/10/29 15:49:25 INFO SecurityManager: Changing modify acls to: yarn,hadoop
20/10/29 15:49:25 INFO SecurityManager: Changing view acls groups to: 
20/10/29 15:49:25 INFO SecurityManager: Changing modify acls groups to: 
20/10/29 15:49:25 INFO SecurityManager: SecurityManager: authentication disabled; ui acls disabled; users  with view permissions: Set(yarn, hadoop); groups with view permissions: Set(); users  with modify permissions: Set(yarn, hadoop); groups with modify permissions: Set()
20/10/29 15:49:26 INFO Utils: Successfully started service 'sparkDriver' on port 36309.
20/10/29 15:49:26 INFO SparkEnv: Registering MapOutputTracker
20/10/29 15:49:26 INFO SparkEnv: Registering BlockManagerMaster
20/10/29 15:49:26 INFO BlockManagerMasterEndpoint: Using org.apache.spark.storage.DefaultTopologyMapper for getting topology information
20/10/29 15:49:26 INFO BlockManagerMasterEndpoint: BlockManagerMasterEndpoint up
20/10/29 15:49:26 INFO DiskBlockManager: Created local directory at /mnt/yarn/usercache/hadoop/appcache/application_1603959726485_0023/blockmgr-06835d1e-68f2-4235-ad98-6d07179145d3
20/10/29 15:49:26 INFO MemoryStore: MemoryStore started with capacity 424.4 MB
20/10/29 15:49:26 INFO SparkEnv: Registering OutputCommitCoordinator
20/10/29 15:49:26 INFO JettyUtils: Adding filter org.apache.hadoop.yarn.server.webproxy.amfilter.AmIpFilter to /jobs, /jobs/json, /jobs/job, /jobs/job/json, /stages, /stages/json, /stages/stage, /stages/stage/json, /stages/pool, /stages/pool/json, /storage, /storage/json, /storage/rdd, /storage/rdd/json, /environment, /environment/json, /executors, /executors/json, /executors/threadDump, /executors/threadDump/json, /static, /, /api, /jobs/job/kill, /stages/stage/kill.
20/10/29 15:49:26 INFO Utils: Successfully started service 'SparkUI' on port 43587.
20/10/29 15:49:26 INFO SparkUI: Bound SparkUI to 0.0.0.0, and started at http://ip-10-0-40-135.ec2.internal:43587
20/10/29 15:49:26 INFO YarnClusterScheduler: Created YarnClusterScheduler
20/10/29 15:49:26 INFO SchedulerExtensionServices: Starting Yarn extension services with app application_1603959726485_0023 and attemptId Some(appattempt_1603959726485_0023_000001)
20/10/29 15:49:26 INFO Utils: Using initial executors = 0, max of spark.dynamicAllocation.initialExecutors, spark.dynamicAllocation.minExecutors and spark.executor.instances
20/10/29 15:49:26 INFO Utils: Successfully started service 'org.apache.spark.network.netty.NettyBlockTransferService' on port 38309.
20/10/29 15:49:26 INFO NettyBlockTransferService: Server created on ip-10-0-40-135.ec2.internal:38309
20/10/29 15:49:26 INFO BlockManager: Using org.apache.spark.storage.RandomBlockReplicationPolicy for block replication policy
20/10/29 15:49:26 INFO BlockManagerMaster: Registering BlockManager BlockManagerId(driver, ip-10-0-40-135.ec2.internal, 38309, None)
20/10/29 15:49:26 INFO BlockManagerMasterEndpoint: Registering block manager ip-10-0-40-135.ec2.internal:38309 with 424.4 MB RAM, BlockManagerId(driver, ip-10-0-40-135.ec2.internal, 38309, None)
20/10/29 15:49:26 INFO BlockManagerMaster: Registered BlockManager BlockManagerId(driver, ip-10-0-40-135.ec2.internal, 38309, None)
20/10/29 15:49:26 INFO BlockManager: external shuffle service port = 7337
20/10/29 15:49:26 INFO BlockManager: Initialized BlockManager: BlockManagerId(driver, ip-10-0-40-135.ec2.internal, 38309, None)
20/10/29 15:49:27 INFO JettyUtils: Adding filter org.apache.hadoop.yarn.server.webproxy.amfilter.AmIpFilter to /metrics/json.
20/10/29 15:49:27 INFO EventLoggingListener: Logging events to hdfs:/var/log/spark/apps/application_1603959726485_0023_1
20/10/29 15:49:27 INFO Utils: Using initial executors = 0, max of spark.dynamicAllocation.initialExecutors, spark.dynamicAllocation.minExecutors and spark.executor.instances
20/10/29 15:49:27 WARN YarnSchedulerBackend$YarnSchedulerEndpoint: Attempted to request executors before the AM has registered!
20/10/29 15:49:27 INFO RMProxy: Connecting to ResourceManager at ip-10-0-51-133.ec2.internal/10.0.51.133:8030
20/10/29 15:49:27 INFO YarnRMClient: Registering the ApplicationMaster
20/10/29 15:49:28 INFO ApplicationMaster: 
===============================================================================
YARN executor launch context:
  env:
    CLASSPATH -> /usr/lib/hadoop-lzo/lib/*:/usr/lib/hadoop/hadoop-aws.jar:/usr/share/aws/aws-java-sdk/*:/usr/share/aws/emr/emrfs/conf:/usr/share/aws/emr/emrfs/lib/*:/usr/share/aws/emr/emrfs/auxlib/*:/usr/share/aws/emr/goodies/lib/emr-spark-goodies.jar:/usr/share/aws/emr/security/conf:/usr/share/aws/emr/security/lib/*:/usr/share/aws/hmclient/lib/aws-glue-datacatalog-spark-client.jar:/usr/share/java/Hive-JSON-Serde/hive-openx-serde.jar:/usr/share/aws/sagemaker-spark-sdk/lib/sagemaker-spark-sdk.jar:/usr/share/aws/emr/s3select/lib/emr-s3-select-spark-connector.jar<CPS>{{PWD}}<CPS>{{PWD}}/__spark_conf__<CPS>{{PWD}}/__spark_libs__/*<CPS>$HADOOP_CONF_DIR<CPS>$HADOOP_COMMON_HOME/*<CPS>$HADOOP_COMMON_HOME/lib/*<CPS>$HADOOP_HDFS_HOME/*<CPS>$HADOOP_HDFS_HOME/lib/*<CPS>$HADOOP_MAPRED_HOME/*<CPS>$HADOOP_MAPRED_HOME/lib/*<CPS>$HADOOP_YARN_HOME/*<CPS>$HADOOP_YARN_HOME/lib/*<CPS>/usr/lib/hadoop-lzo/lib/*<CPS>/usr/share/aws/emr/emrfs/conf<CPS>/usr/share/aws/emr/emrfs/lib/*<CPS>/usr/share/aws/emr/emrfs/auxlib/*<CPS>/usr/share/aws/emr/lib/*<CPS>/usr/share/aws/emr/ddb/lib/emr-ddb-hadoop.jar<CPS>/usr/share/aws/emr/goodies/lib/emr-hadoop-goodies.jar<CPS>/usr/share/aws/emr/cloudwatch-sink/lib/*<CPS>/usr/share/aws/aws-java-sdk/*<CPS>$HADOOP_MAPRED_HOME/share/hadoop/mapreduce/*<CPS>$HADOOP_MAPRED_HOME/share/hadoop/mapreduce/lib/*<CPS>/usr/lib/hadoop-lzo/lib/*<CPS>/usr/share/aws/emr/emrfs/conf<CPS>/usr/share/aws/emr/emrfs/lib/*<CPS>/usr/share/aws/emr/emrfs/auxlib/*<CPS>/usr/share/aws/emr/lib/*<CPS>/usr/share/aws/emr/ddb/lib/emr-ddb-hadoop.jar<CPS>/usr/share/aws/emr/goodies/lib/emr-hadoop-goodies.jar<CPS>/usr/share/aws/emr/cloudwatch-sink/lib/*<CPS>/usr/share/aws/aws-java-sdk/*<CPS>{{PWD}}/__spark_conf__/__hadoop_conf__
    SPARK_YARN_STAGING_DIR -> hdfs://ip-10-0-51-133.ec2.internal:8020/user/hadoop/.sparkStaging/application_1603959726485_0023
    SPARK_USER -> hadoop
    PYTHONPATH -> {{PWD}}/pyspark.zip<CPS>{{PWD}}/py4j-0.10.7-src.zip
    SPARK_PUBLIC_DNS -> ip-10-0-40-135.ec2.internal

  command:
    LD_LIBRARY_PATH=\"/usr/lib/hadoop/lib/native:/usr/lib/hadoop-lzo/lib/native:$LD_LIBRARY_PATH\" \ 
      {{JAVA_HOME}}/bin/java \ 
      -server \ 
      -Xmx1024m \ 
      '-verbose:gc' \ 
      '-XX:+PrintGCDetails' \ 
      '-XX:+PrintGCDateStamps' \ 
      '-XX:+UseConcMarkSweepGC' \ 
      '-XX:CMSInitiatingOccupancyFraction=70' \ 
      '-XX:MaxHeapFreeRatio=70' \ 
      '-XX:+CMSClassUnloadingEnabled' \ 
      '-XX:OnOutOfMemoryError=kill -9 %p' \ 
      -Djava.io.tmpdir={{PWD}}/tmp \ 
      '-Dspark.driver.port=36309' \ 
      '-Dspark.history.ui.port=18080' \ 
      '-Dspark.ui.port=0' \ 
      -Dspark.yarn.app.container.log.dir=<LOG_DIR> \ 
      org.apache.spark.executor.CoarseGrainedExecutorBackend \ 
      --driver-url \ 
      spark://CoarseGrainedScheduler@ip-10-0-40-135.ec2.internal:36309 \ 
      --executor-id \ 
      <executorId> \ 
      --hostname \ 
      <hostname> \ 
      --cores \ 
      2 \ 
      --app-id \ 
      application_1603959726485_0023 \ 
      --user-class-path \ 
      file:$PWD/__app__.jar \ 
      1><LOG_DIR>/stdout \ 
      2><LOG_DIR>/stderr

  resources:
    pyspark.zip -> resource { scheme: "hdfs" host: "ip-10-0-51-133.ec2.internal" port: 8020 file: "/user/hadoop/.sparkStaging/application_1603959726485_0023/pyspark.zip" } size: 589684 timestamp: 1603986556859 type: FILE visibility: PRIVATE
    py4j-0.10.7-src.zip -> resource { scheme: "hdfs" host: "ip-10-0-51-133.ec2.internal" port: 8020 file: "/user/hadoop/.sparkStaging/application_1603959726485_0023/py4j-0.10.7-src.zip" } size: 42437 timestamp: 1603986556880 type: FILE visibility: PRIVATE
    __spark_libs__ -> resource { scheme: "hdfs" host: "ip-10-0-51-133.ec2.internal" port: 8020 file: "/user/hadoop/.sparkStaging/application_1603959726485_0023/__spark_libs__2339274131477283316.zip" } size: 229091301 timestamp: 1603986556679 type: ARCHIVE visibility: PRIVATE
    __spark_conf__ -> resource { scheme: "hdfs" host: "ip-10-0-51-133.ec2.internal" port: 8020 file: "/user/hadoop/.sparkStaging/application_1603959726485_0023/__spark_conf__.zip" } size: 210445 timestamp: 1603986557062 type: ARCHIVE visibility: PRIVATE

===============================================================================
20/10/29 15:49:28 INFO Utils: Using initial executors = 0, max of spark.dynamicAllocation.initialExecutors, spark.dynamicAllocation.minExecutors and spark.executor.instances
20/10/29 15:49:28 INFO YarnSchedulerBackend$YarnSchedulerEndpoint: ApplicationMaster registered as NettyRpcEndpointRef(spark://YarnAM@ip-10-0-40-135.ec2.internal:36309)
20/10/29 15:49:28 INFO ApplicationMaster: Started progress reporter thread with (heartbeat : 3000, initial allocation : 200) intervals
20/10/29 15:49:28 INFO YarnClusterSchedulerBackend: SchedulerBackend is ready for scheduling beginning after reached minRegisteredResourcesRatio: 0.8
20/10/29 15:49:28 INFO YarnClusterScheduler: YarnClusterScheduler.postStartHook done
20/10/29 15:49:28 INFO SharedState: loading hive config file: file:/mnt/yarn/usercache/hadoop/filecache/73/__spark_conf__.zip/__hadoop_conf__/hive-site.xml
20/10/29 15:49:28 INFO SharedState: Setting hive.metastore.warehouse.dir ('null') to the value of spark.sql.warehouse.dir ('hdfs:///user/spark/warehouse').
20/10/29 15:49:28 INFO SharedState: Warehouse path is 'hdfs:///user/spark/warehouse'.
20/10/29 15:49:28 INFO JettyUtils: Adding filter org.apache.hadoop.yarn.server.webproxy.amfilter.AmIpFilter to /SQL.
20/10/29 15:49:28 INFO JettyUtils: Adding filter org.apache.hadoop.yarn.server.webproxy.amfilter.AmIpFilter to /SQL/json.
20/10/29 15:49:28 INFO JettyUtils: Adding filter org.apache.hadoop.yarn.server.webproxy.amfilter.AmIpFilter to /SQL/execution.
20/10/29 15:49:28 INFO JettyUtils: Adding filter org.apache.hadoop.yarn.server.webproxy.amfilter.AmIpFilter to /SQL/execution/json.
20/10/29 15:49:28 INFO JettyUtils: Adding filter org.apache.hadoop.yarn.server.webproxy.amfilter.AmIpFilter to /static/sql.
20/10/29 15:49:29 INFO StateStoreCoordinatorRef: Registered StateStoreCoordinator endpoint
End of LogType:stderr

LogType:stdout
Log Upload Time:gio ott 29 15:51:44 +0000 2020
LogLength:1511
Log Contents:



 *******



 BEGIN



 *******



s3://spectral-regression-spark-bucket/spectral_data_class.csv
Loading DataFrame from file...

Schema of original DataFrame:
root
 |-- spectroFlux_u: double (nullable = true)
 |-- spectroFlux_g: double (nullable = true)
 |-- spectroFlux_r: double (nullable = true)
 |-- spectroFlux_i: double (nullable = true)
 |-- spectroFlux_z: double (nullable = true)
 |-- source_class: string (nullable = true)
 |-- redshift: double (nullable = true)


Schema of DataFrame with differences between spectral classes:
root
 |-- source_class: string (nullable = true)
 |-- redshift: double (nullable = true)
 |-- u_g: double (nullable = true)
 |-- g_r: double (nullable = true)
 |-- r_i: double (nullable = true)
 |-- i_z: double (nullable = true)


Schema of DataFrame without old columns:
root
 |-- source_class: string (nullable = true)
 |-- redshift: double (nullable = true)
 |-- features: vector (nullable = true)


Schema of DataFrame ready for regression models:
root
 |-- redshift: double (nullable = true)
 |-- features: vector (nullable = true)


Training Linear Regressor on training data...
...done.


Evaluating model on test data...


Evaluating model on GALAXY test data...


Evaluating model on QSO test data...


Root Mean Squared Error (RMSE) on test data = 0.876041384802

Root Mean Squared Error (RMSE) on GALAXY test data = 0.463562662586
Root Mean Squared Error (RMSE) on QSO test data = 1.49774249663


Time elapsed: 99.1818628311



 *******



 END



 *******



End of LogType:stdout



Container: container_1603959726485_0023_01_000002 on ip-10-0-47-24.ec2.internal_8041
======================================================================================
LogType:stderr
Log Upload Time:gio ott 29 15:51:43 +0000 2020
LogLength:20295
Log Contents:
SLF4J: Class path contains multiple SLF4J bindings.
SLF4J: Found binding in [jar:file:/mnt/yarn/usercache/hadoop/filecache/78/__spark_libs__2339274131477283316.zip/slf4j-log4j12-1.7.16.jar!/org/slf4j/impl/StaticLoggerBinder.class]
SLF4J: Found binding in [jar:file:/usr/lib/hadoop/lib/slf4j-log4j12-1.7.10.jar!/org/slf4j/impl/StaticLoggerBinder.class]
SLF4J: See http://www.slf4j.org/codes.html#multiple_bindings for an explanation.
SLF4J: Actual binding is of type [org.slf4j.impl.Log4jLoggerFactory]
20/10/29 15:49:42 INFO CoarseGrainedExecutorBackend: Started daemon with process name: 24712@ip-10-0-47-24
20/10/29 15:49:42 INFO SignalUtils: Registered signal handler for TERM
20/10/29 15:49:42 INFO SignalUtils: Registered signal handler for HUP
20/10/29 15:49:42 INFO SignalUtils: Registered signal handler for INT
20/10/29 15:49:43 INFO SecurityManager: Changing view acls to: yarn,hadoop
20/10/29 15:49:43 INFO SecurityManager: Changing modify acls to: yarn,hadoop
20/10/29 15:49:43 INFO SecurityManager: Changing view acls groups to: 
20/10/29 15:49:43 INFO SecurityManager: Changing modify acls groups to: 
20/10/29 15:49:43 INFO SecurityManager: SecurityManager: authentication disabled; ui acls disabled; users  with view permissions: Set(yarn, hadoop); groups with view permissions: Set(); users  with modify permissions: Set(yarn, hadoop); groups with modify permissions: Set()
20/10/29 15:49:43 INFO TransportClientFactory: Successfully created connection to ip-10-0-40-135.ec2.internal/10.0.40.135:36309 after 99 ms (0 ms spent in bootstraps)
20/10/29 15:49:44 INFO SecurityManager: Changing view acls to: yarn,hadoop
20/10/29 15:49:44 INFO SecurityManager: Changing modify acls to: yarn,hadoop
20/10/29 15:49:44 INFO SecurityManager: Changing view acls groups to: 
20/10/29 15:49:44 INFO SecurityManager: Changing modify acls groups to: 
20/10/29 15:49:44 INFO SecurityManager: SecurityManager: authentication disabled; ui acls disabled; users  with view permissions: Set(yarn, hadoop); groups with view permissions: Set(); users  with modify permissions: Set(yarn, hadoop); groups with modify permissions: Set()
20/10/29 15:49:44 INFO TransportClientFactory: Successfully created connection to ip-10-0-40-135.ec2.internal/10.0.40.135:36309 after 1 ms (0 ms spent in bootstraps)
20/10/29 15:49:44 INFO DiskBlockManager: Created local directory at /mnt/yarn/usercache/hadoop/appcache/application_1603959726485_0023/blockmgr-20eec508-fa19-4d3f-98ab-eba7d75945a1
20/10/29 15:49:44 INFO MemoryStore: MemoryStore started with capacity 424.4 MB
20/10/29 15:49:44 INFO CoarseGrainedExecutorBackend: Connecting to driver: spark://CoarseGrainedScheduler@ip-10-0-40-135.ec2.internal:36309
20/10/29 15:49:44 INFO CoarseGrainedExecutorBackend: Successfully registered with driver
20/10/29 15:49:44 INFO Executor: Starting executor ID 1 on host ip-10-0-47-24.ec2.internal
20/10/29 15:49:44 INFO Utils: Successfully started service 'org.apache.spark.network.netty.NettyBlockTransferService' on port 37919.
20/10/29 15:49:44 INFO NettyBlockTransferService: Server created on ip-10-0-47-24.ec2.internal:37919
20/10/29 15:49:44 INFO BlockManager: Using org.apache.spark.storage.RandomBlockReplicationPolicy for block replication policy
20/10/29 15:49:45 INFO BlockManagerMaster: Registering BlockManager BlockManagerId(1, ip-10-0-47-24.ec2.internal, 37919, None)
20/10/29 15:49:45 INFO BlockManagerMaster: Registered BlockManager BlockManagerId(1, ip-10-0-47-24.ec2.internal, 37919, None)
20/10/29 15:49:45 INFO BlockManager: external shuffle service port = 7337
20/10/29 15:49:45 INFO BlockManager: Registering executor with local external shuffle service.
20/10/29 15:49:45 INFO TransportClientFactory: Successfully created connection to ip-10-0-47-24.ec2.internal/10.0.47.24:7337 after 1 ms (0 ms spent in bootstraps)
20/10/29 15:49:45 INFO BlockManager: Initialized BlockManager: BlockManagerId(1, ip-10-0-47-24.ec2.internal, 37919, None)
20/10/29 15:49:45 INFO CoarseGrainedExecutorBackend: Got assigned task 0
20/10/29 15:49:45 INFO Executor: Running task 0.0 in stage 0.0 (TID 0)
20/10/29 15:49:45 INFO TorrentBroadcast: Started reading broadcast variable 1
20/10/29 15:49:45 INFO TransportClientFactory: Successfully created connection to ip-10-0-40-135.ec2.internal/10.0.40.135:38309 after 2 ms (0 ms spent in bootstraps)
20/10/29 15:49:45 INFO MemoryStore: Block broadcast_1_piece0 stored as bytes in memory (estimated size 15.8 KB, free 424.4 MB)
20/10/29 15:49:45 INFO TorrentBroadcast: Reading broadcast variable 1 took 155 ms
20/10/29 15:49:45 INFO MemoryStore: Block broadcast_1 stored as values in memory (estimated size 40.3 KB, free 424.4 MB)
20/10/29 15:49:46 INFO CodeGenerator: Code generated in 456.571687 ms
20/10/29 15:49:46 INFO CodeGenerator: Code generated in 73.375006 ms
20/10/29 15:49:46 INFO CodeGenerator: Code generated in 21.246361 ms
20/10/29 15:49:46 INFO FileScanRDD: Reading File path: s3://spectral-regression-spark-bucket/spectral_data_class.csv, range: 0-134217728, partition values: [empty row]
20/10/29 15:49:46 INFO CodeGenerator: Code generated in 17.273445 ms
20/10/29 15:49:46 INFO TorrentBroadcast: Started reading broadcast variable 0
20/10/29 15:49:46 INFO MemoryStore: Block broadcast_0_piece0 stored as bytes in memory (estimated size 36.7 KB, free 424.3 MB)
20/10/29 15:49:46 INFO TorrentBroadcast: Reading broadcast variable 0 took 33 ms
20/10/29 15:49:47 INFO MemoryStore: Block broadcast_0 stored as values in memory (estimated size 576.5 KB, free 423.7 MB)
20/10/29 15:49:49 INFO S3NativeFileSystem: Opening 's3://spectral-regression-spark-bucket/spectral_data_class.csv' for reading
20/10/29 15:49:49 INFO GPLNativeCodeLoader: Loaded native gpl library
20/10/29 15:49:49 INFO LzoCodec: Successfully loaded & initialized native-lzo library [hadoop-lzo rev 1546b8dc0ca6f1ffd26a812d52bd7b80915e0a25]
20/10/29 15:50:00 INFO Executor: Finished task 0.0 in stage 0.0 (TID 0). 1984 bytes result sent to driver
20/10/29 15:50:01 INFO CoarseGrainedExecutorBackend: Got assigned task 1
20/10/29 15:50:01 INFO Executor: Running task 0.0 in stage 1.0 (TID 1)
20/10/29 15:50:01 INFO CoarseGrainedExecutorBackend: Got assigned task 2
20/10/29 15:50:01 INFO Executor: Running task 1.0 in stage 1.0 (TID 2)
20/10/29 15:50:01 INFO TorrentBroadcast: Started reading broadcast variable 4
20/10/29 15:50:01 INFO MemoryStore: Block broadcast_4_piece0 stored as bytes in memory (estimated size 17.1 KB, free 423.8 MB)
20/10/29 15:50:01 INFO TorrentBroadcast: Reading broadcast variable 4 took 15 ms
20/10/29 15:50:01 INFO MemoryStore: Block broadcast_4 stored as values in memory (estimated size 43.4 KB, free 423.7 MB)
20/10/29 15:50:01 INFO CodeGenerator: Code generated in 145.028922 ms
20/10/29 15:50:03 INFO CodeGenerator: Code generated in 24.10776 ms
20/10/29 15:50:03 INFO FileScanRDD: Reading File path: s3://spectral-regression-spark-bucket/spectral_data_class.csv, range: 0-134217728, partition values: [empty row]
20/10/29 15:50:03 INFO FileScanRDD: Reading File path: s3://spectral-regression-spark-bucket/spectral_data_class.csv, range: 134217728-268435456, partition values: [empty row]
20/10/29 15:50:03 INFO TorrentBroadcast: Started reading broadcast variable 2
20/10/29 15:50:03 INFO MemoryStore: Block broadcast_2_piece0 stored as bytes in memory (estimated size 36.7 KB, free 423.6 MB)
20/10/29 15:50:03 INFO TorrentBroadcast: Reading broadcast variable 2 took 17 ms
20/10/29 15:50:03 INFO MemoryStore: Block broadcast_2 stored as values in memory (estimated size 576.5 KB, free 423.0 MB)
20/10/29 15:50:03 INFO S3NativeFileSystem: Opening 's3://spectral-regression-spark-bucket/spectral_data_class.csv' for reading
20/10/29 15:50:03 INFO S3NativeFileSystem: Opening 's3://spectral-regression-spark-bucket/spectral_data_class.csv' for reading
20/10/29 15:50:15 INFO UnsafeExternalSorter: Thread 36 spilling sort data of 192.0 MB to disk (0  time so far)
20/10/29 15:50:18 INFO UnsafeExternalSorter: Thread 28 spilling sort data of 192.0 MB to disk (0  time so far)
20/10/29 15:50:21 INFO JniLoader: successfully loaded /mnt/yarn/usercache/hadoop/appcache/application_1603959726485_0023/container_1603959726485_0023_01_000002/tmp/jniloader8881032305271000641netlib-native_system-linux-x86_64.so
20/10/29 15:50:25 INFO Executor: Finished task 0.0 in stage 1.0 (TID 1). 2504 bytes result sent to driver
20/10/29 15:50:25 INFO Executor: Finished task 1.0 in stage 1.0 (TID 2). 2504 bytes result sent to driver
20/10/29 15:50:26 INFO CoarseGrainedExecutorBackend: Got assigned task 5
20/10/29 15:50:26 INFO Executor: Running task 1.0 in stage 2.0 (TID 5)
20/10/29 15:50:26 INFO TorrentBroadcast: Started reading broadcast variable 6
20/10/29 15:50:26 INFO CoarseGrainedExecutorBackend: Got assigned task 7
20/10/29 15:50:26 INFO Executor: Running task 3.0 in stage 2.0 (TID 7)
20/10/29 15:50:26 INFO MemoryStore: Block broadcast_6_piece0 stored as bytes in memory (estimated size 18.7 KB, free 423.8 MB)
20/10/29 15:50:26 INFO TorrentBroadcast: Reading broadcast variable 6 took 10 ms
20/10/29 15:50:26 INFO MemoryStore: Block broadcast_6 stored as values in memory (estimated size 44.9 KB, free 423.8 MB)
20/10/29 15:50:27 INFO CodeGenerator: Code generated in 84.894651 ms
20/10/29 15:50:27 INFO CodeGenerator: Code generated in 26.1867 ms
20/10/29 15:50:27 INFO FileScanRDD: Reading File path: s3://spectral-regression-spark-bucket/spectral_data_class.csv, range: 80801163-161602326, partition values: [empty row]
20/10/29 15:50:27 INFO FileScanRDD: Reading File path: s3://spectral-regression-spark-bucket/spectral_data_class.csv, range: 242403489-319010350, partition values: [empty row]
20/10/29 15:50:27 INFO TorrentBroadcast: Started reading broadcast variable 5
20/10/29 15:50:27 INFO MemoryStore: Block broadcast_5_piece0 stored as bytes in memory (estimated size 36.7 KB, free 423.6 MB)
20/10/29 15:50:27 INFO TorrentBroadcast: Reading broadcast variable 5 took 14 ms
20/10/29 15:50:27 INFO MemoryStore: Block broadcast_5 stored as values in memory (estimated size 576.5 KB, free 423.0 MB)
20/10/29 15:50:27 INFO S3NativeFileSystem: Opening 's3://spectral-regression-spark-bucket/spectral_data_class.csv' for reading
20/10/29 15:50:27 INFO S3NativeFileSystem: Opening 's3://spectral-regression-spark-bucket/spectral_data_class.csv' for reading
20/10/29 15:50:38 INFO Executor: Finished task 1.0 in stage 2.0 (TID 5). 2448 bytes result sent to driver
20/10/29 15:50:38 INFO Executor: Finished task 3.0 in stage 2.0 (TID 7). 2405 bytes result sent to driver
20/10/29 15:50:40 INFO CoarseGrainedExecutorBackend: Got assigned task 9
20/10/29 15:50:40 INFO Executor: Running task 1.0 in stage 3.0 (TID 9)
20/10/29 15:50:40 INFO CoarseGrainedExecutorBackend: Got assigned task 11
20/10/29 15:50:40 INFO Executor: Running task 3.0 in stage 3.0 (TID 11)
20/10/29 15:50:40 INFO TorrentBroadcast: Started reading broadcast variable 7
20/10/29 15:50:40 INFO MemoryStore: Block broadcast_7_piece0 stored as bytes in memory (estimated size 18.5 KB, free 423.1 MB)
20/10/29 15:50:40 INFO TorrentBroadcast: Reading broadcast variable 7 took 9 ms
20/10/29 15:50:40 INFO MemoryStore: Block broadcast_7 stored as values in memory (estimated size 44.1 KB, free 423.1 MB)
20/10/29 15:50:40 INFO FileScanRDD: Reading File path: s3://spectral-regression-spark-bucket/spectral_data_class.csv, range: 242403489-319010350, partition values: [empty row]
20/10/29 15:50:40 INFO S3NativeFileSystem: Opening 's3://spectral-regression-spark-bucket/spectral_data_class.csv' for reading
20/10/29 15:50:40 INFO FileScanRDD: Reading File path: s3://spectral-regression-spark-bucket/spectral_data_class.csv, range: 80801163-161602326, partition values: [empty row]
20/10/29 15:50:40 INFO S3NativeFileSystem: Opening 's3://spectral-regression-spark-bucket/spectral_data_class.csv' for reading
20/10/29 15:50:51 INFO Executor: Finished task 3.0 in stage 3.0 (TID 11). 1922 bytes result sent to driver
20/10/29 15:50:52 INFO Executor: Finished task 1.0 in stage 3.0 (TID 9). 1922 bytes result sent to driver
20/10/29 15:50:52 INFO CoarseGrainedExecutorBackend: Got assigned task 12
20/10/29 15:50:52 INFO Executor: Running task 0.0 in stage 4.0 (TID 12)
20/10/29 15:50:52 INFO CoarseGrainedExecutorBackend: Got assigned task 14
20/10/29 15:50:52 INFO Executor: Running task 2.0 in stage 4.0 (TID 14)
20/10/29 15:50:52 INFO TorrentBroadcast: Started reading broadcast variable 9
20/10/29 15:50:52 INFO MemoryStore: Block broadcast_9_piece0 stored as bytes in memory (estimated size 17.1 KB, free 423.2 MB)
20/10/29 15:50:52 INFO TorrentBroadcast: Reading broadcast variable 9 took 8 ms
20/10/29 15:50:52 INFO MemoryStore: Block broadcast_9 stored as values in memory (estimated size 40.0 KB, free 423.2 MB)
20/10/29 15:50:52 INFO CodeGenerator: Code generated in 61.274114 ms
20/10/29 15:50:52 INFO FileScanRDD: Reading File path: s3://spectral-regression-spark-bucket/spectral_data_class.csv, range: 0-80801163, partition values: [empty row]
20/10/29 15:50:52 INFO FileScanRDD: Reading File path: s3://spectral-regression-spark-bucket/spectral_data_class.csv, range: 161602326-242403489, partition values: [empty row]
20/10/29 15:50:52 INFO TorrentBroadcast: Started reading broadcast variable 8
20/10/29 15:50:52 INFO MemoryStore: Block broadcast_8_piece0 stored as bytes in memory (estimated size 36.7 KB, free 423.0 MB)
20/10/29 15:50:52 INFO TorrentBroadcast: Reading broadcast variable 8 took 23 ms
20/10/29 15:50:52 INFO MemoryStore: Block broadcast_8 stored as values in memory (estimated size 576.5 KB, free 422.4 MB)
20/10/29 15:50:53 INFO S3NativeFileSystem: Opening 's3://spectral-regression-spark-bucket/spectral_data_class.csv' for reading
20/10/29 15:50:53 INFO S3NativeFileSystem: Opening 's3://spectral-regression-spark-bucket/spectral_data_class.csv' for reading
20/10/29 15:51:03 INFO Executor: Finished task 0.0 in stage 4.0 (TID 12). 2650 bytes result sent to driver
20/10/29 15:51:03 INFO Executor: Finished task 2.0 in stage 4.0 (TID 14). 2607 bytes result sent to driver
20/10/29 15:51:04 INFO CoarseGrainedExecutorBackend: Got assigned task 18
20/10/29 15:51:04 INFO Executor: Running task 1.0 in stage 6.0 (TID 18)
20/10/29 15:51:04 INFO CoarseGrainedExecutorBackend: Got assigned task 20
20/10/29 15:51:04 INFO Executor: Running task 3.0 in stage 6.0 (TID 20)
20/10/29 15:51:04 INFO MapOutputTrackerWorker: Updating epoch to 1 and clearing cache
20/10/29 15:51:04 INFO TorrentBroadcast: Started reading broadcast variable 12
20/10/29 15:51:04 INFO MemoryStore: Block broadcast_12_piece0 stored as bytes in memory (estimated size 19.1 KB, free 422.6 MB)
20/10/29 15:51:04 INFO TorrentBroadcast: Reading broadcast variable 12 took 22 ms
20/10/29 15:51:04 INFO MemoryStore: Block broadcast_12 stored as values in memory (estimated size 45.6 KB, free 422.5 MB)
20/10/29 15:51:04 INFO CodeGenerator: Code generated in 87.240304 ms
20/10/29 15:51:04 INFO FileScanRDD: Reading File path: s3://spectral-regression-spark-bucket/spectral_data_class.csv, range: 80801163-161602326, partition values: [empty row]
20/10/29 15:51:04 INFO TorrentBroadcast: Started reading broadcast variable 11
20/10/29 15:51:04 INFO FileScanRDD: Reading File path: s3://spectral-regression-spark-bucket/spectral_data_class.csv, range: 242403489-319010350, partition values: [empty row]
20/10/29 15:51:04 INFO MemoryStore: Block broadcast_11_piece0 stored as bytes in memory (estimated size 36.7 KB, free 422.3 MB)
20/10/29 15:51:04 INFO TorrentBroadcast: Reading broadcast variable 11 took 22 ms
20/10/29 15:51:04 INFO MemoryStore: Block broadcast_11 stored as values in memory (estimated size 576.5 KB, free 421.8 MB)
20/10/29 15:51:04 INFO S3NativeFileSystem: Opening 's3://spectral-regression-spark-bucket/spectral_data_class.csv' for reading
20/10/29 15:51:04 INFO S3NativeFileSystem: Opening 's3://spectral-regression-spark-bucket/spectral_data_class.csv' for reading
20/10/29 15:51:14 INFO Executor: Finished task 1.0 in stage 6.0 (TID 18). 2448 bytes result sent to driver
20/10/29 15:51:14 INFO Executor: Finished task 3.0 in stage 6.0 (TID 20). 2405 bytes result sent to driver
20/10/29 15:51:15 INFO CoarseGrainedExecutorBackend: Got assigned task 21
20/10/29 15:51:15 INFO CoarseGrainedExecutorBackend: Got assigned task 23
20/10/29 15:51:15 INFO Executor: Running task 2.0 in stage 7.0 (TID 23)
20/10/29 15:51:15 INFO Executor: Running task 0.0 in stage 7.0 (TID 21)
20/10/29 15:51:15 INFO TorrentBroadcast: Started reading broadcast variable 14
20/10/29 15:51:15 INFO MemoryStore: Block broadcast_14_piece0 stored as bytes in memory (estimated size 19.9 KB, free 421.9 MB)
20/10/29 15:51:15 INFO TorrentBroadcast: Reading broadcast variable 14 took 10 ms
20/10/29 15:51:15 INFO MemoryStore: Block broadcast_14 stored as values in memory (estimated size 49.1 KB, free 421.8 MB)
20/10/29 15:51:15 INFO CodeGenerator: Code generated in 60.181494 ms
20/10/29 15:51:15 INFO FileScanRDD: Reading File path: s3://spectral-regression-spark-bucket/spectral_data_class.csv, range: 161602326-242403489, partition values: [empty row]
20/10/29 15:51:15 INFO TorrentBroadcast: Started reading broadcast variable 13
20/10/29 15:51:15 INFO FileScanRDD: Reading File path: s3://spectral-regression-spark-bucket/spectral_data_class.csv, range: 0-80801163, partition values: [empty row]
20/10/29 15:51:15 INFO MemoryStore: Block broadcast_13_piece0 stored as bytes in memory (estimated size 36.7 KB, free 421.7 MB)
20/10/29 15:51:15 INFO TorrentBroadcast: Reading broadcast variable 13 took 21 ms
20/10/29 15:51:15 INFO MemoryStore: Block broadcast_13 stored as values in memory (estimated size 576.5 KB, free 421.1 MB)
20/10/29 15:51:15 INFO S3NativeFileSystem: Opening 's3://spectral-regression-spark-bucket/spectral_data_class.csv' for reading
20/10/29 15:51:15 INFO S3NativeFileSystem: Opening 's3://spectral-regression-spark-bucket/spectral_data_class.csv' for reading
20/10/29 15:51:26 INFO Executor: Finished task 2.0 in stage 7.0 (TID 23). 2510 bytes result sent to driver
20/10/29 15:51:26 INFO Executor: Finished task 0.0 in stage 7.0 (TID 21). 2467 bytes result sent to driver
20/10/29 15:51:26 INFO CoarseGrainedExecutorBackend: Got assigned task 26
20/10/29 15:51:26 INFO CoarseGrainedExecutorBackend: Got assigned task 28
20/10/29 15:51:26 INFO Executor: Running task 1.0 in stage 8.0 (TID 26)
20/10/29 15:51:26 INFO Executor: Running task 3.0 in stage 8.0 (TID 28)
20/10/29 15:51:26 INFO TorrentBroadcast: Started reading broadcast variable 16
20/10/29 15:51:26 INFO MemoryStore: Block broadcast_16_piece0 stored as bytes in memory (estimated size 19.8 KB, free 421.9 MB)
20/10/29 15:51:26 INFO TorrentBroadcast: Reading broadcast variable 16 took 8 ms
20/10/29 15:51:26 INFO MemoryStore: Block broadcast_16 stored as values in memory (estimated size 49.1 KB, free 421.8 MB)
20/10/29 15:51:26 INFO FileScanRDD: Reading File path: s3://spectral-regression-spark-bucket/spectral_data_class.csv, range: 242403489-319010350, partition values: [empty row]
20/10/29 15:51:26 INFO FileScanRDD: Reading File path: s3://spectral-regression-spark-bucket/spectral_data_class.csv, range: 80801163-161602326, partition values: [empty row]
20/10/29 15:51:26 INFO TorrentBroadcast: Started reading broadcast variable 15
20/10/29 15:51:26 INFO MemoryStore: Block broadcast_15_piece0 stored as bytes in memory (estimated size 36.7 KB, free 421.7 MB)
20/10/29 15:51:26 INFO TorrentBroadcast: Reading broadcast variable 15 took 10 ms
20/10/29 15:51:26 INFO MemoryStore: Block broadcast_15 stored as values in memory (estimated size 576.5 KB, free 421.1 MB)
20/10/29 15:51:26 INFO S3NativeFileSystem: Opening 's3://spectral-regression-spark-bucket/spectral_data_class.csv' for reading
20/10/29 15:51:26 INFO S3NativeFileSystem: Opening 's3://spectral-regression-spark-bucket/spectral_data_class.csv' for reading
20/10/29 15:51:36 INFO Executor: Finished task 3.0 in stage 8.0 (TID 28). 2467 bytes result sent to driver
20/10/29 15:51:36 INFO Executor: Finished task 1.0 in stage 8.0 (TID 26). 2467 bytes result sent to driver
20/10/29 15:51:42 INFO CoarseGrainedExecutorBackend: Driver commanded a shutdown
20/10/29 15:51:42 INFO MemoryStore: MemoryStore cleared
20/10/29 15:51:42 INFO BlockManager: BlockManager stopped
20/10/29 15:51:42 INFO ShutdownHookManager: Shutdown hook called
End of LogType:stderr

LogType:stdout
Log Upload Time:gio ott 29 15:51:43 +0000 2020
LogLength:984148
Log Contents:
2020-10-29T15:49:41.740+0000: [GC (Allocation Failure) 2020-10-29T15:49:41.740+0000: [ParNew: 16384K->2047K(18432K), 0.0035069 secs] 16384K->2384K(59392K), 0.0035690 secs] [Times: user=0.00 sys=0.00, real=0.00 secs] 
2020-10-29T15:49:41.866+0000: [GC (Allocation Failure) 2020-10-29T15:49:41.866+0000: [ParNew: 18431K->1949K(18432K), 0.0066476 secs] 18768K->3638K(59392K), 0.0066965 secs] [Times: user=0.01 sys=0.00, real=0.01 secs] 
2020-10-29T15:49:42.018+0000: [GC (Allocation Failure) 2020-10-29T15:49:42.018+0000: [ParNew: 18333K->1460K(18432K), 0.0014983 secs] 20022K->3150K(59392K), 0.0015435 secs] [Times: user=0.00 sys=0.00, real=0.00 secs] 
2020-10-29T15:49:42.168+0000: [GC (Allocation Failure) 2020-10-29T15:49:42.168+0000: [ParNew: 17844K->1962K(18432K), 0.0044146 secs] 19534K->4034K(59392K), 0.0044628 secs] [Times: user=0.01 sys=0.00, real=0.00 secs] 
2020-10-29T15:49:42.306+0000: [GC (Allocation Failure) 2020-10-29T15:49:42.306+0000: [ParNew: 18346K->1189K(18432K), 0.0102088 secs] 20418K->3803K(59392K), 0.0102649 secs] [Times: user=0.02 sys=0.00, real=0.01 secs] 
2020-10-29T15:49:42.439+0000: [GC (Allocation Failure) 2020-10-29T15:49:42.439+0000: [ParNew: 17573K->1740K(18432K), 0.0038089 secs] 20187K->4354K(59392K), 0.0038709 secs] [Times: user=0.01 sys=0.00, real=0.00 secs] 
2020-10-29T15:49:42.539+0000: [GC (Allocation Failure) 2020-10-29T15:49:42.539+0000: [ParNew: 18124K->1206K(18432K), 0.0029760 secs] 20738K->4362K(59392K), 0.0030237 secs] [Times: user=0.00 sys=0.00, real=0.00 secs] 
2020-10-29T15:49:42.610+0000: [GC (Allocation Failure) 2020-10-29T15:49:42.610+0000: [ParNew: 17590K->972K(18432K), 0.0016684 secs] 20746K->4127K(59392K), 0.0017304 secs] [Times: user=0.01 sys=0.00, real=0.00 secs] 
2020-10-29T15:49:42.685+0000: [GC (Allocation Failure) 2020-10-29T15:49:42.685+0000: [ParNew: 17356K->801K(18432K), 0.0025383 secs] 20511K->3956K(59392K), 0.0025876 secs] [Times: user=0.00 sys=0.00, real=0.00 secs] 
2020-10-29T15:49:42.788+0000: [GC (Allocation Failure) 2020-10-29T15:49:42.789+0000: [ParNew: 17185K->1296K(18432K), 0.0019191 secs] 20340K->4451K(59392K), 0.0019685 secs] [Times: user=0.01 sys=0.00, real=0.00 secs] 
2020-10-29T15:49:42.890+0000: [GC (Allocation Failure) 2020-10-29T15:49:42.890+0000: [ParNew: 17680K->1303K(18432K), 0.0023285 secs] 20835K->4769K(59392K), 0.0023871 secs] [Times: user=0.01 sys=0.00, real=0.01 secs] 
2020-10-29T15:49:43.036+0000: [GC (Allocation Failure) 2020-10-29T15:49:43.036+0000: [ParNew: 17687K->1294K(18432K), 0.0027185 secs] 21153K->4760K(59392K), 0.0027856 secs] [Times: user=0.01 sys=0.00, real=0.00 secs] 
2020-10-29T15:49:43.179+0000: [GC (Allocation Failure) 2020-10-29T15:49:43.179+0000: [ParNew: 17678K->1419K(18432K), 0.0031352 secs] 21144K->4960K(59392K), 0.0031878 secs] [Times: user=0.00 sys=0.00, real=0.00 secs] 
2020-10-29T15:49:43.284+0000: [GC (Allocation Failure) 2020-10-29T15:49:43.284+0000: [ParNew: 17803K->1099K(18432K), 0.0072881 secs] 21344K->5204K(59392K), 0.0073384 secs] [Times: user=0.01 sys=0.00, real=0.01 secs] 
2020-10-29T15:49:43.376+0000: [GC (Allocation Failure) 2020-10-29T15:49:43.376+0000: [ParNew: 17483K->1147K(18432K), 0.0048692 secs] 21588K->5252K(59392K), 0.0049181 secs] [Times: user=0.01 sys=0.00, real=0.00 secs] 
2020-10-29T15:49:43.461+0000: [GC (Allocation Failure) 2020-10-29T15:49:43.461+0000: [ParNew: 17531K->1074K(18432K), 0.0039634 secs] 21636K->5179K(59392K), 0.0040109 secs] [Times: user=0.00 sys=0.00, real=0.01 secs] 
2020-10-29T15:49:43.542+0000: [GC (Allocation Failure) 2020-10-29T15:49:43.542+0000: [ParNew: 17458K->1891K(18432K), 0.0023330 secs] 21563K->5997K(59392K), 0.0023858 secs] [Times: user=0.00 sys=0.00, real=0.01 secs] 
2020-10-29T15:49:43.607+0000: [GC (Allocation Failure) 2020-10-29T15:49:43.607+0000: [ParNew: 18275K->1021K(18432K), 0.0030206 secs] 22381K->5506K(59392K), 0.0030687 secs] [Times: user=0.00 sys=0.00, real=0.00 secs] 
2020-10-29T15:49:43.673+0000: [GC (Allocation Failure) 2020-10-29T15:49:43.673+0000: [ParNew: 17405K->1310K(18432K), 0.0019380 secs] 21890K->5796K(59392K), 0.0019858 secs] [Times: user=0.00 sys=0.00, real=0.00 secs] 
2020-10-29T15:49:43.786+0000: [GC (Allocation Failure) 2020-10-29T15:49:43.786+0000: [ParNew: 17694K->1653K(18432K), 0.0040080 secs] 22180K->6272K(59392K), 0.0040590 secs] [Times: user=0.00 sys=0.00, real=0.00 secs] 
2020-10-29T15:49:43.858+0000: [GC (Allocation Failure) 2020-10-29T15:49:43.858+0000: [ParNew: 18037K->1186K(18432K), 0.0034978 secs] 22656K->6355K(59392K), 0.0035476 secs] [Times: user=0.01 sys=0.00, real=0.00 secs] 
2020-10-29T15:49:44.108+0000: [GC (Allocation Failure) 2020-10-29T15:49:44.108+0000: [ParNew: 17570K->1225K(18432K), 0.0023491 secs] 39123K->22778K(59392K), 0.0023974 secs] [Times: user=0.00 sys=0.00, real=0.00 secs] 
2020-10-29T15:49:44.110+0000: [GC (CMS Initial Mark) [1 CMS-initial-mark: 21552K(40960K)] 22778K(59392K), 0.0008695 secs] [Times: user=0.00 sys=0.00, real=0.00 secs] 
2020-10-29T15:49:44.111+0000: [CMS-concurrent-mark-start]
2020-10-29T15:49:44.123+0000: [CMS-concurrent-mark: 0.012/0.012 secs] [Times: user=0.01 sys=0.01, real=0.01 secs] 
2020-10-29T15:49:44.123+0000: [CMS-concurrent-preclean-start]
2020-10-29T15:49:44.124+0000: [CMS-concurrent-preclean: 0.000/0.000 secs] [Times: user=0.00 sys=0.00, real=0.00 secs] 
2020-10-29T15:49:44.124+0000: [GC (CMS Final Remark) [YG occupancy: 1953 K (18432 K)]2020-10-29T15:49:44.124+0000: [Rescan (parallel) , 0.0006743 secs]2020-10-29T15:49:44.125+0000: [weak refs processing, 0.0000324 secs]2020-10-29T15:49:44.125+0000: [class unloading, 0.0022173 secs]2020-10-29T15:49:44.127+0000: [scrub symbol table, 0.0023312 secs]2020-10-29T15:49:44.129+0000: [scrub string table, 0.0002275 secs][1 CMS-remark: 21552K(40960K)] 23506K(59392K), 0.0055635 secs] [Times: user=0.01 sys=0.00, real=0.01 secs] 
2020-10-29T15:49:44.130+0000: [CMS-concurrent-sweep-start]
2020-10-29T15:49:44.132+0000: [CMS-concurrent-sweep: 0.002/0.002 secs] [Times: user=0.00 sys=0.00, real=0.00 secs] 
2020-10-29T15:49:44.132+0000: [CMS-concurrent-reset-start]
2020-10-29T15:49:44.160+0000: [CMS-concurrent-reset: 0.027/0.027 secs] [Times: user=0.03 sys=0.02, real=0.03 secs] 
2020-10-29T15:49:44.224+0000: [GC (Allocation Failure) 2020-10-29T15:49:44.224+0000: [ParNew: 17609K->1272K(18432K), 0.0023407 secs] 38750K->22413K(59392K), 0.0024066 secs] [Times: user=0.01 sys=0.00, real=0.01 secs] 
2020-10-29T15:49:44.343+0000: [GC (Allocation Failure) 2020-10-29T15:49:44.343+0000: [ParNew: 17656K->1777K(18432K), 0.0029441 secs] 55181K->39507K(59392K), 0.0029930 secs] [Times: user=0.00 sys=0.00, real=0.01 secs] 
2020-10-29T15:49:44.346+0000: [GC (CMS Initial Mark) [1 CMS-initial-mark: 37730K(40960K)] 39507K(59392K), 0.0008661 secs] [Times: user=0.00 sys=0.00, real=0.00 secs] 
2020-10-29T15:49:44.347+0000: [CMS-concurrent-mark-start]
2020-10-29T15:49:44.365+0000: [CMS-concurrent-mark: 0.018/0.018 secs] [Times: user=0.03 sys=0.00, real=0.02 secs] 
2020-10-29T15:49:44.365+0000: [CMS-concurrent-preclean-start]
2020-10-29T15:49:44.366+0000: [CMS-concurrent-preclean: 0.000/0.000 secs] [Times: user=0.00 sys=0.00, real=0.00 secs] 
2020-10-29T15:49:44.366+0000: [CMS-concurrent-abortable-preclean-start]
2020-10-29T15:49:44.428+0000: [GC (Allocation Failure) 2020-10-29T15:49:44.428+0000: [ParNew: 18161K->1548K(18432K), 0.0028899 secs] 55891K->39529K(59392K), 0.0029484 secs] [Times: user=0.00 sys=0.00, real=0.00 secs] 
2020-10-29T15:49:44.542+0000: [GC (Allocation Failure) 2020-10-29T15:49:44.542+0000: [ParNew2020-10-29T15:49:44.543+0000: [CMS-concurrent-abortable-preclean: 0.014/0.177 secs] [Times: user=0.29 sys=0.02, real=0.17 secs] 
: 17932K->792K(18432K), 0.0033103 secs] 55913K->38974K(59392K), 0.0033687 secs] [Times: user=0.00 sys=0.00, real=0.01 secs] 
2020-10-29T15:49:44.545+0000: [GC (CMS Final Remark) [YG occupancy: 1089 K (18432 K)]2020-10-29T15:49:44.545+0000: [Rescan (parallel) , 0.0014569 secs]2020-10-29T15:49:44.547+0000: [weak refs processing, 0.0000278 secs]2020-10-29T15:49:44.547+0000: [class unloading, 0.0024679 secs]2020-10-29T15:49:44.549+0000: [scrub symbol table, 0.0026494 secs]2020-10-29T15:49:44.552+0000: [scrub string table, 0.0002502 secs][1 CMS-remark: 38181K(40960K)] 39271K(59392K), 0.0069738 secs] [Times: user=0.01 sys=0.00, real=0.01 secs] 
2020-10-29T15:49:44.553+0000: [CMS-concurrent-sweep-start]
2020-10-29T15:49:44.555+0000: [CMS-concurrent-sweep: 0.003/0.003 secs] [Times: user=0.01 sys=0.00, real=0.00 secs] 
2020-10-29T15:49:44.555+0000: [CMS-concurrent-reset-start]
2020-10-29T15:49:44.557+0000: [CMS-concurrent-reset: 0.002/0.002 secs] [Times: user=0.00 sys=0.00, real=0.00 secs] 
2020-10-29T15:49:44.618+0000: [GC (Allocation Failure) 2020-10-29T15:49:44.618+0000: [ParNew: 17176K->1430K(18432K), 0.0019219 secs] 55306K->39559K(81984K), 0.0019709 secs] [Times: user=0.01 sys=0.00, real=0.00 secs] 
2020-10-29T15:49:44.677+0000: [GC (Allocation Failure) 2020-10-29T15:49:44.677+0000: [ParNew: 17814K->1181K(18432K), 0.0023713 secs] 55943K->39576K(81984K), 0.0024216 secs] [Times: user=0.01 sys=0.00, real=0.00 secs] 
2020-10-29T15:49:44.723+0000: [GC (Allocation Failure) 2020-10-29T15:49:44.723+0000: [ParNew: 17565K->1223K(18432K), 0.0017742 secs] 55960K->39618K(81984K), 0.0018237 secs] [Times: user=0.01 sys=0.00, real=0.01 secs] 
2020-10-29T15:49:44.789+0000: [GC (Allocation Failure) 2020-10-29T15:49:44.789+0000: [ParNew: 17607K->1106K(18432K), 0.0049990 secs] 56002K->39647K(81984K), 0.0050613 secs] [Times: user=0.01 sys=0.00, real=0.01 secs] 
2020-10-29T15:49:44.963+0000: [GC (Allocation Failure) 2020-10-29T15:49:44.963+0000: [ParNew: 17490K->1893K(18432K), 0.0031025 secs] 56031K->40433K(81984K), 0.0031496 secs] [Times: user=0.01 sys=0.00, real=0.01 secs] 
2020-10-29T15:49:45.075+0000: [GC (Allocation Failure) 2020-10-29T15:49:45.076+0000: [ParNew: 18277K->1428K(18432K), 0.0057305 secs] 73201K->57589K(81984K), 0.0057811 secs] [Times: user=0.01 sys=0.00, real=0.00 secs] 
2020-10-29T15:49:45.082+0000: [GC (CMS Initial Mark) [1 CMS-initial-mark: 56161K(63552K)] 57681K(81984K), 0.0007961 secs] [Times: user=0.00 sys=0.00, real=0.00 secs] 
2020-10-29T15:49:45.082+0000: [CMS-concurrent-mark-start]
2020-10-29T15:49:45.096+0000: [CMS-concurrent-mark: 0.014/0.014 secs] [Times: user=0.02 sys=0.01, real=0.02 secs] 
2020-10-29T15:49:45.096+0000: [CMS-concurrent-preclean-start]
2020-10-29T15:49:45.097+0000: [CMS-concurrent-preclean: 0.001/0.001 secs] [Times: user=0.00 sys=0.00, real=0.00 secs] 
2020-10-29T15:49:45.097+0000: [GC (CMS Final Remark) [YG occupancy: 1950 K (18432 K)]2020-10-29T15:49:45.097+0000: [Rescan (parallel) , 0.0009566 secs]2020-10-29T15:49:45.098+0000: [weak refs processing, 0.0000280 secs]2020-10-29T15:49:45.098+0000: [class unloading, 0.0027901 secs]2020-10-29T15:49:45.101+0000: [scrub symbol table, 0.0034118 secs]2020-10-29T15:49:45.104+0000: [scrub string table, 0.0002824 secs][1 CMS-remark: 56161K(63552K)] 58111K(81984K), 0.0075590 secs] [Times: user=0.01 sys=0.00, real=0.01 secs] 
2020-10-29T15:49:45.105+0000: [CMS-concurrent-sweep-start]
2020-10-29T15:49:45.108+0000: [CMS-concurrent-sweep: 0.003/0.003 secs] [Times: user=0.00 sys=0.00, real=0.00 secs] 
2020-10-29T15:49:45.108+0000: [CMS-concurrent-reset-start]
2020-10-29T15:49:45.110+0000: [CMS-concurrent-reset: 0.002/0.002 secs] [Times: user=0.00 sys=0.00, real=0.00 secs] 
2020-10-29T15:49:45.195+0000: [GC (Allocation Failure) 2020-10-29T15:49:45.195+0000: [ParNew: 17806K->1264K(18432K), 0.0024781 secs] 73869K->57327K(111872K), 0.0025231 secs] [Times: user=0.00 sys=0.00, real=0.00 secs] 
2020-10-29T15:49:45.317+0000: [GC (Allocation Failure) 2020-10-29T15:49:45.317+0000: [ParNew: 17648K->1288K(18432K), 0.0028774 secs] 90095K->74007K(111872K), 0.0029295 secs] [Times: user=0.00 sys=0.00, real=0.00 secs] 
2020-10-29T15:49:45.320+0000: [GC (CMS Initial Mark) [1 CMS-initial-mark: 72719K(93440K)] 74007K(111872K), 0.0009424 secs] [Times: user=0.00 sys=0.00, real=0.00 secs] 
2020-10-29T15:49:45.321+0000: [CMS-concurrent-mark-start]
2020-10-29T15:49:45.336+0000: [CMS-concurrent-mark: 0.015/0.015 secs] [Times: user=0.03 sys=0.00, real=0.02 secs] 
2020-10-29T15:49:45.336+0000: [CMS-concurrent-preclean-start]
2020-10-29T15:49:45.337+0000: [CMS-concurrent-preclean: 0.001/0.001 secs] [Times: user=0.00 sys=0.00, real=0.00 secs] 
2020-10-29T15:49:45.337+0000: [GC (CMS Final Remark) [YG occupancy: 2991 K (18432 K)]2020-10-29T15:49:45.337+0000: [Rescan (parallel) , 0.0010179 secs]2020-10-29T15:49:45.338+0000: [weak refs processing, 0.0000258 secs]2020-10-29T15:49:45.338+0000: [class unloading, 0.0028740 secs]2020-10-29T15:49:45.341+0000: [scrub symbol table, 0.0035800 secs]2020-10-29T15:49:45.344+0000: [scrub string table, 0.0003180 secs][1 CMS-remark: 72719K(93440K)] 75710K(111872K), 0.0079057 secs] [Times: user=0.01 sys=0.00, real=0.01 secs] 
2020-10-29T15:49:45.345+0000: [CMS-concurrent-sweep-start]
2020-10-29T15:49:45.348+0000: [CMS-concurrent-sweep: 0.003/0.003 secs] [Times: user=0.00 sys=0.00, real=0.00 secs] 
2020-10-29T15:49:45.348+0000: [CMS-concurrent-reset-start]
2020-10-29T15:49:45.350+0000: [CMS-concurrent-reset: 0.002/0.002 secs] [Times: user=0.01 sys=0.00, real=0.00 secs] 
2020-10-29T15:49:45.427+0000: [GC (Allocation Failure) 2020-10-29T15:49:45.427+0000: [ParNew: 17672K->1408K(18432K), 0.0023723 secs] 90378K->74114K(139608K), 0.0024200 secs] [Times: user=0.00 sys=0.00, real=0.00 secs] 
2020-10-29T15:49:45.527+0000: [GC (Allocation Failure) 2020-10-29T15:49:45.527+0000: [ParNew: 17792K->1979K(18432K), 0.0095058 secs] 90498K->75045K(139608K), 0.0095587 secs] [Times: user=0.01 sys=0.00, real=0.01 secs] 
2020-10-29T15:49:45.636+0000: [GC (Allocation Failure) 2020-10-29T15:49:45.636+0000: [ParNew: 18363K->1245K(18432K), 0.0080002 secs] 91429K->75045K(139608K), 0.0080789 secs] [Times: user=0.01 sys=0.01, real=0.00 secs] 
2020-10-29T15:49:45.738+0000: [GC (Allocation Failure) 2020-10-29T15:49:45.738+0000: [ParNew: 17629K->1050K(18432K), 0.0041548 secs] 91429K->74850K(139608K), 0.0042229 secs] [Times: user=0.00 sys=0.00, real=0.00 secs] 
2020-10-29T15:49:45.938+0000: [GC (Allocation Failure) 2020-10-29T15:49:45.938+0000: [ParNew: 17434K->1959K(18432K), 0.0058713 secs] 91234K->75759K(139608K), 0.0059394 secs] [Times: user=0.01 sys=0.00, real=0.00 secs] 
2020-10-29T15:49:46.067+0000: [GC (Allocation Failure) 2020-10-29T15:49:46.067+0000: [ParNew: 18343K->1486K(18432K), 0.0076056 secs] 92143K->76567K(139608K), 0.0076701 secs] [Times: user=0.02 sys=0.00, real=0.01 secs] 
2020-10-29T15:49:46.194+0000: [GC (Allocation Failure) 2020-10-29T15:49:46.194+0000: [ParNew: 17870K->973K(18432K), 0.0021399 secs] 92951K->76053K(139608K), 0.0022215 secs] [Times: user=0.00 sys=0.00, real=0.00 secs] 
2020-10-29T15:49:46.356+0000: [GC (Allocation Failure) 2020-10-29T15:49:46.356+0000: [ParNew: 17357K->1439K(18432K), 0.0033708 secs] 92437K->76520K(139608K), 0.0034380 secs] [Times: user=0.01 sys=0.00, real=0.00 secs] 
2020-10-29T15:49:46.503+0000: [GC (Allocation Failure) 2020-10-29T15:49:46.503+0000: [ParNew: 17823K->1341K(18432K), 0.0036427 secs] 92904K->76785K(139608K), 0.0036926 secs] [Times: user=0.01 sys=0.00, real=0.01 secs] 
2020-10-29T15:49:46.553+0000: [GC (Allocation Failure) 2020-10-29T15:49:46.553+0000: [ParNew: 17725K->1116K(18432K), 0.0024842 secs] 93169K->76561K(139608K), 0.0025346 secs] [Times: user=0.01 sys=0.00, real=0.00 secs] 
2020-10-29T15:49:46.621+0000: [GC (Allocation Failure) 2020-10-29T15:49:46.621+0000: [ParNew: 17500K->1322K(18432K), 0.0026656 secs] 92945K->76767K(139608K), 0.0027279 secs] [Times: user=0.00 sys=0.00, real=0.00 secs] 
2020-10-29T15:49:46.732+0000: [GC (Allocation Failure) 2020-10-29T15:49:46.732+0000: [ParNew: 17706K->1225K(18432K), 0.0028116 secs] 93151K->76669K(139608K), 0.0028792 secs] [Times: user=0.01 sys=0.00, real=0.01 secs] 
2020-10-29T15:49:46.898+0000: [GC (Allocation Failure) 2020-10-29T15:49:46.899+0000: [ParNew: 17609K->2041K(18432K), 0.0035065 secs] 93053K->77485K(139608K), 0.0035594 secs] [Times: user=0.01 sys=0.00, real=0.00 secs] 
2020-10-29T15:49:47.050+0000: [GC (Allocation Failure) 2020-10-29T15:49:47.050+0000: [ParNew: 18425K->1461K(18432K), 0.0047958 secs] 93869K->77438K(139608K), 0.0048468 secs] [Times: user=0.01 sys=0.00, real=0.01 secs] 
2020-10-29T15:49:47.149+0000: [GC (Allocation Failure) 2020-10-29T15:49:47.149+0000: [ParNew: 17845K->1932K(18432K), 0.0044554 secs] 93822K->78549K(139608K), 0.0045152 secs] [Times: user=0.01 sys=0.00, real=0.01 secs] 
2020-10-29T15:49:47.220+0000: [GC (Allocation Failure) 2020-10-29T15:49:47.220+0000: [ParNew: 18316K->1573K(18432K), 0.0038045 secs] 94933K->78963K(139608K), 0.0038544 secs] [Times: user=0.00 sys=0.00, real=0.00 secs] 
2020-10-29T15:49:47.276+0000: [GC (Allocation Failure) 2020-10-29T15:49:47.276+0000: [ParNew: 17957K->579K(18432K), 0.0017281 secs] 95347K->77969K(139608K), 0.0017794 secs] [Times: user=0.00 sys=0.00, real=0.00 secs] 
2020-10-29T15:49:47.333+0000: [GC (Allocation Failure) 2020-10-29T15:49:47.333+0000: [ParNew: 16963K->820K(18432K), 0.0020721 secs] 94353K->78210K(139608K), 0.0021237 secs] [Times: user=0.00 sys=0.00, real=0.00 secs] 
2020-10-29T15:49:47.393+0000: [GC (Allocation Failure) 2020-10-29T15:49:47.393+0000: [ParNew: 17204K->783K(18432K), 0.0021904 secs] 94594K->78173K(139608K), 0.0022597 secs] [Times: user=0.01 sys=0.00, real=0.00 secs] 
2020-10-29T15:49:47.470+0000: [GC (Allocation Failure) 2020-10-29T15:49:47.470+0000: [ParNew: 17167K->1434K(18432K), 0.0026028 secs] 94557K->78824K(139608K), 0.0026720 secs] [Times: user=0.00 sys=0.00, real=0.01 secs] 
2020-10-29T15:49:47.538+0000: [GC (Allocation Failure) 2020-10-29T15:49:47.538+0000: [ParNew: 17818K->1085K(18432K), 0.0036615 secs] 95208K->78985K(139608K), 0.0037132 secs] [Times: user=0.00 sys=0.00, real=0.00 secs] 
2020-10-29T15:49:47.630+0000: [GC (Allocation Failure) 2020-10-29T15:49:47.630+0000: [ParNew: 17469K->1235K(18432K), 0.0024943 secs] 95369K->79135K(139608K), 0.0025452 secs] [Times: user=0.01 sys=0.00, real=0.01 secs] 
2020-10-29T15:49:47.713+0000: [GC (Allocation Failure) 2020-10-29T15:49:47.713+0000: [ParNew: 17619K->1302K(18432K), 0.0032144 secs] 95519K->79380K(139608K), 0.0032653 secs] [Times: user=0.01 sys=0.00, real=0.00 secs] 
2020-10-29T15:49:47.827+0000: [GC (Allocation Failure) 2020-10-29T15:49:47.827+0000: [ParNew: 17686K->1149K(18432K), 0.0033235 secs] 95764K->79526K(139608K), 0.0033758 secs] [Times: user=0.01 sys=0.00, real=0.00 secs] 
2020-10-29T15:49:47.901+0000: [GC (Allocation Failure) 2020-10-29T15:49:47.901+0000: [ParNew: 17533K->1594K(18432K), 0.0032015 secs] 95910K->79971K(139608K), 0.0032533 secs] [Times: user=0.01 sys=0.00, real=0.00 secs] 
2020-10-29T15:49:47.959+0000: [GC (Allocation Failure) 2020-10-29T15:49:47.959+0000: [ParNew: 17978K->1176K(18432K), 0.0056759 secs] 96355K->79908K(139608K), 0.0057283 secs] [Times: user=0.01 sys=0.00, real=0.01 secs] 
2020-10-29T15:49:48.052+0000: [GC (Allocation Failure) 2020-10-29T15:49:48.052+0000: [ParNew: 17560K->963K(18432K), 0.0027044 secs] 96292K->79751K(139608K), 0.0027554 secs] [Times: user=0.01 sys=0.00, real=0.00 secs] 
2020-10-29T15:49:48.216+0000: [GC (Allocation Failure) 2020-10-29T15:49:48.216+0000: [ParNew: 17347K->2047K(18432K), 0.0046948 secs] 96135K->81022K(139608K), 0.0047666 secs] [Times: user=0.01 sys=0.00, real=0.00 secs] 
2020-10-29T15:49:48.433+0000: [GC (Allocation Failure) 2020-10-29T15:49:48.433+0000: [ParNew: 18431K->2048K(18432K), 0.0121980 secs] 97406K->82996K(139608K), 0.0122636 secs] [Times: user=0.03 sys=0.00, real=0.01 secs] 
2020-10-29T15:49:48.533+0000: [GC (Allocation Failure) 2020-10-29T15:49:48.533+0000: [ParNew: 18432K->1980K(18432K), 0.0071491 secs] 99380K->84527K(139608K), 0.0072130 secs] [Times: user=0.02 sys=0.00, real=0.00 secs] 
2020-10-29T15:49:48.621+0000: [GC (Allocation Failure) 2020-10-29T15:49:48.621+0000: [ParNew: 18364K->992K(18432K), 0.0025016 secs] 100911K->83540K(139608K), 0.0025538 secs] [Times: user=0.01 sys=0.00, real=0.00 secs] 
2020-10-29T15:49:48.624+0000: [GC (CMS Initial Mark) [1 CMS-initial-mark: 82547K(121176K)] 83867K(139608K), 0.0010662 secs] [Times: user=0.00 sys=0.00, real=0.00 secs] 
2020-10-29T15:49:48.626+0000: [CMS-concurrent-mark-start]
2020-10-29T15:49:48.663+0000: [CMS-concurrent-mark: 0.037/0.038 secs] [Times: user=0.07 sys=0.00, real=0.03 secs] 
2020-10-29T15:49:48.663+0000: [CMS-concurrent-preclean-start]
2020-10-29T15:49:48.665+0000: [CMS-concurrent-preclean: 0.001/0.001 secs] [Times: user=0.00 sys=0.00, real=0.01 secs] 
2020-10-29T15:49:48.665+0000: [CMS-concurrent-abortable-preclean-start]
2020-10-29T15:49:48.715+0000: [GC (Allocation Failure) 2020-10-29T15:49:48.715+0000: [ParNew: 17376K->990K(18432K), 0.0020244 secs] 99924K->83538K(139608K), 0.0020872 secs] [Times: user=0.01 sys=0.00, real=0.00 secs] 
2020-10-29T15:49:48.782+0000: [CMS-concurrent-abortable-preclean: 0.010/0.117 secs] [Times: user=0.20 sys=0.00, real=0.11 secs] 
2020-10-29T15:49:48.786+0000: [GC (CMS Final Remark) [YG occupancy: 12429 K (18432 K)]2020-10-29T15:49:48.786+0000: [Rescan (parallel) , 0.0032049 secs]2020-10-29T15:49:48.789+0000: [weak refs processing, 0.0000658 secs]2020-10-29T15:49:48.789+0000: [class unloading, 0.0054312 secs]2020-10-29T15:49:48.795+0000: [scrub symbol table, 0.0071341 secs]2020-10-29T15:49:48.802+0000: [scrub string table, 0.0004668 secs][1 CMS-remark: 82547K(121176K)] 94976K(139608K), 0.0164530 secs] [Times: user=0.02 sys=0.00, real=0.01 secs] 
2020-10-29T15:49:48.802+0000: [CMS-concurrent-sweep-start]
2020-10-29T15:49:48.812+0000: [CMS-concurrent-sweep: 0.009/0.009 secs] [Times: user=0.01 sys=0.00, real=0.01 secs] 
2020-10-29T15:49:48.812+0000: [CMS-concurrent-reset-start]
2020-10-29T15:49:48.813+0000: [CMS-concurrent-reset: 0.002/0.002 secs] [Times: user=0.01 sys=0.00, real=0.01 secs] 
2020-10-29T15:49:48.832+0000: [GC (Allocation Failure) 2020-10-29T15:49:48.832+0000: [ParNew: 17374K->1071K(18432K), 0.0072230 secs] 98887K->82584K(154288K), 0.0072936 secs] [Times: user=0.02 sys=0.00, real=0.01 secs] 
2020-10-29T15:49:48.952+0000: [GC (Allocation Failure) 2020-10-29T15:49:48.952+0000: [ParNew: 17455K->1210K(18432K), 0.0077999 secs] 98968K->82723K(154288K), 0.0078723 secs] [Times: user=0.02 sys=0.00, real=0.01 secs] 
2020-10-29T15:49:49.032+0000: [GC (Allocation Failure) 2020-10-29T15:49:49.032+0000: [ParNew: 17594K->1489K(18432K), 0.0029551 secs] 99107K->83002K(154288K), 0.0030269 secs] [Times: user=0.00 sys=0.00, real=0.01 secs] 
2020-10-29T15:49:49.100+0000: [GC (Allocation Failure) 2020-10-29T15:49:49.100+0000: [ParNew: 17873K->974K(18432K), 0.0062949 secs] 99386K->82577K(154288K), 0.0063484 secs] [Times: user=0.02 sys=0.00, real=0.01 secs] 
2020-10-29T15:49:49.194+0000: [GC (Allocation Failure) 2020-10-29T15:49:49.194+0000: [ParNew: 17358K->1475K(18432K), 0.0065679 secs] 98961K->83152K(154288K), 0.0066211 secs] [Times: user=0.02 sys=0.00, real=0.00 secs] 
2020-10-29T15:49:49.475+0000: [GC (Allocation Failure) 2020-10-29T15:49:49.475+0000: [ParNew: 17859K->1938K(18432K), 0.0064883 secs] 99536K->83892K(154288K), 0.0065440 secs] [Times: user=0.02 sys=0.00, real=0.00 secs] 
2020-10-29T15:49:49.711+0000: [GC (Allocation Failure) 2020-10-29T15:49:49.711+0000: [ParNew: 18322K->1538K(18432K), 0.0063039 secs] 100276K->84615K(154288K), 0.0063778 secs] [Times: user=0.01 sys=0.00, real=0.01 secs] 
2020-10-29T15:49:49.884+0000: [GC (Allocation Failure) 2020-10-29T15:49:49.884+0000: [ParNew: 17922K->1362K(18432K), 0.0053942 secs] 100999K->84439K(154288K), 0.0054484 secs] [Times: user=0.01 sys=0.00, real=0.00 secs] 
2020-10-29T15:49:50.053+0000: [GC (Allocation Failure) 2020-10-29T15:49:50.053+0000: [ParNew: 17746K->758K(18432K), 0.0134072 secs] 100823K->92509K(154288K), 0.0134734 secs] [Times: user=0.02 sys=0.01, real=0.01 secs] 
2020-10-29T15:49:50.333+0000: [GC (Allocation Failure) 2020-10-29T15:49:50.333+0000: [ParNew: 17142K->487K(18432K), 0.0019220 secs] 108893K->92238K(154288K), 0.0019855 secs] [Times: user=0.01 sys=0.00, real=0.00 secs] 
2020-10-29T15:49:50.492+0000: [GC (Allocation Failure) 2020-10-29T15:49:50.492+0000: [ParNew: 16871K->623K(18432K), 0.0019786 secs] 108622K->92374K(154288K), 0.0020315 secs] [Times: user=0.00 sys=0.00, real=0.01 secs] 
2020-10-29T15:49:50.618+0000: [GC (Allocation Failure) 2020-10-29T15:49:50.618+0000: [ParNew: 17007K->869K(18432K), 0.0019918 secs] 108758K->92620K(154288K), 0.0020611 secs] [Times: user=0.00 sys=0.00, real=0.00 secs] 
2020-10-29T15:49:50.720+0000: [GC (Allocation Failure) 2020-10-29T15:49:50.720+0000: [ParNew: 17253K->905K(18432K), 0.0019590 secs] 109004K->92656K(154288K), 0.0020053 secs] [Times: user=0.00 sys=0.00, real=0.00 secs] 
2020-10-29T15:49:50.796+0000: [GC (Allocation Failure) 2020-10-29T15:49:50.796+0000: [ParNew: 17289K->1106K(18432K), 0.0023308 secs] 109040K->93095K(154288K), 0.0023941 secs] [Times: user=0.01 sys=0.00, real=0.00 secs] 
2020-10-29T15:49:50.869+0000: [GC (Allocation Failure) 2020-10-29T15:49:50.869+0000: [ParNew: 17490K->33K(18432K), 0.0046286 secs] 109479K->93081K(154288K), 0.0046850 secs] [Times: user=0.00 sys=0.00, real=0.01 secs] 
2020-10-29T15:49:50.949+0000: [GC (Allocation Failure) 2020-10-29T15:49:50.949+0000: [ParNew: 16417K->8K(18432K), 0.0013331 secs] 109465K->93056K(154288K), 0.0014039 secs] [Times: user=0.01 sys=0.00, real=0.00 secs] 
2020-10-29T15:49:51.005+0000: [GC (Allocation Failure) 2020-10-29T15:49:51.005+0000: [ParNew: 16392K->10K(18432K), 0.0013312 secs] 109440K->93058K(154288K), 0.0014010 secs] [Times: user=0.01 sys=0.00, real=0.00 secs] 
2020-10-29T15:49:51.047+0000: [GC (Allocation Failure) 2020-10-29T15:49:51.047+0000: [ParNew: 16394K->12K(18432K), 0.0013479 secs] 109442K->93061K(154288K), 0.0014092 secs] [Times: user=0.00 sys=0.00, real=0.00 secs] 
2020-10-29T15:49:51.079+0000: [GC (Allocation Failure) 2020-10-29T15:49:51.079+0000: [ParNew: 16396K->10K(18432K), 0.0025292 secs] 109445K->95107K(154288K), 0.0025901 secs] [Times: user=0.00 sys=0.00, real=0.00 secs] 
2020-10-29T15:49:51.119+0000: [GC (Allocation Failure) 2020-10-29T15:49:51.119+0000: [ParNew: 16394K->14K(18432K), 0.0013873 secs] 111491K->95110K(154288K), 0.0014411 secs] [Times: user=0.00 sys=0.00, real=0.00 secs] 
2020-10-29T15:49:51.153+0000: [GC (Allocation Failure) 2020-10-29T15:49:51.153+0000: [ParNew: 16398K->12K(18432K), 0.0013713 secs] 111494K->95108K(154288K), 0.0014240 secs] [Times: user=0.00 sys=0.00, real=0.00 secs] 
2020-10-29T15:49:51.178+0000: [GC (Allocation Failure) 2020-10-29T15:49:51.178+0000: [ParNew: 16396K->11K(18432K), 0.0013984 secs] 111492K->95111K(154288K), 0.0014511 secs] [Times: user=0.00 sys=0.00, real=0.00 secs] 
2020-10-29T15:49:51.180+0000: [GC (CMS Initial Mark) [1 CMS-initial-mark: 95100K(135856K)] 95439K(154288K), 0.0010651 secs] [Times: user=0.00 sys=0.00, real=0.00 secs] 
2020-10-29T15:49:51.182+0000: [CMS-concurrent-mark-start]
2020-10-29T15:49:51.218+0000: [CMS-concurrent-mark: 0.036/0.036 secs] [Times: user=0.07 sys=0.00, real=0.04 secs] 
2020-10-29T15:49:51.218+0000: [GC (Allocation Failure) 2020-10-29T15:49:51.218+0000: [ParNew: 16395K->6K(18432K), 0.0013090 secs] 111495K->95108K(154288K), 0.0013452 secs] [Times: user=0.01 sys=0.00, real=0.00 secs] 
2020-10-29T15:49:51.219+0000: [CMS-concurrent-preclean-start]
2020-10-29T15:49:51.220+0000: [CMS-concurrent-preclean: 0.001/0.001 secs] [Times: user=0.00 sys=0.00, real=0.00 secs] 
2020-10-29T15:49:51.223+0000: [GC (CMS Final Remark) [YG occupancy: 661 K (18432 K)]2020-10-29T15:49:51.223+0000: [Rescan (parallel) , 0.0009718 secs]2020-10-29T15:49:51.224+0000: [weak refs processing, 0.0000533 secs]2020-10-29T15:49:51.224+0000: [class unloading, 0.0062058 secs]2020-10-29T15:49:51.231+0000: [scrub symbol table, 0.0078770 secs]2020-10-29T15:49:51.238+0000: [scrub string table, 0.0004856 secs][1 CMS-remark: 95102K(135856K)] 95764K(154288K), 0.0156974 secs] [Times: user=0.01 sys=0.00, real=0.02 secs] 
2020-10-29T15:49:51.239+0000: [CMS-concurrent-sweep-start]
2020-10-29T15:49:51.251+0000: [CMS-concurrent-sweep: 0.010/0.012 secs] [Times: user=0.02 sys=0.00, real=0.01 secs] 
2020-10-29T15:49:51.251+0000: [CMS-concurrent-reset-start]
2020-10-29T15:49:51.253+0000: [CMS-concurrent-reset: 0.002/0.002 secs] [Times: user=0.00 sys=0.00, real=0.01 secs] 
2020-10-29T15:49:51.272+0000: [GC (Allocation Failure) 2020-10-29T15:49:51.272+0000: [ParNew: 16390K->6K(18432K), 0.0014690 secs] 111267K->94883K(176564K), 0.0015164 secs] [Times: user=0.01 sys=0.00, real=0.01 secs] 
2020-10-29T15:49:51.293+0000: [GC (Allocation Failure) 2020-10-29T15:49:51.293+0000: [ParNew: 16390K->6K(18432K), 0.0013553 secs] 111267K->94884K(176564K), 0.0014036 secs] [Times: user=0.00 sys=0.00, real=0.00 secs] 
2020-10-29T15:49:51.313+0000: [GC (Allocation Failure) 2020-10-29T15:49:51.313+0000: [ParNew: 16390K->6K(18432K), 0.0014192 secs] 111268K->94884K(176564K), 0.0014781 secs] [Times: user=0.00 sys=0.00, real=0.00 secs] 
2020-10-29T15:49:51.332+0000: [GC (Allocation Failure) 2020-10-29T15:49:51.332+0000: [ParNew: 13136K->6K(18432K), 0.0014399 secs] 108014K->94884K(176564K), 0.0014907 secs] [Times: user=0.01 sys=0.00, real=0.01 secs] 
2020-10-29T15:49:51.352+0000: [GC (Allocation Failure) 2020-10-29T15:49:51.352+0000: [ParNew: 16390K->8K(18432K), 0.0070554 secs] 111268K->103080K(176564K), 0.0071112 secs] [Times: user=0.02 sys=0.00, real=0.01 secs] 
2020-10-29T15:49:51.385+0000: [GC (Allocation Failure) 2020-10-29T15:49:51.385+0000: [ParNew: 16392K->6K(18432K), 0.0014878 secs] 119464K->103078K(176564K), 0.0015413 secs] [Times: user=0.00 sys=0.00, real=0.00 secs] 
2020-10-29T15:49:51.422+0000: [GC (Allocation Failure) 2020-10-29T15:49:51.422+0000: [ParNew: 16390K->6K(18432K), 0.0036001 secs] 119462K->103078K(176564K), 0.0036556 secs] [Times: user=0.01 sys=0.00, real=0.01 secs] 
2020-10-29T15:49:51.461+0000: [GC (Allocation Failure) 2020-10-29T15:49:51.461+0000: [ParNew: 16390K->6K(18432K), 0.0015729 secs] 119462K->103078K(176564K), 0.0016252 secs] [Times: user=0.00 sys=0.00, real=0.00 secs] 
2020-10-29T15:49:51.496+0000: [GC (Allocation Failure) 2020-10-29T15:49:51.496+0000: [ParNew: 16390K->6K(18432K), 0.0013758 secs] 119462K->103078K(176564K), 0.0014467 secs] [Times: user=0.00 sys=0.00, real=0.00 secs] 
2020-10-29T15:49:51.533+0000: [GC (Allocation Failure) 2020-10-29T15:49:51.533+0000: [ParNew: 16390K->6K(18432K), 0.0036817 secs] 119462K->107174K(176564K), 0.0037348 secs] [Times: user=0.00 sys=0.01, real=0.00 secs] 
2020-10-29T15:49:51.573+0000: [GC (Allocation Failure) 2020-10-29T15:49:51.573+0000: [ParNew: 16390K->4K(18432K), 0.0013950 secs] 123558K->107175K(176564K), 0.0014484 secs] [Times: user=0.01 sys=0.00, real=0.00 secs] 
2020-10-29T15:49:51.594+0000: [GC (Allocation Failure) 2020-10-29T15:49:51.594+0000: [ParNew: 16388K->4K(18432K), 0.0013612 secs] 123559K->107175K(176564K), 0.0014106 secs] [Times: user=0.00 sys=0.00, real=0.00 secs] 
2020-10-29T15:49:51.615+0000: [GC (Allocation Failure) 2020-10-29T15:49:51.615+0000: [ParNew: 16388K->4K(18432K), 0.0013856 secs] 123559K->107175K(176564K), 0.0014390 secs] [Times: user=0.00 sys=0.00, real=0.00 secs] 
2020-10-29T15:49:51.637+0000: [GC (Allocation Failure) 2020-10-29T15:49:51.637+0000: [ParNew: 16388K->4K(18432K), 0.0013582 secs] 123559K->107175K(176564K), 0.0014095 secs] [Times: user=0.01 sys=0.00, real=0.00 secs] 
2020-10-29T15:49:51.658+0000: [GC (Allocation Failure) 2020-10-29T15:49:51.658+0000: [ParNew: 16388K->4K(18432K), 0.0013432 secs] 123559K->107175K(176564K), 0.0013989 secs] [Times: user=0.00 sys=0.00, real=0.00 secs] 
2020-10-29T15:49:51.677+0000: [GC (Allocation Failure) 2020-10-29T15:49:51.677+0000: [ParNew: 16388K->4K(18432K), 0.0012701 secs] 123559K->107175K(176564K), 0.0013158 secs] [Times: user=0.00 sys=0.00, real=0.00 secs] 
2020-10-29T15:49:51.697+0000: [GC (Allocation Failure) 2020-10-29T15:49:51.697+0000: [ParNew: 16388K->4K(18432K), 0.0013003 secs] 123559K->107175K(176564K), 0.0013478 secs] [Times: user=0.00 sys=0.00, real=0.00 secs] 
2020-10-29T15:49:51.715+0000: [GC (Allocation Failure) 2020-10-29T15:49:51.715+0000: [ParNew: 16388K->4K(18432K), 0.0012716 secs] 123559K->107175K(176564K), 0.0013218 secs] [Times: user=0.00 sys=0.00, real=0.00 secs] 
2020-10-29T15:49:51.739+0000: [GC (Allocation Failure) 2020-10-29T15:49:51.739+0000: [ParNew: 16388K->4K(18432K), 0.0013025 secs] 123559K->107175K(176564K), 0.0013533 secs] [Times: user=0.01 sys=0.00, real=0.00 secs] 
2020-10-29T15:49:51.758+0000: [GC (Allocation Failure) 2020-10-29T15:49:51.758+0000: [ParNew: 16388K->4K(18432K), 0.0013440 secs] 123559K->107175K(176564K), 0.0013957 secs] [Times: user=0.00 sys=0.00, real=0.00 secs] 
2020-10-29T15:49:51.777+0000: [GC (Allocation Failure) 2020-10-29T15:49:51.777+0000: [ParNew: 16388K->4K(18432K), 0.0013405 secs] 123559K->107175K(176564K), 0.0013849 secs] [Times: user=0.00 sys=0.00, real=0.00 secs] 
2020-10-29T15:49:51.797+0000: [GC (Allocation Failure) 2020-10-29T15:49:51.797+0000: [ParNew: 16388K->8K(18432K), 0.0013397 secs] 123559K->107179K(176564K), 0.0014001 secs] [Times: user=0.00 sys=0.00, real=0.00 secs] 
2020-10-29T15:49:51.808+0000: [GC (Allocation Failure) 2020-10-29T15:49:51.808+0000: [ParNew: 8527K->8K(18432K), 0.0014134 secs] 115699K->107179K(176564K), 0.0014699 secs] [Times: user=0.01 sys=0.00, real=0.00 secs] 
2020-10-29T15:49:51.820+0000: [GC (Allocation Failure) 2020-10-29T15:49:51.820+0000: [ParNew: 16392K->9K(18432K), 0.0072099 secs] 123563K->115373K(176564K), 0.0072603 secs] [Times: user=0.01 sys=0.00, real=0.01 secs] 
2020-10-29T15:49:51.827+0000: [GC (CMS Initial Mark) [1 CMS-initial-mark: 115363K(158132K)] 115698K(176564K), 0.0011427 secs] [Times: user=0.00 sys=0.00, real=0.00 secs] 
2020-10-29T15:49:51.829+0000: [CMS-concurrent-mark-start]
2020-10-29T15:49:51.858+0000: [GC (Allocation Failure) 2020-10-29T15:49:51.858+0000: [ParNew: 16393K->8K(18432K), 0.0013031 secs] 131757K->115371K(176564K), 0.0013530 secs] [Times: user=0.00 sys=0.00, real=0.00 secs] 
2020-10-29T15:49:51.868+0000: [CMS-concurrent-mark: 0.038/0.039 secs] [Times: user=0.07 sys=0.00, real=0.04 secs] 
2020-10-29T15:49:51.868+0000: [CMS-concurrent-preclean-start]
2020-10-29T15:49:51.869+0000: [CMS-concurrent-preclean: 0.001/0.001 secs] [Times: user=0.01 sys=0.00, real=0.00 secs] 
2020-10-29T15:49:51.869+0000: [CMS-concurrent-abortable-preclean-start]
2020-10-29T15:49:51.881+0000: [GC (Allocation Failure) 2020-10-29T15:49:51.881+0000: [ParNew: 16392K->7K(18432K), 0.0011546 secs] 131755K->115371K(176564K), 0.0011977 secs] [Times: user=0.00 sys=0.00, real=0.00 secs] 
2020-10-29T15:49:51.900+0000: [GC (Allocation Failure) 2020-10-29T15:49:51.900+0000: [ParNew: 16391K->8K(18432K), 0.0012124 secs] 131755K->115372K(176564K), 0.0012598 secs] [Times: user=0.00 sys=0.00, real=0.00 secs] 
2020-10-29T15:49:51.920+0000: [GC (Allocation Failure) 2020-10-29T15:49:51.920+0000: [ParNew: 16392K->5K(18432K), 0.0013210 secs] 131756K->115373K(176564K), 0.0013678 secs] [Times: user=0.00 sys=0.00, real=0.00 secs] 
2020-10-29T15:49:51.939+0000: [GC (Allocation Failure) 2020-10-29T15:49:51.939+0000: [ParNew: 16389K->4K(18432K), 0.0011807 secs] 131757K->115371K(176564K), 0.0012289 secs] [Times: user=0.00 sys=0.00, real=0.00 secs] 
2020-10-29T15:49:51.958+0000: [GC (Allocation Failure) 2020-10-29T15:49:51.958+0000: [ParNew: 13766K->4K(18432K), 0.0012073 secs] 129134K->115371K(176564K), 0.0012565 secs] [Times: user=0.00 sys=0.00, real=0.00 secs] 
2020-10-29T15:49:51.970+0000: [GC (Allocation Failure) 2020-10-29T15:49:51.970+0000: [ParNew: 16388K->4K(18432K), 0.0071391 secs] 131755K->123564K(176564K), 0.0071901 secs] [Times: user=0.01 sys=0.01, real=0.01 secs] 
2020-10-29T15:49:51.977+0000: [CMS-concurrent-abortable-preclean: 0.004/0.108 secs] [Times: user=0.12 sys=0.01, real=0.11 secs] 
2020-10-29T15:49:51.979+0000: [GC (CMS Final Remark) [YG occupancy: 329 K (18432 K)]2020-10-29T15:49:51.979+0000: [Rescan (parallel) , 0.0010414 secs]2020-10-29T15:49:51.981+0000: [weak refs processing, 0.0000267 secs]2020-10-29T15:49:51.981+0000: [class unloading, 0.0062712 secs]2020-10-29T15:49:51.987+0000: [scrub symbol table, 0.0079122 secs]2020-10-29T15:49:51.995+0000: [scrub string table, 0.0005131 secs][1 CMS-remark: 123560K(158132K)] 123890K(176564K), 0.0158689 secs] [Times: user=0.02 sys=0.00, real=0.02 secs] 
2020-10-29T15:49:51.995+0000: [CMS-concurrent-sweep-start]
2020-10-29T15:49:52.005+0000: [CMS-concurrent-sweep: 0.010/0.010 secs] [Times: user=0.02 sys=0.00, real=0.01 secs] 
2020-10-29T15:49:52.005+0000: [CMS-concurrent-reset-start]
2020-10-29T15:49:52.007+0000: [CMS-concurrent-reset: 0.002/0.002 secs] [Times: user=0.00 sys=0.00, real=0.00 secs] 
2020-10-29T15:49:52.019+0000: [GC (Allocation Failure) 2020-10-29T15:49:52.019+0000: [ParNew: 16388K->4K(18432K), 0.0014882 secs] 136825K->120441K(219164K), 0.0015396 secs] [Times: user=0.00 sys=0.00, real=0.00 secs] 
2020-10-29T15:49:52.038+0000: [GC (Allocation Failure) 2020-10-29T15:49:52.038+0000: [ParNew: 16388K->4K(18432K), 0.0014575 secs] 136825K->120441K(219164K), 0.0015076 secs] [Times: user=0.00 sys=0.00, real=0.00 secs] 
2020-10-29T15:49:52.058+0000: [GC (Allocation Failure) 2020-10-29T15:49:52.058+0000: [ParNew: 16388K->4K(18432K), 0.0014371 secs] 136825K->120441K(219164K), 0.0014889 secs] [Times: user=0.00 sys=0.00, real=0.00 secs] 
2020-10-29T15:49:52.078+0000: [GC (Allocation Failure) 2020-10-29T15:49:52.078+0000: [ParNew: 16388K->4K(18432K), 0.0014578 secs] 136825K->120441K(219164K), 0.0015093 secs] [Times: user=0.00 sys=0.00, real=0.00 secs] 
2020-10-29T15:49:52.100+0000: [GC (Allocation Failure) 2020-10-29T15:49:52.100+0000: [ParNew: 16388K->4K(18432K), 0.0014966 secs] 136825K->120441K(219164K), 0.0015493 secs] [Times: user=0.00 sys=0.00, real=0.00 secs] 
2020-10-29T15:49:52.119+0000: [GC (Allocation Failure) 2020-10-29T15:49:52.119+0000: [ParNew: 16388K->4K(18432K), 0.0014538 secs] 136825K->120441K(219164K), 0.0015059 secs] [Times: user=0.00 sys=0.00, real=0.00 secs] 
2020-10-29T15:49:52.138+0000: [GC (Allocation Failure) 2020-10-29T15:49:52.138+0000: [ParNew: 16388K->4K(18432K), 0.0014798 secs] 136825K->120441K(219164K), 0.0015383 secs] [Times: user=0.01 sys=0.00, real=0.00 secs] 
2020-10-29T15:49:52.157+0000: [GC (Allocation Failure) 2020-10-29T15:49:52.158+0000: [ParNew: 16388K->4K(18432K), 0.0014337 secs] 136825K->120441K(219164K), 0.0015001 secs] [Times: user=0.01 sys=0.00, real=0.00 secs] 
2020-10-29T15:49:52.169+0000: [GC (Allocation Failure) 2020-10-29T15:49:52.169+0000: [ParNew: 16388K->4K(18432K), 0.0070269 secs] 136825K->128633K(219164K), 0.0070775 secs] [Times: user=0.01 sys=0.00, real=0.01 secs] 
2020-10-29T15:49:52.195+0000: [GC (Allocation Failure) 2020-10-29T15:49:52.195+0000: [ParNew: 16388K->4K(18432K), 0.0015116 secs] 145017K->128633K(219164K), 0.0015701 secs] [Times: user=0.00 sys=0.00, real=0.00 secs] 
2020-10-29T15:49:52.223+0000: [GC (Allocation Failure) 2020-10-29T15:49:52.223+0000: [ParNew: 16388K->4K(18432K), 0.0014606 secs] 145017K->128633K(219164K), 0.0015145 secs] [Times: user=0.00 sys=0.00, real=0.00 secs] 
2020-10-29T15:49:52.242+0000: [GC (Allocation Failure) 2020-10-29T15:49:52.242+0000: [ParNew: 16388K->4K(18432K), 0.0014536 secs] 145017K->128633K(219164K), 0.0015132 secs] [Times: user=0.00 sys=0.00, real=0.00 secs] 
2020-10-29T15:49:52.261+0000: [GC (Allocation Failure) 2020-10-29T15:49:52.261+0000: [ParNew: 16388K->4K(18432K), 0.0014441 secs] 145017K->128633K(219164K), 0.0014929 secs] [Times: user=0.00 sys=0.00, real=0.00 secs] 
2020-10-29T15:49:52.281+0000: [GC (Allocation Failure) 2020-10-29T15:49:52.282+0000: [ParNew: 16388K->4K(18432K), 0.0014375 secs] 145017K->128633K(219164K), 0.0014870 secs] [Times: user=0.00 sys=0.00, real=0.00 secs] 
2020-10-29T15:49:52.300+0000: [GC (Allocation Failure) 2020-10-29T15:49:52.300+0000: [ParNew: 16388K->4K(18432K), 0.0014124 secs] 145017K->128633K(219164K), 0.0014584 secs] [Times: user=0.00 sys=0.00, real=0.00 secs] 
2020-10-29T15:49:52.319+0000: [GC (Allocation Failure) 2020-10-29T15:49:52.319+0000: [ParNew: 16388K->4K(18432K), 0.0014506 secs] 145017K->128633K(219164K), 0.0015110 secs] [Times: user=0.01 sys=0.00, real=0.00 secs] 
2020-10-29T15:49:52.338+0000: [GC (Allocation Failure) 2020-10-29T15:49:52.338+0000: [ParNew: 16388K->4K(18432K), 0.0014692 secs] 145017K->128633K(219164K), 0.0015175 secs] [Times: user=0.01 sys=0.00, real=0.00 secs] 
2020-10-29T15:49:52.357+0000: [GC (Allocation Failure) 2020-10-29T15:49:52.357+0000: [ParNew: 16388K->4K(18432K), 0.0015346 secs] 145017K->128633K(219164K), 0.0015858 secs] [Times: user=0.01 sys=0.00, real=0.00 secs] 
2020-10-29T15:49:52.378+0000: [GC (Allocation Failure) 2020-10-29T15:49:52.379+0000: [ParNew: 16388K->4K(18432K), 0.0013955 secs] 145017K->128633K(219164K), 0.0014446 secs] [Times: user=0.00 sys=0.00, real=0.00 secs] 
2020-10-29T15:49:52.400+0000: [GC (Allocation Failure) 2020-10-29T15:49:52.400+0000: [ParNew: 16388K->4K(18432K), 0.0014780 secs] 145017K->128633K(219164K), 0.0015482 secs] [Times: user=0.00 sys=0.00, real=0.00 secs] 
2020-10-29T15:49:52.425+0000: [GC (Allocation Failure) 2020-10-29T15:49:52.425+0000: [ParNew: 16388K->4K(18432K), 0.0015338 secs] 145017K->128633K(219164K), 0.0015862 secs] [Times: user=0.00 sys=0.00, real=0.00 secs] 
2020-10-29T15:49:52.444+0000: [GC (Allocation Failure) 2020-10-29T15:49:52.444+0000: [ParNew: 16388K->4K(18432K), 0.0013300 secs] 145017K->128633K(219164K), 0.0013758 secs] [Times: user=0.00 sys=0.00, real=0.01 secs] 
2020-10-29T15:49:52.463+0000: [GC (Allocation Failure) 2020-10-29T15:49:52.463+0000: [ParNew: 16388K->4K(18432K), 0.0014465 secs] 145017K->128633K(219164K), 0.0014988 secs] [Times: user=0.00 sys=0.00, real=0.00 secs] 
2020-10-29T15:49:52.482+0000: [GC (Allocation Failure) 2020-10-29T15:49:52.482+0000: [ParNew: 16388K->4K(18432K), 0.0014615 secs] 145017K->128633K(219164K), 0.0015191 secs] [Times: user=0.00 sys=0.00, real=0.00 secs] 
2020-10-29T15:49:52.494+0000: [GC (Allocation Failure) 2020-10-29T15:49:52.494+0000: [ParNew: 16388K->4K(18432K), 0.0071208 secs] 145017K->136826K(219164K), 0.0071904 secs] [Times: user=0.01 sys=0.00, real=0.00 secs] 
2020-10-29T15:49:52.519+0000: [GC (Allocation Failure) 2020-10-29T15:49:52.519+0000: [ParNew: 16388K->4K(18432K), 0.0015190 secs] 153210K->136826K(219164K), 0.0015667 secs] [Times: user=0.01 sys=0.00, real=0.00 secs] 
2020-10-29T15:49:52.540+0000: [GC (Allocation Failure) 2020-10-29T15:49:52.540+0000: [ParNew: 16388K->4K(18432K), 0.0014317 secs] 153210K->136826K(219164K), 0.0014835 secs] [Times: user=0.00 sys=0.00, real=0.00 secs] 
2020-10-29T15:49:52.560+0000: [GC (Allocation Failure) 2020-10-29T15:49:52.560+0000: [ParNew: 16388K->4K(18432K), 0.0014418 secs] 153210K->136826K(219164K), 0.0014934 secs] [Times: user=0.00 sys=0.00, real=0.00 secs] 
2020-10-29T15:49:52.580+0000: [GC (Allocation Failure) 2020-10-29T15:49:52.580+0000: [ParNew: 16388K->4K(18432K), 0.0014437 secs] 153210K->136826K(219164K), 0.0014951 secs] [Times: user=0.00 sys=0.00, real=0.00 secs] 
2020-10-29T15:49:52.599+0000: [GC (Allocation Failure) 2020-10-29T15:49:52.599+0000: [ParNew: 16388K->4K(18432K), 0.0014519 secs] 153210K->136826K(219164K), 0.0014998 secs] [Times: user=0.00 sys=0.00, real=0.00 secs] 
2020-10-29T15:49:52.618+0000: [GC (Allocation Failure) 2020-10-29T15:49:52.618+0000: [ParNew: 16388K->4K(18432K), 0.0014498 secs] 153210K->136826K(219164K), 0.0015018 secs] [Times: user=0.00 sys=0.00, real=0.00 secs] 
2020-10-29T15:49:52.637+0000: [GC (Allocation Failure) 2020-10-29T15:49:52.637+0000: [ParNew: 16388K->4K(18432K), 0.0014568 secs] 153210K->136826K(219164K), 0.0015045 secs] [Times: user=0.00 sys=0.00, real=0.00 secs] 
2020-10-29T15:49:52.656+0000: [GC (Allocation Failure) 2020-10-29T15:49:52.656+0000: [ParNew: 16388K->4K(18432K), 0.0014412 secs] 153210K->136826K(219164K), 0.0014913 secs] [Times: user=0.00 sys=0.00, real=0.00 secs] 
2020-10-29T15:49:52.675+0000: [GC (Allocation Failure) 2020-10-29T15:49:52.675+0000: [ParNew: 16388K->4K(18432K), 0.0013243 secs] 153210K->136826K(219164K), 0.0013698 secs] [Times: user=0.00 sys=0.00, real=0.00 secs] 
2020-10-29T15:49:52.697+0000: [GC (Allocation Failure) 2020-10-29T15:49:52.697+0000: [ParNew: 16388K->4K(18432K), 0.0015022 secs] 153210K->136826K(219164K), 0.0015545 secs] [Times: user=0.00 sys=0.00, real=0.00 secs] 
2020-10-29T15:49:52.716+0000: [GC (Allocation Failure) 2020-10-29T15:49:52.716+0000: [ParNew: 16388K->4K(18432K), 0.0014298 secs] 153210K->136826K(219164K), 0.0014794 secs] [Times: user=0.00 sys=0.00, real=0.00 secs] 
2020-10-29T15:49:52.735+0000: [GC (Allocation Failure) 2020-10-29T15:49:52.735+0000: [ParNew: 16388K->4K(18432K), 0.0015231 secs] 153210K->136826K(219164K), 0.0015732 secs] [Times: user=0.00 sys=0.00, real=0.00 secs] 
2020-10-29T15:49:52.765+0000: [GC (Allocation Failure) 2020-10-29T15:49:52.765+0000: [ParNew: 16388K->4K(18432K), 0.0014444 secs] 169594K->153210K(219164K), 0.0014969 secs] [Times: user=0.00 sys=0.00, real=0.00 secs] 
2020-10-29T15:49:52.768+0000: [GC (CMS Initial Mark) [1 CMS-initial-mark: 153206K(200732K)] 153537K(219164K), 0.0009833 secs] [Times: user=0.00 sys=0.01, real=0.00 secs] 
2020-10-29T15:49:52.769+0000: [CMS-concurrent-mark-start]
2020-10-29T15:49:52.798+0000: [GC (Allocation Failure) 2020-10-29T15:49:52.798+0000: [ParNew: 16388K->4K(18432K), 0.0013089 secs] 169594K->153210K(219164K), 0.0013583 secs] [Times: user=0.00 sys=0.00, real=0.00 secs] 
2020-10-29T15:49:52.806+0000: [CMS-concurrent-mark: 0.035/0.037 secs] [Times: user=0.07 sys=0.00, real=0.04 secs] 
2020-10-29T15:49:52.806+0000: [CMS-concurrent-preclean-start]
2020-10-29T15:49:52.807+0000: [CMS-concurrent-preclean: 0.001/0.001 secs] [Times: user=0.00 sys=0.00, real=0.00 secs] 
2020-10-29T15:49:52.807+0000: [CMS-concurrent-abortable-preclean-start]
2020-10-29T15:49:52.821+0000: [GC (Allocation Failure) 2020-10-29T15:49:52.821+0000: [ParNew: 16388K->4K(18432K), 0.0012555 secs] 169594K->153210K(219164K), 0.0012963 secs] [Times: user=0.01 sys=0.00, real=0.00 secs] 
2020-10-29T15:49:52.840+0000: [GC (Allocation Failure) 2020-10-29T15:49:52.840+0000: [ParNew: 16388K->4K(18432K), 0.0014197 secs] 169594K->153210K(219164K), 0.0014723 secs] [Times: user=0.01 sys=0.00, real=0.00 secs] 
2020-10-29T15:49:52.860+0000: [GC (Allocation Failure) 2020-10-29T15:49:52.860+0000: [ParNew: 16388K->4K(18432K), 0.0014854 secs] 169594K->153210K(219164K), 0.0015377 secs] [Times: user=0.00 sys=0.00, real=0.00 secs] 
2020-10-29T15:49:52.879+0000: [GC (Allocation Failure) 2020-10-29T15:49:52.879+0000: [ParNew: 16388K->4K(18432K), 0.0014289 secs] 169594K->153210K(219164K), 0.0014780 secs] [Times: user=0.00 sys=0.00, real=0.00 secs] 
2020-10-29T15:49:52.898+0000: [GC (Allocation Failure) 2020-10-29T15:49:52.898+0000: [ParNew: 16388K->4K(18432K), 0.0013757 secs] 169594K->153210K(219164K), 0.0014258 secs] [Times: user=0.00 sys=0.00, real=0.00 secs] 
2020-10-29T15:49:52.917+0000: [GC (Allocation Failure) 2020-10-29T15:49:52.917+0000: [ParNew: 16388K->4K(18432K), 0.0014429 secs] 169594K->153210K(219164K), 0.0014948 secs] [Times: user=0.00 sys=0.00, real=0.00 secs] 
2020-10-29T15:49:52.936+0000: [GC (Allocation Failure) 2020-10-29T15:49:52.936+0000: [ParNew: 16388K->4K(18432K), 0.0014616 secs] 169594K->153210K(219164K), 0.0015291 secs] [Times: user=0.00 sys=0.00, real=0.00 secs] 
2020-10-29T15:49:52.956+0000: [GC (Allocation Failure) 2020-10-29T15:49:52.956+0000: [ParNew: 16388K->4K(18432K), 0.0015103 secs] 169594K->153210K(219164K), 0.0015624 secs] [Times: user=0.01 sys=0.00, real=0.00 secs] 
2020-10-29T15:49:52.975+0000: [GC (Allocation Failure) 2020-10-29T15:49:52.975+0000: [ParNew: 16388K->4K(18432K), 0.0014573 secs] 169594K->153210K(219164K), 0.0015094 secs] [Times: user=0.01 sys=0.00, real=0.00 secs] 
2020-10-29T15:49:52.999+0000: [GC (Allocation Failure) 2020-10-29T15:49:52.999+0000: [ParNew: 16388K->6K(18432K), 0.0014692 secs] 169594K->153212K(219164K), 0.0015224 secs] [Times: user=0.00 sys=0.00, real=0.00 secs] 
2020-10-29T15:49:53.032+0000: [GC (Allocation Failure) 2020-10-29T15:49:53.032+0000: [ParNew: 16390K->4K(18432K), 0.0030331 secs] 169596K->153210K(219164K), 0.0030885 secs] [Times: user=0.01 sys=0.00, real=0.01 secs] 
2020-10-29T15:49:53.056+0000: [GC (Allocation Failure) 2020-10-29T15:49:53.056+0000: [ParNew: 16388K->6K(18432K), 0.0014798 secs] 169594K->153212K(219164K), 0.0015325 secs] [Times: user=0.00 sys=0.00, real=0.00 secs] 
2020-10-29T15:49:53.075+0000: [GC (Allocation Failure) 2020-10-29T15:49:53.075+0000: [ParNew: 16390K->4K(18432K), 0.0013296 secs] 169596K->153210K(219164K), 0.0013799 secs] [Times: user=0.00 sys=0.00, real=0.00 secs] 
2020-10-29T15:49:53.095+0000: [GC (Allocation Failure) 2020-10-29T15:49:53.095+0000: [ParNew: 16388K->6K(18432K), 0.0014335 secs] 169594K->153212K(219164K), 0.0014998 secs] [Times: user=0.00 sys=0.00, real=0.00 secs] 
2020-10-29T15:49:53.114+0000: [GC (Allocation Failure) 2020-10-29T15:49:53.114+0000: [ParNew: 16390K->6K(18432K), 0.0014418 secs] 169596K->153212K(219164K), 0.0014932 secs] [Times: user=0.01 sys=0.00, real=0.00 secs] 
2020-10-29T15:49:53.133+0000: [GC (Allocation Failure) 2020-10-29T15:49:53.133+0000: [ParNew: 16390K->4K(18432K), 0.0015070 secs] 169596K->153211K(219164K), 0.0015653 secs] [Times: user=0.01 sys=0.00, real=0.00 secs] 
2020-10-29T15:49:53.151+0000: [GC (Allocation Failure) 2020-10-29T15:49:53.151+0000: [ParNew: 13813K->4K(18432K), 0.0014598 secs] 167021K->153211K(219164K), 0.0015215 secs] [Times: user=0.01 sys=0.00, real=0.01 secs] 
2020-10-29T15:49:53.163+0000: [GC (Allocation Failure) 2020-10-29T15:49:53.163+0000: [ParNew: 16388K->4K(18432K), 0.0071764 secs] 169595K->161403K(219164K), 0.0072302 secs] [Times: user=0.01 sys=0.00, real=0.01 secs] 
2020-10-29T15:49:53.170+0000: [CMS-concurrent-abortable-preclean: 0.014/0.363 secs] [Times: user=0.45 sys=0.00, real=0.36 secs] 
2020-10-29T15:49:53.172+0000: [GC (CMS Final Remark) [YG occupancy: 328 K (18432 K)]2020-10-29T15:49:53.172+0000: [Rescan (parallel) , 0.0014741 secs]2020-10-29T15:49:53.174+0000: [weak refs processing, 0.0000262 secs]2020-10-29T15:49:53.174+0000: [class unloading, 0.0063175 secs]2020-10-29T15:49:53.180+0000: [scrub symbol table, 0.0078971 secs]2020-10-29T15:49:53.188+0000: [scrub string table, 0.0005649 secs][1 CMS-remark: 161399K(200732K)] 161728K(219164K), 0.0163865 secs] [Times: user=0.01 sys=0.00, real=0.01 secs] 
2020-10-29T15:49:53.189+0000: [CMS-concurrent-sweep-start]
2020-10-29T15:49:53.197+0000: [CMS-concurrent-sweep: 0.008/0.008 secs] [Times: user=0.02 sys=0.00, real=0.01 secs] 
2020-10-29T15:49:53.198+0000: [CMS-concurrent-reset-start]
2020-10-29T15:49:53.199+0000: [CMS-concurrent-reset: 0.002/0.002 secs] [Times: user=0.00 sys=0.00, real=0.00 secs] 
2020-10-29T15:49:53.212+0000: [GC (Allocation Failure) 2020-10-29T15:49:53.212+0000: [ParNew: 16388K->4K(18432K), 0.0016190 secs] 173691K->157307K(280608K), 0.0016694 secs] [Times: user=0.00 sys=0.00, real=0.01 secs] 
2020-10-29T15:49:53.231+0000: [GC (Allocation Failure) 2020-10-29T15:49:53.232+0000: [ParNew: 16388K->4K(18432K), 0.0016108 secs] 173691K->157307K(280608K), 0.0016594 secs] [Times: user=0.00 sys=0.00, real=0.01 secs] 
2020-10-29T15:49:53.251+0000: [GC (Allocation Failure) 2020-10-29T15:49:53.251+0000: [ParNew: 16388K->4K(18432K), 0.0016370 secs] 173691K->157307K(280608K), 0.0016869 secs] [Times: user=0.00 sys=0.00, real=0.01 secs] 
2020-10-29T15:49:53.270+0000: [GC (Allocation Failure) 2020-10-29T15:49:53.270+0000: [ParNew: 16388K->4K(18432K), 0.0015965 secs] 173691K->157307K(280608K), 0.0016438 secs] [Times: user=0.00 sys=0.00, real=0.00 secs] 
2020-10-29T15:49:53.289+0000: [GC (Allocation Failure) 2020-10-29T15:49:53.289+0000: [ParNew: 16388K->4K(18432K), 0.0014779 secs] 173691K->157307K(280608K), 0.0015227 secs] [Times: user=0.00 sys=0.00, real=0.00 secs] 
2020-10-29T15:49:53.308+0000: [GC (Allocation Failure) 2020-10-29T15:49:53.308+0000: [ParNew: 16388K->4K(18432K), 0.0015812 secs] 173691K->157307K(280608K), 0.0016316 secs] [Times: user=0.00 sys=0.00, real=0.00 secs] 
2020-10-29T15:49:53.334+0000: [GC (Allocation Failure) 2020-10-29T15:49:53.334+0000: [ParNew: 16388K->4K(18432K), 0.0015817 secs] 173691K->157307K(280608K), 0.0016432 secs] [Times: user=0.01 sys=0.00, real=0.00 secs] 
2020-10-29T15:49:53.355+0000: [GC (Allocation Failure) 2020-10-29T15:49:53.355+0000: [ParNew: 16388K->4K(18432K), 0.0015719 secs] 173691K->157307K(280608K), 0.0016243 secs] [Times: user=0.01 sys=0.00, real=0.00 secs] 
2020-10-29T15:49:53.373+0000: [GC (Allocation Failure) 2020-10-29T15:49:53.374+0000: [ParNew: 16388K->4K(18432K), 0.0014416 secs] 173691K->157307K(280608K), 0.0014823 secs] [Times: user=0.01 sys=0.00, real=0.00 secs] 
2020-10-29T15:49:53.393+0000: [GC (Allocation Failure) 2020-10-29T15:49:53.393+0000: [ParNew: 16388K->4K(18432K), 0.0015990 secs] 173691K->157307K(280608K), 0.0016510 secs] [Times: user=0.00 sys=0.00, real=0.00 secs] 
2020-10-29T15:49:53.412+0000: [GC (Allocation Failure) 2020-10-29T15:49:53.412+0000: [ParNew: 16388K->4K(18432K), 0.0015278 secs] 173691K->157307K(280608K), 0.0015758 secs] [Times: user=0.00 sys=0.00, real=0.01 secs] 
2020-10-29T15:49:53.431+0000: [GC (Allocation Failure) 2020-10-29T15:49:53.431+0000: [ParNew: 16388K->4K(18432K), 0.0015614 secs] 173691K->157307K(280608K), 0.0016113 secs] [Times: user=0.00 sys=0.00, real=0.00 secs] 
2020-10-29T15:49:53.450+0000: [GC (Allocation Failure) 2020-10-29T15:49:53.450+0000: [ParNew: 16388K->4K(18432K), 0.0015481 secs] 173691K->157307K(280608K), 0.0016010 secs] [Times: user=0.00 sys=0.00, real=0.00 secs] 
2020-10-29T15:49:53.469+0000: [GC (Allocation Failure) 2020-10-29T15:49:53.469+0000: [ParNew: 16388K->4K(18432K), 0.0015005 secs] 173691K->157307K(280608K), 0.0015492 secs] [Times: user=0.00 sys=0.00, real=0.00 secs] 
2020-10-29T15:49:53.488+0000: [GC (Allocation Failure) 2020-10-29T15:49:53.488+0000: [ParNew: 16388K->4K(18432K), 0.0015546 secs] 173691K->157307K(280608K), 0.0016052 secs] [Times: user=0.01 sys=0.00, real=0.00 secs] 
2020-10-29T15:49:53.506+0000: [GC (Allocation Failure) 2020-10-29T15:49:53.506+0000: [ParNew: 16388K->4K(18432K), 0.0015764 secs] 173691K->157307K(280608K), 0.0016285 secs] [Times: user=0.01 sys=0.00, real=0.00 secs] 
2020-10-29T15:49:53.526+0000: [GC (Allocation Failure) 2020-10-29T15:49:53.526+0000: [ParNew: 16388K->4K(18432K), 0.0016009 secs] 173691K->157307K(280608K), 0.0016508 secs] [Times: user=0.01 sys=0.00, real=0.00 secs] 
2020-10-29T15:49:53.545+0000: [GC (Allocation Failure) 2020-10-29T15:49:53.545+0000: [ParNew: 16387K->4K(18432K), 0.0014983 secs] 173691K->157307K(280608K), 0.0015417 secs] [Times: user=0.01 sys=0.00, real=0.00 secs] 
2020-10-29T15:49:53.563+0000: [GC (Allocation Failure) 2020-10-29T15:49:53.563+0000: [ParNew: 16388K->4K(18432K), 0.0016880 secs] 173691K->157307K(280608K), 0.0017371 secs] [Times: user=0.01 sys=0.00, real=0.01 secs] 
2020-10-29T15:49:53.585+0000: [GC (Allocation Failure) 2020-10-29T15:49:53.585+0000: [ParNew: 12471K->8K(18432K), 0.0014942 secs] 169775K->157311K(280608K), 0.0015430 secs] [Times: user=0.01 sys=0.00, real=0.00 secs] 
2020-10-29T15:49:53.596+0000: [GC (Allocation Failure) 2020-10-29T15:49:53.596+0000: [ParNew: 16392K->8K(18432K), 0.0072490 secs] 173695K->165504K(280608K), 0.0073138 secs] [Times: user=0.01 sys=0.00, real=0.00 secs] 
2020-10-29T15:49:53.604+0000: [GC (CMS Initial Mark) [1 CMS-initial-mark: 165495K(262176K)] 165830K(280608K), 0.0011769 secs] [Times: user=0.00 sys=0.00, real=0.00 secs] 
2020-10-29T15:49:53.606+0000: [CMS-concurrent-mark-start]
2020-10-29T15:49:53.634+0000: [GC (Allocation Failure) 2020-10-29T15:49:53.634+0000: [ParNew: 16392K->10K(18432K), 0.0015183 secs] 181888K->165506K(280608K), 0.0015699 secs] [Times: user=0.01 sys=0.00, real=0.00 secs] 
2020-10-29T15:49:53.643+0000: [CMS-concurrent-mark: 0.036/0.037 secs] [Times: user=0.07 sys=0.00, real=0.03 secs] 
2020-10-29T15:49:53.643+0000: [CMS-concurrent-preclean-start]
2020-10-29T15:49:53.645+0000: [CMS-concurrent-preclean: 0.001/0.001 secs] [Times: user=0.00 sys=0.00, real=0.01 secs] 
2020-10-29T15:49:53.645+0000: [CMS-concurrent-abortable-preclean-start]
2020-10-29T15:49:53.657+0000: [GC (Allocation Failure) 2020-10-29T15:49:53.657+0000: [ParNew: 16394K->8K(18432K), 0.0016192 secs] 181890K->165503K(280608K), 0.0016705 secs] [Times: user=0.00 sys=0.00, real=0.00 secs] 
2020-10-29T15:49:53.676+0000: [GC (Allocation Failure) 2020-10-29T15:49:53.676+0000: [ParNew: 16392K->7K(18432K), 0.0015908 secs] 181887K->165503K(280608K), 0.0016414 secs] [Times: user=0.00 sys=0.00, real=0.00 secs] 
2020-10-29T15:49:53.695+0000: [GC (Allocation Failure) 2020-10-29T15:49:53.696+0000: [ParNew: 16391K->8K(18432K), 0.0015765 secs] 181887K->165504K(280608K), 0.0016255 secs] [Times: user=0.00 sys=0.00, real=0.00 secs] 
2020-10-29T15:49:53.715+0000: [GC (Allocation Failure) 2020-10-29T15:49:53.715+0000: [ParNew: 16392K->5K(18432K), 0.0014613 secs] 181888K->165506K(280608K), 0.0015088 secs] [Times: user=0.01 sys=0.00, real=0.00 secs] 
2020-10-29T15:49:53.734+0000: [GC (Allocation Failure) 2020-10-29T15:49:53.734+0000: [ParNew: 16389K->4K(18432K), 0.0015956 secs] 181890K->165504K(280608K), 0.0016451 secs] [Times: user=0.01 sys=0.00, real=0.00 secs] 
2020-10-29T15:49:53.753+0000: [GC (Allocation Failure) 2020-10-29T15:49:53.753+0000: [ParNew: 16388K->4K(18432K), 0.0015568 secs] 181888K->165504K(280608K), 0.0016076 secs] [Times: user=0.00 sys=0.00, real=0.00 secs] 
2020-10-29T15:49:53.772+0000: [GC (Allocation Failure) 2020-10-29T15:49:53.772+0000: [ParNew: 16388K->4K(18432K), 0.0014407 secs] 181888K->165504K(280608K), 0.0014863 secs] [Times: user=0.00 sys=0.00, real=0.00 secs] 
2020-10-29T15:49:53.792+0000: [GC (Allocation Failure) 2020-10-29T15:49:53.792+0000: [ParNew: 16388K->4K(18432K), 0.0015930 secs] 181888K->165504K(280608K), 0.0016457 secs] [Times: user=0.00 sys=0.00, real=0.01 secs] 
2020-10-29T15:49:53.811+0000: [GC (Allocation Failure) 2020-10-29T15:49:53.811+0000: [ParNew: 16388K->4K(18432K), 0.0016395 secs] 181888K->165504K(280608K), 0.0016912 secs] [Times: user=0.00 sys=0.00, real=0.01 secs] 
2020-10-29T15:49:53.831+0000: [GC (Allocation Failure) 2020-10-29T15:49:53.831+0000: [ParNew: 16388K->4K(18432K), 0.0015839 secs] 181888K->165504K(280608K), 0.0016351 secs] [Times: user=0.01 sys=0.00, real=0.00 secs] 
2020-10-29T15:49:53.850+0000: [GC (Allocation Failure) 2020-10-29T15:49:53.850+0000: [ParNew: 16388K->4K(18432K), 0.0014500 secs] 181888K->165504K(280608K), 0.0014980 secs] [Times: user=0.01 sys=0.00, real=0.00 secs] 
2020-10-29T15:49:53.869+0000: [GC (Allocation Failure) 2020-10-29T15:49:53.869+0000: [ParNew: 16388K->4K(18432K), 0.0014972 secs] 181888K->165504K(280608K), 0.0015490 secs] [Times: user=0.00 sys=0.00, real=0.00 secs] 
2020-10-29T15:49:53.889+0000: [GC (Allocation Failure) 2020-10-29T15:49:53.889+0000: [ParNew: 16388K->4K(18432K), 0.0016090 secs] 181888K->165504K(280608K), 0.0016612 secs] [Times: user=0.00 sys=0.00, real=0.00 secs] 
2020-10-29T15:49:53.910+0000: [GC (Allocation Failure) 2020-10-29T15:49:53.910+0000: [ParNew: 16388K->4K(18432K), 0.0015841 secs] 181888K->165504K(280608K), 0.0016284 secs] [Times: user=0.00 sys=0.00, real=0.00 secs] 
2020-10-29T15:49:53.930+0000: [GC (Allocation Failure) 2020-10-29T15:49:53.930+0000: [ParNew: 16386K->4K(18432K), 0.0016145 secs] 181887K->165504K(280608K), 0.0016672 secs] [Times: user=0.01 sys=0.00, real=0.00 secs] 
2020-10-29T15:49:53.942+0000: [GC (Allocation Failure) 2020-10-29T15:49:53.942+0000: [ParNew: 16388K->4K(18432K), 0.0069923 secs] 181888K->173696K(280608K), 0.0070461 secs] [Times: user=0.00 sys=0.01, real=0.01 secs] 
2020-10-29T15:49:53.967+0000: [GC (Allocation Failure) 2020-10-29T15:49:53.967+0000: [ParNew: 16388K->4K(18432K), 0.0015792 secs] 190080K->173696K(280608K), 0.0016311 secs] [Times: user=0.01 sys=0.00, real=0.00 secs] 
2020-10-29T15:49:53.991+0000: [GC (Allocation Failure) 2020-10-29T15:49:53.992+0000: [ParNew: 16388K->4K(18432K), 0.0015676 secs] 190080K->173696K(280608K), 0.0016192 secs] [Times: user=0.00 sys=0.00, real=0.01 secs] 
2020-10-29T15:49:54.013+0000: [GC (Allocation Failure) 2020-10-29T15:49:54.014+0000: [ParNew: 16388K->4K(18432K), 0.0015984 secs] 190080K->173696K(280608K), 0.0016523 secs] [Times: user=0.00 sys=0.00, real=0.00 secs] 
2020-10-29T15:49:54.033+0000: [GC (Allocation Failure) 2020-10-29T15:49:54.033+0000: [ParNew: 16388K->4K(18432K), 0.0015924 secs] 190080K->173696K(280608K), 0.0016445 secs] [Times: user=0.00 sys=0.00, real=0.00 secs] 
2020-10-29T15:49:54.056+0000: [GC (Allocation Failure) 2020-10-29T15:49:54.056+0000: [ParNew: 16388K->4K(18432K), 0.0016068 secs] 190080K->173696K(280608K), 0.0016669 secs] [Times: user=0.01 sys=0.00, real=0.00 secs] 
2020-10-29T15:49:54.086+0000: [GC (Allocation Failure) 2020-10-29T15:49:54.086+0000: [ParNew: 16388K->4K(18432K), 0.0015928 secs] 190080K->173696K(280608K), 0.0016628 secs] [Times: user=0.00 sys=0.00, real=0.00 secs] 
2020-10-29T15:49:54.106+0000: [GC (Allocation Failure) 2020-10-29T15:49:54.106+0000: [ParNew: 16388K->4K(18432K), 0.0016130 secs] 190080K->173696K(280608K), 0.0016663 secs] [Times: user=0.01 sys=0.00, real=0.00 secs] 
2020-10-29T15:49:54.127+0000: [GC (Allocation Failure) 2020-10-29T15:49:54.127+0000: [ParNew: 16388K->4K(18432K), 0.0016404 secs] 190080K->173696K(280608K), 0.0016943 secs] [Times: user=0.00 sys=0.00, real=0.00 secs] 
2020-10-29T15:49:54.147+0000: [GC (Allocation Failure) 2020-10-29T15:49:54.147+0000: [ParNew: 16388K->4K(18432K), 0.0016188 secs] 190080K->173697K(280608K), 0.0016709 secs] [Times: user=0.01 sys=0.00, real=0.00 secs] 
2020-10-29T15:49:54.166+0000: [GC (Allocation Failure) 2020-10-29T15:49:54.166+0000: [ParNew: 16388K->4K(18432K), 0.0015556 secs] 190081K->173697K(280608K), 0.0016171 secs] [Times: user=0.01 sys=0.00, real=0.00 secs] 
2020-10-29T15:49:54.185+0000: [GC (Allocation Failure) 2020-10-29T15:49:54.185+0000: [ParNew: 16388K->4K(18432K), 0.0015852 secs] 190081K->173697K(280608K), 0.0016363 secs] [Times: user=0.00 sys=0.00, real=0.00 secs] 
2020-10-29T15:49:54.205+0000: [GC (Allocation Failure) 2020-10-29T15:49:54.205+0000: [ParNew: 16388K->4K(18432K), 0.0015667 secs] 190081K->173697K(280608K), 0.0016178 secs] [Times: user=0.00 sys=0.00, real=0.00 secs] 
2020-10-29T15:49:54.224+0000: [GC (Allocation Failure) 2020-10-29T15:49:54.224+0000: [ParNew: 16388K->4K(18432K), 0.0015711 secs] 190081K->173697K(280608K), 0.0016218 secs] [Times: user=0.00 sys=0.00, real=0.01 secs] 
2020-10-29T15:49:54.243+0000: [GC (Allocation Failure) 2020-10-29T15:49:54.243+0000: [ParNew: 16388K->4K(18432K), 0.0014602 secs] 190081K->173697K(280608K), 0.0015095 secs] [Times: user=0.00 sys=0.00, real=0.01 secs] 
2020-10-29T15:49:54.262+0000: [GC (Allocation Failure) 2020-10-29T15:49:54.263+0000: [ParNew: 16388K->4K(18432K), 0.0024446 secs] 190081K->173697K(280608K), 0.0024950 secs] [Times: user=0.00 sys=0.00, real=0.01 secs] 
2020-10-29T15:49:54.283+0000: [GC (Allocation Failure) 2020-10-29T15:49:54.283+0000: [ParNew: 16388K->4K(18432K), 0.0016920 secs] 190081K->173697K(280608K), 0.0017449 secs] [Times: user=0.00 sys=0.00, real=0.01 secs] 
2020-10-29T15:49:54.299+0000: [GC (Allocation Failure) 2020-10-29T15:49:54.299+0000: [ParNew: 12798K->4K(18432K), 0.0014993 secs] 186491K->173697K(280608K), 0.0015532 secs] [Times: user=0.00 sys=0.01, real=0.00 secs] 
2020-10-29T15:49:54.310+0000: [GC (Allocation Failure) 2020-10-29T15:49:54.310+0000: [ParNew: 16388K->4K(18432K), 0.0069297 secs] 190081K->181889K(280608K), 0.0069766 secs] [Times: user=0.01 sys=0.00, real=0.01 secs] 
2020-10-29T15:49:54.317+0000: [CMS-concurrent-abortable-preclean: 0.030/0.673 secs] [Times: user=0.79 sys=0.02, real=0.67 secs] 
2020-10-29T15:49:54.318+0000: [GC (CMS Final Remark) [YG occupancy: 329 K (18432 K)]2020-10-29T15:49:54.318+0000: [Rescan (parallel) , 0.0010010 secs]2020-10-29T15:49:54.319+0000: [weak refs processing, 0.0000288 secs]2020-10-29T15:49:54.319+0000: [class unloading, 0.0062609 secs]2020-10-29T15:49:54.325+0000: [scrub symbol table, 0.0083952 secs]2020-10-29T15:49:54.333+0000: [scrub string table, 0.0005224 secs][1 CMS-remark: 181885K(262176K)] 182215K(280608K), 0.0163173 secs] [Times: user=0.01 sys=0.00, real=0.02 secs] 
2020-10-29T15:49:54.334+0000: [CMS-concurrent-sweep-start]
2020-10-29T15:49:54.343+0000: [CMS-concurrent-sweep: 0.009/0.009 secs] [Times: user=0.02 sys=0.00, real=0.00 secs] 
2020-10-29T15:49:54.344+0000: [CMS-concurrent-reset-start]
2020-10-29T15:49:54.345+0000: [CMS-concurrent-reset: 0.002/0.002 secs] [Times: user=0.01 sys=0.00, real=0.01 secs] 
2020-10-29T15:49:54.359+0000: [GC (Allocation Failure) 2020-10-29T15:49:54.359+0000: [ParNew: 16388K->4K(18432K), 0.0017076 secs] 198240K->181856K(321520K), 0.0017590 secs] [Times: user=0.00 sys=0.00, real=0.00 secs] 
2020-10-29T15:49:54.391+0000: [GC (Allocation Failure) 2020-10-29T15:49:54.391+0000: [ParNew: 16388K->4K(18432K), 0.0016983 secs] 198240K->181856K(321520K), 0.0017629 secs] [Times: user=0.00 sys=0.00, real=0.01 secs] 
2020-10-29T15:49:54.416+0000: [GC (Allocation Failure) 2020-10-29T15:49:54.416+0000: [ParNew: 16388K->4K(18432K), 0.0017176 secs] 198240K->181856K(321520K), 0.0017778 secs] [Times: user=0.00 sys=0.00, real=0.00 secs] 
2020-10-29T15:49:54.435+0000: [GC (Allocation Failure) 2020-10-29T15:49:54.435+0000: [ParNew: 16388K->4K(18432K), 0.0016995 secs] 198240K->181856K(321520K), 0.0017496 secs] [Times: user=0.00 sys=0.00, real=0.00 secs] 
2020-10-29T15:49:54.454+0000: [GC (Allocation Failure) 2020-10-29T15:49:54.454+0000: [ParNew: 16388K->4K(18432K), 0.0017384 secs] 198240K->181856K(321520K), 0.0017980 secs] [Times: user=0.00 sys=0.00, real=0.00 secs] 
2020-10-29T15:49:54.473+0000: [GC (Allocation Failure) 2020-10-29T15:49:54.473+0000: [ParNew: 16388K->4K(18432K), 0.0017021 secs] 198240K->181856K(321520K), 0.0017538 secs] [Times: user=0.00 sys=0.00, real=0.00 secs] 
2020-10-29T15:49:54.492+0000: [GC (Allocation Failure) 2020-10-29T15:49:54.492+0000: [ParNew: 16388K->4K(18432K), 0.0017016 secs] 198240K->181856K(321520K), 0.0017540 secs] [Times: user=0.00 sys=0.00, real=0.01 secs] 
2020-10-29T15:49:54.511+0000: [GC (Allocation Failure) 2020-10-29T15:49:54.511+0000: [ParNew: 16388K->4K(18432K), 0.0016883 secs] 198240K->181856K(321520K), 0.0017392 secs] [Times: user=0.01 sys=0.00, real=0.01 secs] 
2020-10-29T15:49:54.530+0000: [GC (Allocation Failure) 2020-10-29T15:49:54.530+0000: [ParNew: 16388K->4K(18432K), 0.0017077 secs] 198240K->181856K(321520K), 0.0017661 secs] [Times: user=0.01 sys=0.00, real=0.00 secs] 
2020-10-29T15:49:54.556+0000: [GC (Allocation Failure) 2020-10-29T15:49:54.556+0000: [ParNew: 16388K->4K(18432K), 0.0016935 secs] 198240K->181856K(321520K), 0.0017632 secs] [Times: user=0.00 sys=0.00, real=0.00 secs] 
2020-10-29T15:49:54.600+0000: [GC (Allocation Failure) 2020-10-29T15:49:54.600+0000: [ParNew: 16388K->8K(18432K), 0.0017044 secs] 231008K->214628K(321520K), 0.0017573 secs] [Times: user=0.00 sys=0.00, real=0.00 secs] 
2020-10-29T15:49:54.604+0000: [GC (CMS Initial Mark) [1 CMS-initial-mark: 214620K(303088K)] 214956K(321520K), 0.0010310 secs] [Times: user=0.01 sys=0.00, real=0.00 secs] 
2020-10-29T15:49:54.605+0000: [CMS-concurrent-mark-start]
2020-10-29T15:49:54.631+0000: [GC (Allocation Failure) 2020-10-29T15:49:54.631+0000: [ParNew: 16392K->8K(18432K), 0.0016888 secs] 231012K->214628K(321520K), 0.0017423 secs] [Times: user=0.00 sys=0.00, real=0.01 secs] 
2020-10-29T15:49:54.644+0000: [CMS-concurrent-mark: 0.037/0.039 secs] [Times: user=0.07 sys=0.00, real=0.03 secs] 
2020-10-29T15:49:54.644+0000: [CMS-concurrent-preclean-start]
2020-10-29T15:49:54.646+0000: [CMS-concurrent-preclean: 0.002/0.002 secs] [Times: user=0.00 sys=0.00, real=0.01 secs] 
2020-10-29T15:49:54.646+0000: [CMS-concurrent-abortable-preclean-start]
2020-10-29T15:49:54.655+0000: [GC (Allocation Failure) 2020-10-29T15:49:54.656+0000: [ParNew: 16392K->7K(18432K), 0.0016783 secs] 231012K->214627K(321520K), 0.0017370 secs] [Times: user=0.00 sys=0.00, real=0.00 secs] 
2020-10-29T15:49:54.674+0000: [GC (Allocation Failure) 2020-10-29T15:49:54.674+0000: [ParNew: 16391K->7K(18432K), 0.0016044 secs] 231011K->214627K(321520K), 0.0016538 secs] [Times: user=0.00 sys=0.00, real=0.00 secs] 
2020-10-29T15:49:54.693+0000: [GC (Allocation Failure) 2020-10-29T15:49:54.693+0000: [ParNew: 16391K->7K(18432K), 0.0015831 secs] 231011K->214627K(321520K), 0.0016321 secs] [Times: user=0.00 sys=0.00, real=0.00 secs] 
2020-10-29T15:49:54.711+0000: [GC (Allocation Failure) 2020-10-29T15:49:54.712+0000: [ParNew: 16391K->7K(18432K), 0.0016073 secs] 231011K->214627K(321520K), 0.0016570 secs] [Times: user=0.01 sys=0.00, real=0.01 secs] 
2020-10-29T15:49:54.723+0000: [GC (Allocation Failure) 2020-10-29T15:49:54.723+0000: [ParNew: 16391K->4K(18432K), 0.0072548 secs] 231011K->222821K(321520K), 0.0073032 secs] [Times: user=0.01 sys=0.00, real=0.01 secs] 
2020-10-29T15:49:54.747+0000: [GC (Allocation Failure) 2020-10-29T15:49:54.747+0000: [ParNew: 16388K->4K(18432K), 0.0015585 secs] 239205K->222820K(321520K), 0.0016058 secs] [Times: user=0.00 sys=0.00, real=0.00 secs] 
2020-10-29T15:49:54.766+0000: [GC (Allocation Failure) 2020-10-29T15:49:54.766+0000: [ParNew: 16388K->4K(18432K), 0.0015550 secs] 239204K->222820K(321520K), 0.0016054 secs] [Times: user=0.00 sys=0.00, real=0.00 secs] 
2020-10-29T15:49:54.784+0000: [GC (Allocation Failure) 2020-10-29T15:49:54.784+0000: [ParNew: 16388K->4K(18432K), 0.0015601 secs] 239204K->222820K(321520K), 0.0016090 secs] [Times: user=0.00 sys=0.00, real=0.01 secs] 
2020-10-29T15:49:54.803+0000: [GC (Allocation Failure) 2020-10-29T15:49:54.803+0000: [ParNew: 16388K->4K(18432K), 0.0015402 secs] 239204K->222820K(321520K), 0.0015870 secs] [Times: user=0.00 sys=0.00, real=0.00 secs] 
2020-10-29T15:49:54.821+0000: [GC (Allocation Failure) 2020-10-29T15:49:54.821+0000: [ParNew: 16388K->4K(18432K), 0.0015137 secs] 239204K->222820K(321520K), 0.0015612 secs] [Times: user=0.00 sys=0.00, real=0.00 secs] 
2020-10-29T15:49:54.839+0000: [GC (Allocation Failure) 2020-10-29T15:49:54.839+0000: [ParNew: 16388K->4K(18432K), 0.0016459 secs] 239204K->222820K(321520K), 0.0017049 secs] [Times: user=0.00 sys=0.00, real=0.00 secs] 
2020-10-29T15:49:54.858+0000: [GC (Allocation Failure) 2020-10-29T15:49:54.858+0000: [ParNew: 16388K->4K(18432K), 0.0015649 secs] 239204K->222820K(321520K), 0.0016129 secs] [Times: user=0.00 sys=0.00, real=0.00 secs] 
2020-10-29T15:49:54.876+0000: [GC (Allocation Failure) 2020-10-29T15:49:54.876+0000: [ParNew: 16388K->4K(18432K), 0.0015584 secs] 239204K->222820K(321520K), 0.0016071 secs] [Times: user=0.01 sys=0.00, real=0.00 secs] 
2020-10-29T15:49:54.894+0000: [GC (Allocation Failure) 2020-10-29T15:49:54.894+0000: [ParNew: 16388K->4K(18432K), 0.0016193 secs] 239204K->222820K(321520K), 0.0016724 secs] [Times: user=0.01 sys=0.00, real=0.00 secs] 
2020-10-29T15:49:54.913+0000: [GC (Allocation Failure) 2020-10-29T15:49:54.913+0000: [ParNew: 16388K->4K(18432K), 0.0016164 secs] 239204K->222820K(321520K), 0.0016667 secs] [Times: user=0.01 sys=0.00, real=0.00 secs] 
2020-10-29T15:49:54.936+0000: [GC (Allocation Failure) 2020-10-29T15:49:54.936+0000: [ParNew: 16388K->4K(18432K), 0.0016618 secs] 239204K->222820K(321520K), 0.0017140 secs] [Times: user=0.00 sys=0.00, real=0.00 secs] 
2020-10-29T15:49:54.957+0000: [GC (Allocation Failure) 2020-10-29T15:49:54.957+0000: [ParNew: 16388K->4K(18432K), 0.0015356 secs] 239204K->222820K(321520K), 0.0015865 secs] [Times: user=0.01 sys=0.00, real=0.00 secs] 
2020-10-29T15:49:54.978+0000: [GC (Allocation Failure) 2020-10-29T15:49:54.978+0000: [ParNew: 16388K->4K(18432K), 0.0017128 secs] 239204K->222820K(321520K), 0.0017633 secs] [Times: user=0.00 sys=0.00, real=0.00 secs] 
2020-10-29T15:49:55.007+0000: [GC (Allocation Failure) 2020-10-29T15:49:55.007+0000: [ParNew: 16388K->4K(18432K), 0.0016357 secs] 239204K->222820K(321520K), 0.0017046 secs] [Times: user=0.01 sys=0.00, real=0.00 secs] 
2020-10-29T15:49:55.037+0000: [GC (Allocation Failure) 2020-10-29T15:49:55.037+0000: [ParNew: 16388K->4K(18432K), 0.0016367 secs] 239204K->222820K(321520K), 0.0017047 secs] [Times: user=0.00 sys=0.00, real=0.00 secs] 
2020-10-29T15:49:55.066+0000: [GC (Allocation Failure) 2020-10-29T15:49:55.066+0000: [ParNew: 16388K->4K(18432K), 0.0016570 secs] 239204K->222820K(321520K), 0.0017242 secs] [Times: user=0.00 sys=0.00, real=0.00 secs] 
2020-10-29T15:49:55.096+0000: [GC (Allocation Failure) 2020-10-29T15:49:55.096+0000: [ParNew: 16388K->4K(18432K), 0.0016998 secs] 239204K->222820K(321520K), 0.0017708 secs] [Times: user=0.00 sys=0.00, real=0.00 secs] 
2020-10-29T15:49:55.117+0000: [GC (Allocation Failure) 2020-10-29T15:49:55.117+0000: [ParNew: 16388K->4K(18432K), 0.0015972 secs] 239204K->222820K(321520K), 0.0016474 secs] [Times: user=0.00 sys=0.00, real=0.00 secs] 
2020-10-29T15:49:55.128+0000: [GC (Allocation Failure) 2020-10-29T15:49:55.128+0000: [ParNew: 16388K->4K(18432K), 0.0070259 secs] 239204K->231012K(321520K), 0.0070772 secs] [Times: user=0.01 sys=0.01, real=0.01 secs] 
2020-10-29T15:49:55.152+0000: [GC (Allocation Failure) 2020-10-29T15:49:55.152+0000: [ParNew: 16388K->4K(18432K), 0.0015927 secs] 247396K->231012K(321520K), 0.0016471 secs] [Times: user=0.01 sys=0.00, real=0.00 secs] 
2020-10-29T15:49:55.171+0000: [GC (Allocation Failure) 2020-10-29T15:49:55.171+0000: [ParNew: 16388K->4K(18432K), 0.0016454 secs] 247396K->231012K(321520K), 0.0016968 secs] [Times: user=0.00 sys=0.00, real=0.01 secs] 
2020-10-29T15:49:55.189+0000: [GC (Allocation Failure) 2020-10-29T15:49:55.189+0000: [ParNew: 16388K->4K(18432K), 0.0016685 secs] 247396K->231012K(321520K), 0.0017197 secs] [Times: user=0.00 sys=0.00, real=0.00 secs] 
2020-10-29T15:49:55.209+0000: [GC (Allocation Failure) 2020-10-29T15:49:55.209+0000: [ParNew: 16388K->4K(18432K), 0.0016190 secs] 247396K->231012K(321520K), 0.0016686 secs] [Times: user=0.00 sys=0.00, real=0.00 secs] 
2020-10-29T15:49:55.227+0000: [GC (Allocation Failure) 2020-10-29T15:49:55.227+0000: [ParNew: 16388K->4K(18432K), 0.0016905 secs] 247396K->231012K(321520K), 0.0017512 secs] [Times: user=0.00 sys=0.00, real=0.00 secs] 
2020-10-29T15:49:55.245+0000: [GC (Allocation Failure) 2020-10-29T15:49:55.245+0000: [ParNew: 16388K->4K(18432K), 0.0016608 secs] 247396K->231012K(321520K), 0.0017130 secs] [Times: user=0.00 sys=0.00, real=0.00 secs] 
2020-10-29T15:49:55.264+0000: [GC (Allocation Failure) 2020-10-29T15:49:55.264+0000: [ParNew: 16388K->4K(18432K), 0.0016860 secs] 247396K->231012K(321520K), 0.0017385 secs] [Times: user=0.00 sys=0.00, real=0.01 secs] 
2020-10-29T15:49:55.282+0000: [GC (Allocation Failure) 2020-10-29T15:49:55.282+0000: [ParNew: 16388K->4K(18432K), 0.0015407 secs] 247396K->231012K(321520K), 0.0015885 secs] [Times: user=0.01 sys=0.00, real=0.00 secs] 
2020-10-29T15:49:55.301+0000: [GC (Allocation Failure) 2020-10-29T15:49:55.301+0000: [ParNew: 16387K->4K(18432K), 0.0016899 secs] 247396K->231012K(321520K), 0.0017425 secs] [Times: user=0.01 sys=0.00, real=0.00 secs] 
2020-10-29T15:49:55.319+0000: [GC (Allocation Failure) 2020-10-29T15:49:55.319+0000: [ParNew: 16388K->4K(18432K), 0.0016830 secs] 247396K->231012K(321520K), 0.0017362 secs] [Times: user=0.01 sys=0.00, real=0.00 secs] 
2020-10-29T15:49:55.338+0000: [GC (Allocation Failure) 2020-10-29T15:49:55.338+0000: [ParNew: 16388K->4K(18432K), 0.0016724 secs] 247396K->231012K(321520K), 0.0017246 secs] [Times: user=0.00 sys=0.00, real=0.00 secs] 
2020-10-29T15:49:55.356+0000: [GC (Allocation Failure) 2020-10-29T15:49:55.356+0000: [ParNew: 16388K->4K(18432K), 0.0016952 secs] 247396K->231012K(321520K), 0.0017471 secs] [Times: user=0.01 sys=0.00, real=0.00 secs] 
2020-10-29T15:49:55.374+0000: [GC (Allocation Failure) 2020-10-29T15:49:55.374+0000: [ParNew: 16388K->4K(18432K), 0.0016839 secs] 247396K->231012K(321520K), 0.0017361 secs] [Times: user=0.01 sys=0.00, real=0.00 secs] 
2020-10-29T15:49:55.393+0000: [GC (Allocation Failure) 2020-10-29T15:49:55.393+0000: [ParNew: 16388K->4K(18432K), 0.0016853 secs] 247396K->231012K(321520K), 0.0017377 secs] [Times: user=0.01 sys=0.00, real=0.00 secs] 
2020-10-29T15:49:55.412+0000: [GC (Allocation Failure) 2020-10-29T15:49:55.412+0000: [ParNew: 16388K->4K(18432K), 0.0016732 secs] 247396K->231012K(321520K), 0.0017244 secs] [Times: user=0.01 sys=0.00, real=0.01 secs] 
2020-10-29T15:49:55.430+0000: [GC (Allocation Failure) 2020-10-29T15:49:55.430+0000: [ParNew: 16388K->4K(18432K), 0.0016986 secs] 247396K->231012K(321520K), 0.0017505 secs] [Times: user=0.00 sys=0.00, real=0.00 secs] 
2020-10-29T15:49:55.448+0000: [GC (Allocation Failure) 2020-10-29T15:49:55.448+0000: [ParNew: 16388K->4K(18432K), 0.0016434 secs] 247396K->231012K(321520K), 0.0017083 secs] [Times: user=0.00 sys=0.00, real=0.00 secs] 
2020-10-29T15:49:55.467+0000: [GC (Allocation Failure) 2020-10-29T15:49:55.467+0000: [ParNew: 16388K->4K(18432K), 0.0016830 secs] 247396K->231012K(321520K), 0.0017359 secs] [Times: user=0.00 sys=0.00, real=0.00 secs] 
2020-10-29T15:49:55.485+0000: [GC (Allocation Failure) 2020-10-29T15:49:55.485+0000: [ParNew: 16388K->4K(18432K), 0.0016102 secs] 247396K->231012K(321520K), 0.0016616 secs] [Times: user=0.00 sys=0.00, real=0.00 secs] 
2020-10-29T15:49:55.503+0000: [GC (Allocation Failure) 2020-10-29T15:49:55.503+0000: [ParNew: 16388K->4K(18432K), 0.0016614 secs] 247396K->231012K(321520K), 0.0017137 secs] [Times: user=0.00 sys=0.00, real=0.01 secs] 
2020-10-29T15:49:55.526+0000: [GC (Allocation Failure) 2020-10-29T15:49:55.526+0000: [ParNew: 16388K->4K(18432K), 0.0016584 secs] 247396K->231012K(321520K), 0.0017114 secs] [Times: user=0.00 sys=0.00, real=0.00 secs] 
2020-10-29T15:49:55.544+0000: [GC (Allocation Failure) 2020-10-29T15:49:55.544+0000: [ParNew: 16388K->4K(18432K), 0.0016614 secs] 247396K->231012K(321520K), 0.0017188 secs] [Times: user=0.00 sys=0.00, real=0.01 secs] 
2020-10-29T15:49:55.557+0000: [GC (Allocation Failure) 2020-10-29T15:49:55.557+0000: [ParNew: 16388K->4K(18432K), 0.0073809 secs] 247396K->239204K(321520K), 0.0074382 secs] [Times: user=0.01 sys=0.01, real=0.00 secs] 
2020-10-29T15:49:55.581+0000: [GC (Allocation Failure) 2020-10-29T15:49:55.581+0000: [ParNew: 16388K->4K(18432K), 0.0016749 secs] 255588K->239204K(321520K), 0.0017276 secs] [Times: user=0.01 sys=0.00, real=0.00 secs] 
2020-10-29T15:49:55.599+0000: [GC (Allocation Failure) 2020-10-29T15:49:55.599+0000: [ParNew: 16388K->4K(18432K), 0.0016637 secs] 255588K->239204K(321520K), 0.0017306 secs] [Times: user=0.01 sys=0.00, real=0.00 secs] 
2020-10-29T15:49:55.618+0000: [GC (Allocation Failure) 2020-10-29T15:49:55.618+0000: [ParNew: 16388K->4K(18432K), 0.0015429 secs] 255588K->239204K(321520K), 0.0015918 secs] [Times: user=0.01 sys=0.00, real=0.00 secs] 
2020-10-29T15:49:55.636+0000: [GC (Allocation Failure) 2020-10-29T15:49:55.636+0000: [ParNew: 16388K->4K(18432K), 0.0016350 secs] 255588K->239205K(321520K), 0.0016843 secs] [Times: user=0.00 sys=0.00, real=0.00 secs] 
2020-10-29T15:49:55.654+0000: [GC (Allocation Failure) 2020-10-29T15:49:55.654+0000: [ParNew: 16388K->4K(18432K), 0.0015358 secs] 255589K->239205K(321520K), 0.0015849 secs] [Times: user=0.00 sys=0.00, real=0.00 secs] 
2020-10-29T15:49:55.672+0000: [GC (Allocation Failure) 2020-10-29T15:49:55.673+0000: [ParNew: 16388K->4K(18432K), 0.0015937 secs] 255589K->239205K(321520K), 0.0016446 secs] [Times: user=0.00 sys=0.00, real=0.00 secs] 
2020-10-29T15:49:55.691+0000: [GC (Allocation Failure) 2020-10-29T15:49:55.691+0000: [ParNew: 16388K->4K(18432K), 0.0016028 secs] 255589K->239205K(321520K), 0.0016543 secs] [Times: user=0.00 sys=0.00, real=0.01 secs] 
2020-10-29T15:49:55.709+0000: [GC (Allocation Failure) 2020-10-29T15:49:55.709+0000: [ParNew: 16388K->4K(18432K), 0.0016455 secs] 255589K->239205K(321520K), 0.0017143 secs] [Times: user=0.00 sys=0.00, real=0.00 secs] 
2020-10-29T15:49:55.728+0000: [GC (Allocation Failure) 2020-10-29T15:49:55.728+0000: [ParNew: 16388K->4K(18432K), 0.0016961 secs] 255589K->239205K(321520K), 0.0017474 secs] [Times: user=0.00 sys=0.00, real=0.00 secs] 
2020-10-29T15:49:55.747+0000: [GC (Allocation Failure) 2020-10-29T15:49:55.747+0000: [ParNew: 16388K->4K(18432K), 0.0016736 secs] 255589K->239205K(321520K), 0.0017275 secs] [Times: user=0.01 sys=0.00, real=0.00 secs] 
2020-10-29T15:49:55.765+0000: [GC (Allocation Failure) 2020-10-29T15:49:55.765+0000: [ParNew: 16388K->4K(18432K), 0.0016872 secs] 255589K->239205K(321520K), 0.0017399 secs] [Times: user=0.00 sys=0.00, real=0.00 secs] 
2020-10-29T15:49:55.783+0000: [GC (Allocation Failure) 2020-10-29T15:49:55.783+0000: [ParNew: 16388K->4K(18432K), 0.0017048 secs] 255589K->239205K(321520K), 0.0017564 secs] [Times: user=0.00 sys=0.00, real=0.01 secs] 
2020-10-29T15:49:55.802+0000: [GC (Allocation Failure) 2020-10-29T15:49:55.802+0000: [ParNew: 16388K->4K(18432K), 0.0016477 secs] 255589K->239205K(321520K), 0.0017006 secs] [Times: user=0.00 sys=0.00, real=0.00 secs] 
2020-10-29T15:49:55.820+0000: [GC (Allocation Failure) 2020-10-29T15:49:55.820+0000: [ParNew: 16388K->4K(18432K), 0.0016131 secs] 255589K->239205K(321520K), 0.0016604 secs] [Times: user=0.00 sys=0.00, real=0.00 secs] 
2020-10-29T15:49:55.839+0000: [GC (Allocation Failure) 2020-10-29T15:49:55.839+0000: [ParNew: 16388K->4K(18432K), 0.0016671 secs] 255589K->239205K(321520K), 0.0017180 secs] [Times: user=0.00 sys=0.00, real=0.00 secs] 
2020-10-29T15:49:55.857+0000: [GC (Allocation Failure) 2020-10-29T15:49:55.857+0000: [ParNew: 16388K->4K(18432K), 0.0015620 secs] 255589K->239205K(321520K), 0.0016129 secs] [Times: user=0.00 sys=0.00, real=0.00 secs] 
2020-10-29T15:49:55.875+0000: [GC (Allocation Failure) 2020-10-29T15:49:55.875+0000: [ParNew: 16388K->4K(18432K), 0.0017525 secs] 255589K->239205K(321520K), 0.0018197 secs] [Times: user=0.00 sys=0.00, real=0.00 secs] 
2020-10-29T15:49:55.894+0000: [GC (Allocation Failure) 2020-10-29T15:49:55.894+0000: [ParNew: 16388K->4K(18432K), 0.0017152 secs] 255589K->239205K(321520K), 0.0017669 secs] [Times: user=0.00 sys=0.00, real=0.00 secs] 
2020-10-29T15:49:55.912+0000: [GC (Allocation Failure) 2020-10-29T15:49:55.912+0000: [ParNew: 16388K->4K(18432K), 0.0016089 secs] 255589K->239205K(321520K), 0.0016535 secs] [Times: user=0.00 sys=0.00, real=0.01 secs] 
2020-10-29T15:49:55.931+0000: [GC (Allocation Failure) 2020-10-29T15:49:55.931+0000: [ParNew: 16388K->4K(18432K), 0.0016314 secs] 255589K->239205K(321520K), 0.0016837 secs] [Times: user=0.00 sys=0.00, real=0.00 secs] 
2020-10-29T15:49:55.949+0000: [GC (Allocation Failure) 2020-10-29T15:49:55.949+0000: [ParNew: 16388K->4K(18432K), 0.0015979 secs] 255589K->239205K(321520K), 0.0016479 secs] [Times: user=0.00 sys=0.00, real=0.00 secs] 
2020-10-29T15:49:55.967+0000: [GC (Allocation Failure) 2020-10-29T15:49:55.967+0000: [ParNew: 16388K->4K(18432K), 0.0015269 secs] 255589K->239205K(321520K), 0.0015746 secs] [Times: user=0.00 sys=0.00, real=0.00 secs] 
2020-10-29T15:49:55.986+0000: [GC (Allocation Failure) 2020-10-29T15:49:55.986+0000: [ParNew: 16388K->4K(18432K), 0.0015693 secs] 255589K->239205K(321520K), 0.0016194 secs] [Times: user=0.00 sys=0.00, real=0.00 secs] 
2020-10-29T15:49:55.997+0000: [GC (Allocation Failure) 2020-10-29T15:49:55.997+0000: [ParNew: 16388K->4K(18432K), 0.0071374 secs] 255589K->247397K(321520K), 0.0072023 secs] [Times: user=0.01 sys=0.00, real=0.00 secs] 
2020-10-29T15:49:56.021+0000: [GC (Allocation Failure) 2020-10-29T15:49:56.021+0000: [ParNew: 16388K->4K(18432K), 0.0016167 secs] 263781K->247397K(321520K), 0.0016829 secs] [Times: user=0.01 sys=0.00, real=0.00 secs] 
2020-10-29T15:49:56.039+0000: [GC (Allocation Failure) 2020-10-29T15:49:56.039+0000: [ParNew: 16388K->4K(18432K), 0.0015944 secs] 263781K->247397K(321520K), 0.0016423 secs] [Times: user=0.01 sys=0.00, real=0.00 secs] 
2020-10-29T15:49:56.058+0000: [GC (Allocation Failure) 2020-10-29T15:49:56.058+0000: [ParNew: 16388K->4K(18432K), 0.0016842 secs] 263781K->247397K(321520K), 0.0017352 secs] [Times: user=0.00 sys=0.00, real=0.00 secs] 
2020-10-29T15:49:56.076+0000: [GC (Allocation Failure) 2020-10-29T15:49:56.076+0000: [ParNew: 16388K->4K(18432K), 0.0015357 secs] 263781K->247397K(321520K), 0.0015843 secs] [Times: user=0.00 sys=0.00, real=0.00 secs] 
2020-10-29T15:49:56.095+0000: [GC (Allocation Failure) 2020-10-29T15:49:56.095+0000: [ParNew: 16388K->4K(18432K), 0.0015024 secs] 263781K->247397K(321520K), 0.0015498 secs] [Times: user=0.00 sys=0.00, real=0.00 secs] 
2020-10-29T15:49:56.113+0000: [GC (Allocation Failure) 2020-10-29T15:49:56.113+0000: [ParNew: 16388K->4K(18432K), 0.0015106 secs] 263781K->247397K(321520K), 0.0015584 secs] [Times: user=0.00 sys=0.00, real=0.00 secs] 
2020-10-29T15:49:56.131+0000: [GC (Allocation Failure) 2020-10-29T15:49:56.131+0000: [ParNew: 16388K->4K(18432K), 0.0015007 secs] 263781K->247397K(321520K), 0.0015490 secs] [Times: user=0.00 sys=0.00, real=0.01 secs] 
2020-10-29T15:49:56.149+0000: [GC (Allocation Failure) 2020-10-29T15:49:56.149+0000: [ParNew: 16388K->4K(18432K), 0.0014924 secs] 263781K->247397K(321520K), 0.0015395 secs] [Times: user=0.00 sys=0.00, real=0.00 secs] 
2020-10-29T15:49:56.167+0000: [GC (Allocation Failure) 2020-10-29T15:49:56.168+0000: [ParNew: 16388K->4K(18432K), 0.0015901 secs] 263781K->247397K(321520K), 0.0016416 secs] [Times: user=0.00 sys=0.00, real=0.00 secs] 
2020-10-29T15:49:56.186+0000: [GC (Allocation Failure) 2020-10-29T15:49:56.186+0000: [ParNew: 16388K->4K(18432K), 0.0016637 secs] 263781K->247397K(321520K), 0.0017165 secs] [Times: user=0.01 sys=0.00, real=0.00 secs] 
2020-10-29T15:49:56.204+0000: [GC (Allocation Failure) 2020-10-29T15:49:56.204+0000: [ParNew: 16388K->4K(18432K), 0.0015897 secs] 263781K->247397K(321520K), 0.0016409 secs] [Times: user=0.01 sys=0.00, real=0.00 secs] 
2020-10-29T15:49:56.223+0000: [GC (Allocation Failure) 2020-10-29T15:49:56.223+0000: [ParNew: 16388K->4K(18432K), 0.0014964 secs] 263781K->247397K(321520K), 0.0015426 secs] [Times: user=0.01 sys=0.00, real=0.01 secs] 
2020-10-29T15:49:56.241+0000: [GC (Allocation Failure) 2020-10-29T15:49:56.241+0000: [ParNew: 16388K->4K(18432K), 0.0016665 secs] 263781K->247397K(321520K), 0.0017189 secs] [Times: user=0.01 sys=0.00, real=0.00 secs] 
2020-10-29T15:49:56.260+0000: [GC (Allocation Failure) 2020-10-29T15:49:56.260+0000: [ParNew: 16388K->4K(18432K), 0.0015462 secs] 263781K->247397K(321520K), 0.0015941 secs] [Times: user=0.01 sys=0.00, real=0.00 secs] 
2020-10-29T15:49:56.278+0000: [GC (Allocation Failure) 2020-10-29T15:49:56.278+0000: [ParNew: 16388K->4K(18432K), 0.0014854 secs] 263781K->247397K(321520K), 0.0015323 secs] [Times: user=0.00 sys=0.00, real=0.00 secs] 
2020-10-29T15:49:56.296+0000: [GC (Allocation Failure) 2020-10-29T15:49:56.296+0000: [ParNew: 16388K->4K(18432K), 0.0016359 secs] 263781K->247397K(321520K), 0.0016867 secs] [Times: user=0.00 sys=0.00, real=0.00 secs] 
2020-10-29T15:49:56.314+0000: [GC (Allocation Failure) 2020-10-29T15:49:56.314+0000: [ParNew: 16388K->4K(18432K), 0.0016572 secs] 263781K->247397K(321520K), 0.0017089 secs] [Times: user=0.00 sys=0.00, real=0.00 secs] 
2020-10-29T15:49:56.333+0000: [GC (Allocation Failure) 2020-10-29T15:49:56.333+0000: [ParNew: 16388K->4K(18432K), 0.0015957 secs] 263781K->247397K(321520K), 0.0016457 secs] [Times: user=0.00 sys=0.00, real=0.00 secs] 
2020-10-29T15:49:56.351+0000: [GC (Allocation Failure) 2020-10-29T15:49:56.351+0000: [ParNew: 16388K->4K(18432K), 0.0016811 secs] 263781K->247397K(321520K), 0.0017357 secs] [Times: user=0.00 sys=0.00, real=0.01 secs] 
2020-10-29T15:49:56.369+0000: [GC (Allocation Failure) 2020-10-29T15:49:56.370+0000: [ParNew: 16388K->4K(18432K), 0.0016524 secs] 263781K->247397K(321520K), 0.0017096 secs] [Times: user=0.00 sys=0.00, real=0.00 secs] 
2020-10-29T15:49:56.388+0000: [GC (Allocation Failure) 2020-10-29T15:49:56.388+0000: [ParNew: 16388K->4K(18432K), 0.0016724 secs] 263781K->247397K(321520K), 0.0017235 secs] [Times: user=0.00 sys=0.00, real=0.00 secs] 
2020-10-29T15:49:56.407+0000: [GC (Allocation Failure) 2020-10-29T15:49:56.407+0000: [ParNew: 16388K->4K(18432K), 0.0016465 secs] 263781K->247397K(321520K), 0.0017060 secs] [Times: user=0.01 sys=0.00, real=0.00 secs] 
2020-10-29T15:49:56.425+0000: [GC (Allocation Failure) 2020-10-29T15:49:56.425+0000: [ParNew: 16388K->4K(18432K), 0.0015711 secs] 263781K->247397K(321520K), 0.0016274 secs] [Times: user=0.01 sys=0.00, real=0.00 secs] 
2020-10-29T15:49:56.443+0000: [GC (Allocation Failure) 2020-10-29T15:49:56.443+0000: [ParNew: 16388K->4K(18432K), 0.0019785 secs] 263781K->247397K(321520K), 0.0020471 secs] [Times: user=0.01 sys=0.00, real=0.01 secs] 
2020-10-29T15:49:56.462+0000: [GC (Allocation Failure) 2020-10-29T15:49:56.462+0000: [ParNew: 16388K->4K(18432K), 0.0016811 secs] 263781K->247397K(321520K), 0.0017344 secs] [Times: user=0.00 sys=0.00, real=0.00 secs] 
2020-10-29T15:49:56.480+0000: [GC (Allocation Failure) 2020-10-29T15:49:56.480+0000: [ParNew: 16388K->4K(18432K), 0.0016583 secs] 263781K->247397K(321520K), 0.0017245 secs] [Times: user=0.00 sys=0.00, real=0.00 secs] 
2020-10-29T15:49:56.498+0000: [GC (Allocation Failure) 2020-10-29T15:49:56.498+0000: [ParNew: 16388K->4K(18432K), 0.0015264 secs] 263781K->247397K(321520K), 0.0015710 secs] [Times: user=0.00 sys=0.00, real=0.00 secs] 
2020-10-29T15:49:56.516+0000: [GC (Allocation Failure) 2020-10-29T15:49:56.516+0000: [ParNew: 16388K->4K(18432K), 0.0016551 secs] 263781K->247397K(321520K), 0.0017069 secs] [Times: user=0.00 sys=0.00, real=0.00 secs] 
2020-10-29T15:49:56.529+0000: [GC (Allocation Failure) 2020-10-29T15:49:56.529+0000: [ParNew: 16388K->4K(18432K), 0.0072847 secs] 263781K->255589K(321520K), 0.0073379 secs] [Times: user=0.02 sys=0.00, real=0.01 secs] 
2020-10-29T15:49:56.553+0000: [GC (Allocation Failure) 2020-10-29T15:49:56.553+0000: [ParNew: 16388K->4K(18432K), 0.0016128 secs] 271973K->255589K(321520K), 0.0016682 secs] [Times: user=0.00 sys=0.00, real=0.00 secs] 
2020-10-29T15:49:56.571+0000: [GC (Allocation Failure) 2020-10-29T15:49:56.571+0000: [ParNew: 16388K->4K(18432K), 0.0015642 secs] 271973K->255589K(321520K), 0.0016114 secs] [Times: user=0.00 sys=0.00, real=0.01 secs] 
2020-10-29T15:49:56.591+0000: [GC (Allocation Failure) 2020-10-29T15:49:56.591+0000: [ParNew: 16388K->4K(18432K), 0.0017352 secs] 271973K->255589K(321520K), 0.0017927 secs] [Times: user=0.00 sys=0.00, real=0.01 secs] 
2020-10-29T15:49:56.613+0000: [GC (Allocation Failure) 2020-10-29T15:49:56.613+0000: [ParNew: 16388K->4K(18432K), 0.0016466 secs] 271973K->255589K(321520K), 0.0017038 secs] [Times: user=0.00 sys=0.00, real=0.00 secs] 
2020-10-29T15:49:56.634+0000: [GC (Allocation Failure) 2020-10-29T15:49:56.634+0000: [ParNew: 16388K->4K(18432K), 0.0017360 secs] 271973K->255589K(321520K), 0.0017903 secs] [Times: user=0.01 sys=0.00, real=0.00 secs] 
2020-10-29T15:49:56.653+0000: [GC (Allocation Failure) 2020-10-29T15:49:56.653+0000: [ParNew: 16388K->4K(18432K), 0.0017267 secs] 271973K->255589K(321520K), 0.0017802 secs] [Times: user=0.00 sys=0.00, real=0.00 secs] 
2020-10-29T15:49:56.673+0000: [GC (Allocation Failure) 2020-10-29T15:49:56.673+0000: [ParNew: 16388K->4K(18432K), 0.0016212 secs] 271973K->255589K(321520K), 0.0016699 secs] [Times: user=0.01 sys=0.00, real=0.00 secs] 
2020-10-29T15:49:56.693+0000: [GC (Allocation Failure) 2020-10-29T15:49:56.693+0000: [ParNew: 16388K->4K(18432K), 0.0015509 secs] 271973K->255589K(321520K), 0.0016177 secs] [Times: user=0.00 sys=0.00, real=0.00 secs] 
2020-10-29T15:49:56.712+0000: [GC (Allocation Failure) 2020-10-29T15:49:56.712+0000: [ParNew: 16388K->4K(18432K), 0.0017036 secs] 271973K->255589K(321520K), 0.0017576 secs] [Times: user=0.00 sys=0.00, real=0.01 secs] 
2020-10-29T15:49:56.731+0000: [GC (Allocation Failure) 2020-10-29T15:49:56.731+0000: [ParNew: 16388K->4K(18432K), 0.0016984 secs] 271973K->255589K(321520K), 0.0017705 secs] [Times: user=0.01 sys=0.00, real=0.01 secs] 
2020-10-29T15:49:56.750+0000: [GC (Allocation Failure) 2020-10-29T15:49:56.750+0000: [ParNew: 16388K->4K(18432K), 0.0014752 secs] 271973K->255589K(321520K), 0.0015211 secs] [Times: user=0.01 sys=0.00, real=0.00 secs] 
2020-10-29T15:49:56.767+0000: [GC (Allocation Failure) 2020-10-29T15:49:56.767+0000: [ParNew: 16388K->4K(18432K), 0.0016788 secs] 271973K->255589K(321520K), 0.0017291 secs] [Times: user=0.01 sys=0.00, real=0.00 secs] 
2020-10-29T15:49:56.785+0000: [GC (Allocation Failure) 2020-10-29T15:49:56.785+0000: [ParNew: 16388K->4K(18432K), 0.0015756 secs] 271973K->255589K(321520K), 0.0016243 secs] [Times: user=0.00 sys=0.00, real=0.00 secs] 
2020-10-29T15:49:56.803+0000: [GC (Allocation Failure) 2020-10-29T15:49:56.803+0000: [ParNew: 16388K->4K(18432K), 0.0017116 secs] 271973K->255589K(321520K), 0.0017640 secs] [Times: user=0.01 sys=0.00, real=0.01 secs] 
2020-10-29T15:49:56.821+0000: [GC (Allocation Failure) 2020-10-29T15:49:56.821+0000: [ParNew: 16388K->4K(18432K), 0.0016908 secs] 271973K->255589K(321520K), 0.0017587 secs] [Times: user=0.01 sys=0.00, real=0.00 secs] 
2020-10-29T15:49:56.839+0000: [GC (Allocation Failure) 2020-10-29T15:49:56.839+0000: [ParNew: 16388K->4K(18432K), 0.0016295 secs] 271973K->255589K(321520K), 0.0016863 secs] [Times: user=0.01 sys=0.00, real=0.00 secs] 
2020-10-29T15:49:56.857+0000: [GC (Allocation Failure) 2020-10-29T15:49:56.857+0000: [ParNew: 16388K->4K(18432K), 0.0014867 secs] 271973K->255589K(321520K), 0.0015348 secs] [Times: user=0.01 sys=0.00, real=0.00 secs] 
2020-10-29T15:49:56.875+0000: [GC (Allocation Failure) 2020-10-29T15:49:56.875+0000: [ParNew: 16388K->4K(18432K), 0.0015088 secs] 271973K->255589K(321520K), 0.0015564 secs] [Times: user=0.01 sys=0.00, real=0.00 secs] 
2020-10-29T15:49:56.893+0000: [GC (Allocation Failure) 2020-10-29T15:49:56.893+0000: [ParNew: 16388K->4K(18432K), 0.0017724 secs] 271973K->255589K(321520K), 0.0018241 secs] [Times: user=0.01 sys=0.00, real=0.00 secs] 
2020-10-29T15:49:56.911+0000: [GC (Allocation Failure) 2020-10-29T15:49:56.911+0000: [ParNew: 16388K->4K(18432K), 0.0015367 secs] 271973K->255589K(321520K), 0.0015871 secs] [Times: user=0.00 sys=0.00, real=0.01 secs] 
2020-10-29T15:49:56.929+0000: [GC (Allocation Failure) 2020-10-29T15:49:56.929+0000: [ParNew: 16388K->4K(18432K), 0.0016440 secs] 271973K->255589K(321520K), 0.0016962 secs] [Times: user=0.00 sys=0.00, real=0.00 secs] 
2020-10-29T15:49:56.948+0000: [GC (Allocation Failure) 2020-10-29T15:49:56.948+0000: [ParNew: 16388K->4K(18432K), 0.0016808 secs] 271973K->255589K(321520K), 0.0017322 secs] [Times: user=0.00 sys=0.00, real=0.00 secs] 
2020-10-29T15:49:56.966+0000: [GC (Allocation Failure) 2020-10-29T15:49:56.966+0000: [ParNew: 16388K->4K(18432K), 0.0016892 secs] 271973K->255589K(321520K), 0.0017508 secs] [Times: user=0.00 sys=0.00, real=0.00 secs] 
2020-10-29T15:49:56.985+0000: [GC (Allocation Failure) 2020-10-29T15:49:56.985+0000: [ParNew: 16388K->4K(18432K), 0.0016407 secs] 271973K->255589K(321520K), 0.0016925 secs] [Times: user=0.00 sys=0.00, real=0.00 secs] 
2020-10-29T15:49:57.003+0000: [GC (Allocation Failure) 2020-10-29T15:49:57.003+0000: [ParNew: 16388K->4K(18432K), 0.0016142 secs] 271973K->255589K(321520K), 0.0016620 secs] [Times: user=0.00 sys=0.00, real=0.01 secs] 
2020-10-29T15:49:57.021+0000: [GC (Allocation Failure) 2020-10-29T15:49:57.021+0000: [ParNew: 16388K->4K(18432K), 0.0016558 secs] 271973K->255589K(321520K), 0.0017072 secs] [Times: user=0.00 sys=0.00, real=0.00 secs] 
2020-10-29T15:49:57.040+0000: [GC (Allocation Failure) 2020-10-29T15:49:57.040+0000: [ParNew: 16388K->4K(18432K), 0.0016911 secs] 271973K->255589K(321520K), 0.0017424 secs] [Times: user=0.00 sys=0.00, real=0.00 secs] 
2020-10-29T15:49:57.059+0000: [GC (Allocation Failure) 2020-10-29T15:49:57.059+0000: [ParNew: 16388K->4K(18432K), 0.0015594 secs] 271973K->255589K(321520K), 0.0016093 secs] [Times: user=0.00 sys=0.00, real=0.00 secs] 
2020-10-29T15:49:57.078+0000: [GC (Allocation Failure) 2020-10-29T15:49:57.078+0000: [ParNew: 16388K->4K(18432K), 0.0016054 secs] 271973K->255589K(321520K), 0.0016566 secs] [Times: user=0.00 sys=0.00, real=0.00 secs] 
2020-10-29T15:49:57.096+0000: [GC (Allocation Failure) 2020-10-29T15:49:57.096+0000: [ParNew: 16388K->4K(18432K), 0.0016128 secs] 271973K->255589K(321520K), 0.0016606 secs] [Times: user=0.00 sys=0.00, real=0.00 secs] 
2020-10-29T15:49:57.114+0000: [GC (Allocation Failure) 2020-10-29T15:49:57.114+0000: [ParNew: 16388K->4K(18432K), 0.0015803 secs] 271973K->255589K(321520K), 0.0016300 secs] [Times: user=0.00 sys=0.00, real=0.00 secs] 
2020-10-29T15:49:57.134+0000: [GC (Allocation Failure) 2020-10-29T15:49:57.134+0000: [ParNew: 16388K->4K(18432K), 0.0015865 secs] 271973K->255589K(321520K), 0.0016546 secs] [Times: user=0.00 sys=0.00, real=0.00 secs] 
2020-10-29T15:49:57.152+0000: [GC (Allocation Failure) 2020-10-29T15:49:57.152+0000: [ParNew: 16388K->4K(18432K), 0.0016525 secs] 271973K->255589K(321520K), 0.0017060 secs] [Times: user=0.01 sys=0.00, real=0.01 secs] 
2020-10-29T15:49:57.171+0000: [GC (Allocation Failure) 2020-10-29T15:49:57.171+0000: [ParNew: 16388K->4K(18432K), 0.0016737 secs] 271973K->255589K(321520K), 0.0017272 secs] [Times: user=0.01 sys=0.00, real=0.01 secs] 
2020-10-29T15:49:57.189+0000: [GC (Allocation Failure) 2020-10-29T15:49:57.189+0000: [ParNew: 16388K->4K(18432K), 0.0016515 secs] 271973K->255589K(321520K), 0.0017035 secs] [Times: user=0.01 sys=0.00, real=0.00 secs] 
2020-10-29T15:49:57.208+0000: [GC (Allocation Failure) 2020-10-29T15:49:57.208+0000: [ParNew: 16388K->4K(18432K), 0.0016733 secs] 271973K->255589K(321520K), 0.0017310 secs] [Times: user=0.00 sys=0.00, real=0.00 secs] 
2020-10-29T15:49:57.227+0000: [GC (Allocation Failure) 2020-10-29T15:49:57.227+0000: [ParNew: 16388K->4K(18432K), 0.0015348 secs] 271973K->255589K(321520K), 0.0015892 secs] [Times: user=0.00 sys=0.00, real=0.00 secs] 
2020-10-29T15:49:57.245+0000: [GC (Allocation Failure) 2020-10-29T15:49:57.245+0000: [ParNew: 16388K->4K(18432K), 0.0016387 secs] 271973K->255589K(321520K), 0.0016902 secs] [Times: user=0.00 sys=0.00, real=0.00 secs] 
2020-10-29T15:49:57.257+0000: [GC (Allocation Failure) 2020-10-29T15:49:57.257+0000: [ParNew: 16388K->4K(18432K), 0.0072256 secs] 271973K->263781K(321520K), 0.0072765 secs] [Times: user=0.01 sys=0.01, real=0.00 secs] 
2020-10-29T15:49:57.281+0000: [GC (Allocation Failure) 2020-10-29T15:49:57.281+0000: [ParNew: 16388K->4K(18432K), 0.0015972 secs] 280165K->263781K(321520K), 0.0016474 secs] [Times: user=0.00 sys=0.00, real=0.00 secs] 
2020-10-29T15:49:57.300+0000: [GC (Allocation Failure) 2020-10-29T15:49:57.300+0000: [ParNew: 16388K->4K(18432K), 0.0015167 secs] 280165K->263781K(321520K), 0.0015640 secs] [Times: user=0.00 sys=0.00, real=0.00 secs] 
2020-10-29T15:49:57.321+0000: [CMS-concurrent-abortable-preclean: 0.139/2.675 secs] [Times: user=3.13 sys=0.08, real=2.67 secs] 
2020-10-29T15:49:57.321+0000: [GC (CMS Final Remark) [YG occupancy: 15630 K (18432 K)]2020-10-29T15:49:57.321+0000: [Rescan (parallel) , 0.0100937 secs]2020-10-29T15:49:57.331+0000: [weak refs processing, 0.0000284 secs]2020-10-29T15:49:57.331+0000: [class unloading, 0.0062804 secs]2020-10-29T15:49:57.338+0000: [scrub symbol table, 0.0078685 secs]2020-10-29T15:49:57.346+0000: [scrub string table, 0.0005154 secs][1 CMS-remark: 263777K(303088K)] 279408K(321520K), 0.0248990 secs] [Times: user=0.04 sys=0.00, real=0.03 secs] 
2020-10-29T15:49:57.349+0000: [GC (Allocation Failure) 2020-10-29T15:49:57.349+0000: [ParNew: 16388K->49K(18432K), 0.0015467 secs] 280165K->263827K(321520K), 0.0015853 secs] [Times: user=0.01 sys=0.00, real=0.00 secs] 
2020-10-29T15:49:57.350+0000: [CMS-concurrent-sweep-start]
2020-10-29T15:49:57.374+0000: [CMS-concurrent-sweep: 0.010/0.024 secs] [Times: user=0.04 sys=0.00, real=0.03 secs] 
2020-10-29T15:49:57.374+0000: [CMS-concurrent-reset-start]
2020-10-29T15:49:57.376+0000: [CMS-concurrent-reset: 0.002/0.002 secs] [Times: user=0.00 sys=0.00, real=0.00 secs] 
2020-10-29T15:49:57.398+0000: [GC (Allocation Failure) 2020-10-29T15:49:57.398+0000: [ParNew: 16433K->149K(18432K), 0.0047641 secs] 280210K->263926K(458064K), 0.0048164 secs] [Times: user=0.01 sys=0.00, real=0.00 secs] 
2020-10-29T15:49:57.432+0000: [GC (Allocation Failure) 2020-10-29T15:49:57.432+0000: [ParNew: 16533K->80K(18432K), 0.0044694 secs] 280310K->263857K(458064K), 0.0045220 secs] [Times: user=0.01 sys=0.01, real=0.01 secs] 
2020-10-29T15:49:57.463+0000: [GC (Allocation Failure) 2020-10-29T15:49:57.463+0000: [ParNew: 16464K->96K(18432K), 0.0021537 secs] 280241K->263873K(458064K), 0.0022066 secs] [Times: user=0.00 sys=0.00, real=0.01 secs] 
2020-10-29T15:49:57.481+0000: [GC (Allocation Failure) 2020-10-29T15:49:57.481+0000: [ParNew: 16480K->100K(18432K), 0.0020345 secs] 280257K->263877K(458064K), 0.0020817 secs] [Times: user=0.00 sys=0.00, real=0.00 secs] 
2020-10-29T15:49:57.500+0000: [GC (Allocation Failure) 2020-10-29T15:49:57.500+0000: [ParNew: 16484K->101K(18432K), 0.0020737 secs] 280261K->263878K(458064K), 0.0021308 secs] [Times: user=0.00 sys=0.00, real=0.00 secs] 
2020-10-29T15:49:57.518+0000: [GC (Allocation Failure) 2020-10-29T15:49:57.519+0000: [ParNew: 16485K->101K(18432K), 0.0021994 secs] 280262K->263889K(458064K), 0.0022515 secs] [Times: user=0.00 sys=0.00, real=0.00 secs] 
2020-10-29T15:49:57.537+0000: [GC (Allocation Failure) 2020-10-29T15:49:57.537+0000: [ParNew: 16485K->38K(18432K), 0.0021798 secs] 280273K->263884K(458064K), 0.0022278 secs] [Times: user=0.00 sys=0.00, real=0.00 secs] 
2020-10-29T15:49:57.559+0000: [GC (Allocation Failure) 2020-10-29T15:49:57.559+0000: [ParNew: 16422K->9K(18432K), 0.0020290 secs] 280268K->263855K(458064K), 0.0020822 secs] [Times: user=0.00 sys=0.00, real=0.00 secs] 
2020-10-29T15:49:57.578+0000: [GC (Allocation Failure) 2020-10-29T15:49:57.578+0000: [ParNew: 16393K->4K(18432K), 0.0020598 secs] 280239K->263849K(458064K), 0.0021115 secs] [Times: user=0.01 sys=0.00, real=0.00 secs] 
2020-10-29T15:49:57.596+0000: [GC (Allocation Failure) 2020-10-29T15:49:57.597+0000: [ParNew: 16388K->4K(18432K), 0.0020114 secs] 280233K->263849K(458064K), 0.0020624 secs] [Times: user=0.01 sys=0.00, real=0.00 secs] 
2020-10-29T15:49:57.615+0000: [GC (Allocation Failure) 2020-10-29T15:49:57.615+0000: [ParNew: 16388K->4K(18432K), 0.0019504 secs] 280233K->263849K(458064K), 0.0020167 secs] [Times: user=0.01 sys=0.00, real=0.00 secs] 
2020-10-29T15:49:57.634+0000: [GC (Allocation Failure) 2020-10-29T15:49:57.634+0000: [ParNew: 16388K->4K(18432K), 0.0019449 secs] 280233K->263849K(458064K), 0.0019940 secs] [Times: user=0.01 sys=0.00, real=0.00 secs] 
2020-10-29T15:49:57.653+0000: [GC (Allocation Failure) 2020-10-29T15:49:57.653+0000: [ParNew: 16388K->4K(18432K), 0.0019636 secs] 280233K->263849K(458064K), 0.0020138 secs] [Times: user=0.00 sys=0.00, real=0.00 secs] 
2020-10-29T15:49:57.665+0000: [GC (Allocation Failure) 2020-10-29T15:49:57.665+0000: [ParNew: 9176K->4K(18432K), 0.0018734 secs] 273021K->263849K(458064K), 0.0019217 secs] [Times: user=0.00 sys=0.00, real=0.00 secs] 
2020-10-29T15:49:57.676+0000: [GC (Allocation Failure) 2020-10-29T15:49:57.676+0000: [ParNew: 16388K->4K(18432K), 0.0075531 secs] 280233K->272041K(458064K), 0.0076006 secs] [Times: user=0.01 sys=0.01, real=0.00 secs] 
2020-10-29T15:49:57.684+0000: [GC (CMS Initial Mark) [1 CMS-initial-mark: 272037K(439632K)] 272366K(458064K), 0.0011126 secs] [Times: user=0.00 sys=0.00, real=0.00 secs] 
2020-10-29T15:49:57.686+0000: [CMS-concurrent-mark-start]
2020-10-29T15:49:57.712+0000: [GC (Allocation Failure) 2020-10-29T15:49:57.712+0000: [ParNew: 16388K->4K(18432K), 0.0019285 secs] 288425K->272041K(458064K), 0.0019806 secs] [Times: user=0.00 sys=0.00, real=0.01 secs] 
2020-10-29T15:49:57.725+0000: [CMS-concurrent-mark: 0.037/0.039 secs] [Times: user=0.07 sys=0.01, real=0.04 secs] 
2020-10-29T15:49:57.725+0000: [CMS-concurrent-preclean-start]
2020-10-29T15:49:57.727+0000: [CMS-concurrent-preclean: 0.002/0.002 secs] [Times: user=0.00 sys=0.00, real=0.00 secs] 
2020-10-29T15:49:57.727+0000: [CMS-concurrent-abortable-preclean-start]
2020-10-29T15:49:57.735+0000: [GC (Allocation Failure) 2020-10-29T15:49:57.735+0000: [ParNew: 16388K->4K(18432K), 0.0017181 secs] 288425K->272041K(458064K), 0.0017556 secs] [Times: user=0.00 sys=0.00, real=0.00 secs] 
2020-10-29T15:49:57.754+0000: [GC (Allocation Failure) 2020-10-29T15:49:57.754+0000: [ParNew: 16388K->4K(18432K), 0.0018844 secs] 288425K->272041K(458064K), 0.0019371 secs] [Times: user=0.00 sys=0.00, real=0.00 secs] 
2020-10-29T15:49:57.774+0000: [GC (Allocation Failure) 2020-10-29T15:49:57.774+0000: [ParNew: 16388K->4K(18432K), 0.0019411 secs] 288425K->272041K(458064K), 0.0019934 secs] [Times: user=0.01 sys=0.00, real=0.00 secs] 
2020-10-29T15:49:57.793+0000: [GC (Allocation Failure) 2020-10-29T15:49:57.793+0000: [ParNew: 16388K->4K(18432K), 0.0019082 secs] 288425K->272041K(458064K), 0.0019574 secs] [Times: user=0.00 sys=0.00, real=0.00 secs] 
2020-10-29T15:49:57.812+0000: [GC (Allocation Failure) 2020-10-29T15:49:57.812+0000: [ParNew: 16388K->4K(18432K), 0.0019126 secs] 288425K->272041K(458064K), 0.0019647 secs] [Times: user=0.00 sys=0.00, real=0.01 secs] 
2020-10-29T15:49:57.831+0000: [GC (Allocation Failure) 2020-10-29T15:49:57.831+0000: [ParNew: 16388K->4K(18432K), 0.0019533 secs] 288425K->272041K(458064K), 0.0020030 secs] [Times: user=0.00 sys=0.00, real=0.01 secs] 
2020-10-29T15:49:57.850+0000: [GC (Allocation Failure) 2020-10-29T15:49:57.850+0000: [ParNew: 16388K->4K(18432K), 0.0019036 secs] 288425K->272041K(458064K), 0.0019537 secs] [Times: user=0.01 sys=0.00, real=0.00 secs] 
2020-10-29T15:49:57.869+0000: [GC (Allocation Failure) 2020-10-29T15:49:57.869+0000: [ParNew: 16388K->4K(18432K), 0.0019016 secs] 288425K->272041K(458064K), 0.0019520 secs] [Times: user=0.00 sys=0.00, real=0.00 secs] 
2020-10-29T15:49:57.888+0000: [GC (Allocation Failure) 2020-10-29T15:49:57.888+0000: [ParNew: 16388K->4K(18432K), 0.0019157 secs] 288425K->272041K(458064K), 0.0019657 secs] [Times: user=0.00 sys=0.00, real=0.00 secs] 
2020-10-29T15:49:57.907+0000: [GC (Allocation Failure) 2020-10-29T15:49:57.907+0000: [ParNew: 16388K->4K(18432K), 0.0019223 secs] 288425K->272041K(458064K), 0.0019754 secs] [Times: user=0.00 sys=0.00, real=0.00 secs] 
2020-10-29T15:49:57.927+0000: [GC (Allocation Failure) 2020-10-29T15:49:57.927+0000: [ParNew: 16388K->4K(18432K), 0.0019937 secs] 288425K->272041K(458064K), 0.0020445 secs] [Times: user=0.00 sys=0.00, real=0.00 secs] 
2020-10-29T15:49:57.946+0000: [GC (Allocation Failure) 2020-10-29T15:49:57.946+0000: [ParNew: 16388K->4K(18432K), 0.0018526 secs] 288425K->272041K(458064K), 0.0019017 secs] [Times: user=0.01 sys=0.00, real=0.00 secs] 
2020-10-29T15:49:57.965+0000: [GC (Allocation Failure) 2020-10-29T15:49:57.965+0000: [ParNew: 16387K->4K(18432K), 0.0019510 secs] 288425K->272041K(458064K), 0.0020023 secs] [Times: user=0.01 sys=0.00, real=0.00 secs] 
2020-10-29T15:49:57.984+0000: [GC (Allocation Failure) 2020-10-29T15:49:57.984+0000: [ParNew: 16388K->4K(18432K), 0.0020345 secs] 288425K->272041K(458064K), 0.0020958 secs] [Times: user=0.00 sys=0.00, real=0.01 secs] 
2020-10-29T15:49:57.996+0000: [GC (Allocation Failure) 2020-10-29T15:49:57.996+0000: [ParNew: 16388K->4K(18432K), 0.0074916 secs] 288425K->280233K(458064K), 0.0075411 secs] [Times: user=0.02 sys=0.00, real=0.00 secs] 
2020-10-29T15:49:58.020+0000: [GC (Allocation Failure) 2020-10-29T15:49:58.021+0000: [ParNew: 16388K->4K(18432K), 0.0019647 secs] 296617K->280233K(458064K), 0.0020162 secs] [Times: user=0.00 sys=0.00, real=0.00 secs] 
2020-10-29T15:49:58.039+0000: [GC (Allocation Failure) 2020-10-29T15:49:58.039+0000: [ParNew: 16388K->4K(18432K), 0.0018953 secs] 296617K->280233K(458064K), 0.0019427 secs] [Times: user=0.00 sys=0.00, real=0.00 secs] 
2020-10-29T15:49:58.058+0000: [GC (Allocation Failure) 2020-10-29T15:49:58.058+0000: [ParNew: 16388K->4K(18432K), 0.0019773 secs] 296617K->280233K(458064K), 0.0020273 secs] [Times: user=0.00 sys=0.00, real=0.00 secs] 
2020-10-29T15:49:58.077+0000: [GC (Allocation Failure) 2020-10-29T15:49:58.077+0000: [ParNew: 16388K->4K(18432K), 0.0020204 secs] 296617K->280233K(458064K), 0.0020718 secs] [Times: user=0.01 sys=0.00, real=0.00 secs] 
2020-10-29T15:49:58.096+0000: [GC (Allocation Failure) 2020-10-29T15:49:58.096+0000: [ParNew: 16388K->4K(18432K), 0.0019165 secs] 296617K->280233K(458064K), 0.0019651 secs] [Times: user=0.00 sys=0.00, real=0.00 secs] 
2020-10-29T15:49:58.115+0000: [GC (Allocation Failure) 2020-10-29T15:49:58.115+0000: [ParNew: 16388K->4K(18432K), 0.0018809 secs] 296617K->280233K(458064K), 0.0019298 secs] [Times: user=0.01 sys=0.00, real=0.00 secs] 
2020-10-29T15:49:58.134+0000: [GC (Allocation Failure) 2020-10-29T15:49:58.134+0000: [ParNew: 16388K->4K(18432K), 0.0019433 secs] 296617K->280233K(458064K), 0.0019936 secs] [Times: user=0.00 sys=0.00, real=0.00 secs] 
2020-10-29T15:49:58.156+0000: [GC (Allocation Failure) 2020-10-29T15:49:58.156+0000: [ParNew: 16388K->4K(18432K), 0.0019084 secs] 296617K->280233K(458064K), 0.0019602 secs] [Times: user=0.00 sys=0.00, real=0.00 secs] 
2020-10-29T15:49:58.175+0000: [GC (Allocation Failure) 2020-10-29T15:49:58.175+0000: [ParNew: 16388K->4K(18432K), 0.0018995 secs] 296617K->280233K(458064K), 0.0019489 secs] [Times: user=0.00 sys=0.00, real=0.00 secs] 
2020-10-29T15:49:58.194+0000: [GC (Allocation Failure) 2020-10-29T15:49:58.194+0000: [ParNew: 16388K->4K(18432K), 0.0018666 secs] 296617K->280233K(458064K), 0.0019164 secs] [Times: user=0.00 sys=0.00, real=0.00 secs] 
2020-10-29T15:49:58.213+0000: [GC (Allocation Failure) 2020-10-29T15:49:58.213+0000: [ParNew: 16388K->4K(18432K), 0.0018801 secs] 296617K->280233K(458064K), 0.0019311 secs] [Times: user=0.00 sys=0.00, real=0.00 secs] 
2020-10-29T15:49:58.232+0000: [GC (Allocation Failure) 2020-10-29T15:49:58.232+0000: [ParNew: 16388K->4K(18432K), 0.0019409 secs] 296617K->280233K(458064K), 0.0019921 secs] [Times: user=0.00 sys=0.00, real=0.01 secs] 
2020-10-29T15:49:58.252+0000: [GC (Allocation Failure) 2020-10-29T15:49:58.252+0000: [ParNew: 16388K->4K(18432K), 0.0019026 secs] 296617K->280233K(458064K), 0.0019513 secs] [Times: user=0.01 sys=0.00, real=0.01 secs] 
2020-10-29T15:49:58.270+0000: [GC (Allocation Failure) 2020-10-29T15:49:58.271+0000: [ParNew: 16388K->4K(18432K), 0.0020336 secs] 296617K->280233K(458064K), 0.0020878 secs] [Times: user=0.00 sys=0.00, real=0.01 secs] 
2020-10-29T15:49:58.290+0000: [GC (Allocation Failure) 2020-10-29T15:49:58.290+0000: [ParNew: 16388K->4K(18432K), 0.0019589 secs] 296617K->280233K(458064K), 0.0020117 secs] [Times: user=0.00 sys=0.00, real=0.00 secs] 
2020-10-29T15:49:58.302+0000: [GC (Allocation Failure) 2020-10-29T15:49:58.302+0000: [ParNew: 16388K->4K(18432K), 0.0074803 secs] 296617K->288425K(458064K), 0.0075296 secs] [Times: user=0.02 sys=0.00, real=0.01 secs] 
2020-10-29T15:49:58.326+0000: [GC (Allocation Failure) 2020-10-29T15:49:58.326+0000: [ParNew: 16388K->4K(18432K), 0.0018484 secs] 304809K->288425K(458064K), 0.0018940 secs] [Times: user=0.01 sys=0.00, real=0.00 secs] 
2020-10-29T15:49:58.345+0000: [GC (Allocation Failure) 2020-10-29T15:49:58.345+0000: [ParNew: 16388K->4K(18432K), 0.0019477 secs] 304809K->288425K(458064K), 0.0019972 secs] [Times: user=0.00 sys=0.00, real=0.00 secs] 
2020-10-29T15:49:58.364+0000: [GC (Allocation Failure) 2020-10-29T15:49:58.364+0000: [ParNew: 16388K->4K(18432K), 0.0019246 secs] 304809K->288425K(458064K), 0.0019732 secs] [Times: user=0.00 sys=0.00, real=0.01 secs] 
2020-10-29T15:49:58.383+0000: [GC (Allocation Failure) 2020-10-29T15:49:58.383+0000: [ParNew: 16388K->4K(18432K), 0.0019841 secs] 304809K->288425K(458064K), 0.0020363 secs] [Times: user=0.00 sys=0.00, real=0.01 secs] 
2020-10-29T15:49:58.403+0000: [GC (Allocation Failure) 2020-10-29T15:49:58.403+0000: [ParNew: 16388K->4K(18432K), 0.0019561 secs] 304809K->288425K(458064K), 0.0020071 secs] [Times: user=0.01 sys=0.00, real=0.01 secs] 
2020-10-29T15:49:58.422+0000: [GC (Allocation Failure) 2020-10-29T15:49:58.422+0000: [ParNew: 16388K->4K(18432K), 0.0020651 secs] 304809K->288425K(458064K), 0.0021173 secs] [Times: user=0.01 sys=0.00, real=0.00 secs] 
2020-10-29T15:49:58.441+0000: [GC (Allocation Failure) 2020-10-29T15:49:58.441+0000: [ParNew: 16388K->4K(18432K), 0.0019805 secs] 304809K->288425K(458064K), 0.0020318 secs] [Times: user=0.00 sys=0.00, real=0.00 secs] 
2020-10-29T15:49:58.460+0000: [GC (Allocation Failure) 2020-10-29T15:49:58.460+0000: [ParNew: 16388K->4K(18432K), 0.0019218 secs] 304809K->288425K(458064K), 0.0019714 secs] [Times: user=0.00 sys=0.00, real=0.00 secs] 
2020-10-29T15:49:58.479+0000: [GC (Allocation Failure) 2020-10-29T15:49:58.479+0000: [ParNew: 16388K->4K(18432K), 0.0018827 secs] 304809K->288425K(458064K), 0.0019316 secs] [Times: user=0.00 sys=0.00, real=0.00 secs] 
2020-10-29T15:49:58.498+0000: [GC (Allocation Failure) 2020-10-29T15:49:58.498+0000: [ParNew: 16388K->4K(18432K), 0.0018229 secs] 304809K->288425K(458064K), 0.0018699 secs] [Times: user=0.01 sys=0.00, real=0.00 secs] 
2020-10-29T15:49:58.517+0000: [GC (Allocation Failure) 2020-10-29T15:49:58.517+0000: [ParNew: 16388K->4K(18432K), 0.0020013 secs] 304809K->288425K(458064K), 0.0020521 secs] [Times: user=0.01 sys=0.00, real=0.00 secs] 
2020-10-29T15:49:58.536+0000: [GC (Allocation Failure) 2020-10-29T15:49:58.536+0000: [ParNew: 16388K->4K(18432K), 0.0018849 secs] 304809K->288425K(458064K), 0.0019329 secs] [Times: user=0.00 sys=0.00, real=0.00 secs] 
2020-10-29T15:49:58.554+0000: [GC (Allocation Failure) 2020-10-29T15:49:58.554+0000: [ParNew: 16388K->4K(18432K), 0.0020266 secs] 304809K->288425K(458064K), 0.0020778 secs] [Times: user=0.00 sys=0.00, real=0.00 secs] 
2020-10-29T15:49:58.573+0000: [GC (Allocation Failure) 2020-10-29T15:49:58.573+0000: [ParNew: 16388K->4K(18432K), 0.0019954 secs] 304809K->288425K(458064K), 0.0020468 secs] [Times: user=0.01 sys=0.00, real=0.00 secs] 
2020-10-29T15:49:58.585+0000: [GC (Allocation Failure) 2020-10-29T15:49:58.585+0000: [ParNew: 16388K->4K(18432K), 0.0072573 secs] 304809K->296617K(458064K), 0.0073042 secs] [Times: user=0.01 sys=0.00, real=0.01 secs] 
2020-10-29T15:49:58.609+0000: [GC (Allocation Failure) 2020-10-29T15:49:58.609+0000: [ParNew: 16388K->4K(18432K), 0.0018961 secs] 313001K->296617K(458064K), 0.0019442 secs] [Times: user=0.00 sys=0.00, real=0.00 secs] 
2020-10-29T15:49:58.628+0000: [GC (Allocation Failure) 2020-10-29T15:49:58.628+0000: [ParNew: 16388K->4K(18432K), 0.0019496 secs] 313001K->296617K(458064K), 0.0019999 secs] [Times: user=0.00 sys=0.00, real=0.00 secs] 
2020-10-29T15:49:58.647+0000: [GC (Allocation Failure) 2020-10-29T15:49:58.647+0000: [ParNew: 16388K->4K(18432K), 0.0019315 secs] 313001K->296617K(458064K), 0.0019833 secs] [Times: user=0.00 sys=0.00, real=0.00 secs] 
2020-10-29T15:49:58.666+0000: [GC (Allocation Failure) 2020-10-29T15:49:58.666+0000: [ParNew: 16388K->4K(18432K), 0.0019360 secs] 313001K->296617K(458064K), 0.0019870 secs] [Times: user=0.01 sys=0.00, real=0.00 secs] 
2020-10-29T15:49:58.720+0000: [GC (Allocation Failure) 2020-10-29T15:49:58.720+0000: [ParNew: 16388K->4K(18432K), 0.0020125 secs] 378537K->362153K(458064K), 0.0020726 secs] [Times: user=0.00 sys=0.00, real=0.00 secs] 
2020-10-29T15:49:58.739+0000: [GC (Allocation Failure) 2020-10-29T15:49:58.739+0000: [ParNew: 16388K->4K(18432K), 0.0019004 secs] 378537K->362153K(458064K), 0.0019521 secs] [Times: user=0.00 sys=0.00, real=0.00 secs] 
2020-10-29T15:49:58.758+0000: [GC (Allocation Failure) 2020-10-29T15:49:58.758+0000: [ParNew: 16388K->4K(18432K), 0.0020244 secs] 378537K->362153K(458064K), 0.0020834 secs] [Times: user=0.00 sys=0.00, real=0.00 secs] 
2020-10-29T15:49:58.777+0000: [GC (Allocation Failure) 2020-10-29T15:49:58.777+0000: [ParNew: 16388K->4K(18432K), 0.0019389 secs] 378537K->362153K(458064K), 0.0019894 secs] [Times: user=0.01 sys=0.00, real=0.00 secs] 
2020-10-29T15:49:58.796+0000: [GC (Allocation Failure) 2020-10-29T15:49:58.796+0000: [ParNew: 16388K->4K(18432K), 0.0018952 secs] 378537K->362153K(458064K), 0.0019500 secs] [Times: user=0.00 sys=0.00, real=0.00 secs] 
2020-10-29T15:49:58.815+0000: [GC (Allocation Failure) 2020-10-29T15:49:58.815+0000: [ParNew: 16388K->4K(18432K), 0.0019012 secs] 378537K->362153K(458064K), 0.0019655 secs] [Times: user=0.01 sys=0.00, real=0.00 secs] 
2020-10-29T15:49:58.834+0000: [GC (Allocation Failure) 2020-10-29T15:49:58.834+0000: [ParNew: 16388K->4K(18432K), 0.0017697 secs] 378537K->362154K(458064K), 0.0018157 secs] [Times: user=0.00 sys=0.00, real=0.00 secs] 
2020-10-29T15:49:58.853+0000: [GC (Allocation Failure) 2020-10-29T15:49:58.853+0000: [ParNew: 16388K->4K(18432K), 0.0019379 secs] 378538K->362154K(458064K), 0.0020063 secs] [Times: user=0.00 sys=0.00, real=0.00 secs] 
2020-10-29T15:49:58.872+0000: [GC (Allocation Failure) 2020-10-29T15:49:58.872+0000: [ParNew: 16388K->4K(18432K), 0.0019770 secs] 378538K->362154K(458064K), 0.0020365 secs] [Times: user=0.00 sys=0.00, real=0.01 secs] 
2020-10-29T15:49:58.891+0000: [GC (Allocation Failure) 2020-10-29T15:49:58.891+0000: [ParNew: 16388K->4K(18432K), 0.0018924 secs] 378538K->362154K(458064K), 0.0019432 secs] [Times: user=0.01 sys=0.00, real=0.01 secs] 
2020-10-29T15:49:58.902+0000: [GC (Allocation Failure) 2020-10-29T15:49:58.902+0000: [ParNew: 16388K->4K(18432K), 0.0075324 secs] 378538K->370346K(458064K), 0.0075824 secs] [Times: user=0.01 sys=0.00, real=0.01 secs] 
2020-10-29T15:49:58.927+0000: [GC (Allocation Failure) 2020-10-29T15:49:58.927+0000: [ParNew: 16388K->4K(18432K), 0.0019501 secs] 386730K->370346K(458064K), 0.0020145 secs] [Times: user=0.00 sys=0.00, real=0.00 secs] 
2020-10-29T15:49:58.946+0000: [GC (Allocation Failure) 2020-10-29T15:49:58.946+0000: [ParNew: 16388K->4K(18432K), 0.0019061 secs] 386730K->370346K(458064K), 0.0019575 secs] [Times: user=0.01 sys=0.00, real=0.00 secs] 
2020-10-29T15:49:58.965+0000: [GC (Allocation Failure) 2020-10-29T15:49:58.965+0000: [ParNew: 16388K->4K(18432K), 0.0020888 secs] 386730K->370346K(458064K), 0.0021355 secs] [Times: user=0.01 sys=0.00, real=0.00 secs] 
2020-10-29T15:49:58.984+0000: [GC (Allocation Failure) 2020-10-29T15:49:58.984+0000: [ParNew: 16388K->4K(18432K), 0.0018701 secs] 386730K->370346K(458064K), 0.0019181 secs] [Times: user=0.00 sys=0.00, real=0.01 secs] 
2020-10-29T15:49:59.003+0000: [GC (Allocation Failure) 2020-10-29T15:49:59.003+0000: [ParNew: 16388K->4K(18432K), 0.0018061 secs] 386730K->370346K(458064K), 0.0018531 secs] [Times: user=0.01 sys=0.00, real=0.01 secs] 
2020-10-29T15:49:59.022+0000: [GC (Allocation Failure) 2020-10-29T15:49:59.022+0000: [ParNew: 16388K->4K(18432K), 0.0019652 secs] 386730K->370346K(458064K), 0.0020172 secs] [Times: user=0.00 sys=0.00, real=0.00 secs] 
2020-10-29T15:49:59.041+0000: [GC (Allocation Failure) 2020-10-29T15:49:59.041+0000: [ParNew: 16388K->4K(18432K), 0.0020245 secs] 386730K->370346K(458064K), 0.0020765 secs] [Times: user=0.00 sys=0.00, real=0.00 secs] 
2020-10-29T15:49:59.060+0000: [GC (Allocation Failure) 2020-10-29T15:49:59.060+0000: [ParNew: 16388K->4K(18432K), 0.0019604 secs] 386730K->370346K(458064K), 0.0020119 secs] [Times: user=0.00 sys=0.00, real=0.00 secs] 
2020-10-29T15:49:59.079+0000: [GC (Allocation Failure) 2020-10-29T15:49:59.079+0000: [ParNew: 16388K->4K(18432K), 0.0020041 secs] 386730K->370346K(458064K), 0.0020549 secs] [Times: user=0.01 sys=0.00, real=0.00 secs] 
2020-10-29T15:49:59.098+0000: [GC (Allocation Failure) 2020-10-29T15:49:59.098+0000: [ParNew: 16388K->4K(18432K), 0.0019210 secs] 386730K->370346K(458064K), 0.0019723 secs] [Times: user=0.00 sys=0.00, real=0.00 secs] 
2020-10-29T15:49:59.119+0000: [GC (Allocation Failure) 2020-10-29T15:49:59.119+0000: [ParNew: 16388K->4K(18432K), 0.0019292 secs] 386730K->370346K(458064K), 0.0019895 secs] [Times: user=0.00 sys=0.00, real=0.00 secs] 
2020-10-29T15:49:59.237+0000: [CMS-concurrent-abortable-preclean: 0.092/1.510 secs] [Times: user=1.79 sys=0.07, real=1.51 secs] 
2020-10-29T15:49:59.237+0000: [GC (CMS Final Remark) [YG occupancy: 14751 K (18432 K)]2020-10-29T15:49:59.237+0000: [Rescan (parallel) , 0.0153519 secs]2020-10-29T15:49:59.252+0000: [weak refs processing, 0.0000314 secs]2020-10-29T15:49:59.252+0000: [class unloading, 0.0064536 secs]2020-10-29T15:49:59.259+0000: [scrub symbol table, 0.0081393 secs]2020-10-29T15:49:59.267+0000: [scrub string table, 0.0005194 secs][1 CMS-remark: 370342K(439632K)] 385094K(458064K), 0.0306272 secs] [Times: user=0.05 sys=0.00, real=0.03 secs] 
2020-10-29T15:49:59.268+0000: [CMS-concurrent-sweep-start]
2020-10-29T15:49:59.277+0000: [CMS-concurrent-sweep: 0.009/0.009 secs] [Times: user=0.01 sys=0.00, real=0.01 secs] 
2020-10-29T15:49:59.277+0000: [CMS-concurrent-reset-start]
2020-10-29T15:49:59.279+0000: [CMS-concurrent-reset: 0.001/0.001 secs] [Times: user=0.00 sys=0.00, real=0.00 secs] 
2020-10-29T15:49:59.400+0000: [GC (Allocation Failure) 2020-10-29T15:49:59.400+0000: [ParNew: 16388K->42K(18432K), 0.0058657 secs] 370345K->354000K(608364K), 0.0059222 secs] [Times: user=0.01 sys=0.00, real=0.01 secs] 
2020-10-29T15:49:59.993+0000: [GC (Allocation Failure) 2020-10-29T15:49:59.993+0000: [ParNew: 16426K->15K(18432K), 0.0023632 secs] 370384K->353972K(608364K), 0.0024351 secs] [Times: user=0.00 sys=0.00, real=0.00 secs] 
2020-10-29T15:50:01.025+0000: [GC (Allocation Failure) 2020-10-29T15:50:01.025+0000: [ParNew: 16399K->213K(18432K), 0.0027562 secs] 370356K->354171K(608364K), 0.0028015 secs] [Times: user=0.00 sys=0.00, real=0.00 secs] 
2020-10-29T15:50:01.127+0000: [GC (Allocation Failure) 2020-10-29T15:50:01.127+0000: [ParNew: 16597K->648K(18432K), 0.0043174 secs] 370555K->354606K(608364K), 0.0043824 secs] [Times: user=0.01 sys=0.00, real=0.00 secs] 
2020-10-29T15:50:01.372+0000: [GC (Allocation Failure) 2020-10-29T15:50:01.372+0000: [ParNew: 17032K->930K(18432K), 0.0077110 secs] 370990K->354888K(608364K), 0.0077951 secs] [Times: user=0.01 sys=0.00, real=0.01 secs] 
2020-10-29T15:50:01.458+0000: [GC (Allocation Failure) 2020-10-29T15:50:01.458+0000: [ParNew: 17314K->2047K(18432K), 0.0194505 secs] 371272K->356231K(608364K), 0.0195179 secs] [Times: user=0.04 sys=0.00, real=0.02 secs] 
2020-10-29T15:50:01.549+0000: [GC (Allocation Failure) 2020-10-29T15:50:01.549+0000: [ParNew: 18431K->1104K(18432K), 0.0056489 secs] 372615K->356050K(608364K), 0.0057156 secs] [Times: user=0.01 sys=0.00, real=0.01 secs] 
2020-10-29T15:50:01.629+0000: [GC (Allocation Failure) 2020-10-29T15:50:01.629+0000: [ParNew: 17488K->578K(18432K), 0.0030083 secs] 372434K->355524K(608364K), 0.0030622 secs] [Times: user=0.00 sys=0.00, real=0.00 secs] 
2020-10-29T15:50:01.699+0000: [GC (Allocation Failure) 2020-10-29T15:50:01.699+0000: [ParNew: 16943K->1176K(18432K), 0.0065193 secs] 371890K->356122K(608364K), 0.0065691 secs] [Times: user=0.01 sys=0.00, real=0.01 secs] 
2020-10-29T15:50:01.781+0000: [GC (Allocation Failure) 2020-10-29T15:50:01.781+0000: [ParNew: 17560K->1259K(18432K), 0.0091378 secs] 372506K->356267K(608364K), 0.0092118 secs] [Times: user=0.01 sys=0.00, real=0.01 secs] 
2020-10-29T15:50:01.876+0000: [GC (Allocation Failure) 2020-10-29T15:50:01.876+0000: [ParNew: 17643K->678K(18432K), 0.0075997 secs] 372651K->356181K(608364K), 0.0076646 secs] [Times: user=0.01 sys=0.00, real=0.00 secs] 
2020-10-29T15:50:01.948+0000: [GC (Allocation Failure) 2020-10-29T15:50:01.948+0000: [ParNew: 17062K->780K(18432K), 0.0033980 secs] 372565K->356283K(608364K), 0.0034508 secs] [Times: user=0.00 sys=0.00, real=0.00 secs] 
2020-10-29T15:50:02.061+0000: [GC (Allocation Failure) 2020-10-29T15:50:02.061+0000: [ParNew: 17164K->884K(18432K), 0.0068698 secs] 372667K->356386K(608364K), 0.0069207 secs] [Times: user=0.01 sys=0.00, real=0.01 secs] 
2020-10-29T15:50:02.137+0000: [GC (Allocation Failure) 2020-10-29T15:50:02.137+0000: [ParNew: 17268K->751K(18432K), 0.0036923 secs] 372770K->356254K(608364K), 0.0037567 secs] [Times: user=0.01 sys=0.00, real=0.00 secs] 
2020-10-29T15:50:02.216+0000: [GC (Allocation Failure) 2020-10-29T15:50:02.216+0000: [ParNew: 17135K->918K(18432K), 0.0044501 secs] 372638K->356421K(608364K), 0.0044969 secs] [Times: user=0.01 sys=0.01, real=0.00 secs] 
2020-10-29T15:50:02.287+0000: [GC (Allocation Failure) 2020-10-29T15:50:02.287+0000: [ParNew: 17302K->747K(18432K), 0.0041131 secs] 372805K->356416K(608364K), 0.0041828 secs] [Times: user=0.00 sys=0.00, real=0.00 secs] 
2020-10-29T15:50:02.390+0000: [GC (Allocation Failure) 2020-10-29T15:50:02.390+0000: [ParNew: 17131K->737K(18432K), 0.0043575 secs] 372800K->356499K(608364K), 0.0044246 secs] [Times: user=0.01 sys=0.00, real=0.01 secs] 
2020-10-29T15:50:02.527+0000: [GC (Allocation Failure) 2020-10-29T15:50:02.527+0000: [ParNew: 17121K->1411K(18432K), 0.0049622 secs] 372883K->357206K(608364K), 0.0050137 secs] [Times: user=0.01 sys=0.00, real=0.00 secs] 
2020-10-29T15:50:02.612+0000: [GC (Allocation Failure) 2020-10-29T15:50:02.612+0000: [ParNew: 17795K->1534K(18432K), 0.0051597 secs] 373590K->357516K(608364K), 0.0052101 secs] [Times: user=0.01 sys=0.00, real=0.00 secs] 
2020-10-29T15:50:02.736+0000: [GC (Allocation Failure) 2020-10-29T15:50:02.736+0000: [ParNew: 17918K->1214K(18432K), 0.0105113 secs] 373900K->357442K(608364K), 0.0105740 secs] [Times: user=0.02 sys=0.00, real=0.01 secs] 
2020-10-29T15:50:02.938+0000: [GC (Allocation Failure) 2020-10-29T15:50:02.938+0000: [ParNew: 17598K->2048K(18432K), 0.0075423 secs] 373826K->358805K(608364K), 0.0075967 secs] [Times: user=0.01 sys=0.00, real=0.01 secs] 
2020-10-29T15:50:03.061+0000: [GC (Allocation Failure) 2020-10-29T15:50:03.061+0000: [ParNew: 18432K->2044K(18432K), 0.0101162 secs] 375189K->361126K(608364K), 0.0101721 secs] [Times: user=0.02 sys=0.00, real=0.01 secs] 
2020-10-29T15:50:03.195+0000: [GC (Allocation Failure) 2020-10-29T15:50:03.195+0000: [ParNew: 18428K->2048K(18432K), 0.0060532 secs] 377510K->361232K(608364K), 0.0061149 secs] [Times: user=0.01 sys=0.00, real=0.00 secs] 
2020-10-29T15:50:03.409+0000: [GC (Allocation Failure) 2020-10-29T15:50:03.409+0000: [ParNew: 18432K->1836K(18432K), 0.0107276 secs] 377616K->362421K(608364K), 0.0107936 secs] [Times: user=0.02 sys=0.00, real=0.01 secs] 
2020-10-29T15:50:03.478+0000: [GC (Allocation Failure) 2020-10-29T15:50:03.478+0000: [ParNew: 18220K->995K(18432K), 0.0027584 secs] 378805K->361580K(608364K), 0.0028127 secs] [Times: user=0.00 sys=0.00, real=0.00 secs] 
2020-10-29T15:50:03.532+0000: [GC (Allocation Failure) 2020-10-29T15:50:03.532+0000: [ParNew: 17379K->992K(18432K), 0.0035440 secs] 377964K->361577K(608364K), 0.0036057 secs] [Times: user=0.00 sys=0.00, real=0.00 secs] 
2020-10-29T15:50:03.573+0000: [GC (Allocation Failure) 2020-10-29T15:50:03.573+0000: [ParNew: 17376K->1378K(18432K), 0.0029073 secs] 377961K->361963K(608364K), 0.0029806 secs] [Times: user=0.01 sys=0.00, real=0.00 secs] 
2020-10-29T15:50:03.620+0000: [GC (Allocation Failure) 2020-10-29T15:50:03.620+0000: [ParNew: 17762K->1411K(18432K), 0.0029236 secs] 378347K->361997K(608364K), 0.0029777 secs] [Times: user=0.00 sys=0.00, real=0.00 secs] 
2020-10-29T15:50:03.651+0000: [GC (Allocation Failure) 2020-10-29T15:50:03.651+0000: [ParNew: 17795K->1190K(18432K), 0.0029993 secs] 378381K->362205K(608364K), 0.0030525 secs] [Times: user=0.00 sys=0.00, real=0.01 secs] 
2020-10-29T15:50:03.689+0000: [GC (Allocation Failure) 2020-10-29T15:50:03.689+0000: [ParNew: 17574K->556K(18432K), 0.0026830 secs] 378589K->362095K(608364K), 0.0027368 secs] [Times: user=0.01 sys=0.00, real=0.00 secs] 
2020-10-29T15:50:03.737+0000: [GC (Allocation Failure) 2020-10-29T15:50:03.737+0000: [ParNew: 16940K->1035K(18432K), 0.0026579 secs] 378479K->362574K(608364K), 0.0027209 secs] [Times: user=0.01 sys=0.00, real=0.00 secs] 
2020-10-29T15:50:03.766+0000: [GC (Allocation Failure) 2020-10-29T15:50:03.767+0000: [ParNew: 17419K->1028K(18432K), 0.0029525 secs] 378958K->364103K(608364K), 0.0030092 secs] [Times: user=0.01 sys=0.00, real=0.00 secs] 
2020-10-29T15:50:03.792+0000: [GC (Allocation Failure) 2020-10-29T15:50:03.792+0000: [ParNew: 17412K->4K(18432K), 0.0024728 secs] 380487K->363079K(608364K), 0.0025263 secs] [Times: user=0.00 sys=0.00, real=0.00 secs] 
2020-10-29T15:50:03.824+0000: [GC (Allocation Failure) 2020-10-29T15:50:03.824+0000: [ParNew: 16388K->1028K(18432K), 0.0028495 secs] 379463K->365127K(608364K), 0.0029050 secs] [Times: user=0.00 sys=0.00, real=0.00 secs] 
2020-10-29T15:50:03.857+0000: [GC (Allocation Failure) 2020-10-29T15:50:03.857+0000: [ParNew: 17412K->4K(18432K), 0.0025544 secs] 381511K->364104K(608364K), 0.0026066 secs] [Times: user=0.01 sys=0.00, real=0.00 secs] 
2020-10-29T15:50:03.889+0000: [GC (Allocation Failure) 2020-10-29T15:50:03.889+0000: [ParNew: 16388K->4K(18432K), 0.0024678 secs] 380488K->364104K(608364K), 0.0025397 secs] [Times: user=0.01 sys=0.00, real=0.00 secs] 
2020-10-29T15:50:03.920+0000: [GC (Allocation Failure) 2020-10-29T15:50:03.921+0000: [ParNew: 16388K->4K(18432K), 0.0024978 secs] 380488K->364104K(608364K), 0.0025498 secs] [Times: user=0.01 sys=0.00, real=0.00 secs] 
2020-10-29T15:50:03.944+0000: [GC (Allocation Failure) 2020-10-29T15:50:03.944+0000: [ParNew: 16388K->4K(18432K), 0.0040858 secs] 380488K->364104K(608364K), 0.0041394 secs] [Times: user=0.00 sys=0.00, real=0.00 secs] 
2020-10-29T15:50:03.968+0000: [GC (Allocation Failure) 2020-10-29T15:50:03.969+0000: [ParNew: 16388K->4K(18432K), 0.0024817 secs] 380488K->364104K(608364K), 0.0025341 secs] [Times: user=0.01 sys=0.00, real=0.00 secs] 
2020-10-29T15:50:03.992+0000: [GC (Allocation Failure) 2020-10-29T15:50:03.993+0000: [ParNew: 16388K->4K(18432K), 0.0024745 secs] 380488K->364104K(608364K), 0.0025281 secs] [Times: user=0.00 sys=0.00, real=0.00 secs] 
2020-10-29T15:50:04.012+0000: [GC (Allocation Failure) 2020-10-29T15:50:04.013+0000: [ParNew: 16388K->4K(18432K), 0.0028211 secs] 380488K->366152K(608364K), 0.0028748 secs] [Times: user=0.01 sys=0.00, real=0.00 secs] 
2020-10-29T15:50:04.036+0000: [GC (Allocation Failure) 2020-10-29T15:50:04.037+0000: [ParNew: 16388K->4K(18432K), 0.0024989 secs] 382536K->366152K(608364K), 0.0025531 secs] [Times: user=0.00 sys=0.00, real=0.00 secs] 
2020-10-29T15:50:04.060+0000: [GC (Allocation Failure) 2020-10-29T15:50:04.060+0000: [ParNew: 16388K->4K(18432K), 0.0025270 secs] 382536K->366152K(608364K), 0.0025848 secs] [Times: user=0.01 sys=0.00, real=0.00 secs] 
2020-10-29T15:50:04.092+0000: [GC (Allocation Failure) 2020-10-29T15:50:04.092+0000: [ParNew: 16388K->4K(18432K), 0.0026388 secs] 382536K->366152K(608364K), 0.0026935 secs] [Times: user=0.00 sys=0.00, real=0.00 secs] 
2020-10-29T15:50:04.116+0000: [GC (Allocation Failure) 2020-10-29T15:50:04.117+0000: [ParNew: 16388K->4K(18432K), 0.0048450 secs] 382536K->368200K(608364K), 0.0049146 secs] [Times: user=0.01 sys=0.00, real=0.00 secs] 
2020-10-29T15:50:04.146+0000: [GC (Allocation Failure) 2020-10-29T15:50:04.146+0000: [ParNew: 16388K->6K(18432K), 0.0053670 secs] 384584K->368202K(608364K), 0.0054236 secs] [Times: user=0.01 sys=0.00, real=0.00 secs] 
2020-10-29T15:50:04.190+0000: [GC (Allocation Failure) 2020-10-29T15:50:04.190+0000: [ParNew: 16390K->4K(18432K), 0.0025248 secs] 384586K->368200K(608364K), 0.0025979 secs] [Times: user=0.00 sys=0.00, real=0.01 secs] 
2020-10-29T15:50:04.231+0000: [GC (Allocation Failure) 2020-10-29T15:50:04.231+0000: [ParNew: 16388K->4K(18432K), 0.0025060 secs] 384584K->368200K(608364K), 0.0025819 secs] [Times: user=0.01 sys=0.00, real=0.01 secs] 
2020-10-29T15:50:04.261+0000: [GC (Allocation Failure) 2020-10-29T15:50:04.261+0000: [ParNew: 16388K->4K(18432K), 0.0025409 secs] 384584K->368200K(608364K), 0.0026103 secs] [Times: user=0.01 sys=0.00, real=0.00 secs] 
2020-10-29T15:50:04.285+0000: [GC (Allocation Failure) 2020-10-29T15:50:04.285+0000: [ParNew: 16388K->4K(18432K), 0.0024657 secs] 384584K->368200K(608364K), 0.0025338 secs] [Times: user=0.01 sys=0.00, real=0.00 secs] 
2020-10-29T15:50:04.313+0000: [GC (Allocation Failure) 2020-10-29T15:50:04.314+0000: [ParNew: 16388K->4K(18432K), 0.0024789 secs] 384584K->368200K(608364K), 0.0025483 secs] [Times: user=0.00 sys=0.00, real=0.00 secs] 
2020-10-29T15:50:04.353+0000: [GC (Allocation Failure) 2020-10-29T15:50:04.353+0000: [ParNew: 16388K->4K(18432K), 0.0024627 secs] 384584K->368200K(608364K), 0.0025169 secs] [Times: user=0.01 sys=0.00, real=0.00 secs] 
2020-10-29T15:50:04.381+0000: [GC (Allocation Failure) 2020-10-29T15:50:04.381+0000: [ParNew: 16388K->4K(18432K), 0.0053716 secs] 384584K->368200K(608364K), 0.0054269 secs] [Times: user=0.01 sys=0.00, real=0.01 secs] 
2020-10-29T15:50:04.420+0000: [GC (Allocation Failure) 2020-10-29T15:50:04.420+0000: [ParNew: 16388K->2K(18432K), 0.0050244 secs] 384584K->368198K(608364K), 0.0050768 secs] [Times: user=0.01 sys=0.00, real=0.01 secs] 
2020-10-29T15:50:04.458+0000: [GC (Allocation Failure) 2020-10-29T15:50:04.458+0000: [ParNew: 16386K->4K(18432K), 0.0051921 secs] 384582K->368200K(608364K), 0.0052694 secs] [Times: user=0.00 sys=0.00, real=0.00 secs] 
2020-10-29T15:50:04.502+0000: [GC (Allocation Failure) 2020-10-29T15:50:04.502+0000: [ParNew: 16388K->2K(18432K), 0.0052399 secs] 384584K->368198K(608364K), 0.0053149 secs] [Times: user=0.01 sys=0.00, real=0.01 secs] 
2020-10-29T15:50:04.544+0000: [GC (Allocation Failure) 2020-10-29T15:50:04.544+0000: [ParNew: 16386K->4K(18432K), 0.0076692 secs] 384582K->368200K(608364K), 0.0077444 secs] [Times: user=0.02 sys=0.00, real=0.01 secs] 
2020-10-29T15:50:04.584+0000: [GC (Allocation Failure) 2020-10-29T15:50:04.584+0000: [ParNew: 16388K->4K(18432K), 0.0024673 secs] 384584K->368200K(608364K), 0.0025203 secs] [Times: user=0.00 sys=0.00, real=0.00 secs] 
2020-10-29T15:50:04.604+0000: [GC (Allocation Failure) 2020-10-29T15:50:04.604+0000: [ParNew: 16388K->4K(18432K), 0.0024655 secs] 384584K->368200K(608364K), 0.0025183 secs] [Times: user=0.00 sys=0.00, real=0.01 secs] 
2020-10-29T15:50:04.624+0000: [GC (Allocation Failure) 2020-10-29T15:50:04.625+0000: [ParNew: 16388K->4K(18432K), 0.0024784 secs] 384584K->368200K(608364K), 0.0025324 secs] [Times: user=0.00 sys=0.00, real=0.00 secs] 
2020-10-29T15:50:04.644+0000: [GC (Allocation Failure) 2020-10-29T15:50:04.644+0000: [ParNew: 16388K->4K(18432K), 0.0024778 secs] 384584K->368200K(608364K), 0.0025313 secs] [Times: user=0.01 sys=0.00, real=0.00 secs] 
2020-10-29T15:50:04.661+0000: [GC (Allocation Failure) 2020-10-29T15:50:04.661+0000: [ParNew: 16388K->4K(18432K), 0.0033451 secs] 384584K->372296K(608364K), 0.0034010 secs] [Times: user=0.00 sys=0.00, real=0.01 secs] 
2020-10-29T15:50:04.679+0000: [GC (Allocation Failure) 2020-10-29T15:50:04.679+0000: [ParNew: 16388K->4K(18432K), 0.0025660 secs] 388680K->372296K(608364K), 0.0026181 secs] [Times: user=0.01 sys=0.00, real=0.00 secs] 
2020-10-29T15:50:04.697+0000: [GC (Allocation Failure) 2020-10-29T15:50:04.697+0000: [ParNew: 16388K->4K(18432K), 0.0025123 secs] 388680K->372297K(608364K), 0.0025650 secs] [Times: user=0.00 sys=0.00, real=0.00 secs] 
2020-10-29T15:50:04.716+0000: [GC (Allocation Failure) 2020-10-29T15:50:04.717+0000: [ParNew: 16388K->4K(18432K), 0.0024666 secs] 388681K->372297K(608364K), 0.0025194 secs] [Times: user=0.00 sys=0.00, real=0.00 secs] 
2020-10-29T15:50:04.734+0000: [GC (Allocation Failure) 2020-10-29T15:50:04.734+0000: [ParNew: 16388K->4K(18432K), 0.0025214 secs] 388681K->372297K(608364K), 0.0025707 secs] [Times: user=0.01 sys=0.00, real=0.00 secs] 
2020-10-29T15:50:04.752+0000: [GC (Allocation Failure) 2020-10-29T15:50:04.753+0000: [ParNew: 14764K->4K(18432K), 0.0024155 secs] 387057K->372297K(608364K), 0.0024638 secs] [Times: user=0.00 sys=0.00, real=0.00 secs] 
2020-10-29T15:50:04.767+0000: [GC (Allocation Failure) 2020-10-29T15:50:04.767+0000: [ParNew: 16388K->4K(18432K), 0.0031604 secs] 388681K->376393K(608364K), 0.0032204 secs] [Times: user=0.01 sys=0.00, real=0.00 secs] 
2020-10-29T15:50:04.772+0000: [GC (CMS Initial Mark) [1 CMS-initial-mark: 376389K(589932K)] 376720K(608364K), 0.0012660 secs] [Times: user=0.00 sys=0.00, real=0.00 secs] 
2020-10-29T15:50:04.774+0000: [CMS-concurrent-mark-start]
2020-10-29T15:50:04.796+0000: [GC (Allocation Failure) 2020-10-29T15:50:04.797+0000: [ParNew: 16388K->4K(18432K), 0.0023760 secs] 392777K->376393K(608364K), 0.0024339 secs] [Times: user=0.00 sys=0.00, real=0.00 secs] 
2020-10-29T15:50:04.829+0000: [CMS-concurrent-mark: 0.053/0.055 secs] [Times: user=0.11 sys=0.00, real=0.05 secs] 
2020-10-29T15:50:04.829+0000: [GC (Allocation Failure) 2020-10-29T15:50:04.829+0000: [ParNew: 16388K->4K(18432K), 0.0024085 secs] 392777K->376393K(608364K), 0.0024449 secs] [Times: user=0.00 sys=0.00, real=0.00 secs] 
2020-10-29T15:50:04.832+0000: [CMS-concurrent-preclean-start]
2020-10-29T15:50:04.833+0000: [CMS-concurrent-preclean: 0.002/0.002 secs] [Times: user=0.01 sys=0.00, real=0.01 secs] 
2020-10-29T15:50:04.837+0000: [GC (CMS Final Remark) [YG occupancy: 1241 K (18432 K)]2020-10-29T15:50:04.837+0000: [Rescan (parallel) , 0.0019261 secs]2020-10-29T15:50:04.839+0000: [weak refs processing, 0.0000442 secs]2020-10-29T15:50:04.839+0000: [class unloading, 0.0101409 secs]2020-10-29T15:50:04.849+0000: [scrub symbol table, 0.0092317 secs]2020-10-29T15:50:04.858+0000: [scrub string table, 0.0005580 secs][1 CMS-remark: 376389K(589932K)] 377630K(608364K), 0.0220200 secs] [Times: user=0.02 sys=0.00, real=0.02 secs] 
2020-10-29T15:50:04.861+0000: [CMS-concurrent-sweep-start]
2020-10-29T15:50:04.873+0000: [CMS-concurrent-sweep: 0.013/0.013 secs] [Times: user=0.02 sys=0.00, real=0.02 secs] 
2020-10-29T15:50:04.873+0000: [CMS-concurrent-reset-start]
2020-10-29T15:50:04.875+0000: [CMS-concurrent-reset: 0.002/0.002 secs] [Times: user=0.00 sys=0.00, real=0.00 secs] 
2020-10-29T15:50:04.882+0000: [GC (Allocation Failure) 2020-10-29T15:50:04.882+0000: [ParNew: 16388K->4K(18432K), 0.0028796 secs] 148300K->131916K(608364K), 0.0029190 secs] [Times: user=0.01 sys=0.00, real=0.01 secs] 
2020-10-29T15:50:04.904+0000: [GC (Allocation Failure) 2020-10-29T15:50:04.904+0000: [ParNew: 16388K->4K(18432K), 0.0028597 secs] 148300K->131916K(608364K), 0.0029145 secs] [Times: user=0.01 sys=0.00, real=0.00 secs] 
2020-10-29T15:50:04.936+0000: [GC (Allocation Failure) 2020-10-29T15:50:04.936+0000: [ParNew: 16388K->4K(18432K), 0.0059952 secs] 148300K->131916K(608364K), 0.0060519 secs] [Times: user=0.01 sys=0.00, real=0.00 secs] 
2020-10-29T15:50:04.966+0000: [GC (Allocation Failure) 2020-10-29T15:50:04.966+0000: [ParNew: 16388K->4K(18432K), 0.0029047 secs] 148300K->131916K(608364K), 0.0029588 secs] [Times: user=0.01 sys=0.00, real=0.00 secs] 
2020-10-29T15:50:04.985+0000: [GC (Allocation Failure) 2020-10-29T15:50:04.985+0000: [ParNew: 16388K->4K(18432K), 0.0028465 secs] 148300K->131916K(608364K), 0.0028988 secs] [Times: user=0.00 sys=0.00, real=0.00 secs] 
2020-10-29T15:50:05.003+0000: [GC (Allocation Failure) 2020-10-29T15:50:05.003+0000: [ParNew: 16388K->4K(18432K), 0.0028483 secs] 148300K->131917K(608364K), 0.0028997 secs] [Times: user=0.01 sys=0.00, real=0.01 secs] 
2020-10-29T15:50:05.024+0000: [GC (Allocation Failure) 2020-10-29T15:50:05.025+0000: [ParNew: 16388K->4K(18432K), 0.0028753 secs] 148301K->131917K(608364K), 0.0029479 secs] [Times: user=0.00 sys=0.00, real=0.00 secs] 
2020-10-29T15:50:05.049+0000: [GC (Allocation Failure) 2020-10-29T15:50:05.049+0000: [ParNew: 16388K->4K(18432K), 0.0028682 secs] 148301K->131917K(608364K), 0.0029217 secs] [Times: user=0.00 sys=0.00, real=0.00 secs] 
2020-10-29T15:50:05.071+0000: [GC (Allocation Failure) 2020-10-29T15:50:05.071+0000: [ParNew: 16388K->4K(18432K), 0.0028842 secs] 148301K->131917K(608364K), 0.0029386 secs] [Times: user=0.00 sys=0.00, real=0.01 secs] 
2020-10-29T15:50:05.093+0000: [GC (Allocation Failure) 2020-10-29T15:50:05.093+0000: [ParNew: 16388K->4K(18432K), 0.0029093 secs] 148301K->131917K(608364K), 0.0029640 secs] [Times: user=0.00 sys=0.00, real=0.00 secs] 
2020-10-29T15:50:05.111+0000: [GC (Allocation Failure) 2020-10-29T15:50:05.111+0000: [ParNew: 16388K->4K(18432K), 0.0028738 secs] 148301K->131917K(608364K), 0.0029415 secs] [Times: user=0.01 sys=0.00, real=0.01 secs] 
2020-10-29T15:50:05.132+0000: [GC (Allocation Failure) 2020-10-29T15:50:05.132+0000: [ParNew: 16388K->4K(18432K), 0.0028941 secs] 148301K->131917K(608364K), 0.0029480 secs] [Times: user=0.01 sys=0.00, real=0.01 secs] 
2020-10-29T15:50:05.152+0000: [GC (Allocation Failure) 2020-10-29T15:50:05.152+0000: [ParNew: 16388K->4K(18432K), 0.0028789 secs] 148301K->131917K(608364K), 0.0029324 secs] [Times: user=0.00 sys=0.00, real=0.00 secs] 
2020-10-29T15:50:05.170+0000: [GC (Allocation Failure) 2020-10-29T15:50:05.170+0000: [ParNew: 16388K->4K(18432K), 0.0028845 secs] 148301K->131917K(608364K), 0.0029373 secs] [Times: user=0.00 sys=0.00, real=0.01 secs] 
2020-10-29T15:50:05.188+0000: [GC (Allocation Failure) 2020-10-29T15:50:05.188+0000: [ParNew: 16388K->4K(18432K), 0.0029311 secs] 148301K->131917K(608364K), 0.0029854 secs] [Times: user=0.01 sys=0.00, real=0.00 secs] 
2020-10-29T15:50:05.206+0000: [GC (Allocation Failure) 2020-10-29T15:50:05.206+0000: [ParNew: 16388K->4K(18432K), 0.0029703 secs] 148301K->131917K(608364K), 0.0030301 secs] [Times: user=0.00 sys=0.00, real=0.00 secs] 
2020-10-29T15:50:05.222+0000: [GC (Allocation Failure) 2020-10-29T15:50:05.222+0000: [ParNew: 16388K->4K(18432K), 0.0038304 secs] 148301K->140109K(608364K), 0.0038834 secs] [Times: user=0.01 sys=0.00, real=0.01 secs] 
2020-10-29T15:50:05.241+0000: [GC (Allocation Failure) 2020-10-29T15:50:05.241+0000: [ParNew: 16388K->4K(18432K), 0.0028634 secs] 156493K->140109K(608364K), 0.0029165 secs] [Times: user=0.00 sys=0.00, real=0.00 secs] 
2020-10-29T15:50:05.258+0000: [GC (Allocation Failure) 2020-10-29T15:50:05.258+0000: [ParNew: 16388K->4K(18432K), 0.0028706 secs] 156493K->140109K(608364K), 0.0029224 secs] [Times: user=0.01 sys=0.00, real=0.00 secs] 
2020-10-29T15:50:05.280+0000: [GC (Allocation Failure) 2020-10-29T15:50:05.281+0000: [ParNew: 16388K->4K(18432K), 0.0047172 secs] 156493K->140109K(608364K), 0.0047732 secs] [Times: user=0.01 sys=0.00, real=0.01 secs] 
2020-10-29T15:50:05.304+0000: [GC (Allocation Failure) 2020-10-29T15:50:05.304+0000: [ParNew: 16388K->4K(18432K), 0.0028779 secs] 156493K->140109K(608364K), 0.0029325 secs] [Times: user=0.01 sys=0.00, real=0.01 secs] 
2020-10-29T15:50:05.322+0000: [GC (Allocation Failure) 2020-10-29T15:50:05.322+0000: [ParNew: 16388K->4K(18432K), 0.0028740 secs] 156493K->140109K(608364K), 0.0029375 secs] [Times: user=0.01 sys=0.00, real=0.01 secs] 
2020-10-29T15:50:05.340+0000: [GC (Allocation Failure) 2020-10-29T15:50:05.340+0000: [ParNew: 16388K->4K(18432K), 0.0028724 secs] 156493K->140109K(608364K), 0.0029239 secs] [Times: user=0.00 sys=0.00, real=0.00 secs] 
2020-10-29T15:50:05.352+0000: [GC (Allocation Failure) 2020-10-29T15:50:05.352+0000: [ParNew: 16388K->4K(18432K), 0.0039079 secs] 156493K->148301K(608364K), 0.0039605 secs] [Times: user=0.01 sys=0.00, real=0.01 secs] 
2020-10-29T15:50:05.372+0000: [GC (Allocation Failure) 2020-10-29T15:50:05.372+0000: [ParNew: 16388K->4K(18432K), 0.0028414 secs] 164685K->148301K(608364K), 0.0028927 secs] [Times: user=0.00 sys=0.00, real=0.00 secs] 
2020-10-29T15:50:05.390+0000: [GC (Allocation Failure) 2020-10-29T15:50:05.391+0000: [ParNew: 16388K->4K(18432K), 0.0028719 secs] 164685K->148301K(608364K), 0.0029266 secs] [Times: user=0.01 sys=0.00, real=0.01 secs] 
2020-10-29T15:50:05.409+0000: [GC (Allocation Failure) 2020-10-29T15:50:05.409+0000: [ParNew: 16388K->4K(18432K), 0.0028800 secs] 164685K->148301K(608364K), 0.0029341 secs] [Times: user=0.01 sys=0.00, real=0.00 secs] 
2020-10-29T15:50:05.428+0000: [GC (Allocation Failure) 2020-10-29T15:50:05.428+0000: [ParNew: 16388K->4K(18432K), 0.0029567 secs] 164685K->148301K(608364K), 0.0030119 secs] [Times: user=0.00 sys=0.00, real=0.00 secs] 
2020-10-29T15:50:05.444+0000: [GC (Allocation Failure) 2020-10-29T15:50:05.444+0000: [ParNew: 12956K->4K(18432K), 0.0028642 secs] 161253K->148301K(608364K), 0.0029174 secs] [Times: user=0.00 sys=0.00, real=0.01 secs] 
2020-10-29T15:50:05.456+0000: [GC (Allocation Failure) 2020-10-29T15:50:05.456+0000: [ParNew: 16388K->4K(18432K), 0.0037813 secs] 164685K->156493K(608364K), 0.0038346 secs] [Times: user=0.00 sys=0.00, real=0.00 secs] 
2020-10-29T15:50:05.475+0000: [GC (Allocation Failure) 2020-10-29T15:50:05.475+0000: [ParNew: 16388K->4K(18432K), 0.0028686 secs] 172877K->156493K(608364K), 0.0029215 secs] [Times: user=0.00 sys=0.00, real=0.00 secs] 
2020-10-29T15:50:05.496+0000: [GC (Allocation Failure) 2020-10-29T15:50:05.497+0000: [ParNew: 16388K->4K(18432K), 0.0028282 secs] 172877K->156493K(608364K), 0.0028813 secs] [Times: user=0.01 sys=0.00, real=0.00 secs] 
2020-10-29T15:50:05.514+0000: [GC (Allocation Failure) 2020-10-29T15:50:05.514+0000: [ParNew: 16388K->4K(18432K), 0.0028826 secs] 172877K->156493K(608364K), 0.0029368 secs] [Times: user=0.00 sys=0.00, real=0.00 secs] 
2020-10-29T15:50:05.532+0000: [GC (Allocation Failure) 2020-10-29T15:50:05.532+0000: [ParNew: 16388K->4K(18432K), 0.0028428 secs] 172877K->156493K(608364K), 0.0028957 secs] [Times: user=0.01 sys=0.00, real=0.00 secs] 
2020-10-29T15:50:05.552+0000: [GC (Allocation Failure) 2020-10-29T15:50:05.552+0000: [ParNew: 16388K->4K(18432K), 0.0028706 secs] 172877K->156493K(608364K), 0.0029252 secs] [Times: user=0.01 sys=0.00, real=0.00 secs] 
2020-10-29T15:50:05.572+0000: [GC (Allocation Failure) 2020-10-29T15:50:05.573+0000: [ParNew: 16388K->4K(18432K), 0.0028253 secs] 172877K->156493K(608364K), 0.0028789 secs] [Times: user=0.00 sys=0.00, real=0.00 secs] 
2020-10-29T15:50:05.590+0000: [GC (Allocation Failure) 2020-10-29T15:50:05.590+0000: [ParNew: 16388K->4K(18432K), 0.0028380 secs] 172877K->156493K(608364K), 0.0028906 secs] [Times: user=0.01 sys=0.00, real=0.01 secs] 
2020-10-29T15:50:05.602+0000: [GC (Allocation Failure) 2020-10-29T15:50:05.602+0000: [ParNew: 16388K->4K(18432K), 0.0037769 secs] 172877K->164685K(608364K), 0.0038324 secs] [Times: user=0.01 sys=0.00, real=0.01 secs] 
2020-10-29T15:50:05.620+0000: [GC (Allocation Failure) 2020-10-29T15:50:05.620+0000: [ParNew: 16388K->4K(18432K), 0.0028929 secs] 181069K->164685K(608364K), 0.0029466 secs] [Times: user=0.00 sys=0.01, real=0.00 secs] 
2020-10-29T15:50:05.638+0000: [GC (Allocation Failure) 2020-10-29T15:50:05.638+0000: [ParNew: 16388K->4K(18432K), 0.0028658 secs] 181069K->164685K(608364K), 0.0029356 secs] [Times: user=0.01 sys=0.00, real=0.00 secs] 
2020-10-29T15:50:05.655+0000: [GC (Allocation Failure) 2020-10-29T15:50:05.655+0000: [ParNew: 16388K->4K(18432K), 0.0029107 secs] 181069K->164685K(608364K), 0.0029632 secs] [Times: user=0.01 sys=0.00, real=0.00 secs] 
2020-10-29T15:50:05.673+0000: [GC (Allocation Failure) 2020-10-29T15:50:05.673+0000: [ParNew: 16388K->4K(18432K), 0.0028284 secs] 181069K->164685K(608364K), 0.0028874 secs] [Times: user=0.00 sys=0.00, real=0.00 secs] 
2020-10-29T15:50:05.690+0000: [GC (Allocation Failure) 2020-10-29T15:50:05.690+0000: [ParNew: 16388K->4K(18432K), 0.0028497 secs] 181069K->164685K(608364K), 0.0029011 secs] [Times: user=0.01 sys=0.00, real=0.01 secs] 
2020-10-29T15:50:05.708+0000: [GC (Allocation Failure) 2020-10-29T15:50:05.708+0000: [ParNew: 16388K->4K(18432K), 0.0028836 secs] 181069K->164685K(608364K), 0.0029357 secs] [Times: user=0.00 sys=0.00, real=0.00 secs] 
2020-10-29T15:50:05.727+0000: [GC (Allocation Failure) 2020-10-29T15:50:05.727+0000: [ParNew: 16388K->4K(18432K), 0.0028353 secs] 181069K->164685K(608364K), 0.0028870 secs] [Times: user=0.00 sys=0.00, real=0.00 secs] 
2020-10-29T15:50:05.744+0000: [GC (Allocation Failure) 2020-10-29T15:50:05.744+0000: [ParNew: 16388K->4K(18432K), 0.0028761 secs] 181069K->164685K(608364K), 0.0029287 secs] [Times: user=0.01 sys=0.00, real=0.00 secs] 
2020-10-29T15:50:05.764+0000: [GC (Allocation Failure) 2020-10-29T15:50:05.765+0000: [ParNew: 16388K->4K(18432K), 0.0028367 secs] 181069K->164685K(608364K), 0.0029050 secs] [Times: user=0.01 sys=0.00, real=0.00 secs] 
2020-10-29T15:50:05.779+0000: [GC (Allocation Failure) 2020-10-29T15:50:05.779+0000: [ParNew: 16388K->4K(18432K), 0.0038560 secs] 181069K->172877K(608364K), 0.0039239 secs] [Times: user=0.01 sys=0.00, real=0.00 secs] 
2020-10-29T15:50:05.808+0000: [GC (Allocation Failure) 2020-10-29T15:50:05.808+0000: [ParNew: 16388K->4K(18432K), 0.0027947 secs] 189261K->172877K(608364K), 0.0028505 secs] [Times: user=0.01 sys=0.00, real=0.00 secs] 
2020-10-29T15:50:05.826+0000: [GC (Allocation Failure) 2020-10-29T15:50:05.826+0000: [ParNew: 16388K->4K(18432K), 0.0028039 secs] 189261K->172877K(608364K), 0.0028559 secs] [Times: user=0.01 sys=0.00, real=0.00 secs] 
2020-10-29T15:50:05.844+0000: [GC (Allocation Failure) 2020-10-29T15:50:05.844+0000: [ParNew: 16388K->4K(18432K), 0.0028295 secs] 189261K->172877K(608364K), 0.0028821 secs] [Times: user=0.01 sys=0.00, real=0.01 secs] 
2020-10-29T15:50:05.865+0000: [GC (Allocation Failure) 2020-10-29T15:50:05.865+0000: [ParNew: 16388K->4K(18432K), 0.0028126 secs] 189261K->172877K(608364K), 0.0028656 secs] [Times: user=0.01 sys=0.00, real=0.00 secs] 
2020-10-29T15:50:05.882+0000: [GC (Allocation Failure) 2020-10-29T15:50:05.882+0000: [ParNew: 16388K->4K(18432K), 0.0028582 secs] 189261K->172877K(608364K), 0.0029110 secs] [Times: user=0.01 sys=0.00, real=0.01 secs] 
2020-10-29T15:50:05.900+0000: [GC (Allocation Failure) 2020-10-29T15:50:05.900+0000: [ParNew: 16388K->4K(18432K), 0.0028185 secs] 189261K->172877K(608364K), 0.0028728 secs] [Times: user=0.00 sys=0.00, real=0.00 secs] 
2020-10-29T15:50:05.922+0000: [GC (Allocation Failure) 2020-10-29T15:50:05.923+0000: [ParNew: 16388K->4K(18432K), 0.0028088 secs] 189261K->172877K(608364K), 0.0028642 secs] [Times: user=0.01 sys=0.00, real=0.01 secs] 
2020-10-29T15:50:05.944+0000: [GC (Allocation Failure) 2020-10-29T15:50:05.944+0000: [ParNew: 16388K->4K(18432K), 0.0027659 secs] 189261K->172877K(608364K), 0.0028188 secs] [Times: user=0.00 sys=0.00, real=0.01 secs] 
2020-10-29T15:50:05.955+0000: [GC (Allocation Failure) 2020-10-29T15:50:05.956+0000: [ParNew: 16388K->4K(18432K), 0.0037792 secs] 189261K->181069K(608364K), 0.0038339 secs] [Times: user=0.01 sys=0.00, real=0.00 secs] 
2020-10-29T15:50:05.974+0000: [GC (Allocation Failure) 2020-10-29T15:50:05.974+0000: [ParNew: 16388K->4K(18432K), 0.0027878 secs] 197453K->181069K(608364K), 0.0028456 secs] [Times: user=0.00 sys=0.00, real=0.00 secs] 
2020-10-29T15:50:05.992+0000: [GC (Allocation Failure) 2020-10-29T15:50:05.992+0000: [ParNew: 16388K->4K(18432K), 0.0028230 secs] 197453K->181069K(608364K), 0.0028920 secs] [Times: user=0.01 sys=0.00, real=0.01 secs] 
2020-10-29T15:50:06.009+0000: [GC (Allocation Failure) 2020-10-29T15:50:06.009+0000: [ParNew: 16388K->4K(18432K), 0.0027928 secs] 197453K->181069K(608364K), 0.0028458 secs] [Times: user=0.00 sys=0.00, real=0.00 secs] 
2020-10-29T15:50:06.027+0000: [GC (Allocation Failure) 2020-10-29T15:50:06.027+0000: [ParNew: 16388K->4K(18432K), 0.0028124 secs] 197453K->181069K(608364K), 0.0028657 secs] [Times: user=0.00 sys=0.00, real=0.00 secs] 
2020-10-29T15:50:06.046+0000: [GC (Allocation Failure) 2020-10-29T15:50:06.046+0000: [ParNew: 16388K->4K(18432K), 0.0028037 secs] 197453K->181069K(608364K), 0.0028729 secs] [Times: user=0.00 sys=0.00, real=0.00 secs] 
2020-10-29T15:50:06.064+0000: [GC (Allocation Failure) 2020-10-29T15:50:06.064+0000: [ParNew: 16388K->4K(18432K), 0.0028011 secs] 197453K->181069K(608364K), 0.0028549 secs] [Times: user=0.01 sys=0.00, real=0.01 secs] 
2020-10-29T15:50:06.084+0000: [GC (Allocation Failure) 2020-10-29T15:50:06.084+0000: [ParNew: 16388K->4K(18432K), 0.0027936 secs] 197453K->181069K(608364K), 0.0028486 secs] [Times: user=0.00 sys=0.00, real=0.00 secs] 
2020-10-29T15:50:06.102+0000: [GC (Allocation Failure) 2020-10-29T15:50:06.102+0000: [ParNew: 16388K->4K(18432K), 0.0028217 secs] 197453K->181069K(608364K), 0.0028958 secs] [Times: user=0.00 sys=0.00, real=0.01 secs] 
2020-10-29T15:50:06.120+0000: [GC (Allocation Failure) 2020-10-29T15:50:06.120+0000: [ParNew: 16388K->4K(18432K), 0.0028029 secs] 197453K->181069K(608364K), 0.0028550 secs] [Times: user=0.00 sys=0.00, real=0.00 secs] 
2020-10-29T15:50:06.140+0000: [GC (Allocation Failure) 2020-10-29T15:50:06.140+0000: [ParNew: 16388K->4K(18432K), 0.0028406 secs] 197453K->181069K(608364K), 0.0028961 secs] [Times: user=0.00 sys=0.00, real=0.00 secs] 
2020-10-29T15:50:06.160+0000: [GC (Allocation Failure) 2020-10-29T15:50:06.161+0000: [ParNew: 16388K->4K(18432K), 0.0027742 secs] 197453K->181069K(608364K), 0.0028277 secs] [Times: user=0.01 sys=0.00, real=0.00 secs] 
2020-10-29T15:50:06.180+0000: [GC (Allocation Failure) 2020-10-29T15:50:06.181+0000: [ParNew: 16388K->4K(18432K), 0.0027802 secs] 197453K->181069K(608364K), 0.0028338 secs] [Times: user=0.00 sys=0.00, real=0.00 secs] 
2020-10-29T15:50:06.200+0000: [GC (Allocation Failure) 2020-10-29T15:50:06.201+0000: [ParNew: 16388K->4K(18432K), 0.0027685 secs] 197453K->181069K(608364K), 0.0028218 secs] [Times: user=0.00 sys=0.00, real=0.00 secs] 
2020-10-29T15:50:06.220+0000: [GC (Allocation Failure) 2020-10-29T15:50:06.221+0000: [ParNew: 16388K->4K(18432K), 0.0026996 secs] 197453K->181069K(608364K), 0.0027497 secs] [Times: user=0.01 sys=0.00, real=0.00 secs] 
2020-10-29T15:50:06.238+0000: [GC (Allocation Failure) 2020-10-29T15:50:06.238+0000: [ParNew: 16388K->4K(18432K), 0.0028833 secs] 197453K->181069K(608364K), 0.0029387 secs] [Times: user=0.01 sys=0.00, real=0.00 secs] 
2020-10-29T15:50:06.256+0000: [GC (Allocation Failure) 2020-10-29T15:50:06.256+0000: [ParNew: 16388K->4K(18432K), 0.0027806 secs] 197453K->181069K(608364K), 0.0028323 secs] [Times: user=0.00 sys=0.00, real=0.00 secs] 
2020-10-29T15:50:06.274+0000: [GC (Allocation Failure) 2020-10-29T15:50:06.274+0000: [ParNew: 16388K->4K(18432K), 0.0027915 secs] 197453K->181069K(608364K), 0.0028438 secs] [Times: user=0.01 sys=0.00, real=0.00 secs] 
2020-10-29T15:50:06.291+0000: [GC (Allocation Failure) 2020-10-29T15:50:06.291+0000: [ParNew: 16388K->4K(18432K), 0.0028235 secs] 197453K->181069K(608364K), 0.0028761 secs] [Times: user=0.01 sys=0.00, real=0.01 secs] 
2020-10-29T15:50:06.312+0000: [GC (Allocation Failure) 2020-10-29T15:50:06.313+0000: [ParNew: 16388K->4K(18432K), 0.0027305 secs] 197453K->181069K(608364K), 0.0027827 secs] [Times: user=0.00 sys=0.00, real=0.00 secs] 
2020-10-29T15:50:06.333+0000: [GC (Allocation Failure) 2020-10-29T15:50:06.333+0000: [ParNew: 16388K->4K(18432K), 0.0027719 secs] 197453K->181069K(608364K), 0.0028280 secs] [Times: user=0.01 sys=0.00, real=0.00 secs] 
2020-10-29T15:50:06.353+0000: [GC (Allocation Failure) 2020-10-29T15:50:06.353+0000: [ParNew: 16388K->4K(18432K), 0.0027657 secs] 197453K->181069K(608364K), 0.0028195 secs] [Times: user=0.01 sys=0.00, real=0.00 secs] 
2020-10-29T15:50:06.368+0000: [GC (Allocation Failure) 2020-10-29T15:50:06.368+0000: [ParNew: 12865K->4K(18432K), 0.0027159 secs] 193931K->181069K(608364K), 0.0027674 secs] [Times: user=0.00 sys=0.00, real=0.00 secs] 
2020-10-29T15:50:06.384+0000: [GC (Allocation Failure) 2020-10-29T15:50:06.384+0000: [ParNew: 16388K->4K(18432K), 0.0037453 secs] 197453K->189261K(608364K), 0.0038096 secs] [Times: user=0.01 sys=0.00, real=0.00 secs] 
2020-10-29T15:50:06.404+0000: [GC (Allocation Failure) 2020-10-29T15:50:06.404+0000: [ParNew: 16388K->4K(18432K), 0.0027696 secs] 205645K->189261K(608364K), 0.0028227 secs] [Times: user=0.00 sys=0.00, real=0.00 secs] 
2020-10-29T15:50:06.424+0000: [GC (Allocation Failure) 2020-10-29T15:50:06.424+0000: [ParNew: 16388K->4K(18432K), 0.0027306 secs] 205645K->189261K(608364K), 0.0027824 secs] [Times: user=0.00 sys=0.00, real=0.00 secs] 
2020-10-29T15:50:06.444+0000: [GC (Allocation Failure) 2020-10-29T15:50:06.445+0000: [ParNew: 16388K->4K(18432K), 0.0027294 secs] 205645K->189261K(608364K), 0.0027814 secs] [Times: user=0.01 sys=0.00, real=0.00 secs] 
2020-10-29T15:50:06.466+0000: [GC (Allocation Failure) 2020-10-29T15:50:06.466+0000: [ParNew: 16388K->4K(18432K), 0.0026857 secs] 205645K->189261K(608364K), 0.0027364 secs] [Times: user=0.01 sys=0.00, real=0.00 secs] 
2020-10-29T15:50:06.484+0000: [GC (Allocation Failure) 2020-10-29T15:50:06.484+0000: [ParNew: 16388K->4K(18432K), 0.0027249 secs] 205645K->189262K(608364K), 0.0027753 secs] [Times: user=0.00 sys=0.00, real=0.01 secs] 
2020-10-29T15:50:06.504+0000: [GC (Allocation Failure) 2020-10-29T15:50:06.505+0000: [ParNew: 16388K->4K(18432K), 0.0027302 secs] 205646K->189262K(608364K), 0.0027921 secs] [Times: user=0.01 sys=0.00, real=0.00 secs] 
2020-10-29T15:50:06.523+0000: [GC (Allocation Failure) 2020-10-29T15:50:06.523+0000: [ParNew: 16388K->4K(18432K), 0.0027482 secs] 205646K->189262K(608364K), 0.0028013 secs] [Times: user=0.01 sys=0.00, real=0.01 secs] 
2020-10-29T15:50:06.543+0000: [GC (Allocation Failure) 2020-10-29T15:50:06.543+0000: [ParNew: 16388K->4K(18432K), 0.0027699 secs] 205646K->189262K(608364K), 0.0028217 secs] [Times: user=0.01 sys=0.00, real=0.01 secs] 
2020-10-29T15:50:06.554+0000: [GC (Allocation Failure) 2020-10-29T15:50:06.554+0000: [ParNew: 16388K->4K(18432K), 0.0036562 secs] 205646K->197454K(608364K), 0.0037099 secs] [Times: user=0.01 sys=0.00, real=0.00 secs] 
2020-10-29T15:50:06.577+0000: [GC (Allocation Failure) 2020-10-29T15:50:06.577+0000: [ParNew: 16388K->4K(18432K), 0.0027450 secs] 213838K->197454K(608364K), 0.0027964 secs] [Times: user=0.01 sys=0.00, real=0.00 secs] 
2020-10-29T15:50:06.601+0000: [GC (Allocation Failure) 2020-10-29T15:50:06.601+0000: [ParNew: 16388K->4K(18432K), 0.0027205 secs] 213838K->197454K(608364K), 0.0027745 secs] [Times: user=0.01 sys=0.00, real=0.00 secs] 
2020-10-29T15:50:06.620+0000: [GC (Allocation Failure) 2020-10-29T15:50:06.620+0000: [ParNew: 16388K->4K(18432K), 0.0027691 secs] 213838K->197454K(608364K), 0.0028223 secs] [Times: user=0.01 sys=0.00, real=0.00 secs] 
2020-10-29T15:50:06.637+0000: [GC (Allocation Failure) 2020-10-29T15:50:06.637+0000: [ParNew: 16388K->4K(18432K), 0.0027941 secs] 213838K->197454K(608364K), 0.0028475 secs] [Times: user=0.01 sys=0.00, real=0.00 secs] 
2020-10-29T15:50:06.657+0000: [GC (Allocation Failure) 2020-10-29T15:50:06.657+0000: [ParNew: 16388K->4K(18432K), 0.0027549 secs] 213838K->197454K(608364K), 0.0028097 secs] [Times: user=0.01 sys=0.00, real=0.00 secs] 
2020-10-29T15:50:06.674+0000: [GC (Allocation Failure) 2020-10-29T15:50:06.674+0000: [ParNew: 16388K->4K(18432K), 0.0027450 secs] 213838K->197454K(608364K), 0.0027969 secs] [Times: user=0.00 sys=0.00, real=0.00 secs] 
2020-10-29T15:50:06.692+0000: [GC (Allocation Failure) 2020-10-29T15:50:06.692+0000: [ParNew: 16388K->4K(18432K), 0.0028164 secs] 213838K->197454K(608364K), 0.0028712 secs] [Times: user=0.01 sys=0.00, real=0.01 secs] 
2020-10-29T15:50:06.709+0000: [GC (Allocation Failure) 2020-10-29T15:50:06.709+0000: [ParNew: 16388K->4K(18432K), 0.0028378 secs] 213838K->197454K(608364K), 0.0028901 secs] [Times: user=0.00 sys=0.00, real=0.00 secs] 
2020-10-29T15:50:06.728+0000: [GC (Allocation Failure) 2020-10-29T15:50:06.729+0000: [ParNew: 16388K->4K(18432K), 0.0027685 secs] 213838K->197454K(608364K), 0.0028218 secs] [Times: user=0.01 sys=0.00, real=0.00 secs] 
2020-10-29T15:50:06.746+0000: [GC (Allocation Failure) 2020-10-29T15:50:06.746+0000: [ParNew: 16388K->4K(18432K), 0.0028031 secs] 213838K->197454K(608364K), 0.0028565 secs] [Times: user=0.01 sys=0.00, real=0.00 secs] 
2020-10-29T15:50:06.764+0000: [GC (Allocation Failure) 2020-10-29T15:50:06.764+0000: [ParNew: 16388K->4K(18432K), 0.0027099 secs] 213838K->197454K(608364K), 0.0027626 secs] [Times: user=0.00 sys=0.00, real=0.00 secs] 
2020-10-29T15:50:06.782+0000: [GC (Allocation Failure) 2020-10-29T15:50:06.782+0000: [ParNew: 16388K->4K(18432K), 0.0027484 secs] 213838K->197454K(608364K), 0.0028049 secs] [Times: user=0.00 sys=0.00, real=0.01 secs] 
2020-10-29T15:50:06.800+0000: [GC (Allocation Failure) 2020-10-29T15:50:06.800+0000: [ParNew: 16388K->4K(18432K), 0.0027173 secs] 213838K->197454K(608364K), 0.0027695 secs] [Times: user=0.01 sys=0.00, real=0.00 secs] 
2020-10-29T15:50:06.818+0000: [GC (Allocation Failure) 2020-10-29T15:50:06.818+0000: [ParNew: 16388K->4K(18432K), 0.0027646 secs] 213838K->197454K(608364K), 0.0028174 secs] [Times: user=0.01 sys=0.00, real=0.00 secs] 
2020-10-29T15:50:06.835+0000: [GC (Allocation Failure) 2020-10-29T15:50:06.835+0000: [ParNew: 16388K->4K(18432K), 0.0026807 secs] 213838K->197454K(608364K), 0.0027317 secs] [Times: user=0.00 sys=0.00, real=0.00 secs] 
2020-10-29T15:50:06.856+0000: [GC (Allocation Failure) 2020-10-29T15:50:06.856+0000: [ParNew: 16388K->4K(18432K), 0.0026409 secs] 213838K->197454K(608364K), 0.0026965 secs] [Times: user=0.00 sys=0.00, real=0.00 secs] 
2020-10-29T15:50:06.876+0000: [GC (Allocation Failure) 2020-10-29T15:50:06.876+0000: [ParNew: 16388K->4K(18432K), 0.0027746 secs] 230222K->213838K(608364K), 0.0028280 secs] [Times: user=0.00 sys=0.00, real=0.00 secs] 
2020-10-29T15:50:06.880+0000: [GC (CMS Initial Mark) [1 CMS-initial-mark: 213834K(589932K)] 214223K(608364K), 0.0011183 secs] [Times: user=0.00 sys=0.00, real=0.00 secs] 
2020-10-29T15:50:06.882+0000: [CMS-concurrent-mark-start]
2020-10-29T15:50:06.901+0000: [GC (Allocation Failure) 2020-10-29T15:50:06.901+0000: [ParNew: 16388K->4K(18432K), 0.0026306 secs] 230222K->213838K(608364K), 0.0026852 secs] [Times: user=0.01 sys=0.00, real=0.00 secs] 
2020-10-29T15:50:06.924+0000: [GC (Allocation Failure) 2020-10-29T15:50:06.924+0000: [ParNew: 16388K->4K(18432K), 0.0026868 secs] 230222K->213838K(608364K), 0.0027391 secs] [Times: user=0.00 sys=0.00, real=0.01 secs] 
2020-10-29T15:50:06.945+0000: [GC (Allocation Failure) 2020-10-29T15:50:06.945+0000: [ParNew: 16388K->4K(18432K), 0.0026492 secs] 230222K->213838K(608364K), 0.0027025 secs] [Times: user=0.00 sys=0.00, real=0.00 secs] 
2020-10-29T15:50:06.967+0000: [GC (Allocation Failure) 2020-10-29T15:50:06.967+0000: [ParNew: 16388K->4K(18432K), 0.0026640 secs] 230222K->213838K(608364K), 0.0027193 secs] [Times: user=0.01 sys=0.00, real=0.00 secs] 
2020-10-29T15:50:06.981+0000: [CMS-concurrent-mark: 0.076/0.099 secs] [Times: user=0.20 sys=0.01, real=0.10 secs] 
2020-10-29T15:50:06.981+0000: [CMS-concurrent-preclean-start]
2020-10-29T15:50:06.983+0000: [CMS-concurrent-preclean: 0.002/0.002 secs] [Times: user=0.00 sys=0.00, real=0.00 secs] 
2020-10-29T15:50:06.983+0000: [CMS-concurrent-abortable-preclean-start]
2020-10-29T15:50:06.989+0000: [GC (Allocation Failure) 2020-10-29T15:50:06.989+0000: [ParNew: 16388K->4K(18432K), 0.0023663 secs] 230222K->213838K(608364K), 0.0024054 secs] [Times: user=0.01 sys=0.00, real=0.00 secs] 
2020-10-29T15:50:07.006+0000: [GC (Allocation Failure) 2020-10-29T15:50:07.006+0000: [ParNew: 16388K->4K(18432K), 0.0026521 secs] 230222K->213838K(608364K), 0.0027028 secs] [Times: user=0.01 sys=0.00, real=0.00 secs] 
2020-10-29T15:50:07.025+0000: [GC (Allocation Failure) 2020-10-29T15:50:07.025+0000: [ParNew: 16388K->4K(18432K), 0.0026928 secs] 230222K->213838K(608364K), 0.0027453 secs] [Times: user=0.01 sys=0.01, real=0.00 secs] 
2020-10-29T15:50:07.046+0000: [GC (Allocation Failure) 2020-10-29T15:50:07.046+0000: [ParNew: 16388K->4K(18432K), 0.0027052 secs] 246606K->230222K(608364K), 0.0027589 secs] [Times: user=0.01 sys=0.00, real=0.00 secs] 
2020-10-29T15:50:07.064+0000: [GC (Allocation Failure) 2020-10-29T15:50:07.064+0000: [ParNew: 16388K->4K(18432K), 0.0026897 secs] 246606K->230222K(608364K), 0.0027432 secs] [Times: user=0.00 sys=0.00, real=0.01 secs] 
2020-10-29T15:50:07.082+0000: [GC (Allocation Failure) 2020-10-29T15:50:07.083+0000: [ParNew: 16388K->4K(18432K), 0.0027308 secs] 246606K->230222K(608364K), 0.0027833 secs] [Times: user=0.01 sys=0.00, real=0.01 secs] 
2020-10-29T15:50:07.101+0000: [GC (Allocation Failure) 2020-10-29T15:50:07.101+0000: [ParNew: 16388K->4K(18432K), 0.0026761 secs] 246606K->230222K(608364K), 0.0027309 secs] [Times: user=0.01 sys=0.00, real=0.00 secs] 
2020-10-29T15:50:07.120+0000: [GC (Allocation Failure) 2020-10-29T15:50:07.120+0000: [ParNew: 16388K->4K(18432K), 0.0027057 secs] 246606K->230222K(608364K), 0.0027595 secs] [Times: user=0.01 sys=0.00, real=0.00 secs] 
2020-10-29T15:50:07.140+0000: [GC (Allocation Failure) 2020-10-29T15:50:07.140+0000: [ParNew: 16388K->4K(18432K), 0.0026250 secs] 246606K->230222K(608364K), 0.0026769 secs] [Times: user=0.01 sys=0.00, real=0.00 secs] 
2020-10-29T15:50:07.160+0000: [GC (Allocation Failure) 2020-10-29T15:50:07.161+0000: [ParNew: 16388K->4K(18432K), 0.0026821 secs] 246606K->230222K(608364K), 0.0027362 secs] [Times: user=0.00 sys=0.00, real=0.00 secs] 
2020-10-29T15:50:07.180+0000: [GC (Allocation Failure) 2020-10-29T15:50:07.180+0000: [ParNew: 16388K->4K(18432K), 0.0027015 secs] 246606K->230222K(608364K), 0.0027561 secs] [Times: user=0.01 sys=0.00, real=0.00 secs] 
2020-10-29T15:50:07.199+0000: [GC (Allocation Failure) 2020-10-29T15:50:07.199+0000: [ParNew: 16388K->4K(18432K), 0.0027417 secs] 246606K->230222K(608364K), 0.0027938 secs] [Times: user=0.01 sys=0.00, real=0.00 secs] 
2020-10-29T15:50:07.220+0000: [GC (Allocation Failure) 2020-10-29T15:50:07.221+0000: [ParNew: 16388K->4K(18432K), 0.0026852 secs] 246606K->230222K(608364K), 0.0027382 secs] [Times: user=0.00 sys=0.00, real=0.00 secs] 
2020-10-29T15:50:07.239+0000: [GC (Allocation Failure) 2020-10-29T15:50:07.239+0000: [ParNew: 16388K->4K(18432K), 0.0027368 secs] 246606K->230222K(608364K), 0.0027906 secs] [Times: user=0.01 sys=0.00, real=0.00 secs] 
2020-10-29T15:50:07.257+0000: [GC (Allocation Failure) 2020-10-29T15:50:07.257+0000: [ParNew: 16388K->4K(18432K), 0.0027210 secs] 246606K->230222K(608364K), 0.0027733 secs] [Times: user=0.01 sys=0.00, real=0.00 secs] 
2020-10-29T15:50:07.276+0000: [GC (Allocation Failure) 2020-10-29T15:50:07.276+0000: [ParNew: 16388K->4K(18432K), 0.0026810 secs] 246606K->230222K(608364K), 0.0027321 secs] [Times: user=0.00 sys=0.00, real=0.00 secs] 
2020-10-29T15:50:07.294+0000: [GC (Allocation Failure) 2020-10-29T15:50:07.294+0000: [ParNew: 16388K->4K(18432K), 0.0027070 secs] 246606K->230222K(608364K), 0.0027600 secs] [Times: user=0.01 sys=0.00, real=0.00 secs] 
2020-10-29T15:50:07.318+0000: [CMS-concurrent-abortable-preclean: 0.032/0.335 secs] [Times: user=0.61 sys=0.01, real=0.34 secs] 
2020-10-29T15:50:07.318+0000: [GC (CMS Final Remark) [YG occupancy: 15615 K (18432 K)]2020-10-29T15:50:07.318+0000: [Rescan (parallel) , 0.0113276 secs]2020-10-29T15:50:07.330+0000: [weak refs processing, 0.0000312 secs]2020-10-29T15:50:07.330+0000: [class unloading, 0.0077909 secs]2020-10-29T15:50:07.338+0000: [scrub symbol table, 0.0093191 secs]2020-10-29T15:50:07.347+0000: [scrub string table, 0.0005546 secs][1 CMS-remark: 230218K(589932K)] 245834K(608364K), 0.0291539 secs] [Times: user=0.04 sys=0.00, real=0.03 secs] 
2020-10-29T15:50:07.348+0000: [CMS-concurrent-sweep-start]
2020-10-29T15:50:07.351+0000: [GC (Allocation Failure) 2020-10-29T15:50:07.351+0000: [ParNew: 16388K->18K(18432K), 0.0026478 secs] 246606K->230237K(608364K), 0.0026859 secs] [Times: user=0.00 sys=0.00, real=0.01 secs] 
2020-10-29T15:50:07.375+0000: [CMS-concurrent-sweep: 0.021/0.027 secs] [Times: user=0.05 sys=0.01, real=0.03 secs] 
2020-10-29T15:50:07.375+0000: [CMS-concurrent-reset-start]
2020-10-29T15:50:07.378+0000: [GC (Allocation Failure) 2020-10-29T15:50:07.378+0000: [ParNew: 16402K->5K(18432K), 0.0026988 secs] 236330K->219933K(608364K), 0.0027418 secs] [Times: user=0.00 sys=0.00, real=0.00 secs] 
2020-10-29T15:50:07.385+0000: [CMS-concurrent-reset: 0.007/0.010 secs] [Times: user=0.02 sys=0.00, real=0.01 secs] 
2020-10-29T15:50:07.397+0000: [GC (Allocation Failure) 2020-10-29T15:50:07.397+0000: [ParNew: 16389K->7K(18432K), 0.0026690 secs] 236317K->219935K(608364K), 0.0027197 secs] [Times: user=0.01 sys=0.00, real=0.00 secs] 
2020-10-29T15:50:07.424+0000: [GC (Allocation Failure) 2020-10-29T15:50:07.424+0000: [ParNew: 16391K->7K(18432K), 0.0027109 secs] 236319K->219935K(608364K), 0.0027805 secs] [Times: user=0.01 sys=0.00, real=0.01 secs] 
2020-10-29T15:50:07.448+0000: [GC (Allocation Failure) 2020-10-29T15:50:07.448+0000: [ParNew: 16391K->7K(18432K), 0.0026858 secs] 236319K->219935K(608364K), 0.0027380 secs] [Times: user=0.01 sys=0.00, real=0.00 secs] 
2020-10-29T15:50:07.468+0000: [GC (Allocation Failure) 2020-10-29T15:50:07.469+0000: [ParNew: 16391K->7K(18432K), 0.0026582 secs] 236319K->219935K(608364K), 0.0027097 secs] [Times: user=0.00 sys=0.00, real=0.00 secs] 
2020-10-29T15:50:07.492+0000: [GC (Allocation Failure) 2020-10-29T15:50:07.492+0000: [ParNew: 16391K->5K(18432K), 0.0027459 secs] 236319K->219935K(608364K), 0.0027992 secs] [Times: user=0.01 sys=0.00, real=0.00 secs] 
2020-10-29T15:50:07.511+0000: [GC (Allocation Failure) 2020-10-29T15:50:07.511+0000: [ParNew: 16389K->4K(18432K), 0.0027021 secs] 236319K->219935K(608364K), 0.0027628 secs] [Times: user=0.01 sys=0.00, real=0.01 secs] 
2020-10-29T15:50:07.528+0000: [GC (Allocation Failure) 2020-10-29T15:50:07.528+0000: [ParNew: 16388K->4K(18432K), 0.0026282 secs] 236319K->219935K(608364K), 0.0026759 secs] [Times: user=0.01 sys=0.00, real=0.00 secs] 
2020-10-29T15:50:07.547+0000: [GC (Allocation Failure) 2020-10-29T15:50:07.547+0000: [ParNew: 16388K->4K(18432K), 0.0025729 secs] 236319K->219935K(608364K), 0.0026184 secs] [Times: user=0.01 sys=0.00, real=0.00 secs] 
2020-10-29T15:50:07.568+0000: [GC (Allocation Failure) 2020-10-29T15:50:07.568+0000: [ParNew: 16388K->4K(18432K), 0.0026033 secs] 236319K->219935K(608364K), 0.0026532 secs] [Times: user=0.01 sys=0.00, real=0.00 secs] 
2020-10-29T15:50:07.593+0000: [GC (Allocation Failure) 2020-10-29T15:50:07.593+0000: [ParNew: 16388K->4K(18432K), 0.0026981 secs] 236319K->219935K(608364K), 0.0027688 secs] [Times: user=0.01 sys=0.00, real=0.00 secs] 
2020-10-29T15:50:07.614+0000: [GC (Allocation Failure) 2020-10-29T15:50:07.614+0000: [ParNew: 16388K->4K(18432K), 0.0026594 secs] 236319K->219935K(608364K), 0.0027216 secs] [Times: user=0.00 sys=0.00, real=0.00 secs] 
2020-10-29T15:50:07.636+0000: [GC (Allocation Failure) 2020-10-29T15:50:07.636+0000: [ParNew: 16388K->4K(18432K), 0.0026673 secs] 236319K->219935K(608364K), 0.0027208 secs] [Times: user=0.01 sys=0.00, real=0.00 secs] 
2020-10-29T15:50:07.650+0000: [GC (Allocation Failure) 2020-10-29T15:50:07.650+0000: [ParNew: 16388K->4K(18432K), 0.0035856 secs] 236319K->228127K(608364K), 0.0036463 secs] [Times: user=0.00 sys=0.00, real=0.01 secs] 
2020-10-29T15:50:07.668+0000: [GC (Allocation Failure) 2020-10-29T15:50:07.669+0000: [ParNew: 16388K->4K(18432K), 0.0027037 secs] 244511K->228127K(608364K), 0.0027573 secs] [Times: user=0.00 sys=0.00, real=0.00 secs] 
2020-10-29T15:50:07.686+0000: [GC (Allocation Failure) 2020-10-29T15:50:07.686+0000: [ParNew: 16388K->4K(18432K), 0.0026933 secs] 244511K->228127K(608364K), 0.0027460 secs] [Times: user=0.01 sys=0.00, real=0.00 secs] 
2020-10-29T15:50:07.703+0000: [GC (Allocation Failure) 2020-10-29T15:50:07.703+0000: [ParNew: 16388K->4K(18432K), 0.0027041 secs] 244511K->228127K(608364K), 0.0027550 secs] [Times: user=0.00 sys=0.00, real=0.01 secs] 
2020-10-29T15:50:07.724+0000: [GC (Allocation Failure) 2020-10-29T15:50:07.724+0000: [ParNew: 16388K->4K(18432K), 0.0026760 secs] 244511K->228127K(608364K), 0.0027357 secs] [Times: user=0.01 sys=0.00, real=0.00 secs] 
2020-10-29T15:50:07.744+0000: [GC (Allocation Failure) 2020-10-29T15:50:07.745+0000: [ParNew: 16388K->4K(18432K), 0.0026967 secs] 244511K->228127K(608364K), 0.0027521 secs] [Times: user=0.01 sys=0.00, real=0.00 secs] 
2020-10-29T15:50:07.762+0000: [GC (Allocation Failure) 2020-10-29T15:50:07.762+0000: [ParNew: 16388K->4K(18432K), 0.0027467 secs] 244511K->228127K(608364K), 0.0027991 secs] [Times: user=0.00 sys=0.00, real=0.01 secs] 
2020-10-29T15:50:07.779+0000: [GC (Allocation Failure) 2020-10-29T15:50:07.780+0000: [ParNew: 16388K->4K(18432K), 0.0027409 secs] 244511K->228127K(608364K), 0.0028273 secs] [Times: user=0.01 sys=0.00, real=0.00 secs] 
2020-10-29T15:50:07.797+0000: [GC (Allocation Failure) 2020-10-29T15:50:07.797+0000: [ParNew: 16388K->4K(18432K), 0.0027845 secs] 244511K->228127K(608364K), 0.0028363 secs] [Times: user=0.00 sys=0.00, real=0.00 secs] 
2020-10-29T15:50:07.814+0000: [GC (Allocation Failure) 2020-10-29T15:50:07.814+0000: [ParNew: 16388K->4K(18432K), 0.0027038 secs] 244511K->228127K(608364K), 0.0027583 secs] [Times: user=0.01 sys=0.00, real=0.00 secs] 
2020-10-29T15:50:07.832+0000: [GC (Allocation Failure) 2020-10-29T15:50:07.832+0000: [ParNew: 16388K->4K(18432K), 0.0027112 secs] 244511K->228127K(608364K), 0.0027640 secs] [Times: user=0.01 sys=0.00, real=0.01 secs] 
2020-10-29T15:50:07.844+0000: [GC (Allocation Failure) 2020-10-29T15:50:07.844+0000: [ParNew: 16388K->4K(18432K), 0.0035908 secs] 244511K->236319K(608364K), 0.0036426 secs] [Times: user=0.00 sys=0.00, real=0.01 secs] 
2020-10-29T15:50:07.864+0000: [GC (Allocation Failure) 2020-10-29T15:50:07.864+0000: [ParNew: 16388K->4K(18432K), 0.0026593 secs] 252703K->236319K(608364K), 0.0027131 secs] [Times: user=0.00 sys=0.00, real=0.00 secs] 
2020-10-29T15:50:07.886+0000: [GC (Allocation Failure) 2020-10-29T15:50:07.886+0000: [ParNew: 16388K->4K(18432K), 0.0027165 secs] 252703K->236319K(608364K), 0.0027699 secs] [Times: user=0.01 sys=0.00, real=0.00 secs] 
2020-10-29T15:50:07.904+0000: [GC (Allocation Failure) 2020-10-29T15:50:07.904+0000: [ParNew: 16388K->4K(18432K), 0.0026418 secs] 252703K->236319K(608364K), 0.0026935 secs] [Times: user=0.00 sys=0.00, real=0.00 secs] 
2020-10-29T15:50:07.922+0000: [GC (Allocation Failure) 2020-10-29T15:50:07.922+0000: [ParNew: 16388K->4K(18432K), 0.0026804 secs] 252703K->236319K(608364K), 0.0027323 secs] [Times: user=0.01 sys=0.00, real=0.01 secs] 
2020-10-29T15:50:07.939+0000: [GC (Allocation Failure) 2020-10-29T15:50:07.939+0000: [ParNew: 16388K->4K(18432K), 0.0026806 secs] 252703K->236319K(608364K), 0.0027300 secs] [Times: user=0.00 sys=0.00, real=0.00 secs] 
2020-10-29T15:50:07.960+0000: [GC (Allocation Failure) 2020-10-29T15:50:07.960+0000: [ParNew: 16388K->4K(18432K), 0.0026881 secs] 252703K->236319K(608364K), 0.0027416 secs] [Times: user=0.01 sys=0.00, real=0.00 secs] 
2020-10-29T15:50:07.980+0000: [GC (Allocation Failure) 2020-10-29T15:50:07.980+0000: [ParNew: 16388K->4K(18432K), 0.0026480 secs] 252703K->236319K(608364K), 0.0026933 secs] [Times: user=0.01 sys=0.00, real=0.00 secs] 
2020-10-29T15:50:07.998+0000: [GC (Allocation Failure) 2020-10-29T15:50:07.998+0000: [ParNew: 16388K->4K(18432K), 0.0026858 secs] 252703K->236319K(608364K), 0.0027395 secs] [Times: user=0.01 sys=0.00, real=0.00 secs] 
2020-10-29T15:50:08.015+0000: [GC (Allocation Failure) 2020-10-29T15:50:08.015+0000: [ParNew: 16388K->4K(18432K), 0.0026910 secs] 252703K->236319K(608364K), 0.0027443 secs] [Times: user=0.01 sys=0.00, real=0.00 secs] 
2020-10-29T15:50:08.042+0000: [GC (Allocation Failure) 2020-10-29T15:50:08.042+0000: [ParNew: 16388K->218K(18432K), 0.0029364 secs] 252703K->236534K(608364K), 0.0029879 secs] [Times: user=0.01 sys=0.00, real=0.01 secs] 
2020-10-29T15:50:08.073+0000: [GC (Allocation Failure) 2020-10-29T15:50:08.073+0000: [ParNew: 16602K->382K(18432K), 0.0046213 secs] 252918K->236697K(608364K), 0.0046750 secs] [Times: user=0.01 sys=0.00, real=0.00 secs] 
2020-10-29T15:50:08.107+0000: [GC (Allocation Failure) 2020-10-29T15:50:08.107+0000: [ParNew: 16766K->363K(18432K), 0.0030295 secs] 253081K->236679K(608364K), 0.0030817 secs] [Times: user=0.00 sys=0.00, real=0.00 secs] 
2020-10-29T15:50:08.137+0000: [GC (Allocation Failure) 2020-10-29T15:50:08.137+0000: [ParNew: 16747K->419K(18432K), 0.0031005 secs] 269447K->253118K(608364K), 0.0031610 secs] [Times: user=0.01 sys=0.00, real=0.00 secs] 
2020-10-29T15:50:08.168+0000: [GC (Allocation Failure) 2020-10-29T15:50:08.168+0000: [ParNew: 16803K->421K(18432K), 0.0031728 secs] 269502K->253121K(608364K), 0.0032255 secs] [Times: user=0.01 sys=0.00, real=0.00 secs] 
2020-10-29T15:50:08.188+0000: [GC (Allocation Failure) 2020-10-29T15:50:08.188+0000: [ParNew: 16805K->422K(18432K), 0.0031120 secs] 269505K->253121K(608364K), 0.0031682 secs] [Times: user=0.00 sys=0.00, real=0.00 secs] 
2020-10-29T15:50:08.206+0000: [GC (Allocation Failure) 2020-10-29T15:50:08.206+0000: [ParNew: 16806K->284K(18432K), 0.0032220 secs] 269505K->253184K(608364K), 0.0032765 secs] [Times: user=0.01 sys=0.00, real=0.00 secs] 
2020-10-29T15:50:08.228+0000: [GC (Allocation Failure) 2020-10-29T15:50:08.229+0000: [ParNew: 16668K->92K(18432K), 0.0028638 secs] 269568K->253020K(608364K), 0.0029182 secs] [Times: user=0.01 sys=0.00, real=0.00 secs] 
2020-10-29T15:50:08.249+0000: [GC (Allocation Failure) 2020-10-29T15:50:08.249+0000: [ParNew: 16476K->100K(18432K), 0.0028960 secs] 269404K->253031K(608364K), 0.0029502 secs] [Times: user=0.01 sys=0.00, real=0.00 secs] 
2020-10-29T15:50:08.267+0000: [GC (Allocation Failure) 2020-10-29T15:50:08.267+0000: [ParNew: 16484K->37K(18432K), 0.0028070 secs] 269415K->253002K(608364K), 0.0028713 secs] [Times: user=0.00 sys=0.00, real=0.00 secs] 
2020-10-29T15:50:08.278+0000: [GC (Allocation Failure) 2020-10-29T15:50:08.278+0000: [ParNew: 16421K->17K(18432K), 0.0036000 secs] 269386K->261191K(608364K), 0.0036534 secs] [Times: user=0.01 sys=0.00, real=0.00 secs] 
2020-10-29T15:50:08.296+0000: [GC (Allocation Failure) 2020-10-29T15:50:08.296+0000: [ParNew: 16401K->5K(18432K), 0.0026737 secs] 277575K->261182K(608364K), 0.0027262 secs] [Times: user=0.01 sys=0.00, real=0.00 secs] 
2020-10-29T15:50:08.313+0000: [GC (Allocation Failure) 2020-10-29T15:50:08.313+0000: [ParNew: 16389K->4K(18432K), 0.0026152 secs] 277566K->261181K(608364K), 0.0026688 secs] [Times: user=0.01 sys=0.00, real=0.00 secs] 
2020-10-29T15:50:08.331+0000: [GC (Allocation Failure) 2020-10-29T15:50:08.331+0000: [ParNew: 16388K->4K(18432K), 0.0026660 secs] 277565K->261181K(608364K), 0.0027194 secs] [Times: user=0.01 sys=0.00, real=0.01 secs] 
2020-10-29T15:50:08.348+0000: [GC (Allocation Failure) 2020-10-29T15:50:08.348+0000: [ParNew: 16388K->4K(18432K), 0.0026658 secs] 277565K->261181K(608364K), 0.0027195 secs] [Times: user=0.00 sys=0.00, real=0.00 secs] 
2020-10-29T15:50:08.365+0000: [GC (Allocation Failure) 2020-10-29T15:50:08.365+0000: [ParNew: 16388K->4K(18432K), 0.0026309 secs] 277565K->261181K(608364K), 0.0026846 secs] [Times: user=0.01 sys=0.00, real=0.00 secs] 
2020-10-29T15:50:08.382+0000: [GC (Allocation Failure) 2020-10-29T15:50:08.382+0000: [ParNew: 16388K->4K(18432K), 0.0028414 secs] 277565K->261181K(608364K), 0.0028937 secs] [Times: user=0.01 sys=0.00, real=0.01 secs] 
2020-10-29T15:50:08.400+0000: [GC (Allocation Failure) 2020-10-29T15:50:08.400+0000: [ParNew: 16388K->4K(18432K), 0.0026297 secs] 277565K->261181K(608364K), 0.0026875 secs] [Times: user=0.00 sys=0.00, real=0.00 secs] 
2020-10-29T15:50:08.418+0000: [GC (Allocation Failure) 2020-10-29T15:50:08.418+0000: [ParNew: 16388K->4K(18432K), 0.0026266 secs] 277565K->261181K(608364K), 0.0026789 secs] [Times: user=0.01 sys=0.00, real=0.00 secs] 
2020-10-29T15:50:08.435+0000: [GC (Allocation Failure) 2020-10-29T15:50:08.435+0000: [ParNew: 16388K->4K(18432K), 0.0026490 secs] 277565K->261181K(608364K), 0.0027020 secs] [Times: user=0.01 sys=0.00, real=0.00 secs] 
2020-10-29T15:50:08.456+0000: [GC (Allocation Failure) 2020-10-29T15:50:08.456+0000: [ParNew: 16388K->4K(18432K), 0.0026598 secs] 277565K->261181K(608364K), 0.0027194 secs] [Times: user=0.00 sys=0.00, real=0.00 secs] 
2020-10-29T15:50:08.476+0000: [GC (Allocation Failure) 2020-10-29T15:50:08.477+0000: [ParNew: 16388K->4K(18432K), 0.0026303 secs] 277565K->261181K(608364K), 0.0026856 secs] [Times: user=0.00 sys=0.00, real=0.00 secs] 
2020-10-29T15:50:08.494+0000: [GC (Allocation Failure) 2020-10-29T15:50:08.494+0000: [ParNew: 16388K->4K(18432K), 0.0026540 secs] 277565K->261181K(608364K), 0.0027222 secs] [Times: user=0.01 sys=0.00, real=0.00 secs] 
2020-10-29T15:50:08.511+0000: [GC (Allocation Failure) 2020-10-29T15:50:08.511+0000: [ParNew: 16388K->4K(18432K), 0.0027276 secs] 277565K->261181K(608364K), 0.0027803 secs] [Times: user=0.00 sys=0.00, real=0.01 secs] 
2020-10-29T15:50:08.528+0000: [GC (Allocation Failure) 2020-10-29T15:50:08.528+0000: [ParNew: 16388K->4K(18432K), 0.0026753 secs] 277565K->261181K(608364K), 0.0027291 secs] [Times: user=0.00 sys=0.00, real=0.00 secs] 
2020-10-29T15:50:08.546+0000: [GC (Allocation Failure) 2020-10-29T15:50:08.546+0000: [ParNew: 16388K->4K(18432K), 0.0026820 secs] 277565K->261181K(608364K), 0.0027357 secs] [Times: user=0.01 sys=0.00, real=0.00 secs] 
2020-10-29T15:50:08.563+0000: [GC (Allocation Failure) 2020-10-29T15:50:08.563+0000: [ParNew: 16388K->4K(18432K), 0.0026611 secs] 277565K->261181K(608364K), 0.0027135 secs] [Times: user=0.01 sys=0.00, real=0.01 secs] 
2020-10-29T15:50:08.580+0000: [GC (Allocation Failure) 2020-10-29T15:50:08.580+0000: [ParNew: 16388K->4K(18432K), 0.0027024 secs] 277565K->261181K(608364K), 0.0027553 secs] [Times: user=0.00 sys=0.00, real=0.00 secs] 
2020-10-29T15:50:08.597+0000: [GC (Allocation Failure) 2020-10-29T15:50:08.597+0000: [ParNew: 16388K->4K(18432K), 0.0026300 secs] 277565K->261181K(608364K), 0.0026818 secs] [Times: user=0.00 sys=0.00, real=0.00 secs] 
2020-10-29T15:50:08.615+0000: [GC (Allocation Failure) 2020-10-29T15:50:08.615+0000: [ParNew: 16388K->4K(18432K), 0.0026404 secs] 277565K->261181K(608364K), 0.0027106 secs] [Times: user=0.00 sys=0.00, real=0.00 secs] 
2020-10-29T15:50:08.632+0000: [GC (Allocation Failure) 2020-10-29T15:50:08.632+0000: [ParNew: 16388K->4K(18432K), 0.0026330 secs] 277565K->261181K(608364K), 0.0026871 secs] [Times: user=0.01 sys=0.00, real=0.01 secs] 
2020-10-29T15:50:08.652+0000: [GC (Allocation Failure) 2020-10-29T15:50:08.652+0000: [ParNew: 16388K->4K(18432K), 0.0027068 secs] 277565K->261181K(608364K), 0.0027646 secs] [Times: user=0.00 sys=0.00, real=0.00 secs] 
2020-10-29T15:50:08.670+0000: [GC (Allocation Failure) 2020-10-29T15:50:08.670+0000: [ParNew: 16388K->4K(18432K), 0.0025894 secs] 277565K->261181K(608364K), 0.0026399 secs] [Times: user=0.01 sys=0.00, real=0.01 secs] 
2020-10-29T15:50:08.684+0000: [GC (Allocation Failure) 2020-10-29T15:50:08.684+0000: [ParNew: 16388K->4K(18432K), 0.0034142 secs] 277565K->269373K(608364K), 0.0034649 secs] [Times: user=0.00 sys=0.00, real=0.00 secs] 
2020-10-29T15:50:08.702+0000: [GC (Allocation Failure) 2020-10-29T15:50:08.703+0000: [ParNew: 16388K->4K(18432K), 0.0025935 secs] 285757K->269373K(608364K), 0.0026487 secs] [Times: user=0.01 sys=0.00, real=0.01 secs] 
2020-10-29T15:50:08.720+0000: [GC (Allocation Failure) 2020-10-29T15:50:08.720+0000: [ParNew: 16388K->4K(18432K), 0.0025848 secs] 285757K->269373K(608364K), 0.0026358 secs] [Times: user=0.01 sys=0.00, real=0.00 secs] 
2020-10-29T15:50:08.737+0000: [GC (Allocation Failure) 2020-10-29T15:50:08.737+0000: [ParNew: 16388K->4K(18432K), 0.0026327 secs] 285757K->269373K(608364K), 0.0026863 secs] [Times: user=0.00 sys=0.00, real=0.00 secs] 
2020-10-29T15:50:08.754+0000: [GC (Allocation Failure) 2020-10-29T15:50:08.754+0000: [ParNew: 16388K->4K(18432K), 0.0027080 secs] 285757K->269373K(608364K), 0.0027582 secs] [Times: user=0.00 sys=0.00, real=0.00 secs] 
2020-10-29T15:50:08.772+0000: [GC (Allocation Failure) 2020-10-29T15:50:08.772+0000: [ParNew: 16388K->4K(18432K), 0.0025725 secs] 285757K->269373K(608364K), 0.0026292 secs] [Times: user=0.01 sys=0.00, real=0.01 secs] 
2020-10-29T15:50:08.789+0000: [GC (Allocation Failure) 2020-10-29T15:50:08.789+0000: [ParNew: 16388K->4K(18432K), 0.0025626 secs] 285757K->269373K(608364K), 0.0026149 secs] [Times: user=0.00 sys=0.00, real=0.00 secs] 
2020-10-29T15:50:08.806+0000: [GC (Allocation Failure) 2020-10-29T15:50:08.806+0000: [ParNew: 16388K->4K(18432K), 0.0026809 secs] 285757K->269373K(608364K), 0.0027316 secs] [Times: user=0.01 sys=0.00, real=0.00 secs] 
2020-10-29T15:50:08.817+0000: [GC (Allocation Failure) 2020-10-29T15:50:08.817+0000: [ParNew: 16388K->4K(18432K), 0.0035595 secs] 285757K->277565K(608364K), 0.0036141 secs] [Times: user=0.01 sys=0.01, real=0.00 secs] 
2020-10-29T15:50:08.836+0000: [GC (Allocation Failure) 2020-10-29T15:50:08.836+0000: [ParNew: 16388K->4K(18432K), 0.0025612 secs] 293949K->277565K(608364K), 0.0026125 secs] [Times: user=0.01 sys=0.00, real=0.00 secs] 
2020-10-29T15:50:08.856+0000: [GC (Allocation Failure) 2020-10-29T15:50:08.856+0000: [ParNew: 16388K->4K(18432K), 0.0025482 secs] 293949K->277565K(608364K), 0.0026065 secs] [Times: user=0.00 sys=0.00, real=0.00 secs] 
2020-10-29T15:50:08.876+0000: [GC (Allocation Failure) 2020-10-29T15:50:08.877+0000: [ParNew: 16388K->4K(18432K), 0.0025761 secs] 293949K->277565K(608364K), 0.0026291 secs] [Times: user=0.01 sys=0.00, real=0.00 secs] 
2020-10-29T15:50:08.894+0000: [GC (Allocation Failure) 2020-10-29T15:50:08.894+0000: [ParNew: 16388K->4K(18432K), 0.0026256 secs] 293949K->277565K(608364K), 0.0026773 secs] [Times: user=0.00 sys=0.00, real=0.00 secs] 
2020-10-29T15:50:08.911+0000: [GC (Allocation Failure) 2020-10-29T15:50:08.911+0000: [ParNew: 16388K->4K(18432K), 0.0025504 secs] 293949K->277565K(608364K), 0.0025980 secs] [Times: user=0.00 sys=0.00, real=0.01 secs] 
2020-10-29T15:50:08.928+0000: [GC (Allocation Failure) 2020-10-29T15:50:08.928+0000: [ParNew: 16388K->4K(18432K), 0.0025487 secs] 293949K->277565K(608364K), 0.0026072 secs] [Times: user=0.00 sys=0.01, real=0.00 secs] 
2020-10-29T15:50:08.945+0000: [GC (Allocation Failure) 2020-10-29T15:50:08.945+0000: [ParNew: 16388K->4K(18432K), 0.0026119 secs] 293949K->277565K(608364K), 0.0026616 secs] [Times: user=0.00 sys=0.00, real=0.00 secs] 
2020-10-29T15:50:08.964+0000: [GC (Allocation Failure) 2020-10-29T15:50:08.964+0000: [ParNew: 16388K->4K(18432K), 0.0025426 secs] 293949K->277565K(608364K), 0.0025939 secs] [Times: user=0.01 sys=0.00, real=0.00 secs] 
2020-10-29T15:50:08.984+0000: [GC (Allocation Failure) 2020-10-29T15:50:08.984+0000: [ParNew: 16388K->4K(18432K), 0.0025624 secs] 293949K->277565K(608364K), 0.0026151 secs] [Times: user=0.00 sys=0.00, real=0.00 secs] 
2020-10-29T15:50:09.002+0000: [GC (Allocation Failure) 2020-10-29T15:50:09.002+0000: [ParNew: 16388K->4K(18432K), 0.0026251 secs] 293949K->277565K(608364K), 0.0026782 secs] [Times: user=0.00 sys=0.00, real=0.01 secs] 
2020-10-29T15:50:09.020+0000: [GC (Allocation Failure) 2020-10-29T15:50:09.020+0000: [ParNew: 16388K->4K(18432K), 0.0025474 secs] 293949K->277565K(608364K), 0.0025979 secs] [Times: user=0.01 sys=0.00, real=0.00 secs] 
2020-10-29T15:50:09.038+0000: [GC (Allocation Failure) 2020-10-29T15:50:09.038+0000: [ParNew: 16388K->4K(18432K), 0.0026910 secs] 293949K->277565K(608364K), 0.0027452 secs] [Times: user=0.01 sys=0.00, real=0.00 secs] 
2020-10-29T15:50:09.056+0000: [GC (Allocation Failure) 2020-10-29T15:50:09.056+0000: [ParNew: 16388K->4K(18432K), 0.0025914 secs] 293949K->277565K(608364K), 0.0026445 secs] [Times: user=0.01 sys=0.00, real=0.00 secs] 
2020-10-29T15:50:09.075+0000: [GC (Allocation Failure) 2020-10-29T15:50:09.075+0000: [ParNew: 16388K->4K(18432K), 0.0025505 secs] 293949K->277565K(608364K), 0.0025992 secs] [Times: user=0.01 sys=0.00, real=0.00 secs] 
2020-10-29T15:50:09.092+0000: [GC (Allocation Failure) 2020-10-29T15:50:09.092+0000: [ParNew: 16388K->4K(18432K), 0.0025019 secs] 293949K->277565K(608364K), 0.0025489 secs] [Times: user=0.01 sys=0.00, real=0.01 secs] 
2020-10-29T15:50:09.109+0000: [GC (Allocation Failure) 2020-10-29T15:50:09.109+0000: [ParNew: 16388K->4K(18432K), 0.0025172 secs] 293949K->277565K(608364K), 0.0025783 secs] [Times: user=0.01 sys=0.01, real=0.00 secs] 
2020-10-29T15:50:09.126+0000: [GC (Allocation Failure) 2020-10-29T15:50:09.126+0000: [ParNew: 16388K->4K(18432K), 0.0025381 secs] 293949K->277565K(608364K), 0.0025864 secs] [Times: user=0.00 sys=0.00, real=0.00 secs] 
2020-10-29T15:50:09.143+0000: [GC (Allocation Failure) 2020-10-29T15:50:09.143+0000: [ParNew: 16388K->4K(18432K), 0.0026297 secs] 293949K->277565K(608364K), 0.0026787 secs] [Times: user=0.00 sys=0.00, real=0.01 secs] 
2020-10-29T15:50:09.163+0000: [GC (Allocation Failure) 2020-10-29T15:50:09.163+0000: [ParNew: 16388K->4K(18432K), 0.0026121 secs] 293949K->277565K(608364K), 0.0026662 secs] [Times: user=0.00 sys=0.00, real=0.01 secs] 
2020-10-29T15:50:09.180+0000: [GC (Allocation Failure) 2020-10-29T15:50:09.181+0000: [ParNew: 16388K->4K(18432K), 0.0025029 secs] 293949K->277565K(608364K), 0.0025611 secs] [Times: user=0.00 sys=0.00, real=0.00 secs] 
2020-10-29T15:50:09.198+0000: [GC (Allocation Failure) 2020-10-29T15:50:09.198+0000: [ParNew: 16388K->4K(18432K), 0.0025778 secs] 293949K->277565K(608364K), 0.0026442 secs] [Times: user=0.00 sys=0.00, real=0.00 secs] 
2020-10-29T15:50:09.215+0000: [GC (Allocation Failure) 2020-10-29T15:50:09.215+0000: [ParNew: 16388K->4K(18432K), 0.0025471 secs] 293949K->277565K(608364K), 0.0025955 secs] [Times: user=0.01 sys=0.00, real=0.00 secs] 
2020-10-29T15:50:09.232+0000: [GC (Allocation Failure) 2020-10-29T15:50:09.232+0000: [ParNew: 16388K->4K(18432K), 0.0026034 secs] 293949K->277565K(608364K), 0.0026563 secs] [Times: user=0.01 sys=0.00, real=0.01 secs] 
2020-10-29T15:50:09.249+0000: [GC (Allocation Failure) 2020-10-29T15:50:09.249+0000: [ParNew: 16388K->4K(18432K), 0.0026318 secs] 293949K->277565K(608364K), 0.0026846 secs] [Times: user=0.00 sys=0.00, real=0.00 secs] 
2020-10-29T15:50:09.268+0000: [GC (Allocation Failure) 2020-10-29T15:50:09.269+0000: [ParNew: 16388K->4K(18432K), 0.0026250 secs] 293949K->277565K(608364K), 0.0026790 secs] [Times: user=0.01 sys=0.00, real=0.00 secs] 
2020-10-29T15:50:09.288+0000: [GC (Allocation Failure) 2020-10-29T15:50:09.288+0000: [ParNew: 16388K->4K(18432K), 0.0025688 secs] 293949K->277565K(608364K), 0.0026219 secs] [Times: user=0.00 sys=0.00, real=0.00 secs] 
2020-10-29T15:50:09.306+0000: [GC (Allocation Failure) 2020-10-29T15:50:09.306+0000: [ParNew: 16388K->4K(18432K), 0.0026254 secs] 293949K->277565K(608364K), 0.0026731 secs] [Times: user=0.00 sys=0.00, real=0.00 secs] 
2020-10-29T15:50:09.320+0000: [GC (Allocation Failure) 2020-10-29T15:50:09.320+0000: [ParNew: 16388K->4K(18432K), 0.0035191 secs] 293949K->285757K(608364K), 0.0035742 secs] [Times: user=0.01 sys=0.00, real=0.00 secs] 
2020-10-29T15:50:09.339+0000: [GC (Allocation Failure) 2020-10-29T15:50:09.339+0000: [ParNew: 16388K->4K(18432K), 0.0026524 secs] 302141K->285757K(608364K), 0.0027047 secs] [Times: user=0.01 sys=0.00, real=0.00 secs] 
2020-10-29T15:50:09.353+0000: [GC (Allocation Failure) 2020-10-29T15:50:09.353+0000: [ParNew: 11256K->4K(18432K), 0.0025606 secs] 297009K->285757K(608364K), 0.0026126 secs] [Times: user=0.00 sys=0.00, real=0.00 secs] 
2020-10-29T15:50:09.368+0000: [GC (Allocation Failure) 2020-10-29T15:50:09.368+0000: [ParNew: 16388K->4K(18432K), 0.0034903 secs] 302141K->293949K(608364K), 0.0035443 secs] [Times: user=0.00 sys=0.00, real=0.00 secs] 
2020-10-29T15:50:09.388+0000: [GC (Allocation Failure) 2020-10-29T15:50:09.388+0000: [ParNew: 16388K->4K(18432K), 0.0027297 secs] 310333K->293949K(608364K), 0.0027929 secs] [Times: user=0.01 sys=0.00, real=0.00 secs] 
2020-10-29T15:50:09.408+0000: [GC (Allocation Failure) 2020-10-29T15:50:09.409+0000: [ParNew: 16388K->4K(18432K), 0.0025603 secs] 310333K->293949K(608364K), 0.0026139 secs] [Times: user=0.00 sys=0.00, real=0.00 secs] 
2020-10-29T15:50:09.426+0000: [GC (Allocation Failure) 2020-10-29T15:50:09.426+0000: [ParNew: 16388K->4K(18432K), 0.0025619 secs] 310333K->293950K(608364K), 0.0026309 secs] [Times: user=0.01 sys=0.00, real=0.00 secs] 
2020-10-29T15:50:09.443+0000: [GC (Allocation Failure) 2020-10-29T15:50:09.443+0000: [ParNew: 16388K->4K(18432K), 0.0024982 secs] 310334K->293950K(608364K), 0.0025466 secs] [Times: user=0.01 sys=0.00, real=0.01 secs] 
2020-10-29T15:50:09.460+0000: [GC (Allocation Failure) 2020-10-29T15:50:09.460+0000: [ParNew: 16388K->4K(18432K), 0.0026551 secs] 310334K->293950K(608364K), 0.0027040 secs] [Times: user=0.00 sys=0.00, real=0.00 secs] 
2020-10-29T15:50:09.477+0000: [GC (Allocation Failure) 2020-10-29T15:50:09.477+0000: [ParNew: 16388K->4K(18432K), 0.0024736 secs] 310334K->293950K(608364K), 0.0025195 secs] [Times: user=0.01 sys=0.00, real=0.00 secs] 
2020-10-29T15:50:09.496+0000: [GC (Allocation Failure) 2020-10-29T15:50:09.496+0000: [ParNew: 16388K->4K(18432K), 0.0024931 secs] 310334K->293950K(608364K), 0.0025431 secs] [Times: user=0.00 sys=0.00, real=0.00 secs] 
2020-10-29T15:50:09.514+0000: [GC (Allocation Failure) 2020-10-29T15:50:09.514+0000: [ParNew: 16388K->4K(18432K), 0.0025169 secs] 310334K->293950K(608364K), 0.0025684 secs] [Times: user=0.00 sys=0.00, real=0.00 secs] 
2020-10-29T15:50:09.532+0000: [GC (Allocation Failure) 2020-10-29T15:50:09.532+0000: [ParNew: 16388K->4K(18432K), 0.0024751 secs] 310334K->293950K(608364K), 0.0025248 secs] [Times: user=0.01 sys=0.00, real=0.00 secs] 
2020-10-29T15:50:09.552+0000: [GC (Allocation Failure) 2020-10-29T15:50:09.552+0000: [ParNew: 16388K->4K(18432K), 0.0025715 secs] 310334K->293950K(608364K), 0.0026244 secs] [Times: user=0.01 sys=0.00, real=0.00 secs] 
2020-10-29T15:50:09.576+0000: [GC (Allocation Failure) 2020-10-29T15:50:09.577+0000: [ParNew: 16388K->4K(18432K), 0.0025764 secs] 310334K->293950K(608364K), 0.0026288 secs] [Times: user=0.00 sys=0.00, real=0.00 secs] 
2020-10-29T15:50:09.594+0000: [GC (Allocation Failure) 2020-10-29T15:50:09.594+0000: [ParNew: 16388K->4K(18432K), 0.0025526 secs] 310334K->293950K(608364K), 0.0026053 secs] [Times: user=0.00 sys=0.01, real=0.00 secs] 
2020-10-29T15:50:09.611+0000: [GC (Allocation Failure) 2020-10-29T15:50:09.611+0000: [ParNew: 16388K->4K(18432K), 0.0026386 secs] 310334K->293950K(608364K), 0.0026897 secs] [Times: user=0.00 sys=0.00, real=0.01 secs] 
2020-10-29T15:50:09.628+0000: [GC (Allocation Failure) 2020-10-29T15:50:09.628+0000: [ParNew: 16388K->4K(18432K), 0.0026477 secs] 310334K->293950K(608364K), 0.0027008 secs] [Times: user=0.01 sys=0.00, real=0.00 secs] 
2020-10-29T15:50:09.648+0000: [GC (Allocation Failure) 2020-10-29T15:50:09.648+0000: [ParNew: 16388K->4K(18432K), 0.0025658 secs] 310334K->293950K(608364K), 0.0026182 secs] [Times: user=0.01 sys=0.00, real=0.00 secs] 
2020-10-29T15:50:09.666+0000: [GC (Allocation Failure) 2020-10-29T15:50:09.666+0000: [ParNew: 16388K->4K(18432K), 0.0024983 secs] 310334K->293950K(608364K), 0.0025460 secs] [Times: user=0.01 sys=0.00, real=0.00 secs] 
2020-10-29T15:50:09.684+0000: [GC (Allocation Failure) 2020-10-29T15:50:09.684+0000: [ParNew: 16388K->4K(18432K), 0.0025600 secs] 310334K->293950K(608364K), 0.0026129 secs] [Times: user=0.01 sys=0.00, real=0.00 secs] 
2020-10-29T15:50:09.702+0000: [GC (Allocation Failure) 2020-10-29T15:50:09.702+0000: [ParNew: 16388K->4K(18432K), 0.0025832 secs] 310334K->293950K(608364K), 0.0026350 secs] [Times: user=0.00 sys=0.00, real=0.01 secs] 
2020-10-29T15:50:09.724+0000: [GC (Allocation Failure) 2020-10-29T15:50:09.724+0000: [ParNew: 16388K->4K(18432K), 0.0025404 secs] 343102K->326718K(608364K), 0.0026047 secs] [Times: user=0.01 sys=0.00, real=0.01 secs] 
2020-10-29T15:50:09.728+0000: [GC (CMS Initial Mark) [1 CMS-initial-mark: 326714K(589932K)] 327109K(608364K), 0.0011440 secs] [Times: user=0.00 sys=0.00, real=0.00 secs] 
2020-10-29T15:50:09.730+0000: [CMS-concurrent-mark-start]
2020-10-29T15:50:09.749+0000: [GC (Allocation Failure) 2020-10-29T15:50:09.749+0000: [ParNew: 16388K->4K(18432K), 0.0025054 secs] 343102K->326718K(608364K), 0.0025568 secs] [Times: user=0.00 sys=0.00, real=0.00 secs] 
2020-10-29T15:50:09.770+0000: [GC (Allocation Failure) 2020-10-29T15:50:09.770+0000: [ParNew: 16388K->4K(18432K), 0.0024661 secs] 343102K->326718K(608364K), 0.0025182 secs] [Times: user=0.01 sys=0.00, real=0.01 secs] 
2020-10-29T15:50:09.792+0000: [GC (Allocation Failure) 2020-10-29T15:50:09.792+0000: [ParNew: 16388K->4K(18432K), 0.0024289 secs] 343102K->326718K(608364K), 0.0024803 secs] [Times: user=0.01 sys=0.00, real=0.01 secs] 
2020-10-29T15:50:09.812+0000: [GC (Allocation Failure) 2020-10-29T15:50:09.812+0000: [ParNew: 16388K->4K(18432K), 0.0025877 secs] 343102K->326718K(608364K), 0.0026401 secs] [Times: user=0.01 sys=0.00, real=0.00 secs] 
2020-10-29T15:50:09.825+0000: [CMS-concurrent-mark: 0.085/0.096 secs] [Times: user=0.19 sys=0.00, real=0.10 secs] 
2020-10-29T15:50:09.825+0000: [CMS-concurrent-preclean-start]
2020-10-29T15:50:09.828+0000: [CMS-concurrent-preclean: 0.002/0.002 secs] [Times: user=0.00 sys=0.00, real=0.00 secs] 
2020-10-29T15:50:09.828+0000: [CMS-concurrent-abortable-preclean-start]
2020-10-29T15:50:09.836+0000: [GC (Allocation Failure) 2020-10-29T15:50:09.836+0000: [ParNew: 16388K->4K(18432K), 0.0021729 secs] 343102K->326718K(608364K), 0.0022154 secs] [Times: user=0.01 sys=0.00, real=0.00 secs] 
2020-10-29T15:50:09.856+0000: [GC (Allocation Failure) 2020-10-29T15:50:09.857+0000: [ParNew: 16388K->4K(18432K), 0.0024235 secs] 343102K->326718K(608364K), 0.0024771 secs] [Times: user=0.00 sys=0.00, real=0.00 secs] 
2020-10-29T15:50:09.859+0000: [CMS-concurrent-abortable-preclean: 0.003/0.031 secs] [Times: user=0.04 sys=0.02, real=0.03 secs] 
2020-10-29T15:50:09.859+0000: [GC (CMS Final Remark) [YG occupancy: 198 K (18432 K)]2020-10-29T15:50:09.859+0000: [Rescan (parallel) , 0.0017224 secs]2020-10-29T15:50:09.861+0000: [weak refs processing, 0.0000263 secs]2020-10-29T15:50:09.861+0000: [class unloading, 0.0079413 secs]2020-10-29T15:50:09.869+0000: [scrub symbol table, 0.0096489 secs]2020-10-29T15:50:09.879+0000: [scrub string table, 0.0005557 secs][1 CMS-remark: 326714K(589932K)] 326912K(608364K), 0.0200101 secs] [Times: user=0.03 sys=0.00, real=0.02 secs] 
2020-10-29T15:50:09.882+0000: [CMS-concurrent-sweep-start]
2020-10-29T15:50:09.898+0000: [CMS-concurrent-sweep: 0.016/0.016 secs] [Times: user=0.03 sys=0.00, real=0.02 secs] 
2020-10-29T15:50:09.898+0000: [CMS-concurrent-reset-start]
2020-10-29T15:50:09.900+0000: [GC (Allocation Failure) 2020-10-29T15:50:09.900+0000: [ParNew: 16388K->4K(18432K), 0.0025311 secs] 343100K->326716K(608364K), 0.0025708 secs] [Times: user=0.00 sys=0.00, real=0.00 secs] 
2020-10-29T15:50:09.903+0000: [CMS-concurrent-reset: 0.002/0.004 secs] [Times: user=0.01 sys=0.00, real=0.00 secs] 
2020-10-29T15:50:09.917+0000: [GC (Allocation Failure) 2020-10-29T15:50:09.917+0000: [ParNew: 16002K->4K(18432K), 0.0024853 secs] 342714K->326716K(608364K), 0.0025328 secs] [Times: user=0.00 sys=0.00, real=0.00 secs] 
2020-10-29T15:50:09.929+0000: [GC (Allocation Failure) 2020-10-29T15:50:09.929+0000: [ParNew: 16388K->4K(18432K), 0.0032291 secs] 343100K->334908K(608364K), 0.0032764 secs] [Times: user=0.01 sys=0.00, real=0.00 secs] 
2020-10-29T15:50:09.946+0000: [GC (Allocation Failure) 2020-10-29T15:50:09.946+0000: [ParNew: 16388K->4K(18432K), 0.0023590 secs] 351292K->334908K(608364K), 0.0024018 secs] [Times: user=0.00 sys=0.00, real=0.00 secs] 
2020-10-29T15:50:09.964+0000: [GC (Allocation Failure) 2020-10-29T15:50:09.964+0000: [ParNew: 16388K->4K(18432K), 0.0024913 secs] 351292K->334908K(608364K), 0.0025407 secs] [Times: user=0.01 sys=0.00, real=0.00 secs] 
2020-10-29T15:50:09.984+0000: [GC (Allocation Failure) 2020-10-29T15:50:09.984+0000: [ParNew: 16388K->4K(18432K), 0.0024532 secs] 351292K->334908K(608364K), 0.0024966 secs] [Times: user=0.00 sys=0.00, real=0.00 secs] 
2020-10-29T15:50:10.001+0000: [GC (Allocation Failure) 2020-10-29T15:50:10.001+0000: [ParNew: 16388K->4K(18432K), 0.0025325 secs] 351292K->334908K(608364K), 0.0025846 secs] [Times: user=0.00 sys=0.00, real=0.00 secs] 
2020-10-29T15:50:10.020+0000: [GC (Allocation Failure) 2020-10-29T15:50:10.021+0000: [ParNew: 16388K->4K(18432K), 0.0024579 secs] 351292K->334908K(608364K), 0.0025086 secs] [Times: user=0.01 sys=0.00, real=0.00 secs] 
2020-10-29T15:50:10.038+0000: [GC (Allocation Failure) 2020-10-29T15:50:10.038+0000: [ParNew: 16388K->4K(18432K), 0.0024801 secs] 351292K->334908K(608364K), 0.0025299 secs] [Times: user=0.01 sys=0.00, real=0.00 secs] 
2020-10-29T15:50:10.049+0000: [GC (Allocation Failure) 2020-10-29T15:50:10.049+0000: [ParNew: 16388K->4K(18432K), 0.0030772 secs] 351292K->343100K(608364K), 0.0031218 secs] [Times: user=0.01 sys=0.00, real=0.00 secs] 
2020-10-29T15:50:10.068+0000: [GC (Allocation Failure) 2020-10-29T15:50:10.068+0000: [ParNew: 16388K->4K(18432K), 0.0024461 secs] 359484K->343100K(608364K), 0.0024972 secs] [Times: user=0.01 sys=0.00, real=0.00 secs] 
2020-10-29T15:50:10.088+0000: [GC (Allocation Failure) 2020-10-29T15:50:10.088+0000: [ParNew: 16388K->4K(18432K), 0.0024495 secs] 359484K->343100K(608364K), 0.0025000 secs] [Times: user=0.00 sys=0.00, real=0.00 secs] 
2020-10-29T15:50:10.106+0000: [GC (Allocation Failure) 2020-10-29T15:50:10.106+0000: [ParNew: 16388K->4K(18432K), 0.0025142 secs] 359484K->343100K(608364K), 0.0025651 secs] [Times: user=0.00 sys=0.00, real=0.00 secs] 
2020-10-29T15:50:10.123+0000: [GC (Allocation Failure) 2020-10-29T15:50:10.123+0000: [ParNew: 16388K->4K(18432K), 0.0025478 secs] 359484K->343100K(608364K), 0.0026011 secs] [Times: user=0.01 sys=0.00, real=0.01 secs] 
2020-10-29T15:50:10.140+0000: [GC (Allocation Failure) 2020-10-29T15:50:10.140+0000: [ParNew: 16388K->4K(18432K), 0.0025416 secs] 359484K->343100K(608364K), 0.0025948 secs] [Times: user=0.00 sys=0.00, real=0.00 secs] 
2020-10-29T15:50:10.160+0000: [GC (Allocation Failure) 2020-10-29T15:50:10.160+0000: [ParNew: 16388K->4K(18432K), 0.0024643 secs] 359484K->343100K(608364K), 0.0025164 secs] [Times: user=0.01 sys=0.00, real=0.00 secs] 
2020-10-29T15:50:10.180+0000: [GC (Allocation Failure) 2020-10-29T15:50:10.180+0000: [ParNew: 16388K->4K(18432K), 0.0024782 secs] 359484K->343100K(608364K), 0.0025300 secs] [Times: user=0.00 sys=0.00, real=0.00 secs] 
2020-10-29T15:50:10.198+0000: [GC (Allocation Failure) 2020-10-29T15:50:10.198+0000: [ParNew: 16388K->4K(18432K), 0.0025098 secs] 359484K->343100K(608364K), 0.0025625 secs] [Times: user=0.01 sys=0.00, real=0.00 secs] 
2020-10-29T15:50:10.215+0000: [GC (Allocation Failure) 2020-10-29T15:50:10.215+0000: [ParNew: 16388K->4K(18432K), 0.0024681 secs] 359484K->343100K(608364K), 0.0025192 secs] [Times: user=0.00 sys=0.00, real=0.00 secs] 
2020-10-29T15:50:10.232+0000: [GC (Allocation Failure) 2020-10-29T15:50:10.232+0000: [ParNew: 16388K->4K(18432K), 0.0024958 secs] 359484K->343100K(608364K), 0.0025488 secs] [Times: user=0.01 sys=0.00, real=0.01 secs] 
2020-10-29T15:50:10.252+0000: [GC (Allocation Failure) 2020-10-29T15:50:10.252+0000: [ParNew: 16388K->4K(18432K), 0.0024994 secs] 359484K->343100K(608364K), 0.0025594 secs] [Times: user=0.01 sys=0.00, real=0.00 secs] 
2020-10-29T15:50:10.270+0000: [GC (Allocation Failure) 2020-10-29T15:50:10.270+0000: [ParNew: 16388K->4K(18432K), 0.0024853 secs] 359484K->343100K(608364K), 0.0025342 secs] [Times: user=0.00 sys=0.00, real=0.01 secs] 
2020-10-29T15:50:10.287+0000: [GC (Allocation Failure) 2020-10-29T15:50:10.287+0000: [ParNew: 16388K->4K(18432K), 0.0024736 secs] 359484K->343100K(608364K), 0.0025253 secs] [Times: user=0.01 sys=0.00, real=0.00 secs] 
2020-10-29T15:50:10.304+0000: [GC (Allocation Failure) 2020-10-29T15:50:10.304+0000: [ParNew: 16388K->4K(18432K), 0.0024833 secs] 359484K->343100K(608364K), 0.0025329 secs] [Times: user=0.00 sys=0.00, real=0.01 secs] 
2020-10-29T15:50:10.324+0000: [GC (Allocation Failure) 2020-10-29T15:50:10.324+0000: [ParNew: 16388K->4K(18432K), 0.0024411 secs] 359484K->343100K(608364K), 0.0024914 secs] [Times: user=0.01 sys=0.01, real=0.00 secs] 
2020-10-29T15:50:10.344+0000: [GC (Allocation Failure) 2020-10-29T15:50:10.344+0000: [ParNew: 16388K->4K(18432K), 0.0024320 secs] 359484K->343100K(608364K), 0.0024817 secs] [Times: user=0.00 sys=0.00, real=0.00 secs] 
2020-10-29T15:50:10.364+0000: [GC (Allocation Failure) 2020-10-29T15:50:10.364+0000: [ParNew: 16388K->4K(18432K), 0.0024302 secs] 359484K->343100K(608364K), 0.0024795 secs] [Times: user=0.01 sys=0.00, real=0.00 secs] 
2020-10-29T15:50:10.382+0000: [GC (Allocation Failure) 2020-10-29T15:50:10.382+0000: [ParNew: 16388K->4K(18432K), 0.0024559 secs] 359484K->343100K(608364K), 0.0025450 secs] [Times: user=0.01 sys=0.00, real=0.01 secs] 
2020-10-29T15:50:10.400+0000: [GC (Allocation Failure) 2020-10-29T15:50:10.400+0000: [ParNew: 16388K->4K(18432K), 0.0024529 secs] 359484K->343100K(608364K), 0.0024968 secs] [Times: user=0.01 sys=0.00, real=0.00 secs] 
2020-10-29T15:50:10.417+0000: [GC (Allocation Failure) 2020-10-29T15:50:10.417+0000: [ParNew: 16388K->4K(18432K), 0.0024283 secs] 359484K->343100K(608364K), 0.0024728 secs] [Times: user=0.00 sys=0.00, real=0.00 secs] 
2020-10-29T15:50:10.436+0000: [GC (Allocation Failure) 2020-10-29T15:50:10.436+0000: [ParNew: 16388K->4K(18432K), 0.0023586 secs] 359484K->343100K(608364K), 0.0024051 secs] [Times: user=0.00 sys=0.00, real=0.00 secs] 
2020-10-29T15:50:10.456+0000: [GC (Allocation Failure) 2020-10-29T15:50:10.456+0000: [ParNew: 16388K->4K(18432K), 0.0023685 secs] 359484K->343100K(608364K), 0.0024157 secs] [Times: user=0.00 sys=0.00, real=0.00 secs] 
2020-10-29T15:50:10.481+0000: [GC (Allocation Failure) 2020-10-29T15:50:10.481+0000: [ParNew: 14444K->4K(18432K), 0.0024797 secs] 390308K->375868K(608364K), 0.0025322 secs] [Times: user=0.00 sys=0.00, real=0.00 secs] 
2020-10-29T15:50:10.486+0000: [GC (CMS Initial Mark) [1 CMS-initial-mark: 375864K(589932K)] 384060K(608364K), 0.0013710 secs] [Times: user=0.01 sys=0.00, real=0.00 secs] 
2020-10-29T15:50:10.487+0000: [CMS-concurrent-mark-start]
2020-10-29T15:50:10.504+0000: [GC (Allocation Failure) 2020-10-29T15:50:10.504+0000: [ParNew: 16388K->4K(18432K), 0.0081408 secs] 392252K->384060K(608364K), 0.0081919 secs] [Times: user=0.01 sys=0.01, real=0.01 secs] 
2020-10-29T15:50:10.532+0000: [GC (Allocation Failure) 2020-10-29T15:50:10.532+0000: [ParNew: 16388K->4K(18432K), 0.0024121 secs] 400444K->384060K(608364K), 0.0024622 secs] [Times: user=0.00 sys=0.00, real=0.01 secs] 
2020-10-29T15:50:10.556+0000: [GC (Allocation Failure) 2020-10-29T15:50:10.556+0000: [ParNew: 16388K->4K(18432K), 0.0024361 secs] 400444K->384060K(608364K), 0.0024892 secs] [Times: user=0.01 sys=0.00, real=0.00 secs] 
2020-10-29T15:50:10.577+0000: [CMS-concurrent-mark: 0.057/0.090 secs] [Times: user=0.16 sys=0.01, real=0.09 secs] 
2020-10-29T15:50:10.577+0000: [CMS-concurrent-preclean-start]
2020-10-29T15:50:10.578+0000: [GC (Allocation Failure) 2020-10-29T15:50:10.578+0000: [ParNew: 16388K->4K(18432K), 0.0020770 secs] 400444K->384060K(608364K), 0.0021163 secs] [Times: user=0.01 sys=0.00, real=0.00 secs] 
2020-10-29T15:50:10.594+0000: [CMS-concurrent-preclean: 0.002/0.017 secs] [Times: user=0.03 sys=0.00, real=0.02 secs] 
2020-10-29T15:50:10.594+0000: [CMS-concurrent-abortable-preclean-start]
2020-10-29T15:50:10.596+0000: [GC (Allocation Failure) 2020-10-29T15:50:10.596+0000: [ParNew: 16388K->4K(18432K), 0.0022914 secs] 400444K->384060K(608364K), 0.0023347 secs] [Times: user=0.00 sys=0.00, real=0.00 secs] 
2020-10-29T15:50:10.598+0000: [CMS-concurrent-abortable-preclean: 0.002/0.005 secs] [Times: user=0.01 sys=0.00, real=0.00 secs] 
2020-10-29T15:50:10.602+0000: [GC (CMS Final Remark) [YG occupancy: 340 K (18432 K)]2020-10-29T15:50:10.602+0000: [Rescan (parallel) , 0.0016658 secs]2020-10-29T15:50:10.604+0000: [weak refs processing, 0.0000264 secs]2020-10-29T15:50:10.604+0000: [class unloading, 0.0079153 secs]2020-10-29T15:50:10.612+0000: [scrub symbol table, 0.0097710 secs]2020-10-29T15:50:10.622+0000: [scrub string table, 0.0005585 secs][1 CMS-remark: 384056K(589932K)] 384396K(608364K), 0.0200604 secs] [Times: user=0.02 sys=0.00, real=0.02 secs] 
2020-10-29T15:50:10.628+0000: [CMS-concurrent-sweep-start]
2020-10-29T15:50:10.641+0000: [GC (Allocation Failure) 2020-10-29T15:50:10.641+0000: [ParNew: 16388K->4K(18432K), 0.0024466 secs] 400444K->384060K(608364K), 0.0024982 secs] [Times: user=0.00 sys=0.00, real=0.00 secs] 
2020-10-29T15:50:10.647+0000: [CMS-concurrent-sweep: 0.016/0.019 secs] [Times: user=0.04 sys=0.00, real=0.02 secs] 
2020-10-29T15:50:10.647+0000: [CMS-concurrent-reset-start]
2020-10-29T15:50:10.649+0000: [CMS-concurrent-reset: 0.002/0.002 secs] [Times: user=0.00 sys=0.00, real=0.00 secs] 
2020-10-29T15:50:10.664+0000: [GC (Allocation Failure) 2020-10-29T15:50:10.665+0000: [ParNew: 16388K->4K(18432K), 0.0025101 secs] 384060K->367676K(631220K), 0.0025600 secs] [Times: user=0.01 sys=0.00, real=0.00 secs] 
2020-10-29T15:50:10.684+0000: [GC (Allocation Failure) 2020-10-29T15:50:10.685+0000: [ParNew: 16388K->4K(18432K), 0.0025188 secs] 384060K->367676K(631220K), 0.0025732 secs] [Times: user=0.00 sys=0.00, real=0.00 secs] 
2020-10-29T15:50:10.702+0000: [GC (Allocation Failure) 2020-10-29T15:50:10.702+0000: [ParNew: 16388K->4K(18432K), 0.0025522 secs] 384060K->367676K(631220K), 0.0026070 secs] [Times: user=0.01 sys=0.00, real=0.00 secs] 
2020-10-29T15:50:10.720+0000: [GC (Allocation Failure) 2020-10-29T15:50:10.720+0000: [ParNew: 16388K->4K(18432K), 0.0026032 secs] 384060K->367676K(631220K), 0.0026538 secs] [Times: user=0.00 sys=0.00, real=0.00 secs] 
2020-10-29T15:50:10.736+0000: [GC (Allocation Failure) 2020-10-29T15:50:10.737+0000: [ParNew: 12114K->4K(18432K), 0.0024379 secs] 379786K->367676K(631220K), 0.0024872 secs] [Times: user=0.01 sys=0.00, real=0.00 secs] 
2020-10-29T15:50:10.747+0000: [GC (Allocation Failure) 2020-10-29T15:50:10.747+0000: [ParNew: 16388K->4K(18432K), 0.0034717 secs] 384060K->375868K(631220K), 0.0035232 secs] [Times: user=0.01 sys=0.00, real=0.00 secs] 
2020-10-29T15:50:10.765+0000: [GC (Allocation Failure) 2020-10-29T15:50:10.765+0000: [ParNew: 16388K->4K(18432K), 0.0025743 secs] 392252K->375868K(631220K), 0.0026252 secs] [Times: user=0.01 sys=0.00, real=0.00 secs] 
2020-10-29T15:50:10.782+0000: [GC (Allocation Failure) 2020-10-29T15:50:10.782+0000: [ParNew: 16388K->4K(18432K), 0.0025752 secs] 392252K->375868K(631220K), 0.0026315 secs] [Times: user=0.00 sys=0.00, real=0.01 secs] 
2020-10-29T15:50:10.800+0000: [GC (Allocation Failure) 2020-10-29T15:50:10.801+0000: [ParNew: 16388K->4K(18432K), 0.0025185 secs] 392252K->375868K(631220K), 0.0025788 secs] [Times: user=0.00 sys=0.00, real=0.00 secs] 
2020-10-29T15:50:10.818+0000: [GC (Allocation Failure) 2020-10-29T15:50:10.818+0000: [ParNew: 16388K->4K(18432K), 0.0027257 secs] 392252K->375868K(631220K), 0.0027853 secs] [Times: user=0.00 sys=0.01, real=0.00 secs] 
2020-10-29T15:50:10.836+0000: [GC (Allocation Failure) 2020-10-29T15:50:10.836+0000: [ParNew: 16388K->4K(18432K), 0.0025203 secs] 392252K->375868K(631220K), 0.0025740 secs] [Times: user=0.00 sys=0.00, real=0.00 secs] 
2020-10-29T15:50:10.854+0000: [GC (Allocation Failure) 2020-10-29T15:50:10.854+0000: [ParNew: 16388K->4K(18432K), 0.0025282 secs] 392252K->375868K(631220K), 0.0025784 secs] [Times: user=0.00 sys=0.00, real=0.00 secs] 
2020-10-29T15:50:10.871+0000: [GC (Allocation Failure) 2020-10-29T15:50:10.871+0000: [ParNew: 16388K->4K(18432K), 0.0025456 secs] 392252K->375868K(631220K), 0.0025974 secs] [Times: user=0.01 sys=0.00, real=0.01 secs] 
2020-10-29T15:50:10.888+0000: [GC (Allocation Failure) 2020-10-29T15:50:10.888+0000: [ParNew: 16388K->4K(18432K), 0.0025021 secs] 392252K->375868K(631220K), 0.0025552 secs] [Times: user=0.00 sys=0.00, real=0.00 secs] 
2020-10-29T15:50:10.906+0000: [GC (Allocation Failure) 2020-10-29T15:50:10.906+0000: [ParNew: 16388K->4K(18432K), 0.0026821 secs] 392252K->375868K(631220K), 0.0027402 secs] [Times: user=0.00 sys=0.01, real=0.00 secs] 
2020-10-29T15:50:10.923+0000: [GC (Allocation Failure) 2020-10-29T15:50:10.923+0000: [ParNew: 16388K->4K(18432K), 0.0026325 secs] 392252K->375868K(631220K), 0.0026888 secs] [Times: user=0.00 sys=0.00, real=0.01 secs] 
2020-10-29T15:50:10.940+0000: [GC (Allocation Failure) 2020-10-29T15:50:10.940+0000: [ParNew: 16388K->4K(18432K), 0.0025781 secs] 392252K->375868K(631220K), 0.0026318 secs] [Times: user=0.00 sys=0.00, real=0.00 secs] 
2020-10-29T15:50:10.960+0000: [GC (Allocation Failure) 2020-10-29T15:50:10.960+0000: [ParNew: 16388K->4K(18432K), 0.0025255 secs] 392252K->375868K(631220K), 0.0025780 secs] [Times: user=0.01 sys=0.00, real=0.00 secs] 
2020-10-29T15:50:10.978+0000: [GC (Allocation Failure) 2020-10-29T15:50:10.978+0000: [ParNew: 16388K->4K(18432K), 0.0025414 secs] 392252K->375868K(631220K), 0.0025929 secs] [Times: user=0.00 sys=0.00, real=0.00 secs] 
2020-10-29T15:50:10.996+0000: [GC (Allocation Failure) 2020-10-29T15:50:10.996+0000: [ParNew: 16388K->4K(18432K), 0.0025131 secs] 392252K->375868K(631220K), 0.0025658 secs] [Times: user=0.00 sys=0.00, real=0.00 secs] 
2020-10-29T15:50:11.014+0000: [GC (Allocation Failure) 2020-10-29T15:50:11.014+0000: [ParNew: 16375K->4K(18432K), 0.0025121 secs] 392240K->375868K(631220K), 0.0025655 secs] [Times: user=0.01 sys=0.00, real=0.00 secs] 
2020-10-29T15:50:11.032+0000: [GC (Allocation Failure) 2020-10-29T15:50:11.032+0000: [ParNew: 16388K->4K(18432K), 0.0025096 secs] 392252K->375868K(631220K), 0.0025623 secs] [Times: user=0.00 sys=0.00, real=0.00 secs] 
2020-10-29T15:50:11.050+0000: [GC (Allocation Failure) 2020-10-29T15:50:11.050+0000: [ParNew: 16388K->4K(18432K), 0.0024583 secs] 392252K->375868K(631220K), 0.0025081 secs] [Times: user=0.00 sys=0.00, real=0.00 secs] 
2020-10-29T15:50:11.066+0000: [GC (Allocation Failure) 2020-10-29T15:50:11.066+0000: [ParNew: 16388K->4K(18432K), 0.0025545 secs] 392252K->375868K(631220K), 0.0026048 secs] [Times: user=0.01 sys=0.00, real=0.00 secs] 
2020-10-29T15:50:11.084+0000: [GC (Allocation Failure) 2020-10-29T15:50:11.084+0000: [ParNew: 16388K->4K(18432K), 0.0024888 secs] 392252K->375868K(631220K), 0.0025410 secs] [Times: user=0.00 sys=0.00, real=0.00 secs] 
2020-10-29T15:50:11.103+0000: [GC (Allocation Failure) 2020-10-29T15:50:11.103+0000: [ParNew: 16388K->4K(18432K), 0.0024743 secs] 392252K->375868K(631220K), 0.0025224 secs] [Times: user=0.00 sys=0.00, real=0.01 secs] 
2020-10-29T15:50:11.116+0000: [GC (Allocation Failure) 2020-10-29T15:50:11.116+0000: [ParNew: 16388K->4K(18432K), 0.0081248 secs] 392252K->384060K(631220K), 0.0081750 secs] [Times: user=0.01 sys=0.00, real=0.01 secs] 
2020-10-29T15:50:11.140+0000: [GC (Allocation Failure) 2020-10-29T15:50:11.140+0000: [ParNew: 16388K->4K(18432K), 0.0024714 secs] 400444K->384060K(631220K), 0.0025280 secs] [Times: user=0.00 sys=0.00, real=0.00 secs] 
2020-10-29T15:50:11.161+0000: [GC (Allocation Failure) 2020-10-29T15:50:11.161+0000: [ParNew: 16388K->4K(18432K), 0.0025035 secs] 400444K->384060K(631220K), 0.0025554 secs] [Times: user=0.01 sys=0.00, real=0.00 secs] 
2020-10-29T15:50:11.178+0000: [GC (Allocation Failure) 2020-10-29T15:50:11.178+0000: [ParNew: 16388K->4K(18432K), 0.0024580 secs] 400444K->384060K(631220K), 0.0025078 secs] [Times: user=0.01 sys=0.00, real=0.00 secs] 
2020-10-29T15:50:11.196+0000: [GC (Allocation Failure) 2020-10-29T15:50:11.196+0000: [ParNew: 16388K->4K(18432K), 0.0024826 secs] 400444K->384060K(631220K), 0.0025360 secs] [Times: user=0.00 sys=0.00, real=0.00 secs] 
2020-10-29T15:50:11.216+0000: [GC (Allocation Failure) 2020-10-29T15:50:11.216+0000: [ParNew: 16388K->4K(18432K), 0.0024278 secs] 400444K->384060K(631220K), 0.0024746 secs] [Times: user=0.01 sys=0.00, real=0.00 secs] 
2020-10-29T15:50:11.233+0000: [GC (Allocation Failure) 2020-10-29T15:50:11.233+0000: [ParNew: 16388K->4K(18432K), 0.0024943 secs] 400444K->384060K(631220K), 0.0025458 secs] [Times: user=0.00 sys=0.00, real=0.00 secs] 
2020-10-29T15:50:11.252+0000: [GC (Allocation Failure) 2020-10-29T15:50:11.253+0000: [ParNew: 16388K->4K(18432K), 0.0025054 secs] 400444K->384060K(631220K), 0.0025599 secs] [Times: user=0.00 sys=0.00, real=0.00 secs] 
2020-10-29T15:50:11.272+0000: [GC (Allocation Failure) 2020-10-29T15:50:11.273+0000: [ParNew: 16388K->4K(18432K), 0.0024944 secs] 400444K->384060K(631220K), 0.0025922 secs] [Times: user=0.00 sys=0.00, real=0.00 secs] 
2020-10-29T15:50:11.290+0000: [GC (Allocation Failure) 2020-10-29T15:50:11.290+0000: [ParNew: 16388K->4K(18432K), 0.0025841 secs] 400444K->384060K(631220K), 0.0026315 secs] [Times: user=0.00 sys=0.00, real=0.01 secs] 
2020-10-29T15:50:11.308+0000: [GC (Allocation Failure) 2020-10-29T15:50:11.309+0000: [ParNew: 16388K->4K(18432K), 0.0025539 secs] 400444K->384060K(631220K), 0.0026061 secs] [Times: user=0.00 sys=0.00, real=0.00 secs] 
2020-10-29T15:50:11.325+0000: [GC (Allocation Failure) 2020-10-29T15:50:11.326+0000: [ParNew: 16388K->4K(18432K), 0.0026139 secs] 400444K->384060K(631220K), 0.0026676 secs] [Times: user=0.01 sys=0.00, real=0.00 secs] 
2020-10-29T15:50:11.344+0000: [GC (Allocation Failure) 2020-10-29T15:50:11.345+0000: [ParNew: 16388K->4K(18432K), 0.0025070 secs] 400444K->384060K(631220K), 0.0025617 secs] [Times: user=0.01 sys=0.00, real=0.00 secs] 
2020-10-29T15:50:11.364+0000: [GC (Allocation Failure) 2020-10-29T15:50:11.365+0000: [ParNew: 16388K->4K(18432K), 0.0025180 secs] 400444K->384060K(631220K), 0.0025713 secs] [Times: user=0.01 sys=0.00, real=0.00 secs] 
2020-10-29T15:50:11.382+0000: [GC (Allocation Failure) 2020-10-29T15:50:11.382+0000: [ParNew: 16388K->4K(18432K), 0.0025545 secs] 400444K->384060K(631220K), 0.0026081 secs] [Times: user=0.00 sys=0.00, real=0.00 secs] 
2020-10-29T15:50:11.399+0000: [GC (Allocation Failure) 2020-10-29T15:50:11.399+0000: [ParNew: 16388K->4K(18432K), 0.0025405 secs] 400444K->384060K(631220K), 0.0025943 secs] [Times: user=0.00 sys=0.00, real=0.00 secs] 
2020-10-29T15:50:11.416+0000: [GC (Allocation Failure) 2020-10-29T15:50:11.416+0000: [ParNew: 16388K->4K(18432K), 0.0025325 secs] 400444K->384060K(631220K), 0.0025860 secs] [Times: user=0.00 sys=0.00, real=0.00 secs] 
2020-10-29T15:50:11.432+0000: [GC (Allocation Failure) 2020-10-29T15:50:11.432+0000: [ParNew: 10350K->4K(18432K), 0.0025157 secs] 394406K->384060K(631220K), 0.0025707 secs] [Times: user=0.00 sys=0.00, real=0.01 secs] 
2020-10-29T15:50:11.443+0000: [GC (Allocation Failure) 2020-10-29T15:50:11.443+0000: [ParNew: 16388K->4K(18432K), 0.0080633 secs] 400444K->392252K(631220K), 0.0081180 secs] [Times: user=0.01 sys=0.00, real=0.01 secs] 
2020-10-29T15:50:11.466+0000: [GC (Allocation Failure) 2020-10-29T15:50:11.466+0000: [ParNew: 16388K->4K(18432K), 0.0025535 secs] 408636K->392252K(631220K), 0.0026034 secs] [Times: user=0.00 sys=0.00, real=0.00 secs] 
2020-10-29T15:50:11.483+0000: [GC (Allocation Failure) 2020-10-29T15:50:11.483+0000: [ParNew: 16388K->4K(18432K), 0.0024977 secs] 408636K->392252K(631220K), 0.0025497 secs] [Times: user=0.01 sys=0.00, real=0.01 secs] 
2020-10-29T15:50:11.504+0000: [GC (Allocation Failure) 2020-10-29T15:50:11.504+0000: [ParNew: 16388K->4K(18432K), 0.0024891 secs] 408636K->392252K(631220K), 0.0025408 secs] [Times: user=0.01 sys=0.00, real=0.01 secs] 
2020-10-29T15:50:11.522+0000: [GC (Allocation Failure) 2020-10-29T15:50:11.522+0000: [ParNew: 16388K->4K(18432K), 0.0025089 secs] 408636K->392252K(631220K), 0.0025665 secs] [Times: user=0.00 sys=0.00, real=0.00 secs] 
2020-10-29T15:50:11.540+0000: [GC (Allocation Failure) 2020-10-29T15:50:11.540+0000: [ParNew: 16388K->4K(18432K), 0.0024891 secs] 408636K->392252K(631220K), 0.0025428 secs] [Times: user=0.01 sys=0.00, real=0.00 secs] 
2020-10-29T15:50:11.558+0000: [GC (Allocation Failure) 2020-10-29T15:50:11.558+0000: [ParNew: 16388K->4K(18432K), 0.0025347 secs] 408636K->392253K(631220K), 0.0025874 secs] [Times: user=0.00 sys=0.00, real=0.00 secs] 
2020-10-29T15:50:11.576+0000: [GC (Allocation Failure) 2020-10-29T15:50:11.576+0000: [ParNew: 16388K->4K(18432K), 0.0025505 secs] 408637K->392253K(631220K), 0.0026046 secs] [Times: user=0.01 sys=0.00, real=0.00 secs] 
2020-10-29T15:50:11.596+0000: [GC (Allocation Failure) 2020-10-29T15:50:11.597+0000: [ParNew: 16388K->4K(18432K), 0.0025163 secs] 408637K->392253K(631220K), 0.0025707 secs] [Times: user=0.00 sys=0.00, real=0.00 secs] 
2020-10-29T15:50:11.616+0000: [GC (Allocation Failure) 2020-10-29T15:50:11.617+0000: [ParNew: 16388K->4K(18432K), 0.0025203 secs] 408637K->392253K(631220K), 0.0025758 secs] [Times: user=0.01 sys=0.00, real=0.00 secs] 
2020-10-29T15:50:11.636+0000: [GC (Allocation Failure) 2020-10-29T15:50:11.637+0000: [ParNew: 16388K->4K(18432K), 0.0025140 secs] 408637K->392253K(631220K), 0.0025693 secs] [Times: user=0.00 sys=0.00, real=0.00 secs] 
2020-10-29T15:50:11.654+0000: [GC (Allocation Failure) 2020-10-29T15:50:11.654+0000: [ParNew: 16388K->4K(18432K), 0.0025532 secs] 408637K->392253K(631220K), 0.0026060 secs] [Times: user=0.00 sys=0.00, real=0.00 secs] 
2020-10-29T15:50:11.665+0000: [GC (Allocation Failure) 2020-10-29T15:50:11.665+0000: [ParNew: 9681K->4K(18432K), 0.0024071 secs] 401930K->392253K(631220K), 0.0024564 secs] [Times: user=0.00 sys=0.00, real=0.00 secs] 
2020-10-29T15:50:11.676+0000: [GC (Allocation Failure) 2020-10-29T15:50:11.676+0000: [ParNew: 16388K->4K(18432K), 0.0080577 secs] 408637K->400445K(631220K), 0.0081029 secs] [Times: user=0.01 sys=0.00, real=0.00 secs] 
2020-10-29T15:50:11.698+0000: [GC (Allocation Failure) 2020-10-29T15:50:11.698+0000: [ParNew: 16388K->4K(18432K), 0.0024270 secs] 416829K->400445K(631220K), 0.0024704 secs] [Times: user=0.00 sys=0.00, real=0.00 secs] 
2020-10-29T15:50:11.715+0000: [GC (Allocation Failure) 2020-10-29T15:50:11.715+0000: [ParNew: 16388K->4K(18432K), 0.0025044 secs] 416829K->400445K(631220K), 0.0025568 secs] [Times: user=0.00 sys=0.00, real=0.00 secs] 
2020-10-29T15:50:11.732+0000: [GC (Allocation Failure) 2020-10-29T15:50:11.732+0000: [ParNew: 16388K->4K(18432K), 0.0024536 secs] 416829K->400445K(631220K), 0.0025057 secs] [Times: user=0.01 sys=0.00, real=0.00 secs] 
2020-10-29T15:50:11.752+0000: [GC (Allocation Failure) 2020-10-29T15:50:11.752+0000: [ParNew: 16388K->4K(18432K), 0.0024905 secs] 416829K->400445K(631220K), 0.0025419 secs] [Times: user=0.00 sys=0.00, real=0.00 secs] 
2020-10-29T15:50:11.772+0000: [GC (Allocation Failure) 2020-10-29T15:50:11.772+0000: [ParNew: 16388K->4K(18432K), 0.0024650 secs] 416829K->400445K(631220K), 0.0025173 secs] [Times: user=0.01 sys=0.00, real=0.00 secs] 
2020-10-29T15:50:11.789+0000: [GC (Allocation Failure) 2020-10-29T15:50:11.789+0000: [ParNew: 16388K->4K(18432K), 0.0024907 secs] 416829K->400445K(631220K), 0.0025436 secs] [Times: user=0.01 sys=0.00, real=0.00 secs] 
2020-10-29T15:50:11.806+0000: [GC (Allocation Failure) 2020-10-29T15:50:11.806+0000: [ParNew: 16388K->4K(18432K), 0.0025334 secs] 416829K->400445K(631220K), 0.0025949 secs] [Times: user=0.00 sys=0.00, real=0.00 secs] 
2020-10-29T15:50:11.823+0000: [GC (Allocation Failure) 2020-10-29T15:50:11.824+0000: [ParNew: 16388K->4K(18432K), 0.0025274 secs] 416829K->400445K(631220K), 0.0025815 secs] [Times: user=0.01 sys=0.00, real=0.01 secs] 
2020-10-29T15:50:11.844+0000: [GC (Allocation Failure) 2020-10-29T15:50:11.845+0000: [ParNew: 16388K->4K(18432K), 0.0025264 secs] 416829K->400445K(631220K), 0.0025814 secs] [Times: user=0.00 sys=0.00, real=0.00 secs] 
2020-10-29T15:50:11.862+0000: [GC (Allocation Failure) 2020-10-29T15:50:11.862+0000: [ParNew: 16388K->4K(18432K), 0.0024958 secs] 416829K->400445K(631220K), 0.0025564 secs] [Times: user=0.01 sys=0.00, real=0.00 secs] 
2020-10-29T15:50:11.879+0000: [GC (Allocation Failure) 2020-10-29T15:50:11.879+0000: [ParNew: 16388K->4K(18432K), 0.0025747 secs] 416829K->400445K(631220K), 0.0026273 secs] [Times: user=0.01 sys=0.00, real=0.00 secs] 
2020-10-29T15:50:11.896+0000: [GC (Allocation Failure) 2020-10-29T15:50:11.897+0000: [ParNew: 16388K->4K(18432K), 0.0024557 secs] 416829K->400445K(631220K), 0.0025071 secs] [Times: user=0.00 sys=0.00, real=0.00 secs] 
2020-10-29T15:50:11.913+0000: [GC (Allocation Failure) 2020-10-29T15:50:11.914+0000: [ParNew: 16388K->4K(18432K), 0.0024312 secs] 416829K->400445K(631220K), 0.0024797 secs] [Times: user=0.01 sys=0.00, real=0.00 secs] 
2020-10-29T15:50:11.932+0000: [GC (Allocation Failure) 2020-10-29T15:50:11.932+0000: [ParNew: 16388K->4K(18432K), 0.0024566 secs] 416829K->400445K(631220K), 0.0025080 secs] [Times: user=0.00 sys=0.00, real=0.00 secs] 
2020-10-29T15:50:11.949+0000: [GC (Allocation Failure) 2020-10-29T15:50:11.949+0000: [ParNew: 16388K->4K(18432K), 0.0024187 secs] 416829K->400445K(631220K), 0.0024663 secs] [Times: user=0.00 sys=0.00, real=0.00 secs] 
2020-10-29T15:50:11.968+0000: [GC (Allocation Failure) 2020-10-29T15:50:11.969+0000: [ParNew: 16388K->4K(18432K), 0.0024143 secs] 416829K->400445K(631220K), 0.0024614 secs] [Times: user=0.01 sys=0.00, real=0.00 secs] 
2020-10-29T15:50:11.988+0000: [GC (Allocation Failure) 2020-10-29T15:50:11.988+0000: [ParNew: 16388K->4K(18432K), 0.0024160 secs] 416829K->400445K(631220K), 0.0024582 secs] [Times: user=0.00 sys=0.00, real=0.00 secs] 
2020-10-29T15:50:12.008+0000: [GC (Allocation Failure) 2020-10-29T15:50:12.009+0000: [ParNew: 16388K->4K(18432K), 0.0024546 secs] 416829K->400445K(631220K), 0.0025057 secs] [Times: user=0.00 sys=0.00, real=0.00 secs] 
2020-10-29T15:50:12.025+0000: [GC (Allocation Failure) 2020-10-29T15:50:12.025+0000: [ParNew: 16388K->4K(18432K), 0.0024980 secs] 416829K->400445K(631220K), 0.0025488 secs] [Times: user=0.01 sys=0.00, real=0.00 secs] 
2020-10-29T15:50:12.044+0000: [GC (Allocation Failure) 2020-10-29T15:50:12.045+0000: [ParNew: 16388K->4K(18432K), 0.0025048 secs] 416829K->400445K(631220K), 0.0025580 secs] [Times: user=0.00 sys=0.00, real=0.00 secs] 
2020-10-29T15:50:12.064+0000: [GC (Allocation Failure) 2020-10-29T15:50:12.065+0000: [ParNew: 16388K->4K(18432K), 0.0025973 secs] 416829K->400445K(631220K), 0.0026548 secs] [Times: user=0.00 sys=0.00, real=0.00 secs] 
2020-10-29T15:50:12.082+0000: [GC (Allocation Failure) 2020-10-29T15:50:12.082+0000: [ParNew: 16388K->4K(18432K), 0.0026352 secs] 416829K->400445K(631220K), 0.0026919 secs] [Times: user=0.00 sys=0.00, real=0.01 secs] 
2020-10-29T15:50:12.099+0000: [GC (Allocation Failure) 2020-10-29T15:50:12.099+0000: [ParNew: 16388K->4K(18432K), 0.0025511 secs] 416829K->400445K(631220K), 0.0026046 secs] [Times: user=0.01 sys=0.00, real=0.00 secs] 
2020-10-29T15:50:12.116+0000: [GC (Allocation Failure) 2020-10-29T15:50:12.116+0000: [ParNew: 16388K->4K(18432K), 0.0025095 secs] 416829K->400445K(631220K), 0.0025605 secs] [Times: user=0.00 sys=0.00, real=0.00 secs] 
2020-10-29T15:50:12.136+0000: [GC (Allocation Failure) 2020-10-29T15:50:12.137+0000: [ParNew: 16388K->4K(18432K), 0.0024792 secs] 416829K->400445K(631220K), 0.0025309 secs] [Times: user=0.00 sys=0.00, real=0.00 secs] 
2020-10-29T15:50:12.153+0000: [GC (Allocation Failure) 2020-10-29T15:50:12.153+0000: [ParNew: 16388K->4K(18432K), 0.0024512 secs] 416829K->400445K(631220K), 0.0025013 secs] [Times: user=0.01 sys=0.00, real=0.00 secs] 
2020-10-29T15:50:12.170+0000: [GC (Allocation Failure) 2020-10-29T15:50:12.170+0000: [ParNew: 16388K->4K(18432K), 0.0024947 secs] 416829K->400445K(631220K), 0.0025465 secs] [Times: user=0.01 sys=0.00, real=0.01 secs] 
2020-10-29T15:50:12.188+0000: [GC (Allocation Failure) 2020-10-29T15:50:12.189+0000: [ParNew: 16388K->4K(18432K), 0.0024643 secs] 416829K->400445K(631220K), 0.0025176 secs] [Times: user=0.00 sys=0.00, real=0.00 secs] 
2020-10-29T15:50:12.200+0000: [GC (Allocation Failure) 2020-10-29T15:50:12.200+0000: [ParNew: 10178K->4K(18432K), 0.0024238 secs] 410619K->400445K(631220K), 0.0024718 secs] [Times: user=0.00 sys=0.00, real=0.00 secs] 
2020-10-29T15:50:12.211+0000: [GC (Allocation Failure) 2020-10-29T15:50:12.211+0000: [ParNew: 16388K->4K(18432K), 0.0082283 secs] 416829K->408637K(631220K), 0.0082835 secs] [Times: user=0.01 sys=0.00, real=0.01 secs] 
2020-10-29T15:50:12.234+0000: [GC (Allocation Failure) 2020-10-29T15:50:12.234+0000: [ParNew: 16388K->4K(18432K), 0.0024972 secs] 425021K->408637K(631220K), 0.0025488 secs] [Times: user=0.01 sys=0.00, real=0.00 secs] 
2020-10-29T15:50:12.251+0000: [GC (Allocation Failure) 2020-10-29T15:50:12.251+0000: [ParNew: 16388K->4K(18432K), 0.0024899 secs] 425021K->408637K(631220K), 0.0025493 secs] [Times: user=0.01 sys=0.00, real=0.01 secs] 
2020-10-29T15:50:12.268+0000: [GC (Allocation Failure) 2020-10-29T15:50:12.268+0000: [ParNew: 16388K->4K(18432K), 0.0025118 secs] 425021K->408637K(631220K), 0.0025647 secs] [Times: user=0.01 sys=0.00, real=0.00 secs] 
2020-10-29T15:50:12.285+0000: [GC (Allocation Failure) 2020-10-29T15:50:12.286+0000: [ParNew: 16388K->4K(18432K), 0.0025220 secs] 425021K->408637K(631220K), 0.0025763 secs] [Times: user=0.00 sys=0.00, real=0.00 secs] 
2020-10-29T15:50:12.303+0000: [GC (Allocation Failure) 2020-10-29T15:50:12.303+0000: [ParNew: 16388K->4K(18432K), 0.0025468 secs] 425021K->408637K(631220K), 0.0026016 secs] [Times: user=0.00 sys=0.00, real=0.01 secs] 
2020-10-29T15:50:12.316+0000: [GC (Allocation Failure) 2020-10-29T15:50:12.317+0000: [ParNew: 9397K->4K(18432K), 0.0024816 secs] 418030K->408637K(631220K), 0.0025354 secs] [Times: user=0.01 sys=0.00, real=0.00 secs] 
2020-10-29T15:50:12.327+0000: [GC (Allocation Failure) 2020-10-29T15:50:12.327+0000: [ParNew: 16388K->4K(18432K), 0.0082514 secs] 425021K->416829K(631220K), 0.0083046 secs] [Times: user=0.02 sys=0.00, real=0.01 secs] 
2020-10-29T15:50:12.350+0000: [GC (Allocation Failure) 2020-10-29T15:50:12.350+0000: [ParNew: 16388K->4K(18432K), 0.0024868 secs] 433213K->416829K(631220K), 0.0025523 secs] [Times: user=0.00 sys=0.00, real=0.01 secs] 
2020-10-29T15:50:12.368+0000: [GC (Allocation Failure) 2020-10-29T15:50:12.368+0000: [ParNew: 16388K->4K(18432K), 0.0024737 secs] 433213K->416829K(631220K), 0.0025254 secs] [Times: user=0.01 sys=0.00, real=0.00 secs] 
2020-10-29T15:50:12.386+0000: [GC (Allocation Failure) 2020-10-29T15:50:12.386+0000: [ParNew: 16388K->4K(18432K), 0.0025712 secs] 433213K->416829K(631220K), 0.0026247 secs] [Times: user=0.01 sys=0.00, real=0.00 secs] 
2020-10-29T15:50:12.403+0000: [GC (Allocation Failure) 2020-10-29T15:50:12.403+0000: [ParNew: 16388K->4K(18432K), 0.0025341 secs] 433213K->416829K(631220K), 0.0025905 secs] [Times: user=0.00 sys=0.00, real=0.01 secs] 
2020-10-29T15:50:12.420+0000: [GC (Allocation Failure) 2020-10-29T15:50:12.420+0000: [ParNew: 16388K->4K(18432K), 0.0024824 secs] 433213K->416829K(631220K), 0.0025359 secs] [Times: user=0.01 sys=0.00, real=0.00 secs] 
2020-10-29T15:50:12.437+0000: [GC (Allocation Failure) 2020-10-29T15:50:12.437+0000: [ParNew: 16388K->4K(18432K), 0.0024664 secs] 433213K->416829K(631220K), 0.0025191 secs] [Times: user=0.01 sys=0.00, real=0.00 secs] 
2020-10-29T15:50:12.454+0000: [GC (Allocation Failure) 2020-10-29T15:50:12.454+0000: [ParNew: 16388K->4K(18432K), 0.0024945 secs] 433213K->416829K(631220K), 0.0025480 secs] [Times: user=0.00 sys=0.00, real=0.00 secs] 
2020-10-29T15:50:12.471+0000: [GC (Allocation Failure) 2020-10-29T15:50:12.472+0000: [ParNew: 16388K->4K(18432K), 0.0025325 secs] 433213K->416829K(631220K), 0.0025954 secs] [Times: user=0.00 sys=0.00, real=0.01 secs] 
2020-10-29T15:50:12.492+0000: [GC (Allocation Failure) 2020-10-29T15:50:12.493+0000: [ParNew: 16388K->4K(18432K), 0.0024764 secs] 433213K->416829K(631220K), 0.0025291 secs] [Times: user=0.01 sys=0.00, real=0.00 secs] 
2020-10-29T15:50:12.510+0000: [GC (Allocation Failure) 2020-10-29T15:50:12.510+0000: [ParNew: 16388K->4K(18432K), 0.0024589 secs] 433213K->416829K(631220K), 0.0025118 secs] [Times: user=0.01 sys=0.00, real=0.00 secs] 
2020-10-29T15:50:12.528+0000: [GC (Allocation Failure) 2020-10-29T15:50:12.529+0000: [ParNew: 16388K->4K(18432K), 0.0024717 secs] 433213K->416829K(631220K), 0.0025243 secs] [Times: user=0.01 sys=0.00, real=0.00 secs] 
2020-10-29T15:50:12.546+0000: [GC (Allocation Failure) 2020-10-29T15:50:12.546+0000: [ParNew: 16388K->4K(18432K), 0.0024852 secs] 433213K->416829K(631220K), 0.0025390 secs] [Times: user=0.01 sys=0.00, real=0.00 secs] 
2020-10-29T15:50:12.564+0000: [GC (Allocation Failure) 2020-10-29T15:50:12.565+0000: [ParNew: 16388K->4K(18432K), 0.0024280 secs] 433213K->416829K(631220K), 0.0024793 secs] [Times: user=0.00 sys=0.00, real=0.00 secs] 
2020-10-29T15:50:12.586+0000: [GC (Allocation Failure) 2020-10-29T15:50:12.586+0000: [ParNew: 16388K->4K(18432K), 0.0024381 secs] 433213K->416829K(631220K), 0.0024882 secs] [Times: user=0.00 sys=0.00, real=0.00 secs] 
2020-10-29T15:50:12.604+0000: [GC (Allocation Failure) 2020-10-29T15:50:12.605+0000: [ParNew: 16388K->4K(18432K), 0.0024793 secs] 433213K->416829K(631220K), 0.0025340 secs] [Times: user=0.01 sys=0.00, real=0.00 secs] 
2020-10-29T15:50:12.622+0000: [GC (Allocation Failure) 2020-10-29T15:50:12.622+0000: [ParNew: 16388K->4K(18432K), 0.0024641 secs] 433213K->416829K(631220K), 0.0025175 secs] [Times: user=0.01 sys=0.00, real=0.00 secs] 
2020-10-29T15:50:12.639+0000: [GC (Allocation Failure) 2020-10-29T15:50:12.639+0000: [ParNew: 16388K->4K(18432K), 0.0025103 secs] 433213K->416829K(631220K), 0.0025627 secs] [Times: user=0.00 sys=0.00, real=0.00 secs] 
2020-10-29T15:50:12.656+0000: [GC (Allocation Failure) 2020-10-29T15:50:12.656+0000: [ParNew: 16388K->4K(18432K), 0.0024901 secs] 433213K->416829K(631220K), 0.0025417 secs] [Times: user=0.01 sys=0.00, real=0.00 secs] 
2020-10-29T15:50:12.676+0000: [GC (Allocation Failure) 2020-10-29T15:50:12.677+0000: [ParNew: 16388K->4K(18432K), 0.0024780 secs] 433213K->416829K(631220K), 0.0025309 secs] [Times: user=0.00 sys=0.00, real=0.00 secs] 
2020-10-29T15:50:12.694+0000: [GC (Allocation Failure) 2020-10-29T15:50:12.694+0000: [ParNew: 16388K->4K(18432K), 0.0024610 secs] 433213K->416829K(631220K), 0.0025104 secs] [Times: user=0.01 sys=0.00, real=0.00 secs] 
2020-10-29T15:50:12.711+0000: [GC (Allocation Failure) 2020-10-29T15:50:12.711+0000: [ParNew: 16388K->4K(18432K), 0.0054453 secs] 433213K->416829K(631220K), 0.0055202 secs] [Times: user=0.01 sys=0.00, real=0.01 secs] 
2020-10-29T15:50:12.732+0000: [GC (Allocation Failure) 2020-10-29T15:50:12.733+0000: [ParNew: 16388K->4K(18432K), 0.0025288 secs] 433213K->416829K(631220K), 0.0025812 secs] [Times: user=0.00 sys=0.00, real=0.00 secs] 
2020-10-29T15:50:12.752+0000: [GC (Allocation Failure) 2020-10-29T15:50:12.753+0000: [ParNew: 16388K->4K(18432K), 0.0025251 secs] 433213K->416829K(631220K), 0.0025784 secs] [Times: user=0.01 sys=0.00, real=0.00 secs] 
2020-10-29T15:50:12.764+0000: [GC (Allocation Failure) 2020-10-29T15:50:12.764+0000: [ParNew: 16388K->4K(18432K), 0.0081992 secs] 433213K->425021K(631220K), 0.0082578 secs] [Times: user=0.01 sys=0.01, real=0.02 secs] 
2020-10-29T15:50:12.787+0000: [GC (Allocation Failure) 2020-10-29T15:50:12.787+0000: [ParNew: 16388K->4K(18432K), 0.0024978 secs] 441405K->425021K(631220K), 0.0025577 secs] [Times: user=0.01 sys=0.00, real=0.00 secs] 
2020-10-29T15:50:12.804+0000: [GC (Allocation Failure) 2020-10-29T15:50:12.804+0000: [ParNew: 16388K->4K(18432K), 0.0025541 secs] 441405K->425021K(631220K), 0.0026140 secs] [Times: user=0.00 sys=0.00, real=0.01 secs] 
2020-10-29T15:50:12.821+0000: [GC (Allocation Failure) 2020-10-29T15:50:12.821+0000: [ParNew: 16388K->4K(18432K), 0.0025452 secs] 441405K->425021K(631220K), 0.0025993 secs] [Times: user=0.00 sys=0.00, real=0.00 secs] 
2020-10-29T15:50:12.838+0000: [GC (Allocation Failure) 2020-10-29T15:50:12.838+0000: [ParNew: 16388K->4K(18432K), 0.0025324 secs] 441405K->425021K(631220K), 0.0026034 secs] [Times: user=0.01 sys=0.00, real=0.00 secs] 
2020-10-29T15:50:12.855+0000: [GC (Allocation Failure) 2020-10-29T15:50:12.855+0000: [ParNew: 16388K->4K(18432K), 0.0025281 secs] 441405K->425021K(631220K), 0.0025968 secs] [Times: user=0.00 sys=0.00, real=0.00 secs] 
2020-10-29T15:50:12.872+0000: [GC (Allocation Failure) 2020-10-29T15:50:12.872+0000: [ParNew: 16388K->4K(18432K), 0.0025074 secs] 441405K->425021K(631220K), 0.0025623 secs] [Times: user=0.01 sys=0.00, real=0.00 secs] 
2020-10-29T15:50:12.889+0000: [GC (Allocation Failure) 2020-10-29T15:50:12.889+0000: [ParNew: 16388K->4K(18432K), 0.0024044 secs] 441405K->425021K(631220K), 0.0024534 secs] [Times: user=0.01 sys=0.00, real=0.00 secs] 
2020-10-29T15:50:12.906+0000: [GC (Allocation Failure) 2020-10-29T15:50:12.906+0000: [ParNew: 16388K->4K(18432K), 0.0024884 secs] 441405K->425021K(631220K), 0.0025393 secs] [Times: user=0.01 sys=0.00, real=0.00 secs] 
2020-10-29T15:50:12.924+0000: [GC (Allocation Failure) 2020-10-29T15:50:12.925+0000: [ParNew: 16388K->4K(18432K), 0.0024707 secs] 441405K->425021K(631220K), 0.0025218 secs] [Times: user=0.00 sys=0.00, real=0.00 secs] 
2020-10-29T15:50:12.942+0000: [GC (Allocation Failure) 2020-10-29T15:50:12.942+0000: [ParNew: 16388K->4K(18432K), 0.0025229 secs] 441405K->425021K(631220K), 0.0025758 secs] [Times: user=0.01 sys=0.00, real=0.00 secs] 
2020-10-29T15:50:12.959+0000: [GC (Allocation Failure) 2020-10-29T15:50:12.959+0000: [ParNew: 16388K->4K(18432K), 0.0024934 secs] 441405K->425021K(631220K), 0.0025448 secs] [Times: user=0.01 sys=0.00, real=0.00 secs] 
2020-10-29T15:50:12.977+0000: [GC (Allocation Failure) 2020-10-29T15:50:12.977+0000: [ParNew: 16388K->4K(18432K), 0.0024796 secs] 441405K->425021K(631220K), 0.0025323 secs] [Times: user=0.01 sys=0.00, real=0.00 secs] 
2020-10-29T15:50:12.994+0000: [GC (Allocation Failure) 2020-10-29T15:50:12.994+0000: [ParNew: 16388K->4K(18432K), 0.0025023 secs] 441405K->425021K(631220K), 0.0025554 secs] [Times: user=0.00 sys=0.00, real=0.00 secs] 
2020-10-29T15:50:13.011+0000: [GC (Allocation Failure) 2020-10-29T15:50:13.011+0000: [ParNew: 16388K->4K(18432K), 0.0024827 secs] 441405K->425021K(631220K), 0.0025353 secs] [Times: user=0.01 sys=0.00, real=0.01 secs] 
2020-10-29T15:50:13.028+0000: [GC (Allocation Failure) 2020-10-29T15:50:13.028+0000: [ParNew: 16388K->4K(18432K), 0.0024864 secs] 441405K->425021K(631220K), 0.0025355 secs] [Times: user=0.01 sys=0.00, real=0.00 secs] 
2020-10-29T15:50:13.048+0000: [GC (Allocation Failure) 2020-10-29T15:50:13.049+0000: [ParNew: 16388K->4K(18432K), 0.0024576 secs] 441405K->425021K(631220K), 0.0025106 secs] [Times: user=0.00 sys=0.00, real=0.00 secs] 
2020-10-29T15:50:13.069+0000: [GC (Allocation Failure) 2020-10-29T15:50:13.069+0000: [ParNew: 16388K->4K(18432K), 0.0024619 secs] 441405K->425021K(631220K), 0.0025226 secs] [Times: user=0.01 sys=0.00, real=0.00 secs] 
2020-10-29T15:50:13.088+0000: [GC (Allocation Failure) 2020-10-29T15:50:13.088+0000: [ParNew: 16388K->4K(18432K), 0.0024509 secs] 441405K->425021K(631220K), 0.0025035 secs] [Times: user=0.00 sys=0.01, real=0.00 secs] 
2020-10-29T15:50:13.106+0000: [GC (Allocation Failure) 2020-10-29T15:50:13.106+0000: [ParNew: 16388K->4K(18432K), 0.0024677 secs] 441405K->425021K(631220K), 0.0025348 secs] [Times: user=0.01 sys=0.00, real=0.00 secs] 
2020-10-29T15:50:13.124+0000: [GC (Allocation Failure) 2020-10-29T15:50:13.124+0000: [ParNew: 16388K->4K(18432K), 0.0024797 secs] 441405K->425021K(631220K), 0.0025323 secs] [Times: user=0.01 sys=0.00, real=0.00 secs] 
2020-10-29T15:50:13.144+0000: [GC (Allocation Failure) 2020-10-29T15:50:13.145+0000: [ParNew: 16388K->4K(18432K), 0.0025302 secs] 441405K->425021K(631220K), 0.0025854 secs] [Times: user=0.01 sys=0.00, real=0.00 secs] 
2020-10-29T15:50:13.162+0000: [GC (Allocation Failure) 2020-10-29T15:50:13.162+0000: [ParNew: 16388K->4K(18432K), 0.0025032 secs] 441405K->425021K(631220K), 0.0025709 secs] [Times: user=0.00 sys=0.01, real=0.01 secs] 
2020-10-29T15:50:13.172+0000: [GC (Allocation Failure) 2020-10-29T15:50:13.172+0000: [ParNew: 16388K->4K(18432K), 0.0079434 secs] 441405K->433213K(631220K), 0.0079967 secs] [Times: user=0.00 sys=0.00, real=0.00 secs] 
2020-10-29T15:50:13.181+0000: [GC (CMS Initial Mark) [1 CMS-initial-mark: 433209K(612788K)] 433350K(631220K), 0.0013124 secs] [Times: user=0.01 sys=0.00, real=0.00 secs] 
2020-10-29T15:50:13.182+0000: [CMS-concurrent-mark-start]
2020-10-29T15:50:13.208+0000: [GC (Allocation Failure) 2020-10-29T15:50:13.208+0000: [ParNew: 16388K->4K(18432K), 0.0024448 secs] 449597K->433213K(631220K), 0.0025001 secs] [Times: user=0.00 sys=0.00, real=0.00 secs] 
2020-10-29T15:50:13.231+0000: [GC (Allocation Failure) 2020-10-29T15:50:13.231+0000: [ParNew: 16388K->4K(18432K), 0.0024601 secs] 449597K->433213K(631220K), 0.0025129 secs] [Times: user=0.01 sys=0.00, real=0.01 secs] 
2020-10-29T15:50:13.252+0000: [CMS-concurrent-mark: 0.061/0.070 secs] [Times: user=0.13 sys=0.00, real=0.07 secs] 
2020-10-29T15:50:13.252+0000: [GC (Allocation Failure) 2020-10-29T15:50:13.252+0000: [ParNew: 16388K->4K(18432K), 0.0024887 secs] 449597K->433213K(631220K), 0.0025270 secs] [Times: user=0.01 sys=0.00, real=0.01 secs] 
2020-10-29T15:50:13.255+0000: [CMS-concurrent-preclean-start]
2020-10-29T15:50:13.256+0000: [CMS-concurrent-preclean: 0.002/0.002 secs] [Times: user=0.00 sys=0.00, real=0.00 secs] 
2020-10-29T15:50:13.268+0000: [GC (CMS Final Remark) [YG occupancy: 10163 K (18432 K)]2020-10-29T15:50:13.269+0000: [Rescan (parallel) , 0.0081226 secs]2020-10-29T15:50:13.277+0000: [weak refs processing, 0.0000316 secs]2020-10-29T15:50:13.277+0000: [class unloading, 0.0079597 secs]2020-10-29T15:50:13.285+0000: [scrub symbol table, 0.0102147 secs]2020-10-29T15:50:13.295+0000: [scrub string table, 0.0005611 secs][1 CMS-remark: 433209K(612788K)] 443372K(631220K), 0.0270465 secs] [Times: user=0.03 sys=0.00, real=0.03 secs] 
2020-10-29T15:50:13.301+0000: [GC (Allocation Failure) 2020-10-29T15:50:13.301+0000: [ParNew: 16388K->4K(18432K), 0.0024665 secs] 449597K->433213K(631220K), 0.0025181 secs] [Times: user=0.01 sys=0.00, real=0.00 secs] 
2020-10-29T15:50:13.304+0000: [CMS-concurrent-sweep-start]
2020-10-29T15:50:13.323+0000: [CMS-concurrent-sweep: 0.019/0.019 secs] [Times: user=0.03 sys=0.00, real=0.02 secs] 
2020-10-29T15:50:13.324+0000: [CMS-concurrent-reset-start]
2020-10-29T15:50:13.325+0000: [GC (Allocation Failure) 2020-10-29T15:50:13.325+0000: [ParNew: 16388K->4K(18432K), 0.0026613 secs] 433213K->416829K(713144K), 0.0027006 secs] [Times: user=0.01 sys=0.00, real=0.00 secs] 
2020-10-29T15:50:13.328+0000: [CMS-concurrent-reset: 0.002/0.005 secs] [Times: user=0.01 sys=0.01, real=0.01 secs] 
2020-10-29T15:50:13.343+0000: [GC (Allocation Failure) 2020-10-29T15:50:13.343+0000: [ParNew: 16388K->4K(18432K), 0.0027310 secs] 433213K->416829K(713144K), 0.0027865 secs] [Times: user=0.01 sys=0.00, real=0.01 secs] 
2020-10-29T15:50:13.360+0000: [GC (Allocation Failure) 2020-10-29T15:50:13.360+0000: [ParNew: 16388K->4K(18432K), 0.0026779 secs] 433213K->416829K(713144K), 0.0027242 secs] [Times: user=0.01 sys=0.00, real=0.00 secs] 
2020-10-29T15:50:13.371+0000: [GC (Allocation Failure) 2020-10-29T15:50:13.371+0000: [ParNew: 16388K->4K(18432K), 0.0034667 secs] 433213K->425021K(713144K), 0.0035174 secs] [Times: user=0.00 sys=0.00, real=0.01 secs] 
2020-10-29T15:50:13.392+0000: [GC (Allocation Failure) 2020-10-29T15:50:13.392+0000: [ParNew: 16388K->4K(18432K), 0.0026607 secs] 441405K->425021K(713144K), 0.0027112 secs] [Times: user=0.01 sys=0.00, real=0.00 secs] 
2020-10-29T15:50:13.412+0000: [GC (Allocation Failure) 2020-10-29T15:50:13.412+0000: [ParNew: 16388K->4K(18432K), 0.0026819 secs] 441405K->425021K(713144K), 0.0027354 secs] [Times: user=0.01 sys=0.00, real=0.00 secs] 
2020-10-29T15:50:13.430+0000: [GC (Allocation Failure) 2020-10-29T15:50:13.430+0000: [ParNew: 16388K->4K(18432K), 0.0027445 secs] 441405K->425021K(713144K), 0.0028042 secs] [Times: user=0.00 sys=0.01, real=0.01 secs] 
2020-10-29T15:50:13.447+0000: [GC (Allocation Failure) 2020-10-29T15:50:13.447+0000: [ParNew: 16388K->4K(18432K), 0.0027378 secs] 441405K->425021K(713144K), 0.0027925 secs] [Times: user=0.00 sys=0.00, real=0.00 secs] 
2020-10-29T15:50:13.468+0000: [GC (Allocation Failure) 2020-10-29T15:50:13.468+0000: [ParNew: 16388K->4K(18432K), 0.0027346 secs] 441405K->425021K(713144K), 0.0027885 secs] [Times: user=0.00 sys=0.00, real=0.00 secs] 
2020-10-29T15:50:13.486+0000: [GC (Allocation Failure) 2020-10-29T15:50:13.486+0000: [ParNew: 16388K->4K(18432K), 0.0028506 secs] 441405K->425021K(713144K), 0.0029025 secs] [Times: user=0.01 sys=0.00, real=0.00 secs] 
2020-10-29T15:50:13.503+0000: [GC (Allocation Failure) 2020-10-29T15:50:13.503+0000: [ParNew: 16388K->4K(18432K), 0.0026762 secs] 441405K->425021K(713144K), 0.0027259 secs] [Times: user=0.00 sys=0.00, real=0.01 secs] 
2020-10-29T15:50:13.520+0000: [GC (Allocation Failure) 2020-10-29T15:50:13.520+0000: [ParNew: 16388K->4K(18432K), 0.0026615 secs] 441405K->425021K(713144K), 0.0027120 secs] [Times: user=0.00 sys=0.00, real=0.00 secs] 
2020-10-29T15:50:13.538+0000: [GC (Allocation Failure) 2020-10-29T15:50:13.538+0000: [ParNew: 16388K->4K(18432K), 0.0027803 secs] 441405K->425021K(713144K), 0.0028327 secs] [Times: user=0.00 sys=0.00, real=0.00 secs] 
2020-10-29T15:50:13.556+0000: [GC (Allocation Failure) 2020-10-29T15:50:13.557+0000: [ParNew: 16388K->4K(18432K), 0.0026772 secs] 441405K->425021K(713144K), 0.0027291 secs] [Times: user=0.01 sys=0.00, real=0.00 secs] 
2020-10-29T15:50:13.576+0000: [GC (Allocation Failure) 2020-10-29T15:50:13.577+0000: [ParNew: 16388K->4K(18432K), 0.0026768 secs] 441405K->425021K(713144K), 0.0027275 secs] [Times: user=0.00 sys=0.00, real=0.00 secs] 
2020-10-29T15:50:13.596+0000: [GC (Allocation Failure) 2020-10-29T15:50:13.597+0000: [ParNew: 16388K->4K(18432K), 0.0026687 secs] 441405K->425021K(713144K), 0.0027201 secs] [Times: user=0.00 sys=0.00, real=0.00 secs] 
2020-10-29T15:50:13.614+0000: [GC (Allocation Failure) 2020-10-29T15:50:13.614+0000: [ParNew: 16388K->4K(18432K), 0.0027393 secs] 441405K->425021K(713144K), 0.0027922 secs] [Times: user=0.00 sys=0.00, real=0.00 secs] 
2020-10-29T15:50:13.631+0000: [GC (Allocation Failure) 2020-10-29T15:50:13.631+0000: [ParNew: 16388K->4K(18432K), 0.0027211 secs] 441405K->425021K(713144K), 0.0027739 secs] [Times: user=0.01 sys=0.00, real=0.01 secs] 
2020-10-29T15:50:13.648+0000: [GC (Allocation Failure) 2020-10-29T15:50:13.648+0000: [ParNew: 16388K->4K(18432K), 0.0027231 secs] 441405K->425021K(713144K), 0.0027749 secs] [Times: user=0.01 sys=0.00, real=0.00 secs] 
2020-10-29T15:50:13.668+0000: [GC (Allocation Failure) 2020-10-29T15:50:13.669+0000: [ParNew: 16388K->4K(18432K), 0.0027337 secs] 441405K->425021K(713144K), 0.0027864 secs] [Times: user=0.01 sys=0.00, real=0.00 secs] 
2020-10-29T15:50:13.688+0000: [GC (Allocation Failure) 2020-10-29T15:50:13.688+0000: [ParNew: 16388K->4K(18432K), 0.0027936 secs] 441405K->425021K(713144K), 0.0028471 secs] [Times: user=0.00 sys=0.00, real=0.00 secs] 
2020-10-29T15:50:13.708+0000: [GC (Allocation Failure) 2020-10-29T15:50:13.708+0000: [ParNew: 16388K->4K(18432K), 0.0027028 secs] 441405K->425021K(713144K), 0.0027555 secs] [Times: user=0.00 sys=0.00, real=0.00 secs] 
2020-10-29T15:50:13.726+0000: [GC (Allocation Failure) 2020-10-29T15:50:13.726+0000: [ParNew: 16388K->4K(18432K), 0.0027457 secs] 441405K->425021K(713144K), 0.0027984 secs] [Times: user=0.01 sys=0.00, real=0.00 secs] 
2020-10-29T15:50:13.743+0000: [GC (Allocation Failure) 2020-10-29T15:50:13.743+0000: [ParNew: 16388K->4K(18432K), 0.0027802 secs] 441405K->425021K(713144K), 0.0028332 secs] [Times: user=0.00 sys=0.00, real=0.01 secs] 
2020-10-29T15:50:13.764+0000: [GC (Allocation Failure) 2020-10-29T15:50:13.764+0000: [ParNew: 16388K->4K(18432K), 0.0027391 secs] 441405K->425021K(713144K), 0.0027928 secs] [Times: user=0.01 sys=0.00, real=0.01 secs] 
2020-10-29T15:50:13.781+0000: [GC (Allocation Failure) 2020-10-29T15:50:13.781+0000: [ParNew: 16388K->4K(18432K), 0.0027355 secs] 441405K->425021K(713144K), 0.0027874 secs] [Times: user=0.01 sys=0.00, real=0.00 secs] 
2020-10-29T15:50:13.800+0000: [GC (Allocation Failure) 2020-10-29T15:50:13.800+0000: [ParNew: 16388K->4K(18432K), 0.0027034 secs] 441405K->425021K(713144K), 0.0027568 secs] [Times: user=0.01 sys=0.00, real=0.00 secs] 
2020-10-29T15:50:13.818+0000: [GC (Allocation Failure) 2020-10-29T15:50:13.818+0000: [ParNew: 16388K->4K(18432K), 0.0027397 secs] 441405K->425021K(713144K), 0.0027941 secs] [Times: user=0.01 sys=0.00, real=0.00 secs] 
2020-10-29T15:50:13.836+0000: [GC (Allocation Failure) 2020-10-29T15:50:13.836+0000: [ParNew: 16388K->4K(18432K), 0.0027022 secs] 441405K->425021K(713144K), 0.0027559 secs] [Times: user=0.01 sys=0.00, real=0.00 secs] 
2020-10-29T15:50:13.856+0000: [GC (Allocation Failure) 2020-10-29T15:50:13.857+0000: [ParNew: 16388K->4K(18432K), 0.0026921 secs] 441405K->425021K(713144K), 0.0027448 secs] [Times: user=0.01 sys=0.00, real=0.00 secs] 
2020-10-29T15:50:13.874+0000: [GC (Allocation Failure) 2020-10-29T15:50:13.874+0000: [ParNew: 16388K->4K(18432K), 0.0026930 secs] 441405K->425021K(713144K), 0.0027459 secs] [Times: user=0.01 sys=0.00, real=0.00 secs] 
2020-10-29T15:50:13.892+0000: [GC (Allocation Failure) 2020-10-29T15:50:13.893+0000: [ParNew: 16388K->4K(18432K), 0.0027089 secs] 441405K->425021K(713144K), 0.0027629 secs] [Times: user=0.00 sys=0.00, real=0.00 secs] 
2020-10-29T15:50:13.904+0000: [GC (Allocation Failure) 2020-10-29T15:50:13.904+0000: [ParNew: 16388K->4K(18432K), 0.0037082 secs] 441405K->433213K(713144K), 0.0037650 secs] [Times: user=0.01 sys=0.00, real=0.00 secs] 
2020-10-29T15:50:13.927+0000: [GC (Allocation Failure) 2020-10-29T15:50:13.927+0000: [ParNew: 16388K->6K(18432K), 0.0027856 secs] 449597K->433215K(713144K), 0.0028565 secs] [Times: user=0.01 sys=0.00, real=0.00 secs] 
2020-10-29T15:50:13.945+0000: [GC (Allocation Failure) 2020-10-29T15:50:13.945+0000: [ParNew: 16390K->4K(18432K), 0.0027405 secs] 449599K->433213K(713144K), 0.0028142 secs] [Times: user=0.01 sys=0.00, real=0.00 secs] 
2020-10-29T15:50:13.962+0000: [GC (Allocation Failure) 2020-10-29T15:50:13.962+0000: [ParNew: 16388K->4K(18432K), 0.0026305 secs] 449597K->433213K(713144K), 0.0026768 secs] [Times: user=0.00 sys=0.00, real=0.01 secs] 
2020-10-29T15:50:13.979+0000: [GC (Allocation Failure) 2020-10-29T15:50:13.979+0000: [ParNew: 16388K->4K(18432K), 0.0027423 secs] 449597K->433213K(713144K), 0.0028024 secs] [Times: user=0.01 sys=0.00, real=0.00 secs] 
2020-10-29T15:50:14.000+0000: [GC (Allocation Failure) 2020-10-29T15:50:14.001+0000: [ParNew: 16388K->4K(18432K), 0.0027318 secs] 449597K->433213K(713144K), 0.0027861 secs] [Times: user=0.01 sys=0.00, real=0.00 secs] 
2020-10-29T15:50:14.018+0000: [GC (Allocation Failure) 2020-10-29T15:50:14.018+0000: [ParNew: 16388K->4K(18432K), 0.0027471 secs] 449597K->433213K(713144K), 0.0028011 secs] [Times: user=0.01 sys=0.00, real=0.00 secs] 
2020-10-29T15:50:14.035+0000: [GC (Allocation Failure) 2020-10-29T15:50:14.035+0000: [ParNew: 16388K->4K(18432K), 0.0027444 secs] 449597K->433213K(713144K), 0.0027981 secs] [Times: user=0.00 sys=0.00, real=0.00 secs] 
2020-10-29T15:50:14.052+0000: [GC (Allocation Failure) 2020-10-29T15:50:14.052+0000: [ParNew: 16388K->4K(18432K), 0.0026839 secs] 449597K->433213K(713144K), 0.0027355 secs] [Times: user=0.01 sys=0.00, real=0.01 secs] 
2020-10-29T15:50:14.070+0000: [GC (Allocation Failure) 2020-10-29T15:50:14.070+0000: [ParNew: 16388K->4K(18432K), 0.0027932 secs] 449597K->433213K(713144K), 0.0028454 secs] [Times: user=0.00 sys=0.00, real=0.01 secs] 
2020-10-29T15:50:14.088+0000: [GC (Allocation Failure) 2020-10-29T15:50:14.088+0000: [ParNew: 16388K->4K(18432K), 0.0026765 secs] 449597K->433213K(713144K), 0.0027284 secs] [Times: user=0.00 sys=0.00, real=0.00 secs] 
2020-10-29T15:50:14.106+0000: [GC (Allocation Failure) 2020-10-29T15:50:14.106+0000: [ParNew: 16388K->4K(18432K), 0.0026862 secs] 449597K->433213K(713144K), 0.0027651 secs] [Times: user=0.00 sys=0.00, real=0.00 secs] 
2020-10-29T15:50:14.123+0000: [GC (Allocation Failure) 2020-10-29T15:50:14.123+0000: [ParNew: 16388K->4K(18432K), 0.0027389 secs] 449597K->433213K(713144K), 0.0027940 secs] [Times: user=0.00 sys=0.00, real=0.01 secs] 
2020-10-29T15:50:14.140+0000: [GC (Allocation Failure) 2020-10-29T15:50:14.140+0000: [ParNew: 16388K->4K(18432K), 0.0028236 secs] 449597K->433213K(713144K), 0.0028857 secs] [Times: user=0.00 sys=0.01, real=0.00 secs] 
2020-10-29T15:50:14.158+0000: [GC (Allocation Failure) 2020-10-29T15:50:14.158+0000: [ParNew: 16388K->4K(18432K), 0.0027171 secs] 449597K->433213K(713144K), 0.0027777 secs] [Times: user=0.01 sys=0.00, real=0.00 secs] 
2020-10-29T15:50:14.176+0000: [GC (Allocation Failure) 2020-10-29T15:50:14.176+0000: [ParNew: 16388K->4K(18432K), 0.0026778 secs] 449597K->433213K(713144K), 0.0027302 secs] [Times: user=0.01 sys=0.00, real=0.00 secs] 
2020-10-29T15:50:14.194+0000: [GC (Allocation Failure) 2020-10-29T15:50:14.194+0000: [ParNew: 16388K->4K(18432K), 0.0027150 secs] 449597K->433213K(713144K), 0.0027681 secs] [Times: user=0.01 sys=0.00, real=0.00 secs] 
2020-10-29T15:50:14.211+0000: [GC (Allocation Failure) 2020-10-29T15:50:14.211+0000: [ParNew: 16388K->4K(18432K), 0.0032843 secs] 449597K->433213K(713144K), 0.0033467 secs] [Times: user=0.00 sys=0.00, real=0.01 secs] 
2020-10-29T15:50:14.232+0000: [GC (Allocation Failure) 2020-10-29T15:50:14.233+0000: [ParNew: 16388K->4K(18432K), 0.0027039 secs] 449597K->433213K(713144K), 0.0027567 secs] [Times: user=0.01 sys=0.00, real=0.00 secs] 
2020-10-29T15:50:14.252+0000: [GC (Allocation Failure) 2020-10-29T15:50:14.252+0000: [ParNew: 16388K->4K(18432K), 0.0026951 secs] 449597K->433213K(713144K), 0.0027474 secs] [Times: user=0.01 sys=0.00, real=0.00 secs] 
2020-10-29T15:50:14.272+0000: [GC (Allocation Failure) 2020-10-29T15:50:14.273+0000: [ParNew: 16388K->4K(18432K), 0.0027102 secs] 449597K->433213K(713144K), 0.0027641 secs] [Times: user=0.00 sys=0.00, real=0.00 secs] 
2020-10-29T15:50:14.292+0000: [GC (Allocation Failure) 2020-10-29T15:50:14.292+0000: [ParNew: 16388K->4K(18432K), 0.0027473 secs] 449597K->433213K(713144K), 0.0027991 secs] [Times: user=0.01 sys=0.00, real=0.00 secs] 
2020-10-29T15:50:14.310+0000: [GC (Allocation Failure) 2020-10-29T15:50:14.310+0000: [ParNew: 16388K->4K(18432K), 0.0027011 secs] 449597K->433213K(713144K), 0.0027546 secs] [Times: user=0.00 sys=0.00, real=0.01 secs] 
2020-10-29T15:50:14.320+0000: [GC (Allocation Failure) 2020-10-29T15:50:14.320+0000: [ParNew: 8323K->4K(18432K), 0.0025727 secs] 441533K->433213K(713144K), 0.0026181 secs] [Times: user=0.01 sys=0.00, real=0.00 secs] 
2020-10-29T15:50:14.331+0000: [GC (Allocation Failure) 2020-10-29T15:50:14.331+0000: [ParNew: 16388K->4K(18432K), 0.0083971 secs] 449597K->441405K(713144K), 0.0084500 secs] [Times: user=0.02 sys=0.00, real=0.01 secs] 
2020-10-29T15:50:14.354+0000: [GC (Allocation Failure) 2020-10-29T15:50:14.354+0000: [ParNew: 16388K->4K(18432K), 0.0026834 secs] 457789K->441405K(713144K), 0.0027336 secs] [Times: user=0.00 sys=0.00, real=0.00 secs] 
2020-10-29T15:50:14.371+0000: [GC (Allocation Failure) 2020-10-29T15:50:14.371+0000: [ParNew: 16388K->4K(18432K), 0.0026935 secs] 457789K->441405K(713144K), 0.0027437 secs] [Times: user=0.01 sys=0.00, real=0.01 secs] 
2020-10-29T15:50:14.392+0000: [GC (Allocation Failure) 2020-10-29T15:50:14.392+0000: [ParNew: 16388K->4K(18432K), 0.0026619 secs] 457789K->441405K(713144K), 0.0027130 secs] [Times: user=0.01 sys=0.00, real=0.00 secs] 
2020-10-29T15:50:14.410+0000: [GC (Allocation Failure) 2020-10-29T15:50:14.410+0000: [ParNew: 16388K->4K(18432K), 0.0027692 secs] 457789K->441405K(713144K), 0.0028242 secs] [Times: user=0.01 sys=0.00, real=0.01 secs] 
2020-10-29T15:50:14.428+0000: [GC (Allocation Failure) 2020-10-29T15:50:14.428+0000: [ParNew: 16388K->4K(18432K), 0.0026996 secs] 457789K->441405K(713144K), 0.0027531 secs] [Times: user=0.01 sys=0.00, real=0.00 secs] 
2020-10-29T15:50:14.449+0000: [GC (Allocation Failure) 2020-10-29T15:50:14.449+0000: [ParNew: 16388K->6K(18432K), 0.0027853 secs] 457789K->441407K(713144K), 0.0028391 secs] [Times: user=0.00 sys=0.00, real=0.00 secs] 
2020-10-29T15:50:14.462+0000: [GC (Allocation Failure) 2020-10-29T15:50:14.462+0000: [ParNew: 16390K->4K(18432K), 0.0084465 secs] 457791K->449597K(713144K), 0.0085030 secs] [Times: user=0.02 sys=0.00, real=0.01 secs] 
2020-10-29T15:50:14.488+0000: [GC (Allocation Failure) 2020-10-29T15:50:14.489+0000: [ParNew: 16388K->4K(18432K), 0.0027634 secs] 465981K->449597K(713144K), 0.0028189 secs] [Times: user=0.00 sys=0.00, real=0.00 secs] 
2020-10-29T15:50:14.506+0000: [GC (Allocation Failure) 2020-10-29T15:50:14.506+0000: [ParNew: 16388K->4K(18432K), 0.0027141 secs] 465981K->449597K(713144K), 0.0027680 secs] [Times: user=0.01 sys=0.00, real=0.00 secs] 
2020-10-29T15:50:14.524+0000: [GC (Allocation Failure) 2020-10-29T15:50:14.524+0000: [ParNew: 16388K->4K(18432K), 0.0026702 secs] 465981K->449597K(713144K), 0.0027231 secs] [Times: user=0.00 sys=0.00, real=0.00 secs] 
2020-10-29T15:50:14.542+0000: [GC (Allocation Failure) 2020-10-29T15:50:14.542+0000: [ParNew: 16388K->4K(18432K), 0.0026904 secs] 465981K->449597K(713144K), 0.0027432 secs] [Times: user=0.01 sys=0.00, real=0.01 secs] 
2020-10-29T15:50:14.561+0000: [GC (Allocation Failure) 2020-10-29T15:50:14.561+0000: [ParNew: 16388K->4K(18432K), 0.0026792 secs] 465981K->449597K(713144K), 0.0027319 secs] [Times: user=0.01 sys=0.00, real=0.00 secs] 
2020-10-29T15:50:14.580+0000: [GC (Allocation Failure) 2020-10-29T15:50:14.580+0000: [ParNew: 16388K->4K(18432K), 0.0026543 secs] 465981K->449597K(713144K), 0.0027074 secs] [Times: user=0.00 sys=0.00, real=0.00 secs] 
2020-10-29T15:50:14.598+0000: [GC (Allocation Failure) 2020-10-29T15:50:14.598+0000: [ParNew: 16388K->4K(18432K), 0.0027615 secs] 465981K->449597K(713144K), 0.0028285 secs] [Times: user=0.01 sys=0.00, real=0.00 secs] 
2020-10-29T15:50:14.616+0000: [GC (Allocation Failure) 2020-10-29T15:50:14.616+0000: [ParNew: 16388K->4K(18432K), 0.0026644 secs] 465981K->449597K(713144K), 0.0027157 secs] [Times: user=0.00 sys=0.00, real=0.00 secs] 
2020-10-29T15:50:14.636+0000: [GC (Allocation Failure) 2020-10-29T15:50:14.637+0000: [ParNew: 16388K->4K(18432K), 0.0027257 secs] 465981K->449597K(713144K), 0.0027815 secs] [Times: user=0.01 sys=0.00, real=0.00 secs] 
2020-10-29T15:50:14.654+0000: [GC (Allocation Failure) 2020-10-29T15:50:14.654+0000: [ParNew: 16388K->4K(18432K), 0.0028100 secs] 465981K->449597K(713144K), 0.0028639 secs] [Times: user=0.00 sys=0.00, real=0.00 secs] 
2020-10-29T15:50:14.671+0000: [GC (Allocation Failure) 2020-10-29T15:50:14.671+0000: [ParNew: 16388K->4K(18432K), 0.0027510 secs] 465981K->449597K(713144K), 0.0028046 secs] [Times: user=0.01 sys=0.00, real=0.01 secs] 
2020-10-29T15:50:14.688+0000: [GC (Allocation Failure) 2020-10-29T15:50:14.688+0000: [ParNew: 16388K->4K(18432K), 0.0027692 secs] 465981K->449597K(713144K), 0.0028232 secs] [Times: user=0.01 sys=0.00, real=0.00 secs] 
2020-10-29T15:50:14.705+0000: [GC (Allocation Failure) 2020-10-29T15:50:14.705+0000: [ParNew: 16388K->4K(18432K), 0.0027249 secs] 465981K->449597K(713144K), 0.0027772 secs] [Times: user=0.00 sys=0.00, real=0.00 secs] 
2020-10-29T15:50:14.724+0000: [GC (Allocation Failure) 2020-10-29T15:50:14.725+0000: [ParNew: 16388K->4K(18432K), 0.0026738 secs] 465981K->449597K(713144K), 0.0027257 secs] [Times: user=0.01 sys=0.00, real=0.00 secs] 
2020-10-29T15:50:14.742+0000: [GC (Allocation Failure) 2020-10-29T15:50:14.742+0000: [ParNew: 16388K->4K(18432K), 0.0026144 secs] 465981K->449597K(713144K), 0.0026633 secs] [Times: user=0.00 sys=0.00, real=0.00 secs] 
2020-10-29T15:50:14.759+0000: [GC (Allocation Failure) 2020-10-29T15:50:14.759+0000: [ParNew: 16388K->4K(18432K), 0.0025806 secs] 465981K->449597K(713144K), 0.0026267 secs] [Times: user=0.01 sys=0.00, real=0.00 secs] 
2020-10-29T15:50:14.775+0000: [GC (Allocation Failure) 2020-10-29T15:50:14.775+0000: [ParNew: 16388K->4K(18432K), 0.0026406 secs] 465981K->449597K(713144K), 0.0026870 secs] [Times: user=0.01 sys=0.00, real=0.00 secs] 
2020-10-29T15:50:14.792+0000: [GC (Allocation Failure) 2020-10-29T15:50:14.792+0000: [ParNew: 16388K->4K(18432K), 0.0026010 secs] 465981K->449597K(713144K), 0.0026489 secs] [Times: user=0.00 sys=0.00, real=0.01 secs] 
2020-10-29T15:50:14.809+0000: [GC (Allocation Failure) 2020-10-29T15:50:14.809+0000: [ParNew: 16388K->4K(18432K), 0.0026231 secs] 465981K->449597K(713144K), 0.0026726 secs] [Times: user=0.01 sys=0.00, real=0.00 secs] 
2020-10-29T15:50:14.826+0000: [GC (Allocation Failure) 2020-10-29T15:50:14.826+0000: [ParNew: 16388K->4K(18432K), 0.0026331 secs] 465981K->449597K(713144K), 0.0026812 secs] [Times: user=0.01 sys=0.00, real=0.00 secs] 
2020-10-29T15:50:14.847+0000: [GC (Allocation Failure) 2020-10-29T15:50:14.847+0000: [ParNew: 16388K->4K(18432K), 0.0026651 secs] 465981K->449597K(713144K), 0.0027149 secs] [Times: user=0.01 sys=0.00, real=0.00 secs] 
2020-10-29T15:50:14.868+0000: [GC (Allocation Failure) 2020-10-29T15:50:14.868+0000: [ParNew: 16388K->4K(18432K), 0.0025958 secs] 465981K->449597K(713144K), 0.0026435 secs] [Times: user=0.00 sys=0.00, real=0.00 secs] 
2020-10-29T15:50:14.885+0000: [GC (Allocation Failure) 2020-10-29T15:50:14.885+0000: [ParNew: 16388K->4K(18432K), 0.0025436 secs] 465981K->449597K(713144K), 0.0025899 secs] [Times: user=0.01 sys=0.00, real=0.00 secs] 
2020-10-29T15:50:14.904+0000: [GC (Allocation Failure) 2020-10-29T15:50:14.904+0000: [ParNew: 16388K->4K(18432K), 0.0025852 secs] 465981K->449597K(713144K), 0.0026338 secs] [Times: user=0.00 sys=0.00, real=0.00 secs] 
2020-10-29T15:50:14.922+0000: [GC (Allocation Failure) 2020-10-29T15:50:14.922+0000: [ParNew: 16388K->4K(18432K), 0.0026073 secs] 465981K->449597K(713144K), 0.0026570 secs] [Times: user=0.00 sys=0.00, real=0.00 secs] 
2020-10-29T15:50:14.940+0000: [GC (Allocation Failure) 2020-10-29T15:50:14.940+0000: [ParNew: 16388K->4K(18432K), 0.0026633 secs] 465981K->449597K(713144K), 0.0027154 secs] [Times: user=0.01 sys=0.00, real=0.00 secs] 
2020-10-29T15:50:14.958+0000: [GC (Allocation Failure) 2020-10-29T15:50:14.958+0000: [ParNew: 16388K->4K(18432K), 0.0026627 secs] 465981K->449597K(713144K), 0.0027132 secs] [Times: user=0.00 sys=0.00, real=0.00 secs] 
2020-10-29T15:50:14.975+0000: [GC (Allocation Failure) 2020-10-29T15:50:14.975+0000: [ParNew: 16388K->4K(18432K), 0.0026789 secs] 465981K->449597K(713144K), 0.0027306 secs] [Times: user=0.01 sys=0.00, real=0.00 secs] 
2020-10-29T15:50:14.992+0000: [GC (Allocation Failure) 2020-10-29T15:50:14.992+0000: [ParNew: 16388K->4K(18432K), 0.0027045 secs] 465981K->449597K(713144K), 0.0027578 secs] [Times: user=0.01 sys=0.00, real=0.01 secs] 
2020-10-29T15:50:15.012+0000: [GC (Allocation Failure) 2020-10-29T15:50:15.013+0000: [ParNew: 16388K->4K(18432K), 0.0026652 secs] 465981K->449597K(713144K), 0.0027187 secs] [Times: user=0.01 sys=0.00, real=0.00 secs] 
2020-10-29T15:50:15.024+0000: [GC (Allocation Failure) 2020-10-29T15:50:15.024+0000: [ParNew: 16388K->4K(18432K), 0.0082690 secs] 465981K->457789K(713144K), 0.0083210 secs] [Times: user=0.02 sys=0.01, real=0.01 secs] 
2020-10-29T15:50:15.048+0000: [GC (Allocation Failure) 2020-10-29T15:50:15.048+0000: [ParNew: 16388K->4K(18432K), 0.0026520 secs] 474173K->457789K(713144K), 0.0027050 secs] [Times: user=0.01 sys=0.00, real=0.00 secs] 
2020-10-29T15:50:15.066+0000: [GC (Allocation Failure) 2020-10-29T15:50:15.066+0000: [ParNew: 16388K->4K(18432K), 0.0026036 secs] 474173K->457789K(713144K), 0.0026518 secs] [Times: user=0.01 sys=0.00, real=0.00 secs] 
2020-10-29T15:50:15.083+0000: [GC (Allocation Failure) 2020-10-29T15:50:15.083+0000: [ParNew: 16388K->4K(18432K), 0.0026500 secs] 474173K->457789K(713144K), 0.0027006 secs] [Times: user=0.00 sys=0.00, real=0.01 secs] 
2020-10-29T15:50:15.100+0000: [GC (Allocation Failure) 2020-10-29T15:50:15.100+0000: [ParNew: 16388K->4K(18432K), 0.0027207 secs] 474173K->457789K(713144K), 0.0027750 secs] [Times: user=0.01 sys=0.00, real=0.00 secs] 
2020-10-29T15:50:15.118+0000: [GC (Allocation Failure) 2020-10-29T15:50:15.118+0000: [ParNew: 16388K->4K(18432K), 0.0027103 secs] 474173K->457789K(713144K), 0.0027646 secs] [Times: user=0.01 sys=0.00, real=0.00 secs] 
2020-10-29T15:50:15.135+0000: [GC (Allocation Failure) 2020-10-29T15:50:15.135+0000: [ParNew: 16388K->4K(18432K), 0.0026932 secs] 474173K->457790K(713144K), 0.0027542 secs] [Times: user=0.00 sys=0.00, real=0.00 secs] 
2020-10-29T15:50:15.153+0000: [GC (Allocation Failure) 2020-10-29T15:50:15.153+0000: [ParNew: 16388K->4K(18432K), 0.0026853 secs] 474174K->457790K(713144K), 0.0027431 secs] [Times: user=0.00 sys=0.00, real=0.00 secs] 
2020-10-29T15:50:15.172+0000: [GC (Allocation Failure) 2020-10-29T15:50:15.172+0000: [ParNew: 16388K->4K(18432K), 0.0026848 secs] 474174K->457790K(713144K), 0.0027380 secs] [Times: user=0.01 sys=0.00, real=0.00 secs] 
2020-10-29T15:50:15.192+0000: [GC (Allocation Failure) 2020-10-29T15:50:15.192+0000: [ParNew: 16388K->4K(18432K), 0.0026515 secs] 474174K->457790K(713144K), 0.0027023 secs] [Times: user=0.00 sys=0.00, real=0.00 secs] 
2020-10-29T15:50:15.212+0000: [GC (Allocation Failure) 2020-10-29T15:50:15.212+0000: [ParNew: 16388K->4K(18432K), 0.0026747 secs] 474174K->457790K(713144K), 0.0027315 secs] [Times: user=0.01 sys=0.00, real=0.00 secs] 
2020-10-29T15:50:15.244+0000: [GC (Allocation Failure) 2020-10-29T15:50:15.245+0000: [ParNew: 16388K->1171K(18432K), 0.0029949 secs] 474174K->458957K(713144K), 0.0030500 secs] [Times: user=0.00 sys=0.00, real=0.00 secs] 
2020-10-29T15:50:15.279+0000: [GC (Allocation Failure) 2020-10-29T15:50:15.279+0000: [ParNew: 17555K->7K(18432K), 0.0030110 secs] 475341K->458921K(713144K), 0.0030684 secs] [Times: user=0.01 sys=0.00, real=0.00 secs] 
2020-10-29T15:50:15.312+0000: [GC (Allocation Failure) 2020-10-29T15:50:15.312+0000: [ParNew: 16391K->4K(18432K), 0.0026855 secs] 475305K->458918K(713144K), 0.0027396 secs] [Times: user=0.01 sys=0.00, real=0.00 secs] 
2020-10-29T15:50:15.344+0000: [GC (Allocation Failure) 2020-10-29T15:50:15.344+0000: [ParNew: 16388K->4K(18432K), 0.0027101 secs] 475302K->458918K(713144K), 0.0027657 secs] [Times: user=0.01 sys=0.00, real=0.00 secs] 
2020-10-29T15:50:15.375+0000: [GC (Allocation Failure) 2020-10-29T15:50:15.375+0000: [ParNew: 16388K->4K(18432K), 0.0027332 secs] 475302K->458918K(713144K), 0.0027883 secs] [Times: user=0.01 sys=0.00, real=0.00 secs] 
2020-10-29T15:50:15.408+0000: [GC (Allocation Failure) 2020-10-29T15:50:15.408+0000: [ParNew: 16388K->4K(18432K), 0.0026979 secs] 475302K->458918K(713144K), 0.0027522 secs] [Times: user=0.00 sys=0.00, real=0.00 secs] 
2020-10-29T15:50:15.439+0000: [GC (Allocation Failure) 2020-10-29T15:50:15.439+0000: [ParNew: 16388K->4K(18432K), 0.0026972 secs] 475302K->458918K(713144K), 0.0027510 secs] [Times: user=0.01 sys=0.00, real=0.00 secs] 
2020-10-29T15:50:15.480+0000: [GC (Allocation Failure) 2020-10-29T15:50:15.481+0000: [ParNew: 16388K->4K(18432K), 0.0027437 secs] 475302K->458918K(713144K), 0.0028017 secs] [Times: user=0.00 sys=0.00, real=0.00 secs] 
2020-10-29T15:50:15.513+0000: [GC (Allocation Failure) 2020-10-29T15:50:15.513+0000: [ParNew: 16388K->4K(18432K), 0.0026575 secs] 475302K->458918K(713144K), 0.0027119 secs] [Times: user=0.00 sys=0.00, real=0.00 secs] 
2020-10-29T15:50:15.548+0000: [GC (Allocation Failure) 2020-10-29T15:50:15.548+0000: [ParNew: 16388K->4K(18432K), 0.0027205 secs] 475302K->458918K(713144K), 0.0027757 secs] [Times: user=0.01 sys=0.00, real=0.00 secs] 
2020-10-29T15:50:15.578+0000: [GC (Allocation Failure) 2020-10-29T15:50:15.578+0000: [ParNew: 16388K->4K(18432K), 0.0027183 secs] 475302K->458918K(713144K), 0.0027738 secs] [Times: user=0.01 sys=0.00, real=0.00 secs] 
2020-10-29T15:50:15.608+0000: [GC (Allocation Failure) 2020-10-29T15:50:15.608+0000: [ParNew: 16388K->4K(18432K), 0.0027170 secs] 475302K->458918K(713144K), 0.0027720 secs] [Times: user=0.01 sys=0.00, real=0.00 secs] 
2020-10-29T15:50:15.640+0000: [GC (Allocation Failure) 2020-10-29T15:50:15.640+0000: [ParNew: 16388K->4K(18432K), 0.0027065 secs] 475302K->458918K(713144K), 0.0027619 secs] [Times: user=0.00 sys=0.00, real=0.00 secs] 
2020-10-29T15:50:15.672+0000: [GC (Allocation Failure) 2020-10-29T15:50:15.673+0000: [ParNew: 16388K->4K(18432K), 0.0026917 secs] 475302K->458918K(713144K), 0.0027472 secs] [Times: user=0.00 sys=0.00, real=0.00 secs] 
2020-10-29T15:50:15.704+0000: [GC (Allocation Failure) 2020-10-29T15:50:15.704+0000: [ParNew: 16388K->4K(18432K), 0.0027266 secs] 475302K->458918K(713144K), 0.0027833 secs] [Times: user=0.00 sys=0.00, real=0.01 secs] 
2020-10-29T15:50:15.739+0000: [GC (Allocation Failure) 2020-10-29T15:50:15.739+0000: [ParNew: 10954K->4K(18432K), 0.0036981 secs] 469868K->458918K(713144K), 0.0037704 secs] [Times: user=0.01 sys=0.00, real=0.00 secs] 
2020-10-29T15:50:15.770+0000: [GC (Allocation Failure) 2020-10-29T15:50:15.771+0000: [ParNew: 16388K->4K(18432K), 0.0161507 secs] 475302K->467110K(713144K), 0.0162254 secs] [Times: user=0.02 sys=0.01, real=0.02 secs] 
2020-10-29T15:50:15.815+0000: [GC (Allocation Failure) 2020-10-29T15:50:15.815+0000: [ParNew: 16388K->4K(18432K), 0.0027086 secs] 483494K->467110K(713144K), 0.0027817 secs] [Times: user=0.00 sys=0.00, real=0.00 secs] 
2020-10-29T15:50:15.845+0000: [GC (Allocation Failure) 2020-10-29T15:50:15.845+0000: [ParNew: 16388K->4K(18432K), 0.0026540 secs] 483494K->467110K(713144K), 0.0027084 secs] [Times: user=0.01 sys=0.00, real=0.00 secs] 
2020-10-29T15:50:15.876+0000: [GC (Allocation Failure) 2020-10-29T15:50:15.877+0000: [ParNew: 16388K->4K(18432K), 0.0026597 secs] 483494K->467110K(713144K), 0.0027265 secs] [Times: user=0.01 sys=0.00, real=0.00 secs] 
2020-10-29T15:50:15.917+0000: [GC (Allocation Failure) 2020-10-29T15:50:15.917+0000: [ParNew: 16388K->4K(18432K), 0.0026671 secs] 483494K->467110K(713144K), 0.0027216 secs] [Times: user=0.01 sys=0.00, real=0.00 secs] 
2020-10-29T15:50:15.948+0000: [GC (Allocation Failure) 2020-10-29T15:50:15.949+0000: [ParNew: 16388K->4K(18432K), 0.0026573 secs] 483494K->467110K(713144K), 0.0027099 secs] [Times: user=0.01 sys=0.00, real=0.00 secs] 
2020-10-29T15:50:15.979+0000: [GC (Allocation Failure) 2020-10-29T15:50:15.979+0000: [ParNew: 16388K->4K(18432K), 0.0026896 secs] 483494K->467110K(713144K), 0.0027549 secs] [Times: user=0.01 sys=0.00, real=0.00 secs] 
2020-10-29T15:50:16.040+0000: [GC (Allocation Failure) 2020-10-29T15:50:16.041+0000: [ParNew: 16388K->4K(18432K), 0.0027333 secs] 483494K->467110K(713144K), 0.0027878 secs] [Times: user=0.01 sys=0.00, real=0.00 secs] 
2020-10-29T15:50:16.096+0000: [GC (Allocation Failure) 2020-10-29T15:50:16.097+0000: [ParNew: 16388K->4K(18432K), 0.0026663 secs] 483494K->467110K(713144K), 0.0027226 secs] [Times: user=0.00 sys=0.00, real=0.00 secs] 
2020-10-29T15:50:16.129+0000: [GC (Allocation Failure) 2020-10-29T15:50:16.129+0000: [ParNew: 16388K->4K(18432K), 0.0026583 secs] 483494K->467110K(713144K), 0.0027319 secs] [Times: user=0.01 sys=0.00, real=0.00 secs] 
2020-10-29T15:50:16.164+0000: [GC (Allocation Failure) 2020-10-29T15:50:16.165+0000: [ParNew: 16388K->4K(18432K), 0.0027235 secs] 483494K->467110K(713144K), 0.0027986 secs] [Times: user=0.01 sys=0.00, real=0.00 secs] 
2020-10-29T15:50:16.199+0000: [GC (Allocation Failure) 2020-10-29T15:50:16.199+0000: [ParNew: 16388K->4K(18432K), 0.0026802 secs] 483494K->467110K(713144K), 0.0027352 secs] [Times: user=0.01 sys=0.00, real=0.00 secs] 
2020-10-29T15:50:16.232+0000: [GC (Allocation Failure) 2020-10-29T15:50:16.233+0000: [ParNew: 16388K->4K(18432K), 0.0026555 secs] 483494K->467110K(713144K), 0.0027095 secs] [Times: user=0.00 sys=0.00, real=0.00 secs] 
2020-10-29T15:50:16.266+0000: [GC (Allocation Failure) 2020-10-29T15:50:16.266+0000: [ParNew: 16388K->4K(18432K), 0.0027250 secs] 483494K->467110K(713144K), 0.0027812 secs] [Times: user=0.01 sys=0.00, real=0.00 secs] 
2020-10-29T15:50:16.300+0000: [GC (Allocation Failure) 2020-10-29T15:50:16.300+0000: [ParNew: 16388K->4K(18432K), 0.0026544 secs] 483494K->467110K(713144K), 0.0027087 secs] [Times: user=0.01 sys=0.00, real=0.00 secs] 
2020-10-29T15:50:16.332+0000: [GC (Allocation Failure) 2020-10-29T15:50:16.333+0000: [ParNew: 16388K->4K(18432K), 0.0027216 secs] 483494K->467110K(713144K), 0.0027770 secs] [Times: user=0.00 sys=0.00, real=0.00 secs] 
2020-10-29T15:50:16.382+0000: [GC (Allocation Failure) 2020-10-29T15:50:16.382+0000: [ParNew: 16388K->4K(18432K), 0.0068479 secs] 483494K->467110K(713144K), 0.0069254 secs] [Times: user=0.01 sys=0.00, real=0.01 secs] 
2020-10-29T15:50:16.405+0000: [GC (Allocation Failure) 2020-10-29T15:50:16.405+0000: [ParNew: 16388K->4K(18432K), 0.0086092 secs] 483494K->475302K(713144K), 0.0086832 secs] [Times: user=0.01 sys=0.00, real=0.01 secs] 
2020-10-29T15:50:16.444+0000: [GC (Allocation Failure) 2020-10-29T15:50:16.445+0000: [ParNew: 16388K->4K(18432K), 0.0026578 secs] 491686K->475302K(713144K), 0.0027117 secs] [Times: user=0.00 sys=0.00, real=0.00 secs] 
2020-10-29T15:50:16.475+0000: [GC (Allocation Failure) 2020-10-29T15:50:16.475+0000: [ParNew: 16388K->4K(18432K), 0.0026848 secs] 491686K->475302K(713144K), 0.0027580 secs] [Times: user=0.00 sys=0.00, real=0.00 secs] 
2020-10-29T15:50:16.508+0000: [GC (Allocation Failure) 2020-10-29T15:50:16.508+0000: [ParNew: 16388K->4K(18432K), 0.0027155 secs] 491686K->475302K(713144K), 0.0027861 secs] [Times: user=0.01 sys=0.00, real=0.00 secs] 
2020-10-29T15:50:16.540+0000: [GC (Allocation Failure) 2020-10-29T15:50:16.540+0000: [ParNew: 16388K->4K(18432K), 0.0026834 secs] 491686K->475302K(713144K), 0.0027480 secs] [Times: user=0.01 sys=0.00, real=0.00 secs] 
2020-10-29T15:50:16.588+0000: [GC (Allocation Failure) 2020-10-29T15:50:16.588+0000: [ParNew: 16388K->4K(18432K), 0.0026894 secs] 491686K->475302K(713144K), 0.0027556 secs] [Times: user=0.00 sys=0.00, real=0.00 secs] 
2020-10-29T15:50:16.619+0000: [GC (Allocation Failure) 2020-10-29T15:50:16.619+0000: [ParNew: 16388K->4K(18432K), 0.0026994 secs] 491686K->475302K(713144K), 0.0027546 secs] [Times: user=0.00 sys=0.00, real=0.00 secs] 
2020-10-29T15:50:16.676+0000: [GC (Allocation Failure) 2020-10-29T15:50:16.676+0000: [ParNew: 16388K->4K(18432K), 0.0026893 secs] 491686K->475302K(713144K), 0.0027342 secs] [Times: user=0.00 sys=0.00, real=0.00 secs] 
2020-10-29T15:50:16.710+0000: [GC (Allocation Failure) 2020-10-29T15:50:16.710+0000: [ParNew: 16388K->4K(18432K), 0.0027005 secs] 491686K->475302K(713144K), 0.0027448 secs] [Times: user=0.00 sys=0.00, real=0.01 secs] 
2020-10-29T15:50:16.742+0000: [GC (Allocation Failure) 2020-10-29T15:50:16.742+0000: [ParNew: 16388K->4K(18432K), 0.0027465 secs] 491686K->475302K(713144K), 0.0027905 secs] [Times: user=0.01 sys=0.00, real=0.01 secs] 
2020-10-29T15:50:16.773+0000: [GC (Allocation Failure) 2020-10-29T15:50:16.773+0000: [ParNew: 16388K->4K(18432K), 0.0026432 secs] 491686K->475302K(713144K), 0.0026877 secs] [Times: user=0.00 sys=0.00, real=0.00 secs] 
2020-10-29T15:50:16.804+0000: [GC (Allocation Failure) 2020-10-29T15:50:16.805+0000: [ParNew: 16388K->4K(18432K), 0.0026534 secs] 491686K->475302K(713144K), 0.0026974 secs] [Times: user=0.01 sys=0.00, real=0.00 secs] 
2020-10-29T15:50:16.835+0000: [GC (Allocation Failure) 2020-10-29T15:50:16.835+0000: [ParNew: 16388K->4K(18432K), 0.0026894 secs] 491686K->475303K(713144K), 0.0027502 secs] [Times: user=0.01 sys=0.00, real=0.00 secs] 
2020-10-29T15:50:16.864+0000: [GC (Allocation Failure) 2020-10-29T15:50:16.864+0000: [ParNew: 16388K->4K(18432K), 0.0026624 secs] 491687K->475303K(713144K), 0.0027062 secs] [Times: user=0.01 sys=0.00, real=0.00 secs] 
2020-10-29T15:50:16.896+0000: [GC (Allocation Failure) 2020-10-29T15:50:16.896+0000: [ParNew: 16388K->4K(18432K), 0.0026536 secs] 491687K->475303K(713144K), 0.0026972 secs] [Times: user=0.01 sys=0.00, real=0.00 secs] 
2020-10-29T15:50:16.926+0000: [GC (Allocation Failure) 2020-10-29T15:50:16.926+0000: [ParNew: 16388K->4K(18432K), 0.0026702 secs] 491687K->475303K(713144K), 0.0027138 secs] [Times: user=0.01 sys=0.00, real=0.00 secs] 
2020-10-29T15:50:16.956+0000: [GC (Allocation Failure) 2020-10-29T15:50:16.956+0000: [ParNew: 16388K->4K(18432K), 0.0026589 secs] 491687K->475303K(713144K), 0.0027027 secs] [Times: user=0.00 sys=0.00, real=0.00 secs] 
2020-10-29T15:50:16.976+0000: [GC (Allocation Failure) 2020-10-29T15:50:16.976+0000: [ParNew: 16388K->4K(18432K), 0.0083421 secs] 491687K->483495K(713144K), 0.0083886 secs] [Times: user=0.02 sys=0.00, real=0.01 secs] 
2020-10-29T15:50:17.012+0000: [GC (Allocation Failure) 2020-10-29T15:50:17.012+0000: [ParNew: 16388K->4K(18432K), 0.0026782 secs] 499879K->483495K(713144K), 0.0027227 secs] [Times: user=0.01 sys=0.00, real=0.00 secs] 
2020-10-29T15:50:17.042+0000: [GC (Allocation Failure) 2020-10-29T15:50:17.042+0000: [ParNew: 16388K->4K(18432K), 0.0026172 secs] 499879K->483495K(713144K), 0.0026811 secs] [Times: user=0.00 sys=0.00, real=0.01 secs] 
2020-10-29T15:50:17.071+0000: [GC (GCLocker Initiated GC) 2020-10-29T15:50:17.071+0000: [ParNew: 16388K->4K(18432K), 0.0026905 secs] 499879K->483495K(713144K), 0.0027366 secs] [Times: user=0.00 sys=0.00, real=0.01 secs] 
2020-10-29T15:50:17.101+0000: [GC (Allocation Failure) 2020-10-29T15:50:17.101+0000: [ParNew: 16388K->4K(18432K), 0.0026538 secs] 499879K->483495K(713144K), 0.0027073 secs] [Times: user=0.00 sys=0.00, real=0.00 secs] 
2020-10-29T15:50:17.131+0000: [GC (Allocation Failure) 2020-10-29T15:50:17.131+0000: [ParNew: 16388K->4K(18432K), 0.0026598 secs] 499879K->483495K(713144K), 0.0027048 secs] [Times: user=0.01 sys=0.00, real=0.01 secs] 
2020-10-29T15:50:17.160+0000: [GC (Allocation Failure) 2020-10-29T15:50:17.160+0000: [ParNew: 16388K->4K(18432K), 0.0026289 secs] 499879K->483495K(713144K), 0.0026727 secs] [Times: user=0.00 sys=0.00, real=0.00 secs] 
2020-10-29T15:50:17.196+0000: [GC (Allocation Failure) 2020-10-29T15:50:17.196+0000: [ParNew: 16388K->4K(18432K), 0.0026445 secs] 499879K->483495K(713144K), 0.0026888 secs] [Times: user=0.01 sys=0.00, real=0.00 secs] 
2020-10-29T15:50:17.227+0000: [GC (Allocation Failure) 2020-10-29T15:50:17.227+0000: [ParNew: 16388K->4K(18432K), 0.0026562 secs] 499879K->483495K(713144K), 0.0027039 secs] [Times: user=0.00 sys=0.00, real=0.00 secs] 
2020-10-29T15:50:17.259+0000: [GC (Allocation Failure) 2020-10-29T15:50:17.259+0000: [ParNew: 16388K->4K(18432K), 0.0026533 secs] 499879K->483495K(713144K), 0.0026973 secs] [Times: user=0.00 sys=0.00, real=0.00 secs] 
2020-10-29T15:50:17.288+0000: [GC (Allocation Failure) 2020-10-29T15:50:17.288+0000: [ParNew: 16388K->4K(18432K), 0.0030764 secs] 499879K->483495K(713144K), 0.0031189 secs] [Times: user=0.00 sys=0.00, real=0.00 secs] 
2020-10-29T15:50:17.328+0000: [GC (Allocation Failure) 2020-10-29T15:50:17.328+0000: [ParNew: 16388K->4K(18432K), 0.0026767 secs] 499879K->483495K(713144K), 0.0027188 secs] [Times: user=0.01 sys=0.00, real=0.00 secs] 
2020-10-29T15:50:17.357+0000: [GC (Allocation Failure) 2020-10-29T15:50:17.357+0000: [ParNew: 16388K->4K(18432K), 0.0026585 secs] 499879K->483495K(713144K), 0.0027030 secs] [Times: user=0.00 sys=0.00, real=0.00 secs] 
2020-10-29T15:50:17.386+0000: [GC (GCLocker Initiated GC) 2020-10-29T15:50:17.386+0000: [ParNew: 16388K->4K(18432K), 0.0028814 secs] 499879K->483495K(713144K), 0.0029267 secs] [Times: user=0.01 sys=0.00, real=0.00 secs] 
2020-10-29T15:50:17.415+0000: [GC (Allocation Failure) 2020-10-29T15:50:17.415+0000: [ParNew: 16388K->4K(18432K), 0.0027222 secs] 499879K->483495K(713144K), 0.0027668 secs] [Times: user=0.00 sys=0.00, real=0.00 secs] 
2020-10-29T15:50:17.444+0000: [GC (Allocation Failure) 2020-10-29T15:50:17.444+0000: [ParNew: 16054K->4K(18432K), 0.0026320 secs] 499546K->483495K(713144K), 0.0026761 secs] [Times: user=0.00 sys=0.00, real=0.00 secs] 
2020-10-29T15:50:17.464+0000: [GC (Allocation Failure) 2020-10-29T15:50:17.464+0000: [ParNew: 16388K->4K(18432K), 0.0081843 secs] 499879K->491687K(713144K), 0.0082300 secs] [Times: user=0.01 sys=0.00, real=0.01 secs] 
2020-10-29T15:50:17.475+0000: [GC (CMS Initial Mark) [1 CMS-initial-mark: 491683K(694712K)] 491687K(713144K), 0.0012582 secs] [Times: user=0.00 sys=0.00, real=0.00 secs] 
2020-10-29T15:50:17.476+0000: [CMS-concurrent-mark-start]
2020-10-29T15:50:17.520+0000: [CMS-concurrent-mark: 0.045/0.045 secs] [Times: user=0.09 sys=0.00, real=0.04 secs] 
2020-10-29T15:50:17.521+0000: [CMS-concurrent-preclean-start]
2020-10-29T15:50:17.523+0000: [CMS-concurrent-preclean: 0.002/0.002 secs] [Times: user=0.00 sys=0.00, real=0.00 secs] 
2020-10-29T15:50:17.523+0000: [CMS-concurrent-abortable-preclean-start]
2020-10-29T15:50:17.527+0000: [GC (Allocation Failure) 2020-10-29T15:50:17.527+0000: [ParNew: 16388K->4K(18432K), 0.0023415 secs] 508071K->491687K(713144K), 0.0023817 secs] [Times: user=0.00 sys=0.00, real=0.00 secs] 
2020-10-29T15:50:17.555+0000: [GC (Allocation Failure) 2020-10-29T15:50:17.555+0000: [ParNew: 16388K->4K(18432K), 0.0026048 secs] 508071K->491687K(713144K), 0.0026490 secs] [Times: user=0.00 sys=0.00, real=0.00 secs] 
2020-10-29T15:50:17.589+0000: [GC (Allocation Failure) 2020-10-29T15:50:17.589+0000: [ParNew: 16388K->4K(18432K), 0.0026306 secs] 508071K->491687K(713144K), 0.0026757 secs] [Times: user=0.01 sys=0.00, real=0.00 secs] 
2020-10-29T15:50:17.618+0000: [GC (Allocation Failure) 2020-10-29T15:50:17.618+0000: [ParNew: 16388K->4K(18432K), 0.0027147 secs] 508071K->491687K(713144K), 0.0027627 secs] [Times: user=0.00 sys=0.00, real=0.00 secs] 
2020-10-29T15:50:17.648+0000: [GC (Allocation Failure) 2020-10-29T15:50:17.648+0000: [ParNew: 16388K->4K(18432K), 0.0027097 secs] 508071K->491687K(713144K), 0.0027537 secs] [Times: user=0.01 sys=0.00, real=0.00 secs] 
2020-10-29T15:50:17.684+0000: [GC (Allocation Failure) 2020-10-29T15:50:17.684+0000: [ParNew: 16388K->4K(18432K), 0.0026701 secs] 508071K->491688K(713144K), 0.0027353 secs] [Times: user=0.00 sys=0.00, real=0.01 secs] 
2020-10-29T15:50:17.725+0000: [GC (Allocation Failure) 2020-10-29T15:50:17.725+0000: [ParNew: 16388K->24K(18432K), 0.0027360 secs] 508072K->491708K(713144K), 0.0027828 secs] [Times: user=0.00 sys=0.00, real=0.00 secs] 
2020-10-29T15:50:17.777+0000: [GC (Allocation Failure) 2020-10-29T15:50:17.778+0000: [ParNew: 16408K->74K(18432K), 0.0034039 secs] 573628K->557294K(713144K), 0.0034890 secs] [Times: user=0.00 sys=0.00, real=0.00 secs] 
2020-10-29T15:50:17.800+0000: [GC (Allocation Failure) 2020-10-29T15:50:17.800+0000: [ParNew: 16458K->73K(18432K), 0.0025885 secs] 573678K->557293K(713144K), 0.0026410 secs] [Times: user=0.00 sys=0.00, real=0.00 secs] 
2020-10-29T15:50:17.819+0000: [GC (Allocation Failure) 2020-10-29T15:50:17.819+0000: [ParNew: 16457K->139K(18432K), 0.0025372 secs] 573677K->557359K(713144K), 0.0026155 secs] [Times: user=0.01 sys=0.00, real=0.00 secs] 
2020-10-29T15:50:17.838+0000: [GC (Allocation Failure) 2020-10-29T15:50:17.838+0000: [ParNew: 16523K->268K(18432K), 0.0024960 secs] 573743K->557488K(713144K), 0.0025461 secs] [Times: user=0.00 sys=0.00, real=0.00 secs] 
2020-10-29T15:50:17.856+0000: [GC (Allocation Failure) 2020-10-29T15:50:17.856+0000: [ParNew: 16652K->268K(18432K), 0.0026365 secs] 573872K->557488K(713144K), 0.0026888 secs] [Times: user=0.01 sys=0.00, real=0.00 secs] 
2020-10-29T15:50:17.874+0000: [GC (Allocation Failure) 2020-10-29T15:50:17.874+0000: [ParNew: 16652K->264K(18432K), 0.0026077 secs] 573872K->557487K(713144K), 0.0026584 secs] [Times: user=0.01 sys=0.00, real=0.00 secs] 
2020-10-29T15:50:17.894+0000: [GC (Allocation Failure) 2020-10-29T15:50:17.894+0000: [ParNew: 16648K->516K(18432K), 0.0026253 secs] 573871K->557742K(713144K), 0.0026762 secs] [Times: user=0.00 sys=0.00, real=0.00 secs] 
2020-10-29T15:50:17.916+0000: [GC (Allocation Failure) 2020-10-29T15:50:17.916+0000: [ParNew: 16900K->1028K(18432K), 0.0027308 secs] 574126K->558254K(713144K), 0.0027842 secs] [Times: user=0.00 sys=0.00, real=0.00 secs] 
2020-10-29T15:50:17.935+0000: [GC (Allocation Failure) 2020-10-29T15:50:17.935+0000: [ParNew: 17412K->4K(18432K), 0.0027451 secs] 574638K->557742K(713144K), 0.0027983 secs] [Times: user=0.01 sys=0.00, real=0.00 secs] 
2020-10-29T15:50:17.953+0000: [GC (Allocation Failure) 2020-10-29T15:50:17.953+0000: [ParNew: 16388K->4K(18432K), 0.0024646 secs] 574126K->557742K(713144K), 0.0025156 secs] [Times: user=0.00 sys=0.00, real=0.00 secs] 
2020-10-29T15:50:17.971+0000: [GC (Allocation Failure) 2020-10-29T15:50:17.971+0000: [ParNew: 16388K->4K(18432K), 0.0026580 secs] 574126K->557742K(713144K), 0.0027134 secs] [Times: user=0.01 sys=0.00, real=0.01 secs] 
2020-10-29T15:50:17.992+0000: [GC (Allocation Failure) 2020-10-29T15:50:17.992+0000: [ParNew: 16388K->1028K(18432K), 0.0028889 secs] 574126K->559790K(713144K), 0.0029361 secs] [Times: user=0.01 sys=0.00, real=0.00 secs] 
2020-10-29T15:50:18.012+0000: [GC (Allocation Failure) 2020-10-29T15:50:18.013+0000: [ParNew: 17412K->4K(18432K), 0.0025106 secs] 576174K->558766K(713144K), 0.0025703 secs] [Times: user=0.00 sys=0.00, real=0.00 secs] 
2020-10-29T15:50:18.032+0000: [GC (Allocation Failure) 2020-10-29T15:50:18.032+0000: [ParNew: 16388K->4K(18432K), 0.0024048 secs] 575150K->558766K(713144K), 0.0024563 secs] [Times: user=0.00 sys=0.00, real=0.00 secs] 
2020-10-29T15:50:18.052+0000: [GC (Allocation Failure) 2020-10-29T15:50:18.052+0000: [ParNew: 16388K->4K(18432K), 0.0024406 secs] 575150K->558766K(713144K), 0.0024913 secs] [Times: user=0.01 sys=0.00, real=0.00 secs] 
2020-10-29T15:50:18.070+0000: [GC (Allocation Failure) 2020-10-29T15:50:18.070+0000: [ParNew: 16388K->4K(18432K), 0.0024576 secs] 575150K->558766K(713144K), 0.0025083 secs] [Times: user=0.00 sys=0.00, real=0.01 secs] 
2020-10-29T15:50:18.092+0000: [GC (Allocation Failure) 2020-10-29T15:50:18.092+0000: [ParNew: 16388K->4K(18432K), 0.0024965 secs] 575150K->558766K(713144K), 0.0025488 secs] [Times: user=0.00 sys=0.00, real=0.00 secs] 
2020-10-29T15:50:18.110+0000: [GC (Allocation Failure) 2020-10-29T15:50:18.110+0000: [ParNew: 16388K->4K(18432K), 0.0024170 secs] 575150K->558766K(713144K), 0.0024665 secs] [Times: user=0.00 sys=0.00, real=0.01 secs] 
2020-10-29T15:50:18.128+0000: [GC (Allocation Failure) 2020-10-29T15:50:18.128+0000: [ParNew: 16388K->4K(18432K), 0.0024754 secs] 575150K->558766K(713144K), 0.0025273 secs] [Times: user=0.01 sys=0.00, real=0.00 secs] 
2020-10-29T15:50:18.146+0000: [GC (Allocation Failure) 2020-10-29T15:50:18.146+0000: [ParNew: 16388K->4K(18432K), 0.0024752 secs] 575150K->558766K(713144K), 0.0025233 secs] [Times: user=0.00 sys=0.00, real=0.00 secs] 
2020-10-29T15:50:18.163+0000: [GC (Allocation Failure) 2020-10-29T15:50:18.163+0000: [ParNew: 16388K->4K(18432K), 0.0024973 secs] 575150K->558766K(713144K), 0.0025469 secs] [Times: user=0.00 sys=0.00, real=0.01 secs] 
2020-10-29T15:50:18.181+0000: [GC (Allocation Failure) 2020-10-29T15:50:18.181+0000: [ParNew: 15644K->4K(18432K), 0.0025638 secs] 574407K->558766K(713144K), 0.0026158 secs] [Times: user=0.00 sys=0.00, real=0.00 secs] 
2020-10-29T15:50:18.203+0000: [GC (Allocation Failure) 2020-10-29T15:50:18.203+0000: [ParNew: 16388K->8K(18432K), 0.0029994 secs] 575150K->560818K(713144K), 0.0030466 secs] [Times: user=0.00 sys=0.00, real=0.01 secs] 
2020-10-29T15:50:18.206+0000: [CMS-concurrent-abortable-preclean: 0.049/0.683 secs] [Times: user=1.19 sys=0.09, real=0.69 secs] 
2020-10-29T15:50:18.207+0000: [GC (CMS Final Remark) [YG occupancy: 8 K (18432 K)]2020-10-29T15:50:18.207+0000: [Rescan (parallel) , 0.0017826 secs]2020-10-29T15:50:18.208+0000: [weak refs processing, 0.0000258 secs]2020-10-29T15:50:18.208+0000: [class unloading, 0.0079565 secs]2020-10-29T15:50:18.216+0000: [scrub symbol table, 0.0098572 secs]2020-10-29T15:50:18.226+0000: [scrub string table, 0.0005582 secs][1 CMS-remark: 560810K(694712K)] 560818K(713144K), 0.0202961 secs] [Times: user=0.03 sys=0.00, real=0.02 secs] 
2020-10-29T15:50:18.227+0000: [CMS-concurrent-sweep-start]
2020-10-29T15:50:18.239+0000: [CMS-concurrent-sweep: 0.012/0.012 secs] [Times: user=0.02 sys=0.00, real=0.01 secs] 
2020-10-29T15:50:18.240+0000: [CMS-concurrent-reset-start]
2020-10-29T15:50:18.241+0000: [CMS-concurrent-reset: 0.002/0.002 secs] [Times: user=0.01 sys=0.00, real=0.00 secs] 
2020-10-29T15:50:18.275+0000: [GC (Allocation Failure) 2020-10-29T15:50:18.275+0000: [ParNew: 16392K->1128K(18432K), 0.0092322 secs] 577201K->561938K(896640K), 0.0092931 secs] [Times: user=0.02 sys=0.00, real=0.01 secs] 
2020-10-29T15:50:18.312+0000: [GC (Allocation Failure) 2020-10-29T15:50:18.312+0000: [ParNew: 17512K->4K(18432K), 0.0034095 secs] 578322K->561937K(896640K), 0.0034828 secs] [Times: user=0.01 sys=0.00, real=0.00 secs] 
2020-10-29T15:50:18.349+0000: [GC (Allocation Failure) 2020-10-29T15:50:18.349+0000: [ParNew: 16388K->4K(18432K), 0.0032294 secs] 578321K->561937K(896640K), 0.0033080 secs] [Times: user=0.01 sys=0.00, real=0.00 secs] 
2020-10-29T15:50:18.387+0000: [GC (Allocation Failure) 2020-10-29T15:50:18.387+0000: [ParNew: 16388K->4K(18432K), 0.0032872 secs] 578321K->561937K(896640K), 0.0033695 secs] [Times: user=0.01 sys=0.00, real=0.00 secs] 
2020-10-29T15:50:18.425+0000: [GC (Allocation Failure) 2020-10-29T15:50:18.425+0000: [ParNew: 16388K->4K(18432K), 0.0032254 secs] 578321K->561937K(896640K), 0.0032988 secs] [Times: user=0.00 sys=0.00, real=0.00 secs] 
2020-10-29T15:50:18.455+0000: [GC (Allocation Failure) 2020-10-29T15:50:18.455+0000: [ParNew: 16388K->4K(18432K), 0.0031663 secs] 578321K->561937K(896640K), 0.0032202 secs] [Times: user=0.00 sys=0.00, real=0.00 secs] 
2020-10-29T15:50:18.488+0000: [GC (Allocation Failure) 2020-10-29T15:50:18.488+0000: [ParNew: 16388K->4K(18432K), 0.0031362 secs] 578321K->561937K(896640K), 0.0031941 secs] [Times: user=0.01 sys=0.00, real=0.00 secs] 
2020-10-29T15:50:18.520+0000: [GC (Allocation Failure) 2020-10-29T15:50:18.521+0000: [ParNew: 16388K->4K(18432K), 0.0031392 secs] 578321K->561937K(896640K), 0.0031939 secs] [Times: user=0.01 sys=0.00, real=0.00 secs] 
2020-10-29T15:50:18.552+0000: [GC (Allocation Failure) 2020-10-29T15:50:18.553+0000: [ParNew: 16388K->4K(18432K), 0.0031398 secs] 578321K->561937K(896640K), 0.0031931 secs] [Times: user=0.01 sys=0.00, real=0.00 secs] 
2020-10-29T15:50:18.579+0000: [GC (Allocation Failure) 2020-10-29T15:50:18.579+0000: [ParNew: 15194K->4K(18432K), 0.0031846 secs] 577128K->561937K(896640K), 0.0032385 secs] [Times: user=0.01 sys=0.00, real=0.00 secs] 
2020-10-29T15:50:18.608+0000: [GC (Allocation Failure) 2020-10-29T15:50:18.608+0000: [ParNew: 16388K->4K(18432K), 0.0038935 secs] 578321K->566033K(896640K), 0.0039478 secs] [Times: user=0.01 sys=0.00, real=0.00 secs] 
2020-10-29T15:50:18.638+0000: [GC (Allocation Failure) 2020-10-29T15:50:18.638+0000: [ParNew: 16388K->4K(18432K), 0.0031597 secs] 582417K->566033K(896640K), 0.0032123 secs] [Times: user=0.01 sys=0.00, real=0.00 secs] 
2020-10-29T15:50:18.671+0000: [GC (Allocation Failure) 2020-10-29T15:50:18.671+0000: [ParNew: 16388K->4K(18432K), 0.0031281 secs] 582417K->566034K(896640K), 0.0031800 secs] [Times: user=0.01 sys=0.00, real=0.01 secs] 
2020-10-29T15:50:18.704+0000: [GC (Allocation Failure) 2020-10-29T15:50:18.704+0000: [ParNew: 16388K->4K(18432K), 0.0030876 secs] 582418K->566034K(896640K), 0.0031367 secs] [Times: user=0.00 sys=0.00, real=0.00 secs] 
2020-10-29T15:50:18.736+0000: [GC (Allocation Failure) 2020-10-29T15:50:18.736+0000: [ParNew: 16388K->4K(18432K), 0.0030908 secs] 582418K->566034K(896640K), 0.0031421 secs] [Times: user=0.00 sys=0.00, real=0.00 secs] 
2020-10-29T15:50:18.767+0000: [GC (Allocation Failure) 2020-10-29T15:50:18.767+0000: [ParNew: 16388K->4K(18432K), 0.0031465 secs] 582418K->566034K(896640K), 0.0031974 secs] [Times: user=0.01 sys=0.00, real=0.00 secs] 
2020-10-29T15:50:18.800+0000: [GC (Allocation Failure) 2020-10-29T15:50:18.800+0000: [ParNew: 16388K->4K(18432K), 0.0031614 secs] 582418K->566034K(896640K), 0.0032162 secs] [Times: user=0.00 sys=0.00, real=0.00 secs] 
2020-10-29T15:50:18.828+0000: [GC (Allocation Failure) 2020-10-29T15:50:18.828+0000: [ParNew: 16388K->4K(18432K), 0.0031968 secs] 582418K->566034K(896640K), 0.0032517 secs] [Times: user=0.01 sys=0.00, real=0.00 secs] 
2020-10-29T15:50:18.856+0000: [GC (Allocation Failure) 2020-10-29T15:50:18.856+0000: [ParNew: 16388K->4K(18432K), 0.0031742 secs] 582418K->566034K(896640K), 0.0032311 secs] [Times: user=0.00 sys=0.00, real=0.00 secs] 
2020-10-29T15:50:18.886+0000: [GC (Allocation Failure) 2020-10-29T15:50:18.886+0000: [ParNew: 16388K->4K(18432K), 0.0031590 secs] 582418K->566034K(896640K), 0.0032125 secs] [Times: user=0.01 sys=0.00, real=0.00 secs] 
2020-10-29T15:50:18.916+0000: [GC (Allocation Failure) 2020-10-29T15:50:18.916+0000: [ParNew: 16388K->4K(18432K), 0.0031695 secs] 582418K->566034K(896640K), 0.0032213 secs] [Times: user=0.01 sys=0.00, real=0.00 secs] 
2020-10-29T15:50:18.945+0000: [GC (Allocation Failure) 2020-10-29T15:50:18.945+0000: [ParNew: 16388K->4K(18432K), 0.0031618 secs] 582418K->566034K(896640K), 0.0032321 secs] [Times: user=0.01 sys=0.00, real=0.00 secs] 
2020-10-29T15:50:18.974+0000: [GC (Allocation Failure) 2020-10-29T15:50:18.974+0000: [ParNew: 16388K->4K(18432K), 0.0031933 secs] 582418K->566034K(896640K), 0.0032574 secs] [Times: user=0.01 sys=0.00, real=0.00 secs] 
2020-10-29T15:50:19.024+0000: [GC (Allocation Failure) 2020-10-29T15:50:19.024+0000: [ParNew: 16388K->4K(18432K), 0.0031799 secs] 582418K->566034K(896640K), 0.0032380 secs] [Times: user=0.00 sys=0.00, real=0.01 secs] 
2020-10-29T15:50:19.075+0000: [GC (Allocation Failure) 2020-10-29T15:50:19.075+0000: [ParNew: 16388K->2K(18432K), 0.0064887 secs] 582418K->566032K(896640K), 0.0065459 secs] [Times: user=0.01 sys=0.00, real=0.00 secs] 
2020-10-29T15:50:19.111+0000: [GC (Allocation Failure) 2020-10-29T15:50:19.111+0000: [ParNew: 16386K->4K(18432K), 0.0032122 secs] 582416K->566034K(896640K), 0.0032663 secs] [Times: user=0.01 sys=0.00, real=0.01 secs] 
2020-10-29T15:50:19.144+0000: [GC (Allocation Failure) 2020-10-29T15:50:19.145+0000: [ParNew: 16388K->4K(18432K), 0.0031730 secs] 582418K->566034K(896640K), 0.0032291 secs] [Times: user=0.00 sys=0.00, real=0.00 secs] 
2020-10-29T15:50:19.176+0000: [GC (Allocation Failure) 2020-10-29T15:50:19.176+0000: [ParNew: 16388K->4K(18432K), 0.0032192 secs] 582418K->566034K(896640K), 0.0032741 secs] [Times: user=0.00 sys=0.00, real=0.00 secs] 
2020-10-29T15:50:19.207+0000: [GC (Allocation Failure) 2020-10-29T15:50:19.207+0000: [ParNew: 16388K->4K(18432K), 0.0032042 secs] 582418K->566034K(896640K), 0.0032582 secs] [Times: user=0.00 sys=0.00, real=0.00 secs] 
2020-10-29T15:50:19.238+0000: [GC (Allocation Failure) 2020-10-29T15:50:19.238+0000: [ParNew: 16388K->4K(18432K), 0.0032448 secs] 582418K->566034K(896640K), 0.0032991 secs] [Times: user=0.01 sys=0.00, real=0.00 secs] 
2020-10-29T15:50:19.272+0000: [GC (Allocation Failure) 2020-10-29T15:50:19.273+0000: [ParNew: 16388K->4K(18432K), 0.0031516 secs] 582418K->566034K(896640K), 0.0032068 secs] [Times: user=0.01 sys=0.00, real=0.00 secs] 
2020-10-29T15:50:19.304+0000: [GC (Allocation Failure) 2020-10-29T15:50:19.305+0000: [ParNew: 16388K->4K(18432K), 0.0031530 secs] 582418K->566034K(896640K), 0.0032082 secs] [Times: user=0.01 sys=0.00, real=0.00 secs] 
2020-10-29T15:50:19.336+0000: [GC (Allocation Failure) 2020-10-29T15:50:19.337+0000: [ParNew: 16388K->4K(18432K), 0.0031415 secs] 582418K->566034K(896640K), 0.0031944 secs] [Times: user=0.01 sys=0.00, real=0.00 secs] 
2020-10-29T15:50:19.365+0000: [GC (Allocation Failure) 2020-10-29T15:50:19.365+0000: [ParNew: 16388K->4K(18432K), 0.0031711 secs] 582418K->566034K(896640K), 0.0032255 secs] [Times: user=0.00 sys=0.00, real=0.00 secs] 
2020-10-29T15:50:19.396+0000: [GC (Allocation Failure) 2020-10-29T15:50:19.397+0000: [ParNew: 16388K->4K(18432K), 0.0031483 secs] 582418K->566034K(896640K), 0.0032011 secs] [Times: user=0.01 sys=0.00, real=0.00 secs] 
2020-10-29T15:50:19.422+0000: [GC (Allocation Failure) 2020-10-29T15:50:19.422+0000: [ParNew: 16388K->4K(18432K), 0.0031690 secs] 582418K->566034K(896640K), 0.0032223 secs] [Times: user=0.01 sys=0.00, real=0.01 secs] 
2020-10-29T15:50:19.448+0000: [GC (Allocation Failure) 2020-10-29T15:50:19.448+0000: [ParNew: 16388K->4K(18432K), 0.0031711 secs] 582418K->566034K(896640K), 0.0032240 secs] [Times: user=0.01 sys=0.01, real=0.00 secs] 
2020-10-29T15:50:19.476+0000: [GC (GCLocker Initiated GC) 2020-10-29T15:50:19.476+0000: [ParNew: 16388K->4K(18432K), 0.0031830 secs] 582418K->566034K(896640K), 0.0032284 secs] [Times: user=0.01 sys=0.00, real=0.00 secs] 
2020-10-29T15:50:19.505+0000: [GC (Allocation Failure) 2020-10-29T15:50:19.505+0000: [ParNew: 16388K->4K(18432K), 0.0031803 secs] 582418K->566034K(896640K), 0.0032246 secs] [Times: user=0.01 sys=0.00, real=0.00 secs] 
2020-10-29T15:50:19.542+0000: [GC (GCLocker Initiated GC) 2020-10-29T15:50:19.542+0000: [ParNew: 16388K->4K(18432K), 0.0031541 secs] 582418K->566034K(896640K), 0.0032003 secs] [Times: user=0.00 sys=0.00, real=0.01 secs] 
2020-10-29T15:50:19.571+0000: [GC (Allocation Failure) 2020-10-29T15:50:19.571+0000: [ParNew: 16388K->4K(18432K), 0.0031648 secs] 582418K->566034K(896640K), 0.0032082 secs] [Times: user=0.00 sys=0.00, real=0.01 secs] 
2020-10-29T15:50:19.604+0000: [GC (Allocation Failure) 2020-10-29T15:50:19.604+0000: [ParNew: 16388K->4K(18432K), 0.0050448 secs] 582418K->566034K(896640K), 0.0050889 secs] [Times: user=0.00 sys=0.00, real=0.01 secs] 
2020-10-29T15:50:19.635+0000: [GC (Allocation Failure) 2020-10-29T15:50:19.635+0000: [ParNew: 16388K->4K(18432K), 0.0031681 secs] 582418K->566034K(896640K), 0.0032125 secs] [Times: user=0.01 sys=0.00, real=0.00 secs] 
2020-10-29T15:50:19.664+0000: [GC (Allocation Failure) 2020-10-29T15:50:19.664+0000: [ParNew: 16388K->4K(18432K), 0.0031459 secs] 582418K->566034K(896640K), 0.0031900 secs] [Times: user=0.00 sys=0.00, real=0.00 secs] 
2020-10-29T15:50:19.693+0000: [GC (GCLocker Initiated GC) 2020-10-29T15:50:19.693+0000: [ParNew: 16388K->4K(18432K), 0.0032185 secs] 582418K->566034K(896640K), 0.0032867 secs] [Times: user=0.01 sys=0.00, real=0.00 secs] 
2020-10-29T15:50:19.722+0000: [GC (Allocation Failure) 2020-10-29T15:50:19.722+0000: [ParNew: 16388K->4K(18432K), 0.0031895 secs] 582418K->566034K(896640K), 0.0032338 secs] [Times: user=0.00 sys=0.00, real=0.01 secs] 
2020-10-29T15:50:19.754+0000: [GC (Allocation Failure) 2020-10-29T15:50:19.754+0000: [ParNew: 16388K->4K(18432K), 0.0032072 secs] 582418K->566034K(896640K), 0.0032522 secs] [Times: user=0.00 sys=0.00, real=0.00 secs] 
2020-10-29T15:50:19.784+0000: [GC (Allocation Failure) 2020-10-29T15:50:19.784+0000: [ParNew: 16388K->4K(18432K), 0.0031374 secs] 582418K->566034K(896640K), 0.0031814 secs] [Times: user=0.00 sys=0.00, real=0.00 secs] 
2020-10-29T15:50:19.816+0000: [GC (Allocation Failure) 2020-10-29T15:50:19.816+0000: [ParNew: 16388K->4K(18432K), 0.0031501 secs] 582418K->566034K(896640K), 0.0031939 secs] [Times: user=0.01 sys=0.00, real=0.00 secs] 
2020-10-29T15:50:19.845+0000: [GC (Allocation Failure) 2020-10-29T15:50:19.845+0000: [ParNew: 16388K->4K(18432K), 0.0031372 secs] 582418K->566034K(896640K), 0.0031817 secs] [Times: user=0.01 sys=0.00, real=0.00 secs] 
2020-10-29T15:50:19.874+0000: [GC (Allocation Failure) 2020-10-29T15:50:19.874+0000: [ParNew: 16388K->4K(18432K), 0.0031501 secs] 582418K->566034K(896640K), 0.0031927 secs] [Times: user=0.01 sys=0.00, real=0.00 secs] 
2020-10-29T15:50:19.903+0000: [GC (Allocation Failure) 2020-10-29T15:50:19.903+0000: [ParNew: 16388K->4K(18432K), 0.0031627 secs] 582419K->566034K(896640K), 0.0032094 secs] [Times: user=0.01 sys=0.00, real=0.01 secs] 
2020-10-29T15:50:19.936+0000: [GC (Allocation Failure) 2020-10-29T15:50:19.936+0000: [ParNew: 16388K->4K(18432K), 0.0032147 secs] 582418K->566034K(896640K), 0.0032624 secs] [Times: user=0.00 sys=0.00, real=0.00 secs] 
2020-10-29T15:50:19.965+0000: [GC (Allocation Failure) 2020-10-29T15:50:19.965+0000: [ParNew: 16388K->4K(18432K), 0.0031825 secs] 582418K->566034K(896640K), 0.0032277 secs] [Times: user=0.01 sys=0.00, real=0.00 secs] 
2020-10-29T15:50:19.994+0000: [GC (Allocation Failure) 2020-10-29T15:50:19.994+0000: [ParNew: 16388K->4K(18432K), 0.0031681 secs] 582418K->566034K(896640K), 0.0032134 secs] [Times: user=0.00 sys=0.00, real=0.00 secs] 
2020-10-29T15:50:20.024+0000: [GC (Allocation Failure) 2020-10-29T15:50:20.025+0000: [ParNew: 16388K->4K(18432K), 0.0031419 secs] 582418K->566034K(896640K), 0.0031856 secs] [Times: user=0.01 sys=0.00, real=0.00 secs] 
2020-10-29T15:50:20.056+0000: [GC (Allocation Failure) 2020-10-29T15:50:20.056+0000: [ParNew: 16388K->4K(18432K), 0.0031551 secs] 582418K->566034K(896640K), 0.0031991 secs] [Times: user=0.01 sys=0.00, real=0.00 secs] 
2020-10-29T15:50:20.085+0000: [GC (GCLocker Initiated GC) 2020-10-29T15:50:20.085+0000: [ParNew: 16388K->4K(18432K), 0.0031488 secs] 582418K->566034K(896640K), 0.0031937 secs] [Times: user=0.00 sys=0.00, real=0.00 secs] 
2020-10-29T15:50:20.113+0000: [GC (GCLocker Initiated GC) 2020-10-29T15:50:20.113+0000: [ParNew: 16388K->4K(18432K), 0.0031725 secs] 582418K->566034K(896640K), 0.0032194 secs] [Times: user=0.01 sys=0.00, real=0.00 secs] 
2020-10-29T15:50:20.141+0000: [GC (Allocation Failure) 2020-10-29T15:50:20.141+0000: [ParNew: 16388K->4K(18432K), 0.0031710 secs] 582418K->566034K(896640K), 0.0032292 secs] [Times: user=0.01 sys=0.00, real=0.01 secs] 
2020-10-29T15:50:20.172+0000: [GC (Allocation Failure) 2020-10-29T15:50:20.172+0000: [ParNew: 16388K->4K(18432K), 0.0031830 secs] 582418K->566034K(896640K), 0.0032284 secs] [Times: user=0.01 sys=0.00, real=0.00 secs] 
2020-10-29T15:50:20.200+0000: [GC (Allocation Failure) 2020-10-29T15:50:20.200+0000: [ParNew: 16388K->4K(18432K), 0.0031535 secs] 582419K->566034K(896640K), 0.0031990 secs] [Times: user=0.00 sys=0.00, real=0.00 secs] 
2020-10-29T15:50:20.229+0000: [GC (Allocation Failure) 2020-10-29T15:50:20.229+0000: [ParNew: 16388K->4K(18432K), 0.0031836 secs] 582418K->566034K(896640K), 0.0032282 secs] [Times: user=0.00 sys=0.00, real=0.00 secs] 
2020-10-29T15:50:20.260+0000: [GC (Allocation Failure) 2020-10-29T15:50:20.260+0000: [ParNew: 16388K->4K(18432K), 0.0031880 secs] 582418K->566034K(896640K), 0.0032316 secs] [Times: user=0.01 sys=0.00, real=0.00 secs] 
2020-10-29T15:50:20.290+0000: [GC (GCLocker Initiated GC) 2020-10-29T15:50:20.290+0000: [ParNew: 16388K->4K(18432K), 0.0031989 secs] 582418K->566034K(896640K), 0.0032460 secs] [Times: user=0.00 sys=0.00, real=0.01 secs] 
2020-10-29T15:50:20.324+0000: [GC (Allocation Failure) 2020-10-29T15:50:20.324+0000: [ParNew: 16388K->4K(18432K), 0.0031635 secs] 582418K->566034K(896640K), 0.0032072 secs] [Times: user=0.00 sys=0.00, real=0.01 secs] 
2020-10-29T15:50:20.356+0000: [GC (Allocation Failure) 2020-10-29T15:50:20.356+0000: [ParNew: 16388K->4K(18432K), 0.0031774 secs] 582418K->566034K(896640K), 0.0032216 secs] [Times: user=0.00 sys=0.01, real=0.00 secs] 
2020-10-29T15:50:20.388+0000: [GC (Allocation Failure) 2020-10-29T15:50:20.388+0000: [ParNew: 16388K->4K(18432K), 0.0034405 secs] 582418K->566034K(896640K), 0.0034849 secs] [Times: user=0.01 sys=0.00, real=0.00 secs] 
2020-10-29T15:50:20.423+0000: [GC (Allocation Failure) 2020-10-29T15:50:20.423+0000: [ParNew: 16388K->4K(18432K), 0.0033108 secs] 582418K->566034K(896640K), 0.0033565 secs] [Times: user=0.01 sys=0.00, real=0.01 secs] 
2020-10-29T15:50:20.473+0000: [GC (Allocation Failure) 2020-10-29T15:50:20.473+0000: [ParNew: 16388K->6K(18432K), 0.0032991 secs] 598802K->582420K(896640K), 0.0033437 secs] [Times: user=0.01 sys=0.00, real=0.00 secs] 
2020-10-29T15:50:20.497+0000: [GC (Allocation Failure) 2020-10-29T15:50:20.497+0000: [ParNew: 16390K->70K(18432K), 0.0032612 secs] 598804K->582484K(896640K), 0.0033206 secs] [Times: user=0.00 sys=0.00, real=0.00 secs] 
2020-10-29T15:50:20.521+0000: [GC (Allocation Failure) 2020-10-29T15:50:20.521+0000: [ParNew: 16454K->134K(18432K), 0.0075238 secs] 598868K->582548K(896640K), 0.0075795 secs] [Times: user=0.01 sys=0.00, real=0.01 secs] 
2020-10-29T15:50:20.552+0000: [GC (Allocation Failure) 2020-10-29T15:50:20.552+0000: [ParNew: 16518K->518K(18432K), 0.0033089 secs] 598932K->582932K(896640K), 0.0033638 secs] [Times: user=0.01 sys=0.00, real=0.00 secs] 
2020-10-29T15:50:20.572+0000: [GC (Allocation Failure) 2020-10-29T15:50:20.572+0000: [ParNew: 16902K->518K(18432K), 0.0033362 secs] 599316K->582932K(896640K), 0.0033882 secs] [Times: user=0.01 sys=0.00, real=0.00 secs] 
2020-10-29T15:50:20.592+0000: [GC (Allocation Failure) 2020-10-29T15:50:20.592+0000: [ParNew: 16902K->518K(18432K), 0.0037067 secs] 599316K->582932K(896640K), 0.0037603 secs] [Times: user=0.00 sys=0.00, real=0.00 secs] 
2020-10-29T15:50:20.611+0000: [GC (Allocation Failure) 2020-10-29T15:50:20.611+0000: [ParNew: 16902K->1028K(18432K), 0.0034323 secs] 599316K->583443K(896640K), 0.0034835 secs] [Times: user=0.01 sys=0.00, real=0.01 secs] 
2020-10-29T15:50:20.630+0000: [GC (Allocation Failure) 2020-10-29T15:50:20.630+0000: [ParNew: 17412K->4K(18432K), 0.0032973 secs] 599827K->582932K(896640K), 0.0033476 secs] [Times: user=0.00 sys=0.00, real=0.01 secs] 
2020-10-29T15:50:20.648+0000: [GC (Allocation Failure) 2020-10-29T15:50:20.648+0000: [ParNew: 16388K->4K(18432K), 0.0032308 secs] 599316K->582932K(896640K), 0.0032834 secs] [Times: user=0.01 sys=0.00, real=0.00 secs] 
2020-10-29T15:50:20.666+0000: [GC (Allocation Failure) 2020-10-29T15:50:20.666+0000: [ParNew: 16388K->4K(18432K), 0.0039047 secs] 599316K->582932K(896640K), 0.0039583 secs] [Times: user=0.00 sys=0.00, real=0.00 secs] 
2020-10-29T15:50:20.686+0000: [GC (Allocation Failure) 2020-10-29T15:50:20.686+0000: [ParNew: 16388K->4K(18432K), 0.0035719 secs] 599316K->582932K(896640K), 0.0036249 secs] [Times: user=0.01 sys=0.00, real=0.00 secs] 
2020-10-29T15:50:20.705+0000: [GC (Allocation Failure) 2020-10-29T15:50:20.705+0000: [ParNew: 16388K->4K(18432K), 0.0031583 secs] 599316K->582932K(896640K), 0.0032101 secs] [Times: user=0.01 sys=0.00, real=0.00 secs] 
2020-10-29T15:50:20.723+0000: [GC (Allocation Failure) 2020-10-29T15:50:20.724+0000: [ParNew: 16388K->4K(18432K), 0.0032549 secs] 599316K->582932K(896640K), 0.0033054 secs] [Times: user=0.01 sys=0.00, real=0.01 secs] 
2020-10-29T15:50:20.742+0000: [GC (Allocation Failure) 2020-10-29T15:50:20.742+0000: [ParNew: 16388K->4K(18432K), 0.0031594 secs] 599316K->582932K(896640K), 0.0032100 secs] [Times: user=0.01 sys=0.00, real=0.01 secs] 
2020-10-29T15:50:20.760+0000: [GC (Allocation Failure) 2020-10-29T15:50:20.760+0000: [ParNew: 16388K->4K(18432K), 0.0031083 secs] 599316K->582932K(896640K), 0.0031708 secs] [Times: user=0.00 sys=0.00, real=0.00 secs] 
2020-10-29T15:50:20.780+0000: [GC (Allocation Failure) 2020-10-29T15:50:20.780+0000: [ParNew: 16388K->4K(18432K), 0.0031043 secs] 599316K->582932K(896640K), 0.0031553 secs] [Times: user=0.01 sys=0.00, real=0.00 secs] 
2020-10-29T15:50:20.800+0000: [GC (Allocation Failure) 2020-10-29T15:50:20.800+0000: [ParNew: 16388K->4K(18432K), 0.0030677 secs] 599316K->582932K(896640K), 0.0031186 secs] [Times: user=0.01 sys=0.00, real=0.00 secs] 
2020-10-29T15:50:20.818+0000: [GC (Allocation Failure) 2020-10-29T15:50:20.818+0000: [ParNew: 16388K->4K(18432K), 0.0031128 secs] 599316K->582932K(896640K), 0.0031639 secs] [Times: user=0.01 sys=0.00, real=0.00 secs] 
2020-10-29T15:50:20.836+0000: [GC (Allocation Failure) 2020-10-29T15:50:20.836+0000: [ParNew: 16388K->4K(18432K), 0.0032114 secs] 599316K->582932K(896640K), 0.0032612 secs] [Times: user=0.00 sys=0.00, real=0.00 secs] 
2020-10-29T15:50:20.855+0000: [GC (Allocation Failure) 2020-10-29T15:50:20.855+0000: [ParNew: 16388K->4K(18432K), 0.0031611 secs] 599316K->582932K(896640K), 0.0032153 secs] [Times: user=0.01 sys=0.00, real=0.00 secs] 
2020-10-29T15:50:20.873+0000: [GC (Allocation Failure) 2020-10-29T15:50:20.873+0000: [ParNew: 16388K->4K(18432K), 0.0031351 secs] 599316K->582932K(896640K), 0.0031885 secs] [Times: user=0.01 sys=0.00, real=0.00 secs] 
2020-10-29T15:50:20.892+0000: [GC (Allocation Failure) 2020-10-29T15:50:20.892+0000: [ParNew: 16388K->4K(18432K), 0.0031671 secs] 599316K->582932K(896640K), 0.0032183 secs] [Times: user=0.01 sys=0.00, real=0.01 secs] 
2020-10-29T15:50:20.910+0000: [GC (Allocation Failure) 2020-10-29T15:50:20.910+0000: [ParNew: 16388K->4K(18432K), 0.0031981 secs] 599316K->582932K(896640K), 0.0032513 secs] [Times: user=0.01 sys=0.00, real=0.01 secs] 
2020-10-29T15:50:20.928+0000: [GC (Allocation Failure) 2020-10-29T15:50:20.928+0000: [ParNew: 16388K->4K(18432K), 0.0031040 secs] 599316K->582932K(896640K), 0.0031556 secs] [Times: user=0.00 sys=0.00, real=0.00 secs] 
2020-10-29T15:50:20.946+0000: [GC (Allocation Failure) 2020-10-29T15:50:20.946+0000: [ParNew: 16388K->4K(18432K), 0.0030601 secs] 599316K->582932K(896640K), 0.0031088 secs] [Times: user=0.01 sys=0.00, real=0.00 secs] 
2020-10-29T15:50:20.964+0000: [GC (Allocation Failure) 2020-10-29T15:50:20.964+0000: [ParNew: 16388K->4K(18432K), 0.0030929 secs] 599316K->582932K(896640K), 0.0031412 secs] [Times: user=0.01 sys=0.00, real=0.01 secs] 
2020-10-29T15:50:20.981+0000: [GC (Allocation Failure) 2020-10-29T15:50:20.981+0000: [ParNew: 16388K->4K(18432K), 0.0030609 secs] 599316K->582932K(896640K), 0.0031097 secs] [Times: user=0.01 sys=0.00, real=0.01 secs] 
2020-10-29T15:50:21.000+0000: [GC (Allocation Failure) 2020-10-29T15:50:21.000+0000: [ParNew: 16388K->4K(18432K), 0.0030652 secs] 599316K->582932K(896640K), 0.0031158 secs] [Times: user=0.01 sys=0.00, real=0.00 secs] 
2020-10-29T15:50:21.018+0000: [GC (Allocation Failure) 2020-10-29T15:50:21.018+0000: [ParNew: 16388K->4K(18432K), 0.0030297 secs] 599316K->582932K(896640K), 0.0031042 secs] [Times: user=0.00 sys=0.00, real=0.00 secs] 
2020-10-29T15:50:21.036+0000: [GC (Allocation Failure) 2020-10-29T15:50:21.036+0000: [ParNew: 16388K->4K(18432K), 0.0031101 secs] 599316K->582932K(896640K), 0.0031609 secs] [Times: user=0.01 sys=0.00, real=0.00 secs] 
2020-10-29T15:50:21.056+0000: [GC (Allocation Failure) 2020-10-29T15:50:21.056+0000: [ParNew: 16388K->4K(18432K), 0.0030724 secs] 599316K->582932K(896640K), 0.0031215 secs] [Times: user=0.01 sys=0.00, real=0.00 secs] 
2020-10-29T15:50:21.074+0000: [GC (Allocation Failure) 2020-10-29T15:50:21.074+0000: [ParNew: 16388K->4K(18432K), 0.0031640 secs] 599316K->582932K(896640K), 0.0032186 secs] [Times: user=0.01 sys=0.00, real=0.00 secs] 
2020-10-29T15:50:21.096+0000: [GC (Allocation Failure) 2020-10-29T15:50:21.096+0000: [ParNew: 16388K->4K(18432K), 0.0031348 secs] 599316K->582932K(896640K), 0.0031883 secs] [Times: user=0.01 sys=0.00, real=0.00 secs] 
2020-10-29T15:50:21.116+0000: [GC (Allocation Failure) 2020-10-29T15:50:21.116+0000: [ParNew: 16388K->4K(18432K), 0.0030746 secs] 599316K->582932K(896640K), 0.0031258 secs] [Times: user=0.01 sys=0.00, real=0.00 secs] 
2020-10-29T15:50:21.134+0000: [GC (Allocation Failure) 2020-10-29T15:50:21.134+0000: [ParNew: 16388K->4K(18432K), 0.0031725 secs] 599316K->582932K(896640K), 0.0032276 secs] [Times: user=0.01 sys=0.00, real=0.00 secs] 
2020-10-29T15:50:21.157+0000: [GC (Allocation Failure) 2020-10-29T15:50:21.157+0000: [ParNew: 16388K->6K(18432K), 0.0032158 secs] 599316K->582934K(896640K), 0.0032896 secs] [Times: user=0.01 sys=0.00, real=0.00 secs] 
2020-10-29T15:50:21.190+0000: [GC (Allocation Failure) 2020-10-29T15:50:21.190+0000: [ParNew: 16390K->1173K(18432K), 0.0039539 secs] 599318K->586150K(896640K), 0.0040092 secs] [Times: user=0.01 sys=0.00, real=0.01 secs] 
2020-10-29T15:50:21.228+0000: [GC (Allocation Failure) 2020-10-29T15:50:21.228+0000: [ParNew: 17557K->16K(18432K), 0.0035509 secs] 602534K->586090K(896640K), 0.0036073 secs] [Times: user=0.01 sys=0.00, real=0.00 secs] 
2020-10-29T15:50:21.284+0000: [GC (Allocation Failure) 2020-10-29T15:50:21.284+0000: [ParNew: 16400K->2K(18432K), 0.0065044 secs] 602474K->586075K(896640K), 0.0065781 secs] [Times: user=0.02 sys=0.00, real=0.01 secs] 
2020-10-29T15:50:21.326+0000: [GC (Allocation Failure) 2020-10-29T15:50:21.326+0000: [ParNew: 16386K->4K(18432K), 0.0031715 secs] 602459K->586077K(896640K), 0.0032279 secs] [Times: user=0.01 sys=0.00, real=0.00 secs] 
2020-10-29T15:50:21.363+0000: [GC (Allocation Failure) 2020-10-29T15:50:21.363+0000: [ParNew: 16388K->4K(18432K), 0.0031941 secs] 602461K->586077K(896640K), 0.0032532 secs] [Times: user=0.00 sys=0.00, real=0.01 secs] 
2020-10-29T15:50:21.392+0000: [GC (Allocation Failure) 2020-10-29T15:50:21.392+0000: [ParNew: 16388K->1076K(18432K), 0.0064824 secs] 602461K->589197K(896640K), 0.0065343 secs] [Times: user=0.00 sys=0.00, real=0.00 secs] 
2020-10-29T15:50:21.721+0000: [GC (Allocation Failure) 2020-10-29T15:50:21.721+0000: [ParNew: 17460K->200K(18432K), 0.0040345 secs] 605581K->589382K(896640K), 0.0040993 secs] [Times: user=0.01 sys=0.00, real=0.01 secs] 
2020-10-29T15:50:21.836+0000: [GC (Allocation Failure) 2020-10-29T15:50:21.836+0000: [ParNew: 16584K->65K(18432K), 0.0033695 secs] 605766K->589248K(896640K), 0.0034453 secs] [Times: user=0.01 sys=0.00, real=0.00 secs] 
2020-10-29T15:50:21.984+0000: [GC (Allocation Failure) 2020-10-29T15:50:21.984+0000: [ParNew: 16449K->70K(18432K), 0.0033670 secs] 605632K->589253K(896640K), 0.0034463 secs] [Times: user=0.01 sys=0.00, real=0.01 secs] 
2020-10-29T15:50:22.087+0000: [GC (Allocation Failure) 2020-10-29T15:50:22.087+0000: [ParNew: 16454K->69K(18432K), 0.0033007 secs] 605637K->589252K(896640K), 0.0033794 secs] [Times: user=0.01 sys=0.00, real=0.00 secs] 
2020-10-29T15:50:22.208+0000: [GC (Allocation Failure) 2020-10-29T15:50:22.209+0000: [ParNew: 16453K->70K(18432K), 0.0049707 secs] 605636K->589252K(896640K), 0.0050358 secs] [Times: user=0.01 sys=0.00, real=0.01 secs] 
2020-10-29T15:50:22.275+0000: [GC (Allocation Failure) 2020-10-29T15:50:22.275+0000: [ParNew: 16454K->70K(18432K), 0.0033330 secs] 605636K->589253K(896640K), 0.0033897 secs] [Times: user=0.00 sys=0.00, real=0.00 secs] 
2020-10-29T15:50:22.315+0000: [GC (Allocation Failure) 2020-10-29T15:50:22.315+0000: [ParNew: 16454K->30K(18432K), 0.0034357 secs] 605637K->589266K(896640K), 0.0034934 secs] [Times: user=0.00 sys=0.00, real=0.00 secs] 
2020-10-29T15:50:22.345+0000: [GC (Allocation Failure) 2020-10-29T15:50:22.345+0000: [ParNew: 16414K->8K(18432K), 0.0032364 secs] 605650K->589244K(896640K), 0.0033133 secs] [Times: user=0.00 sys=0.00, real=0.00 secs] 
2020-10-29T15:50:22.377+0000: [GC (Allocation Failure) 2020-10-29T15:50:22.377+0000: [ParNew: 16392K->4K(18432K), 0.0031668 secs] 605628K->589240K(896640K), 0.0032412 secs] [Times: user=0.01 sys=0.00, real=0.00 secs] 
2020-10-29T15:50:22.404+0000: [GC (Allocation Failure) 2020-10-29T15:50:22.404+0000: [ParNew: 16388K->4K(18432K), 0.0031728 secs] 605624K->589240K(896640K), 0.0032299 secs] [Times: user=0.01 sys=0.00, real=0.01 secs] 
2020-10-29T15:50:22.434+0000: [GC (Allocation Failure) 2020-10-29T15:50:22.434+0000: [ParNew: 16388K->4K(18432K), 0.0031867 secs] 605624K->589241K(896640K), 0.0032441 secs] [Times: user=0.00 sys=0.00, real=0.00 secs] 
2020-10-29T15:50:22.464+0000: [GC (Allocation Failure) 2020-10-29T15:50:22.464+0000: [ParNew: 16388K->4K(18432K), 0.0031349 secs] 605625K->589241K(896640K), 0.0032172 secs] [Times: user=0.01 sys=0.00, real=0.00 secs] 
2020-10-29T15:50:22.495+0000: [GC (Allocation Failure) 2020-10-29T15:50:22.495+0000: [ParNew: 16388K->4K(18432K), 0.0031432 secs] 605625K->589241K(896640K), 0.0032135 secs] [Times: user=0.00 sys=0.00, real=0.00 secs] 
2020-10-29T15:50:22.524+0000: [GC (Allocation Failure) 2020-10-29T15:50:22.524+0000: [ParNew: 16388K->4K(18432K), 0.0032003 secs] 605625K->589241K(896640K), 0.0032549 secs] [Times: user=0.00 sys=0.00, real=0.01 secs] 
2020-10-29T15:50:22.554+0000: [GC (Allocation Failure) 2020-10-29T15:50:22.554+0000: [ParNew: 16388K->4K(18432K), 0.0040272 secs] 605625K->589241K(896640K), 0.0041003 secs] [Times: user=0.00 sys=0.00, real=0.00 secs] 
2020-10-29T15:50:22.592+0000: [GC (Allocation Failure) 2020-10-29T15:50:22.593+0000: [ParNew: 16388K->4K(18432K), 0.0031786 secs] 605625K->589241K(896640K), 0.0032349 secs] [Times: user=0.00 sys=0.00, real=0.00 secs] 
2020-10-29T15:50:22.616+0000: [GC (Allocation Failure) 2020-10-29T15:50:22.616+0000: [ParNew: 16388K->4K(18432K), 0.0031303 secs] 605625K->589241K(896640K), 0.0031852 secs] [Times: user=0.01 sys=0.00, real=0.00 secs] 
2020-10-29T15:50:22.639+0000: [GC (Allocation Failure) 2020-10-29T15:50:22.639+0000: [ParNew: 16388K->4K(18432K), 0.0033113 secs] 605625K->589241K(896640K), 0.0033753 secs] [Times: user=0.01 sys=0.00, real=0.00 secs] 
2020-10-29T15:50:22.664+0000: [GC (Allocation Failure) 2020-10-29T15:50:22.664+0000: [ParNew: 16388K->4K(18432K), 0.0031663 secs] 605625K->589241K(896640K), 0.0032200 secs] [Times: user=0.00 sys=0.00, real=0.01 secs] 
2020-10-29T15:50:22.688+0000: [GC (Allocation Failure) 2020-10-29T15:50:22.689+0000: [ParNew: 16388K->4K(18432K), 0.0031092 secs] 605625K->589241K(896640K), 0.0031641 secs] [Times: user=0.01 sys=0.00, real=0.00 secs] 
2020-10-29T15:50:22.711+0000: [GC (Allocation Failure) 2020-10-29T15:50:22.711+0000: [ParNew: 16388K->4K(18432K), 0.0031574 secs] 605625K->589241K(896640K), 0.0032136 secs] [Times: user=0.01 sys=0.00, real=0.01 secs] 
2020-10-29T15:50:22.734+0000: [GC (Allocation Failure) 2020-10-29T15:50:22.734+0000: [ParNew: 16388K->4K(18432K), 0.0031627 secs] 605625K->589241K(896640K), 0.0032395 secs] [Times: user=0.01 sys=0.00, real=0.00 secs] 
2020-10-29T15:50:22.759+0000: [GC (Allocation Failure) 2020-10-29T15:50:22.760+0000: [ParNew: 16388K->4K(18432K), 0.0036096 secs] 605625K->589241K(896640K), 0.0036635 secs] [Times: user=0.01 sys=0.00, real=0.00 secs] 
2020-10-29T15:50:22.782+0000: [GC (Allocation Failure) 2020-10-29T15:50:22.782+0000: [ParNew: 16388K->4K(18432K), 0.0031802 secs] 605625K->589241K(896640K), 0.0032507 secs] [Times: user=0.01 sys=0.00, real=0.01 secs] 
2020-10-29T15:50:22.808+0000: [GC (Allocation Failure) 2020-10-29T15:50:22.809+0000: [ParNew: 16388K->4K(18432K), 0.0031078 secs] 605625K->589241K(896640K), 0.0031639 secs] [Times: user=0.01 sys=0.00, real=0.00 secs] 
2020-10-29T15:50:22.832+0000: [GC (Allocation Failure) 2020-10-29T15:50:22.833+0000: [ParNew: 16388K->4K(18432K), 0.0031933 secs] 605625K->589241K(896640K), 0.0032513 secs] [Times: user=0.00 sys=0.00, real=0.00 secs] 
2020-10-29T15:50:22.856+0000: [GC (GCLocker Initiated GC) 2020-10-29T15:50:22.856+0000: [ParNew: 16388K->4K(18432K), 0.0031436 secs] 605625K->589241K(896640K), 0.0031996 secs] [Times: user=0.01 sys=0.00, real=0.00 secs] 
2020-10-29T15:50:22.881+0000: [GC (Allocation Failure) 2020-10-29T15:50:22.881+0000: [ParNew: 16388K->4K(18432K), 0.0031003 secs] 605625K->589241K(896640K), 0.0031538 secs] [Times: user=0.00 sys=0.00, real=0.00 secs] 
2020-10-29T15:50:22.904+0000: [GC (Allocation Failure) 2020-10-29T15:50:22.904+0000: [ParNew: 16388K->4K(18432K), 0.0031469 secs] 605625K->589241K(896640K), 0.0032029 secs] [Times: user=0.01 sys=0.00, real=0.01 secs] 
2020-10-29T15:50:22.928+0000: [GC (Allocation Failure) 2020-10-29T15:50:22.929+0000: [ParNew: 16388K->4K(18432K), 0.0031245 secs] 605625K->589241K(896640K), 0.0031774 secs] [Times: user=0.00 sys=0.00, real=0.00 secs] 
2020-10-29T15:50:22.950+0000: [GC (Allocation Failure) 2020-10-29T15:50:22.951+0000: [ParNew: 16388K->4K(18432K), 0.0031687 secs] 605625K->589241K(896640K), 0.0032247 secs] [Times: user=0.01 sys=0.00, real=0.01 secs] 
2020-10-29T15:50:22.976+0000: [GC (Allocation Failure) 2020-10-29T15:50:22.976+0000: [ParNew: 16388K->4K(18432K), 0.0031344 secs] 605625K->589241K(896640K), 0.0031889 secs] [Times: user=0.00 sys=0.00, real=0.00 secs] 
2020-10-29T15:50:23.003+0000: [GC (Allocation Failure) 2020-10-29T15:50:23.003+0000: [ParNew: 16388K->4K(18432K), 0.0031356 secs] 605625K->589241K(896640K), 0.0032062 secs] [Times: user=0.00 sys=0.00, real=0.01 secs] 
2020-10-29T15:50:23.028+0000: [GC (Allocation Failure) 2020-10-29T15:50:23.028+0000: [ParNew: 16388K->4K(18432K), 0.0031079 secs] 605625K->589241K(896640K), 0.0031619 secs] [Times: user=0.01 sys=0.00, real=0.00 secs] 
2020-10-29T15:50:23.051+0000: [GC (Allocation Failure) 2020-10-29T15:50:23.051+0000: [ParNew: 16388K->4K(18432K), 0.0031016 secs] 605625K->589241K(896640K), 0.0031550 secs] [Times: user=0.00 sys=0.00, real=0.01 secs] 
2020-10-29T15:50:23.076+0000: [GC (Allocation Failure) 2020-10-29T15:50:23.076+0000: [ParNew: 16388K->4K(18432K), 0.0030948 secs] 605625K->589241K(896640K), 0.0031463 secs] [Times: user=0.01 sys=0.00, real=0.00 secs] 
2020-10-29T15:50:23.099+0000: [GC (Allocation Failure) 2020-10-29T15:50:23.099+0000: [ParNew: 16388K->4K(18432K), 0.0031585 secs] 605625K->589241K(896640K), 0.0032113 secs] [Times: user=0.01 sys=0.00, real=0.00 secs] 
2020-10-29T15:50:23.122+0000: [GC (Allocation Failure) 2020-10-29T15:50:23.122+0000: [ParNew: 16388K->4K(18432K), 0.0031279 secs] 605625K->589241K(896640K), 0.0031823 secs] [Times: user=0.01 sys=0.00, real=0.01 secs] 
2020-10-29T15:50:23.145+0000: [GC (Allocation Failure) 2020-10-29T15:50:23.145+0000: [ParNew: 16388K->4K(18432K), 0.0032107 secs] 605625K->589241K(896640K), 0.0032635 secs] [Times: user=0.00 sys=0.00, real=0.00 secs] 
2020-10-29T15:50:23.169+0000: [GC (Allocation Failure) 2020-10-29T15:50:23.169+0000: [ParNew: 16388K->4K(18432K), 0.0031315 secs] 605625K->589241K(896640K), 0.0031870 secs] [Times: user=0.01 sys=0.00, real=0.00 secs] 
2020-10-29T15:50:23.192+0000: [GC (Allocation Failure) 2020-10-29T15:50:23.193+0000: [ParNew: 16388K->4K(18432K), 0.0031457 secs] 605625K->589241K(896640K), 0.0032003 secs] [Times: user=0.01 sys=0.00, real=0.00 secs] 
2020-10-29T15:50:23.216+0000: [GC (Allocation Failure) 2020-10-29T15:50:23.217+0000: [ParNew: 16388K->4K(18432K), 0.0032262 secs] 605625K->589241K(896640K), 0.0032744 secs] [Times: user=0.01 sys=0.00, real=0.00 secs] 
2020-10-29T15:50:23.239+0000: [GC (Allocation Failure) 2020-10-29T15:50:23.239+0000: [ParNew: 16388K->4K(18432K), 0.0032626 secs] 605625K->589241K(896640K), 0.0033166 secs] [Times: user=0.00 sys=0.00, real=0.00 secs] 
2020-10-29T15:50:23.263+0000: [GC (Allocation Failure) 2020-10-29T15:50:23.263+0000: [ParNew: 16388K->4K(18432K), 0.0031715 secs] 605625K->589241K(896640K), 0.0032249 secs] [Times: user=0.01 sys=0.00, real=0.01 secs] 
2020-10-29T15:50:23.285+0000: [GC (Allocation Failure) 2020-10-29T15:50:23.285+0000: [ParNew: 16388K->4K(18432K), 0.0031398 secs] 605625K->589241K(896640K), 0.0031943 secs] [Times: user=0.00 sys=0.00, real=0.00 secs] 
2020-10-29T15:50:23.312+0000: [GC (GCLocker Initiated GC) 2020-10-29T15:50:23.312+0000: [ParNew: 16388K->4K(18432K), 0.0031245 secs] 605625K->589241K(896640K), 0.0031757 secs] [Times: user=0.00 sys=0.00, real=0.01 secs] 
2020-10-29T15:50:23.335+0000: [GC (Allocation Failure) 2020-10-29T15:50:23.335+0000: [ParNew: 16388K->4K(18432K), 0.0031129 secs] 605625K->589241K(896640K), 0.0031657 secs] [Times: user=0.01 sys=0.00, real=0.00 secs] 
2020-10-29T15:50:23.357+0000: [GC (Allocation Failure) 2020-10-29T15:50:23.357+0000: [ParNew: 16388K->4K(18432K), 0.0031203 secs] 605625K->589241K(896640K), 0.0031720 secs] [Times: user=0.01 sys=0.00, real=0.00 secs] 
2020-10-29T15:50:23.384+0000: [GC (Allocation Failure) 2020-10-29T15:50:23.385+0000: [ParNew: 16388K->4K(18432K), 0.0031514 secs] 605625K->589241K(896640K), 0.0032178 secs] [Times: user=0.00 sys=0.00, real=0.00 secs] 
2020-10-29T15:50:23.416+0000: [GC (Allocation Failure) 2020-10-29T15:50:23.416+0000: [ParNew: 16388K->4K(18432K), 0.0031453 secs] 605625K->589241K(896640K), 0.0032019 secs] [Times: user=0.01 sys=0.00, real=0.00 secs] 
2020-10-29T15:50:23.439+0000: [GC (Allocation Failure) 2020-10-29T15:50:23.439+0000: [ParNew: 16388K->4K(18432K), 0.0031522 secs] 605625K->589241K(896640K), 0.0032075 secs] [Times: user=0.01 sys=0.00, real=0.00 secs] 
2020-10-29T15:50:23.461+0000: [GC (Allocation Failure) 2020-10-29T15:50:23.461+0000: [ParNew: 16388K->4K(18432K), 0.0031405 secs] 605625K->589242K(896640K), 0.0031952 secs] [Times: user=0.00 sys=0.00, real=0.00 secs] 
2020-10-29T15:50:23.484+0000: [GC (Allocation Failure) 2020-10-29T15:50:23.484+0000: [ParNew: 16388K->4K(18432K), 0.0031451 secs] 605626K->589242K(896640K), 0.0031978 secs] [Times: user=0.01 sys=0.00, real=0.01 secs] 
2020-10-29T15:50:23.507+0000: [GC (Allocation Failure) 2020-10-29T15:50:23.507+0000: [ParNew: 16388K->4K(18432K), 0.0031684 secs] 605626K->589242K(896640K), 0.0032243 secs] [Times: user=0.00 sys=0.00, real=0.00 secs] 
2020-10-29T15:50:23.529+0000: [GC (Allocation Failure) 2020-10-29T15:50:23.529+0000: [ParNew: 16388K->4K(18432K), 0.0031168 secs] 605626K->589242K(896640K), 0.0031727 secs] [Times: user=0.01 sys=0.00, real=0.00 secs] 
2020-10-29T15:50:23.552+0000: [GC (Allocation Failure) 2020-10-29T15:50:23.552+0000: [ParNew: 16388K->4K(18432K), 0.0031389 secs] 605626K->589242K(896640K), 0.0031928 secs] [Times: user=0.01 sys=0.00, real=0.01 secs] 
2020-10-29T15:50:23.576+0000: [GC (Allocation Failure) 2020-10-29T15:50:23.577+0000: [ParNew: 16388K->4K(18432K), 0.0031014 secs] 605626K->589242K(896640K), 0.0031521 secs] [Times: user=0.00 sys=0.00, real=0.00 secs] 
2020-10-29T15:50:23.599+0000: [GC (Allocation Failure) 2020-10-29T15:50:23.599+0000: [ParNew: 16388K->4K(18432K), 0.0031673 secs] 605626K->589242K(896640K), 0.0032208 secs] [Times: user=0.01 sys=0.00, real=0.00 secs] 
2020-10-29T15:50:23.622+0000: [GC (Allocation Failure) 2020-10-29T15:50:23.622+0000: [ParNew: 16388K->4K(18432K), 0.0031315 secs] 605626K->589242K(896640K), 0.0031851 secs] [Times: user=0.01 sys=0.00, real=0.01 secs] 
2020-10-29T15:50:23.644+0000: [GC (Allocation Failure) 2020-10-29T15:50:23.645+0000: [ParNew: 16388K->4K(18432K), 0.0031298 secs] 605626K->589242K(896640K), 0.0031838 secs] [Times: user=0.01 sys=0.00, real=0.00 secs] 
2020-10-29T15:50:23.668+0000: [GC (Allocation Failure) 2020-10-29T15:50:23.668+0000: [ParNew: 16388K->4K(18432K), 0.0031458 secs] 605626K->589242K(896640K), 0.0031998 secs] [Times: user=0.01 sys=0.00, real=0.00 secs] 
2020-10-29T15:50:23.692+0000: [GC (Allocation Failure) 2020-10-29T15:50:23.692+0000: [ParNew: 16388K->4K(18432K), 0.0031720 secs] 605626K->589242K(896640K), 0.0032403 secs] [Times: user=0.01 sys=0.00, real=0.01 secs] 
2020-10-29T15:50:23.715+0000: [GC (Allocation Failure) 2020-10-29T15:50:23.715+0000: [ParNew: 16388K->4K(18432K), 0.0031466 secs] 605626K->589242K(896640K), 0.0031995 secs] [Times: user=0.00 sys=0.00, real=0.00 secs] 
2020-10-29T15:50:23.737+0000: [GC (Allocation Failure) 2020-10-29T15:50:23.737+0000: [ParNew: 16388K->4K(18432K), 0.0031805 secs] 605626K->589242K(896640K), 0.0032368 secs] [Times: user=0.01 sys=0.00, real=0.00 secs] 
2020-10-29T15:50:23.760+0000: [GC (Allocation Failure) 2020-10-29T15:50:23.760+0000: [ParNew: 16388K->4K(18432K), 0.0031511 secs] 605626K->589242K(896640K), 0.0032043 secs] [Times: user=0.01 sys=0.00, real=0.00 secs] 
2020-10-29T15:50:23.782+0000: [GC (Allocation Failure) 2020-10-29T15:50:23.782+0000: [ParNew: 16388K->4K(18432K), 0.0031523 secs] 605626K->589242K(896640K), 0.0032072 secs] [Times: user=0.00 sys=0.00, real=0.01 secs] 
2020-10-29T15:50:23.804+0000: [GC (Allocation Failure) 2020-10-29T15:50:23.804+0000: [ParNew: 16388K->4K(18432K), 0.0031861 secs] 605626K->589242K(896640K), 0.0032398 secs] [Times: user=0.00 sys=0.01, real=0.01 secs] 
2020-10-29T15:50:23.826+0000: [GC (Allocation Failure) 2020-10-29T15:50:23.826+0000: [ParNew: 16388K->4K(18432K), 0.0031392 secs] 605626K->589242K(896640K), 0.0031935 secs] [Times: user=0.01 sys=0.00, real=0.00 secs] 
2020-10-29T15:50:23.849+0000: [GC (GCLocker Initiated GC) 2020-10-29T15:50:23.849+0000: [ParNew: 16388K->4K(18432K), 0.0031946 secs] 605626K->589242K(896640K), 0.0032472 secs] [Times: user=0.00 sys=0.00, real=0.01 secs] 
2020-10-29T15:50:23.871+0000: [GC (Allocation Failure) 2020-10-29T15:50:23.871+0000: [ParNew: 16388K->4K(18432K), 0.0031200 secs] 605626K->589242K(896640K), 0.0031733 secs] [Times: user=0.00 sys=0.00, real=0.01 secs] 
2020-10-29T15:50:23.893+0000: [GC (Allocation Failure) 2020-10-29T15:50:23.893+0000: [ParNew: 16388K->4K(18432K), 0.0031247 secs] 605626K->589242K(896640K), 0.0031785 secs] [Times: user=0.01 sys=0.00, real=0.00 secs] 
2020-10-29T15:50:23.916+0000: [GC (Allocation Failure) 2020-10-29T15:50:23.916+0000: [ParNew: 16388K->4K(18432K), 0.0031145 secs] 605626K->589242K(896640K), 0.0031663 secs] [Times: user=0.01 sys=0.00, real=0.00 secs] 
2020-10-29T15:50:23.938+0000: [GC (Allocation Failure) 2020-10-29T15:50:23.938+0000: [ParNew: 16388K->4K(18432K), 0.0031627 secs] 605626K->589242K(896640K), 0.0032167 secs] [Times: user=0.00 sys=0.00, real=0.00 secs] 
2020-10-29T15:50:23.960+0000: [GC (Allocation Failure) 2020-10-29T15:50:23.960+0000: [ParNew: 16388K->4K(18432K), 0.0032502 secs] 605626K->589242K(896640K), 0.0033104 secs] [Times: user=0.01 sys=0.00, real=0.00 secs] 
2020-10-29T15:50:23.984+0000: [GC (Allocation Failure) 2020-10-29T15:50:23.984+0000: [ParNew: 16388K->4K(18432K), 0.0069139 secs] 605626K->589242K(896640K), 0.0069812 secs] [Times: user=0.00 sys=0.00, real=0.01 secs] 
2020-10-29T15:50:24.012+0000: [GC (Allocation Failure) 2020-10-29T15:50:24.013+0000: [ParNew: 16388K->4K(18432K), 0.0031146 secs] 605626K->589242K(896640K), 0.0031681 secs] [Times: user=0.01 sys=0.00, real=0.00 secs] 
2020-10-29T15:50:24.036+0000: [GC (Allocation Failure) 2020-10-29T15:50:24.037+0000: [ParNew: 16388K->4K(18432K), 0.0031202 secs] 605626K->589242K(896640K), 0.0031730 secs] [Times: user=0.01 sys=0.00, real=0.00 secs] 
2020-10-29T15:50:24.059+0000: [GC (Allocation Failure) 2020-10-29T15:50:24.059+0000: [ParNew: 16388K->4K(18432K), 0.0030970 secs] 605626K->589242K(896640K), 0.0031498 secs] [Times: user=0.00 sys=0.00, real=0.00 secs] 
2020-10-29T15:50:24.082+0000: [GC (Allocation Failure) 2020-10-29T15:50:24.082+0000: [ParNew: 16388K->4K(18432K), 0.0031346 secs] 605626K->589242K(896640K), 0.0031886 secs] [Times: user=0.01 sys=0.00, real=0.01 secs] 
2020-10-29T15:50:24.104+0000: [GC (Allocation Failure) 2020-10-29T15:50:24.104+0000: [ParNew: 16388K->4K(18432K), 0.0031154 secs] 605626K->589242K(896640K), 0.0031826 secs] [Times: user=0.00 sys=0.00, real=0.01 secs] 
2020-10-29T15:50:24.127+0000: [GC (Allocation Failure) 2020-10-29T15:50:24.127+0000: [ParNew: 16388K->4K(18432K), 0.0031457 secs] 605626K->589242K(896640K), 0.0031982 secs] [Times: user=0.01 sys=0.00, real=0.00 secs] 
2020-10-29T15:50:24.149+0000: [GC (Allocation Failure) 2020-10-29T15:50:24.149+0000: [ParNew: 16388K->4K(18432K), 0.0031574 secs] 605626K->589242K(896640K), 0.0032122 secs] [Times: user=0.01 sys=0.00, real=0.00 secs] 
2020-10-29T15:50:24.176+0000: [GC (Allocation Failure) 2020-10-29T15:50:24.176+0000: [ParNew: 16388K->4K(18432K), 0.0031469 secs] 605626K->589242K(896640K), 0.0031999 secs] [Times: user=0.01 sys=0.00, real=0.00 secs] 
2020-10-29T15:50:24.199+0000: [GC (Allocation Failure) 2020-10-29T15:50:24.199+0000: [ParNew: 16388K->4K(18432K), 0.0031588 secs] 605626K->589242K(896640K), 0.0032135 secs] [Times: user=0.01 sys=0.00, real=0.00 secs] 
2020-10-29T15:50:24.223+0000: [GC (Allocation Failure) 2020-10-29T15:50:24.223+0000: [ParNew: 16388K->4K(18432K), 0.0031390 secs] 605626K->589242K(896640K), 0.0031919 secs] [Times: user=0.01 sys=0.00, real=0.01 secs] 
2020-10-29T15:50:24.248+0000: [GC (Allocation Failure) 2020-10-29T15:50:24.248+0000: [ParNew: 16388K->4K(18432K), 0.0031406 secs] 605626K->589242K(896640K), 0.0032009 secs] [Times: user=0.01 sys=0.00, real=0.00 secs] 
2020-10-29T15:50:24.289+0000: [GC (Allocation Failure) 2020-10-29T15:50:24.289+0000: [ParNew: 16388K->4K(18432K), 0.0047612 secs] 605626K->589242K(896640K), 0.0048195 secs] [Times: user=0.01 sys=0.00, real=0.01 secs] 
2020-10-29T15:50:24.315+0000: [GC (Allocation Failure) 2020-10-29T15:50:24.315+0000: [ParNew: 16388K->4K(18432K), 0.0031392 secs] 605626K->589242K(896640K), 0.0031949 secs] [Times: user=0.01 sys=0.00, real=0.00 secs] 
2020-10-29T15:50:24.339+0000: [GC (Allocation Failure) 2020-10-29T15:50:24.339+0000: [ParNew: 16388K->4K(18432K), 0.0031265 secs] 605626K->589242K(896640K), 0.0031806 secs] [Times: user=0.01 sys=0.00, real=0.00 secs] 
2020-10-29T15:50:24.364+0000: [GC (Allocation Failure) 2020-10-29T15:50:24.365+0000: [ParNew: 16388K->4K(18432K), 0.0031158 secs] 605626K->589242K(896640K), 0.0031709 secs] [Times: user=0.01 sys=0.00, real=0.00 secs] 
2020-10-29T15:50:24.387+0000: [GC (Allocation Failure) 2020-10-29T15:50:24.387+0000: [ParNew: 16388K->4K(18432K), 0.0032597 secs] 605626K->589242K(896640K), 0.0033173 secs] [Times: user=0.00 sys=0.00, real=0.00 secs] 
2020-10-29T15:50:24.411+0000: [GC (Allocation Failure) 2020-10-29T15:50:24.411+0000: [ParNew: 16388K->4K(18432K), 0.0031200 secs] 605626K->589242K(896640K), 0.0031745 secs] [Times: user=0.01 sys=0.00, real=0.01 secs] 
2020-10-29T15:50:24.437+0000: [GC (Allocation Failure) 2020-10-29T15:50:24.437+0000: [ParNew: 16388K->4K(18432K), 0.0031152 secs] 605626K->589242K(896640K), 0.0031690 secs] [Times: user=0.01 sys=0.00, real=0.00 secs] 
2020-10-29T15:50:24.460+0000: [GC (Allocation Failure) 2020-10-29T15:50:24.460+0000: [ParNew: 16388K->4K(18432K), 0.0031248 secs] 605626K->589242K(896640K), 0.0031797 secs] [Times: user=0.00 sys=0.00, real=0.00 secs] 
2020-10-29T15:50:24.483+0000: [GC (Allocation Failure) 2020-10-29T15:50:24.483+0000: [ParNew: 16388K->4K(18432K), 0.0031330 secs] 605626K->589242K(896640K), 0.0031872 secs] [Times: user=0.01 sys=0.00, real=0.01 secs] 
2020-10-29T15:50:24.508+0000: [GC (Allocation Failure) 2020-10-29T15:50:24.508+0000: [ParNew: 16388K->4K(18432K), 0.0031837 secs] 605626K->589242K(896640K), 0.0032361 secs] [Times: user=0.01 sys=0.00, real=0.00 secs] 
2020-10-29T15:50:24.531+0000: [GC (Allocation Failure) 2020-10-29T15:50:24.531+0000: [ParNew: 16388K->4K(18432K), 0.0031164 secs] 605626K->589242K(896640K), 0.0031709 secs] [Times: user=0.01 sys=0.00, real=0.01 secs] 
2020-10-29T15:50:24.553+0000: [GC (Allocation Failure) 2020-10-29T15:50:24.553+0000: [ParNew: 16388K->4K(18432K), 0.0031403 secs] 605626K->589242K(896640K), 0.0031927 secs] [Times: user=0.00 sys=0.00, real=0.00 secs] 
2020-10-29T15:50:24.576+0000: [GC (Allocation Failure) 2020-10-29T15:50:24.577+0000: [ParNew: 16388K->4K(18432K), 0.0031102 secs] 605626K->589242K(896640K), 0.0031636 secs] [Times: user=0.01 sys=0.00, real=0.00 secs] 
2020-10-29T15:50:24.599+0000: [GC (Allocation Failure) 2020-10-29T15:50:24.599+0000: [ParNew: 16388K->4K(18432K), 0.0031282 secs] 605626K->589242K(896640K), 0.0031824 secs] [Times: user=0.01 sys=0.00, real=0.00 secs] 
2020-10-29T15:50:24.631+0000: [GC (Allocation Failure) 2020-10-29T15:50:24.631+0000: [ParNew: 16388K->4K(18432K), 0.0031211 secs] 605626K->589242K(896640K), 0.0031722 secs] [Times: user=0.00 sys=0.00, real=0.01 secs] 
2020-10-29T15:50:24.656+0000: [GC (Allocation Failure) 2020-10-29T15:50:24.656+0000: [ParNew: 16388K->4K(18432K), 0.0031832 secs] 605626K->589242K(896640K), 0.0032374 secs] [Times: user=0.01 sys=0.00, real=0.00 secs] 
2020-10-29T15:50:24.680+0000: [GC (Allocation Failure) 2020-10-29T15:50:24.680+0000: [ParNew: 16388K->4K(18432K), 0.0031602 secs] 605626K->589242K(896640K), 0.0032147 secs] [Times: user=0.01 sys=0.00, real=0.00 secs] 
2020-10-29T15:50:24.704+0000: [GC (Allocation Failure) 2020-10-29T15:50:24.705+0000: [ParNew: 16388K->4K(18432K), 0.0031839 secs] 605626K->589242K(896640K), 0.0032407 secs] [Times: user=0.01 sys=0.00, real=0.00 secs] 
2020-10-29T15:50:24.727+0000: [GC (Allocation Failure) 2020-10-29T15:50:24.727+0000: [ParNew: 16388K->4K(18432K), 0.0031397 secs] 605626K->589242K(896640K), 0.0031929 secs] [Times: user=0.00 sys=0.00, real=0.00 secs] 
2020-10-29T15:50:24.749+0000: [GC (Allocation Failure) 2020-10-29T15:50:24.749+0000: [ParNew: 16388K->4K(18432K), 0.0031414 secs] 605626K->589242K(896640K), 0.0031986 secs] [Times: user=0.00 sys=0.01, real=0.00 secs] 
2020-10-29T15:50:24.772+0000: [GC (Allocation Failure) 2020-10-29T15:50:24.772+0000: [ParNew: 16388K->4K(18432K), 0.0031887 secs] 605626K->589242K(896640K), 0.0032413 secs] [Times: user=0.01 sys=0.00, real=0.01 secs] 
2020-10-29T15:50:24.794+0000: [GC (Allocation Failure) 2020-10-29T15:50:24.794+0000: [ParNew: 16388K->4K(18432K), 0.0031381 secs] 605626K->589242K(896640K), 0.0031899 secs] [Times: user=0.00 sys=0.00, real=0.00 secs] 
2020-10-29T15:50:24.816+0000: [GC (Allocation Failure) 2020-10-29T15:50:24.816+0000: [ParNew: 16388K->4K(18432K), 0.0031327 secs] 605626K->589242K(896640K), 0.0031843 secs] [Times: user=0.01 sys=0.00, real=0.00 secs] 
2020-10-29T15:50:24.840+0000: [GC (Allocation Failure) 2020-10-29T15:50:24.841+0000: [ParNew: 16388K->4K(18432K), 0.0031030 secs] 605626K->589242K(896640K), 0.0031559 secs] [Times: user=0.01 sys=0.00, real=0.00 secs] 
2020-10-29T15:50:24.864+0000: [GC (Allocation Failure) 2020-10-29T15:50:24.865+0000: [ParNew: 16388K->4K(18432K), 0.0031073 secs] 605626K->589242K(896640K), 0.0031597 secs] [Times: user=0.01 sys=0.00, real=0.00 secs] 
2020-10-29T15:50:24.888+0000: [GC (Allocation Failure) 2020-10-29T15:50:24.888+0000: [ParNew: 16388K->4K(18432K), 0.0031191 secs] 605626K->589242K(896640K), 0.0031725 secs] [Times: user=0.00 sys=0.00, real=0.00 secs] 
2020-10-29T15:50:24.911+0000: [GC (Allocation Failure) 2020-10-29T15:50:24.911+0000: [ParNew: 16388K->4K(18432K), 0.0031946 secs] 605626K->589242K(896640K), 0.0032471 secs] [Times: user=0.00 sys=0.00, real=0.01 secs] 
2020-10-29T15:50:24.932+0000: [GC (Allocation Failure) 2020-10-29T15:50:24.932+0000: [ParNew: 16388K->4K(18432K), 0.0030890 secs] 605626K->589242K(896640K), 0.0031414 secs] [Times: user=0.01 sys=0.00, real=0.00 secs] 
2020-10-29T15:50:24.955+0000: [GC (Allocation Failure) 2020-10-29T15:50:24.955+0000: [ParNew: 16388K->4K(18432K), 0.0031585 secs] 605626K->589242K(896640K), 0.0032102 secs] [Times: user=0.01 sys=0.00, real=0.00 secs] 
2020-10-29T15:50:24.977+0000: [GC (Allocation Failure) 2020-10-29T15:50:24.977+0000: [ParNew: 16388K->4K(18432K), 0.0030670 secs] 605626K->589242K(896640K), 0.0031186 secs] [Times: user=0.01 sys=0.00, real=0.00 secs] 
2020-10-29T15:50:25.000+0000: [GC (Allocation Failure) 2020-10-29T15:50:25.000+0000: [ParNew: 16388K->4K(18432K), 0.0031151 secs] 605626K->589242K(896640K), 0.0031701 secs] [Times: user=0.00 sys=0.00, real=0.00 secs] 
2020-10-29T15:50:25.024+0000: [GC (Allocation Failure) 2020-10-29T15:50:25.025+0000: [ParNew: 16388K->4K(18432K), 0.0031018 secs] 605626K->589242K(896640K), 0.0031628 secs] [Times: user=0.00 sys=0.00, real=0.00 secs] 
2020-10-29T15:50:25.046+0000: [GC (Allocation Failure) 2020-10-29T15:50:25.046+0000: [ParNew: 16388K->4K(18432K), 0.0031489 secs] 605626K->589242K(896640K), 0.0032042 secs] [Times: user=0.01 sys=0.00, real=0.00 secs] 
2020-10-29T15:50:25.069+0000: [GC (Allocation Failure) 2020-10-29T15:50:25.069+0000: [ParNew: 16388K->4K(18432K), 0.0031299 secs] 605626K->589242K(896640K), 0.0031839 secs] [Times: user=0.00 sys=0.00, real=0.00 secs] 
2020-10-29T15:50:25.092+0000: [GC (Allocation Failure) 2020-10-29T15:50:25.093+0000: [ParNew: 16388K->4K(18432K), 0.0031230 secs] 605626K->589242K(896640K), 0.0031773 secs] [Times: user=0.00 sys=0.00, real=0.00 secs] 
2020-10-29T15:50:25.115+0000: [GC (Allocation Failure) 2020-10-29T15:50:25.115+0000: [ParNew: 16388K->4K(18432K), 0.0031303 secs] 605626K->589242K(896640K), 0.0031840 secs] [Times: user=0.01 sys=0.00, real=0.00 secs] 
2020-10-29T15:50:25.138+0000: [GC (Allocation Failure) 2020-10-29T15:50:25.138+0000: [ParNew: 16388K->4K(18432K), 0.0031262 secs] 605626K->589242K(896640K), 0.0031769 secs] [Times: user=0.01 sys=0.00, real=0.00 secs] 
2020-10-29T15:50:25.164+0000: [GC (Allocation Failure) 2020-10-29T15:50:25.164+0000: [ParNew: 16388K->4K(18432K), 0.0031492 secs] 605626K->589242K(896640K), 0.0032032 secs] [Times: user=0.00 sys=0.00, real=0.01 secs] 
2020-10-29T15:50:25.186+0000: [GC (Allocation Failure) 2020-10-29T15:50:25.186+0000: [ParNew: 16388K->4K(18432K), 0.0031197 secs] 605626K->589242K(896640K), 0.0031747 secs] [Times: user=0.01 sys=0.00, real=0.00 secs] 
2020-10-29T15:50:25.208+0000: [GC (Allocation Failure) 2020-10-29T15:50:25.208+0000: [ParNew: 16388K->4K(18432K), 0.0032481 secs] 605626K->589242K(896640K), 0.0033029 secs] [Times: user=0.01 sys=0.00, real=0.00 secs] 
2020-10-29T15:50:25.232+0000: [GC (Allocation Failure) 2020-10-29T15:50:25.233+0000: [ParNew: 16388K->4K(18432K), 0.0031195 secs] 605626K->589242K(896640K), 0.0031747 secs] [Times: user=0.01 sys=0.00, real=0.00 secs] 
2020-10-29T15:50:25.255+0000: [GC (Allocation Failure) 2020-10-29T15:50:25.255+0000: [ParNew: 16388K->4K(18432K), 0.0032252 secs] 605626K->589242K(896640K), 0.0032813 secs] [Times: user=0.01 sys=0.00, real=0.00 secs] 
2020-10-29T15:50:25.326+0000: [GC (Allocation Failure) 2020-10-29T15:50:25.326+0000: [ParNew: 16388K->19K(18432K), 0.0046952 secs] 605626K->589258K(896640K), 0.0047505 secs] [Times: user=0.01 sys=0.00, real=0.00 secs] 
2020-10-29T15:50:25.382+0000: [GC (Allocation Failure) 2020-10-29T15:50:25.382+0000: [ParNew: 16403K->10K(18432K), 0.0032077 secs] 605642K->589248K(896640K), 0.0032840 secs] [Times: user=0.01 sys=0.00, real=0.01 secs] 
2020-10-29T15:50:25.436+0000: [GC (Allocation Failure) 2020-10-29T15:50:25.436+0000: [ParNew: 16394K->13K(18432K), 0.0032201 secs] 605632K->589251K(896640K), 0.0032936 secs] [Times: user=0.01 sys=0.00, real=0.00 secs] 
2020-10-29T15:50:25.480+0000: [GC (Allocation Failure) 2020-10-29T15:50:25.480+0000: [ParNew: 16397K->13K(18432K), 0.0031819 secs] 605635K->589251K(896640K), 0.0032541 secs] [Times: user=0.01 sys=0.00, real=0.00 secs] 
2020-10-29T15:50:25.522+0000: [GC (Allocation Failure) 2020-10-29T15:50:25.522+0000: [ParNew: 16397K->13K(18432K), 0.0031829 secs] 605635K->589252K(896640K), 0.0032385 secs] [Times: user=0.01 sys=0.00, real=0.01 secs] 
2020-10-29T15:50:25.547+0000: [GC (Allocation Failure) 2020-10-29T15:50:25.547+0000: [ParNew: 16397K->13K(18432K), 0.0031899 secs] 605636K->589252K(896640K), 0.0032447 secs] [Times: user=0.01 sys=0.00, real=0.00 secs] 
2020-10-29T15:50:25.573+0000: [GC (Allocation Failure) 2020-10-29T15:50:25.573+0000: [ParNew: 16397K->9K(18432K), 0.0031903 secs] 605636K->589256K(896640K), 0.0032426 secs] [Times: user=0.01 sys=0.00, real=0.00 secs] 
2020-10-29T15:50:25.597+0000: [GC (Allocation Failure) 2020-10-29T15:50:25.597+0000: [ParNew: 16393K->4K(18432K), 0.0031096 secs] 605640K->589251K(896640K), 0.0031637 secs] [Times: user=0.01 sys=0.00, real=0.00 secs] 
2020-10-29T15:50:25.621+0000: [GC (Allocation Failure) 2020-10-29T15:50:25.621+0000: [ParNew: 16388K->4K(18432K), 0.0031399 secs] 605635K->589251K(896640K), 0.0031948 secs] [Times: user=0.01 sys=0.00, real=0.01 secs] 
2020-10-29T15:50:25.646+0000: [GC (Allocation Failure) 2020-10-29T15:50:25.646+0000: [ParNew: 16388K->4K(18432K), 0.0031344 secs] 605635K->589251K(896640K), 0.0031877 secs] [Times: user=0.01 sys=0.00, real=0.00 secs] 
2020-10-29T15:50:25.671+0000: [GC (Allocation Failure) 2020-10-29T15:50:25.671+0000: [ParNew: 16388K->4K(18432K), 0.0031443 secs] 605635K->589251K(896640K), 0.0031990 secs] [Times: user=0.01 sys=0.00, real=0.01 secs] 
2020-10-29T15:50:25.695+0000: [GC (Allocation Failure) 2020-10-29T15:50:25.695+0000: [ParNew: 16388K->4K(18432K), 0.0031183 secs] 605635K->589251K(896640K), 0.0031724 secs] [Times: user=0.01 sys=0.00, real=0.00 secs] 
2020-10-29T15:50:25.721+0000: [GC (Allocation Failure) 2020-10-29T15:50:25.721+0000: [ParNew: 16388K->4K(18432K), 0.0031218 secs] 605635K->589251K(896640K), 0.0031727 secs] [Times: user=0.01 sys=0.00, real=0.00 secs] 
2020-10-29T15:50:25.745+0000: [GC (Allocation Failure) 2020-10-29T15:50:25.745+0000: [ParNew: 16388K->4K(18432K), 0.0031302 secs] 605635K->589251K(896640K), 0.0031852 secs] [Times: user=0.01 sys=0.00, real=0.00 secs] 
2020-10-29T15:50:25.772+0000: [GC (Allocation Failure) 2020-10-29T15:50:25.772+0000: [ParNew: 16388K->4K(18432K), 0.0032329 secs] 605635K->589251K(896640K), 0.0032884 secs] [Times: user=0.01 sys=0.00, real=0.01 secs] 
2020-10-29T15:50:27.023+0000: [GC (Allocation Failure) 2020-10-29T15:50:27.023+0000: [ParNew: 16388K->707K(18432K), 0.0041093 secs] 605635K->589955K(896640K), 0.0041701 secs] [Times: user=0.01 sys=0.00, real=0.01 secs] 
2020-10-29T15:50:27.181+0000: [GC (Allocation Failure) 2020-10-29T15:50:27.181+0000: [ParNew: 17091K->911K(18432K), 0.0044892 secs] 606339K->590158K(896640K), 0.0045479 secs] [Times: user=0.01 sys=0.00, real=0.01 secs] 
2020-10-29T15:50:27.413+0000: [GC (Allocation Failure) 2020-10-29T15:50:27.413+0000: [ParNew: 17295K->2048K(18432K), 0.0079149 secs] 606542K->591789K(896640K), 0.0080149 secs] [Times: user=0.02 sys=0.00, real=0.00 secs] 
2020-10-29T15:50:27.457+0000: [GC (Allocation Failure) 2020-10-29T15:50:27.457+0000: [ParNew: 18432K->1370K(18432K), 0.0073075 secs] 608173K->593010K(896640K), 0.0073694 secs] [Times: user=0.02 sys=0.00, real=0.00 secs] 
2020-10-29T15:50:27.496+0000: [GC (Allocation Failure) 2020-10-29T15:50:27.496+0000: [ParNew: 17754K->369K(18432K), 0.0032958 secs] 609394K->592008K(896640K), 0.0033557 secs] [Times: user=0.01 sys=0.00, real=0.00 secs] 
2020-10-29T15:50:27.528+0000: [GC (Allocation Failure) 2020-10-29T15:50:27.529+0000: [ParNew: 16753K->806K(18432K), 0.0048848 secs] 608392K->592446K(896640K), 0.0049452 secs] [Times: user=0.00 sys=0.00, real=0.01 secs] 
2020-10-29T15:50:27.554+0000: [GC (Allocation Failure) 2020-10-29T15:50:27.554+0000: [ParNew: 17190K->588K(18432K), 0.0033749 secs] 608830K->592227K(896640K), 0.0034326 secs] [Times: user=0.00 sys=0.00, real=0.00 secs] 
2020-10-29T15:50:27.578+0000: [GC (Allocation Failure) 2020-10-29T15:50:27.578+0000: [ParNew: 16972K->544K(18432K), 0.0033310 secs] 608611K->592184K(896640K), 0.0033900 secs] [Times: user=0.01 sys=0.00, real=0.00 secs] 
2020-10-29T15:50:27.602+0000: [GC (Allocation Failure) 2020-10-29T15:50:27.602+0000: [ParNew: 16928K->1042K(18432K), 0.0034457 secs] 608568K->592682K(896640K), 0.0035034 secs] [Times: user=0.01 sys=0.00, real=0.01 secs] 
2020-10-29T15:50:27.632+0000: [GC (Allocation Failure) 2020-10-29T15:50:27.633+0000: [ParNew: 17426K->1031K(18432K), 0.0034481 secs] 609066K->592683K(896640K), 0.0035062 secs] [Times: user=0.01 sys=0.00, real=0.00 secs] 
2020-10-29T15:50:27.657+0000: [GC (Allocation Failure) 2020-10-29T15:50:27.657+0000: [ParNew: 17415K->516K(18432K), 0.0035984 secs] 609067K->592680K(896640K), 0.0036559 secs] [Times: user=0.00 sys=0.00, real=0.00 secs] 
2020-10-29T15:50:27.681+0000: [GC (Allocation Failure) 2020-10-29T15:50:27.681+0000: [ParNew: 16900K->1028K(18432K), 0.0033552 secs] 609064K->593192K(896640K), 0.0034118 secs] [Times: user=0.01 sys=0.00, real=0.01 secs] 
2020-10-29T15:50:27.708+0000: [GC (Allocation Failure) 2020-10-29T15:50:27.709+0000: [ParNew: 17412K->4K(18432K), 0.0035579 secs] 609576K->592680K(896640K), 0.0036151 secs] [Times: user=0.01 sys=0.00, real=0.00 secs] 
2020-10-29T15:50:27.736+0000: [GC (Allocation Failure) 2020-10-29T15:50:27.736+0000: [ParNew: 16388K->4K(18432K), 0.0032180 secs] 609064K->592680K(896640K), 0.0032691 secs] [Times: user=0.01 sys=0.00, real=0.00 secs] 
2020-10-29T15:50:27.764+0000: [GC (Allocation Failure) 2020-10-29T15:50:27.764+0000: [ParNew: 16388K->4K(18432K), 0.0031980 secs] 609064K->592680K(896640K), 0.0032586 secs] [Times: user=0.01 sys=0.00, real=0.01 secs] 
2020-10-29T15:50:27.783+0000: [GC (Allocation Failure) 2020-10-29T15:50:27.783+0000: [ParNew: 16388K->1028K(18432K), 0.0039861 secs] 609064K->594728K(896640K), 0.0040458 secs] [Times: user=0.01 sys=0.00, real=0.01 secs] 
2020-10-29T15:50:27.803+0000: [GC (Allocation Failure) 2020-10-29T15:50:27.804+0000: [ParNew: 17412K->4K(18432K), 0.0031922 secs] 611112K->593704K(896640K), 0.0032639 secs] [Times: user=0.01 sys=0.00, real=0.01 secs] 
2020-10-29T15:50:27.823+0000: [GC (Allocation Failure) 2020-10-29T15:50:27.823+0000: [ParNew: 16388K->4K(18432K), 0.0031405 secs] 610088K->593704K(896640K), 0.0031950 secs] [Times: user=0.01 sys=0.00, real=0.01 secs] 
2020-10-29T15:50:27.842+0000: [GC (Allocation Failure) 2020-10-29T15:50:27.842+0000: [ParNew: 16388K->4K(18432K), 0.0030365 secs] 610088K->593704K(896640K), 0.0030882 secs] [Times: user=0.00 sys=0.00, real=0.01 secs] 
2020-10-29T15:50:27.861+0000: [GC (Allocation Failure) 2020-10-29T15:50:27.861+0000: [ParNew: 16388K->4K(18432K), 0.0036791 secs] 610088K->593704K(896640K), 0.0037326 secs] [Times: user=0.01 sys=0.00, real=0.01 secs] 
2020-10-29T15:50:27.881+0000: [GC (Allocation Failure) 2020-10-29T15:50:27.881+0000: [ParNew: 16388K->4K(18432K), 0.0030623 secs] 610088K->593704K(896640K), 0.0031136 secs] [Times: user=0.01 sys=0.00, real=0.00 secs] 
2020-10-29T15:50:27.904+0000: [GC (Allocation Failure) 2020-10-29T15:50:27.905+0000: [ParNew: 16388K->4K(18432K), 0.0031409 secs] 610088K->593704K(896640K), 0.0031984 secs] [Times: user=0.01 sys=0.00, real=0.00 secs] 
2020-10-29T15:50:27.939+0000: [GC (Allocation Failure) 2020-10-29T15:50:27.939+0000: [ParNew: 16388K->4K(18432K), 0.0031796 secs] 610088K->593704K(896640K), 0.0032361 secs] [Times: user=0.01 sys=0.00, real=0.00 secs] 
2020-10-29T15:50:27.974+0000: [GC (Allocation Failure) 2020-10-29T15:50:27.974+0000: [ParNew: 16388K->4K(18432K), 0.0047155 secs] 610088K->593704K(896640K), 0.0047744 secs] [Times: user=0.01 sys=0.00, real=0.00 secs] 
2020-10-29T15:50:28.017+0000: [GC (Allocation Failure) 2020-10-29T15:50:28.017+0000: [ParNew: 16388K->4K(18432K), 0.0032192 secs] 610088K->593704K(896640K), 0.0033437 secs] [Times: user=0.01 sys=0.00, real=0.00 secs] 
2020-10-29T15:50:28.057+0000: [GC (Allocation Failure) 2020-10-29T15:50:28.057+0000: [ParNew: 16388K->4K(18432K), 0.0032848 secs] 610088K->593704K(896640K), 0.0033616 secs] [Times: user=0.00 sys=0.00, real=0.00 secs] 
2020-10-29T15:50:28.092+0000: [GC (Allocation Failure) 2020-10-29T15:50:28.092+0000: [ParNew: 16388K->4K(18432K), 0.0032106 secs] 610088K->593704K(896640K), 0.0033036 secs] [Times: user=0.01 sys=0.00, real=0.01 secs] 
2020-10-29T15:50:28.132+0000: [GC (Allocation Failure) 2020-10-29T15:50:28.132+0000: [ParNew: 16388K->4K(18432K), 0.0032662 secs] 610088K->593704K(896640K), 0.0033422 secs] [Times: user=0.01 sys=0.00, real=0.01 secs] 
2020-10-29T15:50:28.172+0000: [GC (Allocation Failure) 2020-10-29T15:50:28.173+0000: [ParNew: 16388K->4K(18432K), 0.0032023 secs] 610088K->593704K(896640K), 0.0032789 secs] [Times: user=0.00 sys=0.00, real=0.00 secs] 
2020-10-29T15:50:28.213+0000: [GC (Allocation Failure) 2020-10-29T15:50:28.213+0000: [ParNew: 16388K->4K(18432K), 0.0032237 secs] 610088K->593704K(896640K), 0.0033020 secs] [Times: user=0.01 sys=0.00, real=0.00 secs] 
2020-10-29T15:50:28.252+0000: [GC (Allocation Failure) 2020-10-29T15:50:28.252+0000: [ParNew: 16388K->4K(18432K), 0.0045543 secs] 610088K->595752K(896640K), 0.0046329 secs] [Times: user=0.00 sys=0.01, real=0.01 secs] 
2020-10-29T15:50:28.287+0000: [GC (Allocation Failure) 2020-10-29T15:50:28.287+0000: [ParNew: 16388K->4K(18432K), 0.0033001 secs] 612136K->595752K(896640K), 0.0033772 secs] [Times: user=0.01 sys=0.00, real=0.00 secs] 
2020-10-29T15:50:28.321+0000: [GC (Allocation Failure) 2020-10-29T15:50:28.321+0000: [ParNew: 16388K->4K(18432K), 0.0067366 secs] 612136K->595752K(896640K), 0.0068139 secs] [Times: user=0.01 sys=0.00, real=0.01 secs] 
2020-10-29T15:50:28.349+0000: [GC (Allocation Failure) 2020-10-29T15:50:28.349+0000: [ParNew: 16388K->2K(18432K), 0.0065701 secs] 612136K->595750K(896640K), 0.0066484 secs] [Times: user=0.01 sys=0.00, real=0.01 secs] 
2020-10-29T15:50:28.392+0000: [GC (Allocation Failure) 2020-10-29T15:50:28.392+0000: [ParNew: 16386K->4K(18432K), 0.0035380 secs] 612134K->595752K(896640K), 0.0035933 secs] [Times: user=0.00 sys=0.00, real=0.01 secs] 
2020-10-29T15:50:28.416+0000: [GC (Allocation Failure) 2020-10-29T15:50:28.416+0000: [ParNew: 16388K->4K(18432K), 0.0031787 secs] 612136K->595752K(896640K), 0.0032359 secs] [Times: user=0.01 sys=0.00, real=0.00 secs] 
2020-10-29T15:50:28.440+0000: [GC (Allocation Failure) 2020-10-29T15:50:28.441+0000: [ParNew: 16388K->4K(18432K), 0.0031827 secs] 612136K->595752K(896640K), 0.0032420 secs] [Times: user=0.01 sys=0.00, real=0.00 secs] 
2020-10-29T15:50:28.460+0000: [GC (Allocation Failure) 2020-10-29T15:50:28.460+0000: [ParNew: 16388K->4K(18432K), 0.0031756 secs] 612136K->595752K(896640K), 0.0032329 secs] [Times: user=0.00 sys=0.00, real=0.00 secs] 
2020-10-29T15:50:28.480+0000: [GC (Allocation Failure) 2020-10-29T15:50:28.481+0000: [ParNew: 16388K->4K(18432K), 0.0031545 secs] 612136K->595752K(896640K), 0.0032097 secs] [Times: user=0.00 sys=0.00, real=0.00 secs] 
2020-10-29T15:50:28.499+0000: [GC (Allocation Failure) 2020-10-29T15:50:28.499+0000: [ParNew: 16388K->4K(18432K), 0.0032051 secs] 612136K->595752K(896640K), 0.0032603 secs] [Times: user=0.01 sys=0.00, real=0.00 secs] 
2020-10-29T15:50:28.518+0000: [GC (Allocation Failure) 2020-10-29T15:50:28.518+0000: [ParNew: 16388K->4K(18432K), 0.0030976 secs] 612136K->595752K(896640K), 0.0031497 secs] [Times: user=0.01 sys=0.00, real=0.00 secs] 
2020-10-29T15:50:28.535+0000: [GC (Allocation Failure) 2020-10-29T15:50:28.535+0000: [ParNew: 16388K->4K(18432K), 0.0031238 secs] 612136K->595752K(896640K), 0.0031758 secs] [Times: user=0.01 sys=0.00, real=0.00 secs] 
2020-10-29T15:50:28.553+0000: [GC (Allocation Failure) 2020-10-29T15:50:28.553+0000: [ParNew: 16388K->4K(18432K), 0.0030882 secs] 612136K->595752K(896640K), 0.0031420 secs] [Times: user=0.00 sys=0.00, real=0.00 secs] 
2020-10-29T15:50:28.570+0000: [GC (Allocation Failure) 2020-10-29T15:50:28.570+0000: [ParNew: 16388K->4K(18432K), 0.0031755 secs] 612136K->595752K(896640K), 0.0032300 secs] [Times: user=0.01 sys=0.00, real=0.01 secs] 
2020-10-29T15:50:28.587+0000: [GC (Allocation Failure) 2020-10-29T15:50:28.587+0000: [ParNew: 16388K->4K(18432K), 0.0031269 secs] 612136K->595752K(896640K), 0.0031808 secs] [Times: user=0.01 sys=0.00, real=0.00 secs] 
2020-10-29T15:50:28.605+0000: [GC (Allocation Failure) 2020-10-29T15:50:28.605+0000: [ParNew: 16388K->4K(18432K), 0.0031481 secs] 612136K->595752K(896640K), 0.0032033 secs] [Times: user=0.01 sys=0.00, real=0.00 secs] 
2020-10-29T15:50:28.622+0000: [GC (Allocation Failure) 2020-10-29T15:50:28.622+0000: [ParNew: 16388K->4K(18432K), 0.0031063 secs] 612136K->595752K(896640K), 0.0031607 secs] [Times: user=0.00 sys=0.00, real=0.01 secs] 
2020-10-29T15:50:28.639+0000: [GC (Allocation Failure) 2020-10-29T15:50:28.640+0000: [ParNew: 16388K->4K(18432K), 0.0031630 secs] 612136K->595752K(896640K), 0.0032193 secs] [Times: user=0.01 sys=0.00, real=0.00 secs] 
2020-10-29T15:50:28.657+0000: [GC (Allocation Failure) 2020-10-29T15:50:28.657+0000: [ParNew: 16388K->4K(18432K), 0.0046994 secs] 612136K->595752K(896640K), 0.0047575 secs] [Times: user=0.00 sys=0.00, real=0.00 secs] 
2020-10-29T15:50:28.676+0000: [GC (Allocation Failure) 2020-10-29T15:50:28.676+0000: [ParNew: 16388K->4K(18432K), 0.0032006 secs] 612136K->595752K(896640K), 0.0032637 secs] [Times: user=0.00 sys=0.00, real=0.00 secs] 
2020-10-29T15:50:28.697+0000: [GC (Allocation Failure) 2020-10-29T15:50:28.697+0000: [ParNew: 16388K->4K(18432K), 0.0031936 secs] 612136K->595752K(896640K), 0.0032499 secs] [Times: user=0.01 sys=0.00, real=0.00 secs] 
2020-10-29T15:50:28.715+0000: [GC (Allocation Failure) 2020-10-29T15:50:28.715+0000: [ParNew: 16388K->4K(18432K), 0.0031417 secs] 612136K->595753K(896640K), 0.0031954 secs] [Times: user=0.01 sys=0.00, real=0.00 secs] 
2020-10-29T15:50:28.736+0000: [GC (Allocation Failure) 2020-10-29T15:50:28.737+0000: [ParNew: 16388K->4K(18432K), 0.0031369 secs] 612137K->595753K(896640K), 0.0031921 secs] [Times: user=0.00 sys=0.00, real=0.00 secs] 
2020-10-29T15:50:28.754+0000: [GC (Allocation Failure) 2020-10-29T15:50:28.754+0000: [ParNew: 16388K->4K(18432K), 0.0031592 secs] 612137K->595753K(896640K), 0.0032125 secs] [Times: user=0.01 sys=0.00, real=0.00 secs] 
2020-10-29T15:50:28.771+0000: [GC (Allocation Failure) 2020-10-29T15:50:28.771+0000: [ParNew: 16388K->4K(18432K), 0.0031672 secs] 612137K->595753K(896640K), 0.0032209 secs] [Times: user=0.00 sys=0.00, real=0.01 secs] 
2020-10-29T15:50:28.792+0000: [GC (Allocation Failure) 2020-10-29T15:50:28.793+0000: [ParNew: 16388K->4K(18432K), 0.0031023 secs] 612137K->595753K(896640K), 0.0031550 secs] [Times: user=0.00 sys=0.00, real=0.00 secs] 
2020-10-29T15:50:28.810+0000: [GC (Allocation Failure) 2020-10-29T15:50:28.810+0000: [ParNew: 16388K->4K(18432K), 0.0031713 secs] 612137K->595753K(896640K), 0.0032266 secs] [Times: user=0.01 sys=0.00, real=0.01 secs] 
2020-10-29T15:50:28.827+0000: [GC (Allocation Failure) 2020-10-29T15:50:28.827+0000: [ParNew: 16388K->4K(18432K), 0.0031487 secs] 612137K->595753K(896640K), 0.0032021 secs] [Times: user=0.01 sys=0.00, real=0.00 secs] 
2020-10-29T15:50:28.845+0000: [GC (Allocation Failure) 2020-10-29T15:50:28.845+0000: [ParNew: 16388K->4K(18432K), 0.0031766 secs] 612137K->595753K(896640K), 0.0032325 secs] [Times: user=0.00 sys=0.00, real=0.00 secs] 
2020-10-29T15:50:28.863+0000: [GC (Allocation Failure) 2020-10-29T15:50:28.863+0000: [ParNew: 16388K->4K(18432K), 0.0055166 secs] 612137K->595753K(896640K), 0.0055818 secs] [Times: user=0.00 sys=0.01, real=0.01 secs] 
2020-10-29T15:50:28.889+0000: [GC (Allocation Failure) 2020-10-29T15:50:28.889+0000: [ParNew: 16388K->4K(18432K), 0.0030927 secs] 612137K->595753K(896640K), 0.0031401 secs] [Times: user=0.01 sys=0.00, real=0.00 secs] 
2020-10-29T15:50:28.906+0000: [GC (Allocation Failure) 2020-10-29T15:50:28.906+0000: [ParNew: 16388K->4K(18432K), 0.0031116 secs] 612137K->595753K(896640K), 0.0031653 secs] [Times: user=0.01 sys=0.00, real=0.00 secs] 
2020-10-29T15:50:28.924+0000: [GC (Allocation Failure) 2020-10-29T15:50:28.925+0000: [ParNew: 16388K->4K(18432K), 0.0031841 secs] 612137K->595753K(896640K), 0.0032400 secs] [Times: user=0.01 sys=0.00, real=0.00 secs] 
2020-10-29T15:50:28.942+0000: [GC (Allocation Failure) 2020-10-29T15:50:28.942+0000: [ParNew: 16388K->4K(18432K), 0.0031780 secs] 612137K->595753K(896640K), 0.0032342 secs] [Times: user=0.01 sys=0.00, real=0.01 secs] 
2020-10-29T15:50:28.960+0000: [GC (Allocation Failure) 2020-10-29T15:50:28.960+0000: [ParNew: 16388K->4K(18432K), 0.0031750 secs] 612137K->595753K(896640K), 0.0032290 secs] [Times: user=0.01 sys=0.00, real=0.00 secs] 
2020-10-29T15:50:28.977+0000: [GC (Allocation Failure) 2020-10-29T15:50:28.977+0000: [ParNew: 16288K->4K(18432K), 0.0030605 secs] 612037K->595753K(896640K), 0.0031133 secs] [Times: user=0.00 sys=0.00, real=0.00 secs] 
2020-10-29T15:50:28.994+0000: [GC (Allocation Failure) 2020-10-29T15:50:28.994+0000: [ParNew: 16388K->4K(18432K), 0.0031092 secs] 612137K->595753K(896640K), 0.0031626 secs] [Times: user=0.01 sys=0.00, real=0.00 secs] 
2020-10-29T15:50:29.012+0000: [GC (Allocation Failure) 2020-10-29T15:50:29.013+0000: [ParNew: 16388K->4K(18432K), 0.0030882 secs] 612137K->595753K(896640K), 0.0031410 secs] [Times: user=0.00 sys=0.00, real=0.00 secs] 
2020-10-29T15:50:29.032+0000: [GC (Allocation Failure) 2020-10-29T15:50:29.033+0000: [ParNew: 16388K->4K(18432K), 0.0031201 secs] 612137K->595753K(896640K), 0.0031728 secs] [Times: user=0.01 sys=0.00, real=0.00 secs] 
2020-10-29T15:50:29.052+0000: [GC (Allocation Failure) 2020-10-29T15:50:29.053+0000: [ParNew: 16388K->4K(18432K), 0.0030069 secs] 612137K->595753K(896640K), 0.0030554 secs] [Times: user=0.00 sys=0.00, real=0.00 secs] 
2020-10-29T15:50:29.071+0000: [GC (Allocation Failure) 2020-10-29T15:50:29.071+0000: [ParNew: 16388K->4K(18432K), 0.0032487 secs] 612137K->595753K(896640K), 0.0033045 secs] [Times: user=0.01 sys=0.00, real=0.01 secs] 
2020-10-29T15:50:29.092+0000: [GC (Allocation Failure) 2020-10-29T15:50:29.092+0000: [ParNew: 16388K->4K(18432K), 0.0030872 secs] 612137K->595753K(896640K), 0.0031419 secs] [Times: user=0.00 sys=0.00, real=0.01 secs] 
2020-10-29T15:50:29.110+0000: [GC (Allocation Failure) 2020-10-29T15:50:29.110+0000: [ParNew: 16388K->4K(18432K), 0.0032346 secs] 612137K->595753K(896640K), 0.0032904 secs] [Times: user=0.01 sys=0.00, real=0.01 secs] 
2020-10-29T15:50:29.127+0000: [GC (Allocation Failure) 2020-10-29T15:50:29.127+0000: [ParNew: 16388K->4K(18432K), 0.0031764 secs] 612137K->595753K(896640K), 0.0032314 secs] [Times: user=0.01 sys=0.00, real=0.00 secs] 
2020-10-29T15:50:29.148+0000: [GC (Allocation Failure) 2020-10-29T15:50:29.148+0000: [ParNew: 16388K->4K(18432K), 0.0031364 secs] 612137K->595753K(896640K), 0.0031917 secs] [Times: user=0.01 sys=0.00, real=0.00 secs] 
2020-10-29T15:50:29.168+0000: [GC (Allocation Failure) 2020-10-29T15:50:29.169+0000: [ParNew: 16388K->4K(18432K), 0.0031536 secs] 612137K->595753K(896640K), 0.0032113 secs] [Times: user=0.01 sys=0.00, real=0.00 secs] 
2020-10-29T15:50:29.188+0000: [GC (Allocation Failure) 2020-10-29T15:50:29.189+0000: [ParNew: 16388K->4K(18432K), 0.0031450 secs] 612137K->595753K(896640K), 0.0032010 secs] [Times: user=0.00 sys=0.00, real=0.00 secs] 
2020-10-29T15:50:29.208+0000: [GC (Allocation Failure) 2020-10-29T15:50:29.208+0000: [ParNew: 16388K->4K(18432K), 0.0030518 secs] 612137K->595753K(896640K), 0.0031018 secs] [Times: user=0.01 sys=0.00, real=0.00 secs] 
2020-10-29T15:50:29.228+0000: [GC (Allocation Failure) 2020-10-29T15:50:29.229+0000: [ParNew: 16388K->4K(18432K), 0.0032462 secs] 612137K->595753K(896640K), 0.0033029 secs] [Times: user=0.01 sys=0.00, real=0.00 secs] 
2020-10-29T15:50:29.246+0000: [GC (Allocation Failure) 2020-10-29T15:50:29.246+0000: [ParNew: 16388K->4K(18432K), 0.0031694 secs] 612137K->595753K(896640K), 0.0032269 secs] [Times: user=0.00 sys=0.00, real=0.00 secs] 
2020-10-29T15:50:29.263+0000: [GC (Allocation Failure) 2020-10-29T15:50:29.263+0000: [ParNew: 16388K->4K(18432K), 0.0031572 secs] 612137K->595753K(896640K), 0.0032382 secs] [Times: user=0.01 sys=0.00, real=0.01 secs] 
2020-10-29T15:50:29.281+0000: [GC (Allocation Failure) 2020-10-29T15:50:29.281+0000: [ParNew: 16388K->4K(18432K), 0.0031454 secs] 612137K->595753K(896640K), 0.0032062 secs] [Times: user=0.01 sys=0.00, real=0.00 secs] 
2020-10-29T15:50:29.298+0000: [GC (Allocation Failure) 2020-10-29T15:50:29.298+0000: [ParNew: 16388K->4K(18432K), 0.0030658 secs] 612137K->595753K(896640K), 0.0031163 secs] [Times: user=0.01 sys=0.00, real=0.00 secs] 
2020-10-29T15:50:29.316+0000: [GC (Allocation Failure) 2020-10-29T15:50:29.317+0000: [ParNew: 16388K->4K(18432K), 0.0030915 secs] 612137K->595753K(896640K), 0.0031443 secs] [Times: user=0.00 sys=0.00, real=0.00 secs] 
2020-10-29T15:50:29.334+0000: [GC (Allocation Failure) 2020-10-29T15:50:29.334+0000: [ParNew: 16388K->4K(18432K), 0.0032365 secs] 612137K->595753K(896640K), 0.0032923 secs] [Times: user=0.01 sys=0.00, real=0.00 secs] 
2020-10-29T15:50:29.352+0000: [GC (Allocation Failure) 2020-10-29T15:50:29.352+0000: [ParNew: 16388K->4K(18432K), 0.0031602 secs] 612137K->595753K(896640K), 0.0032140 secs] [Times: user=0.00 sys=0.00, real=0.01 secs] 
2020-10-29T15:50:29.369+0000: [GC (Allocation Failure) 2020-10-29T15:50:29.369+0000: [ParNew: 16388K->4K(18432K), 0.0031862 secs] 612137K->595753K(896640K), 0.0032432 secs] [Times: user=0.01 sys=0.00, real=0.00 secs] 
2020-10-29T15:50:29.388+0000: [GC (Allocation Failure) 2020-10-29T15:50:29.389+0000: [ParNew: 16388K->4K(18432K), 0.0033056 secs] 612137K->595753K(896640K), 0.0033723 secs] [Times: user=0.00 sys=0.00, real=0.00 secs] 
2020-10-29T15:50:29.407+0000: [GC (Allocation Failure) 2020-10-29T15:50:29.407+0000: [ParNew: 16388K->4K(18432K), 0.0031689 secs] 612137K->595753K(896640K), 0.0032247 secs] [Times: user=0.00 sys=0.00, real=0.00 secs] 
2020-10-29T15:50:29.424+0000: [GC (Allocation Failure) 2020-10-29T15:50:29.425+0000: [ParNew: 16388K->4K(18432K), 0.0030840 secs] 612137K->595753K(896640K), 0.0031352 secs] [Times: user=0.01 sys=0.00, real=0.00 secs] 
2020-10-29T15:50:29.444+0000: [GC (Allocation Failure) 2020-10-29T15:50:29.445+0000: [ParNew: 16388K->4K(18432K), 0.0031609 secs] 612137K->595753K(896640K), 0.0032164 secs] [Times: user=0.01 sys=0.00, real=0.00 secs] 
2020-10-29T15:50:29.462+0000: [GC (Allocation Failure) 2020-10-29T15:50:29.462+0000: [ParNew: 16388K->4K(18432K), 0.0031880 secs] 612137K->595753K(896640K), 0.0032468 secs] [Times: user=0.00 sys=0.00, real=0.01 secs] 
2020-10-29T15:50:29.479+0000: [GC (Allocation Failure) 2020-10-29T15:50:29.479+0000: [ParNew: 16388K->4K(18432K), 0.0031441 secs] 612137K->595753K(896640K), 0.0032116 secs] [Times: user=0.01 sys=0.00, real=0.00 secs] 
2020-10-29T15:50:29.497+0000: [GC (Allocation Failure) 2020-10-29T15:50:29.497+0000: [ParNew: 16388K->4K(18432K), 0.0030953 secs] 612137K->595753K(896640K), 0.0031474 secs] [Times: user=0.01 sys=0.00, real=0.00 secs] 
2020-10-29T15:50:29.514+0000: [GC (Allocation Failure) 2020-10-29T15:50:29.514+0000: [ParNew: 16388K->4K(18432K), 0.0032032 secs] 612137K->595753K(896640K), 0.0032614 secs] [Times: user=0.00 sys=0.00, real=0.00 secs] 
2020-10-29T15:50:29.532+0000: [GC (Allocation Failure) 2020-10-29T15:50:29.533+0000: [ParNew: 16388K->4K(18432K), 0.0032248 secs] 612137K->595753K(896640K), 0.0032804 secs] [Times: user=0.01 sys=0.00, real=0.00 secs] 
2020-10-29T15:50:29.550+0000: [GC (Allocation Failure) 2020-10-29T15:50:29.550+0000: [ParNew: 16388K->4K(18432K), 0.0031506 secs] 612137K->595753K(896640K), 0.0032049 secs] [Times: user=0.00 sys=0.00, real=0.01 secs] 
2020-10-29T15:50:29.568+0000: [GC (Allocation Failure) 2020-10-29T15:50:29.569+0000: [ParNew: 16388K->4K(18432K), 0.0031838 secs] 612137K->595753K(896640K), 0.0032403 secs] [Times: user=0.01 sys=0.00, real=0.00 secs] 
2020-10-29T15:50:29.588+0000: [GC (Allocation Failure) 2020-10-29T15:50:29.589+0000: [ParNew: 16388K->4K(18432K), 0.0031057 secs] 612137K->595753K(896640K), 0.0031603 secs] [Times: user=0.00 sys=0.00, real=0.00 secs] 
2020-10-29T15:50:29.606+0000: [GC (Allocation Failure) 2020-10-29T15:50:29.606+0000: [ParNew: 16388K->4K(18432K), 0.0031905 secs] 612137K->595753K(896640K), 0.0032471 secs] [Times: user=0.01 sys=0.00, real=0.00 secs] 
2020-10-29T15:50:29.623+0000: [GC (Allocation Failure) 2020-10-29T15:50:29.623+0000: [ParNew: 16388K->4K(18432K), 0.0031485 secs] 612137K->595753K(896640K), 0.0032045 secs] [Times: user=0.01 sys=0.00, real=0.01 secs] 
2020-10-29T15:50:29.640+0000: [GC (Allocation Failure) 2020-10-29T15:50:29.640+0000: [ParNew: 16388K->4K(18432K), 0.0031107 secs] 612137K->595753K(896640K), 0.0031625 secs] [Times: user=0.01 sys=0.00, real=0.00 secs] 
2020-10-29T15:50:29.660+0000: [GC (Allocation Failure) 2020-10-29T15:50:29.661+0000: [ParNew: 16388K->4K(18432K), 0.0031886 secs] 612137K->595753K(896640K), 0.0032431 secs] [Times: user=0.00 sys=0.00, real=0.00 secs] 
2020-10-29T15:50:29.678+0000: [GC (Allocation Failure) 2020-10-29T15:50:29.678+0000: [ParNew: 16388K->4K(18432K), 0.0031157 secs] 612137K->595753K(896640K), 0.0031664 secs] [Times: user=0.00 sys=0.00, real=0.00 secs] 
2020-10-29T15:50:29.695+0000: [GC (Allocation Failure) 2020-10-29T15:50:29.695+0000: [ParNew: 16388K->4K(18432K), 0.0030770 secs] 612137K->595753K(896640K), 0.0031282 secs] [Times: user=0.00 sys=0.00, real=0.00 secs] 
2020-10-29T15:50:29.716+0000: [GC (Allocation Failure) 2020-10-29T15:50:29.717+0000: [ParNew: 16388K->4K(18432K), 0.0030823 secs] 612137K->595753K(896640K), 0.0031341 secs] [Times: user=0.00 sys=0.00, real=0.00 secs] 
2020-10-29T15:50:29.736+0000: [GC (Allocation Failure) 2020-10-29T15:50:29.737+0000: [ParNew: 16388K->4K(18432K), 0.0030741 secs] 612137K->595753K(896640K), 0.0031612 secs] [Times: user=0.01 sys=0.00, real=0.00 secs] 
2020-10-29T15:50:29.754+0000: [GC (Allocation Failure) 2020-10-29T15:50:29.754+0000: [ParNew: 16388K->4K(18432K), 0.0031080 secs] 612137K->595753K(896640K), 0.0031614 secs] [Times: user=0.01 sys=0.00, real=0.00 secs] 
2020-10-29T15:50:29.771+0000: [GC (Allocation Failure) 2020-10-29T15:50:29.771+0000: [ParNew: 16388K->4K(18432K), 0.0031497 secs] 612137K->595753K(896640K), 0.0032022 secs] [Times: user=0.00 sys=0.00, real=0.01 secs] 
2020-10-29T15:50:29.788+0000: [GC (Allocation Failure) 2020-10-29T15:50:29.788+0000: [ParNew: 16388K->4K(18432K), 0.0031260 secs] 612137K->595753K(896640K), 0.0031770 secs] [Times: user=0.01 sys=0.00, real=0.00 secs] 
2020-10-29T15:50:29.809+0000: [GC (Allocation Failure) 2020-10-29T15:50:29.809+0000: [ParNew: 16388K->4K(18432K), 0.0031556 secs] 612137K->595753K(896640K), 0.0032110 secs] [Times: user=0.00 sys=0.00, real=0.00 secs] 
2020-10-29T15:50:29.826+0000: [GC (Allocation Failure) 2020-10-29T15:50:29.826+0000: [ParNew: 16388K->4K(18432K), 0.0031622 secs] 612137K->595753K(896640K), 0.0032179 secs] [Times: user=0.01 sys=0.00, real=0.00 secs] 
2020-10-29T15:50:29.845+0000: [GC (Allocation Failure) 2020-10-29T15:50:29.845+0000: [ParNew: 16388K->4K(18432K), 0.0031320 secs] 612137K->595753K(896640K), 0.0031870 secs] [Times: user=0.00 sys=0.00, real=0.00 secs] 
2020-10-29T15:50:29.864+0000: [GC (Allocation Failure) 2020-10-29T15:50:29.865+0000: [ParNew: 16388K->4K(18432K), 0.0032101 secs] 612137K->595753K(896640K), 0.0032674 secs] [Times: user=0.00 sys=0.00, real=0.00 secs] 
2020-10-29T15:50:29.882+0000: [GC (Allocation Failure) 2020-10-29T15:50:29.882+0000: [ParNew: 16388K->4K(18432K), 0.0031588 secs] 612137K->595753K(896640K), 0.0032162 secs] [Times: user=0.01 sys=0.00, real=0.01 secs] 
2020-10-29T15:50:29.900+0000: [GC (Allocation Failure) 2020-10-29T15:50:29.901+0000: [ParNew: 16379K->4K(18432K), 0.0031199 secs] 612129K->595753K(896640K), 0.0031732 secs] [Times: user=0.00 sys=0.00, real=0.00 secs] 
2020-10-29T15:50:29.920+0000: [GC (Allocation Failure) 2020-10-29T15:50:29.921+0000: [ParNew: 16388K->4K(18432K), 0.0031171 secs] 612137K->595753K(896640K), 0.0031709 secs] [Times: user=0.01 sys=0.00, real=0.00 secs] 
2020-10-29T15:50:29.940+0000: [GC (Allocation Failure) 2020-10-29T15:50:29.941+0000: [ParNew: 16388K->4K(18432K), 0.0030908 secs] 612137K->595753K(896640K), 0.0031435 secs] [Times: user=0.00 sys=0.00, real=0.00 secs] 
2020-10-29T15:50:29.958+0000: [GC (Allocation Failure) 2020-10-29T15:50:29.958+0000: [ParNew: 16388K->4K(18432K), 0.0031982 secs] 612137K->595753K(896640K), 0.0032531 secs] [Times: user=0.00 sys=0.00, real=0.00 secs] 
2020-10-29T15:50:29.976+0000: [GC (Allocation Failure) 2020-10-29T15:50:29.977+0000: [ParNew: 16388K->4K(18432K), 0.0031634 secs] 612137K->595753K(896640K), 0.0032203 secs] [Times: user=0.01 sys=0.00, real=0.00 secs] 
2020-10-29T15:50:29.996+0000: [GC (Allocation Failure) 2020-10-29T15:50:29.997+0000: [ParNew: 16388K->4K(18432K), 0.0031055 secs] 612137K->595753K(896640K), 0.0031531 secs] [Times: user=0.01 sys=0.00, real=0.00 secs] 
2020-10-29T15:50:30.014+0000: [GC (Allocation Failure) 2020-10-29T15:50:30.014+0000: [ParNew: 16388K->4K(18432K), 0.0031793 secs] 612137K->595753K(896640K), 0.0032364 secs] [Times: user=0.01 sys=0.00, real=0.00 secs] 
2020-10-29T15:50:30.031+0000: [GC (Allocation Failure) 2020-10-29T15:50:30.031+0000: [ParNew: 16388K->4K(18432K), 0.0031523 secs] 612137K->595753K(896640K), 0.0032087 secs] [Times: user=0.01 sys=0.00, real=0.01 secs] 
2020-10-29T15:50:30.049+0000: [GC (Allocation Failure) 2020-10-29T15:50:30.049+0000: [ParNew: 16388K->4K(18432K), 0.0031073 secs] 612137K->595753K(896640K), 0.0031619 secs] [Times: user=0.00 sys=0.00, real=0.00 secs] 
2020-10-29T15:50:30.068+0000: [GC (Allocation Failure) 2020-10-29T15:50:30.069+0000: [ParNew: 16388K->4K(18432K), 0.0031235 secs] 612137K->595753K(896640K), 0.0031853 secs] [Times: user=0.01 sys=0.00, real=0.00 secs] 
2020-10-29T15:50:30.086+0000: [GC (Allocation Failure) 2020-10-29T15:50:30.086+0000: [ParNew: 16388K->4K(18432K), 0.0031763 secs] 612137K->595753K(896640K), 0.0032218 secs] [Times: user=0.01 sys=0.00, real=0.00 secs] 
2020-10-29T15:50:30.104+0000: [GC (Allocation Failure) 2020-10-29T15:50:30.104+0000: [ParNew: 16388K->4K(18432K), 0.0031473 secs] 612137K->595753K(896640K), 0.0032035 secs] [Times: user=0.00 sys=0.00, real=0.01 secs] 
2020-10-29T15:50:30.121+0000: [GC (Allocation Failure) 2020-10-29T15:50:30.121+0000: [ParNew: 16388K->4K(18432K), 0.0031688 secs] 612137K->595753K(896640K), 0.0032236 secs] [Times: user=0.01 sys=0.00, real=0.00 secs] 
2020-10-29T15:50:30.140+0000: [GC (Allocation Failure) 2020-10-29T15:50:30.141+0000: [ParNew: 16388K->4K(18432K), 0.0031232 secs] 612137K->595753K(896640K), 0.0031779 secs] [Times: user=0.01 sys=0.00, real=0.00 secs] 
2020-10-29T15:50:30.158+0000: [GC (Allocation Failure) 2020-10-29T15:50:30.158+0000: [ParNew: 16388K->4K(18432K), 0.0031732 secs] 612137K->595753K(896640K), 0.0032293 secs] [Times: user=0.00 sys=0.00, real=0.00 secs] 
2020-10-29T15:50:30.175+0000: [GC (Allocation Failure) 2020-10-29T15:50:30.175+0000: [ParNew: 16388K->4K(18432K), 0.0032484 secs] 612137K->595753K(896640K), 0.0033065 secs] [Times: user=0.01 sys=0.00, real=0.00 secs] 
2020-10-29T15:50:30.196+0000: [GC (Allocation Failure) 2020-10-29T15:50:30.197+0000: [ParNew: 16388K->4K(18432K), 0.0032107 secs] 612137K->595753K(896640K), 0.0032665 secs] [Times: user=0.00 sys=0.00, real=0.00 secs] 
2020-10-29T15:50:30.214+0000: [GC (Allocation Failure) 2020-10-29T15:50:30.214+0000: [ParNew: 16388K->4K(18432K), 0.0031956 secs] 612137K->595753K(896640K), 0.0032506 secs] [Times: user=0.01 sys=0.00, real=0.00 secs] 
2020-10-29T15:50:30.232+0000: [GC (Allocation Failure) 2020-10-29T15:50:30.233+0000: [ParNew: 16388K->4K(18432K), 0.0030894 secs] 612137K->595753K(896640K), 0.0031423 secs] [Times: user=0.00 sys=0.00, real=0.00 secs] 
2020-10-29T15:50:30.252+0000: [GC (Allocation Failure) 2020-10-29T15:50:30.253+0000: [ParNew: 16388K->4K(18432K), 0.0031070 secs] 612137K->595753K(896640K), 0.0031615 secs] [Times: user=0.01 sys=0.00, real=0.00 secs] 
2020-10-29T15:50:30.270+0000: [GC (Allocation Failure) 2020-10-29T15:50:30.270+0000: [ParNew: 16388K->4K(18432K), 0.0031455 secs] 612137K->595753K(896640K), 0.0032007 secs] [Times: user=0.00 sys=0.00, real=0.01 secs] 
2020-10-29T15:50:30.288+0000: [GC (Allocation Failure) 2020-10-29T15:50:30.288+0000: [ParNew: 16388K->4K(18432K), 0.0032208 secs] 612137K->595753K(896640K), 0.0032792 secs] [Times: user=0.01 sys=0.00, real=0.00 secs] 
2020-10-29T15:50:30.305+0000: [GC (Allocation Failure) 2020-10-29T15:50:30.305+0000: [ParNew: 16388K->4K(18432K), 0.0031618 secs] 612137K->595753K(896640K), 0.0032188 secs] [Times: user=0.00 sys=0.00, real=0.00 secs] 
2020-10-29T15:50:30.322+0000: [GC (Allocation Failure) 2020-10-29T15:50:30.322+0000: [ParNew: 16388K->4K(18432K), 0.0030929 secs] 612137K->595753K(896640K), 0.0031450 secs] [Times: user=0.00 sys=0.00, real=0.01 secs] 
2020-10-29T15:50:30.340+0000: [GC (Allocation Failure) 2020-10-29T15:50:30.340+0000: [ParNew: 16388K->4K(18432K), 0.0032341 secs] 612137K->595753K(896640K), 0.0032894 secs] [Times: user=0.01 sys=0.00, real=0.00 secs] 
2020-10-29T15:50:30.360+0000: [GC (Allocation Failure) 2020-10-29T15:50:30.361+0000: [ParNew: 16388K->4K(18432K), 0.0031574 secs] 612137K->595753K(896640K), 0.0032127 secs] [Times: user=0.01 sys=0.00, real=0.00 secs] 
2020-10-29T15:50:30.380+0000: [GC (Allocation Failure) 2020-10-29T15:50:30.381+0000: [ParNew: 16388K->4K(18432K), 0.0031084 secs] 612137K->595753K(896640K), 0.0031619 secs] [Times: user=0.00 sys=0.00, real=0.00 secs] 
2020-10-29T15:50:30.398+0000: [GC (Allocation Failure) 2020-10-29T15:50:30.398+0000: [ParNew: 16388K->4K(18432K), 0.0031904 secs] 612137K->595753K(896640K), 0.0032429 secs] [Times: user=0.00 sys=0.00, real=0.00 secs] 
2020-10-29T15:50:30.416+0000: [GC (Allocation Failure) 2020-10-29T15:50:30.417+0000: [ParNew: 16388K->4K(18432K), 0.0031416 secs] 612137K->595753K(896640K), 0.0031966 secs] [Times: user=0.01 sys=0.00, real=0.00 secs] 
2020-10-29T15:50:30.434+0000: [GC (Allocation Failure) 2020-10-29T15:50:30.434+0000: [ParNew: 16388K->4K(18432K), 0.0030747 secs] 612137K->595753K(896640K), 0.0031265 secs] [Times: user=0.00 sys=0.00, real=0.00 secs] 
2020-10-29T15:50:30.451+0000: [GC (Allocation Failure) 2020-10-29T15:50:30.451+0000: [ParNew: 16388K->4K(18432K), 0.0031708 secs] 612137K->595753K(896640K), 0.0032272 secs] [Times: user=0.01 sys=0.00, real=0.01 secs] 
2020-10-29T15:50:30.469+0000: [GC (Allocation Failure) 2020-10-29T15:50:30.469+0000: [ParNew: 16388K->4K(18432K), 0.0032044 secs] 612137K->595753K(896640K), 0.0032612 secs] [Times: user=0.01 sys=0.00, real=0.00 secs] 
2020-10-29T15:50:30.486+0000: [GC (Allocation Failure) 2020-10-29T15:50:30.486+0000: [ParNew: 16388K->4K(18432K), 0.0031666 secs] 612137K->595753K(896640K), 0.0032204 secs] [Times: user=0.00 sys=0.00, real=0.00 secs] 
2020-10-29T15:50:30.504+0000: [GC (Allocation Failure) 2020-10-29T15:50:30.505+0000: [ParNew: 16388K->4K(18432K), 0.0032198 secs] 612137K->595753K(896640K), 0.0032766 secs] [Times: user=0.01 sys=0.00, real=0.00 secs] 
2020-10-29T15:50:30.523+0000: [GC (Allocation Failure) 2020-10-29T15:50:30.523+0000: [ParNew: 16388K->4K(18432K), 0.0032114 secs] 612137K->595753K(896640K), 0.0032687 secs] [Times: user=0.00 sys=0.00, real=0.01 secs] 
2020-10-29T15:50:30.544+0000: [GC (Allocation Failure) 2020-10-29T15:50:30.544+0000: [ParNew: 16383K->4K(18432K), 0.0031780 secs] 612133K->595753K(896640K), 0.0032356 secs] [Times: user=0.01 sys=0.00, real=0.01 secs] 
2020-10-29T15:50:30.561+0000: [GC (Allocation Failure) 2020-10-29T15:50:30.561+0000: [ParNew: 16388K->4K(18432K), 0.0031713 secs] 612137K->595753K(896640K), 0.0032250 secs] [Times: user=0.01 sys=0.00, real=0.01 secs] 
2020-10-29T15:50:30.580+0000: [GC (Allocation Failure) 2020-10-29T15:50:30.581+0000: [ParNew: 16388K->4K(18432K), 0.0031350 secs] 612137K->595753K(896640K), 0.0031896 secs] [Times: user=0.00 sys=0.00, real=0.00 secs] 
2020-10-29T15:50:30.598+0000: [GC (Allocation Failure) 2020-10-29T15:50:30.598+0000: [ParNew: 16388K->4K(18432K), 0.0031846 secs] 612137K->595753K(896640K), 0.0032416 secs] [Times: user=0.01 sys=0.00, real=0.00 secs] 
2020-10-29T15:50:30.615+0000: [GC (Allocation Failure) 2020-10-29T15:50:30.615+0000: [ParNew: 16388K->4K(18432K), 0.0031656 secs] 612137K->595753K(896640K), 0.0032283 secs] [Times: user=0.01 sys=0.00, real=0.00 secs] 
2020-10-29T15:50:30.638+0000: [GC (Allocation Failure) 2020-10-29T15:50:30.639+0000: [ParNew: 16388K->4K(18432K), 0.0031658 secs] 612137K->595754K(896640K), 0.0032203 secs] [Times: user=0.00 sys=0.00, real=0.00 secs] 
2020-10-29T15:50:30.656+0000: [GC (Allocation Failure) 2020-10-29T15:50:30.657+0000: [ParNew: 16388K->4K(18432K), 0.0030132 secs] 612138K->595754K(896640K), 0.0030617 secs] [Times: user=0.01 sys=0.00, real=0.00 secs] 
2020-10-29T15:50:30.674+0000: [GC (Allocation Failure) 2020-10-29T15:50:30.674+0000: [ParNew: 16388K->4K(18432K), 0.0031629 secs] 612138K->595754K(896640K), 0.0032191 secs] [Times: user=0.00 sys=0.00, real=0.00 secs] 
2020-10-29T15:50:30.691+0000: [GC (Allocation Failure) 2020-10-29T15:50:30.691+0000: [ParNew: 16388K->4K(18432K), 0.0032455 secs] 612138K->595754K(896640K), 0.0033022 secs] [Times: user=0.01 sys=0.00, real=0.01 secs] 
2020-10-29T15:50:30.709+0000: [GC (Allocation Failure) 2020-10-29T15:50:30.709+0000: [ParNew: 16388K->4K(18432K), 0.0031168 secs] 612138K->595754K(896640K), 0.0031720 secs] [Times: user=0.01 sys=0.00, real=0.00 secs] 
2020-10-29T15:50:30.728+0000: [GC (Allocation Failure) 2020-10-29T15:50:30.728+0000: [ParNew: 16388K->4K(18432K), 0.0031626 secs] 612138K->595754K(896640K), 0.0032298 secs] [Times: user=0.00 sys=0.00, real=0.00 secs] 
2020-10-29T15:50:30.745+0000: [GC (Allocation Failure) 2020-10-29T15:50:30.745+0000: [ParNew: 16388K->4K(18432K), 0.0031845 secs] 612138K->595754K(896640K), 0.0032439 secs] [Times: user=0.01 sys=0.00, real=0.00 secs] 
2020-10-29T15:50:30.763+0000: [GC (Allocation Failure) 2020-10-29T15:50:30.763+0000: [ParNew: 16388K->4K(18432K), 0.0031815 secs] 612138K->595754K(896640K), 0.0032372 secs] [Times: user=0.00 sys=0.00, real=0.01 secs] 
2020-10-29T15:50:30.780+0000: [GC (Allocation Failure) 2020-10-29T15:50:30.780+0000: [ParNew: 16388K->4K(18432K), 0.0030980 secs] 612138K->595754K(896640K), 0.0031508 secs] [Times: user=0.01 sys=0.00, real=0.00 secs] 
2020-10-29T15:50:30.798+0000: [GC (Allocation Failure) 2020-10-29T15:50:30.798+0000: [ParNew: 16388K->4K(18432K), 0.0030991 secs] 612138K->595754K(896640K), 0.0031503 secs] [Times: user=0.01 sys=0.00, real=0.00 secs] 
2020-10-29T15:50:30.815+0000: [GC (Allocation Failure) 2020-10-29T15:50:30.815+0000: [ParNew: 16388K->4K(18432K), 0.0031518 secs] 612138K->595754K(896640K), 0.0032046 secs] [Times: user=0.01 sys=0.00, real=0.00 secs] 
2020-10-29T15:50:30.833+0000: [GC (Allocation Failure) 2020-10-29T15:50:30.833+0000: [ParNew: 16388K->4K(18432K), 0.0030693 secs] 612138K->595754K(896640K), 0.0031200 secs] [Times: user=0.01 sys=0.00, real=0.00 secs] 
2020-10-29T15:50:30.850+0000: [GC (Allocation Failure) 2020-10-29T15:50:30.850+0000: [ParNew: 16388K->4K(18432K), 0.0031534 secs] 612138K->595754K(896640K), 0.0032050 secs] [Times: user=0.00 sys=0.00, real=0.01 secs] 
2020-10-29T15:50:30.868+0000: [GC (Allocation Failure) 2020-10-29T15:50:30.868+0000: [ParNew: 16388K->4K(18432K), 0.0031236 secs] 612138K->595754K(896640K), 0.0031916 secs] [Times: user=0.01 sys=0.00, real=0.00 secs] 
2020-10-29T15:50:30.892+0000: [GC (Allocation Failure) 2020-10-29T15:50:30.892+0000: [ParNew: 16388K->4K(18432K), 0.0064533 secs] 612138K->595754K(896640K), 0.0065065 secs] [Times: user=0.01 sys=0.00, real=0.00 secs] 
2020-10-29T15:50:30.913+0000: [GC (Allocation Failure) 2020-10-29T15:50:30.913+0000: [ParNew: 16388K->4K(18432K), 0.0032042 secs] 612138K->595754K(896640K), 0.0032610 secs] [Times: user=0.00 sys=0.00, real=0.00 secs] 
2020-10-29T15:50:30.932+0000: [GC (Allocation Failure) 2020-10-29T15:50:30.933+0000: [ParNew: 16388K->4K(18432K), 0.0031566 secs] 612138K->595754K(896640K), 0.0032123 secs] [Times: user=0.01 sys=0.00, real=0.00 secs] 
2020-10-29T15:50:30.950+0000: [GC (Allocation Failure) 2020-10-29T15:50:30.950+0000: [ParNew: 16388K->4K(18432K), 0.0030683 secs] 612138K->595754K(896640K), 0.0031204 secs] [Times: user=0.00 sys=0.00, real=0.01 secs] 
2020-10-29T15:50:30.967+0000: [GC (Allocation Failure) 2020-10-29T15:50:30.967+0000: [ParNew: 16388K->4K(18432K), 0.0031590 secs] 612138K->595754K(896640K), 0.0032098 secs] [Times: user=0.01 sys=0.00, real=0.00 secs] 
2020-10-29T15:50:30.985+0000: [GC (Allocation Failure) 2020-10-29T15:50:30.985+0000: [ParNew: 16388K->4K(18432K), 0.0031878 secs] 612138K->595754K(896640K), 0.0032419 secs] [Times: user=0.00 sys=0.00, real=0.00 secs] 
2020-10-29T15:50:31.002+0000: [GC (Allocation Failure) 2020-10-29T15:50:31.002+0000: [ParNew: 16388K->4K(18432K), 0.0030927 secs] 612138K->595754K(896640K), 0.0031455 secs] [Times: user=0.01 sys=0.00, real=0.01 secs] 
2020-10-29T15:50:31.020+0000: [GC (Allocation Failure) 2020-10-29T15:50:31.020+0000: [ParNew: 16388K->4K(18432K), 0.0031278 secs] 612138K->595754K(896640K), 0.0031815 secs] [Times: user=0.00 sys=0.00, real=0.00 secs] 
2020-10-29T15:50:31.037+0000: [GC (Allocation Failure) 2020-10-29T15:50:31.037+0000: [ParNew: 16388K->4K(18432K), 0.0031129 secs] 612138K->595754K(896640K), 0.0031673 secs] [Times: user=0.01 sys=0.00, real=0.00 secs] 
2020-10-29T15:50:31.054+0000: [GC (Allocation Failure) 2020-10-29T15:50:31.054+0000: [ParNew: 16388K->4K(18432K), 0.0031974 secs] 612138K->595754K(896640K), 0.0032526 secs] [Times: user=0.01 sys=0.00, real=0.00 secs] 
2020-10-29T15:50:31.076+0000: [GC (Allocation Failure) 2020-10-29T15:50:31.076+0000: [ParNew: 16388K->4K(18432K), 0.0031602 secs] 612138K->595754K(896640K), 0.0032165 secs] [Times: user=0.01 sys=0.00, real=0.00 secs] 
2020-10-29T15:50:31.095+0000: [GC (Allocation Failure) 2020-10-29T15:50:31.095+0000: [ParNew: 16388K->4K(18432K), 0.0031378 secs] 612138K->595754K(896640K), 0.0031923 secs] [Times: user=0.00 sys=0.00, real=0.00 secs] 
2020-10-29T15:50:31.113+0000: [GC (Allocation Failure) 2020-10-29T15:50:31.113+0000: [ParNew: 16388K->4K(18432K), 0.0031210 secs] 612138K->595754K(896640K), 0.0031903 secs] [Times: user=0.01 sys=0.00, real=0.00 secs] 
2020-10-29T15:50:31.130+0000: [GC (Allocation Failure) 2020-10-29T15:50:31.130+0000: [ParNew: 16388K->4K(18432K), 0.0032444 secs] 612138K->595754K(896640K), 0.0033009 secs] [Times: user=0.01 sys=0.00, real=0.01 secs] 
2020-10-29T15:50:31.148+0000: [GC (Allocation Failure) 2020-10-29T15:50:31.148+0000: [ParNew: 16388K->4K(18432K), 0.0031951 secs] 612138K->595754K(896640K), 0.0032507 secs] [Times: user=0.00 sys=0.00, real=0.00 secs] 
2020-10-29T15:50:31.165+0000: [GC (Allocation Failure) 2020-10-29T15:50:31.165+0000: [ParNew: 16388K->4K(18432K), 0.0050662 secs] 612138K->595754K(896640K), 0.0051263 secs] [Times: user=0.00 sys=0.00, real=0.00 secs] 
2020-10-29T15:50:31.188+0000: [GC (Allocation Failure) 2020-10-29T15:50:31.189+0000: [ParNew: 16388K->4K(18432K), 0.0031890 secs] 612138K->595754K(896640K), 0.0032454 secs] [Times: user=0.01 sys=0.00, real=0.00 secs] 
2020-10-29T15:50:31.206+0000: [GC (Allocation Failure) 2020-10-29T15:50:31.206+0000: [ParNew: 16388K->4K(18432K), 0.0032190 secs] 612138K->595754K(896640K), 0.0032770 secs] [Times: user=0.00 sys=0.00, real=0.00 secs] 
2020-10-29T15:50:31.224+0000: [GC (Allocation Failure) 2020-10-29T15:50:31.224+0000: [ParNew: 16388K->4K(18432K), 0.0031452 secs] 612138K->595754K(896640K), 0.0032006 secs] [Times: user=0.01 sys=0.00, real=0.01 secs] 
2020-10-29T15:50:31.244+0000: [GC (Allocation Failure) 2020-10-29T15:50:31.245+0000: [ParNew: 16388K->4K(18432K), 0.0031041 secs] 612138K->595754K(896640K), 0.0031633 secs] [Times: user=0.01 sys=0.00, real=0.00 secs] 
2020-10-29T15:50:31.262+0000: [GC (Allocation Failure) 2020-10-29T15:50:31.262+0000: [ParNew: 16388K->4K(18432K), 0.0031350 secs] 612138K->595754K(896640K), 0.0031904 secs] [Times: user=0.00 sys=0.00, real=0.01 secs] 
2020-10-29T15:50:31.280+0000: [GC (Allocation Failure) 2020-10-29T15:50:31.281+0000: [ParNew: 16388K->4K(18432K), 0.0031429 secs] 612138K->595754K(896640K), 0.0031955 secs] [Times: user=0.01 sys=0.00, real=0.00 secs] 
2020-10-29T15:50:31.300+0000: [GC (Allocation Failure) 2020-10-29T15:50:31.301+0000: [ParNew: 16388K->4K(18432K), 0.0031994 secs] 612138K->595754K(896640K), 0.0032558 secs] [Times: user=0.00 sys=0.00, real=0.00 secs] 
2020-10-29T15:50:31.318+0000: [GC (Allocation Failure) 2020-10-29T15:50:31.318+0000: [ParNew: 16388K->4K(18432K), 0.0031198 secs] 612138K->595754K(896640K), 0.0031728 secs] [Times: user=0.00 sys=0.00, real=0.00 secs] 
2020-10-29T15:50:31.335+0000: [GC (Allocation Failure) 2020-10-29T15:50:31.335+0000: [ParNew: 16388K->4K(18432K), 0.0030343 secs] 612138K->595754K(896640K), 0.0030838 secs] [Times: user=0.01 sys=0.00, real=0.00 secs] 
2020-10-29T15:50:31.356+0000: [GC (Allocation Failure) 2020-10-29T15:50:31.357+0000: [ParNew: 16388K->4K(18432K), 0.0031376 secs] 612138K->595754K(896640K), 0.0031929 secs] [Times: user=0.01 sys=0.00, real=0.00 secs] 
2020-10-29T15:50:31.375+0000: [GC (Allocation Failure) 2020-10-29T15:50:31.375+0000: [ParNew: 16388K->4K(18432K), 0.0031477 secs] 612138K->595754K(896640K), 0.0032024 secs] [Times: user=0.01 sys=0.00, real=0.00 secs] 
2020-10-29T15:50:31.392+0000: [GC (Allocation Failure) 2020-10-29T15:50:31.392+0000: [ParNew: 16388K->4K(18432K), 0.0034264 secs] 612138K->595754K(896640K), 0.0035103 secs] [Times: user=0.00 sys=0.00, real=0.01 secs] 
2020-10-29T15:50:31.412+0000: [GC (Allocation Failure) 2020-10-29T15:50:31.413+0000: [ParNew: 16388K->4K(18432K), 0.0030971 secs] 612138K->595754K(896640K), 0.0031479 secs] [Times: user=0.01 sys=0.00, real=0.00 secs] 
2020-10-29T15:50:31.432+0000: [GC (Allocation Failure) 2020-10-29T15:50:31.432+0000: [ParNew: 16388K->4K(18432K), 0.0030461 secs] 612138K->595754K(896640K), 0.0030961 secs] [Times: user=0.00 sys=0.01, real=0.00 secs] 
2020-10-29T15:50:31.450+0000: [GC (Allocation Failure) 2020-10-29T15:50:31.450+0000: [ParNew: 16388K->4K(18432K), 0.0031397 secs] 612138K->595754K(896640K), 0.0031923 secs] [Times: user=0.01 sys=0.00, real=0.01 secs] 
2020-10-29T15:50:31.467+0000: [GC (Allocation Failure) 2020-10-29T15:50:31.468+0000: [ParNew: 16388K->4K(18432K), 0.0031498 secs] 612138K->595754K(896640K), 0.0032023 secs] [Times: user=0.01 sys=0.00, real=0.00 secs] 
2020-10-29T15:50:31.488+0000: [GC (Allocation Failure) 2020-10-29T15:50:31.488+0000: [ParNew: 16388K->4K(18432K), 0.0031283 secs] 612138K->595754K(896640K), 0.0031817 secs] [Times: user=0.01 sys=0.00, real=0.00 secs] 
2020-10-29T15:50:31.508+0000: [GC (Allocation Failure) 2020-10-29T15:50:31.509+0000: [ParNew: 16388K->4K(18432K), 0.0031171 secs] 612138K->595754K(896640K), 0.0031714 secs] [Times: user=0.01 sys=0.00, real=0.00 secs] 
2020-10-29T15:50:31.528+0000: [GC (Allocation Failure) 2020-10-29T15:50:31.529+0000: [ParNew: 16388K->4K(18432K), 0.0030559 secs] 612138K->595754K(896640K), 0.0031080 secs] [Times: user=0.00 sys=0.00, real=0.00 secs] 
2020-10-29T15:50:31.546+0000: [GC (Allocation Failure) 2020-10-29T15:50:31.546+0000: [ParNew: 16388K->4K(18432K), 0.0032115 secs] 612138K->595754K(896640K), 0.0032661 secs] [Times: user=0.01 sys=0.00, real=0.00 secs] 
2020-10-29T15:50:31.563+0000: [GC (Allocation Failure) 2020-10-29T15:50:31.563+0000: [ParNew: 16388K->4K(18432K), 0.0030511 secs] 612138K->595754K(896640K), 0.0031013 secs] [Times: user=0.01 sys=0.00, real=0.01 secs] 
2020-10-29T15:50:31.581+0000: [GC (Allocation Failure) 2020-10-29T15:50:31.581+0000: [ParNew: 16388K->4K(18432K), 0.0030782 secs] 612138K->595754K(896640K), 0.0031322 secs] [Times: user=0.00 sys=0.00, real=0.00 secs] 
2020-10-29T15:50:31.598+0000: [GC (Allocation Failure) 2020-10-29T15:50:31.598+0000: [ParNew: 16388K->4K(18432K), 0.0032826 secs] 612138K->595754K(896640K), 0.0033406 secs] [Times: user=0.01 sys=0.00, real=0.00 secs] 
2020-10-29T15:50:31.620+0000: [GC (Allocation Failure) 2020-10-29T15:50:31.621+0000: [ParNew: 16388K->4K(18432K), 0.0031445 secs] 612138K->595754K(896640K), 0.0032009 secs] [Times: user=0.00 sys=0.00, real=0.00 secs] 
2020-10-29T15:50:31.638+0000: [GC (Allocation Failure) 2020-10-29T15:50:31.638+0000: [ParNew: 16388K->4K(18432K), 0.0031081 secs] 612138K->595754K(896640K), 0.0031620 secs] [Times: user=0.01 sys=0.00, real=0.00 secs] 
2020-10-29T15:50:31.656+0000: [GC (Allocation Failure) 2020-10-29T15:50:31.656+0000: [ParNew: 16388K->4K(18432K), 0.0030770 secs] 612138K->595754K(896640K), 0.0031274 secs] [Times: user=0.00 sys=0.00, real=0.00 secs] 
2020-10-29T15:50:31.673+0000: [GC (Allocation Failure) 2020-10-29T15:50:31.673+0000: [ParNew: 16388K->4K(18432K), 0.0031270 secs] 612138K->595754K(896640K), 0.0031798 secs] [Times: user=0.00 sys=0.00, real=0.00 secs] 
2020-10-29T15:50:31.692+0000: [GC (Allocation Failure) 2020-10-29T15:50:31.693+0000: [ParNew: 16388K->4K(18432K), 0.0031071 secs] 612138K->595754K(896640K), 0.0031606 secs] [Times: user=0.01 sys=0.00, real=0.00 secs] 
2020-10-29T15:50:31.710+0000: [GC (Allocation Failure) 2020-10-29T15:50:31.710+0000: [ParNew: 16388K->4K(18432K), 0.0031475 secs] 612138K->595754K(896640K), 0.0032019 secs] [Times: user=0.00 sys=0.00, real=0.01 secs] 
2020-10-29T15:50:31.727+0000: [GC (Allocation Failure) 2020-10-29T15:50:31.727+0000: [ParNew: 16388K->4K(18432K), 0.0031696 secs] 612138K->595754K(896640K), 0.0032256 secs] [Times: user=0.01 sys=0.00, real=0.00 secs] 
2020-10-29T15:50:31.745+0000: [GC (Allocation Failure) 2020-10-29T15:50:31.745+0000: [ParNew: 16388K->4K(18432K), 0.0031470 secs] 612138K->595754K(896640K), 0.0032020 secs] [Times: user=0.00 sys=0.00, real=0.00 secs] 
2020-10-29T15:50:31.764+0000: [GC (Allocation Failure) 2020-10-29T15:50:31.764+0000: [ParNew: 16388K->4K(18432K), 0.0030686 secs] 612138K->595754K(896640K), 0.0031198 secs] [Times: user=0.00 sys=0.00, real=0.00 secs] 
2020-10-29T15:50:31.782+0000: [GC (Allocation Failure) 2020-10-29T15:50:31.782+0000: [ParNew: 16388K->4K(18432K), 0.0031234 secs] 612138K->595754K(896640K), 0.0031751 secs] [Times: user=0.01 sys=0.00, real=0.01 secs] 
2020-10-29T15:50:31.799+0000: [GC (Allocation Failure) 2020-10-29T15:50:31.799+0000: [ParNew: 16388K->4K(18432K), 0.0031928 secs] 612138K->595754K(896640K), 0.0032530 secs] [Times: user=0.00 sys=0.00, real=0.00 secs] 
2020-10-29T15:50:31.817+0000: [GC (Allocation Failure) 2020-10-29T15:50:31.817+0000: [ParNew: 16388K->4K(18432K), 0.0031500 secs] 612138K->595754K(896640K), 0.0032036 secs] [Times: user=0.01 sys=0.00, real=0.00 secs] 
2020-10-29T15:50:31.836+0000: [GC (Allocation Failure) 2020-10-29T15:50:31.837+0000: [ParNew: 16388K->4K(18432K), 0.0031085 secs] 612138K->595754K(896640K), 0.0031624 secs] [Times: user=0.00 sys=0.00, real=0.00 secs] 
2020-10-29T15:50:31.856+0000: [GC (Allocation Failure) 2020-10-29T15:50:31.857+0000: [ParNew: 16388K->4K(18432K), 0.0030969 secs] 612138K->595754K(896640K), 0.0031502 secs] [Times: user=0.01 sys=0.00, real=0.00 secs] 
2020-10-29T15:50:31.876+0000: [GC (Allocation Failure) 2020-10-29T15:50:31.877+0000: [ParNew: 16388K->4K(18432K), 0.0031458 secs] 612138K->595754K(896640K), 0.0032014 secs] [Times: user=0.01 sys=0.00, real=0.00 secs] 
2020-10-29T15:50:31.895+0000: [GC (Allocation Failure) 2020-10-29T15:50:31.895+0000: [ParNew: 16388K->4K(18432K), 0.0031562 secs] 612138K->595754K(896640K), 0.0032038 secs] [Times: user=0.01 sys=0.00, real=0.00 secs] 
2020-10-29T15:50:31.920+0000: [GC (Allocation Failure) 2020-10-29T15:50:31.921+0000: [ParNew: 16388K->4K(18432K), 0.0031537 secs] 628522K->612138K(896640K), 0.0032104 secs] [Times: user=0.01 sys=0.00, real=0.00 secs] 
2020-10-29T15:50:31.938+0000: [GC (Allocation Failure) 2020-10-29T15:50:31.938+0000: [ParNew: 16388K->4K(18432K), 0.0031019 secs] 628522K->612138K(896640K), 0.0031560 secs] [Times: user=0.01 sys=0.00, real=0.00 secs] 
2020-10-29T15:50:31.955+0000: [GC (Allocation Failure) 2020-10-29T15:50:31.955+0000: [ParNew: 16388K->4K(18432K), 0.0031043 secs] 628522K->612138K(896640K), 0.0031576 secs] [Times: user=0.01 sys=0.00, real=0.00 secs] 
2020-10-29T15:50:31.973+0000: [GC (Allocation Failure) 2020-10-29T15:50:31.973+0000: [ParNew: 16388K->4K(18432K), 0.0030397 secs] 628522K->612138K(896640K), 0.0030897 secs] [Times: user=0.01 sys=0.00, real=0.00 secs] 
2020-10-29T15:50:31.990+0000: [GC (Allocation Failure) 2020-10-29T15:50:31.990+0000: [ParNew: 16388K->4K(18432K), 0.0036524 secs] 628522K->612138K(896640K), 0.0037118 secs] [Times: user=0.01 sys=0.00, real=0.01 secs] 
2020-10-29T15:50:32.012+0000: [GC (Allocation Failure) 2020-10-29T15:50:32.012+0000: [ParNew: 16388K->4K(18432K), 0.0031305 secs] 628522K->612138K(896640K), 0.0031836 secs] [Times: user=0.01 sys=0.00, real=0.00 secs] 
2020-10-29T15:50:32.030+0000: [GC (Allocation Failure) 2020-10-29T15:50:32.030+0000: [ParNew: 16388K->4K(18432K), 0.0031451 secs] 628522K->612139K(896640K), 0.0031999 secs] [Times: user=0.00 sys=0.00, real=0.01 secs] 
2020-10-29T15:50:32.047+0000: [GC (Allocation Failure) 2020-10-29T15:50:32.047+0000: [ParNew: 16388K->4K(18432K), 0.0031257 secs] 628523K->612139K(896640K), 0.0031892 secs] [Times: user=0.01 sys=0.00, real=0.00 secs] 
2020-10-29T15:50:32.065+0000: [GC (Allocation Failure) 2020-10-29T15:50:32.065+0000: [ParNew: 16388K->4K(18432K), 0.0032258 secs] 628523K->612139K(896640K), 0.0033136 secs] [Times: user=0.00 sys=0.00, real=0.00 secs] 
2020-10-29T15:50:32.083+0000: [GC (Allocation Failure) 2020-10-29T15:50:32.083+0000: [ParNew: 16388K->4K(18432K), 0.0031616 secs] 628523K->612139K(896640K), 0.0032168 secs] [Times: user=0.01 sys=0.00, real=0.01 secs] 
2020-10-29T15:50:32.100+0000: [GC (Allocation Failure) 2020-10-29T15:50:32.100+0000: [ParNew: 16388K->4K(18432K), 0.0032351 secs] 628523K->612139K(896640K), 0.0032954 secs] [Times: user=0.00 sys=0.00, real=0.00 secs] 
2020-10-29T15:50:32.120+0000: [GC (Allocation Failure) 2020-10-29T15:50:32.121+0000: [ParNew: 16388K->4K(18432K), 0.0030662 secs] 628523K->612139K(896640K), 0.0031194 secs] [Times: user=0.00 sys=0.00, real=0.00 secs] 
2020-10-29T15:50:32.138+0000: [GC (Allocation Failure) 2020-10-29T15:50:32.138+0000: [ParNew: 16388K->4K(18432K), 0.0030285 secs] 628523K->612139K(896640K), 0.0030854 secs] [Times: user=0.01 sys=0.00, real=0.00 secs] 
2020-10-29T15:50:32.156+0000: [GC (Allocation Failure) 2020-10-29T15:50:32.156+0000: [ParNew: 16388K->4K(18432K), 0.0030378 secs] 628523K->612139K(896640K), 0.0030866 secs] [Times: user=0.00 sys=0.00, real=0.00 secs] 
2020-10-29T15:50:32.174+0000: [GC (Allocation Failure) 2020-10-29T15:50:32.174+0000: [ParNew: 16388K->4K(18432K), 0.0030854 secs] 628523K->612139K(896640K), 0.0031377 secs] [Times: user=0.01 sys=0.00, real=0.00 secs] 
2020-10-29T15:50:32.191+0000: [GC (Allocation Failure) 2020-10-29T15:50:32.191+0000: [ParNew: 16388K->4K(18432K), 0.0031025 secs] 628523K->612139K(896640K), 0.0031555 secs] [Times: user=0.00 sys=0.00, real=0.01 secs] 
2020-10-29T15:50:32.209+0000: [GC (Allocation Failure) 2020-10-29T15:50:32.209+0000: [ParNew: 16388K->4K(18432K), 0.0031202 secs] 628523K->612139K(896640K), 0.0031742 secs] [Times: user=0.01 sys=0.00, real=0.00 secs] 
2020-10-29T15:50:32.227+0000: [GC (Allocation Failure) 2020-10-29T15:50:32.227+0000: [ParNew: 16388K->4K(18432K), 0.0031411 secs] 628523K->612139K(896640K), 0.0031967 secs] [Times: user=0.01 sys=0.00, real=0.00 secs] 
2020-10-29T15:50:32.244+0000: [GC (Allocation Failure) 2020-10-29T15:50:32.244+0000: [ParNew: 16388K->4K(18432K), 0.0031216 secs] 628523K->612139K(896640K), 0.0031898 secs] [Times: user=0.00 sys=0.00, real=0.01 secs] 
2020-10-29T15:50:32.262+0000: [GC (Allocation Failure) 2020-10-29T15:50:32.262+0000: [ParNew: 16388K->4K(18432K), 0.0032015 secs] 628523K->612139K(896640K), 0.0032538 secs] [Times: user=0.01 sys=0.00, real=0.01 secs] 
2020-10-29T15:50:32.279+0000: [GC (Allocation Failure) 2020-10-29T15:50:32.279+0000: [ParNew: 16388K->4K(18432K), 0.0031898 secs] 628523K->612139K(896640K), 0.0032468 secs] [Times: user=0.00 sys=0.00, real=0.00 secs] 
2020-10-29T15:50:32.300+0000: [GC (Allocation Failure) 2020-10-29T15:50:32.301+0000: [ParNew: 16388K->4K(18432K), 0.0030416 secs] 628523K->612139K(896640K), 0.0030948 secs] [Times: user=0.00 sys=0.00, real=0.00 secs] 
2020-10-29T15:50:32.318+0000: [GC (Allocation Failure) 2020-10-29T15:50:32.318+0000: [ParNew: 16388K->4K(18432K), 0.0030480 secs] 628523K->612139K(896640K), 0.0031001 secs] [Times: user=0.01 sys=0.00, real=0.00 secs] 
2020-10-29T15:50:32.335+0000: [GC (Allocation Failure) 2020-10-29T15:50:32.335+0000: [ParNew: 16388K->4K(18432K), 0.0030207 secs] 628523K->612139K(896640K), 0.0030714 secs] [Times: user=0.01 sys=0.00, real=0.00 secs] 
2020-10-29T15:50:32.353+0000: [GC (Allocation Failure) 2020-10-29T15:50:32.353+0000: [ParNew: 16388K->4K(18432K), 0.0030806 secs] 628523K->612139K(896640K), 0.0031387 secs] [Times: user=0.01 sys=0.00, real=0.00 secs] 
2020-10-29T15:50:32.370+0000: [GC (Allocation Failure) 2020-10-29T15:50:32.370+0000: [ParNew: 16388K->4K(18432K), 0.0030669 secs] 628523K->612139K(896640K), 0.0031209 secs] [Times: user=0.01 sys=0.00, real=0.01 secs] 
2020-10-29T15:50:32.388+0000: [GC (Allocation Failure) 2020-10-29T15:50:32.388+0000: [ParNew: 16388K->4K(18432K), 0.0031111 secs] 628523K->612139K(896640K), 0.0031648 secs] [Times: user=0.01 sys=0.00, real=0.00 secs] 
2020-10-29T15:50:32.408+0000: [GC (Allocation Failure) 2020-10-29T15:50:32.409+0000: [ParNew: 16388K->4K(18432K), 0.0030758 secs] 628523K->612139K(896640K), 0.0031290 secs] [Times: user=0.00 sys=0.00, real=0.00 secs] 
2020-10-29T15:50:32.428+0000: [GC (Allocation Failure) 2020-10-29T15:50:32.429+0000: [ParNew: 16388K->4K(18432K), 0.0031470 secs] 628523K->612139K(896640K), 0.0032030 secs] [Times: user=0.00 sys=0.00, real=0.00 secs] 
2020-10-29T15:50:32.446+0000: [GC (Allocation Failure) 2020-10-29T15:50:32.446+0000: [ParNew: 16388K->4K(18432K), 0.0031666 secs] 628523K->612139K(896640K), 0.0032234 secs] [Times: user=0.01 sys=0.00, real=0.00 secs] 
2020-10-29T15:50:32.464+0000: [GC (Allocation Failure) 2020-10-29T15:50:32.464+0000: [ParNew: 16388K->4K(18432K), 0.0030054 secs] 628523K->612139K(896640K), 0.0030571 secs] [Times: user=0.01 sys=0.00, real=0.01 secs] 
2020-10-29T15:50:32.481+0000: [GC (Allocation Failure) 2020-10-29T15:50:32.481+0000: [ParNew: 16388K->4K(18432K), 0.0033110 secs] 628523K->612139K(896640K), 0.0033802 secs] [Times: user=0.00 sys=0.00, real=0.01 secs] 
2020-10-29T15:50:32.499+0000: [GC (Allocation Failure) 2020-10-29T15:50:32.499+0000: [ParNew: 16388K->4K(18432K), 0.0029776 secs] 628523K->612139K(896640K), 0.0030353 secs] [Times: user=0.01 sys=0.00, real=0.00 secs] 
2020-10-29T15:50:32.520+0000: [GC (Allocation Failure) 2020-10-29T15:50:32.520+0000: [ParNew: 16388K->4K(18432K), 0.0031182 secs] 628523K->612139K(896640K), 0.0031721 secs] [Times: user=0.01 sys=0.00, real=0.00 secs] 
2020-10-29T15:50:32.540+0000: [GC (Allocation Failure) 2020-10-29T15:50:32.541+0000: [ParNew: 16388K->4K(18432K), 0.0030949 secs] 628523K->612139K(896640K), 0.0031481 secs] [Times: user=0.00 sys=0.00, real=0.00 secs] 
2020-10-29T15:50:32.558+0000: [GC (Allocation Failure) 2020-10-29T15:50:32.558+0000: [ParNew: 16388K->4K(18432K), 0.0031568 secs] 628523K->612139K(896640K), 0.0032236 secs] [Times: user=0.01 sys=0.00, real=0.00 secs] 
2020-10-29T15:50:32.576+0000: [GC (Allocation Failure) 2020-10-29T15:50:32.576+0000: [ParNew: 16388K->4K(18432K), 0.0031659 secs] 628523K->612139K(896640K), 0.0032226 secs] [Times: user=0.00 sys=0.00, real=0.00 secs] 
2020-10-29T15:50:32.596+0000: [GC (Allocation Failure) 2020-10-29T15:50:32.597+0000: [ParNew: 16388K->4K(18432K), 0.0031008 secs] 628523K->612139K(896640K), 0.0031543 secs] [Times: user=0.01 sys=0.00, real=0.00 secs] 
2020-10-29T15:50:32.616+0000: [GC (Allocation Failure) 2020-10-29T15:50:32.617+0000: [ParNew: 16388K->4K(18432K), 0.0030636 secs] 628523K->612139K(896640K), 0.0031156 secs] [Times: user=0.00 sys=0.00, real=0.00 secs] 
2020-10-29T15:50:32.634+0000: [GC (Allocation Failure) 2020-10-29T15:50:32.634+0000: [ParNew: 16388K->4K(18432K), 0.0030294 secs] 628523K->612139K(896640K), 0.0030978 secs] [Times: user=0.00 sys=0.00, real=0.00 secs] 
2020-10-29T15:50:32.652+0000: [GC (Allocation Failure) 2020-10-29T15:50:32.653+0000: [ParNew: 16388K->4K(18432K), 0.0030354 secs] 628523K->612139K(896640K), 0.0030867 secs] [Times: user=0.01 sys=0.00, real=0.00 secs] 
2020-10-29T15:50:32.670+0000: [GC (Allocation Failure) 2020-10-29T15:50:32.670+0000: [ParNew: 16388K->4K(18432K), 0.0030620 secs] 628523K->612139K(896640K), 0.0031133 secs] [Times: user=0.00 sys=0.00, real=0.01 secs] 
2020-10-29T15:50:32.687+0000: [GC (Allocation Failure) 2020-10-29T15:50:32.687+0000: [ParNew: 16388K->4K(18432K), 0.0030325 secs] 628523K->612139K(896640K), 0.0030848 secs] [Times: user=0.01 sys=0.00, real=0.00 secs] 
2020-10-29T15:50:32.705+0000: [GC (Allocation Failure) 2020-10-29T15:50:32.705+0000: [ParNew: 16388K->4K(18432K), 0.0031548 secs] 628523K->612139K(896640K), 0.0032134 secs] [Times: user=0.01 sys=0.00, real=0.00 secs] 
2020-10-29T15:50:32.724+0000: [GC (Allocation Failure) 2020-10-29T15:50:32.725+0000: [ParNew: 16388K->4K(18432K), 0.0030720 secs] 628523K->612139K(896640K), 0.0031253 secs] [Times: user=0.01 sys=0.00, real=0.00 secs] 
2020-10-29T15:50:32.742+0000: [GC (Allocation Failure) 2020-10-29T15:50:32.742+0000: [ParNew: 16388K->4K(18432K), 0.0030359 secs] 628523K->612139K(896640K), 0.0030872 secs] [Times: user=0.01 sys=0.00, real=0.01 secs] 
2020-10-29T15:50:32.767+0000: [GC (Allocation Failure) 2020-10-29T15:50:32.767+0000: [ParNew: 16388K->4K(18432K), 0.0033119 secs] 628523K->612139K(896640K), 0.0033661 secs] [Times: user=0.01 sys=0.00, real=0.00 secs] 
2020-10-29T15:50:32.785+0000: [GC (Allocation Failure) 2020-10-29T15:50:32.785+0000: [ParNew: 16388K->4K(18432K), 0.0030872 secs] 628523K->612139K(896640K), 0.0031634 secs] [Times: user=0.01 sys=0.00, real=0.00 secs] 
2020-10-29T15:50:32.804+0000: [GC (Allocation Failure) 2020-10-29T15:50:32.804+0000: [ParNew: 16388K->4K(18432K), 0.0030508 secs] 628523K->612139K(896640K), 0.0031011 secs] [Times: user=0.01 sys=0.00, real=0.00 secs] 
2020-10-29T15:50:32.824+0000: [GC (Allocation Failure) 2020-10-29T15:50:32.825+0000: [ParNew: 16388K->4K(18432K), 0.0031141 secs] 628523K->612139K(896640K), 0.0031694 secs] [Times: user=0.00 sys=0.00, real=0.00 secs] 
2020-10-29T15:50:32.844+0000: [GC (Allocation Failure) 2020-10-29T15:50:32.845+0000: [ParNew: 16388K->4K(18432K), 0.0031566 secs] 628523K->612139K(896640K), 0.0032140 secs] [Times: user=0.01 sys=0.00, real=0.00 secs] 
2020-10-29T15:50:32.864+0000: [GC (Allocation Failure) 2020-10-29T15:50:32.865+0000: [ParNew: 16388K->4K(18432K), 0.0031111 secs] 628523K->612139K(896640K), 0.0031660 secs] [Times: user=0.00 sys=0.01, real=0.00 secs] 
2020-10-29T15:50:32.884+0000: [GC (Allocation Failure) 2020-10-29T15:50:32.885+0000: [ParNew: 16388K->4K(18432K), 0.0031209 secs] 628523K->612139K(896640K), 0.0031768 secs] [Times: user=0.01 sys=0.00, real=0.00 secs] 
2020-10-29T15:50:32.904+0000: [GC (Allocation Failure) 2020-10-29T15:50:32.904+0000: [ParNew: 16388K->4K(18432K), 0.0030994 secs] 628523K->612139K(896640K), 0.0031541 secs] [Times: user=0.01 sys=0.00, real=0.00 secs] 
2020-10-29T15:50:32.924+0000: [GC (Allocation Failure) 2020-10-29T15:50:32.925+0000: [ParNew: 16388K->4K(18432K), 0.0031429 secs] 628523K->612139K(896640K), 0.0031988 secs] [Times: user=0.01 sys=0.00, real=0.00 secs] 
2020-10-29T15:50:32.942+0000: [GC (Allocation Failure) 2020-10-29T15:50:32.942+0000: [ParNew: 16388K->4K(18432K), 0.0031277 secs] 628523K->612139K(896640K), 0.0031825 secs] [Times: user=0.01 sys=0.00, real=0.01 secs] 
2020-10-29T15:50:32.960+0000: [GC (Allocation Failure) 2020-10-29T15:50:32.961+0000: [ParNew: 16388K->4K(18432K), 0.0030879 secs] 628523K->612139K(896640K), 0.0031420 secs] [Times: user=0.01 sys=0.00, real=0.00 secs] 
2020-10-29T15:50:32.980+0000: [GC (Allocation Failure) 2020-10-29T15:50:32.981+0000: [ParNew: 16388K->4K(18432K), 0.0031722 secs] 628523K->612139K(896640K), 0.0032302 secs] [Times: user=0.00 sys=0.00, real=0.00 secs] 
2020-10-29T15:50:33.000+0000: [GC (Allocation Failure) 2020-10-29T15:50:33.001+0000: [ParNew: 16388K->4K(18432K), 0.0031864 secs] 628523K->612139K(896640K), 0.0032436 secs] [Times: user=0.01 sys=0.00, real=0.00 secs] 
2020-10-29T15:50:33.020+0000: [GC (Allocation Failure) 2020-10-29T15:50:33.021+0000: [ParNew: 16388K->4K(18432K), 0.0031225 secs] 628523K->612139K(896640K), 0.0032007 secs] [Times: user=0.01 sys=0.00, real=0.00 secs] 
2020-10-29T15:50:33.040+0000: [GC (Allocation Failure) 2020-10-29T15:50:33.041+0000: [ParNew: 16388K->4K(18432K), 0.0031582 secs] 628523K->612139K(896640K), 0.0032146 secs] [Times: user=0.01 sys=0.00, real=0.00 secs] 
2020-10-29T15:50:33.058+0000: [GC (Allocation Failure) 2020-10-29T15:50:33.058+0000: [ParNew: 16388K->4K(18432K), 0.0032186 secs] 628523K->612139K(896640K), 0.0032750 secs] [Times: user=0.00 sys=0.00, real=0.00 secs] 
2020-10-29T15:50:33.076+0000: [GC (Allocation Failure) 2020-10-29T15:50:33.077+0000: [ParNew: 16388K->4K(18432K), 0.0031363 secs] 628523K->612139K(896640K), 0.0031916 secs] [Times: user=0.01 sys=0.00, real=0.00 secs] 
2020-10-29T15:50:33.094+0000: [GC (Allocation Failure) 2020-10-29T15:50:33.094+0000: [ParNew: 16388K->4K(18432K), 0.0031109 secs] 628523K->612139K(896640K), 0.0031653 secs] [Times: user=0.01 sys=0.00, real=0.00 secs] 
2020-10-29T15:50:33.112+0000: [GC (Allocation Failure) 2020-10-29T15:50:33.112+0000: [ParNew: 16388K->4K(18432K), 0.0030932 secs] 628523K->612139K(896640K), 0.0031479 secs] [Times: user=0.01 sys=0.00, real=0.00 secs] 
2020-10-29T15:50:33.130+0000: [GC (Allocation Failure) 2020-10-29T15:50:33.130+0000: [ParNew: 16388K->4K(18432K), 0.0031585 secs] 628523K->612139K(896640K), 0.0032123 secs] [Times: user=0.01 sys=0.00, real=0.01 secs] 
2020-10-29T15:50:33.148+0000: [GC (Allocation Failure) 2020-10-29T15:50:33.149+0000: [ParNew: 16388K->4K(18432K), 0.0030713 secs] 628523K->612139K(896640K), 0.0031243 secs] [Times: user=0.01 sys=0.00, real=0.00 secs] 
2020-10-29T15:50:33.166+0000: [GC (Allocation Failure) 2020-10-29T15:50:33.166+0000: [ParNew: 16388K->4K(18432K), 0.0031112 secs] 628523K->612139K(896640K), 0.0031652 secs] [Times: user=0.01 sys=0.00, real=0.00 secs] 
2020-10-29T15:50:33.184+0000: [GC (Allocation Failure) 2020-10-29T15:50:33.184+0000: [ParNew: 16388K->4K(18432K), 0.0031919 secs] 628523K->612139K(896640K), 0.0032531 secs] [Times: user=0.00 sys=0.00, real=0.01 secs] 
2020-10-29T15:50:33.201+0000: [GC (Allocation Failure) 2020-10-29T15:50:33.201+0000: [ParNew: 16388K->4K(18432K), 0.0031632 secs] 628523K->612139K(896640K), 0.0032245 secs] [Times: user=0.01 sys=0.00, real=0.01 secs] 
2020-10-29T15:50:33.219+0000: [GC (Allocation Failure) 2020-10-29T15:50:33.219+0000: [ParNew: 16388K->4K(18432K), 0.0031920 secs] 628523K->612139K(896640K), 0.0032470 secs] [Times: user=0.00 sys=0.00, real=0.00 secs] 
2020-10-29T15:50:33.236+0000: [GC (Allocation Failure) 2020-10-29T15:50:33.236+0000: [ParNew: 16388K->4K(18432K), 0.0031739 secs] 628523K->612139K(896640K), 0.0032309 secs] [Times: user=0.01 sys=0.00, real=0.00 secs] 
2020-10-29T15:50:33.254+0000: [GC (Allocation Failure) 2020-10-29T15:50:33.254+0000: [ParNew: 16388K->4K(18432K), 0.0032183 secs] 628523K->612139K(896640K), 0.0032773 secs] [Times: user=0.00 sys=0.00, real=0.00 secs] 
2020-10-29T15:50:33.272+0000: [GC (Allocation Failure) 2020-10-29T15:50:33.272+0000: [ParNew: 16388K->4K(18432K), 0.0031309 secs] 628523K->612139K(896640K), 0.0031892 secs] [Times: user=0.00 sys=0.00, real=0.01 secs] 
2020-10-29T15:50:33.292+0000: [GC (Allocation Failure) 2020-10-29T15:50:33.293+0000: [ParNew: 16388K->4K(18432K), 0.0031208 secs] 628523K->612139K(896640K), 0.0031757 secs] [Times: user=0.00 sys=0.00, real=0.00 secs] 
2020-10-29T15:50:33.310+0000: [GC (Allocation Failure) 2020-10-29T15:50:33.310+0000: [ParNew: 16388K->4K(18432K), 0.0031180 secs] 628523K->612139K(896640K), 0.0031683 secs] [Times: user=0.01 sys=0.00, real=0.01 secs] 
2020-10-29T15:50:33.327+0000: [GC (Allocation Failure) 2020-10-29T15:50:33.327+0000: [ParNew: 16388K->4K(18432K), 0.0031288 secs] 628523K->612139K(896640K), 0.0031847 secs] [Times: user=0.01 sys=0.00, real=0.00 secs] 
2020-10-29T15:50:33.347+0000: [GC (Allocation Failure) 2020-10-29T15:50:33.347+0000: [ParNew: 16388K->4K(18432K), 0.0032126 secs] 628523K->612139K(896640K), 0.0032885 secs] [Times: user=0.01 sys=0.00, real=0.00 secs] 
2020-10-29T15:50:33.368+0000: [GC (Allocation Failure) 2020-10-29T15:50:33.369+0000: [ParNew: 16388K->4K(18432K), 0.0031394 secs] 628523K->612139K(896640K), 0.0031932 secs] [Times: user=0.01 sys=0.00, real=0.00 secs] 
2020-10-29T15:50:33.386+0000: [GC (Allocation Failure) 2020-10-29T15:50:33.386+0000: [ParNew: 16388K->4K(18432K), 0.0031677 secs] 628523K->612139K(896640K), 0.0032233 secs] [Times: user=0.00 sys=0.00, real=0.00 secs] 
2020-10-29T15:50:33.405+0000: [GC (Allocation Failure) 2020-10-29T15:50:33.405+0000: [ParNew: 16388K->4K(18432K), 0.0030987 secs] 628523K->612139K(896640K), 0.0031531 secs] [Times: user=0.01 sys=0.00, real=0.00 secs] 
2020-10-29T15:50:33.422+0000: [GC (Allocation Failure) 2020-10-29T15:50:33.422+0000: [ParNew: 16388K->4K(18432K), 0.0031062 secs] 628523K->612139K(896640K), 0.0031602 secs] [Times: user=0.00 sys=0.00, real=0.01 secs] 
2020-10-29T15:50:33.440+0000: [GC (Allocation Failure) 2020-10-29T15:50:33.441+0000: [ParNew: 16388K->4K(18432K), 0.0030969 secs] 628523K->612139K(896640K), 0.0031515 secs] [Times: user=0.01 sys=0.00, real=0.00 secs] 
2020-10-29T15:50:33.460+0000: [GC (Allocation Failure) 2020-10-29T15:50:33.461+0000: [ParNew: 16388K->4K(18432K), 0.0031617 secs] 628523K->612139K(896640K), 0.0032162 secs] [Times: user=0.01 sys=0.00, real=0.00 secs] 
2020-10-29T15:50:33.480+0000: [GC (Allocation Failure) 2020-10-29T15:50:33.481+0000: [ParNew: 16388K->4K(18432K), 0.0031142 secs] 628523K->612139K(896640K), 0.0031728 secs] [Times: user=0.01 sys=0.00, real=0.00 secs] 
2020-10-29T15:50:33.500+0000: [GC (Allocation Failure) 2020-10-29T15:50:33.501+0000: [ParNew: 16388K->4K(18432K), 0.0030487 secs] 628523K->612139K(896640K), 0.0031004 secs] [Times: user=0.00 sys=0.00, real=0.00 secs] 
2020-10-29T15:50:33.518+0000: [GC (Allocation Failure) 2020-10-29T15:50:33.518+0000: [ParNew: 16388K->4K(18432K), 0.0030966 secs] 628523K->612139K(896640K), 0.0031490 secs] [Times: user=0.00 sys=0.00, real=0.00 secs] 
2020-10-29T15:50:33.536+0000: [GC (Allocation Failure) 2020-10-29T15:50:33.536+0000: [ParNew: 16388K->4K(18432K), 0.0030265 secs] 628523K->612139K(896640K), 0.0030764 secs] [Times: user=0.01 sys=0.00, real=0.00 secs] 
2020-10-29T15:50:33.553+0000: [GC (Allocation Failure) 2020-10-29T15:50:33.553+0000: [ParNew: 16388K->4K(18432K), 0.0030636 secs] 628523K->612139K(896640K), 0.0031261 secs] [Times: user=0.01 sys=0.00, real=0.00 secs] 
2020-10-29T15:50:33.572+0000: [GC (Allocation Failure) 2020-10-29T15:50:33.572+0000: [ParNew: 16388K->4K(18432K), 0.0030820 secs] 628523K->612139K(896640K), 0.0031332 secs] [Times: user=0.00 sys=0.00, real=0.00 secs] 
2020-10-29T15:50:33.590+0000: [GC (Allocation Failure) 2020-10-29T15:50:33.590+0000: [ParNew: 16388K->4K(18432K), 0.0031853 secs] 628523K->612139K(896640K), 0.0032411 secs] [Times: user=0.01 sys=0.00, real=0.01 secs] 
2020-10-29T15:50:33.608+0000: [GC (Allocation Failure) 2020-10-29T15:50:33.609+0000: [ParNew: 16388K->4K(18432K), 0.0031239 secs] 628523K->612139K(896640K), 0.0031802 secs] [Times: user=0.00 sys=0.00, real=0.00 secs] 
2020-10-29T15:50:33.628+0000: [GC (Allocation Failure) 2020-10-29T15:50:33.629+0000: [ParNew: 16388K->4K(18432K), 0.0031318 secs] 628523K->612139K(896640K), 0.0031856 secs] [Times: user=0.01 sys=0.00, real=0.00 secs] 
2020-10-29T15:50:33.650+0000: [GC (Allocation Failure) 2020-10-29T15:50:33.650+0000: [ParNew: 16388K->4K(18432K), 0.0032362 secs] 628523K->612139K(896640K), 0.0032927 secs] [Times: user=0.00 sys=0.00, real=0.01 secs] 
2020-10-29T15:50:33.668+0000: [GC (Allocation Failure) 2020-10-29T15:50:33.668+0000: [ParNew: 16388K->4K(18432K), 0.0031844 secs] 628523K->612139K(896640K), 0.0032592 secs] [Times: user=0.01 sys=0.00, real=0.00 secs] 
2020-10-29T15:50:33.685+0000: [GC (Allocation Failure) 2020-10-29T15:50:33.685+0000: [ParNew: 16388K->4K(18432K), 0.0031407 secs] 628523K->612139K(896640K), 0.0031967 secs] [Times: user=0.00 sys=0.00, real=0.00 secs] 
2020-10-29T15:50:33.703+0000: [GC (Allocation Failure) 2020-10-29T15:50:33.703+0000: [ParNew: 16388K->4K(18432K), 0.0030892 secs] 628523K->612139K(896640K), 0.0031708 secs] [Times: user=0.01 sys=0.00, real=0.01 secs] 
2020-10-29T15:50:33.724+0000: [GC (Allocation Failure) 2020-10-29T15:50:33.724+0000: [ParNew: 16388K->4K(18432K), 0.0031196 secs] 628523K->612139K(896640K), 0.0031744 secs] [Times: user=0.01 sys=0.00, real=0.01 secs] 
2020-10-29T15:50:33.744+0000: [GC (Allocation Failure) 2020-10-29T15:50:33.745+0000: [ParNew: 16388K->4K(18432K), 0.0031038 secs] 628523K->612139K(896640K), 0.0031580 secs] [Times: user=0.01 sys=0.00, real=0.00 secs] 
2020-10-29T15:50:33.762+0000: [GC (Allocation Failure) 2020-10-29T15:50:33.762+0000: [ParNew: 16388K->4K(18432K), 0.0032034 secs] 628523K->612139K(896640K), 0.0032585 secs] [Times: user=0.00 sys=0.00, real=0.01 secs] 
2020-10-29T15:50:33.780+0000: [GC (Allocation Failure) 2020-10-29T15:50:33.781+0000: [ParNew: 16388K->4K(18432K), 0.0031950 secs] 628523K->612139K(896640K), 0.0032525 secs] [Times: user=0.00 sys=0.00, real=0.00 secs] 
2020-10-29T15:50:33.798+0000: [GC (Allocation Failure) 2020-10-29T15:50:33.798+0000: [ParNew: 16388K->4K(18432K), 0.0031144 secs] 628523K->612139K(896640K), 0.0031673 secs] [Times: user=0.01 sys=0.00, real=0.00 secs] 
2020-10-29T15:50:33.816+0000: [GC (Allocation Failure) 2020-10-29T15:50:33.816+0000: [ParNew: 16388K->4K(18432K), 0.0031825 secs] 628523K->612139K(896640K), 0.0032343 secs] [Times: user=0.00 sys=0.00, real=0.00 secs] 
2020-10-29T15:50:33.836+0000: [GC (Allocation Failure) 2020-10-29T15:50:33.837+0000: [ParNew: 16388K->4K(18432K), 0.0031060 secs] 628523K->612139K(896640K), 0.0031607 secs] [Times: user=0.01 sys=0.00, real=0.00 secs] 
2020-10-29T15:50:33.856+0000: [GC (Allocation Failure) 2020-10-29T15:50:33.857+0000: [ParNew: 16388K->4K(18432K), 0.0031437 secs] 628523K->612139K(896640K), 0.0031987 secs] [Times: user=0.00 sys=0.00, real=0.00 secs] 
2020-10-29T15:50:33.874+0000: [GC (Allocation Failure) 2020-10-29T15:50:33.874+0000: [ParNew: 16388K->4K(18432K), 0.0031694 secs] 628523K->612139K(896640K), 0.0032254 secs] [Times: user=0.01 sys=0.00, real=0.00 secs] 
2020-10-29T15:50:33.892+0000: [GC (Allocation Failure) 2020-10-29T15:50:33.893+0000: [ParNew: 16388K->4K(18432K), 0.0031233 secs] 628523K->612139K(896640K), 0.0031802 secs] [Times: user=0.00 sys=0.00, real=0.00 secs] 
2020-10-29T15:50:33.910+0000: [GC (Allocation Failure) 2020-10-29T15:50:33.910+0000: [ParNew: 16388K->4K(18432K), 0.0031709 secs] 628523K->612139K(896640K), 0.0032264 secs] [Times: user=0.00 sys=0.00, real=0.01 secs] 
2020-10-29T15:50:33.928+0000: [GC (Allocation Failure) 2020-10-29T15:50:33.929+0000: [ParNew: 16388K->4K(18432K), 0.0031008 secs] 628523K->612139K(896640K), 0.0031555 secs] [Times: user=0.00 sys=0.00, real=0.00 secs] 
2020-10-29T15:50:33.946+0000: [GC (Allocation Failure) 2020-10-29T15:50:33.946+0000: [ParNew: 16388K->4K(18432K), 0.0030306 secs] 628523K->612139K(896640K), 0.0030797 secs] [Times: user=0.01 sys=0.00, real=0.00 secs] 
2020-10-29T15:50:33.963+0000: [GC (Allocation Failure) 2020-10-29T15:50:33.963+0000: [ParNew: 16388K->4K(18432K), 0.0031794 secs] 628523K->612139K(896640K), 0.0032447 secs] [Times: user=0.00 sys=0.00, real=0.01 secs] 
2020-10-29T15:50:33.981+0000: [GC (Allocation Failure) 2020-10-29T15:50:33.981+0000: [ParNew: 16388K->4K(18432K), 0.0031477 secs] 628523K->612139K(896640K), 0.0032039 secs] [Times: user=0.01 sys=0.00, real=0.00 secs] 
2020-10-29T15:50:34.004+0000: [GC (Allocation Failure) 2020-10-29T15:50:34.004+0000: [ParNew: 16388K->4K(18432K), 0.0031837 secs] 628523K->612139K(896640K), 0.0032380 secs] [Times: user=0.01 sys=0.00, real=0.01 secs] 
2020-10-29T15:50:34.022+0000: [GC (Allocation Failure) 2020-10-29T15:50:34.022+0000: [ParNew: 16388K->4K(18432K), 0.0031535 secs] 628523K->612139K(896640K), 0.0032094 secs] [Times: user=0.01 sys=0.00, real=0.01 secs] 
2020-10-29T15:50:34.039+0000: [GC (Allocation Failure) 2020-10-29T15:50:34.039+0000: [ParNew: 16388K->4K(18432K), 0.0031465 secs] 628523K->612139K(896640K), 0.0032070 secs] [Times: user=0.01 sys=0.00, real=0.00 secs] 
2020-10-29T15:50:34.057+0000: [GC (Allocation Failure) 2020-10-29T15:50:34.057+0000: [ParNew: 16388K->4K(18432K), 0.0031368 secs] 628523K->612139K(896640K), 0.0031995 secs] [Times: user=0.01 sys=0.00, real=0.00 secs] 
2020-10-29T15:50:34.074+0000: [GC (Allocation Failure) 2020-10-29T15:50:34.074+0000: [ParNew: 16388K->4K(18432K), 0.0032282 secs] 628523K->612139K(896640K), 0.0032848 secs] [Times: user=0.01 sys=0.00, real=0.00 secs] 
2020-10-29T15:50:34.092+0000: [GC (Allocation Failure) 2020-10-29T15:50:34.093+0000: [ParNew: 16388K->4K(18432K), 0.0031452 secs] 628523K->612139K(896640K), 0.0032008 secs] [Times: user=0.01 sys=0.00, real=0.00 secs] 
2020-10-29T15:50:34.112+0000: [GC (Allocation Failure) 2020-10-29T15:50:34.113+0000: [ParNew: 16388K->4K(18432K), 0.0031093 secs] 628523K->612139K(896640K), 0.0031659 secs] [Times: user=0.01 sys=0.00, real=0.00 secs] 
2020-10-29T15:50:34.130+0000: [GC (Allocation Failure) 2020-10-29T15:50:34.130+0000: [ParNew: 16388K->4K(18432K), 0.0031711 secs] 628523K->612139K(896640K), 0.0032263 secs] [Times: user=0.01 sys=0.00, real=0.01 secs] 
2020-10-29T15:50:34.148+0000: [GC (Allocation Failure) 2020-10-29T15:50:34.149+0000: [ParNew: 16388K->4K(18432K), 0.0031127 secs] 628523K->612139K(896640K), 0.0031685 secs] [Times: user=0.01 sys=0.00, real=0.00 secs] 
2020-10-29T15:50:34.166+0000: [GC (Allocation Failure) 2020-10-29T15:50:34.166+0000: [ParNew: 16388K->4K(18432K), 0.0031943 secs] 628523K->612139K(896640K), 0.0032524 secs] [Times: user=0.00 sys=0.00, real=0.00 secs] 
2020-10-29T15:50:34.183+0000: [GC (Allocation Failure) 2020-10-29T15:50:34.183+0000: [ParNew: 16388K->4K(18432K), 0.0032300 secs] 628523K->612140K(896640K), 0.0032890 secs] [Times: user=0.01 sys=0.00, real=0.01 secs] 
2020-10-29T15:50:34.201+0000: [GC (Allocation Failure) 2020-10-29T15:50:34.201+0000: [ParNew: 16388K->4K(18432K), 0.0031676 secs] 628524K->612140K(896640K), 0.0032248 secs] [Times: user=0.00 sys=0.00, real=0.01 secs] 
2020-10-29T15:50:34.219+0000: [GC (Allocation Failure) 2020-10-29T15:50:34.219+0000: [ParNew: 16388K->4K(18432K), 0.0032474 secs] 628524K->612140K(896640K), 0.0033120 secs] [Times: user=0.01 sys=0.00, real=0.00 secs] 
2020-10-29T15:50:34.237+0000: [GC (Allocation Failure) 2020-10-29T15:50:34.237+0000: [ParNew: 16388K->4K(18432K), 0.0032031 secs] 628524K->612140K(896640K), 0.0032604 secs] [Times: user=0.01 sys=0.00, real=0.00 secs] 
2020-10-29T15:50:34.255+0000: [GC (Allocation Failure) 2020-10-29T15:50:34.255+0000: [ParNew: 16388K->4K(18432K), 0.0031831 secs] 628524K->612140K(896640K), 0.0032543 secs] [Times: user=0.01 sys=0.00, real=0.00 secs] 
2020-10-29T15:50:34.272+0000: [GC (Allocation Failure) 2020-10-29T15:50:34.272+0000: [ParNew: 16388K->4K(18432K), 0.0031485 secs] 628524K->612140K(896640K), 0.0032173 secs] [Times: user=0.01 sys=0.00, real=0.01 secs] 
2020-10-29T15:50:34.290+0000: [GC (Allocation Failure) 2020-10-29T15:50:34.290+0000: [ParNew: 16388K->4K(18432K), 0.0032042 secs] 628524K->612140K(896640K), 0.0032598 secs] [Times: user=0.01 sys=0.00, real=0.01 secs] 
2020-10-29T15:50:34.307+0000: [GC (Allocation Failure) 2020-10-29T15:50:34.307+0000: [ParNew: 16388K->4K(18432K), 0.0031345 secs] 628524K->612140K(896640K), 0.0031941 secs] [Times: user=0.00 sys=0.00, real=0.00 secs] 
2020-10-29T15:50:34.328+0000: [GC (Allocation Failure) 2020-10-29T15:50:34.328+0000: [ParNew: 16388K->4K(18432K), 0.0031260 secs] 628524K->612140K(896640K), 0.0031812 secs] [Times: user=0.00 sys=0.00, real=0.00 secs] 
2020-10-29T15:50:34.346+0000: [GC (Allocation Failure) 2020-10-29T15:50:34.346+0000: [ParNew: 16388K->4K(18432K), 0.0030956 secs] 628524K->612140K(896640K), 0.0031625 secs] [Times: user=0.00 sys=0.00, real=0.00 secs] 
2020-10-29T15:50:34.363+0000: [GC (Allocation Failure) 2020-10-29T15:50:34.363+0000: [ParNew: 16388K->4K(18432K), 0.0030977 secs] 628524K->612140K(896640K), 0.0031505 secs] [Times: user=0.01 sys=0.00, real=0.01 secs] 
2020-10-29T15:50:34.384+0000: [GC (Allocation Failure) 2020-10-29T15:50:34.385+0000: [ParNew: 16388K->4K(18432K), 0.0030379 secs] 628524K->612140K(896640K), 0.0030902 secs] [Times: user=0.00 sys=0.00, real=0.00 secs] 
2020-10-29T15:50:34.404+0000: [GC (Allocation Failure) 2020-10-29T15:50:34.405+0000: [ParNew: 16388K->4K(18432K), 0.0030972 secs] 628524K->612140K(896640K), 0.0031520 secs] [Times: user=0.01 sys=0.00, real=0.00 secs] 
2020-10-29T15:50:34.424+0000: [GC (Allocation Failure) 2020-10-29T15:50:34.425+0000: [ParNew: 16388K->4K(18432K), 0.0031053 secs] 628524K->612140K(896640K), 0.0031606 secs] [Times: user=0.01 sys=0.00, real=0.00 secs] 
2020-10-29T15:50:34.442+0000: [GC (Allocation Failure) 2020-10-29T15:50:34.442+0000: [ParNew: 16388K->4K(18432K), 0.0031664 secs] 628524K->612140K(896640K), 0.0032206 secs] [Times: user=0.00 sys=0.00, real=0.01 secs] 
2020-10-29T15:50:34.459+0000: [GC (Allocation Failure) 2020-10-29T15:50:34.459+0000: [ParNew: 16388K->4K(18432K), 0.0030793 secs] 628524K->612140K(896640K), 0.0031314 secs] [Times: user=0.01 sys=0.00, real=0.00 secs] 
2020-10-29T15:50:34.477+0000: [GC (Allocation Failure) 2020-10-29T15:50:34.477+0000: [ParNew: 16388K->4K(18432K), 0.0031306 secs] 628524K->612140K(896640K), 0.0031830 secs] [Times: user=0.00 sys=0.00, real=0.00 secs] 
2020-10-29T15:50:34.494+0000: [GC (Allocation Failure) 2020-10-29T15:50:34.494+0000: [ParNew: 16388K->4K(18432K), 0.0031672 secs] 628524K->612140K(896640K), 0.0032241 secs] [Times: user=0.01 sys=0.00, real=0.00 secs] 
2020-10-29T15:50:34.512+0000: [GC (Allocation Failure) 2020-10-29T15:50:34.512+0000: [ParNew: 16388K->4K(18432K), 0.0030381 secs] 628524K->612140K(896640K), 0.0030914 secs] [Times: user=0.00 sys=0.00, real=0.00 secs] 
2020-10-29T15:50:34.530+0000: [GC (Allocation Failure) 2020-10-29T15:50:34.530+0000: [ParNew: 16388K->4K(18432K), 0.0031543 secs] 628524K->612140K(896640K), 0.0032116 secs] [Times: user=0.01 sys=0.00, real=0.01 secs] 
2020-10-29T15:50:34.549+0000: [GC (Allocation Failure) 2020-10-29T15:50:34.549+0000: [ParNew: 16388K->4K(18432K), 0.0031223 secs] 628524K->612140K(896640K), 0.0031779 secs] [Times: user=0.01 sys=0.00, real=0.00 secs] 
2020-10-29T15:50:34.568+0000: [GC (Allocation Failure) 2020-10-29T15:50:34.568+0000: [ParNew: 16388K->4K(18432K), 0.0031720 secs] 628524K->612140K(896640K), 0.0032372 secs] [Times: user=0.00 sys=0.00, real=0.00 secs] 
2020-10-29T15:50:34.585+0000: [GC (Allocation Failure) 2020-10-29T15:50:34.585+0000: [ParNew: 16388K->4K(18432K), 0.0031374 secs] 628524K->612140K(896640K), 0.0031929 secs] [Times: user=0.01 sys=0.00, real=0.00 secs] 
2020-10-29T15:50:34.603+0000: [GC (Allocation Failure) 2020-10-29T15:50:34.603+0000: [ParNew: 16388K->4K(18432K), 0.0031529 secs] 628524K->612140K(896640K), 0.0032145 secs] [Times: user=0.01 sys=0.00, real=0.01 secs] 
2020-10-29T15:50:34.621+0000: [GC (Allocation Failure) 2020-10-29T15:50:34.621+0000: [ParNew: 16388K->4K(18432K), 0.0032482 secs] 628524K->612140K(896640K), 0.0033050 secs] [Times: user=0.01 sys=0.00, real=0.00 secs] 
2020-10-29T15:50:34.638+0000: [GC (Allocation Failure) 2020-10-29T15:50:34.638+0000: [ParNew: 16388K->4K(18432K), 0.0032007 secs] 628524K->612140K(896640K), 0.0032553 secs] [Times: user=0.01 sys=0.00, real=0.00 secs] 
2020-10-29T15:50:34.656+0000: [GC (Allocation Failure) 2020-10-29T15:50:34.656+0000: [ParNew: 16388K->4K(18432K), 0.0031307 secs] 628524K->612140K(896640K), 0.0031849 secs] [Times: user=0.01 sys=0.00, real=0.00 secs] 
2020-10-29T15:50:34.673+0000: [GC (Allocation Failure) 2020-10-29T15:50:34.673+0000: [ParNew: 16388K->4K(18432K), 0.0032145 secs] 628524K->612140K(896640K), 0.0032699 secs] [Times: user=0.00 sys=0.00, real=0.00 secs] 
2020-10-29T15:50:34.691+0000: [GC (Allocation Failure) 2020-10-29T15:50:34.691+0000: [ParNew: 16388K->4K(18432K), 0.0031704 secs] 628524K->612140K(896640K), 0.0032269 secs] [Times: user=0.01 sys=0.00, real=0.01 secs] 
2020-10-29T15:50:34.708+0000: [GC (Allocation Failure) 2020-10-29T15:50:34.708+0000: [ParNew: 16388K->4K(18432K), 0.0031577 secs] 628524K->612140K(896640K), 0.0032126 secs] [Times: user=0.01 sys=0.00, real=0.00 secs] 
2020-10-29T15:50:34.729+0000: [GC (Allocation Failure) 2020-10-29T15:50:34.729+0000: [ParNew: 16388K->4K(18432K), 0.0031298 secs] 628524K->612140K(896640K), 0.0031846 secs] [Times: user=0.01 sys=0.00, real=0.00 secs] 
2020-10-29T15:50:34.746+0000: [GC (Allocation Failure) 2020-10-29T15:50:34.746+0000: [ParNew: 16388K->4K(18432K), 0.0031402 secs] 628524K->612140K(896640K), 0.0031925 secs] [Times: user=0.01 sys=0.00, real=0.00 secs] 
2020-10-29T15:50:34.764+0000: [GC (Allocation Failure) 2020-10-29T15:50:34.765+0000: [ParNew: 16388K->4K(18432K), 0.0031156 secs] 628524K->612140K(896640K), 0.0031708 secs] [Times: user=0.00 sys=0.00, real=0.00 secs] 
2020-10-29T15:50:34.784+0000: [GC (Allocation Failure) 2020-10-29T15:50:34.785+0000: [ParNew: 16388K->4K(18432K), 0.0031389 secs] 628524K->612140K(896640K), 0.0031944 secs] [Times: user=0.00 sys=0.00, real=0.00 secs] 
2020-10-29T15:50:34.804+0000: [GC (Allocation Failure) 2020-10-29T15:50:34.805+0000: [ParNew: 16388K->4K(18432K), 0.0031080 secs] 628524K->612140K(896640K), 0.0031634 secs] [Times: user=0.01 sys=0.00, real=0.00 secs] 
2020-10-29T15:50:34.822+0000: [GC (Allocation Failure) 2020-10-29T15:50:34.822+0000: [ParNew: 16388K->4K(18432K), 0.0031219 secs] 628524K->612140K(896640K), 0.0031745 secs] [Times: user=0.00 sys=0.00, real=0.01 secs] 
2020-10-29T15:50:34.839+0000: [GC (Allocation Failure) 2020-10-29T15:50:34.839+0000: [ParNew: 16388K->4K(18432K), 0.0032169 secs] 628524K->612140K(896640K), 0.0032735 secs] [Times: user=0.01 sys=0.00, real=0.00 secs] 
2020-10-29T15:50:34.860+0000: [GC (Allocation Failure) 2020-10-29T15:50:34.861+0000: [ParNew: 16388K->4K(18432K), 0.0031221 secs] 628524K->612140K(896640K), 0.0031773 secs] [Times: user=0.00 sys=0.00, real=0.00 secs] 
2020-10-29T15:50:34.880+0000: [GC (Allocation Failure) 2020-10-29T15:50:34.880+0000: [ParNew: 16388K->4K(18432K), 0.0070507 secs] 628524K->612140K(896640K), 0.0071177 secs] [Times: user=0.01 sys=0.00, real=0.01 secs] 
2020-10-29T15:50:34.906+0000: [GC (Allocation Failure) 2020-10-29T15:50:34.906+0000: [ParNew: 16388K->4K(18432K), 0.0055717 secs] 628524K->612140K(896640K), 0.0056477 secs] [Times: user=0.00 sys=0.00, real=0.00 secs] 
2020-10-29T15:50:34.927+0000: [GC (Allocation Failure) 2020-10-29T15:50:34.927+0000: [ParNew: 16388K->4K(18432K), 0.0038084 secs] 628524K->612140K(896640K), 0.0038884 secs] [Times: user=0.01 sys=0.00, real=0.00 secs] 
2020-10-29T15:50:34.945+0000: [GC (Allocation Failure) 2020-10-29T15:50:34.945+0000: [ParNew: 16388K->4K(18432K), 0.0030886 secs] 628524K->612140K(896640K), 0.0031421 secs] [Times: user=0.00 sys=0.00, real=0.00 secs] 
2020-10-29T15:50:34.962+0000: [GC (Allocation Failure) 2020-10-29T15:50:34.962+0000: [ParNew: 16388K->4K(18432K), 0.0030569 secs] 628524K->612140K(896640K), 0.0031077 secs] [Times: user=0.01 sys=0.00, real=0.01 secs] 
2020-10-29T15:50:34.985+0000: [GC (Allocation Failure) 2020-10-29T15:50:34.985+0000: [ParNew: 16388K->4K(18432K), 0.0030621 secs] 628524K->612140K(896640K), 0.0031460 secs] [Times: user=0.01 sys=0.00, real=0.00 secs] 
2020-10-29T15:50:35.012+0000: [GC (Allocation Failure) 2020-10-29T15:50:35.013+0000: [ParNew: 16388K->4K(18432K), 0.0031138 secs] 628524K->612140K(896640K), 0.0031695 secs] [Times: user=0.00 sys=0.00, real=0.00 secs] 
2020-10-29T15:50:35.034+0000: [GC (Allocation Failure) 2020-10-29T15:50:35.034+0000: [ParNew: 16388K->4K(18432K), 0.0030805 secs] 628524K->612140K(896640K), 0.0031326 secs] [Times: user=0.01 sys=0.00, real=0.00 secs] 
2020-10-29T15:50:35.052+0000: [GC (Allocation Failure) 2020-10-29T15:50:35.053+0000: [ParNew: 16388K->4K(18432K), 0.0030974 secs] 628524K->612140K(896640K), 0.0031520 secs] [Times: user=0.00 sys=0.00, real=0.00 secs] 
2020-10-29T15:50:35.070+0000: [GC (Allocation Failure) 2020-10-29T15:50:35.070+0000: [ParNew: 16388K->4K(18432K), 0.0031251 secs] 628524K->612140K(896640K), 0.0031779 secs] [Times: user=0.01 sys=0.00, real=0.01 secs] 
2020-10-29T15:50:35.088+0000: [GC (Allocation Failure) 2020-10-29T15:50:35.089+0000: [ParNew: 16388K->4K(18432K), 0.0030706 secs] 628524K->612140K(896640K), 0.0031225 secs] [Times: user=0.01 sys=0.00, real=0.00 secs] 
2020-10-29T15:50:35.106+0000: [GC (Allocation Failure) 2020-10-29T15:50:35.106+0000: [ParNew: 16388K->4K(18432K), 0.0031370 secs] 628524K->612140K(896640K), 0.0031905 secs] [Times: user=0.00 sys=0.00, real=0.00 secs] 
2020-10-29T15:50:35.124+0000: [GC (Allocation Failure) 2020-10-29T15:50:35.124+0000: [ParNew: 16388K->4K(18432K), 0.0031167 secs] 628524K->612140K(896640K), 0.0031843 secs] [Times: user=0.01 sys=0.00, real=0.01 secs] 
2020-10-29T15:50:35.141+0000: [GC (Allocation Failure) 2020-10-29T15:50:35.141+0000: [ParNew: 16388K->4K(18432K), 0.0030041 secs] 628524K->612140K(896640K), 0.0030534 secs] [Times: user=0.00 sys=0.00, real=0.00 secs] 
2020-10-29T15:50:35.160+0000: [GC (Allocation Failure) 2020-10-29T15:50:35.161+0000: [ParNew: 16388K->4K(18432K), 0.0031051 secs] 628524K->612140K(896640K), 0.0031599 secs] [Times: user=0.01 sys=0.00, real=0.00 secs] 
2020-10-29T15:50:35.178+0000: [GC (Allocation Failure) 2020-10-29T15:50:35.178+0000: [ParNew: 16388K->4K(18432K), 0.0031591 secs] 628524K->612140K(896640K), 0.0032115 secs] [Times: user=0.00 sys=0.00, real=0.00 secs] 
2020-10-29T15:50:35.195+0000: [GC (Allocation Failure) 2020-10-29T15:50:35.195+0000: [ParNew: 16388K->4K(18432K), 0.0030976 secs] 628524K->612140K(896640K), 0.0031511 secs] [Times: user=0.01 sys=0.00, real=0.00 secs] 
2020-10-29T15:50:35.216+0000: [GC (Allocation Failure) 2020-10-29T15:50:35.217+0000: [ParNew: 16388K->4K(18432K), 0.0031483 secs] 628524K->612140K(896640K), 0.0032036 secs] [Times: user=0.01 sys=0.00, real=0.00 secs] 
2020-10-29T15:50:35.234+0000: [GC (Allocation Failure) 2020-10-29T15:50:35.234+0000: [ParNew: 16388K->4K(18432K), 0.0031504 secs] 628524K->612140K(896640K), 0.0032069 secs] [Times: user=0.01 sys=0.00, real=0.00 secs] 
2020-10-29T15:50:35.252+0000: [GC (Allocation Failure) 2020-10-29T15:50:35.253+0000: [ParNew: 16388K->4K(18432K), 0.0031025 secs] 628524K->612140K(896640K), 0.0031577 secs] [Times: user=0.01 sys=0.00, real=0.00 secs] 
2020-10-29T15:50:35.272+0000: [GC (Allocation Failure) 2020-10-29T15:50:35.273+0000: [ParNew: 16388K->4K(18432K), 0.0031053 secs] 628524K->612140K(896640K), 0.0031602 secs] [Times: user=0.00 sys=0.00, real=0.00 secs] 
2020-10-29T15:50:35.290+0000: [GC (Allocation Failure) 2020-10-29T15:50:35.290+0000: [ParNew: 16388K->4K(18432K), 0.0031903 secs] 628524K->612140K(896640K), 0.0032472 secs] [Times: user=0.01 sys=0.00, real=0.01 secs] 
2020-10-29T15:50:35.308+0000: [GC (Allocation Failure) 2020-10-29T15:50:35.309+0000: [ParNew: 16388K->4K(18432K), 0.0030762 secs] 628524K->612140K(896640K), 0.0031391 secs] [Times: user=0.01 sys=0.00, real=0.00 secs] 
2020-10-29T15:50:35.328+0000: [GC (Allocation Failure) 2020-10-29T15:50:35.329+0000: [ParNew: 16388K->4K(18432K), 0.0030921 secs] 628524K->612140K(896640K), 0.0031459 secs] [Times: user=0.00 sys=0.00, real=0.00 secs] 
2020-10-29T15:50:35.348+0000: [GC (Allocation Failure) 2020-10-29T15:50:35.349+0000: [ParNew: 16388K->4K(18432K), 0.0031428 secs] 628524K->612140K(896640K), 0.0031998 secs] [Times: user=0.00 sys=0.00, real=0.00 secs] 
2020-10-29T15:50:35.366+0000: [GC (Allocation Failure) 2020-10-29T15:50:35.366+0000: [ParNew: 16388K->4K(18432K), 0.0031730 secs] 628524K->612140K(896640K), 0.0032294 secs] [Times: user=0.01 sys=0.00, real=0.00 secs] 
2020-10-29T15:50:35.384+0000: [GC (Allocation Failure) 2020-10-29T15:50:35.385+0000: [ParNew: 16388K->4K(18432K), 0.0031474 secs] 628524K->612140K(896640K), 0.0032039 secs] [Times: user=0.00 sys=0.00, real=0.00 secs] 
2020-10-29T15:50:35.403+0000: [GC (Allocation Failure) 2020-10-29T15:50:35.403+0000: [ParNew: 16388K->4K(18432K), 0.0031493 secs] 628524K->612140K(896640K), 0.0032049 secs] [Times: user=0.01 sys=0.00, real=0.01 secs] 
2020-10-29T15:50:35.423+0000: [GC (Allocation Failure) 2020-10-29T15:50:35.423+0000: [ParNew: 16388K->4K(18432K), 0.0031978 secs] 628524K->612140K(896640K), 0.0032524 secs] [Times: user=0.01 sys=0.00, real=0.01 secs] 
2020-10-29T15:50:35.444+0000: [GC (Allocation Failure) 2020-10-29T15:50:35.444+0000: [ParNew: 16388K->4K(18432K), 0.0031820 secs] 628524K->612140K(896640K), 0.0032401 secs] [Times: user=0.01 sys=0.00, real=0.01 secs] 
2020-10-29T15:50:35.464+0000: [GC (Allocation Failure) 2020-10-29T15:50:35.465+0000: [ParNew: 16388K->4K(18432K), 0.0031346 secs] 628524K->612140K(896640K), 0.0031901 secs] [Times: user=0.00 sys=0.00, real=0.00 secs] 
2020-10-29T15:50:35.484+0000: [GC (Allocation Failure) 2020-10-29T15:50:35.484+0000: [ParNew: 16388K->4K(18432K), 0.0031217 secs] 628524K->612140K(896640K), 0.0031766 secs] [Times: user=0.01 sys=0.00, real=0.01 secs] 
2020-10-29T15:50:35.504+0000: [GC (Allocation Failure) 2020-10-29T15:50:35.505+0000: [ParNew: 16388K->4K(18432K), 0.0030932 secs] 628524K->612140K(896640K), 0.0031486 secs] [Times: user=0.01 sys=0.00, real=0.00 secs] 
2020-10-29T15:50:35.522+0000: [GC (Allocation Failure) 2020-10-29T15:50:35.522+0000: [ParNew: 16388K->4K(18432K), 0.0031049 secs] 628524K->612140K(896640K), 0.0031746 secs] [Times: user=0.00 sys=0.00, real=0.01 secs] 
2020-10-29T15:50:35.539+0000: [GC (Allocation Failure) 2020-10-29T15:50:35.539+0000: [ParNew: 16388K->4K(18432K), 0.0030676 secs] 628524K->612140K(896640K), 0.0031189 secs] [Times: user=0.01 sys=0.00, real=0.00 secs] 
2020-10-29T15:50:35.557+0000: [GC (Allocation Failure) 2020-10-29T15:50:35.557+0000: [ParNew: 16388K->4K(18432K), 0.0031478 secs] 628524K->612140K(896640K), 0.0032019 secs] [Times: user=0.00 sys=0.00, real=0.00 secs] 
2020-10-29T15:50:35.576+0000: [GC (Allocation Failure) 2020-10-29T15:50:35.577+0000: [ParNew: 16388K->4K(18432K), 0.0031819 secs] 628524K->612140K(896640K), 0.0032419 secs] [Times: user=0.01 sys=0.00, real=0.00 secs] 
2020-10-29T15:50:35.594+0000: [GC (Allocation Failure) 2020-10-29T15:50:35.594+0000: [ParNew: 16388K->4K(18432K), 0.0031766 secs] 628524K->612140K(896640K), 0.0032303 secs] [Times: user=0.00 sys=0.00, real=0.00 secs] 
2020-10-29T15:50:35.612+0000: [GC (Allocation Failure) 2020-10-29T15:50:35.612+0000: [ParNew: 16388K->4K(18432K), 0.0031949 secs] 628524K->612140K(896640K), 0.0032497 secs] [Times: user=0.01 sys=0.00, real=0.01 secs] 
2020-10-29T15:50:35.629+0000: [GC (Allocation Failure) 2020-10-29T15:50:35.629+0000: [ParNew: 16388K->4K(18432K), 0.0031387 secs] 628524K->612140K(896640K), 0.0031928 secs] [Times: user=0.00 sys=0.00, real=0.01 secs] 
2020-10-29T15:50:35.647+0000: [GC (Allocation Failure) 2020-10-29T15:50:35.647+0000: [ParNew: 16388K->4K(18432K), 0.0030939 secs] 628524K->612140K(896640K), 0.0031446 secs] [Times: user=0.01 sys=0.00, real=0.00 secs] 
2020-10-29T15:50:35.664+0000: [GC (Allocation Failure) 2020-10-29T15:50:35.664+0000: [ParNew: 16388K->4K(18432K), 0.0031764 secs] 628524K->612140K(896640K), 0.0032602 secs] [Times: user=0.00 sys=0.00, real=0.01 secs] 
2020-10-29T15:50:35.682+0000: [GC (Allocation Failure) 2020-10-29T15:50:35.682+0000: [ParNew: 16388K->4K(18432K), 0.0031544 secs] 628524K->612140K(896640K), 0.0032071 secs] [Times: user=0.01 sys=0.00, real=0.01 secs] 
2020-10-29T15:50:35.699+0000: [GC (Allocation Failure) 2020-10-29T15:50:35.699+0000: [ParNew: 16388K->4K(18432K), 0.0031290 secs] 628524K->612140K(896640K), 0.0031819 secs] [Times: user=0.01 sys=0.00, real=0.00 secs] 
2020-10-29T15:50:35.719+0000: [GC (Allocation Failure) 2020-10-29T15:50:35.719+0000: [ParNew: 16388K->4K(18432K), 0.0031311 secs] 628524K->612140K(896640K), 0.0031804 secs] [Times: user=0.01 sys=0.00, real=0.00 secs] 
2020-10-29T15:50:35.736+0000: [GC (Allocation Failure) 2020-10-29T15:50:35.736+0000: [ParNew: 16388K->4K(18432K), 0.0031089 secs] 628524K->612140K(896640K), 0.0031637 secs] [Times: user=0.00 sys=0.00, real=0.00 secs] 
2020-10-29T15:50:35.754+0000: [GC (Allocation Failure) 2020-10-29T15:50:35.754+0000: [ParNew: 16388K->4K(18432K), 0.0030925 secs] 628524K->612140K(896640K), 0.0031758 secs] [Times: user=0.01 sys=0.00, real=0.00 secs] 
2020-10-29T15:50:35.771+0000: [GC (Allocation Failure) 2020-10-29T15:50:35.771+0000: [ParNew: 16388K->4K(18432K), 0.0031408 secs] 628524K->612140K(896640K), 0.0031949 secs] [Times: user=0.01 sys=0.00, real=0.01 secs] 
2020-10-29T15:50:35.788+0000: [GC (Allocation Failure) 2020-10-29T15:50:35.788+0000: [ParNew: 16388K->4K(18432K), 0.0031698 secs] 628524K->612140K(896640K), 0.0032425 secs] [Times: user=0.00 sys=0.00, real=0.00 secs] 
2020-10-29T15:50:35.806+0000: [GC (Allocation Failure) 2020-10-29T15:50:35.806+0000: [ParNew: 16388K->4K(18432K), 0.0031813 secs] 628524K->612140K(896640K), 0.0032389 secs] [Times: user=0.01 sys=0.00, real=0.00 secs] 
2020-10-29T15:50:35.824+0000: [GC (Allocation Failure) 2020-10-29T15:50:35.824+0000: [ParNew: 16388K->4K(18432K), 0.0031961 secs] 628524K->612140K(896640K), 0.0032648 secs] [Times: user=0.01 sys=0.00, real=0.01 secs] 
2020-10-29T15:50:35.844+0000: [GC (Allocation Failure) 2020-10-29T15:50:35.845+0000: [ParNew: 16388K->4K(18432K), 0.0031240 secs] 628524K->612140K(896640K), 0.0031764 secs] [Times: user=0.01 sys=0.00, real=0.00 secs] 
2020-10-29T15:50:35.864+0000: [GC (Allocation Failure) 2020-10-29T15:50:35.865+0000: [ParNew: 16388K->4K(18432K), 0.0031074 secs] 628524K->612140K(896640K), 0.0031625 secs] [Times: user=0.01 sys=0.00, real=0.00 secs] 
2020-10-29T15:50:35.884+0000: [GC (Allocation Failure) 2020-10-29T15:50:35.885+0000: [ParNew: 16388K->4K(18432K), 0.0031217 secs] 628524K->612140K(896640K), 0.0032013 secs] [Times: user=0.01 sys=0.00, real=0.00 secs] 
2020-10-29T15:50:35.902+0000: [GC (Allocation Failure) 2020-10-29T15:50:35.902+0000: [ParNew: 16388K->4K(18432K), 0.0032325 secs] 628524K->612140K(896640K), 0.0032888 secs] [Times: user=0.01 sys=0.00, real=0.01 secs] 
2020-10-29T15:50:35.920+0000: [GC (Allocation Failure) 2020-10-29T15:50:35.921+0000: [ParNew: 16388K->4K(18432K), 0.0031630 secs] 628524K->612140K(896640K), 0.0032196 secs] [Times: user=0.01 sys=0.00, real=0.00 secs] 
2020-10-29T15:50:35.941+0000: [GC (Allocation Failure) 2020-10-29T15:50:35.941+0000: [ParNew: 16388K->4K(18432K), 0.0031259 secs] 628524K->612140K(896640K), 0.0031807 secs] [Times: user=0.00 sys=0.00, real=0.00 secs] 
2020-10-29T15:50:35.960+0000: [GC (Allocation Failure) 2020-10-29T15:50:35.960+0000: [ParNew: 16388K->4K(18432K), 0.0031004 secs] 628524K->612140K(896640K), 0.0031538 secs] [Times: user=0.01 sys=0.00, real=0.00 secs] 
2020-10-29T15:50:35.980+0000: [GC (Allocation Failure) 2020-10-29T15:50:35.980+0000: [ParNew: 16388K->4K(18432K), 0.0031373 secs] 628524K->612140K(896640K), 0.0031935 secs] [Times: user=0.00 sys=0.00, real=0.00 secs] 
2020-10-29T15:50:35.998+0000: [GC (Allocation Failure) 2020-10-29T15:50:35.998+0000: [ParNew: 16388K->4K(18432K), 0.0031480 secs] 628524K->612140K(896640K), 0.0031940 secs] [Times: user=0.00 sys=0.00, real=0.00 secs] 
2020-10-29T15:50:36.016+0000: [GC (Allocation Failure) 2020-10-29T15:50:36.017+0000: [ParNew: 16388K->4K(18432K), 0.0030490 secs] 628524K->612140K(896640K), 0.0031093 secs] [Times: user=0.01 sys=0.00, real=0.00 secs] 
2020-10-29T15:50:36.034+0000: [GC (Allocation Failure) 2020-10-29T15:50:36.034+0000: [ParNew: 16388K->4K(18432K), 0.0031590 secs] 628524K->612140K(896640K), 0.0032121 secs] [Times: user=0.00 sys=0.00, real=0.00 secs] 
2020-10-29T15:50:36.052+0000: [GC (Allocation Failure) 2020-10-29T15:50:36.052+0000: [ParNew: 16388K->4K(18432K), 0.0030952 secs] 628524K->612140K(896640K), 0.0031651 secs] [Times: user=0.01 sys=0.00, real=0.01 secs] 
2020-10-29T15:50:36.072+0000: [GC (Allocation Failure) 2020-10-29T15:50:36.073+0000: [ParNew: 16388K->4K(18432K), 0.0030763 secs] 628524K->612140K(896640K), 0.0031306 secs] [Times: user=0.00 sys=0.00, real=0.00 secs] 
2020-10-29T15:50:36.090+0000: [GC (Allocation Failure) 2020-10-29T15:50:36.090+0000: [ParNew: 16388K->4K(18432K), 0.0031583 secs] 628524K->612140K(896640K), 0.0032124 secs] [Times: user=0.01 sys=0.00, real=0.01 secs] 
2020-10-29T15:50:36.108+0000: [GC (Allocation Failure) 2020-10-29T15:50:36.109+0000: [ParNew: 16388K->4K(18432K), 0.0030647 secs] 628524K->612140K(896640K), 0.0031164 secs] [Times: user=0.00 sys=0.00, real=0.00 secs] 
2020-10-29T15:50:36.126+0000: [GC (Allocation Failure) 2020-10-29T15:50:36.126+0000: [ParNew: 16388K->4K(18432K), 0.0031658 secs] 628524K->612140K(896640K), 0.0032184 secs] [Times: user=0.01 sys=0.00, real=0.00 secs] 
2020-10-29T15:50:36.169+0000: [GC (Allocation Failure) 2020-10-29T15:50:36.169+0000: [ParNew: 16388K->6K(18432K), 0.0031928 secs] 628524K->612142K(896640K), 0.0032501 secs] [Times: user=0.00 sys=0.00, real=0.01 secs] 
2020-10-29T15:50:36.204+0000: [GC (Allocation Failure) 2020-10-29T15:50:36.204+0000: [ParNew: 16390K->6K(18432K), 0.0032066 secs] 628526K->612142K(896640K), 0.0032664 secs] [Times: user=0.01 sys=0.00, real=0.01 secs] 
2020-10-29T15:50:36.234+0000: [GC (Allocation Failure) 2020-10-29T15:50:36.234+0000: [ParNew: 16390K->4K(18432K), 0.0031821 secs] 628526K->612140K(896640K), 0.0032472 secs] [Times: user=0.01 sys=0.00, real=0.00 secs] 
2020-10-29T15:50:36.265+0000: [GC (Allocation Failure) 2020-10-29T15:50:36.265+0000: [ParNew: 16388K->4K(18432K), 0.0031519 secs] 628524K->612140K(896640K), 0.0032098 secs] [Times: user=0.01 sys=0.00, real=0.00 secs] 
2020-10-29T15:50:36.296+0000: [GC (Allocation Failure) 2020-10-29T15:50:36.297+0000: [ParNew: 16388K->6K(18432K), 0.0031573 secs] 628524K->612142K(896640K), 0.0032143 secs] [Times: user=0.01 sys=0.00, real=0.00 secs] 
2020-10-29T15:50:36.328+0000: [GC (Allocation Failure) 2020-10-29T15:50:36.329+0000: [ParNew: 16390K->6K(18432K), 0.0032123 secs] 628526K->612142K(896640K), 0.0032696 secs] [Times: user=0.01 sys=0.00, real=0.00 secs] 
2020-10-29T15:50:36.360+0000: [GC (Allocation Failure) 2020-10-29T15:50:36.361+0000: [ParNew: 16390K->4K(18432K), 0.0031726 secs] 628526K->612143K(896640K), 0.0032295 secs] [Times: user=0.01 sys=0.00, real=0.00 secs] 
2020-10-29T15:50:36.393+0000: [GC (Allocation Failure) 2020-10-29T15:50:36.393+0000: [ParNew: 16388K->4K(18432K), 0.0035586 secs] 628527K->612143K(896640K), 0.0036217 secs] [Times: user=0.01 sys=0.01, real=0.00 secs] 
2020-10-29T15:50:36.424+0000: [GC (Allocation Failure) 2020-10-29T15:50:36.424+0000: [ParNew: 16388K->4K(18432K), 0.0031440 secs] 628527K->612143K(896640K), 0.0032006 secs] [Times: user=0.01 sys=0.00, real=0.01 secs] 
2020-10-29T15:50:37.007+0000: [GC (Allocation Failure) 2020-10-29T15:50:37.007+0000: [ParNew: 16388K->4K(18432K), 0.0031963 secs] 628527K->612143K(896640K), 0.0032559 secs] [Times: user=0.01 sys=0.00, real=0.00 secs] 
2020-10-29T15:50:37.159+0000: [GC (Allocation Failure) 2020-10-29T15:50:37.159+0000: [ParNew: 16388K->142K(18432K), 0.0032952 secs] 628527K->612282K(896640K), 0.0033544 secs] [Times: user=0.01 sys=0.00, real=0.00 secs] 
2020-10-29T15:50:37.276+0000: [GC (Allocation Failure) 2020-10-29T15:50:37.276+0000: [ParNew: 16526K->18K(18432K), 0.0032115 secs] 628666K->612157K(896640K), 0.0032703 secs] [Times: user=0.01 sys=0.00, real=0.00 secs] 
2020-10-29T15:50:37.354+0000: [GC (Allocation Failure) 2020-10-29T15:50:37.354+0000: [ParNew: 16402K->20K(18432K), 0.0032768 secs] 628541K->612159K(896640K), 0.0033479 secs] [Times: user=0.01 sys=0.00, real=0.00 secs] 
2020-10-29T15:50:37.413+0000: [GC (Allocation Failure) 2020-10-29T15:50:37.413+0000: [ParNew: 16404K->21K(18432K), 0.0075059 secs] 628543K->612160K(896640K), 0.0075768 secs] [Times: user=0.01 sys=0.00, real=0.00 secs] 
2020-10-29T15:50:37.465+0000: [GC (Allocation Failure) 2020-10-29T15:50:37.465+0000: [ParNew: 16405K->21K(18432K), 0.0033081 secs] 628544K->612160K(896640K), 0.0033698 secs] [Times: user=0.01 sys=0.00, real=0.00 secs] 
2020-10-29T15:50:37.513+0000: [GC (Allocation Failure) 2020-10-29T15:50:37.513+0000: [ParNew: 16405K->21K(18432K), 0.0064722 secs] 628544K->612161K(896640K), 0.0065307 secs] [Times: user=0.01 sys=0.00, real=0.00 secs] 
2020-10-29T15:50:37.569+0000: [GC (Allocation Failure) 2020-10-29T15:50:37.569+0000: [ParNew: 16405K->13K(18432K), 0.0032588 secs] 628545K->612166K(896640K), 0.0033175 secs] [Times: user=0.00 sys=0.00, real=0.01 secs] 
2020-10-29T15:50:37.635+0000: [GC (Allocation Failure) 2020-10-29T15:50:37.635+0000: [ParNew: 16397K->4K(18432K), 0.0031202 secs] 628550K->612157K(896640K), 0.0031772 secs] [Times: user=0.01 sys=0.00, real=0.00 secs] 
2020-10-29T15:50:37.686+0000: [GC (Allocation Failure) 2020-10-29T15:50:37.686+0000: [ParNew: 16388K->4K(18432K), 0.0031622 secs] 628541K->612157K(896640K), 0.0032219 secs] [Times: user=0.01 sys=0.00, real=0.00 secs] 
2020-10-29T15:50:37.741+0000: [GC (Allocation Failure) 2020-10-29T15:50:37.741+0000: [ParNew: 16388K->4K(18432K), 0.0030877 secs] 628541K->612157K(896640K), 0.0031421 secs] [Times: user=0.01 sys=0.00, real=0.00 secs] 
2020-10-29T15:50:37.771+0000: [GC (Allocation Failure) 2020-10-29T15:50:37.771+0000: [ParNew: 16388K->4K(18432K), 0.0031020 secs] 628541K->612157K(896640K), 0.0031591 secs] [Times: user=0.01 sys=0.00, real=0.01 secs] 
2020-10-29T15:50:37.796+0000: [GC (Allocation Failure) 2020-10-29T15:50:37.796+0000: [ParNew: 16388K->4K(18432K), 0.0031440 secs] 628541K->612157K(896640K), 0.0032014 secs] [Times: user=0.01 sys=0.00, real=0.00 secs] 
2020-10-29T15:50:37.824+0000: [GC (Allocation Failure) 2020-10-29T15:50:37.824+0000: [ParNew: 16388K->4K(18432K), 0.0031449 secs] 628541K->612157K(896640K), 0.0032040 secs] [Times: user=0.00 sys=0.00, real=0.01 secs] 
2020-10-29T15:50:37.850+0000: [GC (Allocation Failure) 2020-10-29T15:50:37.850+0000: [ParNew: 16388K->4K(18432K), 0.0031408 secs] 628541K->612157K(896640K), 0.0032002 secs] [Times: user=0.00 sys=0.00, real=0.01 secs] 
2020-10-29T15:50:37.879+0000: [GC (Allocation Failure) 2020-10-29T15:50:37.879+0000: [ParNew: 16388K->4K(18432K), 0.0031788 secs] 628541K->612157K(896640K), 0.0032575 secs] [Times: user=0.00 sys=0.00, real=0.00 secs] 
2020-10-29T15:50:37.908+0000: [GC (Allocation Failure) 2020-10-29T15:50:37.908+0000: [ParNew: 16388K->4K(18432K), 0.0031468 secs] 628541K->612157K(896640K), 0.0032054 secs] [Times: user=0.01 sys=0.00, real=0.00 secs] 
2020-10-29T15:50:37.932+0000: [GC (Allocation Failure) 2020-10-29T15:50:37.933+0000: [ParNew: 16388K->4K(18432K), 0.0032086 secs] 628541K->612157K(896640K), 0.0032690 secs] [Times: user=0.00 sys=0.00, real=0.00 secs] 
2020-10-29T15:50:37.950+0000: [GC (Allocation Failure) 2020-10-29T15:50:37.950+0000: [ParNew: 16388K->4K(18432K), 0.0031348 secs] 628541K->612157K(896640K), 0.0031914 secs] [Times: user=0.01 sys=0.00, real=0.01 secs] 
2020-10-29T15:50:37.968+0000: [GC (Allocation Failure) 2020-10-29T15:50:37.969+0000: [ParNew: 16388K->4K(18432K), 0.0031764 secs] 628541K->612157K(896640K), 0.0032346 secs] [Times: user=0.01 sys=0.00, real=0.00 secs] 
2020-10-29T15:50:37.988+0000: [GC (Allocation Failure) 2020-10-29T15:50:37.989+0000: [ParNew: 16388K->4K(18432K), 0.0031056 secs] 628541K->612157K(896640K), 0.0031641 secs] [Times: user=0.01 sys=0.00, real=0.00 secs] 
2020-10-29T15:50:38.008+0000: [GC (Allocation Failure) 2020-10-29T15:50:38.009+0000: [ParNew: 16388K->4K(18432K), 0.0030825 secs] 628541K->612157K(896640K), 0.0031415 secs] [Times: user=0.00 sys=0.00, real=0.00 secs] 
2020-10-29T15:50:38.028+0000: [GC (Allocation Failure) 2020-10-29T15:50:38.029+0000: [ParNew: 16388K->2K(18432K), 0.0030841 secs] 628541K->612155K(896640K), 0.0031408 secs] [Times: user=0.00 sys=0.00, real=0.00 secs] 
2020-10-29T15:50:38.046+0000: [GC (Allocation Failure) 2020-10-29T15:50:38.046+0000: [ParNew: 16386K->4K(18432K), 0.0031434 secs] 628539K->612157K(896640K), 0.0031993 secs] [Times: user=0.01 sys=0.00, real=0.00 secs] 
2020-10-29T15:50:38.064+0000: [GC (Allocation Failure) 2020-10-29T15:50:38.064+0000: [ParNew: 16388K->4K(18432K), 0.0031177 secs] 628541K->612157K(896640K), 0.0031726 secs] [Times: user=0.01 sys=0.00, real=0.01 secs] 
2020-10-29T15:50:38.082+0000: [GC (Allocation Failure) 2020-10-29T15:50:38.082+0000: [ParNew: 16388K->4K(18432K), 0.0031254 secs] 628541K->612157K(896640K), 0.0031788 secs] [Times: user=0.01 sys=0.00, real=0.01 secs] 
2020-10-29T15:50:38.100+0000: [GC (Allocation Failure) 2020-10-29T15:50:38.101+0000: [ParNew: 16388K->4K(18432K), 0.0030812 secs] 628541K->612157K(896640K), 0.0031352 secs] [Times: user=0.00 sys=0.00, real=0.00 secs] 
2020-10-29T15:50:38.120+0000: [GC (Allocation Failure) 2020-10-29T15:50:38.121+0000: [ParNew: 16388K->4K(18432K), 0.0030954 secs] 628541K->612157K(896640K), 0.0031522 secs] [Times: user=0.01 sys=0.00, real=0.00 secs] 
2020-10-29T15:50:38.140+0000: [GC (Allocation Failure) 2020-10-29T15:50:38.141+0000: [ParNew: 16388K->4K(18432K), 0.0030739 secs] 628541K->612157K(896640K), 0.0031278 secs] [Times: user=0.01 sys=0.00, real=0.00 secs] 
2020-10-29T15:50:38.158+0000: [GC (Allocation Failure) 2020-10-29T15:50:38.158+0000: [ParNew: 16388K->4K(18432K), 0.0031049 secs] 628541K->612157K(896640K), 0.0031605 secs] [Times: user=0.01 sys=0.00, real=0.00 secs] 
2020-10-29T15:50:38.176+0000: [GC (Allocation Failure) 2020-10-29T15:50:38.176+0000: [ParNew: 16388K->4K(18432K), 0.0031124 secs] 628541K->612157K(896640K), 0.0031685 secs] [Times: user=0.01 sys=0.00, real=0.00 secs] 
2020-10-29T15:50:38.193+0000: [GC (Allocation Failure) 2020-10-29T15:50:38.193+0000: [ParNew: 16388K->4K(18432K), 0.0030971 secs] 628541K->612157K(896640K), 0.0031503 secs] [Times: user=0.01 sys=0.00, real=0.00 secs] 
2020-10-29T15:50:38.211+0000: [GC (Allocation Failure) 2020-10-29T15:50:38.211+0000: [ParNew: 16388K->2K(18432K), 0.0036906 secs] 628541K->612155K(896640K), 0.0037471 secs] [Times: user=0.01 sys=0.00, real=0.01 secs] 
2020-10-29T15:50:38.229+0000: [GC (Allocation Failure) 2020-10-29T15:50:38.229+0000: [ParNew: 16386K->4K(18432K), 0.0030845 secs] 628539K->612157K(896640K), 0.0031386 secs] [Times: user=0.01 sys=0.00, real=0.01 secs] 
2020-10-29T15:50:38.247+0000: [GC (Allocation Failure) 2020-10-29T15:50:38.247+0000: [ParNew: 16388K->4K(18432K), 0.0031378 secs] 628541K->612157K(896640K), 0.0031938 secs] [Times: user=0.01 sys=0.00, real=0.00 secs] 
2020-10-29T15:50:38.269+0000: [GC (Allocation Failure) 2020-10-29T15:50:38.269+0000: [ParNew: 16388K->2K(18432K), 0.0031241 secs] 628541K->612155K(896640K), 0.0031840 secs] [Times: user=0.00 sys=0.00, real=0.00 secs] 
2020-10-29T15:50:38.286+0000: [GC (Allocation Failure) 2020-10-29T15:50:38.287+0000: [ParNew: 16386K->4K(18432K), 0.0031203 secs] 628539K->612157K(896640K), 0.0031779 secs] [Times: user=0.01 sys=0.00, real=0.00 secs] 
2020-10-29T15:50:38.308+0000: [GC (Allocation Failure) 2020-10-29T15:50:38.308+0000: [ParNew: 16388K->4K(18432K), 0.0030919 secs] 628541K->612157K(896640K), 0.0031465 secs] [Times: user=0.01 sys=0.00, real=0.00 secs] 
2020-10-29T15:50:38.326+0000: [GC (Allocation Failure) 2020-10-29T15:50:38.326+0000: [ParNew: 16388K->2K(18432K), 0.0031445 secs] 628541K->612155K(896640K), 0.0032013 secs] [Times: user=0.00 sys=0.00, real=0.00 secs] 
2020-10-29T15:50:38.344+0000: [GC (Allocation Failure) 2020-10-29T15:50:38.344+0000: [ParNew: 16386K->4K(18432K), 0.0031447 secs] 628539K->612157K(896640K), 0.0032013 secs] [Times: user=0.00 sys=0.00, real=0.01 secs] 
2020-10-29T15:50:38.364+0000: [GC (Allocation Failure) 2020-10-29T15:50:38.365+0000: [ParNew: 16388K->4K(18432K), 0.0030900 secs] 628541K->612157K(896640K), 0.0031451 secs] [Times: user=0.00 sys=0.00, real=0.00 secs] 
2020-10-29T15:50:38.382+0000: [GC (Allocation Failure) 2020-10-29T15:50:38.382+0000: [ParNew: 16388K->4K(18432K), 0.0031452 secs] 628541K->612157K(896640K), 0.0032019 secs] [Times: user=0.01 sys=0.00, real=0.01 secs] 
2020-10-29T15:50:38.405+0000: [GC (Allocation Failure) 2020-10-29T15:50:38.405+0000: [ParNew: 16388K->4K(18432K), 0.0031525 secs] 628541K->612157K(896640K), 0.0032104 secs] [Times: user=0.00 sys=0.00, real=0.00 secs] 
2020-10-29T15:50:38.423+0000: [GC (Allocation Failure) 2020-10-29T15:50:38.424+0000: [ParNew: 16388K->4K(18432K), 0.0031262 secs] 628541K->612157K(896640K), 0.0031821 secs] [Times: user=0.01 sys=0.00, real=0.01 secs] 
2020-10-29T15:50:38.444+0000: [GC (Allocation Failure) 2020-10-29T15:50:38.445+0000: [ParNew: 16388K->4K(18432K), 0.0030829 secs] 628541K->612157K(896640K), 0.0031370 secs] [Times: user=0.01 sys=0.00, real=0.00 secs] 
2020-10-29T15:50:38.464+0000: [GC (Allocation Failure) 2020-10-29T15:50:38.465+0000: [ParNew: 16388K->4K(18432K), 0.0030775 secs] 628541K->612157K(896640K), 0.0031333 secs] [Times: user=0.00 sys=0.00, real=0.00 secs] 
2020-10-29T15:50:38.484+0000: [GC (Allocation Failure) 2020-10-29T15:50:38.485+0000: [ParNew: 16388K->4K(18432K), 0.0031487 secs] 628541K->612157K(896640K), 0.0032038 secs] [Times: user=0.01 sys=0.00, real=0.00 secs] 
2020-10-29T15:50:38.504+0000: [GC (Allocation Failure) 2020-10-29T15:50:38.505+0000: [ParNew: 16388K->4K(18432K), 0.0030845 secs] 628541K->612157K(896640K), 0.0031400 secs] [Times: user=0.00 sys=0.00, real=0.00 secs] 
2020-10-29T15:50:38.522+0000: [GC (Allocation Failure) 2020-10-29T15:50:38.522+0000: [ParNew: 16388K->4K(18432K), 0.0039839 secs] 628541K->612157K(896640K), 0.0040410 secs] [Times: user=0.01 sys=0.00, real=0.01 secs] 
2020-10-29T15:50:38.541+0000: [GC (Allocation Failure) 2020-10-29T15:50:38.541+0000: [ParNew: 16388K->4K(18432K), 0.0030997 secs] 628541K->612157K(896640K), 0.0031551 secs] [Times: user=0.00 sys=0.00, real=0.00 secs] 
2020-10-29T15:50:38.559+0000: [GC (Allocation Failure) 2020-10-29T15:50:38.559+0000: [ParNew: 16388K->4K(18432K), 0.0031430 secs] 628541K->612157K(896640K), 0.0032000 secs] [Times: user=0.01 sys=0.00, real=0.00 secs] 
2020-10-29T15:50:38.580+0000: [GC (Allocation Failure) 2020-10-29T15:50:38.580+0000: [ParNew: 16388K->4K(18432K), 0.0031655 secs] 628541K->612157K(896640K), 0.0032218 secs] [Times: user=0.01 sys=0.00, real=0.00 secs] 
2020-10-29T15:50:38.598+0000: [GC (Allocation Failure) 2020-10-29T15:50:38.598+0000: [ParNew: 16388K->2K(18432K), 0.0031405 secs] 628541K->612155K(896640K), 0.0031957 secs] [Times: user=0.00 sys=0.00, real=0.00 secs] 
2020-10-29T15:50:38.616+0000: [GC (Allocation Failure) 2020-10-29T15:50:38.616+0000: [ParNew: 16386K->4K(18432K), 0.0031451 secs] 628539K->612157K(896640K), 0.0032016 secs] [Times: user=0.01 sys=0.00, real=0.00 secs] 
2020-10-29T15:50:38.636+0000: [GC (Allocation Failure) 2020-10-29T15:50:38.637+0000: [ParNew: 16388K->4K(18432K), 0.0031886 secs] 628541K->612157K(896640K), 0.0032437 secs] [Times: user=0.00 sys=0.00, real=0.00 secs] 
2020-10-29T15:50:38.654+0000: [GC (Allocation Failure) 2020-10-29T15:50:38.654+0000: [ParNew: 16388K->4K(18432K), 0.0030757 secs] 628541K->612157K(896640K), 0.0031276 secs] [Times: user=0.01 sys=0.00, real=0.00 secs] 
2020-10-29T15:50:38.672+0000: [GC (Allocation Failure) 2020-10-29T15:50:38.672+0000: [ParNew: 16388K->4K(18432K), 0.0031356 secs] 628541K->612157K(896640K), 0.0031908 secs] [Times: user=0.00 sys=0.00, real=0.01 secs] 
2020-10-29T15:50:38.690+0000: [GC (Allocation Failure) 2020-10-29T15:50:38.690+0000: [ParNew: 16388K->4K(18432K), 0.0031117 secs] 628541K->612157K(896640K), 0.0031932 secs] [Times: user=0.01 sys=0.00, real=0.01 secs] 
2020-10-29T15:50:38.707+0000: [GC (Allocation Failure) 2020-10-29T15:50:38.707+0000: [ParNew: 16388K->4K(18432K), 0.0031186 secs] 628541K->612157K(896640K), 0.0031741 secs] [Times: user=0.00 sys=0.00, real=0.00 secs] 
2020-10-29T15:50:38.728+0000: [GC (Allocation Failure) 2020-10-29T15:50:38.729+0000: [ParNew: 16388K->4K(18432K), 0.0031535 secs] 628541K->612157K(896640K), 0.0032218 secs] [Times: user=0.00 sys=0.00, real=0.00 secs] 
2020-10-29T15:50:38.749+0000: [GC (Allocation Failure) 2020-10-29T15:50:38.749+0000: [ParNew: 16388K->4K(18432K), 0.0031983 secs] 628541K->612157K(896640K), 0.0032561 secs] [Times: user=0.01 sys=0.00, real=0.00 secs] 
2020-10-29T15:50:38.801+0000: [GC (Allocation Failure) 2020-10-29T15:50:38.801+0000: [ParNew: 16388K->4K(18432K), 0.0049258 secs] 628541K->612157K(896640K), 0.0049853 secs] [Times: user=0.00 sys=0.00, real=0.01 secs] 
2020-10-29T15:50:38.827+0000: [GC (Allocation Failure) 2020-10-29T15:50:38.827+0000: [ParNew: 16388K->4K(18432K), 0.0031401 secs] 628541K->612157K(896640K), 0.0031972 secs] [Times: user=0.01 sys=0.00, real=0.00 secs] 
2020-10-29T15:50:38.847+0000: [GC (Allocation Failure) 2020-10-29T15:50:38.847+0000: [ParNew: 16388K->4K(18432K), 0.0031427 secs] 628541K->612157K(896640K), 0.0031998 secs] [Times: user=0.01 sys=0.00, real=0.00 secs] 
2020-10-29T15:50:40.405+0000: [GC (Allocation Failure) 2020-10-29T15:50:40.405+0000: [ParNew: 16388K->1202K(18432K), 0.0045989 secs] 628541K->613356K(896640K), 0.0046717 secs] [Times: user=0.01 sys=0.00, real=0.00 secs] 
2020-10-29T15:50:40.814+0000: [GC (Allocation Failure) 2020-10-29T15:50:40.814+0000: [ParNew: 17586K->550K(18432K), 0.0059714 secs] 629740K->613793K(896640K), 0.0060457 secs] [Times: user=0.01 sys=0.00, real=0.00 secs] 
2020-10-29T15:50:40.851+0000: [GC (Allocation Failure) 2020-10-29T15:50:40.851+0000: [ParNew: 16934K->839K(18432K), 0.0033445 secs] 630177K->614081K(896640K), 0.0034145 secs] [Times: user=0.00 sys=0.00, real=0.01 secs] 
2020-10-29T15:50:40.877+0000: [GC (Allocation Failure) 2020-10-29T15:50:40.877+0000: [ParNew: 17223K->1073K(18432K), 0.0034356 secs] 630465K->614316K(896640K), 0.0034919 secs] [Times: user=0.00 sys=0.00, real=0.00 secs] 
2020-10-29T15:50:40.914+0000: [GC (Allocation Failure) 2020-10-29T15:50:40.914+0000: [ParNew: 17457K->1369K(18432K), 0.0034016 secs] 630700K->614611K(896640K), 0.0034601 secs] [Times: user=0.01 sys=0.00, real=0.00 secs] 
2020-10-29T15:50:40.947+0000: [GC (Allocation Failure) 2020-10-29T15:50:40.947+0000: [ParNew: 17753K->1174K(18432K), 0.0035092 secs] 630995K->614416K(896640K), 0.0035680 secs] [Times: user=0.00 sys=0.00, real=0.00 secs] 
2020-10-29T15:50:40.981+0000: [GC (Allocation Failure) 2020-10-29T15:50:40.981+0000: [ParNew: 17558K->1287K(18432K), 0.0070360 secs] 630800K->614529K(896640K), 0.0070963 secs] [Times: user=0.02 sys=0.00, real=0.01 secs] 
2020-10-29T15:50:41.020+0000: [GC (Allocation Failure) 2020-10-29T15:50:41.020+0000: [ParNew: 17671K->1077K(18432K), 0.0052261 secs] 630913K->614812K(896640K), 0.0052859 secs] [Times: user=0.01 sys=0.00, real=0.01 secs] 
2020-10-29T15:50:41.056+0000: [GC (Allocation Failure) 2020-10-29T15:50:41.056+0000: [ParNew: 17461K->1101K(18432K), 0.0033329 secs] 631196K->614837K(896640K), 0.0033909 secs] [Times: user=0.00 sys=0.00, real=0.00 secs] 
2020-10-29T15:50:41.076+0000: [GC (Allocation Failure) 2020-10-29T15:50:41.077+0000: [ParNew: 17485K->531K(18432K), 0.0035245 secs] 631221K->614779K(896640K), 0.0035803 secs] [Times: user=0.00 sys=0.00, real=0.00 secs] 
2020-10-29T15:50:41.102+0000: [GC (Allocation Failure) 2020-10-29T15:50:41.102+0000: [ParNew: 16915K->517K(18432K), 0.0032233 secs] 631163K->614765K(896640K), 0.0032798 secs] [Times: user=0.01 sys=0.00, real=0.01 secs] 
2020-10-29T15:50:41.129+0000: [GC (Allocation Failure) 2020-10-29T15:50:41.129+0000: [ParNew: 16901K->516K(18432K), 0.0032693 secs] 631149K->614763K(896640K), 0.0033278 secs] [Times: user=0.00 sys=0.00, real=0.00 secs] 
2020-10-29T15:50:41.154+0000: [GC (Allocation Failure) 2020-10-29T15:50:41.154+0000: [ParNew: 16900K->516K(18432K), 0.0032711 secs] 631147K->614763K(896640K), 0.0033282 secs] [Times: user=0.00 sys=0.00, real=0.00 secs] 
2020-10-29T15:50:41.185+0000: [GC (Allocation Failure) 2020-10-29T15:50:41.185+0000: [ParNew: 16900K->516K(18432K), 0.0059602 secs] 631147K->614764K(896640K), 0.0060308 secs] [Times: user=0.01 sys=0.00, real=0.00 secs] 
2020-10-29T15:50:41.216+0000: [GC (Allocation Failure) 2020-10-29T15:50:41.217+0000: [ParNew: 16900K->4K(18432K), 0.0034494 secs] 631148K->614764K(896640K), 0.0035047 secs] [Times: user=0.00 sys=0.00, real=0.00 secs] 
2020-10-29T15:50:41.224+0000: [GC (CMS Initial Mark) [1 CMS-initial-mark: 614760K(878208K)] 614894K(896640K), 0.0012728 secs] [Times: user=0.00 sys=0.00, real=0.01 secs] 
2020-10-29T15:50:41.225+0000: [CMS-concurrent-mark-start]
2020-10-29T15:50:41.253+0000: [GC (Allocation Failure) 2020-10-29T15:50:41.253+0000: [ParNew: 16388K->2K(18432K), 0.0067885 secs] 631148K->614762K(896640K), 0.0068667 secs] [Times: user=0.02 sys=0.00, real=0.00 secs] 
2020-10-29T15:50:41.280+0000: [GC (Allocation Failure) 2020-10-29T15:50:41.280+0000: [ParNew: 16386K->4K(18432K), 0.0067411 secs] 631146K->614764K(896640K), 0.0068119 secs] [Times: user=0.01 sys=0.00, real=0.01 secs] 
2020-10-29T15:50:41.309+0000: [GC (Allocation Failure) 2020-10-29T15:50:41.309+0000: [ParNew: 16388K->4K(18432K), 0.0031383 secs] 631148K->614764K(896640K), 0.0032146 secs] [Times: user=0.01 sys=0.00, real=0.00 secs] 
2020-10-29T15:50:41.348+0000: [GC (Allocation Failure) 2020-10-29T15:50:41.348+0000: [ParNew: 16388K->4K(18432K), 0.0031684 secs] 631148K->614764K(896640K), 0.0032252 secs] [Times: user=0.01 sys=0.00, real=0.00 secs] 
2020-10-29T15:50:41.356+0000: [CMS-concurrent-mark: 0.105/0.131 secs] [Times: user=0.25 sys=0.01, real=0.13 secs] 
2020-10-29T15:50:41.357+0000: [CMS-concurrent-preclean-start]
2020-10-29T15:50:41.359+0000: [CMS-concurrent-preclean: 0.003/0.003 secs] [Times: user=0.00 sys=0.00, real=0.00 secs] 
2020-10-29T15:50:41.359+0000: [CMS-concurrent-abortable-preclean-start]
2020-10-29T15:50:41.380+0000: [GC (Allocation Failure) 2020-10-29T15:50:41.380+0000: [ParNew: 16388K->4K(18432K), 0.0031994 secs] 631148K->614764K(896640K), 0.0032576 secs] [Times: user=0.01 sys=0.00, real=0.00 secs] 
2020-10-29T15:50:41.408+0000: [GC (Allocation Failure) 2020-10-29T15:50:41.409+0000: [ParNew: 16388K->4K(18432K), 0.0031846 secs] 631148K->614764K(896640K), 0.0032627 secs] [Times: user=0.01 sys=0.00, real=0.00 secs] 
2020-10-29T15:50:41.440+0000: [GC (Allocation Failure) 2020-10-29T15:50:41.440+0000: [ParNew: 16388K->4K(18432K), 0.0031506 secs] 631148K->614764K(896640K), 0.0032072 secs] [Times: user=0.01 sys=0.00, real=0.00 secs] 
2020-10-29T15:50:41.473+0000: [GC (Allocation Failure) 2020-10-29T15:50:41.474+0000: [ParNew: 16388K->4K(18432K), 0.0040357 secs] 631148K->614764K(896640K), 0.0040921 secs] [Times: user=0.01 sys=0.00, real=0.00 secs] 
2020-10-29T15:50:41.507+0000: [GC (Allocation Failure) 2020-10-29T15:50:41.507+0000: [ParNew: 16388K->4K(18432K), 0.0067464 secs] 631148K->614764K(896640K), 0.0068053 secs] [Times: user=0.02 sys=0.00, real=0.01 secs] 
2020-10-29T15:50:41.545+0000: [GC (Allocation Failure) 2020-10-29T15:50:41.545+0000: [ParNew: 16388K->4K(18432K), 0.0065889 secs] 631148K->614764K(896640K), 0.0066650 secs] [Times: user=0.01 sys=0.00, real=0.00 secs] 
2020-10-29T15:50:41.580+0000: [GC (Allocation Failure) 2020-10-29T15:50:41.581+0000: [ParNew: 16388K->4K(18432K), 0.0069096 secs] 631148K->614764K(896640K), 0.0069923 secs] [Times: user=0.01 sys=0.00, real=0.01 secs] 
2020-10-29T15:50:41.627+0000: [GC (Allocation Failure) 2020-10-29T15:50:41.627+0000: [ParNew: 16388K->4K(18432K), 0.0086370 secs] 631148K->614764K(896640K), 0.0087177 secs] [Times: user=0.02 sys=0.00, real=0.01 secs] 
2020-10-29T15:50:41.657+0000: [GC (Allocation Failure) 2020-10-29T15:50:41.657+0000: [ParNew: 16388K->2K(18432K), 0.0066051 secs] 631148K->614762K(896640K), 0.0066792 secs] [Times: user=0.01 sys=0.00, real=0.00 secs] 
2020-10-29T15:50:41.693+0000: [GC (Allocation Failure) 2020-10-29T15:50:41.693+0000: [ParNew: 16386K->2K(18432K), 0.0065697 secs] 631146K->614762K(896640K), 0.0066481 secs] [Times: user=0.01 sys=0.00, real=0.00 secs] 
2020-10-29T15:50:41.729+0000: [GC (Allocation Failure) 2020-10-29T15:50:41.729+0000: [ParNew: 16386K->2K(18432K), 0.0064342 secs] 631146K->614762K(896640K), 0.0065089 secs] [Times: user=0.01 sys=0.00, real=0.01 secs] 
2020-10-29T15:50:41.766+0000: [GC (Allocation Failure) 2020-10-29T15:50:41.767+0000: [ParNew: 16386K->4K(18432K), 0.0031369 secs] 631146K->614764K(896640K), 0.0031931 secs] [Times: user=0.01 sys=0.00, real=0.00 secs] 
2020-10-29T15:50:41.800+0000: [GC (Allocation Failure) 2020-10-29T15:50:41.800+0000: [ParNew: 16388K->4K(18432K), 0.0031287 secs] 631148K->614764K(896640K), 0.0031855 secs] [Times: user=0.00 sys=0.00, real=0.00 secs] 
2020-10-29T15:50:41.836+0000: [GC (Allocation Failure) 2020-10-29T15:50:41.836+0000: [ParNew: 16388K->4K(18432K), 0.0066348 secs] 631148K->614764K(896640K), 0.0066921 secs] [Times: user=0.01 sys=0.00, real=0.00 secs] 
2020-10-29T15:50:41.865+0000: [GC (Allocation Failure) 2020-10-29T15:50:41.865+0000: [ParNew: 16388K->4K(18432K), 0.0031291 secs] 631148K->614764K(896640K), 0.0031856 secs] [Times: user=0.01 sys=0.00, real=0.00 secs] 
2020-10-29T15:50:41.900+0000: [GC (Allocation Failure) 2020-10-29T15:50:41.900+0000: [ParNew: 16388K->4K(18432K), 0.0031672 secs] 631148K->614764K(896640K), 0.0032251 secs] [Times: user=0.00 sys=0.00, real=0.00 secs] 
2020-10-29T15:50:41.936+0000: [GC (Allocation Failure) 2020-10-29T15:50:41.936+0000: [ParNew: 16388K->4K(18432K), 0.0034813 secs] 631148K->614764K(896640K), 0.0035388 secs] [Times: user=0.00 sys=0.00, real=0.00 secs] 
2020-10-29T15:50:41.959+0000: [GC (Allocation Failure) 2020-10-29T15:50:41.959+0000: [ParNew: 16388K->4K(18432K), 0.0031485 secs] 631148K->614764K(896640K), 0.0032268 secs] [Times: user=0.01 sys=0.00, real=0.00 secs] 
2020-10-29T15:50:41.995+0000: [GC (Allocation Failure) 2020-10-29T15:50:41.995+0000: [ParNew: 16388K->4K(18432K), 0.0031751 secs] 631148K->614764K(896640K), 0.0032384 secs] [Times: user=0.00 sys=0.00, real=0.00 secs] 
2020-10-29T15:50:42.026+0000: [GC (Allocation Failure) 2020-10-29T15:50:42.026+0000: [ParNew: 16388K->4K(18432K), 0.0031929 secs] 631148K->614764K(896640K), 0.0032699 secs] [Times: user=0.00 sys=0.00, real=0.00 secs] 
2020-10-29T15:50:42.065+0000: [GC (Allocation Failure) 2020-10-29T15:50:42.065+0000: [ParNew: 16388K->4K(18432K), 0.0071598 secs] 631148K->614764K(896640K), 0.0072459 secs] [Times: user=0.01 sys=0.00, real=0.00 secs] 
2020-10-29T15:50:42.088+0000: [GC (Allocation Failure) 2020-10-29T15:50:42.088+0000: [ParNew: 16388K->4K(18432K), 0.0067341 secs] 631148K->614764K(896640K), 0.0068118 secs] [Times: user=0.01 sys=0.01, real=0.01 secs] 
2020-10-29T15:50:42.121+0000: [GC (Allocation Failure) 2020-10-29T15:50:42.121+0000: [ParNew: 16388K->4K(18432K), 0.0066430 secs] 631148K->614764K(896640K), 0.0067179 secs] [Times: user=0.01 sys=0.00, real=0.01 secs] 
2020-10-29T15:50:42.154+0000: [GC (Allocation Failure) 2020-10-29T15:50:42.154+0000: [ParNew: 16388K->4K(18432K), 0.0068096 secs] 631148K->614764K(896640K), 0.0068892 secs] [Times: user=0.01 sys=0.00, real=0.00 secs] 
2020-10-29T15:50:42.187+0000: [GC (Allocation Failure) 2020-10-29T15:50:42.187+0000: [ParNew: 16388K->4K(18432K), 0.0090655 secs] 631148K->614764K(896640K), 0.0091432 secs] [Times: user=0.02 sys=0.00, real=0.01 secs] 
2020-10-29T15:50:42.222+0000: [GC (Allocation Failure) 2020-10-29T15:50:42.222+0000: [ParNew: 16388K->4K(18432K), 0.0065577 secs] 631148K->614764K(896640K), 0.0066344 secs] [Times: user=0.02 sys=0.00, real=0.01 secs] 
2020-10-29T15:50:42.256+0000: [GC (Allocation Failure) 2020-10-29T15:50:42.256+0000: [ParNew: 16388K->4K(18432K), 0.0065304 secs] 631148K->614764K(896640K), 0.0066084 secs] [Times: user=0.01 sys=0.00, real=0.00 secs] 
2020-10-29T15:50:42.285+0000: [GC (Allocation Failure) 2020-10-29T15:50:42.285+0000: [ParNew: 16388K->4K(18432K), 0.0066523 secs] 631148K->614764K(896640K), 0.0067321 secs] [Times: user=0.01 sys=0.00, real=0.00 secs] 
2020-10-29T15:50:42.312+0000: [GC (Allocation Failure) 2020-10-29T15:50:42.313+0000: [ParNew: 16388K->4K(18432K), 0.0057935 secs] 631148K->614764K(896640K), 0.0058634 secs] [Times: user=0.01 sys=0.00, real=0.00 secs] 
2020-10-29T15:50:42.339+0000: [GC (Allocation Failure) 2020-10-29T15:50:42.339+0000: [ParNew: 16388K->4K(18432K), 0.0031718 secs] 631148K->614764K(896640K), 0.0032361 secs] [Times: user=0.01 sys=0.00, real=0.00 secs] 
2020-10-29T15:50:42.364+0000: [GC (Allocation Failure) 2020-10-29T15:50:42.365+0000: [ParNew: 16388K->4K(18432K), 0.0031083 secs] 631148K->614764K(896640K), 0.0031645 secs] [Times: user=0.00 sys=0.00, real=0.00 secs] 
2020-10-29T15:50:42.383+0000: [GC (Allocation Failure) 2020-10-29T15:50:42.383+0000: [ParNew: 16388K->4K(18432K), 0.0030894 secs] 631148K->614764K(896640K), 0.0031431 secs] [Times: user=0.01 sys=0.00, real=0.01 secs] 
2020-10-29T15:50:42.402+0000: [GC (Allocation Failure) 2020-10-29T15:50:42.402+0000: [ParNew: 16388K->4K(18432K), 0.0029895 secs] 631148K->614764K(896640K), 0.0030415 secs] [Times: user=0.00 sys=0.00, real=0.01 secs] 
2020-10-29T15:50:42.420+0000: [GC (Allocation Failure) 2020-10-29T15:50:42.420+0000: [ParNew: 16388K->4K(18432K), 0.0030096 secs] 631148K->614764K(896640K), 0.0030625 secs] [Times: user=0.00 sys=0.00, real=0.00 secs] 
2020-10-29T15:50:42.439+0000: [GC (Allocation Failure) 2020-10-29T15:50:42.439+0000: [ParNew: 16388K->4K(18432K), 0.0029815 secs] 631148K->614764K(896640K), 0.0030348 secs] [Times: user=0.01 sys=0.00, real=0.00 secs] 
2020-10-29T15:50:42.457+0000: [GC (Allocation Failure) 2020-10-29T15:50:42.457+0000: [ParNew: 16388K->4K(18432K), 0.0030775 secs] 631148K->614764K(896640K), 0.0031312 secs] [Times: user=0.01 sys=0.00, real=0.00 secs] 
2020-10-29T15:50:42.476+0000: [GC (Allocation Failure) 2020-10-29T15:50:42.476+0000: [ParNew: 16388K->4K(18432K), 0.0030121 secs] 631148K->614764K(896640K), 0.0030653 secs] [Times: user=0.01 sys=0.00, real=0.00 secs] 
2020-10-29T15:50:42.495+0000: [GC (Allocation Failure) 2020-10-29T15:50:42.495+0000: [ParNew: 16388K->4K(18432K), 0.0030484 secs] 631148K->614764K(896640K), 0.0031076 secs] [Times: user=0.00 sys=0.00, real=0.00 secs] 
2020-10-29T15:50:42.516+0000: [GC (Allocation Failure) 2020-10-29T15:50:42.517+0000: [ParNew: 16388K->4K(18432K), 0.0030805 secs] 631148K->614764K(896640K), 0.0031357 secs] [Times: user=0.01 sys=0.00, real=0.00 secs] 
2020-10-29T15:50:42.536+0000: [GC (Allocation Failure) 2020-10-29T15:50:42.537+0000: [ParNew: 16388K->4K(18432K), 0.0030294 secs] 631148K->614764K(896640K), 0.0030838 secs] [Times: user=0.00 sys=0.00, real=0.00 secs] 
2020-10-29T15:50:42.556+0000: [GC (Allocation Failure) 2020-10-29T15:50:42.557+0000: [ParNew: 16388K->4K(18432K), 0.0031157 secs] 631148K->614764K(896640K), 0.0031779 secs] [Times: user=0.00 sys=0.00, real=0.00 secs] 
2020-10-29T15:50:42.575+0000: [GC (Allocation Failure) 2020-10-29T15:50:42.575+0000: [ParNew: 16388K->4K(18432K), 0.0032489 secs] 631148K->614764K(896640K), 0.0033050 secs] [Times: user=0.01 sys=0.00, real=0.00 secs] 
2020-10-29T15:50:42.593+0000: [GC (Allocation Failure) 2020-10-29T15:50:42.593+0000: [ParNew: 16388K->4K(18432K), 0.0030618 secs] 631148K->614764K(896640K), 0.0031242 secs] [Times: user=0.00 sys=0.00, real=0.00 secs] 
2020-10-29T15:50:42.612+0000: [GC (Allocation Failure) 2020-10-29T15:50:42.613+0000: [ParNew: 16388K->4K(18432K), 0.0029367 secs] 631148K->614764K(896640K), 0.0029890 secs] [Times: user=0.00 sys=0.00, real=0.00 secs] 
2020-10-29T15:50:42.632+0000: [GC (Allocation Failure) 2020-10-29T15:50:42.633+0000: [ParNew: 16388K->4K(18432K), 0.0029349 secs] 631148K->614764K(896640K), 0.0029842 secs] [Times: user=0.01 sys=0.00, real=0.00 secs] 
2020-10-29T15:50:42.652+0000: [GC (Allocation Failure) 2020-10-29T15:50:42.652+0000: [ParNew: 16388K->4K(18432K), 0.0028358 secs] 631148K->614764K(896640K), 0.0028855 secs] [Times: user=0.00 sys=0.00, real=0.00 secs] 
2020-10-29T15:50:42.677+0000: [GC (Allocation Failure) 2020-10-29T15:50:42.677+0000: [ParNew: 16388K->4K(18432K), 0.0030328 secs] 631148K->614764K(896640K), 0.0030872 secs] [Times: user=0.00 sys=0.00, real=0.00 secs] 
2020-10-29T15:50:42.696+0000: [GC (Allocation Failure) 2020-10-29T15:50:42.697+0000: [ParNew: 16388K->4K(18432K), 0.0031004 secs] 631148K->614764K(896640K), 0.0031558 secs] [Times: user=0.01 sys=0.00, real=0.00 secs] 
2020-10-29T15:50:42.716+0000: [GC (Allocation Failure) 2020-10-29T15:50:42.717+0000: [ParNew: 16388K->4K(18432K), 0.0030462 secs] 631148K->614764K(896640K), 0.0031009 secs] [Times: user=0.00 sys=0.00, real=0.00 secs] 
2020-10-29T15:50:42.735+0000: [GC (Allocation Failure) 2020-10-29T15:50:42.735+0000: [ParNew: 16388K->4K(18432K), 0.0030420 secs] 631148K->614764K(896640K), 0.0030924 secs] [Times: user=0.01 sys=0.00, real=0.00 secs] 
2020-10-29T15:50:42.754+0000: [GC (Allocation Failure) 2020-10-29T15:50:42.754+0000: [ParNew: 16388K->4K(18432K), 0.0031855 secs] 631148K->614764K(896640K), 0.0032420 secs] [Times: user=0.00 sys=0.00, real=0.00 secs] 
2020-10-29T15:50:42.780+0000: [GC (Allocation Failure) 2020-10-29T15:50:42.781+0000: [ParNew: 16388K->4K(18432K), 0.0031457 secs] 631148K->614764K(896640K), 0.0032006 secs] [Times: user=0.00 sys=0.00, real=0.00 secs] 
2020-10-29T15:50:42.799+0000: [GC (Allocation Failure) 2020-10-29T15:50:42.799+0000: [ParNew: 16388K->4K(18432K), 0.0031363 secs] 631148K->614764K(896640K), 0.0031912 secs] [Times: user=0.01 sys=0.00, real=0.00 secs] 
2020-10-29T15:50:42.818+0000: [GC (Allocation Failure) 2020-10-29T15:50:42.818+0000: [ParNew: 16388K->4K(18432K), 0.0030851 secs] 631148K->614764K(896640K), 0.0031401 secs] [Times: user=0.01 sys=0.00, real=0.00 secs] 
2020-10-29T15:50:42.836+0000: [GC (Allocation Failure) 2020-10-29T15:50:42.836+0000: [ParNew: 16388K->4K(18432K), 0.0030117 secs] 631148K->614764K(896640K), 0.0030641 secs] [Times: user=0.00 sys=0.00, real=0.00 secs] 
2020-10-29T15:50:42.854+0000: [GC (Allocation Failure) 2020-10-29T15:50:42.854+0000: [ParNew: 16388K->4K(18432K), 0.0031904 secs] 631148K->614765K(896640K), 0.0032457 secs] [Times: user=0.00 sys=0.00, real=0.00 secs] 
2020-10-29T15:50:42.876+0000: [GC (Allocation Failure) 2020-10-29T15:50:42.877+0000: [ParNew: 16388K->4K(18432K), 0.0030593 secs] 631149K->614765K(896640K), 0.0031223 secs] [Times: user=0.00 sys=0.00, real=0.00 secs] 
2020-10-29T15:50:42.896+0000: [GC (Allocation Failure) 2020-10-29T15:50:42.897+0000: [ParNew: 16388K->4K(18432K), 0.0031907 secs] 631149K->614765K(896640K), 0.0032440 secs] [Times: user=0.01 sys=0.00, real=0.00 secs] 
2020-10-29T15:50:42.916+0000: [GC (Allocation Failure) 2020-10-29T15:50:42.917+0000: [ParNew: 16388K->4K(18432K), 0.0031179 secs] 631149K->614765K(896640K), 0.0031736 secs] [Times: user=0.00 sys=0.00, real=0.00 secs] 
2020-10-29T15:50:42.936+0000: [GC (Allocation Failure) 2020-10-29T15:50:42.937+0000: [ParNew: 16388K->4K(18432K), 0.0031277 secs] 631149K->614765K(896640K), 0.0031818 secs] [Times: user=0.00 sys=0.00, real=0.00 secs] 
2020-10-29T15:50:42.955+0000: [GC (Allocation Failure) 2020-10-29T15:50:42.955+0000: [ParNew: 16388K->4K(18432K), 0.0030933 secs] 631149K->614765K(896640K), 0.0031479 secs] [Times: user=0.00 sys=0.00, real=0.00 secs] 
2020-10-29T15:50:42.973+0000: [GC (Allocation Failure) 2020-10-29T15:50:42.973+0000: [ParNew: 16388K->4K(18432K), 0.0030610 secs] 631149K->614765K(896640K), 0.0031260 secs] [Times: user=0.01 sys=0.00, real=0.00 secs] 
2020-10-29T15:50:42.992+0000: [GC (Allocation Failure) 2020-10-29T15:50:42.993+0000: [ParNew: 16388K->4K(18432K), 0.0031204 secs] 631149K->614765K(896640K), 0.0031762 secs] [Times: user=0.01 sys=0.00, real=0.00 secs] 
2020-10-29T15:50:43.012+0000: [GC (Allocation Failure) 2020-10-29T15:50:43.012+0000: [ParNew: 16388K->4K(18432K), 0.0032043 secs] 631149K->614765K(896640K), 0.0032611 secs] [Times: user=0.00 sys=0.00, real=0.01 secs] 
2020-10-29T15:50:43.030+0000: [GC (Allocation Failure) 2020-10-29T15:50:43.030+0000: [ParNew: 16388K->4K(18432K), 0.0031469 secs] 631149K->614765K(896640K), 0.0032021 secs] [Times: user=0.01 sys=0.00, real=0.01 secs] 
2020-10-29T15:50:43.052+0000: [GC (Allocation Failure) 2020-10-29T15:50:43.053+0000: [ParNew: 16388K->4K(18432K), 0.0030932 secs] 631149K->614765K(896640K), 0.0031486 secs] [Times: user=0.01 sys=0.00, real=0.00 secs] 
2020-10-29T15:50:43.072+0000: [GC (Allocation Failure) 2020-10-29T15:50:43.073+0000: [ParNew: 16388K->4K(18432K), 0.0031222 secs] 631149K->614765K(896640K), 0.0031775 secs] [Times: user=0.00 sys=0.00, real=0.00 secs] 
2020-10-29T15:50:43.091+0000: [GC (Allocation Failure) 2020-10-29T15:50:43.091+0000: [ParNew: 16388K->4K(18432K), 0.0031944 secs] 631149K->614765K(896640K), 0.0032493 secs] [Times: user=0.01 sys=0.00, real=0.01 secs] 
2020-10-29T15:50:43.112+0000: [GC (Allocation Failure) 2020-10-29T15:50:43.113+0000: [ParNew: 16388K->4K(18432K), 0.0031583 secs] 631149K->614765K(896640K), 0.0032128 secs] [Times: user=0.01 sys=0.00, real=0.00 secs] 
2020-10-29T15:50:43.131+0000: [GC (Allocation Failure) 2020-10-29T15:50:43.131+0000: [ParNew: 16388K->4K(18432K), 0.0031923 secs] 631149K->614765K(896640K), 0.0032467 secs] [Times: user=0.00 sys=0.00, real=0.01 secs] 
2020-10-29T15:50:43.150+0000: [GC (Allocation Failure) 2020-10-29T15:50:43.150+0000: [ParNew: 16388K->4K(18432K), 0.0030542 secs] 631149K->614765K(896640K), 0.0031122 secs] [Times: user=0.01 sys=0.00, real=0.01 secs] 
2020-10-29T15:50:43.168+0000: [GC (Allocation Failure) 2020-10-29T15:50:43.169+0000: [ParNew: 16388K->4K(18432K), 0.0031143 secs] 631149K->614765K(896640K), 0.0031694 secs] [Times: user=0.01 sys=0.00, real=0.00 secs] 
2020-10-29T15:50:43.187+0000: [GC (Allocation Failure) 2020-10-29T15:50:43.187+0000: [ParNew: 16388K->4K(18432K), 0.0032000 secs] 631149K->614765K(896640K), 0.0032544 secs] [Times: user=0.00 sys=0.00, real=0.00 secs] 
2020-10-29T15:50:43.208+0000: [GC (Allocation Failure) 2020-10-29T15:50:43.209+0000: [ParNew: 16388K->4K(18432K), 0.0032629 secs] 631149K->614765K(896640K), 0.0033184 secs] [Times: user=0.00 sys=0.00, real=0.00 secs] 
2020-10-29T15:50:43.227+0000: [GC (Allocation Failure) 2020-10-29T15:50:43.227+0000: [ParNew: 16388K->4K(18432K), 0.0032454 secs] 631149K->614765K(896640K), 0.0033022 secs] [Times: user=0.01 sys=0.00, real=0.00 secs] 
2020-10-29T15:50:43.246+0000: [GC (Allocation Failure) 2020-10-29T15:50:43.246+0000: [ParNew: 16388K->4K(18432K), 0.0031020 secs] 631149K->614765K(896640K), 0.0031558 secs] [Times: user=0.01 sys=0.00, real=0.00 secs] 
2020-10-29T15:50:43.265+0000: [GC (Allocation Failure) 2020-10-29T15:50:43.265+0000: [ParNew: 16388K->4K(18432K), 0.0032499 secs] 631149K->614765K(896640K), 0.0033086 secs] [Times: user=0.00 sys=0.01, real=0.00 secs] 
2020-10-29T15:50:43.288+0000: [GC (Allocation Failure) 2020-10-29T15:50:43.288+0000: [ParNew: 16388K->4K(18432K), 0.0031880 secs] 631149K->614765K(896640K), 0.0032452 secs] [Times: user=0.00 sys=0.00, real=0.00 secs] 
2020-10-29T15:50:43.308+0000: [GC (Allocation Failure) 2020-10-29T15:50:43.309+0000: [ParNew: 16388K->4K(18432K), 0.0032420 secs] 631149K->614765K(896640K), 0.0032972 secs] [Times: user=0.01 sys=0.00, real=0.00 secs] 
2020-10-29T15:50:43.327+0000: [GC (Allocation Failure) 2020-10-29T15:50:43.327+0000: [ParNew: 16388K->4K(18432K), 0.0032285 secs] 631149K->614765K(896640K), 0.0032855 secs] [Times: user=0.01 sys=0.00, real=0.00 secs] 
2020-10-29T15:50:43.346+0000: [GC (Allocation Failure) 2020-10-29T15:50:43.346+0000: [ParNew: 16388K->4K(18432K), 0.0031433 secs] 631149K->614765K(896640K), 0.0031991 secs] [Times: user=0.01 sys=0.00, real=0.00 secs] 
2020-10-29T15:50:43.364+0000: [GC (Allocation Failure) 2020-10-29T15:50:43.364+0000: [ParNew: 16388K->4K(18432K), 0.0030494 secs] 631149K->614765K(896640K), 0.0031393 secs] [Times: user=0.01 sys=0.00, real=0.01 secs] 
2020-10-29T15:50:43.383+0000: [GC (Allocation Failure) 2020-10-29T15:50:43.383+0000: [ParNew: 16388K->4K(18432K), 0.0032850 secs] 631149K->614765K(896640K), 0.0033470 secs] [Times: user=0.00 sys=0.00, real=0.01 secs] 
2020-10-29T15:50:43.403+0000: [GC (Allocation Failure) 2020-10-29T15:50:43.403+0000: [ParNew: 16388K->4K(18432K), 0.0032024 secs] 631149K->614765K(896640K), 0.0032608 secs] [Times: user=0.01 sys=0.00, real=0.01 secs] 
2020-10-29T15:50:43.422+0000: [GC (Allocation Failure) 2020-10-29T15:50:43.422+0000: [ParNew: 16388K->4K(18432K), 0.0032477 secs] 631149K->614765K(896640K), 0.0033066 secs] [Times: user=0.01 sys=0.00, real=0.01 secs] 
2020-10-29T15:50:43.441+0000: [GC (Allocation Failure) 2020-10-29T15:50:43.441+0000: [ParNew: 16388K->4K(18432K), 0.0031258 secs] 631149K->614765K(896640K), 0.0031900 secs] [Times: user=0.01 sys=0.00, real=0.00 secs] 
2020-10-29T15:50:43.460+0000: [GC (Allocation Failure) 2020-10-29T15:50:43.461+0000: [ParNew: 16388K->4K(18432K), 0.0031753 secs] 631149K->614765K(896640K), 0.0032492 secs] [Times: user=0.01 sys=0.00, real=0.00 secs] 
2020-10-29T15:50:43.479+0000: [GC (Allocation Failure) 2020-10-29T15:50:43.479+0000: [ParNew: 16388K->4K(18432K), 0.0031799 secs] 631149K->614765K(896640K), 0.0032370 secs] [Times: user=0.00 sys=0.00, real=0.00 secs] 
2020-10-29T15:50:43.498+0000: [GC (Allocation Failure) 2020-10-29T15:50:43.498+0000: [ParNew: 16388K->4K(18432K), 0.0032582 secs] 631149K->614765K(896640K), 0.0033220 secs] [Times: user=0.01 sys=0.00, real=0.00 secs] 
2020-10-29T15:50:43.517+0000: [GC (Allocation Failure) 2020-10-29T15:50:43.517+0000: [ParNew: 16388K->4K(18432K), 0.0032442 secs] 631149K->614765K(896640K), 0.0033005 secs] [Times: user=0.00 sys=0.00, real=0.00 secs] 
2020-10-29T15:50:43.536+0000: [GC (Allocation Failure) 2020-10-29T15:50:43.536+0000: [ParNew: 16388K->4K(18432K), 0.0031786 secs] 631149K->614765K(896640K), 0.0032363 secs] [Times: user=0.01 sys=0.00, real=0.00 secs] 
2020-10-29T15:50:43.555+0000: [GC (Allocation Failure) 2020-10-29T15:50:43.555+0000: [ParNew: 16388K->4K(18432K), 0.0031796 secs] 631149K->614765K(896640K), 0.0032355 secs] [Times: user=0.01 sys=0.00, real=0.00 secs] 
2020-10-29T15:50:43.574+0000: [GC (Allocation Failure) 2020-10-29T15:50:43.574+0000: [ParNew: 16388K->4K(18432K), 0.0030450 secs] 631149K->614765K(896640K), 0.0030983 secs] [Times: user=0.01 sys=0.00, real=0.00 secs] 
2020-10-29T15:50:43.594+0000: [GC (Allocation Failure) 2020-10-29T15:50:43.594+0000: [ParNew: 16388K->4K(18432K), 0.0032420 secs] 631149K->614765K(896640K), 0.0033035 secs] [Times: user=0.01 sys=0.00, real=0.00 secs] 
2020-10-29T15:50:43.617+0000: [GC (Allocation Failure) 2020-10-29T15:50:43.617+0000: [ParNew: 16388K->4K(18432K), 0.0031659 secs] 631149K->614765K(896640K), 0.0032230 secs] [Times: user=0.00 sys=0.00, real=0.00 secs] 
2020-10-29T15:50:43.635+0000: [GC (Allocation Failure) 2020-10-29T15:50:43.635+0000: [ParNew: 16388K->4K(18432K), 0.0031523 secs] 631149K->614765K(896640K), 0.0032072 secs] [Times: user=0.01 sys=0.00, real=0.00 secs] 
2020-10-29T15:50:43.656+0000: [GC (Allocation Failure) 2020-10-29T15:50:43.657+0000: [ParNew: 16388K->4K(18432K), 0.0031233 secs] 631149K->614765K(896640K), 0.0031786 secs] [Times: user=0.01 sys=0.00, real=0.00 secs] 
2020-10-29T15:50:43.676+0000: [GC (Allocation Failure) 2020-10-29T15:50:43.677+0000: [ParNew: 16388K->4K(18432K), 0.0030585 secs] 631149K->614765K(896640K), 0.0031121 secs] [Times: user=0.00 sys=0.00, real=0.00 secs] 
2020-10-29T15:50:43.695+0000: [GC (Allocation Failure) 2020-10-29T15:50:43.695+0000: [ParNew: 16388K->4K(18432K), 0.0031341 secs] 631149K->614765K(896640K), 0.0032052 secs] [Times: user=0.01 sys=0.00, real=0.00 secs] 
2020-10-29T15:50:43.713+0000: [GC (Allocation Failure) 2020-10-29T15:50:43.713+0000: [ParNew: 16388K->4K(18432K), 0.0031796 secs] 631149K->614765K(896640K), 0.0032324 secs] [Times: user=0.01 sys=0.00, real=0.00 secs] 
2020-10-29T15:50:43.732+0000: [GC (Allocation Failure) 2020-10-29T15:50:43.732+0000: [ParNew: 16388K->4K(18432K), 0.0030976 secs] 631149K->614765K(896640K), 0.0031513 secs] [Times: user=0.00 sys=0.00, real=0.01 secs] 
2020-10-29T15:50:43.751+0000: [GC (Allocation Failure) 2020-10-29T15:50:43.751+0000: [ParNew: 16388K->4K(18432K), 0.0031187 secs] 631149K->614765K(896640K), 0.0031733 secs] [Times: user=0.00 sys=0.00, real=0.01 secs] 
2020-10-29T15:50:43.773+0000: [GC (Allocation Failure) 2020-10-29T15:50:43.773+0000: [ParNew: 16388K->4K(18432K), 0.0031257 secs] 631149K->614765K(896640K), 0.0031827 secs] [Times: user=0.01 sys=0.00, real=0.00 secs] 
2020-10-29T15:50:43.794+0000: [GC (Allocation Failure) 2020-10-29T15:50:43.794+0000: [ParNew: 16388K->4K(18432K), 0.0031786 secs] 631149K->614765K(896640K), 0.0032513 secs] [Times: user=0.00 sys=0.00, real=0.00 secs] 
2020-10-29T15:50:43.814+0000: [GC (Allocation Failure) 2020-10-29T15:50:43.814+0000: [ParNew: 16388K->4K(18432K), 0.0032207 secs] 631149K->614765K(896640K), 0.0032783 secs] [Times: user=0.01 sys=0.00, real=0.00 secs] 
2020-10-29T15:50:43.833+0000: [GC (Allocation Failure) 2020-10-29T15:50:43.833+0000: [ParNew: 16388K->4K(18432K), 0.0031890 secs] 631149K->614765K(896640K), 0.0032476 secs] [Times: user=0.01 sys=0.00, real=0.00 secs] 
2020-10-29T15:50:43.852+0000: [GC (Allocation Failure) 2020-10-29T15:50:43.852+0000: [ParNew: 16388K->4K(18432K), 0.0031705 secs] 631149K->614765K(896640K), 0.0032280 secs] [Times: user=0.00 sys=0.00, real=0.01 secs] 
2020-10-29T15:50:43.872+0000: [GC (Allocation Failure) 2020-10-29T15:50:43.873+0000: [ParNew: 16388K->4K(18432K), 0.0031515 secs] 631149K->614765K(896640K), 0.0032094 secs] [Times: user=0.01 sys=0.00, real=0.00 secs] 
2020-10-29T15:50:43.891+0000: [GC (Allocation Failure) 2020-10-29T15:50:43.892+0000: [ParNew: 16388K->4K(18432K), 0.0032333 secs] 631149K->614765K(896640K), 0.0032910 secs] [Times: user=0.01 sys=0.00, real=0.01 secs] 
2020-10-29T15:50:43.910+0000: [GC (Allocation Failure) 2020-10-29T15:50:43.910+0000: [ParNew: 16388K->4K(18432K), 0.0032239 secs] 631149K->614765K(896640K), 0.0032804 secs] [Times: user=0.00 sys=0.00, real=0.01 secs] 
2020-10-29T15:50:43.932+0000: [GC (Allocation Failure) 2020-10-29T15:50:43.933+0000: [ParNew: 16388K->4K(18432K), 0.0031465 secs] 631149K->614765K(896640K), 0.0032027 secs] [Times: user=0.01 sys=0.00, real=0.00 secs] 
2020-10-29T15:50:43.951+0000: [GC (Allocation Failure) 2020-10-29T15:50:43.951+0000: [ParNew: 16388K->4K(18432K), 0.0032065 secs] 631149K->614765K(896640K), 0.0032607 secs] [Times: user=0.01 sys=0.00, real=0.01 secs] 
2020-10-29T15:50:43.972+0000: [GC (Allocation Failure) 2020-10-29T15:50:43.973+0000: [ParNew: 16388K->4K(18432K), 0.0031014 secs] 631149K->614765K(896640K), 0.0031567 secs] [Times: user=0.00 sys=0.00, real=0.00 secs] 
2020-10-29T15:50:43.992+0000: [GC (Allocation Failure) 2020-10-29T15:50:43.993+0000: [ParNew: 16388K->4K(18432K), 0.0030752 secs] 631149K->614765K(896640K), 0.0031290 secs] [Times: user=0.00 sys=0.00, real=0.00 secs] 
2020-10-29T15:50:44.012+0000: [GC (Allocation Failure) 2020-10-29T15:50:44.013+0000: [ParNew: 16388K->4K(18432K), 0.0043099 secs] 631149K->614765K(896640K), 0.0043616 secs] [Times: user=0.01 sys=0.00, real=0.00 secs] 
2020-10-29T15:50:44.032+0000: [GC (Allocation Failure) 2020-10-29T15:50:44.032+0000: [ParNew: 16388K->4K(18432K), 0.0032503 secs] 631149K->614765K(896640K), 0.0033052 secs] [Times: user=0.00 sys=0.00, real=0.01 secs] 
2020-10-29T15:50:44.051+0000: [GC (Allocation Failure) 2020-10-29T15:50:44.051+0000: [ParNew: 16388K->4K(18432K), 0.0031380 secs] 631149K->614765K(896640K), 0.0031938 secs] [Times: user=0.01 sys=0.00, real=0.01 secs] 
2020-10-29T15:50:44.071+0000: [GC (Allocation Failure) 2020-10-29T15:50:44.071+0000: [ParNew: 16388K->4K(18432K), 0.0031967 secs] 631149K->614765K(896640K), 0.0032543 secs] [Times: user=0.01 sys=0.00, real=0.01 secs] 
2020-10-29T15:50:44.090+0000: [GC (Allocation Failure) 2020-10-29T15:50:44.090+0000: [ParNew: 16388K->4K(18432K), 0.0031819 secs] 631149K->614765K(896640K), 0.0032370 secs] [Times: user=0.01 sys=0.00, real=0.01 secs] 
2020-10-29T15:50:44.112+0000: [GC (Allocation Failure) 2020-10-29T15:50:44.113+0000: [ParNew: 16388K->4K(18432K), 0.0031497 secs] 631149K->614765K(896640K), 0.0032072 secs] [Times: user=0.01 sys=0.00, real=0.00 secs] 
2020-10-29T15:50:44.131+0000: [GC (Allocation Failure) 2020-10-29T15:50:44.131+0000: [ParNew: 16388K->4K(18432K), 0.0031569 secs] 631149K->614765K(896640K), 0.0032102 secs] [Times: user=0.00 sys=0.00, real=0.01 secs] 
2020-10-29T15:50:44.150+0000: [GC (Allocation Failure) 2020-10-29T15:50:44.150+0000: [ParNew: 16388K->4K(18432K), 0.0030949 secs] 631149K->614765K(896640K), 0.0031480 secs] [Times: user=0.01 sys=0.00, real=0.01 secs] 
2020-10-29T15:50:44.172+0000: [GC (Allocation Failure) 2020-10-29T15:50:44.173+0000: [ParNew: 16388K->4K(18432K), 0.0031270 secs] 631149K->614765K(896640K), 0.0031836 secs] [Times: user=0.01 sys=0.00, real=0.00 secs] 
2020-10-29T15:50:44.192+0000: [GC (Allocation Failure) 2020-10-29T15:50:44.193+0000: [ParNew: 16388K->4K(18432K), 0.0031710 secs] 631149K->614765K(896640K), 0.0032335 secs] [Times: user=0.01 sys=0.00, real=0.00 secs] 
2020-10-29T15:50:44.213+0000: [GC (Allocation Failure) 2020-10-29T15:50:44.213+0000: [ParNew: 16388K->4K(18432K), 0.0033125 secs] 631149K->614765K(896640K), 0.0033741 secs] [Times: user=0.00 sys=0.00, real=0.00 secs] 
2020-10-29T15:50:44.232+0000: [GC (Allocation Failure) 2020-10-29T15:50:44.232+0000: [ParNew: 16388K->4K(18432K), 0.0031549 secs] 631149K->614765K(896640K), 0.0032098 secs] [Times: user=0.01 sys=0.00, real=0.01 secs] 
2020-10-29T15:50:44.251+0000: [GC (Allocation Failure) 2020-10-29T15:50:44.251+0000: [ParNew: 16388K->4K(18432K), 0.0032022 secs] 631149K->614765K(896640K), 0.0032575 secs] [Times: user=0.00 sys=0.00, real=0.01 secs] 
2020-10-29T15:50:44.272+0000: [GC (Allocation Failure) 2020-10-29T15:50:44.273+0000: [ParNew: 16388K->4K(18432K), 0.0031282 secs] 631149K->614765K(896640K), 0.0031837 secs] [Times: user=0.01 sys=0.00, real=0.00 secs] 
2020-10-29T15:50:44.292+0000: [GC (Allocation Failure) 2020-10-29T15:50:44.293+0000: [ParNew: 16388K->4K(18432K), 0.0031255 secs] 631149K->614765K(896640K), 0.0031809 secs] [Times: user=0.01 sys=0.00, real=0.00 secs] 
2020-10-29T15:50:44.314+0000: [GC (Allocation Failure) 2020-10-29T15:50:44.314+0000: [ParNew: 16388K->4K(18432K), 0.0032571 secs] 631149K->614765K(896640K), 0.0033127 secs] [Times: user=0.00 sys=0.00, real=0.00 secs] 
2020-10-29T15:50:44.337+0000: [GC (Allocation Failure) 2020-10-29T15:50:44.338+0000: [ParNew: 16388K->4K(18432K), 0.0032678 secs] 631149K->614765K(896640K), 0.0033268 secs] [Times: user=0.01 sys=0.00, real=0.00 secs] 
2020-10-29T15:50:44.360+0000: [GC (Allocation Failure) 2020-10-29T15:50:44.361+0000: [ParNew: 16388K->4K(18432K), 0.0031399 secs] 631149K->614765K(896640K), 0.0031961 secs] [Times: user=0.01 sys=0.00, real=0.00 secs] 
2020-10-29T15:50:44.379+0000: [GC (Allocation Failure) 2020-10-29T15:50:44.379+0000: [ParNew: 16388K->4K(18432K), 0.0030377 secs] 631149K->614765K(896640K), 0.0030907 secs] [Times: user=0.00 sys=0.00, real=0.00 secs] 
2020-10-29T15:50:44.398+0000: [GC (Allocation Failure) 2020-10-29T15:50:44.398+0000: [ParNew: 16388K->4K(18432K), 0.0032232 secs] 631149K->614765K(896640K), 0.0032783 secs] [Times: user=0.01 sys=0.00, real=0.00 secs] 
2020-10-29T15:50:44.417+0000: [GC (Allocation Failure) 2020-10-29T15:50:44.417+0000: [ParNew: 16388K->4K(18432K), 0.0031537 secs] 631149K->614765K(896640K), 0.0032130 secs] [Times: user=0.00 sys=0.00, real=0.00 secs] 
2020-10-29T15:50:44.436+0000: [GC (Allocation Failure) 2020-10-29T15:50:44.436+0000: [ParNew: 16388K->4K(18432K), 0.0032721 secs] 631149K->614765K(896640K), 0.0033299 secs] [Times: user=0.01 sys=0.00, real=0.00 secs] 
2020-10-29T15:50:44.455+0000: [GC (Allocation Failure) 2020-10-29T15:50:44.455+0000: [ParNew: 16388K->4K(18432K), 0.0031678 secs] 631149K->614765K(896640K), 0.0032244 secs] [Times: user=0.00 sys=0.00, real=0.00 secs] 
2020-10-29T15:50:44.474+0000: [GC (Allocation Failure) 2020-10-29T15:50:44.474+0000: [ParNew: 16388K->4K(18432K), 0.0031921 secs] 631149K->614765K(896640K), 0.0032590 secs] [Times: user=0.01 sys=0.00, real=0.00 secs] 
2020-10-29T15:50:44.493+0000: [GC (Allocation Failure) 2020-10-29T15:50:44.493+0000: [ParNew: 16388K->4K(18432K), 0.0032134 secs] 631149K->614765K(896640K), 0.0032708 secs] [Times: user=0.01 sys=0.00, real=0.00 secs] 
2020-10-29T15:50:44.516+0000: [GC (Allocation Failure) 2020-10-29T15:50:44.516+0000: [ParNew: 16388K->4K(18432K), 0.0031563 secs] 631149K->614765K(896640K), 0.0032121 secs] [Times: user=0.01 sys=0.00, real=0.00 secs] 
2020-10-29T15:50:44.536+0000: [GC (Allocation Failure) 2020-10-29T15:50:44.537+0000: [ParNew: 16388K->4K(18432K), 0.0031443 secs] 631149K->614765K(896640K), 0.0032000 secs] [Times: user=0.01 sys=0.00, real=0.00 secs] 
2020-10-29T15:50:44.557+0000: [GC (Allocation Failure) 2020-10-29T15:50:44.557+0000: [ParNew: 16388K->4K(18432K), 0.0031128 secs] 631149K->614765K(896640K), 0.0031791 secs] [Times: user=0.00 sys=0.00, real=0.00 secs] 
2020-10-29T15:50:44.575+0000: [GC (Allocation Failure) 2020-10-29T15:50:44.575+0000: [ParNew: 16388K->4K(18432K), 0.0031369 secs] 631149K->614765K(896640K), 0.0031910 secs] [Times: user=0.01 sys=0.00, real=0.00 secs] 
2020-10-29T15:50:44.597+0000: [GC (Allocation Failure) 2020-10-29T15:50:44.597+0000: [ParNew: 16388K->4K(18432K), 0.0031448 secs] 631149K->614765K(896640K), 0.0032001 secs] [Times: user=0.01 sys=0.00, real=0.00 secs] 
2020-10-29T15:50:44.616+0000: [GC (Allocation Failure) 2020-10-29T15:50:44.616+0000: [ParNew: 16388K->4K(18432K), 0.0032785 secs] 631149K->614766K(896640K), 0.0033422 secs] [Times: user=0.00 sys=0.00, real=0.00 secs] 
2020-10-29T15:50:44.635+0000: [GC (Allocation Failure) 2020-10-29T15:50:44.635+0000: [ParNew: 16388K->4K(18432K), 0.0032183 secs] 631150K->614766K(896640K), 0.0032726 secs] [Times: user=0.01 sys=0.00, real=0.00 secs] 
2020-10-29T15:50:44.654+0000: [GC (Allocation Failure) 2020-10-29T15:50:44.654+0000: [ParNew: 16388K->4K(18432K), 0.0031236 secs] 631150K->614766K(896640K), 0.0031774 secs] [Times: user=0.00 sys=0.00, real=0.00 secs] 
2020-10-29T15:50:44.673+0000: [GC (Allocation Failure) 2020-10-29T15:50:44.673+0000: [ParNew: 16388K->4K(18432K), 0.0031224 secs] 631150K->614766K(896640K), 0.0031777 secs] [Times: user=0.01 sys=0.00, real=0.00 secs] 
2020-10-29T15:50:44.692+0000: [GC (Allocation Failure) 2020-10-29T15:50:44.692+0000: [ParNew: 16388K->4K(18432K), 0.0031705 secs] 631150K->614766K(896640K), 0.0032260 secs] [Times: user=0.01 sys=0.00, real=0.01 secs] 
2020-10-29T15:50:44.716+0000: [GC (Allocation Failure) 2020-10-29T15:50:44.717+0000: [ParNew: 16388K->4K(18432K), 0.0031545 secs] 631150K->614766K(896640K), 0.0032217 secs] [Times: user=0.01 sys=0.00, real=0.00 secs] 
2020-10-29T15:50:44.737+0000: [GC (Allocation Failure) 2020-10-29T15:50:44.737+0000: [ParNew: 16388K->4K(18432K), 0.0032691 secs] 631150K->614766K(896640K), 0.0033257 secs] [Times: user=0.00 sys=0.00, real=0.00 secs] 
2020-10-29T15:50:44.756+0000: [GC (Allocation Failure) 2020-10-29T15:50:44.757+0000: [ParNew: 16388K->4K(18432K), 0.0032148 secs] 631150K->614766K(896640K), 0.0032727 secs] [Times: user=0.00 sys=0.00, real=0.00 secs] 
2020-10-29T15:50:44.776+0000: [GC (Allocation Failure) 2020-10-29T15:50:44.776+0000: [ParNew: 16388K->4K(18432K), 0.0031637 secs] 631150K->614766K(896640K), 0.0032194 secs] [Times: user=0.01 sys=0.00, real=0.00 secs] 
2020-10-29T15:50:44.795+0000: [GC (Allocation Failure) 2020-10-29T15:50:44.795+0000: [ParNew: 16388K->4K(18432K), 0.0032087 secs] 631150K->614766K(896640K), 0.0032666 secs] [Times: user=0.01 sys=0.00, real=0.00 secs] 
2020-10-29T15:50:44.816+0000: [GC (Allocation Failure) 2020-10-29T15:50:44.817+0000: [ParNew: 16388K->4K(18432K), 0.0031821 secs] 631150K->614766K(896640K), 0.0032390 secs] [Times: user=0.00 sys=0.00, real=0.00 secs] 
2020-10-29T15:50:44.836+0000: [GC (Allocation Failure) 2020-10-29T15:50:44.837+0000: [ParNew: 16388K->4K(18432K), 0.0031694 secs] 631150K->614766K(896640K), 0.0032249 secs] [Times: user=0.00 sys=0.00, real=0.00 secs] 
2020-10-29T15:50:44.855+0000: [GC (Allocation Failure) 2020-10-29T15:50:44.855+0000: [ParNew: 16388K->4K(18432K), 0.0031303 secs] 631150K->614766K(896640K), 0.0031854 secs] [Times: user=0.01 sys=0.00, real=0.00 secs] 
2020-10-29T15:50:44.874+0000: [GC (Allocation Failure) 2020-10-29T15:50:44.874+0000: [ParNew: 16388K->4K(18432K), 0.0031232 secs] 631150K->614766K(896640K), 0.0031783 secs] [Times: user=0.01 sys=0.00, real=0.00 secs] 
2020-10-29T15:50:44.896+0000: [GC (Allocation Failure) 2020-10-29T15:50:44.896+0000: [ParNew: 16388K->4K(18432K), 0.0031217 secs] 631150K->614766K(896640K), 0.0031771 secs] [Times: user=0.00 sys=0.00, real=0.00 secs] 
2020-10-29T15:50:44.915+0000: [GC (Allocation Failure) 2020-10-29T15:50:44.915+0000: [ParNew: 16388K->4K(18432K), 0.0031717 secs] 631150K->614766K(896640K), 0.0032292 secs] [Times: user=0.01 sys=0.00, real=0.00 secs] 
2020-10-29T15:50:44.934+0000: [GC (Allocation Failure) 2020-10-29T15:50:44.934+0000: [ParNew: 16388K->4K(18432K), 0.0031643 secs] 631150K->614766K(896640K), 0.0032214 secs] [Times: user=0.00 sys=0.00, real=0.00 secs] 
2020-10-29T15:50:44.952+0000: [GC (Allocation Failure) 2020-10-29T15:50:44.952+0000: [ParNew: 16388K->4K(18432K), 0.0031393 secs] 631150K->614766K(896640K), 0.0032056 secs] [Times: user=0.01 sys=0.00, real=0.01 secs] 
2020-10-29T15:50:44.971+0000: [GC (Allocation Failure) 2020-10-29T15:50:44.971+0000: [ParNew: 16388K->4K(18432K), 0.0032539 secs] 631150K->614766K(896640K), 0.0033110 secs] [Times: user=0.01 sys=0.00, real=0.01 secs] 
2020-10-29T15:50:44.990+0000: [GC (Allocation Failure) 2020-10-29T15:50:44.990+0000: [ParNew: 16388K->4K(18432K), 0.0031900 secs] 631150K->614766K(896640K), 0.0032459 secs] [Times: user=0.00 sys=0.00, real=0.01 secs] 
2020-10-29T15:50:45.009+0000: [GC (Allocation Failure) 2020-10-29T15:50:45.009+0000: [ParNew: 16388K->4K(18432K), 0.0031783 secs] 631150K->614766K(896640K), 0.0032356 secs] [Times: user=0.01 sys=0.00, real=0.00 secs] 
2020-10-29T15:50:45.028+0000: [GC (Allocation Failure) 2020-10-29T15:50:45.029+0000: [ParNew: 16388K->4K(18432K), 0.0031477 secs] 631150K->614766K(896640K), 0.0032064 secs] [Times: user=0.01 sys=0.00, real=0.00 secs] 
2020-10-29T15:50:45.047+0000: [GC (Allocation Failure) 2020-10-29T15:50:45.047+0000: [ParNew: 16388K->4K(18432K), 0.0032010 secs] 631150K->614766K(896640K), 0.0032557 secs] [Times: user=0.00 sys=0.00, real=0.00 secs] 
2020-10-29T15:50:45.066+0000: [GC (Allocation Failure) 2020-10-29T15:50:45.066+0000: [ParNew: 16388K->4K(18432K), 0.0031767 secs] 631150K->614766K(896640K), 0.0032332 secs] [Times: user=0.01 sys=0.00, real=0.00 secs] 
2020-10-29T15:50:45.085+0000: [GC (Allocation Failure) 2020-10-29T15:50:45.085+0000: [ParNew: 16388K->4K(18432K), 0.0031226 secs] 631150K->614766K(896640K), 0.0031795 secs] [Times: user=0.00 sys=0.00, real=0.00 secs] 
2020-10-29T15:50:45.104+0000: [GC (Allocation Failure) 2020-10-29T15:50:45.105+0000: [ParNew: 16388K->4K(18432K), 0.0031179 secs] 631150K->614766K(896640K), 0.0031712 secs] [Times: user=0.01 sys=0.00, real=0.00 secs] 
2020-10-29T15:50:45.125+0000: [GC (Allocation Failure) 2020-10-29T15:50:45.125+0000: [ParNew: 16388K->4K(18432K), 0.0031433 secs] 631150K->614766K(896640K), 0.0032005 secs] [Times: user=0.00 sys=0.00, real=0.00 secs] 
2020-10-29T15:50:45.144+0000: [GC (Allocation Failure) 2020-10-29T15:50:45.145+0000: [ParNew: 16388K->4K(18432K), 0.0031172 secs] 631150K->614766K(896640K), 0.0031752 secs] [Times: user=0.01 sys=0.00, real=0.00 secs] 
2020-10-29T15:50:45.163+0000: [GC (Allocation Failure) 2020-10-29T15:50:45.163+0000: [ParNew: 16388K->4K(18432K), 0.0031304 secs] 631150K->614766K(896640K), 0.0031920 secs] [Times: user=0.00 sys=0.00, real=0.01 secs] 
2020-10-29T15:50:45.184+0000: [GC (Allocation Failure) 2020-10-29T15:50:45.185+0000: [ParNew: 16388K->4K(18432K), 0.0029881 secs] 631150K->614766K(896640K), 0.0030399 secs] [Times: user=0.01 sys=0.00, real=0.00 secs] 
2020-10-29T15:50:45.204+0000: [GC (Allocation Failure) 2020-10-29T15:50:45.204+0000: [ParNew: 16388K->4K(18432K), 0.0031318 secs] 631150K->614766K(896640K), 0.0031886 secs] [Times: user=0.01 sys=0.00, real=0.00 secs] 
2020-10-29T15:50:45.223+0000: [GC (Allocation Failure) 2020-10-29T15:50:45.223+0000: [ParNew: 16388K->4K(18432K), 0.0031997 secs] 631150K->614766K(896640K), 0.0032540 secs] [Times: user=0.00 sys=0.00, real=0.01 secs] 
2020-10-29T15:50:45.242+0000: [GC (Allocation Failure) 2020-10-29T15:50:45.242+0000: [ParNew: 16388K->4K(18432K), 0.0032849 secs] 631150K->614766K(896640K), 0.0033506 secs] [Times: user=0.01 sys=0.00, real=0.01 secs] 
2020-10-29T15:50:45.262+0000: [GC (Allocation Failure) 2020-10-29T15:50:45.262+0000: [ParNew: 16388K->4K(18432K), 0.0031502 secs] 631150K->614766K(896640K), 0.0032049 secs] [Times: user=0.01 sys=0.00, real=0.01 secs] 
2020-10-29T15:50:45.281+0000: [GC (Allocation Failure) 2020-10-29T15:50:45.281+0000: [ParNew: 16388K->4K(18432K), 0.0032730 secs] 631150K->614766K(896640K), 0.0033301 secs] [Times: user=0.00 sys=0.00, real=0.01 secs] 
2020-10-29T15:50:45.301+0000: [GC (Allocation Failure) 2020-10-29T15:50:45.301+0000: [ParNew: 16388K->4K(18432K), 0.0032431 secs] 631150K->614766K(896640K), 0.0032996 secs] [Times: user=0.00 sys=0.00, real=0.01 secs] 
2020-10-29T15:50:45.321+0000: [GC (Allocation Failure) 2020-10-29T15:50:45.321+0000: [ParNew: 16388K->4K(18432K), 0.0032124 secs] 631150K->614766K(896640K), 0.0032676 secs] [Times: user=0.01 sys=0.00, real=0.00 secs] 
2020-10-29T15:50:45.341+0000: [GC (Allocation Failure) 2020-10-29T15:50:45.341+0000: [ParNew: 16388K->4K(18432K), 0.0032942 secs] 631150K->614766K(896640K), 0.0033511 secs] [Times: user=0.01 sys=0.00, real=0.00 secs] 
2020-10-29T15:50:45.360+0000: [GC (Allocation Failure) 2020-10-29T15:50:45.361+0000: [ParNew: 16388K->4K(18432K), 0.0032942 secs] 631150K->614766K(896640K), 0.0033526 secs] [Times: user=0.01 sys=0.00, real=0.00 secs] 
2020-10-29T15:50:45.380+0000: [GC (Allocation Failure) 2020-10-29T15:50:45.381+0000: [ParNew: 16388K->4K(18432K), 0.0032533 secs] 631150K->614766K(896640K), 0.0033093 secs] [Times: user=0.00 sys=0.00, real=0.00 secs] 
2020-10-29T15:50:45.401+0000: [GC (Allocation Failure) 2020-10-29T15:50:45.401+0000: [ParNew: 16388K->4K(18432K), 0.0032278 secs] 631150K->614766K(896640K), 0.0032924 secs] [Times: user=0.01 sys=0.00, real=0.00 secs] 
2020-10-29T15:50:45.419+0000: [GC (Allocation Failure) 2020-10-29T15:50:45.419+0000: [ParNew: 16388K->4K(18432K), 0.0032105 secs] 631150K->614766K(896640K), 0.0032678 secs] [Times: user=0.00 sys=0.00, real=0.00 secs] 
2020-10-29T15:50:45.438+0000: [GC (Allocation Failure) 2020-10-29T15:50:45.438+0000: [ParNew: 16388K->4K(18432K), 0.0031413 secs] 631150K->614766K(896640K), 0.0031964 secs] [Times: user=0.01 sys=0.00, real=0.00 secs] 
2020-10-29T15:50:45.460+0000: [GC (Allocation Failure) 2020-10-29T15:50:45.461+0000: [ParNew: 16388K->4K(18432K), 0.0031586 secs] 631150K->614766K(896640K), 0.0033648 secs] [Times: user=0.01 sys=0.00, real=0.00 secs] 
2020-10-29T15:50:45.481+0000: [GC (Allocation Failure) 2020-10-29T15:50:45.481+0000: [ParNew: 16388K->4K(18432K), 0.0031354 secs] 631150K->614766K(896640K), 0.0031919 secs] [Times: user=0.00 sys=0.00, real=0.00 secs] 
2020-10-29T15:50:45.499+0000: [GC (Allocation Failure) 2020-10-29T15:50:45.499+0000: [ParNew: 16388K->4K(18432K), 0.0031501 secs] 631150K->614766K(896640K), 0.0032059 secs] [Times: user=0.00 sys=0.00, real=0.00 secs] 
2020-10-29T15:50:45.518+0000: [GC (Allocation Failure) 2020-10-29T15:50:45.518+0000: [ParNew: 16388K->4K(18432K), 0.0031820 secs] 631150K->614766K(896640K), 0.0032358 secs] [Times: user=0.01 sys=0.00, real=0.00 secs] 
2020-10-29T15:50:45.537+0000: [GC (Allocation Failure) 2020-10-29T15:50:45.537+0000: [ParNew: 16388K->4K(18432K), 0.0032059 secs] 631150K->614766K(896640K), 0.0032622 secs] [Times: user=0.01 sys=0.00, real=0.00 secs] 
2020-10-29T15:50:45.556+0000: [GC (Allocation Failure) 2020-10-29T15:50:45.556+0000: [ParNew: 16388K->4K(18432K), 0.0031773 secs] 631150K->614766K(896640K), 0.0032342 secs] [Times: user=0.01 sys=0.00, real=0.00 secs] 
2020-10-29T15:50:45.576+0000: [GC (Allocation Failure) 2020-10-29T15:50:45.577+0000: [ParNew: 16388K->4K(18432K), 0.0031683 secs] 631150K->614766K(896640K), 0.0032245 secs] [Times: user=0.01 sys=0.00, real=0.00 secs] 
2020-10-29T15:50:45.595+0000: [GC (Allocation Failure) 2020-10-29T15:50:45.595+0000: [ParNew: 16388K->4K(18432K), 0.0031372 secs] 631150K->614766K(896640K), 0.0031931 secs] [Times: user=0.00 sys=0.00, real=0.00 secs] 
2020-10-29T15:50:45.614+0000: [GC (Allocation Failure) 2020-10-29T15:50:45.614+0000: [ParNew: 16388K->4K(18432K), 0.0031769 secs] 631150K->614766K(896640K), 0.0032322 secs] [Times: user=0.01 sys=0.00, real=0.00 secs] 
2020-10-29T15:50:45.636+0000: [GC (Allocation Failure) 2020-10-29T15:50:45.636+0000: [ParNew: 16388K->4K(18432K), 0.0031391 secs] 631150K->614766K(896640K), 0.0031999 secs] [Times: user=0.01 sys=0.00, real=0.00 secs] 
2020-10-29T15:50:45.655+0000: [GC (Allocation Failure) 2020-10-29T15:50:45.655+0000: [ParNew: 16388K->4K(18432K), 0.0030874 secs] 631150K->614766K(896640K), 0.0031429 secs] [Times: user=0.00 sys=0.00, real=0.00 secs] 
2020-10-29T15:50:45.680+0000: [GC (Allocation Failure) 2020-10-29T15:50:45.680+0000: [ParNew: 16388K->4K(18432K), 0.0032452 secs] 631150K->614766K(896640K), 0.0033013 secs] [Times: user=0.01 sys=0.00, real=0.00 secs] 
2020-10-29T15:50:45.699+0000: [GC (Allocation Failure) 2020-10-29T15:50:45.699+0000: [ParNew: 16388K->4K(18432K), 0.0031777 secs] 631150K->614766K(896640K), 0.0032348 secs] [Times: user=0.00 sys=0.00, real=0.00 secs] 
2020-10-29T15:50:45.720+0000: [GC (Allocation Failure) 2020-10-29T15:50:45.720+0000: [ParNew: 16388K->4K(18432K), 0.0031109 secs] 631150K->614766K(896640K), 0.0031609 secs] [Times: user=0.00 sys=0.00, real=0.00 secs] 
2020-10-29T15:50:45.739+0000: [GC (Allocation Failure) 2020-10-29T15:50:45.739+0000: [ParNew: 16388K->4K(18432K), 0.0032465 secs] 631150K->614766K(896640K), 0.0033039 secs] [Times: user=0.01 sys=0.00, real=0.00 secs] 
2020-10-29T15:50:45.760+0000: [GC (Allocation Failure) 2020-10-29T15:50:45.760+0000: [ParNew: 16388K->4K(18432K), 0.0032873 secs] 631150K->614766K(896640K), 0.0033550 secs] [Times: user=0.00 sys=0.00, real=0.00 secs] 
2020-10-29T15:50:45.779+0000: [GC (Allocation Failure) 2020-10-29T15:50:45.779+0000: [ParNew: 16388K->4K(18432K), 0.0032723 secs] 631150K->614766K(896640K), 0.0033392 secs] [Times: user=0.01 sys=0.00, real=0.00 secs] 
2020-10-29T15:50:45.797+0000: [GC (Allocation Failure) 2020-10-29T15:50:45.798+0000: [ParNew: 16388K->4K(18432K), 0.0031725 secs] 631150K->614766K(896640K), 0.0032286 secs] [Times: user=0.00 sys=0.00, real=0.00 secs] 
2020-10-29T15:50:45.816+0000: [GC (Allocation Failure) 2020-10-29T15:50:45.816+0000: [ParNew: 16388K->4K(18432K), 0.0030465 secs] 631150K->614766K(896640K), 0.0031012 secs] [Times: user=0.00 sys=0.00, real=0.00 secs] 
2020-10-29T15:50:45.836+0000: [GC (Allocation Failure) 2020-10-29T15:50:45.837+0000: [ParNew: 16388K->4K(18432K), 0.0031421 secs] 631150K->614766K(896640K), 0.0031990 secs] [Times: user=0.00 sys=0.00, real=0.00 secs] 
2020-10-29T15:50:45.856+0000: [GC (Allocation Failure) 2020-10-29T15:50:45.857+0000: [ParNew: 16388K->4K(18432K), 0.0031265 secs] 631150K->614766K(896640K), 0.0031816 secs] [Times: user=0.00 sys=0.00, real=0.00 secs] 
2020-10-29T15:50:45.876+0000: [GC (Allocation Failure) 2020-10-29T15:50:45.876+0000: [ParNew: 16388K->4K(18432K), 0.0031964 secs] 631150K->614766K(896640K), 0.0032531 secs] [Times: user=0.01 sys=0.00, real=0.00 secs] 
2020-10-29T15:50:45.896+0000: [GC (Allocation Failure) 2020-10-29T15:50:45.896+0000: [ParNew: 16388K->4K(18432K), 0.0031997 secs] 631150K->614766K(896640K), 0.0032560 secs] [Times: user=0.00 sys=0.00, real=0.00 secs] 
2020-10-29T15:50:45.916+0000: [GC (Allocation Failure) 2020-10-29T15:50:45.917+0000: [ParNew: 16388K->4K(18432K), 0.0031221 secs] 631150K->614766K(896640K), 0.0031769 secs] [Times: user=0.00 sys=0.00, real=0.00 secs] 
2020-10-29T15:50:45.936+0000: [GC (Allocation Failure) 2020-10-29T15:50:45.936+0000: [ParNew: 16388K->4K(18432K), 0.0031805 secs] 631150K->614766K(896640K), 0.0032393 secs] [Times: user=0.01 sys=0.00, real=0.00 secs] 
2020-10-29T15:50:45.955+0000: [GC (Allocation Failure) 2020-10-29T15:50:45.955+0000: [ParNew: 16388K->4K(18432K), 0.0031719 secs] 631150K->614766K(896640K), 0.0032282 secs] [Times: user=0.00 sys=0.00, real=0.00 secs] 
2020-10-29T15:50:45.976+0000: [GC (Allocation Failure) 2020-10-29T15:50:45.977+0000: [ParNew: 16388K->4K(18432K), 0.0031244 secs] 631150K->614766K(896640K), 0.0031787 secs] [Times: user=0.00 sys=0.00, real=0.00 secs] 
2020-10-29T15:50:45.996+0000: [GC (Allocation Failure) 2020-10-29T15:50:45.996+0000: [ParNew: 16388K->4K(18432K), 0.0032083 secs] 631150K->614766K(896640K), 0.0032673 secs] [Times: user=0.00 sys=0.00, real=0.00 secs] 
2020-10-29T15:50:46.016+0000: [GC (Allocation Failure) 2020-10-29T15:50:46.017+0000: [ParNew: 16388K->4K(18432K), 0.0031330 secs] 631150K->614766K(896640K), 0.0031888 secs] [Times: user=0.00 sys=0.00, real=0.00 secs] 
2020-10-29T15:50:46.036+0000: [GC (Allocation Failure) 2020-10-29T15:50:46.037+0000: [ParNew: 16388K->4K(18432K), 0.0031566 secs] 631150K->614766K(896640K), 0.0032118 secs] [Times: user=0.00 sys=0.00, real=0.00 secs] 
2020-10-29T15:50:46.055+0000: [GC (Allocation Failure) 2020-10-29T15:50:46.055+0000: [ParNew: 16388K->4K(18432K), 0.0032014 secs] 631150K->614766K(896640K), 0.0032705 secs] [Times: user=0.01 sys=0.00, real=0.00 secs] 
2020-10-29T15:50:46.074+0000: [GC (Allocation Failure) 2020-10-29T15:50:46.074+0000: [ParNew: 16388K->4K(18432K), 0.0031627 secs] 631150K->614766K(896640K), 0.0032191 secs] [Times: user=0.00 sys=0.00, real=0.00 secs] 
2020-10-29T15:50:46.093+0000: [GC (Allocation Failure) 2020-10-29T15:50:46.093+0000: [ParNew: 16388K->4K(18432K), 0.0031930 secs] 631150K->614766K(896640K), 0.0032498 secs] [Times: user=0.01 sys=0.00, real=0.00 secs] 
2020-10-29T15:50:46.112+0000: [GC (Allocation Failure) 2020-10-29T15:50:46.112+0000: [ParNew: 16388K->4K(18432K), 0.0033210 secs] 631150K->614766K(896640K), 0.0033986 secs] [Times: user=0.00 sys=0.00, real=0.00 secs] 
2020-10-29T15:50:46.132+0000: [GC (Allocation Failure) 2020-10-29T15:50:46.132+0000: [ParNew: 16388K->4K(18432K), 0.0032907 secs] 631150K->614766K(896640K), 0.0033476 secs] [Times: user=0.01 sys=0.00, real=0.01 secs] 
2020-10-29T15:50:46.152+0000: [GC (Allocation Failure) 2020-10-29T15:50:46.152+0000: [ParNew: 16388K->4K(18432K), 0.0032459 secs] 631150K->614766K(896640K), 0.0033019 secs] [Times: user=0.01 sys=0.00, real=0.01 secs] 
2020-10-29T15:50:46.171+0000: [GC (Allocation Failure) 2020-10-29T15:50:46.171+0000: [ParNew: 16388K->4K(18432K), 0.0031776 secs] 631150K->614766K(896640K), 0.0032326 secs] [Times: user=0.00 sys=0.00, real=0.01 secs] 
2020-10-29T15:50:46.192+0000: [GC (Allocation Failure) 2020-10-29T15:50:46.193+0000: [ParNew: 16388K->4K(18432K), 0.0031574 secs] 631150K->614766K(896640K), 0.0032144 secs] [Times: user=0.01 sys=0.00, real=0.00 secs] 
2020-10-29T15:50:46.211+0000: [GC (Allocation Failure) 2020-10-29T15:50:46.211+0000: [ParNew: 16388K->4K(18432K), 0.0031540 secs] 631150K->614766K(896640K), 0.0032102 secs] [Times: user=0.01 sys=0.00, real=0.01 secs] 
2020-10-29T15:50:46.231+0000: [GC (Allocation Failure) 2020-10-29T15:50:46.231+0000: [ParNew: 16388K->4K(18432K), 0.0032199 secs] 631150K->614766K(896640K), 0.0032841 secs] [Times: user=0.00 sys=0.00, real=0.01 secs] 
2020-10-29T15:50:46.253+0000: [GC (Allocation Failure) 2020-10-29T15:50:46.253+0000: [ParNew: 16388K->4K(18432K), 0.0032201 secs] 631150K->614766K(896640K), 0.0032797 secs] [Times: user=0.00 sys=0.00, real=0.00 secs] 
2020-10-29T15:50:46.272+0000: [GC (Allocation Failure) 2020-10-29T15:50:46.273+0000: [ParNew: 16388K->4K(18432K), 0.0032053 secs] 631150K->614766K(896640K), 0.0032626 secs] [Times: user=0.01 sys=0.00, real=0.00 secs] 
2020-10-29T15:50:46.291+0000: [GC (Allocation Failure) 2020-10-29T15:50:46.291+0000: [ParNew: 16388K->4K(18432K), 0.0031346 secs] 631150K->614766K(896640K), 0.0031890 secs] [Times: user=0.00 sys=0.00, real=0.01 secs] 
2020-10-29T15:50:46.310+0000: [GC (Allocation Failure) 2020-10-29T15:50:46.310+0000: [ParNew: 16388K->4K(18432K), 0.0031671 secs] 631150K->614766K(896640K), 0.0032224 secs] [Times: user=0.01 sys=0.00, real=0.01 secs] 
2020-10-29T15:50:46.332+0000: [GC (Allocation Failure) 2020-10-29T15:50:46.333+0000: [ParNew: 16388K->4K(18432K), 0.0032055 secs] 631150K->614766K(896640K), 0.0032649 secs] [Times: user=0.01 sys=0.00, real=0.00 secs] 
2020-10-29T15:50:46.353+0000: [GC (Allocation Failure) 2020-10-29T15:50:46.353+0000: [ParNew: 16388K->4K(18432K), 0.0031884 secs] 631150K->614766K(896640K), 0.0032470 secs] [Times: user=0.01 sys=0.00, real=0.00 secs] 
2020-10-29T15:50:46.371+0000: [GC (Allocation Failure) 2020-10-29T15:50:46.371+0000: [ParNew: 16388K->4K(18432K), 0.0031664 secs] 631150K->614766K(896640K), 0.0032226 secs] [Times: user=0.01 sys=0.00, real=0.01 secs] 
 CMS: abort preclean due to time 2020-10-29T15:50:46.376+0000: [CMS-concurrent-abortable-preclean: 0.470/5.017 secs] [Times: user=9.20 sys=0.27, real=5.02 secs] 
2020-10-29T15:50:46.378+0000: [GC (CMS Final Remark) [YG occupancy: 1190 K (18432 K)]2020-10-29T15:50:46.378+0000: [Rescan (parallel) , 0.0025897 secs]2020-10-29T15:50:46.380+0000: [weak refs processing, 0.0002919 secs]2020-10-29T15:50:46.381+0000: [class unloading, 0.0112886 secs]2020-10-29T15:50:46.392+0000: [scrub symbol table, 0.0113452 secs]2020-10-29T15:50:46.403+0000: [scrub string table, 0.0005917 secs][1 CMS-remark: 614762K(878208K)] 615953K(896640K), 0.0262826 secs] [Times: user=0.03 sys=0.00, real=0.02 secs] 
2020-10-29T15:50:46.413+0000: [CMS-concurrent-sweep-start]
2020-10-29T15:50:46.428+0000: [GC (Allocation Failure) 2020-10-29T15:50:46.429+0000: [ParNew: 16388K->4K(18432K), 0.0032203 secs] 621507K->605123K(896640K), 0.0032757 secs] [Times: user=0.01 sys=0.00, real=0.00 secs] 
2020-10-29T15:50:46.434+0000: [CMS-concurrent-sweep: 0.014/0.021 secs] [Times: user=0.03 sys=0.00, real=0.02 secs] 
2020-10-29T15:50:46.434+0000: [CMS-concurrent-reset-start]
2020-10-29T15:50:46.436+0000: [CMS-concurrent-reset: 0.002/0.002 secs] [Times: user=0.00 sys=0.00, real=0.00 secs] 
2020-10-29T15:50:46.448+0000: [GC (Allocation Failure) 2020-10-29T15:50:46.448+0000: [ParNew: 16388K->4K(18432K), 0.0032113 secs] 305242K->288858K(896640K), 0.0032665 secs] [Times: user=0.00 sys=0.00, real=0.00 secs] 
2020-10-29T15:50:46.468+0000: [GC (Allocation Failure) 2020-10-29T15:50:46.468+0000: [ParNew: 16388K->4K(18432K), 0.0031983 secs] 305242K->288858K(896640K), 0.0032541 secs] [Times: user=0.00 sys=0.00, real=0.00 secs] 
2020-10-29T15:50:46.485+0000: [GC (Allocation Failure) 2020-10-29T15:50:46.485+0000: [ParNew: 16388K->4K(18432K), 0.0031874 secs] 305242K->288858K(896640K), 0.0032430 secs] [Times: user=0.01 sys=0.00, real=0.00 secs] 
2020-10-29T15:50:46.503+0000: [GC (Allocation Failure) 2020-10-29T15:50:46.503+0000: [ParNew: 16388K->4K(18432K), 0.0035108 secs] 305242K->288858K(896640K), 0.0035723 secs] [Times: user=0.01 sys=0.00, real=0.01 secs] 
2020-10-29T15:50:46.525+0000: [GC (Allocation Failure) 2020-10-29T15:50:46.525+0000: [ParNew: 16388K->4K(18432K), 0.0032525 secs] 305242K->288858K(896640K), 0.0033125 secs] [Times: user=0.01 sys=0.00, real=0.00 secs] 
2020-10-29T15:50:46.544+0000: [GC (Allocation Failure) 2020-10-29T15:50:46.545+0000: [ParNew: 16388K->4K(18432K), 0.0031694 secs] 305242K->288858K(896640K), 0.0032261 secs] [Times: user=0.00 sys=0.00, real=0.00 secs] 
2020-10-29T15:50:46.562+0000: [GC (Allocation Failure) 2020-10-29T15:50:46.562+0000: [ParNew: 16388K->4K(18432K), 0.0031827 secs] 305242K->288858K(896640K), 0.0032388 secs] [Times: user=0.01 sys=0.00, real=0.01 secs] 
2020-10-29T15:50:46.580+0000: [GC (Allocation Failure) 2020-10-29T15:50:46.580+0000: [ParNew: 16388K->4K(18432K), 0.0031957 secs] 305242K->288858K(896640K), 0.0032669 secs] [Times: user=0.01 sys=0.00, real=0.00 secs] 
2020-10-29T15:50:46.600+0000: [GC (Allocation Failure) 2020-10-29T15:50:46.601+0000: [ParNew: 16388K->4K(18432K), 0.0031585 secs] 305242K->288858K(896640K), 0.0032123 secs] [Times: user=0.00 sys=0.00, real=0.00 secs] 
2020-10-29T15:50:46.621+0000: [GC (Allocation Failure) 2020-10-29T15:50:46.621+0000: [ParNew: 16388K->4K(18432K), 0.0032304 secs] 305242K->288858K(896640K), 0.0032865 secs] [Times: user=0.00 sys=0.00, real=0.00 secs] 
2020-10-29T15:50:46.640+0000: [GC (Allocation Failure) 2020-10-29T15:50:46.641+0000: [ParNew: 16388K->4K(18432K), 0.0031703 secs] 305242K->288858K(896640K), 0.0032250 secs] [Times: user=0.01 sys=0.00, real=0.00 secs] 
2020-10-29T15:50:46.660+0000: [GC (Allocation Failure) 2020-10-29T15:50:46.661+0000: [ParNew: 16388K->4K(18432K), 0.0031594 secs] 305242K->288858K(896640K), 0.0032151 secs] [Times: user=0.01 sys=0.00, real=0.00 secs] 
2020-10-29T15:50:46.680+0000: [GC (Allocation Failure) 2020-10-29T15:50:46.681+0000: [ParNew: 16388K->4K(18432K), 0.0032216 secs] 305242K->288858K(896640K), 0.0032778 secs] [Times: user=0.00 sys=0.00, real=0.00 secs] 
2020-10-29T15:50:46.700+0000: [GC (Allocation Failure) 2020-10-29T15:50:46.701+0000: [ParNew: 16388K->4K(18432K), 0.0031762 secs] 305242K->288858K(896640K), 0.0032338 secs] [Times: user=0.01 sys=0.00, real=0.00 secs] 
2020-10-29T15:50:46.718+0000: [GC (Allocation Failure) 2020-10-29T15:50:46.718+0000: [ParNew: 16388K->4K(18432K), 0.0031862 secs] 305242K->288858K(896640K), 0.0032414 secs] [Times: user=0.01 sys=0.00, real=0.00 secs] 
2020-10-29T15:50:46.736+0000: [GC (Allocation Failure) 2020-10-29T15:50:46.736+0000: [ParNew: 16388K->4K(18432K), 0.0032308 secs] 305242K->288858K(896640K), 0.0033026 secs] [Times: user=0.00 sys=0.00, real=0.00 secs] 
2020-10-29T15:50:46.756+0000: [GC (Allocation Failure) 2020-10-29T15:50:46.757+0000: [ParNew: 16388K->4K(18432K), 0.0032852 secs] 305242K->288858K(896640K), 0.0033443 secs] [Times: user=0.00 sys=0.00, real=0.00 secs] 
2020-10-29T15:50:46.774+0000: [GC (Allocation Failure) 2020-10-29T15:50:46.774+0000: [ParNew: 16388K->4K(18432K), 0.0032193 secs] 305242K->288858K(896640K), 0.0032918 secs] [Times: user=0.01 sys=0.00, real=0.00 secs] 
2020-10-29T15:50:46.792+0000: [GC (Allocation Failure) 2020-10-29T15:50:46.792+0000: [ParNew: 16388K->4K(18432K), 0.0032212 secs] 305242K->288858K(896640K), 0.0032779 secs] [Times: user=0.00 sys=0.00, real=0.01 secs] 
2020-10-29T15:50:46.812+0000: [GC (Allocation Failure) 2020-10-29T15:50:46.813+0000: [ParNew: 16388K->4K(18432K), 0.0032216 secs] 305242K->288858K(896640K), 0.0032800 secs] [Times: user=0.01 sys=0.00, real=0.00 secs] 
2020-10-29T15:50:46.833+0000: [GC (Allocation Failure) 2020-10-29T15:50:46.833+0000: [ParNew: 16388K->4K(18432K), 0.0031621 secs] 305242K->288858K(896640K), 0.0032188 secs] [Times: user=0.00 sys=0.00, real=0.00 secs] 
2020-10-29T15:50:46.850+0000: [GC (Allocation Failure) 2020-10-29T15:50:46.850+0000: [ParNew: 16388K->4K(18432K), 0.0032178 secs] 305242K->288858K(896640K), 0.0032757 secs] [Times: user=0.01 sys=0.00, real=0.01 secs] 
2020-10-29T15:50:46.868+0000: [GC (Allocation Failure) 2020-10-29T15:50:46.868+0000: [ParNew: 16388K->4K(18432K), 0.0032257 secs] 305242K->288858K(896640K), 0.0032967 secs] [Times: user=0.00 sys=0.00, real=0.00 secs] 
2020-10-29T15:50:46.888+0000: [GC (Allocation Failure) 2020-10-29T15:50:46.889+0000: [ParNew: 16388K->4K(18432K), 0.0032115 secs] 305242K->288858K(896640K), 0.0032679 secs] [Times: user=0.01 sys=0.00, real=0.00 secs] 
2020-10-29T15:50:46.908+0000: [GC (Allocation Failure) 2020-10-29T15:50:46.909+0000: [ParNew: 16388K->4K(18432K), 0.0031418 secs] 305242K->288858K(896640K), 0.0031973 secs] [Times: user=0.00 sys=0.00, real=0.00 secs] 
2020-10-29T15:50:46.926+0000: [GC (Allocation Failure) 2020-10-29T15:50:46.926+0000: [ParNew: 16388K->4K(18432K), 0.0032671 secs] 305242K->288858K(896640K), 0.0033220 secs] [Times: user=0.01 sys=0.00, real=0.00 secs] 
2020-10-29T15:50:46.944+0000: [GC (Allocation Failure) 2020-10-29T15:50:46.944+0000: [ParNew: 16388K->4K(18432K), 0.0033060 secs] 305242K->288858K(896640K), 0.0033743 secs] [Times: user=0.01 sys=0.00, real=0.01 secs] 
2020-10-29T15:50:46.964+0000: [GC (Allocation Failure) 2020-10-29T15:50:46.965+0000: [ParNew: 16388K->4K(18432K), 0.0032856 secs] 305242K->288858K(896640K), 0.0033428 secs] [Times: user=0.01 sys=0.00, real=0.00 secs] 
2020-10-29T15:50:46.984+0000: [GC (Allocation Failure) 2020-10-29T15:50:46.985+0000: [ParNew: 16388K->4K(18432K), 0.0031625 secs] 305242K->288858K(896640K), 0.0032186 secs] [Times: user=0.01 sys=0.00, real=0.00 secs] 
2020-10-29T15:50:47.002+0000: [GC (Allocation Failure) 2020-10-29T15:50:47.002+0000: [ParNew: 16388K->4K(18432K), 0.0032128 secs] 305242K->288858K(896640K), 0.0032697 secs] [Times: user=0.00 sys=0.00, real=0.01 secs] 
2020-10-29T15:50:47.020+0000: [GC (Allocation Failure) 2020-10-29T15:50:47.020+0000: [ParNew: 16388K->4K(18432K), 0.0031799 secs] 305242K->288858K(896640K), 0.0032328 secs] [Times: user=0.01 sys=0.00, real=0.00 secs] 
2020-10-29T15:50:47.037+0000: [GC (Allocation Failure) 2020-10-29T15:50:47.037+0000: [ParNew: 16388K->4K(18432K), 0.0032901 secs] 305242K->288858K(896640K), 0.0033474 secs] [Times: user=0.00 sys=0.00, real=0.00 secs] 
2020-10-29T15:50:47.055+0000: [GC (Allocation Failure) 2020-10-29T15:50:47.055+0000: [ParNew: 16388K->4K(18432K), 0.0032420 secs] 305242K->288858K(896640K), 0.0033379 secs] [Times: user=0.01 sys=0.00, real=0.00 secs] 
2020-10-29T15:50:47.073+0000: [GC (Allocation Failure) 2020-10-29T15:50:47.073+0000: [ParNew: 16388K->4K(18432K), 0.0032636 secs] 305242K->288859K(896640K), 0.0033172 secs] [Times: user=0.00 sys=0.00, real=0.00 secs] 
2020-10-29T15:50:47.088+0000: [GC (Allocation Failure) 2020-10-29T15:50:47.088+0000: [ParNew: 16388K->4K(18432K), 0.0041644 secs] 305243K->297051K(896640K), 0.0042323 secs] [Times: user=0.01 sys=0.00, real=0.01 secs] 
2020-10-29T15:50:47.100+0000: [GC (CMS Initial Mark) [1 CMS-initial-mark: 297047K(878208K)] 304510K(896640K), 0.0054772 secs] [Times: user=0.01 sys=0.00, real=0.01 secs] 
2020-10-29T15:50:47.106+0000: [CMS-concurrent-mark-start]
2020-10-29T15:50:47.119+0000: [GC (Allocation Failure) 2020-10-29T15:50:47.119+0000: [ParNew: 16388K->4K(18432K), 0.0032351 secs] 313435K->297051K(896640K), 0.0032902 secs] [Times: user=0.00 sys=0.00, real=0.00 secs] 
2020-10-29T15:50:47.139+0000: [GC (Allocation Failure) 2020-10-29T15:50:47.139+0000: [ParNew: 16388K->4K(18432K), 0.0032814 secs] 313435K->297051K(896640K), 0.0033545 secs] [Times: user=0.01 sys=0.00, real=0.00 secs] 
2020-10-29T15:50:47.161+0000: [GC (Allocation Failure) 2020-10-29T15:50:47.161+0000: [ParNew: 16388K->4K(18432K), 0.0032698 secs] 313435K->297051K(896640K), 0.0033310 secs] [Times: user=0.01 sys=0.00, real=0.01 secs] 
2020-10-29T15:50:47.188+0000: [GC (Allocation Failure) 2020-10-29T15:50:47.188+0000: [ParNew: 16388K->4K(18432K), 0.0032175 secs] 313435K->297051K(896640K), 0.0032751 secs] [Times: user=0.01 sys=0.00, real=0.00 secs] 
2020-10-29T15:50:47.205+0000: [CMS-concurrent-mark: 0.078/0.099 secs] [Times: user=0.18 sys=0.00, real=0.10 secs] 
2020-10-29T15:50:47.205+0000: [CMS-concurrent-preclean-start]
2020-10-29T15:50:47.208+0000: [CMS-concurrent-preclean: 0.003/0.003 secs] [Times: user=0.01 sys=0.00, real=0.00 secs] 
2020-10-29T15:50:47.208+0000: [CMS-concurrent-abortable-preclean-start]
2020-10-29T15:50:47.210+0000: [GC (Allocation Failure) 2020-10-29T15:50:47.210+0000: [ParNew: 16379K->4K(18432K), 0.0028308 secs] 313426K->297051K(896640K), 0.0028745 secs] [Times: user=0.00 sys=0.00, real=0.01 secs] 
2020-10-29T15:50:47.233+0000: [GC (Allocation Failure) 2020-10-29T15:50:47.233+0000: [ParNew: 16388K->4K(18432K), 0.0031668 secs] 313435K->297051K(896640K), 0.0032229 secs] [Times: user=0.01 sys=0.00, real=0.00 secs] 
2020-10-29T15:50:47.252+0000: [GC (Allocation Failure) 2020-10-29T15:50:47.252+0000: [ParNew: 16388K->4K(18432K), 0.0032343 secs] 313435K->297051K(896640K), 0.0032928 secs] [Times: user=0.00 sys=0.00, real=0.01 secs] 
2020-10-29T15:50:47.272+0000: [GC (Allocation Failure) 2020-10-29T15:50:47.272+0000: [ParNew: 16388K->4K(18432K), 0.0031784 secs] 313435K->297051K(896640K), 0.0032330 secs] [Times: user=0.01 sys=0.00, real=0.01 secs] 
2020-10-29T15:50:47.291+0000: [GC (Allocation Failure) 2020-10-29T15:50:47.291+0000: [ParNew: 16388K->4K(18432K), 0.0032943 secs] 313435K->297051K(896640K), 0.0033522 secs] [Times: user=0.01 sys=0.00, real=0.01 secs] 
2020-10-29T15:50:47.315+0000: [GC (Allocation Failure) 2020-10-29T15:50:47.315+0000: [ParNew: 16388K->4K(18432K), 0.0029877 secs] 313435K->297051K(896640K), 0.0030446 secs] [Times: user=0.00 sys=0.00, real=0.00 secs] 
2020-10-29T15:50:47.319+0000: [CMS-concurrent-abortable-preclean: 0.016/0.110 secs] [Times: user=0.19 sys=0.01, real=0.11 secs] 
2020-10-29T15:50:47.322+0000: [GC (CMS Final Remark) [YG occupancy: 1858 K (18432 K)]2020-10-29T15:50:47.322+0000: [Rescan (parallel) , 0.0028737 secs]2020-10-29T15:50:47.325+0000: [weak refs processing, 0.0000303 secs]2020-10-29T15:50:47.325+0000: [class unloading, 0.0085196 secs]2020-10-29T15:50:47.333+0000: [scrub symbol table, 0.0100724 secs]2020-10-29T15:50:47.343+0000: [scrub string table, 0.0005779 secs][1 CMS-remark: 297047K(878208K)] 298905K(896640K), 0.0222106 secs] [Times: user=0.02 sys=0.00, real=0.02 secs] 
2020-10-29T15:50:47.349+0000: [CMS-concurrent-sweep-start]
2020-10-29T15:50:47.375+0000: [CMS-concurrent-sweep: 0.026/0.026 secs] [Times: user=0.05 sys=0.00, real=0.03 secs] 
2020-10-29T15:50:47.375+0000: [GC (Allocation Failure) 2020-10-29T15:50:47.375+0000: [ParNew: 16388K->15K(18432K), 0.0032475 secs] 335475K->319102K(896640K), 0.0032883 secs] [Times: user=0.01 sys=0.00, real=0.00 secs] 
2020-10-29T15:50:47.385+0000: [CMS-concurrent-reset-start]
2020-10-29T15:50:47.387+0000: [CMS-concurrent-reset: 0.002/0.002 secs] [Times: user=0.00 sys=0.00, real=0.00 secs] 
2020-10-29T15:50:47.396+0000: [GC (Allocation Failure) 2020-10-29T15:50:47.396+0000: [ParNew: 16399K->8K(18432K), 0.0033192 secs] 335486K->319095K(896640K), 0.0033808 secs] [Times: user=0.01 sys=0.00, real=0.00 secs] 
2020-10-29T15:50:47.416+0000: [GC (Allocation Failure) 2020-10-29T15:50:47.417+0000: [ParNew: 16392K->8K(18432K), 0.0031735 secs] 335479K->319095K(896640K), 0.0032283 secs] [Times: user=0.01 sys=0.00, real=0.00 secs] 
2020-10-29T15:50:47.434+0000: [GC (Allocation Failure) 2020-10-29T15:50:47.434+0000: [ParNew: 16392K->6K(18432K), 0.0032735 secs] 335479K->319093K(896640K), 0.0033322 secs] [Times: user=0.01 sys=0.00, real=0.00 secs] 
2020-10-29T15:50:47.452+0000: [GC (Allocation Failure) 2020-10-29T15:50:47.452+0000: [ParNew: 16390K->7K(18432K), 0.0032154 secs] 335477K->319094K(896640K), 0.0032720 secs] [Times: user=0.00 sys=0.00, real=0.01 secs] 
2020-10-29T15:50:47.470+0000: [GC (Allocation Failure) 2020-10-29T15:50:47.470+0000: [ParNew: 16391K->7K(18432K), 0.0032096 secs] 335478K->319094K(896640K), 0.0032655 secs] [Times: user=0.00 sys=0.00, real=0.01 secs] 
2020-10-29T15:50:47.488+0000: [GC (Allocation Failure) 2020-10-29T15:50:47.488+0000: [ParNew: 16391K->4K(18432K), 0.0032578 secs] 335478K->319094K(896640K), 0.0033144 secs] [Times: user=0.01 sys=0.00, real=0.00 secs] 
2020-10-29T15:50:47.505+0000: [GC (Allocation Failure) 2020-10-29T15:50:47.505+0000: [ParNew: 16388K->4K(18432K), 0.0034529 secs] 335478K->319094K(896640K), 0.0035099 secs] [Times: user=0.01 sys=0.00, real=0.00 secs] 
2020-10-29T15:50:47.523+0000: [GC (Allocation Failure) 2020-10-29T15:50:47.523+0000: [ParNew: 16388K->4K(18432K), 0.0032049 secs] 335478K->319094K(896640K), 0.0032613 secs] [Times: user=0.01 sys=0.00, real=0.01 secs] 
2020-10-29T15:50:47.544+0000: [GC (Allocation Failure) 2020-10-29T15:50:47.544+0000: [ParNew: 16388K->4K(18432K), 0.0032059 secs] 335478K->319094K(896640K), 0.0032640 secs] [Times: user=0.01 sys=0.00, real=0.01 secs] 
2020-10-29T15:50:47.560+0000: [GC (Allocation Failure) 2020-10-29T15:50:47.561+0000: [ParNew: 11350K->4K(18432K), 0.0031533 secs] 330440K->319094K(896640K), 0.0032100 secs] [Times: user=0.00 sys=0.00, real=0.00 secs] 
2020-10-29T15:50:47.572+0000: [GC (Allocation Failure) 2020-10-29T15:50:47.572+0000: [ParNew: 16388K->4K(18432K), 0.0042100 secs] 335478K->327286K(896640K), 0.0042673 secs] [Times: user=0.01 sys=0.00, real=0.01 secs] 
2020-10-29T15:50:47.594+0000: [GC (Allocation Failure) 2020-10-29T15:50:47.594+0000: [ParNew: 16388K->4K(18432K), 0.0032709 secs] 343670K->327286K(896640K), 0.0033287 secs] [Times: user=0.01 sys=0.00, real=0.00 secs] 
2020-10-29T15:50:47.612+0000: [GC (Allocation Failure) 2020-10-29T15:50:47.612+0000: [ParNew: 16388K->4K(18432K), 0.0032480 secs] 343670K->327286K(896640K), 0.0033064 secs] [Times: user=0.01 sys=0.00, real=0.01 secs] 
2020-10-29T15:50:47.633+0000: [GC (Allocation Failure) 2020-10-29T15:50:47.633+0000: [ParNew: 16388K->4K(18432K), 0.0032108 secs] 343670K->327286K(896640K), 0.0032691 secs] [Times: user=0.00 sys=0.00, real=0.00 secs] 
2020-10-29T15:50:47.650+0000: [GC (Allocation Failure) 2020-10-29T15:50:47.650+0000: [ParNew: 16388K->4K(18432K), 0.0032000 secs] 343670K->327286K(896640K), 0.0032561 secs] [Times: user=0.01 sys=0.00, real=0.01 secs] 
2020-10-29T15:50:47.668+0000: [GC (Allocation Failure) 2020-10-29T15:50:47.668+0000: [ParNew: 16388K->4K(18432K), 0.0032328 secs] 343670K->327286K(896640K), 0.0032926 secs] [Times: user=0.00 sys=0.00, real=0.00 secs] 
2020-10-29T15:50:47.686+0000: [GC (Allocation Failure) 2020-10-29T15:50:47.686+0000: [ParNew: 16388K->4K(18432K), 0.0032719 secs] 343670K->327286K(896640K), 0.0033294 secs] [Times: user=0.01 sys=0.00, real=0.00 secs] 
2020-10-29T15:50:47.705+0000: [GC (Allocation Failure) 2020-10-29T15:50:47.705+0000: [ParNew: 16388K->4K(18432K), 0.0032400 secs] 343670K->327286K(896640K), 0.0032991 secs] [Times: user=0.00 sys=0.00, real=0.00 secs] 
2020-10-29T15:50:47.722+0000: [GC (Allocation Failure) 2020-10-29T15:50:47.722+0000: [ParNew: 16388K->4K(18432K), 0.0033836 secs] 343670K->327286K(896640K), 0.0034420 secs] [Times: user=0.01 sys=0.00, real=0.01 secs] 
2020-10-29T15:50:47.740+0000: [GC (Allocation Failure) 2020-10-29T15:50:47.740+0000: [ParNew: 16388K->4K(18432K), 0.0031887 secs] 343670K->327286K(896640K), 0.0032532 secs] [Times: user=0.00 sys=0.00, real=0.00 secs] 
2020-10-29T15:50:47.760+0000: [GC (Allocation Failure) 2020-10-29T15:50:47.761+0000: [ParNew: 16388K->4K(18432K), 0.0033303 secs] 343670K->327286K(896640K), 0.0033871 secs] [Times: user=0.00 sys=0.00, real=0.00 secs] 
2020-10-29T15:50:47.778+0000: [GC (Allocation Failure) 2020-10-29T15:50:47.778+0000: [ParNew: 16388K->4K(18432K), 0.0032077 secs] 343670K->327286K(896640K), 0.0032647 secs] [Times: user=0.01 sys=0.00, real=0.00 secs] 
2020-10-29T15:50:47.792+0000: [GC (Allocation Failure) 2020-10-29T15:50:47.793+0000: [ParNew: 16388K->4K(18432K), 0.0041650 secs] 343670K->335478K(896640K), 0.0042251 secs] [Times: user=0.00 sys=0.00, real=0.00 secs] 
2020-10-29T15:50:47.812+0000: [GC (Allocation Failure) 2020-10-29T15:50:47.813+0000: [ParNew: 16388K->4K(18432K), 0.0031961 secs] 351862K->335478K(896640K), 0.0032540 secs] [Times: user=0.01 sys=0.00, real=0.00 secs] 
2020-10-29T15:50:47.832+0000: [GC (Allocation Failure) 2020-10-29T15:50:47.833+0000: [ParNew: 16388K->4K(18432K), 0.0032175 secs] 351862K->335478K(896640K), 0.0032757 secs] [Times: user=0.01 sys=0.00, real=0.00 secs] 
2020-10-29T15:50:47.852+0000: [GC (Allocation Failure) 2020-10-29T15:50:47.853+0000: [ParNew: 16388K->4K(18432K), 0.0031695 secs] 351862K->335478K(896640K), 0.0032251 secs] [Times: user=0.00 sys=0.00, real=0.00 secs] 
2020-10-29T15:50:47.872+0000: [GC (Allocation Failure) 2020-10-29T15:50:47.873+0000: [ParNew: 16388K->4K(18432K), 0.0032380 secs] 351862K->335478K(896640K), 0.0032969 secs] [Times: user=0.01 sys=0.00, real=0.00 secs] 
2020-10-29T15:50:47.890+0000: [GC (Allocation Failure) 2020-10-29T15:50:47.890+0000: [ParNew: 16388K->4K(18432K), 0.0032193 secs] 351862K->335478K(896640K), 0.0032771 secs] [Times: user=0.01 sys=0.00, real=0.01 secs] 
2020-10-29T15:50:47.908+0000: [GC (Allocation Failure) 2020-10-29T15:50:47.908+0000: [ParNew: 16388K->4K(18432K), 0.0032178 secs] 351862K->335478K(896640K), 0.0032744 secs] [Times: user=0.01 sys=0.00, real=0.00 secs] 
2020-10-29T15:50:47.926+0000: [GC (Allocation Failure) 2020-10-29T15:50:47.926+0000: [ParNew: 16388K->4K(18432K), 0.0032670 secs] 351862K->335478K(896640K), 0.0033241 secs] [Times: user=0.01 sys=0.00, real=0.00 secs] 
2020-10-29T15:50:47.943+0000: [GC (Allocation Failure) 2020-10-29T15:50:47.943+0000: [ParNew: 16388K->4K(18432K), 0.0033037 secs] 351862K->335478K(896640K), 0.0033612 secs] [Times: user=0.01 sys=0.00, real=0.01 secs] 
2020-10-29T15:50:47.964+0000: [GC (Allocation Failure) 2020-10-29T15:50:47.965+0000: [ParNew: 16388K->4K(18432K), 0.0031101 secs] 351862K->335478K(896640K), 0.0031642 secs] [Times: user=0.01 sys=0.00, real=0.00 secs] 
2020-10-29T15:50:47.982+0000: [GC (Allocation Failure) 2020-10-29T15:50:47.982+0000: [ParNew: 16388K->4K(18432K), 0.0031921 secs] 351862K->335478K(896640K), 0.0032465 secs] [Times: user=0.01 sys=0.00, real=0.01 secs] 
2020-10-29T15:50:48.004+0000: [GC (Allocation Failure) 2020-10-29T15:50:48.004+0000: [ParNew: 16388K->4K(18432K), 0.0032519 secs] 351862K->335478K(896640K), 0.0033014 secs] [Times: user=0.01 sys=0.00, real=0.01 secs] 
2020-10-29T15:50:48.021+0000: [GC (Allocation Failure) 2020-10-29T15:50:48.021+0000: [ParNew: 16388K->4K(18432K), 0.0032520 secs] 351862K->335478K(896640K), 0.0033061 secs] [Times: user=0.01 sys=0.00, real=0.01 secs] 
2020-10-29T15:50:48.040+0000: [GC (Allocation Failure) 2020-10-29T15:50:48.040+0000: [ParNew: 16388K->4K(18432K), 0.0032171 secs] 351862K->335478K(896640K), 0.0032738 secs] [Times: user=0.01 sys=0.00, real=0.00 secs] 
2020-10-29T15:50:48.058+0000: [GC (Allocation Failure) 2020-10-29T15:50:48.058+0000: [ParNew: 16388K->4K(18432K), 0.0032865 secs] 351862K->335478K(896640K), 0.0033431 secs] [Times: user=0.01 sys=0.00, real=0.00 secs] 
2020-10-29T15:50:48.076+0000: [GC (Allocation Failure) 2020-10-29T15:50:48.076+0000: [ParNew: 16388K->4K(18432K), 0.0031933 secs] 351862K->335478K(896640K), 0.0032561 secs] [Times: user=0.00 sys=0.00, real=0.00 secs] 
2020-10-29T15:50:48.094+0000: [GC (Allocation Failure) 2020-10-29T15:50:48.094+0000: [ParNew: 16388K->4K(18432K), 0.0032931 secs] 351862K->335478K(896640K), 0.0033500 secs] [Times: user=0.01 sys=0.00, real=0.00 secs] 
2020-10-29T15:50:48.111+0000: [GC (Allocation Failure) 2020-10-29T15:50:48.111+0000: [ParNew: 16388K->4K(18432K), 0.0032230 secs] 351862K->335478K(896640K), 0.0032796 secs] [Times: user=0.00 sys=0.00, real=0.01 secs] 
2020-10-29T15:50:48.128+0000: [GC (Allocation Failure) 2020-10-29T15:50:48.129+0000: [ParNew: 16388K->4K(18432K), 0.0041290 secs] 351862K->343670K(896640K), 0.0041890 secs] [Times: user=0.01 sys=0.00, real=0.01 secs] 
2020-10-29T15:50:48.148+0000: [GC (Allocation Failure) 2020-10-29T15:50:48.148+0000: [ParNew: 16388K->4K(18432K), 0.0032728 secs] 360054K->343670K(896640K), 0.0033291 secs] [Times: user=0.01 sys=0.00, real=0.00 secs] 
2020-10-29T15:50:48.165+0000: [GC (Allocation Failure) 2020-10-29T15:50:48.165+0000: [ParNew: 16388K->4K(18432K), 0.0032570 secs] 360054K->343670K(896640K), 0.0033164 secs] [Times: user=0.00 sys=0.00, real=0.00 secs] 
2020-10-29T15:50:48.183+0000: [GC (Allocation Failure) 2020-10-29T15:50:48.183+0000: [ParNew: 16388K->4K(18432K), 0.0032230 secs] 360054K->343670K(896640K), 0.0032796 secs] [Times: user=0.01 sys=0.00, real=0.01 secs] 
2020-10-29T15:50:48.204+0000: [GC (Allocation Failure) 2020-10-29T15:50:48.205+0000: [ParNew: 16388K->4K(18432K), 0.0033027 secs] 360054K->343670K(896640K), 0.0033623 secs] [Times: user=0.01 sys=0.00, real=0.00 secs] 
2020-10-29T15:50:48.222+0000: [GC (Allocation Failure) 2020-10-29T15:50:48.222+0000: [ParNew: 16388K->4K(18432K), 0.0032443 secs] 360054K->343670K(896640K), 0.0033022 secs] [Times: user=0.00 sys=0.00, real=0.01 secs] 
2020-10-29T15:50:48.240+0000: [GC (Allocation Failure) 2020-10-29T15:50:48.240+0000: [ParNew: 16388K->4K(18432K), 0.0032720 secs] 360054K->343670K(896640K), 0.0033289 secs] [Times: user=0.01 sys=0.00, real=0.00 secs] 
2020-10-29T15:50:48.260+0000: [GC (Allocation Failure) 2020-10-29T15:50:48.261+0000: [ParNew: 16388K->4K(18432K), 0.0031940 secs] 360054K->343670K(896640K), 0.0032510 secs] [Times: user=0.01 sys=0.00, real=0.00 secs] 
2020-10-29T15:50:48.278+0000: [GC (Allocation Failure) 2020-10-29T15:50:48.278+0000: [ParNew: 16388K->4K(18432K), 0.0031685 secs] 360054K->343670K(896640K), 0.0032237 secs] [Times: user=0.01 sys=0.00, real=0.00 secs] 
2020-10-29T15:50:48.296+0000: [GC (Allocation Failure) 2020-10-29T15:50:48.297+0000: [ParNew: 16388K->4K(18432K), 0.0032340 secs] 360054K->343670K(896640K), 0.0032915 secs] [Times: user=0.01 sys=0.00, real=0.00 secs] 
2020-10-29T15:50:48.317+0000: [GC (Allocation Failure) 2020-10-29T15:50:48.317+0000: [ParNew: 16388K->4K(18432K), 0.0032303 secs] 360054K->343670K(896640K), 0.0032878 secs] [Times: user=0.00 sys=0.00, real=0.00 secs] 
2020-10-29T15:50:48.336+0000: [GC (Allocation Failure) 2020-10-29T15:50:48.337+0000: [ParNew: 16388K->4K(18432K), 0.0032391 secs] 360054K->343670K(896640K), 0.0033051 secs] [Times: user=0.01 sys=0.00, real=0.00 secs] 
2020-10-29T15:50:48.358+0000: [GC (Allocation Failure) 2020-10-29T15:50:48.358+0000: [ParNew: 16388K->4K(18432K), 0.0031769 secs] 360054K->343670K(896640K), 0.0032327 secs] [Times: user=0.00 sys=0.00, real=0.00 secs] 
2020-10-29T15:50:48.372+0000: [GC (Allocation Failure) 2020-10-29T15:50:48.373+0000: [ParNew: 16388K->4K(18432K), 0.0040831 secs] 360054K->351862K(896640K), 0.0041376 secs] [Times: user=0.01 sys=0.00, real=0.00 secs] 
2020-10-29T15:50:48.391+0000: [GC (Allocation Failure) 2020-10-29T15:50:48.391+0000: [ParNew: 16388K->4K(18432K), 0.0032928 secs] 368246K->351862K(896640K), 0.0033494 secs] [Times: user=0.00 sys=0.00, real=0.01 secs] 
2020-10-29T15:50:48.409+0000: [GC (Allocation Failure) 2020-10-29T15:50:48.409+0000: [ParNew: 16388K->4K(18432K), 0.0032515 secs] 368246K->351862K(896640K), 0.0033105 secs] [Times: user=0.01 sys=0.00, real=0.01 secs] 
2020-10-29T15:50:48.427+0000: [GC (Allocation Failure) 2020-10-29T15:50:48.427+0000: [ParNew: 16388K->4K(18432K), 0.0032706 secs] 368246K->351862K(896640K), 0.0033378 secs] [Times: user=0.01 sys=0.00, real=0.00 secs] 
2020-10-29T15:50:48.445+0000: [GC (Allocation Failure) 2020-10-29T15:50:48.445+0000: [ParNew: 16388K->4K(18432K), 0.0032559 secs] 368246K->351862K(896640K), 0.0033215 secs] [Times: user=0.01 sys=0.00, real=0.00 secs] 
2020-10-29T15:50:48.463+0000: [GC (Allocation Failure) 2020-10-29T15:50:48.463+0000: [ParNew: 16388K->4K(18432K), 0.0032425 secs] 368246K->351862K(896640K), 0.0032976 secs] [Times: user=0.00 sys=0.00, real=0.01 secs] 
2020-10-29T15:50:48.481+0000: [GC (Allocation Failure) 2020-10-29T15:50:48.481+0000: [ParNew: 16388K->4K(18432K), 0.0032188 secs] 368246K->351862K(896640K), 0.0032736 secs] [Times: user=0.01 sys=0.01, real=0.00 secs] 
2020-10-29T15:50:48.500+0000: [GC (Allocation Failure) 2020-10-29T15:50:48.501+0000: [ParNew: 16388K->4K(18432K), 0.0031668 secs] 368246K->351862K(896640K), 0.0032233 secs] [Times: user=0.01 sys=0.00, real=0.00 secs] 
2020-10-29T15:50:48.518+0000: [GC (Allocation Failure) 2020-10-29T15:50:48.518+0000: [ParNew: 16388K->4K(18432K), 0.0031760 secs] 368246K->351862K(896640K), 0.0032314 secs] [Times: user=0.00 sys=0.00, real=0.00 secs] 
2020-10-29T15:50:48.536+0000: [GC (Allocation Failure) 2020-10-29T15:50:48.537+0000: [ParNew: 16388K->4K(18432K), 0.0031497 secs] 368246K->351862K(896640K), 0.0032047 secs] [Times: user=0.01 sys=0.00, real=0.00 secs] 
2020-10-29T15:50:48.554+0000: [GC (Allocation Failure) 2020-10-29T15:50:48.554+0000: [ParNew: 16388K->4K(18432K), 0.0032114 secs] 368246K->351862K(896640K), 0.0032667 secs] [Times: user=0.00 sys=0.00, real=0.00 secs] 
2020-10-29T15:50:48.572+0000: [GC (Allocation Failure) 2020-10-29T15:50:48.572+0000: [ParNew: 16388K->4K(18432K), 0.0031936 secs] 368246K->351862K(896640K), 0.0032497 secs] [Times: user=0.01 sys=0.00, real=0.01 secs] 
2020-10-29T15:50:48.590+0000: [GC (Allocation Failure) 2020-10-29T15:50:48.590+0000: [ParNew: 16388K->4K(18432K), 0.0031759 secs] 368246K->351862K(896640K), 0.0032296 secs] [Times: user=0.00 sys=0.00, real=0.01 secs] 
2020-10-29T15:50:48.608+0000: [GC (Allocation Failure) 2020-10-29T15:50:48.609+0000: [ParNew: 16388K->4K(18432K), 0.0031454 secs] 368246K->351862K(896640K), 0.0031995 secs] [Times: user=0.01 sys=0.00, real=0.00 secs] 
2020-10-29T15:50:48.628+0000: [GC (Allocation Failure) 2020-10-29T15:50:48.629+0000: [ParNew: 16388K->4K(18432K), 0.0030361 secs] 368246K->351862K(896640K), 0.0030852 secs] [Times: user=0.01 sys=0.00, real=0.00 secs] 
2020-10-29T15:50:48.646+0000: [GC (Allocation Failure) 2020-10-29T15:50:48.646+0000: [ParNew: 16388K->4K(18432K), 0.0031720 secs] 368246K->351862K(896640K), 0.0032280 secs] [Times: user=0.01 sys=0.00, real=0.00 secs] 
2020-10-29T15:50:48.664+0000: [GC (Allocation Failure) 2020-10-29T15:50:48.665+0000: [ParNew: 16388K->4K(18432K), 0.0031803 secs] 368246K->351862K(896640K), 0.0032363 secs] [Times: user=0.01 sys=0.00, real=0.00 secs] 
2020-10-29T15:50:48.680+0000: [GC (Allocation Failure) 2020-10-29T15:50:48.681+0000: [ParNew: 16388K->4K(18432K), 0.0057438 secs] 368246K->360054K(896640K), 0.0057999 secs] [Times: user=0.01 sys=0.00, real=0.01 secs] 
2020-10-29T15:50:48.704+0000: [GC (Allocation Failure) 2020-10-29T15:50:48.704+0000: [ParNew: 16388K->4K(18432K), 0.0031362 secs] 376438K->360054K(896640K), 0.0031894 secs] [Times: user=0.00 sys=0.00, real=0.01 secs] 
2020-10-29T15:50:48.722+0000: [GC (Allocation Failure) 2020-10-29T15:50:48.722+0000: [ParNew: 16388K->4K(18432K), 0.0031755 secs] 376438K->360054K(896640K), 0.0032448 secs] [Times: user=0.00 sys=0.00, real=0.01 secs] 
2020-10-29T15:50:48.744+0000: [GC (Allocation Failure) 2020-10-29T15:50:48.744+0000: [ParNew: 16388K->4K(18432K), 0.0031580 secs] 409206K->392822K(896640K), 0.0032134 secs] [Times: user=0.01 sys=0.00, real=0.00 secs] 
2020-10-29T15:50:48.748+0000: [GC (CMS Initial Mark) [1 CMS-initial-mark: 392818K(878208K)] 393032K(896640K), 0.0012889 secs] [Times: user=0.00 sys=0.00, real=0.00 secs] 
2020-10-29T15:50:48.749+0000: [CMS-concurrent-mark-start]
2020-10-29T15:50:48.775+0000: [GC (Allocation Failure) 2020-10-29T15:50:48.775+0000: [ParNew: 16388K->4K(18432K), 0.0032821 secs] 409206K->392822K(896640K), 0.0033416 secs] [Times: user=0.00 sys=0.00, real=0.00 secs] 
2020-10-29T15:50:48.803+0000: [CMS-concurrent-mark: 0.050/0.053 secs] [Times: user=0.10 sys=0.01, real=0.05 secs] 
2020-10-29T15:50:48.803+0000: [CMS-concurrent-preclean-start]
2020-10-29T15:50:48.804+0000: [GC (Allocation Failure) 2020-10-29T15:50:48.804+0000: [ParNew: 16388K->4K(18432K), 0.0028327 secs] 409206K->392822K(896640K), 0.0028785 secs] [Times: user=0.01 sys=0.00, real=0.01 secs] 
2020-10-29T15:50:48.809+0000: [CMS-concurrent-preclean: 0.003/0.006 secs] [Times: user=0.01 sys=0.00, real=0.01 secs] 
2020-10-29T15:50:48.820+0000: [GC (CMS Final Remark) [YG occupancy: 9999 K (18432 K)]2020-10-29T15:50:48.821+0000: [Rescan (parallel) , 0.0082484 secs]2020-10-29T15:50:48.829+0000: [weak refs processing, 0.0000362 secs]2020-10-29T15:50:48.829+0000: [class unloading, 0.0085954 secs]2020-10-29T15:50:48.837+0000: [scrub symbol table, 0.0102316 secs]2020-10-29T15:50:48.848+0000: [scrub string table, 0.0005815 secs][1 CMS-remark: 392818K(878208K)] 402817K(896640K), 0.0278491 secs] [Times: user=0.04 sys=0.00, real=0.03 secs] 
2020-10-29T15:50:48.848+0000: [CMS-concurrent-sweep-start]
2020-10-29T15:50:48.859+0000: [CMS-concurrent-sweep: 0.010/0.010 secs] [Times: user=0.01 sys=0.01, real=0.01 secs] 
2020-10-29T15:50:48.859+0000: [CMS-concurrent-reset-start]
2020-10-29T15:50:48.861+0000: [CMS-concurrent-reset: 0.002/0.002 secs] [Times: user=0.00 sys=0.00, real=0.00 secs] 
2020-10-29T15:50:48.862+0000: [GC (Allocation Failure) 2020-10-29T15:50:48.862+0000: [ParNew: 16388K->4K(18432K), 0.0032189 secs] 392821K->376437K(896640K), 0.0032637 secs] [Times: user=0.01 sys=0.00, real=0.01 secs] 
2020-10-29T15:50:48.880+0000: [GC (Allocation Failure) 2020-10-29T15:50:48.881+0000: [ParNew: 16388K->4K(18432K), 0.0048223 secs] 392821K->376437K(896640K), 0.0048800 secs] [Times: user=0.01 sys=0.00, real=0.01 secs] 
2020-10-29T15:50:48.900+0000: [GC (Allocation Failure) 2020-10-29T15:50:48.901+0000: [ParNew: 16388K->4K(18432K), 0.0032561 secs] 392821K->376437K(896640K), 0.0033135 secs] [Times: user=0.00 sys=0.00, real=0.00 secs] 
2020-10-29T15:50:48.918+0000: [GC (Allocation Failure) 2020-10-29T15:50:48.918+0000: [ParNew: 16388K->4K(18432K), 0.0033172 secs] 392821K->376438K(896640K), 0.0033730 secs] [Times: user=0.01 sys=0.00, real=0.00 secs] 
2020-10-29T15:50:48.936+0000: [GC (Allocation Failure) 2020-10-29T15:50:48.936+0000: [ParNew: 16388K->4K(18432K), 0.0032658 secs] 392822K->376438K(896640K), 0.0033462 secs] [Times: user=0.01 sys=0.00, real=0.00 secs] 
2020-10-29T15:50:48.956+0000: [GC (Allocation Failure) 2020-10-29T15:50:48.957+0000: [ParNew: 16388K->4K(18432K), 0.0031985 secs] 392822K->376438K(896640K), 0.0032539 secs] [Times: user=0.00 sys=0.00, real=0.00 secs] 
2020-10-29T15:50:48.976+0000: [GC (Allocation Failure) 2020-10-29T15:50:48.977+0000: [ParNew: 16388K->4K(18432K), 0.0032489 secs] 392822K->376438K(896640K), 0.0033088 secs] [Times: user=0.00 sys=0.00, real=0.00 secs] 
2020-10-29T15:50:48.996+0000: [GC (Allocation Failure) 2020-10-29T15:50:48.997+0000: [ParNew: 16388K->4K(18432K), 0.0031825 secs] 392822K->376438K(896640K), 0.0032393 secs] [Times: user=0.00 sys=0.00, real=0.00 secs] 
2020-10-29T15:50:49.013+0000: [GC (Allocation Failure) 2020-10-29T15:50:49.013+0000: [ParNew: 16388K->4K(18432K), 0.0042166 secs] 392822K->384630K(896640K), 0.0042782 secs] [Times: user=0.00 sys=0.00, real=0.00 secs] 
2020-10-29T15:50:49.033+0000: [GC (Allocation Failure) 2020-10-29T15:50:49.033+0000: [ParNew: 16388K->6K(18432K), 0.0033073 secs] 401014K->384632K(896640K), 0.0033749 secs] [Times: user=0.01 sys=0.00, real=0.00 secs] 
2020-10-29T15:50:49.050+0000: [GC (Allocation Failure) 2020-10-29T15:50:49.050+0000: [ParNew: 16390K->4K(18432K), 0.0032061 secs] 401016K->384630K(896640K), 0.0032633 secs] [Times: user=0.01 sys=0.00, real=0.01 secs] 
2020-10-29T15:50:49.072+0000: [GC (Allocation Failure) 2020-10-29T15:50:49.072+0000: [ParNew: 16388K->4K(18432K), 0.0032387 secs] 401014K->384630K(896640K), 0.0033227 secs] [Times: user=0.01 sys=0.00, real=0.01 secs] 
2020-10-29T15:50:49.092+0000: [GC (Allocation Failure) 2020-10-29T15:50:49.093+0000: [ParNew: 16388K->4K(18432K), 0.0031961 secs] 401014K->384630K(896640K), 0.0032525 secs] [Times: user=0.00 sys=0.00, real=0.00 secs] 
2020-10-29T15:50:49.110+0000: [GC (Allocation Failure) 2020-10-29T15:50:49.110+0000: [ParNew: 16388K->4K(18432K), 0.0032926 secs] 401014K->384630K(896640K), 0.0033496 secs] [Times: user=0.01 sys=0.00, real=0.01 secs] 
2020-10-29T15:50:49.128+0000: [GC (Allocation Failure) 2020-10-29T15:50:49.128+0000: [ParNew: 16388K->4K(18432K), 0.0032950 secs] 401014K->384630K(896640K), 0.0033611 secs] [Times: user=0.01 sys=0.00, real=0.00 secs] 
2020-10-29T15:50:49.146+0000: [GC (Allocation Failure) 2020-10-29T15:50:49.146+0000: [ParNew: 16388K->4K(18432K), 0.0032042 secs] 401014K->384630K(896640K), 0.0032609 secs] [Times: user=0.01 sys=0.00, real=0.00 secs] 
2020-10-29T15:50:49.168+0000: [GC (Allocation Failure) 2020-10-29T15:50:49.168+0000: [ParNew: 16388K->4K(18432K), 0.0031705 secs] 401014K->384630K(896640K), 0.0032260 secs] [Times: user=0.00 sys=0.00, real=0.00 secs] 
2020-10-29T15:50:49.186+0000: [GC (Allocation Failure) 2020-10-29T15:50:49.186+0000: [ParNew: 16388K->4K(18432K), 0.0032215 secs] 401014K->384630K(896640K), 0.0032774 secs] [Times: user=0.01 sys=0.00, real=0.00 secs] 
2020-10-29T15:50:49.203+0000: [GC (Allocation Failure) 2020-10-29T15:50:49.203+0000: [ParNew: 16388K->4K(18432K), 0.0031873 secs] 401014K->384630K(896640K), 0.0032416 secs] [Times: user=0.00 sys=0.00, real=0.01 secs] 
2020-10-29T15:50:49.221+0000: [GC (Allocation Failure) 2020-10-29T15:50:49.221+0000: [ParNew: 16388K->4K(18432K), 0.0032420 secs] 401014K->384630K(896640K), 0.0032966 secs] [Times: user=0.01 sys=0.00, real=0.01 secs] 
2020-10-29T15:50:49.239+0000: [GC (Allocation Failure) 2020-10-29T15:50:49.239+0000: [ParNew: 16388K->4K(18432K), 0.0031786 secs] 401014K->384630K(896640K), 0.0032343 secs] [Times: user=0.00 sys=0.00, real=0.00 secs] 
2020-10-29T15:50:49.260+0000: [GC (Allocation Failure) 2020-10-29T15:50:49.260+0000: [ParNew: 16388K->4K(18432K), 0.0031979 secs] 401014K->384630K(896640K), 0.0032531 secs] [Times: user=0.00 sys=0.00, real=0.00 secs] 
2020-10-29T15:50:49.280+0000: [GC (Allocation Failure) 2020-10-29T15:50:49.281+0000: [ParNew: 16388K->4K(18432K), 0.0032500 secs] 401014K->384630K(896640K), 0.0033088 secs] [Times: user=0.01 sys=0.00, real=0.00 secs] 
2020-10-29T15:50:49.298+0000: [GC (Allocation Failure) 2020-10-29T15:50:49.298+0000: [ParNew: 16388K->4K(18432K), 0.0032875 secs] 401014K->384630K(896640K), 0.0033436 secs] [Times: user=0.01 sys=0.00, real=0.00 secs] 
2020-10-29T15:50:49.312+0000: [GC (Allocation Failure) 2020-10-29T15:50:49.313+0000: [ParNew: 16388K->4K(18432K), 0.0040546 secs] 401014K->392823K(896640K), 0.0041103 secs] [Times: user=0.01 sys=0.00, real=0.00 secs] 
2020-10-29T15:50:49.332+0000: [GC (Allocation Failure) 2020-10-29T15:50:49.333+0000: [ParNew: 16388K->4K(18432K), 0.0031615 secs] 409207K->392823K(896640K), 0.0032174 secs] [Times: user=0.00 sys=0.00, real=0.00 secs] 
2020-10-29T15:50:49.350+0000: [GC (Allocation Failure) 2020-10-29T15:50:49.350+0000: [ParNew: 16388K->4K(18432K), 0.0032135 secs] 409207K->392823K(896640K), 0.0032736 secs] [Times: user=0.01 sys=0.00, real=0.01 secs] 
2020-10-29T15:50:49.368+0000: [GC (Allocation Failure) 2020-10-29T15:50:49.368+0000: [ParNew: 16388K->4K(18432K), 0.0031998 secs] 409207K->392823K(896640K), 0.0032557 secs] [Times: user=0.01 sys=0.00, real=0.00 secs] 
2020-10-29T15:50:49.385+0000: [GC (Allocation Failure) 2020-10-29T15:50:49.386+0000: [ParNew: 16388K->4K(18432K), 0.0031635 secs] 409207K->392823K(896640K), 0.0032185 secs] [Times: user=0.01 sys=0.00, real=0.00 secs] 
2020-10-29T15:50:49.404+0000: [GC (Allocation Failure) 2020-10-29T15:50:49.404+0000: [ParNew: 16388K->4K(18432K), 0.0031477 secs] 409207K->392823K(896640K), 0.0032024 secs] [Times: user=0.01 sys=0.00, real=0.01 secs] 
2020-10-29T15:50:49.421+0000: [GC (Allocation Failure) 2020-10-29T15:50:49.421+0000: [ParNew: 16388K->4K(18432K), 0.0032032 secs] 409207K->392823K(896640K), 0.0032582 secs] [Times: user=0.00 sys=0.00, real=0.01 secs] 
2020-10-29T15:50:49.439+0000: [GC (Allocation Failure) 2020-10-29T15:50:49.439+0000: [ParNew: 16388K->4K(18432K), 0.0031296 secs] 409207K->392823K(896640K), 0.0031835 secs] [Times: user=0.00 sys=0.00, real=0.00 secs] 
2020-10-29T15:50:49.457+0000: [GC (Allocation Failure) 2020-10-29T15:50:49.457+0000: [ParNew: 16388K->4K(18432K), 0.0032164 secs] 409207K->392823K(896640K), 0.0032728 secs] [Times: user=0.01 sys=0.00, real=0.00 secs] 
2020-10-29T15:50:49.476+0000: [GC (Allocation Failure) 2020-10-29T15:50:49.477+0000: [ParNew: 16388K->4K(18432K), 0.0031789 secs] 409207K->392823K(896640K), 0.0032349 secs] [Times: user=0.01 sys=0.00, real=0.00 secs] 
2020-10-29T15:50:49.496+0000: [GC (Allocation Failure) 2020-10-29T15:50:49.497+0000: [ParNew: 16388K->4K(18432K), 0.0031761 secs] 409207K->392823K(896640K), 0.0032309 secs] [Times: user=0.01 sys=0.00, real=0.00 secs] 
2020-10-29T15:50:49.516+0000: [GC (Allocation Failure) 2020-10-29T15:50:49.517+0000: [ParNew: 16388K->4K(18432K), 0.0031929 secs] 409207K->392823K(896640K), 0.0032518 secs] [Times: user=0.01 sys=0.00, real=0.00 secs] 
2020-10-29T15:50:49.536+0000: [GC (Allocation Failure) 2020-10-29T15:50:49.537+0000: [ParNew: 16388K->4K(18432K), 0.0032025 secs] 409207K->392823K(896640K), 0.0032580 secs] [Times: user=0.00 sys=0.00, real=0.00 secs] 
2020-10-29T15:50:49.555+0000: [GC (Allocation Failure) 2020-10-29T15:50:49.555+0000: [ParNew: 16388K->4K(18432K), 0.0031816 secs] 409207K->392823K(896640K), 0.0032371 secs] [Times: user=0.01 sys=0.00, real=0.00 secs] 
2020-10-29T15:50:49.572+0000: [GC (Allocation Failure) 2020-10-29T15:50:49.572+0000: [ParNew: 16388K->4K(18432K), 0.0030762 secs] 409207K->392823K(896640K), 0.0031282 secs] [Times: user=0.00 sys=0.00, real=0.01 secs] 
2020-10-29T15:50:49.590+0000: [GC (Allocation Failure) 2020-10-29T15:50:49.590+0000: [ParNew: 16388K->4K(18432K), 0.0031988 secs] 409207K->392823K(896640K), 0.0032546 secs] [Times: user=0.01 sys=0.00, real=0.01 secs] 
2020-10-29T15:50:49.604+0000: [GC (Allocation Failure) 2020-10-29T15:50:49.605+0000: [ParNew: 16388K->4K(18432K), 0.0041756 secs] 409207K->401015K(896640K), 0.0042343 secs] [Times: user=0.00 sys=0.00, real=0.00 secs] 
2020-10-29T15:50:49.624+0000: [GC (Allocation Failure) 2020-10-29T15:50:49.625+0000: [ParNew: 16388K->4K(18432K), 0.0031551 secs] 417399K->401015K(896640K), 0.0032097 secs] [Times: user=0.01 sys=0.00, real=0.00 secs] 
2020-10-29T15:50:49.642+0000: [GC (Allocation Failure) 2020-10-29T15:50:49.642+0000: [ParNew: 16388K->4K(18432K), 0.0031537 secs] 417399K->401015K(896640K), 0.0032241 secs] [Times: user=0.00 sys=0.00, real=0.01 secs] 
2020-10-29T15:50:49.664+0000: [GC (Allocation Failure) 2020-10-29T15:50:49.664+0000: [ParNew: 16388K->4K(18432K), 0.0031844 secs] 417399K->401015K(896640K), 0.0032390 secs] [Times: user=0.00 sys=0.00, real=0.01 secs] 
2020-10-29T15:50:49.684+0000: [GC (Allocation Failure) 2020-10-29T15:50:49.684+0000: [ParNew: 16388K->4K(18432K), 0.0031961 secs] 417399K->401015K(896640K), 0.0032515 secs] [Times: user=0.01 sys=0.01, real=0.00 secs] 
2020-10-29T15:50:49.704+0000: [GC (Allocation Failure) 2020-10-29T15:50:49.705+0000: [ParNew: 16388K->4K(18432K), 0.0031630 secs] 417399K->401015K(896640K), 0.0032172 secs] [Times: user=0.00 sys=0.00, real=0.00 secs] 
2020-10-29T15:50:49.722+0000: [GC (Allocation Failure) 2020-10-29T15:50:49.722+0000: [ParNew: 16388K->4K(18432K), 0.0032156 secs] 417399K->401015K(896640K), 0.0032723 secs] [Times: user=0.01 sys=0.00, real=0.01 secs] 
2020-10-29T15:50:49.740+0000: [GC (Allocation Failure) 2020-10-29T15:50:49.741+0000: [ParNew: 16388K->4K(18432K), 0.0031692 secs] 417399K->401015K(896640K), 0.0032242 secs] [Times: user=0.01 sys=0.00, real=0.00 secs] 
2020-10-29T15:50:49.760+0000: [GC (Allocation Failure) 2020-10-29T15:50:49.761+0000: [ParNew: 16388K->4K(18432K), 0.0032488 secs] 417399K->401015K(896640K), 0.0033145 secs] [Times: user=0.01 sys=0.00, real=0.00 secs] 
2020-10-29T15:50:49.778+0000: [GC (Allocation Failure) 2020-10-29T15:50:49.778+0000: [ParNew: 16388K->4K(18432K), 0.0032206 secs] 417399K->401015K(896640K), 0.0032778 secs] [Times: user=0.01 sys=0.00, real=0.00 secs] 
2020-10-29T15:50:49.796+0000: [GC (Allocation Failure) 2020-10-29T15:50:49.796+0000: [ParNew: 16388K->4K(18432K), 0.0031496 secs] 417399K->401015K(896640K), 0.0032037 secs] [Times: user=0.01 sys=0.00, real=0.00 secs] 
2020-10-29T15:50:49.816+0000: [GC (Allocation Failure) 2020-10-29T15:50:49.817+0000: [ParNew: 16388K->4K(18432K), 0.0032061 secs] 417399K->401015K(896640K), 0.0032638 secs] [Times: user=0.00 sys=0.00, real=0.00 secs] 
2020-10-29T15:50:49.836+0000: [GC (Allocation Failure) 2020-10-29T15:50:49.837+0000: [ParNew: 16388K->4K(18432K), 0.0033113 secs] 417399K->401015K(896640K), 0.0033732 secs] [Times: user=0.01 sys=0.00, real=0.00 secs] 
2020-10-29T15:50:49.854+0000: [GC (Allocation Failure) 2020-10-29T15:50:49.854+0000: [ParNew: 16388K->4K(18432K), 0.0032326 secs] 417399K->401015K(896640K), 0.0033086 secs] [Times: user=0.00 sys=0.00, real=0.00 secs] 
2020-10-29T15:50:49.868+0000: [GC (Allocation Failure) 2020-10-29T15:50:49.868+0000: [ParNew: 8911K->4K(18432K), 0.0031407 secs] 409922K->401015K(896640K), 0.0031933 secs] [Times: user=0.01 sys=0.00, real=0.00 secs] 
2020-10-29T15:50:49.880+0000: [GC (Allocation Failure) 2020-10-29T15:50:49.880+0000: [ParNew: 16388K->4K(18432K), 0.0041755 secs] 417399K->409207K(896640K), 0.0042382 secs] [Times: user=0.01 sys=0.00, real=0.00 secs] 
2020-10-29T15:50:49.899+0000: [GC (Allocation Failure) 2020-10-29T15:50:49.899+0000: [ParNew: 16388K->4K(18432K), 0.0032713 secs] 425591K->409207K(896640K), 0.0033295 secs] [Times: user=0.00 sys=0.00, real=0.00 secs] 
2020-10-29T15:50:49.920+0000: [GC (Allocation Failure) 2020-10-29T15:50:49.920+0000: [ParNew: 16388K->4K(18432K), 0.0032573 secs] 425591K->409207K(896640K), 0.0033142 secs] [Times: user=0.01 sys=0.00, real=0.00 secs] 
2020-10-29T15:50:49.938+0000: [GC (Allocation Failure) 2020-10-29T15:50:49.938+0000: [ParNew: 16388K->4K(18432K), 0.0032852 secs] 425591K->409207K(896640K), 0.0033448 secs] [Times: user=0.00 sys=0.00, real=0.00 secs] 
2020-10-29T15:50:49.956+0000: [GC (Allocation Failure) 2020-10-29T15:50:49.956+0000: [ParNew: 16388K->4K(18432K), 0.0031767 secs] 425591K->409207K(896640K), 0.0032319 secs] [Times: user=0.00 sys=0.00, real=0.00 secs] 
2020-10-29T15:50:49.973+0000: [GC (Allocation Failure) 2020-10-29T15:50:49.973+0000: [ParNew: 16388K->4K(18432K), 0.0031931 secs] 425591K->409207K(896640K), 0.0032474 secs] [Times: user=0.01 sys=0.00, real=0.00 secs] 
2020-10-29T15:50:49.992+0000: [GC (Allocation Failure) 2020-10-29T15:50:49.992+0000: [ParNew: 16388K->4K(18432K), 0.0031753 secs] 425591K->409207K(896640K), 0.0032273 secs] [Times: user=0.01 sys=0.00, real=0.00 secs] 
2020-10-29T15:50:50.012+0000: [GC (Allocation Failure) 2020-10-29T15:50:50.013+0000: [ParNew: 16388K->4K(18432K), 0.0032388 secs] 425591K->409207K(896640K), 0.0032904 secs] [Times: user=0.01 sys=0.00, real=0.00 secs] 
2020-10-29T15:50:50.032+0000: [GC (Allocation Failure) 2020-10-29T15:50:50.033+0000: [ParNew: 16388K->4K(18432K), 0.0031870 secs] 425591K->409207K(896640K), 0.0032436 secs] [Times: user=0.00 sys=0.00, real=0.00 secs] 
2020-10-29T15:50:50.052+0000: [GC (Allocation Failure) 2020-10-29T15:50:50.053+0000: [ParNew: 16388K->4K(18432K), 0.0031735 secs] 425591K->409207K(896640K), 0.0032301 secs] [Times: user=0.00 sys=0.00, real=0.00 secs] 
2020-10-29T15:50:50.070+0000: [GC (Allocation Failure) 2020-10-29T15:50:50.070+0000: [ParNew: 16388K->4K(18432K), 0.0033116 secs] 425591K->409207K(896640K), 0.0033700 secs] [Times: user=0.01 sys=0.00, real=0.01 secs] 
2020-10-29T15:50:50.088+0000: [GC (Allocation Failure) 2020-10-29T15:50:50.088+0000: [ParNew: 16388K->4K(18432K), 0.0032025 secs] 425591K->409207K(896640K), 0.0032598 secs] [Times: user=0.01 sys=0.00, real=0.00 secs] 
2020-10-29T15:50:50.106+0000: [GC (Allocation Failure) 2020-10-29T15:50:50.106+0000: [ParNew: 16388K->4K(18432K), 0.0032286 secs] 425591K->409207K(896640K), 0.0032852 secs] [Times: user=0.01 sys=0.00, real=0.00 secs] 
2020-10-29T15:50:50.127+0000: [GC (Allocation Failure) 2020-10-29T15:50:50.127+0000: [ParNew: 16388K->4K(18432K), 0.0031804 secs] 425591K->409207K(896640K), 0.0032366 secs] [Times: user=0.01 sys=0.00, real=0.00 secs] 
2020-10-29T15:50:50.148+0000: [GC (Allocation Failure) 2020-10-29T15:50:50.149+0000: [ParNew: 16388K->4K(18432K), 0.0031869 secs] 425591K->409207K(896640K), 0.0032438 secs] [Times: user=0.00 sys=0.00, real=0.00 secs] 
2020-10-29T15:50:50.166+0000: [GC (Allocation Failure) 2020-10-29T15:50:50.166+0000: [ParNew: 16388K->4K(18432K), 0.0032634 secs] 425591K->409207K(896640K), 0.0033190 secs] [Times: user=0.01 sys=0.00, real=0.00 secs] 
2020-10-29T15:50:50.184+0000: [GC (Allocation Failure) 2020-10-29T15:50:50.185+0000: [ParNew: 16388K->4K(18432K), 0.0032061 secs] 425591K->409207K(896640K), 0.0032611 secs] [Times: user=0.00 sys=0.00, real=0.00 secs] 
2020-10-29T15:50:50.204+0000: [GC (Allocation Failure) 2020-10-29T15:50:50.205+0000: [ParNew: 15166K->4K(18432K), 0.0032101 secs] 424370K->409207K(896640K), 0.0032676 secs] [Times: user=0.00 sys=0.00, real=0.00 secs] 
2020-10-29T15:50:50.216+0000: [GC (Allocation Failure) 2020-10-29T15:50:50.216+0000: [ParNew: 16388K->4K(18432K), 0.0041962 secs] 425591K->417399K(896640K), 0.0042615 secs] [Times: user=0.00 sys=0.00, real=0.00 secs] 
2020-10-29T15:50:50.239+0000: [GC (Allocation Failure) 2020-10-29T15:50:50.239+0000: [ParNew: 16388K->4K(18432K), 0.0031673 secs] 433783K->417399K(896640K), 0.0032383 secs] [Times: user=0.00 sys=0.00, real=0.00 secs] 
2020-10-29T15:50:50.257+0000: [GC (Allocation Failure) 2020-10-29T15:50:50.257+0000: [ParNew: 16388K->4K(18432K), 0.0031972 secs] 433783K->417399K(896640K), 0.0032693 secs] [Times: user=0.01 sys=0.00, real=0.00 secs] 
2020-10-29T15:50:50.276+0000: [GC (Allocation Failure) 2020-10-29T15:50:50.277+0000: [ParNew: 16388K->4K(18432K), 0.0031771 secs] 433783K->417399K(896640K), 0.0032342 secs] [Times: user=0.01 sys=0.00, real=0.00 secs] 
2020-10-29T15:50:50.294+0000: [GC (Allocation Failure) 2020-10-29T15:50:50.294+0000: [ParNew: 16388K->4K(18432K), 0.0032091 secs] 433783K->417399K(896640K), 0.0032641 secs] [Times: user=0.01 sys=0.00, real=0.00 secs] 
2020-10-29T15:50:50.311+0000: [GC (Allocation Failure) 2020-10-29T15:50:50.311+0000: [ParNew: 16388K->4K(18432K), 0.0032058 secs] 433783K->417399K(896640K), 0.0032629 secs] [Times: user=0.00 sys=0.00, real=0.01 secs] 
2020-10-29T15:50:50.341+0000: [GC (Allocation Failure) 2020-10-29T15:50:50.341+0000: [ParNew: 16388K->4K(18432K), 0.0031852 secs] 433783K->417399K(896640K), 0.0032406 secs] [Times: user=0.01 sys=0.00, real=0.00 secs] 
2020-10-29T15:50:50.372+0000: [GC (Allocation Failure) 2020-10-29T15:50:50.372+0000: [ParNew: 16388K->4K(18432K), 0.0032716 secs] 433783K->417399K(896640K), 0.0033297 secs] [Times: user=0.01 sys=0.00, real=0.01 secs] 
2020-10-29T15:50:50.404+0000: [GC (Allocation Failure) 2020-10-29T15:50:50.405+0000: [ParNew: 16388K->4K(18432K), 0.0031825 secs] 433783K->417399K(896640K), 0.0032330 secs] [Times: user=0.00 sys=0.00, real=0.00 secs] 
2020-10-29T15:50:50.436+0000: [GC (Allocation Failure) 2020-10-29T15:50:50.437+0000: [ParNew: 16388K->4K(18432K), 0.0032010 secs] 433783K->417399K(896640K), 0.0032576 secs] [Times: user=0.00 sys=0.00, real=0.00 secs] 
2020-10-29T15:50:50.469+0000: [GC (Allocation Failure) 2020-10-29T15:50:50.469+0000: [ParNew: 16388K->4K(18432K), 0.0032231 secs] 433783K->417399K(896640K), 0.0032876 secs] [Times: user=0.01 sys=0.00, real=0.00 secs] 
2020-10-29T15:50:50.500+0000: [GC (Allocation Failure) 2020-10-29T15:50:50.501+0000: [ParNew: 16388K->4K(18432K), 0.0031632 secs] 433783K->417399K(896640K), 0.0032184 secs] [Times: user=0.00 sys=0.00, real=0.00 secs] 
2020-10-29T15:50:50.535+0000: [GC (Allocation Failure) 2020-10-29T15:50:50.535+0000: [ParNew: 16388K->4K(18432K), 0.0032737 secs] 433783K->417400K(896640K), 0.0033335 secs] [Times: user=0.00 sys=0.00, real=0.00 secs] 
2020-10-29T15:50:50.566+0000: [GC (Allocation Failure) 2020-10-29T15:50:50.566+0000: [ParNew: 16388K->4K(18432K), 0.0032098 secs] 433784K->417400K(896640K), 0.0032656 secs] [Times: user=0.00 sys=0.00, real=0.00 secs] 
2020-10-29T15:50:50.599+0000: [GC (Allocation Failure) 2020-10-29T15:50:50.599+0000: [ParNew: 16388K->4K(18432K), 0.0031818 secs] 433784K->417400K(896640K), 0.0032394 secs] [Times: user=0.00 sys=0.00, real=0.00 secs] 
2020-10-29T15:50:50.632+0000: [GC (Allocation Failure) 2020-10-29T15:50:50.632+0000: [ParNew: 16388K->4K(18432K), 0.0032355 secs] 433784K->417400K(896640K), 0.0032934 secs] [Times: user=0.01 sys=0.00, real=0.00 secs] 
2020-10-29T15:50:50.664+0000: [GC (Allocation Failure) 2020-10-29T15:50:50.664+0000: [ParNew: 16388K->4K(18432K), 0.0032263 secs] 433784K->417400K(896640K), 0.0032838 secs] [Times: user=0.01 sys=0.00, real=0.01 secs] 
2020-10-29T15:50:50.719+0000: [GC (Allocation Failure) 2020-10-29T15:50:50.719+0000: [ParNew: 16388K->4K(18432K), 0.0032309 secs] 433784K->417400K(896640K), 0.0032840 secs] [Times: user=0.01 sys=0.00, real=0.00 secs] 
2020-10-29T15:50:51.084+0000: [GC (Allocation Failure) 2020-10-29T15:50:51.084+0000: [ParNew: 16388K->4K(18432K), 0.0034555 secs] 433784K->417400K(896640K), 0.0035361 secs] [Times: user=0.01 sys=0.00, real=0.01 secs] 
2020-10-29T15:50:51.136+0000: [GC (Allocation Failure) 2020-10-29T15:50:51.137+0000: [ParNew: 16388K->4K(18432K), 0.0031486 secs] 433784K->417400K(896640K), 0.0032263 secs] [Times: user=0.01 sys=0.00, real=0.00 secs] 
2020-10-29T15:50:51.176+0000: [GC (Allocation Failure) 2020-10-29T15:50:51.176+0000: [ParNew: 16388K->4K(18432K), 0.0031808 secs] 433784K->417400K(896640K), 0.0032402 secs] [Times: user=0.01 sys=0.00, real=0.00 secs] 
2020-10-29T15:50:51.216+0000: [GC (Allocation Failure) 2020-10-29T15:50:51.216+0000: [ParNew: 16388K->4K(18432K), 0.0032378 secs] 433784K->417400K(896640K), 0.0033487 secs] [Times: user=0.00 sys=0.00, real=0.00 secs] 
2020-10-29T15:50:51.256+0000: [GC (Allocation Failure) 2020-10-29T15:50:51.257+0000: [ParNew: 16388K->4K(18432K), 0.0031392 secs] 433784K->417400K(896640K), 0.0031968 secs] [Times: user=0.01 sys=0.00, real=0.00 secs] 
2020-10-29T15:50:51.292+0000: [GC (Allocation Failure) 2020-10-29T15:50:51.292+0000: [ParNew: 16388K->4K(18432K), 0.0031534 secs] 433784K->417402K(896640K), 0.0032092 secs] [Times: user=0.01 sys=0.00, real=0.01 secs] 
2020-10-29T15:50:51.321+0000: [GC (Allocation Failure) 2020-10-29T15:50:51.321+0000: [ParNew: 16388K->4K(18432K), 0.0032002 secs] 433786K->417402K(896640K), 0.0032596 secs] [Times: user=0.01 sys=0.00, real=0.00 secs] 
2020-10-29T15:50:51.341+0000: [GC (Allocation Failure) 2020-10-29T15:50:51.341+0000: [ParNew: 16388K->4K(18432K), 0.0032136 secs] 433786K->417402K(896640K), 0.0032714 secs] [Times: user=0.01 sys=0.00, real=0.01 secs] 
2020-10-29T15:50:51.364+0000: [GC (Allocation Failure) 2020-10-29T15:50:51.365+0000: [ParNew: 16388K->4K(18432K), 0.0031351 secs] 433786K->417402K(896640K), 0.0031839 secs] [Times: user=0.01 sys=0.00, real=0.00 secs] 
2020-10-29T15:50:51.385+0000: [GC (Allocation Failure) 2020-10-29T15:50:51.385+0000: [ParNew: 16388K->4K(18432K), 0.0031552 secs] 433786K->417402K(896640K), 0.0032043 secs] [Times: user=0.01 sys=0.00, real=0.00 secs] 
2020-10-29T15:50:51.406+0000: [GC (Allocation Failure) 2020-10-29T15:50:51.406+0000: [ParNew: 16388K->4K(18432K), 0.0032029 secs] 433786K->417402K(896640K), 0.0032582 secs] [Times: user=0.01 sys=0.00, real=0.00 secs] 
2020-10-29T15:50:51.426+0000: [GC (Allocation Failure) 2020-10-29T15:50:51.426+0000: [ParNew: 16388K->4K(18432K), 0.0031334 secs] 433786K->417402K(896640K), 0.0031873 secs] [Times: user=0.01 sys=0.00, real=0.00 secs] 
2020-10-29T15:50:51.446+0000: [GC (Allocation Failure) 2020-10-29T15:50:51.446+0000: [ParNew: 16388K->4K(18432K), 0.0031471 secs] 433786K->417402K(896640K), 0.0032039 secs] [Times: user=0.01 sys=0.00, real=0.00 secs] 
2020-10-29T15:50:51.468+0000: [GC (Allocation Failure) 2020-10-29T15:50:51.469+0000: [ParNew: 16388K->4K(18432K), 0.0031987 secs] 433786K->417402K(896640K), 0.0032535 secs] [Times: user=0.01 sys=0.00, real=0.00 secs] 
2020-10-29T15:50:51.492+0000: [GC (Allocation Failure) 2020-10-29T15:50:51.493+0000: [ParNew: 16388K->4K(18432K), 0.0031419 secs] 433786K->417402K(896640K), 0.0032079 secs] [Times: user=0.00 sys=0.00, real=0.00 secs] 
2020-10-29T15:50:51.513+0000: [GC (Allocation Failure) 2020-10-29T15:50:51.513+0000: [ParNew: 16388K->4K(18432K), 0.0031477 secs] 433786K->417402K(896640K), 0.0031967 secs] [Times: user=0.00 sys=0.00, real=0.00 secs] 
2020-10-29T15:50:51.536+0000: [GC (Allocation Failure) 2020-10-29T15:50:51.537+0000: [ParNew: 16388K->4K(18432K), 0.0031503 secs] 433786K->417402K(896640K), 0.0032045 secs] [Times: user=0.01 sys=0.00, real=0.00 secs] 
2020-10-29T15:50:51.557+0000: [GC (Allocation Failure) 2020-10-29T15:50:51.557+0000: [ParNew: 16388K->4K(18432K), 0.0031292 secs] 433786K->417402K(896640K), 0.0031838 secs] [Times: user=0.01 sys=0.00, real=0.00 secs] 
2020-10-29T15:50:51.578+0000: [GC (Allocation Failure) 2020-10-29T15:50:51.578+0000: [ParNew: 16388K->4K(18432K), 0.0031452 secs] 433786K->417402K(896640K), 0.0031996 secs] [Times: user=0.00 sys=0.00, real=0.00 secs] 
2020-10-29T15:50:51.598+0000: [GC (Allocation Failure) 2020-10-29T15:50:51.598+0000: [ParNew: 16388K->4K(18432K), 0.0031620 secs] 433786K->417402K(896640K), 0.0032158 secs] [Times: user=0.00 sys=0.00, real=0.00 secs] 
2020-10-29T15:50:51.619+0000: [GC (Allocation Failure) 2020-10-29T15:50:51.619+0000: [ParNew: 16388K->4K(18432K), 0.0032181 secs] 433786K->417402K(896640K), 0.0032734 secs] [Times: user=0.00 sys=0.00, real=0.00 secs] 
2020-10-29T15:50:51.640+0000: [GC (Allocation Failure) 2020-10-29T15:50:51.641+0000: [ParNew: 16388K->4K(18432K), 0.0031355 secs] 433786K->417402K(896640K), 0.0031907 secs] [Times: user=0.01 sys=0.00, real=0.00 secs] 
2020-10-29T15:50:51.661+0000: [GC (Allocation Failure) 2020-10-29T15:50:51.661+0000: [ParNew: 16388K->4K(18432K), 0.0031494 secs] 433786K->417402K(896640K), 0.0032055 secs] [Times: user=0.01 sys=0.00, real=0.00 secs] 
2020-10-29T15:50:51.685+0000: [GC (Allocation Failure) 2020-10-29T15:50:51.685+0000: [ParNew: 16388K->4K(18432K), 0.0031874 secs] 433786K->417402K(896640K), 0.0032683 secs] [Times: user=0.01 sys=0.00, real=0.00 secs] 
2020-10-29T15:50:51.708+0000: [GC (Allocation Failure) 2020-10-29T15:50:51.709+0000: [ParNew: 16388K->4K(18432K), 0.0031459 secs] 433786K->417402K(896640K), 0.0032017 secs] [Times: user=0.01 sys=0.00, real=0.00 secs] 
2020-10-29T15:50:51.732+0000: [GC (Allocation Failure) 2020-10-29T15:50:51.733+0000: [ParNew: 16388K->4K(18432K), 0.0031428 secs] 433786K->417402K(896640K), 0.0032002 secs] [Times: user=0.00 sys=0.00, real=0.00 secs] 
2020-10-29T15:50:51.753+0000: [GC (Allocation Failure) 2020-10-29T15:50:51.753+0000: [ParNew: 16388K->4K(18432K), 0.0031788 secs] 433786K->417402K(896640K), 0.0032347 secs] [Times: user=0.00 sys=0.00, real=0.00 secs] 
2020-10-29T15:50:51.773+0000: [GC (Allocation Failure) 2020-10-29T15:50:51.773+0000: [ParNew: 16388K->4K(18432K), 0.0031847 secs] 433786K->417402K(896640K), 0.0032383 secs] [Times: user=0.00 sys=0.00, real=0.00 secs] 
2020-10-29T15:50:51.794+0000: [GC (Allocation Failure) 2020-10-29T15:50:51.794+0000: [ParNew: 16388K->4K(18432K), 0.0031261 secs] 433786K->417402K(896640K), 0.0031800 secs] [Times: user=0.00 sys=0.00, real=0.00 secs] 
2020-10-29T15:50:51.814+0000: [GC (Allocation Failure) 2020-10-29T15:50:51.814+0000: [ParNew: 16388K->4K(18432K), 0.0031329 secs] 433786K->417402K(896640K), 0.0031879 secs] [Times: user=0.00 sys=0.00, real=0.00 secs] 
2020-10-29T15:50:51.836+0000: [GC (Allocation Failure) 2020-10-29T15:50:51.836+0000: [ParNew: 16388K->4K(18432K), 0.0031054 secs] 433786K->417402K(896640K), 0.0031587 secs] [Times: user=0.01 sys=0.00, real=0.00 secs] 
2020-10-29T15:50:51.857+0000: [GC (Allocation Failure) 2020-10-29T15:50:51.857+0000: [ParNew: 16388K->4K(18432K), 0.0031275 secs] 433786K->417402K(896640K), 0.0031815 secs] [Times: user=0.01 sys=0.00, real=0.00 secs] 
2020-10-29T15:50:51.880+0000: [GC (Allocation Failure) 2020-10-29T15:50:51.881+0000: [ParNew: 16388K->4K(18432K), 0.0031559 secs] 433786K->417402K(896640K), 0.0032112 secs] [Times: user=0.01 sys=0.00, real=0.00 secs] 
2020-10-29T15:50:51.901+0000: [GC (Allocation Failure) 2020-10-29T15:50:51.901+0000: [ParNew: 16388K->4K(18432K), 0.0031374 secs] 433786K->417402K(896640K), 0.0031913 secs] [Times: user=0.01 sys=0.00, real=0.00 secs] 
2020-10-29T15:50:51.924+0000: [GC (Allocation Failure) 2020-10-29T15:50:51.925+0000: [ParNew: 16388K->4K(18432K), 0.0031526 secs] 433786K->417402K(896640K), 0.0032090 secs] [Times: user=0.00 sys=0.00, real=0.00 secs] 
2020-10-29T15:50:51.950+0000: [GC (Allocation Failure) 2020-10-29T15:50:51.950+0000: [ParNew: 16388K->16K(18432K), 0.0033982 secs] 433786K->417414K(896640K), 0.0034734 secs] [Times: user=0.00 sys=0.00, real=0.01 secs] 
2020-10-29T15:50:51.974+0000: [GC (Allocation Failure) 2020-10-29T15:50:51.974+0000: [ParNew: 16400K->4K(18432K), 0.0032132 secs] 433798K->417402K(896640K), 0.0032723 secs] [Times: user=0.00 sys=0.00, real=0.00 secs] 
2020-10-29T15:50:51.997+0000: [GC (Allocation Failure) 2020-10-29T15:50:51.997+0000: [ParNew: 16388K->4K(18432K), 0.0031491 secs] 433786K->417402K(896640K), 0.0032040 secs] [Times: user=0.01 sys=0.00, real=0.00 secs] 
2020-10-29T15:50:52.020+0000: [GC (Allocation Failure) 2020-10-29T15:50:52.020+0000: [ParNew: 16388K->4K(18432K), 0.0031692 secs] 433786K->417402K(896640K), 0.0032216 secs] [Times: user=0.01 sys=0.00, real=0.00 secs] 
2020-10-29T15:50:52.797+0000: [GC (Allocation Failure) 2020-10-29T15:50:52.797+0000: [ParNew: 16388K->780K(18432K), 0.0042694 secs] 433786K->418178K(896640K), 0.0043675 secs] [Times: user=0.00 sys=0.00, real=0.00 secs] 
2020-10-29T15:50:52.928+0000: [GC (Allocation Failure) 2020-10-29T15:50:52.928+0000: [ParNew: 17164K->1044K(18432K), 0.0129611 secs] 434562K->418442K(896640K), 0.0130234 secs] [Times: user=0.02 sys=0.00, real=0.01 secs] 
2020-10-29T15:50:53.321+0000: [GC (Allocation Failure) 2020-10-29T15:50:53.321+0000: [ParNew: 17428K->2048K(18432K), 0.0069442 secs] 434826K->419663K(896640K), 0.0070071 secs] [Times: user=0.01 sys=0.00, real=0.01 secs] 
2020-10-29T15:50:53.366+0000: [GC (Allocation Failure) 2020-10-29T15:50:53.366+0000: [ParNew: 18432K->1347K(18432K), 0.0084286 secs] 436047K->420806K(896640K), 0.0085006 secs] [Times: user=0.02 sys=0.00, real=0.01 secs] 
2020-10-29T15:50:53.415+0000: [GC (Allocation Failure) 2020-10-29T15:50:53.415+0000: [ParNew: 17731K->977K(18432K), 0.0034790 secs] 437190K->420436K(896640K), 0.0035391 secs] [Times: user=0.01 sys=0.00, real=0.00 secs] 
2020-10-29T15:50:53.443+0000: [GC (Allocation Failure) 2020-10-29T15:50:53.443+0000: [ParNew: 17361K->905K(18432K), 0.0033941 secs] 436820K->420364K(896640K), 0.0034537 secs] [Times: user=0.01 sys=0.00, real=0.01 secs] 
2020-10-29T15:50:53.472+0000: [GC (Allocation Failure) 2020-10-29T15:50:53.472+0000: [ParNew: 17289K->766K(18432K), 0.0033914 secs] 436748K->420226K(896640K), 0.0034492 secs] [Times: user=0.01 sys=0.00, real=0.01 secs] 
2020-10-29T15:50:53.499+0000: [GC (Allocation Failure) 2020-10-29T15:50:53.499+0000: [ParNew: 17150K->1251K(18432K), 0.0035108 secs] 436610K->420710K(896640K), 0.0035710 secs] [Times: user=0.01 sys=0.00, real=0.00 secs] 
2020-10-29T15:50:53.527+0000: [GC (Allocation Failure) 2020-10-29T15:50:53.527+0000: [ParNew: 17635K->53K(18432K), 0.0035984 secs] 437094K->420752K(896640K), 0.0036586 secs] [Times: user=0.01 sys=0.00, real=0.00 secs] 
2020-10-29T15:50:53.556+0000: [GC (Allocation Failure) 2020-10-29T15:50:53.556+0000: [ParNew: 16437K->13K(18432K), 0.0032076 secs] 437136K->420713K(896640K), 0.0032648 secs] [Times: user=0.00 sys=0.00, real=0.00 secs] 
2020-10-29T15:50:53.584+0000: [GC (Allocation Failure) 2020-10-29T15:50:53.584+0000: [ParNew: 16397K->4K(18432K), 0.0032170 secs] 437097K->420703K(896640K), 0.0032743 secs] [Times: user=0.00 sys=0.00, real=0.01 secs] 
2020-10-29T15:50:53.610+0000: [GC (Allocation Failure) 2020-10-29T15:50:53.610+0000: [ParNew: 16388K->4K(18432K), 0.0035275 secs] 437087K->422751K(896640K), 0.0035858 secs] [Times: user=0.00 sys=0.00, real=0.01 secs] 
2020-10-29T15:50:53.638+0000: [GC (Allocation Failure) 2020-10-29T15:50:53.638+0000: [ParNew: 16388K->4K(18432K), 0.0033614 secs] 439135K->422751K(896640K), 0.0034302 secs] [Times: user=0.00 sys=0.00, real=0.00 secs] 
2020-10-29T15:50:53.669+0000: [GC (Allocation Failure) 2020-10-29T15:50:53.669+0000: [ParNew: 16388K->18K(18432K), 0.0032199 secs] 439135K->422765K(896640K), 0.0032777 secs] [Times: user=0.00 sys=0.00, real=0.00 secs] 
2020-10-29T15:50:53.695+0000: [GC (Allocation Failure) 2020-10-29T15:50:53.695+0000: [ParNew: 16402K->146K(18432K), 0.0032622 secs] 439149K->422893K(896640K), 0.0033212 secs] [Times: user=0.01 sys=0.00, real=0.00 secs] 
2020-10-29T15:50:53.715+0000: [GC (Allocation Failure) 2020-10-29T15:50:53.715+0000: [ParNew: 16530K->408K(18432K), 0.0033639 secs] 439277K->423155K(896640K), 0.0034219 secs] [Times: user=0.00 sys=0.00, real=0.00 secs] 
2020-10-29T15:50:53.736+0000: [GC (Allocation Failure) 2020-10-29T15:50:53.736+0000: [ParNew: 16792K->275K(18432K), 0.0032536 secs] 439539K->423022K(896640K), 0.0033147 secs] [Times: user=0.00 sys=0.00, real=0.00 secs] 
2020-10-29T15:50:53.756+0000: [GC (Allocation Failure) 2020-10-29T15:50:53.757+0000: [ParNew: 16659K->279K(18432K), 0.0032373 secs] 439406K->423027K(896640K), 0.0032922 secs] [Times: user=0.00 sys=0.00, real=0.00 secs] 
2020-10-29T15:50:53.780+0000: [GC (Allocation Failure) 2020-10-29T15:50:53.781+0000: [ParNew: 16663K->530K(18432K), 0.0033116 secs] 439411K->423277K(896640K), 0.0033713 secs] [Times: user=0.00 sys=0.00, real=0.00 secs] 
2020-10-29T15:50:53.804+0000: [GC (Allocation Failure) 2020-10-29T15:50:53.804+0000: [ParNew: 16914K->519K(18432K), 0.0033640 secs] 439661K->423281K(896640K), 0.0034234 secs] [Times: user=0.01 sys=0.00, real=0.01 secs] 
2020-10-29T15:50:53.824+0000: [GC (Allocation Failure) 2020-10-29T15:50:53.824+0000: [ParNew: 16903K->1028K(18432K), 0.0033196 secs] 439665K->423790K(896640K), 0.0033767 secs] [Times: user=0.01 sys=0.00, real=0.01 secs] 
2020-10-29T15:50:53.844+0000: [GC (Allocation Failure) 2020-10-29T15:50:53.844+0000: [ParNew: 17412K->4K(18432K), 0.0033242 secs] 440174K->423278K(896640K), 0.0033826 secs] [Times: user=0.01 sys=0.00, real=0.01 secs] 
2020-10-29T15:50:53.873+0000: [GC (Allocation Failure) 2020-10-29T15:50:53.873+0000: [ParNew: 16388K->4K(18432K), 0.0031627 secs] 439662K->423278K(896640K), 0.0032222 secs] [Times: user=0.01 sys=0.01, real=0.00 secs] 
2020-10-29T15:50:53.908+0000: [GC (Allocation Failure) 2020-10-29T15:50:53.908+0000: [ParNew: 16388K->4K(18432K), 0.0032212 secs] 439662K->423278K(896640K), 0.0032788 secs] [Times: user=0.01 sys=0.00, real=0.00 secs] 
2020-10-29T15:50:53.942+0000: [GC (Allocation Failure) 2020-10-29T15:50:53.942+0000: [ParNew: 16388K->4K(18432K), 0.0108779 secs] 439662K->423278K(896640K), 0.0109388 secs] [Times: user=0.02 sys=0.00, real=0.02 secs] 
2020-10-29T15:50:53.984+0000: [GC (Allocation Failure) 2020-10-29T15:50:53.984+0000: [ParNew: 16388K->4K(18432K), 0.0032164 secs] 439662K->423278K(896640K), 0.0033100 secs] [Times: user=0.01 sys=0.00, real=0.01 secs] 
2020-10-29T15:50:54.024+0000: [GC (Allocation Failure) 2020-10-29T15:50:54.024+0000: [ParNew: 16388K->4K(18432K), 0.0031939 secs] 439662K->423278K(896640K), 0.0032730 secs] [Times: user=0.01 sys=0.00, real=0.01 secs] 
2020-10-29T15:50:54.062+0000: [GC (Allocation Failure) 2020-10-29T15:50:54.062+0000: [ParNew: 16388K->4K(18432K), 0.0033586 secs] 439662K->423278K(896640K), 0.0034371 secs] [Times: user=0.00 sys=0.00, real=0.01 secs] 
2020-10-29T15:50:54.102+0000: [GC (Allocation Failure) 2020-10-29T15:50:54.102+0000: [ParNew: 16388K->4K(18432K), 0.0070012 secs] 439662K->423278K(896640K), 0.0070874 secs] [Times: user=0.02 sys=0.00, real=0.01 secs] 
2020-10-29T15:50:54.139+0000: [GC (Allocation Failure) 2020-10-29T15:50:54.139+0000: [ParNew: 16388K->4K(18432K), 0.0096744 secs] 439662K->423278K(896640K), 0.0097526 secs] [Times: user=0.03 sys=0.00, real=0.01 secs] 
2020-10-29T15:50:54.180+0000: [GC (Allocation Failure) 2020-10-29T15:50:54.180+0000: [ParNew: 16388K->4K(18432K), 0.0032493 secs] 439662K->423278K(896640K), 0.0033250 secs] [Times: user=0.01 sys=0.00, real=0.00 secs] 
2020-10-29T15:50:54.217+0000: [GC (Allocation Failure) 2020-10-29T15:50:54.217+0000: [ParNew: 16388K->4K(18432K), 0.0032541 secs] 439662K->423278K(896640K), 0.0033305 secs] [Times: user=0.01 sys=0.00, real=0.00 secs] 
2020-10-29T15:50:54.249+0000: [GC (Allocation Failure) 2020-10-29T15:50:54.249+0000: [ParNew: 16388K->4K(18432K), 0.0035781 secs] 439662K->425326K(896640K), 0.0036565 secs] [Times: user=0.01 sys=0.00, real=0.00 secs] 
2020-10-29T15:50:54.283+0000: [GC (Allocation Failure) 2020-10-29T15:50:54.283+0000: [ParNew: 16388K->4K(18432K), 0.0032518 secs] 441710K->425326K(896640K), 0.0033260 secs] [Times: user=0.01 sys=0.00, real=0.01 secs] 
2020-10-29T15:50:54.324+0000: [GC (Allocation Failure) 2020-10-29T15:50:54.324+0000: [ParNew: 16388K->4K(18432K), 0.0031811 secs] 441710K->425326K(896640K), 0.0032385 secs] [Times: user=0.00 sys=0.00, real=0.01 secs] 
2020-10-29T15:50:54.352+0000: [GC (Allocation Failure) 2020-10-29T15:50:54.353+0000: [ParNew: 16388K->4K(18432K), 0.0032262 secs] 441710K->425326K(896640K), 0.0032836 secs] [Times: user=0.01 sys=0.00, real=0.00 secs] 
2020-10-29T15:50:54.368+0000: [GC (Allocation Failure) 2020-10-29T15:50:54.368+0000: [ParNew: 16388K->4K(18432K), 0.0039766 secs] 441710K->429422K(896640K), 0.0040373 secs] [Times: user=0.01 sys=0.00, real=0.00 secs] 
2020-10-29T15:50:54.388+0000: [GC (Allocation Failure) 2020-10-29T15:50:54.389+0000: [ParNew: 16388K->4K(18432K), 0.0031465 secs] 445806K->429422K(896640K), 0.0032020 secs] [Times: user=0.01 sys=0.00, real=0.00 secs] 
2020-10-29T15:50:54.407+0000: [GC (Allocation Failure) 2020-10-29T15:50:54.407+0000: [ParNew: 16388K->4K(18432K), 0.0032175 secs] 445806K->429422K(896640K), 0.0032810 secs] [Times: user=0.01 sys=0.00, real=0.00 secs] 
2020-10-29T15:50:54.424+0000: [GC (Allocation Failure) 2020-10-29T15:50:54.424+0000: [ParNew: 16388K->4K(18432K), 0.0032239 secs] 445806K->429422K(896640K), 0.0032823 secs] [Times: user=0.00 sys=0.00, real=0.01 secs] 
2020-10-29T15:50:54.442+0000: [GC (Allocation Failure) 2020-10-29T15:50:54.442+0000: [ParNew: 16388K->4K(18432K), 0.0032075 secs] 445806K->429422K(896640K), 0.0032637 secs] [Times: user=0.01 sys=0.00, real=0.01 secs] 
2020-10-29T15:50:54.460+0000: [GC (Allocation Failure) 2020-10-29T15:50:54.460+0000: [ParNew: 16388K->4K(18432K), 0.0032081 secs] 445806K->429422K(896640K), 0.0032662 secs] [Times: user=0.00 sys=0.00, real=0.00 secs] 
2020-10-29T15:50:54.480+0000: [GC (Allocation Failure) 2020-10-29T15:50:54.481+0000: [ParNew: 16388K->4K(18432K), 0.0031688 secs] 445806K->429423K(896640K), 0.0032255 secs] [Times: user=0.01 sys=0.00, real=0.00 secs] 
2020-10-29T15:50:54.498+0000: [GC (Allocation Failure) 2020-10-29T15:50:54.498+0000: [ParNew: 16388K->4K(18432K), 0.0031885 secs] 445807K->429423K(896640K), 0.0032440 secs] [Times: user=0.00 sys=0.00, real=0.00 secs] 
2020-10-29T15:50:54.516+0000: [GC (Allocation Failure) 2020-10-29T15:50:54.516+0000: [ParNew: 16388K->4K(18432K), 0.0031667 secs] 445807K->429423K(896640K), 0.0032554 secs] [Times: user=0.01 sys=0.00, real=0.00 secs] 
2020-10-29T15:50:54.534+0000: [GC (Allocation Failure) 2020-10-29T15:50:54.534+0000: [ParNew: 16388K->4K(18432K), 0.0032280 secs] 445807K->429423K(896640K), 0.0032915 secs] [Times: user=0.00 sys=0.00, real=0.00 secs] 
2020-10-29T15:50:54.552+0000: [GC (Allocation Failure) 2020-10-29T15:50:54.553+0000: [ParNew: 16388K->4K(18432K), 0.0032092 secs] 445807K->429423K(896640K), 0.0032686 secs] [Times: user=0.01 sys=0.00, real=0.00 secs] 
2020-10-29T15:50:54.570+0000: [GC (Allocation Failure) 2020-10-29T15:50:54.570+0000: [ParNew: 16388K->4K(18432K), 0.0032082 secs] 445807K->429423K(896640K), 0.0032661 secs] [Times: user=0.01 sys=0.00, real=0.01 secs] 
2020-10-29T15:50:54.588+0000: [GC (Allocation Failure) 2020-10-29T15:50:54.588+0000: [ParNew: 16388K->4K(18432K), 0.0032042 secs] 445807K->429423K(896640K), 0.0032617 secs] [Times: user=0.00 sys=0.00, real=0.00 secs] 
2020-10-29T15:50:54.606+0000: [GC (Allocation Failure) 2020-10-29T15:50:54.606+0000: [ParNew: 16388K->4K(18432K), 0.0032709 secs] 445807K->429423K(896640K), 0.0033287 secs] [Times: user=0.01 sys=0.00, real=0.00 secs] 
2020-10-29T15:50:54.621+0000: [GC (Allocation Failure) 2020-10-29T15:50:54.621+0000: [ParNew: 16388K->4K(18432K), 0.0039242 secs] 445807K->433519K(896640K), 0.0039956 secs] [Times: user=0.01 sys=0.00, real=0.01 secs] 
2020-10-29T15:50:54.639+0000: [GC (Allocation Failure) 2020-10-29T15:50:54.639+0000: [ParNew: 16388K->4K(18432K), 0.0032152 secs] 449903K->433519K(896640K), 0.0032748 secs] [Times: user=0.00 sys=0.00, real=0.00 secs] 
2020-10-29T15:50:54.657+0000: [GC (Allocation Failure) 2020-10-29T15:50:54.657+0000: [ParNew: 16388K->4K(18432K), 0.0031521 secs] 449903K->433519K(896640K), 0.0032085 secs] [Times: user=0.01 sys=0.00, real=0.00 secs] 
2020-10-29T15:50:54.675+0000: [GC (Allocation Failure) 2020-10-29T15:50:54.675+0000: [ParNew: 16388K->4K(18432K), 0.0031769 secs] 449903K->433519K(896640K), 0.0032341 secs] [Times: user=0.00 sys=0.00, real=0.00 secs] 
2020-10-29T15:50:54.696+0000: [GC (Allocation Failure) 2020-10-29T15:50:54.696+0000: [ParNew: 16388K->4K(18432K), 0.0031657 secs] 449903K->433519K(896640K), 0.0032284 secs] [Times: user=0.00 sys=0.00, real=0.00 secs] 
2020-10-29T15:50:54.721+0000: [GC (Allocation Failure) 2020-10-29T15:50:54.721+0000: [ParNew: 16388K->4K(18432K), 0.0031678 secs] 449903K->433519K(896640K), 0.0032244 secs] [Times: user=0.01 sys=0.00, real=0.00 secs] 
2020-10-29T15:50:54.738+0000: [GC (Allocation Failure) 2020-10-29T15:50:54.738+0000: [ParNew: 16388K->4K(18432K), 0.0031868 secs] 449903K->433519K(896640K), 0.0032425 secs] [Times: user=0.01 sys=0.00, real=0.00 secs] 
2020-10-29T15:50:54.760+0000: [GC (Allocation Failure) 2020-10-29T15:50:54.760+0000: [ParNew: 16388K->4K(18432K), 0.0032068 secs] 449903K->433519K(896640K), 0.0032639 secs] [Times: user=0.00 sys=0.00, real=0.00 secs] 
2020-10-29T15:50:54.778+0000: [GC (Allocation Failure) 2020-10-29T15:50:54.778+0000: [ParNew: 16388K->4K(18432K), 0.0031904 secs] 449903K->433519K(896640K), 0.0032465 secs] [Times: user=0.01 sys=0.00, real=0.00 secs] 
2020-10-29T15:50:54.796+0000: [GC (Allocation Failure) 2020-10-29T15:50:54.796+0000: [ParNew: 16388K->4K(18432K), 0.0031597 secs] 449903K->433519K(896640K), 0.0032169 secs] [Times: user=0.01 sys=0.00, real=0.00 secs] 
2020-10-29T15:50:54.814+0000: [GC (Allocation Failure) 2020-10-29T15:50:54.814+0000: [ParNew: 16388K->4K(18432K), 0.0032096 secs] 449903K->433519K(896640K), 0.0032663 secs] [Times: user=0.01 sys=0.00, real=0.00 secs] 
2020-10-29T15:50:54.832+0000: [GC (Allocation Failure) 2020-10-29T15:50:54.832+0000: [ParNew: 16388K->4K(18432K), 0.0032191 secs] 449903K->433519K(896640K), 0.0032752 secs] [Times: user=0.01 sys=0.00, real=0.01 secs] 
2020-10-29T15:50:54.850+0000: [GC (Allocation Failure) 2020-10-29T15:50:54.850+0000: [ParNew: 16388K->4K(18432K), 0.0032501 secs] 449903K->433519K(896640K), 0.0033077 secs] [Times: user=0.01 sys=0.00, real=0.01 secs] 
2020-10-29T15:50:54.868+0000: [GC (Allocation Failure) 2020-10-29T15:50:54.868+0000: [ParNew: 16388K->4K(18432K), 0.0039250 secs] 449903K->433519K(896640K), 0.0039940 secs] [Times: user=0.00 sys=0.00, real=0.00 secs] 
2020-10-29T15:50:54.886+0000: [GC (Allocation Failure) 2020-10-29T15:50:54.886+0000: [ParNew: 16388K->4K(18432K), 0.0033837 secs] 449903K->433519K(896640K), 0.0034612 secs] [Times: user=0.00 sys=0.00, real=0.00 secs] 
2020-10-29T15:50:54.904+0000: [GC (Allocation Failure) 2020-10-29T15:50:54.904+0000: [ParNew: 16388K->4K(18432K), 0.0031964 secs] 449903K->433519K(896640K), 0.0032536 secs] [Times: user=0.01 sys=0.00, real=0.01 secs] 
2020-10-29T15:50:54.922+0000: [GC (Allocation Failure) 2020-10-29T15:50:54.922+0000: [ParNew: 16388K->4K(18432K), 0.0032125 secs] 449903K->433519K(896640K), 0.0032706 secs] [Times: user=0.00 sys=0.00, real=0.01 secs] 
2020-10-29T15:50:54.939+0000: [GC (Allocation Failure) 2020-10-29T15:50:54.939+0000: [ParNew: 16388K->4K(18432K), 0.0032455 secs] 449903K->433519K(896640K), 0.0033028 secs] [Times: user=0.01 sys=0.00, real=0.00 secs] 
2020-10-29T15:50:54.961+0000: [GC (Allocation Failure) 2020-10-29T15:50:54.961+0000: [ParNew: 16388K->4K(18432K), 0.0032207 secs] 449903K->433519K(896640K), 0.0032815 secs] [Times: user=0.00 sys=0.00, real=0.00 secs] 
2020-10-29T15:50:54.978+0000: [GC (Allocation Failure) 2020-10-29T15:50:54.978+0000: [ParNew: 16388K->4K(18432K), 0.0032202 secs] 449903K->433519K(896640K), 0.0032783 secs] [Times: user=0.01 sys=0.00, real=0.00 secs] 
2020-10-29T15:50:54.996+0000: [GC (Allocation Failure) 2020-10-29T15:50:54.996+0000: [ParNew: 16388K->4K(18432K), 0.0031983 secs] 449903K->433519K(896640K), 0.0032548 secs] [Times: user=0.00 sys=0.00, real=0.00 secs] 
2020-10-29T15:50:55.016+0000: [GC (Allocation Failure) 2020-10-29T15:50:55.017+0000: [ParNew: 16388K->4K(18432K), 0.0031692 secs] 449903K->433519K(896640K), 0.0032266 secs] [Times: user=0.01 sys=0.00, real=0.00 secs] 
2020-10-29T15:50:55.036+0000: [GC (Allocation Failure) 2020-10-29T15:50:55.037+0000: [ParNew: 16388K->4K(18432K), 0.0031854 secs] 449903K->433519K(896640K), 0.0032436 secs] [Times: user=0.01 sys=0.00, real=0.00 secs] 
2020-10-29T15:50:55.054+0000: [GC (Allocation Failure) 2020-10-29T15:50:55.054+0000: [ParNew: 16388K->4K(18432K), 0.0032431 secs] 449903K->433519K(896640K), 0.0033013 secs] [Times: user=0.00 sys=0.00, real=0.00 secs] 
2020-10-29T15:50:55.073+0000: [GC (Allocation Failure) 2020-10-29T15:50:55.073+0000: [ParNew: 16388K->4K(18432K), 0.0032350 secs] 449903K->433519K(896640K), 0.0032910 secs] [Times: user=0.01 sys=0.00, real=0.00 secs] 
2020-10-29T15:50:55.090+0000: [GC (Allocation Failure) 2020-10-29T15:50:55.090+0000: [ParNew: 16388K->4K(18432K), 0.0032358 secs] 449903K->433519K(896640K), 0.0032925 secs] [Times: user=0.01 sys=0.00, real=0.01 secs] 
2020-10-29T15:50:55.112+0000: [GC (Allocation Failure) 2020-10-29T15:50:55.112+0000: [ParNew: 16388K->4K(18432K), 0.0031629 secs] 449903K->433519K(896640K), 0.0032191 secs] [Times: user=0.00 sys=0.00, real=0.01 secs] 
2020-10-29T15:50:55.131+0000: [GC (Allocation Failure) 2020-10-29T15:50:55.131+0000: [ParNew: 16388K->4K(18432K), 0.0032006 secs] 449903K->433519K(896640K), 0.0032572 secs] [Times: user=0.01 sys=0.00, real=0.01 secs] 
2020-10-29T15:50:55.152+0000: [GC (Allocation Failure) 2020-10-29T15:50:55.153+0000: [ParNew: 16388K->4K(18432K), 0.0031593 secs] 449903K->433519K(896640K), 0.0032150 secs] [Times: user=0.01 sys=0.00, real=0.00 secs] 
2020-10-29T15:50:55.170+0000: [GC (Allocation Failure) 2020-10-29T15:50:55.171+0000: [ParNew: 16388K->4K(18432K), 0.0031555 secs] 449903K->433519K(896640K), 0.0032103 secs] [Times: user=0.01 sys=0.00, real=0.01 secs] 
2020-10-29T15:50:55.192+0000: [GC (Allocation Failure) 2020-10-29T15:50:55.192+0000: [ParNew: 16388K->4K(18432K), 0.0031969 secs] 449903K->433519K(896640K), 0.0032538 secs] [Times: user=0.01 sys=0.00, real=0.01 secs] 
2020-10-29T15:50:55.212+0000: [GC (Allocation Failure) 2020-10-29T15:50:55.213+0000: [ParNew: 16388K->4K(18432K), 0.0032308 secs] 449903K->433519K(896640K), 0.0032883 secs] [Times: user=0.01 sys=0.00, real=0.00 secs] 
2020-10-29T15:50:55.232+0000: [GC (Allocation Failure) 2020-10-29T15:50:55.233+0000: [ParNew: 16388K->4K(18432K), 0.0032164 secs] 449903K->433519K(896640K), 0.0032765 secs] [Times: user=0.01 sys=0.00, real=0.00 secs] 
2020-10-29T15:50:55.250+0000: [GC (Allocation Failure) 2020-10-29T15:50:55.250+0000: [ParNew: 16388K->4K(18432K), 0.0032034 secs] 449903K->433519K(896640K), 0.0032609 secs] [Times: user=0.00 sys=0.00, real=0.01 secs] 
2020-10-29T15:50:55.272+0000: [GC (Allocation Failure) 2020-10-29T15:50:55.272+0000: [ParNew: 16388K->4K(18432K), 0.0031890 secs] 449903K->433519K(896640K), 0.0032460 secs] [Times: user=0.01 sys=0.01, real=0.01 secs] 
2020-10-29T15:50:55.290+0000: [GC (Allocation Failure) 2020-10-29T15:50:55.290+0000: [ParNew: 16388K->4K(18432K), 0.0032592 secs] 449903K->433519K(896640K), 0.0033192 secs] [Times: user=0.00 sys=0.00, real=0.01 secs] 
2020-10-29T15:50:55.308+0000: [GC (Allocation Failure) 2020-10-29T15:50:55.309+0000: [ParNew: 16388K->4K(18432K), 0.0032006 secs] 449903K->433519K(896640K), 0.0032576 secs] [Times: user=0.01 sys=0.00, real=0.00 secs] 
2020-10-29T15:50:55.327+0000: [GC (Allocation Failure) 2020-10-29T15:50:55.327+0000: [ParNew: 16388K->4K(18432K), 0.0031946 secs] 449903K->433519K(896640K), 0.0032618 secs] [Times: user=0.00 sys=0.00, real=0.00 secs] 
2020-10-29T15:50:55.344+0000: [GC (Allocation Failure) 2020-10-29T15:50:55.345+0000: [ParNew: 16388K->4K(18432K), 0.0032215 secs] 449903K->433519K(896640K), 0.0032783 secs] [Times: user=0.01 sys=0.00, real=0.00 secs] 
2020-10-29T15:50:55.362+0000: [GC (Allocation Failure) 2020-10-29T15:50:55.362+0000: [ParNew: 16388K->4K(18432K), 0.0032063 secs] 449903K->433519K(896640K), 0.0032634 secs] [Times: user=0.01 sys=0.00, real=0.01 secs] 
2020-10-29T15:50:55.380+0000: [GC (Allocation Failure) 2020-10-29T15:50:55.380+0000: [ParNew: 16388K->4K(18432K), 0.0032134 secs] 449903K->433519K(896640K), 0.0032717 secs] [Times: user=0.01 sys=0.00, real=0.00 secs] 
2020-10-29T15:50:55.402+0000: [GC (Allocation Failure) 2020-10-29T15:50:55.402+0000: [ParNew: 16388K->4K(18432K), 0.0044280 secs] 449903K->433519K(896640K), 0.0044885 secs] [Times: user=0.01 sys=0.00, real=0.01 secs] 
2020-10-29T15:50:55.424+0000: [GC (Allocation Failure) 2020-10-29T15:50:55.425+0000: [ParNew: 16388K->4K(18432K), 0.0031678 secs] 449903K->433519K(896640K), 0.0032247 secs] [Times: user=0.00 sys=0.00, real=0.00 secs] 
2020-10-29T15:50:55.444+0000: [GC (Allocation Failure) 2020-10-29T15:50:55.444+0000: [ParNew: 16388K->4K(18432K), 0.0031733 secs] 449903K->433520K(896640K), 0.0032277 secs] [Times: user=0.01 sys=0.00, real=0.01 secs] 
2020-10-29T15:50:55.462+0000: [GC (Allocation Failure) 2020-10-29T15:50:55.462+0000: [ParNew: 16388K->4K(18432K), 0.0032298 secs] 449904K->433520K(896640K), 0.0032882 secs] [Times: user=0.00 sys=0.00, real=0.01 secs] 
2020-10-29T15:50:55.480+0000: [GC (Allocation Failure) 2020-10-29T15:50:55.480+0000: [ParNew: 16388K->4K(18432K), 0.0031948 secs] 449904K->433520K(896640K), 0.0032508 secs] [Times: user=0.01 sys=0.00, real=0.00 secs] 
2020-10-29T15:50:55.500+0000: [GC (Allocation Failure) 2020-10-29T15:50:55.501+0000: [ParNew: 16388K->4K(18432K), 0.0031919 secs] 449904K->433520K(896640K), 0.0032484 secs] [Times: user=0.00 sys=0.00, real=0.00 secs] 
2020-10-29T15:50:55.518+0000: [GC (Allocation Failure) 2020-10-29T15:50:55.518+0000: [ParNew: 16388K->4K(18432K), 0.0031798 secs] 449904K->433520K(896640K), 0.0032345 secs] [Times: user=0.01 sys=0.00, real=0.00 secs] 
2020-10-29T15:50:55.536+0000: [GC (Allocation Failure) 2020-10-29T15:50:55.536+0000: [ParNew: 16388K->4K(18432K), 0.0032110 secs] 449904K->433520K(896640K), 0.0032691 secs] [Times: user=0.00 sys=0.00, real=0.00 secs] 
2020-10-29T15:50:55.556+0000: [GC (Allocation Failure) 2020-10-29T15:50:55.557+0000: [ParNew: 16388K->4K(18432K), 0.0031744 secs] 449904K->433520K(896640K), 0.0032314 secs] [Times: user=0.01 sys=0.00, real=0.00 secs] 
2020-10-29T15:50:55.574+0000: [GC (Allocation Failure) 2020-10-29T15:50:55.574+0000: [ParNew: 16388K->4K(18432K), 0.0032082 secs] 449904K->433520K(896640K), 0.0032657 secs] [Times: user=0.01 sys=0.00, real=0.00 secs] 
2020-10-29T15:50:55.592+0000: [GC (Allocation Failure) 2020-10-29T15:50:55.592+0000: [ParNew: 16388K->4K(18432K), 0.0033123 secs] 449904K->433520K(896640K), 0.0033727 secs] [Times: user=0.00 sys=0.00, real=0.01 secs] 
2020-10-29T15:50:55.610+0000: [GC (Allocation Failure) 2020-10-29T15:50:55.610+0000: [ParNew: 16388K->4K(18432K), 0.0032330 secs] 449904K->433520K(896640K), 0.0032896 secs] [Times: user=0.01 sys=0.00, real=0.01 secs] 
2020-10-29T15:50:55.628+0000: [GC (Allocation Failure) 2020-10-29T15:50:55.629+0000: [ParNew: 16388K->4K(18432K), 0.0030890 secs] 449904K->433520K(896640K), 0.0031429 secs] [Times: user=0.01 sys=0.00, real=0.00 secs] 
2020-10-29T15:50:55.646+0000: [GC (Allocation Failure) 2020-10-29T15:50:55.646+0000: [ParNew: 16388K->4K(18432K), 0.0033051 secs] 449904K->433520K(896640K), 0.0033623 secs] [Times: user=0.00 sys=0.00, real=0.00 secs] 
2020-10-29T15:50:55.664+0000: [GC (Allocation Failure) 2020-10-29T15:50:55.664+0000: [ParNew: 16388K->4K(18432K), 0.0031801 secs] 449904K->433520K(896640K), 0.0032362 secs] [Times: user=0.01 sys=0.00, real=0.01 secs] 
2020-10-29T15:50:55.682+0000: [GC (Allocation Failure) 2020-10-29T15:50:55.682+0000: [ParNew: 16388K->4K(18432K), 0.0032571 secs] 449904K->433520K(896640K), 0.0033153 secs] [Times: user=0.00 sys=0.00, real=0.01 secs] 
2020-10-29T15:50:55.700+0000: [GC (Allocation Failure) 2020-10-29T15:50:55.700+0000: [ParNew: 16388K->4K(18432K), 0.0032370 secs] 449904K->433520K(896640K), 0.0032947 secs] [Times: user=0.01 sys=0.00, real=0.00 secs] 
2020-10-29T15:50:55.719+0000: [GC (Allocation Failure) 2020-10-29T15:50:55.719+0000: [ParNew: 16388K->4K(18432K), 0.0031935 secs] 449904K->433520K(896640K), 0.0032709 secs] [Times: user=0.00 sys=0.00, real=0.00 secs] 
2020-10-29T15:50:55.740+0000: [GC (Allocation Failure) 2020-10-29T15:50:55.740+0000: [ParNew: 16388K->4K(18432K), 0.0031804 secs] 449904K->433520K(896640K), 0.0032517 secs] [Times: user=0.01 sys=0.00, real=0.00 secs] 
2020-10-29T15:50:55.760+0000: [GC (Allocation Failure) 2020-10-29T15:50:55.761+0000: [ParNew: 16388K->4K(18432K), 0.0031567 secs] 449904K->433520K(896640K), 0.0032109 secs] [Times: user=0.01 sys=0.00, real=0.00 secs] 
2020-10-29T15:50:55.780+0000: [GC (Allocation Failure) 2020-10-29T15:50:55.781+0000: [ParNew: 16388K->4K(18432K), 0.0031227 secs] 449904K->433520K(896640K), 0.0031757 secs] [Times: user=0.00 sys=0.00, real=0.00 secs] 
2020-10-29T15:50:55.798+0000: [GC (Allocation Failure) 2020-10-29T15:50:55.798+0000: [ParNew: 16388K->4K(18432K), 0.0031901 secs] 449904K->433520K(896640K), 0.0032444 secs] [Times: user=0.01 sys=0.00, real=0.00 secs] 
2020-10-29T15:50:55.816+0000: [GC (Allocation Failure) 2020-10-29T15:50:55.817+0000: [ParNew: 16388K->4K(18432K), 0.0031192 secs] 449904K->433520K(896640K), 0.0031726 secs] [Times: user=0.00 sys=0.00, real=0.00 secs] 
2020-10-29T15:50:55.834+0000: [GC (Allocation Failure) 2020-10-29T15:50:55.834+0000: [ParNew: 16388K->4K(18432K), 0.0033018 secs] 449904K->433520K(896640K), 0.0033577 secs] [Times: user=0.01 sys=0.00, real=0.00 secs] 
2020-10-29T15:50:55.852+0000: [GC (Allocation Failure) 2020-10-29T15:50:55.853+0000: [ParNew: 16388K->4K(18432K), 0.0031729 secs] 449904K->433520K(896640K), 0.0032341 secs] [Times: user=0.01 sys=0.00, real=0.00 secs] 
2020-10-29T15:50:55.870+0000: [GC (Allocation Failure) 2020-10-29T15:50:55.870+0000: [ParNew: 16388K->4K(18432K), 0.0031861 secs] 449904K->433520K(896640K), 0.0032417 secs] [Times: user=0.00 sys=0.00, real=0.01 secs] 
2020-10-29T15:50:55.888+0000: [GC (Allocation Failure) 2020-10-29T15:50:55.888+0000: [ParNew: 16388K->4K(18432K), 0.0030864 secs] 449904K->433520K(896640K), 0.0031376 secs] [Times: user=0.01 sys=0.00, real=0.00 secs] 
2020-10-29T15:50:55.908+0000: [GC (Allocation Failure) 2020-10-29T15:50:55.908+0000: [ParNew: 16388K->4K(18432K), 0.0031334 secs] 449904K->433520K(896640K), 0.0031897 secs] [Times: user=0.00 sys=0.00, real=0.00 secs] 
2020-10-29T15:50:55.926+0000: [GC (Allocation Failure) 2020-10-29T15:50:55.926+0000: [ParNew: 16388K->4K(18432K), 0.0032290 secs] 449904K->433520K(896640K), 0.0033003 secs] [Times: user=0.01 sys=0.00, real=0.00 secs] 
2020-10-29T15:50:55.944+0000: [GC (Allocation Failure) 2020-10-29T15:50:55.944+0000: [ParNew: 16388K->4K(18432K), 0.0032194 secs] 449904K->433520K(896640K), 0.0032751 secs] [Times: user=0.01 sys=0.00, real=0.01 secs] 
2020-10-29T15:50:55.961+0000: [GC (Allocation Failure) 2020-10-29T15:50:55.961+0000: [ParNew: 16388K->4K(18432K), 0.0031742 secs] 449904K->433520K(896640K), 0.0032305 secs] [Times: user=0.00 sys=0.00, real=0.01 secs] 
2020-10-29T15:50:55.979+0000: [GC (Allocation Failure) 2020-10-29T15:50:55.979+0000: [ParNew: 16388K->4K(18432K), 0.0032813 secs] 449904K->433520K(896640K), 0.0033394 secs] [Times: user=0.01 sys=0.00, real=0.00 secs] 
2020-10-29T15:50:56.000+0000: [GC (Allocation Failure) 2020-10-29T15:50:56.001+0000: [ParNew: 16388K->4K(18432K), 0.0031936 secs] 449904K->433520K(896640K), 0.0032481 secs] [Times: user=0.00 sys=0.00, real=0.00 secs] 
2020-10-29T15:50:56.020+0000: [GC (Allocation Failure) 2020-10-29T15:50:56.020+0000: [ParNew: 16388K->4K(18432K), 0.0031638 secs] 449904K->433520K(896640K), 0.0032145 secs] [Times: user=0.01 sys=0.00, real=0.00 secs] 
2020-10-29T15:50:56.038+0000: [GC (Allocation Failure) 2020-10-29T15:50:56.038+0000: [ParNew: 16388K->4K(18432K), 0.0031937 secs] 449904K->433520K(896640K), 0.0032609 secs] [Times: user=0.01 sys=0.00, real=0.00 secs] 
2020-10-29T15:50:56.056+0000: [GC (Allocation Failure) 2020-10-29T15:50:56.056+0000: [ParNew: 16388K->4K(18432K), 0.0030977 secs] 449904K->433520K(896640K), 0.0031497 secs] [Times: user=0.01 sys=0.00, real=0.00 secs] 
2020-10-29T15:50:56.073+0000: [GC (Allocation Failure) 2020-10-29T15:50:56.073+0000: [ParNew: 16388K->4K(18432K), 0.0032597 secs] 449904K->433520K(896640K), 0.0033270 secs] [Times: user=0.01 sys=0.00, real=0.00 secs] 
2020-10-29T15:50:56.092+0000: [GC (Allocation Failure) 2020-10-29T15:50:56.093+0000: [ParNew: 16388K->4K(18432K), 0.0031628 secs] 449904K->433520K(896640K), 0.0032188 secs] [Times: user=0.01 sys=0.00, real=0.00 secs] 
2020-10-29T15:50:56.110+0000: [GC (Allocation Failure) 2020-10-29T15:50:56.110+0000: [ParNew: 16388K->4K(18432K), 0.0031699 secs] 449904K->433520K(896640K), 0.0032259 secs] [Times: user=0.01 sys=0.00, real=0.01 secs] 
2020-10-29T15:50:56.128+0000: [GC (Allocation Failure) 2020-10-29T15:50:56.128+0000: [ParNew: 16388K->4K(18432K), 0.0031980 secs] 449904K->433520K(896640K), 0.0032553 secs] [Times: user=0.00 sys=0.00, real=0.00 secs] 
2020-10-29T15:50:56.148+0000: [GC (Allocation Failure) 2020-10-29T15:50:56.149+0000: [ParNew: 16388K->4K(18432K), 0.0031694 secs] 449904K->433520K(896640K), 0.0032259 secs] [Times: user=0.01 sys=0.00, real=0.00 secs] 
2020-10-29T15:50:56.166+0000: [GC (Allocation Failure) 2020-10-29T15:50:56.166+0000: [ParNew: 16388K->4K(18432K), 0.0031039 secs] 449904K->433520K(896640K), 0.0031569 secs] [Times: user=0.01 sys=0.00, real=0.00 secs] 
2020-10-29T15:50:56.184+0000: [GC (Allocation Failure) 2020-10-29T15:50:56.184+0000: [ParNew: 16388K->4K(18432K), 0.0032149 secs] 449904K->433520K(896640K), 0.0032744 secs] [Times: user=0.01 sys=0.00, real=0.01 secs] 
2020-10-29T15:50:56.204+0000: [GC (Allocation Failure) 2020-10-29T15:50:56.205+0000: [ParNew: 16388K->4K(18432K), 0.0032503 secs] 449904K->433520K(896640K), 0.0033088 secs] [Times: user=0.00 sys=0.00, real=0.00 secs] 
2020-10-29T15:50:56.223+0000: [GC (Allocation Failure) 2020-10-29T15:50:56.223+0000: [ParNew: 16388K->4K(18432K), 0.0032025 secs] 449904K->433520K(896640K), 0.0032655 secs] [Times: user=0.00 sys=0.00, real=0.01 secs] 
2020-10-29T15:50:56.240+0000: [GC (Allocation Failure) 2020-10-29T15:50:56.240+0000: [ParNew: 16388K->4K(18432K), 0.0031058 secs] 449904K->433520K(896640K), 0.0031589 secs] [Times: user=0.01 sys=0.00, real=0.00 secs] 
2020-10-29T15:50:56.260+0000: [GC (Allocation Failure) 2020-10-29T15:50:56.260+0000: [ParNew: 16388K->4K(18432K), 0.0030867 secs] 449904K->433520K(896640K), 0.0031378 secs] [Times: user=0.00 sys=0.00, real=0.00 secs] 
2020-10-29T15:50:56.280+0000: [GC (Allocation Failure) 2020-10-29T15:50:56.281+0000: [ParNew: 16388K->4K(18432K), 0.0031742 secs] 449904K->433520K(896640K), 0.0032307 secs] [Times: user=0.00 sys=0.00, real=0.00 secs] 
2020-10-29T15:50:56.298+0000: [GC (Allocation Failure) 2020-10-29T15:50:56.298+0000: [ParNew: 16388K->4K(18432K), 0.0032032 secs] 449904K->433520K(896640K), 0.0032762 secs] [Times: user=0.01 sys=0.00, real=0.00 secs] 
2020-10-29T15:50:56.316+0000: [GC (Allocation Failure) 2020-10-29T15:50:56.317+0000: [ParNew: 16388K->4K(18432K), 0.0031511 secs] 449904K->433520K(896640K), 0.0032081 secs] [Times: user=0.00 sys=0.00, real=0.00 secs] 
2020-10-29T15:50:56.334+0000: [GC (Allocation Failure) 2020-10-29T15:50:56.334+0000: [ParNew: 16388K->4K(18432K), 0.0032151 secs] 449904K->433520K(896640K), 0.0032740 secs] [Times: user=0.00 sys=0.00, real=0.00 secs] 
2020-10-29T15:50:56.352+0000: [GC (Allocation Failure) 2020-10-29T15:50:56.352+0000: [ParNew: 16388K->4K(18432K), 0.0032181 secs] 449904K->433520K(896640K), 0.0032767 secs] [Times: user=0.01 sys=0.00, real=0.01 secs] 
2020-10-29T15:50:56.370+0000: [GC (Allocation Failure) 2020-10-29T15:50:56.370+0000: [ParNew: 16388K->4K(18432K), 0.0032342 secs] 449904K->433520K(896640K), 0.0032929 secs] [Times: user=0.00 sys=0.00, real=0.01 secs] 
2020-10-29T15:50:56.388+0000: [GC (Allocation Failure) 2020-10-29T15:50:56.389+0000: [ParNew: 16388K->4K(18432K), 0.0032156 secs] 449904K->433520K(896640K), 0.0032860 secs] [Times: user=0.01 sys=0.00, real=0.00 secs] 
2020-10-29T15:50:56.407+0000: [GC (Allocation Failure) 2020-10-29T15:50:56.407+0000: [ParNew: 16388K->4K(18432K), 0.0032410 secs] 449904K->433520K(896640K), 0.0032989 secs] [Times: user=0.01 sys=0.00, real=0.00 secs] 
2020-10-29T15:50:56.424+0000: [GC (Allocation Failure) 2020-10-29T15:50:56.424+0000: [ParNew: 16388K->4K(18432K), 0.0031636 secs] 449904K->433520K(896640K), 0.0032189 secs] [Times: user=0.01 sys=0.00, real=0.00 secs] 
2020-10-29T15:50:56.442+0000: [GC (Allocation Failure) 2020-10-29T15:50:56.442+0000: [ParNew: 16388K->4K(18432K), 0.0032023 secs] 449904K->433520K(896640K), 0.0032611 secs] [Times: user=0.01 sys=0.00, real=0.01 secs] 
2020-10-29T15:50:56.460+0000: [GC (Allocation Failure) 2020-10-29T15:50:56.461+0000: [ParNew: 16388K->4K(18432K), 0.0031514 secs] 449904K->433520K(896640K), 0.0032078 secs] [Times: user=0.01 sys=0.00, real=0.00 secs] 
2020-10-29T15:50:56.481+0000: [GC (Allocation Failure) 2020-10-29T15:50:56.481+0000: [ParNew: 16388K->4K(18432K), 0.0031662 secs] 449904K->433520K(896640K), 0.0032165 secs] [Times: user=0.01 sys=0.00, real=0.00 secs] 
2020-10-29T15:50:56.500+0000: [GC (Allocation Failure) 2020-10-29T15:50:56.501+0000: [ParNew: 16388K->4K(18432K), 0.0031602 secs] 449904K->433520K(896640K), 0.0032173 secs] [Times: user=0.01 sys=0.00, real=0.00 secs] 
2020-10-29T15:50:56.518+0000: [GC (Allocation Failure) 2020-10-29T15:50:56.518+0000: [ParNew: 16388K->4K(18432K), 0.0031874 secs] 449904K->433520K(896640K), 0.0032434 secs] [Times: user=0.00 sys=0.00, real=0.00 secs] 
2020-10-29T15:50:56.538+0000: [GC (Allocation Failure) 2020-10-29T15:50:56.538+0000: [ParNew: 16388K->4K(18432K), 0.0032008 secs] 449904K->433520K(896640K), 0.0032560 secs] [Times: user=0.00 sys=0.00, real=0.00 secs] 
2020-10-29T15:50:56.562+0000: [GC (Allocation Failure) 2020-10-29T15:50:56.562+0000: [ParNew: 16388K->4K(18432K), 0.0031951 secs] 449904K->433520K(896640K), 0.0032520 secs] [Times: user=0.01 sys=0.00, real=0.01 secs] 
2020-10-29T15:50:56.584+0000: [GC (Allocation Failure) 2020-10-29T15:50:56.584+0000: [ParNew: 16388K->4K(18432K), 0.0031948 secs] 449904K->433520K(896640K), 0.0032519 secs] [Times: user=0.01 sys=0.00, real=0.01 secs] 
2020-10-29T15:50:56.602+0000: [GC (Allocation Failure) 2020-10-29T15:50:56.602+0000: [ParNew: 16388K->4K(18432K), 0.0041786 secs] 449904K->433520K(896640K), 0.0042336 secs] [Times: user=0.00 sys=0.00, real=0.01 secs] 
2020-10-29T15:50:56.621+0000: [GC (Allocation Failure) 2020-10-29T15:50:56.621+0000: [ParNew: 16388K->4K(18432K), 0.0032142 secs] 449904K->433520K(896640K), 0.0032720 secs] [Times: user=0.01 sys=0.00, real=0.00 secs] 
2020-10-29T15:50:56.639+0000: [GC (Allocation Failure) 2020-10-29T15:50:56.639+0000: [ParNew: 16388K->4K(18432K), 0.0032906 secs] 449904K->433520K(896640K), 0.0033483 secs] [Times: user=0.00 sys=0.00, real=0.00 secs] 
2020-10-29T15:50:56.657+0000: [GC (Allocation Failure) 2020-10-29T15:50:56.657+0000: [ParNew: 16388K->4K(18432K), 0.0032240 secs] 449904K->433520K(896640K), 0.0032814 secs] [Times: user=0.00 sys=0.00, real=0.00 secs] 
2020-10-29T15:50:56.677+0000: [GC (Allocation Failure) 2020-10-29T15:50:56.677+0000: [ParNew: 16388K->4K(18432K), 0.0032203 secs] 466288K->449904K(896640K), 0.0032794 secs] [Times: user=0.01 sys=0.00, real=0.00 secs] 
2020-10-29T15:50:56.696+0000: [GC (Allocation Failure) 2020-10-29T15:50:56.697+0000: [ParNew: 16388K->4K(18432K), 0.0031564 secs] 466288K->449904K(896640K), 0.0032096 secs] [Times: user=0.01 sys=0.00, real=0.00 secs] 
2020-10-29T15:50:56.714+0000: [GC (Allocation Failure) 2020-10-29T15:50:56.714+0000: [ParNew: 16388K->4K(18432K), 0.0031554 secs] 466288K->449904K(896640K), 0.0032118 secs] [Times: user=0.00 sys=0.00, real=0.00 secs] 
2020-10-29T15:50:56.732+0000: [GC (Allocation Failure) 2020-10-29T15:50:56.733+0000: [ParNew: 16388K->4K(18432K), 0.0031142 secs] 466288K->449904K(896640K), 0.0031677 secs] [Times: user=0.01 sys=0.00, real=0.00 secs] 
2020-10-29T15:50:56.752+0000: [GC (Allocation Failure) 2020-10-29T15:50:56.753+0000: [ParNew: 16388K->4K(18432K), 0.0031972 secs] 466288K->449904K(896640K), 0.0032528 secs] [Times: user=0.01 sys=0.00, real=0.00 secs] 
2020-10-29T15:50:56.772+0000: [GC (Allocation Failure) 2020-10-29T15:50:56.773+0000: [ParNew: 16388K->4K(18432K), 0.0032176 secs] 466288K->449904K(896640K), 0.0032753 secs] [Times: user=0.01 sys=0.00, real=0.00 secs] 
2020-10-29T15:50:56.792+0000: [GC (Allocation Failure) 2020-10-29T15:50:56.793+0000: [ParNew: 16388K->4K(18432K), 0.0031512 secs] 466288K->449904K(896640K), 0.0032064 secs] [Times: user=0.01 sys=0.00, real=0.00 secs] 
2020-10-29T15:50:56.810+0000: [GC (Allocation Failure) 2020-10-29T15:50:56.810+0000: [ParNew: 16388K->4K(18432K), 0.0032054 secs] 466288K->449904K(896640K), 0.0032616 secs] [Times: user=0.00 sys=0.00, real=0.01 secs] 
2020-10-29T15:50:56.828+0000: [GC (Allocation Failure) 2020-10-29T15:50:56.829+0000: [ParNew: 16388K->4K(18432K), 0.0031540 secs] 466288K->449904K(896640K), 0.0032098 secs] [Times: user=0.01 sys=0.00, real=0.00 secs] 
2020-10-29T15:50:56.848+0000: [GC (Allocation Failure) 2020-10-29T15:50:56.849+0000: [ParNew: 16388K->4K(18432K), 0.0032291 secs] 466288K->449904K(896640K), 0.0032879 secs] [Times: user=0.01 sys=0.00, real=0.00 secs] 
2020-10-29T15:50:56.866+0000: [GC (Allocation Failure) 2020-10-29T15:50:56.866+0000: [ParNew: 16388K->4K(18432K), 0.0032469 secs] 466288K->449904K(896640K), 0.0033105 secs] [Times: user=0.00 sys=0.00, real=0.00 secs] 
2020-10-29T15:50:56.884+0000: [GC (Allocation Failure) 2020-10-29T15:50:56.885+0000: [ParNew: 16388K->4K(18432K), 0.0031812 secs] 466288K->449904K(896640K), 0.0032380 secs] [Times: user=0.00 sys=0.00, real=0.00 secs] 
2020-10-29T15:50:56.902+0000: [GC (Allocation Failure) 2020-10-29T15:50:56.902+0000: [ParNew: 16388K->4K(18432K), 0.0031502 secs] 466288K->449904K(896640K), 0.0032056 secs] [Times: user=0.01 sys=0.00, real=0.01 secs] 
2020-10-29T15:50:56.920+0000: [GC (Allocation Failure) 2020-10-29T15:50:56.920+0000: [ParNew: 16388K->4K(18432K), 0.0032648 secs] 466288K->449904K(896640K), 0.0033243 secs] [Times: user=0.01 sys=0.00, real=0.00 secs] 
2020-10-29T15:50:56.940+0000: [GC (Allocation Failure) 2020-10-29T15:50:56.941+0000: [ParNew: 16388K->4K(18432K), 0.0032109 secs] 466288K->449904K(896640K), 0.0032688 secs] [Times: user=0.01 sys=0.00, real=0.00 secs] 
2020-10-29T15:50:56.958+0000: [GC (Allocation Failure) 2020-10-29T15:50:56.958+0000: [ParNew: 16388K->4K(18432K), 0.0031474 secs] 466288K->449904K(896640K), 0.0032025 secs] [Times: user=0.00 sys=0.00, real=0.00 secs] 
2020-10-29T15:50:56.976+0000: [GC (Allocation Failure) 2020-10-29T15:50:56.976+0000: [ParNew: 16388K->4K(18432K), 0.0032077 secs] 466288K->449904K(896640K), 0.0032708 secs] [Times: user=0.01 sys=0.00, real=0.00 secs] 
2020-10-29T15:50:56.994+0000: [GC (Allocation Failure) 2020-10-29T15:50:56.994+0000: [ParNew: 16388K->4K(18432K), 0.0031947 secs] 466288K->449904K(896640K), 0.0032506 secs] [Times: user=0.00 sys=0.00, real=0.00 secs] 
2020-10-29T15:50:57.011+0000: [GC (Allocation Failure) 2020-10-29T15:50:57.011+0000: [ParNew: 16388K->4K(18432K), 0.0031992 secs] 466288K->449904K(896640K), 0.0032557 secs] [Times: user=0.01 sys=0.00, real=0.01 secs] 
2020-10-29T15:50:57.029+0000: [GC (Allocation Failure) 2020-10-29T15:50:57.029+0000: [ParNew: 16388K->4K(18432K), 0.0031153 secs] 466288K->449904K(896640K), 0.0031707 secs] [Times: user=0.01 sys=0.00, real=0.00 secs] 
2020-10-29T15:50:57.047+0000: [GC (Allocation Failure) 2020-10-29T15:50:57.047+0000: [ParNew: 16388K->4K(18432K), 0.0031982 secs] 466288K->449904K(896640K), 0.0032553 secs] [Times: user=0.01 sys=0.00, real=0.00 secs] 
2020-10-29T15:50:57.065+0000: [GC (Allocation Failure) 2020-10-29T15:50:57.065+0000: [ParNew: 16388K->4K(18432K), 0.0031926 secs] 466288K->449904K(896640K), 0.0032532 secs] [Times: user=0.00 sys=0.00, real=0.00 secs] 
2020-10-29T15:50:57.082+0000: [GC (Allocation Failure) 2020-10-29T15:50:57.082+0000: [ParNew: 16388K->4K(18432K), 0.0032351 secs] 466288K->449904K(896640K), 0.0033060 secs] [Times: user=0.01 sys=0.00, real=0.01 secs] 
2020-10-29T15:50:57.104+0000: [GC (Allocation Failure) 2020-10-29T15:50:57.104+0000: [ParNew: 16388K->4K(18432K), 0.0031638 secs] 466288K->449904K(896640K), 0.0032182 secs] [Times: user=0.01 sys=0.00, real=0.01 secs] 
2020-10-29T15:50:57.122+0000: [GC (Allocation Failure) 2020-10-29T15:50:57.122+0000: [ParNew: 16388K->4K(18432K), 0.0032104 secs] 466288K->449904K(896640K), 0.0032657 secs] [Times: user=0.01 sys=0.00, real=0.01 secs] 
2020-10-29T15:50:57.140+0000: [GC (Allocation Failure) 2020-10-29T15:50:57.140+0000: [ParNew: 16388K->4K(18432K), 0.0031406 secs] 466288K->449904K(896640K), 0.0031951 secs] [Times: user=0.00 sys=0.00, real=0.00 secs] 
2020-10-29T15:50:57.158+0000: [GC (Allocation Failure) 2020-10-29T15:50:57.158+0000: [ParNew: 16388K->4K(18432K), 0.0032023 secs] 466288K->449904K(896640K), 0.0032582 secs] [Times: user=0.00 sys=0.00, real=0.00 secs] 
2020-10-29T15:50:57.175+0000: [GC (Allocation Failure) 2020-10-29T15:50:57.175+0000: [ParNew: 16388K->4K(18432K), 0.0032292 secs] 466288K->449904K(896640K), 0.0032935 secs] [Times: user=0.01 sys=0.00, real=0.00 secs] 
2020-10-29T15:50:57.196+0000: [GC (Allocation Failure) 2020-10-29T15:50:57.197+0000: [ParNew: 16388K->4K(18432K), 0.0031373 secs] 466288K->449904K(896640K), 0.0031916 secs] [Times: user=0.01 sys=0.00, real=0.00 secs] 
2020-10-29T15:50:57.214+0000: [GC (Allocation Failure) 2020-10-29T15:50:57.214+0000: [ParNew: 16388K->4K(18432K), 0.0031994 secs] 466288K->449904K(896640K), 0.0032546 secs] [Times: user=0.01 sys=0.00, real=0.00 secs] 
2020-10-29T15:50:57.236+0000: [GC (Allocation Failure) 2020-10-29T15:50:57.236+0000: [ParNew: 16388K->4K(18432K), 0.0031317 secs] 466288K->449904K(896640K), 0.0031872 secs] [Times: user=0.01 sys=0.00, real=0.00 secs] 
2020-10-29T15:50:57.256+0000: [GC (Allocation Failure) 2020-10-29T15:50:57.257+0000: [ParNew: 16388K->4K(18432K), 0.0031821 secs] 466288K->449904K(896640K), 0.0032380 secs] [Times: user=0.01 sys=0.00, real=0.00 secs] 
2020-10-29T15:50:57.276+0000: [GC (Allocation Failure) 2020-10-29T15:50:57.277+0000: [ParNew: 16388K->4K(18432K), 0.0031860 secs] 466288K->449904K(896640K), 0.0032432 secs] [Times: user=0.01 sys=0.00, real=0.00 secs] 
2020-10-29T15:50:57.294+0000: [GC (Allocation Failure) 2020-10-29T15:50:57.294+0000: [ParNew: 16388K->4K(18432K), 0.0032391 secs] 466288K->449904K(896640K), 0.0032962 secs] [Times: user=0.01 sys=0.00, real=0.00 secs] 
2020-10-29T15:50:57.321+0000: [GC (Allocation Failure) 2020-10-29T15:50:57.321+0000: [ParNew: 16388K->17K(18432K), 0.0032140 secs] 466288K->449918K(896640K), 0.0032697 secs] [Times: user=0.00 sys=0.00, real=0.00 secs] 
2020-10-29T15:50:57.349+0000: [GC (Allocation Failure) 2020-10-29T15:50:57.349+0000: [ParNew: 16401K->8K(18432K), 0.0032473 secs] 466302K->449909K(896640K), 0.0033071 secs] [Times: user=0.00 sys=0.00, real=0.00 secs] 
2020-10-29T15:50:57.366+0000: [GC (Allocation Failure) 2020-10-29T15:50:57.366+0000: [ParNew: 16392K->8K(18432K), 0.0032239 secs] 466293K->449909K(896640K), 0.0032814 secs] [Times: user=0.01 sys=0.00, real=0.00 secs] 
2020-10-29T15:50:57.388+0000: [GC (Allocation Failure) 2020-10-29T15:50:57.388+0000: [ParNew: 16392K->8K(18432K), 0.0031918 secs] 466293K->449908K(896640K), 0.0032470 secs] [Times: user=0.01 sys=0.00, real=0.00 secs] 
2020-10-29T15:50:57.406+0000: [GC (Allocation Failure) 2020-10-29T15:50:57.406+0000: [ParNew: 16392K->8K(18432K), 0.0032209 secs] 466292K->449908K(896640K), 0.0032756 secs] [Times: user=0.01 sys=0.00, real=0.00 secs] 
2020-10-29T15:50:57.424+0000: [GC (Allocation Failure) 2020-10-29T15:50:57.425+0000: [ParNew: 16392K->8K(18432K), 0.0032147 secs] 466292K->449909K(896640K), 0.0032771 secs] [Times: user=0.00 sys=0.00, real=0.00 secs] 
2020-10-29T15:50:57.445+0000: [GC (Allocation Failure) 2020-10-29T15:50:57.445+0000: [ParNew: 16392K->5K(18432K), 0.0032090 secs] 466293K->449909K(896640K), 0.0032648 secs] [Times: user=0.01 sys=0.00, real=0.00 secs] 
2020-10-29T15:50:57.462+0000: [GC (Allocation Failure) 2020-10-29T15:50:57.462+0000: [ParNew: 16389K->4K(18432K), 0.0032308 secs] 466293K->449908K(896640K), 0.0032873 secs] [Times: user=0.01 sys=0.00, real=0.01 secs] 
2020-10-29T15:50:57.480+0000: [GC (Allocation Failure) 2020-10-29T15:50:57.480+0000: [ParNew: 16388K->4K(18432K), 0.0031689 secs] 466292K->449908K(896640K), 0.0032257 secs] [Times: user=0.01 sys=0.00, real=0.00 secs] 
2020-10-29T15:50:57.498+0000: [GC (Allocation Failure) 2020-10-29T15:50:57.498+0000: [ParNew: 16388K->4K(18432K), 0.0032541 secs] 466292K->449908K(896640K), 0.0033089 secs] [Times: user=0.01 sys=0.00, real=0.00 secs] 
2020-10-29T15:50:57.516+0000: [GC (Allocation Failure) 2020-10-29T15:50:57.516+0000: [ParNew: 16388K->4K(18432K), 0.0034091 secs] 466292K->449908K(896640K), 0.0034666 secs] [Times: user=0.01 sys=0.00, real=0.00 secs] 
2020-10-29T15:50:57.534+0000: [GC (Allocation Failure) 2020-10-29T15:50:57.534+0000: [ParNew: 16388K->4K(18432K), 0.0031777 secs] 466292K->449908K(896640K), 0.0032346 secs] [Times: user=0.00 sys=0.00, real=0.00 secs] 
2020-10-29T15:50:57.551+0000: [GC (Allocation Failure) 2020-10-29T15:50:57.551+0000: [ParNew: 16388K->4K(18432K), 0.0032047 secs] 466292K->449908K(896640K), 0.0032615 secs] [Times: user=0.01 sys=0.00, real=0.01 secs] 
2020-10-29T15:50:57.569+0000: [GC (Allocation Failure) 2020-10-29T15:50:57.569+0000: [ParNew: 16388K->4K(18432K), 0.0031727 secs] 466292K->449908K(896640K), 0.0032306 secs] [Times: user=0.01 sys=0.00, real=0.01 secs] 
2020-10-29T15:50:57.588+0000: [GC (Allocation Failure) 2020-10-29T15:50:57.589+0000: [ParNew: 16388K->4K(18432K), 0.0031540 secs] 466292K->449908K(896640K), 0.0032081 secs] [Times: user=0.01 sys=0.00, real=0.00 secs] 
2020-10-29T15:50:57.608+0000: [GC (Allocation Failure) 2020-10-29T15:50:57.609+0000: [ParNew: 16388K->4K(18432K), 0.0032323 secs] 466292K->449908K(896640K), 0.0032921 secs] [Times: user=0.00 sys=0.00, real=0.00 secs] 
2020-10-29T15:50:57.626+0000: [GC (Allocation Failure) 2020-10-29T15:50:57.626+0000: [ParNew: 16388K->4K(18432K), 0.0032270 secs] 466292K->449908K(896640K), 0.0032856 secs] [Times: user=0.01 sys=0.00, real=0.00 secs] 
2020-10-29T15:50:57.644+0000: [GC (Allocation Failure) 2020-10-29T15:50:57.644+0000: [ParNew: 16388K->4K(18432K), 0.0032430 secs] 466292K->449908K(896640K), 0.0033177 secs] [Times: user=0.00 sys=0.00, real=0.01 secs] 
2020-10-29T15:50:57.664+0000: [GC (Allocation Failure) 2020-10-29T15:50:57.665+0000: [ParNew: 16388K->4K(18432K), 0.0032054 secs] 466292K->449908K(896640K), 0.0032630 secs] [Times: user=0.01 sys=0.00, real=0.00 secs] 
2020-10-29T15:50:57.682+0000: [GC (Allocation Failure) 2020-10-29T15:50:57.682+0000: [ParNew: 16388K->4K(18432K), 0.0032124 secs] 466292K->449908K(896640K), 0.0032692 secs] [Times: user=0.00 sys=0.00, real=0.01 secs] 
2020-10-29T15:50:57.700+0000: [GC (Allocation Failure) 2020-10-29T15:50:57.700+0000: [ParNew: 16388K->4K(18432K), 0.0032190 secs] 466292K->449908K(896640K), 0.0032775 secs] [Times: user=0.01 sys=0.00, real=0.00 secs] 
2020-10-29T15:50:57.722+0000: [GC (Allocation Failure) 2020-10-29T15:50:57.722+0000: [ParNew: 16388K->4K(18432K), 0.0033446 secs] 466292K->449908K(896640K), 0.0034057 secs] [Times: user=0.00 sys=0.00, real=0.01 secs] 
2020-10-29T15:50:57.740+0000: [GC (Allocation Failure) 2020-10-29T15:50:57.740+0000: [ParNew: 16388K->4K(18432K), 0.0032058 secs] 466292K->449908K(896640K), 0.0032638 secs] [Times: user=0.01 sys=0.00, real=0.00 secs] 
2020-10-29T15:50:57.760+0000: [GC (Allocation Failure) 2020-10-29T15:50:57.761+0000: [ParNew: 16388K->4K(18432K), 0.0031946 secs] 466292K->449908K(896640K), 0.0032573 secs] [Times: user=0.00 sys=0.00, real=0.00 secs] 
2020-10-29T15:50:57.778+0000: [GC (Allocation Failure) 2020-10-29T15:50:57.778+0000: [ParNew: 16388K->4K(18432K), 0.0032076 secs] 466292K->449908K(896640K), 0.0032821 secs] [Times: user=0.01 sys=0.00, real=0.00 secs] 
2020-10-29T15:50:57.797+0000: [GC (Allocation Failure) 2020-10-29T15:50:57.797+0000: [ParNew: 16388K->4K(18432K), 0.0031513 secs] 466292K->449908K(896640K), 0.0032075 secs] [Times: user=0.00 sys=0.00, real=0.00 secs] 
2020-10-29T15:50:57.815+0000: [GC (Allocation Failure) 2020-10-29T15:50:57.815+0000: [ParNew: 16388K->4K(18432K), 0.0031726 secs] 466292K->449908K(896640K), 0.0032405 secs] [Times: user=0.00 sys=0.00, real=0.00 secs] 
2020-10-29T15:50:57.832+0000: [GC (Allocation Failure) 2020-10-29T15:50:57.832+0000: [ParNew: 16388K->4K(18432K), 0.0031854 secs] 466292K->449908K(896640K), 0.0032415 secs] [Times: user=0.01 sys=0.00, real=0.01 secs] 
2020-10-29T15:50:57.850+0000: [GC (Allocation Failure) 2020-10-29T15:50:57.850+0000: [ParNew: 16388K->4K(18432K), 0.0031681 secs] 466292K->449908K(896640K), 0.0032236 secs] [Times: user=0.00 sys=0.00, real=0.01 secs] 
2020-10-29T15:50:57.867+0000: [GC (Allocation Failure) 2020-10-29T15:50:57.867+0000: [ParNew: 16388K->4K(18432K), 0.0031607 secs] 466292K->449908K(896640K), 0.0032165 secs] [Times: user=0.01 sys=0.00, real=0.00 secs] 
2020-10-29T15:50:57.888+0000: [GC (Allocation Failure) 2020-10-29T15:50:57.889+0000: [ParNew: 16388K->4K(18432K), 0.0031692 secs] 466292K->449908K(896640K), 0.0032271 secs] [Times: user=0.01 sys=0.00, real=0.00 secs] 
2020-10-29T15:50:57.907+0000: [GC (Allocation Failure) 2020-10-29T15:50:57.907+0000: [ParNew: 16388K->4K(18432K), 0.0031784 secs] 466292K->449908K(896640K), 0.0032336 secs] [Times: user=0.01 sys=0.00, real=0.00 secs] 
2020-10-29T15:50:57.928+0000: [GC (Allocation Failure) 2020-10-29T15:50:57.928+0000: [ParNew: 16388K->4K(18432K), 0.0031588 secs] 466292K->449908K(896640K), 0.0032135 secs] [Times: user=0.00 sys=0.00, real=0.00 secs] 
2020-10-29T15:50:57.948+0000: [GC (Allocation Failure) 2020-10-29T15:50:57.949+0000: [ParNew: 16388K->4K(18432K), 0.0031166 secs] 466292K->449908K(896640K), 0.0031706 secs] [Times: user=0.00 sys=0.00, real=0.00 secs] 
2020-10-29T15:50:57.968+0000: [GC (Allocation Failure) 2020-10-29T15:50:57.968+0000: [ParNew: 16388K->4K(18432K), 0.0031059 secs] 466292K->449908K(896640K), 0.0031599 secs] [Times: user=0.00 sys=0.00, real=0.00 secs] 
2020-10-29T15:50:57.988+0000: [GC (Allocation Failure) 2020-10-29T15:50:57.989+0000: [ParNew: 16388K->4K(18432K), 0.0031281 secs] 466292K->449908K(896640K), 0.0031818 secs] [Times: user=0.01 sys=0.00, real=0.00 secs] 
2020-10-29T15:50:58.008+0000: [GC (Allocation Failure) 2020-10-29T15:50:58.008+0000: [ParNew: 16388K->4K(18432K), 0.0031049 secs] 466292K->449908K(896640K), 0.0031510 secs] [Times: user=0.01 sys=0.00, real=0.00 secs] 
2020-10-29T15:50:58.026+0000: [GC (Allocation Failure) 2020-10-29T15:50:58.026+0000: [ParNew: 16388K->4K(18432K), 0.0031527 secs] 466292K->449908K(896640K), 0.0032092 secs] [Times: user=0.00 sys=0.00, real=0.00 secs] 
2020-10-29T15:50:58.044+0000: [GC (Allocation Failure) 2020-10-29T15:50:58.045+0000: [ParNew: 16388K->4K(18432K), 0.0031073 secs] 466292K->449908K(896640K), 0.0031612 secs] [Times: user=0.00 sys=0.00, real=0.00 secs] 
2020-10-29T15:50:58.062+0000: [GC (Allocation Failure) 2020-10-29T15:50:58.062+0000: [ParNew: 16388K->4K(18432K), 0.0031891 secs] 466292K->449908K(896640K), 0.0032419 secs] [Times: user=0.01 sys=0.00, real=0.01 secs] 
2020-10-29T15:50:58.081+0000: [GC (Allocation Failure) 2020-10-29T15:50:58.081+0000: [ParNew: 16388K->4K(18432K), 0.0032540 secs] 466292K->449908K(896640K), 0.0033123 secs] [Times: user=0.00 sys=0.00, real=0.01 secs] 
2020-10-29T15:50:58.099+0000: [GC (Allocation Failure) 2020-10-29T15:50:58.099+0000: [ParNew: 16388K->4K(18432K), 0.0031528 secs] 466292K->449908K(896640K), 0.0032082 secs] [Times: user=0.01 sys=0.00, real=0.00 secs] 
2020-10-29T15:50:58.117+0000: [GC (Allocation Failure) 2020-10-29T15:50:58.117+0000: [ParNew: 16388K->4K(18432K), 0.0032439 secs] 466292K->449908K(896640K), 0.0033204 secs] [Times: user=0.00 sys=0.00, real=0.00 secs] 
2020-10-29T15:50:58.134+0000: [GC (Allocation Failure) 2020-10-29T15:50:58.134+0000: [ParNew: 16388K->4K(18432K), 0.0032936 secs] 466292K->449908K(896640K), 0.0033505 secs] [Times: user=0.01 sys=0.00, real=0.00 secs] 
2020-10-29T15:50:58.156+0000: [GC (Allocation Failure) 2020-10-29T15:50:58.156+0000: [ParNew: 16388K->4K(18432K), 0.0031980 secs] 466292K->449908K(896640K), 0.0032552 secs] [Times: user=0.00 sys=0.00, real=0.00 secs] 
2020-10-29T15:50:58.174+0000: [GC (Allocation Failure) 2020-10-29T15:50:58.174+0000: [ParNew: 16388K->4K(18432K), 0.0031818 secs] 466292K->449908K(896640K), 0.0032374 secs] [Times: user=0.01 sys=0.00, real=0.00 secs] 
2020-10-29T15:50:58.192+0000: [GC (Allocation Failure) 2020-10-29T15:50:58.193+0000: [ParNew: 16388K->4K(18432K), 0.0031365 secs] 466292K->449908K(896640K), 0.0031929 secs] [Times: user=0.00 sys=0.00, real=0.00 secs] 
2020-10-29T15:50:58.210+0000: [GC (Allocation Failure) 2020-10-29T15:50:58.210+0000: [ParNew: 16388K->4K(18432K), 0.0032512 secs] 466292K->449908K(896640K), 0.0033087 secs] [Times: user=0.01 sys=0.00, real=0.01 secs] 
2020-10-29T15:50:58.228+0000: [GC (Allocation Failure) 2020-10-29T15:50:58.228+0000: [ParNew: 16388K->4K(18432K), 0.0032181 secs] 466292K->449908K(896640K), 0.0032743 secs] [Times: user=0.00 sys=0.00, real=0.00 secs] 
2020-10-29T15:50:58.250+0000: [GC (Allocation Failure) 2020-10-29T15:50:58.250+0000: [ParNew: 16388K->4K(18432K), 0.0032137 secs] 466292K->449908K(896640K), 0.0032719 secs] [Times: user=0.00 sys=0.00, real=0.01 secs] 
2020-10-29T15:50:58.268+0000: [GC (Allocation Failure) 2020-10-29T15:50:58.268+0000: [ParNew: 16388K->4K(18432K), 0.0032560 secs] 466292K->449908K(896640K), 0.0033115 secs] [Times: user=0.01 sys=0.00, real=0.00 secs] 
2020-10-29T15:50:58.288+0000: [GC (Allocation Failure) 2020-10-29T15:50:58.289+0000: [ParNew: 16388K->4K(18432K), 0.0031501 secs] 466292K->449908K(896640K), 0.0032066 secs] [Times: user=0.00 sys=0.00, real=0.00 secs] 
2020-10-29T15:50:58.306+0000: [GC (Allocation Failure) 2020-10-29T15:50:58.306+0000: [ParNew: 16388K->4K(18432K), 0.0031953 secs] 466292K->449908K(896640K), 0.0032529 secs] [Times: user=0.01 sys=0.00, real=0.00 secs] 
2020-10-29T15:50:58.324+0000: [GC (Allocation Failure) 2020-10-29T15:50:58.324+0000: [ParNew: 16388K->4K(18432K), 0.0031857 secs] 466292K->449908K(896640K), 0.0032555 secs] [Times: user=0.00 sys=0.00, real=0.01 secs] 
2020-10-29T15:50:58.344+0000: [GC (Allocation Failure) 2020-10-29T15:50:58.345+0000: [ParNew: 16388K->4K(18432K), 0.0031770 secs] 466292K->449908K(896640K), 0.0032333 secs] [Times: user=0.01 sys=0.00, real=0.00 secs] 
2020-10-29T15:50:58.364+0000: [GC (Allocation Failure) 2020-10-29T15:50:58.365+0000: [ParNew: 16388K->4K(18432K), 0.0031762 secs] 466292K->449908K(896640K), 0.0032327 secs] [Times: user=0.00 sys=0.00, real=0.00 secs] 
2020-10-29T15:50:58.382+0000: [GC (Allocation Failure) 2020-10-29T15:50:58.382+0000: [ParNew: 16388K->4K(18432K), 0.0031983 secs] 466292K->449908K(896640K), 0.0032534 secs] [Times: user=0.00 sys=0.00, real=0.01 secs] 
2020-10-29T15:50:58.400+0000: [GC (Allocation Failure) 2020-10-29T15:50:58.401+0000: [ParNew: 16388K->4K(18432K), 0.0033850 secs] 466292K->449908K(896640K), 0.0034551 secs] [Times: user=0.01 sys=0.00, real=0.00 secs] 
2020-10-29T15:50:58.420+0000: [GC (Allocation Failure) 2020-10-29T15:50:58.421+0000: [ParNew: 16388K->4K(18432K), 0.0031809 secs] 466292K->449908K(896640K), 0.0032392 secs] [Times: user=0.01 sys=0.00, real=0.00 secs] 
2020-10-29T15:50:58.438+0000: [GC (Allocation Failure) 2020-10-29T15:50:58.438+0000: [ParNew: 16388K->4K(18432K), 0.0031988 secs] 466292K->449908K(896640K), 0.0032540 secs] [Times: user=0.00 sys=0.00, real=0.00 secs] 
2020-10-29T15:50:58.460+0000: [GC (Allocation Failure) 2020-10-29T15:50:58.460+0000: [ParNew: 16388K->4K(18432K), 0.0031758 secs] 466292K->449908K(896640K), 0.0032335 secs] [Times: user=0.01 sys=0.00, real=0.00 secs] 
2020-10-29T15:50:58.478+0000: [GC (Allocation Failure) 2020-10-29T15:50:58.478+0000: [ParNew: 16388K->4K(18432K), 0.0031677 secs] 466292K->449908K(896640K), 0.0032244 secs] [Times: user=0.00 sys=0.00, real=0.00 secs] 
2020-10-29T15:50:58.496+0000: [GC (Allocation Failure) 2020-10-29T15:50:58.496+0000: [ParNew: 16388K->4K(18432K), 0.0031816 secs] 466292K->449908K(896640K), 0.0032369 secs] [Times: user=0.01 sys=0.00, real=0.00 secs] 
2020-10-29T15:50:58.513+0000: [GC (Allocation Failure) 2020-10-29T15:50:58.513+0000: [ParNew: 16388K->4K(18432K), 0.0032009 secs] 466292K->449908K(896640K), 0.0032573 secs] [Times: user=0.01 sys=0.00, real=0.00 secs] 
2020-10-29T15:50:58.531+0000: [GC (Allocation Failure) 2020-10-29T15:50:58.531+0000: [ParNew: 16388K->4K(18432K), 0.0032211 secs] 466292K->449908K(896640K), 0.0032773 secs] [Times: user=0.01 sys=0.00, real=0.01 secs] 
2020-10-29T15:50:58.549+0000: [GC (Allocation Failure) 2020-10-29T15:50:58.549+0000: [ParNew: 16388K->4K(18432K), 0.0031868 secs] 466292K->449908K(896640K), 0.0032425 secs] [Times: user=0.01 sys=0.00, real=0.00 secs] 
2020-10-29T15:50:58.568+0000: [GC (Allocation Failure) 2020-10-29T15:50:58.569+0000: [ParNew: 16388K->4K(18432K), 0.0032151 secs] 466292K->449908K(896640K), 0.0032740 secs] [Times: user=0.01 sys=0.00, real=0.00 secs] 
2020-10-29T15:50:58.586+0000: [GC (Allocation Failure) 2020-10-29T15:50:58.586+0000: [ParNew: 16388K->4K(18432K), 0.0032547 secs] 466292K->449908K(896640K), 0.0033145 secs] [Times: user=0.01 sys=0.00, real=0.00 secs] 
2020-10-29T15:50:58.604+0000: [GC (Allocation Failure) 2020-10-29T15:50:58.604+0000: [ParNew: 16388K->4K(18432K), 0.0033030 secs] 466292K->449908K(896640K), 0.0033638 secs] [Times: user=0.00 sys=0.00, real=0.01 secs] 
2020-10-29T15:50:58.626+0000: [GC (Allocation Failure) 2020-10-29T15:50:58.626+0000: [ParNew: 16388K->4K(18432K), 0.0032532 secs] 466292K->449908K(896640K), 0.0033129 secs] [Times: user=0.00 sys=0.00, real=0.00 secs] 
2020-10-29T15:50:58.644+0000: [GC (Allocation Failure) 2020-10-29T15:50:58.644+0000: [ParNew: 16388K->4K(18432K), 0.0031995 secs] 466292K->449908K(896640K), 0.0032571 secs] [Times: user=0.01 sys=0.00, real=0.01 secs] 
2020-10-29T15:50:58.664+0000: [GC (Allocation Failure) 2020-10-29T15:50:58.665+0000: [ParNew: 16388K->4K(18432K), 0.0032860 secs] 466292K->449908K(896640K), 0.0033465 secs] [Times: user=0.01 sys=0.00, real=0.00 secs] 
2020-10-29T15:50:58.685+0000: [GC (Allocation Failure) 2020-10-29T15:50:58.685+0000: [ParNew: 16388K->4K(18432K), 0.0032119 secs] 466292K->449908K(896640K), 0.0032715 secs] [Times: user=0.00 sys=0.00, real=0.00 secs] 
2020-10-29T15:50:58.702+0000: [GC (Allocation Failure) 2020-10-29T15:50:58.702+0000: [ParNew: 16388K->4K(18432K), 0.0032398 secs] 466292K->449908K(896640K), 0.0032994 secs] [Times: user=0.01 sys=0.00, real=0.01 secs] 
2020-10-29T15:50:58.720+0000: [GC (Allocation Failure) 2020-10-29T15:50:58.720+0000: [ParNew: 16388K->4K(18432K), 0.0032532 secs] 466292K->449908K(896640K), 0.0033118 secs] [Times: user=0.00 sys=0.00, real=0.00 secs] 
2020-10-29T15:50:58.739+0000: [GC (Allocation Failure) 2020-10-29T15:50:58.739+0000: [ParNew: 16388K->4K(18432K), 0.0032421 secs] 466292K->449908K(896640K), 0.0032999 secs] [Times: user=0.01 sys=0.00, real=0.00 secs] 
2020-10-29T15:50:58.756+0000: [GC (Allocation Failure) 2020-10-29T15:50:58.756+0000: [ParNew: 16388K->4K(18432K), 0.0032265 secs] 466292K->449908K(896640K), 0.0032842 secs] [Times: user=0.01 sys=0.00, real=0.00 secs] 
2020-10-29T15:50:58.774+0000: [GC (Allocation Failure) 2020-10-29T15:50:58.774+0000: [ParNew: 16388K->4K(18432K), 0.0031798 secs] 466292K->449908K(896640K), 0.0032358 secs] [Times: user=0.01 sys=0.00, real=0.00 secs] 
2020-10-29T15:50:58.792+0000: [GC (Allocation Failure) 2020-10-29T15:50:58.793+0000: [ParNew: 16388K->4K(18432K), 0.0031485 secs] 466292K->449908K(896640K), 0.0032038 secs] [Times: user=0.01 sys=0.00, real=0.00 secs] 
2020-10-29T15:50:58.812+0000: [GC (Allocation Failure) 2020-10-29T15:50:58.813+0000: [ParNew: 16388K->4K(18432K), 0.0031650 secs] 466292K->449908K(896640K), 0.0032221 secs] [Times: user=0.00 sys=0.00, real=0.00 secs] 
2020-10-29T15:50:58.830+0000: [GC (Allocation Failure) 2020-10-29T15:50:58.830+0000: [ParNew: 16388K->4K(18432K), 0.0031795 secs] 466292K->449908K(896640K), 0.0032358 secs] [Times: user=0.01 sys=0.00, real=0.01 secs] 
2020-10-29T15:50:58.848+0000: [GC (Allocation Failure) 2020-10-29T15:50:58.848+0000: [ParNew: 16388K->4K(18432K), 0.0032595 secs] 466292K->449908K(896640K), 0.0033146 secs] [Times: user=0.00 sys=0.00, real=0.00 secs] 
2020-10-29T15:50:58.868+0000: [GC (Allocation Failure) 2020-10-29T15:50:58.869+0000: [ParNew: 16388K->4K(18432K), 0.0031924 secs] 466292K->449908K(896640K), 0.0032622 secs] [Times: user=0.01 sys=0.01, real=0.00 secs] 
2020-10-29T15:50:58.888+0000: [GC (Allocation Failure) 2020-10-29T15:50:58.889+0000: [ParNew: 16388K->4K(18432K), 0.0031337 secs] 466292K->449908K(896640K), 0.0031886 secs] [Times: user=0.01 sys=0.00, real=0.00 secs] 
2020-10-29T15:50:58.908+0000: [GC (Allocation Failure) 2020-10-29T15:50:58.909+0000: [ParNew: 16388K->4K(18432K), 0.0031756 secs] 466292K->449908K(896640K), 0.0032313 secs] [Times: user=0.01 sys=0.00, real=0.00 secs] 
2020-10-29T15:50:58.926+0000: [GC (Allocation Failure) 2020-10-29T15:50:58.926+0000: [ParNew: 16388K->4K(18432K), 0.0032202 secs] 466292K->449908K(896640K), 0.0032764 secs] [Times: user=0.01 sys=0.00, real=0.00 secs] 
2020-10-29T15:50:58.944+0000: [GC (Allocation Failure) 2020-10-29T15:50:58.945+0000: [ParNew: 16388K->4K(18432K), 0.0031550 secs] 466292K->449908K(896640K), 0.0032098 secs] [Times: user=0.01 sys=0.00, real=0.00 secs] 
2020-10-29T15:50:58.964+0000: [GC (Allocation Failure) 2020-10-29T15:50:58.965+0000: [ParNew: 16388K->4K(18432K), 0.0036522 secs] 466292K->449908K(896640K), 0.0037073 secs] [Times: user=0.00 sys=0.00, real=0.00 secs] 
2020-10-29T15:50:58.985+0000: [GC (Allocation Failure) 2020-10-29T15:50:58.985+0000: [ParNew: 16388K->4K(18432K), 0.0032063 secs] 466292K->449908K(896640K), 0.0032635 secs] [Times: user=0.01 sys=0.00, real=0.00 secs] 
2020-10-29T15:50:59.002+0000: [GC (Allocation Failure) 2020-10-29T15:50:59.002+0000: [ParNew: 16388K->4K(18432K), 0.0032054 secs] 466292K->449908K(896640K), 0.0032617 secs] [Times: user=0.00 sys=0.00, real=0.01 secs] 
2020-10-29T15:50:59.020+0000: [GC (Allocation Failure) 2020-10-29T15:50:59.021+0000: [ParNew: 16388K->4K(18432K), 0.0031689 secs] 466292K->449908K(896640K), 0.0032249 secs] [Times: user=0.01 sys=0.00, real=0.00 secs] 
2020-10-29T15:50:59.038+0000: [GC (Allocation Failure) 2020-10-29T15:50:59.038+0000: [ParNew: 16388K->4K(18432K), 0.0032354 secs] 466292K->449908K(896640K), 0.0032922 secs] [Times: user=0.01 sys=0.00, real=0.00 secs] 
2020-10-29T15:50:59.056+0000: [GC (Allocation Failure) 2020-10-29T15:50:59.056+0000: [ParNew: 16388K->4K(18432K), 0.0031934 secs] 466292K->449908K(896640K), 0.0032508 secs] [Times: user=0.01 sys=0.00, real=0.00 secs] 
2020-10-29T15:50:59.077+0000: [GC (Allocation Failure) 2020-10-29T15:50:59.078+0000: [ParNew: 16388K->4K(18432K), 0.0069603 secs] 466292K->449908K(896640K), 0.0070319 secs] [Times: user=0.01 sys=0.00, real=0.01 secs] 
2020-10-29T15:50:59.109+0000: [GC (Allocation Failure) 2020-10-29T15:50:59.109+0000: [ParNew: 16388K->4K(18432K), 0.0032064 secs] 466292K->449908K(896640K), 0.0032660 secs] [Times: user=0.01 sys=0.00, real=0.00 secs] 
2020-10-29T15:50:59.126+0000: [GC (Allocation Failure) 2020-10-29T15:50:59.126+0000: [ParNew: 16388K->4K(18432K), 0.0032596 secs] 466292K->449908K(896640K), 0.0033171 secs] [Times: user=0.00 sys=0.00, real=0.00 secs] 
2020-10-29T15:50:59.144+0000: [GC (Allocation Failure) 2020-10-29T15:50:59.144+0000: [ParNew: 16388K->4K(18432K), 0.0031340 secs] 466292K->449908K(896640K), 0.0031880 secs] [Times: user=0.00 sys=0.01, real=0.00 secs] 
2020-10-29T15:50:59.162+0000: [GC (Allocation Failure) 2020-10-29T15:50:59.162+0000: [ParNew: 16388K->4K(18432K), 0.0031368 secs] 466292K->449908K(896640K), 0.0031902 secs] [Times: user=0.01 sys=0.00, real=0.01 secs] 
2020-10-29T15:50:59.179+0000: [GC (Allocation Failure) 2020-10-29T15:50:59.180+0000: [ParNew: 16388K->4K(18432K), 0.0030614 secs] 466292K->449908K(896640K), 0.0031122 secs] [Times: user=0.00 sys=0.00, real=0.00 secs] 
2020-10-29T15:50:59.200+0000: [GC (Allocation Failure) 2020-10-29T15:50:59.201+0000: [ParNew: 16388K->4K(18432K), 0.0031634 secs] 466292K->449908K(896640K), 0.0032203 secs] [Times: user=0.01 sys=0.00, real=0.00 secs] 
2020-10-29T15:50:59.220+0000: [GC (Allocation Failure) 2020-10-29T15:50:59.220+0000: [ParNew: 16388K->4K(18432K), 0.0032065 secs] 466292K->449908K(896640K), 0.0032613 secs] [Times: user=0.01 sys=0.00, real=0.00 secs] 
2020-10-29T15:50:59.238+0000: [GC (Allocation Failure) 2020-10-29T15:50:59.238+0000: [ParNew: 16388K->4K(18432K), 0.0031732 secs] 466292K->449908K(896640K), 0.0032276 secs] [Times: user=0.00 sys=0.00, real=0.00 secs] 
2020-10-29T15:50:59.256+0000: [GC (Allocation Failure) 2020-10-29T15:50:59.256+0000: [ParNew: 16388K->4K(18432K), 0.0031670 secs] 466292K->449908K(896640K), 0.0032248 secs] [Times: user=0.01 sys=0.00, real=0.00 secs] 
2020-10-29T15:50:59.273+0000: [GC (Allocation Failure) 2020-10-29T15:50:59.273+0000: [ParNew: 16388K->4K(18432K), 0.0032258 secs] 466292K->449908K(896640K), 0.0032819 secs] [Times: user=0.01 sys=0.00, real=0.00 secs] 
2020-10-29T15:50:59.292+0000: [GC (Allocation Failure) 2020-10-29T15:50:59.293+0000: [ParNew: 16388K->4K(18432K), 0.0031338 secs] 466292K->449908K(896640K), 0.0031875 secs] [Times: user=0.01 sys=0.00, real=0.00 secs] 
2020-10-29T15:50:59.312+0000: [GC (Allocation Failure) 2020-10-29T15:50:59.313+0000: [ParNew: 16388K->4K(18432K), 0.0032404 secs] 466292K->449908K(896640K), 0.0032967 secs] [Times: user=0.01 sys=0.00, real=0.00 secs] 
2020-10-29T15:50:59.330+0000: [GC (Allocation Failure) 2020-10-29T15:50:59.330+0000: [ParNew: 16388K->4K(18432K), 0.0031839 secs] 466292K->449908K(896640K), 0.0032414 secs] [Times: user=0.01 sys=0.00, real=0.01 secs] 
2020-10-29T15:50:59.348+0000: [GC (Allocation Failure) 2020-10-29T15:50:59.348+0000: [ParNew: 16388K->4K(18432K), 0.0031057 secs] 466292K->449908K(896640K), 0.0031609 secs] [Times: user=0.01 sys=0.00, real=0.00 secs] 
2020-10-29T15:50:59.368+0000: [GC (Allocation Failure) 2020-10-29T15:50:59.368+0000: [ParNew: 16388K->4K(18432K), 0.0032024 secs] 466292K->449908K(896640K), 0.0032601 secs] [Times: user=0.01 sys=0.00, real=0.00 secs] 
2020-10-29T15:50:59.388+0000: [GC (Allocation Failure) 2020-10-29T15:50:59.389+0000: [ParNew: 16388K->4K(18432K), 0.0031800 secs] 466292K->449908K(896640K), 0.0032373 secs] [Times: user=0.01 sys=0.00, real=0.00 secs] 
2020-10-29T15:50:59.410+0000: [GC (Allocation Failure) 2020-10-29T15:50:59.410+0000: [ParNew: 16388K->4K(18432K), 0.0031790 secs] 466292K->449908K(896640K), 0.0032359 secs] [Times: user=0.01 sys=0.00, real=0.01 secs] 
2020-10-29T15:50:59.428+0000: [GC (Allocation Failure) 2020-10-29T15:50:59.429+0000: [ParNew: 16388K->4K(18432K), 0.0031630 secs] 466292K->449908K(896640K), 0.0032202 secs] [Times: user=0.00 sys=0.00, real=0.00 secs] 
2020-10-29T15:50:59.448+0000: [GC (Allocation Failure) 2020-10-29T15:50:59.449+0000: [ParNew: 16388K->4K(18432K), 0.0031612 secs] 466292K->449908K(896640K), 0.0032182 secs] [Times: user=0.01 sys=0.00, real=0.00 secs] 
2020-10-29T15:50:59.468+0000: [GC (Allocation Failure) 2020-10-29T15:50:59.469+0000: [ParNew: 16388K->4K(18432K), 0.0031501 secs] 466292K->449908K(896640K), 0.0032058 secs] [Times: user=0.00 sys=0.00, real=0.00 secs] 
2020-10-29T15:50:59.488+0000: [GC (Allocation Failure) 2020-10-29T15:50:59.489+0000: [ParNew: 16388K->4K(18432K), 0.0030835 secs] 466292K->449909K(896640K), 0.0031357 secs] [Times: user=0.00 sys=0.00, real=0.00 secs] 
2020-10-29T15:50:59.508+0000: [GC (Allocation Failure) 2020-10-29T15:50:59.509+0000: [ParNew: 16388K->4K(18432K), 0.0031580 secs] 466293K->449909K(896640K), 0.0032129 secs] [Times: user=0.00 sys=0.00, real=0.00 secs] 
2020-10-29T15:50:59.526+0000: [GC (Allocation Failure) 2020-10-29T15:50:59.526+0000: [ParNew: 16388K->4K(18432K), 0.0031962 secs] 466293K->449909K(896640K), 0.0032524 secs] [Times: user=0.01 sys=0.00, real=0.00 secs] 
2020-10-29T15:50:59.544+0000: [GC (Allocation Failure) 2020-10-29T15:50:59.544+0000: [ParNew: 16388K->4K(18432K), 0.0030952 secs] 466293K->449909K(896640K), 0.0031458 secs] [Times: user=0.00 sys=0.00, real=0.01 secs] 
2020-10-29T15:50:59.561+0000: [GC (Allocation Failure) 2020-10-29T15:50:59.561+0000: [ParNew: 16388K->4K(18432K), 0.0031533 secs] 466293K->449909K(896640K), 0.0032081 secs] [Times: user=0.00 sys=0.00, real=0.01 secs] 
2020-10-29T15:50:59.579+0000: [GC (Allocation Failure) 2020-10-29T15:50:59.579+0000: [ParNew: 16388K->4K(18432K), 0.0031921 secs] 466293K->449909K(896640K), 0.0032477 secs] [Times: user=0.01 sys=0.00, real=0.00 secs] 
2020-10-29T15:50:59.600+0000: [GC (Allocation Failure) 2020-10-29T15:50:59.601+0000: [ParNew: 16388K->4K(18432K), 0.0031610 secs] 466293K->449909K(896640K), 0.0032265 secs] [Times: user=0.00 sys=0.00, real=0.00 secs] 
2020-10-29T15:50:59.621+0000: [GC (Allocation Failure) 2020-10-29T15:50:59.621+0000: [ParNew: 16388K->4K(18432K), 0.0032145 secs] 466293K->449909K(896640K), 0.0032743 secs] [Times: user=0.01 sys=0.00, real=0.00 secs] 
2020-10-29T15:50:59.640+0000: [GC (Allocation Failure) 2020-10-29T15:50:59.641+0000: [ParNew: 16388K->4K(18432K), 0.0031695 secs] 466293K->449909K(896640K), 0.0032268 secs] [Times: user=0.01 sys=0.00, real=0.00 secs] 
2020-10-29T15:50:59.660+0000: [GC (Allocation Failure) 2020-10-29T15:50:59.661+0000: [ParNew: 16388K->4K(18432K), 0.0031598 secs] 466293K->449909K(896640K), 0.0032174 secs] [Times: user=0.01 sys=0.00, real=0.00 secs] 
2020-10-29T15:50:59.678+0000: [GC (Allocation Failure) 2020-10-29T15:50:59.678+0000: [ParNew: 16388K->4K(18432K), 0.0031877 secs] 466293K->449909K(896640K), 0.0032432 secs] [Times: user=0.00 sys=0.00, real=0.00 secs] 
2020-10-29T15:50:59.696+0000: [GC (Allocation Failure) 2020-10-29T15:50:59.696+0000: [ParNew: 16388K->4K(18432K), 0.0031991 secs] 466293K->449909K(896640K), 0.0032544 secs] [Times: user=0.01 sys=0.00, real=0.00 secs] 
2020-10-29T15:50:59.716+0000: [GC (Allocation Failure) 2020-10-29T15:50:59.717+0000: [ParNew: 16388K->4K(18432K), 0.0032186 secs] 466293K->449909K(896640K), 0.0033232 secs] [Times: user=0.00 sys=0.00, real=0.00 secs] 
2020-10-29T15:50:59.734+0000: [GC (Allocation Failure) 2020-10-29T15:50:59.734+0000: [ParNew: 16388K->4K(18432K), 0.0032853 secs] 466293K->449909K(896640K), 0.0033466 secs] [Times: user=0.01 sys=0.00, real=0.00 secs] 
2020-10-29T15:50:59.752+0000: [GC (Allocation Failure) 2020-10-29T15:50:59.752+0000: [ParNew: 16388K->4K(18432K), 0.0033145 secs] 466293K->449909K(896640K), 0.0033766 secs] [Times: user=0.00 sys=0.00, real=0.01 secs] 
2020-10-29T15:50:59.770+0000: [GC (Allocation Failure) 2020-10-29T15:50:59.770+0000: [ParNew: 16388K->4K(18432K), 0.0031891 secs] 466293K->449909K(896640K), 0.0032469 secs] [Times: user=0.01 sys=0.00, real=0.01 secs] 
2020-10-29T15:50:59.787+0000: [GC (Allocation Failure) 2020-10-29T15:50:59.787+0000: [ParNew: 16388K->4K(18432K), 0.0032323 secs] 466293K->449909K(896640K), 0.0032911 secs] [Times: user=0.00 sys=0.00, real=0.00 secs] 
2020-10-29T15:50:59.808+0000: [GC (Allocation Failure) 2020-10-29T15:50:59.809+0000: [ParNew: 16388K->4K(18432K), 0.0031689 secs] 466293K->449909K(896640K), 0.0032520 secs] [Times: user=0.01 sys=0.00, real=0.00 secs] 
2020-10-29T15:50:59.832+0000: [GC (Allocation Failure) 2020-10-29T15:50:59.833+0000: [ParNew: 16388K->4K(18432K), 0.0031894 secs] 466293K->449909K(896640K), 0.0032482 secs] [Times: user=0.01 sys=0.00, real=0.00 secs] 
2020-10-29T15:50:59.852+0000: [GC (Allocation Failure) 2020-10-29T15:50:59.853+0000: [ParNew: 16388K->4K(18432K), 0.0031405 secs] 466293K->449909K(896640K), 0.0031967 secs] [Times: user=0.00 sys=0.00, real=0.00 secs] 
2020-10-29T15:50:59.870+0000: [GC (Allocation Failure) 2020-10-29T15:50:59.870+0000: [ParNew: 16388K->4K(18432K), 0.0032034 secs] 466293K->449909K(896640K), 0.0032590 secs] [Times: user=0.01 sys=0.00, real=0.01 secs] 
2020-10-29T15:50:59.888+0000: [GC (Allocation Failure) 2020-10-29T15:50:59.888+0000: [ParNew: 16388K->4K(18432K), 0.0031115 secs] 466293K->449909K(896640K), 0.0031737 secs] [Times: user=0.00 sys=0.00, real=0.00 secs] 
2020-10-29T15:50:59.905+0000: [GC (Allocation Failure) 2020-10-29T15:50:59.905+0000: [ParNew: 16388K->4K(18432K), 0.0030963 secs] 466293K->449909K(896640K), 0.0031483 secs] [Times: user=0.00 sys=0.00, real=0.00 secs] 
2020-10-29T15:50:59.923+0000: [GC (Allocation Failure) 2020-10-29T15:50:59.923+0000: [ParNew: 16388K->4K(18432K), 0.0031294 secs] 466293K->449909K(896640K), 0.0031828 secs] [Times: user=0.01 sys=0.00, real=0.01 secs] 
2020-10-29T15:50:59.941+0000: [GC (Allocation Failure) 2020-10-29T15:50:59.941+0000: [ParNew: 16388K->4K(18432K), 0.0031587 secs] 466293K->449909K(896640K), 0.0032139 secs] [Times: user=0.01 sys=0.00, real=0.00 secs] 
2020-10-29T15:50:59.958+0000: [GC (Allocation Failure) 2020-10-29T15:50:59.958+0000: [ParNew: 16388K->4K(18432K), 0.0031244 secs] 466293K->449909K(896640K), 0.0031783 secs] [Times: user=0.00 sys=0.00, real=0.00 secs] 
2020-10-29T15:50:59.976+0000: [GC (Allocation Failure) 2020-10-29T15:50:59.976+0000: [ParNew: 16388K->4K(18432K), 0.0032126 secs] 466293K->449909K(896640K), 0.0032696 secs] [Times: user=0.01 sys=0.00, real=0.00 secs] 
2020-10-29T15:50:59.997+0000: [GC (Allocation Failure) 2020-10-29T15:50:59.997+0000: [ParNew: 16388K->4K(18432K), 0.0031660 secs] 466293K->449909K(896640K), 0.0032235 secs] [Times: user=0.01 sys=0.00, real=0.00 secs] 
2020-10-29T15:51:00.020+0000: [GC (Allocation Failure) 2020-10-29T15:51:00.020+0000: [ParNew: 16388K->4K(18432K), 0.0031959 secs] 466293K->449909K(896640K), 0.0032453 secs] [Times: user=0.01 sys=0.00, real=0.00 secs] 
2020-10-29T15:51:00.040+0000: [GC (Allocation Failure) 2020-10-29T15:51:00.041+0000: [ParNew: 16388K->4K(18432K), 0.0031090 secs] 466293K->449909K(896640K), 0.0031610 secs] [Times: user=0.00 sys=0.00, real=0.00 secs] 
2020-10-29T15:51:00.058+0000: [GC (Allocation Failure) 2020-10-29T15:51:00.058+0000: [ParNew: 16388K->4K(18432K), 0.0031623 secs] 466293K->449909K(896640K), 0.0032172 secs] [Times: user=0.01 sys=0.00, real=0.00 secs] 
2020-10-29T15:51:00.076+0000: [GC (Allocation Failure) 2020-10-29T15:51:00.076+0000: [ParNew: 16388K->4K(18432K), 0.0032119 secs] 466293K->449909K(896640K), 0.0032694 secs] [Times: user=0.00 sys=0.00, real=0.00 secs] 
2020-10-29T15:51:00.096+0000: [GC (Allocation Failure) 2020-10-29T15:51:00.097+0000: [ParNew: 16388K->4K(18432K), 0.0031339 secs] 466293K->449909K(896640K), 0.0031860 secs] [Times: user=0.00 sys=0.00, real=0.00 secs] 
2020-10-29T15:51:00.116+0000: [GC (Allocation Failure) 2020-10-29T15:51:00.116+0000: [ParNew: 16388K->4K(18432K), 0.0031086 secs] 466293K->449909K(896640K), 0.0031623 secs] [Times: user=0.00 sys=0.00, real=0.00 secs] 
2020-10-29T15:51:00.134+0000: [GC (Allocation Failure) 2020-10-29T15:51:00.134+0000: [ParNew: 16388K->4K(18432K), 0.0032150 secs] 466293K->449909K(896640K), 0.0032710 secs] [Times: user=0.01 sys=0.00, real=0.00 secs] 
2020-10-29T15:51:00.152+0000: [GC (Allocation Failure) 2020-10-29T15:51:00.152+0000: [ParNew: 16388K->4K(18432K), 0.0031967 secs] 466293K->449909K(896640K), 0.0032540 secs] [Times: user=0.00 sys=0.00, real=0.01 secs] 
2020-10-29T15:51:00.170+0000: [GC (Allocation Failure) 2020-10-29T15:51:00.170+0000: [ParNew: 16388K->4K(18432K), 0.0031528 secs] 466293K->449909K(896640K), 0.0032341 secs] [Times: user=0.01 sys=0.00, real=0.01 secs] 
2020-10-29T15:51:00.187+0000: [GC (Allocation Failure) 2020-10-29T15:51:00.187+0000: [ParNew: 16388K->4K(18432K), 0.0031415 secs] 466293K->449909K(896640K), 0.0031956 secs] [Times: user=0.00 sys=0.00, real=0.00 secs] 
2020-10-29T15:51:00.205+0000: [GC (Allocation Failure) 2020-10-29T15:51:00.205+0000: [ParNew: 16388K->4K(18432K), 0.0032583 secs] 466293K->449909K(896640K), 0.0033171 secs] [Times: user=0.01 sys=0.00, real=0.00 secs] 
2020-10-29T15:51:00.223+0000: [GC (Allocation Failure) 2020-10-29T15:51:00.223+0000: [ParNew: 16388K->4K(18432K), 0.0032790 secs] 466293K->449909K(896640K), 0.0033364 secs] [Times: user=0.01 sys=0.00, real=0.01 secs] 
2020-10-29T15:51:00.244+0000: [GC (Allocation Failure) 2020-10-29T15:51:00.245+0000: [ParNew: 16388K->4K(18432K), 0.0032274 secs] 466293K->449909K(896640K), 0.0032845 secs] [Times: user=0.00 sys=0.00, real=0.00 secs] 
2020-10-29T15:51:00.262+0000: [GC (Allocation Failure) 2020-10-29T15:51:00.262+0000: [ParNew: 16388K->4K(18432K), 0.0032201 secs] 466293K->449909K(896640K), 0.0032776 secs] [Times: user=0.01 sys=0.00, real=0.01 secs] 
2020-10-29T15:51:00.280+0000: [GC (Allocation Failure) 2020-10-29T15:51:00.280+0000: [ParNew: 16388K->4K(18432K), 0.0032659 secs] 466293K->449909K(896640K), 0.0033240 secs] [Times: user=0.00 sys=0.00, real=0.00 secs] 
2020-10-29T15:51:00.300+0000: [GC (Allocation Failure) 2020-10-29T15:51:00.301+0000: [ParNew: 16388K->4K(18432K), 0.0031796 secs] 466293K->449909K(896640K), 0.0032477 secs] [Times: user=0.00 sys=0.00, real=0.00 secs] 
2020-10-29T15:51:00.318+0000: [GC (Allocation Failure) 2020-10-29T15:51:00.318+0000: [ParNew: 16388K->4K(18432K), 0.0032589 secs] 466293K->449909K(896640K), 0.0033329 secs] [Times: user=0.01 sys=0.00, real=0.00 secs] 
2020-10-29T15:51:00.336+0000: [GC (Allocation Failure) 2020-10-29T15:51:00.336+0000: [ParNew: 16388K->4K(18432K), 0.0033014 secs] 466293K->449909K(896640K), 0.0033605 secs] [Times: user=0.01 sys=0.00, real=0.00 secs] 
2020-10-29T15:51:00.356+0000: [GC (Allocation Failure) 2020-10-29T15:51:00.357+0000: [ParNew: 16388K->4K(18432K), 0.0031996 secs] 466293K->449909K(896640K), 0.0032575 secs] [Times: user=0.00 sys=0.00, real=0.00 secs] 
2020-10-29T15:51:00.374+0000: [GC (Allocation Failure) 2020-10-29T15:51:00.374+0000: [ParNew: 16388K->4K(18432K), 0.0032433 secs] 466293K->449909K(896640K), 0.0033039 secs] [Times: user=0.00 sys=0.00, real=0.00 secs] 
2020-10-29T15:51:00.392+0000: [GC (Allocation Failure) 2020-10-29T15:51:00.393+0000: [ParNew: 16388K->4K(18432K), 0.0032253 secs] 466293K->449909K(896640K), 0.0032844 secs] [Times: user=0.01 sys=0.00, real=0.00 secs] 
2020-10-29T15:51:00.412+0000: [GC (Allocation Failure) 2020-10-29T15:51:00.413+0000: [ParNew: 16388K->4K(18432K), 0.0032105 secs] 466293K->449909K(896640K), 0.0032680 secs] [Times: user=0.00 sys=0.00, real=0.00 secs] 
2020-10-29T15:51:00.432+0000: [GC (Allocation Failure) 2020-10-29T15:51:00.433+0000: [ParNew: 16388K->4K(18432K), 0.0031631 secs] 466293K->449909K(896640K), 0.0032189 secs] [Times: user=0.00 sys=0.00, real=0.00 secs] 
2020-10-29T15:51:00.452+0000: [GC (Allocation Failure) 2020-10-29T15:51:00.453+0000: [ParNew: 16388K->4K(18432K), 0.0031431 secs] 466293K->449909K(896640K), 0.0031985 secs] [Times: user=0.00 sys=0.00, real=0.00 secs] 
2020-10-29T15:51:00.472+0000: [GC (Allocation Failure) 2020-10-29T15:51:00.473+0000: [ParNew: 16388K->4K(18432K), 0.0031933 secs] 466293K->449909K(896640K), 0.0032500 secs] [Times: user=0.01 sys=0.00, real=0.00 secs] 
2020-10-29T15:51:00.490+0000: [GC (Allocation Failure) 2020-10-29T15:51:00.490+0000: [ParNew: 16388K->4K(18432K), 0.0031800 secs] 466293K->449909K(896640K), 0.0032368 secs] [Times: user=0.00 sys=0.00, real=0.01 secs] 
2020-10-29T15:51:00.508+0000: [GC (Allocation Failure) 2020-10-29T15:51:00.509+0000: [ParNew: 16388K->4K(18432K), 0.0031657 secs] 466293K->449909K(896640K), 0.0032225 secs] [Times: user=0.01 sys=0.00, real=0.00 secs] 
2020-10-29T15:51:00.528+0000: [GC (Allocation Failure) 2020-10-29T15:51:00.529+0000: [ParNew: 16388K->4K(18432K), 0.0031592 secs] 466293K->449909K(896640K), 0.0032157 secs] [Times: user=0.00 sys=0.00, real=0.00 secs] 
2020-10-29T15:51:00.546+0000: [GC (Allocation Failure) 2020-10-29T15:51:00.546+0000: [ParNew: 16388K->4K(18432K), 0.0031617 secs] 466293K->449909K(896640K), 0.0032172 secs] [Times: user=0.01 sys=0.00, real=0.00 secs] 
2020-10-29T15:51:00.564+0000: [GC (Allocation Failure) 2020-10-29T15:51:00.565+0000: [ParNew: 16388K->4K(18432K), 0.0031438 secs] 466293K->449909K(896640K), 0.0031999 secs] [Times: user=0.01 sys=0.00, real=0.00 secs] 
2020-10-29T15:51:00.584+0000: [GC (Allocation Failure) 2020-10-29T15:51:00.585+0000: [ParNew: 16388K->4K(18432K), 0.0031915 secs] 466293K->449909K(896640K), 0.0032489 secs] [Times: user=0.01 sys=0.00, real=0.00 secs] 
2020-10-29T15:51:00.602+0000: [GC (Allocation Failure) 2020-10-29T15:51:00.602+0000: [ParNew: 16388K->4K(18432K), 0.0032044 secs] 466293K->449909K(896640K), 0.0032617 secs] [Times: user=0.00 sys=0.00, real=0.01 secs] 
2020-10-29T15:51:00.621+0000: [GC (Allocation Failure) 2020-10-29T15:51:00.621+0000: [ParNew: 16388K->4K(18432K), 0.0032688 secs] 466293K->449909K(896640K), 0.0033283 secs] [Times: user=0.01 sys=0.00, real=0.00 secs] 
2020-10-29T15:51:00.638+0000: [GC (Allocation Failure) 2020-10-29T15:51:00.638+0000: [ParNew: 16388K->4K(18432K), 0.0032964 secs] 466293K->449909K(896640K), 0.0033539 secs] [Times: user=0.01 sys=0.00, real=0.00 secs] 
2020-10-29T15:51:00.660+0000: [GC (Allocation Failure) 2020-10-29T15:51:00.660+0000: [ParNew: 16388K->4K(18432K), 0.0031887 secs] 466293K->449909K(896640K), 0.0032462 secs] [Times: user=0.01 sys=0.00, real=0.00 secs] 
2020-10-29T15:51:00.678+0000: [GC (Allocation Failure) 2020-10-29T15:51:00.678+0000: [ParNew: 16388K->4K(18432K), 0.0031684 secs] 466293K->449909K(896640K), 0.0032250 secs] [Times: user=0.00 sys=0.00, real=0.00 secs] 
2020-10-29T15:51:00.696+0000: [GC (Allocation Failure) 2020-10-29T15:51:00.696+0000: [ParNew: 16388K->4K(18432K), 0.0031970 secs] 466293K->449909K(896640K), 0.0032848 secs] [Times: user=0.01 sys=0.00, real=0.00 secs] 
2020-10-29T15:51:00.713+0000: [GC (Allocation Failure) 2020-10-29T15:51:00.713+0000: [ParNew: 16388K->4K(18432K), 0.0109859 secs] 466293K->449909K(896640K), 0.0110475 secs] [Times: user=0.02 sys=0.00, real=0.00 secs] 
2020-10-29T15:51:00.739+0000: [GC (Allocation Failure) 2020-10-29T15:51:00.739+0000: [ParNew: 16388K->4K(18432K), 0.0032877 secs] 466293K->449909K(896640K), 0.0033475 secs] [Times: user=0.01 sys=0.00, real=0.00 secs] 
2020-10-29T15:51:00.760+0000: [GC (Allocation Failure) 2020-10-29T15:51:00.761+0000: [ParNew: 16388K->4K(18432K), 0.0031577 secs] 466293K->449909K(896640K), 0.0032146 secs] [Times: user=0.01 sys=0.00, real=0.00 secs] 
2020-10-29T15:51:00.778+0000: [GC (Allocation Failure) 2020-10-29T15:51:00.778+0000: [ParNew: 16388K->4K(18432K), 0.0032123 secs] 466293K->449909K(896640K), 0.0032701 secs] [Times: user=0.00 sys=0.00, real=0.00 secs] 
2020-10-29T15:51:00.796+0000: [GC (Allocation Failure) 2020-10-29T15:51:00.796+0000: [ParNew: 16388K->4K(18432K), 0.0031753 secs] 466293K->449909K(896640K), 0.0032327 secs] [Times: user=0.00 sys=0.00, real=0.00 secs] 
2020-10-29T15:51:00.814+0000: [GC (Allocation Failure) 2020-10-29T15:51:00.814+0000: [ParNew: 16388K->4K(18432K), 0.0031552 secs] 466293K->449909K(896640K), 0.0032097 secs] [Times: user=0.01 sys=0.00, real=0.00 secs] 
2020-10-29T15:51:00.833+0000: [GC (Allocation Failure) 2020-10-29T15:51:00.833+0000: [ParNew: 16388K->4K(18432K), 0.0031635 secs] 466293K->449909K(896640K), 0.0032204 secs] [Times: user=0.00 sys=0.00, real=0.00 secs] 
2020-10-29T15:51:00.850+0000: [GC (Allocation Failure) 2020-10-29T15:51:00.850+0000: [ParNew: 16388K->4K(18432K), 0.0031943 secs] 466293K->449909K(896640K), 0.0032511 secs] [Times: user=0.01 sys=0.00, real=0.01 secs] 
2020-10-29T15:51:00.868+0000: [GC (Allocation Failure) 2020-10-29T15:51:00.869+0000: [ParNew: 16388K->4K(18432K), 0.0031582 secs] 466293K->449909K(896640K), 0.0032140 secs] [Times: user=0.01 sys=0.00, real=0.00 secs] 
2020-10-29T15:51:00.891+0000: [GC (Allocation Failure) 2020-10-29T15:51:00.891+0000: [ParNew: 16388K->4K(18432K), 0.0032026 secs] 466293K->449909K(896640K), 0.0032591 secs] [Times: user=0.00 sys=0.00, real=0.01 secs] 
2020-10-29T15:51:00.912+0000: [GC (Allocation Failure) 2020-10-29T15:51:00.913+0000: [ParNew: 16388K->4K(18432K), 0.0031933 secs] 466293K->449909K(896640K), 0.0032500 secs] [Times: user=0.00 sys=0.00, real=0.00 secs] 
2020-10-29T15:51:00.930+0000: [GC (Allocation Failure) 2020-10-29T15:51:00.930+0000: [ParNew: 16388K->4K(18432K), 0.0031881 secs] 466293K->449909K(896640K), 0.0032452 secs] [Times: user=0.01 sys=0.00, real=0.01 secs] 
2020-10-29T15:51:00.948+0000: [GC (Allocation Failure) 2020-10-29T15:51:00.948+0000: [ParNew: 16388K->4K(18432K), 0.0031814 secs] 466293K->449909K(896640K), 0.0032395 secs] [Times: user=0.00 sys=0.00, real=0.00 secs] 
2020-10-29T15:51:00.965+0000: [GC (Allocation Failure) 2020-10-29T15:51:00.965+0000: [ParNew: 16388K->4K(18432K), 0.0032269 secs] 466293K->449909K(896640K), 0.0032848 secs] [Times: user=0.01 sys=0.00, real=0.00 secs] 
2020-10-29T15:51:00.983+0000: [GC (Allocation Failure) 2020-10-29T15:51:00.983+0000: [ParNew: 16388K->4K(18432K), 0.0031850 secs] 466293K->449909K(896640K), 0.0032405 secs] [Times: user=0.01 sys=0.00, real=0.01 secs] 
2020-10-29T15:51:01.004+0000: [GC (Allocation Failure) 2020-10-29T15:51:01.004+0000: [ParNew: 16388K->4K(18432K), 0.0031923 secs] 466293K->449909K(896640K), 0.0032491 secs] [Times: user=0.01 sys=0.00, real=0.00 secs] 
2020-10-29T15:51:01.022+0000: [GC (Allocation Failure) 2020-10-29T15:51:01.022+0000: [ParNew: 16388K->4K(18432K), 0.0032410 secs] 466293K->449909K(896640K), 0.0032976 secs] [Times: user=0.01 sys=0.00, real=0.01 secs] 
2020-10-29T15:51:01.040+0000: [GC (Allocation Failure) 2020-10-29T15:51:01.040+0000: [ParNew: 16388K->4K(18432K), 0.0032066 secs] 466293K->449909K(896640K), 0.0032635 secs] [Times: user=0.00 sys=0.00, real=0.00 secs] 
2020-10-29T15:51:01.057+0000: [GC (Allocation Failure) 2020-10-29T15:51:01.057+0000: [ParNew: 16388K->4K(18432K), 0.0032427 secs] 466293K->449909K(896640K), 0.0033018 secs] [Times: user=0.01 sys=0.00, real=0.00 secs] 
2020-10-29T15:51:01.076+0000: [GC (Allocation Failure) 2020-10-29T15:51:01.076+0000: [ParNew: 16388K->4K(18432K), 0.0031937 secs] 466293K->449909K(896640K), 0.0032507 secs] [Times: user=0.01 sys=0.00, real=0.00 secs] 
2020-10-29T15:51:01.096+0000: [GC (Allocation Failure) 2020-10-29T15:51:01.097+0000: [ParNew: 16388K->4K(18432K), 0.0031704 secs] 466293K->449909K(896640K), 0.0032266 secs] [Times: user=0.00 sys=0.00, real=0.00 secs] 
2020-10-29T15:51:01.114+0000: [GC (Allocation Failure) 2020-10-29T15:51:01.114+0000: [ParNew: 16388K->4K(18432K), 0.0031707 secs] 466293K->449909K(896640K), 0.0032270 secs] [Times: user=0.01 sys=0.00, real=0.00 secs] 
2020-10-29T15:51:01.132+0000: [GC (Allocation Failure) 2020-10-29T15:51:01.133+0000: [ParNew: 16388K->4K(18432K), 0.0031645 secs] 466293K->449909K(896640K), 0.0032213 secs] [Times: user=0.01 sys=0.00, real=0.00 secs] 
2020-10-29T15:51:01.152+0000: [GC (Allocation Failure) 2020-10-29T15:51:01.153+0000: [ParNew: 16388K->4K(18432K), 0.0032134 secs] 466293K->449909K(896640K), 0.0032741 secs] [Times: user=0.00 sys=0.00, real=0.00 secs] 
2020-10-29T15:51:01.170+0000: [GC (Allocation Failure) 2020-10-29T15:51:01.170+0000: [ParNew: 16388K->4K(18432K), 0.0032101 secs] 466293K->449909K(896640K), 0.0032676 secs] [Times: user=0.01 sys=0.00, real=0.01 secs] 
2020-10-29T15:51:01.188+0000: [GC (Allocation Failure) 2020-10-29T15:51:01.189+0000: [ParNew: 16388K->4K(18432K), 0.0031221 secs] 466293K->449909K(896640K), 0.0031760 secs] [Times: user=0.00 sys=0.01, real=0.00 secs] 
2020-10-29T15:51:01.208+0000: [GC (Allocation Failure) 2020-10-29T15:51:01.208+0000: [ParNew: 16388K->4K(18432K), 0.0031585 secs] 466293K->449909K(896640K), 0.0032194 secs] [Times: user=0.01 sys=0.00, real=0.00 secs] 
2020-10-29T15:51:01.228+0000: [GC (Allocation Failure) 2020-10-29T15:51:01.228+0000: [ParNew: 16388K->4K(18432K), 0.0031922 secs] 466293K->449909K(896640K), 0.0032486 secs] [Times: user=0.01 sys=0.00, real=0.00 secs] 
2020-10-29T15:51:01.247+0000: [GC (Allocation Failure) 2020-10-29T15:51:01.247+0000: [ParNew: 16388K->4K(18432K), 0.0067505 secs] 466293K->449909K(896640K), 0.0068094 secs] [Times: user=0.01 sys=0.00, real=0.01 secs] 
2020-10-29T15:51:01.268+0000: [GC (Allocation Failure) 2020-10-29T15:51:01.269+0000: [ParNew: 16388K->4K(18432K), 0.0032732 secs] 466293K->449909K(896640K), 0.0033345 secs] [Times: user=0.01 sys=0.00, real=0.00 secs] 
2020-10-29T15:51:01.290+0000: [GC (Allocation Failure) 2020-10-29T15:51:01.290+0000: [ParNew: 16388K->4K(18432K), 0.0032404 secs] 466293K->449909K(896640K), 0.0032989 secs] [Times: user=0.01 sys=0.00, real=0.01 secs] 
2020-10-29T15:51:01.308+0000: [GC (Allocation Failure) 2020-10-29T15:51:01.309+0000: [ParNew: 16388K->4K(18432K), 0.0032694 secs] 466293K->449909K(896640K), 0.0033337 secs] [Times: user=0.00 sys=0.00, real=0.00 secs] 
2020-10-29T15:51:01.326+0000: [GC (Allocation Failure) 2020-10-29T15:51:01.326+0000: [ParNew: 16388K->4K(18432K), 0.0042641 secs] 466293K->449909K(896640K), 0.0043595 secs] [Times: user=0.01 sys=0.00, real=0.00 secs] 
2020-10-29T15:51:01.345+0000: [GC (Allocation Failure) 2020-10-29T15:51:01.345+0000: [ParNew: 16388K->4K(18432K), 0.0032075 secs] 466293K->449909K(896640K), 0.0032648 secs] [Times: user=0.00 sys=0.00, real=0.00 secs] 
2020-10-29T15:51:01.362+0000: [GC (Allocation Failure) 2020-10-29T15:51:01.362+0000: [ParNew: 16388K->4K(18432K), 0.0031836 secs] 466293K->449909K(896640K), 0.0032399 secs] [Times: user=0.01 sys=0.00, real=0.01 secs] 
2020-10-29T15:51:01.380+0000: [GC (Allocation Failure) 2020-10-29T15:51:01.380+0000: [ParNew: 16388K->4K(18432K), 0.0032175 secs] 466293K->449909K(896640K), 0.0032939 secs] [Times: user=0.00 sys=0.00, real=0.00 secs] 
2020-10-29T15:51:01.398+0000: [GC (Allocation Failure) 2020-10-29T15:51:01.398+0000: [ParNew: 16388K->4K(18432K), 0.0032424 secs] 466293K->449909K(896640K), 0.0033100 secs] [Times: user=0.01 sys=0.00, real=0.00 secs] 
2020-10-29T15:51:01.416+0000: [GC (Allocation Failure) 2020-10-29T15:51:01.416+0000: [ParNew: 16388K->4K(18432K), 0.0031736 secs] 466293K->449909K(896640K), 0.0032302 secs] [Times: user=0.00 sys=0.00, real=0.00 secs] 
2020-10-29T15:51:01.433+0000: [GC (Allocation Failure) 2020-10-29T15:51:01.433+0000: [ParNew: 16388K->4K(18432K), 0.0032019 secs] 466293K->449909K(896640K), 0.0032573 secs] [Times: user=0.01 sys=0.00, real=0.00 secs] 
2020-10-29T15:51:01.452+0000: [GC (Allocation Failure) 2020-10-29T15:51:01.453+0000: [ParNew: 16388K->4K(18432K), 0.0031517 secs] 466293K->449909K(896640K), 0.0032078 secs] [Times: user=0.01 sys=0.00, real=0.00 secs] 
2020-10-29T15:51:01.472+0000: [GC (Allocation Failure) 2020-10-29T15:51:01.473+0000: [ParNew: 16388K->4K(18432K), 0.0031935 secs] 466293K->449909K(896640K), 0.0032506 secs] [Times: user=0.01 sys=0.00, real=0.00 secs] 
2020-10-29T15:51:01.492+0000: [GC (Allocation Failure) 2020-10-29T15:51:01.493+0000: [ParNew: 16388K->4K(18432K), 0.0031448 secs] 466293K->449909K(896640K), 0.0032011 secs] [Times: user=0.01 sys=0.00, real=0.00 secs] 
2020-10-29T15:51:01.510+0000: [GC (Allocation Failure) 2020-10-29T15:51:01.510+0000: [ParNew: 16388K->4K(18432K), 0.0031533 secs] 466293K->449909K(896640K), 0.0032085 secs] [Times: user=0.00 sys=0.00, real=0.01 secs] 
2020-10-29T15:51:01.528+0000: [GC (Allocation Failure) 2020-10-29T15:51:01.528+0000: [ParNew: 16388K->4K(18432K), 0.0031760 secs] 466293K->449909K(896640K), 0.0032328 secs] [Times: user=0.01 sys=0.00, real=0.00 secs] 
2020-10-29T15:51:01.548+0000: [GC (Allocation Failure) 2020-10-29T15:51:01.549+0000: [ParNew: 16388K->4K(18432K), 0.0031877 secs] 466293K->449909K(896640K), 0.0032437 secs] [Times: user=0.01 sys=0.00, real=0.00 secs] 
2020-10-29T15:51:01.566+0000: [GC (Allocation Failure) 2020-10-29T15:51:01.566+0000: [ParNew: 16388K->4K(18432K), 0.0031731 secs] 466293K->449909K(896640K), 0.0032303 secs] [Times: user=0.01 sys=0.00, real=0.00 secs] 
2020-10-29T15:51:01.584+0000: [GC (Allocation Failure) 2020-10-29T15:51:01.584+0000: [ParNew: 16388K->4K(18432K), 0.0031228 secs] 466293K->449909K(896640K), 0.0031766 secs] [Times: user=0.01 sys=0.00, real=0.01 secs] 
2020-10-29T15:51:01.601+0000: [GC (Allocation Failure) 2020-10-29T15:51:01.602+0000: [ParNew: 16388K->4K(18432K), 0.0051614 secs] 466293K->449909K(896640K), 0.0052112 secs] [Times: user=0.01 sys=0.00, real=0.01 secs] 
2020-10-29T15:51:01.625+0000: [GC (Allocation Failure) 2020-10-29T15:51:01.625+0000: [ParNew: 16388K->4K(18432K), 0.0032634 secs] 466293K->449909K(896640K), 0.0033215 secs] [Times: user=0.01 sys=0.00, real=0.00 secs] 
2020-10-29T15:51:01.642+0000: [GC (Allocation Failure) 2020-10-29T15:51:01.642+0000: [ParNew: 16388K->4K(18432K), 0.0031907 secs] 466293K->449909K(896640K), 0.0032486 secs] [Times: user=0.01 sys=0.00, real=0.01 secs] 
2020-10-29T15:51:01.664+0000: [GC (Allocation Failure) 2020-10-29T15:51:01.664+0000: [ParNew: 16388K->4K(18432K), 0.0031926 secs] 466293K->449909K(896640K), 0.0032507 secs] [Times: user=0.01 sys=0.00, real=0.01 secs] 
2020-10-29T15:51:01.682+0000: [GC (Allocation Failure) 2020-10-29T15:51:01.682+0000: [ParNew: 16388K->4K(18432K), 0.0031923 secs] 466293K->449909K(896640K), 0.0032489 secs] [Times: user=0.00 sys=0.00, real=0.01 secs] 
2020-10-29T15:51:01.700+0000: [GC (Allocation Failure) 2020-10-29T15:51:01.700+0000: [ParNew: 16388K->4K(18432K), 0.0032722 secs] 466293K->449909K(896640K), 0.0033324 secs] [Times: user=0.01 sys=0.00, real=0.00 secs] 
2020-10-29T15:51:01.717+0000: [GC (Allocation Failure) 2020-10-29T15:51:01.717+0000: [ParNew: 16388K->4K(18432K), 0.0031807 secs] 466293K->449909K(896640K), 0.0032372 secs] [Times: user=0.00 sys=0.00, real=0.00 secs] 
2020-10-29T15:51:01.736+0000: [GC (Allocation Failure) 2020-10-29T15:51:01.737+0000: [ParNew: 16388K->4K(18432K), 0.0031283 secs] 466293K->449909K(896640K), 0.0031818 secs] [Times: user=0.01 sys=0.00, real=0.00 secs] 
2020-10-29T15:51:01.756+0000: [GC (Allocation Failure) 2020-10-29T15:51:01.757+0000: [ParNew: 16388K->4K(18432K), 0.0031046 secs] 466293K->449909K(896640K), 0.0031575 secs] [Times: user=0.00 sys=0.00, real=0.00 secs] 
2020-10-29T15:51:01.776+0000: [GC (Allocation Failure) 2020-10-29T15:51:01.777+0000: [ParNew: 16388K->4K(18432K), 0.0031655 secs] 466293K->449909K(896640K), 0.0032218 secs] [Times: user=0.01 sys=0.00, real=0.00 secs] 
2020-10-29T15:51:01.794+0000: [GC (Allocation Failure) 2020-10-29T15:51:01.794+0000: [ParNew: 16388K->4K(18432K), 0.0031378 secs] 466293K->449909K(896640K), 0.0031927 secs] [Times: user=0.01 sys=0.00, real=0.00 secs] 
2020-10-29T15:51:01.814+0000: [GC (Allocation Failure) 2020-10-29T15:51:01.814+0000: [ParNew: 16388K->4K(18432K), 0.0033022 secs] 466293K->449909K(896640K), 0.0033602 secs] [Times: user=0.01 sys=0.00, real=0.00 secs] 
2020-10-29T15:51:01.832+0000: [GC (Allocation Failure) 2020-10-29T15:51:01.833+0000: [ParNew: 16388K->4K(18432K), 0.0031635 secs] 466293K->449909K(896640K), 0.0032211 secs] [Times: user=0.00 sys=0.00, real=0.00 secs] 
2020-10-29T15:51:01.852+0000: [GC (Allocation Failure) 2020-10-29T15:51:01.853+0000: [ParNew: 16388K->4K(18432K), 0.0032441 secs] 466293K->449909K(896640K), 0.0033023 secs] [Times: user=0.01 sys=0.00, real=0.00 secs] 
2020-10-29T15:51:01.870+0000: [GC (Allocation Failure) 2020-10-29T15:51:01.870+0000: [ParNew: 16388K->4K(18432K), 0.0031962 secs] 466293K->449909K(896640K), 0.0032533 secs] [Times: user=0.01 sys=0.00, real=0.01 secs] 
2020-10-29T15:51:01.888+0000: [GC (Allocation Failure) 2020-10-29T15:51:01.888+0000: [ParNew: 16388K->4K(18432K), 0.0032575 secs] 466293K->449909K(896640K), 0.0033166 secs] [Times: user=0.01 sys=0.00, real=0.00 secs] 
2020-10-29T15:51:01.908+0000: [GC (Allocation Failure) 2020-10-29T15:51:01.909+0000: [ParNew: 16388K->4K(18432K), 0.0032098 secs] 466293K->449909K(896640K), 0.0032672 secs] [Times: user=0.01 sys=0.00, real=0.00 secs] 
2020-10-29T15:51:01.928+0000: [GC (Allocation Failure) 2020-10-29T15:51:01.929+0000: [ParNew: 16388K->4K(18432K), 0.0032133 secs] 466293K->449910K(896640K), 0.0032701 secs] [Times: user=0.01 sys=0.00, real=0.00 secs] 
2020-10-29T15:51:01.948+0000: [GC (Allocation Failure) 2020-10-29T15:51:01.949+0000: [ParNew: 16388K->4K(18432K), 0.0031833 secs] 466294K->449910K(896640K), 0.0032406 secs] [Times: user=0.00 sys=0.00, real=0.00 secs] 
2020-10-29T15:51:01.968+0000: [GC (Allocation Failure) 2020-10-29T15:51:01.969+0000: [ParNew: 16388K->4K(18432K), 0.0031633 secs] 466294K->449910K(896640K), 0.0032192 secs] [Times: user=0.00 sys=0.00, real=0.00 secs] 
2020-10-29T15:51:01.986+0000: [GC (Allocation Failure) 2020-10-29T15:51:01.986+0000: [ParNew: 16388K->4K(18432K), 0.0041460 secs] 466294K->449910K(896640K), 0.0042024 secs] [Times: user=0.01 sys=0.00, real=0.00 secs] 
2020-10-29T15:51:02.008+0000: [GC (Allocation Failure) 2020-10-29T15:51:02.009+0000: [ParNew: 16388K->4K(18432K), 0.0031507 secs] 466294K->449910K(896640K), 0.0032063 secs] [Times: user=0.01 sys=0.00, real=0.00 secs] 
2020-10-29T15:51:02.027+0000: [GC (Allocation Failure) 2020-10-29T15:51:02.027+0000: [ParNew: 16388K->4K(18432K), 0.0031741 secs] 466294K->449910K(896640K), 0.0032263 secs] [Times: user=0.01 sys=0.00, real=0.00 secs] 
2020-10-29T15:51:02.048+0000: [GC (Allocation Failure) 2020-10-29T15:51:02.049+0000: [ParNew: 16388K->4K(18432K), 0.0031824 secs] 466294K->449910K(896640K), 0.0032400 secs] [Times: user=0.01 sys=0.00, real=0.00 secs] 
2020-10-29T15:51:02.068+0000: [GC (Allocation Failure) 2020-10-29T15:51:02.069+0000: [ParNew: 16388K->4K(18432K), 0.0031624 secs] 466294K->449910K(896640K), 0.0032180 secs] [Times: user=0.01 sys=0.00, real=0.00 secs] 
2020-10-29T15:51:02.088+0000: [GC (Allocation Failure) 2020-10-29T15:51:02.089+0000: [ParNew: 16388K->4K(18432K), 0.0031722 secs] 466294K->449910K(896640K), 0.0032375 secs] [Times: user=0.00 sys=0.00, real=0.00 secs] 
2020-10-29T15:51:02.106+0000: [GC (Allocation Failure) 2020-10-29T15:51:02.106+0000: [ParNew: 16388K->4K(18432K), 0.0031806 secs] 466294K->449910K(896640K), 0.0032370 secs] [Times: user=0.01 sys=0.00, real=0.00 secs] 
2020-10-29T15:51:02.124+0000: [GC (Allocation Failure) 2020-10-29T15:51:02.124+0000: [ParNew: 16388K->4K(18432K), 0.0031789 secs] 466294K->449910K(896640K), 0.0032367 secs] [Times: user=0.00 sys=0.00, real=0.01 secs] 
2020-10-29T15:51:02.141+0000: [GC (Allocation Failure) 2020-10-29T15:51:02.141+0000: [ParNew: 16388K->4K(18432K), 0.0031768 secs] 466294K->449910K(896640K), 0.0032341 secs] [Times: user=0.00 sys=0.00, real=0.01 secs] 
2020-10-29T15:51:02.159+0000: [GC (Allocation Failure) 2020-10-29T15:51:02.159+0000: [ParNew: 16388K->4K(18432K), 0.0032537 secs] 466294K->449910K(896640K), 0.0033117 secs] [Times: user=0.01 sys=0.00, real=0.00 secs] 
2020-10-29T15:51:02.180+0000: [GC (Allocation Failure) 2020-10-29T15:51:02.181+0000: [ParNew: 16388K->4K(18432K), 0.0031995 secs] 466294K->449910K(896640K), 0.0032569 secs] [Times: user=0.00 sys=0.00, real=0.00 secs] 
2020-10-29T15:51:02.198+0000: [GC (Allocation Failure) 2020-10-29T15:51:02.198+0000: [ParNew: 16388K->4K(18432K), 0.0031710 secs] 466294K->449910K(896640K), 0.0032273 secs] [Times: user=0.01 sys=0.00, real=0.00 secs] 
2020-10-29T15:51:02.216+0000: [GC (Allocation Failure) 2020-10-29T15:51:02.216+0000: [ParNew: 16388K->4K(18432K), 0.0032328 secs] 466294K->449910K(896640K), 0.0032994 secs] [Times: user=0.00 sys=0.00, real=0.00 secs] 
2020-10-29T15:51:02.234+0000: [GC (Allocation Failure) 2020-10-29T15:51:02.234+0000: [ParNew: 16388K->4K(18432K), 0.0031820 secs] 466294K->449910K(896640K), 0.0032383 secs] [Times: user=0.01 sys=0.00, real=0.00 secs] 
2020-10-29T15:51:02.252+0000: [GC (Allocation Failure) 2020-10-29T15:51:02.252+0000: [ParNew: 16388K->4K(18432K), 0.0032494 secs] 466294K->449910K(896640K), 0.0033081 secs] [Times: user=0.01 sys=0.00, real=0.00 secs] 
2020-10-29T15:51:02.270+0000: [GC (Allocation Failure) 2020-10-29T15:51:02.270+0000: [ParNew: 16388K->4K(18432K), 0.0032020 secs] 466294K->449910K(896640K), 0.0032577 secs] [Times: user=0.00 sys=0.00, real=0.01 secs] 
2020-10-29T15:51:02.288+0000: [GC (Allocation Failure) 2020-10-29T15:51:02.288+0000: [ParNew: 16388K->4K(18432K), 0.0031050 secs] 466294K->449910K(896640K), 0.0031657 secs] [Times: user=0.01 sys=0.00, real=0.00 secs] 
2020-10-29T15:51:02.305+0000: [GC (Allocation Failure) 2020-10-29T15:51:02.305+0000: [ParNew: 16388K->4K(18432K), 0.0031879 secs] 466294K->449910K(896640K), 0.0032438 secs] [Times: user=0.00 sys=0.00, real=0.00 secs] 
2020-10-29T15:51:02.323+0000: [GC (Allocation Failure) 2020-10-29T15:51:02.323+0000: [ParNew: 16388K->4K(18432K), 0.0032214 secs] 466294K->449910K(896640K), 0.0032809 secs] [Times: user=0.01 sys=0.00, real=0.01 secs] 
2020-10-29T15:51:02.340+0000: [GC (Allocation Failure) 2020-10-29T15:51:02.340+0000: [ParNew: 16388K->4K(18432K), 0.0031748 secs] 466294K->449910K(896640K), 0.0032309 secs] [Times: user=0.00 sys=0.00, real=0.00 secs] 
2020-10-29T15:51:02.358+0000: [GC (Allocation Failure) 2020-10-29T15:51:02.358+0000: [ParNew: 16388K->4K(18432K), 0.0031927 secs] 466294K->449910K(896640K), 0.0032504 secs] [Times: user=0.00 sys=0.00, real=0.00 secs] 
2020-10-29T15:51:02.376+0000: [GC (Allocation Failure) 2020-10-29T15:51:02.376+0000: [ParNew: 16388K->4K(18432K), 0.0032036 secs] 466294K->449910K(896640K), 0.0032597 secs] [Times: user=0.01 sys=0.00, real=0.00 secs] 
2020-10-29T15:51:02.396+0000: [GC (Allocation Failure) 2020-10-29T15:51:02.397+0000: [ParNew: 16388K->4K(18432K), 0.0032927 secs] 466294K->449910K(896640K), 0.0033491 secs] [Times: user=0.01 sys=0.00, real=0.00 secs] 
2020-10-29T15:51:02.415+0000: [GC (Allocation Failure) 2020-10-29T15:51:02.415+0000: [ParNew: 16388K->4K(18432K), 0.0032058 secs] 466294K->449910K(896640K), 0.0032743 secs] [Times: user=0.01 sys=0.00, real=0.00 secs] 
2020-10-29T15:51:02.436+0000: [GC (Allocation Failure) 2020-10-29T15:51:02.436+0000: [ParNew: 16388K->4K(18432K), 0.0032493 secs] 466294K->449910K(896640K), 0.0033061 secs] [Times: user=0.01 sys=0.00, real=0.00 secs] 
2020-10-29T15:51:02.448+0000: [GC (Allocation Failure) 2020-10-29T15:51:02.449+0000: [ParNew: 16388K->4K(18432K), 0.0040236 secs] 466294K->458102K(896640K), 0.0040790 secs] [Times: user=0.01 sys=0.00, real=0.01 secs] 
2020-10-29T15:51:02.468+0000: [GC (Allocation Failure) 2020-10-29T15:51:02.469+0000: [ParNew: 16388K->4K(18432K), 0.0031241 secs] 474486K->458102K(896640K), 0.0031775 secs] [Times: user=0.00 sys=0.00, real=0.00 secs] 
2020-10-29T15:51:02.486+0000: [GC (Allocation Failure) 2020-10-29T15:51:02.486+0000: [ParNew: 16388K->4K(18432K), 0.0031502 secs] 474486K->458102K(896640K), 0.0032024 secs] [Times: user=0.01 sys=0.00, real=0.00 secs] 
2020-10-29T15:51:02.504+0000: [GC (Allocation Failure) 2020-10-29T15:51:02.504+0000: [ParNew: 16388K->4K(18432K), 0.0031750 secs] 474486K->458102K(896640K), 0.0032306 secs] [Times: user=0.01 sys=0.00, real=0.01 secs] 
2020-10-29T15:51:02.524+0000: [GC (Allocation Failure) 2020-10-29T15:51:02.525+0000: [ParNew: 16388K->4K(18432K), 0.0031050 secs] 474486K->458102K(896640K), 0.0031589 secs] [Times: user=0.01 sys=0.00, real=0.00 secs] 
2020-10-29T15:51:02.544+0000: [GC (Allocation Failure) 2020-10-29T15:51:02.545+0000: [ParNew: 16388K->4K(18432K), 0.0031464 secs] 474486K->458102K(896640K), 0.0032021 secs] [Times: user=0.01 sys=0.00, real=0.00 secs] 
2020-10-29T15:51:02.556+0000: [GC (Allocation Failure) 2020-10-29T15:51:02.556+0000: [ParNew: 16388K->4K(18432K), 0.0040039 secs] 474486K->466294K(896640K), 0.0040568 secs] [Times: user=0.00 sys=0.00, real=0.00 secs] 
2020-10-29T15:51:02.574+0000: [GC (Allocation Failure) 2020-10-29T15:51:02.574+0000: [ParNew: 16388K->4K(18432K), 0.0031480 secs] 482678K->466294K(896640K), 0.0032018 secs] [Times: user=0.01 sys=0.00, real=0.00 secs] 
2020-10-29T15:51:02.592+0000: [GC (Allocation Failure) 2020-10-29T15:51:02.593+0000: [ParNew: 16388K->4K(18432K), 0.0031216 secs] 482678K->466294K(896640K), 0.0031996 secs] [Times: user=0.00 sys=0.00, real=0.00 secs] 
2020-10-29T15:51:02.610+0000: [GC (Allocation Failure) 2020-10-29T15:51:02.610+0000: [ParNew: 16388K->4K(18432K), 0.0032341 secs] 482678K->466294K(896640K), 0.0032953 secs] [Times: user=0.01 sys=0.00, real=0.01 secs] 
2020-10-29T15:51:02.628+0000: [GC (Allocation Failure) 2020-10-29T15:51:02.629+0000: [ParNew: 16388K->4K(18432K), 0.0031152 secs] 482678K->466294K(896640K), 0.0031687 secs] [Times: user=0.00 sys=0.00, real=0.00 secs] 
2020-10-29T15:51:03.005+0000: [GC (Allocation Failure) 2020-10-29T15:51:03.005+0000: [ParNew: 16388K->4K(18432K), 0.0032058 secs] 482678K->466294K(896640K), 0.0032635 secs] [Times: user=0.01 sys=0.00, real=0.00 secs] 
2020-10-29T15:51:04.479+0000: [GC (Allocation Failure) 2020-10-29T15:51:04.479+0000: [ParNew: 16388K->1065K(18432K), 0.0061212 secs] 482678K->467355K(896640K), 0.0061985 secs] [Times: user=0.02 sys=0.00, real=0.01 secs] 
2020-10-29T15:51:04.719+0000: [GC (Allocation Failure) 2020-10-29T15:51:04.719+0000: [ParNew: 17449K->1952K(18432K), 0.0123650 secs] 483739K->468587K(896640K), 0.0124492 secs] [Times: user=0.02 sys=0.00, real=0.01 secs] 
2020-10-29T15:51:04.774+0000: [GC (Allocation Failure) 2020-10-29T15:51:04.774+0000: [ParNew: 18336K->1202K(18432K), 0.0122932 secs] 484971K->469204K(896640K), 0.0123758 secs] [Times: user=0.02 sys=0.00, real=0.01 secs] 
2020-10-29T15:51:04.825+0000: [GC (Allocation Failure) 2020-10-29T15:51:04.825+0000: [ParNew: 17586K->452K(18432K), 0.0067659 secs] 485588K->468455K(896640K), 0.0068442 secs] [Times: user=0.01 sys=0.00, real=0.00 secs] 
2020-10-29T15:51:04.872+0000: [GC (Allocation Failure) 2020-10-29T15:51:04.872+0000: [ParNew: 16836K->898K(18432K), 0.0058551 secs] 484839K->468900K(896640K), 0.0059277 secs] [Times: user=0.01 sys=0.00, real=0.01 secs] 
2020-10-29T15:51:04.904+0000: [GC (Allocation Failure) 2020-10-29T15:51:04.904+0000: [ParNew: 17282K->801K(18432K), 0.0033752 secs] 485284K->468803K(896640K), 0.0034526 secs] [Times: user=0.01 sys=0.00, real=0.00 secs] 
2020-10-29T15:51:04.936+0000: [GC (Allocation Failure) 2020-10-29T15:51:04.936+0000: [ParNew: 17185K->772K(18432K), 0.0072023 secs] 485187K->468775K(896640K), 0.0072742 secs] [Times: user=0.02 sys=0.00, real=0.00 secs] 
2020-10-29T15:51:04.987+0000: [GC (Allocation Failure) 2020-10-29T15:51:04.987+0000: [ParNew: 17156K->1284K(18432K), 0.0040519 secs] 485159K->469286K(896640K), 0.0041315 secs] [Times: user=0.01 sys=0.00, real=0.00 secs] 
2020-10-29T15:51:05.030+0000: [GC (Allocation Failure) 2020-10-29T15:51:05.030+0000: [ParNew: 17668K->1028K(18432K), 0.0033954 secs] 485670K->469543K(896640K), 0.0034539 secs] [Times: user=0.01 sys=0.00, real=0.01 secs] 
2020-10-29T15:51:05.065+0000: [GC (Allocation Failure) 2020-10-29T15:51:05.065+0000: [ParNew: 17412K->4K(18432K), 0.0032716 secs] 485927K->469031K(896640K), 0.0033496 secs] [Times: user=0.01 sys=0.00, real=0.00 secs] 
2020-10-29T15:51:05.092+0000: [GC (Allocation Failure) 2020-10-29T15:51:05.093+0000: [ParNew: 16388K->4K(18432K), 0.0031639 secs] 485415K->469031K(896640K), 0.0032218 secs] [Times: user=0.01 sys=0.00, real=0.00 secs] 
2020-10-29T15:51:05.119+0000: [GC (Allocation Failure) 2020-10-29T15:51:05.119+0000: [ParNew: 16388K->4K(18432K), 0.0032572 secs] 485415K->469031K(896640K), 0.0033152 secs] [Times: user=0.01 sys=0.00, real=0.00 secs] 
2020-10-29T15:51:05.143+0000: [GC (Allocation Failure) 2020-10-29T15:51:05.143+0000: [ParNew: 16388K->4K(18432K), 0.0032802 secs] 485415K->469031K(896640K), 0.0033546 secs] [Times: user=0.01 sys=0.00, real=0.01 secs] 
2020-10-29T15:51:05.171+0000: [GC (Allocation Failure) 2020-10-29T15:51:05.171+0000: [ParNew: 16388K->4K(18432K), 0.0032827 secs] 485415K->469031K(896640K), 0.0033428 secs] [Times: user=0.00 sys=0.00, real=0.01 secs] 
2020-10-29T15:51:05.191+0000: [GC (Allocation Failure) 2020-10-29T15:51:05.191+0000: [ParNew: 16388K->4K(18432K), 0.0031868 secs] 485415K->469031K(896640K), 0.0032435 secs] [Times: user=0.00 sys=0.00, real=0.01 secs] 
2020-10-29T15:51:05.210+0000: [GC (Allocation Failure) 2020-10-29T15:51:05.210+0000: [ParNew: 16388K->1028K(18432K), 0.0035036 secs] 485415K->471079K(896640K), 0.0035612 secs] [Times: user=0.01 sys=0.00, real=0.01 secs] 
2020-10-29T15:51:05.229+0000: [GC (Allocation Failure) 2020-10-29T15:51:05.229+0000: [ParNew: 17412K->4K(18432K), 0.0032579 secs] 487463K->470055K(896640K), 0.0033137 secs] [Times: user=0.01 sys=0.00, real=0.01 secs] 
2020-10-29T15:51:05.249+0000: [GC (Allocation Failure) 2020-10-29T15:51:05.249+0000: [ParNew: 16388K->4K(18432K), 0.0031651 secs] 486439K->470055K(896640K), 0.0032201 secs] [Times: user=0.00 sys=0.00, real=0.01 secs] 
2020-10-29T15:51:05.269+0000: [GC (Allocation Failure) 2020-10-29T15:51:05.269+0000: [ParNew: 16388K->4K(18432K), 0.0031112 secs] 486439K->470055K(896640K), 0.0031641 secs] [Times: user=0.01 sys=0.00, real=0.00 secs] 
2020-10-29T15:51:05.288+0000: [GC (Allocation Failure) 2020-10-29T15:51:05.288+0000: [ParNew: 16388K->4K(18432K), 0.0031648 secs] 486439K->470055K(896640K), 0.0032209 secs] [Times: user=0.01 sys=0.00, real=0.00 secs] 
2020-10-29T15:51:05.313+0000: [GC (Allocation Failure) 2020-10-29T15:51:05.313+0000: [ParNew: 16388K->4K(18432K), 0.0031134 secs] 486439K->470055K(896640K), 0.0031687 secs] [Times: user=0.01 sys=0.00, real=0.00 secs] 
2020-10-29T15:51:05.353+0000: [GC (Allocation Failure) 2020-10-29T15:51:05.353+0000: [ParNew: 16388K->4K(18432K), 0.0031855 secs] 486439K->470055K(896640K), 0.0032443 secs] [Times: user=0.00 sys=0.00, real=0.00 secs] 
2020-10-29T15:51:05.378+0000: [GC (Allocation Failure) 2020-10-29T15:51:05.378+0000: [ParNew: 16388K->4K(18432K), 0.0031813 secs] 486439K->470055K(896640K), 0.0032411 secs] [Times: user=0.00 sys=0.00, real=0.00 secs] 
2020-10-29T15:51:05.403+0000: [GC (Allocation Failure) 2020-10-29T15:51:05.403+0000: [ParNew: 16388K->4K(18432K), 0.0038647 secs] 486439K->470055K(896640K), 0.0039281 secs] [Times: user=0.01 sys=0.00, real=0.01 secs] 
2020-10-29T15:51:05.429+0000: [GC (Allocation Failure) 2020-10-29T15:51:05.429+0000: [ParNew: 16388K->4K(18432K), 0.0032042 secs] 486439K->470055K(896640K), 0.0032849 secs] [Times: user=0.01 sys=0.00, real=0.00 secs] 
2020-10-29T15:51:05.463+0000: [GC (Allocation Failure) 2020-10-29T15:51:05.464+0000: [ParNew: 16388K->4K(18432K), 0.0032847 secs] 486439K->470055K(896640K), 0.0033652 secs] [Times: user=0.01 sys=0.00, real=0.01 secs] 
2020-10-29T15:51:05.504+0000: [GC (Allocation Failure) 2020-10-29T15:51:05.504+0000: [ParNew: 16388K->6K(18432K), 0.0057318 secs] 486439K->470057K(896640K), 0.0058078 secs] [Times: user=0.01 sys=0.00, real=0.01 secs] 
2020-10-29T15:51:05.533+0000: [GC (Allocation Failure) 2020-10-29T15:51:05.533+0000: [ParNew: 16390K->4K(18432K), 0.0031907 secs] 486441K->470055K(896640K), 0.0032726 secs] [Times: user=0.00 sys=0.00, real=0.00 secs] 
2020-10-29T15:51:05.556+0000: [GC (Allocation Failure) 2020-10-29T15:51:05.556+0000: [ParNew: 16388K->4K(18432K), 0.0031911 secs] 486439K->470055K(896640K), 0.0032700 secs] [Times: user=0.00 sys=0.00, real=0.00 secs] 
2020-10-29T15:51:05.582+0000: [GC (Allocation Failure) 2020-10-29T15:51:05.582+0000: [ParNew: 16388K->4K(18432K), 0.0032346 secs] 486439K->470055K(896640K), 0.0033137 secs] [Times: user=0.00 sys=0.00, real=0.01 secs] 
2020-10-29T15:51:05.616+0000: [GC (Allocation Failure) 2020-10-29T15:51:05.616+0000: [ParNew: 16388K->4K(18432K), 0.0032321 secs] 486439K->470055K(896640K), 0.0033134 secs] [Times: user=0.01 sys=0.00, real=0.00 secs] 
2020-10-29T15:51:05.655+0000: [GC (Allocation Failure) 2020-10-29T15:51:05.655+0000: [ParNew: 16388K->4K(18432K), 0.0085158 secs] 486439K->470055K(896640K), 0.0085922 secs] [Times: user=0.02 sys=0.00, real=0.00 secs] 
2020-10-29T15:51:05.700+0000: [GC (Allocation Failure) 2020-10-29T15:51:05.700+0000: [ParNew: 16388K->4K(18432K), 0.0068512 secs] 486439K->470055K(896640K), 0.0069329 secs] [Times: user=0.01 sys=0.00, real=0.01 secs] 
2020-10-29T15:51:05.738+0000: [GC (Allocation Failure) 2020-10-29T15:51:05.738+0000: [ParNew: 16388K->4K(18432K), 0.0118182 secs] 486439K->470055K(896640K), 0.0118992 secs] [Times: user=0.02 sys=0.00, real=0.01 secs] 
2020-10-29T15:51:05.779+0000: [GC (Allocation Failure) 2020-10-29T15:51:05.779+0000: [ParNew: 16388K->4K(18432K), 0.0086227 secs] 486439K->470055K(896640K), 0.0087042 secs] [Times: user=0.02 sys=0.00, real=0.01 secs] 
2020-10-29T15:51:05.826+0000: [GC (Allocation Failure) 2020-10-29T15:51:05.827+0000: [ParNew: 16388K->4K(18432K), 0.0102760 secs] 486439K->470055K(896640K), 0.0103478 secs] [Times: user=0.02 sys=0.00, real=0.01 secs] 
2020-10-29T15:51:05.858+0000: [GC (Allocation Failure) 2020-10-29T15:51:05.858+0000: [ParNew: 16388K->4K(18432K), 0.0032479 secs] 486439K->470055K(896640K), 0.0033070 secs] [Times: user=0.01 sys=0.00, real=0.00 secs] 
2020-10-29T15:51:05.878+0000: [GC (Allocation Failure) 2020-10-29T15:51:05.878+0000: [ParNew: 16388K->4K(18432K), 0.0032303 secs] 486439K->470055K(896640K), 0.0032890 secs] [Times: user=0.01 sys=0.00, real=0.00 secs] 
2020-10-29T15:51:05.900+0000: [GC (Allocation Failure) 2020-10-29T15:51:05.900+0000: [ParNew: 16388K->4K(18432K), 0.0032040 secs] 486439K->470055K(896640K), 0.0032608 secs] [Times: user=0.01 sys=0.00, real=0.00 secs] 
2020-10-29T15:51:05.920+0000: [GC (Allocation Failure) 2020-10-29T15:51:05.921+0000: [ParNew: 16388K->4K(18432K), 0.0032380 secs] 486439K->470055K(896640K), 0.0032945 secs] [Times: user=0.00 sys=0.00, real=0.00 secs] 
2020-10-29T15:51:05.940+0000: [GC (Allocation Failure) 2020-10-29T15:51:05.940+0000: [ParNew: 16388K->4K(18432K), 0.0032024 secs] 486439K->470055K(896640K), 0.0032598 secs] [Times: user=0.01 sys=0.00, real=0.00 secs] 
2020-10-29T15:51:05.960+0000: [GC (Allocation Failure) 2020-10-29T15:51:05.961+0000: [ParNew: 16388K->4K(18432K), 0.0031748 secs] 486439K->470055K(896640K), 0.0032315 secs] [Times: user=0.01 sys=0.00, real=0.00 secs] 
2020-10-29T15:51:05.980+0000: [GC (Allocation Failure) 2020-10-29T15:51:05.981+0000: [ParNew: 16388K->4K(18432K), 0.0031379 secs] 486439K->470055K(896640K), 0.0031931 secs] [Times: user=0.01 sys=0.00, real=0.00 secs] 
2020-10-29T15:51:06.000+0000: [GC (Allocation Failure) 2020-10-29T15:51:06.000+0000: [ParNew: 16388K->4K(18432K), 0.0031704 secs] 486439K->470055K(896640K), 0.0032364 secs] [Times: user=0.00 sys=0.00, real=0.00 secs] 
2020-10-29T15:51:06.021+0000: [GC (Allocation Failure) 2020-10-29T15:51:06.021+0000: [ParNew: 16388K->4K(18432K), 0.0031863 secs] 486439K->470055K(896640K), 0.0032445 secs] [Times: user=0.01 sys=0.00, real=0.00 secs] 
2020-10-29T15:51:06.038+0000: [GC (Allocation Failure) 2020-10-29T15:51:06.038+0000: [ParNew: 16388K->4K(18432K), 0.0031238 secs] 486439K->470055K(896640K), 0.0031768 secs] [Times: user=0.01 sys=0.00, real=0.00 secs] 
2020-10-29T15:51:06.056+0000: [GC (Allocation Failure) 2020-10-29T15:51:06.057+0000: [ParNew: 16388K->4K(18432K), 0.0032149 secs] 486439K->470055K(896640K), 0.0032730 secs] [Times: user=0.00 sys=0.00, real=0.00 secs] 
2020-10-29T15:51:06.076+0000: [GC (Allocation Failure) 2020-10-29T15:51:06.077+0000: [ParNew: 16388K->4K(18432K), 0.0032382 secs] 486439K->470055K(896640K), 0.0032958 secs] [Times: user=0.01 sys=0.00, real=0.00 secs] 
2020-10-29T15:51:06.094+0000: [GC (Allocation Failure) 2020-10-29T15:51:06.094+0000: [ParNew: 16388K->4K(18432K), 0.0032064 secs] 486439K->470055K(896640K), 0.0032651 secs] [Times: user=0.00 sys=0.00, real=0.00 secs] 
2020-10-29T15:51:06.112+0000: [GC (Allocation Failure) 2020-10-29T15:51:06.112+0000: [ParNew: 16388K->4K(18432K), 0.0032465 secs] 486439K->470055K(896640K), 0.0033060 secs] [Times: user=0.01 sys=0.00, real=0.01 secs] 
2020-10-29T15:51:06.129+0000: [GC (Allocation Failure) 2020-10-29T15:51:06.129+0000: [ParNew: 16388K->4K(18432K), 0.0032140 secs] 486439K->470056K(896640K), 0.0032712 secs] [Times: user=0.00 sys=0.00, real=0.01 secs] 
2020-10-29T15:51:06.147+0000: [GC (Allocation Failure) 2020-10-29T15:51:06.147+0000: [ParNew: 16388K->4K(18432K), 0.0031747 secs] 486440K->470056K(896640K), 0.0032305 secs] [Times: user=0.01 sys=0.00, real=0.00 secs] 
2020-10-29T15:51:06.164+0000: [GC (Allocation Failure) 2020-10-29T15:51:06.164+0000: [ParNew: 16388K->4K(18432K), 0.0031552 secs] 486440K->470056K(896640K), 0.0032089 secs] [Times: user=0.00 sys=0.00, real=0.01 secs] 
2020-10-29T15:51:06.182+0000: [GC (Allocation Failure) 2020-10-29T15:51:06.182+0000: [ParNew: 16388K->4K(18432K), 0.0031719 secs] 486440K->470056K(896640K), 0.0032271 secs] [Times: user=0.01 sys=0.00, real=0.01 secs] 
2020-10-29T15:51:06.200+0000: [GC (Allocation Failure) 2020-10-29T15:51:06.201+0000: [ParNew: 16388K->4K(18432K), 0.0030779 secs] 486440K->470056K(896640K), 0.0031268 secs] [Times: user=0.00 sys=0.00, real=0.00 secs] 
2020-10-29T15:51:06.218+0000: [GC (Allocation Failure) 2020-10-29T15:51:06.218+0000: [ParNew: 16388K->4K(18432K), 0.0032173 secs] 486440K->470056K(896640K), 0.0033012 secs] [Times: user=0.00 sys=0.00, real=0.00 secs] 
2020-10-29T15:51:06.235+0000: [GC (Allocation Failure) 2020-10-29T15:51:06.235+0000: [ParNew: 16388K->4K(18432K), 0.0031172 secs] 486440K->470056K(896640K), 0.0031692 secs] [Times: user=0.01 sys=0.00, real=0.00 secs] 
2020-10-29T15:51:06.256+0000: [GC (Allocation Failure) 2020-10-29T15:51:06.257+0000: [ParNew: 16388K->4K(18432K), 0.0032268 secs] 486440K->470056K(896640K), 0.0032835 secs] [Times: user=0.00 sys=0.00, real=0.00 secs] 
2020-10-29T15:51:06.276+0000: [GC (Allocation Failure) 2020-10-29T15:51:06.277+0000: [ParNew: 16388K->4K(18432K), 0.0031684 secs] 486440K->470056K(896640K), 0.0032259 secs] [Times: user=0.01 sys=0.00, real=0.00 secs] 
2020-10-29T15:51:06.296+0000: [GC (Allocation Failure) 2020-10-29T15:51:06.297+0000: [ParNew: 16388K->4K(18432K), 0.0031288 secs] 486440K->470056K(896640K), 0.0031828 secs] [Times: user=0.01 sys=0.00, real=0.00 secs] 
2020-10-29T15:51:06.314+0000: [GC (Allocation Failure) 2020-10-29T15:51:06.314+0000: [ParNew: 16388K->4K(18432K), 0.0031945 secs] 486440K->470056K(896640K), 0.0032527 secs] [Times: user=0.00 sys=0.00, real=0.00 secs] 
2020-10-29T15:51:06.331+0000: [GC (Allocation Failure) 2020-10-29T15:51:06.331+0000: [ParNew: 16388K->4K(18432K), 0.0031804 secs] 486440K->470056K(896640K), 0.0032362 secs] [Times: user=0.01 sys=0.00, real=0.01 secs] 
2020-10-29T15:51:06.349+0000: [GC (Allocation Failure) 2020-10-29T15:51:06.349+0000: [ParNew: 16388K->4K(18432K), 0.0031539 secs] 486440K->470056K(896640K), 0.0032096 secs] [Times: user=0.00 sys=0.00, real=0.00 secs] 
2020-10-29T15:51:06.366+0000: [GC (Allocation Failure) 2020-10-29T15:51:06.366+0000: [ParNew: 16388K->4K(18432K), 0.0031521 secs] 486440K->470056K(896640K), 0.0032081 secs] [Times: user=0.01 sys=0.00, real=0.00 secs] 
2020-10-29T15:51:06.384+0000: [GC (Allocation Failure) 2020-10-29T15:51:06.385+0000: [ParNew: 16388K->4K(18432K), 0.0031340 secs] 486440K->470056K(896640K), 0.0031882 secs] [Times: user=0.01 sys=0.00, real=0.00 secs] 
2020-10-29T15:51:06.404+0000: [GC (Allocation Failure) 2020-10-29T15:51:06.404+0000: [ParNew: 16388K->4K(18432K), 0.0033988 secs] 486440K->470056K(896640K), 0.0034627 secs] [Times: user=0.00 sys=0.00, real=0.00 secs] 
2020-10-29T15:51:06.425+0000: [GC (Allocation Failure) 2020-10-29T15:51:06.425+0000: [ParNew: 16388K->4K(18432K), 0.0031777 secs] 486440K->470056K(896640K), 0.0032333 secs] [Times: user=0.01 sys=0.00, real=0.00 secs] 
2020-10-29T15:51:06.442+0000: [GC (Allocation Failure) 2020-10-29T15:51:06.442+0000: [ParNew: 16388K->4K(18432K), 0.0032511 secs] 486440K->470056K(896640K), 0.0033072 secs] [Times: user=0.01 sys=0.00, real=0.01 secs] 
2020-10-29T15:51:06.460+0000: [GC (Allocation Failure) 2020-10-29T15:51:06.460+0000: [ParNew: 16388K->4K(18432K), 0.0031875 secs] 486440K->470056K(896640K), 0.0032444 secs] [Times: user=0.01 sys=0.00, real=0.00 secs] 
2020-10-29T15:51:06.480+0000: [GC (Allocation Failure) 2020-10-29T15:51:06.481+0000: [ParNew: 16388K->4K(18432K), 0.0031751 secs] 486440K->470056K(896640K), 0.0032320 secs] [Times: user=0.01 sys=0.00, real=0.00 secs] 
2020-10-29T15:51:06.498+0000: [GC (Allocation Failure) 2020-10-29T15:51:06.498+0000: [ParNew: 16388K->4K(18432K), 0.0031563 secs] 486440K->470056K(896640K), 0.0032095 secs] [Times: user=0.00 sys=0.00, real=0.00 secs] 
2020-10-29T15:51:06.515+0000: [GC (Allocation Failure) 2020-10-29T15:51:06.515+0000: [ParNew: 16388K->4K(18432K), 0.0031504 secs] 486440K->470056K(896640K), 0.0032053 secs] [Times: user=0.01 sys=0.00, real=0.00 secs] 
2020-10-29T15:51:06.533+0000: [GC (Allocation Failure) 2020-10-29T15:51:06.533+0000: [ParNew: 16388K->4K(18432K), 0.0031084 secs] 486440K->470056K(896640K), 0.0031620 secs] [Times: user=0.01 sys=0.00, real=0.00 secs] 
2020-10-29T15:51:06.552+0000: [GC (Allocation Failure) 2020-10-29T15:51:06.553+0000: [ParNew: 16388K->4K(18432K), 0.0031753 secs] 486440K->470056K(896640K), 0.0032330 secs] [Times: user=0.00 sys=0.00, real=0.00 secs] 
2020-10-29T15:51:06.570+0000: [GC (Allocation Failure) 2020-10-29T15:51:06.570+0000: [ParNew: 16388K->4K(18432K), 0.0031643 secs] 486440K->470056K(896640K), 0.0032221 secs] [Times: user=0.01 sys=0.00, real=0.01 secs] 
2020-10-29T15:51:06.591+0000: [GC (Allocation Failure) 2020-10-29T15:51:06.591+0000: [ParNew: 16388K->4K(18432K), 0.0031905 secs] 486440K->470056K(896640K), 0.0032477 secs] [Times: user=0.00 sys=0.00, real=0.01 secs] 
2020-10-29T15:51:06.610+0000: [GC (Allocation Failure) 2020-10-29T15:51:06.610+0000: [ParNew: 16388K->4K(18432K), 0.0032861 secs] 486440K->470056K(896640K), 0.0033416 secs] [Times: user=0.00 sys=0.00, real=0.01 secs] 
2020-10-29T15:51:06.628+0000: [GC (Allocation Failure) 2020-10-29T15:51:06.628+0000: [ParNew: 16388K->4K(18432K), 0.0032569 secs] 486440K->470056K(896640K), 0.0033109 secs] [Times: user=0.01 sys=0.00, real=0.00 secs] 
2020-10-29T15:51:06.647+0000: [GC (Allocation Failure) 2020-10-29T15:51:06.648+0000: [ParNew: 16388K->4K(18432K), 0.0031861 secs] 486440K->470056K(896640K), 0.0032413 secs] [Times: user=0.00 sys=0.00, real=0.00 secs] 
2020-10-29T15:51:06.665+0000: [GC (Allocation Failure) 2020-10-29T15:51:06.665+0000: [ParNew: 16388K->4K(18432K), 0.0031242 secs] 486440K->470056K(896640K), 0.0031776 secs] [Times: user=0.01 sys=0.00, real=0.00 secs] 
2020-10-29T15:51:06.684+0000: [GC (Allocation Failure) 2020-10-29T15:51:06.685+0000: [ParNew: 16388K->4K(18432K), 0.0031373 secs] 486440K->470056K(896640K), 0.0031926 secs] [Times: user=0.01 sys=0.00, real=0.00 secs] 
2020-10-29T15:51:06.702+0000: [GC (Allocation Failure) 2020-10-29T15:51:06.702+0000: [ParNew: 16388K->4K(18432K), 0.0031550 secs] 486440K->470056K(896640K), 0.0032220 secs] [Times: user=0.01 sys=0.00, real=0.01 secs] 
2020-10-29T15:51:06.719+0000: [GC (Allocation Failure) 2020-10-29T15:51:06.719+0000: [ParNew: 16388K->4K(18432K), 0.0032551 secs] 486440K->470056K(896640K), 0.0033116 secs] [Times: user=0.01 sys=0.00, real=0.00 secs] 
2020-10-29T15:51:06.744+0000: [GC (Allocation Failure) 2020-10-29T15:51:06.745+0000: [ParNew: 16388K->4K(18432K), 0.0032210 secs] 486440K->470056K(896640K), 0.0032778 secs] [Times: user=0.00 sys=0.00, real=0.00 secs] 
2020-10-29T15:51:06.762+0000: [GC (Allocation Failure) 2020-10-29T15:51:06.763+0000: [ParNew: 16388K->4K(18432K), 0.0032230 secs] 486440K->470056K(896640K), 0.0032806 secs] [Times: user=0.01 sys=0.00, real=0.01 secs] 
2020-10-29T15:51:06.780+0000: [GC (Allocation Failure) 2020-10-29T15:51:06.780+0000: [ParNew: 16388K->4K(18432K), 0.0032682 secs] 486440K->470056K(896640K), 0.0033270 secs] [Times: user=0.00 sys=0.00, real=0.00 secs] 
2020-10-29T15:51:06.798+0000: [GC (Allocation Failure) 2020-10-29T15:51:06.798+0000: [ParNew: 16388K->4K(18432K), 0.0031803 secs] 486440K->470056K(896640K), 0.0032354 secs] [Times: user=0.01 sys=0.00, real=0.00 secs] 
2020-10-29T15:51:06.815+0000: [GC (Allocation Failure) 2020-10-29T15:51:06.815+0000: [ParNew: 16388K->4K(18432K), 0.0032938 secs] 486440K->470056K(896640K), 0.0033530 secs] [Times: user=0.00 sys=0.00, real=0.00 secs] 
2020-10-29T15:51:06.833+0000: [GC (Allocation Failure) 2020-10-29T15:51:06.833+0000: [ParNew: 16388K->4K(18432K), 0.0031670 secs] 486440K->470056K(896640K), 0.0032399 secs] [Times: user=0.01 sys=0.00, real=0.00 secs] 
2020-10-29T15:51:06.852+0000: [GC (Allocation Failure) 2020-10-29T15:51:06.853+0000: [ParNew: 16388K->4K(18432K), 0.0031598 secs] 486440K->470056K(896640K), 0.0032156 secs] [Times: user=0.00 sys=0.00, real=0.00 secs] 
2020-10-29T15:51:06.872+0000: [GC (Allocation Failure) 2020-10-29T15:51:06.873+0000: [ParNew: 16388K->4K(18432K), 0.0034722 secs] 486440K->470056K(896640K), 0.0035249 secs] [Times: user=0.01 sys=0.00, real=0.00 secs] 
2020-10-29T15:51:06.890+0000: [GC (Allocation Failure) 2020-10-29T15:51:06.890+0000: [ParNew: 16388K->4K(18432K), 0.0032172 secs] 486440K->470056K(896640K), 0.0032725 secs] [Times: user=0.01 sys=0.00, real=0.01 secs] 
2020-10-29T15:51:06.908+0000: [GC (Allocation Failure) 2020-10-29T15:51:06.908+0000: [ParNew: 16388K->4K(18432K), 0.0031944 secs] 486440K->470056K(896640K), 0.0032521 secs] [Times: user=0.00 sys=0.00, real=0.00 secs] 
2020-10-29T15:51:06.925+0000: [GC (Allocation Failure) 2020-10-29T15:51:06.925+0000: [ParNew: 16388K->4K(18432K), 0.0031334 secs] 486440K->470056K(896640K), 0.0031889 secs] [Times: user=0.01 sys=0.00, real=0.00 secs] 
2020-10-29T15:51:06.942+0000: [GC (Allocation Failure) 2020-10-29T15:51:06.942+0000: [ParNew: 16388K->4K(18432K), 0.0031187 secs] 486440K->470056K(896640K), 0.0031741 secs] [Times: user=0.01 sys=0.00, real=0.01 secs] 
2020-10-29T15:51:06.960+0000: [GC (Allocation Failure) 2020-10-29T15:51:06.961+0000: [ParNew: 16388K->4K(18432K), 0.0031089 secs] 486440K->470056K(896640K), 0.0031640 secs] [Times: user=0.00 sys=0.00, real=0.00 secs] 
2020-10-29T15:51:06.981+0000: [GC (Allocation Failure) 2020-10-29T15:51:06.981+0000: [ParNew: 16388K->4K(18432K), 0.0031213 secs] 486440K->470056K(896640K), 0.0031761 secs] [Times: user=0.01 sys=0.00, real=0.00 secs] 
2020-10-29T15:51:07.000+0000: [GC (Allocation Failure) 2020-10-29T15:51:07.001+0000: [ParNew: 16388K->4K(18432K), 0.0031053 secs] 486440K->470056K(896640K), 0.0031590 secs] [Times: user=0.01 sys=0.00, real=0.00 secs] 
2020-10-29T15:51:07.018+0000: [GC (Allocation Failure) 2020-10-29T15:51:07.018+0000: [ParNew: 16388K->4K(18432K), 0.0031611 secs] 486440K->470056K(896640K), 0.0032168 secs] [Times: user=0.01 sys=0.00, real=0.00 secs] 
2020-10-29T15:51:07.035+0000: [GC (Allocation Failure) 2020-10-29T15:51:07.035+0000: [ParNew: 16388K->4K(18432K), 0.0030570 secs] 486440K->470056K(896640K), 0.0031073 secs] [Times: user=0.00 sys=0.00, real=0.00 secs] 
2020-10-29T15:51:07.056+0000: [GC (Allocation Failure) 2020-10-29T15:51:07.056+0000: [ParNew: 16388K->4K(18432K), 0.0031678 secs] 486440K->470056K(896640K), 0.0032364 secs] [Times: user=0.01 sys=0.00, real=0.00 secs] 
2020-10-29T15:51:07.075+0000: [GC (Allocation Failure) 2020-10-29T15:51:07.075+0000: [ParNew: 16388K->4K(18432K), 0.0031859 secs] 486440K->470056K(896640K), 0.0032427 secs] [Times: user=0.01 sys=0.00, real=0.00 secs] 
2020-10-29T15:51:07.093+0000: [GC (Allocation Failure) 2020-10-29T15:51:07.093+0000: [ParNew: 16388K->4K(18432K), 0.0031711 secs] 486440K->470056K(896640K), 0.0032273 secs] [Times: user=0.01 sys=0.00, real=0.00 secs] 
2020-10-29T15:51:07.112+0000: [GC (Allocation Failure) 2020-10-29T15:51:07.113+0000: [ParNew: 16388K->4K(18432K), 0.0032440 secs] 486440K->470056K(896640K), 0.0033042 secs] [Times: user=0.01 sys=0.00, real=0.00 secs] 
2020-10-29T15:51:07.131+0000: [GC (Allocation Failure) 2020-10-29T15:51:07.131+0000: [ParNew: 16388K->4K(18432K), 0.0032238 secs] 486440K->470056K(896640K), 0.0032817 secs] [Times: user=0.01 sys=0.00, real=0.01 secs] 
2020-10-29T15:51:07.152+0000: [GC (Allocation Failure) 2020-10-29T15:51:07.152+0000: [ParNew: 16388K->4K(18432K), 0.0031769 secs] 486440K->470056K(896640K), 0.0032327 secs] [Times: user=0.01 sys=0.00, real=0.01 secs] 
2020-10-29T15:51:07.172+0000: [GC (Allocation Failure) 2020-10-29T15:51:07.172+0000: [ParNew: 16388K->4K(18432K), 0.0032320 secs] 486440K->470056K(896640K), 0.0032903 secs] [Times: user=0.01 sys=0.00, real=0.01 secs] 
2020-10-29T15:51:07.189+0000: [GC (Allocation Failure) 2020-10-29T15:51:07.189+0000: [ParNew: 16388K->4K(18432K), 0.0032239 secs] 486440K->470056K(896640K), 0.0032809 secs] [Times: user=0.00 sys=0.00, real=0.01 secs] 
2020-10-29T15:51:07.207+0000: [GC (Allocation Failure) 2020-10-29T15:51:07.207+0000: [ParNew: 16388K->4K(18432K), 0.0031958 secs] 486440K->470056K(896640K), 0.0032519 secs] [Times: user=0.00 sys=0.00, real=0.00 secs] 
2020-10-29T15:51:07.227+0000: [GC (Allocation Failure) 2020-10-29T15:51:07.227+0000: [ParNew: 16388K->4K(18432K), 0.0032067 secs] 486440K->470056K(896640K), 0.0032644 secs] [Times: user=0.00 sys=0.00, real=0.00 secs] 
2020-10-29T15:51:07.245+0000: [GC (Allocation Failure) 2020-10-29T15:51:07.245+0000: [ParNew: 16388K->4K(18432K), 0.0031186 secs] 486440K->470056K(896640K), 0.0031745 secs] [Times: user=0.00 sys=0.00, real=0.00 secs] 
2020-10-29T15:51:07.262+0000: [GC (Allocation Failure) 2020-10-29T15:51:07.262+0000: [ParNew: 16388K->4K(18432K), 0.0031602 secs] 486440K->470056K(896640K), 0.0032152 secs] [Times: user=0.01 sys=0.00, real=0.01 secs] 
2020-10-29T15:51:07.280+0000: [GC (Allocation Failure) 2020-10-29T15:51:07.280+0000: [ParNew: 16388K->4K(18432K), 0.0032575 secs] 486440K->470056K(896640K), 0.0033171 secs] [Times: user=0.01 sys=0.00, real=0.00 secs] 
2020-10-29T15:51:07.297+0000: [GC (Allocation Failure) 2020-10-29T15:51:07.297+0000: [ParNew: 16388K->4K(18432K), 0.0047723 secs] 486440K->470056K(896640K), 0.0048300 secs] [Times: user=0.01 sys=0.00, real=0.00 secs] 
2020-10-29T15:51:07.328+0000: [GC (Allocation Failure) 2020-10-29T15:51:07.329+0000: [ParNew: 16388K->6K(18432K), 0.0032177 secs] 486440K->470058K(896640K), 0.0032758 secs] [Times: user=0.01 sys=0.00, real=0.00 secs] 
2020-10-29T15:51:07.346+0000: [GC (Allocation Failure) 2020-10-29T15:51:07.346+0000: [ParNew: 16390K->6K(18432K), 0.0032398 secs] 486442K->470058K(896640K), 0.0032981 secs] [Times: user=0.00 sys=0.00, real=0.00 secs] 
2020-10-29T15:51:07.364+0000: [GC (Allocation Failure) 2020-10-29T15:51:07.364+0000: [ParNew: 16390K->6K(18432K), 0.0032097 secs] 486442K->470059K(896640K), 0.0032673 secs] [Times: user=0.01 sys=0.00, real=0.01 secs] 
2020-10-29T15:51:07.381+0000: [GC (Allocation Failure) 2020-10-29T15:51:07.381+0000: [ParNew: 16390K->6K(18432K), 0.0033148 secs] 486443K->470059K(896640K), 0.0033754 secs] [Times: user=0.01 sys=0.00, real=0.01 secs] 
2020-10-29T15:51:07.399+0000: [GC (Allocation Failure) 2020-10-29T15:51:07.399+0000: [ParNew: 16390K->7K(18432K), 0.0032918 secs] 486443K->470059K(896640K), 0.0033576 secs] [Times: user=0.01 sys=0.00, real=0.00 secs] 
2020-10-29T15:51:07.417+0000: [GC (Allocation Failure) 2020-10-29T15:51:07.417+0000: [ParNew: 16391K->6K(18432K), 0.0032465 secs] 486443K->470059K(896640K), 0.0033072 secs] [Times: user=0.01 sys=0.00, real=0.00 secs] 
2020-10-29T15:51:07.434+0000: [GC (Allocation Failure) 2020-10-29T15:51:07.434+0000: [ParNew: 16390K->4K(18432K), 0.0032538 secs] 486443K->470060K(896640K), 0.0033130 secs] [Times: user=0.00 sys=0.00, real=0.00 secs] 
2020-10-29T15:51:07.452+0000: [GC (Allocation Failure) 2020-10-29T15:51:07.452+0000: [ParNew: 16388K->4K(18432K), 0.0031743 secs] 486444K->470059K(896640K), 0.0032322 secs] [Times: user=0.00 sys=0.00, real=0.01 secs] 
2020-10-29T15:51:07.472+0000: [GC (Allocation Failure) 2020-10-29T15:51:07.472+0000: [ParNew: 16388K->4K(18432K), 0.0031540 secs] 486443K->470059K(896640K), 0.0032112 secs] [Times: user=0.01 sys=0.00, real=0.00 secs] 
2020-10-29T15:51:07.490+0000: [GC (Allocation Failure) 2020-10-29T15:51:07.490+0000: [ParNew: 16388K->4K(18432K), 0.0032180 secs] 486443K->470059K(896640K), 0.0032754 secs] [Times: user=0.01 sys=0.00, real=0.01 secs] 
2020-10-29T15:51:07.508+0000: [GC (Allocation Failure) 2020-10-29T15:51:07.508+0000: [ParNew: 16388K->4K(18432K), 0.0031545 secs] 486443K->470059K(896640K), 0.0032087 secs] [Times: user=0.01 sys=0.00, real=0.00 secs] 
2020-10-29T15:51:07.525+0000: [GC (Allocation Failure) 2020-10-29T15:51:07.525+0000: [ParNew: 16388K->4K(18432K), 0.0032288 secs] 486443K->470059K(896640K), 0.0032881 secs] [Times: user=0.01 sys=0.00, real=0.00 secs] 
2020-10-29T15:51:07.543+0000: [GC (Allocation Failure) 2020-10-29T15:51:07.544+0000: [ParNew: 16388K->4K(18432K), 0.0031895 secs] 486443K->470059K(896640K), 0.0032460 secs] [Times: user=0.00 sys=0.00, real=0.01 secs] 
2020-10-29T15:51:07.561+0000: [GC (Allocation Failure) 2020-10-29T15:51:07.561+0000: [ParNew: 16388K->4K(18432K), 0.0031935 secs] 486443K->470059K(896640K), 0.0032506 secs] [Times: user=0.00 sys=0.00, real=0.01 secs] 
2020-10-29T15:51:07.579+0000: [GC (Allocation Failure) 2020-10-29T15:51:07.579+0000: [ParNew: 16388K->4K(18432K), 0.0031873 secs] 486443K->470059K(896640K), 0.0032448 secs] [Times: user=0.01 sys=0.00, real=0.00 secs] 
2020-10-29T15:51:07.596+0000: [GC (Allocation Failure) 2020-10-29T15:51:07.596+0000: [ParNew: 16388K->4K(18432K), 0.0031949 secs] 486443K->470059K(896640K), 0.0032510 secs] [Times: user=0.00 sys=0.00, real=0.00 secs] 
2020-10-29T15:51:07.614+0000: [GC (Allocation Failure) 2020-10-29T15:51:07.614+0000: [ParNew: 16388K->4K(18432K), 0.0031865 secs] 486443K->470059K(896640K), 0.0032439 secs] [Times: user=0.01 sys=0.00, real=0.00 secs] 
2020-10-29T15:51:07.632+0000: [GC (Allocation Failure) 2020-10-29T15:51:07.633+0000: [ParNew: 16388K->4K(18432K), 0.0031794 secs] 486443K->470059K(896640K), 0.0032365 secs] [Times: user=0.00 sys=0.00, real=0.00 secs] 
2020-10-29T15:51:07.650+0000: [GC (Allocation Failure) 2020-10-29T15:51:07.650+0000: [ParNew: 16388K->4K(18432K), 0.0032777 secs] 486443K->470059K(896640K), 0.0033361 secs] [Times: user=0.01 sys=0.00, real=0.01 secs] 
2020-10-29T15:51:07.668+0000: [GC (Allocation Failure) 2020-10-29T15:51:07.669+0000: [ParNew: 16388K->4K(18432K), 0.0031891 secs] 486443K->470059K(896640K), 0.0032481 secs] [Times: user=0.00 sys=0.00, real=0.00 secs] 
2020-10-29T15:51:07.686+0000: [GC (Allocation Failure) 2020-10-29T15:51:07.686+0000: [ParNew: 16388K->4K(18432K), 0.0032115 secs] 486443K->470059K(896640K), 0.0032687 secs] [Times: user=0.01 sys=0.00, real=0.00 secs] 
2020-10-29T15:51:07.708+0000: [GC (Allocation Failure) 2020-10-29T15:51:07.708+0000: [ParNew: 16388K->4K(18432K), 0.0032229 secs] 486443K->470059K(896640K), 0.0032806 secs] [Times: user=0.01 sys=0.00, real=0.00 secs] 
2020-10-29T15:51:07.728+0000: [GC (Allocation Failure) 2020-10-29T15:51:07.729+0000: [ParNew: 16388K->4K(18432K), 0.0031918 secs] 486443K->470059K(896640K), 0.0032425 secs] [Times: user=0.00 sys=0.00, real=0.00 secs] 
2020-10-29T15:51:07.746+0000: [GC (Allocation Failure) 2020-10-29T15:51:07.746+0000: [ParNew: 16388K->4K(18432K), 0.0032698 secs] 486443K->470059K(896640K), 0.0033404 secs] [Times: user=0.01 sys=0.00, real=0.00 secs] 
2020-10-29T15:51:07.764+0000: [GC (Allocation Failure) 2020-10-29T15:51:07.764+0000: [ParNew: 16388K->4K(18432K), 0.0032082 secs] 486443K->470059K(896640K), 0.0032642 secs] [Times: user=0.01 sys=0.00, real=0.01 secs] 
2020-10-29T15:51:07.784+0000: [GC (Allocation Failure) 2020-10-29T15:51:07.785+0000: [ParNew: 16388K->4K(18432K), 0.0032044 secs] 486443K->470059K(896640K), 0.0032615 secs] [Times: user=0.01 sys=0.00, real=0.00 secs] 
2020-10-29T15:51:07.802+0000: [GC (Allocation Failure) 2020-10-29T15:51:07.802+0000: [ParNew: 16388K->4K(18432K), 0.0031846 secs] 486443K->470059K(896640K), 0.0032419 secs] [Times: user=0.00 sys=0.00, real=0.01 secs] 
2020-10-29T15:51:07.820+0000: [GC (Allocation Failure) 2020-10-29T15:51:07.821+0000: [ParNew: 16388K->4K(18432K), 0.0031578 secs] 486443K->470059K(896640K), 0.0032131 secs] [Times: user=0.01 sys=0.00, real=0.00 secs] 
2020-10-29T15:51:07.838+0000: [GC (Allocation Failure) 2020-10-29T15:51:07.838+0000: [ParNew: 16388K->4K(18432K), 0.0032212 secs] 486443K->470059K(896640K), 0.0032783 secs] [Times: user=0.00 sys=0.00, real=0.00 secs] 
2020-10-29T15:51:07.856+0000: [GC (Allocation Failure) 2020-10-29T15:51:07.856+0000: [ParNew: 16388K->4K(18432K), 0.0032391 secs] 486443K->470059K(896640K), 0.0033150 secs] [Times: user=0.01 sys=0.00, real=0.00 secs] 
2020-10-29T15:51:07.873+0000: [GC (Allocation Failure) 2020-10-29T15:51:07.873+0000: [ParNew: 16388K->4K(18432K), 0.0031337 secs] 486443K->470059K(896640K), 0.0031877 secs] [Times: user=0.00 sys=0.00, real=0.00 secs] 
2020-10-29T15:51:07.893+0000: [GC (Allocation Failure) 2020-10-29T15:51:07.893+0000: [ParNew: 16388K->4K(18432K), 0.0032490 secs] 486443K->470059K(896640K), 0.0033065 secs] [Times: user=0.01 sys=0.00, real=0.00 secs] 
2020-10-29T15:51:07.910+0000: [GC (Allocation Failure) 2020-10-29T15:51:07.910+0000: [ParNew: 16388K->4K(18432K), 0.0032295 secs] 486443K->470059K(896640K), 0.0032871 secs] [Times: user=0.00 sys=0.00, real=0.01 secs] 
2020-10-29T15:51:07.928+0000: [GC (Allocation Failure) 2020-10-29T15:51:07.928+0000: [ParNew: 16388K->4K(18432K), 0.0031798 secs] 486443K->470059K(896640K), 0.0032356 secs] [Times: user=0.01 sys=0.00, real=0.00 secs] 
2020-10-29T15:51:07.946+0000: [GC (Allocation Failure) 2020-10-29T15:51:07.946+0000: [ParNew: 16388K->4K(18432K), 0.0031769 secs] 486443K->470059K(896640K), 0.0032317 secs] [Times: user=0.01 sys=0.00, real=0.00 secs] 
2020-10-29T15:51:07.964+0000: [GC (Allocation Failure) 2020-10-29T15:51:07.964+0000: [ParNew: 16388K->4K(18432K), 0.0031886 secs] 486443K->470059K(896640K), 0.0032456 secs] [Times: user=0.01 sys=0.00, real=0.01 secs] 
2020-10-29T15:51:07.985+0000: [GC (Allocation Failure) 2020-10-29T15:51:07.985+0000: [ParNew: 16388K->4K(18432K), 0.0032139 secs] 486443K->470059K(896640K), 0.0032733 secs] [Times: user=0.01 sys=0.00, real=0.00 secs] 
2020-10-29T15:51:08.004+0000: [GC (Allocation Failure) 2020-10-29T15:51:08.005+0000: [ParNew: 16388K->4K(18432K), 0.0031812 secs] 486443K->470059K(896640K), 0.0032374 secs] [Times: user=0.00 sys=0.00, real=0.00 secs] 
2020-10-29T15:51:08.022+0000: [GC (Allocation Failure) 2020-10-29T15:51:08.023+0000: [ParNew: 16388K->4K(18432K), 0.0032409 secs] 486443K->470059K(896640K), 0.0032969 secs] [Times: user=0.01 sys=0.00, real=0.01 secs] 
2020-10-29T15:51:08.040+0000: [GC (Allocation Failure) 2020-10-29T15:51:08.040+0000: [ParNew: 16388K->4K(18432K), 0.0032046 secs] 486443K->470059K(896640K), 0.0032619 secs] [Times: user=0.01 sys=0.00, real=0.00 secs] 
2020-10-29T15:51:08.060+0000: [GC (Allocation Failure) 2020-10-29T15:51:08.061+0000: [ParNew: 16388K->4K(18432K), 0.0032472 secs] 486443K->470059K(896640K), 0.0033049 secs] [Times: user=0.00 sys=0.00, real=0.00 secs] 
2020-10-29T15:51:08.080+0000: [GC (Allocation Failure) 2020-10-29T15:51:08.081+0000: [ParNew: 16388K->4K(18432K), 0.0031241 secs] 486443K->470059K(896640K), 0.0031792 secs] [Times: user=0.01 sys=0.00, real=0.00 secs] 
2020-10-29T15:51:08.098+0000: [GC (Allocation Failure) 2020-10-29T15:51:08.098+0000: [ParNew: 16388K->4K(18432K), 0.0031777 secs] 486443K->470059K(896640K), 0.0032328 secs] [Times: user=0.01 sys=0.00, real=0.00 secs] 
2020-10-29T15:51:08.116+0000: [GC (Allocation Failure) 2020-10-29T15:51:08.117+0000: [ParNew: 16388K->4K(18432K), 0.0031560 secs] 486443K->470059K(896640K), 0.0032118 secs] [Times: user=0.01 sys=0.00, real=0.00 secs] 
2020-10-29T15:51:08.136+0000: [GC (Allocation Failure) 2020-10-29T15:51:08.137+0000: [ParNew: 16388K->4K(18432K), 0.0032419 secs] 486443K->470059K(896640K), 0.0032986 secs] [Times: user=0.00 sys=0.00, real=0.00 secs] 
2020-10-29T15:51:08.154+0000: [GC (Allocation Failure) 2020-10-29T15:51:08.154+0000: [ParNew: 16388K->4K(18432K), 0.0032056 secs] 486443K->470059K(896640K), 0.0032636 secs] [Times: user=0.01 sys=0.00, real=0.00 secs] 
2020-10-29T15:51:08.172+0000: [GC (Allocation Failure) 2020-10-29T15:51:08.172+0000: [ParNew: 16388K->4K(18432K), 0.0031880 secs] 486443K->470059K(896640K), 0.0032441 secs] [Times: user=0.00 sys=0.00, real=0.01 secs] 
2020-10-29T15:51:08.194+0000: [GC (Allocation Failure) 2020-10-29T15:51:08.194+0000: [ParNew: 16388K->4K(18432K), 0.0032460 secs] 486443K->470059K(896640K), 0.0033068 secs] [Times: user=0.01 sys=0.00, real=0.00 secs] 
2020-10-29T15:51:08.211+0000: [GC (Allocation Failure) 2020-10-29T15:51:08.211+0000: [ParNew: 16388K->4K(18432K), 0.0032456 secs] 486443K->470059K(896640K), 0.0033049 secs] [Times: user=0.01 sys=0.00, real=0.01 secs] 
2020-10-29T15:51:08.230+0000: [GC (Allocation Failure) 2020-10-29T15:51:08.230+0000: [ParNew: 16388K->4K(18432K), 0.0032097 secs] 486443K->470060K(896640K), 0.0032658 secs] [Times: user=0.00 sys=0.00, real=0.01 secs] 
2020-10-29T15:51:08.247+0000: [GC (Allocation Failure) 2020-10-29T15:51:08.247+0000: [ParNew: 16388K->4K(18432K), 0.0032795 secs] 486444K->470060K(896640K), 0.0033375 secs] [Times: user=0.01 sys=0.00, real=0.00 secs] 
2020-10-29T15:51:08.265+0000: [GC (Allocation Failure) 2020-10-29T15:51:08.265+0000: [ParNew: 16388K->4K(18432K), 0.0032608 secs] 486444K->470060K(896640K), 0.0033170 secs] [Times: user=0.01 sys=0.00, real=0.00 secs] 
2020-10-29T15:51:08.284+0000: [GC (Allocation Failure) 2020-10-29T15:51:08.285+0000: [ParNew: 16388K->4K(18432K), 0.0031980 secs] 486444K->470060K(896640K), 0.0032562 secs] [Times: user=0.01 sys=0.00, real=0.00 secs] 
2020-10-29T15:51:08.304+0000: [GC (Allocation Failure) 2020-10-29T15:51:08.305+0000: [ParNew: 16388K->4K(18432K), 0.0032156 secs] 486444K->470060K(896640K), 0.0032717 secs] [Times: user=0.01 sys=0.00, real=0.00 secs] 
2020-10-29T15:51:08.322+0000: [GC (Allocation Failure) 2020-10-29T15:51:08.322+0000: [ParNew: 16388K->4K(18432K), 0.0032014 secs] 486444K->470060K(896640K), 0.0032584 secs] [Times: user=0.00 sys=0.00, real=0.01 secs] 
2020-10-29T15:51:08.340+0000: [GC (Allocation Failure) 2020-10-29T15:51:08.340+0000: [ParNew: 16388K->4K(18432K), 0.0032578 secs] 486444K->470060K(896640K), 0.0033156 secs] [Times: user=0.01 sys=0.00, real=0.00 secs] 
2020-10-29T15:51:08.360+0000: [GC (Allocation Failure) 2020-10-29T15:51:08.361+0000: [ParNew: 16388K->4K(18432K), 0.0031811 secs] 486444K->470060K(896640K), 0.0032382 secs] [Times: user=0.01 sys=0.00, real=0.00 secs] 
2020-10-29T15:51:08.378+0000: [GC (Allocation Failure) 2020-10-29T15:51:08.378+0000: [ParNew: 16388K->4K(18432K), 0.0030155 secs] 486444K->470060K(896640K), 0.0030675 secs] [Times: user=0.00 sys=0.00, real=0.00 secs] 
2020-10-29T15:51:08.396+0000: [GC (Allocation Failure) 2020-10-29T15:51:08.397+0000: [ParNew: 16388K->4K(18432K), 0.0032056 secs] 486444K->470060K(896640K), 0.0032624 secs] [Times: user=0.01 sys=0.00, real=0.00 secs] 
2020-10-29T15:51:08.416+0000: [GC (Allocation Failure) 2020-10-29T15:51:08.417+0000: [ParNew: 16388K->4K(18432K), 0.0032147 secs] 486444K->470060K(896640K), 0.0032752 secs] [Times: user=0.00 sys=0.00, real=0.00 secs] 
2020-10-29T15:51:08.436+0000: [GC (Allocation Failure) 2020-10-29T15:51:08.437+0000: [ParNew: 16388K->4K(18432K), 0.0031918 secs] 486444K->470060K(896640K), 0.0032487 secs] [Times: user=0.01 sys=0.00, real=0.00 secs] 
2020-10-29T15:51:08.456+0000: [GC (Allocation Failure) 2020-10-29T15:51:08.457+0000: [ParNew: 16388K->4K(18432K), 0.0031259 secs] 486444K->470060K(896640K), 0.0031933 secs] [Times: user=0.00 sys=0.00, real=0.00 secs] 
2020-10-29T15:51:08.474+0000: [GC (Allocation Failure) 2020-10-29T15:51:08.474+0000: [ParNew: 16388K->4K(18432K), 0.0031304 secs] 486444K->470060K(896640K), 0.0031852 secs] [Times: user=0.01 sys=0.00, real=0.00 secs] 
2020-10-29T15:51:08.492+0000: [GC (Allocation Failure) 2020-10-29T15:51:08.492+0000: [ParNew: 16388K->4K(18432K), 0.0031474 secs] 486444K->470060K(896640K), 0.0032036 secs] [Times: user=0.01 sys=0.00, real=0.01 secs] 
2020-10-29T15:51:08.512+0000: [GC (Allocation Failure) 2020-10-29T15:51:08.513+0000: [ParNew: 16388K->4K(18432K), 0.0031525 secs] 486444K->470060K(896640K), 0.0032086 secs] [Times: user=0.01 sys=0.00, real=0.00 secs] 
2020-10-29T15:51:08.533+0000: [GC (Allocation Failure) 2020-10-29T15:51:08.533+0000: [ParNew: 16388K->4K(18432K), 0.0031503 secs] 486444K->470060K(896640K), 0.0032067 secs] [Times: user=0.01 sys=0.00, real=0.00 secs] 
2020-10-29T15:51:08.553+0000: [GC (Allocation Failure) 2020-10-29T15:51:08.553+0000: [ParNew: 16388K->4K(18432K), 0.0032290 secs] 486444K->470060K(896640K), 0.0032881 secs] [Times: user=0.01 sys=0.00, real=0.00 secs] 
2020-10-29T15:51:08.573+0000: [GC (Allocation Failure) 2020-10-29T15:51:08.573+0000: [ParNew: 16388K->4K(18432K), 0.0031956 secs] 486444K->470060K(896640K), 0.0032524 secs] [Times: user=0.01 sys=0.00, real=0.00 secs] 
2020-10-29T15:51:08.590+0000: [GC (Allocation Failure) 2020-10-29T15:51:08.590+0000: [ParNew: 16388K->4K(18432K), 0.0031727 secs] 486444K->470060K(896640K), 0.0032282 secs] [Times: user=0.00 sys=0.00, real=0.01 secs] 
2020-10-29T15:51:08.608+0000: [GC (Allocation Failure) 2020-10-29T15:51:08.608+0000: [ParNew: 16388K->4K(18432K), 0.0031421 secs] 486444K->470060K(896640K), 0.0031960 secs] [Times: user=0.01 sys=0.00, real=0.00 secs] 
2020-10-29T15:51:08.625+0000: [GC (Allocation Failure) 2020-10-29T15:51:08.625+0000: [ParNew: 16388K->4K(18432K), 0.0032200 secs] 486444K->470060K(896640K), 0.0032737 secs] [Times: user=0.01 sys=0.00, real=0.00 secs] 
2020-10-29T15:51:08.643+0000: [GC (Allocation Failure) 2020-10-29T15:51:08.643+0000: [ParNew: 16388K->4K(18432K), 0.0031247 secs] 486444K->470060K(896640K), 0.0031776 secs] [Times: user=0.00 sys=0.00, real=0.01 secs] 
2020-10-29T15:51:08.660+0000: [GC (Allocation Failure) 2020-10-29T15:51:08.660+0000: [ParNew: 16388K->4K(18432K), 0.0031805 secs] 486444K->470060K(896640K), 0.0032332 secs] [Times: user=0.01 sys=0.00, real=0.00 secs] 
2020-10-29T15:51:08.678+0000: [GC (Allocation Failure) 2020-10-29T15:51:08.678+0000: [ParNew: 16388K->4K(18432K), 0.0032377 secs] 486444K->470060K(896640K), 0.0032944 secs] [Times: user=0.01 sys=0.00, real=0.00 secs] 
2020-10-29T15:51:08.696+0000: [GC (Allocation Failure) 2020-10-29T15:51:08.696+0000: [ParNew: 16388K->4K(18432K), 0.0031898 secs] 486444K->470060K(896640K), 0.0032464 secs] [Times: user=0.00 sys=0.00, real=0.00 secs] 
2020-10-29T15:51:08.713+0000: [GC (Allocation Failure) 2020-10-29T15:51:08.713+0000: [ParNew: 16388K->4K(18432K), 0.0031605 secs] 486444K->470060K(896640K), 0.0032157 secs] [Times: user=0.00 sys=0.00, real=0.00 secs] 
2020-10-29T15:51:08.732+0000: [GC (Allocation Failure) 2020-10-29T15:51:08.733+0000: [ParNew: 16388K->4K(18432K), 0.0032419 secs] 486444K->470060K(896640K), 0.0032996 secs] [Times: user=0.01 sys=0.00, real=0.00 secs] 
2020-10-29T15:51:08.752+0000: [GC (Allocation Failure) 2020-10-29T15:51:08.753+0000: [ParNew: 16388K->4K(18432K), 0.0032440 secs] 486444K->470060K(896640K), 0.0033055 secs] [Times: user=0.00 sys=0.00, real=0.00 secs] 
2020-10-29T15:51:08.770+0000: [GC (Allocation Failure) 2020-10-29T15:51:08.770+0000: [ParNew: 16388K->4K(18432K), 0.0032234 secs] 486444K->470060K(896640K), 0.0032796 secs] [Times: user=0.01 sys=0.00, real=0.01 secs] 
2020-10-29T15:51:08.788+0000: [GC (Allocation Failure) 2020-10-29T15:51:08.788+0000: [ParNew: 16388K->4K(18432K), 0.0032837 secs] 486444K->470060K(896640K), 0.0033427 secs] [Times: user=0.01 sys=0.00, real=0.00 secs] 
2020-10-29T15:51:08.805+0000: [GC (Allocation Failure) 2020-10-29T15:51:08.805+0000: [ParNew: 16388K->4K(18432K), 0.0032444 secs] 486444K->470060K(896640K), 0.0033002 secs] [Times: user=0.01 sys=0.00, real=0.00 secs] 
2020-10-29T15:51:08.824+0000: [GC (Allocation Failure) 2020-10-29T15:51:08.825+0000: [ParNew: 16388K->4K(18432K), 0.0032196 secs] 486444K->470060K(896640K), 0.0032774 secs] [Times: user=0.00 sys=0.00, real=0.00 secs] 
2020-10-29T15:51:08.842+0000: [GC (Allocation Failure) 2020-10-29T15:51:08.842+0000: [ParNew: 16388K->4K(18432K), 0.0031827 secs] 486444K->470060K(896640K), 0.0032393 secs] [Times: user=0.00 sys=0.00, real=0.01 secs] 
2020-10-29T15:51:08.860+0000: [GC (Allocation Failure) 2020-10-29T15:51:08.860+0000: [ParNew: 16388K->4K(18432K), 0.0031510 secs] 486444K->470060K(896640K), 0.0032063 secs] [Times: user=0.01 sys=0.00, real=0.00 secs] 
2020-10-29T15:51:08.880+0000: [GC (Allocation Failure) 2020-10-29T15:51:08.881+0000: [ParNew: 16388K->4K(18432K), 0.0031200 secs] 486444K->470060K(896640K), 0.0031744 secs] [Times: user=0.00 sys=0.00, real=0.00 secs] 
2020-10-29T15:51:08.898+0000: [GC (Allocation Failure) 2020-10-29T15:51:08.898+0000: [ParNew: 16388K->4K(18432K), 0.0031658 secs] 486444K->470060K(896640K), 0.0032213 secs] [Times: user=0.01 sys=0.00, real=0.00 secs] 
2020-10-29T15:51:08.915+0000: [GC (Allocation Failure) 2020-10-29T15:51:08.915+0000: [ParNew: 16388K->4K(18432K), 0.0031240 secs] 486444K->470060K(896640K), 0.0031780 secs] [Times: user=0.00 sys=0.00, real=0.00 secs] 
2020-10-29T15:51:08.933+0000: [GC (Allocation Failure) 2020-10-29T15:51:08.933+0000: [ParNew: 16388K->4K(18432K), 0.0031450 secs] 486444K->470060K(896640K), 0.0031998 secs] [Times: user=0.01 sys=0.00, real=0.00 secs] 
2020-10-29T15:51:08.952+0000: [GC (Allocation Failure) 2020-10-29T15:51:08.953+0000: [ParNew: 16388K->4K(18432K), 0.0031697 secs] 486444K->470060K(896640K), 0.0032273 secs] [Times: user=0.00 sys=0.00, real=0.00 secs] 
2020-10-29T15:51:08.970+0000: [GC (Allocation Failure) 2020-10-29T15:51:08.970+0000: [ParNew: 16388K->4K(18432K), 0.0031745 secs] 486444K->470060K(896640K), 0.0032307 secs] [Times: user=0.01 sys=0.00, real=0.01 secs] 
2020-10-29T15:51:08.988+0000: [GC (Allocation Failure) 2020-10-29T15:51:08.988+0000: [ParNew: 16388K->4K(18432K), 0.0032033 secs] 486444K->470060K(896640K), 0.0032587 secs] [Times: user=0.01 sys=0.00, real=0.00 secs] 
2020-10-29T15:51:09.008+0000: [GC (Allocation Failure) 2020-10-29T15:51:09.009+0000: [ParNew: 16388K->4K(18432K), 0.0032164 secs] 486444K->470060K(896640K), 0.0032729 secs] [Times: user=0.00 sys=0.00, real=0.00 secs] 
2020-10-29T15:51:09.026+0000: [GC (Allocation Failure) 2020-10-29T15:51:09.026+0000: [ParNew: 16388K->4K(18432K), 0.0031959 secs] 486444K->470060K(896640K), 0.0032525 secs] [Times: user=0.00 sys=0.00, real=0.00 secs] 
2020-10-29T15:51:09.044+0000: [GC (Allocation Failure) 2020-10-29T15:51:09.044+0000: [ParNew: 16388K->4K(18432K), 0.0031414 secs] 486444K->470060K(896640K), 0.0031967 secs] [Times: user=0.01 sys=0.00, real=0.01 secs] 
2020-10-29T15:51:09.061+0000: [GC (Allocation Failure) 2020-10-29T15:51:09.061+0000: [ParNew: 16388K->4K(18432K), 0.0031702 secs] 486444K->470060K(896640K), 0.0032247 secs] [Times: user=0.00 sys=0.00, real=0.00 secs] 
2020-10-29T15:51:09.079+0000: [GC (Allocation Failure) 2020-10-29T15:51:09.079+0000: [ParNew: 16388K->4K(18432K), 0.0031648 secs] 486444K->470060K(896640K), 0.0032207 secs] [Times: user=0.01 sys=0.00, real=0.00 secs] 
2020-10-29T15:51:09.096+0000: [GC (Allocation Failure) 2020-10-29T15:51:09.096+0000: [ParNew: 16388K->4K(18432K), 0.0031617 secs] 486444K->470060K(896640K), 0.0032176 secs] [Times: user=0.00 sys=0.00, real=0.00 secs] 
2020-10-29T15:51:09.114+0000: [GC (Allocation Failure) 2020-10-29T15:51:09.114+0000: [ParNew: 16388K->4K(18432K), 0.0031869 secs] 486444K->470060K(896640K), 0.0032600 secs] [Times: user=0.01 sys=0.00, real=0.00 secs] 
2020-10-29T15:51:09.131+0000: [GC (Allocation Failure) 2020-10-29T15:51:09.131+0000: [ParNew: 16388K->4K(18432K), 0.0031025 secs] 486444K->470060K(896640K), 0.0031558 secs] [Times: user=0.00 sys=0.00, real=0.01 secs] 
2020-10-29T15:51:09.152+0000: [GC (Allocation Failure) 2020-10-29T15:51:09.152+0000: [ParNew: 16388K->4K(18432K), 0.0030529 secs] 486444K->470060K(896640K), 0.0031045 secs] [Times: user=0.01 sys=0.00, real=0.00 secs] 
2020-10-29T15:51:09.172+0000: [GC (Allocation Failure) 2020-10-29T15:51:09.173+0000: [ParNew: 16388K->4K(18432K), 0.0031118 secs] 486444K->470060K(896640K), 0.0031653 secs] [Times: user=0.00 sys=0.00, real=0.00 secs] 
2020-10-29T15:51:09.192+0000: [GC (Allocation Failure) 2020-10-29T15:51:09.193+0000: [ParNew: 16388K->4K(18432K), 0.0031574 secs] 486444K->470060K(896640K), 0.0032138 secs] [Times: user=0.01 sys=0.00, real=0.00 secs] 
2020-10-29T15:51:09.212+0000: [GC (Allocation Failure) 2020-10-29T15:51:09.213+0000: [ParNew: 16388K->4K(18432K), 0.0031627 secs] 486444K->470060K(896640K), 0.0032172 secs] [Times: user=0.01 sys=0.00, real=0.00 secs] 
2020-10-29T15:51:09.233+0000: [GC (Allocation Failure) 2020-10-29T15:51:09.233+0000: [ParNew: 16388K->4K(18432K), 0.0031349 secs] 486444K->470060K(896640K), 0.0031901 secs] [Times: user=0.00 sys=0.00, real=0.00 secs] 
2020-10-29T15:51:09.252+0000: [GC (Allocation Failure) 2020-10-29T15:51:09.253+0000: [ParNew: 16388K->4K(18432K), 0.0031927 secs] 486444K->470060K(896640K), 0.0032517 secs] [Times: user=0.01 sys=0.00, real=0.00 secs] 
2020-10-29T15:51:09.270+0000: [GC (Allocation Failure) 2020-10-29T15:51:09.270+0000: [ParNew: 16388K->4K(18432K), 0.0031751 secs] 486444K->470060K(896640K), 0.0032319 secs] [Times: user=0.00 sys=0.00, real=0.01 secs] 
2020-10-29T15:51:09.288+0000: [GC (Allocation Failure) 2020-10-29T15:51:09.288+0000: [ParNew: 16388K->4K(18432K), 0.0032084 secs] 486444K->470060K(896640K), 0.0032657 secs] [Times: user=0.01 sys=0.00, real=0.00 secs] 
2020-10-29T15:51:09.305+0000: [GC (Allocation Failure) 2020-10-29T15:51:09.305+0000: [ParNew: 16388K->4K(18432K), 0.0031583 secs] 486444K->470060K(896640K), 0.0032138 secs] [Times: user=0.01 sys=0.00, real=0.00 secs] 
2020-10-29T15:51:09.324+0000: [GC (Allocation Failure) 2020-10-29T15:51:09.325+0000: [ParNew: 16388K->4K(18432K), 0.0031210 secs] 486444K->470060K(896640K), 0.0031741 secs] [Times: user=0.01 sys=0.00, real=0.00 secs] 
2020-10-29T15:51:09.343+0000: [GC (Allocation Failure) 2020-10-29T15:51:09.343+0000: [ParNew: 16388K->4K(18432K), 0.0031921 secs] 486444K->470060K(896640K), 0.0032503 secs] [Times: user=0.00 sys=0.00, real=0.01 secs] 
2020-10-29T15:51:09.360+0000: [GC (Allocation Failure) 2020-10-29T15:51:09.360+0000: [ParNew: 16388K->4K(18432K), 0.0031324 secs] 486444K->470060K(896640K), 0.0031871 secs] [Times: user=0.01 sys=0.00, real=0.00 secs] 
2020-10-29T15:51:09.378+0000: [GC (Allocation Failure) 2020-10-29T15:51:09.378+0000: [ParNew: 16388K->4K(18432K), 0.0031345 secs] 486444K->470060K(896640K), 0.0031881 secs] [Times: user=0.00 sys=0.00, real=0.00 secs] 
2020-10-29T15:51:09.396+0000: [GC (Allocation Failure) 2020-10-29T15:51:09.397+0000: [ParNew: 16388K->4K(18432K), 0.0031438 secs] 486444K->470060K(896640K), 0.0032003 secs] [Times: user=0.00 sys=0.00, real=0.00 secs] 
2020-10-29T15:51:09.415+0000: [GC (Allocation Failure) 2020-10-29T15:51:09.415+0000: [ParNew: 16388K->4K(18432K), 0.0032217 secs] 486444K->470060K(896640K), 0.0032781 secs] [Times: user=0.01 sys=0.00, real=0.00 secs] 
2020-10-29T15:51:09.432+0000: [GC (Allocation Failure) 2020-10-29T15:51:09.432+0000: [ParNew: 16388K->4K(18432K), 0.0031871 secs] 486444K->470060K(896640K), 0.0032443 secs] [Times: user=0.00 sys=0.00, real=0.01 secs] 
2020-10-29T15:51:09.452+0000: [GC (Allocation Failure) 2020-10-29T15:51:09.453+0000: [ParNew: 16388K->4K(18432K), 0.0031799 secs] 486444K->470060K(896640K), 0.0032365 secs] [Times: user=0.00 sys=0.00, real=0.00 secs] 
2020-10-29T15:51:09.470+0000: [GC (Allocation Failure) 2020-10-29T15:51:09.470+0000: [ParNew: 16388K->4K(18432K), 0.0032491 secs] 486444K->470060K(896640K), 0.0033220 secs] [Times: user=0.01 sys=0.00, real=0.01 secs] 
2020-10-29T15:51:09.488+0000: [GC (Allocation Failure) 2020-10-29T15:51:09.488+0000: [ParNew: 16388K->4K(18432K), 0.0032467 secs] 486444K->470060K(896640K), 0.0033164 secs] [Times: user=0.01 sys=0.00, real=0.00 secs] 
2020-10-29T15:51:09.506+0000: [GC (Allocation Failure) 2020-10-29T15:51:09.506+0000: [ParNew: 16388K->4K(18432K), 0.0032039 secs] 486444K->470060K(896640K), 0.0032621 secs] [Times: user=0.00 sys=0.00, real=0.00 secs] 
2020-10-29T15:51:09.524+0000: [GC (Allocation Failure) 2020-10-29T15:51:09.525+0000: [ParNew: 16388K->4K(18432K), 0.0031758 secs] 486444K->470060K(896640K), 0.0032328 secs] [Times: user=0.01 sys=0.00, real=0.00 secs] 
2020-10-29T15:51:09.544+0000: [GC (Allocation Failure) 2020-10-29T15:51:09.545+0000: [ParNew: 16388K->4K(18432K), 0.0031357 secs] 486444K->470061K(896640K), 0.0031898 secs] [Times: user=0.00 sys=0.00, real=0.00 secs] 
2020-10-29T15:51:09.564+0000: [GC (Allocation Failure) 2020-10-29T15:51:09.565+0000: [ParNew: 16388K->4K(18432K), 0.0031316 secs] 486445K->470061K(896640K), 0.0031824 secs] [Times: user=0.01 sys=0.00, real=0.00 secs] 
2020-10-29T15:51:09.582+0000: [GC (Allocation Failure) 2020-10-29T15:51:09.582+0000: [ParNew: 16388K->4K(18432K), 0.0031010 secs] 486445K->470061K(896640K), 0.0031512 secs] [Times: user=0.01 sys=0.00, real=0.01 secs] 
2020-10-29T15:51:09.600+0000: [GC (Allocation Failure) 2020-10-29T15:51:09.600+0000: [ParNew: 16388K->4K(18432K), 0.0031966 secs] 486445K->470061K(896640K), 0.0032507 secs] [Times: user=0.01 sys=0.00, real=0.00 secs] 
2020-10-29T15:51:09.621+0000: [GC (Allocation Failure) 2020-10-29T15:51:09.621+0000: [ParNew: 16388K->4K(18432K), 0.0031806 secs] 486445K->470061K(896640K), 0.0032374 secs] [Times: user=0.01 sys=0.00, real=0.00 secs] 
2020-10-29T15:51:09.639+0000: [GC (Allocation Failure) 2020-10-29T15:51:09.639+0000: [ParNew: 16388K->4K(18432K), 0.0032517 secs] 486445K->470061K(896640K), 0.0033092 secs] [Times: user=0.01 sys=0.00, real=0.00 secs] 
2020-10-29T15:51:09.660+0000: [GC (Allocation Failure) 2020-10-29T15:51:09.661+0000: [ParNew: 16388K->4K(18432K), 0.0031669 secs] 486445K->470061K(896640K), 0.0032244 secs] [Times: user=0.01 sys=0.00, real=0.00 secs] 
2020-10-29T15:51:09.678+0000: [GC (Allocation Failure) 2020-10-29T15:51:09.678+0000: [ParNew: 16388K->4K(18432K), 0.0031340 secs] 486445K->470061K(896640K), 0.0031893 secs] [Times: user=0.01 sys=0.00, real=0.00 secs] 
2020-10-29T15:51:09.696+0000: [GC (Allocation Failure) 2020-10-29T15:51:09.696+0000: [ParNew: 16388K->4K(18432K), 0.0031241 secs] 486445K->470061K(896640K), 0.0031768 secs] [Times: user=0.00 sys=0.00, real=0.00 secs] 
2020-10-29T15:51:09.716+0000: [GC (Allocation Failure) 2020-10-29T15:51:09.717+0000: [ParNew: 16388K->4K(18432K), 0.0031193 secs] 486445K->470061K(896640K), 0.0031717 secs] [Times: user=0.01 sys=0.00, real=0.00 secs] 
2020-10-29T15:51:09.737+0000: [GC (Allocation Failure) 2020-10-29T15:51:09.737+0000: [ParNew: 16388K->4K(18432K), 0.0031854 secs] 486445K->470061K(896640K), 0.0032484 secs] [Times: user=0.00 sys=0.00, real=0.00 secs] 
2020-10-29T15:51:09.761+0000: [GC (Allocation Failure) 2020-10-29T15:51:09.761+0000: [ParNew: 16388K->4K(18432K), 0.0032089 secs] 486445K->470061K(896640K), 0.0032690 secs] [Times: user=0.00 sys=0.00, real=0.00 secs] 
2020-10-29T15:51:09.778+0000: [GC (Allocation Failure) 2020-10-29T15:51:09.778+0000: [ParNew: 16388K->4K(18432K), 0.0032013 secs] 486445K->470061K(896640K), 0.0032574 secs] [Times: user=0.01 sys=0.00, real=0.00 secs] 
2020-10-29T15:51:09.796+0000: [GC (Allocation Failure) 2020-10-29T15:51:09.796+0000: [ParNew: 16388K->4K(18432K), 0.0032111 secs] 486445K->470061K(896640K), 0.0032693 secs] [Times: user=0.01 sys=0.00, real=0.00 secs] 
2020-10-29T15:51:09.814+0000: [GC (Allocation Failure) 2020-10-29T15:51:09.814+0000: [ParNew: 16388K->4K(18432K), 0.0032118 secs] 486445K->470061K(896640K), 0.0032696 secs] [Times: user=0.01 sys=0.00, real=0.00 secs] 
2020-10-29T15:51:09.832+0000: [GC (Allocation Failure) 2020-10-29T15:51:09.833+0000: [ParNew: 16388K->4K(18432K), 0.0031882 secs] 486445K->470061K(896640K), 0.0032463 secs] [Times: user=0.00 sys=0.00, real=0.00 secs] 
2020-10-29T15:51:09.850+0000: [GC (Allocation Failure) 2020-10-29T15:51:09.850+0000: [ParNew: 16388K->4K(18432K), 0.0032009 secs] 486445K->470061K(896640K), 0.0032568 secs] [Times: user=0.01 sys=0.00, real=0.01 secs] 
2020-10-29T15:51:09.868+0000: [GC (Allocation Failure) 2020-10-29T15:51:09.868+0000: [ParNew: 16388K->4K(18432K), 0.0032531 secs] 486445K->470061K(896640K), 0.0033085 secs] [Times: user=0.01 sys=0.00, real=0.00 secs] 
2020-10-29T15:51:09.886+0000: [GC (Allocation Failure) 2020-10-29T15:51:09.886+0000: [ParNew: 16388K->4K(18432K), 0.0031239 secs] 486445K->470061K(896640K), 0.0031840 secs] [Times: user=0.00 sys=0.00, real=0.00 secs] 
2020-10-29T15:51:09.904+0000: [GC (Allocation Failure) 2020-10-29T15:51:09.905+0000: [ParNew: 16388K->4K(18432K), 0.0031516 secs] 486445K->470061K(896640K), 0.0032073 secs] [Times: user=0.01 sys=0.00, real=0.00 secs] 
2020-10-29T15:51:09.925+0000: [GC (Allocation Failure) 2020-10-29T15:51:09.925+0000: [ParNew: 16388K->4K(18432K), 0.0033341 secs] 486445K->470061K(896640K), 0.0033976 secs] [Times: user=0.01 sys=0.00, real=0.00 secs] 
2020-10-29T15:51:09.942+0000: [GC (Allocation Failure) 2020-10-29T15:51:09.942+0000: [ParNew: 16388K->4K(18432K), 0.0032799 secs] 486445K->470061K(896640K), 0.0033389 secs] [Times: user=0.01 sys=0.00, real=0.01 secs] 
2020-10-29T15:51:09.961+0000: [GC (Allocation Failure) 2020-10-29T15:51:09.961+0000: [ParNew: 16388K->4K(18432K), 0.0032100 secs] 486445K->470061K(896640K), 0.0032681 secs] [Times: user=0.01 sys=0.00, real=0.00 secs] 
2020-10-29T15:51:09.978+0000: [GC (Allocation Failure) 2020-10-29T15:51:09.978+0000: [ParNew: 16388K->4K(18432K), 0.0032392 secs] 486445K->470061K(896640K), 0.0032982 secs] [Times: user=0.01 sys=0.00, real=0.00 secs] 
2020-10-29T15:51:09.996+0000: [GC (Allocation Failure) 2020-10-29T15:51:09.996+0000: [ParNew: 16388K->4K(18432K), 0.0032085 secs] 486445K->470061K(896640K), 0.0032762 secs] [Times: user=0.00 sys=0.00, real=0.00 secs] 
2020-10-29T15:51:10.014+0000: [GC (Allocation Failure) 2020-10-29T15:51:10.014+0000: [ParNew: 16388K->4K(18432K), 0.0031234 secs] 486445K->470061K(896640K), 0.0031839 secs] [Times: user=0.00 sys=0.00, real=0.00 secs] 
2020-10-29T15:51:10.032+0000: [GC (Allocation Failure) 2020-10-29T15:51:10.032+0000: [ParNew: 16388K->4K(18432K), 0.0031475 secs] 486445K->470061K(896640K), 0.0031999 secs] [Times: user=0.01 sys=0.00, real=0.01 secs] 
2020-10-29T15:51:10.052+0000: [GC (Allocation Failure) 2020-10-29T15:51:10.053+0000: [ParNew: 16388K->4K(18432K), 0.0031221 secs] 486445K->470061K(896640K), 0.0031767 secs] [Times: user=0.01 sys=0.00, real=0.00 secs] 
2020-10-29T15:51:10.070+0000: [GC (Allocation Failure) 2020-10-29T15:51:10.070+0000: [ParNew: 16388K->4K(18432K), 0.0031734 secs] 486445K->470061K(896640K), 0.0032286 secs] [Times: user=0.00 sys=0.00, real=0.01 secs] 
2020-10-29T15:51:10.088+0000: [GC (Allocation Failure) 2020-10-29T15:51:10.089+0000: [ParNew: 16388K->4K(18432K), 0.0031089 secs] 486445K->470061K(896640K), 0.0031638 secs] [Times: user=0.00 sys=0.00, real=0.00 secs] 
2020-10-29T15:51:10.106+0000: [GC (Allocation Failure) 2020-10-29T15:51:10.106+0000: [ParNew: 16388K->4K(18432K), 0.0031728 secs] 486445K->470061K(896640K), 0.0032290 secs] [Times: user=0.01 sys=0.00, real=0.00 secs] 
2020-10-29T15:51:10.124+0000: [GC (Allocation Failure) 2020-10-29T15:51:10.124+0000: [ParNew: 16388K->4K(18432K), 0.0031562 secs] 486445K->470061K(896640K), 0.0032115 secs] [Times: user=0.01 sys=0.00, real=0.01 secs] 
2020-10-29T15:51:10.141+0000: [GC (Allocation Failure) 2020-10-29T15:51:10.141+0000: [ParNew: 16388K->4K(18432K), 0.0031760 secs] 486445K->470061K(896640K), 0.0032320 secs] [Times: user=0.00 sys=0.00, real=0.01 secs] 
2020-10-29T15:51:10.159+0000: [GC (Allocation Failure) 2020-10-29T15:51:10.159+0000: [ParNew: 16388K->4K(18432K), 0.0032020 secs] 486445K->470061K(896640K), 0.0032575 secs] [Times: user=0.01 sys=0.00, real=0.00 secs] 
2020-10-29T15:51:10.176+0000: [GC (Allocation Failure) 2020-10-29T15:51:10.176+0000: [ParNew: 16388K->4K(18432K), 0.0031145 secs] 486445K->470061K(896640K), 0.0031678 secs] [Times: user=0.00 sys=0.00, real=0.00 secs] 
2020-10-29T15:51:10.194+0000: [GC (Allocation Failure) 2020-10-29T15:51:10.194+0000: [ParNew: 16388K->4K(18432K), 0.0031894 secs] 486445K->470061K(896640K), 0.0032541 secs] [Times: user=0.01 sys=0.00, real=0.00 secs] 
2020-10-29T15:51:10.211+0000: [GC (Allocation Failure) 2020-10-29T15:51:10.211+0000: [ParNew: 16388K->4K(18432K), 0.0031726 secs] 486445K->470061K(896640K), 0.0032422 secs] [Times: user=0.00 sys=0.00, real=0.01 secs] 
2020-10-29T15:51:10.229+0000: [GC (Allocation Failure) 2020-10-29T15:51:10.229+0000: [ParNew: 16388K->4K(18432K), 0.0031522 secs] 486445K->470061K(896640K), 0.0032077 secs] [Times: user=0.01 sys=0.00, real=0.00 secs] 
2020-10-29T15:51:10.248+0000: [GC (Allocation Failure) 2020-10-29T15:51:10.249+0000: [ParNew: 16388K->4K(18432K), 0.0031724 secs] 486445K->470061K(896640K), 0.0032267 secs] [Times: user=0.00 sys=0.00, real=0.00 secs] 
2020-10-29T15:51:10.266+0000: [GC (Allocation Failure) 2020-10-29T15:51:10.266+0000: [ParNew: 16388K->4K(18432K), 0.0031695 secs] 486445K->470061K(896640K), 0.0032247 secs] [Times: user=0.01 sys=0.00, real=0.00 secs] 
2020-10-29T15:51:10.284+0000: [GC (Allocation Failure) 2020-10-29T15:51:10.284+0000: [ParNew: 16388K->4K(18432K), 0.0032135 secs] 486445K->470061K(896640K), 0.0032725 secs] [Times: user=0.00 sys=0.00, real=0.01 secs] 
2020-10-29T15:51:10.304+0000: [GC (Allocation Failure) 2020-10-29T15:51:10.305+0000: [ParNew: 16388K->4K(18432K), 0.0031546 secs] 486445K->470061K(896640K), 0.0032119 secs] [Times: user=0.01 sys=0.00, real=0.00 secs] 
2020-10-29T15:51:10.322+0000: [GC (Allocation Failure) 2020-10-29T15:51:10.322+0000: [ParNew: 16388K->4K(18432K), 0.0031732 secs] 486445K->470061K(896640K), 0.0032307 secs] [Times: user=0.01 sys=0.00, real=0.01 secs] 
2020-10-29T15:51:10.340+0000: [GC (Allocation Failure) 2020-10-29T15:51:10.340+0000: [ParNew: 16388K->4K(18432K), 0.0031356 secs] 486445K->470061K(896640K), 0.0031899 secs] [Times: user=0.00 sys=0.00, real=0.00 secs] 
2020-10-29T15:51:10.357+0000: [GC (Allocation Failure) 2020-10-29T15:51:10.357+0000: [ParNew: 16388K->4K(18432K), 0.0031682 secs] 486445K->470061K(896640K), 0.0032411 secs] [Times: user=0.01 sys=0.00, real=0.00 secs] 
2020-10-29T15:51:10.375+0000: [GC (Allocation Failure) 2020-10-29T15:51:10.375+0000: [ParNew: 16388K->4K(18432K), 0.0031744 secs] 486445K->470061K(896640K), 0.0032304 secs] [Times: user=0.00 sys=0.00, real=0.00 secs] 
2020-10-29T15:51:10.392+0000: [GC (Allocation Failure) 2020-10-29T15:51:10.392+0000: [ParNew: 16388K->4K(18432K), 0.0031811 secs] 486445K->470061K(896640K), 0.0032381 secs] [Times: user=0.01 sys=0.00, real=0.01 secs] 
2020-10-29T15:51:10.412+0000: [GC (Allocation Failure) 2020-10-29T15:51:10.413+0000: [ParNew: 16388K->4K(18432K), 0.0031304 secs] 486445K->470061K(896640K), 0.0031833 secs] [Times: user=0.01 sys=0.00, real=0.00 secs] 
2020-10-29T15:51:10.432+0000: [GC (Allocation Failure) 2020-10-29T15:51:10.433+0000: [ParNew: 16388K->4K(18432K), 0.0031445 secs] 486445K->470061K(896640K), 0.0032000 secs] [Times: user=0.01 sys=0.00, real=0.00 secs] 
2020-10-29T15:51:10.450+0000: [GC (Allocation Failure) 2020-10-29T15:51:10.450+0000: [ParNew: 16388K->4K(18432K), 0.0032453 secs] 486445K->470061K(896640K), 0.0033028 secs] [Times: user=0.00 sys=0.00, real=0.01 secs] 
2020-10-29T15:51:10.468+0000: [GC (Allocation Failure) 2020-10-29T15:51:10.469+0000: [ParNew: 16388K->4K(18432K), 0.0031541 secs] 486445K->470061K(896640K), 0.0032099 secs] [Times: user=0.01 sys=0.00, real=0.00 secs] 
2020-10-29T15:51:10.486+0000: [GC (Allocation Failure) 2020-10-29T15:51:10.486+0000: [ParNew: 16388K->4K(18432K), 0.0031709 secs] 486445K->470061K(896640K), 0.0032268 secs] [Times: user=0.01 sys=0.00, real=0.00 secs] 
2020-10-29T15:51:10.504+0000: [GC (Allocation Failure) 2020-10-29T15:51:10.504+0000: [ParNew: 16388K->4K(18432K), 0.0031517 secs] 486445K->470061K(896640K), 0.0032066 secs] [Times: user=0.00 sys=0.00, real=0.01 secs] 
2020-10-29T15:51:10.521+0000: [GC (Allocation Failure) 2020-10-29T15:51:10.521+0000: [ParNew: 16388K->4K(18432K), 0.0031521 secs] 486445K->470061K(896640K), 0.0032076 secs] [Times: user=0.01 sys=0.00, real=0.01 secs] 
2020-10-29T15:51:10.540+0000: [GC (Allocation Failure) 2020-10-29T15:51:10.541+0000: [ParNew: 16388K->4K(18432K), 0.0031202 secs] 486445K->470061K(896640K), 0.0031730 secs] [Times: user=0.00 sys=0.00, real=0.00 secs] 
2020-10-29T15:51:10.558+0000: [GC (Allocation Failure) 2020-10-29T15:51:10.558+0000: [ParNew: 16388K->4K(18432K), 0.0031933 secs] 486445K->470061K(896640K), 0.0032478 secs] [Times: user=0.01 sys=0.00, real=0.00 secs] 
2020-10-29T15:51:10.576+0000: [GC (Allocation Failure) 2020-10-29T15:51:10.576+0000: [ParNew: 16388K->4K(18432K), 0.0032074 secs] 486445K->470061K(896640K), 0.0032613 secs] [Times: user=0.01 sys=0.00, real=0.00 secs] 
2020-10-29T15:51:10.596+0000: [GC (Allocation Failure) 2020-10-29T15:51:10.597+0000: [ParNew: 16388K->4K(18432K), 0.0031377 secs] 486445K->470061K(896640K), 0.0031945 secs] [Times: user=0.01 sys=0.00, real=0.00 secs] 
2020-10-29T15:51:10.614+0000: [GC (Allocation Failure) 2020-10-29T15:51:10.614+0000: [ParNew: 16388K->4K(18432K), 0.0031844 secs] 486445K->470061K(896640K), 0.0032400 secs] [Times: user=0.01 sys=0.00, real=0.00 secs] 
2020-10-29T15:51:10.632+0000: [GC (Allocation Failure) 2020-10-29T15:51:10.632+0000: [ParNew: 16388K->4K(18432K), 0.0031804 secs] 486445K->470061K(896640K), 0.0032361 secs] [Times: user=0.01 sys=0.00, real=0.01 secs] 
2020-10-29T15:51:10.649+0000: [GC (Allocation Failure) 2020-10-29T15:51:10.649+0000: [ParNew: 16388K->4K(18432K), 0.0032019 secs] 486445K->470061K(896640K), 0.0032622 secs] [Times: user=0.00 sys=0.00, real=0.01 secs] 
2020-10-29T15:51:10.667+0000: [GC (Allocation Failure) 2020-10-29T15:51:10.667+0000: [ParNew: 16388K->4K(18432K), 0.0031389 secs] 486445K->470061K(896640K), 0.0031942 secs] [Times: user=0.01 sys=0.00, real=0.00 secs] 
2020-10-29T15:51:10.684+0000: [GC (Allocation Failure) 2020-10-29T15:51:10.684+0000: [ParNew: 16388K->4K(18432K), 0.0031565 secs] 486445K->470061K(896640K), 0.0032138 secs] [Times: user=0.01 sys=0.00, real=0.00 secs] 
2020-10-29T15:51:10.702+0000: [GC (Allocation Failure) 2020-10-29T15:51:10.702+0000: [ParNew: 16388K->4K(18432K), 0.0032025 secs] 486445K->470061K(896640K), 0.0032621 secs] [Times: user=0.00 sys=0.00, real=0.01 secs] 
2020-10-29T15:51:10.724+0000: [GC (Allocation Failure) 2020-10-29T15:51:10.724+0000: [ParNew: 16388K->4K(18432K), 0.0031838 secs] 486445K->470061K(896640K), 0.0032385 secs] [Times: user=0.01 sys=0.00, real=0.00 secs] 
2020-10-29T15:51:10.744+0000: [GC (Allocation Failure) 2020-10-29T15:51:10.745+0000: [ParNew: 16388K->4K(18432K), 0.0031578 secs] 486445K->470061K(896640K), 0.0032139 secs] [Times: user=0.00 sys=0.00, real=0.00 secs] 
2020-10-29T15:51:10.764+0000: [GC (Allocation Failure) 2020-10-29T15:51:10.765+0000: [ParNew: 16388K->4K(18432K), 0.0031980 secs] 486445K->470061K(896640K), 0.0032534 secs] [Times: user=0.01 sys=0.00, real=0.00 secs] 
2020-10-29T15:51:10.782+0000: [GC (Allocation Failure) 2020-10-29T15:51:10.782+0000: [ParNew: 16388K->4K(18432K), 0.0031680 secs] 486445K->470061K(896640K), 0.0032229 secs] [Times: user=0.00 sys=0.00, real=0.01 secs] 
2020-10-29T15:51:10.805+0000: [GC (Allocation Failure) 2020-10-29T15:51:10.805+0000: [ParNew: 16388K->4K(18432K), 0.0031915 secs] 486445K->470061K(896640K), 0.0032523 secs] [Times: user=0.01 sys=0.00, real=0.00 secs] 
2020-10-29T15:51:10.824+0000: [GC (Allocation Failure) 2020-10-29T15:51:10.825+0000: [ParNew: 16388K->4K(18432K), 0.0031483 secs] 486445K->470061K(896640K), 0.0032036 secs] [Times: user=0.00 sys=0.00, real=0.00 secs] 
2020-10-29T15:51:10.844+0000: [GC (Allocation Failure) 2020-10-29T15:51:10.845+0000: [ParNew: 16388K->4K(18432K), 0.0031420 secs] 486445K->470061K(896640K), 0.0031967 secs] [Times: user=0.01 sys=0.00, real=0.00 secs] 
2020-10-29T15:51:10.862+0000: [GC (Allocation Failure) 2020-10-29T15:51:10.862+0000: [ParNew: 16388K->4K(18432K), 0.0033314 secs] 486445K->470061K(896640K), 0.0033908 secs] [Times: user=0.00 sys=0.00, real=0.01 secs] 
2020-10-29T15:51:10.880+0000: [GC (Allocation Failure) 2020-10-29T15:51:10.880+0000: [ParNew: 16388K->4K(18432K), 0.0031659 secs] 486445K->470061K(896640K), 0.0032327 secs] [Times: user=0.01 sys=0.00, real=0.00 secs] 
2020-10-29T15:51:10.901+0000: [GC (Allocation Failure) 2020-10-29T15:51:10.901+0000: [ParNew: 16388K->4K(18432K), 0.0032151 secs] 486445K->470061K(896640K), 0.0032736 secs] [Times: user=0.01 sys=0.00, real=0.00 secs] 
2020-10-29T15:51:10.918+0000: [GC (Allocation Failure) 2020-10-29T15:51:10.918+0000: [ParNew: 16388K->4K(18432K), 0.0031889 secs] 486445K->470061K(896640K), 0.0032453 secs] [Times: user=0.00 sys=0.00, real=0.00 secs] 
2020-10-29T15:51:10.936+0000: [GC (Allocation Failure) 2020-10-29T15:51:10.937+0000: [ParNew: 16388K->4K(18432K), 0.0031509 secs] 486445K->470061K(896640K), 0.0032071 secs] [Times: user=0.00 sys=0.00, real=0.00 secs] 
2020-10-29T15:51:10.956+0000: [GC (Allocation Failure) 2020-10-29T15:51:10.957+0000: [ParNew: 16388K->4K(18432K), 0.0031931 secs] 486445K->470061K(896640K), 0.0032547 secs] [Times: user=0.01 sys=0.00, real=0.00 secs] 
2020-10-29T15:51:10.977+0000: [GC (Allocation Failure) 2020-10-29T15:51:10.977+0000: [ParNew: 16388K->4K(18432K), 0.0032869 secs] 486445K->470061K(896640K), 0.0033444 secs] [Times: user=0.00 sys=0.00, real=0.00 secs] 
2020-10-29T15:51:10.996+0000: [GC (Allocation Failure) 2020-10-29T15:51:10.997+0000: [ParNew: 16388K->4K(18432K), 0.0031999 secs] 486445K->470061K(896640K), 0.0032582 secs] [Times: user=0.01 sys=0.00, real=0.00 secs] 
2020-10-29T15:51:11.014+0000: [GC (Allocation Failure) 2020-10-29T15:51:11.014+0000: [ParNew: 16388K->4K(18432K), 0.0031882 secs] 486445K->470061K(896640K), 0.0032457 secs] [Times: user=0.00 sys=0.00, real=0.00 secs] 
2020-10-29T15:51:11.032+0000: [GC (Allocation Failure) 2020-10-29T15:51:11.032+0000: [ParNew: 16388K->4K(18432K), 0.0032059 secs] 486445K->470061K(896640K), 0.0032704 secs] [Times: user=0.01 sys=0.00, real=0.01 secs] 
2020-10-29T15:51:11.052+0000: [GC (Allocation Failure) 2020-10-29T15:51:11.053+0000: [ParNew: 16388K->4K(18432K), 0.0031687 secs] 486445K->470061K(896640K), 0.0032251 secs] [Times: user=0.01 sys=0.00, real=0.00 secs] 
2020-10-29T15:51:11.072+0000: [GC (Allocation Failure) 2020-10-29T15:51:11.073+0000: [ParNew: 16388K->4K(18432K), 0.0032173 secs] 486445K->470061K(896640K), 0.0032720 secs] [Times: user=0.00 sys=0.00, real=0.00 secs] 
2020-10-29T15:51:11.090+0000: [GC (Allocation Failure) 2020-10-29T15:51:11.090+0000: [ParNew: 16388K->4K(18432K), 0.0031403 secs] 486445K->470061K(896640K), 0.0031958 secs] [Times: user=0.01 sys=0.00, real=0.01 secs] 
2020-10-29T15:51:11.108+0000: [GC (Allocation Failure) 2020-10-29T15:51:11.108+0000: [ParNew: 16388K->4K(18432K), 0.0032165 secs] 486445K->470061K(896640K), 0.0032729 secs] [Times: user=0.00 sys=0.00, real=0.00 secs] 
2020-10-29T15:51:11.125+0000: [GC (Allocation Failure) 2020-10-29T15:51:11.125+0000: [ParNew: 16388K->4K(18432K), 0.0031294 secs] 486445K->470061K(896640K), 0.0031830 secs] [Times: user=0.01 sys=0.00, real=0.00 secs] 
2020-10-29T15:51:11.144+0000: [GC (Allocation Failure) 2020-10-29T15:51:11.145+0000: [ParNew: 16388K->4K(18432K), 0.0032122 secs] 486445K->470061K(896640K), 0.0032698 secs] [Times: user=0.01 sys=0.01, real=0.00 secs] 
2020-10-29T15:51:11.162+0000: [GC (Allocation Failure) 2020-10-29T15:51:11.162+0000: [ParNew: 16388K->4K(18432K), 0.0032068 secs] 486445K->470061K(896640K), 0.0032630 secs] [Times: user=0.00 sys=0.00, real=0.01 secs] 
2020-10-29T15:51:11.180+0000: [GC (Allocation Failure) 2020-10-29T15:51:11.180+0000: [ParNew: 16388K->4K(18432K), 0.0031465 secs] 486445K->470061K(896640K), 0.0031998 secs] [Times: user=0.01 sys=0.00, real=0.00 secs] 
2020-10-29T15:51:11.197+0000: [GC (Allocation Failure) 2020-10-29T15:51:11.197+0000: [ParNew: 16388K->4K(18432K), 0.0032100 secs] 486445K->470061K(896640K), 0.0032652 secs] [Times: user=0.01 sys=0.00, real=0.00 secs] 
2020-10-29T15:51:11.216+0000: [GC (Allocation Failure) 2020-10-29T15:51:11.217+0000: [ParNew: 16388K->4K(18432K), 0.0036206 secs] 486445K->470061K(896640K), 0.0036744 secs] [Times: user=0.00 sys=0.00, real=0.00 secs] 
2020-10-29T15:51:11.239+0000: [GC (Allocation Failure) 2020-10-29T15:51:11.239+0000: [ParNew: 16388K->4K(18432K), 0.0031591 secs] 486445K->470061K(896640K), 0.0032158 secs] [Times: user=0.01 sys=0.00, real=0.00 secs] 
2020-10-29T15:51:11.257+0000: [GC (Allocation Failure) 2020-10-29T15:51:11.257+0000: [ParNew: 16388K->2K(18432K), 0.0059301 secs] 486445K->470059K(896640K), 0.0059882 secs] [Times: user=0.00 sys=0.00, real=0.00 secs] 
2020-10-29T15:51:11.283+0000: [GC (Allocation Failure) 2020-10-29T15:51:11.283+0000: [ParNew: 16386K->4K(18432K), 0.0032360 secs] 486443K->470061K(896640K), 0.0032930 secs] [Times: user=0.01 sys=0.00, real=0.01 secs] 
2020-10-29T15:51:11.301+0000: [GC (Allocation Failure) 2020-10-29T15:51:11.301+0000: [ParNew: 16388K->4K(18432K), 0.0031504 secs] 486445K->470061K(896640K), 0.0032071 secs] [Times: user=0.00 sys=0.00, real=0.00 secs] 
2020-10-29T15:51:11.318+0000: [GC (Allocation Failure) 2020-10-29T15:51:11.318+0000: [ParNew: 16388K->4K(18432K), 0.0031666 secs] 486445K->470061K(896640K), 0.0032241 secs] [Times: user=0.00 sys=0.00, real=0.00 secs] 
2020-10-29T15:51:11.336+0000: [GC (Allocation Failure) 2020-10-29T15:51:11.337+0000: [ParNew: 16388K->4K(18432K), 0.0031525 secs] 486445K->470061K(896640K), 0.0032067 secs] [Times: user=0.01 sys=0.00, real=0.00 secs] 
2020-10-29T15:51:11.354+0000: [GC (Allocation Failure) 2020-10-29T15:51:11.354+0000: [ParNew: 16388K->4K(18432K), 0.0032219 secs] 486445K->470061K(896640K), 0.0032802 secs] [Times: user=0.00 sys=0.00, real=0.00 secs] 
2020-10-29T15:51:11.373+0000: [GC (Allocation Failure) 2020-10-29T15:51:11.373+0000: [ParNew: 16388K->4K(18432K), 0.0031828 secs] 486445K->470061K(896640K), 0.0032415 secs] [Times: user=0.01 sys=0.00, real=0.00 secs] 
2020-10-29T15:51:11.390+0000: [GC (Allocation Failure) 2020-10-29T15:51:11.390+0000: [ParNew: 16388K->4K(18432K), 0.0031273 secs] 486445K->470061K(896640K), 0.0031832 secs] [Times: user=0.01 sys=0.00, real=0.01 secs] 
2020-10-29T15:51:11.408+0000: [GC (Allocation Failure) 2020-10-29T15:51:11.408+0000: [ParNew: 16388K->4K(18432K), 0.0037191 secs] 486445K->470061K(896640K), 0.0037949 secs] [Times: user=0.00 sys=0.00, real=0.00 secs] 
2020-10-29T15:51:11.426+0000: [GC (Allocation Failure) 2020-10-29T15:51:11.426+0000: [ParNew: 16388K->4K(18432K), 0.0031838 secs] 486445K->470061K(896640K), 0.0032433 secs] [Times: user=0.01 sys=0.00, real=0.00 secs] 
2020-10-29T15:51:11.443+0000: [GC (Allocation Failure) 2020-10-29T15:51:11.444+0000: [ParNew: 16388K->4K(18432K), 0.0031921 secs] 486445K->470061K(896640K), 0.0032481 secs] [Times: user=0.00 sys=0.00, real=0.01 secs] 
2020-10-29T15:51:11.461+0000: [GC (Allocation Failure) 2020-10-29T15:51:11.461+0000: [ParNew: 16388K->4K(18432K), 0.0032121 secs] 486445K->470061K(896640K), 0.0032738 secs] [Times: user=0.01 sys=0.00, real=0.01 secs] 
2020-10-29T15:51:11.479+0000: [GC (Allocation Failure) 2020-10-29T15:51:11.479+0000: [ParNew: 16388K->4K(18432K), 0.0032151 secs] 486445K->470061K(896640K), 0.0032797 secs] [Times: user=0.00 sys=0.00, real=0.00 secs] 
2020-10-29T15:51:11.500+0000: [GC (Allocation Failure) 2020-10-29T15:51:11.500+0000: [ParNew: 16388K->4K(18432K), 0.0032424 secs] 486445K->470061K(896640K), 0.0033008 secs] [Times: user=0.00 sys=0.00, real=0.00 secs] 
2020-10-29T15:51:11.521+0000: [GC (Allocation Failure) 2020-10-29T15:51:11.521+0000: [ParNew: 16388K->4K(18432K), 0.0032146 secs] 486445K->470061K(896640K), 0.0032716 secs] [Times: user=0.01 sys=0.00, real=0.00 secs] 
2020-10-29T15:51:11.541+0000: [GC (Allocation Failure) 2020-10-29T15:51:11.541+0000: [ParNew: 16388K->4K(18432K), 0.0031881 secs] 486445K->470061K(896640K), 0.0032528 secs] [Times: user=0.00 sys=0.00, real=0.00 secs] 
2020-10-29T15:51:11.560+0000: [GC (Allocation Failure) 2020-10-29T15:51:11.561+0000: [ParNew: 16388K->4K(18432K), 0.0031511 secs] 486445K->470061K(896640K), 0.0032055 secs] [Times: user=0.01 sys=0.00, real=0.00 secs] 
2020-10-29T15:51:11.578+0000: [GC (Allocation Failure) 2020-10-29T15:51:11.578+0000: [ParNew: 16388K->4K(18432K), 0.0032309 secs] 486445K->470061K(896640K), 0.0032903 secs] [Times: user=0.00 sys=0.00, real=0.00 secs] 
2020-10-29T15:51:11.596+0000: [GC (Allocation Failure) 2020-10-29T15:51:11.596+0000: [ParNew: 16388K->4K(18432K), 0.0032168 secs] 486445K->470061K(896640K), 0.0032763 secs] [Times: user=0.01 sys=0.00, real=0.00 secs] 
2020-10-29T15:51:11.615+0000: [GC (Allocation Failure) 2020-10-29T15:51:11.615+0000: [ParNew: 16388K->4K(18432K), 0.0032306 secs] 486445K->470061K(896640K), 0.0032878 secs] [Times: user=0.00 sys=0.00, real=0.00 secs] 
2020-10-29T15:51:11.632+0000: [GC (Allocation Failure) 2020-10-29T15:51:11.632+0000: [ParNew: 16388K->4K(18432K), 0.0031715 secs] 486445K->470061K(896640K), 0.0032234 secs] [Times: user=0.00 sys=0.00, real=0.00 secs] 
2020-10-29T15:51:11.650+0000: [GC (Allocation Failure) 2020-10-29T15:51:11.650+0000: [ParNew: 16388K->4K(18432K), 0.0031495 secs] 486445K->470061K(896640K), 0.0032048 secs] [Times: user=0.01 sys=0.00, real=0.01 secs] 
2020-10-29T15:51:11.668+0000: [GC (Allocation Failure) 2020-10-29T15:51:11.668+0000: [ParNew: 16388K->4K(18432K), 0.0032009 secs] 486445K->470061K(896640K), 0.0032656 secs] [Times: user=0.01 sys=0.00, real=0.00 secs] 
2020-10-29T15:51:11.688+0000: [GC (Allocation Failure) 2020-10-29T15:51:11.689+0000: [ParNew: 16388K->4K(18432K), 0.0031189 secs] 486445K->470061K(896640K), 0.0031728 secs] [Times: user=0.01 sys=0.00, real=0.00 secs] 
2020-10-29T15:51:11.708+0000: [GC (Allocation Failure) 2020-10-29T15:51:11.709+0000: [ParNew: 16388K->4K(18432K), 0.0031780 secs] 486445K->470061K(896640K), 0.0032347 secs] [Times: user=0.00 sys=0.00, real=0.00 secs] 
2020-10-29T15:51:11.728+0000: [GC (Allocation Failure) 2020-10-29T15:51:11.729+0000: [ParNew: 16388K->4K(18432K), 0.0031705 secs] 486445K->470061K(896640K), 0.0032268 secs] [Times: user=0.01 sys=0.00, real=0.00 secs] 
2020-10-29T15:51:11.748+0000: [GC (Allocation Failure) 2020-10-29T15:51:11.749+0000: [ParNew: 16388K->4K(18432K), 0.0032055 secs] 486445K->470061K(896640K), 0.0032622 secs] [Times: user=0.01 sys=0.01, real=0.00 secs] 
2020-10-29T15:51:11.766+0000: [GC (Allocation Failure) 2020-10-29T15:51:11.766+0000: [ParNew: 16386K->4K(18432K), 0.0032468 secs] 486444K->470061K(896640K), 0.0033046 secs] [Times: user=0.00 sys=0.00, real=0.00 secs] 
2020-10-29T15:51:11.784+0000: [GC (Allocation Failure) 2020-10-29T15:51:11.784+0000: [ParNew: 16388K->4K(18432K), 0.0031947 secs] 486445K->470061K(896640K), 0.0032520 secs] [Times: user=0.01 sys=0.00, real=0.00 secs] 
2020-10-29T15:51:11.805+0000: [GC (Allocation Failure) 2020-10-29T15:51:11.805+0000: [ParNew: 16388K->4K(18432K), 0.0031475 secs] 486445K->470061K(896640K), 0.0032030 secs] [Times: user=0.00 sys=0.00, real=0.00 secs] 
2020-10-29T15:51:11.822+0000: [GC (Allocation Failure) 2020-10-29T15:51:11.822+0000: [ParNew: 16388K->4K(18432K), 0.0031503 secs] 486445K->470061K(896640K), 0.0032064 secs] [Times: user=0.01 sys=0.00, real=0.01 secs] 
2020-10-29T15:51:11.840+0000: [GC (Allocation Failure) 2020-10-29T15:51:11.840+0000: [ParNew: 16388K->4K(18432K), 0.0032350 secs] 486445K->470061K(896640K), 0.0032927 secs] [Times: user=0.00 sys=0.00, real=0.00 secs] 
2020-10-29T15:51:11.860+0000: [GC (Allocation Failure) 2020-10-29T15:51:11.861+0000: [ParNew: 16388K->4K(18432K), 0.0031939 secs] 486445K->470061K(896640K), 0.0032503 secs] [Times: user=0.01 sys=0.00, real=0.00 secs] 
2020-10-29T15:51:11.878+0000: [GC (Allocation Failure) 2020-10-29T15:51:11.878+0000: [ParNew: 16388K->4K(18432K), 0.0031760 secs] 486445K->470061K(896640K), 0.0032319 secs] [Times: user=0.01 sys=0.00, real=0.00 secs] 
2020-10-29T15:51:11.896+0000: [GC (Allocation Failure) 2020-10-29T15:51:11.896+0000: [ParNew: 16388K->4K(18432K), 0.0031622 secs] 486445K->470061K(896640K), 0.0032176 secs] [Times: user=0.00 sys=0.00, real=0.00 secs] 
2020-10-29T15:51:11.917+0000: [GC (Allocation Failure) 2020-10-29T15:51:11.917+0000: [ParNew: 16378K->4K(18432K), 0.0031737 secs] 486436K->470061K(896640K), 0.0032307 secs] [Times: user=0.01 sys=0.00, real=0.00 secs] 
2020-10-29T15:51:11.934+0000: [GC (Allocation Failure) 2020-10-29T15:51:11.934+0000: [ParNew: 16388K->4K(18432K), 0.0032133 secs] 486445K->470061K(896640K), 0.0032703 secs] [Times: user=0.00 sys=0.00, real=0.00 secs] 
2020-10-29T15:51:11.953+0000: [GC (Allocation Failure) 2020-10-29T15:51:11.953+0000: [ParNew: 16388K->4K(18432K), 0.0032217 secs] 486445K->470061K(896640K), 0.0032920 secs] [Times: user=0.01 sys=0.00, real=0.00 secs] 
2020-10-29T15:51:11.970+0000: [GC (Allocation Failure) 2020-10-29T15:51:11.970+0000: [ParNew: 16388K->4K(18432K), 0.0032202 secs] 486445K->470061K(896640K), 0.0032778 secs] [Times: user=0.01 sys=0.00, real=0.01 secs] 
2020-10-29T15:51:11.988+0000: [GC (Allocation Failure) 2020-10-29T15:51:11.988+0000: [ParNew: 16388K->4K(18432K), 0.0032367 secs] 486445K->470061K(896640K), 0.0032945 secs] [Times: user=0.00 sys=0.00, real=0.00 secs] 
2020-10-29T15:51:12.012+0000: [GC (Allocation Failure) 2020-10-29T15:51:12.013+0000: [ParNew: 16388K->4K(18432K), 0.0032450 secs] 486445K->470061K(896640K), 0.0033044 secs] [Times: user=0.01 sys=0.00, real=0.00 secs] 
2020-10-29T15:51:12.031+0000: [GC (Allocation Failure) 2020-10-29T15:51:12.031+0000: [ParNew: 16388K->4K(18432K), 0.0031975 secs] 486445K->470061K(896640K), 0.0032519 secs] [Times: user=0.00 sys=0.00, real=0.01 secs] 
2020-10-29T15:51:12.048+0000: [GC (Allocation Failure) 2020-10-29T15:51:12.049+0000: [ParNew: 16388K->4K(18432K), 0.0031097 secs] 486445K->470061K(896640K), 0.0031643 secs] [Times: user=0.01 sys=0.00, real=0.00 secs] 
2020-10-29T15:51:12.069+0000: [GC (Allocation Failure) 2020-10-29T15:51:12.069+0000: [ParNew: 16388K->4K(18432K), 0.0031829 secs] 486445K->470061K(896640K), 0.0032410 secs] [Times: user=0.01 sys=0.00, real=0.00 secs] 
2020-10-29T15:51:12.086+0000: [GC (Allocation Failure) 2020-10-29T15:51:12.086+0000: [ParNew: 16388K->4K(18432K), 0.0031432 secs] 486445K->470061K(896640K), 0.0031982 secs] [Times: user=0.00 sys=0.00, real=0.00 secs] 
2020-10-29T15:51:12.104+0000: [GC (Allocation Failure) 2020-10-29T15:51:12.104+0000: [ParNew: 16388K->4K(18432K), 0.0031512 secs] 486445K->470061K(896640K), 0.0032055 secs] [Times: user=0.01 sys=0.00, real=0.01 secs] 
2020-10-29T15:51:12.121+0000: [GC (Allocation Failure) 2020-10-29T15:51:12.121+0000: [ParNew: 16388K->4K(18432K), 0.0032675 secs] 486445K->470062K(896640K), 0.0033231 secs] [Times: user=0.00 sys=0.00, real=0.01 secs] 
2020-10-29T15:51:12.139+0000: [GC (Allocation Failure) 2020-10-29T15:51:12.139+0000: [ParNew: 16388K->4K(18432K), 0.0032409 secs] 486446K->470062K(896640K), 0.0033054 secs] [Times: user=0.01 sys=0.00, real=0.00 secs] 
2020-10-29T15:51:12.157+0000: [GC (Allocation Failure) 2020-10-29T15:51:12.157+0000: [ParNew: 16388K->4K(18432K), 0.0031485 secs] 486446K->470062K(896640K), 0.0032061 secs] [Times: user=0.01 sys=0.00, real=0.00 secs] 
2020-10-29T15:51:12.174+0000: [GC (Allocation Failure) 2020-10-29T15:51:12.174+0000: [ParNew: 16388K->4K(18432K), 0.0031853 secs] 486446K->470062K(896640K), 0.0032419 secs] [Times: user=0.00 sys=0.00, real=0.00 secs] 
2020-10-29T15:51:12.192+0000: [GC (Allocation Failure) 2020-10-29T15:51:12.193+0000: [ParNew: 16388K->4K(18432K), 0.0032021 secs] 486446K->470062K(896640K), 0.0032616 secs] [Times: user=0.00 sys=0.00, real=0.00 secs] 
2020-10-29T15:51:12.210+0000: [GC (Allocation Failure) 2020-10-29T15:51:12.210+0000: [ParNew: 16388K->4K(18432K), 0.0032484 secs] 486446K->470062K(896640K), 0.0033046 secs] [Times: user=0.01 sys=0.00, real=0.01 secs] 
2020-10-29T15:51:12.228+0000: [GC (Allocation Failure) 2020-10-29T15:51:12.229+0000: [ParNew: 16388K->4K(18432K), 0.0031113 secs] 486446K->470062K(896640K), 0.0031688 secs] [Times: user=0.00 sys=0.00, real=0.00 secs] 
2020-10-29T15:51:12.248+0000: [GC (Allocation Failure) 2020-10-29T15:51:12.249+0000: [ParNew: 16388K->4K(18432K), 0.0032569 secs] 486446K->470062K(896640K), 0.0033132 secs] [Times: user=0.00 sys=0.00, real=0.00 secs] 
2020-10-29T15:51:12.268+0000: [GC (Allocation Failure) 2020-10-29T15:51:12.269+0000: [ParNew: 16388K->4K(18432K), 0.0032023 secs] 486446K->470062K(896640K), 0.0032569 secs] [Times: user=0.00 sys=0.00, real=0.00 secs] 
2020-10-29T15:51:12.286+0000: [GC (Allocation Failure) 2020-10-29T15:51:12.286+0000: [ParNew: 16388K->4K(18432K), 0.0031816 secs] 486446K->470062K(896640K), 0.0032391 secs] [Times: user=0.01 sys=0.00, real=0.00 secs] 
2020-10-29T15:51:12.304+0000: [GC (Allocation Failure) 2020-10-29T15:51:12.304+0000: [ParNew: 16388K->4K(18432K), 0.0032218 secs] 486446K->470062K(896640K), 0.0032758 secs] [Times: user=0.01 sys=0.00, real=0.01 secs] 
2020-10-29T15:51:12.321+0000: [GC (Allocation Failure) 2020-10-29T15:51:12.322+0000: [ParNew: 16388K->4K(18432K), 0.0031356 secs] 486446K->470062K(896640K), 0.0032070 secs] [Times: user=0.00 sys=0.00, real=0.01 secs] 
2020-10-29T15:51:12.339+0000: [GC (Allocation Failure) 2020-10-29T15:51:12.339+0000: [ParNew: 16388K->4K(18432K), 0.0033429 secs] 486446K->470062K(896640K), 0.0033979 secs] [Times: user=0.00 sys=0.00, real=0.00 secs] 
2020-10-29T15:51:12.356+0000: [GC (Allocation Failure) 2020-10-29T15:51:12.356+0000: [ParNew: 16388K->4K(18432K), 0.0031239 secs] 486446K->470062K(896640K), 0.0031751 secs] [Times: user=0.00 sys=0.00, real=0.00 secs] 
2020-10-29T15:51:12.374+0000: [GC (Allocation Failure) 2020-10-29T15:51:12.374+0000: [ParNew: 16388K->4K(18432K), 0.0031873 secs] 486446K->470062K(896640K), 0.0032517 secs] [Times: user=0.01 sys=0.00, real=0.00 secs] 
2020-10-29T15:51:12.392+0000: [GC (Allocation Failure) 2020-10-29T15:51:12.393+0000: [ParNew: 16388K->4K(18432K), 0.0031408 secs] 486446K->470062K(896640K), 0.0031968 secs] [Times: user=0.01 sys=0.00, real=0.00 secs] 
2020-10-29T15:51:12.412+0000: [GC (Allocation Failure) 2020-10-29T15:51:12.413+0000: [ParNew: 16388K->4K(18432K), 0.0030962 secs] 486446K->470062K(896640K), 0.0031506 secs] [Times: user=0.01 sys=0.00, real=0.00 secs] 
2020-10-29T15:51:12.430+0000: [GC (Allocation Failure) 2020-10-29T15:51:12.430+0000: [ParNew: 16388K->4K(18432K), 0.0031651 secs] 486446K->470062K(896640K), 0.0032201 secs] [Times: user=0.01 sys=0.00, real=0.01 secs] 
2020-10-29T15:51:12.448+0000: [GC (Allocation Failure) 2020-10-29T15:51:12.448+0000: [ParNew: 16388K->4K(18432K), 0.0032155 secs] 486446K->470062K(896640K), 0.0032700 secs] [Times: user=0.01 sys=0.00, real=0.00 secs] 
2020-10-29T15:51:12.465+0000: [GC (Allocation Failure) 2020-10-29T15:51:12.465+0000: [ParNew: 16388K->4K(18432K), 0.0031929 secs] 486446K->470062K(896640K), 0.0032495 secs] [Times: user=0.00 sys=0.00, real=0.00 secs] 
2020-10-29T15:51:12.483+0000: [GC (Allocation Failure) 2020-10-29T15:51:12.483+0000: [ParNew: 16388K->4K(18432K), 0.0032043 secs] 486446K->470062K(896640K), 0.0032614 secs] [Times: user=0.01 sys=0.00, real=0.01 secs] 
2020-10-29T15:51:12.504+0000: [GC (Allocation Failure) 2020-10-29T15:51:12.504+0000: [ParNew: 16388K->4K(18432K), 0.0032142 secs] 486446K->470062K(896640K), 0.0032724 secs] [Times: user=0.01 sys=0.00, real=0.01 secs] 
2020-10-29T15:51:12.522+0000: [GC (Allocation Failure) 2020-10-29T15:51:12.522+0000: [ParNew: 16388K->4K(18432K), 0.0031830 secs] 486446K->470062K(896640K), 0.0032385 secs] [Times: user=0.00 sys=0.00, real=0.01 secs] 
2020-10-29T15:51:12.540+0000: [GC (Allocation Failure) 2020-10-29T15:51:12.540+0000: [ParNew: 16388K->4K(18432K), 0.0032416 secs] 486446K->470062K(896640K), 0.0032979 secs] [Times: user=0.01 sys=0.00, real=0.00 secs] 
2020-10-29T15:51:12.557+0000: [GC (Allocation Failure) 2020-10-29T15:51:12.557+0000: [ParNew: 16388K->4K(18432K), 0.0032045 secs] 486446K->470062K(896640K), 0.0032612 secs] [Times: user=0.00 sys=0.00, real=0.00 secs] 
2020-10-29T15:51:12.575+0000: [GC (Allocation Failure) 2020-10-29T15:51:12.575+0000: [ParNew: 16388K->4K(18432K), 0.0031822 secs] 486446K->470062K(896640K), 0.0032386 secs] [Times: user=0.01 sys=0.00, real=0.00 secs] 
2020-10-29T15:51:12.596+0000: [GC (Allocation Failure) 2020-10-29T15:51:12.596+0000: [ParNew: 16388K->4K(18432K), 0.0031756 secs] 486446K->470062K(896640K), 0.0032318 secs] [Times: user=0.01 sys=0.00, real=0.00 secs] 
2020-10-29T15:51:12.614+0000: [GC (Allocation Failure) 2020-10-29T15:51:12.614+0000: [ParNew: 16388K->4K(18432K), 0.0032149 secs] 486446K->470062K(896640K), 0.0032708 secs] [Times: user=0.01 sys=0.00, real=0.00 secs] 
2020-10-29T15:51:12.632+0000: [GC (Allocation Failure) 2020-10-29T15:51:12.632+0000: [ParNew: 16388K->4K(18432K), 0.0031753 secs] 486446K->470062K(896640K), 0.0032407 secs] [Times: user=0.01 sys=0.00, real=0.01 secs] 
2020-10-29T15:51:12.652+0000: [GC (Allocation Failure) 2020-10-29T15:51:12.653+0000: [ParNew: 16388K->4K(18432K), 0.0031526 secs] 486446K->470062K(896640K), 0.0032077 secs] [Times: user=0.01 sys=0.00, real=0.00 secs] 
2020-10-29T15:51:12.670+0000: [GC (Allocation Failure) 2020-10-29T15:51:12.670+0000: [ParNew: 16388K->4K(18432K), 0.0032313 secs] 486446K->470062K(896640K), 0.0032898 secs] [Times: user=0.00 sys=0.00, real=0.01 secs] 
2020-10-29T15:51:12.688+0000: [GC (Allocation Failure) 2020-10-29T15:51:12.688+0000: [ParNew: 16388K->4K(18432K), 0.0032095 secs] 486446K->470062K(896640K), 0.0032741 secs] [Times: user=0.01 sys=0.00, real=0.00 secs] 
2020-10-29T15:51:12.709+0000: [GC (Allocation Failure) 2020-10-29T15:51:12.709+0000: [ParNew: 16388K->4K(18432K), 0.0031823 secs] 486446K->470062K(896640K), 0.0032394 secs] [Times: user=0.01 sys=0.00, real=0.00 secs] 
2020-10-29T15:51:12.729+0000: [GC (Allocation Failure) 2020-10-29T15:51:12.729+0000: [ParNew: 16388K->4K(18432K), 0.0032159 secs] 486446K->470062K(896640K), 0.0032750 secs] [Times: user=0.01 sys=0.00, real=0.00 secs] 
2020-10-29T15:51:12.750+0000: [GC (Allocation Failure) 2020-10-29T15:51:12.750+0000: [ParNew: 16388K->4K(18432K), 0.0032078 secs] 486446K->470062K(896640K), 0.0032915 secs] [Times: user=0.01 sys=0.00, real=0.01 secs] 
2020-10-29T15:51:12.773+0000: [GC (Allocation Failure) 2020-10-29T15:51:12.773+0000: [ParNew: 16388K->4K(18432K), 0.0032158 secs] 486446K->470062K(896640K), 0.0032754 secs] [Times: user=0.01 sys=0.00, real=0.00 secs] 
2020-10-29T15:51:12.790+0000: [GC (Allocation Failure) 2020-10-29T15:51:12.790+0000: [ParNew: 16388K->4K(18432K), 0.0033586 secs] 486446K->470062K(896640K), 0.0034181 secs] [Times: user=0.00 sys=0.00, real=0.01 secs] 
2020-10-29T15:51:12.808+0000: [GC (Allocation Failure) 2020-10-29T15:51:12.808+0000: [ParNew: 16388K->4K(18432K), 0.0032227 secs] 486446K->470062K(896640K), 0.0032807 secs] [Times: user=0.01 sys=0.00, real=0.00 secs] 
2020-10-29T15:51:12.826+0000: [GC (Allocation Failure) 2020-10-29T15:51:12.826+0000: [ParNew: 16388K->4K(18432K), 0.0032166 secs] 486446K->470062K(896640K), 0.0032722 secs] [Times: user=0.00 sys=0.00, real=0.00 secs] 
2020-10-29T15:51:12.843+0000: [GC (Allocation Failure) 2020-10-29T15:51:12.843+0000: [ParNew: 16388K->4K(18432K), 0.0032331 secs] 486446K->470062K(896640K), 0.0032923 secs] [Times: user=0.01 sys=0.00, real=0.01 secs] 
2020-10-29T15:51:12.865+0000: [GC (Allocation Failure) 2020-10-29T15:51:12.865+0000: [ParNew: 16388K->4K(18432K), 0.0031939 secs] 486446K->470062K(896640K), 0.0032752 secs] [Times: user=0.00 sys=0.00, real=0.00 secs] 
2020-10-29T15:51:12.886+0000: [GC (Allocation Failure) 2020-10-29T15:51:12.886+0000: [ParNew: 16388K->4K(18432K), 0.0032003 secs] 486446K->470062K(896640K), 0.0032581 secs] [Times: user=0.01 sys=0.00, real=0.00 secs] 
2020-10-29T15:51:12.905+0000: [GC (Allocation Failure) 2020-10-29T15:51:12.905+0000: [ParNew: 16388K->4K(18432K), 0.0032053 secs] 486446K->470062K(896640K), 0.0032648 secs] [Times: user=0.00 sys=0.00, real=0.00 secs] 
2020-10-29T15:51:12.924+0000: [GC (Allocation Failure) 2020-10-29T15:51:12.925+0000: [ParNew: 16388K->4K(18432K), 0.0032073 secs] 486446K->470062K(896640K), 0.0032664 secs] [Times: user=0.01 sys=0.00, real=0.00 secs] 
2020-10-29T15:51:12.944+0000: [GC (Allocation Failure) 2020-10-29T15:51:12.945+0000: [ParNew: 16388K->4K(18432K), 0.0032295 secs] 486446K->470062K(896640K), 0.0032868 secs] [Times: user=0.01 sys=0.00, real=0.00 secs] 
2020-10-29T15:51:12.965+0000: [GC (Allocation Failure) 2020-10-29T15:51:12.965+0000: [ParNew: 16388K->4K(18432K), 0.0031913 secs] 486446K->470062K(896640K), 0.0032487 secs] [Times: user=0.00 sys=0.00, real=0.00 secs] 
2020-10-29T15:51:12.982+0000: [GC (Allocation Failure) 2020-10-29T15:51:12.982+0000: [ParNew: 16388K->4K(18432K), 0.0031785 secs] 486446K->470062K(896640K), 0.0032503 secs] [Times: user=0.01 sys=0.00, real=0.01 secs] 
2020-10-29T15:51:13.000+0000: [GC (Allocation Failure) 2020-10-29T15:51:13.001+0000: [ParNew: 16388K->4K(18432K), 0.0031474 secs] 486446K->470062K(896640K), 0.0032024 secs] [Times: user=0.01 sys=0.00, real=0.00 secs] 
2020-10-29T15:51:13.018+0000: [GC (Allocation Failure) 2020-10-29T15:51:13.018+0000: [ParNew: 16388K->4K(18432K), 0.0032218 secs] 486446K->470062K(896640K), 0.0032780 secs] [Times: user=0.00 sys=0.00, real=0.00 secs] 
2020-10-29T15:51:13.036+0000: [GC (Allocation Failure) 2020-10-29T15:51:13.037+0000: [ParNew: 16388K->4K(18432K), 0.0031283 secs] 486446K->470062K(896640K), 0.0031821 secs] [Times: user=0.01 sys=0.00, real=0.00 secs] 
2020-10-29T15:51:13.054+0000: [GC (Allocation Failure) 2020-10-29T15:51:13.054+0000: [ParNew: 16388K->4K(18432K), 0.0032482 secs] 486446K->470062K(896640K), 0.0033042 secs] [Times: user=0.00 sys=0.00, real=0.00 secs] 
2020-10-29T15:51:13.072+0000: [GC (Allocation Failure) 2020-10-29T15:51:13.073+0000: [ParNew: 16388K->4K(18432K), 0.0032023 secs] 486446K->470062K(896640K), 0.0032601 secs] [Times: user=0.01 sys=0.00, real=0.00 secs] 
2020-10-29T15:51:13.092+0000: [GC (Allocation Failure) 2020-10-29T15:51:13.093+0000: [ParNew: 16388K->4K(18432K), 0.0031436 secs] 486446K->470062K(896640K), 0.0031979 secs] [Times: user=0.00 sys=0.00, real=0.00 secs] 
2020-10-29T15:51:13.110+0000: [GC (Allocation Failure) 2020-10-29T15:51:13.110+0000: [ParNew: 16388K->4K(18432K), 0.0031656 secs] 486446K->470062K(896640K), 0.0032230 secs] [Times: user=0.01 sys=0.00, real=0.01 secs] 
2020-10-29T15:51:13.128+0000: [GC (Allocation Failure) 2020-10-29T15:51:13.128+0000: [ParNew: 16388K->4K(18432K), 0.0031258 secs] 486446K->470062K(896640K), 0.0031806 secs] [Times: user=0.01 sys=0.00, real=0.00 secs] 
2020-10-29T15:51:13.148+0000: [GC (Allocation Failure) 2020-10-29T15:51:13.149+0000: [ParNew: 16388K->4K(18432K), 0.0032186 secs] 486446K->470062K(896640K), 0.0032766 secs] [Times: user=0.01 sys=0.00, real=0.00 secs] 
2020-10-29T15:51:13.168+0000: [GC (Allocation Failure) 2020-10-29T15:51:13.169+0000: [ParNew: 16388K->4K(18432K), 0.0032279 secs] 486446K->470062K(896640K), 0.0032857 secs] [Times: user=0.01 sys=0.01, real=0.00 secs] 
2020-10-29T15:51:13.186+0000: [GC (Allocation Failure) 2020-10-29T15:51:13.186+0000: [ParNew: 16388K->4K(18432K), 0.0031882 secs] 486446K->470062K(896640K), 0.0032446 secs] [Times: user=0.00 sys=0.00, real=0.00 secs] 
2020-10-29T15:51:13.204+0000: [GC (Allocation Failure) 2020-10-29T15:51:13.205+0000: [ParNew: 16388K->4K(18432K), 0.0032120 secs] 486446K->470062K(896640K), 0.0032673 secs] [Times: user=0.01 sys=0.00, real=0.00 secs] 
2020-10-29T15:51:13.222+0000: [GC (Allocation Failure) 2020-10-29T15:51:13.222+0000: [ParNew: 16388K->4K(18432K), 0.0032124 secs] 486446K->470062K(896640K), 0.0032721 secs] [Times: user=0.01 sys=0.00, real=0.01 secs] 
2020-10-29T15:51:13.240+0000: [GC (Allocation Failure) 2020-10-29T15:51:13.240+0000: [ParNew: 16388K->4K(18432K), 0.0031980 secs] 486446K->470062K(896640K), 0.0032568 secs] [Times: user=0.01 sys=0.00, real=0.00 secs] 
2020-10-29T15:51:13.258+0000: [GC (Allocation Failure) 2020-10-29T15:51:13.258+0000: [ParNew: 16388K->4K(18432K), 0.0031604 secs] 486446K->470062K(896640K), 0.0032159 secs] [Times: user=0.01 sys=0.00, real=0.00 secs] 
2020-10-29T15:51:13.275+0000: [GC (Allocation Failure) 2020-10-29T15:51:13.275+0000: [ParNew: 16388K->4K(18432K), 0.0031797 secs] 486446K->470062K(896640K), 0.0032379 secs] [Times: user=0.00 sys=0.00, real=0.00 secs] 
2020-10-29T15:51:13.293+0000: [GC (Allocation Failure) 2020-10-29T15:51:13.293+0000: [ParNew: 16388K->4K(18432K), 0.0031661 secs] 486446K->470062K(896640K), 0.0032235 secs] [Times: user=0.00 sys=0.00, real=0.00 secs] 
2020-10-29T15:51:13.310+0000: [GC (Allocation Failure) 2020-10-29T15:51:13.310+0000: [ParNew: 16388K->4K(18432K), 0.0032148 secs] 486446K->470062K(896640K), 0.0032728 secs] [Times: user=0.01 sys=0.00, real=0.01 secs] 
2020-10-29T15:51:13.328+0000: [GC (Allocation Failure) 2020-10-29T15:51:13.328+0000: [ParNew: 16388K->4K(18432K), 0.0032084 secs] 486446K->470062K(896640K), 0.0032647 secs] [Times: user=0.00 sys=0.00, real=0.00 secs] 
2020-10-29T15:51:13.348+0000: [GC (Allocation Failure) 2020-10-29T15:51:13.349+0000: [ParNew: 16388K->4K(18432K), 0.0031634 secs] 486446K->470062K(896640K), 0.0032275 secs] [Times: user=0.01 sys=0.00, real=0.00 secs] 
2020-10-29T15:51:13.368+0000: [GC (Allocation Failure) 2020-10-29T15:51:13.369+0000: [ParNew: 16388K->4K(18432K), 0.0031300 secs] 486446K->470062K(896640K), 0.0031849 secs] [Times: user=0.00 sys=0.00, real=0.00 secs] 
2020-10-29T15:51:13.386+0000: [GC (Allocation Failure) 2020-10-29T15:51:13.387+0000: [ParNew: 16386K->4K(18432K), 0.0032043 secs] 486444K->470062K(896640K), 0.0032605 secs] [Times: user=0.00 sys=0.00, real=0.00 secs] 
2020-10-29T15:51:13.404+0000: [GC (Allocation Failure) 2020-10-29T15:51:13.404+0000: [ParNew: 16388K->4K(18432K), 0.0032076 secs] 486446K->470062K(896640K), 0.0032638 secs] [Times: user=0.01 sys=0.00, real=0.01 secs] 
2020-10-29T15:51:13.422+0000: [GC (Allocation Failure) 2020-10-29T15:51:13.422+0000: [ParNew: 16388K->4K(18432K), 0.0041901 secs] 486446K->470062K(896640K), 0.0042488 secs] [Times: user=0.00 sys=0.00, real=0.01 secs] 
2020-10-29T15:51:13.441+0000: [GC (Allocation Failure) 2020-10-29T15:51:13.441+0000: [ParNew: 16388K->4K(18432K), 0.0031934 secs] 486446K->470062K(896640K), 0.0032520 secs] [Times: user=0.01 sys=0.00, real=0.00 secs] 
2020-10-29T15:51:13.458+0000: [GC (Allocation Failure) 2020-10-29T15:51:13.458+0000: [ParNew: 16388K->4K(18432K), 0.0031702 secs] 486446K->470062K(896640K), 0.0032268 secs] [Times: user=0.00 sys=0.00, real=0.00 secs] 
2020-10-29T15:51:13.476+0000: [GC (Allocation Failure) 2020-10-29T15:51:13.476+0000: [ParNew: 16388K->4K(18432K), 0.0031626 secs] 486446K->470062K(896640K), 0.0032189 secs] [Times: user=0.01 sys=0.00, real=0.00 secs] 
2020-10-29T15:51:13.493+0000: [GC (Allocation Failure) 2020-10-29T15:51:13.493+0000: [ParNew: 16388K->4K(18432K), 0.0032061 secs] 486446K->470062K(896640K), 0.0032635 secs] [Times: user=0.00 sys=0.00, real=0.00 secs] 
2020-10-29T15:51:13.512+0000: [GC (Allocation Failure) 2020-10-29T15:51:13.513+0000: [ParNew: 16388K->4K(18432K), 0.0031728 secs] 486446K->470062K(896640K), 0.0032301 secs] [Times: user=0.01 sys=0.00, real=0.00 secs] 
2020-10-29T15:51:13.530+0000: [GC (Allocation Failure) 2020-10-29T15:51:13.530+0000: [ParNew: 16388K->4K(18432K), 0.0032184 secs] 486446K->470062K(896640K), 0.0032733 secs] [Times: user=0.00 sys=0.00, real=0.01 secs] 
2020-10-29T15:51:13.549+0000: [GC (Allocation Failure) 2020-10-29T15:51:13.549+0000: [ParNew: 16388K->4K(18432K), 0.0030957 secs] 486446K->470062K(896640K), 0.0031511 secs] [Times: user=0.00 sys=0.00, real=0.00 secs] 
2020-10-29T15:51:13.566+0000: [GC (Allocation Failure) 2020-10-29T15:51:13.566+0000: [ParNew: 16388K->4K(18432K), 0.0030198 secs] 486446K->470062K(896640K), 0.0030711 secs] [Times: user=0.01 sys=0.00, real=0.00 secs] 
2020-10-29T15:51:13.584+0000: [GC (Allocation Failure) 2020-10-29T15:51:13.585+0000: [ParNew: 16388K->4K(18432K), 0.0030145 secs] 486446K->470062K(896640K), 0.0030653 secs] [Times: user=0.01 sys=0.00, real=0.00 secs] 
2020-10-29T15:51:13.604+0000: [GC (Allocation Failure) 2020-10-29T15:51:13.605+0000: [ParNew: 16388K->4K(18432K), 0.0031759 secs] 486446K->470062K(896640K), 0.0032326 secs] [Times: user=0.00 sys=0.00, real=0.00 secs] 
2020-10-29T15:51:13.622+0000: [GC (Allocation Failure) 2020-10-29T15:51:13.622+0000: [ParNew: 16388K->4K(18432K), 0.0032288 secs] 486446K->470062K(896640K), 0.0032853 secs] [Times: user=0.01 sys=0.00, real=0.01 secs] 
2020-10-29T15:51:13.641+0000: [GC (Allocation Failure) 2020-10-29T15:51:13.641+0000: [ParNew: 16388K->4K(18432K), 0.0032827 secs] 486446K->470062K(896640K), 0.0033432 secs] [Times: user=0.00 sys=0.00, real=0.00 secs] 
2020-10-29T15:51:13.658+0000: [GC (Allocation Failure) 2020-10-29T15:51:13.658+0000: [ParNew: 16388K->4K(18432K), 0.0031829 secs] 486446K->470062K(896640K), 0.0032384 secs] [Times: user=0.01 sys=0.00, real=0.00 secs] 
2020-10-29T15:51:13.688+0000: [GC (Allocation Failure) 2020-10-29T15:51:13.689+0000: [ParNew: 16388K->6K(18432K), 0.0032172 secs] 486446K->470064K(896640K), 0.0032733 secs] [Times: user=0.00 sys=0.00, real=0.00 secs] 
2020-10-29T15:51:13.720+0000: [GC (Allocation Failure) 2020-10-29T15:51:13.721+0000: [ParNew: 16390K->4K(18432K), 0.0032251 secs] 486448K->470062K(896640K), 0.0032912 secs] [Times: user=0.00 sys=0.00, real=0.00 secs] 
2020-10-29T15:51:13.753+0000: [GC (Allocation Failure) 2020-10-29T15:51:13.753+0000: [ParNew: 16388K->4K(18432K), 0.0032137 secs] 486446K->470062K(896640K), 0.0032805 secs] [Times: user=0.01 sys=0.00, real=0.00 secs] 
2020-10-29T15:51:13.784+0000: [GC (Allocation Failure) 2020-10-29T15:51:13.785+0000: [ParNew: 16388K->4K(18432K), 0.0032402 secs] 486446K->470062K(896640K), 0.0032994 secs] [Times: user=0.01 sys=0.00, real=0.00 secs] 
2020-10-29T15:51:13.817+0000: [GC (Allocation Failure) 2020-10-29T15:51:13.817+0000: [ParNew: 16388K->4K(18432K), 0.0032025 secs] 486446K->470062K(896640K), 0.0032611 secs] [Times: user=0.01 sys=0.00, real=0.00 secs] 
2020-10-29T15:51:14.412+0000: [GC (Allocation Failure) 2020-10-29T15:51:14.412+0000: [ParNew: 16388K->4K(18432K), 0.0033122 secs] 486446K->470062K(896640K), 0.0033870 secs] [Times: user=0.01 sys=0.00, real=0.01 secs] 
2020-10-29T15:51:14.481+0000: [GC (Allocation Failure) 2020-10-29T15:51:14.481+0000: [ParNew: 16388K->4K(18432K), 0.0031658 secs] 486446K->470063K(896640K), 0.0032249 secs] [Times: user=0.01 sys=0.00, real=0.00 secs] 
2020-10-29T15:51:14.549+0000: [GC (Allocation Failure) 2020-10-29T15:51:14.549+0000: [ParNew: 16388K->4K(18432K), 0.0031623 secs] 486447K->470063K(896640K), 0.0032214 secs] [Times: user=0.01 sys=0.00, real=0.00 secs] 
2020-10-29T15:51:14.587+0000: [GC (Allocation Failure) 2020-10-29T15:51:14.587+0000: [ParNew: 16388K->4K(18432K), 0.0031888 secs] 486447K->470063K(896640K), 0.0032458 secs] [Times: user=0.00 sys=0.00, real=0.00 secs] 
2020-10-29T15:51:14.627+0000: [GC (Allocation Failure) 2020-10-29T15:51:14.627+0000: [ParNew: 16388K->4K(18432K), 0.0031748 secs] 486447K->470063K(896640K), 0.0032330 secs] [Times: user=0.01 sys=0.00, real=0.00 secs] 
2020-10-29T15:51:14.666+0000: [GC (Allocation Failure) 2020-10-29T15:51:14.666+0000: [ParNew: 16388K->4K(18432K), 0.0031885 secs] 486447K->470063K(896640K), 0.0032465 secs] [Times: user=0.01 sys=0.00, real=0.00 secs] 
2020-10-29T15:51:14.707+0000: [GC (Allocation Failure) 2020-10-29T15:51:14.707+0000: [ParNew: 16388K->4K(18432K), 0.0032046 secs] 486447K->470065K(896640K), 0.0032622 secs] [Times: user=0.00 sys=0.00, real=0.00 secs] 
2020-10-29T15:51:15.532+0000: [GC (Allocation Failure) 2020-10-29T15:51:15.532+0000: [ParNew: 16388K->1034K(18432K), 0.0056879 secs] 486449K->471095K(896640K), 0.0057509 secs] [Times: user=0.01 sys=0.00, real=0.01 secs] 
2020-10-29T15:51:15.677+0000: [GC (Allocation Failure) 2020-10-29T15:51:15.677+0000: [ParNew: 17418K->2048K(18432K), 0.0066945 secs] 487479K->472335K(896640K), 0.0067748 secs] [Times: user=0.02 sys=0.00, real=0.00 secs] 
2020-10-29T15:51:15.733+0000: [GC (Allocation Failure) 2020-10-29T15:51:15.733+0000: [ParNew: 18197K->1460K(18432K), 0.0151973 secs] 488484K->473554K(896640K), 0.0152796 secs] [Times: user=0.03 sys=0.00, real=0.01 secs] 
2020-10-29T15:51:15.801+0000: [GC (Allocation Failure) 2020-10-29T15:51:15.801+0000: [ParNew: 17844K->646K(18432K), 0.0073711 secs] 489938K->472740K(896640K), 0.0074516 secs] [Times: user=0.01 sys=0.00, real=0.01 secs] 
2020-10-29T15:51:15.851+0000: [GC (Allocation Failure) 2020-10-29T15:51:15.851+0000: [ParNew: 17030K->485K(18432K), 0.0088098 secs] 489124K->472579K(896640K), 0.0088893 secs] [Times: user=0.02 sys=0.00, real=0.01 secs] 
2020-10-29T15:51:15.900+0000: [GC (Allocation Failure) 2020-10-29T15:51:15.900+0000: [ParNew: 16869K->800K(18432K), 0.0073907 secs] 488963K->472894K(896640K), 0.0074871 secs] [Times: user=0.02 sys=0.00, real=0.01 secs] 
2020-10-29T15:51:15.937+0000: [GC (Allocation Failure) 2020-10-29T15:51:15.937+0000: [ParNew: 17184K->808K(18432K), 0.0068162 secs] 489278K->472902K(896640K), 0.0068928 secs] [Times: user=0.01 sys=0.00, real=0.00 secs] 
2020-10-29T15:51:15.977+0000: [GC (Allocation Failure) 2020-10-29T15:51:15.977+0000: [ParNew: 17192K->1052K(18432K), 0.0073821 secs] 489286K->473146K(896640K), 0.0074699 secs] [Times: user=0.02 sys=0.00, real=0.00 secs] 
2020-10-29T15:51:16.030+0000: [GC (Allocation Failure) 2020-10-29T15:51:16.031+0000: [ParNew: 17436K->524K(18432K), 0.0100441 secs] 489530K->473149K(896640K), 0.0101154 secs] [Times: user=0.02 sys=0.00, real=0.01 secs] 
2020-10-29T15:51:16.087+0000: [GC (Allocation Failure) 2020-10-29T15:51:16.087+0000: [ParNew: 16908K->516K(18432K), 0.0059156 secs] 489533K->473141K(896640K), 0.0059920 secs] [Times: user=0.02 sys=0.00, real=0.01 secs] 
2020-10-29T15:51:16.139+0000: [GC (Allocation Failure) 2020-10-29T15:51:16.139+0000: [ParNew: 16900K->516K(18432K), 0.0064022 secs] 489525K->473141K(896640K), 0.0064639 secs] [Times: user=0.01 sys=0.00, real=0.01 secs] 
2020-10-29T15:51:16.184+0000: [GC (Allocation Failure) 2020-10-29T15:51:16.185+0000: [ParNew: 16900K->4K(18432K), 0.0031683 secs] 489525K->472629K(896640K), 0.0032268 secs] [Times: user=0.01 sys=0.00, real=0.00 secs] 
2020-10-29T15:51:16.219+0000: [GC (Allocation Failure) 2020-10-29T15:51:16.219+0000: [ParNew: 16388K->4K(18432K), 0.0032088 secs] 489013K->472629K(896640K), 0.0032695 secs] [Times: user=0.01 sys=0.00, real=0.00 secs] 
2020-10-29T15:51:16.257+0000: [GC (Allocation Failure) 2020-10-29T15:51:16.257+0000: [ParNew: 16388K->4K(18432K), 0.0032183 secs] 489013K->472629K(896640K), 0.0032773 secs] [Times: user=0.01 sys=0.00, real=0.00 secs] 
2020-10-29T15:51:16.283+0000: [GC (Allocation Failure) 2020-10-29T15:51:16.283+0000: [ParNew: 16388K->4K(18432K), 0.0032304 secs] 489013K->472629K(896640K), 0.0032889 secs] [Times: user=0.01 sys=0.00, real=0.01 secs] 
2020-10-29T15:51:16.315+0000: [GC (Allocation Failure) 2020-10-29T15:51:16.315+0000: [ParNew: 16388K->4K(18432K), 0.0031956 secs] 489013K->472629K(896640K), 0.0032537 secs] [Times: user=0.01 sys=0.00, real=0.00 secs] 
2020-10-29T15:51:16.340+0000: [GC (Allocation Failure) 2020-10-29T15:51:16.340+0000: [ParNew: 16388K->4K(18432K), 0.0032049 secs] 489013K->472629K(896640K), 0.0032616 secs] [Times: user=0.01 sys=0.00, real=0.00 secs] 
2020-10-29T15:51:16.360+0000: [GC (Allocation Failure) 2020-10-29T15:51:16.360+0000: [ParNew: 16388K->4K(18432K), 0.0031796 secs] 489013K->472629K(896640K), 0.0032654 secs] [Times: user=0.01 sys=0.00, real=0.00 secs] 
2020-10-29T15:51:16.380+0000: [GC (Allocation Failure) 2020-10-29T15:51:16.380+0000: [ParNew: 16388K->4K(18432K), 0.0032302 secs] 489013K->472629K(896640K), 0.0032880 secs] [Times: user=0.00 sys=0.00, real=0.00 secs] 
2020-10-29T15:51:16.403+0000: [GC (Allocation Failure) 2020-10-29T15:51:16.403+0000: [ParNew: 16388K->4K(18432K), 0.0032675 secs] 489013K->472629K(896640K), 0.0033263 secs] [Times: user=0.00 sys=0.00, real=0.01 secs] 
2020-10-29T15:51:16.424+0000: [GC (Allocation Failure) 2020-10-29T15:51:16.425+0000: [ParNew: 16388K->4K(18432K), 0.0031629 secs] 489013K->472629K(896640K), 0.0032203 secs] [Times: user=0.00 sys=0.00, real=0.00 secs] 
2020-10-29T15:51:16.457+0000: [GC (Allocation Failure) 2020-10-29T15:51:16.457+0000: [ParNew: 16388K->4K(18432K), 0.0031783 secs] 489013K->472629K(896640K), 0.0032377 secs] [Times: user=0.00 sys=0.00, real=0.00 secs] 
2020-10-29T15:51:16.492+0000: [GC (Allocation Failure) 2020-10-29T15:51:16.493+0000: [ParNew: 16388K->4K(18432K), 0.0049118 secs] 489013K->472629K(896640K), 0.0049721 secs] [Times: user=0.00 sys=0.00, real=0.00 secs] 
2020-10-29T15:51:16.529+0000: [GC (Allocation Failure) 2020-10-29T15:51:16.529+0000: [ParNew: 16388K->4K(18432K), 0.0032262 secs] 489013K->472629K(896640K), 0.0033058 secs] [Times: user=0.01 sys=0.00, real=0.01 secs] 
2020-10-29T15:51:16.557+0000: [GC (Allocation Failure) 2020-10-29T15:51:16.557+0000: [ParNew: 16388K->4K(18432K), 0.0031895 secs] 489013K->472629K(896640K), 0.0032690 secs] [Times: user=0.00 sys=0.00, real=0.00 secs] 
2020-10-29T15:51:16.593+0000: [GC (Allocation Failure) 2020-10-29T15:51:16.594+0000: [ParNew: 16388K->4K(18432K), 0.0032093 secs] 489013K->472629K(896640K), 0.0032675 secs] [Times: user=0.01 sys=0.00, real=0.00 secs] 
2020-10-29T15:51:16.623+0000: [GC (Allocation Failure) 2020-10-29T15:51:16.623+0000: [ParNew: 16388K->4K(18432K), 0.0032256 secs] 489013K->472629K(896640K), 0.0033079 secs] [Times: user=0.01 sys=0.00, real=0.01 secs] 
2020-10-29T15:51:16.650+0000: [GC (Allocation Failure) 2020-10-29T15:51:16.650+0000: [ParNew: 16388K->4K(18432K), 0.0032418 secs] 489013K->472629K(896640K), 0.0033214 secs] [Times: user=0.01 sys=0.00, real=0.01 secs] 
2020-10-29T15:51:16.677+0000: [GC (Allocation Failure) 2020-10-29T15:51:16.677+0000: [ParNew: 16388K->4K(18432K), 0.0032206 secs] 489013K->472629K(896640K), 0.0032994 secs] [Times: user=0.00 sys=0.00, real=0.00 secs] 
2020-10-29T15:51:16.703+0000: [GC (Allocation Failure) 2020-10-29T15:51:16.703+0000: [ParNew: 16388K->4K(18432K), 0.0031933 secs] 489013K->472629K(896640K), 0.0032515 secs] [Times: user=0.01 sys=0.00, real=0.01 secs] 
2020-10-29T15:51:16.728+0000: [GC (Allocation Failure) 2020-10-29T15:51:16.729+0000: [ParNew: 16388K->2K(18432K), 0.0067055 secs] 489013K->472627K(896640K), 0.0067818 secs] [Times: user=0.01 sys=0.00, real=0.01 secs] 
2020-10-29T15:51:16.768+0000: [GC (Allocation Failure) 2020-10-29T15:51:16.768+0000: [ParNew: 16386K->4K(18432K), 0.0066812 secs] 489011K->472629K(896640K), 0.0067603 secs] [Times: user=0.01 sys=0.00, real=0.01 secs] 
2020-10-29T15:51:16.806+0000: [GC (Allocation Failure) 2020-10-29T15:51:16.806+0000: [ParNew: 16388K->4K(18432K), 0.0107084 secs] 489013K->472629K(896640K), 0.0107877 secs] [Times: user=0.02 sys=0.00, real=0.01 secs] 
2020-10-29T15:51:16.848+0000: [GC (Allocation Failure) 2020-10-29T15:51:16.848+0000: [ParNew: 16388K->4K(18432K), 0.0067737 secs] 489013K->472629K(896640K), 0.0068526 secs] [Times: user=0.01 sys=0.00, real=0.01 secs] 
2020-10-29T15:51:16.891+0000: [GC (Allocation Failure) 2020-10-29T15:51:16.891+0000: [ParNew: 16388K->4K(18432K), 0.0089934 secs] 489013K->472629K(896640K), 0.0090718 secs] [Times: user=0.02 sys=0.00, real=0.01 secs] 
2020-10-29T15:51:16.941+0000: [GC (Allocation Failure) 2020-10-29T15:51:16.941+0000: [ParNew: 16388K->2K(18432K), 0.0067420 secs] 489013K->472627K(896640K), 0.0068245 secs] [Times: user=0.01 sys=0.00, real=0.01 secs] 
2020-10-29T15:51:16.979+0000: [GC (Allocation Failure) 2020-10-29T15:51:16.979+0000: [ParNew: 16386K->4K(18432K), 0.0032279 secs] 489011K->472629K(896640K), 0.0032995 secs] [Times: user=0.00 sys=0.00, real=0.00 secs] 
2020-10-29T15:51:17.010+0000: [GC (Allocation Failure) 2020-10-29T15:51:17.010+0000: [ParNew: 16388K->4K(18432K), 0.0032885 secs] 489013K->472629K(896640K), 0.0033515 secs] [Times: user=0.01 sys=0.00, real=0.01 secs] 
2020-10-29T15:51:17.031+0000: [GC (Allocation Failure) 2020-10-29T15:51:17.031+0000: [ParNew: 16388K->4K(18432K), 0.0031948 secs] 489013K->472629K(896640K), 0.0032513 secs] [Times: user=0.01 sys=0.00, real=0.01 secs] 
2020-10-29T15:51:17.052+0000: [GC (Allocation Failure) 2020-10-29T15:51:17.053+0000: [ParNew: 16388K->4K(18432K), 0.0031788 secs] 489013K->472629K(896640K), 0.0032370 secs] [Times: user=0.01 sys=0.00, real=0.00 secs] 
2020-10-29T15:51:17.076+0000: [GC (Allocation Failure) 2020-10-29T15:51:17.076+0000: [ParNew: 16388K->4K(18432K), 0.0031588 secs] 489013K->472629K(896640K), 0.0032156 secs] [Times: user=0.01 sys=0.00, real=0.00 secs] 
2020-10-29T15:51:17.094+0000: [GC (Allocation Failure) 2020-10-29T15:51:17.094+0000: [ParNew: 16388K->4K(18432K), 0.0032086 secs] 489013K->472629K(896640K), 0.0032648 secs] [Times: user=0.01 sys=0.00, real=0.00 secs] 
2020-10-29T15:51:17.112+0000: [GC (Allocation Failure) 2020-10-29T15:51:17.112+0000: [ParNew: 16388K->4K(18432K), 0.0031442 secs] 489013K->472629K(896640K), 0.0032001 secs] [Times: user=0.01 sys=0.00, real=0.01 secs] 
2020-10-29T15:51:17.132+0000: [GC (Allocation Failure) 2020-10-29T15:51:17.133+0000: [ParNew: 16388K->4K(18432K), 0.0032141 secs] 489013K->472630K(896640K), 0.0032696 secs] [Times: user=0.00 sys=0.00, real=0.00 secs] 
2020-10-29T15:51:17.150+0000: [GC (Allocation Failure) 2020-10-29T15:51:17.150+0000: [ParNew: 16388K->4K(18432K), 0.0031801 secs] 489014K->472630K(896640K), 0.0032352 secs] [Times: user=0.01 sys=0.00, real=0.01 secs] 
2020-10-29T15:51:17.172+0000: [GC (Allocation Failure) 2020-10-29T15:51:17.172+0000: [ParNew: 16388K->4K(18432K), 0.0031622 secs] 489014K->472630K(896640K), 0.0032167 secs] [Times: user=0.00 sys=0.01, real=0.01 secs] 
2020-10-29T15:51:17.190+0000: [GC (Allocation Failure) 2020-10-29T15:51:17.190+0000: [ParNew: 16388K->4K(18432K), 0.0031588 secs] 489014K->472630K(896640K), 0.0032146 secs] [Times: user=0.00 sys=0.00, real=0.01 secs] 
2020-10-29T15:51:17.208+0000: [GC (Allocation Failure) 2020-10-29T15:51:17.208+0000: [ParNew: 16388K->4K(18432K), 0.0031738 secs] 489014K->472630K(896640K), 0.0032289 secs] [Times: user=0.01 sys=0.00, real=0.00 secs] 
2020-10-29T15:51:17.226+0000: [GC (Allocation Failure) 2020-10-29T15:51:17.226+0000: [ParNew: 16388K->4K(18432K), 0.0032228 secs] 489014K->472630K(896640K), 0.0032766 secs] [Times: user=0.01 sys=0.00, real=0.00 secs] 
2020-10-29T15:51:17.244+0000: [GC (Allocation Failure) 2020-10-29T15:51:17.244+0000: [ParNew: 16388K->4K(18432K), 0.0031174 secs] 489014K->472630K(896640K), 0.0031727 secs] [Times: user=0.01 sys=0.00, real=0.01 secs] 
2020-10-29T15:51:17.262+0000: [GC (Allocation Failure) 2020-10-29T15:51:17.262+0000: [ParNew: 16388K->4K(18432K), 0.0031857 secs] 489014K->472630K(896640K), 0.0032418 secs] [Times: user=0.01 sys=0.00, real=0.01 secs] 
2020-10-29T15:51:17.281+0000: [GC (Allocation Failure) 2020-10-29T15:51:17.281+0000: [ParNew: 16388K->4K(18432K), 0.0031908 secs] 489014K->472630K(896640K), 0.0032454 secs] [Times: user=0.01 sys=0.00, real=0.00 secs] 
2020-10-29T15:51:17.298+0000: [GC (Allocation Failure) 2020-10-29T15:51:17.298+0000: [ParNew: 16388K->4K(18432K), 0.0031779 secs] 489014K->472630K(896640K), 0.0032344 secs] [Times: user=0.00 sys=0.00, real=0.00 secs] 
2020-10-29T15:51:17.324+0000: [GC (Allocation Failure) 2020-10-29T15:51:17.325+0000: [ParNew: 16388K->10K(18432K), 0.0031997 secs] 489014K->472636K(896640K), 0.0032560 secs] [Times: user=0.01 sys=0.00, real=0.00 secs] 
2020-10-29T15:51:17.342+0000: [GC (Allocation Failure) 2020-10-29T15:51:17.342+0000: [ParNew: 16394K->11K(18432K), 0.0031803 secs] 489020K->472638K(896640K), 0.0032368 secs] [Times: user=0.01 sys=0.00, real=0.01 secs] 
2020-10-29T15:51:17.360+0000: [GC (Allocation Failure) 2020-10-29T15:51:17.360+0000: [ParNew: 16395K->10K(18432K), 0.0031786 secs] 489022K->472637K(896640K), 0.0032341 secs] [Times: user=0.00 sys=0.00, real=0.00 secs] 
2020-10-29T15:51:17.378+0000: [GC (Allocation Failure) 2020-10-29T15:51:17.378+0000: [ParNew: 16394K->11K(18432K), 0.0032022 secs] 489021K->472637K(896640K), 0.0032564 secs] [Times: user=0.01 sys=0.00, real=0.00 secs] 
2020-10-29T15:51:17.396+0000: [GC (Allocation Failure) 2020-10-29T15:51:17.396+0000: [ParNew: 16395K->11K(18432K), 0.0031974 secs] 489021K->472637K(896640K), 0.0032529 secs] [Times: user=0.01 sys=0.00, real=0.00 secs] 
2020-10-29T15:51:17.414+0000: [GC (Allocation Failure) 2020-10-29T15:51:17.414+0000: [ParNew: 16395K->11K(18432K), 0.0035697 secs] 489021K->472637K(896640K), 0.0036288 secs] [Times: user=0.01 sys=0.00, real=0.00 secs] 
2020-10-29T15:51:17.436+0000: [GC (Allocation Failure) 2020-10-29T15:51:17.436+0000: [ParNew: 16395K->7K(18432K), 0.0032472 secs] 489021K->472640K(896640K), 0.0033165 secs] [Times: user=0.00 sys=0.00, real=0.00 secs] 
2020-10-29T15:51:17.454+0000: [GC (Allocation Failure) 2020-10-29T15:51:17.454+0000: [ParNew: 16391K->4K(18432K), 0.0031890 secs] 489024K->472636K(896640K), 0.0032458 secs] [Times: user=0.01 sys=0.00, real=0.00 secs] 
2020-10-29T15:51:17.476+0000: [GC (Allocation Failure) 2020-10-29T15:51:17.476+0000: [ParNew: 16388K->4K(18432K), 0.0031358 secs] 489020K->472636K(896640K), 0.0031897 secs] [Times: user=0.01 sys=0.00, real=0.00 secs] 
2020-10-29T15:51:17.494+0000: [GC (Allocation Failure) 2020-10-29T15:51:17.494+0000: [ParNew: 16388K->4K(18432K), 0.0031580 secs] 489020K->472636K(896640K), 0.0032133 secs] [Times: user=0.01 sys=0.00, real=0.00 secs] 
2020-10-29T15:51:17.512+0000: [GC (Allocation Failure) 2020-10-29T15:51:17.513+0000: [ParNew: 16388K->4K(18432K), 0.0031183 secs] 489020K->472636K(896640K), 0.0031728 secs] [Times: user=0.01 sys=0.00, real=0.00 secs] 
2020-10-29T15:51:17.530+0000: [GC (Allocation Failure) 2020-10-29T15:51:17.530+0000: [ParNew: 16388K->4K(18432K), 0.0031948 secs] 489020K->472636K(896640K), 0.0032632 secs] [Times: user=0.00 sys=0.00, real=0.01 secs] 
2020-10-29T15:51:17.552+0000: [GC (Allocation Failure) 2020-10-29T15:51:17.552+0000: [ParNew: 16388K->4K(18432K), 0.0031739 secs] 489020K->472636K(896640K), 0.0032289 secs] [Times: user=0.00 sys=0.00, real=0.01 secs] 
2020-10-29T15:51:17.570+0000: [GC (Allocation Failure) 2020-10-29T15:51:17.570+0000: [ParNew: 16388K->4K(18432K), 0.0032107 secs] 489020K->472636K(896640K), 0.0032681 secs] [Times: user=0.00 sys=0.00, real=0.01 secs] 
2020-10-29T15:51:17.592+0000: [GC (Allocation Failure) 2020-10-29T15:51:17.592+0000: [ParNew: 16388K->4K(18432K), 0.0031677 secs] 489020K->472636K(896640K), 0.0032257 secs] [Times: user=0.00 sys=0.00, real=0.01 secs] 
2020-10-29T15:51:17.610+0000: [GC (Allocation Failure) 2020-10-29T15:51:17.610+0000: [ParNew: 16388K->4K(18432K), 0.0031511 secs] 489020K->472636K(896640K), 0.0032059 secs] [Times: user=0.01 sys=0.00, real=0.01 secs] 
2020-10-29T15:51:17.628+0000: [GC (Allocation Failure) 2020-10-29T15:51:17.628+0000: [ParNew: 16388K->4K(18432K), 0.0031643 secs] 489020K->472636K(896640K), 0.0032198 secs] [Times: user=0.01 sys=0.00, real=0.00 secs] 
2020-10-29T15:51:17.645+0000: [GC (Allocation Failure) 2020-10-29T15:51:17.645+0000: [ParNew: 16388K->4K(18432K), 0.0031670 secs] 489020K->472636K(896640K), 0.0032232 secs] [Times: user=0.01 sys=0.00, real=0.00 secs] 
2020-10-29T15:51:17.663+0000: [GC (Allocation Failure) 2020-10-29T15:51:17.663+0000: [ParNew: 16388K->4K(18432K), 0.0032225 secs] 489020K->472636K(896640K), 0.0032814 secs] [Times: user=0.01 sys=0.00, real=0.01 secs] 
2020-10-29T15:51:17.684+0000: [GC (Allocation Failure) 2020-10-29T15:51:17.685+0000: [ParNew: 16388K->4K(18432K), 0.0031747 secs] 489020K->472636K(896640K), 0.0032323 secs] [Times: user=0.01 sys=0.00, real=0.00 secs] 
2020-10-29T15:51:17.703+0000: [GC (Allocation Failure) 2020-10-29T15:51:17.703+0000: [ParNew: 16388K->4K(18432K), 0.0032012 secs] 489020K->472636K(896640K), 0.0032605 secs] [Times: user=0.01 sys=0.00, real=0.01 secs] 
2020-10-29T15:51:17.720+0000: [GC (Allocation Failure) 2020-10-29T15:51:17.720+0000: [ParNew: 16388K->4K(18432K), 0.0032246 secs] 489020K->472636K(896640K), 0.0032824 secs] [Times: user=0.00 sys=0.00, real=0.00 secs] 
2020-10-29T15:51:17.738+0000: [GC (Allocation Failure) 2020-10-29T15:51:17.738+0000: [ParNew: 16388K->4K(18432K), 0.0031852 secs] 489020K->472636K(896640K), 0.0032535 secs] [Times: user=0.01 sys=0.00, real=0.00 secs] 
2020-10-29T15:51:17.756+0000: [GC (Allocation Failure) 2020-10-29T15:51:17.756+0000: [ParNew: 16388K->4K(18432K), 0.0031689 secs] 489020K->472636K(896640K), 0.0032261 secs] [Times: user=0.01 sys=0.00, real=0.00 secs] 
2020-10-29T15:51:17.776+0000: [GC (Allocation Failure) 2020-10-29T15:51:17.777+0000: [ParNew: 16388K->4K(18432K), 0.0031400 secs] 489020K->472636K(896640K), 0.0031960 secs] [Times: user=0.01 sys=0.00, real=0.00 secs] 
2020-10-29T15:51:17.796+0000: [GC (Allocation Failure) 2020-10-29T15:51:17.797+0000: [ParNew: 16388K->4K(18432K), 0.0031755 secs] 489020K->472636K(896640K), 0.0032333 secs] [Times: user=0.00 sys=0.00, real=0.00 secs] 
2020-10-29T15:51:17.814+0000: [GC (Allocation Failure) 2020-10-29T15:51:17.814+0000: [ParNew: 16388K->4K(18432K), 0.0032106 secs] 489020K->472636K(896640K), 0.0032683 secs] [Times: user=0.01 sys=0.00, real=0.00 secs] 
2020-10-29T15:51:17.836+0000: [GC (Allocation Failure) 2020-10-29T15:51:17.836+0000: [ParNew: 16388K->4K(18432K), 0.0031888 secs] 489020K->472636K(896640K), 0.0032461 secs] [Times: user=0.01 sys=0.00, real=0.00 secs] 
2020-10-29T15:51:17.856+0000: [GC (Allocation Failure) 2020-10-29T15:51:17.857+0000: [ParNew: 16388K->4K(18432K), 0.0031645 secs] 489020K->472636K(896640K), 0.0032201 secs] [Times: user=0.01 sys=0.00, real=0.00 secs] 
2020-10-29T15:51:17.874+0000: [GC (Allocation Failure) 2020-10-29T15:51:17.874+0000: [ParNew: 16388K->4K(18432K), 0.0031568 secs] 489020K->472636K(896640K), 0.0032113 secs] [Times: user=0.01 sys=0.00, real=0.00 secs] 
2020-10-29T15:51:17.893+0000: [GC (Allocation Failure) 2020-10-29T15:51:17.893+0000: [ParNew: 16388K->4K(18432K), 0.0031745 secs] 489020K->472636K(896640K), 0.0032317 secs] [Times: user=0.00 sys=0.00, real=0.00 secs] 
2020-10-29T15:51:17.910+0000: [GC (Allocation Failure) 2020-10-29T15:51:17.910+0000: [ParNew: 16388K->4K(18432K), 0.0031596 secs] 489020K->472636K(896640K), 0.0032151 secs] [Times: user=0.01 sys=0.00, real=0.01 secs] 
2020-10-29T15:51:17.932+0000: [GC (Allocation Failure) 2020-10-29T15:51:17.932+0000: [ParNew: 16388K->4K(18432K), 0.0031407 secs] 489020K->472636K(896640K), 0.0031974 secs] [Times: user=0.00 sys=0.00, real=0.01 secs] 
2020-10-29T15:51:17.950+0000: [GC (Allocation Failure) 2020-10-29T15:51:17.950+0000: [ParNew: 16388K->4K(18432K), 0.0031551 secs] 489020K->472636K(896640K), 0.0032089 secs] [Times: user=0.01 sys=0.00, real=0.01 secs] 
2020-10-29T15:51:17.968+0000: [GC (Allocation Failure) 2020-10-29T15:51:17.968+0000: [ParNew: 16388K->4K(18432K), 0.0031684 secs] 489020K->472636K(896640K), 0.0032220 secs] [Times: user=0.00 sys=0.00, real=0.00 secs] 
2020-10-29T15:51:17.985+0000: [GC (Allocation Failure) 2020-10-29T15:51:17.985+0000: [ParNew: 16388K->4K(18432K), 0.0031259 secs] 489020K->472636K(896640K), 0.0031785 secs] [Times: user=0.01 sys=0.00, real=0.00 secs] 
2020-10-29T15:51:18.004+0000: [GC (Allocation Failure) 2020-10-29T15:51:18.005+0000: [ParNew: 16388K->4K(18432K), 0.0031880 secs] 489020K->472636K(896640K), 0.0032445 secs] [Times: user=0.00 sys=0.00, real=0.00 secs] 
2020-10-29T15:51:18.024+0000: [GC (Allocation Failure) 2020-10-29T15:51:18.025+0000: [ParNew: 16388K->4K(18432K), 0.0031831 secs] 489020K->472636K(896640K), 0.0032338 secs] [Times: user=0.01 sys=0.00, real=0.00 secs] 
2020-10-29T15:51:18.042+0000: [GC (Allocation Failure) 2020-10-29T15:51:18.042+0000: [ParNew: 16388K->4K(18432K), 0.0031776 secs] 489020K->472636K(896640K), 0.0032347 secs] [Times: user=0.00 sys=0.00, real=0.01 secs] 
2020-10-29T15:51:18.064+0000: [GC (Allocation Failure) 2020-10-29T15:51:18.064+0000: [ParNew: 16388K->4K(18432K), 0.0031977 secs] 489020K->472636K(896640K), 0.0032552 secs] [Times: user=0.00 sys=0.00, real=0.01 secs] 
2020-10-29T15:51:18.082+0000: [GC (Allocation Failure) 2020-10-29T15:51:18.082+0000: [ParNew: 16388K->4K(18432K), 0.0031383 secs] 489020K->472636K(896640K), 0.0031934 secs] [Times: user=0.01 sys=0.00, real=0.01 secs] 
2020-10-29T15:51:18.100+0000: [GC (Allocation Failure) 2020-10-29T15:51:18.100+0000: [ParNew: 16388K->4K(18432K), 0.0031883 secs] 489020K->472636K(896640K), 0.0032442 secs] [Times: user=0.01 sys=0.00, real=0.00 secs] 
2020-10-29T15:51:18.121+0000: [GC (Allocation Failure) 2020-10-29T15:51:18.121+0000: [ParNew: 16388K->4K(18432K), 0.0032437 secs] 489020K->472636K(896640K), 0.0033013 secs] [Times: user=0.01 sys=0.00, real=0.00 secs] 
2020-10-29T15:51:18.140+0000: [GC (Allocation Failure) 2020-10-29T15:51:18.141+0000: [ParNew: 16388K->4K(18432K), 0.0032449 secs] 489020K->472636K(896640K), 0.0033017 secs] [Times: user=0.00 sys=0.00, real=0.00 secs] 
2020-10-29T15:51:18.158+0000: [GC (Allocation Failure) 2020-10-29T15:51:18.158+0000: [ParNew: 16388K->4K(18432K), 0.0032296 secs] 489020K->472636K(896640K), 0.0033008 secs] [Times: user=0.01 sys=0.00, real=0.00 secs] 
2020-10-29T15:51:18.176+0000: [GC (Allocation Failure) 2020-10-29T15:51:18.176+0000: [ParNew: 16388K->4K(18432K), 0.0032493 secs] 489020K->472636K(896640K), 0.0033084 secs] [Times: user=0.00 sys=0.00, real=0.00 secs] 
2020-10-29T15:51:18.196+0000: [GC (Allocation Failure) 2020-10-29T15:51:18.197+0000: [ParNew: 16388K->4K(18432K), 0.0031767 secs] 489020K->472636K(896640K), 0.0032345 secs] [Times: user=0.01 sys=0.00, real=0.00 secs] 
2020-10-29T15:51:18.214+0000: [GC (Allocation Failure) 2020-10-29T15:51:18.214+0000: [ParNew: 16388K->4K(18432K), 0.0032550 secs] 489020K->472636K(896640K), 0.0033137 secs] [Times: user=0.01 sys=0.00, real=0.00 secs] 
2020-10-29T15:51:18.232+0000: [GC (Allocation Failure) 2020-10-29T15:51:18.233+0000: [ParNew: 16388K->4K(18432K), 0.0031975 secs] 489020K->472636K(896640K), 0.0032692 secs] [Times: user=0.01 sys=0.00, real=0.00 secs] 
2020-10-29T15:51:18.252+0000: [GC (Allocation Failure) 2020-10-29T15:51:18.253+0000: [ParNew: 16388K->4K(18432K), 0.0032408 secs] 489020K->472636K(896640K), 0.0033007 secs] [Times: user=0.01 sys=0.00, real=0.00 secs] 
2020-10-29T15:51:18.270+0000: [GC (Allocation Failure) 2020-10-29T15:51:18.270+0000: [ParNew: 16388K->4K(18432K), 0.0032652 secs] 489020K->472636K(896640K), 0.0033244 secs] [Times: user=0.01 sys=0.00, real=0.01 secs] 
2020-10-29T15:51:18.292+0000: [GC (Allocation Failure) 2020-10-29T15:51:18.292+0000: [ParNew: 16388K->4K(18432K), 0.0032200 secs] 489020K->472636K(896640K), 0.0032772 secs] [Times: user=0.01 sys=0.00, real=0.01 secs] 
2020-10-29T15:51:18.310+0000: [GC (Allocation Failure) 2020-10-29T15:51:18.310+0000: [ParNew: 16388K->4K(18432K), 0.0031388 secs] 489020K->472636K(896640K), 0.0031930 secs] [Times: user=0.00 sys=0.00, real=0.01 secs] 
2020-10-29T15:51:18.332+0000: [GC (Allocation Failure) 2020-10-29T15:51:18.332+0000: [ParNew: 16388K->4K(18432K), 0.0031566 secs] 489020K->472636K(896640K), 0.0032115 secs] [Times: user=0.00 sys=0.00, real=0.01 secs] 
2020-10-29T15:51:18.350+0000: [GC (Allocation Failure) 2020-10-29T15:51:18.350+0000: [ParNew: 16388K->4K(18432K), 0.0031464 secs] 489020K->472636K(896640K), 0.0032018 secs] [Times: user=0.00 sys=0.00, real=0.01 secs] 
2020-10-29T15:51:18.368+0000: [GC (Allocation Failure) 2020-10-29T15:51:18.368+0000: [ParNew: 16388K->4K(18432K), 0.0031894 secs] 489020K->472636K(896640K), 0.0032452 secs] [Times: user=0.01 sys=0.00, real=0.00 secs] 
2020-10-29T15:51:18.385+0000: [GC (Allocation Failure) 2020-10-29T15:51:18.386+0000: [ParNew: 16388K->4K(18432K), 0.0031771 secs] 489020K->472636K(896640K), 0.0032339 secs] [Times: user=0.00 sys=0.00, real=0.00 secs] 
2020-10-29T15:51:18.404+0000: [GC (Allocation Failure) 2020-10-29T15:51:18.405+0000: [ParNew: 16388K->4K(18432K), 0.0032805 secs] 489020K->472636K(896640K), 0.0033378 secs] [Times: user=0.01 sys=0.00, real=0.00 secs] 
2020-10-29T15:51:18.423+0000: [GC (Allocation Failure) 2020-10-29T15:51:18.423+0000: [ParNew: 16388K->4K(18432K), 0.0032549 secs] 489020K->472636K(896640K), 0.0033102 secs] [Times: user=0.01 sys=0.00, real=0.01 secs] 
2020-10-29T15:51:18.441+0000: [GC (Allocation Failure) 2020-10-29T15:51:18.441+0000: [ParNew: 16388K->4K(18432K), 0.0031976 secs] 489020K->472636K(896640K), 0.0032549 secs] [Times: user=0.01 sys=0.00, real=0.00 secs] 
2020-10-29T15:51:18.459+0000: [GC (Allocation Failure) 2020-10-29T15:51:18.459+0000: [ParNew: 16388K->4K(18432K), 0.0031975 secs] 489020K->472636K(896640K), 0.0032552 secs] [Times: user=0.00 sys=0.00, real=0.00 secs] 
2020-10-29T15:51:18.480+0000: [GC (Allocation Failure) 2020-10-29T15:51:18.480+0000: [ParNew: 16388K->4K(18432K), 0.0031376 secs] 489020K->472636K(896640K), 0.0031921 secs] [Times: user=0.00 sys=0.00, real=0.00 secs] 
2020-10-29T15:51:18.500+0000: [GC (Allocation Failure) 2020-10-29T15:51:18.501+0000: [ParNew: 16388K->4K(18432K), 0.0031364 secs] 489020K->472636K(896640K), 0.0031912 secs] [Times: user=0.00 sys=0.00, real=0.00 secs] 
2020-10-29T15:51:18.520+0000: [GC (Allocation Failure) 2020-10-29T15:51:18.521+0000: [ParNew: 16388K->4K(18432K), 0.0031123 secs] 489020K->472636K(896640K), 0.0031670 secs] [Times: user=0.01 sys=0.00, real=0.00 secs] 
2020-10-29T15:51:18.538+0000: [GC (Allocation Failure) 2020-10-29T15:51:18.538+0000: [ParNew: 16388K->4K(18432K), 0.0034495 secs] 489020K->472636K(896640K), 0.0035038 secs] [Times: user=0.01 sys=0.00, real=0.00 secs] 
2020-10-29T15:51:18.557+0000: [GC (Allocation Failure) 2020-10-29T15:51:18.557+0000: [ParNew: 16388K->4K(18432K), 0.0031727 secs] 489020K->472636K(896640K), 0.0032286 secs] [Times: user=0.01 sys=0.00, real=0.00 secs] 
2020-10-29T15:51:18.574+0000: [GC (Allocation Failure) 2020-10-29T15:51:18.574+0000: [ParNew: 16388K->4K(18432K), 0.0031697 secs] 489020K->472636K(896640K), 0.0032370 secs] [Times: user=0.01 sys=0.00, real=0.00 secs] 
2020-10-29T15:51:18.592+0000: [GC (Allocation Failure) 2020-10-29T15:51:18.593+0000: [ParNew: 16388K->4K(18432K), 0.0031650 secs] 489020K->472636K(896640K), 0.0032205 secs] [Times: user=0.00 sys=0.00, real=0.00 secs] 
2020-10-29T15:51:18.612+0000: [GC (Allocation Failure) 2020-10-29T15:51:18.613+0000: [ParNew: 16388K->4K(18432K), 0.0031280 secs] 489020K->472636K(896640K), 0.0031835 secs] [Times: user=0.01 sys=0.00, real=0.00 secs] 
2020-10-29T15:51:18.630+0000: [GC (Allocation Failure) 2020-10-29T15:51:18.630+0000: [ParNew: 16388K->4K(18432K), 0.0031911 secs] 489020K->472636K(896640K), 0.0032485 secs] [Times: user=0.01 sys=0.00, real=0.01 secs] 
2020-10-29T15:51:18.652+0000: [GC (Allocation Failure) 2020-10-29T15:51:18.652+0000: [ParNew: 16388K->4K(18432K), 0.0031866 secs] 489020K->472636K(896640K), 0.0032428 secs] [Times: user=0.01 sys=0.00, real=0.01 secs] 
2020-10-29T15:51:18.672+0000: [GC (Allocation Failure) 2020-10-29T15:51:18.673+0000: [ParNew: 16388K->4K(18432K), 0.0032207 secs] 489020K->472637K(896640K), 0.0032798 secs] [Times: user=0.01 sys=0.00, real=0.00 secs] 
2020-10-29T15:51:18.690+0000: [GC (Allocation Failure) 2020-10-29T15:51:18.690+0000: [ParNew: 16388K->4K(18432K), 0.0032347 secs] 489021K->472637K(896640K), 0.0032919 secs] [Times: user=0.01 sys=0.00, real=0.01 secs] 
2020-10-29T15:51:18.710+0000: [GC (Allocation Failure) 2020-10-29T15:51:18.710+0000: [ParNew: 16388K->4K(18432K), 0.0031848 secs] 489021K->472637K(896640K), 0.0032407 secs] [Times: user=0.00 sys=0.00, real=0.01 secs] 
2020-10-29T15:51:18.732+0000: [GC (Allocation Failure) 2020-10-29T15:51:18.732+0000: [ParNew: 16388K->4K(18432K), 0.0031274 secs] 489021K->472637K(896640K), 0.0031828 secs] [Times: user=0.01 sys=0.00, real=0.00 secs] 
2020-10-29T15:51:18.750+0000: [GC (Allocation Failure) 2020-10-29T15:51:18.750+0000: [ParNew: 16388K->4K(18432K), 0.0031021 secs] 489021K->472637K(896640K), 0.0031550 secs] [Times: user=0.00 sys=0.00, real=0.01 secs] 
2020-10-29T15:51:18.775+0000: [GC (Allocation Failure) 2020-10-29T15:51:18.775+0000: [ParNew: 16388K->4K(18432K), 0.0032231 secs] 489021K->472637K(896640K), 0.0032926 secs] [Times: user=0.01 sys=0.00, real=0.00 secs] 
2020-10-29T15:51:18.794+0000: [GC (Allocation Failure) 2020-10-29T15:51:18.794+0000: [ParNew: 16388K->4K(18432K), 0.0031608 secs] 489021K->472637K(896640K), 0.0032175 secs] [Times: user=0.01 sys=0.00, real=0.00 secs] 
2020-10-29T15:51:18.816+0000: [GC (Allocation Failure) 2020-10-29T15:51:18.816+0000: [ParNew: 16388K->4K(18432K), 0.0031046 secs] 489021K->472637K(896640K), 0.0031580 secs] [Times: user=0.00 sys=0.00, real=0.00 secs] 
2020-10-29T15:51:18.834+0000: [GC (Allocation Failure) 2020-10-29T15:51:18.834+0000: [ParNew: 16388K->4K(18432K), 0.0031550 secs] 489021K->472637K(896640K), 0.0032104 secs] [Times: user=0.01 sys=0.00, real=0.00 secs] 
2020-10-29T15:51:18.852+0000: [GC (Allocation Failure) 2020-10-29T15:51:18.852+0000: [ParNew: 16388K->4K(18432K), 0.0032177 secs] 489021K->472637K(896640K), 0.0032753 secs] [Times: user=0.01 sys=0.00, real=0.01 secs] 
2020-10-29T15:51:18.869+0000: [GC (Allocation Failure) 2020-10-29T15:51:18.869+0000: [ParNew: 16388K->4K(18432K), 0.0047618 secs] 489021K->472637K(896640K), 0.0048382 secs] [Times: user=0.00 sys=0.00, real=0.01 secs] 
2020-10-29T15:51:18.889+0000: [GC (Allocation Failure) 2020-10-29T15:51:18.889+0000: [ParNew: 16388K->4K(18432K), 0.0032108 secs] 489021K->472637K(896640K), 0.0032698 secs] [Times: user=0.01 sys=0.00, real=0.01 secs] 
2020-10-29T15:51:18.907+0000: [GC (Allocation Failure) 2020-10-29T15:51:18.907+0000: [ParNew: 16388K->4K(18432K), 0.0032132 secs] 489021K->472637K(896640K), 0.0032714 secs] [Times: user=0.01 sys=0.00, real=0.00 secs] 
2020-10-29T15:51:18.925+0000: [GC (Allocation Failure) 2020-10-29T15:51:18.925+0000: [ParNew: 16388K->4K(18432K), 0.0032117 secs] 489021K->472637K(896640K), 0.0032687 secs] [Times: user=0.01 sys=0.00, real=0.00 secs] 
2020-10-29T15:51:18.943+0000: [GC (Allocation Failure) 2020-10-29T15:51:18.943+0000: [ParNew: 16388K->4K(18432K), 0.0031592 secs] 489021K->472637K(896640K), 0.0032128 secs] [Times: user=0.01 sys=0.00, real=0.01 secs] 
2020-10-29T15:51:18.960+0000: [GC (Allocation Failure) 2020-10-29T15:51:18.961+0000: [ParNew: 16388K->4K(18432K), 0.0031082 secs] 489021K->472637K(896640K), 0.0031740 secs] [Times: user=0.01 sys=0.00, real=0.00 secs] 
2020-10-29T15:51:18.980+0000: [GC (Allocation Failure) 2020-10-29T15:51:18.981+0000: [ParNew: 16388K->4K(18432K), 0.0031626 secs] 489021K->472637K(896640K), 0.0032190 secs] [Times: user=0.01 sys=0.00, real=0.00 secs] 
2020-10-29T15:51:19.001+0000: [GC (Allocation Failure) 2020-10-29T15:51:19.001+0000: [ParNew: 16388K->4K(18432K), 0.0031549 secs] 489021K->472637K(896640K), 0.0032112 secs] [Times: user=0.00 sys=0.00, real=0.00 secs] 
2020-10-29T15:51:19.018+0000: [GC (Allocation Failure) 2020-10-29T15:51:19.018+0000: [ParNew: 16388K->4K(18432K), 0.0031963 secs] 489021K->472637K(896640K), 0.0032531 secs] [Times: user=0.01 sys=0.00, real=0.00 secs] 
2020-10-29T15:51:19.037+0000: [GC (Allocation Failure) 2020-10-29T15:51:19.037+0000: [ParNew: 16388K->4K(18432K), 0.0031877 secs] 489021K->472637K(896640K), 0.0032462 secs] [Times: user=0.00 sys=0.00, real=0.00 secs] 
2020-10-29T15:51:19.054+0000: [GC (Allocation Failure) 2020-10-29T15:51:19.055+0000: [ParNew: 16388K->4K(18432K), 0.0032246 secs] 489021K->472637K(896640K), 0.0032831 secs] [Times: user=0.01 sys=0.00, real=0.00 secs] 
2020-10-29T15:51:19.076+0000: [GC (Allocation Failure) 2020-10-29T15:51:19.076+0000: [ParNew: 16388K->4K(18432K), 0.0032030 secs] 489021K->472637K(896640K), 0.0032613 secs] [Times: user=0.01 sys=0.00, real=0.00 secs] 
2020-10-29T15:51:19.096+0000: [GC (Allocation Failure) 2020-10-29T15:51:19.096+0000: [ParNew: 16388K->4K(18432K), 0.0031575 secs] 489021K->472637K(896640K), 0.0032146 secs] [Times: user=0.01 sys=0.00, real=0.00 secs] 
2020-10-29T15:51:19.114+0000: [GC (Allocation Failure) 2020-10-29T15:51:19.114+0000: [ParNew: 16388K->4K(18432K), 0.0032070 secs] 489021K->472637K(896640K), 0.0032643 secs] [Times: user=0.00 sys=0.00, real=0.00 secs] 
2020-10-29T15:51:19.132+0000: [GC (Allocation Failure) 2020-10-29T15:51:19.132+0000: [ParNew: 16388K->4K(18432K), 0.0032390 secs] 489021K->472637K(896640K), 0.0032996 secs] [Times: user=0.01 sys=0.00, real=0.01 secs] 
2020-10-29T15:51:19.150+0000: [GC (Allocation Failure) 2020-10-29T15:51:19.150+0000: [ParNew: 16388K->4K(18432K), 0.0032310 secs] 489021K->472637K(896640K), 0.0032895 secs] [Times: user=0.01 sys=0.00, real=0.01 secs] 
2020-10-29T15:51:19.168+0000: [GC (Allocation Failure) 2020-10-29T15:51:19.169+0000: [ParNew: 16388K->4K(18432K), 0.0031792 secs] 489021K->472637K(896640K), 0.0032367 secs] [Times: user=0.01 sys=0.01, real=0.00 secs] 
2020-10-29T15:51:19.186+0000: [GC (Allocation Failure) 2020-10-29T15:51:19.186+0000: [ParNew: 16388K->4K(18432K), 0.0031470 secs] 489021K->472637K(896640K), 0.0032014 secs] [Times: user=0.01 sys=0.00, real=0.00 secs] 
2020-10-29T15:51:19.213+0000: [GC (Allocation Failure) 2020-10-29T15:51:19.213+0000: [ParNew: 16388K->4K(18432K), 0.0032158 secs] 489021K->472637K(896640K), 0.0032773 secs] [Times: user=0.01 sys=0.00, real=0.00 secs] 
2020-10-29T15:51:19.231+0000: [GC (Allocation Failure) 2020-10-29T15:51:19.231+0000: [ParNew: 16388K->4K(18432K), 0.0032198 secs] 489021K->472637K(896640K), 0.0032772 secs] [Times: user=0.00 sys=0.00, real=0.01 secs] 
2020-10-29T15:51:19.248+0000: [GC (Allocation Failure) 2020-10-29T15:51:19.248+0000: [ParNew: 16388K->4K(18432K), 0.0031712 secs] 489021K->472637K(896640K), 0.0032255 secs] [Times: user=0.01 sys=0.00, real=0.00 secs] 
2020-10-29T15:51:19.266+0000: [GC (Allocation Failure) 2020-10-29T15:51:19.266+0000: [ParNew: 16388K->4K(18432K), 0.0031903 secs] 489021K->472637K(896640K), 0.0032483 secs] [Times: user=0.01 sys=0.00, real=0.00 secs] 
2020-10-29T15:51:19.284+0000: [GC (Allocation Failure) 2020-10-29T15:51:19.285+0000: [ParNew: 16388K->4K(18432K), 0.0031623 secs] 489021K->472637K(896640K), 0.0032174 secs] [Times: user=0.01 sys=0.00, real=0.00 secs] 
2020-10-29T15:51:19.302+0000: [GC (Allocation Failure) 2020-10-29T15:51:19.302+0000: [ParNew: 16388K->4K(18432K), 0.0031942 secs] 489021K->472637K(896640K), 0.0032500 secs] [Times: user=0.01 sys=0.00, real=0.01 secs] 
2020-10-29T15:51:19.320+0000: [GC (Allocation Failure) 2020-10-29T15:51:19.320+0000: [ParNew: 16388K->4K(18432K), 0.0032074 secs] 489021K->472637K(896640K), 0.0032651 secs] [Times: user=0.01 sys=0.00, real=0.00 secs] 
2020-10-29T15:51:19.341+0000: [GC (Allocation Failure) 2020-10-29T15:51:19.341+0000: [ParNew: 16388K->4K(18432K), 0.0031591 secs] 489021K->472637K(896640K), 0.0032154 secs] [Times: user=0.01 sys=0.00, real=0.00 secs] 
2020-10-29T15:51:19.359+0000: [GC (Allocation Failure) 2020-10-29T15:51:19.359+0000: [ParNew: 16388K->4K(18432K), 0.0032128 secs] 489021K->472637K(896640K), 0.0032712 secs] [Times: user=0.01 sys=0.00, real=0.00 secs] 
2020-10-29T15:51:19.377+0000: [GC (Allocation Failure) 2020-10-29T15:51:19.377+0000: [ParNew: 16388K->4K(18432K), 0.0031961 secs] 489021K->472637K(896640K), 0.0032534 secs] [Times: user=0.00 sys=0.00, real=0.00 secs] 
2020-10-29T15:51:19.395+0000: [GC (Allocation Failure) 2020-10-29T15:51:19.395+0000: [ParNew: 16388K->4K(18432K), 0.0031698 secs] 489021K->472637K(896640K), 0.0032247 secs] [Times: user=0.01 sys=0.00, real=0.00 secs] 
2020-10-29T15:51:19.413+0000: [GC (Allocation Failure) 2020-10-29T15:51:19.413+0000: [ParNew: 16388K->4K(18432K), 0.0030635 secs] 489021K->472637K(896640K), 0.0031138 secs] [Times: user=0.00 sys=0.00, real=0.00 secs] 
2020-10-29T15:51:19.431+0000: [GC (Allocation Failure) 2020-10-29T15:51:19.431+0000: [ParNew: 16388K->4K(18432K), 0.0031658 secs] 489021K->472637K(896640K), 0.0032234 secs] [Times: user=0.01 sys=0.00, real=0.01 secs] 
2020-10-29T15:51:19.448+0000: [GC (Allocation Failure) 2020-10-29T15:51:19.448+0000: [ParNew: 16388K->4K(18432K), 0.0031461 secs] 489021K->472637K(896640K), 0.0031993 secs] [Times: user=0.01 sys=0.00, real=0.00 secs] 
2020-10-29T15:51:19.466+0000: [GC (Allocation Failure) 2020-10-29T15:51:19.466+0000: [ParNew: 16387K->4K(18432K), 0.0032214 secs] 489021K->472637K(896640K), 0.0032799 secs] [Times: user=0.01 sys=0.00, real=0.00 secs] 
2020-10-29T15:51:19.484+0000: [GC (Allocation Failure) 2020-10-29T15:51:19.485+0000: [ParNew: 16388K->4K(18432K), 0.0031414 secs] 489021K->472637K(896640K), 0.0031963 secs] [Times: user=0.00 sys=0.00, real=0.00 secs] 
2020-10-29T15:51:19.502+0000: [GC (Allocation Failure) 2020-10-29T15:51:19.502+0000: [ParNew: 16388K->4K(18432K), 0.0031656 secs] 489021K->472637K(896640K), 0.0032194 secs] [Times: user=0.01 sys=0.00, real=0.01 secs] 
2020-10-29T15:51:19.520+0000: [GC (Allocation Failure) 2020-10-29T15:51:19.520+0000: [ParNew: 16388K->4K(18432K), 0.0031262 secs] 489021K->472637K(896640K), 0.0032117 secs] [Times: user=0.01 sys=0.01, real=0.00 secs] 
2020-10-29T15:51:19.538+0000: [GC (Allocation Failure) 2020-10-29T15:51:19.538+0000: [ParNew: 16388K->4K(18432K), 0.0030644 secs] 489021K->472637K(896640K), 0.0031317 secs] [Times: user=0.01 sys=0.00, real=0.00 secs] 
2020-10-29T15:51:19.556+0000: [GC (Allocation Failure) 2020-10-29T15:51:19.557+0000: [ParNew: 16388K->4K(18432K), 0.0031672 secs] 489021K->472637K(896640K), 0.0032231 secs] [Times: user=0.01 sys=0.00, real=0.00 secs] 
2020-10-29T15:51:19.574+0000: [GC (Allocation Failure) 2020-10-29T15:51:19.574+0000: [ParNew: 16388K->4K(18432K), 0.0032106 secs] 489021K->472637K(896640K), 0.0032679 secs] [Times: user=0.00 sys=0.00, real=0.00 secs] 
2020-10-29T15:51:19.592+0000: [GC (Allocation Failure) 2020-10-29T15:51:19.592+0000: [ParNew: 16388K->4K(18432K), 0.0031117 secs] 489021K->472637K(896640K), 0.0031662 secs] [Times: user=0.01 sys=0.00, real=0.01 secs] 
2020-10-29T15:51:19.610+0000: [GC (Allocation Failure) 2020-10-29T15:51:19.610+0000: [ParNew: 16388K->4K(18432K), 0.0032157 secs] 489021K->472637K(896640K), 0.0032746 secs] [Times: user=0.00 sys=0.00, real=0.01 secs] 
2020-10-29T15:51:19.628+0000: [GC (Allocation Failure) 2020-10-29T15:51:19.629+0000: [ParNew: 16388K->4K(18432K), 0.0032324 secs] 489021K->472637K(896640K), 0.0032900 secs] [Times: user=0.00 sys=0.00, real=0.00 secs] 
2020-10-29T15:51:19.648+0000: [GC (Allocation Failure) 2020-10-29T15:51:19.649+0000: [ParNew: 16388K->4K(18432K), 0.0032021 secs] 489021K->472637K(896640K), 0.0032605 secs] [Times: user=0.00 sys=0.00, real=0.00 secs] 
2020-10-29T15:51:19.668+0000: [GC (Allocation Failure) 2020-10-29T15:51:19.669+0000: [ParNew: 16388K->4K(18432K), 0.0031822 secs] 489021K->472637K(896640K), 0.0032387 secs] [Times: user=0.01 sys=0.00, real=0.00 secs] 
2020-10-29T15:51:19.686+0000: [GC (Allocation Failure) 2020-10-29T15:51:19.686+0000: [ParNew: 16388K->4K(18432K), 0.0031835 secs] 489021K->472637K(896640K), 0.0032407 secs] [Times: user=0.00 sys=0.00, real=0.00 secs] 
2020-10-29T15:51:19.708+0000: [GC (Allocation Failure) 2020-10-29T15:51:19.708+0000: [ParNew: 16388K->4K(18432K), 0.0031645 secs] 489021K->472637K(896640K), 0.0032200 secs] [Times: user=0.00 sys=0.00, real=0.00 secs] 
2020-10-29T15:51:19.728+0000: [GC (Allocation Failure) 2020-10-29T15:51:19.728+0000: [ParNew: 16388K->4K(18432K), 0.0031882 secs] 489021K->472637K(896640K), 0.0032440 secs] [Times: user=0.01 sys=0.00, real=0.00 secs] 
2020-10-29T15:51:19.746+0000: [GC (Allocation Failure) 2020-10-29T15:51:19.746+0000: [ParNew: 16388K->4K(18432K), 0.0031014 secs] 489021K->472637K(896640K), 0.0031558 secs] [Times: user=0.00 sys=0.00, real=0.00 secs] 
2020-10-29T15:51:19.766+0000: [GC (Allocation Failure) 2020-10-29T15:51:19.766+0000: [ParNew: 16388K->4K(18432K), 0.0030971 secs] 489021K->472637K(896640K), 0.0031508 secs] [Times: user=0.01 sys=0.00, real=0.00 secs] 
2020-10-29T15:51:19.783+0000: [GC (Allocation Failure) 2020-10-29T15:51:19.783+0000: [ParNew: 16388K->4K(18432K), 0.0031239 secs] 489021K->472637K(896640K), 0.0031849 secs] [Times: user=0.01 sys=0.00, real=0.01 secs] 
2020-10-29T15:51:19.803+0000: [GC (Allocation Failure) 2020-10-29T15:51:19.803+0000: [ParNew: 16388K->4K(18432K), 0.0030727 secs] 489021K->472637K(896640K), 0.0031252 secs] [Times: user=0.01 sys=0.00, real=0.01 secs] 
2020-10-29T15:51:19.821+0000: [GC (Allocation Failure) 2020-10-29T15:51:19.821+0000: [ParNew: 16388K->4K(18432K), 0.0030812 secs] 489021K->472637K(896640K), 0.0031334 secs] [Times: user=0.00 sys=0.00, real=0.00 secs] 
2020-10-29T15:51:19.840+0000: [GC (Allocation Failure) 2020-10-29T15:51:19.841+0000: [ParNew: 16388K->4K(18432K), 0.0031128 secs] 489021K->472637K(896640K), 0.0031655 secs] [Times: user=0.01 sys=0.00, real=0.00 secs] 
2020-10-29T15:51:19.860+0000: [GC (Allocation Failure) 2020-10-29T15:51:19.861+0000: [ParNew: 16388K->4K(18432K), 0.0030864 secs] 489021K->472637K(896640K), 0.0031659 secs] [Times: user=0.01 sys=0.00, real=0.00 secs] 
2020-10-29T15:51:19.878+0000: [GC (Allocation Failure) 2020-10-29T15:51:19.878+0000: [ParNew: 16388K->4K(18432K), 0.0032264 secs] 489021K->472637K(896640K), 0.0032819 secs] [Times: user=0.01 sys=0.00, real=0.00 secs] 
2020-10-29T15:51:19.896+0000: [GC (Allocation Failure) 2020-10-29T15:51:19.897+0000: [ParNew: 16388K->4K(18432K), 0.0030996 secs] 489021K->472637K(896640K), 0.0031523 secs] [Times: user=0.00 sys=0.00, real=0.00 secs] 
2020-10-29T15:51:19.917+0000: [GC (Allocation Failure) 2020-10-29T15:51:19.917+0000: [ParNew: 16388K->4K(18432K), 0.0031488 secs] 489021K->472637K(896640K), 0.0032054 secs] [Times: user=0.00 sys=0.00, real=0.00 secs] 
2020-10-29T15:51:19.936+0000: [GC (Allocation Failure) 2020-10-29T15:51:19.937+0000: [ParNew: 16388K->4K(18432K), 0.0031315 secs] 489021K->472637K(896640K), 0.0031866 secs] [Times: user=0.00 sys=0.00, real=0.00 secs] 
2020-10-29T15:51:19.954+0000: [GC (Allocation Failure) 2020-10-29T15:51:19.954+0000: [ParNew: 16388K->4K(18432K), 0.0031239 secs] 489021K->472637K(896640K), 0.0031766 secs] [Times: user=0.01 sys=0.00, real=0.00 secs] 
2020-10-29T15:51:19.972+0000: [GC (Allocation Failure) 2020-10-29T15:51:19.972+0000: [ParNew: 16388K->4K(18432K), 0.0031261 secs] 489021K->472637K(896640K), 0.0031796 secs] [Times: user=0.00 sys=0.00, real=0.01 secs] 
2020-10-29T15:51:19.990+0000: [GC (Allocation Failure) 2020-10-29T15:51:19.990+0000: [ParNew: 16388K->4K(18432K), 0.0031137 secs] 489021K->472637K(896640K), 0.0031669 secs] [Times: user=0.01 sys=0.00, real=0.01 secs] 
2020-10-29T15:51:20.008+0000: [GC (Allocation Failure) 2020-10-29T15:51:20.009+0000: [ParNew: 16388K->4K(18432K), 0.0031135 secs] 489021K->472637K(896640K), 0.0031788 secs] [Times: user=0.00 sys=0.00, real=0.00 secs] 
2020-10-29T15:51:20.027+0000: [GC (Allocation Failure) 2020-10-29T15:51:20.027+0000: [ParNew: 16388K->4K(18432K), 0.0031256 secs] 489021K->472637K(896640K), 0.0031731 secs] [Times: user=0.01 sys=0.00, real=0.00 secs] 
2020-10-29T15:51:20.044+0000: [GC (Allocation Failure) 2020-10-29T15:51:20.044+0000: [ParNew: 16388K->4K(18432K), 0.0031023 secs] 489021K->472637K(896640K), 0.0031555 secs] [Times: user=0.00 sys=0.00, real=0.00 secs] 
2020-10-29T15:51:20.064+0000: [GC (Allocation Failure) 2020-10-29T15:51:20.065+0000: [ParNew: 16388K->4K(18432K), 0.0031712 secs] 489021K->472637K(896640K), 0.0032269 secs] [Times: user=0.00 sys=0.00, real=0.00 secs] 
2020-10-29T15:51:20.082+0000: [GC (Allocation Failure) 2020-10-29T15:51:20.082+0000: [ParNew: 16388K->4K(18432K), 0.0031500 secs] 489021K->472637K(896640K), 0.0032030 secs] [Times: user=0.01 sys=0.00, real=0.01 secs] 
2020-10-29T15:51:20.104+0000: [GC (Allocation Failure) 2020-10-29T15:51:20.104+0000: [ParNew: 16388K->4K(18432K), 0.0031893 secs] 489021K->472637K(896640K), 0.0032466 secs] [Times: user=0.01 sys=0.00, real=0.01 secs] 
2020-10-29T15:51:20.122+0000: [GC (Allocation Failure) 2020-10-29T15:51:20.122+0000: [ParNew: 16388K->4K(18432K), 0.0032261 secs] 489021K->472637K(896640K), 0.0032819 secs] [Times: user=0.01 sys=0.00, real=0.01 secs] 
2020-10-29T15:51:20.140+0000: [GC (Allocation Failure) 2020-10-29T15:51:20.140+0000: [ParNew: 16388K->4K(18432K), 0.0031412 secs] 489021K->472637K(896640K), 0.0031959 secs] [Times: user=0.00 sys=0.00, real=0.00 secs] 
2020-10-29T15:51:20.158+0000: [GC (Allocation Failure) 2020-10-29T15:51:20.158+0000: [ParNew: 16388K->4K(18432K), 0.0031334 secs] 489021K->472637K(896640K), 0.0031874 secs] [Times: user=0.01 sys=0.00, real=0.00 secs] 
2020-10-29T15:51:20.175+0000: [GC (Allocation Failure) 2020-10-29T15:51:20.176+0000: [ParNew: 16388K->4K(18432K), 0.0031702 secs] 489021K->472637K(896640K), 0.0032257 secs] [Times: user=0.01 sys=0.00, real=0.00 secs] 
2020-10-29T15:51:20.196+0000: [GC (Allocation Failure) 2020-10-29T15:51:20.197+0000: [ParNew: 16388K->4K(18432K), 0.0031680 secs] 489021K->472637K(896640K), 0.0032246 secs] [Times: user=0.01 sys=0.00, real=0.00 secs] 
2020-10-29T15:51:20.214+0000: [GC (Allocation Failure) 2020-10-29T15:51:20.214+0000: [ParNew: 16388K->4K(18432K), 0.0032716 secs] 489021K->472637K(896640K), 0.0033289 secs] [Times: user=0.01 sys=0.00, real=0.00 secs] 
2020-10-29T15:51:20.233+0000: [GC (Allocation Failure) 2020-10-29T15:51:20.233+0000: [ParNew: 16388K->4K(18432K), 0.0032532 secs] 489021K->472637K(896640K), 0.0033124 secs] [Times: user=0.00 sys=0.00, real=0.00 secs] 
2020-10-29T15:51:20.252+0000: [GC (Allocation Failure) 2020-10-29T15:51:20.253+0000: [ParNew: 16388K->4K(18432K), 0.0032212 secs] 489021K->472637K(896640K), 0.0032792 secs] [Times: user=0.01 sys=0.00, real=0.00 secs] 
2020-10-29T15:51:20.270+0000: [GC (Allocation Failure) 2020-10-29T15:51:20.270+0000: [ParNew: 16388K->4K(18432K), 0.0031963 secs] 489021K->472637K(896640K), 0.0032541 secs] [Times: user=0.01 sys=0.00, real=0.01 secs] 
2020-10-29T15:51:20.292+0000: [GC (Allocation Failure) 2020-10-29T15:51:20.292+0000: [ParNew: 16388K->4K(18432K), 0.0031444 secs] 489021K->472637K(896640K), 0.0032015 secs] [Times: user=0.01 sys=0.00, real=0.01 secs] 
2020-10-29T15:51:20.310+0000: [GC (Allocation Failure) 2020-10-29T15:51:20.310+0000: [ParNew: 16388K->4K(18432K), 0.0031451 secs] 489021K->472637K(896640K), 0.0032003 secs] [Times: user=0.00 sys=0.00, real=0.01 secs] 
2020-10-29T15:51:20.329+0000: [GC (Allocation Failure) 2020-10-29T15:51:20.329+0000: [ParNew: 16388K->4K(18432K), 0.0031043 secs] 489021K->472637K(896640K), 0.0031569 secs] [Times: user=0.01 sys=0.01, real=0.00 secs] 
2020-10-29T15:51:20.348+0000: [GC (Allocation Failure) 2020-10-29T15:51:20.349+0000: [ParNew: 16388K->4K(18432K), 0.0031423 secs] 489021K->472637K(896640K), 0.0031975 secs] [Times: user=0.00 sys=0.00, real=0.00 secs] 
2020-10-29T15:51:20.366+0000: [GC (Allocation Failure) 2020-10-29T15:51:20.366+0000: [ParNew: 16388K->4K(18432K), 0.0031824 secs] 489021K->472637K(896640K), 0.0032371 secs] [Times: user=0.01 sys=0.00, real=0.00 secs] 
2020-10-29T15:51:20.388+0000: [GC (Allocation Failure) 2020-10-29T15:51:20.388+0000: [ParNew: 16388K->4K(18432K), 0.0031449 secs] 489021K->472637K(896640K), 0.0031995 secs] [Times: user=0.00 sys=0.00, real=0.00 secs] 
2020-10-29T15:51:20.408+0000: [GC (Allocation Failure) 2020-10-29T15:51:20.408+0000: [ParNew: 16388K->4K(18432K), 0.0031825 secs] 489021K->472637K(896640K), 0.0032348 secs] [Times: user=0.01 sys=0.00, real=0.00 secs] 
2020-10-29T15:51:20.426+0000: [GC (Allocation Failure) 2020-10-29T15:51:20.426+0000: [ParNew: 16388K->4K(18432K), 0.0031700 secs] 489021K->472637K(896640K), 0.0032247 secs] [Times: user=0.01 sys=0.00, real=0.00 secs] 
2020-10-29T15:51:20.444+0000: [GC (Allocation Failure) 2020-10-29T15:51:20.445+0000: [ParNew: 16387K->4K(18432K), 0.0031848 secs] 489021K->472637K(896640K), 0.0032423 secs] [Times: user=0.00 sys=0.00, real=0.00 secs] 
2020-10-29T15:51:20.465+0000: [GC (Allocation Failure) 2020-10-29T15:51:20.465+0000: [ParNew: 16388K->4K(18432K), 0.0032118 secs] 489021K->472637K(896640K), 0.0032716 secs] [Times: user=0.01 sys=0.00, real=0.00 secs] 
2020-10-29T15:51:20.482+0000: [GC (Allocation Failure) 2020-10-29T15:51:20.482+0000: [ParNew: 16388K->4K(18432K), 0.0032519 secs] 489021K->472637K(896640K), 0.0033113 secs] [Times: user=0.00 sys=0.00, real=0.01 secs] 
2020-10-29T15:51:20.500+0000: [GC (Allocation Failure) 2020-10-29T15:51:20.500+0000: [ParNew: 16388K->4K(18432K), 0.0031568 secs] 489021K->472637K(896640K), 0.0032113 secs] [Times: user=0.01 sys=0.00, real=0.00 secs] 
2020-10-29T15:51:20.520+0000: [GC (Allocation Failure) 2020-10-29T15:51:20.521+0000: [ParNew: 16388K->4K(18432K), 0.0031894 secs] 489021K->472637K(896640K), 0.0032445 secs] [Times: user=0.00 sys=0.00, real=0.00 secs] 
2020-10-29T15:51:20.538+0000: [GC (Allocation Failure) 2020-10-29T15:51:20.538+0000: [ParNew: 16388K->4K(18432K), 0.0032091 secs] 489021K->472637K(896640K), 0.0032664 secs] [Times: user=0.01 sys=0.00, real=0.00 secs] 
2020-10-29T15:51:20.556+0000: [GC (Allocation Failure) 2020-10-29T15:51:20.556+0000: [ParNew: 16388K->4K(18432K), 0.0031759 secs] 489021K->472638K(896640K), 0.0032324 secs] [Times: user=0.00 sys=0.00, real=0.00 secs] 
2020-10-29T15:51:20.574+0000: [GC (Allocation Failure) 2020-10-29T15:51:20.574+0000: [ParNew: 16388K->4K(18432K), 0.0045263 secs] 489022K->472638K(896640K), 0.0045816 secs] [Times: user=0.01 sys=0.00, real=0.00 secs] 
2020-10-29T15:51:20.597+0000: [GC (Allocation Failure) 2020-10-29T15:51:20.597+0000: [ParNew: 16388K->4K(18432K), 0.0031864 secs] 489022K->472638K(896640K), 0.0032446 secs] [Times: user=0.01 sys=0.00, real=0.00 secs] 
2020-10-29T15:51:20.616+0000: [GC (Allocation Failure) 2020-10-29T15:51:20.617+0000: [ParNew: 16388K->4K(18432K), 0.0031566 secs] 489022K->472638K(896640K), 0.0032114 secs] [Times: user=0.01 sys=0.00, real=0.00 secs] 
2020-10-29T15:51:20.634+0000: [GC (Allocation Failure) 2020-10-29T15:51:20.634+0000: [ParNew: 16388K->4K(18432K), 0.0032572 secs] 489022K->472638K(896640K), 0.0033166 secs] [Times: user=0.00 sys=0.00, real=0.00 secs] 
2020-10-29T15:51:20.656+0000: [GC (Allocation Failure) 2020-10-29T15:51:20.656+0000: [ParNew: 16388K->4K(18432K), 0.0031966 secs] 489022K->472638K(896640K), 0.0032621 secs] [Times: user=0.00 sys=0.00, real=0.00 secs] 
2020-10-29T15:51:20.676+0000: [GC (Allocation Failure) 2020-10-29T15:51:20.676+0000: [ParNew: 16388K->4K(18432K), 0.0031377 secs] 489022K->472638K(896640K), 0.0032014 secs] [Times: user=0.01 sys=0.00, real=0.00 secs] 
2020-10-29T15:51:20.694+0000: [GC (Allocation Failure) 2020-10-29T15:51:20.694+0000: [ParNew: 16388K->4K(18432K), 0.0031499 secs] 489022K->472638K(896640K), 0.0032052 secs] [Times: user=0.00 sys=0.00, real=0.00 secs] 
2020-10-29T15:51:20.712+0000: [GC (Allocation Failure) 2020-10-29T15:51:20.712+0000: [ParNew: 16388K->4K(18432K), 0.0031650 secs] 489022K->472638K(896640K), 0.0032203 secs] [Times: user=0.01 sys=0.00, real=0.01 secs] 
2020-10-29T15:51:20.730+0000: [GC (Allocation Failure) 2020-10-29T15:51:20.730+0000: [ParNew: 16388K->4K(18432K), 0.0032024 secs] 489022K->472638K(896640K), 0.0032690 secs] [Times: user=0.00 sys=0.00, real=0.01 secs] 
2020-10-29T15:51:20.748+0000: [GC (Allocation Failure) 2020-10-29T15:51:20.748+0000: [ParNew: 16388K->4K(18432K), 0.0031299 secs] 489022K->472638K(896640K), 0.0031838 secs] [Times: user=0.00 sys=0.00, real=0.00 secs] 
2020-10-29T15:51:20.769+0000: [GC (Allocation Failure) 2020-10-29T15:51:20.769+0000: [ParNew: 16388K->4K(18432K), 0.0031762 secs] 489022K->472638K(896640K), 0.0032334 secs] [Times: user=0.01 sys=0.00, real=0.00 secs] 
2020-10-29T15:51:20.787+0000: [GC (Allocation Failure) 2020-10-29T15:51:20.787+0000: [ParNew: 16388K->4K(18432K), 0.0032100 secs] 489022K->472638K(896640K), 0.0032647 secs] [Times: user=0.01 sys=0.00, real=0.00 secs] 
2020-10-29T15:51:20.808+0000: [GC (Allocation Failure) 2020-10-29T15:51:20.808+0000: [ParNew: 16388K->4K(18432K), 0.0031887 secs] 489022K->472638K(896640K), 0.0032439 secs] [Times: user=0.01 sys=0.00, real=0.00 secs] 
2020-10-29T15:51:20.826+0000: [GC (Allocation Failure) 2020-10-29T15:51:20.826+0000: [ParNew: 16388K->4K(18432K), 0.0032153 secs] 489022K->472638K(896640K), 0.0032710 secs] [Times: user=0.00 sys=0.00, real=0.00 secs] 
2020-10-29T15:51:20.848+0000: [GC (Allocation Failure) 2020-10-29T15:51:20.848+0000: [ParNew: 16388K->4K(18432K), 0.0031754 secs] 489022K->472638K(896640K), 0.0032316 secs] [Times: user=0.01 sys=0.00, real=0.00 secs] 
2020-10-29T15:51:20.866+0000: [GC (Allocation Failure) 2020-10-29T15:51:20.866+0000: [ParNew: 16388K->4K(18432K), 0.0032425 secs] 489022K->472638K(896640K), 0.0033056 secs] [Times: user=0.00 sys=0.00, real=0.00 secs] 
2020-10-29T15:51:20.884+0000: [GC (Allocation Failure) 2020-10-29T15:51:20.885+0000: [ParNew: 16388K->4K(18432K), 0.0031730 secs] 489022K->472638K(896640K), 0.0032286 secs] [Times: user=0.01 sys=0.00, real=0.00 secs] 
2020-10-29T15:51:20.902+0000: [GC (Allocation Failure) 2020-10-29T15:51:20.902+0000: [ParNew: 16388K->4K(18432K), 0.0032254 secs] 489022K->472638K(896640K), 0.0032842 secs] [Times: user=0.00 sys=0.00, real=0.01 secs] 
2020-10-29T15:51:20.920+0000: [GC (Allocation Failure) 2020-10-29T15:51:20.920+0000: [ParNew: 16388K->4K(18432K), 0.0031309 secs] 489022K->472638K(896640K), 0.0031925 secs] [Times: user=0.00 sys=0.01, real=0.00 secs] 
2020-10-29T15:51:20.938+0000: [GC (Allocation Failure) 2020-10-29T15:51:20.938+0000: [ParNew: 16388K->4K(18432K), 0.0031906 secs] 489022K->472638K(896640K), 0.0032429 secs] [Times: user=0.01 sys=0.00, real=0.00 secs] 
2020-10-29T15:51:20.956+0000: [GC (Allocation Failure) 2020-10-29T15:51:20.956+0000: [ParNew: 16388K->4K(18432K), 0.0030576 secs] 489022K->472638K(896640K), 0.0031098 secs] [Times: user=0.00 sys=0.00, real=0.00 secs] 
2020-10-29T15:51:20.973+0000: [GC (Allocation Failure) 2020-10-29T15:51:20.973+0000: [ParNew: 16388K->4K(18432K), 0.0030911 secs] 489022K->472638K(896640K), 0.0031454 secs] [Times: user=0.00 sys=0.00, real=0.00 secs] 
2020-10-29T15:51:20.992+0000: [GC (Allocation Failure) 2020-10-29T15:51:20.993+0000: [ParNew: 16388K->4K(18432K), 0.0031369 secs] 489022K->472638K(896640K), 0.0031915 secs] [Times: user=0.01 sys=0.00, real=0.00 secs] 
2020-10-29T15:51:21.010+0000: [GC (Allocation Failure) 2020-10-29T15:51:21.010+0000: [ParNew: 16388K->4K(18432K), 0.0031631 secs] 489022K->472638K(896640K), 0.0032189 secs] [Times: user=0.01 sys=0.00, real=0.01 secs] 
2020-10-29T15:51:21.028+0000: [GC (Allocation Failure) 2020-10-29T15:51:21.029+0000: [ParNew: 16388K->4K(18432K), 0.0030723 secs] 489022K->472638K(896640K), 0.0031244 secs] [Times: user=0.01 sys=0.00, real=0.00 secs] 
2020-10-29T15:51:21.046+0000: [GC (Allocation Failure) 2020-10-29T15:51:21.046+0000: [ParNew: 16388K->4K(18432K), 0.0031572 secs] 489022K->472638K(896640K), 0.0032124 secs] [Times: user=0.00 sys=0.00, real=0.00 secs] 
2020-10-29T15:51:21.065+0000: [GC (Allocation Failure) 2020-10-29T15:51:21.065+0000: [ParNew: 16388K->4K(18432K), 0.0031362 secs] 489022K->472638K(896640K), 0.0031921 secs] [Times: user=0.01 sys=0.00, real=0.00 secs] 
2020-10-29T15:51:21.082+0000: [GC (Allocation Failure) 2020-10-29T15:51:21.082+0000: [ParNew: 16388K->4K(18432K), 0.0031370 secs] 489022K->472638K(896640K), 0.0031992 secs] [Times: user=0.01 sys=0.00, real=0.01 secs] 
2020-10-29T15:51:21.100+0000: [GC (Allocation Failure) 2020-10-29T15:51:21.100+0000: [ParNew: 16388K->4K(18432K), 0.0032479 secs] 489022K->472638K(896640K), 0.0033064 secs] [Times: user=0.00 sys=0.00, real=0.00 secs] 
2020-10-29T15:51:21.118+0000: [GC (Allocation Failure) 2020-10-29T15:51:21.118+0000: [ParNew: 16388K->4K(18432K), 0.0031663 secs] 489022K->472638K(896640K), 0.0032222 secs] [Times: user=0.01 sys=0.00, real=0.00 secs] 
2020-10-29T15:51:21.137+0000: [GC (Allocation Failure) 2020-10-29T15:51:21.137+0000: [ParNew: 16388K->4K(18432K), 0.0031687 secs] 489022K->472638K(896640K), 0.0032259 secs] [Times: user=0.00 sys=0.00, real=0.00 secs] 
2020-10-29T15:51:21.154+0000: [GC (Allocation Failure) 2020-10-29T15:51:21.154+0000: [ParNew: 16388K->4K(18432K), 0.0031593 secs] 489022K->472638K(896640K), 0.0032156 secs] [Times: user=0.01 sys=0.00, real=0.00 secs] 
2020-10-29T15:51:21.172+0000: [GC (Allocation Failure) 2020-10-29T15:51:21.172+0000: [ParNew: 16388K->4K(18432K), 0.0031199 secs] 489022K->472638K(896640K), 0.0031725 secs] [Times: user=0.01 sys=0.00, real=0.01 secs] 
2020-10-29T15:51:21.190+0000: [GC (Allocation Failure) 2020-10-29T15:51:21.190+0000: [ParNew: 16388K->4K(18432K), 0.0032024 secs] 489022K->472638K(896640K), 0.0032564 secs] [Times: user=0.01 sys=0.00, real=0.01 secs] 
2020-10-29T15:51:21.208+0000: [GC (Allocation Failure) 2020-10-29T15:51:21.208+0000: [ParNew: 16388K->4K(18432K), 0.0031541 secs] 489022K->472638K(896640K), 0.0032082 secs] [Times: user=0.01 sys=0.00, real=0.00 secs] 
2020-10-29T15:51:21.228+0000: [GC (Allocation Failure) 2020-10-29T15:51:21.229+0000: [ParNew: 16388K->4K(18432K), 0.0032267 secs] 489022K->472638K(896640K), 0.0032821 secs] [Times: user=0.01 sys=0.00, real=0.00 secs] 
2020-10-29T15:51:21.246+0000: [GC (Allocation Failure) 2020-10-29T15:51:21.246+0000: [ParNew: 16388K->4K(18432K), 0.0031663 secs] 489022K->472638K(896640K), 0.0032212 secs] [Times: user=0.01 sys=0.00, real=0.00 secs] 
2020-10-29T15:51:21.268+0000: [GC (Allocation Failure) 2020-10-29T15:51:21.268+0000: [ParNew: 16388K->4K(18432K), 0.0031531 secs] 489022K->472638K(896640K), 0.0032077 secs] [Times: user=0.00 sys=0.00, real=0.00 secs] 
2020-10-29T15:51:21.286+0000: [GC (Allocation Failure) 2020-10-29T15:51:21.286+0000: [ParNew: 16388K->4K(18432K), 0.0101004 secs] 489022K->472638K(896640K), 0.0101555 secs] [Times: user=0.01 sys=0.00, real=0.01 secs] 
2020-10-29T15:51:21.311+0000: [GC (Allocation Failure) 2020-10-29T15:51:21.311+0000: [ParNew: 16388K->4K(18432K), 0.0032047 secs] 489022K->472638K(896640K), 0.0032658 secs] [Times: user=0.00 sys=0.00, real=0.01 secs] 
2020-10-29T15:51:21.329+0000: [GC (Allocation Failure) 2020-10-29T15:51:21.329+0000: [ParNew: 16388K->4K(18432K), 0.0031354 secs] 489022K->472638K(896640K), 0.0031908 secs] [Times: user=0.01 sys=0.00, real=0.00 secs] 
2020-10-29T15:51:21.347+0000: [GC (Allocation Failure) 2020-10-29T15:51:21.347+0000: [ParNew: 16388K->4K(18432K), 0.0031974 secs] 489022K->472638K(896640K), 0.0032536 secs] [Times: user=0.01 sys=0.00, real=0.00 secs] 
2020-10-29T15:51:21.365+0000: [GC (Allocation Failure) 2020-10-29T15:51:21.365+0000: [ParNew: 16388K->4K(18432K), 0.0030381 secs] 489022K->472638K(896640K), 0.0030907 secs] [Times: user=0.01 sys=0.00, real=0.00 secs] 
2020-10-29T15:51:21.382+0000: [GC (Allocation Failure) 2020-10-29T15:51:21.382+0000: [ParNew: 16388K->4K(18432K), 0.0031997 secs] 489022K->472638K(896640K), 0.0032560 secs] [Times: user=0.01 sys=0.00, real=0.01 secs] 
2020-10-29T15:51:21.400+0000: [GC (Allocation Failure) 2020-10-29T15:51:21.401+0000: [ParNew: 16388K->4K(18432K), 0.0032769 secs] 489022K->472638K(896640K), 0.0033357 secs] [Times: user=0.01 sys=0.00, real=0.00 secs] 
2020-10-29T15:51:21.425+0000: [GC (Allocation Failure) 2020-10-29T15:51:21.425+0000: [ParNew: 16388K->4K(18432K), 0.0031877 secs] 489022K->472638K(896640K), 0.0032769 secs] [Times: user=0.01 sys=0.00, real=0.00 secs] 
2020-10-29T15:51:21.448+0000: [GC (Allocation Failure) 2020-10-29T15:51:21.448+0000: [ParNew: 16388K->4K(18432K), 0.0032139 secs] 489022K->472638K(896640K), 0.0032722 secs] [Times: user=0.00 sys=0.00, real=0.00 secs] 
2020-10-29T15:51:21.469+0000: [GC (Allocation Failure) 2020-10-29T15:51:21.469+0000: [ParNew: 16388K->4K(18432K), 0.0031946 secs] 489022K->472638K(896640K), 0.0032526 secs] [Times: user=0.01 sys=0.00, real=0.00 secs] 
2020-10-29T15:51:21.486+0000: [GC (Allocation Failure) 2020-10-29T15:51:21.486+0000: [ParNew: 16388K->4K(18432K), 0.0031443 secs] 489022K->472638K(896640K), 0.0031991 secs] [Times: user=0.00 sys=0.00, real=0.00 secs] 
2020-10-29T15:51:21.504+0000: [GC (Allocation Failure) 2020-10-29T15:51:21.504+0000: [ParNew: 16388K->4K(18432K), 0.0031319 secs] 489022K->472638K(896640K), 0.0031852 secs] [Times: user=0.01 sys=0.00, real=0.01 secs] 
2020-10-29T15:51:21.522+0000: [GC (Allocation Failure) 2020-10-29T15:51:21.522+0000: [ParNew: 16388K->4K(18432K), 0.0031335 secs] 489022K->472638K(896640K), 0.0031849 secs] [Times: user=0.00 sys=0.00, real=0.01 secs] 
2020-10-29T15:51:21.539+0000: [GC (Allocation Failure) 2020-10-29T15:51:21.539+0000: [ParNew: 16388K->4K(18432K), 0.0031548 secs] 489022K->472638K(896640K), 0.0032079 secs] [Times: user=0.01 sys=0.00, real=0.00 secs] 
2020-10-29T15:51:21.557+0000: [GC (Allocation Failure) 2020-10-29T15:51:21.558+0000: [ParNew: 16388K->4K(18432K), 0.0032283 secs] 489022K->472638K(896640K), 0.0032854 secs] [Times: user=0.01 sys=0.00, real=0.00 secs] 
2020-10-29T15:51:21.576+0000: [GC (Allocation Failure) 2020-10-29T15:51:21.577+0000: [ParNew: 16388K->4K(18432K), 0.0031630 secs] 489022K->472638K(896640K), 0.0032187 secs] [Times: user=0.00 sys=0.00, real=0.00 secs] 
2020-10-29T15:51:21.597+0000: [GC (Allocation Failure) 2020-10-29T15:51:21.597+0000: [ParNew: 16388K->4K(18432K), 0.0032163 secs] 489022K->472638K(896640K), 0.0032755 secs] [Times: user=0.01 sys=0.00, real=0.00 secs] 
2020-10-29T15:51:21.615+0000: [GC (Allocation Failure) 2020-10-29T15:51:21.615+0000: [ParNew: 16388K->4K(18432K), 0.0032014 secs] 489022K->472638K(896640K), 0.0032605 secs] [Times: user=0.00 sys=0.00, real=0.00 secs] 
2020-10-29T15:51:21.636+0000: [GC (Allocation Failure) 2020-10-29T15:51:21.636+0000: [ParNew: 16388K->4K(18432K), 0.0032046 secs] 489022K->472638K(896640K), 0.0032618 secs] [Times: user=0.01 sys=0.00, real=0.00 secs] 
2020-10-29T15:51:21.656+0000: [GC (Allocation Failure) 2020-10-29T15:51:21.657+0000: [ParNew: 16388K->4K(18432K), 0.0032189 secs] 489022K->472638K(896640K), 0.0032759 secs] [Times: user=0.00 sys=0.00, real=0.00 secs] 
2020-10-29T15:51:21.675+0000: [GC (Allocation Failure) 2020-10-29T15:51:21.675+0000: [ParNew: 16388K->4K(18432K), 0.0031622 secs] 489022K->472638K(896640K), 0.0032191 secs] [Times: user=0.01 sys=0.00, real=0.00 secs] 
2020-10-29T15:51:21.696+0000: [GC (Allocation Failure) 2020-10-29T15:51:21.696+0000: [ParNew: 16388K->4K(18432K), 0.0031498 secs] 489022K->472638K(896640K), 0.0032069 secs] [Times: user=0.01 sys=0.00, real=0.00 secs] 
2020-10-29T15:51:21.714+0000: [GC (Allocation Failure) 2020-10-29T15:51:21.714+0000: [ParNew: 16388K->4K(18432K), 0.0031805 secs] 489022K->472638K(896640K), 0.0032360 secs] [Times: user=0.00 sys=0.00, real=0.00 secs] 
2020-10-29T15:51:21.732+0000: [GC (Allocation Failure) 2020-10-29T15:51:21.732+0000: [ParNew: 16388K->4K(18432K), 0.0031365 secs] 489022K->472638K(896640K), 0.0031926 secs] [Times: user=0.01 sys=0.00, real=0.01 secs] 
2020-10-29T15:51:21.750+0000: [GC (Allocation Failure) 2020-10-29T15:51:21.750+0000: [ParNew: 16388K->4K(18432K), 0.0031654 secs] 489022K->472638K(896640K), 0.0032229 secs] [Times: user=0.01 sys=0.00, real=0.01 secs] 
2020-10-29T15:51:21.768+0000: [GC (Allocation Failure) 2020-10-29T15:51:21.769+0000: [ParNew: 16388K->4K(18432K), 0.0031633 secs] 489022K->472638K(896640K), 0.0032194 secs] [Times: user=0.01 sys=0.00, real=0.00 secs] 
2020-10-29T15:51:21.793+0000: [GC (Allocation Failure) 2020-10-29T15:51:21.793+0000: [ParNew: 16388K->4K(18432K), 0.0033793 secs] 489022K->472638K(896640K), 0.0034353 secs] [Times: user=0.00 sys=0.00, real=0.00 secs] 
2020-10-29T15:51:21.810+0000: [GC (Allocation Failure) 2020-10-29T15:51:21.810+0000: [ParNew: 16388K->4K(18432K), 0.0031541 secs] 489022K->472638K(896640K), 0.0032105 secs] [Times: user=0.01 sys=0.00, real=0.01 secs] 
2020-10-29T15:51:21.828+0000: [GC (Allocation Failure) 2020-10-29T15:51:21.828+0000: [ParNew: 16388K->4K(18432K), 0.0031277 secs] 489022K->472638K(896640K), 0.0031826 secs] [Times: user=0.01 sys=0.00, real=0.00 secs] 
2020-10-29T15:51:21.848+0000: [GC (Allocation Failure) 2020-10-29T15:51:21.849+0000: [ParNew: 16388K->4K(18432K), 0.0031980 secs] 489022K->472638K(896640K), 0.0032569 secs] [Times: user=0.00 sys=0.00, real=0.00 secs] 
2020-10-29T15:51:21.866+0000: [GC (Allocation Failure) 2020-10-29T15:51:21.866+0000: [ParNew: 16388K->4K(18432K), 0.0032401 secs] 489022K->472638K(896640K), 0.0032993 secs] [Times: user=0.01 sys=0.00, real=0.00 secs] 
2020-10-29T15:51:21.884+0000: [GC (Allocation Failure) 2020-10-29T15:51:21.884+0000: [ParNew: 16388K->4K(18432K), 0.0031934 secs] 489022K->472638K(896640K), 0.0032504 secs] [Times: user=0.00 sys=0.00, real=0.00 secs] 
2020-10-29T15:51:21.904+0000: [GC (Allocation Failure) 2020-10-29T15:51:21.905+0000: [ParNew: 16388K->4K(18432K), 0.0032294 secs] 489022K->472638K(896640K), 0.0032883 secs] [Times: user=0.01 sys=0.00, real=0.00 secs] 
2020-10-29T15:51:21.924+0000: [GC (Allocation Failure) 2020-10-29T15:51:21.924+0000: [ParNew: 16388K->4K(18432K), 0.0032464 secs] 489022K->472638K(896640K), 0.0033061 secs] [Times: user=0.00 sys=0.00, real=0.01 secs] 
2020-10-29T15:51:21.942+0000: [GC (Allocation Failure) 2020-10-29T15:51:21.942+0000: [ParNew: 16388K->4K(18432K), 0.0033117 secs] 489022K->472638K(896640K), 0.0033681 secs] [Times: user=0.01 sys=0.00, real=0.01 secs] 
2020-10-29T15:51:21.960+0000: [GC (Allocation Failure) 2020-10-29T15:51:21.960+0000: [ParNew: 16388K->4K(18432K), 0.0032209 secs] 489022K->472638K(896640K), 0.0032797 secs] [Times: user=0.00 sys=0.00, real=0.00 secs] 
2020-10-29T15:51:21.978+0000: [GC (Allocation Failure) 2020-10-29T15:51:21.978+0000: [ParNew: 16388K->4K(18432K), 0.0031867 secs] 489022K->472638K(896640K), 0.0032443 secs] [Times: user=0.01 sys=0.00, real=0.00 secs] 
2020-10-29T15:51:21.996+0000: [GC (Allocation Failure) 2020-10-29T15:51:21.996+0000: [ParNew: 16388K->4K(18432K), 0.0031584 secs] 489022K->472638K(896640K), 0.0032218 secs] [Times: user=0.00 sys=0.00, real=0.00 secs] 
2020-10-29T15:51:22.017+0000: [GC (Allocation Failure) 2020-10-29T15:51:22.017+0000: [ParNew: 16388K->4K(18432K), 0.0031823 secs] 489022K->472638K(896640K), 0.0032395 secs] [Times: user=0.01 sys=0.00, real=0.00 secs] 
2020-10-29T15:51:22.035+0000: [GC (Allocation Failure) 2020-10-29T15:51:22.035+0000: [ParNew: 16388K->4K(18432K), 0.0032086 secs] 489022K->472638K(896640K), 0.0032626 secs] [Times: user=0.01 sys=0.00, real=0.00 secs] 
2020-10-29T15:51:22.053+0000: [GC (Allocation Failure) 2020-10-29T15:51:22.053+0000: [ParNew: 16388K->4K(18432K), 0.0032114 secs] 489022K->472638K(896640K), 0.0032700 secs] [Times: user=0.01 sys=0.00, real=0.00 secs] 
2020-10-29T15:51:22.073+0000: [GC (Allocation Failure) 2020-10-29T15:51:22.073+0000: [ParNew: 16388K->4K(18432K), 0.0033102 secs] 489022K->472638K(896640K), 0.0033748 secs] [Times: user=0.01 sys=0.00, real=0.00 secs] 
2020-10-29T15:51:22.091+0000: [GC (Allocation Failure) 2020-10-29T15:51:22.091+0000: [ParNew: 16388K->4K(18432K), 0.0032418 secs] 489022K->472638K(896640K), 0.0032958 secs] [Times: user=0.00 sys=0.00, real=0.01 secs] 
2020-10-29T15:51:22.112+0000: [GC (Allocation Failure) 2020-10-29T15:51:22.113+0000: [ParNew: 16388K->4K(18432K), 0.0032138 secs] 489022K->472638K(896640K), 0.0032701 secs] [Times: user=0.01 sys=0.00, real=0.00 secs] 
2020-10-29T15:51:22.135+0000: [GC (Allocation Failure) 2020-10-29T15:51:22.135+0000: [ParNew: 16388K->4K(18432K), 0.0032154 secs] 489022K->472638K(896640K), 0.0032713 secs] [Times: user=0.01 sys=0.00, real=0.00 secs] 
2020-10-29T15:51:22.153+0000: [GC (Allocation Failure) 2020-10-29T15:51:22.153+0000: [ParNew: 16388K->4K(18432K), 0.0031686 secs] 489022K->472638K(896640K), 0.0032250 secs] [Times: user=0.00 sys=0.00, real=0.00 secs] 
2020-10-29T15:51:22.172+0000: [GC (Allocation Failure) 2020-10-29T15:51:22.173+0000: [ParNew: 16388K->4K(18432K), 0.0031741 secs] 489022K->472638K(896640K), 0.0032303 secs] [Times: user=0.01 sys=0.00, real=0.00 secs] 
2020-10-29T15:51:22.190+0000: [GC (Allocation Failure) 2020-10-29T15:51:22.190+0000: [ParNew: 16388K->4K(18432K), 0.0031279 secs] 489022K->472638K(896640K), 0.0031811 secs] [Times: user=0.01 sys=0.00, real=0.01 secs] 
2020-10-29T15:51:22.208+0000: [GC (Allocation Failure) 2020-10-29T15:51:22.209+0000: [ParNew: 16388K->4K(18432K), 0.0031791 secs] 489022K->472638K(896640K), 0.0032339 secs] [Times: user=0.01 sys=0.00, real=0.00 secs] 
2020-10-29T15:51:22.228+0000: [GC (Allocation Failure) 2020-10-29T15:51:22.229+0000: [ParNew: 16388K->4K(18432K), 0.0031465 secs] 489022K->472638K(896640K), 0.0032016 secs] [Times: user=0.00 sys=0.00, real=0.00 secs] 
2020-10-29T15:51:22.247+0000: [GC (Allocation Failure) 2020-10-29T15:51:22.247+0000: [ParNew: 16388K->4K(18432K), 0.0031891 secs] 489022K->472638K(896640K), 0.0032456 secs] [Times: user=0.01 sys=0.00, real=0.00 secs] 
2020-10-29T15:51:22.266+0000: [GC (Allocation Failure) 2020-10-29T15:51:22.266+0000: [ParNew: 16388K->4K(18432K), 0.0031989 secs] 489022K->472638K(896640K), 0.0032557 secs] [Times: user=0.01 sys=0.00, real=0.00 secs] 
2020-10-29T15:51:22.288+0000: [GC (Allocation Failure) 2020-10-29T15:51:22.289+0000: [ParNew: 16388K->4K(18432K), 0.0032291 secs] 489022K->472638K(896640K), 0.0032875 secs] [Times: user=0.01 sys=0.00, real=0.00 secs] 
2020-10-29T15:51:22.309+0000: [GC (Allocation Failure) 2020-10-29T15:51:22.309+0000: [ParNew: 16388K->4K(18432K), 0.0031914 secs] 489022K->472638K(896640K), 0.0032515 secs] [Times: user=0.01 sys=0.00, real=0.00 secs] 
2020-10-29T15:51:22.328+0000: [GC (Allocation Failure) 2020-10-29T15:51:22.329+0000: [ParNew: 16388K->4K(18432K), 0.0032232 secs] 489022K->472638K(896640K), 0.0032804 secs] [Times: user=0.00 sys=0.00, real=0.00 secs] 
2020-10-29T15:51:22.347+0000: [GC (Allocation Failure) 2020-10-29T15:51:22.347+0000: [ParNew: 16388K->4K(18432K), 0.0031927 secs] 489022K->472638K(896640K), 0.0032511 secs] [Times: user=0.01 sys=0.00, real=0.00 secs] 
2020-10-29T15:51:22.368+0000: [GC (Allocation Failure) 2020-10-29T15:51:22.368+0000: [ParNew: 16388K->4K(18432K), 0.0032035 secs] 489022K->472638K(896640K), 0.0032609 secs] [Times: user=0.01 sys=0.00, real=0.00 secs] 
2020-10-29T15:51:22.386+0000: [GC (Allocation Failure) 2020-10-29T15:51:22.386+0000: [ParNew: 16388K->4K(18432K), 0.0032034 secs] 489022K->472638K(896640K), 0.0032603 secs] [Times: user=0.00 sys=0.00, real=0.00 secs] 
2020-10-29T15:51:22.404+0000: [GC (Allocation Failure) 2020-10-29T15:51:22.404+0000: [ParNew: 16388K->4K(18432K), 0.0032298 secs] 489022K->472638K(896640K), 0.0032898 secs] [Times: user=0.01 sys=0.00, real=0.01 secs] 
2020-10-29T15:51:22.422+0000: [GC (Allocation Failure) 2020-10-29T15:51:22.422+0000: [ParNew: 16388K->4K(18432K), 0.0032128 secs] 489022K->472638K(896640K), 0.0032717 secs] [Times: user=0.01 sys=0.00, real=0.01 secs] 
2020-10-29T15:51:22.440+0000: [GC (Allocation Failure) 2020-10-29T15:51:22.440+0000: [ParNew: 16388K->4K(18432K), 0.0032352 secs] 489022K->472638K(896640K), 0.0033168 secs] [Times: user=0.01 sys=0.00, real=0.00 secs] 
2020-10-29T15:51:22.458+0000: [GC (Allocation Failure) 2020-10-29T15:51:22.458+0000: [ParNew: 16388K->4K(18432K), 0.0032097 secs] 489022K->472638K(896640K), 0.0032667 secs] [Times: user=0.01 sys=0.00, real=0.00 secs] 
2020-10-29T15:51:22.476+0000: [GC (Allocation Failure) 2020-10-29T15:51:22.476+0000: [ParNew: 16388K->4K(18432K), 0.0031756 secs] 489022K->472638K(896640K), 0.0032327 secs] [Times: user=0.01 sys=0.00, real=0.00 secs] 
2020-10-29T15:51:22.496+0000: [GC (Allocation Failure) 2020-10-29T15:51:22.497+0000: [ParNew: 16388K->4K(18432K), 0.0031902 secs] 489022K->472638K(896640K), 0.0032440 secs] [Times: user=0.01 sys=0.00, real=0.00 secs] 
2020-10-29T15:51:22.514+0000: [GC (Allocation Failure) 2020-10-29T15:51:22.514+0000: [ParNew: 16388K->4K(18432K), 0.0032530 secs] 489022K->472638K(896640K), 0.0033353 secs] [Times: user=0.00 sys=0.00, real=0.00 secs] 
2020-10-29T15:51:22.536+0000: [GC (Allocation Failure) 2020-10-29T15:51:22.536+0000: [ParNew: 16388K->4K(18432K), 0.0031865 secs] 489022K->472638K(896640K), 0.0032432 secs] [Times: user=0.00 sys=0.00, real=0.00 secs] 
2020-10-29T15:51:22.557+0000: [GC (Allocation Failure) 2020-10-29T15:51:22.557+0000: [ParNew: 16388K->4K(18432K), 0.0032069 secs] 489022K->472638K(896640K), 0.0032650 secs] [Times: user=0.01 sys=0.00, real=0.00 secs] 
2020-10-29T15:51:22.576+0000: [GC (Allocation Failure) 2020-10-29T15:51:22.577+0000: [ParNew: 16388K->4K(18432K), 0.0031687 secs] 489022K->472638K(896640K), 0.0032273 secs] [Times: user=0.01 sys=0.00, real=0.00 secs] 
2020-10-29T15:51:22.596+0000: [GC (Allocation Failure) 2020-10-29T15:51:22.597+0000: [ParNew: 16388K->4K(18432K), 0.0031948 secs] 489022K->472638K(896640K), 0.0032506 secs] [Times: user=0.01 sys=0.00, real=0.00 secs] 
2020-10-29T15:51:22.616+0000: [GC (Allocation Failure) 2020-10-29T15:51:22.617+0000: [ParNew: 16388K->4K(18432K), 0.0031919 secs] 489022K->472638K(896640K), 0.0032487 secs] [Times: user=0.00 sys=0.00, real=0.00 secs] 
2020-10-29T15:51:22.636+0000: [GC (Allocation Failure) 2020-10-29T15:51:22.636+0000: [ParNew: 16388K->4K(18432K), 0.0032006 secs] 489022K->472638K(896640K), 0.0032666 secs] [Times: user=0.01 sys=0.00, real=0.00 secs] 
2020-10-29T15:51:22.654+0000: [GC (Allocation Failure) 2020-10-29T15:51:22.654+0000: [ParNew: 16388K->4K(18432K), 0.0031972 secs] 489022K->472638K(896640K), 0.0032536 secs] [Times: user=0.01 sys=0.00, real=0.00 secs] 
2020-10-29T15:51:22.673+0000: [GC (Allocation Failure) 2020-10-29T15:51:22.673+0000: [ParNew: 16388K->4K(18432K), 0.0032433 secs] 489022K->472638K(896640K), 0.0033035 secs] [Times: user=0.01 sys=0.00, real=0.00 secs] 
2020-10-29T15:51:22.691+0000: [GC (Allocation Failure) 2020-10-29T15:51:22.691+0000: [ParNew: 16388K->4K(18432K), 0.0032267 secs] 489022K->472638K(896640K), 0.0032867 secs] [Times: user=0.00 sys=0.00, real=0.01 secs] 
2020-10-29T15:51:22.708+0000: [GC (Allocation Failure) 2020-10-29T15:51:22.709+0000: [ParNew: 16388K->4K(18432K), 0.0032539 secs] 489022K->472638K(896640K), 0.0033221 secs] [Times: user=0.00 sys=0.00, real=0.00 secs] 
2020-10-29T15:51:22.726+0000: [GC (Allocation Failure) 2020-10-29T15:51:22.726+0000: [ParNew: 16388K->4K(18432K), 0.0031931 secs] 489022K->472638K(896640K), 0.0032580 secs] [Times: user=0.01 sys=0.00, real=0.00 secs] 
2020-10-29T15:51:22.744+0000: [GC (Allocation Failure) 2020-10-29T15:51:22.744+0000: [ParNew: 16388K->4K(18432K), 0.0032416 secs] 489022K->472639K(896640K), 0.0033151 secs] [Times: user=0.01 sys=0.00, real=0.01 secs] 
2020-10-29T15:51:22.764+0000: [GC (Allocation Failure) 2020-10-29T15:51:22.765+0000: [ParNew: 16388K->4K(18432K), 0.0031604 secs] 489023K->472639K(896640K), 0.0032182 secs] [Times: user=0.00 sys=0.00, real=0.00 secs] 
2020-10-29T15:51:22.785+0000: [GC (Allocation Failure) 2020-10-29T15:51:22.785+0000: [ParNew: 16388K->4K(18432K), 0.0031934 secs] 489023K->472639K(896640K), 0.0032520 secs] [Times: user=0.01 sys=0.00, real=0.00 secs] 
2020-10-29T15:51:22.804+0000: [GC (Allocation Failure) 2020-10-29T15:51:22.805+0000: [ParNew: 16388K->4K(18432K), 0.0031753 secs] 489023K->472639K(896640K), 0.0032311 secs] [Times: user=0.01 sys=0.00, real=0.00 secs] 
2020-10-29T15:51:22.825+0000: [GC (Allocation Failure) 2020-10-29T15:51:22.825+0000: [ParNew: 16388K->4K(18432K), 0.0031922 secs] 489023K->472639K(896640K), 0.0032501 secs] [Times: user=0.00 sys=0.00, real=0.00 secs] 
2020-10-29T15:51:22.842+0000: [GC (Allocation Failure) 2020-10-29T15:51:22.842+0000: [ParNew: 16388K->4K(18432K), 0.0033142 secs] 489023K->472639K(896640K), 0.0033802 secs] [Times: user=0.01 sys=0.00, real=0.01 secs] 
2020-10-29T15:51:22.860+0000: [GC (Allocation Failure) 2020-10-29T15:51:22.860+0000: [ParNew: 16388K->4K(18432K), 0.0032676 secs] 489023K->472639K(896640K), 0.0033289 secs] [Times: user=0.01 sys=0.00, real=0.00 secs] 
2020-10-29T15:51:22.878+0000: [GC (Allocation Failure) 2020-10-29T15:51:22.878+0000: [ParNew: 16388K->4K(18432K), 0.0031965 secs] 489023K->472639K(896640K), 0.0032531 secs] [Times: user=0.01 sys=0.00, real=0.00 secs] 
2020-10-29T15:51:22.900+0000: [GC (Allocation Failure) 2020-10-29T15:51:22.900+0000: [ParNew: 16388K->4K(18432K), 0.0032237 secs] 489023K->472639K(896640K), 0.0032946 secs] [Times: user=0.01 sys=0.00, real=0.00 secs] 
2020-10-29T15:51:22.918+0000: [GC (Allocation Failure) 2020-10-29T15:51:22.918+0000: [ParNew: 16388K->4K(18432K), 0.0031834 secs] 489023K->472639K(896640K), 0.0032406 secs] [Times: user=0.01 sys=0.00, real=0.00 secs] 
2020-10-29T15:51:22.936+0000: [GC (Allocation Failure) 2020-10-29T15:51:22.936+0000: [ParNew: 16388K->4K(18432K), 0.0031534 secs] 489023K->472639K(896640K), 0.0032092 secs] [Times: user=0.01 sys=0.00, real=0.00 secs] 
2020-10-29T15:51:22.953+0000: [GC (Allocation Failure) 2020-10-29T15:51:22.954+0000: [ParNew: 16388K->4K(18432K), 0.0031767 secs] 489023K->472639K(896640K), 0.0032316 secs] [Times: user=0.00 sys=0.00, real=0.00 secs] 
2020-10-29T15:51:22.972+0000: [GC (Allocation Failure) 2020-10-29T15:51:22.973+0000: [ParNew: 16388K->4K(18432K), 0.0031507 secs] 489023K->472639K(896640K), 0.0032058 secs] [Times: user=0.01 sys=0.00, real=0.00 secs] 
2020-10-29T15:51:22.990+0000: [GC (Allocation Failure) 2020-10-29T15:51:22.990+0000: [ParNew: 16388K->4K(18432K), 0.0032326 secs] 489023K->472639K(896640K), 0.0032903 secs] [Times: user=0.01 sys=0.00, real=0.01 secs] 
2020-10-29T15:51:23.012+0000: [GC (Allocation Failure) 2020-10-29T15:51:23.012+0000: [ParNew: 16388K->4K(18432K), 0.0031736 secs] 489023K->472639K(896640K), 0.0032299 secs] [Times: user=0.01 sys=0.00, real=0.01 secs] 
2020-10-29T15:51:23.033+0000: [GC (Allocation Failure) 2020-10-29T15:51:23.033+0000: [ParNew: 16388K->4K(18432K), 0.0032234 secs] 489023K->472639K(896640K), 0.0032825 secs] [Times: user=0.01 sys=0.00, real=0.00 secs] 
2020-10-29T15:51:23.051+0000: [GC (Allocation Failure) 2020-10-29T15:51:23.051+0000: [ParNew: 16388K->4K(18432K), 0.0032763 secs] 489023K->472639K(896640K), 0.0033349 secs] [Times: user=0.00 sys=0.00, real=0.01 secs] 
2020-10-29T15:51:23.068+0000: [GC (Allocation Failure) 2020-10-29T15:51:23.068+0000: [ParNew: 16388K->4K(18432K), 0.0031907 secs] 489023K->472639K(896640K), 0.0032477 secs] [Times: user=0.01 sys=0.00, real=0.00 secs] 
2020-10-29T15:51:23.086+0000: [GC (Allocation Failure) 2020-10-29T15:51:23.086+0000: [ParNew: 16388K->4K(18432K), 0.0031671 secs] 489023K->472639K(896640K), 0.0032228 secs] [Times: user=0.00 sys=0.00, real=0.00 secs] 
2020-10-29T15:51:23.104+0000: [GC (Allocation Failure) 2020-10-29T15:51:23.104+0000: [ParNew: 16388K->4K(18432K), 0.0031497 secs] 489023K->472639K(896640K), 0.0032034 secs] [Times: user=0.00 sys=0.00, real=0.01 secs] 
2020-10-29T15:51:23.124+0000: [GC (Allocation Failure) 2020-10-29T15:51:23.125+0000: [ParNew: 16388K->4K(18432K), 0.0032675 secs] 489023K->472639K(896640K), 0.0033250 secs] [Times: user=0.00 sys=0.00, real=0.00 secs] 
2020-10-29T15:51:23.142+0000: [GC (Allocation Failure) 2020-10-29T15:51:23.142+0000: [ParNew: 16388K->4K(18432K), 0.0032820 secs] 489023K->472639K(896640K), 0.0033394 secs] [Times: user=0.00 sys=0.00, real=0.01 secs] 
2020-10-29T15:51:23.160+0000: [GC (Allocation Failure) 2020-10-29T15:51:23.160+0000: [ParNew: 16388K->4K(18432K), 0.0031707 secs] 489023K->472639K(896640K), 0.0032276 secs] [Times: user=0.01 sys=0.00, real=0.00 secs] 
2020-10-29T15:51:23.180+0000: [GC (Allocation Failure) 2020-10-29T15:51:23.181+0000: [ParNew: 16388K->4K(18432K), 0.0031583 secs] 489023K->472639K(896640K), 0.0032146 secs] [Times: user=0.01 sys=0.00, real=0.00 secs] 
2020-10-29T15:51:23.200+0000: [GC (Allocation Failure) 2020-10-29T15:51:23.201+0000: [ParNew: 16388K->4K(18432K), 0.0032110 secs] 489023K->472639K(896640K), 0.0032678 secs] [Times: user=0.00 sys=0.00, real=0.00 secs] 
2020-10-29T15:51:23.218+0000: [GC (Allocation Failure) 2020-10-29T15:51:23.218+0000: [ParNew: 16388K->4K(18432K), 0.0038088 secs] 489023K->472639K(896640K), 0.0038723 secs] [Times: user=0.00 sys=0.00, real=0.00 secs] 
2020-10-29T15:51:23.240+0000: [GC (Allocation Failure) 2020-10-29T15:51:23.240+0000: [ParNew: 16388K->4K(18432K), 0.0031786 secs] 489023K->472639K(896640K), 0.0032353 secs] [Times: user=0.01 sys=0.00, real=0.00 secs] 
2020-10-29T15:51:23.258+0000: [GC (Allocation Failure) 2020-10-29T15:51:23.258+0000: [ParNew: 16388K->4K(18432K), 0.0031672 secs] 489023K->472639K(896640K), 0.0032240 secs] [Times: user=0.00 sys=0.00, real=0.00 secs] 
2020-10-29T15:51:23.276+0000: [GC (Allocation Failure) 2020-10-29T15:51:23.277+0000: [ParNew: 16388K->4K(18432K), 0.0031777 secs] 489023K->472639K(896640K), 0.0032348 secs] [Times: user=0.01 sys=0.00, real=0.00 secs] 
2020-10-29T15:51:23.294+0000: [GC (Allocation Failure) 2020-10-29T15:51:23.294+0000: [ParNew: 16388K->4K(18432K), 0.0032590 secs] 489023K->472639K(896640K), 0.0033286 secs] [Times: user=0.01 sys=0.00, real=0.00 secs] 
2020-10-29T15:51:23.312+0000: [GC (Allocation Failure) 2020-10-29T15:51:23.312+0000: [ParNew: 16388K->4K(18432K), 0.0031786 secs] 489023K->472639K(896640K), 0.0032528 secs] [Times: user=0.01 sys=0.00, real=0.01 secs] 
2020-10-29T15:51:23.332+0000: [GC (Allocation Failure) 2020-10-29T15:51:23.333+0000: [ParNew: 16388K->4K(18432K), 0.0031747 secs] 489023K->472639K(896640K), 0.0032311 secs] [Times: user=0.01 sys=0.00, real=0.00 secs] 
2020-10-29T15:51:23.352+0000: [GC (Allocation Failure) 2020-10-29T15:51:23.353+0000: [ParNew: 16388K->4K(18432K), 0.0032552 secs] 489023K->472639K(896640K), 0.0033116 secs] [Times: user=0.01 sys=0.00, real=0.00 secs] 
2020-10-29T15:51:23.370+0000: [GC (Allocation Failure) 2020-10-29T15:51:23.370+0000: [ParNew: 16388K->4K(18432K), 0.0032543 secs] 489023K->472639K(896640K), 0.0033115 secs] [Times: user=0.01 sys=0.00, real=0.01 secs] 
2020-10-29T15:51:23.388+0000: [GC (Allocation Failure) 2020-10-29T15:51:23.388+0000: [ParNew: 16388K->4K(18432K), 0.0031654 secs] 489023K->472639K(896640K), 0.0032215 secs] [Times: user=0.01 sys=0.00, real=0.00 secs] 
2020-10-29T15:51:23.410+0000: [GC (Allocation Failure) 2020-10-29T15:51:23.410+0000: [ParNew: 16388K->4K(18432K), 0.0034241 secs] 489023K->472639K(896640K), 0.0034825 secs] [Times: user=0.01 sys=0.00, real=0.01 secs] 
2020-10-29T15:51:23.433+0000: [GC (Allocation Failure) 2020-10-29T15:51:23.433+0000: [ParNew: 16388K->4K(18432K), 0.0031847 secs] 489023K->472639K(896640K), 0.0032437 secs] [Times: user=0.00 sys=0.00, real=0.00 secs] 
2020-10-29T15:51:23.452+0000: [GC (Allocation Failure) 2020-10-29T15:51:23.453+0000: [ParNew: 16388K->4K(18432K), 0.0032044 secs] 489023K->472639K(896640K), 0.0032635 secs] [Times: user=0.01 sys=0.00, real=0.00 secs] 
2020-10-29T15:51:23.473+0000: [GC (Allocation Failure) 2020-10-29T15:51:23.473+0000: [ParNew: 16388K->4K(18432K), 0.0032373 secs] 489023K->472639K(896640K), 0.0032962 secs] [Times: user=0.00 sys=0.00, real=0.00 secs] 
2020-10-29T15:51:23.490+0000: [GC (Allocation Failure) 2020-10-29T15:51:23.490+0000: [ParNew: 16388K->4K(18432K), 0.0031987 secs] 489023K->472639K(896640K), 0.0032561 secs] [Times: user=0.01 sys=0.00, real=0.01 secs] 
2020-10-29T15:51:23.508+0000: [GC (Allocation Failure) 2020-10-29T15:51:23.508+0000: [ParNew: 16388K->4K(18432K), 0.0031338 secs] 489023K->472639K(896640K), 0.0032101 secs] [Times: user=0.01 sys=0.00, real=0.00 secs] 
2020-10-29T15:51:23.528+0000: [GC (Allocation Failure) 2020-10-29T15:51:23.529+0000: [ParNew: 16388K->4K(18432K), 0.0031686 secs] 489023K->472639K(896640K), 0.0032263 secs] [Times: user=0.00 sys=0.00, real=0.00 secs] 
2020-10-29T15:51:23.547+0000: [GC (Allocation Failure) 2020-10-29T15:51:23.547+0000: [ParNew: 16388K->4K(18432K), 0.0032283 secs] 489023K->472639K(896640K), 0.0032849 secs] [Times: user=0.01 sys=0.00, real=0.00 secs] 
2020-10-29T15:51:23.565+0000: [GC (Allocation Failure) 2020-10-29T15:51:23.565+0000: [ParNew: 16388K->4K(18432K), 0.0031714 secs] 489023K->472639K(896640K), 0.0032272 secs] [Times: user=0.00 sys=0.00, real=0.00 secs] 
2020-10-29T15:51:23.582+0000: [GC (Allocation Failure) 2020-10-29T15:51:23.582+0000: [ParNew: 16388K->4K(18432K), 0.0032532 secs] 489023K->472639K(896640K), 0.0033136 secs] [Times: user=0.01 sys=0.00, real=0.01 secs] 
2020-10-29T15:51:23.600+0000: [GC (Allocation Failure) 2020-10-29T15:51:23.600+0000: [ParNew: 16388K->4K(18432K), 0.0032060 secs] 489023K->472639K(896640K), 0.0032647 secs] [Times: user=0.01 sys=0.00, real=0.00 secs] 
2020-10-29T15:51:23.620+0000: [GC (Allocation Failure) 2020-10-29T15:51:23.621+0000: [ParNew: 16388K->4K(18432K), 0.0031836 secs] 489023K->472639K(896640K), 0.0032406 secs] [Times: user=0.00 sys=0.00, real=0.00 secs] 
2020-10-29T15:51:23.640+0000: [GC (Allocation Failure) 2020-10-29T15:51:23.641+0000: [ParNew: 16388K->4K(18432K), 0.0031911 secs] 489023K->472639K(896640K), 0.0032512 secs] [Times: user=0.00 sys=0.00, real=0.00 secs] 
2020-10-29T15:51:23.660+0000: [GC (Allocation Failure) 2020-10-29T15:51:23.661+0000: [ParNew: 16388K->4K(18432K), 0.0032164 secs] 489023K->472639K(896640K), 0.0032756 secs] [Times: user=0.01 sys=0.00, real=0.00 secs] 
2020-10-29T15:51:23.678+0000: [GC (Allocation Failure) 2020-10-29T15:51:23.678+0000: [ParNew: 16388K->4K(18432K), 0.0032449 secs] 489023K->472639K(896640K), 0.0033036 secs] [Times: user=0.00 sys=0.00, real=0.00 secs] 
2020-10-29T15:51:23.696+0000: [GC (Allocation Failure) 2020-10-29T15:51:23.696+0000: [ParNew: 16388K->4K(18432K), 0.0031958 secs] 489023K->472639K(896640K), 0.0032537 secs] [Times: user=0.01 sys=0.00, real=0.00 secs] 
2020-10-29T15:51:23.716+0000: [GC (Allocation Failure) 2020-10-29T15:51:23.717+0000: [ParNew: 16388K->4K(18432K), 0.0031901 secs] 489023K->472639K(896640K), 0.0032486 secs] [Times: user=0.00 sys=0.00, real=0.00 secs] 
2020-10-29T15:51:23.736+0000: [GC (Allocation Failure) 2020-10-29T15:51:23.737+0000: [ParNew: 16388K->4K(18432K), 0.0031710 secs] 489023K->472639K(896640K), 0.0032270 secs] [Times: user=0.01 sys=0.00, real=0.00 secs] 
2020-10-29T15:51:23.756+0000: [GC (Allocation Failure) 2020-10-29T15:51:23.757+0000: [ParNew: 16388K->4K(18432K), 0.0031890 secs] 489023K->472639K(896640K), 0.0032455 secs] [Times: user=0.01 sys=0.00, real=0.00 secs] 
2020-10-29T15:51:23.774+0000: [GC (Allocation Failure) 2020-10-29T15:51:23.774+0000: [ParNew: 16388K->4K(18432K), 0.0032328 secs] 489023K->472639K(896640K), 0.0032900 secs] [Times: user=0.01 sys=0.00, real=0.00 secs] 
2020-10-29T15:51:23.792+0000: [GC (Allocation Failure) 2020-10-29T15:51:23.793+0000: [ParNew: 16388K->4K(18432K), 0.0032026 secs] 489023K->472639K(896640K), 0.0032615 secs] [Times: user=0.00 sys=0.00, real=0.00 secs] 
2020-10-29T15:51:23.810+0000: [GC (Allocation Failure) 2020-10-29T15:51:23.810+0000: [ParNew: 16388K->4K(18432K), 0.0032334 secs] 489023K->472639K(896640K), 0.0032907 secs] [Times: user=0.01 sys=0.00, real=0.01 secs] 
2020-10-29T15:51:23.829+0000: [GC (Allocation Failure) 2020-10-29T15:51:23.829+0000: [ParNew: 16388K->4K(18432K), 0.0032656 secs] 489023K->472639K(896640K), 0.0033242 secs] [Times: user=0.01 sys=0.00, real=0.00 secs] 
2020-10-29T15:51:23.846+0000: [GC (Allocation Failure) 2020-10-29T15:51:23.846+0000: [ParNew: 16388K->4K(18432K), 0.0033211 secs] 489023K->472639K(896640K), 0.0033839 secs] [Times: user=0.00 sys=0.00, real=0.00 secs] 
2020-10-29T15:51:23.864+0000: [GC (Allocation Failure) 2020-10-29T15:51:23.864+0000: [ParNew: 16388K->4K(18432K), 0.0032578 secs] 489023K->472639K(896640K), 0.0033166 secs] [Times: user=0.01 sys=0.00, real=0.01 secs] 
2020-10-29T15:51:23.884+0000: [GC (Allocation Failure) 2020-10-29T15:51:23.885+0000: [ParNew: 16388K->4K(18432K), 0.0032249 secs] 489023K->472639K(896640K), 0.0032841 secs] [Times: user=0.01 sys=0.00, real=0.00 secs] 
2020-10-29T15:51:23.902+0000: [GC (Allocation Failure) 2020-10-29T15:51:23.902+0000: [ParNew: 16388K->4K(18432K), 0.0031954 secs] 489023K->472639K(896640K), 0.0032533 secs] [Times: user=0.01 sys=0.00, real=0.01 secs] 
2020-10-29T15:51:23.920+0000: [GC (Allocation Failure) 2020-10-29T15:51:23.921+0000: [ParNew: 16388K->4K(18432K), 0.0032463 secs] 489023K->472639K(896640K), 0.0033057 secs] [Times: user=0.01 sys=0.00, real=0.00 secs] 
2020-10-29T15:51:23.938+0000: [GC (Allocation Failure) 2020-10-29T15:51:23.938+0000: [ParNew: 16388K->4K(18432K), 0.0032047 secs] 489023K->472639K(896640K), 0.0032729 secs] [Times: user=0.00 sys=0.00, real=0.00 secs] 
2020-10-29T15:51:23.956+0000: [GC (Allocation Failure) 2020-10-29T15:51:23.956+0000: [ParNew: 16388K->4K(18432K), 0.0031824 secs] 489023K->472639K(896640K), 0.0032390 secs] [Times: user=0.01 sys=0.00, real=0.00 secs] 
2020-10-29T15:51:23.976+0000: [GC (Allocation Failure) 2020-10-29T15:51:23.977+0000: [ParNew: 16388K->4K(18432K), 0.0032039 secs] 489023K->472639K(896640K), 0.0032610 secs] [Times: user=0.01 sys=0.00, real=0.00 secs] 
2020-10-29T15:51:23.996+0000: [GC (Allocation Failure) 2020-10-29T15:51:23.997+0000: [ParNew: 16388K->4K(18432K), 0.0032048 secs] 489023K->472639K(896640K), 0.0032621 secs] [Times: user=0.01 sys=0.00, real=0.00 secs] 
2020-10-29T15:51:24.014+0000: [GC (Allocation Failure) 2020-10-29T15:51:24.014+0000: [ParNew: 16388K->4K(18432K), 0.0032004 secs] 489023K->472639K(896640K), 0.0032567 secs] [Times: user=0.00 sys=0.00, real=0.00 secs] 
2020-10-29T15:51:24.032+0000: [GC (Allocation Failure) 2020-10-29T15:51:24.032+0000: [ParNew: 16388K->4K(18432K), 0.0032420 secs] 489023K->472639K(896640K), 0.0032986 secs] [Times: user=0.01 sys=0.00, real=0.00 secs] 
2020-10-29T15:51:24.050+0000: [GC (Allocation Failure) 2020-10-29T15:51:24.050+0000: [ParNew: 16388K->4K(18432K), 0.0032205 secs] 489023K->472639K(896640K), 0.0032780 secs] [Times: user=0.00 sys=0.00, real=0.01 secs] 
2020-10-29T15:51:24.068+0000: [GC (Allocation Failure) 2020-10-29T15:51:24.069+0000: [ParNew: 16388K->4K(18432K), 0.0030964 secs] 489023K->472639K(896640K), 0.0031478 secs] [Times: user=0.01 sys=0.00, real=0.00 secs] 
2020-10-29T15:51:24.086+0000: [GC (Allocation Failure) 2020-10-29T15:51:24.086+0000: [ParNew: 16388K->4K(18432K), 0.0032043 secs] 489023K->472639K(896640K), 0.0032635 secs] [Times: user=0.01 sys=0.00, real=0.00 secs] 
2020-10-29T15:51:24.104+0000: [GC (Allocation Failure) 2020-10-29T15:51:24.104+0000: [ParNew: 16388K->4K(18432K), 0.0056109 secs] 489023K->472639K(896640K), 0.0056965 secs] [Times: user=0.00 sys=0.00, real=0.01 secs] 
2020-10-29T15:51:24.124+0000: [GC (Allocation Failure) 2020-10-29T15:51:24.125+0000: [ParNew: 16388K->4K(18432K), 0.0031295 secs] 489023K->472639K(896640K), 0.0031855 secs] [Times: user=0.00 sys=0.00, real=0.00 secs] 
2020-10-29T15:51:24.142+0000: [GC (Allocation Failure) 2020-10-29T15:51:24.142+0000: [ParNew: 16378K->4K(18432K), 0.0033165 secs] 489013K->472639K(896640K), 0.0033725 secs] [Times: user=0.01 sys=0.00, real=0.01 secs] 
2020-10-29T15:51:24.164+0000: [GC (Allocation Failure) 2020-10-29T15:51:24.164+0000: [ParNew: 16388K->4K(18432K), 0.0032299 secs] 489023K->472639K(896640K), 0.0032862 secs] [Times: user=0.01 sys=0.00, real=0.01 secs] 
2020-10-29T15:51:24.182+0000: [GC (Allocation Failure) 2020-10-29T15:51:24.182+0000: [ParNew: 16388K->4K(18432K), 0.0032126 secs] 489023K->472639K(896640K), 0.0032705 secs] [Times: user=0.00 sys=0.00, real=0.01 secs] 
2020-10-29T15:51:24.199+0000: [GC (Allocation Failure) 2020-10-29T15:51:24.199+0000: [ParNew: 16388K->4K(18432K), 0.0031443 secs] 489023K->472639K(896640K), 0.0031990 secs] [Times: user=0.01 sys=0.00, real=0.00 secs] 
2020-10-29T15:51:24.217+0000: [GC (Allocation Failure) 2020-10-29T15:51:24.217+0000: [ParNew: 16388K->4K(18432K), 0.0031938 secs] 489023K->472639K(896640K), 0.0032512 secs] [Times: user=0.00 sys=0.01, real=0.00 secs] 
2020-10-29T15:51:24.235+0000: [GC (Allocation Failure) 2020-10-29T15:51:24.235+0000: [ParNew: 16388K->4K(18432K), 0.0031474 secs] 489023K->472639K(896640K), 0.0032004 secs] [Times: user=0.00 sys=0.00, real=0.00 secs] 
2020-10-29T15:51:24.252+0000: [GC (Allocation Failure) 2020-10-29T15:51:24.252+0000: [ParNew: 16388K->4K(18432K), 0.0031710 secs] 489023K->472639K(896640K), 0.0032278 secs] [Times: user=0.01 sys=0.00, real=0.00 secs] 
2020-10-29T15:51:24.271+0000: [GC (Allocation Failure) 2020-10-29T15:51:24.271+0000: [ParNew: 16388K->4K(18432K), 0.0058747 secs] 489023K->472639K(896640K), 0.0059597 secs] [Times: user=0.01 sys=0.00, real=0.01 secs] 
2020-10-29T15:51:24.292+0000: [GC (Allocation Failure) 2020-10-29T15:51:24.292+0000: [ParNew: 16388K->4K(18432K), 0.0032326 secs] 489023K->472639K(896640K), 0.0033009 secs] [Times: user=0.01 sys=0.00, real=0.01 secs] 
2020-10-29T15:51:24.312+0000: [GC (Allocation Failure) 2020-10-29T15:51:24.313+0000: [ParNew: 16388K->4K(18432K), 0.0031897 secs] 489023K->472639K(896640K), 0.0032473 secs] [Times: user=0.01 sys=0.00, real=0.00 secs] 
2020-10-29T15:51:24.330+0000: [GC (Allocation Failure) 2020-10-29T15:51:24.330+0000: [ParNew: 16388K->4K(18432K), 0.0032300 secs] 489023K->472639K(896640K), 0.0032857 secs] [Times: user=0.01 sys=0.00, real=0.01 secs] 
2020-10-29T15:51:24.348+0000: [GC (Allocation Failure) 2020-10-29T15:51:24.348+0000: [ParNew: 16388K->4K(18432K), 0.0031107 secs] 489023K->472639K(896640K), 0.0031674 secs] [Times: user=0.01 sys=0.00, real=0.00 secs] 
2020-10-29T15:51:24.368+0000: [GC (Allocation Failure) 2020-10-29T15:51:24.369+0000: [ParNew: 16388K->4K(18432K), 0.0030370 secs] 489023K->472639K(896640K), 0.0030875 secs] [Times: user=0.01 sys=0.00, real=0.00 secs] 
2020-10-29T15:51:24.389+0000: [GC (Allocation Failure) 2020-10-29T15:51:24.389+0000: [ParNew: 16388K->4K(18432K), 0.0030677 secs] 489023K->472639K(896640K), 0.0031194 secs] [Times: user=0.00 sys=0.00, real=0.00 secs] 
2020-10-29T15:51:24.406+0000: [GC (Allocation Failure) 2020-10-29T15:51:24.406+0000: [ParNew: 16388K->4K(18432K), 0.0032703 secs] 489023K->472639K(896640K), 0.0033247 secs] [Times: user=0.01 sys=0.00, real=0.00 secs] 
2020-10-29T15:51:24.425+0000: [GC (Allocation Failure) 2020-10-29T15:51:24.425+0000: [ParNew: 16388K->4K(18432K), 0.0031525 secs] 489023K->472639K(896640K), 0.0032069 secs] [Times: user=0.00 sys=0.00, real=0.00 secs] 
2020-10-29T15:51:24.436+0000: [GC (Allocation Failure) 2020-10-29T15:51:24.436+0000: [ParNew: 16388K->4K(18432K), 0.0040011 secs] 489023K->480831K(896640K), 0.0040573 secs] [Times: user=0.01 sys=0.00, real=0.00 secs] 
2020-10-29T15:51:24.456+0000: [GC (Allocation Failure) 2020-10-29T15:51:24.457+0000: [ParNew: 16388K->4K(18432K), 0.0031572 secs] 497215K->480831K(896640K), 0.0032135 secs] [Times: user=0.00 sys=0.00, real=0.00 secs] 
2020-10-29T15:51:24.476+0000: [GC (Allocation Failure) 2020-10-29T15:51:24.477+0000: [ParNew: 16388K->4K(18432K), 0.0031264 secs] 497215K->480831K(896640K), 0.0031815 secs] [Times: user=0.01 sys=0.00, real=0.00 secs] 
2020-10-29T15:51:24.496+0000: [GC (Allocation Failure) 2020-10-29T15:51:24.497+0000: [ParNew: 16388K->4K(18432K), 0.0031540 secs] 497215K->480831K(896640K), 0.0032099 secs] [Times: user=0.01 sys=0.00, real=0.00 secs] 
2020-10-29T15:51:24.516+0000: [GC (Allocation Failure) 2020-10-29T15:51:24.517+0000: [ParNew: 16388K->4K(18432K), 0.0031294 secs] 497215K->480831K(896640K), 0.0031845 secs] [Times: user=0.00 sys=0.00, real=0.00 secs] 
2020-10-29T15:51:24.536+0000: [GC (Allocation Failure) 2020-10-29T15:51:24.537+0000: [ParNew: 16388K->4K(18432K), 0.0030998 secs] 497215K->480831K(896640K), 0.0031525 secs] [Times: user=0.01 sys=0.00, real=0.00 secs] 
2020-10-29T15:51:24.556+0000: [GC (Allocation Failure) 2020-10-29T15:51:24.557+0000: [ParNew: 16388K->4K(18432K), 0.0030922 secs] 497215K->480831K(896640K), 0.0031449 secs] [Times: user=0.00 sys=0.00, real=0.00 secs] 
2020-10-29T15:51:24.574+0000: [GC (Allocation Failure) 2020-10-29T15:51:24.574+0000: [ParNew: 16388K->4K(18432K), 0.0031277 secs] 497215K->480831K(896640K), 0.0031809 secs] [Times: user=0.01 sys=0.00, real=0.00 secs] 
2020-10-29T15:51:24.592+0000: [GC (Allocation Failure) 2020-10-29T15:51:24.593+0000: [ParNew: 16388K->4K(18432K), 0.0031456 secs] 497215K->480831K(896640K), 0.0032022 secs] [Times: user=0.01 sys=0.00, real=0.00 secs] 
2020-10-29T15:51:24.610+0000: [GC (Allocation Failure) 2020-10-29T15:51:24.610+0000: [ParNew: 16388K->4K(18432K), 0.0032170 secs] 497215K->480831K(896640K), 0.0032733 secs] [Times: user=0.01 sys=0.00, real=0.01 secs] 
2020-10-29T15:51:24.628+0000: [GC (Allocation Failure) 2020-10-29T15:51:24.628+0000: [ParNew: 16388K->4K(18432K), 0.0032024 secs] 497215K->480831K(896640K), 0.0032595 secs] [Times: user=0.01 sys=0.00, real=0.00 secs] 
2020-10-29T15:51:24.646+0000: [GC (Allocation Failure) 2020-10-29T15:51:24.646+0000: [ParNew: 16388K->4K(18432K), 0.0032165 secs] 497215K->480831K(896640K), 0.0032899 secs] [Times: user=0.00 sys=0.00, real=0.00 secs] 
2020-10-29T15:51:24.664+0000: [GC (Allocation Failure) 2020-10-29T15:51:24.664+0000: [ParNew: 16388K->4K(18432K), 0.0032593 secs] 497215K->480831K(896640K), 0.0033180 secs] [Times: user=0.01 sys=0.00, real=0.01 secs] 
2020-10-29T15:51:24.684+0000: [GC (Allocation Failure) 2020-10-29T15:51:24.685+0000: [ParNew: 16224K->4K(18432K), 0.0031885 secs] 497051K->480831K(896640K), 0.0032469 secs] [Times: user=0.00 sys=0.00, real=0.00 secs] 
2020-10-29T15:51:24.696+0000: [GC (Allocation Failure) 2020-10-29T15:51:24.696+0000: [ParNew: 16388K->4K(18432K), 0.0041090 secs] 497215K->489023K(896640K), 0.0041675 secs] [Times: user=0.01 sys=0.00, real=0.00 secs] 
2020-10-29T15:51:24.716+0000: [GC (Allocation Failure) 2020-10-29T15:51:24.717+0000: [ParNew: 16388K->4K(18432K), 0.0031958 secs] 505407K->489023K(896640K), 0.0032541 secs] [Times: user=0.01 sys=0.00, real=0.00 secs] 
2020-10-29T15:51:24.734+0000: [GC (Allocation Failure) 2020-10-29T15:51:24.734+0000: [ParNew: 16388K->4K(18432K), 0.0032006 secs] 505407K->489023K(896640K), 0.0032780 secs] [Times: user=0.00 sys=0.00, real=0.00 secs] 
2020-10-29T15:51:24.752+0000: [GC (Allocation Failure) 2020-10-29T15:51:24.752+0000: [ParNew: 16388K->4K(18432K), 0.0032027 secs] 505407K->489023K(896640K), 0.0032587 secs] [Times: user=0.00 sys=0.00, real=0.01 secs] 
2020-10-29T15:51:24.770+0000: [GC (Allocation Failure) 2020-10-29T15:51:24.770+0000: [ParNew: 16388K->4K(18432K), 0.0031449 secs] 505407K->489023K(896640K), 0.0032001 secs] [Times: user=0.01 sys=0.00, real=0.01 secs] 
2020-10-29T15:51:24.791+0000: [GC (Allocation Failure) 2020-10-29T15:51:24.791+0000: [ParNew: 16388K->4K(18432K), 0.0031571 secs] 505407K->489023K(896640K), 0.0032116 secs] [Times: user=0.01 sys=0.00, real=0.01 secs] 
2020-10-29T15:51:24.809+0000: [GC (Allocation Failure) 2020-10-29T15:51:24.809+0000: [ParNew: 16388K->4K(18432K), 0.0031452 secs] 505407K->489023K(896640K), 0.0032023 secs] [Times: user=0.01 sys=0.00, real=0.00 secs] 
2020-10-29T15:51:24.828+0000: [GC (Allocation Failure) 2020-10-29T15:51:24.829+0000: [ParNew: 16388K->4K(18432K), 0.0031435 secs] 505407K->489023K(896640K), 0.0031997 secs] [Times: user=0.01 sys=0.00, real=0.00 secs] 
2020-10-29T15:51:24.846+0000: [GC (Allocation Failure) 2020-10-29T15:51:24.846+0000: [ParNew: 16388K->4K(18432K), 0.0031512 secs] 505407K->489023K(896640K), 0.0032060 secs] [Times: user=0.00 sys=0.00, real=0.00 secs] 
2020-10-29T15:51:24.864+0000: [GC (Allocation Failure) 2020-10-29T15:51:24.865+0000: [ParNew: 16388K->4K(18432K), 0.0032045 secs] 505407K->489023K(896640K), 0.0032595 secs] [Times: user=0.01 sys=0.00, real=0.00 secs] 
2020-10-29T15:51:24.885+0000: [GC (Allocation Failure) 2020-10-29T15:51:24.885+0000: [ParNew: 16388K->4K(18432K), 0.0031776 secs] 505407K->489023K(896640K), 0.0032345 secs] [Times: user=0.01 sys=0.00, real=0.00 secs] 
2020-10-29T15:51:24.904+0000: [GC (Allocation Failure) 2020-10-29T15:51:24.905+0000: [ParNew: 16388K->4K(18432K), 0.0031214 secs] 505407K->489023K(896640K), 0.0031745 secs] [Times: user=0.01 sys=0.00, real=0.00 secs] 
2020-10-29T15:51:24.925+0000: [GC (Allocation Failure) 2020-10-29T15:51:24.925+0000: [ParNew: 16388K->4K(18432K), 0.0031753 secs] 505407K->489023K(896640K), 0.0032348 secs] [Times: user=0.01 sys=0.00, real=0.00 secs] 
2020-10-29T15:51:24.944+0000: [GC (Allocation Failure) 2020-10-29T15:51:24.945+0000: [ParNew: 16388K->4K(18432K), 0.0031498 secs] 505407K->489023K(896640K), 0.0032062 secs] [Times: user=0.01 sys=0.00, real=0.00 secs] 
2020-10-29T15:51:24.962+0000: [GC (Allocation Failure) 2020-10-29T15:51:24.962+0000: [ParNew: 16388K->4K(18432K), 0.0032579 secs] 505407K->489023K(896640K), 0.0033148 secs] [Times: user=0.00 sys=0.00, real=0.01 secs] 
2020-10-29T15:51:24.980+0000: [GC (Allocation Failure) 2020-10-29T15:51:24.980+0000: [ParNew: 16388K->4K(18432K), 0.0031068 secs] 505407K->489023K(896640K), 0.0031703 secs] [Times: user=0.01 sys=0.00, real=0.00 secs] 
2020-10-29T15:51:25.001+0000: [GC (Allocation Failure) 2020-10-29T15:51:25.001+0000: [ParNew: 16388K->4K(18432K), 0.0031499 secs] 505407K->489023K(896640K), 0.0032052 secs] [Times: user=0.00 sys=0.00, real=0.00 secs] 
2020-10-29T15:51:25.020+0000: [GC (Allocation Failure) 2020-10-29T15:51:25.021+0000: [ParNew: 16388K->4K(18432K), 0.0031553 secs] 505407K->489023K(896640K), 0.0032121 secs] [Times: user=0.01 sys=0.00, real=0.00 secs] 
2020-10-29T15:51:25.032+0000: [GC (Allocation Failure) 2020-10-29T15:51:25.033+0000: [ParNew: 16371K->4K(18432K), 0.0040585 secs] 505391K->497215K(896640K), 0.0041123 secs] [Times: user=0.01 sys=0.00, real=0.00 secs] 
2020-10-29T15:51:25.052+0000: [GC (Allocation Failure) 2020-10-29T15:51:25.053+0000: [ParNew: 16388K->4K(18432K), 0.0032127 secs] 513599K->497215K(896640K), 0.0032718 secs] [Times: user=0.00 sys=0.00, real=0.00 secs] 
2020-10-29T15:51:25.070+0000: [GC (Allocation Failure) 2020-10-29T15:51:25.070+0000: [ParNew: 16388K->4K(18432K), 0.0031854 secs] 513599K->497215K(896640K), 0.0032449 secs] [Times: user=0.01 sys=0.00, real=0.01 secs] 
2020-10-29T15:51:25.088+0000: [GC (Allocation Failure) 2020-10-29T15:51:25.088+0000: [ParNew: 16388K->4K(18432K), 0.0032030 secs] 513599K->497215K(896640K), 0.0032565 secs] [Times: user=0.00 sys=0.00, real=0.00 secs] 
2020-10-29T15:51:25.105+0000: [GC (Allocation Failure) 2020-10-29T15:51:25.106+0000: [ParNew: 16388K->4K(18432K), 0.0032237 secs] 513599K->497215K(896640K), 0.0032797 secs] [Times: user=0.01 sys=0.00, real=0.00 secs] 
2020-10-29T15:51:25.124+0000: [GC (Allocation Failure) 2020-10-29T15:51:25.125+0000: [ParNew: 16388K->4K(18432K), 0.0031210 secs] 513599K->497215K(896640K), 0.0031766 secs] [Times: user=0.01 sys=0.00, real=0.00 secs] 
2020-10-29T15:51:25.144+0000: [GC (Allocation Failure) 2020-10-29T15:51:25.145+0000: [ParNew: 16388K->4K(18432K), 0.0031833 secs] 513599K->497215K(896640K), 0.0032393 secs] [Times: user=0.01 sys=0.00, real=0.00 secs] 
2020-10-29T15:51:25.164+0000: [GC (Allocation Failure) 2020-10-29T15:51:25.165+0000: [ParNew: 16388K->4K(18432K), 0.0032254 secs] 513599K->497215K(896640K), 0.0032810 secs] [Times: user=0.00 sys=0.00, real=0.00 secs] 
2020-10-29T15:51:25.185+0000: [GC (Allocation Failure) 2020-10-29T15:51:25.185+0000: [ParNew: 16388K->4K(18432K), 0.0031663 secs] 513599K->497215K(896640K), 0.0032246 secs] [Times: user=0.01 sys=0.00, real=0.00 secs] 
2020-10-29T15:51:25.202+0000: [GC (Allocation Failure) 2020-10-29T15:51:25.202+0000: [ParNew: 16388K->4K(18432K), 0.0032035 secs] 513599K->497215K(896640K), 0.0032615 secs] [Times: user=0.00 sys=0.00, real=0.01 secs] 
2020-10-29T15:51:25.224+0000: [GC (Allocation Failure) 2020-10-29T15:51:25.224+0000: [ParNew: 16388K->4K(18432K), 0.0031756 secs] 513599K->497215K(896640K), 0.0032326 secs] [Times: user=0.01 sys=0.00, real=0.01 secs] 
2020-10-29T15:51:25.244+0000: [GC (Allocation Failure) 2020-10-29T15:51:25.245+0000: [ParNew: 16388K->4K(18432K), 0.0031712 secs] 513599K->497215K(896640K), 0.0032284 secs] [Times: user=0.00 sys=0.00, real=0.00 secs] 
2020-10-29T15:51:25.264+0000: [GC (Allocation Failure) 2020-10-29T15:51:25.265+0000: [ParNew: 16388K->4K(18432K), 0.0031706 secs] 513599K->497215K(896640K), 0.0032276 secs] [Times: user=0.01 sys=0.00, real=0.00 secs] 
2020-10-29T15:51:25.293+0000: [GC (Allocation Failure) 2020-10-29T15:51:25.293+0000: [ParNew: 16388K->4K(18432K), 0.0032174 secs] 513599K->497215K(896640K), 0.0032754 secs] [Times: user=0.00 sys=0.00, real=0.00 secs] 
2020-10-29T15:51:25.324+0000: [GC (Allocation Failure) 2020-10-29T15:51:25.325+0000: [ParNew: 16388K->4K(18432K), 0.0032257 secs] 513599K->497215K(896640K), 0.0032861 secs] [Times: user=0.01 sys=0.00, real=0.00 secs] 
2020-10-29T15:51:25.356+0000: [GC (Allocation Failure) 2020-10-29T15:51:25.357+0000: [ParNew: 16388K->4K(18432K), 0.0031878 secs] 513599K->497215K(896640K), 0.0032461 secs] [Times: user=0.00 sys=0.00, real=0.00 secs] 
2020-10-29T15:51:25.388+0000: [GC (Allocation Failure) 2020-10-29T15:51:25.389+0000: [ParNew: 16388K->4K(18432K), 0.0032327 secs] 513599K->497215K(896640K), 0.0032898 secs] [Times: user=0.00 sys=0.00, real=0.00 secs] 
2020-10-29T15:51:25.421+0000: [GC (Allocation Failure) 2020-10-29T15:51:25.421+0000: [ParNew: 16388K->4K(18432K), 0.0032094 secs] 513599K->497215K(896640K), 0.0032689 secs] [Times: user=0.01 sys=0.00, real=0.00 secs] 
2020-10-29T15:51:25.996+0000: [GC (Allocation Failure) 2020-10-29T15:51:25.996+0000: [ParNew: 16388K->4K(18432K), 0.0032157 secs] 513599K->497215K(896640K), 0.0032762 secs] [Times: user=0.00 sys=0.00, real=0.00 secs] 
2020-10-29T15:51:26.073+0000: [GC (Allocation Failure) 2020-10-29T15:51:26.073+0000: [ParNew: 16388K->4K(18432K), 0.0038338 secs] 513599K->497216K(896640K), 0.0039056 secs] [Times: user=0.01 sys=0.00, real=0.00 secs] 
2020-10-29T15:51:26.117+0000: [GC (Allocation Failure) 2020-10-29T15:51:26.117+0000: [ParNew: 16388K->4K(18432K), 0.0032168 secs] 513600K->497216K(896640K), 0.0032758 secs] [Times: user=0.01 sys=0.00, real=0.00 secs] 
2020-10-29T15:51:26.157+0000: [GC (Allocation Failure) 2020-10-29T15:51:26.157+0000: [ParNew: 16388K->4K(18432K), 0.0031503 secs] 513600K->497216K(896640K), 0.0032073 secs] [Times: user=0.01 sys=0.00, real=0.00 secs] 
2020-10-29T15:51:26.201+0000: [GC (Allocation Failure) 2020-10-29T15:51:26.201+0000: [ParNew: 16388K->4K(18432K), 0.0031596 secs] 513600K->497216K(896640K), 0.0032162 secs] [Times: user=0.01 sys=0.00, real=0.01 secs] 
2020-10-29T15:51:26.255+0000: [GC (Allocation Failure) 2020-10-29T15:51:26.255+0000: [ParNew: 16388K->4K(18432K), 0.0032540 secs] 513600K->497216K(896640K), 0.0033114 secs] [Times: user=0.00 sys=0.00, real=0.00 secs] 
2020-10-29T15:51:26.855+0000: [GC (Allocation Failure) 2020-10-29T15:51:26.855+0000: [ParNew: 16388K->1117K(18432K), 0.0087156 secs] 513600K->498331K(896640K), 0.0087736 secs] [Times: user=0.01 sys=0.00, real=0.00 secs] 
2020-10-29T15:51:26.996+0000: [GC (Allocation Failure) 2020-10-29T15:51:26.996+0000: [ParNew: 17501K->1284K(18432K), 0.0148617 secs] 514715K->499339K(896640K), 0.0149447 secs] [Times: user=0.03 sys=0.00, real=0.01 secs] 
2020-10-29T15:51:27.047+0000: [GC (Allocation Failure) 2020-10-29T15:51:27.047+0000: [ParNew: 17668K->493K(18432K), 0.0093932 secs] 515723K->499683K(896640K), 0.0094777 secs] [Times: user=0.02 sys=0.00, real=0.01 secs] 
2020-10-29T15:51:27.087+0000: [GC (Allocation Failure) 2020-10-29T15:51:27.087+0000: [ParNew: 16877K->893K(18432K), 0.0033496 secs] 516067K->500083K(896640K), 0.0034084 secs] [Times: user=0.01 sys=0.00, real=0.00 secs] 
2020-10-29T15:51:27.112+0000: [GC (Allocation Failure) 2020-10-29T15:51:27.112+0000: [ParNew: 17277K->1058K(18432K), 0.0033384 secs] 516467K->500247K(896640K), 0.0033981 secs] [Times: user=0.01 sys=0.00, real=0.00 secs] 
2020-10-29T15:51:27.139+0000: [GC (Allocation Failure) 2020-10-29T15:51:27.139+0000: [ParNew: 17442K->525K(18432K), 0.0033540 secs] 516631K->499983K(896640K), 0.0034138 secs] [Times: user=0.01 sys=0.00, real=0.00 secs] 
2020-10-29T15:51:27.161+0000: [GC (Allocation Failure) 2020-10-29T15:51:27.161+0000: [ParNew: 16909K->516K(18432K), 0.0032585 secs] 516367K->499973K(896640K), 0.0033156 secs] [Times: user=0.00 sys=0.00, real=0.00 secs] 
2020-10-29T15:51:27.180+0000: [GC (Allocation Failure) 2020-10-29T15:51:27.181+0000: [ParNew: 16900K->1540K(18432K), 0.0034330 secs] 516357K->501509K(896640K), 0.0034889 secs] [Times: user=0.01 sys=0.00, real=0.00 secs] 
2020-10-29T15:51:27.200+0000: [GC (Allocation Failure) 2020-10-29T15:51:27.200+0000: [ParNew: 17924K->4K(18432K), 0.0032565 secs] 517893K->500486K(896640K), 0.0033178 secs] [Times: user=0.00 sys=0.00, real=0.00 secs] 
2020-10-29T15:51:27.220+0000: [GC (Allocation Failure) 2020-10-29T15:51:27.220+0000: [ParNew: 16388K->4K(18432K), 0.0032410 secs] 516870K->500486K(896640K), 0.0032938 secs] [Times: user=0.00 sys=0.00, real=0.00 secs] 
2020-10-29T15:51:27.245+0000: [GC (Allocation Failure) 2020-10-29T15:51:27.245+0000: [ParNew: 16388K->4K(18432K), 0.0031855 secs] 516870K->500486K(896640K), 0.0032432 secs] [Times: user=0.01 sys=0.00, real=0.00 secs] 
2020-10-29T15:51:27.269+0000: [GC (Allocation Failure) 2020-10-29T15:51:27.269+0000: [ParNew: 16388K->4K(18432K), 0.0031624 secs] 516870K->500486K(896640K), 0.0032290 secs] [Times: user=0.01 sys=0.00, real=0.01 secs] 
2020-10-29T15:51:27.304+0000: [GC (Allocation Failure) 2020-10-29T15:51:27.304+0000: [ParNew: 16388K->4K(18432K), 0.0031611 secs] 516870K->500486K(896640K), 0.0032193 secs] [Times: user=0.00 sys=0.00, real=0.01 secs] 
2020-10-29T15:51:27.339+0000: [GC (Allocation Failure) 2020-10-29T15:51:27.339+0000: [ParNew: 16388K->6K(18432K), 0.0071037 secs] 516870K->500488K(896640K), 0.0071631 secs] [Times: user=0.02 sys=0.00, real=0.01 secs] 
2020-10-29T15:51:27.377+0000: [GC (Allocation Failure) 2020-10-29T15:51:27.377+0000: [ParNew: 16390K->6K(18432K), 0.0069162 secs] 516872K->500488K(896640K), 0.0069736 secs] [Times: user=0.01 sys=0.00, real=0.01 secs] 
2020-10-29T15:51:27.416+0000: [GC (Allocation Failure) 2020-10-29T15:51:27.416+0000: [ParNew: 16390K->6K(18432K), 0.0070007 secs] 516872K->500488K(896640K), 0.0070724 secs] [Times: user=0.01 sys=0.00, real=0.00 secs] 
2020-10-29T15:51:27.453+0000: [GC (Allocation Failure) 2020-10-29T15:51:27.453+0000: [ParNew: 16390K->9K(18432K), 0.0032472 secs] 516872K->500491K(896640K), 0.0033247 secs] [Times: user=0.01 sys=0.00, real=0.00 secs] 
2020-10-29T15:51:27.480+0000: [GC (Allocation Failure) 2020-10-29T15:51:27.481+0000: [ParNew: 16393K->6K(18432K), 0.0031957 secs] 516875K->500488K(896640K), 0.0032726 secs] [Times: user=0.00 sys=0.00, real=0.00 secs] 
2020-10-29T15:51:27.521+0000: [GC (Allocation Failure) 2020-10-29T15:51:27.521+0000: [ParNew: 16390K->6K(18432K), 0.0032208 secs] 516872K->500488K(896640K), 0.0032957 secs] [Times: user=0.01 sys=0.00, real=0.00 secs] 
2020-10-29T15:51:27.555+0000: [GC (Allocation Failure) 2020-10-29T15:51:27.555+0000: [ParNew: 16390K->4K(18432K), 0.0032176 secs] 516872K->500489K(896640K), 0.0032929 secs] [Times: user=0.01 sys=0.00, real=0.00 secs] 
2020-10-29T15:51:27.598+0000: [GC (Allocation Failure) 2020-10-29T15:51:27.598+0000: [ParNew: 16388K->4K(18432K), 0.0032166 secs] 516873K->500489K(896640K), 0.0032940 secs] [Times: user=0.01 sys=0.00, real=0.00 secs] 
2020-10-29T15:51:27.632+0000: [GC (Allocation Failure) 2020-10-29T15:51:27.632+0000: [ParNew: 16388K->4K(18432K), 0.0032539 secs] 516873K->500489K(896640K), 0.0033301 secs] [Times: user=0.01 sys=0.00, real=0.01 secs] 
2020-10-29T15:51:27.660+0000: [GC (Allocation Failure) 2020-10-29T15:51:27.661+0000: [ParNew: 16388K->4K(18432K), 0.0031866 secs] 516873K->500489K(896640K), 0.0032627 secs] [Times: user=0.01 sys=0.00, real=0.00 secs] 
2020-10-29T15:51:27.694+0000: [GC (Allocation Failure) 2020-10-29T15:51:27.694+0000: [ParNew: 16388K->4K(18432K), 0.0032102 secs] 516873K->500489K(896640K), 0.0032685 secs] [Times: user=0.01 sys=0.00, real=0.00 secs] 
2020-10-29T15:51:27.730+0000: [GC (Allocation Failure) 2020-10-29T15:51:27.730+0000: [ParNew: 16388K->4K(18432K), 0.0063001 secs] 516873K->500489K(896640K), 0.0063571 secs] [Times: user=0.01 sys=0.00, real=0.01 secs] 
2020-10-29T15:51:27.765+0000: [GC (Allocation Failure) 2020-10-29T15:51:27.765+0000: [ParNew: 16388K->4K(18432K), 0.0032316 secs] 516873K->500489K(896640K), 0.0033128 secs] [Times: user=0.00 sys=0.00, real=0.00 secs] 
2020-10-29T15:51:27.805+0000: [GC (Allocation Failure) 2020-10-29T15:51:27.805+0000: [ParNew: 16388K->4K(18432K), 0.0068309 secs] 516873K->500489K(896640K), 0.0069078 secs] [Times: user=0.01 sys=0.00, real=0.00 secs] 
2020-10-29T15:51:27.839+0000: [GC (Allocation Failure) 2020-10-29T15:51:27.839+0000: [ParNew: 16388K->4K(18432K), 0.0037736 secs] 516873K->500489K(896640K), 0.0038456 secs] [Times: user=0.01 sys=0.00, real=0.00 secs] 
2020-10-29T15:51:27.861+0000: [GC (Allocation Failure) 2020-10-29T15:51:27.861+0000: [ParNew: 16388K->4K(18432K), 0.0032472 secs] 516873K->500489K(896640K), 0.0033220 secs] [Times: user=0.00 sys=0.00, real=0.01 secs] 
2020-10-29T15:51:27.885+0000: [GC (Allocation Failure) 2020-10-29T15:51:27.886+0000: [ParNew: 16388K->4K(18432K), 0.0032102 secs] 516873K->500489K(896640K), 0.0032848 secs] [Times: user=0.01 sys=0.00, real=0.00 secs] 
2020-10-29T15:51:27.908+0000: [GC (Allocation Failure) 2020-10-29T15:51:27.908+0000: [ParNew: 16388K->4K(18432K), 0.0032170 secs] 516873K->500489K(896640K), 0.0032909 secs] [Times: user=0.01 sys=0.00, real=0.00 secs] 
2020-10-29T15:51:27.935+0000: [GC (Allocation Failure) 2020-10-29T15:51:27.935+0000: [ParNew: 16388K->4K(18432K), 0.0031867 secs] 516873K->500489K(896640K), 0.0032624 secs] [Times: user=0.00 sys=0.00, real=0.00 secs] 
2020-10-29T15:51:27.958+0000: [GC (Allocation Failure) 2020-10-29T15:51:27.958+0000: [ParNew: 16388K->4K(18432K), 0.0032332 secs] 516873K->500489K(896640K), 0.0033115 secs] [Times: user=0.01 sys=0.00, real=0.00 secs] 
2020-10-29T15:51:27.980+0000: [GC (Allocation Failure) 2020-10-29T15:51:27.981+0000: [ParNew: 16388K->4K(18432K), 0.0031901 secs] 516873K->500489K(896640K), 0.0032652 secs] [Times: user=0.00 sys=0.00, real=0.00 secs] 
2020-10-29T15:51:28.010+0000: [GC (Allocation Failure) 2020-10-29T15:51:28.011+0000: [ParNew: 16388K->4K(18432K), 0.0032074 secs] 516873K->500489K(896640K), 0.0032834 secs] [Times: user=0.00 sys=0.00, real=0.01 secs] 
2020-10-29T15:51:28.047+0000: [GC (Allocation Failure) 2020-10-29T15:51:28.047+0000: [ParNew: 16388K->4K(18432K), 0.0032630 secs] 516873K->500489K(896640K), 0.0033401 secs] [Times: user=0.01 sys=0.00, real=0.00 secs] 
2020-10-29T15:51:28.085+0000: [GC (Allocation Failure) 2020-10-29T15:51:28.085+0000: [ParNew: 16388K->4K(18432K), 0.0032298 secs] 516873K->500489K(896640K), 0.0033074 secs] [Times: user=0.01 sys=0.00, real=0.00 secs] 
2020-10-29T15:51:28.115+0000: [GC (Allocation Failure) 2020-10-29T15:51:28.116+0000: [ParNew: 16388K->4K(18432K), 0.0032305 secs] 516873K->500489K(896640K), 0.0033051 secs] [Times: user=0.01 sys=0.00, real=0.00 secs] 
2020-10-29T15:51:28.141+0000: [GC (Allocation Failure) 2020-10-29T15:51:28.141+0000: [ParNew: 16388K->4K(18432K), 0.0031863 secs] 516873K->500489K(896640K), 0.0032446 secs] [Times: user=0.01 sys=0.00, real=0.00 secs] 
2020-10-29T15:51:28.160+0000: [GC (Allocation Failure) 2020-10-29T15:51:28.161+0000: [ParNew: 16388K->4K(18432K), 0.0032137 secs] 516873K->500489K(896640K), 0.0032722 secs] [Times: user=0.00 sys=0.00, real=0.00 secs] 
2020-10-29T15:51:28.178+0000: [GC (Allocation Failure) 2020-10-29T15:51:28.178+0000: [ParNew: 16388K->4K(18432K), 0.0032297 secs] 516873K->500489K(896640K), 0.0032876 secs] [Times: user=0.01 sys=0.00, real=0.00 secs] 
2020-10-29T15:51:28.197+0000: [GC (Allocation Failure) 2020-10-29T15:51:28.197+0000: [ParNew: 16388K->4K(18432K), 0.0032640 secs] 516873K->500489K(896640K), 0.0033248 secs] [Times: user=0.00 sys=0.00, real=0.00 secs] 
2020-10-29T15:51:28.219+0000: [GC (Allocation Failure) 2020-10-29T15:51:28.220+0000: [ParNew: 16388K->4K(18432K), 0.0032855 secs] 516873K->500489K(896640K), 0.0033575 secs] [Times: user=0.01 sys=0.00, real=0.00 secs] 
2020-10-29T15:51:28.237+0000: [GC (Allocation Failure) 2020-10-29T15:51:28.237+0000: [ParNew: 16388K->4K(18432K), 0.0031798 secs] 516873K->500489K(896640K), 0.0032360 secs] [Times: user=0.00 sys=0.00, real=0.00 secs] 
2020-10-29T15:51:28.254+0000: [GC (Allocation Failure) 2020-10-29T15:51:28.254+0000: [ParNew: 16388K->4K(18432K), 0.0031689 secs] 516873K->500489K(896640K), 0.0032246 secs] [Times: user=0.01 sys=0.00, real=0.00 secs] 
2020-10-29T15:51:28.272+0000: [GC (Allocation Failure) 2020-10-29T15:51:28.272+0000: [ParNew: 16388K->4K(18432K), 0.0032312 secs] 516873K->500489K(896640K), 0.0032882 secs] [Times: user=0.00 sys=0.00, real=0.01 secs] 
2020-10-29T15:51:28.293+0000: [GC (Allocation Failure) 2020-10-29T15:51:28.293+0000: [ParNew: 16388K->4K(18432K), 0.0032336 secs] 516873K->500489K(896640K), 0.0032921 secs] [Times: user=0.01 sys=0.00, real=0.00 secs] 
2020-10-29T15:51:28.310+0000: [GC (Allocation Failure) 2020-10-29T15:51:28.310+0000: [ParNew: 16388K->4K(18432K), 0.0032330 secs] 516873K->500489K(896640K), 0.0032914 secs] [Times: user=0.00 sys=0.00, real=0.01 secs] 
2020-10-29T15:51:28.328+0000: [GC (Allocation Failure) 2020-10-29T15:51:28.328+0000: [ParNew: 16388K->4K(18432K), 0.0032115 secs] 516873K->500489K(896640K), 0.0032771 secs] [Times: user=0.01 sys=0.00, real=0.00 secs] 
2020-10-29T15:51:28.345+0000: [GC (Allocation Failure) 2020-10-29T15:51:28.345+0000: [ParNew: 16388K->4K(18432K), 0.0032548 secs] 516873K->500489K(896640K), 0.0033306 secs] [Times: user=0.00 sys=0.01, real=0.00 secs] 
2020-10-29T15:51:28.363+0000: [GC (Allocation Failure) 2020-10-29T15:51:28.363+0000: [ParNew: 16388K->4K(18432K), 0.0032590 secs] 516873K->500489K(896640K), 0.0033179 secs] [Times: user=0.00 sys=0.00, real=0.01 secs] 
2020-10-29T15:51:28.384+0000: [GC (Allocation Failure) 2020-10-29T15:51:28.384+0000: [ParNew: 16388K->4K(18432K), 0.0050789 secs] 516873K->500489K(896640K), 0.0051364 secs] [Times: user=0.01 sys=0.00, real=0.01 secs] 
2020-10-29T15:51:28.405+0000: [GC (Allocation Failure) 2020-10-29T15:51:28.405+0000: [ParNew: 16388K->4K(18432K), 0.0032183 secs] 516873K->500489K(896640K), 0.0032757 secs] [Times: user=0.01 sys=0.00, real=0.00 secs] 
2020-10-29T15:51:28.422+0000: [GC (Allocation Failure) 2020-10-29T15:51:28.422+0000: [ParNew: 16388K->4K(18432K), 0.0034842 secs] 516873K->500489K(896640K), 0.0035403 secs] [Times: user=0.01 sys=0.00, real=0.01 secs] 
2020-10-29T15:51:28.442+0000: [GC (Allocation Failure) 2020-10-29T15:51:28.442+0000: [ParNew: 16388K->4K(18432K), 0.0032614 secs] 516873K->500489K(896640K), 0.0033185 secs] [Times: user=0.00 sys=0.00, real=0.01 secs] 
2020-10-29T15:51:28.465+0000: [GC (Allocation Failure) 2020-10-29T15:51:28.465+0000: [ParNew: 16388K->4K(18432K), 0.0032335 secs] 516873K->500489K(896640K), 0.0032937 secs] [Times: user=0.00 sys=0.00, real=0.00 secs] 
2020-10-29T15:51:28.485+0000: [GC (Allocation Failure) 2020-10-29T15:51:28.485+0000: [ParNew: 16388K->4K(18432K), 0.0031811 secs] 516873K->500489K(896640K), 0.0032380 secs] [Times: user=0.01 sys=0.00, real=0.00 secs] 
2020-10-29T15:51:28.502+0000: [GC (Allocation Failure) 2020-10-29T15:51:28.502+0000: [ParNew: 16388K->4K(18432K), 0.0031638 secs] 516873K->500489K(896640K), 0.0032200 secs] [Times: user=0.01 sys=0.00, real=0.01 secs] 
2020-10-29T15:51:28.520+0000: [GC (Allocation Failure) 2020-10-29T15:51:28.521+0000: [ParNew: 16376K->4K(18432K), 0.0031440 secs] 516862K->500489K(896640K), 0.0031987 secs] [Times: user=0.00 sys=0.00, real=0.00 secs] 
2020-10-29T15:51:28.540+0000: [GC (Allocation Failure) 2020-10-29T15:51:28.541+0000: [ParNew: 16388K->4K(18432K), 0.0031574 secs] 516873K->500489K(896640K), 0.0032137 secs] [Times: user=0.01 sys=0.00, real=0.00 secs] 
2020-10-29T15:51:28.562+0000: [GC (Allocation Failure) 2020-10-29T15:51:28.562+0000: [ParNew: 16388K->4K(18432K), 0.0032181 secs] 516873K->500489K(896640K), 0.0032740 secs] [Times: user=0.01 sys=0.00, real=0.01 secs] 
2020-10-29T15:51:28.580+0000: [GC (Allocation Failure) 2020-10-29T15:51:28.580+0000: [ParNew: 16388K->4K(18432K), 0.0032086 secs] 516873K->500489K(896640K), 0.0032654 secs] [Times: user=0.01 sys=0.00, real=0.00 secs] 
2020-10-29T15:51:28.597+0000: [GC (Allocation Failure) 2020-10-29T15:51:28.597+0000: [ParNew: 16388K->4K(18432K), 0.0032008 secs] 516873K->500489K(896640K), 0.0032751 secs] [Times: user=0.01 sys=0.00, real=0.00 secs] 
2020-10-29T15:51:28.615+0000: [GC (Allocation Failure) 2020-10-29T15:51:28.615+0000: [ParNew: 16388K->4K(18432K), 0.0032578 secs] 516873K->500489K(896640K), 0.0033171 secs] [Times: user=0.01 sys=0.00, real=0.00 secs] 
2020-10-29T15:51:28.632+0000: [GC (Allocation Failure) 2020-10-29T15:51:28.632+0000: [ParNew: 16388K->4K(18432K), 0.0032827 secs] 516873K->500489K(896640K), 0.0033408 secs] [Times: user=0.00 sys=0.00, real=0.01 secs] 
2020-10-29T15:51:28.650+0000: [GC (Allocation Failure) 2020-10-29T15:51:28.650+0000: [ParNew: 16388K->4K(18432K), 0.0032637 secs] 516873K->500489K(896640K), 0.0033187 secs] [Times: user=0.00 sys=0.00, real=0.01 secs] 
2020-10-29T15:51:28.668+0000: [GC (Allocation Failure) 2020-10-29T15:51:28.669+0000: [ParNew: 16388K->4K(18432K), 0.0032037 secs] 516873K->500490K(896640K), 0.0032599 secs] [Times: user=0.01 sys=0.00, real=0.00 secs] 
2020-10-29T15:51:28.686+0000: [GC (Allocation Failure) 2020-10-29T15:51:28.686+0000: [ParNew: 16388K->4K(18432K), 0.0031932 secs] 516874K->500490K(896640K), 0.0032517 secs] [Times: user=0.00 sys=0.00, real=0.00 secs] 
2020-10-29T15:51:28.704+0000: [GC (Allocation Failure) 2020-10-29T15:51:28.705+0000: [ParNew: 16388K->4K(18432K), 0.0031837 secs] 516874K->500490K(896640K), 0.0032399 secs] [Times: user=0.01 sys=0.00, real=0.00 secs] 
2020-10-29T15:51:28.722+0000: [GC (Allocation Failure) 2020-10-29T15:51:28.722+0000: [ParNew: 16388K->4K(18432K), 0.0032263 secs] 516874K->500490K(896640K), 0.0032844 secs] [Times: user=0.01 sys=0.00, real=0.01 secs] 
2020-10-29T15:51:28.739+0000: [GC (Allocation Failure) 2020-10-29T15:51:28.739+0000: [ParNew: 16388K->4K(18432K), 0.0032349 secs] 516874K->500490K(896640K), 0.0032921 secs] [Times: user=0.00 sys=0.00, real=0.00 secs] 
2020-10-29T15:51:28.760+0000: [GC (Allocation Failure) 2020-10-29T15:51:28.761+0000: [ParNew: 16388K->4K(18432K), 0.0031560 secs] 516874K->500490K(896640K), 0.0032130 secs] [Times: user=0.00 sys=0.00, real=0.00 secs] 
2020-10-29T15:51:28.778+0000: [GC (Allocation Failure) 2020-10-29T15:51:28.778+0000: [ParNew: 16388K->4K(18432K), 0.0032026 secs] 516874K->500490K(896640K), 0.0032593 secs] [Times: user=0.01 sys=0.00, real=0.00 secs] 
2020-10-29T15:51:28.796+0000: [GC (Allocation Failure) 2020-10-29T15:51:28.797+0000: [ParNew: 16388K->4K(18432K), 0.0032487 secs] 516874K->500490K(896640K), 0.0033077 secs] [Times: user=0.01 sys=0.00, real=0.00 secs] 
2020-10-29T15:51:28.814+0000: [GC (Allocation Failure) 2020-10-29T15:51:28.814+0000: [ParNew: 16388K->4K(18432K), 0.0032298 secs] 516874K->500490K(896640K), 0.0032873 secs] [Times: user=0.00 sys=0.00, real=0.00 secs] 
2020-10-29T15:51:28.835+0000: [GC (Allocation Failure) 2020-10-29T15:51:28.835+0000: [ParNew: 16388K->4K(18432K), 0.0031866 secs] 516874K->500490K(896640K), 0.0032426 secs] [Times: user=0.00 sys=0.00, real=0.00 secs] 
2020-10-29T15:51:28.853+0000: [GC (Allocation Failure) 2020-10-29T15:51:28.853+0000: [ParNew: 16388K->4K(18432K), 0.0032107 secs] 516874K->500490K(896640K), 0.0032667 secs] [Times: user=0.01 sys=0.00, real=0.00 secs] 
2020-10-29T15:51:28.872+0000: [GC (Allocation Failure) 2020-10-29T15:51:28.872+0000: [ParNew: 16388K->4K(18432K), 0.0032731 secs] 516874K->500490K(896640K), 0.0033500 secs] [Times: user=0.01 sys=0.00, real=0.01 secs] 
2020-10-29T15:51:28.893+0000: [GC (Allocation Failure) 2020-10-29T15:51:28.893+0000: [ParNew: 16388K->4K(18432K), 0.0031691 secs] 516874K->500490K(896640K), 0.0032205 secs] [Times: user=0.01 sys=0.00, real=0.00 secs] 
2020-10-29T15:51:28.913+0000: [GC (Allocation Failure) 2020-10-29T15:51:28.913+0000: [ParNew: 16383K->4K(18432K), 0.0031755 secs] 516869K->500490K(896640K), 0.0032311 secs] [Times: user=0.01 sys=0.00, real=0.00 secs] 
2020-10-29T15:51:28.930+0000: [GC (Allocation Failure) 2020-10-29T15:51:28.930+0000: [ParNew: 16388K->4K(18432K), 0.0032597 secs] 516874K->500490K(896640K), 0.0033186 secs] [Times: user=0.00 sys=0.00, real=0.01 secs] 
2020-10-29T15:51:28.947+0000: [GC (Allocation Failure) 2020-10-29T15:51:28.947+0000: [ParNew: 16388K->4K(18432K), 0.0031762 secs] 516874K->500490K(896640K), 0.0032320 secs] [Times: user=0.01 sys=0.00, real=0.00 secs] 
2020-10-29T15:51:28.965+0000: [GC (Allocation Failure) 2020-10-29T15:51:28.965+0000: [ParNew: 16388K->4K(18432K), 0.0032219 secs] 516874K->500490K(896640K), 0.0032812 secs] [Times: user=0.00 sys=0.00, real=0.00 secs] 
2020-10-29T15:51:28.985+0000: [GC (Allocation Failure) 2020-10-29T15:51:28.985+0000: [ParNew: 16388K->4K(18432K), 0.0032565 secs] 516874K->500490K(896640K), 0.0033160 secs] [Times: user=0.01 sys=0.00, real=0.00 secs] 
2020-10-29T15:51:29.002+0000: [GC (Allocation Failure) 2020-10-29T15:51:29.002+0000: [ParNew: 16388K->4K(18432K), 0.0032325 secs] 516874K->500490K(896640K), 0.0032899 secs] [Times: user=0.00 sys=0.00, real=0.01 secs] 
2020-10-29T15:51:29.019+0000: [GC (Allocation Failure) 2020-10-29T15:51:29.019+0000: [ParNew: 16388K->4K(18432K), 0.0032117 secs] 516874K->500490K(896640K), 0.0032672 secs] [Times: user=0.01 sys=0.00, real=0.00 secs] 
2020-10-29T15:51:29.036+0000: [GC (Allocation Failure) 2020-10-29T15:51:29.036+0000: [ParNew: 16388K->4K(18432K), 0.0031702 secs] 516874K->500490K(896640K), 0.0032351 secs] [Times: user=0.01 sys=0.00, real=0.00 secs] 
2020-10-29T15:51:29.056+0000: [GC (Allocation Failure) 2020-10-29T15:51:29.057+0000: [ParNew: 16388K->4K(18432K), 0.0031706 secs] 516874K->500490K(896640K), 0.0032254 secs] [Times: user=0.00 sys=0.00, real=0.00 secs] 
2020-10-29T15:51:29.074+0000: [GC (Allocation Failure) 2020-10-29T15:51:29.074+0000: [ParNew: 16388K->4K(18432K), 0.0032209 secs] 516874K->500490K(896640K), 0.0032776 secs] [Times: user=0.01 sys=0.00, real=0.00 secs] 
2020-10-29T15:51:29.091+0000: [GC (Allocation Failure) 2020-10-29T15:51:29.091+0000: [ParNew: 16388K->4K(18432K), 0.0031976 secs] 516874K->500490K(896640K), 0.0032528 secs] [Times: user=0.01 sys=0.00, real=0.01 secs] 
2020-10-29T15:51:29.109+0000: [GC (Allocation Failure) 2020-10-29T15:51:29.109+0000: [ParNew: 16388K->4K(18432K), 0.0031817 secs] 516874K->500490K(896640K), 0.0032376 secs] [Times: user=0.01 sys=0.00, real=0.00 secs] 
2020-10-29T15:51:29.126+0000: [GC (Allocation Failure) 2020-10-29T15:51:29.126+0000: [ParNew: 16388K->4K(18432K), 0.0032978 secs] 516874K->500490K(896640K), 0.0033546 secs] [Times: user=0.01 sys=0.00, real=0.00 secs] 
2020-10-29T15:51:29.143+0000: [GC (Allocation Failure) 2020-10-29T15:51:29.143+0000: [ParNew: 16388K->4K(18432K), 0.0032248 secs] 516874K->500490K(896640K), 0.0032821 secs] [Times: user=0.00 sys=0.00, real=0.01 secs] 
2020-10-29T15:51:29.161+0000: [GC (Allocation Failure) 2020-10-29T15:51:29.161+0000: [ParNew: 16388K->4K(18432K), 0.0031596 secs] 516874K->500490K(896640K), 0.0032145 secs] [Times: user=0.01 sys=0.00, real=0.00 secs] 
2020-10-29T15:51:29.178+0000: [GC (Allocation Failure) 2020-10-29T15:51:29.178+0000: [ParNew: 16388K->4K(18432K), 0.0032340 secs] 516874K->500490K(896640K), 0.0032888 secs] [Times: user=0.00 sys=0.00, real=0.00 secs] 
2020-10-29T15:51:29.195+0000: [GC (Allocation Failure) 2020-10-29T15:51:29.196+0000: [ParNew: 16388K->4K(18432K), 0.0031524 secs] 516874K->500490K(896640K), 0.0032095 secs] [Times: user=0.01 sys=0.00, real=0.00 secs] 
2020-10-29T15:51:29.213+0000: [GC (Allocation Failure) 2020-10-29T15:51:29.213+0000: [ParNew: 16388K->4K(18432K), 0.0031911 secs] 516874K->500490K(896640K), 0.0032472 secs] [Times: user=0.01 sys=0.00, real=0.00 secs] 
2020-10-29T15:51:29.231+0000: [GC (Allocation Failure) 2020-10-29T15:51:29.231+0000: [ParNew: 16388K->4K(18432K), 0.0032778 secs] 516874K->500490K(896640K), 0.0033332 secs] [Times: user=0.00 sys=0.00, real=0.01 secs] 
2020-10-29T15:51:29.249+0000: [GC (Allocation Failure) 2020-10-29T15:51:29.249+0000: [ParNew: 16388K->4K(18432K), 0.0032072 secs] 516874K->500490K(896640K), 0.0032647 secs] [Times: user=0.01 sys=0.00, real=0.00 secs] 
2020-10-29T15:51:29.266+0000: [GC (Allocation Failure) 2020-10-29T15:51:29.266+0000: [ParNew: 16388K->4K(18432K), 0.0032164 secs] 516874K->500490K(896640K), 0.0032734 secs] [Times: user=0.01 sys=0.00, real=0.00 secs] 
2020-10-29T15:51:29.284+0000: [GC (Allocation Failure) 2020-10-29T15:51:29.284+0000: [ParNew: 16388K->4K(18432K), 0.0032474 secs] 516874K->500490K(896640K), 0.0033044 secs] [Times: user=0.01 sys=0.00, real=0.01 secs] 
2020-10-29T15:51:29.304+0000: [GC (Allocation Failure) 2020-10-29T15:51:29.305+0000: [ParNew: 16388K->4K(18432K), 0.0032219 secs] 516874K->500490K(896640K), 0.0032802 secs] [Times: user=0.01 sys=0.00, real=0.00 secs] 
2020-10-29T15:51:29.322+0000: [GC (Allocation Failure) 2020-10-29T15:51:29.322+0000: [ParNew: 16388K->4K(18432K), 0.0032022 secs] 516874K->500490K(896640K), 0.0032586 secs] [Times: user=0.00 sys=0.00, real=0.01 secs] 
2020-10-29T15:51:29.340+0000: [GC (Allocation Failure) 2020-10-29T15:51:29.340+0000: [ParNew: 16388K->4K(18432K), 0.0032240 secs] 516874K->500490K(896640K), 0.0032813 secs] [Times: user=0.01 sys=0.00, real=0.00 secs] 
2020-10-29T15:51:29.360+0000: [GC (Allocation Failure) 2020-10-29T15:51:29.361+0000: [ParNew: 16388K->4K(18432K), 0.0031820 secs] 516874K->500490K(896640K), 0.0032390 secs] [Times: user=0.00 sys=0.00, real=0.00 secs] 
2020-10-29T15:51:29.378+0000: [GC (Allocation Failure) 2020-10-29T15:51:29.378+0000: [ParNew: 16388K->4K(18432K), 0.0031913 secs] 516874K->500490K(896640K), 0.0032582 secs] [Times: user=0.01 sys=0.00, real=0.00 secs] 
2020-10-29T15:51:29.395+0000: [GC (Allocation Failure) 2020-10-29T15:51:29.395+0000: [ParNew: 16388K->4K(18432K), 0.0031613 secs] 516874K->500490K(896640K), 0.0032166 secs] [Times: user=0.00 sys=0.00, real=0.00 secs] 
2020-10-29T15:51:29.416+0000: [GC (Allocation Failure) 2020-10-29T15:51:29.417+0000: [ParNew: 16388K->4K(18432K), 0.0032682 secs] 516874K->500490K(896640K), 0.0033270 secs] [Times: user=0.01 sys=0.00, real=0.00 secs] 
2020-10-29T15:51:29.434+0000: [GC (Allocation Failure) 2020-10-29T15:51:29.434+0000: [ParNew: 16388K->4K(18432K), 0.0032769 secs] 516874K->500490K(896640K), 0.0033327 secs] [Times: user=0.01 sys=0.00, real=0.00 secs] 
2020-10-29T15:51:29.452+0000: [GC (Allocation Failure) 2020-10-29T15:51:29.452+0000: [ParNew: 16388K->4K(18432K), 0.0031941 secs] 516874K->500490K(896640K), 0.0032502 secs] [Times: user=0.01 sys=0.00, real=0.01 secs] 
2020-10-29T15:51:29.469+0000: [GC (Allocation Failure) 2020-10-29T15:51:29.469+0000: [ParNew: 16388K->4K(18432K), 0.0031785 secs] 516874K->500490K(896640K), 0.0032359 secs] [Times: user=0.01 sys=0.00, real=0.01 secs] 
2020-10-29T15:51:29.486+0000: [GC (Allocation Failure) 2020-10-29T15:51:29.486+0000: [ParNew: 16388K->4K(18432K), 0.0032567 secs] 516874K->500490K(896640K), 0.0033143 secs] [Times: user=0.00 sys=0.00, real=0.00 secs] 
2020-10-29T15:51:29.504+0000: [GC (Allocation Failure) 2020-10-29T15:51:29.504+0000: [ParNew: 16388K->4K(18432K), 0.0031988 secs] 516874K->500490K(896640K), 0.0032556 secs] [Times: user=0.01 sys=0.00, real=0.01 secs] 
2020-10-29T15:51:29.524+0000: [GC (Allocation Failure) 2020-10-29T15:51:29.525+0000: [ParNew: 16388K->4K(18432K), 0.0031384 secs] 516874K->500490K(896640K), 0.0031932 secs] [Times: user=0.00 sys=0.00, real=0.00 secs] 
2020-10-29T15:51:29.542+0000: [GC (Allocation Failure) 2020-10-29T15:51:29.542+0000: [ParNew: 16388K->4K(18432K), 0.0032030 secs] 516874K->500490K(896640K), 0.0032606 secs] [Times: user=0.01 sys=0.00, real=0.01 secs] 
2020-10-29T15:51:29.560+0000: [GC (Allocation Failure) 2020-10-29T15:51:29.560+0000: [ParNew: 16388K->4K(18432K), 0.0031807 secs] 516874K->500490K(896640K), 0.0032366 secs] [Times: user=0.01 sys=0.00, real=0.00 secs] 
2020-10-29T15:51:29.577+0000: [GC (Allocation Failure) 2020-10-29T15:51:29.577+0000: [ParNew: 16388K->4K(18432K), 0.0031605 secs] 516874K->500490K(896640K), 0.0032162 secs] [Times: user=0.00 sys=0.00, real=0.00 secs] 
2020-10-29T15:51:29.595+0000: [GC (Allocation Failure) 2020-10-29T15:51:29.595+0000: [ParNew: 16388K->4K(18432K), 0.0031940 secs] 516874K->500490K(896640K), 0.0032508 secs] [Times: user=0.01 sys=0.00, real=0.00 secs] 
2020-10-29T15:51:29.616+0000: [GC (Allocation Failure) 2020-10-29T15:51:29.616+0000: [ParNew: 16388K->4K(18432K), 0.0031808 secs] 516874K->500490K(896640K), 0.0032366 secs] [Times: user=0.00 sys=0.00, real=0.00 secs] 
2020-10-29T15:51:29.634+0000: [GC (Allocation Failure) 2020-10-29T15:51:29.634+0000: [ParNew: 16388K->4K(18432K), 0.0032576 secs] 516874K->500490K(896640K), 0.0033148 secs] [Times: user=0.01 sys=0.00, real=0.00 secs] 
2020-10-29T15:51:29.652+0000: [GC (Allocation Failure) 2020-10-29T15:51:29.653+0000: [ParNew: 16388K->4K(18432K), 0.0032592 secs] 516874K->500490K(896640K), 0.0033192 secs] [Times: user=0.00 sys=0.00, real=0.00 secs] 
2020-10-29T15:51:29.673+0000: [GC (Allocation Failure) 2020-10-29T15:51:29.673+0000: [ParNew: 16388K->4K(18432K), 0.0031616 secs] 516874K->500490K(896640K), 0.0032181 secs] [Times: user=0.01 sys=0.00, real=0.00 secs] 
2020-10-29T15:51:29.690+0000: [GC (Allocation Failure) 2020-10-29T15:51:29.690+0000: [ParNew: 16388K->4K(18432K), 0.0031738 secs] 516874K->500490K(896640K), 0.0032389 secs] [Times: user=0.01 sys=0.00, real=0.01 secs] 
2020-10-29T15:51:29.708+0000: [GC (Allocation Failure) 2020-10-29T15:51:29.708+0000: [ParNew: 16388K->4K(18432K), 0.0031981 secs] 516874K->500490K(896640K), 0.0032592 secs] [Times: user=0.01 sys=0.00, real=0.00 secs] 
2020-10-29T15:51:29.725+0000: [GC (Allocation Failure) 2020-10-29T15:51:29.725+0000: [ParNew: 16388K->4K(18432K), 0.0032551 secs] 516874K->500490K(896640K), 0.0033123 secs] [Times: user=0.00 sys=0.00, real=0.00 secs] 
2020-10-29T15:51:29.745+0000: [GC (Allocation Failure) 2020-10-29T15:51:29.745+0000: [ParNew: 16388K->4K(18432K), 0.0031408 secs] 516874K->500490K(896640K), 0.0031953 secs] [Times: user=0.01 sys=0.01, real=0.00 secs] 
2020-10-29T15:51:29.765+0000: [GC (Allocation Failure) 2020-10-29T15:51:29.765+0000: [ParNew: 16388K->4K(18432K), 0.0032607 secs] 516874K->500490K(896640K), 0.0033166 secs] [Times: user=0.00 sys=0.00, real=0.00 secs] 
2020-10-29T15:51:29.782+0000: [GC (Allocation Failure) 2020-10-29T15:51:29.782+0000: [ParNew: 16388K->4K(18432K), 0.0031364 secs] 516874K->500490K(896640K), 0.0031886 secs] [Times: user=0.01 sys=0.00, real=0.01 secs] 
2020-10-29T15:51:29.800+0000: [GC (Allocation Failure) 2020-10-29T15:51:29.801+0000: [ParNew: 16388K->4K(18432K), 0.0031296 secs] 516874K->500490K(896640K), 0.0031815 secs] [Times: user=0.00 sys=0.00, real=0.00 secs] 
2020-10-29T15:51:29.818+0000: [GC (Allocation Failure) 2020-10-29T15:51:29.818+0000: [ParNew: 16388K->4K(18432K), 0.0031681 secs] 516874K->500490K(896640K), 0.0032390 secs] [Times: user=0.01 sys=0.00, real=0.00 secs] 
2020-10-29T15:51:29.836+0000: [GC (Allocation Failure) 2020-10-29T15:51:29.837+0000: [ParNew: 16388K->4K(18432K), 0.0031283 secs] 516874K->500490K(896640K), 0.0031828 secs] [Times: user=0.00 sys=0.00, real=0.00 secs] 
2020-10-29T15:51:29.854+0000: [GC (Allocation Failure) 2020-10-29T15:51:29.854+0000: [ParNew: 16388K->4K(18432K), 0.0031646 secs] 516874K->500490K(896640K), 0.0032207 secs] [Times: user=0.00 sys=0.00, real=0.00 secs] 
2020-10-29T15:51:29.871+0000: [GC (Allocation Failure) 2020-10-29T15:51:29.871+0000: [ParNew: 16388K->4K(18432K), 0.0031925 secs] 516874K->500490K(896640K), 0.0032486 secs] [Times: user=0.01 sys=0.00, real=0.01 secs] 
2020-10-29T15:51:29.889+0000: [GC (Allocation Failure) 2020-10-29T15:51:29.889+0000: [ParNew: 16388K->4K(18432K), 0.0032122 secs] 516874K->500490K(896640K), 0.0032837 secs] [Times: user=0.01 sys=0.00, real=0.01 secs] 
2020-10-29T15:51:29.908+0000: [GC (Allocation Failure) 2020-10-29T15:51:29.909+0000: [ParNew: 16388K->4K(18432K), 0.0031989 secs] 516874K->500490K(896640K), 0.0032540 secs] [Times: user=0.00 sys=0.00, real=0.00 secs] 
2020-10-29T15:51:29.926+0000: [GC (Allocation Failure) 2020-10-29T15:51:29.926+0000: [ParNew: 16388K->4K(18432K), 0.0031581 secs] 516874K->500490K(896640K), 0.0032133 secs] [Times: user=0.01 sys=0.00, real=0.00 secs] 
2020-10-29T15:51:29.945+0000: [GC (Allocation Failure) 2020-10-29T15:51:29.945+0000: [ParNew: 16388K->4K(18432K), 0.0030605 secs] 516874K->500490K(896640K), 0.0031131 secs] [Times: user=0.01 sys=0.00, real=0.00 secs] 
2020-10-29T15:51:29.962+0000: [GC (Allocation Failure) 2020-10-29T15:51:29.962+0000: [ParNew: 16388K->4K(18432K), 0.0031167 secs] 516874K->500490K(896640K), 0.0031701 secs] [Times: user=0.01 sys=0.00, real=0.01 secs] 
2020-10-29T15:51:29.979+0000: [GC (Allocation Failure) 2020-10-29T15:51:29.979+0000: [ParNew: 16388K->4K(18432K), 0.0031511 secs] 516874K->500490K(896640K), 0.0032064 secs] [Times: user=0.00 sys=0.00, real=0.00 secs] 
2020-10-29T15:51:29.997+0000: [GC (Allocation Failure) 2020-10-29T15:51:29.997+0000: [ParNew: 16388K->4K(18432K), 0.0030968 secs] 516874K->500490K(896640K), 0.0031498 secs] [Times: user=0.01 sys=0.00, real=0.00 secs] 
2020-10-29T15:51:30.014+0000: [GC (Allocation Failure) 2020-10-29T15:51:30.014+0000: [ParNew: 16388K->4K(18432K), 0.0031308 secs] 516874K->500490K(896640K), 0.0031866 secs] [Times: user=0.00 sys=0.00, real=0.00 secs] 
2020-10-29T15:51:30.032+0000: [GC (Allocation Failure) 2020-10-29T15:51:30.032+0000: [ParNew: 16388K->4K(18432K), 0.0031989 secs] 516874K->500490K(896640K), 0.0032491 secs] [Times: user=0.00 sys=0.00, real=0.01 secs] 
2020-10-29T15:51:30.052+0000: [GC (Allocation Failure) 2020-10-29T15:51:30.053+0000: [ParNew: 16388K->4K(18432K), 0.0031769 secs] 516874K->500490K(896640K), 0.0032430 secs] [Times: user=0.01 sys=0.00, real=0.00 secs] 
2020-10-29T15:51:30.070+0000: [GC (Allocation Failure) 2020-10-29T15:51:30.070+0000: [ParNew: 16388K->4K(18432K), 0.0031716 secs] 516874K->500490K(896640K), 0.0032274 secs] [Times: user=0.00 sys=0.00, real=0.01 secs] 
2020-10-29T15:51:30.088+0000: [GC (Allocation Failure) 2020-10-29T15:51:30.088+0000: [ParNew: 16388K->4K(18432K), 0.0032119 secs] 516874K->500490K(896640K), 0.0032614 secs] [Times: user=0.01 sys=0.00, real=0.00 secs] 
2020-10-29T15:51:30.108+0000: [GC (Allocation Failure) 2020-10-29T15:51:30.109+0000: [ParNew: 16388K->4K(18432K), 0.0031581 secs] 516874K->500490K(896640K), 0.0032136 secs] [Times: user=0.00 sys=0.00, real=0.00 secs] 
2020-10-29T15:51:30.126+0000: [GC (Allocation Failure) 2020-10-29T15:51:30.126+0000: [ParNew: 16388K->4K(18432K), 0.0032335 secs] 516874K->500490K(896640K), 0.0032886 secs] [Times: user=0.01 sys=0.00, real=0.00 secs] 
2020-10-29T15:51:30.144+0000: [GC (Allocation Failure) 2020-10-29T15:51:30.145+0000: [ParNew: 16388K->4K(18432K), 0.0030924 secs] 516874K->500490K(896640K), 0.0031452 secs] [Times: user=0.01 sys=0.00, real=0.00 secs] 
2020-10-29T15:51:30.164+0000: [GC (Allocation Failure) 2020-10-29T15:51:30.165+0000: [ParNew: 16388K->4K(18432K), 0.0031915 secs] 516874K->500490K(896640K), 0.0032482 secs] [Times: user=0.01 sys=0.00, real=0.00 secs] 
2020-10-29T15:51:30.182+0000: [GC (Allocation Failure) 2020-10-29T15:51:30.182+0000: [ParNew: 16388K->4K(18432K), 0.0032107 secs] 516874K->500490K(896640K), 0.0032672 secs] [Times: user=0.00 sys=0.00, real=0.01 secs] 
2020-10-29T15:51:30.199+0000: [GC (Allocation Failure) 2020-10-29T15:51:30.199+0000: [ParNew: 16388K->4K(18432K), 0.0031824 secs] 516874K->500490K(896640K), 0.0032383 secs] [Times: user=0.01 sys=0.00, real=0.00 secs] 
2020-10-29T15:51:30.220+0000: [GC (Allocation Failure) 2020-10-29T15:51:30.221+0000: [ParNew: 16388K->4K(18432K), 0.0032109 secs] 516874K->500490K(896640K), 0.0032675 secs] [Times: user=0.00 sys=0.00, real=0.00 secs] 
2020-10-29T15:51:30.238+0000: [GC (Allocation Failure) 2020-10-29T15:51:30.238+0000: [ParNew: 16388K->4K(18432K), 0.0032584 secs] 516874K->500490K(896640K), 0.0033153 secs] [Times: user=0.01 sys=0.00, real=0.00 secs] 
2020-10-29T15:51:30.256+0000: [GC (Allocation Failure) 2020-10-29T15:51:30.256+0000: [ParNew: 16388K->4K(18432K), 0.0032780 secs] 516874K->500490K(896640K), 0.0033351 secs] [Times: user=0.00 sys=0.00, real=0.00 secs] 
2020-10-29T15:51:30.275+0000: [GC (Allocation Failure) 2020-10-29T15:51:30.275+0000: [ParNew: 16388K->4K(18432K), 0.0032412 secs] 516874K->500490K(896640K), 0.0033056 secs] [Times: user=0.01 sys=0.00, real=0.00 secs] 
2020-10-29T15:51:30.296+0000: [GC (Allocation Failure) 2020-10-29T15:51:30.297+0000: [ParNew: 16388K->4K(18432K), 0.0032028 secs] 516874K->500490K(896640K), 0.0032597 secs] [Times: user=0.01 sys=0.00, real=0.00 secs] 
2020-10-29T15:51:30.314+0000: [GC (Allocation Failure) 2020-10-29T15:51:30.314+0000: [ParNew: 16388K->4K(18432K), 0.0031755 secs] 516874K->500490K(896640K), 0.0032320 secs] [Times: user=0.00 sys=0.00, real=0.00 secs] 
2020-10-29T15:51:30.332+0000: [GC (Allocation Failure) 2020-10-29T15:51:30.333+0000: [ParNew: 16388K->4K(18432K), 0.0031907 secs] 516874K->500490K(896640K), 0.0032469 secs] [Times: user=0.01 sys=0.00, real=0.00 secs] 
2020-10-29T15:51:30.352+0000: [GC (Allocation Failure) 2020-10-29T15:51:30.353+0000: [ParNew: 16388K->4K(18432K), 0.0031733 secs] 516874K->500490K(896640K), 0.0032306 secs] [Times: user=0.00 sys=0.01, real=0.00 secs] 
2020-10-29T15:51:30.370+0000: [GC (Allocation Failure) 2020-10-29T15:51:30.370+0000: [ParNew: 16388K->4K(18432K), 0.0032125 secs] 516874K->500490K(896640K), 0.0032691 secs] [Times: user=0.01 sys=0.00, real=0.01 secs] 
2020-10-29T15:51:30.388+0000: [GC (Allocation Failure) 2020-10-29T15:51:30.388+0000: [ParNew: 16388K->4K(18432K), 0.0031946 secs] 516874K->500490K(896640K), 0.0032508 secs] [Times: user=0.00 sys=0.00, real=0.00 secs] 
2020-10-29T15:51:30.406+0000: [GC (Allocation Failure) 2020-10-29T15:51:30.406+0000: [ParNew: 16388K->4K(18432K), 0.0032399 secs] 516874K->500491K(896640K), 0.0032963 secs] [Times: user=0.01 sys=0.00, real=0.00 secs] 
2020-10-29T15:51:30.424+0000: [GC (Allocation Failure) 2020-10-29T15:51:30.424+0000: [ParNew: 16388K->4K(18432K), 0.0035193 secs] 516875K->500491K(896640K), 0.0035784 secs] [Times: user=0.01 sys=0.00, real=0.01 secs] 
2020-10-29T15:51:30.444+0000: [GC (Allocation Failure) 2020-10-29T15:51:30.444+0000: [ParNew: 16388K->4K(18432K), 0.0033393 secs] 516875K->500491K(896640K), 0.0033996 secs] [Times: user=0.01 sys=0.00, real=0.01 secs] 
2020-10-29T15:51:30.462+0000: [GC (Allocation Failure) 2020-10-29T15:51:30.462+0000: [ParNew: 16388K->4K(18432K), 0.0032707 secs] 516875K->500491K(896640K), 0.0033303 secs] [Times: user=0.01 sys=0.00, real=0.01 secs] 
2020-10-29T15:51:30.481+0000: [GC (Allocation Failure) 2020-10-29T15:51:30.481+0000: [ParNew: 16388K->4K(18432K), 0.0031988 secs] 516875K->500491K(896640K), 0.0032577 secs] [Times: user=0.01 sys=0.00, real=0.00 secs] 
2020-10-29T15:51:30.498+0000: [GC (Allocation Failure) 2020-10-29T15:51:30.498+0000: [ParNew: 16388K->4K(18432K), 0.0032924 secs] 516875K->500491K(896640K), 0.0033529 secs] [Times: user=0.01 sys=0.00, real=0.00 secs] 
2020-10-29T15:51:30.516+0000: [GC (Allocation Failure) 2020-10-29T15:51:30.516+0000: [ParNew: 16388K->4K(18432K), 0.0031866 secs] 516875K->500491K(896640K), 0.0032419 secs] [Times: user=0.00 sys=0.00, real=0.00 secs] 
2020-10-29T15:51:30.536+0000: [GC (Allocation Failure) 2020-10-29T15:51:30.537+0000: [ParNew: 16388K->4K(18432K), 0.0032357 secs] 516875K->500491K(896640K), 0.0032944 secs] [Times: user=0.01 sys=0.00, real=0.00 secs] 
2020-10-29T15:51:30.556+0000: [GC (Allocation Failure) 2020-10-29T15:51:30.557+0000: [ParNew: 16388K->4K(18432K), 0.0032158 secs] 516875K->500491K(896640K), 0.0032746 secs] [Times: user=0.00 sys=0.00, real=0.00 secs] 
2020-10-29T15:51:30.577+0000: [GC (Allocation Failure) 2020-10-29T15:51:30.577+0000: [ParNew: 16388K->4K(18432K), 0.0031873 secs] 516875K->500491K(896640K), 0.0032447 secs] [Times: user=0.01 sys=0.00, real=0.00 secs] 
2020-10-29T15:51:30.594+0000: [GC (Allocation Failure) 2020-10-29T15:51:30.594+0000: [ParNew: 16388K->4K(18432K), 0.0032179 secs] 516875K->500491K(896640K), 0.0032755 secs] [Times: user=0.01 sys=0.00, real=0.00 secs] 
2020-10-29T15:51:30.612+0000: [GC (Allocation Failure) 2020-10-29T15:51:30.613+0000: [ParNew: 16388K->4K(18432K), 0.0032501 secs] 516875K->500491K(896640K), 0.0033095 secs] [Times: user=0.01 sys=0.00, real=0.00 secs] 
2020-10-29T15:51:30.633+0000: [GC (Allocation Failure) 2020-10-29T15:51:30.633+0000: [ParNew: 16388K->4K(18432K), 0.0032228 secs] 516875K->500491K(896640K), 0.0032815 secs] [Times: user=0.00 sys=0.00, real=0.00 secs] 
2020-10-29T15:51:30.650+0000: [GC (Allocation Failure) 2020-10-29T15:51:30.650+0000: [ParNew: 16388K->4K(18432K), 0.0032685 secs] 516875K->500491K(896640K), 0.0033294 secs] [Times: user=0.01 sys=0.00, real=0.01 secs] 
2020-10-29T15:51:30.668+0000: [GC (Allocation Failure) 2020-10-29T15:51:30.668+0000: [ParNew: 16388K->4K(18432K), 0.0032225 secs] 516875K->500491K(896640K), 0.0032865 secs] [Times: user=0.01 sys=0.00, real=0.00 secs] 
2020-10-29T15:51:30.685+0000: [GC (Allocation Failure) 2020-10-29T15:51:30.685+0000: [ParNew: 16388K->4K(18432K), 0.0032163 secs] 516875K->500491K(896640K), 0.0032737 secs] [Times: user=0.00 sys=0.00, real=0.00 secs] 
2020-10-29T15:51:30.703+0000: [GC (Allocation Failure) 2020-10-29T15:51:30.703+0000: [ParNew: 16388K->4K(18432K), 0.0031818 secs] 516875K->500491K(896640K), 0.0032372 secs] [Times: user=0.01 sys=0.00, real=0.01 secs] 
2020-10-29T15:51:30.721+0000: [GC (Allocation Failure) 2020-10-29T15:51:30.721+0000: [ParNew: 16388K->4K(18432K), 0.0032054 secs] 516875K->500491K(896640K), 0.0032562 secs] [Times: user=0.01 sys=0.00, real=0.01 secs] 
2020-10-29T15:51:30.740+0000: [GC (Allocation Failure) 2020-10-29T15:51:30.741+0000: [ParNew: 16388K->4K(18432K), 0.0032071 secs] 516875K->500491K(896640K), 0.0032714 secs] [Times: user=0.00 sys=0.00, real=0.00 secs] 
2020-10-29T15:51:30.758+0000: [GC (Allocation Failure) 2020-10-29T15:51:30.758+0000: [ParNew: 16388K->4K(18432K), 0.0032424 secs] 516875K->500491K(896640K), 0.0033146 secs] [Times: user=0.01 sys=0.00, real=0.00 secs] 
2020-10-29T15:51:30.776+0000: [GC (Allocation Failure) 2020-10-29T15:51:30.777+0000: [ParNew: 16388K->4K(18432K), 0.0031500 secs] 516875K->500491K(896640K), 0.0032057 secs] [Times: user=0.01 sys=0.00, real=0.00 secs] 
2020-10-29T15:51:30.796+0000: [GC (Allocation Failure) 2020-10-29T15:51:30.797+0000: [ParNew: 16388K->4K(18432K), 0.0086852 secs] 516875K->500491K(896640K), 0.0087437 secs] [Times: user=0.02 sys=0.00, real=0.01 secs] 
2020-10-29T15:51:30.821+0000: [GC (Allocation Failure) 2020-10-29T15:51:30.821+0000: [ParNew: 16388K->4K(18432K), 0.0032071 secs] 516875K->500491K(896640K), 0.0032649 secs] [Times: user=0.01 sys=0.00, real=0.00 secs] 
2020-10-29T15:51:30.838+0000: [GC (Allocation Failure) 2020-10-29T15:51:30.838+0000: [ParNew: 16388K->4K(18432K), 0.0031865 secs] 516875K->500491K(896640K), 0.0032427 secs] [Times: user=0.00 sys=0.00, real=0.00 secs] 
2020-10-29T15:51:30.856+0000: [GC (Allocation Failure) 2020-10-29T15:51:30.856+0000: [ParNew: 16388K->4K(18432K), 0.0032096 secs] 516875K->500491K(896640K), 0.0032661 secs] [Times: user=0.01 sys=0.00, real=0.00 secs] 
2020-10-29T15:51:30.873+0000: [GC (Allocation Failure) 2020-10-29T15:51:30.873+0000: [ParNew: 16388K->4K(18432K), 0.0047955 secs] 516875K->500491K(896640K), 0.0048649 secs] [Times: user=0.00 sys=0.00, real=0.00 secs] 
2020-10-29T15:51:30.897+0000: [GC (Allocation Failure) 2020-10-29T15:51:30.897+0000: [ParNew: 16388K->4K(18432K), 0.0031875 secs] 516875K->500491K(896640K), 0.0032428 secs] [Times: user=0.01 sys=0.00, real=0.00 secs] 
2020-10-29T15:51:30.916+0000: [GC (Allocation Failure) 2020-10-29T15:51:30.916+0000: [ParNew: 16388K->4K(18432K), 0.0032019 secs] 516875K->500491K(896640K), 0.0032587 secs] [Times: user=0.01 sys=0.00, real=0.00 secs] 
2020-10-29T15:51:30.936+0000: [GC (Allocation Failure) 2020-10-29T15:51:30.937+0000: [ParNew: 16388K->4K(18432K), 0.0032013 secs] 516875K->500491K(896640K), 0.0032586 secs] [Times: user=0.01 sys=0.00, real=0.00 secs] 
2020-10-29T15:51:30.956+0000: [GC (Allocation Failure) 2020-10-29T15:51:30.957+0000: [ParNew: 16388K->4K(18432K), 0.0031892 secs] 516875K->500491K(896640K), 0.0032463 secs] [Times: user=0.01 sys=0.00, real=0.00 secs] 
2020-10-29T15:51:30.974+0000: [GC (Allocation Failure) 2020-10-29T15:51:30.974+0000: [ParNew: 16388K->4K(18432K), 0.0031721 secs] 516875K->500491K(896640K), 0.0032282 secs] [Times: user=0.01 sys=0.00, real=0.00 secs] 
2020-10-29T15:51:30.991+0000: [GC (Allocation Failure) 2020-10-29T15:51:30.992+0000: [ParNew: 16388K->4K(18432K), 0.0031538 secs] 516875K->500491K(896640K), 0.0032083 secs] [Times: user=0.01 sys=0.00, real=0.01 secs] 
2020-10-29T15:51:31.009+0000: [GC (Allocation Failure) 2020-10-29T15:51:31.009+0000: [ParNew: 16388K->4K(18432K), 0.0031530 secs] 516875K->500491K(896640K), 0.0032107 secs] [Times: user=0.01 sys=0.00, real=0.00 secs] 
2020-10-29T15:51:31.026+0000: [GC (Allocation Failure) 2020-10-29T15:51:31.026+0000: [ParNew: 16388K->4K(18432K), 0.0031604 secs] 516875K->500491K(896640K), 0.0032152 secs] [Times: user=0.00 sys=0.00, real=0.00 secs] 
2020-10-29T15:51:31.044+0000: [GC (Allocation Failure) 2020-10-29T15:51:31.044+0000: [ParNew: 16388K->4K(18432K), 0.0032010 secs] 516875K->500491K(896640K), 0.0032579 secs] [Times: user=0.01 sys=0.00, real=0.01 secs] 
2020-10-29T15:51:31.064+0000: [GC (Allocation Failure) 2020-10-29T15:51:31.065+0000: [ParNew: 16388K->4K(18432K), 0.0031510 secs] 516875K->500491K(896640K), 0.0032037 secs] [Times: user=0.01 sys=0.00, real=0.00 secs] 
2020-10-29T15:51:31.082+0000: [GC (Allocation Failure) 2020-10-29T15:51:31.082+0000: [ParNew: 16388K->4K(18432K), 0.0031996 secs] 516875K->500491K(896640K), 0.0032550 secs] [Times: user=0.01 sys=0.00, real=0.01 secs] 
2020-10-29T15:51:31.100+0000: [GC (Allocation Failure) 2020-10-29T15:51:31.100+0000: [ParNew: 16388K->4K(18432K), 0.0031553 secs] 516875K->500491K(896640K), 0.0032095 secs] [Times: user=0.00 sys=0.00, real=0.00 secs] 
2020-10-29T15:51:31.120+0000: [GC (Allocation Failure) 2020-10-29T15:51:31.121+0000: [ParNew: 16388K->4K(18432K), 0.0031497 secs] 516875K->500491K(896640K), 0.0032048 secs] [Times: user=0.01 sys=0.01, real=0.00 secs] 
2020-10-29T15:51:31.138+0000: [GC (Allocation Failure) 2020-10-29T15:51:31.138+0000: [ParNew: 16388K->4K(18432K), 0.0032449 secs] 516875K->500491K(896640K), 0.0033032 secs] [Times: user=0.01 sys=0.00, real=0.00 secs] 
2020-10-29T15:51:31.157+0000: [GC (Allocation Failure) 2020-10-29T15:51:31.157+0000: [ParNew: 16388K->4K(18432K), 0.0031658 secs] 516875K->500491K(896640K), 0.0032233 secs] [Times: user=0.01 sys=0.00, real=0.00 secs] 
2020-10-29T15:51:31.176+0000: [GC (Allocation Failure) 2020-10-29T15:51:31.177+0000: [ParNew: 16388K->4K(18432K), 0.0031640 secs] 516875K->500491K(896640K), 0.0032196 secs] [Times: user=0.01 sys=0.00, real=0.00 secs] 
2020-10-29T15:51:31.196+0000: [GC (Allocation Failure) 2020-10-29T15:51:31.197+0000: [ParNew: 16388K->4K(18432K), 0.0031647 secs] 516875K->500491K(896640K), 0.0032204 secs] [Times: user=0.01 sys=0.00, real=0.00 secs] 
2020-10-29T15:51:31.216+0000: [GC (Allocation Failure) 2020-10-29T15:51:31.217+0000: [ParNew: 16388K->4K(18432K), 0.0031825 secs] 516875K->500491K(896640K), 0.0032391 secs] [Times: user=0.01 sys=0.00, real=0.00 secs] 
2020-10-29T15:51:31.234+0000: [GC (Allocation Failure) 2020-10-29T15:51:31.234+0000: [ParNew: 16388K->4K(18432K), 0.0032873 secs] 516875K->500491K(896640K), 0.0033435 secs] [Times: user=0.01 sys=0.00, real=0.00 secs] 
2020-10-29T15:51:31.252+0000: [GC (Allocation Failure) 2020-10-29T15:51:31.252+0000: [ParNew: 16388K->4K(18432K), 0.0032180 secs] 516875K->500491K(896640K), 0.0032757 secs] [Times: user=0.01 sys=0.00, real=0.01 secs] 
2020-10-29T15:51:31.272+0000: [GC (Allocation Failure) 2020-10-29T15:51:31.273+0000: [ParNew: 16388K->4K(18432K), 0.0032838 secs] 516875K->500491K(896640K), 0.0033420 secs] [Times: user=0.01 sys=0.00, real=0.00 secs] 
2020-10-29T15:51:31.290+0000: [GC (Allocation Failure) 2020-10-29T15:51:31.290+0000: [ParNew: 16388K->4K(18432K), 0.0035870 secs] 516875K->500491K(896640K), 0.0036520 secs] [Times: user=0.01 sys=0.00, real=0.01 secs] 
2020-10-29T15:51:31.313+0000: [GC (Allocation Failure) 2020-10-29T15:51:31.313+0000: [ParNew: 16388K->4K(18432K), 0.0031529 secs] 516875K->500491K(896640K), 0.0032083 secs] [Times: user=0.01 sys=0.00, real=0.00 secs] 
2020-10-29T15:51:31.330+0000: [GC (Allocation Failure) 2020-10-29T15:51:31.330+0000: [ParNew: 16388K->4K(18432K), 0.0031943 secs] 516875K->500491K(896640K), 0.0032501 secs] [Times: user=0.00 sys=0.00, real=0.01 secs] 
2020-10-29T15:51:31.348+0000: [GC (Allocation Failure) 2020-10-29T15:51:31.349+0000: [ParNew: 16388K->4K(18432K), 0.0031379 secs] 516875K->500491K(896640K), 0.0031921 secs] [Times: user=0.00 sys=0.00, real=0.00 secs] 
2020-10-29T15:51:31.368+0000: [GC (Allocation Failure) 2020-10-29T15:51:31.369+0000: [ParNew: 16388K->4K(18432K), 0.0031740 secs] 516875K->500491K(896640K), 0.0032302 secs] [Times: user=0.01 sys=0.00, real=0.00 secs] 
2020-10-29T15:51:31.386+0000: [GC (Allocation Failure) 2020-10-29T15:51:31.386+0000: [ParNew: 16388K->4K(18432K), 0.0031955 secs] 516875K->500491K(896640K), 0.0032526 secs] [Times: user=0.00 sys=0.00, real=0.00 secs] 
2020-10-29T15:51:31.404+0000: [GC (Allocation Failure) 2020-10-29T15:51:31.404+0000: [ParNew: 16388K->4K(18432K), 0.0032341 secs] 516875K->500491K(896640K), 0.0032901 secs] [Times: user=0.01 sys=0.00, real=0.01 secs] 
2020-10-29T15:51:31.424+0000: [GC (Allocation Failure) 2020-10-29T15:51:31.425+0000: [ParNew: 16388K->4K(18432K), 0.0053035 secs] 516875K->500491K(896640K), 0.0053651 secs] [Times: user=0.01 sys=0.00, real=0.00 secs] 
2020-10-29T15:51:31.448+0000: [GC (Allocation Failure) 2020-10-29T15:51:31.448+0000: [ParNew: 16388K->4K(18432K), 0.0031787 secs] 516875K->500491K(896640K), 0.0032343 secs] [Times: user=0.01 sys=0.00, real=0.00 secs] 
2020-10-29T15:51:31.468+0000: [GC (Allocation Failure) 2020-10-29T15:51:31.469+0000: [ParNew: 16388K->4K(18432K), 0.0031513 secs] 516875K->500491K(896640K), 0.0032060 secs] [Times: user=0.01 sys=0.00, real=0.00 secs] 
2020-10-29T15:51:31.487+0000: [GC (Allocation Failure) 2020-10-29T15:51:31.487+0000: [ParNew: 16388K->4K(18432K), 0.0031895 secs] 516875K->500491K(896640K), 0.0032454 secs] [Times: user=0.00 sys=0.00, real=0.00 secs] 
2020-10-29T15:51:31.504+0000: [GC (Allocation Failure) 2020-10-29T15:51:31.505+0000: [ParNew: 16388K->4K(18432K), 0.0032454 secs] 516875K->500491K(896640K), 0.0033040 secs] [Times: user=0.01 sys=0.00, real=0.00 secs] 
2020-10-29T15:51:31.525+0000: [GC (Allocation Failure) 2020-10-29T15:51:31.525+0000: [ParNew: 16388K->4K(18432K), 0.0031816 secs] 516875K->500491K(896640K), 0.0032317 secs] [Times: user=0.00 sys=0.00, real=0.00 secs] 
2020-10-29T15:51:31.542+0000: [GC (Allocation Failure) 2020-10-29T15:51:31.542+0000: [ParNew: 16388K->4K(18432K), 0.0032061 secs] 516875K->500491K(896640K), 0.0032642 secs] [Times: user=0.01 sys=0.00, real=0.01 secs] 
2020-10-29T15:51:31.560+0000: [GC (Allocation Failure) 2020-10-29T15:51:31.560+0000: [ParNew: 16388K->4K(18432K), 0.0031587 secs] 516875K->500491K(896640K), 0.0032142 secs] [Times: user=0.00 sys=0.00, real=0.00 secs] 
2020-10-29T15:51:31.580+0000: [GC (Allocation Failure) 2020-10-29T15:51:31.581+0000: [ParNew: 16388K->4K(18432K), 0.0031765 secs] 516875K->500491K(896640K), 0.0032327 secs] [Times: user=0.01 sys=0.00, real=0.00 secs] 
2020-10-29T15:51:31.598+0000: [GC (Allocation Failure) 2020-10-29T15:51:31.598+0000: [ParNew: 16388K->4K(18432K), 0.0032011 secs] 516875K->500491K(896640K), 0.0032623 secs] [Times: user=0.01 sys=0.00, real=0.00 secs] 
2020-10-29T15:51:31.620+0000: [GC (Allocation Failure) 2020-10-29T15:51:31.621+0000: [ParNew: 16388K->4K(18432K), 0.0032249 secs] 516875K->500491K(896640K), 0.0032822 secs] [Times: user=0.00 sys=0.00, real=0.00 secs] 
2020-10-29T15:51:31.641+0000: [GC (Allocation Failure) 2020-10-29T15:51:31.641+0000: [ParNew: 16388K->4K(18432K), 0.0032538 secs] 516875K->500491K(896640K), 0.0033128 secs] [Times: user=0.01 sys=0.00, real=0.00 secs] 
2020-10-29T15:51:31.658+0000: [GC (Allocation Failure) 2020-10-29T15:51:31.658+0000: [ParNew: 16388K->4K(18432K), 0.0032393 secs] 516875K->500491K(896640K), 0.0032954 secs] [Times: user=0.01 sys=0.00, real=0.00 secs] 
2020-10-29T15:51:31.676+0000: [GC (Allocation Failure) 2020-10-29T15:51:31.676+0000: [ParNew: 16388K->4K(18432K), 0.0032622 secs] 516875K->500491K(896640K), 0.0033206 secs] [Times: user=0.01 sys=0.00, real=0.00 secs] 
2020-10-29T15:51:31.694+0000: [GC (Allocation Failure) 2020-10-29T15:51:31.694+0000: [ParNew: 16388K->4K(18432K), 0.0032209 secs] 516875K->500491K(896640K), 0.0032786 secs] [Times: user=0.00 sys=0.00, real=0.00 secs] 
2020-10-29T15:51:31.713+0000: [GC (Allocation Failure) 2020-10-29T15:51:31.713+0000: [ParNew: 16388K->4K(18432K), 0.0031880 secs] 516875K->500492K(896640K), 0.0032450 secs] [Times: user=0.01 sys=0.00, real=0.00 secs] 
2020-10-29T15:51:31.732+0000: [GC (Allocation Failure) 2020-10-29T15:51:31.733+0000: [ParNew: 16388K->4K(18432K), 0.0031445 secs] 516876K->500492K(896640K), 0.0032012 secs] [Times: user=0.00 sys=0.00, real=0.00 secs] 
2020-10-29T15:51:31.752+0000: [GC (Allocation Failure) 2020-10-29T15:51:31.753+0000: [ParNew: 16388K->4K(18432K), 0.0031551 secs] 516876K->500492K(896640K), 0.0032099 secs] [Times: user=0.01 sys=0.00, real=0.00 secs] 
2020-10-29T15:51:31.770+0000: [GC (Allocation Failure) 2020-10-29T15:51:31.770+0000: [ParNew: 16388K->4K(18432K), 0.0031828 secs] 516876K->500492K(896640K), 0.0032404 secs] [Times: user=0.00 sys=0.00, real=0.01 secs] 
2020-10-29T15:51:31.788+0000: [GC (Allocation Failure) 2020-10-29T15:51:31.788+0000: [ParNew: 16388K->4K(18432K), 0.0031767 secs] 516876K->500492K(896640K), 0.0032324 secs] [Times: user=0.01 sys=0.00, real=0.00 secs] 
2020-10-29T15:51:31.805+0000: [GC (Allocation Failure) 2020-10-29T15:51:31.805+0000: [ParNew: 16388K->4K(18432K), 0.0031036 secs] 516876K->500492K(896640K), 0.0031559 secs] [Times: user=0.00 sys=0.00, real=0.00 secs] 
2020-10-29T15:51:31.823+0000: [GC (Allocation Failure) 2020-10-29T15:51:31.823+0000: [ParNew: 16388K->4K(18432K), 0.0031966 secs] 516876K->500492K(896640K), 0.0032619 secs] [Times: user=0.01 sys=0.00, real=0.01 secs] 
2020-10-29T15:51:31.840+0000: [GC (Allocation Failure) 2020-10-29T15:51:31.840+0000: [ParNew: 16388K->4K(18432K), 0.0031840 secs] 516876K->500492K(896640K), 0.0032406 secs] [Times: user=0.00 sys=0.00, real=0.00 secs] 
2020-10-29T15:51:31.860+0000: [GC (Allocation Failure) 2020-10-29T15:51:31.861+0000: [ParNew: 16388K->4K(18432K), 0.0031531 secs] 516876K->500492K(896640K), 0.0032095 secs] [Times: user=0.01 sys=0.00, real=0.00 secs] 
2020-10-29T15:51:31.878+0000: [GC (Allocation Failure) 2020-10-29T15:51:31.878+0000: [ParNew: 16388K->4K(18432K), 0.0031843 secs] 516876K->500492K(896640K), 0.0032408 secs] [Times: user=0.01 sys=0.00, real=0.00 secs] 
2020-10-29T15:51:31.896+0000: [GC (Allocation Failure) 2020-10-29T15:51:31.897+0000: [ParNew: 16388K->4K(18432K), 0.0035168 secs] 516876K->500492K(896640K), 0.0035751 secs] [Times: user=0.01 sys=0.00, real=0.00 secs] 
2020-10-29T15:51:31.915+0000: [GC (Allocation Failure) 2020-10-29T15:51:31.915+0000: [ParNew: 16388K->4K(18432K), 0.0031480 secs] 516876K->500492K(896640K), 0.0031989 secs] [Times: user=0.01 sys=0.00, real=0.00 secs] 
2020-10-29T15:51:31.936+0000: [GC (Allocation Failure) 2020-10-29T15:51:31.936+0000: [ParNew: 16388K->4K(18432K), 0.0031811 secs] 516876K->500492K(896640K), 0.0032382 secs] [Times: user=0.01 sys=0.00, real=0.00 secs] 
2020-10-29T15:51:31.954+0000: [GC (Allocation Failure) 2020-10-29T15:51:31.954+0000: [ParNew: 16388K->4K(18432K), 0.0031701 secs] 516876K->500492K(896640K), 0.0032250 secs] [Times: user=0.00 sys=0.00, real=0.00 secs] 
2020-10-29T15:51:31.971+0000: [GC (Allocation Failure) 2020-10-29T15:51:31.972+0000: [ParNew: 16388K->4K(18432K), 0.0031985 secs] 516876K->500492K(896640K), 0.0032554 secs] [Times: user=0.01 sys=0.00, real=0.01 secs] 
2020-10-29T15:51:31.992+0000: [GC (Allocation Failure) 2020-10-29T15:51:31.993+0000: [ParNew: 16388K->4K(18432K), 0.0031911 secs] 516876K->500492K(896640K), 0.0032492 secs] [Times: user=0.01 sys=0.00, real=0.00 secs] 
2020-10-29T15:51:32.010+0000: [GC (Allocation Failure) 2020-10-29T15:51:32.010+0000: [ParNew: 16388K->4K(18432K), 0.0031878 secs] 516876K->500492K(896640K), 0.0032437 secs] [Times: user=0.00 sys=0.00, real=0.01 secs] 
2020-10-29T15:51:32.028+0000: [GC (Allocation Failure) 2020-10-29T15:51:32.028+0000: [ParNew: 16388K->4K(18432K), 0.0031637 secs] 516876K->500492K(896640K), 0.0032124 secs] [Times: user=0.00 sys=0.00, real=0.00 secs] 
2020-10-29T15:51:32.048+0000: [GC (Allocation Failure) 2020-10-29T15:51:32.049+0000: [ParNew: 16388K->4K(18432K), 0.0031654 secs] 516876K->500492K(896640K), 0.0032196 secs] [Times: user=0.01 sys=0.00, real=0.00 secs] 
2020-10-29T15:51:32.066+0000: [GC (Allocation Failure) 2020-10-29T15:51:32.066+0000: [ParNew: 16388K->4K(18432K), 0.0031700 secs] 516876K->500492K(896640K), 0.0032255 secs] [Times: user=0.01 sys=0.00, real=0.00 secs] 
2020-10-29T15:51:32.084+0000: [GC (Allocation Failure) 2020-10-29T15:51:32.085+0000: [ParNew: 16388K->4K(18432K), 0.0030861 secs] 516876K->500492K(896640K), 0.0031387 secs] [Times: user=0.01 sys=0.00, real=0.00 secs] 
2020-10-29T15:51:32.105+0000: [GC (Allocation Failure) 2020-10-29T15:51:32.105+0000: [ParNew: 16388K->4K(18432K), 0.0031675 secs] 516876K->500492K(896640K), 0.0032226 secs] [Times: user=0.01 sys=0.00, real=0.00 secs] 
2020-10-29T15:51:32.122+0000: [GC (Allocation Failure) 2020-10-29T15:51:32.122+0000: [ParNew: 16388K->4K(18432K), 0.0031963 secs] 516876K->500492K(896640K), 0.0032611 secs] [Times: user=0.00 sys=0.00, real=0.01 secs] 
2020-10-29T15:51:32.140+0000: [GC (Allocation Failure) 2020-10-29T15:51:32.141+0000: [ParNew: 16388K->4K(18432K), 0.0032039 secs] 516876K->500492K(896640K), 0.0032632 secs] [Times: user=0.00 sys=0.00, real=0.00 secs] 
2020-10-29T15:51:32.160+0000: [GC (Allocation Failure) 2020-10-29T15:51:32.161+0000: [ParNew: 16388K->4K(18432K), 0.0031751 secs] 516876K->500492K(896640K), 0.0032309 secs] [Times: user=0.00 sys=0.00, real=0.00 secs] 
2020-10-29T15:51:32.178+0000: [GC (Allocation Failure) 2020-10-29T15:51:32.178+0000: [ParNew: 16388K->4K(18432K), 0.0032680 secs] 516876K->500492K(896640K), 0.0033270 secs] [Times: user=0.01 sys=0.00, real=0.00 secs] 
2020-10-29T15:51:32.196+0000: [GC (Allocation Failure) 2020-10-29T15:51:32.197+0000: [ParNew: 16388K->4K(18432K), 0.0031439 secs] 516876K->500492K(896640K), 0.0031989 secs] [Times: user=0.01 sys=0.00, real=0.00 secs] 
2020-10-29T15:51:32.216+0000: [GC (Allocation Failure) 2020-10-29T15:51:32.217+0000: [ParNew: 16388K->4K(18432K), 0.0031542 secs] 516876K->500492K(896640K), 0.0032096 secs] [Times: user=0.01 sys=0.00, real=0.00 secs] 
2020-10-29T15:51:32.236+0000: [GC (Allocation Failure) 2020-10-29T15:51:32.237+0000: [ParNew: 16388K->4K(18432K), 0.0031656 secs] 516876K->500492K(896640K), 0.0032202 secs] [Times: user=0.00 sys=0.00, real=0.00 secs] 
2020-10-29T15:51:32.254+0000: [GC (Allocation Failure) 2020-10-29T15:51:32.254+0000: [ParNew: 16388K->4K(18432K), 0.0031975 secs] 516876K->500492K(896640K), 0.0032540 secs] [Times: user=0.00 sys=0.00, real=0.00 secs] 
2020-10-29T15:51:32.272+0000: [GC (Allocation Failure) 2020-10-29T15:51:32.272+0000: [ParNew: 16388K->4K(18432K), 0.0031409 secs] 516876K->500492K(896640K), 0.0031949 secs] [Times: user=0.01 sys=0.00, real=0.01 secs] 
2020-10-29T15:51:32.292+0000: [GC (Allocation Failure) 2020-10-29T15:51:32.293+0000: [ParNew: 16388K->4K(18432K), 0.0031468 secs] 516876K->500492K(896640K), 0.0032031 secs] [Times: user=0.01 sys=0.00, real=0.00 secs] 
2020-10-29T15:51:32.312+0000: [GC (Allocation Failure) 2020-10-29T15:51:32.313+0000: [ParNew: 16388K->4K(18432K), 0.0031472 secs] 516876K->500492K(896640K), 0.0032026 secs] [Times: user=0.01 sys=0.00, real=0.00 secs] 
2020-10-29T15:51:32.330+0000: [GC (Allocation Failure) 2020-10-29T15:51:32.330+0000: [ParNew: 16388K->4K(18432K), 0.0031147 secs] 516876K->500492K(896640K), 0.0031657 secs] [Times: user=0.01 sys=0.00, real=0.01 secs] 
2020-10-29T15:51:32.347+0000: [GC (Allocation Failure) 2020-10-29T15:51:32.347+0000: [ParNew: 16388K->4K(18432K), 0.0031154 secs] 516876K->500492K(896640K), 0.0031690 secs] [Times: user=0.00 sys=0.00, real=0.00 secs] 
2020-10-29T15:51:32.365+0000: [GC (Allocation Failure) 2020-10-29T15:51:32.365+0000: [ParNew: 16388K->4K(18432K), 0.0030520 secs] 516876K->500492K(896640K), 0.0031008 secs] [Times: user=0.01 sys=0.00, real=0.00 secs] 
2020-10-29T15:51:32.385+0000: [GC (Allocation Failure) 2020-10-29T15:51:32.385+0000: [ParNew: 16388K->4K(18432K), 0.0031338 secs] 516876K->500492K(896640K), 0.0031884 secs] [Times: user=0.01 sys=0.00, real=0.00 secs] 
2020-10-29T15:51:32.402+0000: [GC (Allocation Failure) 2020-10-29T15:51:32.402+0000: [ParNew: 16388K->4K(18432K), 0.0030477 secs] 516876K->500492K(896640K), 0.0030957 secs] [Times: user=0.01 sys=0.00, real=0.01 secs] 
2020-10-29T15:51:32.420+0000: [GC (Allocation Failure) 2020-10-29T15:51:32.420+0000: [ParNew: 16388K->4K(18432K), 0.0032327 secs] 516876K->500492K(896640K), 0.0032896 secs] [Times: user=0.01 sys=0.00, real=0.00 secs] 
2020-10-29T15:51:32.438+0000: [GC (Allocation Failure) 2020-10-29T15:51:32.438+0000: [ParNew: 16388K->4K(18432K), 0.0031662 secs] 516876K->500492K(896640K), 0.0032220 secs] [Times: user=0.01 sys=0.00, real=0.00 secs] 
2020-10-29T15:51:32.455+0000: [GC (Allocation Failure) 2020-10-29T15:51:32.455+0000: [ParNew: 16388K->4K(18432K), 0.0031231 secs] 516876K->500492K(896640K), 0.0031893 secs] [Times: user=0.01 sys=0.00, real=0.00 secs] 
2020-10-29T15:51:32.472+0000: [GC (Allocation Failure) 2020-10-29T15:51:32.472+0000: [ParNew: 16388K->4K(18432K), 0.0031370 secs] 516876K->500492K(896640K), 0.0031879 secs] [Times: user=0.00 sys=0.00, real=0.01 secs] 
2020-10-29T15:51:32.492+0000: [GC (Allocation Failure) 2020-10-29T15:51:32.493+0000: [ParNew: 16388K->4K(18432K), 0.0031504 secs] 516876K->500492K(896640K), 0.0032048 secs] [Times: user=0.00 sys=0.00, real=0.00 secs] 
2020-10-29T15:51:32.510+0000: [GC (Allocation Failure) 2020-10-29T15:51:32.510+0000: [ParNew: 16388K->4K(18432K), 0.0032741 secs] 516876K->500492K(896640K), 0.0033305 secs] [Times: user=0.00 sys=0.00, real=0.01 secs] 
2020-10-29T15:51:32.527+0000: [GC (Allocation Failure) 2020-10-29T15:51:32.527+0000: [ParNew: 16388K->4K(18432K), 0.0031329 secs] 516876K->500492K(896640K), 0.0031957 secs] [Times: user=0.01 sys=0.00, real=0.00 secs] 
2020-10-29T15:51:32.545+0000: [GC (Allocation Failure) 2020-10-29T15:51:32.545+0000: [ParNew: 16388K->4K(18432K), 0.0032328 secs] 516876K->500492K(896640K), 0.0032890 secs] [Times: user=0.01 sys=0.00, real=0.00 secs] 
2020-10-29T15:51:32.562+0000: [GC (Allocation Failure) 2020-10-29T15:51:32.562+0000: [ParNew: 16388K->4K(18432K), 0.0032449 secs] 516876K->500492K(896640K), 0.0033114 secs] [Times: user=0.01 sys=0.00, real=0.01 secs] 
2020-10-29T15:51:32.580+0000: [GC (Allocation Failure) 2020-10-29T15:51:32.580+0000: [ParNew: 16388K->4K(18432K), 0.0032332 secs] 516876K->500492K(896640K), 0.0032896 secs] [Times: user=0.01 sys=0.00, real=0.00 secs] 
2020-10-29T15:51:32.600+0000: [GC (Allocation Failure) 2020-10-29T15:51:32.601+0000: [ParNew: 16388K->4K(18432K), 0.0030635 secs] 516876K->500492K(896640K), 0.0031164 secs] [Times: user=0.01 sys=0.00, real=0.00 secs] 
2020-10-29T15:51:32.620+0000: [GC (Allocation Failure) 2020-10-29T15:51:32.621+0000: [ParNew: 16388K->4K(18432K), 0.0031945 secs] 516876K->500492K(896640K), 0.0032526 secs] [Times: user=0.01 sys=0.00, real=0.00 secs] 
2020-10-29T15:51:32.638+0000: [GC (Allocation Failure) 2020-10-29T15:51:32.638+0000: [ParNew: 16388K->4K(18432K), 0.0031831 secs] 516876K->500492K(896640K), 0.0032385 secs] [Times: user=0.01 sys=0.00, real=0.00 secs] 
2020-10-29T15:51:32.656+0000: [GC (Allocation Failure) 2020-10-29T15:51:32.657+0000: [ParNew: 16388K->4K(18432K), 0.0030654 secs] 516876K->500492K(896640K), 0.0031174 secs] [Times: user=0.01 sys=0.00, real=0.00 secs] 
2020-10-29T15:51:32.674+0000: [GC (Allocation Failure) 2020-10-29T15:51:32.674+0000: [ParNew: 16388K->4K(18432K), 0.0031485 secs] 516876K->500492K(896640K), 0.0032021 secs] [Times: user=0.01 sys=0.00, real=0.00 secs] 
2020-10-29T15:51:32.692+0000: [GC (Allocation Failure) 2020-10-29T15:51:32.693+0000: [ParNew: 16388K->4K(18432K), 0.0031565 secs] 516876K->500492K(896640K), 0.0032113 secs] [Times: user=0.01 sys=0.00, real=0.00 secs] 
2020-10-29T15:51:32.710+0000: [GC (Allocation Failure) 2020-10-29T15:51:32.710+0000: [ParNew: 16388K->4K(18432K), 0.0031857 secs] 516876K->500492K(896640K), 0.0032374 secs] [Times: user=0.01 sys=0.00, real=0.01 secs] 
2020-10-29T15:51:32.728+0000: [GC (Allocation Failure) 2020-10-29T15:51:32.729+0000: [ParNew: 16388K->4K(18432K), 0.0030619 secs] 516876K->500492K(896640K), 0.0031117 secs] [Times: user=0.01 sys=0.00, real=0.00 secs] 
2020-10-29T15:51:32.746+0000: [GC (Allocation Failure) 2020-10-29T15:51:32.746+0000: [ParNew: 16388K->4K(18432K), 0.0031357 secs] 516876K->500492K(896640K), 0.0031900 secs] [Times: user=0.01 sys=0.00, real=0.00 secs] 
2020-10-29T15:51:32.763+0000: [GC (Allocation Failure) 2020-10-29T15:51:32.763+0000: [ParNew: 16388K->4K(18432K), 0.0031787 secs] 516876K->500492K(896640K), 0.0032425 secs] [Times: user=0.00 sys=0.00, real=0.01 secs] 
2020-10-29T15:51:32.781+0000: [GC (Allocation Failure) 2020-10-29T15:51:32.781+0000: [ParNew: 16388K->4K(18432K), 0.0032149 secs] 516876K->500492K(896640K), 0.0032760 secs] [Times: user=0.01 sys=0.00, real=0.00 secs] 
2020-10-29T15:51:32.798+0000: [GC (Allocation Failure) 2020-10-29T15:51:32.798+0000: [ParNew: 16388K->4K(18432K), 0.0031501 secs] 516876K->500492K(896640K), 0.0032031 secs] [Times: user=0.01 sys=0.00, real=0.00 secs] 
2020-10-29T15:51:32.816+0000: [GC (Allocation Failure) 2020-10-29T15:51:32.817+0000: [ParNew: 16388K->4K(18432K), 0.0032109 secs] 516876K->500492K(896640K), 0.0032662 secs] [Times: user=0.01 sys=0.00, real=0.00 secs] 
2020-10-29T15:51:32.836+0000: [GC (Allocation Failure) 2020-10-29T15:51:32.837+0000: [ParNew: 16388K->4K(18432K), 0.0031527 secs] 516876K->500492K(896640K), 0.0032075 secs] [Times: user=0.01 sys=0.00, real=0.00 secs] 
2020-10-29T15:51:32.856+0000: [GC (Allocation Failure) 2020-10-29T15:51:32.857+0000: [ParNew: 16388K->4K(18432K), 0.0031470 secs] 516876K->500492K(896640K), 0.0032019 secs] [Times: user=0.01 sys=0.00, real=0.00 secs] 
2020-10-29T15:51:32.874+0000: [GC (Allocation Failure) 2020-10-29T15:51:32.874+0000: [ParNew: 16388K->4K(18432K), 0.0031565 secs] 516876K->500492K(896640K), 0.0032122 secs] [Times: user=0.01 sys=0.00, real=0.00 secs] 
2020-10-29T15:51:32.892+0000: [GC (Allocation Failure) 2020-10-29T15:51:32.893+0000: [ParNew: 16388K->4K(18432K), 0.0031425 secs] 516876K->500492K(896640K), 0.0031979 secs] [Times: user=0.00 sys=0.00, real=0.00 secs] 
2020-10-29T15:51:32.910+0000: [GC (Allocation Failure) 2020-10-29T15:51:32.910+0000: [ParNew: 16388K->4K(18432K), 0.0106951 secs] 516876K->500492K(896640K), 0.0107553 secs] [Times: user=0.01 sys=0.00, real=0.01 secs] 
2020-10-29T15:51:32.935+0000: [GC (Allocation Failure) 2020-10-29T15:51:32.936+0000: [ParNew: 16388K->4K(18432K), 0.0032195 secs] 516876K->500492K(896640K), 0.0032765 secs] [Times: user=0.01 sys=0.00, real=0.00 secs] 
2020-10-29T15:51:32.956+0000: [GC (Allocation Failure) 2020-10-29T15:51:32.957+0000: [ParNew: 16388K->4K(18432K), 0.0031416 secs] 516876K->500492K(896640K), 0.0031971 secs] [Times: user=0.01 sys=0.00, real=0.00 secs] 
2020-10-29T15:51:32.974+0000: [GC (Allocation Failure) 2020-10-29T15:51:32.974+0000: [ParNew: 16388K->4K(18432K), 0.0031566 secs] 516876K->500492K(896640K), 0.0032125 secs] [Times: user=0.00 sys=0.00, real=0.00 secs] 
2020-10-29T15:51:32.992+0000: [GC (Allocation Failure) 2020-10-29T15:51:32.992+0000: [ParNew: 16388K->4K(18432K), 0.0031889 secs] 516876K->500492K(896640K), 0.0032443 secs] [Times: user=0.01 sys=0.00, real=0.01 secs] 
2020-10-29T15:51:33.013+0000: [GC (Allocation Failure) 2020-10-29T15:51:33.013+0000: [ParNew: 16388K->4K(18432K), 0.0032275 secs] 516876K->500492K(896640K), 0.0032860 secs] [Times: user=0.01 sys=0.00, real=0.00 secs] 
2020-10-29T15:51:33.033+0000: [GC (Allocation Failure) 2020-10-29T15:51:33.033+0000: [ParNew: 16388K->4K(18432K), 0.0032506 secs] 516876K->500492K(896640K), 0.0033095 secs] [Times: user=0.00 sys=0.00, real=0.00 secs] 
2020-10-29T15:51:33.052+0000: [GC (Allocation Failure) 2020-10-29T15:51:33.053+0000: [ParNew: 16388K->4K(18432K), 0.0031914 secs] 516876K->500492K(896640K), 0.0032487 secs] [Times: user=0.01 sys=0.00, real=0.00 secs] 
2020-10-29T15:51:33.072+0000: [GC (Allocation Failure) 2020-10-29T15:51:33.073+0000: [ParNew: 16388K->4K(18432K), 0.0032039 secs] 516876K->500492K(896640K), 0.0032622 secs] [Times: user=0.00 sys=0.00, real=0.00 secs] 
2020-10-29T15:51:33.092+0000: [GC (Allocation Failure) 2020-10-29T15:51:33.093+0000: [ParNew: 16388K->4K(18432K), 0.0031806 secs] 516876K->500492K(896640K), 0.0032373 secs] [Times: user=0.00 sys=0.00, real=0.00 secs] 
2020-10-29T15:51:33.112+0000: [GC (Allocation Failure) 2020-10-29T15:51:33.113+0000: [ParNew: 16388K->4K(18432K), 0.0032393 secs] 516876K->500492K(896640K), 0.0032995 secs] [Times: user=0.01 sys=0.00, real=0.00 secs] 
2020-10-29T15:51:33.131+0000: [GC (Allocation Failure) 2020-10-29T15:51:33.131+0000: [ParNew: 16388K->4K(18432K), 0.0032232 secs] 516876K->500492K(896640K), 0.0032814 secs] [Times: user=0.01 sys=0.00, real=0.01 secs] 
2020-10-29T15:51:33.152+0000: [GC (Allocation Failure) 2020-10-29T15:51:33.152+0000: [ParNew: 16388K->4K(18432K), 0.0031812 secs] 516876K->500492K(896640K), 0.0032789 secs] [Times: user=0.00 sys=0.00, real=0.01 secs] 
2020-10-29T15:51:33.172+0000: [GC (Allocation Failure) 2020-10-29T15:51:33.173+0000: [ParNew: 16388K->4K(18432K), 0.0031444 secs] 516876K->500492K(896640K), 0.0031989 secs] [Times: user=0.01 sys=0.00, real=0.00 secs] 
2020-10-29T15:51:33.193+0000: [GC (Allocation Failure) 2020-10-29T15:51:33.193+0000: [ParNew: 16388K->4K(18432K), 0.0031845 secs] 516876K->500492K(896640K), 0.0032429 secs] [Times: user=0.01 sys=0.00, real=0.00 secs] 
2020-10-29T15:51:33.210+0000: [GC (Allocation Failure) 2020-10-29T15:51:33.210+0000: [ParNew: 16388K->4K(18432K), 0.0032038 secs] 516876K->500492K(896640K), 0.0032667 secs] [Times: user=0.00 sys=0.00, real=0.01 secs] 
2020-10-29T15:51:33.228+0000: [GC (Allocation Failure) 2020-10-29T15:51:33.229+0000: [ParNew: 16388K->4K(18432K), 0.0031826 secs] 516876K->500492K(896640K), 0.0032496 secs] [Times: user=0.01 sys=0.00, real=0.00 secs] 
2020-10-29T15:51:33.246+0000: [GC (Allocation Failure) 2020-10-29T15:51:33.246+0000: [ParNew: 16388K->4K(18432K), 0.0032607 secs] 516876K->500492K(896640K), 0.0033207 secs] [Times: user=0.01 sys=0.00, real=0.00 secs] 
2020-10-29T15:51:33.265+0000: [GC (Allocation Failure) 2020-10-29T15:51:33.265+0000: [ParNew: 16388K->4K(18432K), 0.0032818 secs] 516876K->500492K(896640K), 0.0033395 secs] [Times: user=0.01 sys=0.00, real=0.00 secs] 
2020-10-29T15:51:33.284+0000: [GC (Allocation Failure) 2020-10-29T15:51:33.285+0000: [ParNew: 16388K->4K(18432K), 0.0032626 secs] 516876K->500492K(896640K), 0.0033191 secs] [Times: user=0.01 sys=0.00, real=0.00 secs] 
2020-10-29T15:51:33.304+0000: [GC (Allocation Failure) 2020-10-29T15:51:33.305+0000: [ParNew: 16388K->4K(18432K), 0.0032103 secs] 516876K->500492K(896640K), 0.0032680 secs] [Times: user=0.01 sys=0.00, real=0.00 secs] 
2020-10-29T15:51:33.322+0000: [GC (Allocation Failure) 2020-10-29T15:51:33.322+0000: [ParNew: 16388K->4K(18432K), 0.0032291 secs] 516876K->500492K(896640K), 0.0032859 secs] [Times: user=0.00 sys=0.00, real=0.01 secs] 
2020-10-29T15:51:33.340+0000: [GC (Allocation Failure) 2020-10-29T15:51:33.341+0000: [ParNew: 16388K->4K(18432K), 0.0031940 secs] 516876K->500492K(896640K), 0.0032506 secs] [Times: user=0.01 sys=0.00, real=0.00 secs] 
2020-10-29T15:51:33.360+0000: [GC (Allocation Failure) 2020-10-29T15:51:33.361+0000: [ParNew: 16388K->4K(18432K), 0.0032159 secs] 516876K->500492K(896640K), 0.0032751 secs] [Times: user=0.01 sys=0.00, real=0.00 secs] 
2020-10-29T15:51:33.378+0000: [GC (Allocation Failure) 2020-10-29T15:51:33.378+0000: [ParNew: 16388K->4K(18432K), 0.0031805 secs] 516876K->500492K(896640K), 0.0032377 secs] [Times: user=0.01 sys=0.00, real=0.00 secs] 
2020-10-29T15:51:33.396+0000: [GC (Allocation Failure) 2020-10-29T15:51:33.396+0000: [ParNew: 16388K->4K(18432K), 0.0031643 secs] 516876K->500492K(896640K), 0.0032192 secs] [Times: user=0.00 sys=0.00, real=0.00 secs] 
2020-10-29T15:51:33.413+0000: [GC (Allocation Failure) 2020-10-29T15:51:33.413+0000: [ParNew: 16388K->4K(18432K), 0.0032997 secs] 516876K->500492K(896640K), 0.0033680 secs] [Times: user=0.00 sys=0.00, real=0.00 secs] 
2020-10-29T15:51:33.432+0000: [GC (Allocation Failure) 2020-10-29T15:51:33.433+0000: [ParNew: 16388K->4K(18432K), 0.0031255 secs] 516876K->500492K(896640K), 0.0031807 secs] [Times: user=0.01 sys=0.00, real=0.00 secs] 
2020-10-29T15:51:33.450+0000: [GC (Allocation Failure) 2020-10-29T15:51:33.450+0000: [ParNew: 16388K->4K(18432K), 0.0031824 secs] 516876K->500492K(896640K), 0.0032478 secs] [Times: user=0.01 sys=0.00, real=0.01 secs] 
2020-10-29T15:51:33.468+0000: [GC (Allocation Failure) 2020-10-29T15:51:33.468+0000: [ParNew: 16388K->4K(18432K), 0.0032147 secs] 516876K->500492K(896640K), 0.0032785 secs] [Times: user=0.01 sys=0.00, real=0.00 secs] 
2020-10-29T15:51:33.485+0000: [GC (Allocation Failure) 2020-10-29T15:51:33.485+0000: [ParNew: 16388K->4K(18432K), 0.0032431 secs] 516876K->500492K(896640K), 0.0033084 secs] [Times: user=0.00 sys=0.00, real=0.00 secs] 
2020-10-29T15:51:33.504+0000: [GC (Allocation Failure) 2020-10-29T15:51:33.505+0000: [ParNew: 16388K->4K(18432K), 0.0031823 secs] 516876K->500492K(896640K), 0.0032381 secs] [Times: user=0.01 sys=0.00, real=0.00 secs] 
2020-10-29T15:51:33.524+0000: [GC (Allocation Failure) 2020-10-29T15:51:33.525+0000: [ParNew: 16388K->4K(18432K), 0.0031436 secs] 516876K->500492K(896640K), 0.0031984 secs] [Times: user=0.00 sys=0.00, real=0.00 secs] 
2020-10-29T15:51:33.542+0000: [GC (Allocation Failure) 2020-10-29T15:51:33.542+0000: [ParNew: 16388K->4K(18432K), 0.0031226 secs] 516876K->500492K(896640K), 0.0031765 secs] [Times: user=0.01 sys=0.00, real=0.01 secs] 
2020-10-29T15:51:33.560+0000: [GC (Allocation Failure) 2020-10-29T15:51:33.561+0000: [ParNew: 16388K->4K(18432K), 0.0031507 secs] 516876K->500492K(896640K), 0.0032052 secs] [Times: user=0.00 sys=0.00, real=0.00 secs] 
2020-10-29T15:51:33.580+0000: [GC (Allocation Failure) 2020-10-29T15:51:33.580+0000: [ParNew: 16388K->4K(18432K), 0.0031632 secs] 516876K->500492K(896640K), 0.0032180 secs] [Times: user=0.01 sys=0.00, real=0.00 secs] 
2020-10-29T15:51:33.598+0000: [GC (Allocation Failure) 2020-10-29T15:51:33.598+0000: [ParNew: 16388K->4K(18432K), 0.0030860 secs] 516876K->500492K(896640K), 0.0031380 secs] [Times: user=0.01 sys=0.00, real=0.00 secs] 
2020-10-29T15:51:33.616+0000: [GC (Allocation Failure) 2020-10-29T15:51:33.617+0000: [ParNew: 16388K->4K(18432K), 0.0031386 secs] 516876K->500492K(896640K), 0.0031916 secs] [Times: user=0.01 sys=0.00, real=0.00 secs] 
2020-10-29T15:51:33.634+0000: [GC (Allocation Failure) 2020-10-29T15:51:33.634+0000: [ParNew: 16388K->4K(18432K), 0.0031428 secs] 516876K->500492K(896640K), 0.0031954 secs] [Times: user=0.00 sys=0.00, real=0.00 secs] 
2020-10-29T15:51:33.652+0000: [GC (Allocation Failure) 2020-10-29T15:51:33.652+0000: [ParNew: 16388K->4K(18432K), 0.0031353 secs] 516876K->500492K(896640K), 0.0031897 secs] [Times: user=0.01 sys=0.00, real=0.01 secs] 
2020-10-29T15:51:33.673+0000: [GC (Allocation Failure) 2020-10-29T15:51:33.673+0000: [ParNew: 16388K->4K(18432K), 0.0031511 secs] 516876K->500492K(896640K), 0.0032073 secs] [Times: user=0.00 sys=0.00, real=0.00 secs] 
2020-10-29T15:51:33.690+0000: [GC (Allocation Failure) 2020-10-29T15:51:33.690+0000: [ParNew: 16388K->4K(18432K), 0.0031731 secs] 516876K->500492K(896640K), 0.0032281 secs] [Times: user=0.01 sys=0.00, real=0.01 secs] 
2020-10-29T15:51:33.708+0000: [GC (Allocation Failure) 2020-10-29T15:51:33.708+0000: [ParNew: 16388K->4K(18432K), 0.0031308 secs] 516876K->500492K(896640K), 0.0031846 secs] [Times: user=0.00 sys=0.00, real=0.00 secs] 
2020-10-29T15:51:33.725+0000: [GC (Allocation Failure) 2020-10-29T15:51:33.725+0000: [ParNew: 16388K->4K(18432K), 0.0032519 secs] 516876K->500492K(896640K), 0.0033091 secs] [Times: user=0.01 sys=0.00, real=0.00 secs] 
2020-10-29T15:51:33.743+0000: [GC (Allocation Failure) 2020-10-29T15:51:33.743+0000: [ParNew: 16388K->4K(18432K), 0.0032225 secs] 516876K->500492K(896640K), 0.0032907 secs] [Times: user=0.01 sys=0.00, real=0.01 secs] 
2020-10-29T15:51:33.761+0000: [GC (Allocation Failure) 2020-10-29T15:51:33.761+0000: [ParNew: 16388K->4K(18432K), 0.0031540 secs] 516876K->500492K(896640K), 0.0032094 secs] [Times: user=0.00 sys=0.00, real=0.00 secs] 
2020-10-29T15:51:33.781+0000: [GC (Allocation Failure) 2020-10-29T15:51:33.781+0000: [ParNew: 16388K->4K(18432K), 0.0032624 secs] 516876K->500492K(896640K), 0.0033275 secs] [Times: user=0.00 sys=0.00, real=0.01 secs] 
2020-10-29T15:51:33.800+0000: [GC (Allocation Failure) 2020-10-29T15:51:33.801+0000: [ParNew: 16388K->4K(18432K), 0.0031738 secs] 516876K->500492K(896640K), 0.0032306 secs] [Times: user=0.01 sys=0.00, real=0.00 secs] 
2020-10-29T15:51:33.822+0000: [GC (Allocation Failure) 2020-10-29T15:51:33.822+0000: [ParNew: 16388K->4K(18432K), 0.0031635 secs] 516876K->500492K(896640K), 0.0032175 secs] [Times: user=0.01 sys=0.00, real=0.01 secs] 
2020-10-29T15:51:33.840+0000: [GC (Allocation Failure) 2020-10-29T15:51:33.841+0000: [ParNew: 16388K->4K(18432K), 0.0031717 secs] 516876K->500492K(896640K), 0.0032281 secs] [Times: user=0.01 sys=0.00, real=0.00 secs] 
2020-10-29T15:51:33.858+0000: [GC (Allocation Failure) 2020-10-29T15:51:33.858+0000: [ParNew: 16388K->4K(18432K), 0.0031784 secs] 516876K->500492K(896640K), 0.0032336 secs] [Times: user=0.01 sys=0.00, real=0.00 secs] 
2020-10-29T15:51:33.876+0000: [GC (Allocation Failure) 2020-10-29T15:51:33.877+0000: [ParNew: 16388K->4K(18432K), 0.0031485 secs] 516876K->500492K(896640K), 0.0032010 secs] [Times: user=0.00 sys=0.00, real=0.00 secs] 
2020-10-29T15:51:33.897+0000: [GC (Allocation Failure) 2020-10-29T15:51:33.897+0000: [ParNew: 16388K->4K(18432K), 0.0031676 secs] 516876K->500492K(896640K), 0.0032235 secs] [Times: user=0.00 sys=0.00, real=0.00 secs] 
2020-10-29T15:51:33.914+0000: [GC (Allocation Failure) 2020-10-29T15:51:33.914+0000: [ParNew: 16388K->4K(18432K), 0.0031819 secs] 516876K->500492K(896640K), 0.0032385 secs] [Times: user=0.01 sys=0.00, real=0.00 secs] 
2020-10-29T15:51:33.932+0000: [GC (Allocation Failure) 2020-10-29T15:51:33.932+0000: [ParNew: 16388K->4K(18432K), 0.0031854 secs] 516876K->500492K(896640K), 0.0032408 secs] [Times: user=0.01 sys=0.00, real=0.01 secs] 
2020-10-29T15:51:33.949+0000: [GC (Allocation Failure) 2020-10-29T15:51:33.949+0000: [ParNew: 16388K->4K(18432K), 0.0032181 secs] 516876K->500492K(896640K), 0.0032759 secs] [Times: user=0.00 sys=0.00, real=0.00 secs] 
2020-10-29T15:51:33.968+0000: [GC (Allocation Failure) 2020-10-29T15:51:33.969+0000: [ParNew: 16388K->4K(18432K), 0.0031674 secs] 516876K->500492K(896640K), 0.0032248 secs] [Times: user=0.00 sys=0.00, real=0.00 secs] 
2020-10-29T15:51:33.988+0000: [GC (Allocation Failure) 2020-10-29T15:51:33.988+0000: [ParNew: 16388K->4K(18432K), 0.0032122 secs] 516876K->500492K(896640K), 0.0032689 secs] [Times: user=0.00 sys=0.00, real=0.00 secs] 
2020-10-29T15:51:34.009+0000: [GC (Allocation Failure) 2020-10-29T15:51:34.009+0000: [ParNew: 16388K->4K(18432K), 0.0031476 secs] 516876K->500492K(896640K), 0.0032044 secs] [Times: user=0.01 sys=0.00, real=0.00 secs] 
2020-10-29T15:51:34.028+0000: [GC (Allocation Failure) 2020-10-29T15:51:34.029+0000: [ParNew: 16388K->4K(18432K), 0.0031370 secs] 516876K->500492K(896640K), 0.0031842 secs] [Times: user=0.00 sys=0.00, real=0.00 secs] 
2020-10-29T15:51:34.048+0000: [GC (Allocation Failure) 2020-10-29T15:51:34.049+0000: [ParNew: 16388K->4K(18432K), 0.0031389 secs] 516876K->500492K(896640K), 0.0031927 secs] [Times: user=0.01 sys=0.00, real=0.00 secs] 
2020-10-29T15:51:34.066+0000: [GC (Allocation Failure) 2020-10-29T15:51:34.066+0000: [ParNew: 16388K->4K(18432K), 0.0031493 secs] 516876K->500492K(896640K), 0.0032038 secs] [Times: user=0.01 sys=0.00, real=0.00 secs] 
2020-10-29T15:51:34.084+0000: [GC (Allocation Failure) 2020-10-29T15:51:34.085+0000: [ParNew: 16388K->4K(18432K), 0.0031570 secs] 516876K->500492K(896640K), 0.0032113 secs] [Times: user=0.00 sys=0.00, real=0.00 secs] 
2020-10-29T15:51:34.102+0000: [GC (Allocation Failure) 2020-10-29T15:51:34.102+0000: [ParNew: 16388K->4K(18432K), 0.0031991 secs] 516876K->500492K(896640K), 0.0032569 secs] [Times: user=0.01 sys=0.00, real=0.01 secs] 
2020-10-29T15:51:34.121+0000: [GC (Allocation Failure) 2020-10-29T15:51:34.121+0000: [ParNew: 16388K->4K(18432K), 0.0032489 secs] 516876K->500492K(896640K), 0.0033186 secs] [Times: user=0.00 sys=0.00, real=0.00 secs] 
2020-10-29T15:51:34.140+0000: [GC (Allocation Failure) 2020-10-29T15:51:34.140+0000: [ParNew: 16388K->4K(18432K), 0.0032330 secs] 516876K->500493K(896640K), 0.0032894 secs] [Times: user=0.00 sys=0.00, real=0.00 secs] 
2020-10-29T15:51:34.158+0000: [GC (Allocation Failure) 2020-10-29T15:51:34.158+0000: [ParNew: 16388K->4K(18432K), 0.0032456 secs] 516877K->500493K(896640K), 0.0033039 secs] [Times: user=0.01 sys=0.00, real=0.00 secs] 
2020-10-29T15:51:34.176+0000: [GC (Allocation Failure) 2020-10-29T15:51:34.177+0000: [ParNew: 16388K->4K(18432K), 0.0031782 secs] 516877K->500493K(896640K), 0.0032358 secs] [Times: user=0.00 sys=0.00, real=0.00 secs] 
2020-10-29T15:51:34.194+0000: [GC (Allocation Failure) 2020-10-29T15:51:34.194+0000: [ParNew: 16388K->4K(18432K), 0.0031883 secs] 516877K->500493K(896640K), 0.0032443 secs] [Times: user=0.01 sys=0.00, real=0.00 secs] 
2020-10-29T15:51:34.211+0000: [GC (Allocation Failure) 2020-10-29T15:51:34.212+0000: [ParNew: 16388K->4K(18432K), 0.0032039 secs] 516877K->500493K(896640K), 0.0032599 secs] [Times: user=0.00 sys=0.00, real=0.01 secs] 
2020-10-29T15:51:34.232+0000: [GC (Allocation Failure) 2020-10-29T15:51:34.232+0000: [ParNew: 16388K->4K(18432K), 0.0031834 secs] 516877K->500493K(896640K), 0.0032402 secs] [Times: user=0.00 sys=0.00, real=0.01 secs] 
2020-10-29T15:51:34.253+0000: [GC (Allocation Failure) 2020-10-29T15:51:34.253+0000: [ParNew: 16388K->4K(18432K), 0.0031899 secs] 516877K->500493K(896640K), 0.0032482 secs] [Times: user=0.01 sys=0.00, real=0.00 secs] 
2020-10-29T15:51:34.270+0000: [GC (Allocation Failure) 2020-10-29T15:51:34.270+0000: [ParNew: 16388K->4K(18432K), 0.0031846 secs] 516877K->500493K(896640K), 0.0032399 secs] [Times: user=0.01 sys=0.00, real=0.01 secs] 
2020-10-29T15:51:34.288+0000: [GC (Allocation Failure) 2020-10-29T15:51:34.288+0000: [ParNew: 16388K->4K(18432K), 0.0031615 secs] 516877K->500493K(896640K), 0.0032239 secs] [Times: user=0.00 sys=0.00, real=0.00 secs] 
2020-10-29T15:51:34.305+0000: [GC (Allocation Failure) 2020-10-29T15:51:34.305+0000: [ParNew: 16388K->4K(18432K), 0.0030959 secs] 516877K->500493K(896640K), 0.0031484 secs] [Times: user=0.01 sys=0.00, real=0.00 secs] 
2020-10-29T15:51:34.322+0000: [GC (Allocation Failure) 2020-10-29T15:51:34.323+0000: [ParNew: 16388K->4K(18432K), 0.0032097 secs] 516877K->500493K(896640K), 0.0032630 secs] [Times: user=0.01 sys=0.00, real=0.01 secs] 
2020-10-29T15:51:34.340+0000: [GC (Allocation Failure) 2020-10-29T15:51:34.340+0000: [ParNew: 16388K->4K(18432K), 0.0033203 secs] 516877K->500493K(896640K), 0.0033784 secs] [Times: user=0.01 sys=0.00, real=0.00 secs] 
2020-10-29T15:51:34.358+0000: [GC (Allocation Failure) 2020-10-29T15:51:34.358+0000: [ParNew: 16388K->4K(18432K), 0.0031648 secs] 516877K->500493K(896640K), 0.0032209 secs] [Times: user=0.01 sys=0.00, real=0.00 secs] 
2020-10-29T15:51:34.377+0000: [GC (Allocation Failure) 2020-10-29T15:51:34.377+0000: [ParNew: 16388K->4K(18432K), 0.0031386 secs] 516877K->500493K(896640K), 0.0031933 secs] [Times: user=0.01 sys=0.00, real=0.00 secs] 
2020-10-29T15:51:34.394+0000: [GC (Allocation Failure) 2020-10-29T15:51:34.394+0000: [ParNew: 16388K->4K(18432K), 0.0032039 secs] 516877K->500493K(896640K), 0.0032599 secs] [Times: user=0.01 sys=0.00, real=0.00 secs] 
2020-10-29T15:51:34.412+0000: [GC (Allocation Failure) 2020-10-29T15:51:34.413+0000: [ParNew: 16388K->4K(18432K), 0.0031520 secs] 516877K->500493K(896640K), 0.0032094 secs] [Times: user=0.00 sys=0.00, real=0.00 secs] 
2020-10-29T15:51:34.432+0000: [GC (Allocation Failure) 2020-10-29T15:51:34.433+0000: [ParNew: 16388K->4K(18432K), 0.0031568 secs] 516877K->500493K(896640K), 0.0032132 secs] [Times: user=0.00 sys=0.00, real=0.00 secs] 
2020-10-29T15:51:34.452+0000: [GC (Allocation Failure) 2020-10-29T15:51:34.453+0000: [ParNew: 16388K->4K(18432K), 0.0031641 secs] 516877K->500493K(896640K), 0.0032198 secs] [Times: user=0.01 sys=0.00, real=0.00 secs] 
2020-10-29T15:51:34.472+0000: [GC (Allocation Failure) 2020-10-29T15:51:34.473+0000: [ParNew: 16388K->4K(18432K), 0.0032263 secs] 516877K->500493K(896640K), 0.0032856 secs] [Times: user=0.00 sys=0.00, real=0.00 secs] 
2020-10-29T15:51:34.490+0000: [GC (Allocation Failure) 2020-10-29T15:51:34.490+0000: [ParNew: 16388K->4K(18432K), 0.0032421 secs] 516877K->500493K(896640K), 0.0032999 secs] [Times: user=0.01 sys=0.00, real=0.01 secs] 
2020-10-29T15:51:34.508+0000: [GC (Allocation Failure) 2020-10-29T15:51:34.508+0000: [ParNew: 16388K->4K(18432K), 0.0031659 secs] 516877K->500493K(896640K), 0.0032404 secs] [Times: user=0.01 sys=0.00, real=0.00 secs] 
2020-10-29T15:51:34.525+0000: [GC (Allocation Failure) 2020-10-29T15:51:34.525+0000: [ParNew: 16388K->4K(18432K), 0.0031694 secs] 516877K->500493K(896640K), 0.0032259 secs] [Times: user=0.01 sys=0.00, real=0.00 secs] 
2020-10-29T15:51:34.544+0000: [GC (Allocation Failure) 2020-10-29T15:51:34.545+0000: [ParNew: 16388K->4K(18432K), 0.0031078 secs] 516877K->500493K(896640K), 0.0031598 secs] [Times: user=0.01 sys=0.00, real=0.00 secs] 
2020-10-29T15:51:34.562+0000: [GC (Allocation Failure) 2020-10-29T15:51:34.562+0000: [ParNew: 16388K->4K(18432K), 0.0031569 secs] 516877K->500493K(896640K), 0.0032114 secs] [Times: user=0.00 sys=0.00, real=0.01 secs] 
2020-10-29T15:51:34.580+0000: [GC (Allocation Failure) 2020-10-29T15:51:34.581+0000: [ParNew: 16388K->4K(18432K), 0.0031508 secs] 516877K->500493K(896640K), 0.0032068 secs] [Times: user=0.00 sys=0.00, real=0.00 secs] 
2020-10-29T15:51:34.601+0000: [GC (Allocation Failure) 2020-10-29T15:51:34.601+0000: [ParNew: 16388K->4K(18432K), 0.0031797 secs] 516877K->500493K(896640K), 0.0032346 secs] [Times: user=0.01 sys=0.00, real=0.00 secs] 
2020-10-29T15:51:34.618+0000: [GC (Allocation Failure) 2020-10-29T15:51:34.618+0000: [ParNew: 16388K->4K(18432K), 0.0032194 secs] 516877K->500493K(896640K), 0.0032753 secs] [Times: user=0.00 sys=0.00, real=0.00 secs] 
2020-10-29T15:51:34.636+0000: [GC (Allocation Failure) 2020-10-29T15:51:34.636+0000: [ParNew: 16388K->4K(18432K), 0.0032197 secs] 516877K->500493K(896640K), 0.0032782 secs] [Times: user=0.00 sys=0.00, real=0.00 secs] 
2020-10-29T15:51:34.653+0000: [GC (Allocation Failure) 2020-10-29T15:51:34.653+0000: [ParNew: 16388K->4K(18432K), 0.0032115 secs] 516877K->500493K(896640K), 0.0032681 secs] [Times: user=0.01 sys=0.00, real=0.00 secs] 
2020-10-29T15:51:34.671+0000: [GC (Allocation Failure) 2020-10-29T15:51:34.671+0000: [ParNew: 16388K->4K(18432K), 0.0031733 secs] 516877K->500493K(896640K), 0.0032287 secs] [Times: user=0.00 sys=0.00, real=0.01 secs] 
2020-10-29T15:51:34.689+0000: [GC (Allocation Failure) 2020-10-29T15:51:34.689+0000: [ParNew: 16388K->4K(18432K), 0.0030953 secs] 516877K->500493K(896640K), 0.0031467 secs] [Times: user=0.01 sys=0.00, real=0.00 secs] 
2020-10-29T15:51:34.706+0000: [GC (Allocation Failure) 2020-10-29T15:51:34.706+0000: [ParNew: 16388K->4K(18432K), 0.0031750 secs] 516877K->500493K(896640K), 0.0032316 secs] [Times: user=0.00 sys=0.00, real=0.00 secs] 
2020-10-29T15:51:34.723+0000: [GC (Allocation Failure) 2020-10-29T15:51:34.723+0000: [ParNew: 16388K->4K(18432K), 0.0031868 secs] 516877K->500493K(896640K), 0.0032408 secs] [Times: user=0.01 sys=0.00, real=0.01 secs] 
2020-10-29T15:51:34.741+0000: [GC (Allocation Failure) 2020-10-29T15:51:34.741+0000: [ParNew: 16388K->4K(18432K), 0.0031413 secs] 516877K->500493K(896640K), 0.0031943 secs] [Times: user=0.01 sys=0.00, real=0.00 secs] 
2020-10-29T15:51:34.758+0000: [GC (Allocation Failure) 2020-10-29T15:51:34.759+0000: [ParNew: 16388K->4K(18432K), 0.0031761 secs] 516877K->500493K(896640K), 0.0032340 secs] [Times: user=0.00 sys=0.00, real=0.00 secs] 
2020-10-29T15:51:34.776+0000: [GC (Allocation Failure) 2020-10-29T15:51:34.776+0000: [ParNew: 16388K->4K(18432K), 0.0031654 secs] 516877K->500493K(896640K), 0.0032187 secs] [Times: user=0.01 sys=0.00, real=0.00 secs] 
2020-10-29T15:51:34.794+0000: [GC (Allocation Failure) 2020-10-29T15:51:34.794+0000: [ParNew: 16388K->4K(18432K), 0.0031974 secs] 516877K->500493K(896640K), 0.0032535 secs] [Times: user=0.00 sys=0.00, real=0.00 secs] 
2020-10-29T15:51:34.811+0000: [GC (Allocation Failure) 2020-10-29T15:51:34.811+0000: [ParNew: 16388K->4K(18432K), 0.0032126 secs] 516877K->500493K(896640K), 0.0032711 secs] [Times: user=0.01 sys=0.00, real=0.01 secs] 
2020-10-29T15:51:34.829+0000: [GC (Allocation Failure) 2020-10-29T15:51:34.829+0000: [ParNew: 16388K->4K(18432K), 0.0031823 secs] 516877K->500493K(896640K), 0.0032388 secs] [Times: user=0.01 sys=0.00, real=0.00 secs] 
2020-10-29T15:51:34.846+0000: [GC (Allocation Failure) 2020-10-29T15:51:34.846+0000: [ParNew: 16388K->4K(18432K), 0.0032081 secs] 516877K->500493K(896640K), 0.0032766 secs] [Times: user=0.01 sys=0.00, real=0.00 secs] 
2020-10-29T15:51:34.864+0000: [GC (Allocation Failure) 2020-10-29T15:51:34.864+0000: [ParNew: 16388K->4K(18432K), 0.0031901 secs] 516877K->500493K(896640K), 0.0032457 secs] [Times: user=0.01 sys=0.00, real=0.01 secs] 
2020-10-29T15:51:34.887+0000: [GC (Allocation Failure) 2020-10-29T15:51:34.887+0000: [ParNew: 16388K->4K(18432K), 0.0032224 secs] 516877K->500493K(896640K), 0.0033032 secs] [Times: user=0.01 sys=0.00, real=0.00 secs] 
2020-10-29T15:51:34.911+0000: [GC (Allocation Failure) 2020-10-29T15:51:34.911+0000: [ParNew: 16388K->4K(18432K), 0.0031805 secs] 516877K->500493K(896640K), 0.0032579 secs] [Times: user=0.01 sys=0.00, real=0.01 secs] 
2020-10-29T15:51:34.930+0000: [GC (Allocation Failure) 2020-10-29T15:51:34.930+0000: [ParNew: 16388K->4K(18432K), 0.0031530 secs] 516877K->500493K(896640K), 0.0032064 secs] [Times: user=0.00 sys=0.00, real=0.01 secs] 
2020-10-29T15:51:34.948+0000: [GC (Allocation Failure) 2020-10-29T15:51:34.949+0000: [ParNew: 16388K->4K(18432K), 0.0030858 secs] 516877K->500493K(896640K), 0.0031378 secs] [Times: user=0.00 sys=0.00, real=0.00 secs] 
2020-10-29T15:51:34.968+0000: [GC (Allocation Failure) 2020-10-29T15:51:34.969+0000: [ParNew: 16388K->4K(18432K), 0.0031164 secs] 516877K->500493K(896640K), 0.0031779 secs] [Times: user=0.01 sys=0.00, real=0.00 secs] 
2020-10-29T15:51:34.994+0000: [GC (Allocation Failure) 2020-10-29T15:51:34.994+0000: [ParNew: 16388K->4K(18432K), 0.0031225 secs] 516877K->500493K(896640K), 0.0032105 secs] [Times: user=0.01 sys=0.00, real=0.00 secs] 
2020-10-29T15:51:35.017+0000: [GC (Allocation Failure) 2020-10-29T15:51:35.017+0000: [ParNew: 16388K->4K(18432K), 0.0031359 secs] 516877K->500493K(896640K), 0.0031914 secs] [Times: user=0.01 sys=0.00, real=0.00 secs] 
2020-10-29T15:51:35.034+0000: [GC (Allocation Failure) 2020-10-29T15:51:35.034+0000: [ParNew: 16388K->4K(18432K), 0.0031819 secs] 516877K->500493K(896640K), 0.0032381 secs] [Times: user=0.00 sys=0.00, real=0.00 secs] 
2020-10-29T15:51:35.051+0000: [GC (Allocation Failure) 2020-10-29T15:51:35.051+0000: [ParNew: 16388K->4K(18432K), 0.0031417 secs] 516877K->500493K(896640K), 0.0031964 secs] [Times: user=0.01 sys=0.00, real=0.01 secs] 
2020-10-29T15:51:35.069+0000: [GC (Allocation Failure) 2020-10-29T15:51:35.069+0000: [ParNew: 16388K->4K(18432K), 0.0032320 secs] 516877K->500493K(896640K), 0.0032894 secs] [Times: user=0.01 sys=0.00, real=0.00 secs] 
2020-10-29T15:51:35.088+0000: [GC (Allocation Failure) 2020-10-29T15:51:35.089+0000: [ParNew: 16388K->4K(18432K), 0.0032046 secs] 516877K->500493K(896640K), 0.0032612 secs] [Times: user=0.01 sys=0.00, real=0.00 secs] 
2020-10-29T15:51:35.106+0000: [GC (Allocation Failure) 2020-10-29T15:51:35.106+0000: [ParNew: 16388K->4K(18432K), 0.0032095 secs] 516877K->500493K(896640K), 0.0032658 secs] [Times: user=0.00 sys=0.00, real=0.00 secs] 
2020-10-29T15:51:35.124+0000: [GC (Allocation Failure) 2020-10-29T15:51:35.125+0000: [ParNew: 16388K->4K(18432K), 0.0031466 secs] 516877K->500493K(896640K), 0.0031997 secs] [Times: user=0.01 sys=0.00, real=0.00 secs] 
2020-10-29T15:51:35.145+0000: [GC (Allocation Failure) 2020-10-29T15:51:35.145+0000: [ParNew: 16388K->4K(18432K), 0.0032430 secs] 516877K->500493K(896640K), 0.0033011 secs] [Times: user=0.01 sys=0.00, real=0.00 secs] 
2020-10-29T15:51:35.163+0000: [GC (Allocation Failure) 2020-10-29T15:51:35.163+0000: [ParNew: 16388K->4K(18432K), 0.0031513 secs] 516877K->500493K(896640K), 0.0032072 secs] [Times: user=0.01 sys=0.00, real=0.01 secs] 
2020-10-29T15:51:35.180+0000: [GC (Allocation Failure) 2020-10-29T15:51:35.180+0000: [ParNew: 16388K->4K(18432K), 0.0031448 secs] 516877K->500493K(896640K), 0.0031995 secs] [Times: user=0.01 sys=0.00, real=0.00 secs] 
2020-10-29T15:51:35.198+0000: [GC (Allocation Failure) 2020-10-29T15:51:35.198+0000: [ParNew: 16388K->4K(18432K), 0.0031988 secs] 516877K->500493K(896640K), 0.0032545 secs] [Times: user=0.01 sys=0.00, real=0.00 secs] 
2020-10-29T15:51:35.216+0000: [GC (Allocation Failure) 2020-10-29T15:51:35.217+0000: [ParNew: 16388K->4K(18432K), 0.0031524 secs] 516877K->500493K(896640K), 0.0032086 secs] [Times: user=0.00 sys=0.00, real=0.00 secs] 
2020-10-29T15:51:35.234+0000: [GC (Allocation Failure) 2020-10-29T15:51:35.234+0000: [ParNew: 16388K->4K(18432K), 0.0032087 secs] 516877K->500493K(896640K), 0.0032655 secs] [Times: user=0.01 sys=0.00, real=0.00 secs] 
2020-10-29T15:51:35.256+0000: [GC (Allocation Failure) 2020-10-29T15:51:35.256+0000: [ParNew: 16388K->4K(18432K), 0.0032217 secs] 516877K->500493K(896640K), 0.0032787 secs] [Times: user=0.00 sys=0.00, real=0.00 secs] 
2020-10-29T15:51:35.276+0000: [GC (Allocation Failure) 2020-10-29T15:51:35.276+0000: [ParNew: 16388K->4K(18432K), 0.0032438 secs] 516877K->500493K(896640K), 0.0033000 secs] [Times: user=0.01 sys=0.00, real=0.00 secs] 
2020-10-29T15:51:35.294+0000: [GC (Allocation Failure) 2020-10-29T15:51:35.294+0000: [ParNew: 16388K->4K(18432K), 0.0031629 secs] 516877K->500493K(896640K), 0.0032175 secs] [Times: user=0.01 sys=0.00, real=0.00 secs] 
2020-10-29T15:51:35.311+0000: [GC (Allocation Failure) 2020-10-29T15:51:35.311+0000: [ParNew: 16388K->4K(18432K), 0.0031625 secs] 516877K->500493K(896640K), 0.0032191 secs] [Times: user=0.01 sys=0.00, real=0.01 secs] 
2020-10-29T15:51:35.329+0000: [GC (Allocation Failure) 2020-10-29T15:51:35.329+0000: [ParNew: 16388K->4K(18432K), 0.0031876 secs] 516877K->500493K(896640K), 0.0032414 secs] [Times: user=0.00 sys=0.00, real=0.00 secs] 
2020-10-29T15:51:35.346+0000: [GC (Allocation Failure) 2020-10-29T15:51:35.346+0000: [ParNew: 16388K->4K(18432K), 0.0031079 secs] 516877K->500493K(896640K), 0.0031626 secs] [Times: user=0.01 sys=0.00, real=0.00 secs] 
2020-10-29T15:51:35.364+0000: [GC (Allocation Failure) 2020-10-29T15:51:35.364+0000: [ParNew: 16388K->4K(18432K), 0.0031658 secs] 516877K->500493K(896640K), 0.0032214 secs] [Times: user=0.01 sys=0.00, real=0.01 secs] 
2020-10-29T15:51:35.384+0000: [GC (Allocation Failure) 2020-10-29T15:51:35.384+0000: [ParNew: 16388K->4K(18432K), 0.0031042 secs] 516877K->500493K(896640K), 0.0031575 secs] [Times: user=0.01 sys=0.00, real=0.00 secs] 
2020-10-29T15:51:35.402+0000: [GC (Allocation Failure) 2020-10-29T15:51:35.402+0000: [ParNew: 16388K->4K(18432K), 0.0032170 secs] 516877K->500493K(896640K), 0.0032744 secs] [Times: user=0.00 sys=0.00, real=0.01 secs] 
2020-10-29T15:51:35.420+0000: [GC (Allocation Failure) 2020-10-29T15:51:35.421+0000: [ParNew: 16388K->4K(18432K), 0.0032792 secs] 516877K->500493K(896640K), 0.0033431 secs] [Times: user=0.01 sys=0.00, real=0.00 secs] 
2020-10-29T15:51:35.444+0000: [GC (Allocation Failure) 2020-10-29T15:51:35.445+0000: [ParNew: 16388K->4K(18432K), 0.0031439 secs] 516877K->500493K(896640K), 0.0032004 secs] [Times: user=0.00 sys=0.00, real=0.00 secs] 
2020-10-29T15:51:35.462+0000: [GC (Allocation Failure) 2020-10-29T15:51:35.462+0000: [ParNew: 16388K->4K(18432K), 0.0031616 secs] 516877K->500493K(896640K), 0.0032169 secs] [Times: user=0.01 sys=0.00, real=0.01 secs] 
2020-10-29T15:51:35.480+0000: [GC (Allocation Failure) 2020-10-29T15:51:35.481+0000: [ParNew: 16388K->4K(18432K), 0.0031835 secs] 516877K->500493K(896640K), 0.0032383 secs] [Times: user=0.01 sys=0.01, real=0.00 secs] 
2020-10-29T15:51:35.498+0000: [GC (Allocation Failure) 2020-10-29T15:51:35.498+0000: [ParNew: 16388K->4K(18432K), 0.0031515 secs] 516877K->500493K(896640K), 0.0032052 secs] [Times: user=0.01 sys=0.00, real=0.00 secs] 
2020-10-29T15:51:35.516+0000: [GC (Allocation Failure) 2020-10-29T15:51:35.517+0000: [ParNew: 16388K->4K(18432K), 0.0031483 secs] 516877K->500493K(896640K), 0.0032037 secs] [Times: user=0.01 sys=0.00, real=0.00 secs] 
2020-10-29T15:51:35.534+0000: [GC (Allocation Failure) 2020-10-29T15:51:35.534+0000: [ParNew: 16388K->4K(18432K), 0.0031296 secs] 516877K->500493K(896640K), 0.0031831 secs] [Times: user=0.01 sys=0.00, real=0.00 secs] 
2020-10-29T15:51:35.552+0000: [GC (Allocation Failure) 2020-10-29T15:51:35.552+0000: [ParNew: 16388K->4K(18432K), 0.0030569 secs] 516877K->500493K(896640K), 0.0031072 secs] [Times: user=0.00 sys=0.00, real=0.00 secs] 
2020-10-29T15:51:35.570+0000: [GC (Allocation Failure) 2020-10-29T15:51:35.570+0000: [ParNew: 16388K->4K(18432K), 0.0031562 secs] 516877K->500493K(896640K), 0.0032108 secs] [Times: user=0.01 sys=0.00, real=0.01 secs] 
2020-10-29T15:51:35.587+0000: [GC (Allocation Failure) 2020-10-29T15:51:35.588+0000: [ParNew: 16388K->4K(18432K), 0.0030614 secs] 516877K->500493K(896640K), 0.0031139 secs] [Times: user=0.01 sys=0.00, real=0.00 secs] 
2020-10-29T15:51:35.608+0000: [GC (Allocation Failure) 2020-10-29T15:51:35.609+0000: [ParNew: 16388K->4K(18432K), 0.0032480 secs] 516877K->500493K(896640K), 0.0033046 secs] [Times: user=0.01 sys=0.00, real=0.00 secs] 
2020-10-29T15:51:35.628+0000: [GC (Allocation Failure) 2020-10-29T15:51:35.629+0000: [ParNew: 16388K->4K(18432K), 0.0031771 secs] 516877K->500493K(896640K), 0.0032322 secs] [Times: user=0.01 sys=0.00, real=0.00 secs] 
2020-10-29T15:51:35.646+0000: [GC (Allocation Failure) 2020-10-29T15:51:35.646+0000: [ParNew: 16388K->4K(18432K), 0.0030815 secs] 516877K->500493K(896640K), 0.0031343 secs] [Times: user=0.01 sys=0.00, real=0.00 secs] 
2020-10-29T15:51:35.664+0000: [GC (Allocation Failure) 2020-10-29T15:51:35.665+0000: [ParNew: 16388K->4K(18432K), 0.0031663 secs] 516877K->500493K(896640K), 0.0032230 secs] [Times: user=0.00 sys=0.00, real=0.00 secs] 
2020-10-29T15:51:35.685+0000: [GC (Allocation Failure) 2020-10-29T15:51:35.685+0000: [ParNew: 16388K->4K(18432K), 0.0031742 secs] 516877K->500493K(896640K), 0.0032377 secs] [Times: user=0.01 sys=0.00, real=0.00 secs] 
2020-10-29T15:51:35.704+0000: [GC (Allocation Failure) 2020-10-29T15:51:35.705+0000: [ParNew: 16388K->4K(18432K), 0.0031774 secs] 516877K->500493K(896640K), 0.0032338 secs] [Times: user=0.00 sys=0.00, real=0.00 secs] 
2020-10-29T15:51:35.723+0000: [GC (Allocation Failure) 2020-10-29T15:51:35.723+0000: [ParNew: 16388K->4K(18432K), 0.0032156 secs] 516877K->500493K(896640K), 0.0032685 secs] [Times: user=0.01 sys=0.00, real=0.01 secs] 
2020-10-29T15:51:35.744+0000: [GC (Allocation Failure) 2020-10-29T15:51:35.744+0000: [ParNew: 16388K->4K(18432K), 0.0032742 secs] 516877K->500493K(896640K), 0.0033320 secs] [Times: user=0.01 sys=0.00, real=0.00 secs] 
2020-10-29T15:51:35.762+0000: [GC (Allocation Failure) 2020-10-29T15:51:35.762+0000: [ParNew: 16388K->4K(18432K), 0.0032279 secs] 516877K->500493K(896640K), 0.0032853 secs] [Times: user=0.01 sys=0.00, real=0.01 secs] 
2020-10-29T15:51:35.780+0000: [GC (Allocation Failure) 2020-10-29T15:51:35.780+0000: [ParNew: 16388K->4K(18432K), 0.0031904 secs] 516877K->500493K(896640K), 0.0032476 secs] [Times: user=0.01 sys=0.00, real=0.00 secs] 
2020-10-29T15:51:35.797+0000: [GC (Allocation Failure) 2020-10-29T15:51:35.797+0000: [ParNew: 16388K->4K(18432K), 0.0031842 secs] 516877K->500493K(896640K), 0.0032399 secs] [Times: user=0.00 sys=0.00, real=0.00 secs] 
2020-10-29T15:51:35.815+0000: [GC (Allocation Failure) 2020-10-29T15:51:35.815+0000: [ParNew: 16388K->4K(18432K), 0.0031809 secs] 516877K->500493K(896640K), 0.0032369 secs] [Times: user=0.00 sys=0.00, real=0.00 secs] 
2020-10-29T15:51:35.832+0000: [GC (Allocation Failure) 2020-10-29T15:51:35.832+0000: [ParNew: 16388K->4K(18432K), 0.0032216 secs] 516877K->500493K(896640K), 0.0032774 secs] [Times: user=0.01 sys=0.00, real=0.01 secs] 
2020-10-29T15:51:35.853+0000: [GC (Allocation Failure) 2020-10-29T15:51:35.854+0000: [ParNew: 16388K->4K(18432K), 0.0031791 secs] 516877K->500493K(896640K), 0.0032364 secs] [Times: user=0.01 sys=0.00, real=0.00 secs] 
2020-10-29T15:51:35.871+0000: [GC (Allocation Failure) 2020-10-29T15:51:35.871+0000: [ParNew: 16388K->4K(18432K), 0.0031764 secs] 516877K->500493K(896640K), 0.0032327 secs] [Times: user=0.01 sys=0.00, real=0.01 secs] 
2020-10-29T15:51:35.888+0000: [GC (Allocation Failure) 2020-10-29T15:51:35.888+0000: [ParNew: 16388K->4K(18432K), 0.0032058 secs] 516877K->500493K(896640K), 0.0032637 secs] [Times: user=0.00 sys=0.00, real=0.00 secs] 
2020-10-29T15:51:35.916+0000: [GC (Allocation Failure) 2020-10-29T15:51:35.916+0000: [ParNew: 16388K->4K(18432K), 0.0032088 secs] 516877K->500493K(896640K), 0.0032637 secs] [Times: user=0.01 sys=0.00, real=0.00 secs] 
2020-10-29T15:51:35.948+0000: [GC (Allocation Failure) 2020-10-29T15:51:35.949+0000: [ParNew: 16388K->4K(18432K), 0.0031769 secs] 516877K->500493K(896640K), 0.0032336 secs] [Times: user=0.01 sys=0.00, real=0.00 secs] 
2020-10-29T15:51:35.980+0000: [GC (Allocation Failure) 2020-10-29T15:51:35.981+0000: [ParNew: 16388K->4K(18432K), 0.0031477 secs] 516877K->500493K(896640K), 0.0032020 secs] [Times: user=0.01 sys=0.00, real=0.00 secs] 
2020-10-29T15:51:36.012+0000: [GC (Allocation Failure) 2020-10-29T15:51:36.012+0000: [ParNew: 16388K->4K(18432K), 0.0032369 secs] 516877K->500493K(896640K), 0.0032946 secs] [Times: user=0.01 sys=0.00, real=0.01 secs] 
2020-10-29T15:51:36.044+0000: [GC (Allocation Failure) 2020-10-29T15:51:36.045+0000: [ParNew: 16388K->4K(18432K), 0.0031827 secs] 516877K->500493K(896640K), 0.0032379 secs] [Times: user=0.00 sys=0.00, real=0.00 secs] 
2020-10-29T15:51:36.625+0000: [GC (Allocation Failure) 2020-10-29T15:51:36.625+0000: [ParNew: 16388K->6K(18432K), 0.0053872 secs] 516877K->500495K(896640K), 0.0054609 secs] [Times: user=0.01 sys=0.00, real=0.00 secs] 
2020-10-29T15:51:36.823+0000: [GC (Allocation Failure) 2020-10-29T15:51:36.823+0000: [ParNew: 16390K->4K(18432K), 0.0032063 secs] 516879K->500494K(896640K), 0.0032655 secs] [Times: user=0.01 sys=0.00, real=0.01 secs] 
2020-10-29T15:51:36.884+0000: [GC (Allocation Failure) 2020-10-29T15:51:36.885+0000: [ParNew: 16388K->4K(18432K), 0.0032336 secs] 516878K->500494K(896640K), 0.0033005 secs] [Times: user=0.00 sys=0.00, real=0.00 secs] 
2020-10-29T15:51:42.565+0000: [GC (Allocation Failure) 2020-10-29T15:51:42.565+0000: [ParNew: 16388K->113K(18432K), 0.0035662 secs] 516878K->500603K(896640K), 0.0036276 secs] [Times: user=0.01 sys=0.00, real=0.00 secs] 
Heap
 par new generation   total 18432K, used 6594K [0x00000000c0000000, 0x00000000c1400000, 0x00000000ca660000)
  eden space 16384K,  39% used [0x00000000c0000000, 0x00000000c0654478, 0x00000000c1000000)
  from space 2048K,   5% used [0x00000000c1200000, 0x00000000c121c408, 0x00000000c1400000)
  to   space 2048K,   0% used [0x00000000c1000000, 0x00000000c1000000, 0x00000000c1200000)
 concurrent mark-sweep generation total 878208K, used 500490K [0x00000000ca660000, 0x0000000100000000, 0x0000000100000000)
 Metaspace       used 70780K, capacity 72248K, committed 72416K, reserved 1112064K
  class space    used 9473K, capacity 9742K, committed 9752K, reserved 1048576K
End of LogType:stdout



Container: container_1603959726485_0023_01_000004 on ip-10-0-63-237.ec2.internal_8041
=======================================================================================
LogType:stderr
Log Upload Time:gio ott 29 15:51:44 +0000 2020
LogLength:21238
Log Contents:
SLF4J: Class path contains multiple SLF4J bindings.
SLF4J: Found binding in [jar:file:/mnt/yarn/usercache/hadoop/filecache/89/__spark_libs__2339274131477283316.zip/slf4j-log4j12-1.7.16.jar!/org/slf4j/impl/StaticLoggerBinder.class]
SLF4J: Found binding in [jar:file:/usr/lib/hadoop/lib/slf4j-log4j12-1.7.10.jar!/org/slf4j/impl/StaticLoggerBinder.class]
SLF4J: See http://www.slf4j.org/codes.html#multiple_bindings for an explanation.
SLF4J: Actual binding is of type [org.slf4j.impl.Log4jLoggerFactory]
20/10/29 15:50:05 INFO CoarseGrainedExecutorBackend: Started daemon with process name: 28098@ip-10-0-63-237
20/10/29 15:50:05 INFO SignalUtils: Registered signal handler for TERM
20/10/29 15:50:05 INFO SignalUtils: Registered signal handler for HUP
20/10/29 15:50:05 INFO SignalUtils: Registered signal handler for INT
20/10/29 15:50:06 INFO SecurityManager: Changing view acls to: yarn,hadoop
20/10/29 15:50:06 INFO SecurityManager: Changing modify acls to: yarn,hadoop
20/10/29 15:50:06 INFO SecurityManager: Changing view acls groups to: 
20/10/29 15:50:06 INFO SecurityManager: Changing modify acls groups to: 
20/10/29 15:50:06 INFO SecurityManager: SecurityManager: authentication disabled; ui acls disabled; users  with view permissions: Set(yarn, hadoop); groups with view permissions: Set(); users  with modify permissions: Set(yarn, hadoop); groups with modify permissions: Set()
20/10/29 15:50:06 INFO TransportClientFactory: Successfully created connection to ip-10-0-40-135.ec2.internal/10.0.40.135:36309 after 92 ms (0 ms spent in bootstraps)
20/10/29 15:50:06 INFO SecurityManager: Changing view acls to: yarn,hadoop
20/10/29 15:50:06 INFO SecurityManager: Changing modify acls to: yarn,hadoop
20/10/29 15:50:06 INFO SecurityManager: Changing view acls groups to: 
20/10/29 15:50:06 INFO SecurityManager: Changing modify acls groups to: 
20/10/29 15:50:06 INFO SecurityManager: SecurityManager: authentication disabled; ui acls disabled; users  with view permissions: Set(yarn, hadoop); groups with view permissions: Set(); users  with modify permissions: Set(yarn, hadoop); groups with modify permissions: Set()
20/10/29 15:50:06 INFO TransportClientFactory: Successfully created connection to ip-10-0-40-135.ec2.internal/10.0.40.135:36309 after 6 ms (0 ms spent in bootstraps)
20/10/29 15:50:07 INFO DiskBlockManager: Created local directory at /mnt/yarn/usercache/hadoop/appcache/application_1603959726485_0023/blockmgr-e6b6a9d5-a89e-41e4-b6c1-4bffabb45fe4
20/10/29 15:50:07 INFO MemoryStore: MemoryStore started with capacity 424.4 MB
20/10/29 15:50:07 INFO CoarseGrainedExecutorBackend: Connecting to driver: spark://CoarseGrainedScheduler@ip-10-0-40-135.ec2.internal:36309
20/10/29 15:50:07 INFO CoarseGrainedExecutorBackend: Successfully registered with driver
20/10/29 15:50:07 INFO Executor: Starting executor ID 2 on host ip-10-0-63-237.ec2.internal
20/10/29 15:50:07 INFO Utils: Successfully started service 'org.apache.spark.network.netty.NettyBlockTransferService' on port 45943.
20/10/29 15:50:07 INFO NettyBlockTransferService: Server created on ip-10-0-63-237.ec2.internal:45943
20/10/29 15:50:07 INFO BlockManager: Using org.apache.spark.storage.RandomBlockReplicationPolicy for block replication policy
20/10/29 15:50:07 INFO BlockManagerMaster: Registering BlockManager BlockManagerId(2, ip-10-0-63-237.ec2.internal, 45943, None)
20/10/29 15:50:07 INFO BlockManagerMaster: Registered BlockManager BlockManagerId(2, ip-10-0-63-237.ec2.internal, 45943, None)
20/10/29 15:50:07 INFO BlockManager: external shuffle service port = 7337
20/10/29 15:50:07 INFO BlockManager: Registering executor with local external shuffle service.
20/10/29 15:50:07 INFO TransportClientFactory: Successfully created connection to ip-10-0-63-237.ec2.internal/10.0.63.237:7337 after 1 ms (0 ms spent in bootstraps)
20/10/29 15:50:07 INFO BlockManager: Initialized BlockManager: BlockManagerId(2, ip-10-0-63-237.ec2.internal, 45943, None)
20/10/29 15:50:07 INFO CoarseGrainedExecutorBackend: Got assigned task 3
20/10/29 15:50:07 INFO Executor: Running task 2.0 in stage 1.0 (TID 3)
20/10/29 15:50:07 INFO TorrentBroadcast: Started reading broadcast variable 4
20/10/29 15:50:08 INFO TransportClientFactory: Successfully created connection to ip-10-0-47-24.ec2.internal/10.0.47.24:37919 after 1 ms (0 ms spent in bootstraps)
20/10/29 15:50:08 INFO MemoryStore: Block broadcast_4_piece0 stored as bytes in memory (estimated size 17.1 KB, free 424.4 MB)
20/10/29 15:50:08 INFO TorrentBroadcast: Reading broadcast variable 4 took 296 ms
20/10/29 15:50:08 INFO MemoryStore: Block broadcast_4 stored as values in memory (estimated size 43.4 KB, free 424.4 MB)
20/10/29 15:50:09 INFO CodeGenerator: Code generated in 417.06944 ms
20/10/29 15:50:09 INFO CodeGenerator: Code generated in 85.52728 ms
20/10/29 15:50:09 INFO CodeGenerator: Code generated in 32.398786 ms
20/10/29 15:50:11 INFO CodeGenerator: Code generated in 13.99595 ms
20/10/29 15:50:11 INFO FileScanRDD: Reading File path: s3://spectral-regression-spark-bucket/spectral_data_class.csv, range: 268435456-319010350, partition values: [empty row]
20/10/29 15:50:11 INFO CodeGenerator: Code generated in 24.203669 ms
20/10/29 15:50:11 INFO TorrentBroadcast: Started reading broadcast variable 2
20/10/29 15:50:11 INFO TransportClientFactory: Successfully created connection to ip-10-0-40-135.ec2.internal/10.0.40.135:38309 after 2 ms (0 ms spent in bootstraps)
20/10/29 15:50:11 INFO MemoryStore: Block broadcast_2_piece0 stored as bytes in memory (estimated size 36.7 KB, free 424.3 MB)
20/10/29 15:50:11 INFO TorrentBroadcast: Reading broadcast variable 2 took 36 ms
20/10/29 15:50:11 INFO MemoryStore: Block broadcast_2 stored as values in memory (estimated size 576.5 KB, free 423.7 MB)
20/10/29 15:50:14 INFO S3NativeFileSystem: Opening 's3://spectral-regression-spark-bucket/spectral_data_class.csv' for reading
20/10/29 15:50:14 INFO GPLNativeCodeLoader: Loaded native gpl library
20/10/29 15:50:14 INFO LzoCodec: Successfully loaded & initialized native-lzo library [hadoop-lzo rev 1546b8dc0ca6f1ffd26a812d52bd7b80915e0a25]
20/10/29 15:50:19 INFO JniLoader: successfully loaded /mnt/yarn/usercache/hadoop/appcache/application_1603959726485_0023/container_1603959726485_0023_01_000004/tmp/jniloader5714086956439052754netlib-native_system-linux-x86_64.so
20/10/29 15:50:20 INFO Executor: Finished task 2.0 in stage 1.0 (TID 3). 2418 bytes result sent to driver
20/10/29 15:50:26 INFO CoarseGrainedExecutorBackend: Got assigned task 4
20/10/29 15:50:26 INFO Executor: Running task 0.0 in stage 2.0 (TID 4)
20/10/29 15:50:26 INFO CoarseGrainedExecutorBackend: Got assigned task 6
20/10/29 15:50:26 INFO Executor: Running task 2.0 in stage 2.0 (TID 6)
20/10/29 15:50:27 INFO TorrentBroadcast: Started reading broadcast variable 6
20/10/29 15:50:27 INFO MemoryStore: Block broadcast_6_piece0 stored as bytes in memory (estimated size 18.7 KB, free 423.8 MB)
20/10/29 15:50:27 INFO TorrentBroadcast: Reading broadcast variable 6 took 14 ms
20/10/29 15:50:27 INFO MemoryStore: Block broadcast_6 stored as values in memory (estimated size 44.9 KB, free 423.8 MB)
20/10/29 15:50:27 INFO CodeGenerator: Code generated in 116.046715 ms
20/10/29 15:50:27 INFO CodeGenerator: Code generated in 22.491642 ms
20/10/29 15:50:27 INFO FileScanRDD: Reading File path: s3://spectral-regression-spark-bucket/spectral_data_class.csv, range: 161602326-242403489, partition values: [empty row]
20/10/29 15:50:27 INFO TorrentBroadcast: Started reading broadcast variable 5
20/10/29 15:50:27 INFO FileScanRDD: Reading File path: s3://spectral-regression-spark-bucket/spectral_data_class.csv, range: 0-80801163, partition values: [empty row]
20/10/29 15:50:27 INFO MemoryStore: Block broadcast_5_piece0 stored as bytes in memory (estimated size 36.7 KB, free 423.6 MB)
20/10/29 15:50:27 INFO TorrentBroadcast: Reading broadcast variable 5 took 21 ms
20/10/29 15:50:27 INFO MemoryStore: Block broadcast_5 stored as values in memory (estimated size 576.5 KB, free 423.0 MB)
20/10/29 15:50:27 INFO S3NativeFileSystem: Opening 's3://spectral-regression-spark-bucket/spectral_data_class.csv' for reading
20/10/29 15:50:27 INFO S3NativeFileSystem: Opening 's3://spectral-regression-spark-bucket/spectral_data_class.csv' for reading
20/10/29 15:50:40 INFO Executor: Finished task 0.0 in stage 2.0 (TID 4). 2448 bytes result sent to driver
20/10/29 15:50:40 INFO Executor: Finished task 2.0 in stage 2.0 (TID 6). 2405 bytes result sent to driver
20/10/29 15:50:40 INFO CoarseGrainedExecutorBackend: Got assigned task 8
20/10/29 15:50:40 INFO CoarseGrainedExecutorBackend: Got assigned task 10
20/10/29 15:50:40 INFO Executor: Running task 0.0 in stage 3.0 (TID 8)
20/10/29 15:50:40 INFO Executor: Running task 2.0 in stage 3.0 (TID 10)
20/10/29 15:50:40 INFO TorrentBroadcast: Started reading broadcast variable 7
20/10/29 15:50:40 INFO MemoryStore: Block broadcast_7_piece0 stored as bytes in memory (estimated size 18.5 KB, free 423.1 MB)
20/10/29 15:50:40 INFO TorrentBroadcast: Reading broadcast variable 7 took 9 ms
20/10/29 15:50:40 INFO MemoryStore: Block broadcast_7 stored as values in memory (estimated size 44.1 KB, free 423.1 MB)
20/10/29 15:50:40 INFO FileScanRDD: Reading File path: s3://spectral-regression-spark-bucket/spectral_data_class.csv, range: 161602326-242403489, partition values: [empty row]
20/10/29 15:50:40 INFO FileScanRDD: Reading File path: s3://spectral-regression-spark-bucket/spectral_data_class.csv, range: 0-80801163, partition values: [empty row]
20/10/29 15:50:40 INFO S3NativeFileSystem: Opening 's3://spectral-regression-spark-bucket/spectral_data_class.csv' for reading
20/10/29 15:50:40 INFO S3NativeFileSystem: Opening 's3://spectral-regression-spark-bucket/spectral_data_class.csv' for reading
20/10/29 15:50:51 INFO Executor: Finished task 0.0 in stage 3.0 (TID 8). 1922 bytes result sent to driver
20/10/29 15:50:51 INFO Executor: Finished task 2.0 in stage 3.0 (TID 10). 1922 bytes result sent to driver
20/10/29 15:50:52 INFO CoarseGrainedExecutorBackend: Got assigned task 13
20/10/29 15:50:52 INFO Executor: Running task 1.0 in stage 4.0 (TID 13)
20/10/29 15:50:52 INFO TorrentBroadcast: Started reading broadcast variable 9
20/10/29 15:50:52 INFO CoarseGrainedExecutorBackend: Got assigned task 15
20/10/29 15:50:52 INFO Executor: Running task 3.0 in stage 4.0 (TID 15)
20/10/29 15:50:52 INFO MemoryStore: Block broadcast_9_piece0 stored as bytes in memory (estimated size 17.1 KB, free 423.2 MB)
20/10/29 15:50:52 INFO TorrentBroadcast: Reading broadcast variable 9 took 13 ms
20/10/29 15:50:52 INFO MemoryStore: Block broadcast_9 stored as values in memory (estimated size 40.0 KB, free 423.2 MB)
20/10/29 15:50:52 INFO CodeGenerator: Code generated in 92.129658 ms
20/10/29 15:50:52 INFO FileScanRDD: Reading File path: s3://spectral-regression-spark-bucket/spectral_data_class.csv, range: 242403489-319010350, partition values: [empty row]
20/10/29 15:50:52 INFO TorrentBroadcast: Started reading broadcast variable 8
20/10/29 15:50:52 INFO FileScanRDD: Reading File path: s3://spectral-regression-spark-bucket/spectral_data_class.csv, range: 80801163-161602326, partition values: [empty row]
20/10/29 15:50:52 INFO MemoryStore: Block broadcast_8_piece0 stored as bytes in memory (estimated size 36.7 KB, free 423.0 MB)
20/10/29 15:50:52 INFO TorrentBroadcast: Reading broadcast variable 8 took 17 ms
20/10/29 15:50:52 INFO MemoryStore: Block broadcast_8 stored as values in memory (estimated size 576.5 KB, free 422.4 MB)
20/10/29 15:50:52 INFO S3NativeFileSystem: Opening 's3://spectral-regression-spark-bucket/spectral_data_class.csv' for reading
20/10/29 15:50:52 INFO S3NativeFileSystem: Opening 's3://spectral-regression-spark-bucket/spectral_data_class.csv' for reading
20/10/29 15:51:02 INFO Executor: Finished task 1.0 in stage 4.0 (TID 13). 2651 bytes result sent to driver
20/10/29 15:51:02 INFO Executor: Finished task 3.0 in stage 4.0 (TID 15). 2651 bytes result sent to driver
20/10/29 15:51:03 INFO CoarseGrainedExecutorBackend: Got assigned task 16
20/10/29 15:51:03 INFO Executor: Running task 0.0 in stage 5.0 (TID 16)
20/10/29 15:51:03 INFO MapOutputTrackerWorker: Updating epoch to 1 and clearing cache
20/10/29 15:51:03 INFO TorrentBroadcast: Started reading broadcast variable 10
20/10/29 15:51:03 INFO MemoryStore: Block broadcast_10_piece0 stored as bytes in memory (estimated size 3.8 KB, free 422.6 MB)
20/10/29 15:51:03 INFO TorrentBroadcast: Reading broadcast variable 10 took 8 ms
20/10/29 15:51:03 INFO MemoryStore: Block broadcast_10 stored as values in memory (estimated size 7.1 KB, free 422.6 MB)
20/10/29 15:51:03 INFO MapOutputTrackerWorker: Don't have map outputs for shuffle 0, fetching them
20/10/29 15:51:03 INFO MapOutputTrackerWorker: Doing the fetch; tracker endpoint = NettyRpcEndpointRef(spark://MapOutputTracker@ip-10-0-40-135.ec2.internal:36309)
20/10/29 15:51:03 INFO MapOutputTrackerWorker: Got the output locations
20/10/29 15:51:03 INFO ShuffleBlockFetcherIterator: Getting 4 non-empty blocks including 2 local blocks and 2 remote blocks
20/10/29 15:51:03 INFO TransportClientFactory: Successfully created connection to ip-10-0-47-24.ec2.internal/10.0.47.24:7337 after 2 ms (0 ms spent in bootstraps)
20/10/29 15:51:03 INFO ShuffleBlockFetcherIterator: Started 1 remote fetches in 37 ms
20/10/29 15:51:03 INFO CodeGenerator: Code generated in 34.435038 ms
20/10/29 15:51:03 INFO Executor: Finished task 0.0 in stage 5.0 (TID 16). 1825 bytes result sent to driver
20/10/29 15:51:04 INFO CoarseGrainedExecutorBackend: Got assigned task 17
20/10/29 15:51:04 INFO CoarseGrainedExecutorBackend: Got assigned task 19
20/10/29 15:51:04 INFO Executor: Running task 0.0 in stage 6.0 (TID 17)
20/10/29 15:51:04 INFO TorrentBroadcast: Started reading broadcast variable 12
20/10/29 15:51:04 INFO Executor: Running task 2.0 in stage 6.0 (TID 19)
20/10/29 15:51:04 INFO MemoryStore: Block broadcast_12_piece0 stored as bytes in memory (estimated size 19.1 KB, free 422.6 MB)
20/10/29 15:51:04 INFO TorrentBroadcast: Reading broadcast variable 12 took 22 ms
20/10/29 15:51:04 INFO MemoryStore: Block broadcast_12 stored as values in memory (estimated size 45.6 KB, free 422.5 MB)
20/10/29 15:51:04 INFO CodeGenerator: Code generated in 106.382542 ms
20/10/29 15:51:04 INFO FileScanRDD: Reading File path: s3://spectral-regression-spark-bucket/spectral_data_class.csv, range: 161602326-242403489, partition values: [empty row]
20/10/29 15:51:04 INFO TorrentBroadcast: Started reading broadcast variable 11
20/10/29 15:51:04 INFO MemoryStore: Block broadcast_11_piece0 stored as bytes in memory (estimated size 36.7 KB, free 422.4 MB)
20/10/29 15:51:04 INFO TorrentBroadcast: Reading broadcast variable 11 took 12 ms
20/10/29 15:51:04 INFO FileScanRDD: Reading File path: s3://spectral-regression-spark-bucket/spectral_data_class.csv, range: 0-80801163, partition values: [empty row]
20/10/29 15:51:04 INFO MemoryStore: Block broadcast_11 stored as values in memory (estimated size 576.5 KB, free 421.8 MB)
20/10/29 15:51:04 INFO S3NativeFileSystem: Opening 's3://spectral-regression-spark-bucket/spectral_data_class.csv' for reading
20/10/29 15:51:04 INFO S3NativeFileSystem: Opening 's3://spectral-regression-spark-bucket/spectral_data_class.csv' for reading
20/10/29 15:51:14 INFO Executor: Finished task 0.0 in stage 6.0 (TID 17). 2448 bytes result sent to driver
20/10/29 15:51:15 INFO Executor: Finished task 2.0 in stage 6.0 (TID 19). 2405 bytes result sent to driver
20/10/29 15:51:15 INFO CoarseGrainedExecutorBackend: Got assigned task 22
20/10/29 15:51:15 INFO CoarseGrainedExecutorBackend: Got assigned task 24
20/10/29 15:51:15 INFO Executor: Running task 3.0 in stage 7.0 (TID 24)
20/10/29 15:51:15 INFO Executor: Running task 1.0 in stage 7.0 (TID 22)
20/10/29 15:51:15 INFO TorrentBroadcast: Started reading broadcast variable 14
20/10/29 15:51:15 INFO MemoryStore: Block broadcast_14_piece0 stored as bytes in memory (estimated size 19.9 KB, free 421.9 MB)
20/10/29 15:51:15 INFO TorrentBroadcast: Reading broadcast variable 14 took 11 ms
20/10/29 15:51:15 INFO MemoryStore: Block broadcast_14 stored as values in memory (estimated size 49.1 KB, free 421.8 MB)
20/10/29 15:51:15 INFO CodeGenerator: Code generated in 67.297116 ms
20/10/29 15:51:15 INFO FileScanRDD: Reading File path: s3://spectral-regression-spark-bucket/spectral_data_class.csv, range: 242403489-319010350, partition values: [empty row]
20/10/29 15:51:15 INFO FileScanRDD: Reading File path: s3://spectral-regression-spark-bucket/spectral_data_class.csv, range: 80801163-161602326, partition values: [empty row]
20/10/29 15:51:15 INFO TorrentBroadcast: Started reading broadcast variable 13
20/10/29 15:51:15 INFO MemoryStore: Block broadcast_13_piece0 stored as bytes in memory (estimated size 36.7 KB, free 421.7 MB)
20/10/29 15:51:15 INFO TorrentBroadcast: Reading broadcast variable 13 took 8 ms
20/10/29 15:51:15 INFO MemoryStore: Block broadcast_13 stored as values in memory (estimated size 576.5 KB, free 421.1 MB)
20/10/29 15:51:15 INFO S3NativeFileSystem: Opening 's3://spectral-regression-spark-bucket/spectral_data_class.csv' for reading
20/10/29 15:51:15 INFO S3NativeFileSystem: Opening 's3://spectral-regression-spark-bucket/spectral_data_class.csv' for reading
20/10/29 15:51:25 INFO Executor: Finished task 3.0 in stage 7.0 (TID 24). 2467 bytes result sent to driver
20/10/29 15:51:25 INFO Executor: Finished task 1.0 in stage 7.0 (TID 22). 2467 bytes result sent to driver
20/10/29 15:51:26 INFO CoarseGrainedExecutorBackend: Got assigned task 25
20/10/29 15:51:26 INFO CoarseGrainedExecutorBackend: Got assigned task 27
20/10/29 15:51:26 INFO Executor: Running task 0.0 in stage 8.0 (TID 25)
20/10/29 15:51:26 INFO TorrentBroadcast: Started reading broadcast variable 16
20/10/29 15:51:26 INFO Executor: Running task 2.0 in stage 8.0 (TID 27)
20/10/29 15:51:26 INFO MemoryStore: Block broadcast_16_piece0 stored as bytes in memory (estimated size 19.8 KB, free 421.9 MB)
20/10/29 15:51:26 INFO TorrentBroadcast: Reading broadcast variable 16 took 8 ms
20/10/29 15:51:26 INFO MemoryStore: Block broadcast_16 stored as values in memory (estimated size 49.1 KB, free 421.8 MB)
20/10/29 15:51:26 INFO FileScanRDD: Reading File path: s3://spectral-regression-spark-bucket/spectral_data_class.csv, range: 161602326-242403489, partition values: [empty row]
20/10/29 15:51:26 INFO TorrentBroadcast: Started reading broadcast variable 15
20/10/29 15:51:26 INFO MemoryStore: Block broadcast_15_piece0 stored as bytes in memory (estimated size 36.7 KB, free 421.7 MB)
20/10/29 15:51:26 INFO TorrentBroadcast: Reading broadcast variable 15 took 7 ms
20/10/29 15:51:26 INFO FileScanRDD: Reading File path: s3://spectral-regression-spark-bucket/spectral_data_class.csv, range: 0-80801163, partition values: [empty row]
20/10/29 15:51:26 INFO MemoryStore: Block broadcast_15 stored as values in memory (estimated size 576.5 KB, free 421.1 MB)
20/10/29 15:51:26 INFO S3NativeFileSystem: Opening 's3://spectral-regression-spark-bucket/spectral_data_class.csv' for reading
20/10/29 15:51:26 INFO S3NativeFileSystem: Opening 's3://spectral-regression-spark-bucket/spectral_data_class.csv' for reading
20/10/29 15:51:37 INFO Executor: Finished task 0.0 in stage 8.0 (TID 25). 2467 bytes result sent to driver
20/10/29 15:51:37 INFO Executor: Finished task 2.0 in stage 8.0 (TID 27). 2467 bytes result sent to driver
20/10/29 15:51:38 INFO CoarseGrainedExecutorBackend: Got assigned task 29
20/10/29 15:51:38 INFO Executor: Running task 0.0 in stage 9.0 (TID 29)
20/10/29 15:51:38 INFO TorrentBroadcast: Started reading broadcast variable 17
20/10/29 15:51:38 INFO MemoryStore: Block broadcast_17_piece0 stored as bytes in memory (estimated size 38.2 KB, free 423.8 MB)
20/10/29 15:51:38 INFO TorrentBroadcast: Reading broadcast variable 17 took 8 ms
20/10/29 15:51:38 INFO MemoryStore: Block broadcast_17 stored as values in memory (estimated size 127.7 KB, free 423.7 MB)
20/10/29 15:51:39 INFO HadoopMapRedCommitProtocol: Using output committer class org.apache.hadoop.mapred.DirectFileOutputCommitter
20/10/29 15:51:40 INFO FileOutputCommitter: File Output Committer Algorithm version is 1
20/10/29 15:51:40 INFO FileOutputCommitter: FileOutputCommitter skip cleanup _temporary folders under output directory:false, ignore cleanup failures: false
20/10/29 15:51:40 INFO DirectFileOutputCommitter: Direct Write: DISABLED
20/10/29 15:51:40 INFO PythonRunner: Times: total = 522, boot = 442, init = 80, finish = 0
20/10/29 15:51:41 INFO FileOutputCommitter: Saved output of task 'attempt_20201029155138_0053_m_000000_0' to s3a://spectral-regression-spark-bucket/results_4xc4large_linear_291020-155137_galaxy-qso/_temporary/0/task_20201029155138_0053_m_000000
20/10/29 15:51:41 INFO SparkHadoopMapRedUtil: attempt_20201029155138_0053_m_000000_0: Committed
20/10/29 15:51:41 INFO Executor: Finished task 0.0 in stage 9.0 (TID 29). 1766 bytes result sent to driver
20/10/29 15:51:42 INFO CoarseGrainedExecutorBackend: Driver commanded a shutdown
20/10/29 15:51:42 INFO MemoryStore: MemoryStore cleared
20/10/29 15:51:42 INFO BlockManager: BlockManager stopped
20/10/29 15:51:42 INFO ShutdownHookManager: Shutdown hook called
End of LogType:stderr

LogType:stdout
Log Upload Time:gio ott 29 15:51:44 +0000 2020
LogLength:739487
Log Contents:
2020-10-29T15:50:04.533+0000: [GC (Allocation Failure) 2020-10-29T15:50:04.533+0000: [ParNew: 16384K->2047K(18432K), 0.0034893 secs] 16384K->2385K(59392K), 0.0035672 secs] [Times: user=0.01 sys=0.01, real=0.00 secs] 
2020-10-29T15:50:04.669+0000: [GC (Allocation Failure) 2020-10-29T15:50:04.669+0000: [ParNew: 18431K->1948K(18432K), 0.0064493 secs] 18769K->3639K(59392K), 0.0064945 secs] [Times: user=0.01 sys=0.00, real=0.01 secs] 
2020-10-29T15:50:04.814+0000: [GC (Allocation Failure) 2020-10-29T15:50:04.814+0000: [ParNew: 18332K->1311K(18432K), 0.0013822 secs] 20023K->3002K(59392K), 0.0014252 secs] [Times: user=0.01 sys=0.00, real=0.00 secs] 
2020-10-29T15:50:04.968+0000: [GC (Allocation Failure) 2020-10-29T15:50:04.968+0000: [ParNew: 17695K->1960K(18432K), 0.0043097 secs] 19386K->4032K(59392K), 0.0043563 secs] [Times: user=0.01 sys=0.00, real=0.01 secs] 
2020-10-29T15:50:05.125+0000: [GC (Allocation Failure) 2020-10-29T15:50:05.125+0000: [ParNew: 18344K->1189K(18432K), 0.0037812 secs] 20416K->3804K(59392K), 0.0038251 secs] [Times: user=0.00 sys=0.00, real=0.00 secs] 
2020-10-29T15:50:05.257+0000: [GC (Allocation Failure) 2020-10-29T15:50:05.257+0000: [ParNew: 17573K->1468K(18432K), 0.0019648 secs] 20188K->4083K(59392K), 0.0020235 secs] [Times: user=0.00 sys=0.00, real=0.00 secs] 
2020-10-29T15:50:05.340+0000: [GC (Allocation Failure) 2020-10-29T15:50:05.340+0000: [ParNew: 17852K->1208K(18432K), 0.0037447 secs] 20467K->4365K(59392K), 0.0037917 secs] [Times: user=0.01 sys=0.00, real=0.01 secs] 
2020-10-29T15:50:05.399+0000: [GC (Allocation Failure) 2020-10-29T15:50:05.399+0000: [ParNew: 17592K->811K(18432K), 0.0016780 secs] 20749K->3968K(59392K), 0.0017252 secs] [Times: user=0.00 sys=0.00, real=0.00 secs] 
2020-10-29T15:50:05.452+0000: [GC (Allocation Failure) 2020-10-29T15:50:05.452+0000: [ParNew: 17195K->821K(18432K), 0.0013313 secs] 20352K->3979K(59392K), 0.0013798 secs] [Times: user=0.01 sys=0.00, real=0.00 secs] 
2020-10-29T15:50:05.553+0000: [GC (Allocation Failure) 2020-10-29T15:50:05.553+0000: [ParNew: 17205K->1298K(18432K), 0.0028004 secs] 20363K->4456K(59392K), 0.0028488 secs] [Times: user=0.01 sys=0.00, real=0.00 secs] 
2020-10-29T15:50:05.672+0000: [GC (Allocation Failure) 2020-10-29T15:50:05.672+0000: [ParNew: 17682K->1303K(18432K), 0.0028314 secs] 20840K->4771K(59392K), 0.0028960 secs] [Times: user=0.01 sys=0.00, real=0.00 secs] 
2020-10-29T15:50:05.818+0000: [GC (Allocation Failure) 2020-10-29T15:50:05.818+0000: [ParNew: 17687K->1231K(18432K), 0.0024030 secs] 21155K->4699K(59392K), 0.0024503 secs] [Times: user=0.01 sys=0.00, real=0.00 secs] 
2020-10-29T15:50:05.951+0000: [GC (Allocation Failure) 2020-10-29T15:50:05.951+0000: [ParNew: 17615K->1506K(18432K), 0.0053283 secs] 21083K->5049K(59392K), 0.0053768 secs] [Times: user=0.01 sys=0.00, real=0.00 secs] 
2020-10-29T15:50:06.089+0000: [GC (Allocation Failure) 2020-10-29T15:50:06.089+0000: [ParNew: 17890K->1106K(18432K), 0.0131856 secs] 21433K->5221K(59392K), 0.0132431 secs] [Times: user=0.01 sys=0.00, real=0.02 secs] 
2020-10-29T15:50:06.195+0000: [GC (Allocation Failure) 2020-10-29T15:50:06.195+0000: [ParNew: 17490K->1151K(18432K), 0.0032427 secs] 21605K->5266K(59392K), 0.0032926 secs] [Times: user=0.01 sys=0.00, real=0.00 secs] 
2020-10-29T15:50:06.281+0000: [GC (Allocation Failure) 2020-10-29T15:50:06.281+0000: [ParNew: 17535K->1067K(18432K), 0.0019004 secs] 21650K->5181K(59392K), 0.0019441 secs] [Times: user=0.01 sys=0.00, real=0.01 secs] 
2020-10-29T15:50:06.347+0000: [GC (Allocation Failure) 2020-10-29T15:50:06.347+0000: [ParNew: 17451K->1895K(18432K), 0.0025390 secs] 21565K->6009K(59392K), 0.0025849 secs] [Times: user=0.01 sys=0.00, real=0.00 secs] 
2020-10-29T15:50:06.415+0000: [GC (Allocation Failure) 2020-10-29T15:50:06.415+0000: [ParNew: 18279K->1025K(18432K), 0.0029957 secs] 22393K->5514K(59392K), 0.0030536 secs] [Times: user=0.01 sys=0.00, real=0.00 secs] 
2020-10-29T15:50:06.474+0000: [GC (Allocation Failure) 2020-10-29T15:50:06.474+0000: [ParNew: 17409K->1310K(18432K), 0.0038029 secs] 21898K->5800K(59392K), 0.0038515 secs] [Times: user=0.01 sys=0.00, real=0.00 secs] 
2020-10-29T15:50:06.569+0000: [GC (Allocation Failure) 2020-10-29T15:50:06.569+0000: [ParNew: 17694K->1652K(18432K), 0.0028453 secs] 22184K->6276K(59392K), 0.0028952 secs] [Times: user=0.00 sys=0.00, real=0.01 secs] 
2020-10-29T15:50:06.636+0000: [GC (Allocation Failure) 2020-10-29T15:50:06.636+0000: [ParNew: 18036K->1181K(18432K), 0.0034416 secs] 22660K->6352K(59392K), 0.0034894 secs] [Times: user=0.00 sys=0.00, real=0.00 secs] 
2020-10-29T15:50:06.720+0000: [GC (Allocation Failure) 2020-10-29T15:50:06.720+0000: [ParNew: 17565K->1013K(18432K), 0.0022229 secs] 39120K->22569K(59392K), 0.0022707 secs] [Times: user=0.01 sys=0.00, real=0.01 secs] 
2020-10-29T15:50:06.724+0000: [GC (CMS Initial Mark) [1 CMS-initial-mark: 21555K(40960K)] 22630K(59392K), 0.0008408 secs] [Times: user=0.00 sys=0.00, real=0.00 secs] 
2020-10-29T15:50:06.725+0000: [CMS-concurrent-mark-start]
2020-10-29T15:50:06.740+0000: [CMS-concurrent-mark: 0.016/0.016 secs] [Times: user=0.03 sys=0.00, real=0.01 secs] 
2020-10-29T15:50:06.740+0000: [CMS-concurrent-preclean-start]
2020-10-29T15:50:06.741+0000: [CMS-concurrent-preclean: 0.000/0.000 secs] [Times: user=0.00 sys=0.00, real=0.00 secs] 
2020-10-29T15:50:06.746+0000: [GC (CMS Final Remark) [YG occupancy: 2723 K (18432 K)]2020-10-29T15:50:06.746+0000: [Rescan (parallel) , 0.0009393 secs]2020-10-29T15:50:06.747+0000: [weak refs processing, 0.0000304 secs]2020-10-29T15:50:06.747+0000: [class unloading, 0.0022282 secs]2020-10-29T15:50:06.749+0000: [scrub symbol table, 0.0023244 secs]2020-10-29T15:50:06.752+0000: [scrub string table, 0.0002338 secs][1 CMS-remark: 21555K(40960K)] 24278K(59392K), 0.0058425 secs] [Times: user=0.01 sys=0.00, real=0.01 secs] 
2020-10-29T15:50:06.754+0000: [CMS-concurrent-sweep-start]
2020-10-29T15:50:06.759+0000: [CMS-concurrent-sweep: 0.005/0.005 secs] [Times: user=0.01 sys=0.00, real=0.00 secs] 
2020-10-29T15:50:06.759+0000: [CMS-concurrent-reset-start]
2020-10-29T15:50:06.797+0000: [CMS-concurrent-reset: 0.037/0.037 secs] [Times: user=0.05 sys=0.02, real=0.04 secs] 
2020-10-29T15:50:06.836+0000: [GC (Allocation Failure) 2020-10-29T15:50:06.836+0000: [ParNew: 17397K->1469K(18432K), 0.0026590 secs] 38540K->22611K(59392K), 0.0027178 secs] [Times: user=0.01 sys=0.00, real=0.00 secs] 
2020-10-29T15:50:06.947+0000: [GC (Allocation Failure) 2020-10-29T15:50:06.947+0000: [ParNew: 17853K->1538K(18432K), 0.0058029 secs] 55379K->39270K(59392K), 0.0058525 secs] [Times: user=0.01 sys=0.00, real=0.01 secs] 
2020-10-29T15:50:06.953+0000: [GC (CMS Initial Mark) [1 CMS-initial-mark: 37732K(40960K)] 39531K(59392K), 0.0008155 secs] [Times: user=0.00 sys=0.00, real=0.00 secs] 
2020-10-29T15:50:06.954+0000: [CMS-concurrent-mark-start]
2020-10-29T15:50:06.975+0000: [CMS-concurrent-mark: 0.021/0.021 secs] [Times: user=0.04 sys=0.00, real=0.02 secs] 
2020-10-29T15:50:06.975+0000: [CMS-concurrent-preclean-start]
2020-10-29T15:50:06.975+0000: [CMS-concurrent-preclean: 0.000/0.000 secs] [Times: user=0.00 sys=0.00, real=0.00 secs] 
2020-10-29T15:50:06.977+0000: [GC (CMS Final Remark) [YG occupancy: 3101 K (18432 K)]2020-10-29T15:50:06.977+0000: [Rescan (parallel) , 0.0019689 secs]2020-10-29T15:50:06.979+0000: [weak refs processing, 0.0000321 secs]2020-10-29T15:50:06.979+0000: [class unloading, 0.0029235 secs]2020-10-29T15:50:06.982+0000: [scrub symbol table, 0.0024385 secs]2020-10-29T15:50:06.984+0000: [scrub string table, 0.0002471 secs][1 CMS-remark: 37732K(40960K)] 40833K(59392K), 0.0077152 secs] [Times: user=0.02 sys=0.00, real=0.01 secs] 
2020-10-29T15:50:06.985+0000: [CMS-concurrent-sweep-start]
2020-10-29T15:50:06.987+0000: [CMS-concurrent-sweep: 0.002/0.002 secs] [Times: user=0.00 sys=0.00, real=0.00 secs] 
2020-10-29T15:50:06.987+0000: [CMS-concurrent-reset-start]
2020-10-29T15:50:06.993+0000: [CMS-concurrent-reset: 0.005/0.005 secs] [Times: user=0.01 sys=0.00, real=0.01 secs] 
2020-10-29T15:50:07.070+0000: [GC (Allocation Failure) 2020-10-29T15:50:07.070+0000: [ParNew: 17922K->1195K(18432K), 0.0028792 secs] 55607K->39138K(81240K), 0.0029247 secs] [Times: user=0.00 sys=0.00, real=0.00 secs] 
2020-10-29T15:50:07.155+0000: [GC (Allocation Failure) 2020-10-29T15:50:07.155+0000: [ParNew: 17579K->1190K(18432K), 0.0030834 secs] 55522K->39325K(81240K), 0.0031283 secs] [Times: user=0.01 sys=0.00, real=0.00 secs] 
2020-10-29T15:50:07.224+0000: [GC (Allocation Failure) 2020-10-29T15:50:07.224+0000: [ParNew: 17574K->1366K(18432K), 0.0019201 secs] 55709K->39501K(81240K), 0.0019707 secs] [Times: user=0.01 sys=0.00, real=0.00 secs] 
2020-10-29T15:50:07.286+0000: [GC (Allocation Failure) 2020-10-29T15:50:07.286+0000: [ParNew: 17750K->1373K(18432K), 0.0023677 secs] 55885K->39773K(81240K), 0.0024190 secs] [Times: user=0.00 sys=0.00, real=0.00 secs] 
2020-10-29T15:50:07.331+0000: [GC (Allocation Failure) 2020-10-29T15:50:07.331+0000: [ParNew: 17757K->1105K(18432K), 0.0016762 secs] 56157K->39506K(81240K), 0.0017251 secs] [Times: user=0.00 sys=0.00, real=0.00 secs] 
2020-10-29T15:50:07.397+0000: [GC (Allocation Failure) 2020-10-29T15:50:07.398+0000: [ParNew: 17489K->1252K(18432K), 0.0022098 secs] 55890K->39652K(81240K), 0.0022715 secs] [Times: user=0.01 sys=0.00, real=0.00 secs] 
2020-10-29T15:50:07.584+0000: [GC (Allocation Failure) 2020-10-29T15:50:07.584+0000: [ParNew: 17636K->1919K(18432K), 0.0110112 secs] 56036K->40466K(81240K), 0.0110555 secs] [Times: user=0.02 sys=0.00, real=0.01 secs] 
2020-10-29T15:50:07.723+0000: [GC (Allocation Failure) 2020-10-29T15:50:07.723+0000: [ParNew: 18303K->1506K(18432K), 0.0130821 secs] 73234K->57687K(81240K), 0.0131308 secs] [Times: user=0.02 sys=0.00, real=0.01 secs] 
2020-10-29T15:50:07.736+0000: [GC (CMS Initial Mark) [1 CMS-initial-mark: 56181K(62808K)] 57687K(81240K), 0.0011029 secs] [Times: user=0.00 sys=0.00, real=0.00 secs] 
2020-10-29T15:50:07.737+0000: [CMS-concurrent-mark-start]
2020-10-29T15:50:07.759+0000: [CMS-concurrent-mark: 0.022/0.022 secs] [Times: user=0.05 sys=0.00, real=0.02 secs] 
2020-10-29T15:50:07.759+0000: [CMS-concurrent-preclean-start]
2020-10-29T15:50:07.760+0000: [CMS-concurrent-preclean: 0.001/0.001 secs] [Times: user=0.00 sys=0.00, real=0.00 secs] 
2020-10-29T15:50:07.772+0000: [GC (CMS Final Remark) [YG occupancy: 4263 K (18432 K)]2020-10-29T15:50:07.772+0000: [Rescan (parallel) , 0.0024101 secs]2020-10-29T15:50:07.774+0000: [weak refs processing, 0.0000376 secs]2020-10-29T15:50:07.774+0000: [class unloading, 0.0040464 secs]2020-10-29T15:50:07.778+0000: [scrub symbol table, 0.0042773 secs]2020-10-29T15:50:07.783+0000: [scrub string table, 0.0004342 secs][1 CMS-remark: 56181K(62808K)] 60444K(81240K), 0.0113220 secs] [Times: user=0.02 sys=0.00, real=0.01 secs] 
2020-10-29T15:50:07.790+0000: [CMS-concurrent-sweep-start]
2020-10-29T15:50:07.793+0000: [CMS-concurrent-sweep: 0.003/0.003 secs] [Times: user=0.01 sys=0.00, real=0.01 secs] 
2020-10-29T15:50:07.794+0000: [CMS-concurrent-reset-start]
2020-10-29T15:50:07.795+0000: [CMS-concurrent-reset: 0.002/0.002 secs] [Times: user=0.01 sys=0.00, real=0.00 secs] 
2020-10-29T15:50:07.903+0000: [GC (Allocation Failure) 2020-10-29T15:50:07.903+0000: [ParNew: 17890K->1301K(18432K), 0.0023506 secs] 73973K->57384K(111908K), 0.0024014 secs] [Times: user=0.01 sys=0.00, real=0.00 secs] 
2020-10-29T15:50:08.174+0000: [GC (Allocation Failure) 2020-10-29T15:50:08.174+0000: [ParNew: 17685K->1236K(18432K), 0.0027548 secs] 90152K->73908K(111908K), 0.0028064 secs] [Times: user=0.01 sys=0.00, real=0.00 secs] 
2020-10-29T15:50:08.178+0000: [GC (CMS Initial Mark) [1 CMS-initial-mark: 72672K(93476K)] 74111K(111908K), 0.0009017 secs] [Times: user=0.00 sys=0.00, real=0.00 secs] 
2020-10-29T15:50:08.179+0000: [CMS-concurrent-mark-start]
2020-10-29T15:50:08.195+0000: [CMS-concurrent-mark: 0.015/0.015 secs] [Times: user=0.03 sys=0.01, real=0.02 secs] 
2020-10-29T15:50:08.195+0000: [CMS-concurrent-preclean-start]
2020-10-29T15:50:08.195+0000: [CMS-concurrent-preclean: 0.001/0.001 secs] [Times: user=0.00 sys=0.00, real=0.00 secs] 
2020-10-29T15:50:08.195+0000: [CMS-concurrent-abortable-preclean-start]
2020-10-29T15:50:08.277+0000: [GC (Allocation Failure) 2020-10-29T15:50:08.277+0000: [ParNew: 17620K->1164K(18432K), 0.0027943 secs] 90292K->73837K(111908K), 0.0028556 secs] [Times: user=0.00 sys=0.00, real=0.00 secs] 
2020-10-29T15:50:08.357+0000: [CMS-concurrent-abortable-preclean: 0.029/0.162 secs] [Times: user=0.31 sys=0.00, real=0.16 secs] 
2020-10-29T15:50:08.357+0000: [GC (CMS Final Remark) [YG occupancy: 11413 K (18432 K)]2020-10-29T15:50:08.357+0000: [Rescan (parallel) , 0.0025208 secs]2020-10-29T15:50:08.360+0000: [weak refs processing, 0.0000328 secs]2020-10-29T15:50:08.360+0000: [class unloading, 0.0042683 secs]2020-10-29T15:50:08.364+0000: [scrub symbol table, 0.0039129 secs]2020-10-29T15:50:08.368+0000: [scrub string table, 0.0003171 secs][1 CMS-remark: 72672K(93476K)] 84085K(111908K), 0.0111651 secs] [Times: user=0.01 sys=0.00, real=0.01 secs] 
2020-10-29T15:50:08.371+0000: [CMS-concurrent-sweep-start]
2020-10-29T15:50:08.374+0000: [CMS-concurrent-sweep: 0.003/0.003 secs] [Times: user=0.00 sys=0.00, real=0.00 secs] 
2020-10-29T15:50:08.374+0000: [CMS-concurrent-reset-start]
2020-10-29T15:50:08.376+0000: [CMS-concurrent-reset: 0.002/0.002 secs] [Times: user=0.01 sys=0.00, real=0.00 secs] 
2020-10-29T15:50:08.417+0000: [GC (Allocation Failure) 2020-10-29T15:50:08.417+0000: [ParNew: 17548K->1714K(18432K), 0.0090467 secs] 90205K->74766K(139528K), 0.0091083 secs] [Times: user=0.02 sys=0.00, real=0.01 secs] 
2020-10-29T15:50:08.510+0000: [GC (Allocation Failure) 2020-10-29T15:50:08.510+0000: [ParNew: 18098K->1503K(18432K), 0.0052979 secs] 91150K->74861K(139528K), 0.0053790 secs] [Times: user=0.01 sys=0.00, real=0.01 secs] 
2020-10-29T15:50:08.597+0000: [GC (Allocation Failure) 2020-10-29T15:50:08.597+0000: [ParNew: 17887K->1415K(18432K), 0.0078798 secs] 91245K->75123K(139528K), 0.0079503 secs] [Times: user=0.02 sys=0.00, real=0.01 secs] 
2020-10-29T15:50:08.729+0000: [GC (Allocation Failure) 2020-10-29T15:50:08.729+0000: [ParNew: 17799K->1381K(18432K), 0.0033966 secs] 91507K->75401K(139528K), 0.0034615 secs] [Times: user=0.01 sys=0.00, real=0.01 secs] 
2020-10-29T15:50:08.891+0000: [GC (Allocation Failure) 2020-10-29T15:50:08.891+0000: [ParNew: 17765K->1921K(18432K), 0.0040840 secs] 91785K->76259K(139528K), 0.0041350 secs] [Times: user=0.01 sys=0.00, real=0.00 secs] 
2020-10-29T15:50:08.977+0000: [GC (Allocation Failure) 2020-10-29T15:50:08.977+0000: [ParNew: 18305K->1238K(18432K), 0.0064306 secs] 92643K->76519K(139528K), 0.0064806 secs] [Times: user=0.01 sys=0.00, real=0.01 secs] 
2020-10-29T15:50:09.124+0000: [GC (Allocation Failure) 2020-10-29T15:50:09.124+0000: [ParNew: 17622K->1256K(18432K), 0.0028850 secs] 92903K->76537K(139528K), 0.0029356 secs] [Times: user=0.00 sys=0.00, real=0.00 secs] 
2020-10-29T15:50:09.290+0000: [GC (Allocation Failure) 2020-10-29T15:50:09.290+0000: [ParNew: 17640K->1817K(18432K), 0.0044627 secs] 92921K->77264K(139528K), 0.0045135 secs] [Times: user=0.01 sys=0.00, real=0.01 secs] 
2020-10-29T15:50:09.359+0000: [GC (Allocation Failure) 2020-10-29T15:50:09.359+0000: [ParNew: 18201K->1141K(18432K), 0.0030217 secs] 93648K->76785K(139528K), 0.0030682 secs] [Times: user=0.01 sys=0.00, real=0.01 secs] 
2020-10-29T15:50:09.428+0000: [GC (Allocation Failure) 2020-10-29T15:50:09.428+0000: [ParNew: 17525K->926K(18432K), 0.0024449 secs] 93169K->76571K(139528K), 0.0025130 secs] [Times: user=0.01 sys=0.00, real=0.01 secs] 
2020-10-29T15:50:09.583+0000: [GC (Allocation Failure) 2020-10-29T15:50:09.583+0000: [ParNew: 17310K->1160K(18432K), 0.0024209 secs] 92955K->76804K(139528K), 0.0024785 secs] [Times: user=0.01 sys=0.00, real=0.00 secs] 
2020-10-29T15:50:09.664+0000: [GC (Allocation Failure) 2020-10-29T15:50:09.664+0000: [ParNew: 17544K->1087K(18432K), 0.0051175 secs] 93188K->76732K(139528K), 0.0051627 secs] [Times: user=0.01 sys=0.01, real=0.00 secs] 
2020-10-29T15:50:09.739+0000: [GC (Allocation Failure) 2020-10-29T15:50:09.739+0000: [ParNew: 17471K->1820K(18432K), 0.0058078 secs] 93116K->77465K(139528K), 0.0058600 secs] [Times: user=0.02 sys=0.00, real=0.01 secs] 
2020-10-29T15:50:09.813+0000: [GC (Allocation Failure) 2020-10-29T15:50:09.813+0000: [ParNew: 18204K->1407K(18432K), 0.0079631 secs] 93849K->77869K(139528K), 0.0080264 secs] [Times: user=0.01 sys=0.00, real=0.00 secs] 
2020-10-29T15:50:09.879+0000: [GC (Allocation Failure) 2020-10-29T15:50:09.879+0000: [ParNew: 17791K->389K(18432K), 0.0028546 secs] 94253K->76850K(139528K), 0.0029067 secs] [Times: user=0.00 sys=0.00, real=0.01 secs] 
2020-10-29T15:50:09.954+0000: [GC (Allocation Failure) 2020-10-29T15:50:09.954+0000: [ParNew: 16773K->697K(18432K), 0.0032096 secs] 93234K->77158K(139528K), 0.0032604 secs] [Times: user=0.01 sys=0.00, real=0.00 secs] 
2020-10-29T15:50:10.022+0000: [GC (Allocation Failure) 2020-10-29T15:50:10.022+0000: [ParNew: 17081K->1210K(18432K), 0.0037757 secs] 93542K->77671K(139528K), 0.0038277 secs] [Times: user=0.00 sys=0.00, real=0.00 secs] 
2020-10-29T15:50:10.115+0000: [GC (Allocation Failure) 2020-10-29T15:50:10.116+0000: [ParNew: 17594K->631K(18432K), 0.0036729 secs] 94055K->77753K(139528K), 0.0037247 secs] [Times: user=0.01 sys=0.00, real=0.00 secs] 
2020-10-29T15:50:10.186+0000: [GC (Allocation Failure) 2020-10-29T15:50:10.186+0000: [ParNew: 17015K->631K(18432K), 0.0017982 secs] 94137K->77753K(139528K), 0.0018668 secs] [Times: user=0.01 sys=0.00, real=0.00 secs] 
2020-10-29T15:50:10.261+0000: [GC (Allocation Failure) 2020-10-29T15:50:10.261+0000: [ParNew: 17015K->645K(18432K), 0.0019683 secs] 94137K->77766K(139528K), 0.0020188 secs] [Times: user=0.01 sys=0.00, real=0.01 secs] 
2020-10-29T15:50:10.325+0000: [GC (Allocation Failure) 2020-10-29T15:50:10.325+0000: [ParNew: 17029K->658K(18432K), 0.0021559 secs] 94150K->77780K(139528K), 0.0022057 secs] [Times: user=0.00 sys=0.00, real=0.00 secs] 
2020-10-29T15:50:10.389+0000: [GC (Allocation Failure) 2020-10-29T15:50:10.389+0000: [ParNew: 17042K->816K(18432K), 0.0026132 secs] 94164K->77938K(139528K), 0.0026635 secs] [Times: user=0.00 sys=0.00, real=0.01 secs] 
2020-10-29T15:50:10.465+0000: [GC (Allocation Failure) 2020-10-29T15:50:10.465+0000: [ParNew: 17200K->619K(18432K), 0.0023182 secs] 94322K->77740K(139528K), 0.0023688 secs] [Times: user=0.01 sys=0.00, real=0.00 secs] 
2020-10-29T15:50:10.569+0000: [GC (Allocation Failure) 2020-10-29T15:50:10.569+0000: [ParNew: 17003K->900K(18432K), 0.0029751 secs] 94124K->78116K(139528K), 0.0030267 secs] [Times: user=0.01 sys=0.00, real=0.01 secs] 
2020-10-29T15:50:10.714+0000: [GC (Allocation Failure) 2020-10-29T15:50:10.714+0000: [ParNew: 17284K->1284K(18432K), 0.0032571 secs] 94500K->78534K(139528K), 0.0033087 secs] [Times: user=0.00 sys=0.00, real=0.00 secs] 
2020-10-29T15:50:10.772+0000: [GC (Allocation Failure) 2020-10-29T15:50:10.772+0000: [ParNew: 17668K->1566K(18432K), 0.0035153 secs] 94918K->79016K(139528K), 0.0035674 secs] [Times: user=0.01 sys=0.00, real=0.00 secs] 
2020-10-29T15:50:10.898+0000: [GC (Allocation Failure) 2020-10-29T15:50:10.898+0000: [ParNew: 17950K->988K(18432K), 0.0038086 secs] 95400K->78715K(139528K), 0.0038605 secs] [Times: user=0.01 sys=0.00, real=0.00 secs] 
2020-10-29T15:50:11.067+0000: [GC (Allocation Failure) 2020-10-29T15:50:11.067+0000: [ParNew: 17372K->2048K(18432K), 0.0079120 secs] 95099K->80173K(139528K), 0.0079773 secs] [Times: user=0.01 sys=0.00, real=0.01 secs] 
2020-10-29T15:50:11.216+0000: [GC (Allocation Failure) 2020-10-29T15:50:11.216+0000: [ParNew: 18432K->2048K(18432K), 0.0095475 secs] 96557K->82604K(139528K), 0.0095984 secs] [Times: user=0.01 sys=0.00, real=0.01 secs] 
2020-10-29T15:50:11.317+0000: [GC (Allocation Failure) 2020-10-29T15:50:11.317+0000: [ParNew: 18432K->1409K(18432K), 0.0082210 secs] 98988K->81965K(139528K), 0.0082832 secs] [Times: user=0.02 sys=0.00, real=0.01 secs] 
2020-10-29T15:50:11.513+0000: [GC (Allocation Failure) 2020-10-29T15:50:11.513+0000: [ParNew: 17793K->1741K(18432K), 0.0047459 secs] 114733K->99224K(139528K), 0.0047937 secs] [Times: user=0.01 sys=0.00, real=0.00 secs] 
2020-10-29T15:50:11.521+0000: [GC (CMS Initial Mark) [1 CMS-initial-mark: 97482K(121096K)] 100203K(139528K), 0.0015387 secs] [Times: user=0.00 sys=0.00, real=0.00 secs] 
2020-10-29T15:50:11.522+0000: [CMS-concurrent-mark-start]
2020-10-29T15:50:11.554+0000: [CMS-concurrent-mark: 0.030/0.031 secs] [Times: user=0.05 sys=0.00, real=0.03 secs] 
2020-10-29T15:50:11.554+0000: [CMS-concurrent-preclean-start]
2020-10-29T15:50:11.555+0000: [CMS-concurrent-preclean: 0.001/0.001 secs] [Times: user=0.01 sys=0.00, real=0.00 secs] 
2020-10-29T15:50:11.555+0000: [CMS-concurrent-abortable-preclean-start]
2020-10-29T15:50:11.644+0000: [GC (Allocation Failure) 2020-10-29T15:50:11.644+0000: [ParNew: 18125K->2047K(18432K), 0.0039077 secs] 115608K->99869K(139528K), 0.0039607 secs] [Times: user=0.00 sys=0.00, real=0.00 secs] 
2020-10-29T15:50:11.728+0000: [GC (Allocation Failure) 2020-10-29T15:50:11.728+0000: [ParNew: 18431K->1663K(18432K), 0.0044781 secs] 116253K->100085K(139528K), 0.0045277 secs] [Times: user=0.01 sys=0.00, real=0.01 secs] 
2020-10-29T15:50:11.780+0000: [GC (Allocation Failure) 2020-10-29T15:50:11.780+0000: [ParNew: 18047K->1074K(18432K), 0.0031359 secs] 116469K->99949K(139528K), 0.0031875 secs] [Times: user=0.01 sys=0.00, real=0.01 secs] 
2020-10-29T15:50:11.848+0000: [GC (Allocation Failure) 2020-10-29T15:50:11.848+0000: [ParNew: 17458K->781K(18432K), 0.0019404 secs] 116333K->99655K(139528K), 0.0019919 secs] [Times: user=0.00 sys=0.00, real=0.00 secs] 
2020-10-29T15:50:11.897+0000: [GC (Allocation Failure) 2020-10-29T15:50:11.897+0000: [ParNew: 17165K->652K(18432K), 0.0023538 secs] 116039K->99527K(139528K), 0.0024038 secs] [Times: user=0.00 sys=0.00, real=0.00 secs] 
2020-10-29T15:50:11.967+0000: [GC (Allocation Failure) 2020-10-29T15:50:11.967+0000: [ParNew: 17036K->1431K(18432K), 0.0027627 secs] 115911K->100306K(139528K), 0.0028318 secs] [Times: user=0.00 sys=0.00, real=0.00 secs] 
2020-10-29T15:50:12.041+0000: [GC (Allocation Failure) 2020-10-29T15:50:12.041+0000: [ParNew: 17815K->1098K(18432K), 0.0050847 secs] 116690K->100457K(139528K), 0.0051481 secs] [Times: user=0.01 sys=0.00, real=0.01 secs] 
2020-10-29T15:50:12.117+0000: [CMS-concurrent-abortable-preclean: 0.109/0.562 secs] [Times: user=0.90 sys=0.01, real=0.56 secs] 
2020-10-29T15:50:12.123+0000: [GC (CMS Final Remark) [YG occupancy: 15884 K (18432 K)]2020-10-29T15:50:12.123+0000: [Rescan (parallel) , 0.0037808 secs]2020-10-29T15:50:12.127+0000: [weak refs processing, 0.0000556 secs]2020-10-29T15:50:12.127+0000: [class unloading, 0.0056956 secs]2020-10-29T15:50:12.132+0000: [scrub symbol table, 0.0068581 secs]2020-10-29T15:50:12.139+0000: [scrub string table, 0.0004349 secs][1 CMS-remark: 99359K(121096K)] 115243K(139528K), 0.0169426 secs] [Times: user=0.02 sys=0.00, real=0.01 secs] 
2020-10-29T15:50:12.140+0000: [CMS-concurrent-sweep-start]
2020-10-29T15:50:12.152+0000: [CMS-concurrent-sweep: 0.012/0.012 secs] [Times: user=0.03 sys=0.00, real=0.02 secs] 
2020-10-29T15:50:12.152+0000: [CMS-concurrent-reset-start]
2020-10-29T15:50:12.154+0000: [CMS-concurrent-reset: 0.002/0.002 secs] [Times: user=0.00 sys=0.00, real=0.00 secs] 
2020-10-29T15:50:12.156+0000: [GC (Allocation Failure) 2020-10-29T15:50:12.156+0000: [ParNew: 17482K->1092K(18432K), 0.0026214 secs] 116162K->99772K(182900K), 0.0026598 secs] [Times: user=0.01 sys=0.00, real=0.00 secs] 
2020-10-29T15:50:12.234+0000: [GC (Allocation Failure) 2020-10-29T15:50:12.234+0000: [ParNew: 17476K->1317K(18432K), 0.0035886 secs] 116156K->100195K(182900K), 0.0036546 secs] [Times: user=0.01 sys=0.00, real=0.00 secs] 
2020-10-29T15:50:12.379+0000: [GC (Allocation Failure) 2020-10-29T15:50:12.379+0000: [ParNew: 17701K->1183K(18432K), 0.0040742 secs] 116579K->100061K(182900K), 0.0041262 secs] [Times: user=0.01 sys=0.00, real=0.01 secs] 
2020-10-29T15:50:12.460+0000: [GC (Allocation Failure) 2020-10-29T15:50:12.460+0000: [ParNew: 17567K->1912K(18432K), 0.0032324 secs] 116445K->100871K(182900K), 0.0032986 secs] [Times: user=0.00 sys=0.00, real=0.01 secs] 
2020-10-29T15:50:12.531+0000: [GC (Allocation Failure) 2020-10-29T15:50:12.531+0000: [ParNew: 18296K->1383K(18432K), 0.0039116 secs] 117255K->100870K(182900K), 0.0039809 secs] [Times: user=0.01 sys=0.00, real=0.00 secs] 
2020-10-29T15:50:12.618+0000: [GC (Allocation Failure) 2020-10-29T15:50:12.618+0000: [ParNew: 17767K->965K(18432K), 0.0023325 secs] 117254K->100452K(182900K), 0.0024010 secs] [Times: user=0.00 sys=0.00, real=0.00 secs] 
2020-10-29T15:50:12.793+0000: [GC (Allocation Failure) 2020-10-29T15:50:12.793+0000: [ParNew: 17349K->1274K(18432K), 0.0063627 secs] 116836K->100762K(182900K), 0.0064353 secs] [Times: user=0.02 sys=0.00, real=0.00 secs] 
2020-10-29T15:50:13.040+0000: [GC (Allocation Failure) 2020-10-29T15:50:13.040+0000: [ParNew: 17658K->2048K(18432K), 0.0150067 secs] 117146K->102905K(182900K), 0.0150690 secs] [Times: user=0.03 sys=0.00, real=0.02 secs] 
2020-10-29T15:50:13.133+0000: [GC (Allocation Failure) 2020-10-29T15:50:13.133+0000: [ParNew: 18432K->2047K(18432K), 0.0096370 secs] 119289K->104972K(182900K), 0.0097001 secs] [Times: user=0.01 sys=0.00, real=0.01 secs] 
2020-10-29T15:50:13.208+0000: [GC (Allocation Failure) 2020-10-29T15:50:13.208+0000: [ParNew: 18431K->999K(18432K), 0.0023170 secs] 121356K->103923K(182900K), 0.0023692 secs] [Times: user=0.00 sys=0.00, real=0.01 secs] 
2020-10-29T15:50:13.272+0000: [GC (Allocation Failure) 2020-10-29T15:50:13.273+0000: [ParNew: 17383K->958K(18432K), 0.0026005 secs] 120307K->103882K(182900K), 0.0026500 secs] [Times: user=0.01 sys=0.00, real=0.00 secs] 
2020-10-29T15:50:13.350+0000: [GC (Allocation Failure) 2020-10-29T15:50:13.350+0000: [ParNew: 17342K->911K(18432K), 0.0027598 secs] 120266K->103835K(182900K), 0.0028106 secs] [Times: user=0.01 sys=0.00, real=0.00 secs] 
2020-10-29T15:50:13.435+0000: [GC (Allocation Failure) 2020-10-29T15:50:13.435+0000: [ParNew: 17295K->856K(18432K), 0.0053396 secs] 120219K->103780K(182900K), 0.0053929 secs] [Times: user=0.01 sys=0.00, real=0.00 secs] 
2020-10-29T15:50:13.494+0000: [GC (Allocation Failure) 2020-10-29T15:50:13.495+0000: [ParNew: 17240K->1206K(18432K), 0.0030829 secs] 120164K->104130K(182900K), 0.0031346 secs] [Times: user=0.01 sys=0.00, real=0.00 secs] 
2020-10-29T15:50:13.559+0000: [GC (Allocation Failure) 2020-10-29T15:50:13.559+0000: [ParNew: 17590K->1317K(18432K), 0.0034238 secs] 120514K->104335K(182900K), 0.0034928 secs] [Times: user=0.01 sys=0.00, real=0.01 secs] 
2020-10-29T15:50:13.625+0000: [GC (Allocation Failure) 2020-10-29T15:50:13.625+0000: [ParNew: 17701K->1429K(18432K), 0.0035148 secs] 120719K->104523K(182900K), 0.0035688 secs] [Times: user=0.01 sys=0.00, real=0.00 secs] 
2020-10-29T15:50:13.829+0000: [GC (Allocation Failure) 2020-10-29T15:50:13.829+0000: [ParNew: 17813K->2047K(18432K), 0.0058517 secs] 120907K->105522K(182900K), 0.0059056 secs] [Times: user=0.01 sys=0.00, real=0.01 secs] 
2020-10-29T15:50:14.019+0000: [GC (Allocation Failure) 2020-10-29T15:50:14.019+0000: [ParNew: 18431K->1492K(18432K), 0.0059211 secs] 121906K->106010K(182900K), 0.0059724 secs] [Times: user=0.01 sys=0.00, real=0.01 secs] 
2020-10-29T15:50:14.265+0000: [GC (Allocation Failure) 2020-10-29T15:50:14.265+0000: [ParNew: 17876K->1407K(18432K), 0.0033149 secs] 122394K->105925K(182900K), 0.0033682 secs] [Times: user=0.00 sys=0.00, real=0.00 secs] 
2020-10-29T15:50:14.432+0000: [GC (Allocation Failure) 2020-10-29T15:50:14.432+0000: [ParNew: 17791K->972K(18432K), 0.0091401 secs] 122309K->114159K(182900K), 0.0092085 secs] [Times: user=0.02 sys=0.00, real=0.00 secs] 
2020-10-29T15:50:14.690+0000: [GC (Allocation Failure) 2020-10-29T15:50:14.690+0000: [ParNew: 17356K->658K(18432K), 0.0021412 secs] 130543K->113845K(182900K), 0.0022108 secs] [Times: user=0.01 sys=0.00, real=0.01 secs] 
2020-10-29T15:50:14.851+0000: [GC (Allocation Failure) 2020-10-29T15:50:14.851+0000: [ParNew: 17042K->688K(18432K), 0.0021455 secs] 130229K->113875K(182900K), 0.0022160 secs] [Times: user=0.00 sys=0.00, real=0.00 secs] 
2020-10-29T15:50:14.980+0000: [GC (Allocation Failure) 2020-10-29T15:50:14.980+0000: [ParNew: 17072K->1029K(18432K), 0.0025317 secs] 130259K->114216K(182900K), 0.0025956 secs] [Times: user=0.01 sys=0.00, real=0.01 secs] 
2020-10-29T15:50:15.096+0000: [GC (Allocation Failure) 2020-10-29T15:50:15.096+0000: [ParNew: 17413K->949K(18432K), 0.0045047 secs] 130600K->114136K(182900K), 0.0045571 secs] [Times: user=0.01 sys=0.00, real=0.00 secs] 
2020-10-29T15:50:15.172+0000: [GC (Allocation Failure) 2020-10-29T15:50:15.172+0000: [ParNew: 17333K->1166K(18432K), 0.0043574 secs] 130520K->114688K(182900K), 0.0044238 secs] [Times: user=0.00 sys=0.00, real=0.00 secs] 
2020-10-29T15:50:15.242+0000: [GC (Allocation Failure) 2020-10-29T15:50:15.242+0000: [ParNew: 17550K->79K(18432K), 0.0023951 secs] 131072K->114655K(182900K), 0.0024477 secs] [Times: user=0.01 sys=0.00, real=0.01 secs] 
2020-10-29T15:50:15.319+0000: [GC (Allocation Failure) 2020-10-29T15:50:15.319+0000: [ParNew: 16463K->10K(18432K), 0.0024424 secs] 131039K->114586K(182900K), 0.0024852 secs] [Times: user=0.01 sys=0.00, real=0.00 secs] 
2020-10-29T15:50:15.363+0000: [GC (Allocation Failure) 2020-10-29T15:50:15.363+0000: [ParNew: 16394K->16K(18432K), 0.0015160 secs] 130970K->114592K(182900K), 0.0015837 secs] [Times: user=0.00 sys=0.00, real=0.00 secs] 
2020-10-29T15:50:15.404+0000: [GC (Allocation Failure) 2020-10-29T15:50:15.404+0000: [ParNew: 16400K->11K(18432K), 0.0015346 secs] 130976K->114587K(182900K), 0.0015859 secs] [Times: user=0.00 sys=0.00, real=0.00 secs] 
2020-10-29T15:50:15.434+0000: [GC (Allocation Failure) 2020-10-29T15:50:15.434+0000: [ParNew: 16395K->14K(18432K), 0.0025307 secs] 130971K->116638K(182900K), 0.0025827 secs] [Times: user=0.00 sys=0.00, real=0.00 secs] 
2020-10-29T15:50:15.438+0000: [GC (CMS Initial Mark) [1 CMS-initial-mark: 116624K(164468K)] 116966K(182900K), 0.0011555 secs] [Times: user=0.00 sys=0.00, real=0.00 secs] 
2020-10-29T15:50:15.439+0000: [CMS-concurrent-mark-start]
2020-10-29T15:50:15.482+0000: [CMS-concurrent-mark: 0.043/0.043 secs] [Times: user=0.08 sys=0.00, real=0.04 secs] 
2020-10-29T15:50:15.482+0000: [CMS-concurrent-preclean-start]
2020-10-29T15:50:15.484+0000: [CMS-concurrent-preclean: 0.001/0.001 secs] [Times: user=0.01 sys=0.00, real=0.01 secs] 
2020-10-29T15:50:15.484+0000: [CMS-concurrent-abortable-preclean-start]
2020-10-29T15:50:15.486+0000: [GC (Allocation Failure) 2020-10-29T15:50:15.486+0000: [ParNew: 16398K->12K(18432K), 0.0011580 secs] 133022K->116636K(182900K), 0.0011979 secs] [Times: user=0.00 sys=0.00, real=0.00 secs] 
2020-10-29T15:50:15.518+0000: [GC (Allocation Failure) 2020-10-29T15:50:15.518+0000: [ParNew: 16396K->12K(18432K), 0.0012805 secs] 133020K->116637K(182900K), 0.0013281 secs] [Times: user=0.00 sys=0.00, real=0.00 secs] 
2020-10-29T15:50:15.542+0000: [GC (Allocation Failure) 2020-10-29T15:50:15.542+0000: [ParNew: 16393K->8K(18432K), 0.0015108 secs] 133018K->116639K(182900K), 0.0015633 secs] [Times: user=0.00 sys=0.00, real=0.00 secs] 
2020-10-29T15:50:15.568+0000: [GC (Allocation Failure) 2020-10-29T15:50:15.568+0000: [ParNew: 16392K->4K(18432K), 0.0014545 secs] 133023K->116635K(182900K), 0.0015040 secs] [Times: user=0.01 sys=0.00, real=0.00 secs] 
2020-10-29T15:50:15.595+0000: [GC (Allocation Failure) 2020-10-29T15:50:15.595+0000: [ParNew: 16388K->4K(18432K), 0.0013789 secs] 133019K->116635K(182900K), 0.0014308 secs] [Times: user=0.00 sys=0.00, real=0.00 secs] 
2020-10-29T15:50:15.609+0000: [GC (Allocation Failure) 2020-10-29T15:50:15.609+0000: [ParNew: 16388K->4K(18432K), 0.0068347 secs] 133019K->124828K(182900K), 0.0068776 secs] [Times: user=0.01 sys=0.00, real=0.01 secs] 
2020-10-29T15:50:15.644+0000: [GC (Allocation Failure) 2020-10-29T15:50:15.644+0000: [ParNew: 16388K->6K(18432K), 0.0012441 secs] 141212K->124830K(182900K), 0.0012902 secs] [Times: user=0.00 sys=0.00, real=0.00 secs] 
2020-10-29T15:50:15.679+0000: [GC (Allocation Failure) 2020-10-29T15:50:15.680+0000: [ParNew: 16390K->6K(18432K), 0.0014908 secs] 141214K->124830K(182900K), 0.0015569 secs] [Times: user=0.01 sys=0.00, real=0.00 secs] 
2020-10-29T15:50:15.706+0000: [GC (Allocation Failure) 2020-10-29T15:50:15.706+0000: [ParNew: 13439K->6K(18432K), 0.0013289 secs] 138263K->124830K(182900K), 0.0013765 secs] [Times: user=0.00 sys=0.00, real=0.00 secs] 
2020-10-29T15:50:15.730+0000: [GC (Allocation Failure) 2020-10-29T15:50:15.730+0000: [ParNew: 16390K->6K(18432K), 0.0035262 secs] 141214K->128926K(182900K), 0.0035766 secs] [Times: user=0.01 sys=0.00, real=0.01 secs] 
2020-10-29T15:50:15.770+0000: [GC (Allocation Failure) 2020-10-29T15:50:15.770+0000: [ParNew: 16390K->6K(18432K), 0.0014900 secs] 145310K->128926K(182900K), 0.0015920 secs] [Times: user=0.00 sys=0.00, real=0.01 secs] 
2020-10-29T15:50:15.808+0000: [GC (Allocation Failure) 2020-10-29T15:50:15.808+0000: [ParNew: 16390K->8K(18432K), 0.0015173 secs] 145310K->128929K(182900K), 0.0015682 secs] [Times: user=0.00 sys=0.00, real=0.00 secs] 
2020-10-29T15:50:15.844+0000: [GC (Allocation Failure) 2020-10-29T15:50:15.844+0000: [ParNew: 16392K->5K(18432K), 0.0023702 secs] 145313K->128928K(182900K), 0.0024218 secs] [Times: user=0.01 sys=0.00, real=0.00 secs] 
2020-10-29T15:50:15.871+0000: [GC (Allocation Failure) 2020-10-29T15:50:15.871+0000: [ParNew: 16389K->6K(18432K), 0.0015040 secs] 145312K->128929K(182900K), 0.0015554 secs] [Times: user=0.00 sys=0.00, real=0.00 secs] 
2020-10-29T15:50:15.892+0000: [GC (Allocation Failure) 2020-10-29T15:50:15.892+0000: [ParNew: 16390K->6K(18432K), 0.0012810 secs] 145313K->128929K(182900K), 0.0013302 secs] [Times: user=0.00 sys=0.00, real=0.00 secs] 
2020-10-29T15:50:15.912+0000: [GC (Allocation Failure) 2020-10-29T15:50:15.912+0000: [ParNew: 16379K->4K(18432K), 0.0012476 secs] 145302K->128927K(182900K), 0.0012927 secs] [Times: user=0.00 sys=0.00, real=0.00 secs] 
2020-10-29T15:50:15.935+0000: [GC (Allocation Failure) 2020-10-29T15:50:15.935+0000: [ParNew: 16388K->4K(18432K), 0.0011411 secs] 145311K->128927K(182900K), 0.0011863 secs] [Times: user=0.00 sys=0.00, real=0.00 secs] 
2020-10-29T15:50:15.955+0000: [GC (Allocation Failure) 2020-10-29T15:50:15.955+0000: [ParNew: 16388K->4K(18432K), 0.0011440 secs] 145311K->128929K(182900K), 0.0011913 secs] [Times: user=0.00 sys=0.00, real=0.00 secs] 
2020-10-29T15:50:15.975+0000: [GC (Allocation Failure) 2020-10-29T15:50:15.975+0000: [ParNew: 16388K->4K(18432K), 0.0011156 secs] 145313K->128929K(182900K), 0.0011581 secs] [Times: user=0.00 sys=0.00, real=0.00 secs] 
2020-10-29T15:50:15.994+0000: [GC (Allocation Failure) 2020-10-29T15:50:15.994+0000: [ParNew: 16388K->4K(18432K), 0.0011204 secs] 145313K->128929K(182900K), 0.0011639 secs] [Times: user=0.00 sys=0.00, real=0.00 secs] 
2020-10-29T15:50:16.006+0000: [GC (Allocation Failure) 2020-10-29T15:50:16.006+0000: [ParNew: 16388K->4K(18432K), 0.0066456 secs] 145313K->137121K(182900K), 0.0066872 secs] [Times: user=0.01 sys=0.00, real=0.01 secs] 
2020-10-29T15:50:16.030+0000: [GC (Allocation Failure) 2020-10-29T15:50:16.030+0000: [ParNew: 16388K->4K(18432K), 0.0012526 secs] 153505K->137121K(182900K), 0.0012986 secs] [Times: user=0.00 sys=0.00, real=0.01 secs] 
2020-10-29T15:50:16.054+0000: [GC (Allocation Failure) 2020-10-29T15:50:16.054+0000: [ParNew: 16388K->4K(18432K), 0.0012503 secs] 153505K->137121K(182900K), 0.0013113 secs] [Times: user=0.00 sys=0.00, real=0.00 secs] 
2020-10-29T15:50:16.072+0000: [GC (Allocation Failure) 2020-10-29T15:50:16.072+0000: [ParNew: 16388K->4K(18432K), 0.0010636 secs] 153505K->137121K(182900K), 0.0011040 secs] [Times: user=0.00 sys=0.00, real=0.00 secs] 
2020-10-29T15:50:16.091+0000: [GC (Allocation Failure) 2020-10-29T15:50:16.091+0000: [ParNew: 16388K->4K(18432K), 0.0011023 secs] 153505K->137121K(182900K), 0.0011471 secs] [Times: user=0.00 sys=0.00, real=0.00 secs] 
2020-10-29T15:50:16.111+0000: [GC (Allocation Failure) 2020-10-29T15:50:16.111+0000: [ParNew: 16388K->4K(18432K), 0.0011309 secs] 153505K->137121K(182900K), 0.0011805 secs] [Times: user=0.01 sys=0.00, real=0.00 secs] 
2020-10-29T15:50:16.125+0000: [GC (Allocation Failure) 2020-10-29T15:50:16.125+0000: [ParNew: 11471K->4K(18432K), 0.0010903 secs] 148588K->137121K(182900K), 0.0011343 secs] [Times: user=0.00 sys=0.00, real=0.00 secs] 
2020-10-29T15:50:16.137+0000: [GC (Allocation Failure) 2020-10-29T15:50:16.137+0000: [ParNew: 16388K->4K(18432K), 0.0071811 secs] 153505K->145313K(182900K), 0.0072308 secs] [Times: user=0.01 sys=0.01, real=0.01 secs] 
2020-10-29T15:50:16.144+0000: [CMS-concurrent-abortable-preclean: 0.020/0.661 secs] [Times: user=0.94 sys=0.03, real=0.66 secs] 
2020-10-29T15:50:16.145+0000: [GC (CMS Final Remark) [YG occupancy: 329 K (18432 K)]2020-10-29T15:50:16.145+0000: [Rescan (parallel) , 0.0011000 secs]2020-10-29T15:50:16.146+0000: [weak refs processing, 0.0001165 secs]2020-10-29T15:50:16.146+0000: [class unloading, 0.0074921 secs]2020-10-29T15:50:16.153+0000: [scrub symbol table, 0.0090641 secs]2020-10-29T15:50:16.162+0000: [scrub string table, 0.0005460 secs][1 CMS-remark: 145309K(164468K)] 145639K(182900K), 0.0184426 secs] [Times: user=0.02 sys=0.00, real=0.02 secs] 
2020-10-29T15:50:16.163+0000: [CMS-concurrent-sweep-start]
2020-10-29T15:50:16.178+0000: [CMS-concurrent-sweep: 0.013/0.015 secs] [Times: user=0.03 sys=0.00, real=0.01 secs] 
2020-10-29T15:50:16.178+0000: [CMS-concurrent-reset-start]
2020-10-29T15:50:16.181+0000: [CMS-concurrent-reset: 0.002/0.003 secs] [Times: user=0.01 sys=0.00, real=0.00 secs] 
2020-10-29T15:50:16.188+0000: [GC (Allocation Failure) 2020-10-29T15:50:16.188+0000: [ParNew: 16388K->6K(18432K), 0.0017768 secs] 160767K->144385K(259068K), 0.0018154 secs] [Times: user=0.01 sys=0.00, real=0.00 secs] 
2020-10-29T15:50:16.208+0000: [GC (Allocation Failure) 2020-10-29T15:50:16.208+0000: [ParNew: 16390K->4K(18432K), 0.0014969 secs] 160769K->144383K(259068K), 0.0015393 secs] [Times: user=0.00 sys=0.00, real=0.00 secs] 
2020-10-29T15:50:16.228+0000: [GC (Allocation Failure) 2020-10-29T15:50:16.228+0000: [ParNew: 16388K->4K(18432K), 0.0014459 secs] 160767K->144383K(259068K), 0.0014880 secs] [Times: user=0.00 sys=0.00, real=0.00 secs] 
2020-10-29T15:50:16.247+0000: [GC (Allocation Failure) 2020-10-29T15:50:16.247+0000: [ParNew: 16388K->6K(18432K), 0.0014283 secs] 160767K->144385K(259068K), 0.0014662 secs] [Times: user=0.00 sys=0.00, real=0.00 secs] 
2020-10-29T15:50:16.268+0000: [GC (Allocation Failure) 2020-10-29T15:50:16.268+0000: [ParNew: 16390K->4K(18432K), 0.0014399 secs] 160769K->144383K(259068K), 0.0014806 secs] [Times: user=0.01 sys=0.00, real=0.00 secs] 
2020-10-29T15:50:16.288+0000: [GC (Allocation Failure) 2020-10-29T15:50:16.288+0000: [ParNew: 16388K->4K(18432K), 0.0015717 secs] 160767K->144385K(259068K), 0.0016153 secs] [Times: user=0.00 sys=0.00, real=0.00 secs] 
2020-10-29T15:50:16.307+0000: [GC (Allocation Failure) 2020-10-29T15:50:16.307+0000: [ParNew: 16388K->4K(18432K), 0.0013547 secs] 160769K->144385K(259068K), 0.0014070 secs] [Times: user=0.00 sys=0.00, real=0.00 secs] 
2020-10-29T15:50:16.321+0000: [GC (Allocation Failure) 2020-10-29T15:50:16.321+0000: [ParNew: 11466K->4K(18432K), 0.0013240 secs] 155847K->144385K(259068K), 0.0013606 secs] [Times: user=0.01 sys=0.00, real=0.01 secs] 
2020-10-29T15:50:16.332+0000: [GC (Allocation Failure) 2020-10-29T15:50:16.332+0000: [ParNew: 16388K->4K(18432K), 0.0067705 secs] 160769K->152577K(259068K), 0.0068095 secs] [Times: user=0.00 sys=0.01, real=0.00 secs] 
2020-10-29T15:50:16.341+0000: [GC (CMS Initial Mark) [1 CMS-initial-mark: 152573K(240636K)] 152902K(259068K), 0.0011425 secs] [Times: user=0.01 sys=0.00, real=0.00 secs] 
2020-10-29T15:50:16.342+0000: [CMS-concurrent-mark-start]
2020-10-29T15:50:16.371+0000: [GC (Allocation Failure) 2020-10-29T15:50:16.372+0000: [ParNew: 16388K->8K(18432K), 0.0015018 secs] 168961K->152581K(259068K), 0.0015537 secs] [Times: user=0.01 sys=0.00, real=0.00 secs] 
2020-10-29T15:50:16.387+0000: [CMS-concurrent-mark: 0.043/0.045 secs] [Times: user=0.08 sys=0.00, real=0.05 secs] 
2020-10-29T15:50:16.387+0000: [CMS-concurrent-preclean-start]
2020-10-29T15:50:16.388+0000: [CMS-concurrent-preclean: 0.002/0.002 secs] [Times: user=0.01 sys=0.00, real=0.00 secs] 
2020-10-29T15:50:16.388+0000: [CMS-concurrent-abortable-preclean-start]
2020-10-29T15:50:16.399+0000: [GC (Allocation Failure) 2020-10-29T15:50:16.399+0000: [ParNew: 16392K->6K(18432K), 0.0013252 secs] 168965K->152579K(259068K), 0.0013666 secs] [Times: user=0.00 sys=0.00, real=0.00 secs] 
2020-10-29T15:50:16.418+0000: [GC (Allocation Failure) 2020-10-29T15:50:16.418+0000: [ParNew: 16390K->6K(18432K), 0.0013462 secs] 168963K->152580K(259068K), 0.0013933 secs] [Times: user=0.01 sys=0.00, real=0.00 secs] 
2020-10-29T15:50:16.437+0000: [GC (Allocation Failure) 2020-10-29T15:50:16.437+0000: [ParNew: 16390K->6K(18432K), 0.0012764 secs] 168964K->152580K(259068K), 0.0013313 secs] [Times: user=0.01 sys=0.00, real=0.00 secs] 
2020-10-29T15:50:16.456+0000: [GC (Allocation Failure) 2020-10-29T15:50:16.456+0000: [ParNew: 16390K->6K(18432K), 0.0013672 secs] 168964K->152580K(259068K), 0.0014140 secs] [Times: user=0.00 sys=0.00, real=0.00 secs] 
2020-10-29T15:50:16.475+0000: [GC (Allocation Failure) 2020-10-29T15:50:16.475+0000: [ParNew: 16390K->7K(18432K), 0.0013574 secs] 168964K->152580K(259068K), 0.0014050 secs] [Times: user=0.00 sys=0.00, real=0.00 secs] 
2020-10-29T15:50:16.499+0000: [GC (Allocation Failure) 2020-10-29T15:50:16.499+0000: [ParNew: 16391K->4K(18432K), 0.0014988 secs] 168964K->152581K(259068K), 0.0015563 secs] [Times: user=0.01 sys=0.00, real=0.00 secs] 
2020-10-29T15:50:16.518+0000: [GC (Allocation Failure) 2020-10-29T15:50:16.518+0000: [ParNew: 16388K->4K(18432K), 0.0013067 secs] 168965K->152581K(259068K), 0.0013518 secs] [Times: user=0.01 sys=0.00, real=0.00 secs] 
2020-10-29T15:50:16.537+0000: [GC (Allocation Failure) 2020-10-29T15:50:16.538+0000: [ParNew: 16388K->4K(18432K), 0.0014276 secs] 168965K->152581K(259068K), 0.0014753 secs] [Times: user=0.00 sys=0.00, real=0.00 secs] 
2020-10-29T15:50:16.557+0000: [GC (Allocation Failure) 2020-10-29T15:50:16.557+0000: [ParNew: 16388K->4K(18432K), 0.0014337 secs] 168965K->152581K(259068K), 0.0014813 secs] [Times: user=0.00 sys=0.00, real=0.00 secs] 
2020-10-29T15:50:16.576+0000: [GC (Allocation Failure) 2020-10-29T15:50:16.576+0000: [ParNew: 16388K->4K(18432K), 0.0014165 secs] 168965K->152581K(259068K), 0.0014669 secs] [Times: user=0.01 sys=0.00, real=0.00 secs] 
2020-10-29T15:50:16.595+0000: [GC (Allocation Failure) 2020-10-29T15:50:16.595+0000: [ParNew: 16388K->4K(18432K), 0.0014319 secs] 168965K->152581K(259068K), 0.0014796 secs] [Times: user=0.00 sys=0.00, real=0.00 secs] 
2020-10-29T15:50:16.614+0000: [GC (Allocation Failure) 2020-10-29T15:50:16.614+0000: [ParNew: 16388K->4K(18432K), 0.0014271 secs] 168965K->152581K(259068K), 0.0014745 secs] [Times: user=0.00 sys=0.00, real=0.00 secs] 
2020-10-29T15:50:16.626+0000: [GC (Allocation Failure) 2020-10-29T15:50:16.626+0000: [ParNew: 16388K->4K(18432K), 0.0068379 secs] 168965K->160773K(259068K), 0.0068828 secs] [Times: user=0.01 sys=0.00, real=0.01 secs] 
2020-10-29T15:50:16.651+0000: [GC (Allocation Failure) 2020-10-29T15:50:16.651+0000: [ParNew: 16388K->4K(18432K), 0.0015669 secs] 177157K->160773K(259068K), 0.0016179 secs] [Times: user=0.00 sys=0.00, real=0.00 secs] 
2020-10-29T15:50:16.676+0000: [GC (Allocation Failure) 2020-10-29T15:50:16.676+0000: [ParNew: 16388K->4K(18432K), 0.0015520 secs] 177157K->160773K(259068K), 0.0016008 secs] [Times: user=0.00 sys=0.00, real=0.00 secs] 
2020-10-29T15:50:16.696+0000: [GC (Allocation Failure) 2020-10-29T15:50:16.696+0000: [ParNew: 16388K->4K(18432K), 0.0014325 secs] 177157K->160773K(259068K), 0.0014797 secs] [Times: user=0.01 sys=0.00, real=0.00 secs] 
2020-10-29T15:50:16.716+0000: [GC (Allocation Failure) 2020-10-29T15:50:16.716+0000: [ParNew: 16388K->4K(18432K), 0.0013897 secs] 177157K->160773K(259068K), 0.0014372 secs] [Times: user=0.00 sys=0.00, real=0.00 secs] 
2020-10-29T15:50:16.740+0000: [GC (Allocation Failure) 2020-10-29T15:50:16.740+0000: [ParNew: 16388K->4K(18432K), 0.0013988 secs] 177157K->160773K(259068K), 0.0014470 secs] [Times: user=0.01 sys=0.00, real=0.00 secs] 
2020-10-29T15:50:16.759+0000: [GC (Allocation Failure) 2020-10-29T15:50:16.759+0000: [ParNew: 16388K->4K(18432K), 0.0014190 secs] 177157K->160773K(259068K), 0.0014678 secs] [Times: user=0.00 sys=0.00, real=0.00 secs] 
2020-10-29T15:50:16.778+0000: [GC (Allocation Failure) 2020-10-29T15:50:16.778+0000: [ParNew: 16388K->4K(18432K), 0.0014000 secs] 177157K->160773K(259068K), 0.0014461 secs] [Times: user=0.00 sys=0.00, real=0.00 secs] 
2020-10-29T15:50:16.797+0000: [GC (Allocation Failure) 2020-10-29T15:50:16.797+0000: [ParNew: 16388K->4K(18432K), 0.0013663 secs] 177157K->160773K(259068K), 0.0014130 secs] [Times: user=0.01 sys=0.00, real=0.00 secs] 
2020-10-29T15:50:16.823+0000: [GC (Allocation Failure) 2020-10-29T15:50:16.823+0000: [ParNew: 16388K->4K(18432K), 0.0015146 secs] 177157K->160773K(259068K), 0.0015796 secs] [Times: user=0.00 sys=0.00, real=0.00 secs] 
2020-10-29T15:50:16.856+0000: [GC (Allocation Failure) 2020-10-29T15:50:16.856+0000: [ParNew: 16388K->4K(18432K), 0.0016429 secs] 177157K->160773K(259068K), 0.0017133 secs] [Times: user=0.01 sys=0.00, real=0.00 secs] 
2020-10-29T15:50:16.882+0000: [GC (Allocation Failure) 2020-10-29T15:50:16.882+0000: [ParNew: 16388K->4K(18432K), 0.0016596 secs] 177157K->160773K(259068K), 0.0017173 secs] [Times: user=0.00 sys=0.00, real=0.01 secs] 
2020-10-29T15:50:16.911+0000: [GC (Allocation Failure) 2020-10-29T15:50:16.911+0000: [ParNew: 16388K->4K(18432K), 0.0016524 secs] 193541K->177157K(259068K), 0.0017044 secs] [Times: user=0.00 sys=0.00, real=0.00 secs] 
2020-10-29T15:50:16.930+0000: [GC (Allocation Failure) 2020-10-29T15:50:16.930+0000: [ParNew: 16388K->4K(18432K), 0.0016017 secs] 193541K->177157K(259068K), 0.0016495 secs] [Times: user=0.00 sys=0.00, real=0.01 secs] 
2020-10-29T15:50:16.951+0000: [GC (Allocation Failure) 2020-10-29T15:50:16.951+0000: [ParNew: 16388K->4K(18432K), 0.0014735 secs] 193541K->177157K(259068K), 0.0015311 secs] [Times: user=0.00 sys=0.00, real=0.00 secs] 
2020-10-29T15:50:16.970+0000: [GC (Allocation Failure) 2020-10-29T15:50:16.970+0000: [ParNew: 16388K->4K(18432K), 0.0014788 secs] 193541K->177157K(259068K), 0.0015257 secs] [Times: user=0.01 sys=0.00, real=0.00 secs] 
2020-10-29T15:50:16.991+0000: [GC (Allocation Failure) 2020-10-29T15:50:16.991+0000: [ParNew: 16388K->4K(18432K), 0.0016470 secs] 193541K->177157K(259068K), 0.0016999 secs] [Times: user=0.00 sys=0.00, real=0.00 secs] 
2020-10-29T15:50:17.010+0000: [GC (Allocation Failure) 2020-10-29T15:50:17.010+0000: [ParNew: 16388K->4K(18432K), 0.0016760 secs] 193541K->177157K(259068K), 0.0017517 secs] [Times: user=0.00 sys=0.00, real=0.01 secs] 
2020-10-29T15:50:17.029+0000: [GC (Allocation Failure) 2020-10-29T15:50:17.029+0000: [ParNew: 16388K->4K(18432K), 0.0012305 secs] 193541K->177157K(259068K), 0.0012702 secs] [Times: user=0.00 sys=0.00, real=0.01 secs] 
2020-10-29T15:50:17.051+0000: [GC (Allocation Failure) 2020-10-29T15:50:17.051+0000: [ParNew: 16388K->4K(18432K), 0.0015858 secs] 193541K->177157K(259068K), 0.0016371 secs] [Times: user=0.00 sys=0.00, real=0.00 secs] 
2020-10-29T15:50:17.070+0000: [GC (Allocation Failure) 2020-10-29T15:50:17.070+0000: [ParNew: 16388K->4K(18432K), 0.0015640 secs] 193541K->177157K(259068K), 0.0016144 secs] [Times: user=0.00 sys=0.00, real=0.01 secs] 
2020-10-29T15:50:17.089+0000: [GC (Allocation Failure) 2020-10-29T15:50:17.089+0000: [ParNew: 16388K->4K(18432K), 0.0016439 secs] 193541K->177157K(259068K), 0.0017069 secs] [Times: user=0.00 sys=0.00, real=0.01 secs] 
2020-10-29T15:50:17.108+0000: [GC (Allocation Failure) 2020-10-29T15:50:17.108+0000: [ParNew: 16388K->4K(18432K), 0.0013704 secs] 193541K->177157K(259068K), 0.0014133 secs] [Times: user=0.01 sys=0.00, real=0.00 secs] 
2020-10-29T15:50:17.127+0000: [GC (Allocation Failure) 2020-10-29T15:50:17.127+0000: [ParNew: 16388K->4K(18432K), 0.0011883 secs] 193541K->177157K(259068K), 0.0012330 secs] [Times: user=0.01 sys=0.00, real=0.00 secs] 
2020-10-29T15:50:17.146+0000: [GC (Allocation Failure) 2020-10-29T15:50:17.146+0000: [ParNew: 16388K->4K(18432K), 0.0013973 secs] 193541K->177157K(259068K), 0.0014457 secs] [Times: user=0.00 sys=0.00, real=0.00 secs] 
2020-10-29T15:50:17.165+0000: [GC (Allocation Failure) 2020-10-29T15:50:17.165+0000: [ParNew: 16388K->4K(18432K), 0.0015581 secs] 193541K->177157K(259068K), 0.0016085 secs] [Times: user=0.00 sys=0.00, real=0.00 secs] 
2020-10-29T15:50:17.184+0000: [GC (Allocation Failure) 2020-10-29T15:50:17.184+0000: [ParNew: 16388K->4K(18432K), 0.0015859 secs] 193541K->177157K(259068K), 0.0016361 secs] [Times: user=0.00 sys=0.00, real=0.00 secs] 
2020-10-29T15:50:17.204+0000: [GC (Allocation Failure) 2020-10-29T15:50:17.204+0000: [ParNew: 16388K->4K(18432K), 0.0012895 secs] 193541K->177157K(259068K), 0.0013427 secs] [Times: user=0.00 sys=0.00, real=0.00 secs] 
2020-10-29T15:50:17.218+0000: [GC (Allocation Failure) 2020-10-29T15:50:17.218+0000: [ParNew: 12127K->4K(18432K), 0.0010261 secs] 189281K->177157K(259068K), 0.0010765 secs] [Times: user=0.00 sys=0.00, real=0.00 secs] 
2020-10-29T15:50:17.228+0000: [GC (Allocation Failure) 2020-10-29T15:50:17.228+0000: [ParNew: 16388K->4K(18432K), 0.0068608 secs] 193541K->185349K(259068K), 0.0069004 secs] [Times: user=0.01 sys=0.00, real=0.01 secs] 
2020-10-29T15:50:17.235+0000: [CMS-concurrent-abortable-preclean: 0.035/0.847 secs] [Times: user=1.02 sys=0.04, real=0.85 secs] 
2020-10-29T15:50:17.238+0000: [GC (CMS Final Remark) [YG occupancy: 329 K (18432 K)]2020-10-29T15:50:17.238+0000: [Rescan (parallel) , 0.0011337 secs]2020-10-29T15:50:17.239+0000: [weak refs processing, 0.0000275 secs]2020-10-29T15:50:17.239+0000: [class unloading, 0.0074365 secs]2020-10-29T15:50:17.247+0000: [scrub symbol table, 0.0091405 secs]2020-10-29T15:50:17.256+0000: [scrub string table, 0.0005843 secs][1 CMS-remark: 185345K(240636K)] 185675K(259068K), 0.0184367 secs] [Times: user=0.02 sys=0.00, real=0.02 secs] 
2020-10-29T15:50:17.257+0000: [CMS-concurrent-sweep-start]
2020-10-29T15:50:17.270+0000: [CMS-concurrent-sweep: 0.011/0.013 secs] [Times: user=0.03 sys=0.00, real=0.02 secs] 
2020-10-29T15:50:17.271+0000: [CMS-concurrent-reset-start]
2020-10-29T15:50:17.272+0000: [CMS-concurrent-reset: 0.002/0.002 secs] [Times: user=0.00 sys=0.00, real=0.00 secs] 
2020-10-29T15:50:17.280+0000: [GC (Allocation Failure) 2020-10-29T15:50:17.280+0000: [ParNew: 16388K->4K(18432K), 0.0018485 secs] 194197K->177813K(314784K), 0.0018907 secs] [Times: user=0.00 sys=0.00, real=0.00 secs] 
2020-10-29T15:50:17.301+0000: [GC (Allocation Failure) 2020-10-29T15:50:17.301+0000: [ParNew: 16388K->6K(18432K), 0.0044212 secs] 194197K->177815K(314784K), 0.0044722 secs] [Times: user=0.00 sys=0.00, real=0.01 secs] 
2020-10-29T15:50:17.328+0000: [GC (Allocation Failure) 2020-10-29T15:50:17.328+0000: [ParNew: 16390K->10K(18432K), 0.0017379 secs] 194199K->177819K(314784K), 0.0017973 secs] [Times: user=0.01 sys=0.00, real=0.01 secs] 
2020-10-29T15:50:17.347+0000: [GC (Allocation Failure) 2020-10-29T15:50:17.347+0000: [ParNew: 16394K->11K(18432K), 0.0017849 secs] 194203K->177821K(314784K), 0.0018368 secs] [Times: user=0.01 sys=0.00, real=0.00 secs] 
2020-10-29T15:50:17.366+0000: [GC (Allocation Failure) 2020-10-29T15:50:17.366+0000: [ParNew: 16395K->10K(18432K), 0.0018118 secs] 194205K->177819K(314784K), 0.0018739 secs] [Times: user=0.00 sys=0.01, real=0.00 secs] 
2020-10-29T15:50:17.385+0000: [GC (Allocation Failure) 2020-10-29T15:50:17.385+0000: [ParNew: 16394K->10K(18432K), 0.0016012 secs] 194203K->177820K(314784K), 0.0016402 secs] [Times: user=0.00 sys=0.00, real=0.00 secs] 
2020-10-29T15:50:17.404+0000: [GC (Allocation Failure) 2020-10-29T15:50:17.404+0000: [ParNew: 16394K->10K(18432K), 0.0017030 secs] 194204K->177820K(314784K), 0.0017475 secs] [Times: user=0.00 sys=0.00, real=0.00 secs] 
2020-10-29T15:50:17.422+0000: [GC (Allocation Failure) 2020-10-29T15:50:17.422+0000: [ParNew: 16394K->10K(18432K), 0.0015024 secs] 194204K->177821K(314784K), 0.0015433 secs] [Times: user=0.00 sys=0.00, real=0.00 secs] 
2020-10-29T15:50:17.441+0000: [GC (Allocation Failure) 2020-10-29T15:50:17.441+0000: [ParNew: 16394K->4K(18432K), 0.0016703 secs] 194205K->177819K(314784K), 0.0017128 secs] [Times: user=0.00 sys=0.00, real=0.01 secs] 
2020-10-29T15:50:17.459+0000: [GC (Allocation Failure) 2020-10-29T15:50:17.459+0000: [ParNew: 16388K->4K(18432K), 0.0018053 secs] 194203K->177819K(314784K), 0.0018573 secs] [Times: user=0.00 sys=0.00, real=0.00 secs] 
2020-10-29T15:50:17.478+0000: [GC (Allocation Failure) 2020-10-29T15:50:17.478+0000: [ParNew: 16388K->4K(18432K), 0.0016633 secs] 194203K->177819K(314784K), 0.0017123 secs] [Times: user=0.00 sys=0.00, real=0.00 secs] 
2020-10-29T15:50:17.497+0000: [GC (Allocation Failure) 2020-10-29T15:50:17.497+0000: [ParNew: 16388K->4K(18432K), 0.0016026 secs] 194203K->177819K(314784K), 0.0016440 secs] [Times: user=0.00 sys=0.00, real=0.00 secs] 
2020-10-29T15:50:17.516+0000: [GC (Allocation Failure) 2020-10-29T15:50:17.516+0000: [ParNew: 16388K->4K(18432K), 0.0015582 secs] 194203K->177819K(314784K), 0.0016010 secs] [Times: user=0.00 sys=0.00, real=0.00 secs] 
2020-10-29T15:50:17.528+0000: [GC (Allocation Failure) 2020-10-29T15:50:17.528+0000: [ParNew: 10489K->4K(18432K), 0.0014392 secs] 188305K->177819K(314784K), 0.0014730 secs] [Times: user=0.00 sys=0.00, real=0.00 secs] 
2020-10-29T15:50:17.539+0000: [GC (Allocation Failure) 2020-10-29T15:50:17.539+0000: [ParNew: 16388K->4K(18432K), 0.0070605 secs] 194203K->186011K(314784K), 0.0071036 secs] [Times: user=0.01 sys=0.00, real=0.01 secs] 
2020-10-29T15:50:17.549+0000: [GC (CMS Initial Mark) [1 CMS-initial-mark: 186007K(296352K)] 186337K(314784K), 0.0013737 secs] [Times: user=0.00 sys=0.00, real=0.01 secs] 
2020-10-29T15:50:17.551+0000: [CMS-concurrent-mark-start]
2020-10-29T15:50:17.579+0000: [GC (Allocation Failure) 2020-10-29T15:50:17.579+0000: [ParNew: 16388K->4K(18432K), 0.0015991 secs] 202395K->186011K(314784K), 0.0016495 secs] [Times: user=0.00 sys=0.00, real=0.00 secs] 
2020-10-29T15:50:17.595+0000: [CMS-concurrent-mark: 0.043/0.044 secs] [Times: user=0.08 sys=0.00, real=0.04 secs] 
2020-10-29T15:50:17.595+0000: [CMS-concurrent-preclean-start]
2020-10-29T15:50:17.597+0000: [CMS-concurrent-preclean: 0.002/0.002 secs] [Times: user=0.01 sys=0.00, real=0.00 secs] 
2020-10-29T15:50:17.597+0000: [CMS-concurrent-abortable-preclean-start]
2020-10-29T15:50:17.605+0000: [GC (Allocation Failure) 2020-10-29T15:50:17.605+0000: [ParNew: 16388K->4K(18432K), 0.0013220 secs] 202395K->186011K(314784K), 0.0013810 secs] [Times: user=0.00 sys=0.00, real=0.00 secs] 
2020-10-29T15:50:17.624+0000: [GC (Allocation Failure) 2020-10-29T15:50:17.624+0000: [ParNew: 16388K->4K(18432K), 0.0012239 secs] 202395K->186011K(314784K), 0.0012635 secs] [Times: user=0.00 sys=0.00, real=0.00 secs] 
2020-10-29T15:50:17.642+0000: [GC (Allocation Failure) 2020-10-29T15:50:17.642+0000: [ParNew: 16388K->4K(18432K), 0.0012358 secs] 202395K->186011K(314784K), 0.0012741 secs] [Times: user=0.00 sys=0.00, real=0.01 secs] 
2020-10-29T15:50:17.661+0000: [GC (Allocation Failure) 2020-10-29T15:50:17.661+0000: [ParNew: 16388K->4K(18432K), 0.0012532 secs] 202395K->186011K(314784K), 0.0012929 secs] [Times: user=0.00 sys=0.00, real=0.00 secs] 
2020-10-29T15:50:17.679+0000: [GC (Allocation Failure) 2020-10-29T15:50:17.679+0000: [ParNew: 16388K->4K(18432K), 0.0012380 secs] 202395K->186011K(314784K), 0.0012816 secs] [Times: user=0.00 sys=0.00, real=0.00 secs] 
2020-10-29T15:50:17.698+0000: [GC (Allocation Failure) 2020-10-29T15:50:17.698+0000: [ParNew: 16388K->4K(18432K), 0.0014065 secs] 202395K->186011K(314784K), 0.0014515 secs] [Times: user=0.00 sys=0.00, real=0.00 secs] 
2020-10-29T15:50:17.717+0000: [GC (Allocation Failure) 2020-10-29T15:50:17.717+0000: [ParNew: 16388K->4K(18432K), 0.0014342 secs] 202395K->186011K(314784K), 0.0014791 secs] [Times: user=0.00 sys=0.00, real=0.00 secs] 
2020-10-29T15:50:17.736+0000: [GC (Allocation Failure) 2020-10-29T15:50:17.736+0000: [ParNew: 16388K->4K(18432K), 0.0013980 secs] 202395K->186011K(314784K), 0.0014430 secs] [Times: user=0.00 sys=0.00, real=0.00 secs] 
2020-10-29T15:50:17.756+0000: [GC (Allocation Failure) 2020-10-29T15:50:17.756+0000: [ParNew: 16388K->4K(18432K), 0.0013345 secs] 202395K->186011K(314784K), 0.0013825 secs] [Times: user=0.01 sys=0.00, real=0.00 secs] 
2020-10-29T15:50:17.757+0000: [CMS-concurrent-abortable-preclean: 0.009/0.160 secs] [Times: user=0.18 sys=0.00, real=0.16 secs] 
2020-10-29T15:50:17.758+0000: [GC (CMS Final Remark) [YG occupancy: 329 K (18432 K)]2020-10-29T15:50:17.758+0000: [Rescan (parallel) , 0.0009301 secs]2020-10-29T15:50:17.759+0000: [weak refs processing, 0.0000253 secs]2020-10-29T15:50:17.759+0000: [class unloading, 0.0073495 secs]2020-10-29T15:50:17.767+0000: [scrub symbol table, 0.0090106 secs]2020-10-29T15:50:17.776+0000: [scrub string table, 0.0005282 secs][1 CMS-remark: 186007K(296352K)] 186337K(314784K), 0.0179364 secs] [Times: user=0.01 sys=0.01, real=0.02 secs] 
2020-10-29T15:50:17.778+0000: [CMS-concurrent-sweep-start]
2020-10-29T15:50:17.789+0000: [CMS-concurrent-sweep: 0.011/0.011 secs] [Times: user=0.02 sys=0.00, real=0.01 secs] 
2020-10-29T15:50:17.789+0000: [CMS-concurrent-reset-start]
2020-10-29T15:50:17.791+0000: [CMS-concurrent-reset: 0.002/0.002 secs] [Times: user=0.01 sys=0.00, real=0.01 secs] 
2020-10-29T15:50:17.799+0000: [GC (Allocation Failure) 2020-10-29T15:50:17.799+0000: [ParNew: 16388K->4K(18432K), 0.0018152 secs] 202395K->186011K(328444K), 0.0018544 secs] [Times: user=0.00 sys=0.00, real=0.00 secs] 
2020-10-29T15:50:17.818+0000: [GC (Allocation Failure) 2020-10-29T15:50:17.818+0000: [ParNew: 16388K->4K(18432K), 0.0016861 secs] 202395K->186011K(328444K), 0.0017304 secs] [Times: user=0.00 sys=0.00, real=0.00 secs] 
2020-10-29T15:50:17.836+0000: [GC (Allocation Failure) 2020-10-29T15:50:17.837+0000: [ParNew: 16388K->4K(18432K), 0.0017272 secs] 202395K->186011K(328444K), 0.0017704 secs] [Times: user=0.00 sys=0.00, real=0.00 secs] 
2020-10-29T15:50:17.850+0000: [GC (Allocation Failure) 2020-10-29T15:50:17.850+0000: [ParNew: 11123K->4K(18432K), 0.0016481 secs] 197130K->186011K(328444K), 0.0016903 secs] [Times: user=0.00 sys=0.00, real=0.01 secs] 
2020-10-29T15:50:17.861+0000: [GC (Allocation Failure) 2020-10-29T15:50:17.861+0000: [ParNew: 16388K->4K(18432K), 0.0072133 secs] 202395K->194203K(328444K), 0.0072753 secs] [Times: user=0.02 sys=0.00, real=0.01 secs] 
2020-10-29T15:50:17.870+0000: [GC (CMS Initial Mark) [1 CMS-initial-mark: 194199K(310012K)] 194528K(328444K), 0.0011504 secs] [Times: user=0.00 sys=0.00, real=0.00 secs] 
2020-10-29T15:50:17.871+0000: [CMS-concurrent-mark-start]
2020-10-29T15:50:17.899+0000: [GC (Allocation Failure) 2020-10-29T15:50:17.899+0000: [ParNew: 16388K->4K(18432K), 0.0016672 secs] 210587K->194203K(328444K), 0.0017189 secs] [Times: user=0.00 sys=0.00, real=0.00 secs] 
2020-10-29T15:50:17.918+0000: [CMS-concurrent-mark: 0.045/0.046 secs] [Times: user=0.09 sys=0.00, real=0.04 secs] 
2020-10-29T15:50:17.918+0000: [CMS-concurrent-preclean-start]
2020-10-29T15:50:17.920+0000: [CMS-concurrent-preclean: 0.002/0.002 secs] [Times: user=0.01 sys=0.00, real=0.00 secs] 
2020-10-29T15:50:17.920+0000: [CMS-concurrent-abortable-preclean-start]
2020-10-29T15:50:17.925+0000: [GC (Allocation Failure) 2020-10-29T15:50:17.925+0000: [ParNew: 16388K->4K(18432K), 0.0014106 secs] 210587K->194203K(328444K), 0.0014484 secs] [Times: user=0.01 sys=0.00, real=0.00 secs] 
2020-10-29T15:50:17.944+0000: [GC (Allocation Failure) 2020-10-29T15:50:17.944+0000: [ParNew: 16388K->4K(18432K), 0.0014308 secs] 210587K->194203K(328444K), 0.0014761 secs] [Times: user=0.01 sys=0.00, real=0.00 secs] 
2020-10-29T15:50:17.963+0000: [GC (Allocation Failure) 2020-10-29T15:50:17.963+0000: [ParNew: 16388K->4K(18432K), 0.0013817 secs] 210587K->194203K(328444K), 0.0014242 secs] [Times: user=0.00 sys=0.00, real=0.00 secs] 
2020-10-29T15:50:17.981+0000: [GC (Allocation Failure) 2020-10-29T15:50:17.981+0000: [ParNew: 16388K->4K(18432K), 0.0014016 secs] 210587K->194203K(328444K), 0.0014431 secs] [Times: user=0.00 sys=0.00, real=0.01 secs] 
2020-10-29T15:50:18.000+0000: [GC (Allocation Failure) 2020-10-29T15:50:18.000+0000: [ParNew: 16388K->4K(18432K), 0.0013683 secs] 210587K->194203K(328444K), 0.0014155 secs] [Times: user=0.00 sys=0.00, real=0.00 secs] 
2020-10-29T15:50:18.019+0000: [GC (Allocation Failure) 2020-10-29T15:50:18.019+0000: [ParNew: 16388K->4K(18432K), 0.0014992 secs] 210587K->194203K(328444K), 0.0015465 secs] [Times: user=0.00 sys=0.00, real=0.00 secs] 
2020-10-29T15:50:18.047+0000: [GC (Allocation Failure) 2020-10-29T15:50:18.047+0000: [ParNew: 16388K->4K(18432K), 0.0014793 secs] 210587K->194203K(328444K), 0.0015396 secs] [Times: user=0.00 sys=0.00, real=0.00 secs] 
2020-10-29T15:50:18.068+0000: [GC (Allocation Failure) 2020-10-29T15:50:18.068+0000: [ParNew: 16388K->4K(18432K), 0.0013457 secs] 210587K->194203K(328444K), 0.0013882 secs] [Times: user=0.01 sys=0.00, real=0.00 secs] 
2020-10-29T15:50:18.088+0000: [GC (Allocation Failure) 2020-10-29T15:50:18.088+0000: [ParNew: 16388K->4K(18432K), 0.0012866 secs] 210587K->194203K(328444K), 0.0013354 secs] [Times: user=0.00 sys=0.00, real=0.00 secs] 
2020-10-29T15:50:18.106+0000: [GC (Allocation Failure) 2020-10-29T15:50:18.106+0000: [ParNew: 16388K->4K(18432K), 0.0012657 secs] 210587K->194203K(328444K), 0.0013053 secs] [Times: user=0.00 sys=0.00, real=0.00 secs] 
2020-10-29T15:50:18.125+0000: [GC (Allocation Failure) 2020-10-29T15:50:18.125+0000: [ParNew: 16388K->4K(18432K), 0.0013330 secs] 210587K->194203K(328444K), 0.0013749 secs] [Times: user=0.00 sys=0.00, real=0.00 secs] 
2020-10-29T15:50:18.144+0000: [GC (Allocation Failure) 2020-10-29T15:50:18.144+0000: [ParNew: 16388K->4K(18432K), 0.0012858 secs] 210587K->194203K(328444K), 0.0013264 secs] [Times: user=0.00 sys=0.00, real=0.00 secs] 
2020-10-29T15:50:18.159+0000: [GC (Allocation Failure) 2020-10-29T15:50:18.159+0000: [ParNew: 13454K->4K(18432K), 0.0012024 secs] 207654K->194203K(328444K), 0.0012421 secs] [Times: user=0.00 sys=0.00, real=0.00 secs] 
2020-10-29T15:50:18.171+0000: [GC (Allocation Failure) 2020-10-29T15:50:18.171+0000: [ParNew: 16388K->4K(18432K), 0.0070180 secs] 210587K->202395K(328444K), 0.0070744 secs] [Times: user=0.01 sys=0.00, real=0.00 secs] 
2020-10-29T15:50:18.178+0000: [CMS-concurrent-abortable-preclean: 0.013/0.258 secs] [Times: user=0.31 sys=0.01, real=0.26 secs] 
2020-10-29T15:50:18.179+0000: [GC (CMS Final Remark) [YG occupancy: 329 K (18432 K)]2020-10-29T15:50:18.179+0000: [Rescan (parallel) , 0.0011442 secs]2020-10-29T15:50:18.180+0000: [weak refs processing, 0.0000293 secs]2020-10-29T15:50:18.180+0000: [class unloading, 0.0074393 secs]2020-10-29T15:50:18.187+0000: [scrub symbol table, 0.0091327 secs]2020-10-29T15:50:18.196+0000: [scrub string table, 0.0005664 secs][1 CMS-remark: 202391K(310012K)] 202721K(328444K), 0.0184138 secs] [Times: user=0.02 sys=0.00, real=0.02 secs] 
2020-10-29T15:50:18.197+0000: [CMS-concurrent-sweep-start]
2020-10-29T15:50:18.209+0000: [CMS-concurrent-sweep: 0.011/0.011 secs] [Times: user=0.02 sys=0.00, real=0.01 secs] 
2020-10-29T15:50:18.209+0000: [CMS-concurrent-reset-start]
2020-10-29T15:50:18.211+0000: [CMS-concurrent-reset: 0.002/0.002 secs] [Times: user=0.00 sys=0.01, real=0.01 secs] 
2020-10-29T15:50:18.220+0000: [GC (Allocation Failure) 2020-10-29T15:50:18.220+0000: [ParNew: 16388K->4K(18432K), 0.0018527 secs] 218746K->202362K(355696K), 0.0018910 secs] [Times: user=0.00 sys=0.00, real=0.00 secs] 
2020-10-29T15:50:18.240+0000: [GC (Allocation Failure) 2020-10-29T15:50:18.240+0000: [ParNew: 16388K->4K(18432K), 0.0016703 secs] 218746K->202362K(355696K), 0.0017124 secs] [Times: user=0.00 sys=0.00, real=0.00 secs] 
2020-10-29T15:50:18.261+0000: [GC (Allocation Failure) 2020-10-29T15:50:18.261+0000: [ParNew: 16388K->4K(18432K), 0.0020514 secs] 218746K->202362K(355696K), 0.0021077 secs] [Times: user=0.00 sys=0.00, real=0.01 secs] 
2020-10-29T15:50:18.293+0000: [GC (Allocation Failure) 2020-10-29T15:50:18.293+0000: [ParNew: 16388K->4K(18432K), 0.0018064 secs] 218746K->202362K(355696K), 0.0018728 secs] [Times: user=0.01 sys=0.00, real=0.00 secs] 
2020-10-29T15:50:18.315+0000: [GC (Allocation Failure) 2020-10-29T15:50:18.315+0000: [ParNew: 16388K->4K(18432K), 0.0018056 secs] 218746K->202362K(355696K), 0.0018511 secs] [Times: user=0.00 sys=0.00, real=0.00 secs] 
2020-10-29T15:50:18.334+0000: [GC (Allocation Failure) 2020-10-29T15:50:18.334+0000: [ParNew: 16388K->4K(18432K), 0.0016236 secs] 218746K->202362K(355696K), 0.0016642 secs] [Times: user=0.01 sys=0.00, real=0.00 secs] 
2020-10-29T15:50:18.357+0000: [GC (Allocation Failure) 2020-10-29T15:50:18.357+0000: [ParNew: 16388K->4K(18432K), 0.0017923 secs] 218746K->202362K(355696K), 0.0018435 secs] [Times: user=0.00 sys=0.00, real=0.00 secs] 
2020-10-29T15:50:18.375+0000: [GC (Allocation Failure) 2020-10-29T15:50:18.376+0000: [ParNew: 16388K->4K(18432K), 0.0017914 secs] 218746K->202362K(355696K), 0.0018373 secs] [Times: user=0.00 sys=0.00, real=0.00 secs] 
2020-10-29T15:50:18.414+0000: [GC (Allocation Failure) 2020-10-29T15:50:18.414+0000: [ParNew: 16388K->4K(18432K), 0.0018381 secs] 251514K->235130K(355696K), 0.0018913 secs] [Times: user=0.01 sys=0.00, real=0.00 secs] 
2020-10-29T15:50:18.418+0000: [GC (CMS Initial Mark) [1 CMS-initial-mark: 235126K(337264K)] 235458K(355696K), 0.0011105 secs] [Times: user=0.00 sys=0.00, real=0.00 secs] 
2020-10-29T15:50:18.419+0000: [CMS-concurrent-mark-start]
2020-10-29T15:50:18.447+0000: [GC (Allocation Failure) 2020-10-29T15:50:18.447+0000: [ParNew: 16388K->4K(18432K), 0.0017529 secs] 251514K->235131K(355696K), 0.0018085 secs] [Times: user=0.01 sys=0.00, real=0.00 secs] 
2020-10-29T15:50:18.466+0000: [CMS-concurrent-mark: 0.044/0.046 secs] [Times: user=0.09 sys=0.00, real=0.05 secs] 
2020-10-29T15:50:18.466+0000: [CMS-concurrent-preclean-start]
2020-10-29T15:50:18.468+0000: [CMS-concurrent-preclean: 0.002/0.002 secs] [Times: user=0.00 sys=0.00, real=0.00 secs] 
2020-10-29T15:50:18.468+0000: [CMS-concurrent-abortable-preclean-start]
2020-10-29T15:50:18.473+0000: [GC (Allocation Failure) 2020-10-29T15:50:18.473+0000: [ParNew: 16388K->4K(18432K), 0.0014267 secs] 251515K->235131K(355696K), 0.0014639 secs] [Times: user=0.00 sys=0.00, real=0.00 secs] 
2020-10-29T15:50:18.492+0000: [GC (Allocation Failure) 2020-10-29T15:50:18.492+0000: [ParNew: 16388K->4K(18432K), 0.0014736 secs] 251515K->235131K(355696K), 0.0015187 secs] [Times: user=0.00 sys=0.00, real=0.00 secs] 
2020-10-29T15:50:18.510+0000: [GC (Allocation Failure) 2020-10-29T15:50:18.510+0000: [ParNew: 16388K->4K(18432K), 0.0015323 secs] 251515K->235131K(355696K), 0.0015786 secs] [Times: user=0.01 sys=0.00, real=0.00 secs] 
2020-10-29T15:50:18.524+0000: [GC (Allocation Failure) 2020-10-29T15:50:18.524+0000: [ParNew: 11145K->4K(18432K), 0.0016131 secs] 246272K->235131K(355696K), 0.0016608 secs] [Times: user=0.00 sys=0.00, real=0.00 secs] 
2020-10-29T15:50:18.627+0000: [CMS-concurrent-abortable-preclean: 0.006/0.160 secs] [Times: user=0.26 sys=0.00, real=0.16 secs] 
2020-10-29T15:50:18.628+0000: [GC (CMS Final Remark) [YG occupancy: 14685 K (18432 K)]2020-10-29T15:50:18.628+0000: [Rescan (parallel) , 0.0054293 secs]2020-10-29T15:50:18.633+0000: [weak refs processing, 0.0000275 secs]2020-10-29T15:50:18.633+0000: [class unloading, 0.0074613 secs]2020-10-29T15:50:18.641+0000: [scrub symbol table, 0.0090295 secs]2020-10-29T15:50:18.650+0000: [scrub string table, 0.0005746 secs][1 CMS-remark: 235127K(337264K)] 249812K(355696K), 0.0226365 secs] [Times: user=0.03 sys=0.00, real=0.03 secs] 
2020-10-29T15:50:18.650+0000: [CMS-concurrent-sweep-start]
2020-10-29T15:50:18.667+0000: [CMS-concurrent-sweep: 0.016/0.016 secs] [Times: user=0.03 sys=0.00, real=0.01 secs] 
2020-10-29T15:50:18.667+0000: [CMS-concurrent-reset-start]
2020-10-29T15:50:18.668+0000: [CMS-concurrent-reset: 0.002/0.002 secs] [Times: user=0.00 sys=0.00, real=0.00 secs] 
2020-10-29T15:50:18.792+0000: [GC (Allocation Failure) 2020-10-29T15:50:18.792+0000: [ParNew: 16388K->42K(18432K), 0.0080005 secs] 251514K->243360K(410312K), 0.0080766 secs] [Times: user=0.01 sys=0.00, real=0.00 secs] 
2020-10-29T15:50:19.228+0000: [GC (Allocation Failure) 2020-10-29T15:50:19.228+0000: [ParNew: 16426K->193K(18432K), 0.0021956 secs] 259744K->243512K(410312K), 0.0022546 secs] [Times: user=0.01 sys=0.00, real=0.00 secs] 
2020-10-29T15:50:19.400+0000: [GC (Allocation Failure) 2020-10-29T15:50:19.400+0000: [ParNew: 16577K->63K(18432K), 0.0030987 secs] 259896K->243382K(410312K), 0.0031571 secs] [Times: user=0.01 sys=0.00, real=0.01 secs] 
2020-10-29T15:50:19.497+0000: [GC (Allocation Failure) 2020-10-29T15:50:19.497+0000: [ParNew: 16447K->55K(18432K), 0.0031545 secs] 259766K->243373K(410312K), 0.0032134 secs] [Times: user=0.01 sys=0.00, real=0.00 secs] 
2020-10-29T15:50:19.577+0000: [GC (Allocation Failure) 2020-10-29T15:50:19.577+0000: [ParNew: 16439K->83K(18432K), 0.0026255 secs] 259757K->243402K(410312K), 0.0026737 secs] [Times: user=0.00 sys=0.00, real=0.00 secs] 
2020-10-29T15:50:19.645+0000: [GC (Allocation Failure) 2020-10-29T15:50:19.645+0000: [ParNew: 16467K->53K(18432K), 0.0022398 secs] 259786K->243372K(410312K), 0.0022951 secs] [Times: user=0.01 sys=0.00, real=0.00 secs] 
2020-10-29T15:50:19.688+0000: [GC (Allocation Failure) 2020-10-29T15:50:19.688+0000: [ParNew: 16437K->59K(18432K), 0.0022675 secs] 259756K->243382K(410312K), 0.0023195 secs] [Times: user=0.00 sys=0.00, real=0.01 secs] 
2020-10-29T15:50:19.728+0000: [GC (Allocation Failure) 2020-10-29T15:50:19.728+0000: [ParNew: 16443K->19K(18432K), 0.0038794 secs] 259766K->243379K(410312K), 0.0039285 secs] [Times: user=0.00 sys=0.00, real=0.01 secs] 
2020-10-29T15:50:19.773+0000: [GC (Allocation Failure) 2020-10-29T15:50:19.773+0000: [ParNew: 16403K->5K(18432K), 0.0019672 secs] 259763K->243367K(410312K), 0.0020249 secs] [Times: user=0.01 sys=0.00, real=0.00 secs] 
2020-10-29T15:50:19.815+0000: [GC (Allocation Failure) 2020-10-29T15:50:19.815+0000: [ParNew: 16389K->2K(18432K), 0.0019941 secs] 259751K->243364K(410312K), 0.0020557 secs] [Times: user=0.00 sys=0.00, real=0.00 secs] 
2020-10-29T15:50:19.854+0000: [GC (Allocation Failure) 2020-10-29T15:50:19.854+0000: [ParNew: 16386K->2K(18432K), 0.0020256 secs] 259748K->243364K(410312K), 0.0021003 secs] [Times: user=0.00 sys=0.00, real=0.00 secs] 
2020-10-29T15:50:19.894+0000: [GC (Allocation Failure) 2020-10-29T15:50:19.894+0000: [ParNew: 16386K->4K(18432K), 0.0019722 secs] 259748K->243366K(410312K), 0.0020393 secs] [Times: user=0.01 sys=0.00, real=0.00 secs] 
2020-10-29T15:50:19.924+0000: [GC (Allocation Failure) 2020-10-29T15:50:19.924+0000: [ParNew: 16388K->2K(18432K), 0.0019977 secs] 259750K->243364K(410312K), 0.0020515 secs] [Times: user=0.00 sys=0.00, real=0.00 secs] 
2020-10-29T15:50:19.947+0000: [GC (Allocation Failure) 2020-10-29T15:50:19.947+0000: [ParNew: 16386K->2K(18432K), 0.0019512 secs] 259748K->243364K(410312K), 0.0019966 secs] [Times: user=0.01 sys=0.00, real=0.00 secs] 
2020-10-29T15:50:19.970+0000: [GC (Allocation Failure) 2020-10-29T15:50:19.970+0000: [ParNew: 16386K->2K(18432K), 0.0018741 secs] 259748K->243364K(410312K), 0.0019213 secs] [Times: user=0.00 sys=0.00, real=0.01 secs] 
2020-10-29T15:50:19.992+0000: [GC (Allocation Failure) 2020-10-29T15:50:19.992+0000: [ParNew: 16386K->2K(18432K), 0.0018641 secs] 259748K->243364K(410312K), 0.0019181 secs] [Times: user=0.00 sys=0.00, real=0.00 secs] 
2020-10-29T15:50:20.015+0000: [GC (Allocation Failure) 2020-10-29T15:50:20.015+0000: [ParNew: 16386K->2K(18432K), 0.0017426 secs] 259748K->243364K(410312K), 0.0017846 secs] [Times: user=0.01 sys=0.00, real=0.00 secs] 
2020-10-29T15:50:20.038+0000: [GC (Allocation Failure) 2020-10-29T15:50:20.038+0000: [ParNew: 16386K->2K(18432K), 0.0019790 secs] 259748K->243364K(410312K), 0.0020282 secs] [Times: user=0.00 sys=0.00, real=0.00 secs] 
2020-10-29T15:50:20.061+0000: [GC (Allocation Failure) 2020-10-29T15:50:20.061+0000: [ParNew: 16386K->2K(18432K), 0.0018112 secs] 259748K->243364K(410312K), 0.0018545 secs] [Times: user=0.01 sys=0.00, real=0.01 secs] 
2020-10-29T15:50:20.083+0000: [GC (Allocation Failure) 2020-10-29T15:50:20.083+0000: [ParNew: 16386K->2K(18432K), 0.0018966 secs] 259748K->243364K(410312K), 0.0019456 secs] [Times: user=0.00 sys=0.00, real=0.00 secs] 
2020-10-29T15:50:20.106+0000: [GC (Allocation Failure) 2020-10-29T15:50:20.106+0000: [ParNew: 16386K->2K(18432K), 0.0020091 secs] 259748K->243364K(410312K), 0.0020581 secs] [Times: user=0.01 sys=0.00, real=0.00 secs] 
2020-10-29T15:50:20.129+0000: [GC (Allocation Failure) 2020-10-29T15:50:20.129+0000: [ParNew: 16386K->2K(18432K), 0.0019672 secs] 259748K->243364K(410312K), 0.0020145 secs] [Times: user=0.00 sys=0.00, real=0.01 secs] 
2020-10-29T15:50:20.152+0000: [GC (Allocation Failure) 2020-10-29T15:50:20.152+0000: [ParNew: 16386K->2K(18432K), 0.0021362 secs] 259748K->243364K(410312K), 0.0021822 secs] [Times: user=0.01 sys=0.00, real=0.00 secs] 
2020-10-29T15:50:20.175+0000: [GC (Allocation Failure) 2020-10-29T15:50:20.175+0000: [ParNew: 16386K->2K(18432K), 0.0019201 secs] 259748K->243364K(410312K), 0.0019661 secs] [Times: user=0.00 sys=0.00, real=0.00 secs] 
2020-10-29T15:50:20.198+0000: [GC (Allocation Failure) 2020-10-29T15:50:20.198+0000: [ParNew: 16386K->2K(18432K), 0.0018846 secs] 259748K->243364K(410312K), 0.0019255 secs] [Times: user=0.01 sys=0.00, real=0.00 secs] 
2020-10-29T15:50:20.221+0000: [GC (Allocation Failure) 2020-10-29T15:50:20.221+0000: [ParNew: 16386K->2K(18432K), 0.0019706 secs] 259748K->243364K(410312K), 0.0020208 secs] [Times: user=0.00 sys=0.00, real=0.01 secs] 
2020-10-29T15:50:20.244+0000: [GC (Allocation Failure) 2020-10-29T15:50:20.244+0000: [ParNew: 16386K->2K(18432K), 0.0018333 secs] 259748K->243364K(410312K), 0.0018728 secs] [Times: user=0.00 sys=0.00, real=0.00 secs] 
2020-10-29T15:50:20.266+0000: [GC (Allocation Failure) 2020-10-29T15:50:20.266+0000: [ParNew: 16386K->2K(18432K), 0.0017502 secs] 259748K->243364K(410312K), 0.0017901 secs] [Times: user=0.00 sys=0.00, real=0.00 secs] 
2020-10-29T15:50:20.289+0000: [GC (Allocation Failure) 2020-10-29T15:50:20.289+0000: [ParNew: 16386K->2K(18432K), 0.0017664 secs] 259748K->243364K(410312K), 0.0018061 secs] [Times: user=0.00 sys=0.00, real=0.01 secs] 
2020-10-29T15:50:20.312+0000: [GC (Allocation Failure) 2020-10-29T15:50:20.312+0000: [ParNew: 16386K->2K(18432K), 0.0019138 secs] 259748K->243364K(410312K), 0.0019585 secs] [Times: user=0.01 sys=0.00, real=0.00 secs] 
2020-10-29T15:50:20.334+0000: [GC (Allocation Failure) 2020-10-29T15:50:20.335+0000: [ParNew: 16386K->2K(18432K), 0.0018668 secs] 259748K->243364K(410312K), 0.0019113 secs] [Times: user=0.00 sys=0.00, real=0.00 secs] 
2020-10-29T15:50:20.357+0000: [GC (Allocation Failure) 2020-10-29T15:50:20.357+0000: [ParNew: 16386K->2K(18432K), 0.0019146 secs] 259748K->243364K(410312K), 0.0019611 secs] [Times: user=0.01 sys=0.00, real=0.00 secs] 
2020-10-29T15:50:20.379+0000: [GC (Allocation Failure) 2020-10-29T15:50:20.380+0000: [ParNew: 16386K->2K(18432K), 0.0018522 secs] 259748K->243364K(410312K), 0.0018976 secs] [Times: user=0.00 sys=0.00, real=0.00 secs] 
2020-10-29T15:50:25.938+0000: [GC (Allocation Failure) 2020-10-29T15:50:25.938+0000: [ParNew: 16386K->314K(18432K), 0.0025202 secs] 259748K->243676K(410312K), 0.0025746 secs] [Times: user=0.00 sys=0.00, real=0.00 secs] 
2020-10-29T15:50:27.042+0000: [GC (Allocation Failure) 2020-10-29T15:50:27.042+0000: [ParNew: 16698K->447K(18432K), 0.0030546 secs] 260060K->243809K(410312K), 0.0031091 secs] [Times: user=0.01 sys=0.00, real=0.00 secs] 
2020-10-29T15:50:27.224+0000: [GC (Allocation Failure) 2020-10-29T15:50:27.224+0000: [ParNew: 16831K->1600K(18432K), 0.0044574 secs] 260193K->244963K(410312K), 0.0045355 secs] [Times: user=0.01 sys=0.00, real=0.00 secs] 
2020-10-29T15:50:27.492+0000: [GC (Allocation Failure) 2020-10-29T15:50:27.492+0000: [ParNew: 17984K->2046K(18432K), 0.0116219 secs] 261347K->246094K(410312K), 0.0116975 secs] [Times: user=0.03 sys=0.00, real=0.01 secs] 
2020-10-29T15:50:27.584+0000: [GC (Allocation Failure) 2020-10-29T15:50:27.584+0000: [ParNew: 18430K->1218K(18432K), 0.0048455 secs] 262478K->246614K(410312K), 0.0049042 secs] [Times: user=0.01 sys=0.00, real=0.00 secs] 
2020-10-29T15:50:27.651+0000: [GC (Allocation Failure) 2020-10-29T15:50:27.651+0000: [ParNew: 17602K->645K(18432K), 0.0021553 secs] 262998K->246041K(410312K), 0.0022320 secs] [Times: user=0.00 sys=0.00, real=0.00 secs] 
2020-10-29T15:50:27.701+0000: [GC (Allocation Failure) 2020-10-29T15:50:27.701+0000: [ParNew: 17029K->1395K(18432K), 0.0022728 secs] 262425K->246791K(410312K), 0.0023464 secs] [Times: user=0.01 sys=0.00, real=0.01 secs] 
2020-10-29T15:50:27.747+0000: [GC (Allocation Failure) 2020-10-29T15:50:27.747+0000: [ParNew: 17779K->162K(18432K), 0.0022727 secs] 263175K->246416K(410312K), 0.0023311 secs] [Times: user=0.01 sys=0.00, real=0.00 secs] 
2020-10-29T15:50:27.798+0000: [GC (Allocation Failure) 2020-10-29T15:50:27.798+0000: [ParNew: 16546K->552K(18432K), 0.0020751 secs] 262800K->246806K(410312K), 0.0021526 secs] [Times: user=0.00 sys=0.00, real=0.00 secs] 
2020-10-29T15:50:27.849+0000: [GC (Allocation Failure) 2020-10-29T15:50:27.849+0000: [ParNew: 16936K->266K(18432K), 0.0021068 secs] 263190K->246520K(410312K), 0.0021855 secs] [Times: user=0.01 sys=0.00, real=0.01 secs] 
2020-10-29T15:50:27.897+0000: [GC (Allocation Failure) 2020-10-29T15:50:27.897+0000: [ParNew: 16650K->1284K(18432K), 0.0023401 secs] 262904K->248561K(410312K), 0.0023950 secs] [Times: user=0.01 sys=0.00, real=0.00 secs] 
2020-10-29T15:50:27.944+0000: [GC (Allocation Failure) 2020-10-29T15:50:27.944+0000: [ParNew: 17668K->518K(18432K), 0.0042582 secs] 264945K->247796K(410312K), 0.0043129 secs] [Times: user=0.01 sys=0.00, real=0.00 secs] 
2020-10-29T15:50:28.002+0000: [GC (Allocation Failure) 2020-10-29T15:50:28.002+0000: [ParNew: 16902K->518K(18432K), 0.0042237 secs] 264180K->247796K(410312K), 0.0043133 secs] [Times: user=0.00 sys=0.01, real=0.01 secs] 
2020-10-29T15:50:28.062+0000: [GC (Allocation Failure) 2020-10-29T15:50:28.062+0000: [ParNew: 16902K->519K(18432K), 0.0042519 secs] 264180K->247797K(410312K), 0.0043264 secs] [Times: user=0.01 sys=0.00, real=0.00 secs] 
2020-10-29T15:50:28.140+0000: [GC (Allocation Failure) 2020-10-29T15:50:28.140+0000: [ParNew: 16903K->519K(18432K), 0.0043755 secs] 264181K->247797K(410312K), 0.0044513 secs] [Times: user=0.01 sys=0.00, real=0.01 secs] 
2020-10-29T15:50:28.204+0000: [GC (Allocation Failure) 2020-10-29T15:50:28.204+0000: [ParNew: 16903K->1029K(18432K), 0.0042476 secs] 264181K->248307K(410312K), 0.0043195 secs] [Times: user=0.00 sys=0.00, real=0.00 secs] 
2020-10-29T15:50:28.241+0000: [GC (Allocation Failure) 2020-10-29T15:50:28.242+0000: [ParNew: 17413K->5K(18432K), 0.0020144 secs] 264691K->248311K(410312K), 0.0020627 secs] [Times: user=0.01 sys=0.00, real=0.01 secs] 
2020-10-29T15:50:28.282+0000: [GC (Allocation Failure) 2020-10-29T15:50:28.282+0000: [ParNew: 16389K->4K(18432K), 0.0019359 secs] 264695K->248309K(410312K), 0.0019989 secs] [Times: user=0.00 sys=0.00, real=0.01 secs] 
2020-10-29T15:50:28.330+0000: [GC (Allocation Failure) 2020-10-29T15:50:28.330+0000: [ParNew: 16388K->2K(18432K), 0.0041399 secs] 264693K->248307K(410312K), 0.0041945 secs] [Times: user=0.01 sys=0.00, real=0.01 secs] 
2020-10-29T15:50:28.372+0000: [GC (Allocation Failure) 2020-10-29T15:50:28.372+0000: [ParNew: 16386K->4K(18432K), 0.0023297 secs] 264691K->250357K(410312K), 0.0023840 secs] [Times: user=0.00 sys=0.00, real=0.00 secs] 
2020-10-29T15:50:28.406+0000: [GC (Allocation Failure) 2020-10-29T15:50:28.406+0000: [ParNew: 16388K->4K(18432K), 0.0019546 secs] 266741K->250357K(410312K), 0.0020087 secs] [Times: user=0.01 sys=0.00, real=0.00 secs] 
2020-10-29T15:50:28.453+0000: [GC (Allocation Failure) 2020-10-29T15:50:28.453+0000: [ParNew: 16388K->4K(18432K), 0.0040806 secs] 266741K->250357K(410312K), 0.0041535 secs] [Times: user=0.01 sys=0.00, real=0.00 secs] 
2020-10-29T15:50:28.495+0000: [GC (Allocation Failure) 2020-10-29T15:50:28.495+0000: [ParNew: 16388K->4K(18432K), 0.0033219 secs] 266741K->250357K(410312K), 0.0033882 secs] [Times: user=0.01 sys=0.00, real=0.00 secs] 
2020-10-29T15:50:28.526+0000: [GC (Allocation Failure) 2020-10-29T15:50:28.526+0000: [ParNew: 16388K->4K(18432K), 0.0022148 secs] 266741K->250357K(410312K), 0.0022678 secs] [Times: user=0.00 sys=0.00, real=0.00 secs] 
2020-10-29T15:50:28.556+0000: [GC (Allocation Failure) 2020-10-29T15:50:28.556+0000: [ParNew: 16388K->4K(18432K), 0.0019276 secs] 266741K->250357K(410312K), 0.0019801 secs] [Times: user=0.00 sys=0.00, real=0.00 secs] 
2020-10-29T15:50:28.580+0000: [GC (Allocation Failure) 2020-10-29T15:50:28.580+0000: [ParNew: 16388K->4K(18432K), 0.0030625 secs] 266741K->252405K(410312K), 0.0031125 secs] [Times: user=0.00 sys=0.00, real=0.01 secs] 
2020-10-29T15:50:28.619+0000: [GC (Allocation Failure) 2020-10-29T15:50:28.619+0000: [ParNew: 16388K->2K(18432K), 0.0040656 secs] 268789K->252403K(410312K), 0.0041217 secs] [Times: user=0.01 sys=0.00, real=0.01 secs] 
2020-10-29T15:50:28.660+0000: [GC (Allocation Failure) 2020-10-29T15:50:28.660+0000: [ParNew: 16386K->4K(18432K), 0.0027511 secs] 268787K->252405K(410312K), 0.0028220 secs] [Times: user=0.01 sys=0.00, real=0.01 secs] 
2020-10-29T15:50:28.690+0000: [GC (Allocation Failure) 2020-10-29T15:50:28.690+0000: [ParNew: 16388K->4K(18432K), 0.0019995 secs] 268789K->252405K(410312K), 0.0020891 secs] [Times: user=0.01 sys=0.00, real=0.01 secs] 
2020-10-29T15:50:28.726+0000: [GC (Allocation Failure) 2020-10-29T15:50:28.726+0000: [ParNew: 16388K->4K(18432K), 0.0057231 secs] 268789K->252405K(410312K), 0.0057991 secs] [Times: user=0.01 sys=0.00, real=0.01 secs] 
2020-10-29T15:50:28.766+0000: [GC (Allocation Failure) 2020-10-29T15:50:28.766+0000: [ParNew: 16388K->4K(18432K), 0.0019949 secs] 268789K->252405K(410312K), 0.0020514 secs] [Times: user=0.00 sys=0.00, real=0.00 secs] 
2020-10-29T15:50:28.795+0000: [GC (Allocation Failure) 2020-10-29T15:50:28.795+0000: [ParNew: 16388K->4K(18432K), 0.0019938 secs] 268789K->252406K(410312K), 0.0020469 secs] [Times: user=0.01 sys=0.00, real=0.00 secs] 
2020-10-29T15:50:28.838+0000: [GC (Allocation Failure) 2020-10-29T15:50:28.838+0000: [ParNew: 16388K->2K(18432K), 0.0033771 secs] 268790K->252404K(410312K), 0.0034331 secs] [Times: user=0.00 sys=0.00, real=0.00 secs] 
2020-10-29T15:50:28.886+0000: [GC (Allocation Failure) 2020-10-29T15:50:28.886+0000: [ParNew: 16386K->2K(18432K), 0.0040802 secs] 268788K->252404K(410312K), 0.0041555 secs] [Times: user=0.00 sys=0.00, real=0.00 secs] 
2020-10-29T15:50:28.917+0000: [GC (Allocation Failure) 2020-10-29T15:50:28.918+0000: [ParNew: 16386K->4K(18432K), 0.0040732 secs] 268788K->252406K(410312K), 0.0041473 secs] [Times: user=0.00 sys=0.00, real=0.00 secs] 
2020-10-29T15:50:28.947+0000: [GC (Allocation Failure) 2020-10-29T15:50:28.947+0000: [ParNew: 16388K->2K(18432K), 0.0033623 secs] 268790K->252404K(410312K), 0.0034288 secs] [Times: user=0.00 sys=0.00, real=0.01 secs] 
2020-10-29T15:50:28.981+0000: [GC (Allocation Failure) 2020-10-29T15:50:28.981+0000: [ParNew: 16386K->4K(18432K), 0.0020118 secs] 268788K->252406K(410312K), 0.0020678 secs] [Times: user=0.01 sys=0.00, real=0.01 secs] 
2020-10-29T15:50:29.010+0000: [GC (Allocation Failure) 2020-10-29T15:50:29.010+0000: [ParNew: 16388K->20K(18432K), 0.0019470 secs] 268790K->252422K(410312K), 0.0019955 secs] [Times: user=0.00 sys=0.00, real=0.00 secs] 
2020-10-29T15:50:29.040+0000: [GC (Allocation Failure) 2020-10-29T15:50:29.040+0000: [ParNew: 16404K->4K(18432K), 0.0038879 secs] 268806K->252406K(410312K), 0.0039543 secs] [Times: user=0.00 sys=0.00, real=0.01 secs] 
2020-10-29T15:50:29.065+0000: [GC (Allocation Failure) 2020-10-29T15:50:29.065+0000: [ParNew: 16388K->4K(18432K), 0.0019947 secs] 268790K->252406K(410312K), 0.0020496 secs] [Times: user=0.00 sys=0.00, real=0.00 secs] 
2020-10-29T15:50:29.094+0000: [GC (Allocation Failure) 2020-10-29T15:50:29.094+0000: [ParNew: 16388K->4K(18432K), 0.0035469 secs] 268790K->252406K(410312K), 0.0036002 secs] [Times: user=0.00 sys=0.00, real=0.00 secs] 
2020-10-29T15:50:29.128+0000: [GC (Allocation Failure) 2020-10-29T15:50:29.128+0000: [ParNew: 16388K->4K(18432K), 0.0020676 secs] 268790K->252406K(410312K), 0.0021218 secs] [Times: user=0.01 sys=0.00, real=0.00 secs] 
2020-10-29T15:50:29.156+0000: [GC (Allocation Failure) 2020-10-29T15:50:29.156+0000: [ParNew: 14434K->4K(18432K), 0.0019901 secs] 266836K->252406K(410312K), 0.0020470 secs] [Times: user=0.00 sys=0.00, real=0.00 secs] 
2020-10-29T15:50:29.171+0000: [GC (Allocation Failure) 2020-10-29T15:50:29.171+0000: [ParNew: 16388K->6K(18432K), 0.0043869 secs] 268790K->256504K(410312K), 0.0044444 secs] [Times: user=0.00 sys=0.00, real=0.00 secs] 
2020-10-29T15:50:29.200+0000: [GC (Allocation Failure) 2020-10-29T15:50:29.200+0000: [ParNew: 16390K->8K(18432K), 0.0020096 secs] 272888K->256506K(410312K), 0.0020684 secs] [Times: user=0.00 sys=0.00, real=0.01 secs] 
2020-10-29T15:50:29.224+0000: [GC (Allocation Failure) 2020-10-29T15:50:29.224+0000: [ParNew: 16392K->9K(18432K), 0.0019847 secs] 272890K->256507K(410312K), 0.0020557 secs] [Times: user=0.00 sys=0.00, real=0.00 secs] 
2020-10-29T15:50:29.250+0000: [GC (Allocation Failure) 2020-10-29T15:50:29.250+0000: [ParNew: 16393K->8K(18432K), 0.0042751 secs] 272891K->260602K(410312K), 0.0043522 secs] [Times: user=0.01 sys=0.00, real=0.01 secs] 
2020-10-29T15:50:29.278+0000: [GC (Allocation Failure) 2020-10-29T15:50:29.278+0000: [ParNew: 16392K->9K(18432K), 0.0019822 secs] 276986K->260603K(410312K), 0.0020363 secs] [Times: user=0.01 sys=0.00, real=0.00 secs] 
2020-10-29T15:50:29.301+0000: [GC (Allocation Failure) 2020-10-29T15:50:29.301+0000: [ParNew: 16393K->9K(18432K), 0.0019660 secs] 276987K->260603K(410312K), 0.0020132 secs] [Times: user=0.00 sys=0.00, real=0.01 secs] 
2020-10-29T15:50:29.328+0000: [GC (Allocation Failure) 2020-10-29T15:50:29.328+0000: [ParNew: 16393K->8K(18432K), 0.0019223 secs] 276987K->260603K(410312K), 0.0019667 secs] [Times: user=0.00 sys=0.00, real=0.01 secs] 
2020-10-29T15:50:29.350+0000: [GC (Allocation Failure) 2020-10-29T15:50:29.350+0000: [ParNew: 16392K->6K(18432K), 0.0018468 secs] 276987K->260604K(410312K), 0.0019088 secs] [Times: user=0.01 sys=0.00, real=0.00 secs] 
2020-10-29T15:50:29.378+0000: [GC (Allocation Failure) 2020-10-29T15:50:29.378+0000: [ParNew: 16390K->4K(18432K), 0.0018644 secs] 276988K->260602K(410312K), 0.0019151 secs] [Times: user=0.01 sys=0.00, real=0.00 secs] 
2020-10-29T15:50:29.396+0000: [GC (Allocation Failure) 2020-10-29T15:50:29.396+0000: [ParNew: 16388K->4K(18432K), 0.0018254 secs] 276986K->260602K(410312K), 0.0018727 secs] [Times: user=0.00 sys=0.00, real=0.00 secs] 
2020-10-29T15:50:29.414+0000: [GC (Allocation Failure) 2020-10-29T15:50:29.414+0000: [ParNew: 16388K->4K(18432K), 0.0017894 secs] 276986K->260602K(410312K), 0.0018375 secs] [Times: user=0.00 sys=0.00, real=0.00 secs] 
2020-10-29T15:50:29.431+0000: [GC (Allocation Failure) 2020-10-29T15:50:29.431+0000: [ParNew: 16388K->4K(18432K), 0.0017515 secs] 276986K->260602K(410312K), 0.0017941 secs] [Times: user=0.00 sys=0.00, real=0.00 secs] 
2020-10-29T15:50:29.449+0000: [GC (Allocation Failure) 2020-10-29T15:50:29.449+0000: [ParNew: 16388K->4K(18432K), 0.0018460 secs] 276986K->260602K(410312K), 0.0018918 secs] [Times: user=0.01 sys=0.00, real=0.01 secs] 
2020-10-29T15:50:29.470+0000: [GC (Allocation Failure) 2020-10-29T15:50:29.470+0000: [ParNew: 16388K->4K(18432K), 0.0019099 secs] 276986K->260602K(410312K), 0.0019612 secs] [Times: user=0.01 sys=0.00, real=0.01 secs] 
2020-10-29T15:50:29.487+0000: [GC (Allocation Failure) 2020-10-29T15:50:29.487+0000: [ParNew: 16388K->4K(18432K), 0.0019572 secs] 276986K->260602K(410312K), 0.0020317 secs] [Times: user=0.00 sys=0.00, real=0.00 secs] 
2020-10-29T15:50:29.505+0000: [GC (Allocation Failure) 2020-10-29T15:50:29.505+0000: [ParNew: 16388K->4K(18432K), 0.0018863 secs] 276986K->260602K(410312K), 0.0019455 secs] [Times: user=0.00 sys=0.00, real=0.00 secs] 
2020-10-29T15:50:29.522+0000: [GC (Allocation Failure) 2020-10-29T15:50:29.523+0000: [ParNew: 16388K->4K(18432K), 0.0017488 secs] 276986K->260602K(410312K), 0.0017899 secs] [Times: user=0.00 sys=0.00, real=0.00 secs] 
2020-10-29T15:50:29.542+0000: [GC (Allocation Failure) 2020-10-29T15:50:29.542+0000: [ParNew: 16388K->4K(18432K), 0.0017440 secs] 276986K->260602K(410312K), 0.0017867 secs] [Times: user=0.00 sys=0.00, real=0.00 secs] 
2020-10-29T15:50:29.560+0000: [GC (Allocation Failure) 2020-10-29T15:50:29.560+0000: [ParNew: 16388K->4K(18432K), 0.0018346 secs] 276986K->260602K(410312K), 0.0018872 secs] [Times: user=0.00 sys=0.00, real=0.00 secs] 
2020-10-29T15:50:29.586+0000: [GC (Allocation Failure) 2020-10-29T15:50:29.586+0000: [ParNew: 16388K->4K(18432K), 0.0018689 secs] 276986K->260602K(410312K), 0.0019185 secs] [Times: user=0.00 sys=0.00, real=0.00 secs] 
2020-10-29T15:50:29.610+0000: [GC (Allocation Failure) 2020-10-29T15:50:29.610+0000: [ParNew: 16388K->4K(18432K), 0.0019463 secs] 276986K->260602K(410312K), 0.0020147 secs] [Times: user=0.00 sys=0.00, real=0.01 secs] 
2020-10-29T15:50:29.632+0000: [GC (Allocation Failure) 2020-10-29T15:50:29.632+0000: [ParNew: 16388K->4K(18432K), 0.0019761 secs] 276986K->260602K(410312K), 0.0020279 secs] [Times: user=0.01 sys=0.00, real=0.00 secs] 
2020-10-29T15:50:29.655+0000: [GC (Allocation Failure) 2020-10-29T15:50:29.655+0000: [ParNew: 16388K->4K(18432K), 0.0019634 secs] 276986K->260602K(410312K), 0.0020359 secs] [Times: user=0.00 sys=0.00, real=0.00 secs] 
2020-10-29T15:50:29.681+0000: [GC (Allocation Failure) 2020-10-29T15:50:29.681+0000: [ParNew: 16388K->4K(18432K), 0.0019737 secs] 276986K->260602K(410312K), 0.0020267 secs] [Times: user=0.01 sys=0.00, real=0.01 secs] 
2020-10-29T15:50:29.706+0000: [GC (Allocation Failure) 2020-10-29T15:50:29.706+0000: [ParNew: 16388K->4K(18432K), 0.0018823 secs] 276986K->260602K(410312K), 0.0019603 secs] [Times: user=0.00 sys=0.00, real=0.00 secs] 
2020-10-29T15:50:29.734+0000: [GC (Allocation Failure) 2020-10-29T15:50:29.734+0000: [ParNew: 16388K->4K(18432K), 0.0020168 secs] 276986K->260602K(410312K), 0.0020906 secs] [Times: user=0.00 sys=0.00, real=0.00 secs] 
2020-10-29T15:50:29.758+0000: [GC (Allocation Failure) 2020-10-29T15:50:29.758+0000: [ParNew: 16388K->4K(18432K), 0.0019578 secs] 276986K->260602K(410312K), 0.0020303 secs] [Times: user=0.00 sys=0.00, real=0.00 secs] 
2020-10-29T15:50:29.791+0000: [GC (Allocation Failure) 2020-10-29T15:50:29.791+0000: [ParNew: 16388K->4K(18432K), 0.0019682 secs] 276986K->260602K(410312K), 0.0020389 secs] [Times: user=0.01 sys=0.00, real=0.00 secs] 
2020-10-29T15:50:29.832+0000: [GC (Allocation Failure) 2020-10-29T15:50:29.832+0000: [ParNew: 16388K->4K(18432K), 0.0020215 secs] 276986K->260602K(410312K), 0.0020952 secs] [Times: user=0.01 sys=0.00, real=0.00 secs] 
2020-10-29T15:50:29.864+0000: [GC (Allocation Failure) 2020-10-29T15:50:29.864+0000: [ParNew: 16388K->4K(18432K), 0.0019823 secs] 276986K->260602K(410312K), 0.0020498 secs] [Times: user=0.00 sys=0.00, real=0.00 secs] 
2020-10-29T15:50:29.896+0000: [GC (Allocation Failure) 2020-10-29T15:50:29.896+0000: [ParNew: 16388K->4K(18432K), 0.0019311 secs] 276986K->260602K(410312K), 0.0020083 secs] [Times: user=0.00 sys=0.00, real=0.00 secs] 
2020-10-29T15:50:29.924+0000: [GC (Allocation Failure) 2020-10-29T15:50:29.924+0000: [ParNew: 16388K->4K(18432K), 0.0020015 secs] 276986K->260602K(410312K), 0.0020538 secs] [Times: user=0.01 sys=0.00, real=0.00 secs] 
2020-10-29T15:50:29.942+0000: [GC (Allocation Failure) 2020-10-29T15:50:29.942+0000: [ParNew: 16388K->4K(18432K), 0.0018061 secs] 276986K->260602K(410312K), 0.0018606 secs] [Times: user=0.00 sys=0.00, real=0.01 secs] 
2020-10-29T15:50:29.958+0000: [GC (Allocation Failure) 2020-10-29T15:50:29.958+0000: [ParNew: 16388K->4K(18432K), 0.0015793 secs] 276986K->260602K(410312K), 0.0016231 secs] [Times: user=0.01 sys=0.00, real=0.00 secs] 
2020-10-29T15:50:29.976+0000: [GC (Allocation Failure) 2020-10-29T15:50:29.976+0000: [ParNew: 16388K->4K(18432K), 0.0019143 secs] 276986K->260602K(410312K), 0.0019593 secs] [Times: user=0.00 sys=0.00, real=0.00 secs] 
2020-10-29T15:50:29.995+0000: [GC (Allocation Failure) 2020-10-29T15:50:29.995+0000: [ParNew: 16388K->4K(18432K), 0.0019862 secs] 276986K->260602K(410312K), 0.0020413 secs] [Times: user=0.00 sys=0.00, real=0.00 secs] 
2020-10-29T15:50:30.014+0000: [GC (Allocation Failure) 2020-10-29T15:50:30.014+0000: [ParNew: 16388K->4K(18432K), 0.0016522 secs] 276986K->260602K(410312K), 0.0016968 secs] [Times: user=0.01 sys=0.00, real=0.00 secs] 
2020-10-29T15:50:30.034+0000: [GC (Allocation Failure) 2020-10-29T15:50:30.034+0000: [ParNew: 16388K->4K(18432K), 0.0018949 secs] 276986K->260602K(410312K), 0.0019462 secs] [Times: user=0.00 sys=0.00, real=0.00 secs] 
2020-10-29T15:50:30.054+0000: [GC (Allocation Failure) 2020-10-29T15:50:30.054+0000: [ParNew: 16388K->4K(18432K), 0.0018304 secs] 276986K->260602K(410312K), 0.0018767 secs] [Times: user=0.00 sys=0.00, real=0.00 secs] 
2020-10-29T15:50:30.074+0000: [GC (Allocation Failure) 2020-10-29T15:50:30.074+0000: [ParNew: 16388K->4K(18432K), 0.0016345 secs] 276986K->260602K(410312K), 0.0016792 secs] [Times: user=0.00 sys=0.00, real=0.00 secs] 
2020-10-29T15:50:30.094+0000: [GC (Allocation Failure) 2020-10-29T15:50:30.094+0000: [ParNew: 16388K->4K(18432K), 0.0017600 secs] 276986K->260602K(410312K), 0.0018069 secs] [Times: user=0.01 sys=0.00, real=0.00 secs] 
2020-10-29T15:50:30.114+0000: [GC (Allocation Failure) 2020-10-29T15:50:30.114+0000: [ParNew: 16388K->4K(18432K), 0.0015954 secs] 276986K->260603K(410312K), 0.0016389 secs] [Times: user=0.00 sys=0.00, real=0.00 secs] 
2020-10-29T15:50:30.133+0000: [GC (Allocation Failure) 2020-10-29T15:50:30.133+0000: [ParNew: 16388K->6K(18432K), 0.0016757 secs] 276987K->260605K(410312K), 0.0017216 secs] [Times: user=0.01 sys=0.00, real=0.00 secs] 
2020-10-29T15:50:30.154+0000: [GC (Allocation Failure) 2020-10-29T15:50:30.154+0000: [ParNew: 16390K->6K(18432K), 0.0016939 secs] 276989K->260605K(410312K), 0.0017354 secs] [Times: user=0.00 sys=0.00, real=0.00 secs] 
2020-10-29T15:50:30.171+0000: [GC (Allocation Failure) 2020-10-29T15:50:30.171+0000: [ParNew: 16390K->6K(18432K), 0.0016498 secs] 276989K->260605K(410312K), 0.0016917 secs] [Times: user=0.01 sys=0.00, real=0.00 secs] 
2020-10-29T15:50:30.192+0000: [GC (Allocation Failure) 2020-10-29T15:50:30.192+0000: [ParNew: 16390K->6K(18432K), 0.0016313 secs] 276989K->260605K(410312K), 0.0016747 secs] [Times: user=0.00 sys=0.00, real=0.00 secs] 
2020-10-29T15:50:30.209+0000: [GC (Allocation Failure) 2020-10-29T15:50:30.209+0000: [ParNew: 16390K->6K(18432K), 0.0016077 secs] 276989K->260605K(410312K), 0.0016497 secs] [Times: user=0.01 sys=0.00, real=0.01 secs] 
2020-10-29T15:50:30.226+0000: [GC (Allocation Failure) 2020-10-29T15:50:30.226+0000: [ParNew: 16390K->6K(18432K), 0.0016125 secs] 276989K->260605K(410312K), 0.0016538 secs] [Times: user=0.00 sys=0.00, real=0.00 secs] 
2020-10-29T15:50:30.244+0000: [GC (Allocation Failure) 2020-10-29T15:50:30.245+0000: [ParNew: 16390K->4K(18432K), 0.0017154 secs] 276989K->260603K(410312K), 0.0017592 secs] [Times: user=0.00 sys=0.01, real=0.00 secs] 
2020-10-29T15:50:30.266+0000: [GC (Allocation Failure) 2020-10-29T15:50:30.266+0000: [ParNew: 16388K->4K(18432K), 0.0017655 secs] 276987K->260603K(410312K), 0.0018104 secs] [Times: user=0.01 sys=0.00, real=0.00 secs] 
2020-10-29T15:50:30.286+0000: [GC (Allocation Failure) 2020-10-29T15:50:30.286+0000: [ParNew: 16388K->4K(18432K), 0.0017683 secs] 276987K->260603K(410312K), 0.0018141 secs] [Times: user=0.00 sys=0.00, real=0.00 secs] 
2020-10-29T15:50:30.312+0000: [GC (Allocation Failure) 2020-10-29T15:50:30.312+0000: [ParNew: 16388K->6K(18432K), 0.0019085 secs] 276987K->260606K(410312K), 0.0019597 secs] [Times: user=0.00 sys=0.00, real=0.00 secs] 
2020-10-29T15:50:30.350+0000: [GC (Allocation Failure) 2020-10-29T15:50:30.350+0000: [ParNew: 16390K->6K(18432K), 0.0019186 secs] 276990K->260606K(410312K), 0.0019705 secs] [Times: user=0.00 sys=0.00, real=0.00 secs] 
2020-10-29T15:50:30.370+0000: [GC (Allocation Failure) 2020-10-29T15:50:30.370+0000: [ParNew: 16390K->6K(18432K), 0.0018567 secs] 276990K->260606K(410312K), 0.0019074 secs] [Times: user=0.00 sys=0.00, real=0.00 secs] 
2020-10-29T15:50:30.388+0000: [GC (Allocation Failure) 2020-10-29T15:50:30.388+0000: [ParNew: 16390K->6K(18432K), 0.0018871 secs] 276990K->260606K(410312K), 0.0019355 secs] [Times: user=0.00 sys=0.00, real=0.00 secs] 
2020-10-29T15:50:30.405+0000: [GC (Allocation Failure) 2020-10-29T15:50:30.405+0000: [ParNew: 16390K->6K(18432K), 0.0019412 secs] 276990K->260606K(410312K), 0.0019906 secs] [Times: user=0.01 sys=0.00, real=0.00 secs] 
2020-10-29T15:50:30.426+0000: [GC (Allocation Failure) 2020-10-29T15:50:30.426+0000: [ParNew: 16390K->6K(18432K), 0.0018182 secs] 276990K->260606K(410312K), 0.0018599 secs] [Times: user=0.01 sys=0.00, real=0.00 secs] 
2020-10-29T15:50:30.443+0000: [GC (Allocation Failure) 2020-10-29T15:50:30.443+0000: [ParNew: 16390K->4K(18432K), 0.0016926 secs] 276990K->260605K(410312K), 0.0017318 secs] [Times: user=0.01 sys=0.00, real=0.00 secs] 
2020-10-29T15:50:30.461+0000: [GC (Allocation Failure) 2020-10-29T15:50:30.461+0000: [ParNew: 16388K->4K(18432K), 0.0017573 secs] 276989K->260605K(410312K), 0.0017991 secs] [Times: user=0.00 sys=0.00, real=0.01 secs] 
2020-10-29T15:50:30.478+0000: [GC (Allocation Failure) 2020-10-29T15:50:30.478+0000: [ParNew: 16388K->4K(18432K), 0.0016899 secs] 276989K->260605K(410312K), 0.0017297 secs] [Times: user=0.01 sys=0.00, real=0.00 secs] 
2020-10-29T15:50:30.495+0000: [GC (Allocation Failure) 2020-10-29T15:50:30.495+0000: [ParNew: 16388K->4K(18432K), 0.0016447 secs] 276989K->260605K(410312K), 0.0016866 secs] [Times: user=0.01 sys=0.00, real=0.00 secs] 
2020-10-29T15:50:30.520+0000: [GC (Allocation Failure) 2020-10-29T15:50:30.520+0000: [ParNew: 16388K->25K(18432K), 0.0019494 secs] 276989K->260626K(410312K), 0.0019975 secs] [Times: user=0.01 sys=0.00, real=0.00 secs] 
2020-10-29T15:50:30.555+0000: [GC (Allocation Failure) 2020-10-29T15:50:30.555+0000: [ParNew: 16409K->96K(18432K), 0.0021683 secs] 277010K->260698K(410312K), 0.0022286 secs] [Times: user=0.00 sys=0.00, real=0.00 secs] 
2020-10-29T15:50:30.586+0000: [GC (Allocation Failure) 2020-10-29T15:50:30.586+0000: [ParNew: 16480K->52K(18432K), 0.0043712 secs] 277082K->260654K(410312K), 0.0044457 secs] [Times: user=0.01 sys=0.00, real=0.01 secs] 
2020-10-29T15:50:30.608+0000: [GC (Allocation Failure) 2020-10-29T15:50:30.608+0000: [ParNew: 16436K->59K(18432K), 0.0041456 secs] 277038K->260660K(410312K), 0.0042139 secs] [Times: user=0.01 sys=0.00, real=0.01 secs] 
2020-10-29T15:50:30.644+0000: [GC (Allocation Failure) 2020-10-29T15:50:30.644+0000: [ParNew: 16443K->60K(18432K), 0.0041381 secs] 277044K->260662K(410312K), 0.0042073 secs] [Times: user=0.01 sys=0.00, real=0.00 secs] 
2020-10-29T15:50:30.671+0000: [GC (Allocation Failure) 2020-10-29T15:50:30.671+0000: [ParNew: 16444K->61K(18432K), 0.0019808 secs] 277046K->260662K(410312K), 0.0020324 secs] [Times: user=0.01 sys=0.00, real=0.00 secs] 
2020-10-29T15:50:30.689+0000: [GC (Allocation Failure) 2020-10-29T15:50:30.689+0000: [ParNew: 16445K->40K(18432K), 0.0019510 secs] 277046K->260658K(410312K), 0.0020002 secs] [Times: user=0.01 sys=0.00, real=0.01 secs] 
2020-10-29T15:50:30.706+0000: [GC (Allocation Failure) 2020-10-29T15:50:30.706+0000: [ParNew: 16424K->28K(18432K), 0.0019539 secs] 277042K->260670K(410312K), 0.0019981 secs] [Times: user=0.01 sys=0.00, real=0.00 secs] 
2020-10-29T15:50:30.724+0000: [GC (Allocation Failure) 2020-10-29T15:50:30.724+0000: [ParNew: 16412K->7K(18432K), 0.0018729 secs] 277054K->260648K(410312K), 0.0019191 secs] [Times: user=0.00 sys=0.00, real=0.00 secs] 
2020-10-29T15:50:30.742+0000: [GC (Allocation Failure) 2020-10-29T15:50:30.742+0000: [ParNew: 16391K->4K(18432K), 0.0019457 secs] 277032K->260645K(410312K), 0.0019974 secs] [Times: user=0.00 sys=0.00, real=0.00 secs] 
2020-10-29T15:50:30.760+0000: [GC (Allocation Failure) 2020-10-29T15:50:30.760+0000: [ParNew: 16388K->4K(18432K), 0.0018895 secs] 277029K->260645K(410312K), 0.0019391 secs] [Times: user=0.00 sys=0.00, real=0.00 secs] 
2020-10-29T15:50:30.778+0000: [GC (Allocation Failure) 2020-10-29T15:50:30.778+0000: [ParNew: 16388K->4K(18432K), 0.0018471 secs] 277029K->260645K(410312K), 0.0018949 secs] [Times: user=0.00 sys=0.00, real=0.00 secs] 
2020-10-29T15:50:30.795+0000: [GC (Allocation Failure) 2020-10-29T15:50:30.795+0000: [ParNew: 16388K->4K(18432K), 0.0016592 secs] 277029K->260645K(410312K), 0.0017036 secs] [Times: user=0.00 sys=0.00, real=0.00 secs] 
2020-10-29T15:50:30.814+0000: [GC (Allocation Failure) 2020-10-29T15:50:30.814+0000: [ParNew: 16388K->4K(18432K), 0.0017084 secs] 277029K->260645K(410312K), 0.0017526 secs] [Times: user=0.01 sys=0.00, real=0.00 secs] 
2020-10-29T15:50:30.831+0000: [GC (Allocation Failure) 2020-10-29T15:50:30.831+0000: [ParNew: 16388K->4K(18432K), 0.0016117 secs] 277029K->260645K(410312K), 0.0016547 secs] [Times: user=0.00 sys=0.00, real=0.00 secs] 
2020-10-29T15:50:30.848+0000: [GC (Allocation Failure) 2020-10-29T15:50:30.848+0000: [ParNew: 16388K->4K(18432K), 0.0016328 secs] 277029K->260645K(410312K), 0.0016739 secs] [Times: user=0.00 sys=0.00, real=0.00 secs] 
2020-10-29T15:50:30.865+0000: [GC (Allocation Failure) 2020-10-29T15:50:30.865+0000: [ParNew: 16388K->4K(18432K), 0.0017854 secs] 277029K->260645K(410312K), 0.0018319 secs] [Times: user=0.01 sys=0.00, real=0.00 secs] 
2020-10-29T15:50:30.886+0000: [GC (Allocation Failure) 2020-10-29T15:50:30.886+0000: [ParNew: 16388K->4K(18432K), 0.0018029 secs] 277029K->260645K(410312K), 0.0018472 secs] [Times: user=0.00 sys=0.00, real=0.00 secs] 
2020-10-29T15:50:30.903+0000: [GC (Allocation Failure) 2020-10-29T15:50:30.903+0000: [ParNew: 16388K->4K(18432K), 0.0018237 secs] 277029K->260645K(410312K), 0.0018707 secs] [Times: user=0.01 sys=0.00, real=0.00 secs] 
2020-10-29T15:50:30.922+0000: [GC (Allocation Failure) 2020-10-29T15:50:30.922+0000: [ParNew: 16388K->4K(18432K), 0.0019621 secs] 277029K->260645K(410312K), 0.0020154 secs] [Times: user=0.01 sys=0.00, real=0.00 secs] 
2020-10-29T15:50:30.940+0000: [GC (Allocation Failure) 2020-10-29T15:50:30.940+0000: [ParNew: 16388K->4K(18432K), 0.0019671 secs] 277029K->260645K(410312K), 0.0020195 secs] [Times: user=0.00 sys=0.00, real=0.00 secs] 
2020-10-29T15:50:30.957+0000: [GC (Allocation Failure) 2020-10-29T15:50:30.957+0000: [ParNew: 16388K->4K(18432K), 0.0019882 secs] 277029K->260645K(410312K), 0.0020385 secs] [Times: user=0.00 sys=0.00, real=0.00 secs] 
2020-10-29T15:50:30.974+0000: [GC (Allocation Failure) 2020-10-29T15:50:30.974+0000: [ParNew: 16388K->4K(18432K), 0.0019200 secs] 277029K->260645K(410312K), 0.0019664 secs] [Times: user=0.00 sys=0.00, real=0.00 secs] 
2020-10-29T15:50:30.991+0000: [GC (Allocation Failure) 2020-10-29T15:50:30.991+0000: [ParNew: 16388K->4K(18432K), 0.0019905 secs] 277029K->260645K(410312K), 0.0020411 secs] [Times: user=0.01 sys=0.00, real=0.00 secs] 
2020-10-29T15:50:31.010+0000: [GC (Allocation Failure) 2020-10-29T15:50:31.010+0000: [ParNew: 16388K->4K(18432K), 0.0019679 secs] 277029K->260645K(410312K), 0.0020195 secs] [Times: user=0.00 sys=0.00, real=0.00 secs] 
2020-10-29T15:50:31.030+0000: [GC (Allocation Failure) 2020-10-29T15:50:31.030+0000: [ParNew: 16388K->4K(18432K), 0.0019338 secs] 277029K->260645K(410312K), 0.0019825 secs] [Times: user=0.00 sys=0.00, real=0.00 secs] 
2020-10-29T15:50:31.050+0000: [GC (Allocation Failure) 2020-10-29T15:50:31.050+0000: [ParNew: 16388K->4K(18432K), 0.0018551 secs] 277029K->260645K(410312K), 0.0018965 secs] [Times: user=0.00 sys=0.00, real=0.00 secs] 
2020-10-29T15:50:31.070+0000: [GC (Allocation Failure) 2020-10-29T15:50:31.070+0000: [ParNew: 16388K->4K(18432K), 0.0018173 secs] 277029K->260645K(410312K), 0.0018624 secs] [Times: user=0.01 sys=0.00, real=0.00 secs] 
2020-10-29T15:50:31.089+0000: [GC (Allocation Failure) 2020-10-29T15:50:31.089+0000: [ParNew: 14644K->4K(18432K), 0.0019869 secs] 275285K->260645K(410312K), 0.0020372 secs] [Times: user=0.00 sys=0.00, real=0.01 secs] 
2020-10-29T15:50:31.100+0000: [GC (Allocation Failure) 2020-10-29T15:50:31.100+0000: [ParNew: 16388K->4K(18432K), 0.0074760 secs] 277029K->268837K(410312K), 0.0075187 secs] [Times: user=0.01 sys=0.01, real=0.01 secs] 
2020-10-29T15:50:31.123+0000: [GC (Allocation Failure) 2020-10-29T15:50:31.123+0000: [ParNew: 16388K->4K(18432K), 0.0017872 secs] 285221K->268837K(410312K), 0.0018275 secs] [Times: user=0.00 sys=0.00, real=0.00 secs] 
2020-10-29T15:50:31.140+0000: [GC (Allocation Failure) 2020-10-29T15:50:31.140+0000: [ParNew: 16379K->4K(18432K), 0.0018238 secs] 285212K->268837K(410312K), 0.0018798 secs] [Times: user=0.01 sys=0.00, real=0.00 secs] 
2020-10-29T15:50:31.158+0000: [GC (Allocation Failure) 2020-10-29T15:50:31.158+0000: [ParNew: 16388K->4K(18432K), 0.0018453 secs] 285221K->268837K(410312K), 0.0018934 secs] [Times: user=0.01 sys=0.00, real=0.00 secs] 
2020-10-29T15:50:31.176+0000: [GC (Allocation Failure) 2020-10-29T15:50:31.176+0000: [ParNew: 16388K->4K(18432K), 0.0018772 secs] 285221K->268837K(410312K), 0.0019236 secs] [Times: user=0.00 sys=0.00, real=0.00 secs] 
2020-10-29T15:50:31.197+0000: [GC (Allocation Failure) 2020-10-29T15:50:31.197+0000: [ParNew: 16388K->4K(18432K), 0.0019355 secs] 285221K->268837K(410312K), 0.0019926 secs] [Times: user=0.01 sys=0.00, real=0.00 secs] 
2020-10-29T15:50:31.218+0000: [GC (Allocation Failure) 2020-10-29T15:50:31.218+0000: [ParNew: 16388K->4K(18432K), 0.0017796 secs] 285221K->268837K(410312K), 0.0018258 secs] [Times: user=0.01 sys=0.00, real=0.00 secs] 
2020-10-29T15:50:31.238+0000: [GC (Allocation Failure) 2020-10-29T15:50:31.238+0000: [ParNew: 16388K->4K(18432K), 0.0018374 secs] 285221K->268837K(410312K), 0.0018832 secs] [Times: user=0.00 sys=0.00, real=0.00 secs] 
2020-10-29T15:50:31.257+0000: [GC (Allocation Failure) 2020-10-29T15:50:31.257+0000: [ParNew: 16388K->4K(18432K), 0.0018248 secs] 285221K->268837K(410312K), 0.0018691 secs] [Times: user=0.01 sys=0.00, real=0.00 secs] 
2020-10-29T15:50:31.274+0000: [GC (Allocation Failure) 2020-10-29T15:50:31.274+0000: [ParNew: 16388K->4K(18432K), 0.0018138 secs] 285221K->268837K(410312K), 0.0018582 secs] [Times: user=0.00 sys=0.00, real=0.00 secs] 
2020-10-29T15:50:31.294+0000: [GC (Allocation Failure) 2020-10-29T15:50:31.294+0000: [ParNew: 16388K->4K(18432K), 0.0018817 secs] 285221K->268837K(410312K), 0.0019307 secs] [Times: user=0.00 sys=0.00, real=0.00 secs] 
2020-10-29T15:50:31.314+0000: [GC (Allocation Failure) 2020-10-29T15:50:31.314+0000: [ParNew: 16388K->4K(18432K), 0.0019312 secs] 285221K->268837K(410312K), 0.0019782 secs] [Times: user=0.01 sys=0.00, real=0.00 secs] 
2020-10-29T15:50:31.332+0000: [GC (Allocation Failure) 2020-10-29T15:50:31.332+0000: [ParNew: 16388K->4K(18432K), 0.0019460 secs] 285221K->268837K(410312K), 0.0019931 secs] [Times: user=0.00 sys=0.00, real=0.00 secs] 
2020-10-29T15:50:31.350+0000: [GC (Allocation Failure) 2020-10-29T15:50:31.350+0000: [ParNew: 16388K->4K(18432K), 0.0019783 secs] 285221K->268837K(410312K), 0.0020324 secs] [Times: user=0.01 sys=0.00, real=0.01 secs] 
2020-10-29T15:50:31.367+0000: [GC (Allocation Failure) 2020-10-29T15:50:31.367+0000: [ParNew: 16388K->4K(18432K), 0.0018870 secs] 285221K->268837K(410312K), 0.0019324 secs] [Times: user=0.00 sys=0.00, real=0.00 secs] 
2020-10-29T15:50:31.384+0000: [GC (Allocation Failure) 2020-10-29T15:50:31.384+0000: [ParNew: 16388K->4K(18432K), 0.0018671 secs] 285221K->268837K(410312K), 0.0019122 secs] [Times: user=0.00 sys=0.00, real=0.00 secs] 
2020-10-29T15:50:31.402+0000: [GC (Allocation Failure) 2020-10-29T15:50:31.402+0000: [ParNew: 16388K->4K(18432K), 0.0019473 secs] 285221K->268837K(410312K), 0.0019958 secs] [Times: user=0.00 sys=0.00, real=0.00 secs] 
2020-10-29T15:50:31.420+0000: [GC (Allocation Failure) 2020-10-29T15:50:31.420+0000: [ParNew: 16388K->4K(18432K), 0.0018859 secs] 285221K->268837K(410312K), 0.0019328 secs] [Times: user=0.00 sys=0.00, real=0.00 secs] 
2020-10-29T15:50:31.438+0000: [GC (Allocation Failure) 2020-10-29T15:50:31.438+0000: [ParNew: 16388K->4K(18432K), 0.0018861 secs] 285221K->268837K(410312K), 0.0019357 secs] [Times: user=0.01 sys=0.00, real=0.00 secs] 
2020-10-29T15:50:31.458+0000: [GC (Allocation Failure) 2020-10-29T15:50:31.458+0000: [ParNew: 16388K->4K(18432K), 0.0018974 secs] 285221K->268837K(410312K), 0.0019469 secs] [Times: user=0.00 sys=0.00, real=0.00 secs] 
2020-10-29T15:50:31.475+0000: [GC (Allocation Failure) 2020-10-29T15:50:31.475+0000: [ParNew: 16388K->4K(18432K), 0.0018473 secs] 285221K->268837K(410312K), 0.0018896 secs] [Times: user=0.00 sys=0.00, real=0.00 secs] 
2020-10-29T15:50:31.492+0000: [GC (Allocation Failure) 2020-10-29T15:50:31.492+0000: [ParNew: 16388K->4K(18432K), 0.0015922 secs] 285221K->268837K(410312K), 0.0016343 secs] [Times: user=0.00 sys=0.00, real=0.00 secs] 
2020-10-29T15:50:31.509+0000: [GC (Allocation Failure) 2020-10-29T15:50:31.509+0000: [ParNew: 16388K->4K(18432K), 0.0015687 secs] 285221K->268837K(410312K), 0.0016253 secs] [Times: user=0.00 sys=0.00, real=0.01 secs] 
2020-10-29T15:50:31.526+0000: [GC (Allocation Failure) 2020-10-29T15:50:31.526+0000: [ParNew: 16388K->4K(18432K), 0.0017724 secs] 285221K->268837K(410312K), 0.0018358 secs] [Times: user=0.01 sys=0.00, real=0.00 secs] 
2020-10-29T15:50:31.546+0000: [GC (Allocation Failure) 2020-10-29T15:50:31.546+0000: [ParNew: 16388K->4K(18432K), 0.0018214 secs] 285221K->268837K(410312K), 0.0018655 secs] [Times: user=0.00 sys=0.00, real=0.00 secs] 
2020-10-29T15:50:31.574+0000: [GC (Allocation Failure) 2020-10-29T15:50:31.574+0000: [ParNew: 16388K->4K(18432K), 0.0019672 secs] 301605K->285221K(410312K), 0.0020225 secs] [Times: user=0.01 sys=0.00, real=0.00 secs] 
2020-10-29T15:50:31.576+0000: [GC (CMS Initial Mark) [1 CMS-initial-mark: 285217K(391880K)] 285394K(410312K), 0.0011728 secs] [Times: user=0.00 sys=0.00, real=0.00 secs] 
2020-10-29T15:50:31.577+0000: [CMS-concurrent-mark-start]
2020-10-29T15:50:31.602+0000: [GC (Allocation Failure) 2020-10-29T15:50:31.602+0000: [ParNew: 16388K->4K(18432K), 0.0017368 secs] 301605K->285221K(410312K), 0.0017853 secs] [Times: user=0.01 sys=0.00, real=0.00 secs] 
2020-10-29T15:50:31.626+0000: [GC (Allocation Failure) 2020-10-29T15:50:31.626+0000: [ParNew: 16388K->4K(18432K), 0.0016982 secs] 301605K->285221K(410312K), 0.0017464 secs] [Times: user=0.00 sys=0.00, real=0.00 secs] 
2020-10-29T15:50:31.648+0000: [GC (Allocation Failure) 2020-10-29T15:50:31.648+0000: [ParNew: 16388K->4K(18432K), 0.0017215 secs] 301605K->285221K(410312K), 0.0017708 secs] [Times: user=0.00 sys=0.00, real=0.01 secs] 
2020-10-29T15:50:31.669+0000: [GC (Allocation Failure) 2020-10-29T15:50:31.669+0000: [ParNew: 16388K->4K(18432K), 0.0018507 secs] 301605K->285221K(410312K), 0.0019030 secs] [Times: user=0.00 sys=0.00, real=0.01 secs] 
2020-10-29T15:50:31.687+0000: [CMS-concurrent-mark: 0.089/0.109 secs] [Times: user=0.19 sys=0.00, real=0.11 secs] 
2020-10-29T15:50:31.687+0000: [CMS-concurrent-preclean-start]
2020-10-29T15:50:31.689+0000: [CMS-concurrent-preclean: 0.002/0.002 secs] [Times: user=0.01 sys=0.00, real=0.00 secs] 
2020-10-29T15:50:31.689+0000: [CMS-concurrent-abortable-preclean-start]
2020-10-29T15:50:31.692+0000: [GC (Allocation Failure) 2020-10-29T15:50:31.692+0000: [ParNew: 16388K->4K(18432K), 0.0015240 secs] 301605K->285221K(410312K), 0.0015638 secs] [Times: user=0.01 sys=0.00, real=0.00 secs] 
2020-10-29T15:50:31.713+0000: [GC (Allocation Failure) 2020-10-29T15:50:31.713+0000: [ParNew: 16388K->4K(18432K), 0.0016809 secs] 301605K->285221K(410312K), 0.0017294 secs] [Times: user=0.01 sys=0.00, real=0.00 secs] 
2020-10-29T15:50:31.736+0000: [GC (Allocation Failure) 2020-10-29T15:50:31.736+0000: [ParNew: 16388K->4K(18432K), 0.0017022 secs] 301605K->285221K(410312K), 0.0017511 secs] [Times: user=0.01 sys=0.00, real=0.00 secs] 
2020-10-29T15:50:31.754+0000: [GC (Allocation Failure) 2020-10-29T15:50:31.754+0000: [ParNew: 16388K->4K(18432K), 0.0016260 secs] 301605K->285221K(410312K), 0.0016751 secs] [Times: user=0.01 sys=0.00, real=0.00 secs] 
2020-10-29T15:50:31.774+0000: [GC (Allocation Failure) 2020-10-29T15:50:31.774+0000: [ParNew: 16388K->4K(18432K), 0.0015637 secs] 301605K->285221K(410312K), 0.0016103 secs] [Times: user=0.00 sys=0.00, real=0.00 secs] 
2020-10-29T15:50:31.792+0000: [GC (Allocation Failure) 2020-10-29T15:50:31.792+0000: [ParNew: 16388K->4K(18432K), 0.0016652 secs] 301605K->285221K(410312K), 0.0017105 secs] [Times: user=0.01 sys=0.00, real=0.00 secs] 
2020-10-29T15:50:31.810+0000: [GC (Allocation Failure) 2020-10-29T15:50:31.810+0000: [ParNew: 16388K->4K(18432K), 0.0014654 secs] 301605K->285221K(410312K), 0.0015095 secs] [Times: user=0.00 sys=0.00, real=0.00 secs] 
2020-10-29T15:50:31.828+0000: [GC (Allocation Failure) 2020-10-29T15:50:31.828+0000: [ParNew: 16388K->4K(18432K), 0.0014917 secs] 301605K->285221K(410312K), 0.0015342 secs] [Times: user=0.00 sys=0.00, real=0.00 secs] 
2020-10-29T15:50:31.845+0000: [GC (Allocation Failure) 2020-10-29T15:50:31.845+0000: [ParNew: 16388K->4K(18432K), 0.0016748 secs] 301605K->285221K(410312K), 0.0017317 secs] [Times: user=0.00 sys=0.00, real=0.00 secs] 
2020-10-29T15:50:31.866+0000: [GC (Allocation Failure) 2020-10-29T15:50:31.866+0000: [ParNew: 16388K->4K(18432K), 0.0019206 secs] 301605K->285221K(410312K), 0.0019749 secs] [Times: user=0.00 sys=0.00, real=0.00 secs] 
2020-10-29T15:50:31.886+0000: [GC (Allocation Failure) 2020-10-29T15:50:31.886+0000: [ParNew: 16388K->4K(18432K), 0.0017080 secs] 301605K->285221K(410312K), 0.0017588 secs] [Times: user=0.00 sys=0.00, real=0.00 secs] 
2020-10-29T15:50:31.906+0000: [GC (Allocation Failure) 2020-10-29T15:50:31.906+0000: [ParNew: 16388K->4K(18432K), 0.0019704 secs] 301605K->285221K(410312K), 0.0020252 secs] [Times: user=0.01 sys=0.00, real=0.00 secs] 
2020-10-29T15:50:31.924+0000: [GC (Allocation Failure) 2020-10-29T15:50:31.924+0000: [ParNew: 16388K->4K(18432K), 0.0018064 secs] 301605K->285221K(410312K), 0.0018581 secs] [Times: user=0.00 sys=0.01, real=0.00 secs] 
2020-10-29T15:50:31.944+0000: [GC (Allocation Failure) 2020-10-29T15:50:31.944+0000: [ParNew: 16388K->4K(18432K), 0.0017595 secs] 301605K->285221K(410312K), 0.0018092 secs] [Times: user=0.00 sys=0.00, real=0.00 secs] 
2020-10-29T15:50:31.962+0000: [GC (Allocation Failure) 2020-10-29T15:50:31.962+0000: [ParNew: 16388K->4K(18432K), 0.0016978 secs] 301605K->285221K(410312K), 0.0017556 secs] [Times: user=0.01 sys=0.00, real=0.00 secs] 
2020-10-29T15:50:31.982+0000: [GC (Allocation Failure) 2020-10-29T15:50:31.982+0000: [ParNew: 16388K->4K(18432K), 0.0018141 secs] 301605K->285221K(410312K), 0.0018641 secs] [Times: user=0.01 sys=0.00, real=0.00 secs] 
2020-10-29T15:50:32.002+0000: [GC (Allocation Failure) 2020-10-29T15:50:32.002+0000: [ParNew: 16194K->4K(18432K), 0.0017391 secs] 301412K->285221K(410312K), 0.0017872 secs] [Times: user=0.00 sys=0.00, real=0.00 secs] 
2020-10-29T15:50:32.013+0000: [GC (Allocation Failure) 2020-10-29T15:50:32.013+0000: [ParNew: 16388K->4K(18432K), 0.0075246 secs] 301605K->293413K(410312K), 0.0075752 secs] [Times: user=0.02 sys=0.00, real=0.00 secs] 
2020-10-29T15:50:32.021+0000: [CMS-concurrent-abortable-preclean: 0.022/0.332 secs] [Times: user=0.58 sys=0.04, real=0.33 secs] 
2020-10-29T15:50:32.022+0000: [GC (CMS Final Remark) [YG occupancy: 1411 K (18432 K)]2020-10-29T15:50:32.022+0000: [Rescan (parallel) , 0.0021293 secs]2020-10-29T15:50:32.024+0000: [weak refs processing, 0.0000577 secs]2020-10-29T15:50:32.025+0000: [class unloading, 0.0078644 secs]2020-10-29T15:50:32.032+0000: [scrub symbol table, 0.0092009 secs]2020-10-29T15:50:32.042+0000: [scrub string table, 0.0005799 secs][1 CMS-remark: 293409K(391880K)] 294821K(410312K), 0.0199386 secs] [Times: user=0.02 sys=0.00, real=0.02 secs] 
2020-10-29T15:50:32.046+0000: [CMS-concurrent-sweep-start]
2020-10-29T15:50:32.062+0000: [GC (Allocation Failure) 2020-10-29T15:50:32.062+0000: [ParNew: 16388K->4K(18432K), 0.0033136 secs] 309594K->293210K(410312K), 0.0033668 secs] [Times: user=0.01 sys=0.00, real=0.00 secs] 
2020-10-29T15:50:32.069+0000: [CMS-concurrent-sweep: 0.017/0.023 secs] [Times: user=0.03 sys=0.01, real=0.02 secs] 
2020-10-29T15:50:32.069+0000: [CMS-concurrent-reset-start]
2020-10-29T15:50:32.071+0000: [CMS-concurrent-reset: 0.002/0.002 secs] [Times: user=0.01 sys=0.00, real=0.01 secs] 
2020-10-29T15:50:32.084+0000: [GC (Allocation Failure) 2020-10-29T15:50:32.084+0000: [ParNew: 16388K->4K(18432K), 0.0019949 secs] 261263K->244879K(426560K), 0.0020392 secs] [Times: user=0.00 sys=0.00, real=0.00 secs] 
2020-10-29T15:50:32.101+0000: [GC (Allocation Failure) 2020-10-29T15:50:32.101+0000: [ParNew: 16388K->4K(18432K), 0.0018636 secs] 261263K->244879K(426560K), 0.0019064 secs] [Times: user=0.01 sys=0.00, real=0.01 secs] 
2020-10-29T15:50:32.118+0000: [GC (Allocation Failure) 2020-10-29T15:50:32.118+0000: [ParNew: 16388K->4K(18432K), 0.0017381 secs] 261263K->244879K(426560K), 0.0017780 secs] [Times: user=0.00 sys=0.00, real=0.00 secs] 
2020-10-29T15:50:32.135+0000: [GC (Allocation Failure) 2020-10-29T15:50:32.135+0000: [ParNew: 16388K->4K(18432K), 0.0016630 secs] 261263K->244879K(426560K), 0.0017021 secs] [Times: user=0.00 sys=0.00, real=0.00 secs] 
2020-10-29T15:50:32.154+0000: [GC (Allocation Failure) 2020-10-29T15:50:32.154+0000: [ParNew: 16388K->4K(18432K), 0.0016696 secs] 261263K->244880K(426560K), 0.0017101 secs] [Times: user=0.00 sys=0.00, real=0.00 secs] 
2020-10-29T15:50:32.172+0000: [GC (Allocation Failure) 2020-10-29T15:50:32.172+0000: [ParNew: 16388K->4K(18432K), 0.0017664 secs] 261264K->244880K(426560K), 0.0018083 secs] [Times: user=0.00 sys=0.00, real=0.00 secs] 
2020-10-29T15:50:32.189+0000: [GC (Allocation Failure) 2020-10-29T15:50:32.189+0000: [ParNew: 16388K->4K(18432K), 0.0018259 secs] 261264K->244880K(426560K), 0.0018896 secs] [Times: user=0.01 sys=0.00, real=0.01 secs] 
2020-10-29T15:50:32.211+0000: [GC (Allocation Failure) 2020-10-29T15:50:32.211+0000: [ParNew: 16388K->4K(18432K), 0.0017813 secs] 261264K->244880K(426560K), 0.0018229 secs] [Times: user=0.01 sys=0.00, real=0.00 secs] 
2020-10-29T15:50:32.230+0000: [GC (Allocation Failure) 2020-10-29T15:50:32.230+0000: [ParNew: 16388K->4K(18432K), 0.0018302 secs] 261264K->244880K(426560K), 0.0018767 secs] [Times: user=0.01 sys=0.00, real=0.00 secs] 
2020-10-29T15:50:32.249+0000: [GC (Allocation Failure) 2020-10-29T15:50:32.249+0000: [ParNew: 16388K->4K(18432K), 0.0019329 secs] 261264K->244880K(426560K), 0.0019826 secs] [Times: user=0.00 sys=0.00, real=0.01 secs] 
2020-10-29T15:50:32.266+0000: [GC (Allocation Failure) 2020-10-29T15:50:32.266+0000: [ParNew: 16388K->4K(18432K), 0.0018949 secs] 261264K->244880K(426560K), 0.0019422 secs] [Times: user=0.00 sys=0.00, real=0.00 secs] 
2020-10-29T15:50:32.286+0000: [GC (Allocation Failure) 2020-10-29T15:50:32.286+0000: [ParNew: 16388K->4K(18432K), 0.0016204 secs] 261264K->244880K(426560K), 0.0016647 secs] [Times: user=0.01 sys=0.00, real=0.00 secs] 
2020-10-29T15:50:32.303+0000: [GC (Allocation Failure) 2020-10-29T15:50:32.303+0000: [ParNew: 16388K->4K(18432K), 0.0016196 secs] 261264K->244880K(426560K), 0.0016614 secs] [Times: user=0.00 sys=0.00, real=0.00 secs] 
2020-10-29T15:50:32.313+0000: [GC (Allocation Failure) 2020-10-29T15:50:32.313+0000: [ParNew: 16388K->4K(18432K), 0.0023123 secs] 261264K->253072K(426560K), 0.0023573 secs] [Times: user=0.00 sys=0.00, real=0.00 secs] 
2020-10-29T15:50:32.331+0000: [GC (Allocation Failure) 2020-10-29T15:50:32.331+0000: [ParNew: 16388K->4K(18432K), 0.0017732 secs] 269456K->253072K(426560K), 0.0018199 secs] [Times: user=0.00 sys=0.00, real=0.00 secs] 
2020-10-29T15:50:32.350+0000: [GC (Allocation Failure) 2020-10-29T15:50:32.350+0000: [ParNew: 16388K->4K(18432K), 0.0016435 secs] 269456K->253072K(426560K), 0.0016854 secs] [Times: user=0.00 sys=0.00, real=0.00 secs] 
2020-10-29T15:50:32.370+0000: [GC (Allocation Failure) 2020-10-29T15:50:32.370+0000: [ParNew: 16388K->4K(18432K), 0.0016366 secs] 269456K->253072K(426560K), 0.0016791 secs] [Times: user=0.00 sys=0.00, real=0.00 secs] 
2020-10-29T15:50:32.390+0000: [GC (Allocation Failure) 2020-10-29T15:50:32.390+0000: [ParNew: 16388K->4K(18432K), 0.0017539 secs] 269456K->253072K(426560K), 0.0017995 secs] [Times: user=0.00 sys=0.00, real=0.00 secs] 
2020-10-29T15:50:32.410+0000: [GC (Allocation Failure) 2020-10-29T15:50:32.410+0000: [ParNew: 16388K->4K(18432K), 0.0017165 secs] 269456K->253072K(426560K), 0.0017629 secs] [Times: user=0.00 sys=0.00, real=0.00 secs] 
2020-10-29T15:50:32.430+0000: [GC (Allocation Failure) 2020-10-29T15:50:32.430+0000: [ParNew: 16388K->4K(18432K), 0.0017891 secs] 269456K->253072K(426560K), 0.0018349 secs] [Times: user=0.00 sys=0.00, real=0.00 secs] 
2020-10-29T15:50:32.447+0000: [GC (Allocation Failure) 2020-10-29T15:50:32.447+0000: [ParNew: 16388K->4K(18432K), 0.0018279 secs] 269456K->253072K(426560K), 0.0018740 secs] [Times: user=0.01 sys=0.00, real=0.00 secs] 
2020-10-29T15:50:32.466+0000: [GC (Allocation Failure) 2020-10-29T15:50:32.466+0000: [ParNew: 16388K->4K(18432K), 0.0018585 secs] 269456K->253072K(426560K), 0.0019040 secs] [Times: user=0.00 sys=0.00, real=0.00 secs] 
2020-10-29T15:50:32.483+0000: [GC (Allocation Failure) 2020-10-29T15:50:32.483+0000: [ParNew: 16388K->4K(18432K), 0.0018970 secs] 269456K->253072K(426560K), 0.0019429 secs] [Times: user=0.00 sys=0.00, real=0.00 secs] 
2020-10-29T15:50:32.500+0000: [GC (Allocation Failure) 2020-10-29T15:50:32.500+0000: [ParNew: 16388K->4K(18432K), 0.0018589 secs] 269456K->253072K(426560K), 0.0019003 secs] [Times: user=0.01 sys=0.00, real=0.01 secs] 
2020-10-29T15:50:32.517+0000: [GC (Allocation Failure) 2020-10-29T15:50:32.518+0000: [ParNew: 16388K->4K(18432K), 0.0017789 secs] 269456K->253072K(426560K), 0.0018236 secs] [Times: user=0.00 sys=0.00, real=0.00 secs] 
2020-10-29T15:50:32.538+0000: [GC (Allocation Failure) 2020-10-29T15:50:32.538+0000: [ParNew: 16388K->4K(18432K), 0.0017944 secs] 269456K->253072K(426560K), 0.0018402 secs] [Times: user=0.00 sys=0.00, real=0.00 secs] 
2020-10-29T15:50:32.557+0000: [GC (Allocation Failure) 2020-10-29T15:50:32.557+0000: [ParNew: 12808K->4K(18432K), 0.0019519 secs] 265876K->253072K(426560K), 0.0020203 secs] [Times: user=0.00 sys=0.00, real=0.00 secs] 
2020-10-29T15:50:32.570+0000: [GC (Allocation Failure) 2020-10-29T15:50:32.570+0000: [ParNew: 16388K->4K(18432K), 0.0025698 secs] 269456K->261264K(426560K), 0.0026347 secs] [Times: user=0.01 sys=0.00, real=0.01 secs] 
2020-10-29T15:50:32.589+0000: [GC (Allocation Failure) 2020-10-29T15:50:32.589+0000: [ParNew: 16388K->4K(18432K), 0.0018219 secs] 277648K->261264K(426560K), 0.0018698 secs] [Times: user=0.00 sys=0.00, real=0.01 secs] 
2020-10-29T15:50:32.606+0000: [GC (Allocation Failure) 2020-10-29T15:50:32.606+0000: [ParNew: 16388K->4K(18432K), 0.0016498 secs] 277648K->261264K(426560K), 0.0016915 secs] [Times: user=0.00 sys=0.00, real=0.00 secs] 
2020-10-29T15:50:32.623+0000: [GC (Allocation Failure) 2020-10-29T15:50:32.623+0000: [ParNew: 16388K->4K(18432K), 0.0017994 secs] 277648K->261264K(426560K), 0.0018451 secs] [Times: user=0.01 sys=0.00, real=0.00 secs] 
2020-10-29T15:50:32.642+0000: [GC (Allocation Failure) 2020-10-29T15:50:32.642+0000: [ParNew: 16388K->4K(18432K), 0.0018303 secs] 277648K->261264K(426560K), 0.0018774 secs] [Times: user=0.00 sys=0.00, real=0.00 secs] 
2020-10-29T15:50:32.662+0000: [GC (Allocation Failure) 2020-10-29T15:50:32.662+0000: [ParNew: 16388K->4K(18432K), 0.0018547 secs] 277648K->261264K(426560K), 0.0019033 secs] [Times: user=0.01 sys=0.00, real=0.00 secs] 
2020-10-29T15:50:32.679+0000: [GC (Allocation Failure) 2020-10-29T15:50:32.679+0000: [ParNew: 16388K->4K(18432K), 0.0019005 secs] 277648K->261264K(426560K), 0.0019485 secs] [Times: user=0.00 sys=0.00, real=0.00 secs] 
2020-10-29T15:50:32.698+0000: [GC (Allocation Failure) 2020-10-29T15:50:32.698+0000: [ParNew: 16388K->4K(18432K), 0.0018041 secs] 277648K->261264K(426560K), 0.0018517 secs] [Times: user=0.00 sys=0.00, real=0.00 secs] 
2020-10-29T15:50:32.718+0000: [GC (Allocation Failure) 2020-10-29T15:50:32.718+0000: [ParNew: 16388K->4K(18432K), 0.0016872 secs] 277648K->261264K(426560K), 0.0017309 secs] [Times: user=0.00 sys=0.00, real=0.00 secs] 
2020-10-29T15:50:32.735+0000: [GC (Allocation Failure) 2020-10-29T15:50:32.735+0000: [ParNew: 16388K->4K(18432K), 0.0015495 secs] 277648K->261264K(426560K), 0.0015922 secs] [Times: user=0.00 sys=0.00, real=0.00 secs] 
2020-10-29T15:50:32.752+0000: [GC (Allocation Failure) 2020-10-29T15:50:32.752+0000: [ParNew: 16388K->4K(18432K), 0.0018544 secs] 277648K->261264K(426560K), 0.0019042 secs] [Times: user=0.01 sys=0.00, real=0.00 secs] 
2020-10-29T15:50:32.770+0000: [GC (Allocation Failure) 2020-10-29T15:50:32.770+0000: [ParNew: 16388K->4K(18432K), 0.0019275 secs] 277648K->261264K(426560K), 0.0019748 secs] [Times: user=0.00 sys=0.00, real=0.00 secs] 
2020-10-29T15:50:32.788+0000: [GC (Allocation Failure) 2020-10-29T15:50:32.788+0000: [ParNew: 16388K->4K(18432K), 0.0018729 secs] 277648K->261264K(426560K), 0.0019172 secs] [Times: user=0.00 sys=0.00, real=0.00 secs] 
2020-10-29T15:50:32.806+0000: [GC (Allocation Failure) 2020-10-29T15:50:32.806+0000: [ParNew: 16388K->4K(18432K), 0.0019421 secs] 277648K->261264K(426560K), 0.0019922 secs] [Times: user=0.01 sys=0.00, real=0.00 secs] 
2020-10-29T15:50:32.824+0000: [GC (Allocation Failure) 2020-10-29T15:50:32.824+0000: [ParNew: 16388K->4K(18432K), 0.0019019 secs] 277648K->261264K(426560K), 0.0019513 secs] [Times: user=0.00 sys=0.00, real=0.00 secs] 
2020-10-29T15:50:32.842+0000: [GC (Allocation Failure) 2020-10-29T15:50:32.842+0000: [ParNew: 16388K->4K(18432K), 0.0019775 secs] 277648K->261264K(426560K), 0.0020273 secs] [Times: user=0.00 sys=0.00, real=0.00 secs] 
2020-10-29T15:50:32.861+0000: [GC (Allocation Failure) 2020-10-29T15:50:32.861+0000: [ParNew: 16388K->4K(18432K), 0.0019837 secs] 277648K->261264K(426560K), 0.0020374 secs] [Times: user=0.01 sys=0.00, real=0.01 secs] 
2020-10-29T15:50:32.878+0000: [GC (Allocation Failure) 2020-10-29T15:50:32.878+0000: [ParNew: 16388K->4K(18432K), 0.0018712 secs] 277648K->261264K(426560K), 0.0019169 secs] [Times: user=0.00 sys=0.00, real=0.00 secs] 
2020-10-29T15:50:32.898+0000: [GC (Allocation Failure) 2020-10-29T15:50:32.898+0000: [ParNew: 16388K->4K(18432K), 0.0018764 secs] 277648K->261264K(426560K), 0.0019367 secs] [Times: user=0.00 sys=0.00, real=0.00 secs] 
2020-10-29T15:50:32.918+0000: [GC (Allocation Failure) 2020-10-29T15:50:32.918+0000: [ParNew: 16388K->4K(18432K), 0.0018809 secs] 277648K->261264K(426560K), 0.0019255 secs] [Times: user=0.00 sys=0.00, real=0.00 secs] 
2020-10-29T15:50:32.936+0000: [GC (Allocation Failure) 2020-10-29T15:50:32.936+0000: [ParNew: 16388K->4K(18432K), 0.0019242 secs] 277648K->261264K(426560K), 0.0019734 secs] [Times: user=0.00 sys=0.00, real=0.00 secs] 
2020-10-29T15:50:32.953+0000: [GC (Allocation Failure) 2020-10-29T15:50:32.953+0000: [ParNew: 16388K->4K(18432K), 0.0017893 secs] 277648K->261264K(426560K), 0.0018346 secs] [Times: user=0.01 sys=0.00, real=0.00 secs] 
2020-10-29T15:50:32.970+0000: [GC (Allocation Failure) 2020-10-29T15:50:32.970+0000: [ParNew: 16388K->4K(18432K), 0.0016595 secs] 277648K->261264K(426560K), 0.0016993 secs] [Times: user=0.00 sys=0.00, real=0.00 secs] 
2020-10-29T15:50:32.987+0000: [GC (Allocation Failure) 2020-10-29T15:50:32.987+0000: [ParNew: 16388K->4K(18432K), 0.0016765 secs] 277648K->261264K(426560K), 0.0017159 secs] [Times: user=0.00 sys=0.00, real=0.00 secs] 
2020-10-29T15:50:33.006+0000: [GC (Allocation Failure) 2020-10-29T15:50:33.006+0000: [ParNew: 16388K->4K(18432K), 0.0017291 secs] 277648K->261264K(426560K), 0.0017731 secs] [Times: user=0.01 sys=0.00, real=0.00 secs] 
2020-10-29T15:50:33.023+0000: [GC (Allocation Failure) 2020-10-29T15:50:33.023+0000: [ParNew: 16388K->4K(18432K), 0.0018449 secs] 277648K->261264K(426560K), 0.0018933 secs] [Times: user=0.01 sys=0.00, real=0.00 secs] 
2020-10-29T15:50:33.040+0000: [GC (Allocation Failure) 2020-10-29T15:50:33.040+0000: [ParNew: 16380K->4K(18432K), 0.0017533 secs] 277640K->261264K(426560K), 0.0017955 secs] [Times: user=0.00 sys=0.00, real=0.00 secs] 
2020-10-29T15:50:33.058+0000: [GC (Allocation Failure) 2020-10-29T15:50:33.058+0000: [ParNew: 13819K->4K(18432K), 0.0016405 secs] 275079K->261264K(426560K), 0.0016784 secs] [Times: user=0.00 sys=0.00, real=0.00 secs] 
2020-10-29T15:50:33.068+0000: [GC (Allocation Failure) 2020-10-29T15:50:33.068+0000: [ParNew: 16269K->4K(18432K), 0.0024432 secs] 277529K->269456K(426560K), 0.0024817 secs] [Times: user=0.01 sys=0.00, real=0.01 secs] 
2020-10-29T15:50:33.071+0000: [GC (CMS Initial Mark) [1 CMS-initial-mark: 269452K(408128K)] 269817K(426560K), 0.0012217 secs] [Times: user=0.00 sys=0.00, real=0.00 secs] 
2020-10-29T15:50:33.072+0000: [CMS-concurrent-mark-start]
2020-10-29T15:50:33.096+0000: [GC (Allocation Failure) 2020-10-29T15:50:33.096+0000: [ParNew: 16388K->4K(18432K), 0.0017349 secs] 285840K->269456K(426560K), 0.0017820 secs] [Times: user=0.01 sys=0.00, real=0.00 secs] 
2020-10-29T15:50:33.107+0000: [GC (Allocation Failure) 2020-10-29T15:50:33.107+0000: [ParNew: 16388K->4K(18432K), 0.0026073 secs] 285840K->277648K(426560K), 0.0026553 secs] [Times: user=0.00 sys=0.00, real=0.00 secs] 
2020-10-29T15:50:33.138+0000: [CMS-concurrent-mark: 0.053/0.065 secs] [Times: user=0.13 sys=0.00, real=0.06 secs] 
2020-10-29T15:50:33.138+0000: [GC (Allocation Failure) 2020-10-29T15:50:33.138+0000: [ParNew: 16388K->4K(18432K), 0.0019339 secs] 294032K->277648K(426560K), 0.0019743 secs] [Times: user=0.00 sys=0.00, real=0.00 secs] 
2020-10-29T15:50:33.140+0000: [CMS-concurrent-preclean-start]
2020-10-29T15:50:33.141+0000: [CMS-concurrent-preclean: 0.001/0.001 secs] [Times: user=0.00 sys=0.00, real=0.00 secs] 
2020-10-29T15:50:33.143+0000: [GC (CMS Final Remark) [YG occupancy: 919 K (18432 K)]2020-10-29T15:50:33.143+0000: [Rescan (parallel) , 0.0016192 secs]2020-10-29T15:50:33.145+0000: [weak refs processing, 0.0000242 secs]2020-10-29T15:50:33.145+0000: [class unloading, 0.0078146 secs]2020-10-29T15:50:33.153+0000: [scrub symbol table, 0.0092670 secs]2020-10-29T15:50:33.162+0000: [scrub string table, 0.0005668 secs][1 CMS-remark: 277644K(408128K)] 278563K(426560K), 0.0193923 secs] [Times: user=0.02 sys=0.01, real=0.02 secs] 
2020-10-29T15:50:33.166+0000: [CMS-concurrent-sweep-start]
2020-10-29T15:50:33.185+0000: [GC (Allocation Failure) 2020-10-29T15:50:33.185+0000: [ParNew: 16388K->4K(18432K), 0.0019797 secs] 294011K->277627K(426560K), 0.0020508 secs] [Times: user=0.00 sys=0.00, real=0.00 secs] 
2020-10-29T15:50:33.195+0000: [CMS-concurrent-sweep: 0.021/0.029 secs] [Times: user=0.06 sys=0.00, real=0.03 secs] 
2020-10-29T15:50:33.195+0000: [CMS-concurrent-reset-start]
2020-10-29T15:50:33.197+0000: [CMS-concurrent-reset: 0.002/0.002 secs] [Times: user=0.00 sys=0.00, real=0.00 secs] 
2020-10-29T15:50:33.205+0000: [GC (Allocation Failure) 2020-10-29T15:50:33.205+0000: [ParNew: 16388K->4K(18432K), 0.0021548 secs] 293939K->277555K(481020K), 0.0021953 secs] [Times: user=0.00 sys=0.00, real=0.00 secs] 
2020-10-29T15:50:33.226+0000: [GC (Allocation Failure) 2020-10-29T15:50:33.226+0000: [ParNew: 16388K->4K(18432K), 0.0020970 secs] 293939K->277555K(481020K), 0.0021450 secs] [Times: user=0.01 sys=0.00, real=0.00 secs] 
2020-10-29T15:50:33.246+0000: [GC (Allocation Failure) 2020-10-29T15:50:33.246+0000: [ParNew: 16388K->4K(18432K), 0.0019411 secs] 293939K->277555K(481020K), 0.0019820 secs] [Times: user=0.00 sys=0.00, real=0.00 secs] 
2020-10-29T15:50:33.266+0000: [GC (Allocation Failure) 2020-10-29T15:50:33.266+0000: [ParNew: 16388K->4K(18432K), 0.0019443 secs] 293939K->277555K(481020K), 0.0019865 secs] [Times: user=0.00 sys=0.00, real=0.00 secs] 
2020-10-29T15:50:33.284+0000: [GC (Allocation Failure) 2020-10-29T15:50:33.284+0000: [ParNew: 16388K->4K(18432K), 0.0019159 secs] 293939K->277555K(481020K), 0.0019583 secs] [Times: user=0.00 sys=0.00, real=0.00 secs] 
2020-10-29T15:50:33.302+0000: [GC (Allocation Failure) 2020-10-29T15:50:33.302+0000: [ParNew: 16388K->4K(18432K), 0.0019905 secs] 293939K->277555K(481020K), 0.0020378 secs] [Times: user=0.00 sys=0.00, real=0.00 secs] 
2020-10-29T15:50:33.320+0000: [GC (Allocation Failure) 2020-10-29T15:50:33.320+0000: [ParNew: 16388K->4K(18432K), 0.0019989 secs] 293939K->277555K(481020K), 0.0020433 secs] [Times: user=0.01 sys=0.00, real=0.00 secs] 
2020-10-29T15:50:33.337+0000: [GC (Allocation Failure) 2020-10-29T15:50:33.337+0000: [ParNew: 16388K->4K(18432K), 0.0020760 secs] 293939K->277555K(481020K), 0.0021263 secs] [Times: user=0.00 sys=0.00, real=0.00 secs] 
2020-10-29T15:50:33.354+0000: [GC (Allocation Failure) 2020-10-29T15:50:33.354+0000: [ParNew: 16388K->4K(18432K), 0.0019762 secs] 293939K->277555K(481020K), 0.0020330 secs] [Times: user=0.00 sys=0.00, real=0.00 secs] 
2020-10-29T15:50:33.374+0000: [GC (Allocation Failure) 2020-10-29T15:50:33.374+0000: [ParNew: 16388K->4K(18432K), 0.0018184 secs] 293939K->277555K(481020K), 0.0018583 secs] [Times: user=0.00 sys=0.00, real=0.00 secs] 
2020-10-29T15:50:33.394+0000: [GC (Allocation Failure) 2020-10-29T15:50:33.394+0000: [ParNew: 16388K->4K(18432K), 0.0020092 secs] 293939K->277555K(481020K), 0.0020561 secs] [Times: user=0.01 sys=0.00, real=0.00 secs] 
2020-10-29T15:50:33.412+0000: [GC (Allocation Failure) 2020-10-29T15:50:33.412+0000: [ParNew: 16388K->4K(18432K), 0.0020498 secs] 293939K->277555K(481020K), 0.0020965 secs] [Times: user=0.01 sys=0.00, real=0.00 secs] 
2020-10-29T15:50:33.429+0000: [GC (Allocation Failure) 2020-10-29T15:50:33.429+0000: [ParNew: 16388K->4K(18432K), 0.0017095 secs] 293939K->277555K(481020K), 0.0017729 secs] [Times: user=0.01 sys=0.00, real=0.01 secs] 
2020-10-29T15:50:33.446+0000: [GC (Allocation Failure) 2020-10-29T15:50:33.446+0000: [ParNew: 16388K->4K(18432K), 0.0017400 secs] 293939K->277555K(481020K), 0.0017816 secs] [Times: user=0.00 sys=0.00, real=0.00 secs] 
2020-10-29T15:50:33.466+0000: [GC (Allocation Failure) 2020-10-29T15:50:33.466+0000: [ParNew: 16388K->4K(18432K), 0.0018653 secs] 293939K->277555K(481020K), 0.0019095 secs] [Times: user=0.00 sys=0.01, real=0.00 secs] 
2020-10-29T15:50:33.486+0000: [GC (Allocation Failure) 2020-10-29T15:50:33.486+0000: [ParNew: 16388K->4K(18432K), 0.0019424 secs] 293939K->277555K(481020K), 0.0019868 secs] [Times: user=0.00 sys=0.00, real=0.00 secs] 
2020-10-29T15:50:33.504+0000: [GC (Allocation Failure) 2020-10-29T15:50:33.504+0000: [ParNew: 16388K->4K(18432K), 0.0019439 secs] 293939K->277555K(481020K), 0.0020077 secs] [Times: user=0.00 sys=0.00, real=0.00 secs] 
2020-10-29T15:50:33.521+0000: [GC (Allocation Failure) 2020-10-29T15:50:33.521+0000: [ParNew: 16388K->4K(18432K), 0.0018885 secs] 293939K->277555K(481020K), 0.0019302 secs] [Times: user=0.01 sys=0.00, real=0.01 secs] 
2020-10-29T15:50:33.538+0000: [GC (Allocation Failure) 2020-10-29T15:50:33.538+0000: [ParNew: 16388K->4K(18432K), 0.0018574 secs] 293939K->277555K(481020K), 0.0019077 secs] [Times: user=0.00 sys=0.00, real=0.00 secs] 
2020-10-29T15:50:33.555+0000: [GC (Allocation Failure) 2020-10-29T15:50:33.555+0000: [ParNew: 16388K->4K(18432K), 0.0019355 secs] 293939K->277555K(481020K), 0.0019810 secs] [Times: user=0.00 sys=0.00, real=0.00 secs] 
2020-10-29T15:50:33.572+0000: [GC (Allocation Failure) 2020-10-29T15:50:33.572+0000: [ParNew: 16388K->4K(18432K), 0.0018729 secs] 293939K->277555K(481020K), 0.0019136 secs] [Times: user=0.01 sys=0.00, real=0.00 secs] 
2020-10-29T15:50:33.589+0000: [GC (Allocation Failure) 2020-10-29T15:50:33.589+0000: [ParNew: 16388K->4K(18432K), 0.0018402 secs] 293939K->277555K(481020K), 0.0018793 secs] [Times: user=0.01 sys=0.00, real=0.01 secs] 
2020-10-29T15:50:33.606+0000: [GC (Allocation Failure) 2020-10-29T15:50:33.606+0000: [ParNew: 16388K->4K(18432K), 0.0018235 secs] 293939K->277555K(481020K), 0.0018639 secs] [Times: user=0.00 sys=0.00, real=0.00 secs] 
2020-10-29T15:50:33.626+0000: [GC (Allocation Failure) 2020-10-29T15:50:33.626+0000: [ParNew: 16388K->4K(18432K), 0.0017777 secs] 293939K->277555K(481020K), 0.0018180 secs] [Times: user=0.00 sys=0.00, real=0.00 secs] 
2020-10-29T15:50:33.646+0000: [GC (Allocation Failure) 2020-10-29T15:50:33.646+0000: [ParNew: 16388K->4K(18432K), 0.0018918 secs] 293939K->277555K(481020K), 0.0019345 secs] [Times: user=0.01 sys=0.00, real=0.00 secs] 
2020-10-29T15:50:33.663+0000: [GC (Allocation Failure) 2020-10-29T15:50:33.663+0000: [ParNew: 16388K->4K(18432K), 0.0019273 secs] 293939K->277555K(481020K), 0.0019710 secs] [Times: user=0.01 sys=0.00, real=0.00 secs] 
2020-10-29T15:50:33.678+0000: [GC (Allocation Failure) 2020-10-29T15:50:33.678+0000: [ParNew: 16388K->4K(18432K), 0.0078440 secs] 293939K->285747K(481020K), 0.0078866 secs] [Times: user=0.02 sys=0.01, real=0.01 secs] 
2020-10-29T15:50:33.701+0000: [GC (Allocation Failure) 2020-10-29T15:50:33.701+0000: [ParNew: 16388K->4K(18432K), 0.0021224 secs] 302131K->285747K(481020K), 0.0021724 secs] [Times: user=0.01 sys=0.00, real=0.01 secs] 
2020-10-29T15:50:33.714+0000: [GC (Allocation Failure) 2020-10-29T15:50:33.714+0000: [ParNew: 9027K->4K(18432K), 0.0019238 secs] 294770K->285747K(481020K), 0.0019630 secs] [Times: user=0.00 sys=0.00, real=0.00 secs] 
2020-10-29T15:50:33.725+0000: [GC (Allocation Failure) 2020-10-29T15:50:33.725+0000: [ParNew: 16388K->4K(18432K), 0.0074368 secs] 302131K->293939K(481020K), 0.0074822 secs] [Times: user=0.01 sys=0.00, real=0.01 secs] 
2020-10-29T15:50:33.747+0000: [GC (Allocation Failure) 2020-10-29T15:50:33.747+0000: [ParNew: 16388K->4K(18432K), 0.0020433 secs] 310323K->293939K(481020K), 0.0020910 secs] [Times: user=0.01 sys=0.00, real=0.00 secs] 
2020-10-29T15:50:33.766+0000: [GC (Allocation Failure) 2020-10-29T15:50:33.766+0000: [ParNew: 16388K->4K(18432K), 0.0017851 secs] 310323K->293939K(481020K), 0.0018257 secs] [Times: user=0.00 sys=0.00, real=0.00 secs] 
2020-10-29T15:50:33.786+0000: [GC (Allocation Failure) 2020-10-29T15:50:33.786+0000: [ParNew: 16388K->4K(18432K), 0.0018594 secs] 310323K->293939K(481020K), 0.0019042 secs] [Times: user=0.01 sys=0.00, real=0.00 secs] 
2020-10-29T15:50:33.804+0000: [GC (Allocation Failure) 2020-10-29T15:50:33.804+0000: [ParNew: 16388K->4K(18432K), 0.0017571 secs] 310323K->293939K(481020K), 0.0017996 secs] [Times: user=0.00 sys=0.00, real=0.00 secs] 
2020-10-29T15:50:33.822+0000: [GC (Allocation Failure) 2020-10-29T15:50:33.822+0000: [ParNew: 16388K->4K(18432K), 0.0018282 secs] 310323K->293939K(481020K), 0.0018723 secs] [Times: user=0.00 sys=0.00, real=0.00 secs] 
2020-10-29T15:50:33.842+0000: [GC (Allocation Failure) 2020-10-29T15:50:33.842+0000: [ParNew: 16388K->4K(18432K), 0.0019163 secs] 310323K->293939K(481020K), 0.0019633 secs] [Times: user=0.01 sys=0.00, real=0.00 secs] 
2020-10-29T15:50:33.860+0000: [GC (Allocation Failure) 2020-10-29T15:50:33.860+0000: [ParNew: 16388K->4K(18432K), 0.0019883 secs] 310323K->293939K(481020K), 0.0020370 secs] [Times: user=0.00 sys=0.00, real=0.00 secs] 
2020-10-29T15:50:33.878+0000: [GC (Allocation Failure) 2020-10-29T15:50:33.878+0000: [ParNew: 16388K->4K(18432K), 0.0019850 secs] 310323K->293939K(481020K), 0.0020308 secs] [Times: user=0.00 sys=0.00, real=0.00 secs] 
2020-10-29T15:50:33.896+0000: [GC (Allocation Failure) 2020-10-29T15:50:33.896+0000: [ParNew: 16388K->4K(18432K), 0.0020045 secs] 310323K->293939K(481020K), 0.0020523 secs] [Times: user=0.01 sys=0.00, real=0.00 secs] 
2020-10-29T15:50:33.914+0000: [GC (Allocation Failure) 2020-10-29T15:50:33.914+0000: [ParNew: 16388K->4K(18432K), 0.0019631 secs] 310323K->293939K(481020K), 0.0020106 secs] [Times: user=0.01 sys=0.00, real=0.00 secs] 
2020-10-29T15:50:33.932+0000: [GC (Allocation Failure) 2020-10-29T15:50:33.932+0000: [ParNew: 16388K->4K(18432K), 0.0019717 secs] 310323K->293939K(481020K), 0.0020183 secs] [Times: user=0.00 sys=0.00, real=0.00 secs] 
2020-10-29T15:50:33.949+0000: [GC (Allocation Failure) 2020-10-29T15:50:33.949+0000: [ParNew: 16388K->4K(18432K), 0.0020304 secs] 310323K->293939K(481020K), 0.0020782 secs] [Times: user=0.00 sys=0.00, real=0.01 secs] 
2020-10-29T15:50:33.966+0000: [GC (Allocation Failure) 2020-10-29T15:50:33.966+0000: [ParNew: 16388K->4K(18432K), 0.0021576 secs] 310323K->293939K(481020K), 0.0022060 secs] [Times: user=0.01 sys=0.00, real=0.00 secs] 
2020-10-29T15:50:33.986+0000: [GC (Allocation Failure) 2020-10-29T15:50:33.986+0000: [ParNew: 16388K->4K(18432K), 0.0019990 secs] 310323K->293939K(481020K), 0.0020461 secs] [Times: user=0.01 sys=0.00, real=0.00 secs] 
2020-10-29T15:50:34.006+0000: [GC (Allocation Failure) 2020-10-29T15:50:34.006+0000: [ParNew: 16388K->4K(18432K), 0.0020092 secs] 310323K->293939K(481020K), 0.0020580 secs] [Times: user=0.00 sys=0.00, real=0.00 secs] 
2020-10-29T15:50:34.026+0000: [GC (Allocation Failure) 2020-10-29T15:50:34.026+0000: [ParNew: 16388K->4K(18432K), 0.0020464 secs] 310323K->293939K(481020K), 0.0020977 secs] [Times: user=0.00 sys=0.00, real=0.00 secs] 
2020-10-29T15:50:34.056+0000: [GC (Allocation Failure) 2020-10-29T15:50:34.056+0000: [ParNew: 16388K->4K(18432K), 0.0021532 secs] 343091K->326707K(481020K), 0.0022103 secs] [Times: user=0.00 sys=0.01, real=0.00 secs] 
2020-10-29T15:50:34.059+0000: [GC (CMS Initial Mark) [1 CMS-initial-mark: 326703K(462588K)] 326707K(481020K), 0.0012228 secs] [Times: user=0.00 sys=0.00, real=0.00 secs] 
2020-10-29T15:50:34.060+0000: [CMS-concurrent-mark-start]
2020-10-29T15:50:34.094+0000: [GC (Allocation Failure) 2020-10-29T15:50:34.094+0000: [ParNew: 16388K->4K(18432K), 0.0020100 secs] 343091K->326707K(481020K), 0.0020662 secs] [Times: user=0.01 sys=0.00, real=0.00 secs] 
2020-10-29T15:50:34.111+0000: [CMS-concurrent-mark: 0.046/0.051 secs] [Times: user=0.09 sys=0.00, real=0.06 secs] 
2020-10-29T15:50:34.111+0000: [CMS-concurrent-preclean-start]
2020-10-29T15:50:34.113+0000: [CMS-concurrent-preclean: 0.002/0.002 secs] [Times: user=0.00 sys=0.00, real=0.00 secs] 
2020-10-29T15:50:34.113+0000: [CMS-concurrent-abortable-preclean-start]
2020-10-29T15:50:34.121+0000: [GC (Allocation Failure) 2020-10-29T15:50:34.121+0000: [ParNew: 16388K->4K(18432K), 0.0017770 secs] 343091K->326707K(481020K), 0.0018199 secs] [Times: user=0.01 sys=0.00, real=0.01 secs] 
2020-10-29T15:50:34.142+0000: [GC (Allocation Failure) 2020-10-29T15:50:34.142+0000: [ParNew: 16388K->4K(18432K), 0.0016437 secs] 343091K->326707K(481020K), 0.0016870 secs] [Times: user=0.00 sys=0.00, real=0.01 secs] 
2020-10-29T15:50:34.160+0000: [GC (Allocation Failure) 2020-10-29T15:50:34.160+0000: [ParNew: 16388K->4K(18432K), 0.0016155 secs] 343091K->326707K(481020K), 0.0016573 secs] [Times: user=0.01 sys=0.00, real=0.00 secs] 
2020-10-29T15:50:34.178+0000: [GC (Allocation Failure) 2020-10-29T15:50:34.178+0000: [ParNew: 16388K->4K(18432K), 0.0016357 secs] 343091K->326707K(481020K), 0.0016807 secs] [Times: user=0.01 sys=0.00, real=0.00 secs] 
2020-10-29T15:50:34.198+0000: [GC (Allocation Failure) 2020-10-29T15:50:34.198+0000: [ParNew: 16388K->4K(18432K), 0.0015823 secs] 343091K->326707K(481020K), 0.0016248 secs] [Times: user=0.00 sys=0.00, real=0.00 secs] 
2020-10-29T15:50:34.216+0000: [GC (Allocation Failure) 2020-10-29T15:50:34.216+0000: [ParNew: 16388K->4K(18432K), 0.0016027 secs] 343091K->326708K(481020K), 0.0016446 secs] [Times: user=0.00 sys=0.00, real=0.00 secs] 
2020-10-29T15:50:34.238+0000: [GC (Allocation Failure) 2020-10-29T15:50:34.238+0000: [ParNew: 16388K->4K(18432K), 0.0017089 secs] 343092K->326708K(481020K), 0.0017547 secs] [Times: user=0.00 sys=0.00, real=0.00 secs] 
2020-10-29T15:50:34.258+0000: [GC (Allocation Failure) 2020-10-29T15:50:34.258+0000: [ParNew: 16388K->4K(18432K), 0.0016752 secs] 343092K->326708K(481020K), 0.0017197 secs] [Times: user=0.01 sys=0.00, real=0.00 secs] 
2020-10-29T15:50:34.270+0000: [GC (Allocation Failure) 2020-10-29T15:50:34.270+0000: [ParNew: 9307K->4K(18432K), 0.0014094 secs] 336011K->326708K(481020K), 0.0014455 secs] [Times: user=0.01 sys=0.00, real=0.01 secs] 
2020-10-29T15:50:34.282+0000: [GC (Allocation Failure) 2020-10-29T15:50:34.282+0000: [ParNew: 16388K->4K(18432K), 0.0071499 secs] 343092K->334900K(481020K), 0.0071902 secs] [Times: user=0.01 sys=0.00, real=0.00 secs] 
2020-10-29T15:50:34.290+0000: [CMS-concurrent-abortable-preclean: 0.010/0.177 secs] [Times: user=0.31 sys=0.02, real=0.17 secs] 
2020-10-29T15:50:34.290+0000: [GC (CMS Final Remark) [YG occupancy: 330 K (18432 K)]2020-10-29T15:50:34.290+0000: [Rescan (parallel) , 0.0013145 secs]2020-10-29T15:50:34.291+0000: [weak refs processing, 0.0000257 secs]2020-10-29T15:50:34.291+0000: [class unloading, 0.0078067 secs]2020-10-29T15:50:34.299+0000: [scrub symbol table, 0.0092009 secs]2020-10-29T15:50:34.308+0000: [scrub string table, 0.0005677 secs][1 CMS-remark: 334896K(462588K)] 335226K(481020K), 0.0190122 secs] [Times: user=0.02 sys=0.00, real=0.02 secs] 
2020-10-29T15:50:34.309+0000: [CMS-concurrent-sweep-start]
2020-10-29T15:50:34.321+0000: [CMS-concurrent-sweep: 0.012/0.012 secs] [Times: user=0.02 sys=0.00, real=0.01 secs] 
2020-10-29T15:50:34.321+0000: [CMS-concurrent-reset-start]
2020-10-29T15:50:34.323+0000: [CMS-concurrent-reset: 0.002/0.002 secs] [Times: user=0.00 sys=0.00, real=0.01 secs] 
2020-10-29T15:50:34.331+0000: [GC (Allocation Failure) 2020-10-29T15:50:34.331+0000: [ParNew: 16388K->4K(18432K), 0.0023384 secs] 351283K->334899K(576592K), 0.0023791 secs] [Times: user=0.00 sys=0.00, real=0.00 secs] 
2020-10-29T15:50:34.350+0000: [GC (Allocation Failure) 2020-10-29T15:50:34.350+0000: [ParNew: 16388K->4K(18432K), 0.0022898 secs] 351283K->334899K(576592K), 0.0023366 secs] [Times: user=0.01 sys=0.00, real=0.00 secs] 
2020-10-29T15:50:34.370+0000: [GC (Allocation Failure) 2020-10-29T15:50:34.370+0000: [ParNew: 16388K->4K(18432K), 0.0022275 secs] 351283K->334899K(576592K), 0.0022708 secs] [Times: user=0.00 sys=0.00, real=0.01 secs] 
2020-10-29T15:50:34.387+0000: [GC (Allocation Failure) 2020-10-29T15:50:34.387+0000: [ParNew: 16388K->4K(18432K), 0.0020672 secs] 351283K->334899K(576592K), 0.0021067 secs] [Times: user=0.01 sys=0.00, real=0.00 secs] 
2020-10-29T15:50:34.402+0000: [GC (Allocation Failure) 2020-10-29T15:50:34.402+0000: [ParNew: 11138K->4K(18432K), 0.0019089 secs] 346034K->334899K(576592K), 0.0019462 secs] [Times: user=0.00 sys=0.00, real=0.00 secs] 
2020-10-29T15:50:34.414+0000: [GC (Allocation Failure) 2020-10-29T15:50:34.414+0000: [ParNew: 16388K->4K(18432K), 0.0075133 secs] 351283K->343091K(576592K), 0.0075515 secs] [Times: user=0.02 sys=0.00, real=0.00 secs] 
2020-10-29T15:50:34.438+0000: [GC (Allocation Failure) 2020-10-29T15:50:34.438+0000: [ParNew: 16388K->4K(18432K), 0.0019381 secs] 359475K->343091K(576592K), 0.0019768 secs] [Times: user=0.00 sys=0.00, real=0.00 secs] 
2020-10-29T15:50:34.456+0000: [GC (Allocation Failure) 2020-10-29T15:50:34.456+0000: [ParNew: 16388K->4K(18432K), 0.0021326 secs] 359475K->343091K(576592K), 0.0021755 secs] [Times: user=0.00 sys=0.00, real=0.00 secs] 
2020-10-29T15:50:34.474+0000: [GC (Allocation Failure) 2020-10-29T15:50:34.474+0000: [ParNew: 16388K->4K(18432K), 0.0022526 secs] 359475K->343091K(576592K), 0.0023038 secs] [Times: user=0.00 sys=0.00, real=0.00 secs] 
2020-10-29T15:50:34.492+0000: [GC (Allocation Failure) 2020-10-29T15:50:34.492+0000: [ParNew: 16388K->4K(18432K), 0.0023010 secs] 359475K->343091K(576592K), 0.0023749 secs] [Times: user=0.01 sys=0.00, real=0.00 secs] 
2020-10-29T15:50:34.510+0000: [GC (Allocation Failure) 2020-10-29T15:50:34.510+0000: [ParNew: 16388K->4K(18432K), 0.0021261 secs] 359475K->343091K(576592K), 0.0021684 secs] [Times: user=0.00 sys=0.00, real=0.01 secs] 
2020-10-29T15:50:34.527+0000: [GC (Allocation Failure) 2020-10-29T15:50:34.527+0000: [ParNew: 16388K->4K(18432K), 0.0019402 secs] 359475K->343091K(576592K), 0.0019821 secs] [Times: user=0.00 sys=0.00, real=0.00 secs] 
2020-10-29T15:50:34.544+0000: [GC (Allocation Failure) 2020-10-29T15:50:34.544+0000: [ParNew: 16388K->4K(18432K), 0.0018990 secs] 359475K->343091K(576592K), 0.0019402 secs] [Times: user=0.00 sys=0.00, real=0.00 secs] 
2020-10-29T15:50:34.565+0000: [GC (Allocation Failure) 2020-10-29T15:50:34.565+0000: [ParNew: 16388K->2K(18432K), 0.0036932 secs] 359475K->343089K(576592K), 0.0037515 secs] [Times: user=0.01 sys=0.00, real=0.00 secs] 
2020-10-29T15:50:34.590+0000: [GC (Allocation Failure) 2020-10-29T15:50:34.590+0000: [ParNew: 16386K->4K(18432K), 0.0022078 secs] 359473K->343091K(576592K), 0.0022578 secs] [Times: user=0.01 sys=0.00, real=0.00 secs] 
2020-10-29T15:50:34.610+0000: [GC (Allocation Failure) 2020-10-29T15:50:34.610+0000: [ParNew: 16388K->4K(18432K), 0.0021383 secs] 359475K->343091K(576592K), 0.0021797 secs] [Times: user=0.00 sys=0.00, real=0.00 secs] 
2020-10-29T15:50:34.630+0000: [GC (Allocation Failure) 2020-10-29T15:50:34.630+0000: [ParNew: 16388K->4K(18432K), 0.0021827 secs] 359475K->343091K(576592K), 0.0022291 secs] [Times: user=0.01 sys=0.00, real=0.00 secs] 
2020-10-29T15:50:34.648+0000: [GC (Allocation Failure) 2020-10-29T15:50:34.648+0000: [ParNew: 16388K->4K(18432K), 0.0022014 secs] 359475K->343091K(576592K), 0.0022527 secs] [Times: user=0.00 sys=0.01, real=0.00 secs] 
2020-10-29T15:50:34.666+0000: [GC (Allocation Failure) 2020-10-29T15:50:34.666+0000: [ParNew: 16388K->4K(18432K), 0.0020912 secs] 359475K->343091K(576592K), 0.0021358 secs] [Times: user=0.01 sys=0.00, real=0.00 secs] 
2020-10-29T15:50:34.684+0000: [GC (Allocation Failure) 2020-10-29T15:50:34.684+0000: [ParNew: 16388K->4K(18432K), 0.0023851 secs] 359475K->343091K(576592K), 0.0024283 secs] [Times: user=0.01 sys=0.00, real=0.00 secs] 
2020-10-29T15:50:34.702+0000: [GC (Allocation Failure) 2020-10-29T15:50:34.702+0000: [ParNew: 16388K->4K(18432K), 0.0019895 secs] 359475K->343091K(576592K), 0.0020333 secs] [Times: user=0.00 sys=0.00, real=0.00 secs] 
2020-10-29T15:50:34.722+0000: [GC (Allocation Failure) 2020-10-29T15:50:34.722+0000: [ParNew: 16388K->4K(18432K), 0.0020593 secs] 359475K->343091K(576592K), 0.0021046 secs] [Times: user=0.01 sys=0.00, real=0.00 secs] 
2020-10-29T15:50:34.748+0000: [GC (Allocation Failure) 2020-10-29T15:50:34.748+0000: [ParNew: 16388K->4K(18432K), 0.0021828 secs] 359475K->343091K(576592K), 0.0022397 secs] [Times: user=0.00 sys=0.00, real=0.01 secs] 
2020-10-29T15:50:34.773+0000: [GC (Allocation Failure) 2020-10-29T15:50:34.773+0000: [ParNew: 16388K->4K(18432K), 0.0021331 secs] 359475K->343091K(576592K), 0.0021800 secs] [Times: user=0.00 sys=0.00, real=0.00 secs] 
2020-10-29T15:50:34.790+0000: [GC (Allocation Failure) 2020-10-29T15:50:34.790+0000: [ParNew: 16388K->4K(18432K), 0.0020678 secs] 359475K->343091K(576592K), 0.0021134 secs] [Times: user=0.00 sys=0.00, real=0.00 secs] 
2020-10-29T15:50:34.810+0000: [GC (Allocation Failure) 2020-10-29T15:50:34.810+0000: [ParNew: 16388K->4K(18432K), 0.0021421 secs] 359475K->343091K(576592K), 0.0021906 secs] [Times: user=0.00 sys=0.00, real=0.00 secs] 
2020-10-29T15:50:34.830+0000: [GC (Allocation Failure) 2020-10-29T15:50:34.830+0000: [ParNew: 16388K->4K(18432K), 0.0022107 secs] 359475K->343091K(576592K), 0.0022586 secs] [Times: user=0.00 sys=0.00, real=0.00 secs] 
2020-10-29T15:50:34.846+0000: [GC (Allocation Failure) 2020-10-29T15:50:34.846+0000: [ParNew: 11453K->4K(18432K), 0.0019910 secs] 354541K->343091K(576592K), 0.0020359 secs] [Times: user=0.00 sys=0.00, real=0.00 secs] 
2020-10-29T15:50:34.871+0000: [GC (Allocation Failure) 2020-10-29T15:50:34.871+0000: [ParNew: 16388K->4K(18432K), 0.0080508 secs] 392243K->384052K(576592K), 0.0081191 secs] [Times: user=0.01 sys=0.01, real=0.00 secs] 
2020-10-29T15:50:34.879+0000: [GC (CMS Initial Mark) [1 CMS-initial-mark: 384047K(558160K)] 384052K(576592K), 0.0012757 secs] [Times: user=0.00 sys=0.00, real=0.00 secs] 
2020-10-29T15:50:34.881+0000: [CMS-concurrent-mark-start]
2020-10-29T15:50:34.914+0000: [GC (Allocation Failure) 2020-10-29T15:50:34.914+0000: [ParNew: 16388K->4K(18432K), 0.0022054 secs] 400436K->384052K(576592K), 0.0022612 secs] [Times: user=0.00 sys=0.00, real=0.00 secs] 
2020-10-29T15:50:34.935+0000: [GC (Allocation Failure) 2020-10-29T15:50:34.935+0000: [ParNew: 16388K->4K(18432K), 0.0021072 secs] 400436K->384052K(576592K), 0.0021520 secs] [Times: user=0.00 sys=0.00, real=0.00 secs] 
2020-10-29T15:50:34.945+0000: [CMS-concurrent-mark: 0.057/0.064 secs] [Times: user=0.12 sys=0.00, real=0.07 secs] 
2020-10-29T15:50:34.945+0000: [CMS-concurrent-preclean-start]
2020-10-29T15:50:34.952+0000: [CMS-concurrent-preclean: 0.002/0.007 secs] [Times: user=0.01 sys=0.00, real=0.01 secs] 
2020-10-29T15:50:34.952+0000: [CMS-concurrent-abortable-preclean-start]
2020-10-29T15:50:34.958+0000: [GC (Allocation Failure) 2020-10-29T15:50:34.958+0000: [ParNew: 16388K->4K(18432K), 0.0019963 secs] 400436K->384052K(576592K), 0.0020373 secs] [Times: user=0.01 sys=0.00, real=0.00 secs] 
2020-10-29T15:50:34.978+0000: [GC (Allocation Failure) 2020-10-29T15:50:34.978+0000: [ParNew: 16388K->4K(18432K), 0.0019998 secs] 400436K->384052K(576592K), 0.0020486 secs] [Times: user=0.01 sys=0.00, real=0.00 secs] 
2020-10-29T15:50:34.996+0000: [GC (Allocation Failure) 2020-10-29T15:50:34.996+0000: [ParNew: 16388K->4K(18432K), 0.0021420 secs] 400436K->384052K(576592K), 0.0021923 secs] [Times: user=0.00 sys=0.00, real=0.00 secs] 
2020-10-29T15:50:35.015+0000: [GC (Allocation Failure) 2020-10-29T15:50:35.015+0000: [ParNew: 16388K->4K(18432K), 0.0019226 secs] 400436K->384052K(576592K), 0.0019692 secs] [Times: user=0.00 sys=0.00, real=0.00 secs] 
2020-10-29T15:50:35.033+0000: [GC (Allocation Failure) 2020-10-29T15:50:35.033+0000: [ParNew: 16388K->4K(18432K), 0.0021031 secs] 400436K->384052K(576592K), 0.0021529 secs] [Times: user=0.00 sys=0.00, real=0.00 secs] 
2020-10-29T15:50:35.051+0000: [GC (Allocation Failure) 2020-10-29T15:50:35.051+0000: [ParNew: 16388K->4K(18432K), 0.0020920 secs] 400436K->384052K(576592K), 0.0021423 secs] [Times: user=0.00 sys=0.00, real=0.00 secs] 
2020-10-29T15:50:35.070+0000: [GC (Allocation Failure) 2020-10-29T15:50:35.070+0000: [ParNew: 16388K->4K(18432K), 0.0019922 secs] 400436K->384052K(576592K), 0.0020364 secs] [Times: user=0.00 sys=0.00, real=0.00 secs] 
2020-10-29T15:50:35.086+0000: [GC (Allocation Failure) 2020-10-29T15:50:35.086+0000: [ParNew: 10495K->4K(18432K), 0.0016877 secs] 394543K->384052K(576592K), 0.0017283 secs] [Times: user=0.00 sys=0.00, real=0.00 secs] 
2020-10-29T15:50:35.097+0000: [GC (Allocation Failure) 2020-10-29T15:50:35.097+0000: [ParNew: 16388K->4K(18432K), 0.0073642 secs] 400436K->392244K(576592K), 0.0074072 secs] [Times: user=0.01 sys=0.00, real=0.01 secs] 
2020-10-29T15:50:35.104+0000: [CMS-concurrent-abortable-preclean: 0.011/0.152 secs] [Times: user=0.27 sys=0.01, real=0.15 secs] 
2020-10-29T15:50:35.106+0000: [GC (CMS Final Remark) [YG occupancy: 123 K (18432 K)]2020-10-29T15:50:35.106+0000: [Rescan (parallel) , 0.0013673 secs]2020-10-29T15:50:35.108+0000: [weak refs processing, 0.0000257 secs]2020-10-29T15:50:35.108+0000: [class unloading, 0.0078795 secs]2020-10-29T15:50:35.116+0000: [scrub symbol table, 0.0093027 secs]2020-10-29T15:50:35.125+0000: [scrub string table, 0.0005680 secs][1 CMS-remark: 392240K(558160K)] 392363K(576592K), 0.0192425 secs] [Times: user=0.02 sys=0.01, real=0.02 secs] 
2020-10-29T15:50:35.126+0000: [CMS-concurrent-sweep-start]
2020-10-29T15:50:35.145+0000: [CMS-concurrent-sweep: 0.019/0.019 secs] [Times: user=0.04 sys=0.00, real=0.02 secs] 
2020-10-29T15:50:35.145+0000: [CMS-concurrent-reset-start]
2020-10-29T15:50:35.150+0000: [CMS-concurrent-reset: 0.005/0.005 secs] [Times: user=0.01 sys=0.00, real=0.00 secs] 
2020-10-29T15:50:35.154+0000: [GC (Allocation Failure) 2020-10-29T15:50:35.154+0000: [ParNew: 16388K->4K(18432K), 0.0025078 secs] 392244K->375860K(644860K), 0.0025485 secs] [Times: user=0.00 sys=0.01, real=0.00 secs] 
2020-10-29T15:50:35.173+0000: [GC (Allocation Failure) 2020-10-29T15:50:35.173+0000: [ParNew: 16388K->4K(18432K), 0.0023773 secs] 392244K->375860K(644860K), 0.0024253 secs] [Times: user=0.00 sys=0.00, real=0.00 secs] 
2020-10-29T15:50:35.191+0000: [GC (Allocation Failure) 2020-10-29T15:50:35.191+0000: [ParNew: 16388K->4K(18432K), 0.0021696 secs] 392244K->375860K(644860K), 0.0022139 secs] [Times: user=0.00 sys=0.00, real=0.00 secs] 
2020-10-29T15:50:35.210+0000: [GC (Allocation Failure) 2020-10-29T15:50:35.210+0000: [ParNew: 16388K->4K(18432K), 0.0021953 secs] 392244K->375860K(644860K), 0.0022390 secs] [Times: user=0.00 sys=0.00, real=0.00 secs] 
2020-10-29T15:50:35.228+0000: [GC (Allocation Failure) 2020-10-29T15:50:35.228+0000: [ParNew: 16388K->4K(18432K), 0.0021344 secs] 392244K->375860K(644860K), 0.0021772 secs] [Times: user=0.01 sys=0.00, real=0.01 secs] 
2020-10-29T15:50:35.246+0000: [GC (Allocation Failure) 2020-10-29T15:50:35.246+0000: [ParNew: 16388K->4K(18432K), 0.0021046 secs] 392244K->375860K(644860K), 0.0021605 secs] [Times: user=0.00 sys=0.00, real=0.00 secs] 
2020-10-29T15:50:35.266+0000: [GC (Allocation Failure) 2020-10-29T15:50:35.266+0000: [ParNew: 16388K->4K(18432K), 0.0021233 secs] 392244K->375860K(644860K), 0.0021638 secs] [Times: user=0.01 sys=0.00, real=0.00 secs] 
2020-10-29T15:50:35.286+0000: [GC (Allocation Failure) 2020-10-29T15:50:35.286+0000: [ParNew: 16388K->4K(18432K), 0.0021860 secs] 392244K->375860K(644860K), 0.0022311 secs] [Times: user=0.01 sys=0.00, real=0.00 secs] 
2020-10-29T15:50:35.308+0000: [GC (Allocation Failure) 2020-10-29T15:50:35.308+0000: [ParNew: 16388K->4K(18432K), 0.0021517 secs] 392244K->375860K(644860K), 0.0021906 secs] [Times: user=0.00 sys=0.00, real=0.00 secs] 
2020-10-29T15:50:35.329+0000: [GC (Allocation Failure) 2020-10-29T15:50:35.329+0000: [ParNew: 16388K->4K(18432K), 0.0021580 secs] 392244K->375860K(644860K), 0.0021984 secs] [Times: user=0.00 sys=0.00, real=0.01 secs] 
2020-10-29T15:50:35.350+0000: [GC (Allocation Failure) 2020-10-29T15:50:35.350+0000: [ParNew: 16377K->4K(18432K), 0.0021878 secs] 392233K->375860K(644860K), 0.0022326 secs] [Times: user=0.00 sys=0.00, real=0.00 secs] 
2020-10-29T15:50:35.367+0000: [GC (Allocation Failure) 2020-10-29T15:50:35.368+0000: [ParNew: 16388K->4K(18432K), 0.0021620 secs] 392244K->375860K(644860K), 0.0022052 secs] [Times: user=0.00 sys=0.00, real=0.00 secs] 
2020-10-29T15:50:35.385+0000: [GC (Allocation Failure) 2020-10-29T15:50:35.385+0000: [ParNew: 16388K->4K(18432K), 0.0020575 secs] 392244K->375860K(644860K), 0.0020988 secs] [Times: user=0.00 sys=0.00, real=0.00 secs] 
2020-10-29T15:50:35.402+0000: [GC (Allocation Failure) 2020-10-29T15:50:35.402+0000: [ParNew: 16388K->4K(18432K), 0.0020455 secs] 392244K->375860K(644860K), 0.0020868 secs] [Times: user=0.00 sys=0.00, real=0.01 secs] 
2020-10-29T15:50:35.419+0000: [GC (Allocation Failure) 2020-10-29T15:50:35.419+0000: [ParNew: 16388K->4K(18432K), 0.0020678 secs] 392244K->375860K(644860K), 0.0021075 secs] [Times: user=0.01 sys=0.00, real=0.00 secs] 
2020-10-29T15:50:35.436+0000: [GC (Allocation Failure) 2020-10-29T15:50:35.436+0000: [ParNew: 16388K->4K(18432K), 0.0021397 secs] 392244K->375860K(644860K), 0.0021794 secs] [Times: user=0.00 sys=0.00, real=0.00 secs] 
2020-10-29T15:50:35.454+0000: [GC (Allocation Failure) 2020-10-29T15:50:35.454+0000: [ParNew: 16388K->4K(18432K), 0.0020337 secs] 392244K->375860K(644860K), 0.0020739 secs] [Times: user=0.01 sys=0.00, real=0.00 secs] 
2020-10-29T15:50:35.472+0000: [GC (Allocation Failure) 2020-10-29T15:50:35.472+0000: [ParNew: 16255K->4K(18432K), 0.0021624 secs] 392111K->375860K(644860K), 0.0022187 secs] [Times: user=0.00 sys=0.00, real=0.00 secs] 
2020-10-29T15:50:35.482+0000: [GC (Allocation Failure) 2020-10-29T15:50:35.482+0000: [ParNew: 16388K->4K(18432K), 0.0029952 secs] 392244K->384052K(644860K), 0.0030487 secs] [Times: user=0.00 sys=0.00, real=0.01 secs] 
2020-10-29T15:50:35.502+0000: [GC (Allocation Failure) 2020-10-29T15:50:35.502+0000: [ParNew: 16388K->4K(18432K), 0.0021050 secs] 400436K->384052K(644860K), 0.0021450 secs] [Times: user=0.01 sys=0.00, real=0.00 secs] 
2020-10-29T15:50:35.520+0000: [GC (Allocation Failure) 2020-10-29T15:50:35.520+0000: [ParNew: 16388K->4K(18432K), 0.0020820 secs] 400436K->384052K(644860K), 0.0021229 secs] [Times: user=0.01 sys=0.00, real=0.00 secs] 
2020-10-29T15:50:35.537+0000: [GC (Allocation Failure) 2020-10-29T15:50:35.537+0000: [ParNew: 16388K->4K(18432K), 0.0022925 secs] 400436K->384052K(644860K), 0.0023387 secs] [Times: user=0.01 sys=0.00, real=0.00 secs] 
2020-10-29T15:50:35.558+0000: [GC (Allocation Failure) 2020-10-29T15:50:35.558+0000: [ParNew: 16388K->4K(18432K), 0.0023185 secs] 400436K->384052K(644860K), 0.0023646 secs] [Times: user=0.00 sys=0.00, real=0.00 secs] 
2020-10-29T15:50:35.577+0000: [GC (Allocation Failure) 2020-10-29T15:50:35.577+0000: [ParNew: 16388K->4K(18432K), 0.0022926 secs] 400436K->384052K(644860K), 0.0023322 secs] [Times: user=0.01 sys=0.00, real=0.00 secs] 
2020-10-29T15:50:35.594+0000: [GC (Allocation Failure) 2020-10-29T15:50:35.594+0000: [ParNew: 16388K->4K(18432K), 0.0022564 secs] 400436K->384052K(644860K), 0.0023008 secs] [Times: user=0.00 sys=0.00, real=0.00 secs] 
2020-10-29T15:50:35.614+0000: [GC (Allocation Failure) 2020-10-29T15:50:35.614+0000: [ParNew: 16388K->4K(18432K), 0.0022117 secs] 400436K->384052K(644860K), 0.0022572 secs] [Times: user=0.00 sys=0.00, real=0.00 secs] 
2020-10-29T15:50:35.634+0000: [GC (Allocation Failure) 2020-10-29T15:50:35.634+0000: [ParNew: 16388K->4K(18432K), 0.0021218 secs] 400436K->384052K(644860K), 0.0021659 secs] [Times: user=0.00 sys=0.00, real=0.00 secs] 
2020-10-29T15:50:35.654+0000: [GC (Allocation Failure) 2020-10-29T15:50:35.654+0000: [ParNew: 16388K->4K(18432K), 0.0024149 secs] 400436K->384052K(644860K), 0.0024656 secs] [Times: user=0.01 sys=0.00, real=0.00 secs] 
2020-10-29T15:50:35.671+0000: [GC (Allocation Failure) 2020-10-29T15:50:35.671+0000: [ParNew: 16388K->4K(18432K), 0.0023540 secs] 400436K->384052K(644860K), 0.0023991 secs] [Times: user=0.00 sys=0.00, real=0.00 secs] 
2020-10-29T15:50:35.689+0000: [GC (Allocation Failure) 2020-10-29T15:50:35.689+0000: [ParNew: 16388K->4K(18432K), 0.0023654 secs] 400436K->384052K(644860K), 0.0024290 secs] [Times: user=0.00 sys=0.00, real=0.01 secs] 
2020-10-29T15:50:35.707+0000: [GC (Allocation Failure) 2020-10-29T15:50:35.707+0000: [ParNew: 16388K->4K(18432K), 0.0022982 secs] 400436K->384052K(644860K), 0.0023454 secs] [Times: user=0.00 sys=0.00, real=0.00 secs] 
2020-10-29T15:50:35.725+0000: [GC (Allocation Failure) 2020-10-29T15:50:35.725+0000: [ParNew: 16388K->4K(18432K), 0.0022658 secs] 400436K->384052K(644860K), 0.0023124 secs] [Times: user=0.00 sys=0.00, real=0.00 secs] 
2020-10-29T15:50:35.746+0000: [GC (Allocation Failure) 2020-10-29T15:50:35.746+0000: [ParNew: 16388K->4K(18432K), 0.0023854 secs] 400436K->384052K(644860K), 0.0024359 secs] [Times: user=0.00 sys=0.00, real=0.00 secs] 
2020-10-29T15:50:35.766+0000: [GC (Allocation Failure) 2020-10-29T15:50:35.766+0000: [ParNew: 16388K->4K(18432K), 0.0022838 secs] 400436K->384052K(644860K), 0.0023256 secs] [Times: user=0.01 sys=0.00, real=0.00 secs] 
2020-10-29T15:50:35.784+0000: [GC (Allocation Failure) 2020-10-29T15:50:35.784+0000: [ParNew: 16388K->4K(18432K), 0.0022083 secs] 400436K->384052K(644860K), 0.0022495 secs] [Times: user=0.01 sys=0.00, real=0.00 secs] 
2020-10-29T15:50:35.801+0000: [GC (Allocation Failure) 2020-10-29T15:50:35.801+0000: [ParNew: 16388K->4K(18432K), 0.0022617 secs] 400436K->384052K(644860K), 0.0023049 secs] [Times: user=0.01 sys=0.00, real=0.01 secs] 
2020-10-29T15:50:35.812+0000: [GC (Allocation Failure) 2020-10-29T15:50:35.812+0000: [ParNew: 16388K->4K(18432K), 0.0076900 secs] 400436K->392244K(644860K), 0.0077331 secs] [Times: user=0.01 sys=0.01, real=0.00 secs] 
2020-10-29T15:50:35.838+0000: [GC (Allocation Failure) 2020-10-29T15:50:35.838+0000: [ParNew: 16388K->4K(18432K), 0.0021773 secs] 408628K->392244K(644860K), 0.0022181 secs] [Times: user=0.00 sys=0.00, real=0.00 secs] 
2020-10-29T15:50:35.856+0000: [GC (Allocation Failure) 2020-10-29T15:50:35.856+0000: [ParNew: 16388K->4K(18432K), 0.0020992 secs] 408628K->392244K(644860K), 0.0021480 secs] [Times: user=0.01 sys=0.00, real=0.00 secs] 
2020-10-29T15:50:35.873+0000: [GC (Allocation Failure) 2020-10-29T15:50:35.873+0000: [ParNew: 16388K->4K(18432K), 0.0022525 secs] 408628K->392244K(644860K), 0.0022978 secs] [Times: user=0.00 sys=0.00, real=0.00 secs] 
2020-10-29T15:50:35.892+0000: [GC (Allocation Failure) 2020-10-29T15:50:35.892+0000: [ParNew: 16388K->4K(18432K), 0.0023146 secs] 408628K->392244K(644860K), 0.0023607 secs] [Times: user=0.01 sys=0.00, real=0.00 secs] 
2020-10-29T15:50:35.914+0000: [GC (Allocation Failure) 2020-10-29T15:50:35.914+0000: [ParNew: 16388K->4K(18432K), 0.0023328 secs] 408628K->392244K(644860K), 0.0023793 secs] [Times: user=0.01 sys=0.00, real=0.00 secs] 
2020-10-29T15:50:35.934+0000: [GC (Allocation Failure) 2020-10-29T15:50:35.934+0000: [ParNew: 16388K->4K(18432K), 0.0023739 secs] 408628K->392244K(644860K), 0.0024249 secs] [Times: user=0.01 sys=0.00, real=0.00 secs] 
2020-10-29T15:50:35.952+0000: [GC (Allocation Failure) 2020-10-29T15:50:35.952+0000: [ParNew: 16388K->4K(18432K), 0.0024365 secs] 408628K->392244K(644860K), 0.0024878 secs] [Times: user=0.00 sys=0.00, real=0.00 secs] 
2020-10-29T15:50:35.969+0000: [GC (Allocation Failure) 2020-10-29T15:50:35.969+0000: [ParNew: 16388K->4K(18432K), 0.0023935 secs] 408628K->392244K(644860K), 0.0024378 secs] [Times: user=0.01 sys=0.00, real=0.01 secs] 
2020-10-29T15:50:35.990+0000: [GC (Allocation Failure) 2020-10-29T15:50:35.990+0000: [ParNew: 16388K->4K(18432K), 0.0024709 secs] 408628K->392244K(644860K), 0.0025194 secs] [Times: user=0.00 sys=0.00, real=0.00 secs] 
2020-10-29T15:50:36.008+0000: [GC (Allocation Failure) 2020-10-29T15:50:36.008+0000: [ParNew: 16388K->4K(18432K), 0.0023802 secs] 408628K->392244K(644860K), 0.0024281 secs] [Times: user=0.00 sys=0.00, real=0.01 secs] 
2020-10-29T15:50:36.022+0000: [GC (Allocation Failure) 2020-10-29T15:50:36.022+0000: [ParNew: 16388K->4K(18432K), 0.0079114 secs] 408628K->400436K(644860K), 0.0079602 secs] [Times: user=0.02 sys=0.01, real=0.01 secs] 
2020-10-29T15:50:36.045+0000: [GC (Allocation Failure) 2020-10-29T15:50:36.045+0000: [ParNew: 16388K->4K(18432K), 0.0024353 secs] 416820K->400436K(644860K), 0.0024853 secs] [Times: user=0.00 sys=0.00, real=0.00 secs] 
2020-10-29T15:50:36.063+0000: [GC (Allocation Failure) 2020-10-29T15:50:36.063+0000: [ParNew: 16388K->4K(18432K), 0.0024571 secs] 416820K->400436K(644860K), 0.0025076 secs] [Times: user=0.01 sys=0.00, real=0.00 secs] 
2020-10-29T15:50:36.081+0000: [GC (Allocation Failure) 2020-10-29T15:50:36.081+0000: [ParNew: 16388K->4K(18432K), 0.0024911 secs] 416820K->400436K(644860K), 0.0025443 secs] [Times: user=0.00 sys=0.00, real=0.01 secs] 
2020-10-29T15:50:36.102+0000: [GC (Allocation Failure) 2020-10-29T15:50:36.102+0000: [ParNew: 16388K->4K(18432K), 0.0022292 secs] 416820K->400436K(644860K), 0.0022755 secs] [Times: user=0.01 sys=0.00, real=0.00 secs] 
2020-10-29T15:50:36.120+0000: [GC (Allocation Failure) 2020-10-29T15:50:36.120+0000: [ParNew: 16388K->4K(18432K), 0.0020895 secs] 416820K->400436K(644860K), 0.0021335 secs] [Times: user=0.01 sys=0.00, real=0.00 secs] 
2020-10-29T15:50:36.138+0000: [GC (Allocation Failure) 2020-10-29T15:50:36.138+0000: [ParNew: 16388K->4K(18432K), 0.0022222 secs] 416820K->400436K(644860K), 0.0022658 secs] [Times: user=0.00 sys=0.00, real=0.00 secs] 
2020-10-29T15:50:36.156+0000: [GC (Allocation Failure) 2020-10-29T15:50:36.156+0000: [ParNew: 16388K->4K(18432K), 0.0022430 secs] 416820K->400436K(644860K), 0.0022866 secs] [Times: user=0.01 sys=0.00, real=0.00 secs] 
2020-10-29T15:50:36.173+0000: [GC (Allocation Failure) 2020-10-29T15:50:36.173+0000: [ParNew: 16388K->4K(18432K), 0.0021982 secs] 416820K->400436K(644860K), 0.0022539 secs] [Times: user=0.00 sys=0.00, real=0.00 secs] 
2020-10-29T15:50:36.193+0000: [GC (Allocation Failure) 2020-10-29T15:50:36.193+0000: [ParNew: 16388K->4K(18432K), 0.0022828 secs] 416820K->400436K(644860K), 0.0023340 secs] [Times: user=0.01 sys=0.00, real=0.00 secs] 
2020-10-29T15:50:36.214+0000: [GC (Allocation Failure) 2020-10-29T15:50:36.214+0000: [ParNew: 16388K->4K(18432K), 0.0022084 secs] 416820K->400436K(644860K), 0.0022524 secs] [Times: user=0.00 sys=0.00, real=0.00 secs] 
2020-10-29T15:50:36.232+0000: [GC (Allocation Failure) 2020-10-29T15:50:36.232+0000: [ParNew: 16388K->4K(18432K), 0.0023210 secs] 416820K->400436K(644860K), 0.0023681 secs] [Times: user=0.01 sys=0.00, real=0.00 secs] 
2020-10-29T15:50:36.250+0000: [GC (Allocation Failure) 2020-10-29T15:50:36.250+0000: [ParNew: 16388K->4K(18432K), 0.0022995 secs] 416820K->400436K(644860K), 0.0023454 secs] [Times: user=0.00 sys=0.00, real=0.01 secs] 
2020-10-29T15:50:36.270+0000: [GC (Allocation Failure) 2020-10-29T15:50:36.270+0000: [ParNew: 16388K->4K(18432K), 0.0022986 secs] 416820K->400436K(644860K), 0.0023467 secs] [Times: user=0.00 sys=0.00, real=0.00 secs] 
2020-10-29T15:50:36.288+0000: [GC (Allocation Failure) 2020-10-29T15:50:36.288+0000: [ParNew: 16388K->4K(18432K), 0.0021832 secs] 416820K->400436K(644860K), 0.0022290 secs] [Times: user=0.00 sys=0.00, real=0.00 secs] 
2020-10-29T15:50:36.305+0000: [GC (Allocation Failure) 2020-10-29T15:50:36.305+0000: [ParNew: 16388K->4K(18432K), 0.0021666 secs] 416820K->400436K(644860K), 0.0022110 secs] [Times: user=0.01 sys=0.00, real=0.00 secs] 
2020-10-29T15:50:36.322+0000: [GC (Allocation Failure) 2020-10-29T15:50:36.322+0000: [ParNew: 16388K->4K(18432K), 0.0020924 secs] 416820K->400436K(644860K), 0.0021349 secs] [Times: user=0.01 sys=0.00, real=0.00 secs] 
2020-10-29T15:50:36.342+0000: [GC (Allocation Failure) 2020-10-29T15:50:36.342+0000: [ParNew: 16388K->4K(18432K), 0.0022186 secs] 416820K->400436K(644860K), 0.0022615 secs] [Times: user=0.01 sys=0.00, real=0.00 secs] 
2020-10-29T15:50:36.360+0000: [GC (Allocation Failure) 2020-10-29T15:50:36.360+0000: [ParNew: 16388K->4K(18432K), 0.0023974 secs] 416820K->400436K(644860K), 0.0024470 secs] [Times: user=0.00 sys=0.01, real=0.01 secs] 
2020-10-29T15:50:36.377+0000: [GC (Allocation Failure) 2020-10-29T15:50:36.377+0000: [ParNew: 16388K->4K(18432K), 0.0023651 secs] 416820K->400436K(644860K), 0.0024200 secs] [Times: user=0.01 sys=0.00, real=0.00 secs] 
2020-10-29T15:50:36.398+0000: [GC (Allocation Failure) 2020-10-29T15:50:36.398+0000: [ParNew: 16388K->4K(18432K), 0.0023664 secs] 416820K->400436K(644860K), 0.0024169 secs] [Times: user=0.01 sys=0.00, real=0.00 secs] 
2020-10-29T15:50:36.418+0000: [GC (Allocation Failure) 2020-10-29T15:50:36.418+0000: [ParNew: 16388K->4K(18432K), 0.0023773 secs] 416820K->400436K(644860K), 0.0024282 secs] [Times: user=0.01 sys=0.00, real=0.00 secs] 
2020-10-29T15:50:36.436+0000: [GC (Allocation Failure) 2020-10-29T15:50:36.436+0000: [ParNew: 16388K->4K(18432K), 0.0022453 secs] 416820K->400436K(644860K), 0.0023170 secs] [Times: user=0.01 sys=0.00, real=0.00 secs] 
2020-10-29T15:50:36.454+0000: [GC (Allocation Failure) 2020-10-29T15:50:36.454+0000: [ParNew: 16388K->4K(18432K), 0.0022582 secs] 416820K->400436K(644860K), 0.0023050 secs] [Times: user=0.00 sys=0.00, real=0.00 secs] 
2020-10-29T15:50:36.472+0000: [GC (Allocation Failure) 2020-10-29T15:50:36.472+0000: [ParNew: 16388K->4K(18432K), 0.0023843 secs] 416820K->400436K(644860K), 0.0024477 secs] [Times: user=0.01 sys=0.00, real=0.00 secs] 
2020-10-29T15:50:36.489+0000: [GC (Allocation Failure) 2020-10-29T15:50:36.489+0000: [ParNew: 16388K->4K(18432K), 0.0023211 secs] 416820K->400436K(644860K), 0.0023661 secs] [Times: user=0.00 sys=0.00, real=0.01 secs] 
2020-10-29T15:50:36.507+0000: [GC (Allocation Failure) 2020-10-29T15:50:36.507+0000: [ParNew: 16388K->4K(18432K), 0.0021873 secs] 416820K->400436K(644860K), 0.0022333 secs] [Times: user=0.01 sys=0.00, real=0.00 secs] 
2020-10-29T15:50:36.526+0000: [GC (Allocation Failure) 2020-10-29T15:50:36.526+0000: [ParNew: 16388K->4K(18432K), 0.0023625 secs] 416820K->400436K(644860K), 0.0024188 secs] [Times: user=0.00 sys=0.00, real=0.00 secs] 
2020-10-29T15:50:36.546+0000: [GC (Allocation Failure) 2020-10-29T15:50:36.546+0000: [ParNew: 16388K->4K(18432K), 0.0024692 secs] 416820K->400436K(644860K), 0.0025234 secs] [Times: user=0.00 sys=0.00, real=0.00 secs] 
2020-10-29T15:50:36.564+0000: [GC (Allocation Failure) 2020-10-29T15:50:36.564+0000: [ParNew: 16388K->4K(18432K), 0.0024678 secs] 416820K->400436K(644860K), 0.0025200 secs] [Times: user=0.01 sys=0.00, real=0.00 secs] 
2020-10-29T15:50:36.582+0000: [GC (Allocation Failure) 2020-10-29T15:50:36.582+0000: [ParNew: 11895K->4K(18432K), 0.0023347 secs] 412328K->400436K(644860K), 0.0023773 secs] [Times: user=0.00 sys=0.00, real=0.00 secs] 
2020-10-29T15:50:36.593+0000: [GC (Allocation Failure) 2020-10-29T15:50:36.593+0000: [ParNew: 16388K->4K(18432K), 0.0078219 secs] 416820K->408628K(644860K), 0.0078676 secs] [Times: user=0.01 sys=0.00, real=0.00 secs] 
2020-10-29T15:50:36.618+0000: [GC (Allocation Failure) 2020-10-29T15:50:36.618+0000: [ParNew: 16388K->4K(18432K), 0.0023401 secs] 425012K->408628K(644860K), 0.0023844 secs] [Times: user=0.01 sys=0.00, real=0.00 secs] 
2020-10-29T15:50:36.638+0000: [GC (Allocation Failure) 2020-10-29T15:50:36.638+0000: [ParNew: 16388K->4K(18432K), 0.0023105 secs] 425012K->408628K(644860K), 0.0023554 secs] [Times: user=0.01 sys=0.00, real=0.00 secs] 
2020-10-29T15:50:36.656+0000: [GC (Allocation Failure) 2020-10-29T15:50:36.656+0000: [ParNew: 16388K->4K(18432K), 0.0022700 secs] 425012K->408628K(644860K), 0.0023288 secs] [Times: user=0.00 sys=0.00, real=0.00 secs] 
2020-10-29T15:50:36.666+0000: [GC (Allocation Failure) 2020-10-29T15:50:36.666+0000: [ParNew: 16388K->4K(18432K), 0.0077245 secs] 425012K->416820K(644860K), 0.0077686 secs] [Times: user=0.01 sys=0.00, real=0.01 secs] 
2020-10-29T15:50:36.690+0000: [GC (Allocation Failure) 2020-10-29T15:50:36.690+0000: [ParNew: 16388K->4K(18432K), 0.0023387 secs] 433204K->416820K(644860K), 0.0023854 secs] [Times: user=0.01 sys=0.00, real=0.01 secs] 
2020-10-29T15:50:36.707+0000: [GC (Allocation Failure) 2020-10-29T15:50:36.707+0000: [ParNew: 16388K->4K(18432K), 0.0022916 secs] 433204K->416820K(644860K), 0.0023359 secs] [Times: user=0.00 sys=0.00, real=0.00 secs] 
2020-10-29T15:50:36.726+0000: [GC (Allocation Failure) 2020-10-29T15:50:36.726+0000: [ParNew: 16388K->4K(18432K), 0.0022483 secs] 433204K->416820K(644860K), 0.0022936 secs] [Times: user=0.01 sys=0.00, real=0.00 secs] 
2020-10-29T15:50:36.746+0000: [GC (Allocation Failure) 2020-10-29T15:50:36.746+0000: [ParNew: 16388K->4K(18432K), 0.0022748 secs] 433204K->416820K(644860K), 0.0023197 secs] [Times: user=0.00 sys=0.00, real=0.00 secs] 
2020-10-29T15:50:36.764+0000: [GC (Allocation Failure) 2020-10-29T15:50:36.764+0000: [ParNew: 16388K->4K(18432K), 0.0023486 secs] 433204K->416820K(644860K), 0.0023947 secs] [Times: user=0.01 sys=0.00, real=0.00 secs] 
2020-10-29T15:50:36.781+0000: [GC (Allocation Failure) 2020-10-29T15:50:36.782+0000: [ParNew: 16388K->4K(18432K), 0.0022472 secs] 433204K->416821K(644860K), 0.0022953 secs] [Times: user=0.01 sys=0.00, real=0.01 secs] 
2020-10-29T15:50:36.799+0000: [GC (Allocation Failure) 2020-10-29T15:50:36.799+0000: [ParNew: 16388K->4K(18432K), 0.0021808 secs] 433205K->416821K(644860K), 0.0022266 secs] [Times: user=0.00 sys=0.00, real=0.00 secs] 
2020-10-29T15:50:36.816+0000: [GC (Allocation Failure) 2020-10-29T15:50:36.816+0000: [ParNew: 16388K->4K(18432K), 0.0021801 secs] 433205K->416821K(644860K), 0.0022248 secs] [Times: user=0.01 sys=0.00, real=0.00 secs] 
2020-10-29T15:50:36.834+0000: [GC (Allocation Failure) 2020-10-29T15:50:36.834+0000: [ParNew: 16388K->4K(18432K), 0.0023641 secs] 433205K->416821K(644860K), 0.0024131 secs] [Times: user=0.00 sys=0.00, real=0.00 secs] 
2020-10-29T15:50:36.851+0000: [GC (Allocation Failure) 2020-10-29T15:50:36.851+0000: [ParNew: 16388K->4K(18432K), 0.0023366 secs] 433205K->416821K(644860K), 0.0023852 secs] [Times: user=0.01 sys=0.00, real=0.00 secs] 
2020-10-29T15:50:36.870+0000: [GC (Allocation Failure) 2020-10-29T15:50:36.870+0000: [ParNew: 16388K->4K(18432K), 0.0023162 secs] 433205K->416821K(644860K), 0.0023720 secs] [Times: user=0.00 sys=0.00, real=0.00 secs] 
2020-10-29T15:50:36.888+0000: [GC (Allocation Failure) 2020-10-29T15:50:36.888+0000: [ParNew: 16388K->4K(18432K), 0.0023335 secs] 433205K->416821K(644860K), 0.0023802 secs] [Times: user=0.01 sys=0.00, real=0.01 secs] 
2020-10-29T15:50:36.905+0000: [GC (Allocation Failure) 2020-10-29T15:50:36.905+0000: [ParNew: 16388K->4K(18432K), 0.0023754 secs] 433205K->416821K(644860K), 0.0024246 secs] [Times: user=0.00 sys=0.00, real=0.00 secs] 
2020-10-29T15:50:36.926+0000: [GC (Allocation Failure) 2020-10-29T15:50:36.926+0000: [ParNew: 16388K->4K(18432K), 0.0023294 secs] 433205K->416821K(644860K), 0.0023747 secs] [Times: user=0.00 sys=0.00, real=0.00 secs] 
2020-10-29T15:50:36.946+0000: [GC (Allocation Failure) 2020-10-29T15:50:36.946+0000: [ParNew: 16388K->4K(18432K), 0.0023660 secs] 433205K->416821K(644860K), 0.0024160 secs] [Times: user=0.00 sys=0.00, real=0.00 secs] 
2020-10-29T15:50:36.964+0000: [GC (Allocation Failure) 2020-10-29T15:50:36.964+0000: [ParNew: 16388K->4K(18432K), 0.0023983 secs] 433205K->416821K(644860K), 0.0024484 secs] [Times: user=0.01 sys=0.00, real=0.00 secs] 
2020-10-29T15:50:36.986+0000: [GC (Allocation Failure) 2020-10-29T15:50:36.986+0000: [ParNew: 16388K->4K(18432K), 0.0023659 secs] 433205K->416821K(644860K), 0.0024147 secs] [Times: user=0.01 sys=0.00, real=0.00 secs] 
2020-10-29T15:50:37.004+0000: [GC (Allocation Failure) 2020-10-29T15:50:37.004+0000: [ParNew: 16388K->4K(18432K), 0.0023468 secs] 433205K->416821K(644860K), 0.0023921 secs] [Times: user=0.00 sys=0.00, real=0.00 secs] 
2020-10-29T15:50:37.022+0000: [GC (Allocation Failure) 2020-10-29T15:50:37.022+0000: [ParNew: 16388K->4K(18432K), 0.0023857 secs] 433205K->416821K(644860K), 0.0024358 secs] [Times: user=0.01 sys=0.00, real=0.00 secs] 
2020-10-29T15:50:37.042+0000: [GC (Allocation Failure) 2020-10-29T15:50:37.042+0000: [ParNew: 16388K->4K(18432K), 0.0023355 secs] 433205K->416821K(644860K), 0.0023805 secs] [Times: user=0.00 sys=0.00, real=0.00 secs] 
2020-10-29T15:50:37.062+0000: [GC (Allocation Failure) 2020-10-29T15:50:37.062+0000: [ParNew: 16388K->4K(18432K), 0.0023757 secs] 433205K->416821K(644860K), 0.0024241 secs] [Times: user=0.00 sys=0.00, real=0.00 secs] 
2020-10-29T15:50:37.080+0000: [GC (Allocation Failure) 2020-10-29T15:50:37.080+0000: [ParNew: 16388K->4K(18432K), 0.0024513 secs] 433205K->416821K(644860K), 0.0024981 secs] [Times: user=0.01 sys=0.00, real=0.01 secs] 
2020-10-29T15:50:37.098+0000: [GC (Allocation Failure) 2020-10-29T15:50:37.098+0000: [ParNew: 16388K->4K(18432K), 0.0023640 secs] 433205K->416821K(644860K), 0.0024135 secs] [Times: user=0.00 sys=0.00, real=0.00 secs] 
2020-10-29T15:50:37.118+0000: [GC (Allocation Failure) 2020-10-29T15:50:37.118+0000: [ParNew: 16388K->4K(18432K), 0.0022901 secs] 433205K->416821K(644860K), 0.0023342 secs] [Times: user=0.01 sys=0.00, real=0.00 secs] 
2020-10-29T15:50:37.138+0000: [GC (Allocation Failure) 2020-10-29T15:50:37.138+0000: [ParNew: 16388K->4K(18432K), 0.0022056 secs] 433205K->416821K(644860K), 0.0022469 secs] [Times: user=0.00 sys=0.00, real=0.00 secs] 
2020-10-29T15:50:37.160+0000: [GC (Allocation Failure) 2020-10-29T15:50:37.160+0000: [ParNew: 16388K->4K(18432K), 0.0021548 secs] 433205K->416821K(644860K), 0.0021963 secs] [Times: user=0.00 sys=0.00, real=0.00 secs] 
2020-10-29T15:50:37.178+0000: [GC (Allocation Failure) 2020-10-29T15:50:37.178+0000: [ParNew: 16388K->4K(18432K), 0.0022568 secs] 433205K->416821K(644860K), 0.0023021 secs] [Times: user=0.01 sys=0.00, real=0.00 secs] 
2020-10-29T15:50:37.198+0000: [GC (Allocation Failure) 2020-10-29T15:50:37.198+0000: [ParNew: 16388K->4K(18432K), 0.0022209 secs] 433205K->416821K(644860K), 0.0022633 secs] [Times: user=0.01 sys=0.00, real=0.00 secs] 
2020-10-29T15:50:37.218+0000: [GC (Allocation Failure) 2020-10-29T15:50:37.218+0000: [ParNew: 16388K->4K(18432K), 0.0022620 secs] 433205K->416821K(644860K), 0.0023072 secs] [Times: user=0.00 sys=0.00, real=0.00 secs] 
2020-10-29T15:50:37.230+0000: [GC (Allocation Failure) 2020-10-29T15:50:37.230+0000: [ParNew: 16388K->4K(18432K), 0.0075241 secs] 433205K->425013K(644860K), 0.0075784 secs] [Times: user=0.01 sys=0.00, real=0.00 secs] 
2020-10-29T15:50:37.253+0000: [GC (Allocation Failure) 2020-10-29T15:50:37.253+0000: [ParNew: 16388K->4K(18432K), 0.0023575 secs] 441397K->425013K(644860K), 0.0024141 secs] [Times: user=0.00 sys=0.00, real=0.00 secs] 
2020-10-29T15:50:37.270+0000: [GC (Allocation Failure) 2020-10-29T15:50:37.270+0000: [ParNew: 16388K->4K(18432K), 0.0023310 secs] 441397K->425013K(644860K), 0.0023995 secs] [Times: user=0.00 sys=0.00, real=0.00 secs] 
2020-10-29T15:50:37.290+0000: [GC (Allocation Failure) 2020-10-29T15:50:37.290+0000: [ParNew: 16388K->4K(18432K), 0.0022584 secs] 441397K->425013K(644860K), 0.0023004 secs] [Times: user=0.01 sys=0.00, real=0.00 secs] 
2020-10-29T15:50:37.310+0000: [GC (Allocation Failure) 2020-10-29T15:50:37.310+0000: [ParNew: 16388K->4K(18432K), 0.0022638 secs] 441397K->425013K(644860K), 0.0023048 secs] [Times: user=0.00 sys=0.00, real=0.00 secs] 
2020-10-29T15:50:37.330+0000: [GC (Allocation Failure) 2020-10-29T15:50:37.330+0000: [ParNew: 16388K->4K(18432K), 0.0022404 secs] 441397K->425013K(644860K), 0.0022847 secs] [Times: user=0.00 sys=0.00, real=0.00 secs] 
2020-10-29T15:50:37.350+0000: [GC (Allocation Failure) 2020-10-29T15:50:37.350+0000: [ParNew: 16388K->4K(18432K), 0.0022928 secs] 441397K->425013K(644860K), 0.0023384 secs] [Times: user=0.01 sys=0.00, real=0.00 secs] 
2020-10-29T15:50:37.370+0000: [GC (Allocation Failure) 2020-10-29T15:50:37.370+0000: [ParNew: 16388K->4K(18432K), 0.0024180 secs] 441397K->425013K(644860K), 0.0024695 secs] [Times: user=0.00 sys=0.00, real=0.00 secs] 
2020-10-29T15:50:37.388+0000: [GC (Allocation Failure) 2020-10-29T15:50:37.388+0000: [ParNew: 16388K->4K(18432K), 0.0024085 secs] 441397K->425013K(644860K), 0.0024575 secs] [Times: user=0.01 sys=0.00, real=0.01 secs] 
2020-10-29T15:50:37.405+0000: [GC (Allocation Failure) 2020-10-29T15:50:37.405+0000: [ParNew: 16388K->4K(18432K), 0.0025402 secs] 441397K->425013K(644860K), 0.0025833 secs] [Times: user=0.00 sys=0.00, real=0.00 secs] 
2020-10-29T15:50:37.430+0000: [GC (Allocation Failure) 2020-10-29T15:50:37.431+0000: [ParNew: 16388K->4K(18432K), 0.0022441 secs] 441397K->425013K(644860K), 0.0022977 secs] [Times: user=0.00 sys=0.00, real=0.00 secs] 
2020-10-29T15:50:37.466+0000: [GC (Allocation Failure) 2020-10-29T15:50:37.466+0000: [ParNew: 16388K->4K(18432K), 0.0023117 secs] 441397K->425013K(644860K), 0.0023609 secs] [Times: user=0.01 sys=0.00, real=0.00 secs] 
2020-10-29T15:50:37.496+0000: [GC (Allocation Failure) 2020-10-29T15:50:37.496+0000: [ParNew: 16388K->4K(18432K), 0.0022143 secs] 441397K->425013K(644860K), 0.0022597 secs] [Times: user=0.01 sys=0.00, real=0.00 secs] 
2020-10-29T15:50:37.518+0000: [GC (Allocation Failure) 2020-10-29T15:50:37.518+0000: [ParNew: 9532K->4K(18432K), 0.0020601 secs] 434541K->425013K(644860K), 0.0021043 secs] [Times: user=0.01 sys=0.00, real=0.00 secs] 
2020-10-29T15:50:37.536+0000: [GC (Allocation Failure) 2020-10-29T15:50:37.536+0000: [ParNew: 16388K->4K(18432K), 0.0077052 secs] 441397K->433205K(644860K), 0.0077492 secs] [Times: user=0.01 sys=0.00, real=0.01 secs] 
2020-10-29T15:50:37.574+0000: [GC (Allocation Failure) 2020-10-29T15:50:37.574+0000: [ParNew: 16388K->4K(18432K), 0.0023835 secs] 449589K->433205K(644860K), 0.0024342 secs] [Times: user=0.01 sys=0.00, real=0.00 secs] 
2020-10-29T15:50:37.625+0000: [GC (Allocation Failure) 2020-10-29T15:50:37.625+0000: [ParNew: 16388K->4K(18432K), 0.0025149 secs] 449589K->433206K(644860K), 0.0025708 secs] [Times: user=0.01 sys=0.00, real=0.00 secs] 
2020-10-29T15:50:38.187+0000: [GC (Allocation Failure) 2020-10-29T15:50:38.187+0000: [ParNew: 16388K->2K(18432K), 0.0051125 secs] 449590K->433204K(644860K), 0.0051908 secs] [Times: user=0.01 sys=0.00, real=0.01 secs] 
2020-10-29T15:50:38.427+0000: [GC (Allocation Failure) 2020-10-29T15:50:38.427+0000: [ParNew: 16386K->142K(18432K), 0.0025584 secs] 449588K->433345K(644860K), 0.0026179 secs] [Times: user=0.01 sys=0.00, real=0.00 secs] 
2020-10-29T15:50:38.518+0000: [GC (Allocation Failure) 2020-10-29T15:50:38.518+0000: [ParNew: 16526K->18K(18432K), 0.0025399 secs] 449729K->433221K(644860K), 0.0025977 secs] [Times: user=0.00 sys=0.00, real=0.00 secs] 
2020-10-29T15:50:38.642+0000: [GC (Allocation Failure) 2020-10-29T15:50:38.642+0000: [ParNew: 16402K->20K(18432K), 0.0025196 secs] 449605K->433222K(644860K), 0.0025771 secs] [Times: user=0.00 sys=0.00, real=0.00 secs] 
2020-10-29T15:50:38.715+0000: [GC (Allocation Failure) 2020-10-29T15:50:38.715+0000: [ParNew: 16404K->20K(18432K), 0.0025149 secs] 449606K->433223K(644860K), 0.0025718 secs] [Times: user=0.01 sys=0.00, real=0.00 secs] 
2020-10-29T15:50:38.770+0000: [GC (Allocation Failure) 2020-10-29T15:50:38.770+0000: [ParNew: 16404K->21K(18432K), 0.0024976 secs] 449607K->433224K(644860K), 0.0025499 secs] [Times: user=0.00 sys=0.01, real=0.01 secs] 
2020-10-29T15:50:38.826+0000: [GC (Allocation Failure) 2020-10-29T15:50:38.826+0000: [ParNew: 16405K->20K(18432K), 0.0024888 secs] 449608K->433223K(644860K), 0.0025448 secs] [Times: user=0.00 sys=0.00, real=0.00 secs] 
2020-10-29T15:50:38.899+0000: [GC (Allocation Failure) 2020-10-29T15:50:38.899+0000: [ParNew: 16404K->13K(18432K), 0.0052246 secs] 449607K->433229K(644860K), 0.0052833 secs] [Times: user=0.01 sys=0.00, real=0.01 secs] 
2020-10-29T15:50:38.989+0000: [GC (Allocation Failure) 2020-10-29T15:50:38.989+0000: [ParNew: 16397K->4K(18432K), 0.0024700 secs] 449613K->433220K(644860K), 0.0025282 secs] [Times: user=0.01 sys=0.00, real=0.01 secs] 
2020-10-29T15:50:39.028+0000: [GC (Allocation Failure) 2020-10-29T15:50:39.028+0000: [ParNew: 16388K->2K(18432K), 0.0050352 secs] 449604K->433219K(644860K), 0.0051105 secs] [Times: user=0.01 sys=0.00, real=0.01 secs] 
2020-10-29T15:50:39.070+0000: [GC (Allocation Failure) 2020-10-29T15:50:39.070+0000: [ParNew: 16386K->4K(18432K), 0.0024201 secs] 449603K->433221K(644860K), 0.0024772 secs] [Times: user=0.00 sys=0.00, real=0.00 secs] 
2020-10-29T15:50:39.118+0000: [GC (Allocation Failure) 2020-10-29T15:50:39.118+0000: [ParNew: 16388K->2K(18432K), 0.0044428 secs] 449605K->433219K(644860K), 0.0045101 secs] [Times: user=0.01 sys=0.00, real=0.01 secs] 
2020-10-29T15:50:39.177+0000: [GC (Allocation Failure) 2020-10-29T15:50:39.177+0000: [ParNew: 16386K->4K(18432K), 0.0024635 secs] 449603K->433221K(644860K), 0.0025210 secs] [Times: user=0.01 sys=0.00, real=0.00 secs] 
2020-10-29T15:50:39.213+0000: [GC (Allocation Failure) 2020-10-29T15:50:39.213+0000: [ParNew: 16388K->4K(18432K), 0.0024521 secs] 449605K->433221K(644860K), 0.0025092 secs] [Times: user=0.01 sys=0.00, real=0.00 secs] 
2020-10-29T15:50:39.240+0000: [GC (Allocation Failure) 2020-10-29T15:50:39.240+0000: [ParNew: 16388K->4K(18432K), 0.0024563 secs] 449605K->433221K(644860K), 0.0025214 secs] [Times: user=0.00 sys=0.00, real=0.01 secs] 
2020-10-29T15:50:39.272+0000: [GC (Allocation Failure) 2020-10-29T15:50:39.272+0000: [ParNew: 16388K->4K(18432K), 0.0024663 secs] 449605K->433221K(644860K), 0.0025232 secs] [Times: user=0.01 sys=0.00, real=0.00 secs] 
2020-10-29T15:50:39.310+0000: [GC (Allocation Failure) 2020-10-29T15:50:39.310+0000: [ParNew: 16388K->4K(18432K), 0.0024504 secs] 449605K->433221K(644860K), 0.0024984 secs] [Times: user=0.00 sys=0.00, real=0.01 secs] 
2020-10-29T15:50:39.330+0000: [GC (Allocation Failure) 2020-10-29T15:50:39.330+0000: [ParNew: 16388K->4K(18432K), 0.0023598 secs] 449605K->433221K(644860K), 0.0024089 secs] [Times: user=0.00 sys=0.00, real=0.00 secs] 
2020-10-29T15:50:39.350+0000: [GC (Allocation Failure) 2020-10-29T15:50:39.350+0000: [ParNew: 16388K->2K(18432K), 0.0023750 secs] 449605K->433219K(644860K), 0.0024242 secs] [Times: user=0.01 sys=0.00, real=0.00 secs] 
2020-10-29T15:50:39.368+0000: [GC (Allocation Failure) 2020-10-29T15:50:39.368+0000: [ParNew: 16386K->2K(18432K), 0.0023372 secs] 449603K->433219K(644860K), 0.0023848 secs] [Times: user=0.00 sys=0.00, real=0.00 secs] 
2020-10-29T15:50:39.386+0000: [GC (Allocation Failure) 2020-10-29T15:50:39.386+0000: [ParNew: 16386K->2K(18432K), 0.0022887 secs] 449603K->433219K(644860K), 0.0023453 secs] [Times: user=0.01 sys=0.00, real=0.00 secs] 
2020-10-29T15:50:39.406+0000: [GC (Allocation Failure) 2020-10-29T15:50:39.406+0000: [ParNew: 16386K->2K(18432K), 0.0023424 secs] 449603K->433219K(644860K), 0.0023933 secs] [Times: user=0.01 sys=0.00, real=0.00 secs] 
2020-10-29T15:50:39.429+0000: [GC (Allocation Failure) 2020-10-29T15:50:39.429+0000: [ParNew: 16386K->2K(18432K), 0.0022924 secs] 449603K->433219K(644860K), 0.0023441 secs] [Times: user=0.00 sys=0.00, real=0.01 secs] 
2020-10-29T15:50:39.450+0000: [GC (Allocation Failure) 2020-10-29T15:50:39.450+0000: [ParNew: 16386K->2K(18432K), 0.0022787 secs] 449603K->433219K(644860K), 0.0023223 secs] [Times: user=0.01 sys=0.00, real=0.01 secs] 
2020-10-29T15:50:39.467+0000: [GC (Allocation Failure) 2020-10-29T15:50:39.467+0000: [ParNew: 16386K->2K(18432K), 0.0022516 secs] 449603K->433219K(644860K), 0.0022953 secs] [Times: user=0.00 sys=0.00, real=0.00 secs] 
2020-10-29T15:50:39.484+0000: [GC (Allocation Failure) 2020-10-29T15:50:39.484+0000: [ParNew: 16386K->4K(18432K), 0.0023541 secs] 449603K->433221K(644860K), 0.0024045 secs] [Times: user=0.01 sys=0.00, real=0.00 secs] 
2020-10-29T15:50:39.502+0000: [GC (Allocation Failure) 2020-10-29T15:50:39.502+0000: [ParNew: 16388K->2K(18432K), 0.0023127 secs] 449605K->433219K(644860K), 0.0023583 secs] [Times: user=0.00 sys=0.00, real=0.00 secs] 
2020-10-29T15:50:39.522+0000: [GC (Allocation Failure) 2020-10-29T15:50:39.522+0000: [ParNew: 16386K->4K(18432K), 0.0035645 secs] 449603K->433221K(644860K), 0.0036088 secs] [Times: user=0.00 sys=0.00, real=0.00 secs] 
2020-10-29T15:50:39.541+0000: [GC (Allocation Failure) 2020-10-29T15:50:39.541+0000: [ParNew: 16388K->2K(18432K), 0.0023309 secs] 449605K->433219K(644860K), 0.0023785 secs] [Times: user=0.01 sys=0.00, real=0.01 secs] 
2020-10-29T15:50:39.558+0000: [GC (Allocation Failure) 2020-10-29T15:50:39.558+0000: [ParNew: 16386K->2K(18432K), 0.0023172 secs] 449603K->433219K(644860K), 0.0023607 secs] [Times: user=0.00 sys=0.00, real=0.00 secs] 
2020-10-29T15:50:39.575+0000: [GC (Allocation Failure) 2020-10-29T15:50:39.575+0000: [ParNew: 16386K->2K(18432K), 0.0022592 secs] 449603K->433219K(644860K), 0.0023048 secs] [Times: user=0.00 sys=0.00, real=0.00 secs] 
2020-10-29T15:50:39.592+0000: [GC (Allocation Failure) 2020-10-29T15:50:39.592+0000: [ParNew: 16386K->2K(18432K), 0.0022167 secs] 449603K->433219K(644860K), 0.0022597 secs] [Times: user=0.00 sys=0.00, real=0.00 secs] 
2020-10-29T15:50:39.610+0000: [GC (Allocation Failure) 2020-10-29T15:50:39.610+0000: [ParNew: 16386K->2K(18432K), 0.0021741 secs] 449603K->433219K(644860K), 0.0022167 secs] [Times: user=0.00 sys=0.00, real=0.00 secs] 
2020-10-29T15:50:39.628+0000: [GC (Allocation Failure) 2020-10-29T15:50:39.628+0000: [ParNew: 16386K->2K(18432K), 0.0022426 secs] 449603K->433219K(644860K), 0.0022880 secs] [Times: user=0.00 sys=0.00, real=0.00 secs] 
2020-10-29T15:50:39.645+0000: [GC (Allocation Failure) 2020-10-29T15:50:39.645+0000: [ParNew: 16386K->2K(18432K), 0.0022770 secs] 449603K->433219K(644860K), 0.0023218 secs] [Times: user=0.00 sys=0.00, real=0.00 secs] 
2020-10-29T15:50:39.666+0000: [GC (Allocation Failure) 2020-10-29T15:50:39.666+0000: [ParNew: 16386K->2K(18432K), 0.0023160 secs] 449603K->433219K(644860K), 0.0023657 secs] [Times: user=0.00 sys=0.00, real=0.00 secs] 
2020-10-29T15:50:39.686+0000: [GC (Allocation Failure) 2020-10-29T15:50:39.686+0000: [ParNew: 16386K->2K(18432K), 0.0026634 secs] 449603K->433219K(644860K), 0.0027223 secs] [Times: user=0.00 sys=0.00, real=0.00 secs] 
2020-10-29T15:50:39.706+0000: [GC (Allocation Failure) 2020-10-29T15:50:39.706+0000: [ParNew: 16386K->2K(18432K), 0.0023261 secs] 449603K->433219K(644860K), 0.0023722 secs] [Times: user=0.01 sys=0.00, real=0.00 secs] 
2020-10-29T15:50:39.723+0000: [GC (Allocation Failure) 2020-10-29T15:50:39.723+0000: [ParNew: 16386K->2K(18432K), 0.0022234 secs] 449603K->433219K(644860K), 0.0022675 secs] [Times: user=0.00 sys=0.00, real=0.00 secs] 
2020-10-29T15:50:39.740+0000: [GC (Allocation Failure) 2020-10-29T15:50:39.741+0000: [ParNew: 16386K->2K(18432K), 0.0022444 secs] 449603K->433219K(644860K), 0.0022869 secs] [Times: user=0.00 sys=0.00, real=0.01 secs] 
2020-10-29T15:50:39.758+0000: [GC (Allocation Failure) 2020-10-29T15:50:39.758+0000: [ParNew: 16386K->2K(18432K), 0.0022765 secs] 449603K->433219K(644860K), 0.0023226 secs] [Times: user=0.01 sys=0.00, real=0.00 secs] 
2020-10-29T15:50:39.778+0000: [GC (Allocation Failure) 2020-10-29T15:50:39.778+0000: [ParNew: 16386K->2K(18432K), 0.0022958 secs] 449603K->433219K(644860K), 0.0023429 secs] [Times: user=0.00 sys=0.00, real=0.00 secs] 
2020-10-29T15:50:39.795+0000: [GC (Allocation Failure) 2020-10-29T15:50:39.795+0000: [ParNew: 16386K->2K(18432K), 0.0022592 secs] 449603K->433219K(644860K), 0.0023042 secs] [Times: user=0.01 sys=0.00, real=0.00 secs] 
2020-10-29T15:50:39.814+0000: [GC (Allocation Failure) 2020-10-29T15:50:39.814+0000: [ParNew: 16386K->2K(18432K), 0.0022747 secs] 449603K->433219K(644860K), 0.0023215 secs] [Times: user=0.00 sys=0.00, real=0.00 secs] 
2020-10-29T15:50:39.834+0000: [GC (Allocation Failure) 2020-10-29T15:50:39.834+0000: [ParNew: 16386K->2K(18432K), 0.0023137 secs] 449603K->433219K(644860K), 0.0023627 secs] [Times: user=0.01 sys=0.00, real=0.00 secs] 
2020-10-29T15:50:39.856+0000: [GC (Allocation Failure) 2020-10-29T15:50:39.856+0000: [ParNew: 16386K->4K(18432K), 0.0047376 secs] 449603K->433221K(644860K), 0.0047887 secs] [Times: user=0.00 sys=0.00, real=0.00 secs] 
2020-10-29T15:50:39.878+0000: [GC (Allocation Failure) 2020-10-29T15:50:39.878+0000: [ParNew: 16388K->2K(18432K), 0.0023215 secs] 449605K->433219K(644860K), 0.0023705 secs] [Times: user=0.01 sys=0.01, real=0.00 secs] 
2020-10-29T15:50:39.896+0000: [GC (Allocation Failure) 2020-10-29T15:50:39.896+0000: [ParNew: 16386K->2K(18432K), 0.0023305 secs] 449603K->433219K(644860K), 0.0023778 secs] [Times: user=0.01 sys=0.00, real=0.00 secs] 
2020-10-29T15:50:39.914+0000: [GC (Allocation Failure) 2020-10-29T15:50:39.914+0000: [ParNew: 16386K->2K(18432K), 0.0022889 secs] 449603K->433219K(644860K), 0.0023357 secs] [Times: user=0.00 sys=0.00, real=0.00 secs] 
2020-10-29T15:50:39.932+0000: [GC (Allocation Failure) 2020-10-29T15:50:39.932+0000: [ParNew: 16386K->2K(18432K), 0.0023043 secs] 449603K->433219K(644860K), 0.0023526 secs] [Times: user=0.01 sys=0.00, real=0.00 secs] 
2020-10-29T15:50:39.949+0000: [GC (Allocation Failure) 2020-10-29T15:50:39.949+0000: [ParNew: 16386K->2K(18432K), 0.0022801 secs] 449603K->433219K(644860K), 0.0023270 secs] [Times: user=0.00 sys=0.00, real=0.01 secs] 
2020-10-29T15:50:39.966+0000: [GC (Allocation Failure) 2020-10-29T15:50:39.966+0000: [ParNew: 16386K->2K(18432K), 0.0023728 secs] 449603K->433219K(644860K), 0.0024243 secs] [Times: user=0.00 sys=0.00, real=0.00 secs] 
2020-10-29T15:50:39.983+0000: [GC (Allocation Failure) 2020-10-29T15:50:39.983+0000: [ParNew: 16386K->2K(18432K), 0.0023304 secs] 449603K->433219K(644860K), 0.0023789 secs] [Times: user=0.01 sys=0.00, real=0.00 secs] 
2020-10-29T15:50:40.001+0000: [GC (Allocation Failure) 2020-10-29T15:50:40.001+0000: [ParNew: 16386K->2K(18432K), 0.0023118 secs] 449603K->433219K(644860K), 0.0023594 secs] [Times: user=0.00 sys=0.00, real=0.01 secs] 
2020-10-29T15:50:40.022+0000: [GC (Allocation Failure) 2020-10-29T15:50:40.022+0000: [ParNew: 16386K->2K(18432K), 0.0022942 secs] 449603K->433219K(644860K), 0.0023409 secs] [Times: user=0.00 sys=0.00, real=0.01 secs] 
2020-10-29T15:50:40.041+0000: [GC (Allocation Failure) 2020-10-29T15:50:40.041+0000: [ParNew: 16386K->2K(18432K), 0.0022627 secs] 449603K->433219K(644860K), 0.0023074 secs] [Times: user=0.00 sys=0.00, real=0.01 secs] 
2020-10-29T15:50:40.062+0000: [GC (Allocation Failure) 2020-10-29T15:50:40.062+0000: [ParNew: 16386K->2K(18432K), 0.0022072 secs] 449603K->433219K(644860K), 0.0022517 secs] [Times: user=0.00 sys=0.00, real=0.00 secs] 
2020-10-29T15:50:40.079+0000: [GC (Allocation Failure) 2020-10-29T15:50:40.079+0000: [ParNew: 16386K->2K(18432K), 0.0022999 secs] 449603K->433219K(644860K), 0.0023484 secs] [Times: user=0.00 sys=0.00, real=0.00 secs] 
2020-10-29T15:50:40.098+0000: [GC (Allocation Failure) 2020-10-29T15:50:40.098+0000: [ParNew: 16386K->2K(18432K), 0.0023691 secs] 449603K->433219K(644860K), 0.0024313 secs] [Times: user=0.00 sys=0.00, real=0.00 secs] 
2020-10-29T15:50:40.118+0000: [GC (Allocation Failure) 2020-10-29T15:50:40.118+0000: [ParNew: 16386K->2K(18432K), 0.0022786 secs] 449603K->433219K(644860K), 0.0023235 secs] [Times: user=0.00 sys=0.00, real=0.00 secs] 
2020-10-29T15:50:40.138+0000: [GC (Allocation Failure) 2020-10-29T15:50:40.138+0000: [ParNew: 16386K->2K(18432K), 0.0022686 secs] 449603K->433219K(644860K), 0.0023117 secs] [Times: user=0.01 sys=0.00, real=0.00 secs] 
2020-10-29T15:50:40.161+0000: [GC (Allocation Failure) 2020-10-29T15:50:40.161+0000: [ParNew: 16386K->4K(18432K), 0.0023378 secs] 449603K->433221K(644860K), 0.0023888 secs] [Times: user=0.00 sys=0.00, real=0.01 secs] 
2020-10-29T15:50:40.213+0000: [GC (Allocation Failure) 2020-10-29T15:50:40.213+0000: [ParNew: 16388K->4K(18432K), 0.0024739 secs] 449605K->433221K(644860K), 0.0025423 secs] [Times: user=0.01 sys=0.00, real=0.00 secs] 
2020-10-29T15:50:40.251+0000: [GC (Allocation Failure) 2020-10-29T15:50:40.251+0000: [ParNew: 16388K->4K(18432K), 0.0023510 secs] 449605K->433222K(644860K), 0.0024041 secs] [Times: user=0.01 sys=0.00, real=0.00 secs] 
2020-10-29T15:50:40.271+0000: [GC (Allocation Failure) 2020-10-29T15:50:40.271+0000: [ParNew: 16388K->6K(18432K), 0.0022899 secs] 449606K->433224K(644860K), 0.0023371 secs] [Times: user=0.00 sys=0.00, real=0.00 secs] 
2020-10-29T15:50:40.291+0000: [GC (Allocation Failure) 2020-10-29T15:50:40.291+0000: [ParNew: 16390K->6K(18432K), 0.0022659 secs] 449608K->433224K(644860K), 0.0023094 secs] [Times: user=0.00 sys=0.00, real=0.00 secs] 
2020-10-29T15:50:40.370+0000: [GC (Allocation Failure) 2020-10-29T15:50:40.370+0000: [ParNew: 16390K->383K(18432K), 0.0028349 secs] 449608K->433601K(644860K), 0.0028887 secs] [Times: user=0.00 sys=0.00, real=0.01 secs] 
2020-10-29T15:50:40.541+0000: [GC (Allocation Failure) 2020-10-29T15:50:40.541+0000: [ParNew: 16767K->1463K(18432K), 0.0081765 secs] 449985K->434682K(644860K), 0.0082506 secs] [Times: user=0.02 sys=0.00, real=0.01 secs] 
2020-10-29T15:50:40.603+0000: [GC (Allocation Failure) 2020-10-29T15:50:40.603+0000: [ParNew: 17847K->605K(18432K), 0.0045246 secs] 451066K->435169K(644860K), 0.0045851 secs] [Times: user=0.01 sys=0.00, real=0.00 secs] 
2020-10-29T15:50:40.638+0000: [GC (Allocation Failure) 2020-10-29T15:50:40.638+0000: [ParNew: 16989K->602K(18432K), 0.0024520 secs] 451553K->435165K(644860K), 0.0025198 secs] [Times: user=0.01 sys=0.00, real=0.00 secs] 
2020-10-29T15:50:40.669+0000: [GC (Allocation Failure) 2020-10-29T15:50:40.670+0000: [ParNew: 16986K->677K(18432K), 0.0024287 secs] 451549K->435241K(644860K), 0.0024811 secs] [Times: user=0.01 sys=0.00, real=0.01 secs] 
2020-10-29T15:50:40.714+0000: [GC (Allocation Failure) 2020-10-29T15:50:40.714+0000: [ParNew: 17061K->1297K(18432K), 0.0025313 secs] 451625K->435861K(644860K), 0.0025821 secs] [Times: user=0.00 sys=0.00, real=0.00 secs] 
2020-10-29T15:50:40.739+0000: [GC (Allocation Failure) 2020-10-29T15:50:40.739+0000: [ParNew: 17681K->519K(18432K), 0.0025215 secs] 452245K->435606K(644860K), 0.0025717 secs] [Times: user=0.00 sys=0.00, real=0.00 secs] 
2020-10-29T15:50:40.775+0000: [GC (Allocation Failure) 2020-10-29T15:50:40.775+0000: [ParNew: 16903K->1028K(18432K), 0.0025310 secs] 451990K->436115K(644860K), 0.0025851 secs] [Times: user=0.00 sys=0.00, real=0.00 secs] 
2020-10-29T15:50:40.799+0000: [GC (Allocation Failure) 2020-10-29T15:50:40.799+0000: [ParNew: 17412K->4K(18432K), 0.0024203 secs] 452499K->435603K(644860K), 0.0024828 secs] [Times: user=0.01 sys=0.00, real=0.00 secs] 
2020-10-29T15:50:40.822+0000: [GC (Allocation Failure) 2020-10-29T15:50:40.822+0000: [ParNew: 16388K->4K(18432K), 0.0023522 secs] 451987K->435603K(644860K), 0.0024174 secs] [Times: user=0.01 sys=0.00, real=0.00 secs] 
2020-10-29T15:50:40.857+0000: [GC (Allocation Failure) 2020-10-29T15:50:40.857+0000: [ParNew: 16388K->1028K(18432K), 0.0027262 secs] 451987K->437651K(644860K), 0.0027960 secs] [Times: user=0.01 sys=0.00, real=0.00 secs] 
2020-10-29T15:50:40.890+0000: [GC (Allocation Failure) 2020-10-29T15:50:40.890+0000: [ParNew: 17412K->1028K(18432K), 0.0027589 secs] 454035K->438676K(644860K), 0.0028139 secs] [Times: user=0.00 sys=0.00, real=0.00 secs] 
2020-10-29T15:50:40.934+0000: [GC (Allocation Failure) 2020-10-29T15:50:40.934+0000: [ParNew: 17412K->4K(18432K), 0.0024271 secs] 455060K->437652K(644860K), 0.0024822 secs] [Times: user=0.00 sys=0.00, real=0.00 secs] 
2020-10-29T15:50:40.960+0000: [GC (Allocation Failure) 2020-10-29T15:50:40.960+0000: [ParNew: 16388K->4K(18432K), 0.0023800 secs] 454036K->437652K(644860K), 0.0024322 secs] [Times: user=0.00 sys=0.00, real=0.00 secs] 
2020-10-29T15:50:40.986+0000: [GC (Allocation Failure) 2020-10-29T15:50:40.986+0000: [ParNew: 16388K->4K(18432K), 0.0024194 secs] 454036K->437652K(644860K), 0.0024720 secs] [Times: user=0.01 sys=0.00, real=0.00 secs] 
2020-10-29T15:50:41.014+0000: [GC (Allocation Failure) 2020-10-29T15:50:41.014+0000: [ParNew: 16388K->4K(18432K), 0.0024533 secs] 454036K->437652K(644860K), 0.0025077 secs] [Times: user=0.00 sys=0.00, real=0.00 secs] 
2020-10-29T15:50:41.042+0000: [GC (Allocation Failure) 2020-10-29T15:50:41.042+0000: [ParNew: 16388K->4K(18432K), 0.0024354 secs] 454036K->437652K(644860K), 0.0025068 secs] [Times: user=0.01 sys=0.00, real=0.00 secs] 
2020-10-29T15:50:41.066+0000: [GC (Allocation Failure) 2020-10-29T15:50:41.066+0000: [ParNew: 16388K->4K(18432K), 0.0024659 secs] 454036K->437652K(644860K), 0.0025208 secs] [Times: user=0.01 sys=0.00, real=0.00 secs] 
2020-10-29T15:50:41.098+0000: [GC (Allocation Failure) 2020-10-29T15:50:41.098+0000: [ParNew: 16388K->4K(18432K), 0.0028507 secs] 454036K->439700K(644860K), 0.0029246 secs] [Times: user=0.01 sys=0.00, real=0.00 secs] 
2020-10-29T15:50:41.104+0000: [GC (CMS Initial Mark) [1 CMS-initial-mark: 439696K(626428K)] 442027K(644860K), 0.0026405 secs] [Times: user=0.00 sys=0.00, real=0.00 secs] 
2020-10-29T15:50:41.110+0000: [CMS-concurrent-mark-start]
2020-10-29T15:50:41.136+0000: [GC (Allocation Failure) 2020-10-29T15:50:41.136+0000: [ParNew: 16388K->4K(18432K), 0.0024464 secs] 456084K->439700K(644860K), 0.0025137 secs] [Times: user=0.01 sys=0.00, real=0.00 secs] 
2020-10-29T15:50:41.194+0000: [GC (Allocation Failure) 2020-10-29T15:50:41.194+0000: [ParNew: 16388K->4K(18432K), 0.0024907 secs] 456084K->439700K(644860K), 0.0025467 secs] [Times: user=0.01 sys=0.00, real=0.00 secs] 
2020-10-29T15:50:41.222+0000: [GC (Allocation Failure) 2020-10-29T15:50:41.222+0000: [ParNew: 16388K->4K(18432K), 0.0027714 secs] 456084K->441748K(644860K), 0.0028439 secs] [Times: user=0.01 sys=0.00, real=0.00 secs] 
2020-10-29T15:50:41.260+0000: [GC (Allocation Failure) 2020-10-29T15:50:41.260+0000: [ParNew: 16388K->4K(18432K), 0.0024820 secs] 458132K->441748K(644860K), 0.0025493 secs] [Times: user=0.01 sys=0.00, real=0.01 secs] 
2020-10-29T15:50:41.270+0000: [CMS-concurrent-mark: 0.123/0.160 secs] [Times: user=0.29 sys=0.02, real=0.16 secs] 
2020-10-29T15:50:41.270+0000: [CMS-concurrent-preclean-start]
2020-10-29T15:50:41.280+0000: [CMS-concurrent-preclean: 0.010/0.010 secs] [Times: user=0.02 sys=0.00, real=0.01 secs] 
2020-10-29T15:50:41.280+0000: [CMS-concurrent-abortable-preclean-start]
2020-10-29T15:50:41.294+0000: [GC (Allocation Failure) 2020-10-29T15:50:41.294+0000: [ParNew: 16388K->4K(18432K), 0.0047419 secs] 458132K->441748K(644860K), 0.0048057 secs] [Times: user=0.01 sys=0.00, real=0.00 secs] 
2020-10-29T15:50:41.326+0000: [GC (Allocation Failure) 2020-10-29T15:50:41.326+0000: [ParNew: 16388K->4K(18432K), 0.0049769 secs] 458132K->441748K(644860K), 0.0050417 secs] [Times: user=0.01 sys=0.00, real=0.01 secs] 
2020-10-29T15:50:41.353+0000: [GC (Allocation Failure) 2020-10-29T15:50:41.353+0000: [ParNew: 16388K->2K(18432K), 0.0050252 secs] 458132K->441746K(644860K), 0.0050963 secs] [Times: user=0.01 sys=0.00, real=0.00 secs] 
2020-10-29T15:50:41.382+0000: [GC (Allocation Failure) 2020-10-29T15:50:41.382+0000: [ParNew: 16386K->4K(18432K), 0.0059858 secs] 458130K->441748K(644860K), 0.0060570 secs] [Times: user=0.01 sys=0.00, real=0.00 secs] 
2020-10-29T15:50:41.413+0000: [GC (Allocation Failure) 2020-10-29T15:50:41.413+0000: [ParNew: 16388K->4K(18432K), 0.0076638 secs] 458132K->441748K(644860K), 0.0077376 secs] [Times: user=0.01 sys=0.00, real=0.00 secs] 
2020-10-29T15:50:41.446+0000: [GC (Allocation Failure) 2020-10-29T15:50:41.446+0000: [ParNew: 16388K->6K(18432K), 0.0050328 secs] 458132K->441750K(644860K), 0.0051063 secs] [Times: user=0.01 sys=0.00, real=0.01 secs] 
2020-10-29T15:50:41.478+0000: [GC (Allocation Failure) 2020-10-29T15:50:41.478+0000: [ParNew: 16390K->4K(18432K), 0.0024625 secs] 458134K->441748K(644860K), 0.0025274 secs] [Times: user=0.01 sys=0.00, real=0.00 secs] 
2020-10-29T15:50:41.515+0000: [GC (Allocation Failure) 2020-10-29T15:50:41.515+0000: [ParNew: 16388K->4K(18432K), 0.0024440 secs] 458132K->441748K(644860K), 0.0024994 secs] [Times: user=0.01 sys=0.00, real=0.00 secs] 
2020-10-29T15:50:41.545+0000: [GC (Allocation Failure) 2020-10-29T15:50:41.545+0000: [ParNew: 16388K->4K(18432K), 0.0023760 secs] 458132K->441748K(644860K), 0.0024307 secs] [Times: user=0.00 sys=0.00, real=0.00 secs] 
2020-10-29T15:50:41.574+0000: [GC (Allocation Failure) 2020-10-29T15:50:41.574+0000: [ParNew: 16388K->4K(18432K), 0.0023620 secs] 458132K->441748K(644860K), 0.0024157 secs] [Times: user=0.00 sys=0.00, real=0.00 secs] 
2020-10-29T15:50:41.607+0000: [GC (Allocation Failure) 2020-10-29T15:50:41.607+0000: [ParNew: 16388K->4K(18432K), 0.0023861 secs] 458132K->441748K(644860K), 0.0024430 secs] [Times: user=0.01 sys=0.00, real=0.00 secs] 
2020-10-29T15:50:41.634+0000: [GC (Allocation Failure) 2020-10-29T15:50:41.634+0000: [ParNew: 16388K->4K(18432K), 0.0022424 secs] 458132K->441748K(644860K), 0.0022944 secs] [Times: user=0.01 sys=0.00, real=0.00 secs] 
2020-10-29T15:50:41.662+0000: [GC (Allocation Failure) 2020-10-29T15:50:41.662+0000: [ParNew: 16388K->4K(18432K), 0.0021954 secs] 458132K->441748K(644860K), 0.0022461 secs] [Times: user=0.01 sys=0.00, real=0.01 secs] 
2020-10-29T15:50:41.686+0000: [GC (Allocation Failure) 2020-10-29T15:50:41.686+0000: [ParNew: 16388K->4K(18432K), 0.0048667 secs] 458132K->441748K(644860K), 0.0049180 secs] [Times: user=0.01 sys=0.00, real=0.01 secs] 
2020-10-29T15:50:41.717+0000: [GC (Allocation Failure) 2020-10-29T15:50:41.717+0000: [ParNew: 16388K->4K(18432K), 0.0030110 secs] 458132K->445844K(644860K), 0.0030648 secs] [Times: user=0.00 sys=0.00, real=0.00 secs] 
2020-10-29T15:50:41.744+0000: [GC (Allocation Failure) 2020-10-29T15:50:41.744+0000: [ParNew: 16388K->4K(18432K), 0.0024463 secs] 462228K->445844K(644860K), 0.0025187 secs] [Times: user=0.01 sys=0.00, real=0.00 secs] 
2020-10-29T15:50:41.776+0000: [GC (Allocation Failure) 2020-10-29T15:50:41.776+0000: [ParNew: 16388K->4K(18432K), 0.0024019 secs] 462228K->445844K(644860K), 0.0024722 secs] [Times: user=0.01 sys=0.00, real=0.00 secs] 
2020-10-29T15:50:41.805+0000: [GC (Allocation Failure) 2020-10-29T15:50:41.805+0000: [ParNew: 16388K->4K(18432K), 0.0024048 secs] 462228K->445844K(644860K), 0.0024768 secs] [Times: user=0.01 sys=0.00, real=0.00 secs] 
2020-10-29T15:50:41.831+0000: [GC (Allocation Failure) 2020-10-29T15:50:41.831+0000: [ParNew: 16388K->4K(18432K), 0.0023710 secs] 462228K->445844K(644860K), 0.0024395 secs] [Times: user=0.01 sys=0.00, real=0.00 secs] 
2020-10-29T15:50:41.857+0000: [GC (Allocation Failure) 2020-10-29T15:50:41.857+0000: [ParNew: 16388K->4K(18432K), 0.0022948 secs] 462228K->445844K(644860K), 0.0023611 secs] [Times: user=0.01 sys=0.00, real=0.00 secs] 
2020-10-29T15:50:41.883+0000: [GC (Allocation Failure) 2020-10-29T15:50:41.883+0000: [ParNew: 16388K->4K(18432K), 0.0022651 secs] 462228K->445845K(644860K), 0.0023302 secs] [Times: user=0.01 sys=0.00, real=0.00 secs] 
2020-10-29T15:50:41.914+0000: [GC (Allocation Failure) 2020-10-29T15:50:41.914+0000: [ParNew: 16388K->4K(18432K), 0.0023547 secs] 462229K->445845K(644860K), 0.0024288 secs] [Times: user=0.00 sys=0.00, real=0.00 secs] 
2020-10-29T15:50:41.938+0000: [GC (Allocation Failure) 2020-10-29T15:50:41.938+0000: [ParNew: 16388K->4K(18432K), 0.0022259 secs] 462229K->445845K(644860K), 0.0022968 secs] [Times: user=0.00 sys=0.00, real=0.00 secs] 
2020-10-29T15:50:41.974+0000: [GC (Allocation Failure) 2020-10-29T15:50:41.974+0000: [ParNew: 16388K->4K(18432K), 0.0024543 secs] 462229K->445845K(644860K), 0.0025288 secs] [Times: user=0.01 sys=0.00, real=0.00 secs] 
2020-10-29T15:50:42.008+0000: [GC (Allocation Failure) 2020-10-29T15:50:42.008+0000: [ParNew: 16388K->4K(18432K), 0.0032290 secs] 462229K->449941K(644860K), 0.0033062 secs] [Times: user=0.00 sys=0.00, real=0.01 secs] 
2020-10-29T15:50:42.047+0000: [GC (Allocation Failure) 2020-10-29T15:50:42.047+0000: [ParNew: 16388K->4K(18432K), 0.0024578 secs] 466325K->449941K(644860K), 0.0025322 secs] [Times: user=0.01 sys=0.00, real=0.00 secs] 
2020-10-29T15:50:42.074+0000: [GC (Allocation Failure) 2020-10-29T15:50:42.074+0000: [ParNew: 16388K->4K(18432K), 0.0024471 secs] 466325K->449941K(644860K), 0.0025037 secs] [Times: user=0.01 sys=0.00, real=0.00 secs] 
2020-10-29T15:50:42.093+0000: [GC (Allocation Failure) 2020-10-29T15:50:42.093+0000: [ParNew: 16388K->4K(18432K), 0.0022871 secs] 466325K->449941K(644860K), 0.0023425 secs] [Times: user=0.01 sys=0.00, real=0.00 secs] 
2020-10-29T15:50:42.112+0000: [GC (Allocation Failure) 2020-10-29T15:50:42.112+0000: [ParNew: 16388K->4K(18432K), 0.0022046 secs] 466325K->449941K(644860K), 0.0022540 secs] [Times: user=0.00 sys=0.00, real=0.00 secs] 
2020-10-29T15:50:42.130+0000: [GC (Allocation Failure) 2020-10-29T15:50:42.130+0000: [ParNew: 16388K->4K(18432K), 0.0020932 secs] 466325K->449941K(644860K), 0.0021379 secs] [Times: user=0.01 sys=0.00, real=0.00 secs] 
2020-10-29T15:50:42.148+0000: [GC (Allocation Failure) 2020-10-29T15:50:42.149+0000: [ParNew: 16388K->4K(18432K), 0.0021803 secs] 466325K->449941K(644860K), 0.0022281 secs] [Times: user=0.00 sys=0.00, real=0.01 secs] 
2020-10-29T15:50:42.170+0000: [GC (Allocation Failure) 2020-10-29T15:50:42.170+0000: [ParNew: 16388K->4K(18432K), 0.0022925 secs] 466325K->449941K(644860K), 0.0023446 secs] [Times: user=0.01 sys=0.00, real=0.00 secs] 
2020-10-29T15:50:42.189+0000: [GC (Allocation Failure) 2020-10-29T15:50:42.189+0000: [ParNew: 16388K->4K(18432K), 0.0022735 secs] 466325K->449941K(644860K), 0.0023240 secs] [Times: user=0.00 sys=0.00, real=0.01 secs] 
2020-10-29T15:50:42.208+0000: [GC (Allocation Failure) 2020-10-29T15:50:42.208+0000: [ParNew: 16388K->4K(18432K), 0.0023104 secs] 466325K->449941K(644860K), 0.0023613 secs] [Times: user=0.01 sys=0.00, real=0.01 secs] 
2020-10-29T15:50:42.227+0000: [GC (Allocation Failure) 2020-10-29T15:50:42.227+0000: [ParNew: 16388K->4K(18432K), 0.0022782 secs] 466325K->449941K(644860K), 0.0023289 secs] [Times: user=0.01 sys=0.00, real=0.00 secs] 
2020-10-29T15:50:42.246+0000: [GC (Allocation Failure) 2020-10-29T15:50:42.246+0000: [ParNew: 16388K->4K(18432K), 0.0022085 secs] 466325K->449941K(644860K), 0.0022585 secs] [Times: user=0.00 sys=0.00, real=0.00 secs] 
2020-10-29T15:50:42.265+0000: [GC (Allocation Failure) 2020-10-29T15:50:42.265+0000: [ParNew: 16388K->4K(18432K), 0.0022476 secs] 466325K->449941K(644860K), 0.0022972 secs] [Times: user=0.00 sys=0.00, real=0.00 secs] 
2020-10-29T15:50:42.286+0000: [GC (Allocation Failure) 2020-10-29T15:50:42.286+0000: [ParNew: 16388K->4K(18432K), 0.0024829 secs] 466325K->449941K(644860K), 0.0025381 secs] [Times: user=0.01 sys=0.00, real=0.00 secs] 
2020-10-29T15:50:42.306+0000: [GC (Allocation Failure) 2020-10-29T15:50:42.306+0000: [ParNew: 16388K->4K(18432K), 0.0024035 secs] 466325K->449941K(644860K), 0.0024567 secs] [Times: user=0.01 sys=0.00, real=0.00 secs] 
2020-10-29T15:50:42.325+0000: [GC (Allocation Failure) 2020-10-29T15:50:42.325+0000: [ParNew: 16388K->4K(18432K), 0.0021108 secs] 466325K->449941K(644860K), 0.0021567 secs] [Times: user=0.00 sys=0.00, real=0.00 secs] 
2020-10-29T15:50:42.346+0000: [GC (Allocation Failure) 2020-10-29T15:50:42.346+0000: [ParNew: 16388K->4K(18432K), 0.0019707 secs] 466325K->449941K(644860K), 0.0020126 secs] [Times: user=0.00 sys=0.00, real=0.00 secs] 
2020-10-29T15:50:42.366+0000: [GC (Allocation Failure) 2020-10-29T15:50:42.366+0000: [ParNew: 16388K->4K(18432K), 0.0019813 secs] 466325K->449941K(644860K), 0.0020247 secs] [Times: user=0.01 sys=0.00, real=0.00 secs] 
2020-10-29T15:50:42.384+0000: [GC (Allocation Failure) 2020-10-29T15:50:42.384+0000: [ParNew: 16388K->4K(18432K), 0.0019597 secs] 466325K->449941K(644860K), 0.0020018 secs] [Times: user=0.00 sys=0.00, real=0.00 secs] 
2020-10-29T15:50:42.405+0000: [GC (Allocation Failure) 2020-10-29T15:50:42.405+0000: [ParNew: 16388K->4K(18432K), 0.0021276 secs] 466325K->449941K(644860K), 0.0021766 secs] [Times: user=0.00 sys=0.00, real=0.00 secs] 
2020-10-29T15:50:42.426+0000: [GC (Allocation Failure) 2020-10-29T15:50:42.426+0000: [ParNew: 16388K->4K(18432K), 0.0022289 secs] 466325K->449941K(644860K), 0.0022803 secs] [Times: user=0.01 sys=0.00, real=0.00 secs] 
2020-10-29T15:50:42.446+0000: [GC (Allocation Failure) 2020-10-29T15:50:42.446+0000: [ParNew: 16388K->4K(18432K), 0.0019749 secs] 466325K->449941K(644860K), 0.0020208 secs] [Times: user=0.00 sys=0.00, real=0.00 secs] 
2020-10-29T15:50:42.466+0000: [GC (Allocation Failure) 2020-10-29T15:50:42.466+0000: [ParNew: 16388K->4K(18432K), 0.0021722 secs] 466325K->449941K(644860K), 0.0022225 secs] [Times: user=0.01 sys=0.00, real=0.00 secs] 
2020-10-29T15:50:42.485+0000: [GC (Allocation Failure) 2020-10-29T15:50:42.485+0000: [ParNew: 16388K->4K(18432K), 0.0020416 secs] 466325K->449941K(644860K), 0.0020892 secs] [Times: user=0.00 sys=0.00, real=0.00 secs] 
2020-10-29T15:50:42.505+0000: [GC (Allocation Failure) 2020-10-29T15:50:42.505+0000: [ParNew: 16388K->4K(18432K), 0.0022178 secs] 466325K->449941K(644860K), 0.0022711 secs] [Times: user=0.01 sys=0.00, real=0.00 secs] 
2020-10-29T15:50:42.526+0000: [GC (Allocation Failure) 2020-10-29T15:50:42.526+0000: [ParNew: 16388K->4K(18432K), 0.0021151 secs] 466325K->449941K(644860K), 0.0021642 secs] [Times: user=0.00 sys=0.00, real=0.00 secs] 
2020-10-29T15:50:42.545+0000: [GC (Allocation Failure) 2020-10-29T15:50:42.545+0000: [ParNew: 16388K->4K(18432K), 0.0020006 secs] 466325K->449941K(644860K), 0.0020627 secs] [Times: user=0.01 sys=0.00, real=0.00 secs] 
2020-10-29T15:50:42.563+0000: [GC (Allocation Failure) 2020-10-29T15:50:42.563+0000: [ParNew: 16388K->4K(18432K), 0.0019980 secs] 466325K->449941K(644860K), 0.0020445 secs] [Times: user=0.00 sys=0.00, real=0.00 secs] 
2020-10-29T15:50:42.581+0000: [GC (Allocation Failure) 2020-10-29T15:50:42.581+0000: [ParNew: 16388K->4K(18432K), 0.0019653 secs] 466325K->449941K(644860K), 0.0020080 secs] [Times: user=0.01 sys=0.00, real=0.01 secs] 
2020-10-29T15:50:42.599+0000: [GC (Allocation Failure) 2020-10-29T15:50:42.599+0000: [ParNew: 16388K->4K(18432K), 0.0020398 secs] 466325K->449941K(644860K), 0.0020861 secs] [Times: user=0.00 sys=0.00, real=0.00 secs] 
2020-10-29T15:50:42.618+0000: [GC (Allocation Failure) 2020-10-29T15:50:42.618+0000: [ParNew: 16388K->4K(18432K), 0.0023103 secs] 466325K->449941K(644860K), 0.0023629 secs] [Times: user=0.01 sys=0.00, real=0.00 secs] 
2020-10-29T15:50:42.638+0000: [GC (Allocation Failure) 2020-10-29T15:50:42.638+0000: [ParNew: 16388K->4K(18432K), 0.0020560 secs] 466325K->449941K(644860K), 0.0021032 secs] [Times: user=0.00 sys=0.00, real=0.00 secs] 
2020-10-29T15:50:42.658+0000: [GC (Allocation Failure) 2020-10-29T15:50:42.658+0000: [ParNew: 16388K->4K(18432K), 0.0020710 secs] 466325K->449941K(644860K), 0.0021176 secs] [Times: user=0.01 sys=0.00, real=0.00 secs] 
2020-10-29T15:50:42.678+0000: [GC (Allocation Failure) 2020-10-29T15:50:42.678+0000: [ParNew: 16388K->4K(18432K), 0.0020735 secs] 466325K->449941K(644860K), 0.0021210 secs] [Times: user=0.00 sys=0.00, real=0.00 secs] 
2020-10-29T15:50:42.697+0000: [GC (Allocation Failure) 2020-10-29T15:50:42.697+0000: [ParNew: 16388K->4K(18432K), 0.0020385 secs] 466325K->449941K(644860K), 0.0020843 secs] [Times: user=0.00 sys=0.00, real=0.00 secs] 
2020-10-29T15:50:42.715+0000: [GC (Allocation Failure) 2020-10-29T15:50:42.715+0000: [ParNew: 16388K->4K(18432K), 0.0019608 secs] 466325K->449941K(644860K), 0.0020093 secs] [Times: user=0.01 sys=0.00, real=0.00 secs] 
2020-10-29T15:50:42.734+0000: [GC (Allocation Failure) 2020-10-29T15:50:42.734+0000: [ParNew: 16388K->4K(18432K), 0.0019384 secs] 466325K->449941K(644860K), 0.0019868 secs] [Times: user=0.01 sys=0.00, real=0.00 secs] 
2020-10-29T15:50:42.752+0000: [GC (Allocation Failure) 2020-10-29T15:50:42.752+0000: [ParNew: 16388K->4K(18432K), 0.0019257 secs] 466325K->449941K(644860K), 0.0019675 secs] [Times: user=0.00 sys=0.00, real=0.00 secs] 
2020-10-29T15:50:42.770+0000: [GC (Allocation Failure) 2020-10-29T15:50:42.770+0000: [ParNew: 16388K->4K(18432K), 0.0019544 secs] 466325K->449941K(644860K), 0.0019983 secs] [Times: user=0.01 sys=0.00, real=0.01 secs] 
2020-10-29T15:50:42.788+0000: [GC (Allocation Failure) 2020-10-29T15:50:42.788+0000: [ParNew: 16388K->4K(18432K), 0.0020170 secs] 466325K->449941K(644860K), 0.0020632 secs] [Times: user=0.00 sys=0.00, real=0.00 secs] 
2020-10-29T15:50:42.806+0000: [GC (Allocation Failure) 2020-10-29T15:50:42.806+0000: [ParNew: 16388K->4K(18432K), 0.0021233 secs] 466325K->449941K(644860K), 0.0021717 secs] [Times: user=0.00 sys=0.00, real=0.00 secs] 
2020-10-29T15:50:42.825+0000: [GC (Allocation Failure) 2020-10-29T15:50:42.825+0000: [ParNew: 16388K->4K(18432K), 0.0020596 secs] 466325K->449941K(644860K), 0.0021068 secs] [Times: user=0.00 sys=0.00, real=0.00 secs] 
2020-10-29T15:50:42.843+0000: [GC (Allocation Failure) 2020-10-29T15:50:42.843+0000: [ParNew: 16388K->4K(18432K), 0.0019399 secs] 466325K->449941K(644860K), 0.0019838 secs] [Times: user=0.00 sys=0.00, real=0.00 secs] 
2020-10-29T15:50:42.861+0000: [GC (Allocation Failure) 2020-10-29T15:50:42.861+0000: [ParNew: 16388K->4K(18432K), 0.0024976 secs] 466325K->449941K(644860K), 0.0025529 secs] [Times: user=0.01 sys=0.00, real=0.01 secs] 
2020-10-29T15:50:42.882+0000: [GC (Allocation Failure) 2020-10-29T15:50:42.882+0000: [ParNew: 16388K->4K(18432K), 0.0022899 secs] 466325K->449941K(644860K), 0.0023417 secs] [Times: user=0.00 sys=0.00, real=0.00 secs] 
2020-10-29T15:50:42.901+0000: [GC (Allocation Failure) 2020-10-29T15:50:42.901+0000: [ParNew: 16388K->4K(18432K), 0.0024844 secs] 466325K->449941K(644860K), 0.0025396 secs] [Times: user=0.01 sys=0.00, real=0.01 secs] 
2020-10-29T15:50:42.922+0000: [GC (Allocation Failure) 2020-10-29T15:50:42.922+0000: [ParNew: 16388K->4K(18432K), 0.0024841 secs] 466325K->449941K(644860K), 0.0025393 secs] [Times: user=0.01 sys=0.00, real=0.00 secs] 
2020-10-29T15:50:42.942+0000: [GC (Allocation Failure) 2020-10-29T15:50:42.942+0000: [ParNew: 16388K->4K(18432K), 0.0024024 secs] 466325K->449941K(644860K), 0.0024566 secs] [Times: user=0.01 sys=0.00, real=0.00 secs] 
2020-10-29T15:50:42.962+0000: [GC (Allocation Failure) 2020-10-29T15:50:42.962+0000: [ParNew: 16388K->4K(18432K), 0.0020721 secs] 466325K->449941K(644860K), 0.0021214 secs] [Times: user=0.01 sys=0.00, real=0.00 secs] 
2020-10-29T15:50:42.980+0000: [GC (Allocation Failure) 2020-10-29T15:50:42.980+0000: [ParNew: 16388K->4K(18432K), 0.0023069 secs] 466325K->449941K(644860K), 0.0023591 secs] [Times: user=0.00 sys=0.00, real=0.01 secs] 
2020-10-29T15:50:43.002+0000: [GC (Allocation Failure) 2020-10-29T15:50:43.002+0000: [ParNew: 16388K->4K(18432K), 0.0022456 secs] 466325K->449941K(644860K), 0.0022956 secs] [Times: user=0.01 sys=0.00, real=0.00 secs] 
2020-10-29T15:50:43.021+0000: [GC (Allocation Failure) 2020-10-29T15:50:43.021+0000: [ParNew: 16388K->4K(18432K), 0.0021856 secs] 466325K->449941K(644860K), 0.0022351 secs] [Times: user=0.01 sys=0.00, real=0.01 secs] 
2020-10-29T15:50:43.041+0000: [GC (Allocation Failure) 2020-10-29T15:50:43.042+0000: [ParNew: 16388K->4K(18432K), 0.0022010 secs] 466325K->449941K(644860K), 0.0022491 secs] [Times: user=0.00 sys=0.00, real=0.01 secs] 
2020-10-29T15:50:43.062+0000: [GC (Allocation Failure) 2020-10-29T15:50:43.062+0000: [ParNew: 16388K->4K(18432K), 0.0020015 secs] 466325K->449941K(644860K), 0.0020449 secs] [Times: user=0.01 sys=0.00, real=0.00 secs] 
2020-10-29T15:50:43.082+0000: [GC (Allocation Failure) 2020-10-29T15:50:43.082+0000: [ParNew: 16388K->4K(18432K), 0.0021539 secs] 466325K->449941K(644860K), 0.0022031 secs] [Times: user=0.00 sys=0.00, real=0.00 secs] 
2020-10-29T15:50:43.102+0000: [GC (Allocation Failure) 2020-10-29T15:50:43.102+0000: [ParNew: 16388K->4K(18432K), 0.0021763 secs] 466325K->449941K(644860K), 0.0022345 secs] [Times: user=0.01 sys=0.00, real=0.00 secs] 
2020-10-29T15:50:43.122+0000: [GC (Allocation Failure) 2020-10-29T15:50:43.122+0000: [ParNew: 16388K->4K(18432K), 0.0021441 secs] 466325K->449941K(644860K), 0.0021925 secs] [Times: user=0.01 sys=0.00, real=0.00 secs] 
2020-10-29T15:50:43.142+0000: [GC (Allocation Failure) 2020-10-29T15:50:43.142+0000: [ParNew: 16388K->4K(18432K), 0.0019924 secs] 466325K->449941K(644860K), 0.0020383 secs] [Times: user=0.00 sys=0.00, real=0.00 secs] 
2020-10-29T15:50:43.161+0000: [GC (Allocation Failure) 2020-10-29T15:50:43.161+0000: [ParNew: 16388K->4K(18432K), 0.0021799 secs] 466325K->449941K(644860K), 0.0022389 secs] [Times: user=0.01 sys=0.00, real=0.01 secs] 
2020-10-29T15:50:43.182+0000: [GC (Allocation Failure) 2020-10-29T15:50:43.182+0000: [ParNew: 16388K->4K(18432K), 0.0022887 secs] 466325K->449941K(644860K), 0.0023405 secs] [Times: user=0.01 sys=0.00, real=0.00 secs] 
2020-10-29T15:50:43.201+0000: [GC (Allocation Failure) 2020-10-29T15:50:43.201+0000: [ParNew: 16388K->4K(18432K), 0.0029088 secs] 466325K->449941K(644860K), 0.0029663 secs] [Times: user=0.00 sys=0.00, real=0.01 secs] 
2020-10-29T15:50:43.220+0000: [GC (Allocation Failure) 2020-10-29T15:50:43.221+0000: [ParNew: 16388K->4K(18432K), 0.0021872 secs] 466325K->449941K(644860K), 0.0022340 secs] [Times: user=0.01 sys=0.00, real=0.01 secs] 
2020-10-29T15:50:43.242+0000: [GC (Allocation Failure) 2020-10-29T15:50:43.242+0000: [ParNew: 16388K->4K(18432K), 0.0022893 secs] 466325K->449941K(644860K), 0.0023403 secs] [Times: user=0.01 sys=0.00, real=0.01 secs] 
2020-10-29T15:50:43.261+0000: [GC (Allocation Failure) 2020-10-29T15:50:43.261+0000: [ParNew: 16388K->4K(18432K), 0.0020111 secs] 466325K->449941K(644860K), 0.0020583 secs] [Times: user=0.00 sys=0.00, real=0.01 secs] 
2020-10-29T15:50:43.279+0000: [GC (Allocation Failure) 2020-10-29T15:50:43.279+0000: [ParNew: 16388K->4K(18432K), 0.0019271 secs] 466325K->449941K(644860K), 0.0019712 secs] [Times: user=0.01 sys=0.00, real=0.00 secs] 
2020-10-29T15:50:43.297+0000: [GC (Allocation Failure) 2020-10-29T15:50:43.297+0000: [ParNew: 16388K->4K(18432K), 0.0019363 secs] 466325K->449941K(644860K), 0.0019796 secs] [Times: user=0.00 sys=0.00, real=0.00 secs] 
2020-10-29T15:50:43.315+0000: [GC (Allocation Failure) 2020-10-29T15:50:43.315+0000: [ParNew: 16388K->4K(18432K), 0.0019196 secs] 466325K->449941K(644860K), 0.0019604 secs] [Times: user=0.00 sys=0.00, real=0.00 secs] 
2020-10-29T15:50:43.334+0000: [GC (Allocation Failure) 2020-10-29T15:50:43.334+0000: [ParNew: 16388K->4K(18432K), 0.0018946 secs] 466325K->449941K(644860K), 0.0019377 secs] [Times: user=0.00 sys=0.00, real=0.00 secs] 
2020-10-29T15:50:43.352+0000: [GC (Allocation Failure) 2020-10-29T15:50:43.352+0000: [ParNew: 16388K->4K(18432K), 0.0018989 secs] 466325K->449941K(644860K), 0.0019412 secs] [Times: user=0.00 sys=0.00, real=0.00 secs] 
2020-10-29T15:50:43.374+0000: [GC (Allocation Failure) 2020-10-29T15:50:43.374+0000: [ParNew: 16388K->4K(18432K), 0.0019091 secs] 466325K->449941K(644860K), 0.0019513 secs] [Times: user=0.00 sys=0.00, real=0.00 secs] 
2020-10-29T15:50:43.394+0000: [GC (Allocation Failure) 2020-10-29T15:50:43.394+0000: [ParNew: 16388K->4K(18432K), 0.0019054 secs] 466325K->449941K(644860K), 0.0019496 secs] [Times: user=0.00 sys=0.00, real=0.00 secs] 
2020-10-29T15:50:43.412+0000: [GC (Allocation Failure) 2020-10-29T15:50:43.412+0000: [ParNew: 16388K->4K(18432K), 0.0019515 secs] 466325K->449941K(644860K), 0.0019941 secs] [Times: user=0.00 sys=0.00, real=0.00 secs] 
2020-10-29T15:50:43.430+0000: [GC (Allocation Failure) 2020-10-29T15:50:43.430+0000: [ParNew: 16388K->4K(18432K), 0.0021849 secs] 466325K->449941K(644860K), 0.0022336 secs] [Times: user=0.00 sys=0.00, real=0.00 secs] 
2020-10-29T15:50:43.450+0000: [GC (Allocation Failure) 2020-10-29T15:50:43.450+0000: [ParNew: 16388K->4K(18432K), 0.0021787 secs] 466325K->449941K(644860K), 0.0022267 secs] [Times: user=0.01 sys=0.00, real=0.00 secs] 
2020-10-29T15:50:43.469+0000: [GC (Allocation Failure) 2020-10-29T15:50:43.469+0000: [ParNew: 16388K->4K(18432K), 0.0020559 secs] 466325K->449941K(644860K), 0.0021022 secs] [Times: user=0.00 sys=0.00, real=0.01 secs] 
2020-10-29T15:50:43.487+0000: [GC (Allocation Failure) 2020-10-29T15:50:43.487+0000: [ParNew: 16388K->4K(18432K), 0.0020150 secs] 466325K->449941K(644860K), 0.0020615 secs] [Times: user=0.01 sys=0.00, real=0.00 secs] 
2020-10-29T15:50:43.506+0000: [GC (Allocation Failure) 2020-10-29T15:50:43.506+0000: [ParNew: 16388K->4K(18432K), 0.0021577 secs] 466325K->449942K(644860K), 0.0022045 secs] [Times: user=0.00 sys=0.00, real=0.00 secs] 
2020-10-29T15:50:43.526+0000: [GC (Allocation Failure) 2020-10-29T15:50:43.526+0000: [ParNew: 16388K->4K(18432K), 0.0021296 secs] 466326K->449942K(644860K), 0.0021999 secs] [Times: user=0.00 sys=0.00, real=0.00 secs] 
2020-10-29T15:50:43.546+0000: [GC (Allocation Failure) 2020-10-29T15:50:43.546+0000: [ParNew: 16388K->4K(18432K), 0.0022358 secs] 466326K->449942K(644860K), 0.0022863 secs] [Times: user=0.00 sys=0.00, real=0.00 secs] 
2020-10-29T15:50:43.566+0000: [GC (Allocation Failure) 2020-10-29T15:50:43.566+0000: [ParNew: 16388K->4K(18432K), 0.0022410 secs] 466326K->449942K(644860K), 0.0022934 secs] [Times: user=0.01 sys=0.00, real=0.00 secs] 
2020-10-29T15:50:43.584+0000: [GC (Allocation Failure) 2020-10-29T15:50:43.584+0000: [ParNew: 16388K->4K(18432K), 0.0022003 secs] 466326K->449942K(644860K), 0.0022510 secs] [Times: user=0.00 sys=0.00, real=0.00 secs] 
2020-10-29T15:50:43.606+0000: [GC (Allocation Failure) 2020-10-29T15:50:43.606+0000: [ParNew: 16388K->4K(18432K), 0.0023441 secs] 466326K->449942K(644860K), 0.0024020 secs] [Times: user=0.00 sys=0.00, real=0.00 secs] 
2020-10-29T15:50:43.626+0000: [GC (Allocation Failure) 2020-10-29T15:50:43.626+0000: [ParNew: 16388K->4K(18432K), 0.0022642 secs] 466326K->449942K(644860K), 0.0023146 secs] [Times: user=0.00 sys=0.00, real=0.00 secs] 
2020-10-29T15:50:43.644+0000: [GC (Allocation Failure) 2020-10-29T15:50:43.644+0000: [ParNew: 16388K->4K(18432K), 0.0021322 secs] 466326K->449942K(644860K), 0.0021814 secs] [Times: user=0.00 sys=0.00, real=0.00 secs] 
2020-10-29T15:50:43.663+0000: [GC (Allocation Failure) 2020-10-29T15:50:43.663+0000: [ParNew: 16388K->4K(18432K), 0.0021486 secs] 466326K->449942K(644860K), 0.0021957 secs] [Times: user=0.01 sys=0.00, real=0.00 secs] 
2020-10-29T15:50:43.682+0000: [GC (Allocation Failure) 2020-10-29T15:50:43.682+0000: [ParNew: 16388K->4K(18432K), 0.0021671 secs] 466326K->449942K(644860K), 0.0022146 secs] [Times: user=0.00 sys=0.00, real=0.00 secs] 
2020-10-29T15:50:43.702+0000: [GC (Allocation Failure) 2020-10-29T15:50:43.702+0000: [ParNew: 16388K->4K(18432K), 0.0024199 secs] 466326K->449942K(644860K), 0.0024748 secs] [Times: user=0.00 sys=0.00, real=0.01 secs] 
2020-10-29T15:50:43.721+0000: [GC (Allocation Failure) 2020-10-29T15:50:43.721+0000: [ParNew: 16388K->4K(18432K), 0.0024763 secs] 466326K->449942K(644860K), 0.0025565 secs] [Times: user=0.00 sys=0.00, real=0.01 secs] 
2020-10-29T15:50:43.739+0000: [GC (Allocation Failure) 2020-10-29T15:50:43.739+0000: [ParNew: 16388K->4K(18432K), 0.0022987 secs] 466326K->449942K(644860K), 0.0023522 secs] [Times: user=0.01 sys=0.00, real=0.00 secs] 
2020-10-29T15:50:43.760+0000: [GC (Allocation Failure) 2020-10-29T15:50:43.760+0000: [ParNew: 16388K->4K(18432K), 0.0048679 secs] 466326K->449942K(644860K), 0.0049210 secs] [Times: user=0.00 sys=0.00, real=0.01 secs] 
2020-10-29T15:50:43.781+0000: [GC (Allocation Failure) 2020-10-29T15:50:43.781+0000: [ParNew: 16388K->4K(18432K), 0.0024527 secs] 466326K->449942K(644860K), 0.0025073 secs] [Times: user=0.01 sys=0.00, real=0.01 secs] 
2020-10-29T15:50:43.800+0000: [GC (Allocation Failure) 2020-10-29T15:50:43.800+0000: [ParNew: 16388K->4K(18432K), 0.0023638 secs] 466326K->449942K(644860K), 0.0024174 secs] [Times: user=0.00 sys=0.00, real=0.00 secs] 
2020-10-29T15:50:43.821+0000: [GC (Allocation Failure) 2020-10-29T15:50:43.821+0000: [ParNew: 16388K->4K(18432K), 0.0022801 secs] 466326K->449942K(644860K), 0.0023383 secs] [Times: user=0.01 sys=0.00, real=0.01 secs] 
2020-10-29T15:50:43.839+0000: [GC (Allocation Failure) 2020-10-29T15:50:43.839+0000: [ParNew: 16388K->4K(18432K), 0.0020956 secs] 466326K->449942K(644860K), 0.0021445 secs] [Times: user=0.01 sys=0.00, real=0.00 secs] 
2020-10-29T15:50:43.859+0000: [GC (Allocation Failure) 2020-10-29T15:50:43.859+0000: [ParNew: 16388K->4K(18432K), 0.0024857 secs] 466326K->449942K(644860K), 0.0025624 secs] [Times: user=0.01 sys=0.00, real=0.00 secs] 
2020-10-29T15:50:43.882+0000: [GC (Allocation Failure) 2020-10-29T15:50:43.882+0000: [ParNew: 16388K->4K(18432K), 0.0024024 secs] 466326K->449942K(644860K), 0.0024574 secs] [Times: user=0.01 sys=0.00, real=0.00 secs] 
2020-10-29T15:50:43.902+0000: [GC (Allocation Failure) 2020-10-29T15:50:43.902+0000: [ParNew: 16388K->4K(18432K), 0.0021110 secs] 466326K->449942K(644860K), 0.0021614 secs] [Times: user=0.01 sys=0.01, real=0.00 secs] 
2020-10-29T15:50:43.920+0000: [GC (Allocation Failure) 2020-10-29T15:50:43.920+0000: [ParNew: 16388K->4K(18432K), 0.0019965 secs] 466326K->449942K(644860K), 0.0020409 secs] [Times: user=0.00 sys=0.00, real=0.01 secs] 
2020-10-29T15:50:43.941+0000: [GC (Allocation Failure) 2020-10-29T15:50:43.941+0000: [ParNew: 16388K->4K(18432K), 0.0019714 secs] 466326K->449942K(644860K), 0.0020171 secs] [Times: user=0.01 sys=0.00, real=0.01 secs] 
2020-10-29T15:50:43.959+0000: [GC (Allocation Failure) 2020-10-29T15:50:43.959+0000: [ParNew: 16388K->4K(18432K), 0.0024224 secs] 466326K->449942K(644860K), 0.0024760 secs] [Times: user=0.00 sys=0.00, real=0.00 secs] 
2020-10-29T15:50:43.978+0000: [GC (Allocation Failure) 2020-10-29T15:50:43.978+0000: [ParNew: 16388K->4K(18432K), 0.0023954 secs] 466326K->449942K(644860K), 0.0024496 secs] [Times: user=0.01 sys=0.00, real=0.00 secs] 
2020-10-29T15:50:43.996+0000: [GC (Allocation Failure) 2020-10-29T15:50:43.997+0000: [ParNew: 16388K->4K(18432K), 0.0023780 secs] 466326K->449942K(644860K), 0.0024286 secs] [Times: user=0.01 sys=0.00, real=0.00 secs] 
2020-10-29T15:50:44.015+0000: [GC (Allocation Failure) 2020-10-29T15:50:44.015+0000: [ParNew: 16388K->4K(18432K), 0.0022340 secs] 466326K->449942K(644860K), 0.0022815 secs] [Times: user=0.00 sys=0.00, real=0.00 secs] 
2020-10-29T15:50:44.033+0000: [GC (Allocation Failure) 2020-10-29T15:50:44.033+0000: [ParNew: 16388K->4K(18432K), 0.0020404 secs] 466326K->449942K(644860K), 0.0020845 secs] [Times: user=0.01 sys=0.00, real=0.00 secs] 
2020-10-29T15:50:44.051+0000: [GC (Allocation Failure) 2020-10-29T15:50:44.051+0000: [ParNew: 16388K->4K(18432K), 0.0024561 secs] 466326K->449942K(644860K), 0.0025110 secs] [Times: user=0.01 sys=0.00, real=0.00 secs] 
2020-10-29T15:50:44.070+0000: [GC (Allocation Failure) 2020-10-29T15:50:44.070+0000: [ParNew: 16388K->4K(18432K), 0.0024777 secs] 466326K->449942K(644860K), 0.0025333 secs] [Times: user=0.01 sys=0.00, real=0.01 secs] 
2020-10-29T15:50:44.090+0000: [GC (Allocation Failure) 2020-10-29T15:50:44.090+0000: [ParNew: 16388K->4K(18432K), 0.0021937 secs] 466326K->449942K(644860K), 0.0022451 secs] [Times: user=0.00 sys=0.00, real=0.00 secs] 
2020-10-29T15:50:44.109+0000: [GC (Allocation Failure) 2020-10-29T15:50:44.109+0000: [ParNew: 16388K->4K(18432K), 0.0023030 secs] 466326K->449942K(644860K), 0.0023543 secs] [Times: user=0.00 sys=0.00, real=0.01 secs] 
2020-10-29T15:50:44.130+0000: [GC (Allocation Failure) 2020-10-29T15:50:44.130+0000: [ParNew: 16388K->4K(18432K), 0.0023411 secs] 466326K->449942K(644860K), 0.0023921 secs] [Times: user=0.00 sys=0.00, real=0.00 secs] 
2020-10-29T15:50:44.150+0000: [GC (Allocation Failure) 2020-10-29T15:50:44.150+0000: [ParNew: 16388K->4K(18432K), 0.0024510 secs] 466326K->449942K(644860K), 0.0025058 secs] [Times: user=0.01 sys=0.00, real=0.00 secs] 
2020-10-29T15:50:44.169+0000: [GC (Allocation Failure) 2020-10-29T15:50:44.169+0000: [ParNew: 16388K->4K(18432K), 0.0024756 secs] 466326K->449942K(644860K), 0.0025308 secs] [Times: user=0.01 sys=0.00, real=0.01 secs] 
2020-10-29T15:50:44.187+0000: [GC (Allocation Failure) 2020-10-29T15:50:44.187+0000: [ParNew: 16388K->4K(18432K), 0.0021301 secs] 466326K->449942K(644860K), 0.0021790 secs] [Times: user=0.00 sys=0.00, real=0.00 secs] 
2020-10-29T15:50:44.210+0000: [GC (Allocation Failure) 2020-10-29T15:50:44.210+0000: [ParNew: 16388K->4K(18432K), 0.0021956 secs] 466326K->449942K(644860K), 0.0022461 secs] [Times: user=0.01 sys=0.00, real=0.00 secs] 
2020-10-29T15:50:44.238+0000: [GC (Allocation Failure) 2020-10-29T15:50:44.238+0000: [ParNew: 16388K->4K(18432K), 0.0024755 secs] 482710K->466326K(644860K), 0.0025324 secs] [Times: user=0.00 sys=0.00, real=0.00 secs] 
2020-10-29T15:50:44.257+0000: [GC (Allocation Failure) 2020-10-29T15:50:44.257+0000: [ParNew: 16388K->4K(18432K), 0.0022713 secs] 482710K->466326K(644860K), 0.0023222 secs] [Times: user=0.01 sys=0.00, real=0.00 secs] 
2020-10-29T15:50:44.275+0000: [GC (Allocation Failure) 2020-10-29T15:50:44.275+0000: [ParNew: 16388K->4K(18432K), 0.0020705 secs] 482710K->466326K(644860K), 0.0021174 secs] [Times: user=0.00 sys=0.00, real=0.00 secs] 
2020-10-29T15:50:44.293+0000: [GC (Allocation Failure) 2020-10-29T15:50:44.293+0000: [ParNew: 16388K->4K(18432K), 0.0021085 secs] 482710K->466326K(644860K), 0.0021561 secs] [Times: user=0.00 sys=0.00, real=0.00 secs] 
2020-10-29T15:50:44.313+0000: [GC (Allocation Failure) 2020-10-29T15:50:44.313+0000: [ParNew: 16388K->4K(18432K), 0.0021382 secs] 482710K->466326K(644860K), 0.0021868 secs] [Times: user=0.01 sys=0.00, real=0.00 secs] 
2020-10-29T15:50:44.334+0000: [GC (Allocation Failure) 2020-10-29T15:50:44.334+0000: [ParNew: 16388K->4K(18432K), 0.0020885 secs] 482710K->466326K(644860K), 0.0021364 secs] [Times: user=0.01 sys=0.00, real=0.00 secs] 
2020-10-29T15:50:44.353+0000: [GC (Allocation Failure) 2020-10-29T15:50:44.353+0000: [ParNew: 16388K->4K(18432K), 0.0024199 secs] 482710K->466326K(644860K), 0.0024737 secs] [Times: user=0.01 sys=0.00, real=0.00 secs] 
2020-10-29T15:50:44.371+0000: [GC (Allocation Failure) 2020-10-29T15:50:44.371+0000: [ParNew: 16388K->4K(18432K), 0.0023725 secs] 482710K->466326K(644860K), 0.0024247 secs] [Times: user=0.00 sys=0.00, real=0.00 secs] 
2020-10-29T15:50:44.389+0000: [GC (Allocation Failure) 2020-10-29T15:50:44.390+0000: [ParNew: 16388K->4K(18432K), 0.0020138 secs] 482710K->466326K(644860K), 0.0020578 secs] [Times: user=0.01 sys=0.00, real=0.01 secs] 
2020-10-29T15:50:44.407+0000: [GC (Allocation Failure) 2020-10-29T15:50:44.408+0000: [ParNew: 16388K->4K(18432K), 0.0019959 secs] 482710K->466326K(644860K), 0.0020425 secs] [Times: user=0.00 sys=0.00, real=0.00 secs] 
2020-10-29T15:50:44.426+0000: [GC (Allocation Failure) 2020-10-29T15:50:44.426+0000: [ParNew: 16388K->4K(18432K), 0.0021226 secs] 482710K->466326K(644860K), 0.0021704 secs] [Times: user=0.01 sys=0.00, real=0.00 secs] 
2020-10-29T15:50:44.446+0000: [GC (Allocation Failure) 2020-10-29T15:50:44.446+0000: [ParNew: 16388K->4K(18432K), 0.0021896 secs] 482710K->466326K(644860K), 0.0022390 secs] [Times: user=0.00 sys=0.00, real=0.00 secs] 
2020-10-29T15:50:44.466+0000: [GC (Allocation Failure) 2020-10-29T15:50:44.466+0000: [ParNew: 16388K->4K(18432K), 0.0019196 secs] 482710K->466326K(644860K), 0.0019639 secs] [Times: user=0.00 sys=0.00, real=0.00 secs] 
2020-10-29T15:50:44.486+0000: [GC (Allocation Failure) 2020-10-29T15:50:44.486+0000: [ParNew: 16388K->4K(18432K), 0.0022425 secs] 482710K->466326K(644860K), 0.0022943 secs] [Times: user=0.00 sys=0.00, real=0.00 secs] 
2020-10-29T15:50:44.506+0000: [GC (Allocation Failure) 2020-10-29T15:50:44.506+0000: [ParNew: 16388K->4K(18432K), 0.0020773 secs] 482710K->466326K(644860K), 0.0021260 secs] [Times: user=0.01 sys=0.00, real=0.00 secs] 
2020-10-29T15:50:44.526+0000: [GC (Allocation Failure) 2020-10-29T15:50:44.526+0000: [ParNew: 16388K->4K(18432K), 0.0019771 secs] 482710K->466326K(644860K), 0.0020247 secs] [Times: user=0.00 sys=0.00, real=0.00 secs] 
2020-10-29T15:50:44.545+0000: [GC (Allocation Failure) 2020-10-29T15:50:44.545+0000: [ParNew: 16388K->4K(18432K), 0.0019421 secs] 482710K->466326K(644860K), 0.0019862 secs] [Times: user=0.01 sys=0.00, real=0.00 secs] 
2020-10-29T15:50:44.563+0000: [GC (Allocation Failure) 2020-10-29T15:50:44.563+0000: [ParNew: 16388K->4K(18432K), 0.0021565 secs] 482710K->466326K(644860K), 0.0022134 secs] [Times: user=0.00 sys=0.00, real=0.00 secs] 
2020-10-29T15:50:44.582+0000: [GC (Allocation Failure) 2020-10-29T15:50:44.582+0000: [ParNew: 16388K->4K(18432K), 0.0023274 secs] 482710K->466326K(644860K), 0.0023876 secs] [Times: user=0.00 sys=0.00, real=0.01 secs] 
2020-10-29T15:50:44.600+0000: [GC (Allocation Failure) 2020-10-29T15:50:44.600+0000: [ParNew: 16388K->4K(18432K), 0.0023424 secs] 482710K->466326K(644860K), 0.0023947 secs] [Times: user=0.01 sys=0.00, real=0.01 secs] 
2020-10-29T15:50:44.618+0000: [GC (Allocation Failure) 2020-10-29T15:50:44.618+0000: [ParNew: 16388K->4K(18432K), 0.0021848 secs] 482710K->466326K(644860K), 0.0022342 secs] [Times: user=0.00 sys=0.00, real=0.00 secs] 
2020-10-29T15:50:44.637+0000: [GC (Allocation Failure) 2020-10-29T15:50:44.637+0000: [ParNew: 16388K->4K(18432K), 0.0021115 secs] 482710K->466326K(644860K), 0.0021596 secs] [Times: user=0.00 sys=0.00, real=0.00 secs] 
2020-10-29T15:50:44.658+0000: [GC (Allocation Failure) 2020-10-29T15:50:44.658+0000: [ParNew: 16388K->4K(18432K), 0.0020121 secs] 482710K->466326K(644860K), 0.0020597 secs] [Times: user=0.01 sys=0.00, real=0.00 secs] 
2020-10-29T15:50:44.677+0000: [GC (Allocation Failure) 2020-10-29T15:50:44.677+0000: [ParNew: 16388K->4K(18432K), 0.0021339 secs] 482710K->466326K(644860K), 0.0021838 secs] [Times: user=0.00 sys=0.00, real=0.00 secs] 
2020-10-29T15:50:44.695+0000: [GC (Allocation Failure) 2020-10-29T15:50:44.695+0000: [ParNew: 16388K->4K(18432K), 0.0021425 secs] 482710K->466326K(644860K), 0.0021919 secs] [Times: user=0.01 sys=0.00, real=0.00 secs] 
2020-10-29T15:50:44.714+0000: [GC (Allocation Failure) 2020-10-29T15:50:44.714+0000: [ParNew: 16388K->4K(18432K), 0.0020370 secs] 482710K->466326K(644860K), 0.0020833 secs] [Times: user=0.00 sys=0.00, real=0.00 secs] 
2020-10-29T15:50:44.732+0000: [GC (Allocation Failure) 2020-10-29T15:50:44.732+0000: [ParNew: 16388K->4K(18432K), 0.0019234 secs] 482710K->466326K(644860K), 0.0019673 secs] [Times: user=0.01 sys=0.00, real=0.00 secs] 
2020-10-29T15:50:44.750+0000: [GC (Allocation Failure) 2020-10-29T15:50:44.750+0000: [ParNew: 16388K->4K(18432K), 0.0020225 secs] 482710K->466326K(644860K), 0.0020699 secs] [Times: user=0.01 sys=0.00, real=0.00 secs] 
2020-10-29T15:50:44.769+0000: [GC (Allocation Failure) 2020-10-29T15:50:44.769+0000: [ParNew: 16388K->4K(18432K), 0.0020621 secs] 482710K->466326K(644860K), 0.0021133 secs] [Times: user=0.00 sys=0.00, real=0.01 secs] 
2020-10-29T15:50:44.790+0000: [GC (Allocation Failure) 2020-10-29T15:50:44.790+0000: [ParNew: 16388K->4K(18432K), 0.0019485 secs] 482710K->466326K(644860K), 0.0019933 secs] [Times: user=0.01 sys=0.00, real=0.00 secs] 
2020-10-29T15:50:44.808+0000: [GC (Allocation Failure) 2020-10-29T15:50:44.808+0000: [ParNew: 16388K->4K(18432K), 0.0018771 secs] 482710K->466326K(644860K), 0.0019344 secs] [Times: user=0.01 sys=0.00, real=0.01 secs] 
2020-10-29T15:50:44.830+0000: [GC (Allocation Failure) 2020-10-29T15:50:44.830+0000: [ParNew: 16388K->4K(18432K), 0.0019569 secs] 482710K->466326K(644860K), 0.0020019 secs] [Times: user=0.01 sys=0.00, real=0.00 secs] 
2020-10-29T15:50:44.848+0000: [GC (Allocation Failure) 2020-10-29T15:50:44.848+0000: [ParNew: 16388K->4K(18432K), 0.0020652 secs] 482710K->466326K(644860K), 0.0021121 secs] [Times: user=0.00 sys=0.00, real=0.01 secs] 
2020-10-29T15:50:44.866+0000: [GC (Allocation Failure) 2020-10-29T15:50:44.866+0000: [ParNew: 16388K->4K(18432K), 0.0021041 secs] 482710K->466326K(644860K), 0.0021515 secs] [Times: user=0.00 sys=0.00, real=0.00 secs] 
2020-10-29T15:50:44.885+0000: [GC (Allocation Failure) 2020-10-29T15:50:44.885+0000: [ParNew: 16388K->4K(18432K), 0.0020311 secs] 482710K->466326K(644860K), 0.0020773 secs] [Times: user=0.00 sys=0.00, real=0.00 secs] 
2020-10-29T15:50:44.906+0000: [GC (Allocation Failure) 2020-10-29T15:50:44.906+0000: [ParNew: 16388K->4K(18432K), 0.0019260 secs] 482710K->466326K(644860K), 0.0019706 secs] [Times: user=0.00 sys=0.00, real=0.00 secs] 
2020-10-29T15:50:44.926+0000: [GC (Allocation Failure) 2020-10-29T15:50:44.926+0000: [ParNew: 16388K->4K(18432K), 0.0021168 secs] 482710K->466326K(644860K), 0.0021655 secs] [Times: user=0.01 sys=0.00, real=0.00 secs] 
2020-10-29T15:50:44.946+0000: [GC (Allocation Failure) 2020-10-29T15:50:44.946+0000: [ParNew: 16388K->4K(18432K), 0.0021288 secs] 482710K->466326K(644860K), 0.0021765 secs] [Times: user=0.00 sys=0.00, real=0.00 secs] 
2020-10-29T15:50:44.964+0000: [GC (Allocation Failure) 2020-10-29T15:50:44.965+0000: [ParNew: 16388K->4K(18432K), 0.0021449 secs] 482710K->466326K(644860K), 0.0021925 secs] [Times: user=0.01 sys=0.00, real=0.00 secs] 
2020-10-29T15:50:44.983+0000: [GC (Allocation Failure) 2020-10-29T15:50:44.983+0000: [ParNew: 16388K->4K(18432K), 0.0021504 secs] 482710K->466326K(644860K), 0.0021987 secs] [Times: user=0.00 sys=0.00, real=0.00 secs] 
2020-10-29T15:50:45.001+0000: [GC (Allocation Failure) 2020-10-29T15:50:45.001+0000: [ParNew: 16388K->4K(18432K), 0.0023042 secs] 482710K->466326K(644860K), 0.0023555 secs] [Times: user=0.00 sys=0.00, real=0.01 secs] 
2020-10-29T15:50:45.019+0000: [GC (Allocation Failure) 2020-10-29T15:50:45.019+0000: [ParNew: 16388K->4K(18432K), 0.0021329 secs] 482710K->466326K(644860K), 0.0021792 secs] [Times: user=0.00 sys=0.00, real=0.00 secs] 
2020-10-29T15:50:45.037+0000: [GC (Allocation Failure) 2020-10-29T15:50:45.037+0000: [ParNew: 16388K->4K(18432K), 0.0020095 secs] 482710K->466326K(644860K), 0.0020537 secs] [Times: user=0.01 sys=0.00, real=0.00 secs] 
2020-10-29T15:50:45.058+0000: [GC (Allocation Failure) 2020-10-29T15:50:45.058+0000: [ParNew: 16388K->4K(18432K), 0.0020591 secs] 482710K->466326K(644860K), 0.0021057 secs] [Times: user=0.00 sys=0.00, real=0.00 secs] 
2020-10-29T15:50:45.082+0000: [GC (Allocation Failure) 2020-10-29T15:50:45.082+0000: [ParNew: 16388K->4K(18432K), 0.0020691 secs] 482710K->466326K(644860K), 0.0021170 secs] [Times: user=0.01 sys=0.00, real=0.00 secs] 
2020-10-29T15:50:45.101+0000: [GC (Allocation Failure) 2020-10-29T15:50:45.101+0000: [ParNew: 16388K->4K(18432K), 0.0022030 secs] 482710K->466326K(644860K), 0.0022535 secs] [Times: user=0.00 sys=0.00, real=0.01 secs] 
2020-10-29T15:50:45.119+0000: [GC (Allocation Failure) 2020-10-29T15:50:45.119+0000: [ParNew: 16388K->4K(18432K), 0.0021252 secs] 482710K->466326K(644860K), 0.0021718 secs] [Times: user=0.01 sys=0.00, real=0.00 secs] 
2020-10-29T15:50:45.138+0000: [GC (Allocation Failure) 2020-10-29T15:50:45.138+0000: [ParNew: 16388K->4K(18432K), 0.0021212 secs] 482710K->466326K(644860K), 0.0021742 secs] [Times: user=0.00 sys=0.00, real=0.00 secs] 
2020-10-29T15:50:45.158+0000: [GC (Allocation Failure) 2020-10-29T15:50:45.158+0000: [ParNew: 16388K->4K(18432K), 0.0021167 secs] 482710K->466326K(644860K), 0.0021643 secs] [Times: user=0.01 sys=0.00, real=0.00 secs] 
2020-10-29T15:50:45.178+0000: [GC (Allocation Failure) 2020-10-29T15:50:45.178+0000: [ParNew: 16388K->4K(18432K), 0.0020774 secs] 482710K->466326K(644860K), 0.0021247 secs] [Times: user=0.00 sys=0.00, real=0.00 secs] 
2020-10-29T15:50:45.198+0000: [GC (Allocation Failure) 2020-10-29T15:50:45.198+0000: [ParNew: 16388K->4K(18432K), 0.0020477 secs] 482710K->466326K(644860K), 0.0020932 secs] [Times: user=0.01 sys=0.00, real=0.00 secs] 
2020-10-29T15:50:45.218+0000: [GC (Allocation Failure) 2020-10-29T15:50:45.218+0000: [ParNew: 16388K->4K(18432K), 0.0022522 secs] 482710K->466326K(644860K), 0.0023037 secs] [Times: user=0.00 sys=0.00, real=0.00 secs] 
2020-10-29T15:50:45.237+0000: [GC (Allocation Failure) 2020-10-29T15:50:45.237+0000: [ParNew: 16388K->4K(18432K), 0.0023141 secs] 482710K->466326K(644860K), 0.0023811 secs] [Times: user=0.00 sys=0.00, real=0.00 secs] 
2020-10-29T15:50:45.255+0000: [GC (Allocation Failure) 2020-10-29T15:50:45.255+0000: [ParNew: 16388K->4K(18432K), 0.0022598 secs] 482710K->466326K(644860K), 0.0023112 secs] [Times: user=0.01 sys=0.00, real=0.00 secs] 
2020-10-29T15:50:45.274+0000: [GC (Allocation Failure) 2020-10-29T15:50:45.274+0000: [ParNew: 16388K->4K(18432K), 0.0023049 secs] 482710K->466326K(644860K), 0.0023551 secs] [Times: user=0.01 sys=0.00, real=0.00 secs] 
2020-10-29T15:50:45.293+0000: [GC (Allocation Failure) 2020-10-29T15:50:45.293+0000: [ParNew: 16388K->4K(18432K), 0.0020803 secs] 482710K->466326K(644860K), 0.0021336 secs] [Times: user=0.01 sys=0.00, real=0.00 secs] 
2020-10-29T15:50:45.311+0000: [GC (Allocation Failure) 2020-10-29T15:50:45.311+0000: [ParNew: 16388K->4K(18432K), 0.0024062 secs] 482710K->466326K(644860K), 0.0024635 secs] [Times: user=0.00 sys=0.00, real=0.00 secs] 
2020-10-29T15:50:45.333+0000: [GC (Allocation Failure) 2020-10-29T15:50:45.333+0000: [ParNew: 16388K->4K(18432K), 0.0021661 secs] 482710K->466326K(644860K), 0.0022157 secs] [Times: user=0.00 sys=0.00, real=0.00 secs] 
2020-10-29T15:50:45.354+0000: [GC (Allocation Failure) 2020-10-29T15:50:45.354+0000: [ParNew: 16388K->4K(18432K), 0.0020991 secs] 482710K->466326K(644860K), 0.0021464 secs] [Times: user=0.01 sys=0.00, real=0.00 secs] 
2020-10-29T15:50:45.372+0000: [GC (Allocation Failure) 2020-10-29T15:50:45.372+0000: [ParNew: 16388K->4K(18432K), 0.0021373 secs] 482710K->466326K(644860K), 0.0021847 secs] [Times: user=0.00 sys=0.00, real=0.00 secs] 
2020-10-29T15:50:45.390+0000: [GC (Allocation Failure) 2020-10-29T15:50:45.390+0000: [ParNew: 16388K->4K(18432K), 0.0019809 secs] 482710K->466326K(644860K), 0.0020257 secs] [Times: user=0.00 sys=0.00, real=0.00 secs] 
2020-10-29T15:50:45.408+0000: [GC (Allocation Failure) 2020-10-29T15:50:45.408+0000: [ParNew: 16388K->4K(18432K), 0.0029311 secs] 482710K->466326K(644860K), 0.0029759 secs] [Times: user=0.00 sys=0.00, real=0.01 secs] 
2020-10-29T15:50:45.427+0000: [GC (Allocation Failure) 2020-10-29T15:50:45.427+0000: [ParNew: 16388K->4K(18432K), 0.0020380 secs] 482710K->466326K(644860K), 0.0020835 secs] [Times: user=0.00 sys=0.00, real=0.00 secs] 
2020-10-29T15:50:45.449+0000: [GC (Allocation Failure) 2020-10-29T15:50:45.449+0000: [ParNew: 16388K->4K(18432K), 0.0023337 secs] 482710K->466326K(644860K), 0.0023857 secs] [Times: user=0.00 sys=0.00, real=0.01 secs] 
2020-10-29T15:50:45.470+0000: [GC (Allocation Failure) 2020-10-29T15:50:45.470+0000: [ParNew: 16388K->4K(18432K), 0.0022028 secs] 482710K->466326K(644860K), 0.0022518 secs] [Times: user=0.01 sys=0.00, real=0.00 secs] 
2020-10-29T15:50:45.489+0000: [GC (Allocation Failure) 2020-10-29T15:50:45.489+0000: [ParNew: 16388K->4K(18432K), 0.0021831 secs] 482710K->466326K(644860K), 0.0022259 secs] [Times: user=0.00 sys=0.00, real=0.01 secs] 
2020-10-29T15:50:45.510+0000: [GC (Allocation Failure) 2020-10-29T15:50:45.510+0000: [ParNew: 16388K->4K(18432K), 0.0020070 secs] 482710K->466326K(644860K), 0.0020527 secs] [Times: user=0.00 sys=0.00, real=0.00 secs] 
2020-10-29T15:50:45.529+0000: [GC (Allocation Failure) 2020-10-29T15:50:45.529+0000: [ParNew: 16388K->4K(18432K), 0.0019603 secs] 482710K->466326K(644860K), 0.0020039 secs] [Times: user=0.00 sys=0.00, real=0.01 secs] 
2020-10-29T15:50:45.546+0000: [GC (Allocation Failure) 2020-10-29T15:50:45.546+0000: [ParNew: 16388K->4K(18432K), 0.0019054 secs] 482710K->466326K(644860K), 0.0019493 secs] [Times: user=0.00 sys=0.00, real=0.00 secs] 
2020-10-29T15:50:45.564+0000: [GC (Allocation Failure) 2020-10-29T15:50:45.564+0000: [ParNew: 16388K->4K(18432K), 0.0019430 secs] 482710K->466326K(644860K), 0.0019872 secs] [Times: user=0.01 sys=0.00, real=0.00 secs] 
2020-10-29T15:50:45.582+0000: [GC (Allocation Failure) 2020-10-29T15:50:45.582+0000: [ParNew: 16388K->4K(18432K), 0.0019105 secs] 482710K->466326K(644860K), 0.0019536 secs] [Times: user=0.00 sys=0.00, real=0.01 secs] 
2020-10-29T15:50:45.599+0000: [GC (Allocation Failure) 2020-10-29T15:50:45.599+0000: [ParNew: 16388K->4K(18432K), 0.0019603 secs] 482710K->466326K(644860K), 0.0020043 secs] [Times: user=0.00 sys=0.00, real=0.00 secs] 
2020-10-29T15:50:45.618+0000: [GC (Allocation Failure) 2020-10-29T15:50:45.618+0000: [ParNew: 16388K->4K(18432K), 0.0018853 secs] 482710K->466326K(644860K), 0.0019270 secs] [Times: user=0.00 sys=0.00, real=0.00 secs] 
2020-10-29T15:50:45.638+0000: [GC (Allocation Failure) 2020-10-29T15:50:45.638+0000: [ParNew: 16388K->4K(18432K), 0.0020530 secs] 482710K->466326K(644860K), 0.0021076 secs] [Times: user=0.00 sys=0.00, real=0.00 secs] 
2020-10-29T15:50:45.658+0000: [GC (Allocation Failure) 2020-10-29T15:50:45.658+0000: [ParNew: 16388K->4K(18432K), 0.0019550 secs] 482710K->466326K(644860K), 0.0019976 secs] [Times: user=0.00 sys=0.00, real=0.00 secs] 
2020-10-29T15:50:45.678+0000: [GC (Allocation Failure) 2020-10-29T15:50:45.678+0000: [ParNew: 16388K->4K(18432K), 0.0020790 secs] 482710K->466326K(644860K), 0.0021270 secs] [Times: user=0.01 sys=0.01, real=0.00 secs] 
2020-10-29T15:50:45.700+0000: [GC (Allocation Failure) 2020-10-29T15:50:45.700+0000: [ParNew: 16388K->4K(18432K), 0.0021562 secs] 482710K->466326K(644860K), 0.0022081 secs] [Times: user=0.01 sys=0.00, real=0.01 secs] 
2020-10-29T15:50:45.722+0000: [GC (Allocation Failure) 2020-10-29T15:50:45.722+0000: [ParNew: 16388K->4K(18432K), 0.0020287 secs] 482710K->466326K(644860K), 0.0020738 secs] [Times: user=0.00 sys=0.00, real=0.00 secs] 
2020-10-29T15:50:45.742+0000: [GC (Allocation Failure) 2020-10-29T15:50:45.742+0000: [ParNew: 16388K->4K(18432K), 0.0019460 secs] 482710K->466326K(644860K), 0.0019889 secs] [Times: user=0.01 sys=0.00, real=0.00 secs] 
2020-10-29T15:50:45.762+0000: [GC (Allocation Failure) 2020-10-29T15:50:45.762+0000: [ParNew: 16388K->4K(18432K), 0.0020105 secs] 482710K->466327K(644860K), 0.0020547 secs] [Times: user=0.00 sys=0.00, real=0.00 secs] 
2020-10-29T15:50:45.782+0000: [GC (Allocation Failure) 2020-10-29T15:50:45.782+0000: [ParNew: 16388K->4K(18432K), 0.0019730 secs] 482711K->466327K(644860K), 0.0020168 secs] [Times: user=0.01 sys=0.00, real=0.00 secs] 
2020-10-29T15:50:45.804+0000: [GC (Allocation Failure) 2020-10-29T15:50:45.804+0000: [ParNew: 16388K->4K(18432K), 0.0020594 secs] 482711K->466327K(644860K), 0.0021070 secs] [Times: user=0.00 sys=0.00, real=0.00 secs] 
2020-10-29T15:50:45.822+0000: [GC (Allocation Failure) 2020-10-29T15:50:45.822+0000: [ParNew: 16388K->4K(18432K), 0.0019377 secs] 482711K->466327K(644860K), 0.0019799 secs] [Times: user=0.00 sys=0.00, real=0.00 secs] 
2020-10-29T15:50:45.842+0000: [GC (Allocation Failure) 2020-10-29T15:50:45.842+0000: [ParNew: 16388K->4K(18432K), 0.0018841 secs] 482711K->466327K(644860K), 0.0019264 secs] [Times: user=0.00 sys=0.00, real=0.00 secs] 
2020-10-29T15:50:45.862+0000: [GC (Allocation Failure) 2020-10-29T15:50:45.862+0000: [ParNew: 16388K->4K(18432K), 0.0018843 secs] 482711K->466327K(644860K), 0.0019257 secs] [Times: user=0.01 sys=0.00, real=0.00 secs] 
2020-10-29T15:50:45.880+0000: [GC (Allocation Failure) 2020-10-29T15:50:45.880+0000: [ParNew: 16388K->4K(18432K), 0.0018859 secs] 482711K->466327K(644860K), 0.0019278 secs] [Times: user=0.00 sys=0.00, real=0.00 secs] 
2020-10-29T15:50:45.902+0000: [GC (Allocation Failure) 2020-10-29T15:50:45.902+0000: [ParNew: 16388K->4K(18432K), 0.0018962 secs] 482711K->466327K(644860K), 0.0019390 secs] [Times: user=0.01 sys=0.00, real=0.01 secs] 
2020-10-29T15:50:45.920+0000: [GC (Allocation Failure) 2020-10-29T15:50:45.920+0000: [ParNew: 16388K->4K(18432K), 0.0020422 secs] 482711K->466327K(644860K), 0.0020978 secs] [Times: user=0.00 sys=0.00, real=0.00 secs] 
2020-10-29T15:50:45.939+0000: [GC (Allocation Failure) 2020-10-29T15:50:45.939+0000: [ParNew: 16388K->4K(18432K), 0.0021886 secs] 482711K->466327K(644860K), 0.0022376 secs] [Times: user=0.01 sys=0.00, real=0.00 secs] 
2020-10-29T15:50:45.958+0000: [GC (Allocation Failure) 2020-10-29T15:50:45.958+0000: [ParNew: 16388K->4K(18432K), 0.0019502 secs] 482711K->466327K(644860K), 0.0019936 secs] [Times: user=0.00 sys=0.00, real=0.00 secs] 
2020-10-29T15:50:45.978+0000: [GC (Allocation Failure) 2020-10-29T15:50:45.978+0000: [ParNew: 16388K->4K(18432K), 0.0019151 secs] 482711K->466327K(644860K), 0.0019579 secs] [Times: user=0.00 sys=0.00, real=0.00 secs] 
2020-10-29T15:50:45.996+0000: [GC (Allocation Failure) 2020-10-29T15:50:45.996+0000: [ParNew: 16388K->4K(18432K), 0.0024680 secs] 482711K->466327K(644860K), 0.0025228 secs] [Times: user=0.00 sys=0.00, real=0.00 secs] 
2020-10-29T15:50:46.018+0000: [GC (Allocation Failure) 2020-10-29T15:50:46.018+0000: [ParNew: 16388K->4K(18432K), 0.0023308 secs] 482711K->466327K(644860K), 0.0023811 secs] [Times: user=0.00 sys=0.00, real=0.00 secs] 
2020-10-29T15:50:46.037+0000: [GC (Allocation Failure) 2020-10-29T15:50:46.037+0000: [ParNew: 16388K->4K(18432K), 0.0022149 secs] 482711K->466327K(644860K), 0.0022640 secs] [Times: user=0.00 sys=0.00, real=0.00 secs] 
2020-10-29T15:50:46.055+0000: [GC (Allocation Failure) 2020-10-29T15:50:46.055+0000: [ParNew: 16388K->4K(18432K), 0.0021188 secs] 482711K->466327K(644860K), 0.0021677 secs] [Times: user=0.00 sys=0.00, real=0.00 secs] 
2020-10-29T15:50:46.074+0000: [GC (Allocation Failure) 2020-10-29T15:50:46.074+0000: [ParNew: 16388K->4K(18432K), 0.0019760 secs] 482711K->466327K(644860K), 0.0020185 secs] [Times: user=0.00 sys=0.00, real=0.00 secs] 
2020-10-29T15:50:46.092+0000: [GC (Allocation Failure) 2020-10-29T15:50:46.092+0000: [ParNew: 16384K->4K(18432K), 0.0019350 secs] 482707K->466327K(644860K), 0.0019944 secs] [Times: user=0.01 sys=0.00, real=0.00 secs] 
2020-10-29T15:50:46.109+0000: [GC (Allocation Failure) 2020-10-29T15:50:46.109+0000: [ParNew: 16388K->4K(18432K), 0.0019384 secs] 482711K->466327K(644860K), 0.0019818 secs] [Times: user=0.00 sys=0.00, real=0.01 secs] 
2020-10-29T15:50:46.131+0000: [GC (Allocation Failure) 2020-10-29T15:50:46.131+0000: [ParNew: 16388K->4K(18432K), 0.0021548 secs] 482711K->466327K(644860K), 0.0022033 secs] [Times: user=0.00 sys=0.00, real=0.00 secs] 
2020-10-29T15:50:46.150+0000: [GC (Allocation Failure) 2020-10-29T15:50:46.150+0000: [ParNew: 16388K->4K(18432K), 0.0021239 secs] 482711K->466327K(644860K), 0.0021730 secs] [Times: user=0.00 sys=0.00, real=0.01 secs] 
2020-10-29T15:50:46.168+0000: [GC (Allocation Failure) 2020-10-29T15:50:46.168+0000: [ParNew: 16388K->4K(18432K), 0.0020279 secs] 482711K->466327K(644860K), 0.0020717 secs] [Times: user=0.00 sys=0.00, real=0.00 secs] 
2020-10-29T15:50:46.186+0000: [GC (Allocation Failure) 2020-10-29T15:50:46.187+0000: [ParNew: 16388K->4K(18432K), 0.0020401 secs] 482711K->466327K(644860K), 0.0020859 secs] [Times: user=0.00 sys=0.00, real=0.00 secs] 
2020-10-29T15:50:46.206+0000: [GC (Allocation Failure) 2020-10-29T15:50:46.206+0000: [ParNew: 16388K->4K(18432K), 0.0020826 secs] 482711K->466327K(644860K), 0.0021773 secs] [Times: user=0.00 sys=0.00, real=0.00 secs] 
2020-10-29T15:50:46.226+0000: [GC (Allocation Failure) 2020-10-29T15:50:46.226+0000: [ParNew: 16388K->4K(18432K), 0.0020786 secs] 482711K->466327K(644860K), 0.0021239 secs] [Times: user=0.00 sys=0.00, real=0.00 secs] 
2020-10-29T15:50:46.245+0000: [GC (Allocation Failure) 2020-10-29T15:50:46.245+0000: [ParNew: 16388K->4K(18432K), 0.0021327 secs] 482711K->466327K(644860K), 0.0021841 secs] [Times: user=0.00 sys=0.00, real=0.00 secs] 
2020-10-29T15:50:46.266+0000: [GC (Allocation Failure) 2020-10-29T15:50:46.266+0000: [ParNew: 16388K->4K(18432K), 0.0021492 secs] 482711K->466327K(644860K), 0.0021989 secs] [Times: user=0.01 sys=0.00, real=0.00 secs] 
2020-10-29T15:50:46.286+0000: [GC (Allocation Failure) 2020-10-29T15:50:46.286+0000: [ParNew: 16388K->4K(18432K), 0.0021371 secs] 482711K->466327K(644860K), 0.0021869 secs] [Times: user=0.01 sys=0.00, real=0.00 secs] 
 CMS: abort preclean due to time 2020-10-29T15:50:46.290+0000: [CMS-concurrent-abortable-preclean: 0.328/5.010 secs] [Times: user=9.05 sys=0.39, real=5.02 secs] 
2020-10-29T15:50:46.290+0000: [GC (CMS Final Remark) [YG occupancy: 1086 K (18432 K)]2020-10-29T15:50:46.290+0000: [Rescan (parallel) , 0.0019628 secs]2020-10-29T15:50:46.292+0000: [weak refs processing, 0.0000624 secs]2020-10-29T15:50:46.292+0000: [class unloading, 0.0103630 secs]2020-10-29T15:50:46.303+0000: [scrub symbol table, 0.0092096 secs]2020-10-29T15:50:46.312+0000: [scrub string table, 0.0005686 secs][1 CMS-remark: 466323K(626428K)] 467409K(644860K), 0.0222736 secs] [Times: user=0.03 sys=0.00, real=0.02 secs] 
2020-10-29T15:50:46.313+0000: [CMS-concurrent-sweep-start]
2020-10-29T15:50:46.325+0000: [CMS-concurrent-sweep: 0.012/0.012 secs] [Times: user=0.02 sys=0.00, real=0.01 secs] 
2020-10-29T15:50:46.325+0000: [CMS-concurrent-reset-start]
2020-10-29T15:50:46.327+0000: [CMS-concurrent-reset: 0.002/0.002 secs] [Times: user=0.00 sys=0.00, real=0.00 secs] 
2020-10-29T15:50:46.334+0000: [GC (Allocation Failure) 2020-10-29T15:50:46.334+0000: [ParNew: 16388K->4K(18432K), 0.0024681 secs] 333137K->316753K(644860K), 0.0025116 secs] [Times: user=0.00 sys=0.00, real=0.00 secs] 
2020-10-29T15:50:46.352+0000: [GC (Allocation Failure) 2020-10-29T15:50:46.352+0000: [ParNew: 16388K->4K(18432K), 0.0023356 secs] 333137K->316753K(644860K), 0.0023838 secs] [Times: user=0.01 sys=0.00, real=0.00 secs] 
2020-10-29T15:50:46.370+0000: [GC (Allocation Failure) 2020-10-29T15:50:46.370+0000: [ParNew: 16388K->4K(18432K), 0.0022098 secs] 333137K->316753K(644860K), 0.0022514 secs] [Times: user=0.01 sys=0.00, real=0.00 secs] 
2020-10-29T15:50:46.389+0000: [GC (Allocation Failure) 2020-10-29T15:50:46.389+0000: [ParNew: 16388K->4K(18432K), 0.0022569 secs] 333137K->316753K(644860K), 0.0023013 secs] [Times: user=0.00 sys=0.00, real=0.01 secs] 
2020-10-29T15:50:46.410+0000: [GC (Allocation Failure) 2020-10-29T15:50:46.410+0000: [ParNew: 16388K->4K(18432K), 0.0022798 secs] 333137K->316753K(644860K), 0.0023266 secs] [Times: user=0.01 sys=0.00, real=0.00 secs] 
2020-10-29T15:50:46.428+0000: [GC (Allocation Failure) 2020-10-29T15:50:46.428+0000: [ParNew: 16388K->4K(18432K), 0.0023051 secs] 333137K->316753K(644860K), 0.0023508 secs] [Times: user=0.00 sys=0.00, real=0.00 secs] 
2020-10-29T15:50:46.446+0000: [GC (Allocation Failure) 2020-10-29T15:50:46.446+0000: [ParNew: 16388K->4K(18432K), 0.0022727 secs] 333137K->316753K(644860K), 0.0023193 secs] [Times: user=0.00 sys=0.00, real=0.00 secs] 
2020-10-29T15:50:46.466+0000: [GC (Allocation Failure) 2020-10-29T15:50:46.466+0000: [ParNew: 16388K->4K(18432K), 0.0023256 secs] 333137K->316753K(644860K), 0.0023726 secs] [Times: user=0.01 sys=0.00, real=0.00 secs] 
2020-10-29T15:50:46.484+0000: [GC (Allocation Failure) 2020-10-29T15:50:46.484+0000: [ParNew: 16388K->4K(18432K), 0.0022959 secs] 333137K->316753K(644860K), 0.0023415 secs] [Times: user=0.00 sys=0.00, real=0.00 secs] 
2020-10-29T15:50:46.502+0000: [GC (Allocation Failure) 2020-10-29T15:50:46.502+0000: [ParNew: 16388K->4K(18432K), 0.0023423 secs] 333137K->316753K(644860K), 0.0023927 secs] [Times: user=0.01 sys=0.00, real=0.00 secs] 
2020-10-29T15:50:46.520+0000: [GC (Allocation Failure) 2020-10-29T15:50:46.520+0000: [ParNew: 16388K->4K(18432K), 0.0023784 secs] 333137K->316753K(644860K), 0.0024303 secs] [Times: user=0.00 sys=0.00, real=0.01 secs] 
2020-10-29T15:50:46.542+0000: [GC (Allocation Failure) 2020-10-29T15:50:46.542+0000: [ParNew: 16388K->4K(18432K), 0.0022979 secs] 333137K->316753K(644860K), 0.0023469 secs] [Times: user=0.01 sys=0.00, real=0.01 secs] 
2020-10-29T15:50:46.562+0000: [GC (Allocation Failure) 2020-10-29T15:50:46.562+0000: [ParNew: 16388K->4K(18432K), 0.0022935 secs] 333137K->316753K(644860K), 0.0023426 secs] [Times: user=0.01 sys=0.00, real=0.00 secs] 
2020-10-29T15:50:46.585+0000: [GC (Allocation Failure) 2020-10-29T15:50:46.585+0000: [ParNew: 16388K->4K(18432K), 0.0024618 secs] 365905K->349521K(644860K), 0.0025179 secs] [Times: user=0.00 sys=0.00, real=0.00 secs] 
2020-10-29T15:50:46.587+0000: [GC (CMS Initial Mark) [1 CMS-initial-mark: 349517K(626428K)] 349692K(644860K), 0.0011712 secs] [Times: user=0.00 sys=0.00, real=0.00 secs] 
2020-10-29T15:50:46.589+0000: [CMS-concurrent-mark-start]
2020-10-29T15:50:46.612+0000: [GC (Allocation Failure) 2020-10-29T15:50:46.612+0000: [ParNew: 16388K->4K(18432K), 0.0022458 secs] 365905K->349521K(644860K), 0.0022972 secs] [Times: user=0.00 sys=0.00, real=0.00 secs] 
2020-10-29T15:50:46.632+0000: [GC (Allocation Failure) 2020-10-29T15:50:46.632+0000: [ParNew: 16388K->4K(18432K), 0.0021620 secs] 365905K->349521K(644860K), 0.0022105 secs] [Times: user=0.00 sys=0.00, real=0.00 secs] 
2020-10-29T15:50:46.654+0000: [GC (Allocation Failure) 2020-10-29T15:50:46.654+0000: [ParNew: 16388K->4K(18432K), 0.0023013 secs] 365905K->349521K(644860K), 0.0023547 secs] [Times: user=0.01 sys=0.00, real=0.00 secs] 
2020-10-29T15:50:46.674+0000: [GC (Allocation Failure) 2020-10-29T15:50:46.674+0000: [ParNew: 16388K->4K(18432K), 0.0023392 secs] 365905K->349521K(644860K), 0.0024005 secs] [Times: user=0.01 sys=0.00, real=0.00 secs] 
2020-10-29T15:50:46.690+0000: [CMS-concurrent-mark: 0.084/0.101 secs] [Times: user=0.21 sys=0.00, real=0.10 secs] 
2020-10-29T15:50:46.690+0000: [CMS-concurrent-preclean-start]
2020-10-29T15:50:46.693+0000: [CMS-concurrent-preclean: 0.003/0.003 secs] [Times: user=0.00 sys=0.00, real=0.01 secs] 
2020-10-29T15:50:46.693+0000: [CMS-concurrent-abortable-preclean-start]
2020-10-29T15:50:46.698+0000: [GC (Allocation Failure) 2020-10-29T15:50:46.698+0000: [ParNew: 16387K->4K(18432K), 0.0020461 secs] 365905K->349521K(644860K), 0.0020875 secs] [Times: user=0.00 sys=0.00, real=0.00 secs] 
2020-10-29T15:50:46.716+0000: [GC (Allocation Failure) 2020-10-29T15:50:46.716+0000: [ParNew: 16388K->4K(18432K), 0.0024139 secs] 365905K->349521K(644860K), 0.0024680 secs] [Times: user=0.01 sys=0.00, real=0.00 secs] 
2020-10-29T15:50:46.735+0000: [GC (Allocation Failure) 2020-10-29T15:50:46.735+0000: [ParNew: 16388K->4K(18432K), 0.0024256 secs] 365905K->349521K(644860K), 0.0024790 secs] [Times: user=0.00 sys=0.00, real=0.00 secs] 
2020-10-29T15:50:46.754+0000: [GC (Allocation Failure) 2020-10-29T15:50:46.754+0000: [ParNew: 16388K->4K(18432K), 0.0023610 secs] 365905K->349521K(644860K), 0.0024132 secs] [Times: user=0.00 sys=0.00, real=0.00 secs] 
2020-10-29T15:50:46.778+0000: [GC (Allocation Failure) 2020-10-29T15:50:46.778+0000: [ParNew: 16388K->4K(18432K), 0.0023668 secs] 365905K->349521K(644860K), 0.0024200 secs] [Times: user=0.01 sys=0.00, real=0.00 secs] 
2020-10-29T15:50:46.798+0000: [GC (Allocation Failure) 2020-10-29T15:50:46.798+0000: [ParNew: 16388K->4K(18432K), 0.0020653 secs] 365905K->349521K(644860K), 0.0021147 secs] [Times: user=0.00 sys=0.00, real=0.00 secs] 
2020-10-29T15:50:46.816+0000: [GC (Allocation Failure) 2020-10-29T15:50:46.816+0000: [ParNew: 16388K->4K(18432K), 0.0024282 secs] 365905K->349521K(644860K), 0.0024824 secs] [Times: user=0.00 sys=0.00, real=0.00 secs] 
2020-10-29T15:50:46.835+0000: [GC (Allocation Failure) 2020-10-29T15:50:46.835+0000: [ParNew: 16388K->4K(18432K), 0.0024227 secs] 365905K->349521K(644860K), 0.0024771 secs] [Times: user=0.01 sys=0.00, real=0.00 secs] 
2020-10-29T15:50:46.858+0000: [GC (Allocation Failure) 2020-10-29T15:50:46.858+0000: [ParNew: 16388K->4K(18432K), 0.0024146 secs] 365905K->349521K(644860K), 0.0024701 secs] [Times: user=0.00 sys=0.00, real=0.00 secs] 
2020-10-29T15:50:46.878+0000: [GC (Allocation Failure) 2020-10-29T15:50:46.878+0000: [ParNew: 16388K->4K(18432K), 0.0023919 secs] 365905K->349521K(644860K), 0.0024461 secs] [Times: user=0.01 sys=0.00, real=0.00 secs] 
2020-10-29T15:50:46.897+0000: [GC (Allocation Failure) 2020-10-29T15:50:46.897+0000: [ParNew: 16388K->4K(18432K), 0.0024558 secs] 365905K->349521K(644860K), 0.0025087 secs] [Times: user=0.00 sys=0.00, real=0.00 secs] 
2020-10-29T15:50:46.918+0000: [GC (Allocation Failure) 2020-10-29T15:50:46.918+0000: [ParNew: 16388K->4K(18432K), 0.0024363 secs] 365905K->349521K(644860K), 0.0024900 secs] [Times: user=0.00 sys=0.00, real=0.00 secs] 
2020-10-29T15:50:46.938+0000: [GC (Allocation Failure) 2020-10-29T15:50:46.938+0000: [ParNew: 16388K->4K(18432K), 0.0023268 secs] 365905K->349521K(644860K), 0.0023772 secs] [Times: user=0.00 sys=0.00, real=0.00 secs] 
2020-10-29T15:50:46.958+0000: [GC (Allocation Failure) 2020-10-29T15:50:46.958+0000: [ParNew: 16388K->4K(18432K), 0.0024675 secs] 365905K->349521K(644860K), 0.0025222 secs] [Times: user=0.01 sys=0.00, real=0.00 secs] 
2020-10-29T15:50:46.978+0000: [GC (Allocation Failure) 2020-10-29T15:50:46.978+0000: [ParNew: 16388K->4K(18432K), 0.0021991 secs] 365905K->349521K(644860K), 0.0022500 secs] [Times: user=0.00 sys=0.00, real=0.00 secs] 
2020-10-29T15:50:46.997+0000: [GC (Allocation Failure) 2020-10-29T15:50:46.997+0000: [ParNew: 16388K->4K(18432K), 0.0023838 secs] 365905K->349521K(644860K), 0.0024376 secs] [Times: user=0.01 sys=0.00, real=0.00 secs] 
2020-10-29T15:50:47.010+0000: [GC (Allocation Failure) 2020-10-29T15:50:47.010+0000: [ParNew: 10390K->4K(18432K), 0.0019325 secs] 359907K->349521K(644860K), 0.0019851 secs] [Times: user=0.01 sys=0.00, real=0.00 secs] 
2020-10-29T15:50:47.021+0000: [GC (Allocation Failure) 2020-10-29T15:50:47.021+0000: [ParNew: 16388K->4K(18432K), 0.0027816 secs] 365905K->357713K(644860K), 0.0028257 secs] [Times: user=0.01 sys=0.00, real=0.01 secs] 
2020-10-29T15:50:47.024+0000: [CMS-concurrent-abortable-preclean: 0.024/0.331 secs] [Times: user=0.58 sys=0.03, real=0.33 secs] 
2020-10-29T15:50:47.025+0000: [GC (CMS Final Remark) [YG occupancy: 330 K (18432 K)]2020-10-29T15:50:47.025+0000: [Rescan (parallel) , 0.0014520 secs]2020-10-29T15:50:47.027+0000: [weak refs processing, 0.0000268 secs]2020-10-29T15:50:47.027+0000: [class unloading, 0.0081402 secs]2020-10-29T15:50:47.035+0000: [scrub symbol table, 0.0091908 secs]2020-10-29T15:50:47.044+0000: [scrub string table, 0.0005698 secs][1 CMS-remark: 357709K(626428K)] 358040K(644860K), 0.0194823 secs] [Times: user=0.02 sys=0.00, real=0.02 secs] 
2020-10-29T15:50:47.047+0000: [CMS-concurrent-sweep-start]
2020-10-29T15:50:47.066+0000: [GC (Allocation Failure) 2020-10-29T15:50:47.066+0000: [ParNew: 16388K->4K(18432K), 0.0024314 secs] 374092K->357708K(644860K), 0.0024809 secs] [Times: user=0.01 sys=0.00, real=0.00 secs] 
2020-10-29T15:50:47.075+0000: [CMS-concurrent-sweep: 0.021/0.028 secs] [Times: user=0.05 sys=0.00, real=0.03 secs] 
2020-10-29T15:50:47.075+0000: [CMS-concurrent-reset-start]
2020-10-29T15:50:47.077+0000: [CMS-concurrent-reset: 0.002/0.002 secs] [Times: user=0.00 sys=0.00, real=0.00 secs] 
2020-10-29T15:50:47.089+0000: [GC (Allocation Failure) 2020-10-29T15:50:47.089+0000: [ParNew: 16388K->4K(18432K), 0.0024456 secs] 359622K->343238K(644860K), 0.0024880 secs] [Times: user=0.00 sys=0.00, real=0.01 secs] 
2020-10-29T15:50:47.106+0000: [GC (Allocation Failure) 2020-10-29T15:50:47.106+0000: [ParNew: 16388K->4K(18432K), 0.0023360 secs] 359622K->343238K(644860K), 0.0023784 secs] [Times: user=0.01 sys=0.00, real=0.00 secs] 
2020-10-29T15:50:47.124+0000: [GC (Allocation Failure) 2020-10-29T15:50:47.124+0000: [ParNew: 16388K->4K(18432K), 0.0024871 secs] 359622K->343238K(644860K), 0.0025405 secs] [Times: user=0.01 sys=0.00, real=0.00 secs] 
2020-10-29T15:50:47.142+0000: [GC (Allocation Failure) 2020-10-29T15:50:47.142+0000: [ParNew: 16388K->4K(18432K), 0.0023940 secs] 359622K->343238K(644860K), 0.0024465 secs] [Times: user=0.01 sys=0.00, real=0.01 secs] 
2020-10-29T15:50:47.160+0000: [GC (Allocation Failure) 2020-10-29T15:50:47.160+0000: [ParNew: 16388K->4K(18432K), 0.0023358 secs] 359622K->343238K(644860K), 0.0023810 secs] [Times: user=0.00 sys=0.00, real=0.01 secs] 
2020-10-29T15:50:47.177+0000: [GC (Allocation Failure) 2020-10-29T15:50:47.177+0000: [ParNew: 16388K->4K(18432K), 0.0020698 secs] 359622K->343238K(644860K), 0.0021129 secs] [Times: user=0.01 sys=0.00, real=0.00 secs] 
2020-10-29T15:50:47.195+0000: [GC (Allocation Failure) 2020-10-29T15:50:47.195+0000: [ParNew: 16388K->4K(18432K), 0.0020529 secs] 359622K->343238K(644860K), 0.0020957 secs] [Times: user=0.00 sys=0.00, real=0.00 secs] 
2020-10-29T15:50:47.214+0000: [GC (Allocation Failure) 2020-10-29T15:50:47.214+0000: [ParNew: 16388K->4K(18432K), 0.0020659 secs] 359622K->343238K(644860K), 0.0021094 secs] [Times: user=0.01 sys=0.00, real=0.00 secs] 
2020-10-29T15:50:47.234+0000: [GC (Allocation Failure) 2020-10-29T15:50:47.234+0000: [ParNew: 16388K->4K(18432K), 0.0021943 secs] 359622K->343238K(644860K), 0.0022403 secs] [Times: user=0.00 sys=0.00, real=0.00 secs] 
2020-10-29T15:50:47.254+0000: [GC (Allocation Failure) 2020-10-29T15:50:47.254+0000: [ParNew: 16388K->4K(18432K), 0.0022654 secs] 359622K->343238K(644860K), 0.0023137 secs] [Times: user=0.00 sys=0.00, real=0.00 secs] 
2020-10-29T15:50:47.274+0000: [GC (Allocation Failure) 2020-10-29T15:50:47.274+0000: [ParNew: 16388K->4K(18432K), 0.0023891 secs] 359622K->343238K(644860K), 0.0024417 secs] [Times: user=0.00 sys=0.00, real=0.00 secs] 
2020-10-29T15:50:47.294+0000: [GC (Allocation Failure) 2020-10-29T15:50:47.294+0000: [ParNew: 16388K->4K(18432K), 0.0023457 secs] 359622K->343238K(644860K), 0.0023963 secs] [Times: user=0.01 sys=0.00, real=0.00 secs] 
2020-10-29T15:50:47.316+0000: [GC (Allocation Failure) 2020-10-29T15:50:47.316+0000: [ParNew: 16388K->4K(18432K), 0.0023629 secs] 359622K->343238K(644860K), 0.0024069 secs] [Times: user=0.00 sys=0.00, real=0.00 secs] 
2020-10-29T15:50:47.334+0000: [GC (Allocation Failure) 2020-10-29T15:50:47.334+0000: [ParNew: 16388K->4K(18432K), 0.0022985 secs] 359622K->343238K(644860K), 0.0023484 secs] [Times: user=0.01 sys=0.00, real=0.00 secs] 
2020-10-29T15:50:47.354+0000: [GC (Allocation Failure) 2020-10-29T15:50:47.354+0000: [ParNew: 16388K->4K(18432K), 0.0023274 secs] 359622K->343238K(644860K), 0.0023778 secs] [Times: user=0.00 sys=0.00, real=0.00 secs] 
2020-10-29T15:50:47.372+0000: [GC (Allocation Failure) 2020-10-29T15:50:47.372+0000: [ParNew: 16388K->4K(18432K), 0.0023863 secs] 359622K->343238K(644860K), 0.0024361 secs] [Times: user=0.01 sys=0.00, real=0.00 secs] 
2020-10-29T15:50:47.390+0000: [GC (Allocation Failure) 2020-10-29T15:50:47.390+0000: [ParNew: 16388K->4K(18432K), 0.0023569 secs] 359622K->343238K(644860K), 0.0024073 secs] [Times: user=0.01 sys=0.00, real=0.01 secs] 
2020-10-29T15:50:47.407+0000: [GC (Allocation Failure) 2020-10-29T15:50:47.407+0000: [ParNew: 16388K->4K(18432K), 0.0022946 secs] 359622K->343238K(644860K), 0.0023435 secs] [Times: user=0.00 sys=0.00, real=0.00 secs] 
2020-10-29T15:50:47.420+0000: [GC (Allocation Failure) 2020-10-29T15:50:47.420+0000: [ParNew: 16388K->4K(18432K), 0.0031449 secs] 359622K->351430K(644860K), 0.0031963 secs] [Times: user=0.01 sys=0.00, real=0.01 secs] 
2020-10-29T15:50:47.424+0000: [GC (CMS Initial Mark) [1 CMS-initial-mark: 351426K(626428K)] 351634K(644860K), 0.0012296 secs] [Times: user=0.00 sys=0.00, real=0.00 secs] 
2020-10-29T15:50:47.425+0000: [CMS-concurrent-mark-start]
2020-10-29T15:50:47.446+0000: [GC (Allocation Failure) 2020-10-29T15:50:47.446+0000: [ParNew: 16388K->4K(18432K), 0.0022370 secs] 367814K->351430K(644860K), 0.0022861 secs] [Times: user=0.00 sys=0.00, real=0.00 secs] 
2020-10-29T15:50:47.470+0000: [GC (Allocation Failure) 2020-10-29T15:50:47.470+0000: [ParNew: 16388K->4K(18432K), 0.0023671 secs] 367814K->351430K(644860K), 0.0024208 secs] [Times: user=0.01 sys=0.00, real=0.00 secs] 
2020-10-29T15:50:47.500+0000: [GC (Allocation Failure) 2020-10-29T15:50:47.500+0000: [ParNew: 16388K->4K(18432K), 0.0024603 secs] 400582K->384198K(644860K), 0.0025171 secs] [Times: user=0.01 sys=0.00, real=0.01 secs] 
2020-10-29T15:50:47.519+0000: [CMS-concurrent-mark: 0.070/0.094 secs] [Times: user=0.17 sys=0.01, real=0.09 secs] 
2020-10-29T15:50:47.519+0000: [CMS-concurrent-preclean-start]
2020-10-29T15:50:47.521+0000: [CMS-concurrent-preclean: 0.002/0.002 secs] [Times: user=0.00 sys=0.00, real=0.00 secs] 
2020-10-29T15:50:47.521+0000: [CMS-concurrent-abortable-preclean-start]
2020-10-29T15:50:47.529+0000: [GC (Allocation Failure) 2020-10-29T15:50:47.529+0000: [ParNew: 16388K->4K(18432K), 0.0020222 secs] 400582K->384198K(644860K), 0.0020629 secs] [Times: user=0.01 sys=0.00, real=0.01 secs] 
2020-10-29T15:50:47.547+0000: [GC (Allocation Failure) 2020-10-29T15:50:47.547+0000: [ParNew: 16388K->4K(18432K), 0.0019875 secs] 400582K->384198K(644860K), 0.0020324 secs] [Times: user=0.00 sys=0.00, real=0.00 secs] 
2020-10-29T15:50:47.566+0000: [GC (Allocation Failure) 2020-10-29T15:50:47.566+0000: [ParNew: 16388K->4K(18432K), 0.0021132 secs] 400582K->384198K(644860K), 0.0021606 secs] [Times: user=0.00 sys=0.00, real=0.00 secs] 
2020-10-29T15:50:47.583+0000: [GC (Allocation Failure) 2020-10-29T15:50:47.584+0000: [ParNew: 16388K->4K(18432K), 0.0022006 secs] 400582K->384198K(644860K), 0.0022509 secs] [Times: user=0.01 sys=0.00, real=0.00 secs] 
2020-10-29T15:50:47.602+0000: [GC (Allocation Failure) 2020-10-29T15:50:47.602+0000: [ParNew: 16388K->4K(18432K), 0.0022756 secs] 400582K->384198K(644860K), 0.0023266 secs] [Times: user=0.01 sys=0.00, real=0.01 secs] 
2020-10-29T15:50:47.621+0000: [GC (Allocation Failure) 2020-10-29T15:50:47.621+0000: [ParNew: 16388K->4K(18432K), 0.0020229 secs] 400582K->384199K(644860K), 0.0020669 secs] [Times: user=0.00 sys=0.00, real=0.01 secs] 
2020-10-29T15:50:47.642+0000: [GC (Allocation Failure) 2020-10-29T15:50:47.642+0000: [ParNew: 16388K->4K(18432K), 0.0019232 secs] 400583K->384199K(644860K), 0.0019655 secs] [Times: user=0.00 sys=0.00, real=0.00 secs] 
2020-10-29T15:50:47.662+0000: [GC (Allocation Failure) 2020-10-29T15:50:47.662+0000: [ParNew: 16388K->4K(18432K), 0.0020315 secs] 400583K->384199K(644860K), 0.0020761 secs] [Times: user=0.01 sys=0.00, real=0.00 secs] 
2020-10-29T15:50:47.682+0000: [GC (Allocation Failure) 2020-10-29T15:50:47.682+0000: [ParNew: 16388K->4K(18432K), 0.0019760 secs] 400583K->384199K(644860K), 0.0020190 secs] [Times: user=0.01 sys=0.00, real=0.00 secs] 
2020-10-29T15:50:47.702+0000: [GC (Allocation Failure) 2020-10-29T15:50:47.702+0000: [ParNew: 16388K->4K(18432K), 0.0019403 secs] 400583K->384199K(644860K), 0.0019840 secs] [Times: user=0.00 sys=0.00, real=0.00 secs] 
2020-10-29T15:50:47.714+0000: [GC (Allocation Failure) 2020-10-29T15:50:47.714+0000: [ParNew: 16388K->4K(18432K), 0.0026015 secs] 400583K->392391K(644860K), 0.0026448 secs] [Times: user=0.01 sys=0.00, real=0.00 secs] 
2020-10-29T15:50:47.734+0000: [GC (Allocation Failure) 2020-10-29T15:50:47.734+0000: [ParNew: 16388K->4K(18432K), 0.0021428 secs] 408775K->392391K(644860K), 0.0022148 secs] [Times: user=0.01 sys=0.00, real=0.00 secs] 
2020-10-29T15:50:47.752+0000: [GC (Allocation Failure) 2020-10-29T15:50:47.753+0000: [ParNew: 16388K->4K(18432K), 0.0019670 secs] 408775K->392391K(644860K), 0.0020102 secs] [Times: user=0.00 sys=0.00, real=0.00 secs] 
2020-10-29T15:50:47.770+0000: [GC (Allocation Failure) 2020-10-29T15:50:47.770+0000: [ParNew: 16388K->4K(18432K), 0.0019034 secs] 408775K->392391K(644860K), 0.0019459 secs] [Times: user=0.01 sys=0.00, real=0.00 secs] 
2020-10-29T15:50:47.790+0000: [GC (Allocation Failure) 2020-10-29T15:50:47.790+0000: [ParNew: 16388K->4K(18432K), 0.0019164 secs] 408775K->392391K(644860K), 0.0019593 secs] [Times: user=0.00 sys=0.00, real=0.00 secs] 
2020-10-29T15:50:47.808+0000: [GC (Allocation Failure) 2020-10-29T15:50:47.808+0000: [ParNew: 16388K->4K(18432K), 0.0023381 secs] 408775K->392391K(644860K), 0.0024003 secs] [Times: user=0.00 sys=0.00, real=0.01 secs] 
2020-10-29T15:50:47.828+0000: [GC (Allocation Failure) 2020-10-29T15:50:47.828+0000: [ParNew: 16388K->4K(18432K), 0.0024075 secs] 408775K->392391K(644860K), 0.0024755 secs] [Times: user=0.00 sys=0.00, real=0.01 secs] 
2020-10-29T15:50:47.846+0000: [GC (Allocation Failure) 2020-10-29T15:50:47.846+0000: [ParNew: 16388K->4K(18432K), 0.0019646 secs] 408775K->392391K(644860K), 0.0020079 secs] [Times: user=0.01 sys=0.00, real=0.00 secs] 
2020-10-29T15:50:47.866+0000: [GC (Allocation Failure) 2020-10-29T15:50:47.866+0000: [ParNew: 16388K->4K(18432K), 0.0020645 secs] 408775K->392391K(644860K), 0.0021098 secs] [Times: user=0.01 sys=0.00, real=0.00 secs] 
2020-10-29T15:50:47.885+0000: [GC (Allocation Failure) 2020-10-29T15:50:47.885+0000: [ParNew: 16388K->4K(18432K), 0.0021780 secs] 408775K->392391K(644860K), 0.0022288 secs] [Times: user=0.00 sys=0.00, real=0.00 secs] 
2020-10-29T15:50:47.906+0000: [GC (Allocation Failure) 2020-10-29T15:50:47.906+0000: [ParNew: 16388K->4K(18432K), 0.0020512 secs] 408775K->392391K(644860K), 0.0020985 secs] [Times: user=0.01 sys=0.00, real=0.00 secs] 
2020-10-29T15:50:47.924+0000: [GC (Allocation Failure) 2020-10-29T15:50:47.924+0000: [ParNew: 16388K->4K(18432K), 0.0020203 secs] 408775K->392391K(644860K), 0.0020679 secs] [Times: user=0.00 sys=0.00, real=0.00 secs] 
2020-10-29T15:50:47.946+0000: [GC (Allocation Failure) 2020-10-29T15:50:47.946+0000: [ParNew: 16388K->4K(18432K), 0.0019203 secs] 408775K->392391K(644860K), 0.0019658 secs] [Times: user=0.00 sys=0.00, real=0.00 secs] 
2020-10-29T15:50:47.964+0000: [GC (Allocation Failure) 2020-10-29T15:50:47.964+0000: [ParNew: 16388K->4K(18432K), 0.0020027 secs] 408775K->392391K(644860K), 0.0020497 secs] [Times: user=0.01 sys=0.00, real=0.00 secs] 
2020-10-29T15:50:47.976+0000: [GC (Allocation Failure) 2020-10-29T15:50:47.976+0000: [ParNew: 16388K->4K(18432K), 0.0027239 secs] 408775K->400583K(644860K), 0.0027794 secs] [Times: user=0.01 sys=0.00, real=0.00 secs] 
2020-10-29T15:50:47.998+0000: [GC (Allocation Failure) 2020-10-29T15:50:47.998+0000: [ParNew: 16388K->4K(18432K), 0.0021106 secs] 416967K->400583K(644860K), 0.0021592 secs] [Times: user=0.01 sys=0.00, real=0.00 secs] 
2020-10-29T15:50:48.019+0000: [GC (Allocation Failure) 2020-10-29T15:50:48.019+0000: [ParNew: 16388K->4K(18432K), 0.0022226 secs] 416967K->400583K(644860K), 0.0022745 secs] [Times: user=0.01 sys=0.00, real=0.00 secs] 
2020-10-29T15:50:48.038+0000: [GC (Allocation Failure) 2020-10-29T15:50:48.038+0000: [ParNew: 16388K->4K(18432K), 0.0019839 secs] 416967K->400583K(644860K), 0.0020277 secs] [Times: user=0.00 sys=0.00, real=0.00 secs] 
2020-10-29T15:50:48.056+0000: [GC (Allocation Failure) 2020-10-29T15:50:48.057+0000: [ParNew: 16388K->4K(18432K), 0.0021625 secs] 416967K->400583K(644860K), 0.0022097 secs] [Times: user=0.01 sys=0.00, real=0.00 secs] 
2020-10-29T15:50:48.075+0000: [GC (Allocation Failure) 2020-10-29T15:50:48.075+0000: [ParNew: 16388K->4K(18432K), 0.0019525 secs] 416967K->400583K(644860K), 0.0019974 secs] [Times: user=0.01 sys=0.00, real=0.00 secs] 
2020-10-29T15:50:48.094+0000: [GC (Allocation Failure) 2020-10-29T15:50:48.094+0000: [ParNew: 16388K->4K(18432K), 0.0019124 secs] 416967K->400583K(644860K), 0.0019572 secs] [Times: user=0.00 sys=0.00, real=0.00 secs] 
2020-10-29T15:50:48.112+0000: [GC (Allocation Failure) 2020-10-29T15:50:48.112+0000: [ParNew: 16388K->4K(18432K), 0.0019564 secs] 416967K->400583K(644860K), 0.0019990 secs] [Times: user=0.00 sys=0.00, real=0.00 secs] 
2020-10-29T15:50:48.134+0000: [GC (Allocation Failure) 2020-10-29T15:50:48.134+0000: [ParNew: 16388K->4K(18432K), 0.0021802 secs] 416967K->400583K(644860K), 0.0022310 secs] [Times: user=0.00 sys=0.00, real=0.00 secs] 
2020-10-29T15:50:48.152+0000: [GC (Allocation Failure) 2020-10-29T15:50:48.152+0000: [ParNew: 16388K->4K(18432K), 0.0023304 secs] 416967K->400583K(644860K), 0.0023908 secs] [Times: user=0.01 sys=0.00, real=0.00 secs] 
2020-10-29T15:50:48.172+0000: [GC (Allocation Failure) 2020-10-29T15:50:48.172+0000: [ParNew: 16388K->4K(18432K), 0.0020242 secs] 416967K->400583K(644860K), 0.0020709 secs] [Times: user=0.00 sys=0.00, real=0.00 secs] 
2020-10-29T15:50:48.193+0000: [GC (Allocation Failure) 2020-10-29T15:50:48.193+0000: [ParNew: 16388K->4K(18432K), 0.0020048 secs] 416967K->400583K(644860K), 0.0020501 secs] [Times: user=0.01 sys=0.00, real=0.00 secs] 
2020-10-29T15:50:48.211+0000: [GC (Allocation Failure) 2020-10-29T15:50:48.211+0000: [ParNew: 16388K->4K(18432K), 0.0021149 secs] 416967K->400583K(644860K), 0.0021634 secs] [Times: user=0.00 sys=0.00, real=0.00 secs] 
2020-10-29T15:50:48.229+0000: [GC (Allocation Failure) 2020-10-29T15:50:48.229+0000: [ParNew: 16388K->4K(18432K), 0.0020337 secs] 416967K->400583K(644860K), 0.0020809 secs] [Times: user=0.00 sys=0.00, real=0.01 secs] 
2020-10-29T15:50:48.248+0000: [GC (Allocation Failure) 2020-10-29T15:50:48.248+0000: [ParNew: 16388K->4K(18432K), 0.0019339 secs] 416967K->400583K(644860K), 0.0019782 secs] [Times: user=0.00 sys=0.00, real=0.00 secs] 
2020-10-29T15:50:48.266+0000: [GC (Allocation Failure) 2020-10-29T15:50:48.266+0000: [ParNew: 16388K->4K(18432K), 0.0019716 secs] 416967K->400583K(644860K), 0.0020150 secs] [Times: user=0.01 sys=0.00, real=0.00 secs] 
2020-10-29T15:50:48.286+0000: [GC (Allocation Failure) 2020-10-29T15:50:48.286+0000: [ParNew: 16388K->4K(18432K), 0.0021294 secs] 416967K->400583K(644860K), 0.0021761 secs] [Times: user=0.00 sys=0.00, real=0.00 secs] 
2020-10-29T15:50:48.306+0000: [GC (Allocation Failure) 2020-10-29T15:50:48.306+0000: [ParNew: 16388K->4K(18432K), 0.0020614 secs] 416967K->400583K(644860K), 0.0021092 secs] [Times: user=0.01 sys=0.00, real=0.00 secs] 
2020-10-29T15:50:48.326+0000: [GC (Allocation Failure) 2020-10-29T15:50:48.326+0000: [ParNew: 16388K->4K(18432K), 0.0024421 secs] 416967K->400583K(644860K), 0.0025051 secs] [Times: user=0.01 sys=0.00, real=0.00 secs] 
2020-10-29T15:50:48.344+0000: [GC (Allocation Failure) 2020-10-29T15:50:48.344+0000: [ParNew: 16388K->4K(18432K), 0.0020604 secs] 416967K->400583K(644860K), 0.0021186 secs] [Times: user=0.00 sys=0.00, real=0.00 secs] 
2020-10-29T15:50:48.365+0000: [GC (Allocation Failure) 2020-10-29T15:50:48.365+0000: [ParNew: 16388K->4K(18432K), 0.0021875 secs] 416967K->400583K(644860K), 0.0022380 secs] [Times: user=0.01 sys=0.00, real=0.00 secs] 
2020-10-29T15:50:48.383+0000: [GC (Allocation Failure) 2020-10-29T15:50:48.383+0000: [ParNew: 16388K->4K(18432K), 0.0020312 secs] 416967K->400583K(644860K), 0.0020771 secs] [Times: user=0.01 sys=0.00, real=0.00 secs] 
2020-10-29T15:50:48.402+0000: [GC (Allocation Failure) 2020-10-29T15:50:48.402+0000: [ParNew: 16388K->4K(18432K), 0.0019154 secs] 416967K->400583K(644860K), 0.0019589 secs] [Times: user=0.01 sys=0.00, real=0.00 secs] 
2020-10-29T15:50:48.418+0000: [GC (Allocation Failure) 2020-10-29T15:50:48.418+0000: [ParNew: 13893K->4K(18432K), 0.0019046 secs] 414472K->400583K(644860K), 0.0019510 secs] [Times: user=0.01 sys=0.00, real=0.00 secs] 
2020-10-29T15:50:48.429+0000: [GC (Allocation Failure) 2020-10-29T15:50:48.429+0000: [ParNew: 16388K->4K(18432K), 0.0029245 secs] 416967K->408775K(644860K), 0.0029718 secs] [Times: user=0.00 sys=0.00, real=0.01 secs] 
2020-10-29T15:50:48.432+0000: [CMS-concurrent-abortable-preclean: 0.066/0.910 secs] [Times: user=1.64 sys=0.07, real=0.92 secs] 
2020-10-29T15:50:48.434+0000: [GC (CMS Final Remark) [YG occupancy: 331 K (18432 K)]2020-10-29T15:50:48.434+0000: [Rescan (parallel) , 0.0015001 secs]2020-10-29T15:50:48.436+0000: [weak refs processing, 0.0000282 secs]2020-10-29T15:50:48.436+0000: [class unloading, 0.0081286 secs]2020-10-29T15:50:48.444+0000: [scrub symbol table, 0.0092633 secs]2020-10-29T15:50:48.453+0000: [scrub string table, 0.0005706 secs][1 CMS-remark: 408771K(626428K)] 409103K(644860K), 0.0195966 secs] [Times: user=0.02 sys=0.00, real=0.02 secs] 
2020-10-29T15:50:48.458+0000: [CMS-concurrent-sweep-start]
2020-10-29T15:50:48.473+0000: [GC (Allocation Failure) 2020-10-29T15:50:48.473+0000: [ParNew: 16388K->4K(18432K), 0.0024371 secs] 425159K->408775K(644860K), 0.0024900 secs] [Times: user=0.00 sys=0.00, real=0.00 secs] 
2020-10-29T15:50:48.479+0000: [CMS-concurrent-sweep: 0.018/0.021 secs] [Times: user=0.04 sys=0.00, real=0.02 secs] 
2020-10-29T15:50:48.479+0000: [CMS-concurrent-reset-start]
2020-10-29T15:50:48.481+0000: [CMS-concurrent-reset: 0.002/0.002 secs] [Times: user=0.00 sys=0.00, real=0.00 secs] 
2020-10-29T15:50:48.494+0000: [GC (Allocation Failure) 2020-10-29T15:50:48.494+0000: [ParNew: 16388K->4K(18432K), 0.0025731 secs] 408775K->392391K(672412K), 0.0026172 secs] [Times: user=0.00 sys=0.00, real=0.00 secs] 
2020-10-29T15:50:48.514+0000: [GC (Allocation Failure) 2020-10-29T15:50:48.514+0000: [ParNew: 16388K->4K(18432K), 0.0022599 secs] 408775K->392391K(672412K), 0.0023010 secs] [Times: user=0.01 sys=0.00, real=0.00 secs] 
2020-10-29T15:50:48.534+0000: [GC (Allocation Failure) 2020-10-29T15:50:48.534+0000: [ParNew: 16388K->4K(18432K), 0.0022944 secs] 408775K->392391K(672412K), 0.0023403 secs] [Times: user=0.00 sys=0.00, real=0.00 secs] 
2020-10-29T15:50:48.552+0000: [GC (Allocation Failure) 2020-10-29T15:50:48.552+0000: [ParNew: 16388K->4K(18432K), 0.0023349 secs] 408775K->392391K(672412K), 0.0023814 secs] [Times: user=0.01 sys=0.00, real=0.00 secs] 
2020-10-29T15:50:48.564+0000: [GC (Allocation Failure) 2020-10-29T15:50:48.564+0000: [ParNew: 10641K->4K(18432K), 0.0021563 secs] 403028K->392391K(672412K), 0.0021965 secs] [Times: user=0.00 sys=0.00, real=0.00 secs] 
2020-10-29T15:50:48.578+0000: [GC (Allocation Failure) 2020-10-29T15:50:48.578+0000: [ParNew: 16388K->4K(18432K), 0.0031639 secs] 408775K->400583K(672412K), 0.0032092 secs] [Times: user=0.00 sys=0.00, real=0.00 secs] 
2020-10-29T15:50:48.582+0000: [GC (CMS Initial Mark) [1 CMS-initial-mark: 400579K(653980K)] 401347K(672412K), 0.0018318 secs] [Times: user=0.01 sys=0.00, real=0.00 secs] 
2020-10-29T15:50:48.584+0000: [CMS-concurrent-mark-start]
2020-10-29T15:50:48.610+0000: [GC (Allocation Failure) 2020-10-29T15:50:48.610+0000: [ParNew: 16388K->4K(18432K), 0.0024365 secs] 416967K->400583K(672412K), 0.0024981 secs] [Times: user=0.01 sys=0.00, real=0.00 secs] 
2020-10-29T15:50:48.634+0000: [GC (Allocation Failure) 2020-10-29T15:50:48.634+0000: [ParNew: 16388K->4K(18432K), 0.0024381 secs] 416967K->400583K(672412K), 0.0024909 secs] [Times: user=0.01 sys=0.00, real=0.00 secs] 
2020-10-29T15:50:48.658+0000: [GC (Allocation Failure) 2020-10-29T15:50:48.658+0000: [ParNew: 16388K->4K(18432K), 0.0023486 secs] 416967K->400583K(672412K), 0.0024010 secs] [Times: user=0.00 sys=0.00, real=0.00 secs] 
2020-10-29T15:50:48.681+0000: [CMS-concurrent-mark: 0.083/0.097 secs] [Times: user=0.17 sys=0.01, real=0.09 secs] 
2020-10-29T15:50:48.681+0000: [CMS-concurrent-preclean-start]
2020-10-29T15:50:48.682+0000: [GC (Allocation Failure) 2020-10-29T15:50:48.682+0000: [ParNew: 16388K->4K(18432K), 0.0024664 secs] 416967K->400583K(672412K), 0.0025065 secs] [Times: user=0.01 sys=0.00, real=0.00 secs] 
2020-10-29T15:50:48.688+0000: [CMS-concurrent-preclean: 0.003/0.007 secs] [Times: user=0.01 sys=0.00, real=0.01 secs] 
2020-10-29T15:50:48.688+0000: [CMS-concurrent-abortable-preclean-start]
2020-10-29T15:50:48.705+0000: [GC (Allocation Failure) 2020-10-29T15:50:48.705+0000: [ParNew: 16388K->4K(18432K), 0.0022365 secs] 416967K->400583K(672412K), 0.0022842 secs] [Times: user=0.01 sys=0.00, real=0.00 secs] 
2020-10-29T15:50:48.726+0000: [GC (Allocation Failure) 2020-10-29T15:50:48.726+0000: [ParNew: 16388K->4K(18432K), 0.0023782 secs] 416967K->400583K(672412K), 0.0024312 secs] [Times: user=0.01 sys=0.00, real=0.00 secs] 
2020-10-29T15:50:48.745+0000: [GC (Allocation Failure) 2020-10-29T15:50:48.745+0000: [ParNew: 16388K->4K(18432K), 0.0020520 secs] 416967K->400583K(672412K), 0.0020986 secs] [Times: user=0.00 sys=0.00, real=0.00 secs] 
2020-10-29T15:50:48.766+0000: [GC (Allocation Failure) 2020-10-29T15:50:48.766+0000: [ParNew: 16388K->4K(18432K), 0.0021011 secs] 416967K->400583K(672412K), 0.0021491 secs] [Times: user=0.00 sys=0.00, real=0.00 secs] 
2020-10-29T15:50:48.786+0000: [GC (Allocation Failure) 2020-10-29T15:50:48.786+0000: [ParNew: 16388K->4K(18432K), 0.0020211 secs] 416967K->400583K(672412K), 0.0020664 secs] [Times: user=0.01 sys=0.00, real=0.00 secs] 
2020-10-29T15:50:48.804+0000: [GC (Allocation Failure) 2020-10-29T15:50:48.804+0000: [ParNew: 16388K->4K(18432K), 0.0021123 secs] 416967K->400583K(672412K), 0.0021605 secs] [Times: user=0.00 sys=0.00, real=0.00 secs] 
2020-10-29T15:50:48.826+0000: [GC (Allocation Failure) 2020-10-29T15:50:48.826+0000: [ParNew: 16388K->4K(18432K), 0.0021753 secs] 416967K->400583K(672412K), 0.0022244 secs] [Times: user=0.00 sys=0.00, real=0.00 secs] 
2020-10-29T15:50:48.846+0000: [GC (Allocation Failure) 2020-10-29T15:50:48.846+0000: [ParNew: 16388K->4K(18432K), 0.0021768 secs] 416967K->400583K(672412K), 0.0022256 secs] [Times: user=0.01 sys=0.00, real=0.00 secs] 
2020-10-29T15:50:48.865+0000: [GC (Allocation Failure) 2020-10-29T15:50:48.865+0000: [ParNew: 16388K->4K(18432K), 0.0022799 secs] 416967K->400583K(672412K), 0.0023303 secs] [Times: user=0.01 sys=0.00, real=0.00 secs] 
2020-10-29T15:50:48.886+0000: [GC (Allocation Failure) 2020-10-29T15:50:48.886+0000: [ParNew: 16388K->4K(18432K), 0.0021573 secs] 416967K->400583K(672412K), 0.0022044 secs] [Times: user=0.00 sys=0.00, real=0.00 secs] 
2020-10-29T15:50:48.906+0000: [GC (Allocation Failure) 2020-10-29T15:50:48.906+0000: [ParNew: 16388K->4K(18432K), 0.0021102 secs] 416967K->400583K(672412K), 0.0021552 secs] [Times: user=0.00 sys=0.00, real=0.00 secs] 
2020-10-29T15:50:48.926+0000: [GC (Allocation Failure) 2020-10-29T15:50:48.926+0000: [ParNew: 16388K->4K(18432K), 0.0020771 secs] 416967K->400583K(672412K), 0.0021224 secs] [Times: user=0.00 sys=0.00, real=0.00 secs] 
2020-10-29T15:50:48.946+0000: [GC (Allocation Failure) 2020-10-29T15:50:48.946+0000: [ParNew: 16388K->4K(18432K), 0.0021574 secs] 416967K->400583K(672412K), 0.0022048 secs] [Times: user=0.01 sys=0.00, real=0.00 secs] 
2020-10-29T15:50:48.965+0000: [GC (Allocation Failure) 2020-10-29T15:50:48.965+0000: [ParNew: 16388K->4K(18432K), 0.0021248 secs] 416967K->400583K(672412K), 0.0021883 secs] [Times: user=0.01 sys=0.00, real=0.00 secs] 
2020-10-29T15:50:48.986+0000: [GC (Allocation Failure) 2020-10-29T15:50:48.986+0000: [ParNew: 16388K->4K(18432K), 0.0020818 secs] 416967K->400583K(672412K), 0.0021269 secs] [Times: user=0.01 sys=0.00, real=0.00 secs] 
2020-10-29T15:50:49.006+0000: [GC (Allocation Failure) 2020-10-29T15:50:49.006+0000: [ParNew: 16388K->4K(18432K), 0.0020536 secs] 416967K->400583K(672412K), 0.0020987 secs] [Times: user=0.00 sys=0.00, real=0.00 secs] 
2020-10-29T15:50:49.024+0000: [GC (Allocation Failure) 2020-10-29T15:50:49.024+0000: [ParNew: 16388K->4K(18432K), 0.0021283 secs] 416967K->400583K(672412K), 0.0021741 secs] [Times: user=0.01 sys=0.00, real=0.00 secs] 
2020-10-29T15:50:49.046+0000: [GC (Allocation Failure) 2020-10-29T15:50:49.046+0000: [ParNew: 16388K->4K(18432K), 0.0020491 secs] 416967K->400583K(672412K), 0.0020930 secs] [Times: user=0.00 sys=0.00, real=0.00 secs] 
2020-10-29T15:50:49.064+0000: [GC (Allocation Failure) 2020-10-29T15:50:49.064+0000: [ParNew: 16388K->4K(18432K), 0.0019733 secs] 416967K->400583K(672412K), 0.0020173 secs] [Times: user=0.00 sys=0.00, real=0.00 secs] 
2020-10-29T15:50:49.082+0000: [GC (Allocation Failure) 2020-10-29T15:50:49.082+0000: [ParNew: 16388K->4K(18432K), 0.0019961 secs] 416967K->400583K(672412K), 0.0020364 secs] [Times: user=0.01 sys=0.00, real=0.00 secs] 
2020-10-29T15:50:49.100+0000: [GC (Allocation Failure) 2020-10-29T15:50:49.100+0000: [ParNew: 16388K->4K(18432K), 0.0021683 secs] 416967K->400583K(672412K), 0.0022178 secs] [Times: user=0.00 sys=0.00, real=0.01 secs] 
2020-10-29T15:50:49.118+0000: [GC (Allocation Failure) 2020-10-29T15:50:49.118+0000: [ParNew: 16388K->4K(18432K), 0.0024836 secs] 416967K->400583K(672412K), 0.0025456 secs] [Times: user=0.01 sys=0.00, real=0.00 secs] 
2020-10-29T15:50:49.142+0000: [GC (Allocation Failure) 2020-10-29T15:50:49.142+0000: [ParNew: 16388K->4K(18432K), 0.0022185 secs] 416967K->400583K(672412K), 0.0022677 secs] [Times: user=0.00 sys=0.00, real=0.00 secs] 
2020-10-29T15:50:49.161+0000: [GC (Allocation Failure) 2020-10-29T15:50:49.161+0000: [ParNew: 16388K->4K(18432K), 0.0024238 secs] 416967K->400583K(672412K), 0.0024760 secs] [Times: user=0.01 sys=0.00, real=0.01 secs] 
2020-10-29T15:50:49.179+0000: [GC (Allocation Failure) 2020-10-29T15:50:49.179+0000: [ParNew: 16388K->4K(18432K), 0.0022529 secs] 416967K->400583K(672412K), 0.0023024 secs] [Times: user=0.00 sys=0.00, real=0.00 secs] 
2020-10-29T15:50:49.193+0000: [GC (Allocation Failure) 2020-10-29T15:50:49.193+0000: [ParNew: 16388K->4K(18432K), 0.0030923 secs] 416967K->408775K(672412K), 0.0031441 secs] [Times: user=0.01 sys=0.00, real=0.00 secs] 
2020-10-29T15:50:49.213+0000: [GC (Allocation Failure) 2020-10-29T15:50:49.213+0000: [ParNew: 16388K->4K(18432K), 0.0027581 secs] 425159K->408775K(672412K), 0.0028094 secs] [Times: user=0.00 sys=0.00, real=0.00 secs] 
2020-10-29T15:50:49.232+0000: [GC (Allocation Failure) 2020-10-29T15:50:49.232+0000: [ParNew: 16388K->4K(18432K), 0.0023456 secs] 425159K->408775K(672412K), 0.0024214 secs] [Times: user=0.00 sys=0.00, real=0.00 secs] 
2020-10-29T15:50:49.254+0000: [GC (Allocation Failure) 2020-10-29T15:50:49.254+0000: [ParNew: 16388K->4K(18432K), 0.0025009 secs] 425159K->408775K(672412K), 0.0025555 secs] [Times: user=0.00 sys=0.00, real=0.00 secs] 
2020-10-29T15:50:49.273+0000: [GC (Allocation Failure) 2020-10-29T15:50:49.273+0000: [ParNew: 16388K->4K(18432K), 0.0023057 secs] 425159K->408775K(672412K), 0.0023579 secs] [Times: user=0.00 sys=0.00, real=0.00 secs] 
2020-10-29T15:50:49.294+0000: [GC (Allocation Failure) 2020-10-29T15:50:49.294+0000: [ParNew: 16388K->4K(18432K), 0.0022699 secs] 425159K->408775K(672412K), 0.0023200 secs] [Times: user=0.00 sys=0.00, real=0.00 secs] 
2020-10-29T15:50:49.317+0000: [GC (Allocation Failure) 2020-10-29T15:50:49.317+0000: [ParNew: 16388K->4K(18432K), 0.0024785 secs] 425159K->408775K(672412K), 0.0025247 secs] [Times: user=0.00 sys=0.00, real=0.00 secs] 
2020-10-29T15:50:49.336+0000: [GC (Allocation Failure) 2020-10-29T15:50:49.336+0000: [ParNew: 16388K->4K(18432K), 0.0022581 secs] 425159K->408775K(672412K), 0.0023233 secs] [Times: user=0.00 sys=0.00, real=0.00 secs] 
2020-10-29T15:50:49.358+0000: [GC (Allocation Failure) 2020-10-29T15:50:49.358+0000: [ParNew: 16388K->4K(18432K), 0.0023145 secs] 425159K->408775K(672412K), 0.0023649 secs] [Times: user=0.00 sys=0.00, real=0.00 secs] 
2020-10-29T15:50:49.378+0000: [GC (Allocation Failure) 2020-10-29T15:50:49.378+0000: [ParNew: 16388K->4K(18432K), 0.0025273 secs] 425159K->408775K(672412K), 0.0025833 secs] [Times: user=0.01 sys=0.00, real=0.00 secs] 
2020-10-29T15:50:49.390+0000: [GC (Allocation Failure) 2020-10-29T15:50:49.390+0000: [ParNew: 16388K->4K(18432K), 0.0033559 secs] 425159K->416967K(672412K), 0.0034112 secs] [Times: user=0.01 sys=0.00, real=0.00 secs] 
2020-10-29T15:50:49.410+0000: [GC (Allocation Failure) 2020-10-29T15:50:49.410+0000: [ParNew: 16388K->4K(18432K), 0.0025560 secs] 433351K->416967K(672412K), 0.0026104 secs] [Times: user=0.01 sys=0.00, real=0.01 secs] 
2020-10-29T15:50:49.430+0000: [GC (Allocation Failure) 2020-10-29T15:50:49.430+0000: [ParNew: 16388K->4K(18432K), 0.0025240 secs] 433351K->416967K(672412K), 0.0025803 secs] [Times: user=0.01 sys=0.00, real=0.00 secs] 
2020-10-29T15:50:49.450+0000: [GC (Allocation Failure) 2020-10-29T15:50:49.450+0000: [ParNew: 16388K->4K(18432K), 0.0024605 secs] 433351K->416967K(672412K), 0.0025144 secs] [Times: user=0.01 sys=0.00, real=0.00 secs] 
2020-10-29T15:50:49.469+0000: [GC (Allocation Failure) 2020-10-29T15:50:49.469+0000: [ParNew: 16388K->4K(18432K), 0.0023092 secs] 433351K->416967K(672412K), 0.0023616 secs] [Times: user=0.00 sys=0.00, real=0.01 secs] 
2020-10-29T15:50:49.490+0000: [GC (Allocation Failure) 2020-10-29T15:50:49.490+0000: [ParNew: 16388K->4K(18432K), 0.0025235 secs] 433351K->416967K(672412K), 0.0025789 secs] [Times: user=0.01 sys=0.00, real=0.00 secs] 
2020-10-29T15:50:49.510+0000: [GC (Allocation Failure) 2020-10-29T15:50:49.510+0000: [ParNew: 16388K->4K(18432K), 0.0023597 secs] 433351K->416967K(672412K), 0.0024117 secs] [Times: user=0.00 sys=0.00, real=0.00 secs] 
2020-10-29T15:50:49.529+0000: [GC (Allocation Failure) 2020-10-29T15:50:49.529+0000: [ParNew: 16388K->4K(18432K), 0.0022046 secs] 433351K->416967K(672412K), 0.0022538 secs] [Times: user=0.00 sys=0.00, real=0.01 secs] 
2020-10-29T15:50:49.550+0000: [GC (Allocation Failure) 2020-10-29T15:50:49.550+0000: [ParNew: 16388K->4K(18432K), 0.0021635 secs] 433351K->416967K(672412K), 0.0022261 secs] [Times: user=0.00 sys=0.00, real=0.01 secs] 
2020-10-29T15:50:49.568+0000: [GC (Allocation Failure) 2020-10-29T15:50:49.568+0000: [ParNew: 16388K->4K(18432K), 0.0022166 secs] 433351K->416967K(672412K), 0.0022674 secs] [Times: user=0.01 sys=0.00, real=0.01 secs] 
2020-10-29T15:50:49.590+0000: [GC (Allocation Failure) 2020-10-29T15:50:49.590+0000: [ParNew: 16388K->4K(18432K), 0.0021764 secs] 433351K->416967K(672412K), 0.0022267 secs] [Times: user=0.01 sys=0.00, real=0.01 secs] 
2020-10-29T15:50:49.608+0000: [GC (Allocation Failure) 2020-10-29T15:50:49.608+0000: [ParNew: 16388K->4K(18432K), 0.0019974 secs] 433351K->416967K(672412K), 0.0020429 secs] [Times: user=0.00 sys=0.00, real=0.01 secs] 
2020-10-29T15:50:49.626+0000: [GC (Allocation Failure) 2020-10-29T15:50:49.626+0000: [ParNew: 16388K->4K(18432K), 0.0020910 secs] 433351K->416967K(672412K), 0.0021397 secs] [Times: user=0.01 sys=0.00, real=0.00 secs] 
2020-10-29T15:50:49.650+0000: [GC (Allocation Failure) 2020-10-29T15:50:49.650+0000: [ParNew: 16388K->4K(18432K), 0.0021069 secs] 433351K->416967K(672412K), 0.0021535 secs] [Times: user=0.00 sys=0.00, real=0.01 secs] 
2020-10-29T15:50:49.670+0000: [GC (Allocation Failure) 2020-10-29T15:50:49.670+0000: [ParNew: 16388K->4K(18432K), 0.0020723 secs] 433351K->416967K(672412K), 0.0021171 secs] [Times: user=0.00 sys=0.00, real=0.00 secs] 
2020-10-29T15:50:49.690+0000: [GC (Allocation Failure) 2020-10-29T15:50:49.690+0000: [ParNew: 16388K->2K(18432K), 0.0042793 secs] 433351K->416965K(672412K), 0.0043444 secs] [Times: user=0.00 sys=0.01, real=0.01 secs] 
2020-10-29T15:50:49.713+0000: [GC (Allocation Failure) 2020-10-29T15:50:49.713+0000: [ParNew: 16386K->4K(18432K), 0.0022188 secs] 433349K->416967K(672412K), 0.0022660 secs] [Times: user=0.00 sys=0.00, real=0.00 secs] 
2020-10-29T15:50:49.734+0000: [GC (Allocation Failure) 2020-10-29T15:50:49.734+0000: [ParNew: 16388K->4K(18432K), 0.0020914 secs] 433351K->416967K(672412K), 0.0021390 secs] [Times: user=0.01 sys=0.00, real=0.00 secs] 
2020-10-29T15:50:49.754+0000: [GC (Allocation Failure) 2020-10-29T15:50:49.754+0000: [ParNew: 16388K->4K(18432K), 0.0021144 secs] 433351K->416967K(672412K), 0.0021623 secs] [Times: user=0.01 sys=0.00, real=0.00 secs] 
2020-10-29T15:50:49.780+0000: [GC (Allocation Failure) 2020-10-29T15:50:49.780+0000: [ParNew: 16388K->4K(18432K), 0.0022467 secs] 433351K->416967K(672412K), 0.0022963 secs] [Times: user=0.00 sys=0.00, real=0.01 secs] 
2020-10-29T15:50:49.798+0000: [GC (Allocation Failure) 2020-10-29T15:50:49.798+0000: [ParNew: 16388K->4K(18432K), 0.0021993 secs] 433351K->416967K(672412K), 0.0022483 secs] [Times: user=0.00 sys=0.00, real=0.00 secs] 
2020-10-29T15:50:49.817+0000: [GC (Allocation Failure) 2020-10-29T15:50:49.817+0000: [ParNew: 16388K->4K(18432K), 0.0021605 secs] 433351K->416967K(672412K), 0.0022075 secs] [Times: user=0.01 sys=0.00, real=0.00 secs] 
2020-10-29T15:50:49.835+0000: [GC (Allocation Failure) 2020-10-29T15:50:49.835+0000: [ParNew: 16388K->4K(18432K), 0.0020470 secs] 433351K->416967K(672412K), 0.0020904 secs] [Times: user=0.00 sys=0.00, real=0.00 secs] 
2020-10-29T15:50:49.854+0000: [GC (Allocation Failure) 2020-10-29T15:50:49.854+0000: [ParNew: 16388K->4K(18432K), 0.0019831 secs] 433351K->416967K(672412K), 0.0020243 secs] [Times: user=0.00 sys=0.00, real=0.00 secs] 
2020-10-29T15:50:49.874+0000: [GC (Allocation Failure) 2020-10-29T15:50:49.874+0000: [ParNew: 13749K->2K(18432K), 0.0034478 secs] 430713K->416965K(672412K), 0.0035005 secs] [Times: user=0.00 sys=0.00, real=0.00 secs] 
2020-10-29T15:50:49.890+0000: [GC (Allocation Failure) 2020-10-29T15:50:49.890+0000: [ParNew: 16386K->4K(18432K), 0.0030234 secs] 433349K->425159K(672412K), 0.0030702 secs] [Times: user=0.01 sys=0.00, real=0.01 secs] 
2020-10-29T15:50:49.893+0000: [CMS-concurrent-abortable-preclean: 0.087/1.205 secs] [Times: user=2.10 sys=0.11, real=1.21 secs] 
2020-10-29T15:50:49.894+0000: [GC (CMS Final Remark) [YG occupancy: 1135 K (18432 K)]2020-10-29T15:50:49.894+0000: [Rescan (parallel) , 0.0020859 secs]2020-10-29T15:50:49.896+0000: [weak refs processing, 0.0000272 secs]2020-10-29T15:50:49.896+0000: [class unloading, 0.0080588 secs]2020-10-29T15:50:49.905+0000: [scrub symbol table, 0.0092997 secs]2020-10-29T15:50:49.914+0000: [scrub string table, 0.0005794 secs][1 CMS-remark: 425155K(653980K)] 426290K(672412K), 0.0201523 secs] [Times: user=0.02 sys=0.00, real=0.02 secs] 
2020-10-29T15:50:49.918+0000: [CMS-concurrent-sweep-start]
2020-10-29T15:50:49.933+0000: [GC (Allocation Failure) 2020-10-29T15:50:49.933+0000: [ParNew: 16388K->4K(18432K), 0.0025105 secs] 441543K->425159K(672412K), 0.0025599 secs] [Times: user=0.01 sys=0.00, real=0.00 secs] 
2020-10-29T15:50:49.938+0000: [CMS-concurrent-sweep: 0.017/0.020 secs] [Times: user=0.04 sys=0.00, real=0.02 secs] 
2020-10-29T15:50:49.938+0000: [CMS-concurrent-reset-start]
2020-10-29T15:50:49.940+0000: [CMS-concurrent-reset: 0.002/0.002 secs] [Times: user=0.00 sys=0.00, real=0.00 secs] 
2020-10-29T15:50:49.953+0000: [GC (Allocation Failure) 2020-10-29T15:50:49.953+0000: [ParNew: 16388K->4K(18432K), 0.0026264 secs] 425159K->408775K(699720K), 0.0026742 secs] [Times: user=0.00 sys=0.00, real=0.00 secs] 
2020-10-29T15:50:49.971+0000: [GC (Allocation Failure) 2020-10-29T15:50:49.971+0000: [ParNew: 16388K->4K(18432K), 0.0023804 secs] 425159K->408775K(699720K), 0.0024272 secs] [Times: user=0.01 sys=0.00, real=0.00 secs] 
2020-10-29T15:50:49.989+0000: [GC (Allocation Failure) 2020-10-29T15:50:49.989+0000: [ParNew: 16388K->4K(18432K), 0.0023777 secs] 425159K->408775K(699720K), 0.0024328 secs] [Times: user=0.01 sys=0.00, real=0.01 secs] 
2020-10-29T15:50:50.006+0000: [GC (Allocation Failure) 2020-10-29T15:50:50.006+0000: [ParNew: 16388K->4K(18432K), 0.0024167 secs] 425159K->408775K(699720K), 0.0024635 secs] [Times: user=0.00 sys=0.00, real=0.00 secs] 
2020-10-29T15:50:50.024+0000: [GC (Allocation Failure) 2020-10-29T15:50:50.024+0000: [ParNew: 16388K->4K(18432K), 0.0026034 secs] 425159K->408775K(699720K), 0.0026564 secs] [Times: user=0.01 sys=0.00, real=0.00 secs] 
2020-10-29T15:50:50.042+0000: [GC (Allocation Failure) 2020-10-29T15:50:50.042+0000: [ParNew: 16388K->4K(18432K), 0.0024709 secs] 425159K->408775K(699720K), 0.0025147 secs] [Times: user=0.00 sys=0.00, real=0.00 secs] 
2020-10-29T15:50:50.060+0000: [GC (Allocation Failure) 2020-10-29T15:50:50.060+0000: [ParNew: 16388K->4K(18432K), 0.0024969 secs] 425159K->408775K(699720K), 0.0025450 secs] [Times: user=0.01 sys=0.00, real=0.01 secs] 
2020-10-29T15:50:50.082+0000: [GC (Allocation Failure) 2020-10-29T15:50:50.082+0000: [ParNew: 16388K->4K(18432K), 0.0024778 secs] 425159K->408775K(699720K), 0.0025263 secs] [Times: user=0.01 sys=0.00, real=0.00 secs] 
2020-10-29T15:50:50.118+0000: [GC (Allocation Failure) 2020-10-29T15:50:50.118+0000: [ParNew: 16388K->4K(18432K), 0.0025385 secs] 425159K->408775K(699720K), 0.0025914 secs] [Times: user=0.01 sys=0.00, real=0.00 secs] 
2020-10-29T15:50:50.150+0000: [GC (Allocation Failure) 2020-10-29T15:50:50.150+0000: [ParNew: 16388K->4K(18432K), 0.0025758 secs] 425159K->408775K(699720K), 0.0026270 secs] [Times: user=0.01 sys=0.00, real=0.01 secs] 
2020-10-29T15:50:50.182+0000: [GC (Allocation Failure) 2020-10-29T15:50:50.182+0000: [ParNew: 16388K->4K(18432K), 0.0026371 secs] 425159K->408775K(699720K), 0.0026921 secs] [Times: user=0.01 sys=0.00, real=0.01 secs] 
2020-10-29T15:50:50.214+0000: [GC (Allocation Failure) 2020-10-29T15:50:50.214+0000: [ParNew: 16388K->4K(18432K), 0.0025904 secs] 425159K->408775K(699720K), 0.0026715 secs] [Times: user=0.01 sys=0.00, real=0.00 secs] 
2020-10-29T15:50:50.247+0000: [GC (Allocation Failure) 2020-10-29T15:50:50.247+0000: [ParNew: 16388K->4K(18432K), 0.0025700 secs] 425159K->408775K(699720K), 0.0026236 secs] [Times: user=0.00 sys=0.00, real=0.00 secs] 
2020-10-29T15:50:50.278+0000: [GC (Allocation Failure) 2020-10-29T15:50:50.279+0000: [ParNew: 16388K->4K(18432K), 0.0025799 secs] 425159K->408776K(699720K), 0.0026324 secs] [Times: user=0.00 sys=0.00, real=0.00 secs] 
2020-10-29T15:50:50.302+0000: [GC (Allocation Failure) 2020-10-29T15:50:50.302+0000: [ParNew: 16388K->4K(18432K), 0.0034265 secs] 425160K->416968K(699720K), 0.0034787 secs] [Times: user=0.01 sys=0.00, real=0.00 secs] 
2020-10-29T15:50:50.335+0000: [GC (Allocation Failure) 2020-10-29T15:50:50.335+0000: [ParNew: 16388K->4K(18432K), 0.0026236 secs] 433352K->416968K(699720K), 0.0026790 secs] [Times: user=0.00 sys=0.00, real=0.00 secs] 
2020-10-29T15:50:50.370+0000: [GC (Allocation Failure) 2020-10-29T15:50:50.370+0000: [ParNew: 16388K->4K(18432K), 0.0025814 secs] 433352K->416968K(699720K), 0.0026355 secs] [Times: user=0.00 sys=0.00, real=0.00 secs] 
2020-10-29T15:50:50.902+0000: [GC (Allocation Failure) 2020-10-29T15:50:50.902+0000: [ParNew: 16388K->4K(18432K), 0.0026490 secs] 433352K->416968K(699720K), 0.0027086 secs] [Times: user=0.01 sys=0.00, real=0.00 secs] 
2020-10-29T15:50:50.993+0000: [GC (Allocation Failure) 2020-10-29T15:50:50.993+0000: [ParNew: 16388K->4K(18432K), 0.0026754 secs] 433352K->416968K(699720K), 0.0027493 secs] [Times: user=0.01 sys=0.00, real=0.00 secs] 
2020-10-29T15:50:51.034+0000: [GC (Allocation Failure) 2020-10-29T15:50:51.034+0000: [ParNew: 16388K->4K(18432K), 0.0026339 secs] 433352K->416968K(699720K), 0.0026915 secs] [Times: user=0.01 sys=0.00, real=0.00 secs] 
2020-10-29T15:50:51.056+0000: [GC (Allocation Failure) 2020-10-29T15:50:51.056+0000: [ParNew: 16388K->4K(18432K), 0.0026457 secs] 433352K->416968K(699720K), 0.0027042 secs] [Times: user=0.01 sys=0.00, real=0.00 secs] 
2020-10-29T15:50:51.074+0000: [GC (Allocation Failure) 2020-10-29T15:50:51.074+0000: [ParNew: 16388K->4K(18432K), 0.0025975 secs] 433352K->416968K(699720K), 0.0026523 secs] [Times: user=0.01 sys=0.00, real=0.00 secs] 
2020-10-29T15:50:51.092+0000: [GC (Allocation Failure) 2020-10-29T15:50:51.092+0000: [ParNew: 16388K->4K(18432K), 0.0025957 secs] 433352K->416968K(699720K), 0.0026494 secs] [Times: user=0.00 sys=0.00, real=0.00 secs] 
2020-10-29T15:50:51.117+0000: [GC (Allocation Failure) 2020-10-29T15:50:51.117+0000: [ParNew: 16388K->4K(18432K), 0.0026152 secs] 433352K->416970K(699720K), 0.0026691 secs] [Times: user=0.01 sys=0.00, real=0.00 secs] 
2020-10-29T15:50:51.138+0000: [GC (Allocation Failure) 2020-10-29T15:50:51.138+0000: [ParNew: 16388K->4K(18432K), 0.0025729 secs] 433354K->416970K(699720K), 0.0026231 secs] [Times: user=0.01 sys=0.00, real=0.00 secs] 
2020-10-29T15:50:51.157+0000: [GC (Allocation Failure) 2020-10-29T15:50:51.157+0000: [ParNew: 16388K->4K(18432K), 0.0025959 secs] 433354K->416970K(699720K), 0.0026411 secs] [Times: user=0.00 sys=0.00, real=0.00 secs] 
2020-10-29T15:50:51.178+0000: [GC (Allocation Failure) 2020-10-29T15:50:51.178+0000: [ParNew: 16388K->4K(18432K), 0.0026171 secs] 433354K->416970K(699720K), 0.0026688 secs] [Times: user=0.00 sys=0.00, real=0.00 secs] 
2020-10-29T15:50:51.198+0000: [GC (Allocation Failure) 2020-10-29T15:50:51.198+0000: [ParNew: 16388K->4K(18432K), 0.0025550 secs] 433354K->416970K(699720K), 0.0026066 secs] [Times: user=0.01 sys=0.00, real=0.00 secs] 
2020-10-29T15:50:51.217+0000: [GC (Allocation Failure) 2020-10-29T15:50:51.217+0000: [ParNew: 16388K->4K(18432K), 0.0025616 secs] 433354K->416970K(699720K), 0.0026152 secs] [Times: user=0.00 sys=0.00, real=0.00 secs] 
2020-10-29T15:50:51.238+0000: [GC (Allocation Failure) 2020-10-29T15:50:51.238+0000: [ParNew: 16388K->4K(18432K), 0.0026161 secs] 433354K->416970K(699720K), 0.0026711 secs] [Times: user=0.00 sys=0.00, real=0.00 secs] 
2020-10-29T15:50:51.262+0000: [GC (Allocation Failure) 2020-10-29T15:50:51.262+0000: [ParNew: 16388K->4K(18432K), 0.0025841 secs] 433354K->416970K(699720K), 0.0026394 secs] [Times: user=0.00 sys=0.00, real=0.00 secs] 
2020-10-29T15:50:51.281+0000: [GC (Allocation Failure) 2020-10-29T15:50:51.281+0000: [ParNew: 16388K->4K(18432K), 0.0024519 secs] 433354K->416970K(699720K), 0.0025012 secs] [Times: user=0.01 sys=0.00, real=0.01 secs] 
2020-10-29T15:50:51.300+0000: [GC (Allocation Failure) 2020-10-29T15:50:51.300+0000: [ParNew: 16388K->4K(18432K), 0.0025401 secs] 433354K->416970K(699720K), 0.0025922 secs] [Times: user=0.00 sys=0.00, real=0.00 secs] 
2020-10-29T15:50:51.318+0000: [GC (Allocation Failure) 2020-10-29T15:50:51.318+0000: [ParNew: 16388K->2K(18432K), 0.0041655 secs] 433354K->416968K(699720K), 0.0042090 secs] [Times: user=0.01 sys=0.00, real=0.01 secs] 
2020-10-29T15:50:51.342+0000: [GC (Allocation Failure) 2020-10-29T15:50:51.342+0000: [ParNew: 16386K->4K(18432K), 0.0025612 secs] 433352K->416970K(699720K), 0.0026105 secs] [Times: user=0.01 sys=0.00, real=0.01 secs] 
2020-10-29T15:50:51.360+0000: [GC (Allocation Failure) 2020-10-29T15:50:51.360+0000: [ParNew: 16388K->4K(18432K), 0.0024969 secs] 433354K->416970K(699720K), 0.0025474 secs] [Times: user=0.00 sys=0.00, real=0.01 secs] 
2020-10-29T15:50:51.382+0000: [GC (Allocation Failure) 2020-10-29T15:50:51.382+0000: [ParNew: 16388K->4K(18432K), 0.0025360 secs] 433354K->416970K(699720K), 0.0025864 secs] [Times: user=0.01 sys=0.00, real=0.01 secs] 
2020-10-29T15:50:51.400+0000: [GC (Allocation Failure) 2020-10-29T15:50:51.400+0000: [ParNew: 16388K->4K(18432K), 0.0025846 secs] 433354K->416970K(699720K), 0.0026395 secs] [Times: user=0.01 sys=0.00, real=0.01 secs] 
2020-10-29T15:50:51.420+0000: [GC (Allocation Failure) 2020-10-29T15:50:51.420+0000: [ParNew: 16388K->4K(18432K), 0.0025604 secs] 433354K->416970K(699720K), 0.0026120 secs] [Times: user=0.00 sys=0.00, real=0.01 secs] 
2020-10-29T15:50:51.439+0000: [GC (Allocation Failure) 2020-10-29T15:50:51.439+0000: [ParNew: 16388K->4K(18432K), 0.0025315 secs] 433354K->416970K(699720K), 0.0025831 secs] [Times: user=0.01 sys=0.00, real=0.00 secs] 
2020-10-29T15:50:51.457+0000: [GC (Allocation Failure) 2020-10-29T15:50:51.457+0000: [ParNew: 16388K->4K(18432K), 0.0024701 secs] 433354K->416970K(699720K), 0.0025293 secs] [Times: user=0.00 sys=0.00, real=0.00 secs] 
2020-10-29T15:50:51.478+0000: [GC (Allocation Failure) 2020-10-29T15:50:51.478+0000: [ParNew: 16388K->4K(18432K), 0.0025087 secs] 433354K->416970K(699720K), 0.0025544 secs] [Times: user=0.00 sys=0.00, real=0.00 secs] 
2020-10-29T15:50:51.498+0000: [GC (Allocation Failure) 2020-10-29T15:50:51.498+0000: [ParNew: 16388K->4K(18432K), 0.0026217 secs] 433354K->416970K(699720K), 0.0026844 secs] [Times: user=0.00 sys=0.00, real=0.00 secs] 
2020-10-29T15:50:51.517+0000: [GC (Allocation Failure) 2020-10-29T15:50:51.517+0000: [ParNew: 16388K->4K(18432K), 0.0024986 secs] 433354K->416970K(699720K), 0.0025481 secs] [Times: user=0.01 sys=0.00, real=0.00 secs] 
2020-10-29T15:50:51.536+0000: [GC (Allocation Failure) 2020-10-29T15:50:51.536+0000: [ParNew: 16388K->4K(18432K), 0.0025388 secs] 433354K->416970K(699720K), 0.0025889 secs] [Times: user=0.00 sys=0.00, real=0.00 secs] 
2020-10-29T15:50:51.558+0000: [GC (Allocation Failure) 2020-10-29T15:50:51.558+0000: [ParNew: 16388K->4K(18432K), 0.0025614 secs] 433354K->416970K(699720K), 0.0026143 secs] [Times: user=0.01 sys=0.00, real=0.00 secs] 
2020-10-29T15:50:51.578+0000: [GC (Allocation Failure) 2020-10-29T15:50:51.578+0000: [ParNew: 16388K->4K(18432K), 0.0024948 secs] 433354K->416970K(699720K), 0.0025456 secs] [Times: user=0.01 sys=0.00, real=0.00 secs] 
2020-10-29T15:50:51.596+0000: [GC (Allocation Failure) 2020-10-29T15:50:51.597+0000: [ParNew: 16388K->4K(18432K), 0.0024442 secs] 433354K->416970K(699720K), 0.0024925 secs] [Times: user=0.00 sys=0.00, real=0.00 secs] 
2020-10-29T15:50:51.618+0000: [GC (Allocation Failure) 2020-10-29T15:50:51.618+0000: [ParNew: 16388K->4K(18432K), 0.0025027 secs] 433354K->416970K(699720K), 0.0025522 secs] [Times: user=0.00 sys=0.00, real=0.00 secs] 
2020-10-29T15:50:51.638+0000: [GC (Allocation Failure) 2020-10-29T15:50:51.638+0000: [ParNew: 16388K->4K(18432K), 0.0024786 secs] 433354K->416970K(699720K), 0.0025281 secs] [Times: user=0.01 sys=0.00, real=0.00 secs] 
2020-10-29T15:50:51.657+0000: [GC (Allocation Failure) 2020-10-29T15:50:51.657+0000: [ParNew: 16388K->4K(18432K), 0.0025089 secs] 433354K->416970K(699720K), 0.0025614 secs] [Times: user=0.01 sys=0.00, real=0.00 secs] 
2020-10-29T15:50:51.676+0000: [GC (Allocation Failure) 2020-10-29T15:50:51.676+0000: [ParNew: 16388K->4K(18432K), 0.0025010 secs] 433354K->416970K(699720K), 0.0025510 secs] [Times: user=0.00 sys=0.00, real=0.00 secs] 
2020-10-29T15:50:51.694+0000: [GC (Allocation Failure) 2020-10-29T15:50:51.694+0000: [ParNew: 16388K->4K(18432K), 0.0026122 secs] 433354K->416970K(699720K), 0.0026899 secs] [Times: user=0.00 sys=0.00, real=0.00 secs] 
2020-10-29T15:50:51.713+0000: [GC (Allocation Failure) 2020-10-29T15:50:51.713+0000: [ParNew: 16388K->4K(18432K), 0.0025232 secs] 433354K->416970K(699720K), 0.0025724 secs] [Times: user=0.00 sys=0.00, real=0.00 secs] 
2020-10-29T15:50:51.732+0000: [GC (Allocation Failure) 2020-10-29T15:50:51.732+0000: [ParNew: 16388K->4K(18432K), 0.0025711 secs] 433354K->416970K(699720K), 0.0026264 secs] [Times: user=0.01 sys=0.00, real=0.00 secs] 
2020-10-29T15:50:51.751+0000: [GC (Allocation Failure) 2020-10-29T15:50:51.751+0000: [ParNew: 16388K->4K(18432K), 0.0025545 secs] 433354K->416970K(699720K), 0.0026060 secs] [Times: user=0.01 sys=0.00, real=0.00 secs] 
2020-10-29T15:50:51.777+0000: [GC (Allocation Failure) 2020-10-29T15:50:51.777+0000: [ParNew: 16388K->4K(18432K), 0.0026130 secs] 433354K->416970K(699720K), 0.0026639 secs] [Times: user=0.01 sys=0.00, real=0.00 secs] 
2020-10-29T15:50:51.800+0000: [GC (Allocation Failure) 2020-10-29T15:50:51.800+0000: [ParNew: 16388K->4K(18432K), 0.0024102 secs] 433354K->416970K(699720K), 0.0024578 secs] [Times: user=0.00 sys=0.00, real=0.00 secs] 
2020-10-29T15:50:52.836+0000: [GC (Allocation Failure) 2020-10-29T15:50:52.836+0000: [ParNew: 16388K->1053K(18432K), 0.0043916 secs] 433354K->418020K(699720K), 0.0044742 secs] [Times: user=0.01 sys=0.00, real=0.00 secs] 
2020-10-29T15:50:52.973+0000: [GC (Allocation Failure) 2020-10-29T15:50:52.973+0000: [ParNew: 17437K->967K(18432K), 0.0054727 secs] 434404K->418452K(699720K), 0.0055392 secs] [Times: user=0.02 sys=0.00, real=0.00 secs] 
2020-10-29T15:50:53.157+0000: [GC (Allocation Failure) 2020-10-29T15:50:53.157+0000: [ParNew: 17351K->1735K(18432K), 0.0045889 secs] 434836K->419219K(699720K), 0.0046465 secs] [Times: user=0.01 sys=0.00, real=0.00 secs] 
2020-10-29T15:50:53.191+0000: [GC (Allocation Failure) 2020-10-29T15:50:53.191+0000: [ParNew: 18119K->1054K(18432K), 0.0054761 secs] 435603K->419865K(699720K), 0.0055521 secs] [Times: user=0.01 sys=0.00, real=0.00 secs] 
2020-10-29T15:50:53.225+0000: [GC (Allocation Failure) 2020-10-29T15:50:53.225+0000: [ParNew: 17438K->840K(18432K), 0.0027664 secs] 436249K->419651K(699720K), 0.0028234 secs] [Times: user=0.01 sys=0.00, real=0.00 secs] 
2020-10-29T15:50:53.250+0000: [GC (Allocation Failure) 2020-10-29T15:50:53.250+0000: [ParNew: 17224K->1138K(18432K), 0.0026018 secs] 436035K->419950K(699720K), 0.0026506 secs] [Times: user=0.00 sys=0.00, real=0.00 secs] 
2020-10-29T15:50:53.278+0000: [GC (Allocation Failure) 2020-10-29T15:50:53.278+0000: [ParNew: 17522K->541K(18432K), 0.0025337 secs] 436334K->419608K(699720K), 0.0025774 secs] [Times: user=0.00 sys=0.00, real=0.00 secs] 
2020-10-29T15:50:53.303+0000: [GC (Allocation Failure) 2020-10-29T15:50:53.303+0000: [ParNew: 16925K->519K(18432K), 0.0024431 secs] 435992K->419587K(699720K), 0.0024894 secs] [Times: user=0.00 sys=0.00, real=0.00 secs] 
2020-10-29T15:50:53.327+0000: [GC (Allocation Failure) 2020-10-29T15:50:53.327+0000: [ParNew: 16903K->1028K(18432K), 0.0025179 secs] 435971K->420095K(699720K), 0.0025612 secs] [Times: user=0.00 sys=0.00, real=0.00 secs] 
2020-10-29T15:50:53.351+0000: [GC (Allocation Failure) 2020-10-29T15:50:53.351+0000: [ParNew: 17412K->516K(18432K), 0.0026152 secs] 436479K->420095K(699720K), 0.0026629 secs] [Times: user=0.01 sys=0.00, real=0.00 secs] 
2020-10-29T15:50:53.375+0000: [GC (Allocation Failure) 2020-10-29T15:50:53.375+0000: [ParNew: 16900K->1028K(18432K), 0.0025819 secs] 436479K->420607K(699720K), 0.0026277 secs] [Times: user=0.01 sys=0.00, real=0.00 secs] 
2020-10-29T15:50:53.400+0000: [GC (Allocation Failure) 2020-10-29T15:50:53.400+0000: [ParNew: 17412K->4K(18432K), 0.0026463 secs] 436991K->420096K(699720K), 0.0026983 secs] [Times: user=0.00 sys=0.00, real=0.01 secs] 
2020-10-29T15:50:53.423+0000: [GC (Allocation Failure) 2020-10-29T15:50:53.423+0000: [ParNew: 16388K->1028K(18432K), 0.0027422 secs] 436480K->422144K(699720K), 0.0027934 secs] [Times: user=0.00 sys=0.00, real=0.00 secs] 
2020-10-29T15:50:53.454+0000: [GC (Allocation Failure) 2020-10-29T15:50:53.454+0000: [ParNew: 17412K->4K(18432K), 0.0025311 secs] 438528K->421120K(699720K), 0.0025849 secs] [Times: user=0.00 sys=0.00, real=0.00 secs] 
2020-10-29T15:50:53.477+0000: [GC (Allocation Failure) 2020-10-29T15:50:53.477+0000: [ParNew: 16388K->4K(18432K), 0.0025760 secs] 437504K->421120K(699720K), 0.0026272 secs] [Times: user=0.01 sys=0.00, real=0.00 secs] 
2020-10-29T15:50:53.497+0000: [GC (Allocation Failure) 2020-10-29T15:50:53.497+0000: [ParNew: 16388K->1028K(18432K), 0.0029417 secs] 437504K->423168K(699720K), 0.0030027 secs] [Times: user=0.01 sys=0.00, real=0.00 secs] 
2020-10-29T15:50:53.518+0000: [GC (Allocation Failure) 2020-10-29T15:50:53.518+0000: [ParNew: 17412K->4K(18432K), 0.0026282 secs] 439552K->422144K(699720K), 0.0026825 secs] [Times: user=0.00 sys=0.00, real=0.00 secs] 
2020-10-29T15:50:53.538+0000: [GC (Allocation Failure) 2020-10-29T15:50:53.538+0000: [ParNew: 16388K->4K(18432K), 0.0026870 secs] 438528K->422144K(699720K), 0.0027448 secs] [Times: user=0.00 sys=0.00, real=0.00 secs] 
2020-10-29T15:50:53.557+0000: [GC (Allocation Failure) 2020-10-29T15:50:53.557+0000: [ParNew: 16388K->4K(18432K), 0.0026075 secs] 438528K->422144K(699720K), 0.0026761 secs] [Times: user=0.01 sys=0.00, real=0.00 secs] 
2020-10-29T15:50:53.578+0000: [GC (Allocation Failure) 2020-10-29T15:50:53.578+0000: [ParNew: 16388K->4K(18432K), 0.0025995 secs] 438528K->422144K(699720K), 0.0026531 secs] [Times: user=0.01 sys=0.00, real=0.00 secs] 
2020-10-29T15:50:53.598+0000: [GC (Allocation Failure) 2020-10-29T15:50:53.598+0000: [ParNew: 16388K->4K(18432K), 0.0025951 secs] 438528K->422144K(699720K), 0.0026471 secs] [Times: user=0.00 sys=0.00, real=0.00 secs] 
2020-10-29T15:50:53.632+0000: [GC (Allocation Failure) 2020-10-29T15:50:53.632+0000: [ParNew: 16388K->4K(18432K), 0.0038821 secs] 438528K->422144K(699720K), 0.0039389 secs] [Times: user=0.01 sys=0.00, real=0.00 secs] 
2020-10-29T15:50:53.663+0000: [GC (Allocation Failure) 2020-10-29T15:50:53.663+0000: [ParNew: 16388K->4K(18432K), 0.0026256 secs] 438528K->422144K(699720K), 0.0026963 secs] [Times: user=0.01 sys=0.00, real=0.00 secs] 
2020-10-29T15:50:53.686+0000: [GC (Allocation Failure) 2020-10-29T15:50:53.686+0000: [ParNew: 16388K->4K(18432K), 0.0030475 secs] 438528K->424192K(699720K), 0.0031226 secs] [Times: user=0.01 sys=0.00, real=0.00 secs] 
2020-10-29T15:50:53.712+0000: [GC (Allocation Failure) 2020-10-29T15:50:53.712+0000: [ParNew: 16388K->4K(18432K), 0.0026834 secs] 440576K->424192K(699720K), 0.0027582 secs] [Times: user=0.01 sys=0.00, real=0.00 secs] 
2020-10-29T15:50:53.736+0000: [GC (Allocation Failure) 2020-10-29T15:50:53.736+0000: [ParNew: 16388K->4K(18432K), 0.0026269 secs] 440576K->424192K(699720K), 0.0027024 secs] [Times: user=0.00 sys=0.00, real=0.00 secs] 
2020-10-29T15:50:53.765+0000: [GC (Allocation Failure) 2020-10-29T15:50:53.765+0000: [ParNew: 16388K->4K(18432K), 0.0026243 secs] 440576K->424192K(699720K), 0.0026985 secs] [Times: user=0.01 sys=0.00, real=0.00 secs] 
2020-10-29T15:50:53.793+0000: [GC (Allocation Failure) 2020-10-29T15:50:53.793+0000: [ParNew: 16388K->4K(18432K), 0.0033562 secs] 440576K->424192K(699720K), 0.0034232 secs] [Times: user=0.01 sys=0.00, real=0.00 secs] 
2020-10-29T15:50:53.816+0000: [GC (Allocation Failure) 2020-10-29T15:50:53.816+0000: [ParNew: 16388K->4K(18432K), 0.0053917 secs] 440576K->424192K(699720K), 0.0054427 secs] [Times: user=0.01 sys=0.00, real=0.00 secs] 
2020-10-29T15:50:53.842+0000: [GC (Allocation Failure) 2020-10-29T15:50:53.842+0000: [ParNew: 16388K->4K(18432K), 0.0028943 secs] 440576K->426240K(699720K), 0.0029649 secs] [Times: user=0.00 sys=0.00, real=0.01 secs] 
2020-10-29T15:50:53.877+0000: [GC (Allocation Failure) 2020-10-29T15:50:53.877+0000: [ParNew: 16388K->4K(18432K), 0.0026226 secs] 442624K->426240K(699720K), 0.0026998 secs] [Times: user=0.00 sys=0.00, real=0.00 secs] 
2020-10-29T15:50:53.916+0000: [GC (Allocation Failure) 2020-10-29T15:50:53.916+0000: [ParNew: 16388K->2K(18432K), 0.0054721 secs] 442624K->426238K(699720K), 0.0055494 secs] [Times: user=0.01 sys=0.00, real=0.00 secs] 
2020-10-29T15:50:53.958+0000: [GC (Allocation Failure) 2020-10-29T15:50:53.958+0000: [ParNew: 16386K->4K(18432K), 0.0057061 secs] 442622K->426240K(699720K), 0.0057802 secs] [Times: user=0.01 sys=0.00, real=0.01 secs] 
2020-10-29T15:50:53.996+0000: [GC (Allocation Failure) 2020-10-29T15:50:53.996+0000: [ParNew: 16388K->4K(18432K), 0.0072482 secs] 442624K->426240K(699720K), 0.0073233 secs] [Times: user=0.01 sys=0.00, real=0.01 secs] 
2020-10-29T15:50:54.045+0000: [GC (Allocation Failure) 2020-10-29T15:50:54.045+0000: [ParNew: 16388K->4K(18432K), 0.0054616 secs] 442624K->426240K(699720K), 0.0055544 secs] [Times: user=0.01 sys=0.00, real=0.01 secs] 
2020-10-29T15:50:54.082+0000: [GC (Allocation Failure) 2020-10-29T15:50:54.082+0000: [ParNew: 16388K->4K(18432K), 0.0026480 secs] 442624K->426240K(699720K), 0.0027053 secs] [Times: user=0.00 sys=0.00, real=0.01 secs] 
2020-10-29T15:50:54.110+0000: [GC (Allocation Failure) 2020-10-29T15:50:54.110+0000: [ParNew: 16388K->4K(18432K), 0.0025867 secs] 442624K->426240K(699720K), 0.0026392 secs] [Times: user=0.00 sys=0.00, real=0.00 secs] 
2020-10-29T15:50:54.129+0000: [GC (Allocation Failure) 2020-10-29T15:50:54.129+0000: [ParNew: 16388K->4K(18432K), 0.0025596 secs] 442624K->426240K(699720K), 0.0026099 secs] [Times: user=0.00 sys=0.00, real=0.01 secs] 
2020-10-29T15:50:54.147+0000: [GC (Allocation Failure) 2020-10-29T15:50:54.147+0000: [ParNew: 16388K->4K(18432K), 0.0025064 secs] 442624K->426240K(699720K), 0.0025532 secs] [Times: user=0.01 sys=0.00, real=0.00 secs] 
2020-10-29T15:50:54.165+0000: [GC (Allocation Failure) 2020-10-29T15:50:54.165+0000: [ParNew: 16388K->4K(18432K), 0.0026082 secs] 442624K->426240K(699720K), 0.0026624 secs] [Times: user=0.00 sys=0.00, real=0.00 secs] 
2020-10-29T15:50:54.186+0000: [GC (Allocation Failure) 2020-10-29T15:50:54.186+0000: [ParNew: 16388K->4K(18432K), 0.0025193 secs] 442624K->426240K(699720K), 0.0025700 secs] [Times: user=0.00 sys=0.00, real=0.00 secs] 
2020-10-29T15:50:54.206+0000: [GC (Allocation Failure) 2020-10-29T15:50:54.206+0000: [ParNew: 16388K->4K(18432K), 0.0025472 secs] 442624K->426240K(699720K), 0.0026014 secs] [Times: user=0.00 sys=0.01, real=0.00 secs] 
2020-10-29T15:50:54.226+0000: [GC (Allocation Failure) 2020-10-29T15:50:54.226+0000: [ParNew: 16388K->4K(18432K), 0.0023202 secs] 442624K->426240K(699720K), 0.0023669 secs] [Times: user=0.01 sys=0.00, real=0.00 secs] 
2020-10-29T15:50:54.246+0000: [GC (Allocation Failure) 2020-10-29T15:50:54.246+0000: [ParNew: 16388K->4K(18432K), 0.0030760 secs] 442624K->430336K(699720K), 0.0031423 secs] [Times: user=0.01 sys=0.00, real=0.00 secs] 
2020-10-29T15:50:54.269+0000: [GC (Allocation Failure) 2020-10-29T15:50:54.269+0000: [ParNew: 16388K->4K(18432K), 0.0024848 secs] 446720K->430336K(699720K), 0.0025325 secs] [Times: user=0.00 sys=0.00, real=0.01 secs] 
2020-10-29T15:50:54.287+0000: [GC (Allocation Failure) 2020-10-29T15:50:54.287+0000: [ParNew: 16388K->4K(18432K), 0.0024883 secs] 446720K->430336K(699720K), 0.0025381 secs] [Times: user=0.00 sys=0.00, real=0.00 secs] 
2020-10-29T15:50:54.305+0000: [GC (Allocation Failure) 2020-10-29T15:50:54.305+0000: [ParNew: 16388K->4K(18432K), 0.0025015 secs] 446720K->430336K(699720K), 0.0025476 secs] [Times: user=0.00 sys=0.00, real=0.00 secs] 
2020-10-29T15:50:54.322+0000: [GC (Allocation Failure) 2020-10-29T15:50:54.322+0000: [ParNew: 16388K->4K(18432K), 0.0023741 secs] 446720K->430336K(699720K), 0.0024151 secs] [Times: user=0.00 sys=0.00, real=0.01 secs] 
2020-10-29T15:50:54.339+0000: [GC (Allocation Failure) 2020-10-29T15:50:54.339+0000: [ParNew: 16388K->4K(18432K), 0.0022738 secs] 446720K->430336K(699720K), 0.0023158 secs] [Times: user=0.01 sys=0.00, real=0.00 secs] 
2020-10-29T15:50:54.356+0000: [GC (Allocation Failure) 2020-10-29T15:50:54.356+0000: [ParNew: 16388K->4K(18432K), 0.0023660 secs] 446720K->430337K(699720K), 0.0024145 secs] [Times: user=0.01 sys=0.00, real=0.00 secs] 
2020-10-29T15:50:54.374+0000: [GC (Allocation Failure) 2020-10-29T15:50:54.374+0000: [ParNew: 16388K->4K(18432K), 0.0025165 secs] 446721K->430337K(699720K), 0.0025820 secs] [Times: user=0.00 sys=0.00, real=0.00 secs] 
2020-10-29T15:50:54.392+0000: [GC (Allocation Failure) 2020-10-29T15:50:54.392+0000: [ParNew: 16388K->4K(18432K), 0.0025294 secs] 446721K->430337K(699720K), 0.0025850 secs] [Times: user=0.01 sys=0.00, real=0.00 secs] 
2020-10-29T15:50:54.409+0000: [GC (Allocation Failure) 2020-10-29T15:50:54.409+0000: [ParNew: 16388K->4K(18432K), 0.0025297 secs] 446721K->430337K(699720K), 0.0025802 secs] [Times: user=0.01 sys=0.00, real=0.01 secs] 
2020-10-29T15:50:54.426+0000: [GC (Allocation Failure) 2020-10-29T15:50:54.426+0000: [ParNew: 16388K->4K(18432K), 0.0024772 secs] 446721K->430337K(699720K), 0.0025340 secs] [Times: user=0.00 sys=0.00, real=0.00 secs] 
2020-10-29T15:50:54.444+0000: [GC (Allocation Failure) 2020-10-29T15:50:54.444+0000: [ParNew: 16388K->4K(18432K), 0.0024757 secs] 446721K->430337K(699720K), 0.0025264 secs] [Times: user=0.00 sys=0.00, real=0.00 secs] 
2020-10-29T15:50:54.461+0000: [GC (Allocation Failure) 2020-10-29T15:50:54.461+0000: [ParNew: 16388K->4K(18432K), 0.0023521 secs] 446721K->430337K(699720K), 0.0023985 secs] [Times: user=0.00 sys=0.00, real=0.01 secs] 
2020-10-29T15:50:54.478+0000: [GC (Allocation Failure) 2020-10-29T15:50:54.478+0000: [ParNew: 16388K->4K(18432K), 0.0023949 secs] 446721K->430337K(699720K), 0.0024437 secs] [Times: user=0.00 sys=0.00, real=0.00 secs] 
2020-10-29T15:50:54.498+0000: [GC (Allocation Failure) 2020-10-29T15:50:54.498+0000: [ParNew: 16388K->4K(18432K), 0.0026051 secs] 446721K->430337K(699720K), 0.0026668 secs] [Times: user=0.01 sys=0.00, real=0.00 secs] 
2020-10-29T15:50:54.518+0000: [GC (Allocation Failure) 2020-10-29T15:50:54.518+0000: [ParNew: 16388K->4K(18432K), 0.0024346 secs] 446721K->430337K(699720K), 0.0024833 secs] [Times: user=0.00 sys=0.00, real=0.00 secs] 
2020-10-29T15:50:54.536+0000: [GC (Allocation Failure) 2020-10-29T15:50:54.536+0000: [ParNew: 16388K->4K(18432K), 0.0024892 secs] 446721K->430337K(699720K), 0.0025588 secs] [Times: user=0.00 sys=0.00, real=0.00 secs] 
2020-10-29T15:50:54.553+0000: [GC (Allocation Failure) 2020-10-29T15:50:54.553+0000: [ParNew: 16388K->4K(18432K), 0.0023838 secs] 446721K->430337K(699720K), 0.0024263 secs] [Times: user=0.01 sys=0.00, real=0.00 secs] 
2020-10-29T15:50:54.574+0000: [GC (Allocation Failure) 2020-10-29T15:50:54.574+0000: [ParNew: 16388K->4K(18432K), 0.0024491 secs] 446721K->430337K(699720K), 0.0024964 secs] [Times: user=0.01 sys=0.00, real=0.00 secs] 
2020-10-29T15:50:54.591+0000: [GC (Allocation Failure) 2020-10-29T15:50:54.591+0000: [ParNew: 16388K->4K(18432K), 0.0024413 secs] 446721K->430337K(699720K), 0.0024891 secs] [Times: user=0.01 sys=0.00, real=0.00 secs] 
2020-10-29T15:50:54.609+0000: [GC (Allocation Failure) 2020-10-29T15:50:54.609+0000: [ParNew: 16388K->4K(18432K), 0.0022242 secs] 446721K->430337K(699720K), 0.0022674 secs] [Times: user=0.00 sys=0.00, real=0.01 secs] 
2020-10-29T15:50:54.626+0000: [GC (Allocation Failure) 2020-10-29T15:50:54.626+0000: [ParNew: 16388K->4K(18432K), 0.0022174 secs] 446721K->430337K(699720K), 0.0022601 secs] [Times: user=0.00 sys=0.00, real=0.00 secs] 
2020-10-29T15:50:54.643+0000: [GC (Allocation Failure) 2020-10-29T15:50:54.643+0000: [ParNew: 16388K->4K(18432K), 0.0021854 secs] 446721K->430337K(699720K), 0.0022282 secs] [Times: user=0.00 sys=0.00, real=0.00 secs] 
2020-10-29T15:50:54.662+0000: [GC (Allocation Failure) 2020-10-29T15:50:54.662+0000: [ParNew: 16388K->4K(18432K), 0.0021917 secs] 446721K->430337K(699720K), 0.0022351 secs] [Times: user=0.01 sys=0.00, real=0.00 secs] 
2020-10-29T15:50:54.682+0000: [GC (Allocation Failure) 2020-10-29T15:50:54.682+0000: [ParNew: 16388K->4K(18432K), 0.0023715 secs] 446721K->430337K(699720K), 0.0024196 secs] [Times: user=0.00 sys=0.00, real=0.00 secs] 
2020-10-29T15:50:54.700+0000: [GC (Allocation Failure) 2020-10-29T15:50:54.700+0000: [ParNew: 16388K->4K(18432K), 0.0025650 secs] 446721K->430337K(699720K), 0.0026247 secs] [Times: user=0.00 sys=0.00, real=0.01 secs] 
2020-10-29T15:50:54.721+0000: [GC (Allocation Failure) 2020-10-29T15:50:54.721+0000: [ParNew: 16388K->4K(18432K), 0.0024286 secs] 446721K->430337K(699720K), 0.0024780 secs] [Times: user=0.00 sys=0.00, real=0.01 secs] 
2020-10-29T15:50:54.739+0000: [GC (Allocation Failure) 2020-10-29T15:50:54.739+0000: [ParNew: 16388K->4K(18432K), 0.0023513 secs] 446721K->430337K(699720K), 0.0023993 secs] [Times: user=0.00 sys=0.00, real=0.00 secs] 
2020-10-29T15:50:54.756+0000: [GC (Allocation Failure) 2020-10-29T15:50:54.756+0000: [ParNew: 16388K->4K(18432K), 0.0024765 secs] 446721K->430337K(699720K), 0.0025256 secs] [Times: user=0.00 sys=0.00, real=0.00 secs] 
2020-10-29T15:50:54.774+0000: [GC (Allocation Failure) 2020-10-29T15:50:54.774+0000: [ParNew: 16388K->4K(18432K), 0.0022826 secs] 446721K->430337K(699720K), 0.0023277 secs] [Times: user=0.00 sys=0.00, real=0.00 secs] 
2020-10-29T15:50:54.791+0000: [GC (Allocation Failure) 2020-10-29T15:50:54.791+0000: [ParNew: 16388K->4K(18432K), 0.0022162 secs] 446721K->430337K(699720K), 0.0022618 secs] [Times: user=0.01 sys=0.00, real=0.00 secs] 
2020-10-29T15:50:54.808+0000: [GC (Allocation Failure) 2020-10-29T15:50:54.808+0000: [ParNew: 16388K->4K(18432K), 0.0022233 secs] 446721K->430337K(699720K), 0.0022641 secs] [Times: user=0.00 sys=0.00, real=0.01 secs] 
2020-10-29T15:50:54.825+0000: [GC (Allocation Failure) 2020-10-29T15:50:54.825+0000: [ParNew: 16388K->4K(18432K), 0.0022715 secs] 446721K->430337K(699720K), 0.0023127 secs] [Times: user=0.01 sys=0.00, real=0.00 secs] 
2020-10-29T15:50:54.842+0000: [GC (Allocation Failure) 2020-10-29T15:50:54.842+0000: [ParNew: 16388K->4K(18432K), 0.0021468 secs] 446721K->430337K(699720K), 0.0021898 secs] [Times: user=0.00 sys=0.00, real=0.00 secs] 
2020-10-29T15:50:54.862+0000: [GC (Allocation Failure) 2020-10-29T15:50:54.862+0000: [ParNew: 16388K->4K(18432K), 0.0021247 secs] 446721K->430337K(699720K), 0.0021663 secs] [Times: user=0.01 sys=0.00, real=0.00 secs] 
2020-10-29T15:50:54.879+0000: [GC (Allocation Failure) 2020-10-29T15:50:54.879+0000: [ParNew: 16388K->4K(18432K), 0.0022221 secs] 446721K->430337K(699720K), 0.0022655 secs] [Times: user=0.00 sys=0.00, real=0.00 secs] 
2020-10-29T15:50:54.896+0000: [GC (Allocation Failure) 2020-10-29T15:50:54.897+0000: [ParNew: 16388K->4K(18432K), 0.0023404 secs] 446721K->430337K(699720K), 0.0023873 secs] [Times: user=0.00 sys=0.00, real=0.00 secs] 
2020-10-29T15:50:54.914+0000: [GC (Allocation Failure) 2020-10-29T15:50:54.914+0000: [ParNew: 16388K->4K(18432K), 0.0023289 secs] 446721K->430337K(699720K), 0.0023715 secs] [Times: user=0.00 sys=0.00, real=0.00 secs] 
2020-10-29T15:50:54.934+0000: [GC (Allocation Failure) 2020-10-29T15:50:54.934+0000: [ParNew: 16388K->4K(18432K), 0.0021458 secs] 446721K->430337K(699720K), 0.0021882 secs] [Times: user=0.01 sys=0.00, real=0.00 secs] 
2020-10-29T15:50:54.951+0000: [GC (Allocation Failure) 2020-10-29T15:50:54.951+0000: [ParNew: 16388K->4K(18432K), 0.0023605 secs] 446721K->430337K(699720K), 0.0024066 secs] [Times: user=0.01 sys=0.00, real=0.00 secs] 
2020-10-29T15:50:54.969+0000: [GC (Allocation Failure) 2020-10-29T15:50:54.969+0000: [ParNew: 16388K->4K(18432K), 0.0024256 secs] 446721K->430337K(699720K), 0.0024761 secs] [Times: user=0.01 sys=0.00, real=0.01 secs] 
2020-10-29T15:50:54.986+0000: [GC (Allocation Failure) 2020-10-29T15:50:54.986+0000: [ParNew: 16388K->4K(18432K), 0.0023387 secs] 446721K->430337K(699720K), 0.0023838 secs] [Times: user=0.01 sys=0.00, real=0.00 secs] 
2020-10-29T15:50:55.006+0000: [GC (Allocation Failure) 2020-10-29T15:50:55.006+0000: [ParNew: 16388K->4K(18432K), 0.0022736 secs] 446721K->430337K(699720K), 0.0023195 secs] [Times: user=0.01 sys=0.00, real=0.00 secs] 
2020-10-29T15:50:55.024+0000: [GC (Allocation Failure) 2020-10-29T15:50:55.024+0000: [ParNew: 16388K->4K(18432K), 0.0022285 secs] 446721K->430337K(699720K), 0.0022740 secs] [Times: user=0.01 sys=0.00, real=0.00 secs] 
2020-10-29T15:50:55.041+0000: [GC (Allocation Failure) 2020-10-29T15:50:55.041+0000: [ParNew: 16388K->4K(18432K), 0.0024541 secs] 446721K->430337K(699720K), 0.0025026 secs] [Times: user=0.00 sys=0.00, real=0.01 secs] 
2020-10-29T15:50:55.058+0000: [GC (Allocation Failure) 2020-10-29T15:50:55.058+0000: [ParNew: 16388K->4K(18432K), 0.0024358 secs] 446721K->430337K(699720K), 0.0024794 secs] [Times: user=0.00 sys=0.00, real=0.00 secs] 
2020-10-29T15:50:55.075+0000: [GC (Allocation Failure) 2020-10-29T15:50:55.075+0000: [ParNew: 16388K->4K(18432K), 0.0022821 secs] 446721K->430337K(699720K), 0.0023234 secs] [Times: user=0.01 sys=0.00, real=0.00 secs] 
2020-10-29T15:50:55.092+0000: [GC (Allocation Failure) 2020-10-29T15:50:55.092+0000: [ParNew: 16388K->4K(18432K), 0.0023913 secs] 446721K->430337K(699720K), 0.0024391 secs] [Times: user=0.00 sys=0.00, real=0.00 secs] 
2020-10-29T15:50:55.110+0000: [GC (Allocation Failure) 2020-10-29T15:50:55.110+0000: [ParNew: 16388K->4K(18432K), 0.0023422 secs] 446721K->430337K(699720K), 0.0023886 secs] [Times: user=0.01 sys=0.00, real=0.00 secs] 
2020-10-29T15:50:55.130+0000: [GC (Allocation Failure) 2020-10-29T15:50:55.130+0000: [ParNew: 16388K->4K(18432K), 0.0024279 secs] 446721K->430337K(699720K), 0.0024766 secs] [Times: user=0.01 sys=0.00, real=0.00 secs] 
2020-10-29T15:50:55.148+0000: [GC (Allocation Failure) 2020-10-29T15:50:55.148+0000: [ParNew: 16388K->4K(18432K), 0.0022646 secs] 446721K->430337K(699720K), 0.0023117 secs] [Times: user=0.00 sys=0.00, real=0.00 secs] 
2020-10-29T15:50:55.165+0000: [GC (Allocation Failure) 2020-10-29T15:50:55.165+0000: [ParNew: 16388K->4K(18432K), 0.0022274 secs] 446721K->430337K(699720K), 0.0022703 secs] [Times: user=0.00 sys=0.00, real=0.00 secs] 
2020-10-29T15:50:55.186+0000: [GC (Allocation Failure) 2020-10-29T15:50:55.186+0000: [ParNew: 16388K->4K(18432K), 0.0022614 secs] 446721K->430337K(699720K), 0.0023133 secs] [Times: user=0.00 sys=0.00, real=0.00 secs] 
2020-10-29T15:50:55.203+0000: [GC (Allocation Failure) 2020-10-29T15:50:55.203+0000: [ParNew: 16388K->4K(18432K), 0.0023252 secs] 446721K->430337K(699720K), 0.0023710 secs] [Times: user=0.01 sys=0.00, real=0.00 secs] 
2020-10-29T15:50:55.220+0000: [GC (Allocation Failure) 2020-10-29T15:50:55.220+0000: [ParNew: 16388K->4K(18432K), 0.0024123 secs] 446721K->430337K(699720K), 0.0024586 secs] [Times: user=0.01 sys=0.00, real=0.01 secs] 
2020-10-29T15:50:55.242+0000: [GC (Allocation Failure) 2020-10-29T15:50:55.242+0000: [ParNew: 16388K->4K(18432K), 0.0026378 secs] 446721K->430337K(699720K), 0.0026948 secs] [Times: user=0.00 sys=0.00, real=0.01 secs] 
2020-10-29T15:50:55.260+0000: [GC (Allocation Failure) 2020-10-29T15:50:55.260+0000: [ParNew: 16388K->4K(18432K), 0.0025170 secs] 446721K->430337K(699720K), 0.0025682 secs] [Times: user=0.01 sys=0.00, real=0.01 secs] 
2020-10-29T15:50:55.278+0000: [GC (Allocation Failure) 2020-10-29T15:50:55.278+0000: [ParNew: 16388K->4K(18432K), 0.0024564 secs] 446721K->430337K(699720K), 0.0025027 secs] [Times: user=0.01 sys=0.00, real=0.00 secs] 
2020-10-29T15:50:55.298+0000: [GC (Allocation Failure) 2020-10-29T15:50:55.298+0000: [ParNew: 16388K->4K(18432K), 0.0024497 secs] 446721K->430337K(699720K), 0.0024953 secs] [Times: user=0.00 sys=0.00, real=0.00 secs] 
2020-10-29T15:50:55.318+0000: [GC (Allocation Failure) 2020-10-29T15:50:55.318+0000: [ParNew: 16388K->4K(18432K), 0.0024764 secs] 446721K->430337K(699720K), 0.0025217 secs] [Times: user=0.00 sys=0.00, real=0.00 secs] 
2020-10-29T15:50:55.338+0000: [GC (Allocation Failure) 2020-10-29T15:50:55.338+0000: [ParNew: 16388K->4K(18432K), 0.0025868 secs] 446721K->430337K(699720K), 0.0026381 secs] [Times: user=0.00 sys=0.00, real=0.00 secs] 
2020-10-29T15:50:55.356+0000: [GC (Allocation Failure) 2020-10-29T15:50:55.356+0000: [ParNew: 16388K->4K(18432K), 0.0025701 secs] 446721K->430337K(699720K), 0.0026169 secs] [Times: user=0.01 sys=0.00, real=0.00 secs] 
2020-10-29T15:50:55.374+0000: [GC (Allocation Failure) 2020-10-29T15:50:55.374+0000: [ParNew: 16388K->4K(18432K), 0.0024773 secs] 446721K->430337K(699720K), 0.0025253 secs] [Times: user=0.01 sys=0.00, real=0.00 secs] 
2020-10-29T15:50:55.392+0000: [GC (Allocation Failure) 2020-10-29T15:50:55.392+0000: [ParNew: 16388K->4K(18432K), 0.0025383 secs] 446721K->430337K(699720K), 0.0025873 secs] [Times: user=0.01 sys=0.00, real=0.00 secs] 
2020-10-29T15:50:55.409+0000: [GC (Allocation Failure) 2020-10-29T15:50:55.409+0000: [ParNew: 16388K->4K(18432K), 0.0025071 secs] 446721K->430337K(699720K), 0.0025546 secs] [Times: user=0.00 sys=0.00, real=0.01 secs] 
2020-10-29T15:50:55.426+0000: [GC (Allocation Failure) 2020-10-29T15:50:55.427+0000: [ParNew: 16388K->4K(18432K), 0.0024829 secs] 446721K->430337K(699720K), 0.0025310 secs] [Times: user=0.01 sys=0.00, real=0.00 secs] 
2020-10-29T15:50:55.444+0000: [GC (Allocation Failure) 2020-10-29T15:50:55.444+0000: [ParNew: 16388K->4K(18432K), 0.0024840 secs] 446721K->430337K(699720K), 0.0025304 secs] [Times: user=0.00 sys=0.00, real=0.00 secs] 
2020-10-29T15:50:55.461+0000: [GC (Allocation Failure) 2020-10-29T15:50:55.461+0000: [ParNew: 16388K->4K(18432K), 0.0023991 secs] 446721K->430337K(699720K), 0.0024409 secs] [Times: user=0.01 sys=0.00, real=0.01 secs] 
2020-10-29T15:50:55.478+0000: [GC (Allocation Failure) 2020-10-29T15:50:55.478+0000: [ParNew: 16388K->4K(18432K), 0.0022741 secs] 446721K->430337K(699720K), 0.0023161 secs] [Times: user=0.01 sys=0.00, real=0.00 secs] 
2020-10-29T15:50:55.498+0000: [GC (Allocation Failure) 2020-10-29T15:50:55.498+0000: [ParNew: 16388K->4K(18432K), 0.0023105 secs] 446721K->430337K(699720K), 0.0023523 secs] [Times: user=0.01 sys=0.00, real=0.00 secs] 
2020-10-29T15:50:55.518+0000: [GC (Allocation Failure) 2020-10-29T15:50:55.518+0000: [ParNew: 16388K->4K(18432K), 0.0024082 secs] 446721K->430337K(699720K), 0.0024547 secs] [Times: user=0.00 sys=0.00, real=0.00 secs] 
2020-10-29T15:50:55.536+0000: [GC (Allocation Failure) 2020-10-29T15:50:55.536+0000: [ParNew: 16388K->4K(18432K), 0.0025708 secs] 446721K->430337K(699720K), 0.0026235 secs] [Times: user=0.00 sys=0.00, real=0.00 secs] 
2020-10-29T15:50:55.553+0000: [GC (Allocation Failure) 2020-10-29T15:50:55.553+0000: [ParNew: 16388K->4K(18432K), 0.0025163 secs] 446721K->430337K(699720K), 0.0025652 secs] [Times: user=0.01 sys=0.00, real=0.00 secs] 
2020-10-29T15:50:55.571+0000: [GC (Allocation Failure) 2020-10-29T15:50:55.571+0000: [ParNew: 16388K->4K(18432K), 0.0025388 secs] 446721K->430337K(699720K), 0.0025876 secs] [Times: user=0.00 sys=0.00, real=0.00 secs] 
2020-10-29T15:50:55.588+0000: [GC (Allocation Failure) 2020-10-29T15:50:55.588+0000: [ParNew: 16388K->4K(18432K), 0.0024404 secs] 446721K->430337K(699720K), 0.0024858 secs] [Times: user=0.00 sys=0.00, real=0.01 secs] 
2020-10-29T15:50:55.605+0000: [GC (Allocation Failure) 2020-10-29T15:50:55.605+0000: [ParNew: 16388K->4K(18432K), 0.0023124 secs] 446721K->430337K(699720K), 0.0023542 secs] [Times: user=0.01 sys=0.00, real=0.00 secs] 
2020-10-29T15:50:55.626+0000: [GC (Allocation Failure) 2020-10-29T15:50:55.626+0000: [ParNew: 16388K->4K(18432K), 0.0022993 secs] 446721K->430337K(699720K), 0.0023409 secs] [Times: user=0.00 sys=0.00, real=0.00 secs] 
2020-10-29T15:50:55.646+0000: [GC (Allocation Failure) 2020-10-29T15:50:55.646+0000: [ParNew: 16388K->4K(18432K), 0.0022742 secs] 446721K->430337K(699720K), 0.0023152 secs] [Times: user=0.01 sys=0.00, real=0.00 secs] 
2020-10-29T15:50:55.666+0000: [GC (Allocation Failure) 2020-10-29T15:50:55.666+0000: [ParNew: 16388K->4K(18432K), 0.0022875 secs] 446721K->430337K(699720K), 0.0023295 secs] [Times: user=0.00 sys=0.00, real=0.00 secs] 
2020-10-29T15:50:55.686+0000: [GC (Allocation Failure) 2020-10-29T15:50:55.686+0000: [ParNew: 16355K->4K(18432K), 0.0022591 secs] 446689K->430337K(699720K), 0.0023006 secs] [Times: user=0.01 sys=0.00, real=0.00 secs] 
2020-10-29T15:50:55.704+0000: [GC (Allocation Failure) 2020-10-29T15:50:55.704+0000: [ParNew: 16388K->4K(18432K), 0.0023939 secs] 446721K->430337K(699720K), 0.0024358 secs] [Times: user=0.00 sys=0.00, real=0.00 secs] 
2020-10-29T15:50:55.721+0000: [GC (Allocation Failure) 2020-10-29T15:50:55.721+0000: [ParNew: 16388K->4K(18432K), 0.0023034 secs] 446721K->430337K(699720K), 0.0023466 secs] [Times: user=0.01 sys=0.00, real=0.01 secs] 
2020-10-29T15:50:55.739+0000: [GC (Allocation Failure) 2020-10-29T15:50:55.739+0000: [ParNew: 16388K->4K(18432K), 0.0022464 secs] 446721K->430337K(699720K), 0.0022879 secs] [Times: user=0.01 sys=0.00, real=0.00 secs] 
2020-10-29T15:50:55.756+0000: [GC (Allocation Failure) 2020-10-29T15:50:55.756+0000: [ParNew: 16388K->4K(18432K), 0.0022683 secs] 446721K->430337K(699720K), 0.0023094 secs] [Times: user=0.00 sys=0.00, real=0.00 secs] 
2020-10-29T15:50:55.774+0000: [GC (Allocation Failure) 2020-10-29T15:50:55.774+0000: [ParNew: 16388K->4K(18432K), 0.0024672 secs] 446721K->430337K(699720K), 0.0025161 secs] [Times: user=0.01 sys=0.00, real=0.00 secs] 
2020-10-29T15:50:55.796+0000: [GC (Allocation Failure) 2020-10-29T15:50:55.796+0000: [ParNew: 16388K->4K(18432K), 0.0038434 secs] 446721K->430337K(699720K), 0.0039094 secs] [Times: user=0.01 sys=0.00, real=0.00 secs] 
2020-10-29T15:50:55.818+0000: [GC (Allocation Failure) 2020-10-29T15:50:55.818+0000: [ParNew: 16388K->4K(18432K), 0.0023833 secs] 446721K->430337K(699720K), 0.0024280 secs] [Times: user=0.00 sys=0.00, real=0.00 secs] 
2020-10-29T15:50:55.836+0000: [GC (Allocation Failure) 2020-10-29T15:50:55.836+0000: [ParNew: 16388K->4K(18432K), 0.0023196 secs] 446721K->430337K(699720K), 0.0023616 secs] [Times: user=0.01 sys=0.00, real=0.00 secs] 
2020-10-29T15:50:55.854+0000: [GC (Allocation Failure) 2020-10-29T15:50:55.854+0000: [ParNew: 16388K->4K(18432K), 0.0023799 secs] 446721K->430337K(699720K), 0.0024267 secs] [Times: user=0.01 sys=0.00, real=0.00 secs] 
2020-10-29T15:50:55.872+0000: [GC (Allocation Failure) 2020-10-29T15:50:55.872+0000: [ParNew: 16388K->4K(18432K), 0.0023690 secs] 446721K->430337K(699720K), 0.0024127 secs] [Times: user=0.01 sys=0.00, real=0.00 secs] 
2020-10-29T15:50:55.889+0000: [GC (Allocation Failure) 2020-10-29T15:50:55.889+0000: [ParNew: 16388K->4K(18432K), 0.0023057 secs] 446721K->430337K(699720K), 0.0023483 secs] [Times: user=0.01 sys=0.00, real=0.01 secs] 
2020-10-29T15:50:55.910+0000: [GC (Allocation Failure) 2020-10-29T15:50:55.910+0000: [ParNew: 16388K->4K(18432K), 0.0022562 secs] 446721K->430337K(699720K), 0.0022976 secs] [Times: user=0.00 sys=0.00, real=0.01 secs] 
2020-10-29T15:50:55.927+0000: [GC (Allocation Failure) 2020-10-29T15:50:55.927+0000: [ParNew: 16388K->4K(18432K), 0.0022465 secs] 446721K->430337K(699720K), 0.0022886 secs] [Times: user=0.01 sys=0.00, real=0.00 secs] 
2020-10-29T15:50:55.944+0000: [GC (Allocation Failure) 2020-10-29T15:50:55.944+0000: [ParNew: 16388K->4K(18432K), 0.0023001 secs] 446721K->430337K(699720K), 0.0023434 secs] [Times: user=0.00 sys=0.00, real=0.00 secs] 
2020-10-29T15:50:55.966+0000: [GC (Allocation Failure) 2020-10-29T15:50:55.966+0000: [ParNew: 16388K->4K(18432K), 0.0022933 secs] 446721K->430337K(699720K), 0.0023362 secs] [Times: user=0.01 sys=0.00, real=0.00 secs] 
2020-10-29T15:50:55.986+0000: [GC (Allocation Failure) 2020-10-29T15:50:55.986+0000: [ParNew: 16388K->4K(18432K), 0.0023244 secs] 446721K->430337K(699720K), 0.0023670 secs] [Times: user=0.01 sys=0.00, real=0.00 secs] 
2020-10-29T15:50:56.003+0000: [GC (Allocation Failure) 2020-10-29T15:50:56.003+0000: [ParNew: 16388K->4K(18432K), 0.0022795 secs] 446721K->430337K(699720K), 0.0023214 secs] [Times: user=0.00 sys=0.00, real=0.00 secs] 
2020-10-29T15:50:56.022+0000: [GC (Allocation Failure) 2020-10-29T15:50:56.022+0000: [ParNew: 16388K->4K(18432K), 0.0022814 secs] 446721K->430337K(699720K), 0.0023226 secs] [Times: user=0.01 sys=0.00, real=0.00 secs] 
2020-10-29T15:50:56.042+0000: [GC (Allocation Failure) 2020-10-29T15:50:56.042+0000: [ParNew: 16388K->4K(18432K), 0.0023253 secs] 446721K->430337K(699720K), 0.0023691 secs] [Times: user=0.00 sys=0.00, real=0.00 secs] 
2020-10-29T15:50:56.059+0000: [GC (Allocation Failure) 2020-10-29T15:50:56.059+0000: [ParNew: 16388K->4K(18432K), 0.0023438 secs] 446721K->430337K(699720K), 0.0023882 secs] [Times: user=0.00 sys=0.00, real=0.00 secs] 
2020-10-29T15:50:56.077+0000: [GC (Allocation Failure) 2020-10-29T15:50:56.077+0000: [ParNew: 16388K->4K(18432K), 0.0023559 secs] 446721K->430337K(699720K), 0.0023976 secs] [Times: user=0.01 sys=0.00, real=0.00 secs] 
2020-10-29T15:50:56.098+0000: [GC (Allocation Failure) 2020-10-29T15:50:56.098+0000: [ParNew: 16388K->4K(18432K), 0.0024849 secs] 446721K->430337K(699720K), 0.0025385 secs] [Times: user=0.00 sys=0.00, real=0.00 secs] 
2020-10-29T15:50:56.116+0000: [GC (Allocation Failure) 2020-10-29T15:50:56.116+0000: [ParNew: 16386K->4K(18432K), 0.0025090 secs] 446720K->430337K(699720K), 0.0025589 secs] [Times: user=0.00 sys=0.00, real=0.00 secs] 
2020-10-29T15:50:56.133+0000: [GC (Allocation Failure) 2020-10-29T15:50:56.133+0000: [ParNew: 16388K->4K(18432K), 0.0025507 secs] 446721K->430337K(699720K), 0.0026095 secs] [Times: user=0.01 sys=0.00, real=0.00 secs] 
2020-10-29T15:50:56.153+0000: [GC (Allocation Failure) 2020-10-29T15:50:56.153+0000: [ParNew: 16388K->4K(18432K), 0.0026294 secs] 446721K->430337K(699720K), 0.0026844 secs] [Times: user=0.00 sys=0.00, real=0.00 secs] 
2020-10-29T15:50:56.172+0000: [GC (Allocation Failure) 2020-10-29T15:50:56.172+0000: [ParNew: 16388K->4K(18432K), 0.0025792 secs] 446721K->430337K(699720K), 0.0026259 secs] [Times: user=0.01 sys=0.00, real=0.00 secs] 
2020-10-29T15:50:56.190+0000: [GC (Allocation Failure) 2020-10-29T15:50:56.190+0000: [ParNew: 16388K->4K(18432K), 0.0024559 secs] 446721K->430337K(699720K), 0.0025028 secs] [Times: user=0.00 sys=0.00, real=0.00 secs] 
2020-10-29T15:50:56.208+0000: [GC (Allocation Failure) 2020-10-29T15:50:56.208+0000: [ParNew: 16388K->4K(18432K), 0.0026080 secs] 446721K->430338K(699720K), 0.0026589 secs] [Times: user=0.01 sys=0.00, real=0.01 secs] 
2020-10-29T15:50:56.226+0000: [GC (Allocation Failure) 2020-10-29T15:50:56.226+0000: [ParNew: 16388K->4K(18432K), 0.0025512 secs] 446722K->430338K(699720K), 0.0026179 secs] [Times: user=0.00 sys=0.00, real=0.00 secs] 
2020-10-29T15:50:56.244+0000: [GC (Allocation Failure) 2020-10-29T15:50:56.244+0000: [ParNew: 16388K->4K(18432K), 0.0025851 secs] 446722K->430338K(699720K), 0.0026310 secs] [Times: user=0.01 sys=0.00, real=0.00 secs] 
2020-10-29T15:50:56.262+0000: [GC (Allocation Failure) 2020-10-29T15:50:56.262+0000: [ParNew: 16388K->4K(18432K), 0.0023918 secs] 446722K->430338K(699720K), 0.0024352 secs] [Times: user=0.00 sys=0.00, real=0.01 secs] 
2020-10-29T15:50:56.279+0000: [GC (Allocation Failure) 2020-10-29T15:50:56.279+0000: [ParNew: 16388K->4K(18432K), 0.0023315 secs] 446722K->430338K(699720K), 0.0023744 secs] [Times: user=0.00 sys=0.00, real=0.00 secs] 
2020-10-29T15:50:56.296+0000: [GC (Allocation Failure) 2020-10-29T15:50:56.296+0000: [ParNew: 16388K->4K(18432K), 0.0022981 secs] 446722K->430338K(699720K), 0.0023402 secs] [Times: user=0.01 sys=0.00, real=0.00 secs] 
2020-10-29T15:50:56.320+0000: [GC (Allocation Failure) 2020-10-29T15:50:56.320+0000: [ParNew: 16388K->4K(18432K), 0.0026516 secs] 463106K->446722K(699720K), 0.0027076 secs] [Times: user=0.00 sys=0.01, real=0.01 secs] 
2020-10-29T15:50:56.322+0000: [GC (CMS Initial Mark) [1 CMS-initial-mark: 446718K(681288K)] 446891K(699720K), 0.0012064 secs] [Times: user=0.00 sys=0.00, real=0.00 secs] 
2020-10-29T15:50:56.324+0000: [CMS-concurrent-mark-start]
2020-10-29T15:50:56.354+0000: [GC (Allocation Failure) 2020-10-29T15:50:56.354+0000: [ParNew: 16388K->4K(18432K), 0.0024410 secs] 463106K->446722K(699720K), 0.0024956 secs] [Times: user=0.00 sys=0.00, real=0.00 secs] 
2020-10-29T15:50:56.379+0000: [CMS-concurrent-mark: 0.052/0.056 secs] [Times: user=0.11 sys=0.00, real=0.05 secs] 
2020-10-29T15:50:56.380+0000: [GC (Allocation Failure) 2020-10-29T15:50:56.380+0000: [ParNew: 16388K->4K(18432K), 0.0025455 secs] 463106K->446722K(699720K), 0.0025867 secs] [Times: user=0.00 sys=0.00, real=0.00 secs] 
2020-10-29T15:50:56.382+0000: [CMS-concurrent-preclean-start]
2020-10-29T15:50:56.397+0000: [CMS-concurrent-preclean: 0.002/0.002 secs] [Times: user=0.02 sys=0.01, real=0.01 secs] 
2020-10-29T15:50:56.397+0000: [CMS-concurrent-abortable-preclean-start]
2020-10-29T15:50:56.399+0000: [GC (Allocation Failure) 2020-10-29T15:50:56.399+0000: [ParNew: 16388K->4K(18432K), 0.0021027 secs] 463106K->446722K(699720K), 0.0021436 secs] [Times: user=0.00 sys=0.00, real=0.00 secs] 
2020-10-29T15:50:56.401+0000: [CMS-concurrent-abortable-preclean: 0.002/0.004 secs] [Times: user=0.01 sys=0.00, real=0.00 secs] 
2020-10-29T15:50:56.401+0000: [GC (CMS Final Remark) [YG occupancy: 172 K (18432 K)]2020-10-29T15:50:56.401+0000: [Rescan (parallel) , 0.0014631 secs]2020-10-29T15:50:56.403+0000: [weak refs processing, 0.0000554 secs]2020-10-29T15:50:56.403+0000: [class unloading, 0.0083315 secs]2020-10-29T15:50:56.411+0000: [scrub symbol table, 0.0092685 secs]2020-10-29T15:50:56.420+0000: [scrub string table, 0.0005668 secs][1 CMS-remark: 446718K(681288K)] 446890K(699720K), 0.0197825 secs] [Times: user=0.02 sys=0.00, real=0.02 secs] 
2020-10-29T15:50:56.422+0000: [CMS-concurrent-sweep-start]
2020-10-29T15:50:56.441+0000: [GC (Allocation Failure) 2020-10-29T15:50:56.441+0000: [ParNew: 16388K->4K(18432K), 0.0026540 secs] 462729K->446345K(699720K), 0.0027089 secs] [Times: user=0.01 sys=0.00, real=0.01 secs] 
2020-10-29T15:50:56.445+0000: [CMS-concurrent-sweep: 0.020/0.023 secs] [Times: user=0.04 sys=0.00, real=0.02 secs] 
2020-10-29T15:50:56.445+0000: [CMS-concurrent-reset-start]
2020-10-29T15:50:56.447+0000: [CMS-concurrent-reset: 0.002/0.002 secs] [Times: user=0.00 sys=0.00, real=0.00 secs] 
2020-10-29T15:50:56.462+0000: [GC (Allocation Failure) 2020-10-29T15:50:56.462+0000: [ParNew: 16388K->4K(18432K), 0.0026552 secs] 221134K->204750K(699720K), 0.0027024 secs] [Times: user=0.01 sys=0.00, real=0.00 secs] 
2020-10-29T15:50:56.476+0000: [GC (Allocation Failure) 2020-10-29T15:50:56.476+0000: [ParNew: 11503K->4K(18432K), 0.0021934 secs] 216250K->204750K(699720K), 0.0022374 secs] [Times: user=0.00 sys=0.00, real=0.00 secs] 
2020-10-29T15:50:56.486+0000: [GC (Allocation Failure) 2020-10-29T15:50:56.487+0000: [ParNew: 16388K->4K(18432K), 0.0031373 secs] 221134K->212942K(699720K), 0.0031800 secs] [Times: user=0.01 sys=0.00, real=0.00 secs] 
2020-10-29T15:50:56.505+0000: [GC (Allocation Failure) 2020-10-29T15:50:56.505+0000: [ParNew: 16388K->4K(18432K), 0.0024488 secs] 229326K->212942K(699720K), 0.0024962 secs] [Times: user=0.00 sys=0.00, real=0.00 secs] 
2020-10-29T15:50:56.526+0000: [GC (Allocation Failure) 2020-10-29T15:50:56.526+0000: [ParNew: 16388K->4K(18432K), 0.0024803 secs] 229326K->212942K(699720K), 0.0025297 secs] [Times: user=0.01 sys=0.00, real=0.00 secs] 
2020-10-29T15:50:56.543+0000: [GC (Allocation Failure) 2020-10-29T15:50:56.543+0000: [ParNew: 16388K->4K(18432K), 0.0025573 secs] 229326K->212942K(699720K), 0.0026089 secs] [Times: user=0.00 sys=0.00, real=0.00 secs] 
2020-10-29T15:50:56.562+0000: [GC (Allocation Failure) 2020-10-29T15:50:56.562+0000: [ParNew: 16388K->4K(18432K), 0.0025302 secs] 229326K->212942K(699720K), 0.0025792 secs] [Times: user=0.01 sys=0.00, real=0.00 secs] 
2020-10-29T15:50:56.580+0000: [GC (Allocation Failure) 2020-10-29T15:50:56.580+0000: [ParNew: 16388K->4K(18432K), 0.0025691 secs] 229326K->212942K(699720K), 0.0026211 secs] [Times: user=0.00 sys=0.00, real=0.01 secs] 
2020-10-29T15:50:56.598+0000: [GC (Allocation Failure) 2020-10-29T15:50:56.598+0000: [ParNew: 16388K->4K(18432K), 0.0025597 secs] 229326K->212942K(699720K), 0.0026092 secs] [Times: user=0.00 sys=0.00, real=0.00 secs] 
2020-10-29T15:50:56.618+0000: [GC (Allocation Failure) 2020-10-29T15:50:56.618+0000: [ParNew: 16388K->4K(18432K), 0.0025116 secs] 229326K->212942K(699720K), 0.0025626 secs] [Times: user=0.01 sys=0.00, real=0.00 secs] 
2020-10-29T15:50:56.636+0000: [GC (Allocation Failure) 2020-10-29T15:50:56.636+0000: [ParNew: 16388K->4K(18432K), 0.0026049 secs] 229326K->212942K(699720K), 0.0026566 secs] [Times: user=0.00 sys=0.00, real=0.00 secs] 
2020-10-29T15:50:56.654+0000: [GC (Allocation Failure) 2020-10-29T15:50:56.654+0000: [ParNew: 16388K->4K(18432K), 0.0024634 secs] 229326K->212942K(699720K), 0.0025130 secs] [Times: user=0.01 sys=0.00, real=0.00 secs] 
2020-10-29T15:50:56.672+0000: [GC (Allocation Failure) 2020-10-29T15:50:56.672+0000: [ParNew: 16388K->4K(18432K), 0.0025119 secs] 229326K->212942K(699720K), 0.0025600 secs] [Times: user=0.01 sys=0.00, real=0.00 secs] 
2020-10-29T15:50:56.689+0000: [GC (Allocation Failure) 2020-10-29T15:50:56.689+0000: [ParNew: 16388K->4K(18432K), 0.0024555 secs] 229326K->212942K(699720K), 0.0025010 secs] [Times: user=0.00 sys=0.00, real=0.01 secs] 
2020-10-29T15:50:56.710+0000: [GC (Allocation Failure) 2020-10-29T15:50:56.710+0000: [ParNew: 16388K->4K(18432K), 0.0024720 secs] 229326K->212942K(699720K), 0.0025203 secs] [Times: user=0.01 sys=0.00, real=0.00 secs] 
2020-10-29T15:50:56.728+0000: [GC (Allocation Failure) 2020-10-29T15:50:56.728+0000: [ParNew: 16388K->4K(18432K), 0.0024859 secs] 229326K->212942K(699720K), 0.0025300 secs] [Times: user=0.00 sys=0.00, real=0.01 secs] 
2020-10-29T15:50:56.745+0000: [GC (Allocation Failure) 2020-10-29T15:50:56.745+0000: [ParNew: 16388K->4K(18432K), 0.0025204 secs] 229326K->212942K(699720K), 0.0025704 secs] [Times: user=0.01 sys=0.00, real=0.00 secs] 
2020-10-29T15:50:56.766+0000: [GC (Allocation Failure) 2020-10-29T15:50:56.766+0000: [ParNew: 16388K->4K(18432K), 0.0025252 secs] 229326K->212942K(699720K), 0.0025720 secs] [Times: user=0.01 sys=0.00, real=0.00 secs] 
2020-10-29T15:50:56.786+0000: [GC (Allocation Failure) 2020-10-29T15:50:56.786+0000: [ParNew: 16388K->4K(18432K), 0.0024754 secs] 229326K->212942K(699720K), 0.0025252 secs] [Times: user=0.00 sys=0.00, real=0.00 secs] 
2020-10-29T15:50:56.806+0000: [GC (Allocation Failure) 2020-10-29T15:50:56.806+0000: [ParNew: 16388K->4K(18432K), 0.0023901 secs] 229326K->212942K(699720K), 0.0024361 secs] [Times: user=0.01 sys=0.00, real=0.00 secs] 
2020-10-29T15:50:56.824+0000: [GC (Allocation Failure) 2020-10-29T15:50:56.824+0000: [ParNew: 16388K->4K(18432K), 0.0023658 secs] 229326K->212942K(699720K), 0.0024251 secs] [Times: user=0.00 sys=0.00, real=0.00 secs] 
2020-10-29T15:50:56.842+0000: [GC (Allocation Failure) 2020-10-29T15:50:56.842+0000: [ParNew: 16388K->4K(18432K), 0.0023089 secs] 229326K->212942K(699720K), 0.0023493 secs] [Times: user=0.00 sys=0.00, real=0.00 secs] 
2020-10-29T15:50:56.860+0000: [GC (Allocation Failure) 2020-10-29T15:50:56.860+0000: [ParNew: 16388K->4K(18432K), 0.0023613 secs] 229326K->212942K(699720K), 0.0024193 secs] [Times: user=0.00 sys=0.00, real=0.00 secs] 
2020-10-29T15:50:56.877+0000: [GC (Allocation Failure) 2020-10-29T15:50:56.877+0000: [ParNew: 16388K->4K(18432K), 0.0023740 secs] 229326K->212942K(699720K), 0.0024190 secs] [Times: user=0.01 sys=0.00, real=0.00 secs] 
2020-10-29T15:50:56.898+0000: [GC (Allocation Failure) 2020-10-29T15:50:56.898+0000: [ParNew: 16388K->4K(18432K), 0.0024690 secs] 229326K->212942K(699720K), 0.0025184 secs] [Times: user=0.01 sys=0.00, real=0.00 secs] 
2020-10-29T15:50:56.918+0000: [GC (Allocation Failure) 2020-10-29T15:50:56.918+0000: [ParNew: 16388K->4K(18432K), 0.0024847 secs] 229326K->212942K(699720K), 0.0025345 secs] [Times: user=0.00 sys=0.00, real=0.00 secs] 
2020-10-29T15:50:56.936+0000: [GC (Allocation Failure) 2020-10-29T15:50:56.936+0000: [ParNew: 16388K->4K(18432K), 0.0024412 secs] 229326K->212942K(699720K), 0.0024921 secs] [Times: user=0.01 sys=0.00, real=0.00 secs] 
2020-10-29T15:50:56.954+0000: [GC (Allocation Failure) 2020-10-29T15:50:56.954+0000: [ParNew: 16388K->4K(18432K), 0.0025979 secs] 229326K->212942K(699720K), 0.0026545 secs] [Times: user=0.00 sys=0.00, real=0.00 secs] 
2020-10-29T15:50:56.974+0000: [GC (Allocation Failure) 2020-10-29T15:50:56.974+0000: [ParNew: 16388K->4K(18432K), 0.0025474 secs] 229326K->212942K(699720K), 0.0025988 secs] [Times: user=0.01 sys=0.00, real=0.00 secs] 
2020-10-29T15:50:56.992+0000: [GC (Allocation Failure) 2020-10-29T15:50:56.992+0000: [ParNew: 16388K->4K(18432K), 0.0025400 secs] 229326K->212942K(699720K), 0.0025898 secs] [Times: user=0.00 sys=0.00, real=0.00 secs] 
2020-10-29T15:50:57.010+0000: [GC (Allocation Failure) 2020-10-29T15:50:57.010+0000: [ParNew: 16388K->4K(18432K), 0.0025798 secs] 229326K->212942K(699720K), 0.0026305 secs] [Times: user=0.01 sys=0.00, real=0.00 secs] 
2020-10-29T15:50:57.021+0000: [GC (Allocation Failure) 2020-10-29T15:50:57.021+0000: [ParNew: 16388K->4K(18432K), 0.0033656 secs] 229326K->221134K(699720K), 0.0034154 secs] [Times: user=0.01 sys=0.00, real=0.01 secs] 
2020-10-29T15:50:57.040+0000: [GC (Allocation Failure) 2020-10-29T15:50:57.040+0000: [ParNew: 16388K->4K(18432K), 0.0026459 secs] 237518K->221134K(699720K), 0.0027015 secs] [Times: user=0.00 sys=0.00, real=0.01 secs] 
2020-10-29T15:50:57.053+0000: [GC (Allocation Failure) 2020-10-29T15:50:57.053+0000: [ParNew: 10805K->4K(18432K), 0.0026231 secs] 231935K->221134K(699720K), 0.0026709 secs] [Times: user=0.01 sys=0.00, real=0.00 secs] 
2020-10-29T15:50:57.063+0000: [GC (Allocation Failure) 2020-10-29T15:50:57.064+0000: [ParNew: 16388K->4K(18432K), 0.0035234 secs] 237518K->229326K(699720K), 0.0035769 secs] [Times: user=0.01 sys=0.00, real=0.00 secs] 
2020-10-29T15:50:57.086+0000: [GC (Allocation Failure) 2020-10-29T15:50:57.086+0000: [ParNew: 16388K->4K(18432K), 0.0026652 secs] 245710K->229326K(699720K), 0.0027181 secs] [Times: user=0.01 sys=0.00, real=0.00 secs] 
2020-10-29T15:50:57.106+0000: [GC (Allocation Failure) 2020-10-29T15:50:57.106+0000: [ParNew: 16388K->4K(18432K), 0.0024937 secs] 245710K->229326K(699720K), 0.0025441 secs] [Times: user=0.00 sys=0.00, real=0.00 secs] 
2020-10-29T15:50:57.124+0000: [GC (Allocation Failure) 2020-10-29T15:50:57.124+0000: [ParNew: 16388K->4K(18432K), 0.0025084 secs] 245710K->229326K(699720K), 0.0025588 secs] [Times: user=0.01 sys=0.00, real=0.00 secs] 
2020-10-29T15:50:57.142+0000: [GC (Allocation Failure) 2020-10-29T15:50:57.142+0000: [ParNew: 16388K->4K(18432K), 0.0025239 secs] 245710K->229326K(699720K), 0.0025749 secs] [Times: user=0.00 sys=0.00, real=0.00 secs] 
2020-10-29T15:50:57.160+0000: [GC (Allocation Failure) 2020-10-29T15:50:57.160+0000: [ParNew: 16388K->4K(18432K), 0.0026516 secs] 245710K->229326K(699720K), 0.0027147 secs] [Times: user=0.01 sys=0.00, real=0.01 secs] 
2020-10-29T15:50:57.177+0000: [GC (Allocation Failure) 2020-10-29T15:50:57.177+0000: [ParNew: 16388K->4K(18432K), 0.0025954 secs] 245710K->229326K(699720K), 0.0026490 secs] [Times: user=0.00 sys=0.00, real=0.00 secs] 
2020-10-29T15:50:57.195+0000: [GC (Allocation Failure) 2020-10-29T15:50:57.195+0000: [ParNew: 16388K->4K(18432K), 0.0025414 secs] 245710K->229326K(699720K), 0.0025915 secs] [Times: user=0.01 sys=0.00, real=0.00 secs] 
2020-10-29T15:50:57.213+0000: [GC (Allocation Failure) 2020-10-29T15:50:57.213+0000: [ParNew: 16388K->4K(18432K), 0.0026170 secs] 245710K->229326K(699720K), 0.0026808 secs] [Times: user=0.01 sys=0.00, real=0.00 secs] 
2020-10-29T15:50:57.230+0000: [GC (Allocation Failure) 2020-10-29T15:50:57.230+0000: [ParNew: 16388K->4K(18432K), 0.0025907 secs] 245710K->229326K(699720K), 0.0026381 secs] [Times: user=0.00 sys=0.00, real=0.00 secs] 
2020-10-29T15:50:57.248+0000: [GC (Allocation Failure) 2020-10-29T15:50:57.248+0000: [ParNew: 16388K->4K(18432K), 0.0024793 secs] 245710K->229326K(699720K), 0.0025282 secs] [Times: user=0.01 sys=0.00, real=0.01 secs] 
2020-10-29T15:50:57.265+0000: [GC (Allocation Failure) 2020-10-29T15:50:57.265+0000: [ParNew: 16388K->4K(18432K), 0.0026318 secs] 245710K->229326K(699720K), 0.0026848 secs] [Times: user=0.00 sys=0.00, real=0.00 secs] 
2020-10-29T15:50:57.283+0000: [GC (Allocation Failure) 2020-10-29T15:50:57.283+0000: [ParNew: 16388K->4K(18432K), 0.0026444 secs] 245710K->229326K(699720K), 0.0026964 secs] [Times: user=0.01 sys=0.00, real=0.00 secs] 
2020-10-29T15:50:57.302+0000: [GC (Allocation Failure) 2020-10-29T15:50:57.302+0000: [ParNew: 16388K->4K(18432K), 0.0024728 secs] 245710K->229326K(699720K), 0.0025224 secs] [Times: user=0.00 sys=0.00, real=0.00 secs] 
2020-10-29T15:50:57.320+0000: [GC (Allocation Failure) 2020-10-29T15:50:57.320+0000: [ParNew: 16388K->4K(18432K), 0.0024491 secs] 245710K->229326K(699720K), 0.0024938 secs] [Times: user=0.01 sys=0.00, real=0.01 secs] 
2020-10-29T15:50:57.338+0000: [GC (Allocation Failure) 2020-10-29T15:50:57.338+0000: [ParNew: 16388K->4K(18432K), 0.0023493 secs] 245710K->229326K(699720K), 0.0023953 secs] [Times: user=0.00 sys=0.00, real=0.00 secs] 
2020-10-29T15:50:57.356+0000: [GC (Allocation Failure) 2020-10-29T15:50:57.356+0000: [ParNew: 16388K->4K(18432K), 0.0026878 secs] 245710K->229326K(699720K), 0.0027436 secs] [Times: user=0.00 sys=0.00, real=0.00 secs] 
2020-10-29T15:50:57.374+0000: [GC (Allocation Failure) 2020-10-29T15:50:57.374+0000: [ParNew: 16388K->4K(18432K), 0.0026709 secs] 245710K->229326K(699720K), 0.0027264 secs] [Times: user=0.00 sys=0.00, real=0.00 secs] 
2020-10-29T15:50:57.391+0000: [GC (Allocation Failure) 2020-10-29T15:50:57.391+0000: [ParNew: 16388K->4K(18432K), 0.0025294 secs] 245710K->229326K(699720K), 0.0025833 secs] [Times: user=0.01 sys=0.00, real=0.00 secs] 
2020-10-29T15:50:57.409+0000: [GC (Allocation Failure) 2020-10-29T15:50:57.409+0000: [ParNew: 16388K->4K(18432K), 0.0022350 secs] 245710K->229326K(699720K), 0.0022787 secs] [Times: user=0.00 sys=0.00, real=0.01 secs] 
2020-10-29T15:50:57.426+0000: [GC (Allocation Failure) 2020-10-29T15:50:57.426+0000: [ParNew: 16388K->4K(18432K), 0.0023324 secs] 245710K->229326K(699720K), 0.0023785 secs] [Times: user=0.00 sys=0.00, real=0.00 secs] 
2020-10-29T15:50:57.446+0000: [GC (Allocation Failure) 2020-10-29T15:50:57.446+0000: [ParNew: 16388K->4K(18432K), 0.0025828 secs] 245710K->229326K(699720K), 0.0026369 secs] [Times: user=0.01 sys=0.00, real=0.00 secs] 
2020-10-29T15:50:57.466+0000: [GC (Allocation Failure) 2020-10-29T15:50:57.466+0000: [ParNew: 16388K->4K(18432K), 0.0026272 secs] 245710K->229326K(699720K), 0.0026827 secs] [Times: user=0.01 sys=0.00, real=0.00 secs] 
2020-10-29T15:50:57.484+0000: [GC (Allocation Failure) 2020-10-29T15:50:57.484+0000: [ParNew: 16388K->4K(18432K), 0.0024645 secs] 245710K->229326K(699720K), 0.0025058 secs] [Times: user=0.01 sys=0.00, real=0.00 secs] 
2020-10-29T15:50:57.504+0000: [GC (Allocation Failure) 2020-10-29T15:50:57.504+0000: [ParNew: 16388K->4K(18432K), 0.0026819 secs] 262094K->245710K(699720K), 0.0027367 secs] [Times: user=0.01 sys=0.00, real=0.00 secs] 
2020-10-29T15:50:57.521+0000: [GC (Allocation Failure) 2020-10-29T15:50:57.521+0000: [ParNew: 16388K->4K(18432K), 0.0025622 secs] 262094K->245710K(699720K), 0.0026096 secs] [Times: user=0.00 sys=0.00, real=0.01 secs] 
2020-10-29T15:50:57.542+0000: [GC (Allocation Failure) 2020-10-29T15:50:57.542+0000: [ParNew: 16388K->4K(18432K), 0.0024786 secs] 262094K->245710K(699720K), 0.0025237 secs] [Times: user=0.01 sys=0.00, real=0.00 secs] 
2020-10-29T15:50:57.561+0000: [GC (Allocation Failure) 2020-10-29T15:50:57.561+0000: [ParNew: 16388K->4K(18432K), 0.0026582 secs] 262094K->245710K(699720K), 0.0027137 secs] [Times: user=0.00 sys=0.00, real=0.01 secs] 
2020-10-29T15:50:57.579+0000: [GC (Allocation Failure) 2020-10-29T15:50:57.579+0000: [ParNew: 16388K->4K(18432K), 0.0026059 secs] 262094K->245710K(699720K), 0.0026605 secs] [Times: user=0.01 sys=0.00, real=0.00 secs] 
2020-10-29T15:50:57.592+0000: [GC (Allocation Failure) 2020-10-29T15:50:57.592+0000: [ParNew: 12051K->4K(18432K), 0.0024395 secs] 257758K->245710K(699720K), 0.0024887 secs] [Times: user=0.00 sys=0.00, real=0.00 secs] 
2020-10-29T15:50:57.603+0000: [GC (Allocation Failure) 2020-10-29T15:50:57.603+0000: [ParNew: 16388K->4K(18432K), 0.0030624 secs] 262094K->253903K(699720K), 0.0031069 secs] [Times: user=0.01 sys=0.00, real=0.00 secs] 
2020-10-29T15:50:57.622+0000: [GC (Allocation Failure) 2020-10-29T15:50:57.622+0000: [ParNew: 16388K->4K(18432K), 0.0022096 secs] 270287K->253903K(699720K), 0.0022491 secs] [Times: user=0.01 sys=0.00, real=0.00 secs] 
2020-10-29T15:50:57.640+0000: [GC (Allocation Failure) 2020-10-29T15:50:57.640+0000: [ParNew: 16388K->4K(18432K), 0.0023488 secs] 270287K->253903K(699720K), 0.0023956 secs] [Times: user=0.00 sys=0.00, real=0.00 secs] 
2020-10-29T15:50:57.658+0000: [GC (Allocation Failure) 2020-10-29T15:50:57.658+0000: [ParNew: 16388K->4K(18432K), 0.0024276 secs] 270287K->253903K(699720K), 0.0024738 secs] [Times: user=0.01 sys=0.00, real=0.00 secs] 
2020-10-29T15:50:57.676+0000: [GC (Allocation Failure) 2020-10-29T15:50:57.676+0000: [ParNew: 16388K->4K(18432K), 0.0023731 secs] 270287K->253903K(699720K), 0.0024157 secs] [Times: user=0.01 sys=0.00, real=0.00 secs] 
2020-10-29T15:50:57.694+0000: [GC (Allocation Failure) 2020-10-29T15:50:57.694+0000: [ParNew: 16388K->4K(18432K), 0.0022114 secs] 270287K->253903K(699720K), 0.0022547 secs] [Times: user=0.00 sys=0.00, real=0.00 secs] 
2020-10-29T15:50:57.714+0000: [GC (Allocation Failure) 2020-10-29T15:50:57.714+0000: [ParNew: 16388K->4K(18432K), 0.0024815 secs] 270287K->253903K(699720K), 0.0025318 secs] [Times: user=0.00 sys=0.00, real=0.00 secs] 
2020-10-29T15:50:57.734+0000: [GC (Allocation Failure) 2020-10-29T15:50:57.734+0000: [ParNew: 16388K->4K(18432K), 0.0024870 secs] 270287K->253903K(699720K), 0.0025375 secs] [Times: user=0.00 sys=0.00, real=0.00 secs] 
2020-10-29T15:50:57.754+0000: [GC (Allocation Failure) 2020-10-29T15:50:57.754+0000: [ParNew: 16388K->4K(18432K), 0.0024195 secs] 270287K->253903K(699720K), 0.0024701 secs] [Times: user=0.00 sys=0.00, real=0.00 secs] 
2020-10-29T15:50:57.774+0000: [GC (Allocation Failure) 2020-10-29T15:50:57.774+0000: [ParNew: 16388K->4K(18432K), 0.0024418 secs] 270287K->253903K(699720K), 0.0024907 secs] [Times: user=0.00 sys=0.00, real=0.00 secs] 
2020-10-29T15:50:57.792+0000: [GC (Allocation Failure) 2020-10-29T15:50:57.792+0000: [ParNew: 16388K->4K(18432K), 0.0037181 secs] 270287K->253903K(699720K), 0.0037670 secs] [Times: user=0.01 sys=0.00, real=0.00 secs] 
2020-10-29T15:50:57.810+0000: [GC (Allocation Failure) 2020-10-29T15:50:57.810+0000: [ParNew: 16388K->4K(18432K), 0.0024484 secs] 270287K->253903K(699720K), 0.0024989 secs] [Times: user=0.01 sys=0.00, real=0.00 secs] 
2020-10-29T15:50:57.830+0000: [GC (Allocation Failure) 2020-10-29T15:50:57.830+0000: [ParNew: 16388K->4K(18432K), 0.0022789 secs] 270287K->253903K(699720K), 0.0023243 secs] [Times: user=0.00 sys=0.00, real=0.00 secs] 
2020-10-29T15:50:57.850+0000: [GC (Allocation Failure) 2020-10-29T15:50:57.850+0000: [ParNew: 16388K->4K(18432K), 0.0026121 secs] 270287K->253903K(699720K), 0.0026775 secs] [Times: user=0.00 sys=0.00, real=0.00 secs] 
2020-10-29T15:50:57.870+0000: [GC (Allocation Failure) 2020-10-29T15:50:57.870+0000: [ParNew: 16388K->4K(18432K), 0.0026598 secs] 270287K->253903K(699720K), 0.0027144 secs] [Times: user=0.00 sys=0.00, real=0.00 secs] 
2020-10-29T15:50:57.890+0000: [GC (Allocation Failure) 2020-10-29T15:50:57.890+0000: [ParNew: 16388K->4K(18432K), 0.0026540 secs] 270287K->253903K(699720K), 0.0027106 secs] [Times: user=0.01 sys=0.00, real=0.00 secs] 
2020-10-29T15:50:57.910+0000: [GC (Allocation Failure) 2020-10-29T15:50:57.910+0000: [ParNew: 16388K->4K(18432K), 0.0026950 secs] 270287K->253903K(699720K), 0.0027518 secs] [Times: user=0.01 sys=0.00, real=0.00 secs] 
2020-10-29T15:50:57.928+0000: [GC (Allocation Failure) 2020-10-29T15:50:57.928+0000: [ParNew: 16388K->4K(18432K), 0.0025675 secs] 270287K->253903K(699720K), 0.0026202 secs] [Times: user=0.01 sys=0.00, real=0.01 secs] 
2020-10-29T15:50:57.946+0000: [GC (Allocation Failure) 2020-10-29T15:50:57.946+0000: [ParNew: 16388K->4K(18432K), 0.0022818 secs] 270287K->253903K(699720K), 0.0023278 secs] [Times: user=0.00 sys=0.00, real=0.00 secs] 
2020-10-29T15:50:57.963+0000: [GC (Allocation Failure) 2020-10-29T15:50:57.963+0000: [ParNew: 16388K->4K(18432K), 0.0022192 secs] 270287K->253903K(699720K), 0.0022631 secs] [Times: user=0.01 sys=0.00, real=0.00 secs] 
2020-10-29T15:50:57.980+0000: [GC (Allocation Failure) 2020-10-29T15:50:57.980+0000: [ParNew: 16388K->4K(18432K), 0.0022806 secs] 270287K->253903K(699720K), 0.0023220 secs] [Times: user=0.00 sys=0.00, real=0.01 secs] 
2020-10-29T15:50:58.001+0000: [GC (Allocation Failure) 2020-10-29T15:50:58.001+0000: [ParNew: 16388K->4K(18432K), 0.0024137 secs] 270287K->253903K(699720K), 0.0024613 secs] [Times: user=0.01 sys=0.00, real=0.01 secs] 
2020-10-29T15:50:58.019+0000: [GC (Allocation Failure) 2020-10-29T15:50:58.019+0000: [ParNew: 16388K->4K(18432K), 0.0024285 secs] 270287K->253903K(699720K), 0.0024759 secs] [Times: user=0.00 sys=0.00, real=0.00 secs] 
2020-10-29T15:50:58.036+0000: [GC (Allocation Failure) 2020-10-29T15:50:58.036+0000: [ParNew: 16388K->4K(18432K), 0.0023053 secs] 270287K->253903K(699720K), 0.0023509 secs] [Times: user=0.00 sys=0.00, real=0.00 secs] 
2020-10-29T15:50:58.053+0000: [GC (Allocation Failure) 2020-10-29T15:50:58.053+0000: [ParNew: 16388K->4K(18432K), 0.0024881 secs] 270287K->253903K(699720K), 0.0025360 secs] [Times: user=0.01 sys=0.00, real=0.00 secs] 
2020-10-29T15:50:58.071+0000: [GC (Allocation Failure) 2020-10-29T15:50:58.071+0000: [ParNew: 16388K->4K(18432K), 0.0024660 secs] 270287K->253903K(699720K), 0.0025165 secs] [Times: user=0.00 sys=0.00, real=0.00 secs] 
2020-10-29T15:50:58.081+0000: [GC (Allocation Failure) 2020-10-29T15:50:58.081+0000: [ParNew: 16388K->4K(18432K), 0.0031229 secs] 270287K->262095K(699720K), 0.0031694 secs] [Times: user=0.01 sys=0.00, real=0.01 secs] 
2020-10-29T15:50:58.100+0000: [GC (Allocation Failure) 2020-10-29T15:50:58.100+0000: [ParNew: 16388K->4K(18432K), 0.0025325 secs] 278479K->262095K(699720K), 0.0025842 secs] [Times: user=0.00 sys=0.01, real=0.01 secs] 
2020-10-29T15:50:58.118+0000: [GC (Allocation Failure) 2020-10-29T15:50:58.118+0000: [ParNew: 16388K->4K(18432K), 0.0022905 secs] 278479K->262095K(699720K), 0.0023362 secs] [Times: user=0.00 sys=0.00, real=0.00 secs] 
2020-10-29T15:50:58.129+0000: [GC (Allocation Failure) 2020-10-29T15:50:58.129+0000: [ParNew: 16388K->4K(18432K), 0.0030187 secs] 278479K->270287K(699720K), 0.0030638 secs] [Times: user=0.00 sys=0.00, real=0.01 secs] 
2020-10-29T15:50:58.147+0000: [GC (Allocation Failure) 2020-10-29T15:50:58.147+0000: [ParNew: 16388K->4K(18432K), 0.0024101 secs] 286671K->270287K(699720K), 0.0024612 secs] [Times: user=0.01 sys=0.00, real=0.00 secs] 
2020-10-29T15:50:58.166+0000: [GC (Allocation Failure) 2020-10-29T15:50:58.166+0000: [ParNew: 16388K->4K(18432K), 0.0023674 secs] 286671K->270287K(699720K), 0.0024142 secs] [Times: user=0.01 sys=0.00, real=0.00 secs] 
2020-10-29T15:50:58.186+0000: [GC (Allocation Failure) 2020-10-29T15:50:58.186+0000: [ParNew: 16388K->4K(18432K), 0.0022687 secs] 286671K->270287K(699720K), 0.0023147 secs] [Times: user=0.00 sys=0.00, real=0.00 secs] 
2020-10-29T15:50:58.204+0000: [GC (Allocation Failure) 2020-10-29T15:50:58.204+0000: [ParNew: 16388K->4K(18432K), 0.0022525 secs] 286671K->270287K(699720K), 0.0022967 secs] [Times: user=0.00 sys=0.00, real=0.00 secs] 
2020-10-29T15:50:58.222+0000: [GC (Allocation Failure) 2020-10-29T15:50:58.222+0000: [ParNew: 16388K->4K(18432K), 0.0025247 secs] 286671K->270287K(699720K), 0.0025773 secs] [Times: user=0.01 sys=0.00, real=0.00 secs] 
2020-10-29T15:50:58.240+0000: [GC (Allocation Failure) 2020-10-29T15:50:58.240+0000: [ParNew: 16388K->4K(18432K), 0.0024925 secs] 286671K->270287K(699720K), 0.0025412 secs] [Times: user=0.01 sys=0.00, real=0.01 secs] 
2020-10-29T15:50:58.262+0000: [GC (Allocation Failure) 2020-10-29T15:50:58.262+0000: [ParNew: 16388K->4K(18432K), 0.0022907 secs] 286671K->270287K(699720K), 0.0023357 secs] [Times: user=0.00 sys=0.00, real=0.01 secs] 
2020-10-29T15:50:58.282+0000: [GC (Allocation Failure) 2020-10-29T15:50:58.282+0000: [ParNew: 16388K->4K(18432K), 0.0024095 secs] 286671K->270287K(699720K), 0.0024563 secs] [Times: user=0.01 sys=0.00, real=0.00 secs] 
2020-10-29T15:50:58.302+0000: [GC (Allocation Failure) 2020-10-29T15:50:58.302+0000: [ParNew: 16388K->4K(18432K), 0.0023747 secs] 286671K->270287K(699720K), 0.0024204 secs] [Times: user=0.00 sys=0.00, real=0.00 secs] 
2020-10-29T15:50:58.322+0000: [GC (Allocation Failure) 2020-10-29T15:50:58.322+0000: [ParNew: 16388K->4K(18432K), 0.0022707 secs] 286671K->270287K(699720K), 0.0023157 secs] [Times: user=0.01 sys=0.00, real=0.00 secs] 
2020-10-29T15:50:58.342+0000: [GC (Allocation Failure) 2020-10-29T15:50:58.342+0000: [ParNew: 16388K->4K(18432K), 0.0024206 secs] 286671K->270287K(699720K), 0.0024696 secs] [Times: user=0.00 sys=0.00, real=0.00 secs] 
2020-10-29T15:50:58.362+0000: [GC (Allocation Failure) 2020-10-29T15:50:58.362+0000: [ParNew: 16388K->4K(18432K), 0.0024319 secs] 286671K->270287K(699720K), 0.0024809 secs] [Times: user=0.01 sys=0.00, real=0.00 secs] 
2020-10-29T15:50:58.380+0000: [GC (Allocation Failure) 2020-10-29T15:50:58.380+0000: [ParNew: 16388K->4K(18432K), 0.0023953 secs] 286671K->270287K(699720K), 0.0024471 secs] [Times: user=0.00 sys=0.00, real=0.01 secs] 
2020-10-29T15:50:58.397+0000: [GC (Allocation Failure) 2020-10-29T15:50:58.397+0000: [ParNew: 16388K->4K(18432K), 0.0024441 secs] 286671K->270287K(699720K), 0.0024903 secs] [Times: user=0.00 sys=0.00, real=0.00 secs] 
2020-10-29T15:50:58.418+0000: [GC (Allocation Failure) 2020-10-29T15:50:58.418+0000: [ParNew: 16388K->4K(18432K), 0.0024944 secs] 286671K->270287K(699720K), 0.0025459 secs] [Times: user=0.00 sys=0.00, real=0.00 secs] 
2020-10-29T15:50:58.436+0000: [GC (Allocation Failure) 2020-10-29T15:50:58.436+0000: [ParNew: 16388K->4K(18432K), 0.0025038 secs] 286671K->270287K(699720K), 0.0025496 secs] [Times: user=0.00 sys=0.00, real=0.00 secs] 
2020-10-29T15:50:58.454+0000: [GC (Allocation Failure) 2020-10-29T15:50:58.454+0000: [ParNew: 16388K->4K(18432K), 0.0023415 secs] 286671K->270287K(699720K), 0.0023881 secs] [Times: user=0.00 sys=0.00, real=0.00 secs] 
2020-10-29T15:50:58.474+0000: [GC (Allocation Failure) 2020-10-29T15:50:58.474+0000: [ParNew: 16388K->4K(18432K), 0.0024407 secs] 286671K->270287K(699720K), 0.0024897 secs] [Times: user=0.00 sys=0.00, real=0.00 secs] 
2020-10-29T15:50:58.494+0000: [GC (Allocation Failure) 2020-10-29T15:50:58.494+0000: [ParNew: 16388K->4K(18432K), 0.0023838 secs] 286671K->270287K(699720K), 0.0024319 secs] [Times: user=0.01 sys=0.00, real=0.00 secs] 
2020-10-29T15:50:58.512+0000: [GC (Allocation Failure) 2020-10-29T15:50:58.512+0000: [ParNew: 16388K->4K(18432K), 0.0024272 secs] 286671K->270287K(699720K), 0.0024814 secs] [Times: user=0.00 sys=0.00, real=0.00 secs] 
2020-10-29T15:50:58.530+0000: [GC (Allocation Failure) 2020-10-29T15:50:58.530+0000: [ParNew: 16388K->4K(18432K), 0.0024032 secs] 286671K->270287K(699720K), 0.0024580 secs] [Times: user=0.00 sys=0.00, real=0.00 secs] 
2020-10-29T15:50:58.548+0000: [GC (Allocation Failure) 2020-10-29T15:50:58.548+0000: [ParNew: 16388K->4K(18432K), 0.0024160 secs] 286671K->270287K(699720K), 0.0024620 secs] [Times: user=0.01 sys=0.00, real=0.01 secs] 
2020-10-29T15:50:58.565+0000: [GC (Allocation Failure) 2020-10-29T15:50:58.565+0000: [ParNew: 16388K->4K(18432K), 0.0028816 secs] 286671K->270287K(699720K), 0.0029287 secs] [Times: user=0.00 sys=0.00, real=0.00 secs] 
2020-10-29T15:50:58.583+0000: [GC (Allocation Failure) 2020-10-29T15:50:58.583+0000: [ParNew: 16388K->4K(18432K), 0.0025776 secs] 286671K->270287K(699720K), 0.0026283 secs] [Times: user=0.00 sys=0.00, real=0.00 secs] 
2020-10-29T15:50:58.601+0000: [GC (Allocation Failure) 2020-10-29T15:50:58.601+0000: [ParNew: 16388K->4K(18432K), 0.0025079 secs] 286671K->270287K(699720K), 0.0025562 secs] [Times: user=0.01 sys=0.00, real=0.01 secs] 
2020-10-29T15:50:58.620+0000: [GC (Allocation Failure) 2020-10-29T15:50:58.620+0000: [ParNew: 13719K->4K(18432K), 0.0025308 secs] 284003K->270287K(699720K), 0.0025803 secs] [Times: user=0.00 sys=0.00, real=0.01 secs] 
2020-10-29T15:50:58.631+0000: [GC (Allocation Failure) 2020-10-29T15:50:58.631+0000: [ParNew: 16388K->4K(18432K), 0.0030355 secs] 286671K->278479K(699720K), 0.0030805 secs] [Times: user=0.00 sys=0.00, real=0.00 secs] 
2020-10-29T15:50:58.650+0000: [GC (Allocation Failure) 2020-10-29T15:50:58.650+0000: [ParNew: 16388K->4K(18432K), 0.0023357 secs] 294863K->278479K(699720K), 0.0023757 secs] [Times: user=0.00 sys=0.00, real=0.00 secs] 
2020-10-29T15:50:58.662+0000: [GC (Allocation Failure) 2020-10-29T15:50:58.662+0000: [ParNew: 8717K->4K(18432K), 0.0021929 secs] 287192K->278479K(699720K), 0.0022315 secs] [Times: user=0.00 sys=0.00, real=0.00 secs] 
2020-10-29T15:50:58.673+0000: [GC (Allocation Failure) 2020-10-29T15:50:58.673+0000: [ParNew: 16388K->4K(18432K), 0.0031051 secs] 294863K->286671K(699720K), 0.0031472 secs] [Times: user=0.01 sys=0.00, real=0.00 secs] 
2020-10-29T15:50:58.692+0000: [GC (Allocation Failure) 2020-10-29T15:50:58.692+0000: [ParNew: 16388K->4K(18432K), 0.0022878 secs] 303055K->286671K(699720K), 0.0023326 secs] [Times: user=0.00 sys=0.00, real=0.00 secs] 
2020-10-29T15:50:58.714+0000: [GC (Allocation Failure) 2020-10-29T15:50:58.714+0000: [ParNew: 16388K->4K(18432K), 0.0023694 secs] 303055K->286671K(699720K), 0.0024178 secs] [Times: user=0.00 sys=0.00, real=0.00 secs] 
2020-10-29T15:50:58.734+0000: [GC (Allocation Failure) 2020-10-29T15:50:58.734+0000: [ParNew: 16388K->4K(18432K), 0.0025532 secs] 303055K->286671K(699720K), 0.0026024 secs] [Times: user=0.00 sys=0.00, real=0.00 secs] 
2020-10-29T15:50:58.752+0000: [GC (Allocation Failure) 2020-10-29T15:50:58.752+0000: [ParNew: 16388K->4K(18432K), 0.0025479 secs] 303055K->286671K(699720K), 0.0025997 secs] [Times: user=0.00 sys=0.00, real=0.00 secs] 
2020-10-29T15:50:58.769+0000: [GC (Allocation Failure) 2020-10-29T15:50:58.769+0000: [ParNew: 16388K->4K(18432K), 0.0024593 secs] 303055K->286671K(699720K), 0.0025091 secs] [Times: user=0.01 sys=0.00, real=0.01 secs] 
2020-10-29T15:50:58.787+0000: [GC (Allocation Failure) 2020-10-29T15:50:58.787+0000: [ParNew: 16388K->4K(18432K), 0.0023977 secs] 303055K->286671K(699720K), 0.0024580 secs] [Times: user=0.00 sys=0.00, real=0.00 secs] 
2020-10-29T15:50:58.810+0000: [GC (Allocation Failure) 2020-10-29T15:50:58.810+0000: [ParNew: 16388K->4K(18432K), 0.0025686 secs] 303055K->286671K(699720K), 0.0026206 secs] [Times: user=0.00 sys=0.00, real=0.01 secs] 
2020-10-29T15:50:58.830+0000: [GC (Allocation Failure) 2020-10-29T15:50:58.830+0000: [ParNew: 16388K->4K(18432K), 0.0023792 secs] 303055K->286671K(699720K), 0.0024259 secs] [Times: user=0.00 sys=0.00, real=0.00 secs] 
2020-10-29T15:50:58.848+0000: [GC (Allocation Failure) 2020-10-29T15:50:58.848+0000: [ParNew: 16388K->4K(18432K), 0.0023281 secs] 303055K->286671K(699720K), 0.0023786 secs] [Times: user=0.00 sys=0.00, real=0.00 secs] 
2020-10-29T15:50:58.865+0000: [GC (Allocation Failure) 2020-10-29T15:50:58.865+0000: [ParNew: 16388K->4K(18432K), 0.0023045 secs] 303055K->286671K(699720K), 0.0023508 secs] [Times: user=0.01 sys=0.00, real=0.00 secs] 
2020-10-29T15:50:58.886+0000: [GC (Allocation Failure) 2020-10-29T15:50:58.886+0000: [ParNew: 16388K->4K(18432K), 0.0024131 secs] 303055K->286671K(699720K), 0.0024602 secs] [Times: user=0.00 sys=0.00, real=0.00 secs] 
2020-10-29T15:50:58.904+0000: [GC (Allocation Failure) 2020-10-29T15:50:58.904+0000: [ParNew: 16388K->4K(18432K), 0.0024681 secs] 303055K->286671K(699720K), 0.0025168 secs] [Times: user=0.00 sys=0.00, real=0.00 secs] 
2020-10-29T15:50:58.921+0000: [GC (Allocation Failure) 2020-10-29T15:50:58.921+0000: [ParNew: 16388K->4K(18432K), 0.0024595 secs] 303055K->286671K(699720K), 0.0025045 secs] [Times: user=0.00 sys=0.00, real=0.01 secs] 
2020-10-29T15:50:58.942+0000: [GC (Allocation Failure) 2020-10-29T15:50:58.942+0000: [ParNew: 16388K->4K(18432K), 0.0024981 secs] 303055K->286671K(699720K), 0.0025454 secs] [Times: user=0.01 sys=0.00, real=0.00 secs] 
2020-10-29T15:50:58.960+0000: [GC (Allocation Failure) 2020-10-29T15:50:58.960+0000: [ParNew: 16388K->4K(18432K), 0.0024541 secs] 303055K->286671K(699720K), 0.0024997 secs] [Times: user=0.01 sys=0.00, real=0.01 secs] 
2020-10-29T15:50:58.978+0000: [GC (Allocation Failure) 2020-10-29T15:50:58.978+0000: [ParNew: 16388K->4K(18432K), 0.0023904 secs] 303055K->286671K(699720K), 0.0024375 secs] [Times: user=0.00 sys=0.00, real=0.00 secs] 
2020-10-29T15:50:59.002+0000: [GC (Allocation Failure) 2020-10-29T15:50:59.002+0000: [ParNew: 16388K->4K(18432K), 0.0026741 secs] 335823K->319439K(699720K), 0.0027302 secs] [Times: user=0.00 sys=0.00, real=0.00 secs] 
2020-10-29T15:50:59.005+0000: [GC (CMS Initial Mark) [1 CMS-initial-mark: 319435K(681288K)] 319658K(699720K), 0.0012567 secs] [Times: user=0.00 sys=0.00, real=0.00 secs] 
2020-10-29T15:50:59.007+0000: [CMS-concurrent-mark-start]
2020-10-29T15:50:59.037+0000: [GC (Allocation Failure) 2020-10-29T15:50:59.037+0000: [ParNew: 16388K->4K(18432K), 0.0025500 secs] 335823K->319439K(699720K), 0.0026050 secs] [Times: user=0.00 sys=0.00, real=0.00 secs] 
2020-10-29T15:50:59.055+0000: [CMS-concurrent-mark: 0.045/0.048 secs] [Times: user=0.09 sys=0.00, real=0.05 secs] 
2020-10-29T15:50:59.055+0000: [CMS-concurrent-preclean-start]
2020-10-29T15:50:59.066+0000: [GC (Allocation Failure) 2020-10-29T15:50:59.066+0000: [ParNew: 16388K->4K(18432K), 0.0023425 secs] 335823K->319439K(699720K), 0.0023881 secs] [Times: user=0.00 sys=0.00, real=0.00 secs] 
2020-10-29T15:50:59.069+0000: [CMS-concurrent-preclean: 0.008/0.014 secs] [Times: user=0.01 sys=0.01, real=0.01 secs] 
2020-10-29T15:50:59.078+0000: [GC (CMS Final Remark) [YG occupancy: 6944 K (18432 K)]2020-10-29T15:50:59.078+0000: [Rescan (parallel) , 0.0059158 secs]2020-10-29T15:50:59.084+0000: [weak refs processing, 0.0000296 secs]2020-10-29T15:50:59.084+0000: [class unloading, 0.0084942 secs]2020-10-29T15:50:59.093+0000: [scrub symbol table, 0.0092684 secs]2020-10-29T15:50:59.102+0000: [scrub string table, 0.0005967 secs][1 CMS-remark: 319435K(681288K)] 326379K(699720K), 0.0244302 secs] [Times: user=0.03 sys=0.00, real=0.03 secs] 
2020-10-29T15:50:59.103+0000: [CMS-concurrent-sweep-start]
2020-10-29T15:50:59.114+0000: [GC (Allocation Failure) 2020-10-29T15:50:59.114+0000: [ParNew: 16388K->4K(18432K), 0.0025640 secs] 335802K->319418K(699720K), 0.0026120 secs] [Times: user=0.00 sys=0.00, real=0.00 secs] 
2020-10-29T15:50:59.124+0000: [CMS-concurrent-sweep: 0.018/0.021 secs] [Times: user=0.04 sys=0.01, real=0.02 secs] 
2020-10-29T15:50:59.124+0000: [CMS-concurrent-reset-start]
2020-10-29T15:50:59.126+0000: [CMS-concurrent-reset: 0.002/0.002 secs] [Times: user=0.00 sys=0.00, real=0.00 secs] 
2020-10-29T15:50:59.136+0000: [GC (Allocation Failure) 2020-10-29T15:50:59.136+0000: [ParNew: 16388K->4K(18432K), 0.0026469 secs] 335731K->319347K(699720K), 0.0026903 secs] [Times: user=0.00 sys=0.00, real=0.00 secs] 
2020-10-29T15:50:59.156+0000: [GC (Allocation Failure) 2020-10-29T15:50:59.156+0000: [ParNew: 16388K->4K(18432K), 0.0025057 secs] 335731K->319347K(699720K), 0.0025561 secs] [Times: user=0.00 sys=0.00, real=0.00 secs] 
2020-10-29T15:50:59.174+0000: [GC (Allocation Failure) 2020-10-29T15:50:59.174+0000: [ParNew: 16388K->4K(18432K), 0.0022666 secs] 335731K->319347K(699720K), 0.0023114 secs] [Times: user=0.01 sys=0.00, real=0.00 secs] 
2020-10-29T15:50:59.193+0000: [GC (Allocation Failure) 2020-10-29T15:50:59.193+0000: [ParNew: 16388K->4K(18432K), 0.0023989 secs] 335731K->319347K(699720K), 0.0024470 secs] [Times: user=0.00 sys=0.00, real=0.00 secs] 
2020-10-29T15:50:59.213+0000: [GC (Allocation Failure) 2020-10-29T15:50:59.213+0000: [ParNew: 16388K->4K(18432K), 0.0024077 secs] 335731K->319347K(699720K), 0.0024541 secs] [Times: user=0.01 sys=0.00, real=0.00 secs] 
2020-10-29T15:50:59.231+0000: [GC (Allocation Failure) 2020-10-29T15:50:59.231+0000: [ParNew: 16388K->4K(18432K), 0.0025257 secs] 335731K->319347K(699720K), 0.0025742 secs] [Times: user=0.00 sys=0.00, real=0.00 secs] 
2020-10-29T15:50:59.242+0000: [GC (Allocation Failure) 2020-10-29T15:50:59.242+0000: [ParNew: 16388K->4K(18432K), 0.0031132 secs] 335731K->327539K(699720K), 0.0031585 secs] [Times: user=0.00 sys=0.00, real=0.01 secs] 
2020-10-29T15:50:59.260+0000: [GC (Allocation Failure) 2020-10-29T15:50:59.260+0000: [ParNew: 16388K->4K(18432K), 0.0024344 secs] 343923K->327539K(699720K), 0.0024815 secs] [Times: user=0.01 sys=0.00, real=0.00 secs] 
2020-10-29T15:50:59.278+0000: [GC (Allocation Failure) 2020-10-29T15:50:59.278+0000: [ParNew: 16388K->4K(18432K), 0.0022889 secs] 343923K->327539K(699720K), 0.0023344 secs] [Times: user=0.00 sys=0.00, real=0.00 secs] 
2020-10-29T15:50:59.289+0000: [GC (Allocation Failure) 2020-10-29T15:50:59.289+0000: [ParNew: 16388K->4K(18432K), 0.0029539 secs] 343923K->335731K(699720K), 0.0029978 secs] [Times: user=0.00 sys=0.00, real=0.01 secs] 
2020-10-29T15:50:59.307+0000: [GC (Allocation Failure) 2020-10-29T15:50:59.307+0000: [ParNew: 16388K->4K(18432K), 0.0022601 secs] 352115K->335731K(699720K), 0.0023041 secs] [Times: user=0.01 sys=0.00, real=0.00 secs] 
2020-10-29T15:50:59.326+0000: [GC (Allocation Failure) 2020-10-29T15:50:59.326+0000: [ParNew: 16334K->4K(18432K), 0.0022952 secs] 352062K->335731K(699720K), 0.0023400 secs] [Times: user=0.01 sys=0.00, real=0.00 secs] 
2020-10-29T15:50:59.346+0000: [GC (Allocation Failure) 2020-10-29T15:50:59.346+0000: [ParNew: 16388K->4K(18432K), 0.0022851 secs] 352115K->335731K(699720K), 0.0023279 secs] [Times: user=0.00 sys=0.00, real=0.00 secs] 
2020-10-29T15:50:59.363+0000: [GC (Allocation Failure) 2020-10-29T15:50:59.363+0000: [ParNew: 16388K->4K(18432K), 0.0022744 secs] 352115K->335731K(699720K), 0.0023163 secs] [Times: user=0.00 sys=0.00, real=0.00 secs] 
2020-10-29T15:50:59.381+0000: [GC (Allocation Failure) 2020-10-29T15:50:59.381+0000: [ParNew: 16388K->4K(18432K), 0.0021814 secs] 352115K->335731K(699720K), 0.0022241 secs] [Times: user=0.01 sys=0.00, real=0.01 secs] 
2020-10-29T15:50:59.398+0000: [GC (Allocation Failure) 2020-10-29T15:50:59.398+0000: [ParNew: 16388K->4K(18432K), 0.0023466 secs] 352115K->335731K(699720K), 0.0023958 secs] [Times: user=0.01 sys=0.00, real=0.00 secs] 
2020-10-29T15:50:59.418+0000: [GC (Allocation Failure) 2020-10-29T15:50:59.418+0000: [ParNew: 16388K->4K(18432K), 0.0024960 secs] 352115K->335731K(699720K), 0.0025468 secs] [Times: user=0.01 sys=0.00, real=0.00 secs] 
2020-10-29T15:50:59.436+0000: [GC (Allocation Failure) 2020-10-29T15:50:59.436+0000: [ParNew: 16388K->4K(18432K), 0.0026620 secs] 352115K->335731K(699720K), 0.0027126 secs] [Times: user=0.01 sys=0.00, real=0.00 secs] 
2020-10-29T15:50:59.454+0000: [GC (Allocation Failure) 2020-10-29T15:50:59.454+0000: [ParNew: 16388K->4K(18432K), 0.0025219 secs] 352115K->335731K(699720K), 0.0025719 secs] [Times: user=0.01 sys=0.00, real=0.00 secs] 
2020-10-29T15:50:59.472+0000: [GC (Allocation Failure) 2020-10-29T15:50:59.472+0000: [ParNew: 16388K->4K(18432K), 0.0025915 secs] 352115K->335731K(699720K), 0.0026442 secs] [Times: user=0.01 sys=0.00, real=0.00 secs] 
2020-10-29T15:50:59.490+0000: [GC (Allocation Failure) 2020-10-29T15:50:59.490+0000: [ParNew: 16388K->4K(18432K), 0.0026587 secs] 352115K->335731K(699720K), 0.0027192 secs] [Times: user=0.00 sys=0.00, real=0.01 secs] 
2020-10-29T15:50:59.507+0000: [GC (Allocation Failure) 2020-10-29T15:50:59.507+0000: [ParNew: 16388K->4K(18432K), 0.0026432 secs] 352115K->335731K(699720K), 0.0026950 secs] [Times: user=0.01 sys=0.00, real=0.00 secs] 
2020-10-29T15:50:59.525+0000: [GC (Allocation Failure) 2020-10-29T15:50:59.525+0000: [ParNew: 16388K->4K(18432K), 0.0023943 secs] 352115K->335731K(699720K), 0.0024426 secs] [Times: user=0.00 sys=0.00, real=0.00 secs] 
2020-10-29T15:50:59.546+0000: [GC (Allocation Failure) 2020-10-29T15:50:59.546+0000: [ParNew: 16388K->4K(18432K), 0.0025278 secs] 352115K->335731K(699720K), 0.0025803 secs] [Times: user=0.00 sys=0.00, real=0.00 secs] 
2020-10-29T15:50:59.564+0000: [GC (Allocation Failure) 2020-10-29T15:50:59.564+0000: [ParNew: 16388K->4K(18432K), 0.0025579 secs] 352115K->335731K(699720K), 0.0026090 secs] [Times: user=0.01 sys=0.00, real=0.00 secs] 
2020-10-29T15:50:59.582+0000: [GC (Allocation Failure) 2020-10-29T15:50:59.582+0000: [ParNew: 16388K->4K(18432K), 0.0026286 secs] 352115K->335731K(699720K), 0.0026840 secs] [Times: user=0.00 sys=0.00, real=0.00 secs] 
2020-10-29T15:50:59.602+0000: [GC (Allocation Failure) 2020-10-29T15:50:59.602+0000: [ParNew: 16388K->4K(18432K), 0.0025043 secs] 352115K->335731K(699720K), 0.0025517 secs] [Times: user=0.01 sys=0.00, real=0.00 secs] 
2020-10-29T15:50:59.622+0000: [GC (Allocation Failure) 2020-10-29T15:50:59.622+0000: [ParNew: 16388K->4K(18432K), 0.0023547 secs] 352115K->335731K(699720K), 0.0023966 secs] [Times: user=0.00 sys=0.00, real=0.00 secs] 
2020-10-29T15:50:59.642+0000: [GC (Allocation Failure) 2020-10-29T15:50:59.642+0000: [ParNew: 16388K->4K(18432K), 0.0024879 secs] 352115K->335731K(699720K), 0.0025386 secs] [Times: user=0.01 sys=0.00, real=0.00 secs] 
2020-10-29T15:50:59.660+0000: [GC (Allocation Failure) 2020-10-29T15:50:59.660+0000: [ParNew: 16388K->4K(18432K), 0.0026571 secs] 352115K->335731K(699720K), 0.0027224 secs] [Times: user=0.01 sys=0.00, real=0.01 secs] 
2020-10-29T15:50:59.678+0000: [GC (Allocation Failure) 2020-10-29T15:50:59.678+0000: [ParNew: 16388K->4K(18432K), 0.0026207 secs] 352115K->335731K(699720K), 0.0026755 secs] [Times: user=0.01 sys=0.00, real=0.00 secs] 
2020-10-29T15:50:59.700+0000: [GC (Allocation Failure) 2020-10-29T15:50:59.700+0000: [ParNew: 16388K->4K(18432K), 0.0026324 secs] 352115K->335731K(699720K), 0.0026875 secs] [Times: user=0.00 sys=0.00, real=0.01 secs] 
2020-10-29T15:50:59.718+0000: [GC (Allocation Failure) 2020-10-29T15:50:59.718+0000: [ParNew: 16388K->4K(18432K), 0.0025829 secs] 352115K->335731K(699720K), 0.0026338 secs] [Times: user=0.00 sys=0.00, real=0.00 secs] 
2020-10-29T15:50:59.736+0000: [GC (Allocation Failure) 2020-10-29T15:50:59.736+0000: [ParNew: 16388K->4K(18432K), 0.0025863 secs] 352115K->335731K(699720K), 0.0026343 secs] [Times: user=0.01 sys=0.00, real=0.00 secs] 
2020-10-29T15:50:59.753+0000: [GC (Allocation Failure) 2020-10-29T15:50:59.753+0000: [ParNew: 16388K->4K(18432K), 0.0025157 secs] 352115K->335731K(699720K), 0.0025644 secs] [Times: user=0.00 sys=0.00, real=0.00 secs] 
2020-10-29T15:50:59.769+0000: [GC (Allocation Failure) 2020-10-29T15:50:59.769+0000: [ParNew: 14572K->4K(18432K), 0.0024951 secs] 350300K->335731K(699720K), 0.0025430 secs] [Times: user=0.00 sys=0.00, real=0.01 secs] 
2020-10-29T15:50:59.782+0000: [GC (Allocation Failure) 2020-10-29T15:50:59.782+0000: [ParNew: 16388K->4K(18432K), 0.0033142 secs] 352115K->343923K(699720K), 0.0033623 secs] [Times: user=0.01 sys=0.00, real=0.00 secs] 
2020-10-29T15:50:59.801+0000: [GC (Allocation Failure) 2020-10-29T15:50:59.801+0000: [ParNew: 16388K->4K(18432K), 0.0026129 secs] 360307K->343923K(699720K), 0.0026657 secs] [Times: user=0.01 sys=0.00, real=0.01 secs] 
2020-10-29T15:50:59.818+0000: [GC (Allocation Failure) 2020-10-29T15:50:59.818+0000: [ParNew: 15867K->6K(18432K), 0.0025048 secs] 359787K->343925K(699720K), 0.0025560 secs] [Times: user=0.00 sys=0.00, real=0.00 secs] 
2020-10-29T15:50:59.829+0000: [GC (Allocation Failure) 2020-10-29T15:50:59.829+0000: [ParNew: 16390K->6K(18432K), 0.0032359 secs] 360309K->352117K(699720K), 0.0032816 secs] [Times: user=0.00 sys=0.00, real=0.01 secs] 
2020-10-29T15:50:59.850+0000: [GC (Allocation Failure) 2020-10-29T15:50:59.850+0000: [ParNew: 16390K->6K(18432K), 0.0024456 secs] 368501K->352117K(699720K), 0.0024921 secs] [Times: user=0.00 sys=0.00, real=0.00 secs] 
2020-10-29T15:50:59.868+0000: [GC (Allocation Failure) 2020-10-29T15:50:59.868+0000: [ParNew: 16390K->6K(18432K), 0.0025574 secs] 368501K->352117K(699720K), 0.0026084 secs] [Times: user=0.00 sys=0.00, real=0.01 secs] 
2020-10-29T15:50:59.886+0000: [GC (Allocation Failure) 2020-10-29T15:50:59.886+0000: [ParNew: 16390K->6K(18432K), 0.0025713 secs] 368501K->352117K(699720K), 0.0026469 secs] [Times: user=0.01 sys=0.00, real=0.00 secs] 
2020-10-29T15:50:59.910+0000: [GC (Allocation Failure) 2020-10-29T15:50:59.910+0000: [ParNew: 16390K->6K(18432K), 0.0025169 secs] 368501K->352117K(699720K), 0.0025680 secs] [Times: user=0.00 sys=0.00, real=0.00 secs] 
2020-10-29T15:50:59.928+0000: [GC (Allocation Failure) 2020-10-29T15:50:59.928+0000: [ParNew: 16390K->4K(18432K), 0.0024605 secs] 368501K->352117K(699720K), 0.0025088 secs] [Times: user=0.00 sys=0.00, real=0.01 secs] 
2020-10-29T15:50:59.945+0000: [GC (Allocation Failure) 2020-10-29T15:50:59.945+0000: [ParNew: 16388K->4K(18432K), 0.0024895 secs] 368501K->352117K(699720K), 0.0025392 secs] [Times: user=0.01 sys=0.00, real=0.00 secs] 
2020-10-29T15:50:59.963+0000: [GC (Allocation Failure) 2020-10-29T15:50:59.963+0000: [ParNew: 16388K->4K(18432K), 0.0024892 secs] 368501K->352117K(699720K), 0.0025417 secs] [Times: user=0.00 sys=0.00, real=0.00 secs] 
2020-10-29T15:50:59.982+0000: [GC (Allocation Failure) 2020-10-29T15:50:59.982+0000: [ParNew: 16388K->4K(18432K), 0.0023690 secs] 368501K->352117K(699720K), 0.0024148 secs] [Times: user=0.01 sys=0.00, real=0.00 secs] 
2020-10-29T15:51:00.000+0000: [GC (Allocation Failure) 2020-10-29T15:51:00.000+0000: [ParNew: 16388K->4K(18432K), 0.0023778 secs] 368501K->352117K(699720K), 0.0024242 secs] [Times: user=0.00 sys=0.00, real=0.00 secs] 
2020-10-29T15:51:00.018+0000: [GC (Allocation Failure) 2020-10-29T15:51:00.018+0000: [ParNew: 16388K->4K(18432K), 0.0024949 secs] 368501K->352117K(699720K), 0.0025461 secs] [Times: user=0.01 sys=0.00, real=0.00 secs] 
2020-10-29T15:51:00.038+0000: [GC (Allocation Failure) 2020-10-29T15:51:00.038+0000: [ParNew: 16388K->4K(18432K), 0.0024020 secs] 368501K->352117K(699720K), 0.0024506 secs] [Times: user=0.00 sys=0.00, real=0.00 secs] 
2020-10-29T15:51:00.056+0000: [GC (Allocation Failure) 2020-10-29T15:51:00.056+0000: [ParNew: 16388K->4K(18432K), 0.0036469 secs] 368501K->352117K(699720K), 0.0036952 secs] [Times: user=0.01 sys=0.00, real=0.00 secs] 
2020-10-29T15:51:00.074+0000: [GC (Allocation Failure) 2020-10-29T15:51:00.074+0000: [ParNew: 16388K->4K(18432K), 0.0025225 secs] 368501K->352117K(699720K), 0.0025744 secs] [Times: user=0.00 sys=0.00, real=0.00 secs] 
2020-10-29T15:51:00.094+0000: [GC (Allocation Failure) 2020-10-29T15:51:00.094+0000: [ParNew: 16388K->4K(18432K), 0.0023819 secs] 368501K->352117K(699720K), 0.0024298 secs] [Times: user=0.00 sys=0.00, real=0.00 secs] 
2020-10-29T15:51:00.114+0000: [GC (Allocation Failure) 2020-10-29T15:51:00.114+0000: [ParNew: 16388K->4K(18432K), 0.0025403 secs] 368501K->352117K(699720K), 0.0025918 secs] [Times: user=0.01 sys=0.00, real=0.00 secs] 
2020-10-29T15:51:00.134+0000: [GC (Allocation Failure) 2020-10-29T15:51:00.134+0000: [ParNew: 16388K->4K(18432K), 0.0024267 secs] 368501K->352117K(699720K), 0.0024750 secs] [Times: user=0.00 sys=0.00, real=0.00 secs] 
2020-10-29T15:51:00.152+0000: [GC (Allocation Failure) 2020-10-29T15:51:00.152+0000: [ParNew: 16388K->4K(18432K), 0.0025523 secs] 368501K->352117K(699720K), 0.0026044 secs] [Times: user=0.01 sys=0.00, real=0.00 secs] 
2020-10-29T15:51:00.170+0000: [GC (Allocation Failure) 2020-10-29T15:51:00.170+0000: [ParNew: 16388K->4K(18432K), 0.0025040 secs] 368501K->352117K(699720K), 0.0025556 secs] [Times: user=0.00 sys=0.00, real=0.00 secs] 
2020-10-29T15:51:00.192+0000: [GC (Allocation Failure) 2020-10-29T15:51:00.192+0000: [ParNew: 16388K->4K(18432K), 0.0026920 secs] 401269K->384885K(699720K), 0.0027585 secs] [Times: user=0.00 sys=0.00, real=0.00 secs] 
2020-10-29T15:51:00.195+0000: [GC (CMS Initial Mark) [1 CMS-initial-mark: 384881K(681288K)] 385105K(699720K), 0.0011973 secs] [Times: user=0.01 sys=0.00, real=0.00 secs] 
2020-10-29T15:51:00.196+0000: [CMS-concurrent-mark-start]
2020-10-29T15:51:00.218+0000: [GC (Allocation Failure) 2020-10-29T15:51:00.218+0000: [ParNew: 16388K->4K(18432K), 0.0024645 secs] 401269K->384885K(699720K), 0.0025205 secs] [Times: user=0.00 sys=0.00, real=0.00 secs] 
2020-10-29T15:51:00.242+0000: [GC (Allocation Failure) 2020-10-29T15:51:00.242+0000: [ParNew: 16388K->4K(18432K), 0.0025604 secs] 401269K->384885K(699720K), 0.0026423 secs] [Times: user=0.01 sys=0.00, real=0.00 secs] 
2020-10-29T15:51:00.265+0000: [GC (Allocation Failure) 2020-10-29T15:51:00.265+0000: [ParNew: 16388K->4K(18432K), 0.0025354 secs] 401269K->384885K(699720K), 0.0026055 secs] [Times: user=0.01 sys=0.00, real=0.00 secs] 
2020-10-29T15:51:00.287+0000: [GC (Allocation Failure) 2020-10-29T15:51:00.287+0000: [ParNew: 16388K->4K(18432K), 0.0024396 secs] 401269K->384885K(699720K), 0.0024919 secs] [Times: user=0.00 sys=0.00, real=0.00 secs] 
2020-10-29T15:51:00.299+0000: [CMS-concurrent-mark: 0.073/0.103 secs] [Times: user=0.19 sys=0.00, real=0.10 secs] 
2020-10-29T15:51:00.299+0000: [CMS-concurrent-preclean-start]
2020-10-29T15:51:00.302+0000: [CMS-concurrent-preclean: 0.002/0.002 secs] [Times: user=0.00 sys=0.00, real=0.00 secs] 
2020-10-29T15:51:00.302+0000: [CMS-concurrent-abortable-preclean-start]
2020-10-29T15:51:00.308+0000: [GC (Allocation Failure) 2020-10-29T15:51:00.308+0000: [ParNew: 16388K->4K(18432K), 0.0021736 secs] 401269K->384885K(699720K), 0.0022152 secs] [Times: user=0.00 sys=0.00, real=0.00 secs] 
2020-10-29T15:51:00.326+0000: [GC (Allocation Failure) 2020-10-29T15:51:00.326+0000: [ParNew: 13805K->4K(18432K), 0.0022388 secs] 398687K->384885K(699720K), 0.0022849 secs] [Times: user=0.01 sys=0.00, real=0.00 secs] 
2020-10-29T15:51:00.329+0000: [CMS-concurrent-abortable-preclean: 0.007/0.027 secs] [Times: user=0.06 sys=0.00, real=0.03 secs] 
2020-10-29T15:51:00.331+0000: [GC (CMS Final Remark) [YG occupancy: 9791 K (18432 K)]2020-10-29T15:51:00.331+0000: [Rescan (parallel) , 0.0024869 secs]2020-10-29T15:51:00.334+0000: [weak refs processing, 0.0000296 secs]2020-10-29T15:51:00.334+0000: [class unloading, 0.0084071 secs]2020-10-29T15:51:00.342+0000: [scrub symbol table, 0.0093970 secs]2020-10-29T15:51:00.351+0000: [scrub string table, 0.0005885 secs][1 CMS-remark: 384881K(681288K)] 394672K(699720K), 0.0210255 secs] [Times: user=0.02 sys=0.00, real=0.02 secs] 
2020-10-29T15:51:00.352+0000: [CMS-concurrent-sweep-start]
2020-10-29T15:51:00.364+0000: [GC (Allocation Failure) 2020-10-29T15:51:00.364+0000: [ParNew: 16388K->4K(18432K), 0.0035740 secs] 401269K->393077K(699720K), 0.0036299 secs] [Times: user=0.01 sys=0.00, real=0.00 secs] 
2020-10-29T15:51:00.376+0000: [CMS-concurrent-sweep: 0.019/0.023 secs] [Times: user=0.05 sys=0.00, real=0.02 secs] 
2020-10-29T15:51:00.376+0000: [CMS-concurrent-reset-start]
2020-10-29T15:51:00.377+0000: [CMS-concurrent-reset: 0.002/0.002 secs] [Times: user=0.00 sys=0.00, real=0.00 secs] 
2020-10-29T15:51:00.386+0000: [GC (Allocation Failure) 2020-10-29T15:51:00.386+0000: [ParNew: 16388K->4K(18432K), 0.0026312 secs] 393077K->376693K(699720K), 0.0026771 secs] [Times: user=0.00 sys=0.00, real=0.00 secs] 
2020-10-29T15:51:00.404+0000: [GC (Allocation Failure) 2020-10-29T15:51:00.404+0000: [ParNew: 16388K->4K(18432K), 0.0025455 secs] 393077K->376693K(699720K), 0.0026102 secs] [Times: user=0.01 sys=0.00, real=0.00 secs] 
2020-10-29T15:51:00.422+0000: [GC (Allocation Failure) 2020-10-29T15:51:00.422+0000: [ParNew: 16388K->4K(18432K), 0.0024942 secs] 393077K->376693K(699720K), 0.0025422 secs] [Times: user=0.00 sys=0.00, real=0.00 secs] 
2020-10-29T15:51:00.434+0000: [GC (Allocation Failure) 2020-10-29T15:51:00.434+0000: [ParNew: 16388K->4K(18432K), 0.0033987 secs] 393077K->384885K(699720K), 0.0034575 secs] [Times: user=0.01 sys=0.00, real=0.00 secs] 
2020-10-29T15:51:00.453+0000: [GC (Allocation Failure) 2020-10-29T15:51:00.453+0000: [ParNew: 16388K->4K(18432K), 0.0025690 secs] 401269K->384885K(699720K), 0.0026334 secs] [Times: user=0.00 sys=0.00, real=0.00 secs] 
2020-10-29T15:51:00.474+0000: [GC (Allocation Failure) 2020-10-29T15:51:00.474+0000: [ParNew: 16388K->4K(18432K), 0.0025788 secs] 401269K->384885K(699720K), 0.0026316 secs] [Times: user=0.01 sys=0.00, real=0.00 secs] 
2020-10-29T15:51:00.494+0000: [GC (Allocation Failure) 2020-10-29T15:51:00.494+0000: [ParNew: 16388K->4K(18432K), 0.0026986 secs] 401269K->384885K(699720K), 0.0027541 secs] [Times: user=0.00 sys=0.00, real=0.00 secs] 
2020-10-29T15:51:00.515+0000: [GC (Allocation Failure) 2020-10-29T15:51:00.515+0000: [ParNew: 16388K->4K(18432K), 0.0026922 secs] 401269K->384885K(699720K), 0.0027467 secs] [Times: user=0.01 sys=0.00, real=0.00 secs] 
2020-10-29T15:51:00.542+0000: [GC (Allocation Failure) 2020-10-29T15:51:00.542+0000: [ParNew: 16388K->15K(18432K), 0.0026679 secs] 401269K->384896K(699720K), 0.0027257 secs] [Times: user=0.00 sys=0.00, real=0.01 secs] 
2020-10-29T15:51:00.561+0000: [GC (Allocation Failure) 2020-10-29T15:51:00.561+0000: [ParNew: 16399K->8K(18432K), 0.0026740 secs] 401280K->384890K(699720K), 0.0027333 secs] [Times: user=0.01 sys=0.00, real=0.01 secs] 
2020-10-29T15:51:00.579+0000: [GC (Allocation Failure) 2020-10-29T15:51:00.579+0000: [ParNew: 16392K->8K(18432K), 0.0025870 secs] 401274K->384890K(699720K), 0.0026461 secs] [Times: user=0.00 sys=0.00, real=0.00 secs] 
2020-10-29T15:51:00.598+0000: [GC (Allocation Failure) 2020-10-29T15:51:00.598+0000: [ParNew: 16392K->7K(18432K), 0.0025893 secs] 401274K->384889K(699720K), 0.0026431 secs] [Times: user=0.01 sys=0.00, real=0.00 secs] 
2020-10-29T15:51:00.618+0000: [GC (Allocation Failure) 2020-10-29T15:51:00.618+0000: [ParNew: 16391K->7K(18432K), 0.0026371 secs] 401273K->384889K(699720K), 0.0026927 secs] [Times: user=0.00 sys=0.00, real=0.00 secs] 
2020-10-29T15:51:00.636+0000: [GC (Allocation Failure) 2020-10-29T15:51:00.636+0000: [ParNew: 16391K->7K(18432K), 0.0026781 secs] 401273K->384889K(699720K), 0.0027320 secs] [Times: user=0.01 sys=0.00, real=0.00 secs] 
2020-10-29T15:51:00.654+0000: [GC (Allocation Failure) 2020-10-29T15:51:00.654+0000: [ParNew: 16391K->4K(18432K), 0.0026046 secs] 401273K->384889K(699720K), 0.0026570 secs] [Times: user=0.00 sys=0.00, real=0.00 secs] 
2020-10-29T15:51:00.674+0000: [GC (Allocation Failure) 2020-10-29T15:51:00.674+0000: [ParNew: 16388K->4K(18432K), 0.0026370 secs] 401273K->384888K(699720K), 0.0026924 secs] [Times: user=0.01 sys=0.00, real=0.00 secs] 
2020-10-29T15:51:00.692+0000: [GC (Allocation Failure) 2020-10-29T15:51:00.692+0000: [ParNew: 16388K->4K(18432K), 0.0035581 secs] 401272K->384888K(699720K), 0.0036096 secs] [Times: user=0.00 sys=0.00, real=0.00 secs] 
2020-10-29T15:51:00.711+0000: [GC (Allocation Failure) 2020-10-29T15:51:00.711+0000: [ParNew: 16388K->4K(18432K), 0.0025511 secs] 401272K->384888K(699720K), 0.0026077 secs] [Times: user=0.00 sys=0.00, real=0.00 secs] 
2020-10-29T15:51:00.730+0000: [GC (Allocation Failure) 2020-10-29T15:51:00.730+0000: [ParNew: 16388K->4K(18432K), 0.0025811 secs] 401272K->384888K(699720K), 0.0026364 secs] [Times: user=0.01 sys=0.00, real=0.00 secs] 
2020-10-29T15:51:00.748+0000: [GC (Allocation Failure) 2020-10-29T15:51:00.748+0000: [ParNew: 16388K->4K(18432K), 0.0026367 secs] 401272K->384888K(699720K), 0.0026929 secs] [Times: user=0.01 sys=0.00, real=0.01 secs] 
2020-10-29T15:51:00.766+0000: [GC (Allocation Failure) 2020-10-29T15:51:00.766+0000: [ParNew: 16388K->4K(18432K), 0.0025413 secs] 401272K->384888K(699720K), 0.0025980 secs] [Times: user=0.00 sys=0.00, real=0.00 secs] 
2020-10-29T15:51:00.783+0000: [GC (Allocation Failure) 2020-10-29T15:51:00.783+0000: [ParNew: 16388K->4K(18432K), 0.0025168 secs] 401272K->384888K(699720K), 0.0025680 secs] [Times: user=0.00 sys=0.00, real=0.00 secs] 
2020-10-29T15:51:00.802+0000: [GC (Allocation Failure) 2020-10-29T15:51:00.802+0000: [ParNew: 16388K->4K(18432K), 0.0025383 secs] 401272K->384888K(699720K), 0.0025907 secs] [Times: user=0.01 sys=0.00, real=0.00 secs] 
2020-10-29T15:51:00.820+0000: [GC (Allocation Failure) 2020-10-29T15:51:00.820+0000: [ParNew: 16361K->4K(18432K), 0.0025972 secs] 401246K->384888K(699720K), 0.0026490 secs] [Times: user=0.00 sys=0.00, real=0.01 secs] 
2020-10-29T15:51:00.838+0000: [GC (Allocation Failure) 2020-10-29T15:51:00.838+0000: [ParNew: 16388K->4K(18432K), 0.0024551 secs] 401272K->384888K(699720K), 0.0025041 secs] [Times: user=0.00 sys=0.00, real=0.00 secs] 
2020-10-29T15:51:00.858+0000: [GC (Allocation Failure) 2020-10-29T15:51:00.858+0000: [ParNew: 16388K->4K(18432K), 0.0023652 secs] 401272K->384888K(699720K), 0.0024122 secs] [Times: user=0.01 sys=0.00, real=0.00 secs] 
2020-10-29T15:51:00.878+0000: [GC (Allocation Failure) 2020-10-29T15:51:00.878+0000: [ParNew: 16388K->4K(18432K), 0.0022294 secs] 401272K->384888K(699720K), 0.0022741 secs] [Times: user=0.00 sys=0.00, real=0.00 secs] 
2020-10-29T15:51:00.895+0000: [GC (Allocation Failure) 2020-10-29T15:51:00.895+0000: [ParNew: 16388K->4K(18432K), 0.0024116 secs] 401272K->384888K(699720K), 0.0024611 secs] [Times: user=0.01 sys=0.00, real=0.00 secs] 
2020-10-29T15:51:00.914+0000: [GC (Allocation Failure) 2020-10-29T15:51:00.914+0000: [ParNew: 16388K->4K(18432K), 0.0024124 secs] 401272K->384888K(699720K), 0.0024605 secs] [Times: user=0.01 sys=0.00, real=0.00 secs] 
2020-10-29T15:51:00.932+0000: [GC (Allocation Failure) 2020-10-29T15:51:00.932+0000: [ParNew: 16388K->4K(18432K), 0.0023998 secs] 401272K->384888K(699720K), 0.0024484 secs] [Times: user=0.00 sys=0.00, real=0.00 secs] 
2020-10-29T15:51:00.943+0000: [GC (Allocation Failure) 2020-10-29T15:51:00.943+0000: [ParNew: 16388K->4K(18432K), 0.0030590 secs] 401272K->393080K(699720K), 0.0031038 secs] [Times: user=0.01 sys=0.00, real=0.00 secs] 
2020-10-29T15:51:00.962+0000: [GC (Allocation Failure) 2020-10-29T15:51:00.962+0000: [ParNew: 16388K->4K(18432K), 0.0022720 secs] 409464K->393080K(699720K), 0.0023160 secs] [Times: user=0.00 sys=0.00, real=0.00 secs] 
2020-10-29T15:51:00.974+0000: [GC (Allocation Failure) 2020-10-29T15:51:00.974+0000: [ParNew: 16388K->4K(18432K), 0.0029817 secs] 409464K->401272K(699720K), 0.0030245 secs] [Times: user=0.00 sys=0.00, real=0.00 secs] 
2020-10-29T15:51:00.992+0000: [GC (Allocation Failure) 2020-10-29T15:51:00.992+0000: [ParNew: 16388K->4K(18432K), 0.0023436 secs] 417656K->401272K(699720K), 0.0024012 secs] [Times: user=0.01 sys=0.00, real=0.00 secs] 
2020-10-29T15:51:01.010+0000: [GC (Allocation Failure) 2020-10-29T15:51:01.010+0000: [ParNew: 16388K->4K(18432K), 0.0023877 secs] 417656K->401272K(699720K), 0.0024323 secs] [Times: user=0.00 sys=0.00, real=0.01 secs] 
2020-10-29T15:51:01.027+0000: [GC (Allocation Failure) 2020-10-29T15:51:01.027+0000: [ParNew: 16388K->4K(18432K), 0.0023771 secs] 417656K->401272K(699720K), 0.0024236 secs] [Times: user=0.01 sys=0.00, real=0.00 secs] 
2020-10-29T15:51:01.044+0000: [GC (Allocation Failure) 2020-10-29T15:51:01.044+0000: [ParNew: 16388K->4K(18432K), 0.0023929 secs] 417656K->401273K(699720K), 0.0024420 secs] [Times: user=0.01 sys=0.00, real=0.00 secs] 
2020-10-29T15:51:01.062+0000: [GC (Allocation Failure) 2020-10-29T15:51:01.062+0000: [ParNew: 16388K->4K(18432K), 0.0024134 secs] 417657K->401273K(699720K), 0.0024597 secs] [Times: user=0.01 sys=0.00, real=0.01 secs] 
2020-10-29T15:51:01.082+0000: [GC (Allocation Failure) 2020-10-29T15:51:01.082+0000: [ParNew: 16388K->4K(18432K), 0.0024387 secs] 417657K->401273K(699720K), 0.0024868 secs] [Times: user=0.01 sys=0.00, real=0.00 secs] 
2020-10-29T15:51:01.100+0000: [GC (Allocation Failure) 2020-10-29T15:51:01.100+0000: [ParNew: 16388K->4K(18432K), 0.0024564 secs] 417657K->401273K(699720K), 0.0025053 secs] [Times: user=0.00 sys=0.00, real=0.01 secs] 
2020-10-29T15:51:01.118+0000: [GC (Allocation Failure) 2020-10-29T15:51:01.118+0000: [ParNew: 16388K->2K(18432K), 0.0051710 secs] 417657K->401271K(699720K), 0.0052294 secs] [Times: user=0.01 sys=0.00, real=0.01 secs] 
2020-10-29T15:51:01.138+0000: [GC (Allocation Failure) 2020-10-29T15:51:01.138+0000: [ParNew: 16386K->4K(18432K), 0.0025172 secs] 417655K->401273K(699720K), 0.0025755 secs] [Times: user=0.00 sys=0.00, real=0.00 secs] 
2020-10-29T15:51:01.158+0000: [GC (Allocation Failure) 2020-10-29T15:51:01.158+0000: [ParNew: 16379K->4K(18432K), 0.0024664 secs] 417648K->401273K(699720K), 0.0025188 secs] [Times: user=0.00 sys=0.00, real=0.00 secs] 
2020-10-29T15:51:01.178+0000: [GC (Allocation Failure) 2020-10-29T15:51:01.178+0000: [ParNew: 16388K->4K(18432K), 0.0024350 secs] 417657K->401273K(699720K), 0.0024847 secs] [Times: user=0.01 sys=0.00, real=0.00 secs] 
2020-10-29T15:51:01.198+0000: [GC (Allocation Failure) 2020-10-29T15:51:01.198+0000: [ParNew: 16388K->4K(18432K), 0.0026725 secs] 417657K->401273K(699720K), 0.0027249 secs] [Times: user=0.01 sys=0.00, real=0.00 secs] 
2020-10-29T15:51:01.216+0000: [GC (Allocation Failure) 2020-10-29T15:51:01.216+0000: [ParNew: 16388K->4K(18432K), 0.0026002 secs] 417657K->401273K(699720K), 0.0026540 secs] [Times: user=0.00 sys=0.00, real=0.00 secs] 
2020-10-29T15:51:01.238+0000: [GC (Allocation Failure) 2020-10-29T15:51:01.238+0000: [ParNew: 16388K->4K(18432K), 0.0026193 secs] 417657K->401273K(699720K), 0.0026735 secs] [Times: user=0.01 sys=0.00, real=0.00 secs] 
2020-10-29T15:51:01.258+0000: [GC (Allocation Failure) 2020-10-29T15:51:01.258+0000: [ParNew: 16388K->4K(18432K), 0.0026105 secs] 417657K->401273K(699720K), 0.0026677 secs] [Times: user=0.00 sys=0.00, real=0.00 secs] 
2020-10-29T15:51:01.276+0000: [GC (Allocation Failure) 2020-10-29T15:51:01.276+0000: [ParNew: 16388K->4K(18432K), 0.0026030 secs] 417657K->401273K(699720K), 0.0026583 secs] [Times: user=0.01 sys=0.00, real=0.00 secs] 
2020-10-29T15:51:01.294+0000: [GC (Allocation Failure) 2020-10-29T15:51:01.294+0000: [ParNew: 16388K->4K(18432K), 0.0026022 secs] 417657K->401273K(699720K), 0.0026580 secs] [Times: user=0.00 sys=0.00, real=0.00 secs] 
2020-10-29T15:51:01.314+0000: [GC (Allocation Failure) 2020-10-29T15:51:01.314+0000: [ParNew: 16388K->4K(18432K), 0.0025835 secs] 417657K->401273K(699720K), 0.0026394 secs] [Times: user=0.01 sys=0.00, real=0.00 secs] 
2020-10-29T15:51:01.332+0000: [GC (Allocation Failure) 2020-10-29T15:51:01.332+0000: [ParNew: 16388K->4K(18432K), 0.0026135 secs] 417657K->401273K(699720K), 0.0026664 secs] [Times: user=0.01 sys=0.00, real=0.00 secs] 
2020-10-29T15:51:01.350+0000: [GC (Allocation Failure) 2020-10-29T15:51:01.350+0000: [ParNew: 16388K->4K(18432K), 0.0026579 secs] 417657K->401273K(699720K), 0.0027117 secs] [Times: user=0.00 sys=0.00, real=0.01 secs] 
2020-10-29T15:51:01.370+0000: [GC (Allocation Failure) 2020-10-29T15:51:01.370+0000: [ParNew: 16388K->4K(18432K), 0.0026637 secs] 417657K->401273K(699720K), 0.0027199 secs] [Times: user=0.00 sys=0.00, real=0.00 secs] 
2020-10-29T15:51:01.388+0000: [GC (Allocation Failure) 2020-10-29T15:51:01.388+0000: [ParNew: 16388K->4K(18432K), 0.0026404 secs] 417657K->401273K(699720K), 0.0026970 secs] [Times: user=0.01 sys=0.00, real=0.01 secs] 
2020-10-29T15:51:01.406+0000: [GC (Allocation Failure) 2020-10-29T15:51:01.406+0000: [ParNew: 16388K->4K(18432K), 0.0026096 secs] 417657K->401273K(699720K), 0.0026644 secs] [Times: user=0.01 sys=0.00, real=0.00 secs] 
2020-10-29T15:51:01.424+0000: [GC (Allocation Failure) 2020-10-29T15:51:01.424+0000: [ParNew: 16388K->4K(18432K), 0.0026788 secs] 417657K->401273K(699720K), 0.0027352 secs] [Times: user=0.00 sys=0.00, real=0.00 secs] 
2020-10-29T15:51:01.442+0000: [GC (Allocation Failure) 2020-10-29T15:51:01.442+0000: [ParNew: 16388K->4K(18432K), 0.0025994 secs] 417657K->401273K(699720K), 0.0026539 secs] [Times: user=0.01 sys=0.00, real=0.00 secs] 
2020-10-29T15:51:01.460+0000: [GC (Allocation Failure) 2020-10-29T15:51:01.460+0000: [ParNew: 16388K->4K(18432K), 0.0026430 secs] 417657K->401273K(699720K), 0.0026994 secs] [Times: user=0.00 sys=0.00, real=0.01 secs] 
2020-10-29T15:51:01.476+0000: [GC (Allocation Failure) 2020-10-29T15:51:01.476+0000: [ParNew: 14596K->4K(18432K), 0.0025364 secs] 415865K->401273K(699720K), 0.0025836 secs] [Times: user=0.00 sys=0.00, real=0.00 secs] 
2020-10-29T15:51:01.490+0000: [GC (Allocation Failure) 2020-10-29T15:51:01.490+0000: [ParNew: 16388K->4K(18432K), 0.0035064 secs] 417657K->409465K(699720K), 0.0035690 secs] [Times: user=0.01 sys=0.00, real=0.00 secs] 
2020-10-29T15:51:01.510+0000: [GC (Allocation Failure) 2020-10-29T15:51:01.510+0000: [ParNew: 16388K->4K(18432K), 0.0025643 secs] 425849K->409465K(699720K), 0.0026149 secs] [Times: user=0.00 sys=0.00, real=0.00 secs] 
2020-10-29T15:51:01.528+0000: [GC (Allocation Failure) 2020-10-29T15:51:01.528+0000: [ParNew: 16388K->4K(18432K), 0.0026081 secs] 425849K->409465K(699720K), 0.0026623 secs] [Times: user=0.01 sys=0.00, real=0.01 secs] 
2020-10-29T15:51:01.546+0000: [GC (Allocation Failure) 2020-10-29T15:51:01.546+0000: [ParNew: 16347K->4K(18432K), 0.0026341 secs] 425809K->409465K(699720K), 0.0026985 secs] [Times: user=0.00 sys=0.00, real=0.00 secs] 
2020-10-29T15:51:01.557+0000: [GC (Allocation Failure) 2020-10-29T15:51:01.557+0000: [ParNew: 16388K->4K(18432K), 0.0034109 secs] 425849K->417657K(699720K), 0.0034623 secs] [Times: user=0.00 sys=0.00, real=0.00 secs] 
2020-10-29T15:51:01.578+0000: [GC (Allocation Failure) 2020-10-29T15:51:01.578+0000: [ParNew: 16388K->4K(18432K), 0.0026155 secs] 434041K->417657K(699720K), 0.0026693 secs] [Times: user=0.01 sys=0.00, real=0.00 secs] 
2020-10-29T15:51:01.598+0000: [GC (Allocation Failure) 2020-10-29T15:51:01.598+0000: [ParNew: 16388K->4K(18432K), 0.0026475 secs] 434041K->417657K(699720K), 0.0027056 secs] [Times: user=0.01 sys=0.00, real=0.00 secs] 
2020-10-29T15:51:01.618+0000: [GC (Allocation Failure) 2020-10-29T15:51:01.618+0000: [ParNew: 16388K->4K(18432K), 0.0026565 secs] 434041K->417657K(699720K), 0.0027141 secs] [Times: user=0.00 sys=0.00, real=0.00 secs] 
2020-10-29T15:51:01.636+0000: [GC (Allocation Failure) 2020-10-29T15:51:01.636+0000: [ParNew: 16388K->4K(18432K), 0.0026443 secs] 434041K->417657K(699720K), 0.0027019 secs] [Times: user=0.00 sys=0.00, real=0.00 secs] 
2020-10-29T15:51:01.654+0000: [GC (Allocation Failure) 2020-10-29T15:51:01.654+0000: [ParNew: 16388K->4K(18432K), 0.0026617 secs] 434041K->417657K(699720K), 0.0027253 secs] [Times: user=0.01 sys=0.00, real=0.00 secs] 
2020-10-29T15:51:01.672+0000: [GC (Allocation Failure) 2020-10-29T15:51:01.672+0000: [ParNew: 16388K->4K(18432K), 0.0025913 secs] 434041K->417657K(699720K), 0.0026454 secs] [Times: user=0.00 sys=0.00, real=0.00 secs] 
2020-10-29T15:51:01.689+0000: [GC (Allocation Failure) 2020-10-29T15:51:01.689+0000: [ParNew: 16388K->4K(18432K), 0.0025464 secs] 434041K->417657K(699720K), 0.0025958 secs] [Times: user=0.01 sys=0.00, real=0.01 secs] 
2020-10-29T15:51:01.707+0000: [GC (Allocation Failure) 2020-10-29T15:51:01.707+0000: [ParNew: 16388K->4K(18432K), 0.0026219 secs] 434041K->417657K(699720K), 0.0026770 secs] [Times: user=0.00 sys=0.00, real=0.00 secs] 
2020-10-29T15:51:01.725+0000: [GC (Allocation Failure) 2020-10-29T15:51:01.725+0000: [ParNew: 16388K->4K(18432K), 0.0026116 secs] 434041K->417657K(699720K), 0.0026675 secs] [Times: user=0.01 sys=0.00, real=0.00 secs] 
2020-10-29T15:51:01.743+0000: [GC (Allocation Failure) 2020-10-29T15:51:01.743+0000: [ParNew: 16388K->4K(18432K), 0.0024862 secs] 434041K->417657K(699720K), 0.0025346 secs] [Times: user=0.00 sys=0.00, real=0.00 secs] 
2020-10-29T15:51:01.760+0000: [GC (Allocation Failure) 2020-10-29T15:51:01.760+0000: [ParNew: 16388K->4K(18432K), 0.0026181 secs] 434041K->417657K(699720K), 0.0026720 secs] [Times: user=0.01 sys=0.00, real=0.01 secs] 
2020-10-29T15:51:01.778+0000: [GC (Allocation Failure) 2020-10-29T15:51:01.778+0000: [ParNew: 16388K->4K(18432K), 0.0026380 secs] 434041K->417657K(699720K), 0.0026947 secs] [Times: user=0.01 sys=0.00, real=0.00 secs] 
2020-10-29T15:51:01.796+0000: [GC (Allocation Failure) 2020-10-29T15:51:01.796+0000: [ParNew: 16388K->4K(18432K), 0.0026810 secs] 434041K->417657K(699720K), 0.0027361 secs] [Times: user=0.01 sys=0.00, real=0.00 secs] 
2020-10-29T15:51:01.818+0000: [GC (Allocation Failure) 2020-10-29T15:51:01.818+0000: [ParNew: 16388K->4K(18432K), 0.0026074 secs] 434041K->417657K(699720K), 0.0026626 secs] [Times: user=0.00 sys=0.00, real=0.00 secs] 
2020-10-29T15:51:01.836+0000: [GC (Allocation Failure) 2020-10-29T15:51:01.836+0000: [ParNew: 16388K->4K(18432K), 0.0025949 secs] 434041K->417657K(699720K), 0.0026486 secs] [Times: user=0.01 sys=0.00, real=0.00 secs] 
2020-10-29T15:51:01.854+0000: [GC (Allocation Failure) 2020-10-29T15:51:01.854+0000: [ParNew: 16388K->4K(18432K), 0.0026481 secs] 434041K->417657K(699720K), 0.0027007 secs] [Times: user=0.01 sys=0.00, real=0.00 secs] 
2020-10-29T15:51:01.873+0000: [GC (Allocation Failure) 2020-10-29T15:51:01.873+0000: [ParNew: 16388K->4K(18432K), 0.0026371 secs] 434041K->417657K(699720K), 0.0026923 secs] [Times: user=0.00 sys=0.00, real=0.00 secs] 
2020-10-29T15:51:01.891+0000: [GC (Allocation Failure) 2020-10-29T15:51:01.891+0000: [ParNew: 16388K->4K(18432K), 0.0025749 secs] 434041K->417657K(699720K), 0.0026282 secs] [Times: user=0.01 sys=0.00, real=0.00 secs] 
2020-10-29T15:51:01.925+0000: [GC (Allocation Failure) 2020-10-29T15:51:01.925+0000: [ParNew: 16388K->6K(18432K), 0.0027094 secs] 434041K->417659K(699720K), 0.0027894 secs] [Times: user=0.01 sys=0.00, real=0.00 secs] 
2020-10-29T15:51:01.972+0000: [GC (Allocation Failure) 2020-10-29T15:51:01.973+0000: [ParNew: 16390K->6K(18432K), 0.0026315 secs] 434043K->417659K(699720K), 0.0026898 secs] [Times: user=0.00 sys=0.00, real=0.00 secs] 
2020-10-29T15:51:02.006+0000: [GC (Allocation Failure) 2020-10-29T15:51:02.006+0000: [ParNew: 16390K->6K(18432K), 0.0026118 secs] 434043K->417659K(699720K), 0.0026661 secs] [Times: user=0.00 sys=0.00, real=0.00 secs] 
2020-10-29T15:51:02.039+0000: [GC (Allocation Failure) 2020-10-29T15:51:02.039+0000: [ParNew: 16390K->6K(18432K), 0.0025050 secs] 434043K->417659K(699720K), 0.0025568 secs] [Times: user=0.00 sys=0.00, real=0.00 secs] 
2020-10-29T15:51:02.087+0000: [GC (Allocation Failure) 2020-10-29T15:51:02.087+0000: [ParNew: 16390K->4K(18432K), 0.0026723 secs] 434043K->417657K(699720K), 0.0027281 secs] [Times: user=0.01 sys=0.00, real=0.00 secs] 
2020-10-29T15:51:02.613+0000: [GC (Allocation Failure) 2020-10-29T15:51:02.614+0000: [ParNew: 16388K->6K(18432K), 0.0026388 secs] 434041K->417659K(699720K), 0.0026942 secs] [Times: user=0.00 sys=0.00, real=0.00 secs] 
2020-10-29T15:51:03.618+0000: [GC (Allocation Failure) 2020-10-29T15:51:03.618+0000: [ParNew: 16390K->470K(18432K), 0.0061320 secs] 434043K->418126K(699720K), 0.0061835 secs] [Times: user=0.02 sys=0.00, real=0.01 secs] 
2020-10-29T15:51:04.427+0000: [GC (Allocation Failure) 2020-10-29T15:51:04.427+0000: [ParNew: 16854K->939K(18432K), 0.0040097 secs] 450894K->434978K(699720K), 0.0040607 secs] [Times: user=0.01 sys=0.00, real=0.01 secs] 
2020-10-29T15:51:04.611+0000: [GC (Allocation Failure) 2020-10-29T15:51:04.611+0000: [ParNew: 17323K->2048K(18432K), 0.0110520 secs] 451362K->436342K(699720K), 0.0111190 secs] [Times: user=0.03 sys=0.00, real=0.00 secs] 
2020-10-29T15:51:04.715+0000: [GC (Allocation Failure) 2020-10-29T15:51:04.715+0000: [ParNew: 18432K->1292K(18432K), 0.0149190 secs] 452726K->437385K(699720K), 0.0150007 secs] [Times: user=0.03 sys=0.00, real=0.02 secs] 
2020-10-29T15:51:04.774+0000: [GC (Allocation Failure) 2020-10-29T15:51:04.774+0000: [ParNew: 17676K->833K(18432K), 0.0063620 secs] 453769K->436926K(699720K), 0.0064471 secs] [Times: user=0.01 sys=0.00, real=0.00 secs] 
2020-10-29T15:51:04.826+0000: [GC (Allocation Failure) 2020-10-29T15:51:04.826+0000: [ParNew: 17217K->889K(18432K), 0.0075606 secs] 453310K->436982K(699720K), 0.0076368 secs] [Times: user=0.02 sys=0.00, real=0.01 secs] 
2020-10-29T15:51:04.875+0000: [GC (Allocation Failure) 2020-10-29T15:51:04.875+0000: [ParNew: 17273K->1273K(18432K), 0.0064202 secs] 453366K->437366K(699720K), 0.0065032 secs] [Times: user=0.01 sys=0.00, real=0.00 secs] 
2020-10-29T15:51:04.921+0000: [GC (Allocation Failure) 2020-10-29T15:51:04.921+0000: [ParNew: 17657K->951K(18432K), 0.0080102 secs] 453750K->437417K(699720K), 0.0080890 secs] [Times: user=0.02 sys=0.00, real=0.01 secs] 
2020-10-29T15:51:04.966+0000: [GC (Allocation Failure) 2020-10-29T15:51:04.966+0000: [ParNew: 17335K->792K(18432K), 0.0057107 secs] 453801K->437258K(699720K), 0.0057898 secs] [Times: user=0.01 sys=0.00, real=0.01 secs] 
2020-10-29T15:51:05.022+0000: [GC (Allocation Failure) 2020-10-29T15:51:05.022+0000: [ParNew: 17176K->1049K(18432K), 0.0057907 secs] 453642K->437515K(699720K), 0.0058701 secs] [Times: user=0.01 sys=0.00, real=0.01 secs] 
2020-10-29T15:51:05.075+0000: [GC (Allocation Failure) 2020-10-29T15:51:05.075+0000: [ParNew: 17433K->1541K(18432K), 0.0042332 secs] 453899K->439043K(699720K), 0.0043069 secs] [Times: user=0.01 sys=0.00, real=0.00 secs] 
2020-10-29T15:51:05.117+0000: [GC (Allocation Failure) 2020-10-29T15:51:05.117+0000: [ParNew: 17925K->4K(18432K), 0.0027976 secs] 455427K->438018K(699720K), 0.0028561 secs] [Times: user=0.00 sys=0.00, real=0.00 secs] 
2020-10-29T15:51:05.156+0000: [GC (Allocation Failure) 2020-10-29T15:51:05.156+0000: [ParNew: 16388K->4K(18432K), 0.0025760 secs] 454402K->438018K(699720K), 0.0026319 secs] [Times: user=0.00 sys=0.00, real=0.00 secs] 
2020-10-29T15:51:05.198+0000: [GC (Allocation Failure) 2020-10-29T15:51:05.198+0000: [ParNew: 16388K->4K(18432K), 0.0025524 secs] 454402K->438018K(699720K), 0.0026251 secs] [Times: user=0.00 sys=0.00, real=0.00 secs] 
2020-10-29T15:51:05.251+0000: [GC (Allocation Failure) 2020-10-29T15:51:05.251+0000: [ParNew: 16388K->1028K(18432K), 0.0027347 secs] 454402K->439042K(699720K), 0.0028080 secs] [Times: user=0.01 sys=0.00, real=0.00 secs] 
2020-10-29T15:51:05.292+0000: [GC (Allocation Failure) 2020-10-29T15:51:05.292+0000: [ParNew: 17412K->4K(18432K), 0.0027808 secs] 455426K->439042K(699720K), 0.0028367 secs] [Times: user=0.01 sys=0.00, real=0.00 secs] 
2020-10-29T15:51:05.317+0000: [GC (Allocation Failure) 2020-10-29T15:51:05.317+0000: [ParNew: 16388K->4K(18432K), 0.0068253 secs] 455426K->439042K(699720K), 0.0068929 secs] [Times: user=0.01 sys=0.00, real=0.01 secs] 
2020-10-29T15:51:05.354+0000: [GC (Allocation Failure) 2020-10-29T15:51:05.354+0000: [ParNew: 16388K->4K(18432K), 0.0025662 secs] 455426K->439042K(699720K), 0.0026185 secs] [Times: user=0.00 sys=0.00, real=0.00 secs] 
2020-10-29T15:51:05.374+0000: [GC (Allocation Failure) 2020-10-29T15:51:05.374+0000: [ParNew: 16388K->4K(18432K), 0.0027399 secs] 455426K->441090K(699720K), 0.0027875 secs] [Times: user=0.01 sys=0.00, real=0.00 secs] 
2020-10-29T15:51:05.394+0000: [GC (Allocation Failure) 2020-10-29T15:51:05.394+0000: [ParNew: 16388K->6K(18432K), 0.0024726 secs] 457474K->441092K(699720K), 0.0025205 secs] [Times: user=0.01 sys=0.00, real=0.00 secs] 
2020-10-29T15:51:05.413+0000: [GC (Allocation Failure) 2020-10-29T15:51:05.413+0000: [ParNew: 16390K->4K(18432K), 0.0023686 secs] 457476K->441090K(699720K), 0.0024125 secs] [Times: user=0.01 sys=0.00, real=0.00 secs] 
2020-10-29T15:51:05.434+0000: [GC (Allocation Failure) 2020-10-29T15:51:05.434+0000: [ParNew: 16388K->4K(18432K), 0.0023699 secs] 457474K->441090K(699720K), 0.0024154 secs] [Times: user=0.01 sys=0.00, real=0.00 secs] 
2020-10-29T15:51:05.459+0000: [GC (Allocation Failure) 2020-10-29T15:51:05.459+0000: [ParNew: 16388K->4K(18432K), 0.0024782 secs] 457474K->441090K(699720K), 0.0025290 secs] [Times: user=0.00 sys=0.00, real=0.00 secs] 
2020-10-29T15:51:05.482+0000: [GC (Allocation Failure) 2020-10-29T15:51:05.482+0000: [ParNew: 16388K->4K(18432K), 0.0026276 secs] 457474K->441090K(699720K), 0.0026843 secs] [Times: user=0.01 sys=0.00, real=0.00 secs] 
2020-10-29T15:51:05.514+0000: [GC (Allocation Failure) 2020-10-29T15:51:05.514+0000: [ParNew: 16388K->4K(18432K), 0.0026457 secs] 457474K->441090K(699720K), 0.0027231 secs] [Times: user=0.00 sys=0.00, real=0.00 secs] 
2020-10-29T15:51:05.538+0000: [GC (Allocation Failure) 2020-10-29T15:51:05.538+0000: [ParNew: 16388K->4K(18432K), 0.0025935 secs] 457474K->441090K(699720K), 0.0026505 secs] [Times: user=0.01 sys=0.00, real=0.00 secs] 
2020-10-29T15:51:05.562+0000: [GC (Allocation Failure) 2020-10-29T15:51:05.562+0000: [ParNew: 16388K->4K(18432K), 0.0029777 secs] 457474K->443138K(699720K), 0.0030535 secs] [Times: user=0.01 sys=0.00, real=0.00 secs] 
2020-10-29T15:51:05.591+0000: [GC (Allocation Failure) 2020-10-29T15:51:05.592+0000: [ParNew: 16388K->4K(18432K), 0.0026734 secs] 459522K->443138K(699720K), 0.0027585 secs] [Times: user=0.01 sys=0.00, real=0.00 secs] 
2020-10-29T15:51:05.617+0000: [GC (Allocation Failure) 2020-10-29T15:51:05.617+0000: [ParNew: 16388K->4K(18432K), 0.0026231 secs] 459522K->443138K(699720K), 0.0026968 secs] [Times: user=0.00 sys=0.00, real=0.00 secs] 
2020-10-29T15:51:05.642+0000: [GC (Allocation Failure) 2020-10-29T15:51:05.642+0000: [ParNew: 16388K->4K(18432K), 0.0026183 secs] 459522K->443138K(699720K), 0.0026945 secs] [Times: user=0.00 sys=0.00, real=0.00 secs] 
2020-10-29T15:51:05.685+0000: [GC (Allocation Failure) 2020-10-29T15:51:05.685+0000: [ParNew: 16388K->4K(18432K), 0.0026033 secs] 459522K->443138K(699720K), 0.0026788 secs] [Times: user=0.01 sys=0.00, real=0.00 secs] 
2020-10-29T15:51:05.720+0000: [GC (Allocation Failure) 2020-10-29T15:51:05.720+0000: [ParNew: 16388K->4K(18432K), 0.0026095 secs] 459522K->443138K(699720K), 0.0026803 secs] [Times: user=0.01 sys=0.00, real=0.01 secs] 
2020-10-29T15:51:05.764+0000: [GC (Allocation Failure) 2020-10-29T15:51:05.764+0000: [ParNew: 16388K->4K(18432K), 0.0026540 secs] 459522K->443138K(699720K), 0.0027266 secs] [Times: user=0.01 sys=0.00, real=0.00 secs] 
2020-10-29T15:51:05.799+0000: [GC (Allocation Failure) 2020-10-29T15:51:05.799+0000: [ParNew: 16388K->4K(18432K), 0.0026372 secs] 459522K->443138K(699720K), 0.0027133 secs] [Times: user=0.01 sys=0.00, real=0.00 secs] 
2020-10-29T15:51:05.833+0000: [GC (Allocation Failure) 2020-10-29T15:51:05.833+0000: [ParNew: 16388K->4K(18432K), 0.0026428 secs] 459522K->443138K(699720K), 0.0027100 secs] [Times: user=0.00 sys=0.00, real=0.00 secs] 
2020-10-29T15:51:05.862+0000: [GC (Allocation Failure) 2020-10-29T15:51:05.862+0000: [ParNew: 16388K->4K(18432K), 0.0025326 secs] 459522K->443138K(699720K), 0.0026032 secs] [Times: user=0.00 sys=0.00, real=0.00 secs] 
2020-10-29T15:51:05.886+0000: [GC (Allocation Failure) 2020-10-29T15:51:05.886+0000: [ParNew: 16388K->6K(18432K), 0.0025658 secs] 459522K->443140K(699720K), 0.0026371 secs] [Times: user=0.01 sys=0.00, real=0.00 secs] 
2020-10-29T15:51:05.911+0000: [GC (Allocation Failure) 2020-10-29T15:51:05.912+0000: [ParNew: 16390K->4K(18432K), 0.0054058 secs] 459524K->443139K(699720K), 0.0054606 secs] [Times: user=0.01 sys=0.00, real=0.00 secs] 
2020-10-29T15:51:05.938+0000: [GC (Allocation Failure) 2020-10-29T15:51:05.938+0000: [ParNew: 16388K->4K(18432K), 0.0059918 secs] 459523K->443139K(699720K), 0.0060438 secs] [Times: user=0.00 sys=0.00, real=0.01 secs] 
2020-10-29T15:51:05.965+0000: [GC (Allocation Failure) 2020-10-29T15:51:05.965+0000: [ParNew: 16388K->4K(18432K), 0.0025573 secs] 459523K->443139K(699720K), 0.0026114 secs] [Times: user=0.00 sys=0.00, real=0.00 secs] 
2020-10-29T15:51:05.982+0000: [GC (Allocation Failure) 2020-10-29T15:51:05.982+0000: [ParNew: 16388K->4K(18432K), 0.0029805 secs] 459523K->447235K(699720K), 0.0030313 secs] [Times: user=0.00 sys=0.00, real=0.00 secs] 
2020-10-29T15:51:06.003+0000: [GC (Allocation Failure) 2020-10-29T15:51:06.003+0000: [ParNew: 16388K->6K(18432K), 0.0025435 secs] 463619K->447237K(699720K), 0.0025951 secs] [Times: user=0.00 sys=0.00, real=0.00 secs] 
2020-10-29T15:51:06.021+0000: [GC (Allocation Failure) 2020-10-29T15:51:06.021+0000: [ParNew: 16390K->4K(18432K), 0.0023640 secs] 463621K->447235K(699720K), 0.0024105 secs] [Times: user=0.01 sys=0.00, real=0.01 secs] 
2020-10-29T15:51:06.040+0000: [GC (Allocation Failure) 2020-10-29T15:51:06.040+0000: [ParNew: 16388K->4K(18432K), 0.0023293 secs] 463619K->447235K(699720K), 0.0023760 secs] [Times: user=0.00 sys=0.00, real=0.01 secs] 
2020-10-29T15:51:06.059+0000: [GC (Allocation Failure) 2020-10-29T15:51:06.059+0000: [ParNew: 16388K->4K(18432K), 0.0024054 secs] 463619K->447235K(699720K), 0.0024536 secs] [Times: user=0.00 sys=0.00, real=0.00 secs] 
2020-10-29T15:51:06.078+0000: [GC (Allocation Failure) 2020-10-29T15:51:06.078+0000: [ParNew: 16388K->4K(18432K), 0.0022433 secs] 463619K->447235K(699720K), 0.0022890 secs] [Times: user=0.01 sys=0.00, real=0.00 secs] 
2020-10-29T15:51:06.093+0000: [GC (Allocation Failure) 2020-10-29T15:51:06.093+0000: [ParNew: 16388K->4K(18432K), 0.0029622 secs] 463619K->451331K(699720K), 0.0030205 secs] [Times: user=0.01 sys=0.00, real=0.00 secs] 
2020-10-29T15:51:06.114+0000: [GC (Allocation Failure) 2020-10-29T15:51:06.114+0000: [ParNew: 16388K->4K(18432K), 0.0025041 secs] 467715K->451331K(699720K), 0.0025546 secs] [Times: user=0.00 sys=0.00, real=0.00 secs] 
2020-10-29T15:51:06.132+0000: [GC (Allocation Failure) 2020-10-29T15:51:06.132+0000: [ParNew: 16388K->4K(18432K), 0.0023991 secs] 467715K->451331K(699720K), 0.0024436 secs] [Times: user=0.00 sys=0.00, real=0.00 secs] 
2020-10-29T15:51:06.150+0000: [GC (Allocation Failure) 2020-10-29T15:51:06.150+0000: [ParNew: 16388K->4K(18432K), 0.0024210 secs] 467715K->451331K(699720K), 0.0024677 secs] [Times: user=0.00 sys=0.00, real=0.00 secs] 
2020-10-29T15:51:06.168+0000: [GC (Allocation Failure) 2020-10-29T15:51:06.168+0000: [ParNew: 16388K->6K(18432K), 0.0024307 secs] 467715K->451333K(699720K), 0.0024756 secs] [Times: user=0.00 sys=0.00, real=0.01 secs] 
2020-10-29T15:51:06.186+0000: [GC (Allocation Failure) 2020-10-29T15:51:06.186+0000: [ParNew: 16390K->4K(18432K), 0.0023909 secs] 467717K->451331K(699720K), 0.0024369 secs] [Times: user=0.01 sys=0.00, real=0.00 secs] 
2020-10-29T15:51:06.204+0000: [GC (Allocation Failure) 2020-10-29T15:51:06.204+0000: [ParNew: 16388K->2K(18432K), 0.0024150 secs] 467715K->451329K(699720K), 0.0024602 secs] [Times: user=0.01 sys=0.00, real=0.00 secs] 
2020-10-29T15:51:06.221+0000: [GC (Allocation Failure) 2020-10-29T15:51:06.221+0000: [ParNew: 16386K->2K(18432K), 0.0023544 secs] 467713K->451329K(699720K), 0.0023982 secs] [Times: user=0.00 sys=0.00, real=0.01 secs] 
2020-10-29T15:51:06.240+0000: [GC (Allocation Failure) 2020-10-29T15:51:06.240+0000: [ParNew: 16386K->2K(18432K), 0.0024045 secs] 467713K->451329K(699720K), 0.0024483 secs] [Times: user=0.00 sys=0.00, real=0.01 secs] 
2020-10-29T15:51:06.258+0000: [GC (Allocation Failure) 2020-10-29T15:51:06.258+0000: [ParNew: 16386K->4K(18432K), 0.0022006 secs] 467713K->451331K(699720K), 0.0022449 secs] [Times: user=0.01 sys=0.00, real=0.00 secs] 
2020-10-29T15:51:06.278+0000: [GC (Allocation Failure) 2020-10-29T15:51:06.278+0000: [ParNew: 16388K->4K(18432K), 0.0023705 secs] 467715K->451331K(699720K), 0.0024174 secs] [Times: user=0.00 sys=0.00, real=0.00 secs] 
2020-10-29T15:51:06.298+0000: [GC (Allocation Failure) 2020-10-29T15:51:06.298+0000: [ParNew: 16388K->4K(18432K), 0.0025159 secs] 467715K->451331K(699720K), 0.0025680 secs] [Times: user=0.01 sys=0.00, real=0.00 secs] 
2020-10-29T15:51:06.316+0000: [GC (Allocation Failure) 2020-10-29T15:51:06.316+0000: [ParNew: 16388K->2K(18432K), 0.0024431 secs] 467715K->451329K(699720K), 0.0024847 secs] [Times: user=0.00 sys=0.00, real=0.00 secs] 
2020-10-29T15:51:06.334+0000: [GC (Allocation Failure) 2020-10-29T15:51:06.334+0000: [ParNew: 16386K->2K(18432K), 0.0022664 secs] 467713K->451329K(699720K), 0.0023089 secs] [Times: user=0.01 sys=0.00, real=0.00 secs] 
2020-10-29T15:51:06.352+0000: [GC (Allocation Failure) 2020-10-29T15:51:06.352+0000: [ParNew: 16386K->2K(18432K), 0.0022226 secs] 467713K->451329K(699720K), 0.0022662 secs] [Times: user=0.01 sys=0.00, real=0.00 secs] 
2020-10-29T15:51:06.369+0000: [GC (Allocation Failure) 2020-10-29T15:51:06.369+0000: [ParNew: 16386K->4K(18432K), 0.0022001 secs] 467713K->451331K(699720K), 0.0022431 secs] [Times: user=0.00 sys=0.00, real=0.01 secs] 
2020-10-29T15:51:06.390+0000: [GC (Allocation Failure) 2020-10-29T15:51:06.390+0000: [ParNew: 16388K->4K(18432K), 0.0021762 secs] 467715K->451331K(699720K), 0.0022201 secs] [Times: user=0.01 sys=0.00, real=0.00 secs] 
2020-10-29T15:51:06.410+0000: [GC (Allocation Failure) 2020-10-29T15:51:06.410+0000: [ParNew: 16388K->4K(18432K), 0.0022710 secs] 467715K->451331K(699720K), 0.0023173 secs] [Times: user=0.01 sys=0.00, real=0.00 secs] 
2020-10-29T15:51:06.428+0000: [GC (Allocation Failure) 2020-10-29T15:51:06.428+0000: [ParNew: 16388K->4K(18432K), 0.0023780 secs] 467715K->451331K(699720K), 0.0024278 secs] [Times: user=0.00 sys=0.00, real=0.01 secs] 
2020-10-29T15:51:06.446+0000: [GC (Allocation Failure) 2020-10-29T15:51:06.446+0000: [ParNew: 16388K->4K(18432K), 0.0024323 secs] 467715K->451331K(699720K), 0.0024821 secs] [Times: user=0.01 sys=0.00, real=0.00 secs] 
2020-10-29T15:51:06.464+0000: [GC (Allocation Failure) 2020-10-29T15:51:06.464+0000: [ParNew: 16388K->2K(18432K), 0.0022892 secs] 467715K->451329K(699720K), 0.0023348 secs] [Times: user=0.00 sys=0.00, real=0.00 secs] 
2020-10-29T15:51:06.482+0000: [GC (Allocation Failure) 2020-10-29T15:51:06.482+0000: [ParNew: 16386K->4K(18432K), 0.0022232 secs] 467713K->451331K(699720K), 0.0022670 secs] [Times: user=0.00 sys=0.00, real=0.00 secs] 
2020-10-29T15:51:06.502+0000: [GC (Allocation Failure) 2020-10-29T15:51:06.502+0000: [ParNew: 16388K->4K(18432K), 0.0022415 secs] 467715K->451331K(699720K), 0.0022860 secs] [Times: user=0.01 sys=0.00, real=0.00 secs] 
2020-10-29T15:51:06.522+0000: [GC (Allocation Failure) 2020-10-29T15:51:06.522+0000: [ParNew: 16388K->4K(18432K), 0.0022148 secs] 467715K->451331K(699720K), 0.0022588 secs] [Times: user=0.01 sys=0.00, real=0.00 secs] 
2020-10-29T15:51:06.540+0000: [GC (Allocation Failure) 2020-10-29T15:51:06.540+0000: [ParNew: 16388K->4K(18432K), 0.0023706 secs] 467715K->451331K(699720K), 0.0024355 secs] [Times: user=0.01 sys=0.00, real=0.01 secs] 
2020-10-29T15:51:06.558+0000: [GC (Allocation Failure) 2020-10-29T15:51:06.558+0000: [ParNew: 16388K->4K(18432K), 0.0024062 secs] 467715K->451331K(699720K), 0.0024544 secs] [Times: user=0.00 sys=0.00, real=0.00 secs] 
2020-10-29T15:51:06.576+0000: [GC (Allocation Failure) 2020-10-29T15:51:06.576+0000: [ParNew: 16388K->4K(18432K), 0.0025367 secs] 467715K->451331K(699720K), 0.0025860 secs] [Times: user=0.00 sys=0.00, real=0.00 secs] 
2020-10-29T15:51:06.594+0000: [GC (Allocation Failure) 2020-10-29T15:51:06.594+0000: [ParNew: 16388K->4K(18432K), 0.0024976 secs] 467715K->451331K(699720K), 0.0025555 secs] [Times: user=0.01 sys=0.00, real=0.00 secs] 
2020-10-29T15:51:06.611+0000: [GC (Allocation Failure) 2020-10-29T15:51:06.611+0000: [ParNew: 16388K->4K(18432K), 0.0024397 secs] 467715K->451331K(699720K), 0.0024862 secs] [Times: user=0.00 sys=0.00, real=0.00 secs] 
2020-10-29T15:51:06.630+0000: [GC (Allocation Failure) 2020-10-29T15:51:06.630+0000: [ParNew: 16388K->2K(18432K), 0.0025107 secs] 467715K->451329K(699720K), 0.0025611 secs] [Times: user=0.01 sys=0.00, real=0.00 secs] 
2020-10-29T15:51:06.650+0000: [GC (Allocation Failure) 2020-10-29T15:51:06.650+0000: [ParNew: 16386K->4K(18432K), 0.0025783 secs] 467713K->451331K(699720K), 0.0026322 secs] [Times: user=0.00 sys=0.00, real=0.00 secs] 
2020-10-29T15:51:06.668+0000: [GC (Allocation Failure) 2020-10-29T15:51:06.668+0000: [ParNew: 16388K->2K(18432K), 0.0024935 secs] 467715K->451329K(699720K), 0.0025423 secs] [Times: user=0.01 sys=0.00, real=0.01 secs] 
2020-10-29T15:51:06.686+0000: [GC (Allocation Failure) 2020-10-29T15:51:06.686+0000: [ParNew: 16386K->2K(18432K), 0.0025677 secs] 467713K->451329K(699720K), 0.0026138 secs] [Times: user=0.01 sys=0.00, real=0.00 secs] 
2020-10-29T15:51:06.704+0000: [GC (Allocation Failure) 2020-10-29T15:51:06.704+0000: [ParNew: 16386K->4K(18432K), 0.0026010 secs] 467713K->451331K(699720K), 0.0026540 secs] [Times: user=0.00 sys=0.00, real=0.00 secs] 
2020-10-29T15:51:06.722+0000: [GC (Allocation Failure) 2020-10-29T15:51:06.722+0000: [ParNew: 16388K->4K(18432K), 0.0024725 secs] 467715K->451331K(699720K), 0.0025213 secs] [Times: user=0.00 sys=0.00, real=0.01 secs] 
2020-10-29T15:51:06.741+0000: [GC (Allocation Failure) 2020-10-29T15:51:06.741+0000: [ParNew: 16388K->4K(18432K), 0.0025106 secs] 467715K->451331K(699720K), 0.0025625 secs] [Times: user=0.01 sys=0.00, real=0.01 secs] 
2020-10-29T15:51:06.759+0000: [GC (Allocation Failure) 2020-10-29T15:51:06.759+0000: [ParNew: 16388K->6K(18432K), 0.0022652 secs] 467715K->451333K(699720K), 0.0023117 secs] [Times: user=0.00 sys=0.00, real=0.00 secs] 
2020-10-29T15:51:06.777+0000: [GC (Allocation Failure) 2020-10-29T15:51:06.777+0000: [ParNew: 16390K->4K(18432K), 0.0024709 secs] 467717K->451331K(699720K), 0.0025325 secs] [Times: user=0.00 sys=0.00, real=0.00 secs] 
2020-10-29T15:51:06.794+0000: [GC (Allocation Failure) 2020-10-29T15:51:06.794+0000: [ParNew: 16388K->6K(18432K), 0.0024398 secs] 467715K->451333K(699720K), 0.0024861 secs] [Times: user=0.01 sys=0.00, real=0.00 secs] 
2020-10-29T15:51:06.814+0000: [GC (Allocation Failure) 2020-10-29T15:51:06.814+0000: [ParNew: 16390K->4K(18432K), 0.0023524 secs] 467717K->451332K(699720K), 0.0024000 secs] [Times: user=0.01 sys=0.00, real=0.00 secs] 
2020-10-29T15:51:06.834+0000: [GC (Allocation Failure) 2020-10-29T15:51:06.834+0000: [ParNew: 16388K->4K(18432K), 0.0023681 secs] 467716K->451332K(699720K), 0.0024149 secs] [Times: user=0.00 sys=0.00, real=0.00 secs] 
2020-10-29T15:51:06.854+0000: [GC (Allocation Failure) 2020-10-29T15:51:06.854+0000: [ParNew: 16388K->4K(18432K), 0.0023986 secs] 467716K->451332K(699720K), 0.0024459 secs] [Times: user=0.00 sys=0.00, real=0.00 secs] 
2020-10-29T15:51:06.874+0000: [GC (Allocation Failure) 2020-10-29T15:51:06.874+0000: [ParNew: 16388K->2K(18432K), 0.0025010 secs] 467716K->451330K(699720K), 0.0025529 secs] [Times: user=0.01 sys=0.00, real=0.00 secs] 
2020-10-29T15:51:06.892+0000: [GC (Allocation Failure) 2020-10-29T15:51:06.892+0000: [ParNew: 16386K->4K(18432K), 0.0024883 secs] 467714K->451332K(699720K), 0.0025393 secs] [Times: user=0.00 sys=0.00, real=0.00 secs] 
2020-10-29T15:51:06.910+0000: [GC (Allocation Failure) 2020-10-29T15:51:06.910+0000: [ParNew: 16388K->2K(18432K), 0.0025125 secs] 467716K->451330K(699720K), 0.0025630 secs] [Times: user=0.01 sys=0.00, real=0.01 secs] 
2020-10-29T15:51:06.928+0000: [GC (Allocation Failure) 2020-10-29T15:51:06.928+0000: [ParNew: 16386K->4K(18432K), 0.0024780 secs] 467714K->451332K(699720K), 0.0025275 secs] [Times: user=0.00 sys=0.00, real=0.00 secs] 
2020-10-29T15:51:06.946+0000: [GC (Allocation Failure) 2020-10-29T15:51:06.946+0000: [ParNew: 16388K->4K(18432K), 0.0026709 secs] 467716K->451332K(699720K), 0.0027218 secs] [Times: user=0.00 sys=0.00, real=0.00 secs] 
2020-10-29T15:51:06.964+0000: [GC (Allocation Failure) 2020-10-29T15:51:06.964+0000: [ParNew: 16388K->2K(18432K), 0.0025483 secs] 467716K->451330K(699720K), 0.0026008 secs] [Times: user=0.01 sys=0.00, real=0.00 secs] 
2020-10-29T15:51:06.982+0000: [GC (Allocation Failure) 2020-10-29T15:51:06.982+0000: [ParNew: 16386K->2K(18432K), 0.0025076 secs] 467714K->451330K(699720K), 0.0025572 secs] [Times: user=0.01 sys=0.00, real=0.01 secs] 
2020-10-29T15:51:06.999+0000: [GC (Allocation Failure) 2020-10-29T15:51:06.999+0000: [ParNew: 16386K->2K(18432K), 0.0025358 secs] 467714K->451330K(699720K), 0.0025856 secs] [Times: user=0.00 sys=0.00, real=0.00 secs] 
2020-10-29T15:51:07.018+0000: [GC (Allocation Failure) 2020-10-29T15:51:07.018+0000: [ParNew: 16386K->2K(18432K), 0.0024604 secs] 467714K->451330K(699720K), 0.0025102 secs] [Times: user=0.01 sys=0.00, real=0.00 secs] 
2020-10-29T15:51:07.036+0000: [GC (Allocation Failure) 2020-10-29T15:51:07.036+0000: [ParNew: 16386K->4K(18432K), 0.0025638 secs] 467714K->451332K(699720K), 0.0026147 secs] [Times: user=0.00 sys=0.00, real=0.00 secs] 
2020-10-29T15:51:07.054+0000: [GC (Allocation Failure) 2020-10-29T15:51:07.054+0000: [ParNew: 16388K->4K(18432K), 0.0024423 secs] 467716K->451332K(699720K), 0.0024917 secs] [Times: user=0.01 sys=0.00, real=0.00 secs] 
2020-10-29T15:51:07.072+0000: [GC (Allocation Failure) 2020-10-29T15:51:07.072+0000: [ParNew: 16388K->4K(18432K), 0.0024409 secs] 467716K->451332K(699720K), 0.0024879 secs] [Times: user=0.00 sys=0.00, real=0.00 secs] 
2020-10-29T15:51:07.090+0000: [GC (Allocation Failure) 2020-10-29T15:51:07.090+0000: [ParNew: 16388K->4K(18432K), 0.0024516 secs] 467716K->451332K(699720K), 0.0024987 secs] [Times: user=0.01 sys=0.00, real=0.01 secs] 
2020-10-29T15:51:07.107+0000: [GC (Allocation Failure) 2020-10-29T15:51:07.107+0000: [ParNew: 16388K->4K(18432K), 0.0024014 secs] 467716K->451332K(699720K), 0.0024488 secs] [Times: user=0.00 sys=0.00, real=0.00 secs] 
2020-10-29T15:51:07.126+0000: [GC (Allocation Failure) 2020-10-29T15:51:07.126+0000: [ParNew: 16388K->4K(18432K), 0.0024311 secs] 467716K->451332K(699720K), 0.0024785 secs] [Times: user=0.01 sys=0.00, real=0.00 secs] 
2020-10-29T15:51:07.146+0000: [GC (Allocation Failure) 2020-10-29T15:51:07.146+0000: [ParNew: 16388K->6K(18432K), 0.0024824 secs] 467716K->451334K(699720K), 0.0025321 secs] [Times: user=0.00 sys=0.00, real=0.00 secs] 
2020-10-29T15:51:07.166+0000: [GC (Allocation Failure) 2020-10-29T15:51:07.166+0000: [ParNew: 16390K->4K(18432K), 0.0024152 secs] 467718K->451332K(699720K), 0.0024640 secs] [Times: user=0.00 sys=0.00, real=0.00 secs] 
2020-10-29T15:51:07.184+0000: [GC (Allocation Failure) 2020-10-29T15:51:07.184+0000: [ParNew: 16388K->4K(18432K), 0.0024808 secs] 467716K->451332K(699720K), 0.0025320 secs] [Times: user=0.01 sys=0.00, real=0.00 secs] 
2020-10-29T15:51:07.202+0000: [GC (Allocation Failure) 2020-10-29T15:51:07.202+0000: [ParNew: 16388K->2K(18432K), 0.0023826 secs] 467716K->451330K(699720K), 0.0024321 secs] [Times: user=0.00 sys=0.00, real=0.01 secs] 
2020-10-29T15:51:07.222+0000: [GC (Allocation Failure) 2020-10-29T15:51:07.222+0000: [ParNew: 16386K->2K(18432K), 0.0024539 secs] 467714K->451330K(699720K), 0.0025046 secs] [Times: user=0.01 sys=0.00, real=0.00 secs] 
2020-10-29T15:51:07.242+0000: [GC (Allocation Failure) 2020-10-29T15:51:07.242+0000: [ParNew: 16386K->4K(18432K), 0.0024198 secs] 467714K->451332K(699720K), 0.0024681 secs] [Times: user=0.00 sys=0.00, real=0.00 secs] 
2020-10-29T15:51:07.260+0000: [GC (Allocation Failure) 2020-10-29T15:51:07.260+0000: [ParNew: 16388K->2K(18432K), 0.0025141 secs] 467716K->451330K(699720K), 0.0025653 secs] [Times: user=0.00 sys=0.00, real=0.01 secs] 
2020-10-29T15:51:07.278+0000: [GC (Allocation Failure) 2020-10-29T15:51:07.278+0000: [ParNew: 16386K->2K(18432K), 0.0024258 secs] 467714K->451330K(699720K), 0.0024744 secs] [Times: user=0.01 sys=0.00, real=0.00 secs] 
2020-10-29T15:51:07.298+0000: [GC (Allocation Failure) 2020-10-29T15:51:07.298+0000: [ParNew: 16386K->2K(18432K), 0.0026307 secs] 467714K->451330K(699720K), 0.0026934 secs] [Times: user=0.01 sys=0.00, real=0.00 secs] 
2020-10-29T15:51:07.316+0000: [GC (Allocation Failure) 2020-10-29T15:51:07.316+0000: [ParNew: 16386K->4K(18432K), 0.0026525 secs] 467714K->451332K(699720K), 0.0027074 secs] [Times: user=0.00 sys=0.00, real=0.00 secs] 
2020-10-29T15:51:07.338+0000: [GC (Allocation Failure) 2020-10-29T15:51:07.338+0000: [ParNew: 16388K->2K(18432K), 0.0025298 secs] 467716K->451330K(699720K), 0.0025776 secs] [Times: user=0.00 sys=0.00, real=0.00 secs] 
2020-10-29T15:51:07.357+0000: [GC (Allocation Failure) 2020-10-29T15:51:07.357+0000: [ParNew: 16386K->4K(18432K), 0.0025753 secs] 467714K->451332K(699720K), 0.0026275 secs] [Times: user=0.01 sys=0.00, real=0.00 secs] 
2020-10-29T15:51:07.374+0000: [GC (Allocation Failure) 2020-10-29T15:51:07.374+0000: [ParNew: 16388K->2K(18432K), 0.0026615 secs] 467716K->451330K(699720K), 0.0027227 secs] [Times: user=0.00 sys=0.00, real=0.00 secs] 
2020-10-29T15:51:07.392+0000: [GC (Allocation Failure) 2020-10-29T15:51:07.392+0000: [ParNew: 16386K->4K(18432K), 0.0025352 secs] 467714K->451332K(699720K), 0.0025841 secs] [Times: user=0.01 sys=0.00, real=0.00 secs] 
2020-10-29T15:51:07.410+0000: [GC (Allocation Failure) 2020-10-29T15:51:07.410+0000: [ParNew: 16388K->2K(18432K), 0.0024998 secs] 467716K->451330K(699720K), 0.0025473 secs] [Times: user=0.00 sys=0.00, real=0.01 secs] 
2020-10-29T15:51:07.427+0000: [GC (Allocation Failure) 2020-10-29T15:51:07.427+0000: [ParNew: 16386K->2K(18432K), 0.0023181 secs] 467714K->451330K(699720K), 0.0023606 secs] [Times: user=0.01 sys=0.00, real=0.00 secs] 
2020-10-29T15:51:07.446+0000: [GC (Allocation Failure) 2020-10-29T15:51:07.446+0000: [ParNew: 16386K->2K(18432K), 0.0023390 secs] 467714K->451330K(699720K), 0.0023866 secs] [Times: user=0.00 sys=0.00, real=0.00 secs] 
2020-10-29T15:51:07.464+0000: [GC (Allocation Failure) 2020-10-29T15:51:07.464+0000: [ParNew: 16386K->2K(18432K), 0.0022555 secs] 467714K->451330K(699720K), 0.0023023 secs] [Times: user=0.00 sys=0.01, real=0.00 secs] 
2020-10-29T15:51:07.481+0000: [GC (Allocation Failure) 2020-10-29T15:51:07.481+0000: [ParNew: 16386K->4K(18432K), 0.0021916 secs] 467714K->451332K(699720K), 0.0022467 secs] [Times: user=0.01 sys=0.00, real=0.01 secs] 
2020-10-29T15:51:07.499+0000: [GC (Allocation Failure) 2020-10-29T15:51:07.499+0000: [ParNew: 16388K->4K(18432K), 0.0022137 secs] 467716K->451332K(699720K), 0.0022587 secs] [Times: user=0.00 sys=0.00, real=0.00 secs] 
2020-10-29T15:51:07.516+0000: [GC (Allocation Failure) 2020-10-29T15:51:07.516+0000: [ParNew: 16388K->2K(18432K), 0.0022868 secs] 467716K->451330K(699720K), 0.0023282 secs] [Times: user=0.01 sys=0.00, real=0.00 secs] 
2020-10-29T15:51:07.534+0000: [GC (Allocation Failure) 2020-10-29T15:51:07.534+0000: [ParNew: 16386K->2K(18432K), 0.0022296 secs] 467714K->451330K(699720K), 0.0022723 secs] [Times: user=0.01 sys=0.00, real=0.00 secs] 
2020-10-29T15:51:07.552+0000: [GC (Allocation Failure) 2020-10-29T15:51:07.552+0000: [ParNew: 16386K->2K(18432K), 0.0024204 secs] 467714K->451330K(699720K), 0.0024684 secs] [Times: user=0.00 sys=0.00, real=0.00 secs] 
2020-10-29T15:51:07.569+0000: [GC (Allocation Failure) 2020-10-29T15:51:07.569+0000: [ParNew: 16386K->2K(18432K), 0.0023394 secs] 467714K->451330K(699720K), 0.0023830 secs] [Times: user=0.00 sys=0.00, real=0.01 secs] 
2020-10-29T15:51:07.587+0000: [GC (Allocation Failure) 2020-10-29T15:51:07.587+0000: [ParNew: 16386K->4K(18432K), 0.0023548 secs] 467714K->451332K(699720K), 0.0023980 secs] [Times: user=0.00 sys=0.00, real=0.00 secs] 
2020-10-29T15:51:07.606+0000: [GC (Allocation Failure) 2020-10-29T15:51:07.606+0000: [ParNew: 16388K->4K(18432K), 0.0023188 secs] 467716K->451332K(699720K), 0.0023608 secs] [Times: user=0.01 sys=0.00, real=0.00 secs] 
2020-10-29T15:51:07.624+0000: [GC (Allocation Failure) 2020-10-29T15:51:07.624+0000: [ParNew: 16388K->4K(18432K), 0.0023713 secs] 467716K->451332K(699720K), 0.0024129 secs] [Times: user=0.00 sys=0.00, real=0.00 secs] 
2020-10-29T15:51:07.642+0000: [GC (Allocation Failure) 2020-10-29T15:51:07.642+0000: [ParNew: 16388K->4K(18432K), 0.0023335 secs] 467716K->451332K(699720K), 0.0023795 secs] [Times: user=0.01 sys=0.00, real=0.00 secs] 
2020-10-29T15:51:07.662+0000: [GC (Allocation Failure) 2020-10-29T15:51:07.662+0000: [ParNew: 16388K->4K(18432K), 0.0025975 secs] 467716K->451332K(699720K), 0.0026518 secs] [Times: user=0.01 sys=0.00, real=0.00 secs] 
2020-10-29T15:51:07.680+0000: [GC (Allocation Failure) 2020-10-29T15:51:07.680+0000: [ParNew: 16388K->4K(18432K), 0.0023798 secs] 467716K->451332K(699720K), 0.0024262 secs] [Times: user=0.00 sys=0.00, real=0.01 secs] 
2020-10-29T15:51:07.698+0000: [GC (Allocation Failure) 2020-10-29T15:51:07.698+0000: [ParNew: 16388K->2K(18432K), 0.0026399 secs] 467716K->451330K(699720K), 0.0026866 secs] [Times: user=0.01 sys=0.00, real=0.00 secs] 
2020-10-29T15:51:07.718+0000: [GC (Allocation Failure) 2020-10-29T15:51:07.718+0000: [ParNew: 16386K->2K(18432K), 0.0023317 secs] 467714K->451330K(699720K), 0.0023792 secs] [Times: user=0.00 sys=0.00, real=0.00 secs] 
2020-10-29T15:51:07.736+0000: [GC (Allocation Failure) 2020-10-29T15:51:07.736+0000: [ParNew: 16386K->4K(18432K), 0.0023859 secs] 467714K->451332K(699720K), 0.0024328 secs] [Times: user=0.01 sys=0.00, real=0.00 secs] 
2020-10-29T15:51:07.753+0000: [GC (Allocation Failure) 2020-10-29T15:51:07.753+0000: [ParNew: 16388K->4K(18432K), 0.0022947 secs] 467716K->451332K(699720K), 0.0023402 secs] [Times: user=0.00 sys=0.00, real=0.00 secs] 
2020-10-29T15:51:07.771+0000: [GC (Allocation Failure) 2020-10-29T15:51:07.771+0000: [ParNew: 16388K->4K(18432K), 0.0023374 secs] 467716K->451332K(699720K), 0.0023851 secs] [Times: user=0.01 sys=0.00, real=0.00 secs] 
2020-10-29T15:51:07.790+0000: [GC (Allocation Failure) 2020-10-29T15:51:07.790+0000: [ParNew: 16388K->2K(18432K), 0.0024193 secs] 467716K->451330K(699720K), 0.0024679 secs] [Times: user=0.01 sys=0.00, real=0.00 secs] 
2020-10-29T15:51:07.808+0000: [GC (Allocation Failure) 2020-10-29T15:51:07.808+0000: [ParNew: 16386K->2K(18432K), 0.0023081 secs] 467714K->451330K(699720K), 0.0023558 secs] [Times: user=0.00 sys=0.00, real=0.01 secs] 
2020-10-29T15:51:07.829+0000: [GC (Allocation Failure) 2020-10-29T15:51:07.829+0000: [ParNew: 16386K->4K(18432K), 0.0023144 secs] 467714K->451332K(699720K), 0.0023862 secs] [Times: user=0.01 sys=0.00, real=0.01 secs] 
2020-10-29T15:51:07.850+0000: [GC (Allocation Failure) 2020-10-29T15:51:07.850+0000: [ParNew: 16388K->4K(18432K), 0.0024383 secs] 467716K->451332K(699720K), 0.0024843 secs] [Times: user=0.00 sys=0.00, real=0.00 secs] 
2020-10-29T15:51:07.868+0000: [GC (Allocation Failure) 2020-10-29T15:51:07.868+0000: [ParNew: 16388K->2K(18432K), 0.0021755 secs] 467716K->451330K(699720K), 0.0022187 secs] [Times: user=0.01 sys=0.00, real=0.00 secs] 
2020-10-29T15:51:07.886+0000: [GC (Allocation Failure) 2020-10-29T15:51:07.886+0000: [ParNew: 16386K->4K(18432K), 0.0036566 secs] 467714K->451332K(699720K), 0.0036993 secs] [Times: user=0.01 sys=0.00, real=0.00 secs] 
2020-10-29T15:51:07.905+0000: [GC (Allocation Failure) 2020-10-29T15:51:07.905+0000: [ParNew: 16388K->2K(18432K), 0.0023857 secs] 467716K->451330K(699720K), 0.0024322 secs] [Times: user=0.00 sys=0.00, real=0.00 secs] 
2020-10-29T15:51:07.926+0000: [GC (Allocation Failure) 2020-10-29T15:51:07.926+0000: [ParNew: 16386K->2K(18432K), 0.0023071 secs] 467714K->451330K(699720K), 0.0023497 secs] [Times: user=0.01 sys=0.00, real=0.00 secs] 
2020-10-29T15:51:07.946+0000: [GC (Allocation Failure) 2020-10-29T15:51:07.946+0000: [ParNew: 16386K->6K(18432K), 0.0024385 secs] 467714K->451334K(699720K), 0.0024891 secs] [Times: user=0.00 sys=0.00, real=0.00 secs] 
2020-10-29T15:51:07.964+0000: [GC (Allocation Failure) 2020-10-29T15:51:07.964+0000: [ParNew: 16390K->2K(18432K), 0.0023654 secs] 467718K->451330K(699720K), 0.0024086 secs] [Times: user=0.01 sys=0.00, real=0.00 secs] 
2020-10-29T15:51:07.982+0000: [GC (Allocation Failure) 2020-10-29T15:51:07.982+0000: [ParNew: 16386K->2K(18432K), 0.0023128 secs] 467714K->451330K(699720K), 0.0023564 secs] [Times: user=0.00 sys=0.00, real=0.00 secs] 
2020-10-29T15:51:08.000+0000: [GC (Allocation Failure) 2020-10-29T15:51:08.000+0000: [ParNew: 16386K->2K(18432K), 0.0023265 secs] 467714K->451330K(699720K), 0.0023691 secs] [Times: user=0.00 sys=0.00, real=0.01 secs] 
2020-10-29T15:51:08.017+0000: [GC (Allocation Failure) 2020-10-29T15:51:08.017+0000: [ParNew: 16386K->2K(18432K), 0.0022492 secs] 467714K->451330K(699720K), 0.0022913 secs] [Times: user=0.00 sys=0.00, real=0.00 secs] 
2020-10-29T15:51:08.036+0000: [GC (Allocation Failure) 2020-10-29T15:51:08.036+0000: [ParNew: 16386K->4K(18432K), 0.0025062 secs] 467714K->451332K(699720K), 0.0025579 secs] [Times: user=0.01 sys=0.00, real=0.00 secs] 
2020-10-29T15:51:08.054+0000: [GC (Allocation Failure) 2020-10-29T15:51:08.054+0000: [ParNew: 16388K->6K(18432K), 0.0022237 secs] 467716K->451334K(699720K), 0.0022678 secs] [Times: user=0.00 sys=0.00, real=0.00 secs] 
2020-10-29T15:51:08.075+0000: [GC (Allocation Failure) 2020-10-29T15:51:08.075+0000: [ParNew: 16390K->4K(18432K), 0.0026350 secs] 484102K->467716K(699720K), 0.0027011 secs] [Times: user=0.00 sys=0.00, real=0.00 secs] 
2020-10-29T15:51:08.094+0000: [GC (Allocation Failure) 2020-10-29T15:51:08.094+0000: [ParNew: 16388K->4K(18432K), 0.0023420 secs] 484100K->467716K(699720K), 0.0023889 secs] [Times: user=0.00 sys=0.00, real=0.00 secs] 
2020-10-29T15:51:08.112+0000: [GC (Allocation Failure) 2020-10-29T15:51:08.112+0000: [ParNew: 16388K->4K(18432K), 0.0025127 secs] 484100K->467716K(699720K), 0.0025645 secs] [Times: user=0.00 sys=0.00, real=0.00 secs] 
2020-10-29T15:51:08.130+0000: [GC (Allocation Failure) 2020-10-29T15:51:08.130+0000: [ParNew: 16388K->4K(18432K), 0.0022940 secs] 484100K->467716K(699720K), 0.0023407 secs] [Times: user=0.00 sys=0.00, real=0.00 secs] 
2020-10-29T15:51:08.148+0000: [GC (Allocation Failure) 2020-10-29T15:51:08.148+0000: [ParNew: 16388K->4K(18432K), 0.0022088 secs] 484100K->467716K(699720K), 0.0022529 secs] [Times: user=0.00 sys=0.00, real=0.00 secs] 
2020-10-29T15:51:08.165+0000: [GC (Allocation Failure) 2020-10-29T15:51:08.165+0000: [ParNew: 16388K->4K(18432K), 0.0022502 secs] 484100K->467716K(699720K), 0.0022947 secs] [Times: user=0.01 sys=0.00, real=0.00 secs] 
2020-10-29T15:51:08.183+0000: [GC (Allocation Failure) 2020-10-29T15:51:08.183+0000: [ParNew: 16388K->4K(18432K), 0.0024780 secs] 484100K->467716K(699720K), 0.0025345 secs] [Times: user=0.00 sys=0.00, real=0.00 secs] 
2020-10-29T15:51:08.202+0000: [GC (Allocation Failure) 2020-10-29T15:51:08.202+0000: [ParNew: 16388K->4K(18432K), 0.0024966 secs] 484100K->467716K(699720K), 0.0025529 secs] [Times: user=0.00 sys=0.00, real=0.00 secs] 
2020-10-29T15:51:08.222+0000: [GC (Allocation Failure) 2020-10-29T15:51:08.222+0000: [ParNew: 16388K->4K(18432K), 0.0024633 secs] 484100K->467716K(699720K), 0.0025120 secs] [Times: user=0.00 sys=0.00, real=0.00 secs] 
2020-10-29T15:51:08.242+0000: [GC (Allocation Failure) 2020-10-29T15:51:08.242+0000: [ParNew: 16388K->4K(18432K), 0.0024102 secs] 484100K->467716K(699720K), 0.0024562 secs] [Times: user=0.01 sys=0.00, real=0.00 secs] 
2020-10-29T15:51:08.262+0000: [GC (Allocation Failure) 2020-10-29T15:51:08.262+0000: [ParNew: 16388K->4K(18432K), 0.0024011 secs] 484100K->467716K(699720K), 0.0024470 secs] [Times: user=0.00 sys=0.00, real=0.00 secs] 
2020-10-29T15:51:08.280+0000: [GC (Allocation Failure) 2020-10-29T15:51:08.280+0000: [ParNew: 16388K->4K(18432K), 0.0023411 secs] 484100K->467716K(699720K), 0.0023851 secs] [Times: user=0.01 sys=0.00, real=0.01 secs] 
2020-10-29T15:51:08.298+0000: [GC (Allocation Failure) 2020-10-29T15:51:08.298+0000: [ParNew: 16388K->2K(18432K), 0.0024191 secs] 484100K->467714K(699720K), 0.0024675 secs] [Times: user=0.00 sys=0.00, real=0.00 secs] 
2020-10-29T15:51:08.316+0000: [GC (Allocation Failure) 2020-10-29T15:51:08.316+0000: [ParNew: 16386K->2K(18432K), 0.0024543 secs] 484098K->467714K(699720K), 0.0025024 secs] [Times: user=0.01 sys=0.00, real=0.00 secs] 
2020-10-29T15:51:08.334+0000: [GC (Allocation Failure) 2020-10-29T15:51:08.334+0000: [ParNew: 16386K->2K(18432K), 0.0024385 secs] 484098K->467714K(699720K), 0.0024854 secs] [Times: user=0.00 sys=0.00, real=0.00 secs] 
2020-10-29T15:51:08.354+0000: [GC (Allocation Failure) 2020-10-29T15:51:08.354+0000: [ParNew: 16386K->2K(18432K), 0.0023400 secs] 484098K->467714K(699720K), 0.0023895 secs] [Times: user=0.01 sys=0.00, real=0.00 secs] 
2020-10-29T15:51:08.372+0000: [GC (Allocation Failure) 2020-10-29T15:51:08.372+0000: [ParNew: 16386K->2K(18432K), 0.0024910 secs] 484098K->467714K(699720K), 0.0025419 secs] [Times: user=0.00 sys=0.00, real=0.00 secs] 
2020-10-29T15:51:08.390+0000: [GC (Allocation Failure) 2020-10-29T15:51:08.390+0000: [ParNew: 16386K->4K(18432K), 0.0026228 secs] 484098K->467716K(699720K), 0.0026777 secs] [Times: user=0.00 sys=0.00, real=0.01 secs] 
2020-10-29T15:51:08.408+0000: [GC (Allocation Failure) 2020-10-29T15:51:08.408+0000: [ParNew: 16388K->2K(18432K), 0.0025681 secs] 484100K->467714K(699720K), 0.0026186 secs] [Times: user=0.01 sys=0.00, real=0.01 secs] 
2020-10-29T15:51:08.426+0000: [GC (Allocation Failure) 2020-10-29T15:51:08.426+0000: [ParNew: 16386K->4K(18432K), 0.0024059 secs] 484098K->467716K(699720K), 0.0024548 secs] [Times: user=0.01 sys=0.00, real=0.00 secs] 
2020-10-29T15:51:08.444+0000: [GC (Allocation Failure) 2020-10-29T15:51:08.444+0000: [ParNew: 16388K->2K(18432K), 0.0024618 secs] 484100K->467714K(699720K), 0.0025120 secs] [Times: user=0.00 sys=0.00, real=0.00 secs] 
2020-10-29T15:51:08.462+0000: [GC (Allocation Failure) 2020-10-29T15:51:08.462+0000: [ParNew: 16386K->2K(18432K), 0.0024827 secs] 484098K->467714K(699720K), 0.0025312 secs] [Times: user=0.01 sys=0.00, real=0.00 secs] 
2020-10-29T15:51:08.480+0000: [GC (Allocation Failure) 2020-10-29T15:51:08.480+0000: [ParNew: 16386K->2K(18432K), 0.0024252 secs] 484098K->467714K(699720K), 0.0024720 secs] [Times: user=0.00 sys=0.00, real=0.01 secs] 
2020-10-29T15:51:08.498+0000: [GC (Allocation Failure) 2020-10-29T15:51:08.498+0000: [ParNew: 16386K->2K(18432K), 0.0023646 secs] 484098K->467714K(699720K), 0.0024113 secs] [Times: user=0.00 sys=0.00, real=0.00 secs] 
2020-10-29T15:51:08.515+0000: [GC (Allocation Failure) 2020-10-29T15:51:08.515+0000: [ParNew: 16386K->2K(18432K), 0.0022943 secs] 484098K->467714K(699720K), 0.0023495 secs] [Times: user=0.01 sys=0.00, real=0.00 secs] 
2020-10-29T15:51:08.534+0000: [GC (Allocation Failure) 2020-10-29T15:51:08.534+0000: [ParNew: 16386K->2K(18432K), 0.0023189 secs] 484098K->467714K(699720K), 0.0023733 secs] [Times: user=0.01 sys=0.00, real=0.00 secs] 
2020-10-29T15:51:08.552+0000: [GC (Allocation Failure) 2020-10-29T15:51:08.552+0000: [ParNew: 16386K->4K(18432K), 0.0025790 secs] 484098K->467716K(699720K), 0.0026343 secs] [Times: user=0.00 sys=0.00, real=0.00 secs] 
2020-10-29T15:51:08.570+0000: [GC (Allocation Failure) 2020-10-29T15:51:08.570+0000: [ParNew: 16388K->2K(18432K), 0.0024156 secs] 484100K->467714K(699720K), 0.0024658 secs] [Times: user=0.00 sys=0.00, real=0.01 secs] 
2020-10-29T15:51:08.590+0000: [GC (Allocation Failure) 2020-10-29T15:51:08.590+0000: [ParNew: 16386K->2K(18432K), 0.0024479 secs] 484098K->467714K(699720K), 0.0024972 secs] [Times: user=0.00 sys=0.00, real=0.00 secs] 
2020-10-29T15:51:08.609+0000: [GC (Allocation Failure) 2020-10-29T15:51:08.609+0000: [ParNew: 16386K->4K(18432K), 0.0024106 secs] 484098K->467716K(699720K), 0.0024591 secs] [Times: user=0.00 sys=0.00, real=0.01 secs] 
2020-10-29T15:51:08.626+0000: [GC (Allocation Failure) 2020-10-29T15:51:08.626+0000: [ParNew: 16388K->4K(18432K), 0.0022694 secs] 484100K->467716K(699720K), 0.0023157 secs] [Times: user=0.00 sys=0.00, real=0.00 secs] 
2020-10-29T15:51:08.646+0000: [GC (Allocation Failure) 2020-10-29T15:51:08.646+0000: [ParNew: 16388K->4K(18432K), 0.0023109 secs] 484100K->467716K(699720K), 0.0023576 secs] [Times: user=0.01 sys=0.00, real=0.00 secs] 
2020-10-29T15:51:08.664+0000: [GC (Allocation Failure) 2020-10-29T15:51:08.664+0000: [ParNew: 16388K->4K(18432K), 0.0025714 secs] 484100K->467716K(699720K), 0.0026243 secs] [Times: user=0.01 sys=0.00, real=0.00 secs] 
2020-10-29T15:51:08.682+0000: [GC (Allocation Failure) 2020-10-29T15:51:08.682+0000: [ParNew: 16388K->4K(18432K), 0.0024954 secs] 484100K->467716K(699720K), 0.0025473 secs] [Times: user=0.00 sys=0.00, real=0.01 secs] 
2020-10-29T15:51:08.702+0000: [GC (Allocation Failure) 2020-10-29T15:51:08.702+0000: [ParNew: 16388K->4K(18432K), 0.0024257 secs] 484100K->467716K(699720K), 0.0024720 secs] [Times: user=0.00 sys=0.00, real=0.00 secs] 
2020-10-29T15:51:08.722+0000: [GC (Allocation Failure) 2020-10-29T15:51:08.722+0000: [ParNew: 16388K->4K(18432K), 0.0024708 secs] 484100K->467716K(699720K), 0.0025198 secs] [Times: user=0.00 sys=0.00, real=0.00 secs] 
2020-10-29T15:51:08.744+0000: [GC (Allocation Failure) 2020-10-29T15:51:08.744+0000: [ParNew: 16388K->4K(18432K), 0.0025583 secs] 484100K->467716K(699720K), 0.0026100 secs] [Times: user=0.01 sys=0.00, real=0.00 secs] 
2020-10-29T15:51:08.762+0000: [GC (Allocation Failure) 2020-10-29T15:51:08.762+0000: [ParNew: 16388K->4K(18432K), 0.0024890 secs] 484100K->467716K(699720K), 0.0025640 secs] [Times: user=0.00 sys=0.00, real=0.01 secs] 
2020-10-29T15:51:08.782+0000: [GC (Allocation Failure) 2020-10-29T15:51:08.782+0000: [ParNew: 16388K->4K(18432K), 0.0025027 secs] 484100K->467717K(699720K), 0.0025522 secs] [Times: user=0.01 sys=0.00, real=0.00 secs] 
2020-10-29T15:51:08.802+0000: [GC (Allocation Failure) 2020-10-29T15:51:08.802+0000: [ParNew: 16388K->4K(18432K), 0.0025028 secs] 484101K->467717K(699720K), 0.0025540 secs] [Times: user=0.00 sys=0.00, real=0.00 secs] 
2020-10-29T15:51:08.820+0000: [GC (Allocation Failure) 2020-10-29T15:51:08.820+0000: [ParNew: 16388K->4K(18432K), 0.0024666 secs] 484101K->467717K(699720K), 0.0025318 secs] [Times: user=0.01 sys=0.00, real=0.01 secs] 
2020-10-29T15:51:08.838+0000: [GC (Allocation Failure) 2020-10-29T15:51:08.838+0000: [ParNew: 16388K->4K(18432K), 0.0023432 secs] 484101K->467717K(699720K), 0.0023902 secs] [Times: user=0.00 sys=0.00, real=0.00 secs] 
2020-10-29T15:51:08.855+0000: [GC (Allocation Failure) 2020-10-29T15:51:08.855+0000: [ParNew: 16388K->4K(18432K), 0.0025026 secs] 484101K->467717K(699720K), 0.0025518 secs] [Times: user=0.00 sys=0.00, real=0.00 secs] 
2020-10-29T15:51:08.874+0000: [GC (Allocation Failure) 2020-10-29T15:51:08.874+0000: [ParNew: 16388K->4K(18432K), 0.0025536 secs] 484101K->467717K(699720K), 0.0026059 secs] [Times: user=0.01 sys=0.00, real=0.00 secs] 
2020-10-29T15:51:08.892+0000: [GC (Allocation Failure) 2020-10-29T15:51:08.892+0000: [ParNew: 16388K->2K(18432K), 0.0025643 secs] 484101K->467715K(699720K), 0.0026168 secs] [Times: user=0.00 sys=0.00, real=0.00 secs] 
2020-10-29T15:51:08.910+0000: [GC (Allocation Failure) 2020-10-29T15:51:08.910+0000: [ParNew: 16386K->4K(18432K), 0.0025657 secs] 484099K->467717K(699720K), 0.0026169 secs] [Times: user=0.01 sys=0.00, real=0.01 secs] 
2020-10-29T15:51:08.930+0000: [GC (Allocation Failure) 2020-10-29T15:51:08.930+0000: [ParNew: 16388K->4K(18432K), 0.0024251 secs] 484101K->467717K(699720K), 0.0024744 secs] [Times: user=0.01 sys=0.00, real=0.00 secs] 
2020-10-29T15:51:08.948+0000: [GC (Allocation Failure) 2020-10-29T15:51:08.948+0000: [ParNew: 16388K->4K(18432K), 0.0024383 secs] 484101K->467717K(699720K), 0.0024871 secs] [Times: user=0.00 sys=0.00, real=0.01 secs] 
2020-10-29T15:51:08.966+0000: [GC (Allocation Failure) 2020-10-29T15:51:08.966+0000: [ParNew: 16388K->4K(18432K), 0.0022187 secs] 484101K->467717K(699720K), 0.0022638 secs] [Times: user=0.00 sys=0.00, real=0.00 secs] 
2020-10-29T15:51:08.984+0000: [GC (Allocation Failure) 2020-10-29T15:51:08.984+0000: [ParNew: 16388K->4K(18432K), 0.0023055 secs] 484101K->467717K(699720K), 0.0023525 secs] [Times: user=0.01 sys=0.00, real=0.00 secs] 
2020-10-29T15:51:09.001+0000: [GC (Allocation Failure) 2020-10-29T15:51:09.001+0000: [ParNew: 16388K->4K(18432K), 0.0023097 secs] 484101K->467717K(699720K), 0.0023554 secs] [Times: user=0.00 sys=0.00, real=0.01 secs] 
2020-10-29T15:51:09.022+0000: [GC (Allocation Failure) 2020-10-29T15:51:09.022+0000: [ParNew: 16388K->2K(18432K), 0.0021950 secs] 484101K->467715K(699720K), 0.0022371 secs] [Times: user=0.00 sys=0.00, real=0.00 secs] 
2020-10-29T15:51:09.040+0000: [GC (Allocation Failure) 2020-10-29T15:51:09.040+0000: [ParNew: 16386K->2K(18432K), 0.0023183 secs] 484099K->467715K(699720K), 0.0023863 secs] [Times: user=0.00 sys=0.00, real=0.01 secs] 
2020-10-29T15:51:09.058+0000: [GC (Allocation Failure) 2020-10-29T15:51:09.058+0000: [ParNew: 16386K->4K(18432K), 0.0022615 secs] 484099K->467717K(699720K), 0.0023049 secs] [Times: user=0.01 sys=0.00, real=0.00 secs] 
2020-10-29T15:51:09.078+0000: [GC (Allocation Failure) 2020-10-29T15:51:09.078+0000: [ParNew: 16388K->4K(18432K), 0.0021888 secs] 484101K->467717K(699720K), 0.0022317 secs] [Times: user=0.01 sys=0.00, real=0.00 secs] 
2020-10-29T15:51:09.096+0000: [GC (Allocation Failure) 2020-10-29T15:51:09.096+0000: [ParNew: 16388K->4K(18432K), 0.0023951 secs] 484101K->467717K(699720K), 0.0024448 secs] [Times: user=0.00 sys=0.00, real=0.00 secs] 
2020-10-29T15:51:09.114+0000: [GC (Allocation Failure) 2020-10-29T15:51:09.114+0000: [ParNew: 16388K->4K(18432K), 0.0025334 secs] 484101K->467717K(699720K), 0.0025853 secs] [Times: user=0.00 sys=0.00, real=0.00 secs] 
2020-10-29T15:51:09.134+0000: [GC (Allocation Failure) 2020-10-29T15:51:09.134+0000: [ParNew: 16388K->2K(18432K), 0.0025968 secs] 484101K->467715K(699720K), 0.0026515 secs] [Times: user=0.01 sys=0.00, real=0.00 secs] 
2020-10-29T15:51:09.153+0000: [GC (Allocation Failure) 2020-10-29T15:51:09.153+0000: [ParNew: 16386K->4K(18432K), 0.0025284 secs] 484099K->467717K(699720K), 0.0026023 secs] [Times: user=0.00 sys=0.00, real=0.00 secs] 
2020-10-29T15:51:09.174+0000: [GC (Allocation Failure) 2020-10-29T15:51:09.174+0000: [ParNew: 16388K->4K(18432K), 0.0024843 secs] 484101K->467717K(699720K), 0.0025342 secs] [Times: user=0.01 sys=0.00, real=0.00 secs] 
2020-10-29T15:51:09.192+0000: [GC (Allocation Failure) 2020-10-29T15:51:09.192+0000: [ParNew: 16388K->4K(18432K), 0.0024154 secs] 484101K->467717K(699720K), 0.0024649 secs] [Times: user=0.00 sys=0.00, real=0.00 secs] 
2020-10-29T15:51:09.210+0000: [GC (Allocation Failure) 2020-10-29T15:51:09.210+0000: [ParNew: 16388K->4K(18432K), 0.0024513 secs] 484101K->467717K(699720K), 0.0025001 secs] [Times: user=0.00 sys=0.00, real=0.00 secs] 
2020-10-29T15:51:09.228+0000: [GC (Allocation Failure) 2020-10-29T15:51:09.228+0000: [ParNew: 16388K->6K(18432K), 0.0024859 secs] 484101K->467719K(699720K), 0.0025443 secs] [Times: user=0.01 sys=0.00, real=0.01 secs] 
2020-10-29T15:51:09.250+0000: [GC (Allocation Failure) 2020-10-29T15:51:09.250+0000: [ParNew: 16390K->4K(18432K), 0.0025209 secs] 484103K->467717K(699720K), 0.0025735 secs] [Times: user=0.00 sys=0.00, real=0.01 secs] 
2020-10-29T15:51:09.268+0000: [GC (Allocation Failure) 2020-10-29T15:51:09.268+0000: [ParNew: 16388K->4K(18432K), 0.0024606 secs] 484101K->467717K(699720K), 0.0025065 secs] [Times: user=0.00 sys=0.00, real=0.01 secs] 
2020-10-29T15:51:09.285+0000: [GC (Allocation Failure) 2020-10-29T15:51:09.285+0000: [ParNew: 16388K->4K(18432K), 0.0024079 secs] 484101K->467717K(699720K), 0.0024532 secs] [Times: user=0.01 sys=0.00, real=0.00 secs] 
2020-10-29T15:51:09.306+0000: [GC (Allocation Failure) 2020-10-29T15:51:09.306+0000: [ParNew: 16388K->2K(18432K), 0.0025315 secs] 484101K->467715K(699720K), 0.0025841 secs] [Times: user=0.01 sys=0.00, real=0.00 secs] 
2020-10-29T15:51:09.324+0000: [GC (Allocation Failure) 2020-10-29T15:51:09.324+0000: [ParNew: 16386K->4K(18432K), 0.0031010 secs] 484099K->467717K(699720K), 0.0031568 secs] [Times: user=0.01 sys=0.00, real=0.00 secs] 
2020-10-29T15:51:09.346+0000: [GC (Allocation Failure) 2020-10-29T15:51:09.346+0000: [ParNew: 16388K->4K(18432K), 0.0024517 secs] 484101K->467717K(699720K), 0.0025015 secs] [Times: user=0.00 sys=0.00, real=0.00 secs] 
2020-10-29T15:51:09.364+0000: [GC (Allocation Failure) 2020-10-29T15:51:09.364+0000: [ParNew: 16388K->4K(18432K), 0.0024150 secs] 484101K->467717K(699720K), 0.0024648 secs] [Times: user=0.00 sys=0.00, real=0.00 secs] 
2020-10-29T15:51:09.381+0000: [GC (Allocation Failure) 2020-10-29T15:51:09.381+0000: [ParNew: 16388K->4K(18432K), 0.0023617 secs] 484101K->467717K(699720K), 0.0024150 secs] [Times: user=0.00 sys=0.00, real=0.01 secs] 
2020-10-29T15:51:09.402+0000: [GC (Allocation Failure) 2020-10-29T15:51:09.402+0000: [ParNew: 16388K->4K(18432K), 0.0023048 secs] 484101K->467717K(699720K), 0.0023517 secs] [Times: user=0.00 sys=0.00, real=0.00 secs] 
2020-10-29T15:51:09.420+0000: [GC (Allocation Failure) 2020-10-29T15:51:09.420+0000: [ParNew: 16388K->2K(18432K), 0.0025006 secs] 484101K->467715K(699720K), 0.0025529 secs] [Times: user=0.01 sys=0.00, real=0.01 secs] 
2020-10-29T15:51:09.437+0000: [GC (Allocation Failure) 2020-10-29T15:51:09.437+0000: [ParNew: 16386K->2K(18432K), 0.0026448 secs] 484099K->467715K(699720K), 0.0026952 secs] [Times: user=0.00 sys=0.00, real=0.00 secs] 
2020-10-29T15:51:09.458+0000: [GC (Allocation Failure) 2020-10-29T15:51:09.458+0000: [ParNew: 16386K->4K(18432K), 0.0024017 secs] 484099K->467717K(699720K), 0.0024470 secs] [Times: user=0.01 sys=0.00, real=0.00 secs] 
2020-10-29T15:51:09.476+0000: [GC (Allocation Failure) 2020-10-29T15:51:09.476+0000: [ParNew: 16388K->2K(18432K), 0.0023474 secs] 484101K->467715K(699720K), 0.0024046 secs] [Times: user=0.01 sys=0.00, real=0.00 secs] 
2020-10-29T15:51:09.494+0000: [GC (Allocation Failure) 2020-10-29T15:51:09.494+0000: [ParNew: 16386K->2K(18432K), 0.0023073 secs] 484099K->467715K(699720K), 0.0023507 secs] [Times: user=0.00 sys=0.00, real=0.00 secs] 
2020-10-29T15:51:09.512+0000: [GC (Allocation Failure) 2020-10-29T15:51:09.512+0000: [ParNew: 16386K->4K(18432K), 0.0028048 secs] 484099K->467717K(699720K), 0.0028717 secs] [Times: user=0.00 sys=0.00, real=0.00 secs] 
2020-10-29T15:51:09.530+0000: [GC (Allocation Failure) 2020-10-29T15:51:09.530+0000: [ParNew: 16388K->4K(18432K), 0.0025066 secs] 484101K->467717K(699720K), 0.0025550 secs] [Times: user=0.01 sys=0.00, real=0.01 secs] 
2020-10-29T15:51:09.547+0000: [GC (Allocation Failure) 2020-10-29T15:51:09.547+0000: [ParNew: 16388K->4K(18432K), 0.0023442 secs] 484101K->467717K(699720K), 0.0023921 secs] [Times: user=0.00 sys=0.00, real=0.00 secs] 
2020-10-29T15:51:09.566+0000: [GC (Allocation Failure) 2020-10-29T15:51:09.566+0000: [ParNew: 16388K->4K(18432K), 0.0024926 secs] 484101K->467717K(699720K), 0.0025441 secs] [Times: user=0.01 sys=0.00, real=0.00 secs] 
2020-10-29T15:51:09.584+0000: [GC (Allocation Failure) 2020-10-29T15:51:09.584+0000: [ParNew: 16388K->4K(18432K), 0.0023723 secs] 484101K->467717K(699720K), 0.0024270 secs] [Times: user=0.01 sys=0.00, real=0.00 secs] 
2020-10-29T15:51:09.602+0000: [GC (Allocation Failure) 2020-10-29T15:51:09.602+0000: [ParNew: 16388K->4K(18432K), 0.0025083 secs] 484101K->467717K(699720K), 0.0025591 secs] [Times: user=0.00 sys=0.00, real=0.00 secs] 
2020-10-29T15:51:09.620+0000: [GC (Allocation Failure) 2020-10-29T15:51:09.620+0000: [ParNew: 16388K->4K(18432K), 0.0024799 secs] 484101K->467717K(699720K), 0.0025257 secs] [Times: user=0.01 sys=0.00, real=0.01 secs] 
2020-10-29T15:51:09.638+0000: [GC (Allocation Failure) 2020-10-29T15:51:09.638+0000: [ParNew: 16388K->2K(18432K), 0.0025034 secs] 484101K->467715K(699720K), 0.0025534 secs] [Times: user=0.00 sys=0.00, real=0.00 secs] 
2020-10-29T15:51:09.658+0000: [GC (Allocation Failure) 2020-10-29T15:51:09.658+0000: [ParNew: 16386K->2K(18432K), 0.0024355 secs] 484099K->467715K(699720K), 0.0024796 secs] [Times: user=0.00 sys=0.00, real=0.00 secs] 
2020-10-29T15:51:09.678+0000: [GC (Allocation Failure) 2020-10-29T15:51:09.678+0000: [ParNew: 16386K->2K(18432K), 0.0025726 secs] 484099K->467715K(699720K), 0.0026282 secs] [Times: user=0.01 sys=0.00, real=0.00 secs] 
2020-10-29T15:51:09.698+0000: [GC (Allocation Failure) 2020-10-29T15:51:09.698+0000: [ParNew: 16386K->2K(18432K), 0.0025996 secs] 484099K->467715K(699720K), 0.0027283 secs] [Times: user=0.00 sys=0.00, real=0.00 secs] 
2020-10-29T15:51:09.717+0000: [GC (Allocation Failure) 2020-10-29T15:51:09.717+0000: [ParNew: 16386K->4K(18432K), 0.0026446 secs] 484099K->467717K(699720K), 0.0026982 secs] [Times: user=0.01 sys=0.00, real=0.00 secs] 
2020-10-29T15:51:09.734+0000: [GC (Allocation Failure) 2020-10-29T15:51:09.735+0000: [ParNew: 16388K->4K(18432K), 0.0026020 secs] 484101K->467717K(699720K), 0.0026578 secs] [Times: user=0.00 sys=0.00, real=0.00 secs] 
2020-10-29T15:51:09.752+0000: [GC (Allocation Failure) 2020-10-29T15:51:09.752+0000: [ParNew: 16388K->4K(18432K), 0.0026094 secs] 484101K->467717K(699720K), 0.0026649 secs] [Times: user=0.01 sys=0.00, real=0.00 secs] 
2020-10-29T15:51:09.770+0000: [GC (Allocation Failure) 2020-10-29T15:51:09.770+0000: [ParNew: 16388K->6K(18432K), 0.0026367 secs] 484101K->467719K(699720K), 0.0026924 secs] [Times: user=0.00 sys=0.00, real=0.01 secs] 
2020-10-29T15:51:09.790+0000: [GC (Allocation Failure) 2020-10-29T15:51:09.790+0000: [ParNew: 16390K->4K(18432K), 0.0025447 secs] 484103K->467717K(699720K), 0.0025962 secs] [Times: user=0.00 sys=0.00, real=0.00 secs] 
2020-10-29T15:51:09.808+0000: [GC (Allocation Failure) 2020-10-29T15:51:09.808+0000: [ParNew: 16388K->4K(18432K), 0.0024370 secs] 484101K->467717K(699720K), 0.0024867 secs] [Times: user=0.01 sys=0.00, real=0.01 secs] 
2020-10-29T15:51:09.826+0000: [GC (Allocation Failure) 2020-10-29T15:51:09.826+0000: [ParNew: 16388K->4K(18432K), 0.0025348 secs] 484101K->467717K(699720K), 0.0025865 secs] [Times: user=0.00 sys=0.00, real=0.00 secs] 
2020-10-29T15:51:09.843+0000: [GC (Allocation Failure) 2020-10-29T15:51:09.843+0000: [ParNew: 16388K->2K(18432K), 0.0023626 secs] 484101K->467715K(699720K), 0.0024109 secs] [Times: user=0.01 sys=0.00, real=0.00 secs] 
2020-10-29T15:51:09.861+0000: [GC (Allocation Failure) 2020-10-29T15:51:09.861+0000: [ParNew: 16386K->4K(18432K), 0.0022333 secs] 484099K->467717K(699720K), 0.0022790 secs] [Times: user=0.01 sys=0.00, real=0.01 secs] 
2020-10-29T15:51:09.878+0000: [GC (Allocation Failure) 2020-10-29T15:51:09.878+0000: [ParNew: 16388K->2K(18432K), 0.0022664 secs] 484101K->467715K(699720K), 0.0023135 secs] [Times: user=0.00 sys=0.00, real=0.00 secs] 
2020-10-29T15:51:09.900+0000: [GC (Allocation Failure) 2020-10-29T15:51:09.900+0000: [ParNew: 16386K->6K(18432K), 0.0024397 secs] 484099K->467719K(699720K), 0.0025074 secs] [Times: user=0.00 sys=0.00, real=0.00 secs] 
2020-10-29T15:51:09.920+0000: [GC (Allocation Failure) 2020-10-29T15:51:09.920+0000: [ParNew: 16390K->4K(18432K), 0.0035737 secs] 484103K->467717K(699720K), 0.0036323 secs] [Times: user=0.00 sys=0.00, real=0.01 secs] 
2020-10-29T15:51:09.938+0000: [GC (Allocation Failure) 2020-10-29T15:51:09.939+0000: [ParNew: 16388K->2K(18432K), 0.0023393 secs] 484101K->467715K(699720K), 0.0023859 secs] [Times: user=0.00 sys=0.00, real=0.00 secs] 
2020-10-29T15:51:09.956+0000: [GC (Allocation Failure) 2020-10-29T15:51:09.956+0000: [ParNew: 16386K->4K(18432K), 0.0024861 secs] 484099K->467717K(699720K), 0.0025377 secs] [Times: user=0.00 sys=0.00, real=0.00 secs] 
2020-10-29T15:51:09.974+0000: [GC (Allocation Failure) 2020-10-29T15:51:09.974+0000: [ParNew: 16388K->6K(18432K), 0.0024958 secs] 484101K->467719K(699720K), 0.0025479 secs] [Times: user=0.00 sys=0.00, real=0.00 secs] 
2020-10-29T15:51:09.992+0000: [GC (Allocation Failure) 2020-10-29T15:51:09.992+0000: [ParNew: 16390K->2K(18432K), 0.0024901 secs] 484103K->467715K(699720K), 0.0025371 secs] [Times: user=0.01 sys=0.00, real=0.00 secs] 
2020-10-29T15:51:10.010+0000: [GC (Allocation Failure) 2020-10-29T15:51:10.010+0000: [ParNew: 16386K->2K(18432K), 0.0023034 secs] 484099K->467715K(699720K), 0.0023457 secs] [Times: user=0.00 sys=0.00, real=0.00 secs] 
2020-10-29T15:51:10.028+0000: [GC (Allocation Failure) 2020-10-29T15:51:10.028+0000: [ParNew: 16386K->2K(18432K), 0.0023565 secs] 484099K->467715K(699720K), 0.0024203 secs] [Times: user=0.00 sys=0.01, real=0.01 secs] 
2020-10-29T15:51:10.046+0000: [GC (Allocation Failure) 2020-10-29T15:51:10.046+0000: [ParNew: 16386K->2K(18432K), 0.0023970 secs] 484099K->467715K(699720K), 0.0024450 secs] [Times: user=0.01 sys=0.00, real=0.00 secs] 
2020-10-29T15:51:10.066+0000: [GC (Allocation Failure) 2020-10-29T15:51:10.066+0000: [ParNew: 16386K->4K(18432K), 0.0024556 secs] 484099K->467717K(699720K), 0.0025121 secs] [Times: user=0.00 sys=0.00, real=0.00 secs] 
2020-10-29T15:51:10.084+0000: [GC (Allocation Failure) 2020-10-29T15:51:10.084+0000: [ParNew: 16388K->2K(18432K), 0.0024432 secs] 484101K->467715K(699720K), 0.0024918 secs] [Times: user=0.00 sys=0.00, real=0.00 secs] 
2020-10-29T15:51:10.102+0000: [GC (Allocation Failure) 2020-10-29T15:51:10.102+0000: [ParNew: 16386K->2K(18432K), 0.0025197 secs] 484099K->467715K(699720K), 0.0025723 secs] [Times: user=0.00 sys=0.00, real=0.00 secs] 
2020-10-29T15:51:10.122+0000: [GC (Allocation Failure) 2020-10-29T15:51:10.122+0000: [ParNew: 16386K->2K(18432K), 0.0024588 secs] 484099K->467715K(699720K), 0.0025063 secs] [Times: user=0.00 sys=0.00, real=0.00 secs] 
2020-10-29T15:51:10.142+0000: [GC (Allocation Failure) 2020-10-29T15:51:10.142+0000: [ParNew: 16386K->2K(18432K), 0.0025582 secs] 484099K->467715K(699720K), 0.0026104 secs] [Times: user=0.00 sys=0.00, real=0.00 secs] 
2020-10-29T15:51:10.162+0000: [GC (Allocation Failure) 2020-10-29T15:51:10.162+0000: [ParNew: 16386K->4K(18432K), 0.0024594 secs] 484099K->467717K(699720K), 0.0025076 secs] [Times: user=0.00 sys=0.00, real=0.00 secs] 
2020-10-29T15:51:10.180+0000: [GC (Allocation Failure) 2020-10-29T15:51:10.180+0000: [ParNew: 16388K->4K(18432K), 0.0024995 secs] 484101K->467717K(699720K), 0.0025496 secs] [Times: user=0.00 sys=0.00, real=0.01 secs] 
2020-10-29T15:51:10.198+0000: [GC (Allocation Failure) 2020-10-29T15:51:10.198+0000: [ParNew: 16388K->4K(18432K), 0.0025333 secs] 484101K->467717K(699720K), 0.0026037 secs] [Times: user=0.00 sys=0.00, real=0.00 secs] 
2020-10-29T15:51:10.218+0000: [GC (Allocation Failure) 2020-10-29T15:51:10.218+0000: [ParNew: 16388K->4K(18432K), 0.0026266 secs] 484101K->467717K(699720K), 0.0026800 secs] [Times: user=0.00 sys=0.00, real=0.00 secs] 
2020-10-29T15:51:10.236+0000: [GC (Allocation Failure) 2020-10-29T15:51:10.236+0000: [ParNew: 16388K->4K(18432K), 0.0025810 secs] 484101K->467717K(699720K), 0.0026336 secs] [Times: user=0.01 sys=0.00, real=0.00 secs] 
2020-10-29T15:51:10.258+0000: [GC (Allocation Failure) 2020-10-29T15:51:10.258+0000: [ParNew: 16388K->4K(18432K), 0.0025402 secs] 484101K->467717K(699720K), 0.0025955 secs] [Times: user=0.00 sys=0.00, real=0.00 secs] 
2020-10-29T15:51:10.276+0000: [GC (Allocation Failure) 2020-10-29T15:51:10.276+0000: [ParNew: 16388K->4K(18432K), 0.0025063 secs] 484101K->467717K(699720K), 0.0025527 secs] [Times: user=0.01 sys=0.00, real=0.00 secs] 
2020-10-29T15:51:10.294+0000: [GC (Allocation Failure) 2020-10-29T15:51:10.294+0000: [ParNew: 16388K->4K(18432K), 0.0023422 secs] 484101K->467717K(699720K), 0.0023850 secs] [Times: user=0.01 sys=0.00, real=0.00 secs] 
2020-10-29T15:51:10.311+0000: [GC (Allocation Failure) 2020-10-29T15:51:10.311+0000: [ParNew: 16388K->4K(18432K), 0.0025162 secs] 484101K->467717K(699720K), 0.0025674 secs] [Times: user=0.01 sys=0.00, real=0.00 secs] 
2020-10-29T15:51:10.329+0000: [GC (Allocation Failure) 2020-10-29T15:51:10.329+0000: [ParNew: 16388K->4K(18432K), 0.0024803 secs] 484101K->467717K(699720K), 0.0025279 secs] [Times: user=0.00 sys=0.00, real=0.01 secs] 
2020-10-29T15:51:10.346+0000: [GC (Allocation Failure) 2020-10-29T15:51:10.346+0000: [ParNew: 16388K->4K(18432K), 0.0024166 secs] 484101K->467717K(699720K), 0.0024621 secs] [Times: user=0.01 sys=0.00, real=0.00 secs] 
2020-10-29T15:51:10.366+0000: [GC (Allocation Failure) 2020-10-29T15:51:10.366+0000: [ParNew: 16388K->2K(18432K), 0.0022814 secs] 484101K->467715K(699720K), 0.0023286 secs] [Times: user=0.01 sys=0.00, real=0.00 secs] 
2020-10-29T15:51:10.386+0000: [GC (Allocation Failure) 2020-10-29T15:51:10.386+0000: [ParNew: 16386K->4K(18432K), 0.0024416 secs] 484099K->467717K(699720K), 0.0024907 secs] [Times: user=0.00 sys=0.00, real=0.00 secs] 
2020-10-29T15:51:10.404+0000: [GC (Allocation Failure) 2020-10-29T15:51:10.404+0000: [ParNew: 16388K->2K(18432K), 0.0022243 secs] 484101K->467715K(699720K), 0.0022709 secs] [Times: user=0.01 sys=0.00, real=0.00 secs] 
2020-10-29T15:51:10.422+0000: [GC (Allocation Failure) 2020-10-29T15:51:10.422+0000: [ParNew: 16386K->2K(18432K), 0.0024157 secs] 484099K->467715K(699720K), 0.0024651 secs] [Times: user=0.00 sys=0.00, real=0.00 secs] 
2020-10-29T15:51:10.442+0000: [GC (Allocation Failure) 2020-10-29T15:51:10.442+0000: [ParNew: 16386K->2K(18432K), 0.0022024 secs] 484099K->467715K(699720K), 0.0022463 secs] [Times: user=0.01 sys=0.00, real=0.00 secs] 
2020-10-29T15:51:10.462+0000: [GC (Allocation Failure) 2020-10-29T15:51:10.462+0000: [ParNew: 16386K->2K(18432K), 0.0022841 secs] 484099K->467715K(699720K), 0.0023291 secs] [Times: user=0.01 sys=0.00, real=0.00 secs] 
2020-10-29T15:51:10.482+0000: [GC (Allocation Failure) 2020-10-29T15:51:10.482+0000: [ParNew: 16386K->2K(18432K), 0.0024500 secs] 484099K->467715K(699720K), 0.0025001 secs] [Times: user=0.01 sys=0.00, real=0.00 secs] 
2020-10-29T15:51:10.500+0000: [GC (Allocation Failure) 2020-10-29T15:51:10.500+0000: [ParNew: 16386K->4K(18432K), 0.0024904 secs] 484099K->467717K(699720K), 0.0025399 secs] [Times: user=0.00 sys=0.00, real=0.01 secs] 
2020-10-29T15:51:10.524+0000: [GC (Allocation Failure) 2020-10-29T15:51:10.524+0000: [ParNew: 16388K->15K(18432K), 0.0026774 secs] 484101K->467728K(699720K), 0.0027325 secs] [Times: user=0.00 sys=0.00, real=0.00 secs] 
2020-10-29T15:51:10.542+0000: [GC (Allocation Failure) 2020-10-29T15:51:10.543+0000: [ParNew: 16399K->8K(18432K), 0.0025736 secs] 484112K->467721K(699720K), 0.0026274 secs] [Times: user=0.01 sys=0.00, real=0.00 secs] 
2020-10-29T15:51:10.560+0000: [GC (Allocation Failure) 2020-10-29T15:51:10.560+0000: [ParNew: 16392K->6K(18432K), 0.0024648 secs] 484105K->467719K(699720K), 0.0025135 secs] [Times: user=0.01 sys=0.00, real=0.01 secs] 
2020-10-29T15:51:10.578+0000: [GC (Allocation Failure) 2020-10-29T15:51:10.578+0000: [ParNew: 16390K->6K(18432K), 0.0025442 secs] 484103K->467719K(699720K), 0.0025966 secs] [Times: user=0.00 sys=0.00, real=0.00 secs] 
2020-10-29T15:51:10.595+0000: [GC (Allocation Failure) 2020-10-29T15:51:10.595+0000: [ParNew: 16390K->7K(18432K), 0.0025203 secs] 484103K->467720K(699720K), 0.0025715 secs] [Times: user=0.01 sys=0.00, real=0.00 secs] 
2020-10-29T15:51:10.618+0000: [GC (Allocation Failure) 2020-10-29T15:51:10.618+0000: [ParNew: 16391K->7K(18432K), 0.0026407 secs] 484104K->467720K(699720K), 0.0026959 secs] [Times: user=0.00 sys=0.00, real=0.00 secs] 
2020-10-29T15:51:10.637+0000: [GC (Allocation Failure) 2020-10-29T15:51:10.637+0000: [ParNew: 16391K->4K(18432K), 0.0023771 secs] 484104K->467721K(699720K), 0.0024187 secs] [Times: user=0.00 sys=0.00, real=0.00 secs] 
2020-10-29T15:51:10.654+0000: [GC (Allocation Failure) 2020-10-29T15:51:10.654+0000: [ParNew: 16388K->4K(18432K), 0.0022481 secs] 484105K->467720K(699720K), 0.0022912 secs] [Times: user=0.01 sys=0.00, real=0.00 secs] 
2020-10-29T15:51:10.674+0000: [GC (Allocation Failure) 2020-10-29T15:51:10.674+0000: [ParNew: 16388K->6K(18432K), 0.0023012 secs] 484104K->467722K(699720K), 0.0023472 secs] [Times: user=0.00 sys=0.00, real=0.00 secs] 
2020-10-29T15:51:10.692+0000: [GC (Allocation Failure) 2020-10-29T15:51:10.692+0000: [ParNew: 16390K->4K(18432K), 0.0025745 secs] 484106K->467720K(699720K), 0.0026304 secs] [Times: user=0.01 sys=0.00, real=0.00 secs] 
2020-10-29T15:51:10.714+0000: [GC (Allocation Failure) 2020-10-29T15:51:10.714+0000: [ParNew: 16388K->6K(18432K), 0.0024481 secs] 484104K->467722K(699720K), 0.0024989 secs] [Times: user=0.01 sys=0.00, real=0.00 secs] 
2020-10-29T15:51:10.732+0000: [GC (Allocation Failure) 2020-10-29T15:51:10.732+0000: [ParNew: 16390K->2K(18432K), 0.0024088 secs] 484106K->467718K(699720K), 0.0024562 secs] [Times: user=0.01 sys=0.00, real=0.00 secs] 
2020-10-29T15:51:10.749+0000: [GC (Allocation Failure) 2020-10-29T15:51:10.749+0000: [ParNew: 16386K->2K(18432K), 0.0025143 secs] 484102K->467718K(699720K), 0.0025622 secs] [Times: user=0.00 sys=0.00, real=0.01 secs] 
2020-10-29T15:51:10.767+0000: [GC (Allocation Failure) 2020-10-29T15:51:10.767+0000: [ParNew: 16386K->2K(18432K), 0.0024224 secs] 484102K->467718K(699720K), 0.0024713 secs] [Times: user=0.01 sys=0.00, real=0.00 secs] 
2020-10-29T15:51:10.786+0000: [GC (Allocation Failure) 2020-10-29T15:51:10.786+0000: [ParNew: 16386K->4K(18432K), 0.0024555 secs] 484102K->467720K(699720K), 0.0025057 secs] [Times: user=0.00 sys=0.00, real=0.00 secs] 
2020-10-29T15:51:10.804+0000: [GC (Allocation Failure) 2020-10-29T15:51:10.804+0000: [ParNew: 16388K->4K(18432K), 0.0024928 secs] 484104K->467720K(699720K), 0.0025407 secs] [Times: user=0.00 sys=0.00, real=0.00 secs] 
2020-10-29T15:51:10.822+0000: [GC (Allocation Failure) 2020-10-29T15:51:10.822+0000: [ParNew: 16388K->4K(18432K), 0.0024169 secs] 484104K->467720K(699720K), 0.0024627 secs] [Times: user=0.01 sys=0.00, real=0.01 secs] 
2020-10-29T15:51:10.844+0000: [GC (Allocation Failure) 2020-10-29T15:51:10.844+0000: [ParNew: 16388K->4K(18432K), 0.0025246 secs] 484104K->467720K(699720K), 0.0025748 secs] [Times: user=0.00 sys=0.00, real=0.00 secs] 
2020-10-29T15:51:10.866+0000: [GC (Allocation Failure) 2020-10-29T15:51:10.866+0000: [ParNew: 16388K->4K(18432K), 0.0024969 secs] 484104K->467720K(699720K), 0.0025465 secs] [Times: user=0.00 sys=0.00, real=0.00 secs] 
2020-10-29T15:51:10.886+0000: [GC (Allocation Failure) 2020-10-29T15:51:10.886+0000: [ParNew: 16388K->4K(18432K), 0.0024558 secs] 484104K->467720K(699720K), 0.0025028 secs] [Times: user=0.01 sys=0.00, real=0.00 secs] 
2020-10-29T15:51:10.904+0000: [GC (Allocation Failure) 2020-10-29T15:51:10.904+0000: [ParNew: 16388K->4K(18432K), 0.0024277 secs] 484104K->467720K(699720K), 0.0024754 secs] [Times: user=0.00 sys=0.00, real=0.00 secs] 
2020-10-29T15:51:10.922+0000: [GC (Allocation Failure) 2020-10-29T15:51:10.922+0000: [ParNew: 16388K->2K(18432K), 0.0025068 secs] 484104K->467718K(699720K), 0.0025574 secs] [Times: user=0.01 sys=0.00, real=0.01 secs] 
2020-10-29T15:51:10.939+0000: [GC (Allocation Failure) 2020-10-29T15:51:10.939+0000: [ParNew: 16386K->2K(18432K), 0.0024389 secs] 484102K->467718K(699720K), 0.0024892 secs] [Times: user=0.00 sys=0.00, real=0.00 secs] 
2020-10-29T15:51:10.958+0000: [GC (Allocation Failure) 2020-10-29T15:51:10.958+0000: [ParNew: 16386K->2K(18432K), 0.0024438 secs] 484102K->467718K(699720K), 0.0024922 secs] [Times: user=0.01 sys=0.00, real=0.00 secs] 
2020-10-29T15:51:10.976+0000: [GC (Allocation Failure) 2020-10-29T15:51:10.976+0000: [ParNew: 16386K->2K(18432K), 0.0025321 secs] 484102K->467718K(699720K), 0.0025845 secs] [Times: user=0.00 sys=0.00, real=0.00 secs] 
2020-10-29T15:51:10.994+0000: [GC (Allocation Failure) 2020-10-29T15:51:10.994+0000: [ParNew: 16386K->2K(18432K), 0.0025275 secs] 484102K->467718K(699720K), 0.0025906 secs] [Times: user=0.01 sys=0.00, real=0.00 secs] 
2020-10-29T15:51:11.012+0000: [GC (Allocation Failure) 2020-10-29T15:51:11.012+0000: [ParNew: 16386K->2K(18432K), 0.0025306 secs] 484102K->467718K(699720K), 0.0025805 secs] [Times: user=0.00 sys=0.00, real=0.00 secs] 
2020-10-29T15:51:11.030+0000: [GC (Allocation Failure) 2020-10-29T15:51:11.030+0000: [ParNew: 16386K->2K(18432K), 0.0024843 secs] 484102K->467718K(699720K), 0.0025313 secs] [Times: user=0.01 sys=0.00, real=0.00 secs] 
2020-10-29T15:51:11.048+0000: [GC (Allocation Failure) 2020-10-29T15:51:11.048+0000: [ParNew: 16386K->4K(18432K), 0.0025386 secs] 484102K->467720K(699720K), 0.0025884 secs] [Times: user=0.01 sys=0.00, real=0.01 secs] 
2020-10-29T15:51:11.066+0000: [GC (Allocation Failure) 2020-10-29T15:51:11.066+0000: [ParNew: 16388K->2K(18432K), 0.0024303 secs] 484104K->467718K(699720K), 0.0024750 secs] [Times: user=0.01 sys=0.00, real=0.00 secs] 
2020-10-29T15:51:11.086+0000: [GC (Allocation Failure) 2020-10-29T15:51:11.086+0000: [ParNew: 16386K->4K(18432K), 0.0023576 secs] 484102K->467720K(699720K), 0.0024053 secs] [Times: user=0.00 sys=0.00, real=0.00 secs] 
2020-10-29T15:51:11.104+0000: [GC (Allocation Failure) 2020-10-29T15:51:11.104+0000: [ParNew: 16388K->2K(18432K), 0.0022677 secs] 484104K->467718K(699720K), 0.0023131 secs] [Times: user=0.01 sys=0.00, real=0.00 secs] 
2020-10-29T15:51:11.121+0000: [GC (Allocation Failure) 2020-10-29T15:51:11.121+0000: [ParNew: 16386K->4K(18432K), 0.0024714 secs] 484102K->467720K(699720K), 0.0025213 secs] [Times: user=0.00 sys=0.00, real=0.01 secs] 
2020-10-29T15:51:11.139+0000: [GC (Allocation Failure) 2020-10-29T15:51:11.139+0000: [ParNew: 16388K->4K(18432K), 0.0053302 secs] 484104K->467720K(699720K), 0.0053962 secs] [Times: user=0.01 sys=0.00, real=0.01 secs] 
2020-10-29T15:51:11.160+0000: [GC (Allocation Failure) 2020-10-29T15:51:11.160+0000: [ParNew: 16388K->4K(18432K), 0.0023543 secs] 484104K->467720K(699720K), 0.0024008 secs] [Times: user=0.00 sys=0.00, real=0.01 secs] 
2020-10-29T15:51:11.178+0000: [GC (Allocation Failure) 2020-10-29T15:51:11.178+0000: [ParNew: 16388K->2K(18432K), 0.0022169 secs] 484104K->467718K(699720K), 0.0022618 secs] [Times: user=0.01 sys=0.00, real=0.00 secs] 
2020-10-29T15:51:11.198+0000: [GC (Allocation Failure) 2020-10-29T15:51:11.198+0000: [ParNew: 16386K->6K(18432K), 0.0023117 secs] 484102K->467722K(699720K), 0.0023594 secs] [Times: user=0.01 sys=0.00, real=0.00 secs] 
2020-10-29T15:51:11.222+0000: [GC (Allocation Failure) 2020-10-29T15:51:11.222+0000: [ParNew: 16390K->4K(18432K), 0.0027023 secs] 484106K->467720K(699720K), 0.0027552 secs] [Times: user=0.00 sys=0.00, real=0.00 secs] 
2020-10-29T15:51:11.241+0000: [GC (Allocation Failure) 2020-10-29T15:51:11.241+0000: [ParNew: 16388K->4K(18432K), 0.0025950 secs] 484104K->467720K(699720K), 0.0026428 secs] [Times: user=0.00 sys=0.00, real=0.01 secs] 
2020-10-29T15:51:11.262+0000: [GC (Allocation Failure) 2020-10-29T15:51:11.262+0000: [ParNew: 16388K->4K(18432K), 0.0026154 secs] 484104K->467720K(699720K), 0.0026715 secs] [Times: user=0.00 sys=0.00, real=0.00 secs] 
2020-10-29T15:51:11.282+0000: [GC (Allocation Failure) 2020-10-29T15:51:11.282+0000: [ParNew: 16388K->4K(18432K), 0.0026171 secs] 484104K->467720K(699720K), 0.0026745 secs] [Times: user=0.00 sys=0.00, real=0.00 secs] 
2020-10-29T15:51:11.302+0000: [GC (Allocation Failure) 2020-10-29T15:51:11.302+0000: [ParNew: 16388K->6K(18432K), 0.0025418 secs] 484104K->467722K(699720K), 0.0025940 secs] [Times: user=0.01 sys=0.01, real=0.00 secs] 
2020-10-29T15:51:11.322+0000: [GC (Allocation Failure) 2020-10-29T15:51:11.322+0000: [ParNew: 16390K->4K(18432K), 0.0032630 secs] 484106K->467721K(699720K), 0.0033140 secs] [Times: user=0.01 sys=0.00, real=0.00 secs] 
2020-10-29T15:51:11.345+0000: [GC (Allocation Failure) 2020-10-29T15:51:11.345+0000: [ParNew: 16388K->4K(18432K), 0.0025829 secs] 484105K->467721K(699720K), 0.0026346 secs] [Times: user=0.00 sys=0.00, real=0.00 secs] 
2020-10-29T15:51:11.366+0000: [GC (Allocation Failure) 2020-10-29T15:51:11.366+0000: [ParNew: 16388K->4K(18432K), 0.0026408 secs] 484105K->467721K(699720K), 0.0026970 secs] [Times: user=0.00 sys=0.00, real=0.00 secs] 
2020-10-29T15:51:11.386+0000: [GC (Allocation Failure) 2020-10-29T15:51:11.386+0000: [ParNew: 16388K->4K(18432K), 0.0026275 secs] 484105K->467721K(699720K), 0.0026846 secs] [Times: user=0.01 sys=0.00, real=0.00 secs] 
2020-10-29T15:51:11.406+0000: [GC (Allocation Failure) 2020-10-29T15:51:11.406+0000: [ParNew: 16388K->4K(18432K), 0.0025263 secs] 484105K->467721K(699720K), 0.0025767 secs] [Times: user=0.01 sys=0.00, real=0.00 secs] 
2020-10-29T15:51:11.426+0000: [GC (Allocation Failure) 2020-10-29T15:51:11.426+0000: [ParNew: 16388K->4K(18432K), 0.0024180 secs] 484105K->467721K(699720K), 0.0024687 secs] [Times: user=0.00 sys=0.00, real=0.00 secs] 
2020-10-29T15:51:11.443+0000: [GC (Allocation Failure) 2020-10-29T15:51:11.443+0000: [ParNew: 16388K->4K(18432K), 0.0024777 secs] 484105K->467721K(699720K), 0.0025274 secs] [Times: user=0.01 sys=0.00, real=0.00 secs] 
2020-10-29T15:51:11.461+0000: [GC (Allocation Failure) 2020-10-29T15:51:11.461+0000: [ParNew: 16388K->4K(18432K), 0.0025848 secs] 484105K->467721K(699720K), 0.0026386 secs] [Times: user=0.01 sys=0.00, real=0.01 secs] 
2020-10-29T15:51:11.479+0000: [GC (Allocation Failure) 2020-10-29T15:51:11.479+0000: [ParNew: 16388K->4K(18432K), 0.0025878 secs] 484105K->467721K(699720K), 0.0026361 secs] [Times: user=0.01 sys=0.00, real=0.00 secs] 
2020-10-29T15:51:11.496+0000: [GC (Allocation Failure) 2020-10-29T15:51:11.496+0000: [ParNew: 16388K->4K(18432K), 0.0026021 secs] 484105K->467721K(699720K), 0.0026510 secs] [Times: user=0.00 sys=0.00, real=0.00 secs] 
2020-10-29T15:51:11.514+0000: [GC (Allocation Failure) 2020-10-29T15:51:11.514+0000: [ParNew: 16388K->4K(18432K), 0.0024369 secs] 484105K->467721K(699720K), 0.0024824 secs] [Times: user=0.00 sys=0.00, real=0.00 secs] 
2020-10-29T15:51:11.532+0000: [GC (Allocation Failure) 2020-10-29T15:51:11.532+0000: [ParNew: 16388K->2K(18432K), 0.0024244 secs] 484105K->467719K(699720K), 0.0024739 secs] [Times: user=0.00 sys=0.00, real=0.00 secs] 
2020-10-29T15:51:11.549+0000: [GC (Allocation Failure) 2020-10-29T15:51:11.549+0000: [ParNew: 16386K->4K(18432K), 0.0025163 secs] 484103K->467721K(699720K), 0.0025696 secs] [Times: user=0.00 sys=0.00, real=0.01 secs] 
2020-10-29T15:51:11.567+0000: [GC (Allocation Failure) 2020-10-29T15:51:11.567+0000: [ParNew: 16388K->4K(18432K), 0.0038992 secs] 484105K->467721K(699720K), 0.0039536 secs] [Times: user=0.01 sys=0.00, real=0.01 secs] 
2020-10-29T15:51:11.586+0000: [GC (Allocation Failure) 2020-10-29T15:51:11.586+0000: [ParNew: 16388K->2K(18432K), 0.0026196 secs] 484105K->467719K(699720K), 0.0026772 secs] [Times: user=0.00 sys=0.00, real=0.00 secs] 
2020-10-29T15:51:11.606+0000: [GC (Allocation Failure) 2020-10-29T15:51:11.606+0000: [ParNew: 16386K->2K(18432K), 0.0025447 secs] 484103K->467719K(699720K), 0.0025957 secs] [Times: user=0.01 sys=0.00, real=0.00 secs] 
2020-10-29T15:51:11.626+0000: [GC (Allocation Failure) 2020-10-29T15:51:11.626+0000: [ParNew: 16386K->2K(18432K), 0.0024941 secs] 484103K->467719K(699720K), 0.0025436 secs] [Times: user=0.01 sys=0.00, real=0.00 secs] 
2020-10-29T15:51:11.646+0000: [GC (Allocation Failure) 2020-10-29T15:51:11.646+0000: [ParNew: 16386K->2K(18432K), 0.0025866 secs] 484103K->467719K(699720K), 0.0026410 secs] [Times: user=0.01 sys=0.00, real=0.00 secs] 
2020-10-29T15:51:11.664+0000: [GC (Allocation Failure) 2020-10-29T15:51:11.664+0000: [ParNew: 16386K->4K(18432K), 0.0026463 secs] 484103K->467721K(699720K), 0.0027028 secs] [Times: user=0.01 sys=0.00, real=0.00 secs] 
2020-10-29T15:51:11.682+0000: [GC (Allocation Failure) 2020-10-29T15:51:11.682+0000: [ParNew: 16388K->2K(18432K), 0.0026101 secs] 484105K->467719K(699720K), 0.0026613 secs] [Times: user=0.00 sys=0.01, real=0.01 secs] 
2020-10-29T15:51:11.701+0000: [GC (Allocation Failure) 2020-10-29T15:51:11.701+0000: [ParNew: 16386K->4K(18432K), 0.0029026 secs] 484103K->467721K(699720K), 0.0029665 secs] [Times: user=0.01 sys=0.00, real=0.01 secs] 
2020-10-29T15:51:11.722+0000: [GC (Allocation Failure) 2020-10-29T15:51:11.722+0000: [ParNew: 16388K->2K(18432K), 0.0024418 secs] 484105K->467719K(699720K), 0.0024932 secs] [Times: user=0.00 sys=0.00, real=0.00 secs] 
2020-10-29T15:51:11.740+0000: [GC (Allocation Failure) 2020-10-29T15:51:11.740+0000: [ParNew: 16386K->2K(18432K), 0.0025623 secs] 484103K->467719K(699720K), 0.0026118 secs] [Times: user=0.01 sys=0.00, real=0.01 secs] 
2020-10-29T15:51:11.757+0000: [GC (Allocation Failure) 2020-10-29T15:51:11.758+0000: [ParNew: 16386K->4K(18432K), 0.0026664 secs] 484103K->467721K(699720K), 0.0027223 secs] [Times: user=0.00 sys=0.00, real=0.00 secs] 
2020-10-29T15:51:11.775+0000: [GC (Allocation Failure) 2020-10-29T15:51:11.775+0000: [ParNew: 16388K->4K(18432K), 0.0025176 secs] 484105K->467721K(699720K), 0.0025677 secs] [Times: user=0.01 sys=0.00, real=0.00 secs] 
2020-10-29T15:51:11.794+0000: [GC (Allocation Failure) 2020-10-29T15:51:11.794+0000: [ParNew: 16388K->2K(18432K), 0.0023086 secs] 484105K->467719K(699720K), 0.0023558 secs] [Times: user=0.00 sys=0.00, real=0.00 secs] 
2020-10-29T15:51:11.812+0000: [GC (Allocation Failure) 2020-10-29T15:51:11.812+0000: [ParNew: 16386K->4K(18432K), 0.0023417 secs] 484103K->467721K(699720K), 0.0024050 secs] [Times: user=0.01 sys=0.00, real=0.00 secs] 
2020-10-29T15:51:11.829+0000: [GC (Allocation Failure) 2020-10-29T15:51:11.829+0000: [ParNew: 16388K->4K(18432K), 0.0025358 secs] 484105K->467721K(699720K), 0.0026077 secs] [Times: user=0.01 sys=0.00, real=0.01 secs] 
2020-10-29T15:51:11.847+0000: [GC (Allocation Failure) 2020-10-29T15:51:11.847+0000: [ParNew: 16388K->6K(18432K), 0.0024428 secs] 484105K->467723K(699720K), 0.0024932 secs] [Times: user=0.00 sys=0.00, real=0.00 secs] 
2020-10-29T15:51:11.866+0000: [GC (Allocation Failure) 2020-10-29T15:51:11.866+0000: [ParNew: 16390K->4K(18432K), 0.0024810 secs] 484107K->467721K(699720K), 0.0025339 secs] [Times: user=0.00 sys=0.00, real=0.00 secs] 
2020-10-29T15:51:11.886+0000: [GC (Allocation Failure) 2020-10-29T15:51:11.886+0000: [ParNew: 16388K->4K(18432K), 0.0024229 secs] 484105K->467721K(699720K), 0.0024718 secs] [Times: user=0.00 sys=0.00, real=0.00 secs] 
2020-10-29T15:51:11.904+0000: [GC (Allocation Failure) 2020-10-29T15:51:11.904+0000: [ParNew: 16388K->4K(18432K), 0.0025421 secs] 484105K->467721K(699720K), 0.0025945 secs] [Times: user=0.01 sys=0.00, real=0.00 secs] 
2020-10-29T15:51:11.921+0000: [GC (Allocation Failure) 2020-10-29T15:51:11.921+0000: [ParNew: 16388K->4K(18432K), 0.0024469 secs] 484105K->467721K(699720K), 0.0024959 secs] [Times: user=0.01 sys=0.00, real=0.01 secs] 
2020-10-29T15:51:11.939+0000: [GC (Allocation Failure) 2020-10-29T15:51:11.939+0000: [ParNew: 16388K->6K(18432K), 0.0024369 secs] 484105K->467723K(699720K), 0.0024926 secs] [Times: user=0.00 sys=0.00, real=0.00 secs] 
2020-10-29T15:51:11.958+0000: [GC (Allocation Failure) 2020-10-29T15:51:11.958+0000: [ParNew: 16390K->4K(18432K), 0.0024535 secs] 484107K->467721K(699720K), 0.0025033 secs] [Times: user=0.01 sys=0.00, real=0.00 secs] 
2020-10-29T15:51:11.978+0000: [GC (Allocation Failure) 2020-10-29T15:51:11.978+0000: [ParNew: 16388K->4K(18432K), 0.0025182 secs] 484105K->467721K(699720K), 0.0025705 secs] [Times: user=0.00 sys=0.00, real=0.00 secs] 
2020-10-29T15:51:11.998+0000: [GC (Allocation Failure) 2020-10-29T15:51:11.998+0000: [ParNew: 16388K->2K(18432K), 0.0024390 secs] 484105K->467719K(699720K), 0.0024895 secs] [Times: user=0.00 sys=0.00, real=0.00 secs] 
2020-10-29T15:51:12.016+0000: [GC (Allocation Failure) 2020-10-29T15:51:12.016+0000: [ParNew: 16386K->4K(18432K), 0.0027041 secs] 484103K->467721K(699720K), 0.0027633 secs] [Times: user=0.01 sys=0.00, real=0.00 secs] 
2020-10-29T15:51:12.034+0000: [GC (Allocation Failure) 2020-10-29T15:51:12.034+0000: [ParNew: 16388K->2K(18432K), 0.0026534 secs] 484105K->467719K(699720K), 0.0027099 secs] [Times: user=0.00 sys=0.00, real=0.00 secs] 
2020-10-29T15:51:12.054+0000: [GC (Allocation Failure) 2020-10-29T15:51:12.054+0000: [ParNew: 16386K->4K(18432K), 0.0026437 secs] 484103K->467721K(699720K), 0.0027012 secs] [Times: user=0.01 sys=0.00, real=0.00 secs] 
2020-10-29T15:51:12.074+0000: [GC (Allocation Failure) 2020-10-29T15:51:12.074+0000: [ParNew: 16388K->2K(18432K), 0.0024571 secs] 484105K->467719K(699720K), 0.0025030 secs] [Times: user=0.00 sys=0.00, real=0.00 secs] 
2020-10-29T15:51:12.094+0000: [GC (Allocation Failure) 2020-10-29T15:51:12.094+0000: [ParNew: 16386K->2K(18432K), 0.0024508 secs] 484103K->467719K(699720K), 0.0024984 secs] [Times: user=0.00 sys=0.00, real=0.00 secs] 
2020-10-29T15:51:12.112+0000: [GC (Allocation Failure) 2020-10-29T15:51:12.112+0000: [ParNew: 16386K->2K(18432K), 0.0024353 secs] 484103K->467719K(699720K), 0.0024821 secs] [Times: user=0.01 sys=0.00, real=0.00 secs] 
2020-10-29T15:51:12.130+0000: [GC (Allocation Failure) 2020-10-29T15:51:12.130+0000: [ParNew: 16386K->6K(18432K), 0.0024274 secs] 484103K->467723K(699720K), 0.0024761 secs] [Times: user=0.00 sys=0.00, real=0.00 secs] 
2020-10-29T15:51:12.148+0000: [GC (Allocation Failure) 2020-10-29T15:51:12.148+0000: [ParNew: 16390K->4K(18432K), 0.0025497 secs] 484107K->467721K(699720K), 0.0025999 secs] [Times: user=0.01 sys=0.00, real=0.01 secs] 
2020-10-29T15:51:12.166+0000: [GC (Allocation Failure) 2020-10-29T15:51:12.166+0000: [ParNew: 16388K->4K(18432K), 0.0024837 secs] 484105K->467721K(699720K), 0.0025325 secs] [Times: user=0.00 sys=0.00, real=0.00 secs] 
2020-10-29T15:51:12.184+0000: [GC (Allocation Failure) 2020-10-29T15:51:12.184+0000: [ParNew: 16388K->4K(18432K), 0.0024364 secs] 484105K->467721K(699720K), 0.0024833 secs] [Times: user=0.00 sys=0.00, real=0.00 secs] 
2020-10-29T15:51:12.206+0000: [GC (Allocation Failure) 2020-10-29T15:51:12.206+0000: [ParNew: 16388K->4K(18432K), 0.0024738 secs] 484105K->467721K(699720K), 0.0025210 secs] [Times: user=0.01 sys=0.00, real=0.00 secs] 
2020-10-29T15:51:12.224+0000: [GC (Allocation Failure) 2020-10-29T15:51:12.224+0000: [ParNew: 16388K->4K(18432K), 0.0024270 secs] 484105K->467721K(699720K), 0.0024765 secs] [Times: user=0.00 sys=0.00, real=0.00 secs] 
2020-10-29T15:51:12.241+0000: [GC (Allocation Failure) 2020-10-29T15:51:12.241+0000: [ParNew: 16388K->2K(18432K), 0.0024528 secs] 484105K->467719K(699720K), 0.0025005 secs] [Times: user=0.01 sys=0.00, real=0.01 secs] 
2020-10-29T15:51:12.262+0000: [GC (Allocation Failure) 2020-10-29T15:51:12.262+0000: [ParNew: 16386K->4K(18432K), 0.0025161 secs] 484103K->467721K(699720K), 0.0025695 secs] [Times: user=0.00 sys=0.00, real=0.00 secs] 
2020-10-29T15:51:12.282+0000: [GC (Allocation Failure) 2020-10-29T15:51:12.282+0000: [ParNew: 16388K->2K(18432K), 0.0024259 secs] 484105K->467719K(699720K), 0.0024748 secs] [Times: user=0.00 sys=0.00, real=0.00 secs] 
2020-10-29T15:51:12.300+0000: [GC (Allocation Failure) 2020-10-29T15:51:12.300+0000: [ParNew: 16386K->6K(18432K), 0.0025545 secs] 484103K->467723K(699720K), 0.0026066 secs] [Times: user=0.00 sys=0.00, real=0.01 secs] 
2020-10-29T15:51:12.318+0000: [GC (Allocation Failure) 2020-10-29T15:51:12.318+0000: [ParNew: 16390K->6K(18432K), 0.0025614 secs] 484107K->467723K(699720K), 0.0026161 secs] [Times: user=0.01 sys=0.00, real=0.00 secs] 
2020-10-29T15:51:12.336+0000: [GC (Allocation Failure) 2020-10-29T15:51:12.336+0000: [ParNew: 16390K->4K(18432K), 0.0025819 secs] 484107K->467721K(699720K), 0.0026360 secs] [Times: user=0.00 sys=0.00, real=0.00 secs] 
2020-10-29T15:51:12.354+0000: [GC (Allocation Failure) 2020-10-29T15:51:12.354+0000: [ParNew: 16388K->4K(18432K), 0.0025283 secs] 484105K->467721K(699720K), 0.0025809 secs] [Times: user=0.00 sys=0.00, real=0.00 secs] 
2020-10-29T15:51:12.372+0000: [GC (Allocation Failure) 2020-10-29T15:51:12.372+0000: [ParNew: 16388K->4K(18432K), 0.0025696 secs] 484105K->467721K(699720K), 0.0026398 secs] [Times: user=0.00 sys=0.00, real=0.00 secs] 
2020-10-29T15:51:12.390+0000: [GC (Allocation Failure) 2020-10-29T15:51:12.390+0000: [ParNew: 16388K->4K(18432K), 0.0024854 secs] 484105K->467721K(699720K), 0.0025388 secs] [Times: user=0.01 sys=0.00, real=0.01 secs] 
2020-10-29T15:51:12.410+0000: [GC (Allocation Failure) 2020-10-29T15:51:12.410+0000: [ParNew: 16388K->4K(18432K), 0.0025108 secs] 484105K->467721K(699720K), 0.0025731 secs] [Times: user=0.00 sys=0.00, real=0.00 secs] 
2020-10-29T15:51:12.430+0000: [GC (Allocation Failure) 2020-10-29T15:51:12.430+0000: [ParNew: 16388K->4K(18432K), 0.0023648 secs] 484105K->467721K(699720K), 0.0024141 secs] [Times: user=0.00 sys=0.00, real=0.00 secs] 
2020-10-29T15:51:12.448+0000: [GC (Allocation Failure) 2020-10-29T15:51:12.448+0000: [ParNew: 16388K->4K(18432K), 0.0024283 secs] 484105K->467721K(699720K), 0.0024772 secs] [Times: user=0.01 sys=0.00, real=0.01 secs] 
2020-10-29T15:51:12.466+0000: [GC (Allocation Failure) 2020-10-29T15:51:12.466+0000: [ParNew: 16388K->4K(18432K), 0.0024852 secs] 484105K->467721K(699720K), 0.0025359 secs] [Times: user=0.00 sys=0.00, real=0.00 secs] 
2020-10-29T15:51:12.484+0000: [GC (Allocation Failure) 2020-10-29T15:51:12.484+0000: [ParNew: 16388K->4K(18432K), 0.0024556 secs] 484105K->467721K(699720K), 0.0025016 secs] [Times: user=0.01 sys=0.00, real=0.00 secs] 
2020-10-29T15:51:12.501+0000: [GC (Allocation Failure) 2020-10-29T15:51:12.502+0000: [ParNew: 16388K->2K(18432K), 0.0024216 secs] 484105K->467719K(699720K), 0.0024721 secs] [Times: user=0.00 sys=0.00, real=0.01 secs] 
2020-10-29T15:51:12.519+0000: [GC (Allocation Failure) 2020-10-29T15:51:12.519+0000: [ParNew: 16386K->2K(18432K), 0.0023952 secs] 484103K->467719K(699720K), 0.0024448 secs] [Times: user=0.01 sys=0.00, real=0.00 secs] 
2020-10-29T15:51:12.536+0000: [GC (Allocation Failure) 2020-10-29T15:51:12.536+0000: [ParNew: 16386K->2K(18432K), 0.0024441 secs] 484103K->467719K(699720K), 0.0024947 secs] [Times: user=0.00 sys=0.00, real=0.00 secs] 
2020-10-29T15:51:12.554+0000: [GC (Allocation Failure) 2020-10-29T15:51:12.554+0000: [ParNew: 16386K->2K(18432K), 0.0025165 secs] 484103K->467719K(699720K), 0.0025677 secs] [Times: user=0.01 sys=0.00, real=0.00 secs] 
2020-10-29T15:51:12.571+0000: [GC (Allocation Failure) 2020-10-29T15:51:12.571+0000: [ParNew: 16386K->2K(18432K), 0.0024912 secs] 484103K->467719K(699720K), 0.0025405 secs] [Times: user=0.00 sys=0.00, real=0.00 secs] 
2020-10-29T15:51:12.590+0000: [GC (Allocation Failure) 2020-10-29T15:51:12.590+0000: [ParNew: 16386K->2K(18432K), 0.0024191 secs] 484103K->467719K(699720K), 0.0024693 secs] [Times: user=0.01 sys=0.00, real=0.00 secs] 
2020-10-29T15:51:12.608+0000: [GC (Allocation Failure) 2020-10-29T15:51:12.608+0000: [ParNew: 16386K->4K(18432K), 0.0024795 secs] 484103K->467721K(699720K), 0.0025301 secs] [Times: user=0.01 sys=0.00, real=0.01 secs] 
2020-10-29T15:51:12.626+0000: [GC (Allocation Failure) 2020-10-29T15:51:12.626+0000: [ParNew: 16388K->2K(18432K), 0.0024801 secs] 484105K->467719K(699720K), 0.0025459 secs] [Times: user=0.00 sys=0.00, real=0.00 secs] 
2020-10-29T15:51:12.646+0000: [GC (Allocation Failure) 2020-10-29T15:51:12.646+0000: [ParNew: 16386K->4K(18432K), 0.0025679 secs] 484103K->467721K(699720K), 0.0026219 secs] [Times: user=0.00 sys=0.00, real=0.00 secs] 
2020-10-29T15:51:12.664+0000: [GC (Allocation Failure) 2020-10-29T15:51:12.664+0000: [ParNew: 16388K->2K(18432K), 0.0024823 secs] 484105K->467719K(699720K), 0.0025324 secs] [Times: user=0.01 sys=0.00, real=0.00 secs] 
2020-10-29T15:51:12.681+0000: [GC (Allocation Failure) 2020-10-29T15:51:12.681+0000: [ParNew: 16386K->2K(18432K), 0.0024817 secs] 484103K->467719K(699720K), 0.0025312 secs] [Times: user=0.00 sys=0.00, real=0.01 secs] 
2020-10-29T15:51:12.699+0000: [GC (Allocation Failure) 2020-10-29T15:51:12.699+0000: [ParNew: 16386K->4K(18432K), 0.0027135 secs] 484103K->467721K(699720K), 0.0027763 secs] [Times: user=0.00 sys=0.00, real=0.00 secs] 
2020-10-29T15:51:12.718+0000: [GC (Allocation Failure) 2020-10-29T15:51:12.718+0000: [ParNew: 16388K->4K(18432K), 0.0024910 secs] 484105K->467721K(699720K), 0.0025398 secs] [Times: user=0.01 sys=0.00, real=0.00 secs] 
2020-10-29T15:51:12.736+0000: [GC (Allocation Failure) 2020-10-29T15:51:12.736+0000: [ParNew: 16388K->2K(18432K), 0.0024875 secs] 484105K->467719K(699720K), 0.0025359 secs] [Times: user=0.00 sys=0.00, real=0.00 secs] 
2020-10-29T15:51:12.753+0000: [GC (Allocation Failure) 2020-10-29T15:51:12.753+0000: [ParNew: 16386K->2K(18432K), 0.0024037 secs] 484103K->467719K(699720K), 0.0024580 secs] [Times: user=0.01 sys=0.00, real=0.00 secs] 
2020-10-29T15:51:12.774+0000: [GC (Allocation Failure) 2020-10-29T15:51:12.774+0000: [ParNew: 16386K->2K(18432K), 0.0023207 secs] 484103K->467719K(699720K), 0.0023647 secs] [Times: user=0.01 sys=0.00, real=0.00 secs] 
2020-10-29T15:51:12.792+0000: [GC (Allocation Failure) 2020-10-29T15:51:12.792+0000: [ParNew: 16386K->2K(18432K), 0.0023925 secs] 484103K->467719K(699720K), 0.0024385 secs] [Times: user=0.01 sys=0.00, real=0.00 secs] 
2020-10-29T15:51:12.809+0000: [GC (Allocation Failure) 2020-10-29T15:51:12.809+0000: [ParNew: 16386K->2K(18432K), 0.0025460 secs] 484103K->467719K(699720K), 0.0025998 secs] [Times: user=0.01 sys=0.00, real=0.01 secs] 
2020-10-29T15:51:12.830+0000: [GC (Allocation Failure) 2020-10-29T15:51:12.830+0000: [ParNew: 16386K->2K(18432K), 0.0022683 secs] 484103K->467719K(699720K), 0.0023319 secs] [Times: user=0.01 sys=0.00, real=0.00 secs] 
2020-10-29T15:51:12.850+0000: [GC (Allocation Failure) 2020-10-29T15:51:12.850+0000: [ParNew: 16386K->2K(18432K), 0.0022202 secs] 484103K->467719K(699720K), 0.0022640 secs] [Times: user=0.00 sys=0.00, real=0.00 secs] 
2020-10-29T15:51:12.868+0000: [GC (Allocation Failure) 2020-10-29T15:51:12.868+0000: [ParNew: 16386K->2K(18432K), 0.0023451 secs] 484103K->467719K(699720K), 0.0023941 secs] [Times: user=0.00 sys=0.00, real=0.00 secs] 
2020-10-29T15:51:12.886+0000: [GC (Allocation Failure) 2020-10-29T15:51:12.886+0000: [ParNew: 16386K->4K(18432K), 0.0024723 secs] 484103K->467721K(699720K), 0.0025218 secs] [Times: user=0.00 sys=0.00, real=0.00 secs] 
2020-10-29T15:51:12.904+0000: [GC (Allocation Failure) 2020-10-29T15:51:12.904+0000: [ParNew: 16388K->2K(18432K), 0.0025132 secs] 484105K->467719K(699720K), 0.0025758 secs] [Times: user=0.01 sys=0.00, real=0.00 secs] 
2020-10-29T15:51:12.921+0000: [GC (Allocation Failure) 2020-10-29T15:51:12.921+0000: [ParNew: 16386K->2K(18432K), 0.0023878 secs] 484103K->467719K(699720K), 0.0024334 secs] [Times: user=0.00 sys=0.00, real=0.01 secs] 
2020-10-29T15:51:12.939+0000: [GC (Allocation Failure) 2020-10-29T15:51:12.939+0000: [ParNew: 16386K->4K(18432K), 0.0023866 secs] 484103K->467721K(699720K), 0.0024319 secs] [Times: user=0.01 sys=0.00, real=0.00 secs] 
2020-10-29T15:51:12.957+0000: [GC (Allocation Failure) 2020-10-29T15:51:12.957+0000: [ParNew: 16388K->4K(18432K), 0.0026518 secs] 484105K->467721K(699720K), 0.0027108 secs] [Times: user=0.00 sys=0.00, real=0.00 secs] 
2020-10-29T15:51:12.975+0000: [GC (Allocation Failure) 2020-10-29T15:51:12.975+0000: [ParNew: 16388K->4K(18432K), 0.0025828 secs] 484105K->467721K(699720K), 0.0026426 secs] [Times: user=0.01 sys=0.00, real=0.00 secs] 
2020-10-29T15:51:12.994+0000: [GC (Allocation Failure) 2020-10-29T15:51:12.994+0000: [ParNew: 16388K->4K(18432K), 0.0026547 secs] 484105K->467721K(699720K), 0.0027106 secs] [Times: user=0.01 sys=0.00, real=0.00 secs] 
2020-10-29T15:51:13.012+0000: [GC (Allocation Failure) 2020-10-29T15:51:13.012+0000: [ParNew: 16388K->4K(18432K), 0.0034151 secs] 484105K->467721K(699720K), 0.0034734 secs] [Times: user=0.01 sys=0.00, real=0.00 secs] 
2020-10-29T15:51:13.034+0000: [GC (Allocation Failure) 2020-10-29T15:51:13.034+0000: [ParNew: 16388K->4K(18432K), 0.0026333 secs] 484105K->467721K(699720K), 0.0026873 secs] [Times: user=0.00 sys=0.00, real=0.00 secs] 
2020-10-29T15:51:13.054+0000: [GC (Allocation Failure) 2020-10-29T15:51:13.054+0000: [ParNew: 16388K->4K(18432K), 0.0024560 secs] 484105K->467721K(699720K), 0.0024992 secs] [Times: user=0.00 sys=0.00, real=0.00 secs] 
2020-10-29T15:51:13.072+0000: [GC (Allocation Failure) 2020-10-29T15:51:13.072+0000: [ParNew: 16388K->2K(18432K), 0.0022910 secs] 484105K->467719K(699720K), 0.0023362 secs] [Times: user=0.00 sys=0.00, real=0.00 secs] 
2020-10-29T15:51:13.090+0000: [GC (Allocation Failure) 2020-10-29T15:51:13.090+0000: [ParNew: 16386K->4K(18432K), 0.0025744 secs] 484103K->467721K(699720K), 0.0026258 secs] [Times: user=0.00 sys=0.00, real=0.00 secs] 
2020-10-29T15:51:13.108+0000: [GC (Allocation Failure) 2020-10-29T15:51:13.108+0000: [ParNew: 16388K->2K(18432K), 0.0024343 secs] 484105K->467719K(699720K), 0.0024825 secs] [Times: user=0.01 sys=0.00, real=0.01 secs] 
2020-10-29T15:51:13.125+0000: [GC (Allocation Failure) 2020-10-29T15:51:13.125+0000: [ParNew: 16386K->2K(18432K), 0.0023284 secs] 484103K->467719K(699720K), 0.0023706 secs] [Times: user=0.01 sys=0.00, real=0.00 secs] 
2020-10-29T15:51:13.146+0000: [GC (Allocation Failure) 2020-10-29T15:51:13.146+0000: [ParNew: 16386K->2K(18432K), 0.0024635 secs] 484103K->467719K(699720K), 0.0025135 secs] [Times: user=0.01 sys=0.00, real=0.00 secs] 
2020-10-29T15:51:13.166+0000: [GC (Allocation Failure) 2020-10-29T15:51:13.166+0000: [ParNew: 16386K->6K(18432K), 0.0024242 secs] 484103K->467723K(699720K), 0.0024714 secs] [Times: user=0.01 sys=0.00, real=0.00 secs] 
2020-10-29T15:51:13.186+0000: [GC (Allocation Failure) 2020-10-29T15:51:13.186+0000: [ParNew: 16390K->2K(18432K), 0.0024702 secs] 484107K->467719K(699720K), 0.0025203 secs] [Times: user=0.01 sys=0.00, real=0.00 secs] 
2020-10-29T15:51:13.204+0000: [GC (Allocation Failure) 2020-10-29T15:51:13.204+0000: [ParNew: 16386K->2K(18432K), 0.0025489 secs] 484103K->467719K(699720K), 0.0026005 secs] [Times: user=0.01 sys=0.00, real=0.00 secs] 
2020-10-29T15:51:13.222+0000: [GC (Allocation Failure) 2020-10-29T15:51:13.222+0000: [ParNew: 16386K->2K(18432K), 0.0024380 secs] 484103K->467719K(699720K), 0.0024821 secs] [Times: user=0.00 sys=0.00, real=0.01 secs] 
2020-10-29T15:51:13.242+0000: [GC (Allocation Failure) 2020-10-29T15:51:13.242+0000: [ParNew: 16386K->2K(18432K), 0.0022798 secs] 484103K->467719K(699720K), 0.0023226 secs] [Times: user=0.01 sys=0.00, real=0.00 secs] 
2020-10-29T15:51:13.260+0000: [GC (Allocation Failure) 2020-10-29T15:51:13.260+0000: [ParNew: 16386K->2K(18432K), 0.0022377 secs] 484103K->467719K(699720K), 0.0022803 secs] [Times: user=0.00 sys=0.00, real=0.00 secs] 
2020-10-29T15:51:13.278+0000: [GC (Allocation Failure) 2020-10-29T15:51:13.278+0000: [ParNew: 16386K->2K(18432K), 0.0022535 secs] 484103K->467719K(699720K), 0.0022971 secs] [Times: user=0.01 sys=0.00, real=0.00 secs] 
2020-10-29T15:51:13.298+0000: [GC (Allocation Failure) 2020-10-29T15:51:13.298+0000: [ParNew: 16386K->2K(18432K), 0.0023015 secs] 484103K->467719K(699720K), 0.0023475 secs] [Times: user=0.00 sys=0.00, real=0.00 secs] 
2020-10-29T15:51:13.318+0000: [GC (Allocation Failure) 2020-10-29T15:51:13.318+0000: [ParNew: 16386K->2K(18432K), 0.0022656 secs] 484103K->467719K(699720K), 0.0023085 secs] [Times: user=0.01 sys=0.00, real=0.00 secs] 
2020-10-29T15:51:13.338+0000: [GC (Allocation Failure) 2020-10-29T15:51:13.338+0000: [ParNew: 16386K->2K(18432K), 0.0024525 secs] 484103K->467719K(699720K), 0.0024998 secs] [Times: user=0.01 sys=0.00, real=0.00 secs] 
2020-10-29T15:51:13.358+0000: [GC (Allocation Failure) 2020-10-29T15:51:13.358+0000: [ParNew: 16386K->2K(18432K), 0.0024426 secs] 484103K->467719K(699720K), 0.0024908 secs] [Times: user=0.00 sys=0.00, real=0.00 secs] 
2020-10-29T15:51:13.378+0000: [GC (Allocation Failure) 2020-10-29T15:51:13.378+0000: [ParNew: 16386K->2K(18432K), 0.0024938 secs] 484103K->467719K(699720K), 0.0025413 secs] [Times: user=0.01 sys=0.00, real=0.00 secs] 
2020-10-29T15:51:13.396+0000: [GC (Allocation Failure) 2020-10-29T15:51:13.396+0000: [ParNew: 16386K->4K(18432K), 0.0023946 secs] 484103K->467721K(699720K), 0.0024391 secs] [Times: user=0.00 sys=0.00, real=0.00 secs] 
2020-10-29T15:51:13.413+0000: [GC (Allocation Failure) 2020-10-29T15:51:13.413+0000: [ParNew: 16388K->2K(18432K), 0.0023533 secs] 484105K->467719K(699720K), 0.0024039 secs] [Times: user=0.01 sys=0.00, real=0.00 secs] 
2020-10-29T15:51:13.431+0000: [GC (Allocation Failure) 2020-10-29T15:51:13.431+0000: [ParNew: 16386K->4K(18432K), 0.0024540 secs] 484103K->467721K(699720K), 0.0025028 secs] [Times: user=0.00 sys=0.00, real=0.00 secs] 
2020-10-29T15:51:13.448+0000: [GC (Allocation Failure) 2020-10-29T15:51:13.448+0000: [ParNew: 16388K->2K(18432K), 0.0024620 secs] 484105K->467719K(699720K), 0.0025249 secs] [Times: user=0.01 sys=0.00, real=0.01 secs] 
2020-10-29T15:51:13.466+0000: [GC (Allocation Failure) 2020-10-29T15:51:13.466+0000: [ParNew: 16386K->4K(18432K), 0.0024457 secs] 484103K->467721K(699720K), 0.0024947 secs] [Times: user=0.01 sys=0.00, real=0.00 secs] 
2020-10-29T15:51:13.486+0000: [GC (Allocation Failure) 2020-10-29T15:51:13.486+0000: [ParNew: 16388K->6K(18432K), 0.0025222 secs] 484105K->467723K(699720K), 0.0025747 secs] [Times: user=0.01 sys=0.00, real=0.00 secs] 
2020-10-29T15:51:13.506+0000: [GC (Allocation Failure) 2020-10-29T15:51:13.506+0000: [ParNew: 16378K->8K(18432K), 0.0025514 secs] 484096K->467726K(699720K), 0.0026025 secs] [Times: user=0.01 sys=0.00, real=0.00 secs] 
2020-10-29T15:51:13.524+0000: [GC (Allocation Failure) 2020-10-29T15:51:13.524+0000: [ParNew: 16392K->6K(18432K), 0.0024827 secs] 484110K->467723K(699720K), 0.0025311 secs] [Times: user=0.00 sys=0.00, real=0.00 secs] 
2020-10-29T15:51:13.541+0000: [GC (Allocation Failure) 2020-10-29T15:51:13.541+0000: [ParNew: 16390K->6K(18432K), 0.0024410 secs] 484107K->467723K(699720K), 0.0024871 secs] [Times: user=0.01 sys=0.00, real=0.01 secs] 
2020-10-29T15:51:13.559+0000: [GC (Allocation Failure) 2020-10-29T15:51:13.559+0000: [ParNew: 16390K->6K(18432K), 0.0022933 secs] 484107K->467723K(699720K), 0.0023381 secs] [Times: user=0.00 sys=0.00, real=0.00 secs] 
2020-10-29T15:51:13.570+0000: [GC (Allocation Failure) 2020-10-29T15:51:13.570+0000: [ParNew: 16390K->4K(18432K), 0.0080407 secs] 484107K->475913K(699720K), 0.0080890 secs] [Times: user=0.02 sys=0.00, real=0.00 secs] 
2020-10-29T15:51:13.598+0000: [GC (Allocation Failure) 2020-10-29T15:51:13.598+0000: [ParNew: 16388K->6K(18432K), 0.0025104 secs] 492297K->475915K(699720K), 0.0025591 secs] [Times: user=0.00 sys=0.00, real=0.00 secs] 
2020-10-29T15:51:13.615+0000: [GC (Allocation Failure) 2020-10-29T15:51:13.615+0000: [ParNew: 16390K->4K(18432K), 0.0022791 secs] 492299K->475914K(699720K), 0.0023239 secs] [Times: user=0.01 sys=0.00, real=0.00 secs] 
2020-10-29T15:51:13.633+0000: [GC (Allocation Failure) 2020-10-29T15:51:13.633+0000: [ParNew: 16388K->6K(18432K), 0.0022480 secs] 492298K->475916K(699720K), 0.0022935 secs] [Times: user=0.01 sys=0.00, real=0.00 secs] 
2020-10-29T15:51:13.650+0000: [GC (Allocation Failure) 2020-10-29T15:51:13.650+0000: [ParNew: 16390K->4K(18432K), 0.0021720 secs] 492300K->475914K(699720K), 0.0022148 secs] [Times: user=0.00 sys=0.00, real=0.01 secs] 
2020-10-29T15:51:13.667+0000: [GC (Allocation Failure) 2020-10-29T15:51:13.667+0000: [ParNew: 16388K->4K(18432K), 0.0022803 secs] 492298K->475914K(699720K), 0.0023259 secs] [Times: user=0.01 sys=0.00, real=0.00 secs] 
2020-10-29T15:51:13.684+0000: [GC (Allocation Failure) 2020-10-29T15:51:13.684+0000: [ParNew: 16388K->2K(18432K), 0.0024236 secs] 492298K->475912K(699720K), 0.0024715 secs] [Times: user=0.00 sys=0.00, real=0.00 secs] 
2020-10-29T15:51:13.702+0000: [GC (Allocation Failure) 2020-10-29T15:51:13.702+0000: [ParNew: 16386K->2K(18432K), 0.0028647 secs] 492296K->475912K(699720K), 0.0029139 secs] [Times: user=0.01 sys=0.00, real=0.00 secs] 
2020-10-29T15:51:13.720+0000: [GC (Allocation Failure) 2020-10-29T15:51:13.720+0000: [ParNew: 16386K->4K(18432K), 0.0024750 secs] 492296K->475914K(699720K), 0.0025259 secs] [Times: user=0.00 sys=0.00, real=0.01 secs] 
2020-10-29T15:51:13.738+0000: [GC (Allocation Failure) 2020-10-29T15:51:13.738+0000: [ParNew: 16388K->2K(18432K), 0.0025904 secs] 492298K->475912K(699720K), 0.0026470 secs] [Times: user=0.01 sys=0.00, real=0.00 secs] 
2020-10-29T15:51:13.757+0000: [GC (Allocation Failure) 2020-10-29T15:51:13.757+0000: [ParNew: 16386K->4K(18432K), 0.0026229 secs] 492296K->475914K(699720K), 0.0026775 secs] [Times: user=0.01 sys=0.00, real=0.00 secs] 
2020-10-29T15:51:13.790+0000: [GC (Allocation Failure) 2020-10-29T15:51:13.790+0000: [ParNew: 16388K->6K(18432K), 0.0025239 secs] 492298K->475916K(699720K), 0.0025766 secs] [Times: user=0.00 sys=0.00, real=0.00 secs] 
2020-10-29T15:51:13.810+0000: [GC (Allocation Failure) 2020-10-29T15:51:13.810+0000: [ParNew: 16390K->6K(18432K), 0.0081439 secs] 492300K->484108K(699720K), 0.0081968 secs] [Times: user=0.01 sys=0.01, real=0.00 secs] 
2020-10-29T15:51:13.819+0000: [GC (CMS Initial Mark) [1 CMS-initial-mark: 484102K(681288K)] 484365K(699720K), 0.0013372 secs] [Times: user=0.00 sys=0.00, real=0.00 secs] 
2020-10-29T15:51:13.820+0000: [CMS-concurrent-mark-start]
2020-10-29T15:51:13.869+0000: [CMS-concurrent-mark: 0.048/0.048 secs] [Times: user=0.09 sys=0.00, real=0.05 secs] 
2020-10-29T15:51:13.869+0000: [CMS-concurrent-preclean-start]
2020-10-29T15:51:13.871+0000: [CMS-concurrent-preclean: 0.002/0.002 secs] [Times: user=0.01 sys=0.00, real=0.01 secs] 
2020-10-29T15:51:13.871+0000: [CMS-concurrent-abortable-preclean-start]
2020-10-29T15:51:13.875+0000: [GC (Allocation Failure) 2020-10-29T15:51:13.875+0000: [ParNew: 16390K->4K(18432K), 0.0021778 secs] 500492K->484106K(699720K), 0.0022211 secs] [Times: user=0.01 sys=0.00, real=0.00 secs] 
2020-10-29T15:51:13.949+0000: [GC (Allocation Failure) 2020-10-29T15:51:13.949+0000: [ParNew: 16388K->4K(18432K), 0.0026558 secs] 500490K->484106K(699720K), 0.0027143 secs] [Times: user=0.01 sys=0.00, real=0.01 secs] 
2020-10-29T15:51:14.464+0000: [CMS-concurrent-abortable-preclean: 0.014/0.592 secs] [Times: user=1.17 sys=0.00, real=0.59 secs] 
2020-10-29T15:51:14.466+0000: [GC (CMS Final Remark) [YG occupancy: 13154 K (18432 K)]2020-10-29T15:51:14.466+0000: [Rescan (parallel) , 0.0086545 secs]2020-10-29T15:51:14.475+0000: [weak refs processing, 0.0003399 secs]2020-10-29T15:51:14.475+0000: [class unloading, 0.0087088 secs]2020-10-29T15:51:14.484+0000: [scrub symbol table, 0.0095107 secs]2020-10-29T15:51:14.494+0000: [scrub string table, 0.0006223 secs][1 CMS-remark: 484102K(681288K)] 497257K(699720K), 0.0280338 secs] [Times: user=0.04 sys=0.00, real=0.03 secs] 
2020-10-29T15:51:14.503+0000: [CMS-concurrent-sweep-start]
2020-10-29T15:51:14.524+0000: [GC (Allocation Failure) 2020-10-29T15:51:14.524+0000: [ParNew: 16388K->4K(18432K), 0.0028623 secs] 472283K->455899K(699720K), 0.0029229 secs] [Times: user=0.00 sys=0.00, real=0.00 secs] 
2020-10-29T15:51:14.527+0000: [CMS-concurrent-sweep: 0.021/0.025 secs] [Times: user=0.04 sys=0.00, real=0.02 secs] 
2020-10-29T15:51:14.527+0000: [CMS-concurrent-reset-start]
2020-10-29T15:51:14.529+0000: [CMS-concurrent-reset: 0.002/0.002 secs] [Times: user=0.00 sys=0.00, real=0.00 secs] 
2020-10-29T15:51:14.630+0000: [GC (Allocation Failure) 2020-10-29T15:51:14.630+0000: [ParNew: 16388K->4K(18432K), 0.0044865 secs] 451380K->434996K(743420K), 0.0045672 secs] [Times: user=0.01 sys=0.00, real=0.00 secs] 
2020-10-29T15:51:14.711+0000: [GC (Allocation Failure) 2020-10-29T15:51:14.711+0000: [ParNew: 16388K->4K(18432K), 0.0027393 secs] 451380K->434996K(743420K), 0.0028214 secs] [Times: user=0.01 sys=0.00, real=0.00 secs] 
2020-10-29T15:51:14.786+0000: [GC (Allocation Failure) 2020-10-29T15:51:14.786+0000: [ParNew: 16388K->4K(18432K), 0.0027187 secs] 451380K->434997K(743420K), 0.0027779 secs] [Times: user=0.01 sys=0.00, real=0.00 secs] 
2020-10-29T15:51:14.831+0000: [GC (Allocation Failure) 2020-10-29T15:51:14.831+0000: [ParNew: 16388K->4K(18432K), 0.0027310 secs] 451381K->434997K(743420K), 0.0027912 secs] [Times: user=0.00 sys=0.00, real=0.00 secs] 
2020-10-29T15:51:14.870+0000: [GC (Allocation Failure) 2020-10-29T15:51:14.870+0000: [ParNew: 16388K->4K(18432K), 0.0027099 secs] 451381K->434997K(743420K), 0.0027675 secs] [Times: user=0.00 sys=0.00, real=0.00 secs] 
2020-10-29T15:51:14.929+0000: [GC (Allocation Failure) 2020-10-29T15:51:14.929+0000: [ParNew: 16388K->6K(18432K), 0.0042110 secs] 451381K->434999K(743420K), 0.0042621 secs] [Times: user=0.01 sys=0.00, real=0.01 secs] 
2020-10-29T15:51:15.001+0000: [GC (Allocation Failure) 2020-10-29T15:51:15.001+0000: [ParNew: 16390K->4K(18432K), 0.0027615 secs] 451383K->434998K(743420K), 0.0028223 secs] [Times: user=0.01 sys=0.00, real=0.01 secs] 
2020-10-29T15:51:15.580+0000: [GC (Allocation Failure) 2020-10-29T15:51:15.580+0000: [ParNew: 16388K->468K(18432K), 0.0033943 secs] 451382K->435462K(743420K), 0.0034603 secs] [Times: user=0.00 sys=0.00, real=0.01 secs] 
2020-10-29T15:51:15.784+0000: [GC (Allocation Failure) 2020-10-29T15:51:15.784+0000: [ParNew: 16852K->2047K(18432K), 0.0104777 secs] 451846K->437067K(743420K), 0.0105606 secs] [Times: user=0.02 sys=0.00, real=0.01 secs] 
2020-10-29T15:51:15.851+0000: [GC (Allocation Failure) 2020-10-29T15:51:15.851+0000: [ParNew: 18431K->639K(18432K), 0.0123191 secs] 453451K->437295K(743420K), 0.0123885 secs] [Times: user=0.02 sys=0.00, real=0.01 secs] 
2020-10-29T15:51:15.909+0000: [GC (Allocation Failure) 2020-10-29T15:51:15.909+0000: [ParNew: 17023K->513K(18432K), 0.0085084 secs] 453679K->437169K(743420K), 0.0085673 secs] [Times: user=0.02 sys=0.00, real=0.01 secs] 
2020-10-29T15:51:15.963+0000: [GC (Allocation Failure) 2020-10-29T15:51:15.963+0000: [ParNew: 16897K->1120K(18432K), 0.0029022 secs] 453553K->437776K(743420K), 0.0029603 secs] [Times: user=0.01 sys=0.00, real=0.00 secs] 
2020-10-29T15:51:16.001+0000: [GC (Allocation Failure) 2020-10-29T15:51:16.001+0000: [ParNew: 17504K->24K(18432K), 0.0028828 secs] 454160K->437192K(743420K), 0.0029387 secs] [Times: user=0.00 sys=0.00, real=0.01 secs] 
2020-10-29T15:51:16.034+0000: [GC (Allocation Failure) 2020-10-29T15:51:16.034+0000: [ParNew: 16408K->1030K(18432K), 0.0028043 secs] 453576K->438198K(743420K), 0.0028574 secs] [Times: user=0.00 sys=0.00, real=0.00 secs] 
2020-10-29T15:51:16.074+0000: [GC (Allocation Failure) 2020-10-29T15:51:16.074+0000: [ParNew: 17414K->6K(18432K), 0.0028293 secs] 454582K->437686K(743420K), 0.0028844 secs] [Times: user=0.00 sys=0.00, real=0.00 secs] 
2020-10-29T15:51:16.102+0000: [GC (Allocation Failure) 2020-10-29T15:51:16.102+0000: [ParNew: 16390K->1028K(18432K), 0.0028303 secs] 454070K->438708K(743420K), 0.0028821 secs] [Times: user=0.00 sys=0.00, real=0.00 secs] 
2020-10-29T15:51:16.127+0000: [GC (Allocation Failure) 2020-10-29T15:51:16.127+0000: [ParNew: 17412K->4K(18432K), 0.0027242 secs] 455092K->438196K(743420K), 0.0027742 secs] [Times: user=0.00 sys=0.00, real=0.00 secs] 
2020-10-29T15:51:16.154+0000: [GC (Allocation Failure) 2020-10-29T15:51:16.154+0000: [ParNew: 16388K->4K(18432K), 0.0026592 secs] 454580K->438196K(743420K), 0.0027112 secs] [Times: user=0.00 sys=0.00, real=0.00 secs] 
2020-10-29T15:51:16.180+0000: [GC (Allocation Failure) 2020-10-29T15:51:16.180+0000: [ParNew: 16388K->1028K(18432K), 0.0030193 secs] 454580K->440244K(743420K), 0.0030756 secs] [Times: user=0.00 sys=0.00, real=0.01 secs] 
2020-10-29T15:51:16.210+0000: [GC (Allocation Failure) 2020-10-29T15:51:16.210+0000: [ParNew: 17412K->4K(18432K), 0.0027377 secs] 456628K->439220K(743420K), 0.0028139 secs] [Times: user=0.00 sys=0.00, real=0.01 secs] 
2020-10-29T15:51:16.234+0000: [GC (Allocation Failure) 2020-10-29T15:51:16.234+0000: [ParNew: 16388K->4K(18432K), 0.0026835 secs] 455604K->439220K(743420K), 0.0027382 secs] [Times: user=0.01 sys=0.00, real=0.00 secs] 
2020-10-29T15:51:16.254+0000: [GC (Allocation Failure) 2020-10-29T15:51:16.254+0000: [ParNew: 16388K->1028K(18432K), 0.0028164 secs] 455604K->441268K(743420K), 0.0028638 secs] [Times: user=0.00 sys=0.00, real=0.00 secs] 
2020-10-29T15:51:16.274+0000: [GC (Allocation Failure) 2020-10-29T15:51:16.274+0000: [ParNew: 17412K->4K(18432K), 0.0025913 secs] 457652K->440244K(743420K), 0.0026416 secs] [Times: user=0.01 sys=0.00, real=0.00 secs] 
2020-10-29T15:51:16.294+0000: [GC (Allocation Failure) 2020-10-29T15:51:16.294+0000: [ParNew: 16388K->4K(18432K), 0.0025520 secs] 456628K->440244K(743420K), 0.0026001 secs] [Times: user=0.01 sys=0.00, real=0.00 secs] 
2020-10-29T15:51:16.314+0000: [GC (Allocation Failure) 2020-10-29T15:51:16.314+0000: [ParNew: 16388K->4K(18432K), 0.0025229 secs] 456628K->440244K(743420K), 0.0025713 secs] [Times: user=0.01 sys=0.00, real=0.00 secs] 
2020-10-29T15:51:16.334+0000: [GC (Allocation Failure) 2020-10-29T15:51:16.334+0000: [ParNew: 16388K->4K(18432K), 0.0025405 secs] 456628K->440244K(743420K), 0.0025873 secs] [Times: user=0.00 sys=0.00, real=0.00 secs] 
2020-10-29T15:51:16.354+0000: [GC (Allocation Failure) 2020-10-29T15:51:16.354+0000: [ParNew: 16388K->4K(18432K), 0.0025472 secs] 456628K->440244K(743420K), 0.0025990 secs] [Times: user=0.01 sys=0.00, real=0.00 secs] 
2020-10-29T15:51:16.380+0000: [GC (Allocation Failure) 2020-10-29T15:51:16.380+0000: [ParNew: 16388K->4K(18432K), 0.0027424 secs] 456628K->440244K(743420K), 0.0028001 secs] [Times: user=0.01 sys=0.00, real=0.01 secs] 
2020-10-29T15:51:16.420+0000: [GC (Allocation Failure) 2020-10-29T15:51:16.420+0000: [ParNew: 16388K->4K(18432K), 0.0027528 secs] 456628K->440244K(743420K), 0.0028083 secs] [Times: user=0.00 sys=0.00, real=0.01 secs] 
2020-10-29T15:51:16.443+0000: [GC (Allocation Failure) 2020-10-29T15:51:16.443+0000: [ParNew: 16388K->4K(18432K), 0.0029843 secs] 456628K->442292K(743420K), 0.0030345 secs] [Times: user=0.01 sys=0.00, real=0.00 secs] 
2020-10-29T15:51:16.470+0000: [GC (Allocation Failure) 2020-10-29T15:51:16.470+0000: [ParNew: 16388K->4K(18432K), 0.0027317 secs] 458676K->442292K(743420K), 0.0027863 secs] [Times: user=0.01 sys=0.00, real=0.01 secs] 
2020-10-29T15:51:16.497+0000: [GC (Allocation Failure) 2020-10-29T15:51:16.497+0000: [ParNew: 16388K->4K(18432K), 0.0026181 secs] 458676K->442292K(743420K), 0.0026909 secs] [Times: user=0.00 sys=0.00, real=0.00 secs] 
2020-10-29T15:51:16.526+0000: [GC (Allocation Failure) 2020-10-29T15:51:16.526+0000: [ParNew: 16388K->4K(18432K), 0.0026214 secs] 458676K->442292K(743420K), 0.0026912 secs] [Times: user=0.00 sys=0.00, real=0.00 secs] 
2020-10-29T15:51:16.553+0000: [GC (Allocation Failure) 2020-10-29T15:51:16.553+0000: [ParNew: 16388K->4K(18432K), 0.0025667 secs] 458676K->442292K(743420K), 0.0026337 secs] [Times: user=0.00 sys=0.00, real=0.00 secs] 
2020-10-29T15:51:16.594+0000: [GC (Allocation Failure) 2020-10-29T15:51:16.594+0000: [ParNew: 16388K->4K(18432K), 0.0027500 secs] 458676K->442292K(743420K), 0.0028067 secs] [Times: user=0.01 sys=0.00, real=0.00 secs] 
2020-10-29T15:51:16.622+0000: [GC (Allocation Failure) 2020-10-29T15:51:16.622+0000: [ParNew: 16388K->4K(18432K), 0.0026597 secs] 458676K->442293K(743420K), 0.0027272 secs] [Times: user=0.00 sys=0.00, real=0.00 secs] 
2020-10-29T15:51:16.647+0000: [GC (Allocation Failure) 2020-10-29T15:51:16.647+0000: [ParNew: 16388K->4K(18432K), 0.0026569 secs] 458677K->442293K(743420K), 0.0027340 secs] [Times: user=0.00 sys=0.00, real=0.00 secs] 
2020-10-29T15:51:16.683+0000: [GC (Allocation Failure) 2020-10-29T15:51:16.684+0000: [ParNew: 16388K->4K(18432K), 0.0031166 secs] 458677K->444341K(743420K), 0.0031925 secs] [Times: user=0.00 sys=0.00, real=0.00 secs] 
2020-10-29T15:51:16.727+0000: [GC (Allocation Failure) 2020-10-29T15:51:16.727+0000: [ParNew: 16388K->4K(18432K), 0.0027538 secs] 460725K->444341K(743420K), 0.0028273 secs] [Times: user=0.01 sys=0.00, real=0.00 secs] 
2020-10-29T15:51:16.762+0000: [GC (Allocation Failure) 2020-10-29T15:51:16.762+0000: [ParNew: 16388K->4K(18432K), 0.0059189 secs] 460725K->444341K(743420K), 0.0059963 secs] [Times: user=0.01 sys=0.00, real=0.00 secs] 
2020-10-29T15:51:16.794+0000: [GC (Allocation Failure) 2020-10-29T15:51:16.794+0000: [ParNew: 16388K->4K(18432K), 0.0026836 secs] 460725K->444341K(743420K), 0.0027541 secs] [Times: user=0.01 sys=0.00, real=0.00 secs] 
2020-10-29T15:51:16.818+0000: [GC (Allocation Failure) 2020-10-29T15:51:16.818+0000: [ParNew: 16388K->4K(18432K), 0.0026457 secs] 460725K->444341K(743420K), 0.0027147 secs] [Times: user=0.01 sys=0.00, real=0.00 secs] 
2020-10-29T15:51:16.857+0000: [GC (Allocation Failure) 2020-10-29T15:51:16.857+0000: [ParNew: 16388K->4K(18432K), 0.0028034 secs] 460725K->444341K(743420K), 0.0028872 secs] [Times: user=0.01 sys=0.00, real=0.00 secs] 
2020-10-29T15:51:16.882+0000: [GC (Allocation Failure) 2020-10-29T15:51:16.882+0000: [ParNew: 16388K->4K(18432K), 0.0027087 secs] 460725K->444341K(743420K), 0.0027643 secs] [Times: user=0.00 sys=0.00, real=0.01 secs] 
2020-10-29T15:51:16.904+0000: [GC (Allocation Failure) 2020-10-29T15:51:16.905+0000: [ParNew: 16388K->4K(18432K), 0.0024427 secs] 460725K->444341K(743420K), 0.0024912 secs] [Times: user=0.01 sys=0.00, real=0.00 secs] 
2020-10-29T15:51:16.926+0000: [GC (Allocation Failure) 2020-10-29T15:51:16.926+0000: [ParNew: 16388K->4K(18432K), 0.0024899 secs] 460725K->444341K(743420K), 0.0025391 secs] [Times: user=0.01 sys=0.00, real=0.00 secs] 
2020-10-29T15:51:16.944+0000: [GC (Allocation Failure) 2020-10-29T15:51:16.944+0000: [ParNew: 16388K->4K(18432K), 0.0025624 secs] 460725K->444341K(743420K), 0.0026120 secs] [Times: user=0.01 sys=0.00, real=0.00 secs] 
2020-10-29T15:51:16.962+0000: [GC (Allocation Failure) 2020-10-29T15:51:16.962+0000: [ParNew: 16388K->4K(18432K), 0.0024904 secs] 460725K->444341K(743420K), 0.0025362 secs] [Times: user=0.00 sys=0.00, real=0.00 secs] 
2020-10-29T15:51:16.978+0000: [GC (Allocation Failure) 2020-10-29T15:51:16.978+0000: [ParNew: 14422K->4K(18432K), 0.0025666 secs] 458760K->444341K(743420K), 0.0026169 secs] [Times: user=0.00 sys=0.00, real=0.00 secs] 
2020-10-29T15:51:16.995+0000: [GC (Allocation Failure) 2020-10-29T15:51:16.995+0000: [ParNew: 16388K->4K(18432K), 0.0053841 secs] 460725K->448437K(743420K), 0.0054393 secs] [Times: user=0.01 sys=0.00, real=0.00 secs] 
2020-10-29T15:51:17.015+0000: [GC (Allocation Failure) 2020-10-29T15:51:17.015+0000: [ParNew: 16388K->4K(18432K), 0.0027474 secs] 464821K->448437K(743420K), 0.0028055 secs] [Times: user=0.00 sys=0.00, real=0.00 secs] 
2020-10-29T15:51:17.034+0000: [GC (Allocation Failure) 2020-10-29T15:51:17.034+0000: [ParNew: 16388K->4K(18432K), 0.0026372 secs] 464821K->448437K(743420K), 0.0026882 secs] [Times: user=0.01 sys=0.00, real=0.00 secs] 
2020-10-29T15:51:17.054+0000: [GC (Allocation Failure) 2020-10-29T15:51:17.054+0000: [ParNew: 16388K->4K(18432K), 0.0025933 secs] 464821K->448437K(743420K), 0.0026402 secs] [Times: user=0.01 sys=0.00, real=0.00 secs] 
2020-10-29T15:51:17.074+0000: [GC (Allocation Failure) 2020-10-29T15:51:17.074+0000: [ParNew: 16388K->4K(18432K), 0.0025887 secs] 464821K->448437K(743420K), 0.0026383 secs] [Times: user=0.00 sys=0.00, real=0.00 secs] 
2020-10-29T15:51:17.092+0000: [GC (Allocation Failure) 2020-10-29T15:51:17.092+0000: [ParNew: 16388K->4K(18432K), 0.0026147 secs] 464821K->448437K(743420K), 0.0026752 secs] [Times: user=0.01 sys=0.00, real=0.00 secs] 
2020-10-29T15:51:17.110+0000: [GC (Allocation Failure) 2020-10-29T15:51:17.110+0000: [ParNew: 16388K->4K(18432K), 0.0024616 secs] 464821K->448437K(743420K), 0.0025058 secs] [Times: user=0.00 sys=0.00, real=0.00 secs] 
2020-10-29T15:51:17.127+0000: [GC (Allocation Failure) 2020-10-29T15:51:17.127+0000: [ParNew: 16388K->4K(18432K), 0.0024408 secs] 464821K->448437K(743420K), 0.0024862 secs] [Times: user=0.01 sys=0.00, real=0.00 secs] 
2020-10-29T15:51:17.144+0000: [GC (Allocation Failure) 2020-10-29T15:51:17.144+0000: [ParNew: 16388K->4K(18432K), 0.0023815 secs] 464821K->448437K(743420K), 0.0024248 secs] [Times: user=0.00 sys=0.00, real=0.00 secs] 
2020-10-29T15:51:17.162+0000: [GC (Allocation Failure) 2020-10-29T15:51:17.162+0000: [ParNew: 16388K->4K(18432K), 0.0025682 secs] 464821K->448437K(743420K), 0.0026194 secs] [Times: user=0.01 sys=0.00, real=0.00 secs] 
2020-10-29T15:51:17.180+0000: [GC (Allocation Failure) 2020-10-29T15:51:17.180+0000: [ParNew: 16388K->4K(18432K), 0.0025538 secs] 464821K->448437K(743420K), 0.0026037 secs] [Times: user=0.01 sys=0.00, real=0.00 secs] 
2020-10-29T15:51:17.202+0000: [GC (Allocation Failure) 2020-10-29T15:51:17.202+0000: [ParNew: 16388K->4K(18432K), 0.0024779 secs] 464821K->448437K(743420K), 0.0025276 secs] [Times: user=0.00 sys=0.00, real=0.00 secs] 
2020-10-29T15:51:17.220+0000: [GC (Allocation Failure) 2020-10-29T15:51:17.220+0000: [ParNew: 16388K->4K(18432K), 0.0024180 secs] 464821K->448437K(743420K), 0.0024642 secs] [Times: user=0.01 sys=0.00, real=0.01 secs] 
2020-10-29T15:51:17.237+0000: [GC (Allocation Failure) 2020-10-29T15:51:17.237+0000: [ParNew: 16388K->4K(18432K), 0.0024371 secs] 464821K->448437K(743420K), 0.0024796 secs] [Times: user=0.01 sys=0.00, real=0.00 secs] 
2020-10-29T15:51:17.254+0000: [GC (Allocation Failure) 2020-10-29T15:51:17.254+0000: [ParNew: 16388K->4K(18432K), 0.0024188 secs] 464821K->448437K(743420K), 0.0024615 secs] [Times: user=0.00 sys=0.00, real=0.00 secs] 
2020-10-29T15:51:17.274+0000: [GC (Allocation Failure) 2020-10-29T15:51:17.274+0000: [ParNew: 16388K->4K(18432K), 0.0024498 secs] 464821K->448437K(743420K), 0.0025046 secs] [Times: user=0.00 sys=0.00, real=0.00 secs] 
2020-10-29T15:51:17.294+0000: [GC (Allocation Failure) 2020-10-29T15:51:17.294+0000: [ParNew: 16388K->4K(18432K), 0.0025979 secs] 464821K->448437K(743420K), 0.0026507 secs] [Times: user=0.00 sys=0.00, real=0.00 secs] 
2020-10-29T15:51:17.314+0000: [GC (Allocation Failure) 2020-10-29T15:51:17.314+0000: [ParNew: 16388K->4K(18432K), 0.0026649 secs] 464821K->448437K(743420K), 0.0027180 secs] [Times: user=0.00 sys=0.00, real=0.00 secs] 
2020-10-29T15:51:17.334+0000: [GC (Allocation Failure) 2020-10-29T15:51:17.334+0000: [ParNew: 16388K->4K(18432K), 0.0026146 secs] 464821K->448437K(743420K), 0.0026604 secs] [Times: user=0.00 sys=0.00, real=0.00 secs] 
2020-10-29T15:51:17.356+0000: [GC (Allocation Failure) 2020-10-29T15:51:17.356+0000: [ParNew: 16388K->4K(18432K), 0.0027579 secs] 464821K->448437K(743420K), 0.0028123 secs] [Times: user=0.00 sys=0.00, real=0.00 secs] 
2020-10-29T15:51:17.374+0000: [GC (Allocation Failure) 2020-10-29T15:51:17.374+0000: [ParNew: 16388K->4K(18432K), 0.0026660 secs] 464821K->448437K(743420K), 0.0027179 secs] [Times: user=0.01 sys=0.00, real=0.00 secs] 
2020-10-29T15:51:17.394+0000: [GC (Allocation Failure) 2020-10-29T15:51:17.394+0000: [ParNew: 16388K->4K(18432K), 0.0026459 secs] 464821K->448437K(743420K), 0.0026979 secs] [Times: user=0.00 sys=0.00, real=0.00 secs] 
2020-10-29T15:51:17.412+0000: [GC (Allocation Failure) 2020-10-29T15:51:17.412+0000: [ParNew: 16388K->4K(18432K), 0.0026615 secs] 464821K->448437K(743420K), 0.0027084 secs] [Times: user=0.01 sys=0.00, real=0.00 secs] 
2020-10-29T15:51:17.430+0000: [GC (Allocation Failure) 2020-10-29T15:51:17.430+0000: [ParNew: 16388K->4K(18432K), 0.0025723 secs] 464821K->448437K(743420K), 0.0026220 secs] [Times: user=0.01 sys=0.00, real=0.00 secs] 
2020-10-29T15:51:17.448+0000: [GC (Allocation Failure) 2020-10-29T15:51:17.448+0000: [ParNew: 16388K->4K(18432K), 0.0026604 secs] 464821K->448437K(743420K), 0.0027099 secs] [Times: user=0.01 sys=0.00, real=0.01 secs] 
2020-10-29T15:51:17.465+0000: [GC (Allocation Failure) 2020-10-29T15:51:17.465+0000: [ParNew: 16388K->4K(18432K), 0.0026251 secs] 464821K->448437K(743420K), 0.0026766 secs] [Times: user=0.01 sys=0.00, real=0.00 secs] 
2020-10-29T15:51:17.482+0000: [GC (Allocation Failure) 2020-10-29T15:51:17.482+0000: [ParNew: 16388K->4K(18432K), 0.0027138 secs] 464821K->448437K(743420K), 0.0027677 secs] [Times: user=0.00 sys=0.00, real=0.01 secs] 
2020-10-29T15:51:17.502+0000: [GC (Allocation Failure) 2020-10-29T15:51:17.502+0000: [ParNew: 16388K->4K(18432K), 0.0026528 secs] 464821K->448437K(743420K), 0.0027050 secs] [Times: user=0.01 sys=0.00, real=0.00 secs] 
2020-10-29T15:51:17.522+0000: [GC (Allocation Failure) 2020-10-29T15:51:17.522+0000: [ParNew: 16388K->4K(18432K), 0.0025337 secs] 464821K->448437K(743420K), 0.0025836 secs] [Times: user=0.00 sys=0.00, real=0.00 secs] 
2020-10-29T15:51:17.540+0000: [GC (Allocation Failure) 2020-10-29T15:51:17.540+0000: [ParNew: 16388K->4K(18432K), 0.0024915 secs] 464821K->448437K(743420K), 0.0025404 secs] [Times: user=0.01 sys=0.00, real=0.01 secs] 
2020-10-29T15:51:17.557+0000: [GC (Allocation Failure) 2020-10-29T15:51:17.557+0000: [ParNew: 16388K->4K(18432K), 0.0026377 secs] 464821K->448437K(743420K), 0.0026949 secs] [Times: user=0.00 sys=0.00, real=0.00 secs] 
2020-10-29T15:51:17.574+0000: [GC (Allocation Failure) 2020-10-29T15:51:17.574+0000: [ParNew: 16388K->4K(18432K), 0.0025842 secs] 464821K->448437K(743420K), 0.0026348 secs] [Times: user=0.01 sys=0.00, real=0.00 secs] 
2020-10-29T15:51:17.594+0000: [GC (Allocation Failure) 2020-10-29T15:51:17.594+0000: [ParNew: 16388K->4K(18432K), 0.0025900 secs] 464821K->448437K(743420K), 0.0026401 secs] [Times: user=0.01 sys=0.00, real=0.00 secs] 
2020-10-29T15:51:17.614+0000: [GC (Allocation Failure) 2020-10-29T15:51:17.614+0000: [ParNew: 16388K->4K(18432K), 0.0026412 secs] 464821K->448437K(743420K), 0.0026939 secs] [Times: user=0.01 sys=0.00, real=0.00 secs] 
2020-10-29T15:51:17.634+0000: [GC (Allocation Failure) 2020-10-29T15:51:17.634+0000: [ParNew: 16388K->4K(18432K), 0.0026020 secs] 464821K->448437K(743420K), 0.0026485 secs] [Times: user=0.00 sys=0.00, real=0.00 secs] 
2020-10-29T15:51:17.654+0000: [GC (Allocation Failure) 2020-10-29T15:51:17.654+0000: [ParNew: 16388K->4K(18432K), 0.0025737 secs] 464821K->448437K(743420K), 0.0026214 secs] [Times: user=0.01 sys=0.00, real=0.00 secs] 
2020-10-29T15:51:17.674+0000: [GC (Allocation Failure) 2020-10-29T15:51:17.674+0000: [ParNew: 16388K->4K(18432K), 0.0026220 secs] 464821K->448437K(743420K), 0.0026724 secs] [Times: user=0.00 sys=0.00, real=0.00 secs] 
2020-10-29T15:51:17.692+0000: [GC (Allocation Failure) 2020-10-29T15:51:17.692+0000: [ParNew: 16388K->4K(18432K), 0.0025455 secs] 464821K->448437K(743420K), 0.0025909 secs] [Times: user=0.01 sys=0.00, real=0.00 secs] 
2020-10-29T15:51:17.710+0000: [GC (Allocation Failure) 2020-10-29T15:51:17.710+0000: [ParNew: 16388K->4K(18432K), 0.0024410 secs] 464821K->448437K(743420K), 0.0025085 secs] [Times: user=0.00 sys=0.00, real=0.00 secs] 
2020-10-29T15:51:17.729+0000: [GC (Allocation Failure) 2020-10-29T15:51:17.729+0000: [ParNew: 16388K->4K(18432K), 0.0025978 secs] 464821K->448437K(743420K), 0.0026492 secs] [Times: user=0.01 sys=0.00, real=0.01 secs] 
2020-10-29T15:51:17.746+0000: [GC (Allocation Failure) 2020-10-29T15:51:17.746+0000: [ParNew: 16388K->4K(18432K), 0.0024693 secs] 464821K->448437K(743420K), 0.0025172 secs] [Times: user=0.00 sys=0.00, real=0.00 secs] 
2020-10-29T15:51:17.763+0000: [GC (Allocation Failure) 2020-10-29T15:51:17.763+0000: [ParNew: 16388K->4K(18432K), 0.0024854 secs] 464821K->448437K(743420K), 0.0025316 secs] [Times: user=0.00 sys=0.00, real=0.00 secs] 
2020-10-29T15:51:17.780+0000: [GC (Allocation Failure) 2020-10-29T15:51:17.780+0000: [ParNew: 16388K->4K(18432K), 0.0024911 secs] 464821K->448437K(743420K), 0.0025365 secs] [Times: user=0.00 sys=0.01, real=0.01 secs] 
2020-10-29T15:51:17.797+0000: [GC (Allocation Failure) 2020-10-29T15:51:17.797+0000: [ParNew: 16388K->4K(18432K), 0.0024189 secs] 464821K->448437K(743420K), 0.0024650 secs] [Times: user=0.00 sys=0.00, real=0.00 secs] 
2020-10-29T15:51:17.814+0000: [GC (Allocation Failure) 2020-10-29T15:51:17.814+0000: [ParNew: 16388K->4K(18432K), 0.0023714 secs] 464821K->448437K(743420K), 0.0024163 secs] [Times: user=0.01 sys=0.00, real=0.00 secs] 
2020-10-29T15:51:17.831+0000: [GC (Allocation Failure) 2020-10-29T15:51:17.831+0000: [ParNew: 16388K->4K(18432K), 0.0025278 secs] 464821K->448438K(743420K), 0.0025769 secs] [Times: user=0.01 sys=0.00, real=0.00 secs] 
2020-10-29T15:51:17.850+0000: [GC (Allocation Failure) 2020-10-29T15:51:17.850+0000: [ParNew: 16388K->4K(18432K), 0.0025391 secs] 464822K->448438K(743420K), 0.0025865 secs] [Times: user=0.00 sys=0.00, real=0.00 secs] 
2020-10-29T15:51:17.870+0000: [GC (Allocation Failure) 2020-10-29T15:51:17.870+0000: [ParNew: 16388K->4K(18432K), 0.0023266 secs] 464822K->448438K(743420K), 0.0023719 secs] [Times: user=0.01 sys=0.00, real=0.00 secs] 
2020-10-29T15:51:17.887+0000: [GC (Allocation Failure) 2020-10-29T15:51:17.887+0000: [ParNew: 16388K->4K(18432K), 0.0024540 secs] 464822K->448438K(743420K), 0.0025027 secs] [Times: user=0.01 sys=0.00, real=0.00 secs] 
2020-10-29T15:51:17.904+0000: [GC (Allocation Failure) 2020-10-29T15:51:17.904+0000: [ParNew: 16388K->4K(18432K), 0.0025838 secs] 464822K->448438K(743420K), 0.0026311 secs] [Times: user=0.00 sys=0.00, real=0.00 secs] 
2020-10-29T15:51:17.921+0000: [GC (Allocation Failure) 2020-10-29T15:51:17.921+0000: [ParNew: 16388K->4K(18432K), 0.0025079 secs] 464822K->448438K(743420K), 0.0025535 secs] [Times: user=0.01 sys=0.00, real=0.01 secs] 
2020-10-29T15:51:17.942+0000: [GC (Allocation Failure) 2020-10-29T15:51:17.942+0000: [ParNew: 16388K->4K(18432K), 0.0022861 secs] 464822K->448438K(743420K), 0.0023300 secs] [Times: user=0.00 sys=0.00, real=0.00 secs] 
2020-10-29T15:51:17.959+0000: [GC (Allocation Failure) 2020-10-29T15:51:17.960+0000: [ParNew: 16388K->4K(18432K), 0.0026862 secs] 464822K->448438K(743420K), 0.0027484 secs] [Times: user=0.00 sys=0.00, real=0.01 secs] 
2020-10-29T15:51:17.977+0000: [GC (Allocation Failure) 2020-10-29T15:51:17.977+0000: [ParNew: 16388K->4K(18432K), 0.0025718 secs] 464822K->448438K(743420K), 0.0026220 secs] [Times: user=0.00 sys=0.00, real=0.00 secs] 
2020-10-29T15:51:17.994+0000: [GC (Allocation Failure) 2020-10-29T15:51:17.994+0000: [ParNew: 16388K->4K(18432K), 0.0026717 secs] 464822K->448438K(743420K), 0.0027244 secs] [Times: user=0.00 sys=0.00, real=0.00 secs] 
2020-10-29T15:51:18.014+0000: [GC (Allocation Failure) 2020-10-29T15:51:18.014+0000: [ParNew: 16388K->4K(18432K), 0.0026669 secs] 464822K->448438K(743420K), 0.0027220 secs] [Times: user=0.00 sys=0.00, real=0.00 secs] 
2020-10-29T15:51:18.032+0000: [GC (Allocation Failure) 2020-10-29T15:51:18.032+0000: [ParNew: 16388K->4K(18432K), 0.0026545 secs] 464822K->448438K(743420K), 0.0027090 secs] [Times: user=0.00 sys=0.00, real=0.00 secs] 
2020-10-29T15:51:18.050+0000: [GC (Allocation Failure) 2020-10-29T15:51:18.050+0000: [ParNew: 16388K->4K(18432K), 0.0026269 secs] 464822K->448438K(743420K), 0.0026789 secs] [Times: user=0.00 sys=0.00, real=0.00 secs] 
2020-10-29T15:51:18.068+0000: [GC (Allocation Failure) 2020-10-29T15:51:18.068+0000: [ParNew: 16388K->4K(18432K), 0.0026906 secs] 464822K->448438K(743420K), 0.0027528 secs] [Times: user=0.01 sys=0.00, real=0.01 secs] 
2020-10-29T15:51:18.086+0000: [GC (Allocation Failure) 2020-10-29T15:51:18.086+0000: [ParNew: 16388K->4K(18432K), 0.0026202 secs] 464822K->448438K(743420K), 0.0026701 secs] [Times: user=0.01 sys=0.00, real=0.00 secs] 
2020-10-29T15:51:18.106+0000: [GC (Allocation Failure) 2020-10-29T15:51:18.106+0000: [ParNew: 16388K->4K(18432K), 0.0026935 secs] 464822K->448438K(743420K), 0.0027459 secs] [Times: user=0.01 sys=0.00, real=0.00 secs] 
2020-10-29T15:51:18.124+0000: [GC (Allocation Failure) 2020-10-29T15:51:18.124+0000: [ParNew: 16388K->4K(18432K), 0.0026511 secs] 464822K->448438K(743420K), 0.0027005 secs] [Times: user=0.01 sys=0.00, real=0.00 secs] 
2020-10-29T15:51:18.141+0000: [GC (Allocation Failure) 2020-10-29T15:51:18.141+0000: [ParNew: 16388K->4K(18432K), 0.0027103 secs] 464822K->448438K(743420K), 0.0027644 secs] [Times: user=0.00 sys=0.00, real=0.01 secs] 
2020-10-29T15:51:18.159+0000: [GC (Allocation Failure) 2020-10-29T15:51:18.159+0000: [ParNew: 16388K->4K(18432K), 0.0027335 secs] 464822K->448438K(743420K), 0.0027864 secs] [Times: user=0.00 sys=0.00, real=0.00 secs] 
2020-10-29T15:51:18.176+0000: [GC (Allocation Failure) 2020-10-29T15:51:18.176+0000: [ParNew: 16388K->4K(18432K), 0.0027890 secs] 464822K->448438K(743420K), 0.0028467 secs] [Times: user=0.01 sys=0.00, real=0.00 secs] 
2020-10-29T15:51:18.194+0000: [GC (Allocation Failure) 2020-10-29T15:51:18.194+0000: [ParNew: 16388K->4K(18432K), 0.0027092 secs] 464822K->448438K(743420K), 0.0027882 secs] [Times: user=0.01 sys=0.00, real=0.00 secs] 
2020-10-29T15:51:18.214+0000: [GC (Allocation Failure) 2020-10-29T15:51:18.214+0000: [ParNew: 16388K->4K(18432K), 0.0026096 secs] 464822K->448438K(743420K), 0.0026603 secs] [Times: user=0.01 sys=0.00, real=0.00 secs] 
2020-10-29T15:51:18.234+0000: [GC (Allocation Failure) 2020-10-29T15:51:18.234+0000: [ParNew: 16388K->4K(18432K), 0.0025767 secs] 464822K->448438K(743420K), 0.0026275 secs] [Times: user=0.00 sys=0.00, real=0.00 secs] 
2020-10-29T15:51:18.252+0000: [GC (Allocation Failure) 2020-10-29T15:51:18.252+0000: [ParNew: 16388K->4K(18432K), 0.0027569 secs] 464822K->448438K(743420K), 0.0028109 secs] [Times: user=0.00 sys=0.00, real=0.00 secs] 
2020-10-29T15:51:18.269+0000: [GC (Allocation Failure) 2020-10-29T15:51:18.269+0000: [ParNew: 16388K->4K(18432K), 0.0026984 secs] 464822K->448438K(743420K), 0.0027545 secs] [Times: user=0.01 sys=0.00, real=0.01 secs] 
2020-10-29T15:51:18.287+0000: [GC (Allocation Failure) 2020-10-29T15:51:18.287+0000: [ParNew: 16388K->4K(18432K), 0.0026690 secs] 464822K->448438K(743420K), 0.0027200 secs] [Times: user=0.00 sys=0.00, real=0.00 secs] 
2020-10-29T15:51:18.306+0000: [GC (Allocation Failure) 2020-10-29T15:51:18.306+0000: [ParNew: 16388K->4K(18432K), 0.0026647 secs] 464822K->448438K(743420K), 0.0027176 secs] [Times: user=0.00 sys=0.00, real=0.00 secs] 
2020-10-29T15:51:18.326+0000: [GC (Allocation Failure) 2020-10-29T15:51:18.326+0000: [ParNew: 16388K->4K(18432K), 0.0032222 secs] 464822K->448438K(743420K), 0.0032750 secs] [Times: user=0.01 sys=0.00, real=0.00 secs] 
2020-10-29T15:51:18.345+0000: [GC (Allocation Failure) 2020-10-29T15:51:18.345+0000: [ParNew: 16388K->4K(18432K), 0.0026783 secs] 464822K->448438K(743420K), 0.0027307 secs] [Times: user=0.01 sys=0.00, real=0.00 secs] 
2020-10-29T15:51:18.366+0000: [GC (Allocation Failure) 2020-10-29T15:51:18.366+0000: [ParNew: 16388K->4K(18432K), 0.0026144 secs] 464822K->448438K(743420K), 0.0026614 secs] [Times: user=0.01 sys=0.00, real=0.00 secs] 
2020-10-29T15:51:18.386+0000: [GC (Allocation Failure) 2020-10-29T15:51:18.386+0000: [ParNew: 16388K->4K(18432K), 0.0027213 secs] 464822K->448438K(743420K), 0.0027761 secs] [Times: user=0.00 sys=0.00, real=0.00 secs] 
2020-10-29T15:51:18.405+0000: [GC (Allocation Failure) 2020-10-29T15:51:18.405+0000: [ParNew: 16367K->4K(18432K), 0.0027532 secs] 464801K->448438K(743420K), 0.0028059 secs] [Times: user=0.00 sys=0.00, real=0.00 secs] 
2020-10-29T15:51:18.426+0000: [GC (Allocation Failure) 2020-10-29T15:51:18.426+0000: [ParNew: 16388K->4K(18432K), 0.0026841 secs] 464822K->448438K(743420K), 0.0027362 secs] [Times: user=0.01 sys=0.00, real=0.00 secs] 
2020-10-29T15:51:18.444+0000: [GC (Allocation Failure) 2020-10-29T15:51:18.444+0000: [ParNew: 16388K->4K(18432K), 0.0026878 secs] 464822K->448438K(743420K), 0.0027406 secs] [Times: user=0.01 sys=0.00, real=0.00 secs] 
2020-10-29T15:51:18.462+0000: [GC (Allocation Failure) 2020-10-29T15:51:18.462+0000: [ParNew: 16388K->4K(18432K), 0.0027110 secs] 464822K->448438K(743420K), 0.0027645 secs] [Times: user=0.00 sys=0.00, real=0.00 secs] 
2020-10-29T15:51:18.480+0000: [GC (Allocation Failure) 2020-10-29T15:51:18.480+0000: [ParNew: 16388K->4K(18432K), 0.0025798 secs] 464822K->448438K(743420K), 0.0026288 secs] [Times: user=0.00 sys=0.00, real=0.01 secs] 
2020-10-29T15:51:18.498+0000: [GC (Allocation Failure) 2020-10-29T15:51:18.498+0000: [ParNew: 16388K->4K(18432K), 0.0025640 secs] 464822K->448438K(743420K), 0.0026169 secs] [Times: user=0.01 sys=0.00, real=0.00 secs] 
2020-10-29T15:51:18.516+0000: [GC (Allocation Failure) 2020-10-29T15:51:18.516+0000: [ParNew: 16388K->4K(18432K), 0.0026827 secs] 464822K->448438K(743420K), 0.0027334 secs] [Times: user=0.01 sys=0.00, real=0.00 secs] 
2020-10-29T15:51:18.534+0000: [GC (Allocation Failure) 2020-10-29T15:51:18.534+0000: [ParNew: 16388K->4K(18432K), 0.0026400 secs] 464822K->448438K(743420K), 0.0026898 secs] [Times: user=0.00 sys=0.00, real=0.00 secs] 
2020-10-29T15:51:18.554+0000: [GC (Allocation Failure) 2020-10-29T15:51:18.554+0000: [ParNew: 16388K->4K(18432K), 0.0027818 secs] 464822K->448438K(743420K), 0.0028426 secs] [Times: user=0.01 sys=0.00, real=0.00 secs] 
2020-10-29T15:51:18.573+0000: [GC (Allocation Failure) 2020-10-29T15:51:18.573+0000: [ParNew: 16388K->4K(18432K), 0.0027775 secs] 464822K->448438K(743420K), 0.0028425 secs] [Times: user=0.01 sys=0.00, real=0.00 secs] 
2020-10-29T15:51:18.590+0000: [GC (Allocation Failure) 2020-10-29T15:51:18.590+0000: [ParNew: 16388K->4K(18432K), 0.0027406 secs] 464822K->448438K(743420K), 0.0027956 secs] [Times: user=0.00 sys=0.00, real=0.00 secs] 
2020-10-29T15:51:18.608+0000: [GC (Allocation Failure) 2020-10-29T15:51:18.608+0000: [ParNew: 16388K->4K(18432K), 0.0027939 secs] 464822K->448438K(743420K), 0.0028493 secs] [Times: user=0.01 sys=0.00, real=0.01 secs] 
2020-10-29T15:51:18.625+0000: [GC (Allocation Failure) 2020-10-29T15:51:18.625+0000: [ParNew: 16388K->4K(18432K), 0.0026995 secs] 464822K->448438K(743420K), 0.0027529 secs] [Times: user=0.00 sys=0.00, real=0.00 secs] 
2020-10-29T15:51:18.643+0000: [GC (Allocation Failure) 2020-10-29T15:51:18.643+0000: [ParNew: 16388K->4K(18432K), 0.0026161 secs] 464822K->448438K(743420K), 0.0026645 secs] [Times: user=0.01 sys=0.00, real=0.00 secs] 
2020-10-29T15:51:18.660+0000: [GC (Allocation Failure) 2020-10-29T15:51:18.660+0000: [ParNew: 16388K->4K(18432K), 0.0026843 secs] 464822K->448438K(743420K), 0.0027435 secs] [Times: user=0.00 sys=0.00, real=0.01 secs] 
2020-10-29T15:51:18.678+0000: [GC (Allocation Failure) 2020-10-29T15:51:18.678+0000: [ParNew: 16388K->4K(18432K), 0.0026831 secs] 464822K->448438K(743420K), 0.0027358 secs] [Times: user=0.01 sys=0.00, real=0.00 secs] 
2020-10-29T15:51:18.698+0000: [GC (Allocation Failure) 2020-10-29T15:51:18.698+0000: [ParNew: 16388K->4K(18432K), 0.0026485 secs] 464822K->448438K(743420K), 0.0027057 secs] [Times: user=0.01 sys=0.00, real=0.00 secs] 
2020-10-29T15:51:18.716+0000: [GC (Allocation Failure) 2020-10-29T15:51:18.716+0000: [ParNew: 16388K->4K(18432K), 0.0026606 secs] 464822K->448438K(743420K), 0.0027139 secs] [Times: user=0.00 sys=0.00, real=0.00 secs] 
2020-10-29T15:51:18.734+0000: [GC (Allocation Failure) 2020-10-29T15:51:18.734+0000: [ParNew: 16388K->4K(18432K), 0.0027104 secs] 464822K->448438K(743420K), 0.0027648 secs] [Times: user=0.01 sys=0.00, real=0.00 secs] 
2020-10-29T15:51:18.752+0000: [GC (Allocation Failure) 2020-10-29T15:51:18.752+0000: [ParNew: 16388K->4K(18432K), 0.0027252 secs] 464822K->448438K(743420K), 0.0027800 secs] [Times: user=0.00 sys=0.00, real=0.00 secs] 
2020-10-29T15:51:18.774+0000: [GC (Allocation Failure) 2020-10-29T15:51:18.774+0000: [ParNew: 16388K->4K(18432K), 0.0027170 secs] 464822K->448438K(743420K), 0.0027937 secs] [Times: user=0.01 sys=0.00, real=0.00 secs] 
2020-10-29T15:51:18.798+0000: [GC (Allocation Failure) 2020-10-29T15:51:18.798+0000: [ParNew: 16388K->4K(18432K), 0.0027323 secs] 464822K->448438K(743420K), 0.0027876 secs] [Times: user=0.00 sys=0.00, real=0.00 secs] 
2020-10-29T15:51:18.816+0000: [GC (Allocation Failure) 2020-10-29T15:51:18.816+0000: [ParNew: 16388K->4K(18432K), 0.0026133 secs] 464822K->448438K(743420K), 0.0026632 secs] [Times: user=0.01 sys=0.00, real=0.00 secs] 
2020-10-29T15:51:18.833+0000: [GC (Allocation Failure) 2020-10-29T15:51:18.833+0000: [ParNew: 16388K->4K(18432K), 0.0025085 secs] 464822K->448438K(743420K), 0.0025584 secs] [Times: user=0.00 sys=0.00, real=0.00 secs] 
2020-10-29T15:51:18.850+0000: [GC (Allocation Failure) 2020-10-29T15:51:18.850+0000: [ParNew: 16388K->4K(18432K), 0.0026308 secs] 464822K->448438K(743420K), 0.0026835 secs] [Times: user=0.00 sys=0.00, real=0.00 secs] 
2020-10-29T15:51:18.870+0000: [GC (Allocation Failure) 2020-10-29T15:51:18.870+0000: [ParNew: 16388K->4K(18432K), 0.0026662 secs] 464822K->448438K(743420K), 0.0027193 secs] [Times: user=0.00 sys=0.00, real=0.00 secs] 
2020-10-29T15:51:18.889+0000: [GC (Allocation Failure) 2020-10-29T15:51:18.889+0000: [ParNew: 16388K->4K(18432K), 0.0027325 secs] 464822K->448438K(743420K), 0.0027844 secs] [Times: user=0.00 sys=0.00, real=0.01 secs] 
2020-10-29T15:51:18.906+0000: [GC (Allocation Failure) 2020-10-29T15:51:18.906+0000: [ParNew: 16388K->4K(18432K), 0.0027109 secs] 464822K->448438K(743420K), 0.0027656 secs] [Times: user=0.01 sys=0.00, real=0.00 secs] 
2020-10-29T15:51:18.926+0000: [GC (Allocation Failure) 2020-10-29T15:51:18.926+0000: [ParNew: 16388K->4K(18432K), 0.0026873 secs] 464822K->448438K(743420K), 0.0027413 secs] [Times: user=0.00 sys=0.00, real=0.00 secs] 
2020-10-29T15:51:18.946+0000: [GC (Allocation Failure) 2020-10-29T15:51:18.946+0000: [ParNew: 16388K->4K(18432K), 0.0026517 secs] 464822K->448438K(743420K), 0.0027045 secs] [Times: user=0.00 sys=0.00, real=0.00 secs] 
2020-10-29T15:51:18.966+0000: [GC (Allocation Failure) 2020-10-29T15:51:18.966+0000: [ParNew: 16388K->4K(18432K), 0.0027188 secs] 464822K->448438K(743420K), 0.0027705 secs] [Times: user=0.01 sys=0.00, real=0.00 secs] 
2020-10-29T15:51:18.984+0000: [GC (Allocation Failure) 2020-10-29T15:51:18.984+0000: [ParNew: 16388K->4K(18432K), 0.0026851 secs] 464822K->448438K(743420K), 0.0027379 secs] [Times: user=0.00 sys=0.00, real=0.00 secs] 
2020-10-29T15:51:19.002+0000: [GC (Allocation Failure) 2020-10-29T15:51:19.002+0000: [ParNew: 16388K->4K(18432K), 0.0027015 secs] 464822K->448438K(743420K), 0.0027550 secs] [Times: user=0.01 sys=0.00, real=0.00 secs] 
2020-10-29T15:51:19.022+0000: [GC (Allocation Failure) 2020-10-29T15:51:19.022+0000: [ParNew: 16388K->4K(18432K), 0.0025930 secs] 464822K->448438K(743420K), 0.0026505 secs] [Times: user=0.01 sys=0.00, real=0.00 secs] 
2020-10-29T15:51:19.042+0000: [GC (Allocation Failure) 2020-10-29T15:51:19.042+0000: [ParNew: 16388K->4K(18432K), 0.0027124 secs] 464822K->448438K(743420K), 0.0027660 secs] [Times: user=0.00 sys=0.00, real=0.00 secs] 
2020-10-29T15:51:19.061+0000: [GC (Allocation Failure) 2020-10-29T15:51:19.061+0000: [ParNew: 16388K->4K(18432K), 0.0027127 secs] 464822K->448438K(743420K), 0.0027665 secs] [Times: user=0.01 sys=0.00, real=0.01 secs] 
2020-10-29T15:51:19.082+0000: [GC (Allocation Failure) 2020-10-29T15:51:19.082+0000: [ParNew: 16388K->4K(18432K), 0.0026668 secs] 464822K->448438K(743420K), 0.0027184 secs] [Times: user=0.00 sys=0.00, real=0.00 secs] 
2020-10-29T15:51:19.102+0000: [GC (Allocation Failure) 2020-10-29T15:51:19.102+0000: [ParNew: 16388K->4K(18432K), 0.0026152 secs] 464822K->448438K(743420K), 0.0026645 secs] [Times: user=0.00 sys=0.00, real=0.00 secs] 
2020-10-29T15:51:19.126+0000: [GC (Allocation Failure) 2020-10-29T15:51:19.126+0000: [ParNew: 16388K->4K(18432K), 0.0027681 secs] 481206K->464822K(743420K), 0.0028251 secs] [Times: user=0.01 sys=0.00, real=0.00 secs] 
2020-10-29T15:51:19.144+0000: [GC (Allocation Failure) 2020-10-29T15:51:19.144+0000: [ParNew: 16388K->4K(18432K), 0.0026837 secs] 481206K->464822K(743420K), 0.0027331 secs] [Times: user=0.00 sys=0.00, real=0.00 secs] 
2020-10-29T15:51:19.161+0000: [GC (Allocation Failure) 2020-10-29T15:51:19.161+0000: [ParNew: 16388K->4K(18432K), 0.0026114 secs] 481206K->464822K(743420K), 0.0026589 secs] [Times: user=0.00 sys=0.00, real=0.01 secs] 
2020-10-29T15:51:19.180+0000: [GC (Allocation Failure) 2020-10-29T15:51:19.180+0000: [ParNew: 16388K->4K(18432K), 0.0047553 secs] 481206K->464822K(743420K), 0.0048254 secs] [Times: user=0.01 sys=0.00, real=0.01 secs] 
2020-10-29T15:51:19.200+0000: [GC (Allocation Failure) 2020-10-29T15:51:19.200+0000: [ParNew: 16388K->4K(18432K), 0.0026857 secs] 481206K->464822K(743420K), 0.0027370 secs] [Times: user=0.00 sys=0.00, real=0.01 secs] 
2020-10-29T15:51:19.217+0000: [GC (Allocation Failure) 2020-10-29T15:51:19.217+0000: [ParNew: 16388K->4K(18432K), 0.0026613 secs] 481206K->464822K(743420K), 0.0027128 secs] [Times: user=0.01 sys=0.00, real=0.00 secs] 
2020-10-29T15:51:19.238+0000: [GC (Allocation Failure) 2020-10-29T15:51:19.238+0000: [ParNew: 16388K->4K(18432K), 0.0026333 secs] 481206K->464823K(743420K), 0.0026851 secs] [Times: user=0.01 sys=0.00, real=0.00 secs] 
2020-10-29T15:51:19.258+0000: [GC (Allocation Failure) 2020-10-29T15:51:19.258+0000: [ParNew: 16388K->4K(18432K), 0.0026508 secs] 481207K->464823K(743420K), 0.0027050 secs] [Times: user=0.00 sys=0.00, real=0.00 secs] 
2020-10-29T15:51:19.276+0000: [GC (Allocation Failure) 2020-10-29T15:51:19.276+0000: [ParNew: 16388K->4K(18432K), 0.0025606 secs] 481207K->464823K(743420K), 0.0026097 secs] [Times: user=0.01 sys=0.00, real=0.00 secs] 
2020-10-29T15:51:19.294+0000: [GC (Allocation Failure) 2020-10-29T15:51:19.294+0000: [ParNew: 16388K->4K(18432K), 0.0025439 secs] 481207K->464823K(743420K), 0.0025940 secs] [Times: user=0.00 sys=0.00, real=0.00 secs] 
2020-10-29T15:51:19.312+0000: [GC (Allocation Failure) 2020-10-29T15:51:19.312+0000: [ParNew: 16388K->4K(18432K), 0.0025595 secs] 481207K->464823K(743420K), 0.0026059 secs] [Times: user=0.00 sys=0.00, real=0.00 secs] 
2020-10-29T15:51:19.329+0000: [GC (Allocation Failure) 2020-10-29T15:51:19.329+0000: [ParNew: 16388K->4K(18432K), 0.0026245 secs] 481207K->464823K(743420K), 0.0026694 secs] [Times: user=0.01 sys=0.00, real=0.01 secs] 
2020-10-29T15:51:19.347+0000: [GC (Allocation Failure) 2020-10-29T15:51:19.347+0000: [ParNew: 16388K->4K(18432K), 0.0026965 secs] 481207K->464823K(743420K), 0.0027517 secs] [Times: user=0.00 sys=0.00, real=0.00 secs] 
2020-10-29T15:51:19.365+0000: [GC (Allocation Failure) 2020-10-29T15:51:19.365+0000: [ParNew: 16388K->4K(18432K), 0.0026585 secs] 481207K->464823K(743420K), 0.0027174 secs] [Times: user=0.01 sys=0.00, real=0.00 secs] 
2020-10-29T15:51:19.382+0000: [GC (Allocation Failure) 2020-10-29T15:51:19.382+0000: [ParNew: 16388K->4K(18432K), 0.0025680 secs] 481207K->464823K(743420K), 0.0026167 secs] [Times: user=0.01 sys=0.00, real=0.00 secs] 
2020-10-29T15:51:19.400+0000: [GC (Allocation Failure) 2020-10-29T15:51:19.400+0000: [ParNew: 16388K->4K(18432K), 0.0026460 secs] 481207K->464823K(743420K), 0.0026981 secs] [Times: user=0.00 sys=0.00, real=0.01 secs] 
2020-10-29T15:51:19.418+0000: [GC (Allocation Failure) 2020-10-29T15:51:19.418+0000: [ParNew: 16388K->4K(18432K), 0.0024215 secs] 481207K->464823K(743420K), 0.0024678 secs] [Times: user=0.01 sys=0.00, real=0.00 secs] 
2020-10-29T15:51:19.438+0000: [GC (Allocation Failure) 2020-10-29T15:51:19.438+0000: [ParNew: 16388K->4K(18432K), 0.0026240 secs] 481207K->464823K(743420K), 0.0026732 secs] [Times: user=0.01 sys=0.00, real=0.00 secs] 
2020-10-29T15:51:19.456+0000: [GC (Allocation Failure) 2020-10-29T15:51:19.456+0000: [ParNew: 16388K->4K(18432K), 0.0025994 secs] 481207K->464823K(743420K), 0.0026494 secs] [Times: user=0.01 sys=0.00, real=0.00 secs] 
2020-10-29T15:51:19.474+0000: [GC (Allocation Failure) 2020-10-29T15:51:19.474+0000: [ParNew: 16388K->4K(18432K), 0.0023246 secs] 481207K->464823K(743420K), 0.0023693 secs] [Times: user=0.00 sys=0.00, real=0.00 secs] 
2020-10-29T15:51:19.494+0000: [GC (Allocation Failure) 2020-10-29T15:51:19.494+0000: [ParNew: 16388K->4K(18432K), 0.0026333 secs] 481207K->464823K(743420K), 0.0026863 secs] [Times: user=0.00 sys=0.00, real=0.00 secs] 
2020-10-29T15:51:19.514+0000: [GC (Allocation Failure) 2020-10-29T15:51:19.514+0000: [ParNew: 16388K->4K(18432K), 0.0026722 secs] 481207K->464823K(743420K), 0.0027262 secs] [Times: user=0.01 sys=0.00, real=0.00 secs] 
2020-10-29T15:51:19.532+0000: [GC (Allocation Failure) 2020-10-29T15:51:19.532+0000: [ParNew: 16388K->4K(18432K), 0.0026901 secs] 481207K->464823K(743420K), 0.0027433 secs] [Times: user=0.00 sys=0.00, real=0.00 secs] 
2020-10-29T15:51:19.550+0000: [GC (Allocation Failure) 2020-10-29T15:51:19.550+0000: [ParNew: 16388K->4K(18432K), 0.0025897 secs] 481207K->464823K(743420K), 0.0026410 secs] [Times: user=0.01 sys=0.00, real=0.00 secs] 
2020-10-29T15:51:19.568+0000: [GC (Allocation Failure) 2020-10-29T15:51:19.568+0000: [ParNew: 16388K->4K(18432K), 0.0026187 secs] 481207K->464823K(743420K), 0.0026698 secs] [Times: user=0.01 sys=0.00, real=0.01 secs] 
2020-10-29T15:51:19.586+0000: [GC (Allocation Failure) 2020-10-29T15:51:19.586+0000: [ParNew: 16388K->4K(18432K), 0.0025737 secs] 481207K->464823K(743420K), 0.0026250 secs] [Times: user=0.00 sys=0.00, real=0.00 secs] 
2020-10-29T15:51:19.604+0000: [GC (Allocation Failure) 2020-10-29T15:51:19.604+0000: [ParNew: 16388K->4K(18432K), 0.0026417 secs] 481207K->464823K(743420K), 0.0026918 secs] [Times: user=0.00 sys=0.00, real=0.00 secs] 
2020-10-29T15:51:19.622+0000: [GC (Allocation Failure) 2020-10-29T15:51:19.622+0000: [ParNew: 16388K->4K(18432K), 0.0024109 secs] 481207K->464823K(743420K), 0.0024573 secs] [Times: user=0.01 sys=0.00, real=0.00 secs] 
2020-10-29T15:51:19.640+0000: [GC (Allocation Failure) 2020-10-29T15:51:19.640+0000: [ParNew: 16388K->4K(18432K), 0.0023820 secs] 481207K->464823K(743420K), 0.0024345 secs] [Times: user=0.01 sys=0.00, real=0.00 secs] 
2020-10-29T15:51:19.658+0000: [GC (Allocation Failure) 2020-10-29T15:51:19.658+0000: [ParNew: 16388K->4K(18432K), 0.0024972 secs] 481207K->464823K(743420K), 0.0025473 secs] [Times: user=0.00 sys=0.00, real=0.00 secs] 
2020-10-29T15:51:19.676+0000: [GC (Allocation Failure) 2020-10-29T15:51:19.676+0000: [ParNew: 16388K->4K(18432K), 0.0026457 secs] 481207K->464823K(743420K), 0.0026987 secs] [Times: user=0.00 sys=0.00, real=0.00 secs] 
2020-10-29T15:51:19.693+0000: [GC (Allocation Failure) 2020-10-29T15:51:19.694+0000: [ParNew: 16388K->4K(18432K), 0.0025873 secs] 481207K->464823K(743420K), 0.0026338 secs] [Times: user=0.01 sys=0.00, real=0.00 secs] 
2020-10-29T15:51:19.711+0000: [GC (Allocation Failure) 2020-10-29T15:51:19.711+0000: [ParNew: 16388K->4K(18432K), 0.0023487 secs] 481207K->464823K(743420K), 0.0024015 secs] [Times: user=0.00 sys=0.00, real=0.00 secs] 
2020-10-29T15:51:19.730+0000: [GC (Allocation Failure) 2020-10-29T15:51:19.730+0000: [ParNew: 16388K->4K(18432K), 0.0024165 secs] 481207K->464823K(743420K), 0.0024620 secs] [Times: user=0.00 sys=0.00, real=0.00 secs] 
2020-10-29T15:51:19.748+0000: [GC (Allocation Failure) 2020-10-29T15:51:19.748+0000: [ParNew: 16388K->4K(18432K), 0.0024703 secs] 481207K->464823K(743420K), 0.0025174 secs] [Times: user=0.01 sys=0.00, real=0.01 secs] 
2020-10-29T15:51:19.765+0000: [GC (Allocation Failure) 2020-10-29T15:51:19.765+0000: [ParNew: 16388K->4K(18432K), 0.0025488 secs] 481207K->464823K(743420K), 0.0025988 secs] [Times: user=0.00 sys=0.00, real=0.00 secs] 
2020-10-29T15:51:19.782+0000: [GC (Allocation Failure) 2020-10-29T15:51:19.782+0000: [ParNew: 16388K->4K(18432K), 0.0026667 secs] 481207K->464823K(743420K), 0.0027211 secs] [Times: user=0.01 sys=0.00, real=0.00 secs] 
2020-10-29T15:51:19.800+0000: [GC (Allocation Failure) 2020-10-29T15:51:19.800+0000: [ParNew: 16388K->4K(18432K), 0.0026048 secs] 481207K->464823K(743420K), 0.0026534 secs] [Times: user=0.01 sys=0.00, real=0.01 secs] 
2020-10-29T15:51:19.818+0000: [GC (Allocation Failure) 2020-10-29T15:51:19.818+0000: [ParNew: 16388K->4K(18432K), 0.0025045 secs] 481207K->464823K(743420K), 0.0025475 secs] [Times: user=0.01 sys=0.00, real=0.00 secs] 
2020-10-29T15:51:19.836+0000: [GC (Allocation Failure) 2020-10-29T15:51:19.836+0000: [ParNew: 16388K->4K(18432K), 0.0025025 secs] 481207K->464823K(743420K), 0.0025590 secs] [Times: user=0.00 sys=0.00, real=0.00 secs] 
2020-10-29T15:51:19.853+0000: [GC (Allocation Failure) 2020-10-29T15:51:19.853+0000: [ParNew: 16388K->4K(18432K), 0.0024182 secs] 481207K->464823K(743420K), 0.0024626 secs] [Times: user=0.01 sys=0.00, real=0.00 secs] 
2020-10-29T15:51:19.875+0000: [GC (Allocation Failure) 2020-10-29T15:51:19.875+0000: [ParNew: 16388K->4K(18432K), 0.0024483 secs] 481207K->464823K(743420K), 0.0024958 secs] [Times: user=0.00 sys=0.00, real=0.00 secs] 
2020-10-29T15:51:19.892+0000: [GC (Allocation Failure) 2020-10-29T15:51:19.892+0000: [ParNew: 16388K->4K(18432K), 0.0024655 secs] 481207K->464823K(743420K), 0.0025083 secs] [Times: user=0.01 sys=0.00, real=0.00 secs] 
2020-10-29T15:51:19.910+0000: [GC (Allocation Failure) 2020-10-29T15:51:19.910+0000: [ParNew: 16388K->4K(18432K), 0.0026014 secs] 481207K->464823K(743420K), 0.0026517 secs] [Times: user=0.01 sys=0.00, real=0.00 secs] 
2020-10-29T15:51:19.929+0000: [GC (Allocation Failure) 2020-10-29T15:51:19.929+0000: [ParNew: 16388K->4K(18432K), 0.0027136 secs] 481207K->464823K(743420K), 0.0027904 secs] [Times: user=0.01 sys=0.00, real=0.01 secs] 
2020-10-29T15:51:19.950+0000: [GC (Allocation Failure) 2020-10-29T15:51:19.950+0000: [ParNew: 16388K->4K(18432K), 0.0027125 secs] 481207K->464823K(743420K), 0.0027664 secs] [Times: user=0.00 sys=0.00, real=0.00 secs] 
2020-10-29T15:51:19.970+0000: [GC (Allocation Failure) 2020-10-29T15:51:19.970+0000: [ParNew: 16388K->4K(18432K), 0.0025679 secs] 481207K->464823K(743420K), 0.0026116 secs] [Times: user=0.00 sys=0.00, real=0.00 secs] 
2020-10-29T15:51:19.988+0000: [GC (Allocation Failure) 2020-10-29T15:51:19.988+0000: [ParNew: 16388K->4K(18432K), 0.0025345 secs] 481207K->464823K(743420K), 0.0025789 secs] [Times: user=0.01 sys=0.01, real=0.01 secs] 
2020-10-29T15:51:20.006+0000: [GC (Allocation Failure) 2020-10-29T15:51:20.006+0000: [ParNew: 16388K->4K(18432K), 0.0025988 secs] 481207K->464823K(743420K), 0.0026504 secs] [Times: user=0.00 sys=0.00, real=0.00 secs] 
2020-10-29T15:51:20.024+0000: [GC (Allocation Failure) 2020-10-29T15:51:20.024+0000: [ParNew: 16388K->4K(18432K), 0.0026369 secs] 481207K->464823K(743420K), 0.0026834 secs] [Times: user=0.01 sys=0.00, real=0.00 secs] 
2020-10-29T15:51:20.041+0000: [GC (Allocation Failure) 2020-10-29T15:51:20.041+0000: [ParNew: 16388K->4K(18432K), 0.0027663 secs] 481207K->464823K(743420K), 0.0028218 secs] [Times: user=0.00 sys=0.00, real=0.01 secs] 
2020-10-29T15:51:20.059+0000: [GC (Allocation Failure) 2020-10-29T15:51:20.059+0000: [ParNew: 16388K->4K(18432K), 0.0026708 secs] 481207K->464823K(743420K), 0.0027243 secs] [Times: user=0.01 sys=0.00, real=0.00 secs] 
2020-10-29T15:51:20.078+0000: [GC (Allocation Failure) 2020-10-29T15:51:20.078+0000: [ParNew: 16388K->4K(18432K), 0.0025654 secs] 481207K->464823K(743420K), 0.0026115 secs] [Times: user=0.00 sys=0.00, real=0.00 secs] 
2020-10-29T15:51:20.096+0000: [GC (Allocation Failure) 2020-10-29T15:51:20.096+0000: [ParNew: 16388K->4K(18432K), 0.0025854 secs] 481207K->464823K(743420K), 0.0026313 secs] [Times: user=0.00 sys=0.00, real=0.00 secs] 
2020-10-29T15:51:20.114+0000: [GC (Allocation Failure) 2020-10-29T15:51:20.114+0000: [ParNew: 16388K->4K(18432K), 0.0024814 secs] 481207K->464823K(743420K), 0.0025240 secs] [Times: user=0.00 sys=0.00, real=0.00 secs] 
2020-10-29T15:51:20.134+0000: [GC (Allocation Failure) 2020-10-29T15:51:20.134+0000: [ParNew: 16388K->4K(18432K), 0.0025030 secs] 481207K->464823K(743420K), 0.0025500 secs] [Times: user=0.01 sys=0.00, real=0.00 secs] 
2020-10-29T15:51:20.154+0000: [GC (Allocation Failure) 2020-10-29T15:51:20.154+0000: [ParNew: 16388K->4K(18432K), 0.0024979 secs] 481207K->464823K(743420K), 0.0025435 secs] [Times: user=0.00 sys=0.00, real=0.00 secs] 
2020-10-29T15:51:20.172+0000: [GC (Allocation Failure) 2020-10-29T15:51:20.172+0000: [ParNew: 16388K->4K(18432K), 0.0025440 secs] 481207K->464823K(743420K), 0.0025882 secs] [Times: user=0.00 sys=0.00, real=0.00 secs] 
2020-10-29T15:51:20.189+0000: [GC (Allocation Failure) 2020-10-29T15:51:20.189+0000: [ParNew: 16388K->4K(18432K), 0.0026084 secs] 481207K->464823K(743420K), 0.0026596 secs] [Times: user=0.01 sys=0.00, real=0.01 secs] 
2020-10-29T15:51:20.210+0000: [GC (Allocation Failure) 2020-10-29T15:51:20.210+0000: [ParNew: 16388K->4K(18432K), 0.0024420 secs] 481207K->464823K(743420K), 0.0024880 secs] [Times: user=0.00 sys=0.00, real=0.00 secs] 
2020-10-29T15:51:20.228+0000: [GC (Allocation Failure) 2020-10-29T15:51:20.228+0000: [ParNew: 16388K->4K(18432K), 0.0024282 secs] 481207K->464823K(743420K), 0.0024736 secs] [Times: user=0.00 sys=0.00, real=0.01 secs] 
2020-10-29T15:51:20.245+0000: [GC (Allocation Failure) 2020-10-29T15:51:20.245+0000: [ParNew: 16388K->4K(18432K), 0.0023635 secs] 481207K->464823K(743420K), 0.0024181 secs] [Times: user=0.00 sys=0.00, real=0.00 secs] 
2020-10-29T15:51:20.262+0000: [GC (Allocation Failure) 2020-10-29T15:51:20.262+0000: [ParNew: 16388K->4K(18432K), 0.0022930 secs] 481207K->464823K(743420K), 0.0023429 secs] [Times: user=0.00 sys=0.00, real=0.01 secs] 
2020-10-29T15:51:20.279+0000: [GC (Allocation Failure) 2020-10-29T15:51:20.279+0000: [ParNew: 16388K->4K(18432K), 0.0022843 secs] 481207K->464823K(743420K), 0.0023276 secs] [Times: user=0.01 sys=0.00, real=0.00 secs] 
2020-10-29T15:51:20.299+0000: [GC (Allocation Failure) 2020-10-29T15:51:20.299+0000: [ParNew: 16388K->4K(18432K), 0.0027741 secs] 497591K->481207K(743420K), 0.0028317 secs] [Times: user=0.01 sys=0.00, real=0.00 secs] 
2020-10-29T15:51:20.302+0000: [GC (CMS Initial Mark) [1 CMS-initial-mark: 481203K(724988K)] 481388K(743420K), 0.0012657 secs] [Times: user=0.00 sys=0.00, real=0.01 secs] 
2020-10-29T15:51:20.303+0000: [CMS-concurrent-mark-start]
2020-10-29T15:51:20.323+0000: [GC (Allocation Failure) 2020-10-29T15:51:20.323+0000: [ParNew: 16388K->4K(18432K), 0.0026097 secs] 497591K->481207K(743420K), 0.0026820 secs] [Times: user=0.00 sys=0.00, real=0.00 secs] 
2020-10-29T15:51:20.346+0000: [GC (Allocation Failure) 2020-10-29T15:51:20.346+0000: [ParNew: 16388K->4K(18432K), 0.0024876 secs] 497591K->481207K(743420K), 0.0025392 secs] [Times: user=0.00 sys=0.00, real=0.00 secs] 
2020-10-29T15:51:20.367+0000: [GC (Allocation Failure) 2020-10-29T15:51:20.367+0000: [ParNew: 16388K->4K(18432K), 0.0025371 secs] 497591K->481207K(743420K), 0.0025856 secs] [Times: user=0.01 sys=0.00, real=0.00 secs] 
2020-10-29T15:51:20.389+0000: [CMS-concurrent-mark: 0.074/0.085 secs] [Times: user=0.15 sys=0.01, real=0.08 secs] 
2020-10-29T15:51:20.389+0000: [CMS-concurrent-preclean-start]
2020-10-29T15:51:20.391+0000: [CMS-concurrent-preclean: 0.003/0.003 secs] [Times: user=0.01 sys=0.00, real=0.01 secs] 
2020-10-29T15:51:20.392+0000: [CMS-concurrent-abortable-preclean-start]
2020-10-29T15:51:20.395+0000: [GC (Allocation Failure) 2020-10-29T15:51:20.395+0000: [ParNew: 16388K->4K(18432K), 0.0023061 secs] 497591K->481207K(743420K), 0.0023479 secs] [Times: user=0.00 sys=0.00, real=0.00 secs] 
2020-10-29T15:51:20.414+0000: [GC (Allocation Failure) 2020-10-29T15:51:20.414+0000: [ParNew: 16388K->4K(18432K), 0.0025166 secs] 497591K->481207K(743420K), 0.0025686 secs] [Times: user=0.00 sys=0.00, real=0.00 secs] 
2020-10-29T15:51:20.434+0000: [GC (Allocation Failure) 2020-10-29T15:51:20.434+0000: [ParNew: 16388K->4K(18432K), 0.0024605 secs] 497591K->481207K(743420K), 0.0025117 secs] [Times: user=0.01 sys=0.00, real=0.00 secs] 
2020-10-29T15:51:20.452+0000: [GC (Allocation Failure) 2020-10-29T15:51:20.452+0000: [ParNew: 16388K->4K(18432K), 0.0023641 secs] 497591K->481207K(743420K), 0.0024131 secs] [Times: user=0.00 sys=0.00, real=0.00 secs] 
2020-10-29T15:51:20.470+0000: [GC (Allocation Failure) 2020-10-29T15:51:20.470+0000: [ParNew: 16388K->4K(18432K), 0.0023388 secs] 497591K->481207K(743420K), 0.0023872 secs] [Times: user=0.01 sys=0.00, real=0.00 secs] 
2020-10-29T15:51:20.488+0000: [GC (Allocation Failure) 2020-10-29T15:51:20.488+0000: [ParNew: 16388K->4K(18432K), 0.0022418 secs] 497591K->481207K(743420K), 0.0022917 secs] [Times: user=0.00 sys=0.00, real=0.01 secs] 
2020-10-29T15:51:20.506+0000: [GC (Allocation Failure) 2020-10-29T15:51:20.506+0000: [ParNew: 16388K->4K(18432K), 0.0023016 secs] 497591K->481207K(743420K), 0.0023498 secs] [Times: user=0.00 sys=0.00, real=0.00 secs] 
2020-10-29T15:51:20.539+0000: [GC (Allocation Failure) 2020-10-29T15:51:20.539+0000: [ParNew: 16388K->8K(18432K), 0.0025877 secs] 497591K->481211K(743420K), 0.0026444 secs] [Times: user=0.00 sys=0.00, real=0.00 secs] 
2020-10-29T15:51:20.560+0000: [GC (Allocation Failure) 2020-10-29T15:51:20.560+0000: [ParNew: 16392K->8K(18432K), 0.0026044 secs] 497595K->481211K(743420K), 0.0026669 secs] [Times: user=0.00 sys=0.01, real=0.01 secs] 
2020-10-29T15:51:20.582+0000: [GC (Allocation Failure) 2020-10-29T15:51:20.582+0000: [ParNew: 16392K->9K(18432K), 0.0023889 secs] 497595K->481213K(743420K), 0.0024366 secs] [Times: user=0.00 sys=0.00, real=0.01 secs] 
2020-10-29T15:51:20.600+0000: [GC (Allocation Failure) 2020-10-29T15:51:20.600+0000: [ParNew: 16393K->6K(18432K), 0.0026109 secs] 497597K->481209K(743420K), 0.0026646 secs] [Times: user=0.01 sys=0.00, real=0.01 secs] 
2020-10-29T15:51:20.620+0000: [GC (Allocation Failure) 2020-10-29T15:51:20.620+0000: [ParNew: 16390K->6K(18432K), 0.0022906 secs] 497593K->481210K(743420K), 0.0023374 secs] [Times: user=0.01 sys=0.00, real=0.01 secs] 
2020-10-29T15:51:20.639+0000: [GC (Allocation Failure) 2020-10-29T15:51:20.639+0000: [ParNew: 16390K->7K(18432K), 0.0022276 secs] 497594K->481211K(743420K), 0.0022727 secs] [Times: user=0.00 sys=0.00, real=0.00 secs] 
2020-10-29T15:51:20.658+0000: [GC (Allocation Failure) 2020-10-29T15:51:20.658+0000: [ParNew: 16391K->4K(18432K), 0.0024364 secs] 497595K->481211K(743420K), 0.0024869 secs] [Times: user=0.01 sys=0.00, real=0.00 secs] 
2020-10-29T15:51:20.678+0000: [GC (Allocation Failure) 2020-10-29T15:51:20.678+0000: [ParNew: 16388K->4K(18432K), 0.0024325 secs] 497595K->481210K(743420K), 0.0024825 secs] [Times: user=0.00 sys=0.00, real=0.00 secs] 
2020-10-29T15:51:20.700+0000: [GC (Allocation Failure) 2020-10-29T15:51:20.700+0000: [ParNew: 16388K->4K(18432K), 0.0022884 secs] 497594K->481210K(743420K), 0.0024543 secs] [Times: user=0.00 sys=0.00, real=0.01 secs] 
2020-10-29T15:51:20.719+0000: [GC (Allocation Failure) 2020-10-29T15:51:20.719+0000: [ParNew: 16388K->4K(18432K), 0.0024091 secs] 497594K->481211K(743420K), 0.0024565 secs] [Times: user=0.00 sys=0.00, real=0.00 secs] 
2020-10-29T15:51:20.738+0000: [GC (Allocation Failure) 2020-10-29T15:51:20.738+0000: [ParNew: 16388K->4K(18432K), 0.0024096 secs] 497595K->481211K(743420K), 0.0024574 secs] [Times: user=0.01 sys=0.00, real=0.00 secs] 
2020-10-29T15:51:20.757+0000: [GC (Allocation Failure) 2020-10-29T15:51:20.757+0000: [ParNew: 16388K->4K(18432K), 0.0024025 secs] 497595K->481211K(743420K), 0.0024590 secs] [Times: user=0.00 sys=0.00, real=0.00 secs] 
2020-10-29T15:51:20.778+0000: [GC (Allocation Failure) 2020-10-29T15:51:20.778+0000: [ParNew: 16388K->4K(18432K), 0.0026082 secs] 497595K->481211K(743420K), 0.0026614 secs] [Times: user=0.01 sys=0.00, real=0.00 secs] 
2020-10-29T15:51:20.802+0000: [GC (Allocation Failure) 2020-10-29T15:51:20.802+0000: [ParNew: 16388K->4K(18432K), 0.0027338 secs] 497595K->481211K(743420K), 0.0027921 secs] [Times: user=0.01 sys=0.00, real=0.00 secs] 
2020-10-29T15:51:20.821+0000: [GC (Allocation Failure) 2020-10-29T15:51:20.821+0000: [ParNew: 16388K->4K(18432K), 0.0024396 secs] 497595K->481211K(743420K), 0.0024892 secs] [Times: user=0.00 sys=0.00, real=0.01 secs] 
2020-10-29T15:51:20.839+0000: [GC (Allocation Failure) 2020-10-29T15:51:20.839+0000: [ParNew: 16388K->4K(18432K), 0.0023497 secs] 497595K->481211K(743420K), 0.0023974 secs] [Times: user=0.01 sys=0.00, real=0.00 secs] 
2020-10-29T15:51:20.858+0000: [GC (Allocation Failure) 2020-10-29T15:51:20.858+0000: [ParNew: 16388K->4K(18432K), 0.0022444 secs] 497595K->481211K(743420K), 0.0022907 secs] [Times: user=0.00 sys=0.00, real=0.00 secs] 
2020-10-29T15:51:20.877+0000: [GC (Allocation Failure) 2020-10-29T15:51:20.877+0000: [ParNew: 16388K->4K(18432K), 0.0023494 secs] 497595K->481211K(743420K), 0.0023953 secs] [Times: user=0.01 sys=0.00, real=0.00 secs] 
2020-10-29T15:51:20.894+0000: [GC (Allocation Failure) 2020-10-29T15:51:20.894+0000: [ParNew: 16388K->4K(18432K), 0.0024558 secs] 497595K->481211K(743420K), 0.0025075 secs] [Times: user=0.00 sys=0.00, real=0.00 secs] 
2020-10-29T15:51:20.912+0000: [GC (Allocation Failure) 2020-10-29T15:51:20.912+0000: [ParNew: 16388K->4K(18432K), 0.0024038 secs] 497595K->481211K(743420K), 0.0024521 secs] [Times: user=0.00 sys=0.00, real=0.00 secs] 
2020-10-29T15:51:20.930+0000: [GC (Allocation Failure) 2020-10-29T15:51:20.931+0000: [ParNew: 16388K->4K(18432K), 0.0023222 secs] 497595K->481211K(743420K), 0.0023847 secs] [Times: user=0.01 sys=0.00, real=0.00 secs] 
2020-10-29T15:51:20.948+0000: [GC (Allocation Failure) 2020-10-29T15:51:20.948+0000: [ParNew: 16388K->4K(18432K), 0.0024712 secs] 497595K->481211K(743420K), 0.0025218 secs] [Times: user=0.00 sys=0.00, real=0.01 secs] 
2020-10-29T15:51:20.966+0000: [GC (Allocation Failure) 2020-10-29T15:51:20.966+0000: [ParNew: 16388K->4K(18432K), 0.0024075 secs] 497595K->481211K(743420K), 0.0024561 secs] [Times: user=0.01 sys=0.00, real=0.00 secs] 
2020-10-29T15:51:20.984+0000: [GC (Allocation Failure) 2020-10-29T15:51:20.984+0000: [ParNew: 16388K->4K(18432K), 0.0024619 secs] 497595K->481211K(743420K), 0.0025132 secs] [Times: user=0.01 sys=0.00, real=0.00 secs] 
2020-10-29T15:51:21.003+0000: [GC (Allocation Failure) 2020-10-29T15:51:21.003+0000: [ParNew: 16388K->4K(18432K), 0.0023257 secs] 497595K->481211K(743420K), 0.0023759 secs] [Times: user=0.00 sys=0.00, real=0.00 secs] 
2020-10-29T15:51:21.022+0000: [GC (Allocation Failure) 2020-10-29T15:51:21.022+0000: [ParNew: 16388K->4K(18432K), 0.0023592 secs] 497595K->481211K(743420K), 0.0024063 secs] [Times: user=0.01 sys=0.00, real=0.00 secs] 
2020-10-29T15:51:21.042+0000: [GC (Allocation Failure) 2020-10-29T15:51:21.042+0000: [ParNew: 16388K->4K(18432K), 0.0025813 secs] 497595K->481211K(743420K), 0.0026359 secs] [Times: user=0.00 sys=0.00, real=0.00 secs] 
2020-10-29T15:51:21.061+0000: [GC (Allocation Failure) 2020-10-29T15:51:21.061+0000: [ParNew: 16388K->4K(18432K), 0.0023580 secs] 497595K->481211K(743420K), 0.0024056 secs] [Times: user=0.01 sys=0.00, real=0.01 secs] 
2020-10-29T15:51:21.082+0000: [GC (Allocation Failure) 2020-10-29T15:51:21.082+0000: [ParNew: 16388K->4K(18432K), 0.0023635 secs] 497595K->481211K(743420K), 0.0024129 secs] [Times: user=0.01 sys=0.00, real=0.00 secs] 
2020-10-29T15:51:21.102+0000: [GC (Allocation Failure) 2020-10-29T15:51:21.102+0000: [ParNew: 16388K->4K(18432K), 0.0024222 secs] 497595K->481211K(743420K), 0.0024738 secs] [Times: user=0.01 sys=0.01, real=0.00 secs] 
2020-10-29T15:51:21.122+0000: [GC (Allocation Failure) 2020-10-29T15:51:21.122+0000: [ParNew: 16388K->4K(18432K), 0.0024835 secs] 497595K->481211K(743420K), 0.0025444 secs] [Times: user=0.00 sys=0.00, real=0.01 secs] 
2020-10-29T15:51:21.140+0000: [GC (Allocation Failure) 2020-10-29T15:51:21.140+0000: [ParNew: 16388K->4K(18432K), 0.0025541 secs] 497595K->481211K(743420K), 0.0026213 secs] [Times: user=0.00 sys=0.00, real=0.01 secs] 
2020-10-29T15:51:21.161+0000: [GC (Allocation Failure) 2020-10-29T15:51:21.162+0000: [ParNew: 16388K->4K(18432K), 0.0029584 secs] 497595K->481211K(743420K), 0.0030117 secs] [Times: user=0.01 sys=0.00, real=0.01 secs] 
2020-10-29T15:51:21.182+0000: [GC (Allocation Failure) 2020-10-29T15:51:21.182+0000: [ParNew: 16388K->4K(18432K), 0.0024987 secs] 497595K->481211K(743420K), 0.0025491 secs] [Times: user=0.00 sys=0.00, real=0.00 secs] 
2020-10-29T15:51:21.201+0000: [GC (Allocation Failure) 2020-10-29T15:51:21.201+0000: [ParNew: 16388K->4K(18432K), 0.0024993 secs] 497595K->481211K(743420K), 0.0025492 secs] [Times: user=0.01 sys=0.00, real=0.01 secs] 
2020-10-29T15:51:21.219+0000: [GC (Allocation Failure) 2020-10-29T15:51:21.219+0000: [ParNew: 16388K->4K(18432K), 0.0022808 secs] 497595K->481211K(743420K), 0.0023255 secs] [Times: user=0.00 sys=0.00, real=0.00 secs] 
2020-10-29T15:51:21.242+0000: [GC (Allocation Failure) 2020-10-29T15:51:21.242+0000: [ParNew: 16388K->4K(18432K), 0.0030262 secs] 497595K->481211K(743420K), 0.0030748 secs] [Times: user=0.01 sys=0.00, real=0.01 secs] 
2020-10-29T15:51:21.261+0000: [GC (Allocation Failure) 2020-10-29T15:51:21.261+0000: [ParNew: 16388K->4K(18432K), 0.0025151 secs] 497595K->481211K(743420K), 0.0025688 secs] [Times: user=0.01 sys=0.00, real=0.01 secs] 
2020-10-29T15:51:21.282+0000: [GC (Allocation Failure) 2020-10-29T15:51:21.282+0000: [ParNew: 16388K->4K(18432K), 0.0024572 secs] 497595K->481211K(743420K), 0.0025087 secs] [Times: user=0.00 sys=0.00, real=0.00 secs] 
2020-10-29T15:51:21.302+0000: [GC (Allocation Failure) 2020-10-29T15:51:21.302+0000: [ParNew: 16388K->4K(18432K), 0.0023527 secs] 497595K->481211K(743420K), 0.0024011 secs] [Times: user=0.00 sys=0.00, real=0.00 secs] 
2020-10-29T15:51:21.322+0000: [GC (Allocation Failure) 2020-10-29T15:51:21.322+0000: [ParNew: 16388K->4K(18432K), 0.0022159 secs] 497595K->481211K(743420K), 0.0022640 secs] [Times: user=0.01 sys=0.00, real=0.00 secs] 
2020-10-29T15:51:21.341+0000: [GC (Allocation Failure) 2020-10-29T15:51:21.341+0000: [ParNew: 16388K->4K(18432K), 0.0022508 secs] 497595K->481211K(743420K), 0.0022946 secs] [Times: user=0.00 sys=0.00, real=0.01 secs] 
2020-10-29T15:51:21.359+0000: [GC (Allocation Failure) 2020-10-29T15:51:21.359+0000: [ParNew: 16388K->4K(18432K), 0.0024525 secs] 497595K->481211K(743420K), 0.0025241 secs] [Times: user=0.01 sys=0.00, real=0.00 secs] 
2020-10-29T15:51:21.378+0000: [GC (Allocation Failure) 2020-10-29T15:51:21.378+0000: [ParNew: 16388K->4K(18432K), 0.0022979 secs] 497595K->481211K(743420K), 0.0023432 secs] [Times: user=0.01 sys=0.01, real=0.00 secs] 
2020-10-29T15:51:21.397+0000: [GC (Allocation Failure) 2020-10-29T15:51:21.397+0000: [ParNew: 16388K->4K(18432K), 0.0023826 secs] 497595K->481211K(743420K), 0.0024302 secs] [Times: user=0.00 sys=0.00, real=0.00 secs] 
2020-10-29T15:51:21.415+0000: [GC (Allocation Failure) 2020-10-29T15:51:21.415+0000: [ParNew: 16388K->4K(18432K), 0.0025225 secs] 497595K->481211K(743420K), 0.0025761 secs] [Times: user=0.01 sys=0.00, real=0.00 secs] 
2020-10-29T15:51:21.434+0000: [GC (Allocation Failure) 2020-10-29T15:51:21.434+0000: [ParNew: 16388K->4K(18432K), 0.0022433 secs] 497595K->481211K(743420K), 0.0022894 secs] [Times: user=0.00 sys=0.00, real=0.00 secs] 
2020-10-29T15:51:21.454+0000: [GC (Allocation Failure) 2020-10-29T15:51:21.454+0000: [ParNew: 16388K->4K(18432K), 0.0023179 secs] 497595K->481211K(743420K), 0.0023672 secs] [Times: user=0.01 sys=0.00, real=0.00 secs] 
2020-10-29T15:51:21.474+0000: [GC (Allocation Failure) 2020-10-29T15:51:21.474+0000: [ParNew: 16388K->4K(18432K), 0.0022921 secs] 497595K->481211K(743420K), 0.0023355 secs] [Times: user=0.01 sys=0.00, real=0.00 secs] 
2020-10-29T15:51:21.492+0000: [GC (Allocation Failure) 2020-10-29T15:51:21.492+0000: [ParNew: 16388K->4K(18432K), 0.0022163 secs] 497595K->481211K(743420K), 0.0022618 secs] [Times: user=0.00 sys=0.00, real=0.00 secs] 
2020-10-29T15:51:21.510+0000: [GC (Allocation Failure) 2020-10-29T15:51:21.510+0000: [ParNew: 16388K->4K(18432K), 0.0024524 secs] 497595K->481211K(743420K), 0.0025027 secs] [Times: user=0.00 sys=0.00, real=0.01 secs] 
2020-10-29T15:51:21.528+0000: [GC (Allocation Failure) 2020-10-29T15:51:21.528+0000: [ParNew: 16388K->4K(18432K), 0.0023785 secs] 497595K->481211K(743420K), 0.0024283 secs] [Times: user=0.01 sys=0.00, real=0.01 secs] 
2020-10-29T15:51:21.547+0000: [GC (Allocation Failure) 2020-10-29T15:51:21.547+0000: [ParNew: 16388K->4K(18432K), 0.0024389 secs] 497595K->481211K(743420K), 0.0024912 secs] [Times: user=0.00 sys=0.00, real=0.00 secs] 
2020-10-29T15:51:21.566+0000: [GC (Allocation Failure) 2020-10-29T15:51:21.566+0000: [ParNew: 16388K->4K(18432K), 0.0025271 secs] 497595K->481211K(743420K), 0.0025792 secs] [Times: user=0.00 sys=0.00, real=0.00 secs] 
2020-10-29T15:51:21.585+0000: [GC (Allocation Failure) 2020-10-29T15:51:21.585+0000: [ParNew: 16388K->4K(18432K), 0.0023067 secs] 497595K->481211K(743420K), 0.0023525 secs] [Times: user=0.01 sys=0.00, real=0.00 secs] 
2020-10-29T15:51:21.603+0000: [GC (Allocation Failure) 2020-10-29T15:51:21.603+0000: [ParNew: 16388K->4K(18432K), 0.0022783 secs] 497595K->481211K(743420K), 0.0023242 secs] [Times: user=0.00 sys=0.00, real=0.00 secs] 
2020-10-29T15:51:21.622+0000: [GC (Allocation Failure) 2020-10-29T15:51:21.622+0000: [ParNew: 16388K->4K(18432K), 0.0023999 secs] 497595K->481211K(743420K), 0.0024470 secs] [Times: user=0.01 sys=0.00, real=0.00 secs] 
2020-10-29T15:51:21.641+0000: [GC (Allocation Failure) 2020-10-29T15:51:21.641+0000: [ParNew: 16388K->4K(18432K), 0.0022469 secs] 497595K->481211K(743420K), 0.0022918 secs] [Times: user=0.00 sys=0.00, real=0.01 secs] 
2020-10-29T15:51:21.659+0000: [GC (Allocation Failure) 2020-10-29T15:51:21.659+0000: [ParNew: 16388K->4K(18432K), 0.0023123 secs] 497595K->481211K(743420K), 0.0023600 secs] [Times: user=0.00 sys=0.00, real=0.00 secs] 
2020-10-29T15:51:21.678+0000: [GC (Allocation Failure) 2020-10-29T15:51:21.678+0000: [ParNew: 16388K->4K(18432K), 0.0022176 secs] 497595K->481211K(743420K), 0.0022628 secs] [Times: user=0.00 sys=0.00, real=0.00 secs] 
2020-10-29T15:51:21.697+0000: [GC (Allocation Failure) 2020-10-29T15:51:21.697+0000: [ParNew: 16388K->4K(18432K), 0.0025004 secs] 497595K->481211K(743420K), 0.0025523 secs] [Times: user=0.01 sys=0.00, real=0.00 secs] 
2020-10-29T15:51:21.722+0000: [GC (Allocation Failure) 2020-10-29T15:51:21.722+0000: [ParNew: 16388K->4K(18432K), 0.0027369 secs] 497595K->481211K(743420K), 0.0027937 secs] [Times: user=0.01 sys=0.00, real=0.00 secs] 
2020-10-29T15:51:21.745+0000: [GC (Allocation Failure) 2020-10-29T15:51:21.745+0000: [ParNew: 16388K->4K(18432K), 0.0024409 secs] 497595K->481211K(743420K), 0.0024909 secs] [Times: user=0.00 sys=0.00, real=0.00 secs] 
2020-10-29T15:51:21.766+0000: [GC (Allocation Failure) 2020-10-29T15:51:21.766+0000: [ParNew: 16388K->4K(18432K), 0.0024582 secs] 497595K->481211K(743420K), 0.0025088 secs] [Times: user=0.01 sys=0.00, real=0.00 secs] 
2020-10-29T15:51:21.784+0000: [GC (Allocation Failure) 2020-10-29T15:51:21.785+0000: [ParNew: 16388K->4K(18432K), 0.0024299 secs] 497595K->481211K(743420K), 0.0024801 secs] [Times: user=0.00 sys=0.00, real=0.00 secs] 
2020-10-29T15:51:21.803+0000: [GC (Allocation Failure) 2020-10-29T15:51:21.803+0000: [ParNew: 16388K->4K(18432K), 0.0026487 secs] 497595K->481211K(743420K), 0.0027218 secs] [Times: user=0.01 sys=0.00, real=0.00 secs] 
2020-10-29T15:51:21.821+0000: [GC (Allocation Failure) 2020-10-29T15:51:21.821+0000: [ParNew: 16388K->4K(18432K), 0.0026226 secs] 497595K->481211K(743420K), 0.0026753 secs] [Times: user=0.00 sys=0.00, real=0.01 secs] 
2020-10-29T15:51:21.843+0000: [GC (Allocation Failure) 2020-10-29T15:51:21.843+0000: [ParNew: 16388K->4K(18432K), 0.0024503 secs] 497595K->481211K(743420K), 0.0025005 secs] [Times: user=0.00 sys=0.00, real=0.00 secs] 
2020-10-29T15:51:21.861+0000: [GC (Allocation Failure) 2020-10-29T15:51:21.861+0000: [ParNew: 16388K->4K(18432K), 0.0024719 secs] 497595K->481211K(743420K), 0.0025188 secs] [Times: user=0.00 sys=0.00, real=0.01 secs] 
2020-10-29T15:51:21.879+0000: [GC (Allocation Failure) 2020-10-29T15:51:21.879+0000: [ParNew: 16388K->4K(18432K), 0.0024657 secs] 497595K->481211K(743420K), 0.0025126 secs] [Times: user=0.01 sys=0.00, real=0.00 secs] 
2020-10-29T15:51:21.898+0000: [GC (Allocation Failure) 2020-10-29T15:51:21.898+0000: [ParNew: 16388K->4K(18432K), 0.0025273 secs] 497595K->481211K(743420K), 0.0025755 secs] [Times: user=0.00 sys=0.00, real=0.00 secs] 
2020-10-29T15:51:21.917+0000: [GC (Allocation Failure) 2020-10-29T15:51:21.917+0000: [ParNew: 16388K->4K(18432K), 0.0026142 secs] 497595K->481211K(743420K), 0.0026686 secs] [Times: user=0.01 sys=0.00, real=0.00 secs] 
2020-10-29T15:51:21.935+0000: [GC (Allocation Failure) 2020-10-29T15:51:21.935+0000: [ParNew: 16388K->4K(18432K), 0.0024024 secs] 497595K->481211K(743420K), 0.0024521 secs] [Times: user=0.00 sys=0.00, real=0.00 secs] 
2020-10-29T15:51:21.954+0000: [GC (Allocation Failure) 2020-10-29T15:51:21.954+0000: [ParNew: 16388K->4K(18432K), 0.0024399 secs] 497595K->481211K(743420K), 0.0024917 secs] [Times: user=0.00 sys=0.00, real=0.00 secs] 
2020-10-29T15:51:21.972+0000: [GC (Allocation Failure) 2020-10-29T15:51:21.972+0000: [ParNew: 16388K->4K(18432K), 0.0022358 secs] 497595K->481211K(743420K), 0.0022829 secs] [Times: user=0.01 sys=0.00, real=0.00 secs] 
2020-10-29T15:51:21.991+0000: [GC (Allocation Failure) 2020-10-29T15:51:21.991+0000: [ParNew: 16388K->4K(18432K), 0.0024046 secs] 497595K->481211K(743420K), 0.0024544 secs] [Times: user=0.00 sys=0.00, real=0.00 secs] 
2020-10-29T15:51:22.009+0000: [GC (Allocation Failure) 2020-10-29T15:51:22.009+0000: [ParNew: 16388K->4K(18432K), 0.0024399 secs] 497595K->481211K(743420K), 0.0024892 secs] [Times: user=0.01 sys=0.00, real=0.01 secs] 
2020-10-29T15:51:22.027+0000: [GC (Allocation Failure) 2020-10-29T15:51:22.027+0000: [ParNew: 16388K->4K(18432K), 0.0024916 secs] 497595K->481211K(743420K), 0.0025417 secs] [Times: user=0.00 sys=0.00, real=0.00 secs] 
2020-10-29T15:51:22.046+0000: [GC (Allocation Failure) 2020-10-29T15:51:22.046+0000: [ParNew: 16388K->4K(18432K), 0.0023634 secs] 497595K->481211K(743420K), 0.0024111 secs] [Times: user=0.00 sys=0.00, real=0.00 secs] 
2020-10-29T15:51:22.066+0000: [GC (Allocation Failure) 2020-10-29T15:51:22.066+0000: [ParNew: 16388K->4K(18432K), 0.0024871 secs] 497595K->481211K(743420K), 0.0025387 secs] [Times: user=0.01 sys=0.00, real=0.00 secs] 
2020-10-29T15:51:22.085+0000: [GC (Allocation Failure) 2020-10-29T15:51:22.085+0000: [ParNew: 16388K->4K(18432K), 0.0024548 secs] 497595K->481211K(743420K), 0.0025065 secs] [Times: user=0.00 sys=0.00, real=0.00 secs] 
2020-10-29T15:51:22.106+0000: [GC (Allocation Failure) 2020-10-29T15:51:22.106+0000: [ParNew: 16388K->4K(18432K), 0.0024511 secs] 497595K->481211K(743420K), 0.0025011 secs] [Times: user=0.00 sys=0.00, real=0.00 secs] 
2020-10-29T15:51:22.124+0000: [GC (Allocation Failure) 2020-10-29T15:51:22.124+0000: [ParNew: 16388K->4K(18432K), 0.0024847 secs] 497595K->481211K(743420K), 0.0025364 secs] [Times: user=0.00 sys=0.00, real=0.00 secs] 
2020-10-29T15:51:22.146+0000: [GC (Allocation Failure) 2020-10-29T15:51:22.146+0000: [ParNew: 16388K->4K(18432K), 0.0024285 secs] 497595K->481211K(743420K), 0.0024775 secs] [Times: user=0.00 sys=0.00, real=0.00 secs] 
2020-10-29T15:51:22.165+0000: [GC (Allocation Failure) 2020-10-29T15:51:22.165+0000: [ParNew: 16388K->4K(18432K), 0.0024903 secs] 497595K->481211K(743420K), 0.0025393 secs] [Times: user=0.01 sys=0.00, real=0.00 secs] 
2020-10-29T15:51:22.183+0000: [GC (Allocation Failure) 2020-10-29T15:51:22.183+0000: [ParNew: 16388K->4K(18432K), 0.0026019 secs] 497595K->481211K(743420K), 0.0026543 secs] [Times: user=0.00 sys=0.00, real=0.00 secs] 
2020-10-29T15:51:22.201+0000: [GC (Allocation Failure) 2020-10-29T15:51:22.201+0000: [ParNew: 16388K->4K(18432K), 0.0025873 secs] 497595K->481211K(743420K), 0.0026407 secs] [Times: user=0.01 sys=0.00, real=0.01 secs] 
2020-10-29T15:51:22.222+0000: [GC (Allocation Failure) 2020-10-29T15:51:22.222+0000: [ParNew: 16388K->4K(18432K), 0.0025101 secs] 497595K->481211K(743420K), 0.0025612 secs] [Times: user=0.00 sys=0.00, real=0.00 secs] 
2020-10-29T15:51:22.242+0000: [GC (Allocation Failure) 2020-10-29T15:51:22.242+0000: [ParNew: 16388K->4K(18432K), 0.0027714 secs] 497595K->481211K(743420K), 0.0028220 secs] [Times: user=0.00 sys=0.00, real=0.00 secs] 
2020-10-29T15:51:22.261+0000: [GC (Allocation Failure) 2020-10-29T15:51:22.261+0000: [ParNew: 16388K->4K(18432K), 0.0027583 secs] 497595K->481211K(743420K), 0.0028245 secs] [Times: user=0.00 sys=0.00, real=0.01 secs] 
2020-10-29T15:51:22.282+0000: [GC (Allocation Failure) 2020-10-29T15:51:22.282+0000: [ParNew: 16388K->4K(18432K), 0.0024813 secs] 497595K->481211K(743420K), 0.0025301 secs] [Times: user=0.01 sys=0.00, real=0.00 secs] 
2020-10-29T15:51:22.301+0000: [GC (Allocation Failure) 2020-10-29T15:51:22.301+0000: [ParNew: 16388K->4K(18432K), 0.0026823 secs] 497595K->481211K(743420K), 0.0027366 secs] [Times: user=0.00 sys=0.00, real=0.01 secs] 
2020-10-29T15:51:22.319+0000: [GC (Allocation Failure) 2020-10-29T15:51:22.319+0000: [ParNew: 16388K->4K(18432K), 0.0024570 secs] 497595K->481211K(743420K), 0.0025071 secs] [Times: user=0.01 sys=0.00, real=0.00 secs] 
2020-10-29T15:51:22.338+0000: [GC (Allocation Failure) 2020-10-29T15:51:22.338+0000: [ParNew: 16388K->4K(18432K), 0.0022723 secs] 497595K->481211K(743420K), 0.0023176 secs] [Times: user=0.00 sys=0.00, real=0.00 secs] 
2020-10-29T15:51:22.357+0000: [GC (Allocation Failure) 2020-10-29T15:51:22.357+0000: [ParNew: 16388K->4K(18432K), 0.0024186 secs] 497595K->481211K(743420K), 0.0024682 secs] [Times: user=0.01 sys=0.00, real=0.00 secs] 
2020-10-29T15:51:22.378+0000: [GC (Allocation Failure) 2020-10-29T15:51:22.378+0000: [ParNew: 16388K->4K(18432K), 0.0025119 secs] 497595K->481211K(743420K), 0.0025649 secs] [Times: user=0.01 sys=0.00, real=0.00 secs] 
2020-10-29T15:51:22.398+0000: [GC (Allocation Failure) 2020-10-29T15:51:22.398+0000: [ParNew: 16388K->4K(18432K), 0.0022903 secs] 497595K->481211K(743420K), 0.0023351 secs] [Times: user=0.00 sys=0.00, real=0.00 secs] 
2020-10-29T15:51:22.416+0000: [GC (Allocation Failure) 2020-10-29T15:51:22.416+0000: [ParNew: 16388K->4K(18432K), 0.0024160 secs] 497595K->481211K(743420K), 0.0024643 secs] [Times: user=0.01 sys=0.00, real=0.00 secs] 
2020-10-29T15:51:22.434+0000: [GC (Allocation Failure) 2020-10-29T15:51:22.434+0000: [ParNew: 16388K->4K(18432K), 0.0024429 secs] 497595K->481211K(743420K), 0.0025004 secs] [Times: user=0.01 sys=0.00, real=0.00 secs] 
2020-10-29T15:51:22.453+0000: [GC (Allocation Failure) 2020-10-29T15:51:22.453+0000: [ParNew: 16388K->4K(18432K), 0.0025326 secs] 497595K->481211K(743420K), 0.0025831 secs] [Times: user=0.00 sys=0.00, real=0.00 secs] 
2020-10-29T15:51:22.474+0000: [GC (Allocation Failure) 2020-10-29T15:51:22.474+0000: [ParNew: 16388K->4K(18432K), 0.0027648 secs] 497595K->481211K(743420K), 0.0028232 secs] [Times: user=0.01 sys=0.00, real=0.00 secs] 
2020-10-29T15:51:22.494+0000: [GC (Allocation Failure) 2020-10-29T15:51:22.494+0000: [ParNew: 16388K->4K(18432K), 0.0027635 secs] 497595K->481211K(743420K), 0.0028205 secs] [Times: user=0.01 sys=0.00, real=0.00 secs] 
2020-10-29T15:51:22.513+0000: [GC (Allocation Failure) 2020-10-29T15:51:22.513+0000: [ParNew: 16388K->4K(18432K), 0.0027567 secs] 497595K->481211K(743420K), 0.0028146 secs] [Times: user=0.01 sys=0.00, real=0.00 secs] 
2020-10-29T15:51:22.532+0000: [GC (Allocation Failure) 2020-10-29T15:51:22.532+0000: [ParNew: 16388K->4K(18432K), 0.0027340 secs] 497595K->481211K(743420K), 0.0027894 secs] [Times: user=0.00 sys=0.00, real=0.00 secs] 
2020-10-29T15:51:22.550+0000: [GC (Allocation Failure) 2020-10-29T15:51:22.550+0000: [ParNew: 16388K->4K(18432K), 0.0043769 secs] 497595K->481211K(743420K), 0.0044296 secs] [Times: user=0.01 sys=0.00, real=0.00 secs] 
2020-10-29T15:51:22.570+0000: [GC (Allocation Failure) 2020-10-29T15:51:22.570+0000: [ParNew: 16388K->4K(18432K), 0.0025199 secs] 497595K->481211K(743420K), 0.0025821 secs] [Times: user=0.00 sys=0.00, real=0.00 secs] 
2020-10-29T15:51:22.590+0000: [GC (Allocation Failure) 2020-10-29T15:51:22.590+0000: [ParNew: 16388K->4K(18432K), 0.0025427 secs] 497595K->481211K(743420K), 0.0025942 secs] [Times: user=0.01 sys=0.00, real=0.01 secs] 
2020-10-29T15:51:22.610+0000: [GC (Allocation Failure) 2020-10-29T15:51:22.610+0000: [ParNew: 16388K->4K(18432K), 0.0025384 secs] 497595K->481211K(743420K), 0.0025918 secs] [Times: user=0.01 sys=0.00, real=0.00 secs] 
2020-10-29T15:51:22.630+0000: [GC (Allocation Failure) 2020-10-29T15:51:22.630+0000: [ParNew: 16388K->4K(18432K), 0.0024136 secs] 497595K->481211K(743420K), 0.0024656 secs] [Times: user=0.00 sys=0.00, real=0.00 secs] 
2020-10-29T15:51:22.650+0000: [GC (Allocation Failure) 2020-10-29T15:51:22.650+0000: [ParNew: 16388K->4K(18432K), 0.0023729 secs] 497595K->481211K(743420K), 0.0024229 secs] [Times: user=0.00 sys=0.00, real=0.00 secs] 
2020-10-29T15:51:22.668+0000: [GC (Allocation Failure) 2020-10-29T15:51:22.668+0000: [ParNew: 16388K->4K(18432K), 0.0022885 secs] 497595K->481211K(743420K), 0.0023367 secs] [Times: user=0.01 sys=0.00, real=0.01 secs] 
2020-10-29T15:51:22.686+0000: [GC (Allocation Failure) 2020-10-29T15:51:22.686+0000: [ParNew: 16388K->4K(18432K), 0.0024589 secs] 497595K->481211K(743420K), 0.0025085 secs] [Times: user=0.01 sys=0.00, real=0.00 secs] 
2020-10-29T15:51:22.706+0000: [GC (Allocation Failure) 2020-10-29T15:51:22.706+0000: [ParNew: 16388K->2K(18432K), 0.0041376 secs] 497595K->481209K(743420K), 0.0042149 secs] [Times: user=0.00 sys=0.00, real=0.01 secs] 
2020-10-29T15:51:22.726+0000: [GC (Allocation Failure) 2020-10-29T15:51:22.726+0000: [ParNew: 16386K->4K(18432K), 0.0025027 secs] 497593K->481211K(743420K), 0.0025534 secs] [Times: user=0.00 sys=0.00, real=0.00 secs] 
2020-10-29T15:51:22.744+0000: [GC (Allocation Failure) 2020-10-29T15:51:22.744+0000: [ParNew: 16388K->4K(18432K), 0.0024842 secs] 497595K->481211K(743420K), 0.0025459 secs] [Times: user=0.01 sys=0.00, real=0.00 secs] 
2020-10-29T15:51:22.766+0000: [GC (Allocation Failure) 2020-10-29T15:51:22.766+0000: [ParNew: 16388K->4K(18432K), 0.0023932 secs] 497595K->481211K(743420K), 0.0024419 secs] [Times: user=0.01 sys=0.00, real=0.00 secs] 
2020-10-29T15:51:22.785+0000: [GC (Allocation Failure) 2020-10-29T15:51:22.785+0000: [ParNew: 16388K->4K(18432K), 0.0023192 secs] 497595K->481211K(743420K), 0.0023663 secs] [Times: user=0.00 sys=0.00, real=0.00 secs] 
2020-10-29T15:51:22.803+0000: [GC (Allocation Failure) 2020-10-29T15:51:22.803+0000: [ParNew: 16388K->4K(18432K), 0.0025647 secs] 497595K->481211K(743420K), 0.0026184 secs] [Times: user=0.01 sys=0.00, real=0.00 secs] 
2020-10-29T15:51:22.822+0000: [GC (Allocation Failure) 2020-10-29T15:51:22.822+0000: [ParNew: 16388K->4K(18432K), 0.0027138 secs] 497595K->481211K(743420K), 0.0027692 secs] [Times: user=0.00 sys=0.00, real=0.00 secs] 
2020-10-29T15:51:22.841+0000: [GC (Allocation Failure) 2020-10-29T15:51:22.841+0000: [ParNew: 16388K->4K(18432K), 0.0026639 secs] 497595K->481211K(743420K), 0.0027181 secs] [Times: user=0.00 sys=0.00, real=0.01 secs] 
2020-10-29T15:51:22.862+0000: [GC (Allocation Failure) 2020-10-29T15:51:22.862+0000: [ParNew: 16388K->4K(18432K), 0.0025998 secs] 497595K->481212K(743420K), 0.0026515 secs] [Times: user=0.01 sys=0.00, real=0.00 secs] 
2020-10-29T15:51:22.885+0000: [GC (Allocation Failure) 2020-10-29T15:51:22.885+0000: [ParNew: 16388K->4K(18432K), 0.0025985 secs] 497596K->481212K(743420K), 0.0026508 secs] [Times: user=0.01 sys=0.00, real=0.00 secs] 
2020-10-29T15:51:22.906+0000: [GC (Allocation Failure) 2020-10-29T15:51:22.906+0000: [ParNew: 16388K->4K(18432K), 0.0024593 secs] 497596K->481212K(743420K), 0.0025097 secs] [Times: user=0.01 sys=0.00, real=0.00 secs] 
2020-10-29T15:51:22.926+0000: [GC (Allocation Failure) 2020-10-29T15:51:22.926+0000: [ParNew: 16388K->4K(18432K), 0.0022917 secs] 497596K->481212K(743420K), 0.0023407 secs] [Times: user=0.00 sys=0.00, real=0.00 secs] 
2020-10-29T15:51:22.946+0000: [GC (Allocation Failure) 2020-10-29T15:51:22.946+0000: [ParNew: 16388K->4K(18432K), 0.0022259 secs] 497596K->481212K(743420K), 0.0022722 secs] [Times: user=0.01 sys=0.00, real=0.00 secs] 
2020-10-29T15:51:22.964+0000: [GC (Allocation Failure) 2020-10-29T15:51:22.964+0000: [ParNew: 16388K->4K(18432K), 0.0023440 secs] 497596K->481212K(743420K), 0.0023938 secs] [Times: user=0.00 sys=0.00, real=0.00 secs] 
2020-10-29T15:51:22.986+0000: [GC (Allocation Failure) 2020-10-29T15:51:22.986+0000: [ParNew: 16388K->4K(18432K), 0.0022657 secs] 497596K->481212K(743420K), 0.0023116 secs] [Times: user=0.00 sys=0.00, real=0.00 secs] 
2020-10-29T15:51:23.006+0000: [GC (Allocation Failure) 2020-10-29T15:51:23.006+0000: [ParNew: 16388K->4K(18432K), 0.0022015 secs] 497596K->481212K(743420K), 0.0022480 secs] [Times: user=0.00 sys=0.00, real=0.00 secs] 
2020-10-29T15:51:23.026+0000: [GC (Allocation Failure) 2020-10-29T15:51:23.026+0000: [ParNew: 16388K->4K(18432K), 0.0021749 secs] 497596K->481212K(743420K), 0.0022197 secs] [Times: user=0.00 sys=0.00, real=0.00 secs] 
2020-10-29T15:51:23.044+0000: [GC (Allocation Failure) 2020-10-29T15:51:23.044+0000: [ParNew: 16388K->4K(18432K), 0.0022228 secs] 497596K->481212K(743420K), 0.0022673 secs] [Times: user=0.01 sys=0.00, real=0.00 secs] 
2020-10-29T15:51:23.064+0000: [GC (Allocation Failure) 2020-10-29T15:51:23.064+0000: [ParNew: 16388K->4K(18432K), 0.0028079 secs] 497596K->481212K(743420K), 0.0028651 secs] [Times: user=0.01 sys=0.00, real=0.00 secs] 
2020-10-29T15:51:23.086+0000: [GC (Allocation Failure) 2020-10-29T15:51:23.086+0000: [ParNew: 16388K->4K(18432K), 0.0024169 secs] 497596K->481212K(743420K), 0.0024679 secs] [Times: user=0.01 sys=0.00, real=0.00 secs] 
2020-10-29T15:51:23.104+0000: [GC (Allocation Failure) 2020-10-29T15:51:23.104+0000: [ParNew: 16388K->4K(18432K), 0.0026796 secs] 497596K->481212K(743420K), 0.0027359 secs] [Times: user=0.00 sys=0.00, real=0.00 secs] 
2020-10-29T15:51:23.126+0000: [GC (Allocation Failure) 2020-10-29T15:51:23.126+0000: [ParNew: 16388K->4K(18432K), 0.0025624 secs] 497596K->481212K(743420K), 0.0026145 secs] [Times: user=0.00 sys=0.00, real=0.00 secs] 
2020-10-29T15:51:23.145+0000: [GC (Allocation Failure) 2020-10-29T15:51:23.145+0000: [ParNew: 16388K->4K(18432K), 0.0025737 secs] 497596K->481212K(743420K), 0.0026236 secs] [Times: user=0.01 sys=0.00, real=0.00 secs] 
2020-10-29T15:51:23.166+0000: [GC (Allocation Failure) 2020-10-29T15:51:23.166+0000: [ParNew: 16388K->4K(18432K), 0.0025402 secs] 497596K->481212K(743420K), 0.0025905 secs] [Times: user=0.01 sys=0.00, real=0.00 secs] 
2020-10-29T15:51:23.184+0000: [GC (Allocation Failure) 2020-10-29T15:51:23.184+0000: [ParNew: 16388K->4K(18432K), 0.0025045 secs] 497596K->481212K(743420K), 0.0025544 secs] [Times: user=0.00 sys=0.00, real=0.00 secs] 
2020-10-29T15:51:23.203+0000: [GC (Allocation Failure) 2020-10-29T15:51:23.203+0000: [ParNew: 16388K->4K(18432K), 0.0027116 secs] 497596K->481212K(743420K), 0.0027875 secs] [Times: user=0.01 sys=0.00, real=0.00 secs] 
2020-10-29T15:51:23.222+0000: [GC (Allocation Failure) 2020-10-29T15:51:23.222+0000: [ParNew: 16388K->4K(18432K), 0.0026552 secs] 497596K->481212K(743420K), 0.0027067 secs] [Times: user=0.01 sys=0.00, real=0.00 secs] 
2020-10-29T15:51:23.241+0000: [GC (Allocation Failure) 2020-10-29T15:51:23.241+0000: [ParNew: 16388K->4K(18432K), 0.0026874 secs] 497596K->481212K(743420K), 0.0027395 secs] [Times: user=0.01 sys=0.00, real=0.01 secs] 
2020-10-29T15:51:23.259+0000: [GC (Allocation Failure) 2020-10-29T15:51:23.259+0000: [ParNew: 16388K->4K(18432K), 0.0025434 secs] 497596K->481212K(743420K), 0.0025940 secs] [Times: user=0.01 sys=0.00, real=0.00 secs] 
2020-10-29T15:51:23.278+0000: [GC (Allocation Failure) 2020-10-29T15:51:23.278+0000: [ParNew: 16388K->4K(18432K), 0.0025339 secs] 497596K->481212K(743420K), 0.0025852 secs] [Times: user=0.01 sys=0.00, real=0.00 secs] 
2020-10-29T15:51:23.296+0000: [GC (Allocation Failure) 2020-10-29T15:51:23.296+0000: [ParNew: 16388K->4K(18432K), 0.0022675 secs] 497596K->481212K(743420K), 0.0023119 secs] [Times: user=0.01 sys=0.00, real=0.00 secs] 
2020-10-29T15:51:23.313+0000: [GC (Allocation Failure) 2020-10-29T15:51:23.313+0000: [ParNew: 16388K->4K(18432K), 0.0024222 secs] 497596K->481212K(743420K), 0.0024719 secs] [Times: user=0.00 sys=0.00, real=0.00 secs] 
2020-10-29T15:51:23.332+0000: [GC (Allocation Failure) 2020-10-29T15:51:23.332+0000: [ParNew: 16388K->4K(18432K), 0.0025875 secs] 497596K->481212K(743420K), 0.0026342 secs] [Times: user=0.00 sys=0.00, real=0.00 secs] 
2020-10-29T15:51:23.350+0000: [GC (Allocation Failure) 2020-10-29T15:51:23.351+0000: [ParNew: 16388K->4K(18432K), 0.0025714 secs] 497596K->481212K(743420K), 0.0026314 secs] [Times: user=0.01 sys=0.00, real=0.00 secs] 
2020-10-29T15:51:23.369+0000: [GC (Allocation Failure) 2020-10-29T15:51:23.369+0000: [ParNew: 16388K->4K(18432K), 0.0026569 secs] 497596K->481212K(743420K), 0.0027078 secs] [Times: user=0.01 sys=0.00, real=0.01 secs] 
2020-10-29T15:51:23.390+0000: [GC (Allocation Failure) 2020-10-29T15:51:23.390+0000: [ParNew: 16388K->4K(18432K), 0.0025808 secs] 497596K->481212K(743420K), 0.0026354 secs] [Times: user=0.01 sys=0.00, real=0.00 secs] 
2020-10-29T15:51:23.410+0000: [GC (Allocation Failure) 2020-10-29T15:51:23.410+0000: [ParNew: 16388K->4K(18432K), 0.0024895 secs] 497596K->481212K(743420K), 0.0025405 secs] [Times: user=0.00 sys=0.00, real=0.00 secs] 
2020-10-29T15:51:23.429+0000: [GC (Allocation Failure) 2020-10-29T15:51:23.429+0000: [ParNew: 16388K->4K(18432K), 0.0026692 secs] 497596K->481212K(743420K), 0.0027225 secs] [Times: user=0.01 sys=0.00, real=0.01 secs] 
2020-10-29T15:51:23.447+0000: [GC (Allocation Failure) 2020-10-29T15:51:23.447+0000: [ParNew: 16388K->4K(18432K), 0.0023169 secs] 497596K->481212K(743420K), 0.0023626 secs] [Times: user=0.01 sys=0.00, real=0.00 secs] 
2020-10-29T15:51:23.465+0000: [GC (Allocation Failure) 2020-10-29T15:51:23.465+0000: [ParNew: 16388K->4K(18432K), 0.0023528 secs] 497596K->481212K(743420K), 0.0024071 secs] [Times: user=0.00 sys=0.00, real=0.00 secs] 
2020-10-29T15:51:23.483+0000: [GC (Allocation Failure) 2020-10-29T15:51:23.483+0000: [ParNew: 16388K->4K(18432K), 0.0023896 secs] 497596K->481212K(743420K), 0.0024376 secs] [Times: user=0.01 sys=0.00, real=0.00 secs] 
2020-10-29T15:51:23.501+0000: [GC (Allocation Failure) 2020-10-29T15:51:23.501+0000: [ParNew: 16388K->4K(18432K), 0.0025316 secs] 497596K->481212K(743420K), 0.0025836 secs] [Times: user=0.00 sys=0.00, real=0.01 secs] 
2020-10-29T15:51:23.519+0000: [GC (Allocation Failure) 2020-10-29T15:51:23.519+0000: [ParNew: 16388K->4K(18432K), 0.0027838 secs] 497596K->481212K(743420K), 0.0028413 secs] [Times: user=0.01 sys=0.00, real=0.01 secs] 
2020-10-29T15:51:23.542+0000: [GC (Allocation Failure) 2020-10-29T15:51:23.542+0000: [ParNew: 16388K->4K(18432K), 0.0025312 secs] 497596K->481212K(743420K), 0.0025819 secs] [Times: user=0.00 sys=0.00, real=0.01 secs] 
2020-10-29T15:51:23.560+0000: [GC (Allocation Failure) 2020-10-29T15:51:23.560+0000: [ParNew: 16388K->4K(18432K), 0.0029973 secs] 497596K->481212K(743420K), 0.0030483 secs] [Times: user=0.01 sys=0.00, real=0.01 secs] 
2020-10-29T15:51:23.579+0000: [GC (Allocation Failure) 2020-10-29T15:51:23.579+0000: [ParNew: 16388K->4K(18432K), 0.0024789 secs] 497596K->481212K(743420K), 0.0025303 secs] [Times: user=0.00 sys=0.00, real=0.00 secs] 
2020-10-29T15:51:23.598+0000: [GC (Allocation Failure) 2020-10-29T15:51:23.598+0000: [ParNew: 16388K->4K(18432K), 0.0024424 secs] 497596K->481212K(743420K), 0.0024923 secs] [Times: user=0.01 sys=0.00, real=0.00 secs] 
2020-10-29T15:51:23.616+0000: [GC (Allocation Failure) 2020-10-29T15:51:23.616+0000: [ParNew: 16388K->4K(18432K), 0.0022615 secs] 497596K->481212K(743420K), 0.0023230 secs] [Times: user=0.00 sys=0.00, real=0.00 secs] 
2020-10-29T15:51:23.638+0000: [GC (Allocation Failure) 2020-10-29T15:51:23.638+0000: [ParNew: 16388K->4K(18432K), 0.0024036 secs] 497596K->481212K(743420K), 0.0024526 secs] [Times: user=0.00 sys=0.00, real=0.00 secs] 
2020-10-29T15:51:23.656+0000: [GC (Allocation Failure) 2020-10-29T15:51:23.656+0000: [ParNew: 16388K->4K(18432K), 0.0022561 secs] 497596K->481212K(743420K), 0.0023096 secs] [Times: user=0.01 sys=0.00, real=0.00 secs] 
2020-10-29T15:51:23.678+0000: [GC (Allocation Failure) 2020-10-29T15:51:23.678+0000: [ParNew: 16388K->4K(18432K), 0.0025054 secs] 497596K->481212K(743420K), 0.0025564 secs] [Times: user=0.00 sys=0.00, real=0.00 secs] 
2020-10-29T15:51:23.696+0000: [GC (Allocation Failure) 2020-10-29T15:51:23.696+0000: [ParNew: 16388K->4K(18432K), 0.0024729 secs] 497596K->481212K(743420K), 0.0025193 secs] [Times: user=0.01 sys=0.00, real=0.00 secs] 
2020-10-29T15:51:23.718+0000: [GC (Allocation Failure) 2020-10-29T15:51:23.718+0000: [ParNew: 16388K->4K(18432K), 0.0027413 secs] 497596K->481212K(743420K), 0.0027972 secs] [Times: user=0.00 sys=0.00, real=0.00 secs] 
2020-10-29T15:51:23.738+0000: [GC (Allocation Failure) 2020-10-29T15:51:23.738+0000: [ParNew: 16388K->4K(18432K), 0.0027353 secs] 497596K->481212K(743420K), 0.0027908 secs] [Times: user=0.00 sys=0.00, real=0.00 secs] 
2020-10-29T15:51:23.757+0000: [GC (Allocation Failure) 2020-10-29T15:51:23.757+0000: [ParNew: 16388K->4K(18432K), 0.0027341 secs] 497596K->481212K(743420K), 0.0027903 secs] [Times: user=0.01 sys=0.00, real=0.00 secs] 
2020-10-29T15:51:23.776+0000: [GC (Allocation Failure) 2020-10-29T15:51:23.776+0000: [ParNew: 16388K->4K(18432K), 0.0027519 secs] 497596K->481212K(743420K), 0.0028078 secs] [Times: user=0.00 sys=0.00, real=0.00 secs] 
2020-10-29T15:51:23.798+0000: [GC (Allocation Failure) 2020-10-29T15:51:23.798+0000: [ParNew: 16388K->4K(18432K), 0.0027605 secs] 497596K->481212K(743420K), 0.0028183 secs] [Times: user=0.01 sys=0.00, real=0.00 secs] 
2020-10-29T15:51:23.817+0000: [GC (Allocation Failure) 2020-10-29T15:51:23.817+0000: [ParNew: 16388K->4K(18432K), 0.0027620 secs] 497596K->481212K(743420K), 0.0028172 secs] [Times: user=0.01 sys=0.00, real=0.00 secs] 
2020-10-29T15:51:23.838+0000: [GC (Allocation Failure) 2020-10-29T15:51:23.838+0000: [ParNew: 16388K->4K(18432K), 0.0027350 secs] 497596K->481212K(743420K), 0.0027911 secs] [Times: user=0.01 sys=0.00, real=0.00 secs] 
2020-10-29T15:51:23.857+0000: [GC (Allocation Failure) 2020-10-29T15:51:23.857+0000: [ParNew: 16388K->4K(18432K), 0.0026024 secs] 497596K->481212K(743420K), 0.0026540 secs] [Times: user=0.01 sys=0.00, real=0.00 secs] 
2020-10-29T15:51:23.875+0000: [GC (Allocation Failure) 2020-10-29T15:51:23.875+0000: [ParNew: 16388K->4K(18432K), 0.0025095 secs] 497596K->481212K(743420K), 0.0025598 secs] [Times: user=0.00 sys=0.00, real=0.00 secs] 
2020-10-29T15:51:23.898+0000: [GC (Allocation Failure) 2020-10-29T15:51:23.898+0000: [ParNew: 16388K->4K(18432K), 0.0024831 secs] 497596K->481212K(743420K), 0.0025317 secs] [Times: user=0.00 sys=0.00, real=0.00 secs] 
2020-10-29T15:51:23.917+0000: [GC (Allocation Failure) 2020-10-29T15:51:23.917+0000: [ParNew: 16388K->4K(18432K), 0.0024199 secs] 497596K->481212K(743420K), 0.0024694 secs] [Times: user=0.00 sys=0.00, real=0.00 secs] 
2020-10-29T15:51:23.938+0000: [GC (Allocation Failure) 2020-10-29T15:51:23.938+0000: [ParNew: 16388K->4K(18432K), 0.0024544 secs] 497596K->481212K(743420K), 0.0025045 secs] [Times: user=0.01 sys=0.00, real=0.00 secs] 
2020-10-29T15:51:23.957+0000: [GC (Allocation Failure) 2020-10-29T15:51:23.957+0000: [ParNew: 16388K->4K(18432K), 0.0024372 secs] 497596K->481212K(743420K), 0.0024860 secs] [Times: user=0.01 sys=0.00, real=0.00 secs] 
2020-10-29T15:51:23.975+0000: [GC (Allocation Failure) 2020-10-29T15:51:23.975+0000: [ParNew: 16388K->4K(18432K), 0.0024742 secs] 497596K->481212K(743420K), 0.0025318 secs] [Times: user=0.01 sys=0.00, real=0.00 secs] 
2020-10-29T15:51:23.994+0000: [GC (Allocation Failure) 2020-10-29T15:51:23.994+0000: [ParNew: 16388K->4K(18432K), 0.0025822 secs] 497596K->481212K(743420K), 0.0026350 secs] [Times: user=0.00 sys=0.00, real=0.00 secs] 
2020-10-29T15:51:24.014+0000: [GC (Allocation Failure) 2020-10-29T15:51:24.014+0000: [ParNew: 16388K->4K(18432K), 0.0024251 secs] 497596K->481212K(743420K), 0.0024735 secs] [Times: user=0.00 sys=0.00, real=0.00 secs] 
2020-10-29T15:51:24.033+0000: [GC (Allocation Failure) 2020-10-29T15:51:24.033+0000: [ParNew: 16388K->4K(18432K), 0.0024300 secs] 497596K->481212K(743420K), 0.0024787 secs] [Times: user=0.01 sys=0.00, real=0.00 secs] 
2020-10-29T15:51:24.054+0000: [GC (Allocation Failure) 2020-10-29T15:51:24.054+0000: [ParNew: 16388K->4K(18432K), 0.0023720 secs] 497596K->481212K(743420K), 0.0024202 secs] [Times: user=0.01 sys=0.00, real=0.00 secs] 
2020-10-29T15:51:24.073+0000: [GC (Allocation Failure) 2020-10-29T15:51:24.073+0000: [ParNew: 16388K->4K(18432K), 0.0023910 secs] 497596K->481212K(743420K), 0.0024401 secs] [Times: user=0.01 sys=0.00, real=0.00 secs] 
2020-10-29T15:51:24.091+0000: [GC (Allocation Failure) 2020-10-29T15:51:24.091+0000: [ParNew: 16388K->4K(18432K), 0.0025720 secs] 497596K->481212K(743420K), 0.0026246 secs] [Times: user=0.00 sys=0.00, real=0.00 secs] 
2020-10-29T15:51:24.110+0000: [GC (Allocation Failure) 2020-10-29T15:51:24.110+0000: [ParNew: 16388K->4K(18432K), 0.0025411 secs] 497596K->481212K(743420K), 0.0025927 secs] [Times: user=0.00 sys=0.00, real=0.00 secs] 
2020-10-29T15:51:24.130+0000: [GC (Allocation Failure) 2020-10-29T15:51:24.130+0000: [ParNew: 16388K->4K(18432K), 0.0025019 secs] 497596K->481212K(743420K), 0.0025523 secs] [Times: user=0.00 sys=0.00, real=0.00 secs] 
2020-10-29T15:51:24.149+0000: [GC (Allocation Failure) 2020-10-29T15:51:24.149+0000: [ParNew: 16388K->4K(18432K), 0.0025368 secs] 497596K->481212K(743420K), 0.0025867 secs] [Times: user=0.01 sys=0.00, real=0.01 secs] 
2020-10-29T15:51:24.167+0000: [GC (Allocation Failure) 2020-10-29T15:51:24.167+0000: [ParNew: 16388K->4K(18432K), 0.0024761 secs] 497596K->481212K(743420K), 0.0025271 secs] [Times: user=0.01 sys=0.00, real=0.00 secs] 
2020-10-29T15:51:24.186+0000: [GC (Allocation Failure) 2020-10-29T15:51:24.186+0000: [ParNew: 16388K->4K(18432K), 0.0023393 secs] 497596K->481212K(743420K), 0.0023852 secs] [Times: user=0.00 sys=0.00, real=0.00 secs] 
2020-10-29T15:51:24.205+0000: [GC (Allocation Failure) 2020-10-29T15:51:24.205+0000: [ParNew: 16388K->4K(18432K), 0.0024740 secs] 497596K->481212K(743420K), 0.0025238 secs] [Times: user=0.01 sys=0.00, real=0.00 secs] 
2020-10-29T15:51:24.226+0000: [GC (Allocation Failure) 2020-10-29T15:51:24.226+0000: [ParNew: 16388K->4K(18432K), 0.0025642 secs] 497596K->481212K(743420K), 0.0026173 secs] [Times: user=0.01 sys=0.00, real=0.00 secs] 
2020-10-29T15:51:24.244+0000: [GC (Allocation Failure) 2020-10-29T15:51:24.244+0000: [ParNew: 16293K->4K(18432K), 0.0024209 secs] 497501K->481212K(743420K), 0.0024714 secs] [Times: user=0.01 sys=0.00, real=0.00 secs] 
2020-10-29T15:51:24.256+0000: [GC (Allocation Failure) 2020-10-29T15:51:24.256+0000: [ParNew: 16388K->4K(18432K), 0.0079524 secs] 497596K->489404K(743420K), 0.0080017 secs] [Times: user=0.01 sys=0.00, real=0.01 secs] 
2020-10-29T15:51:24.264+0000: [CMS-concurrent-abortable-preclean: 0.306/3.872 secs] [Times: user=6.90 sys=0.32, real=3.87 secs] 
2020-10-29T15:51:24.266+0000: [GC (CMS Final Remark) [YG occupancy: 329 K (18432 K)]2020-10-29T15:51:24.266+0000: [Rescan (parallel) , 0.0018125 secs]2020-10-29T15:51:24.268+0000: [weak refs processing, 0.0000503 secs]2020-10-29T15:51:24.268+0000: [class unloading, 0.0116179 secs]2020-10-29T15:51:24.280+0000: [scrub symbol table, 0.0094339 secs]2020-10-29T15:51:24.289+0000: [scrub string table, 0.0005979 secs][1 CMS-remark: 489400K(724988K)] 489730K(743420K), 0.0236242 secs] [Times: user=0.03 sys=0.00, real=0.02 secs] 
2020-10-29T15:51:24.294+0000: [CMS-concurrent-sweep-start]
2020-10-29T15:51:24.307+0000: [GC (Allocation Failure) 2020-10-29T15:51:24.307+0000: [ParNew: 16388K->4K(18432K), 0.0027342 secs] 505744K->489360K(743420K), 0.0027852 secs] [Times: user=0.00 sys=0.00, real=0.00 secs] 
2020-10-29T15:51:24.318+0000: [CMS-concurrent-sweep: 0.021/0.024 secs] [Times: user=0.06 sys=0.01, real=0.03 secs] 
2020-10-29T15:51:24.326+0000: [CMS-concurrent-reset-start]
2020-10-29T15:51:24.328+0000: [CMS-concurrent-reset: 0.002/0.002 secs] [Times: user=0.01 sys=0.00, real=0.00 secs] 
2020-10-29T15:51:24.330+0000: [GC (Allocation Failure) 2020-10-29T15:51:24.330+0000: [ParNew: 16388K->4K(18432K), 0.0029224 secs] 492871K->476487K(812572K), 0.0029743 secs] [Times: user=0.01 sys=0.00, real=0.01 secs] 
2020-10-29T15:51:24.347+0000: [GC (Allocation Failure) 2020-10-29T15:51:24.347+0000: [ParNew: 16388K->4K(18432K), 0.0028013 secs] 492871K->476487K(812572K), 0.0028482 secs] [Times: user=0.00 sys=0.00, real=0.01 secs] 
2020-10-29T15:51:24.366+0000: [GC (Allocation Failure) 2020-10-29T15:51:24.366+0000: [ParNew: 16388K->4K(18432K), 0.0029078 secs] 492871K->476487K(812572K), 0.0029620 secs] [Times: user=0.00 sys=0.00, real=0.00 secs] 
2020-10-29T15:51:24.384+0000: [GC (Allocation Failure) 2020-10-29T15:51:24.384+0000: [ParNew: 16388K->4K(18432K), 0.0028805 secs] 492871K->476487K(812572K), 0.0029330 secs] [Times: user=0.01 sys=0.00, real=0.00 secs] 
2020-10-29T15:51:24.406+0000: [GC (Allocation Failure) 2020-10-29T15:51:24.406+0000: [ParNew: 16388K->4K(18432K), 0.0027673 secs] 492871K->476487K(812572K), 0.0028161 secs] [Times: user=0.01 sys=0.00, real=0.00 secs] 
2020-10-29T15:51:24.423+0000: [GC (Allocation Failure) 2020-10-29T15:51:24.424+0000: [ParNew: 16388K->4K(18432K), 0.0027872 secs] 492871K->476487K(812572K), 0.0028392 secs] [Times: user=0.00 sys=0.00, real=0.00 secs] 
2020-10-29T15:51:24.442+0000: [GC (Allocation Failure) 2020-10-29T15:51:24.442+0000: [ParNew: 16388K->4K(18432K), 0.0028735 secs] 492871K->476487K(812572K), 0.0029272 secs] [Times: user=0.00 sys=0.00, real=0.01 secs] 
2020-10-29T15:51:24.459+0000: [GC (Allocation Failure) 2020-10-29T15:51:24.459+0000: [ParNew: 16388K->4K(18432K), 0.0026409 secs] 492871K->476487K(812572K), 0.0026883 secs] [Times: user=0.00 sys=0.00, real=0.00 secs] 
2020-10-29T15:51:24.477+0000: [GC (Allocation Failure) 2020-10-29T15:51:24.477+0000: [ParNew: 16388K->4K(18432K), 0.0025175 secs] 492871K->476487K(812572K), 0.0025617 secs] [Times: user=0.01 sys=0.00, real=0.00 secs] 
2020-10-29T15:51:24.494+0000: [GC (Allocation Failure) 2020-10-29T15:51:24.494+0000: [ParNew: 16388K->4K(18432K), 0.0026347 secs] 492871K->476487K(812572K), 0.0026813 secs] [Times: user=0.00 sys=0.00, real=0.00 secs] 
2020-10-29T15:51:24.514+0000: [GC (Allocation Failure) 2020-10-29T15:51:24.514+0000: [ParNew: 16388K->4K(18432K), 0.0027531 secs] 492871K->476487K(812572K), 0.0028028 secs] [Times: user=0.00 sys=0.00, real=0.00 secs] 
2020-10-29T15:51:24.534+0000: [GC (Allocation Failure) 2020-10-29T15:51:24.534+0000: [ParNew: 16388K->4K(18432K), 0.0028411 secs] 492871K->476487K(812572K), 0.0028939 secs] [Times: user=0.01 sys=0.00, real=0.00 secs] 
2020-10-29T15:51:24.552+0000: [GC (Allocation Failure) 2020-10-29T15:51:24.552+0000: [ParNew: 16388K->4K(18432K), 0.0026274 secs] 492871K->476487K(812572K), 0.0026742 secs] [Times: user=0.00 sys=0.00, real=0.00 secs] 
2020-10-29T15:51:24.570+0000: [GC (Allocation Failure) 2020-10-29T15:51:24.570+0000: [ParNew: 16388K->4K(18432K), 0.0026299 secs] 492871K->476487K(812572K), 0.0026762 secs] [Times: user=0.01 sys=0.00, real=0.00 secs] 
2020-10-29T15:51:24.588+0000: [GC (Allocation Failure) 2020-10-29T15:51:24.588+0000: [ParNew: 16388K->4K(18432K), 0.0027310 secs] 492871K->476487K(812572K), 0.0027816 secs] [Times: user=0.01 sys=0.00, real=0.01 secs] 
2020-10-29T15:51:24.605+0000: [GC (Allocation Failure) 2020-10-29T15:51:24.605+0000: [ParNew: 16388K->4K(18432K), 0.0028349 secs] 492871K->476487K(812572K), 0.0028865 secs] [Times: user=0.00 sys=0.00, real=0.00 secs] 
2020-10-29T15:51:24.619+0000: [GC (Allocation Failure) 2020-10-29T15:51:24.619+0000: [ParNew: 11451K->4K(18432K), 0.0026674 secs] 487934K->476487K(812572K), 0.0027150 secs] [Times: user=0.00 sys=0.00, real=0.00 secs] 
2020-10-29T15:51:24.630+0000: [GC (Allocation Failure) 2020-10-29T15:51:24.630+0000: [ParNew: 16388K->4K(18432K), 0.0077251 secs] 492871K->484679K(812572K), 0.0077754 secs] [Times: user=0.01 sys=0.00, real=0.00 secs] 
2020-10-29T15:51:24.639+0000: [GC (CMS Initial Mark) [1 CMS-initial-mark: 484675K(794140K)] 485004K(812572K), 0.0013754 secs] [Times: user=0.00 sys=0.00, real=0.00 secs] 
2020-10-29T15:51:24.641+0000: [CMS-concurrent-mark-start]
2020-10-29T15:51:24.661+0000: [GC (Allocation Failure) 2020-10-29T15:51:24.661+0000: [ParNew: 16388K->4K(18432K), 0.0028991 secs] 501063K->484679K(812572K), 0.0029548 secs] [Times: user=0.00 sys=0.00, real=0.01 secs] 
2020-10-29T15:51:24.682+0000: [GC (Allocation Failure) 2020-10-29T15:51:24.682+0000: [ParNew: 16388K->4K(18432K), 0.0028820 secs] 501063K->484679K(812572K), 0.0029337 secs] [Times: user=0.00 sys=0.00, real=0.00 secs] 
2020-10-29T15:51:24.734+0000: [GC (Allocation Failure) 2020-10-29T15:51:24.734+0000: [ParNew: 16388K->4K(18432K), 0.0029317 secs] 501063K->484679K(812572K), 0.0029877 secs] [Times: user=0.00 sys=0.00, real=0.00 secs] 
2020-10-29T15:51:24.750+0000: [CMS-concurrent-mark: 0.095/0.109 secs] [Times: user=0.20 sys=0.01, real=0.11 secs] 
2020-10-29T15:51:24.750+0000: [CMS-concurrent-preclean-start]
2020-10-29T15:51:24.760+0000: [CMS-concurrent-preclean: 0.010/0.010 secs] [Times: user=0.01 sys=0.01, real=0.01 secs] 
2020-10-29T15:51:24.760+0000: [CMS-concurrent-abortable-preclean-start]
2020-10-29T15:51:24.766+0000: [GC (Allocation Failure) 2020-10-29T15:51:24.766+0000: [ParNew: 16388K->4K(18432K), 0.0024151 secs] 501063K->484679K(812572K), 0.0024559 secs] [Times: user=0.01 sys=0.00, real=0.00 secs] 
2020-10-29T15:51:24.802+0000: [GC (Allocation Failure) 2020-10-29T15:51:24.802+0000: [ParNew: 16388K->4K(18432K), 0.0025795 secs] 501063K->484679K(812572K), 0.0026302 secs] [Times: user=0.00 sys=0.00, real=0.01 secs] 
2020-10-29T15:51:24.833+0000: [GC (Allocation Failure) 2020-10-29T15:51:24.833+0000: [ParNew: 16388K->4K(18432K), 0.0026366 secs] 501063K->484679K(812572K), 0.0026874 secs] [Times: user=0.01 sys=0.00, real=0.00 secs] 
2020-10-29T15:51:24.866+0000: [GC (Allocation Failure) 2020-10-29T15:51:24.866+0000: [ParNew: 16388K->4K(18432K), 0.0028251 secs] 501063K->484679K(812572K), 0.0028810 secs] [Times: user=0.01 sys=0.00, real=0.00 secs] 
2020-10-29T15:51:24.902+0000: [GC (Allocation Failure) 2020-10-29T15:51:24.902+0000: [ParNew: 16388K->4K(18432K), 0.0026035 secs] 501063K->484679K(812572K), 0.0026535 secs] [Times: user=0.01 sys=0.00, real=0.01 secs] 
2020-10-29T15:51:24.934+0000: [GC (Allocation Failure) 2020-10-29T15:51:24.934+0000: [ParNew: 16388K->4K(18432K), 0.0025775 secs] 501063K->484680K(812572K), 0.0026338 secs] [Times: user=0.01 sys=0.00, real=0.00 secs] 
2020-10-29T15:51:24.966+0000: [GC (Allocation Failure) 2020-10-29T15:51:24.966+0000: [ParNew: 16388K->4K(18432K), 0.0028520 secs] 501064K->484680K(812572K), 0.0029077 secs] [Times: user=0.01 sys=0.00, real=0.00 secs] 
2020-10-29T15:51:25.276+0000: [CMS-concurrent-abortable-preclean: 0.016/0.516 secs] [Times: user=1.01 sys=0.00, real=0.52 secs] 
2020-10-29T15:51:25.278+0000: [GC (CMS Final Remark) [YG occupancy: 10683 K (18432 K)]2020-10-29T15:51:25.278+0000: [Rescan (parallel) , 0.0082493 secs]2020-10-29T15:51:25.287+0000: [weak refs processing, 0.0000495 secs]2020-10-29T15:51:25.287+0000: [class unloading, 0.0088208 secs]2020-10-29T15:51:25.295+0000: [scrub symbol table, 0.0093943 secs]2020-10-29T15:51:25.305+0000: [scrub string table, 0.0005916 secs][1 CMS-remark: 484676K(794140K)] 495359K(812572K), 0.0272210 secs] [Times: user=0.03 sys=0.00, real=0.03 secs] 
2020-10-29T15:51:25.306+0000: [CMS-concurrent-sweep-start]
2020-10-29T15:51:25.318+0000: [CMS-concurrent-sweep: 0.013/0.013 secs] [Times: user=0.03 sys=0.00, real=0.01 secs] 
2020-10-29T15:51:25.319+0000: [CMS-concurrent-reset-start]
2020-10-29T15:51:25.320+0000: [CMS-concurrent-reset: 0.002/0.002 secs] [Times: user=0.00 sys=0.00, real=0.00 secs] 
2020-10-29T15:51:25.429+0000: [GC (Allocation Failure) 2020-10-29T15:51:25.429+0000: [ParNew: 16388K->4K(18432K), 0.0029527 secs] 468089K->451705K(812572K), 0.0030118 secs] [Times: user=0.00 sys=0.00, real=0.01 secs] 
2020-10-29T15:51:25.554+0000: [GC (Allocation Failure) 2020-10-29T15:51:25.554+0000: [ParNew: 16388K->4K(18432K), 0.0029551 secs] 468089K->451705K(812572K), 0.0030390 secs] [Times: user=0.00 sys=0.00, real=0.00 secs] 
2020-10-29T15:51:25.634+0000: [GC (Allocation Failure) 2020-10-29T15:51:25.634+0000: [ParNew: 16388K->4K(18432K), 0.0029292 secs] 468089K->451705K(812572K), 0.0029876 secs] [Times: user=0.00 sys=0.00, real=0.00 secs] 
2020-10-29T15:51:25.705+0000: [GC (Allocation Failure) 2020-10-29T15:51:25.705+0000: [ParNew: 16388K->4K(18432K), 0.0033009 secs] 468089K->451705K(812572K), 0.0033570 secs] [Times: user=0.00 sys=0.00, real=0.00 secs] 
2020-10-29T15:51:25.798+0000: [GC (Allocation Failure) 2020-10-29T15:51:25.798+0000: [ParNew: 16388K->4K(18432K), 0.0058641 secs] 468089K->451705K(812572K), 0.0059494 secs] [Times: user=0.01 sys=0.00, real=0.01 secs] 
2020-10-29T15:51:26.821+0000: [GC (Allocation Failure) 2020-10-29T15:51:26.821+0000: [ParNew: 16388K->372K(18432K), 0.0033633 secs] 468089K->452073K(812572K), 0.0034137 secs] [Times: user=0.01 sys=0.00, real=0.01 secs] 
2020-10-29T15:51:26.951+0000: [GC (Allocation Failure) 2020-10-29T15:51:26.951+0000: [ParNew: 16756K->2048K(18432K), 0.0057987 secs] 468457K->453826K(812572K), 0.0058557 secs] [Times: user=0.01 sys=0.00, real=0.00 secs] 
2020-10-29T15:51:26.990+0000: [GC (Allocation Failure) 2020-10-29T15:51:26.990+0000: [ParNew: 18432K->719K(18432K), 0.0073582 secs] 470210K->454355K(812572K), 0.0074243 secs] [Times: user=0.01 sys=0.00, real=0.00 secs] 
2020-10-29T15:51:27.022+0000: [GC (Allocation Failure) 2020-10-29T15:51:27.022+0000: [ParNew: 16741K->759K(18432K), 0.0030062 secs] 470377K->454395K(812572K), 0.0030618 secs] [Times: user=0.01 sys=0.00, real=0.01 secs] 
2020-10-29T15:51:27.045+0000: [GC (Allocation Failure) 2020-10-29T15:51:27.045+0000: [ParNew: 17143K->1088K(18432K), 0.0031209 secs] 470779K->454724K(812572K), 0.0031764 secs] [Times: user=0.00 sys=0.00, real=0.00 secs] 
2020-10-29T15:51:27.066+0000: [GC (Allocation Failure) 2020-10-29T15:51:27.066+0000: [ParNew: 17472K->155K(18432K), 0.0031358 secs] 471108K->454331K(812572K), 0.0031912 secs] [Times: user=0.01 sys=0.00, real=0.00 secs] 
2020-10-29T15:51:27.086+0000: [GC (Allocation Failure) 2020-10-29T15:51:27.086+0000: [ParNew: 16539K->135K(18432K), 0.0028581 secs] 470715K->454311K(812572K), 0.0029098 secs] [Times: user=0.01 sys=0.00, real=0.00 secs] 
2020-10-29T15:51:27.106+0000: [GC (Allocation Failure) 2020-10-29T15:51:27.106+0000: [ParNew: 16519K->1284K(18432K), 0.0032074 secs] 470695K->456484K(812572K), 0.0032588 secs] [Times: user=0.01 sys=0.00, real=0.00 secs] 
2020-10-29T15:51:27.127+0000: [GC (Allocation Failure) 2020-10-29T15:51:27.127+0000: [ParNew: 17668K->4K(18432K), 0.0029085 secs] 472868K->455460K(812572K), 0.0029608 secs] [Times: user=0.01 sys=0.00, real=0.00 secs] 
2020-10-29T15:51:27.150+0000: [GC (Allocation Failure) 2020-10-29T15:51:27.150+0000: [ParNew: 16388K->516K(18432K), 0.0029089 secs] 471844K->455972K(812572K), 0.0029592 secs] [Times: user=0.01 sys=0.00, real=0.00 secs] 
2020-10-29T15:51:27.174+0000: [GC (Allocation Failure) 2020-10-29T15:51:27.174+0000: [ParNew: 16900K->516K(18432K), 0.0029110 secs] 472356K->455972K(812572K), 0.0029644 secs] [Times: user=0.01 sys=0.00, real=0.00 secs] 
2020-10-29T15:51:27.211+0000: [GC (Allocation Failure) 2020-10-29T15:51:27.211+0000: [ParNew: 16900K->516K(18432K), 0.0059677 secs] 472356K->455972K(812572K), 0.0060264 secs] [Times: user=0.01 sys=0.00, real=0.00 secs] 
2020-10-29T15:51:27.250+0000: [GC (Allocation Failure) 2020-10-29T15:51:27.250+0000: [ParNew: 16900K->516K(18432K), 0.0061243 secs] 472356K->455972K(812572K), 0.0061963 secs] [Times: user=0.01 sys=0.00, real=0.00 secs] 
2020-10-29T15:51:27.291+0000: [GC (Allocation Failure) 2020-10-29T15:51:27.291+0000: [ParNew: 16900K->514K(18432K), 0.0064751 secs] 472356K->455970K(812572K), 0.0065331 secs] [Times: user=0.01 sys=0.00, real=0.00 secs] 
2020-10-29T15:51:27.329+0000: [GC (Allocation Failure) 2020-10-29T15:51:27.329+0000: [ParNew: 16898K->1028K(18432K), 0.0036950 secs] 472354K->456484K(812572K), 0.0037516 secs] [Times: user=0.00 sys=0.00, real=0.01 secs] 
2020-10-29T15:51:27.363+0000: [GC (Allocation Failure) 2020-10-29T15:51:27.363+0000: [ParNew: 17412K->4K(18432K), 0.0031144 secs] 472868K->456484K(812572K), 0.0031889 secs] [Times: user=0.01 sys=0.00, real=0.00 secs] 
2020-10-29T15:51:27.386+0000: [GC (Allocation Failure) 2020-10-29T15:51:27.386+0000: [ParNew: 16388K->4K(18432K), 0.0032728 secs] 472868K->458532K(812572K), 0.0033468 secs] [Times: user=0.00 sys=0.00, real=0.00 secs] 
2020-10-29T15:51:27.423+0000: [GC (Allocation Failure) 2020-10-29T15:51:27.423+0000: [ParNew: 16388K->4K(18432K), 0.0028946 secs] 474916K->458532K(812572K), 0.0029638 secs] [Times: user=0.01 sys=0.00, real=0.00 secs] 
2020-10-29T15:51:27.460+0000: [GC (Allocation Failure) 2020-10-29T15:51:27.460+0000: [ParNew: 16388K->4K(18432K), 0.0030207 secs] 474916K->458532K(812572K), 0.0030948 secs] [Times: user=0.01 sys=0.00, real=0.01 secs] 
2020-10-29T15:51:27.502+0000: [GC (Allocation Failure) 2020-10-29T15:51:27.502+0000: [ParNew: 16388K->4K(18432K), 0.0061069 secs] 474916K->458532K(812572K), 0.0061836 secs] [Times: user=0.01 sys=0.00, real=0.00 secs] 
2020-10-29T15:51:27.530+0000: [GC (Allocation Failure) 2020-10-29T15:51:27.530+0000: [ParNew: 16388K->4K(18432K), 0.0060032 secs] 474916K->458532K(812572K), 0.0060738 secs] [Times: user=0.01 sys=0.00, real=0.00 secs] 
2020-10-29T15:51:27.558+0000: [GC (Allocation Failure) 2020-10-29T15:51:27.558+0000: [ParNew: 16388K->4K(18432K), 0.0034821 secs] 474916K->458532K(812572K), 0.0035433 secs] [Times: user=0.01 sys=0.00, real=0.00 secs] 
2020-10-29T15:51:27.585+0000: [GC (Allocation Failure) 2020-10-29T15:51:27.585+0000: [ParNew: 16388K->4K(18432K), 0.0029387 secs] 474916K->458533K(812572K), 0.0029950 secs] [Times: user=0.01 sys=0.00, real=0.00 secs] 
2020-10-29T15:51:27.611+0000: [GC (Allocation Failure) 2020-10-29T15:51:27.611+0000: [ParNew: 16388K->4K(18432K), 0.0029700 secs] 474917K->458533K(812572K), 0.0030310 secs] [Times: user=0.00 sys=0.00, real=0.00 secs] 
2020-10-29T15:51:27.634+0000: [GC (Allocation Failure) 2020-10-29T15:51:27.634+0000: [ParNew: 16388K->4K(18432K), 0.0031766 secs] 474917K->460581K(812572K), 0.0032280 secs] [Times: user=0.01 sys=0.00, real=0.00 secs] 
2020-10-29T15:51:27.669+0000: [GC (Allocation Failure) 2020-10-29T15:51:27.669+0000: [ParNew: 16388K->4K(18432K), 0.0029658 secs] 476965K->460581K(812572K), 0.0030409 secs] [Times: user=0.00 sys=0.00, real=0.01 secs] 
2020-10-29T15:51:27.708+0000: [GC (Allocation Failure) 2020-10-29T15:51:27.708+0000: [ParNew: 16388K->4K(18432K), 0.0102531 secs] 476965K->460581K(812572K), 0.0103264 secs] [Times: user=0.02 sys=0.00, real=0.01 secs] 
2020-10-29T15:51:27.753+0000: [GC (Allocation Failure) 2020-10-29T15:51:27.753+0000: [ParNew: 16388K->4K(18432K), 0.0029123 secs] 476965K->460581K(812572K), 0.0029676 secs] [Times: user=0.01 sys=0.00, real=0.00 secs] 
2020-10-29T15:51:27.782+0000: [GC (Allocation Failure) 2020-10-29T15:51:27.782+0000: [ParNew: 16388K->4K(18432K), 0.0065847 secs] 476965K->460581K(812572K), 0.0066638 secs] [Times: user=0.01 sys=0.00, real=0.01 secs] 
2020-10-29T15:51:27.810+0000: [GC (Allocation Failure) 2020-10-29T15:51:27.810+0000: [ParNew: 16388K->4K(18432K), 0.0060567 secs] 476965K->460581K(812572K), 0.0061280 secs] [Times: user=0.01 sys=0.00, real=0.00 secs] 
2020-10-29T15:51:27.838+0000: [GC (Allocation Failure) 2020-10-29T15:51:27.838+0000: [ParNew: 16388K->4K(18432K), 0.0059947 secs] 476965K->460581K(812572K), 0.0060651 secs] [Times: user=0.01 sys=0.00, real=0.01 secs] 
2020-10-29T15:51:27.866+0000: [GC (Allocation Failure) 2020-10-29T15:51:27.866+0000: [ParNew: 16388K->2K(18432K), 0.0060884 secs] 476965K->460579K(812572K), 0.0061617 secs] [Times: user=0.01 sys=0.00, real=0.01 secs] 
2020-10-29T15:51:27.909+0000: [GC (Allocation Failure) 2020-10-29T15:51:27.909+0000: [ParNew: 16386K->4K(18432K), 0.0082390 secs] 476963K->460581K(812572K), 0.0083204 secs] [Times: user=0.01 sys=0.00, real=0.01 secs] 
2020-10-29T15:51:27.946+0000: [GC (Allocation Failure) 2020-10-29T15:51:27.946+0000: [ParNew: 16388K->2K(18432K), 0.0060484 secs] 476965K->460579K(812572K), 0.0061238 secs] [Times: user=0.01 sys=0.00, real=0.01 secs] 
2020-10-29T15:51:27.981+0000: [GC (Allocation Failure) 2020-10-29T15:51:27.981+0000: [ParNew: 16386K->4K(18432K), 0.0030300 secs] 476963K->460581K(812572K), 0.0030877 secs] [Times: user=0.01 sys=0.00, real=0.01 secs] 
2020-10-29T15:51:28.007+0000: [GC (Allocation Failure) 2020-10-29T15:51:28.007+0000: [ParNew: 16388K->4K(18432K), 0.0029417 secs] 476965K->460581K(812572K), 0.0030064 secs] [Times: user=0.00 sys=0.00, real=0.00 secs] 
2020-10-29T15:51:28.025+0000: [GC (Allocation Failure) 2020-10-29T15:51:28.025+0000: [ParNew: 16388K->4K(18432K), 0.0027662 secs] 476965K->460581K(812572K), 0.0028153 secs] [Times: user=0.01 sys=0.00, real=0.00 secs] 
2020-10-29T15:51:28.043+0000: [GC (Allocation Failure) 2020-10-29T15:51:28.043+0000: [ParNew: 16388K->4K(18432K), 0.0027386 secs] 476965K->460581K(812572K), 0.0027880 secs] [Times: user=0.00 sys=0.00, real=0.00 secs] 
2020-10-29T15:51:28.061+0000: [GC (Allocation Failure) 2020-10-29T15:51:28.061+0000: [ParNew: 16388K->4K(18432K), 0.0027980 secs] 476965K->460581K(812572K), 0.0028477 secs] [Times: user=0.01 sys=0.00, real=0.01 secs] 
2020-10-29T15:51:28.078+0000: [GC (Allocation Failure) 2020-10-29T15:51:28.078+0000: [ParNew: 16388K->4K(18432K), 0.0027531 secs] 476965K->460581K(812572K), 0.0028033 secs] [Times: user=0.00 sys=0.00, real=0.00 secs] 
2020-10-29T15:51:28.100+0000: [GC (Allocation Failure) 2020-10-29T15:51:28.100+0000: [ParNew: 16388K->4K(18432K), 0.0028290 secs] 476965K->460581K(812572K), 0.0028802 secs] [Times: user=0.01 sys=0.00, real=0.01 secs] 
2020-10-29T15:51:28.118+0000: [GC (Allocation Failure) 2020-10-29T15:51:28.118+0000: [ParNew: 12614K->4K(18432K), 0.0027705 secs] 473191K->460581K(812572K), 0.0028194 secs] [Times: user=0.00 sys=0.00, real=0.00 secs] 
2020-10-29T15:51:28.130+0000: [GC (Allocation Failure) 2020-10-29T15:51:28.130+0000: [ParNew: 16388K->4K(18432K), 0.0042784 secs] 476965K->468773K(812572K), 0.0043509 secs] [Times: user=0.01 sys=0.01, real=0.01 secs] 
2020-10-29T15:51:28.134+0000: [GC (CMS Initial Mark) [1 CMS-initial-mark: 468769K(794140K)] 468928K(812572K), 0.0014738 secs] [Times: user=0.00 sys=0.00, real=0.00 secs] 
2020-10-29T15:51:28.136+0000: [CMS-concurrent-mark-start]
2020-10-29T15:51:28.157+0000: [GC (Allocation Failure) 2020-10-29T15:51:28.157+0000: [ParNew: 16388K->4K(18432K), 0.0028680 secs] 485157K->468773K(812572K), 0.0029207 secs] [Times: user=0.01 sys=0.00, real=0.00 secs] 
2020-10-29T15:51:28.181+0000: [GC (Allocation Failure) 2020-10-29T15:51:28.181+0000: [ParNew: 16388K->4K(18432K), 0.0028648 secs] 485157K->468773K(812572K), 0.0029177 secs] [Times: user=0.00 sys=0.00, real=0.01 secs] 
2020-10-29T15:51:28.206+0000: [GC (Allocation Failure) 2020-10-29T15:51:28.206+0000: [ParNew: 16388K->4K(18432K), 0.0028933 secs] 485157K->468773K(812572K), 0.0029510 secs] [Times: user=0.00 sys=0.00, real=0.00 secs] 
2020-10-29T15:51:28.226+0000: [GC (Allocation Failure) 2020-10-29T15:51:28.226+0000: [ParNew: 16388K->4K(18432K), 0.0029239 secs] 485157K->468773K(812572K), 0.0029914 secs] [Times: user=0.01 sys=0.00, real=0.00 secs] 
2020-10-29T15:51:28.247+0000: [CMS-concurrent-mark: 0.089/0.111 secs] [Times: user=0.21 sys=0.00, real=0.11 secs] 
2020-10-29T15:51:28.247+0000: [CMS-concurrent-preclean-start]
2020-10-29T15:51:28.250+0000: [CMS-concurrent-preclean: 0.003/0.003 secs] [Times: user=0.00 sys=0.00, real=0.00 secs] 
2020-10-29T15:51:28.250+0000: [GC (Allocation Failure) 2020-10-29T15:51:28.250+0000: [ParNew: 16388K->4K(18432K), 0.0025538 secs] 485157K->468773K(812572K), 0.0026006 secs] [Times: user=0.01 sys=0.00, real=0.01 secs] 
2020-10-29T15:51:28.254+0000: [GC (CMS Final Remark) [YG occupancy: 330 K (18432 K)]2020-10-29T15:51:28.254+0000: [Rescan (parallel) , 0.0016135 secs]2020-10-29T15:51:28.256+0000: [weak refs processing, 0.0000567 secs]2020-10-29T15:51:28.256+0000: [class unloading, 0.0089337 secs]2020-10-29T15:51:28.265+0000: [scrub symbol table, 0.0094805 secs]2020-10-29T15:51:28.274+0000: [scrub string table, 0.0005977 secs][1 CMS-remark: 468769K(794140K)] 469100K(812572K), 0.0207910 secs] [Times: user=0.02 sys=0.00, real=0.02 secs] 
2020-10-29T15:51:28.282+0000: [CMS-concurrent-sweep-start]
2020-10-29T15:51:28.294+0000: [GC (Allocation Failure) 2020-10-29T15:51:28.294+0000: [ParNew: 16388K->4K(18432K), 0.0029623 secs] 485029K->468645K(812572K), 0.0030165 secs] [Times: user=0.00 sys=0.00, real=0.00 secs] 
2020-10-29T15:51:28.313+0000: [CMS-concurrent-sweep: 0.018/0.030 secs] [Times: user=0.05 sys=0.00, real=0.03 secs] 
2020-10-29T15:51:28.313+0000: [CMS-concurrent-reset-start]
2020-10-29T15:51:28.314+0000: [CMS-concurrent-reset: 0.002/0.002 secs] [Times: user=0.01 sys=0.00, real=0.00 secs] 
2020-10-29T15:51:28.317+0000: [GC (Allocation Failure) 2020-10-29T15:51:28.317+0000: [ParNew: 16388K->4K(18432K), 0.0031551 secs] 185770K->169386K(812572K), 0.0031978 secs] [Times: user=0.01 sys=0.00, real=0.00 secs] 
2020-10-29T15:51:28.335+0000: [GC (Allocation Failure) 2020-10-29T15:51:28.335+0000: [ParNew: 16388K->4K(18432K), 0.0031340 secs] 185770K->169386K(812572K), 0.0031866 secs] [Times: user=0.01 sys=0.00, real=0.00 secs] 
2020-10-29T15:51:28.354+0000: [GC (Allocation Failure) 2020-10-29T15:51:28.354+0000: [ParNew: 16388K->4K(18432K), 0.0029850 secs] 185770K->169386K(812572K), 0.0030320 secs] [Times: user=0.00 sys=0.00, real=0.00 secs] 
2020-10-29T15:51:28.374+0000: [GC (Allocation Failure) 2020-10-29T15:51:28.374+0000: [ParNew: 16388K->4K(18432K), 0.0030715 secs] 185770K->169386K(812572K), 0.0031240 secs] [Times: user=0.01 sys=0.00, real=0.00 secs] 
2020-10-29T15:51:28.394+0000: [GC (Allocation Failure) 2020-10-29T15:51:28.394+0000: [ParNew: 16388K->4K(18432K), 0.0030302 secs] 185770K->169386K(812572K), 0.0030795 secs] [Times: user=0.01 sys=0.00, real=0.00 secs] 
2020-10-29T15:51:28.414+0000: [GC (Allocation Failure) 2020-10-29T15:51:28.414+0000: [ParNew: 16388K->4K(18432K), 0.0032049 secs] 185770K->169386K(812572K), 0.0032597 secs] [Times: user=0.00 sys=0.00, real=0.00 secs] 
2020-10-29T15:51:28.433+0000: [GC (Allocation Failure) 2020-10-29T15:51:28.433+0000: [ParNew: 16388K->4K(18432K), 0.0031471 secs] 185770K->169386K(812572K), 0.0032003 secs] [Times: user=0.01 sys=0.00, real=0.00 secs] 
2020-10-29T15:51:28.454+0000: [GC (Allocation Failure) 2020-10-29T15:51:28.454+0000: [ParNew: 16388K->4K(18432K), 0.0030867 secs] 185770K->169386K(812572K), 0.0031390 secs] [Times: user=0.01 sys=0.00, real=0.00 secs] 
2020-10-29T15:51:28.472+0000: [GC (Allocation Failure) 2020-10-29T15:51:28.472+0000: [ParNew: 16388K->4K(18432K), 0.0030780 secs] 185770K->169386K(812572K), 0.0031297 secs] [Times: user=0.00 sys=0.00, real=0.00 secs] 
2020-10-29T15:51:28.491+0000: [GC (Allocation Failure) 2020-10-29T15:51:28.491+0000: [ParNew: 16388K->4K(18432K), 0.0029567 secs] 185770K->169386K(812572K), 0.0030035 secs] [Times: user=0.01 sys=0.00, real=0.00 secs] 
2020-10-29T15:51:28.502+0000: [GC (Allocation Failure) 2020-10-29T15:51:28.502+0000: [ParNew: 16388K->4K(18432K), 0.0038155 secs] 185770K->177578K(812572K), 0.0038618 secs] [Times: user=0.00 sys=0.00, real=0.01 secs] 
2020-10-29T15:51:28.514+0000: [GC (Allocation Failure) 2020-10-29T15:51:28.514+0000: [ParNew: 16388K->4K(18432K), 0.0039625 secs] 193962K->185770K(812572K), 0.0040271 secs] [Times: user=0.01 sys=0.00, real=0.00 secs] 
2020-10-29T15:51:28.533+0000: [GC (Allocation Failure) 2020-10-29T15:51:28.533+0000: [ParNew: 16388K->4K(18432K), 0.0029708 secs] 202154K->185770K(812572K), 0.0030156 secs] [Times: user=0.00 sys=0.00, real=0.00 secs] 
2020-10-29T15:51:28.551+0000: [GC (Allocation Failure) 2020-10-29T15:51:28.551+0000: [ParNew: 16388K->4K(18432K), 0.0031311 secs] 202154K->185770K(812572K), 0.0031841 secs] [Times: user=0.01 sys=0.00, real=0.00 secs] 
2020-10-29T15:51:28.569+0000: [GC (Allocation Failure) 2020-10-29T15:51:28.569+0000: [ParNew: 16388K->4K(18432K), 0.0030113 secs] 202154K->185770K(812572K), 0.0030578 secs] [Times: user=0.00 sys=0.00, real=0.01 secs] 
2020-10-29T15:51:28.590+0000: [GC (Allocation Failure) 2020-10-29T15:51:28.590+0000: [ParNew: 16388K->4K(18432K), 0.0031823 secs] 202154K->185770K(812572K), 0.0032350 secs] [Times: user=0.01 sys=0.00, real=0.00 secs] 
2020-10-29T15:51:28.609+0000: [GC (Allocation Failure) 2020-10-29T15:51:28.609+0000: [ParNew: 16388K->4K(18432K), 0.0031679 secs] 202154K->185770K(812572K), 0.0032218 secs] [Times: user=0.01 sys=0.00, real=0.01 secs] 
2020-10-29T15:51:28.627+0000: [GC (Allocation Failure) 2020-10-29T15:51:28.627+0000: [ParNew: 16388K->4K(18432K), 0.0030620 secs] 202154K->185770K(812572K), 0.0031117 secs] [Times: user=0.00 sys=0.00, real=0.00 secs] 
2020-10-29T15:51:28.645+0000: [GC (Allocation Failure) 2020-10-29T15:51:28.645+0000: [ParNew: 16388K->4K(18432K), 0.0030588 secs] 202154K->185770K(812572K), 0.0031109 secs] [Times: user=0.01 sys=0.00, real=0.00 secs] 
2020-10-29T15:51:28.666+0000: [GC (Allocation Failure) 2020-10-29T15:51:28.666+0000: [ParNew: 16388K->6K(18432K), 0.0047900 secs] 202154K->185772K(812572K), 0.0048393 secs] [Times: user=0.01 sys=0.00, real=0.01 secs] 
2020-10-29T15:51:28.686+0000: [GC (Allocation Failure) 2020-10-29T15:51:28.686+0000: [ParNew: 16390K->4K(18432K), 0.0029828 secs] 202156K->185770K(812572K), 0.0030326 secs] [Times: user=0.01 sys=0.00, real=0.00 secs] 
2020-10-29T15:51:28.706+0000: [GC (Allocation Failure) 2020-10-29T15:51:28.706+0000: [ParNew: 16388K->4K(18432K), 0.0033348 secs] 202154K->185770K(812572K), 0.0033872 secs] [Times: user=0.01 sys=0.00, real=0.00 secs] 
2020-10-29T15:51:28.725+0000: [GC (Allocation Failure) 2020-10-29T15:51:28.725+0000: [ParNew: 16388K->4K(18432K), 0.0030087 secs] 202154K->185770K(812572K), 0.0030553 secs] [Times: user=0.01 sys=0.00, real=0.00 secs] 
2020-10-29T15:51:28.746+0000: [GC (Allocation Failure) 2020-10-29T15:51:28.746+0000: [ParNew: 16388K->4K(18432K), 0.0031429 secs] 202154K->185770K(812572K), 0.0032004 secs] [Times: user=0.00 sys=0.00, real=0.00 secs] 
2020-10-29T15:51:28.766+0000: [GC (Allocation Failure) 2020-10-29T15:51:28.766+0000: [ParNew: 16388K->4K(18432K), 0.0031678 secs] 202154K->185770K(812572K), 0.0032157 secs] [Times: user=0.01 sys=0.00, real=0.00 secs] 
2020-10-29T15:51:28.785+0000: [GC (Allocation Failure) 2020-10-29T15:51:28.785+0000: [ParNew: 16388K->4K(18432K), 0.0030716 secs] 202154K->185770K(812572K), 0.0031226 secs] [Times: user=0.00 sys=0.00, real=0.00 secs] 
2020-10-29T15:51:28.806+0000: [GC (Allocation Failure) 2020-10-29T15:51:28.806+0000: [ParNew: 16388K->4K(18432K), 0.0030796 secs] 202154K->185770K(812572K), 0.0031310 secs] [Times: user=0.00 sys=0.00, real=0.00 secs] 
2020-10-29T15:51:28.829+0000: [GC (Allocation Failure) 2020-10-29T15:51:28.829+0000: [ParNew: 16388K->4K(18432K), 0.0030617 secs] 202154K->185770K(812572K), 0.0031107 secs] [Times: user=0.00 sys=0.00, real=0.01 secs] 
2020-10-29T15:51:28.847+0000: [GC (Allocation Failure) 2020-10-29T15:51:28.847+0000: [ParNew: 16388K->4K(18432K), 0.0030009 secs] 202154K->185770K(812572K), 0.0030487 secs] [Times: user=0.01 sys=0.00, real=0.00 secs] 
2020-10-29T15:51:28.865+0000: [GC (Allocation Failure) 2020-10-29T15:51:28.865+0000: [ParNew: 16388K->4K(18432K), 0.0030980 secs] 202154K->185770K(812572K), 0.0031500 secs] [Times: user=0.00 sys=0.00, real=0.00 secs] 
2020-10-29T15:51:28.882+0000: [GC (Allocation Failure) 2020-10-29T15:51:28.882+0000: [ParNew: 13436K->4K(18432K), 0.0030902 secs] 199203K->185770K(812572K), 0.0031430 secs] [Times: user=0.00 sys=0.00, real=0.00 secs] 
2020-10-29T15:51:28.898+0000: [GC (Allocation Failure) 2020-10-29T15:51:28.898+0000: [ParNew: 16388K->4K(18432K), 0.0048456 secs] 202154K->193962K(812572K), 0.0049181 secs] [Times: user=0.01 sys=0.00, real=0.01 secs] 
2020-10-29T15:51:28.919+0000: [GC (Allocation Failure) 2020-10-29T15:51:28.919+0000: [ParNew: 16388K->4K(18432K), 0.0030403 secs] 210346K->193962K(812572K), 0.0031105 secs] [Times: user=0.01 sys=0.00, real=0.00 secs] 
2020-10-29T15:51:28.930+0000: [GC (Allocation Failure) 2020-10-29T15:51:28.930+0000: [ParNew: 16388K->4K(18432K), 0.0037652 secs] 210346K->202154K(812572K), 0.0038140 secs] [Times: user=0.01 sys=0.00, real=0.01 secs] 
2020-10-29T15:51:28.950+0000: [GC (Allocation Failure) 2020-10-29T15:51:28.950+0000: [ParNew: 16388K->4K(18432K), 0.0030821 secs] 218538K->202154K(812572K), 0.0031333 secs] [Times: user=0.01 sys=0.00, real=0.00 secs] 
2020-10-29T15:51:28.970+0000: [GC (Allocation Failure) 2020-10-29T15:51:28.970+0000: [ParNew: 16388K->4K(18432K), 0.0030501 secs] 218538K->202154K(812572K), 0.0031071 secs] [Times: user=0.01 sys=0.00, real=0.00 secs] 
2020-10-29T15:51:28.988+0000: [GC (Allocation Failure) 2020-10-29T15:51:28.988+0000: [ParNew: 16388K->4K(18432K), 0.0031917 secs] 218538K->202154K(812572K), 0.0032586 secs] [Times: user=0.01 sys=0.00, real=0.01 secs] 
2020-10-29T15:51:29.010+0000: [GC (Allocation Failure) 2020-10-29T15:51:29.010+0000: [ParNew: 16388K->4K(18432K), 0.0031059 secs] 218538K->202154K(812572K), 0.0031571 secs] [Times: user=0.01 sys=0.00, real=0.00 secs] 
2020-10-29T15:51:29.024+0000: [GC (Allocation Failure) 2020-10-29T15:51:29.024+0000: [ParNew: 9485K->4K(18432K), 0.0025391 secs] 211636K->202154K(812572K), 0.0025830 secs] [Times: user=0.01 sys=0.00, real=0.00 secs] 
2020-10-29T15:51:29.034+0000: [GC (Allocation Failure) 2020-10-29T15:51:29.034+0000: [ParNew: 16388K->4K(18432K), 0.0036779 secs] 218538K->210346K(812572K), 0.0037239 secs] [Times: user=0.01 sys=0.00, real=0.00 secs] 
2020-10-29T15:51:29.053+0000: [GC (Allocation Failure) 2020-10-29T15:51:29.053+0000: [ParNew: 16388K->4K(18432K), 0.0029866 secs] 226730K->210346K(812572K), 0.0030328 secs] [Times: user=0.00 sys=0.00, real=0.00 secs] 
2020-10-29T15:51:29.066+0000: [GC (Allocation Failure) 2020-10-29T15:51:29.066+0000: [ParNew: 11116K->4K(18432K), 0.0026835 secs] 221459K->210346K(812572K), 0.0027274 secs] [Times: user=0.01 sys=0.00, real=0.00 secs] 
2020-10-29T15:51:29.077+0000: [GC (Allocation Failure) 2020-10-29T15:51:29.077+0000: [ParNew: 16388K->4K(18432K), 0.0038953 secs] 226730K->218538K(812572K), 0.0039596 secs] [Times: user=0.00 sys=0.00, real=0.00 secs] 
2020-10-29T15:51:29.098+0000: [GC (Allocation Failure) 2020-10-29T15:51:29.098+0000: [ParNew: 16388K->4K(18432K), 0.0031281 secs] 234922K->218538K(812572K), 0.0031796 secs] [Times: user=0.01 sys=0.00, real=0.00 secs] 
2020-10-29T15:51:29.118+0000: [GC (Allocation Failure) 2020-10-29T15:51:29.118+0000: [ParNew: 16388K->4K(18432K), 0.0030881 secs] 234922K->218538K(812572K), 0.0031362 secs] [Times: user=0.00 sys=0.00, real=0.00 secs] 
2020-10-29T15:51:29.137+0000: [GC (Allocation Failure) 2020-10-29T15:51:29.137+0000: [ParNew: 16388K->4K(18432K), 0.0030237 secs] 234922K->218538K(812572K), 0.0030668 secs] [Times: user=0.01 sys=0.00, real=0.00 secs] 
2020-10-29T15:51:29.155+0000: [GC (Allocation Failure) 2020-10-29T15:51:29.155+0000: [ParNew: 16388K->4K(18432K), 0.0029732 secs] 234922K->218538K(812572K), 0.0030219 secs] [Times: user=0.01 sys=0.00, real=0.00 secs] 
2020-10-29T15:51:29.173+0000: [GC (Allocation Failure) 2020-10-29T15:51:29.173+0000: [ParNew: 16388K->4K(18432K), 0.0030671 secs] 234922K->218539K(812572K), 0.0031183 secs] [Times: user=0.00 sys=0.00, real=0.00 secs] 
2020-10-29T15:51:29.192+0000: [GC (Allocation Failure) 2020-10-29T15:51:29.192+0000: [ParNew: 16388K->4K(18432K), 0.0058515 secs] 234923K->218539K(812572K), 0.0059251 secs] [Times: user=0.00 sys=0.00, real=0.00 secs] 
2020-10-29T15:51:29.213+0000: [GC (Allocation Failure) 2020-10-29T15:51:29.213+0000: [ParNew: 16388K->4K(18432K), 0.0031586 secs] 234923K->218539K(812572K), 0.0032079 secs] [Times: user=0.01 sys=0.00, real=0.00 secs] 
2020-10-29T15:51:29.231+0000: [GC (Allocation Failure) 2020-10-29T15:51:29.232+0000: [ParNew: 16388K->4K(18432K), 0.0030610 secs] 234923K->218539K(812572K), 0.0031116 secs] [Times: user=0.01 sys=0.00, real=0.00 secs] 
2020-10-29T15:51:29.250+0000: [GC (Allocation Failure) 2020-10-29T15:51:29.250+0000: [ParNew: 16388K->4K(18432K), 0.0030088 secs] 234923K->218539K(812572K), 0.0030555 secs] [Times: user=0.00 sys=0.00, real=0.01 secs] 
2020-10-29T15:51:29.268+0000: [GC (Allocation Failure) 2020-10-29T15:51:29.268+0000: [ParNew: 16388K->4K(18432K), 0.0030570 secs] 234923K->218539K(812572K), 0.0031084 secs] [Times: user=0.01 sys=0.00, real=0.01 secs] 
2020-10-29T15:51:29.290+0000: [GC (Allocation Failure) 2020-10-29T15:51:29.290+0000: [ParNew: 16388K->4K(18432K), 0.0029682 secs] 234923K->218539K(812572K), 0.0030171 secs] [Times: user=0.01 sys=0.00, real=0.01 secs] 
2020-10-29T15:51:29.308+0000: [GC (Allocation Failure) 2020-10-29T15:51:29.308+0000: [ParNew: 16388K->4K(18432K), 0.0029120 secs] 234923K->218539K(812572K), 0.0029601 secs] [Times: user=0.00 sys=0.00, real=0.01 secs] 
2020-10-29T15:51:29.329+0000: [GC (Allocation Failure) 2020-10-29T15:51:29.329+0000: [ParNew: 16388K->4K(18432K), 0.0037649 secs] 234923K->218539K(812572K), 0.0038153 secs] [Times: user=0.01 sys=0.00, real=0.01 secs] 
2020-10-29T15:51:29.352+0000: [GC (Allocation Failure) 2020-10-29T15:51:29.352+0000: [ParNew: 16388K->4K(18432K), 0.0030227 secs] 234923K->218539K(812572K), 0.0030703 secs] [Times: user=0.01 sys=0.00, real=0.00 secs] 
2020-10-29T15:51:29.370+0000: [GC (Allocation Failure) 2020-10-29T15:51:29.370+0000: [ParNew: 16388K->4K(18432K), 0.0030715 secs] 234923K->218539K(812572K), 0.0031193 secs] [Times: user=0.00 sys=0.00, real=0.01 secs] 
2020-10-29T15:51:29.390+0000: [GC (Allocation Failure) 2020-10-29T15:51:29.390+0000: [ParNew: 16388K->4K(18432K), 0.0030173 secs] 234923K->218539K(812572K), 0.0030677 secs] [Times: user=0.01 sys=0.00, real=0.00 secs] 
2020-10-29T15:51:29.408+0000: [GC (Allocation Failure) 2020-10-29T15:51:29.408+0000: [ParNew: 16388K->4K(18432K), 0.0029957 secs] 234923K->218539K(812572K), 0.0030436 secs] [Times: user=0.01 sys=0.00, real=0.01 secs] 
2020-10-29T15:51:29.426+0000: [GC (Allocation Failure) 2020-10-29T15:51:29.426+0000: [ParNew: 16388K->4K(18432K), 0.0046959 secs] 234923K->218539K(812572K), 0.0047649 secs] [Times: user=0.00 sys=0.00, real=0.01 secs] 
2020-10-29T15:51:29.450+0000: [GC (Allocation Failure) 2020-10-29T15:51:29.450+0000: [ParNew: 16388K->4K(18432K), 0.0030395 secs] 234923K->218539K(812572K), 0.0030909 secs] [Times: user=0.00 sys=0.01, real=0.01 secs] 
2020-10-29T15:51:29.470+0000: [GC (Allocation Failure) 2020-10-29T15:51:29.470+0000: [ParNew: 16388K->4K(18432K), 0.0030787 secs] 234923K->218539K(812572K), 0.0031302 secs] [Times: user=0.01 sys=0.00, real=0.00 secs] 
2020-10-29T15:51:29.490+0000: [GC (Allocation Failure) 2020-10-29T15:51:29.490+0000: [ParNew: 16388K->4K(18432K), 0.0031453 secs] 234923K->218539K(812572K), 0.0032004 secs] [Times: user=0.01 sys=0.00, real=0.00 secs] 
2020-10-29T15:51:29.509+0000: [GC (Allocation Failure) 2020-10-29T15:51:29.509+0000: [ParNew: 16388K->4K(18432K), 0.0030477 secs] 234923K->218539K(812572K), 0.0030988 secs] [Times: user=0.00 sys=0.00, real=0.01 secs] 
2020-10-29T15:51:29.530+0000: [GC (Allocation Failure) 2020-10-29T15:51:29.530+0000: [ParNew: 16388K->4K(18432K), 0.0031538 secs] 234923K->218539K(812572K), 0.0032091 secs] [Times: user=0.00 sys=0.00, real=0.00 secs] 
2020-10-29T15:51:29.542+0000: [GC (Allocation Failure) 2020-10-29T15:51:29.542+0000: [ParNew: 16388K->4K(18432K), 0.0039083 secs] 234923K->226731K(812572K), 0.0039596 secs] [Times: user=0.00 sys=0.01, real=0.00 secs] 
2020-10-29T15:51:29.561+0000: [GC (Allocation Failure) 2020-10-29T15:51:29.561+0000: [ParNew: 16388K->4K(18432K), 0.0036007 secs] 243115K->226731K(812572K), 0.0036515 secs] [Times: user=0.01 sys=0.00, real=0.01 secs] 
2020-10-29T15:51:29.582+0000: [GC (Allocation Failure) 2020-10-29T15:51:29.582+0000: [ParNew: 16388K->4K(18432K), 0.0030831 secs] 243115K->226731K(812572K), 0.0031359 secs] [Times: user=0.01 sys=0.00, real=0.00 secs] 
2020-10-29T15:51:29.596+0000: [GC (Allocation Failure) 2020-10-29T15:51:29.596+0000: [ParNew: 11433K->4K(18432K), 0.0029607 secs] 238160K->226731K(812572K), 0.0030090 secs] [Times: user=0.00 sys=0.00, real=0.00 secs] 
2020-10-29T15:51:29.610+0000: [GC (Allocation Failure) 2020-10-29T15:51:29.610+0000: [ParNew: 16388K->4K(18432K), 0.0039182 secs] 243115K->234923K(812572K), 0.0039679 secs] [Times: user=0.01 sys=0.00, real=0.00 secs] 
2020-10-29T15:51:29.630+0000: [GC (Allocation Failure) 2020-10-29T15:51:29.630+0000: [ParNew: 16388K->4K(18432K), 0.0031100 secs] 251307K->234923K(812572K), 0.0031614 secs] [Times: user=0.01 sys=0.00, real=0.01 secs] 
2020-10-29T15:51:29.648+0000: [GC (Allocation Failure) 2020-10-29T15:51:29.648+0000: [ParNew: 16388K->4K(18432K), 0.0030511 secs] 251307K->234923K(812572K), 0.0031022 secs] [Times: user=0.00 sys=0.00, real=0.01 secs] 
2020-10-29T15:51:29.670+0000: [GC (Allocation Failure) 2020-10-29T15:51:29.670+0000: [ParNew: 16388K->4K(18432K), 0.0028311 secs] 251307K->234923K(812572K), 0.0028865 secs] [Times: user=0.00 sys=0.00, real=0.01 secs] 
2020-10-29T15:51:29.688+0000: [GC (Allocation Failure) 2020-10-29T15:51:29.688+0000: [ParNew: 16388K->4K(18432K), 0.0027137 secs] 251307K->234923K(812572K), 0.0027573 secs] [Times: user=0.01 sys=0.00, real=0.01 secs] 
2020-10-29T15:51:29.706+0000: [GC (Allocation Failure) 2020-10-29T15:51:29.706+0000: [ParNew: 16388K->4K(18432K), 0.0029057 secs] 251307K->234923K(812572K), 0.0029523 secs] [Times: user=0.00 sys=0.00, real=0.00 secs] 
2020-10-29T15:51:29.726+0000: [GC (Allocation Failure) 2020-10-29T15:51:29.726+0000: [ParNew: 16388K->4K(18432K), 0.0028879 secs] 251307K->234923K(812572K), 0.0029351 secs] [Times: user=0.00 sys=0.00, real=0.00 secs] 
2020-10-29T15:51:29.744+0000: [GC (Allocation Failure) 2020-10-29T15:51:29.744+0000: [ParNew: 16388K->4K(18432K), 0.0030468 secs] 251307K->234923K(812572K), 0.0030955 secs] [Times: user=0.00 sys=0.00, real=0.00 secs] 
2020-10-29T15:51:29.762+0000: [GC (Allocation Failure) 2020-10-29T15:51:29.762+0000: [ParNew: 16388K->4K(18432K), 0.0030620 secs] 251307K->234923K(812572K), 0.0031153 secs] [Times: user=0.00 sys=0.00, real=0.00 secs] 
2020-10-29T15:51:29.781+0000: [GC (Allocation Failure) 2020-10-29T15:51:29.781+0000: [ParNew: 16388K->4K(18432K), 0.0030355 secs] 251307K->234923K(812572K), 0.0030860 secs] [Times: user=0.01 sys=0.00, real=0.01 secs] 
2020-10-29T15:51:29.799+0000: [GC (Allocation Failure) 2020-10-29T15:51:29.799+0000: [ParNew: 16388K->4K(18432K), 0.0029866 secs] 251307K->234923K(812572K), 0.0030358 secs] [Times: user=0.01 sys=0.00, real=0.00 secs] 
2020-10-29T15:51:29.817+0000: [GC (Allocation Failure) 2020-10-29T15:51:29.817+0000: [ParNew: 16388K->4K(18432K), 0.0029921 secs] 251307K->234923K(812572K), 0.0030405 secs] [Times: user=0.00 sys=0.00, real=0.00 secs] 
2020-10-29T15:51:29.834+0000: [GC (Allocation Failure) 2020-10-29T15:51:29.835+0000: [ParNew: 16388K->4K(18432K), 0.0030320 secs] 251307K->234923K(812572K), 0.0030828 secs] [Times: user=0.01 sys=0.00, real=0.00 secs] 
2020-10-29T15:51:29.853+0000: [GC (Allocation Failure) 2020-10-29T15:51:29.853+0000: [ParNew: 16388K->4K(18432K), 0.0030126 secs] 251307K->234923K(812572K), 0.0030738 secs] [Times: user=0.00 sys=0.00, real=0.00 secs] 
2020-10-29T15:51:29.871+0000: [GC (Allocation Failure) 2020-10-29T15:51:29.871+0000: [ParNew: 16388K->4K(18432K), 0.0029170 secs] 251307K->234923K(812572K), 0.0029596 secs] [Times: user=0.01 sys=0.00, real=0.00 secs] 
2020-10-29T15:51:29.890+0000: [GC (Allocation Failure) 2020-10-29T15:51:29.890+0000: [ParNew: 16388K->4K(18432K), 0.0030161 secs] 251307K->234923K(812572K), 0.0030679 secs] [Times: user=0.00 sys=0.00, real=0.00 secs] 
2020-10-29T15:51:29.910+0000: [GC (Allocation Failure) 2020-10-29T15:51:29.910+0000: [ParNew: 16388K->4K(18432K), 0.0031210 secs] 251307K->234923K(812572K), 0.0031753 secs] [Times: user=0.00 sys=0.00, real=0.00 secs] 
2020-10-29T15:51:29.929+0000: [GC (Allocation Failure) 2020-10-29T15:51:29.929+0000: [ParNew: 16388K->4K(18432K), 0.0032129 secs] 251307K->234923K(812572K), 0.0032711 secs] [Times: user=0.01 sys=0.00, real=0.01 secs] 
2020-10-29T15:51:29.951+0000: [GC (Allocation Failure) 2020-10-29T15:51:29.951+0000: [ParNew: 16388K->4K(18432K), 0.0030457 secs] 251307K->234923K(812572K), 0.0031189 secs] [Times: user=0.01 sys=0.00, real=0.00 secs] 
2020-10-29T15:51:29.971+0000: [GC (Allocation Failure) 2020-10-29T15:51:29.971+0000: [ParNew: 16388K->2K(18432K), 0.0052177 secs] 251307K->234921K(812572K), 0.0052664 secs] [Times: user=0.00 sys=0.00, real=0.00 secs] 
2020-10-29T15:51:29.994+0000: [GC (Allocation Failure) 2020-10-29T15:51:29.994+0000: [ParNew: 16386K->4K(18432K), 0.0030687 secs] 251305K->234923K(812572K), 0.0031190 secs] [Times: user=0.01 sys=0.00, real=0.00 secs] 
2020-10-29T15:51:30.013+0000: [GC (Allocation Failure) 2020-10-29T15:51:30.013+0000: [ParNew: 16388K->4K(18432K), 0.0030548 secs] 251307K->234923K(812572K), 0.0031040 secs] [Times: user=0.00 sys=0.00, real=0.00 secs] 
2020-10-29T15:51:30.032+0000: [GC (Allocation Failure) 2020-10-29T15:51:30.032+0000: [ParNew: 16388K->4K(18432K), 0.0030709 secs] 251307K->234923K(812572K), 0.0031207 secs] [Times: user=0.01 sys=0.00, real=0.00 secs] 
2020-10-29T15:51:30.046+0000: [GC (Allocation Failure) 2020-10-29T15:51:30.046+0000: [ParNew: 16388K->4K(18432K), 0.0039098 secs] 251307K->243115K(812572K), 0.0039598 secs] [Times: user=0.01 sys=0.00, real=0.01 secs] 
2020-10-29T15:51:30.065+0000: [GC (Allocation Failure) 2020-10-29T15:51:30.065+0000: [ParNew: 16388K->4K(18432K), 0.0030414 secs] 259499K->243115K(812572K), 0.0030908 secs] [Times: user=0.01 sys=0.00, real=0.00 secs] 
2020-10-29T15:51:30.083+0000: [GC (Allocation Failure) 2020-10-29T15:51:30.084+0000: [ParNew: 16388K->4K(18432K), 0.0030682 secs] 259499K->243115K(812572K), 0.0031192 secs] [Times: user=0.00 sys=0.00, real=0.00 secs] 
2020-10-29T15:51:30.102+0000: [GC (Allocation Failure) 2020-10-29T15:51:30.102+0000: [ParNew: 16388K->4K(18432K), 0.0030712 secs] 259499K->243115K(812572K), 0.0031252 secs] [Times: user=0.01 sys=0.00, real=0.00 secs] 
2020-10-29T15:51:30.118+0000: [GC (Allocation Failure) 2020-10-29T15:51:30.118+0000: [ParNew: 12078K->4K(18432K), 0.0030861 secs] 255189K->243115K(812572K), 0.0031380 secs] [Times: user=0.01 sys=0.00, real=0.00 secs] 
2020-10-29T15:51:30.130+0000: [GC (Allocation Failure) 2020-10-29T15:51:30.130+0000: [ParNew: 16388K->4K(18432K), 0.0041371 secs] 259499K->251307K(812572K), 0.0041945 secs] [Times: user=0.01 sys=0.00, real=0.00 secs] 
2020-10-29T15:51:30.150+0000: [GC (Allocation Failure) 2020-10-29T15:51:30.150+0000: [ParNew: 16388K->4K(18432K), 0.0031660 secs] 267691K->251307K(812572K), 0.0032200 secs] [Times: user=0.01 sys=0.00, real=0.01 secs] 
2020-10-29T15:51:30.170+0000: [GC (Allocation Failure) 2020-10-29T15:51:30.170+0000: [ParNew: 16388K->4K(18432K), 0.0031033 secs] 267691K->251307K(812572K), 0.0031538 secs] [Times: user=0.01 sys=0.00, real=0.00 secs] 
2020-10-29T15:51:30.188+0000: [GC (Allocation Failure) 2020-10-29T15:51:30.189+0000: [ParNew: 16388K->4K(18432K), 0.0032140 secs] 267691K->251307K(812572K), 0.0032697 secs] [Times: user=0.00 sys=0.00, real=0.01 secs] 
2020-10-29T15:51:30.209+0000: [GC (Allocation Failure) 2020-10-29T15:51:30.209+0000: [ParNew: 16388K->4K(18432K), 0.0030914 secs] 267691K->251307K(812572K), 0.0031437 secs] [Times: user=0.00 sys=0.00, real=0.01 secs] 
2020-10-29T15:51:30.228+0000: [GC (Allocation Failure) 2020-10-29T15:51:30.228+0000: [ParNew: 16388K->4K(18432K), 0.0031195 secs] 267691K->251307K(812572K), 0.0031722 secs] [Times: user=0.01 sys=0.00, real=0.01 secs] 
2020-10-29T15:51:30.246+0000: [GC (Allocation Failure) 2020-10-29T15:51:30.246+0000: [ParNew: 16388K->4K(18432K), 0.0031318 secs] 267691K->251307K(812572K), 0.0031866 secs] [Times: user=0.01 sys=0.00, real=0.00 secs] 
2020-10-29T15:51:30.265+0000: [GC (Allocation Failure) 2020-10-29T15:51:30.265+0000: [ParNew: 16388K->4K(18432K), 0.0031056 secs] 267691K->251307K(812572K), 0.0031580 secs] [Times: user=0.00 sys=0.00, real=0.00 secs] 
2020-10-29T15:51:30.283+0000: [GC (Allocation Failure) 2020-10-29T15:51:30.283+0000: [ParNew: 16388K->4K(18432K), 0.0031078 secs] 267691K->251307K(812572K), 0.0031581 secs] [Times: user=0.01 sys=0.00, real=0.00 secs] 
2020-10-29T15:51:30.303+0000: [GC (Allocation Failure) 2020-10-29T15:51:30.303+0000: [ParNew: 16388K->4K(18432K), 0.0031694 secs] 284075K->267691K(812572K), 0.0032264 secs] [Times: user=0.01 sys=0.00, real=0.00 secs] 
2020-10-29T15:51:30.321+0000: [GC (Allocation Failure) 2020-10-29T15:51:30.321+0000: [ParNew: 16388K->4K(18432K), 0.0030671 secs] 284075K->267691K(812572K), 0.0031194 secs] [Times: user=0.00 sys=0.00, real=0.01 secs] 
2020-10-29T15:51:30.342+0000: [GC (Allocation Failure) 2020-10-29T15:51:30.342+0000: [ParNew: 16388K->4K(18432K), 0.0030006 secs] 284075K->267691K(812572K), 0.0030510 secs] [Times: user=0.01 sys=0.00, real=0.00 secs] 
2020-10-29T15:51:30.360+0000: [GC (Allocation Failure) 2020-10-29T15:51:30.360+0000: [ParNew: 16388K->4K(18432K), 0.0030209 secs] 284075K->267691K(812572K), 0.0030746 secs] [Times: user=0.01 sys=0.00, real=0.01 secs] 
2020-10-29T15:51:30.378+0000: [GC (Allocation Failure) 2020-10-29T15:51:30.379+0000: [ParNew: 16388K->4K(18432K), 0.0029958 secs] 284075K->267691K(812572K), 0.0030457 secs] [Times: user=0.00 sys=0.00, real=0.00 secs] 
2020-10-29T15:51:30.402+0000: [GC (Allocation Failure) 2020-10-29T15:51:30.402+0000: [ParNew: 16388K->4K(18432K), 0.0031591 secs] 300459K->284075K(812572K), 0.0032154 secs] [Times: user=0.00 sys=0.00, real=0.00 secs] 
2020-10-29T15:51:30.420+0000: [GC (Allocation Failure) 2020-10-29T15:51:30.420+0000: [ParNew: 16388K->4K(18432K), 0.0030399 secs] 300459K->284075K(812572K), 0.0030888 secs] [Times: user=0.01 sys=0.00, real=0.01 secs] 
2020-10-29T15:51:30.442+0000: [GC (Allocation Failure) 2020-10-29T15:51:30.442+0000: [ParNew: 16388K->4K(18432K), 0.0029476 secs] 300459K->284075K(812572K), 0.0029942 secs] [Times: user=0.01 sys=0.00, real=0.00 secs] 
2020-10-29T15:51:30.460+0000: [GC (Allocation Failure) 2020-10-29T15:51:30.460+0000: [ParNew: 16388K->4K(18432K), 0.0028881 secs] 300459K->284075K(812572K), 0.0029311 secs] [Times: user=0.00 sys=0.00, real=0.01 secs] 
2020-10-29T15:51:30.478+0000: [GC (Allocation Failure) 2020-10-29T15:51:30.478+0000: [ParNew: 16388K->4K(18432K), 0.0030337 secs] 300459K->284075K(812572K), 0.0030835 secs] [Times: user=0.00 sys=0.00, real=0.00 secs] 
2020-10-29T15:51:30.496+0000: [GC (Allocation Failure) 2020-10-29T15:51:30.496+0000: [ParNew: 16388K->4K(18432K), 0.0029874 secs] 300459K->284075K(812572K), 0.0030357 secs] [Times: user=0.01 sys=0.00, real=0.00 secs] 
2020-10-29T15:51:30.519+0000: [GC (Allocation Failure) 2020-10-29T15:51:30.519+0000: [ParNew: 16388K->15K(18432K), 0.0030827 secs] 300459K->284087K(812572K), 0.0031330 secs] [Times: user=0.00 sys=0.00, real=0.00 secs] 
2020-10-29T15:51:30.546+0000: [GC (Allocation Failure) 2020-10-29T15:51:30.546+0000: [ParNew: 16399K->8K(18432K), 0.0030841 secs] 300471K->284079K(812572K), 0.0031388 secs] [Times: user=0.01 sys=0.00, real=0.00 secs] 
2020-10-29T15:51:30.564+0000: [GC (Allocation Failure) 2020-10-29T15:51:30.565+0000: [ParNew: 16382K->8K(18432K), 0.0030085 secs] 300454K->284079K(812572K), 0.0030588 secs] [Times: user=0.01 sys=0.00, real=0.00 secs] 
2020-10-29T15:51:30.583+0000: [GC (Allocation Failure) 2020-10-29T15:51:30.583+0000: [ParNew: 16392K->8K(18432K), 0.0030157 secs] 300463K->284079K(812572K), 0.0030626 secs] [Times: user=0.01 sys=0.00, real=0.00 secs] 
2020-10-29T15:51:30.602+0000: [GC (Allocation Failure) 2020-10-29T15:51:30.602+0000: [ParNew: 16392K->6K(18432K), 0.0029515 secs] 300463K->284078K(812572K), 0.0029976 secs] [Times: user=0.01 sys=0.00, real=0.00 secs] 
2020-10-29T15:51:30.620+0000: [GC (Allocation Failure) 2020-10-29T15:51:30.621+0000: [ParNew: 16390K->9K(18432K), 0.0030796 secs] 300462K->284081K(812572K), 0.0031337 secs] [Times: user=0.01 sys=0.00, real=0.01 secs] 
2020-10-29T15:51:30.639+0000: [GC (Allocation Failure) 2020-10-29T15:51:30.639+0000: [ParNew: 16393K->4K(18432K), 0.0029782 secs] 300465K->284078K(812572K), 0.0030273 secs] [Times: user=0.01 sys=0.00, real=0.00 secs] 
2020-10-29T15:51:30.658+0000: [GC (Allocation Failure) 2020-10-29T15:51:30.658+0000: [ParNew: 16388K->4K(18432K), 0.0029975 secs] 300462K->284078K(812572K), 0.0030472 secs] [Times: user=0.00 sys=0.00, real=0.00 secs] 
2020-10-29T15:51:30.676+0000: [GC (Allocation Failure) 2020-10-29T15:51:30.676+0000: [ParNew: 16388K->4K(18432K), 0.0030499 secs] 300462K->284078K(812572K), 0.0030986 secs] [Times: user=0.01 sys=0.00, real=0.00 secs] 
2020-10-29T15:51:30.694+0000: [GC (Allocation Failure) 2020-10-29T15:51:30.694+0000: [ParNew: 16388K->4K(18432K), 0.0029996 secs] 300462K->284078K(812572K), 0.0030491 secs] [Times: user=0.00 sys=0.00, real=0.00 secs] 
2020-10-29T15:51:30.714+0000: [GC (Allocation Failure) 2020-10-29T15:51:30.714+0000: [ParNew: 16388K->4K(18432K), 0.0029270 secs] 300462K->284078K(812572K), 0.0029720 secs] [Times: user=0.01 sys=0.00, real=0.00 secs] 
2020-10-29T15:51:30.732+0000: [GC (Allocation Failure) 2020-10-29T15:51:30.732+0000: [ParNew: 16388K->4K(18432K), 0.0029054 secs] 300462K->284078K(812572K), 0.0029478 secs] [Times: user=0.00 sys=0.00, real=0.00 secs] 
2020-10-29T15:51:30.750+0000: [GC (Allocation Failure) 2020-10-29T15:51:30.750+0000: [ParNew: 16388K->4K(18432K), 0.0029050 secs] 300462K->284078K(812572K), 0.0029586 secs] [Times: user=0.01 sys=0.00, real=0.01 secs] 
2020-10-29T15:51:30.768+0000: [GC (Allocation Failure) 2020-10-29T15:51:30.768+0000: [ParNew: 16388K->4K(18432K), 0.0029516 secs] 300462K->284078K(812572K), 0.0029981 secs] [Times: user=0.01 sys=0.00, real=0.01 secs] 
2020-10-29T15:51:30.786+0000: [GC (Allocation Failure) 2020-10-29T15:51:30.786+0000: [ParNew: 16388K->4K(18432K), 0.0028791 secs] 300462K->284078K(812572K), 0.0029227 secs] [Times: user=0.00 sys=0.00, real=0.00 secs] 
2020-10-29T15:51:30.804+0000: [GC (Allocation Failure) 2020-10-29T15:51:30.804+0000: [ParNew: 16388K->4K(18432K), 0.0029911 secs] 300462K->284078K(812572K), 0.0030401 secs] [Times: user=0.01 sys=0.00, real=0.00 secs] 
2020-10-29T15:51:30.822+0000: [GC (Allocation Failure) 2020-10-29T15:51:30.822+0000: [ParNew: 16388K->4K(18432K), 0.0030007 secs] 300462K->284078K(812572K), 0.0030502 secs] [Times: user=0.00 sys=0.01, real=0.00 secs] 
2020-10-29T15:51:30.840+0000: [GC (Allocation Failure) 2020-10-29T15:51:30.840+0000: [ParNew: 16388K->4K(18432K), 0.0029113 secs] 300462K->284078K(812572K), 0.0029611 secs] [Times: user=0.01 sys=0.00, real=0.01 secs] 
2020-10-29T15:51:30.858+0000: [GC (Allocation Failure) 2020-10-29T15:51:30.858+0000: [ParNew: 16388K->4K(18432K), 0.0029512 secs] 300462K->284078K(812572K), 0.0029993 secs] [Times: user=0.00 sys=0.00, real=0.00 secs] 
2020-10-29T15:51:30.878+0000: [GC (Allocation Failure) 2020-10-29T15:51:30.878+0000: [ParNew: 16388K->4K(18432K), 0.0031135 secs] 300462K->284078K(812572K), 0.0031660 secs] [Times: user=0.00 sys=0.00, real=0.00 secs] 
2020-10-29T15:51:30.897+0000: [GC (Allocation Failure) 2020-10-29T15:51:30.897+0000: [ParNew: 16388K->4K(18432K), 0.0031887 secs] 300462K->284078K(812572K), 0.0032434 secs] [Times: user=0.01 sys=0.00, real=0.00 secs] 
2020-10-29T15:51:30.915+0000: [GC (Allocation Failure) 2020-10-29T15:51:30.915+0000: [ParNew: 16388K->4K(18432K), 0.0031062 secs] 300462K->284078K(812572K), 0.0031560 secs] [Times: user=0.01 sys=0.00, real=0.00 secs] 
2020-10-29T15:51:30.934+0000: [GC (Allocation Failure) 2020-10-29T15:51:30.934+0000: [ParNew: 16388K->4K(18432K), 0.0030912 secs] 300462K->284078K(812572K), 0.0031417 secs] [Times: user=0.00 sys=0.00, real=0.00 secs] 
2020-10-29T15:51:30.952+0000: [GC (Allocation Failure) 2020-10-29T15:51:30.952+0000: [ParNew: 16388K->4K(18432K), 0.0031304 secs] 300462K->284078K(812572K), 0.0031838 secs] [Times: user=0.00 sys=0.00, real=0.00 secs] 
2020-10-29T15:51:30.971+0000: [GC (Allocation Failure) 2020-10-29T15:51:30.971+0000: [ParNew: 16388K->4K(18432K), 0.0030965 secs] 300462K->284078K(812572K), 0.0031630 secs] [Times: user=0.01 sys=0.00, real=0.00 secs] 
2020-10-29T15:51:30.990+0000: [GC (Allocation Failure) 2020-10-29T15:51:30.990+0000: [ParNew: 16388K->4K(18432K), 0.0030246 secs] 300462K->284078K(812572K), 0.0030748 secs] [Times: user=0.01 sys=0.00, real=0.00 secs] 
2020-10-29T15:51:31.010+0000: [GC (Allocation Failure) 2020-10-29T15:51:31.010+0000: [ParNew: 16388K->4K(18432K), 0.0029683 secs] 300462K->284078K(812572K), 0.0030147 secs] [Times: user=0.01 sys=0.00, real=0.00 secs] 
2020-10-29T15:51:31.030+0000: [GC (Allocation Failure) 2020-10-29T15:51:31.030+0000: [ParNew: 16388K->4K(18432K), 0.0030097 secs] 300462K->284078K(812572K), 0.0030589 secs] [Times: user=0.01 sys=0.00, real=0.00 secs] 
2020-10-29T15:51:31.050+0000: [GC (Allocation Failure) 2020-10-29T15:51:31.050+0000: [ParNew: 15898K->4K(18432K), 0.0029752 secs] 299973K->284078K(812572K), 0.0030210 secs] [Times: user=0.01 sys=0.00, real=0.00 secs] 
2020-10-29T15:51:31.062+0000: [GC (Allocation Failure) 2020-10-29T15:51:31.062+0000: [ParNew: 16388K->4K(18432K), 0.0038496 secs] 300462K->292270K(812572K), 0.0039101 secs] [Times: user=0.01 sys=0.00, real=0.01 secs] 
2020-10-29T15:51:31.081+0000: [GC (Allocation Failure) 2020-10-29T15:51:31.081+0000: [ParNew: 16388K->4K(18432K), 0.0029830 secs] 308654K->292270K(812572K), 0.0030268 secs] [Times: user=0.01 sys=0.00, real=0.01 secs] 
2020-10-29T15:51:31.099+0000: [GC (Allocation Failure) 2020-10-29T15:51:31.099+0000: [ParNew: 16388K->4K(18432K), 0.0027269 secs] 308654K->292270K(812572K), 0.0027715 secs] [Times: user=0.00 sys=0.00, real=0.00 secs] 
2020-10-29T15:51:31.116+0000: [GC (Allocation Failure) 2020-10-29T15:51:31.116+0000: [ParNew: 16388K->4K(18432K), 0.0030246 secs] 308654K->292270K(812572K), 0.0030762 secs] [Times: user=0.01 sys=0.00, real=0.00 secs] 
2020-10-29T15:51:31.135+0000: [GC (Allocation Failure) 2020-10-29T15:51:31.135+0000: [ParNew: 16388K->4K(18432K), 0.0029899 secs] 308654K->292270K(812572K), 0.0030386 secs] [Times: user=0.01 sys=0.00, real=0.00 secs] 
2020-10-29T15:51:31.154+0000: [GC (Allocation Failure) 2020-10-29T15:51:31.154+0000: [ParNew: 16388K->4K(18432K), 0.0029790 secs] 308654K->292271K(812572K), 0.0030281 secs] [Times: user=0.01 sys=0.00, real=0.00 secs] 
2020-10-29T15:51:31.176+0000: [GC (Allocation Failure) 2020-10-29T15:51:31.176+0000: [ParNew: 15597K->4K(18432K), 0.0039846 secs] 307864K->292271K(812572K), 0.0040360 secs] [Times: user=0.01 sys=0.00, real=0.00 secs] 
2020-10-29T15:51:31.189+0000: [GC (Allocation Failure) 2020-10-29T15:51:31.189+0000: [ParNew: 16388K->4K(18432K), 0.0042131 secs] 308655K->300463K(812572K), 0.0042735 secs] [Times: user=0.01 sys=0.00, real=0.01 secs] 
2020-10-29T15:51:31.208+0000: [GC (Allocation Failure) 2020-10-29T15:51:31.208+0000: [ParNew: 16388K->4K(18432K), 0.0031702 secs] 316847K->300463K(812572K), 0.0032234 secs] [Times: user=0.01 sys=0.00, real=0.01 secs] 
2020-10-29T15:51:31.230+0000: [GC (Allocation Failure) 2020-10-29T15:51:31.230+0000: [ParNew: 16388K->4K(18432K), 0.0030839 secs] 316847K->300463K(812572K), 0.0031364 secs] [Times: user=0.00 sys=0.01, real=0.01 secs] 
2020-10-29T15:51:31.249+0000: [GC (Allocation Failure) 2020-10-29T15:51:31.249+0000: [ParNew: 16388K->4K(18432K), 0.0031530 secs] 316847K->300463K(812572K), 0.0032081 secs] [Times: user=0.01 sys=0.00, real=0.01 secs] 
2020-10-29T15:51:31.270+0000: [GC (Allocation Failure) 2020-10-29T15:51:31.270+0000: [ParNew: 16388K->4K(18432K), 0.0029444 secs] 316847K->300463K(812572K), 0.0029883 secs] [Times: user=0.00 sys=0.00, real=0.00 secs] 
2020-10-29T15:51:31.288+0000: [GC (Allocation Failure) 2020-10-29T15:51:31.288+0000: [ParNew: 16388K->4K(18432K), 0.0029632 secs] 316847K->300463K(812572K), 0.0030105 secs] [Times: user=0.01 sys=0.00, real=0.01 secs] 
2020-10-29T15:51:31.310+0000: [GC (Allocation Failure) 2020-10-29T15:51:31.310+0000: [ParNew: 16388K->4K(18432K), 0.0029256 secs] 316847K->300463K(812572K), 0.0029706 secs] [Times: user=0.00 sys=0.00, real=0.00 secs] 
2020-10-29T15:51:31.330+0000: [GC (Allocation Failure) 2020-10-29T15:51:31.330+0000: [ParNew: 16388K->4K(18432K), 0.0035928 secs] 316847K->300463K(812572K), 0.0036401 secs] [Times: user=0.01 sys=0.00, real=0.00 secs] 
2020-10-29T15:51:31.349+0000: [GC (Allocation Failure) 2020-10-29T15:51:31.349+0000: [ParNew: 16388K->4K(18432K), 0.0030442 secs] 316847K->300463K(812572K), 0.0030943 secs] [Times: user=0.00 sys=0.00, real=0.01 secs] 
2020-10-29T15:51:31.367+0000: [GC (Allocation Failure) 2020-10-29T15:51:31.367+0000: [ParNew: 16388K->4K(18432K), 0.0030171 secs] 316847K->300463K(812572K), 0.0030662 secs] [Times: user=0.01 sys=0.00, real=0.00 secs] 
2020-10-29T15:51:31.385+0000: [GC (Allocation Failure) 2020-10-29T15:51:31.385+0000: [ParNew: 16388K->4K(18432K), 0.0030035 secs] 316847K->300463K(812572K), 0.0030522 secs] [Times: user=0.01 sys=0.00, real=0.00 secs] 
2020-10-29T15:51:31.403+0000: [GC (Allocation Failure) 2020-10-29T15:51:31.403+0000: [ParNew: 16388K->4K(18432K), 0.0029634 secs] 316847K->300463K(812572K), 0.0030127 secs] [Times: user=0.00 sys=0.01, real=0.00 secs] 
2020-10-29T15:51:31.421+0000: [GC (Allocation Failure) 2020-10-29T15:51:31.421+0000: [ParNew: 16388K->4K(18432K), 0.0028818 secs] 316847K->300463K(812572K), 0.0029286 secs] [Times: user=0.00 sys=0.00, real=0.01 secs] 
2020-10-29T15:51:31.439+0000: [GC (Allocation Failure) 2020-10-29T15:51:31.439+0000: [ParNew: 16388K->4K(18432K), 0.0027398 secs] 316847K->300463K(812572K), 0.0027939 secs] [Times: user=0.01 sys=0.00, real=0.00 secs] 
2020-10-29T15:51:31.457+0000: [GC (Allocation Failure) 2020-10-29T15:51:31.457+0000: [ParNew: 16388K->4K(18432K), 0.0030672 secs] 316847K->300463K(812572K), 0.0031182 secs] [Times: user=0.00 sys=0.00, real=0.00 secs] 
2020-10-29T15:51:31.475+0000: [GC (Allocation Failure) 2020-10-29T15:51:31.475+0000: [ParNew: 16388K->4K(18432K), 0.0029503 secs] 316847K->300463K(812572K), 0.0029959 secs] [Times: user=0.01 sys=0.00, real=0.00 secs] 
2020-10-29T15:51:31.493+0000: [GC (Allocation Failure) 2020-10-29T15:51:31.493+0000: [ParNew: 16388K->4K(18432K), 0.0030711 secs] 316847K->300463K(812572K), 0.0031216 secs] [Times: user=0.01 sys=0.00, real=0.00 secs] 
2020-10-29T15:51:31.511+0000: [GC (Allocation Failure) 2020-10-29T15:51:31.511+0000: [ParNew: 16388K->4K(18432K), 0.0030444 secs] 316847K->300463K(812572K), 0.0030956 secs] [Times: user=0.00 sys=0.00, real=0.00 secs] 
2020-10-29T15:51:31.530+0000: [GC (Allocation Failure) 2020-10-29T15:51:31.530+0000: [ParNew: 16388K->4K(18432K), 0.0028657 secs] 316847K->300463K(812572K), 0.0029139 secs] [Times: user=0.00 sys=0.00, real=0.00 secs] 
2020-10-29T15:51:31.542+0000: [GC (Allocation Failure) 2020-10-29T15:51:31.542+0000: [ParNew: 16388K->4K(18432K), 0.0036204 secs] 316847K->308655K(812572K), 0.0036654 secs] [Times: user=0.01 sys=0.00, real=0.01 secs] 
2020-10-29T15:51:31.560+0000: [GC (Allocation Failure) 2020-10-29T15:51:31.560+0000: [ParNew: 16388K->4K(18432K), 0.0028638 secs] 325039K->308655K(812572K), 0.0029092 secs] [Times: user=0.01 sys=0.00, real=0.01 secs] 
2020-10-29T15:51:31.582+0000: [GC (Allocation Failure) 2020-10-29T15:51:31.582+0000: [ParNew: 16388K->4K(18432K), 0.0028045 secs] 325039K->308655K(812572K), 0.0028507 secs] [Times: user=0.00 sys=0.00, real=0.01 secs] 
2020-10-29T15:51:31.600+0000: [GC (Allocation Failure) 2020-10-29T15:51:31.600+0000: [ParNew: 16388K->4K(18432K), 0.0028425 secs] 325039K->308655K(812572K), 0.0028847 secs] [Times: user=0.01 sys=0.00, real=0.01 secs] 
2020-10-29T15:51:31.617+0000: [GC (Allocation Failure) 2020-10-29T15:51:31.617+0000: [ParNew: 16388K->4K(18432K), 0.0029197 secs] 325039K->308655K(812572K), 0.0029668 secs] [Times: user=0.01 sys=0.00, real=0.00 secs] 
2020-10-29T15:51:31.638+0000: [GC (Allocation Failure) 2020-10-29T15:51:31.638+0000: [ParNew: 16388K->4K(18432K), 0.0028545 secs] 325039K->308655K(812572K), 0.0029024 secs] [Times: user=0.01 sys=0.00, real=0.00 secs] 
2020-10-29T15:51:31.658+0000: [GC (Allocation Failure) 2020-10-29T15:51:31.658+0000: [ParNew: 16388K->4K(18432K), 0.0030367 secs] 325039K->308655K(812572K), 0.0030886 secs] [Times: user=0.00 sys=0.00, real=0.00 secs] 
2020-10-29T15:51:31.676+0000: [GC (Allocation Failure) 2020-10-29T15:51:31.676+0000: [ParNew: 16388K->4K(18432K), 0.0029872 secs] 325039K->308655K(812572K), 0.0030373 secs] [Times: user=0.01 sys=0.00, real=0.00 secs] 
2020-10-29T15:51:31.694+0000: [GC (Allocation Failure) 2020-10-29T15:51:31.694+0000: [ParNew: 16388K->4K(18432K), 0.0030725 secs] 325039K->308655K(812572K), 0.0031231 secs] [Times: user=0.01 sys=0.00, real=0.00 secs] 
2020-10-29T15:51:31.713+0000: [GC (Allocation Failure) 2020-10-29T15:51:31.713+0000: [ParNew: 16388K->4K(18432K), 0.0030062 secs] 325039K->308655K(812572K), 0.0030569 secs] [Times: user=0.01 sys=0.00, real=0.00 secs] 
2020-10-29T15:51:31.731+0000: [GC (Allocation Failure) 2020-10-29T15:51:31.731+0000: [ParNew: 16388K->4K(18432K), 0.0029771 secs] 325039K->308655K(812572K), 0.0030228 secs] [Times: user=0.01 sys=0.00, real=0.00 secs] 
2020-10-29T15:51:31.749+0000: [GC (Allocation Failure) 2020-10-29T15:51:31.749+0000: [ParNew: 16388K->4K(18432K), 0.0028867 secs] 325039K->308655K(812572K), 0.0029346 secs] [Times: user=0.00 sys=0.00, real=0.01 secs] 
2020-10-29T15:51:31.767+0000: [GC (Allocation Failure) 2020-10-29T15:51:31.767+0000: [ParNew: 16388K->4K(18432K), 0.0027566 secs] 325039K->308655K(812572K), 0.0028034 secs] [Times: user=0.00 sys=0.00, real=0.00 secs] 
2020-10-29T15:51:31.786+0000: [GC (Allocation Failure) 2020-10-29T15:51:31.786+0000: [ParNew: 16388K->4K(18432K), 0.0028460 secs] 325039K->308655K(812572K), 0.0028915 secs] [Times: user=0.01 sys=0.00, real=0.00 secs] 
2020-10-29T15:51:31.806+0000: [GC (Allocation Failure) 2020-10-29T15:51:31.806+0000: [ParNew: 16388K->4K(18432K), 0.0029900 secs] 325039K->308655K(812572K), 0.0030413 secs] [Times: user=0.00 sys=0.00, real=0.00 secs] 
2020-10-29T15:51:31.826+0000: [GC (Allocation Failure) 2020-10-29T15:51:31.826+0000: [ParNew: 16388K->4K(18432K), 0.0029412 secs] 325039K->308655K(812572K), 0.0029857 secs] [Times: user=0.00 sys=0.00, real=0.00 secs] 
2020-10-29T15:51:31.844+0000: [GC (Allocation Failure) 2020-10-29T15:51:31.844+0000: [ParNew: 16388K->4K(18432K), 0.0028045 secs] 325039K->308655K(812572K), 0.0028465 secs] [Times: user=0.01 sys=0.00, real=0.00 secs] 
2020-10-29T15:51:31.866+0000: [GC (Allocation Failure) 2020-10-29T15:51:31.866+0000: [ParNew: 16366K->4K(18432K), 0.0028593 secs] 325017K->308655K(812572K), 0.0029067 secs] [Times: user=0.00 sys=0.00, real=0.00 secs] 
2020-10-29T15:51:31.884+0000: [GC (Allocation Failure) 2020-10-29T15:51:31.884+0000: [ParNew: 16388K->4K(18432K), 0.0029107 secs] 325039K->308655K(812572K), 0.0029585 secs] [Times: user=0.01 sys=0.00, real=0.00 secs] 
2020-10-29T15:51:31.895+0000: [GC (Allocation Failure) 2020-10-29T15:51:31.895+0000: [ParNew: 16388K->4K(18432K), 0.0040135 secs] 325039K->316847K(812572K), 0.0040694 secs] [Times: user=0.01 sys=0.00, real=0.00 secs] 
2020-10-29T15:51:31.923+0000: [GC (Allocation Failure) 2020-10-29T15:51:31.923+0000: [ParNew: 16388K->4K(18432K), 0.0031567 secs] 333231K->316847K(812572K), 0.0032173 secs] [Times: user=0.01 sys=0.00, real=0.00 secs] 
2020-10-29T15:51:31.945+0000: [GC (Allocation Failure) 2020-10-29T15:51:31.946+0000: [ParNew: 16388K->4K(18432K), 0.0031014 secs] 333231K->316847K(812572K), 0.0031479 secs] [Times: user=0.00 sys=0.00, real=0.00 secs] 
2020-10-29T15:51:31.966+0000: [GC (Allocation Failure) 2020-10-29T15:51:31.966+0000: [ParNew: 16388K->4K(18432K), 0.0030058 secs] 333231K->316847K(812572K), 0.0030531 secs] [Times: user=0.01 sys=0.00, real=0.00 secs] 
2020-10-29T15:51:31.984+0000: [GC (Allocation Failure) 2020-10-29T15:51:31.984+0000: [ParNew: 16388K->4K(18432K), 0.0031648 secs] 333231K->316847K(812572K), 0.0032192 secs] [Times: user=0.01 sys=0.00, real=0.00 secs] 
2020-10-29T15:51:32.006+0000: [GC (Allocation Failure) 2020-10-29T15:51:32.006+0000: [ParNew: 16388K->4K(18432K), 0.0031060 secs] 333231K->316847K(812572K), 0.0031579 secs] [Times: user=0.01 sys=0.00, real=0.00 secs] 
2020-10-29T15:51:32.025+0000: [GC (Allocation Failure) 2020-10-29T15:51:32.025+0000: [ParNew: 16388K->4K(18432K), 0.0030353 secs] 333231K->316847K(812572K), 0.0030834 secs] [Times: user=0.01 sys=0.00, real=0.00 secs] 
2020-10-29T15:51:32.046+0000: [GC (Allocation Failure) 2020-10-29T15:51:32.046+0000: [ParNew: 16388K->4K(18432K), 0.0031035 secs] 333231K->316847K(812572K), 0.0031557 secs] [Times: user=0.00 sys=0.00, real=0.00 secs] 
2020-10-29T15:51:32.058+0000: [GC (Allocation Failure) 2020-10-29T15:51:32.058+0000: [ParNew: 16388K->4K(18432K), 0.0040248 secs] 333231K->325039K(812572K), 0.0040821 secs] [Times: user=0.01 sys=0.00, real=0.00 secs] 
2020-10-29T15:51:32.078+0000: [GC (Allocation Failure) 2020-10-29T15:51:32.078+0000: [ParNew: 16388K->4K(18432K), 0.0030008 secs] 341423K->325039K(812572K), 0.0030471 secs] [Times: user=0.01 sys=0.00, real=0.00 secs] 
2020-10-29T15:51:32.097+0000: [GC (Allocation Failure) 2020-10-29T15:51:32.097+0000: [ParNew: 16388K->4K(18432K), 0.0031257 secs] 341423K->325039K(812572K), 0.0031710 secs] [Times: user=0.01 sys=0.00, real=0.00 secs] 
2020-10-29T15:51:32.115+0000: [GC (Allocation Failure) 2020-10-29T15:51:32.115+0000: [ParNew: 16388K->4K(18432K), 0.0029869 secs] 341423K->325039K(812572K), 0.0030397 secs] [Times: user=0.00 sys=0.00, real=0.00 secs] 
2020-10-29T15:51:32.134+0000: [GC (Allocation Failure) 2020-10-29T15:51:32.134+0000: [ParNew: 16388K->4K(18432K), 0.0029490 secs] 341423K->325039K(812572K), 0.0029950 secs] [Times: user=0.01 sys=0.00, real=0.00 secs] 
2020-10-29T15:51:32.154+0000: [GC (Allocation Failure) 2020-10-29T15:51:32.154+0000: [ParNew: 16388K->4K(18432K), 0.0028963 secs] 341423K->325039K(812572K), 0.0029477 secs] [Times: user=0.01 sys=0.00, real=0.00 secs] 
2020-10-29T15:51:32.174+0000: [GC (Allocation Failure) 2020-10-29T15:51:32.174+0000: [ParNew: 16388K->4K(18432K), 0.0027998 secs] 341423K->325039K(812572K), 0.0028413 secs] [Times: user=0.01 sys=0.00, real=0.00 secs] 
2020-10-29T15:51:32.194+0000: [GC (Allocation Failure) 2020-10-29T15:51:32.194+0000: [ParNew: 16388K->4K(18432K), 0.0031229 secs] 341423K->325039K(812572K), 0.0031785 secs] [Times: user=0.01 sys=0.00, real=0.00 secs] 
2020-10-29T15:51:32.214+0000: [GC (Allocation Failure) 2020-10-29T15:51:32.214+0000: [ParNew: 16388K->4K(18432K), 0.0030968 secs] 341423K->325039K(812572K), 0.0031476 secs] [Times: user=0.00 sys=0.00, real=0.00 secs] 
2020-10-29T15:51:32.233+0000: [GC (Allocation Failure) 2020-10-29T15:51:32.233+0000: [ParNew: 16388K->4K(18432K), 0.0030253 secs] 341423K->325039K(812572K), 0.0030876 secs] [Times: user=0.01 sys=0.00, real=0.00 secs] 
2020-10-29T15:51:32.251+0000: [GC (Allocation Failure) 2020-10-29T15:51:32.251+0000: [ParNew: 16388K->4K(18432K), 0.0031225 secs] 341423K->325039K(812572K), 0.0031770 secs] [Times: user=0.00 sys=0.00, real=0.00 secs] 
2020-10-29T15:51:32.270+0000: [GC (Allocation Failure) 2020-10-29T15:51:32.270+0000: [ParNew: 16388K->4K(18432K), 0.0030727 secs] 341423K->325039K(812572K), 0.0031263 secs] [Times: user=0.00 sys=0.00, real=0.00 secs] 
2020-10-29T15:51:32.290+0000: [GC (Allocation Failure) 2020-10-29T15:51:32.290+0000: [ParNew: 16388K->4K(18432K), 0.0030678 secs] 341423K->325039K(812572K), 0.0031218 secs] [Times: user=0.01 sys=0.00, real=0.00 secs] 
2020-10-29T15:51:32.309+0000: [GC (Allocation Failure) 2020-10-29T15:51:32.309+0000: [ParNew: 16388K->4K(18432K), 0.0032154 secs] 341423K->325039K(812572K), 0.0032716 secs] [Times: user=0.01 sys=0.00, real=0.01 secs] 
2020-10-29T15:51:32.330+0000: [GC (Allocation Failure) 2020-10-29T15:51:32.330+0000: [ParNew: 16388K->4K(18432K), 0.0031254 secs] 341423K->325039K(812572K), 0.0031812 secs] [Times: user=0.01 sys=0.00, real=0.00 secs] 
2020-10-29T15:51:32.349+0000: [GC (Allocation Failure) 2020-10-29T15:51:32.349+0000: [ParNew: 16388K->4K(18432K), 0.0031462 secs] 341423K->325039K(812572K), 0.0031997 secs] [Times: user=0.01 sys=0.00, real=0.01 secs] 
2020-10-29T15:51:32.370+0000: [GC (Allocation Failure) 2020-10-29T15:51:32.370+0000: [ParNew: 16388K->4K(18432K), 0.0031446 secs] 341423K->325039K(812572K), 0.0032001 secs] [Times: user=0.01 sys=0.00, real=0.00 secs] 
2020-10-29T15:51:32.393+0000: [GC (Allocation Failure) 2020-10-29T15:51:32.393+0000: [ParNew: 16388K->4K(18432K), 0.0030393 secs] 341423K->325039K(812572K), 0.0030887 secs] [Times: user=0.01 sys=0.00, real=0.00 secs] 
2020-10-29T15:51:32.413+0000: [GC (Allocation Failure) 2020-10-29T15:51:32.413+0000: [ParNew: 16388K->4K(18432K), 0.0030116 secs] 341423K->325039K(812572K), 0.0030613 secs] [Times: user=0.00 sys=0.00, real=0.00 secs] 
2020-10-29T15:51:32.432+0000: [GC (Allocation Failure) 2020-10-29T15:51:32.432+0000: [ParNew: 16388K->4K(18432K), 0.0030252 secs] 341423K->325039K(812572K), 0.0030723 secs] [Times: user=0.01 sys=0.00, real=0.00 secs] 
2020-10-29T15:51:32.450+0000: [GC (Allocation Failure) 2020-10-29T15:51:32.450+0000: [ParNew: 16388K->4K(18432K), 0.0031195 secs] 341423K->325039K(812572K), 0.0031692 secs] [Times: user=0.00 sys=0.00, real=0.01 secs] 
2020-10-29T15:51:32.470+0000: [GC (Allocation Failure) 2020-10-29T15:51:32.470+0000: [ParNew: 16388K->4K(18432K), 0.0029945 secs] 341423K->325039K(812572K), 0.0030442 secs] [Times: user=0.01 sys=0.00, real=0.00 secs] 
2020-10-29T15:51:32.489+0000: [GC (Allocation Failure) 2020-10-29T15:51:32.489+0000: [ParNew: 16388K->4K(18432K), 0.0030599 secs] 341423K->325039K(812572K), 0.0031067 secs] [Times: user=0.01 sys=0.00, real=0.01 secs] 
2020-10-29T15:51:32.500+0000: [GC (Allocation Failure) 2020-10-29T15:51:32.500+0000: [ParNew: 8527K->4K(18432K), 0.0029331 secs] 333562K->325039K(812572K), 0.0029747 secs] [Times: user=0.00 sys=0.00, real=0.01 secs] 
2020-10-29T15:51:32.514+0000: [GC (Allocation Failure) 2020-10-29T15:51:32.514+0000: [ParNew: 16388K->4K(18432K), 0.0038406 secs] 341423K->333231K(812572K), 0.0039002 secs] [Times: user=0.01 sys=0.00, real=0.00 secs] 
2020-10-29T15:51:32.533+0000: [GC (Allocation Failure) 2020-10-29T15:51:32.533+0000: [ParNew: 16388K->4K(18432K), 0.0029306 secs] 349615K->333231K(812572K), 0.0029743 secs] [Times: user=0.01 sys=0.00, real=0.00 secs] 
2020-10-29T15:51:32.552+0000: [GC (Allocation Failure) 2020-10-29T15:51:32.552+0000: [ParNew: 13714K->2K(18432K), 0.0057912 secs] 346942K->333229K(812572K), 0.0058508 secs] [Times: user=0.01 sys=0.00, real=0.00 secs] 
2020-10-29T15:51:32.567+0000: [GC (Allocation Failure) 2020-10-29T15:51:32.567+0000: [ParNew: 16386K->2K(18432K), 0.0061874 secs] 349613K->341421K(812572K), 0.0062358 secs] [Times: user=0.01 sys=0.00, real=0.01 secs] 
2020-10-29T15:51:32.590+0000: [GC (Allocation Failure) 2020-10-29T15:51:32.590+0000: [ParNew: 16386K->4K(18432K), 0.0029301 secs] 357805K->341423K(812572K), 0.0029774 secs] [Times: user=0.00 sys=0.00, real=0.00 secs] 
2020-10-29T15:51:32.610+0000: [GC (Allocation Failure) 2020-10-29T15:51:32.610+0000: [ParNew: 16388K->4K(18432K), 0.0029812 secs] 357807K->341423K(812572K), 0.0030311 secs] [Times: user=0.00 sys=0.00, real=0.00 secs] 
2020-10-29T15:51:32.628+0000: [GC (Allocation Failure) 2020-10-29T15:51:32.628+0000: [ParNew: 16388K->4K(18432K), 0.0029265 secs] 357807K->341423K(812572K), 0.0029743 secs] [Times: user=0.01 sys=0.00, real=0.01 secs] 
2020-10-29T15:51:32.650+0000: [GC (Allocation Failure) 2020-10-29T15:51:32.650+0000: [ParNew: 16388K->4K(18432K), 0.0030287 secs] 357807K->341423K(812572K), 0.0030779 secs] [Times: user=0.00 sys=0.00, real=0.01 secs] 
2020-10-29T15:51:32.668+0000: [GC (Allocation Failure) 2020-10-29T15:51:32.668+0000: [ParNew: 16388K->4K(18432K), 0.0029556 secs] 357807K->341423K(812572K), 0.0030048 secs] [Times: user=0.01 sys=0.00, real=0.01 secs] 
2020-10-29T15:51:32.686+0000: [GC (Allocation Failure) 2020-10-29T15:51:32.686+0000: [ParNew: 16388K->4K(18432K), 0.0029731 secs] 357807K->341423K(812572K), 0.0030238 secs] [Times: user=0.00 sys=0.00, real=0.00 secs] 
2020-10-29T15:51:32.705+0000: [GC (Allocation Failure) 2020-10-29T15:51:32.705+0000: [ParNew: 16388K->4K(18432K), 0.0036532 secs] 357807K->341423K(812572K), 0.0037044 secs] [Times: user=0.01 sys=0.00, real=0.00 secs] 
2020-10-29T15:51:32.724+0000: [GC (Allocation Failure) 2020-10-29T15:51:32.724+0000: [ParNew: 16388K->4K(18432K), 0.0029733 secs] 357807K->341423K(812572K), 0.0030211 secs] [Times: user=0.00 sys=0.00, real=0.00 secs] 
2020-10-29T15:51:32.742+0000: [GC (Allocation Failure) 2020-10-29T15:51:32.742+0000: [ParNew: 16388K->4K(18432K), 0.0029966 secs] 357807K->341423K(812572K), 0.0030441 secs] [Times: user=0.01 sys=0.00, real=0.01 secs] 
2020-10-29T15:51:32.762+0000: [GC (Allocation Failure) 2020-10-29T15:51:32.762+0000: [ParNew: 16388K->4K(18432K), 0.0029900 secs] 357807K->341423K(812572K), 0.0030392 secs] [Times: user=0.01 sys=0.00, real=0.00 secs] 
2020-10-29T15:51:32.780+0000: [GC (Allocation Failure) 2020-10-29T15:51:32.780+0000: [ParNew: 16388K->4K(18432K), 0.0029831 secs] 357807K->341423K(812572K), 0.0030323 secs] [Times: user=0.00 sys=0.00, real=0.01 secs] 
2020-10-29T15:51:32.798+0000: [GC (Allocation Failure) 2020-10-29T15:51:32.798+0000: [ParNew: 16388K->4K(18432K), 0.0029651 secs] 357807K->341423K(812572K), 0.0030145 secs] [Times: user=0.01 sys=0.00, real=0.00 secs] 
2020-10-29T15:51:32.818+0000: [GC (Allocation Failure) 2020-10-29T15:51:32.818+0000: [ParNew: 16388K->4K(18432K), 0.0029333 secs] 357807K->341423K(812572K), 0.0029824 secs] [Times: user=0.01 sys=0.00, real=0.00 secs] 
2020-10-29T15:51:32.838+0000: [GC (Allocation Failure) 2020-10-29T15:51:32.838+0000: [ParNew: 16388K->4K(18432K), 0.0030124 secs] 357807K->341423K(812572K), 0.0030635 secs] [Times: user=0.00 sys=0.00, real=0.00 secs] 
2020-10-29T15:51:32.856+0000: [GC (Allocation Failure) 2020-10-29T15:51:32.856+0000: [ParNew: 16388K->4K(18432K), 0.0030084 secs] 357807K->341423K(812572K), 0.0030569 secs] [Times: user=0.01 sys=0.00, real=0.00 secs] 
2020-10-29T15:51:32.878+0000: [GC (Allocation Failure) 2020-10-29T15:51:32.878+0000: [ParNew: 16388K->4K(18432K), 0.0029980 secs] 357807K->341423K(812572K), 0.0030464 secs] [Times: user=0.01 sys=0.00, real=0.00 secs] 
2020-10-29T15:51:32.898+0000: [GC (Allocation Failure) 2020-10-29T15:51:32.898+0000: [ParNew: 16388K->4K(18432K), 0.0029641 secs] 357807K->341423K(812572K), 0.0030137 secs] [Times: user=0.00 sys=0.00, real=0.00 secs] 
2020-10-29T15:51:32.917+0000: [GC (Allocation Failure) 2020-10-29T15:51:32.917+0000: [ParNew: 16388K->4K(18432K), 0.0030827 secs] 357807K->341423K(812572K), 0.0031353 secs] [Times: user=0.01 sys=0.00, real=0.00 secs] 
2020-10-29T15:51:32.935+0000: [GC (Allocation Failure) 2020-10-29T15:51:32.935+0000: [ParNew: 16388K->4K(18432K), 0.0030651 secs] 357807K->341423K(812572K), 0.0031157 secs] [Times: user=0.00 sys=0.00, real=0.00 secs] 
2020-10-29T15:51:32.953+0000: [GC (Allocation Failure) 2020-10-29T15:51:32.953+0000: [ParNew: 16388K->4K(18432K), 0.0036367 secs] 357807K->341423K(812572K), 0.0036871 secs] [Times: user=0.01 sys=0.00, real=0.00 secs] 
2020-10-29T15:51:32.972+0000: [GC (Allocation Failure) 2020-10-29T15:51:32.972+0000: [ParNew: 16388K->4K(18432K), 0.0030934 secs] 357807K->341423K(812572K), 0.0031444 secs] [Times: user=0.00 sys=0.00, real=0.00 secs] 
2020-10-29T15:51:32.990+0000: [GC (Allocation Failure) 2020-10-29T15:51:32.990+0000: [ParNew: 16388K->4K(18432K), 0.0030459 secs] 357807K->341423K(812572K), 0.0030971 secs] [Times: user=0.01 sys=0.00, real=0.00 secs] 
2020-10-29T15:51:33.009+0000: [GC (Allocation Failure) 2020-10-29T15:51:33.009+0000: [ParNew: 16388K->4K(18432K), 0.0031252 secs] 357807K->341423K(812572K), 0.0031774 secs] [Times: user=0.01 sys=0.00, real=0.01 secs] 
2020-10-29T15:51:33.027+0000: [GC (Allocation Failure) 2020-10-29T15:51:33.027+0000: [ParNew: 16388K->4K(18432K), 0.0030201 secs] 357807K->341423K(812572K), 0.0030701 secs] [Times: user=0.01 sys=0.00, real=0.00 secs] 
2020-10-29T15:51:33.048+0000: [GC (Allocation Failure) 2020-10-29T15:51:33.048+0000: [ParNew: 16388K->4K(18432K), 0.0031702 secs] 390575K->374191K(812572K), 0.0032272 secs] [Times: user=0.01 sys=0.00, real=0.01 secs] 
2020-10-29T15:51:33.054+0000: [GC (CMS Initial Mark) [1 CMS-initial-mark: 374187K(794140K)] 374581K(812572K), 0.0012852 secs] [Times: user=0.00 sys=0.00, real=0.00 secs] 
2020-10-29T15:51:33.056+0000: [CMS-concurrent-mark-start]
2020-10-29T15:51:33.071+0000: [GC (Allocation Failure) 2020-10-29T15:51:33.071+0000: [ParNew: 16388K->4K(18432K), 0.0040465 secs] 390575K->382383K(812572K), 0.0041045 secs] [Times: user=0.00 sys=0.00, real=0.00 secs] 
2020-10-29T15:51:33.092+0000: [GC (Allocation Failure) 2020-10-29T15:51:33.092+0000: [ParNew: 16388K->4K(18432K), 0.0030244 secs] 398767K->382383K(812572K), 0.0030936 secs] [Times: user=0.00 sys=0.00, real=0.00 secs] 
2020-10-29T15:51:33.110+0000: [GC (Allocation Failure) 2020-10-29T15:51:33.110+0000: [ParNew: 16388K->4K(18432K), 0.0039345 secs] 398767K->390575K(812572K), 0.0039876 secs] [Times: user=0.01 sys=0.00, real=0.01 secs] 
2020-10-29T15:51:33.134+0000: [GC (Allocation Failure) 2020-10-29T15:51:33.134+0000: [ParNew: 16388K->4K(18432K), 0.0030355 secs] 406959K->390575K(812572K), 0.0030894 secs] [Times: user=0.00 sys=0.00, real=0.00 secs] 
2020-10-29T15:51:33.158+0000: [GC (Allocation Failure) 2020-10-29T15:51:33.158+0000: [ParNew: 16388K->4K(18432K), 0.0030600 secs] 406959K->390575K(812572K), 0.0031153 secs] [Times: user=0.00 sys=0.00, real=0.00 secs] 
2020-10-29T15:51:33.176+0000: [CMS-concurrent-mark: 0.088/0.120 secs] [Times: user=0.23 sys=0.01, real=0.12 secs] 
2020-10-29T15:51:33.176+0000: [CMS-concurrent-preclean-start]
2020-10-29T15:51:33.179+0000: [CMS-concurrent-preclean: 0.003/0.003 secs] [Times: user=0.01 sys=0.00, real=0.00 secs] 
2020-10-29T15:51:33.179+0000: [CMS-concurrent-abortable-preclean-start]
2020-10-29T15:51:33.186+0000: [GC (Allocation Failure) 2020-10-29T15:51:33.186+0000: [ParNew: 16388K->4K(18432K), 0.0027314 secs] 406959K->390575K(812572K), 0.0027737 secs] [Times: user=0.00 sys=0.00, real=0.00 secs] 
2020-10-29T15:51:33.204+0000: [GC (Allocation Failure) 2020-10-29T15:51:33.204+0000: [ParNew: 16388K->4K(18432K), 0.0029652 secs] 406959K->390576K(812572K), 0.0030177 secs] [Times: user=0.01 sys=0.00, real=0.00 secs] 
2020-10-29T15:51:33.226+0000: [GC (Allocation Failure) 2020-10-29T15:51:33.226+0000: [ParNew: 16388K->4K(18432K), 0.0028934 secs] 406960K->390576K(812572K), 0.0029452 secs] [Times: user=0.01 sys=0.00, real=0.00 secs] 
2020-10-29T15:51:33.245+0000: [GC (Allocation Failure) 2020-10-29T15:51:33.245+0000: [ParNew: 16388K->4K(18432K), 0.0027123 secs] 406960K->390576K(812572K), 0.0027771 secs] [Times: user=0.01 sys=0.00, real=0.00 secs] 
2020-10-29T15:51:33.266+0000: [GC (Allocation Failure) 2020-10-29T15:51:33.266+0000: [ParNew: 16388K->4K(18432K), 0.0029852 secs] 406960K->390576K(812572K), 0.0030368 secs] [Times: user=0.01 sys=0.00, real=0.00 secs] 
2020-10-29T15:51:33.285+0000: [GC (Allocation Failure) 2020-10-29T15:51:33.285+0000: [ParNew: 16388K->4K(18432K), 0.0030106 secs] 406960K->390576K(812572K), 0.0030644 secs] [Times: user=0.00 sys=0.00, real=0.00 secs] 
2020-10-29T15:51:33.305+0000: [GC (Allocation Failure) 2020-10-29T15:51:33.305+0000: [ParNew: 16388K->4K(18432K), 0.0029446 secs] 406960K->390576K(812572K), 0.0029976 secs] [Times: user=0.00 sys=0.00, real=0.00 secs] 
2020-10-29T15:51:33.324+0000: [GC (Allocation Failure) 2020-10-29T15:51:33.324+0000: [ParNew: 16388K->4K(18432K), 0.0027938 secs] 406960K->390576K(812572K), 0.0028467 secs] [Times: user=0.01 sys=0.00, real=0.00 secs] 
2020-10-29T15:51:33.346+0000: [GC (Allocation Failure) 2020-10-29T15:51:33.346+0000: [ParNew: 16388K->4K(18432K), 0.0030260 secs] 406960K->390576K(812572K), 0.0030735 secs] [Times: user=0.01 sys=0.00, real=0.00 secs] 
2020-10-29T15:51:33.366+0000: [GC (Allocation Failure) 2020-10-29T15:51:33.366+0000: [ParNew: 16388K->4K(18432K), 0.0029465 secs] 406960K->390576K(812572K), 0.0029969 secs] [Times: user=0.00 sys=0.00, real=0.00 secs] 
2020-10-29T15:51:33.386+0000: [GC (Allocation Failure) 2020-10-29T15:51:33.386+0000: [ParNew: 16388K->4K(18432K), 0.0029543 secs] 406960K->390576K(812572K), 0.0030058 secs] [Times: user=0.00 sys=0.00, real=0.00 secs] 
2020-10-29T15:51:33.405+0000: [GC (Allocation Failure) 2020-10-29T15:51:33.405+0000: [ParNew: 16388K->4K(18432K), 0.0030104 secs] 406960K->390576K(812572K), 0.0030872 secs] [Times: user=0.00 sys=0.00, real=0.00 secs] 
2020-10-29T15:51:33.426+0000: [GC (Allocation Failure) 2020-10-29T15:51:33.426+0000: [ParNew: 16388K->4K(18432K), 0.0028338 secs] 406960K->390576K(812572K), 0.0028836 secs] [Times: user=0.01 sys=0.00, real=0.00 secs] 
2020-10-29T15:51:33.445+0000: [GC (Allocation Failure) 2020-10-29T15:51:33.445+0000: [ParNew: 16388K->4K(18432K), 0.0028122 secs] 406960K->390576K(812572K), 0.0028604 secs] [Times: user=0.00 sys=0.00, real=0.00 secs] 
2020-10-29T15:51:33.464+0000: [GC (Allocation Failure) 2020-10-29T15:51:33.464+0000: [ParNew: 16388K->4K(18432K), 0.0027346 secs] 406960K->390576K(812572K), 0.0027821 secs] [Times: user=0.01 sys=0.00, real=0.00 secs] 
2020-10-29T15:51:33.486+0000: [GC (Allocation Failure) 2020-10-29T15:51:33.486+0000: [ParNew: 16388K->4K(18432K), 0.0027539 secs] 406960K->390576K(812572K), 0.0028018 secs] [Times: user=0.00 sys=0.00, real=0.00 secs] 
2020-10-29T15:51:33.505+0000: [GC (Allocation Failure) 2020-10-29T15:51:33.505+0000: [ParNew: 16388K->4K(18432K), 0.0029346 secs] 406960K->390576K(812572K), 0.0029876 secs] [Times: user=0.01 sys=0.00, real=0.00 secs] 
2020-10-29T15:51:33.524+0000: [GC (Allocation Failure) 2020-10-29T15:51:33.524+0000: [ParNew: 16388K->4K(18432K), 0.0028045 secs] 406960K->390576K(812572K), 0.0028627 secs] [Times: user=0.00 sys=0.00, real=0.00 secs] 
2020-10-29T15:51:33.546+0000: [GC (Allocation Failure) 2020-10-29T15:51:33.546+0000: [ParNew: 16388K->4K(18432K), 0.0028102 secs] 406960K->390576K(812572K), 0.0028597 secs] [Times: user=0.01 sys=0.00, real=0.00 secs] 
2020-10-29T15:51:33.566+0000: [GC (Allocation Failure) 2020-10-29T15:51:33.566+0000: [ParNew: 16388K->4K(18432K), 0.0026904 secs] 406960K->390576K(812572K), 0.0027489 secs] [Times: user=0.01 sys=0.00, real=0.00 secs] 
2020-10-29T15:51:33.579+0000: [GC (Allocation Failure) 2020-10-29T15:51:33.579+0000: [ParNew: 16388K->4K(18432K), 0.0033385 secs] 406960K->398768K(812572K), 0.0033861 secs] [Times: user=0.01 sys=0.00, real=0.00 secs] 
2020-10-29T15:51:33.599+0000: [GC (Allocation Failure) 2020-10-29T15:51:33.599+0000: [ParNew: 16388K->4K(18432K), 0.0029962 secs] 415152K->398768K(812572K), 0.0030495 secs] [Times: user=0.01 sys=0.00, real=0.00 secs] 
2020-10-29T15:51:33.620+0000: [GC (Allocation Failure) 2020-10-29T15:51:33.621+0000: [ParNew: 16388K->4K(18432K), 0.0029809 secs] 415152K->398768K(812572K), 0.0030344 secs] [Times: user=0.01 sys=0.00, real=0.01 secs] 
2020-10-29T15:51:33.640+0000: [GC (Allocation Failure) 2020-10-29T15:51:33.640+0000: [ParNew: 16388K->4K(18432K), 0.0028957 secs] 415152K->398768K(812572K), 0.0029489 secs] [Times: user=0.00 sys=0.00, real=0.01 secs] 
2020-10-29T15:51:33.662+0000: [GC (Allocation Failure) 2020-10-29T15:51:33.662+0000: [ParNew: 16388K->4K(18432K), 0.0030188 secs] 415152K->398768K(812572K), 0.0030726 secs] [Times: user=0.01 sys=0.00, real=0.00 secs] 
2020-10-29T15:51:33.682+0000: [GC (Allocation Failure) 2020-10-29T15:51:33.682+0000: [ParNew: 16388K->4K(18432K), 0.0029413 secs] 415152K->398768K(812572K), 0.0029942 secs] [Times: user=0.00 sys=0.00, real=0.00 secs] 
2020-10-29T15:51:33.701+0000: [GC (Allocation Failure) 2020-10-29T15:51:33.701+0000: [ParNew: 16388K->4K(18432K), 0.0026996 secs] 415152K->398768K(812572K), 0.0027466 secs] [Times: user=0.00 sys=0.00, real=0.01 secs] 
2020-10-29T15:51:33.722+0000: [GC (Allocation Failure) 2020-10-29T15:51:33.722+0000: [ParNew: 16388K->4K(18432K), 0.0027439 secs] 415152K->398768K(812572K), 0.0027932 secs] [Times: user=0.01 sys=0.00, real=0.00 secs] 
2020-10-29T15:51:33.742+0000: [GC (Allocation Failure) 2020-10-29T15:51:33.742+0000: [ParNew: 10987K->4K(18432K), 0.0030841 secs] 442519K->431536K(812572K), 0.0031415 secs] [Times: user=0.00 sys=0.00, real=0.00 secs] 
2020-10-29T15:51:33.758+0000: [GC (Allocation Failure) 2020-10-29T15:51:33.758+0000: [ParNew: 16388K->4K(18432K), 0.0037276 secs] 447920K->439728K(812572K), 0.0037746 secs] [Times: user=0.00 sys=0.00, real=0.00 secs] 
2020-10-29T15:51:33.762+0000: [CMS-concurrent-abortable-preclean: 0.050/0.583 secs] [Times: user=1.02 sys=0.04, real=0.59 secs] 
2020-10-29T15:51:33.763+0000: [GC (CMS Final Remark) [YG occupancy: 377 K (18432 K)]2020-10-29T15:51:33.763+0000: [Rescan (parallel) , 0.0017389 secs]2020-10-29T15:51:33.765+0000: [weak refs processing, 0.0000266 secs]2020-10-29T15:51:33.765+0000: [class unloading, 0.0090201 secs]2020-10-29T15:51:33.774+0000: [scrub symbol table, 0.0093782 secs]2020-10-29T15:51:33.783+0000: [scrub string table, 0.0005936 secs][1 CMS-remark: 439724K(794140K)] 440102K(812572K), 0.0208561 secs] [Times: user=0.02 sys=0.01, real=0.02 secs] 
2020-10-29T15:51:33.784+0000: [CMS-concurrent-sweep-start]
2020-10-29T15:51:33.797+0000: [CMS-concurrent-sweep: 0.013/0.013 secs] [Times: user=0.02 sys=0.00, real=0.01 secs] 
2020-10-29T15:51:33.797+0000: [CMS-concurrent-reset-start]
2020-10-29T15:51:33.799+0000: [CMS-concurrent-reset: 0.002/0.002 secs] [Times: user=0.00 sys=0.00, real=0.00 secs] 
2020-10-29T15:51:33.806+0000: [GC (Allocation Failure) 2020-10-29T15:51:33.806+0000: [ParNew: 16388K->4K(18432K), 0.0030631 secs] 443730K->427346K(812572K), 0.0031062 secs] [Times: user=0.01 sys=0.00, real=0.00 secs] 
2020-10-29T15:51:33.826+0000: [GC (Allocation Failure) 2020-10-29T15:51:33.826+0000: [ParNew: 16388K->4K(18432K), 0.0028507 secs] 443730K->427346K(812572K), 0.0028988 secs] [Times: user=0.01 sys=0.00, real=0.00 secs] 
2020-10-29T15:51:33.844+0000: [GC (Allocation Failure) 2020-10-29T15:51:33.844+0000: [ParNew: 16388K->4K(18432K), 0.0029040 secs] 443730K->427346K(812572K), 0.0029543 secs] [Times: user=0.01 sys=0.00, real=0.00 secs] 
2020-10-29T15:51:33.865+0000: [GC (Allocation Failure) 2020-10-29T15:51:33.865+0000: [ParNew: 16388K->4K(18432K), 0.0030030 secs] 443730K->427346K(812572K), 0.0030537 secs] [Times: user=0.01 sys=0.00, real=0.00 secs] 
2020-10-29T15:51:33.883+0000: [GC (Allocation Failure) 2020-10-29T15:51:33.883+0000: [ParNew: 16388K->4K(18432K), 0.0030022 secs] 443730K->427346K(812572K), 0.0030547 secs] [Times: user=0.00 sys=0.00, real=0.00 secs] 
2020-10-29T15:51:33.902+0000: [GC (Allocation Failure) 2020-10-29T15:51:33.902+0000: [ParNew: 16388K->4K(18432K), 0.0030950 secs] 443730K->427346K(812572K), 0.0031510 secs] [Times: user=0.01 sys=0.00, real=0.00 secs] 
2020-10-29T15:51:33.922+0000: [GC (Allocation Failure) 2020-10-29T15:51:33.922+0000: [ParNew: 16388K->4K(18432K), 0.0030234 secs] 443730K->427346K(812572K), 0.0030771 secs] [Times: user=0.01 sys=0.00, real=0.00 secs] 
2020-10-29T15:51:33.940+0000: [GC (Allocation Failure) 2020-10-29T15:51:33.941+0000: [ParNew: 16388K->4K(18432K), 0.0029501 secs] 443730K->427346K(812572K), 0.0030010 secs] [Times: user=0.00 sys=0.00, real=0.01 secs] 
2020-10-29T15:51:33.962+0000: [GC (Allocation Failure) 2020-10-29T15:51:33.962+0000: [ParNew: 16388K->4K(18432K), 0.0028568 secs] 443730K->427346K(812572K), 0.0029052 secs] [Times: user=0.00 sys=0.00, real=0.00 secs] 
2020-10-29T15:51:33.982+0000: [GC (Allocation Failure) 2020-10-29T15:51:33.982+0000: [ParNew: 16388K->4K(18432K), 0.0028682 secs] 443730K->427346K(812572K), 0.0029184 secs] [Times: user=0.01 sys=0.00, real=0.00 secs] 
2020-10-29T15:51:34.000+0000: [GC (Allocation Failure) 2020-10-29T15:51:34.000+0000: [ParNew: 16388K->4K(18432K), 0.0028483 secs] 443730K->427346K(812572K), 0.0028964 secs] [Times: user=0.01 sys=0.00, real=0.01 secs] 
2020-10-29T15:51:34.018+0000: [GC (Allocation Failure) 2020-10-29T15:51:34.018+0000: [ParNew: 16388K->4K(18432K), 0.0030449 secs] 443730K->427346K(812572K), 0.0031029 secs] [Times: user=0.00 sys=0.00, real=0.00 secs] 
2020-10-29T15:51:34.036+0000: [GC (Allocation Failure) 2020-10-29T15:51:34.036+0000: [ParNew: 16388K->4K(18432K), 0.0029797 secs] 443730K->427346K(812572K), 0.0030302 secs] [Times: user=0.01 sys=0.00, real=0.00 secs] 
2020-10-29T15:51:34.054+0000: [GC (Allocation Failure) 2020-10-29T15:51:34.054+0000: [ParNew: 16388K->4K(18432K), 0.0028092 secs] 443730K->427346K(812572K), 0.0028581 secs] [Times: user=0.00 sys=0.00, real=0.00 secs] 
2020-10-29T15:51:34.074+0000: [GC (Allocation Failure) 2020-10-29T15:51:34.074+0000: [ParNew: 16388K->4K(18432K), 0.0028312 secs] 443730K->427346K(812572K), 0.0028780 secs] [Times: user=0.01 sys=0.00, real=0.00 secs] 
2020-10-29T15:51:34.092+0000: [GC (Allocation Failure) 2020-10-29T15:51:34.092+0000: [ParNew: 16388K->4K(18432K), 0.0029908 secs] 443730K->427346K(812572K), 0.0030437 secs] [Times: user=0.00 sys=0.00, real=0.00 secs] 
2020-10-29T15:51:34.106+0000: [GC (Allocation Failure) 2020-10-29T15:51:34.106+0000: [ParNew: 11949K->4K(18432K), 0.0029025 secs] 439292K->427346K(812572K), 0.0029495 secs] [Times: user=0.00 sys=0.00, real=0.00 secs] 
2020-10-29T15:51:34.117+0000: [GC (Allocation Failure) 2020-10-29T15:51:34.117+0000: [ParNew: 16388K->4K(18432K), 0.0037160 secs] 443730K->435538K(812572K), 0.0037596 secs] [Times: user=0.01 sys=0.00, real=0.00 secs] 
2020-10-29T15:51:34.138+0000: [GC (Allocation Failure) 2020-10-29T15:51:34.138+0000: [ParNew: 16388K->4K(18432K), 0.0027851 secs] 451922K->435538K(812572K), 0.0028319 secs] [Times: user=0.00 sys=0.00, real=0.00 secs] 
2020-10-29T15:51:34.158+0000: [GC (Allocation Failure) 2020-10-29T15:51:34.158+0000: [ParNew: 16388K->4K(18432K), 0.0029211 secs] 451922K->435538K(812572K), 0.0029717 secs] [Times: user=0.01 sys=0.00, real=0.00 secs] 
2020-10-29T15:51:34.178+0000: [GC (Allocation Failure) 2020-10-29T15:51:34.178+0000: [ParNew: 16388K->4K(18432K), 0.0029332 secs] 451922K->435538K(812572K), 0.0029864 secs] [Times: user=0.01 sys=0.00, real=0.00 secs] 
2020-10-29T15:51:34.196+0000: [GC (Allocation Failure) 2020-10-29T15:51:34.196+0000: [ParNew: 16388K->4K(18432K), 0.0028094 secs] 451922K->435538K(812572K), 0.0028578 secs] [Times: user=0.00 sys=0.00, real=0.00 secs] 
2020-10-29T15:51:34.218+0000: [GC (Allocation Failure) 2020-10-29T15:51:34.218+0000: [ParNew: 16388K->4K(18432K), 0.0028223 secs] 451922K->435538K(812572K), 0.0028781 secs] [Times: user=0.00 sys=0.00, real=0.00 secs] 
2020-10-29T15:51:34.238+0000: [GC (Allocation Failure) 2020-10-29T15:51:34.238+0000: [ParNew: 16388K->4K(18432K), 0.0029750 secs] 451922K->435538K(812572K), 0.0030279 secs] [Times: user=0.01 sys=0.00, real=0.00 secs] 
2020-10-29T15:51:34.256+0000: [GC (Allocation Failure) 2020-10-29T15:51:34.256+0000: [ParNew: 16388K->4K(18432K), 0.0031740 secs] 451922K->435538K(812572K), 0.0032274 secs] [Times: user=0.00 sys=0.00, real=0.00 secs] 
2020-10-29T15:51:34.278+0000: [GC (Allocation Failure) 2020-10-29T15:51:34.278+0000: [ParNew: 16388K->4K(18432K), 0.0028974 secs] 451922K->435538K(812572K), 0.0029480 secs] [Times: user=0.01 sys=0.00, real=0.00 secs] 
2020-10-29T15:51:34.296+0000: [GC (Allocation Failure) 2020-10-29T15:51:34.296+0000: [ParNew: 16388K->4K(18432K), 0.0029514 secs] 451922K->435538K(812572K), 0.0030032 secs] [Times: user=0.01 sys=0.00, real=0.00 secs] 
2020-10-29T15:51:34.318+0000: [GC (Allocation Failure) 2020-10-29T15:51:34.318+0000: [ParNew: 16388K->4K(18432K), 0.0028757 secs] 451922K->435538K(812572K), 0.0029261 secs] [Times: user=0.00 sys=0.01, real=0.00 secs] 
2020-10-29T15:51:34.337+0000: [GC (Allocation Failure) 2020-10-29T15:51:34.337+0000: [ParNew: 16388K->4K(18432K), 0.0029342 secs] 451922K->435538K(812572K), 0.0029848 secs] [Times: user=0.00 sys=0.00, real=0.00 secs] 
2020-10-29T15:51:34.358+0000: [GC (Allocation Failure) 2020-10-29T15:51:34.358+0000: [ParNew: 16388K->4K(18432K), 0.0027925 secs] 451922K->435538K(812572K), 0.0028401 secs] [Times: user=0.01 sys=0.00, real=0.00 secs] 
2020-10-29T15:51:34.376+0000: [GC (Allocation Failure) 2020-10-29T15:51:34.376+0000: [ParNew: 16388K->4K(18432K), 0.0028134 secs] 451922K->435538K(812572K), 0.0028591 secs] [Times: user=0.01 sys=0.00, real=0.00 secs] 
2020-10-29T15:51:34.394+0000: [GC (Allocation Failure) 2020-10-29T15:51:34.394+0000: [ParNew: 16388K->4K(18432K), 0.0028821 secs] 451922K->435538K(812572K), 0.0029402 secs] [Times: user=0.01 sys=0.00, real=0.00 secs] 
2020-10-29T15:51:34.410+0000: [GC (Allocation Failure) 2020-10-29T15:51:34.410+0000: [ParNew: 10004K->4K(18432K), 0.0024925 secs] 445539K->435538K(812572K), 0.0025360 secs] [Times: user=0.00 sys=0.00, real=0.01 secs] 
2020-10-29T15:51:34.421+0000: [GC (Allocation Failure) 2020-10-29T15:51:34.421+0000: [ParNew: 16388K->4K(18432K), 0.0035805 secs] 451922K->443730K(812572K), 0.0036260 secs] [Times: user=0.00 sys=0.00, real=0.01 secs] 
2020-10-29T15:51:34.439+0000: [GC (Allocation Failure) 2020-10-29T15:51:34.439+0000: [ParNew: 16388K->4K(18432K), 0.0028557 secs] 460114K->443730K(812572K), 0.0029039 secs] [Times: user=0.01 sys=0.00, real=0.01 secs] 
2020-10-29T15:51:34.457+0000: [GC (Allocation Failure) 2020-10-29T15:51:34.457+0000: [ParNew: 16388K->4K(18432K), 0.0027826 secs] 460114K->443730K(812572K), 0.0028303 secs] [Times: user=0.00 sys=0.00, real=0.00 secs] 
2020-10-29T15:51:34.478+0000: [GC (Allocation Failure) 2020-10-29T15:51:34.478+0000: [ParNew: 16388K->4K(18432K), 0.0028470 secs] 460114K->443730K(812572K), 0.0028971 secs] [Times: user=0.00 sys=0.00, real=0.00 secs] 
2020-10-29T15:51:34.498+0000: [GC (Allocation Failure) 2020-10-29T15:51:34.498+0000: [ParNew: 16388K->4K(18432K), 0.0028154 secs] 460114K->443730K(812572K), 0.0028641 secs] [Times: user=0.01 sys=0.00, real=0.00 secs] 
2020-10-29T15:51:34.516+0000: [GC (Allocation Failure) 2020-10-29T15:51:34.516+0000: [ParNew: 16388K->4K(18432K), 0.0029167 secs] 460114K->443730K(812572K), 0.0029671 secs] [Times: user=0.01 sys=0.00, real=0.00 secs] 
2020-10-29T15:51:34.534+0000: [GC (Allocation Failure) 2020-10-29T15:51:34.534+0000: [ParNew: 16388K->4K(18432K), 0.0029110 secs] 460114K->443730K(812572K), 0.0029620 secs] [Times: user=0.00 sys=0.00, real=0.00 secs] 
2020-10-29T15:51:34.556+0000: [GC (Allocation Failure) 2020-10-29T15:51:34.556+0000: [ParNew: 16388K->4K(18432K), 0.0036563 secs] 460114K->443730K(812572K), 0.0037225 secs] [Times: user=0.01 sys=0.00, real=0.00 secs] 
2020-10-29T15:51:34.578+0000: [GC (Allocation Failure) 2020-10-29T15:51:34.578+0000: [ParNew: 16388K->4K(18432K), 0.0028469 secs] 460114K->443730K(812572K), 0.0028940 secs] [Times: user=0.01 sys=0.00, real=0.00 secs] 
2020-10-29T15:51:34.596+0000: [GC (Allocation Failure) 2020-10-29T15:51:34.596+0000: [ParNew: 16388K->4K(18432K), 0.0028661 secs] 460114K->443730K(812572K), 0.0029146 secs] [Times: user=0.01 sys=0.00, real=0.00 secs] 
2020-10-29T15:51:34.610+0000: [GC (Allocation Failure) 2020-10-29T15:51:34.610+0000: [ParNew: 16388K->4K(18432K), 0.0035405 secs] 460114K->451922K(812572K), 0.0035843 secs] [Times: user=0.00 sys=0.00, real=0.00 secs] 
2020-10-29T15:51:34.630+0000: [GC (Allocation Failure) 2020-10-29T15:51:34.630+0000: [ParNew: 16388K->4K(18432K), 0.0027498 secs] 468306K->451922K(812572K), 0.0027954 secs] [Times: user=0.01 sys=0.00, real=0.00 secs] 
2020-10-29T15:51:34.650+0000: [GC (Allocation Failure) 2020-10-29T15:51:34.650+0000: [ParNew: 16388K->4K(18432K), 0.0027913 secs] 468306K->451922K(812572K), 0.0028402 secs] [Times: user=0.01 sys=0.00, real=0.00 secs] 
2020-10-29T15:51:34.670+0000: [GC (Allocation Failure) 2020-10-29T15:51:34.670+0000: [ParNew: 16388K->4K(18432K), 0.0028702 secs] 468306K->451922K(812572K), 0.0029216 secs] [Times: user=0.01 sys=0.00, real=0.00 secs] 
2020-10-29T15:51:34.690+0000: [GC (Allocation Failure) 2020-10-29T15:51:34.690+0000: [ParNew: 16388K->4K(18432K), 0.0028716 secs] 468306K->451922K(812572K), 0.0029206 secs] [Times: user=0.00 sys=0.00, real=0.00 secs] 
2020-10-29T15:51:34.709+0000: [GC (Allocation Failure) 2020-10-29T15:51:34.709+0000: [ParNew: 16388K->4K(18432K), 0.0032654 secs] 468306K->451922K(812572K), 0.0033129 secs] [Times: user=0.01 sys=0.00, real=0.01 secs] 
2020-10-29T15:51:34.727+0000: [GC (Allocation Failure) 2020-10-29T15:51:34.727+0000: [ParNew: 16388K->4K(18432K), 0.0028205 secs] 468306K->451922K(812572K), 0.0028673 secs] [Times: user=0.00 sys=0.00, real=0.00 secs] 
2020-10-29T15:51:34.745+0000: [GC (Allocation Failure) 2020-10-29T15:51:34.745+0000: [ParNew: 16388K->4K(18432K), 0.0026697 secs] 468306K->451922K(812572K), 0.0027157 secs] [Times: user=0.01 sys=0.00, real=0.00 secs] 
2020-10-29T15:51:34.763+0000: [GC (Allocation Failure) 2020-10-29T15:51:34.763+0000: [ParNew: 16388K->4K(18432K), 0.0028006 secs] 468306K->451922K(812572K), 0.0028480 secs] [Times: user=0.00 sys=0.00, real=0.00 secs] 
2020-10-29T15:51:34.781+0000: [GC (Allocation Failure) 2020-10-29T15:51:34.781+0000: [ParNew: 16388K->4K(18432K), 0.0028916 secs] 468306K->451922K(812572K), 0.0029425 secs] [Times: user=0.01 sys=0.00, real=0.01 secs] 
2020-10-29T15:51:34.802+0000: [GC (Allocation Failure) 2020-10-29T15:51:34.802+0000: [ParNew: 16388K->4K(18432K), 0.0027156 secs] 468306K->451922K(812572K), 0.0027636 secs] [Times: user=0.01 sys=0.00, real=0.00 secs] 
2020-10-29T15:51:34.822+0000: [GC (Allocation Failure) 2020-10-29T15:51:34.822+0000: [ParNew: 16388K->4K(18432K), 0.0044304 secs] 468306K->451922K(812572K), 0.0044778 secs] [Times: user=0.01 sys=0.00, real=0.00 secs] 
2020-10-29T15:51:34.842+0000: [GC (Allocation Failure) 2020-10-29T15:51:34.842+0000: [ParNew: 16388K->4K(18432K), 0.0029631 secs] 468306K->451922K(812572K), 0.0030181 secs] [Times: user=0.01 sys=0.00, real=0.00 secs] 
2020-10-29T15:51:34.862+0000: [GC (Allocation Failure) 2020-10-29T15:51:34.862+0000: [ParNew: 16388K->4K(18432K), 0.0028320 secs] 468306K->451922K(812572K), 0.0028811 secs] [Times: user=0.01 sys=0.00, real=0.00 secs] 
2020-10-29T15:51:34.880+0000: [GC (Allocation Failure) 2020-10-29T15:51:34.880+0000: [ParNew: 16388K->4K(18432K), 0.0028787 secs] 468306K->451922K(812572K), 0.0029291 secs] [Times: user=0.01 sys=0.00, real=0.01 secs] 
2020-10-29T15:51:34.898+0000: [GC (Allocation Failure) 2020-10-29T15:51:34.898+0000: [ParNew: 16388K->4K(18432K), 0.0027905 secs] 468306K->451922K(812572K), 0.0028383 secs] [Times: user=0.00 sys=0.00, real=0.00 secs] 
2020-10-29T15:51:34.918+0000: [GC (Allocation Failure) 2020-10-29T15:51:34.918+0000: [ParNew: 16388K->4K(18432K), 0.0028493 secs] 468306K->451922K(812572K), 0.0028996 secs] [Times: user=0.00 sys=0.00, real=0.00 secs] 
2020-10-29T15:51:34.941+0000: [GC (Allocation Failure) 2020-10-29T15:51:34.941+0000: [ParNew: 16388K->4K(18432K), 0.0030553 secs] 468306K->451922K(812572K), 0.0031294 secs] [Times: user=0.01 sys=0.00, real=0.01 secs] 
2020-10-29T15:51:34.962+0000: [GC (Allocation Failure) 2020-10-29T15:51:34.962+0000: [ParNew: 16388K->4K(18432K), 0.0029590 secs] 468306K->451922K(812572K), 0.0030116 secs] [Times: user=0.01 sys=0.00, real=0.00 secs] 
2020-10-29T15:51:34.982+0000: [GC (Allocation Failure) 2020-10-29T15:51:34.982+0000: [ParNew: 16388K->4K(18432K), 0.0030114 secs] 468306K->451922K(812572K), 0.0030681 secs] [Times: user=0.01 sys=0.00, real=0.00 secs] 
2020-10-29T15:51:35.002+0000: [GC (Allocation Failure) 2020-10-29T15:51:35.002+0000: [ParNew: 16388K->4K(18432K), 0.0028736 secs] 468306K->451922K(812572K), 0.0029257 secs] [Times: user=0.01 sys=0.00, real=0.00 secs] 
2020-10-29T15:51:35.020+0000: [GC (Allocation Failure) 2020-10-29T15:51:35.020+0000: [ParNew: 16388K->4K(18432K), 0.0028432 secs] 468306K->451922K(812572K), 0.0029006 secs] [Times: user=0.00 sys=0.00, real=0.01 secs] 
2020-10-29T15:51:35.031+0000: [GC (Allocation Failure) 2020-10-29T15:51:35.032+0000: [ParNew: 16388K->4K(18432K), 0.0037643 secs] 468306K->460114K(812572K), 0.0038154 secs] [Times: user=0.01 sys=0.00, real=0.00 secs] 
2020-10-29T15:51:35.050+0000: [GC (Allocation Failure) 2020-10-29T15:51:35.050+0000: [ParNew: 16388K->4K(18432K), 0.0028911 secs] 476498K->460114K(812572K), 0.0029610 secs] [Times: user=0.01 sys=0.00, real=0.01 secs] 
2020-10-29T15:51:35.070+0000: [GC (Allocation Failure) 2020-10-29T15:51:35.070+0000: [ParNew: 16388K->4K(18432K), 0.0028846 secs] 476498K->460114K(812572K), 0.0029345 secs] [Times: user=0.00 sys=0.00, real=0.00 secs] 
2020-10-29T15:51:35.088+0000: [GC (Allocation Failure) 2020-10-29T15:51:35.089+0000: [ParNew: 16388K->4K(18432K), 0.0028664 secs] 476498K->460114K(812572K), 0.0029172 secs] [Times: user=0.01 sys=0.00, real=0.01 secs] 
2020-10-29T15:51:35.106+0000: [GC (Allocation Failure) 2020-10-29T15:51:35.106+0000: [ParNew: 16388K->4K(18432K), 0.0028836 secs] 476498K->460114K(812572K), 0.0029350 secs] [Times: user=0.00 sys=0.00, real=0.00 secs] 
2020-10-29T15:51:35.118+0000: [GC (Allocation Failure) 2020-10-29T15:51:35.118+0000: [ParNew: 16388K->4K(18432K), 0.0036310 secs] 476498K->468306K(812572K), 0.0036792 secs] [Times: user=0.00 sys=0.00, real=0.00 secs] 
2020-10-29T15:51:35.136+0000: [GC (Allocation Failure) 2020-10-29T15:51:35.136+0000: [ParNew: 16388K->4K(18432K), 0.0026263 secs] 484690K->468306K(812572K), 0.0026706 secs] [Times: user=0.00 sys=0.00, real=0.00 secs] 
2020-10-29T15:51:35.154+0000: [GC (Allocation Failure) 2020-10-29T15:51:35.154+0000: [ParNew: 16388K->4K(18432K), 0.0026732 secs] 484690K->468306K(812572K), 0.0027180 secs] [Times: user=0.01 sys=0.00, real=0.00 secs] 
2020-10-29T15:51:35.172+0000: [GC (Allocation Failure) 2020-10-29T15:51:35.172+0000: [ParNew: 16388K->4K(18432K), 0.0027161 secs] 484690K->468306K(812572K), 0.0027694 secs] [Times: user=0.00 sys=0.00, real=0.00 secs] 
2020-10-29T15:51:35.190+0000: [GC (Allocation Failure) 2020-10-29T15:51:35.190+0000: [ParNew: 16388K->4K(18432K), 0.0027630 secs] 484690K->468306K(812572K), 0.0028099 secs] [Times: user=0.00 sys=0.00, real=0.01 secs] 
2020-10-29T15:51:35.208+0000: [GC (Allocation Failure) 2020-10-29T15:51:35.208+0000: [ParNew: 16388K->4K(18432K), 0.0033866 secs] 484690K->468306K(812572K), 0.0034361 secs] [Times: user=0.00 sys=0.00, real=0.01 secs] 
2020-10-29T15:51:35.226+0000: [GC (Allocation Failure) 2020-10-29T15:51:35.226+0000: [ParNew: 16388K->4K(18432K), 0.0027460 secs] 484690K->468306K(812572K), 0.0027909 secs] [Times: user=0.01 sys=0.00, real=0.00 secs] 
2020-10-29T15:51:35.244+0000: [GC (Allocation Failure) 2020-10-29T15:51:35.244+0000: [ParNew: 16388K->4K(18432K), 0.0027489 secs] 484690K->468306K(812572K), 0.0027940 secs] [Times: user=0.00 sys=0.00, real=0.00 secs] 
2020-10-29T15:51:35.262+0000: [GC (Allocation Failure) 2020-10-29T15:51:35.262+0000: [ParNew: 16388K->4K(18432K), 0.0027852 secs] 484690K->468306K(812572K), 0.0028338 secs] [Times: user=0.01 sys=0.00, real=0.01 secs] 
2020-10-29T15:51:35.282+0000: [GC (Allocation Failure) 2020-10-29T15:51:35.282+0000: [ParNew: 16388K->4K(18432K), 0.0028861 secs] 484690K->468306K(812572K), 0.0029378 secs] [Times: user=0.01 sys=0.00, real=0.00 secs] 
2020-10-29T15:51:35.300+0000: [GC (Allocation Failure) 2020-10-29T15:51:35.300+0000: [ParNew: 16388K->4K(18432K), 0.0027755 secs] 484690K->468306K(812572K), 0.0028245 secs] [Times: user=0.00 sys=0.00, real=0.01 secs] 
2020-10-29T15:51:35.318+0000: [GC (Allocation Failure) 2020-10-29T15:51:35.318+0000: [ParNew: 16388K->4K(18432K), 0.0025649 secs] 484690K->468306K(812572K), 0.0026089 secs] [Times: user=0.01 sys=0.00, real=0.00 secs] 
2020-10-29T15:51:35.336+0000: [GC (Allocation Failure) 2020-10-29T15:51:35.336+0000: [ParNew: 16388K->4K(18432K), 0.0026945 secs] 484690K->468306K(812572K), 0.0027377 secs] [Times: user=0.00 sys=0.00, real=0.00 secs] 
2020-10-29T15:51:35.353+0000: [GC (Allocation Failure) 2020-10-29T15:51:35.353+0000: [ParNew: 16388K->4K(18432K), 0.0027402 secs] 484690K->468306K(812572K), 0.0027872 secs] [Times: user=0.01 sys=0.00, real=0.00 secs] 
2020-10-29T15:51:35.374+0000: [GC (Allocation Failure) 2020-10-29T15:51:35.374+0000: [ParNew: 16388K->4K(18432K), 0.0028955 secs] 484690K->468306K(812572K), 0.0029464 secs] [Times: user=0.01 sys=0.00, real=0.00 secs] 
2020-10-29T15:51:35.392+0000: [GC (Allocation Failure) 2020-10-29T15:51:35.392+0000: [ParNew: 16388K->4K(18432K), 0.0028232 secs] 484690K->468306K(812572K), 0.0028724 secs] [Times: user=0.00 sys=0.00, real=0.00 secs] 
2020-10-29T15:51:35.410+0000: [GC (Allocation Failure) 2020-10-29T15:51:35.410+0000: [ParNew: 16388K->4K(18432K), 0.0027775 secs] 484690K->468306K(812572K), 0.0028217 secs] [Times: user=0.00 sys=0.00, real=0.01 secs] 
2020-10-29T15:51:35.428+0000: [GC (Allocation Failure) 2020-10-29T15:51:35.428+0000: [ParNew: 16388K->4K(18432K), 0.0027647 secs] 484690K->468306K(812572K), 0.0028085 secs] [Times: user=0.01 sys=0.00, real=0.01 secs] 
2020-10-29T15:51:35.446+0000: [GC (Allocation Failure) 2020-10-29T15:51:35.446+0000: [ParNew: 16388K->4K(18432K), 0.0027845 secs] 484690K->468306K(812572K), 0.0028304 secs] [Times: user=0.00 sys=0.00, real=0.00 secs] 
2020-10-29T15:51:35.464+0000: [GC (Allocation Failure) 2020-10-29T15:51:35.464+0000: [ParNew: 16388K->4K(18432K), 0.0027797 secs] 484690K->468306K(812572K), 0.0028236 secs] [Times: user=0.00 sys=0.00, real=0.00 secs] 
2020-10-29T15:51:35.486+0000: [GC (Allocation Failure) 2020-10-29T15:51:35.486+0000: [ParNew: 16388K->4K(18432K), 0.0028213 secs] 484690K->468306K(812572K), 0.0028670 secs] [Times: user=0.00 sys=0.00, real=0.00 secs] 
2020-10-29T15:51:35.506+0000: [GC (Allocation Failure) 2020-10-29T15:51:35.506+0000: [ParNew: 16388K->4K(18432K), 0.0026220 secs] 484690K->468306K(812572K), 0.0026681 secs] [Times: user=0.00 sys=0.00, real=0.00 secs] 
2020-10-29T15:51:35.524+0000: [GC (Allocation Failure) 2020-10-29T15:51:35.524+0000: [ParNew: 16388K->4K(18432K), 0.0028581 secs] 484690K->468306K(812572K), 0.0029072 secs] [Times: user=0.00 sys=0.00, real=0.00 secs] 
2020-10-29T15:51:35.546+0000: [GC (Allocation Failure) 2020-10-29T15:51:35.546+0000: [ParNew: 16388K->4K(18432K), 0.0028083 secs] 484690K->468306K(812572K), 0.0028553 secs] [Times: user=0.00 sys=0.00, real=0.00 secs] 
2020-10-29T15:51:35.566+0000: [GC (Allocation Failure) 2020-10-29T15:51:35.566+0000: [ParNew: 16388K->4K(18432K), 0.0029303 secs] 484690K->468306K(812572K), 0.0029921 secs] [Times: user=0.01 sys=0.00, real=0.00 secs] 
2020-10-29T15:51:35.585+0000: [GC (Allocation Failure) 2020-10-29T15:51:35.585+0000: [ParNew: 16388K->4K(18432K), 0.0029630 secs] 484690K->468306K(812572K), 0.0030086 secs] [Times: user=0.00 sys=0.00, real=0.00 secs] 
2020-10-29T15:51:35.603+0000: [GC (Allocation Failure) 2020-10-29T15:51:35.603+0000: [ParNew: 16388K->4K(18432K), 0.0028149 secs] 484690K->468306K(812572K), 0.0028651 secs] [Times: user=0.01 sys=0.00, real=0.00 secs] 
2020-10-29T15:51:35.621+0000: [GC (Allocation Failure) 2020-10-29T15:51:35.621+0000: [ParNew: 16388K->4K(18432K), 0.0028490 secs] 484690K->468306K(812572K), 0.0028974 secs] [Times: user=0.01 sys=0.00, real=0.01 secs] 
2020-10-29T15:51:35.632+0000: [GC (Allocation Failure) 2020-10-29T15:51:35.632+0000: [ParNew: 16388K->4K(18432K), 0.0035261 secs] 484690K->476498K(812572K), 0.0035694 secs] [Times: user=0.01 sys=0.00, real=0.00 secs] 
2020-10-29T15:51:35.651+0000: [GC (Allocation Failure) 2020-10-29T15:51:35.651+0000: [ParNew: 16388K->4K(18432K), 0.0027978 secs] 492882K->476498K(812572K), 0.0028462 secs] [Times: user=0.00 sys=0.00, real=0.00 secs] 
2020-10-29T15:51:35.669+0000: [GC (Allocation Failure) 2020-10-29T15:51:35.669+0000: [ParNew: 16388K->4K(18432K), 0.0026429 secs] 492882K->476498K(812572K), 0.0026870 secs] [Times: user=0.01 sys=0.00, real=0.01 secs] 
2020-10-29T15:51:35.690+0000: [GC (Allocation Failure) 2020-10-29T15:51:35.690+0000: [ParNew: 16388K->4K(18432K), 0.0025781 secs] 492882K->476498K(812572K), 0.0026236 secs] [Times: user=0.00 sys=0.00, real=0.00 secs] 
2020-10-29T15:51:35.710+0000: [GC (Allocation Failure) 2020-10-29T15:51:35.710+0000: [ParNew: 16388K->4K(18432K), 0.0028727 secs] 492882K->476498K(812572K), 0.0029165 secs] [Times: user=0.01 sys=0.00, real=0.00 secs] 
2020-10-29T15:51:35.730+0000: [GC (Allocation Failure) 2020-10-29T15:51:35.730+0000: [ParNew: 16388K->4K(18432K), 0.0027919 secs] 492882K->476498K(812572K), 0.0028405 secs] [Times: user=0.01 sys=0.00, real=0.00 secs] 
2020-10-29T15:51:35.750+0000: [GC (Allocation Failure) 2020-10-29T15:51:35.750+0000: [ParNew: 16388K->4K(18432K), 0.0027765 secs] 492882K->476498K(812572K), 0.0028260 secs] [Times: user=0.01 sys=0.00, real=0.00 secs] 
2020-10-29T15:51:35.770+0000: [GC (Allocation Failure) 2020-10-29T15:51:35.770+0000: [ParNew: 16388K->4K(18432K), 0.0026692 secs] 492882K->476498K(812572K), 0.0027152 secs] [Times: user=0.00 sys=0.00, real=0.00 secs] 
2020-10-29T15:51:35.788+0000: [GC (Allocation Failure) 2020-10-29T15:51:35.788+0000: [ParNew: 16388K->4K(18432K), 0.0026399 secs] 492882K->476498K(812572K), 0.0026838 secs] [Times: user=0.00 sys=0.00, real=0.01 secs] 
2020-10-29T15:51:35.806+0000: [GC (Allocation Failure) 2020-10-29T15:51:35.806+0000: [ParNew: 16388K->4K(18432K), 0.0025434 secs] 492882K->476498K(812572K), 0.0025871 secs] [Times: user=0.01 sys=0.00, real=0.00 secs] 
2020-10-29T15:51:35.819+0000: [GC (Allocation Failure) 2020-10-29T15:51:35.819+0000: [ParNew: 11935K->4K(18432K), 0.0022882 secs] 488430K->476498K(812572K), 0.0023283 secs] [Times: user=0.01 sys=0.00, real=0.00 secs] 
2020-10-29T15:51:35.830+0000: [GC (Allocation Failure) 2020-10-29T15:51:35.830+0000: [ParNew: 16388K->4K(18432K), 0.0032627 secs] 492882K->484690K(812572K), 0.0033042 secs] [Times: user=0.01 sys=0.00, real=0.00 secs] 
2020-10-29T15:51:35.849+0000: [GC (Allocation Failure) 2020-10-29T15:51:35.849+0000: [ParNew: 16388K->4K(18432K), 0.0024950 secs] 501074K->484690K(812572K), 0.0025357 secs] [Times: user=0.00 sys=0.00, real=0.01 secs] 
2020-10-29T15:51:35.866+0000: [GC (Allocation Failure) 2020-10-29T15:51:35.866+0000: [ParNew: 16388K->4K(18432K), 0.0029217 secs] 501074K->484690K(812572K), 0.0029750 secs] [Times: user=0.01 sys=0.00, real=0.00 secs] 
2020-10-29T15:51:35.884+0000: [GC (Allocation Failure) 2020-10-29T15:51:35.884+0000: [ParNew: 16388K->4K(18432K), 0.0028866 secs] 501074K->484690K(812572K), 0.0029385 secs] [Times: user=0.00 sys=0.00, real=0.00 secs] 
2020-10-29T15:51:35.906+0000: [GC (Allocation Failure) 2020-10-29T15:51:35.906+0000: [ParNew: 16388K->4K(18432K), 0.0025834 secs] 501074K->484690K(812572K), 0.0026287 secs] [Times: user=0.00 sys=0.00, real=0.00 secs] 
2020-10-29T15:51:35.924+0000: [GC (Allocation Failure) 2020-10-29T15:51:35.924+0000: [ParNew: 16388K->4K(18432K), 0.0027624 secs] 501074K->484690K(812572K), 0.0028079 secs] [Times: user=0.00 sys=0.00, real=0.00 secs] 
2020-10-29T15:51:35.942+0000: [GC (Allocation Failure) 2020-10-29T15:51:35.942+0000: [ParNew: 16388K->4K(18432K), 0.0028533 secs] 501074K->484691K(812572K), 0.0029042 secs] [Times: user=0.01 sys=0.00, real=0.01 secs] 
2020-10-29T15:51:35.961+0000: [GC (Allocation Failure) 2020-10-29T15:51:35.961+0000: [ParNew: 16388K->4K(18432K), 0.0026147 secs] 501075K->484691K(812572K), 0.0026693 secs] [Times: user=0.01 sys=0.00, real=0.01 secs] 
2020-10-29T15:51:35.979+0000: [GC (Allocation Failure) 2020-10-29T15:51:35.979+0000: [ParNew: 16388K->4K(18432K), 0.0025898 secs] 501075K->484691K(812572K), 0.0026346 secs] [Times: user=0.01 sys=0.00, real=0.00 secs] 
2020-10-29T15:51:35.998+0000: [GC (Allocation Failure) 2020-10-29T15:51:35.998+0000: [ParNew: 16388K->4K(18432K), 0.0025327 secs] 501075K->484691K(812572K), 0.0025781 secs] [Times: user=0.00 sys=0.00, real=0.00 secs] 
2020-10-29T15:51:36.016+0000: [GC (Allocation Failure) 2020-10-29T15:51:36.016+0000: [ParNew: 16388K->4K(18432K), 0.0024937 secs] 501075K->484691K(812572K), 0.0025367 secs] [Times: user=0.00 sys=0.00, real=0.00 secs] 
2020-10-29T15:51:36.033+0000: [GC (Allocation Failure) 2020-10-29T15:51:36.033+0000: [ParNew: 16388K->4K(18432K), 0.0028363 secs] 501075K->484691K(812572K), 0.0028868 secs] [Times: user=0.00 sys=0.00, real=0.00 secs] 
2020-10-29T15:51:36.054+0000: [GC (Allocation Failure) 2020-10-29T15:51:36.054+0000: [ParNew: 16388K->4K(18432K), 0.0026895 secs] 501075K->484691K(812572K), 0.0027350 secs] [Times: user=0.00 sys=0.00, real=0.00 secs] 
2020-10-29T15:51:36.072+0000: [GC (Allocation Failure) 2020-10-29T15:51:36.072+0000: [ParNew: 16388K->4K(18432K), 0.0027675 secs] 501075K->484691K(812572K), 0.0028136 secs] [Times: user=0.01 sys=0.00, real=0.00 secs] 
2020-10-29T15:51:36.090+0000: [GC (Allocation Failure) 2020-10-29T15:51:36.090+0000: [ParNew: 16388K->4K(18432K), 0.0027587 secs] 501075K->484691K(812572K), 0.0028060 secs] [Times: user=0.00 sys=0.00, real=0.01 secs] 
2020-10-29T15:51:36.108+0000: [GC (Allocation Failure) 2020-10-29T15:51:36.108+0000: [ParNew: 16388K->4K(18432K), 0.0025042 secs] 501075K->484691K(812572K), 0.0025469 secs] [Times: user=0.00 sys=0.01, real=0.00 secs] 
2020-10-29T15:51:36.125+0000: [GC (Allocation Failure) 2020-10-29T15:51:36.125+0000: [ParNew: 16388K->4K(18432K), 0.0026080 secs] 501075K->484691K(812572K), 0.0026510 secs] [Times: user=0.01 sys=0.00, real=0.00 secs] 
2020-10-29T15:51:36.146+0000: [GC (Allocation Failure) 2020-10-29T15:51:36.146+0000: [ParNew: 16388K->4K(18432K), 0.0026632 secs] 501075K->484691K(812572K), 0.0027096 secs] [Times: user=0.00 sys=0.00, real=0.00 secs] 
2020-10-29T15:51:36.164+0000: [GC (Allocation Failure) 2020-10-29T15:51:36.164+0000: [ParNew: 16388K->4K(18432K), 0.0026924 secs] 501075K->484691K(812572K), 0.0027377 secs] [Times: user=0.01 sys=0.00, real=0.00 secs] 
2020-10-29T15:51:36.178+0000: [GC (Allocation Failure) 2020-10-29T15:51:36.178+0000: [ParNew: 16388K->4K(18432K), 0.0035748 secs] 501075K->492883K(812572K), 0.0036250 secs] [Times: user=0.01 sys=0.00, real=0.00 secs] 
2020-10-29T15:51:36.198+0000: [GC (Allocation Failure) 2020-10-29T15:51:36.198+0000: [ParNew: 16388K->4K(18432K), 0.0028676 secs] 509267K->492883K(812572K), 0.0029176 secs] [Times: user=0.01 sys=0.00, real=0.00 secs] 
2020-10-29T15:51:36.218+0000: [GC (Allocation Failure) 2020-10-29T15:51:36.218+0000: [ParNew: 16388K->4K(18432K), 0.0027063 secs] 509267K->492883K(812572K), 0.0027488 secs] [Times: user=0.00 sys=0.00, real=0.00 secs] 
2020-10-29T15:51:36.236+0000: [GC (Allocation Failure) 2020-10-29T15:51:36.236+0000: [ParNew: 16388K->4K(18432K), 0.0031683 secs] 509267K->492883K(812572K), 0.0032191 secs] [Times: user=0.01 sys=0.00, real=0.00 secs] 
2020-10-29T15:51:36.255+0000: [GC (Allocation Failure) 2020-10-29T15:51:36.255+0000: [ParNew: 16388K->4K(18432K), 0.0027816 secs] 509267K->492883K(812572K), 0.0028311 secs] [Times: user=0.00 sys=0.00, real=0.00 secs] 
2020-10-29T15:51:36.274+0000: [GC (Allocation Failure) 2020-10-29T15:51:36.274+0000: [ParNew: 16388K->4K(18432K), 0.0029112 secs] 509267K->492883K(812572K), 0.0029634 secs] [Times: user=0.00 sys=0.00, real=0.00 secs] 
2020-10-29T15:51:36.292+0000: [GC (Allocation Failure) 2020-10-29T15:51:36.292+0000: [ParNew: 16388K->4K(18432K), 0.0028520 secs] 509267K->492883K(812572K), 0.0028986 secs] [Times: user=0.01 sys=0.00, real=0.00 secs] 
2020-10-29T15:51:36.314+0000: [GC (Allocation Failure) 2020-10-29T15:51:36.314+0000: [ParNew: 16388K->4K(18432K), 0.0027809 secs] 509267K->492883K(812572K), 0.0028307 secs] [Times: user=0.01 sys=0.00, real=0.00 secs] 
2020-10-29T15:51:36.334+0000: [GC (Allocation Failure) 2020-10-29T15:51:36.334+0000: [ParNew: 16388K->4K(18432K), 0.0027983 secs] 509267K->492883K(812572K), 0.0028488 secs] [Times: user=0.00 sys=0.00, real=0.00 secs] 
2020-10-29T15:51:36.352+0000: [GC (Allocation Failure) 2020-10-29T15:51:36.352+0000: [ParNew: 16388K->4K(18432K), 0.0028234 secs] 509267K->492883K(812572K), 0.0028710 secs] [Times: user=0.00 sys=0.00, real=0.00 secs] 
2020-10-29T15:51:36.370+0000: [GC (Allocation Failure) 2020-10-29T15:51:36.370+0000: [ParNew: 16388K->4K(18432K), 0.0027605 secs] 509267K->492883K(812572K), 0.0028086 secs] [Times: user=0.01 sys=0.00, real=0.01 secs] 
2020-10-29T15:51:36.388+0000: [GC (Allocation Failure) 2020-10-29T15:51:36.388+0000: [ParNew: 16388K->4K(18432K), 0.0027878 secs] 509267K->492883K(812572K), 0.0028543 secs] [Times: user=0.01 sys=0.00, real=0.01 secs] 
2020-10-29T15:51:36.406+0000: [GC (Allocation Failure) 2020-10-29T15:51:36.406+0000: [ParNew: 16388K->4K(18432K), 0.0026724 secs] 509267K->492883K(812572K), 0.0027198 secs] [Times: user=0.00 sys=0.00, real=0.00 secs] 
2020-10-29T15:51:36.438+0000: [GC (Allocation Failure) 2020-10-29T15:51:36.438+0000: [ParNew: 16388K->4K(18432K), 0.0029587 secs] 509267K->492883K(812572K), 0.0030142 secs] [Times: user=0.00 sys=0.00, real=0.00 secs] 
2020-10-29T15:51:36.471+0000: [GC (Allocation Failure) 2020-10-29T15:51:36.471+0000: [ParNew: 16388K->4K(18432K), 0.0028119 secs] 509267K->492883K(812572K), 0.0028633 secs] [Times: user=0.01 sys=0.00, real=0.00 secs] 
2020-10-29T15:51:36.506+0000: [GC (Allocation Failure) 2020-10-29T15:51:36.506+0000: [ParNew: 16388K->4K(18432K), 0.0028959 secs] 509267K->492883K(812572K), 0.0029499 secs] [Times: user=0.00 sys=0.00, real=0.00 secs] 
2020-10-29T15:51:36.538+0000: [GC (Allocation Failure) 2020-10-29T15:51:36.538+0000: [ParNew: 16388K->4K(18432K), 0.0029265 secs] 509267K->492883K(812572K), 0.0029821 secs] [Times: user=0.00 sys=0.00, real=0.00 secs] 
2020-10-29T15:51:37.047+0000: [GC (Allocation Failure) 2020-10-29T15:51:37.047+0000: [ParNew: 16388K->4K(18432K), 0.0029674 secs] 509267K->492883K(812572K), 0.0030222 secs] [Times: user=0.00 sys=0.00, real=0.00 secs] 
2020-10-29T15:51:37.379+0000: [GC (Allocation Failure) 2020-10-29T15:51:37.379+0000: [ParNew: 16388K->4K(18432K), 0.0029715 secs] 509267K->492883K(812572K), 0.0030496 secs] [Times: user=0.00 sys=0.00, real=0.00 secs] 
2020-10-29T15:51:37.455+0000: [GC (Allocation Failure) 2020-10-29T15:51:37.455+0000: [ParNew: 16388K->6K(18432K), 0.0030069 secs] 509267K->492886K(812572K), 0.0030907 secs] [Times: user=0.00 sys=0.00, real=0.00 secs] 
2020-10-29T15:51:38.948+0000: [GC (Allocation Failure) 2020-10-29T15:51:38.948+0000: [ParNew: 16390K->1176K(18432K), 0.0042869 secs] 509270K->494056K(812572K), 0.0043621 secs] [Times: user=0.01 sys=0.00, real=0.01 secs] 
2020-10-29T15:51:39.435+0000: [GC (Allocation Failure) 2020-10-29T15:51:39.435+0000: [ParNew: 17560K->1130K(18432K), 0.0073190 secs] 510440K->494732K(812572K), 0.0073746 secs] [Times: user=0.01 sys=0.00, real=0.01 secs] 
2020-10-29T15:51:39.523+0000: [GC (Allocation Failure) 2020-10-29T15:51:39.523+0000: [ParNew: 17514K->1625K(18432K), 0.0066292 secs] 511116K->495227K(812572K), 0.0066930 secs] [Times: user=0.01 sys=0.00, real=0.00 secs] 
2020-10-29T15:51:39.613+0000: [GC (Allocation Failure) 2020-10-29T15:51:39.613+0000: [ParNew: 18009K->1094K(18432K), 0.0052679 secs] 511611K->495069K(812572K), 0.0053301 secs] [Times: user=0.01 sys=0.00, real=0.00 secs] 
2020-10-29T15:51:39.684+0000: [GC (Allocation Failure) 2020-10-29T15:51:39.684+0000: [ParNew: 17478K->1303K(18432K), 0.0046188 secs] 511453K->495279K(812572K), 0.0046836 secs] [Times: user=0.01 sys=0.00, real=0.00 secs] 
2020-10-29T15:51:39.746+0000: [GC (Allocation Failure) 2020-10-29T15:51:39.746+0000: [ParNew: 17687K->1634K(18432K), 0.0067614 secs] 511663K->495884K(812572K), 0.0068227 secs] [Times: user=0.02 sys=0.00, real=0.01 secs] 
2020-10-29T15:51:39.838+0000: [GC (Allocation Failure) 2020-10-29T15:51:39.838+0000: [ParNew: 18018K->1643K(18432K), 0.0082165 secs] 512268K->497002K(812572K), 0.0082880 secs] [Times: user=0.01 sys=0.00, real=0.01 secs] 
2020-10-29T15:51:39.914+0000: [GC (Allocation Failure) 2020-10-29T15:51:39.914+0000: [ParNew: 18027K->929K(18432K), 0.0045131 secs] 513386K->496288K(812572K), 0.0045765 secs] [Times: user=0.01 sys=0.00, real=0.00 secs] 
2020-10-29T15:51:40.112+0000: [GC (Allocation Failure) 2020-10-29T15:51:40.112+0000: [ParNew: 17313K->1610K(18432K), 0.0057605 secs] 512672K->496969K(812572K), 0.0058242 secs] [Times: user=0.01 sys=0.00, real=0.00 secs] 
2020-10-29T15:51:40.204+0000: [GC (Allocation Failure) 2020-10-29T15:51:40.204+0000: [ParNew: 17994K->1211K(18432K), 0.0069931 secs] 513353K->497598K(812572K), 0.0070539 secs] [Times: user=0.01 sys=0.00, real=0.01 secs] 
2020-10-29T15:51:40.262+0000: [GC (Allocation Failure) 2020-10-29T15:51:40.262+0000: [ParNew: 17595K->688K(18432K), 0.0045930 secs] 513982K->497075K(812572K), 0.0046572 secs] [Times: user=0.01 sys=0.00, real=0.01 secs] 
2020-10-29T15:51:40.911+0000: [GC (Allocation Failure) 2020-10-29T15:51:40.911+0000: [ParNew: 17072K->718K(18432K), 0.0043930 secs] 513459K->497105K(812572K), 0.0044596 secs] [Times: user=0.01 sys=0.00, real=0.00 secs] 
2020-10-29T15:51:42.614+0000: [GC (Allocation Failure) 2020-10-29T15:51:42.614+0000: [ParNew: 17102K->839K(18432K), 0.0118768 secs] 513489K->497227K(812572K), 0.0119590 secs] [Times: user=0.01 sys=0.00, real=0.01 secs] 
Heap
 par new generation   total 18432K, used 4691K [0x00000000c0000000, 0x00000000c1400000, 0x00000000ca660000)
  eden space 16384K,  23% used [0x00000000c0000000, 0x00000000c03c3080, 0x00000000c1000000)
  from space 2048K,  41% used [0x00000000c1000000, 0x00000000c10d1f68, 0x00000000c1200000)
  to   space 2048K,   0% used [0x00000000c1200000, 0x00000000c1200000, 0x00000000c1400000)
 concurrent mark-sweep generation total 794140K, used 496387K [0x00000000ca660000, 0x00000000fade7000, 0x0000000100000000)
 Metaspace       used 78589K, capacity 80056K, committed 80276K, reserved 1118208K
  class space    used 10591K, capacity 10848K, committed 10956K, reserved 1048576K
End of LogType:stdout

