

Container: container_1603959726485_0017_01_000001 on ip-10-0-40-135.ec2.internal_8041
=======================================================================================
LogType:stderr
Log Upload Time:gio ott 29 14:18:31 +0000 2020
LogLength:12188
Log Contents:
SLF4J: Class path contains multiple SLF4J bindings.
SLF4J: Found binding in [jar:file:/mnt/yarn/usercache/hadoop/filecache/50/__spark_libs__7834111137428784198.zip/slf4j-log4j12-1.7.16.jar!/org/slf4j/impl/StaticLoggerBinder.class]
SLF4J: Found binding in [jar:file:/usr/lib/hadoop/lib/slf4j-log4j12-1.7.10.jar!/org/slf4j/impl/StaticLoggerBinder.class]
SLF4J: See http://www.slf4j.org/codes.html#multiple_bindings for an explanation.
SLF4J: Actual binding is of type [org.slf4j.impl.Log4jLoggerFactory]
20/10/29 14:16:11 INFO SignalUtils: Registered signal handler for TERM
20/10/29 14:16:11 INFO SignalUtils: Registered signal handler for HUP
20/10/29 14:16:11 INFO SignalUtils: Registered signal handler for INT
20/10/29 14:16:11 INFO SecurityManager: Changing view acls to: yarn,hadoop
20/10/29 14:16:11 INFO SecurityManager: Changing modify acls to: yarn,hadoop
20/10/29 14:16:11 INFO SecurityManager: Changing view acls groups to: 
20/10/29 14:16:11 INFO SecurityManager: Changing modify acls groups to: 
20/10/29 14:16:11 INFO SecurityManager: SecurityManager: authentication disabled; ui acls disabled; users  with view permissions: Set(yarn, hadoop); groups with view permissions: Set(); users  with modify permissions: Set(yarn, hadoop); groups with modify permissions: Set()
20/10/29 14:16:12 INFO ApplicationMaster: Preparing Local resources
20/10/29 14:16:13 INFO ApplicationMaster: ApplicationAttemptId: appattempt_1603959726485_0017_000001
20/10/29 14:16:13 INFO ApplicationMaster: Starting the user application in a separate Thread
20/10/29 14:16:13 INFO ApplicationMaster: Waiting for spark context initialization...
20/10/29 14:16:14 INFO SparkContext: Running Spark version 2.4.0
20/10/29 14:16:14 INFO SparkContext: Submitted application: SpectralRegressionSpark.py
20/10/29 14:16:14 INFO SecurityManager: Changing view acls to: yarn,hadoop
20/10/29 14:16:14 INFO SecurityManager: Changing modify acls to: yarn,hadoop
20/10/29 14:16:14 INFO SecurityManager: Changing view acls groups to: 
20/10/29 14:16:14 INFO SecurityManager: Changing modify acls groups to: 
20/10/29 14:16:14 INFO SecurityManager: SecurityManager: authentication disabled; ui acls disabled; users  with view permissions: Set(yarn, hadoop); groups with view permissions: Set(); users  with modify permissions: Set(yarn, hadoop); groups with modify permissions: Set()
20/10/29 14:16:14 INFO Utils: Successfully started service 'sparkDriver' on port 46585.
20/10/29 14:16:14 INFO SparkEnv: Registering MapOutputTracker
20/10/29 14:16:14 INFO SparkEnv: Registering BlockManagerMaster
20/10/29 14:16:14 INFO BlockManagerMasterEndpoint: Using org.apache.spark.storage.DefaultTopologyMapper for getting topology information
20/10/29 14:16:14 INFO BlockManagerMasterEndpoint: BlockManagerMasterEndpoint up
20/10/29 14:16:15 INFO DiskBlockManager: Created local directory at /mnt/yarn/usercache/hadoop/appcache/application_1603959726485_0017/blockmgr-b727e6e5-8ab5-4cf3-ae64-fe3b6efe2e2d
20/10/29 14:16:15 INFO MemoryStore: MemoryStore started with capacity 424.4 MB
20/10/29 14:16:15 INFO SparkEnv: Registering OutputCommitCoordinator
20/10/29 14:16:15 INFO JettyUtils: Adding filter org.apache.hadoop.yarn.server.webproxy.amfilter.AmIpFilter to /jobs, /jobs/json, /jobs/job, /jobs/job/json, /stages, /stages/json, /stages/stage, /stages/stage/json, /stages/pool, /stages/pool/json, /storage, /storage/json, /storage/rdd, /storage/rdd/json, /environment, /environment/json, /executors, /executors/json, /executors/threadDump, /executors/threadDump/json, /static, /, /api, /jobs/job/kill, /stages/stage/kill.
20/10/29 14:16:15 INFO Utils: Successfully started service 'SparkUI' on port 41047.
20/10/29 14:16:15 INFO SparkUI: Bound SparkUI to 0.0.0.0, and started at http://ip-10-0-40-135.ec2.internal:41047
20/10/29 14:16:15 INFO YarnClusterScheduler: Created YarnClusterScheduler
20/10/29 14:16:15 INFO SchedulerExtensionServices: Starting Yarn extension services with app application_1603959726485_0017 and attemptId Some(appattempt_1603959726485_0017_000001)
20/10/29 14:16:15 INFO Utils: Using initial executors = 0, max of spark.dynamicAllocation.initialExecutors, spark.dynamicAllocation.minExecutors and spark.executor.instances
20/10/29 14:16:15 INFO Utils: Successfully started service 'org.apache.spark.network.netty.NettyBlockTransferService' on port 45289.
20/10/29 14:16:15 INFO NettyBlockTransferService: Server created on ip-10-0-40-135.ec2.internal:45289
20/10/29 14:16:15 INFO BlockManager: Using org.apache.spark.storage.RandomBlockReplicationPolicy for block replication policy
20/10/29 14:16:15 INFO BlockManagerMaster: Registering BlockManager BlockManagerId(driver, ip-10-0-40-135.ec2.internal, 45289, None)
20/10/29 14:16:15 INFO BlockManagerMasterEndpoint: Registering block manager ip-10-0-40-135.ec2.internal:45289 with 424.4 MB RAM, BlockManagerId(driver, ip-10-0-40-135.ec2.internal, 45289, None)
20/10/29 14:16:15 INFO BlockManagerMaster: Registered BlockManager BlockManagerId(driver, ip-10-0-40-135.ec2.internal, 45289, None)
20/10/29 14:16:15 INFO BlockManager: external shuffle service port = 7337
20/10/29 14:16:15 INFO BlockManager: Initialized BlockManager: BlockManagerId(driver, ip-10-0-40-135.ec2.internal, 45289, None)
20/10/29 14:16:16 INFO JettyUtils: Adding filter org.apache.hadoop.yarn.server.webproxy.amfilter.AmIpFilter to /metrics/json.
20/10/29 14:16:16 INFO EventLoggingListener: Logging events to hdfs:/var/log/spark/apps/application_1603959726485_0017_1
20/10/29 14:16:16 INFO Utils: Using initial executors = 0, max of spark.dynamicAllocation.initialExecutors, spark.dynamicAllocation.minExecutors and spark.executor.instances
20/10/29 14:16:16 WARN YarnSchedulerBackend$YarnSchedulerEndpoint: Attempted to request executors before the AM has registered!
20/10/29 14:16:16 INFO RMProxy: Connecting to ResourceManager at ip-10-0-51-133.ec2.internal/10.0.51.133:8030
20/10/29 14:16:16 INFO YarnRMClient: Registering the ApplicationMaster
20/10/29 14:16:16 INFO ApplicationMaster: 
===============================================================================
YARN executor launch context:
  env:
    CLASSPATH -> /usr/lib/hadoop-lzo/lib/*:/usr/lib/hadoop/hadoop-aws.jar:/usr/share/aws/aws-java-sdk/*:/usr/share/aws/emr/emrfs/conf:/usr/share/aws/emr/emrfs/lib/*:/usr/share/aws/emr/emrfs/auxlib/*:/usr/share/aws/emr/goodies/lib/emr-spark-goodies.jar:/usr/share/aws/emr/security/conf:/usr/share/aws/emr/security/lib/*:/usr/share/aws/hmclient/lib/aws-glue-datacatalog-spark-client.jar:/usr/share/java/Hive-JSON-Serde/hive-openx-serde.jar:/usr/share/aws/sagemaker-spark-sdk/lib/sagemaker-spark-sdk.jar:/usr/share/aws/emr/s3select/lib/emr-s3-select-spark-connector.jar<CPS>{{PWD}}<CPS>{{PWD}}/__spark_conf__<CPS>{{PWD}}/__spark_libs__/*<CPS>$HADOOP_CONF_DIR<CPS>$HADOOP_COMMON_HOME/*<CPS>$HADOOP_COMMON_HOME/lib/*<CPS>$HADOOP_HDFS_HOME/*<CPS>$HADOOP_HDFS_HOME/lib/*<CPS>$HADOOP_MAPRED_HOME/*<CPS>$HADOOP_MAPRED_HOME/lib/*<CPS>$HADOOP_YARN_HOME/*<CPS>$HADOOP_YARN_HOME/lib/*<CPS>/usr/lib/hadoop-lzo/lib/*<CPS>/usr/share/aws/emr/emrfs/conf<CPS>/usr/share/aws/emr/emrfs/lib/*<CPS>/usr/share/aws/emr/emrfs/auxlib/*<CPS>/usr/share/aws/emr/lib/*<CPS>/usr/share/aws/emr/ddb/lib/emr-ddb-hadoop.jar<CPS>/usr/share/aws/emr/goodies/lib/emr-hadoop-goodies.jar<CPS>/usr/share/aws/emr/cloudwatch-sink/lib/*<CPS>/usr/share/aws/aws-java-sdk/*<CPS>$HADOOP_MAPRED_HOME/share/hadoop/mapreduce/*<CPS>$HADOOP_MAPRED_HOME/share/hadoop/mapreduce/lib/*<CPS>/usr/lib/hadoop-lzo/lib/*<CPS>/usr/share/aws/emr/emrfs/conf<CPS>/usr/share/aws/emr/emrfs/lib/*<CPS>/usr/share/aws/emr/emrfs/auxlib/*<CPS>/usr/share/aws/emr/lib/*<CPS>/usr/share/aws/emr/ddb/lib/emr-ddb-hadoop.jar<CPS>/usr/share/aws/emr/goodies/lib/emr-hadoop-goodies.jar<CPS>/usr/share/aws/emr/cloudwatch-sink/lib/*<CPS>/usr/share/aws/aws-java-sdk/*<CPS>{{PWD}}/__spark_conf__/__hadoop_conf__
    SPARK_YARN_STAGING_DIR -> hdfs://ip-10-0-51-133.ec2.internal:8020/user/hadoop/.sparkStaging/application_1603959726485_0017
    SPARK_USER -> hadoop
    PYTHONPATH -> {{PWD}}/pyspark.zip<CPS>{{PWD}}/py4j-0.10.7-src.zip
    SPARK_PUBLIC_DNS -> ip-10-0-40-135.ec2.internal

  command:
    LD_LIBRARY_PATH=\"/usr/lib/hadoop/lib/native:/usr/lib/hadoop-lzo/lib/native:$LD_LIBRARY_PATH\" \ 
      {{JAVA_HOME}}/bin/java \ 
      -server \ 
      -Xmx1024m \ 
      '-verbose:gc' \ 
      '-XX:+PrintGCDetails' \ 
      '-XX:+PrintGCDateStamps' \ 
      '-XX:+UseConcMarkSweepGC' \ 
      '-XX:CMSInitiatingOccupancyFraction=70' \ 
      '-XX:MaxHeapFreeRatio=70' \ 
      '-XX:+CMSClassUnloadingEnabled' \ 
      '-XX:OnOutOfMemoryError=kill -9 %p' \ 
      -Djava.io.tmpdir={{PWD}}/tmp \ 
      '-Dspark.driver.port=46585' \ 
      '-Dspark.history.ui.port=18080' \ 
      '-Dspark.ui.port=0' \ 
      -Dspark.yarn.app.container.log.dir=<LOG_DIR> \ 
      org.apache.spark.executor.CoarseGrainedExecutorBackend \ 
      --driver-url \ 
      spark://CoarseGrainedScheduler@ip-10-0-40-135.ec2.internal:46585 \ 
      --executor-id \ 
      <executorId> \ 
      --hostname \ 
      <hostname> \ 
      --cores \ 
      2 \ 
      --app-id \ 
      application_1603959726485_0017 \ 
      --user-class-path \ 
      file:$PWD/__app__.jar \ 
      1><LOG_DIR>/stdout \ 
      2><LOG_DIR>/stderr

  resources:
    pyspark.zip -> resource { scheme: "hdfs" host: "ip-10-0-51-133.ec2.internal" port: 8020 file: "/user/hadoop/.sparkStaging/application_1603959726485_0017/pyspark.zip" } size: 589684 timestamp: 1603980966257 type: FILE visibility: PRIVATE
    py4j-0.10.7-src.zip -> resource { scheme: "hdfs" host: "ip-10-0-51-133.ec2.internal" port: 8020 file: "/user/hadoop/.sparkStaging/application_1603959726485_0017/py4j-0.10.7-src.zip" } size: 42437 timestamp: 1603980966287 type: FILE visibility: PRIVATE
    __spark_libs__ -> resource { scheme: "hdfs" host: "ip-10-0-51-133.ec2.internal" port: 8020 file: "/user/hadoop/.sparkStaging/application_1603959726485_0017/__spark_libs__7834111137428784198.zip" } size: 229091301 timestamp: 1603980966051 type: ARCHIVE visibility: PRIVATE
    __spark_conf__ -> resource { scheme: "hdfs" host: "ip-10-0-51-133.ec2.internal" port: 8020 file: "/user/hadoop/.sparkStaging/application_1603959726485_0017/__spark_conf__.zip" } size: 210445 timestamp: 1603980966505 type: ARCHIVE visibility: PRIVATE

===============================================================================
20/10/29 14:16:16 INFO Utils: Using initial executors = 0, max of spark.dynamicAllocation.initialExecutors, spark.dynamicAllocation.minExecutors and spark.executor.instances
20/10/29 14:16:16 INFO YarnSchedulerBackend$YarnSchedulerEndpoint: ApplicationMaster registered as NettyRpcEndpointRef(spark://YarnAM@ip-10-0-40-135.ec2.internal:46585)
20/10/29 14:16:17 INFO ApplicationMaster: Started progress reporter thread with (heartbeat : 3000, initial allocation : 200) intervals
20/10/29 14:16:17 INFO YarnClusterSchedulerBackend: SchedulerBackend is ready for scheduling beginning after reached minRegisteredResourcesRatio: 0.8
20/10/29 14:16:17 INFO YarnClusterScheduler: YarnClusterScheduler.postStartHook done
20/10/29 14:16:17 INFO SharedState: loading hive config file: file:/mnt/yarn/usercache/hadoop/filecache/51/__spark_conf__.zip/__hadoop_conf__/hive-site.xml
20/10/29 14:16:17 INFO SharedState: Setting hive.metastore.warehouse.dir ('null') to the value of spark.sql.warehouse.dir ('hdfs:///user/spark/warehouse').
20/10/29 14:16:17 INFO SharedState: Warehouse path is 'hdfs:///user/spark/warehouse'.
20/10/29 14:16:17 INFO JettyUtils: Adding filter org.apache.hadoop.yarn.server.webproxy.amfilter.AmIpFilter to /SQL.
20/10/29 14:16:17 INFO JettyUtils: Adding filter org.apache.hadoop.yarn.server.webproxy.amfilter.AmIpFilter to /SQL/json.
20/10/29 14:16:17 INFO JettyUtils: Adding filter org.apache.hadoop.yarn.server.webproxy.amfilter.AmIpFilter to /SQL/execution.
20/10/29 14:16:17 INFO JettyUtils: Adding filter org.apache.hadoop.yarn.server.webproxy.amfilter.AmIpFilter to /SQL/execution/json.
20/10/29 14:16:17 INFO JettyUtils: Adding filter org.apache.hadoop.yarn.server.webproxy.amfilter.AmIpFilter to /static/sql.
20/10/29 14:16:18 INFO StateStoreCoordinatorRef: Registered StateStoreCoordinator endpoint
End of LogType:stderr

LogType:stdout
Log Upload Time:gio ott 29 14:18:31 +0000 2020
LogLength:1513
Log Contents:



 *******



 BEGIN



 *******



s3://spectral-regression-spark-bucket/spectral_data_class.csv
Loading DataFrame from file...

Schema of original DataFrame:
root
 |-- spectroFlux_u: double (nullable = true)
 |-- spectroFlux_g: double (nullable = true)
 |-- spectroFlux_r: double (nullable = true)
 |-- spectroFlux_i: double (nullable = true)
 |-- spectroFlux_z: double (nullable = true)
 |-- source_class: string (nullable = true)
 |-- redshift: double (nullable = true)


Schema of DataFrame with differences between spectral classes:
root
 |-- source_class: string (nullable = true)
 |-- redshift: double (nullable = true)
 |-- u_g: double (nullable = true)
 |-- g_r: double (nullable = true)
 |-- r_i: double (nullable = true)
 |-- i_z: double (nullable = true)


Schema of DataFrame without old columns:
root
 |-- source_class: string (nullable = true)
 |-- redshift: double (nullable = true)
 |-- features: vector (nullable = true)


Schema of DataFrame ready for regression models:
root
 |-- redshift: double (nullable = true)
 |-- features: vector (nullable = true)


Training Linear Regressor on training data...
...done.


Evaluating model on test data...


Evaluating model on STAR test data...


Evaluating model on GALAXY test data...


Root Mean Squared Error (RMSE) on test data = 0.31132931051

Root Mean Squared Error (RMSE) on STAR test data = 0.319595376216
Root Mean Squared Error (RMSE) on GALAXY test data = 0.308374357842


Time elapsed: 97.2593901157



 *******



 END



 *******



End of LogType:stdout



Container: container_1603959726485_0017_01_000003 on ip-10-0-45-238.ec2.internal_8041
=======================================================================================
LogType:stderr
Log Upload Time:gio ott 29 14:18:30 +0000 2020
LogLength:23270
Log Contents:
SLF4J: Class path contains multiple SLF4J bindings.
SLF4J: Found binding in [jar:file:/mnt/yarn/usercache/hadoop/filecache/71/__spark_libs__7834111137428784198.zip/slf4j-log4j12-1.7.16.jar!/org/slf4j/impl/StaticLoggerBinder.class]
SLF4J: Found binding in [jar:file:/usr/lib/hadoop/lib/slf4j-log4j12-1.7.10.jar!/org/slf4j/impl/StaticLoggerBinder.class]
SLF4J: See http://www.slf4j.org/codes.html#multiple_bindings for an explanation.
SLF4J: Actual binding is of type [org.slf4j.impl.Log4jLoggerFactory]
20/10/29 14:16:31 INFO CoarseGrainedExecutorBackend: Started daemon with process name: 15943@ip-10-0-45-238
20/10/29 14:16:31 INFO SignalUtils: Registered signal handler for TERM
20/10/29 14:16:31 INFO SignalUtils: Registered signal handler for HUP
20/10/29 14:16:31 INFO SignalUtils: Registered signal handler for INT
20/10/29 14:16:32 INFO SecurityManager: Changing view acls to: yarn,hadoop
20/10/29 14:16:32 INFO SecurityManager: Changing modify acls to: yarn,hadoop
20/10/29 14:16:32 INFO SecurityManager: Changing view acls groups to: 
20/10/29 14:16:32 INFO SecurityManager: Changing modify acls groups to: 
20/10/29 14:16:32 INFO SecurityManager: SecurityManager: authentication disabled; ui acls disabled; users  with view permissions: Set(yarn, hadoop); groups with view permissions: Set(); users  with modify permissions: Set(yarn, hadoop); groups with modify permissions: Set()
20/10/29 14:16:32 INFO TransportClientFactory: Successfully created connection to ip-10-0-40-135.ec2.internal/10.0.40.135:46585 after 96 ms (0 ms spent in bootstraps)
20/10/29 14:16:33 INFO SecurityManager: Changing view acls to: yarn,hadoop
20/10/29 14:16:33 INFO SecurityManager: Changing modify acls to: yarn,hadoop
20/10/29 14:16:33 INFO SecurityManager: Changing view acls groups to: 
20/10/29 14:16:33 INFO SecurityManager: Changing modify acls groups to: 
20/10/29 14:16:33 INFO SecurityManager: SecurityManager: authentication disabled; ui acls disabled; users  with view permissions: Set(yarn, hadoop); groups with view permissions: Set(); users  with modify permissions: Set(yarn, hadoop); groups with modify permissions: Set()
20/10/29 14:16:33 INFO TransportClientFactory: Successfully created connection to ip-10-0-40-135.ec2.internal/10.0.40.135:46585 after 2 ms (0 ms spent in bootstraps)
20/10/29 14:16:33 INFO DiskBlockManager: Created local directory at /mnt/yarn/usercache/hadoop/appcache/application_1603959726485_0017/blockmgr-18bfa7bc-21ae-42e3-8790-d391e2b8561b
20/10/29 14:16:33 INFO MemoryStore: MemoryStore started with capacity 424.4 MB
20/10/29 14:16:33 INFO CoarseGrainedExecutorBackend: Connecting to driver: spark://CoarseGrainedScheduler@ip-10-0-40-135.ec2.internal:46585
20/10/29 14:16:33 INFO CoarseGrainedExecutorBackend: Successfully registered with driver
20/10/29 14:16:33 INFO Executor: Starting executor ID 1 on host ip-10-0-45-238.ec2.internal
20/10/29 14:16:34 INFO Utils: Successfully started service 'org.apache.spark.network.netty.NettyBlockTransferService' on port 41065.
20/10/29 14:16:34 INFO NettyBlockTransferService: Server created on ip-10-0-45-238.ec2.internal:41065
20/10/29 14:16:34 INFO BlockManager: Using org.apache.spark.storage.RandomBlockReplicationPolicy for block replication policy
20/10/29 14:16:34 INFO BlockManagerMaster: Registering BlockManager BlockManagerId(1, ip-10-0-45-238.ec2.internal, 41065, None)
20/10/29 14:16:34 INFO BlockManagerMaster: Registered BlockManager BlockManagerId(1, ip-10-0-45-238.ec2.internal, 41065, None)
20/10/29 14:16:34 INFO BlockManager: external shuffle service port = 7337
20/10/29 14:16:34 INFO BlockManager: Registering executor with local external shuffle service.
20/10/29 14:16:34 INFO TransportClientFactory: Successfully created connection to ip-10-0-45-238.ec2.internal/10.0.45.238:7337 after 1 ms (0 ms spent in bootstraps)
20/10/29 14:16:34 INFO BlockManager: Initialized BlockManager: BlockManagerId(1, ip-10-0-45-238.ec2.internal, 41065, None)
20/10/29 14:16:34 INFO CoarseGrainedExecutorBackend: Got assigned task 0
20/10/29 14:16:34 INFO Executor: Running task 0.0 in stage 0.0 (TID 0)
20/10/29 14:16:34 INFO TorrentBroadcast: Started reading broadcast variable 1
20/10/29 14:16:34 INFO TransportClientFactory: Successfully created connection to ip-10-0-40-135.ec2.internal/10.0.40.135:45289 after 2 ms (0 ms spent in bootstraps)
20/10/29 14:16:34 INFO MemoryStore: Block broadcast_1_piece0 stored as bytes in memory (estimated size 15.8 KB, free 424.4 MB)
20/10/29 14:16:34 INFO TorrentBroadcast: Reading broadcast variable 1 took 229 ms
20/10/29 14:16:34 INFO MemoryStore: Block broadcast_1 stored as values in memory (estimated size 40.3 KB, free 424.4 MB)
20/10/29 14:16:35 INFO CodeGenerator: Code generated in 553.090416 ms
20/10/29 14:16:36 INFO CodeGenerator: Code generated in 86.809889 ms
20/10/29 14:16:36 INFO CodeGenerator: Code generated in 22.674392 ms
20/10/29 14:16:36 INFO FileScanRDD: Reading File path: s3://spectral-regression-spark-bucket/spectral_data_class.csv, range: 0-134217728, partition values: [empty row]
20/10/29 14:16:36 INFO CodeGenerator: Code generated in 26.496769 ms
20/10/29 14:16:36 INFO TorrentBroadcast: Started reading broadcast variable 0
20/10/29 14:16:36 INFO MemoryStore: Block broadcast_0_piece0 stored as bytes in memory (estimated size 36.7 KB, free 424.3 MB)
20/10/29 14:16:36 INFO TorrentBroadcast: Reading broadcast variable 0 took 13 ms
20/10/29 14:16:36 INFO MemoryStore: Block broadcast_0 stored as values in memory (estimated size 576.5 KB, free 423.7 MB)
20/10/29 14:16:38 INFO S3NativeFileSystem: Opening 's3://spectral-regression-spark-bucket/spectral_data_class.csv' for reading
20/10/29 14:16:39 INFO GPLNativeCodeLoader: Loaded native gpl library
20/10/29 14:16:39 INFO LzoCodec: Successfully loaded & initialized native-lzo library [hadoop-lzo rev 1546b8dc0ca6f1ffd26a812d52bd7b80915e0a25]
20/10/29 14:16:49 INFO Executor: Finished task 0.0 in stage 0.0 (TID 0). 2027 bytes result sent to driver
20/10/29 14:16:50 INFO CoarseGrainedExecutorBackend: Got assigned task 1
20/10/29 14:16:50 INFO Executor: Running task 0.0 in stage 1.0 (TID 1)
20/10/29 14:16:50 INFO CoarseGrainedExecutorBackend: Got assigned task 2
20/10/29 14:16:50 INFO Executor: Running task 1.0 in stage 1.0 (TID 2)
20/10/29 14:16:50 INFO TorrentBroadcast: Started reading broadcast variable 4
20/10/29 14:16:50 INFO MemoryStore: Block broadcast_4_piece0 stored as bytes in memory (estimated size 17.1 KB, free 423.8 MB)
20/10/29 14:16:50 INFO TorrentBroadcast: Reading broadcast variable 4 took 11 ms
20/10/29 14:16:50 INFO MemoryStore: Block broadcast_4 stored as values in memory (estimated size 43.4 KB, free 423.7 MB)
20/10/29 14:16:51 INFO CodeGenerator: Code generated in 141.34245 ms
20/10/29 14:16:52 INFO CodeGenerator: Code generated in 26.354652 ms
20/10/29 14:16:52 INFO FileScanRDD: Reading File path: s3://spectral-regression-spark-bucket/spectral_data_class.csv, range: 0-134217728, partition values: [empty row]
20/10/29 14:16:52 INFO FileScanRDD: Reading File path: s3://spectral-regression-spark-bucket/spectral_data_class.csv, range: 134217728-268435456, partition values: [empty row]
20/10/29 14:16:52 INFO TorrentBroadcast: Started reading broadcast variable 2
20/10/29 14:16:52 INFO MemoryStore: Block broadcast_2_piece0 stored as bytes in memory (estimated size 36.7 KB, free 423.6 MB)
20/10/29 14:16:52 INFO TorrentBroadcast: Reading broadcast variable 2 took 28 ms
20/10/29 14:16:52 INFO MemoryStore: Block broadcast_2 stored as values in memory (estimated size 576.5 KB, free 423.0 MB)
20/10/29 14:16:52 INFO S3NativeFileSystem: Opening 's3://spectral-regression-spark-bucket/spectral_data_class.csv' for reading
20/10/29 14:16:52 INFO S3NativeFileSystem: Opening 's3://spectral-regression-spark-bucket/spectral_data_class.csv' for reading
20/10/29 14:17:04 INFO UnsafeExternalSorter: Thread 28 spilling sort data of 192.0 MB to disk (0  time so far)
20/10/29 14:17:05 INFO UnsafeExternalSorter: Thread 37 spilling sort data of 192.0 MB to disk (0  time so far)
20/10/29 14:17:09 INFO JniLoader: successfully loaded /mnt/yarn/usercache/hadoop/appcache/application_1603959726485_0017/container_1603959726485_0017_01_000003/tmp/jniloader8199936500562835304netlib-native_system-linux-x86_64.so
20/10/29 14:17:13 INFO Executor: Finished task 1.0 in stage 1.0 (TID 2). 2504 bytes result sent to driver
20/10/29 14:17:14 INFO Executor: Finished task 0.0 in stage 1.0 (TID 1). 2461 bytes result sent to driver
20/10/29 14:17:15 INFO CoarseGrainedExecutorBackend: Got assigned task 4
20/10/29 14:17:15 INFO Executor: Running task 0.0 in stage 2.0 (TID 4)
20/10/29 14:17:15 INFO TorrentBroadcast: Started reading broadcast variable 6
20/10/29 14:17:15 INFO CoarseGrainedExecutorBackend: Got assigned task 6
20/10/29 14:17:15 INFO Executor: Running task 2.0 in stage 2.0 (TID 6)
20/10/29 14:17:15 INFO MemoryStore: Block broadcast_6_piece0 stored as bytes in memory (estimated size 18.7 KB, free 423.8 MB)
20/10/29 14:17:15 INFO TorrentBroadcast: Reading broadcast variable 6 took 14 ms
20/10/29 14:17:15 INFO MemoryStore: Block broadcast_6 stored as values in memory (estimated size 44.9 KB, free 423.8 MB)
20/10/29 14:17:15 INFO CodeGenerator: Code generated in 115.989819 ms
20/10/29 14:17:15 INFO CodeGenerator: Code generated in 14.705178 ms
20/10/29 14:17:15 INFO FileScanRDD: Reading File path: s3://spectral-regression-spark-bucket/spectral_data_class.csv, range: 161602326-242403489, partition values: [empty row]
20/10/29 14:17:15 INFO FileScanRDD: Reading File path: s3://spectral-regression-spark-bucket/spectral_data_class.csv, range: 0-80801163, partition values: [empty row]
20/10/29 14:17:15 INFO TorrentBroadcast: Started reading broadcast variable 5
20/10/29 14:17:15 INFO MemoryStore: Block broadcast_5_piece0 stored as bytes in memory (estimated size 36.7 KB, free 423.6 MB)
20/10/29 14:17:15 INFO TorrentBroadcast: Reading broadcast variable 5 took 11 ms
20/10/29 14:17:15 INFO MemoryStore: Block broadcast_5 stored as values in memory (estimated size 576.5 KB, free 423.0 MB)
20/10/29 14:17:15 INFO S3NativeFileSystem: Opening 's3://spectral-regression-spark-bucket/spectral_data_class.csv' for reading
20/10/29 14:17:15 INFO S3NativeFileSystem: Opening 's3://spectral-regression-spark-bucket/spectral_data_class.csv' for reading
20/10/29 14:17:27 INFO Executor: Finished task 2.0 in stage 2.0 (TID 6). 2448 bytes result sent to driver
20/10/29 14:17:27 INFO Executor: Finished task 0.0 in stage 2.0 (TID 4). 2405 bytes result sent to driver
20/10/29 14:17:27 INFO CoarseGrainedExecutorBackend: Got assigned task 9
20/10/29 14:17:27 INFO CoarseGrainedExecutorBackend: Got assigned task 11
20/10/29 14:17:27 INFO Executor: Running task 3.0 in stage 3.0 (TID 11)
20/10/29 14:17:27 INFO TorrentBroadcast: Started reading broadcast variable 7
20/10/29 14:17:27 INFO Executor: Running task 1.0 in stage 3.0 (TID 9)
20/10/29 14:17:27 INFO MemoryStore: Block broadcast_7_piece0 stored as bytes in memory (estimated size 18.5 KB, free 423.1 MB)
20/10/29 14:17:27 INFO TorrentBroadcast: Reading broadcast variable 7 took 11 ms
20/10/29 14:17:27 INFO MemoryStore: Block broadcast_7 stored as values in memory (estimated size 44.1 KB, free 423.1 MB)
20/10/29 14:17:27 INFO FileScanRDD: Reading File path: s3://spectral-regression-spark-bucket/spectral_data_class.csv, range: 80801163-161602326, partition values: [empty row]
20/10/29 14:17:27 INFO S3NativeFileSystem: Opening 's3://spectral-regression-spark-bucket/spectral_data_class.csv' for reading
20/10/29 14:17:27 INFO FileScanRDD: Reading File path: s3://spectral-regression-spark-bucket/spectral_data_class.csv, range: 242403489-319010350, partition values: [empty row]
20/10/29 14:17:27 INFO S3NativeFileSystem: Opening 's3://spectral-regression-spark-bucket/spectral_data_class.csv' for reading
20/10/29 14:17:37 INFO Executor: Finished task 3.0 in stage 3.0 (TID 11). 1922 bytes result sent to driver
20/10/29 14:17:38 INFO Executor: Finished task 1.0 in stage 3.0 (TID 9). 1922 bytes result sent to driver
20/10/29 14:17:38 INFO CoarseGrainedExecutorBackend: Got assigned task 12
20/10/29 14:17:38 INFO Executor: Running task 0.0 in stage 4.0 (TID 12)
20/10/29 14:17:38 INFO CoarseGrainedExecutorBackend: Got assigned task 14
20/10/29 14:17:38 INFO Executor: Running task 2.0 in stage 4.0 (TID 14)
20/10/29 14:17:38 INFO TorrentBroadcast: Started reading broadcast variable 9
20/10/29 14:17:38 INFO MemoryStore: Block broadcast_9_piece0 stored as bytes in memory (estimated size 17.1 KB, free 423.2 MB)
20/10/29 14:17:38 INFO TorrentBroadcast: Reading broadcast variable 9 took 11 ms
20/10/29 14:17:38 INFO MemoryStore: Block broadcast_9 stored as values in memory (estimated size 40.0 KB, free 423.2 MB)
20/10/29 14:17:38 INFO CodeGenerator: Code generated in 54.842361 ms
20/10/29 14:17:38 INFO FileScanRDD: Reading File path: s3://spectral-regression-spark-bucket/spectral_data_class.csv, range: 0-80801163, partition values: [empty row]
20/10/29 14:17:38 INFO TorrentBroadcast: Started reading broadcast variable 8
20/10/29 14:17:38 INFO FileScanRDD: Reading File path: s3://spectral-regression-spark-bucket/spectral_data_class.csv, range: 161602326-242403489, partition values: [empty row]
20/10/29 14:17:38 INFO MemoryStore: Block broadcast_8_piece0 stored as bytes in memory (estimated size 36.7 KB, free 423.0 MB)
20/10/29 14:17:38 INFO TorrentBroadcast: Reading broadcast variable 8 took 14 ms
20/10/29 14:17:38 INFO MemoryStore: Block broadcast_8 stored as values in memory (estimated size 576.5 KB, free 422.4 MB)
20/10/29 14:17:38 INFO S3NativeFileSystem: Opening 's3://spectral-regression-spark-bucket/spectral_data_class.csv' for reading
20/10/29 14:17:38 INFO S3NativeFileSystem: Opening 's3://spectral-regression-spark-bucket/spectral_data_class.csv' for reading
20/10/29 14:17:48 INFO Executor: Finished task 2.0 in stage 4.0 (TID 14). 2651 bytes result sent to driver
20/10/29 14:17:49 INFO Executor: Finished task 0.0 in stage 4.0 (TID 12). 2608 bytes result sent to driver
20/10/29 14:17:49 INFO CoarseGrainedExecutorBackend: Got assigned task 16
20/10/29 14:17:49 INFO Executor: Running task 0.0 in stage 5.0 (TID 16)
20/10/29 14:17:49 INFO MapOutputTrackerWorker: Updating epoch to 1 and clearing cache
20/10/29 14:17:49 INFO TorrentBroadcast: Started reading broadcast variable 10
20/10/29 14:17:49 INFO MemoryStore: Block broadcast_10_piece0 stored as bytes in memory (estimated size 3.8 KB, free 422.6 MB)
20/10/29 14:17:49 INFO TorrentBroadcast: Reading broadcast variable 10 took 12 ms
20/10/29 14:17:49 INFO MemoryStore: Block broadcast_10 stored as values in memory (estimated size 7.1 KB, free 422.6 MB)
20/10/29 14:17:49 INFO MapOutputTrackerWorker: Don't have map outputs for shuffle 0, fetching them
20/10/29 14:17:49 INFO MapOutputTrackerWorker: Doing the fetch; tracker endpoint = NettyRpcEndpointRef(spark://MapOutputTracker@ip-10-0-40-135.ec2.internal:46585)
20/10/29 14:17:49 INFO MapOutputTrackerWorker: Got the output locations
20/10/29 14:17:49 INFO ShuffleBlockFetcherIterator: Getting 4 non-empty blocks including 2 local blocks and 2 remote blocks
20/10/29 14:17:49 INFO TransportClientFactory: Successfully created connection to ip-10-0-63-237.ec2.internal/10.0.63.237:7337 after 1 ms (0 ms spent in bootstraps)
20/10/29 14:17:49 INFO ShuffleBlockFetcherIterator: Started 1 remote fetches in 22 ms
20/10/29 14:17:50 INFO CodeGenerator: Code generated in 12.926466 ms
20/10/29 14:17:50 INFO Executor: Finished task 0.0 in stage 5.0 (TID 16). 1825 bytes result sent to driver
20/10/29 14:17:50 INFO CoarseGrainedExecutorBackend: Got assigned task 17
20/10/29 14:17:50 INFO CoarseGrainedExecutorBackend: Got assigned task 19
20/10/29 14:17:50 INFO Executor: Running task 0.0 in stage 6.0 (TID 17)
20/10/29 14:17:50 INFO TorrentBroadcast: Started reading broadcast variable 12
20/10/29 14:17:50 INFO Executor: Running task 2.0 in stage 6.0 (TID 19)
20/10/29 14:17:50 INFO MemoryStore: Block broadcast_12_piece0 stored as bytes in memory (estimated size 19.1 KB, free 422.6 MB)
20/10/29 14:17:50 INFO TorrentBroadcast: Reading broadcast variable 12 took 11 ms
20/10/29 14:17:50 INFO MemoryStore: Block broadcast_12 stored as values in memory (estimated size 45.6 KB, free 422.6 MB)
20/10/29 14:17:50 INFO CodeGenerator: Code generated in 84.78756 ms
20/10/29 14:17:50 INFO FileScanRDD: Reading File path: s3://spectral-regression-spark-bucket/spectral_data_class.csv, range: 161602326-242403489, partition values: [empty row]
20/10/29 14:17:50 INFO TorrentBroadcast: Started reading broadcast variable 11
20/10/29 14:17:50 INFO FileScanRDD: Reading File path: s3://spectral-regression-spark-bucket/spectral_data_class.csv, range: 0-80801163, partition values: [empty row]
20/10/29 14:17:50 INFO MemoryStore: Block broadcast_11_piece0 stored as bytes in memory (estimated size 36.7 KB, free 422.4 MB)
20/10/29 14:17:50 INFO TorrentBroadcast: Reading broadcast variable 11 took 10 ms
20/10/29 14:17:50 INFO MemoryStore: Block broadcast_11 stored as values in memory (estimated size 576.5 KB, free 421.8 MB)
20/10/29 14:17:50 INFO S3NativeFileSystem: Opening 's3://spectral-regression-spark-bucket/spectral_data_class.csv' for reading
20/10/29 14:17:50 INFO S3NativeFileSystem: Opening 's3://spectral-regression-spark-bucket/spectral_data_class.csv' for reading
20/10/29 14:18:00 INFO Executor: Finished task 2.0 in stage 6.0 (TID 19). 2448 bytes result sent to driver
20/10/29 14:18:00 INFO Executor: Finished task 0.0 in stage 6.0 (TID 17). 2448 bytes result sent to driver
20/10/29 14:18:01 INFO CoarseGrainedExecutorBackend: Got assigned task 21
20/10/29 14:18:01 INFO Executor: Running task 0.0 in stage 7.0 (TID 21)
20/10/29 14:18:01 INFO TorrentBroadcast: Started reading broadcast variable 14
20/10/29 14:18:01 INFO CoarseGrainedExecutorBackend: Got assigned task 23
20/10/29 14:18:01 INFO Executor: Running task 2.0 in stage 7.0 (TID 23)
20/10/29 14:18:01 INFO MemoryStore: Block broadcast_14_piece0 stored as bytes in memory (estimated size 19.8 KB, free 422.6 MB)
20/10/29 14:18:01 INFO TorrentBroadcast: Reading broadcast variable 14 took 10 ms
20/10/29 14:18:01 INFO MemoryStore: Block broadcast_14 stored as values in memory (estimated size 49.1 KB, free 422.6 MB)
20/10/29 14:18:01 INFO CodeGenerator: Code generated in 95.385161 ms
20/10/29 14:18:01 INFO FileScanRDD: Reading File path: s3://spectral-regression-spark-bucket/spectral_data_class.csv, range: 0-80801163, partition values: [empty row]
20/10/29 14:18:01 INFO FileScanRDD: Reading File path: s3://spectral-regression-spark-bucket/spectral_data_class.csv, range: 161602326-242403489, partition values: [empty row]
20/10/29 14:18:01 INFO TorrentBroadcast: Started reading broadcast variable 13
20/10/29 14:18:01 INFO MemoryStore: Block broadcast_13_piece0 stored as bytes in memory (estimated size 36.7 KB, free 422.4 MB)
20/10/29 14:18:01 INFO TorrentBroadcast: Reading broadcast variable 13 took 9 ms
20/10/29 14:18:01 INFO MemoryStore: Block broadcast_13 stored as values in memory (estimated size 576.5 KB, free 421.8 MB)
20/10/29 14:18:01 INFO S3NativeFileSystem: Opening 's3://spectral-regression-spark-bucket/spectral_data_class.csv' for reading
20/10/29 14:18:01 INFO S3NativeFileSystem: Opening 's3://spectral-regression-spark-bucket/spectral_data_class.csv' for reading
20/10/29 14:18:11 INFO Executor: Finished task 2.0 in stage 7.0 (TID 23). 2467 bytes result sent to driver
20/10/29 14:18:12 INFO Executor: Finished task 0.0 in stage 7.0 (TID 21). 2467 bytes result sent to driver
20/10/29 14:18:12 INFO CoarseGrainedExecutorBackend: Got assigned task 25
20/10/29 14:18:12 INFO Executor: Running task 0.0 in stage 8.0 (TID 25)
20/10/29 14:18:12 INFO CoarseGrainedExecutorBackend: Got assigned task 27
20/10/29 14:18:12 INFO Executor: Running task 2.0 in stage 8.0 (TID 27)
20/10/29 14:18:12 INFO TorrentBroadcast: Started reading broadcast variable 16
20/10/29 14:18:12 INFO MemoryStore: Block broadcast_16_piece0 stored as bytes in memory (estimated size 19.8 KB, free 421.9 MB)
20/10/29 14:18:12 INFO TorrentBroadcast: Reading broadcast variable 16 took 11 ms
20/10/29 14:18:12 INFO MemoryStore: Block broadcast_16 stored as values in memory (estimated size 49.1 KB, free 421.9 MB)
20/10/29 14:18:12 INFO FileScanRDD: Reading File path: s3://spectral-regression-spark-bucket/spectral_data_class.csv, range: 0-80801163, partition values: [empty row]
20/10/29 14:18:12 INFO TorrentBroadcast: Started reading broadcast variable 15
20/10/29 14:18:12 INFO FileScanRDD: Reading File path: s3://spectral-regression-spark-bucket/spectral_data_class.csv, range: 161602326-242403489, partition values: [empty row]
20/10/29 14:18:12 INFO MemoryStore: Block broadcast_15_piece0 stored as bytes in memory (estimated size 36.7 KB, free 421.7 MB)
20/10/29 14:18:12 INFO TorrentBroadcast: Reading broadcast variable 15 took 15 ms
20/10/29 14:18:12 INFO MemoryStore: Block broadcast_15 stored as values in memory (estimated size 576.5 KB, free 421.2 MB)
20/10/29 14:18:12 INFO S3NativeFileSystem: Opening 's3://spectral-regression-spark-bucket/spectral_data_class.csv' for reading
20/10/29 14:18:12 INFO S3NativeFileSystem: Opening 's3://spectral-regression-spark-bucket/spectral_data_class.csv' for reading
20/10/29 14:18:23 INFO Executor: Finished task 2.0 in stage 8.0 (TID 27). 2467 bytes result sent to driver
20/10/29 14:18:23 INFO Executor: Finished task 0.0 in stage 8.0 (TID 25). 2467 bytes result sent to driver
20/10/29 14:18:25 INFO CoarseGrainedExecutorBackend: Got assigned task 29
20/10/29 14:18:25 INFO Executor: Running task 0.0 in stage 9.0 (TID 29)
20/10/29 14:18:25 INFO TorrentBroadcast: Started reading broadcast variable 17
20/10/29 14:18:25 INFO MemoryStore: Block broadcast_17_piece0 stored as bytes in memory (estimated size 38.2 KB, free 421.3 MB)
20/10/29 14:18:25 INFO TorrentBroadcast: Reading broadcast variable 17 took 8 ms
20/10/29 14:18:25 INFO MemoryStore: Block broadcast_17 stored as values in memory (estimated size 127.7 KB, free 421.1 MB)
20/10/29 14:18:25 INFO HadoopMapRedCommitProtocol: Using output committer class org.apache.hadoop.mapred.DirectFileOutputCommitter
20/10/29 14:18:26 INFO FileOutputCommitter: File Output Committer Algorithm version is 1
20/10/29 14:18:26 INFO FileOutputCommitter: FileOutputCommitter skip cleanup _temporary folders under output directory:false, ignore cleanup failures: false
20/10/29 14:18:26 INFO DirectFileOutputCommitter: Direct Write: DISABLED
20/10/29 14:18:26 INFO PythonRunner: Times: total = 781, boot = 712, init = 69, finish = 0
20/10/29 14:18:27 INFO FileOutputCommitter: Saved output of task 'attempt_20201029141824_0053_m_000000_0' to s3a://spectral-regression-spark-bucket/results_4xc4large_linear_291020-141823_star-galaxy/_temporary/0/task_20201029141824_0053_m_000000
20/10/29 14:18:27 INFO SparkHadoopMapRedUtil: attempt_20201029141824_0053_m_000000_0: Committed
20/10/29 14:18:27 INFO Executor: Finished task 0.0 in stage 9.0 (TID 29). 1723 bytes result sent to driver
20/10/29 14:18:29 INFO CoarseGrainedExecutorBackend: Driver commanded a shutdown
20/10/29 14:18:29 INFO MemoryStore: MemoryStore cleared
20/10/29 14:18:29 INFO BlockManager: BlockManager stopped
20/10/29 14:18:29 INFO ShutdownHookManager: Shutdown hook called
End of LogType:stderr

LogType:stdout
Log Upload Time:gio ott 29 14:18:30 +0000 2020
LogLength:427065
Log Contents:
2020-10-29T14:16:30.679+0000: [GC (Allocation Failure) 2020-10-29T14:16:30.679+0000: [ParNew: 16384K->2048K(18432K), 0.0041629 secs] 16384K->2385K(59392K), 0.0042629 secs] [Times: user=0.01 sys=0.00, real=0.00 secs] 
2020-10-29T14:16:30.824+0000: [GC (Allocation Failure) 2020-10-29T14:16:30.824+0000: [ParNew: 18432K->1947K(18432K), 0.0073279 secs] 18769K->3637K(59392K), 0.0073848 secs] [Times: user=0.01 sys=0.00, real=0.01 secs] 
2020-10-29T14:16:30.963+0000: [GC (Allocation Failure) 2020-10-29T14:16:30.963+0000: [ParNew: 18331K->1311K(18432K), 0.0016285 secs] 20021K->3001K(59392K), 0.0016763 secs] [Times: user=0.00 sys=0.00, real=0.00 secs] 
2020-10-29T14:16:31.124+0000: [GC (Allocation Failure) 2020-10-29T14:16:31.125+0000: [ParNew: 17695K->1961K(18432K), 0.0046189 secs] 19385K->4032K(59392K), 0.0046863 secs] [Times: user=0.01 sys=0.00, real=0.01 secs] 
2020-10-29T14:16:31.258+0000: [GC (Allocation Failure) 2020-10-29T14:16:31.258+0000: [ParNew: 18345K->1190K(18432K), 0.0058303 secs] 20416K->3806K(59392K), 0.0059029 secs] [Times: user=0.01 sys=0.00, real=0.00 secs] 
2020-10-29T14:16:31.395+0000: [GC (Allocation Failure) 2020-10-29T14:16:31.395+0000: [ParNew: 17574K->1467K(18432K), 0.0022252 secs] 20190K->4083K(59392K), 0.0022891 secs] [Times: user=0.00 sys=0.00, real=0.00 secs] 
2020-10-29T14:16:31.483+0000: [GC (Allocation Failure) 2020-10-29T14:16:31.483+0000: [ParNew: 17851K->1214K(18432K), 0.0038963 secs] 20467K->4372K(59392K), 0.0039648 secs] [Times: user=0.01 sys=0.00, real=0.01 secs] 
2020-10-29T14:16:31.547+0000: [GC (Allocation Failure) 2020-10-29T14:16:31.547+0000: [ParNew: 17598K->981K(18432K), 0.0017335 secs] 20756K->4139K(59392K), 0.0017846 secs] [Times: user=0.01 sys=0.00, real=0.00 secs] 
2020-10-29T14:16:31.604+0000: [GC (Allocation Failure) 2020-10-29T14:16:31.604+0000: [ParNew: 17365K->809K(18432K), 0.0014553 secs] 20523K->3966K(59392K), 0.0015117 secs] [Times: user=0.00 sys=0.00, real=0.00 secs] 
2020-10-29T14:16:31.712+0000: [GC (Allocation Failure) 2020-10-29T14:16:31.712+0000: [ParNew: 17193K->1548K(18432K), 0.0022966 secs] 20350K->4706K(59392K), 0.0023561 secs] [Times: user=0.00 sys=0.00, real=0.00 secs] 
2020-10-29T14:16:31.856+0000: [GC (Allocation Failure) 2020-10-29T14:16:31.856+0000: [ParNew: 17932K->1292K(18432K), 0.0026503 secs] 21090K->4761K(59392K), 0.0027182 secs] [Times: user=0.01 sys=0.00, real=0.00 secs] 
2020-10-29T14:16:32.027+0000: [GC (Allocation Failure) 2020-10-29T14:16:32.027+0000: [ParNew: 17676K->1215K(18432K), 0.0027532 secs] 21145K->4683K(59392K), 0.0028062 secs] [Times: user=0.01 sys=0.00, real=0.00 secs] 
2020-10-29T14:16:32.145+0000: [GC (Allocation Failure) 2020-10-29T14:16:32.145+0000: [ParNew: 17599K->1576K(18432K), 0.0039970 secs] 21067K->5121K(59392K), 0.0040538 secs] [Times: user=0.01 sys=0.00, real=0.01 secs] 
2020-10-29T14:16:32.263+0000: [GC (Allocation Failure) 2020-10-29T14:16:32.263+0000: [ParNew: 17960K->1139K(18432K), 0.0042333 secs] 21505K->5292K(59392K), 0.0042901 secs] [Times: user=0.01 sys=0.01, real=0.01 secs] 
2020-10-29T14:16:32.358+0000: [GC (Allocation Failure) 2020-10-29T14:16:32.358+0000: [ParNew: 17523K->1134K(18432K), 0.0021566 secs] 21676K->5287K(59392K), 0.0022303 secs] [Times: user=0.00 sys=0.00, real=0.00 secs] 
2020-10-29T14:16:32.438+0000: [GC (Allocation Failure) 2020-10-29T14:16:32.438+0000: [ParNew: 17518K->1316K(18432K), 0.0022006 secs] 21671K->5469K(59392K), 0.0022751 secs] [Times: user=0.01 sys=0.00, real=0.00 secs] 
2020-10-29T14:16:32.524+0000: [GC (Allocation Failure) 2020-10-29T14:16:32.524+0000: [ParNew: 17700K->1494K(18432K), 0.0024375 secs] 21853K->5648K(59392K), 0.0024925 secs] [Times: user=0.01 sys=0.00, real=0.00 secs] 
2020-10-29T14:16:32.597+0000: [GC (Allocation Failure) 2020-10-29T14:16:32.598+0000: [ParNew: 17878K->982K(18432K), 0.0032276 secs] 22032K->5494K(59392K), 0.0033031 secs] [Times: user=0.01 sys=0.00, real=0.00 secs] 
2020-10-29T14:16:32.664+0000: [GC (Allocation Failure) 2020-10-29T14:16:32.664+0000: [ParNew: 17366K->1238K(18432K), 0.0043309 secs] 21878K->5751K(59392K), 0.0043875 secs] [Times: user=0.01 sys=0.00, real=0.01 secs] 
2020-10-29T14:16:32.770+0000: [GC (Allocation Failure) 2020-10-29T14:16:32.770+0000: [ParNew: 17622K->1515K(18432K), 0.0036281 secs] 22135K->6232K(59392K), 0.0036855 secs] [Times: user=0.01 sys=0.00, real=0.00 secs] 
2020-10-29T14:16:32.836+0000: [GC (Allocation Failure) 2020-10-29T14:16:32.836+0000: [ParNew: 17899K->1147K(18432K), 0.0035321 secs] 22616K->6326K(59392K), 0.0035902 secs] [Times: user=0.01 sys=0.00, real=0.00 secs] 
2020-10-29T14:16:33.119+0000: [GC (Allocation Failure) 2020-10-29T14:16:33.119+0000: [ParNew: 17531K->1207K(18432K), 0.0022551 secs] 39094K->22770K(59392K), 0.0023117 secs] [Times: user=0.00 sys=0.00, real=0.00 secs] 
2020-10-29T14:16:33.121+0000: [GC (CMS Initial Mark) [1 CMS-initial-mark: 21562K(40960K)] 22982K(59392K), 0.0009388 secs] [Times: user=0.00 sys=0.00, real=0.00 secs] 
2020-10-29T14:16:33.122+0000: [CMS-concurrent-mark-start]
2020-10-29T14:16:33.136+0000: [CMS-concurrent-mark: 0.013/0.013 secs] [Times: user=0.02 sys=0.00, real=0.02 secs] 
2020-10-29T14:16:33.136+0000: [CMS-concurrent-preclean-start]
2020-10-29T14:16:33.136+0000: [CMS-concurrent-preclean: 0.000/0.000 secs] [Times: user=0.00 sys=0.00, real=0.00 secs] 
2020-10-29T14:16:33.136+0000: [GC (CMS Final Remark) [YG occupancy: 2400 K (18432 K)]2020-10-29T14:16:33.136+0000: [Rescan (parallel) , 0.0008820 secs]2020-10-29T14:16:33.137+0000: [weak refs processing, 0.0000342 secs]2020-10-29T14:16:33.137+0000: [class unloading, 0.0029173 secs]2020-10-29T14:16:33.140+0000: [scrub symbol table, 0.0029514 secs]2020-10-29T14:16:33.143+0000: [scrub string table, 0.0002943 secs][1 CMS-remark: 21562K(40960K)] 23963K(59392K), 0.0071652 secs] [Times: user=0.00 sys=0.00, real=0.00 secs] 
2020-10-29T14:16:33.144+0000: [CMS-concurrent-sweep-start]
2020-10-29T14:16:33.147+0000: [CMS-concurrent-sweep: 0.003/0.003 secs] [Times: user=0.00 sys=0.00, real=0.01 secs] 
2020-10-29T14:16:33.147+0000: [CMS-concurrent-reset-start]
2020-10-29T14:16:33.174+0000: [CMS-concurrent-reset: 0.026/0.026 secs] [Times: user=0.03 sys=0.03, real=0.02 secs] 
2020-10-29T14:16:33.236+0000: [GC (Allocation Failure) 2020-10-29T14:16:33.236+0000: [ParNew: 17591K->1011K(18432K), 0.0120590 secs] 38737K->22389K(59392K), 0.0121298 secs] [Times: user=0.03 sys=0.00, real=0.01 secs] 
2020-10-29T14:16:33.378+0000: [GC (Allocation Failure) 2020-10-29T14:16:33.378+0000: [ParNew: 17395K->1573K(18432K), 0.0024003 secs] 55157K->39335K(59392K), 0.0024579 secs] [Times: user=0.01 sys=0.00, real=0.00 secs] 
2020-10-29T14:16:33.380+0000: [GC (CMS Initial Mark) [1 CMS-initial-mark: 37761K(40960K)] 39335K(59392K), 0.0008895 secs] [Times: user=0.00 sys=0.00, real=0.00 secs] 
2020-10-29T14:16:33.381+0000: [CMS-concurrent-mark-start]
2020-10-29T14:16:33.395+0000: [CMS-concurrent-mark: 0.014/0.014 secs] [Times: user=0.03 sys=0.00, real=0.02 secs] 
2020-10-29T14:16:33.395+0000: [CMS-concurrent-preclean-start]
2020-10-29T14:16:33.396+0000: [CMS-concurrent-preclean: 0.001/0.001 secs] [Times: user=0.00 sys=0.00, real=0.00 secs] 
2020-10-29T14:16:33.396+0000: [CMS-concurrent-abortable-preclean-start]
2020-10-29T14:16:33.458+0000: [GC (Allocation Failure) 2020-10-29T14:16:33.458+0000: [ParNew: 17957K->1383K(18432K), 0.0039435 secs] 55719K->39512K(59392K), 0.0040029 secs] [Times: user=0.01 sys=0.00, real=0.00 secs] 
2020-10-29T14:16:33.562+0000: [GC (Allocation Failure) 2020-10-29T14:16:33.562+0000: [ParNew: 17767K->949K(18432K), 0.0026826 secs] 55896K->39416K(59392K), 0.0027537 secs] [Times: user=0.00 sys=0.00, real=0.00 secs] 
2020-10-29T14:16:33.631+0000: [GC (Allocation Failure) 2020-10-29T14:16:33.631+0000: [ParNew: 17333K->1110K(18432K), 0.0018058 secs] 55800K->39578K(59392K), 0.0018645 secs] [Times: user=0.00 sys=0.00, real=0.00 secs] 
2020-10-29T14:16:33.686+0000: [GC (Allocation Failure) 2020-10-29T14:16:33.686+0000: [ParNew: 17494K->1062K(18432K), 0.0022920 secs] 55962K->39656K(59392K), 0.0023781 secs] [Times: user=0.00 sys=0.00, real=0.01 secs] 
2020-10-29T14:16:33.734+0000: [GC (Allocation Failure) 2020-10-29T14:16:33.734+0000: [ParNew: 17446K->987K(18432K), 0.0018404 secs] 56040K->39582K(59392K), 0.0019122 secs] [Times: user=0.00 sys=0.00, real=0.01 secs] 
2020-10-29T14:16:33.845+0000: [GC (Allocation Failure) 2020-10-29T14:16:33.845+0000: [ParNew: 17371K->1031K(18432K), 0.0026391 secs] 55966K->39625K(59392K), 0.0026897 secs] [Times: user=0.00 sys=0.00, real=0.01 secs] 
2020-10-29T14:16:33.850+0000: [CMS-concurrent-abortable-preclean: 0.040/0.454 secs] [Times: user=0.71 sys=0.02, real=0.45 secs] 
2020-10-29T14:16:33.851+0000: [GC (CMS Final Remark) [YG occupancy: 1194 K (18432 K)]2020-10-29T14:16:33.851+0000: [Rescan (parallel) , 0.0010832 secs]2020-10-29T14:16:33.852+0000: [weak refs processing, 0.0000243 secs]2020-10-29T14:16:33.852+0000: [class unloading, 0.0035036 secs]2020-10-29T14:16:33.856+0000: [scrub symbol table, 0.0039126 secs]2020-10-29T14:16:33.860+0000: [scrub string table, 0.0003186 secs][1 CMS-remark: 38594K(40960K)] 39789K(59392K), 0.0089428 secs] [Times: user=0.01 sys=0.00, real=0.01 secs] 
2020-10-29T14:16:33.860+0000: [CMS-concurrent-sweep-start]
2020-10-29T14:16:33.863+0000: [CMS-concurrent-sweep: 0.003/0.003 secs] [Times: user=0.00 sys=0.00, real=0.00 secs] 
2020-10-29T14:16:33.863+0000: [CMS-concurrent-reset-start]
2020-10-29T14:16:33.865+0000: [CMS-concurrent-reset: 0.002/0.002 secs] [Times: user=0.00 sys=0.00, real=0.00 secs] 
2020-10-29T14:16:34.057+0000: [GC (Allocation Failure) 2020-10-29T14:16:34.057+0000: [ParNew: 17415K->1992K(18432K), 0.0035570 secs] 55964K->40541K(82684K), 0.0036366 secs] [Times: user=0.01 sys=0.00, real=0.00 secs] 
2020-10-29T14:16:34.216+0000: [GC (Allocation Failure) 2020-10-29T14:16:34.216+0000: [ParNew: 18376K->1507K(18432K), 0.0098193 secs] 73309K->57707K(82684K), 0.0098923 secs] [Times: user=0.02 sys=0.00, real=0.00 secs] 
2020-10-29T14:16:34.231+0000: [GC (CMS Initial Mark) [1 CMS-initial-mark: 56200K(64252K)] 58932K(82684K), 0.0019815 secs] [Times: user=0.00 sys=0.00, real=0.00 secs] 
2020-10-29T14:16:34.233+0000: [CMS-concurrent-mark-start]
2020-10-29T14:16:34.274+0000: [CMS-concurrent-mark: 0.042/0.042 secs] [Times: user=0.08 sys=0.00, real=0.04 secs] 
2020-10-29T14:16:34.275+0000: [CMS-concurrent-preclean-start]
2020-10-29T14:16:34.276+0000: [CMS-concurrent-preclean: 0.001/0.001 secs] [Times: user=0.01 sys=0.00, real=0.01 secs] 
2020-10-29T14:16:34.276+0000: [CMS-concurrent-abortable-preclean-start]
2020-10-29T14:16:34.361+0000: [GC (Allocation Failure) 2020-10-29T14:16:34.361+0000: [ParNew: 17891K->1173K(18432K), 0.0055233 secs] 74091K->57374K(82684K), 0.0055868 secs] [Times: user=0.01 sys=0.00, real=0.01 secs] 
2020-10-29T14:16:34.444+0000: [GC (Allocation Failure) 2020-10-29T14:16:34.444+0000: [ParNew: 8844K->722K(18432K), 0.0028879 secs]2020-10-29T14:16:34.447+0000: [CMS2020-10-29T14:16:34.447+0000: [CMS-concurrent-abortable-preclean: 0.029/0.171 secs] [Times: user=0.33 sys=0.00, real=0.17 secs] 
 (concurrent mode failure): 56575K->56929K(64252K), 0.0429403 secs] 65045K->56929K(82684K), [Metaspace: 29505K->29505K(1075200K)], 0.0460487 secs] [Times: user=0.05 sys=0.00, real=0.05 secs] 
2020-10-29T14:16:34.659+0000: [GC (Allocation Failure) 2020-10-29T14:16:34.659+0000: [ParNew: 38016K->823K(42752K), 0.0150284 secs] 94945K->74139K(137636K), 0.0151123 secs] [Times: user=0.02 sys=0.01, real=0.01 secs] 
2020-10-29T14:16:34.681+0000: [GC (CMS Initial Mark) [1 CMS-initial-mark: 73315K(94884K)] 75084K(137636K), 0.0012261 secs] [Times: user=0.01 sys=0.00, real=0.00 secs] 
2020-10-29T14:16:34.682+0000: [CMS-concurrent-mark-start]
2020-10-29T14:16:34.728+0000: [CMS-concurrent-mark: 0.045/0.045 secs] [Times: user=0.08 sys=0.01, real=0.05 secs] 
2020-10-29T14:16:34.731+0000: [CMS-concurrent-preclean-start]
2020-10-29T14:16:34.733+0000: [CMS-concurrent-preclean: 0.001/0.001 secs] [Times: user=0.01 sys=0.00, real=0.00 secs] 
2020-10-29T14:16:34.733+0000: [CMS-concurrent-abortable-preclean-start]
2020-10-29T14:16:34.884+0000: [GC (Allocation Failure) 2020-10-29T14:16:34.884+0000: [ParNew: 38839K->2579K(42752K), 0.0076436 secs] 112155K->75894K(137636K), 0.0077085 secs] [Times: user=0.02 sys=0.00, real=0.01 secs] 
2020-10-29T14:16:35.016+0000: [CMS-concurrent-abortable-preclean: 0.029/0.283 secs] [Times: user=0.53 sys=0.01, real=0.29 secs] 
2020-10-29T14:16:35.021+0000: [GC (CMS Final Remark) [YG occupancy: 27592 K (42752 K)]2020-10-29T14:16:35.021+0000: [Rescan (parallel) , 0.0077954 secs]2020-10-29T14:16:35.029+0000: [weak refs processing, 0.0000339 secs]2020-10-29T14:16:35.029+0000: [class unloading, 0.0042280 secs]2020-10-29T14:16:35.033+0000: [scrub symbol table, 0.0051860 secs]2020-10-29T14:16:35.038+0000: [scrub string table, 0.0004417 secs][1 CMS-remark: 73315K(94884K)] 100908K(137636K), 0.0178360 secs] [Times: user=0.03 sys=0.00, real=0.02 secs] 
2020-10-29T14:16:35.039+0000: [CMS-concurrent-sweep-start]
2020-10-29T14:16:35.043+0000: [CMS-concurrent-sweep: 0.004/0.004 secs] [Times: user=0.01 sys=0.00, real=0.00 secs] 
2020-10-29T14:16:35.043+0000: [CMS-concurrent-reset-start]
2020-10-29T14:16:35.045+0000: [CMS-concurrent-reset: 0.002/0.002 secs] [Times: user=0.00 sys=0.00, real=0.00 secs] 
2020-10-29T14:16:35.197+0000: [GC (Allocation Failure) 2020-10-29T14:16:35.197+0000: [ParNew: 40595K->3006K(42752K), 0.0062701 secs] 113700K->76339K(164596K), 0.0063322 secs] [Times: user=0.01 sys=0.00, real=0.00 secs] 
2020-10-29T14:16:35.550+0000: [GC (Allocation Failure) 2020-10-29T14:16:35.550+0000: [ParNew: 41022K->3291K(42752K), 0.0148750 secs] 114355K->77399K(164596K), 0.0149655 secs] [Times: user=0.03 sys=0.00, real=0.01 secs] 
2020-10-29T14:16:35.863+0000: [GC (Allocation Failure) 2020-10-29T14:16:35.863+0000: [ParNew: 41307K->2528K(42752K), 0.0148997 secs] 115415K->77633K(164596K), 0.0149806 secs] [Times: user=0.03 sys=0.00, real=0.02 secs] 
2020-10-29T14:16:36.132+0000: [GC (Allocation Failure) 2020-10-29T14:16:36.132+0000: [ParNew: 40544K->1967K(42752K), 0.0066870 secs] 115649K->77072K(164596K), 0.0067464 secs] [Times: user=0.01 sys=0.00, real=0.01 secs] 
2020-10-29T14:16:36.456+0000: [GC (Allocation Failure) 2020-10-29T14:16:36.456+0000: [ParNew: 39983K->3855K(42752K), 0.0069642 secs] 115088K->78959K(164596K), 0.0070373 secs] [Times: user=0.01 sys=0.00, real=0.00 secs] 
2020-10-29T14:16:36.616+0000: [GC (Allocation Failure) 2020-10-29T14:16:36.616+0000: [ParNew: 41871K->3373K(42752K), 0.0089293 secs] 116975K->80745K(164596K), 0.0089918 secs] [Times: user=0.01 sys=0.00, real=0.00 secs] 
2020-10-29T14:16:36.786+0000: [GC (Allocation Failure) 2020-10-29T14:16:36.786+0000: [ParNew: 41389K->1732K(42752K), 0.0040318 secs] 118761K->79103K(164596K), 0.0040987 secs] [Times: user=0.01 sys=0.00, real=0.01 secs] 
2020-10-29T14:16:36.993+0000: [GC (Allocation Failure) 2020-10-29T14:16:36.993+0000: [ParNew: 39748K->2451K(42752K), 0.0040414 secs] 117119K->79822K(164596K), 0.0041098 secs] [Times: user=0.01 sys=0.00, real=0.01 secs] 
2020-10-29T14:16:37.269+0000: [GC (Allocation Failure) 2020-10-29T14:16:37.269+0000: [ParNew: 40467K->3062K(42752K), 0.0099615 secs] 117838K->80568K(164596K), 0.0100215 secs] [Times: user=0.01 sys=0.00, real=0.01 secs] 
2020-10-29T14:16:37.463+0000: [GC (Allocation Failure) 2020-10-29T14:16:37.463+0000: [ParNew: 41078K->3730K(42752K), 0.0059385 secs] 118584K->81654K(164596K), 0.0060204 secs] [Times: user=0.01 sys=0.01, real=0.01 secs] 
2020-10-29T14:16:37.858+0000: [GC (Allocation Failure) 2020-10-29T14:16:37.858+0000: [ParNew: 41746K->4605K(42752K), 0.0234512 secs] 119670K->83539K(164596K), 0.0235189 secs] [Times: user=0.04 sys=0.00, real=0.02 secs] 
2020-10-29T14:16:38.058+0000: [GC (Allocation Failure) 2020-10-29T14:16:38.058+0000: [ParNew: 42621K->3784K(42752K), 0.0137991 secs] 121555K->85832K(164596K), 0.0138667 secs] [Times: user=0.02 sys=0.01, real=0.01 secs] 
2020-10-29T14:16:38.258+0000: [GC (Allocation Failure) 2020-10-29T14:16:38.258+0000: [ParNew: 41800K->1878K(42752K), 0.0104255 secs] 123848K->83927K(164596K), 0.0104929 secs] [Times: user=0.02 sys=0.00, real=0.01 secs] 
2020-10-29T14:16:38.459+0000: [GC (Allocation Failure) 2020-10-29T14:16:38.459+0000: [ParNew: 39894K->1870K(42752K), 0.0076299 secs] 121943K->83919K(164596K), 0.0077310 secs] [Times: user=0.02 sys=0.00, real=0.00 secs] 
2020-10-29T14:16:38.722+0000: [GC (Allocation Failure) 2020-10-29T14:16:38.722+0000: [ParNew: 39886K->3001K(42752K), 0.0067475 secs] 121935K->85050K(164596K), 0.0068216 secs] [Times: user=0.01 sys=0.00, real=0.01 secs] 
2020-10-29T14:16:39.097+0000: [GC (Allocation Failure) 2020-10-29T14:16:39.097+0000: [ParNew: 41017K->3493K(42752K), 0.0077508 secs] 123066K->85996K(164596K), 0.0078353 secs] [Times: user=0.02 sys=0.00, real=0.00 secs] 
2020-10-29T14:16:39.106+0000: [GC (CMS Initial Mark) [1 CMS-initial-mark: 82502K(121844K)] 94188K(164596K), 0.0030945 secs] [Times: user=0.00 sys=0.00, real=0.01 secs] 
2020-10-29T14:16:39.109+0000: [CMS-concurrent-mark-start]
2020-10-29T14:16:39.180+0000: [CMS-concurrent-mark: 0.071/0.071 secs] [Times: user=0.14 sys=0.00, real=0.07 secs] 
2020-10-29T14:16:39.180+0000: [CMS-concurrent-preclean-start]
2020-10-29T14:16:39.191+0000: [CMS-concurrent-preclean: 0.011/0.011 secs] [Times: user=0.03 sys=0.00, real=0.01 secs] 
2020-10-29T14:16:39.191+0000: [CMS-concurrent-abortable-preclean-start]
2020-10-29T14:16:39.708+0000: [GC (Allocation Failure) 2020-10-29T14:16:39.708+0000: [ParNew: 41509K->1603K(42752K), 0.0142780 secs] 124012K->93364K(164596K), 0.0143407 secs] [Times: user=0.02 sys=0.00, real=0.01 secs] 
2020-10-29T14:16:40.002+0000: [GC (Allocation Failure) 2020-10-29T14:16:40.002+0000: [ParNew: 39619K->1789K(42752K), 0.0048950 secs] 131380K->93549K(164596K), 0.0049599 secs] [Times: user=0.00 sys=0.00, real=0.01 secs] 
2020-10-29T14:16:40.007+0000: [CMS-concurrent-abortable-preclean: 0.133/0.816 secs] [Times: user=1.54 sys=0.02, real=0.82 secs] 
2020-10-29T14:16:40.011+0000: [GC (CMS Final Remark) [YG occupancy: 2549 K (42752 K)]2020-10-29T14:16:40.011+0000: [Rescan (parallel) , 0.0016823 secs]2020-10-29T14:16:40.012+0000: [weak refs processing, 0.0000836 secs]2020-10-29T14:16:40.013+0000: [class unloading, 0.0080865 secs]2020-10-29T14:16:40.021+0000: [scrub symbol table, 0.0093892 secs]2020-10-29T14:16:40.030+0000: [scrub string table, 0.0006647 secs][1 CMS-remark: 91760K(121844K)] 94309K(164596K), 0.0201420 secs] [Times: user=0.02 sys=0.00, real=0.02 secs] 
2020-10-29T14:16:40.031+0000: [CMS-concurrent-sweep-start]
2020-10-29T14:16:40.045+0000: [CMS-concurrent-sweep: 0.010/0.014 secs] [Times: user=0.02 sys=0.00, real=0.01 secs] 
2020-10-29T14:16:40.046+0000: [CMS-concurrent-reset-start]
2020-10-29T14:16:40.048+0000: [CMS-concurrent-reset: 0.002/0.002 secs] [Times: user=0.01 sys=0.00, real=0.01 secs] 
2020-10-29T14:16:40.235+0000: [GC (Allocation Failure) 2020-10-29T14:16:40.235+0000: [ParNew: 39805K->2058K(42752K), 0.0034277 secs] 131020K->93273K(194780K), 0.0035128 secs] [Times: user=0.00 sys=0.00, real=0.00 secs] 
2020-10-29T14:16:40.387+0000: [GC (Allocation Failure) 2020-10-29T14:16:40.387+0000: [ParNew: 40074K->2027K(42752K), 0.0033482 secs] 131289K->93242K(194780K), 0.0034273 secs] [Times: user=0.00 sys=0.00, real=0.00 secs] 
2020-10-29T14:16:40.494+0000: [GC (Allocation Failure) 2020-10-29T14:16:40.494+0000: [ParNew: 40043K->2862K(42752K), 0.0036470 secs] 131258K->94077K(194780K), 0.0037134 secs] [Times: user=0.01 sys=0.00, real=0.01 secs] 
2020-10-29T14:16:40.572+0000: [GC (Allocation Failure) 2020-10-29T14:16:40.572+0000: [ParNew: 40878K->2496K(42752K), 0.0043588 secs] 132093K->94450K(194780K), 0.0044242 secs] [Times: user=0.01 sys=0.00, real=0.01 secs] 
2020-10-29T14:16:40.628+0000: [GC (Allocation Failure) 2020-10-29T14:16:40.628+0000: [ParNew: 40512K->4212K(42752K), 0.0091065 secs] 132466K->104368K(194780K), 0.0091708 secs] [Times: user=0.02 sys=0.00, real=0.01 secs] 
2020-10-29T14:16:40.705+0000: [GC (Allocation Failure) 2020-10-29T14:16:40.705+0000: [ParNew: 38411K->32K(42752K), 0.0030415 secs] 138567K->102246K(194780K), 0.0030900 secs] [Times: user=0.01 sys=0.00, real=0.01 secs] 
2020-10-29T14:16:40.772+0000: [GC (Allocation Failure) 2020-10-29T14:16:40.772+0000: [ParNew: 38048K->4110K(42752K), 0.0024488 secs] 140262K->106325K(194780K), 0.0025338 secs] [Times: user=0.00 sys=0.00, real=0.00 secs] 
2020-10-29T14:16:40.856+0000: [GC (Allocation Failure) 2020-10-29T14:16:40.856+0000: [ParNew: 42126K->5K(42752K), 0.0042569 secs] 144341K->106322K(194780K), 0.0043330 secs] [Times: user=0.01 sys=0.00, real=0.00 secs] 
2020-10-29T14:16:40.906+0000: [GC (Allocation Failure) 2020-10-29T14:16:40.906+0000: [ParNew: 38021K->4K(42752K), 0.0018071 secs] 144338K->106321K(194780K), 0.0018716 secs] [Times: user=0.00 sys=0.00, real=0.01 secs] 
2020-10-29T14:16:40.956+0000: [GC (Allocation Failure) 2020-10-29T14:16:40.956+0000: [ParNew: 38020K->4K(42752K), 0.0017484 secs] 144337K->106321K(194780K), 0.0018113 secs] [Times: user=0.00 sys=0.00, real=0.00 secs] 
2020-10-29T14:16:40.995+0000: [GC (Allocation Failure) 2020-10-29T14:16:40.995+0000: [ParNew: 38020K->4K(42752K), 0.0078707 secs] 144337K->114513K(194780K), 0.0079376 secs] [Times: user=0.01 sys=0.00, real=0.00 secs] 
2020-10-29T14:16:41.006+0000: [GC (CMS Initial Mark) [1 CMS-initial-mark: 114509K(152028K)] 115272K(194780K), 0.0016183 secs] [Times: user=0.01 sys=0.00, real=0.01 secs] 
2020-10-29T14:16:41.007+0000: [CMS-concurrent-mark-start]
2020-10-29T14:16:41.053+0000: [CMS-concurrent-mark: 0.045/0.045 secs] [Times: user=0.08 sys=0.00, real=0.04 secs] 
2020-10-29T14:16:41.053+0000: [CMS-concurrent-preclean-start]
2020-10-29T14:16:41.054+0000: [CMS-concurrent-preclean: 0.002/0.002 secs] [Times: user=0.01 sys=0.00, real=0.00 secs] 
2020-10-29T14:16:41.054+0000: [CMS-concurrent-abortable-preclean-start]
2020-10-29T14:16:41.070+0000: [GC (Allocation Failure) 2020-10-29T14:16:41.070+0000: [ParNew: 38020K->4K(42752K), 0.0015496 secs] 152529K->114513K(194780K), 0.0016045 secs] [Times: user=0.00 sys=0.00, real=0.00 secs] 
2020-10-29T14:16:41.133+0000: [GC (Allocation Failure) 2020-10-29T14:16:41.133+0000: [ParNew: 38020K->4K(42752K), 0.0018288 secs] 152529K->114513K(194780K), 0.0018940 secs] [Times: user=0.01 sys=0.00, real=0.01 secs] 
2020-10-29T14:16:41.174+0000: [GC (Allocation Failure) 2020-10-29T14:16:41.174+0000: [ParNew: 38020K->8K(42752K), 0.0080089 secs] 152529K->122709K(194780K), 0.0080707 secs] [Times: user=0.02 sys=0.00, real=0.01 secs] 
2020-10-29T14:16:41.227+0000: [GC (Allocation Failure) 2020-10-29T14:16:41.227+0000: [ParNew: 38024K->7K(42752K), 0.0018057 secs] 160725K->122709K(194780K), 0.0018784 secs] [Times: user=0.00 sys=0.00, real=0.00 secs] 
2020-10-29T14:16:41.275+0000: [GC (Allocation Failure) 2020-10-29T14:16:41.275+0000: [ParNew: 38023K->9K(42752K), 0.0017714 secs] 160725K->122710K(194780K), 0.0018502 secs] [Times: user=0.00 sys=0.00, real=0.00 secs] 
2020-10-29T14:16:41.324+0000: [GC (Allocation Failure) 2020-10-29T14:16:41.324+0000: [ParNew: 38025K->9K(42752K), 0.0018125 secs] 160726K->122711K(194780K), 0.0018763 secs] [Times: user=0.01 sys=0.00, real=0.00 secs] 
2020-10-29T14:16:41.363+0000: [GC (Allocation Failure) 2020-10-29T14:16:41.363+0000: [ParNew: 38025K->6K(42752K), 0.0085989 secs] 160727K->130900K(194780K), 0.0086700 secs] [Times: user=0.01 sys=0.00, real=0.01 secs] 
2020-10-29T14:16:41.423+0000: [GC (Allocation Failure) 2020-10-29T14:16:41.423+0000: [ParNew: 38022K->8K(42752K), 0.0017854 secs] 168916K->130903K(194780K), 0.0018507 secs] [Times: user=0.00 sys=0.00, real=0.00 secs] 
2020-10-29T14:16:41.469+0000: [GC (Allocation Failure) 2020-10-29T14:16:41.469+0000: [ParNew: 38024K->4K(42752K), 0.0018310 secs] 168919K->130902K(194780K), 0.0019041 secs] [Times: user=0.00 sys=0.00, real=0.00 secs] 
2020-10-29T14:16:41.519+0000: [GC (Allocation Failure) 2020-10-29T14:16:41.519+0000: [ParNew: 38020K->4K(42752K), 0.0018135 secs] 168918K->130902K(194780K), 0.0018922 secs] [Times: user=0.00 sys=0.00, real=0.00 secs] 
2020-10-29T14:16:41.571+0000: [GC (Allocation Failure) 2020-10-29T14:16:41.571+0000: [ParNew: 38020K->4K(42752K), 0.0017840 secs] 168918K->130902K(194780K), 0.0018684 secs] [Times: user=0.01 sys=0.00, real=0.00 secs] 
2020-10-29T14:16:41.620+0000: [GC (Allocation Failure) 2020-10-29T14:16:41.620+0000: [ParNew: 38020K->4K(42752K), 0.0018251 secs] 168918K->130902K(194780K), 0.0018897 secs] [Times: user=0.00 sys=0.00, real=0.00 secs] 
2020-10-29T14:16:41.660+0000: [GC (Allocation Failure) 2020-10-29T14:16:41.660+0000: [ParNew: 38020K->4K(42752K), 0.0081837 secs] 168918K->139094K(194780K), 0.0082612 secs] [Times: user=0.02 sys=0.00, real=0.01 secs] 
2020-10-29T14:16:41.715+0000: [GC (Allocation Failure) 2020-10-29T14:16:41.715+0000: [ParNew: 38020K->4K(42752K), 0.0018290 secs] 177110K->139094K(194780K), 0.0019035 secs] [Times: user=0.00 sys=0.00, real=0.00 secs] 
2020-10-29T14:16:41.763+0000: [GC (Allocation Failure) 2020-10-29T14:16:41.763+0000: [ParNew: 38020K->4K(42752K), 0.0017841 secs] 177110K->139094K(194780K), 0.0018663 secs] [Times: user=0.01 sys=0.00, real=0.00 secs] 
2020-10-29T14:16:41.809+0000: [GC (Allocation Failure) 2020-10-29T14:16:41.809+0000: [ParNew: 38015K->4K(42752K), 0.0018796 secs] 177106K->139094K(194780K), 0.0019472 secs] [Times: user=0.00 sys=0.00, real=0.00 secs] 
2020-10-29T14:16:41.859+0000: [GC (Allocation Failure) 2020-10-29T14:16:41.859+0000: [ParNew: 38020K->4K(42752K), 0.0017741 secs] 177110K->139094K(194780K), 0.0018523 secs] [Times: user=0.00 sys=0.00, real=0.00 secs] 
2020-10-29T14:16:41.891+0000: [GC (Allocation Failure) 2020-10-29T14:16:41.891+0000: [ParNew: 25868K->4K(42752K), 0.0017653 secs] 164959K->139094K(194780K), 0.0018283 secs] [Times: user=0.00 sys=0.01, real=0.00 secs] 
2020-10-29T14:16:41.923+0000: [GC (Allocation Failure) 2020-10-29T14:16:41.923+0000: [ParNew: 38020K->4K(42752K), 0.0144195 secs] 177110K->155478K(211168K), 0.0144871 secs] [Times: user=0.03 sys=0.00, real=0.02 secs] 
2020-10-29T14:16:41.983+0000: [GC (Allocation Failure) 2020-10-29T14:16:41.983+0000: [ParNew: 38020K->4K(42752K), 0.0018604 secs] 193494K->155479K(211168K), 0.0019251 secs] [Times: user=0.01 sys=0.00, real=0.00 secs] 
2020-10-29T14:16:42.029+0000: [GC (Allocation Failure) 2020-10-29T14:16:42.029+0000: [ParNew: 38020K->4K(42752K), 0.0018595 secs] 193495K->155479K(211168K), 0.0019234 secs] [Times: user=0.01 sys=0.00, real=0.00 secs] 
2020-10-29T14:16:42.077+0000: [GC (Allocation Failure) 2020-10-29T14:16:42.077+0000: [ParNew: 38020K->4K(42752K), 0.0018683 secs] 193495K->155479K(211168K), 0.0019320 secs] [Times: user=0.01 sys=0.00, real=0.00 secs] 
2020-10-29T14:16:42.123+0000: [GC (Allocation Failure) 2020-10-29T14:16:42.123+0000: [ParNew: 38020K->4K(42752K), 0.0018521 secs] 193495K->155479K(211168K), 0.0019187 secs] [Times: user=0.01 sys=0.00, real=0.00 secs] 
2020-10-29T14:16:42.170+0000: [GC (Allocation Failure) 2020-10-29T14:16:42.170+0000: [ParNew: 38020K->4K(42752K), 0.0018410 secs] 193495K->155479K(211168K), 0.0019048 secs] [Times: user=0.00 sys=0.00, real=0.00 secs] 
2020-10-29T14:16:42.216+0000: [GC (Allocation Failure) 2020-10-29T14:16:42.217+0000: [ParNew: 38020K->4K(42752K), 0.0018688 secs] 193495K->155479K(211168K), 0.0019343 secs] [Times: user=0.00 sys=0.00, real=0.00 secs] 
2020-10-29T14:16:42.255+0000: [GC (Allocation Failure) 2020-10-29T14:16:42.255+0000: [ParNew: 38020K->4K(42752K), 0.0081658 secs] 193495K->163671K(211168K), 0.0082316 secs] [Times: user=0.01 sys=0.01, real=0.00 secs] 
2020-10-29T14:16:42.308+0000: [GC (Allocation Failure) 2020-10-29T14:16:42.308+0000: [ParNew: 38020K->4K(42752K), 0.0018658 secs] 201687K->163671K(211168K), 0.0019303 secs] [Times: user=0.00 sys=0.00, real=0.00 secs] 
2020-10-29T14:16:42.364+0000: [GC (Allocation Failure) 2020-10-29T14:16:42.364+0000: [ParNew: 38020K->6K(42752K), 0.0018457 secs] 201687K->163673K(211168K), 0.0019116 secs] [Times: user=0.01 sys=0.00, real=0.00 secs] 
2020-10-29T14:16:42.410+0000: [GC (Allocation Failure) 2020-10-29T14:16:42.410+0000: [ParNew: 38022K->6K(42752K), 0.0018814 secs] 201689K->163673K(211168K), 0.0019464 secs] [Times: user=0.00 sys=0.00, real=0.00 secs] 
2020-10-29T14:16:42.457+0000: [GC (Allocation Failure) 2020-10-29T14:16:42.457+0000: [ParNew: 38022K->6K(42752K), 0.0018175 secs] 201689K->163673K(211168K), 0.0018819 secs] [Times: user=0.00 sys=0.00, real=0.00 secs] 
2020-10-29T14:16:42.505+0000: [GC (Allocation Failure) 2020-10-29T14:16:42.505+0000: [ParNew: 38022K->6K(42752K), 0.0018542 secs] 201689K->163673K(211168K), 0.0019164 secs] [Times: user=0.01 sys=0.00, real=0.01 secs] 
2020-10-29T14:16:42.564+0000: [GC (Allocation Failure) 2020-10-29T14:16:42.564+0000: [ParNew: 38022K->6K(42752K), 0.0158218 secs] 201689K->171865K(219364K), 0.0159067 secs] [Times: user=0.02 sys=0.01, real=0.02 secs] 
2020-10-29T14:16:42.631+0000: [GC (Allocation Failure) 2020-10-29T14:16:42.631+0000: [ParNew: 38022K->10K(42752K), 0.0018353 secs] 209881K->171869K(219364K), 0.0018988 secs] [Times: user=0.01 sys=0.00, real=0.00 secs] 
2020-10-29T14:16:42.678+0000: [GC (Allocation Failure) 2020-10-29T14:16:42.678+0000: [ParNew: 38026K->8K(42752K), 0.0018791 secs] 209885K->171869K(219364K), 0.0019437 secs] [Times: user=0.01 sys=0.00, real=0.00 secs] 
2020-10-29T14:16:42.726+0000: [GC (Allocation Failure) 2020-10-29T14:16:42.726+0000: [ParNew: 38024K->8K(42752K), 0.0018894 secs] 209885K->171869K(219364K), 0.0019546 secs] [Times: user=0.01 sys=0.00, real=0.01 secs] 
2020-10-29T14:16:42.773+0000: [GC (Allocation Failure) 2020-10-29T14:16:42.773+0000: [ParNew: 38024K->11K(42752K), 0.0018501 secs] 209885K->171872K(219364K), 0.0019156 secs] [Times: user=0.01 sys=0.00, real=0.00 secs] 
2020-10-29T14:16:42.820+0000: [GC (Allocation Failure) 2020-10-29T14:16:42.820+0000: [ParNew: 38027K->8K(42752K), 0.0019046 secs] 209888K->171869K(219364K), 0.0019700 secs] [Times: user=0.00 sys=0.00, real=0.00 secs] 
2020-10-29T14:16:42.859+0000: [GC (Allocation Failure) 2020-10-29T14:16:42.859+0000: [ParNew: 38024K->8K(42752K), 0.0080537 secs] 209885K->180061K(227560K), 0.0081192 secs] [Times: user=0.02 sys=0.01, real=0.01 secs] 
2020-10-29T14:16:42.924+0000: [GC (Allocation Failure) 2020-10-29T14:16:42.924+0000: [ParNew: 38024K->5K(42752K), 0.0018487 secs] 218077K->180063K(227560K), 0.0019144 secs] [Times: user=0.00 sys=0.00, real=0.00 secs] 
2020-10-29T14:16:42.970+0000: [GC (Allocation Failure) 2020-10-29T14:16:42.970+0000: [ParNew: 38021K->4K(42752K), 0.0019041 secs] 218079K->180062K(227560K), 0.0019684 secs] [Times: user=0.00 sys=0.00, real=0.00 secs] 
2020-10-29T14:16:43.017+0000: [GC (Allocation Failure) 2020-10-29T14:16:43.017+0000: [ParNew: 38020K->4K(42752K), 0.0018621 secs] 218078K->180062K(227560K), 0.0019254 secs] [Times: user=0.01 sys=0.00, real=0.00 secs] 
2020-10-29T14:16:43.065+0000: [GC (Allocation Failure) 2020-10-29T14:16:43.065+0000: [ParNew: 38020K->4K(42752K), 0.0018913 secs] 218078K->180062K(227560K), 0.0019583 secs] [Times: user=0.01 sys=0.00, real=0.00 secs] 
2020-10-29T14:16:43.111+0000: [GC (Allocation Failure) 2020-10-29T14:16:43.111+0000: [ParNew: 38020K->4K(42752K), 0.0018449 secs] 218078K->180062K(227560K), 0.0019109 secs] [Times: user=0.01 sys=0.00, real=0.00 secs] 
2020-10-29T14:16:43.151+0000: [GC (Allocation Failure) 2020-10-29T14:16:43.151+0000: [ParNew: 30411K->4K(42752K), 0.0019281 secs] 210469K->180062K(227560K), 0.0019925 secs] [Times: user=0.01 sys=0.00, real=0.00 secs] 
2020-10-29T14:16:43.189+0000: [GC (Allocation Failure) 2020-10-29T14:16:43.189+0000: [ParNew: 38020K->4K(42752K), 0.0081137 secs] 218078K->188254K(235756K), 0.0081866 secs] [Times: user=0.01 sys=0.01, real=0.01 secs] 
2020-10-29T14:16:43.241+0000: [GC (Allocation Failure) 2020-10-29T14:16:43.241+0000: [ParNew: 38020K->4K(42752K), 0.0019443 secs] 226270K->188254K(235756K), 0.0020087 secs] [Times: user=0.00 sys=0.00, real=0.00 secs] 
2020-10-29T14:16:43.287+0000: [GC (Allocation Failure) 2020-10-29T14:16:43.287+0000: [ParNew: 38020K->4K(42752K), 0.0019277 secs] 226270K->188254K(235756K), 0.0019912 secs] [Times: user=0.00 sys=0.00, real=0.00 secs] 
2020-10-29T14:16:43.337+0000: [GC (Allocation Failure) 2020-10-29T14:16:43.337+0000: [ParNew: 38020K->4K(42752K), 0.0018690 secs] 226270K->188254K(235756K), 0.0019340 secs] [Times: user=0.00 sys=0.00, real=0.00 secs] 
2020-10-29T14:16:43.356+0000: [GC (Allocation Failure) 2020-10-29T14:16:43.356+0000: [ParNew: 38020K->4K(42752K), 0.0276422 secs] 226270K->221022K(268528K), 0.0277120 secs] [Times: user=0.04 sys=0.02, real=0.02 secs] 
2020-10-29T14:16:43.444+0000: [GC (Allocation Failure) 2020-10-29T14:16:43.444+0000: [ParNew: 38020K->4K(42752K), 0.0019452 secs] 259038K->221022K(268528K), 0.0020118 secs] [Times: user=0.01 sys=0.00, real=0.00 secs] 
2020-10-29T14:16:43.490+0000: [GC (Allocation Failure) 2020-10-29T14:16:43.490+0000: [ParNew: 37234K->4K(42752K), 0.0019698 secs] 258252K->221022K(268528K), 0.0020524 secs] [Times: user=0.00 sys=0.00, real=0.00 secs] 
2020-10-29T14:16:43.528+0000: [GC (Allocation Failure) 2020-10-29T14:16:43.528+0000: [ParNew: 38020K->4K(42752K), 0.0083768 secs] 259038K->229214K(276724K), 0.0084413 secs] [Times: user=0.02 sys=0.00, real=0.01 secs] 
2020-10-29T14:16:43.581+0000: [GC (Allocation Failure) 2020-10-29T14:16:43.581+0000: [ParNew: 38020K->4K(42752K), 0.0019633 secs] 267230K->229214K(276724K), 0.0020264 secs] [Times: user=0.00 sys=0.00, real=0.00 secs] 
2020-10-29T14:16:43.627+0000: [GC (Allocation Failure) 2020-10-29T14:16:43.627+0000: [ParNew: 38020K->4K(42752K), 0.0019837 secs] 267230K->229214K(276724K), 0.0020484 secs] [Times: user=0.00 sys=0.00, real=0.00 secs] 
2020-10-29T14:16:43.673+0000: [GC (Allocation Failure) 2020-10-29T14:16:43.674+0000: [ParNew: 38020K->4K(42752K), 0.0020503 secs] 267230K->229214K(276724K), 0.0021156 secs] [Times: user=0.00 sys=0.00, real=0.01 secs] 
2020-10-29T14:16:43.728+0000: [GC (Allocation Failure) 2020-10-29T14:16:43.728+0000: [ParNew: 38020K->4K(42752K), 0.0019828 secs] 267230K->229214K(276724K), 0.0020478 secs] [Times: user=0.01 sys=0.00, real=0.00 secs] 
2020-10-29T14:16:43.774+0000: [GC (Allocation Failure) 2020-10-29T14:16:43.774+0000: [ParNew: 38020K->4K(42752K), 0.0020358 secs] 267230K->229214K(276724K), 0.0021013 secs] [Times: user=0.01 sys=0.00, real=0.01 secs] 
2020-10-29T14:16:43.821+0000: [GC (Allocation Failure) 2020-10-29T14:16:43.821+0000: [ParNew: 38020K->4K(42752K), 0.0080528 secs] 267230K->237406K(284920K), 0.0081170 secs] [Times: user=0.02 sys=0.00, real=0.01 secs] 
2020-10-29T14:16:43.878+0000: [GC (Allocation Failure) 2020-10-29T14:16:43.878+0000: [ParNew: 38020K->4K(42752K), 0.0019900 secs] 275422K->237406K(284920K), 0.0020556 secs] [Times: user=0.00 sys=0.00, real=0.00 secs] 
2020-10-29T14:16:43.924+0000: [GC (Allocation Failure) 2020-10-29T14:16:43.924+0000: [ParNew: 38020K->4K(42752K), 0.0020092 secs] 275422K->237406K(284920K), 0.0020758 secs] [Times: user=0.01 sys=0.00, real=0.00 secs] 
2020-10-29T14:16:43.979+0000: [GC (Allocation Failure) 2020-10-29T14:16:43.979+0000: [ParNew: 38020K->4K(42752K), 0.0019533 secs] 275422K->237406K(284920K), 0.0020328 secs] [Times: user=0.01 sys=0.00, real=0.00 secs] 
2020-10-29T14:16:44.024+0000: [GC (Allocation Failure) 2020-10-29T14:16:44.024+0000: [ParNew: 38020K->4K(42752K), 0.0020178 secs] 275422K->237406K(284920K), 0.0020838 secs] [Times: user=0.01 sys=0.00, real=0.00 secs] 
2020-10-29T14:16:44.069+0000: [GC (Allocation Failure) 2020-10-29T14:16:44.069+0000: [ParNew: 38020K->4K(42752K), 0.0020501 secs] 275422K->237406K(284920K), 0.0021210 secs] [Times: user=0.00 sys=0.00, real=0.00 secs] 
2020-10-29T14:16:44.107+0000: [GC (Allocation Failure) 2020-10-29T14:16:44.107+0000: [ParNew: 38020K->4K(42752K), 0.0081934 secs] 275422K->245598K(293116K), 0.0082743 secs] [Times: user=0.02 sys=0.01, real=0.02 secs] 
2020-10-29T14:16:44.158+0000: [GC (Allocation Failure) 2020-10-29T14:16:44.158+0000: [ParNew: 38020K->4K(42752K), 0.0020845 secs] 283614K->245598K(293116K), 0.0021488 secs] [Times: user=0.00 sys=0.00, real=0.00 secs] 
2020-10-29T14:16:44.207+0000: [GC (Allocation Failure) 2020-10-29T14:16:44.208+0000: [ParNew: 38020K->4K(42752K), 0.0020151 secs] 283614K->245598K(293116K), 0.0020886 secs] [Times: user=0.01 sys=0.00, real=0.00 secs] 
2020-10-29T14:16:44.260+0000: [GC (Allocation Failure) 2020-10-29T14:16:44.260+0000: [ParNew: 38020K->4K(42752K), 0.0020317 secs] 283614K->245598K(293116K), 0.0020960 secs] [Times: user=0.01 sys=0.00, real=0.00 secs] 
2020-10-29T14:16:44.326+0000: [GC (Allocation Failure) 2020-10-29T14:16:44.326+0000: [ParNew: 38020K->4K(42752K), 0.0020347 secs] 283614K->245599K(293116K), 0.0021016 secs] [Times: user=0.01 sys=0.00, real=0.01 secs] 
2020-10-29T14:16:44.370+0000: [GC (Allocation Failure) 2020-10-29T14:16:44.370+0000: [ParNew: 38020K->4K(42752K), 0.0020242 secs] 283615K->245599K(293116K), 0.0020879 secs] [Times: user=0.00 sys=0.00, real=0.00 secs] 
2020-10-29T14:16:44.407+0000: [GC (Allocation Failure) 2020-10-29T14:16:44.407+0000: [ParNew: 38020K->4K(42752K), 0.0084678 secs] 283615K->253791K(301312K), 0.0085363 secs] [Times: user=0.01 sys=0.00, real=0.01 secs] 
2020-10-29T14:16:44.458+0000: [GC (Allocation Failure) 2020-10-29T14:16:44.459+0000: [ParNew: 38020K->4K(42752K), 0.0020135 secs] 291807K->253791K(301312K), 0.0020781 secs] [Times: user=0.01 sys=0.00, real=0.00 secs] 
2020-10-29T14:16:44.505+0000: [GC (Allocation Failure) 2020-10-29T14:16:44.505+0000: [ParNew: 38020K->4K(42752K), 0.0021137 secs] 291807K->253791K(301312K), 0.0021781 secs] [Times: user=0.00 sys=0.00, real=0.01 secs] 
2020-10-29T14:16:44.553+0000: [CMS-concurrent-abortable-preclean: 0.063/3.498 secs] [Times: user=4.05 sys=0.15, real=3.50 secs] 
2020-10-29T14:16:44.553+0000: [GC (CMS Final Remark) [YG occupancy: 33477 K (42752 K)]2020-10-29T14:16:44.553+0000: [Rescan (parallel) , 0.0210333 secs]2020-10-29T14:16:44.574+0000: [weak refs processing, 0.0000403 secs]2020-10-29T14:16:44.574+0000: [class unloading, 0.0078830 secs]2020-10-29T14:16:44.582+0000: [scrub symbol table, 0.0093621 secs]2020-10-29T14:16:44.591+0000: [scrub string table, 0.0006580 secs][1 CMS-remark: 253787K(258560K)] 287265K(301312K), 0.0391116 secs] [Times: user=0.06 sys=0.00, real=0.04 secs] 
2020-10-29T14:16:44.595+0000: [CMS-concurrent-sweep-start]
2020-10-29T14:16:44.601+0000: [GC (Allocation Failure) 2020-10-29T14:16:44.601+0000: [ParNew: 38020K->53K(42752K), 0.0020629 secs] 291792K->253827K(301312K), 0.0021149 secs] [Times: user=0.01 sys=0.00, real=0.00 secs] 
2020-10-29T14:16:44.612+0000: [CMS-concurrent-sweep: 0.013/0.017 secs] [Times: user=0.03 sys=0.00, real=0.02 secs] 
2020-10-29T14:16:44.612+0000: [CMS-concurrent-reset-start]
2020-10-29T14:16:44.615+0000: [CMS-concurrent-reset: 0.002/0.002 secs] [Times: user=0.01 sys=0.01, real=0.01 secs] 
2020-10-29T14:16:44.686+0000: [GC (Allocation Failure) 2020-10-29T14:16:44.686+0000: [ParNew: 38069K->153K(42752K), 0.0093815 secs] 289696K->251779K(462132K), 0.0094483 secs] [Times: user=0.02 sys=0.00, real=0.02 secs] 
2020-10-29T14:16:44.751+0000: [GC (Allocation Failure) 2020-10-29T14:16:44.751+0000: [ParNew: 38169K->108K(42752K), 0.0026669 secs] 289795K->251734K(462132K), 0.0027434 secs] [Times: user=0.01 sys=0.00, real=0.00 secs] 
2020-10-29T14:16:44.789+0000: [GC (Allocation Failure) 2020-10-29T14:16:44.789+0000: [ParNew: 38124K->97K(42752K), 0.0092095 secs] 289750K->259915K(462132K), 0.0092749 secs] [Times: user=0.02 sys=0.01, real=0.01 secs] 
2020-10-29T14:16:44.799+0000: [GC (CMS Initial Mark) [1 CMS-initial-mark: 259818K(419380K)] 260683K(462132K), 0.0020509 secs] [Times: user=0.00 sys=0.00, real=0.00 secs] 
2020-10-29T14:16:44.801+0000: [CMS-concurrent-mark-start]
2020-10-29T14:16:44.844+0000: [CMS-concurrent-mark: 0.043/0.043 secs] [Times: user=0.08 sys=0.00, real=0.04 secs] 
2020-10-29T14:16:44.844+0000: [CMS-concurrent-preclean-start]
2020-10-29T14:16:44.847+0000: [CMS-concurrent-preclean: 0.002/0.002 secs] [Times: user=0.01 sys=0.00, real=0.01 secs] 
2020-10-29T14:16:44.847+0000: [CMS-concurrent-abortable-preclean-start]
2020-10-29T14:16:44.860+0000: [GC (Allocation Failure) 2020-10-29T14:16:44.860+0000: [ParNew: 38113K->101K(42752K), 0.0024947 secs] 297931K->259919K(462132K), 0.0025587 secs] [Times: user=0.00 sys=0.00, real=0.00 secs] 
2020-10-29T14:16:44.906+0000: [GC (Allocation Failure) 2020-10-29T14:16:44.906+0000: [ParNew: 38117K->102K(42752K), 0.0026181 secs] 297935K->259920K(462132K), 0.0026817 secs] [Times: user=0.00 sys=0.00, real=0.01 secs] 
2020-10-29T14:16:44.973+0000: [GC (Allocation Failure) 2020-10-29T14:16:44.973+0000: [ParNew: 38118K->102K(42752K), 0.0027272 secs] 297936K->259932K(462132K), 0.0028097 secs] [Times: user=0.00 sys=0.00, real=0.01 secs] 
2020-10-29T14:16:45.019+0000: [GC (Allocation Failure) 2020-10-29T14:16:45.019+0000: [ParNew: 38118K->39K(42752K), 0.0027978 secs] 297948K->259921K(462132K), 0.0028642 secs] [Times: user=0.00 sys=0.00, real=0.00 secs] 
2020-10-29T14:16:45.065+0000: [GC (Allocation Failure) 2020-10-29T14:16:45.066+0000: [ParNew: 38055K->12K(42752K), 0.0025286 secs] 297937K->259899K(462132K), 0.0026083 secs] [Times: user=0.01 sys=0.00, real=0.01 secs] 
2020-10-29T14:16:45.103+0000: [GC (Allocation Failure) 2020-10-29T14:16:45.103+0000: [ParNew: 38028K->8K(42752K), 0.0091087 secs] 297915K->268087K(462132K), 0.0091829 secs] [Times: user=0.02 sys=0.00, real=0.01 secs] 
2020-10-29T14:16:45.156+0000: [GC (Allocation Failure) 2020-10-29T14:16:45.156+0000: [ParNew: 38024K->8K(42752K), 0.0024781 secs] 306103K->268087K(462132K), 0.0025430 secs] [Times: user=0.01 sys=0.00, real=0.00 secs] 
2020-10-29T14:16:45.201+0000: [GC (Allocation Failure) 2020-10-29T14:16:45.201+0000: [ParNew: 38024K->8K(42752K), 0.0024562 secs] 306103K->268087K(462132K), 0.0025231 secs] [Times: user=0.01 sys=0.00, real=0.00 secs] 
2020-10-29T14:16:45.246+0000: [GC (Allocation Failure) 2020-10-29T14:16:45.246+0000: [ParNew: 38024K->4K(42752K), 0.0026041 secs] 306103K->268087K(462132K), 0.0026710 secs] [Times: user=0.00 sys=0.00, real=0.01 secs] 
2020-10-29T14:16:45.291+0000: [GC (Allocation Failure) 2020-10-29T14:16:45.291+0000: [ParNew: 38020K->4K(42752K), 0.0024188 secs] 306103K->268086K(462132K), 0.0024826 secs] [Times: user=0.00 sys=0.00, real=0.00 secs] 
2020-10-29T14:16:45.336+0000: [GC (Allocation Failure) 2020-10-29T14:16:45.336+0000: [ParNew: 38020K->4K(42752K), 0.0024566 secs] 306102K->268086K(462132K), 0.0025210 secs] [Times: user=0.00 sys=0.00, real=0.00 secs] 
2020-10-29T14:16:45.374+0000: [GC (Allocation Failure) 2020-10-29T14:16:45.374+0000: [ParNew: 38020K->4K(42752K), 0.0086662 secs] 306102K->276278K(462132K), 0.0087330 secs] [Times: user=0.01 sys=0.01, real=0.01 secs] 
2020-10-29T14:16:45.425+0000: [GC (Allocation Failure) 2020-10-29T14:16:45.425+0000: [ParNew: 38020K->4K(42752K), 0.0024301 secs] 314294K->276278K(462132K), 0.0024958 secs] [Times: user=0.00 sys=0.00, real=0.01 secs] 
2020-10-29T14:16:45.470+0000: [GC (Allocation Failure) 2020-10-29T14:16:45.470+0000: [ParNew: 38020K->4K(42752K), 0.0024140 secs] 314294K->276278K(462132K), 0.0024799 secs] [Times: user=0.01 sys=0.00, real=0.00 secs] 
2020-10-29T14:16:45.515+0000: [GC (Allocation Failure) 2020-10-29T14:16:45.515+0000: [ParNew: 38020K->4K(42752K), 0.0027363 secs] 314294K->276278K(462132K), 0.0028086 secs] [Times: user=0.00 sys=0.00, real=0.00 secs] 
2020-10-29T14:16:45.560+0000: [GC (Allocation Failure) 2020-10-29T14:16:45.560+0000: [ParNew: 38020K->4K(42752K), 0.0024741 secs] 314294K->276278K(462132K), 0.0025407 secs] [Times: user=0.01 sys=0.00, real=0.00 secs] 
2020-10-29T14:16:45.608+0000: [GC (Allocation Failure) 2020-10-29T14:16:45.608+0000: [ParNew: 38020K->4K(42752K), 0.0034045 secs] 314294K->276278K(462132K), 0.0034777 secs] [Times: user=0.00 sys=0.00, real=0.00 secs] 
2020-10-29T14:16:45.648+0000: [GC (Allocation Failure) 2020-10-29T14:16:45.648+0000: [ParNew: 38020K->4K(42752K), 0.0089491 secs] 314294K->284470K(462132K), 0.0090205 secs] [Times: user=0.01 sys=0.00, real=0.01 secs] 
2020-10-29T14:16:45.700+0000: [GC (Allocation Failure) 2020-10-29T14:16:45.700+0000: [ParNew: 38020K->4K(42752K), 0.0024486 secs] 322486K->284470K(462132K), 0.0025204 secs] [Times: user=0.01 sys=0.00, real=0.00 secs] 
2020-10-29T14:16:45.745+0000: [GC (Allocation Failure) 2020-10-29T14:16:45.745+0000: [ParNew: 38020K->4K(42752K), 0.0024413 secs] 322486K->284470K(462132K), 0.0025047 secs] [Times: user=0.00 sys=0.00, real=0.01 secs] 
2020-10-29T14:16:45.790+0000: [GC (Allocation Failure) 2020-10-29T14:16:45.790+0000: [ParNew: 38020K->4K(42752K), 0.0024502 secs] 322486K->284470K(462132K), 0.0025139 secs] [Times: user=0.00 sys=0.00, real=0.00 secs] 
2020-10-29T14:16:45.835+0000: [GC (Allocation Failure) 2020-10-29T14:16:45.835+0000: [ParNew: 38020K->4K(42752K), 0.0024533 secs] 322486K->284470K(462132K), 0.0025326 secs] [Times: user=0.01 sys=0.00, real=0.01 secs] 
2020-10-29T14:16:45.881+0000: [GC (Allocation Failure) 2020-10-29T14:16:45.881+0000: [ParNew: 38020K->4K(42752K), 0.0024406 secs] 322486K->284470K(462132K), 0.0025055 secs] [Times: user=0.01 sys=0.00, real=0.00 secs] 
2020-10-29T14:16:45.919+0000: [GC (Allocation Failure) 2020-10-29T14:16:45.919+0000: [ParNew: 38020K->4K(42752K), 0.0089743 secs] 322486K->292662K(462132K), 0.0090570 secs] [Times: user=0.01 sys=0.00, real=0.01 secs] 
2020-10-29T14:16:45.971+0000: [GC (Allocation Failure) 2020-10-29T14:16:45.971+0000: [ParNew: 38020K->4K(42752K), 0.0024157 secs] 330678K->292662K(462132K), 0.0024805 secs] [Times: user=0.00 sys=0.00, real=0.00 secs] 
2020-10-29T14:16:46.016+0000: [GC (Allocation Failure) 2020-10-29T14:16:46.016+0000: [ParNew: 38020K->4K(42752K), 0.0024298 secs] 330678K->292662K(462132K), 0.0024942 secs] [Times: user=0.00 sys=0.00, real=0.00 secs] 
2020-10-29T14:16:46.061+0000: [GC (Allocation Failure) 2020-10-29T14:16:46.061+0000: [ParNew: 38020K->4K(42752K), 0.0024614 secs] 330678K->292662K(462132K), 0.0025281 secs] [Times: user=0.00 sys=0.00, real=0.00 secs] 
2020-10-29T14:16:46.106+0000: [GC (Allocation Failure) 2020-10-29T14:16:46.106+0000: [ParNew: 38020K->4K(42752K), 0.0024701 secs] 330678K->292662K(462132K), 0.0025466 secs] [Times: user=0.00 sys=0.00, real=0.01 secs] 
2020-10-29T14:16:46.151+0000: [GC (Allocation Failure) 2020-10-29T14:16:46.151+0000: [ParNew: 38020K->4K(42752K), 0.0024280 secs] 330678K->292662K(462132K), 0.0024938 secs] [Times: user=0.00 sys=0.00, real=0.00 secs] 
2020-10-29T14:16:46.189+0000: [GC (Allocation Failure) 2020-10-29T14:16:46.189+0000: [ParNew: 38020K->4K(42752K), 0.0088723 secs] 330678K->300855K(462132K), 0.0089355 secs] [Times: user=0.01 sys=0.00, real=0.01 secs] 
2020-10-29T14:16:46.245+0000: [GC (Allocation Failure) 2020-10-29T14:16:46.245+0000: [ParNew: 38020K->4K(42752K), 0.0024478 secs] 338871K->300855K(462132K), 0.0025111 secs] [Times: user=0.01 sys=0.00, real=0.01 secs] 
2020-10-29T14:16:46.327+0000: [GC (Allocation Failure) 2020-10-29T14:16:46.327+0000: [ParNew: 38020K->4K(42752K), 0.0024002 secs] 404407K->366391K(462132K), 0.0024710 secs] [Times: user=0.00 sys=0.00, real=0.00 secs] 
2020-10-29T14:16:46.373+0000: [GC (Allocation Failure) 2020-10-29T14:16:46.373+0000: [ParNew: 38020K->4K(42752K), 0.0024199 secs] 404407K->366391K(462132K), 0.0024846 secs] [Times: user=0.00 sys=0.00, real=0.01 secs] 
2020-10-29T14:16:46.418+0000: [GC (Allocation Failure) 2020-10-29T14:16:46.418+0000: [ParNew: 38020K->4K(42752K), 0.0023995 secs] 404407K->366391K(462132K), 0.0024640 secs] [Times: user=0.01 sys=0.00, real=0.00 secs] 
2020-10-29T14:16:46.462+0000: [GC (Allocation Failure) 2020-10-29T14:16:46.462+0000: [ParNew: 38020K->4K(42752K), 0.0024734 secs] 404407K->366391K(462132K), 0.0025427 secs] [Times: user=0.00 sys=0.00, real=0.00 secs] 
2020-10-29T14:16:46.501+0000: [GC (Allocation Failure) 2020-10-29T14:16:46.501+0000: [ParNew: 38020K->4K(42752K), 0.0088091 secs] 404407K->374583K(462132K), 0.0088746 secs] [Times: user=0.01 sys=0.00, real=0.01 secs] 
2020-10-29T14:16:46.553+0000: [GC (Allocation Failure) 2020-10-29T14:16:46.553+0000: [ParNew: 38020K->4K(42752K), 0.0024294 secs] 412599K->374583K(462132K), 0.0024905 secs] [Times: user=0.00 sys=0.00, real=0.01 secs] 
2020-10-29T14:16:46.598+0000: [GC (Allocation Failure) 2020-10-29T14:16:46.598+0000: [ParNew: 38020K->4K(42752K), 0.0024335 secs] 412599K->374583K(462132K), 0.0024989 secs] [Times: user=0.00 sys=0.00, real=0.00 secs] 
2020-10-29T14:16:46.645+0000: [GC (Allocation Failure) 2020-10-29T14:16:46.645+0000: [ParNew: 38020K->4K(42752K), 0.0023894 secs] 412599K->374583K(462132K), 0.0024535 secs] [Times: user=0.00 sys=0.00, real=0.01 secs] 
2020-10-29T14:16:46.689+0000: [GC (Allocation Failure) 2020-10-29T14:16:46.690+0000: [ParNew: 38020K->4K(42752K), 0.0028439 secs] 412599K->374583K(462132K), 0.0029178 secs] [Times: user=0.00 sys=0.00, real=0.00 secs] 
2020-10-29T14:16:46.735+0000: [GC (Allocation Failure) 2020-10-29T14:16:46.735+0000: [ParNew: 38020K->4K(42752K), 0.0024190 secs] 412599K->374583K(462132K), 0.0024830 secs] [Times: user=0.00 sys=0.00, real=0.00 secs] 
2020-10-29T14:16:46.773+0000: [GC (Allocation Failure) 2020-10-29T14:16:46.773+0000: [ParNew: 31950K->4K(42752K), 0.0026218 secs] 406529K->374583K(462132K), 0.0026877 secs] [Times: user=0.00 sys=0.00, real=0.01 secs] 
2020-10-29T14:16:46.811+0000: [GC (Allocation Failure) 2020-10-29T14:16:46.811+0000: [ParNew: 38020K->4K(42752K), 0.0087656 secs] 412599K->382775K(462132K), 0.0088338 secs] [Times: user=0.01 sys=0.00, real=0.01 secs] 
2020-10-29T14:16:46.864+0000: [GC (Allocation Failure) 2020-10-29T14:16:46.864+0000: [ParNew: 38020K->4K(42752K), 0.0024560 secs] 420791K->382775K(462132K), 0.0025206 secs] [Times: user=0.00 sys=0.00, real=0.01 secs] 
2020-10-29T14:16:46.909+0000: [GC (Allocation Failure) 2020-10-29T14:16:46.909+0000: [ParNew: 38020K->4K(42752K), 0.0024115 secs] 420791K->382775K(462132K), 0.0024845 secs] [Times: user=0.00 sys=0.00, real=0.00 secs] 
2020-10-29T14:16:46.953+0000: [GC (Allocation Failure) 2020-10-29T14:16:46.954+0000: [ParNew: 38020K->4K(42752K), 0.0024192 secs] 420791K->382775K(462132K), 0.0024831 secs] [Times: user=0.01 sys=0.00, real=0.01 secs] 
2020-10-29T14:16:46.998+0000: [GC (Allocation Failure) 2020-10-29T14:16:46.998+0000: [ParNew: 38020K->4K(42752K), 0.0024559 secs] 420791K->382775K(462132K), 0.0025211 secs] [Times: user=0.00 sys=0.00, real=0.00 secs] 
2020-10-29T14:16:47.043+0000: [GC (Allocation Failure) 2020-10-29T14:16:47.043+0000: [ParNew: 38020K->4K(42752K), 0.0023762 secs] 420791K->382775K(462132K), 0.0024365 secs] [Times: user=0.00 sys=0.00, real=0.00 secs] 
2020-10-29T14:16:47.089+0000: [GC (Allocation Failure) 2020-10-29T14:16:47.089+0000: [ParNew: 38020K->4K(42752K), 0.0024270 secs] 420791K->382775K(462132K), 0.0024914 secs] [Times: user=0.01 sys=0.00, real=0.00 secs] 
2020-10-29T14:16:47.126+0000: [GC (Allocation Failure) 2020-10-29T14:16:47.126+0000: [ParNew: 38020K->4K(42752K), 0.0087696 secs] 420791K->390967K(462132K), 0.0088411 secs] [Times: user=0.01 sys=0.01, real=0.02 secs] 
2020-10-29T14:16:47.180+0000: [GC (Allocation Failure) 2020-10-29T14:16:47.180+0000: [ParNew: 38020K->4K(42752K), 0.0023913 secs] 428983K->390967K(462132K), 0.0024587 secs] [Times: user=0.00 sys=0.00, real=0.00 secs] 
2020-10-29T14:16:47.226+0000: [GC (Allocation Failure) 2020-10-29T14:16:47.226+0000: [ParNew: 38020K->4K(42752K), 0.0024349 secs] 428983K->390967K(462132K), 0.0024982 secs] [Times: user=0.00 sys=0.00, real=0.01 secs] 
2020-10-29T14:16:47.270+0000: [GC (Allocation Failure) 2020-10-29T14:16:47.270+0000: [ParNew: 38020K->4K(42752K), 0.0024267 secs] 428983K->390967K(462132K), 0.0024907 secs] [Times: user=0.00 sys=0.00, real=0.00 secs] 
2020-10-29T14:16:47.316+0000: [GC (Allocation Failure) 2020-10-29T14:16:47.316+0000: [ParNew: 38020K->4K(42752K), 0.0024132 secs] 428983K->390967K(462132K), 0.0024813 secs] [Times: user=0.00 sys=0.00, real=0.00 secs] 
2020-10-29T14:16:47.361+0000: [GC (Allocation Failure) 2020-10-29T14:16:47.361+0000: [ParNew: 38020K->4K(42752K), 0.0024104 secs] 428983K->390967K(462132K), 0.0024746 secs] [Times: user=0.00 sys=0.00, real=0.00 secs] 
2020-10-29T14:16:47.406+0000: [GC (Allocation Failure) 2020-10-29T14:16:47.406+0000: [ParNew: 38020K->4K(42752K), 0.0024392 secs] 428983K->390967K(462132K), 0.0025027 secs] [Times: user=0.01 sys=0.00, real=0.01 secs] 
2020-10-29T14:16:47.443+0000: [GC (Allocation Failure) 2020-10-29T14:16:47.443+0000: [ParNew: 38020K->4K(42752K), 0.0087556 secs] 428983K->399159K(462132K), 0.0088221 secs] [Times: user=0.01 sys=0.01, real=0.01 secs] 
2020-10-29T14:16:47.496+0000: [GC (Allocation Failure) 2020-10-29T14:16:47.496+0000: [ParNew: 38020K->4K(42752K), 0.0024826 secs] 437175K->399159K(462132K), 0.0025474 secs] [Times: user=0.01 sys=0.00, real=0.00 secs] 
2020-10-29T14:16:47.542+0000: [GC (Allocation Failure) 2020-10-29T14:16:47.542+0000: [ParNew: 38020K->4K(42752K), 0.0024170 secs] 437175K->399159K(462132K), 0.0024961 secs] [Times: user=0.01 sys=0.00, real=0.00 secs] 
2020-10-29T14:16:47.586+0000: [GC (Allocation Failure) 2020-10-29T14:16:47.586+0000: [ParNew: 38020K->4K(42752K), 0.0023827 secs] 437175K->399159K(462132K), 0.0024467 secs] [Times: user=0.00 sys=0.00, real=0.01 secs] 
2020-10-29T14:16:47.632+0000: [GC (Allocation Failure) 2020-10-29T14:16:47.632+0000: [ParNew: 38020K->4K(42752K), 0.0024178 secs] 437175K->399159K(462132K), 0.0024926 secs] [Times: user=0.00 sys=0.00, real=0.01 secs] 
2020-10-29T14:16:47.678+0000: [GC (Allocation Failure) 2020-10-29T14:16:47.678+0000: [ParNew: 38020K->4K(42752K), 0.0023716 secs] 437175K->399159K(462132K), 0.0024436 secs] [Times: user=0.00 sys=0.00, real=0.00 secs] 
2020-10-29T14:16:47.724+0000: [GC (Allocation Failure) 2020-10-29T14:16:47.724+0000: [ParNew: 37990K->4K(42752K), 0.0023617 secs] 437146K->399159K(462132K), 0.0024249 secs] [Times: user=0.01 sys=0.00, real=0.00 secs] 
2020-10-29T14:16:47.761+0000: [GC (Allocation Failure) 2020-10-29T14:16:47.761+0000: [ParNew: 38020K->4K(42752K), 0.0087839 secs] 437175K->407351K(462132K), 0.0088529 secs] [Times: user=0.01 sys=0.01, real=0.01 secs] 
2020-10-29T14:16:47.812+0000: [GC (Allocation Failure) 2020-10-29T14:16:47.812+0000: [ParNew: 38020K->4K(42752K), 0.0023829 secs] 445367K->407351K(462132K), 0.0024462 secs] [Times: user=0.01 sys=0.00, real=0.00 secs] 
2020-10-29T14:16:47.856+0000: [GC (Allocation Failure) 2020-10-29T14:16:47.856+0000: [ParNew: 38020K->4K(42752K), 0.0025047 secs] 445367K->407351K(462132K), 0.0025757 secs] [Times: user=0.00 sys=0.00, real=0.00 secs] 
2020-10-29T14:16:47.901+0000: [GC (Allocation Failure) 2020-10-29T14:16:47.901+0000: [ParNew: 38020K->4K(42752K), 0.0024064 secs] 445367K->407351K(462132K), 0.0024699 secs] [Times: user=0.01 sys=0.00, real=0.00 secs] 
2020-10-29T14:16:47.945+0000: [GC (Allocation Failure) 2020-10-29T14:16:47.945+0000: [ParNew: 38020K->4K(42752K), 0.0024173 secs] 445367K->407351K(462132K), 0.0024822 secs] [Times: user=0.01 sys=0.00, real=0.01 secs] 
2020-10-29T14:16:47.990+0000: [GC (Allocation Failure) 2020-10-29T14:16:47.990+0000: [ParNew: 38020K->4K(42752K), 0.0028505 secs] 445367K->407351K(462132K), 0.0029141 secs] [Times: user=0.01 sys=0.00, real=0.00 secs] 
2020-10-29T14:16:48.032+0000: [GC (Allocation Failure) 2020-10-29T14:16:48.032+0000: [ParNew: 34967K->4K(42752K), 0.0024173 secs] 442315K->407351K(462132K), 0.0024826 secs] [Times: user=0.00 sys=0.00, real=0.00 secs] 
2020-10-29T14:16:48.071+0000: [GC (Allocation Failure) 2020-10-29T14:16:48.071+0000: [ParNew: 38020K->4K(42752K), 0.0088653 secs] 445367K->415543K(462132K), 0.0089318 secs] [Times: user=0.02 sys=0.00, real=0.01 secs] 
2020-10-29T14:16:48.123+0000: [GC (Allocation Failure) 2020-10-29T14:16:48.123+0000: [ParNew: 38020K->4K(42752K), 0.0023851 secs] 453559K->415543K(462132K), 0.0024625 secs] [Times: user=0.01 sys=0.00, real=0.00 secs] 
2020-10-29T14:16:48.168+0000: [GC (Allocation Failure) 2020-10-29T14:16:48.168+0000: [ParNew: 38020K->4K(42752K), 0.0024304 secs] 453559K->415543K(462132K), 0.0024962 secs] [Times: user=0.00 sys=0.00, real=0.00 secs] 
2020-10-29T14:16:48.213+0000: [GC (Allocation Failure) 2020-10-29T14:16:48.213+0000: [ParNew: 38020K->4K(42752K), 0.0024293 secs] 453559K->415543K(462132K), 0.0024929 secs] [Times: user=0.00 sys=0.00, real=0.01 secs] 
2020-10-29T14:16:48.257+0000: [GC (Allocation Failure) 2020-10-29T14:16:48.257+0000: [ParNew: 38020K->4K(42752K), 0.0024206 secs] 453559K->415543K(462132K), 0.0024846 secs] [Times: user=0.00 sys=0.00, real=0.00 secs] 
2020-10-29T14:16:48.302+0000: [GC (Allocation Failure) 2020-10-29T14:16:48.302+0000: [ParNew: 38020K->4K(42752K), 0.0023880 secs] 453559K->415543K(462132K), 0.0024511 secs] [Times: user=0.00 sys=0.00, real=0.00 secs] 
2020-10-29T14:16:48.339+0000: [GC (Allocation Failure) 2020-10-29T14:16:48.339+0000: [ParNew: 38020K->4K(42752K), 0.0085524 secs] 453559K->423736K(470328K), 0.0086323 secs] [Times: user=0.01 sys=0.01, real=0.01 secs] 
2020-10-29T14:16:48.390+0000: [GC (Allocation Failure) 2020-10-29T14:16:48.390+0000: [ParNew: 38020K->4K(42752K), 0.0024122 secs] 461752K->423736K(470328K), 0.0024758 secs] [Times: user=0.01 sys=0.00, real=0.00 secs] 
2020-10-29T14:16:48.435+0000: [GC (Allocation Failure) 2020-10-29T14:16:48.435+0000: [ParNew: 38020K->4K(42752K), 0.0023866 secs] 461752K->423736K(470328K), 0.0024500 secs] [Times: user=0.01 sys=0.00, real=0.00 secs] 
2020-10-29T14:16:48.641+0000: [CMS-concurrent-abortable-preclean: 0.119/3.795 secs] [Times: user=4.19 sys=0.20, real=3.79 secs] 
2020-10-29T14:16:48.646+0000: [GC (CMS Final Remark) [YG occupancy: 28892 K (42752 K)]2020-10-29T14:16:48.646+0000: [Rescan (parallel) , 0.0205138 secs]2020-10-29T14:16:48.666+0000: [weak refs processing, 0.0000394 secs]2020-10-29T14:16:48.666+0000: [class unloading, 0.0083561 secs]2020-10-29T14:16:48.675+0000: [scrub symbol table, 0.0096145 secs]2020-10-29T14:16:48.684+0000: [scrub string table, 0.0006802 secs][1 CMS-remark: 423731K(427576K)] 452624K(470328K), 0.0394008 secs] [Times: user=0.06 sys=0.00, real=0.04 secs] 
2020-10-29T14:16:48.685+0000: [CMS-concurrent-sweep-start]
2020-10-29T14:16:48.696+0000: [CMS-concurrent-sweep: 0.011/0.011 secs] [Times: user=0.02 sys=0.00, real=0.02 secs] 
2020-10-29T14:16:48.697+0000: [CMS-concurrent-reset-start]
2020-10-29T14:16:48.699+0000: [CMS-concurrent-reset: 0.002/0.002 secs] [Times: user=0.01 sys=0.00, real=0.00 secs] 
2020-10-29T14:16:49.647+0000: [GC (Allocation Failure) 2020-10-29T14:16:49.647+0000: [ParNew: 38020K->48K(42752K), 0.0030896 secs] 441270K->403299K(714840K), 0.0031536 secs] [Times: user=0.00 sys=0.00, real=0.00 secs] 
2020-10-29T14:16:51.057+0000: [GC (Allocation Failure) 2020-10-29T14:16:51.057+0000: [ParNew: 38064K->1547K(42752K), 0.0097838 secs] 441315K->404798K(714840K), 0.0098750 secs] [Times: user=0.02 sys=0.00, real=0.01 secs] 
2020-10-29T14:16:51.283+0000: [GC (Allocation Failure) 2020-10-29T14:16:51.283+0000: [ParNew: 39563K->2374K(42752K), 0.0055199 secs] 442814K->405625K(714840K), 0.0056042 secs] [Times: user=0.01 sys=0.00, real=0.01 secs] 
2020-10-29T14:16:51.446+0000: [GC (Allocation Failure) 2020-10-29T14:16:51.446+0000: [ParNew: 40390K->2601K(42752K), 0.0055828 secs] 443641K->405852K(714840K), 0.0056456 secs] [Times: user=0.01 sys=0.00, real=0.01 secs] 
2020-10-29T14:16:51.653+0000: [GC (Allocation Failure) 2020-10-29T14:16:51.653+0000: [ParNew: 40617K->2370K(42752K), 0.0081126 secs] 443868K->406225K(714840K), 0.0081785 secs] [Times: user=0.01 sys=0.00, real=0.01 secs] 
2020-10-29T14:16:51.801+0000: [GC (Allocation Failure) 2020-10-29T14:16:51.801+0000: [ParNew: 40386K->2102K(42752K), 0.0051701 secs] 444241K->405958K(714840K), 0.0052324 secs] [Times: user=0.01 sys=0.00, real=0.00 secs] 
2020-10-29T14:16:51.977+0000: [GC (Allocation Failure) 2020-10-29T14:16:51.977+0000: [ParNew: 40118K->2380K(42752K), 0.0054041 secs] 443974K->406236K(714840K), 0.0054864 secs] [Times: user=0.01 sys=0.00, real=0.00 secs] 
2020-10-29T14:16:52.237+0000: [GC (Allocation Failure) 2020-10-29T14:16:52.237+0000: [ParNew: 40396K->2743K(42752K), 0.0066169 secs] 444252K->406598K(714840K), 0.0066805 secs] [Times: user=0.01 sys=0.00, real=0.00 secs] 
2020-10-29T14:16:52.557+0000: [GC (Allocation Failure) 2020-10-29T14:16:52.557+0000: [ParNew: 40759K->4218K(42752K), 0.0106418 secs] 444614K->408323K(714840K), 0.0107109 secs] [Times: user=0.02 sys=0.00, real=0.01 secs] 
2020-10-29T14:16:52.981+0000: [GC (Allocation Failure) 2020-10-29T14:16:52.981+0000: [ParNew: 42234K->4735K(42752K), 0.0218558 secs] 446339K->412607K(714840K), 0.0219411 secs] [Times: user=0.04 sys=0.00, real=0.02 secs] 
2020-10-29T14:16:53.137+0000: [GC (Allocation Failure) 2020-10-29T14:16:53.137+0000: [ParNew: 42751K->1377K(42752K), 0.0075727 secs] 450623K->411001K(714840K), 0.0076654 secs] [Times: user=0.01 sys=0.00, real=0.00 secs] 
2020-10-29T14:16:53.277+0000: [GC (Allocation Failure) 2020-10-29T14:16:53.277+0000: [ParNew: 39393K->1215K(42752K), 0.0033717 secs] 449017K->410840K(714840K), 0.0034364 secs] [Times: user=0.00 sys=0.00, real=0.00 secs] 
2020-10-29T14:16:53.363+0000: [GC (Allocation Failure) 2020-10-29T14:16:53.363+0000: [ParNew: 39231K->1141K(42752K), 0.0034829 secs] 448856K->410766K(714840K), 0.0035474 secs] [Times: user=0.00 sys=0.00, real=0.00 secs] 
2020-10-29T14:16:53.421+0000: [GC (Allocation Failure) 2020-10-29T14:16:53.421+0000: [ParNew: 39157K->1599K(42752K), 0.0035111 secs] 448782K->411223K(714840K), 0.0035752 secs] [Times: user=0.01 sys=0.00, real=0.00 secs] 
2020-10-29T14:16:53.481+0000: [GC (Allocation Failure) 2020-10-29T14:16:53.481+0000: [ParNew: 39615K->2086K(42752K), 0.0036522 secs] 449239K->411710K(714840K), 0.0037152 secs] [Times: user=0.00 sys=0.00, real=0.00 secs] 
2020-10-29T14:16:53.537+0000: [GC (Allocation Failure) 2020-10-29T14:16:53.537+0000: [ParNew: 40102K->2085K(42752K), 0.0036149 secs] 449726K->411709K(714840K), 0.0036803 secs] [Times: user=0.00 sys=0.00, real=0.00 secs] 
2020-10-29T14:16:53.584+0000: [GC (Allocation Failure) 2020-10-29T14:16:53.584+0000: [ParNew: 40101K->3085K(42752K), 0.0038929 secs] 449725K->412737K(714840K), 0.0039584 secs] [Times: user=0.00 sys=0.00, real=0.01 secs] 
2020-10-29T14:16:53.635+0000: [GC (Allocation Failure) 2020-10-29T14:16:53.635+0000: [ParNew: 41101K->4100K(42752K), 0.0044160 secs] 450753K->414776K(714840K), 0.0044845 secs] [Times: user=0.01 sys=0.01, real=0.01 secs] 
2020-10-29T14:16:53.692+0000: [GC (Allocation Failure) 2020-10-29T14:16:53.692+0000: [ParNew: 42116K->2052K(42752K), 0.0046388 secs] 452792K->414776K(714840K), 0.0047081 secs] [Times: user=0.01 sys=0.00, real=0.01 secs] 
2020-10-29T14:16:53.759+0000: [GC (Allocation Failure) 2020-10-29T14:16:53.759+0000: [ParNew: 40068K->4102K(42752K), 0.0038888 secs] 452792K->416826K(714840K), 0.0039536 secs] [Times: user=0.01 sys=0.00, real=0.00 secs] 
2020-10-29T14:16:53.837+0000: [GC (Allocation Failure) 2020-10-29T14:16:53.837+0000: [ParNew: 42118K->4K(42752K), 0.0037443 secs] 454842K->414777K(714840K), 0.0038161 secs] [Times: user=0.01 sys=0.00, real=0.00 secs] 
2020-10-29T14:16:53.901+0000: [GC (Allocation Failure) 2020-10-29T14:16:53.901+0000: [ParNew: 38020K->4K(42752K), 0.0032490 secs] 452793K->414777K(714840K), 0.0033368 secs] [Times: user=0.01 sys=0.00, real=0.00 secs] 
2020-10-29T14:16:53.963+0000: [GC (Allocation Failure) 2020-10-29T14:16:53.963+0000: [ParNew: 38020K->4K(42752K), 0.0031751 secs] 452793K->414777K(714840K), 0.0032605 secs] [Times: user=0.01 sys=0.00, real=0.00 secs] 
2020-10-29T14:16:54.062+0000: [GC (Allocation Failure) 2020-10-29T14:16:54.062+0000: [ParNew: 38020K->4K(42752K), 0.0033258 secs] 452793K->414777K(714840K), 0.0034155 secs] [Times: user=0.01 sys=0.00, real=0.00 secs] 
2020-10-29T14:16:54.148+0000: [GC (Allocation Failure) 2020-10-29T14:16:54.148+0000: [ParNew: 38020K->4K(42752K), 0.0032272 secs] 452793K->414777K(714840K), 0.0033158 secs] [Times: user=0.01 sys=0.00, real=0.00 secs] 
2020-10-29T14:16:54.207+0000: [GC (Allocation Failure) 2020-10-29T14:16:54.207+0000: [ParNew: 38020K->4100K(42752K), 0.0046363 secs] 452793K->422969K(714840K), 0.0047232 secs] [Times: user=0.01 sys=0.00, real=0.00 secs] 
2020-10-29T14:16:54.283+0000: [GC (Allocation Failure) 2020-10-29T14:16:54.283+0000: [ParNew: 42116K->4100K(42752K), 0.0041004 secs] 460985K->422969K(714840K), 0.0041643 secs] [Times: user=0.01 sys=0.00, real=0.01 secs] 
2020-10-29T14:16:54.335+0000: [GC (Allocation Failure) 2020-10-29T14:16:54.335+0000: [ParNew: 42116K->6K(42752K), 0.0042001 secs] 460985K->422971K(714840K), 0.0042663 secs] [Times: user=0.01 sys=0.00, real=0.00 secs] 
2020-10-29T14:16:54.383+0000: [GC (Allocation Failure) 2020-10-29T14:16:54.383+0000: [ParNew: 38022K->6K(42752K), 0.0032107 secs] 460987K->422971K(714840K), 0.0032759 secs] [Times: user=0.00 sys=0.00, real=0.00 secs] 
2020-10-29T14:16:54.434+0000: [GC (Allocation Failure) 2020-10-29T14:16:54.434+0000: [ParNew: 38022K->6K(42752K), 0.0032104 secs] 460987K->422971K(714840K), 0.0032752 secs] [Times: user=0.01 sys=0.00, real=0.01 secs] 
2020-10-29T14:16:54.477+0000: [GC (Allocation Failure) 2020-10-29T14:16:54.477+0000: [ParNew: 38022K->4K(42752K), 0.0032902 secs] 460987K->422969K(714840K), 0.0033586 secs] [Times: user=0.00 sys=0.00, real=0.00 secs] 
2020-10-29T14:16:54.527+0000: [GC (Allocation Failure) 2020-10-29T14:16:54.527+0000: [ParNew: 38020K->4K(42752K), 0.0031915 secs] 460985K->422969K(714840K), 0.0032538 secs] [Times: user=0.01 sys=0.00, real=0.00 secs] 
2020-10-29T14:16:54.581+0000: [GC (Allocation Failure) 2020-10-29T14:16:54.582+0000: [ParNew: 38020K->8K(42752K), 0.0032340 secs] 460985K->422973K(714840K), 0.0032983 secs] [Times: user=0.01 sys=0.00, real=0.00 secs] 
2020-10-29T14:16:54.631+0000: [GC (Allocation Failure) 2020-10-29T14:16:54.631+0000: [ParNew: 38024K->7K(42752K), 0.0032270 secs] 460989K->422974K(714840K), 0.0033045 secs] [Times: user=0.00 sys=0.00, real=0.00 secs] 
2020-10-29T14:16:54.676+0000: [GC (Allocation Failure) 2020-10-29T14:16:54.676+0000: [ParNew: 38023K->7K(42752K), 0.0032309 secs] 460990K->422974K(714840K), 0.0032955 secs] [Times: user=0.01 sys=0.00, real=0.00 secs] 
2020-10-29T14:16:54.719+0000: [GC (Allocation Failure) 2020-10-29T14:16:54.719+0000: [ParNew: 38023K->7K(42752K), 0.0032795 secs] 460990K->422974K(714840K), 0.0033467 secs] [Times: user=0.01 sys=0.00, real=0.00 secs] 
2020-10-29T14:16:54.763+0000: [GC (Allocation Failure) 2020-10-29T14:16:54.763+0000: [ParNew: 38023K->7K(42752K), 0.0031753 secs] 460990K->422974K(714840K), 0.0032385 secs] [Times: user=0.01 sys=0.00, real=0.00 secs] 
2020-10-29T14:16:54.807+0000: [GC (Allocation Failure) 2020-10-29T14:16:54.807+0000: [ParNew: 38023K->7K(42752K), 0.0031900 secs] 460990K->422974K(714840K), 0.0032556 secs] [Times: user=0.01 sys=0.00, real=0.00 secs] 
2020-10-29T14:16:54.851+0000: [GC (Allocation Failure) 2020-10-29T14:16:54.851+0000: [ParNew: 38023K->5K(42752K), 0.0032323 secs] 460990K->422975K(714840K), 0.0032945 secs] [Times: user=0.01 sys=0.00, real=0.00 secs] 
2020-10-29T14:16:54.892+0000: [GC (Allocation Failure) 2020-10-29T14:16:54.892+0000: [ParNew: 38021K->6K(42752K), 0.0032601 secs] 460991K->422975K(714840K), 0.0033250 secs] [Times: user=0.00 sys=0.00, real=0.01 secs] 
2020-10-29T14:16:54.935+0000: [GC (Allocation Failure) 2020-10-29T14:16:54.935+0000: [ParNew: 38022K->4K(42752K), 0.0032787 secs] 460991K->422974K(714840K), 0.0033440 secs] [Times: user=0.01 sys=0.00, real=0.01 secs] 
2020-10-29T14:16:54.975+0000: [GC (Allocation Failure) 2020-10-29T14:16:54.975+0000: [ParNew: 37695K->4K(42752K), 0.0033004 secs] 460665K->422974K(714840K), 0.0033665 secs] [Times: user=0.01 sys=0.00, real=0.00 secs] 
2020-10-29T14:16:55.019+0000: [GC (Allocation Failure) 2020-10-29T14:16:55.019+0000: [ParNew: 38020K->4K(42752K), 0.0032106 secs] 460990K->422974K(714840K), 0.0032750 secs] [Times: user=0.00 sys=0.00, real=0.00 secs] 
2020-10-29T14:16:55.063+0000: [GC (Allocation Failure) 2020-10-29T14:16:55.063+0000: [ParNew: 38020K->4K(42752K), 0.0032084 secs] 460990K->422974K(714840K), 0.0032744 secs] [Times: user=0.01 sys=0.00, real=0.00 secs] 
2020-10-29T14:16:55.104+0000: [GC (Allocation Failure) 2020-10-29T14:16:55.104+0000: [ParNew: 38020K->4K(42752K), 0.0032553 secs] 460990K->422974K(714840K), 0.0033192 secs] [Times: user=0.01 sys=0.00, real=0.01 secs] 
2020-10-29T14:16:55.146+0000: [GC (Allocation Failure) 2020-10-29T14:16:55.146+0000: [ParNew: 38020K->4K(42752K), 0.0032829 secs] 460990K->422974K(714840K), 0.0033485 secs] [Times: user=0.01 sys=0.00, real=0.01 secs] 
2020-10-29T14:16:55.187+0000: [GC (Allocation Failure) 2020-10-29T14:16:55.187+0000: [ParNew: 38020K->4K(42752K), 0.0032067 secs] 460990K->422974K(714840K), 0.0032730 secs] [Times: user=0.01 sys=0.00, real=0.00 secs] 
2020-10-29T14:16:55.228+0000: [GC (Allocation Failure) 2020-10-29T14:16:55.228+0000: [ParNew: 38020K->4K(42752K), 0.0032405 secs] 460990K->422974K(714840K), 0.0033047 secs] [Times: user=0.01 sys=0.00, real=0.00 secs] 
2020-10-29T14:16:55.274+0000: [GC (Allocation Failure) 2020-10-29T14:16:55.274+0000: [ParNew: 38020K->4K(42752K), 0.0032037 secs] 460990K->422974K(714840K), 0.0032676 secs] [Times: user=0.01 sys=0.00, real=0.01 secs] 
2020-10-29T14:16:55.315+0000: [GC (Allocation Failure) 2020-10-29T14:16:55.315+0000: [ParNew: 38020K->4K(42752K), 0.0031664 secs] 460990K->422974K(714840K), 0.0032311 secs] [Times: user=0.01 sys=0.00, real=0.00 secs] 
2020-10-29T14:16:55.356+0000: [GC (Allocation Failure) 2020-10-29T14:16:55.356+0000: [ParNew: 38020K->4K(42752K), 0.0032644 secs] 460990K->422974K(714840K), 0.0033290 secs] [Times: user=0.01 sys=0.00, real=0.00 secs] 
2020-10-29T14:16:55.403+0000: [GC (Allocation Failure) 2020-10-29T14:16:55.403+0000: [ParNew: 38020K->4K(42752K), 0.0032030 secs] 460990K->422974K(714840K), 0.0032685 secs] [Times: user=0.01 sys=0.00, real=0.00 secs] 
2020-10-29T14:16:55.444+0000: [GC (Allocation Failure) 2020-10-29T14:16:55.444+0000: [ParNew: 38020K->4K(42752K), 0.0033311 secs] 460990K->422974K(714840K), 0.0033963 secs] [Times: user=0.00 sys=0.00, real=0.01 secs] 
2020-10-29T14:16:55.487+0000: [GC (Allocation Failure) 2020-10-29T14:16:55.487+0000: [ParNew: 38020K->4K(42752K), 0.0032447 secs] 460990K->422974K(714840K), 0.0033131 secs] [Times: user=0.01 sys=0.00, real=0.00 secs] 
2020-10-29T14:16:55.529+0000: [GC (Allocation Failure) 2020-10-29T14:16:55.529+0000: [ParNew: 38020K->4K(42752K), 0.0032167 secs] 460990K->422974K(714840K), 0.0032793 secs] [Times: user=0.01 sys=0.00, real=0.00 secs] 
2020-10-29T14:16:55.570+0000: [GC (Allocation Failure) 2020-10-29T14:16:55.570+0000: [ParNew: 38020K->4K(42752K), 0.0033103 secs] 460990K->422974K(714840K), 0.0033768 secs] [Times: user=0.01 sys=0.00, real=0.00 secs] 
2020-10-29T14:16:55.615+0000: [GC (Allocation Failure) 2020-10-29T14:16:55.615+0000: [ParNew: 38020K->4K(42752K), 0.0033043 secs] 460990K->422974K(714840K), 0.0033912 secs] [Times: user=0.01 sys=0.00, real=0.00 secs] 
2020-10-29T14:16:55.657+0000: [GC (Allocation Failure) 2020-10-29T14:16:55.657+0000: [ParNew: 38006K->4K(42752K), 0.0033827 secs] 460976K->422974K(714840K), 0.0034558 secs] [Times: user=0.00 sys=0.00, real=0.00 secs] 
2020-10-29T14:16:55.698+0000: [GC (Allocation Failure) 2020-10-29T14:16:55.698+0000: [ParNew: 38020K->4K(42752K), 0.0032168 secs] 460990K->422974K(714840K), 0.0032813 secs] [Times: user=0.00 sys=0.00, real=0.00 secs] 
2020-10-29T14:16:55.744+0000: [GC (Allocation Failure) 2020-10-29T14:16:55.744+0000: [ParNew: 38020K->4K(42752K), 0.0032809 secs] 460990K->422974K(714840K), 0.0033485 secs] [Times: user=0.00 sys=0.00, real=0.01 secs] 
2020-10-29T14:16:55.788+0000: [GC (Allocation Failure) 2020-10-29T14:16:55.788+0000: [ParNew: 38020K->4K(42752K), 0.0032114 secs] 460990K->422974K(714840K), 0.0032773 secs] [Times: user=0.01 sys=0.00, real=0.00 secs] 
2020-10-29T14:16:55.829+0000: [GC (Allocation Failure) 2020-10-29T14:16:55.829+0000: [ParNew: 38020K->4K(42752K), 0.0032494 secs] 460990K->422974K(714840K), 0.0033130 secs] [Times: user=0.01 sys=0.00, real=0.00 secs] 
2020-10-29T14:16:55.871+0000: [GC (Allocation Failure) 2020-10-29T14:16:55.871+0000: [ParNew: 38020K->4K(42752K), 0.0031965 secs] 460990K->422974K(714840K), 0.0032617 secs] [Times: user=0.01 sys=0.00, real=0.00 secs] 
2020-10-29T14:16:55.916+0000: [GC (Allocation Failure) 2020-10-29T14:16:55.916+0000: [ParNew: 38020K->4K(42752K), 0.0032169 secs] 460990K->422974K(714840K), 0.0032822 secs] [Times: user=0.01 sys=0.00, real=0.00 secs] 
2020-10-29T14:16:55.962+0000: [GC (Allocation Failure) 2020-10-29T14:16:55.962+0000: [ParNew: 38020K->4K(42752K), 0.0032181 secs] 460990K->422974K(714840K), 0.0032841 secs] [Times: user=0.00 sys=0.00, real=0.00 secs] 
2020-10-29T14:16:56.007+0000: [GC (Allocation Failure) 2020-10-29T14:16:56.007+0000: [ParNew: 38020K->4K(42752K), 0.0032537 secs] 460990K->422974K(714840K), 0.0033183 secs] [Times: user=0.01 sys=0.00, real=0.00 secs] 
2020-10-29T14:16:56.050+0000: [GC (Allocation Failure) 2020-10-29T14:16:56.050+0000: [ParNew: 38020K->4K(42752K), 0.0032264 secs] 460990K->422974K(714840K), 0.0032937 secs] [Times: user=0.00 sys=0.00, real=0.00 secs] 
2020-10-29T14:16:56.091+0000: [GC (Allocation Failure) 2020-10-29T14:16:56.091+0000: [ParNew: 38020K->4K(42752K), 0.0034096 secs] 460990K->422974K(714840K), 0.0034749 secs] [Times: user=0.01 sys=0.00, real=0.01 secs] 
2020-10-29T14:16:56.134+0000: [GC (Allocation Failure) 2020-10-29T14:16:56.134+0000: [ParNew: 38020K->4K(42752K), 0.0032169 secs] 460990K->422974K(714840K), 0.0032811 secs] [Times: user=0.01 sys=0.00, real=0.01 secs] 
2020-10-29T14:16:56.191+0000: [GC (Allocation Failure) 2020-10-29T14:16:56.191+0000: [ParNew: 38020K->4K(42752K), 0.0032416 secs] 460990K->422975K(714840K), 0.0033252 secs] [Times: user=0.01 sys=0.00, real=0.00 secs] 
2020-10-29T14:16:56.235+0000: [GC (Allocation Failure) 2020-10-29T14:16:56.235+0000: [ParNew: 38020K->4K(42752K), 0.0031642 secs] 460991K->422975K(714840K), 0.0032363 secs] [Times: user=0.01 sys=0.00, real=0.00 secs] 
2020-10-29T14:16:56.263+0000: [GC (Allocation Failure) 2020-10-29T14:16:56.263+0000: [ParNew: 38020K->4K(42752K), 0.0162648 secs] 460991K->439359K(714840K), 0.0163357 secs] [Times: user=0.02 sys=0.01, real=0.02 secs] 
2020-10-29T14:16:56.284+0000: [GC (CMS Initial Mark) [1 CMS-initial-mark: 439355K(672088K)] 442743K(714840K), 0.0036810 secs] [Times: user=0.01 sys=0.00, real=0.01 secs] 
2020-10-29T14:16:56.288+0000: [CMS-concurrent-mark-start]
2020-10-29T14:16:56.332+0000: [GC (Allocation Failure) 2020-10-29T14:16:56.332+0000: [ParNew: 38020K->4K(42752K), 0.0031155 secs] 477375K->439359K(714840K), 0.0031794 secs] [Times: user=0.01 sys=0.00, real=0.01 secs] 
2020-10-29T14:16:56.382+0000: [GC (Allocation Failure) 2020-10-29T14:16:56.382+0000: [ParNew: 38020K->4K(42752K), 0.0032078 secs] 477375K->439359K(714840K), 0.0032717 secs] [Times: user=0.01 sys=0.00, real=0.00 secs] 
2020-10-29T14:16:56.407+0000: [CMS-concurrent-mark: 0.096/0.120 secs] [Times: user=0.22 sys=0.01, real=0.12 secs] 
2020-10-29T14:16:56.407+0000: [CMS-concurrent-preclean-start]
2020-10-29T14:16:56.410+0000: [CMS-concurrent-preclean: 0.003/0.003 secs] [Times: user=0.00 sys=0.00, real=0.00 secs] 
2020-10-29T14:16:56.410+0000: [CMS-concurrent-abortable-preclean-start]
2020-10-29T14:16:56.419+0000: [GC (Allocation Failure) 2020-10-29T14:16:56.419+0000: [ParNew: 38020K->4K(42752K), 0.0157194 secs] 477375K->455743K(714840K), 0.0157929 secs] [Times: user=0.03 sys=0.01, real=0.01 secs] 
2020-10-29T14:16:56.473+0000: [GC (Allocation Failure) 2020-10-29T14:16:56.473+0000: [ParNew: 38020K->4K(42752K), 0.0032983 secs] 493759K->455743K(714840K), 0.0033635 secs] [Times: user=0.01 sys=0.00, real=0.01 secs] 
2020-10-29T14:16:56.519+0000: [GC (Allocation Failure) 2020-10-29T14:16:56.519+0000: [ParNew: 38020K->4K(42752K), 0.0032199 secs] 493759K->455743K(714840K), 0.0032817 secs] [Times: user=0.00 sys=0.00, real=0.00 secs] 
2020-10-29T14:16:56.563+0000: [GC (Allocation Failure) 2020-10-29T14:16:56.563+0000: [ParNew: 38020K->4K(42752K), 0.0032644 secs] 493759K->455743K(714840K), 0.0033252 secs] [Times: user=0.00 sys=0.00, real=0.00 secs] 
2020-10-29T14:16:56.607+0000: [GC (Allocation Failure) 2020-10-29T14:16:56.607+0000: [ParNew: 38020K->4K(42752K), 0.0032084 secs] 493759K->455743K(714840K), 0.0032718 secs] [Times: user=0.01 sys=0.00, real=0.00 secs] 
2020-10-29T14:16:56.649+0000: [GC (Allocation Failure) 2020-10-29T14:16:56.649+0000: [ParNew: 38020K->4K(42752K), 0.0032601 secs] 493759K->455743K(714840K), 0.0033224 secs] [Times: user=0.01 sys=0.00, real=0.00 secs] 
2020-10-29T14:16:56.691+0000: [GC (Allocation Failure) 2020-10-29T14:16:56.691+0000: [ParNew: 38020K->4K(42752K), 0.0032495 secs] 493759K->455743K(714840K), 0.0033130 secs] [Times: user=0.00 sys=0.00, real=0.00 secs] 
2020-10-29T14:16:56.740+0000: [GC (Allocation Failure) 2020-10-29T14:16:56.740+0000: [ParNew: 38020K->4K(42752K), 0.0032979 secs] 493759K->455743K(714840K), 0.0033637 secs] [Times: user=0.00 sys=0.00, real=0.00 secs] 
2020-10-29T14:16:56.784+0000: [GC (Allocation Failure) 2020-10-29T14:16:56.784+0000: [ParNew: 38020K->4K(42752K), 0.0032918 secs] 493759K->455743K(714840K), 0.0033546 secs] [Times: user=0.00 sys=0.00, real=0.01 secs] 
2020-10-29T14:16:56.826+0000: [GC (Allocation Failure) 2020-10-29T14:16:56.826+0000: [ParNew: 38020K->4K(42752K), 0.0032602 secs] 493759K->455743K(714840K), 0.0033235 secs] [Times: user=0.01 sys=0.00, real=0.01 secs] 
2020-10-29T14:16:56.871+0000: [GC (Allocation Failure) 2020-10-29T14:16:56.871+0000: [ParNew: 38020K->4K(42752K), 0.0032056 secs] 493759K->455743K(714840K), 0.0032699 secs] [Times: user=0.00 sys=0.00, real=0.00 secs] 
2020-10-29T14:16:56.917+0000: [GC (Allocation Failure) 2020-10-29T14:16:56.917+0000: [ParNew: 38020K->4K(42752K), 0.0032486 secs] 493759K->455743K(714840K), 0.0033130 secs] [Times: user=0.00 sys=0.00, real=0.00 secs] 
2020-10-29T14:16:56.979+0000: [GC (Allocation Failure) 2020-10-29T14:16:56.979+0000: [ParNew: 38020K->2K(42752K), 0.0066303 secs] 493759K->455741K(714840K), 0.0067146 secs] [Times: user=0.01 sys=0.00, real=0.00 secs] 
2020-10-29T14:16:57.045+0000: [GC (Allocation Failure) 2020-10-29T14:16:57.045+0000: [ParNew: 38018K->4K(42752K), 0.0033361 secs] 493757K->455743K(714840K), 0.0033891 secs] [Times: user=0.01 sys=0.00, real=0.01 secs] 
2020-10-29T14:16:57.088+0000: [GC (Allocation Failure) 2020-10-29T14:16:57.088+0000: [ParNew: 38020K->4K(42752K), 0.0032273 secs] 493759K->455743K(714840K), 0.0032905 secs] [Times: user=0.01 sys=0.00, real=0.00 secs] 
2020-10-29T14:16:57.132+0000: [GC (Allocation Failure) 2020-10-29T14:16:57.132+0000: [ParNew: 38020K->6K(42752K), 0.0033474 secs] 493759K->455745K(714840K), 0.0034092 secs] [Times: user=0.00 sys=0.00, real=0.01 secs] 
2020-10-29T14:16:57.178+0000: [GC (Allocation Failure) 2020-10-29T14:16:57.178+0000: [ParNew: 38022K->4K(42752K), 0.0032669 secs] 493761K->455743K(714840K), 0.0033322 secs] [Times: user=0.00 sys=0.00, real=0.00 secs] 
2020-10-29T14:16:57.222+0000: [GC (Allocation Failure) 2020-10-29T14:16:57.222+0000: [ParNew: 38020K->4K(42752K), 0.0032850 secs] 493759K->455743K(714840K), 0.0033488 secs] [Times: user=0.00 sys=0.00, real=0.00 secs] 
2020-10-29T14:16:57.263+0000: [GC (Allocation Failure) 2020-10-29T14:16:57.263+0000: [ParNew: 38020K->4K(42752K), 0.0032329 secs] 493759K->455743K(714840K), 0.0033046 secs] [Times: user=0.01 sys=0.00, real=0.01 secs] 
2020-10-29T14:16:57.307+0000: [GC (Allocation Failure) 2020-10-29T14:16:57.307+0000: [ParNew: 38020K->4K(42752K), 0.0032241 secs] 493759K->455743K(714840K), 0.0032876 secs] [Times: user=0.01 sys=0.00, real=0.00 secs] 
2020-10-29T14:16:57.349+0000: [GC (Allocation Failure) 2020-10-29T14:16:57.349+0000: [ParNew: 38020K->4K(42752K), 0.0032691 secs] 493759K->455743K(714840K), 0.0033324 secs] [Times: user=0.01 sys=0.00, real=0.00 secs] 
2020-10-29T14:16:57.391+0000: [GC (Allocation Failure) 2020-10-29T14:16:57.391+0000: [ParNew: 38020K->4K(42752K), 0.0031987 secs] 493759K->455743K(714840K), 0.0032621 secs] [Times: user=0.01 sys=0.00, real=0.01 secs] 
2020-10-29T14:16:57.433+0000: [GC (Allocation Failure) 2020-10-29T14:16:57.433+0000: [ParNew: 38020K->4K(42752K), 0.0032411 secs] 493759K->455744K(714840K), 0.0033026 secs] [Times: user=0.01 sys=0.00, real=0.01 secs] 
2020-10-29T14:16:57.481+0000: [GC (Allocation Failure) 2020-10-29T14:16:57.481+0000: [ParNew: 38020K->4K(42752K), 0.0032702 secs] 493760K->455744K(714840K), 0.0033354 secs] [Times: user=0.01 sys=0.00, real=0.00 secs] 
2020-10-29T14:16:57.526+0000: [GC (Allocation Failure) 2020-10-29T14:16:57.526+0000: [ParNew: 38020K->4K(42752K), 0.0032146 secs] 493760K->455744K(714840K), 0.0032858 secs] [Times: user=0.01 sys=0.00, real=0.01 secs] 
2020-10-29T14:16:57.568+0000: [GC (Allocation Failure) 2020-10-29T14:16:57.568+0000: [ParNew: 38020K->4K(42752K), 0.0032624 secs] 493760K->455744K(714840K), 0.0033423 secs] [Times: user=0.01 sys=0.00, real=0.00 secs] 
2020-10-29T14:16:57.610+0000: [GC (Allocation Failure) 2020-10-29T14:16:57.610+0000: [ParNew: 38020K->4K(42752K), 0.0046055 secs] 493760K->455744K(714840K), 0.0046800 secs] [Times: user=0.01 sys=0.00, real=0.01 secs] 
2020-10-29T14:16:57.656+0000: [GC (Allocation Failure) 2020-10-29T14:16:57.656+0000: [ParNew: 38020K->4K(42752K), 0.0032817 secs] 493760K->455744K(714840K), 0.0033497 secs] [Times: user=0.01 sys=0.00, real=0.00 secs] 
2020-10-29T14:16:57.699+0000: [GC (Allocation Failure) 2020-10-29T14:16:57.699+0000: [ParNew: 38020K->4K(42752K), 0.0032056 secs] 493760K->455744K(714840K), 0.0032697 secs] [Times: user=0.01 sys=0.00, real=0.00 secs] 
2020-10-29T14:16:57.747+0000: [GC (Allocation Failure) 2020-10-29T14:16:57.747+0000: [ParNew: 38020K->4K(42752K), 0.0032364 secs] 493760K->455744K(714840K), 0.0032993 secs] [Times: user=0.01 sys=0.00, real=0.00 secs] 
2020-10-29T14:16:57.791+0000: [GC (Allocation Failure) 2020-10-29T14:16:57.791+0000: [ParNew: 38020K->4K(42752K), 0.0033099 secs] 493760K->455744K(714840K), 0.0033739 secs] [Times: user=0.00 sys=0.00, real=0.00 secs] 
2020-10-29T14:16:57.835+0000: [GC (Allocation Failure) 2020-10-29T14:16:57.835+0000: [ParNew: 38020K->4K(42752K), 0.0032426 secs] 493760K->455744K(714840K), 0.0033164 secs] [Times: user=0.00 sys=0.00, real=0.00 secs] 
2020-10-29T14:16:57.877+0000: [GC (Allocation Failure) 2020-10-29T14:16:57.877+0000: [ParNew: 38020K->4K(42752K), 0.0032747 secs] 493760K->455744K(714840K), 0.0033394 secs] [Times: user=0.01 sys=0.00, real=0.00 secs] 
2020-10-29T14:16:57.923+0000: [GC (Allocation Failure) 2020-10-29T14:16:57.923+0000: [ParNew: 38020K->4K(42752K), 0.0032053 secs] 493760K->455744K(714840K), 0.0032679 secs] [Times: user=0.01 sys=0.00, real=0.00 secs] 
2020-10-29T14:16:57.967+0000: [GC (Allocation Failure) 2020-10-29T14:16:57.967+0000: [ParNew: 38020K->4K(42752K), 0.0032297 secs] 493760K->455744K(714840K), 0.0032940 secs] [Times: user=0.00 sys=0.00, real=0.00 secs] 
2020-10-29T14:16:58.011+0000: [GC (Allocation Failure) 2020-10-29T14:16:58.011+0000: [ParNew: 38020K->4K(42752K), 0.0032915 secs] 493760K->455744K(714840K), 0.0033569 secs] [Times: user=0.00 sys=0.00, real=0.00 secs] 
2020-10-29T14:16:58.055+0000: [GC (Allocation Failure) 2020-10-29T14:16:58.055+0000: [ParNew: 38020K->4K(42752K), 0.0032604 secs] 493760K->455744K(714840K), 0.0033239 secs] [Times: user=0.01 sys=0.00, real=0.00 secs] 
2020-10-29T14:16:58.097+0000: [GC (Allocation Failure) 2020-10-29T14:16:58.097+0000: [ParNew: 38020K->4K(42752K), 0.0033321 secs] 493760K->455744K(714840K), 0.0033966 secs] [Times: user=0.01 sys=0.00, real=0.00 secs] 
2020-10-29T14:16:58.143+0000: [GC (Allocation Failure) 2020-10-29T14:16:58.143+0000: [ParNew: 38020K->4K(42752K), 0.0032230 secs] 493760K->455744K(714840K), 0.0032859 secs] [Times: user=0.00 sys=0.01, real=0.00 secs] 
2020-10-29T14:16:58.187+0000: [GC (Allocation Failure) 2020-10-29T14:16:58.187+0000: [ParNew: 38020K->4K(42752K), 0.0032959 secs] 493760K->455744K(714840K), 0.0033585 secs] [Times: user=0.00 sys=0.00, real=0.00 secs] 
2020-10-29T14:16:58.231+0000: [GC (Allocation Failure) 2020-10-29T14:16:58.231+0000: [ParNew: 38020K->4K(42752K), 0.0032119 secs] 493760K->455744K(714840K), 0.0032744 secs] [Times: user=0.00 sys=0.00, real=0.00 secs] 
2020-10-29T14:16:58.273+0000: [GC (Allocation Failure) 2020-10-29T14:16:58.273+0000: [ParNew: 38020K->4K(42752K), 0.0032198 secs] 493760K->455744K(714840K), 0.0032836 secs] [Times: user=0.01 sys=0.00, real=0.01 secs] 
2020-10-29T14:16:58.315+0000: [GC (Allocation Failure) 2020-10-29T14:16:58.315+0000: [ParNew: 38020K->4K(42752K), 0.0032639 secs] 493760K->455744K(714840K), 0.0033289 secs] [Times: user=0.00 sys=0.00, real=0.00 secs] 
2020-10-29T14:16:58.359+0000: [GC (Allocation Failure) 2020-10-29T14:16:58.359+0000: [ParNew: 38020K->4K(42752K), 0.0032571 secs] 493760K->455744K(714840K), 0.0033345 secs] [Times: user=0.01 sys=0.00, real=0.00 secs] 
2020-10-29T14:16:58.400+0000: [GC (Allocation Failure) 2020-10-29T14:16:58.400+0000: [ParNew: 38020K->4K(42752K), 0.0032375 secs] 493760K->455744K(714840K), 0.0033090 secs] [Times: user=0.00 sys=0.00, real=0.00 secs] 
2020-10-29T14:16:58.442+0000: [GC (Allocation Failure) 2020-10-29T14:16:58.442+0000: [ParNew: 38020K->4K(42752K), 0.0032236 secs] 493760K->455744K(714840K), 0.0032856 secs] [Times: user=0.01 sys=0.00, real=0.00 secs] 
2020-10-29T14:16:58.487+0000: [GC (Allocation Failure) 2020-10-29T14:16:58.487+0000: [ParNew: 38020K->6K(42752K), 0.0032283 secs] 493760K->455746K(714840K), 0.0032931 secs] [Times: user=0.00 sys=0.00, real=0.00 secs] 
2020-10-29T14:16:58.529+0000: [GC (Allocation Failure) 2020-10-29T14:16:58.529+0000: [ParNew: 38022K->6K(42752K), 0.0035307 secs] 493762K->455746K(714840K), 0.0035975 secs] [Times: user=0.01 sys=0.00, real=0.00 secs] 
2020-10-29T14:16:58.575+0000: [GC (Allocation Failure) 2020-10-29T14:16:58.575+0000: [ParNew: 38022K->6K(42752K), 0.0032374 secs] 493762K->455746K(714840K), 0.0033033 secs] [Times: user=0.01 sys=0.00, real=0.00 secs] 
2020-10-29T14:16:58.619+0000: [GC (Allocation Failure) 2020-10-29T14:16:58.619+0000: [ParNew: 38022K->6K(42752K), 0.0032530 secs] 493762K->455746K(714840K), 0.0033168 secs] [Times: user=0.00 sys=0.00, real=0.00 secs] 
2020-10-29T14:16:58.663+0000: [GC (Allocation Failure) 2020-10-29T14:16:58.663+0000: [ParNew: 38022K->6K(42752K), 0.0032842 secs] 493762K->455746K(714840K), 0.0033487 secs] [Times: user=0.01 sys=0.00, real=0.00 secs] 
2020-10-29T14:16:58.707+0000: [GC (Allocation Failure) 2020-10-29T14:16:58.707+0000: [ParNew: 38022K->6K(42752K), 0.0032294 secs] 493762K->455746K(714840K), 0.0032938 secs] [Times: user=0.00 sys=0.00, real=0.00 secs] 
2020-10-29T14:16:58.749+0000: [GC (Allocation Failure) 2020-10-29T14:16:58.749+0000: [ParNew: 38022K->4K(42752K), 0.0032780 secs] 493762K->455745K(714840K), 0.0033416 secs] [Times: user=0.00 sys=0.00, real=0.00 secs] 
2020-10-29T14:16:58.791+0000: [GC (Allocation Failure) 2020-10-29T14:16:58.791+0000: [ParNew: 38020K->4K(42752K), 0.0032409 secs] 493761K->455745K(714840K), 0.0033052 secs] [Times: user=0.00 sys=0.00, real=0.00 secs] 
2020-10-29T14:16:58.832+0000: [GC (Allocation Failure) 2020-10-29T14:16:58.833+0000: [ParNew: 38020K->4K(42752K), 0.0032410 secs] 493761K->455745K(714840K), 0.0033151 secs] [Times: user=0.01 sys=0.00, real=0.01 secs] 
2020-10-29T14:16:58.874+0000: [GC (Allocation Failure) 2020-10-29T14:16:58.874+0000: [ParNew: 38020K->4K(42752K), 0.0032578 secs] 493761K->455745K(714840K), 0.0033226 secs] [Times: user=0.00 sys=0.00, real=0.01 secs] 
2020-10-29T14:16:58.923+0000: [GC (Allocation Failure) 2020-10-29T14:16:58.923+0000: [ParNew: 38020K->4K(42752K), 0.0032654 secs] 493761K->455745K(714840K), 0.0033305 secs] [Times: user=0.01 sys=0.00, real=0.00 secs] 
2020-10-29T14:16:58.965+0000: [GC (Allocation Failure) 2020-10-29T14:16:58.965+0000: [ParNew: 38020K->4K(42752K), 0.0032526 secs] 493761K->455745K(714840K), 0.0033184 secs] [Times: user=0.01 sys=0.00, real=0.01 secs] 
2020-10-29T14:16:59.007+0000: [GC (Allocation Failure) 2020-10-29T14:16:59.007+0000: [ParNew: 38020K->4K(42752K), 0.0032190 secs] 493761K->455745K(714840K), 0.0032819 secs] [Times: user=0.01 sys=0.00, real=0.00 secs] 
2020-10-29T14:16:59.049+0000: [GC (Allocation Failure) 2020-10-29T14:16:59.049+0000: [ParNew: 38020K->4K(42752K), 0.0032346 secs] 493761K->455745K(714840K), 0.0032889 secs] [Times: user=0.00 sys=0.00, real=0.00 secs] 
2020-10-29T14:16:59.095+0000: [GC (Allocation Failure) 2020-10-29T14:16:59.095+0000: [ParNew: 38020K->4K(42752K), 0.0032469 secs] 493761K->455745K(714840K), 0.0033107 secs] [Times: user=0.01 sys=0.00, real=0.00 secs] 
2020-10-29T14:16:59.137+0000: [GC (Allocation Failure) 2020-10-29T14:16:59.137+0000: [ParNew: 38020K->4K(42752K), 0.0032453 secs] 493761K->455745K(714840K), 0.0033118 secs] [Times: user=0.01 sys=0.00, real=0.00 secs] 
2020-10-29T14:16:59.178+0000: [GC (Allocation Failure) 2020-10-29T14:16:59.179+0000: [ParNew: 38020K->4K(42752K), 0.0032446 secs] 493761K->455745K(714840K), 0.0033086 secs] [Times: user=0.00 sys=0.00, real=0.00 secs] 
2020-10-29T14:16:59.223+0000: [GC (Allocation Failure) 2020-10-29T14:16:59.223+0000: [ParNew: 38020K->4K(42752K), 0.0032204 secs] 493761K->455745K(714840K), 0.0032852 secs] [Times: user=0.01 sys=0.00, real=0.00 secs] 
2020-10-29T14:16:59.267+0000: [GC (Allocation Failure) 2020-10-29T14:16:59.267+0000: [ParNew: 38020K->4K(42752K), 0.0031928 secs] 493761K->455745K(714840K), 0.0032561 secs] [Times: user=0.01 sys=0.00, real=0.00 secs] 
2020-10-29T14:16:59.283+0000: [GC (Allocation Failure) 2020-10-29T14:16:59.283+0000: [ParNew: 9707K->4K(42752K), 0.0028484 secs] 465449K->455745K(714840K), 0.0029032 secs] [Times: user=0.01 sys=0.00, real=0.00 secs] 
2020-10-29T14:16:59.299+0000: [GC (Allocation Failure) 2020-10-29T14:16:59.299+0000: [ParNew: 38020K->4K(42752K), 0.0290038 secs] 493761K->488513K(714840K), 0.0290775 secs] [Times: user=0.04 sys=0.02, real=0.03 secs] 
2020-10-29T14:16:59.328+0000: [CMS-concurrent-abortable-preclean: 0.108/2.917 secs] [Times: user=5.46 sys=0.20, real=2.92 secs] 
2020-10-29T14:16:59.342+0000: [GC (CMS Final Remark) [YG occupancy: 11157 K (42752 K)]2020-10-29T14:16:59.342+0000: [Rescan (parallel) , 0.0085958 secs]2020-10-29T14:16:59.351+0000: [weak refs processing, 0.0000781 secs]2020-10-29T14:16:59.351+0000: [class unloading, 0.0098275 secs]2020-10-29T14:16:59.361+0000: [scrub symbol table, 0.0108107 secs]2020-10-29T14:16:59.372+0000: [scrub string table, 0.0007061 secs][1 CMS-remark: 488509K(672088K)] 499667K(714840K), 0.0301610 secs] [Times: user=0.04 sys=0.00, real=0.03 secs] 
2020-10-29T14:16:59.378+0000: [CMS-concurrent-sweep-start]
2020-10-29T14:16:59.412+0000: [GC (Allocation Failure) 2020-10-29T14:16:59.412+0000: [ParNew: 38020K->4K(42752K), 0.0031849 secs] 525849K->487833K(714840K), 0.0032505 secs] [Times: user=0.01 sys=0.00, real=0.01 secs] 
2020-10-29T14:16:59.420+0000: [CMS-concurrent-sweep: 0.024/0.041 secs] [Times: user=0.07 sys=0.00, real=0.04 secs] 
2020-10-29T14:16:59.420+0000: [CMS-concurrent-reset-start]
2020-10-29T14:16:59.422+0000: [CMS-concurrent-reset: 0.002/0.002 secs] [Times: user=0.00 sys=0.00, real=0.00 secs] 
2020-10-29T14:16:59.455+0000: [GC (Allocation Failure) 2020-10-29T14:16:59.455+0000: [ParNew: 38020K->4K(42752K), 0.0031972 secs] 413810K->375794K(714840K), 0.0032671 secs] [Times: user=0.00 sys=0.00, real=0.00 secs] 
2020-10-29T14:16:59.496+0000: [GC (Allocation Failure) 2020-10-29T14:16:59.496+0000: [ParNew: 38020K->4K(42752K), 0.0031936 secs] 413810K->375794K(714840K), 0.0032581 secs] [Times: user=0.01 sys=0.00, real=0.00 secs] 
2020-10-29T14:16:59.539+0000: [GC (Allocation Failure) 2020-10-29T14:16:59.539+0000: [ParNew: 38020K->4K(42752K), 0.0031642 secs] 413810K->375794K(714840K), 0.0032274 secs] [Times: user=0.00 sys=0.00, real=0.00 secs] 
2020-10-29T14:16:59.586+0000: [GC (Allocation Failure) 2020-10-29T14:16:59.586+0000: [ParNew: 38020K->4K(42752K), 0.0032094 secs] 413810K->375794K(714840K), 0.0032757 secs] [Times: user=0.01 sys=0.00, real=0.01 secs] 
2020-10-29T14:16:59.631+0000: [GC (Allocation Failure) 2020-10-29T14:16:59.631+0000: [ParNew: 38020K->4K(42752K), 0.0032234 secs] 413810K->375794K(714840K), 0.0032882 secs] [Times: user=0.01 sys=0.00, real=0.00 secs] 
2020-10-29T14:16:59.673+0000: [GC (Allocation Failure) 2020-10-29T14:16:59.673+0000: [ParNew: 38020K->4K(42752K), 0.0031990 secs] 413810K->375794K(714840K), 0.0032642 secs] [Times: user=0.01 sys=0.00, real=0.01 secs] 
2020-10-29T14:16:59.715+0000: [GC (Allocation Failure) 2020-10-29T14:16:59.715+0000: [ParNew: 38020K->4K(42752K), 0.0033161 secs] 413810K->375794K(714840K), 0.0033803 secs] [Times: user=0.01 sys=0.00, real=0.00 secs] 
2020-10-29T14:16:59.756+0000: [GC (Allocation Failure) 2020-10-29T14:16:59.756+0000: [ParNew: 38020K->4K(42752K), 0.0032642 secs] 413810K->375794K(714840K), 0.0033273 secs] [Times: user=0.00 sys=0.00, real=0.00 secs] 
2020-10-29T14:16:59.797+0000: [GC (Allocation Failure) 2020-10-29T14:16:59.798+0000: [ParNew: 38020K->4K(42752K), 0.0031984 secs] 413810K->375794K(714840K), 0.0032619 secs] [Times: user=0.01 sys=0.00, real=0.00 secs] 
2020-10-29T14:16:59.839+0000: [GC (Allocation Failure) 2020-10-29T14:16:59.839+0000: [ParNew: 38020K->4K(42752K), 0.0032100 secs] 413810K->375794K(714840K), 0.0032869 secs] [Times: user=0.01 sys=0.00, real=0.00 secs] 
2020-10-29T14:16:59.883+0000: [GC (Allocation Failure) 2020-10-29T14:16:59.883+0000: [ParNew: 38020K->4K(42752K), 0.0032079 secs] 413810K->375794K(714840K), 0.0032710 secs] [Times: user=0.01 sys=0.00, real=0.00 secs] 
2020-10-29T14:16:59.927+0000: [GC (Allocation Failure) 2020-10-29T14:16:59.927+0000: [ParNew: 38020K->4K(42752K), 0.0031895 secs] 413810K->375794K(714840K), 0.0032526 secs] [Times: user=0.01 sys=0.00, real=0.00 secs] 
2020-10-29T14:16:59.971+0000: [GC (Allocation Failure) 2020-10-29T14:16:59.971+0000: [ParNew: 38020K->4K(42752K), 0.0032380 secs] 413810K->375794K(714840K), 0.0033021 secs] [Times: user=0.01 sys=0.00, real=0.00 secs] 
2020-10-29T14:17:00.015+0000: [GC (Allocation Failure) 2020-10-29T14:17:00.015+0000: [ParNew: 38020K->4K(42752K), 0.0032641 secs] 413810K->375794K(714840K), 0.0033279 secs] [Times: user=0.01 sys=0.00, real=0.00 secs] 
2020-10-29T14:17:00.059+0000: [GC (Allocation Failure) 2020-10-29T14:17:00.059+0000: [ParNew: 38020K->4K(42752K), 0.0033325 secs] 413810K->375794K(714840K), 0.0034006 secs] [Times: user=0.01 sys=0.00, real=0.00 secs] 
2020-10-29T14:17:00.103+0000: [GC (Allocation Failure) 2020-10-29T14:17:00.103+0000: [ParNew: 38020K->4K(42752K), 0.0031765 secs] 413810K->375794K(714840K), 0.0032401 secs] [Times: user=0.00 sys=0.00, real=0.00 secs] 
2020-10-29T14:17:00.136+0000: [GC (Allocation Failure) 2020-10-29T14:17:00.136+0000: [ParNew: 30293K->4K(42752K), 0.0032098 secs] 406084K->375794K(714840K), 0.0032755 secs] [Times: user=0.01 sys=0.00, real=0.00 secs] 
2020-10-29T14:17:00.169+0000: [GC (Allocation Failure) 2020-10-29T14:17:00.170+0000: [ParNew: 38020K->4K(42752K), 0.0050421 secs] 413810K->383987K(714840K), 0.0051235 secs] [Times: user=0.01 sys=0.00, real=0.01 secs] 
2020-10-29T14:17:00.175+0000: [GC (CMS Initial Mark) [1 CMS-initial-mark: 383982K(672088K)] 384398K(714840K), 0.0017522 secs] [Times: user=0.00 sys=0.00, real=0.00 secs] 
2020-10-29T14:17:00.177+0000: [CMS-concurrent-mark-start]
2020-10-29T14:17:00.225+0000: [CMS-concurrent-mark: 0.049/0.049 secs] [Times: user=0.09 sys=0.00, real=0.04 secs] 
2020-10-29T14:17:00.226+0000: [CMS-concurrent-preclean-start]
2020-10-29T14:17:00.228+0000: [CMS-concurrent-preclean: 0.003/0.003 secs] [Times: user=0.01 sys=0.00, real=0.01 secs] 
2020-10-29T14:17:00.228+0000: [CMS-concurrent-abortable-preclean-start]
2020-10-29T14:17:00.243+0000: [GC (Allocation Failure) 2020-10-29T14:17:00.243+0000: [ParNew: 38020K->4K(42752K), 0.0029318 secs] 422003K->383987K(714840K), 0.0029838 secs] [Times: user=0.01 sys=0.00, real=0.00 secs] 
2020-10-29T14:17:00.279+0000: [GC (Allocation Failure) 2020-10-29T14:17:00.279+0000: [ParNew: 38020K->4K(42752K), 0.0050937 secs] 422003K->392179K(714840K), 0.0051612 secs] [Times: user=0.01 sys=0.00, real=0.00 secs] 
2020-10-29T14:17:00.323+0000: [GC (Allocation Failure) 2020-10-29T14:17:00.323+0000: [ParNew: 38020K->4K(42752K), 0.0032005 secs] 430195K->392179K(714840K), 0.0032829 secs] [Times: user=0.00 sys=0.01, real=0.00 secs] 
2020-10-29T14:17:00.364+0000: [GC (Allocation Failure) 2020-10-29T14:17:00.364+0000: [ParNew: 38020K->4K(42752K), 0.0032290 secs] 430195K->392179K(714840K), 0.0032936 secs] [Times: user=0.01 sys=0.00, real=0.01 secs] 
2020-10-29T14:17:00.407+0000: [GC (Allocation Failure) 2020-10-29T14:17:00.407+0000: [ParNew: 38020K->4K(42752K), 0.0032398 secs] 430195K->392179K(714840K), 0.0033012 secs] [Times: user=0.00 sys=0.00, real=0.01 secs] 
2020-10-29T14:17:00.449+0000: [GC (Allocation Failure) 2020-10-29T14:17:00.449+0000: [ParNew: 38020K->4K(42752K), 0.0032518 secs] 430195K->392179K(714840K), 0.0033165 secs] [Times: user=0.00 sys=0.00, real=0.00 secs] 
2020-10-29T14:17:00.491+0000: [GC (Allocation Failure) 2020-10-29T14:17:00.491+0000: [ParNew: 38020K->4K(42752K), 0.0031969 secs] 430195K->392179K(714840K), 0.0032633 secs] [Times: user=0.01 sys=0.00, real=0.00 secs] 
2020-10-29T14:17:00.534+0000: [GC (Allocation Failure) 2020-10-29T14:17:00.534+0000: [ParNew: 38020K->4K(42752K), 0.0034036 secs] 430195K->392179K(714840K), 0.0034786 secs] [Times: user=0.01 sys=0.00, real=0.01 secs] 
2020-10-29T14:17:00.579+0000: [GC (Allocation Failure) 2020-10-29T14:17:00.579+0000: [ParNew: 38020K->4K(42752K), 0.0031964 secs] 430195K->392179K(714840K), 0.0032609 secs] [Times: user=0.01 sys=0.00, real=0.00 secs] 
2020-10-29T14:17:00.628+0000: [GC (Allocation Failure) 2020-10-29T14:17:00.628+0000: [ParNew: 38020K->4K(42752K), 0.0032354 secs] 430195K->392179K(714840K), 0.0033270 secs] [Times: user=0.01 sys=0.01, real=0.00 secs] 
2020-10-29T14:17:00.670+0000: [GC (Allocation Failure) 2020-10-29T14:17:00.670+0000: [ParNew: 38020K->4K(42752K), 0.0032941 secs] 430195K->392179K(714840K), 0.0033749 secs] [Times: user=0.01 sys=0.00, real=0.00 secs] 
2020-10-29T14:17:00.714+0000: [GC (Allocation Failure) 2020-10-29T14:17:00.714+0000: [ParNew: 38020K->4K(42752K), 0.0033267 secs] 430195K->392179K(714840K), 0.0033937 secs] [Times: user=0.01 sys=0.00, real=0.01 secs] 
2020-10-29T14:17:00.755+0000: [GC (Allocation Failure) 2020-10-29T14:17:00.755+0000: [ParNew: 38020K->4K(42752K), 0.0049761 secs] 430195K->400371K(714840K), 0.0050533 secs] [Times: user=0.01 sys=0.00, real=0.00 secs] 
2020-10-29T14:17:00.792+0000: [GC (Allocation Failure) 2020-10-29T14:17:00.792+0000: [ParNew: 38020K->4K(42752K), 0.0047086 secs] 438387K->408563K(714840K), 0.0047733 secs] [Times: user=0.01 sys=0.00, real=0.01 secs] 
2020-10-29T14:17:00.836+0000: [GC (Allocation Failure) 2020-10-29T14:17:00.836+0000: [ParNew: 38020K->4K(42752K), 0.0031911 secs] 446579K->408563K(714840K), 0.0032638 secs] [Times: user=0.01 sys=0.00, real=0.00 secs] 
2020-10-29T14:17:00.878+0000: [GC (Allocation Failure) 2020-10-29T14:17:00.878+0000: [ParNew: 38020K->4K(42752K), 0.0031975 secs] 446579K->408563K(714840K), 0.0032612 secs] [Times: user=0.00 sys=0.00, real=0.00 secs] 
2020-10-29T14:17:00.923+0000: [GC (Allocation Failure) 2020-10-29T14:17:00.923+0000: [ParNew: 38020K->4K(42752K), 0.0032360 secs] 446579K->408563K(714840K), 0.0033005 secs] [Times: user=0.01 sys=0.00, real=0.00 secs] 
2020-10-29T14:17:00.965+0000: [GC (Allocation Failure) 2020-10-29T14:17:00.965+0000: [ParNew: 38020K->4K(42752K), 0.0032869 secs] 446579K->408563K(714840K), 0.0033503 secs] [Times: user=0.01 sys=0.00, real=0.01 secs] 
2020-10-29T14:17:01.007+0000: [GC (Allocation Failure) 2020-10-29T14:17:01.007+0000: [ParNew: 38020K->4K(42752K), 0.0032086 secs] 446579K->408563K(714840K), 0.0032716 secs] [Times: user=0.01 sys=0.00, real=0.00 secs] 
2020-10-29T14:17:01.051+0000: [GC (Allocation Failure) 2020-10-29T14:17:01.051+0000: [ParNew: 38020K->4K(42752K), 0.0031877 secs] 446579K->408563K(714840K), 0.0032493 secs] [Times: user=0.01 sys=0.00, real=0.00 secs] 
2020-10-29T14:17:01.095+0000: [GC (Allocation Failure) 2020-10-29T14:17:01.095+0000: [ParNew: 38020K->4K(42752K), 0.0034044 secs] 446579K->408563K(714840K), 0.0034698 secs] [Times: user=0.01 sys=0.00, real=0.00 secs] 
2020-10-29T14:17:01.137+0000: [GC (Allocation Failure) 2020-10-29T14:17:01.138+0000: [ParNew: 38020K->4K(42752K), 0.0031897 secs] 446579K->408563K(714840K), 0.0032535 secs] [Times: user=0.01 sys=0.00, real=0.00 secs] 
2020-10-29T14:17:01.179+0000: [GC (Allocation Failure) 2020-10-29T14:17:01.179+0000: [ParNew: 38020K->4K(42752K), 0.0031902 secs] 446579K->408563K(714840K), 0.0032681 secs] [Times: user=0.01 sys=0.00, real=0.00 secs] 
2020-10-29T14:17:01.221+0000: [GC (Allocation Failure) 2020-10-29T14:17:01.221+0000: [ParNew: 38020K->4K(42752K), 0.0032531 secs] 446579K->408563K(714840K), 0.0033169 secs] [Times: user=0.01 sys=0.00, real=0.00 secs] 
2020-10-29T14:17:01.263+0000: [GC (Allocation Failure) 2020-10-29T14:17:01.263+0000: [ParNew: 38020K->4K(42752K), 0.0032049 secs] 446579K->408563K(714840K), 0.0032689 secs] [Times: user=0.01 sys=0.00, real=0.00 secs] 
2020-10-29T14:17:01.298+0000: [GC (Allocation Failure) 2020-10-29T14:17:01.298+0000: [ParNew: 38020K->4K(42752K), 0.0046083 secs] 446579K->416755K(714840K), 0.0046721 secs] [Times: user=0.00 sys=0.00, real=0.00 secs] 
2020-10-29T14:17:01.335+0000: [GC (Allocation Failure) 2020-10-29T14:17:01.335+0000: [ParNew: 38020K->4K(42752K), 0.0048753 secs] 454771K->424947K(714840K), 0.0049410 secs] [Times: user=0.01 sys=0.00, real=0.00 secs] 
2020-10-29T14:17:01.383+0000: [GC (Allocation Failure) 2020-10-29T14:17:01.383+0000: [ParNew: 38020K->4K(42752K), 0.0031753 secs] 462963K->424947K(714840K), 0.0032395 secs] [Times: user=0.01 sys=0.00, real=0.00 secs] 
2020-10-29T14:17:01.425+0000: [GC (Allocation Failure) 2020-10-29T14:17:01.425+0000: [ParNew: 38020K->4K(42752K), 0.0032458 secs] 462963K->424947K(714840K), 0.0033097 secs] [Times: user=0.01 sys=0.00, real=0.01 secs] 
2020-10-29T14:17:01.467+0000: [GC (Allocation Failure) 2020-10-29T14:17:01.467+0000: [ParNew: 38020K->4K(42752K), 0.0031903 secs] 462963K->424947K(714840K), 0.0032542 secs] [Times: user=0.00 sys=0.00, real=0.01 secs] 
2020-10-29T14:17:01.511+0000: [GC (Allocation Failure) 2020-10-29T14:17:01.511+0000: [ParNew: 38020K->4K(42752K), 0.0031801 secs] 462963K->424947K(714840K), 0.0032434 secs] [Times: user=0.01 sys=0.00, real=0.00 secs] 
2020-10-29T14:17:01.553+0000: [GC (Allocation Failure) 2020-10-29T14:17:01.553+0000: [ParNew: 38020K->4K(42752K), 0.0032974 secs] 462963K->424947K(714840K), 0.0033625 secs] [Times: user=0.00 sys=0.00, real=0.01 secs] 
2020-10-29T14:17:01.596+0000: [GC (Allocation Failure) 2020-10-29T14:17:01.596+0000: [ParNew: 38020K->4K(42752K), 0.0031983 secs] 462963K->424947K(714840K), 0.0032711 secs] [Times: user=0.00 sys=0.00, real=0.00 secs] 
2020-10-29T14:17:01.643+0000: [GC (Allocation Failure) 2020-10-29T14:17:01.643+0000: [ParNew: 38020K->4K(42752K), 0.0032399 secs] 462963K->424947K(714840K), 0.0033160 secs] [Times: user=0.00 sys=0.00, real=0.00 secs] 
2020-10-29T14:17:01.685+0000: [GC (Allocation Failure) 2020-10-29T14:17:01.685+0000: [ParNew: 38020K->4K(42752K), 0.0032460 secs] 462963K->424947K(714840K), 0.0033129 secs] [Times: user=0.01 sys=0.00, real=0.01 secs] 
2020-10-29T14:17:01.731+0000: [GC (Allocation Failure) 2020-10-29T14:17:01.731+0000: [ParNew: 38020K->4K(42752K), 0.0032380 secs] 462963K->424947K(714840K), 0.0033024 secs] [Times: user=0.00 sys=0.00, real=0.00 secs] 
2020-10-29T14:17:01.773+0000: [GC (Allocation Failure) 2020-10-29T14:17:01.773+0000: [ParNew: 38020K->4K(42752K), 0.0034185 secs] 462963K->424947K(714840K), 0.0034870 secs] [Times: user=0.00 sys=0.00, real=0.01 secs] 
2020-10-29T14:17:01.819+0000: [GC (Allocation Failure) 2020-10-29T14:17:01.819+0000: [ParNew: 38020K->4K(42752K), 0.0035222 secs] 462963K->424947K(714840K), 0.0035958 secs] [Times: user=0.01 sys=0.00, real=0.00 secs] 
2020-10-29T14:17:01.856+0000: [GC (Allocation Failure) 2020-10-29T14:17:01.856+0000: [ParNew: 38020K->4K(42752K), 0.0051092 secs] 462963K->433139K(714840K), 0.0051761 secs] [Times: user=0.01 sys=0.00, real=0.00 secs] 
2020-10-29T14:17:01.894+0000: [GC (Allocation Failure) 2020-10-29T14:17:01.894+0000: [ParNew: 38020K->4K(42752K), 0.0049135 secs] 471155K->441331K(714840K), 0.0049801 secs] [Times: user=0.00 sys=0.00, real=0.01 secs] 
2020-10-29T14:17:01.937+0000: [GC (Allocation Failure) 2020-10-29T14:17:01.937+0000: [ParNew: 38020K->4K(42752K), 0.0032034 secs] 479347K->441331K(714840K), 0.0032691 secs] [Times: user=0.01 sys=0.00, real=0.00 secs] 
2020-10-29T14:17:01.979+0000: [GC (Allocation Failure) 2020-10-29T14:17:01.979+0000: [ParNew: 38020K->4K(42752K), 0.0032697 secs] 479347K->441331K(714840K), 0.0033351 secs] [Times: user=0.01 sys=0.00, real=0.00 secs] 
2020-10-29T14:17:02.022+0000: [GC (Allocation Failure) 2020-10-29T14:17:02.022+0000: [ParNew: 38020K->4K(42752K), 0.0032153 secs] 479347K->441331K(714840K), 0.0032786 secs] [Times: user=0.00 sys=0.00, real=0.00 secs] 
2020-10-29T14:17:02.067+0000: [GC (Allocation Failure) 2020-10-29T14:17:02.067+0000: [ParNew: 38020K->4K(42752K), 0.0034300 secs] 479347K->441331K(714840K), 0.0035027 secs] [Times: user=0.01 sys=0.00, real=0.00 secs] 
2020-10-29T14:17:02.109+0000: [GC (Allocation Failure) 2020-10-29T14:17:02.109+0000: [ParNew: 38020K->4K(42752K), 0.0033265 secs] 479347K->441331K(714840K), 0.0033950 secs] [Times: user=0.01 sys=0.00, real=0.00 secs] 
2020-10-29T14:17:02.155+0000: [GC (Allocation Failure) 2020-10-29T14:17:02.155+0000: [ParNew: 38020K->4K(42752K), 0.0031800 secs] 479347K->441331K(714840K), 0.0032434 secs] [Times: user=0.01 sys=0.00, real=0.00 secs] 
2020-10-29T14:17:02.199+0000: [GC (Allocation Failure) 2020-10-29T14:17:02.199+0000: [ParNew: 38020K->4K(42752K), 0.0031874 secs] 479347K->441331K(714840K), 0.0032526 secs] [Times: user=0.01 sys=0.00, real=0.00 secs] 
2020-10-29T14:17:02.241+0000: [GC (Allocation Failure) 2020-10-29T14:17:02.241+0000: [ParNew: 38020K->4K(42752K), 0.0032324 secs] 479347K->441331K(714840K), 0.0032982 secs] [Times: user=0.00 sys=0.00, real=0.00 secs] 
2020-10-29T14:17:02.283+0000: [GC (Allocation Failure) 2020-10-29T14:17:02.283+0000: [ParNew: 38020K->4K(42752K), 0.0031445 secs] 479347K->441331K(714840K), 0.0032089 secs] [Times: user=0.01 sys=0.00, real=0.00 secs] 
2020-10-29T14:17:02.327+0000: [GC (Allocation Failure) 2020-10-29T14:17:02.327+0000: [ParNew: 38020K->4K(42752K), 0.0032393 secs] 479347K->441331K(714840K), 0.0033034 secs] [Times: user=0.01 sys=0.00, real=0.00 secs] 
2020-10-29T14:17:02.363+0000: [GC (Allocation Failure) 2020-10-29T14:17:02.363+0000: [ParNew: 30236K->4K(42752K), 0.0032107 secs] 471564K->441331K(714840K), 0.0032752 secs] [Times: user=0.00 sys=0.00, real=0.00 secs] 
2020-10-29T14:17:02.399+0000: [GC (Allocation Failure) 2020-10-29T14:17:02.399+0000: [ParNew: 38020K->4K(42752K), 0.0050307 secs] 479347K->449523K(714840K), 0.0050966 secs] [Times: user=0.01 sys=0.00, real=0.00 secs] 
2020-10-29T14:17:02.442+0000: [GC (Allocation Failure) 2020-10-29T14:17:02.442+0000: [ParNew: 38020K->4K(42752K), 0.0032067 secs] 487539K->449523K(714840K), 0.0032770 secs] [Times: user=0.01 sys=0.00, real=0.00 secs] 
2020-10-29T14:17:02.486+0000: [GC (Allocation Failure) 2020-10-29T14:17:02.486+0000: [ParNew: 37246K->4K(42752K), 0.0031578 secs] 486766K->449523K(714840K), 0.0032228 secs] [Times: user=0.01 sys=0.00, real=0.01 secs] 
2020-10-29T14:17:02.526+0000: [GC (Allocation Failure) 2020-10-29T14:17:02.527+0000: [ParNew: 38020K->4K(42752K), 0.0050621 secs] 487539K->457715K(714840K), 0.0051267 secs] [Times: user=0.00 sys=0.00, real=0.01 secs] 
2020-10-29T14:17:02.574+0000: [GC (Allocation Failure) 2020-10-29T14:17:02.574+0000: [ParNew: 38020K->4K(42752K), 0.0032208 secs] 495731K->457715K(714840K), 0.0032821 secs] [Times: user=0.00 sys=0.00, real=0.01 secs] 
2020-10-29T14:17:02.616+0000: [GC (Allocation Failure) 2020-10-29T14:17:02.616+0000: [ParNew: 38020K->4K(42752K), 0.0032973 secs] 495731K->457715K(714840K), 0.0033642 secs] [Times: user=0.00 sys=0.00, real=0.00 secs] 
2020-10-29T14:17:02.658+0000: [GC (Allocation Failure) 2020-10-29T14:17:02.658+0000: [ParNew: 38020K->4K(42752K), 0.0034087 secs] 495731K->457716K(714840K), 0.0034906 secs] [Times: user=0.00 sys=0.00, real=0.00 secs] 
2020-10-29T14:17:02.703+0000: [GC (Allocation Failure) 2020-10-29T14:17:02.703+0000: [ParNew: 38020K->4K(42752K), 0.0033020 secs] 495732K->457716K(714840K), 0.0033675 secs] [Times: user=0.01 sys=0.00, real=0.00 secs] 
2020-10-29T14:17:02.745+0000: [GC (Allocation Failure) 2020-10-29T14:17:02.745+0000: [ParNew: 38020K->4K(42752K), 0.0032006 secs] 495732K->457716K(714840K), 0.0032655 secs] [Times: user=0.01 sys=0.00, real=0.01 secs] 
2020-10-29T14:17:02.791+0000: [GC (Allocation Failure) 2020-10-29T14:17:02.791+0000: [ParNew: 38020K->4K(42752K), 0.0032045 secs] 495732K->457716K(714840K), 0.0032697 secs] [Times: user=0.00 sys=0.00, real=0.00 secs] 
2020-10-29T14:17:02.835+0000: [GC (Allocation Failure) 2020-10-29T14:17:02.835+0000: [ParNew: 38020K->4K(42752K), 0.0032113 secs] 495732K->457716K(714840K), 0.0032771 secs] [Times: user=0.00 sys=0.00, real=0.00 secs] 
2020-10-29T14:17:02.877+0000: [GC (Allocation Failure) 2020-10-29T14:17:02.877+0000: [ParNew: 38020K->4K(42752K), 0.0032054 secs] 495732K->457716K(714840K), 0.0032693 secs] [Times: user=0.00 sys=0.00, real=0.00 secs] 
2020-10-29T14:17:02.915+0000: [GC (Allocation Failure) 2020-10-29T14:17:02.915+0000: [ParNew: 38020K->4K(42752K), 0.0053796 secs] 495732K->465908K(714840K), 0.0054530 secs] [Times: user=0.01 sys=0.00, real=0.00 secs] 
2020-10-29T14:17:02.961+0000: [GC (Allocation Failure) 2020-10-29T14:17:02.961+0000: [ParNew: 38020K->4K(42752K), 0.0031782 secs] 503924K->465908K(714840K), 0.0032410 secs] [Times: user=0.01 sys=0.00, real=0.00 secs] 
2020-10-29T14:17:03.006+0000: [GC (Allocation Failure) 2020-10-29T14:17:03.006+0000: [ParNew: 38020K->4K(42752K), 0.0032494 secs] 503924K->465908K(714840K), 0.0033156 secs] [Times: user=0.01 sys=0.00, real=0.01 secs] 
2020-10-29T14:17:03.051+0000: [GC (Allocation Failure) 2020-10-29T14:17:03.051+0000: [ParNew: 38020K->4K(42752K), 0.0031796 secs] 503924K->465908K(714840K), 0.0032357 secs] [Times: user=0.01 sys=0.00, real=0.00 secs] 
2020-10-29T14:17:03.093+0000: [GC (Allocation Failure) 2020-10-29T14:17:03.093+0000: [ParNew: 38020K->4K(42752K), 0.0032003 secs] 503924K->465908K(714840K), 0.0032727 secs] [Times: user=0.01 sys=0.00, real=0.01 secs] 
2020-10-29T14:17:03.129+0000: [GC (Allocation Failure) 2020-10-29T14:17:03.129+0000: [ParNew: 38020K->4K(42752K), 0.0050800 secs] 503924K->474100K(714840K), 0.0051463 secs] [Times: user=0.01 sys=0.00, real=0.00 secs] 
2020-10-29T14:17:03.174+0000: [GC (Allocation Failure) 2020-10-29T14:17:03.174+0000: [ParNew: 38020K->4K(42752K), 0.0033726 secs] 512116K->474100K(714840K), 0.0034395 secs] [Times: user=0.01 sys=0.00, real=0.01 secs] 
2020-10-29T14:17:03.219+0000: [GC (Allocation Failure) 2020-10-29T14:17:03.219+0000: [ParNew: 38020K->4K(42752K), 0.0031896 secs] 512116K->474100K(714840K), 0.0032526 secs] [Times: user=0.00 sys=0.00, real=0.00 secs] 
2020-10-29T14:17:03.263+0000: [GC (Allocation Failure) 2020-10-29T14:17:03.263+0000: [ParNew: 38020K->4K(42752K), 0.0032128 secs] 512116K->474100K(714840K), 0.0032783 secs] [Times: user=0.01 sys=0.00, real=0.00 secs] 
2020-10-29T14:17:03.307+0000: [GC (Allocation Failure) 2020-10-29T14:17:03.307+0000: [ParNew: 38020K->4K(42752K), 0.0031592 secs] 512116K->474100K(714840K), 0.0032289 secs] [Times: user=0.01 sys=0.00, real=0.00 secs] 
2020-10-29T14:17:03.351+0000: [GC (Allocation Failure) 2020-10-29T14:17:03.351+0000: [ParNew: 38020K->4K(42752K), 0.0056345 secs] 512116K->474100K(714840K), 0.0056976 secs] [Times: user=0.00 sys=0.00, real=0.01 secs] 
2020-10-29T14:17:03.395+0000: [GC (Allocation Failure) 2020-10-29T14:17:03.396+0000: [ParNew: 38020K->4K(42752K), 0.0032645 secs] 512116K->474100K(714840K), 0.0033316 secs] [Times: user=0.00 sys=0.00, real=0.00 secs] 
2020-10-29T14:17:03.433+0000: [GC (Allocation Failure) 2020-10-29T14:17:03.433+0000: [ParNew: 38020K->4K(42752K), 0.0096458 secs] 512116K->482292K(714840K), 0.0097144 secs] [Times: user=0.02 sys=0.00, real=0.01 secs] 
2020-10-29T14:17:03.482+0000: [GC (Allocation Failure) 2020-10-29T14:17:03.482+0000: [ParNew: 38020K->4K(42752K), 0.0031951 secs] 520308K->482292K(714840K), 0.0032656 secs] [Times: user=0.00 sys=0.00, real=0.00 secs] 
2020-10-29T14:17:03.524+0000: [GC (Allocation Failure) 2020-10-29T14:17:03.524+0000: [ParNew: 38020K->4K(42752K), 0.0033275 secs] 520308K->482292K(714840K), 0.0033964 secs] [Times: user=0.00 sys=0.00, real=0.01 secs] 
2020-10-29T14:17:03.567+0000: [GC (Allocation Failure) 2020-10-29T14:17:03.567+0000: [ParNew: 38020K->4K(42752K), 0.0031577 secs] 520308K->482292K(714840K), 0.0032217 secs] [Times: user=0.01 sys=0.00, real=0.00 secs] 
2020-10-29T14:17:03.609+0000: [GC (Allocation Failure) 2020-10-29T14:17:03.609+0000: [ParNew: 38020K->4K(42752K), 0.0032337 secs] 520308K->482292K(714840K), 0.0033004 secs] [Times: user=0.01 sys=0.00, real=0.00 secs] 
2020-10-29T14:17:03.659+0000: [GC (Allocation Failure) 2020-10-29T14:17:03.659+0000: [ParNew: 38020K->4K(42752K), 0.0031554 secs] 520308K->482292K(714840K), 0.0032201 secs] [Times: user=0.00 sys=0.00, real=0.00 secs] 
2020-10-29T14:17:03.703+0000: [GC (Allocation Failure) 2020-10-29T14:17:03.703+0000: [ParNew: 38020K->4K(42752K), 0.0032867 secs] 520308K->482292K(714840K), 0.0034327 secs] [Times: user=0.01 sys=0.00, real=0.00 secs] 
2020-10-29T14:17:03.743+0000: [GC (Allocation Failure) 2020-10-29T14:17:03.743+0000: [ParNew: 33399K->4K(42752K), 0.0031211 secs] 515687K->482292K(714840K), 0.0031849 secs] [Times: user=0.01 sys=0.00, real=0.00 secs] 
2020-10-29T14:17:03.778+0000: [GC (Allocation Failure) 2020-10-29T14:17:03.778+0000: [ParNew: 38020K->4K(42752K), 0.0093556 secs] 520308K->490484K(714840K), 0.0094203 secs] [Times: user=0.01 sys=0.00, real=0.01 secs] 
2020-10-29T14:17:03.826+0000: [GC (Allocation Failure) 2020-10-29T14:17:03.826+0000: [ParNew: 38020K->4K(42752K), 0.0032101 secs] 528500K->490484K(714840K), 0.0032758 secs] [Times: user=0.00 sys=0.00, real=0.01 secs] 
2020-10-29T14:17:03.868+0000: [GC (Allocation Failure) 2020-10-29T14:17:03.868+0000: [ParNew: 38020K->4K(42752K), 0.0031842 secs] 528500K->490484K(714840K), 0.0032483 secs] [Times: user=0.01 sys=0.00, real=0.00 secs] 
2020-10-29T14:17:03.915+0000: [GC (Allocation Failure) 2020-10-29T14:17:03.915+0000: [ParNew: 38020K->4K(42752K), 0.0032412 secs] 528500K->490484K(714840K), 0.0033007 secs] [Times: user=0.01 sys=0.00, real=0.00 secs] 
2020-10-29T14:17:03.959+0000: [GC (Allocation Failure) 2020-10-29T14:17:03.959+0000: [ParNew: 38020K->4K(42752K), 0.0031488 secs] 528500K->490484K(714840K), 0.0032146 secs] [Times: user=0.00 sys=0.00, real=0.00 secs] 
2020-10-29T14:17:03.999+0000: [GC (Allocation Failure) 2020-10-29T14:17:03.999+0000: [ParNew: 38020K->4K(42752K), 0.0094608 secs] 528500K->498676K(714840K), 0.0095293 secs] [Times: user=0.01 sys=0.01, real=0.01 secs] 
2020-10-29T14:17:04.049+0000: [GC (Allocation Failure) 2020-10-29T14:17:04.049+0000: [ParNew: 38020K->4K(42752K), 0.0031699 secs] 536692K->498676K(714840K), 0.0032331 secs] [Times: user=0.01 sys=0.00, real=0.00 secs] 
2020-10-29T14:17:04.095+0000: [GC (Allocation Failure) 2020-10-29T14:17:04.095+0000: [ParNew: 38020K->4K(42752K), 0.0031810 secs] 536692K->498676K(714840K), 0.0032454 secs] [Times: user=0.00 sys=0.00, real=0.00 secs] 
2020-10-29T14:17:04.137+0000: [GC (Allocation Failure) 2020-10-29T14:17:04.137+0000: [ParNew: 38020K->4K(42752K), 0.0032764 secs] 536692K->498676K(714840K), 0.0033556 secs] [Times: user=0.01 sys=0.00, real=0.00 secs] 
2020-10-29T14:17:04.202+0000: [GC (Allocation Failure) 2020-10-29T14:17:04.202+0000: [ParNew: 38020K->1170K(42752K), 0.0036458 secs] 536692K->499843K(714840K), 0.0037132 secs] [Times: user=0.00 sys=0.00, real=0.00 secs] 
2020-10-29T14:17:04.315+0000: [GC (Allocation Failure) 2020-10-29T14:17:04.315+0000: [ParNew: 39186K->1131K(42752K), 0.0029306 secs] 537859K->499803K(714840K), 0.0029955 secs] [Times: user=0.01 sys=0.00, real=0.00 secs] 
2020-10-29T14:17:04.318+0000: [CMS-concurrent-abortable-preclean: 0.166/4.090 secs] [Times: user=7.63 sys=0.25, real=4.09 secs] 
2020-10-29T14:17:04.322+0000: [GC (CMS Final Remark) [YG occupancy: 1888 K (42752 K)]2020-10-29T14:17:04.322+0000: [Rescan (parallel) , 0.0016838 secs]2020-10-29T14:17:04.324+0000: [weak refs processing, 0.0000307 secs]2020-10-29T14:17:04.324+0000: [class unloading, 0.0099747 secs]2020-10-29T14:17:04.334+0000: [scrub symbol table, 0.0110795 secs]2020-10-29T14:17:04.345+0000: [scrub string table, 0.0007260 secs][1 CMS-remark: 498672K(672088K)] 500561K(714840K), 0.0236339 secs] [Times: user=0.03 sys=0.00, real=0.02 secs] 
2020-10-29T14:17:04.355+0000: [CMS-concurrent-sweep-start]
2020-10-29T14:17:04.375+0000: [CMS-concurrent-sweep: 0.021/0.021 secs] [Times: user=0.04 sys=0.00, real=0.02 secs] 
2020-10-29T14:17:04.376+0000: [CMS-concurrent-reset-start]
2020-10-29T14:17:04.378+0000: [CMS-concurrent-reset: 0.002/0.002 secs] [Times: user=0.00 sys=0.00, real=0.00 secs] 
2020-10-29T14:17:04.416+0000: [GC (Allocation Failure) 2020-10-29T14:17:04.416+0000: [ParNew: 39147K->1137K(42752K), 0.0038404 secs] 504958K->466947K(819104K), 0.0039045 secs] [Times: user=0.01 sys=0.00, real=0.00 secs] 
2020-10-29T14:17:04.479+0000: [GC (Allocation Failure) 2020-10-29T14:17:04.479+0000: [ParNew: 39153K->1131K(42752K), 0.0055866 secs] 504963K->475133K(819104K), 0.0056547 secs] [Times: user=0.01 sys=0.00, real=0.00 secs] 
2020-10-29T14:17:04.565+0000: [GC (Allocation Failure) 2020-10-29T14:17:04.566+0000: [ParNew: 39147K->1136K(42752K), 0.0038153 secs] 513149K->475139K(819104K), 0.0038749 secs] [Times: user=0.00 sys=0.00, real=0.01 secs] 
2020-10-29T14:17:04.642+0000: [GC (Allocation Failure) 2020-10-29T14:17:04.643+0000: [ParNew: 39152K->1130K(42752K), 0.0038911 secs] 513155K->475133K(819104K), 0.0039567 secs] [Times: user=0.00 sys=0.00, real=0.00 secs] 
2020-10-29T14:17:04.719+0000: [GC (Allocation Failure) 2020-10-29T14:17:04.719+0000: [ParNew: 39146K->8K(42752K), 0.0040392 secs] 513149K->475139K(819104K), 0.0041069 secs] [Times: user=0.00 sys=0.00, real=0.00 secs] 
2020-10-29T14:17:04.788+0000: [GC (Allocation Failure) 2020-10-29T14:17:04.789+0000: [ParNew: 38024K->4K(42752K), 0.0035535 secs] 513155K->475135K(819104K), 0.0036167 secs] [Times: user=0.01 sys=0.00, real=0.00 secs] 
2020-10-29T14:17:04.879+0000: [GC (Allocation Failure) 2020-10-29T14:17:04.879+0000: [ParNew: 38020K->4K(42752K), 0.0035255 secs] 513151K->475135K(819104K), 0.0035975 secs] [Times: user=0.01 sys=0.00, real=0.00 secs] 
2020-10-29T14:17:04.954+0000: [GC (Allocation Failure) 2020-10-29T14:17:04.954+0000: [ParNew: 38020K->4K(42752K), 0.0035366 secs] 513151K->475135K(819104K), 0.0036020 secs] [Times: user=0.00 sys=0.00, real=0.01 secs] 
2020-10-29T14:17:05.026+0000: [GC (Allocation Failure) 2020-10-29T14:17:05.026+0000: [ParNew: 38020K->4K(42752K), 0.0035124 secs] 513151K->475135K(819104K), 0.0035871 secs] [Times: user=0.00 sys=0.00, real=0.01 secs] 
2020-10-29T14:17:05.103+0000: [GC (Allocation Failure) 2020-10-29T14:17:05.103+0000: [ParNew: 38020K->4K(42752K), 0.0035167 secs] 513151K->475135K(819104K), 0.0035849 secs] [Times: user=0.01 sys=0.00, real=0.00 secs] 
2020-10-29T14:17:05.175+0000: [GC (Allocation Failure) 2020-10-29T14:17:05.175+0000: [ParNew: 36458K->4K(42752K), 0.0035045 secs] 511589K->475135K(819104K), 0.0035679 secs] [Times: user=0.01 sys=0.00, real=0.00 secs] 
2020-10-29T14:17:05.228+0000: [GC (Allocation Failure) 2020-10-29T14:17:05.228+0000: [ParNew: 38020K->4K(42752K), 0.0051574 secs] 513151K->483327K(819104K), 0.0052214 secs] [Times: user=0.01 sys=0.00, real=0.00 secs] 
2020-10-29T14:17:05.309+0000: [GC (Allocation Failure) 2020-10-29T14:17:05.309+0000: [ParNew: 38020K->4K(42752K), 0.0034991 secs] 521343K->483327K(819104K), 0.0035506 secs] [Times: user=0.01 sys=0.00, real=0.00 secs] 
2020-10-29T14:17:05.386+0000: [GC (Allocation Failure) 2020-10-29T14:17:05.386+0000: [ParNew: 38020K->4K(42752K), 0.0035077 secs] 521343K->483327K(819104K), 0.0035601 secs] [Times: user=0.01 sys=0.00, real=0.01 secs] 
2020-10-29T14:17:06.511+0000: [GC (Allocation Failure) 2020-10-29T14:17:06.511+0000: [ParNew: 38020K->1212K(42752K), 0.0036927 secs] 586879K->550072K(819104K), 0.0037604 secs] [Times: user=0.01 sys=0.00, real=0.00 secs] 
2020-10-29T14:17:06.515+0000: [GC (CMS Initial Mark) [1 CMS-initial-mark: 548859K(776352K)] 550072K(819104K), 0.0026469 secs] [Times: user=0.00 sys=0.00, real=0.00 secs] 
2020-10-29T14:17:06.517+0000: [CMS-concurrent-mark-start]
2020-10-29T14:17:06.604+0000: [CMS-concurrent-mark: 0.087/0.087 secs] [Times: user=0.15 sys=0.01, real=0.08 secs] 
2020-10-29T14:17:06.604+0000: [CMS-concurrent-preclean-start]
2020-10-29T14:17:06.615+0000: [CMS-concurrent-preclean: 0.011/0.011 secs] [Times: user=0.02 sys=0.00, real=0.02 secs] 
2020-10-29T14:17:06.615+0000: [CMS-concurrent-abortable-preclean-start]
2020-10-29T14:17:06.640+0000: [GC (Allocation Failure) 2020-10-29T14:17:06.640+0000: [ParNew: 39228K->1644K(42752K), 0.0037857 secs] 588088K->550503K(819104K), 0.0038439 secs] [Times: user=0.01 sys=0.00, real=0.00 secs] 
2020-10-29T14:17:06.727+0000: [GC (Allocation Failure) 2020-10-29T14:17:06.727+0000: [ParNew: 39660K->2158K(42752K), 0.0038285 secs] 588519K->551017K(819104K), 0.0038803 secs] [Times: user=0.01 sys=0.00, real=0.00 secs] 
2020-10-29T14:17:06.803+0000: [GC (Allocation Failure) 2020-10-29T14:17:06.803+0000: [ParNew: 40174K->2158K(42752K), 0.0033272 secs] 589033K->551018K(819104K), 0.0033808 secs] [Times: user=0.01 sys=0.00, real=0.00 secs] 
2020-10-29T14:17:06.871+0000: [GC (Allocation Failure) 2020-10-29T14:17:06.871+0000: [ParNew: 40174K->3182K(42752K), 0.0040534 secs] 589034K->552043K(819104K), 0.0041034 secs] [Times: user=0.01 sys=0.00, real=0.01 secs] 
2020-10-29T14:17:06.876+0000: [CMS-concurrent-abortable-preclean: 0.008/0.261 secs] [Times: user=0.46 sys=0.03, real=0.26 secs] 
2020-10-29T14:17:06.876+0000: [GC (CMS Final Remark) [YG occupancy: 3857 K (42752 K)]2020-10-29T14:17:06.876+0000: [Rescan (parallel) , 0.0017490 secs]2020-10-29T14:17:06.878+0000: [weak refs processing, 0.0000290 secs]2020-10-29T14:17:06.878+0000: [class unloading, 0.0098527 secs]2020-10-29T14:17:06.888+0000: [scrub symbol table, 0.0106688 secs]2020-10-29T14:17:06.898+0000: [scrub string table, 0.0007119 secs][1 CMS-remark: 548860K(776352K)] 552717K(819104K), 0.0231288 secs] [Times: user=0.02 sys=0.00, real=0.02 secs] 
2020-10-29T14:17:06.903+0000: [CMS-concurrent-sweep-start]
2020-10-29T14:17:06.922+0000: [CMS-concurrent-sweep: 0.019/0.019 secs] [Times: user=0.04 sys=0.00, real=0.02 secs] 
2020-10-29T14:17:06.922+0000: [CMS-concurrent-reset-start]
2020-10-29T14:17:06.924+0000: [CMS-concurrent-reset: 0.002/0.002 secs] [Times: user=0.00 sys=0.00, real=0.00 secs] 
2020-10-29T14:17:06.991+0000: [GC (Allocation Failure) 2020-10-29T14:17:06.991+0000: [ParNew: 41198K->4105K(42752K), 0.0047790 secs] 588934K->552969K(920960K), 0.0048349 secs] [Times: user=0.01 sys=0.00, real=0.01 secs] 
2020-10-29T14:17:07.067+0000: [GC (Allocation Failure) 2020-10-29T14:17:07.067+0000: [ParNew: 42121K->6K(42752K), 0.0041042 secs] 590985K->550918K(920960K), 0.0041542 secs] [Times: user=0.01 sys=0.00, real=0.00 secs] 
2020-10-29T14:17:07.140+0000: [GC (Allocation Failure) 2020-10-29T14:17:07.140+0000: [ParNew: 38022K->6K(42752K), 0.0037685 secs] 588934K->550918K(920960K), 0.0038190 secs] [Times: user=0.01 sys=0.00, real=0.00 secs] 
2020-10-29T14:17:07.207+0000: [GC (Allocation Failure) 2020-10-29T14:17:07.207+0000: [ParNew: 38022K->4102K(42752K), 0.0045048 secs] 588934K->555014K(920960K), 0.0045562 secs] [Times: user=0.01 sys=0.00, real=0.00 secs] 
2020-10-29T14:17:07.279+0000: [GC (Allocation Failure) 2020-10-29T14:17:07.279+0000: [ParNew: 42118K->4K(42752K), 0.0045265 secs] 593030K->555014K(920960K), 0.0045783 secs] [Times: user=0.01 sys=0.00, real=0.00 secs] 
2020-10-29T14:17:07.352+0000: [GC (Allocation Failure) 2020-10-29T14:17:07.352+0000: [ParNew: 38020K->4K(42752K), 0.0037737 secs] 593030K->555014K(920960K), 0.0038247 secs] [Times: user=0.01 sys=0.00, real=0.01 secs] 
2020-10-29T14:17:07.425+0000: [GC (Allocation Failure) 2020-10-29T14:17:07.425+0000: [ParNew: 38020K->132K(42752K), 0.0037833 secs] 593030K->555142K(920960K), 0.0038403 secs] [Times: user=0.01 sys=0.00, real=0.01 secs] 
2020-10-29T14:17:07.468+0000: [GC (Allocation Failure) 2020-10-29T14:17:07.468+0000: [ParNew: 38148K->260K(42752K), 0.0039141 secs] 593158K->555270K(920960K), 0.0039792 secs] [Times: user=0.01 sys=0.00, real=0.00 secs] 
2020-10-29T14:17:07.511+0000: [GC (Allocation Failure) 2020-10-29T14:17:07.511+0000: [ParNew: 38276K->516K(42752K), 0.0039918 secs] 593286K->555526K(920960K), 0.0040559 secs] [Times: user=0.01 sys=0.00, real=0.01 secs] 
2020-10-29T14:17:07.559+0000: [GC (Allocation Failure) 2020-10-29T14:17:07.559+0000: [ParNew: 38532K->1028K(42752K), 0.0039496 secs] 593542K->556038K(920960K), 0.0040140 secs] [Times: user=0.01 sys=0.00, real=0.00 secs] 
2020-10-29T14:17:07.600+0000: [GC (Allocation Failure) 2020-10-29T14:17:07.600+0000: [ParNew: 39044K->1028K(42752K), 0.0039590 secs] 594054K->556038K(920960K), 0.0040216 secs] [Times: user=0.01 sys=0.00, real=0.00 secs] 
2020-10-29T14:17:07.643+0000: [GC (Allocation Failure) 2020-10-29T14:17:07.643+0000: [ParNew: 39044K->1028K(42752K), 0.0040373 secs] 594054K->556038K(920960K), 0.0041022 secs] [Times: user=0.01 sys=0.00, real=0.01 secs] 
2020-10-29T14:17:07.685+0000: [GC (Allocation Failure) 2020-10-29T14:17:07.685+0000: [ParNew: 39044K->2052K(42752K), 0.0042131 secs] 594054K->557063K(920960K), 0.0042775 secs] [Times: user=0.01 sys=0.00, real=0.01 secs] 
2020-10-29T14:17:07.727+0000: [GC (Allocation Failure) 2020-10-29T14:17:07.727+0000: [ParNew: 40068K->2052K(42752K), 0.0041553 secs] 595079K->557063K(920960K), 0.0042191 secs] [Times: user=0.00 sys=0.00, real=0.00 secs] 
2020-10-29T14:17:07.768+0000: [GC (Allocation Failure) 2020-10-29T14:17:07.769+0000: [ParNew: 40068K->2052K(42752K), 0.0041472 secs] 595079K->557063K(920960K), 0.0042007 secs] [Times: user=0.01 sys=0.00, real=0.00 secs] 
2020-10-29T14:17:07.810+0000: [GC (Allocation Failure) 2020-10-29T14:17:07.810+0000: [ParNew: 40068K->2052K(42752K), 0.0041585 secs] 595079K->557063K(920960K), 0.0042376 secs] [Times: user=0.00 sys=0.00, real=0.00 secs] 
2020-10-29T14:17:07.855+0000: [GC (Allocation Failure) 2020-10-29T14:17:07.855+0000: [ParNew: 40068K->2052K(42752K), 0.0041960 secs] 595079K->557064K(920960K), 0.0042596 secs] [Times: user=0.01 sys=0.00, real=0.00 secs] 
2020-10-29T14:17:07.899+0000: [GC (Allocation Failure) 2020-10-29T14:17:07.899+0000: [ParNew: 40068K->2052K(42752K), 0.0041244 secs] 595080K->557064K(920960K), 0.0041882 secs] [Times: user=0.01 sys=0.00, real=0.00 secs] 
2020-10-29T14:17:07.941+0000: [GC (Allocation Failure) 2020-10-29T14:17:07.941+0000: [ParNew: 40068K->4K(42752K), 0.0038113 secs] 595080K->555015K(920960K), 0.0038855 secs] [Times: user=0.00 sys=0.00, real=0.00 secs] 
2020-10-29T14:17:07.982+0000: [GC (Allocation Failure) 2020-10-29T14:17:07.982+0000: [ParNew: 38020K->4K(42752K), 0.0038356 secs] 593031K->555015K(920960K), 0.0039281 secs] [Times: user=0.01 sys=0.00, real=0.00 secs] 
2020-10-29T14:17:08.024+0000: [GC (Allocation Failure) 2020-10-29T14:17:08.024+0000: [ParNew: 38020K->4K(42752K), 0.0038809 secs] 593031K->555015K(920960K), 0.0039457 secs] [Times: user=0.00 sys=0.00, real=0.01 secs] 
2020-10-29T14:17:08.067+0000: [GC (Allocation Failure) 2020-10-29T14:17:08.067+0000: [ParNew: 38020K->4K(42752K), 0.0038471 secs] 593031K->555015K(920960K), 0.0039109 secs] [Times: user=0.01 sys=0.00, real=0.00 secs] 
2020-10-29T14:17:08.109+0000: [GC (Allocation Failure) 2020-10-29T14:17:08.109+0000: [ParNew: 38020K->4K(42752K), 0.0038593 secs] 593031K->555016K(920960K), 0.0039254 secs] [Times: user=0.00 sys=0.00, real=0.00 secs] 
2020-10-29T14:17:08.154+0000: [GC (Allocation Failure) 2020-10-29T14:17:08.154+0000: [ParNew: 38020K->4K(42752K), 0.0037856 secs] 593032K->555016K(920960K), 0.0038478 secs] [Times: user=0.01 sys=0.00, real=0.01 secs] 
2020-10-29T14:17:08.197+0000: [GC (Allocation Failure) 2020-10-29T14:17:08.197+0000: [ParNew: 38020K->4K(42752K), 0.0038213 secs] 593032K->555016K(920960K), 0.0038861 secs] [Times: user=0.01 sys=0.00, real=0.00 secs] 
2020-10-29T14:17:08.242+0000: [GC (Allocation Failure) 2020-10-29T14:17:08.242+0000: [ParNew: 38020K->4K(42752K), 0.0038484 secs] 593032K->555016K(920960K), 0.0039134 secs] [Times: user=0.00 sys=0.00, real=0.00 secs] 
2020-10-29T14:17:08.287+0000: [GC (Allocation Failure) 2020-10-29T14:17:08.287+0000: [ParNew: 38020K->4K(42752K), 0.0038099 secs] 593032K->555016K(920960K), 0.0038736 secs] [Times: user=0.01 sys=0.00, real=0.00 secs] 
2020-10-29T14:17:08.329+0000: [GC (Allocation Failure) 2020-10-29T14:17:08.329+0000: [ParNew: 38020K->4K(42752K), 0.0037749 secs] 593032K->555016K(920960K), 0.0038381 secs] [Times: user=0.01 sys=0.00, real=0.00 secs] 
2020-10-29T14:17:08.371+0000: [GC (Allocation Failure) 2020-10-29T14:17:08.371+0000: [ParNew: 38020K->4K(42752K), 0.0037660 secs] 593032K->555016K(920960K), 0.0038298 secs] [Times: user=0.00 sys=0.00, real=0.01 secs] 
2020-10-29T14:17:08.415+0000: [GC (Allocation Failure) 2020-10-29T14:17:08.415+0000: [ParNew: 38020K->4K(42752K), 0.0038697 secs] 593032K->555016K(920960K), 0.0039322 secs] [Times: user=0.01 sys=0.00, real=0.00 secs] 
2020-10-29T14:17:08.459+0000: [GC (Allocation Failure) 2020-10-29T14:17:08.459+0000: [ParNew: 38020K->4K(42752K), 0.0037725 secs] 593032K->555016K(920960K), 0.0038482 secs] [Times: user=0.01 sys=0.00, real=0.00 secs] 
2020-10-29T14:17:08.500+0000: [GC (Allocation Failure) 2020-10-29T14:17:08.500+0000: [ParNew: 38020K->4K(42752K), 0.0038596 secs] 593032K->555016K(920960K), 0.0039240 secs] [Times: user=0.00 sys=0.00, real=0.00 secs] 
2020-10-29T14:17:08.542+0000: [GC (Allocation Failure) 2020-10-29T14:17:08.542+0000: [ParNew: 38020K->4K(42752K), 0.0038283 secs] 593032K->555016K(920960K), 0.0038922 secs] [Times: user=0.01 sys=0.00, real=0.00 secs] 
2020-10-29T14:17:08.583+0000: [GC (Allocation Failure) 2020-10-29T14:17:08.583+0000: [ParNew: 38020K->4K(42752K), 0.0037989 secs] 593032K->555016K(920960K), 0.0038636 secs] [Times: user=0.01 sys=0.00, real=0.01 secs] 
2020-10-29T14:17:08.625+0000: [GC (Allocation Failure) 2020-10-29T14:17:08.625+0000: [ParNew: 38020K->4K(42752K), 0.0038565 secs] 593032K->555016K(920960K), 0.0039217 secs] [Times: user=0.01 sys=0.00, real=0.01 secs] 
2020-10-29T14:17:08.666+0000: [GC (Allocation Failure) 2020-10-29T14:17:08.666+0000: [ParNew: 38020K->4K(42752K), 0.0041074 secs] 593032K->555016K(920960K), 0.0041771 secs] [Times: user=0.00 sys=0.00, real=0.01 secs] 
2020-10-29T14:17:08.708+0000: [GC (Allocation Failure) 2020-10-29T14:17:08.708+0000: [ParNew: 38020K->4K(42752K), 0.0038012 secs] 593032K->555016K(920960K), 0.0038658 secs] [Times: user=0.01 sys=0.00, real=0.00 secs] 
2020-10-29T14:17:08.751+0000: [GC (Allocation Failure) 2020-10-29T14:17:08.751+0000: [ParNew: 38020K->4K(42752K), 0.0037629 secs] 593032K->555016K(920960K), 0.0038399 secs] [Times: user=0.01 sys=0.00, real=0.01 secs] 
2020-10-29T14:17:08.799+0000: [GC (Allocation Failure) 2020-10-29T14:17:08.799+0000: [ParNew: 38020K->4K(42752K), 0.0037769 secs] 593032K->555016K(920960K), 0.0038404 secs] [Times: user=0.00 sys=0.01, real=0.00 secs] 
2020-10-29T14:17:08.843+0000: [GC (Allocation Failure) 2020-10-29T14:17:08.843+0000: [ParNew: 38020K->4K(42752K), 0.0038156 secs] 593032K->555016K(920960K), 0.0038805 secs] [Times: user=0.01 sys=0.00, real=0.01 secs] 
2020-10-29T14:17:08.887+0000: [GC (Allocation Failure) 2020-10-29T14:17:08.887+0000: [ParNew: 38020K->4K(42752K), 0.0038306 secs] 593032K->555016K(920960K), 0.0038969 secs] [Times: user=0.00 sys=0.00, real=0.00 secs] 
2020-10-29T14:17:08.931+0000: [GC (Allocation Failure) 2020-10-29T14:17:08.931+0000: [ParNew: 38020K->4K(42752K), 0.0037926 secs] 593032K->555016K(920960K), 0.0038662 secs] [Times: user=0.01 sys=0.00, real=0.01 secs] 
2020-10-29T14:17:08.975+0000: [GC (Allocation Failure) 2020-10-29T14:17:08.975+0000: [ParNew: 38020K->4K(42752K), 0.0038220 secs] 593032K->555016K(920960K), 0.0038867 secs] [Times: user=0.00 sys=0.00, real=0.00 secs] 
2020-10-29T14:17:09.016+0000: [GC (Allocation Failure) 2020-10-29T14:17:09.016+0000: [ParNew: 38020K->4K(42752K), 0.0038942 secs] 593032K->555016K(920960K), 0.0039570 secs] [Times: user=0.01 sys=0.00, real=0.00 secs] 
2020-10-29T14:17:09.058+0000: [GC (Allocation Failure) 2020-10-29T14:17:09.058+0000: [ParNew: 38020K->4K(42752K), 0.0038648 secs] 593032K->555016K(920960K), 0.0039277 secs] [Times: user=0.01 sys=0.00, real=0.00 secs] 
2020-10-29T14:17:09.100+0000: [GC (Allocation Failure) 2020-10-29T14:17:09.100+0000: [ParNew: 38020K->4K(42752K), 0.0038377 secs] 593032K->555016K(920960K), 0.0039023 secs] [Times: user=0.01 sys=0.00, real=0.00 secs] 
2020-10-29T14:17:09.142+0000: [GC (Allocation Failure) 2020-10-29T14:17:09.142+0000: [ParNew: 38020K->4K(42752K), 0.0039628 secs] 593032K->555016K(920960K), 0.0040351 secs] [Times: user=0.01 sys=0.00, real=0.00 secs] 
2020-10-29T14:17:09.187+0000: [GC (Allocation Failure) 2020-10-29T14:17:09.187+0000: [ParNew: 38020K->4K(42752K), 0.0037656 secs] 593032K->555016K(920960K), 0.0038289 secs] [Times: user=0.00 sys=0.00, real=0.00 secs] 
2020-10-29T14:17:09.229+0000: [GC (Allocation Failure) 2020-10-29T14:17:09.229+0000: [ParNew: 38020K->4K(42752K), 0.0038506 secs] 593032K->555016K(920960K), 0.0039057 secs] [Times: user=0.01 sys=0.00, real=0.00 secs] 
2020-10-29T14:17:09.266+0000: [GC (Allocation Failure) 2020-10-29T14:17:09.266+0000: [ParNew: 30353K->4K(42752K), 0.0037717 secs] 585366K->555016K(920960K), 0.0038369 secs] [Times: user=0.01 sys=0.00, real=0.01 secs] 
2020-10-29T14:17:09.294+0000: [GC (Allocation Failure) 2020-10-29T14:17:09.294+0000: [ParNew: 38020K->4K(42752K), 0.0168124 secs] 593032K->571400K(920960K), 0.0168852 secs] [Times: user=0.02 sys=0.01, real=0.02 secs] 
2020-10-29T14:17:09.323+0000: [GC (CMS Initial Mark) [1 CMS-initial-mark: 571396K(878208K)] 579197K(920960K), 0.0058884 secs] [Times: user=0.01 sys=0.00, real=0.01 secs] 
2020-10-29T14:17:09.328+0000: [CMS-concurrent-mark-start]
2020-10-29T14:17:09.368+0000: [GC (Allocation Failure) 2020-10-29T14:17:09.368+0000: [ParNew: 38020K->4K(42752K), 0.0036751 secs] 609416K->571400K(920960K), 0.0037392 secs] [Times: user=0.01 sys=0.00, real=0.00 secs] 
2020-10-29T14:17:09.423+0000: [GC (Allocation Failure) 2020-10-29T14:17:09.423+0000: [ParNew: 38020K->4K(42752K), 0.0037094 secs] 609416K->571400K(920960K), 0.0037908 secs] [Times: user=0.01 sys=0.00, real=0.00 secs] 
2020-10-29T14:17:09.444+0000: [CMS-concurrent-mark: 0.103/0.115 secs] [Times: user=0.22 sys=0.01, real=0.11 secs] 
2020-10-29T14:17:09.444+0000: [CMS-concurrent-preclean-start]
2020-10-29T14:17:09.447+0000: [CMS-concurrent-preclean: 0.003/0.003 secs] [Times: user=0.01 sys=0.00, real=0.01 secs] 
2020-10-29T14:17:09.447+0000: [CMS-concurrent-abortable-preclean-start]
2020-10-29T14:17:09.470+0000: [GC (Allocation Failure) 2020-10-29T14:17:09.470+0000: [ParNew: 38020K->4K(42752K), 0.0038499 secs] 609416K->571400K(920960K), 0.0039145 secs] [Times: user=0.01 sys=0.00, real=0.00 secs] 
2020-10-29T14:17:09.513+0000: [GC (Allocation Failure) 2020-10-29T14:17:09.513+0000: [ParNew: 38020K->4K(42752K), 0.0037612 secs] 609416K->571400K(920960K), 0.0038244 secs] [Times: user=0.01 sys=0.00, real=0.01 secs] 
2020-10-29T14:17:09.557+0000: [GC (Allocation Failure) 2020-10-29T14:17:09.557+0000: [ParNew: 38020K->4K(42752K), 0.0037642 secs] 609416K->571400K(920960K), 0.0038465 secs] [Times: user=0.01 sys=0.00, real=0.00 secs] 
2020-10-29T14:17:09.606+0000: [GC (Allocation Failure) 2020-10-29T14:17:09.606+0000: [ParNew: 38020K->28K(42752K), 0.0032642 secs] 609416K->571425K(920960K), 0.0033245 secs] [Times: user=0.01 sys=0.00, real=0.01 secs] 
2020-10-29T14:17:09.610+0000: [CMS-concurrent-abortable-preclean: 0.010/0.163 secs] [Times: user=0.31 sys=0.00, real=0.16 secs] 
2020-10-29T14:17:09.610+0000: [GC (CMS Final Remark) [YG occupancy: 390 K (42752 K)]2020-10-29T14:17:09.610+0000: [Rescan (parallel) , 0.0018488 secs]2020-10-29T14:17:09.612+0000: [weak refs processing, 0.0000363 secs]2020-10-29T14:17:09.612+0000: [class unloading, 0.0097439 secs]2020-10-29T14:17:09.622+0000: [scrub symbol table, 0.0107939 secs]2020-10-29T14:17:09.633+0000: [scrub string table, 0.0007102 secs][1 CMS-remark: 571397K(878208K)] 571787K(920960K), 0.0232539 secs] [Times: user=0.03 sys=0.00, real=0.02 secs] 
2020-10-29T14:17:09.634+0000: [CMS-concurrent-sweep-start]
2020-10-29T14:17:09.666+0000: [CMS-concurrent-sweep: 0.032/0.032 secs] [Times: user=0.05 sys=0.01, real=0.03 secs] 
2020-10-29T14:17:09.666+0000: [CMS-concurrent-reset-start]
2020-10-29T14:17:09.668+0000: [CMS-concurrent-reset: 0.002/0.002 secs] [Times: user=0.00 sys=0.00, real=0.01 secs] 
2020-10-29T14:17:09.723+0000: [GC (Allocation Failure) 2020-10-29T14:17:09.723+0000: [ParNew: 38044K->3204K(42752K), 0.0048441 secs] 262203K->227363K(920960K), 0.0049102 secs] [Times: user=0.01 sys=0.00, real=0.01 secs] 
2020-10-29T14:17:09.795+0000: [GC (Allocation Failure) 2020-10-29T14:17:09.796+0000: [ParNew: 41220K->167K(42752K), 0.0088866 secs] 265379K->227472K(920960K), 0.0089517 secs] [Times: user=0.02 sys=0.00, real=0.00 secs] 
2020-10-29T14:17:09.912+0000: [GC (Allocation Failure) 2020-10-29T14:17:09.912+0000: [ParNew: 38183K->58K(42752K), 0.0039750 secs] 265488K->227362K(920960K), 0.0040480 secs] [Times: user=0.01 sys=0.00, real=0.01 secs] 
2020-10-29T14:17:10.000+0000: [GC (Allocation Failure) 2020-10-29T14:17:10.000+0000: [ParNew: 38074K->39K(42752K), 0.0039454 secs] 265378K->227344K(920960K), 0.0040114 secs] [Times: user=0.00 sys=0.00, real=0.00 secs] 
2020-10-29T14:17:10.122+0000: [GC (Allocation Failure) 2020-10-29T14:17:10.122+0000: [ParNew: 38055K->51K(42752K), 0.0039580 secs] 265360K->227355K(920960K), 0.0040473 secs] [Times: user=0.00 sys=0.00, real=0.00 secs] 
2020-10-29T14:17:10.243+0000: [GC (Allocation Failure) 2020-10-29T14:17:10.243+0000: [ParNew: 38067K->48K(42752K), 0.0039185 secs] 265371K->227353K(920960K), 0.0040046 secs] [Times: user=0.01 sys=0.00, real=0.01 secs] 
2020-10-29T14:17:10.339+0000: [GC (Allocation Failure) 2020-10-29T14:17:10.339+0000: [ParNew: 38064K->48K(42752K), 0.0039215 secs] 265369K->227352K(920960K), 0.0039882 secs] [Times: user=0.01 sys=0.00, real=0.00 secs] 
2020-10-29T14:17:10.422+0000: [GC (Allocation Failure) 2020-10-29T14:17:10.423+0000: [ParNew: 38064K->29K(42752K), 0.0039982 secs] 265368K->227352K(920960K), 0.0040654 secs] [Times: user=0.00 sys=0.00, real=0.00 secs] 
2020-10-29T14:17:10.496+0000: [GC (Allocation Failure) 2020-10-29T14:17:10.496+0000: [ParNew: 38045K->13K(42752K), 0.0039513 secs] 265368K->227348K(920960K), 0.0040361 secs] [Times: user=0.01 sys=0.00, real=0.00 secs] 
2020-10-29T14:17:10.579+0000: [GC (Allocation Failure) 2020-10-29T14:17:10.579+0000: [ParNew: 38029K->4K(42752K), 0.0083371 secs] 265364K->227340K(920960K), 0.0084238 secs] [Times: user=0.01 sys=0.00, real=0.01 secs] 
2020-10-29T14:17:10.665+0000: [GC (Allocation Failure) 2020-10-29T14:17:10.665+0000: [ParNew: 38020K->4K(42752K), 0.0092643 secs] 265356K->227340K(920960K), 0.0093520 secs] [Times: user=0.02 sys=0.00, real=0.01 secs] 
2020-10-29T14:17:10.756+0000: [GC (Allocation Failure) 2020-10-29T14:17:10.756+0000: [ParNew: 38020K->4K(42752K), 0.0039447 secs] 265356K->227340K(920960K), 0.0040211 secs] [Times: user=0.00 sys=0.00, real=0.00 secs] 
2020-10-29T14:17:10.814+0000: [GC (Allocation Failure) 2020-10-29T14:17:10.814+0000: [ParNew: 38020K->4K(42752K), 0.0038342 secs] 265356K->227341K(920960K), 0.0039217 secs] [Times: user=0.00 sys=0.00, real=0.01 secs] 
2020-10-29T14:17:10.921+0000: [GC (Allocation Failure) 2020-10-29T14:17:10.921+0000: [ParNew: 38020K->4K(42752K), 0.0038913 secs] 265357K->227341K(920960K), 0.0039767 secs] [Times: user=0.01 sys=0.00, real=0.00 secs] 
2020-10-29T14:17:10.999+0000: [GC (Allocation Failure) 2020-10-29T14:17:10.999+0000: [ParNew: 38020K->4K(42752K), 0.0037753 secs] 265357K->227341K(920960K), 0.0038402 secs] [Times: user=0.01 sys=0.00, real=0.00 secs] 
2020-10-29T14:17:11.049+0000: [GC (Allocation Failure) 2020-10-29T14:17:11.049+0000: [ParNew: 38020K->4K(42752K), 0.0039858 secs] 265357K->227341K(920960K), 0.0040398 secs] [Times: user=0.01 sys=0.00, real=0.00 secs] 
2020-10-29T14:17:11.099+0000: [GC (Allocation Failure) 2020-10-29T14:17:11.099+0000: [ParNew: 38020K->4K(42752K), 0.0037649 secs] 265357K->227341K(920960K), 0.0038293 secs] [Times: user=0.01 sys=0.00, real=0.00 secs] 
2020-10-29T14:17:11.147+0000: [GC (Allocation Failure) 2020-10-29T14:17:11.147+0000: [ParNew: 38020K->4K(42752K), 0.0038429 secs] 265357K->227341K(920960K), 0.0039083 secs] [Times: user=0.01 sys=0.00, real=0.00 secs] 
2020-10-29T14:17:11.219+0000: [GC (Allocation Failure) 2020-10-29T14:17:11.219+0000: [ParNew: 38020K->3133K(42752K), 0.0046202 secs] 265357K->230470K(920960K), 0.0046885 secs] [Times: user=0.01 sys=0.00, real=0.00 secs] 
2020-10-29T14:17:11.310+0000: [GC (Allocation Failure) 2020-10-29T14:17:11.310+0000: [ParNew: 41149K->4K(42752K), 0.0045755 secs] 268486K->230471K(920960K), 0.0046415 secs] [Times: user=0.01 sys=0.00, real=0.01 secs] 
2020-10-29T14:17:11.403+0000: [GC (Allocation Failure) 2020-10-29T14:17:11.403+0000: [ParNew: 38020K->4K(42752K), 0.0037666 secs] 268487K->230471K(920960K), 0.0038486 secs] [Times: user=0.01 sys=0.00, real=0.01 secs] 
2020-10-29T14:17:11.490+0000: [GC (Allocation Failure) 2020-10-29T14:17:11.490+0000: [ParNew: 38020K->4K(42752K), 0.0037861 secs] 268487K->230471K(920960K), 0.0038554 secs] [Times: user=0.00 sys=0.00, real=0.00 secs] 
2020-10-29T14:17:11.594+0000: [GC (Allocation Failure) 2020-10-29T14:17:11.594+0000: [ParNew: 38020K->4K(42752K), 0.0046135 secs] 268487K->230471K(920960K), 0.0046968 secs] [Times: user=0.00 sys=0.00, real=0.01 secs] 
2020-10-29T14:17:11.660+0000: [GC (Allocation Failure) 2020-10-29T14:17:11.660+0000: [ParNew: 38020K->4K(42752K), 0.0038350 secs] 268487K->230471K(920960K), 0.0038979 secs] [Times: user=0.01 sys=0.00, real=0.00 secs] 
2020-10-29T14:17:11.720+0000: [GC (Allocation Failure) 2020-10-29T14:17:11.720+0000: [ParNew: 38020K->4K(42752K), 0.0038497 secs] 268487K->230471K(920960K), 0.0039172 secs] [Times: user=0.01 sys=0.00, real=0.00 secs] 
2020-10-29T14:17:11.768+0000: [GC (Allocation Failure) 2020-10-29T14:17:11.768+0000: [ParNew: 38020K->4K(42752K), 0.0037847 secs] 268487K->230471K(920960K), 0.0038502 secs] [Times: user=0.00 sys=0.00, real=0.00 secs] 
2020-10-29T14:17:11.819+0000: [GC (Allocation Failure) 2020-10-29T14:17:11.819+0000: [ParNew: 38020K->4K(42752K), 0.0037732 secs] 268487K->230471K(920960K), 0.0038349 secs] [Times: user=0.01 sys=0.00, real=0.00 secs] 
2020-10-29T14:17:11.865+0000: [GC (GCLocker Initiated GC) 2020-10-29T14:17:11.865+0000: [ParNew: 38020K->4K(42752K), 0.0039118 secs] 268488K->230473K(920960K), 0.0039764 secs] [Times: user=0.01 sys=0.00, real=0.01 secs] 
2020-10-29T14:17:11.912+0000: [GC (Allocation Failure) 2020-10-29T14:17:11.912+0000: [ParNew: 38020K->4K(42752K), 0.0037989 secs] 268489K->230473K(920960K), 0.0038653 secs] [Times: user=0.01 sys=0.00, real=0.01 secs] 
2020-10-29T14:17:11.961+0000: [GC (Allocation Failure) 2020-10-29T14:17:11.961+0000: [ParNew: 38020K->4K(42752K), 0.0038257 secs] 268489K->230473K(920960K), 0.0038900 secs] [Times: user=0.01 sys=0.00, real=0.00 secs] 
2020-10-29T14:17:12.010+0000: [GC (GCLocker Initiated GC) 2020-10-29T14:17:12.010+0000: [ParNew: 38020K->4K(42752K), 0.0037696 secs] 268489K->230473K(920960K), 0.0038353 secs] [Times: user=0.01 sys=0.00, real=0.00 secs] 
2020-10-29T14:17:12.059+0000: [GC (Allocation Failure) 2020-10-29T14:17:12.059+0000: [ParNew: 38020K->4K(42752K), 0.0037786 secs] 268489K->230473K(920960K), 0.0038421 secs] [Times: user=0.01 sys=0.00, real=0.00 secs] 
2020-10-29T14:17:12.111+0000: [GC (Allocation Failure) 2020-10-29T14:17:12.111+0000: [ParNew: 38020K->4K(42752K), 0.0037517 secs] 268489K->230473K(920960K), 0.0038169 secs] [Times: user=0.00 sys=0.00, real=0.00 secs] 
2020-10-29T14:17:12.160+0000: [GC (Allocation Failure) 2020-10-29T14:17:12.160+0000: [ParNew: 38020K->4K(42752K), 0.0037823 secs] 268489K->230473K(920960K), 0.0038467 secs] [Times: user=0.01 sys=0.00, real=0.00 secs] 
2020-10-29T14:17:12.209+0000: [GC (Allocation Failure) 2020-10-29T14:17:12.209+0000: [ParNew: 38020K->4K(42752K), 0.0037665 secs] 268489K->230473K(920960K), 0.0038322 secs] [Times: user=0.01 sys=0.00, real=0.00 secs] 
2020-10-29T14:17:12.263+0000: [GC (Allocation Failure) 2020-10-29T14:17:12.263+0000: [ParNew: 38020K->4K(42752K), 0.0038309 secs] 268489K->230473K(920960K), 0.0039097 secs] [Times: user=0.00 sys=0.00, real=0.00 secs] 
2020-10-29T14:17:12.310+0000: [GC (Allocation Failure) 2020-10-29T14:17:12.310+0000: [ParNew: 38020K->4K(42752K), 0.0037885 secs] 268489K->230473K(920960K), 0.0038529 secs] [Times: user=0.01 sys=0.00, real=0.00 secs] 
2020-10-29T14:17:12.360+0000: [GC (Allocation Failure) 2020-10-29T14:17:12.360+0000: [ParNew: 38020K->4K(42752K), 0.0038861 secs] 268489K->230473K(920960K), 0.0039549 secs] [Times: user=0.01 sys=0.00, real=0.00 secs] 
2020-10-29T14:17:12.413+0000: [GC (Allocation Failure) 2020-10-29T14:17:12.413+0000: [ParNew: 38020K->4K(42752K), 0.0038099 secs] 268489K->230473K(920960K), 0.0038757 secs] [Times: user=0.01 sys=0.00, real=0.01 secs] 
2020-10-29T14:17:12.459+0000: [GC (Allocation Failure) 2020-10-29T14:17:12.459+0000: [ParNew: 38020K->4K(42752K), 0.0038321 secs] 268489K->230473K(920960K), 0.0038972 secs] [Times: user=0.01 sys=0.00, real=0.00 secs] 
2020-10-29T14:17:12.510+0000: [GC (Allocation Failure) 2020-10-29T14:17:12.510+0000: [ParNew: 38020K->4K(42752K), 0.0037832 secs] 268489K->230473K(920960K), 0.0038455 secs] [Times: user=0.00 sys=0.00, real=0.00 secs] 
2020-10-29T14:17:12.564+0000: [GC (Allocation Failure) 2020-10-29T14:17:12.564+0000: [ParNew: 38020K->4K(42752K), 0.0038517 secs] 268489K->230473K(920960K), 0.0039198 secs] [Times: user=0.00 sys=0.00, real=0.01 secs] 
2020-10-29T14:17:12.613+0000: [GC (Allocation Failure) 2020-10-29T14:17:12.614+0000: [ParNew: 38020K->4K(42752K), 0.0038411 secs] 268489K->230473K(920960K), 0.0039064 secs] [Times: user=0.01 sys=0.00, real=0.01 secs] 
2020-10-29T14:17:12.663+0000: [GC (Allocation Failure) 2020-10-29T14:17:12.663+0000: [ParNew: 38020K->4K(42752K), 0.0080695 secs] 268489K->230473K(920960K), 0.0081419 secs] [Times: user=0.02 sys=0.00, real=0.01 secs] 
2020-10-29T14:17:12.715+0000: [GC (Allocation Failure) 2020-10-29T14:17:12.715+0000: [ParNew: 38020K->4K(42752K), 0.0038163 secs] 268489K->230473K(920960K), 0.0038813 secs] [Times: user=0.01 sys=0.00, real=0.00 secs] 
2020-10-29T14:17:12.762+0000: [GC (Allocation Failure) 2020-10-29T14:17:12.762+0000: [ParNew: 38020K->4K(42752K), 0.0038007 secs] 268489K->230473K(920960K), 0.0038642 secs] [Times: user=0.01 sys=0.00, real=0.00 secs] 
2020-10-29T14:17:12.808+0000: [GC (Allocation Failure) 2020-10-29T14:17:12.808+0000: [ParNew: 38020K->4K(42752K), 0.0038279 secs] 268489K->230473K(920960K), 0.0038910 secs] [Times: user=0.01 sys=0.00, real=0.00 secs] 
2020-10-29T14:17:12.858+0000: [GC (Allocation Failure) 2020-10-29T14:17:12.858+0000: [ParNew: 38020K->4K(42752K), 0.0037698 secs] 268489K->230473K(920960K), 0.0038334 secs] [Times: user=0.01 sys=0.00, real=0.00 secs] 
2020-10-29T14:17:12.904+0000: [GC (Allocation Failure) 2020-10-29T14:17:12.905+0000: [ParNew: 38020K->4K(42752K), 0.0038728 secs] 268489K->230473K(920960K), 0.0039357 secs] [Times: user=0.01 sys=0.00, real=0.01 secs] 
2020-10-29T14:17:12.955+0000: [GC (Allocation Failure) 2020-10-29T14:17:12.955+0000: [ParNew: 38020K->4K(42752K), 0.0037925 secs] 268489K->230473K(920960K), 0.0038706 secs] [Times: user=0.00 sys=0.00, real=0.00 secs] 
2020-10-29T14:17:13.003+0000: [GC (Allocation Failure) 2020-10-29T14:17:13.003+0000: [ParNew: 38020K->4K(42752K), 0.0037719 secs] 268489K->230473K(920960K), 0.0038375 secs] [Times: user=0.01 sys=0.00, real=0.00 secs] 
2020-10-29T14:17:13.050+0000: [GC (Allocation Failure) 2020-10-29T14:17:13.050+0000: [ParNew: 38020K->4K(42752K), 0.0039196 secs] 268489K->230473K(920960K), 0.0039729 secs] [Times: user=0.00 sys=0.00, real=0.00 secs] 
2020-10-29T14:17:13.100+0000: [GC (Allocation Failure) 2020-10-29T14:17:13.100+0000: [ParNew: 38020K->4K(42752K), 0.0038629 secs] 268489K->230473K(920960K), 0.0039278 secs] [Times: user=0.01 sys=0.00, real=0.00 secs] 
2020-10-29T14:17:13.148+0000: [GC (Allocation Failure) 2020-10-29T14:17:13.148+0000: [ParNew: 38020K->4K(42752K), 0.0038732 secs] 268489K->230473K(920960K), 0.0039353 secs] [Times: user=0.00 sys=0.00, real=0.00 secs] 
2020-10-29T14:17:13.198+0000: [GC (Allocation Failure) 2020-10-29T14:17:13.198+0000: [ParNew: 38020K->4K(42752K), 0.0038252 secs] 268489K->230473K(920960K), 0.0038894 secs] [Times: user=0.01 sys=0.00, real=0.00 secs] 
2020-10-29T14:17:13.247+0000: [GC (Allocation Failure) 2020-10-29T14:17:13.247+0000: [ParNew: 38020K->4K(42752K), 0.0037748 secs] 268489K->230473K(920960K), 0.0038506 secs] [Times: user=0.00 sys=0.01, real=0.00 secs] 
2020-10-29T14:17:13.293+0000: [GC (Allocation Failure) 2020-10-29T14:17:13.293+0000: [ParNew: 38020K->4K(42752K), 0.0038625 secs] 268489K->230473K(920960K), 0.0039274 secs] [Times: user=0.01 sys=0.00, real=0.01 secs] 
2020-10-29T14:17:13.343+0000: [GC (Allocation Failure) 2020-10-29T14:17:13.343+0000: [ParNew: 38020K->4K(42752K), 0.0038052 secs] 268489K->230473K(920960K), 0.0038717 secs] [Times: user=0.01 sys=0.00, real=0.01 secs] 
2020-10-29T14:17:13.393+0000: [GC (Allocation Failure) 2020-10-29T14:17:13.393+0000: [ParNew: 38020K->4K(42752K), 0.0040051 secs] 268489K->230473K(920960K), 0.0040697 secs] [Times: user=0.01 sys=0.00, real=0.01 secs] 
2020-10-29T14:17:13.443+0000: [GC (Allocation Failure) 2020-10-29T14:17:13.443+0000: [ParNew: 38020K->4K(42752K), 0.0038190 secs] 268489K->230473K(920960K), 0.0038827 secs] [Times: user=0.00 sys=0.00, real=0.01 secs] 
2020-10-29T14:17:13.491+0000: [GC (Allocation Failure) 2020-10-29T14:17:13.491+0000: [ParNew: 38020K->4K(42752K), 0.0038322 secs] 268489K->230473K(920960K), 0.0038978 secs] [Times: user=0.01 sys=0.00, real=0.01 secs] 
2020-10-29T14:17:13.539+0000: [GC (Allocation Failure) 2020-10-29T14:17:13.539+0000: [ParNew: 38020K->4K(42752K), 0.0038323 secs] 268489K->230473K(920960K), 0.0038963 secs] [Times: user=0.01 sys=0.00, real=0.00 secs] 
2020-10-29T14:17:13.669+0000: [GC (Allocation Failure) 2020-10-29T14:17:13.669+0000: [ParNew: 38020K->19K(42752K), 0.0039971 secs] 268489K->230489K(920960K), 0.0040649 secs] [Times: user=0.01 sys=0.00, real=0.00 secs] 
2020-10-29T14:17:13.719+0000: [GC (Allocation Failure) 2020-10-29T14:17:13.719+0000: [ParNew: 38035K->10K(42752K), 0.0040498 secs] 268505K->230480K(920960K), 0.0041194 secs] [Times: user=0.01 sys=0.00, real=0.00 secs] 
2020-10-29T14:17:13.768+0000: [GC (Allocation Failure) 2020-10-29T14:17:13.768+0000: [ParNew: 38026K->13K(42752K), 0.0038772 secs] 268496K->230482K(920960K), 0.0039407 secs] [Times: user=0.01 sys=0.00, real=0.00 secs] 
2020-10-29T14:17:13.817+0000: [GC (Allocation Failure) 2020-10-29T14:17:13.817+0000: [ParNew: 38029K->13K(42752K), 0.0039736 secs] 268498K->230483K(920960K), 0.0040379 secs] [Times: user=0.01 sys=0.00, real=0.00 secs] 
2020-10-29T14:17:13.866+0000: [GC (Allocation Failure) 2020-10-29T14:17:13.866+0000: [ParNew: 38029K->13K(42752K), 0.0038991 secs] 268499K->230483K(920960K), 0.0039617 secs] [Times: user=0.01 sys=0.00, real=0.01 secs] 
2020-10-29T14:17:13.916+0000: [GC (Allocation Failure) 2020-10-29T14:17:13.916+0000: [ParNew: 38029K->13K(42752K), 0.0039316 secs] 268499K->230483K(920960K), 0.0039978 secs] [Times: user=0.01 sys=0.00, real=0.00 secs] 
2020-10-29T14:17:13.970+0000: [GC (Allocation Failure) 2020-10-29T14:17:13.970+0000: [ParNew: 38029K->8K(42752K), 0.0039702 secs] 268499K->230487K(920960K), 0.0040380 secs] [Times: user=0.01 sys=0.00, real=0.00 secs] 
2020-10-29T14:17:14.022+0000: [GC (Allocation Failure) 2020-10-29T14:17:14.022+0000: [ParNew: 38024K->4K(42752K), 0.0038485 secs] 268503K->230482K(920960K), 0.0039137 secs] [Times: user=0.01 sys=0.00, real=0.00 secs] 
2020-10-29T14:17:14.077+0000: [GC (Allocation Failure) 2020-10-29T14:17:14.077+0000: [ParNew: 38020K->4K(42752K), 0.0038064 secs] 268498K->230482K(920960K), 0.0038707 secs] [Times: user=0.01 sys=0.00, real=0.00 secs] 
2020-10-29T14:17:14.134+0000: [GC (Allocation Failure) 2020-10-29T14:17:14.134+0000: [ParNew: 38020K->4K(42752K), 0.0038132 secs] 268498K->230482K(920960K), 0.0038797 secs] [Times: user=0.01 sys=0.00, real=0.01 secs] 
2020-10-29T14:17:14.193+0000: [GC (Allocation Failure) 2020-10-29T14:17:14.193+0000: [ParNew: 38020K->4K(42752K), 0.0038560 secs] 268498K->230482K(920960K), 0.0039224 secs] [Times: user=0.01 sys=0.00, real=0.01 secs] 
2020-10-29T14:17:14.251+0000: [GC (Allocation Failure) 2020-10-29T14:17:14.251+0000: [ParNew: 38020K->4K(42752K), 0.0037679 secs] 268498K->230482K(920960K), 0.0038328 secs] [Times: user=0.01 sys=0.00, real=0.01 secs] 
2020-10-29T14:17:14.310+0000: [GC (Allocation Failure) 2020-10-29T14:17:14.310+0000: [ParNew: 38020K->4K(42752K), 0.0037838 secs] 268498K->230482K(920960K), 0.0038497 secs] [Times: user=0.01 sys=0.00, real=0.00 secs] 
2020-10-29T14:17:14.369+0000: [GC (Allocation Failure) 2020-10-29T14:17:14.369+0000: [ParNew: 38020K->4K(42752K), 0.0037765 secs] 268498K->230482K(920960K), 0.0038434 secs] [Times: user=0.00 sys=0.00, real=0.00 secs] 
2020-10-29T14:17:14.538+0000: [GC (Allocation Failure) 2020-10-29T14:17:14.538+0000: [ParNew: 38020K->91K(42752K), 0.0039674 secs] 268498K->230570K(920960K), 0.0040296 secs] [Times: user=0.00 sys=0.00, real=0.00 secs] 
2020-10-29T14:17:15.715+0000: [GC (Allocation Failure) 2020-10-29T14:17:15.715+0000: [ParNew: 29127K->1906K(42752K), 0.0069752 secs] 259605K->232384K(920960K), 0.0070522 secs] [Times: user=0.01 sys=0.00, real=0.00 secs] 
2020-10-29T14:17:15.962+0000: [GC (Allocation Failure) 2020-10-29T14:17:15.962+0000: [ParNew: 39922K->2905K(42752K), 0.0116292 secs] 270400K->249768K(920960K), 0.0117200 secs] [Times: user=0.02 sys=0.00, real=0.01 secs] 
2020-10-29T14:17:16.064+0000: [GC (Allocation Failure) 2020-10-29T14:17:16.064+0000: [ParNew: 40921K->3245K(42752K), 0.0072887 secs] 287784K->250840K(920960K), 0.0073609 secs] [Times: user=0.02 sys=0.00, real=0.01 secs] 
2020-10-29T14:17:16.146+0000: [GC (Allocation Failure) 2020-10-29T14:17:16.146+0000: [ParNew: 41261K->2064K(42752K), 0.0053601 secs] 288856K->249659K(920960K), 0.0054280 secs] [Times: user=0.01 sys=0.00, real=0.01 secs] 
2020-10-29T14:17:16.215+0000: [GC (Allocation Failure) 2020-10-29T14:17:16.215+0000: [ParNew: 40080K->3135K(42752K), 0.0053371 secs] 287675K->250729K(920960K), 0.0054083 secs] [Times: user=0.01 sys=0.00, real=0.00 secs] 
2020-10-29T14:17:16.275+0000: [GC (Allocation Failure) 2020-10-29T14:17:16.275+0000: [ParNew: 41151K->2440K(42752K), 0.0070079 secs] 288745K->251374K(920960K), 0.0070765 secs] [Times: user=0.02 sys=0.00, real=0.00 secs] 
2020-10-29T14:17:16.342+0000: [GC (Allocation Failure) 2020-10-29T14:17:16.342+0000: [ParNew: 40456K->3047K(42752K), 0.0043400 secs] 289390K->251981K(920960K), 0.0044104 secs] [Times: user=0.01 sys=0.00, real=0.00 secs] 
2020-10-29T14:17:16.391+0000: [GC (Allocation Failure) 2020-10-29T14:17:16.391+0000: [ParNew: 41063K->1149K(42752K), 0.0043679 secs] 289997K->251126K(920960K), 0.0044348 secs] [Times: user=0.01 sys=0.00, real=0.01 secs] 
2020-10-29T14:17:16.438+0000: [GC (Allocation Failure) 2020-10-29T14:17:16.438+0000: [ParNew: 39165K->3103K(42752K), 0.0046470 secs] 289142K->253081K(920960K), 0.0047156 secs] [Times: user=0.00 sys=0.01, real=0.00 secs] 
2020-10-29T14:17:16.488+0000: [GC (Allocation Failure) 2020-10-29T14:17:16.488+0000: [ParNew: 41119K->2056K(42752K), 0.0046331 secs] 291097K->253057K(920960K), 0.0047015 secs] [Times: user=0.01 sys=0.00, real=0.00 secs] 
2020-10-29T14:17:16.551+0000: [GC (Allocation Failure) 2020-10-29T14:17:16.551+0000: [ParNew: 40072K->2052K(42752K), 0.0044629 secs] 291073K->253053K(920960K), 0.0045270 secs] [Times: user=0.01 sys=0.00, real=0.01 secs] 
2020-10-29T14:17:16.614+0000: [GC (Allocation Failure) 2020-10-29T14:17:16.614+0000: [ParNew: 40068K->4100K(42752K), 0.0048325 secs] 291069K->255101K(920960K), 0.0049237 secs] [Times: user=0.01 sys=0.00, real=0.01 secs] 
2020-10-29T14:17:16.679+0000: [GC (Allocation Failure) 2020-10-29T14:17:16.679+0000: [ParNew: 42116K->2052K(42752K), 0.0093719 secs] 293117K->255101K(920960K), 0.0094558 secs] [Times: user=0.02 sys=0.00, real=0.01 secs] 
2020-10-29T14:17:16.774+0000: [GC (Allocation Failure) 2020-10-29T14:17:16.775+0000: [ParNew: 40068K->2052K(42752K), 0.0044316 secs] 293117K->255101K(920960K), 0.0044997 secs] [Times: user=0.01 sys=0.00, real=0.01 secs] 
2020-10-29T14:17:16.842+0000: [GC (Allocation Failure) 2020-10-29T14:17:16.842+0000: [ParNew: 40068K->2052K(42752K), 0.0042885 secs] 293117K->255101K(920960K), 0.0043573 secs] [Times: user=0.01 sys=0.00, real=0.00 secs] 
2020-10-29T14:17:16.905+0000: [GC (Allocation Failure) 2020-10-29T14:17:16.905+0000: [ParNew: 40068K->2052K(42752K), 0.0056992 secs] 293117K->255101K(920960K), 0.0057906 secs] [Times: user=0.01 sys=0.00, real=0.01 secs] 
2020-10-29T14:17:16.971+0000: [GC (Allocation Failure) 2020-10-29T14:17:16.971+0000: [ParNew: 40068K->2054K(42752K), 0.0142394 secs] 293117K->255103K(920960K), 0.0143318 secs] [Times: user=0.03 sys=0.00, real=0.01 secs] 
2020-10-29T14:17:17.047+0000: [GC (Allocation Failure) 2020-10-29T14:17:17.047+0000: [ParNew: 40070K->4K(42752K), 0.0096667 secs] 293119K->255101K(920960K), 0.0097620 secs] [Times: user=0.02 sys=0.00, real=0.01 secs] 
2020-10-29T14:17:17.112+0000: [GC (Allocation Failure) 2020-10-29T14:17:17.112+0000: [ParNew: 38020K->4100K(42752K), 0.0111710 secs] 293117K->259197K(920960K), 0.0112660 secs] [Times: user=0.03 sys=0.00, real=0.01 secs] 
2020-10-29T14:17:17.180+0000: [GC (Allocation Failure) 2020-10-29T14:17:17.180+0000: [ParNew: 42116K->4K(42752K), 0.0110134 secs] 297213K->259198K(920960K), 0.0111086 secs] [Times: user=0.02 sys=0.00, real=0.01 secs] 
2020-10-29T14:17:17.268+0000: [GC (Allocation Failure) 2020-10-29T14:17:17.268+0000: [ParNew: 38020K->4K(42752K), 0.0038181 secs] 297214K->259198K(920960K), 0.0038844 secs] [Times: user=0.01 sys=0.00, real=0.00 secs] 
2020-10-29T14:17:17.323+0000: [GC (Allocation Failure) 2020-10-29T14:17:17.323+0000: [ParNew: 38020K->4K(42752K), 0.0039032 secs] 297214K->259198K(920960K), 0.0039708 secs] [Times: user=0.01 sys=0.00, real=0.01 secs] 
2020-10-29T14:17:17.371+0000: [GC (Allocation Failure) 2020-10-29T14:17:17.371+0000: [ParNew: 38020K->4K(42752K), 0.0038005 secs] 297214K->259198K(920960K), 0.0038816 secs] [Times: user=0.00 sys=0.00, real=0.01 secs] 
2020-10-29T14:17:17.413+0000: [GC (Allocation Failure) 2020-10-29T14:17:17.413+0000: [ParNew: 38020K->4K(42752K), 0.0039221 secs] 297214K->259198K(920960K), 0.0039970 secs] [Times: user=0.01 sys=0.00, real=0.01 secs] 
2020-10-29T14:17:17.459+0000: [GC (Allocation Failure) 2020-10-29T14:17:17.459+0000: [ParNew: 38020K->4K(42752K), 0.0038646 secs] 297214K->259198K(920960K), 0.0039317 secs] [Times: user=0.01 sys=0.00, real=0.00 secs] 
2020-10-29T14:17:17.501+0000: [GC (Allocation Failure) 2020-10-29T14:17:17.501+0000: [ParNew: 38020K->4K(42752K), 0.0038947 secs] 297214K->259198K(920960K), 0.0039614 secs] [Times: user=0.01 sys=0.00, real=0.00 secs] 
2020-10-29T14:17:17.547+0000: [GC (Allocation Failure) 2020-10-29T14:17:17.547+0000: [ParNew: 38020K->4K(42752K), 0.0039353 secs] 297214K->259198K(920960K), 0.0040069 secs] [Times: user=0.01 sys=0.00, real=0.00 secs] 
2020-10-29T14:17:17.591+0000: [GC (Allocation Failure) 2020-10-29T14:17:17.591+0000: [ParNew: 38020K->4K(42752K), 0.0038579 secs] 297214K->259198K(920960K), 0.0039263 secs] [Times: user=0.01 sys=0.00, real=0.01 secs] 
2020-10-29T14:17:17.633+0000: [GC (Allocation Failure) 2020-10-29T14:17:17.633+0000: [ParNew: 38020K->4K(42752K), 0.0039479 secs] 297214K->259198K(920960K), 0.0040236 secs] [Times: user=0.01 sys=0.00, real=0.01 secs] 
2020-10-29T14:17:17.675+0000: [GC (Allocation Failure) 2020-10-29T14:17:17.676+0000: [ParNew: 38020K->4K(42752K), 0.0039116 secs] 297214K->259198K(920960K), 0.0039777 secs] [Times: user=0.01 sys=0.00, real=0.00 secs] 
2020-10-29T14:17:17.719+0000: [GC (Allocation Failure) 2020-10-29T14:17:17.719+0000: [ParNew: 38020K->4K(42752K), 0.0039277 secs] 297214K->259198K(920960K), 0.0039956 secs] [Times: user=0.01 sys=0.00, real=0.00 secs] 
2020-10-29T14:17:17.763+0000: [GC (Allocation Failure) 2020-10-29T14:17:17.763+0000: [ParNew: 38020K->4K(42752K), 0.0038969 secs] 297214K->259198K(920960K), 0.0039636 secs] [Times: user=0.01 sys=0.00, real=0.01 secs] 
2020-10-29T14:17:17.807+0000: [GC (Allocation Failure) 2020-10-29T14:17:17.807+0000: [ParNew: 38020K->4K(42752K), 0.0038532 secs] 297214K->259198K(920960K), 0.0039217 secs] [Times: user=0.01 sys=0.00, real=0.00 secs] 
2020-10-29T14:17:17.849+0000: [GC (Allocation Failure) 2020-10-29T14:17:17.849+0000: [ParNew: 38020K->4K(42752K), 0.0039471 secs] 297214K->259198K(920960K), 0.0040146 secs] [Times: user=0.01 sys=0.00, real=0.00 secs] 
2020-10-29T14:17:17.892+0000: [GC (Allocation Failure) 2020-10-29T14:17:17.892+0000: [ParNew: 38020K->4K(42752K), 0.0038675 secs] 297214K->259198K(920960K), 0.0039343 secs] [Times: user=0.01 sys=0.00, real=0.01 secs] 
2020-10-29T14:17:17.935+0000: [GC (Allocation Failure) 2020-10-29T14:17:17.935+0000: [ParNew: 38020K->4K(42752K), 0.0038848 secs] 297214K->259198K(920960K), 0.0039510 secs] [Times: user=0.01 sys=0.00, real=0.00 secs] 
2020-10-29T14:17:17.977+0000: [GC (Allocation Failure) 2020-10-29T14:17:17.977+0000: [ParNew: 38020K->4K(42752K), 0.0039630 secs] 297214K->259198K(920960K), 0.0040368 secs] [Times: user=0.01 sys=0.00, real=0.00 secs] 
2020-10-29T14:17:18.020+0000: [GC (Allocation Failure) 2020-10-29T14:17:18.020+0000: [ParNew: 38020K->4K(42752K), 0.0038438 secs] 297214K->259198K(920960K), 0.0039096 secs] [Times: user=0.01 sys=0.00, real=0.00 secs] 
2020-10-29T14:17:18.063+0000: [GC (Allocation Failure) 2020-10-29T14:17:18.063+0000: [ParNew: 38020K->4K(42752K), 0.0038569 secs] 297214K->259198K(920960K), 0.0039264 secs] [Times: user=0.01 sys=0.00, real=0.01 secs] 
2020-10-29T14:17:18.107+0000: [GC (Allocation Failure) 2020-10-29T14:17:18.107+0000: [ParNew: 38020K->6K(42752K), 0.0038916 secs] 297214K->259200K(920960K), 0.0039603 secs] [Times: user=0.01 sys=0.00, real=0.00 secs] 
2020-10-29T14:17:18.149+0000: [GC (Allocation Failure) 2020-10-29T14:17:18.149+0000: [ParNew: 38022K->4K(42752K), 0.0038877 secs] 297216K->259199K(920960K), 0.0039561 secs] [Times: user=0.01 sys=0.00, real=0.00 secs] 
2020-10-29T14:17:18.195+0000: [GC (Allocation Failure) 2020-10-29T14:17:18.195+0000: [ParNew: 38020K->4K(42752K), 0.0038971 secs] 297215K->259199K(920960K), 0.0039650 secs] [Times: user=0.00 sys=0.00, real=0.00 secs] 
2020-10-29T14:17:18.239+0000: [GC (Allocation Failure) 2020-10-29T14:17:18.239+0000: [ParNew: 38020K->4K(42752K), 0.0038479 secs] 297215K->259199K(920960K), 0.0039164 secs] [Times: user=0.00 sys=0.00, real=0.00 secs] 
2020-10-29T14:17:18.281+0000: [GC (Allocation Failure) 2020-10-29T14:17:18.281+0000: [ParNew: 38020K->4K(42752K), 0.0039318 secs] 297215K->259199K(920960K), 0.0039982 secs] [Times: user=0.01 sys=0.00, real=0.00 secs] 
2020-10-29T14:17:18.327+0000: [GC (Allocation Failure) 2020-10-29T14:17:18.327+0000: [ParNew: 38020K->4K(42752K), 0.0038311 secs] 297215K->259199K(920960K), 0.0038982 secs] [Times: user=0.01 sys=0.00, real=0.00 secs] 
2020-10-29T14:17:18.369+0000: [GC (Allocation Failure) 2020-10-29T14:17:18.369+0000: [ParNew: 38020K->4K(42752K), 0.0038376 secs] 297215K->259199K(920960K), 0.0039056 secs] [Times: user=0.01 sys=0.00, real=0.00 secs] 
2020-10-29T14:17:18.412+0000: [GC (Allocation Failure) 2020-10-29T14:17:18.412+0000: [ParNew: 38020K->4K(42752K), 0.0038342 secs] 297215K->259199K(920960K), 0.0039006 secs] [Times: user=0.01 sys=0.00, real=0.01 secs] 
2020-10-29T14:17:18.454+0000: [GC (Allocation Failure) 2020-10-29T14:17:18.455+0000: [ParNew: 38020K->4K(42752K), 0.0038366 secs] 297215K->259199K(920960K), 0.0039068 secs] [Times: user=0.00 sys=0.00, real=0.01 secs] 
2020-10-29T14:17:18.496+0000: [GC (Allocation Failure) 2020-10-29T14:17:18.496+0000: [ParNew: 38020K->4K(42752K), 0.0039482 secs] 297215K->259199K(920960K), 0.0040153 secs] [Times: user=0.00 sys=0.00, real=0.00 secs] 
2020-10-29T14:17:18.543+0000: [GC (Allocation Failure) 2020-10-29T14:17:18.543+0000: [ParNew: 38020K->4K(42752K), 0.0038950 secs] 297215K->259199K(920960K), 0.0039608 secs] [Times: user=0.01 sys=0.00, real=0.01 secs] 
2020-10-29T14:17:18.587+0000: [GC (Allocation Failure) 2020-10-29T14:17:18.587+0000: [ParNew: 38020K->4K(42752K), 0.0038444 secs] 297215K->259199K(920960K), 0.0039131 secs] [Times: user=0.00 sys=0.01, real=0.00 secs] 
2020-10-29T14:17:18.631+0000: [GC (Allocation Failure) 2020-10-29T14:17:18.631+0000: [ParNew: 38020K->4K(42752K), 0.0038569 secs] 297215K->259199K(920960K), 0.0039242 secs] [Times: user=0.01 sys=0.00, real=0.01 secs] 
2020-10-29T14:17:18.673+0000: [GC (Allocation Failure) 2020-10-29T14:17:18.673+0000: [ParNew: 38020K->4K(42752K), 0.0038827 secs] 297215K->259199K(920960K), 0.0039553 secs] [Times: user=0.01 sys=0.00, real=0.01 secs] 
2020-10-29T14:17:18.720+0000: [GC (Allocation Failure) 2020-10-29T14:17:18.720+0000: [ParNew: 38020K->4K(42752K), 0.0038887 secs] 297215K->259199K(920960K), 0.0039584 secs] [Times: user=0.00 sys=0.00, real=0.00 secs] 
2020-10-29T14:17:18.763+0000: [GC (Allocation Failure) 2020-10-29T14:17:18.763+0000: [ParNew: 38020K->4K(42752K), 0.0038285 secs] 297215K->259199K(920960K), 0.0038945 secs] [Times: user=0.00 sys=0.00, real=0.01 secs] 
2020-10-29T14:17:18.807+0000: [GC (Allocation Failure) 2020-10-29T14:17:18.807+0000: [ParNew: 38020K->4K(42752K), 0.0038902 secs] 297215K->259199K(920960K), 0.0039588 secs] [Times: user=0.01 sys=0.00, real=0.00 secs] 
2020-10-29T14:17:18.849+0000: [GC (Allocation Failure) 2020-10-29T14:17:18.849+0000: [ParNew: 38020K->4K(42752K), 0.0039496 secs] 297215K->259199K(920960K), 0.0040185 secs] [Times: user=0.01 sys=0.00, real=0.00 secs] 
2020-10-29T14:17:18.895+0000: [GC (Allocation Failure) 2020-10-29T14:17:18.895+0000: [ParNew: 38009K->4K(42752K), 0.0038685 secs] 297204K->259199K(920960K), 0.0039364 secs] [Times: user=0.00 sys=0.00, real=0.00 secs] 
2020-10-29T14:17:18.939+0000: [GC (Allocation Failure) 2020-10-29T14:17:18.939+0000: [ParNew: 38020K->4K(42752K), 0.0038484 secs] 297215K->259199K(920960K), 0.0039145 secs] [Times: user=0.01 sys=0.00, real=0.00 secs] 
2020-10-29T14:17:18.981+0000: [GC (Allocation Failure) 2020-10-29T14:17:18.981+0000: [ParNew: 38020K->4K(42752K), 0.0038444 secs] 297215K->259199K(920960K), 0.0039130 secs] [Times: user=0.01 sys=0.00, real=0.00 secs] 
2020-10-29T14:17:19.023+0000: [GC (Allocation Failure) 2020-10-29T14:17:19.023+0000: [ParNew: 38020K->4K(42752K), 0.0038405 secs] 297215K->259199K(920960K), 0.0039095 secs] [Times: user=0.01 sys=0.00, real=0.01 secs] 
2020-10-29T14:17:19.067+0000: [GC (Allocation Failure) 2020-10-29T14:17:19.067+0000: [ParNew: 38020K->4K(42752K), 0.0039268 secs] 297215K->259199K(920960K), 0.0039940 secs] [Times: user=0.01 sys=0.00, real=0.00 secs] 
2020-10-29T14:17:19.112+0000: [GC (Allocation Failure) 2020-10-29T14:17:19.112+0000: [ParNew: 38020K->4K(42752K), 0.0039135 secs] 297215K->259199K(920960K), 0.0039971 secs] [Times: user=0.01 sys=0.00, real=0.01 secs] 
2020-10-29T14:17:19.158+0000: [GC (Allocation Failure) 2020-10-29T14:17:19.158+0000: [ParNew: 38020K->4K(42752K), 0.0039196 secs] 297215K->259199K(920960K), 0.0039908 secs] [Times: user=0.01 sys=0.00, real=0.00 secs] 
2020-10-29T14:17:19.203+0000: [GC (Allocation Failure) 2020-10-29T14:17:19.203+0000: [ParNew: 38020K->4K(42752K), 0.0038769 secs] 297215K->259199K(920960K), 0.0039445 secs] [Times: user=0.00 sys=0.00, real=0.01 secs] 
2020-10-29T14:17:19.245+0000: [GC (Allocation Failure) 2020-10-29T14:17:19.245+0000: [ParNew: 38020K->4K(42752K), 0.0038515 secs] 297215K->259199K(920960K), 0.0039199 secs] [Times: user=0.00 sys=0.00, real=0.01 secs] 
2020-10-29T14:17:19.287+0000: [GC (Allocation Failure) 2020-10-29T14:17:19.287+0000: [ParNew: 38020K->4K(42752K), 0.0039110 secs] 297215K->259199K(920960K), 0.0039871 secs] [Times: user=0.01 sys=0.00, real=0.00 secs] 
2020-10-29T14:17:19.317+0000: [GC (Allocation Failure) 2020-10-29T14:17:19.317+0000: [ParNew: 38020K->4K(42752K), 0.0076741 secs] 297215K->275583K(920960K), 0.0077463 secs] [Times: user=0.01 sys=0.00, real=0.00 secs] 
2020-10-29T14:17:19.366+0000: [GC (Allocation Failure) 2020-10-29T14:17:19.366+0000: [ParNew: 38020K->4K(42752K), 0.0038745 secs] 313599K->275583K(920960K), 0.0039406 secs] [Times: user=0.01 sys=0.00, real=0.01 secs] 
2020-10-29T14:17:19.411+0000: [GC (Allocation Failure) 2020-10-29T14:17:19.411+0000: [ParNew: 38020K->4K(42752K), 0.0038616 secs] 313599K->275583K(920960K), 0.0039295 secs] [Times: user=0.01 sys=0.00, real=0.01 secs] 
2020-10-29T14:17:19.455+0000: [GC (Allocation Failure) 2020-10-29T14:17:19.455+0000: [ParNew: 38020K->4K(42752K), 0.0039399 secs] 313599K->275583K(920960K), 0.0040103 secs] [Times: user=0.01 sys=0.00, real=0.00 secs] 
2020-10-29T14:17:19.497+0000: [GC (Allocation Failure) 2020-10-29T14:17:19.497+0000: [ParNew: 38020K->4K(42752K), 0.0038944 secs] 313599K->275583K(920960K), 0.0039642 secs] [Times: user=0.01 sys=0.00, real=0.00 secs] 
2020-10-29T14:17:19.539+0000: [GC (Allocation Failure) 2020-10-29T14:17:19.539+0000: [ParNew: 38020K->4K(42752K), 0.0038831 secs] 313599K->275583K(920960K), 0.0039505 secs] [Times: user=0.00 sys=0.00, real=0.00 secs] 
2020-10-29T14:17:19.581+0000: [GC (Allocation Failure) 2020-10-29T14:17:19.581+0000: [ParNew: 38020K->4K(42752K), 0.0038589 secs] 313599K->275583K(920960K), 0.0039279 secs] [Times: user=0.01 sys=0.00, real=0.00 secs] 
2020-10-29T14:17:19.627+0000: [GC (Allocation Failure) 2020-10-29T14:17:19.627+0000: [ParNew: 38020K->4K(42752K), 0.0038735 secs] 313599K->275583K(920960K), 0.0039408 secs] [Times: user=0.01 sys=0.00, real=0.00 secs] 
2020-10-29T14:17:19.669+0000: [GC (Allocation Failure) 2020-10-29T14:17:19.670+0000: [ParNew: 38020K->4K(42752K), 0.0039298 secs] 313599K->275583K(920960K), 0.0039974 secs] [Times: user=0.01 sys=0.00, real=0.00 secs] 
2020-10-29T14:17:19.712+0000: [GC (Allocation Failure) 2020-10-29T14:17:19.712+0000: [ParNew: 38020K->4K(42752K), 0.0038747 secs] 313599K->275583K(920960K), 0.0039439 secs] [Times: user=0.01 sys=0.00, real=0.01 secs] 
2020-10-29T14:17:19.755+0000: [GC (Allocation Failure) 2020-10-29T14:17:19.755+0000: [ParNew: 38020K->4K(42752K), 0.0038454 secs] 313599K->275583K(920960K), 0.0039126 secs] [Times: user=0.01 sys=0.00, real=0.01 secs] 
2020-10-29T14:17:19.797+0000: [GC (Allocation Failure) 2020-10-29T14:17:19.797+0000: [ParNew: 38020K->4K(42752K), 0.0039158 secs] 313599K->275583K(920960K), 0.0039843 secs] [Times: user=0.01 sys=0.00, real=0.00 secs] 
2020-10-29T14:17:19.843+0000: [GC (Allocation Failure) 2020-10-29T14:17:19.843+0000: [ParNew: 38020K->4K(42752K), 0.0038356 secs] 313599K->275583K(920960K), 0.0038988 secs] [Times: user=0.01 sys=0.00, real=0.01 secs] 
2020-10-29T14:17:19.887+0000: [GC (Allocation Failure) 2020-10-29T14:17:19.887+0000: [ParNew: 38020K->4K(42752K), 0.0038384 secs] 313599K->275583K(920960K), 0.0039066 secs] [Times: user=0.01 sys=0.00, real=0.00 secs] 
2020-10-29T14:17:19.931+0000: [GC (Allocation Failure) 2020-10-29T14:17:19.931+0000: [ParNew: 38020K->4K(42752K), 0.0038425 secs] 313599K->275583K(920960K), 0.0039111 secs] [Times: user=0.01 sys=0.00, real=0.01 secs] 
2020-10-29T14:17:19.975+0000: [GC (Allocation Failure) 2020-10-29T14:17:19.975+0000: [ParNew: 38020K->4K(42752K), 0.0038288 secs] 313599K->275583K(920960K), 0.0038954 secs] [Times: user=0.00 sys=0.00, real=0.00 secs] 
2020-10-29T14:17:20.017+0000: [GC (Allocation Failure) 2020-10-29T14:17:20.017+0000: [ParNew: 38020K->4K(42752K), 0.0039024 secs] 313599K->275583K(920960K), 0.0039746 secs] [Times: user=0.01 sys=0.00, real=0.00 secs] 
2020-10-29T14:17:20.063+0000: [GC (Allocation Failure) 2020-10-29T14:17:20.063+0000: [ParNew: 38020K->4K(42752K), 0.0039484 secs] 313599K->275583K(920960K), 0.0040270 secs] [Times: user=0.00 sys=0.00, real=0.01 secs] 
2020-10-29T14:17:20.106+0000: [GC (Allocation Failure) 2020-10-29T14:17:20.106+0000: [ParNew: 38020K->4K(42752K), 0.0039516 secs] 313599K->275583K(920960K), 0.0040208 secs] [Times: user=0.01 sys=0.00, real=0.01 secs] 
2020-10-29T14:17:20.148+0000: [GC (Allocation Failure) 2020-10-29T14:17:20.148+0000: [ParNew: 38020K->4K(42752K), 0.0038790 secs] 313599K->275583K(920960K), 0.0039488 secs] [Times: user=0.01 sys=0.00, real=0.00 secs] 
2020-10-29T14:17:20.193+0000: [GC (Allocation Failure) 2020-10-29T14:17:20.193+0000: [ParNew: 38020K->4K(42752K), 0.0038650 secs] 313599K->275583K(920960K), 0.0039313 secs] [Times: user=0.00 sys=0.00, real=0.01 secs] 
2020-10-29T14:17:20.230+0000: [GC (Allocation Failure) 2020-10-29T14:17:20.230+0000: [ParNew: 32966K->4K(42752K), 0.0038530 secs] 308545K->275583K(920960K), 0.0039215 secs] [Times: user=0.01 sys=0.00, real=0.00 secs] 
2020-10-29T14:17:20.267+0000: [GC (Allocation Failure) 2020-10-29T14:17:20.267+0000: [ParNew: 38020K->4K(42752K), 0.0056811 secs] 313599K->283775K(920960K), 0.0057506 secs] [Times: user=0.01 sys=0.00, real=0.00 secs] 
2020-10-29T14:17:20.311+0000: [GC (Allocation Failure) 2020-10-29T14:17:20.311+0000: [ParNew: 38020K->4K(42752K), 0.0039299 secs] 321791K->283775K(920960K), 0.0040069 secs] [Times: user=0.01 sys=0.00, real=0.01 secs] 
2020-10-29T14:17:20.355+0000: [GC (Allocation Failure) 2020-10-29T14:17:20.355+0000: [ParNew: 38020K->4K(42752K), 0.0038565 secs] 321791K->283776K(920960K), 0.0039242 secs] [Times: user=0.01 sys=0.00, real=0.00 secs] 
2020-10-29T14:17:20.397+0000: [GC (Allocation Failure) 2020-10-29T14:17:20.397+0000: [ParNew: 38020K->4K(42752K), 0.0038667 secs] 321792K->283776K(920960K), 0.0039359 secs] [Times: user=0.01 sys=0.00, real=0.00 secs] 
2020-10-29T14:17:20.443+0000: [GC (Allocation Failure) 2020-10-29T14:17:20.443+0000: [ParNew: 38020K->4K(42752K), 0.0039521 secs] 321792K->283776K(920960K), 0.0040238 secs] [Times: user=0.01 sys=0.00, real=0.01 secs] 
2020-10-29T14:17:20.486+0000: [GC (Allocation Failure) 2020-10-29T14:17:20.486+0000: [ParNew: 38020K->4K(42752K), 0.0039411 secs] 321792K->283776K(920960K), 0.0040115 secs] [Times: user=0.00 sys=0.00, real=0.01 secs] 
2020-10-29T14:17:20.532+0000: [GC (Allocation Failure) 2020-10-29T14:17:20.532+0000: [ParNew: 38020K->4K(42752K), 0.0038873 secs] 321792K->283776K(920960K), 0.0039542 secs] [Times: user=0.01 sys=0.00, real=0.01 secs] 
2020-10-29T14:17:20.571+0000: [GC (Allocation Failure) 2020-10-29T14:17:20.571+0000: [ParNew: 38020K->4K(42752K), 0.0054855 secs] 321792K->291968K(920960K), 0.0055563 secs] [Times: user=0.01 sys=0.00, real=0.01 secs] 
2020-10-29T14:17:20.618+0000: [GC (Allocation Failure) 2020-10-29T14:17:20.618+0000: [ParNew: 38020K->4K(42752K), 0.0038207 secs] 329984K->291968K(920960K), 0.0038865 secs] [Times: user=0.01 sys=0.00, real=0.00 secs] 
2020-10-29T14:17:20.663+0000: [GC (Allocation Failure) 2020-10-29T14:17:20.663+0000: [ParNew: 38020K->4K(42752K), 0.0038755 secs] 329984K->291968K(920960K), 0.0039427 secs] [Times: user=0.01 sys=0.00, real=0.01 secs] 
2020-10-29T14:17:20.707+0000: [GC (Allocation Failure) 2020-10-29T14:17:20.707+0000: [ParNew: 38020K->4K(42752K), 0.0038965 secs] 329984K->291968K(920960K), 0.0039640 secs] [Times: user=0.01 sys=0.00, real=0.00 secs] 
2020-10-29T14:17:20.751+0000: [GC (Allocation Failure) 2020-10-29T14:17:20.751+0000: [ParNew: 38020K->4K(42752K), 0.0038433 secs] 329984K->291968K(920960K), 0.0039100 secs] [Times: user=0.01 sys=0.00, real=0.01 secs] 
2020-10-29T14:17:20.787+0000: [GC (Allocation Failure) 2020-10-29T14:17:20.787+0000: [ParNew: 38020K->4K(42752K), 0.0056364 secs] 329984K->300160K(920960K), 0.0057055 secs] [Times: user=0.02 sys=0.00, real=0.00 secs] 
2020-10-29T14:17:20.831+0000: [GC (Allocation Failure) 2020-10-29T14:17:20.831+0000: [ParNew: 38020K->4K(42752K), 0.0039404 secs] 338176K->300160K(920960K), 0.0040098 secs] [Times: user=0.01 sys=0.00, real=0.01 secs] 
2020-10-29T14:17:20.873+0000: [GC (Allocation Failure) 2020-10-29T14:17:20.873+0000: [ParNew: 38020K->4K(42752K), 0.0039404 secs] 338176K->300160K(920960K), 0.0040204 secs] [Times: user=0.01 sys=0.00, real=0.01 secs] 
2020-10-29T14:17:20.919+0000: [GC (Allocation Failure) 2020-10-29T14:17:20.919+0000: [ParNew: 38020K->4K(42752K), 0.0038716 secs] 338176K->300160K(920960K), 0.0039385 secs] [Times: user=0.00 sys=0.00, real=0.00 secs] 
2020-10-29T14:17:20.961+0000: [GC (Allocation Failure) 2020-10-29T14:17:20.961+0000: [ParNew: 38020K->4K(42752K), 0.0040541 secs] 338176K->300160K(920960K), 0.0041400 secs] [Times: user=0.00 sys=0.00, real=0.00 secs] 
2020-10-29T14:17:21.004+0000: [GC (Allocation Failure) 2020-10-29T14:17:21.004+0000: [ParNew: 38020K->4K(42752K), 0.0038615 secs] 338176K->300160K(920960K), 0.0039274 secs] [Times: user=0.00 sys=0.00, real=0.01 secs] 
2020-10-29T14:17:21.047+0000: [GC (Allocation Failure) 2020-10-29T14:17:21.047+0000: [ParNew: 38020K->4K(42752K), 0.0039266 secs] 338176K->300160K(920960K), 0.0039938 secs] [Times: user=0.00 sys=0.00, real=0.00 secs] 
2020-10-29T14:17:21.091+0000: [GC (Allocation Failure) 2020-10-29T14:17:21.091+0000: [ParNew: 38020K->4K(42752K), 0.0038175 secs] 338176K->300160K(920960K), 0.0038845 secs] [Times: user=0.01 sys=0.00, real=0.01 secs] 
2020-10-29T14:17:21.135+0000: [GC (Allocation Failure) 2020-10-29T14:17:21.135+0000: [ParNew: 38020K->4K(42752K), 0.0038859 secs] 338176K->300160K(920960K), 0.0039546 secs] [Times: user=0.01 sys=0.00, real=0.00 secs] 
2020-10-29T14:17:21.171+0000: [GC (Allocation Failure) 2020-10-29T14:17:21.171+0000: [ParNew: 38020K->4K(42752K), 0.0057322 secs] 338176K->308352K(920960K), 0.0058016 secs] [Times: user=0.01 sys=0.00, real=0.01 secs] 
2020-10-29T14:17:21.219+0000: [GC (Allocation Failure) 2020-10-29T14:17:21.219+0000: [ParNew: 38020K->4K(42752K), 0.0038843 secs] 346368K->308352K(920960K), 0.0039522 secs] [Times: user=0.01 sys=0.00, real=0.00 secs] 
2020-10-29T14:17:21.261+0000: [GC (Allocation Failure) 2020-10-29T14:17:21.261+0000: [ParNew: 38020K->4K(42752K), 0.0038756 secs] 346368K->308352K(920960K), 0.0039433 secs] [Times: user=0.01 sys=0.00, real=0.00 secs] 
2020-10-29T14:17:21.303+0000: [GC (Allocation Failure) 2020-10-29T14:17:21.303+0000: [ParNew: 38020K->4K(42752K), 0.0038374 secs] 346368K->308352K(920960K), 0.0039049 secs] [Times: user=0.01 sys=0.00, real=0.01 secs] 
2020-10-29T14:17:21.339+0000: [GC (Allocation Failure) 2020-10-29T14:17:21.339+0000: [ParNew: 38020K->4K(42752K), 0.0057091 secs] 346368K->316544K(920960K), 0.0057793 secs] [Times: user=0.01 sys=0.00, real=0.00 secs] 
2020-10-29T14:17:21.387+0000: [GC (Allocation Failure) 2020-10-29T14:17:21.387+0000: [ParNew: 38020K->4K(42752K), 0.0038488 secs] 354560K->316544K(920960K), 0.0039155 secs] [Times: user=0.01 sys=0.00, real=0.00 secs] 
2020-10-29T14:17:21.431+0000: [GC (Allocation Failure) 2020-10-29T14:17:21.431+0000: [ParNew: 38020K->4K(42752K), 0.0038486 secs] 354560K->316544K(920960K), 0.0039152 secs] [Times: user=0.00 sys=0.00, real=0.01 secs] 
2020-10-29T14:17:21.475+0000: [GC (Allocation Failure) 2020-10-29T14:17:21.475+0000: [ParNew: 38020K->4K(42752K), 0.0038697 secs] 354560K->316544K(920960K), 0.0039377 secs] [Times: user=0.00 sys=0.00, real=0.00 secs] 
2020-10-29T14:17:21.517+0000: [GC (Allocation Failure) 2020-10-29T14:17:21.517+0000: [ParNew: 38020K->4K(42752K), 0.0038459 secs] 354560K->316544K(920960K), 0.0039163 secs] [Times: user=0.00 sys=0.00, real=0.00 secs] 
2020-10-29T14:17:21.562+0000: [GC (Allocation Failure) 2020-10-29T14:17:21.562+0000: [ParNew: 38020K->4K(42752K), 0.0039261 secs] 354560K->316544K(920960K), 0.0040032 secs] [Times: user=0.01 sys=0.00, real=0.00 secs] 
2020-10-29T14:17:21.607+0000: [GC (Allocation Failure) 2020-10-29T14:17:21.607+0000: [ParNew: 38020K->4K(42752K), 0.0038546 secs] 354560K->316544K(920960K), 0.0039208 secs] [Times: user=0.01 sys=0.00, real=0.00 secs] 
2020-10-29T14:17:21.650+0000: [GC (Allocation Failure) 2020-10-29T14:17:21.650+0000: [ParNew: 38020K->4K(42752K), 0.0039822 secs] 354560K->316544K(920960K), 0.0040501 secs] [Times: user=0.01 sys=0.00, real=0.00 secs] 
2020-10-29T14:17:21.663+0000: [GC (Allocation Failure) 2020-10-29T14:17:21.663+0000: [ParNew: 5671K->4K(42752K), 0.0032192 secs] 322211K->316544K(920960K), 0.0032933 secs] [Times: user=0.01 sys=0.00, real=0.01 secs] 
2020-10-29T14:17:21.683+0000: [GC (Allocation Failure) 2020-10-29T14:17:21.683+0000: [ParNew: 38020K->4K(42752K), 0.0109539 secs] 354560K->349312K(920960K), 0.0110303 secs] [Times: user=0.03 sys=0.00, real=0.01 secs] 
2020-10-29T14:17:21.694+0000: [GC (CMS Initial Mark) [1 CMS-initial-mark: 349308K(878208K)] 349587K(920960K), 0.0018849 secs] [Times: user=0.00 sys=0.00, real=0.01 secs] 
2020-10-29T14:17:21.696+0000: [CMS-concurrent-mark-start]
2020-10-29T14:17:21.755+0000: [CMS-concurrent-mark: 0.059/0.059 secs] [Times: user=0.11 sys=0.00, real=0.06 secs] 
2020-10-29T14:17:21.755+0000: [CMS-concurrent-preclean-start]
2020-10-29T14:17:21.763+0000: [CMS-concurrent-preclean: 0.007/0.008 secs] [Times: user=0.01 sys=0.00, real=0.00 secs] 
2020-10-29T14:17:21.763+0000: [GC (Allocation Failure) 2020-10-29T14:17:21.763+0000: [ParNew: 38020K->4K(42752K), 0.0033126 secs] 387328K->349312K(920960K), 0.0033569 secs] [Times: user=0.01 sys=0.00, real=0.00 secs] 
2020-10-29T14:17:21.779+0000: [GC (CMS Final Remark) [YG occupancy: 8300 K (42752 K)]2020-10-29T14:17:21.779+0000: [Rescan (parallel) , 0.0073732 secs]2020-10-29T14:17:21.786+0000: [weak refs processing, 0.0000949 secs]2020-10-29T14:17:21.786+0000: [class unloading, 0.0135057 secs]2020-10-29T14:17:21.800+0000: [scrub symbol table, 0.0117416 secs]2020-10-29T14:17:21.812+0000: [scrub string table, 0.0007347 secs][1 CMS-remark: 349308K(878208K)] 357608K(920960K), 0.0336472 secs] [Times: user=0.04 sys=0.00, real=0.03 secs] 
2020-10-29T14:17:21.819+0000: [CMS-concurrent-sweep-start]
2020-10-29T14:17:21.838+0000: [CMS-concurrent-sweep: 0.020/0.020 secs] [Times: user=0.03 sys=0.00, real=0.02 secs] 
2020-10-29T14:17:21.838+0000: [CMS-concurrent-reset-start]
2020-10-29T14:17:21.841+0000: [CMS-concurrent-reset: 0.002/0.002 secs] [Times: user=0.01 sys=0.00, real=0.00 secs] 
2020-10-29T14:17:21.848+0000: [GC (Allocation Failure) 2020-10-29T14:17:21.848+0000: [ParNew: 35168K->4K(42752K), 0.0039466 secs] 362490K->327326K(920960K), 0.0039999 secs] [Times: user=0.01 sys=0.00, real=0.00 secs] 
2020-10-29T14:17:21.883+0000: [GC (Allocation Failure) 2020-10-29T14:17:21.883+0000: [ParNew: 38020K->4K(42752K), 0.0074749 secs] 365342K->335518K(920960K), 0.0075715 secs] [Times: user=0.02 sys=0.00, real=0.01 secs] 
2020-10-29T14:17:21.929+0000: [GC (Allocation Failure) 2020-10-29T14:17:21.929+0000: [ParNew: 38020K->4K(42752K), 0.0038626 secs] 373534K->335518K(920960K), 0.0039288 secs] [Times: user=0.01 sys=0.00, real=0.00 secs] 
2020-10-29T14:17:21.967+0000: [GC (Allocation Failure) 2020-10-29T14:17:21.967+0000: [ParNew: 38020K->4K(42752K), 0.0055944 secs] 373534K->343710K(920960K), 0.0056652 secs] [Times: user=0.02 sys=0.00, real=0.00 secs] 
2020-10-29T14:17:22.011+0000: [GC (Allocation Failure) 2020-10-29T14:17:22.011+0000: [ParNew: 38020K->4K(42752K), 0.0039077 secs] 381726K->343710K(920960K), 0.0039789 secs] [Times: user=0.01 sys=0.00, real=0.01 secs] 
2020-10-29T14:17:22.053+0000: [GC (Allocation Failure) 2020-10-29T14:17:22.053+0000: [ParNew: 38020K->4K(42752K), 0.0039154 secs] 381726K->343710K(920960K), 0.0039824 secs] [Times: user=0.01 sys=0.00, real=0.01 secs] 
2020-10-29T14:17:22.099+0000: [GC (Allocation Failure) 2020-10-29T14:17:22.099+0000: [ParNew: 38020K->4K(42752K), 0.0038564 secs] 381726K->343710K(920960K), 0.0039245 secs] [Times: user=0.01 sys=0.00, real=0.00 secs] 
2020-10-29T14:17:22.141+0000: [GC (Allocation Failure) 2020-10-29T14:17:22.141+0000: [ParNew: 38020K->4K(42752K), 0.0038649 secs] 381726K->343710K(920960K), 0.0039328 secs] [Times: user=0.01 sys=0.00, real=0.00 secs] 
2020-10-29T14:17:22.187+0000: [GC (Allocation Failure) 2020-10-29T14:17:22.187+0000: [ParNew: 38020K->4K(42752K), 0.0038584 secs] 381726K->343710K(920960K), 0.0039271 secs] [Times: user=0.01 sys=0.00, real=0.00 secs] 
2020-10-29T14:17:22.231+0000: [GC (Allocation Failure) 2020-10-29T14:17:22.231+0000: [ParNew: 38020K->4K(42752K), 0.0038846 secs] 381726K->343710K(920960K), 0.0039533 secs] [Times: user=0.00 sys=0.00, real=0.01 secs] 
2020-10-29T14:17:22.251+0000: [GC (Allocation Failure) 2020-10-29T14:17:22.251+0000: [ParNew: 38020K->4K(42752K), 0.0109738 secs] 381726K->376478K(920960K), 0.0110531 secs] [Times: user=0.02 sys=0.00, real=0.01 secs] 
2020-10-29T14:17:22.307+0000: [GC (Allocation Failure) 2020-10-29T14:17:22.307+0000: [ParNew: 38020K->4K(42752K), 0.0038912 secs] 414494K->376478K(920960K), 0.0039613 secs] [Times: user=0.00 sys=0.00, real=0.00 secs] 
2020-10-29T14:17:22.350+0000: [GC (Allocation Failure) 2020-10-29T14:17:22.350+0000: [ParNew: 38020K->4K(42752K), 0.0038741 secs] 414494K->376478K(920960K), 0.0039415 secs] [Times: user=0.01 sys=0.00, real=0.00 secs] 
2020-10-29T14:17:22.392+0000: [GC (Allocation Failure) 2020-10-29T14:17:22.392+0000: [ParNew: 38020K->4K(42752K), 0.0039110 secs] 414494K->376478K(920960K), 0.0039788 secs] [Times: user=0.00 sys=0.00, real=0.01 secs] 
2020-10-29T14:17:22.438+0000: [GC (Allocation Failure) 2020-10-29T14:17:22.438+0000: [ParNew: 38020K->4K(42752K), 0.0038498 secs] 414494K->376478K(920960K), 0.0039180 secs] [Times: user=0.01 sys=0.00, real=0.00 secs] 
2020-10-29T14:17:22.482+0000: [GC (Allocation Failure) 2020-10-29T14:17:22.482+0000: [ParNew: 37096K->4K(42752K), 0.0038493 secs] 413571K->376478K(920960K), 0.0039183 secs] [Times: user=0.00 sys=0.00, real=0.00 secs] 
2020-10-29T14:17:22.511+0000: [GC (Allocation Failure) 2020-10-29T14:17:22.511+0000: [ParNew: 38020K->4K(42752K), 0.0069153 secs] 414494K->392863K(920960K), 0.0069888 secs] [Times: user=0.01 sys=0.00, real=0.01 secs] 
2020-10-29T14:17:22.556+0000: [GC (Allocation Failure) 2020-10-29T14:17:22.557+0000: [ParNew: 38020K->4K(42752K), 0.0038844 secs] 430879K->392863K(920960K), 0.0039541 secs] [Times: user=0.01 sys=0.00, real=0.00 secs] 
2020-10-29T14:17:22.599+0000: [GC (Allocation Failure) 2020-10-29T14:17:22.599+0000: [ParNew: 38020K->4K(42752K), 0.0039520 secs] 430879K->392863K(920960K), 0.0040218 secs] [Times: user=0.01 sys=0.00, real=0.00 secs] 
2020-10-29T14:17:22.643+0000: [GC (Allocation Failure) 2020-10-29T14:17:22.643+0000: [ParNew: 38020K->4K(42752K), 0.0053053 secs] 430879K->392863K(920960K), 0.0053714 secs] [Times: user=0.01 sys=0.00, real=0.01 secs] 
2020-10-29T14:17:22.690+0000: [GC (Allocation Failure) 2020-10-29T14:17:22.690+0000: [ParNew: 38020K->4K(42752K), 0.0039647 secs] 430879K->392863K(920960K), 0.0040336 secs] [Times: user=0.01 sys=0.00, real=0.00 secs] 
2020-10-29T14:17:22.733+0000: [GC (Allocation Failure) 2020-10-29T14:17:22.733+0000: [ParNew: 38020K->4K(42752K), 0.0039335 secs] 430879K->392863K(920960K), 0.0040017 secs] [Times: user=0.00 sys=0.00, real=0.01 secs] 
2020-10-29T14:17:22.779+0000: [GC (Allocation Failure) 2020-10-29T14:17:22.779+0000: [ParNew: 38020K->4K(42752K), 0.0038810 secs] 430879K->392863K(920960K), 0.0039475 secs] [Times: user=0.01 sys=0.00, real=0.00 secs] 
2020-10-29T14:17:22.821+0000: [GC (Allocation Failure) 2020-10-29T14:17:22.821+0000: [ParNew: 38020K->4K(42752K), 0.0038502 secs] 430879K->392863K(920960K), 0.0039169 secs] [Times: user=0.00 sys=0.00, real=0.00 secs] 
2020-10-29T14:17:22.866+0000: [GC (Allocation Failure) 2020-10-29T14:17:22.866+0000: [ParNew: 38020K->4K(42752K), 0.0038852 secs] 430879K->392863K(920960K), 0.0039537 secs] [Times: user=0.01 sys=0.00, real=0.01 secs] 
2020-10-29T14:17:22.908+0000: [GC (Allocation Failure) 2020-10-29T14:17:22.908+0000: [ParNew: 38020K->4K(42752K), 0.0038736 secs] 430879K->392863K(920960K), 0.0039415 secs] [Times: user=0.00 sys=0.00, real=0.00 secs] 
2020-10-29T14:17:22.951+0000: [GC (Allocation Failure) 2020-10-29T14:17:22.951+0000: [ParNew: 38020K->4K(42752K), 0.0038381 secs] 430879K->392863K(920960K), 0.0039049 secs] [Times: user=0.00 sys=0.00, real=0.01 secs] 
2020-10-29T14:17:22.993+0000: [GC (Allocation Failure) 2020-10-29T14:17:22.993+0000: [ParNew: 38020K->4K(42752K), 0.0038734 secs] 430879K->392863K(920960K), 0.0039420 secs] [Times: user=0.01 sys=0.00, real=0.01 secs] 
2020-10-29T14:17:23.034+0000: [GC (Allocation Failure) 2020-10-29T14:17:23.034+0000: [ParNew: 34591K->4K(42752K), 0.0038798 secs] 427450K->392863K(920960K), 0.0039479 secs] [Times: user=0.01 sys=0.00, real=0.01 secs] 
2020-10-29T14:17:23.069+0000: [GC (Allocation Failure) 2020-10-29T14:17:23.069+0000: [ParNew: 38020K->4K(42752K), 0.0059087 secs] 430879K->401055K(920960K), 0.0059789 secs] [Times: user=0.01 sys=0.00, real=0.01 secs] 
2020-10-29T14:17:23.109+0000: [GC (Allocation Failure) 2020-10-29T14:17:23.109+0000: [ParNew: 33393K->4K(42752K), 0.0038423 secs] 434444K->401055K(920960K), 0.0039119 secs] [Times: user=0.01 sys=0.00, real=0.00 secs] 
2020-10-29T14:17:23.144+0000: [GC (Allocation Failure) 2020-10-29T14:17:23.144+0000: [ParNew: 38020K->4K(42752K), 0.0056533 secs] 439071K->409247K(920960K), 0.0057259 secs] [Times: user=0.01 sys=0.00, real=0.01 secs] 
2020-10-29T14:17:23.188+0000: [GC (Allocation Failure) 2020-10-29T14:17:23.188+0000: [ParNew: 38020K->4K(42752K), 0.0038957 secs] 447263K->409247K(920960K), 0.0039640 secs] [Times: user=0.01 sys=0.00, real=0.00 secs] 
2020-10-29T14:17:23.231+0000: [GC (Allocation Failure) 2020-10-29T14:17:23.231+0000: [ParNew: 38020K->4K(42752K), 0.0038461 secs] 447263K->409247K(920960K), 0.0039138 secs] [Times: user=0.00 sys=0.00, real=0.01 secs] 
2020-10-29T14:17:23.273+0000: [GC (Allocation Failure) 2020-10-29T14:17:23.273+0000: [ParNew: 38020K->4K(42752K), 0.0038445 secs] 447263K->409247K(920960K), 0.0039115 secs] [Times: user=0.01 sys=0.00, real=0.01 secs] 
2020-10-29T14:17:23.315+0000: [GC (Allocation Failure) 2020-10-29T14:17:23.315+0000: [ParNew: 38020K->4K(42752K), 0.0038906 secs] 447263K->409247K(920960K), 0.0039578 secs] [Times: user=0.01 sys=0.00, real=0.00 secs] 
2020-10-29T14:17:23.359+0000: [GC (Allocation Failure) 2020-10-29T14:17:23.359+0000: [ParNew: 38020K->4K(42752K), 0.0038526 secs] 447263K->409247K(920960K), 0.0039206 secs] [Times: user=0.00 sys=0.01, real=0.00 secs] 
2020-10-29T14:17:23.406+0000: [GC (Allocation Failure) 2020-10-29T14:17:23.406+0000: [ParNew: 38020K->4K(42752K), 0.0038789 secs] 447263K->409247K(920960K), 0.0039696 secs] [Times: user=0.00 sys=0.00, real=0.01 secs] 
2020-10-29T14:17:23.451+0000: [GC (Allocation Failure) 2020-10-29T14:17:23.451+0000: [ParNew: 38020K->4K(42752K), 0.0038475 secs] 447263K->409247K(920960K), 0.0039160 secs] [Times: user=0.00 sys=0.00, real=0.01 secs] 
2020-10-29T14:17:23.495+0000: [GC (Allocation Failure) 2020-10-29T14:17:23.495+0000: [ParNew: 38020K->4K(42752K), 0.0038359 secs] 447263K->409247K(920960K), 0.0039028 secs] [Times: user=0.01 sys=0.00, real=0.00 secs] 
2020-10-29T14:17:23.539+0000: [GC (Allocation Failure) 2020-10-29T14:17:23.539+0000: [ParNew: 38020K->4K(42752K), 0.0038475 secs] 447263K->409247K(920960K), 0.0039148 secs] [Times: user=0.01 sys=0.00, real=0.00 secs] 
2020-10-29T14:17:23.575+0000: [GC (Allocation Failure) 2020-10-29T14:17:23.575+0000: [ParNew: 38020K->4K(42752K), 0.0051794 secs] 447263K->417439K(920960K), 0.0052504 secs] [Times: user=0.01 sys=0.00, real=0.00 secs] 
2020-10-29T14:17:23.618+0000: [GC (Allocation Failure) 2020-10-29T14:17:23.618+0000: [ParNew: 38020K->4K(42752K), 0.0038353 secs] 455455K->417439K(920960K), 0.0039031 secs] [Times: user=0.01 sys=0.00, real=0.00 secs] 
2020-10-29T14:17:23.660+0000: [GC (Allocation Failure) 2020-10-29T14:17:23.660+0000: [ParNew: 38020K->4K(42752K), 0.0039050 secs] 455455K->417439K(920960K), 0.0039733 secs] [Times: user=0.00 sys=0.00, real=0.00 secs] 
2020-10-29T14:17:23.703+0000: [GC (Allocation Failure) 2020-10-29T14:17:23.703+0000: [ParNew: 38020K->4K(42752K), 0.0037962 secs] 455455K->417439K(920960K), 0.0038647 secs] [Times: user=0.01 sys=0.00, real=0.00 secs] 
2020-10-29T14:17:23.738+0000: [GC (Allocation Failure) 2020-10-29T14:17:23.738+0000: [ParNew: 38020K->4K(42752K), 0.0057475 secs] 455455K->425631K(920960K), 0.0058171 secs] [Times: user=0.01 sys=0.00, real=0.00 secs] 
2020-10-29T14:17:23.783+0000: [GC (Allocation Failure) 2020-10-29T14:17:23.783+0000: [ParNew: 38020K->4K(42752K), 0.0038588 secs] 463647K->425631K(920960K), 0.0039247 secs] [Times: user=0.00 sys=0.00, real=0.01 secs] 
2020-10-29T14:17:23.827+0000: [GC (Allocation Failure) 2020-10-29T14:17:23.827+0000: [ParNew: 38020K->4K(42752K), 0.0038555 secs] 463647K->425631K(920960K), 0.0039326 secs] [Times: user=0.01 sys=0.00, real=0.00 secs] 
2020-10-29T14:17:23.871+0000: [GC (Allocation Failure) 2020-10-29T14:17:23.871+0000: [ParNew: 38020K->4K(42752K), 0.0038896 secs] 463647K->425631K(920960K), 0.0039572 secs] [Times: user=0.01 sys=0.00, real=0.01 secs] 
2020-10-29T14:17:23.915+0000: [GC (Allocation Failure) 2020-10-29T14:17:23.915+0000: [ParNew: 38020K->4K(42752K), 0.0038360 secs] 463647K->425631K(920960K), 0.0039019 secs] [Times: user=0.01 sys=0.00, real=0.00 secs] 
2020-10-29T14:17:23.959+0000: [GC (Allocation Failure) 2020-10-29T14:17:23.959+0000: [ParNew: 38020K->4K(42752K), 0.0039020 secs] 463647K->425631K(920960K), 0.0039723 secs] [Times: user=0.00 sys=0.00, real=0.00 secs] 
2020-10-29T14:17:24.003+0000: [GC (Allocation Failure) 2020-10-29T14:17:24.003+0000: [ParNew: 38020K->4K(42752K), 0.0038326 secs] 463647K->425631K(920960K), 0.0038984 secs] [Times: user=0.00 sys=0.00, real=0.01 secs] 
2020-10-29T14:17:24.045+0000: [GC (Allocation Failure) 2020-10-29T14:17:24.045+0000: [ParNew: 38020K->4K(42752K), 0.0038756 secs] 463647K->425631K(920960K), 0.0039434 secs] [Times: user=0.00 sys=0.00, real=0.01 secs] 
2020-10-29T14:17:24.087+0000: [GC (Allocation Failure) 2020-10-29T14:17:24.087+0000: [ParNew: 38020K->4K(42752K), 0.0038299 secs] 463647K->425631K(920960K), 0.0038978 secs] [Times: user=0.00 sys=0.00, real=0.00 secs] 
2020-10-29T14:17:24.122+0000: [GC (Allocation Failure) 2020-10-29T14:17:24.122+0000: [ParNew: 38020K->4K(42752K), 0.0057177 secs] 463647K->433823K(920960K), 0.0057847 secs] [Times: user=0.01 sys=0.00, real=0.01 secs] 
2020-10-29T14:17:24.167+0000: [GC (Allocation Failure) 2020-10-29T14:17:24.167+0000: [ParNew: 38020K->4K(42752K), 0.0039335 secs] 471839K->433823K(920960K), 0.0040007 secs] [Times: user=0.01 sys=0.00, real=0.01 secs] 
2020-10-29T14:17:24.209+0000: [GC (Allocation Failure) 2020-10-29T14:17:24.209+0000: [ParNew: 38020K->4K(42752K), 0.0039084 secs] 471839K->433823K(920960K), 0.0039764 secs] [Times: user=0.01 sys=0.00, real=0.00 secs] 
2020-10-29T14:17:24.255+0000: [GC (Allocation Failure) 2020-10-29T14:17:24.255+0000: [ParNew: 38020K->4K(42752K), 0.0038905 secs] 471839K->433823K(920960K), 0.0039588 secs] [Times: user=0.00 sys=0.00, real=0.00 secs] 
2020-10-29T14:17:24.297+0000: [GC (Allocation Failure) 2020-10-29T14:17:24.297+0000: [ParNew: 38020K->4K(42752K), 0.0039503 secs] 471839K->433823K(920960K), 0.0040175 secs] [Times: user=0.01 sys=0.00, real=0.00 secs] 
2020-10-29T14:17:24.336+0000: [GC (Allocation Failure) 2020-10-29T14:17:24.336+0000: [ParNew: 34587K->4K(42752K), 0.0039125 secs] 468406K->433823K(920960K), 0.0039789 secs] [Times: user=0.01 sys=0.00, real=0.00 secs] 
2020-10-29T14:17:24.375+0000: [GC (Allocation Failure) 2020-10-29T14:17:24.375+0000: [ParNew: 38020K->4K(42752K), 0.0055325 secs] 471839K->442015K(920960K), 0.0056143 secs] [Times: user=0.01 sys=0.00, real=0.01 secs] 
2020-10-29T14:17:24.419+0000: [GC (Allocation Failure) 2020-10-29T14:17:24.419+0000: [ParNew: 38020K->4K(42752K), 0.0038788 secs] 480031K->442015K(920960K), 0.0039474 secs] [Times: user=0.01 sys=0.00, real=0.00 secs] 
2020-10-29T14:17:24.463+0000: [GC (Allocation Failure) 2020-10-29T14:17:24.463+0000: [ParNew: 38020K->4K(42752K), 0.0038760 secs] 480031K->442015K(920960K), 0.0039438 secs] [Times: user=0.01 sys=0.00, real=0.01 secs] 
2020-10-29T14:17:24.505+0000: [GC (Allocation Failure) 2020-10-29T14:17:24.505+0000: [ParNew: 38020K->4K(42752K), 0.0040268 secs] 480031K->442015K(920960K), 0.0041067 secs] [Times: user=0.01 sys=0.00, real=0.01 secs] 
2020-10-29T14:17:24.555+0000: [GC (Allocation Failure) 2020-10-29T14:17:24.555+0000: [ParNew: 38020K->15K(42752K), 0.0040149 secs] 480031K->442026K(920960K), 0.0040818 secs] [Times: user=0.00 sys=0.00, real=0.00 secs] 
2020-10-29T14:17:24.600+0000: [GC (Allocation Failure) 2020-10-29T14:17:24.600+0000: [ParNew: 38031K->7K(42752K), 0.0039741 secs] 480042K->442019K(920960K), 0.0040428 secs] [Times: user=0.01 sys=0.00, real=0.00 secs] 
2020-10-29T14:17:24.635+0000: [GC (Allocation Failure) 2020-10-29T14:17:24.635+0000: [ParNew: 38023K->7K(42752K), 0.0052116 secs] 480035K->450211K(920960K), 0.0052802 secs] [Times: user=0.01 sys=0.00, real=0.00 secs] 
2020-10-29T14:17:24.679+0000: [GC (Allocation Failure) 2020-10-29T14:17:24.679+0000: [ParNew: 38023K->7K(42752K), 0.0039139 secs] 488227K->450211K(920960K), 0.0039825 secs] [Times: user=0.01 sys=0.00, real=0.00 secs] 
2020-10-29T14:17:24.726+0000: [GC (Allocation Failure) 2020-10-29T14:17:24.726+0000: [ParNew: 38023K->7K(42752K), 0.0040700 secs] 488227K->450211K(920960K), 0.0041371 secs] [Times: user=0.00 sys=0.00, real=0.01 secs] 
2020-10-29T14:17:24.768+0000: [GC (Allocation Failure) 2020-10-29T14:17:24.768+0000: [ParNew: 38023K->7K(42752K), 0.0038937 secs] 488227K->450211K(920960K), 0.0039613 secs] [Times: user=0.00 sys=0.00, real=0.00 secs] 
2020-10-29T14:17:24.811+0000: [GC (Allocation Failure) 2020-10-29T14:17:24.811+0000: [ParNew: 38023K->4K(42752K), 0.0039465 secs] 488227K->450211K(920960K), 0.0040145 secs] [Times: user=0.00 sys=0.00, real=0.00 secs] 
2020-10-29T14:17:24.854+0000: [GC (Allocation Failure) 2020-10-29T14:17:24.854+0000: [ParNew: 38020K->4K(42752K), 0.0039695 secs] 488227K->450210K(920960K), 0.0040563 secs] [Times: user=0.01 sys=0.00, real=0.01 secs] 
2020-10-29T14:17:24.899+0000: [GC (Allocation Failure) 2020-10-29T14:17:24.899+0000: [ParNew: 38020K->4K(42752K), 0.0038695 secs] 488226K->450210K(920960K), 0.0039380 secs] [Times: user=0.00 sys=0.00, real=0.00 secs] 
2020-10-29T14:17:24.941+0000: [GC (Allocation Failure) 2020-10-29T14:17:24.941+0000: [ParNew: 38020K->4K(42752K), 0.0039748 secs] 488226K->450210K(920960K), 0.0040452 secs] [Times: user=0.01 sys=0.00, real=0.00 secs] 
2020-10-29T14:17:25.011+0000: [GC (Allocation Failure) 2020-10-29T14:17:25.011+0000: [ParNew: 38020K->4K(42752K), 0.0038475 secs] 488226K->450210K(920960K), 0.0039153 secs] [Times: user=0.00 sys=0.01, real=0.01 secs] 
2020-10-29T14:17:25.091+0000: [GC (Allocation Failure) 2020-10-29T14:17:25.091+0000: [ParNew: 38020K->4K(42752K), 0.0038631 secs] 488226K->450210K(920960K), 0.0039305 secs] [Times: user=0.01 sys=0.00, real=0.01 secs] 
2020-10-29T14:17:25.154+0000: [GC (Allocation Failure) 2020-10-29T14:17:25.155+0000: [ParNew: 38020K->4K(42752K), 0.0055714 secs] 488226K->458402K(920960K), 0.0056383 secs] [Times: user=0.01 sys=0.01, real=0.01 secs] 
2020-10-29T14:17:25.235+0000: [GC (Allocation Failure) 2020-10-29T14:17:25.235+0000: [ParNew: 38020K->4K(42752K), 0.0038600 secs] 496418K->458402K(920960K), 0.0039280 secs] [Times: user=0.00 sys=0.00, real=0.00 secs] 
2020-10-29T14:17:25.313+0000: [GC (Allocation Failure) 2020-10-29T14:17:25.313+0000: [ParNew: 38020K->4K(42752K), 0.0038374 secs] 496418K->458402K(920960K), 0.0039043 secs] [Times: user=0.01 sys=0.00, real=0.01 secs] 
2020-10-29T14:17:25.839+0000: [GC (Allocation Failure) 2020-10-29T14:17:25.839+0000: [ParNew: 38020K->145K(42752K), 0.0040114 secs] 496418K->458543K(920960K), 0.0040818 secs] [Times: user=0.01 sys=0.00, real=0.00 secs] 
2020-10-29T14:17:26.146+0000: [GC (Allocation Failure) 2020-10-29T14:17:26.146+0000: [ParNew: 38161K->20K(42752K), 0.0039303 secs] 496559K->458420K(920960K), 0.0039977 secs] [Times: user=0.01 sys=0.01, real=0.01 secs] 
2020-10-29T14:17:26.278+0000: [GC (Allocation Failure) 2020-10-29T14:17:26.278+0000: [ParNew: 38036K->21K(42752K), 0.0039235 secs] 496436K->458420K(920960K), 0.0040163 secs] [Times: user=0.01 sys=0.00, real=0.00 secs] 
2020-10-29T14:17:26.369+0000: [GC (Allocation Failure) 2020-10-29T14:17:26.369+0000: [ParNew: 38037K->22K(42752K), 0.0038725 secs] 496436K->458421K(920960K), 0.0039431 secs] [Times: user=0.01 sys=0.00, real=0.00 secs] 
2020-10-29T14:17:26.424+0000: [GC (Allocation Failure) 2020-10-29T14:17:26.424+0000: [ParNew: 38038K->22K(42752K), 0.0039266 secs] 496437K->458422K(920960K), 0.0039964 secs] [Times: user=0.01 sys=0.00, real=0.01 secs] 
2020-10-29T14:17:26.467+0000: [GC (Allocation Failure) 2020-10-29T14:17:26.467+0000: [ParNew: 38038K->22K(42752K), 0.0039666 secs] 496438K->458422K(920960K), 0.0040425 secs] [Times: user=0.01 sys=0.00, real=0.00 secs] 
2020-10-29T14:17:26.507+0000: [GC (Allocation Failure) 2020-10-29T14:17:26.508+0000: [ParNew: 38038K->15K(42752K), 0.0040104 secs] 496438K->458428K(920960K), 0.0040789 secs] [Times: user=0.01 sys=0.00, real=0.00 secs] 
2020-10-29T14:17:26.549+0000: [GC (Allocation Failure) 2020-10-29T14:17:26.549+0000: [ParNew: 38031K->4K(42752K), 0.0038983 secs] 496444K->458417K(920960K), 0.0039565 secs] [Times: user=0.01 sys=0.00, real=0.00 secs] 
2020-10-29T14:17:26.590+0000: [GC (Allocation Failure) 2020-10-29T14:17:26.590+0000: [ParNew: 38020K->4K(42752K), 0.0038344 secs] 496433K->458418K(920960K), 0.0039016 secs] [Times: user=0.01 sys=0.00, real=0.00 secs] 
2020-10-29T14:17:26.630+0000: [GC (Allocation Failure) 2020-10-29T14:17:26.630+0000: [ParNew: 38020K->4K(42752K), 0.0039368 secs] 496434K->458419K(920960K), 0.0040042 secs] [Times: user=0.01 sys=0.00, real=0.00 secs] 
2020-10-29T14:17:26.675+0000: [GC (Allocation Failure) 2020-10-29T14:17:26.675+0000: [ParNew: 38020K->2K(42752K), 0.0038664 secs] 496435K->458417K(920960K), 0.0039343 secs] [Times: user=0.01 sys=0.00, real=0.00 secs] 
2020-10-29T14:17:26.716+0000: [GC (Allocation Failure) 2020-10-29T14:17:26.716+0000: [ParNew: 38018K->4K(42752K), 0.0038641 secs] 496433K->458419K(920960K), 0.0039326 secs] [Times: user=0.01 sys=0.00, real=0.00 secs] 
2020-10-29T14:17:26.759+0000: [GC (Allocation Failure) 2020-10-29T14:17:26.759+0000: [ParNew: 38020K->4K(42752K), 0.0038058 secs] 496435K->458419K(920960K), 0.0038733 secs] [Times: user=0.01 sys=0.00, real=0.00 secs] 
2020-10-29T14:17:26.799+0000: [GC (Allocation Failure) 2020-10-29T14:17:26.799+0000: [ParNew: 38020K->4K(42752K), 0.0038526 secs] 496435K->458419K(920960K), 0.0039194 secs] [Times: user=0.01 sys=0.00, real=0.00 secs] 
2020-10-29T14:17:26.843+0000: [GC (Allocation Failure) 2020-10-29T14:17:26.843+0000: [ParNew: 38020K->4K(42752K), 0.0038251 secs] 496435K->458419K(920960K), 0.0038921 secs] [Times: user=0.01 sys=0.00, real=0.01 secs] 
2020-10-29T14:17:26.884+0000: [GC (Allocation Failure) 2020-10-29T14:17:26.884+0000: [ParNew: 38020K->4K(42752K), 0.0038536 secs] 496435K->458419K(920960K), 0.0039210 secs] [Times: user=0.01 sys=0.00, real=0.01 secs] 
2020-10-29T14:17:26.925+0000: [GC (Allocation Failure) 2020-10-29T14:17:26.925+0000: [ParNew: 38020K->4K(42752K), 0.0039874 secs] 496435K->458419K(920960K), 0.0040577 secs] [Times: user=0.01 sys=0.00, real=0.01 secs] 
2020-10-29T14:17:26.967+0000: [GC (Allocation Failure) 2020-10-29T14:17:26.967+0000: [ParNew: 38020K->4K(42752K), 0.0038298 secs] 496435K->458419K(920960K), 0.0039101 secs] [Times: user=0.01 sys=0.00, real=0.00 secs] 
2020-10-29T14:17:27.011+0000: [GC (Allocation Failure) 2020-10-29T14:17:27.011+0000: [ParNew: 38020K->4K(42752K), 0.0038185 secs] 496435K->458419K(920960K), 0.0038861 secs] [Times: user=0.01 sys=0.00, real=0.01 secs] 
2020-10-29T14:17:27.051+0000: [GC (Allocation Failure) 2020-10-29T14:17:27.051+0000: [ParNew: 38020K->4K(42752K), 0.0046352 secs] 496435K->458419K(920960K), 0.0047015 secs] [Times: user=0.01 sys=0.00, real=0.01 secs] 
2020-10-29T14:17:27.095+0000: [GC (Allocation Failure) 2020-10-29T14:17:27.095+0000: [ParNew: 38020K->4K(42752K), 0.0039707 secs] 496435K->458419K(920960K), 0.0040406 secs] [Times: user=0.01 sys=0.00, real=0.00 secs] 
2020-10-29T14:17:27.139+0000: [GC (Allocation Failure) 2020-10-29T14:17:27.139+0000: [ParNew: 38020K->4K(42752K), 0.0038859 secs] 496435K->458419K(920960K), 0.0039523 secs] [Times: user=0.01 sys=0.00, real=0.00 secs] 
2020-10-29T14:17:27.182+0000: [GC (Allocation Failure) 2020-10-29T14:17:27.182+0000: [ParNew: 38020K->4K(42752K), 0.0038219 secs] 496435K->458419K(920960K), 0.0038884 secs] [Times: user=0.01 sys=0.00, real=0.00 secs] 
2020-10-29T14:17:27.223+0000: [GC (Allocation Failure) 2020-10-29T14:17:27.223+0000: [ParNew: 38020K->4K(42752K), 0.0038642 secs] 496435K->458419K(920960K), 0.0039318 secs] [Times: user=0.00 sys=0.00, real=0.01 secs] 
2020-10-29T14:17:27.295+0000: [GC (Allocation Failure) 2020-10-29T14:17:27.295+0000: [ParNew: 38020K->4K(42752K), 0.0044942 secs] 496435K->458419K(920960K), 0.0045654 secs] [Times: user=0.01 sys=0.00, real=0.00 secs] 
2020-10-29T14:17:27.359+0000: [GC (Allocation Failure) 2020-10-29T14:17:27.360+0000: [ParNew: 38020K->4K(42752K), 0.0038558 secs] 496435K->458419K(920960K), 0.0039262 secs] [Times: user=0.00 sys=0.00, real=0.00 secs] 
2020-10-29T14:17:27.407+0000: [GC (Allocation Failure) 2020-10-29T14:17:27.407+0000: [ParNew: 38020K->4K(42752K), 0.0038681 secs] 496435K->458419K(920960K), 0.0039369 secs] [Times: user=0.01 sys=0.00, real=0.00 secs] 
2020-10-29T14:17:27.455+0000: [GC (Allocation Failure) 2020-10-29T14:17:27.455+0000: [ParNew: 38020K->4K(42752K), 0.0038979 secs] 496435K->458419K(920960K), 0.0039666 secs] [Times: user=0.01 sys=0.00, real=0.00 secs] 
2020-10-29T14:17:27.503+0000: [GC (Allocation Failure) 2020-10-29T14:17:27.503+0000: [ParNew: 38020K->4K(42752K), 0.0039504 secs] 496435K->458419K(920960K), 0.0040177 secs] [Times: user=0.01 sys=0.00, real=0.01 secs] 
2020-10-29T14:17:27.855+0000: [GC (Allocation Failure) 2020-10-29T14:17:27.855+0000: [ParNew: 38020K->1357K(42752K), 0.0052502 secs] 496435K->459772K(920960K), 0.0053253 secs] [Times: user=0.02 sys=0.00, real=0.00 secs] 
2020-10-29T14:17:27.957+0000: [GC (Allocation Failure) 2020-10-29T14:17:27.957+0000: [ParNew: 39373K->1542K(42752K), 0.0050018 secs] 497788K->459959K(920960K), 0.0051165 secs] [Times: user=0.02 sys=0.00, real=0.00 secs] 
2020-10-29T14:17:28.019+0000: [GC (Allocation Failure) 2020-10-29T14:17:28.019+0000: [ParNew: 39558K->1945K(42752K), 0.0049632 secs] 497975K->460362K(920960K), 0.0050320 secs] [Times: user=0.01 sys=0.00, real=0.00 secs] 
2020-10-29T14:17:28.069+0000: [GC (Allocation Failure) 2020-10-29T14:17:28.069+0000: [ParNew: 39961K->2304K(42752K), 0.0050713 secs] 498378K->460721K(920960K), 0.0051420 secs] [Times: user=0.01 sys=0.00, real=0.00 secs] 
2020-10-29T14:17:28.123+0000: [GC (Allocation Failure) 2020-10-29T14:17:28.123+0000: [ParNew: 40320K->2769K(42752K), 0.0052264 secs] 498737K->461187K(920960K), 0.0052970 secs] [Times: user=0.01 sys=0.00, real=0.01 secs] 
2020-10-29T14:17:28.183+0000: [GC (Allocation Failure) 2020-10-29T14:17:28.183+0000: [ParNew: 40785K->2030K(42752K), 0.0055586 secs] 499203K->461572K(920960K), 0.0056276 secs] [Times: user=0.01 sys=0.00, real=0.01 secs] 
2020-10-29T14:17:28.244+0000: [GC (Allocation Failure) 2020-10-29T14:17:28.244+0000: [ParNew: 40046K->2807K(42752K), 0.0045393 secs] 499588K->462349K(920960K), 0.0046071 secs] [Times: user=0.01 sys=0.00, real=0.01 secs] 
2020-10-29T14:17:28.317+0000: [GC (Allocation Failure) 2020-10-29T14:17:28.317+0000: [ParNew: 40823K->3134K(42752K), 0.0048417 secs] 500365K->464724K(920960K), 0.0049343 secs] [Times: user=0.01 sys=0.00, real=0.00 secs] 
2020-10-29T14:17:28.399+0000: [GC (Allocation Failure) 2020-10-29T14:17:28.399+0000: [ParNew: 41150K->15K(42752K), 0.0042089 secs] 502740K->462629K(920960K), 0.0042796 secs] [Times: user=0.01 sys=0.00, real=0.00 secs] 
2020-10-29T14:17:28.459+0000: [GC (Allocation Failure) 2020-10-29T14:17:28.459+0000: [ParNew: 38031K->4K(42752K), 0.0039244 secs] 500645K->462618K(920960K), 0.0040154 secs] [Times: user=0.01 sys=0.00, real=0.00 secs] 
2020-10-29T14:17:28.542+0000: [GC (Allocation Failure) 2020-10-29T14:17:28.542+0000: [ParNew: 38020K->4K(42752K), 0.0038721 secs] 500634K->462617K(920960K), 0.0039610 secs] [Times: user=0.01 sys=0.00, real=0.00 secs] 
2020-10-29T14:17:28.624+0000: [GC (Allocation Failure) 2020-10-29T14:17:28.624+0000: [ParNew: 38020K->6K(42752K), 0.0038648 secs] 500633K->462619K(920960K), 0.0039522 secs] [Times: user=0.01 sys=0.00, real=0.01 secs] 
2020-10-29T14:17:28.689+0000: [GC (Allocation Failure) 2020-10-29T14:17:28.689+0000: [ParNew: 38022K->4K(42752K), 0.0039175 secs] 500635K->462617K(920960K), 0.0039875 secs] [Times: user=0.01 sys=0.00, real=0.00 secs] 
2020-10-29T14:17:28.750+0000: [GC (Allocation Failure) 2020-10-29T14:17:28.750+0000: [ParNew: 38020K->4100K(42752K), 0.0046505 secs] 500633K->466713K(920960K), 0.0047232 secs] [Times: user=0.01 sys=0.00, real=0.01 secs] 
2020-10-29T14:17:28.804+0000: [GC (Allocation Failure) 2020-10-29T14:17:28.804+0000: [ParNew: 42116K->4100K(42752K), 0.0073730 secs] 504729K->472858K(920960K), 0.0074545 secs] [Times: user=0.02 sys=0.00, real=0.01 secs] 
2020-10-29T14:17:28.861+0000: [GC (Allocation Failure) 2020-10-29T14:17:28.861+0000: [ParNew: 42116K->4K(42752K), 0.0038942 secs] 510874K->468762K(920960K), 0.0039850 secs] [Times: user=0.00 sys=0.00, real=0.00 secs] 
2020-10-29T14:17:28.912+0000: [GC (Allocation Failure) 2020-10-29T14:17:28.912+0000: [ParNew: 38020K->4K(42752K), 0.0038653 secs] 506778K->468762K(920960K), 0.0039547 secs] [Times: user=0.01 sys=0.00, real=0.01 secs] 
2020-10-29T14:17:28.983+0000: [GC (Allocation Failure) 2020-10-29T14:17:28.983+0000: [ParNew: 38020K->4K(42752K), 0.0038343 secs] 506778K->468762K(920960K), 0.0039028 secs] [Times: user=0.01 sys=0.00, real=0.01 secs] 
2020-10-29T14:17:29.039+0000: [GC (Allocation Failure) 2020-10-29T14:17:29.039+0000: [ParNew: 38020K->2K(42752K), 0.0078755 secs] 506778K->468760K(920960K), 0.0079652 secs] [Times: user=0.01 sys=0.00, real=0.01 secs] 
2020-10-29T14:17:29.101+0000: [GC (Allocation Failure) 2020-10-29T14:17:29.101+0000: [ParNew: 38018K->4K(42752K), 0.0104016 secs] 506776K->468762K(920960K), 0.0104933 secs] [Times: user=0.02 sys=0.00, real=0.01 secs] 
2020-10-29T14:17:29.159+0000: [GC (Allocation Failure) 2020-10-29T14:17:29.160+0000: [ParNew: 38020K->4K(42752K), 0.0051605 secs] 506778K->468762K(920960K), 0.0052648 secs] [Times: user=0.00 sys=0.00, real=0.00 secs] 
2020-10-29T14:17:29.234+0000: [GC (Allocation Failure) 2020-10-29T14:17:29.235+0000: [ParNew: 38020K->2K(42752K), 0.0079775 secs] 506778K->468760K(920960K), 0.0080397 secs] [Times: user=0.01 sys=0.01, real=0.01 secs] 
2020-10-29T14:17:29.307+0000: [GC (Allocation Failure) 2020-10-29T14:17:29.307+0000: [ParNew: 38018K->4K(42752K), 0.0038956 secs] 506776K->468762K(920960K), 0.0039653 secs] [Times: user=0.01 sys=0.00, real=0.00 secs] 
2020-10-29T14:17:29.351+0000: [GC (Allocation Failure) 2020-10-29T14:17:29.351+0000: [ParNew: 38020K->4K(42752K), 0.0039190 secs] 506778K->468762K(920960K), 0.0039900 secs] [Times: user=0.01 sys=0.00, real=0.01 secs] 
2020-10-29T14:17:29.392+0000: [GC (Allocation Failure) 2020-10-29T14:17:29.392+0000: [ParNew: 38020K->4K(42752K), 0.0038877 secs] 506778K->468762K(920960K), 0.0039550 secs] [Times: user=0.01 sys=0.00, real=0.01 secs] 
2020-10-29T14:17:29.430+0000: [GC (Allocation Failure) 2020-10-29T14:17:29.430+0000: [ParNew: 38020K->4100K(42752K), 0.0053836 secs] 506778K->476954K(920960K), 0.0054540 secs] [Times: user=0.01 sys=0.00, real=0.01 secs] 
2020-10-29T14:17:29.475+0000: [GC (Allocation Failure) 2020-10-29T14:17:29.475+0000: [ParNew: 42116K->4K(42752K), 0.0038721 secs] 514970K->472858K(920960K), 0.0039391 secs] [Times: user=0.00 sys=0.00, real=0.00 secs] 
2020-10-29T14:17:29.517+0000: [GC (Allocation Failure) 2020-10-29T14:17:29.517+0000: [ParNew: 38020K->4K(42752K), 0.0038446 secs] 510874K->472858K(920960K), 0.0039200 secs] [Times: user=0.01 sys=0.00, real=0.00 secs] 
2020-10-29T14:17:29.559+0000: [GC (Allocation Failure) 2020-10-29T14:17:29.559+0000: [ParNew: 38020K->4K(42752K), 0.0039015 secs] 510874K->472858K(920960K), 0.0039693 secs] [Times: user=0.01 sys=0.00, real=0.00 secs] 
2020-10-29T14:17:29.603+0000: [GC (Allocation Failure) 2020-10-29T14:17:29.603+0000: [ParNew: 38020K->4K(42752K), 0.0038862 secs] 510874K->472858K(920960K), 0.0039541 secs] [Times: user=0.01 sys=0.00, real=0.01 secs] 
2020-10-29T14:17:29.644+0000: [GC (Allocation Failure) 2020-10-29T14:17:29.644+0000: [ParNew: 38020K->4K(42752K), 0.0039152 secs] 510874K->472858K(920960K), 0.0039863 secs] [Times: user=0.01 sys=0.00, real=0.01 secs] 
2020-10-29T14:17:29.686+0000: [GC (Allocation Failure) 2020-10-29T14:17:29.686+0000: [ParNew: 38020K->4K(42752K), 0.0038999 secs] 510874K->472858K(920960K), 0.0039694 secs] [Times: user=0.01 sys=0.00, real=0.01 secs] 
2020-10-29T14:17:29.731+0000: [GC (Allocation Failure) 2020-10-29T14:17:29.731+0000: [ParNew: 38020K->4K(42752K), 0.0038723 secs] 510874K->472858K(920960K), 0.0039392 secs] [Times: user=0.00 sys=0.00, real=0.01 secs] 
2020-10-29T14:17:29.772+0000: [GC (Allocation Failure) 2020-10-29T14:17:29.772+0000: [ParNew: 38020K->4K(42752K), 0.0039145 secs] 510874K->472858K(920960K), 0.0039853 secs] [Times: user=0.00 sys=0.00, real=0.01 secs] 
2020-10-29T14:17:29.815+0000: [GC (Allocation Failure) 2020-10-29T14:17:29.815+0000: [ParNew: 38020K->4K(42752K), 0.0039617 secs] 510874K->472858K(920960K), 0.0040289 secs] [Times: user=0.01 sys=0.00, real=0.00 secs] 
2020-10-29T14:17:29.859+0000: [GC (Allocation Failure) 2020-10-29T14:17:29.859+0000: [ParNew: 38020K->4K(42752K), 0.0038999 secs] 510874K->472858K(920960K), 0.0039663 secs] [Times: user=0.01 sys=0.00, real=0.00 secs] 
2020-10-29T14:17:29.900+0000: [GC (Allocation Failure) 2020-10-29T14:17:29.900+0000: [ParNew: 38020K->4K(42752K), 0.0039853 secs] 510874K->472858K(920960K), 0.0040628 secs] [Times: user=0.01 sys=0.00, real=0.00 secs] 
2020-10-29T14:17:29.941+0000: [GC (Allocation Failure) 2020-10-29T14:17:29.941+0000: [ParNew: 38020K->4K(42752K), 0.0039006 secs] 510874K->472858K(920960K), 0.0039691 secs] [Times: user=0.00 sys=0.00, real=0.00 secs] 
2020-10-29T14:17:29.987+0000: [GC (Allocation Failure) 2020-10-29T14:17:29.987+0000: [ParNew: 38020K->4K(42752K), 0.0040714 secs] 510874K->472858K(920960K), 0.0041413 secs] [Times: user=0.01 sys=0.00, real=0.00 secs] 
2020-10-29T14:17:30.028+0000: [GC (Allocation Failure) 2020-10-29T14:17:30.028+0000: [ParNew: 38020K->4K(42752K), 0.0040187 secs] 510874K->472858K(920960K), 0.0040897 secs] [Times: user=0.01 sys=0.00, real=0.00 secs] 
2020-10-29T14:17:30.070+0000: [GC (Allocation Failure) 2020-10-29T14:17:30.070+0000: [ParNew: 38020K->4K(42752K), 0.0039338 secs] 510874K->472858K(920960K), 0.0040016 secs] [Times: user=0.00 sys=0.00, real=0.00 secs] 
2020-10-29T14:17:30.113+0000: [GC (Allocation Failure) 2020-10-29T14:17:30.113+0000: [ParNew: 38020K->4K(42752K), 0.0038697 secs] 510874K->472859K(920960K), 0.0039382 secs] [Times: user=0.01 sys=0.00, real=0.01 secs] 
2020-10-29T14:17:30.155+0000: [GC (Allocation Failure) 2020-10-29T14:17:30.155+0000: [ParNew: 38020K->4K(42752K), 0.0039032 secs] 510875K->472859K(920960K), 0.0039769 secs] [Times: user=0.01 sys=0.00, real=0.00 secs] 
2020-10-29T14:17:30.197+0000: [GC (Allocation Failure) 2020-10-29T14:17:30.197+0000: [ParNew: 38020K->4K(42752K), 0.0038865 secs] 510875K->472859K(920960K), 0.0039539 secs] [Times: user=0.00 sys=0.00, real=0.00 secs] 
2020-10-29T14:17:30.239+0000: [GC (Allocation Failure) 2020-10-29T14:17:30.239+0000: [ParNew: 38020K->4K(42752K), 0.0038275 secs] 510875K->472859K(920960K), 0.0038933 secs] [Times: user=0.01 sys=0.00, real=0.00 secs] 
2020-10-29T14:17:30.283+0000: [GC (Allocation Failure) 2020-10-29T14:17:30.283+0000: [ParNew: 38020K->4K(42752K), 0.0038823 secs] 510875K->472859K(920960K), 0.0039489 secs] [Times: user=0.01 sys=0.00, real=0.01 secs] 
2020-10-29T14:17:30.327+0000: [GC (Allocation Failure) 2020-10-29T14:17:30.327+0000: [ParNew: 38020K->4K(42752K), 0.0039074 secs] 510875K->472859K(920960K), 0.0039763 secs] [Times: user=0.01 sys=0.00, real=0.00 secs] 
2020-10-29T14:17:30.371+0000: [GC (Allocation Failure) 2020-10-29T14:17:30.371+0000: [ParNew: 38020K->4K(42752K), 0.0038382 secs] 510875K->472859K(920960K), 0.0039066 secs] [Times: user=0.00 sys=0.01, real=0.01 secs] 
2020-10-29T14:17:30.412+0000: [GC (Allocation Failure) 2020-10-29T14:17:30.412+0000: [ParNew: 38020K->4K(42752K), 0.0038856 secs] 510875K->472859K(920960K), 0.0039516 secs] [Times: user=0.01 sys=0.00, real=0.01 secs] 
2020-10-29T14:17:30.453+0000: [GC (Allocation Failure) 2020-10-29T14:17:30.453+0000: [ParNew: 38020K->4K(42752K), 0.0041034 secs] 510875K->472859K(920960K), 0.0041802 secs] [Times: user=0.01 sys=0.00, real=0.01 secs] 
2020-10-29T14:17:30.495+0000: [GC (Allocation Failure) 2020-10-29T14:17:30.495+0000: [ParNew: 38020K->4K(42752K), 0.0038919 secs] 510875K->472859K(920960K), 0.0039621 secs] [Times: user=0.01 sys=0.00, real=0.00 secs] 
2020-10-29T14:17:30.537+0000: [GC (Allocation Failure) 2020-10-29T14:17:30.537+0000: [ParNew: 38020K->4K(42752K), 0.0039134 secs] 510875K->472859K(920960K), 0.0039904 secs] [Times: user=0.01 sys=0.00, real=0.00 secs] 
2020-10-29T14:17:30.579+0000: [GC (Allocation Failure) 2020-10-29T14:17:30.579+0000: [ParNew: 38020K->4K(42752K), 0.0042781 secs] 510875K->472859K(920960K), 0.0043464 secs] [Times: user=0.01 sys=0.00, real=0.00 secs] 
2020-10-29T14:17:30.624+0000: [GC (Allocation Failure) 2020-10-29T14:17:30.624+0000: [ParNew: 38020K->4K(42752K), 0.0038815 secs] 510875K->472859K(920960K), 0.0039498 secs] [Times: user=0.00 sys=0.00, real=0.01 secs] 
2020-10-29T14:17:30.667+0000: [GC (Allocation Failure) 2020-10-29T14:17:30.667+0000: [ParNew: 38020K->4K(42752K), 0.0039775 secs] 510875K->472859K(920960K), 0.0040458 secs] [Times: user=0.01 sys=0.00, real=0.00 secs] 
2020-10-29T14:17:30.709+0000: [GC (Allocation Failure) 2020-10-29T14:17:30.709+0000: [ParNew: 38020K->4K(42752K), 0.0039672 secs] 510875K->472859K(920960K), 0.0040347 secs] [Times: user=0.01 sys=0.00, real=0.00 secs] 
2020-10-29T14:17:30.754+0000: [GC (Allocation Failure) 2020-10-29T14:17:30.754+0000: [ParNew: 38020K->4K(42752K), 0.0038497 secs] 510875K->472859K(920960K), 0.0039323 secs] [Times: user=0.01 sys=0.00, real=0.01 secs] 
2020-10-29T14:17:30.795+0000: [GC (Allocation Failure) 2020-10-29T14:17:30.795+0000: [ParNew: 38020K->4K(42752K), 0.0039098 secs] 510875K->472859K(920960K), 0.0039791 secs] [Times: user=0.01 sys=0.00, real=0.00 secs] 
2020-10-29T14:17:30.839+0000: [GC (Allocation Failure) 2020-10-29T14:17:30.839+0000: [ParNew: 38020K->4K(42752K), 0.0038859 secs] 510875K->472859K(920960K), 0.0039550 secs] [Times: user=0.01 sys=0.00, real=0.00 secs] 
2020-10-29T14:17:30.883+0000: [GC (Allocation Failure) 2020-10-29T14:17:30.883+0000: [ParNew: 38020K->4K(42752K), 0.0038548 secs] 510875K->472859K(920960K), 0.0039234 secs] [Times: user=0.01 sys=0.00, real=0.01 secs] 
2020-10-29T14:17:30.924+0000: [GC (Allocation Failure) 2020-10-29T14:17:30.924+0000: [ParNew: 38020K->4K(42752K), 0.0039606 secs] 510875K->472859K(920960K), 0.0040289 secs] [Times: user=0.01 sys=0.00, real=0.01 secs] 
2020-10-29T14:17:30.965+0000: [GC (Allocation Failure) 2020-10-29T14:17:30.965+0000: [ParNew: 38020K->4K(42752K), 0.0039721 secs] 510875K->472859K(920960K), 0.0040400 secs] [Times: user=0.01 sys=0.00, real=0.01 secs] 
2020-10-29T14:17:31.007+0000: [GC (Allocation Failure) 2020-10-29T14:17:31.007+0000: [ParNew: 38020K->4K(42752K), 0.0039169 secs] 510875K->472859K(920960K), 0.0039857 secs] [Times: user=0.01 sys=0.00, real=0.00 secs] 
2020-10-29T14:17:31.051+0000: [GC (Allocation Failure) 2020-10-29T14:17:31.051+0000: [ParNew: 38020K->4K(42752K), 0.0038668 secs] 510875K->472859K(920960K), 0.0039353 secs] [Times: user=0.01 sys=0.00, real=0.01 secs] 
2020-10-29T14:17:31.095+0000: [GC (Allocation Failure) 2020-10-29T14:17:31.095+0000: [ParNew: 38020K->4K(42752K), 0.0039686 secs] 510875K->472859K(920960K), 0.0040377 secs] [Times: user=0.01 sys=0.00, real=0.00 secs] 
2020-10-29T14:17:31.136+0000: [GC (Allocation Failure) 2020-10-29T14:17:31.136+0000: [ParNew: 38020K->4K(42752K), 0.0040217 secs] 510875K->472859K(920960K), 0.0040934 secs] [Times: user=0.01 sys=0.00, real=0.00 secs] 
2020-10-29T14:17:31.179+0000: [GC (Allocation Failure) 2020-10-29T14:17:31.179+0000: [ParNew: 38020K->4K(42752K), 0.0038470 secs] 510875K->472859K(920960K), 0.0039131 secs] [Times: user=0.01 sys=0.00, real=0.00 secs] 
2020-10-29T14:17:31.223+0000: [GC (Allocation Failure) 2020-10-29T14:17:31.223+0000: [ParNew: 38020K->4K(42752K), 0.0038586 secs] 510875K->472859K(920960K), 0.0039253 secs] [Times: user=0.00 sys=0.00, real=0.01 secs] 
2020-10-29T14:17:31.264+0000: [GC (Allocation Failure) 2020-10-29T14:17:31.264+0000: [ParNew: 38020K->4K(42752K), 0.0039122 secs] 510875K->472859K(920960K), 0.0039790 secs] [Times: user=0.01 sys=0.00, real=0.01 secs] 
2020-10-29T14:17:31.305+0000: [GC (Allocation Failure) 2020-10-29T14:17:31.305+0000: [ParNew: 38020K->4K(42752K), 0.0038787 secs] 510875K->472859K(920960K), 0.0039448 secs] [Times: user=0.01 sys=0.00, real=0.01 secs] 
2020-10-29T14:17:31.345+0000: [GC (Allocation Failure) 2020-10-29T14:17:31.345+0000: [ParNew: 38020K->4K(42752K), 0.0038561 secs] 510875K->472859K(920960K), 0.0039247 secs] [Times: user=0.01 sys=0.00, real=0.01 secs] 
2020-10-29T14:17:31.387+0000: [GC (Allocation Failure) 2020-10-29T14:17:31.387+0000: [ParNew: 38020K->4K(42752K), 0.0038473 secs] 510875K->472859K(920960K), 0.0039160 secs] [Times: user=0.01 sys=0.00, real=0.00 secs] 
2020-10-29T14:17:31.431+0000: [GC (Allocation Failure) 2020-10-29T14:17:31.431+0000: [ParNew: 38020K->4K(42752K), 0.0038321 secs] 510875K->472859K(920960K), 0.0038994 secs] [Times: user=0.01 sys=0.00, real=0.01 secs] 
2020-10-29T14:17:31.472+0000: [GC (Allocation Failure) 2020-10-29T14:17:31.472+0000: [ParNew: 38020K->4K(42752K), 0.0038140 secs] 510875K->472859K(920960K), 0.0038900 secs] [Times: user=0.01 sys=0.00, real=0.01 secs] 
2020-10-29T14:17:31.513+0000: [GC (Allocation Failure) 2020-10-29T14:17:31.513+0000: [ParNew: 38020K->4K(42752K), 0.0038902 secs] 510875K->472859K(920960K), 0.0039573 secs] [Times: user=0.01 sys=0.00, real=0.01 secs] 
2020-10-29T14:17:31.554+0000: [GC (Allocation Failure) 2020-10-29T14:17:31.554+0000: [ParNew: 38020K->4K(42752K), 0.0040200 secs] 510875K->472859K(920960K), 0.0040893 secs] [Times: user=0.01 sys=0.00, real=0.01 secs] 
2020-10-29T14:17:31.599+0000: [GC (Allocation Failure) 2020-10-29T14:17:31.599+0000: [ParNew: 38020K->4K(42752K), 0.0038435 secs] 510875K->472859K(920960K), 0.0039124 secs] [Times: user=0.01 sys=0.00, real=0.00 secs] 
2020-10-29T14:17:31.643+0000: [GC (Allocation Failure) 2020-10-29T14:17:31.643+0000: [ParNew: 38020K->4K(42752K), 0.0038457 secs] 510875K->472859K(920960K), 0.0039122 secs] [Times: user=0.01 sys=0.00, real=0.01 secs] 
2020-10-29T14:17:31.684+0000: [GC (Allocation Failure) 2020-10-29T14:17:31.684+0000: [ParNew: 38020K->4K(42752K), 0.0069675 secs] 510875K->472859K(920960K), 0.0070350 secs] [Times: user=0.00 sys=0.00, real=0.01 secs] 
2020-10-29T14:17:31.729+0000: [GC (Allocation Failure) 2020-10-29T14:17:31.729+0000: [ParNew: 38020K->4K(42752K), 0.0040847 secs] 510875K->472859K(920960K), 0.0041519 secs] [Times: user=0.01 sys=0.00, real=0.00 secs] 
2020-10-29T14:17:31.771+0000: [GC (Allocation Failure) 2020-10-29T14:17:31.771+0000: [ParNew: 38020K->4K(42752K), 0.0039708 secs] 510875K->472859K(920960K), 0.0040394 secs] [Times: user=0.01 sys=0.00, real=0.01 secs] 
2020-10-29T14:17:31.815+0000: [GC (Allocation Failure) 2020-10-29T14:17:31.815+0000: [ParNew: 38020K->4K(42752K), 0.0039661 secs] 510875K->472859K(920960K), 0.0040325 secs] [Times: user=0.01 sys=0.00, real=0.00 secs] 
2020-10-29T14:17:31.856+0000: [GC (Allocation Failure) 2020-10-29T14:17:31.856+0000: [ParNew: 38020K->4K(42752K), 0.0040050 secs] 510875K->472859K(920960K), 0.0040746 secs] [Times: user=0.01 sys=0.00, real=0.00 secs] 
2020-10-29T14:17:31.899+0000: [GC (Allocation Failure) 2020-10-29T14:17:31.899+0000: [ParNew: 38020K->4K(42752K), 0.0039125 secs] 510875K->472859K(920960K), 0.0039801 secs] [Times: user=0.01 sys=0.00, real=0.00 secs] 
2020-10-29T14:17:31.943+0000: [GC (Allocation Failure) 2020-10-29T14:17:31.943+0000: [ParNew: 38020K->4K(42752K), 0.0038543 secs] 510875K->472859K(920960K), 0.0039393 secs] [Times: user=0.00 sys=0.00, real=0.00 secs] 
2020-10-29T14:17:31.984+0000: [GC (Allocation Failure) 2020-10-29T14:17:31.984+0000: [ParNew: 38020K->4K(42752K), 0.0039091 secs] 510875K->472859K(920960K), 0.0039788 secs] [Times: user=0.01 sys=0.00, real=0.01 secs] 
2020-10-29T14:17:32.025+0000: [GC (Allocation Failure) 2020-10-29T14:17:32.025+0000: [ParNew: 38020K->4K(42752K), 0.0039464 secs] 510875K->472860K(920960K), 0.0040313 secs] [Times: user=0.01 sys=0.00, real=0.01 secs] 
2020-10-29T14:17:32.067+0000: [GC (Allocation Failure) 2020-10-29T14:17:32.067+0000: [ParNew: 38020K->4K(42752K), 0.0039112 secs] 510876K->472860K(920960K), 0.0039919 secs] [Times: user=0.00 sys=0.01, real=0.01 secs] 
2020-10-29T14:17:32.111+0000: [GC (Allocation Failure) 2020-10-29T14:17:32.111+0000: [ParNew: 38020K->4K(42752K), 0.0039185 secs] 510876K->472860K(920960K), 0.0039879 secs] [Times: user=0.01 sys=0.00, real=0.01 secs] 
2020-10-29T14:17:32.152+0000: [GC (Allocation Failure) 2020-10-29T14:17:32.153+0000: [ParNew: 38020K->4K(42752K), 0.0038175 secs] 510876K->472860K(920960K), 0.0038925 secs] [Times: user=0.01 sys=0.00, real=0.01 secs] 
2020-10-29T14:17:32.194+0000: [GC (Allocation Failure) 2020-10-29T14:17:32.194+0000: [ParNew: 38020K->4K(42752K), 0.0039213 secs] 510876K->472860K(920960K), 0.0039889 secs] [Times: user=0.01 sys=0.00, real=0.01 secs] 
2020-10-29T14:17:32.239+0000: [GC (Allocation Failure) 2020-10-29T14:17:32.239+0000: [ParNew: 38020K->4K(42752K), 0.0038626 secs] 510876K->472860K(920960K), 0.0039437 secs] [Times: user=0.01 sys=0.00, real=0.00 secs] 
2020-10-29T14:17:32.283+0000: [GC (Allocation Failure) 2020-10-29T14:17:32.283+0000: [ParNew: 38020K->4K(42752K), 0.0039175 secs] 510876K->472860K(920960K), 0.0039846 secs] [Times: user=0.01 sys=0.00, real=0.01 secs] 
2020-10-29T14:17:32.324+0000: [GC (Allocation Failure) 2020-10-29T14:17:32.324+0000: [ParNew: 38020K->4K(42752K), 0.0039840 secs] 510876K->472860K(920960K), 0.0040729 secs] [Times: user=0.01 sys=0.00, real=0.01 secs] 
2020-10-29T14:17:32.367+0000: [GC (Allocation Failure) 2020-10-29T14:17:32.367+0000: [ParNew: 38020K->4K(42752K), 0.0038880 secs] 510876K->472860K(920960K), 0.0039557 secs] [Times: user=0.01 sys=0.00, real=0.00 secs] 
2020-10-29T14:17:32.410+0000: [GC (Allocation Failure) 2020-10-29T14:17:32.410+0000: [ParNew: 38020K->4K(42752K), 0.0039058 secs] 510876K->472860K(920960K), 0.0039740 secs] [Times: user=0.01 sys=0.00, real=0.00 secs] 
2020-10-29T14:17:32.455+0000: [GC (Allocation Failure) 2020-10-29T14:17:32.455+0000: [ParNew: 38020K->4K(42752K), 0.0038944 secs] 510876K->472860K(920960K), 0.0039635 secs] [Times: user=0.00 sys=0.00, real=0.00 secs] 
2020-10-29T14:17:32.496+0000: [GC (Allocation Failure) 2020-10-29T14:17:32.496+0000: [ParNew: 38020K->4K(42752K), 0.0038474 secs] 510876K->472860K(920960K), 0.0039154 secs] [Times: user=0.01 sys=0.00, real=0.00 secs] 
2020-10-29T14:17:32.539+0000: [GC (Allocation Failure) 2020-10-29T14:17:32.539+0000: [ParNew: 38020K->4K(42752K), 0.0038517 secs] 510876K->472860K(920960K), 0.0039202 secs] [Times: user=0.00 sys=0.01, real=0.00 secs] 
2020-10-29T14:17:32.583+0000: [GC (Allocation Failure) 2020-10-29T14:17:32.583+0000: [ParNew: 38020K->4K(42752K), 0.0038798 secs] 510876K->472860K(920960K), 0.0039466 secs] [Times: user=0.01 sys=0.00, real=0.01 secs] 
2020-10-29T14:17:32.624+0000: [GC (Allocation Failure) 2020-10-29T14:17:32.624+0000: [ParNew: 38020K->4K(42752K), 0.0038713 secs] 510876K->472860K(920960K), 0.0039376 secs] [Times: user=0.01 sys=0.00, real=0.01 secs] 
2020-10-29T14:17:32.667+0000: [GC (Allocation Failure) 2020-10-29T14:17:32.667+0000: [ParNew: 38020K->4K(42752K), 0.0052276 secs] 510876K->472860K(920960K), 0.0052932 secs] [Times: user=0.00 sys=0.00, real=0.00 secs] 
2020-10-29T14:17:32.710+0000: [GC (Allocation Failure) 2020-10-29T14:17:32.710+0000: [ParNew: 38020K->4K(42752K), 0.0039308 secs] 510876K->472860K(920960K), 0.0040073 secs] [Times: user=0.01 sys=0.00, real=0.00 secs] 
2020-10-29T14:17:32.755+0000: [GC (Allocation Failure) 2020-10-29T14:17:32.755+0000: [ParNew: 38020K->4K(42752K), 0.0038785 secs] 510876K->472860K(920960K), 0.0039471 secs] [Times: user=0.01 sys=0.00, real=0.00 secs] 
2020-10-29T14:17:32.799+0000: [GC (Allocation Failure) 2020-10-29T14:17:32.799+0000: [ParNew: 38020K->4K(42752K), 0.0038410 secs] 510876K->472860K(920960K), 0.0039071 secs] [Times: user=0.00 sys=0.01, real=0.00 secs] 
2020-10-29T14:17:32.843+0000: [GC (Allocation Failure) 2020-10-29T14:17:32.843+0000: [ParNew: 38020K->4K(42752K), 0.0038696 secs] 510876K->472860K(920960K), 0.0039371 secs] [Times: user=0.01 sys=0.00, real=0.01 secs] 
2020-10-29T14:17:32.884+0000: [GC (Allocation Failure) 2020-10-29T14:17:32.884+0000: [ParNew: 38020K->4K(42752K), 0.0038660 secs] 510876K->472860K(920960K), 0.0039307 secs] [Times: user=0.01 sys=0.00, real=0.01 secs] 
2020-10-29T14:17:32.925+0000: [GC (Allocation Failure) 2020-10-29T14:17:32.925+0000: [ParNew: 38020K->4K(42752K), 0.0038655 secs] 510876K->472860K(920960K), 0.0039322 secs] [Times: user=0.01 sys=0.00, real=0.01 secs] 
2020-10-29T14:17:32.967+0000: [GC (Allocation Failure) 2020-10-29T14:17:32.967+0000: [ParNew: 38020K->4K(42752K), 0.0038655 secs] 510876K->472860K(920960K), 0.0039335 secs] [Times: user=0.01 sys=0.00, real=0.00 secs] 
2020-10-29T14:17:33.011+0000: [GC (Allocation Failure) 2020-10-29T14:17:33.011+0000: [ParNew: 38020K->4K(42752K), 0.0038521 secs] 510876K->472860K(920960K), 0.0039210 secs] [Times: user=0.01 sys=0.00, real=0.01 secs] 
2020-10-29T14:17:33.052+0000: [GC (Allocation Failure) 2020-10-29T14:17:33.052+0000: [ParNew: 38020K->4K(42752K), 0.0038515 secs] 510876K->472860K(920960K), 0.0039282 secs] [Times: user=0.01 sys=0.00, real=0.01 secs] 
2020-10-29T14:17:33.095+0000: [GC (Allocation Failure) 2020-10-29T14:17:33.095+0000: [ParNew: 38020K->4K(42752K), 0.0039080 secs] 510876K->472860K(920960K), 0.0039764 secs] [Times: user=0.01 sys=0.00, real=0.00 secs] 
2020-10-29T14:17:33.136+0000: [GC (Allocation Failure) 2020-10-29T14:17:33.136+0000: [ParNew: 38020K->4K(42752K), 0.0038877 secs] 510876K->472860K(920960K), 0.0039543 secs] [Times: user=0.01 sys=0.00, real=0.00 secs] 
2020-10-29T14:17:33.178+0000: [GC (Allocation Failure) 2020-10-29T14:17:33.178+0000: [ParNew: 38020K->4K(42752K), 0.0038859 secs] 510876K->472860K(920960K), 0.0039660 secs] [Times: user=0.00 sys=0.00, real=0.00 secs] 
2020-10-29T14:17:33.219+0000: [GC (Allocation Failure) 2020-10-29T14:17:33.219+0000: [ParNew: 38020K->4K(42752K), 0.0038563 secs] 510876K->472860K(920960K), 0.0039231 secs] [Times: user=0.00 sys=0.00, real=0.00 secs] 
2020-10-29T14:17:33.260+0000: [GC (Allocation Failure) 2020-10-29T14:17:33.260+0000: [ParNew: 38020K->4K(42752K), 0.0038715 secs] 510876K->472860K(920960K), 0.0039388 secs] [Times: user=0.01 sys=0.00, real=0.00 secs] 
2020-10-29T14:17:33.302+0000: [GC (Allocation Failure) 2020-10-29T14:17:33.302+0000: [ParNew: 38020K->4K(42752K), 0.0038427 secs] 510876K->472860K(920960K), 0.0039099 secs] [Times: user=0.01 sys=0.00, real=0.00 secs] 
2020-10-29T14:17:33.343+0000: [GC (Allocation Failure) 2020-10-29T14:17:33.343+0000: [ParNew: 38020K->4K(42752K), 0.0038803 secs] 510876K->472860K(920960K), 0.0039482 secs] [Times: user=0.00 sys=0.01, real=0.01 secs] 
2020-10-29T14:17:33.387+0000: [GC (Allocation Failure) 2020-10-29T14:17:33.387+0000: [ParNew: 38020K->4K(42752K), 0.0038468 secs] 510876K->472860K(920960K), 0.0039136 secs] [Times: user=0.01 sys=0.00, real=0.00 secs] 
2020-10-29T14:17:33.428+0000: [GC (Allocation Failure) 2020-10-29T14:17:33.428+0000: [ParNew: 38020K->4K(42752K), 0.0069986 secs] 510876K->472860K(920960K), 0.0070808 secs] [Times: user=0.01 sys=0.00, real=0.01 secs] 
2020-10-29T14:17:33.474+0000: [GC (Allocation Failure) 2020-10-29T14:17:33.474+0000: [ParNew: 38020K->4K(42752K), 0.0038289 secs] 510876K->472860K(920960K), 0.0038971 secs] [Times: user=0.01 sys=0.00, real=0.01 secs] 
2020-10-29T14:17:33.515+0000: [GC (Allocation Failure) 2020-10-29T14:17:33.515+0000: [ParNew: 38020K->4K(42752K), 0.0039648 secs] 510876K->472860K(920960K), 0.0040323 secs] [Times: user=0.01 sys=0.00, real=0.00 secs] 
2020-10-29T14:17:33.559+0000: [GC (Allocation Failure) 2020-10-29T14:17:33.559+0000: [ParNew: 38020K->4K(42752K), 0.0039072 secs] 510876K->472860K(920960K), 0.0039740 secs] [Times: user=0.01 sys=0.00, real=0.00 secs] 
2020-10-29T14:17:33.600+0000: [GC (Allocation Failure) 2020-10-29T14:17:33.600+0000: [ParNew: 38020K->4K(42752K), 0.0038387 secs] 510876K->472860K(920960K), 0.0039075 secs] [Times: user=0.01 sys=0.00, real=0.00 secs] 
2020-10-29T14:17:33.644+0000: [GC (Allocation Failure) 2020-10-29T14:17:33.644+0000: [ParNew: 38020K->4K(42752K), 0.0038541 secs] 510876K->472860K(920960K), 0.0039200 secs] [Times: user=0.00 sys=0.00, real=0.01 secs] 
2020-10-29T14:17:33.685+0000: [GC (Allocation Failure) 2020-10-29T14:17:33.685+0000: [ParNew: 38020K->4K(42752K), 0.0039870 secs] 510876K->472860K(920960K), 0.0040666 secs] [Times: user=0.01 sys=0.00, real=0.01 secs] 
2020-10-29T14:17:33.730+0000: [GC (Allocation Failure) 2020-10-29T14:17:33.730+0000: [ParNew: 38020K->4K(42752K), 0.0041032 secs] 510876K->472860K(920960K), 0.0041704 secs] [Times: user=0.00 sys=0.00, real=0.00 secs] 
2020-10-29T14:17:33.776+0000: [GC (Allocation Failure) 2020-10-29T14:17:33.776+0000: [ParNew: 38020K->4K(42752K), 0.0038848 secs] 510876K->472860K(920960K), 0.0039520 secs] [Times: user=0.01 sys=0.00, real=0.00 secs] 
2020-10-29T14:17:33.817+0000: [GC (Allocation Failure) 2020-10-29T14:17:33.817+0000: [ParNew: 38020K->4K(42752K), 0.0038397 secs] 510876K->472860K(920960K), 0.0039058 secs] [Times: user=0.01 sys=0.00, real=0.00 secs] 
2020-10-29T14:17:33.859+0000: [GC (Allocation Failure) 2020-10-29T14:17:33.859+0000: [ParNew: 38020K->4K(42752K), 0.0038455 secs] 510876K->472860K(920960K), 0.0039128 secs] [Times: user=0.01 sys=0.00, real=0.00 secs] 
2020-10-29T14:17:33.903+0000: [GC (Allocation Failure) 2020-10-29T14:17:33.903+0000: [ParNew: 38020K->4K(42752K), 0.0038500 secs] 510876K->472860K(920960K), 0.0039169 secs] [Times: user=0.01 sys=0.00, real=0.01 secs] 
2020-10-29T14:17:33.944+0000: [GC (Allocation Failure) 2020-10-29T14:17:33.944+0000: [ParNew: 38020K->4K(42752K), 0.0038512 secs] 510876K->472860K(920960K), 0.0039180 secs] [Times: user=0.01 sys=0.00, real=0.01 secs] 
2020-10-29T14:17:33.987+0000: [GC (Allocation Failure) 2020-10-29T14:17:33.987+0000: [ParNew: 38020K->4K(42752K), 0.0038820 secs] 510876K->472860K(920960K), 0.0039490 secs] [Times: user=0.01 sys=0.00, real=0.00 secs] 
2020-10-29T14:17:34.031+0000: [GC (Allocation Failure) 2020-10-29T14:17:34.031+0000: [ParNew: 38020K->6K(42752K), 0.0038954 secs] 510876K->472862K(920960K), 0.0039624 secs] [Times: user=0.01 sys=0.01, real=0.01 secs] 
2020-10-29T14:17:34.072+0000: [GC (Allocation Failure) 2020-10-29T14:17:34.072+0000: [ParNew: 38022K->4K(42752K), 0.0040148 secs] 510878K->472860K(920960K), 0.0040847 secs] [Times: user=0.01 sys=0.00, real=0.01 secs] 
2020-10-29T14:17:34.115+0000: [GC (Allocation Failure) 2020-10-29T14:17:34.115+0000: [ParNew: 38020K->4K(42752K), 0.0039276 secs] 510876K->472860K(920960K), 0.0039957 secs] [Times: user=0.01 sys=0.00, real=0.00 secs] 
2020-10-29T14:17:34.159+0000: [GC (Allocation Failure) 2020-10-29T14:17:34.159+0000: [ParNew: 38020K->4K(42752K), 0.0038739 secs] 510876K->472861K(920960K), 0.0039405 secs] [Times: user=0.01 sys=0.00, real=0.00 secs] 
2020-10-29T14:17:34.203+0000: [GC (Allocation Failure) 2020-10-29T14:17:34.203+0000: [ParNew: 38020K->4K(42752K), 0.0038595 secs] 510877K->472861K(920960K), 0.0039295 secs] [Times: user=0.00 sys=0.00, real=0.01 secs] 
2020-10-29T14:17:34.244+0000: [GC (Allocation Failure) 2020-10-29T14:17:34.244+0000: [ParNew: 38020K->4K(42752K), 0.0039080 secs] 510877K->472861K(920960K), 0.0039759 secs] [Times: user=0.01 sys=0.00, real=0.01 secs] 
2020-10-29T14:17:34.285+0000: [GC (Allocation Failure) 2020-10-29T14:17:34.285+0000: [ParNew: 38020K->4K(42752K), 0.0038910 secs] 510877K->472861K(920960K), 0.0039627 secs] [Times: user=0.01 sys=0.00, real=0.01 secs] 
2020-10-29T14:17:34.326+0000: [GC (Allocation Failure) 2020-10-29T14:17:34.326+0000: [ParNew: 38020K->4K(42752K), 0.0038737 secs] 510877K->472861K(920960K), 0.0039408 secs] [Times: user=0.01 sys=0.00, real=0.01 secs] 
2020-10-29T14:17:34.366+0000: [GC (Allocation Failure) 2020-10-29T14:17:34.366+0000: [ParNew: 38020K->4K(42752K), 0.0038437 secs] 510877K->472861K(920960K), 0.0039120 secs] [Times: user=0.00 sys=0.00, real=0.01 secs] 
2020-10-29T14:17:34.407+0000: [GC (Allocation Failure) 2020-10-29T14:17:34.407+0000: [ParNew: 38020K->4K(42752K), 0.0038645 secs] 510877K->472861K(920960K), 0.0039316 secs] [Times: user=0.01 sys=0.00, real=0.00 secs] 
2020-10-29T14:17:34.451+0000: [GC (Allocation Failure) 2020-10-29T14:17:34.451+0000: [ParNew: 38020K->4K(42752K), 0.0038840 secs] 510877K->472861K(920960K), 0.0039528 secs] [Times: user=0.01 sys=0.00, real=0.01 secs] 
2020-10-29T14:17:34.496+0000: [GC (Allocation Failure) 2020-10-29T14:17:34.496+0000: [ParNew: 38020K->4K(42752K), 0.0038496 secs] 510877K->472861K(920960K), 0.0039151 secs] [Times: user=0.01 sys=0.00, real=0.00 secs] 
2020-10-29T14:17:34.539+0000: [GC (Allocation Failure) 2020-10-29T14:17:34.539+0000: [ParNew: 38020K->4K(42752K), 0.0039952 secs] 510877K->472861K(920960K), 0.0040698 secs] [Times: user=0.01 sys=0.00, real=0.00 secs] 
2020-10-29T14:17:34.588+0000: [GC (Allocation Failure) 2020-10-29T14:17:34.588+0000: [ParNew: 38020K->8K(42752K), 0.0041762 secs] 510877K->472865K(920960K), 0.0042506 secs] [Times: user=0.01 sys=0.00, real=0.00 secs] 
2020-10-29T14:17:34.630+0000: [GC (Allocation Failure) 2020-10-29T14:17:34.630+0000: [ParNew: 38024K->8K(42752K), 0.0038909 secs] 510881K->472865K(920960K), 0.0039497 secs] [Times: user=0.00 sys=0.00, real=0.00 secs] 
2020-10-29T14:17:34.675+0000: [GC (Allocation Failure) 2020-10-29T14:17:34.675+0000: [ParNew: 38024K->9K(42752K), 0.0039155 secs] 510881K->472866K(920960K), 0.0039828 secs] [Times: user=0.00 sys=0.00, real=0.00 secs] 
2020-10-29T14:17:34.719+0000: [GC (Allocation Failure) 2020-10-29T14:17:34.719+0000: [ParNew: 38025K->8K(42752K), 0.0038749 secs] 510882K->472865K(920960K), 0.0039430 secs] [Times: user=0.01 sys=0.00, real=0.00 secs] 
2020-10-29T14:17:34.760+0000: [GC (Allocation Failure) 2020-10-29T14:17:34.760+0000: [ParNew: 38024K->6K(42752K), 0.0038999 secs] 510881K->472863K(920960K), 0.0039690 secs] [Times: user=0.01 sys=0.00, real=0.00 secs] 
2020-10-29T14:17:34.801+0000: [GC (Allocation Failure) 2020-10-29T14:17:34.801+0000: [ParNew: 38022K->7K(42752K), 0.0039740 secs] 510879K->472864K(920960K), 0.0040441 secs] [Times: user=0.00 sys=0.00, real=0.00 secs] 
2020-10-29T14:17:34.847+0000: [GC (Allocation Failure) 2020-10-29T14:17:34.847+0000: [ParNew: 38023K->4K(42752K), 0.0039285 secs] 510880K->472864K(920960K), 0.0040017 secs] [Times: user=0.01 sys=0.00, real=0.00 secs] 
2020-10-29T14:17:34.891+0000: [GC (Allocation Failure) 2020-10-29T14:17:34.891+0000: [ParNew: 38020K->4K(42752K), 0.0039306 secs] 510880K->472864K(920960K), 0.0039980 secs] [Times: user=0.01 sys=0.00, real=0.01 secs] 
2020-10-29T14:17:34.932+0000: [GC (Allocation Failure) 2020-10-29T14:17:34.932+0000: [ParNew: 38020K->4K(42752K), 0.0038774 secs] 510880K->472864K(920960K), 0.0039441 secs] [Times: user=0.01 sys=0.00, real=0.01 secs] 
2020-10-29T14:17:34.975+0000: [GC (Allocation Failure) 2020-10-29T14:17:34.975+0000: [ParNew: 38020K->4K(42752K), 0.0038546 secs] 510880K->472864K(920960K), 0.0039212 secs] [Times: user=0.01 sys=0.00, real=0.00 secs] 
2020-10-29T14:17:35.019+0000: [GC (Allocation Failure) 2020-10-29T14:17:35.019+0000: [ParNew: 38020K->4K(42752K), 0.0038663 secs] 510880K->472864K(920960K), 0.0039343 secs] [Times: user=0.01 sys=0.00, real=0.00 secs] 
2020-10-29T14:17:35.063+0000: [GC (Allocation Failure) 2020-10-29T14:17:35.063+0000: [ParNew: 38020K->4K(42752K), 0.0038633 secs] 510880K->472864K(920960K), 0.0039194 secs] [Times: user=0.00 sys=0.00, real=0.01 secs] 
2020-10-29T14:17:35.105+0000: [GC (Allocation Failure) 2020-10-29T14:17:35.105+0000: [ParNew: 38020K->4K(42752K), 0.0039087 secs] 510880K->472864K(920960K), 0.0039772 secs] [Times: user=0.01 sys=0.00, real=0.01 secs] 
2020-10-29T14:17:35.147+0000: [GC (Allocation Failure) 2020-10-29T14:17:35.147+0000: [ParNew: 38020K->4K(42752K), 0.0039279 secs] 510880K->472864K(920960K), 0.0039960 secs] [Times: user=0.01 sys=0.00, real=0.00 secs] 
2020-10-29T14:17:35.188+0000: [GC (Allocation Failure) 2020-10-29T14:17:35.188+0000: [ParNew: 38020K->4K(42752K), 0.0038779 secs] 510880K->472864K(920960K), 0.0039613 secs] [Times: user=0.01 sys=0.00, real=0.00 secs] 
2020-10-29T14:17:35.229+0000: [GC (Allocation Failure) 2020-10-29T14:17:35.229+0000: [ParNew: 38020K->4K(42752K), 0.0039152 secs] 510880K->472864K(920960K), 0.0039827 secs] [Times: user=0.01 sys=0.00, real=0.00 secs] 
2020-10-29T14:17:35.271+0000: [GC (Allocation Failure) 2020-10-29T14:17:35.271+0000: [ParNew: 38020K->4K(42752K), 0.0038953 secs] 510880K->472864K(920960K), 0.0039625 secs] [Times: user=0.00 sys=0.00, real=0.01 secs] 
2020-10-29T14:17:35.312+0000: [GC (Allocation Failure) 2020-10-29T14:17:35.312+0000: [ParNew: 38020K->4K(42752K), 0.0038582 secs] 510880K->472864K(920960K), 0.0039259 secs] [Times: user=0.01 sys=0.00, real=0.01 secs] 
2020-10-29T14:17:35.353+0000: [GC (Allocation Failure) 2020-10-29T14:17:35.353+0000: [ParNew: 38020K->4K(42752K), 0.0038853 secs] 510880K->472864K(920960K), 0.0039524 secs] [Times: user=0.01 sys=0.00, real=0.01 secs] 
2020-10-29T14:17:35.398+0000: [GC (Allocation Failure) 2020-10-29T14:17:35.398+0000: [ParNew: 38020K->4K(42752K), 0.0039186 secs] 510880K->472864K(920960K), 0.0039876 secs] [Times: user=0.01 sys=0.00, real=0.00 secs] 
2020-10-29T14:17:35.440+0000: [GC (Allocation Failure) 2020-10-29T14:17:35.440+0000: [ParNew: 38020K->4K(42752K), 0.0038489 secs] 510880K->472864K(920960K), 0.0039155 secs] [Times: user=0.00 sys=0.00, real=0.00 secs] 
2020-10-29T14:17:35.483+0000: [GC (Allocation Failure) 2020-10-29T14:17:35.483+0000: [ParNew: 38020K->4K(42752K), 0.0038451 secs] 510880K->472864K(920960K), 0.0039132 secs] [Times: user=0.01 sys=0.00, real=0.01 secs] 
2020-10-29T14:17:35.525+0000: [GC (Allocation Failure) 2020-10-29T14:17:35.525+0000: [ParNew: 38020K->4K(42752K), 0.0039219 secs] 510880K->472864K(920960K), 0.0039883 secs] [Times: user=0.00 sys=0.00, real=0.01 secs] 
2020-10-29T14:17:35.566+0000: [GC (Allocation Failure) 2020-10-29T14:17:35.566+0000: [ParNew: 38020K->4K(42752K), 0.0039286 secs] 510880K->472864K(920960K), 0.0039962 secs] [Times: user=0.01 sys=0.00, real=0.01 secs] 
2020-10-29T14:17:35.610+0000: [GC (Allocation Failure) 2020-10-29T14:17:35.610+0000: [ParNew: 38020K->4K(42752K), 0.0039350 secs] 510880K->472864K(920960K), 0.0040127 secs] [Times: user=0.01 sys=0.00, real=0.00 secs] 
2020-10-29T14:17:35.655+0000: [GC (Allocation Failure) 2020-10-29T14:17:35.655+0000: [ParNew: 38020K->4K(42752K), 0.0039155 secs] 510880K->472864K(920960K), 0.0039860 secs] [Times: user=0.00 sys=0.00, real=0.00 secs] 
2020-10-29T14:17:35.696+0000: [GC (Allocation Failure) 2020-10-29T14:17:35.696+0000: [ParNew: 38020K->4K(42752K), 0.0039379 secs] 510880K->472864K(920960K), 0.0040059 secs] [Times: user=0.00 sys=0.00, real=0.00 secs] 
2020-10-29T14:17:35.739+0000: [GC (Allocation Failure) 2020-10-29T14:17:35.739+0000: [ParNew: 38020K->4K(42752K), 0.0038472 secs] 510880K->472864K(920960K), 0.0039125 secs] [Times: user=0.01 sys=0.00, real=0.00 secs] 
2020-10-29T14:17:35.780+0000: [GC (Allocation Failure) 2020-10-29T14:17:35.780+0000: [ParNew: 38020K->4K(42752K), 0.0038864 secs] 510880K->472864K(920960K), 0.0039572 secs] [Times: user=0.01 sys=0.00, real=0.00 secs] 
2020-10-29T14:17:35.823+0000: [GC (Allocation Failure) 2020-10-29T14:17:35.823+0000: [ParNew: 38020K->4K(42752K), 0.0038529 secs] 510880K->472864K(920960K), 0.0039212 secs] [Times: user=0.01 sys=0.00, real=0.01 secs] 
2020-10-29T14:17:35.867+0000: [GC (Allocation Failure) 2020-10-29T14:17:35.867+0000: [ParNew: 38020K->4K(42752K), 0.0040931 secs] 510880K->472864K(920960K), 0.0041684 secs] [Times: user=0.01 sys=0.00, real=0.00 secs] 
2020-10-29T14:17:35.915+0000: [GC (Allocation Failure) 2020-10-29T14:17:35.915+0000: [ParNew: 38020K->4K(42752K), 0.0038796 secs] 510880K->472864K(920960K), 0.0039480 secs] [Times: user=0.01 sys=0.00, real=0.00 secs] 
2020-10-29T14:17:35.959+0000: [GC (Allocation Failure) 2020-10-29T14:17:35.959+0000: [ParNew: 38020K->4K(42752K), 0.0038779 secs] 510880K->472864K(920960K), 0.0039433 secs] [Times: user=0.01 sys=0.00, real=0.00 secs] 
2020-10-29T14:17:36.003+0000: [GC (Allocation Failure) 2020-10-29T14:17:36.003+0000: [ParNew: 38020K->4K(42752K), 0.0038701 secs] 510880K->472864K(920960K), 0.0039381 secs] [Times: user=0.00 sys=0.00, real=0.01 secs] 
2020-10-29T14:17:36.044+0000: [GC (Allocation Failure) 2020-10-29T14:17:36.044+0000: [ParNew: 38020K->4K(42752K), 0.0040388 secs] 510880K->472864K(920960K), 0.0041102 secs] [Times: user=0.00 sys=0.00, real=0.01 secs] 
2020-10-29T14:17:36.087+0000: [GC (Allocation Failure) 2020-10-29T14:17:36.087+0000: [ParNew: 38020K->4K(42752K), 0.0038831 secs] 510880K->472864K(920960K), 0.0039519 secs] [Times: user=0.01 sys=0.00, real=0.00 secs] 
2020-10-29T14:17:36.128+0000: [GC (Allocation Failure) 2020-10-29T14:17:36.128+0000: [ParNew: 38020K->4K(42752K), 0.0039199 secs] 510880K->472864K(920960K), 0.0039873 secs] [Times: user=0.01 sys=0.00, real=0.00 secs] 
2020-10-29T14:17:36.173+0000: [GC (Allocation Failure) 2020-10-29T14:17:36.173+0000: [ParNew: 38020K->4K(42752K), 0.0038742 secs] 510880K->472864K(920960K), 0.0039521 secs] [Times: user=0.01 sys=0.00, real=0.01 secs] 
2020-10-29T14:17:36.214+0000: [GC (Allocation Failure) 2020-10-29T14:17:36.214+0000: [ParNew: 38020K->4K(42752K), 0.0039565 secs] 510880K->472864K(920960K), 0.0040250 secs] [Times: user=0.01 sys=0.00, real=0.01 secs] 
2020-10-29T14:17:36.256+0000: [GC (Allocation Failure) 2020-10-29T14:17:36.256+0000: [ParNew: 38020K->4K(42752K), 0.0038698 secs] 510880K->472864K(920960K), 0.0039360 secs] [Times: user=0.01 sys=0.00, real=0.00 secs] 
2020-10-29T14:17:36.296+0000: [GC (Allocation Failure) 2020-10-29T14:17:36.296+0000: [ParNew: 38020K->4K(42752K), 0.0039801 secs] 510880K->472864K(920960K), 0.0040492 secs] [Times: user=0.01 sys=0.00, real=0.00 secs] 
2020-10-29T14:17:36.424+0000: [GC (Allocation Failure) 2020-10-29T14:17:36.424+0000: [ParNew: 38020K->4K(42752K), 0.0038943 secs] 510880K->472864K(920960K), 0.0039889 secs] [Times: user=0.01 sys=0.00, real=0.01 secs] 
2020-10-29T14:17:36.597+0000: [GC (Allocation Failure) 2020-10-29T14:17:36.597+0000: [ParNew: 38020K->4K(42752K), 0.0038693 secs] 510880K->472864K(920960K), 0.0039582 secs] [Times: user=0.01 sys=0.00, real=0.00 secs] 
2020-10-29T14:17:36.771+0000: [GC (Allocation Failure) 2020-10-29T14:17:36.771+0000: [ParNew: 38020K->4K(42752K), 0.0037946 secs] 510880K->472864K(920960K), 0.0038652 secs] [Times: user=0.00 sys=0.00, real=0.00 secs] 
2020-10-29T14:17:36.855+0000: [GC (Allocation Failure) 2020-10-29T14:17:36.855+0000: [ParNew: 38020K->4K(42752K), 0.0038736 secs] 510880K->472864K(920960K), 0.0039433 secs] [Times: user=0.01 sys=0.00, real=0.00 secs] 
2020-10-29T14:17:36.939+0000: [GC (Allocation Failure) 2020-10-29T14:17:36.939+0000: [ParNew: 38020K->4K(42752K), 0.0038015 secs] 510880K->472864K(920960K), 0.0038709 secs] [Times: user=0.01 sys=0.00, real=0.00 secs] 
2020-10-29T14:17:37.057+0000: [GC (Allocation Failure) 2020-10-29T14:17:37.057+0000: [ParNew: 38020K->6K(42752K), 0.0046885 secs] 510880K->472866K(920960K), 0.0047594 secs] [Times: user=0.01 sys=0.00, real=0.00 secs] 
2020-10-29T14:17:37.147+0000: [GC (Allocation Failure) 2020-10-29T14:17:37.147+0000: [ParNew: 38022K->4K(42752K), 0.0038722 secs] 510882K->472865K(920960K), 0.0039424 secs] [Times: user=0.01 sys=0.00, real=0.00 secs] 
2020-10-29T14:17:37.238+0000: [GC (Allocation Failure) 2020-10-29T14:17:37.238+0000: [ParNew: 38020K->4K(42752K), 0.0038218 secs] 510881K->472865K(920960K), 0.0038918 secs] [Times: user=0.01 sys=0.00, real=0.00 secs] 
2020-10-29T14:17:37.327+0000: [GC (Allocation Failure) 2020-10-29T14:17:37.327+0000: [ParNew: 38020K->4K(42752K), 0.0038262 secs] 510881K->472865K(920960K), 0.0038954 secs] [Times: user=0.00 sys=0.01, real=0.00 secs] 
2020-10-29T14:17:37.415+0000: [GC (Allocation Failure) 2020-10-29T14:17:37.415+0000: [ParNew: 38020K->4K(42752K), 0.0038576 secs] 510881K->472865K(920960K), 0.0039260 secs] [Times: user=0.01 sys=0.00, real=0.00 secs] 
2020-10-29T14:17:37.505+0000: [GC (Allocation Failure) 2020-10-29T14:17:37.505+0000: [ParNew: 38020K->4K(42752K), 0.0038869 secs] 510881K->472867K(920960K), 0.0039560 secs] [Times: user=0.01 sys=0.00, real=0.01 secs] 
2020-10-29T14:17:37.629+0000: [GC (Allocation Failure) 2020-10-29T14:17:37.629+0000: [ParNew: 38020K->4K(42752K), 0.0038476 secs] 510883K->472867K(920960K), 0.0039180 secs] [Times: user=0.01 sys=0.00, real=0.00 secs] 
2020-10-29T14:17:37.686+0000: [GC (Allocation Failure) 2020-10-29T14:17:37.686+0000: [ParNew: 38020K->4K(42752K), 0.0041642 secs] 510883K->472867K(920960K), 0.0042571 secs] [Times: user=0.01 sys=0.00, real=0.01 secs] 
2020-10-29T14:17:37.744+0000: [GC (Allocation Failure) 2020-10-29T14:17:37.744+0000: [ParNew: 38020K->4K(42752K), 0.0038893 secs] 510883K->472867K(920960K), 0.0039582 secs] [Times: user=0.00 sys=0.00, real=0.01 secs] 
2020-10-29T14:17:37.799+0000: [GC (Allocation Failure) 2020-10-29T14:17:37.799+0000: [ParNew: 38020K->4K(42752K), 0.0038912 secs] 510883K->472867K(920960K), 0.0039611 secs] [Times: user=0.00 sys=0.01, real=0.00 secs] 
2020-10-29T14:17:37.855+0000: [GC (Allocation Failure) 2020-10-29T14:17:37.855+0000: [ParNew: 38020K->4K(42752K), 0.0038777 secs] 510883K->472867K(920960K), 0.0039659 secs] [Times: user=0.00 sys=0.00, real=0.00 secs] 
2020-10-29T14:17:37.910+0000: [GC (Allocation Failure) 2020-10-29T14:17:37.910+0000: [ParNew: 38020K->4K(42752K), 0.0038717 secs] 510883K->472867K(920960K), 0.0039397 secs] [Times: user=0.00 sys=0.00, real=0.00 secs] 
2020-10-29T14:17:37.966+0000: [GC (Allocation Failure) 2020-10-29T14:17:37.966+0000: [ParNew: 38020K->4K(42752K), 0.0039079 secs] 510883K->472868K(920960K), 0.0039767 secs] [Times: user=0.01 sys=0.00, real=0.01 secs] 
2020-10-29T14:17:38.022+0000: [GC (Allocation Failure) 2020-10-29T14:17:38.022+0000: [ParNew: 38020K->4K(42752K), 0.0038317 secs] 510884K->472868K(920960K), 0.0039014 secs] [Times: user=0.01 sys=0.00, real=0.00 secs] 
2020-10-29T14:17:38.078+0000: [GC (Allocation Failure) 2020-10-29T14:17:38.078+0000: [ParNew: 38020K->4K(42752K), 0.0038629 secs] 510884K->472868K(920960K), 0.0039302 secs] [Times: user=0.01 sys=0.00, real=0.00 secs] 
2020-10-29T14:17:38.750+0000: [GC (Allocation Failure) 2020-10-29T14:17:38.750+0000: [ParNew: 38020K->1311K(42752K), 0.0061921 secs] 510884K->474176K(920960K), 0.0062852 secs] [Times: user=0.02 sys=0.00, real=0.01 secs] 
2020-10-29T14:17:39.020+0000: [GC (Allocation Failure) 2020-10-29T14:17:39.020+0000: [ParNew: 39327K->2790K(42752K), 0.0219750 secs] 512192K->475654K(920960K), 0.0220659 secs] [Times: user=0.04 sys=0.00, real=0.02 secs] 
2020-10-29T14:17:39.115+0000: [GC (Allocation Failure) 2020-10-29T14:17:39.115+0000: [ParNew: 40806K->2793K(42752K), 0.0066906 secs] 513670K->476192K(920960K), 0.0067874 secs] [Times: user=0.01 sys=0.00, real=0.00 secs] 
2020-10-29T14:17:39.191+0000: [GC (Allocation Failure) 2020-10-29T14:17:39.191+0000: [ParNew: 40809K->2858K(42752K), 0.0055864 secs] 514208K->476257K(920960K), 0.0056800 secs] [Times: user=0.01 sys=0.00, real=0.01 secs] 
2020-10-29T14:17:39.289+0000: [GC (Allocation Failure) 2020-10-29T14:17:39.289+0000: [ParNew: 40874K->3360K(42752K), 0.0055615 secs] 514273K->476759K(920960K), 0.0056608 secs] [Times: user=0.02 sys=0.00, real=0.01 secs] 
2020-10-29T14:17:39.374+0000: [GC (Allocation Failure) 2020-10-29T14:17:39.374+0000: [ParNew: 41376K->1950K(42752K), 0.0054050 secs] 514775K->475348K(920960K), 0.0054986 secs] [Times: user=0.02 sys=0.00, real=0.01 secs] 
2020-10-29T14:17:39.467+0000: [GC (Allocation Failure) 2020-10-29T14:17:39.467+0000: [ParNew: 39966K->2541K(42752K), 0.0058688 secs] 513364K->475940K(920960K), 0.0059402 secs] [Times: user=0.01 sys=0.00, real=0.00 secs] 
2020-10-29T14:17:39.539+0000: [GC (Allocation Failure) 2020-10-29T14:17:39.539+0000: [ParNew: 40557K->2269K(42752K), 0.0077307 secs] 513956K->476979K(920960K), 0.0078042 secs] [Times: user=0.01 sys=0.00, real=0.01 secs] 
2020-10-29T14:17:39.602+0000: [GC (Allocation Failure) 2020-10-29T14:17:39.602+0000: [ParNew: 40285K->1337K(42752K), 0.0041518 secs] 514995K->476059K(920960K), 0.0042284 secs] [Times: user=0.00 sys=0.00, real=0.00 secs] 
2020-10-29T14:17:39.663+0000: [GC (Allocation Failure) 2020-10-29T14:17:39.663+0000: [ParNew: 39353K->1102K(42752K), 0.0041230 secs] 514075K->475824K(920960K), 0.0041950 secs] [Times: user=0.00 sys=0.00, real=0.01 secs] 
2020-10-29T14:17:39.747+0000: [GC (Allocation Failure) 2020-10-29T14:17:39.747+0000: [ParNew: 39118K->1044K(42752K), 0.0041216 secs] 513840K->475765K(920960K), 0.0042131 secs] [Times: user=0.01 sys=0.00, real=0.00 secs] 
2020-10-29T14:17:39.827+0000: [GC (Allocation Failure) 2020-10-29T14:17:39.827+0000: [ParNew: 39060K->5K(42752K), 0.0069484 secs] 513781K->474727K(920960K), 0.0070194 secs] [Times: user=0.01 sys=0.00, real=0.00 secs] 
2020-10-29T14:17:39.920+0000: [GC (Allocation Failure) 2020-10-29T14:17:39.920+0000: [ParNew: 38021K->6K(42752K), 0.0116965 secs] 512743K->474728K(920960K), 0.0117671 secs] [Times: user=0.02 sys=0.00, real=0.01 secs] 
2020-10-29T14:17:40.015+0000: [GC (Allocation Failure) 2020-10-29T14:17:40.015+0000: [ParNew: 38022K->6K(42752K), 0.0137314 secs] 512744K->474728K(920960K), 0.0138169 secs] [Times: user=0.03 sys=0.00, real=0.01 secs] 
2020-10-29T14:17:40.111+0000: [GC (Allocation Failure) 2020-10-29T14:17:40.111+0000: [ParNew: 38022K->6K(42752K), 0.0101445 secs] 512744K->474728K(920960K), 0.0102176 secs] [Times: user=0.02 sys=0.00, real=0.01 secs] 
2020-10-29T14:17:40.171+0000: [GC (Allocation Failure) 2020-10-29T14:17:40.171+0000: [ParNew: 38022K->6K(42752K), 0.0039909 secs] 512744K->474728K(920960K), 0.0040610 secs] [Times: user=0.01 sys=0.00, real=0.01 secs] 
2020-10-29T14:17:40.216+0000: [GC (Allocation Failure) 2020-10-29T14:17:40.216+0000: [ParNew: 38022K->4K(42752K), 0.0039401 secs] 512744K->474726K(920960K), 0.0040099 secs] [Times: user=0.01 sys=0.00, real=0.00 secs] 
2020-10-29T14:17:40.259+0000: [GC (Allocation Failure) 2020-10-29T14:17:40.259+0000: [ParNew: 38020K->4K(42752K), 0.0040034 secs] 512742K->474727K(920960K), 0.0040748 secs] [Times: user=0.00 sys=0.00, real=0.00 secs] 
2020-10-29T14:17:40.302+0000: [GC (Allocation Failure) 2020-10-29T14:17:40.302+0000: [ParNew: 38020K->4K(42752K), 0.0039447 secs] 512743K->474727K(920960K), 0.0040144 secs] [Times: user=0.01 sys=0.00, real=0.00 secs] 
2020-10-29T14:17:40.344+0000: [GC (Allocation Failure) 2020-10-29T14:17:40.344+0000: [ParNew: 38020K->4K(42752K), 0.0039101 secs] 512743K->474727K(920960K), 0.0039790 secs] [Times: user=0.01 sys=0.00, real=0.01 secs] 
2020-10-29T14:17:40.385+0000: [GC (Allocation Failure) 2020-10-29T14:17:40.385+0000: [ParNew: 38020K->4K(42752K), 0.0039090 secs] 512743K->474727K(920960K), 0.0039799 secs] [Times: user=0.00 sys=0.00, real=0.01 secs] 
2020-10-29T14:17:40.431+0000: [GC (Allocation Failure) 2020-10-29T14:17:40.431+0000: [ParNew: 38020K->4K(42752K), 0.0038715 secs] 512743K->474727K(920960K), 0.0039403 secs] [Times: user=0.01 sys=0.00, real=0.01 secs] 
2020-10-29T14:17:40.473+0000: [GC (Allocation Failure) 2020-10-29T14:17:40.473+0000: [ParNew: 38020K->4K(42752K), 0.0038922 secs] 512743K->474727K(920960K), 0.0039615 secs] [Times: user=0.01 sys=0.00, real=0.01 secs] 
2020-10-29T14:17:40.514+0000: [GC (Allocation Failure) 2020-10-29T14:17:40.514+0000: [ParNew: 38020K->4K(42752K), 0.0038937 secs] 512743K->474727K(920960K), 0.0039617 secs] [Times: user=0.00 sys=0.00, real=0.01 secs] 
2020-10-29T14:17:40.558+0000: [GC (Allocation Failure) 2020-10-29T14:17:40.558+0000: [ParNew: 38020K->4K(42752K), 0.0039567 secs] 512743K->474727K(920960K), 0.0040268 secs] [Times: user=0.01 sys=0.00, real=0.00 secs] 
2020-10-29T14:17:40.600+0000: [GC (Allocation Failure) 2020-10-29T14:17:40.600+0000: [ParNew: 38020K->4K(42752K), 0.0038896 secs] 512743K->474727K(920960K), 0.0039584 secs] [Times: user=0.01 sys=0.00, real=0.00 secs] 
2020-10-29T14:17:40.643+0000: [GC (Allocation Failure) 2020-10-29T14:17:40.643+0000: [ParNew: 38020K->4K(42752K), 0.0039590 secs] 512743K->474727K(920960K), 0.0040511 secs] [Times: user=0.01 sys=0.00, real=0.01 secs] 
2020-10-29T14:17:40.687+0000: [GC (Allocation Failure) 2020-10-29T14:17:40.687+0000: [ParNew: 38020K->4K(42752K), 0.0039387 secs] 512743K->474727K(920960K), 0.0040072 secs] [Times: user=0.00 sys=0.00, real=0.00 secs] 
2020-10-29T14:17:40.731+0000: [GC (Allocation Failure) 2020-10-29T14:17:40.731+0000: [ParNew: 38020K->4K(42752K), 0.0041837 secs] 512743K->474727K(920960K), 0.0042543 secs] [Times: user=0.00 sys=0.00, real=0.01 secs] 
2020-10-29T14:17:40.775+0000: [GC (Allocation Failure) 2020-10-29T14:17:40.775+0000: [ParNew: 38020K->4K(42752K), 0.0039484 secs] 512743K->474727K(920960K), 0.0040178 secs] [Times: user=0.00 sys=0.00, real=0.00 secs] 
2020-10-29T14:17:40.817+0000: [GC (Allocation Failure) 2020-10-29T14:17:40.817+0000: [ParNew: 38020K->4K(42752K), 0.0039094 secs] 512743K->474727K(920960K), 0.0039774 secs] [Times: user=0.01 sys=0.00, real=0.00 secs] 
2020-10-29T14:17:40.858+0000: [GC (Allocation Failure) 2020-10-29T14:17:40.858+0000: [ParNew: 38020K->4K(42752K), 0.0039158 secs] 512743K->474727K(920960K), 0.0039861 secs] [Times: user=0.01 sys=0.00, real=0.00 secs] 
2020-10-29T14:17:40.903+0000: [GC (Allocation Failure) 2020-10-29T14:17:40.903+0000: [ParNew: 38020K->4K(42752K), 0.0040076 secs] 512743K->474727K(920960K), 0.0040778 secs] [Times: user=0.01 sys=0.00, real=0.01 secs] 
2020-10-29T14:17:40.947+0000: [GC (Allocation Failure) 2020-10-29T14:17:40.947+0000: [ParNew: 38020K->4K(42752K), 0.0039320 secs] 512743K->474727K(920960K), 0.0040024 secs] [Times: user=0.01 sys=0.00, real=0.00 secs] 
2020-10-29T14:17:40.991+0000: [GC (Allocation Failure) 2020-10-29T14:17:40.991+0000: [ParNew: 38020K->4K(42752K), 0.0038795 secs] 512743K->474727K(920960K), 0.0039500 secs] [Times: user=0.00 sys=0.00, real=0.01 secs] 
2020-10-29T14:17:41.035+0000: [GC (Allocation Failure) 2020-10-29T14:17:41.035+0000: [ParNew: 38020K->4K(42752K), 0.0038979 secs] 512743K->474727K(920960K), 0.0039690 secs] [Times: user=0.01 sys=0.00, real=0.00 secs] 
2020-10-29T14:17:41.079+0000: [GC (Allocation Failure) 2020-10-29T14:17:41.079+0000: [ParNew: 38020K->4K(42752K), 0.0039195 secs] 512743K->474728K(920960K), 0.0039876 secs] [Times: user=0.01 sys=0.00, real=0.00 secs] 
2020-10-29T14:17:41.121+0000: [GC (Allocation Failure) 2020-10-29T14:17:41.121+0000: [ParNew: 38020K->4K(42752K), 0.0038846 secs] 512744K->474728K(920960K), 0.0039528 secs] [Times: user=0.01 sys=0.00, real=0.00 secs] 
2020-10-29T14:17:41.164+0000: [GC (Allocation Failure) 2020-10-29T14:17:41.164+0000: [ParNew: 38020K->4K(42752K), 0.0039739 secs] 512744K->474728K(920960K), 0.0040445 secs] [Times: user=0.00 sys=0.00, real=0.01 secs] 
2020-10-29T14:17:41.207+0000: [GC (Allocation Failure) 2020-10-29T14:17:41.207+0000: [ParNew: 38020K->4K(42752K), 0.0039789 secs] 512744K->474728K(920960K), 0.0040498 secs] [Times: user=0.01 sys=0.00, real=0.00 secs] 
2020-10-29T14:17:41.248+0000: [GC (Allocation Failure) 2020-10-29T14:17:41.248+0000: [ParNew: 38020K->4K(42752K), 0.0040450 secs] 512744K->474728K(920960K), 0.0041178 secs] [Times: user=0.00 sys=0.00, real=0.00 secs] 
2020-10-29T14:17:41.294+0000: [GC (Allocation Failure) 2020-10-29T14:17:41.294+0000: [ParNew: 38020K->4K(42752K), 0.0039572 secs] 512744K->474728K(920960K), 0.0040292 secs] [Times: user=0.01 sys=0.00, real=0.01 secs] 
2020-10-29T14:17:41.336+0000: [GC (Allocation Failure) 2020-10-29T14:17:41.336+0000: [ParNew: 38020K->4K(42752K), 0.0039339 secs] 512744K->474728K(920960K), 0.0040055 secs] [Times: user=0.01 sys=0.00, real=0.00 secs] 
2020-10-29T14:17:41.378+0000: [GC (Allocation Failure) 2020-10-29T14:17:41.378+0000: [ParNew: 38020K->4K(42752K), 0.0038926 secs] 512744K->474728K(920960K), 0.0039626 secs] [Times: user=0.01 sys=0.00, real=0.00 secs] 
2020-10-29T14:17:41.419+0000: [GC (Allocation Failure) 2020-10-29T14:17:41.419+0000: [ParNew: 38020K->4K(42752K), 0.0038982 secs] 512744K->474728K(920960K), 0.0039682 secs] [Times: user=0.01 sys=0.00, real=0.00 secs] 
2020-10-29T14:17:41.463+0000: [GC (Allocation Failure) 2020-10-29T14:17:41.463+0000: [ParNew: 38020K->4K(42752K), 0.0039214 secs] 512744K->474728K(920960K), 0.0039901 secs] [Times: user=0.01 sys=0.00, real=0.01 secs] 
2020-10-29T14:17:41.507+0000: [GC (Allocation Failure) 2020-10-29T14:17:41.507+0000: [ParNew: 38020K->4K(42752K), 0.0039294 secs] 512744K->474728K(920960K), 0.0039968 secs] [Times: user=0.00 sys=0.00, real=0.00 secs] 
2020-10-29T14:17:41.549+0000: [GC (Allocation Failure) 2020-10-29T14:17:41.549+0000: [ParNew: 38020K->4K(42752K), 0.0039729 secs] 512744K->474728K(920960K), 0.0040438 secs] [Times: user=0.01 sys=0.00, real=0.00 secs] 
2020-10-29T14:17:41.591+0000: [GC (Allocation Failure) 2020-10-29T14:17:41.591+0000: [ParNew: 38020K->4K(42752K), 0.0039207 secs] 512744K->474728K(920960K), 0.0039894 secs] [Times: user=0.01 sys=0.00, real=0.01 secs] 
2020-10-29T14:17:41.638+0000: [GC (Allocation Failure) 2020-10-29T14:17:41.638+0000: [ParNew: 38020K->4K(42752K), 0.0039053 secs] 512744K->474728K(920960K), 0.0039750 secs] [Times: user=0.01 sys=0.00, real=0.00 secs] 
2020-10-29T14:17:41.683+0000: [GC (Allocation Failure) 2020-10-29T14:17:41.683+0000: [ParNew: 38020K->4K(42752K), 0.0038990 secs] 512744K->474728K(920960K), 0.0039671 secs] [Times: user=0.01 sys=0.00, real=0.01 secs] 
2020-10-29T14:17:41.728+0000: [GC (Allocation Failure) 2020-10-29T14:17:41.728+0000: [ParNew: 38020K->4K(42752K), 0.0038736 secs] 512744K->474728K(920960K), 0.0039520 secs] [Times: user=0.00 sys=0.00, real=0.00 secs] 
2020-10-29T14:17:41.771+0000: [GC (Allocation Failure) 2020-10-29T14:17:41.771+0000: [ParNew: 38020K->4K(42752K), 0.0039537 secs] 512744K->474728K(920960K), 0.0040236 secs] [Times: user=0.01 sys=0.00, real=0.01 secs] 
2020-10-29T14:17:41.815+0000: [GC (Allocation Failure) 2020-10-29T14:17:41.815+0000: [ParNew: 38020K->4K(42752K), 0.0039948 secs] 512744K->474728K(920960K), 0.0040649 secs] [Times: user=0.01 sys=0.00, real=0.00 secs] 
2020-10-29T14:17:41.856+0000: [GC (Allocation Failure) 2020-10-29T14:17:41.857+0000: [ParNew: 38020K->4K(42752K), 0.0039144 secs] 512744K->474728K(920960K), 0.0039836 secs] [Times: user=0.01 sys=0.00, real=0.00 secs] 
2020-10-29T14:17:41.898+0000: [GC (Allocation Failure) 2020-10-29T14:17:41.898+0000: [ParNew: 38020K->4K(42752K), 0.0039173 secs] 512744K->474728K(920960K), 0.0039868 secs] [Times: user=0.01 sys=0.00, real=0.00 secs] 
2020-10-29T14:17:41.940+0000: [GC (Allocation Failure) 2020-10-29T14:17:41.940+0000: [ParNew: 38020K->4K(42752K), 0.0038805 secs] 512744K->474728K(920960K), 0.0039496 secs] [Times: user=0.01 sys=0.00, real=0.00 secs] 
2020-10-29T14:17:41.982+0000: [GC (Allocation Failure) 2020-10-29T14:17:41.983+0000: [ParNew: 38020K->4K(42752K), 0.0038960 secs] 512744K->474728K(920960K), 0.0039647 secs] [Times: user=0.01 sys=0.00, real=0.00 secs] 
2020-10-29T14:17:42.024+0000: [GC (Allocation Failure) 2020-10-29T14:17:42.024+0000: [ParNew: 38020K->4K(42752K), 0.0038975 secs] 512744K->474728K(920960K), 0.0039656 secs] [Times: user=0.01 sys=0.00, real=0.01 secs] 
2020-10-29T14:17:42.067+0000: [GC (Allocation Failure) 2020-10-29T14:17:42.067+0000: [ParNew: 38020K->4K(42752K), 0.0039368 secs] 512744K->474728K(920960K), 0.0040053 secs] [Times: user=0.01 sys=0.00, real=0.00 secs] 
2020-10-29T14:17:42.111+0000: [GC (Allocation Failure) 2020-10-29T14:17:42.111+0000: [ParNew: 38020K->4K(42752K), 0.0039026 secs] 512744K->474728K(920960K), 0.0039716 secs] [Times: user=0.01 sys=0.00, real=0.01 secs] 
2020-10-29T14:17:42.155+0000: [GC (Allocation Failure) 2020-10-29T14:17:42.155+0000: [ParNew: 38020K->4K(42752K), 0.0039762 secs] 512744K->474728K(920960K), 0.0040451 secs] [Times: user=0.01 sys=0.00, real=0.00 secs] 
2020-10-29T14:17:42.202+0000: [GC (Allocation Failure) 2020-10-29T14:17:42.202+0000: [ParNew: 38020K->4K(42752K), 0.0039062 secs] 512744K->474728K(920960K), 0.0039832 secs] [Times: user=0.01 sys=0.00, real=0.00 secs] 
2020-10-29T14:17:42.247+0000: [GC (Allocation Failure) 2020-10-29T14:17:42.247+0000: [ParNew: 38020K->4K(42752K), 0.0039890 secs] 512744K->474728K(920960K), 0.0040596 secs] [Times: user=0.01 sys=0.00, real=0.00 secs] 
2020-10-29T14:17:42.291+0000: [GC (Allocation Failure) 2020-10-29T14:17:42.291+0000: [ParNew: 38020K->4K(42752K), 0.0039134 secs] 512744K->474728K(920960K), 0.0039812 secs] [Times: user=0.01 sys=0.00, real=0.01 secs] 
2020-10-29T14:17:42.335+0000: [GC (Allocation Failure) 2020-10-29T14:17:42.335+0000: [ParNew: 38020K->4K(42752K), 0.0039559 secs] 512744K->474728K(920960K), 0.0040241 secs] [Times: user=0.01 sys=0.00, real=0.00 secs] 
2020-10-29T14:17:42.376+0000: [GC (Allocation Failure) 2020-10-29T14:17:42.376+0000: [ParNew: 38020K->4K(42752K), 0.0039014 secs] 512744K->474728K(920960K), 0.0039722 secs] [Times: user=0.00 sys=0.00, real=0.00 secs] 
2020-10-29T14:17:42.418+0000: [GC (Allocation Failure) 2020-10-29T14:17:42.418+0000: [ParNew: 38020K->4K(42752K), 0.0039417 secs] 512744K->474728K(920960K), 0.0040112 secs] [Times: user=0.01 sys=0.00, real=0.00 secs] 
2020-10-29T14:17:42.466+0000: [GC (Allocation Failure) 2020-10-29T14:17:42.466+0000: [ParNew: 38020K->4K(42752K), 0.0039010 secs] 512744K->474728K(920960K), 0.0039703 secs] [Times: user=0.00 sys=0.00, real=0.01 secs] 
2020-10-29T14:17:42.510+0000: [GC (Allocation Failure) 2020-10-29T14:17:42.510+0000: [ParNew: 38020K->4K(42752K), 0.0039125 secs] 512744K->474728K(920960K), 0.0039816 secs] [Times: user=0.01 sys=0.00, real=0.00 secs] 
2020-10-29T14:17:42.552+0000: [GC (Allocation Failure) 2020-10-29T14:17:42.552+0000: [ParNew: 38020K->4K(42752K), 0.0039280 secs] 512744K->474728K(920960K), 0.0039981 secs] [Times: user=0.01 sys=0.00, real=0.01 secs] 
2020-10-29T14:17:42.593+0000: [GC (Allocation Failure) 2020-10-29T14:17:42.593+0000: [ParNew: 38020K->4K(42752K), 0.0038747 secs] 512744K->474728K(920960K), 0.0039425 secs] [Times: user=0.01 sys=0.00, real=0.01 secs] 
2020-10-29T14:17:42.638+0000: [GC (Allocation Failure) 2020-10-29T14:17:42.638+0000: [ParNew: 38020K->4K(42752K), 0.0039261 secs] 512744K->474728K(920960K), 0.0039945 secs] [Times: user=0.01 sys=0.00, real=0.00 secs] 
2020-10-29T14:17:42.681+0000: [GC (Allocation Failure) 2020-10-29T14:17:42.681+0000: [ParNew: 38020K->4K(42752K), 0.0039133 secs] 512744K->474728K(920960K), 0.0040090 secs] [Times: user=0.01 sys=0.00, real=0.00 secs] 
2020-10-29T14:17:42.731+0000: [GC (Allocation Failure) 2020-10-29T14:17:42.731+0000: [ParNew: 38020K->4K(42752K), 0.0038987 secs] 512744K->474728K(920960K), 0.0039773 secs] [Times: user=0.01 sys=0.00, real=0.01 secs] 
2020-10-29T14:17:42.777+0000: [GC (Allocation Failure) 2020-10-29T14:17:42.777+0000: [ParNew: 38020K->4K(42752K), 0.0090212 secs] 512744K->474728K(920960K), 0.0090938 secs] [Times: user=0.01 sys=0.00, real=0.00 secs] 
2020-10-29T14:17:42.827+0000: [GC (Allocation Failure) 2020-10-29T14:17:42.827+0000: [ParNew: 38020K->4K(42752K), 0.0039041 secs] 512744K->474728K(920960K), 0.0039730 secs] [Times: user=0.01 sys=0.00, real=0.00 secs] 
2020-10-29T14:17:42.871+0000: [GC (Allocation Failure) 2020-10-29T14:17:42.871+0000: [ParNew: 38020K->4K(42752K), 0.0040137 secs] 512744K->474728K(920960K), 0.0040840 secs] [Times: user=0.00 sys=0.00, real=0.01 secs] 
2020-10-29T14:17:42.912+0000: [GC (Allocation Failure) 2020-10-29T14:17:42.912+0000: [ParNew: 38020K->4K(42752K), 0.0039426 secs] 512744K->474728K(920960K), 0.0040126 secs] [Times: user=0.01 sys=0.00, real=0.01 secs] 
2020-10-29T14:17:42.955+0000: [GC (Allocation Failure) 2020-10-29T14:17:42.955+0000: [ParNew: 38020K->4K(42752K), 0.0038814 secs] 512744K->474728K(920960K), 0.0039504 secs] [Times: user=0.01 sys=0.00, real=0.00 secs] 
2020-10-29T14:17:42.999+0000: [GC (Allocation Failure) 2020-10-29T14:17:42.999+0000: [ParNew: 38020K->4K(42752K), 0.0039271 secs] 512744K->474729K(920960K), 0.0039967 secs] [Times: user=0.01 sys=0.00, real=0.00 secs] 
2020-10-29T14:17:43.040+0000: [GC (Allocation Failure) 2020-10-29T14:17:43.040+0000: [ParNew: 38020K->4K(42752K), 0.0038889 secs] 512745K->474729K(920960K), 0.0039575 secs] [Times: user=0.01 sys=0.00, real=0.00 secs] 
2020-10-29T14:17:43.087+0000: [GC (Allocation Failure) 2020-10-29T14:17:43.087+0000: [ParNew: 38020K->4K(42752K), 0.0039237 secs] 512745K->474729K(920960K), 0.0040053 secs] [Times: user=0.00 sys=0.00, real=0.00 secs] 
2020-10-29T14:17:43.129+0000: [GC (Allocation Failure) 2020-10-29T14:17:43.129+0000: [ParNew: 38020K->4K(42752K), 0.0039270 secs] 512745K->474729K(920960K), 0.0039992 secs] [Times: user=0.01 sys=0.00, real=0.00 secs] 
2020-10-29T14:17:43.171+0000: [GC (Allocation Failure) 2020-10-29T14:17:43.171+0000: [ParNew: 38020K->4K(42752K), 0.0039225 secs] 512745K->474729K(920960K), 0.0039924 secs] [Times: user=0.01 sys=0.00, real=0.01 secs] 
2020-10-29T14:17:43.215+0000: [GC (Allocation Failure) 2020-10-29T14:17:43.215+0000: [ParNew: 38020K->4K(42752K), 0.0039999 secs] 512745K->474729K(920960K), 0.0040703 secs] [Times: user=0.01 sys=0.00, real=0.00 secs] 
2020-10-29T14:17:43.257+0000: [GC (Allocation Failure) 2020-10-29T14:17:43.257+0000: [ParNew: 38020K->4K(42752K), 0.0039355 secs] 512745K->474729K(920960K), 0.0040065 secs] [Times: user=0.01 sys=0.00, real=0.00 secs] 
2020-10-29T14:17:43.299+0000: [GC (Allocation Failure) 2020-10-29T14:17:43.299+0000: [ParNew: 38020K->4K(42752K), 0.0039107 secs] 512745K->474729K(920960K), 0.0039816 secs] [Times: user=0.01 sys=0.00, real=0.00 secs] 
2020-10-29T14:17:43.343+0000: [GC (Allocation Failure) 2020-10-29T14:17:43.343+0000: [ParNew: 38020K->4K(42752K), 0.0039069 secs] 512745K->474729K(920960K), 0.0039903 secs] [Times: user=0.01 sys=0.00, real=0.01 secs] 
2020-10-29T14:17:43.387+0000: [GC (Allocation Failure) 2020-10-29T14:17:43.387+0000: [ParNew: 38020K->4K(42752K), 0.0039600 secs] 512745K->474729K(920960K), 0.0040319 secs] [Times: user=0.01 sys=0.00, real=0.00 secs] 
2020-10-29T14:17:43.428+0000: [GC (Allocation Failure) 2020-10-29T14:17:43.428+0000: [ParNew: 38020K->4K(42752K), 0.0038628 secs] 512745K->474729K(920960K), 0.0039311 secs] [Times: user=0.01 sys=0.00, real=0.00 secs] 
2020-10-29T14:17:43.474+0000: [GC (Allocation Failure) 2020-10-29T14:17:43.474+0000: [ParNew: 38020K->4K(42752K), 0.0039355 secs] 512745K->474729K(920960K), 0.0040052 secs] [Times: user=0.01 sys=0.00, real=0.01 secs] 
2020-10-29T14:17:43.515+0000: [GC (Allocation Failure) 2020-10-29T14:17:43.516+0000: [ParNew: 38020K->4K(42752K), 0.0038968 secs] 512745K->474729K(920960K), 0.0039669 secs] [Times: user=0.01 sys=0.00, real=0.00 secs] 
2020-10-29T14:17:43.557+0000: [GC (Allocation Failure) 2020-10-29T14:17:43.557+0000: [ParNew: 38020K->4K(42752K), 0.0038704 secs] 512745K->474729K(920960K), 0.0039419 secs] [Times: user=0.01 sys=0.00, real=0.00 secs] 
2020-10-29T14:17:43.603+0000: [GC (Allocation Failure) 2020-10-29T14:17:43.603+0000: [ParNew: 38020K->4K(42752K), 0.0038921 secs] 512745K->474729K(920960K), 0.0039612 secs] [Times: user=0.01 sys=0.00, real=0.01 secs] 
2020-10-29T14:17:43.644+0000: [GC (Allocation Failure) 2020-10-29T14:17:43.644+0000: [ParNew: 38020K->4K(42752K), 0.0039054 secs] 512745K->474729K(920960K), 0.0039742 secs] [Times: user=0.00 sys=0.00, real=0.01 secs] 
2020-10-29T14:17:43.691+0000: [GC (Allocation Failure) 2020-10-29T14:17:43.691+0000: [ParNew: 38020K->4K(42752K), 0.0040151 secs] 512745K->474729K(920960K), 0.0041053 secs] [Times: user=0.00 sys=0.00, real=0.01 secs] 
2020-10-29T14:17:43.742+0000: [GC (Allocation Failure) 2020-10-29T14:17:43.743+0000: [ParNew: 38020K->4K(42752K), 0.0039138 secs] 512745K->474729K(920960K), 0.0039843 secs] [Times: user=0.01 sys=0.00, real=0.00 secs] 
2020-10-29T14:17:43.785+0000: [GC (Allocation Failure) 2020-10-29T14:17:43.785+0000: [ParNew: 38020K->4K(42752K), 0.0039090 secs] 512745K->474729K(920960K), 0.0039793 secs] [Times: user=0.01 sys=0.00, real=0.01 secs] 
2020-10-29T14:17:43.839+0000: [GC (Allocation Failure) 2020-10-29T14:17:43.839+0000: [ParNew: 38020K->4K(42752K), 0.0039295 secs] 512745K->474729K(920960K), 0.0039995 secs] [Times: user=0.01 sys=0.00, real=0.00 secs] 
2020-10-29T14:17:43.883+0000: [GC (Allocation Failure) 2020-10-29T14:17:43.883+0000: [ParNew: 38020K->4K(42752K), 0.0038957 secs] 512745K->474729K(920960K), 0.0039661 secs] [Times: user=0.01 sys=0.00, real=0.01 secs] 
2020-10-29T14:17:43.924+0000: [GC (Allocation Failure) 2020-10-29T14:17:43.924+0000: [ParNew: 38020K->4K(42752K), 0.0039321 secs] 512745K->474729K(920960K), 0.0040023 secs] [Times: user=0.00 sys=0.00, real=0.01 secs] 
2020-10-29T14:17:43.967+0000: [GC (Allocation Failure) 2020-10-29T14:17:43.967+0000: [ParNew: 38020K->4K(42752K), 0.0038929 secs] 512745K->474729K(920960K), 0.0039624 secs] [Times: user=0.01 sys=0.00, real=0.00 secs] 
2020-10-29T14:17:44.011+0000: [GC (Allocation Failure) 2020-10-29T14:17:44.011+0000: [ParNew: 38020K->4K(42752K), 0.0039139 secs] 512745K->474729K(920960K), 0.0039829 secs] [Times: user=0.00 sys=0.00, real=0.01 secs] 
2020-10-29T14:17:44.053+0000: [GC (Allocation Failure) 2020-10-29T14:17:44.053+0000: [ParNew: 38020K->4K(42752K), 0.0039237 secs] 512745K->474729K(920960K), 0.0039922 secs] [Times: user=0.00 sys=0.00, real=0.01 secs] 
2020-10-29T14:17:44.095+0000: [GC (Allocation Failure) 2020-10-29T14:17:44.095+0000: [ParNew: 38020K->4K(42752K), 0.0040257 secs] 512745K->474729K(920960K), 0.0040986 secs] [Times: user=0.01 sys=0.00, real=0.00 secs] 
2020-10-29T14:17:44.137+0000: [GC (Allocation Failure) 2020-10-29T14:17:44.137+0000: [ParNew: 38020K->4K(42752K), 0.0038864 secs] 512745K->474729K(920960K), 0.0039558 secs] [Times: user=0.01 sys=0.00, real=0.00 secs] 
2020-10-29T14:17:44.179+0000: [GC (Allocation Failure) 2020-10-29T14:17:44.179+0000: [ParNew: 38020K->4K(42752K), 0.0038907 secs] 512745K->474729K(920960K), 0.0039613 secs] [Times: user=0.01 sys=0.00, real=0.00 secs] 
2020-10-29T14:17:44.223+0000: [GC (Allocation Failure) 2020-10-29T14:17:44.223+0000: [ParNew: 38020K->4K(42752K), 0.0038857 secs] 512745K->474729K(920960K), 0.0039485 secs] [Times: user=0.01 sys=0.00, real=0.01 secs] 
2020-10-29T14:17:44.267+0000: [GC (Allocation Failure) 2020-10-29T14:17:44.267+0000: [ParNew: 38020K->4K(42752K), 0.0038990 secs] 512745K->474729K(920960K), 0.0039708 secs] [Times: user=0.00 sys=0.00, real=0.00 secs] 
2020-10-29T14:17:44.311+0000: [GC (Allocation Failure) 2020-10-29T14:17:44.311+0000: [ParNew: 38020K->4K(42752K), 0.0039964 secs] 512745K->474729K(920960K), 0.0040667 secs] [Times: user=0.01 sys=0.00, real=0.01 secs] 
2020-10-29T14:17:44.355+0000: [GC (Allocation Failure) 2020-10-29T14:17:44.355+0000: [ParNew: 38020K->4K(42752K), 0.0038881 secs] 512745K->474729K(920960K), 0.0039572 secs] [Times: user=0.01 sys=0.00, real=0.00 secs] 
2020-10-29T14:17:44.396+0000: [GC (Allocation Failure) 2020-10-29T14:17:44.396+0000: [ParNew: 38020K->4K(42752K), 0.0039675 secs] 512745K->474729K(920960K), 0.0040351 secs] [Times: user=0.01 sys=0.00, real=0.00 secs] 
2020-10-29T14:17:44.439+0000: [GC (Allocation Failure) 2020-10-29T14:17:44.439+0000: [ParNew: 38020K->4K(42752K), 0.0038854 secs] 512745K->474729K(920960K), 0.0039534 secs] [Times: user=0.01 sys=0.00, real=0.00 secs] 
2020-10-29T14:17:44.481+0000: [GC (Allocation Failure) 2020-10-29T14:17:44.481+0000: [ParNew: 38020K->4K(42752K), 0.0039152 secs] 512745K->474729K(920960K), 0.0039841 secs] [Times: user=0.01 sys=0.00, real=0.00 secs] 
2020-10-29T14:17:44.523+0000: [GC (Allocation Failure) 2020-10-29T14:17:44.523+0000: [ParNew: 38020K->4K(42752K), 0.0044279 secs] 512745K->474729K(920960K), 0.0044967 secs] [Times: user=0.01 sys=0.00, real=0.01 secs] 
2020-10-29T14:17:44.574+0000: [GC (Allocation Failure) 2020-10-29T14:17:44.574+0000: [ParNew: 38020K->8K(42752K), 0.0039712 secs] 512745K->474733K(920960K), 0.0040424 secs] [Times: user=0.00 sys=0.00, real=0.01 secs] 
2020-10-29T14:17:44.616+0000: [GC (Allocation Failure) 2020-10-29T14:17:44.616+0000: [ParNew: 38024K->8K(42752K), 0.0039697 secs] 512749K->474733K(920960K), 0.0040396 secs] [Times: user=0.01 sys=0.00, real=0.00 secs] 
2020-10-29T14:17:44.658+0000: [GC (Allocation Failure) 2020-10-29T14:17:44.658+0000: [ParNew: 38024K->7K(42752K), 0.0039724 secs] 512749K->474733K(920960K), 0.0040421 secs] [Times: user=0.01 sys=0.00, real=0.00 secs] 
2020-10-29T14:17:44.702+0000: [GC (Allocation Failure) 2020-10-29T14:17:44.702+0000: [ParNew: 38023K->7K(42752K), 0.0043068 secs] 512749K->474733K(920960K), 0.0043761 secs] [Times: user=0.00 sys=0.00, real=0.00 secs] 
2020-10-29T14:17:44.744+0000: [GC (Allocation Failure) 2020-10-29T14:17:44.744+0000: [ParNew: 38023K->7K(42752K), 0.0038875 secs] 512749K->474733K(920960K), 0.0039563 secs] [Times: user=0.01 sys=0.00, real=0.01 secs] 
2020-10-29T14:17:44.786+0000: [GC (Allocation Failure) 2020-10-29T14:17:44.786+0000: [ParNew: 38023K->7K(42752K), 0.0039260 secs] 512749K->474732K(920960K), 0.0039952 secs] [Times: user=0.00 sys=0.00, real=0.01 secs] 
2020-10-29T14:17:44.828+0000: [GC (Allocation Failure) 2020-10-29T14:17:44.828+0000: [ParNew: 38023K->4K(42752K), 0.0040330 secs] 512748K->474733K(920960K), 0.0041022 secs] [Times: user=0.01 sys=0.00, real=0.00 secs] 
2020-10-29T14:17:44.875+0000: [GC (Allocation Failure) 2020-10-29T14:17:44.875+0000: [ParNew: 38020K->4K(42752K), 0.0038927 secs] 512749K->474732K(920960K), 0.0039638 secs] [Times: user=0.01 sys=0.00, real=0.00 secs] 
2020-10-29T14:17:44.919+0000: [GC (Allocation Failure) 2020-10-29T14:17:44.919+0000: [ParNew: 38020K->4K(42752K), 0.0040009 secs] 512748K->474732K(920960K), 0.0040692 secs] [Times: user=0.01 sys=0.00, real=0.00 secs] 
2020-10-29T14:17:44.963+0000: [GC (Allocation Failure) 2020-10-29T14:17:44.963+0000: [ParNew: 38020K->4K(42752K), 0.0038847 secs] 512748K->474732K(920960K), 0.0039526 secs] [Times: user=0.00 sys=0.00, real=0.01 secs] 
2020-10-29T14:17:45.007+0000: [GC (Allocation Failure) 2020-10-29T14:17:45.007+0000: [ParNew: 38020K->4K(42752K), 0.0039066 secs] 512748K->474732K(920960K), 0.0039758 secs] [Times: user=0.01 sys=0.00, real=0.00 secs] 
2020-10-29T14:17:45.048+0000: [GC (Allocation Failure) 2020-10-29T14:17:45.048+0000: [ParNew: 38020K->4K(42752K), 0.0040379 secs] 512748K->474732K(920960K), 0.0041072 secs] [Times: user=0.01 sys=0.00, real=0.00 secs] 
2020-10-29T14:17:45.091+0000: [GC (Allocation Failure) 2020-10-29T14:17:45.091+0000: [ParNew: 38020K->4K(42752K), 0.0039056 secs] 512748K->474732K(920960K), 0.0039775 secs] [Times: user=0.01 sys=0.00, real=0.01 secs] 
2020-10-29T14:17:45.133+0000: [GC (Allocation Failure) 2020-10-29T14:17:45.133+0000: [ParNew: 38020K->4K(42752K), 0.0039822 secs] 512748K->474733K(920960K), 0.0040526 secs] [Times: user=0.00 sys=0.00, real=0.01 secs] 
2020-10-29T14:17:45.174+0000: [GC (Allocation Failure) 2020-10-29T14:17:45.174+0000: [ParNew: 38020K->4K(42752K), 0.0038630 secs] 512749K->474733K(920960K), 0.0039321 secs] [Times: user=0.01 sys=0.00, real=0.01 secs] 
2020-10-29T14:17:45.219+0000: [GC (Allocation Failure) 2020-10-29T14:17:45.219+0000: [ParNew: 38020K->4K(42752K), 0.0039332 secs] 512749K->474733K(920960K), 0.0040029 secs] [Times: user=0.01 sys=0.00, real=0.00 secs] 
2020-10-29T14:17:45.263+0000: [GC (Allocation Failure) 2020-10-29T14:17:45.263+0000: [ParNew: 38020K->4K(42752K), 0.0038755 secs] 512749K->474733K(920960K), 0.0039438 secs] [Times: user=0.00 sys=0.00, real=0.01 secs] 
2020-10-29T14:17:45.305+0000: [GC (Allocation Failure) 2020-10-29T14:17:45.305+0000: [ParNew: 38020K->4K(42752K), 0.0039083 secs] 512749K->474733K(920960K), 0.0039780 secs] [Times: user=0.01 sys=0.00, real=0.01 secs] 
2020-10-29T14:17:45.347+0000: [GC (Allocation Failure) 2020-10-29T14:17:45.347+0000: [ParNew: 38020K->4K(42752K), 0.0038986 secs] 512749K->474733K(920960K), 0.0039661 secs] [Times: user=0.01 sys=0.00, real=0.00 secs] 
2020-10-29T14:17:45.391+0000: [GC (Allocation Failure) 2020-10-29T14:17:45.391+0000: [ParNew: 38020K->4K(42752K), 0.0039279 secs] 512749K->474733K(920960K), 0.0039990 secs] [Times: user=0.00 sys=0.00, real=0.01 secs] 
2020-10-29T14:17:45.433+0000: [GC (Allocation Failure) 2020-10-29T14:17:45.433+0000: [ParNew: 38020K->4K(42752K), 0.0039352 secs] 512749K->474733K(920960K), 0.0040185 secs] [Times: user=0.00 sys=0.00, real=0.01 secs] 
2020-10-29T14:17:45.475+0000: [GC (Allocation Failure) 2020-10-29T14:17:45.475+0000: [ParNew: 38020K->4K(42752K), 0.0039185 secs] 512749K->474733K(920960K), 0.0039875 secs] [Times: user=0.01 sys=0.00, real=0.00 secs] 
2020-10-29T14:17:45.517+0000: [GC (Allocation Failure) 2020-10-29T14:17:45.517+0000: [ParNew: 38020K->4K(42752K), 0.0039740 secs] 512749K->474733K(920960K), 0.0040432 secs] [Times: user=0.00 sys=0.00, real=0.00 secs] 
2020-10-29T14:17:45.562+0000: [GC (Allocation Failure) 2020-10-29T14:17:45.562+0000: [ParNew: 38020K->4K(42752K), 0.0038949 secs] 512749K->474733K(920960K), 0.0039648 secs] [Times: user=0.01 sys=0.00, real=0.00 secs] 
2020-10-29T14:17:45.607+0000: [GC (Allocation Failure) 2020-10-29T14:17:45.607+0000: [ParNew: 38020K->4K(42752K), 0.0053435 secs] 512749K->474733K(920960K), 0.0054202 secs] [Times: user=0.00 sys=0.00, real=0.00 secs] 
2020-10-29T14:17:45.651+0000: [GC (Allocation Failure) 2020-10-29T14:17:45.651+0000: [ParNew: 38020K->4K(42752K), 0.0040263 secs] 512749K->474733K(920960K), 0.0040961 secs] [Times: user=0.01 sys=0.00, real=0.01 secs] 
2020-10-29T14:17:45.693+0000: [GC (Allocation Failure) 2020-10-29T14:17:45.693+0000: [ParNew: 38020K->4K(42752K), 0.0040789 secs] 512749K->474733K(920960K), 0.0041496 secs] [Times: user=0.01 sys=0.00, real=0.01 secs] 
2020-10-29T14:17:45.735+0000: [GC (Allocation Failure) 2020-10-29T14:17:45.735+0000: [ParNew: 38020K->4K(42752K), 0.0039207 secs] 512749K->474733K(920960K), 0.0040225 secs] [Times: user=0.01 sys=0.00, real=0.00 secs] 
2020-10-29T14:17:45.779+0000: [GC (Allocation Failure) 2020-10-29T14:17:45.779+0000: [ParNew: 38020K->4K(42752K), 0.0040209 secs] 512749K->474733K(920960K), 0.0040908 secs] [Times: user=0.01 sys=0.00, real=0.00 secs] 
2020-10-29T14:17:45.824+0000: [GC (Allocation Failure) 2020-10-29T14:17:45.825+0000: [ParNew: 38020K->4K(42752K), 0.0039195 secs] 512749K->474733K(920960K), 0.0040032 secs] [Times: user=0.01 sys=0.00, real=0.01 secs] 
2020-10-29T14:17:45.866+0000: [GC (Allocation Failure) 2020-10-29T14:17:45.866+0000: [ParNew: 38020K->4K(42752K), 0.0039493 secs] 512749K->474733K(920960K), 0.0040185 secs] [Times: user=0.01 sys=0.00, real=0.01 secs] 
2020-10-29T14:17:45.911+0000: [GC (Allocation Failure) 2020-10-29T14:17:45.911+0000: [ParNew: 38020K->4K(42752K), 0.0038879 secs] 512749K->474733K(920960K), 0.0039574 secs] [Times: user=0.00 sys=0.00, real=0.01 secs] 
2020-10-29T14:17:45.953+0000: [GC (Allocation Failure) 2020-10-29T14:17:45.953+0000: [ParNew: 38020K->4K(42752K), 0.0039324 secs] 512749K->474733K(920960K), 0.0040013 secs] [Times: user=0.00 sys=0.00, real=0.01 secs] 
2020-10-29T14:17:45.998+0000: [GC (Allocation Failure) 2020-10-29T14:17:45.998+0000: [ParNew: 38020K->4K(42752K), 0.0039274 secs] 512749K->474733K(920960K), 0.0039963 secs] [Times: user=0.01 sys=0.00, real=0.00 secs] 
2020-10-29T14:17:46.040+0000: [GC (Allocation Failure) 2020-10-29T14:17:46.040+0000: [ParNew: 38020K->4K(42752K), 0.0038929 secs] 512749K->474733K(920960K), 0.0039615 secs] [Times: user=0.01 sys=0.00, real=0.00 secs] 
2020-10-29T14:17:46.083+0000: [GC (Allocation Failure) 2020-10-29T14:17:46.083+0000: [ParNew: 38020K->4K(42752K), 0.0040438 secs] 512749K->474733K(920960K), 0.0041122 secs] [Times: user=0.01 sys=0.00, real=0.01 secs] 
2020-10-29T14:17:46.125+0000: [GC (Allocation Failure) 2020-10-29T14:17:46.125+0000: [ParNew: 38020K->4K(42752K), 0.0039598 secs] 512749K->474733K(920960K), 0.0040289 secs] [Times: user=0.01 sys=0.00, real=0.01 secs] 
2020-10-29T14:17:46.166+0000: [GC (Allocation Failure) 2020-10-29T14:17:46.166+0000: [ParNew: 38020K->4K(42752K), 0.0039162 secs] 512749K->474733K(920960K), 0.0039859 secs] [Times: user=0.01 sys=0.00, real=0.01 secs] 
2020-10-29T14:17:46.208+0000: [GC (Allocation Failure) 2020-10-29T14:17:46.208+0000: [ParNew: 38020K->4K(42752K), 0.0040229 secs] 512749K->474733K(920960K), 0.0040974 secs] [Times: user=0.01 sys=0.00, real=0.00 secs] 
2020-10-29T14:17:46.255+0000: [GC (Allocation Failure) 2020-10-29T14:17:46.255+0000: [ParNew: 38020K->4K(42752K), 0.0039539 secs] 512749K->474733K(920960K), 0.0040248 secs] [Times: user=0.01 sys=0.00, real=0.00 secs] 
2020-10-29T14:17:46.297+0000: [GC (Allocation Failure) 2020-10-29T14:17:46.297+0000: [ParNew: 38020K->4K(42752K), 0.0039440 secs] 512749K->474733K(920960K), 0.0040147 secs] [Times: user=0.00 sys=0.00, real=0.00 secs] 
2020-10-29T14:17:46.343+0000: [GC (Allocation Failure) 2020-10-29T14:17:46.343+0000: [ParNew: 38020K->4K(42752K), 0.0039415 secs] 512749K->474733K(920960K), 0.0040127 secs] [Times: user=0.01 sys=0.00, real=0.01 secs] 
2020-10-29T14:17:46.384+0000: [GC (Allocation Failure) 2020-10-29T14:17:46.384+0000: [ParNew: 38020K->4K(42752K), 0.0039541 secs] 512749K->474733K(920960K), 0.0040248 secs] [Times: user=0.01 sys=0.00, real=0.01 secs] 
2020-10-29T14:17:46.427+0000: [GC (Allocation Failure) 2020-10-29T14:17:46.427+0000: [ParNew: 38020K->4K(42752K), 0.0039895 secs] 512749K->474733K(920960K), 0.0040589 secs] [Times: user=0.01 sys=0.00, real=0.00 secs] 
2020-10-29T14:17:46.471+0000: [GC (Allocation Failure) 2020-10-29T14:17:46.471+0000: [ParNew: 38020K->4K(42752K), 0.0038942 secs] 512749K->474733K(920960K), 0.0039642 secs] [Times: user=0.01 sys=0.00, real=0.01 secs] 
2020-10-29T14:17:46.513+0000: [GC (Allocation Failure) 2020-10-29T14:17:46.513+0000: [ParNew: 38020K->4K(42752K), 0.0039531 secs] 512749K->474733K(920960K), 0.0040218 secs] [Times: user=0.01 sys=0.00, real=0.01 secs] 
2020-10-29T14:17:46.555+0000: [GC (Allocation Failure) 2020-10-29T14:17:46.555+0000: [ParNew: 38020K->4K(42752K), 0.0039880 secs] 512749K->474733K(920960K), 0.0040577 secs] [Times: user=0.00 sys=0.00, real=0.00 secs] 
2020-10-29T14:17:46.597+0000: [GC (Allocation Failure) 2020-10-29T14:17:46.597+0000: [ParNew: 38020K->4K(42752K), 0.0039535 secs] 512749K->474733K(920960K), 0.0040239 secs] [Times: user=0.01 sys=0.00, real=0.00 secs] 
2020-10-29T14:17:46.639+0000: [GC (Allocation Failure) 2020-10-29T14:17:46.639+0000: [ParNew: 38020K->4K(42752K), 0.0039410 secs] 512749K->474733K(920960K), 0.0040099 secs] [Times: user=0.01 sys=0.00, real=0.00 secs] 
2020-10-29T14:17:46.683+0000: [GC (Allocation Failure) 2020-10-29T14:17:46.683+0000: [ParNew: 38020K->4K(42752K), 0.0040462 secs] 512749K->474733K(920960K), 0.0041244 secs] [Times: user=0.01 sys=0.00, real=0.01 secs] 
2020-10-29T14:17:46.726+0000: [GC (Allocation Failure) 2020-10-29T14:17:46.726+0000: [ParNew: 38020K->4K(42752K), 0.0039238 secs] 512749K->474733K(920960K), 0.0039966 secs] [Times: user=0.01 sys=0.00, real=0.01 secs] 
2020-10-29T14:17:46.771+0000: [GC (Allocation Failure) 2020-10-29T14:17:46.771+0000: [ParNew: 38020K->4K(42752K), 0.0038935 secs] 512749K->474733K(920960K), 0.0039639 secs] [Times: user=0.01 sys=0.00, real=0.01 secs] 
2020-10-29T14:17:46.812+0000: [GC (Allocation Failure) 2020-10-29T14:17:46.813+0000: [ParNew: 38020K->4K(42752K), 0.0039590 secs] 512749K->474733K(920960K), 0.0040288 secs] [Times: user=0.00 sys=0.00, real=0.01 secs] 
2020-10-29T14:17:46.854+0000: [GC (Allocation Failure) 2020-10-29T14:17:46.854+0000: [ParNew: 38020K->4K(42752K), 0.0039676 secs] 512749K->474733K(920960K), 0.0040365 secs] [Times: user=0.01 sys=0.00, real=0.01 secs] 
2020-10-29T14:17:46.899+0000: [GC (Allocation Failure) 2020-10-29T14:17:46.899+0000: [ParNew: 38020K->4K(42752K), 0.0039369 secs] 512749K->474733K(920960K), 0.0040045 secs] [Times: user=0.01 sys=0.00, real=0.00 secs] 
2020-10-29T14:17:46.941+0000: [GC (Allocation Failure) 2020-10-29T14:17:46.941+0000: [ParNew: 38020K->4K(42752K), 0.0039133 secs] 512749K->474733K(920960K), 0.0039819 secs] [Times: user=0.01 sys=0.00, real=0.00 secs] 
2020-10-29T14:17:46.986+0000: [GC (Allocation Failure) 2020-10-29T14:17:46.986+0000: [ParNew: 38020K->4K(42752K), 0.0039210 secs] 512749K->474733K(920960K), 0.0039888 secs] [Times: user=0.01 sys=0.00, real=0.01 secs] 
2020-10-29T14:17:47.028+0000: [GC (Allocation Failure) 2020-10-29T14:17:47.028+0000: [ParNew: 38020K->4K(42752K), 0.0039302 secs] 512749K->474733K(920960K), 0.0040001 secs] [Times: user=0.01 sys=0.00, real=0.00 secs] 
2020-10-29T14:17:47.071+0000: [GC (Allocation Failure) 2020-10-29T14:17:47.071+0000: [ParNew: 38020K->4K(42752K), 0.0045813 secs] 512749K->474733K(920960K), 0.0046488 secs] [Times: user=0.01 sys=0.00, real=0.01 secs] 
2020-10-29T14:17:47.115+0000: [GC (Allocation Failure) 2020-10-29T14:17:47.115+0000: [ParNew: 38020K->4K(42752K), 0.0038628 secs] 512749K->474733K(920960K), 0.0039313 secs] [Times: user=0.01 sys=0.00, real=0.00 secs] 
2020-10-29T14:17:47.157+0000: [GC (Allocation Failure) 2020-10-29T14:17:47.157+0000: [ParNew: 38020K->4K(42752K), 0.0040291 secs] 512749K->474733K(920960K), 0.0040996 secs] [Times: user=0.00 sys=0.00, real=0.00 secs] 
2020-10-29T14:17:47.198+0000: [GC (Allocation Failure) 2020-10-29T14:17:47.198+0000: [ParNew: 38020K->4K(42752K), 0.0038991 secs] 512749K->474733K(920960K), 0.0039687 secs] [Times: user=0.01 sys=0.00, real=0.00 secs] 
2020-10-29T14:17:47.243+0000: [GC (Allocation Failure) 2020-10-29T14:17:47.243+0000: [ParNew: 38020K->4K(42752K), 0.0039072 secs] 512749K->474733K(920960K), 0.0039771 secs] [Times: user=0.01 sys=0.00, real=0.01 secs] 
2020-10-29T14:17:47.287+0000: [GC (Allocation Failure) 2020-10-29T14:17:47.287+0000: [ParNew: 38020K->4K(42752K), 0.0039202 secs] 512749K->474733K(920960K), 0.0039888 secs] [Times: user=0.01 sys=0.00, real=0.00 secs] 
2020-10-29T14:17:47.331+0000: [GC (Allocation Failure) 2020-10-29T14:17:47.331+0000: [ParNew: 38020K->4K(42752K), 0.0041322 secs] 512749K->474733K(920960K), 0.0042102 secs] [Times: user=0.01 sys=0.00, real=0.01 secs] 
2020-10-29T14:17:47.373+0000: [GC (Allocation Failure) 2020-10-29T14:17:47.373+0000: [ParNew: 38020K->4K(42752K), 0.0038827 secs] 512749K->474733K(920960K), 0.0039522 secs] [Times: user=0.01 sys=0.00, real=0.01 secs] 
2020-10-29T14:17:47.415+0000: [GC (Allocation Failure) 2020-10-29T14:17:47.415+0000: [ParNew: 38020K->4K(42752K), 0.0039145 secs] 512749K->474733K(920960K), 0.0039992 secs] [Times: user=0.01 sys=0.00, real=0.00 secs] 
2020-10-29T14:17:47.459+0000: [GC (Allocation Failure) 2020-10-29T14:17:47.459+0000: [ParNew: 38020K->4K(42752K), 0.0039257 secs] 512749K->474733K(920960K), 0.0039935 secs] [Times: user=0.01 sys=0.00, real=0.00 secs] 
2020-10-29T14:17:47.503+0000: [GC (Allocation Failure) 2020-10-29T14:17:47.503+0000: [ParNew: 38020K->4K(42752K), 0.0038708 secs] 512749K->474733K(920960K), 0.0039397 secs] [Times: user=0.00 sys=0.00, real=0.01 secs] 
2020-10-29T14:17:47.547+0000: [GC (Allocation Failure) 2020-10-29T14:17:47.547+0000: [ParNew: 38020K->4K(42752K), 0.0039133 secs] 512749K->474733K(920960K), 0.0039829 secs] [Times: user=0.01 sys=0.00, real=0.00 secs] 
2020-10-29T14:17:47.592+0000: [GC (Allocation Failure) 2020-10-29T14:17:47.592+0000: [ParNew: 38020K->4K(42752K), 0.0038683 secs] 512749K->474733K(920960K), 0.0039349 secs] [Times: user=0.01 sys=0.00, real=0.01 secs] 
2020-10-29T14:17:47.634+0000: [GC (Allocation Failure) 2020-10-29T14:17:47.634+0000: [ParNew: 38020K->4K(42752K), 0.0040166 secs] 512749K->474733K(920960K), 0.0040868 secs] [Times: user=0.01 sys=0.00, real=0.01 secs] 
2020-10-29T14:17:47.676+0000: [GC (Allocation Failure) 2020-10-29T14:17:47.676+0000: [ParNew: 38020K->4K(42752K), 0.0038753 secs] 512749K->474733K(920960K), 0.0039452 secs] [Times: user=0.01 sys=0.00, real=0.00 secs] 
2020-10-29T14:17:47.719+0000: [GC (Allocation Failure) 2020-10-29T14:17:47.719+0000: [ParNew: 38020K->4K(42752K), 0.0038952 secs] 512749K->474733K(920960K), 0.0039652 secs] [Times: user=0.00 sys=0.00, real=0.00 secs] 
2020-10-29T14:17:47.761+0000: [GC (Allocation Failure) 2020-10-29T14:17:47.761+0000: [ParNew: 38020K->4K(42752K), 0.0039276 secs] 512749K->474733K(920960K), 0.0039964 secs] [Times: user=0.01 sys=0.00, real=0.00 secs] 
2020-10-29T14:17:47.802+0000: [GC (Allocation Failure) 2020-10-29T14:17:47.802+0000: [ParNew: 38020K->4K(42752K), 0.0038893 secs] 512749K->474733K(920960K), 0.0039597 secs] [Times: user=0.01 sys=0.00, real=0.00 secs] 
2020-10-29T14:17:47.844+0000: [GC (Allocation Failure) 2020-10-29T14:17:47.844+0000: [ParNew: 38020K->4K(42752K), 0.0038749 secs] 512749K->474733K(920960K), 0.0039447 secs] [Times: user=0.01 sys=0.00, real=0.01 secs] 
2020-10-29T14:17:47.900+0000: [GC (Allocation Failure) 2020-10-29T14:17:47.900+0000: [ParNew: 38020K->4K(42752K), 0.0039389 secs] 512749K->474733K(920960K), 0.0040098 secs] [Times: user=0.01 sys=0.00, real=0.00 secs] 
2020-10-29T14:17:47.979+0000: [GC (Allocation Failure) 2020-10-29T14:17:47.979+0000: [ParNew: 38020K->6K(42752K), 0.0038773 secs] 512749K->474735K(920960K), 0.0039463 secs] [Times: user=0.01 sys=0.00, real=0.00 secs] 
2020-10-29T14:17:48.055+0000: [GC (Allocation Failure) 2020-10-29T14:17:48.055+0000: [ParNew: 38022K->6K(42752K), 0.0039463 secs] 512751K->474735K(920960K), 0.0040201 secs] [Times: user=0.01 sys=0.00, real=0.00 secs] 
2020-10-29T14:17:48.131+0000: [GC (Allocation Failure) 2020-10-29T14:17:48.131+0000: [ParNew: 38022K->6K(42752K), 0.0039018 secs] 512751K->474735K(920960K), 0.0039712 secs] [Times: user=0.01 sys=0.00, real=0.01 secs] 
2020-10-29T14:17:49.927+0000: [GC (Allocation Failure) 2020-10-29T14:17:49.927+0000: [ParNew: 38022K->152K(42752K), 0.0041479 secs] 512751K->474882K(920960K), 0.0042021 secs] [Times: user=0.01 sys=0.00, real=0.00 secs] 
2020-10-29T14:17:50.550+0000: [GC (Allocation Failure) 2020-10-29T14:17:50.550+0000: [ParNew: 38168K->1135K(42752K), 0.0098197 secs] 512898K->492249K(920960K), 0.0099217 secs] [Times: user=0.02 sys=0.00, real=0.01 secs] 
2020-10-29T14:17:50.876+0000: [GC (Allocation Failure) 2020-10-29T14:17:50.876+0000: [ParNew: 39151K->2512K(42752K), 0.0072555 secs] 530265K->493628K(920960K), 0.0073331 secs] [Times: user=0.02 sys=0.00, real=0.00 secs] 
2020-10-29T14:17:50.963+0000: [GC (Allocation Failure) 2020-10-29T14:17:50.963+0000: [ParNew: 40528K->3109K(42752K), 0.0057932 secs] 531644K->494224K(920960K), 0.0058649 secs] [Times: user=0.01 sys=0.00, real=0.01 secs] 
2020-10-29T14:17:51.027+0000: [GC (Allocation Failure) 2020-10-29T14:17:51.027+0000: [ParNew: 41125K->3377K(42752K), 0.0060639 secs] 532240K->494493K(920960K), 0.0061399 secs] [Times: user=0.01 sys=0.00, real=0.00 secs] 
2020-10-29T14:17:51.091+0000: [GC (Allocation Failure) 2020-10-29T14:17:51.091+0000: [ParNew: 41393K->3318K(42752K), 0.0068385 secs] 532509K->494925K(920960K), 0.0069120 secs] [Times: user=0.01 sys=0.00, real=0.01 secs] 
2020-10-29T14:17:51.154+0000: [GC (Allocation Failure) 2020-10-29T14:17:51.154+0000: [ParNew: 41334K->3331K(42752K), 0.0054081 secs] 532941K->494938K(920960K), 0.0054794 secs] [Times: user=0.01 sys=0.00, real=0.01 secs] 
2020-10-29T14:17:51.215+0000: [GC (Allocation Failure) 2020-10-29T14:17:51.215+0000: [ParNew: 41347K->2628K(42752K), 0.0054445 secs] 532954K->494235K(920960K), 0.0055193 secs] [Times: user=0.01 sys=0.00, real=0.00 secs] 
2020-10-29T14:17:51.264+0000: [GC (Allocation Failure) 2020-10-29T14:17:51.264+0000: [ParNew: 40644K->2277K(42752K), 0.0067319 secs] 532251K->495198K(920960K), 0.0068074 secs] [Times: user=0.02 sys=0.00, real=0.01 secs] 
2020-10-29T14:17:51.315+0000: [GC (Allocation Failure) 2020-10-29T14:17:51.315+0000: [ParNew: 40293K->2361K(42752K), 0.0044080 secs] 533214K->495283K(920960K), 0.0044817 secs] [Times: user=0.01 sys=0.00, real=0.00 secs] 
2020-10-29T14:17:51.370+0000: [GC (Allocation Failure) 2020-10-29T14:17:51.370+0000: [ParNew: 40377K->78K(42752K), 0.0039890 secs] 533299K->493000K(920960K), 0.0040812 secs] [Times: user=0.01 sys=0.00, real=0.00 secs] 
2020-10-29T14:17:51.437+0000: [GC (Allocation Failure) 2020-10-29T14:17:51.437+0000: [ParNew: 38094K->20K(42752K), 0.0039741 secs] 531016K->492941K(920960K), 0.0040732 secs] [Times: user=0.01 sys=0.00, real=0.00 secs] 
2020-10-29T14:17:51.499+0000: [GC (Allocation Failure) 2020-10-29T14:17:51.499+0000: [ParNew: 38036K->5K(42752K), 0.0040462 secs] 530957K->492926K(920960K), 0.0041299 secs] [Times: user=0.01 sys=0.00, real=0.00 secs] 
2020-10-29T14:17:51.564+0000: [GC (Allocation Failure) 2020-10-29T14:17:51.564+0000: [ParNew: 38021K->4K(42752K), 0.0075932 secs] 530942K->492925K(920960K), 0.0076680 secs] [Times: user=0.02 sys=0.00, real=0.01 secs] 
2020-10-29T14:17:51.630+0000: [GC (Allocation Failure) 2020-10-29T14:17:51.630+0000: [ParNew: 38020K->4K(42752K), 0.0038739 secs] 530941K->492925K(920960K), 0.0039440 secs] [Times: user=0.01 sys=0.00, real=0.00 secs] 
2020-10-29T14:17:51.692+0000: [GC (Allocation Failure) 2020-10-29T14:17:51.692+0000: [ParNew: 38020K->4K(42752K), 0.0039584 secs] 530941K->492925K(920960K), 0.0040549 secs] [Times: user=0.00 sys=0.00, real=0.01 secs] 
2020-10-29T14:17:51.759+0000: [GC (Allocation Failure) 2020-10-29T14:17:51.759+0000: [ParNew: 38020K->4K(42752K), 0.0039271 secs] 530941K->492925K(920960K), 0.0039971 secs] [Times: user=0.01 sys=0.00, real=0.00 secs] 
2020-10-29T14:17:51.823+0000: [GC (Allocation Failure) 2020-10-29T14:17:51.823+0000: [ParNew: 38020K->4K(42752K), 0.0082512 secs] 530941K->492925K(920960K), 0.0083215 secs] [Times: user=0.02 sys=0.00, real=0.01 secs] 
2020-10-29T14:17:51.917+0000: [GC (Allocation Failure) 2020-10-29T14:17:51.917+0000: [ParNew: 38020K->4K(42752K), 0.0080141 secs] 530941K->492925K(920960K), 0.0080912 secs] [Times: user=0.02 sys=0.00, real=0.00 secs] 
2020-10-29T14:17:51.995+0000: [GC (Allocation Failure) 2020-10-29T14:17:51.995+0000: [ParNew: 38020K->6K(42752K), 0.0145855 secs] 530941K->492927K(920960K), 0.0146673 secs] [Times: user=0.03 sys=0.00, real=0.01 secs] 
2020-10-29T14:17:52.074+0000: [GC (Allocation Failure) 2020-10-29T14:17:52.074+0000: [ParNew: 38022K->4K(42752K), 0.0039901 secs] 530943K->492925K(920960K), 0.0040717 secs] [Times: user=0.01 sys=0.00, real=0.01 secs] 
2020-10-29T14:17:52.125+0000: [GC (Allocation Failure) 2020-10-29T14:17:52.125+0000: [ParNew: 38020K->4K(42752K), 0.0040028 secs] 530941K->492925K(920960K), 0.0040767 secs] [Times: user=0.01 sys=0.00, real=0.01 secs] 
2020-10-29T14:17:52.174+0000: [GC (Allocation Failure) 2020-10-29T14:17:52.174+0000: [ParNew: 38020K->4K(42752K), 0.0039778 secs] 530941K->492925K(920960K), 0.0040491 secs] [Times: user=0.01 sys=0.00, real=0.01 secs] 
2020-10-29T14:17:52.218+0000: [GC (Allocation Failure) 2020-10-29T14:17:52.218+0000: [ParNew: 38020K->4K(42752K), 0.0039203 secs] 530941K->492926K(920960K), 0.0040033 secs] [Times: user=0.01 sys=0.00, real=0.00 secs] 
2020-10-29T14:17:52.259+0000: [GC (Allocation Failure) 2020-10-29T14:17:52.260+0000: [ParNew: 38020K->4K(42752K), 0.0039189 secs] 530942K->492926K(920960K), 0.0039886 secs] [Times: user=0.01 sys=0.00, real=0.00 secs] 
2020-10-29T14:17:52.303+0000: [GC (Allocation Failure) 2020-10-29T14:17:52.303+0000: [ParNew: 38020K->4K(42752K), 0.0039445 secs] 530942K->492926K(920960K), 0.0040147 secs] [Times: user=0.01 sys=0.00, real=0.01 secs] 
2020-10-29T14:17:52.345+0000: [GC (Allocation Failure) 2020-10-29T14:17:52.345+0000: [ParNew: 38020K->4K(42752K), 0.0039937 secs] 530942K->492926K(920960K), 0.0040683 secs] [Times: user=0.01 sys=0.00, real=0.01 secs] 
2020-10-29T14:17:52.387+0000: [GC (Allocation Failure) 2020-10-29T14:17:52.387+0000: [ParNew: 38020K->4K(42752K), 0.0039507 secs] 530942K->492926K(920960K), 0.0040250 secs] [Times: user=0.01 sys=0.00, real=0.00 secs] 
2020-10-29T14:17:52.431+0000: [GC (Allocation Failure) 2020-10-29T14:17:52.431+0000: [ParNew: 38020K->4K(42752K), 0.0039200 secs] 530942K->492926K(920960K), 0.0039910 secs] [Times: user=0.01 sys=0.00, real=0.01 secs] 
2020-10-29T14:17:52.473+0000: [GC (Allocation Failure) 2020-10-29T14:17:52.473+0000: [ParNew: 38020K->4K(42752K), 0.0047981 secs] 530942K->492926K(920960K), 0.0048767 secs] [Times: user=0.01 sys=0.00, real=0.01 secs] 
2020-10-29T14:17:52.516+0000: [GC (Allocation Failure) 2020-10-29T14:17:52.516+0000: [ParNew: 38020K->4K(42752K), 0.0039515 secs] 530942K->492926K(920960K), 0.0040221 secs] [Times: user=0.01 sys=0.00, real=0.00 secs] 
2020-10-29T14:17:52.559+0000: [GC (Allocation Failure) 2020-10-29T14:17:52.559+0000: [ParNew: 38020K->4K(42752K), 0.0039479 secs] 530942K->492926K(920960K), 0.0040175 secs] [Times: user=0.01 sys=0.00, real=0.00 secs] 
2020-10-29T14:17:52.601+0000: [GC (Allocation Failure) 2020-10-29T14:17:52.601+0000: [ParNew: 38020K->4K(42752K), 0.0039686 secs] 530942K->492926K(920960K), 0.0040409 secs] [Times: user=0.01 sys=0.00, real=0.00 secs] 
2020-10-29T14:17:52.643+0000: [GC (Allocation Failure) 2020-10-29T14:17:52.643+0000: [ParNew: 38020K->4K(42752K), 0.0039339 secs] 530942K->492926K(920960K), 0.0040057 secs] [Times: user=0.00 sys=0.00, real=0.01 secs] 
2020-10-29T14:17:52.685+0000: [GC (Allocation Failure) 2020-10-29T14:17:52.685+0000: [ParNew: 38020K->4K(42752K), 0.0038905 secs] 530942K->492926K(920960K), 0.0039605 secs] [Times: user=0.01 sys=0.00, real=0.01 secs] 
2020-10-29T14:17:52.738+0000: [GC (Allocation Failure) 2020-10-29T14:17:52.738+0000: [ParNew: 38020K->4K(42752K), 0.0040300 secs] 530942K->492926K(920960K), 0.0040990 secs] [Times: user=0.01 sys=0.00, real=0.00 secs] 
2020-10-29T14:17:52.780+0000: [GC (Allocation Failure) 2020-10-29T14:17:52.780+0000: [ParNew: 38020K->4K(42752K), 0.0041134 secs] 530942K->492926K(920960K), 0.0041842 secs] [Times: user=0.01 sys=0.00, real=0.00 secs] 
2020-10-29T14:17:52.822+0000: [GC (Allocation Failure) 2020-10-29T14:17:52.822+0000: [ParNew: 38020K->4K(42752K), 0.0039699 secs] 530942K->492926K(920960K), 0.0040469 secs] [Times: user=0.01 sys=0.00, real=0.00 secs] 
2020-10-29T14:17:52.864+0000: [GC (Allocation Failure) 2020-10-29T14:17:52.864+0000: [ParNew: 38020K->4K(42752K), 0.0039391 secs] 530942K->492926K(920960K), 0.0040104 secs] [Times: user=0.00 sys=0.00, real=0.01 secs] 
2020-10-29T14:17:52.909+0000: [GC (Allocation Failure) 2020-10-29T14:17:52.909+0000: [ParNew: 38020K->4K(42752K), 0.0039581 secs] 530942K->492926K(920960K), 0.0040329 secs] [Times: user=0.01 sys=0.00, real=0.00 secs] 
2020-10-29T14:17:52.955+0000: [GC (Allocation Failure) 2020-10-29T14:17:52.955+0000: [ParNew: 38020K->6K(42752K), 0.0040181 secs] 530942K->492928K(920960K), 0.0040916 secs] [Times: user=0.00 sys=0.01, real=0.01 secs] 
2020-10-29T14:17:52.996+0000: [GC (Allocation Failure) 2020-10-29T14:17:52.997+0000: [ParNew: 38022K->4K(42752K), 0.0040445 secs] 530944K->492926K(920960K), 0.0041169 secs] [Times: user=0.01 sys=0.00, real=0.00 secs] 
2020-10-29T14:17:53.038+0000: [GC (Allocation Failure) 2020-10-29T14:17:53.039+0000: [ParNew: 38020K->4K(42752K), 0.0039811 secs] 530942K->492926K(920960K), 0.0040549 secs] [Times: user=0.01 sys=0.00, real=0.00 secs] 
2020-10-29T14:17:53.083+0000: [GC (Allocation Failure) 2020-10-29T14:17:53.083+0000: [ParNew: 38020K->4K(42752K), 0.0040004 secs] 530942K->492926K(920960K), 0.0040717 secs] [Times: user=0.01 sys=0.00, real=0.01 secs] 
2020-10-29T14:17:53.127+0000: [GC (Allocation Failure) 2020-10-29T14:17:53.127+0000: [ParNew: 38020K->4K(42752K), 0.0039698 secs] 530942K->492926K(920960K), 0.0040408 secs] [Times: user=0.01 sys=0.00, real=0.00 secs] 
2020-10-29T14:17:53.169+0000: [GC (Allocation Failure) 2020-10-29T14:17:53.169+0000: [ParNew: 38020K->4K(42752K), 0.0040613 secs] 530942K->492926K(920960K), 0.0041316 secs] [Times: user=0.01 sys=0.00, real=0.00 secs] 
2020-10-29T14:17:53.211+0000: [GC (Allocation Failure) 2020-10-29T14:17:53.211+0000: [ParNew: 38020K->4K(42752K), 0.0039334 secs] 530942K->492926K(920960K), 0.0040029 secs] [Times: user=0.00 sys=0.00, real=0.01 secs] 
2020-10-29T14:17:53.253+0000: [GC (Allocation Failure) 2020-10-29T14:17:53.253+0000: [ParNew: 38020K->4K(42752K), 0.0039639 secs] 530942K->492926K(920960K), 0.0040350 secs] [Times: user=0.01 sys=0.00, real=0.01 secs] 
2020-10-29T14:17:53.298+0000: [GC (Allocation Failure) 2020-10-29T14:17:53.298+0000: [ParNew: 38020K->4K(42752K), 0.0039171 secs] 530942K->492926K(920960K), 0.0039885 secs] [Times: user=0.01 sys=0.00, real=0.00 secs] 
2020-10-29T14:17:53.343+0000: [GC (Allocation Failure) 2020-10-29T14:17:53.343+0000: [ParNew: 38020K->4K(42752K), 0.0039714 secs] 530942K->492926K(920960K), 0.0040416 secs] [Times: user=0.01 sys=0.00, real=0.01 secs] 
2020-10-29T14:17:53.387+0000: [GC (Allocation Failure) 2020-10-29T14:17:53.387+0000: [ParNew: 38020K->4K(42752K), 0.0039331 secs] 530942K->492926K(920960K), 0.0040039 secs] [Times: user=0.00 sys=0.00, real=0.00 secs] 
2020-10-29T14:17:53.431+0000: [GC (Allocation Failure) 2020-10-29T14:17:53.431+0000: [ParNew: 38020K->4K(42752K), 0.0039606 secs] 530942K->492926K(920960K), 0.0040330 secs] [Times: user=0.01 sys=0.00, real=0.01 secs] 
2020-10-29T14:17:53.477+0000: [GC (Allocation Failure) 2020-10-29T14:17:53.477+0000: [ParNew: 38020K->4K(42752K), 0.0039470 secs] 530942K->492926K(920960K), 0.0040424 secs] [Times: user=0.01 sys=0.00, real=0.00 secs] 
2020-10-29T14:17:53.520+0000: [GC (Allocation Failure) 2020-10-29T14:17:53.520+0000: [ParNew: 38020K->4K(42752K), 0.0039314 secs] 530942K->492926K(920960K), 0.0040027 secs] [Times: user=0.01 sys=0.00, real=0.00 secs] 
2020-10-29T14:17:53.562+0000: [GC (Allocation Failure) 2020-10-29T14:17:53.563+0000: [ParNew: 38020K->4K(42752K), 0.0039553 secs] 530942K->492926K(920960K), 0.0040272 secs] [Times: user=0.00 sys=0.00, real=0.00 secs] 
2020-10-29T14:17:53.607+0000: [GC (Allocation Failure) 2020-10-29T14:17:53.607+0000: [ParNew: 38020K->4K(42752K), 0.0042940 secs] 530942K->492926K(920960K), 0.0043636 secs] [Times: user=0.01 sys=0.00, real=0.00 secs] 
2020-10-29T14:17:53.651+0000: [GC (Allocation Failure) 2020-10-29T14:17:53.651+0000: [ParNew: 38020K->4K(42752K), 0.0040002 secs] 530942K->492926K(920960K), 0.0040712 secs] [Times: user=0.01 sys=0.00, real=0.01 secs] 
2020-10-29T14:17:53.695+0000: [GC (Allocation Failure) 2020-10-29T14:17:53.695+0000: [ParNew: 38020K->4K(42752K), 0.0040246 secs] 530942K->492926K(920960K), 0.0040958 secs] [Times: user=0.01 sys=0.00, real=0.00 secs] 
2020-10-29T14:17:53.738+0000: [GC (Allocation Failure) 2020-10-29T14:17:53.738+0000: [ParNew: 38020K->6K(42752K), 0.0040709 secs] 530942K->492929K(920960K), 0.0041431 secs] [Times: user=0.01 sys=0.00, real=0.00 secs] 
2020-10-29T14:17:53.780+0000: [GC (Allocation Failure) 2020-10-29T14:17:53.780+0000: [ParNew: 38022K->6K(42752K), 0.0039794 secs] 530945K->492929K(920960K), 0.0040517 secs] [Times: user=0.01 sys=0.00, real=0.00 secs] 
2020-10-29T14:17:53.822+0000: [GC (Allocation Failure) 2020-10-29T14:17:53.822+0000: [ParNew: 38022K->4K(42752K), 0.0039644 secs] 530945K->492927K(920960K), 0.0040502 secs] [Times: user=0.01 sys=0.00, real=0.00 secs] 
2020-10-29T14:17:53.863+0000: [GC (Allocation Failure) 2020-10-29T14:17:53.863+0000: [ParNew: 38020K->4K(42752K), 0.0039264 secs] 530943K->492927K(920960K), 0.0039978 secs] [Times: user=0.01 sys=0.00, real=0.01 secs] 
2020-10-29T14:17:53.906+0000: [GC (Allocation Failure) 2020-10-29T14:17:53.906+0000: [ParNew: 38020K->4K(42752K), 0.0040061 secs] 530943K->492927K(920960K), 0.0040802 secs] [Times: user=0.00 sys=0.00, real=0.01 secs] 
2020-10-29T14:17:53.948+0000: [GC (Allocation Failure) 2020-10-29T14:17:53.948+0000: [ParNew: 38020K->4K(42752K), 0.0039309 secs] 530943K->492927K(920960K), 0.0040025 secs] [Times: user=0.01 sys=0.00, real=0.00 secs] 
2020-10-29T14:17:53.990+0000: [GC (Allocation Failure) 2020-10-29T14:17:53.990+0000: [ParNew: 38020K->4K(42752K), 0.0039692 secs] 530943K->492927K(920960K), 0.0040424 secs] [Times: user=0.01 sys=0.00, real=0.00 secs] 
2020-10-29T14:17:54.035+0000: [GC (Allocation Failure) 2020-10-29T14:17:54.035+0000: [ParNew: 38020K->4K(42752K), 0.0039109 secs] 530943K->492927K(920960K), 0.0039825 secs] [Times: user=0.01 sys=0.00, real=0.00 secs] 
2020-10-29T14:17:54.077+0000: [GC (Allocation Failure) 2020-10-29T14:17:54.078+0000: [ParNew: 38020K->4K(42752K), 0.0039852 secs] 530943K->492927K(920960K), 0.0040598 secs] [Times: user=0.01 sys=0.00, real=0.00 secs] 
2020-10-29T14:17:54.121+0000: [GC (Allocation Failure) 2020-10-29T14:17:54.121+0000: [ParNew: 38020K->4K(42752K), 0.0039573 secs] 530943K->492927K(920960K), 0.0040298 secs] [Times: user=0.00 sys=0.00, real=0.00 secs] 
2020-10-29T14:17:54.163+0000: [GC (Allocation Failure) 2020-10-29T14:17:54.163+0000: [ParNew: 38020K->4K(42752K), 0.0039839 secs] 530943K->492927K(920960K), 0.0040545 secs] [Times: user=0.01 sys=0.00, real=0.01 secs] 
2020-10-29T14:17:54.205+0000: [GC (Allocation Failure) 2020-10-29T14:17:54.205+0000: [ParNew: 38020K->4K(42752K), 0.0040851 secs] 530943K->492927K(920960K), 0.0041606 secs] [Times: user=0.00 sys=0.00, real=0.01 secs] 
2020-10-29T14:17:54.251+0000: [GC (Allocation Failure) 2020-10-29T14:17:54.251+0000: [ParNew: 38020K->4K(42752K), 0.0039599 secs] 530943K->492927K(920960K), 0.0040352 secs] [Times: user=0.01 sys=0.00, real=0.01 secs] 
2020-10-29T14:17:54.293+0000: [GC (Allocation Failure) 2020-10-29T14:17:54.293+0000: [ParNew: 38020K->4K(42752K), 0.0041476 secs] 530943K->492927K(920960K), 0.0042196 secs] [Times: user=0.01 sys=0.00, real=0.01 secs] 
2020-10-29T14:17:54.339+0000: [GC (Allocation Failure) 2020-10-29T14:17:54.339+0000: [ParNew: 38020K->4K(42752K), 0.0039407 secs] 530943K->492927K(920960K), 0.0040119 secs] [Times: user=0.01 sys=0.00, real=0.00 secs] 
2020-10-29T14:17:54.381+0000: [GC (Allocation Failure) 2020-10-29T14:17:54.381+0000: [ParNew: 38020K->4K(42752K), 0.0039495 secs] 530943K->492927K(920960K), 0.0040345 secs] [Times: user=0.00 sys=0.00, real=0.00 secs] 
2020-10-29T14:17:54.423+0000: [GC (Allocation Failure) 2020-10-29T14:17:54.423+0000: [ParNew: 38020K->4K(42752K), 0.0039228 secs] 530943K->492927K(920960K), 0.0039931 secs] [Times: user=0.01 sys=0.00, real=0.01 secs] 
2020-10-29T14:17:54.467+0000: [GC (Allocation Failure) 2020-10-29T14:17:54.467+0000: [ParNew: 38020K->4K(42752K), 0.0039166 secs] 530943K->492927K(920960K), 0.0039878 secs] [Times: user=0.00 sys=0.00, real=0.00 secs] 
2020-10-29T14:17:54.511+0000: [GC (Allocation Failure) 2020-10-29T14:17:54.511+0000: [ParNew: 38020K->4K(42752K), 0.0040493 secs] 530943K->492927K(920960K), 0.0041192 secs] [Times: user=0.01 sys=0.00, real=0.01 secs] 
2020-10-29T14:17:54.563+0000: [GC (Allocation Failure) 2020-10-29T14:17:54.563+0000: [ParNew: 38020K->6K(42752K), 0.0040910 secs] 530943K->492929K(920960K), 0.0041623 secs] [Times: user=0.01 sys=0.00, real=0.01 secs] 
2020-10-29T14:17:54.605+0000: [GC (Allocation Failure) 2020-10-29T14:17:54.605+0000: [ParNew: 38022K->6K(42752K), 0.0039374 secs] 530945K->492929K(920960K), 0.0040075 secs] [Times: user=0.00 sys=0.00, real=0.01 secs] 
2020-10-29T14:17:54.650+0000: [GC (Allocation Failure) 2020-10-29T14:17:54.650+0000: [ParNew: 38022K->6K(42752K), 0.0039277 secs] 530945K->492930K(920960K), 0.0040018 secs] [Times: user=0.01 sys=0.00, real=0.00 secs] 
2020-10-29T14:17:54.695+0000: [GC (Allocation Failure) 2020-10-29T14:17:54.695+0000: [ParNew: 38022K->7K(42752K), 0.0039571 secs] 530946K->492930K(920960K), 0.0040282 secs] [Times: user=0.00 sys=0.00, real=0.00 secs] 
2020-10-29T14:17:54.738+0000: [GC (Allocation Failure) 2020-10-29T14:17:54.738+0000: [ParNew: 38023K->7K(42752K), 0.0039479 secs] 530946K->492930K(920960K), 0.0040180 secs] [Times: user=0.01 sys=0.00, real=0.00 secs] 
2020-10-29T14:17:54.783+0000: [GC (Allocation Failure) 2020-10-29T14:17:54.783+0000: [ParNew: 38023K->7K(42752K), 0.0058490 secs] 530946K->492930K(920960K), 0.0059210 secs] [Times: user=0.01 sys=0.00, real=0.01 secs] 
2020-10-29T14:17:54.831+0000: [GC (Allocation Failure) 2020-10-29T14:17:54.831+0000: [ParNew: 38023K->4K(42752K), 0.0040018 secs] 530946K->492931K(920960K), 0.0040958 secs] [Times: user=0.00 sys=0.00, real=0.01 secs] 
2020-10-29T14:17:54.875+0000: [GC (Allocation Failure) 2020-10-29T14:17:54.875+0000: [ParNew: 38020K->4K(42752K), 0.0039294 secs] 530947K->492930K(920960K), 0.0040017 secs] [Times: user=0.01 sys=0.00, real=0.00 secs] 
2020-10-29T14:17:54.919+0000: [GC (Allocation Failure) 2020-10-29T14:17:54.919+0000: [ParNew: 38020K->4K(42752K), 0.0039853 secs] 530946K->492930K(920960K), 0.0040561 secs] [Times: user=0.01 sys=0.00, real=0.00 secs] 
2020-10-29T14:17:54.961+0000: [GC (Allocation Failure) 2020-10-29T14:17:54.961+0000: [ParNew: 38020K->4K(42752K), 0.0039202 secs] 530946K->492930K(920960K), 0.0039916 secs] [Times: user=0.00 sys=0.00, real=0.00 secs] 
2020-10-29T14:17:55.005+0000: [GC (Allocation Failure) 2020-10-29T14:17:55.005+0000: [ParNew: 38020K->4K(42752K), 0.0039807 secs] 530946K->492930K(920960K), 0.0040512 secs] [Times: user=0.00 sys=0.00, real=0.01 secs] 
2020-10-29T14:17:55.047+0000: [GC (Allocation Failure) 2020-10-29T14:17:55.047+0000: [ParNew: 38020K->4K(42752K), 0.0040174 secs] 530946K->492930K(920960K), 0.0040874 secs] [Times: user=0.01 sys=0.00, real=0.00 secs] 
2020-10-29T14:17:55.093+0000: [GC (Allocation Failure) 2020-10-29T14:17:55.093+0000: [ParNew: 38020K->4K(42752K), 0.0040936 secs] 530946K->492930K(920960K), 0.0041684 secs] [Times: user=0.01 sys=0.00, real=0.01 secs] 
2020-10-29T14:17:55.134+0000: [GC (Allocation Failure) 2020-10-29T14:17:55.135+0000: [ParNew: 38020K->4K(42752K), 0.0040262 secs] 530946K->492930K(920960K), 0.0041151 secs] [Times: user=0.01 sys=0.00, real=0.01 secs] 
2020-10-29T14:17:55.176+0000: [GC (Allocation Failure) 2020-10-29T14:17:55.176+0000: [ParNew: 38020K->4K(42752K), 0.0039437 secs] 530946K->492930K(920960K), 0.0040140 secs] [Times: user=0.00 sys=0.00, real=0.00 secs] 
2020-10-29T14:17:55.219+0000: [GC (Allocation Failure) 2020-10-29T14:17:55.219+0000: [ParNew: 38020K->4K(42752K), 0.0040088 secs] 530946K->492930K(920960K), 0.0040796 secs] [Times: user=0.01 sys=0.00, real=0.00 secs] 
2020-10-29T14:17:55.263+0000: [GC (Allocation Failure) 2020-10-29T14:17:55.263+0000: [ParNew: 38020K->4K(42752K), 0.0039605 secs] 530946K->492930K(920960K), 0.0040325 secs] [Times: user=0.00 sys=0.00, real=0.01 secs] 
2020-10-29T14:17:55.305+0000: [GC (Allocation Failure) 2020-10-29T14:17:55.305+0000: [ParNew: 38020K->4K(42752K), 0.0039477 secs] 530946K->492930K(920960K), 0.0040197 secs] [Times: user=0.00 sys=0.00, real=0.01 secs] 
2020-10-29T14:17:55.347+0000: [GC (Allocation Failure) 2020-10-29T14:17:55.347+0000: [ParNew: 38020K->4K(42752K), 0.0040190 secs] 530946K->492930K(920960K), 0.0040899 secs] [Times: user=0.01 sys=0.00, real=0.00 secs] 
2020-10-29T14:17:55.391+0000: [GC (Allocation Failure) 2020-10-29T14:17:55.391+0000: [ParNew: 38020K->4K(42752K), 0.0039088 secs] 530946K->492930K(920960K), 0.0039778 secs] [Times: user=0.01 sys=0.00, real=0.01 secs] 
2020-10-29T14:17:55.435+0000: [GC (Allocation Failure) 2020-10-29T14:17:55.435+0000: [ParNew: 38020K->4K(42752K), 0.0039696 secs] 530946K->492930K(920960K), 0.0040424 secs] [Times: user=0.01 sys=0.00, real=0.00 secs] 
2020-10-29T14:17:55.477+0000: [GC (Allocation Failure) 2020-10-29T14:17:55.477+0000: [ParNew: 38020K->4K(42752K), 0.0039341 secs] 530946K->492930K(920960K), 0.0040152 secs] [Times: user=0.01 sys=0.00, real=0.00 secs] 
2020-10-29T14:17:55.523+0000: [GC (Allocation Failure) 2020-10-29T14:17:55.523+0000: [ParNew: 38020K->4K(42752K), 0.0040237 secs] 530946K->492930K(920960K), 0.0040963 secs] [Times: user=0.00 sys=0.00, real=0.01 secs] 
2020-10-29T14:17:55.567+0000: [GC (Allocation Failure) 2020-10-29T14:17:55.567+0000: [ParNew: 38020K->4K(42752K), 0.0040081 secs] 530946K->492930K(920960K), 0.0040772 secs] [Times: user=0.01 sys=0.00, real=0.00 secs] 
2020-10-29T14:17:55.614+0000: [GC (Allocation Failure) 2020-10-29T14:17:55.614+0000: [ParNew: 38020K->4K(42752K), 0.0039534 secs] 530946K->492930K(920960K), 0.0040306 secs] [Times: user=0.00 sys=0.00, real=0.01 secs] 
2020-10-29T14:17:55.656+0000: [GC (Allocation Failure) 2020-10-29T14:17:55.656+0000: [ParNew: 38020K->4K(42752K), 0.0040025 secs] 530946K->492930K(920960K), 0.0040777 secs] [Times: user=0.00 sys=0.00, real=0.00 secs] 
2020-10-29T14:17:55.698+0000: [GC (Allocation Failure) 2020-10-29T14:17:55.698+0000: [ParNew: 38020K->4K(42752K), 0.0039413 secs] 530946K->492930K(920960K), 0.0040117 secs] [Times: user=0.01 sys=0.00, real=0.00 secs] 
2020-10-29T14:17:55.740+0000: [GC (Allocation Failure) 2020-10-29T14:17:55.741+0000: [ParNew: 38020K->4K(42752K), 0.0039144 secs] 530946K->492930K(920960K), 0.0039857 secs] [Times: user=0.01 sys=0.00, real=0.00 secs] 
2020-10-29T14:17:55.782+0000: [GC (Allocation Failure) 2020-10-29T14:17:55.782+0000: [ParNew: 38020K->4K(42752K), 0.0039522 secs] 530946K->492930K(920960K), 0.0040246 secs] [Times: user=0.01 sys=0.00, real=0.00 secs] 
2020-10-29T14:17:55.824+0000: [GC (Allocation Failure) 2020-10-29T14:17:55.824+0000: [ParNew: 38020K->4K(42752K), 0.0039987 secs] 530946K->492930K(920960K), 0.0040692 secs] [Times: user=0.01 sys=0.00, real=0.01 secs] 
2020-10-29T14:17:55.867+0000: [GC (Allocation Failure) 2020-10-29T14:17:55.867+0000: [ParNew: 38020K->4K(42752K), 0.0039488 secs] 530946K->492930K(920960K), 0.0040208 secs] [Times: user=0.01 sys=0.00, real=0.00 secs] 
2020-10-29T14:17:55.911+0000: [GC (Allocation Failure) 2020-10-29T14:17:55.911+0000: [ParNew: 38020K->4K(42752K), 0.0039397 secs] 530946K->492930K(920960K), 0.0040099 secs] [Times: user=0.01 sys=0.00, real=0.01 secs] 
2020-10-29T14:17:55.955+0000: [GC (Allocation Failure) 2020-10-29T14:17:55.955+0000: [ParNew: 38020K->4K(42752K), 0.0039636 secs] 530946K->492930K(920960K), 0.0040357 secs] [Times: user=0.01 sys=0.00, real=0.00 secs] 
2020-10-29T14:17:55.996+0000: [GC (Allocation Failure) 2020-10-29T14:17:55.996+0000: [ParNew: 37851K->4K(42752K), 0.0039182 secs] 530778K->492930K(920960K), 0.0039922 secs] [Times: user=0.00 sys=0.00, real=0.00 secs] 
2020-10-29T14:17:56.038+0000: [GC (Allocation Failure) 2020-10-29T14:17:56.038+0000: [ParNew: 38020K->4K(42752K), 0.0039966 secs] 530946K->492930K(920960K), 0.0040804 secs] [Times: user=0.01 sys=0.00, real=0.00 secs] 
2020-10-29T14:17:56.080+0000: [GC (Allocation Failure) 2020-10-29T14:17:56.080+0000: [ParNew: 38020K->4K(42752K), 0.0040125 secs] 530946K->492930K(920960K), 0.0040843 secs] [Times: user=0.01 sys=0.00, real=0.00 secs] 
2020-10-29T14:17:56.123+0000: [GC (Allocation Failure) 2020-10-29T14:17:56.123+0000: [ParNew: 38020K->4K(42752K), 0.0039529 secs] 530946K->492930K(920960K), 0.0040243 secs] [Times: user=0.01 sys=0.00, real=0.01 secs] 
2020-10-29T14:17:56.167+0000: [GC (Allocation Failure) 2020-10-29T14:17:56.167+0000: [ParNew: 38020K->4K(42752K), 0.0039332 secs] 530946K->492930K(920960K), 0.0040047 secs] [Times: user=0.01 sys=0.00, real=0.00 secs] 
2020-10-29T14:17:56.211+0000: [GC (Allocation Failure) 2020-10-29T14:17:56.211+0000: [ParNew: 38020K->4K(42752K), 0.0039920 secs] 530946K->492931K(920960K), 0.0040621 secs] [Times: user=0.01 sys=0.00, real=0.01 secs] 
2020-10-29T14:17:56.255+0000: [GC (Allocation Failure) 2020-10-29T14:17:56.255+0000: [ParNew: 38020K->4K(42752K), 0.0039352 secs] 530947K->492931K(920960K), 0.0040065 secs] [Times: user=0.01 sys=0.00, real=0.00 secs] 
2020-10-29T14:17:56.299+0000: [GC (Allocation Failure) 2020-10-29T14:17:56.299+0000: [ParNew: 38020K->4K(42752K), 0.0039243 secs] 530947K->492931K(920960K), 0.0040043 secs] [Times: user=0.01 sys=0.00, real=0.00 secs] 
2020-10-29T14:17:56.341+0000: [GC (Allocation Failure) 2020-10-29T14:17:56.341+0000: [ParNew: 38020K->4K(42752K), 0.0039384 secs] 530947K->492931K(920960K), 0.0040098 secs] [Times: user=0.01 sys=0.00, real=0.00 secs] 
2020-10-29T14:17:56.382+0000: [GC (Allocation Failure) 2020-10-29T14:17:56.382+0000: [ParNew: 38020K->4K(42752K), 0.0039309 secs] 530947K->492931K(920960K), 0.0040201 secs] [Times: user=0.01 sys=0.00, real=0.00 secs] 
2020-10-29T14:17:56.427+0000: [GC (Allocation Failure) 2020-10-29T14:17:56.427+0000: [ParNew: 38020K->4K(42752K), 0.0039772 secs] 530947K->492931K(920960K), 0.0040481 secs] [Times: user=0.01 sys=0.00, real=0.00 secs] 
2020-10-29T14:17:56.471+0000: [GC (Allocation Failure) 2020-10-29T14:17:56.471+0000: [ParNew: 38020K->4K(42752K), 0.0039563 secs] 530947K->492931K(920960K), 0.0040391 secs] [Times: user=0.01 sys=0.00, real=0.01 secs] 
2020-10-29T14:17:56.513+0000: [GC (Allocation Failure) 2020-10-29T14:17:56.513+0000: [ParNew: 38020K->4K(42752K), 0.0039805 secs] 530947K->492931K(920960K), 0.0040508 secs] [Times: user=0.01 sys=0.00, real=0.01 secs] 
2020-10-29T14:17:56.559+0000: [GC (Allocation Failure) 2020-10-29T14:17:56.559+0000: [ParNew: 38020K->4K(42752K), 0.0038854 secs] 530947K->492931K(920960K), 0.0039550 secs] [Times: user=0.01 sys=0.00, real=0.00 secs] 
2020-10-29T14:17:56.603+0000: [GC (Allocation Failure) 2020-10-29T14:17:56.603+0000: [ParNew: 38020K->4K(42752K), 0.0039363 secs] 530947K->492931K(920960K), 0.0040082 secs] [Times: user=0.01 sys=0.00, real=0.01 secs] 
2020-10-29T14:17:56.645+0000: [GC (Allocation Failure) 2020-10-29T14:17:56.645+0000: [ParNew: 38020K->4K(42752K), 0.0039206 secs] 530947K->492931K(920960K), 0.0039941 secs] [Times: user=0.01 sys=0.00, real=0.01 secs] 
2020-10-29T14:17:56.691+0000: [GC (Allocation Failure) 2020-10-29T14:17:56.691+0000: [ParNew: 38020K->4K(42752K), 0.0039115 secs] 530947K->492931K(920960K), 0.0039814 secs] [Times: user=0.00 sys=0.00, real=0.01 secs] 
2020-10-29T14:17:56.735+0000: [GC (Allocation Failure) 2020-10-29T14:17:56.735+0000: [ParNew: 38020K->4K(42752K), 0.0040850 secs] 530947K->492931K(920960K), 0.0041563 secs] [Times: user=0.01 sys=0.00, real=0.00 secs] 
2020-10-29T14:17:56.779+0000: [GC (Allocation Failure) 2020-10-29T14:17:56.779+0000: [ParNew: 38020K->4K(42752K), 0.0039598 secs] 530947K->492931K(920960K), 0.0040309 secs] [Times: user=0.01 sys=0.00, real=0.00 secs] 
2020-10-29T14:17:56.823+0000: [GC (Allocation Failure) 2020-10-29T14:17:56.823+0000: [ParNew: 38020K->4K(42752K), 0.0039213 secs] 530947K->492931K(920960K), 0.0039914 secs] [Times: user=0.00 sys=0.00, real=0.01 secs] 
2020-10-29T14:17:56.865+0000: [GC (Allocation Failure) 2020-10-29T14:17:56.865+0000: [ParNew: 38020K->4K(42752K), 0.0039462 secs] 530947K->492931K(920960K), 0.0040180 secs] [Times: user=0.01 sys=0.00, real=0.01 secs] 
2020-10-29T14:17:56.911+0000: [GC (Allocation Failure) 2020-10-29T14:17:56.911+0000: [ParNew: 38020K->4K(42752K), 0.0039966 secs] 530947K->492931K(920960K), 0.0040717 secs] [Times: user=0.01 sys=0.00, real=0.01 secs] 
2020-10-29T14:17:56.955+0000: [GC (Allocation Failure) 2020-10-29T14:17:56.955+0000: [ParNew: 38020K->4K(42752K), 0.0040111 secs] 530947K->492931K(920960K), 0.0040830 secs] [Times: user=0.01 sys=0.00, real=0.00 secs] 
2020-10-29T14:17:56.998+0000: [GC (Allocation Failure) 2020-10-29T14:17:56.998+0000: [ParNew: 38020K->4K(42752K), 0.0039449 secs] 530947K->492931K(920960K), 0.0040174 secs] [Times: user=0.01 sys=0.00, real=0.00 secs] 
2020-10-29T14:17:57.040+0000: [GC (Allocation Failure) 2020-10-29T14:17:57.040+0000: [ParNew: 38020K->4K(42752K), 0.0039635 secs] 530947K->492931K(920960K), 0.0040353 secs] [Times: user=0.01 sys=0.00, real=0.00 secs] 
2020-10-29T14:17:57.082+0000: [GC (Allocation Failure) 2020-10-29T14:17:57.082+0000: [ParNew: 38020K->4K(42752K), 0.0040366 secs] 530947K->492931K(920960K), 0.0040967 secs] [Times: user=0.01 sys=0.00, real=0.00 secs] 
2020-10-29T14:17:57.127+0000: [GC (Allocation Failure) 2020-10-29T14:17:57.127+0000: [ParNew: 38020K->4K(42752K), 0.0039213 secs] 530947K->492931K(920960K), 0.0039934 secs] [Times: user=0.00 sys=0.00, real=0.00 secs] 
2020-10-29T14:17:57.169+0000: [GC (Allocation Failure) 2020-10-29T14:17:57.169+0000: [ParNew: 38020K->4K(42752K), 0.0039247 secs] 530947K->492931K(920960K), 0.0039969 secs] [Times: user=0.01 sys=0.00, real=0.00 secs] 
2020-10-29T14:17:57.215+0000: [GC (Allocation Failure) 2020-10-29T14:17:57.215+0000: [ParNew: 38020K->4K(42752K), 0.0039448 secs] 530947K->492931K(920960K), 0.0040146 secs] [Times: user=0.01 sys=0.00, real=0.00 secs] 
2020-10-29T14:17:57.261+0000: [GC (Allocation Failure) 2020-10-29T14:17:57.261+0000: [ParNew: 38020K->4K(42752K), 0.0039728 secs] 530947K->492931K(920960K), 0.0040422 secs] [Times: user=0.01 sys=0.00, real=0.00 secs] 
2020-10-29T14:17:57.303+0000: [GC (Allocation Failure) 2020-10-29T14:17:57.303+0000: [ParNew: 38020K->4K(42752K), 0.0039436 secs] 530947K->492931K(920960K), 0.0040153 secs] [Times: user=0.00 sys=0.00, real=0.01 secs] 
2020-10-29T14:17:57.345+0000: [GC (Allocation Failure) 2020-10-29T14:17:57.345+0000: [ParNew: 38020K->4K(42752K), 0.0039339 secs] 530947K->492931K(920960K), 0.0040172 secs] [Times: user=0.01 sys=0.00, real=0.01 secs] 
2020-10-29T14:17:57.387+0000: [GC (Allocation Failure) 2020-10-29T14:17:57.387+0000: [ParNew: 38020K->4K(42752K), 0.0039859 secs] 530947K->492931K(920960K), 0.0040573 secs] [Times: user=0.01 sys=0.00, real=0.00 secs] 
2020-10-29T14:17:57.431+0000: [GC (Allocation Failure) 2020-10-29T14:17:57.431+0000: [ParNew: 38020K->4K(42752K), 0.0039157 secs] 530947K->492931K(920960K), 0.0039867 secs] [Times: user=0.01 sys=0.00, real=0.01 secs] 
2020-10-29T14:17:57.473+0000: [GC (Allocation Failure) 2020-10-29T14:17:57.473+0000: [ParNew: 38020K->4K(42752K), 0.0041411 secs] 530947K->492931K(920960K), 0.0042186 secs] [Times: user=0.01 sys=0.00, real=0.01 secs] 
2020-10-29T14:17:57.518+0000: [GC (Allocation Failure) 2020-10-29T14:17:57.518+0000: [ParNew: 38020K->4K(42752K), 0.0039496 secs] 530947K->492931K(920960K), 0.0040212 secs] [Times: user=0.00 sys=0.00, real=0.00 secs] 
2020-10-29T14:17:57.560+0000: [GC (Allocation Failure) 2020-10-29T14:17:57.560+0000: [ParNew: 38020K->4K(42752K), 0.0039242 secs] 530947K->492931K(920960K), 0.0039958 secs] [Times: user=0.01 sys=0.00, real=0.00 secs] 
2020-10-29T14:17:57.603+0000: [GC (Allocation Failure) 2020-10-29T14:17:57.603+0000: [ParNew: 38020K->4K(42752K), 0.0039223 secs] 530947K->492931K(920960K), 0.0039918 secs] [Times: user=0.01 sys=0.00, real=0.01 secs] 
2020-10-29T14:17:57.647+0000: [GC (Allocation Failure) 2020-10-29T14:17:57.647+0000: [ParNew: 38020K->4K(42752K), 0.0039408 secs] 530947K->492931K(920960K), 0.0040113 secs] [Times: user=0.01 sys=0.00, real=0.00 secs] 
2020-10-29T14:17:57.689+0000: [GC (Allocation Failure) 2020-10-29T14:17:57.689+0000: [ParNew: 38020K->4K(42752K), 0.0040086 secs] 530947K->492931K(920960K), 0.0040809 secs] [Times: user=0.01 sys=0.00, real=0.00 secs] 
2020-10-29T14:17:57.731+0000: [GC (Allocation Failure) 2020-10-29T14:17:57.731+0000: [ParNew: 38020K->4K(42752K), 0.0040089 secs] 530947K->492931K(920960K), 0.0040863 secs] [Times: user=0.00 sys=0.00, real=0.01 secs] 
2020-10-29T14:17:57.774+0000: [GC (Allocation Failure) 2020-10-29T14:17:57.774+0000: [ParNew: 38020K->4K(42752K), 0.0039813 secs] 530947K->492931K(920960K), 0.0040533 secs] [Times: user=0.00 sys=0.00, real=0.01 secs] 
2020-10-29T14:17:57.819+0000: [GC (Allocation Failure) 2020-10-29T14:17:57.819+0000: [ParNew: 38020K->4K(42752K), 0.0039083 secs] 530947K->492931K(920960K), 0.0039791 secs] [Times: user=0.01 sys=0.00, real=0.00 secs] 
2020-10-29T14:17:57.865+0000: [GC (Allocation Failure) 2020-10-29T14:17:57.865+0000: [ParNew: 38020K->4K(42752K), 0.0039495 secs] 530947K->492931K(920960K), 0.0040220 secs] [Times: user=0.01 sys=0.00, real=0.01 secs] 
2020-10-29T14:17:57.911+0000: [GC (Allocation Failure) 2020-10-29T14:17:57.911+0000: [ParNew: 38020K->4K(42752K), 0.0039988 secs] 530947K->492931K(920960K), 0.0040833 secs] [Times: user=0.00 sys=0.00, real=0.01 secs] 
2020-10-29T14:17:57.952+0000: [GC (Allocation Failure) 2020-10-29T14:17:57.953+0000: [ParNew: 38020K->4K(42752K), 0.0039676 secs] 530947K->492931K(920960K), 0.0040382 secs] [Times: user=0.00 sys=0.00, real=0.01 secs] 
2020-10-29T14:17:57.999+0000: [GC (Allocation Failure) 2020-10-29T14:17:57.999+0000: [ParNew: 38020K->4K(42752K), 0.0039586 secs] 530947K->492931K(920960K), 0.0040285 secs] [Times: user=0.01 sys=0.01, real=0.00 secs] 
2020-10-29T14:17:58.043+0000: [GC (Allocation Failure) 2020-10-29T14:17:58.043+0000: [ParNew: 38020K->4K(42752K), 0.0039321 secs] 530947K->492931K(920960K), 0.0040162 secs] [Times: user=0.00 sys=0.00, real=0.01 secs] 
2020-10-29T14:17:58.085+0000: [GC (Allocation Failure) 2020-10-29T14:17:58.085+0000: [ParNew: 38020K->4K(42752K), 0.0039617 secs] 530947K->492931K(920960K), 0.0040330 secs] [Times: user=0.00 sys=0.00, real=0.01 secs] 
2020-10-29T14:17:58.127+0000: [GC (Allocation Failure) 2020-10-29T14:17:58.127+0000: [ParNew: 38020K->4K(42752K), 0.0039181 secs] 530947K->492931K(920960K), 0.0039890 secs] [Times: user=0.01 sys=0.00, real=0.00 secs] 
2020-10-29T14:17:58.169+0000: [GC (Allocation Failure) 2020-10-29T14:17:58.169+0000: [ParNew: 38020K->4K(42752K), 0.0039086 secs] 530947K->492931K(920960K), 0.0039791 secs] [Times: user=0.01 sys=0.00, real=0.00 secs] 
2020-10-29T14:17:58.215+0000: [GC (Allocation Failure) 2020-10-29T14:17:58.215+0000: [ParNew: 38020K->4K(42752K), 0.0039198 secs] 530947K->492931K(920960K), 0.0039906 secs] [Times: user=0.01 sys=0.00, real=0.00 secs] 
2020-10-29T14:17:58.257+0000: [GC (Allocation Failure) 2020-10-29T14:17:58.257+0000: [ParNew: 38020K->4K(42752K), 0.0039613 secs] 530947K->492931K(920960K), 0.0040325 secs] [Times: user=0.00 sys=0.00, real=0.00 secs] 
2020-10-29T14:17:58.299+0000: [GC (Allocation Failure) 2020-10-29T14:17:58.299+0000: [ParNew: 38020K->4K(42752K), 0.0039666 secs] 530947K->492931K(920960K), 0.0040390 secs] [Times: user=0.01 sys=0.00, real=0.00 secs] 
2020-10-29T14:17:58.341+0000: [GC (Allocation Failure) 2020-10-29T14:17:58.341+0000: [ParNew: 38020K->4K(42752K), 0.0039880 secs] 530947K->492931K(920960K), 0.0040598 secs] [Times: user=0.00 sys=0.00, real=0.00 secs] 
2020-10-29T14:17:58.383+0000: [GC (Allocation Failure) 2020-10-29T14:17:58.383+0000: [ParNew: 38020K->4K(42752K), 0.0039695 secs] 530947K->492931K(920960K), 0.0040551 secs] [Times: user=0.00 sys=0.01, real=0.01 secs] 
2020-10-29T14:17:58.427+0000: [GC (Allocation Failure) 2020-10-29T14:17:58.427+0000: [ParNew: 38020K->4K(42752K), 0.0039178 secs] 530947K->492931K(920960K), 0.0039886 secs] [Times: user=0.01 sys=0.00, real=0.00 secs] 
2020-10-29T14:17:58.469+0000: [GC (Allocation Failure) 2020-10-29T14:17:58.469+0000: [ParNew: 38020K->4K(42752K), 0.0039413 secs] 530947K->492931K(920960K), 0.0040122 secs] [Times: user=0.01 sys=0.00, real=0.00 secs] 
2020-10-29T14:17:58.515+0000: [GC (Allocation Failure) 2020-10-29T14:17:58.515+0000: [ParNew: 38020K->4K(42752K), 0.0039718 secs] 530947K->492931K(920960K), 0.0040583 secs] [Times: user=0.00 sys=0.00, real=0.01 secs] 
2020-10-29T14:17:58.556+0000: [GC (Allocation Failure) 2020-10-29T14:17:58.556+0000: [ParNew: 38020K->4K(42752K), 0.0039680 secs] 530947K->492931K(920960K), 0.0040399 secs] [Times: user=0.01 sys=0.00, real=0.00 secs] 
2020-10-29T14:17:58.602+0000: [GC (Allocation Failure) 2020-10-29T14:17:58.602+0000: [ParNew: 38020K->4K(42752K), 0.0039327 secs] 530947K->492931K(920960K), 0.0040032 secs] [Times: user=0.01 sys=0.00, real=0.00 secs] 
2020-10-29T14:17:58.645+0000: [GC (Allocation Failure) 2020-10-29T14:17:58.645+0000: [ParNew: 38020K->4K(42752K), 0.0039762 secs] 530947K->492932K(920960K), 0.0040472 secs] [Times: user=0.01 sys=0.00, real=0.01 secs] 
2020-10-29T14:17:58.690+0000: [GC (Allocation Failure) 2020-10-29T14:17:58.690+0000: [ParNew: 38020K->4K(42752K), 0.0040657 secs] 530948K->492932K(920960K), 0.0041362 secs] [Times: user=0.01 sys=0.00, real=0.00 secs] 
2020-10-29T14:17:58.735+0000: [GC (Allocation Failure) 2020-10-29T14:17:58.735+0000: [ParNew: 38020K->4K(42752K), 0.0040664 secs] 530948K->492932K(920960K), 0.0041390 secs] [Times: user=0.00 sys=0.00, real=0.00 secs] 
2020-10-29T14:17:58.777+0000: [GC (Allocation Failure) 2020-10-29T14:17:58.777+0000: [ParNew: 38020K->4K(42752K), 0.0040612 secs] 530948K->492932K(920960K), 0.0041347 secs] [Times: user=0.01 sys=0.00, real=0.00 secs] 
2020-10-29T14:17:58.819+0000: [GC (Allocation Failure) 2020-10-29T14:17:58.819+0000: [ParNew: 38020K->4K(42752K), 0.0039390 secs] 530948K->492932K(920960K), 0.0040236 secs] [Times: user=0.01 sys=0.00, real=0.00 secs] 
2020-10-29T14:17:58.861+0000: [GC (Allocation Failure) 2020-10-29T14:17:58.861+0000: [ParNew: 38020K->4K(42752K), 0.0039687 secs] 530948K->492932K(920960K), 0.0040405 secs] [Times: user=0.01 sys=0.00, real=0.00 secs] 
2020-10-29T14:17:58.903+0000: [GC (Allocation Failure) 2020-10-29T14:17:58.903+0000: [ParNew: 38020K->4K(42752K), 0.0039433 secs] 530948K->492932K(920960K), 0.0040152 secs] [Times: user=0.00 sys=0.00, real=0.01 secs] 
2020-10-29T14:17:58.945+0000: [GC (Allocation Failure) 2020-10-29T14:17:58.945+0000: [ParNew: 38020K->4K(42752K), 0.0040106 secs] 530948K->492932K(920960K), 0.0040939 secs] [Times: user=0.01 sys=0.00, real=0.01 secs] 
2020-10-29T14:17:58.987+0000: [GC (Allocation Failure) 2020-10-29T14:17:58.987+0000: [ParNew: 38020K->4K(42752K), 0.0039560 secs] 530948K->492932K(920960K), 0.0040543 secs] [Times: user=0.01 sys=0.00, real=0.01 secs] 
2020-10-29T14:17:59.028+0000: [GC (Allocation Failure) 2020-10-29T14:17:59.029+0000: [ParNew: 38020K->4K(42752K), 0.0041148 secs] 530948K->492932K(920960K), 0.0041888 secs] [Times: user=0.00 sys=0.00, real=0.00 secs] 
2020-10-29T14:17:59.071+0000: [GC (Allocation Failure) 2020-10-29T14:17:59.071+0000: [ParNew: 38020K->4K(42752K), 0.0098705 secs] 530948K->492932K(920960K), 0.0099687 secs] [Times: user=0.00 sys=0.00, real=0.01 secs] 
2020-10-29T14:17:59.118+0000: [GC (Allocation Failure) 2020-10-29T14:17:59.118+0000: [ParNew: 38020K->4K(42752K), 0.0039801 secs] 530948K->492932K(920960K), 0.0040538 secs] [Times: user=0.01 sys=0.00, real=0.00 secs] 
2020-10-29T14:17:59.160+0000: [GC (Allocation Failure) 2020-10-29T14:17:59.160+0000: [ParNew: 38020K->4K(42752K), 0.0040165 secs] 530948K->492932K(920960K), 0.0040889 secs] [Times: user=0.00 sys=0.00, real=0.00 secs] 
2020-10-29T14:17:59.203+0000: [GC (Allocation Failure) 2020-10-29T14:17:59.203+0000: [ParNew: 38020K->4K(42752K), 0.0039559 secs] 530948K->492932K(920960K), 0.0040282 secs] [Times: user=0.01 sys=0.00, real=0.01 secs] 
2020-10-29T14:17:59.245+0000: [GC (Allocation Failure) 2020-10-29T14:17:59.245+0000: [ParNew: 38020K->4K(42752K), 0.0039790 secs] 530948K->492932K(920960K), 0.0040505 secs] [Times: user=0.01 sys=0.00, real=0.01 secs] 
2020-10-29T14:17:59.291+0000: [GC (Allocation Failure) 2020-10-29T14:17:59.291+0000: [ParNew: 38020K->4K(42752K), 0.0039042 secs] 530948K->492932K(920960K), 0.0039741 secs] [Times: user=0.01 sys=0.00, real=0.01 secs] 
2020-10-29T14:17:59.333+0000: [GC (Allocation Failure) 2020-10-29T14:17:59.333+0000: [ParNew: 38020K->4K(42752K), 0.0039122 secs] 530948K->492932K(920960K), 0.0040007 secs] [Times: user=0.00 sys=0.00, real=0.01 secs] 
2020-10-29T14:17:59.375+0000: [GC (Allocation Failure) 2020-10-29T14:17:59.375+0000: [ParNew: 38020K->4K(42752K), 0.0038967 secs] 530948K->492932K(920960K), 0.0039671 secs] [Times: user=0.01 sys=0.00, real=0.00 secs] 
2020-10-29T14:17:59.419+0000: [GC (Allocation Failure) 2020-10-29T14:17:59.419+0000: [ParNew: 38020K->4K(42752K), 0.0039616 secs] 530948K->492932K(920960K), 0.0040328 secs] [Times: user=0.00 sys=0.00, real=0.00 secs] 
2020-10-29T14:17:59.460+0000: [GC (Allocation Failure) 2020-10-29T14:17:59.460+0000: [ParNew: 38020K->4K(42752K), 0.0040354 secs] 530948K->492932K(920960K), 0.0041118 secs] [Times: user=0.01 sys=0.00, real=0.00 secs] 
2020-10-29T14:17:59.503+0000: [GC (Allocation Failure) 2020-10-29T14:17:59.503+0000: [ParNew: 38020K->4K(42752K), 0.0039359 secs] 530948K->492932K(920960K), 0.0040068 secs] [Times: user=0.01 sys=0.00, real=0.01 secs] 
2020-10-29T14:17:59.545+0000: [GC (Allocation Failure) 2020-10-29T14:17:59.545+0000: [ParNew: 38020K->4K(42752K), 0.0039508 secs] 530948K->492932K(920960K), 0.0040346 secs] [Times: user=0.01 sys=0.00, real=0.01 secs] 
2020-10-29T14:17:59.595+0000: [GC (Allocation Failure) 2020-10-29T14:17:59.595+0000: [ParNew: 38020K->6K(42752K), 0.0039491 secs] 530948K->492934K(920960K), 0.0040190 secs] [Times: user=0.01 sys=0.00, real=0.00 secs] 
2020-10-29T14:17:59.676+0000: [GC (Allocation Failure) 2020-10-29T14:17:59.676+0000: [ParNew: 38022K->4K(42752K), 0.0039313 secs] 530950K->492932K(920960K), 0.0040024 secs] [Times: user=0.00 sys=0.00, real=0.00 secs] 
2020-10-29T14:17:59.755+0000: [GC (Allocation Failure) 2020-10-29T14:17:59.755+0000: [ParNew: 38020K->4K(42752K), 0.0039803 secs] 530948K->492932K(920960K), 0.0040514 secs] [Times: user=0.00 sys=0.00, real=0.00 secs] 
2020-10-29T14:17:59.831+0000: [GC (Allocation Failure) 2020-10-29T14:17:59.831+0000: [ParNew: 38020K->4K(42752K), 0.0039294 secs] 530948K->492932K(920960K), 0.0040008 secs] [Times: user=0.01 sys=0.00, real=0.01 secs] 
2020-10-29T14:17:59.906+0000: [GC (Allocation Failure) 2020-10-29T14:17:59.906+0000: [ParNew: 38020K->4K(42752K), 0.0039541 secs] 530948K->492932K(920960K), 0.0040274 secs] [Times: user=0.00 sys=0.00, real=0.01 secs] 
2020-10-29T14:18:00.373+0000: [GC (Allocation Failure) 2020-10-29T14:18:00.373+0000: [ParNew: 38020K->6K(42752K), 0.0039558 secs] 530948K->492934K(920960K), 0.0040300 secs] [Times: user=0.01 sys=0.00, real=0.01 secs] 
2020-10-29T14:18:00.567+0000: [GC (Allocation Failure) 2020-10-29T14:18:00.567+0000: [ParNew: 38022K->4K(42752K), 0.0039712 secs] 530950K->492933K(920960K), 0.0040452 secs] [Times: user=0.01 sys=0.00, real=0.00 secs] 
2020-10-29T14:18:00.796+0000: [GC (Allocation Failure) 2020-10-29T14:18:00.796+0000: [ParNew: 38020K->6K(42752K), 0.0039854 secs] 530949K->492935K(920960K), 0.0040629 secs] [Times: user=0.00 sys=0.00, real=0.00 secs] 
2020-10-29T14:18:00.954+0000: [GC (Allocation Failure) 2020-10-29T14:18:00.954+0000: [ParNew: 38022K->14K(42752K), 0.0041571 secs] 530951K->492943K(920960K), 0.0042233 secs] [Times: user=0.01 sys=0.00, real=0.01 secs] 
2020-10-29T14:18:01.844+0000: [GC (Allocation Failure) 2020-10-29T14:18:01.844+0000: [ParNew: 38030K->2210K(42752K), 0.0230865 secs] 530959K->495139K(920960K), 0.0232069 secs] [Times: user=0.04 sys=0.00, real=0.03 secs] 
2020-10-29T14:18:01.983+0000: [GC (Allocation Failure) 2020-10-29T14:18:01.983+0000: [ParNew: 40226K->2392K(42752K), 0.0059764 secs] 533155K->495322K(920960K), 0.0060822 secs] [Times: user=0.01 sys=0.00, real=0.01 secs] 
2020-10-29T14:18:02.063+0000: [GC (Allocation Failure) 2020-10-29T14:18:02.063+0000: [ParNew: 40408K->3021K(42752K), 0.0100288 secs] 533338K->495951K(920960K), 0.0101234 secs] [Times: user=0.02 sys=0.00, real=0.01 secs] 
2020-10-29T14:18:02.177+0000: [GC (Allocation Failure) 2020-10-29T14:18:02.177+0000: [ParNew: 41037K->1563K(42752K), 0.0174793 secs] 533967K->496123K(920960K), 0.0175758 secs] [Times: user=0.03 sys=0.00, real=0.02 secs] 
2020-10-29T14:18:02.266+0000: [GC (Allocation Failure) 2020-10-29T14:18:02.266+0000: [ParNew: 39579K->1169K(42752K), 0.0040541 secs] 534139K->495729K(920960K), 0.0041522 secs] [Times: user=0.00 sys=0.00, real=0.01 secs] 
2020-10-29T14:18:02.369+0000: [GC (Allocation Failure) 2020-10-29T14:18:02.369+0000: [ParNew: 39185K->1513K(42752K), 0.0042358 secs] 533745K->496073K(920960K), 0.0043141 secs] [Times: user=0.00 sys=0.00, real=0.00 secs] 
2020-10-29T14:18:02.431+0000: [GC (Allocation Failure) 2020-10-29T14:18:02.431+0000: [ParNew: 39529K->1149K(42752K), 0.0046397 secs] 534089K->495709K(920960K), 0.0047139 secs] [Times: user=0.01 sys=0.00, real=0.01 secs] 
2020-10-29T14:18:02.521+0000: [GC (Allocation Failure) 2020-10-29T14:18:02.521+0000: [ParNew: 39165K->1057K(42752K), 0.0096061 secs] 533725K->495629K(920960K), 0.0096920 secs] [Times: user=0.02 sys=0.00, real=0.01 secs] 
2020-10-29T14:18:02.591+0000: [GC (Allocation Failure) 2020-10-29T14:18:02.591+0000: [ParNew: 39073K->1032K(42752K), 0.0140476 secs] 533645K->495605K(920960K), 0.0141400 secs] [Times: user=0.03 sys=0.00, real=0.01 secs] 
2020-10-29T14:18:02.679+0000: [GC (Allocation Failure) 2020-10-29T14:18:02.679+0000: [ParNew: 39048K->2052K(42752K), 0.0045339 secs] 533621K->496624K(920960K), 0.0046108 secs] [Times: user=0.01 sys=0.00, real=0.00 secs] 
2020-10-29T14:18:02.776+0000: [GC (Allocation Failure) 2020-10-29T14:18:02.776+0000: [ParNew: 40068K->4K(42752K), 0.0040563 secs] 534640K->494576K(920960K), 0.0041606 secs] [Times: user=0.01 sys=0.00, real=0.00 secs] 
2020-10-29T14:18:02.864+0000: [GC (Allocation Failure) 2020-10-29T14:18:02.864+0000: [ParNew: 38020K->4K(42752K), 0.0039050 secs] 532592K->494576K(920960K), 0.0040031 secs] [Times: user=0.01 sys=0.00, real=0.01 secs] 
2020-10-29T14:18:02.950+0000: [GC (Allocation Failure) 2020-10-29T14:18:02.950+0000: [ParNew: 38020K->4K(42752K), 0.0040163 secs] 532592K->494576K(920960K), 0.0041173 secs] [Times: user=0.01 sys=0.00, real=0.00 secs] 
2020-10-29T14:18:03.027+0000: [GC (Allocation Failure) 2020-10-29T14:18:03.027+0000: [ParNew: 38020K->4K(42752K), 0.0039888 secs] 532592K->494576K(920960K), 0.0040854 secs] [Times: user=0.01 sys=0.00, real=0.00 secs] 
2020-10-29T14:18:03.116+0000: [GC (Allocation Failure) 2020-10-29T14:18:03.116+0000: [ParNew: 38020K->4K(42752K), 0.0038996 secs] 532592K->494576K(920960K), 0.0039760 secs] [Times: user=0.01 sys=0.00, real=0.00 secs] 
2020-10-29T14:18:03.207+0000: [GC (Allocation Failure) 2020-10-29T14:18:03.207+0000: [ParNew: 38020K->4K(42752K), 0.0087690 secs] 532592K->494576K(920960K), 0.0088448 secs] [Times: user=0.01 sys=0.00, real=0.01 secs] 
2020-10-29T14:18:03.304+0000: [GC (Allocation Failure) 2020-10-29T14:18:03.304+0000: [ParNew: 38020K->4K(42752K), 0.0118692 secs] 532592K->494576K(920960K), 0.0119506 secs] [Times: user=0.02 sys=0.00, real=0.02 secs] 
2020-10-29T14:18:03.399+0000: [GC (Allocation Failure) 2020-10-29T14:18:03.399+0000: [ParNew: 38020K->4K(42752K), 0.0136756 secs] 532592K->494576K(920960K), 0.0137498 secs] [Times: user=0.02 sys=0.00, real=0.01 secs] 
2020-10-29T14:18:03.504+0000: [GC (Allocation Failure) 2020-10-29T14:18:03.504+0000: [ParNew: 38020K->4K(42752K), 0.0050755 secs] 532592K->494576K(920960K), 0.0051458 secs] [Times: user=0.00 sys=0.00, real=0.01 secs] 
2020-10-29T14:18:03.575+0000: [GC (Allocation Failure) 2020-10-29T14:18:03.575+0000: [ParNew: 38020K->4K(42752K), 0.0038972 secs] 532592K->494576K(920960K), 0.0039712 secs] [Times: user=0.01 sys=0.00, real=0.01 secs] 
2020-10-29T14:18:03.635+0000: [GC (Allocation Failure) 2020-10-29T14:18:03.635+0000: [ParNew: 38020K->4K(42752K), 0.0058241 secs] 532592K->494576K(920960K), 0.0058973 secs] [Times: user=0.01 sys=0.00, real=0.00 secs] 
2020-10-29T14:18:03.686+0000: [GC (Allocation Failure) 2020-10-29T14:18:03.686+0000: [ParNew: 38020K->4K(42752K), 0.0039223 secs] 532592K->494576K(920960K), 0.0039970 secs] [Times: user=0.01 sys=0.00, real=0.01 secs] 
2020-10-29T14:18:03.728+0000: [GC (Allocation Failure) 2020-10-29T14:18:03.728+0000: [ParNew: 38020K->4K(42752K), 0.0039215 secs] 532592K->494576K(920960K), 0.0039940 secs] [Times: user=0.01 sys=0.00, real=0.00 secs] 
2020-10-29T14:18:03.769+0000: [GC (Allocation Failure) 2020-10-29T14:18:03.769+0000: [ParNew: 38020K->4K(42752K), 0.0039337 secs] 532592K->494576K(920960K), 0.0040060 secs] [Times: user=0.01 sys=0.00, real=0.00 secs] 
2020-10-29T14:18:03.811+0000: [GC (Allocation Failure) 2020-10-29T14:18:03.811+0000: [ParNew: 38020K->4K(42752K), 0.0039077 secs] 532592K->494577K(920960K), 0.0039817 secs] [Times: user=0.01 sys=0.00, real=0.01 secs] 
2020-10-29T14:18:03.863+0000: [GC (Allocation Failure) 2020-10-29T14:18:03.863+0000: [ParNew: 38020K->4K(42752K), 0.0039645 secs] 532593K->494577K(920960K), 0.0040354 secs] [Times: user=0.01 sys=0.00, real=0.01 secs] 
2020-10-29T14:18:03.904+0000: [GC (Allocation Failure) 2020-10-29T14:18:03.904+0000: [ParNew: 38020K->4K(42752K), 0.0039114 secs] 532593K->494577K(920960K), 0.0039898 secs] [Times: user=0.00 sys=0.00, real=0.01 secs] 
2020-10-29T14:18:03.945+0000: [GC (Allocation Failure) 2020-10-29T14:18:03.945+0000: [ParNew: 38020K->4K(42752K), 0.0039518 secs] 532593K->494577K(920960K), 0.0040370 secs] [Times: user=0.01 sys=0.00, real=0.01 secs] 
2020-10-29T14:18:03.987+0000: [GC (Allocation Failure) 2020-10-29T14:18:03.987+0000: [ParNew: 38020K->4K(42752K), 0.0041374 secs] 532593K->494577K(920960K), 0.0042150 secs] [Times: user=0.01 sys=0.00, real=0.00 secs] 
2020-10-29T14:18:04.029+0000: [GC (Allocation Failure) 2020-10-29T14:18:04.029+0000: [ParNew: 38020K->4K(42752K), 0.0040506 secs] 532593K->494577K(920960K), 0.0041311 secs] [Times: user=0.01 sys=0.00, real=0.00 secs] 
2020-10-29T14:18:04.070+0000: [GC (Allocation Failure) 2020-10-29T14:18:04.071+0000: [ParNew: 38020K->4K(42752K), 0.0040130 secs] 532593K->494577K(920960K), 0.0041077 secs] [Times: user=0.01 sys=0.00, real=0.01 secs] 
2020-10-29T14:18:04.113+0000: [GC (Allocation Failure) 2020-10-29T14:18:04.113+0000: [ParNew: 38020K->4K(42752K), 0.0040034 secs] 532593K->494577K(920960K), 0.0040782 secs] [Times: user=0.01 sys=0.00, real=0.01 secs] 
2020-10-29T14:18:04.155+0000: [GC (Allocation Failure) 2020-10-29T14:18:04.155+0000: [ParNew: 38020K->4K(42752K), 0.0040507 secs] 532593K->494577K(920960K), 0.0041485 secs] [Times: user=0.01 sys=0.00, real=0.00 secs] 
2020-10-29T14:18:04.199+0000: [GC (Allocation Failure) 2020-10-29T14:18:04.199+0000: [ParNew: 38020K->4K(42752K), 0.0039666 secs] 532593K->494577K(920960K), 0.0040396 secs] [Times: user=0.01 sys=0.00, real=0.00 secs] 
2020-10-29T14:18:04.243+0000: [GC (Allocation Failure) 2020-10-29T14:18:04.243+0000: [ParNew: 38020K->4K(42752K), 0.0039212 secs] 532593K->494577K(920960K), 0.0039960 secs] [Times: user=0.01 sys=0.00, real=0.01 secs] 
2020-10-29T14:18:04.287+0000: [GC (Allocation Failure) 2020-10-29T14:18:04.287+0000: [ParNew: 38020K->4K(42752K), 0.0039466 secs] 532593K->494577K(920960K), 0.0040212 secs] [Times: user=0.01 sys=0.00, real=0.00 secs] 
2020-10-29T14:18:04.328+0000: [GC (Allocation Failure) 2020-10-29T14:18:04.328+0000: [ParNew: 38020K->4K(42752K), 0.0039637 secs] 532593K->494577K(920960K), 0.0040385 secs] [Times: user=0.00 sys=0.00, real=0.00 secs] 
2020-10-29T14:18:04.369+0000: [GC (Allocation Failure) 2020-10-29T14:18:04.369+0000: [ParNew: 38020K->4K(42752K), 0.0039971 secs] 532593K->494577K(920960K), 0.0040709 secs] [Times: user=0.01 sys=0.00, real=0.00 secs] 
2020-10-29T14:18:04.410+0000: [GC (Allocation Failure) 2020-10-29T14:18:04.410+0000: [ParNew: 38020K->4K(42752K), 0.0039765 secs] 532593K->494577K(920960K), 0.0040504 secs] [Times: user=0.01 sys=0.00, real=0.00 secs] 
2020-10-29T14:18:04.454+0000: [GC (Allocation Failure) 2020-10-29T14:18:04.454+0000: [ParNew: 38020K->4K(42752K), 0.0039265 secs] 532593K->494577K(920960K), 0.0040038 secs] [Times: user=0.00 sys=0.00, real=0.01 secs] 
2020-10-29T14:18:04.495+0000: [GC (Allocation Failure) 2020-10-29T14:18:04.495+0000: [ParNew: 38020K->4K(42752K), 0.0040010 secs] 532593K->494577K(920960K), 0.0040730 secs] [Times: user=0.00 sys=0.00, real=0.00 secs] 
2020-10-29T14:18:04.537+0000: [GC (Allocation Failure) 2020-10-29T14:18:04.537+0000: [ParNew: 38020K->4K(42752K), 0.0039587 secs] 532593K->494577K(920960K), 0.0040357 secs] [Times: user=0.00 sys=0.00, real=0.00 secs] 
2020-10-29T14:18:04.587+0000: [GC (Allocation Failure) 2020-10-29T14:18:04.587+0000: [ParNew: 38020K->8K(42752K), 0.0039534 secs] 532593K->494581K(920960K), 0.0040249 secs] [Times: user=0.01 sys=0.00, real=0.00 secs] 
2020-10-29T14:18:04.628+0000: [GC (Allocation Failure) 2020-10-29T14:18:04.629+0000: [ParNew: 38024K->8K(42752K), 0.0039316 secs] 532597K->494581K(920960K), 0.0040061 secs] [Times: user=0.01 sys=0.00, real=0.00 secs] 
2020-10-29T14:18:04.671+0000: [GC (Allocation Failure) 2020-10-29T14:18:04.671+0000: [ParNew: 38024K->6K(42752K), 0.0039306 secs] 532597K->494579K(920960K), 0.0040039 secs] [Times: user=0.00 sys=0.00, real=0.01 secs] 
2020-10-29T14:18:04.713+0000: [GC (Allocation Failure) 2020-10-29T14:18:04.713+0000: [ParNew: 38022K->8K(42752K), 0.0039891 secs] 532595K->494582K(920960K), 0.0040657 secs] [Times: user=0.00 sys=0.00, real=0.01 secs] 
2020-10-29T14:18:04.754+0000: [GC (Allocation Failure) 2020-10-29T14:18:04.754+0000: [ParNew: 38024K->6K(42752K), 0.0039551 secs] 532598K->494579K(920960K), 0.0040275 secs] [Times: user=0.00 sys=0.00, real=0.01 secs] 
2020-10-29T14:18:04.799+0000: [GC (Allocation Failure) 2020-10-29T14:18:04.799+0000: [ParNew: 38022K->6K(42752K), 0.0038970 secs] 532595K->494580K(920960K), 0.0039676 secs] [Times: user=0.01 sys=0.00, real=0.00 secs] 
2020-10-29T14:18:04.841+0000: [GC (Allocation Failure) 2020-10-29T14:18:04.841+0000: [ParNew: 38022K->4K(42752K), 0.0040042 secs] 532596K->494581K(920960K), 0.0040652 secs] [Times: user=0.00 sys=0.00, real=0.00 secs] 
2020-10-29T14:18:04.883+0000: [GC (Allocation Failure) 2020-10-29T14:18:04.883+0000: [ParNew: 38020K->4K(42752K), 0.0039087 secs] 532597K->494580K(920960K), 0.0039991 secs] [Times: user=0.01 sys=0.00, real=0.01 secs] 
2020-10-29T14:18:04.927+0000: [GC (Allocation Failure) 2020-10-29T14:18:04.927+0000: [ParNew: 38020K->4K(42752K), 0.0039213 secs] 532596K->494580K(920960K), 0.0039933 secs] [Times: user=0.01 sys=0.00, real=0.00 secs] 
2020-10-29T14:18:04.968+0000: [GC (Allocation Failure) 2020-10-29T14:18:04.968+0000: [ParNew: 38020K->4K(42752K), 0.0040861 secs] 532596K->494580K(920960K), 0.0041618 secs] [Times: user=0.01 sys=0.00, real=0.00 secs] 
2020-10-29T14:18:05.009+0000: [GC (Allocation Failure) 2020-10-29T14:18:05.010+0000: [ParNew: 38020K->4K(42752K), 0.0039061 secs] 532596K->494580K(920960K), 0.0039786 secs] [Times: user=0.00 sys=0.00, real=0.00 secs] 
2020-10-29T14:18:05.051+0000: [GC (Allocation Failure) 2020-10-29T14:18:05.051+0000: [ParNew: 38020K->4K(42752K), 0.0039525 secs] 532596K->494580K(920960K), 0.0040278 secs] [Times: user=0.00 sys=0.01, real=0.01 secs] 
2020-10-29T14:18:05.095+0000: [GC (Allocation Failure) 2020-10-29T14:18:05.095+0000: [ParNew: 38020K->4K(42752K), 0.0039033 secs] 532596K->494580K(920960K), 0.0039746 secs] [Times: user=0.01 sys=0.00, real=0.00 secs] 
2020-10-29T14:18:05.136+0000: [GC (Allocation Failure) 2020-10-29T14:18:05.136+0000: [ParNew: 38020K->4K(42752K), 0.0039596 secs] 532596K->494580K(920960K), 0.0040348 secs] [Times: user=0.00 sys=0.00, real=0.00 secs] 
2020-10-29T14:18:05.178+0000: [GC (Allocation Failure) 2020-10-29T14:18:05.178+0000: [ParNew: 38020K->4K(42752K), 0.0039713 secs] 532596K->494580K(920960K), 0.0040444 secs] [Times: user=0.00 sys=0.00, real=0.00 secs] 
2020-10-29T14:18:05.223+0000: [GC (Allocation Failure) 2020-10-29T14:18:05.223+0000: [ParNew: 38020K->4K(42752K), 0.0039677 secs] 532596K->494580K(920960K), 0.0040393 secs] [Times: user=0.01 sys=0.00, real=0.01 secs] 
2020-10-29T14:18:05.267+0000: [GC (Allocation Failure) 2020-10-29T14:18:05.267+0000: [ParNew: 38020K->4K(42752K), 0.0039324 secs] 532596K->494580K(920960K), 0.0040038 secs] [Times: user=0.01 sys=0.00, real=0.00 secs] 
2020-10-29T14:18:05.311+0000: [GC (Allocation Failure) 2020-10-29T14:18:05.311+0000: [ParNew: 38020K->4K(42752K), 0.0038730 secs] 532596K->494580K(920960K), 0.0039432 secs] [Times: user=0.00 sys=0.00, real=0.01 secs] 
2020-10-29T14:18:05.353+0000: [GC (Allocation Failure) 2020-10-29T14:18:05.353+0000: [ParNew: 38020K->4K(42752K), 0.0039482 secs] 532596K->494580K(920960K), 0.0040150 secs] [Times: user=0.01 sys=0.00, real=0.01 secs] 
2020-10-29T14:18:05.399+0000: [GC (Allocation Failure) 2020-10-29T14:18:05.399+0000: [ParNew: 38020K->4K(42752K), 0.0040191 secs] 532596K->494580K(920960K), 0.0040995 secs] [Times: user=0.01 sys=0.00, real=0.00 secs] 
2020-10-29T14:18:05.440+0000: [GC (Allocation Failure) 2020-10-29T14:18:05.441+0000: [ParNew: 38020K->4K(42752K), 0.0039384 secs] 532596K->494580K(920960K), 0.0040132 secs] [Times: user=0.01 sys=0.00, real=0.00 secs] 
2020-10-29T14:18:05.482+0000: [GC (Allocation Failure) 2020-10-29T14:18:05.482+0000: [ParNew: 38020K->4K(42752K), 0.0039730 secs] 532596K->494580K(920960K), 0.0040452 secs] [Times: user=0.01 sys=0.00, real=0.00 secs] 
2020-10-29T14:18:05.523+0000: [GC (Allocation Failure) 2020-10-29T14:18:05.523+0000: [ParNew: 38020K->4K(42752K), 0.0039434 secs] 532596K->494580K(920960K), 0.0040178 secs] [Times: user=0.00 sys=0.00, real=0.01 secs] 
2020-10-29T14:18:05.564+0000: [GC (Allocation Failure) 2020-10-29T14:18:05.564+0000: [ParNew: 38020K->4K(42752K), 0.0039876 secs] 532596K->494580K(920960K), 0.0040735 secs] [Times: user=0.01 sys=0.00, real=0.01 secs] 
2020-10-29T14:18:05.607+0000: [GC (Allocation Failure) 2020-10-29T14:18:05.607+0000: [ParNew: 38020K->4K(42752K), 0.0063775 secs] 532596K->494580K(920960K), 0.0064537 secs] [Times: user=0.01 sys=0.00, real=0.00 secs] 
2020-10-29T14:18:05.654+0000: [GC (Allocation Failure) 2020-10-29T14:18:05.654+0000: [ParNew: 38020K->4K(42752K), 0.0039801 secs] 532596K->494581K(920960K), 0.0040548 secs] [Times: user=0.00 sys=0.00, real=0.01 secs] 
2020-10-29T14:18:05.696+0000: [GC (Allocation Failure) 2020-10-29T14:18:05.696+0000: [ParNew: 38020K->4K(42752K), 0.0039988 secs] 532597K->494581K(920960K), 0.0040741 secs] [Times: user=0.01 sys=0.00, real=0.00 secs] 
2020-10-29T14:18:05.739+0000: [GC (Allocation Failure) 2020-10-29T14:18:05.739+0000: [ParNew: 38020K->4K(42752K), 0.0039969 secs] 532597K->494581K(920960K), 0.0040753 secs] [Times: user=0.00 sys=0.00, real=0.00 secs] 
2020-10-29T14:18:05.780+0000: [GC (Allocation Failure) 2020-10-29T14:18:05.780+0000: [ParNew: 38020K->4K(42752K), 0.0038832 secs] 532597K->494581K(920960K), 0.0039550 secs] [Times: user=0.00 sys=0.00, real=0.00 secs] 
2020-10-29T14:18:05.821+0000: [GC (Allocation Failure) 2020-10-29T14:18:05.821+0000: [ParNew: 38020K->4K(42752K), 0.0039640 secs] 532597K->494581K(920960K), 0.0040367 secs] [Times: user=0.01 sys=0.00, real=0.00 secs] 
2020-10-29T14:18:05.862+0000: [GC (Allocation Failure) 2020-10-29T14:18:05.862+0000: [ParNew: 38020K->4K(42752K), 0.0039570 secs] 532597K->494581K(920960K), 0.0040300 secs] [Times: user=0.01 sys=0.00, real=0.00 secs] 
2020-10-29T14:18:05.903+0000: [GC (Allocation Failure) 2020-10-29T14:18:05.903+0000: [ParNew: 38020K->4K(42752K), 0.0039185 secs] 532597K->494581K(920960K), 0.0039910 secs] [Times: user=0.01 sys=0.00, real=0.01 secs] 
2020-10-29T14:18:05.947+0000: [GC (Allocation Failure) 2020-10-29T14:18:05.947+0000: [ParNew: 38020K->4K(42752K), 0.0039076 secs] 532597K->494581K(920960K), 0.0039787 secs] [Times: user=0.01 sys=0.00, real=0.00 secs] 
2020-10-29T14:18:05.991+0000: [GC (Allocation Failure) 2020-10-29T14:18:05.991+0000: [ParNew: 38020K->4K(42752K), 0.0038988 secs] 532597K->494581K(920960K), 0.0039706 secs] [Times: user=0.00 sys=0.00, real=0.01 secs] 
2020-10-29T14:18:06.032+0000: [GC (Allocation Failure) 2020-10-29T14:18:06.032+0000: [ParNew: 38020K->4K(42752K), 0.0040106 secs] 532597K->494581K(920960K), 0.0040826 secs] [Times: user=0.01 sys=0.00, real=0.01 secs] 
2020-10-29T14:18:06.074+0000: [GC (Allocation Failure) 2020-10-29T14:18:06.074+0000: [ParNew: 38020K->4K(42752K), 0.0039139 secs] 532597K->494581K(920960K), 0.0039872 secs] [Times: user=0.00 sys=0.00, real=0.01 secs] 
2020-10-29T14:18:06.119+0000: [GC (Allocation Failure) 2020-10-29T14:18:06.119+0000: [ParNew: 38020K->4K(42752K), 0.0038674 secs] 532597K->494581K(920960K), 0.0039384 secs] [Times: user=0.01 sys=0.00, real=0.00 secs] 
2020-10-29T14:18:06.160+0000: [GC (Allocation Failure) 2020-10-29T14:18:06.160+0000: [ParNew: 38020K->4K(42752K), 0.0040348 secs] 532597K->494581K(920960K), 0.0041084 secs] [Times: user=0.01 sys=0.00, real=0.00 secs] 
2020-10-29T14:18:06.203+0000: [GC (Allocation Failure) 2020-10-29T14:18:06.203+0000: [ParNew: 38020K->4K(42752K), 0.0039193 secs] 532597K->494581K(920960K), 0.0039914 secs] [Times: user=0.01 sys=0.00, real=0.01 secs] 
2020-10-29T14:18:06.247+0000: [GC (Allocation Failure) 2020-10-29T14:18:06.247+0000: [ParNew: 38020K->4K(42752K), 0.0039266 secs] 532597K->494581K(920960K), 0.0040003 secs] [Times: user=0.01 sys=0.00, real=0.00 secs] 
2020-10-29T14:18:06.288+0000: [GC (Allocation Failure) 2020-10-29T14:18:06.288+0000: [ParNew: 38020K->4K(42752K), 0.0039662 secs] 532597K->494581K(920960K), 0.0040389 secs] [Times: user=0.01 sys=0.00, real=0.00 secs] 
2020-10-29T14:18:06.329+0000: [GC (Allocation Failure) 2020-10-29T14:18:06.329+0000: [ParNew: 38020K->4K(42752K), 0.0039200 secs] 532597K->494581K(920960K), 0.0039975 secs] [Times: user=0.00 sys=0.00, real=0.00 secs] 
2020-10-29T14:18:06.375+0000: [GC (Allocation Failure) 2020-10-29T14:18:06.375+0000: [ParNew: 38020K->4K(42752K), 0.0038888 secs] 532597K->494581K(920960K), 0.0039598 secs] [Times: user=0.00 sys=0.01, real=0.01 secs] 
2020-10-29T14:18:06.416+0000: [GC (Allocation Failure) 2020-10-29T14:18:06.416+0000: [ParNew: 38020K->4K(42752K), 0.0039239 secs] 532597K->494581K(920960K), 0.0040145 secs] [Times: user=0.01 sys=0.00, real=0.00 secs] 
2020-10-29T14:18:06.457+0000: [GC (Allocation Failure) 2020-10-29T14:18:06.457+0000: [ParNew: 38020K->4K(42752K), 0.0040145 secs] 532597K->494581K(920960K), 0.0040876 secs] [Times: user=0.01 sys=0.00, real=0.00 secs] 
2020-10-29T14:18:06.499+0000: [GC (Allocation Failure) 2020-10-29T14:18:06.499+0000: [ParNew: 38020K->4K(42752K), 0.0039789 secs] 532597K->494581K(920960K), 0.0040520 secs] [Times: user=0.01 sys=0.00, real=0.00 secs] 
2020-10-29T14:18:06.542+0000: [GC (Allocation Failure) 2020-10-29T14:18:06.543+0000: [ParNew: 38020K->4K(42752K), 0.0038935 secs] 532597K->494581K(920960K), 0.0039545 secs] [Times: user=0.01 sys=0.00, real=0.00 secs] 
2020-10-29T14:18:06.587+0000: [GC (Allocation Failure) 2020-10-29T14:18:06.587+0000: [ParNew: 38020K->4K(42752K), 0.0039032 secs] 532597K->494581K(920960K), 0.0039763 secs] [Times: user=0.00 sys=0.00, real=0.00 secs] 
2020-10-29T14:18:06.631+0000: [GC (Allocation Failure) 2020-10-29T14:18:06.631+0000: [ParNew: 38020K->4K(42752K), 0.0039643 secs] 532597K->494581K(920960K), 0.0040373 secs] [Times: user=0.01 sys=0.00, real=0.01 secs] 
2020-10-29T14:18:06.672+0000: [GC (Allocation Failure) 2020-10-29T14:18:06.672+0000: [ParNew: 38020K->4K(42752K), 0.0039337 secs] 532597K->494581K(920960K), 0.0040064 secs] [Times: user=0.01 sys=0.00, real=0.01 secs] 
2020-10-29T14:18:06.715+0000: [GC (Allocation Failure) 2020-10-29T14:18:06.715+0000: [ParNew: 38020K->4K(42752K), 0.0039903 secs] 532597K->494581K(920960K), 0.0040634 secs] [Times: user=0.01 sys=0.00, real=0.00 secs] 
2020-10-29T14:18:06.759+0000: [GC (Allocation Failure) 2020-10-29T14:18:06.759+0000: [ParNew: 38020K->4K(42752K), 0.0039260 secs] 532597K->494581K(920960K), 0.0039985 secs] [Times: user=0.01 sys=0.00, real=0.00 secs] 
2020-10-29T14:18:06.803+0000: [GC (Allocation Failure) 2020-10-29T14:18:06.803+0000: [ParNew: 38020K->4K(42752K), 0.0039525 secs] 532597K->494581K(920960K), 0.0040249 secs] [Times: user=0.01 sys=0.00, real=0.01 secs] 
2020-10-29T14:18:06.844+0000: [GC (Allocation Failure) 2020-10-29T14:18:06.844+0000: [ParNew: 38020K->4K(42752K), 0.0039036 secs] 532597K->494581K(920960K), 0.0039765 secs] [Times: user=0.01 sys=0.00, real=0.01 secs] 
2020-10-29T14:18:06.891+0000: [GC (Allocation Failure) 2020-10-29T14:18:06.891+0000: [ParNew: 38020K->4K(42752K), 0.0039415 secs] 532597K->494581K(920960K), 0.0040131 secs] [Times: user=0.01 sys=0.00, real=0.01 secs] 
2020-10-29T14:18:06.932+0000: [GC (Allocation Failure) 2020-10-29T14:18:06.932+0000: [ParNew: 38020K->4K(42752K), 0.0040479 secs] 532597K->494581K(920960K), 0.0041207 secs] [Times: user=0.01 sys=0.00, real=0.01 secs] 
2020-10-29T14:18:06.974+0000: [GC (Allocation Failure) 2020-10-29T14:18:06.974+0000: [ParNew: 38020K->4K(42752K), 0.0039580 secs] 532597K->494581K(920960K), 0.0040299 secs] [Times: user=0.01 sys=0.00, real=0.01 secs] 
2020-10-29T14:18:07.016+0000: [GC (Allocation Failure) 2020-10-29T14:18:07.016+0000: [ParNew: 38020K->4K(42752K), 0.0039061 secs] 532597K->494581K(920960K), 0.0039801 secs] [Times: user=0.01 sys=0.00, real=0.00 secs] 
2020-10-29T14:18:07.059+0000: [GC (Allocation Failure) 2020-10-29T14:18:07.059+0000: [ParNew: 38020K->4K(42752K), 0.0039722 secs] 532597K->494581K(920960K), 0.0040410 secs] [Times: user=0.01 sys=0.00, real=0.00 secs] 
2020-10-29T14:18:07.103+0000: [GC (Allocation Failure) 2020-10-29T14:18:07.103+0000: [ParNew: 38020K->4K(42752K), 0.0039119 secs] 532597K->494581K(920960K), 0.0039825 secs] [Times: user=0.00 sys=0.00, real=0.01 secs] 
2020-10-29T14:18:07.147+0000: [GC (Allocation Failure) 2020-10-29T14:18:07.147+0000: [ParNew: 38020K->4K(42752K), 0.0039632 secs] 532597K->494581K(920960K), 0.0040356 secs] [Times: user=0.01 sys=0.00, real=0.00 secs] 
2020-10-29T14:18:07.189+0000: [GC (Allocation Failure) 2020-10-29T14:18:07.189+0000: [ParNew: 38020K->4K(42752K), 0.0038832 secs] 532597K->494581K(920960K), 0.0039545 secs] [Times: user=0.01 sys=0.00, real=0.00 secs] 
2020-10-29T14:18:07.231+0000: [GC (Allocation Failure) 2020-10-29T14:18:07.231+0000: [ParNew: 38020K->4K(42752K), 0.0040056 secs] 532597K->494581K(920960K), 0.0040787 secs] [Times: user=0.01 sys=0.00, real=0.01 secs] 
2020-10-29T14:18:07.272+0000: [GC (Allocation Failure) 2020-10-29T14:18:07.272+0000: [ParNew: 38020K->4K(42752K), 0.0040361 secs] 532597K->494581K(920960K), 0.0041103 secs] [Times: user=0.01 sys=0.00, real=0.01 secs] 
2020-10-29T14:18:07.315+0000: [GC (Allocation Failure) 2020-10-29T14:18:07.315+0000: [ParNew: 38020K->4K(42752K), 0.0039003 secs] 532597K->494581K(920960K), 0.0039722 secs] [Times: user=0.01 sys=0.00, real=0.00 secs] 
2020-10-29T14:18:07.359+0000: [GC (Allocation Failure) 2020-10-29T14:18:07.359+0000: [ParNew: 38020K->4K(42752K), 0.0039751 secs] 532597K->494581K(920960K), 0.0040492 secs] [Times: user=0.01 sys=0.00, real=0.00 secs] 
2020-10-29T14:18:07.403+0000: [GC (Allocation Failure) 2020-10-29T14:18:07.403+0000: [ParNew: 38020K->4K(42752K), 0.0038689 secs] 532597K->494581K(920960K), 0.0039396 secs] [Times: user=0.01 sys=0.00, real=0.01 secs] 
2020-10-29T14:18:07.444+0000: [GC (Allocation Failure) 2020-10-29T14:18:07.444+0000: [ParNew: 38020K->4K(42752K), 0.0038944 secs] 532597K->494581K(920960K), 0.0039659 secs] [Times: user=0.01 sys=0.00, real=0.01 secs] 
2020-10-29T14:18:07.485+0000: [GC (Allocation Failure) 2020-10-29T14:18:07.485+0000: [ParNew: 38020K->4K(42752K), 0.0040661 secs] 532597K->494581K(920960K), 0.0041483 secs] [Times: user=0.01 sys=0.00, real=0.01 secs] 
2020-10-29T14:18:07.527+0000: [GC (Allocation Failure) 2020-10-29T14:18:07.527+0000: [ParNew: 38020K->4K(42752K), 0.0039239 secs] 532597K->494581K(920960K), 0.0039964 secs] [Times: user=0.01 sys=0.00, real=0.00 secs] 
2020-10-29T14:18:07.568+0000: [GC (Allocation Failure) 2020-10-29T14:18:07.568+0000: [ParNew: 38020K->4K(42752K), 0.0039652 secs] 532597K->494581K(920960K), 0.0040371 secs] [Times: user=0.01 sys=0.00, real=0.00 secs] 
2020-10-29T14:18:07.609+0000: [GC (Allocation Failure) 2020-10-29T14:18:07.609+0000: [ParNew: 38020K->4K(42752K), 0.0039866 secs] 532597K->494581K(920960K), 0.0040613 secs] [Times: user=0.00 sys=0.00, real=0.00 secs] 
2020-10-29T14:18:07.650+0000: [GC (Allocation Failure) 2020-10-29T14:18:07.650+0000: [ParNew: 38020K->4K(42752K), 0.0039780 secs] 532597K->494581K(920960K), 0.0040542 secs] [Times: user=0.00 sys=0.00, real=0.00 secs] 
2020-10-29T14:18:07.695+0000: [GC (Allocation Failure) 2020-10-29T14:18:07.695+0000: [ParNew: 38020K->4K(42752K), 0.0039221 secs] 532597K->494582K(920960K), 0.0039958 secs] [Times: user=0.01 sys=0.00, real=0.00 secs] 
2020-10-29T14:18:07.741+0000: [GC (Allocation Failure) 2020-10-29T14:18:07.741+0000: [ParNew: 38020K->4K(42752K), 0.0038897 secs] 532598K->494582K(920960K), 0.0039611 secs] [Times: user=0.01 sys=0.00, real=0.00 secs] 
2020-10-29T14:18:07.782+0000: [GC (Allocation Failure) 2020-10-29T14:18:07.782+0000: [ParNew: 38020K->4K(42752K), 0.0039081 secs] 532598K->494582K(920960K), 0.0039790 secs] [Times: user=0.01 sys=0.00, real=0.00 secs] 
2020-10-29T14:18:07.824+0000: [GC (Allocation Failure) 2020-10-29T14:18:07.824+0000: [ParNew: 38020K->4K(42752K), 0.0038938 secs] 532598K->494582K(920960K), 0.0039671 secs] [Times: user=0.01 sys=0.00, real=0.01 secs] 
2020-10-29T14:18:07.865+0000: [GC (Allocation Failure) 2020-10-29T14:18:07.865+0000: [ParNew: 38020K->4K(42752K), 0.0038842 secs] 532598K->494582K(920960K), 0.0039612 secs] [Times: user=0.01 sys=0.00, real=0.01 secs] 
2020-10-29T14:18:07.911+0000: [GC (Allocation Failure) 2020-10-29T14:18:07.911+0000: [ParNew: 38020K->4K(42752K), 0.0039160 secs] 532598K->494582K(920960K), 0.0039884 secs] [Times: user=0.00 sys=0.00, real=0.01 secs] 
2020-10-29T14:18:07.955+0000: [GC (Allocation Failure) 2020-10-29T14:18:07.955+0000: [ParNew: 38020K->4K(42752K), 0.0039131 secs] 532598K->494582K(920960K), 0.0039942 secs] [Times: user=0.00 sys=0.00, real=0.00 secs] 
2020-10-29T14:18:07.996+0000: [GC (Allocation Failure) 2020-10-29T14:18:07.996+0000: [ParNew: 38020K->4K(42752K), 0.0040134 secs] 532598K->494582K(920960K), 0.0040915 secs] [Times: user=0.01 sys=0.00, real=0.00 secs] 
2020-10-29T14:18:08.038+0000: [GC (Allocation Failure) 2020-10-29T14:18:08.038+0000: [ParNew: 38020K->4K(42752K), 0.0040494 secs] 532598K->494582K(920960K), 0.0041246 secs] [Times: user=0.01 sys=0.00, real=0.00 secs] 
2020-10-29T14:18:08.079+0000: [GC (Allocation Failure) 2020-10-29T14:18:08.079+0000: [ParNew: 38020K->4K(42752K), 0.0058079 secs] 532598K->494582K(920960K), 0.0058861 secs] [Times: user=0.01 sys=0.00, real=0.00 secs] 
2020-10-29T14:18:08.123+0000: [GC (Allocation Failure) 2020-10-29T14:18:08.123+0000: [ParNew: 38020K->4K(42752K), 0.0039282 secs] 532598K->494582K(920960K), 0.0040014 secs] [Times: user=0.01 sys=0.00, real=0.01 secs] 
2020-10-29T14:18:08.164+0000: [GC (Allocation Failure) 2020-10-29T14:18:08.164+0000: [ParNew: 38020K->4K(42752K), 0.0039719 secs] 532598K->494582K(920960K), 0.0040447 secs] [Times: user=0.01 sys=0.00, real=0.01 secs] 
2020-10-29T14:18:08.205+0000: [GC (Allocation Failure) 2020-10-29T14:18:08.205+0000: [ParNew: 38020K->4K(42752K), 0.0038757 secs] 532598K->494582K(920960K), 0.0039482 secs] [Times: user=0.01 sys=0.00, real=0.01 secs] 
2020-10-29T14:18:08.251+0000: [GC (Allocation Failure) 2020-10-29T14:18:08.251+0000: [ParNew: 38020K->4K(42752K), 0.0039243 secs] 532598K->494582K(920960K), 0.0039955 secs] [Times: user=0.01 sys=0.00, real=0.01 secs] 
2020-10-29T14:18:08.292+0000: [GC (Allocation Failure) 2020-10-29T14:18:08.292+0000: [ParNew: 38020K->4K(42752K), 0.0039071 secs] 532598K->494582K(920960K), 0.0039790 secs] [Times: user=0.01 sys=0.00, real=0.01 secs] 
2020-10-29T14:18:08.335+0000: [GC (Allocation Failure) 2020-10-29T14:18:08.335+0000: [ParNew: 38020K->4K(42752K), 0.0038694 secs] 532598K->494582K(920960K), 0.0039393 secs] [Times: user=0.01 sys=0.00, real=0.00 secs] 
2020-10-29T14:18:08.379+0000: [GC (Allocation Failure) 2020-10-29T14:18:08.379+0000: [ParNew: 38020K->4K(42752K), 0.0039238 secs] 532598K->494582K(920960K), 0.0039992 secs] [Times: user=0.01 sys=0.01, real=0.00 secs] 
2020-10-29T14:18:08.423+0000: [GC (Allocation Failure) 2020-10-29T14:18:08.423+0000: [ParNew: 38020K->4K(42752K), 0.0039200 secs] 532598K->494582K(920960K), 0.0039940 secs] [Times: user=0.00 sys=0.00, real=0.01 secs] 
2020-10-29T14:18:08.464+0000: [GC (Allocation Failure) 2020-10-29T14:18:08.464+0000: [ParNew: 38020K->4K(42752K), 0.0039819 secs] 532598K->494582K(920960K), 0.0040551 secs] [Times: user=0.01 sys=0.00, real=0.01 secs] 
2020-10-29T14:18:08.505+0000: [GC (Allocation Failure) 2020-10-29T14:18:08.505+0000: [ParNew: 38020K->4K(42752K), 0.0039132 secs] 532598K->494582K(920960K), 0.0039856 secs] [Times: user=0.01 sys=0.00, real=0.01 secs] 
2020-10-29T14:18:08.547+0000: [GC (Allocation Failure) 2020-10-29T14:18:08.547+0000: [ParNew: 38020K->4K(42752K), 0.0039497 secs] 532598K->494582K(920960K), 0.0040245 secs] [Times: user=0.01 sys=0.00, real=0.00 secs] 
2020-10-29T14:18:08.591+0000: [GC (Allocation Failure) 2020-10-29T14:18:08.591+0000: [ParNew: 38020K->4K(42752K), 0.0066526 secs] 532598K->494582K(920960K), 0.0067308 secs] [Times: user=0.01 sys=0.00, real=0.01 secs] 
2020-10-29T14:18:08.639+0000: [GC (Allocation Failure) 2020-10-29T14:18:08.639+0000: [ParNew: 38020K->4K(42752K), 0.0039947 secs] 532598K->494582K(920960K), 0.0040708 secs] [Times: user=0.00 sys=0.00, real=0.00 secs] 
2020-10-29T14:18:08.680+0000: [GC (Allocation Failure) 2020-10-29T14:18:08.680+0000: [ParNew: 38020K->4K(42752K), 0.0039626 secs] 532598K->494582K(920960K), 0.0040534 secs] [Times: user=0.01 sys=0.00, real=0.00 secs] 
2020-10-29T14:18:08.722+0000: [GC (Allocation Failure) 2020-10-29T14:18:08.722+0000: [ParNew: 38020K->4K(42752K), 0.0040025 secs] 532598K->494582K(920960K), 0.0040746 secs] [Times: user=0.01 sys=0.00, real=0.00 secs] 
2020-10-29T14:18:08.763+0000: [GC (Allocation Failure) 2020-10-29T14:18:08.763+0000: [ParNew: 38020K->4K(42752K), 0.0039351 secs] 532598K->494582K(920960K), 0.0040082 secs] [Times: user=0.01 sys=0.00, real=0.01 secs] 
2020-10-29T14:18:08.807+0000: [GC (Allocation Failure) 2020-10-29T14:18:08.807+0000: [ParNew: 38020K->4K(42752K), 0.0039075 secs] 532598K->494582K(920960K), 0.0039787 secs] [Times: user=0.01 sys=0.00, real=0.00 secs] 
2020-10-29T14:18:08.848+0000: [GC (Allocation Failure) 2020-10-29T14:18:08.849+0000: [ParNew: 38020K->4K(42752K), 0.0038818 secs] 532598K->494582K(920960K), 0.0039536 secs] [Times: user=0.01 sys=0.00, real=0.00 secs] 
2020-10-29T14:18:08.889+0000: [GC (Allocation Failure) 2020-10-29T14:18:08.889+0000: [ParNew: 38020K->4K(42752K), 0.0039485 secs] 532598K->494582K(920960K), 0.0040200 secs] [Times: user=0.01 sys=0.00, real=0.00 secs] 
2020-10-29T14:18:08.934+0000: [GC (Allocation Failure) 2020-10-29T14:18:08.934+0000: [ParNew: 38020K->4K(42752K), 0.0039145 secs] 532598K->494582K(920960K), 0.0039875 secs] [Times: user=0.00 sys=0.00, real=0.01 secs] 
2020-10-29T14:18:08.976+0000: [GC (Allocation Failure) 2020-10-29T14:18:08.976+0000: [ParNew: 38020K->4K(42752K), 0.0039167 secs] 532598K->494582K(920960K), 0.0039886 secs] [Times: user=0.01 sys=0.00, real=0.00 secs] 
2020-10-29T14:18:09.016+0000: [GC (Allocation Failure) 2020-10-29T14:18:09.016+0000: [ParNew: 38020K->4K(42752K), 0.0041420 secs] 532598K->494582K(920960K), 0.0042211 secs] [Times: user=0.01 sys=0.00, real=0.00 secs] 
2020-10-29T14:18:09.058+0000: [GC (Allocation Failure) 2020-10-29T14:18:09.058+0000: [ParNew: 38020K->4K(42752K), 0.0040014 secs] 532598K->494582K(920960K), 0.0040766 secs] [Times: user=0.00 sys=0.00, real=0.00 secs] 
2020-10-29T14:18:09.103+0000: [GC (Allocation Failure) 2020-10-29T14:18:09.103+0000: [ParNew: 38020K->4K(42752K), 0.0039444 secs] 532598K->494582K(920960K), 0.0040187 secs] [Times: user=0.01 sys=0.00, real=0.01 secs] 
2020-10-29T14:18:09.146+0000: [GC (Allocation Failure) 2020-10-29T14:18:09.146+0000: [ParNew: 38020K->4K(42752K), 0.0039401 secs] 532598K->494582K(920960K), 0.0040123 secs] [Times: user=0.01 sys=0.00, real=0.01 secs] 
2020-10-29T14:18:09.191+0000: [GC (Allocation Failure) 2020-10-29T14:18:09.191+0000: [ParNew: 38020K->4K(42752K), 0.0038931 secs] 532598K->494582K(920960K), 0.0039646 secs] [Times: user=0.01 sys=0.00, real=0.01 secs] 
2020-10-29T14:18:09.233+0000: [GC (Allocation Failure) 2020-10-29T14:18:09.233+0000: [ParNew: 38020K->4K(42752K), 0.0038823 secs] 532598K->494582K(920960K), 0.0039461 secs] [Times: user=0.01 sys=0.00, real=0.01 secs] 
2020-10-29T14:18:09.275+0000: [GC (Allocation Failure) 2020-10-29T14:18:09.275+0000: [ParNew: 38020K->4K(42752K), 0.0039365 secs] 532598K->494582K(920960K), 0.0040093 secs] [Times: user=0.01 sys=0.00, real=0.00 secs] 
2020-10-29T14:18:09.319+0000: [GC (Allocation Failure) 2020-10-29T14:18:09.319+0000: [ParNew: 38020K->4K(42752K), 0.0039364 secs] 532598K->494582K(920960K), 0.0040080 secs] [Times: user=0.01 sys=0.00, real=0.00 secs] 
2020-10-29T14:18:09.363+0000: [GC (Allocation Failure) 2020-10-29T14:18:09.363+0000: [ParNew: 38020K->4K(42752K), 0.0038808 secs] 532598K->494582K(920960K), 0.0039532 secs] [Times: user=0.01 sys=0.00, real=0.01 secs] 
2020-10-29T14:18:09.407+0000: [GC (Allocation Failure) 2020-10-29T14:18:09.407+0000: [ParNew: 38020K->4K(42752K), 0.0038808 secs] 532598K->494582K(920960K), 0.0039520 secs] [Times: user=0.01 sys=0.00, real=0.00 secs] 
2020-10-29T14:18:09.448+0000: [GC (Allocation Failure) 2020-10-29T14:18:09.448+0000: [ParNew: 38020K->4K(42752K), 0.0039667 secs] 532598K->494582K(920960K), 0.0040390 secs] [Times: user=0.01 sys=0.00, real=0.00 secs] 
2020-10-29T14:18:09.491+0000: [GC (Allocation Failure) 2020-10-29T14:18:09.491+0000: [ParNew: 38020K->4K(42752K), 0.0039285 secs] 532598K->494582K(920960K), 0.0040016 secs] [Times: user=0.01 sys=0.00, real=0.01 secs] 
2020-10-29T14:18:09.532+0000: [GC (Allocation Failure) 2020-10-29T14:18:09.532+0000: [ParNew: 38020K->4K(42752K), 0.0040548 secs] 532598K->494582K(920960K), 0.0041419 secs] [Times: user=0.01 sys=0.00, real=0.01 secs] 
2020-10-29T14:18:09.573+0000: [GC (Allocation Failure) 2020-10-29T14:18:09.574+0000: [ParNew: 38020K->4K(42752K), 0.0039489 secs] 532598K->494582K(920960K), 0.0040298 secs] [Times: user=0.00 sys=0.00, real=0.01 secs] 
2020-10-29T14:18:09.615+0000: [GC (Allocation Failure) 2020-10-29T14:18:09.615+0000: [ParNew: 38020K->4K(42752K), 0.0039308 secs] 532598K->494582K(920960K), 0.0040169 secs] [Times: user=0.01 sys=0.00, real=0.01 secs] 
2020-10-29T14:18:09.656+0000: [GC (Allocation Failure) 2020-10-29T14:18:09.656+0000: [ParNew: 38020K->4K(42752K), 0.0039890 secs] 532598K->494582K(920960K), 0.0040757 secs] [Times: user=0.01 sys=0.00, real=0.00 secs] 
2020-10-29T14:18:09.697+0000: [GC (Allocation Failure) 2020-10-29T14:18:09.697+0000: [ParNew: 38020K->4K(42752K), 0.0039716 secs] 532598K->494582K(920960K), 0.0040442 secs] [Times: user=0.01 sys=0.00, real=0.00 secs] 
2020-10-29T14:18:09.739+0000: [GC (Allocation Failure) 2020-10-29T14:18:09.739+0000: [ParNew: 38020K->4K(42752K), 0.0040598 secs] 532598K->494582K(920960K), 0.0041495 secs] [Times: user=0.01 sys=0.00, real=0.00 secs] 
2020-10-29T14:18:09.780+0000: [GC (Allocation Failure) 2020-10-29T14:18:09.780+0000: [ParNew: 38020K->4K(42752K), 0.0040495 secs] 532598K->494582K(920960K), 0.0041315 secs] [Times: user=0.01 sys=0.00, real=0.00 secs] 
2020-10-29T14:18:09.821+0000: [GC (Allocation Failure) 2020-10-29T14:18:09.821+0000: [ParNew: 38020K->4K(42752K), 0.0039219 secs] 532598K->494582K(920960K), 0.0039936 secs] [Times: user=0.01 sys=0.00, real=0.00 secs] 
2020-10-29T14:18:09.867+0000: [GC (Allocation Failure) 2020-10-29T14:18:09.867+0000: [ParNew: 38020K->4K(42752K), 0.0051781 secs] 532598K->494582K(920960K), 0.0052495 secs] [Times: user=0.01 sys=0.00, real=0.00 secs] 
2020-10-29T14:18:09.911+0000: [GC (Allocation Failure) 2020-10-29T14:18:09.911+0000: [ParNew: 38020K->4K(42752K), 0.0039126 secs] 532598K->494582K(920960K), 0.0039858 secs] [Times: user=0.01 sys=0.00, real=0.01 secs] 
2020-10-29T14:18:09.955+0000: [GC (Allocation Failure) 2020-10-29T14:18:09.955+0000: [ParNew: 38020K->4K(42752K), 0.0039391 secs] 532598K->494582K(920960K), 0.0040117 secs] [Times: user=0.01 sys=0.00, real=0.00 secs] 
2020-10-29T14:18:09.996+0000: [GC (Allocation Failure) 2020-10-29T14:18:09.996+0000: [ParNew: 38020K->4K(42752K), 0.0040317 secs] 532598K->494583K(920960K), 0.0041049 secs] [Times: user=0.01 sys=0.00, real=0.00 secs] 
2020-10-29T14:18:10.038+0000: [GC (Allocation Failure) 2020-10-29T14:18:10.038+0000: [ParNew: 38020K->4K(42752K), 0.0039678 secs] 532599K->494583K(920960K), 0.0040450 secs] [Times: user=0.01 sys=0.00, real=0.00 secs] 
2020-10-29T14:18:10.079+0000: [GC (Allocation Failure) 2020-10-29T14:18:10.079+0000: [ParNew: 38020K->4K(42752K), 0.0040704 secs] 532599K->494583K(920960K), 0.0041527 secs] [Times: user=0.01 sys=0.00, real=0.00 secs] 
2020-10-29T14:18:10.120+0000: [GC (Allocation Failure) 2020-10-29T14:18:10.120+0000: [ParNew: 38020K->4K(42752K), 0.0039446 secs] 532599K->494583K(920960K), 0.0040200 secs] [Times: user=0.01 sys=0.00, real=0.00 secs] 
2020-10-29T14:18:10.158+0000: [GC (Allocation Failure) 2020-10-29T14:18:10.158+0000: [ParNew: 34129K->4K(42752K), 0.0040950 secs] 528708K->494583K(920960K), 0.0041705 secs] [Times: user=0.01 sys=0.00, real=0.00 secs] 
2020-10-29T14:18:10.195+0000: [GC (Allocation Failure) 2020-10-29T14:18:10.195+0000: [ParNew: 38020K->4K(42752K), 0.0056959 secs] 532599K->502775K(920960K), 0.0057730 secs] [Times: user=0.01 sys=0.00, real=0.00 secs] 
2020-10-29T14:18:10.239+0000: [GC (Allocation Failure) 2020-10-29T14:18:10.239+0000: [ParNew: 38020K->4K(42752K), 0.0039356 secs] 540791K->502775K(920960K), 0.0040088 secs] [Times: user=0.01 sys=0.00, real=0.00 secs] 
2020-10-29T14:18:10.280+0000: [GC (Allocation Failure) 2020-10-29T14:18:10.280+0000: [ParNew: 38020K->4K(42752K), 0.0038741 secs] 540791K->502775K(920960K), 0.0039465 secs] [Times: user=0.00 sys=0.00, real=0.00 secs] 
2020-10-29T14:18:10.321+0000: [GC (Allocation Failure) 2020-10-29T14:18:10.321+0000: [ParNew: 38020K->4K(42752K), 0.0039791 secs] 540791K->502775K(920960K), 0.0040524 secs] [Times: user=0.00 sys=0.00, real=0.00 secs] 
2020-10-29T14:18:10.362+0000: [GC (Allocation Failure) 2020-10-29T14:18:10.362+0000: [ParNew: 38020K->4K(42752K), 0.0039214 secs] 540791K->502775K(920960K), 0.0039957 secs] [Times: user=0.01 sys=0.00, real=0.00 secs] 
2020-10-29T14:18:10.404+0000: [GC (Allocation Failure) 2020-10-29T14:18:10.404+0000: [ParNew: 38020K->4K(42752K), 0.0039406 secs] 540791K->502775K(920960K), 0.0040142 secs] [Times: user=0.01 sys=0.00, real=0.01 secs] 
2020-10-29T14:18:10.445+0000: [GC (Allocation Failure) 2020-10-29T14:18:10.445+0000: [ParNew: 38020K->4K(42752K), 0.0038907 secs] 540791K->502775K(920960K), 0.0039536 secs] [Times: user=0.01 sys=0.00, real=0.01 secs] 
2020-10-29T14:18:10.487+0000: [GC (Allocation Failure) 2020-10-29T14:18:10.487+0000: [ParNew: 38020K->4K(42752K), 0.0039018 secs] 540791K->502775K(920960K), 0.0039681 secs] [Times: user=0.00 sys=0.00, real=0.00 secs] 
2020-10-29T14:18:10.532+0000: [GC (Allocation Failure) 2020-10-29T14:18:10.532+0000: [ParNew: 38020K->4K(42752K), 0.0038658 secs] 540791K->502775K(920960K), 0.0039367 secs] [Times: user=0.01 sys=0.00, real=0.01 secs] 
2020-10-29T14:18:10.567+0000: [GC (Allocation Failure) 2020-10-29T14:18:10.567+0000: [ParNew: 38020K->4K(42752K), 0.0057716 secs] 540791K->510967K(920960K), 0.0058474 secs] [Times: user=0.01 sys=0.00, real=0.00 secs] 
2020-10-29T14:18:10.614+0000: [GC (Allocation Failure) 2020-10-29T14:18:10.614+0000: [ParNew: 38020K->4K(42752K), 0.0039848 secs] 548983K->510967K(920960K), 0.0040612 secs] [Times: user=0.01 sys=0.00, real=0.01 secs] 
2020-10-29T14:18:10.650+0000: [GC (Allocation Failure) 2020-10-29T14:18:10.650+0000: [ParNew: 38020K->4K(42752K), 0.0057467 secs] 548983K->519159K(920960K), 0.0058232 secs] [Times: user=0.02 sys=0.00, real=0.01 secs] 
2020-10-29T14:18:10.695+0000: [GC (Allocation Failure) 2020-10-29T14:18:10.695+0000: [ParNew: 38020K->4K(42752K), 0.0039914 secs] 557175K->519159K(920960K), 0.0040656 secs] [Times: user=0.01 sys=0.00, real=0.00 secs] 
2020-10-29T14:18:10.739+0000: [GC (Allocation Failure) 2020-10-29T14:18:10.739+0000: [ParNew: 38020K->4K(42752K), 0.0040853 secs] 557175K->519159K(920960K), 0.0041567 secs] [Times: user=0.01 sys=0.00, real=0.00 secs] 
2020-10-29T14:18:10.781+0000: [GC (Allocation Failure) 2020-10-29T14:18:10.781+0000: [ParNew: 38020K->4K(42752K), 0.0039221 secs] 557175K->519159K(920960K), 0.0039968 secs] [Times: user=0.01 sys=0.00, real=0.00 secs] 
2020-10-29T14:18:10.823+0000: [GC (Allocation Failure) 2020-10-29T14:18:10.823+0000: [ParNew: 38020K->4K(42752K), 0.0039482 secs] 557175K->519159K(920960K), 0.0040205 secs] [Times: user=0.00 sys=0.00, real=0.01 secs] 
2020-10-29T14:18:10.867+0000: [GC (Allocation Failure) 2020-10-29T14:18:10.867+0000: [ParNew: 38020K->4K(42752K), 0.0038909 secs] 557175K->519159K(920960K), 0.0039619 secs] [Times: user=0.01 sys=0.00, real=0.00 secs] 
2020-10-29T14:18:10.908+0000: [GC (Allocation Failure) 2020-10-29T14:18:10.908+0000: [ParNew: 38020K->4K(42752K), 0.0038986 secs] 557175K->519159K(920960K), 0.0039704 secs] [Times: user=0.01 sys=0.00, real=0.00 secs] 
2020-10-29T14:18:10.951+0000: [GC (Allocation Failure) 2020-10-29T14:18:10.951+0000: [ParNew: 38020K->4K(42752K), 0.0040368 secs] 557175K->519159K(920960K), 0.0041192 secs] [Times: user=0.00 sys=0.00, real=0.01 secs] 
2020-10-29T14:18:10.995+0000: [GC (Allocation Failure) 2020-10-29T14:18:10.995+0000: [ParNew: 38020K->4K(42752K), 0.0038697 secs] 557175K->519159K(920960K), 0.0039416 secs] [Times: user=0.01 sys=0.00, real=0.00 secs] 
2020-10-29T14:18:11.036+0000: [GC (Allocation Failure) 2020-10-29T14:18:11.036+0000: [ParNew: 38020K->4K(42752K), 0.0039174 secs] 557175K->519159K(920960K), 0.0039903 secs] [Times: user=0.01 sys=0.00, real=0.00 secs] 
2020-10-29T14:18:11.106+0000: [GC (Allocation Failure) 2020-10-29T14:18:11.106+0000: [ParNew: 38020K->4K(42752K), 0.0057603 secs] 557175K->527351K(920960K), 0.0058416 secs] [Times: user=0.01 sys=0.00, real=0.01 secs] 
2020-10-29T14:18:11.186+0000: [GC (Allocation Failure) 2020-10-29T14:18:11.186+0000: [ParNew: 38020K->6K(42752K), 0.0039268 secs] 565367K->527353K(920960K), 0.0039975 secs] [Times: user=0.01 sys=0.00, real=0.01 secs] 
2020-10-29T14:18:11.262+0000: [GC (Allocation Failure) 2020-10-29T14:18:11.262+0000: [ParNew: 38022K->4K(42752K), 0.0039470 secs] 565369K->527351K(920960K), 0.0040185 secs] [Times: user=0.01 sys=0.00, real=0.00 secs] 
2020-10-29T14:18:11.339+0000: [GC (Allocation Failure) 2020-10-29T14:18:11.339+0000: [ParNew: 38020K->4K(42752K), 0.0039400 secs] 565367K->527351K(920960K), 0.0040144 secs] [Times: user=0.01 sys=0.00, real=0.00 secs] 
2020-10-29T14:18:11.830+0000: [GC (Allocation Failure) 2020-10-29T14:18:11.830+0000: [ParNew: 38020K->6K(42752K), 0.0038875 secs] 565367K->527353K(920960K), 0.0039618 secs] [Times: user=0.01 sys=0.00, real=0.00 secs] 
2020-10-29T14:18:12.983+0000: [GC (Allocation Failure) 2020-10-29T14:18:12.983+0000: [ParNew: 38022K->1941K(42752K), 0.0072370 secs] 565369K->529289K(920960K), 0.0073289 secs] [Times: user=0.01 sys=0.00, real=0.01 secs] 
2020-10-29T14:18:13.137+0000: [GC (Allocation Failure) 2020-10-29T14:18:13.137+0000: [ParNew: 39957K->2394K(42752K), 0.0117739 secs] 567305K->529742K(920960K), 0.0118766 secs] [Times: user=0.02 sys=0.00, real=0.01 secs] 
2020-10-29T14:18:13.209+0000: [GC (Allocation Failure) 2020-10-29T14:18:13.209+0000: [ParNew: 40410K->2848K(42752K), 0.0054120 secs] 567758K->530196K(920960K), 0.0055053 secs] [Times: user=0.01 sys=0.00, real=0.00 secs] 
2020-10-29T14:18:13.272+0000: [GC (Allocation Failure) 2020-10-29T14:18:13.272+0000: [ParNew: 40864K->4080K(42752K), 0.0054310 secs] 568212K->531428K(920960K), 0.0055297 secs] [Times: user=0.01 sys=0.00, real=0.01 secs] 
2020-10-29T14:18:13.332+0000: [GC (Allocation Failure) 2020-10-29T14:18:13.332+0000: [ParNew: 42096K->2320K(42752K), 0.0175150 secs] 569444K->530909K(920960K), 0.0176372 secs] [Times: user=0.03 sys=0.00, real=0.02 secs] 
2020-10-29T14:18:13.441+0000: [GC (Allocation Failure) 2020-10-29T14:18:13.441+0000: [ParNew: 40336K->1826K(42752K), 0.0057336 secs] 568925K->530416K(920960K), 0.0058210 secs] [Times: user=0.02 sys=0.00, real=0.01 secs] 
2020-10-29T14:18:13.504+0000: [GC (Allocation Failure) 2020-10-29T14:18:13.504+0000: [ParNew: 39842K->1600K(42752K), 0.0045336 secs] 568432K->530190K(920960K), 0.0046182 secs] [Times: user=0.01 sys=0.00, real=0.01 secs] 
2020-10-29T14:18:13.612+0000: [GC (Allocation Failure) 2020-10-29T14:18:13.612+0000: [ParNew: 39616K->1344K(42752K), 0.0044715 secs] 568206K->530309K(920960K), 0.0045694 secs] [Times: user=0.01 sys=0.00, real=0.01 secs] 
2020-10-29T14:18:13.704+0000: [GC (Allocation Failure) 2020-10-29T14:18:13.704+0000: [ParNew: 39360K->2128K(42752K), 0.0042768 secs] 568325K->531093K(920960K), 0.0043763 secs] [Times: user=0.01 sys=0.00, real=0.01 secs] 
2020-10-29T14:18:13.802+0000: [GC (Allocation Failure) 2020-10-29T14:18:13.802+0000: [ParNew: 40144K->2068K(42752K), 0.0042171 secs] 569109K->531033K(920960K), 0.0043137 secs] [Times: user=0.01 sys=0.00, real=0.00 secs] 
2020-10-29T14:18:13.875+0000: [GC (Allocation Failure) 2020-10-29T14:18:13.875+0000: [ParNew: 40084K->5K(42752K), 0.0038622 secs] 569049K->528971K(920960K), 0.0039868 secs] [Times: user=0.01 sys=0.00, real=0.00 secs] 
2020-10-29T14:18:13.942+0000: [GC (Allocation Failure) 2020-10-29T14:18:13.942+0000: [ParNew: 38021K->4K(42752K), 0.0038702 secs] 566987K->528969K(920960K), 0.0039650 secs] [Times: user=0.01 sys=0.00, real=0.00 secs] 
2020-10-29T14:18:14.001+0000: [GC (Allocation Failure) 2020-10-29T14:18:14.001+0000: [ParNew: 38020K->4K(42752K), 0.0038640 secs] 566985K->528969K(920960K), 0.0039383 secs] [Times: user=0.01 sys=0.00, real=0.00 secs] 
2020-10-29T14:18:14.062+0000: [GC (Allocation Failure) 2020-10-29T14:18:14.062+0000: [ParNew: 38020K->4K(42752K), 0.0041338 secs] 566985K->528969K(920960K), 0.0042226 secs] [Times: user=0.00 sys=0.00, real=0.00 secs] 
2020-10-29T14:18:14.118+0000: [GC (Allocation Failure) 2020-10-29T14:18:14.118+0000: [ParNew: 38020K->4K(42752K), 0.0039095 secs] 566985K->528969K(920960K), 0.0039830 secs] [Times: user=0.01 sys=0.00, real=0.00 secs] 
2020-10-29T14:18:14.176+0000: [GC (Allocation Failure) 2020-10-29T14:18:14.176+0000: [ParNew: 38020K->4K(42752K), 0.0039547 secs] 566985K->528969K(920960K), 0.0040523 secs] [Times: user=0.01 sys=0.00, real=0.00 secs] 
2020-10-29T14:18:14.235+0000: [GC (Allocation Failure) 2020-10-29T14:18:14.235+0000: [ParNew: 38020K->4K(42752K), 0.0083981 secs] 566985K->528969K(920960K), 0.0084996 secs] [Times: user=0.01 sys=0.00, real=0.00 secs] 
2020-10-29T14:18:14.302+0000: [GC (Allocation Failure) 2020-10-29T14:18:14.302+0000: [ParNew: 38020K->4K(42752K), 0.0079691 secs] 566985K->528969K(920960K), 0.0080654 secs] [Times: user=0.01 sys=0.00, real=0.01 secs] 
2020-10-29T14:18:14.383+0000: [GC (Allocation Failure) 2020-10-29T14:18:14.383+0000: [ParNew: 38020K->4K(42752K), 0.0059407 secs] 566985K->528969K(920960K), 0.0060446 secs] [Times: user=0.01 sys=0.00, real=0.01 secs] 
2020-10-29T14:18:14.466+0000: [GC (Allocation Failure) 2020-10-29T14:18:14.466+0000: [ParNew: 38020K->4K(42752K), 0.0039898 secs] 566985K->528969K(920960K), 0.0040668 secs] [Times: user=0.01 sys=0.00, real=0.01 secs] 
2020-10-29T14:18:14.515+0000: [GC (Allocation Failure) 2020-10-29T14:18:14.515+0000: [ParNew: 38020K->4K(42752K), 0.0038502 secs] 566985K->528969K(920960K), 0.0039240 secs] [Times: user=0.01 sys=0.00, real=0.00 secs] 
2020-10-29T14:18:14.574+0000: [GC (Allocation Failure) 2020-10-29T14:18:14.574+0000: [ParNew: 38020K->10K(42752K), 0.0039056 secs] 566985K->528976K(920960K), 0.0039784 secs] [Times: user=0.01 sys=0.00, real=0.01 secs] 
2020-10-29T14:18:14.634+0000: [GC (Allocation Failure) 2020-10-29T14:18:14.634+0000: [ParNew: 38026K->12K(42752K), 0.0039111 secs] 566992K->528978K(920960K), 0.0039839 secs] [Times: user=0.01 sys=0.00, real=0.01 secs] 
2020-10-29T14:18:14.676+0000: [GC (Allocation Failure) 2020-10-29T14:18:14.676+0000: [ParNew: 38028K->11K(42752K), 0.0039872 secs] 566994K->528977K(920960K), 0.0040609 secs] [Times: user=0.01 sys=0.00, real=0.00 secs] 
2020-10-29T14:18:14.718+0000: [GC (Allocation Failure) 2020-10-29T14:18:14.718+0000: [ParNew: 38027K->11K(42752K), 0.0041069 secs] 566993K->528977K(920960K), 0.0041808 secs] [Times: user=0.00 sys=0.00, real=0.00 secs] 
2020-10-29T14:18:14.763+0000: [GC (Allocation Failure) 2020-10-29T14:18:14.763+0000: [ParNew: 38027K->11K(42752K), 0.0039072 secs] 566993K->528977K(920960K), 0.0039804 secs] [Times: user=0.01 sys=0.00, real=0.01 secs] 
2020-10-29T14:18:14.815+0000: [GC (Allocation Failure) 2020-10-29T14:18:14.815+0000: [ParNew: 38027K->12K(42752K), 0.0039380 secs] 566993K->528978K(920960K), 0.0040075 secs] [Times: user=0.01 sys=0.00, real=0.00 secs] 
2020-10-29T14:18:14.859+0000: [GC (Allocation Failure) 2020-10-29T14:18:14.859+0000: [ParNew: 38028K->7K(42752K), 0.0039121 secs] 566994K->528979K(920960K), 0.0039817 secs] [Times: user=0.01 sys=0.00, real=0.00 secs] 
2020-10-29T14:18:14.903+0000: [GC (Allocation Failure) 2020-10-29T14:18:14.903+0000: [ParNew: 38023K->4K(42752K), 0.0039211 secs] 566995K->528976K(920960K), 0.0039927 secs] [Times: user=0.00 sys=0.00, real=0.01 secs] 
2020-10-29T14:18:14.947+0000: [GC (Allocation Failure) 2020-10-29T14:18:14.947+0000: [ParNew: 38020K->4K(42752K), 0.0039810 secs] 566992K->528976K(920960K), 0.0040538 secs] [Times: user=0.00 sys=0.00, real=0.00 secs] 
2020-10-29T14:18:14.988+0000: [GC (Allocation Failure) 2020-10-29T14:18:14.988+0000: [ParNew: 38020K->4K(42752K), 0.0039082 secs] 566992K->528976K(920960K), 0.0039809 secs] [Times: user=0.01 sys=0.00, real=0.00 secs] 
2020-10-29T14:18:15.030+0000: [GC (Allocation Failure) 2020-10-29T14:18:15.030+0000: [ParNew: 38020K->4K(42752K), 0.0039175 secs] 566992K->528976K(920960K), 0.0039865 secs] [Times: user=0.01 sys=0.00, real=0.00 secs] 
2020-10-29T14:18:15.075+0000: [GC (Allocation Failure) 2020-10-29T14:18:15.075+0000: [ParNew: 38020K->4K(42752K), 0.0039204 secs] 566992K->528976K(920960K), 0.0039902 secs] [Times: user=0.01 sys=0.00, real=0.00 secs] 
2020-10-29T14:18:15.117+0000: [GC (Allocation Failure) 2020-10-29T14:18:15.117+0000: [ParNew: 38020K->4K(42752K), 0.0039385 secs] 566992K->528976K(920960K), 0.0040092 secs] [Times: user=0.01 sys=0.00, real=0.00 secs] 
2020-10-29T14:18:15.163+0000: [GC (Allocation Failure) 2020-10-29T14:18:15.163+0000: [ParNew: 38020K->4K(42752K), 0.0038547 secs] 566992K->528976K(920960K), 0.0039490 secs] [Times: user=0.01 sys=0.00, real=0.00 secs] 
2020-10-29T14:18:15.205+0000: [GC (Allocation Failure) 2020-10-29T14:18:15.205+0000: [ParNew: 38020K->4K(42752K), 0.0039107 secs] 566992K->528976K(920960K), 0.0039822 secs] [Times: user=0.00 sys=0.00, real=0.01 secs] 
2020-10-29T14:18:15.246+0000: [GC (Allocation Failure) 2020-10-29T14:18:15.247+0000: [ParNew: 38020K->4K(42752K), 0.0039349 secs] 566992K->528976K(920960K), 0.0040070 secs] [Times: user=0.01 sys=0.00, real=0.01 secs] 
2020-10-29T14:18:15.288+0000: [GC (Allocation Failure) 2020-10-29T14:18:15.288+0000: [ParNew: 38020K->4K(42752K), 0.0038898 secs] 566992K->528976K(920960K), 0.0039636 secs] [Times: user=0.01 sys=0.00, real=0.00 secs] 
2020-10-29T14:18:15.330+0000: [GC (Allocation Failure) 2020-10-29T14:18:15.330+0000: [ParNew: 38020K->4K(42752K), 0.0039930 secs] 566992K->528976K(920960K), 0.0040666 secs] [Times: user=0.01 sys=0.00, real=0.00 secs] 
2020-10-29T14:18:15.375+0000: [GC (Allocation Failure) 2020-10-29T14:18:15.375+0000: [ParNew: 38020K->4K(42752K), 0.0039831 secs] 566992K->528976K(920960K), 0.0040567 secs] [Times: user=0.01 sys=0.00, real=0.00 secs] 
2020-10-29T14:18:15.419+0000: [GC (Allocation Failure) 2020-10-29T14:18:15.419+0000: [ParNew: 38020K->4K(42752K), 0.0039152 secs] 566992K->528976K(920960K), 0.0039852 secs] [Times: user=0.00 sys=0.00, real=0.00 secs] 
2020-10-29T14:18:15.461+0000: [GC (Allocation Failure) 2020-10-29T14:18:15.461+0000: [ParNew: 38020K->4K(42752K), 0.0039123 secs] 566992K->528976K(920960K), 0.0039828 secs] [Times: user=0.00 sys=0.00, real=0.00 secs] 
2020-10-29T14:18:15.502+0000: [GC (Allocation Failure) 2020-10-29T14:18:15.502+0000: [ParNew: 38020K->4K(42752K), 0.0039355 secs] 566992K->528976K(920960K), 0.0040075 secs] [Times: user=0.01 sys=0.00, real=0.00 secs] 
2020-10-29T14:18:15.544+0000: [GC (Allocation Failure) 2020-10-29T14:18:15.544+0000: [ParNew: 38020K->4K(42752K), 0.0038829 secs] 566992K->528976K(920960K), 0.0039897 secs] [Times: user=0.00 sys=0.00, real=0.01 secs] 
2020-10-29T14:18:15.586+0000: [GC (Allocation Failure) 2020-10-29T14:18:15.586+0000: [ParNew: 38020K->4K(42752K), 0.0038968 secs] 566992K->528976K(920960K), 0.0039694 secs] [Times: user=0.01 sys=0.00, real=0.01 secs] 
2020-10-29T14:18:15.632+0000: [GC (Allocation Failure) 2020-10-29T14:18:15.632+0000: [ParNew: 38020K->4K(42752K), 0.0043038 secs] 566992K->528976K(920960K), 0.0043761 secs] [Times: user=0.01 sys=0.00, real=0.01 secs] 
2020-10-29T14:18:15.675+0000: [GC (Allocation Failure) 2020-10-29T14:18:15.675+0000: [ParNew: 38020K->4K(42752K), 0.0038859 secs] 566992K->528976K(920960K), 0.0039574 secs] [Times: user=0.00 sys=0.00, real=0.00 secs] 
2020-10-29T14:18:15.719+0000: [GC (Allocation Failure) 2020-10-29T14:18:15.719+0000: [ParNew: 38020K->4K(42752K), 0.0040077 secs] 566992K->528976K(920960K), 0.0040776 secs] [Times: user=0.00 sys=0.00, real=0.00 secs] 
2020-10-29T14:18:15.763+0000: [GC (Allocation Failure) 2020-10-29T14:18:15.763+0000: [ParNew: 38020K->4K(42752K), 0.0038752 secs] 566992K->528976K(920960K), 0.0039450 secs] [Times: user=0.00 sys=0.00, real=0.01 secs] 
2020-10-29T14:18:15.804+0000: [GC (Allocation Failure) 2020-10-29T14:18:15.804+0000: [ParNew: 38020K->4K(42752K), 0.0038730 secs] 566992K->528976K(920960K), 0.0039443 secs] [Times: user=0.01 sys=0.00, real=0.01 secs] 
2020-10-29T14:18:15.846+0000: [GC (Allocation Failure) 2020-10-29T14:18:15.846+0000: [ParNew: 38020K->4K(42752K), 0.0038981 secs] 566992K->528976K(920960K), 0.0039681 secs] [Times: user=0.00 sys=0.00, real=0.01 secs] 
2020-10-29T14:18:15.892+0000: [GC (Allocation Failure) 2020-10-29T14:18:15.892+0000: [ParNew: 38020K->4K(42752K), 0.0038686 secs] 566992K->528976K(920960K), 0.0039389 secs] [Times: user=0.01 sys=0.00, real=0.01 secs] 
2020-10-29T14:18:15.933+0000: [GC (Allocation Failure) 2020-10-29T14:18:15.934+0000: [ParNew: 38020K->4K(42752K), 0.0039312 secs] 566992K->528976K(920960K), 0.0040082 secs] [Times: user=0.01 sys=0.00, real=0.01 secs] 
2020-10-29T14:18:15.979+0000: [GC (Allocation Failure) 2020-10-29T14:18:15.979+0000: [ParNew: 38020K->4K(42752K), 0.0039583 secs] 566992K->528976K(920960K), 0.0040290 secs] [Times: user=0.01 sys=0.00, real=0.00 secs] 
2020-10-29T14:18:16.021+0000: [GC (Allocation Failure) 2020-10-29T14:18:16.021+0000: [ParNew: 38020K->4K(42752K), 0.0039275 secs] 566992K->528976K(920960K), 0.0039977 secs] [Times: user=0.01 sys=0.00, real=0.00 secs] 
2020-10-29T14:18:16.066+0000: [GC (Allocation Failure) 2020-10-29T14:18:16.066+0000: [ParNew: 38020K->4K(42752K), 0.0039381 secs] 566992K->528976K(920960K), 0.0040100 secs] [Times: user=0.01 sys=0.00, real=0.01 secs] 
2020-10-29T14:18:16.108+0000: [GC (Allocation Failure) 2020-10-29T14:18:16.108+0000: [ParNew: 38020K->4K(42752K), 0.0039206 secs] 566992K->528976K(920960K), 0.0039923 secs] [Times: user=0.01 sys=0.00, real=0.00 secs] 
2020-10-29T14:18:16.155+0000: [GC (Allocation Failure) 2020-10-29T14:18:16.155+0000: [ParNew: 38020K->4K(42752K), 0.0039068 secs] 566992K->528976K(920960K), 0.0039909 secs] [Times: user=0.01 sys=0.00, real=0.01 secs] 
2020-10-29T14:18:16.199+0000: [GC (Allocation Failure) 2020-10-29T14:18:16.199+0000: [ParNew: 38020K->4K(42752K), 0.0038906 secs] 566992K->528977K(920960K), 0.0039597 secs] [Times: user=0.01 sys=0.00, real=0.00 secs] 
2020-10-29T14:18:16.241+0000: [GC (Allocation Failure) 2020-10-29T14:18:16.241+0000: [ParNew: 38020K->4K(42752K), 0.0038466 secs] 566993K->528977K(920960K), 0.0039157 secs] [Times: user=0.01 sys=0.00, real=0.00 secs] 
2020-10-29T14:18:16.282+0000: [GC (Allocation Failure) 2020-10-29T14:18:16.282+0000: [ParNew: 38020K->4K(42752K), 0.0039388 secs] 566993K->528977K(920960K), 0.0040098 secs] [Times: user=0.01 sys=0.00, real=0.00 secs] 
2020-10-29T14:18:16.324+0000: [GC (Allocation Failure) 2020-10-29T14:18:16.324+0000: [ParNew: 38020K->4K(42752K), 0.0039995 secs] 566993K->528977K(920960K), 0.0040685 secs] [Times: user=0.01 sys=0.00, real=0.01 secs] 
2020-10-29T14:18:16.365+0000: [GC (Allocation Failure) 2020-10-29T14:18:16.366+0000: [ParNew: 38020K->4K(42752K), 0.0038976 secs] 566993K->528977K(920960K), 0.0039721 secs] [Times: user=0.00 sys=0.00, real=0.01 secs] 
2020-10-29T14:18:16.407+0000: [GC (Allocation Failure) 2020-10-29T14:18:16.407+0000: [ParNew: 38020K->4K(42752K), 0.0039298 secs] 566993K->528977K(920960K), 0.0040020 secs] [Times: user=0.01 sys=0.00, real=0.00 secs] 
2020-10-29T14:18:16.449+0000: [GC (Allocation Failure) 2020-10-29T14:18:16.449+0000: [ParNew: 38020K->4K(42752K), 0.0038555 secs] 566993K->528977K(920960K), 0.0039255 secs] [Times: user=0.01 sys=0.00, real=0.00 secs] 
2020-10-29T14:18:16.490+0000: [GC (Allocation Failure) 2020-10-29T14:18:16.490+0000: [ParNew: 38020K->4K(42752K), 0.0038845 secs] 566993K->528977K(920960K), 0.0039551 secs] [Times: user=0.01 sys=0.00, real=0.00 secs] 
2020-10-29T14:18:16.532+0000: [GC (Allocation Failure) 2020-10-29T14:18:16.532+0000: [ParNew: 38020K->4K(42752K), 0.0039848 secs] 566993K->528977K(920960K), 0.0040563 secs] [Times: user=0.01 sys=0.00, real=0.01 secs] 
2020-10-29T14:18:16.575+0000: [GC (Allocation Failure) 2020-10-29T14:18:16.575+0000: [ParNew: 38020K->4K(42752K), 0.0040069 secs] 566993K->528977K(920960K), 0.0040776 secs] [Times: user=0.01 sys=0.00, real=0.00 secs] 
2020-10-29T14:18:16.619+0000: [GC (Allocation Failure) 2020-10-29T14:18:16.619+0000: [ParNew: 38020K->4K(42752K), 0.0038622 secs] 566993K->528977K(920960K), 0.0039340 secs] [Times: user=0.01 sys=0.00, real=0.00 secs] 
2020-10-29T14:18:16.665+0000: [GC (Allocation Failure) 2020-10-29T14:18:16.665+0000: [ParNew: 38020K->4K(42752K), 0.0039001 secs] 566993K->528977K(920960K), 0.0039715 secs] [Times: user=0.01 sys=0.00, real=0.01 secs] 
2020-10-29T14:18:16.707+0000: [GC (Allocation Failure) 2020-10-29T14:18:16.707+0000: [ParNew: 38020K->4K(42752K), 0.0040557 secs] 566993K->528977K(920960K), 0.0041279 secs] [Times: user=0.01 sys=0.00, real=0.00 secs] 
2020-10-29T14:18:16.750+0000: [GC (Allocation Failure) 2020-10-29T14:18:16.750+0000: [ParNew: 38020K->4K(42752K), 0.0038748 secs] 566993K->528977K(920960K), 0.0039541 secs] [Times: user=0.01 sys=0.00, real=0.00 secs] 
2020-10-29T14:18:16.791+0000: [GC (Allocation Failure) 2020-10-29T14:18:16.791+0000: [ParNew: 38020K->4K(42752K), 0.0038539 secs] 566993K->528977K(920960K), 0.0039240 secs] [Times: user=0.01 sys=0.00, real=0.01 secs] 
2020-10-29T14:18:16.833+0000: [GC (Allocation Failure) 2020-10-29T14:18:16.833+0000: [ParNew: 38020K->4K(42752K), 0.0038867 secs] 566993K->528977K(920960K), 0.0039558 secs] [Times: user=0.00 sys=0.00, real=0.01 secs] 
2020-10-29T14:18:16.874+0000: [GC (Allocation Failure) 2020-10-29T14:18:16.874+0000: [ParNew: 38020K->4K(42752K), 0.0039336 secs] 566993K->528977K(920960K), 0.0040036 secs] [Times: user=0.01 sys=0.00, real=0.01 secs] 
2020-10-29T14:18:16.919+0000: [GC (Allocation Failure) 2020-10-29T14:18:16.919+0000: [ParNew: 38020K->4K(42752K), 0.0039233 secs] 566993K->528977K(920960K), 0.0039934 secs] [Times: user=0.01 sys=0.00, real=0.00 secs] 
2020-10-29T14:18:16.960+0000: [GC (Allocation Failure) 2020-10-29T14:18:16.961+0000: [ParNew: 38020K->4K(42752K), 0.0039371 secs] 566993K->528977K(920960K), 0.0040094 secs] [Times: user=0.01 sys=0.00, real=0.00 secs] 
2020-10-29T14:18:17.002+0000: [GC (Allocation Failure) 2020-10-29T14:18:17.002+0000: [ParNew: 38020K->4K(42752K), 0.0038488 secs] 566993K->528977K(920960K), 0.0039192 secs] [Times: user=0.01 sys=0.00, real=0.00 secs] 
2020-10-29T14:18:17.047+0000: [GC (Allocation Failure) 2020-10-29T14:18:17.047+0000: [ParNew: 38020K->4K(42752K), 0.0039185 secs] 566993K->528977K(920960K), 0.0039889 secs] [Times: user=0.01 sys=0.00, real=0.00 secs] 
2020-10-29T14:18:17.091+0000: [GC (Allocation Failure) 2020-10-29T14:18:17.091+0000: [ParNew: 38020K->4K(42752K), 0.0039782 secs] 566993K->528977K(920960K), 0.0040362 secs] [Times: user=0.00 sys=0.00, real=0.01 secs] 
2020-10-29T14:18:17.133+0000: [GC (Allocation Failure) 2020-10-29T14:18:17.133+0000: [ParNew: 38020K->4K(42752K), 0.0047189 secs] 566993K->528977K(920960K), 0.0047890 secs] [Times: user=0.01 sys=0.00, real=0.01 secs] 
2020-10-29T14:18:17.175+0000: [GC (Allocation Failure) 2020-10-29T14:18:17.175+0000: [ParNew: 38020K->4K(42752K), 0.0038774 secs] 566993K->528977K(920960K), 0.0039480 secs] [Times: user=0.00 sys=0.00, real=0.00 secs] 
2020-10-29T14:18:17.221+0000: [GC (Allocation Failure) 2020-10-29T14:18:17.221+0000: [ParNew: 38020K->4K(42752K), 0.0039977 secs] 566993K->528977K(920960K), 0.0040688 secs] [Times: user=0.01 sys=0.00, real=0.00 secs] 
2020-10-29T14:18:17.262+0000: [GC (Allocation Failure) 2020-10-29T14:18:17.263+0000: [ParNew: 38020K->4K(42752K), 0.0038981 secs] 566993K->528977K(920960K), 0.0039694 secs] [Times: user=0.00 sys=0.00, real=0.00 secs] 
2020-10-29T14:18:17.307+0000: [GC (Allocation Failure) 2020-10-29T14:18:17.307+0000: [ParNew: 38020K->4K(42752K), 0.0038797 secs] 566993K->528977K(920960K), 0.0039494 secs] [Times: user=0.00 sys=0.00, real=0.00 secs] 
2020-10-29T14:18:17.351+0000: [GC (Allocation Failure) 2020-10-29T14:18:17.351+0000: [ParNew: 38020K->4K(42752K), 0.0039016 secs] 566993K->528977K(920960K), 0.0039724 secs] [Times: user=0.01 sys=0.00, real=0.01 secs] 
2020-10-29T14:18:17.393+0000: [GC (Allocation Failure) 2020-10-29T14:18:17.393+0000: [ParNew: 38020K->4K(42752K), 0.0038951 secs] 566993K->528977K(920960K), 0.0039653 secs] [Times: user=0.01 sys=0.00, real=0.01 secs] 
2020-10-29T14:18:17.434+0000: [GC (Allocation Failure) 2020-10-29T14:18:17.434+0000: [ParNew: 38020K->4K(42752K), 0.0038957 secs] 566993K->528977K(920960K), 0.0039665 secs] [Times: user=0.00 sys=0.00, real=0.01 secs] 
2020-10-29T14:18:17.476+0000: [GC (Allocation Failure) 2020-10-29T14:18:17.476+0000: [ParNew: 38020K->4K(42752K), 0.0039628 secs] 566993K->528977K(920960K), 0.0040474 secs] [Times: user=0.01 sys=0.00, real=0.00 secs] 
2020-10-29T14:18:17.517+0000: [GC (Allocation Failure) 2020-10-29T14:18:17.518+0000: [ParNew: 38020K->4K(42752K), 0.0039649 secs] 566993K->528977K(920960K), 0.0040530 secs] [Times: user=0.01 sys=0.00, real=0.00 secs] 
2020-10-29T14:18:17.563+0000: [GC (Allocation Failure) 2020-10-29T14:18:17.563+0000: [ParNew: 38020K->4K(42752K), 0.0039265 secs] 566993K->528977K(920960K), 0.0039987 secs] [Times: user=0.01 sys=0.00, real=0.01 secs] 
2020-10-29T14:18:17.607+0000: [GC (Allocation Failure) 2020-10-29T14:18:17.607+0000: [ParNew: 38020K->4K(42752K), 0.0038749 secs] 566993K->528977K(920960K), 0.0039472 secs] [Times: user=0.01 sys=0.00, real=0.00 secs] 
2020-10-29T14:18:17.649+0000: [GC (Allocation Failure) 2020-10-29T14:18:17.649+0000: [ParNew: 38020K->4K(42752K), 0.0038529 secs] 566993K->528977K(920960K), 0.0039230 secs] [Times: user=0.01 sys=0.00, real=0.00 secs] 
2020-10-29T14:18:17.695+0000: [GC (Allocation Failure) 2020-10-29T14:18:17.695+0000: [ParNew: 38020K->4K(42752K), 0.0038649 secs] 566993K->528977K(920960K), 0.0039334 secs] [Times: user=0.01 sys=0.00, real=0.00 secs] 
2020-10-29T14:18:17.739+0000: [GC (Allocation Failure) 2020-10-29T14:18:17.739+0000: [ParNew: 38020K->4K(42752K), 0.0038397 secs] 566993K->528977K(920960K), 0.0039098 secs] [Times: user=0.01 sys=0.00, real=0.00 secs] 
2020-10-29T14:18:17.781+0000: [GC (Allocation Failure) 2020-10-29T14:18:17.781+0000: [ParNew: 38020K->4K(42752K), 0.0038602 secs] 566993K->528977K(920960K), 0.0039406 secs] [Times: user=0.01 sys=0.00, real=0.00 secs] 
2020-10-29T14:18:17.822+0000: [GC (Allocation Failure) 2020-10-29T14:18:17.822+0000: [ParNew: 38020K->4K(42752K), 0.0039062 secs] 566993K->528977K(920960K), 0.0039769 secs] [Times: user=0.01 sys=0.00, real=0.00 secs] 
2020-10-29T14:18:17.867+0000: [GC (Allocation Failure) 2020-10-29T14:18:17.867+0000: [ParNew: 38020K->4K(42752K), 0.0038691 secs] 566993K->528977K(920960K), 0.0039397 secs] [Times: user=0.00 sys=0.00, real=0.00 secs] 
2020-10-29T14:18:17.909+0000: [GC (Allocation Failure) 2020-10-29T14:18:17.909+0000: [ParNew: 38020K->4K(42752K), 0.0038921 secs] 566993K->528977K(920960K), 0.0039631 secs] [Times: user=0.01 sys=0.00, real=0.00 secs] 
2020-10-29T14:18:17.955+0000: [GC (Allocation Failure) 2020-10-29T14:18:17.955+0000: [ParNew: 38020K->4K(42752K), 0.0039306 secs] 566993K->528977K(920960K), 0.0040031 secs] [Times: user=0.00 sys=0.00, real=0.00 secs] 
2020-10-29T14:18:17.997+0000: [GC (Allocation Failure) 2020-10-29T14:18:17.997+0000: [ParNew: 38020K->4K(42752K), 0.0039165 secs] 566993K->528977K(920960K), 0.0039874 secs] [Times: user=0.01 sys=0.00, real=0.00 secs] 
2020-10-29T14:18:18.043+0000: [GC (Allocation Failure) 2020-10-29T14:18:18.043+0000: [ParNew: 38020K->4K(42752K), 0.0038868 secs] 566993K->528977K(920960K), 0.0039574 secs] [Times: user=0.01 sys=0.00, real=0.01 secs] 
2020-10-29T14:18:18.085+0000: [GC (Allocation Failure) 2020-10-29T14:18:18.085+0000: [ParNew: 38020K->4K(42752K), 0.0039148 secs] 566993K->528977K(920960K), 0.0039847 secs] [Times: user=0.01 sys=0.00, real=0.01 secs] 
2020-10-29T14:18:18.126+0000: [GC (Allocation Failure) 2020-10-29T14:18:18.126+0000: [ParNew: 38020K->4K(42752K), 0.0038949 secs] 566993K->528977K(920960K), 0.0039665 secs] [Times: user=0.01 sys=0.00, real=0.01 secs] 
2020-10-29T14:18:18.168+0000: [GC (Allocation Failure) 2020-10-29T14:18:18.168+0000: [ParNew: 38020K->4K(42752K), 0.0038858 secs] 566993K->528978K(920960K), 0.0039560 secs] [Times: user=0.01 sys=0.00, real=0.00 secs] 
2020-10-29T14:18:18.211+0000: [GC (Allocation Failure) 2020-10-29T14:18:18.211+0000: [ParNew: 38020K->4K(42752K), 0.0039084 secs] 566994K->528978K(920960K), 0.0039788 secs] [Times: user=0.00 sys=0.00, real=0.01 secs] 
2020-10-29T14:18:18.255+0000: [GC (Allocation Failure) 2020-10-29T14:18:18.255+0000: [ParNew: 38020K->4K(42752K), 0.0038932 secs] 566994K->528978K(920960K), 0.0039631 secs] [Times: user=0.01 sys=0.00, real=0.00 secs] 
2020-10-29T14:18:18.296+0000: [GC (Allocation Failure) 2020-10-29T14:18:18.296+0000: [ParNew: 38020K->4K(42752K), 0.0039098 secs] 566994K->528978K(920960K), 0.0039806 secs] [Times: user=0.01 sys=0.00, real=0.00 secs] 
2020-10-29T14:18:18.339+0000: [GC (Allocation Failure) 2020-10-29T14:18:18.339+0000: [ParNew: 38020K->4K(42752K), 0.0038787 secs] 566994K->528978K(920960K), 0.0039484 secs] [Times: user=0.01 sys=0.00, real=0.00 secs] 
2020-10-29T14:18:18.382+0000: [GC (Allocation Failure) 2020-10-29T14:18:18.382+0000: [ParNew: 38020K->4K(42752K), 0.0039003 secs] 566994K->528978K(920960K), 0.0039805 secs] [Times: user=0.01 sys=0.00, real=0.00 secs] 
2020-10-29T14:18:18.427+0000: [GC (Allocation Failure) 2020-10-29T14:18:18.427+0000: [ParNew: 38020K->4K(42752K), 0.0038674 secs] 566994K->528978K(920960K), 0.0039364 secs] [Times: user=0.01 sys=0.00, real=0.00 secs] 
2020-10-29T14:18:18.471+0000: [GC (Allocation Failure) 2020-10-29T14:18:18.471+0000: [ParNew: 38020K->4K(42752K), 0.0038974 secs] 566994K->528978K(920960K), 0.0039678 secs] [Times: user=0.01 sys=0.00, real=0.01 secs] 
2020-10-29T14:18:18.513+0000: [GC (Allocation Failure) 2020-10-29T14:18:18.513+0000: [ParNew: 38020K->4K(42752K), 0.0039030 secs] 566994K->528978K(920960K), 0.0039740 secs] [Times: user=0.01 sys=0.00, real=0.01 secs] 
2020-10-29T14:18:18.554+0000: [GC (Allocation Failure) 2020-10-29T14:18:18.554+0000: [ParNew: 38020K->4K(42752K), 0.0038999 secs] 566994K->528978K(920960K), 0.0039717 secs] [Times: user=0.01 sys=0.00, real=0.01 secs] 
2020-10-29T14:18:18.596+0000: [GC (Allocation Failure) 2020-10-29T14:18:18.596+0000: [ParNew: 38020K->4K(42752K), 0.0038777 secs] 566994K->528978K(920960K), 0.0039483 secs] [Times: user=0.01 sys=0.00, real=0.00 secs] 
2020-10-29T14:18:18.637+0000: [GC (Allocation Failure) 2020-10-29T14:18:18.637+0000: [ParNew: 38020K->4K(42752K), 0.0040854 secs] 566994K->528978K(920960K), 0.0041750 secs] [Times: user=0.00 sys=0.00, real=0.00 secs] 
2020-10-29T14:18:18.681+0000: [GC (Allocation Failure) 2020-10-29T14:18:18.681+0000: [ParNew: 38020K->4K(42752K), 0.0039202 secs] 566994K->528978K(920960K), 0.0039988 secs] [Times: user=0.01 sys=0.00, real=0.00 secs] 
2020-10-29T14:18:18.727+0000: [GC (Allocation Failure) 2020-10-29T14:18:18.727+0000: [ParNew: 38020K->4K(42752K), 0.0039228 secs] 566994K->528978K(920960K), 0.0039945 secs] [Times: user=0.01 sys=0.00, real=0.00 secs] 
2020-10-29T14:18:18.769+0000: [GC (Allocation Failure) 2020-10-29T14:18:18.769+0000: [ParNew: 38020K->4K(42752K), 0.0039408 secs] 566994K->528978K(920960K), 0.0040123 secs] [Times: user=0.01 sys=0.00, real=0.00 secs] 
2020-10-29T14:18:18.811+0000: [GC (Allocation Failure) 2020-10-29T14:18:18.811+0000: [ParNew: 38020K->4K(42752K), 0.0040838 secs] 566994K->528978K(920960K), 0.0041593 secs] [Times: user=0.01 sys=0.00, real=0.01 secs] 
2020-10-29T14:18:18.855+0000: [GC (Allocation Failure) 2020-10-29T14:18:18.855+0000: [ParNew: 38020K->4K(42752K), 0.0039073 secs] 566994K->528978K(920960K), 0.0039788 secs] [Times: user=0.01 sys=0.00, real=0.00 secs] 
2020-10-29T14:18:18.903+0000: [GC (Allocation Failure) 2020-10-29T14:18:18.903+0000: [ParNew: 38020K->4K(42752K), 0.0038773 secs] 566994K->528978K(920960K), 0.0039472 secs] [Times: user=0.01 sys=0.00, real=0.01 secs] 
2020-10-29T14:18:18.944+0000: [GC (Allocation Failure) 2020-10-29T14:18:18.945+0000: [ParNew: 38020K->4K(42752K), 0.0039368 secs] 566994K->528978K(920960K), 0.0040067 secs] [Times: user=0.00 sys=0.00, real=0.01 secs] 
2020-10-29T14:18:18.987+0000: [GC (Allocation Failure) 2020-10-29T14:18:18.987+0000: [ParNew: 38020K->4K(42752K), 0.0038686 secs] 566994K->528978K(920960K), 0.0039385 secs] [Times: user=0.01 sys=0.00, real=0.00 secs] 
2020-10-29T14:18:19.031+0000: [GC (Allocation Failure) 2020-10-29T14:18:19.031+0000: [ParNew: 38020K->4K(42752K), 0.0039027 secs] 566994K->528978K(920960K), 0.0039731 secs] [Times: user=0.01 sys=0.00, real=0.01 secs] 
2020-10-29T14:18:19.075+0000: [GC (Allocation Failure) 2020-10-29T14:18:19.075+0000: [ParNew: 38020K->4K(42752K), 0.0038734 secs] 566994K->528978K(920960K), 0.0039419 secs] [Times: user=0.00 sys=0.00, real=0.00 secs] 
2020-10-29T14:18:19.119+0000: [GC (Allocation Failure) 2020-10-29T14:18:19.119+0000: [ParNew: 38020K->4K(42752K), 0.0038678 secs] 566994K->528978K(920960K), 0.0039376 secs] [Times: user=0.01 sys=0.00, real=0.00 secs] 
2020-10-29T14:18:19.160+0000: [GC (Allocation Failure) 2020-10-29T14:18:19.160+0000: [ParNew: 38020K->4K(42752K), 0.0039199 secs] 566994K->528978K(920960K), 0.0039909 secs] [Times: user=0.01 sys=0.00, real=0.00 secs] 
2020-10-29T14:18:19.203+0000: [GC (Allocation Failure) 2020-10-29T14:18:19.203+0000: [ParNew: 38020K->4K(42752K), 0.0038663 secs] 566994K->528978K(920960K), 0.0039457 secs] [Times: user=0.01 sys=0.00, real=0.01 secs] 
2020-10-29T14:18:19.245+0000: [GC (Allocation Failure) 2020-10-29T14:18:19.245+0000: [ParNew: 38020K->4K(42752K), 0.0038935 secs] 566994K->528978K(920960K), 0.0039614 secs] [Times: user=0.01 sys=0.00, real=0.01 secs] 
2020-10-29T14:18:19.286+0000: [GC (Allocation Failure) 2020-10-29T14:18:19.286+0000: [ParNew: 38020K->4K(42752K), 0.0038869 secs] 566994K->528978K(920960K), 0.0039662 secs] [Times: user=0.01 sys=0.00, real=0.01 secs] 
2020-10-29T14:18:19.328+0000: [GC (Allocation Failure) 2020-10-29T14:18:19.328+0000: [ParNew: 38020K->4K(42752K), 0.0038693 secs] 566994K->528978K(920960K), 0.0039387 secs] [Times: user=0.01 sys=0.00, real=0.00 secs] 
2020-10-29T14:18:19.371+0000: [GC (Allocation Failure) 2020-10-29T14:18:19.371+0000: [ParNew: 38020K->4K(42752K), 0.0038845 secs] 566994K->528978K(920960K), 0.0039539 secs] [Times: user=0.01 sys=0.00, real=0.01 secs] 
2020-10-29T14:18:19.416+0000: [GC (Allocation Failure) 2020-10-29T14:18:19.416+0000: [ParNew: 38020K->4K(42752K), 0.0038815 secs] 566994K->528978K(920960K), 0.0039513 secs] [Times: user=0.01 sys=0.00, real=0.00 secs] 
2020-10-29T14:18:19.459+0000: [GC (Allocation Failure) 2020-10-29T14:18:19.459+0000: [ParNew: 38020K->4K(42752K), 0.0038980 secs] 566994K->528978K(920960K), 0.0039694 secs] [Times: user=0.01 sys=0.00, real=0.00 secs] 
2020-10-29T14:18:19.503+0000: [GC (Allocation Failure) 2020-10-29T14:18:19.503+0000: [ParNew: 38020K->4K(42752K), 0.0040049 secs] 566994K->528978K(920960K), 0.0040776 secs] [Times: user=0.01 sys=0.00, real=0.01 secs] 
2020-10-29T14:18:19.545+0000: [GC (Allocation Failure) 2020-10-29T14:18:19.545+0000: [ParNew: 38020K->4K(42752K), 0.0038798 secs] 566994K->528978K(920960K), 0.0039491 secs] [Times: user=0.01 sys=0.00, real=0.01 secs] 
2020-10-29T14:18:19.586+0000: [GC (Allocation Failure) 2020-10-29T14:18:19.586+0000: [ParNew: 38020K->4K(42752K), 0.0038732 secs] 566994K->528978K(920960K), 0.0039445 secs] [Times: user=0.00 sys=0.00, real=0.01 secs] 
2020-10-29T14:18:19.628+0000: [GC (Allocation Failure) 2020-10-29T14:18:19.628+0000: [ParNew: 38020K->4K(42752K), 0.0038798 secs] 566994K->528978K(920960K), 0.0039508 secs] [Times: user=0.01 sys=0.00, real=0.00 secs] 
2020-10-29T14:18:19.669+0000: [GC (Allocation Failure) 2020-10-29T14:18:19.669+0000: [ParNew: 38020K->4K(42752K), 0.0038830 secs] 566994K->528978K(920960K), 0.0039545 secs] [Times: user=0.00 sys=0.00, real=0.00 secs] 
2020-10-29T14:18:19.715+0000: [GC (Allocation Failure) 2020-10-29T14:18:19.715+0000: [ParNew: 38020K->4K(42752K), 0.0041181 secs] 566994K->528978K(920960K), 0.0041888 secs] [Times: user=0.00 sys=0.00, real=0.00 secs] 
2020-10-29T14:18:19.757+0000: [GC (Allocation Failure) 2020-10-29T14:18:19.757+0000: [ParNew: 38020K->4K(42752K), 0.0039564 secs] 566994K->528978K(920960K), 0.0040441 secs] [Times: user=0.00 sys=0.00, real=0.00 secs] 
2020-10-29T14:18:19.803+0000: [GC (Allocation Failure) 2020-10-29T14:18:19.803+0000: [ParNew: 38020K->4K(42752K), 0.0038527 secs] 566994K->528978K(920960K), 0.0039207 secs] [Times: user=0.01 sys=0.00, real=0.00 secs] 
2020-10-29T14:18:19.845+0000: [GC (Allocation Failure) 2020-10-29T14:18:19.845+0000: [ParNew: 38020K->4K(42752K), 0.0039700 secs] 566994K->528978K(920960K), 0.0040393 secs] [Times: user=0.00 sys=0.00, real=0.01 secs] 
2020-10-29T14:18:19.887+0000: [GC (Allocation Failure) 2020-10-29T14:18:19.887+0000: [ParNew: 38020K->4K(42752K), 0.0039124 secs] 566994K->528978K(920960K), 0.0039826 secs] [Times: user=0.01 sys=0.00, real=0.00 secs] 
2020-10-29T14:18:19.931+0000: [GC (Allocation Failure) 2020-10-29T14:18:19.931+0000: [ParNew: 38020K->4K(42752K), 0.0038870 secs] 566994K->528978K(920960K), 0.0039564 secs] [Times: user=0.01 sys=0.00, real=0.01 secs] 
2020-10-29T14:18:19.975+0000: [GC (Allocation Failure) 2020-10-29T14:18:19.975+0000: [ParNew: 38020K->4K(42752K), 0.0038748 secs] 566994K->528978K(920960K), 0.0039455 secs] [Times: user=0.01 sys=0.00, real=0.00 secs] 
2020-10-29T14:18:20.019+0000: [GC (Allocation Failure) 2020-10-29T14:18:20.019+0000: [ParNew: 38020K->4K(42752K), 0.0039609 secs] 566994K->528978K(920960K), 0.0040348 secs] [Times: user=0.00 sys=0.00, real=0.00 secs] 
2020-10-29T14:18:20.060+0000: [GC (Allocation Failure) 2020-10-29T14:18:20.060+0000: [ParNew: 38020K->4K(42752K), 0.0038866 secs] 566994K->528978K(920960K), 0.0039583 secs] [Times: user=0.01 sys=0.00, real=0.00 secs] 
2020-10-29T14:18:20.106+0000: [GC (Allocation Failure) 2020-10-29T14:18:20.106+0000: [ParNew: 38020K->4K(42752K), 0.0039114 secs] 566994K->528978K(920960K), 0.0039821 secs] [Times: user=0.00 sys=0.00, real=0.01 secs] 
2020-10-29T14:18:20.148+0000: [GC (Allocation Failure) 2020-10-29T14:18:20.148+0000: [ParNew: 38020K->4K(42752K), 0.0039419 secs] 566994K->528978K(920960K), 0.0040139 secs] [Times: user=0.01 sys=0.00, real=0.00 secs] 
2020-10-29T14:18:20.191+0000: [GC (Allocation Failure) 2020-10-29T14:18:20.191+0000: [ParNew: 38020K->4K(42752K), 0.0039879 secs] 566994K->528978K(920960K), 0.0040578 secs] [Times: user=0.01 sys=0.00, real=0.01 secs] 
2020-10-29T14:18:20.235+0000: [GC (Allocation Failure) 2020-10-29T14:18:20.235+0000: [ParNew: 38020K->4K(42752K), 0.0038877 secs] 566994K->528979K(920960K), 0.0039801 secs] [Times: user=0.01 sys=0.00, real=0.00 secs] 
2020-10-29T14:18:20.276+0000: [GC (Allocation Failure) 2020-10-29T14:18:20.276+0000: [ParNew: 38020K->4K(42752K), 0.0039324 secs] 566995K->528979K(920960K), 0.0040083 secs] [Times: user=0.00 sys=0.00, real=0.00 secs] 
2020-10-29T14:18:20.318+0000: [GC (Allocation Failure) 2020-10-29T14:18:20.318+0000: [ParNew: 38020K->4K(42752K), 0.0039496 secs] 566995K->528979K(920960K), 0.0040199 secs] [Times: user=0.01 sys=0.00, real=0.00 secs] 
2020-10-29T14:18:20.363+0000: [GC (Allocation Failure) 2020-10-29T14:18:20.363+0000: [ParNew: 38020K->4K(42752K), 0.0038672 secs] 566995K->528979K(920960K), 0.0039373 secs] [Times: user=0.01 sys=0.00, real=0.01 secs] 
2020-10-29T14:18:20.404+0000: [GC (Allocation Failure) 2020-10-29T14:18:20.404+0000: [ParNew: 38020K->4K(42752K), 0.0038545 secs] 566995K->528979K(920960K), 0.0039309 secs] [Times: user=0.00 sys=0.00, real=0.01 secs] 
2020-10-29T14:18:20.446+0000: [GC (Allocation Failure) 2020-10-29T14:18:20.446+0000: [ParNew: 38020K->4K(42752K), 0.0038666 secs] 566995K->528979K(920960K), 0.0039363 secs] [Times: user=0.01 sys=0.00, real=0.01 secs] 
2020-10-29T14:18:20.487+0000: [GC (Allocation Failure) 2020-10-29T14:18:20.487+0000: [ParNew: 38020K->4K(42752K), 0.0039280 secs] 566995K->528979K(920960K), 0.0040150 secs] [Times: user=0.01 sys=0.00, real=0.00 secs] 
2020-10-29T14:18:20.531+0000: [GC (Allocation Failure) 2020-10-29T14:18:20.531+0000: [ParNew: 38020K->4K(42752K), 0.0045084 secs] 566995K->528979K(920960K), 0.0045795 secs] [Times: user=0.01 sys=0.00, real=0.01 secs] 
2020-10-29T14:18:20.575+0000: [GC (Allocation Failure) 2020-10-29T14:18:20.575+0000: [ParNew: 38020K->4K(42752K), 0.0039601 secs] 566995K->528979K(920960K), 0.0040310 secs] [Times: user=0.01 sys=0.00, real=0.00 secs] 
2020-10-29T14:18:20.619+0000: [GC (Allocation Failure) 2020-10-29T14:18:20.619+0000: [ParNew: 38020K->4K(42752K), 0.0038765 secs] 566995K->528979K(920960K), 0.0039465 secs] [Times: user=0.01 sys=0.00, real=0.00 secs] 
2020-10-29T14:18:20.663+0000: [GC (Allocation Failure) 2020-10-29T14:18:20.663+0000: [ParNew: 38020K->4K(42752K), 0.0040283 secs] 566995K->528979K(920960K), 0.0041053 secs] [Times: user=0.01 sys=0.00, real=0.01 secs] 
2020-10-29T14:18:20.705+0000: [GC (Allocation Failure) 2020-10-29T14:18:20.705+0000: [ParNew: 38020K->4K(42752K), 0.0040590 secs] 566995K->528979K(920960K), 0.0041331 secs] [Times: user=0.01 sys=0.00, real=0.01 secs] 
2020-10-29T14:18:20.751+0000: [GC (Allocation Failure) 2020-10-29T14:18:20.751+0000: [ParNew: 38020K->4K(42752K), 0.0038598 secs] 566995K->528979K(920960K), 0.0039297 secs] [Times: user=0.01 sys=0.00, real=0.01 secs] 
2020-10-29T14:18:20.795+0000: [GC (Allocation Failure) 2020-10-29T14:18:20.795+0000: [ParNew: 38020K->4K(42752K), 0.0039757 secs] 566995K->528979K(920960K), 0.0040552 secs] [Times: user=0.00 sys=0.00, real=0.00 secs] 
2020-10-29T14:18:20.839+0000: [GC (Allocation Failure) 2020-10-29T14:18:20.839+0000: [ParNew: 38020K->4K(42752K), 0.0038866 secs] 566995K->528979K(920960K), 0.0039559 secs] [Times: user=0.01 sys=0.00, real=0.00 secs] 
2020-10-29T14:18:20.883+0000: [GC (Allocation Failure) 2020-10-29T14:18:20.883+0000: [ParNew: 38020K->4K(42752K), 0.0038739 secs] 566995K->528979K(920960K), 0.0039444 secs] [Times: user=0.01 sys=0.00, real=0.01 secs] 
2020-10-29T14:18:20.927+0000: [GC (Allocation Failure) 2020-10-29T14:18:20.927+0000: [ParNew: 38020K->4K(42752K), 0.0038751 secs] 566995K->528979K(920960K), 0.0039457 secs] [Times: user=0.01 sys=0.00, real=0.00 secs] 
2020-10-29T14:18:20.968+0000: [GC (Allocation Failure) 2020-10-29T14:18:20.968+0000: [ParNew: 38020K->4K(42752K), 0.0038578 secs] 566995K->528979K(920960K), 0.0039286 secs] [Times: user=0.01 sys=0.00, real=0.00 secs] 
2020-10-29T14:18:21.011+0000: [GC (Allocation Failure) 2020-10-29T14:18:21.011+0000: [ParNew: 38020K->4K(42752K), 0.0038706 secs] 566995K->528979K(920960K), 0.0039410 secs] [Times: user=0.00 sys=0.00, real=0.01 secs] 
2020-10-29T14:18:21.055+0000: [GC (Allocation Failure) 2020-10-29T14:18:21.055+0000: [ParNew: 38020K->4K(42752K), 0.0038638 secs] 566995K->528979K(920960K), 0.0039334 secs] [Times: user=0.01 sys=0.00, real=0.00 secs] 
2020-10-29T14:18:21.097+0000: [GC (Allocation Failure) 2020-10-29T14:18:21.097+0000: [ParNew: 38020K->4K(42752K), 0.0039581 secs] 566995K->528979K(920960K), 0.0040296 secs] [Times: user=0.01 sys=0.00, real=0.00 secs] 
2020-10-29T14:18:21.143+0000: [GC (Allocation Failure) 2020-10-29T14:18:21.143+0000: [ParNew: 38020K->4K(42752K), 0.0038758 secs] 566995K->528979K(920960K), 0.0039473 secs] [Times: user=0.01 sys=0.00, real=0.01 secs] 
2020-10-29T14:18:21.185+0000: [GC (Allocation Failure) 2020-10-29T14:18:21.185+0000: [ParNew: 38020K->4K(42752K), 0.0038656 secs] 566995K->528979K(920960K), 0.0039358 secs] [Times: user=0.01 sys=0.00, real=0.01 secs] 
2020-10-29T14:18:21.230+0000: [GC (Allocation Failure) 2020-10-29T14:18:21.230+0000: [ParNew: 38020K->4K(42752K), 0.0038795 secs] 566995K->528979K(920960K), 0.0039594 secs] [Times: user=0.01 sys=0.00, real=0.00 secs] 
2020-10-29T14:18:21.272+0000: [GC (Allocation Failure) 2020-10-29T14:18:21.272+0000: [ParNew: 38020K->4K(42752K), 0.0039014 secs] 566995K->528979K(920960K), 0.0039727 secs] [Times: user=0.01 sys=0.00, real=0.01 secs] 
2020-10-29T14:18:21.314+0000: [GC (Allocation Failure) 2020-10-29T14:18:21.314+0000: [ParNew: 38020K->4K(42752K), 0.0038661 secs] 566995K->528979K(920960K), 0.0039355 secs] [Times: user=0.01 sys=0.00, real=0.01 secs] 
2020-10-29T14:18:21.359+0000: [GC (Allocation Failure) 2020-10-29T14:18:21.359+0000: [ParNew: 38020K->4K(42752K), 0.0039211 secs] 566995K->528979K(920960K), 0.0039922 secs] [Times: user=0.01 sys=0.00, real=0.00 secs] 
2020-10-29T14:18:21.401+0000: [GC (Allocation Failure) 2020-10-29T14:18:21.401+0000: [ParNew: 38020K->4K(42752K), 0.0039958 secs] 566995K->528979K(920960K), 0.0040653 secs] [Times: user=0.01 sys=0.00, real=0.00 secs] 
2020-10-29T14:18:21.442+0000: [GC (Allocation Failure) 2020-10-29T14:18:21.442+0000: [ParNew: 38020K->4K(42752K), 0.0039143 secs] 566995K->528979K(920960K), 0.0039849 secs] [Times: user=0.00 sys=0.00, real=0.00 secs] 
2020-10-29T14:18:21.487+0000: [GC (Allocation Failure) 2020-10-29T14:18:21.487+0000: [ParNew: 38020K->4K(42752K), 0.0039245 secs] 566995K->528979K(920960K), 0.0039951 secs] [Times: user=0.01 sys=0.00, real=0.00 secs] 
2020-10-29T14:18:21.531+0000: [GC (Allocation Failure) 2020-10-29T14:18:21.531+0000: [ParNew: 38020K->4K(42752K), 0.0038602 secs] 566995K->528979K(920960K), 0.0039292 secs] [Times: user=0.01 sys=0.00, real=0.01 secs] 
2020-10-29T14:18:21.575+0000: [GC (Allocation Failure) 2020-10-29T14:18:21.575+0000: [ParNew: 38020K->4K(42752K), 0.0039468 secs] 566995K->528979K(920960K), 0.0040217 secs] [Times: user=0.00 sys=0.00, real=0.00 secs] 
2020-10-29T14:18:21.619+0000: [GC (Allocation Failure) 2020-10-29T14:18:21.619+0000: [ParNew: 38020K->4K(42752K), 0.0039111 secs] 566995K->528979K(920960K), 0.0039828 secs] [Times: user=0.01 sys=0.00, real=0.00 secs] 
2020-10-29T14:18:21.663+0000: [GC (Allocation Failure) 2020-10-29T14:18:21.663+0000: [ParNew: 38020K->4K(42752K), 0.0038653 secs] 566995K->528979K(920960K), 0.0039365 secs] [Times: user=0.01 sys=0.00, real=0.01 secs] 
2020-10-29T14:18:21.704+0000: [GC (Allocation Failure) 2020-10-29T14:18:21.704+0000: [ParNew: 38020K->4K(42752K), 0.0039518 secs] 566995K->528979K(920960K), 0.0040214 secs] [Times: user=0.01 sys=0.00, real=0.01 secs] 
2020-10-29T14:18:21.747+0000: [GC (Allocation Failure) 2020-10-29T14:18:21.747+0000: [ParNew: 38020K->4K(42752K), 0.0039097 secs] 566995K->528979K(920960K), 0.0039940 secs] [Times: user=0.01 sys=0.00, real=0.01 secs] 
2020-10-29T14:18:21.788+0000: [GC (Allocation Failure) 2020-10-29T14:18:21.788+0000: [ParNew: 38020K->4K(42752K), 0.0043645 secs] 566995K->528979K(920960K), 0.0044453 secs] [Times: user=0.01 sys=0.00, real=0.00 secs] 
2020-10-29T14:18:21.835+0000: [GC (Allocation Failure) 2020-10-29T14:18:21.835+0000: [ParNew: 38020K->4K(42752K), 0.0038928 secs] 566995K->528979K(920960K), 0.0039622 secs] [Times: user=0.01 sys=0.00, real=0.00 secs] 
2020-10-29T14:18:21.877+0000: [GC (Allocation Failure) 2020-10-29T14:18:21.877+0000: [ParNew: 38020K->4K(42752K), 0.0038819 secs] 566995K->528979K(920960K), 0.0039536 secs] [Times: user=0.01 sys=0.00, real=0.00 secs] 
2020-10-29T14:18:21.923+0000: [GC (Allocation Failure) 2020-10-29T14:18:21.923+0000: [ParNew: 38020K->4K(42752K), 0.0038361 secs] 566995K->528979K(920960K), 0.0039389 secs] [Times: user=0.00 sys=0.00, real=0.00 secs] 
2020-10-29T14:18:21.964+0000: [GC (Allocation Failure) 2020-10-29T14:18:21.964+0000: [ParNew: 38020K->4K(42752K), 0.0038822 secs] 566995K->528979K(920960K), 0.0039521 secs] [Times: user=0.01 sys=0.00, real=0.01 secs] 
2020-10-29T14:18:22.005+0000: [GC (Allocation Failure) 2020-10-29T14:18:22.006+0000: [ParNew: 38020K->4K(42752K), 0.0039650 secs] 566995K->528979K(920960K), 0.0040383 secs] [Times: user=0.00 sys=0.00, real=0.01 secs] 
2020-10-29T14:18:22.051+0000: [GC (Allocation Failure) 2020-10-29T14:18:22.051+0000: [ParNew: 38020K->4K(42752K), 0.0038894 secs] 566995K->528979K(920960K), 0.0039592 secs] [Times: user=0.00 sys=0.00, real=0.01 secs] 
2020-10-29T14:18:22.127+0000: [GC (Allocation Failure) 2020-10-29T14:18:22.128+0000: [ParNew: 38020K->4K(42752K), 0.0039801 secs] 566995K->528979K(920960K), 0.0040512 secs] [Times: user=0.01 sys=0.00, real=0.00 secs] 
2020-10-29T14:18:22.409+0000: [GC (Allocation Failure) 2020-10-29T14:18:22.409+0000: [ParNew: 38020K->6K(42752K), 0.0039609 secs] 566995K->528981K(920960K), 0.0040333 secs] [Times: user=0.01 sys=0.00, real=0.00 secs] 
2020-10-29T14:18:22.980+0000: [GC (Allocation Failure) 2020-10-29T14:18:22.980+0000: [ParNew: 38022K->4K(42752K), 0.0038929 secs] 566997K->528979K(920960K), 0.0039660 secs] [Times: user=0.01 sys=0.00, real=0.00 secs] 
2020-10-29T14:18:23.136+0000: [GC (Allocation Failure) 2020-10-29T14:18:23.136+0000: [ParNew: 38020K->13K(42752K), 0.0038904 secs] 566995K->528989K(920960K), 0.0039496 secs] [Times: user=0.01 sys=0.00, real=0.00 secs] 
2020-10-29T14:18:25.165+0000: [GC (Allocation Failure) 2020-10-29T14:18:25.165+0000: [ParNew: 38029K->673K(42752K), 0.0044725 secs] 567005K->529649K(920960K), 0.0045404 secs] [Times: user=0.00 sys=0.00, real=0.01 secs] 
2020-10-29T14:18:26.052+0000: [GC (Allocation Failure) 2020-10-29T14:18:26.052+0000: [ParNew: 38689K->2845K(42752K), 0.0079965 secs] 567665K->531821K(920960K), 0.0080705 secs] [Times: user=0.01 sys=0.00, real=0.01 secs] 
2020-10-29T14:18:26.345+0000: [GC (Allocation Failure) 2020-10-29T14:18:26.345+0000: [ParNew: 40861K->2613K(42752K), 0.0082479 secs] 569837K->531996K(920960K), 0.0083257 secs] [Times: user=0.02 sys=0.00, real=0.01 secs] 
2020-10-29T14:18:26.580+0000: [GC (Allocation Failure) 2020-10-29T14:18:26.580+0000: [ParNew: 40629K->2995K(42752K), 0.0117249 secs] 570012K->533293K(920960K), 0.0117943 secs] [Times: user=0.03 sys=0.00, real=0.01 secs] 
2020-10-29T14:18:26.909+0000: [GC (Allocation Failure) 2020-10-29T14:18:26.910+0000: [ParNew: 41011K->2397K(42752K), 0.0113229 secs] 571309K->534023K(920960K), 0.0114074 secs] [Times: user=0.03 sys=0.00, real=0.01 secs] 
2020-10-29T14:18:27.673+0000: [GC (Allocation Failure) 2020-10-29T14:18:27.673+0000: [ParNew: 40413K->2397K(42752K), 0.0089030 secs] 572039K->534023K(920960K), 0.0089815 secs] [Times: user=0.01 sys=0.00, real=0.01 secs] 
Heap
 par new generation   total 42752K, used 18587K [0x00000000c0000000, 0x00000000c2e60000, 0x00000000ca660000)
  eden space 38016K,  42% used [0x00000000c0000000, 0x00000000c0fcf5c8, 0x00000000c2520000)
  from space 4736K,  50% used [0x00000000c29c0000, 0x00000000c2c176e0, 0x00000000c2e60000)
  to   space 4736K,   0% used [0x00000000c2520000, 0x00000000c2520000, 0x00000000c29c0000)
 concurrent mark-sweep generation total 878208K, used 531626K [0x00000000ca660000, 0x0000000100000000, 0x0000000100000000)
 Metaspace       used 79082K, capacity 80640K, committed 80788K, reserved 1120256K
  class space    used 10648K, capacity 10925K, committed 10956K, reserved 1048576K
End of LogType:stdout



Container: container_1603959726485_0017_01_000005 on ip-10-0-63-237.ec2.internal_8041
=======================================================================================
LogType:stderr
Log Upload Time:gio ott 29 14:18:30 +0000 2020
LogLength:18287
Log Contents:
SLF4J: Class path contains multiple SLF4J bindings.
SLF4J: Found binding in [jar:file:/mnt/yarn/usercache/hadoop/filecache/71/__spark_libs__7834111137428784198.zip/slf4j-log4j12-1.7.16.jar!/org/slf4j/impl/StaticLoggerBinder.class]
SLF4J: Found binding in [jar:file:/usr/lib/hadoop/lib/slf4j-log4j12-1.7.10.jar!/org/slf4j/impl/StaticLoggerBinder.class]
SLF4J: See http://www.slf4j.org/codes.html#multiple_bindings for an explanation.
SLF4J: Actual binding is of type [org.slf4j.impl.Log4jLoggerFactory]
20/10/29 14:16:56 INFO CoarseGrainedExecutorBackend: Started daemon with process name: 16912@ip-10-0-63-237
20/10/29 14:16:56 INFO SignalUtils: Registered signal handler for TERM
20/10/29 14:16:56 INFO SignalUtils: Registered signal handler for HUP
20/10/29 14:16:56 INFO SignalUtils: Registered signal handler for INT
20/10/29 14:16:57 INFO SecurityManager: Changing view acls to: yarn,hadoop
20/10/29 14:16:57 INFO SecurityManager: Changing modify acls to: yarn,hadoop
20/10/29 14:16:57 INFO SecurityManager: Changing view acls groups to: 
20/10/29 14:16:57 INFO SecurityManager: Changing modify acls groups to: 
20/10/29 14:16:57 INFO SecurityManager: SecurityManager: authentication disabled; ui acls disabled; users  with view permissions: Set(yarn, hadoop); groups with view permissions: Set(); users  with modify permissions: Set(yarn, hadoop); groups with modify permissions: Set()
20/10/29 14:16:57 INFO TransportClientFactory: Successfully created connection to ip-10-0-40-135.ec2.internal/10.0.40.135:46585 after 97 ms (0 ms spent in bootstraps)
20/10/29 14:16:57 INFO SecurityManager: Changing view acls to: yarn,hadoop
20/10/29 14:16:57 INFO SecurityManager: Changing modify acls to: yarn,hadoop
20/10/29 14:16:57 INFO SecurityManager: Changing view acls groups to: 
20/10/29 14:16:57 INFO SecurityManager: Changing modify acls groups to: 
20/10/29 14:16:57 INFO SecurityManager: SecurityManager: authentication disabled; ui acls disabled; users  with view permissions: Set(yarn, hadoop); groups with view permissions: Set(); users  with modify permissions: Set(yarn, hadoop); groups with modify permissions: Set()
20/10/29 14:16:57 INFO TransportClientFactory: Successfully created connection to ip-10-0-40-135.ec2.internal/10.0.40.135:46585 after 2 ms (0 ms spent in bootstraps)
20/10/29 14:16:58 INFO DiskBlockManager: Created local directory at /mnt/yarn/usercache/hadoop/appcache/application_1603959726485_0017/blockmgr-928cc685-d6e9-4129-8e0e-836b379d7714
20/10/29 14:16:58 INFO MemoryStore: MemoryStore started with capacity 424.4 MB
20/10/29 14:16:58 INFO CoarseGrainedExecutorBackend: Connecting to driver: spark://CoarseGrainedScheduler@ip-10-0-40-135.ec2.internal:46585
20/10/29 14:16:58 INFO CoarseGrainedExecutorBackend: Successfully registered with driver
20/10/29 14:16:58 INFO Executor: Starting executor ID 2 on host ip-10-0-63-237.ec2.internal
20/10/29 14:16:58 INFO Utils: Successfully started service 'org.apache.spark.network.netty.NettyBlockTransferService' on port 37063.
20/10/29 14:16:58 INFO NettyBlockTransferService: Server created on ip-10-0-63-237.ec2.internal:37063
20/10/29 14:16:58 INFO BlockManager: Using org.apache.spark.storage.RandomBlockReplicationPolicy for block replication policy
20/10/29 14:16:58 INFO BlockManagerMaster: Registering BlockManager BlockManagerId(2, ip-10-0-63-237.ec2.internal, 37063, None)
20/10/29 14:16:58 INFO BlockManagerMaster: Registered BlockManager BlockManagerId(2, ip-10-0-63-237.ec2.internal, 37063, None)
20/10/29 14:16:58 INFO BlockManager: external shuffle service port = 7337
20/10/29 14:16:58 INFO BlockManager: Registering executor with local external shuffle service.
20/10/29 14:16:58 INFO TransportClientFactory: Successfully created connection to ip-10-0-63-237.ec2.internal/10.0.63.237:7337 after 1 ms (0 ms spent in bootstraps)
20/10/29 14:16:58 INFO BlockManager: Initialized BlockManager: BlockManagerId(2, ip-10-0-63-237.ec2.internal, 37063, None)
20/10/29 14:16:58 INFO CoarseGrainedExecutorBackend: Got assigned task 3
20/10/29 14:16:58 INFO Executor: Running task 2.0 in stage 1.0 (TID 3)
20/10/29 14:16:58 INFO TorrentBroadcast: Started reading broadcast variable 4
20/10/29 14:16:58 INFO TransportClientFactory: Successfully created connection to ip-10-0-40-135.ec2.internal/10.0.40.135:45289 after 2 ms (0 ms spent in bootstraps)
20/10/29 14:16:59 INFO MemoryStore: Block broadcast_4_piece0 stored as bytes in memory (estimated size 17.1 KB, free 424.4 MB)
20/10/29 14:16:59 INFO TorrentBroadcast: Reading broadcast variable 4 took 157 ms
20/10/29 14:16:59 INFO MemoryStore: Block broadcast_4 stored as values in memory (estimated size 43.4 KB, free 424.4 MB)
20/10/29 14:17:00 INFO CodeGenerator: Code generated in 441.008269 ms
20/10/29 14:17:00 INFO CodeGenerator: Code generated in 47.64504 ms
20/10/29 14:17:00 INFO CodeGenerator: Code generated in 41.783331 ms
20/10/29 14:17:02 INFO CodeGenerator: Code generated in 23.221077 ms
20/10/29 14:17:02 INFO FileScanRDD: Reading File path: s3://spectral-regression-spark-bucket/spectral_data_class.csv, range: 268435456-319010350, partition values: [empty row]
20/10/29 14:17:02 INFO CodeGenerator: Code generated in 31.274111 ms
20/10/29 14:17:02 INFO TorrentBroadcast: Started reading broadcast variable 2
20/10/29 14:17:02 INFO MemoryStore: Block broadcast_2_piece0 stored as bytes in memory (estimated size 36.7 KB, free 424.3 MB)
20/10/29 14:17:02 INFO TorrentBroadcast: Reading broadcast variable 2 took 23 ms
20/10/29 14:17:02 INFO MemoryStore: Block broadcast_2 stored as values in memory (estimated size 576.5 KB, free 423.7 MB)
20/10/29 14:17:05 INFO S3NativeFileSystem: Opening 's3://spectral-regression-spark-bucket/spectral_data_class.csv' for reading
20/10/29 14:17:05 INFO GPLNativeCodeLoader: Loaded native gpl library
20/10/29 14:17:05 INFO LzoCodec: Successfully loaded & initialized native-lzo library [hadoop-lzo rev 1546b8dc0ca6f1ffd26a812d52bd7b80915e0a25]
20/10/29 14:17:09 INFO JniLoader: successfully loaded /mnt/yarn/usercache/hadoop/appcache/application_1603959726485_0017/container_1603959726485_0017_01_000005/tmp/jniloader7700547333175896423netlib-native_system-linux-x86_64.so
20/10/29 14:17:10 INFO Executor: Finished task 2.0 in stage 1.0 (TID 3). 2418 bytes result sent to driver
20/10/29 14:17:15 INFO CoarseGrainedExecutorBackend: Got assigned task 5
20/10/29 14:17:15 INFO Executor: Running task 1.0 in stage 2.0 (TID 5)
20/10/29 14:17:15 INFO CoarseGrainedExecutorBackend: Got assigned task 7
20/10/29 14:17:15 INFO Executor: Running task 3.0 in stage 2.0 (TID 7)
20/10/29 14:17:15 INFO TorrentBroadcast: Started reading broadcast variable 6
20/10/29 14:17:15 INFO TransportClientFactory: Successfully created connection to ip-10-0-45-238.ec2.internal/10.0.45.238:41065 after 1 ms (0 ms spent in bootstraps)
20/10/29 14:17:15 INFO MemoryStore: Block broadcast_6_piece0 stored as bytes in memory (estimated size 18.7 KB, free 423.8 MB)
20/10/29 14:17:15 INFO TorrentBroadcast: Reading broadcast variable 6 took 138 ms
20/10/29 14:17:15 INFO MemoryStore: Block broadcast_6 stored as values in memory (estimated size 44.9 KB, free 423.8 MB)
20/10/29 14:17:15 INFO CodeGenerator: Code generated in 114.838024 ms
20/10/29 14:17:16 INFO CodeGenerator: Code generated in 10.072669 ms
20/10/29 14:17:16 INFO FileScanRDD: Reading File path: s3://spectral-regression-spark-bucket/spectral_data_class.csv, range: 80801163-161602326, partition values: [empty row]
20/10/29 14:17:16 INFO TorrentBroadcast: Started reading broadcast variable 5
20/10/29 14:17:16 INFO FileScanRDD: Reading File path: s3://spectral-regression-spark-bucket/spectral_data_class.csv, range: 242403489-319010350, partition values: [empty row]
20/10/29 14:17:16 INFO MemoryStore: Block broadcast_5_piece0 stored as bytes in memory (estimated size 36.7 KB, free 423.6 MB)
20/10/29 14:17:16 INFO TorrentBroadcast: Reading broadcast variable 5 took 27 ms
20/10/29 14:17:16 INFO MemoryStore: Block broadcast_5 stored as values in memory (estimated size 576.5 KB, free 423.0 MB)
20/10/29 14:17:16 INFO S3NativeFileSystem: Opening 's3://spectral-regression-spark-bucket/spectral_data_class.csv' for reading
20/10/29 14:17:16 INFO S3NativeFileSystem: Opening 's3://spectral-regression-spark-bucket/spectral_data_class.csv' for reading
20/10/29 14:17:26 INFO Executor: Finished task 3.0 in stage 2.0 (TID 7). 2448 bytes result sent to driver
20/10/29 14:17:26 INFO Executor: Finished task 1.0 in stage 2.0 (TID 5). 2405 bytes result sent to driver
20/10/29 14:17:27 INFO CoarseGrainedExecutorBackend: Got assigned task 8
20/10/29 14:17:27 INFO CoarseGrainedExecutorBackend: Got assigned task 10
20/10/29 14:17:27 INFO Executor: Running task 2.0 in stage 3.0 (TID 10)
20/10/29 14:17:27 INFO TorrentBroadcast: Started reading broadcast variable 7
20/10/29 14:17:27 INFO Executor: Running task 0.0 in stage 3.0 (TID 8)
20/10/29 14:17:27 INFO MemoryStore: Block broadcast_7_piece0 stored as bytes in memory (estimated size 18.5 KB, free 423.1 MB)
20/10/29 14:17:27 INFO TorrentBroadcast: Reading broadcast variable 7 took 14 ms
20/10/29 14:17:27 INFO MemoryStore: Block broadcast_7 stored as values in memory (estimated size 44.1 KB, free 423.1 MB)
20/10/29 14:17:27 INFO FileScanRDD: Reading File path: s3://spectral-regression-spark-bucket/spectral_data_class.csv, range: 161602326-242403489, partition values: [empty row]
20/10/29 14:17:27 INFO FileScanRDD: Reading File path: s3://spectral-regression-spark-bucket/spectral_data_class.csv, range: 0-80801163, partition values: [empty row]
20/10/29 14:17:27 INFO S3NativeFileSystem: Opening 's3://spectral-regression-spark-bucket/spectral_data_class.csv' for reading
20/10/29 14:17:27 INFO S3NativeFileSystem: Opening 's3://spectral-regression-spark-bucket/spectral_data_class.csv' for reading
20/10/29 14:17:37 INFO Executor: Finished task 2.0 in stage 3.0 (TID 10). 1922 bytes result sent to driver
20/10/29 14:17:37 INFO Executor: Finished task 0.0 in stage 3.0 (TID 8). 1922 bytes result sent to driver
20/10/29 14:17:38 INFO CoarseGrainedExecutorBackend: Got assigned task 13
20/10/29 14:17:38 INFO Executor: Running task 1.0 in stage 4.0 (TID 13)
20/10/29 14:17:38 INFO CoarseGrainedExecutorBackend: Got assigned task 15
20/10/29 14:17:38 INFO Executor: Running task 3.0 in stage 4.0 (TID 15)
20/10/29 14:17:38 INFO TorrentBroadcast: Started reading broadcast variable 9
20/10/29 14:17:38 INFO MemoryStore: Block broadcast_9_piece0 stored as bytes in memory (estimated size 17.1 KB, free 423.2 MB)
20/10/29 14:17:38 INFO TorrentBroadcast: Reading broadcast variable 9 took 8 ms
20/10/29 14:17:38 INFO MemoryStore: Block broadcast_9 stored as values in memory (estimated size 40.0 KB, free 423.2 MB)
20/10/29 14:17:38 INFO CodeGenerator: Code generated in 102.601005 ms
20/10/29 14:17:38 INFO FileScanRDD: Reading File path: s3://spectral-regression-spark-bucket/spectral_data_class.csv, range: 242403489-319010350, partition values: [empty row]
20/10/29 14:17:38 INFO TorrentBroadcast: Started reading broadcast variable 8
20/10/29 14:17:38 INFO FileScanRDD: Reading File path: s3://spectral-regression-spark-bucket/spectral_data_class.csv, range: 80801163-161602326, partition values: [empty row]
20/10/29 14:17:38 INFO MemoryStore: Block broadcast_8_piece0 stored as bytes in memory (estimated size 36.7 KB, free 423.0 MB)
20/10/29 14:17:38 INFO TorrentBroadcast: Reading broadcast variable 8 took 11 ms
20/10/29 14:17:38 INFO MemoryStore: Block broadcast_8 stored as values in memory (estimated size 576.5 KB, free 422.4 MB)
20/10/29 14:17:38 INFO S3NativeFileSystem: Opening 's3://spectral-regression-spark-bucket/spectral_data_class.csv' for reading
20/10/29 14:17:38 INFO S3NativeFileSystem: Opening 's3://spectral-regression-spark-bucket/spectral_data_class.csv' for reading
20/10/29 14:17:49 INFO Executor: Finished task 3.0 in stage 4.0 (TID 15). 2651 bytes result sent to driver
20/10/29 14:17:49 INFO Executor: Finished task 1.0 in stage 4.0 (TID 13). 2608 bytes result sent to driver
20/10/29 14:17:50 INFO CoarseGrainedExecutorBackend: Got assigned task 18
20/10/29 14:17:50 INFO Executor: Running task 1.0 in stage 6.0 (TID 18)
20/10/29 14:17:50 INFO CoarseGrainedExecutorBackend: Got assigned task 20
20/10/29 14:17:50 INFO MapOutputTrackerWorker: Updating epoch to 1 and clearing cache
20/10/29 14:17:50 INFO TorrentBroadcast: Started reading broadcast variable 12
20/10/29 14:17:50 INFO Executor: Running task 3.0 in stage 6.0 (TID 20)
20/10/29 14:17:50 INFO MemoryStore: Block broadcast_12_piece0 stored as bytes in memory (estimated size 19.1 KB, free 422.6 MB)
20/10/29 14:17:50 INFO TorrentBroadcast: Reading broadcast variable 12 took 13 ms
20/10/29 14:17:50 INFO MemoryStore: Block broadcast_12 stored as values in memory (estimated size 45.6 KB, free 422.6 MB)
20/10/29 14:17:50 INFO CodeGenerator: Code generated in 89.596361 ms
20/10/29 14:17:50 INFO FileScanRDD: Reading File path: s3://spectral-regression-spark-bucket/spectral_data_class.csv, range: 242403489-319010350, partition values: [empty row]
20/10/29 14:17:50 INFO TorrentBroadcast: Started reading broadcast variable 11
20/10/29 14:17:50 INFO FileScanRDD: Reading File path: s3://spectral-regression-spark-bucket/spectral_data_class.csv, range: 80801163-161602326, partition values: [empty row]
20/10/29 14:17:50 INFO MemoryStore: Block broadcast_11_piece0 stored as bytes in memory (estimated size 36.7 KB, free 422.4 MB)
20/10/29 14:17:50 INFO TorrentBroadcast: Reading broadcast variable 11 took 23 ms
20/10/29 14:17:50 INFO MemoryStore: Block broadcast_11 stored as values in memory (estimated size 576.5 KB, free 421.8 MB)
20/10/29 14:17:50 INFO S3NativeFileSystem: Opening 's3://spectral-regression-spark-bucket/spectral_data_class.csv' for reading
20/10/29 14:17:50 INFO S3NativeFileSystem: Opening 's3://spectral-regression-spark-bucket/spectral_data_class.csv' for reading
20/10/29 14:17:59 INFO Executor: Finished task 3.0 in stage 6.0 (TID 20). 2448 bytes result sent to driver
20/10/29 14:17:59 INFO Executor: Finished task 1.0 in stage 6.0 (TID 18). 2405 bytes result sent to driver
20/10/29 14:18:01 INFO CoarseGrainedExecutorBackend: Got assigned task 22
20/10/29 14:18:01 INFO Executor: Running task 1.0 in stage 7.0 (TID 22)
20/10/29 14:18:01 INFO CoarseGrainedExecutorBackend: Got assigned task 24
20/10/29 14:18:01 INFO Executor: Running task 3.0 in stage 7.0 (TID 24)
20/10/29 14:18:01 INFO TorrentBroadcast: Started reading broadcast variable 14
20/10/29 14:18:01 INFO MemoryStore: Block broadcast_14_piece0 stored as bytes in memory (estimated size 19.8 KB, free 422.6 MB)
20/10/29 14:18:01 INFO TorrentBroadcast: Reading broadcast variable 14 took 11 ms
20/10/29 14:18:01 INFO MemoryStore: Block broadcast_14 stored as values in memory (estimated size 49.1 KB, free 422.6 MB)
20/10/29 14:18:01 INFO CodeGenerator: Code generated in 79.171287 ms
20/10/29 14:18:01 INFO FileScanRDD: Reading File path: s3://spectral-regression-spark-bucket/spectral_data_class.csv, range: 80801163-161602326, partition values: [empty row]
20/10/29 14:18:01 INFO TorrentBroadcast: Started reading broadcast variable 13
20/10/29 14:18:01 INFO FileScanRDD: Reading File path: s3://spectral-regression-spark-bucket/spectral_data_class.csv, range: 242403489-319010350, partition values: [empty row]
20/10/29 14:18:01 INFO MemoryStore: Block broadcast_13_piece0 stored as bytes in memory (estimated size 36.7 KB, free 422.4 MB)
20/10/29 14:18:01 INFO TorrentBroadcast: Reading broadcast variable 13 took 18 ms
20/10/29 14:18:01 INFO MemoryStore: Block broadcast_13 stored as values in memory (estimated size 576.5 KB, free 421.8 MB)
20/10/29 14:18:01 INFO S3NativeFileSystem: Opening 's3://spectral-regression-spark-bucket/spectral_data_class.csv' for reading
20/10/29 14:18:01 INFO S3NativeFileSystem: Opening 's3://spectral-regression-spark-bucket/spectral_data_class.csv' for reading
20/10/29 14:18:10 INFO Executor: Finished task 3.0 in stage 7.0 (TID 24). 2467 bytes result sent to driver
20/10/29 14:18:10 INFO Executor: Finished task 1.0 in stage 7.0 (TID 22). 2467 bytes result sent to driver
20/10/29 14:18:12 INFO CoarseGrainedExecutorBackend: Got assigned task 26
20/10/29 14:18:12 INFO CoarseGrainedExecutorBackend: Got assigned task 28
20/10/29 14:18:12 INFO Executor: Running task 3.0 in stage 8.0 (TID 28)
20/10/29 14:18:12 INFO Executor: Running task 1.0 in stage 8.0 (TID 26)
20/10/29 14:18:12 INFO TorrentBroadcast: Started reading broadcast variable 16
20/10/29 14:18:12 INFO MemoryStore: Block broadcast_16_piece0 stored as bytes in memory (estimated size 19.8 KB, free 421.9 MB)
20/10/29 14:18:12 INFO TorrentBroadcast: Reading broadcast variable 16 took 10 ms
20/10/29 14:18:12 INFO MemoryStore: Block broadcast_16 stored as values in memory (estimated size 49.1 KB, free 421.9 MB)
20/10/29 14:18:12 INFO FileScanRDD: Reading File path: s3://spectral-regression-spark-bucket/spectral_data_class.csv, range: 242403489-319010350, partition values: [empty row]
20/10/29 14:18:12 INFO FileScanRDD: Reading File path: s3://spectral-regression-spark-bucket/spectral_data_class.csv, range: 80801163-161602326, partition values: [empty row]
20/10/29 14:18:12 INFO TorrentBroadcast: Started reading broadcast variable 15
20/10/29 14:18:12 INFO MemoryStore: Block broadcast_15_piece0 stored as bytes in memory (estimated size 36.7 KB, free 421.7 MB)
20/10/29 14:18:12 INFO TorrentBroadcast: Reading broadcast variable 15 took 12 ms
20/10/29 14:18:12 INFO MemoryStore: Block broadcast_15 stored as values in memory (estimated size 576.5 KB, free 421.2 MB)
20/10/29 14:18:13 INFO S3NativeFileSystem: Opening 's3://spectral-regression-spark-bucket/spectral_data_class.csv' for reading
20/10/29 14:18:13 INFO S3NativeFileSystem: Opening 's3://spectral-regression-spark-bucket/spectral_data_class.csv' for reading
20/10/29 14:18:21 INFO Executor: Finished task 3.0 in stage 8.0 (TID 28). 2467 bytes result sent to driver
20/10/29 14:18:21 INFO Executor: Finished task 1.0 in stage 8.0 (TID 26). 2467 bytes result sent to driver
20/10/29 14:18:29 INFO CoarseGrainedExecutorBackend: Driver commanded a shutdown
20/10/29 14:18:29 INFO MemoryStore: MemoryStore cleared
20/10/29 14:18:29 INFO BlockManager: BlockManager stopped
20/10/29 14:18:29 INFO ShutdownHookManager: Shutdown hook called
End of LogType:stderr

LogType:stdout
Log Upload Time:gio ott 29 14:18:30 +0000 2020
LogLength:322420
Log Contents:
2020-10-29T14:16:55.530+0000: [GC (Allocation Failure) 2020-10-29T14:16:55.530+0000: [ParNew: 16384K->2047K(18432K), 0.0035846 secs] 16384K->2386K(59392K), 0.0036571 secs] [Times: user=0.00 sys=0.00, real=0.01 secs] 
2020-10-29T14:16:55.686+0000: [GC (Allocation Failure) 2020-10-29T14:16:55.686+0000: [ParNew: 18431K->1947K(18432K), 0.0071283 secs] 18770K->3639K(59392K), 0.0071770 secs] [Times: user=0.01 sys=0.00, real=0.01 secs] 
2020-10-29T14:16:55.812+0000: [GC (Allocation Failure) 2020-10-29T14:16:55.812+0000: [ParNew: 18331K->1311K(18432K), 0.0026417 secs] 20023K->3003K(59392K), 0.0026921 secs] [Times: user=0.01 sys=0.00, real=0.00 secs] 
2020-10-29T14:16:55.973+0000: [GC (Allocation Failure) 2020-10-29T14:16:55.973+0000: [ParNew: 17695K->1961K(18432K), 0.0041458 secs] 19387K->4034K(59392K), 0.0041909 secs] [Times: user=0.01 sys=0.00, real=0.00 secs] 
2020-10-29T14:16:56.130+0000: [GC (Allocation Failure) 2020-10-29T14:16:56.130+0000: [ParNew: 18345K->1190K(18432K), 0.0033613 secs] 20418K->3808K(59392K), 0.0034135 secs] [Times: user=0.00 sys=0.00, real=0.01 secs] 
2020-10-29T14:16:56.246+0000: [GC (Allocation Failure) 2020-10-29T14:16:56.246+0000: [ParNew: 17574K->1470K(18432K), 0.0032365 secs] 20192K->4088K(59392K), 0.0032761 secs] [Times: user=0.01 sys=0.00, real=0.00 secs] 
2020-10-29T14:16:56.341+0000: [GC (Allocation Failure) 2020-10-29T14:16:56.341+0000: [ParNew: 17854K->1205K(18432K), 0.0030819 secs] 20472K->4364K(59392K), 0.0031320 secs] [Times: user=0.01 sys=0.00, real=0.01 secs] 
2020-10-29T14:16:56.409+0000: [GC (Allocation Failure) 2020-10-29T14:16:56.409+0000: [ParNew: 17589K->956K(18432K), 0.0016267 secs] 20748K->4115K(59392K), 0.0016739 secs] [Times: user=0.01 sys=0.00, real=0.01 secs] 
2020-10-29T14:16:56.467+0000: [GC (Allocation Failure) 2020-10-29T14:16:56.467+0000: [ParNew: 17340K->833K(18432K), 0.0013168 secs] 20499K->3993K(59392K), 0.0013815 secs] [Times: user=0.01 sys=0.00, real=0.00 secs] 
2020-10-29T14:16:56.610+0000: [GC (Allocation Failure) 2020-10-29T14:16:56.610+0000: [ParNew: 17217K->1539K(18432K), 0.0021427 secs] 20377K->4698K(59392K), 0.0022083 secs] [Times: user=0.00 sys=0.00, real=0.01 secs] 
2020-10-29T14:16:56.694+0000: [GC (Allocation Failure) 2020-10-29T14:16:56.694+0000: [ParNew: 17923K->1295K(18432K), 0.0022665 secs] 21082K->4765K(59392K), 0.0023169 secs] [Times: user=0.01 sys=0.00, real=0.00 secs] 
2020-10-29T14:16:56.847+0000: [GC (Allocation Failure) 2020-10-29T14:16:56.847+0000: [ParNew: 17679K->1388K(18432K), 0.0025416 secs] 21149K->4858K(59392K), 0.0025872 secs] [Times: user=0.01 sys=0.00, real=0.00 secs] 
2020-10-29T14:16:57.006+0000: [GC (Allocation Failure) 2020-10-29T14:16:57.006+0000: [ParNew: 17772K->1887K(18432K), 0.0041917 secs] 21242K->5433K(59392K), 0.0042379 secs] [Times: user=0.00 sys=0.00, real=0.01 secs] 
2020-10-29T14:16:57.106+0000: [GC (Allocation Failure) 2020-10-29T14:16:57.106+0000: [ParNew: 18271K->1139K(18432K), 0.0054716 secs] 21817K->5294K(59392K), 0.0055356 secs] [Times: user=0.01 sys=0.00, real=0.01 secs] 
2020-10-29T14:16:57.200+0000: [GC (Allocation Failure) 2020-10-29T14:16:57.200+0000: [ParNew: 17523K->1134K(18432K), 0.0018746 secs] 21678K->5289K(59392K), 0.0019182 secs] [Times: user=0.00 sys=0.00, real=0.00 secs] 
2020-10-29T14:16:57.277+0000: [GC (Allocation Failure) 2020-10-29T14:16:57.277+0000: [ParNew: 17518K->1046K(18432K), 0.0037445 secs] 21673K->5201K(59392K), 0.0037912 secs] [Times: user=0.00 sys=0.00, real=0.00 secs] 
2020-10-29T14:16:57.360+0000: [GC (Allocation Failure) 2020-10-29T14:16:57.360+0000: [ParNew: 17430K->1481K(18432K), 0.0035257 secs] 21585K->5636K(59392K), 0.0035780 secs] [Times: user=0.00 sys=0.00, real=0.01 secs] 
2020-10-29T14:16:57.416+0000: [GC (Allocation Failure) 2020-10-29T14:16:57.417+0000: [ParNew: 17865K->1042K(18432K), 0.0029897 secs] 22020K->5556K(59392K), 0.0030375 secs] [Times: user=0.00 sys=0.00, real=0.00 secs] 
2020-10-29T14:16:57.482+0000: [GC (Allocation Failure) 2020-10-29T14:16:57.482+0000: [ParNew: 17426K->1507K(18432K), 0.0020571 secs] 21940K->6021K(59392K), 0.0021060 secs] [Times: user=0.00 sys=0.00, real=0.01 secs] 
2020-10-29T14:16:57.646+0000: [GC (Allocation Failure) 2020-10-29T14:16:57.646+0000: [ParNew: 17891K->1835K(18432K), 0.0033369 secs] 22405K->6554K(59392K), 0.0033849 secs] [Times: user=0.01 sys=0.00, real=0.00 secs] 
2020-10-29T14:16:57.715+0000: [GC (Allocation Failure) 2020-10-29T14:16:57.715+0000: [ParNew: 18219K->1090K(18432K), 0.0031968 secs] 22938K->6270K(59392K), 0.0032466 secs] [Times: user=0.01 sys=0.00, real=0.00 secs] 
2020-10-29T14:16:57.808+0000: [GC (Allocation Failure) 2020-10-29T14:16:57.808+0000: [ParNew: 17474K->1160K(18432K), 0.0032635 secs] 39038K->22724K(59392K), 0.0033106 secs] [Times: user=0.01 sys=0.00, real=0.01 secs] 
2020-10-29T14:16:57.811+0000: [GC (CMS Initial Mark) [1 CMS-initial-mark: 21564K(40960K)] 22729K(59392K), 0.0009482 secs] [Times: user=0.00 sys=0.00, real=0.00 secs] 
2020-10-29T14:16:57.812+0000: [CMS-concurrent-mark-start]
2020-10-29T14:16:57.830+0000: [CMS-concurrent-mark: 0.018/0.018 secs] [Times: user=0.03 sys=0.00, real=0.01 secs] 
2020-10-29T14:16:57.830+0000: [CMS-concurrent-preclean-start]
2020-10-29T14:16:57.831+0000: [CMS-concurrent-preclean: 0.000/0.001 secs] [Times: user=0.00 sys=0.00, real=0.01 secs] 
2020-10-29T14:16:57.831+0000: [CMS-concurrent-abortable-preclean-start]
2020-10-29T14:16:57.908+0000: [GC (Allocation Failure) 2020-10-29T14:16:57.908+0000: [ParNew: 17544K->996K(18432K), 0.0034202 secs] 39108K->22793K(59392K), 0.0034877 secs] [Times: user=0.01 sys=0.00, real=0.01 secs] 
2020-10-29T14:16:58.017+0000: [CMS-concurrent-abortable-preclean: 0.044/0.187 secs] [Times: user=0.32 sys=0.02, real=0.18 secs] 
2020-10-29T14:16:58.018+0000: [GC (CMS Final Remark) [YG occupancy: 13427 K (18432 K)]2020-10-29T14:16:58.018+0000: [Rescan (parallel) , 0.0030558 secs]2020-10-29T14:16:58.021+0000: [weak refs processing, 0.0000382 secs]2020-10-29T14:16:58.021+0000: [class unloading, 0.0024190 secs]2020-10-29T14:16:58.023+0000: [scrub symbol table, 0.0023967 secs]2020-10-29T14:16:58.026+0000: [scrub string table, 0.0002475 secs][1 CMS-remark: 38180K(40960K)] 51608K(59392K), 0.0082522 secs] [Times: user=0.01 sys=0.00, real=0.01 secs] 
2020-10-29T14:16:58.026+0000: [CMS-concurrent-sweep-start]
2020-10-29T14:16:58.029+0000: [CMS-concurrent-sweep: 0.003/0.003 secs] [Times: user=0.01 sys=0.00, real=0.00 secs] 
2020-10-29T14:16:58.029+0000: [CMS-concurrent-reset-start]
2020-10-29T14:16:58.059+0000: [CMS-concurrent-reset: 0.030/0.030 secs] [Times: user=0.03 sys=0.03, real=0.03 secs] 
2020-10-29T14:16:58.069+0000: [GC (Allocation Failure) 2020-10-29T14:16:58.069+0000: [ParNew: 17380K->1555K(18432K), 0.0021899 secs] 55143K->39318K(81372K), 0.0022263 secs] [Times: user=0.00 sys=0.00, real=0.01 secs] 
2020-10-29T14:16:58.071+0000: [GC (CMS Initial Mark) [1 CMS-initial-mark: 37762K(62940K)] 39585K(81372K), 0.0008216 secs] [Times: user=0.01 sys=0.00, real=0.00 secs] 
2020-10-29T14:16:58.072+0000: [CMS-concurrent-mark-start]
2020-10-29T14:16:58.085+0000: [CMS-concurrent-mark: 0.013/0.013 secs] [Times: user=0.02 sys=0.00, real=0.01 secs] 
2020-10-29T14:16:58.085+0000: [CMS-concurrent-preclean-start]
2020-10-29T14:16:58.086+0000: [CMS-concurrent-preclean: 0.000/0.001 secs] [Times: user=0.00 sys=0.00, real=0.00 secs] 
2020-10-29T14:16:58.086+0000: [CMS-concurrent-abortable-preclean-start]
2020-10-29T14:16:58.142+0000: [GC (Allocation Failure) 2020-10-29T14:16:58.142+0000: [ParNew: 17939K->1381K(18432K), 0.0031898 secs] 55702K->39511K(81372K), 0.0032373 secs] [Times: user=0.01 sys=0.00, real=0.01 secs] 
2020-10-29T14:16:58.250+0000: [GC (Allocation Failure) 2020-10-29T14:16:58.250+0000: [ParNew: 17765K->1027K(18432K), 0.0019127 secs] 55895K->39157K(81372K), 0.0019610 secs] [Times: user=0.00 sys=0.00, real=0.01 secs] 
2020-10-29T14:16:58.314+0000: [GC (Allocation Failure) 2020-10-29T14:16:58.314+0000: [ParNew: 17411K->1635K(18432K), 0.0019274 secs] 55541K->39765K(81372K), 0.0019744 secs] [Times: user=0.00 sys=0.00, real=0.00 secs] 
2020-10-29T14:16:58.369+0000: [GC (Allocation Failure) 2020-10-29T14:16:58.369+0000: [ParNew: 18019K->1211K(18432K), 0.0028902 secs] 56149K->39807K(81372K), 0.0029484 secs] [Times: user=0.01 sys=0.00, real=0.01 secs] 
2020-10-29T14:16:58.413+0000: [GC (Allocation Failure) 2020-10-29T14:16:58.413+0000: [ParNew: 17595K->1031K(18432K), 0.0014384 secs] 56191K->39626K(81372K), 0.0014826 secs] [Times: user=0.00 sys=0.00, real=0.00 secs] 
2020-10-29T14:16:58.499+0000: [GC (Allocation Failure) 2020-10-29T14:16:58.499+0000: [ParNew: 17415K->1058K(18432K), 0.0045024 secs] 56010K->39653K(81372K), 0.0045591 secs] [Times: user=0.01 sys=0.00, real=0.01 secs] 
2020-10-29T14:16:58.654+0000: [GC (Allocation Failure) 2020-10-29T14:16:58.654+0000: [ParNew: 17442K->2025K(18432K), 0.0030370 secs] 56037K->40621K(81372K), 0.0030797 secs] [Times: user=0.00 sys=0.00, real=0.00 secs] 
2020-10-29T14:16:58.657+0000: [CMS-concurrent-abortable-preclean: 0.072/0.571 secs] [Times: user=0.94 sys=0.01, real=0.57 secs] 
2020-10-29T14:16:58.658+0000: [GC (CMS Final Remark) [YG occupancy: 2157 K (18432 K)]2020-10-29T14:16:58.658+0000: [Rescan (parallel) , 0.0015980 secs]2020-10-29T14:16:58.659+0000: [weak refs processing, 0.0000241 secs]2020-10-29T14:16:58.659+0000: [class unloading, 0.0026990 secs]2020-10-29T14:16:58.662+0000: [scrub symbol table, 0.0032718 secs]2020-10-29T14:16:58.665+0000: [scrub string table, 0.0002475 secs][1 CMS-remark: 38595K(62940K)] 40752K(81372K), 0.0079239 secs] [Times: user=0.01 sys=0.00, real=0.01 secs] 
2020-10-29T14:16:58.666+0000: [CMS-concurrent-sweep-start]
2020-10-29T14:16:58.668+0000: [CMS-concurrent-sweep: 0.003/0.003 secs] [Times: user=0.01 sys=0.00, real=0.00 secs] 
2020-10-29T14:16:58.669+0000: [CMS-concurrent-reset-start]
2020-10-29T14:16:58.670+0000: [CMS-concurrent-reset: 0.002/0.002 secs] [Times: user=0.00 sys=0.00, real=0.01 secs] 
2020-10-29T14:16:58.759+0000: [GC (Allocation Failure) 2020-10-29T14:16:58.759+0000: [ParNew: 18409K->1480K(18432K), 0.0069756 secs] 73336K->57669K(82672K), 0.0070339 secs] [Times: user=0.01 sys=0.01, real=0.01 secs] 
2020-10-29T14:16:58.772+0000: [GC (CMS Initial Mark) [1 CMS-initial-mark: 56189K(64240K)] 57669K(82672K), 0.0007384 secs] [Times: user=0.00 sys=0.00, real=0.00 secs] 
2020-10-29T14:16:58.773+0000: [CMS-concurrent-mark-start]
2020-10-29T14:16:58.804+0000: [CMS-concurrent-mark: 0.032/0.032 secs] [Times: user=0.06 sys=0.00, real=0.03 secs] 
2020-10-29T14:16:58.804+0000: [CMS-concurrent-preclean-start]
2020-10-29T14:16:58.805+0000: [CMS-concurrent-preclean: 0.001/0.001 secs] [Times: user=0.00 sys=0.00, real=0.00 secs] 
2020-10-29T14:16:58.805+0000: [CMS-concurrent-abortable-preclean-start]
2020-10-29T14:16:58.878+0000: [GC (Allocation Failure) 2020-10-29T14:16:58.878+0000: [ParNew: 17864K->1302K(18432K), 0.0025069 secs] 74053K->57491K(82672K), 0.0025530 secs] [Times: user=0.01 sys=0.00, real=0.00 secs] 
2020-10-29T14:16:58.928+0000: [GC (Allocation Failure) 2020-10-29T14:16:58.928+0000: [ParNew: 9235K->966K(18432K), 0.0047424 secs]2020-10-29T14:16:58.933+0000: [CMS2020-10-29T14:16:58.933+0000: [CMS-concurrent-abortable-preclean: 0.013/0.128 secs] [Times: user=0.21 sys=0.00, real=0.13 secs] 
 (concurrent mode failure): 56492K->56907K(64240K), 0.0375318 secs] 65424K->56907K(82672K), [Metaspace: 29494K->29494K(1075200K)], 0.0424794 secs] [Times: user=0.05 sys=0.00, real=0.05 secs] 
2020-10-29T14:16:59.120+0000: [GC (Allocation Failure) 2020-10-29T14:16:59.120+0000: [ParNew: 38016K->986K(42752K), 0.0158558 secs] 94923K->74280K(137600K), 0.0159133 secs] [Times: user=0.03 sys=0.00, real=0.02 secs] 
2020-10-29T14:16:59.138+0000: [GC (CMS Initial Mark) [1 CMS-initial-mark: 73293K(94848K)] 75543K(137600K), 0.0014373 secs] [Times: user=0.00 sys=0.00, real=0.00 secs] 
2020-10-29T14:16:59.139+0000: [CMS-concurrent-mark-start]
2020-10-29T14:16:59.174+0000: [CMS-concurrent-mark: 0.035/0.035 secs] [Times: user=0.07 sys=0.01, real=0.04 secs] 
2020-10-29T14:16:59.174+0000: [CMS-concurrent-preclean-start]
2020-10-29T14:16:59.175+0000: [CMS-concurrent-preclean: 0.001/0.001 secs] [Times: user=0.00 sys=0.00, real=0.00 secs] 
2020-10-29T14:16:59.175+0000: [CMS-concurrent-abortable-preclean-start]
2020-10-29T14:16:59.280+0000: [CMS-concurrent-abortable-preclean: 0.004/0.105 secs] [Times: user=0.20 sys=0.00, real=0.10 secs] 
2020-10-29T14:16:59.280+0000: [GC (CMS Final Remark) [YG occupancy: 20772 K (42752 K)]2020-10-29T14:16:59.280+0000: [Rescan (parallel) , 0.0040242 secs]2020-10-29T14:16:59.284+0000: [weak refs processing, 0.0000340 secs]2020-10-29T14:16:59.284+0000: [class unloading, 0.0045858 secs]2020-10-29T14:16:59.289+0000: [scrub symbol table, 0.0062528 secs]2020-10-29T14:16:59.295+0000: [scrub string table, 0.0005358 secs][1 CMS-remark: 73293K(94848K)] 94065K(137600K), 0.0155595 secs] [Times: user=0.03 sys=0.00, real=0.02 secs] 
2020-10-29T14:16:59.296+0000: [CMS-concurrent-sweep-start]
2020-10-29T14:16:59.305+0000: [CMS-concurrent-sweep: 0.009/0.009 secs] [Times: user=0.02 sys=0.00, real=0.01 secs] 
2020-10-29T14:16:59.305+0000: [CMS-concurrent-reset-start]
2020-10-29T14:16:59.307+0000: [CMS-concurrent-reset: 0.002/0.002 secs] [Times: user=0.00 sys=0.00, real=0.00 secs] 
2020-10-29T14:16:59.414+0000: [GC (Allocation Failure) 2020-10-29T14:16:59.414+0000: [ParNew: 39002K->2422K(42752K), 0.0069147 secs] 112083K->75503K(164556K), 0.0069825 secs] [Times: user=0.01 sys=0.00, real=0.00 secs] 
2020-10-29T14:16:59.707+0000: [GC (Allocation Failure) 2020-10-29T14:16:59.707+0000: [ParNew: 40438K->3086K(42752K), 0.0134935 secs] 113519K->76400K(164556K), 0.0135461 secs] [Times: user=0.03 sys=0.00, real=0.01 secs] 
2020-10-29T14:17:00.027+0000: [GC (Allocation Failure) 2020-10-29T14:17:00.027+0000: [ParNew: 41102K->3348K(42752K), 0.0079445 secs] 114416K->77436K(164556K), 0.0079962 secs] [Times: user=0.02 sys=0.00, real=0.01 secs] 
2020-10-29T14:17:00.281+0000: [GC (Allocation Failure) 2020-10-29T14:17:00.281+0000: [ParNew: 41364K->2577K(42752K), 0.0085109 secs] 115452K->77690K(164556K), 0.0085882 secs] [Times: user=0.01 sys=0.00, real=0.01 secs] 
2020-10-29T14:17:00.494+0000: [GC (Allocation Failure) 2020-10-29T14:17:00.494+0000: [ParNew: 40593K->2081K(42752K), 0.0085055 secs] 115706K->77194K(164556K), 0.0085774 secs] [Times: user=0.01 sys=0.00, real=0.01 secs] 
2020-10-29T14:17:00.665+0000: [GC (Allocation Failure) 2020-10-29T14:17:00.665+0000: [ParNew: 40097K->2860K(42752K), 0.0089824 secs] 115210K->77973K(164556K), 0.0090673 secs] [Times: user=0.03 sys=0.00, real=0.01 secs] 
2020-10-29T14:17:00.829+0000: [GC (Allocation Failure) 2020-10-29T14:17:00.829+0000: [ParNew: 40876K->3421K(42752K), 0.0098116 secs] 115989K->78969K(164556K), 0.0098820 secs] [Times: user=0.02 sys=0.00, real=0.01 secs] 
2020-10-29T14:17:01.011+0000: [GC (Allocation Failure) 2020-10-29T14:17:01.011+0000: [ParNew: 41437K->2506K(42752K), 0.0044572 secs] 116985K->78511K(164556K), 0.0045086 secs] [Times: user=0.01 sys=0.00, real=0.00 secs] 
2020-10-29T14:17:01.178+0000: [GC (Allocation Failure) 2020-10-29T14:17:01.178+0000: [ParNew: 40522K->2285K(42752K), 0.0062054 secs] 116527K->78289K(164556K), 0.0062568 secs] [Times: user=0.01 sys=0.00, real=0.01 secs] 
2020-10-29T14:17:01.368+0000: [GC (Allocation Failure) 2020-10-29T14:17:01.368+0000: [ParNew: 40301K->2240K(42752K), 0.0054393 secs] 116305K->78244K(164556K), 0.0054908 secs] [Times: user=0.01 sys=0.00, real=0.01 secs] 
2020-10-29T14:17:01.638+0000: [GC (Allocation Failure) 2020-10-29T14:17:01.638+0000: [ParNew: 40256K->3032K(42752K), 0.0048840 secs] 116260K->79223K(164556K), 0.0049357 secs] [Times: user=0.01 sys=0.00, real=0.01 secs] 
2020-10-29T14:17:01.981+0000: [GC (Allocation Failure) 2020-10-29T14:17:01.981+0000: [ParNew: 41048K->4735K(42752K), 0.0077727 secs] 117239K->81330K(164556K), 0.0078394 secs] [Times: user=0.01 sys=0.00, real=0.01 secs] 
2020-10-29T14:17:02.339+0000: [GC (Allocation Failure) 2020-10-29T14:17:02.339+0000: [ParNew: 42751K->4735K(42752K), 0.0179849 secs] 119346K->83239K(164556K), 0.0180617 secs] [Times: user=0.04 sys=0.00, real=0.02 secs] 
2020-10-29T14:17:02.624+0000: [GC (Allocation Failure) 2020-10-29T14:17:02.624+0000: [ParNew: 42751K->4735K(42752K), 0.0130809 secs] 121255K->85897K(164556K), 0.0131431 secs] [Times: user=0.03 sys=0.00, real=0.01 secs] 
2020-10-29T14:17:02.772+0000: [GC (Allocation Failure) 2020-10-29T14:17:02.772+0000: [ParNew: 42751K->2689K(42752K), 0.0064796 secs] 123913K->85081K(164556K), 0.0065400 secs] [Times: user=0.02 sys=0.00, real=0.00 secs] 
2020-10-29T14:17:02.929+0000: [GC (Allocation Failure) 2020-10-29T14:17:02.929+0000: [ParNew: 40705K->3064K(42752K), 0.0039984 secs] 123097K->85456K(164556K), 0.0040614 secs] [Times: user=0.01 sys=0.00, real=0.01 secs] 
2020-10-29T14:17:03.133+0000: [GC (Allocation Failure) 2020-10-29T14:17:03.133+0000: [ParNew: 41080K->3297K(42752K), 0.0112454 secs] 123472K->86441K(164556K), 0.0112976 secs] [Times: user=0.02 sys=0.00, real=0.01 secs] 
2020-10-29T14:17:03.144+0000: [GC (CMS Initial Mark) [1 CMS-initial-mark: 83143K(121804K)] 86441K(164556K), 0.0023071 secs] [Times: user=0.00 sys=0.00, real=0.00 secs] 
2020-10-29T14:17:03.147+0000: [CMS-concurrent-mark-start]
2020-10-29T14:17:03.202+0000: [CMS-concurrent-mark: 0.055/0.055 secs] [Times: user=0.11 sys=0.00, real=0.05 secs] 
2020-10-29T14:17:03.202+0000: [CMS-concurrent-preclean-start]
2020-10-29T14:17:03.208+0000: [CMS-concurrent-preclean: 0.006/0.006 secs] [Times: user=0.01 sys=0.00, real=0.01 secs] 
2020-10-29T14:17:03.208+0000: [CMS-concurrent-abortable-preclean-start]
2020-10-29T14:17:03.518+0000: [GC (Allocation Failure) 2020-10-29T14:17:03.518+0000: [ParNew: 41313K->3177K(42752K), 0.0041609 secs] 124457K->86321K(164556K), 0.0042405 secs] [Times: user=0.00 sys=0.01, real=0.01 secs] 
2020-10-29T14:17:03.612+0000: [CMS-concurrent-abortable-preclean: 0.178/0.405 secs] [Times: user=0.77 sys=0.01, real=0.41 secs] 
2020-10-29T14:17:03.613+0000: [GC (CMS Final Remark) [YG occupancy: 25235 K (42752 K)]2020-10-29T14:17:03.613+0000: [Rescan (parallel) , 0.0041298 secs]2020-10-29T14:17:03.617+0000: [weak refs processing, 0.0000609 secs]2020-10-29T14:17:03.617+0000: [class unloading, 0.0060069 secs]2020-10-29T14:17:03.623+0000: [scrub symbol table, 0.0072275 secs]2020-10-29T14:17:03.630+0000: [scrub string table, 0.0004436 secs][1 CMS-remark: 83143K(121804K)] 108378K(164556K), 0.0180063 secs] [Times: user=0.02 sys=0.00, real=0.02 secs] 
2020-10-29T14:17:03.631+0000: [CMS-concurrent-sweep-start]
2020-10-29T14:17:03.639+0000: [CMS-concurrent-sweep: 0.008/0.008 secs] [Times: user=0.02 sys=0.00, real=0.00 secs] 
2020-10-29T14:17:03.639+0000: [CMS-concurrent-reset-start]
2020-10-29T14:17:03.641+0000: [CMS-concurrent-reset: 0.002/0.002 secs] [Times: user=0.00 sys=0.00, real=0.00 secs] 
2020-10-29T14:17:03.726+0000: [GC (Allocation Failure) 2020-10-29T14:17:03.726+0000: [ParNew: 41193K->3579K(42752K), 0.0056501 secs] 122420K->85467K(178132K), 0.0056962 secs] [Times: user=0.02 sys=0.00, real=0.01 secs] 
2020-10-29T14:17:04.072+0000: [GC (Allocation Failure) 2020-10-29T14:17:04.072+0000: [ParNew: 41595K->4717K(42752K), 0.0088521 secs] 123483K->86956K(178132K), 0.0089257 secs] [Times: user=0.02 sys=0.00, real=0.00 secs] 
2020-10-29T14:17:04.266+0000: [GC (Allocation Failure) 2020-10-29T14:17:04.266+0000: [ParNew: 42733K->3928K(42752K), 0.0136765 secs] 124972K->89624K(178132K), 0.0137404 secs] [Times: user=0.02 sys=0.00, real=0.01 secs] 
2020-10-29T14:17:04.462+0000: [GC (Allocation Failure) 2020-10-29T14:17:04.462+0000: [ParNew: 41944K->1438K(42752K), 0.0032629 secs] 127640K->87133K(178132K), 0.0033350 secs] [Times: user=0.01 sys=0.00, real=0.01 secs] 
2020-10-29T14:17:04.633+0000: [GC (Allocation Failure) 2020-10-29T14:17:04.633+0000: [ParNew: 39454K->2165K(42752K), 0.0036202 secs] 125149K->87861K(178132K), 0.0036835 secs] [Times: user=0.01 sys=0.00, real=0.00 secs] 
2020-10-29T14:17:05.128+0000: [GC (Allocation Failure) 2020-10-29T14:17:05.128+0000: [ParNew: 40181K->3455K(42752K), 0.0056685 secs] 125877K->89150K(178132K), 0.0057168 secs] [Times: user=0.01 sys=0.00, real=0.01 secs] 
2020-10-29T14:17:05.542+0000: [GC (Allocation Failure) 2020-10-29T14:17:05.542+0000: [ParNew: 41471K->2385K(42752K), 0.0118604 secs] 127166K->98098K(178132K), 0.0119163 secs] [Times: user=0.01 sys=0.01, real=0.01 secs] 
2020-10-29T14:17:05.564+0000: [GC (CMS Initial Mark) [1 CMS-initial-mark: 95712K(135380K)] 99017K(178132K), 0.0019212 secs] [Times: user=0.01 sys=0.00, real=0.00 secs] 
2020-10-29T14:17:05.566+0000: [CMS-concurrent-mark-start]
2020-10-29T14:17:05.647+0000: [CMS-concurrent-mark: 0.073/0.081 secs] [Times: user=0.15 sys=0.00, real=0.08 secs] 
2020-10-29T14:17:05.647+0000: [CMS-concurrent-preclean-start]
2020-10-29T14:17:05.648+0000: [CMS-concurrent-preclean: 0.001/0.001 secs] [Times: user=0.01 sys=0.00, real=0.00 secs] 
2020-10-29T14:17:05.654+0000: [GC (CMS Final Remark) [YG occupancy: 4824 K (42752 K)]2020-10-29T14:17:05.654+0000: [Rescan (parallel) , 0.0023103 secs]2020-10-29T14:17:05.657+0000: [weak refs processing, 0.0000484 secs]2020-10-29T14:17:05.657+0000: [class unloading, 0.0085951 secs]2020-10-29T14:17:05.665+0000: [scrub symbol table, 0.0090288 secs]2020-10-29T14:17:05.674+0000: [scrub string table, 0.0005436 secs][1 CMS-remark: 95712K(135380K)] 100537K(178132K), 0.0206608 secs] [Times: user=0.03 sys=0.00, real=0.02 secs] 
2020-10-29T14:17:05.675+0000: [CMS-concurrent-sweep-start]
2020-10-29T14:17:05.686+0000: [CMS-concurrent-sweep: 0.011/0.011 secs] [Times: user=0.02 sys=0.00, real=0.01 secs] 
2020-10-29T14:17:05.686+0000: [CMS-concurrent-reset-start]
2020-10-29T14:17:05.696+0000: [CMS-concurrent-reset: 0.010/0.010 secs] [Times: user=0.02 sys=0.00, real=0.01 secs] 
2020-10-29T14:17:06.071+0000: [GC (Allocation Failure) 2020-10-29T14:17:06.071+0000: [ParNew: 40401K->803K(42752K), 0.0047195 secs] 135950K->96351K(202000K), 0.0047739 secs] [Times: user=0.01 sys=0.00, real=0.00 secs] 
2020-10-29T14:17:06.290+0000: [GC (Allocation Failure) 2020-10-29T14:17:06.290+0000: [ParNew: 38819K->1064K(42752K), 0.0042359 secs] 134367K->96612K(202000K), 0.0043129 secs] [Times: user=0.01 sys=0.00, real=0.01 secs] 
2020-10-29T14:17:06.457+0000: [GC (Allocation Failure) 2020-10-29T14:17:06.457+0000: [ParNew: 39080K->1032K(42752K), 0.0023385 secs] 134628K->96581K(202000K), 0.0024117 secs] [Times: user=0.01 sys=0.00, real=0.00 secs] 
2020-10-29T14:17:06.546+0000: [GC (Allocation Failure) 2020-10-29T14:17:06.546+0000: [ParNew: 39048K->1564K(42752K), 0.0024432 secs] 134597K->97112K(202000K), 0.0024955 secs] [Times: user=0.01 sys=0.00, real=0.00 secs] 
2020-10-29T14:17:06.616+0000: [GC (Allocation Failure) 2020-10-29T14:17:06.616+0000: [ParNew: 39580K->1474K(42752K), 0.0023809 secs] 135128K->97022K(202000K), 0.0024512 secs] [Times: user=0.01 sys=0.00, real=0.00 secs] 
2020-10-29T14:17:06.697+0000: [GC (Allocation Failure) 2020-10-29T14:17:06.697+0000: [ParNew: 39490K->1315K(42752K), 0.0028080 secs] 135038K->97256K(202000K), 0.0028619 secs] [Times: user=0.01 sys=0.00, real=0.00 secs] 
2020-10-29T14:17:06.743+0000: [GC (Allocation Failure) 2020-10-29T14:17:06.743+0000: [ParNew: 39331K->2124K(42752K), 0.0020346 secs] 135272K->98071K(202000K), 0.0020868 secs] [Times: user=0.00 sys=0.00, real=0.00 secs] 
2020-10-29T14:17:06.796+0000: [GC (Allocation Failure) 2020-10-29T14:17:06.796+0000: [ParNew: 40140K->4119K(42752K), 0.0021074 secs] 136087K->100071K(202000K), 0.0021618 secs] [Times: user=0.01 sys=0.00, real=0.00 secs] 
2020-10-29T14:17:06.867+0000: [GC (Allocation Failure) 2020-10-29T14:17:06.867+0000: [ParNew: 42135K->9K(42752K), 0.0027972 secs] 138087K->98020K(202000K), 0.0028693 secs] [Times: user=0.01 sys=0.00, real=0.00 secs] 
2020-10-29T14:17:06.930+0000: [GC (Allocation Failure) 2020-10-29T14:17:06.930+0000: [ParNew: 32733K->4K(42752K), 0.0015209 secs] 130743K->98014K(202000K), 0.0015733 secs] [Times: user=0.00 sys=0.00, real=0.00 secs] 
2020-10-29T14:17:06.975+0000: [GC (Allocation Failure) 2020-10-29T14:17:06.975+0000: [ParNew: 38020K->4K(42752K), 0.0069872 secs] 136030K->106206K(202000K), 0.0070598 secs] [Times: user=0.01 sys=0.01, real=0.00 secs] 
2020-10-29T14:17:07.032+0000: [GC (Allocation Failure) 2020-10-29T14:17:07.032+0000: [ParNew: 35549K->4K(42752K), 0.0014721 secs] 141751K->106206K(202000K), 0.0015253 secs] [Times: user=0.00 sys=0.00, real=0.00 secs] 
2020-10-29T14:17:07.070+0000: [GC (Allocation Failure) 2020-10-29T14:17:07.070+0000: [ParNew: 38020K->4100K(42752K), 0.0041448 secs] 144222K->114398K(202000K), 0.0042018 secs] [Times: user=0.01 sys=0.00, real=0.01 secs] 
2020-10-29T14:17:07.113+0000: [GC (Allocation Failure) 2020-10-29T14:17:07.113+0000: [ParNew: 42116K->4K(42752K), 0.0015256 secs] 152414K->110302K(202000K), 0.0015777 secs] [Times: user=0.00 sys=0.00, real=0.00 secs] 
2020-10-29T14:17:07.154+0000: [GC (Allocation Failure) 2020-10-29T14:17:07.154+0000: [ParNew: 38020K->4K(42752K), 0.0015014 secs] 148318K->110302K(202000K), 0.0015690 secs] [Times: user=0.00 sys=0.00, real=0.00 secs] 
2020-10-29T14:17:07.203+0000: [GC (Allocation Failure) 2020-10-29T14:17:07.203+0000: [ParNew: 38020K->4K(42752K), 0.0014845 secs] 148318K->110302K(202000K), 0.0015372 secs] [Times: user=0.00 sys=0.00, real=0.00 secs] 
2020-10-29T14:17:07.244+0000: [GC (Allocation Failure) 2020-10-29T14:17:07.244+0000: [ParNew: 38020K->4K(42752K), 0.0015448 secs] 148318K->110302K(202000K), 0.0015962 secs] [Times: user=0.01 sys=0.00, real=0.00 secs] 
2020-10-29T14:17:07.287+0000: [GC (Allocation Failure) 2020-10-29T14:17:07.287+0000: [ParNew: 38020K->6K(42752K), 0.0014827 secs] 148318K->110304K(202000K), 0.0015514 secs] [Times: user=0.01 sys=0.00, real=0.00 secs] 
2020-10-29T14:17:07.322+0000: [GC (Allocation Failure) 2020-10-29T14:17:07.323+0000: [ParNew: 38022K->4K(42752K), 0.0072006 secs] 148320K->118494K(202000K), 0.0072526 secs] [Times: user=0.02 sys=0.00, real=0.00 secs] 
2020-10-29T14:17:07.333+0000: [GC (CMS Initial Mark) [1 CMS-initial-mark: 118490K(159248K)] 119254K(202000K), 0.0011505 secs] [Times: user=0.00 sys=0.00, real=0.00 secs] 
2020-10-29T14:17:07.334+0000: [CMS-concurrent-mark-start]
2020-10-29T14:17:07.379+0000: [CMS-concurrent-mark: 0.046/0.046 secs] [Times: user=0.09 sys=0.00, real=0.04 secs] 
2020-10-29T14:17:07.380+0000: [CMS-concurrent-preclean-start]
2020-10-29T14:17:07.381+0000: [CMS-concurrent-preclean: 0.001/0.001 secs] [Times: user=0.00 sys=0.00, real=0.00 secs] 
2020-10-29T14:17:07.381+0000: [CMS-concurrent-abortable-preclean-start]
2020-10-29T14:17:07.392+0000: [GC (Allocation Failure) 2020-10-29T14:17:07.392+0000: [ParNew: 38020K->6K(42752K), 0.0011664 secs] 156510K->118496K(202000K), 0.0012060 secs] [Times: user=0.00 sys=0.00, real=0.00 secs] 
2020-10-29T14:17:07.435+0000: [GC (Allocation Failure) 2020-10-29T14:17:07.435+0000: [ParNew: 38022K->10K(42752K), 0.0014973 secs] 156512K->118500K(202000K), 0.0015505 secs] [Times: user=0.00 sys=0.00, real=0.00 secs] 
2020-10-29T14:17:07.477+0000: [GC (Allocation Failure) 2020-10-29T14:17:07.477+0000: [ParNew: 38026K->10K(42752K), 0.0015038 secs] 156516K->118500K(202000K), 0.0015571 secs] [Times: user=0.00 sys=0.00, real=0.00 secs] 
2020-10-29T14:17:07.511+0000: [GC (Allocation Failure) 2020-10-29T14:17:07.511+0000: [ParNew: 38026K->8K(42752K), 0.0071102 secs] 156516K->126692K(202000K), 0.0071649 secs] [Times: user=0.02 sys=0.00, real=0.00 secs] 
2020-10-29T14:17:07.570+0000: [GC (Allocation Failure) 2020-10-29T14:17:07.570+0000: [ParNew: 38024K->8K(42752K), 0.0015381 secs] 164708K->126692K(202000K), 0.0015888 secs] [Times: user=0.00 sys=0.00, real=0.01 secs] 
2020-10-29T14:17:07.611+0000: [GC (Allocation Failure) 2020-10-29T14:17:07.611+0000: [ParNew: 38024K->7K(42752K), 0.0014973 secs] 164708K->126691K(202000K), 0.0015496 secs] [Times: user=0.00 sys=0.00, real=0.00 secs] 
2020-10-29T14:17:07.652+0000: [GC (Allocation Failure) 2020-10-29T14:17:07.652+0000: [ParNew: 38023K->7K(42752K), 0.0015489 secs] 164707K->126691K(202000K), 0.0016027 secs] [Times: user=0.01 sys=0.00, real=0.00 secs] 
2020-10-29T14:17:07.693+0000: [GC (Allocation Failure) 2020-10-29T14:17:07.693+0000: [ParNew: 38023K->5K(42752K), 0.0015355 secs] 164707K->126693K(202000K), 0.0015871 secs] [Times: user=0.00 sys=0.00, real=0.00 secs] 
2020-10-29T14:17:07.728+0000: [GC (Allocation Failure) 2020-10-29T14:17:07.728+0000: [ParNew: 38021K->4K(42752K), 0.0071029 secs] 164709K->134884K(202000K), 0.0071578 secs] [Times: user=0.01 sys=0.00, real=0.01 secs] 
2020-10-29T14:17:07.773+0000: [GC (Allocation Failure) 2020-10-29T14:17:07.774+0000: [ParNew: 38020K->4K(42752K), 0.0015794 secs] 172900K->134884K(202000K), 0.0016319 secs] [Times: user=0.00 sys=0.00, real=0.00 secs] 
2020-10-29T14:17:07.814+0000: [GC (Allocation Failure) 2020-10-29T14:17:07.814+0000: [ParNew: 38020K->4K(42752K), 0.0015121 secs] 172900K->134884K(202000K), 0.0015642 secs] [Times: user=0.00 sys=0.00, real=0.00 secs] 
2020-10-29T14:17:07.867+0000: [GC (Allocation Failure) 2020-10-29T14:17:07.867+0000: [ParNew: 38020K->2K(42752K), 0.0029509 secs] 172900K->134882K(202000K), 0.0030042 secs] [Times: user=0.01 sys=0.00, real=0.01 secs] 
2020-10-29T14:17:07.913+0000: [GC (Allocation Failure) 2020-10-29T14:17:07.913+0000: [ParNew: 38018K->4K(42752K), 0.0015294 secs] 172898K->134884K(202000K), 0.0015815 secs] [Times: user=0.00 sys=0.00, real=0.00 secs] 
2020-10-29T14:17:07.954+0000: [GC (Allocation Failure) 2020-10-29T14:17:07.954+0000: [ParNew: 38020K->4K(42752K), 0.0015063 secs] 172900K->134884K(202000K), 0.0015579 secs] [Times: user=0.00 sys=0.00, real=0.00 secs] 
2020-10-29T14:17:07.996+0000: [GC (Allocation Failure) 2020-10-29T14:17:07.996+0000: [ParNew: 38020K->4K(42752K), 0.0015543 secs] 172900K->134884K(202000K), 0.0016070 secs] [Times: user=0.00 sys=0.00, real=0.00 secs] 
2020-10-29T14:17:08.036+0000: [GC (Allocation Failure) 2020-10-29T14:17:08.037+0000: [ParNew: 38020K->4K(42752K), 0.0015091 secs] 172900K->134884K(202000K), 0.0015610 secs] [Times: user=0.01 sys=0.00, real=0.00 secs] 
2020-10-29T14:17:08.077+0000: [GC (Allocation Failure) 2020-10-29T14:17:08.077+0000: [ParNew: 38020K->4K(42752K), 0.0015043 secs] 172900K->134884K(202000K), 0.0016039 secs] [Times: user=0.00 sys=0.00, real=0.00 secs] 
2020-10-29T14:17:08.114+0000: [GC (Allocation Failure) 2020-10-29T14:17:08.114+0000: [ParNew: 38020K->4K(42752K), 0.0071462 secs] 172900K->143076K(202000K), 0.0072008 secs] [Times: user=0.01 sys=0.00, real=0.00 secs] 
2020-10-29T14:17:08.161+0000: [GC (Allocation Failure) 2020-10-29T14:17:08.161+0000: [ParNew: 38020K->4K(42752K), 0.0015364 secs] 181092K->143076K(202000K), 0.0015891 secs] [Times: user=0.01 sys=0.00, real=0.01 secs] 
2020-10-29T14:17:08.201+0000: [GC (Allocation Failure) 2020-10-29T14:17:08.201+0000: [ParNew: 38020K->4K(42752K), 0.0015466 secs] 181092K->143076K(202000K), 0.0015991 secs] [Times: user=0.00 sys=0.00, real=0.01 secs] 
2020-10-29T14:17:08.241+0000: [GC (Allocation Failure) 2020-10-29T14:17:08.241+0000: [ParNew: 38020K->4K(42752K), 0.0015664 secs] 181092K->143076K(202000K), 0.0016185 secs] [Times: user=0.00 sys=0.00, real=0.01 secs] 
2020-10-29T14:17:08.288+0000: [GC (Allocation Failure) 2020-10-29T14:17:08.288+0000: [ParNew: 38020K->8K(42752K), 0.0014708 secs] 181092K->143080K(202000K), 0.0015229 secs] [Times: user=0.01 sys=0.00, real=0.00 secs] 
2020-10-29T14:17:08.328+0000: [GC (Allocation Failure) 2020-10-29T14:17:08.328+0000: [ParNew: 38024K->8K(42752K), 0.0014866 secs] 181096K->143081K(202000K), 0.0015501 secs] [Times: user=0.00 sys=0.00, real=0.00 secs] 
2020-10-29T14:17:08.368+0000: [GC (Allocation Failure) 2020-10-29T14:17:08.368+0000: [ParNew: 38024K->10K(42752K), 0.0015106 secs] 181097K->143083K(202000K), 0.0015629 secs] [Times: user=0.00 sys=0.00, real=0.00 secs] 
2020-10-29T14:17:08.409+0000: [GC (Allocation Failure) 2020-10-29T14:17:08.409+0000: [ParNew: 38026K->8K(42752K), 0.0015582 secs] 181099K->143080K(202000K), 0.0016110 secs] [Times: user=0.01 sys=0.00, real=0.01 secs] 
2020-10-29T14:17:08.436+0000: [GC (Allocation Failure) 2020-10-29T14:17:08.436+0000: [ParNew: 38024K->7K(42752K), 0.0127821 secs] 181096K->159463K(218388K), 0.0128362 secs] [Times: user=0.01 sys=0.01, real=0.01 secs] 
2020-10-29T14:17:08.489+0000: [GC (Allocation Failure) 2020-10-29T14:17:08.489+0000: [ParNew: 38023K->10K(42752K), 0.0016443 secs] 197479K->159467K(218388K), 0.0016961 secs] [Times: user=0.00 sys=0.00, real=0.01 secs] 
2020-10-29T14:17:08.530+0000: [GC (Allocation Failure) 2020-10-29T14:17:08.530+0000: [ParNew: 38026K->4K(42752K), 0.0015766 secs] 197483K->159465K(218388K), 0.0016290 secs] [Times: user=0.01 sys=0.00, real=0.01 secs] 
2020-10-29T14:17:08.570+0000: [GC (Allocation Failure) 2020-10-29T14:17:08.570+0000: [ParNew: 38020K->4K(42752K), 0.0015903 secs] 197481K->159465K(218388K), 0.0016531 secs] [Times: user=0.00 sys=0.00, real=0.01 secs] 
2020-10-29T14:17:08.610+0000: [GC (Allocation Failure) 2020-10-29T14:17:08.610+0000: [ParNew: 38020K->4K(42752K), 0.0015697 secs] 197481K->159465K(218388K), 0.0016219 secs] [Times: user=0.00 sys=0.00, real=0.01 secs] 
2020-10-29T14:17:08.650+0000: [GC (Allocation Failure) 2020-10-29T14:17:08.650+0000: [ParNew: 38020K->4K(42752K), 0.0015222 secs] 197481K->159465K(218388K), 0.0015754 secs] [Times: user=0.00 sys=0.00, real=0.01 secs] 
2020-10-29T14:17:08.690+0000: [GC (Allocation Failure) 2020-10-29T14:17:08.690+0000: [ParNew: 38020K->4K(42752K), 0.0016086 secs] 197481K->159465K(218388K), 0.0016607 secs] [Times: user=0.00 sys=0.00, real=0.01 secs] 
2020-10-29T14:17:08.730+0000: [GC (Allocation Failure) 2020-10-29T14:17:08.730+0000: [ParNew: 38020K->4K(42752K), 0.0015899 secs] 197481K->159465K(218388K), 0.0016422 secs] [Times: user=0.00 sys=0.00, real=0.01 secs] 
2020-10-29T14:17:08.770+0000: [GC (Allocation Failure) 2020-10-29T14:17:08.770+0000: [ParNew: 38020K->4K(42752K), 0.0015212 secs] 197481K->159465K(218388K), 0.0015736 secs] [Times: user=0.01 sys=0.00, real=0.01 secs] 
2020-10-29T14:17:08.809+0000: [GC (Allocation Failure) 2020-10-29T14:17:08.810+0000: [ParNew: 38020K->4K(42752K), 0.0015239 secs] 197481K->159465K(218388K), 0.0016048 secs] [Times: user=0.01 sys=0.00, real=0.01 secs] 
2020-10-29T14:17:08.850+0000: [GC (Allocation Failure) 2020-10-29T14:17:08.850+0000: [ParNew: 38020K->4K(42752K), 0.0013831 secs] 197481K->159465K(218388K), 0.0014337 secs] [Times: user=0.00 sys=0.00, real=0.00 secs] 
2020-10-29T14:17:08.852+0000: [CMS-concurrent-abortable-preclean: 0.029/1.471 secs] [Times: user=1.62 sys=0.05, real=1.48 secs] 
2020-10-29T14:17:08.854+0000: [GC (CMS Final Remark) [YG occupancy: 761 K (42752 K)]2020-10-29T14:17:08.854+0000: [Rescan (parallel) , 0.0008121 secs]2020-10-29T14:17:08.855+0000: [weak refs processing, 0.0000300 secs]2020-10-29T14:17:08.855+0000: [class unloading, 0.0074368 secs]2020-10-29T14:17:08.863+0000: [scrub symbol table, 0.0090071 secs]2020-10-29T14:17:08.872+0000: [scrub string table, 0.0005260 secs][1 CMS-remark: 159461K(175636K)] 160223K(218388K), 0.0179069 secs] [Times: user=0.02 sys=0.00, real=0.02 secs] 
2020-10-29T14:17:08.872+0000: [CMS-concurrent-sweep-start]
2020-10-29T14:17:08.883+0000: [CMS-concurrent-sweep: 0.011/0.011 secs] [Times: user=0.02 sys=0.00, real=0.01 secs] 
2020-10-29T14:17:08.883+0000: [CMS-concurrent-reset-start]
2020-10-29T14:17:08.885+0000: [CMS-concurrent-reset: 0.002/0.002 secs] [Times: user=0.00 sys=0.00, real=0.00 secs] 
2020-10-29T14:17:08.910+0000: [GC (Allocation Failure) 2020-10-29T14:17:08.910+0000: [ParNew: 38020K->4K(42752K), 0.0071699 secs] 195365K->165541K(304996K), 0.0072217 secs] [Times: user=0.01 sys=0.00, real=0.01 secs] 
2020-10-29T14:17:08.918+0000: [GC (CMS Initial Mark) [1 CMS-initial-mark: 165537K(262244K)] 166300K(304996K), 0.0011178 secs] [Times: user=0.00 sys=0.00, real=0.00 secs] 
2020-10-29T14:17:08.919+0000: [CMS-concurrent-mark-start]
2020-10-29T14:17:08.962+0000: [CMS-concurrent-mark: 0.043/0.043 secs] [Times: user=0.08 sys=0.00, real=0.04 secs] 
2020-10-29T14:17:08.962+0000: [CMS-concurrent-preclean-start]
2020-10-29T14:17:08.964+0000: [CMS-concurrent-preclean: 0.002/0.002 secs] [Times: user=0.01 sys=0.00, real=0.01 secs] 
2020-10-29T14:17:08.964+0000: [CMS-concurrent-abortable-preclean-start]
2020-10-29T14:17:08.977+0000: [GC (Allocation Failure) 2020-10-29T14:17:08.977+0000: [ParNew: 38020K->4K(42752K), 0.0014003 secs] 203557K->165541K(304996K), 0.0014405 secs] [Times: user=0.00 sys=0.00, real=0.00 secs] 
2020-10-29T14:17:09.019+0000: [GC (Allocation Failure) 2020-10-29T14:17:09.019+0000: [ParNew: 38020K->4K(42752K), 0.0016869 secs] 203557K->165541K(304996K), 0.0017394 secs] [Times: user=0.00 sys=0.00, real=0.00 secs] 
2020-10-29T14:17:09.059+0000: [GC (Allocation Failure) 2020-10-29T14:17:09.060+0000: [ParNew: 38020K->4K(42752K), 0.0017126 secs] 203557K->165541K(304996K), 0.0017646 secs] [Times: user=0.00 sys=0.00, real=0.00 secs] 
2020-10-29T14:17:09.101+0000: [GC (Allocation Failure) 2020-10-29T14:17:09.101+0000: [ParNew: 38020K->4K(42752K), 0.0016856 secs] 203557K->165541K(304996K), 0.0017496 secs] [Times: user=0.01 sys=0.00, real=0.01 secs] 
2020-10-29T14:17:09.148+0000: [GC (Allocation Failure) 2020-10-29T14:17:09.149+0000: [ParNew: 38020K->6K(42752K), 0.0016707 secs] 203557K->165543K(304996K), 0.0017226 secs] [Times: user=0.00 sys=0.01, real=0.01 secs] 
2020-10-29T14:17:09.189+0000: [GC (Allocation Failure) 2020-10-29T14:17:09.189+0000: [ParNew: 38022K->6K(42752K), 0.0017412 secs] 203559K->165543K(304996K), 0.0017934 secs] [Times: user=0.00 sys=0.00, real=0.01 secs] 
2020-10-29T14:17:09.241+0000: [GC (Allocation Failure) 2020-10-29T14:17:09.241+0000: [ParNew: 38022K->4K(42752K), 0.0017316 secs] 203559K->165541K(304996K), 0.0017839 secs] [Times: user=0.00 sys=0.00, real=0.01 secs] 
2020-10-29T14:17:09.283+0000: [GC (Allocation Failure) 2020-10-29T14:17:09.283+0000: [ParNew: 38020K->6K(42752K), 0.0016730 secs] 203557K->165543K(304996K), 0.0017263 secs] [Times: user=0.01 sys=0.00, real=0.00 secs] 
2020-10-29T14:17:09.323+0000: [GC (Allocation Failure) 2020-10-29T14:17:09.323+0000: [ParNew: 38022K->4K(42752K), 0.0016820 secs] 203559K->165541K(304996K), 0.0017339 secs] [Times: user=0.00 sys=0.00, real=0.00 secs] 
2020-10-29T14:17:09.528+0000: [CMS-concurrent-abortable-preclean: 0.010/0.564 secs] [Times: user=0.78 sys=0.03, real=0.56 secs] 
2020-10-29T14:17:09.529+0000: [GC (CMS Final Remark) [YG occupancy: 38020 K (42752 K)]2020-10-29T14:17:09.529+0000: [Rescan (parallel) , 0.0194847 secs]2020-10-29T14:17:09.548+0000: [weak refs processing, 0.0000368 secs]2020-10-29T14:17:09.548+0000: [class unloading, 0.0074902 secs]2020-10-29T14:17:09.556+0000: [scrub symbol table, 0.0089898 secs]2020-10-29T14:17:09.565+0000: [scrub string table, 0.0005468 secs][1 CMS-remark: 165537K(262244K)] 203557K(304996K), 0.0366720 secs] [Times: user=0.06 sys=0.00, real=0.04 secs] 
2020-10-29T14:17:09.574+0000: [CMS-concurrent-sweep-start]
2020-10-29T14:17:09.574+0000: [GC (Allocation Failure) 2020-10-29T14:17:09.574+0000: [ParNew: 38020K->44K(42752K), 0.0083040 secs] 203557K->173774K(304996K), 0.0083439 secs] [Times: user=0.01 sys=0.00, real=0.00 secs] 
2020-10-29T14:17:09.598+0000: [CMS-concurrent-sweep: 0.016/0.024 secs] [Times: user=0.04 sys=0.00, real=0.02 secs] 
2020-10-29T14:17:09.598+0000: [CMS-concurrent-reset-start]
2020-10-29T14:17:09.600+0000: [CMS-concurrent-reset: 0.002/0.002 secs] [Times: user=0.00 sys=0.00, real=0.00 secs] 
2020-10-29T14:17:10.185+0000: [GC (Allocation Failure) 2020-10-29T14:17:10.185+0000: [ParNew: 38060K->200K(42752K), 0.0019730 secs] 207660K->169801K(325420K), 0.0020375 secs] [Times: user=0.00 sys=0.00, real=0.00 secs] 
2020-10-29T14:17:10.337+0000: [GC (Allocation Failure) 2020-10-29T14:17:10.337+0000: [ParNew: 38216K->69K(42752K), 0.0024643 secs] 207817K->169670K(325420K), 0.0025204 secs] [Times: user=0.01 sys=0.00, real=0.00 secs] 
2020-10-29T14:17:10.438+0000: [GC (Allocation Failure) 2020-10-29T14:17:10.438+0000: [ParNew: 38085K->46K(42752K), 0.0039038 secs] 207686K->169648K(325420K), 0.0039595 secs] [Times: user=0.01 sys=0.00, real=0.00 secs] 
2020-10-29T14:17:10.515+0000: [GC (Allocation Failure) 2020-10-29T14:17:10.515+0000: [ParNew: 38062K->84K(42752K), 0.0018929 secs] 207664K->169685K(325420K), 0.0019487 secs] [Times: user=0.00 sys=0.00, real=0.00 secs] 
2020-10-29T14:17:10.562+0000: [GC (Allocation Failure) 2020-10-29T14:17:10.562+0000: [ParNew: 38100K->55K(42752K), 0.0018944 secs] 207701K->169656K(325420K), 0.0019489 secs] [Times: user=0.00 sys=0.00, real=0.01 secs] 
2020-10-29T14:17:10.608+0000: [GC (Allocation Failure) 2020-10-29T14:17:10.608+0000: [ParNew: 38071K->61K(42752K), 0.0019581 secs] 207672K->169670K(325420K), 0.0020136 secs] [Times: user=0.01 sys=0.00, real=0.01 secs] 
2020-10-29T14:17:10.655+0000: [GC (Allocation Failure) 2020-10-29T14:17:10.655+0000: [ParNew: 38077K->40K(42752K), 0.0019489 secs] 207686K->169687K(325420K), 0.0020024 secs] [Times: user=0.01 sys=0.00, real=0.00 secs] 
2020-10-29T14:17:10.701+0000: [GC (Allocation Failure) 2020-10-29T14:17:10.701+0000: [ParNew: 38056K->5K(42752K), 0.0017849 secs] 207703K->169652K(325420K), 0.0018393 secs] [Times: user=0.00 sys=0.00, real=0.01 secs] 
2020-10-29T14:17:10.747+0000: [GC (Allocation Failure) 2020-10-29T14:17:10.747+0000: [ParNew: 38021K->2K(42752K), 0.0017284 secs] 207668K->169649K(325420K), 0.0017823 secs] [Times: user=0.00 sys=0.00, real=0.00 secs] 
2020-10-29T14:17:10.794+0000: [GC (Allocation Failure) 2020-10-29T14:17:10.794+0000: [ParNew: 38018K->2K(42752K), 0.0017110 secs] 207665K->169649K(325420K), 0.0017641 secs] [Times: user=0.00 sys=0.00, real=0.00 secs] 
2020-10-29T14:17:15.593+0000: [GC (Allocation Failure) 2020-10-29T14:17:15.593+0000: [ParNew: 38018K->657K(42752K), 0.0036183 secs] 207665K->170305K(325420K), 0.0036796 secs] [Times: user=0.01 sys=0.00, real=0.00 secs] 
2020-10-29T14:17:15.930+0000: [GC (Allocation Failure) 2020-10-29T14:17:15.930+0000: [ParNew: 38673K->1725K(42752K), 0.0206289 secs] 208321K->187757K(325420K), 0.0207098 secs] [Times: user=0.03 sys=0.01, real=0.03 secs] 
2020-10-29T14:17:16.314+0000: [GC (Allocation Failure) 2020-10-29T14:17:16.314+0000: [ParNew: 39741K->3285K(42752K), 0.0052579 secs] 225773K->189316K(325420K), 0.0053167 secs] [Times: user=0.01 sys=0.00, real=0.00 secs] 
2020-10-29T14:17:16.437+0000: [GC (Allocation Failure) 2020-10-29T14:17:16.437+0000: [ParNew: 41301K->3972K(42752K), 0.0169666 secs] 227332K->190316K(325420K), 0.0170289 secs] [Times: user=0.03 sys=0.00, real=0.02 secs] 
2020-10-29T14:17:16.562+0000: [GC (Allocation Failure) 2020-10-29T14:17:16.562+0000: [ParNew: 41988K->3355K(42752K), 0.0073012 secs] 228332K->189699K(325420K), 0.0073742 secs] [Times: user=0.01 sys=0.00, real=0.01 secs] 
2020-10-29T14:17:16.644+0000: [GC (Allocation Failure) 2020-10-29T14:17:16.644+0000: [ParNew: 41371K->3594K(42752K), 0.0041614 secs] 227715K->190365K(325420K), 0.0042179 secs] [Times: user=0.01 sys=0.00, real=0.00 secs] 
2020-10-29T14:17:16.721+0000: [GC (Allocation Failure) 2020-10-29T14:17:16.721+0000: [ParNew: 41610K->3606K(42752K), 0.0031350 secs] 228381K->190377K(325420K), 0.0032105 secs] [Times: user=0.01 sys=0.00, real=0.01 secs] 
2020-10-29T14:17:16.782+0000: [GC (Allocation Failure) 2020-10-29T14:17:16.782+0000: [ParNew: 41622K->2177K(42752K), 0.0042485 secs] 228393K->190267K(325420K), 0.0043049 secs] [Times: user=0.01 sys=0.00, real=0.00 secs] 
2020-10-29T14:17:16.838+0000: [GC (Allocation Failure) 2020-10-29T14:17:16.838+0000: [ParNew: 40193K->2208K(42752K), 0.0020219 secs] 228283K->190298K(325420K), 0.0020798 secs] [Times: user=0.01 sys=0.00, real=0.00 secs] 
2020-10-29T14:17:16.887+0000: [GC (Allocation Failure) 2020-10-29T14:17:16.887+0000: [ParNew: 40224K->2089K(42752K), 0.0023844 secs] 228314K->190179K(325420K), 0.0024450 secs] [Times: user=0.00 sys=0.00, real=0.00 secs] 
2020-10-29T14:17:16.938+0000: [GC (Allocation Failure) 2020-10-29T14:17:16.938+0000: [ParNew: 40105K->3083K(42752K), 0.0022369 secs] 228195K->191173K(325420K), 0.0022960 secs] [Times: user=0.00 sys=0.00, real=0.00 secs] 
2020-10-29T14:17:16.994+0000: [GC (Allocation Failure) 2020-10-29T14:17:16.994+0000: [ParNew: 41099K->2053K(42752K), 0.0054279 secs] 229189K->191171K(325420K), 0.0054840 secs] [Times: user=0.02 sys=0.00, real=0.00 secs] 
2020-10-29T14:17:17.054+0000: [GC (Allocation Failure) 2020-10-29T14:17:17.054+0000: [ParNew: 40069K->2052K(42752K), 0.0039010 secs] 229187K->191169K(325420K), 0.0039700 secs] [Times: user=0.01 sys=0.00, real=0.00 secs] 
2020-10-29T14:17:17.114+0000: [GC (Allocation Failure) 2020-10-29T14:17:17.114+0000: [ParNew: 40068K->4100K(42752K), 0.0021890 secs] 229185K->193217K(325420K), 0.0022451 secs] [Times: user=0.01 sys=0.00, real=0.00 secs] 
2020-10-29T14:17:17.154+0000: [GC (Allocation Failure) 2020-10-29T14:17:17.154+0000: [ParNew: 42116K->2052K(42752K), 0.0023465 secs] 231233K->193218K(325420K), 0.0024048 secs] [Times: user=0.01 sys=0.00, real=0.00 secs] 
2020-10-29T14:17:17.193+0000: [GC (Allocation Failure) 2020-10-29T14:17:17.193+0000: [ParNew: 40068K->4100K(42752K), 0.0023049 secs] 231234K->195266K(325420K), 0.0023616 secs] [Times: user=0.00 sys=0.00, real=0.00 secs] 
2020-10-29T14:17:17.230+0000: [GC (Allocation Failure) 2020-10-29T14:17:17.230+0000: [ParNew: 42116K->4K(42752K), 0.0029168 secs] 233282K->193218K(325420K), 0.0029721 secs] [Times: user=0.01 sys=0.00, real=0.00 secs] 
2020-10-29T14:17:17.289+0000: [GC (Allocation Failure) 2020-10-29T14:17:17.289+0000: [ParNew: 38020K->4K(42752K), 0.0017665 secs] 231234K->193218K(325420K), 0.0018244 secs] [Times: user=0.01 sys=0.00, real=0.01 secs] 
2020-10-29T14:17:17.321+0000: [GC (Allocation Failure) 2020-10-29T14:17:17.321+0000: [ParNew: 38020K->4100K(42752K), 0.0043916 secs] 231234K->201410K(325420K), 0.0044484 secs] [Times: user=0.01 sys=0.00, real=0.01 secs] 
2020-10-29T14:17:17.358+0000: [GC (Allocation Failure) 2020-10-29T14:17:17.358+0000: [ParNew: 42116K->4K(42752K), 0.0017660 secs] 239426K->197315K(325420K), 0.0018200 secs] [Times: user=0.00 sys=0.00, real=0.00 secs] 
2020-10-29T14:17:17.397+0000: [GC (Allocation Failure) 2020-10-29T14:17:17.397+0000: [ParNew: 38020K->4K(42752K), 0.0017374 secs] 235331K->197315K(325420K), 0.0017935 secs] [Times: user=0.01 sys=0.00, real=0.00 secs] 
2020-10-29T14:17:17.434+0000: [GC (Allocation Failure) 2020-10-29T14:17:17.434+0000: [ParNew: 38020K->4K(42752K), 0.0016918 secs] 235331K->197315K(325420K), 0.0017482 secs] [Times: user=0.00 sys=0.00, real=0.00 secs] 
2020-10-29T14:17:17.470+0000: [GC (Allocation Failure) 2020-10-29T14:17:17.470+0000: [ParNew: 38020K->4K(42752K), 0.0017389 secs] 235331K->197315K(325420K), 0.0017954 secs] [Times: user=0.01 sys=0.00, real=0.01 secs] 
2020-10-29T14:17:17.506+0000: [GC (Allocation Failure) 2020-10-29T14:17:17.506+0000: [ParNew: 38020K->4K(42752K), 0.0016956 secs] 235331K->197315K(325420K), 0.0017497 secs] [Times: user=0.00 sys=0.00, real=0.00 secs] 
2020-10-29T14:17:17.542+0000: [GC (Allocation Failure) 2020-10-29T14:17:17.542+0000: [ParNew: 38020K->4K(42752K), 0.0017095 secs] 235331K->197315K(325420K), 0.0017634 secs] [Times: user=0.00 sys=0.00, real=0.00 secs] 
2020-10-29T14:17:17.578+0000: [GC (Allocation Failure) 2020-10-29T14:17:17.578+0000: [ParNew: 38020K->2K(42752K), 0.0036458 secs] 235331K->197313K(325420K), 0.0037126 secs] [Times: user=0.00 sys=0.00, real=0.00 secs] 
2020-10-29T14:17:17.614+0000: [GC (Allocation Failure) 2020-10-29T14:17:17.614+0000: [ParNew: 38018K->4100K(42752K), 0.0043165 secs] 235329K->205507K(325420K), 0.0043726 secs] [Times: user=0.01 sys=0.01, real=0.00 secs] 
2020-10-29T14:17:17.619+0000: [GC (CMS Initial Mark) [1 CMS-initial-mark: 201407K(282668K)] 205897K(325420K), 0.0013403 secs] [Times: user=0.00 sys=0.00, real=0.00 secs] 
2020-10-29T14:17:17.620+0000: [CMS-concurrent-mark-start]
2020-10-29T14:17:17.668+0000: [GC (Allocation Failure) 2020-10-29T14:17:17.669+0000: [ParNew: 42116K->4K(42752K), 0.0016859 secs] 243523K->201411K(325420K), 0.0017412 secs] [Times: user=0.01 sys=0.00, real=0.01 secs] 
2020-10-29T14:17:17.698+0000: [CMS-concurrent-mark: 0.076/0.078 secs] [Times: user=0.15 sys=0.00, real=0.08 secs] 
2020-10-29T14:17:17.698+0000: [CMS-concurrent-preclean-start]
2020-10-29T14:17:17.700+0000: [CMS-concurrent-preclean: 0.002/0.002 secs] [Times: user=0.00 sys=0.00, real=0.00 secs] 
2020-10-29T14:17:17.700+0000: [CMS-concurrent-abortable-preclean-start]
2020-10-29T14:17:17.714+0000: [GC (Allocation Failure) 2020-10-29T14:17:17.714+0000: [ParNew: 38020K->4K(42752K), 0.0016378 secs] 239427K->201411K(325420K), 0.0017072 secs] [Times: user=0.00 sys=0.00, real=0.00 secs] 
2020-10-29T14:17:17.758+0000: [GC (Allocation Failure) 2020-10-29T14:17:17.758+0000: [ParNew: 38020K->4K(42752K), 0.0016998 secs] 239427K->201411K(325420K), 0.0017753 secs] [Times: user=0.00 sys=0.00, real=0.00 secs] 
2020-10-29T14:17:17.801+0000: [GC (Allocation Failure) 2020-10-29T14:17:17.801+0000: [ParNew: 38020K->4K(42752K), 0.0017767 secs] 239427K->201411K(325420K), 0.0018332 secs] [Times: user=0.00 sys=0.00, real=0.01 secs] 
2020-10-29T14:17:17.838+0000: [GC (Allocation Failure) 2020-10-29T14:17:17.838+0000: [ParNew: 38020K->4K(42752K), 0.0017089 secs] 239427K->201411K(325420K), 0.0017639 secs] [Times: user=0.00 sys=0.00, real=0.00 secs] 
2020-10-29T14:17:17.878+0000: [GC (Allocation Failure) 2020-10-29T14:17:17.878+0000: [ParNew: 38020K->4K(42752K), 0.0016998 secs] 239427K->201411K(325420K), 0.0017558 secs] [Times: user=0.00 sys=0.00, real=0.00 secs] 
2020-10-29T14:17:17.918+0000: [GC (Allocation Failure) 2020-10-29T14:17:17.918+0000: [ParNew: 38020K->4K(42752K), 0.0017166 secs] 239427K->201411K(325420K), 0.0017726 secs] [Times: user=0.01 sys=0.00, real=0.00 secs] 
2020-10-29T14:17:17.953+0000: [GC (Allocation Failure) 2020-10-29T14:17:17.953+0000: [ParNew: 38020K->4K(42752K), 0.0018481 secs] 239427K->201411K(325420K), 0.0019041 secs] [Times: user=0.01 sys=0.00, real=0.00 secs] 
2020-10-29T14:17:17.990+0000: [GC (Allocation Failure) 2020-10-29T14:17:17.990+0000: [ParNew: 38020K->4K(42752K), 0.0017052 secs] 239427K->201411K(325420K), 0.0017667 secs] [Times: user=0.01 sys=0.00, real=0.00 secs] 
2020-10-29T14:17:18.025+0000: [GC (Allocation Failure) 2020-10-29T14:17:18.025+0000: [ParNew: 38020K->4K(42752K), 0.0017209 secs] 239427K->201411K(325420K), 0.0017742 secs] [Times: user=0.01 sys=0.00, real=0.00 secs] 
2020-10-29T14:17:18.062+0000: [GC (Allocation Failure) 2020-10-29T14:17:18.062+0000: [ParNew: 38020K->4K(42752K), 0.0017035 secs] 239427K->201411K(325420K), 0.0017572 secs] [Times: user=0.00 sys=0.00, real=0.00 secs] 
2020-10-29T14:17:18.098+0000: [GC (Allocation Failure) 2020-10-29T14:17:18.098+0000: [ParNew: 38020K->4K(42752K), 0.0017081 secs] 239427K->201411K(325420K), 0.0017631 secs] [Times: user=0.00 sys=0.00, real=0.00 secs] 
2020-10-29T14:17:18.134+0000: [GC (Allocation Failure) 2020-10-29T14:17:18.134+0000: [ParNew: 38020K->4K(42752K), 0.0016986 secs] 239427K->201411K(325420K), 0.0017536 secs] [Times: user=0.01 sys=0.00, real=0.00 secs] 
2020-10-29T14:17:18.182+0000: [GC (Allocation Failure) 2020-10-29T14:17:18.182+0000: [ParNew: 38020K->4K(42752K), 0.0017468 secs] 239427K->201411K(325420K), 0.0018233 secs] [Times: user=0.01 sys=0.00, real=0.00 secs] 
2020-10-29T14:17:18.221+0000: [GC (Allocation Failure) 2020-10-29T14:17:18.221+0000: [ParNew: 38020K->4K(42752K), 0.0017285 secs] 239427K->201411K(325420K), 0.0017855 secs] [Times: user=0.00 sys=0.00, real=0.01 secs] 
2020-10-29T14:17:18.262+0000: [GC (Allocation Failure) 2020-10-29T14:17:18.262+0000: [ParNew: 38020K->4K(42752K), 0.0017095 secs] 239427K->201411K(325420K), 0.0017655 secs] [Times: user=0.01 sys=0.00, real=0.00 secs] 
2020-10-29T14:17:18.297+0000: [GC (Allocation Failure) 2020-10-29T14:17:18.297+0000: [ParNew: 38020K->4K(42752K), 0.0017156 secs] 239427K->201411K(325420K), 0.0017702 secs] [Times: user=0.01 sys=0.00, real=0.00 secs] 
2020-10-29T14:17:18.332+0000: [GC (Allocation Failure) 2020-10-29T14:17:18.332+0000: [ParNew: 38020K->4K(42752K), 0.0017303 secs] 239427K->201412K(325420K), 0.0017838 secs] [Times: user=0.00 sys=0.00, real=0.00 secs] 
2020-10-29T14:17:18.367+0000: [GC (Allocation Failure) 2020-10-29T14:17:18.367+0000: [ParNew: 38020K->6K(42752K), 0.0017149 secs] 239428K->201414K(325420K), 0.0017693 secs] [Times: user=0.00 sys=0.00, real=0.00 secs] 
2020-10-29T14:17:18.401+0000: [GC (Allocation Failure) 2020-10-29T14:17:18.401+0000: [ParNew: 38022K->4K(42752K), 0.0017232 secs] 239430K->201412K(325420K), 0.0017782 secs] [Times: user=0.01 sys=0.00, real=0.01 secs] 
2020-10-29T14:17:18.437+0000: [GC (Allocation Failure) 2020-10-29T14:17:18.437+0000: [ParNew: 38020K->4K(42752K), 0.0017247 secs] 239428K->201412K(325420K), 0.0017801 secs] [Times: user=0.01 sys=0.00, real=0.00 secs] 
2020-10-29T14:17:18.474+0000: [GC (Allocation Failure) 2020-10-29T14:17:18.474+0000: [ParNew: 38020K->4K(42752K), 0.0017185 secs] 239428K->201412K(325420K), 0.0017743 secs] [Times: user=0.00 sys=0.00, real=0.00 secs] 
2020-10-29T14:17:18.509+0000: [GC (Allocation Failure) 2020-10-29T14:17:18.509+0000: [ParNew: 38020K->4K(42752K), 0.0017675 secs] 239428K->201412K(325420K), 0.0018241 secs] [Times: user=0.00 sys=0.00, real=0.01 secs] 
2020-10-29T14:17:18.544+0000: [GC (Allocation Failure) 2020-10-29T14:17:18.544+0000: [ParNew: 38020K->4K(42752K), 0.0017203 secs] 239428K->201412K(325420K), 0.0017944 secs] [Times: user=0.00 sys=0.00, real=0.00 secs] 
2020-10-29T14:17:18.577+0000: [GC (Allocation Failure) 2020-10-29T14:17:18.577+0000: [ParNew: 38020K->4K(42752K), 0.0076403 secs] 239428K->209604K(325420K), 0.0076997 secs] [Times: user=0.02 sys=0.00, real=0.01 secs] 
2020-10-29T14:17:18.618+0000: [GC (Allocation Failure) 2020-10-29T14:17:18.618+0000: [ParNew: 38020K->4K(42752K), 0.0017205 secs] 247620K->209604K(325420K), 0.0017761 secs] [Times: user=0.00 sys=0.00, real=0.00 secs] 
2020-10-29T14:17:18.650+0000: [GC (Allocation Failure) 2020-10-29T14:17:18.650+0000: [ParNew: 38020K->4K(42752K), 0.0075312 secs] 247620K->217796K(325420K), 0.0075850 secs] [Times: user=0.01 sys=0.00, real=0.00 secs] 
2020-10-29T14:17:18.691+0000: [GC (Allocation Failure) 2020-10-29T14:17:18.691+0000: [ParNew: 38020K->4K(42752K), 0.0017426 secs] 255812K->217796K(325420K), 0.0017979 secs] [Times: user=0.00 sys=0.00, real=0.00 secs] 
2020-10-29T14:17:18.726+0000: [GC (Allocation Failure) 2020-10-29T14:17:18.726+0000: [ParNew: 38020K->4K(42752K), 0.0017252 secs] 255812K->217796K(325420K), 0.0017807 secs] [Times: user=0.00 sys=0.00, real=0.00 secs] 
2020-10-29T14:17:18.760+0000: [GC (Allocation Failure) 2020-10-29T14:17:18.760+0000: [ParNew: 38020K->4K(42752K), 0.0017813 secs] 255812K->217796K(325420K), 0.0018368 secs] [Times: user=0.00 sys=0.00, real=0.00 secs] 
2020-10-29T14:17:18.795+0000: [GC (Allocation Failure) 2020-10-29T14:17:18.795+0000: [ParNew: 38020K->4K(42752K), 0.0017351 secs] 255812K->217797K(325420K), 0.0017901 secs] [Times: user=0.01 sys=0.00, real=0.00 secs] 
2020-10-29T14:17:18.831+0000: [GC (Allocation Failure) 2020-10-29T14:17:18.831+0000: [ParNew: 38020K->4K(42752K), 0.0017417 secs] 255813K->217797K(325420K), 0.0018044 secs] [Times: user=0.01 sys=0.00, real=0.00 secs] 
2020-10-29T14:17:18.865+0000: [GC (Allocation Failure) 2020-10-29T14:17:18.865+0000: [ParNew: 38020K->4K(42752K), 0.0017048 secs] 255813K->217797K(325420K), 0.0017587 secs] [Times: user=0.00 sys=0.00, real=0.00 secs] 
2020-10-29T14:17:18.902+0000: [GC (Allocation Failure) 2020-10-29T14:17:18.902+0000: [ParNew: 38020K->4K(42752K), 0.0016947 secs] 255813K->217797K(325420K), 0.0017460 secs] [Times: user=0.01 sys=0.00, real=0.00 secs] 
2020-10-29T14:17:18.942+0000: [GC (Allocation Failure) 2020-10-29T14:17:18.942+0000: [ParNew: 38020K->4K(42752K), 0.0017266 secs] 255813K->217797K(325420K), 0.0017810 secs] [Times: user=0.00 sys=0.00, real=0.01 secs] 
2020-10-29T14:17:18.978+0000: [GC (Allocation Failure) 2020-10-29T14:17:18.978+0000: [ParNew: 38020K->4K(42752K), 0.0017269 secs] 255813K->217797K(325420K), 0.0017817 secs] [Times: user=0.01 sys=0.00, real=0.00 secs] 
2020-10-29T14:17:19.018+0000: [GC (Allocation Failure) 2020-10-29T14:17:19.018+0000: [ParNew: 37685K->4K(42752K), 0.0016902 secs] 255478K->217797K(325420K), 0.0017452 secs] [Times: user=0.00 sys=0.00, real=0.00 secs] 
2020-10-29T14:17:19.051+0000: [GC (Allocation Failure) 2020-10-29T14:17:19.051+0000: [ParNew: 38020K->4K(42752K), 0.0073275 secs] 255813K->225989K(325420K), 0.0073824 secs] [Times: user=0.01 sys=0.00, real=0.00 secs] 
2020-10-29T14:17:19.106+0000: [GC (Allocation Failure) 2020-10-29T14:17:19.106+0000: [ParNew: 38020K->4K(42752K), 0.0017483 secs] 264005K->225989K(325420K), 0.0018043 secs] [Times: user=0.01 sys=0.00, real=0.00 secs] 
2020-10-29T14:17:19.151+0000: [GC (Allocation Failure) 2020-10-29T14:17:19.151+0000: [ParNew: 38020K->4K(42752K), 0.0016827 secs] 264005K->225989K(325420K), 0.0017382 secs] [Times: user=0.01 sys=0.00, real=0.00 secs] 
2020-10-29T14:17:19.190+0000: [GC (Allocation Failure) 2020-10-29T14:17:19.190+0000: [ParNew: 38020K->4K(42752K), 0.0016936 secs] 264005K->225989K(325420K), 0.0017486 secs] [Times: user=0.00 sys=0.00, real=0.00 secs] 
2020-10-29T14:17:19.226+0000: [GC (Allocation Failure) 2020-10-29T14:17:19.226+0000: [ParNew: 38020K->4K(42752K), 0.0016886 secs] 264005K->225989K(325420K), 0.0017472 secs] [Times: user=0.00 sys=0.00, real=0.00 secs] 
2020-10-29T14:17:19.266+0000: [GC (Allocation Failure) 2020-10-29T14:17:19.266+0000: [ParNew: 38020K->4K(42752K), 0.0017083 secs] 264005K->225989K(325420K), 0.0017636 secs] [Times: user=0.00 sys=0.00, real=0.00 secs] 
2020-10-29T14:17:19.306+0000: [GC (Allocation Failure) 2020-10-29T14:17:19.306+0000: [ParNew: 38020K->4K(42752K), 0.0017036 secs] 264005K->225989K(325420K), 0.0017605 secs] [Times: user=0.00 sys=0.00, real=0.00 secs] 
2020-10-29T14:17:19.341+0000: [GC (Allocation Failure) 2020-10-29T14:17:19.341+0000: [ParNew: 38020K->4K(42752K), 0.0017170 secs] 264005K->225989K(325420K), 0.0017721 secs] [Times: user=0.00 sys=0.00, real=0.01 secs] 
2020-10-29T14:17:19.375+0000: [GC (Allocation Failure) 2020-10-29T14:17:19.376+0000: [ParNew: 38020K->4K(42752K), 0.0016970 secs] 264005K->225989K(325420K), 0.0017510 secs] [Times: user=0.00 sys=0.00, real=0.00 secs] 
2020-10-29T14:17:19.410+0000: [GC (Allocation Failure) 2020-10-29T14:17:19.410+0000: [ParNew: 38020K->4K(42752K), 0.0018120 secs] 264005K->225989K(325420K), 0.0018679 secs] [Times: user=0.00 sys=0.00, real=0.01 secs] 
2020-10-29T14:17:19.445+0000: [GC (Allocation Failure) 2020-10-29T14:17:19.445+0000: [ParNew: 38020K->4K(42752K), 0.0017801 secs] 264005K->225989K(325420K), 0.0018346 secs] [Times: user=0.01 sys=0.00, real=0.00 secs] 
2020-10-29T14:17:19.482+0000: [GC (Allocation Failure) 2020-10-29T14:17:19.482+0000: [ParNew: 38020K->4K(42752K), 0.0017065 secs] 264005K->225989K(325420K), 0.0017630 secs] [Times: user=0.00 sys=0.00, real=0.00 secs] 
2020-10-29T14:17:19.517+0000: [GC (Allocation Failure) 2020-10-29T14:17:19.517+0000: [ParNew: 38020K->4K(42752K), 0.0017358 secs] 264005K->225989K(325420K), 0.0017902 secs] [Times: user=0.00 sys=0.00, real=0.00 secs] 
2020-10-29T14:17:19.551+0000: [GC (Allocation Failure) 2020-10-29T14:17:19.551+0000: [ParNew: 38020K->4K(42752K), 0.0017017 secs] 264005K->225989K(325420K), 0.0017564 secs] [Times: user=0.01 sys=0.00, real=0.00 secs] 
2020-10-29T14:17:19.586+0000: [GC (Allocation Failure) 2020-10-29T14:17:19.586+0000: [ParNew: 38020K->4K(42752K), 0.0017204 secs] 264005K->225989K(325420K), 0.0017768 secs] [Times: user=0.00 sys=0.00, real=0.00 secs] 
2020-10-29T14:17:19.622+0000: [GC (Allocation Failure) 2020-10-29T14:17:19.622+0000: [ParNew: 38020K->4K(42752K), 0.0017144 secs] 264005K->225989K(325420K), 0.0017701 secs] [Times: user=0.00 sys=0.00, real=0.00 secs] 
2020-10-29T14:17:19.657+0000: [GC (Allocation Failure) 2020-10-29T14:17:19.657+0000: [ParNew: 38020K->4K(42752K), 0.0017770 secs] 264005K->225989K(325420K), 0.0018323 secs] [Times: user=0.00 sys=0.00, real=0.00 secs] 
2020-10-29T14:17:19.694+0000: [GC (Allocation Failure) 2020-10-29T14:17:19.694+0000: [ParNew: 38020K->4K(42752K), 0.0017020 secs] 264005K->225989K(325420K), 0.0017568 secs] [Times: user=0.00 sys=0.00, real=0.00 secs] 
2020-10-29T14:17:19.726+0000: [GC (Allocation Failure) 2020-10-29T14:17:19.726+0000: [ParNew: 38020K->4K(42752K), 0.0072452 secs] 264005K->234181K(325420K), 0.0073007 secs] [Times: user=0.01 sys=0.00, real=0.01 secs] 
2020-10-29T14:17:19.770+0000: [GC (Allocation Failure) 2020-10-29T14:17:19.770+0000: [ParNew: 38020K->4K(42752K), 0.0017022 secs] 272197K->234181K(325420K), 0.0017569 secs] [Times: user=0.01 sys=0.00, real=0.00 secs] 
2020-10-29T14:17:19.799+0000: [GC (Allocation Failure) 2020-10-29T14:17:19.799+0000: [ParNew: 38020K->4K(42752K), 0.0073492 secs] 272197K->242373K(325420K), 0.0074055 secs] [Times: user=0.01 sys=0.00, real=0.01 secs] 
2020-10-29T14:17:19.841+0000: [GC (Allocation Failure) 2020-10-29T14:17:19.841+0000: [ParNew: 38020K->4K(42752K), 0.0017350 secs] 280389K->242373K(325420K), 0.0017917 secs] [Times: user=0.01 sys=0.00, real=0.01 secs] 
2020-10-29T14:17:19.875+0000: [GC (Allocation Failure) 2020-10-29T14:17:19.876+0000: [ParNew: 38020K->4K(42752K), 0.0017317 secs] 280389K->242373K(325420K), 0.0017923 secs] [Times: user=0.01 sys=0.00, real=0.00 secs] 
2020-10-29T14:17:19.910+0000: [GC (Allocation Failure) 2020-10-29T14:17:19.910+0000: [ParNew: 38020K->4K(42752K), 0.0017625 secs] 280389K->242373K(325420K), 0.0018208 secs] [Times: user=0.01 sys=0.00, real=0.00 secs] 
2020-10-29T14:17:19.946+0000: [GC (Allocation Failure) 2020-10-29T14:17:19.946+0000: [ParNew: 38020K->4K(42752K), 0.0017112 secs] 280389K->242374K(325420K), 0.0017753 secs] [Times: user=0.01 sys=0.00, real=0.00 secs] 
2020-10-29T14:17:19.982+0000: [GC (Allocation Failure) 2020-10-29T14:17:19.982+0000: [ParNew: 38020K->4K(42752K), 0.0016935 secs] 280390K->242374K(325420K), 0.0017488 secs] [Times: user=0.00 sys=0.00, real=0.00 secs] 
2020-10-29T14:17:20.018+0000: [GC (Allocation Failure) 2020-10-29T14:17:20.018+0000: [ParNew: 38020K->4K(42752K), 0.0016921 secs] 280390K->242374K(325420K), 0.0017473 secs] [Times: user=0.01 sys=0.00, real=0.00 secs] 
2020-10-29T14:17:20.053+0000: [GC (Allocation Failure) 2020-10-29T14:17:20.053+0000: [ParNew: 38020K->4K(42752K), 0.0017318 secs] 280390K->242374K(325420K), 0.0017882 secs] [Times: user=0.01 sys=0.00, real=0.00 secs] 
2020-10-29T14:17:20.087+0000: [GC (Allocation Failure) 2020-10-29T14:17:20.087+0000: [ParNew: 38020K->4K(42752K), 0.0017593 secs] 280390K->242374K(325420K), 0.0018136 secs] [Times: user=0.00 sys=0.00, real=0.00 secs] 
2020-10-29T14:17:20.122+0000: [GC (Allocation Failure) 2020-10-29T14:17:20.122+0000: [ParNew: 38020K->4K(42752K), 0.0017174 secs] 280390K->242374K(325420K), 0.0017723 secs] [Times: user=0.00 sys=0.00, real=0.00 secs] 
2020-10-29T14:17:20.158+0000: [GC (Allocation Failure) 2020-10-29T14:17:20.158+0000: [ParNew: 38020K->4K(42752K), 0.0016924 secs] 280390K->242374K(325420K), 0.0017456 secs] [Times: user=0.00 sys=0.00, real=0.00 secs] 
2020-10-29T14:17:20.194+0000: [GC (Allocation Failure) 2020-10-29T14:17:20.194+0000: [ParNew: 38020K->4K(42752K), 0.0016830 secs] 280390K->242374K(325420K), 0.0017371 secs] [Times: user=0.00 sys=0.00, real=0.00 secs] 
2020-10-29T14:17:20.229+0000: [GC (Allocation Failure) 2020-10-29T14:17:20.229+0000: [ParNew: 38020K->4K(42752K), 0.0016992 secs] 280390K->242374K(325420K), 0.0017531 secs] [Times: user=0.00 sys=0.00, real=0.01 secs] 
2020-10-29T14:17:20.257+0000: [GC (Allocation Failure) 2020-10-29T14:17:20.257+0000: [ParNew: 38020K->4K(42752K), 0.0077134 secs] 280390K->250566K(325420K), 0.0077692 secs] [Times: user=0.02 sys=0.00, real=0.01 secs] 
2020-10-29T14:17:20.287+0000: [GC (Allocation Failure) 2020-10-29T14:17:20.287+0000: [ParNew: 38020K->4K(42752K), 0.0128303 secs] 288582K->266950K(325420K), 0.0128893 secs] [Times: user=0.03 sys=0.01, real=0.01 secs] 
2020-10-29T14:17:20.333+0000: [GC (Allocation Failure) 2020-10-29T14:17:20.333+0000: [ParNew: 38020K->4K(42752K), 0.0017936 secs] 304966K->266950K(325420K), 0.0018581 secs] [Times: user=0.00 sys=0.00, real=0.00 secs] 
2020-10-29T14:17:20.370+0000: [GC (Allocation Failure) 2020-10-29T14:17:20.370+0000: [ParNew: 38020K->4K(42752K), 0.0017070 secs] 304966K->266950K(325420K), 0.0017613 secs] [Times: user=0.00 sys=0.00, real=0.00 secs] 
2020-10-29T14:17:20.405+0000: [GC (Allocation Failure) 2020-10-29T14:17:20.405+0000: [ParNew: 38020K->4K(42752K), 0.0019438 secs] 304966K->266950K(325420K), 0.0019989 secs] [Times: user=0.01 sys=0.00, real=0.00 secs] 
2020-10-29T14:17:20.442+0000: [GC (Allocation Failure) 2020-10-29T14:17:20.442+0000: [ParNew: 38020K->4K(42752K), 0.0017155 secs] 304966K->266950K(325420K), 0.0017701 secs] [Times: user=0.01 sys=0.00, real=0.00 secs] 
2020-10-29T14:17:20.477+0000: [GC (Allocation Failure) 2020-10-29T14:17:20.477+0000: [ParNew: 38020K->4K(42752K), 0.0017441 secs] 304966K->266950K(325420K), 0.0018058 secs] [Times: user=0.01 sys=0.00, real=0.00 secs] 
2020-10-29T14:17:20.511+0000: [GC (Allocation Failure) 2020-10-29T14:17:20.512+0000: [ParNew: 38020K->4K(42752K), 0.0017113 secs] 304966K->266950K(325420K), 0.0017658 secs] [Times: user=0.00 sys=0.00, real=0.00 secs] 
2020-10-29T14:17:20.546+0000: [GC (Allocation Failure) 2020-10-29T14:17:20.546+0000: [ParNew: 38020K->4K(42752K), 0.0017553 secs] 304966K->266950K(325420K), 0.0018105 secs] [Times: user=0.00 sys=0.00, real=0.00 secs] 
2020-10-29T14:17:20.582+0000: [GC (Allocation Failure) 2020-10-29T14:17:20.582+0000: [ParNew: 38020K->4K(42752K), 0.0017072 secs] 304966K->266950K(325420K), 0.0017619 secs] [Times: user=0.00 sys=0.00, real=0.00 secs] 
2020-10-29T14:17:20.617+0000: [GC (Allocation Failure) 2020-10-29T14:17:20.617+0000: [ParNew: 38020K->4K(42752K), 0.0017074 secs] 304966K->266950K(325420K), 0.0017743 secs] [Times: user=0.00 sys=0.00, real=0.00 secs] 
2020-10-29T14:17:20.654+0000: [GC (Allocation Failure) 2020-10-29T14:17:20.654+0000: [ParNew: 38020K->4K(42752K), 0.0017256 secs] 304966K->266950K(325420K), 0.0017798 secs] [Times: user=0.00 sys=0.00, real=0.00 secs] 
2020-10-29T14:17:20.689+0000: [GC (Allocation Failure) 2020-10-29T14:17:20.689+0000: [ParNew: 38020K->4K(42752K), 0.0016975 secs] 304966K->266950K(325420K), 0.0017525 secs] [Times: user=0.00 sys=0.00, real=0.01 secs] 
2020-10-29T14:17:20.726+0000: [GC (Allocation Failure) 2020-10-29T14:17:20.726+0000: [ParNew: 38020K->4K(42752K), 0.0017196 secs] 304966K->266950K(325420K), 0.0017734 secs] [Times: user=0.00 sys=0.00, real=0.00 secs] 
2020-10-29T14:17:20.762+0000: [GC (Allocation Failure) 2020-10-29T14:17:20.762+0000: [ParNew: 37202K->4K(42752K), 0.0017331 secs] 304148K->266950K(325420K), 0.0017881 secs] [Times: user=0.00 sys=0.00, real=0.00 secs] 
2020-10-29T14:17:20.791+0000: [GC (Allocation Failure) 2020-10-29T14:17:20.791+0000: [ParNew: 38020K->4K(42752K), 0.0072778 secs] 304966K->275142K(325420K), 0.0073334 secs] [Times: user=0.01 sys=0.01, real=0.00 secs] 
2020-10-29T14:17:20.831+0000: [GC (Allocation Failure) 2020-10-29T14:17:20.831+0000: [ParNew: 38020K->4K(42752K), 0.0017241 secs] 313158K->275142K(325420K), 0.0017796 secs] [Times: user=0.01 sys=0.00, real=0.00 secs] 
2020-10-29T14:17:20.865+0000: [GC (Allocation Failure) 2020-10-29T14:17:20.865+0000: [ParNew: 38020K->4K(42752K), 0.0017262 secs] 313158K->275142K(325420K), 0.0017812 secs] [Times: user=0.01 sys=0.00, real=0.00 secs] 
2020-10-29T14:17:20.902+0000: [GC (Allocation Failure) 2020-10-29T14:17:20.902+0000: [ParNew: 38020K->4K(42752K), 0.0017642 secs] 313158K->275142K(325420K), 0.0018207 secs] [Times: user=0.01 sys=0.00, real=0.00 secs] 
2020-10-29T14:17:20.938+0000: [GC (Allocation Failure) 2020-10-29T14:17:20.938+0000: [ParNew: 38020K->4K(42752K), 0.0017371 secs] 313158K->275142K(325420K), 0.0018074 secs] [Times: user=0.00 sys=0.00, real=0.00 secs] 
2020-10-29T14:17:20.973+0000: [GC (Allocation Failure) 2020-10-29T14:17:20.973+0000: [ParNew: 38020K->4K(42752K), 0.0017900 secs] 313158K->275142K(325420K), 0.0018456 secs] [Times: user=0.01 sys=0.00, real=0.00 secs] 
2020-10-29T14:17:21.002+0000: [GC (Allocation Failure) 2020-10-29T14:17:21.002+0000: [ParNew: 38020K->4K(42752K), 0.0075262 secs] 313158K->283334K(333616K), 0.0075842 secs] [Times: user=0.02 sys=0.00, real=0.01 secs] 
2020-10-29T14:17:21.043+0000: [GC (Allocation Failure) 2020-10-29T14:17:21.043+0000: [ParNew: 38020K->4K(42752K), 0.0017204 secs] 321350K->283334K(333616K), 0.0017759 secs] [Times: user=0.00 sys=0.00, real=0.00 secs] 
2020-10-29T14:17:21.078+0000: [GC (Allocation Failure) 2020-10-29T14:17:21.078+0000: [ParNew: 38020K->4K(42752K), 0.0017738 secs] 321350K->283334K(333616K), 0.0018285 secs] [Times: user=0.00 sys=0.00, real=0.00 secs] 
2020-10-29T14:17:21.112+0000: [GC (Allocation Failure) 2020-10-29T14:17:21.112+0000: [ParNew: 38020K->4K(42752K), 0.0017258 secs] 321350K->283334K(333616K), 0.0017806 secs] [Times: user=0.01 sys=0.00, real=0.00 secs] 
2020-10-29T14:17:21.147+0000: [GC (Allocation Failure) 2020-10-29T14:17:21.147+0000: [ParNew: 38020K->4K(42752K), 0.0017822 secs] 321350K->283334K(333616K), 0.0018405 secs] [Times: user=0.00 sys=0.00, real=0.00 secs] 
2020-10-29T14:17:21.182+0000: [GC (Allocation Failure) 2020-10-29T14:17:21.182+0000: [ParNew: 38020K->4K(42752K), 0.0017214 secs] 321350K->283334K(333616K), 0.0017764 secs] [Times: user=0.00 sys=0.00, real=0.01 secs] 
2020-10-29T14:17:21.218+0000: [GC (Allocation Failure) 2020-10-29T14:17:21.218+0000: [ParNew: 38020K->4K(42752K), 0.0016983 secs] 321350K->283334K(333616K), 0.0017529 secs] [Times: user=0.01 sys=0.00, real=0.00 secs] 
2020-10-29T14:17:21.254+0000: [GC (Allocation Failure) 2020-10-29T14:17:21.254+0000: [ParNew: 38020K->4K(42752K), 0.0017951 secs] 321350K->283334K(333616K), 0.0018488 secs] [Times: user=0.00 sys=0.00, real=0.00 secs] 
2020-10-29T14:17:21.286+0000: [GC (Allocation Failure) 2020-10-29T14:17:21.286+0000: [ParNew: 38020K->4K(42752K), 0.0074630 secs] 321350K->291526K(341812K), 0.0075449 secs] [Times: user=0.01 sys=0.01, real=0.01 secs] 
2020-10-29T14:17:21.330+0000: [GC (Allocation Failure) 2020-10-29T14:17:21.330+0000: [ParNew: 38020K->4K(42752K), 0.0017169 secs] 329542K->291526K(341812K), 0.0017724 secs] [Times: user=0.01 sys=0.00, real=0.00 secs] 
2020-10-29T14:17:21.369+0000: [GC (Allocation Failure) 2020-10-29T14:17:21.369+0000: [ParNew: 38020K->4K(42752K), 0.0017254 secs] 329542K->291526K(341812K), 0.0017816 secs] [Times: user=0.01 sys=0.00, real=0.01 secs] 
2020-10-29T14:17:21.406+0000: [GC (Allocation Failure) 2020-10-29T14:17:21.406+0000: [ParNew: 38020K->4K(42752K), 0.0017258 secs] 329542K->291526K(341812K), 0.0017814 secs] [Times: user=0.00 sys=0.00, real=0.00 secs] 
2020-10-29T14:17:21.442+0000: [GC (Allocation Failure) 2020-10-29T14:17:21.442+0000: [ParNew: 38020K->4K(42752K), 0.0017149 secs] 329542K->291526K(341812K), 0.0017703 secs] [Times: user=0.01 sys=0.00, real=0.00 secs] 
2020-10-29T14:17:21.482+0000: [GC (Allocation Failure) 2020-10-29T14:17:21.482+0000: [ParNew: 38020K->4K(42752K), 0.0017315 secs] 329542K->291526K(341812K), 0.0017824 secs] [Times: user=0.01 sys=0.00, real=0.00 secs] 
2020-10-29T14:17:21.517+0000: [GC (Allocation Failure) 2020-10-29T14:17:21.517+0000: [ParNew: 38020K->4K(42752K), 0.0017474 secs] 329542K->291526K(341812K), 0.0018026 secs] [Times: user=0.00 sys=0.00, real=0.00 secs] 
2020-10-29T14:17:21.551+0000: [GC (Allocation Failure) 2020-10-29T14:17:21.551+0000: [ParNew: 38020K->4K(42752K), 0.0017603 secs] 329542K->291526K(341812K), 0.0018154 secs] [Times: user=0.00 sys=0.00, real=0.00 secs] 
2020-10-29T14:17:21.586+0000: [GC (Allocation Failure) 2020-10-29T14:17:21.586+0000: [ParNew: 38020K->4K(42752K), 0.0017249 secs] 329542K->291526K(341812K), 0.0017811 secs] [Times: user=0.01 sys=0.00, real=0.00 secs] 
2020-10-29T14:17:21.597+0000: [GC (Allocation Failure) 2020-10-29T14:17:21.597+0000: [ParNew: 38020K->4K(42752K), 0.0228870 secs] 329542K->324294K(374584K), 0.0229493 secs] [Times: user=0.04 sys=0.01, real=0.02 secs] 
2020-10-29T14:17:21.655+0000: [GC (Allocation Failure) 2020-10-29T14:17:21.655+0000: [ParNew: 38020K->4K(42752K), 0.0017887 secs] 362310K->324294K(374584K), 0.0018442 secs] [Times: user=0.00 sys=0.00, real=0.00 secs] 
2020-10-29T14:17:21.686+0000: [GC (Allocation Failure) 2020-10-29T14:17:21.686+0000: [ParNew: 38020K->4K(42752K), 0.0073231 secs] 362310K->332486K(382780K), 0.0073782 secs] [Times: user=0.01 sys=0.00, real=0.01 secs] 
2020-10-29T14:17:21.727+0000: [GC (Allocation Failure) 2020-10-29T14:17:21.727+0000: [ParNew: 38020K->4K(42752K), 0.0018027 secs] 370502K->332486K(382780K), 0.0018583 secs] [Times: user=0.00 sys=0.00, real=0.00 secs] 
2020-10-29T14:17:21.762+0000: [GC (Allocation Failure) 2020-10-29T14:17:21.762+0000: [ParNew: 38020K->4K(42752K), 0.0018028 secs] 370502K->332486K(382780K), 0.0018576 secs] [Times: user=0.01 sys=0.00, real=0.01 secs] 
2020-10-29T14:17:21.794+0000: [GC (Allocation Failure) 2020-10-29T14:17:21.794+0000: [ParNew: 31437K->4K(42752K), 0.0017969 secs] 363920K->332486K(382780K), 0.0018526 secs] [Times: user=0.01 sys=0.00, real=0.00 secs] 
2020-10-29T14:17:21.823+0000: [GC (Allocation Failure) 2020-10-29T14:17:21.823+0000: [ParNew: 38020K->4K(42752K), 0.0076140 secs] 370502K->340678K(390976K), 0.0076685 secs] [Times: user=0.01 sys=0.00, real=0.01 secs] 
2020-10-29T14:17:21.866+0000: [GC (Allocation Failure) 2020-10-29T14:17:21.866+0000: [ParNew: 38020K->4K(42752K), 0.0018721 secs] 378694K->340679K(390976K), 0.0019292 secs] [Times: user=0.00 sys=0.00, real=0.00 secs] 
2020-10-29T14:17:21.901+0000: [GC (Allocation Failure) 2020-10-29T14:17:21.901+0000: [ParNew: 38020K->4K(42752K), 0.0018952 secs] 378695K->340679K(390976K), 0.0019496 secs] [Times: user=0.00 sys=0.00, real=0.01 secs] 
2020-10-29T14:17:21.938+0000: [GC (Allocation Failure) 2020-10-29T14:17:21.938+0000: [ParNew: 38020K->4K(42752K), 0.0017824 secs] 378695K->340679K(390976K), 0.0018441 secs] [Times: user=0.00 sys=0.00, real=0.00 secs] 
2020-10-29T14:17:21.975+0000: [GC (Allocation Failure) 2020-10-29T14:17:21.975+0000: [ParNew: 38020K->4K(42752K), 0.0018111 secs] 378695K->340679K(390976K), 0.0018665 secs] [Times: user=0.00 sys=0.00, real=0.00 secs] 
2020-10-29T14:17:22.014+0000: [GC (Allocation Failure) 2020-10-29T14:17:22.014+0000: [ParNew: 38020K->4K(42752K), 0.0017933 secs] 378695K->340679K(390976K), 0.0018486 secs] [Times: user=0.00 sys=0.00, real=0.00 secs] 
2020-10-29T14:17:22.053+0000: [GC (Allocation Failure) 2020-10-29T14:17:22.053+0000: [ParNew: 38020K->4K(42752K), 0.0018253 secs] 378695K->340679K(390976K), 0.0018800 secs] [Times: user=0.00 sys=0.00, real=0.00 secs] 
2020-10-29T14:17:22.090+0000: [GC (Allocation Failure) 2020-10-29T14:17:22.090+0000: [ParNew: 38020K->4K(42752K), 0.0018179 secs] 378695K->340679K(390976K), 0.0018736 secs] [Times: user=0.00 sys=0.00, real=0.00 secs] 
2020-10-29T14:17:22.125+0000: [GC (Allocation Failure) 2020-10-29T14:17:22.125+0000: [ParNew: 38020K->4K(42752K), 0.0018124 secs] 378695K->340679K(390976K), 0.0018680 secs] [Times: user=0.00 sys=0.00, real=0.00 secs] 
2020-10-29T14:17:22.162+0000: [GC (Allocation Failure) 2020-10-29T14:17:22.162+0000: [ParNew: 38020K->4K(42752K), 0.0017885 secs] 378695K->340679K(390976K), 0.0018434 secs] [Times: user=0.00 sys=0.00, real=0.00 secs] 
2020-10-29T14:17:22.197+0000: [GC (Allocation Failure) 2020-10-29T14:17:22.197+0000: [ParNew: 38020K->4K(42752K), 0.0018021 secs] 378695K->340679K(390976K), 0.0018569 secs] [Times: user=0.01 sys=0.00, real=0.00 secs] 
2020-10-29T14:17:22.234+0000: [GC (Allocation Failure) 2020-10-29T14:17:22.234+0000: [ParNew: 38020K->4K(42752K), 0.0017904 secs] 378695K->340679K(390976K), 0.0018458 secs] [Times: user=0.00 sys=0.01, real=0.00 secs] 
2020-10-29T14:17:22.278+0000: [GC (Allocation Failure) 2020-10-29T14:17:22.278+0000: [ParNew: 38020K->4K(42752K), 0.0018230 secs] 378695K->340679K(390976K), 0.0018794 secs] [Times: user=0.01 sys=0.00, real=0.00 secs] 
2020-10-29T14:17:22.314+0000: [GC (Allocation Failure) 2020-10-29T14:17:22.314+0000: [ParNew: 38020K->4K(42752K), 0.0017948 secs] 378695K->340679K(390976K), 0.0018502 secs] [Times: user=0.01 sys=0.00, real=0.00 secs] 
2020-10-29T14:17:22.346+0000: [GC (Allocation Failure) 2020-10-29T14:17:22.346+0000: [ParNew: 38020K->4K(42752K), 0.0077458 secs] 378695K->348871K(399172K), 0.0078013 secs] [Times: user=0.01 sys=0.01, real=0.01 secs] 
2020-10-29T14:17:22.382+0000: [GC (Allocation Failure) 2020-10-29T14:17:22.382+0000: [ParNew: 38020K->4K(42752K), 0.0072821 secs] 386887K->357063K(407368K), 0.0073369 secs] [Times: user=0.01 sys=0.01, real=0.00 secs] 
2020-10-29T14:17:22.423+0000: [GC (Allocation Failure) 2020-10-29T14:17:22.423+0000: [ParNew: 38020K->4K(42752K), 0.0018222 secs] 395079K->357063K(407368K), 0.0018783 secs] [Times: user=0.01 sys=0.00, real=0.00 secs] 
2020-10-29T14:17:22.457+0000: [GC (Allocation Failure) 2020-10-29T14:17:22.457+0000: [ParNew: 38020K->4K(42752K), 0.0019162 secs] 395079K->357063K(407368K), 0.0019714 secs] [Times: user=0.01 sys=0.00, real=0.00 secs] 
2020-10-29T14:17:22.492+0000: [GC (Allocation Failure) 2020-10-29T14:17:22.492+0000: [ParNew: 38020K->4K(42752K), 0.0018424 secs] 395079K->357063K(407368K), 0.0019095 secs] [Times: user=0.01 sys=0.00, real=0.00 secs] 
2020-10-29T14:17:22.530+0000: [GC (Allocation Failure) 2020-10-29T14:17:22.530+0000: [ParNew: 38020K->4K(42752K), 0.0018224 secs] 395079K->357063K(407368K), 0.0018785 secs] [Times: user=0.00 sys=0.00, real=0.00 secs] 
2020-10-29T14:17:22.565+0000: [GC (Allocation Failure) 2020-10-29T14:17:22.565+0000: [ParNew: 38020K->4K(42752K), 0.0018739 secs] 395079K->357063K(407368K), 0.0019308 secs] [Times: user=0.00 sys=0.00, real=0.00 secs] 
2020-10-29T14:17:22.602+0000: [GC (Allocation Failure) 2020-10-29T14:17:22.602+0000: [ParNew: 38020K->4K(42752K), 0.0018575 secs] 395079K->357063K(407368K), 0.0019258 secs] [Times: user=0.00 sys=0.00, real=0.00 secs] 
2020-10-29T14:17:22.637+0000: [GC (Allocation Failure) 2020-10-29T14:17:22.637+0000: [ParNew: 38020K->4K(42752K), 0.0018390 secs] 395079K->357063K(407368K), 0.0018938 secs] [Times: user=0.01 sys=0.00, real=0.00 secs] 
2020-10-29T14:17:22.674+0000: [GC (Allocation Failure) 2020-10-29T14:17:22.674+0000: [ParNew: 38020K->4K(42752K), 0.0018161 secs] 395079K->357063K(407368K), 0.0018708 secs] [Times: user=0.00 sys=0.00, real=0.00 secs] 
2020-10-29T14:17:22.709+0000: [GC (Allocation Failure) 2020-10-29T14:17:22.709+0000: [ParNew: 38020K->4K(42752K), 0.0018199 secs] 395079K->357063K(407368K), 0.0018754 secs] [Times: user=0.01 sys=0.00, real=0.01 secs] 
 CMS: abort preclean due to time 2020-10-29T14:17:22.712+0000: [CMS-concurrent-abortable-preclean: 0.136/5.012 secs] [Times: user=9.34 sys=0.34, real=5.02 secs] 
2020-10-29T14:17:22.714+0000: [GC (CMS Final Remark) [YG occupancy: 764 K (42752 K)]2020-10-29T14:17:22.714+0000: [Rescan (parallel) , 0.0010301 secs]2020-10-29T14:17:22.715+0000: [weak refs processing, 0.0000502 secs]2020-10-29T14:17:22.715+0000: [class unloading, 0.0079062 secs]2020-10-29T14:17:22.723+0000: [scrub symbol table, 0.0091972 secs]2020-10-29T14:17:22.733+0000: [scrub string table, 0.0005666 secs][1 CMS-remark: 357059K(364616K)] 357824K(407368K), 0.0188594 secs] [Times: user=0.02 sys=0.00, real=0.02 secs] 
2020-10-29T14:17:22.733+0000: [CMS-concurrent-sweep-start]
2020-10-29T14:17:22.753+0000: [CMS-concurrent-sweep: 0.019/0.019 secs] [Times: user=0.04 sys=0.00, real=0.02 secs] 
2020-10-29T14:17:22.753+0000: [CMS-concurrent-reset-start]
2020-10-29T14:17:22.755+0000: [CMS-concurrent-reset: 0.002/0.002 secs] [Times: user=0.00 sys=0.00, real=0.00 secs] 
2020-10-29T14:17:22.774+0000: [GC (Allocation Failure) 2020-10-29T14:17:22.774+0000: [ParNew: 38020K->4K(42752K), 0.0023296 secs] 391426K->353410K(631764K), 0.0023824 secs] [Times: user=0.01 sys=0.00, real=0.00 secs] 
2020-10-29T14:17:22.809+0000: [GC (Allocation Failure) 2020-10-29T14:17:22.809+0000: [ParNew: 38020K->4K(42752K), 0.0023482 secs] 391426K->353410K(631764K), 0.0024036 secs] [Times: user=0.00 sys=0.00, real=0.01 secs] 
2020-10-29T14:17:22.846+0000: [GC (Allocation Failure) 2020-10-29T14:17:22.846+0000: [ParNew: 38020K->4K(42752K), 0.0023419 secs] 391426K->353410K(631764K), 0.0023969 secs] [Times: user=0.00 sys=0.00, real=0.00 secs] 
2020-10-29T14:17:22.882+0000: [GC (Allocation Failure) 2020-10-29T14:17:22.882+0000: [ParNew: 38020K->4K(42752K), 0.0023325 secs] 391426K->353410K(631764K), 0.0023786 secs] [Times: user=0.00 sys=0.00, real=0.00 secs] 
2020-10-29T14:17:22.911+0000: [GC (Allocation Failure) 2020-10-29T14:17:22.911+0000: [ParNew: 38020K->4K(42752K), 0.0081407 secs] 391426K->361602K(631764K), 0.0081971 secs] [Times: user=0.02 sys=0.00, real=0.00 secs] 
2020-10-29T14:17:22.921+0000: [GC (CMS Initial Mark) [1 CMS-initial-mark: 361598K(589012K)] 362360K(631764K), 0.0013414 secs] [Times: user=0.00 sys=0.00, real=0.01 secs] 
2020-10-29T14:17:22.922+0000: [CMS-concurrent-mark-start]
2020-10-29T14:17:22.965+0000: [GC (Allocation Failure) 2020-10-29T14:17:22.965+0000: [ParNew: 38020K->4K(42752K), 0.0023688 secs] 399618K->361602K(631764K), 0.0024231 secs] [Times: user=0.01 sys=0.00, real=0.00 secs] 
2020-10-29T14:17:23.009+0000: [GC (Allocation Failure) 2020-10-29T14:17:23.009+0000: [ParNew: 38020K->4K(42752K), 0.0022594 secs] 399618K->361602K(631764K), 0.0023157 secs] [Times: user=0.01 sys=0.00, real=0.01 secs] 
2020-10-29T14:17:23.023+0000: [CMS-concurrent-mark: 0.087/0.101 secs] [Times: user=0.19 sys=0.01, real=0.10 secs] 
2020-10-29T14:17:23.023+0000: [CMS-concurrent-preclean-start]
2020-10-29T14:17:23.026+0000: [CMS-concurrent-preclean: 0.002/0.002 secs] [Times: user=0.00 sys=0.00, real=0.00 secs] 
2020-10-29T14:17:23.026+0000: [CMS-concurrent-abortable-preclean-start]
2020-10-29T14:17:23.065+0000: [GC (Allocation Failure) 2020-10-29T14:17:23.065+0000: [ParNew: 38020K->99K(42752K), 0.0022104 secs] 399618K->361697K(631764K), 0.0022648 secs] [Times: user=0.01 sys=0.00, real=0.00 secs] 
2020-10-29T14:17:23.102+0000: [GC (Allocation Failure) 2020-10-29T14:17:23.102+0000: [ParNew: 38115K->60K(42752K), 0.0023968 secs] 399713K->361658K(631764K), 0.0024610 secs] [Times: user=0.00 sys=0.00, real=0.00 secs] 
2020-10-29T14:17:23.138+0000: [GC (Allocation Failure) 2020-10-29T14:17:23.138+0000: [ParNew: 38076K->56K(42752K), 0.0024019 secs] 399674K->361655K(631764K), 0.0024581 secs] [Times: user=0.01 sys=0.00, real=0.00 secs] 
2020-10-29T14:17:23.170+0000: [GC (Allocation Failure) 2020-10-29T14:17:23.170+0000: [ParNew: 38072K->59K(42752K), 0.0080492 secs] 399671K->369850K(631764K), 0.0081055 secs] [Times: user=0.01 sys=0.00, real=0.00 secs] 
2020-10-29T14:17:23.214+0000: [GC (Allocation Failure) 2020-10-29T14:17:23.214+0000: [ParNew: 38075K->60K(42752K), 0.0023998 secs] 407866K->369851K(631764K), 0.0024559 secs] [Times: user=0.00 sys=0.00, real=0.00 secs] 
2020-10-29T14:17:23.254+0000: [GC (Allocation Failure) 2020-10-29T14:17:23.254+0000: [ParNew: 38076K->60K(42752K), 0.0024083 secs] 407867K->369851K(631764K), 0.0024639 secs] [Times: user=0.00 sys=0.00, real=0.00 secs] 
2020-10-29T14:17:23.294+0000: [GC (Allocation Failure) 2020-10-29T14:17:23.294+0000: [ParNew: 38076K->40K(42752K), 0.0026589 secs] 407867K->369870K(631764K), 0.0027130 secs] [Times: user=0.01 sys=0.00, real=0.00 secs] 
2020-10-29T14:17:23.331+0000: [GC (Allocation Failure) 2020-10-29T14:17:23.331+0000: [ParNew: 38056K->10K(42752K), 0.0023025 secs] 407886K->369840K(631764K), 0.0023577 secs] [Times: user=0.01 sys=0.00, real=0.00 secs] 
2020-10-29T14:17:23.367+0000: [GC (Allocation Failure) 2020-10-29T14:17:23.367+0000: [ParNew: 38026K->4K(42752K), 0.0023296 secs] 407856K->369833K(631764K), 0.0023847 secs] [Times: user=0.01 sys=0.00, real=0.00 secs] 
2020-10-29T14:17:23.402+0000: [GC (Allocation Failure) 2020-10-29T14:17:23.402+0000: [ParNew: 38020K->4K(42752K), 0.0023353 secs] 407849K->369834K(631764K), 0.0023988 secs] [Times: user=0.01 sys=0.00, real=0.01 secs] 
2020-10-29T14:17:23.431+0000: [GC (Allocation Failure) 2020-10-29T14:17:23.431+0000: [ParNew: 30011K->4K(42752K), 0.0022320 secs] 399841K->369834K(631764K), 0.0022857 secs] [Times: user=0.00 sys=0.00, real=0.00 secs] 
2020-10-29T14:17:23.460+0000: [GC (Allocation Failure) 2020-10-29T14:17:23.460+0000: [ParNew: 38020K->4K(42752K), 0.0080217 secs] 407850K->378026K(631764K), 0.0080878 secs] [Times: user=0.02 sys=0.01, real=0.01 secs] 
2020-10-29T14:17:23.506+0000: [GC (Allocation Failure) 2020-10-29T14:17:23.506+0000: [ParNew: 38020K->4K(42752K), 0.0023293 secs] 416042K->378026K(631764K), 0.0023860 secs] [Times: user=0.00 sys=0.00, real=0.00 secs] 
2020-10-29T14:17:23.541+0000: [GC (Allocation Failure) 2020-10-29T14:17:23.541+0000: [ParNew: 38020K->4K(42752K), 0.0023676 secs] 416042K->378026K(631764K), 0.0024224 secs] [Times: user=0.00 sys=0.00, real=0.01 secs] 
2020-10-29T14:17:23.577+0000: [GC (Allocation Failure) 2020-10-29T14:17:23.577+0000: [ParNew: 38020K->4K(42752K), 0.0023726 secs] 416042K->378026K(631764K), 0.0024449 secs] [Times: user=0.01 sys=0.00, real=0.00 secs] 
2020-10-29T14:17:23.614+0000: [GC (Allocation Failure) 2020-10-29T14:17:23.614+0000: [ParNew: 38020K->4K(42752K), 0.0022991 secs] 416042K->378026K(631764K), 0.0023539 secs] [Times: user=0.00 sys=0.00, real=0.00 secs] 
2020-10-29T14:17:23.627+0000: [GC (Allocation Failure) 2020-10-29T14:17:23.627+0000: [ParNew: 38020K->4K(42752K), 0.0243321 secs] 416042K->410794K(631764K), 0.0243960 secs] [Times: user=0.04 sys=0.01, real=0.03 secs] 
2020-10-29T14:17:23.686+0000: [GC (Allocation Failure) 2020-10-29T14:17:23.686+0000: [ParNew: 38020K->4K(42752K), 0.0023279 secs] 448810K->410794K(631764K), 0.0024036 secs] [Times: user=0.00 sys=0.00, real=0.00 secs] 
2020-10-29T14:17:23.722+0000: [GC (Allocation Failure) 2020-10-29T14:17:23.722+0000: [ParNew: 38020K->4K(42752K), 0.0023160 secs] 448810K->410794K(631764K), 0.0023812 secs] [Times: user=0.00 sys=0.00, real=0.01 secs] 
2020-10-29T14:17:23.758+0000: [GC (Allocation Failure) 2020-10-29T14:17:23.758+0000: [ParNew: 38020K->4K(42752K), 0.0022600 secs] 448810K->410794K(631764K), 0.0023150 secs] [Times: user=0.00 sys=0.00, real=0.00 secs] 
2020-10-29T14:17:23.797+0000: [GC (Allocation Failure) 2020-10-29T14:17:23.797+0000: [ParNew: 38020K->4K(42752K), 0.0023055 secs] 448810K->410794K(631764K), 0.0023609 secs] [Times: user=0.01 sys=0.00, real=0.00 secs] 
2020-10-29T14:17:23.834+0000: [GC (Allocation Failure) 2020-10-29T14:17:23.834+0000: [ParNew: 38020K->4K(42752K), 0.0022865 secs] 448810K->410794K(631764K), 0.0023657 secs] [Times: user=0.01 sys=0.00, real=0.00 secs] 
2020-10-29T14:17:23.870+0000: [GC (Allocation Failure) 2020-10-29T14:17:23.870+0000: [ParNew: 38020K->4K(42752K), 0.0022765 secs] 448810K->410794K(631764K), 0.0023482 secs] [Times: user=0.00 sys=0.01, real=0.01 secs] 
2020-10-29T14:17:23.900+0000: [GC (Allocation Failure) 2020-10-29T14:17:23.900+0000: [ParNew: 38020K->4K(42752K), 0.0078835 secs] 448810K->418986K(631764K), 0.0079495 secs] [Times: user=0.01 sys=0.01, real=0.01 secs] 
2020-10-29T14:17:23.942+0000: [GC (Allocation Failure) 2020-10-29T14:17:23.942+0000: [ParNew: 38020K->4K(42752K), 0.0022863 secs] 457002K->418986K(631764K), 0.0023421 secs] [Times: user=0.01 sys=0.00, real=0.00 secs] 
2020-10-29T14:17:23.978+0000: [GC (Allocation Failure) 2020-10-29T14:17:23.978+0000: [ParNew: 38020K->4K(42752K), 0.0022974 secs] 457002K->418986K(631764K), 0.0023528 secs] [Times: user=0.01 sys=0.00, real=0.00 secs] 
2020-10-29T14:17:24.008+0000: [GC (Allocation Failure) 2020-10-29T14:17:24.008+0000: [ParNew: 38020K->4K(42752K), 0.0081526 secs] 457002K->427178K(631764K), 0.0082096 secs] [Times: user=0.01 sys=0.01, real=0.01 secs] 
2020-10-29T14:17:24.049+0000: [GC (Allocation Failure) 2020-10-29T14:17:24.049+0000: [ParNew: 38020K->4K(42752K), 0.0022741 secs] 465194K->427178K(631764K), 0.0023302 secs] [Times: user=0.00 sys=0.00, real=0.01 secs] 
2020-10-29T14:17:24.111+0000: [GC (Allocation Failure) 2020-10-29T14:17:24.111+0000: [ParNew: 38020K->4K(42752K), 0.0049211 secs] 465194K->427178K(631764K), 0.0049933 secs] [Times: user=0.01 sys=0.00, real=0.00 secs] 
2020-10-29T14:17:24.240+0000: [GC (Allocation Failure) 2020-10-29T14:17:24.241+0000: [ParNew: 38020K->4K(42752K), 0.0046571 secs] 465194K->427178K(631764K), 0.0047336 secs] [Times: user=0.00 sys=0.00, real=0.01 secs] 
2020-10-29T14:17:24.245+0000: [CMS-concurrent-abortable-preclean: 0.052/1.219 secs] [Times: user=2.26 sys=0.11, real=1.22 secs] 
2020-10-29T14:17:24.249+0000: [GC (CMS Final Remark) [YG occupancy: 764 K (42752 K)]2020-10-29T14:17:24.249+0000: [Rescan (parallel) , 0.0029735 secs]2020-10-29T14:17:24.252+0000: [weak refs processing, 0.0000372 secs]2020-10-29T14:17:24.252+0000: [class unloading, 0.0103323 secs]2020-10-29T14:17:24.263+0000: [scrub symbol table, 0.0092488 secs]2020-10-29T14:17:24.272+0000: [scrub string table, 0.0005709 secs][1 CMS-remark: 427174K(589012K)] 427939K(631764K), 0.0232880 secs] [Times: user=0.04 sys=0.00, real=0.03 secs] 
2020-10-29T14:17:24.278+0000: [CMS-concurrent-sweep-start]
2020-10-29T14:17:24.305+0000: [CMS-concurrent-sweep: 0.027/0.027 secs] [Times: user=0.05 sys=0.00, real=0.03 secs] 
2020-10-29T14:17:24.306+0000: [CMS-concurrent-reset-start]
2020-10-29T14:17:24.307+0000: [CMS-concurrent-reset: 0.002/0.002 secs] [Times: user=0.01 sys=0.00, real=0.00 secs] 
2020-10-29T14:17:24.358+0000: [GC (Allocation Failure) 2020-10-29T14:17:24.358+0000: [ParNew: 38020K->6K(42752K), 0.0075564 secs] 438521K->400507K(710256K), 0.0076316 secs] [Times: user=0.01 sys=0.00, real=0.01 secs] 
2020-10-29T14:17:24.462+0000: [GC (Allocation Failure) 2020-10-29T14:17:24.462+0000: [ParNew: 38022K->4K(42752K), 0.0024707 secs] 438523K->400505K(710256K), 0.0025279 secs] [Times: user=0.00 sys=0.00, real=0.00 secs] 
2020-10-29T14:17:24.527+0000: [GC (Allocation Failure) 2020-10-29T14:17:24.527+0000: [ParNew: 38020K->6K(42752K), 0.0024755 secs] 438521K->400507K(710256K), 0.0025309 secs] [Times: user=0.00 sys=0.00, real=0.00 secs] 
2020-10-29T14:17:25.209+0000: [GC (Allocation Failure) 2020-10-29T14:17:25.209+0000: [ParNew: 38022K->142K(42752K), 0.0053628 secs] 438523K->400644K(710256K), 0.0054320 secs] [Times: user=0.01 sys=0.00, real=0.01 secs] 
2020-10-29T14:17:25.514+0000: [GC (Allocation Failure) 2020-10-29T14:17:25.514+0000: [ParNew: 38158K->26K(42752K), 0.0025376 secs] 438660K->400529K(710256K), 0.0025971 secs] [Times: user=0.01 sys=0.00, real=0.00 secs] 
2020-10-29T14:17:25.642+0000: [GC (Allocation Failure) 2020-10-29T14:17:25.642+0000: [ParNew: 38042K->17K(42752K), 0.0025132 secs] 438545K->400519K(710256K), 0.0025726 secs] [Times: user=0.00 sys=0.00, real=0.00 secs] 
2020-10-29T14:17:25.739+0000: [GC (Allocation Failure) 2020-10-29T14:17:25.740+0000: [ParNew: 38033K->25K(42752K), 0.0025136 secs] 438535K->400527K(710256K), 0.0025895 secs] [Times: user=0.00 sys=0.00, real=0.00 secs] 
2020-10-29T14:17:25.814+0000: [GC (Allocation Failure) 2020-10-29T14:17:25.814+0000: [ParNew: 38041K->16K(42752K), 0.0024894 secs] 438543K->400519K(710256K), 0.0025719 secs] [Times: user=0.00 sys=0.00, real=0.00 secs] 
2020-10-29T14:17:25.932+0000: [GC (Allocation Failure) 2020-10-29T14:17:25.932+0000: [ParNew: 38032K->18K(42752K), 0.0034749 secs] 438535K->400521K(710256K), 0.0035343 secs] [Times: user=0.00 sys=0.00, real=0.00 secs] 
2020-10-29T14:17:25.986+0000: [GC (Allocation Failure) 2020-10-29T14:17:25.986+0000: [ParNew: 38034K->14K(42752K), 0.0025547 secs] 438537K->400530K(710256K), 0.0026114 secs] [Times: user=0.01 sys=0.00, real=0.00 secs] 
2020-10-29T14:17:26.030+0000: [GC (Allocation Failure) 2020-10-29T14:17:26.030+0000: [ParNew: 38030K->4K(42752K), 0.0024627 secs] 438546K->400520K(710256K), 0.0025255 secs] [Times: user=0.00 sys=0.00, real=0.00 secs] 
2020-10-29T14:17:26.068+0000: [GC (Allocation Failure) 2020-10-29T14:17:26.068+0000: [ParNew: 38020K->4K(42752K), 0.0024770 secs] 438536K->400520K(710256K), 0.0025332 secs] [Times: user=0.00 sys=0.00, real=0.01 secs] 
2020-10-29T14:17:26.106+0000: [GC (Allocation Failure) 2020-10-29T14:17:26.106+0000: [ParNew: 38020K->4K(42752K), 0.0024440 secs] 438536K->400520K(710256K), 0.0024995 secs] [Times: user=0.01 sys=0.00, real=0.00 secs] 
2020-10-29T14:17:26.150+0000: [GC (Allocation Failure) 2020-10-29T14:17:26.150+0000: [ParNew: 38020K->4K(42752K), 0.0024646 secs] 438536K->400520K(710256K), 0.0025203 secs] [Times: user=0.00 sys=0.00, real=0.01 secs] 
2020-10-29T14:17:26.189+0000: [GC (Allocation Failure) 2020-10-29T14:17:26.189+0000: [ParNew: 38020K->4K(42752K), 0.0024445 secs] 438536K->400520K(710256K), 0.0025007 secs] [Times: user=0.01 sys=0.00, real=0.01 secs] 
2020-10-29T14:17:26.226+0000: [GC (Allocation Failure) 2020-10-29T14:17:26.226+0000: [ParNew: 38020K->4K(42752K), 0.0024172 secs] 438536K->400520K(710256K), 0.0024728 secs] [Times: user=0.01 sys=0.00, real=0.00 secs] 
2020-10-29T14:17:26.266+0000: [GC (Allocation Failure) 2020-10-29T14:17:26.266+0000: [ParNew: 38020K->4K(42752K), 0.0024808 secs] 438536K->400520K(710256K), 0.0025366 secs] [Times: user=0.01 sys=0.00, real=0.00 secs] 
2020-10-29T14:17:26.306+0000: [GC (Allocation Failure) 2020-10-29T14:17:26.306+0000: [ParNew: 38020K->4K(42752K), 0.0024365 secs] 438536K->400520K(710256K), 0.0024906 secs] [Times: user=0.00 sys=0.01, real=0.00 secs] 
2020-10-29T14:17:26.344+0000: [GC (Allocation Failure) 2020-10-29T14:17:26.344+0000: [ParNew: 38020K->4K(42752K), 0.0024410 secs] 438536K->400520K(710256K), 0.0024965 secs] [Times: user=0.00 sys=0.00, real=0.00 secs] 
2020-10-29T14:17:26.382+0000: [GC (Allocation Failure) 2020-10-29T14:17:26.382+0000: [ParNew: 38020K->4K(42752K), 0.0024842 secs] 438536K->400520K(710256K), 0.0025388 secs] [Times: user=0.01 sys=0.00, real=0.00 secs] 
2020-10-29T14:17:26.420+0000: [GC (Allocation Failure) 2020-10-29T14:17:26.420+0000: [ParNew: 38020K->4K(42752K), 0.0024653 secs] 438536K->400520K(710256K), 0.0025354 secs] [Times: user=0.00 sys=0.00, real=0.01 secs] 
2020-10-29T14:17:26.457+0000: [GC (Allocation Failure) 2020-10-29T14:17:26.457+0000: [ParNew: 38020K->4K(42752K), 0.0024648 secs] 438536K->400520K(710256K), 0.0025201 secs] [Times: user=0.01 sys=0.00, real=0.00 secs] 
2020-10-29T14:17:26.494+0000: [GC (Allocation Failure) 2020-10-29T14:17:26.494+0000: [ParNew: 38020K->4K(42752K), 0.0024742 secs] 438536K->400520K(710256K), 0.0025296 secs] [Times: user=0.01 sys=0.00, real=0.00 secs] 
2020-10-29T14:17:26.542+0000: [GC (Allocation Failure) 2020-10-29T14:17:26.542+0000: [ParNew: 38020K->4K(42752K), 0.0027263 secs] 438536K->400520K(710256K), 0.0027835 secs] [Times: user=0.01 sys=0.00, real=0.00 secs] 
2020-10-29T14:17:26.624+0000: [GC (Allocation Failure) 2020-10-29T14:17:26.624+0000: [ParNew: 38020K->4K(42752K), 0.0024995 secs] 438536K->400521K(710256K), 0.0025575 secs] [Times: user=0.01 sys=0.00, real=0.00 secs] 
2020-10-29T14:17:26.668+0000: [GC (Allocation Failure) 2020-10-29T14:17:26.668+0000: [ParNew: 38020K->4K(42752K), 0.0024783 secs] 438537K->400521K(710256K), 0.0025342 secs] [Times: user=0.01 sys=0.00, real=0.01 secs] 
2020-10-29T14:17:26.712+0000: [GC (Allocation Failure) 2020-10-29T14:17:26.712+0000: [ParNew: 38020K->4K(42752K), 0.0024918 secs] 438537K->400521K(710256K), 0.0025480 secs] [Times: user=0.00 sys=0.00, real=0.00 secs] 
2020-10-29T14:17:26.756+0000: [GC (Allocation Failure) 2020-10-29T14:17:26.756+0000: [ParNew: 38020K->4K(42752K), 0.0024698 secs] 438537K->400521K(710256K), 0.0025263 secs] [Times: user=0.01 sys=0.00, real=0.00 secs] 
2020-10-29T14:17:27.764+0000: [GC (Allocation Failure) 2020-10-29T14:17:27.764+0000: [ParNew: 38020K->1505K(42752K), 0.0091372 secs] 438537K->402022K(710256K), 0.0092101 secs] [Times: user=0.02 sys=0.00, real=0.01 secs] 
2020-10-29T14:17:27.868+0000: [GC (Allocation Failure) 2020-10-29T14:17:27.868+0000: [ParNew: 39521K->1619K(42752K), 0.0037651 secs] 440038K->402137K(710256K), 0.0038353 secs] [Times: user=0.00 sys=0.00, real=0.01 secs] 
2020-10-29T14:17:27.926+0000: [GC (Allocation Failure) 2020-10-29T14:17:27.926+0000: [ParNew: 39635K->1995K(42752K), 0.0035191 secs] 440153K->402513K(710256K), 0.0035772 secs] [Times: user=0.00 sys=0.00, real=0.00 secs] 
2020-10-29T14:17:27.968+0000: [GC (Allocation Failure) 2020-10-29T14:17:27.968+0000: [ParNew: 40011K->2668K(42752K), 0.0035095 secs] 440529K->403187K(710256K), 0.0035656 secs] [Times: user=0.01 sys=0.00, real=0.01 secs] 
2020-10-29T14:17:28.012+0000: [GC (Allocation Failure) 2020-10-29T14:17:28.013+0000: [ParNew: 40684K->3014K(42752K), 0.0036154 secs] 441203K->403533K(710256K), 0.0036721 secs] [Times: user=0.01 sys=0.00, real=0.00 secs] 
2020-10-29T14:17:28.070+0000: [GC (Allocation Failure) 2020-10-29T14:17:28.070+0000: [ParNew: 41030K->2477K(42752K), 0.0039518 secs] 441549K->404102K(710256K), 0.0040081 secs] [Times: user=0.01 sys=0.00, real=0.00 secs] 
2020-10-29T14:17:28.142+0000: [GC (Allocation Failure) 2020-10-29T14:17:28.142+0000: [ParNew: 40493K->3310K(42752K), 0.0029717 secs] 442118K->404936K(710256K), 0.0030484 secs] [Times: user=0.01 sys=0.00, real=0.00 secs] 
2020-10-29T14:17:28.226+0000: [GC (Allocation Failure) 2020-10-29T14:17:28.226+0000: [ParNew: 41326K->3135K(42752K), 0.0032889 secs] 442952K->406824K(710256K), 0.0033455 secs] [Times: user=0.01 sys=0.00, real=0.00 secs] 
2020-10-29T14:17:28.282+0000: [GC (Allocation Failure) 2020-10-29T14:17:28.282+0000: [ParNew: 41151K->16K(42752K), 0.0026634 secs] 444840K->404729K(710256K), 0.0027477 secs] [Times: user=0.01 sys=0.00, real=0.00 secs] 
2020-10-29T14:17:28.365+0000: [GC (Allocation Failure) 2020-10-29T14:17:28.365+0000: [ParNew: 38032K->2K(42752K), 0.0050153 secs] 442745K->404715K(710256K), 0.0050880 secs] [Times: user=0.01 sys=0.00, real=0.01 secs] 
2020-10-29T14:17:28.448+0000: [GC (Allocation Failure) 2020-10-29T14:17:28.448+0000: [ParNew: 38018K->4100K(42752K), 0.0041981 secs] 442731K->408813K(710256K), 0.0042658 secs] [Times: user=0.01 sys=0.00, real=0.01 secs] 
2020-10-29T14:17:28.502+0000: [GC (Allocation Failure) 2020-10-29T14:17:28.502+0000: [ParNew: 42116K->4K(42752K), 0.0028627 secs] 446829K->406766K(710256K), 0.0029196 secs] [Times: user=0.00 sys=0.01, real=0.01 secs] 
2020-10-29T14:17:28.582+0000: [GC (Allocation Failure) 2020-10-29T14:17:28.582+0000: [ParNew: 38020K->4K(42752K), 0.0025153 secs] 444782K->406766K(710256K), 0.0025909 secs] [Times: user=0.01 sys=0.00, real=0.00 secs] 
2020-10-29T14:17:28.632+0000: [GC (Allocation Failure) 2020-10-29T14:17:28.632+0000: [ParNew: 38020K->4K(42752K), 0.0024807 secs] 444782K->406766K(710256K), 0.0025565 secs] [Times: user=0.01 sys=0.00, real=0.00 secs] 
2020-10-29T14:17:28.678+0000: [GC (Allocation Failure) 2020-10-29T14:17:28.678+0000: [ParNew: 38020K->4100K(42752K), 0.0036200 secs] 444782K->414958K(710256K), 0.0037059 secs] [Times: user=0.01 sys=0.00, real=0.00 secs] 
2020-10-29T14:17:28.730+0000: [GC (Allocation Failure) 2020-10-29T14:17:28.730+0000: [ParNew: 42116K->4K(42752K), 0.0025371 secs] 452974K->410862K(710256K), 0.0026195 secs] [Times: user=0.01 sys=0.00, real=0.00 secs] 
2020-10-29T14:17:28.781+0000: [GC (Allocation Failure) 2020-10-29T14:17:28.781+0000: [ParNew: 38020K->4K(42752K), 0.0025062 secs] 448878K->410862K(710256K), 0.0025804 secs] [Times: user=0.01 sys=0.00, real=0.01 secs] 
2020-10-29T14:17:28.852+0000: [GC (Allocation Failure) 2020-10-29T14:17:28.852+0000: [ParNew: 38020K->4K(42752K), 0.0024817 secs] 448878K->410862K(710256K), 0.0025570 secs] [Times: user=0.01 sys=0.00, real=0.00 secs] 
2020-10-29T14:17:28.934+0000: [GC (Allocation Failure) 2020-10-29T14:17:28.934+0000: [ParNew: 38020K->4K(42752K), 0.0050569 secs] 448878K->410862K(710256K), 0.0051281 secs] [Times: user=0.01 sys=0.00, real=0.00 secs] 
2020-10-29T14:17:28.982+0000: [GC (Allocation Failure) 2020-10-29T14:17:28.982+0000: [ParNew: 38020K->4K(42752K), 0.0024990 secs] 448878K->410862K(710256K), 0.0025551 secs] [Times: user=0.01 sys=0.00, real=0.00 secs] 
2020-10-29T14:17:29.017+0000: [GC (Allocation Failure) 2020-10-29T14:17:29.017+0000: [ParNew: 38020K->4100K(42752K), 0.0037505 secs] 448878K->419054K(710256K), 0.0038084 secs] [Times: user=0.01 sys=0.00, real=0.00 secs] 
2020-10-29T14:17:29.057+0000: [GC (Allocation Failure) 2020-10-29T14:17:29.057+0000: [ParNew: 42116K->4K(42752K), 0.0024885 secs] 457070K->414958K(710256K), 0.0025453 secs] [Times: user=0.00 sys=0.00, real=0.00 secs] 
2020-10-29T14:17:29.094+0000: [GC (Allocation Failure) 2020-10-29T14:17:29.094+0000: [ParNew: 38020K->4K(42752K), 0.0024808 secs] 452974K->414958K(710256K), 0.0025369 secs] [Times: user=0.01 sys=0.00, real=0.00 secs] 
2020-10-29T14:17:29.130+0000: [GC (Allocation Failure) 2020-10-29T14:17:29.130+0000: [ParNew: 38020K->4K(42752K), 0.0024481 secs] 452974K->414958K(710256K), 0.0025047 secs] [Times: user=0.01 sys=0.00, real=0.00 secs] 
2020-10-29T14:17:29.168+0000: [GC (Allocation Failure) 2020-10-29T14:17:29.168+0000: [ParNew: 38020K->4K(42752K), 0.0025029 secs] 452974K->414958K(710256K), 0.0025594 secs] [Times: user=0.00 sys=0.00, real=0.01 secs] 
2020-10-29T14:17:29.206+0000: [GC (Allocation Failure) 2020-10-29T14:17:29.206+0000: [ParNew: 38020K->4K(42752K), 0.0024495 secs] 452974K->414958K(710256K), 0.0025033 secs] [Times: user=0.01 sys=0.00, real=0.00 secs] 
2020-10-29T14:17:29.243+0000: [GC (Allocation Failure) 2020-10-29T14:17:29.243+0000: [ParNew: 38020K->4K(42752K), 0.0024974 secs] 452974K->414958K(710256K), 0.0025550 secs] [Times: user=0.00 sys=0.00, real=0.00 secs] 
2020-10-29T14:17:29.282+0000: [GC (Allocation Failure) 2020-10-29T14:17:29.282+0000: [ParNew: 38020K->4K(42752K), 0.0024656 secs] 452974K->414958K(710256K), 0.0025218 secs] [Times: user=0.01 sys=0.00, real=0.00 secs] 
2020-10-29T14:17:29.319+0000: [GC (Allocation Failure) 2020-10-29T14:17:29.319+0000: [ParNew: 38020K->4K(42752K), 0.0024559 secs] 452974K->414958K(710256K), 0.0025110 secs] [Times: user=0.01 sys=0.00, real=0.00 secs] 
2020-10-29T14:17:29.356+0000: [GC (Allocation Failure) 2020-10-29T14:17:29.356+0000: [ParNew: 38020K->4K(42752K), 0.0024731 secs] 452974K->414958K(710256K), 0.0025372 secs] [Times: user=0.00 sys=0.00, real=0.00 secs] 
2020-10-29T14:17:29.393+0000: [GC (Allocation Failure) 2020-10-29T14:17:29.393+0000: [ParNew: 38020K->4K(42752K), 0.0024886 secs] 452974K->414958K(710256K), 0.0025441 secs] [Times: user=0.00 sys=0.00, real=0.00 secs] 
2020-10-29T14:17:29.430+0000: [GC (Allocation Failure) 2020-10-29T14:17:29.430+0000: [ParNew: 38020K->4K(42752K), 0.0024712 secs] 452974K->414958K(710256K), 0.0025263 secs] [Times: user=0.01 sys=0.00, real=0.00 secs] 
2020-10-29T14:17:29.470+0000: [GC (Allocation Failure) 2020-10-29T14:17:29.470+0000: [ParNew: 38020K->4K(42752K), 0.0024521 secs] 452974K->414958K(710256K), 0.0025081 secs] [Times: user=0.00 sys=0.00, real=0.00 secs] 
2020-10-29T14:17:29.510+0000: [GC (Allocation Failure) 2020-10-29T14:17:29.510+0000: [ParNew: 38020K->4K(42752K), 0.0024386 secs] 452974K->414958K(710256K), 0.0024935 secs] [Times: user=0.01 sys=0.00, real=0.00 secs] 
2020-10-29T14:17:29.547+0000: [GC (Allocation Failure) 2020-10-29T14:17:29.547+0000: [ParNew: 38020K->4K(42752K), 0.0024876 secs] 452974K->414958K(710256K), 0.0025422 secs] [Times: user=0.00 sys=0.00, real=0.00 secs] 
2020-10-29T14:17:29.583+0000: [GC (Allocation Failure) 2020-10-29T14:17:29.583+0000: [ParNew: 38020K->4K(42752K), 0.0024547 secs] 452974K->414959K(710256K), 0.0025100 secs] [Times: user=0.01 sys=0.00, real=0.00 secs] 
2020-10-29T14:17:29.622+0000: [GC (Allocation Failure) 2020-10-29T14:17:29.622+0000: [ParNew: 38020K->4K(42752K), 0.0024286 secs] 452975K->414959K(710256K), 0.0024836 secs] [Times: user=0.00 sys=0.00, real=0.00 secs] 
2020-10-29T14:17:29.662+0000: [GC (Allocation Failure) 2020-10-29T14:17:29.662+0000: [ParNew: 38020K->4K(42752K), 0.0024818 secs] 452975K->414959K(710256K), 0.0025383 secs] [Times: user=0.01 sys=0.00, real=0.00 secs] 
2020-10-29T14:17:29.699+0000: [GC (Allocation Failure) 2020-10-29T14:17:29.699+0000: [ParNew: 38020K->4K(42752K), 0.0024645 secs] 452975K->414959K(710256K), 0.0025213 secs] [Times: user=0.01 sys=0.00, real=0.00 secs] 
2020-10-29T14:17:29.735+0000: [GC (Allocation Failure) 2020-10-29T14:17:29.735+0000: [ParNew: 38020K->4K(42752K), 0.0024677 secs] 452975K->414959K(710256K), 0.0025245 secs] [Times: user=0.01 sys=0.00, real=0.00 secs] 
2020-10-29T14:17:29.774+0000: [GC (Allocation Failure) 2020-10-29T14:17:29.774+0000: [ParNew: 38020K->4K(42752K), 0.0024543 secs] 452975K->414959K(710256K), 0.0025094 secs] [Times: user=0.00 sys=0.00, real=0.00 secs] 
2020-10-29T14:17:29.811+0000: [GC (Allocation Failure) 2020-10-29T14:17:29.811+0000: [ParNew: 38020K->4K(42752K), 0.0024857 secs] 452975K->414959K(710256K), 0.0025413 secs] [Times: user=0.00 sys=0.00, real=0.00 secs] 
2020-10-29T14:17:29.850+0000: [GC (Allocation Failure) 2020-10-29T14:17:29.850+0000: [ParNew: 38020K->4K(42752K), 0.0024958 secs] 452975K->414959K(710256K), 0.0025513 secs] [Times: user=0.01 sys=0.00, real=0.00 secs] 
2020-10-29T14:17:29.890+0000: [GC (Allocation Failure) 2020-10-29T14:17:29.890+0000: [ParNew: 38020K->4K(42752K), 0.0024482 secs] 452975K->414959K(710256K), 0.0025026 secs] [Times: user=0.00 sys=0.00, real=0.00 secs] 
2020-10-29T14:17:29.927+0000: [GC (Allocation Failure) 2020-10-29T14:17:29.927+0000: [ParNew: 38020K->4K(42752K), 0.0024427 secs] 452975K->414959K(710256K), 0.0024987 secs] [Times: user=0.00 sys=0.00, real=0.00 secs] 
2020-10-29T14:17:29.966+0000: [GC (Allocation Failure) 2020-10-29T14:17:29.966+0000: [ParNew: 38020K->4K(42752K), 0.0024581 secs] 452975K->414959K(710256K), 0.0025129 secs] [Times: user=0.00 sys=0.00, real=0.00 secs] 
2020-10-29T14:17:30.008+0000: [GC (Allocation Failure) 2020-10-29T14:17:30.008+0000: [ParNew: 38020K->4K(42752K), 0.0024551 secs] 452975K->414959K(710256K), 0.0025112 secs] [Times: user=0.01 sys=0.00, real=0.01 secs] 
2020-10-29T14:17:30.046+0000: [GC (Allocation Failure) 2020-10-29T14:17:30.046+0000: [ParNew: 38020K->4K(42752K), 0.0024656 secs] 452975K->414959K(710256K), 0.0025204 secs] [Times: user=0.01 sys=0.00, real=0.00 secs] 
2020-10-29T14:17:30.083+0000: [GC (Allocation Failure) 2020-10-29T14:17:30.083+0000: [ParNew: 38020K->4K(42752K), 0.0024399 secs] 452975K->414959K(710256K), 0.0025095 secs] [Times: user=0.01 sys=0.00, real=0.00 secs] 
2020-10-29T14:17:30.126+0000: [GC (Allocation Failure) 2020-10-29T14:17:30.126+0000: [ParNew: 38020K->4K(42752K), 0.0024259 secs] 452975K->414959K(710256K), 0.0024816 secs] [Times: user=0.01 sys=0.00, real=0.00 secs] 
2020-10-29T14:17:30.163+0000: [GC (Allocation Failure) 2020-10-29T14:17:30.163+0000: [ParNew: 38020K->4K(42752K), 0.0024665 secs] 452975K->414959K(710256K), 0.0025220 secs] [Times: user=0.01 sys=0.00, real=0.00 secs] 
2020-10-29T14:17:30.202+0000: [GC (Allocation Failure) 2020-10-29T14:17:30.202+0000: [ParNew: 38020K->4K(42752K), 0.0024898 secs] 452975K->414959K(710256K), 0.0025533 secs] [Times: user=0.01 sys=0.01, real=0.00 secs] 
2020-10-29T14:17:30.242+0000: [GC (Allocation Failure) 2020-10-29T14:17:30.242+0000: [ParNew: 38020K->4K(42752K), 0.0024600 secs] 452975K->414959K(710256K), 0.0025195 secs] [Times: user=0.01 sys=0.00, real=0.00 secs] 
2020-10-29T14:17:30.279+0000: [GC (Allocation Failure) 2020-10-29T14:17:30.279+0000: [ParNew: 38020K->4K(42752K), 0.0024705 secs] 452975K->414959K(710256K), 0.0025272 secs] [Times: user=0.00 sys=0.00, real=0.00 secs] 
2020-10-29T14:17:30.315+0000: [GC (Allocation Failure) 2020-10-29T14:17:30.315+0000: [ParNew: 38020K->4K(42752K), 0.0024377 secs] 452975K->414959K(710256K), 0.0024984 secs] [Times: user=0.00 sys=0.00, real=0.00 secs] 
2020-10-29T14:17:30.352+0000: [GC (Allocation Failure) 2020-10-29T14:17:30.352+0000: [ParNew: 38020K->4K(42752K), 0.0027082 secs] 452975K->414959K(710256K), 0.0027635 secs] [Times: user=0.01 sys=0.00, real=0.00 secs] 
2020-10-29T14:17:30.389+0000: [GC (Allocation Failure) 2020-10-29T14:17:30.389+0000: [ParNew: 38020K->4K(42752K), 0.0025328 secs] 452975K->414959K(710256K), 0.0025882 secs] [Times: user=0.00 sys=0.00, real=0.01 secs] 
2020-10-29T14:17:30.426+0000: [GC (Allocation Failure) 2020-10-29T14:17:30.426+0000: [ParNew: 38020K->4K(42752K), 0.0024551 secs] 452975K->414959K(710256K), 0.0025111 secs] [Times: user=0.01 sys=0.00, real=0.00 secs] 
2020-10-29T14:17:30.463+0000: [GC (Allocation Failure) 2020-10-29T14:17:30.463+0000: [ParNew: 38020K->4K(42752K), 0.0024441 secs] 452975K->414959K(710256K), 0.0024991 secs] [Times: user=0.00 sys=0.00, real=0.00 secs] 
2020-10-29T14:17:30.499+0000: [GC (Allocation Failure) 2020-10-29T14:17:30.499+0000: [ParNew: 38020K->4K(42752K), 0.0025036 secs] 452975K->414959K(710256K), 0.0025593 secs] [Times: user=0.01 sys=0.00, real=0.00 secs] 
2020-10-29T14:17:30.538+0000: [GC (Allocation Failure) 2020-10-29T14:17:30.538+0000: [ParNew: 38020K->4K(42752K), 0.0024914 secs] 452975K->414959K(710256K), 0.0025484 secs] [Times: user=0.00 sys=0.01, real=0.00 secs] 
2020-10-29T14:17:30.578+0000: [GC (Allocation Failure) 2020-10-29T14:17:30.578+0000: [ParNew: 38020K->4K(42752K), 0.0024648 secs] 452975K->414959K(710256K), 0.0025210 secs] [Times: user=0.00 sys=0.00, real=0.00 secs] 
2020-10-29T14:17:30.618+0000: [GC (Allocation Failure) 2020-10-29T14:17:30.618+0000: [ParNew: 38020K->4K(42752K), 0.0024334 secs] 452975K->414959K(710256K), 0.0024893 secs] [Times: user=0.01 sys=0.00, real=0.00 secs] 
2020-10-29T14:17:30.658+0000: [GC (Allocation Failure) 2020-10-29T14:17:30.658+0000: [ParNew: 38020K->4K(42752K), 0.0024678 secs] 452975K->414959K(710256K), 0.0025246 secs] [Times: user=0.01 sys=0.00, real=0.00 secs] 
2020-10-29T14:17:30.696+0000: [GC (Allocation Failure) 2020-10-29T14:17:30.696+0000: [ParNew: 38020K->4K(42752K), 0.0024961 secs] 452975K->414959K(710256K), 0.0025520 secs] [Times: user=0.01 sys=0.00, real=0.00 secs] 
2020-10-29T14:17:30.733+0000: [GC (Allocation Failure) 2020-10-29T14:17:30.733+0000: [ParNew: 38020K->4K(42752K), 0.0025307 secs] 452975K->414959K(710256K), 0.0025868 secs] [Times: user=0.01 sys=0.00, real=0.00 secs] 
2020-10-29T14:17:30.770+0000: [GC (Allocation Failure) 2020-10-29T14:17:30.770+0000: [ParNew: 38020K->4K(42752K), 0.0024504 secs] 452975K->414960K(710256K), 0.0025063 secs] [Times: user=0.01 sys=0.00, real=0.00 secs] 
2020-10-29T14:17:30.810+0000: [GC (Allocation Failure) 2020-10-29T14:17:30.810+0000: [ParNew: 38020K->4K(42752K), 0.0024376 secs] 452976K->414960K(710256K), 0.0024939 secs] [Times: user=0.00 sys=0.00, real=0.00 secs] 
2020-10-29T14:17:30.850+0000: [GC (Allocation Failure) 2020-10-29T14:17:30.850+0000: [ParNew: 38020K->4K(42752K), 0.0024883 secs] 452976K->414960K(710256K), 0.0025451 secs] [Times: user=0.00 sys=0.00, real=0.00 secs] 
2020-10-29T14:17:30.887+0000: [GC (Allocation Failure) 2020-10-29T14:17:30.887+0000: [ParNew: 38020K->4K(42752K), 0.0024535 secs] 452976K->414960K(710256K), 0.0025013 secs] [Times: user=0.01 sys=0.00, real=0.00 secs] 
2020-10-29T14:17:30.924+0000: [GC (Allocation Failure) 2020-10-29T14:17:30.924+0000: [ParNew: 38020K->4K(42752K), 0.0024931 secs] 452976K->414960K(710256K), 0.0025484 secs] [Times: user=0.00 sys=0.00, real=0.00 secs] 
2020-10-29T14:17:30.950+0000: [GC (Allocation Failure) 2020-10-29T14:17:30.950+0000: [ParNew: 21663K->4K(42752K), 0.0024054 secs] 436619K->414960K(710256K), 0.0024577 secs] [Times: user=0.01 sys=0.00, real=0.01 secs] 
2020-10-29T14:17:30.978+0000: [GC (Allocation Failure) 2020-10-29T14:17:30.978+0000: [ParNew: 38020K->4K(42752K), 0.0043226 secs] 452976K->431344K(710256K), 0.0043786 secs] [Times: user=0.01 sys=0.00, real=0.01 secs] 
2020-10-29T14:17:30.986+0000: [GC (CMS Initial Mark) [1 CMS-initial-mark: 431340K(667504K)] 435281K(710256K), 0.0033961 secs] [Times: user=0.01 sys=0.00, real=0.00 secs] 
2020-10-29T14:17:30.990+0000: [CMS-concurrent-mark-start]
2020-10-29T14:17:31.034+0000: [GC (Allocation Failure) 2020-10-29T14:17:31.034+0000: [ParNew: 38020K->4K(42752K), 0.0024211 secs] 469360K->431344K(710256K), 0.0024790 secs] [Times: user=0.01 sys=0.00, real=0.00 secs] 
2020-10-29T14:17:31.084+0000: [GC (Allocation Failure) 2020-10-29T14:17:31.084+0000: [ParNew: 38020K->4K(42752K), 0.0024189 secs] 469360K->431344K(710256K), 0.0024744 secs] [Times: user=0.01 sys=0.00, real=0.00 secs] 
2020-10-29T14:17:31.108+0000: [CMS-concurrent-mark: 0.105/0.118 secs] [Times: user=0.20 sys=0.01, real=0.12 secs] 
2020-10-29T14:17:31.108+0000: [CMS-concurrent-preclean-start]
2020-10-29T14:17:31.110+0000: [CMS-concurrent-preclean: 0.003/0.003 secs] [Times: user=0.01 sys=0.00, real=0.01 secs] 
2020-10-29T14:17:31.110+0000: [CMS-concurrent-abortable-preclean-start]
2020-10-29T14:17:31.126+0000: [GC (Allocation Failure) 2020-10-29T14:17:31.126+0000: [ParNew: 38020K->4K(42752K), 0.0022790 secs] 469360K->431344K(710256K), 0.0023254 secs] [Times: user=0.01 sys=0.00, real=0.00 secs] 
2020-10-29T14:17:31.166+0000: [GC (Allocation Failure) 2020-10-29T14:17:31.166+0000: [ParNew: 38020K->6K(42752K), 0.0024585 secs] 469360K->431346K(710256K), 0.0025141 secs] [Times: user=0.00 sys=0.00, real=0.00 secs] 
2020-10-29T14:17:31.206+0000: [GC (Allocation Failure) 2020-10-29T14:17:31.206+0000: [ParNew: 38022K->4K(42752K), 0.0024868 secs] 469362K->431344K(710256K), 0.0025440 secs] [Times: user=0.00 sys=0.00, real=0.00 secs] 
2020-10-29T14:17:31.245+0000: [GC (Allocation Failure) 2020-10-29T14:17:31.245+0000: [ParNew: 38020K->4K(42752K), 0.0024657 secs] 469360K->431344K(710256K), 0.0025178 secs] [Times: user=0.00 sys=0.00, real=0.00 secs] 
2020-10-29T14:17:31.282+0000: [GC (Allocation Failure) 2020-10-29T14:17:31.282+0000: [ParNew: 38020K->4K(42752K), 0.0024763 secs] 469360K->431344K(710256K), 0.0025324 secs] [Times: user=0.00 sys=0.00, real=0.01 secs] 
2020-10-29T14:17:31.319+0000: [GC (Allocation Failure) 2020-10-29T14:17:31.319+0000: [ParNew: 38020K->4K(42752K), 0.0024801 secs] 469360K->431344K(710256K), 0.0025360 secs] [Times: user=0.00 sys=0.00, real=0.00 secs] 
2020-10-29T14:17:31.358+0000: [GC (Allocation Failure) 2020-10-29T14:17:31.358+0000: [ParNew: 38020K->4K(42752K), 0.0024878 secs] 469360K->431344K(710256K), 0.0025440 secs] [Times: user=0.00 sys=0.00, real=0.00 secs] 
2020-10-29T14:17:31.396+0000: [GC (Allocation Failure) 2020-10-29T14:17:31.396+0000: [ParNew: 38020K->4K(42752K), 0.0024483 secs] 469360K->431344K(710256K), 0.0025187 secs] [Times: user=0.00 sys=0.00, real=0.00 secs] 
2020-10-29T14:17:31.433+0000: [GC (Allocation Failure) 2020-10-29T14:17:31.433+0000: [ParNew: 38020K->4K(42752K), 0.0024993 secs] 469360K->431344K(710256K), 0.0025667 secs] [Times: user=0.00 sys=0.00, real=0.00 secs] 
2020-10-29T14:17:31.470+0000: [GC (Allocation Failure) 2020-10-29T14:17:31.470+0000: [ParNew: 38020K->4K(42752K), 0.0024386 secs] 469360K->431344K(710256K), 0.0024858 secs] [Times: user=0.00 sys=0.00, real=0.00 secs] 
2020-10-29T14:17:31.508+0000: [GC (Allocation Failure) 2020-10-29T14:17:31.508+0000: [ParNew: 38020K->4K(42752K), 0.0024913 secs] 469360K->431344K(710256K), 0.0025472 secs] [Times: user=0.00 sys=0.00, real=0.01 secs] 
2020-10-29T14:17:31.546+0000: [GC (Allocation Failure) 2020-10-29T14:17:31.546+0000: [ParNew: 38020K->4K(42752K), 0.0024494 secs] 469360K->431344K(710256K), 0.0025055 secs] [Times: user=0.00 sys=0.00, real=0.00 secs] 
2020-10-29T14:17:31.586+0000: [GC (Allocation Failure) 2020-10-29T14:17:31.586+0000: [ParNew: 38020K->4K(42752K), 0.0024413 secs] 469360K->431344K(710256K), 0.0024967 secs] [Times: user=0.01 sys=0.00, real=0.00 secs] 
2020-10-29T14:17:31.625+0000: [GC (Allocation Failure) 2020-10-29T14:17:31.625+0000: [ParNew: 38020K->4K(42752K), 0.0024805 secs] 469360K->431344K(710256K), 0.0025366 secs] [Times: user=0.00 sys=0.00, real=0.00 secs] 
2020-10-29T14:17:31.662+0000: [GC (Allocation Failure) 2020-10-29T14:17:31.662+0000: [ParNew: 38020K->4K(42752K), 0.0024623 secs] 469360K->431344K(710256K), 0.0025171 secs] [Times: user=0.00 sys=0.00, real=0.00 secs] 
2020-10-29T14:17:31.702+0000: [GC (Allocation Failure) 2020-10-29T14:17:31.702+0000: [ParNew: 38020K->4K(42752K), 0.0024775 secs] 469360K->431344K(710256K), 0.0025445 secs] [Times: user=0.00 sys=0.00, real=0.00 secs] 
2020-10-29T14:17:31.740+0000: [GC (Allocation Failure) 2020-10-29T14:17:31.740+0000: [ParNew: 38020K->4K(42752K), 0.0024949 secs] 469360K->431344K(710256K), 0.0025498 secs] [Times: user=0.01 sys=0.00, real=0.01 secs] 
2020-10-29T14:17:31.777+0000: [GC (Allocation Failure) 2020-10-29T14:17:31.777+0000: [ParNew: 38020K->4K(42752K), 0.0024895 secs] 469360K->431344K(710256K), 0.0025454 secs] [Times: user=0.00 sys=0.00, real=0.00 secs] 
2020-10-29T14:17:31.818+0000: [GC (Allocation Failure) 2020-10-29T14:17:31.818+0000: [ParNew: 38020K->4K(42752K), 0.0024498 secs] 469360K->431344K(710256K), 0.0025047 secs] [Times: user=0.01 sys=0.00, real=0.00 secs] 
2020-10-29T14:17:31.858+0000: [GC (Allocation Failure) 2020-10-29T14:17:31.858+0000: [ParNew: 38020K->4K(42752K), 0.0024544 secs] 469360K->431344K(710256K), 0.0025088 secs] [Times: user=0.01 sys=0.00, real=0.00 secs] 
2020-10-29T14:17:31.896+0000: [GC (Allocation Failure) 2020-10-29T14:17:31.896+0000: [ParNew: 38020K->4K(42752K), 0.0024971 secs] 469360K->431344K(710256K), 0.0025653 secs] [Times: user=0.00 sys=0.00, real=0.00 secs] 
2020-10-29T14:17:31.934+0000: [GC (Allocation Failure) 2020-10-29T14:17:31.934+0000: [ParNew: 38020K->4K(42752K), 0.0024500 secs] 469360K->431344K(710256K), 0.0025061 secs] [Times: user=0.00 sys=0.00, real=0.00 secs] 
2020-10-29T14:17:31.973+0000: [GC (Allocation Failure) 2020-10-29T14:17:31.973+0000: [ParNew: 38020K->4K(42752K), 0.0024702 secs] 469360K->431344K(710256K), 0.0025284 secs] [Times: user=0.00 sys=0.00, real=0.00 secs] 
2020-10-29T14:17:32.011+0000: [GC (Allocation Failure) 2020-10-29T14:17:32.011+0000: [ParNew: 38020K->4K(42752K), 0.0024973 secs] 469360K->431344K(710256K), 0.0025540 secs] [Times: user=0.01 sys=0.00, real=0.00 secs] 
2020-10-29T14:17:32.048+0000: [GC (Allocation Failure) 2020-10-29T14:17:32.048+0000: [ParNew: 38020K->4K(42752K), 0.0024857 secs] 469360K->431344K(710256K), 0.0025417 secs] [Times: user=0.00 sys=0.00, real=0.01 secs] 
2020-10-29T14:17:32.086+0000: [GC (Allocation Failure) 2020-10-29T14:17:32.086+0000: [ParNew: 38020K->4K(42752K), 0.0024417 secs] 469360K->431344K(710256K), 0.0024972 secs] [Times: user=0.01 sys=0.00, real=0.00 secs] 
2020-10-29T14:17:32.124+0000: [GC (Allocation Failure) 2020-10-29T14:17:32.124+0000: [ParNew: 38020K->4K(42752K), 0.0024604 secs] 469360K->431344K(710256K), 0.0025163 secs] [Times: user=0.01 sys=0.00, real=0.00 secs] 
2020-10-29T14:17:32.162+0000: [GC (Allocation Failure) 2020-10-29T14:17:32.162+0000: [ParNew: 38020K->4K(42752K), 0.0024683 secs] 469360K->431344K(710256K), 0.0025243 secs] [Times: user=0.00 sys=0.00, real=0.00 secs] 
2020-10-29T14:17:32.202+0000: [GC (Allocation Failure) 2020-10-29T14:17:32.202+0000: [ParNew: 38020K->4K(42752K), 0.0024601 secs] 469360K->431344K(710256K), 0.0025165 secs] [Times: user=0.00 sys=0.00, real=0.00 secs] 
2020-10-29T14:17:32.240+0000: [GC (Allocation Failure) 2020-10-29T14:17:32.240+0000: [ParNew: 38020K->4K(42752K), 0.0024706 secs] 469360K->431344K(710256K), 0.0025325 secs] [Times: user=0.00 sys=0.00, real=0.01 secs] 
2020-10-29T14:17:32.278+0000: [GC (Allocation Failure) 2020-10-29T14:17:32.278+0000: [ParNew: 38020K->4K(42752K), 0.0024697 secs] 469360K->431344K(710256K), 0.0025376 secs] [Times: user=0.01 sys=0.00, real=0.00 secs] 
2020-10-29T14:17:32.318+0000: [GC (Allocation Failure) 2020-10-29T14:17:32.318+0000: [ParNew: 38020K->4K(42752K), 0.0024688 secs] 469360K->431344K(710256K), 0.0025241 secs] [Times: user=0.01 sys=0.00, real=0.00 secs] 
2020-10-29T14:17:32.358+0000: [GC (Allocation Failure) 2020-10-29T14:17:32.358+0000: [ParNew: 38020K->4K(42752K), 0.0024529 secs] 469360K->431344K(710256K), 0.0025092 secs] [Times: user=0.00 sys=0.00, real=0.00 secs] 
2020-10-29T14:17:32.398+0000: [GC (Allocation Failure) 2020-10-29T14:17:32.398+0000: [ParNew: 38020K->4K(42752K), 0.0024457 secs] 469360K->431345K(710256K), 0.0025006 secs] [Times: user=0.01 sys=0.00, real=0.00 secs] 
2020-10-29T14:17:32.438+0000: [GC (Allocation Failure) 2020-10-29T14:17:32.438+0000: [ParNew: 38020K->4K(42752K), 0.0024381 secs] 469361K->431345K(710256K), 0.0024937 secs] [Times: user=0.00 sys=0.00, real=0.00 secs] 
2020-10-29T14:17:32.475+0000: [GC (Allocation Failure) 2020-10-29T14:17:32.475+0000: [ParNew: 38020K->4K(42752K), 0.0025177 secs] 469361K->431345K(710256K), 0.0025738 secs] [Times: user=0.00 sys=0.00, real=0.00 secs] 
2020-10-29T14:17:32.513+0000: [GC (Allocation Failure) 2020-10-29T14:17:32.513+0000: [ParNew: 38020K->4K(42752K), 0.0024716 secs] 469361K->431345K(710256K), 0.0025263 secs] [Times: user=0.01 sys=0.00, real=0.00 secs] 
2020-10-29T14:17:32.550+0000: [GC (Allocation Failure) 2020-10-29T14:17:32.550+0000: [ParNew: 38020K->4K(42752K), 0.0027230 secs] 469361K->431345K(710256K), 0.0027839 secs] [Times: user=0.01 sys=0.00, real=0.01 secs] 
2020-10-29T14:17:32.594+0000: [GC (Allocation Failure) 2020-10-29T14:17:32.594+0000: [ParNew: 38020K->4K(42752K), 0.0024500 secs] 469361K->431345K(710256K), 0.0025070 secs] [Times: user=0.00 sys=0.00, real=0.00 secs] 
2020-10-29T14:17:32.632+0000: [GC (Allocation Failure) 2020-10-29T14:17:32.632+0000: [ParNew: 38020K->4K(42752K), 0.0025090 secs] 469361K->431345K(710256K), 0.0025652 secs] [Times: user=0.00 sys=0.00, real=0.00 secs] 
2020-10-29T14:17:32.670+0000: [GC (Allocation Failure) 2020-10-29T14:17:32.670+0000: [ParNew: 38020K->4K(42752K), 0.0024519 secs] 469361K->431345K(710256K), 0.0025077 secs] [Times: user=0.00 sys=0.00, real=0.01 secs] 
2020-10-29T14:17:32.710+0000: [GC (Allocation Failure) 2020-10-29T14:17:32.710+0000: [ParNew: 38020K->4K(42752K), 0.0024691 secs] 469361K->431345K(710256K), 0.0025242 secs] [Times: user=0.01 sys=0.00, real=0.00 secs] 
2020-10-29T14:17:32.747+0000: [GC (Allocation Failure) 2020-10-29T14:17:32.747+0000: [ParNew: 38020K->4K(42752K), 0.0025009 secs] 469361K->431345K(710256K), 0.0025569 secs] [Times: user=0.00 sys=0.00, real=0.00 secs] 
2020-10-29T14:17:32.786+0000: [GC (Allocation Failure) 2020-10-29T14:17:32.786+0000: [ParNew: 38020K->4K(42752K), 0.0024614 secs] 469361K->431345K(710256K), 0.0025172 secs] [Times: user=0.00 sys=0.00, real=0.00 secs] 
2020-10-29T14:17:32.824+0000: [GC (Allocation Failure) 2020-10-29T14:17:32.824+0000: [ParNew: 38020K->4K(42752K), 0.0024581 secs] 469361K->431345K(710256K), 0.0025148 secs] [Times: user=0.00 sys=0.00, real=0.00 secs] 
2020-10-29T14:17:32.866+0000: [GC (Allocation Failure) 2020-10-29T14:17:32.866+0000: [ParNew: 38020K->4K(42752K), 0.0025027 secs] 469361K->431345K(710256K), 0.0025590 secs] [Times: user=0.01 sys=0.00, real=0.00 secs] 
2020-10-29T14:17:32.904+0000: [GC (Allocation Failure) 2020-10-29T14:17:32.904+0000: [ParNew: 38020K->4K(42752K), 0.0025216 secs] 469361K->431345K(710256K), 0.0025755 secs] [Times: user=0.00 sys=0.00, real=0.00 secs] 
2020-10-29T14:17:32.946+0000: [GC (Allocation Failure) 2020-10-29T14:17:32.946+0000: [ParNew: 38020K->6K(42752K), 0.0024337 secs] 469361K->431347K(710256K), 0.0024902 secs] [Times: user=0.01 sys=0.00, real=0.00 secs] 
2020-10-29T14:17:32.987+0000: [GC (Allocation Failure) 2020-10-29T14:17:32.987+0000: [ParNew: 38022K->4K(42752K), 0.0024564 secs] 469363K->431345K(710256K), 0.0025136 secs] [Times: user=0.00 sys=0.00, real=0.00 secs] 
2020-10-29T14:17:33.026+0000: [GC (Allocation Failure) 2020-10-29T14:17:33.026+0000: [ParNew: 38020K->4K(42752K), 0.0024519 secs] 469361K->431345K(710256K), 0.0025173 secs] [Times: user=0.00 sys=0.00, real=0.00 secs] 
2020-10-29T14:17:33.074+0000: [GC (Allocation Failure) 2020-10-29T14:17:33.074+0000: [ParNew: 38020K->8K(42752K), 0.0025098 secs] 469361K->431349K(710256K), 0.0025673 secs] [Times: user=0.01 sys=0.00, real=0.00 secs] 
2020-10-29T14:17:33.112+0000: [GC (Allocation Failure) 2020-10-29T14:17:33.112+0000: [ParNew: 38024K->7K(42752K), 0.0025096 secs] 469365K->431348K(710256K), 0.0025670 secs] [Times: user=0.01 sys=0.00, real=0.00 secs] 
2020-10-29T14:17:33.150+0000: [GC (Allocation Failure) 2020-10-29T14:17:33.150+0000: [ParNew: 38023K->7K(42752K), 0.0024950 secs] 469364K->431348K(710256K), 0.0025531 secs] [Times: user=0.01 sys=0.00, real=0.00 secs] 
2020-10-29T14:17:33.188+0000: [GC (Allocation Failure) 2020-10-29T14:17:33.188+0000: [ParNew: 38023K->7K(42752K), 0.0025542 secs] 469364K->431348K(710256K), 0.0026282 secs] [Times: user=0.00 sys=0.00, real=0.01 secs] 
2020-10-29T14:17:33.225+0000: [GC (Allocation Failure) 2020-10-29T14:17:33.225+0000: [ParNew: 38023K->7K(42752K), 0.0024967 secs] 469364K->431349K(710256K), 0.0025533 secs] [Times: user=0.00 sys=0.00, real=0.00 secs] 
2020-10-29T14:17:33.262+0000: [GC (Allocation Failure) 2020-10-29T14:17:33.262+0000: [ParNew: 38023K->7K(42752K), 0.0024955 secs] 469365K->431349K(710256K), 0.0025553 secs] [Times: user=0.00 sys=0.00, real=0.00 secs] 
2020-10-29T14:17:33.300+0000: [GC (Allocation Failure) 2020-10-29T14:17:33.300+0000: [ParNew: 38023K->4K(42752K), 0.0025206 secs] 469365K->431349K(710256K), 0.0025911 secs] [Times: user=0.01 sys=0.00, real=0.01 secs] 
2020-10-29T14:17:33.338+0000: [GC (Allocation Failure) 2020-10-29T14:17:33.338+0000: [ParNew: 38020K->4K(42752K), 0.0024669 secs] 469365K->431348K(710256K), 0.0025222 secs] [Times: user=0.00 sys=0.00, real=0.00 secs] 
2020-10-29T14:17:33.376+0000: [GC (Allocation Failure) 2020-10-29T14:17:33.376+0000: [ParNew: 38020K->4K(42752K), 0.0024612 secs] 469364K->431348K(710256K), 0.0025180 secs] [Times: user=0.01 sys=0.00, real=0.00 secs] 
2020-10-29T14:17:33.414+0000: [GC (Allocation Failure) 2020-10-29T14:17:33.414+0000: [ParNew: 38020K->4K(42752K), 0.0024544 secs] 469364K->431348K(710256K), 0.0025083 secs] [Times: user=0.00 sys=0.00, real=0.00 secs] 
2020-10-29T14:17:33.451+0000: [GC (Allocation Failure) 2020-10-29T14:17:33.452+0000: [ParNew: 38020K->4K(42752K), 0.0024997 secs] 469364K->431348K(710256K), 0.0025549 secs] [Times: user=0.01 sys=0.00, real=0.00 secs] 
2020-10-29T14:17:33.489+0000: [GC (Allocation Failure) 2020-10-29T14:17:33.489+0000: [ParNew: 38020K->4K(42752K), 0.0024806 secs] 469364K->431348K(710256K), 0.0025353 secs] [Times: user=0.01 sys=0.00, real=0.01 secs] 
2020-10-29T14:17:33.527+0000: [GC (Allocation Failure) 2020-10-29T14:17:33.527+0000: [ParNew: 38020K->4K(42752K), 0.0024880 secs] 469364K->431348K(710256K), 0.0025492 secs] [Times: user=0.01 sys=0.00, real=0.00 secs] 
2020-10-29T14:17:33.570+0000: [GC (Allocation Failure) 2020-10-29T14:17:33.570+0000: [ParNew: 38020K->4K(42752K), 0.0024884 secs] 469364K->431348K(710256K), 0.0025452 secs] [Times: user=0.01 sys=0.00, real=0.00 secs] 
2020-10-29T14:17:33.608+0000: [GC (Allocation Failure) 2020-10-29T14:17:33.608+0000: [ParNew: 38020K->4K(42752K), 0.0024752 secs] 469364K->431348K(710256K), 0.0025315 secs] [Times: user=0.00 sys=0.00, real=0.00 secs] 
2020-10-29T14:17:33.646+0000: [GC (Allocation Failure) 2020-10-29T14:17:33.646+0000: [ParNew: 38020K->4K(42752K), 0.0024542 secs] 469364K->431348K(710256K), 0.0025105 secs] [Times: user=0.00 sys=0.00, real=0.00 secs] 
2020-10-29T14:17:33.686+0000: [GC (Allocation Failure) 2020-10-29T14:17:33.686+0000: [ParNew: 38020K->4K(42752K), 0.0024516 secs] 469364K->431348K(710256K), 0.0025071 secs] [Times: user=0.01 sys=0.00, real=0.00 secs] 
2020-10-29T14:17:33.724+0000: [GC (Allocation Failure) 2020-10-29T14:17:33.724+0000: [ParNew: 38020K->4K(42752K), 0.0024617 secs] 469364K->431348K(710256K), 0.0025097 secs] [Times: user=0.01 sys=0.00, real=0.00 secs] 
2020-10-29T14:17:33.762+0000: [GC (Allocation Failure) 2020-10-29T14:17:33.762+0000: [ParNew: 38020K->4K(42752K), 0.0024488 secs] 469364K->431348K(710256K), 0.0025052 secs] [Times: user=0.01 sys=0.00, real=0.00 secs] 
2020-10-29T14:17:33.800+0000: [GC (Allocation Failure) 2020-10-29T14:17:33.800+0000: [ParNew: 38020K->4K(42752K), 0.0025023 secs] 469364K->431349K(710256K), 0.0025585 secs] [Times: user=0.01 sys=0.00, real=0.00 secs] 
2020-10-29T14:17:33.838+0000: [GC (Allocation Failure) 2020-10-29T14:17:33.838+0000: [ParNew: 38020K->4K(42752K), 0.0024677 secs] 469365K->431349K(710256K), 0.0025238 secs] [Times: user=0.01 sys=0.00, real=0.00 secs] 
2020-10-29T14:17:33.878+0000: [GC (Allocation Failure) 2020-10-29T14:17:33.878+0000: [ParNew: 38020K->4K(42752K), 0.0024676 secs] 469365K->431349K(710256K), 0.0025235 secs] [Times: user=0.00 sys=0.00, real=0.00 secs] 
2020-10-29T14:17:33.918+0000: [GC (Allocation Failure) 2020-10-29T14:17:33.918+0000: [ParNew: 38020K->4K(42752K), 0.0024677 secs] 469365K->431349K(710256K), 0.0025225 secs] [Times: user=0.01 sys=0.00, real=0.00 secs] 
2020-10-29T14:17:33.955+0000: [GC (Allocation Failure) 2020-10-29T14:17:33.955+0000: [ParNew: 38020K->4K(42752K), 0.0024796 secs] 469365K->431349K(710256K), 0.0025346 secs] [Times: user=0.01 sys=0.00, real=0.00 secs] 
2020-10-29T14:17:33.994+0000: [GC (Allocation Failure) 2020-10-29T14:17:33.994+0000: [ParNew: 38020K->4K(42752K), 0.0024484 secs] 469365K->431349K(710256K), 0.0025044 secs] [Times: user=0.00 sys=0.00, real=0.00 secs] 
2020-10-29T14:17:34.032+0000: [GC (Allocation Failure) 2020-10-29T14:17:34.032+0000: [ParNew: 38020K->4K(42752K), 0.0024570 secs] 469365K->431349K(710256K), 0.0025138 secs] [Times: user=0.01 sys=0.00, real=0.00 secs] 
2020-10-29T14:17:34.069+0000: [GC (Allocation Failure) 2020-10-29T14:17:34.069+0000: [ParNew: 38020K->4K(42752K), 0.0024716 secs] 469365K->431349K(710256K), 0.0025275 secs] [Times: user=0.00 sys=0.00, real=0.01 secs] 
2020-10-29T14:17:34.114+0000: [GC (Allocation Failure) 2020-10-29T14:17:34.114+0000: [ParNew: 38020K->4K(42752K), 0.0024511 secs] 469365K->431349K(710256K), 0.0025086 secs] [Times: user=0.01 sys=0.00, real=0.00 secs] 
2020-10-29T14:17:34.152+0000: [GC (Allocation Failure) 2020-10-29T14:17:34.152+0000: [ParNew: 38020K->4K(42752K), 0.0025132 secs] 469365K->431349K(710256K), 0.0025862 secs] [Times: user=0.00 sys=0.00, real=0.00 secs] 
2020-10-29T14:17:34.190+0000: [GC (Allocation Failure) 2020-10-29T14:17:34.190+0000: [ParNew: 38020K->4K(42752K), 0.0024441 secs] 469365K->431349K(710256K), 0.0024995 secs] [Times: user=0.00 sys=0.00, real=0.00 secs] 
2020-10-29T14:17:34.228+0000: [GC (Allocation Failure) 2020-10-29T14:17:34.228+0000: [ParNew: 38020K->4K(42752K), 0.0024816 secs] 469365K->431349K(710256K), 0.0025369 secs] [Times: user=0.00 sys=0.00, real=0.01 secs] 
2020-10-29T14:17:34.266+0000: [GC (Allocation Failure) 2020-10-29T14:17:34.266+0000: [ParNew: 38020K->4K(42752K), 0.0024396 secs] 469365K->431349K(710256K), 0.0024955 secs] [Times: user=0.01 sys=0.00, real=0.00 secs] 
2020-10-29T14:17:34.306+0000: [GC (Allocation Failure) 2020-10-29T14:17:34.306+0000: [ParNew: 38020K->4K(42752K), 0.0024563 secs] 469365K->431349K(710256K), 0.0025216 secs] [Times: user=0.01 sys=0.00, real=0.00 secs] 
2020-10-29T14:17:34.345+0000: [GC (Allocation Failure) 2020-10-29T14:17:34.345+0000: [ParNew: 38020K->4K(42752K), 0.0024739 secs] 469365K->431349K(710256K), 0.0025306 secs] [Times: user=0.00 sys=0.00, real=0.00 secs] 
2020-10-29T14:17:34.383+0000: [GC (Allocation Failure) 2020-10-29T14:17:34.384+0000: [ParNew: 38020K->4K(42752K), 0.0024811 secs] 469365K->431349K(710256K), 0.0025373 secs] [Times: user=0.01 sys=0.00, real=0.00 secs] 
2020-10-29T14:17:34.421+0000: [GC (Allocation Failure) 2020-10-29T14:17:34.421+0000: [ParNew: 38020K->4K(42752K), 0.0024713 secs] 469365K->431349K(710256K), 0.0025276 secs] [Times: user=0.01 sys=0.00, real=0.01 secs] 
2020-10-29T14:17:34.459+0000: [GC (Allocation Failure) 2020-10-29T14:17:34.459+0000: [ParNew: 38020K->4K(42752K), 0.0024653 secs] 469365K->431349K(710256K), 0.0025326 secs] [Times: user=0.00 sys=0.00, real=0.00 secs] 
2020-10-29T14:17:34.502+0000: [GC (Allocation Failure) 2020-10-29T14:17:34.502+0000: [ParNew: 38020K->4K(42752K), 0.0024712 secs] 469365K->431349K(710256K), 0.0025290 secs] [Times: user=0.00 sys=0.00, real=0.00 secs] 
2020-10-29T14:17:34.542+0000: [GC (Allocation Failure) 2020-10-29T14:17:34.542+0000: [ParNew: 38020K->4K(42752K), 0.0024440 secs] 469365K->431349K(710256K), 0.0025005 secs] [Times: user=0.01 sys=0.00, real=0.00 secs] 
2020-10-29T14:17:34.586+0000: [GC (Allocation Failure) 2020-10-29T14:17:34.586+0000: [ParNew: 38020K->4K(42752K), 0.0024272 secs] 469365K->431349K(710256K), 0.0024953 secs] [Times: user=0.00 sys=0.00, real=0.00 secs] 
2020-10-29T14:17:34.624+0000: [GC (Allocation Failure) 2020-10-29T14:17:34.624+0000: [ParNew: 38020K->4K(42752K), 0.0024860 secs] 469365K->431349K(710256K), 0.0025412 secs] [Times: user=0.00 sys=0.00, real=0.00 secs] 
2020-10-29T14:17:34.661+0000: [GC (Allocation Failure) 2020-10-29T14:17:34.661+0000: [ParNew: 38020K->4K(42752K), 0.0025101 secs] 469365K->431349K(710256K), 0.0025667 secs] [Times: user=0.00 sys=0.00, real=0.01 secs] 
2020-10-29T14:17:34.702+0000: [GC (Allocation Failure) 2020-10-29T14:17:34.702+0000: [ParNew: 38020K->4K(42752K), 0.0024627 secs] 469365K->431349K(710256K), 0.0025190 secs] [Times: user=0.00 sys=0.00, real=0.00 secs] 
2020-10-29T14:17:34.740+0000: [GC (Allocation Failure) 2020-10-29T14:17:34.740+0000: [ParNew: 38020K->4K(42752K), 0.0024997 secs] 469365K->431349K(710256K), 0.0025557 secs] [Times: user=0.00 sys=0.00, real=0.01 secs] 
2020-10-29T14:17:34.782+0000: [GC (Allocation Failure) 2020-10-29T14:17:34.782+0000: [ParNew: 38020K->4K(42752K), 0.0024437 secs] 469365K->431349K(710256K), 0.0025005 secs] [Times: user=0.01 sys=0.00, real=0.00 secs] 
2020-10-29T14:17:34.822+0000: [GC (Allocation Failure) 2020-10-29T14:17:34.822+0000: [ParNew: 38020K->4K(42752K), 0.0024530 secs] 469365K->431349K(710256K), 0.0025097 secs] [Times: user=0.01 sys=0.00, real=0.00 secs] 
2020-10-29T14:17:34.862+0000: [GC (Allocation Failure) 2020-10-29T14:17:34.862+0000: [ParNew: 38020K->4K(42752K), 0.0025157 secs] 469365K->431349K(710256K), 0.0025724 secs] [Times: user=0.01 sys=0.00, real=0.00 secs] 
2020-10-29T14:17:34.898+0000: [GC (Allocation Failure) 2020-10-29T14:17:34.898+0000: [ParNew: 38020K->4K(42752K), 0.0081847 secs] 469365K->439541K(710256K), 0.0082369 secs] [Times: user=0.00 sys=0.01, real=0.01 secs] 
2020-10-29T14:17:34.943+0000: [GC (Allocation Failure) 2020-10-29T14:17:34.943+0000: [ParNew: 38020K->4K(42752K), 0.0024798 secs] 477557K->439541K(710256K), 0.0025434 secs] [Times: user=0.01 sys=0.00, real=0.00 secs] 
2020-10-29T14:17:34.982+0000: [GC (Allocation Failure) 2020-10-29T14:17:34.982+0000: [ParNew: 38020K->4K(42752K), 0.0024581 secs] 477557K->439541K(710256K), 0.0025135 secs] [Times: user=0.01 sys=0.00, real=0.00 secs] 
2020-10-29T14:17:35.020+0000: [GC (Allocation Failure) 2020-10-29T14:17:35.020+0000: [ParNew: 38020K->4K(42752K), 0.0025406 secs] 477557K->439541K(710256K), 0.0025979 secs] [Times: user=0.01 sys=0.00, real=0.01 secs] 
2020-10-29T14:17:35.062+0000: [GC (Allocation Failure) 2020-10-29T14:17:35.062+0000: [ParNew: 38020K->4K(42752K), 0.0024503 secs] 477557K->439541K(710256K), 0.0025055 secs] [Times: user=0.01 sys=0.00, real=0.01 secs] 
2020-10-29T14:17:35.102+0000: [GC (Allocation Failure) 2020-10-29T14:17:35.102+0000: [ParNew: 38020K->4K(42752K), 0.0024583 secs] 477557K->439541K(710256K), 0.0025140 secs] [Times: user=0.00 sys=0.00, real=0.00 secs] 
2020-10-29T14:17:35.133+0000: [GC (Allocation Failure) 2020-10-29T14:17:35.133+0000: [ParNew: 38020K->4K(42752K), 0.0079532 secs] 477557K->447733K(710256K), 0.0080093 secs] [Times: user=0.01 sys=0.00, real=0.00 secs] 
2020-10-29T14:17:35.177+0000: [GC (Allocation Failure) 2020-10-29T14:17:35.177+0000: [ParNew: 38020K->4K(42752K), 0.0025347 secs] 485749K->447733K(710256K), 0.0025901 secs] [Times: user=0.00 sys=0.00, real=0.00 secs] 
2020-10-29T14:17:35.218+0000: [GC (Allocation Failure) 2020-10-29T14:17:35.218+0000: [ParNew: 38020K->4K(42752K), 0.0024410 secs] 485749K->447733K(710256K), 0.0024985 secs] [Times: user=0.00 sys=0.00, real=0.00 secs] 
2020-10-29T14:17:35.258+0000: [GC (Allocation Failure) 2020-10-29T14:17:35.258+0000: [ParNew: 38020K->4K(42752K), 0.0024288 secs] 485749K->447733K(710256K), 0.0024832 secs] [Times: user=0.00 sys=0.00, real=0.00 secs] 
2020-10-29T14:17:35.298+0000: [GC (Allocation Failure) 2020-10-29T14:17:35.298+0000: [ParNew: 38020K->4K(42752K), 0.0024100 secs] 485749K->447733K(710256K), 0.0024656 secs] [Times: user=0.00 sys=0.00, real=0.00 secs] 
2020-10-29T14:17:35.338+0000: [GC (Allocation Failure) 2020-10-29T14:17:35.338+0000: [ParNew: 38020K->4K(42752K), 0.0024207 secs] 485749K->447733K(710256K), 0.0024764 secs] [Times: user=0.00 sys=0.00, real=0.00 secs] 
2020-10-29T14:17:35.376+0000: [GC (Allocation Failure) 2020-10-29T14:17:35.376+0000: [ParNew: 38020K->4K(42752K), 0.0024351 secs] 485749K->447733K(710256K), 0.0024895 secs] [Times: user=0.01 sys=0.00, real=0.00 secs] 
2020-10-29T14:17:35.413+0000: [GC (Allocation Failure) 2020-10-29T14:17:35.413+0000: [ParNew: 38020K->4K(42752K), 0.0024642 secs] 485749K->447733K(710256K), 0.0025209 secs] [Times: user=0.01 sys=0.00, real=0.00 secs] 
2020-10-29T14:17:35.454+0000: [GC (Allocation Failure) 2020-10-29T14:17:35.454+0000: [ParNew: 38020K->4K(42752K), 0.0024167 secs] 485749K->447733K(710256K), 0.0024722 secs] [Times: user=0.00 sys=0.00, real=0.00 secs] 
2020-10-29T14:17:35.492+0000: [GC (Allocation Failure) 2020-10-29T14:17:35.492+0000: [ParNew: 38020K->4K(42752K), 0.0024254 secs] 485749K->447733K(710256K), 0.0024734 secs] [Times: user=0.01 sys=0.00, real=0.00 secs] 
2020-10-29T14:17:35.522+0000: [GC (Allocation Failure) 2020-10-29T14:17:35.522+0000: [ParNew: 38020K->4K(42752K), 0.0079429 secs] 485749K->455925K(710256K), 0.0079988 secs] [Times: user=0.02 sys=0.00, real=0.01 secs] 
2020-10-29T14:17:35.566+0000: [GC (Allocation Failure) 2020-10-29T14:17:35.566+0000: [ParNew: 38020K->4K(42752K), 0.0025389 secs] 493941K->455925K(710256K), 0.0025930 secs] [Times: user=0.01 sys=0.00, real=0.00 secs] 
2020-10-29T14:17:35.606+0000: [GC (Allocation Failure) 2020-10-29T14:17:35.606+0000: [ParNew: 38020K->4K(42752K), 0.0024363 secs] 493941K->455925K(710256K), 0.0024908 secs] [Times: user=0.00 sys=0.00, real=0.00 secs] 
2020-10-29T14:17:35.638+0000: [GC (Allocation Failure) 2020-10-29T14:17:35.638+0000: [ParNew: 38020K->4K(42752K), 0.0080999 secs] 493941K->464117K(710256K), 0.0081553 secs] [Times: user=0.01 sys=0.00, real=0.01 secs] 
2020-10-29T14:17:35.682+0000: [GC (Allocation Failure) 2020-10-29T14:17:35.682+0000: [ParNew: 38020K->4K(42752K), 0.0024839 secs] 502133K->464117K(710256K), 0.0025390 secs] [Times: user=0.00 sys=0.00, real=0.01 secs] 
2020-10-29T14:17:35.721+0000: [GC (Allocation Failure) 2020-10-29T14:17:35.721+0000: [ParNew: 38020K->4K(42752K), 0.0024473 secs] 502133K->464117K(710256K), 0.0025015 secs] [Times: user=0.00 sys=0.00, real=0.01 secs] 
2020-10-29T14:17:35.758+0000: [GC (Allocation Failure) 2020-10-29T14:17:35.758+0000: [ParNew: 38020K->4K(42752K), 0.0024149 secs] 502133K->464117K(710256K), 0.0024850 secs] [Times: user=0.00 sys=0.00, real=0.00 secs] 
2020-10-29T14:17:35.798+0000: [GC (Allocation Failure) 2020-10-29T14:17:35.798+0000: [ParNew: 38020K->4K(42752K), 0.0024088 secs] 502133K->464117K(710256K), 0.0024648 secs] [Times: user=0.00 sys=0.00, real=0.00 secs] 
2020-10-29T14:17:35.836+0000: [GC (Allocation Failure) 2020-10-29T14:17:35.836+0000: [ParNew: 38020K->4K(42752K), 0.0025160 secs] 502133K->464117K(710256K), 0.0025733 secs] [Times: user=0.00 sys=0.00, real=0.00 secs] 
2020-10-29T14:17:35.874+0000: [GC (Allocation Failure) 2020-10-29T14:17:35.874+0000: [ParNew: 38020K->4K(42752K), 0.0024057 secs] 502133K->464117K(710256K), 0.0024609 secs] [Times: user=0.01 sys=0.00, real=0.00 secs] 
2020-10-29T14:17:35.912+0000: [GC (Allocation Failure) 2020-10-29T14:17:35.912+0000: [ParNew: 38020K->4K(42752K), 0.0024294 secs] 502133K->464117K(710256K), 0.0025091 secs] [Times: user=0.01 sys=0.00, real=0.00 secs] 
2020-10-29T14:17:35.949+0000: [GC (Allocation Failure) 2020-10-29T14:17:35.949+0000: [ParNew: 38020K->4K(42752K), 0.0024158 secs] 502133K->464117K(710256K), 0.0024842 secs] [Times: user=0.00 sys=0.00, real=0.01 secs] 
2020-10-29T14:17:35.987+0000: [GC (Allocation Failure) 2020-10-29T14:17:35.987+0000: [ParNew: 38020K->4K(42752K), 0.0023949 secs] 502133K->464117K(710256K), 0.0024507 secs] [Times: user=0.00 sys=0.00, real=0.00 secs] 
2020-10-29T14:17:36.026+0000: [GC (Allocation Failure) 2020-10-29T14:17:36.026+0000: [ParNew: 38020K->4K(42752K), 0.0023932 secs] 502133K->464117K(710256K), 0.0024503 secs] [Times: user=0.01 sys=0.00, real=0.00 secs] 
2020-10-29T14:17:36.072+0000: [GC (Allocation Failure) 2020-10-29T14:17:36.072+0000: [ParNew: 38020K->4K(42752K), 0.0024204 secs] 502133K->464117K(710256K), 0.0024748 secs] [Times: user=0.00 sys=0.00, real=0.00 secs] 
2020-10-29T14:17:36.127+0000: [GC (Allocation Failure) 2020-10-29T14:17:36.128+0000: [ParNew: 38020K->4K(42752K), 0.0081689 secs] 502133K->472309K(710256K), 0.0082250 secs] [Times: user=0.01 sys=0.01, real=0.01 secs] 
 CMS: abort preclean due to time 2020-10-29T14:17:36.137+0000: [CMS-concurrent-abortable-preclean: 0.201/5.027 secs] [Times: user=9.32 sys=0.35, real=5.02 secs] 
2020-10-29T14:17:36.138+0000: [GC (CMS Final Remark) [YG occupancy: 761 K (42752 K)]2020-10-29T14:17:36.138+0000: [Rescan (parallel) , 0.0014609 secs]2020-10-29T14:17:36.140+0000: [weak refs processing, 0.0000536 secs]2020-10-29T14:17:36.140+0000: [class unloading, 0.0098450 secs]2020-10-29T14:17:36.150+0000: [scrub symbol table, 0.0092558 secs]2020-10-29T14:17:36.159+0000: [scrub string table, 0.0005689 secs][1 CMS-remark: 472305K(667504K)] 473067K(710256K), 0.0212907 secs] [Times: user=0.02 sys=0.00, real=0.02 secs] 
2020-10-29T14:17:36.170+0000: [CMS-concurrent-sweep-start]
2020-10-29T14:17:36.185+0000: [CMS-concurrent-sweep: 0.014/0.014 secs] [Times: user=0.03 sys=0.00, real=0.02 secs] 
2020-10-29T14:17:36.185+0000: [CMS-concurrent-reset-start]
2020-10-29T14:17:36.192+0000: [CMS-concurrent-reset: 0.007/0.007 secs] [Times: user=0.01 sys=0.00, real=0.01 secs] 
2020-10-29T14:17:36.233+0000: [GC (Allocation Failure) 2020-10-29T14:17:36.233+0000: [ParNew: 38020K->4K(42752K), 0.0034298 secs] 496105K->458089K(806228K), 0.0034868 secs] [Times: user=0.00 sys=0.00, real=0.00 secs] 
2020-10-29T14:17:36.304+0000: [GC (Allocation Failure) 2020-10-29T14:17:36.304+0000: [ParNew: 38020K->4K(42752K), 0.0026977 secs] 496105K->458089K(806228K), 0.0027557 secs] [Times: user=0.00 sys=0.00, real=0.00 secs] 
2020-10-29T14:17:36.838+0000: [GC (Allocation Failure) 2020-10-29T14:17:36.838+0000: [ParNew: 38020K->4K(42752K), 0.0027184 secs] 496105K->458089K(806228K), 0.0027757 secs] [Times: user=0.01 sys=0.00, real=0.00 secs] 
2020-10-29T14:17:36.959+0000: [GC (Allocation Failure) 2020-10-29T14:17:36.959+0000: [ParNew: 38020K->4K(42752K), 0.0026770 secs] 496105K->458089K(806228K), 0.0027338 secs] [Times: user=0.01 sys=0.00, real=0.00 secs] 
2020-10-29T14:17:37.038+0000: [GC (Allocation Failure) 2020-10-29T14:17:37.038+0000: [ParNew: 38020K->4K(42752K), 0.0026854 secs] 496105K->458089K(806228K), 0.0027446 secs] [Times: user=0.00 sys=0.00, real=0.00 secs] 
2020-10-29T14:17:37.114+0000: [GC (Allocation Failure) 2020-10-29T14:17:37.114+0000: [ParNew: 38020K->4K(42752K), 0.0026656 secs] 496105K->458090K(806228K), 0.0027211 secs] [Times: user=0.00 sys=0.00, real=0.00 secs] 
2020-10-29T14:17:37.183+0000: [GC (Allocation Failure) 2020-10-29T14:17:37.183+0000: [ParNew: 38020K->4K(42752K), 0.0026900 secs] 496106K->458090K(806228K), 0.0027466 secs] [Times: user=0.01 sys=0.00, real=0.00 secs] 
2020-10-29T14:17:37.236+0000: [GC (Allocation Failure) 2020-10-29T14:17:37.236+0000: [ParNew: 38020K->4K(42752K), 0.0026995 secs] 496106K->458090K(806228K), 0.0027591 secs] [Times: user=0.01 sys=0.00, real=0.00 secs] 
2020-10-29T14:17:37.275+0000: [GC (Allocation Failure) 2020-10-29T14:17:37.275+0000: [ParNew: 38020K->4K(42752K), 0.0026920 secs] 496106K->458091K(806228K), 0.0027471 secs] [Times: user=0.00 sys=0.00, real=0.00 secs] 
2020-10-29T14:17:37.314+0000: [GC (Allocation Failure) 2020-10-29T14:17:37.314+0000: [ParNew: 38020K->4K(42752K), 0.0026671 secs] 496107K->458091K(806228K), 0.0027329 secs] [Times: user=0.01 sys=0.00, real=0.00 secs] 
2020-10-29T14:17:37.353+0000: [GC (Allocation Failure) 2020-10-29T14:17:37.353+0000: [ParNew: 38020K->4K(42752K), 0.0027515 secs] 496107K->458091K(806228K), 0.0028074 secs] [Times: user=0.00 sys=0.00, real=0.00 secs] 
2020-10-29T14:17:37.394+0000: [GC (Allocation Failure) 2020-10-29T14:17:37.394+0000: [ParNew: 38020K->4K(42752K), 0.0026681 secs] 496107K->458091K(806228K), 0.0027250 secs] [Times: user=0.01 sys=0.00, real=0.00 secs] 
2020-10-29T14:17:37.434+0000: [GC (Allocation Failure) 2020-10-29T14:17:37.434+0000: [ParNew: 38020K->4K(42752K), 0.0026602 secs] 496107K->458091K(806228K), 0.0027156 secs] [Times: user=0.01 sys=0.00, real=0.00 secs] 
2020-10-29T14:17:37.473+0000: [GC (Allocation Failure) 2020-10-29T14:17:37.473+0000: [ParNew: 38020K->4K(42752K), 0.0027549 secs] 496107K->458091K(806228K), 0.0028093 secs] [Times: user=0.00 sys=0.00, real=0.00 secs] 
2020-10-29T14:17:37.511+0000: [GC (Allocation Failure) 2020-10-29T14:17:37.511+0000: [ParNew: 38020K->4K(42752K), 0.0026483 secs] 496107K->458091K(806228K), 0.0027035 secs] [Times: user=0.01 sys=0.00, real=0.00 secs] 
2020-10-29T14:17:37.585+0000: [GC (Allocation Failure) 2020-10-29T14:17:37.585+0000: [ParNew: 38020K->4K(42752K), 0.0027529 secs] 496107K->458091K(806228K), 0.0028112 secs] [Times: user=0.00 sys=0.00, real=0.00 secs] 
2020-10-29T14:17:37.634+0000: [GC (Allocation Failure) 2020-10-29T14:17:37.634+0000: [ParNew: 38020K->4K(42752K), 0.0026891 secs] 496107K->458091K(806228K), 0.0027475 secs] [Times: user=0.00 sys=0.00, real=0.00 secs] 
2020-10-29T14:17:37.679+0000: [GC (Allocation Failure) 2020-10-29T14:17:37.679+0000: [ParNew: 38020K->4K(42752K), 0.0026844 secs] 496107K->458091K(806228K), 0.0027410 secs] [Times: user=0.00 sys=0.00, real=0.00 secs] 
2020-10-29T14:17:37.725+0000: [GC (Allocation Failure) 2020-10-29T14:17:37.725+0000: [ParNew: 38020K->4K(42752K), 0.0027604 secs] 496107K->458091K(806228K), 0.0028168 secs] [Times: user=0.01 sys=0.00, real=0.00 secs] 
2020-10-29T14:17:37.771+0000: [GC (Allocation Failure) 2020-10-29T14:17:37.771+0000: [ParNew: 38020K->4K(42752K), 0.0026818 secs] 496107K->458091K(806228K), 0.0027389 secs] [Times: user=0.01 sys=0.00, real=0.00 secs] 
2020-10-29T14:17:37.817+0000: [GC (Allocation Failure) 2020-10-29T14:17:37.817+0000: [ParNew: 38020K->4K(42752K), 0.0027068 secs] 496107K->458091K(806228K), 0.0027632 secs] [Times: user=0.01 sys=0.00, real=0.00 secs] 
2020-10-29T14:17:38.835+0000: [GC (Allocation Failure) 2020-10-29T14:17:38.835+0000: [ParNew: 38020K->965K(42752K), 0.0037785 secs] 496107K->459053K(806228K), 0.0038558 secs] [Times: user=0.01 sys=0.00, real=0.00 secs] 
2020-10-29T14:17:39.121+0000: [GC (Allocation Failure) 2020-10-29T14:17:39.121+0000: [ParNew: 38981K->2578K(42752K), 0.0093162 secs] 497069K->460666K(806228K), 0.0093911 secs] [Times: user=0.02 sys=0.00, real=0.02 secs] 
2020-10-29T14:17:39.199+0000: [GC (Allocation Failure) 2020-10-29T14:17:39.200+0000: [ParNew: 40594K->2388K(42752K), 0.0057052 secs] 498682K->461021K(806228K), 0.0057876 secs] [Times: user=0.01 sys=0.00, real=0.01 secs] 
2020-10-29T14:17:39.294+0000: [GC (Allocation Failure) 2020-10-29T14:17:39.294+0000: [ParNew: 40404K->2082K(42752K), 0.0041185 secs] 499037K->460715K(806228K), 0.0041799 secs] [Times: user=0.01 sys=0.00, real=0.00 secs] 
2020-10-29T14:17:39.346+0000: [GC (Allocation Failure) 2020-10-29T14:17:39.346+0000: [ParNew: 40098K->3981K(42752K), 0.0043801 secs] 498731K->462613K(806228K), 0.0044372 secs] [Times: user=0.01 sys=0.00, real=0.01 secs] 
2020-10-29T14:17:39.401+0000: [GC (Allocation Failure) 2020-10-29T14:17:39.401+0000: [ParNew: 41997K->2752K(42752K), 0.0054718 secs] 500629K->462682K(806228K), 0.0055298 secs] [Times: user=0.02 sys=0.00, real=0.01 secs] 
2020-10-29T14:17:39.457+0000: [GC (Allocation Failure) 2020-10-29T14:17:39.457+0000: [ParNew: 40768K->3120K(42752K), 0.0031113 secs] 500698K->463051K(806228K), 0.0031713 secs] [Times: user=0.01 sys=0.00, real=0.00 secs] 
2020-10-29T14:17:39.498+0000: [GC (Allocation Failure) 2020-10-29T14:17:39.498+0000: [ParNew: 41136K->2188K(42752K), 0.0032084 secs] 501067K->463143K(806228K), 0.0032680 secs] [Times: user=0.00 sys=0.00, real=0.00 secs] 
2020-10-29T14:17:39.538+0000: [GC (Allocation Failure) 2020-10-29T14:17:39.538+0000: [ParNew: 40204K->3107K(42752K), 0.0034484 secs] 501159K->466110K(806228K), 0.0035065 secs] [Times: user=0.01 sys=0.00, real=0.00 secs] 
2020-10-29T14:17:39.589+0000: [GC (Allocation Failure) 2020-10-29T14:17:39.589+0000: [ParNew: 41123K->9K(42752K), 0.0028748 secs] 504126K->464036K(806228K), 0.0029342 secs] [Times: user=0.01 sys=0.00, real=0.01 secs] 
2020-10-29T14:17:39.668+0000: [GC (Allocation Failure) 2020-10-29T14:17:39.668+0000: [ParNew: 38025K->4K(42752K), 0.0027753 secs] 502052K->464031K(806228K), 0.0028543 secs] [Times: user=0.01 sys=0.00, real=0.01 secs] 
2020-10-29T14:17:39.742+0000: [GC (Allocation Failure) 2020-10-29T14:17:39.742+0000: [ParNew: 38020K->4K(42752K), 0.0027510 secs] 502047K->464031K(806228K), 0.0028096 secs] [Times: user=0.00 sys=0.00, real=0.01 secs] 
2020-10-29T14:17:39.794+0000: [GC (Allocation Failure) 2020-10-29T14:17:39.794+0000: [ParNew: 38020K->4K(42752K), 0.0026967 secs] 502047K->464031K(806228K), 0.0027734 secs] [Times: user=0.01 sys=0.00, real=0.00 secs] 
2020-10-29T14:17:39.877+0000: [GC (Allocation Failure) 2020-10-29T14:17:39.877+0000: [ParNew: 38020K->4100K(42752K), 0.0033159 secs] 502047K->468127K(806228K), 0.0033921 secs] [Times: user=0.01 sys=0.00, real=0.00 secs] 
2020-10-29T14:17:39.947+0000: [GC (Allocation Failure) 2020-10-29T14:17:39.947+0000: [ParNew: 42116K->4K(42752K), 0.0030908 secs] 506143K->466079K(806228K), 0.0031674 secs] [Times: user=0.00 sys=0.01, real=0.00 secs] 
2020-10-29T14:17:39.998+0000: [GC (Allocation Failure) 2020-10-29T14:17:39.998+0000: [ParNew: 38020K->4100K(42752K), 0.0038508 secs] 504095K->474271K(806228K), 0.0039283 secs] [Times: user=0.01 sys=0.00, real=0.00 secs] 
2020-10-29T14:17:40.058+0000: [GC (Allocation Failure) 2020-10-29T14:17:40.058+0000: [ParNew: 42116K->4K(42752K), 0.0027521 secs] 512287K->470175K(806228K), 0.0028112 secs] [Times: user=0.01 sys=0.00, real=0.00 secs] 
2020-10-29T14:17:40.100+0000: [GC (Allocation Failure) 2020-10-29T14:17:40.100+0000: [ParNew: 38020K->4K(42752K), 0.0060339 secs] 508191K->470175K(806228K), 0.0061184 secs] [Times: user=0.01 sys=0.00, real=0.01 secs] 
2020-10-29T14:17:40.141+0000: [GC (Allocation Failure) 2020-10-29T14:17:40.141+0000: [ParNew: 38020K->4K(42752K), 0.0027281 secs] 508191K->470175K(806228K), 0.0027838 secs] [Times: user=0.01 sys=0.00, real=0.01 secs] 
2020-10-29T14:17:40.176+0000: [GC (Allocation Failure) 2020-10-29T14:17:40.176+0000: [ParNew: 38020K->4K(42752K), 0.0026969 secs] 508191K->470175K(806228K), 0.0027540 secs] [Times: user=0.00 sys=0.00, real=0.00 secs] 
2020-10-29T14:17:40.214+0000: [GC (Allocation Failure) 2020-10-29T14:17:40.214+0000: [ParNew: 38020K->4K(42752K), 0.0026750 secs] 508191K->470175K(806228K), 0.0027309 secs] [Times: user=0.00 sys=0.00, real=0.00 secs] 
2020-10-29T14:17:40.250+0000: [GC (Allocation Failure) 2020-10-29T14:17:40.250+0000: [ParNew: 38020K->4K(42752K), 0.0027015 secs] 508191K->470175K(806228K), 0.0027587 secs] [Times: user=0.00 sys=0.00, real=0.01 secs] 
2020-10-29T14:17:40.287+0000: [GC (Allocation Failure) 2020-10-29T14:17:40.287+0000: [ParNew: 38020K->4K(42752K), 0.0027826 secs] 508191K->470175K(806228K), 0.0028397 secs] [Times: user=0.00 sys=0.00, real=0.00 secs] 
2020-10-29T14:17:40.322+0000: [GC (Allocation Failure) 2020-10-29T14:17:40.322+0000: [ParNew: 38020K->4K(42752K), 0.0027614 secs] 508191K->470175K(806228K), 0.0028191 secs] [Times: user=0.01 sys=0.00, real=0.01 secs] 
2020-10-29T14:17:40.357+0000: [GC (Allocation Failure) 2020-10-29T14:17:40.358+0000: [ParNew: 38020K->4K(42752K), 0.0027790 secs] 508191K->470175K(806228K), 0.0028363 secs] [Times: user=0.01 sys=0.00, real=0.00 secs] 
2020-10-29T14:17:40.394+0000: [GC (Allocation Failure) 2020-10-29T14:17:40.394+0000: [ParNew: 38020K->4K(42752K), 0.0027277 secs] 508191K->470175K(806228K), 0.0028021 secs] [Times: user=0.00 sys=0.00, real=0.00 secs] 
2020-10-29T14:17:40.430+0000: [GC (Allocation Failure) 2020-10-29T14:17:40.430+0000: [ParNew: 38020K->4100K(42752K), 0.0052591 secs] 508191K->478367K(806228K), 0.0053183 secs] [Times: user=0.00 sys=0.00, real=0.00 secs] 
2020-10-29T14:17:40.469+0000: [GC (Allocation Failure) 2020-10-29T14:17:40.469+0000: [ParNew: 42116K->4K(42752K), 0.0027241 secs] 516383K->474272K(806228K), 0.0027817 secs] [Times: user=0.00 sys=0.00, real=0.01 secs] 
2020-10-29T14:17:40.504+0000: [GC (Allocation Failure) 2020-10-29T14:17:40.504+0000: [ParNew: 38020K->4K(42752K), 0.0027034 secs] 512288K->474272K(806228K), 0.0027599 secs] [Times: user=0.00 sys=0.00, real=0.00 secs] 
2020-10-29T14:17:40.539+0000: [GC (Allocation Failure) 2020-10-29T14:17:40.539+0000: [ParNew: 38020K->4K(42752K), 0.0026550 secs] 512288K->474272K(806228K), 0.0027112 secs] [Times: user=0.01 sys=0.00, real=0.00 secs] 
2020-10-29T14:17:40.578+0000: [GC (Allocation Failure) 2020-10-29T14:17:40.578+0000: [ParNew: 38020K->4K(42752K), 0.0026872 secs] 512288K->474272K(806228K), 0.0027434 secs] [Times: user=0.00 sys=0.00, real=0.00 secs] 
2020-10-29T14:17:40.618+0000: [GC (Allocation Failure) 2020-10-29T14:17:40.618+0000: [ParNew: 38020K->4K(42752K), 0.0026569 secs] 512288K->474272K(806228K), 0.0027107 secs] [Times: user=0.00 sys=0.00, real=0.00 secs] 
2020-10-29T14:17:40.658+0000: [GC (Allocation Failure) 2020-10-29T14:17:40.658+0000: [ParNew: 38020K->4K(42752K), 0.0026939 secs] 512288K->474272K(806228K), 0.0027495 secs] [Times: user=0.01 sys=0.00, real=0.00 secs] 
2020-10-29T14:17:40.694+0000: [GC (Allocation Failure) 2020-10-29T14:17:40.694+0000: [ParNew: 38020K->4K(42752K), 0.0026995 secs] 512288K->474272K(806228K), 0.0027570 secs] [Times: user=0.01 sys=0.00, real=0.00 secs] 
2020-10-29T14:17:40.729+0000: [GC (Allocation Failure) 2020-10-29T14:17:40.729+0000: [ParNew: 38020K->4K(42752K), 0.0027000 secs] 512288K->474272K(806228K), 0.0027575 secs] [Times: user=0.00 sys=0.00, real=0.01 secs] 
2020-10-29T14:17:40.766+0000: [GC (Allocation Failure) 2020-10-29T14:17:40.766+0000: [ParNew: 38020K->4K(42752K), 0.0026720 secs] 512288K->474272K(806228K), 0.0027295 secs] [Times: user=0.01 sys=0.00, real=0.00 secs] 
2020-10-29T14:17:40.802+0000: [GC (Allocation Failure) 2020-10-29T14:17:40.802+0000: [ParNew: 38020K->4K(42752K), 0.0027975 secs] 512288K->474272K(806228K), 0.0028545 secs] [Times: user=0.00 sys=0.00, real=0.00 secs] 
2020-10-29T14:17:40.841+0000: [GC (Allocation Failure) 2020-10-29T14:17:40.841+0000: [ParNew: 38020K->4K(42752K), 0.0027361 secs] 512288K->474272K(806228K), 0.0027935 secs] [Times: user=0.01 sys=0.00, real=0.01 secs] 
2020-10-29T14:17:40.878+0000: [GC (Allocation Failure) 2020-10-29T14:17:40.878+0000: [ParNew: 38020K->4K(42752K), 0.0026750 secs] 512288K->474272K(806228K), 0.0027318 secs] [Times: user=0.00 sys=0.00, real=0.00 secs] 
2020-10-29T14:17:40.914+0000: [GC (Allocation Failure) 2020-10-29T14:17:40.914+0000: [ParNew: 38020K->4K(42752K), 0.0027249 secs] 512288K->474272K(806228K), 0.0027852 secs] [Times: user=0.01 sys=0.00, real=0.00 secs] 
2020-10-29T14:17:40.951+0000: [GC (Allocation Failure) 2020-10-29T14:17:40.951+0000: [ParNew: 38020K->4K(42752K), 0.0026809 secs] 512288K->474272K(806228K), 0.0027372 secs] [Times: user=0.01 sys=0.00, real=0.00 secs] 
2020-10-29T14:17:40.990+0000: [GC (Allocation Failure) 2020-10-29T14:17:40.990+0000: [ParNew: 38020K->4K(42752K), 0.0027419 secs] 512288K->474272K(806228K), 0.0027993 secs] [Times: user=0.00 sys=0.00, real=0.00 secs] 
2020-10-29T14:17:41.026+0000: [GC (Allocation Failure) 2020-10-29T14:17:41.026+0000: [ParNew: 38020K->4K(42752K), 0.0027095 secs] 512288K->474272K(806228K), 0.0027653 secs] [Times: user=0.01 sys=0.00, real=0.00 secs] 
2020-10-29T14:17:41.061+0000: [GC (Allocation Failure) 2020-10-29T14:17:41.062+0000: [ParNew: 38020K->4K(42752K), 0.0027107 secs] 512288K->474272K(806228K), 0.0027695 secs] [Times: user=0.01 sys=0.00, real=0.01 secs] 
2020-10-29T14:17:41.102+0000: [GC (Allocation Failure) 2020-10-29T14:17:41.102+0000: [ParNew: 38020K->4K(42752K), 0.0026771 secs] 512288K->474272K(806228K), 0.0027348 secs] [Times: user=0.01 sys=0.00, real=0.00 secs] 
2020-10-29T14:17:41.138+0000: [GC (Allocation Failure) 2020-10-29T14:17:41.138+0000: [ParNew: 38020K->4K(42752K), 0.0027211 secs] 512288K->474272K(806228K), 0.0027933 secs] [Times: user=0.01 sys=0.00, real=0.00 secs] 
2020-10-29T14:17:41.173+0000: [GC (Allocation Failure) 2020-10-29T14:17:41.173+0000: [ParNew: 38020K->4K(42752K), 0.0026957 secs] 512288K->474272K(806228K), 0.0027632 secs] [Times: user=0.01 sys=0.00, real=0.00 secs] 
2020-10-29T14:17:41.210+0000: [GC (Allocation Failure) 2020-10-29T14:17:41.210+0000: [ParNew: 38020K->4K(42752K), 0.0027002 secs] 512288K->474272K(806228K), 0.0027557 secs] [Times: user=0.01 sys=0.00, real=0.00 secs] 
2020-10-29T14:17:41.247+0000: [GC (Allocation Failure) 2020-10-29T14:17:41.247+0000: [ParNew: 38020K->4K(42752K), 0.0026875 secs] 512288K->474272K(806228K), 0.0027433 secs] [Times: user=0.00 sys=0.00, real=0.00 secs] 
2020-10-29T14:17:41.286+0000: [GC (Allocation Failure) 2020-10-29T14:17:41.286+0000: [ParNew: 38020K->4K(42752K), 0.0028516 secs] 512288K->474272K(806228K), 0.0029103 secs] [Times: user=0.01 sys=0.00, real=0.00 secs] 
2020-10-29T14:17:41.322+0000: [GC (Allocation Failure) 2020-10-29T14:17:41.322+0000: [ParNew: 38020K->4K(42752K), 0.0027029 secs] 512288K->474272K(806228K), 0.0027599 secs] [Times: user=0.00 sys=0.00, real=0.01 secs] 
2020-10-29T14:17:41.358+0000: [GC (Allocation Failure) 2020-10-29T14:17:41.358+0000: [ParNew: 38020K->4K(42752K), 0.0026667 secs] 512288K->474272K(806228K), 0.0027236 secs] [Times: user=0.01 sys=0.00, real=0.00 secs] 
2020-10-29T14:17:41.394+0000: [GC (Allocation Failure) 2020-10-29T14:17:41.394+0000: [ParNew: 38020K->4K(42752K), 0.0026927 secs] 512288K->474272K(806228K), 0.0027498 secs] [Times: user=0.01 sys=0.00, real=0.00 secs] 
2020-10-29T14:17:41.430+0000: [GC (Allocation Failure) 2020-10-29T14:17:41.430+0000: [ParNew: 38020K->4K(42752K), 0.0026783 secs] 512288K->474272K(806228K), 0.0027349 secs] [Times: user=0.00 sys=0.00, real=0.00 secs] 
2020-10-29T14:17:41.466+0000: [GC (Allocation Failure) 2020-10-29T14:17:41.466+0000: [ParNew: 38020K->4K(42752K), 0.0026831 secs] 512288K->474272K(806228K), 0.0027408 secs] [Times: user=0.01 sys=0.00, real=0.00 secs] 
2020-10-29T14:17:41.502+0000: [GC (Allocation Failure) 2020-10-29T14:17:41.502+0000: [ParNew: 38020K->4K(42752K), 0.0027030 secs] 512288K->474272K(806228K), 0.0027598 secs] [Times: user=0.00 sys=0.00, real=0.01 secs] 
2020-10-29T14:17:41.538+0000: [GC (Allocation Failure) 2020-10-29T14:17:41.538+0000: [ParNew: 38020K->4K(42752K), 0.0026859 secs] 512288K->474272K(806228K), 0.0027430 secs] [Times: user=0.01 sys=0.00, real=0.00 secs] 
2020-10-29T14:17:41.574+0000: [GC (Allocation Failure) 2020-10-29T14:17:41.574+0000: [ParNew: 38020K->4K(42752K), 0.0026840 secs] 512288K->474272K(806228K), 0.0027410 secs] [Times: user=0.01 sys=0.00, real=0.00 secs] 
2020-10-29T14:17:41.610+0000: [GC (Allocation Failure) 2020-10-29T14:17:41.610+0000: [ParNew: 38020K->4K(42752K), 0.0026718 secs] 512288K->474272K(806228K), 0.0027279 secs] [Times: user=0.00 sys=0.00, real=0.00 secs] 
2020-10-29T14:17:41.646+0000: [GC (Allocation Failure) 2020-10-29T14:17:41.646+0000: [ParNew: 38020K->4K(42752K), 0.0026681 secs] 512288K->474272K(806228K), 0.0027235 secs] [Times: user=0.00 sys=0.00, real=0.00 secs] 
2020-10-29T14:17:41.682+0000: [GC (Allocation Failure) 2020-10-29T14:17:41.682+0000: [ParNew: 38020K->4K(42752K), 0.0026914 secs] 512288K->474272K(806228K), 0.0027478 secs] [Times: user=0.00 sys=0.00, real=0.01 secs] 
2020-10-29T14:17:41.718+0000: [GC (Allocation Failure) 2020-10-29T14:17:41.718+0000: [ParNew: 38020K->4K(42752K), 0.0026700 secs] 512288K->474272K(806228K), 0.0027252 secs] [Times: user=0.00 sys=0.00, real=0.00 secs] 
2020-10-29T14:17:41.757+0000: [GC (Allocation Failure) 2020-10-29T14:17:41.757+0000: [ParNew: 38020K->4K(42752K), 0.0027231 secs] 512288K->474272K(806228K), 0.0027796 secs] [Times: user=0.01 sys=0.00, real=0.00 secs] 
2020-10-29T14:17:41.792+0000: [GC (Allocation Failure) 2020-10-29T14:17:41.792+0000: [ParNew: 38020K->4K(42752K), 0.0027763 secs] 512288K->474272K(806228K), 0.0028418 secs] [Times: user=0.01 sys=0.00, real=0.00 secs] 
2020-10-29T14:17:41.830+0000: [GC (Allocation Failure) 2020-10-29T14:17:41.830+0000: [ParNew: 38020K->6K(42752K), 0.0026935 secs] 512288K->474274K(806228K), 0.0027508 secs] [Times: user=0.01 sys=0.00, real=0.00 secs] 
2020-10-29T14:17:41.866+0000: [GC (Allocation Failure) 2020-10-29T14:17:41.866+0000: [ParNew: 38022K->6K(42752K), 0.0027339 secs] 512290K->474274K(806228K), 0.0027909 secs] [Times: user=0.00 sys=0.00, real=0.00 secs] 
2020-10-29T14:17:41.901+0000: [GC (Allocation Failure) 2020-10-29T14:17:41.901+0000: [ParNew: 38022K->6K(42752K), 0.0026911 secs] 512290K->474275K(806228K), 0.0027481 secs] [Times: user=0.01 sys=0.00, real=0.01 secs] 
2020-10-29T14:17:41.937+0000: [GC (Allocation Failure) 2020-10-29T14:17:41.937+0000: [ParNew: 38022K->6K(42752K), 0.0027169 secs] 512291K->474275K(806228K), 0.0027726 secs] [Times: user=0.01 sys=0.00, real=0.00 secs] 
2020-10-29T14:17:41.973+0000: [GC (Allocation Failure) 2020-10-29T14:17:41.973+0000: [ParNew: 38022K->6K(42752K), 0.0027468 secs] 512291K->474275K(806228K), 0.0028053 secs] [Times: user=0.01 sys=0.00, real=0.00 secs] 
2020-10-29T14:17:42.010+0000: [GC (Allocation Failure) 2020-10-29T14:17:42.010+0000: [ParNew: 38022K->6K(42752K), 0.0026594 secs] 512291K->474275K(806228K), 0.0027148 secs] [Times: user=0.01 sys=0.00, real=0.00 secs] 
2020-10-29T14:17:42.046+0000: [GC (Allocation Failure) 2020-10-29T14:17:42.046+0000: [ParNew: 38022K->4K(42752K), 0.0026997 secs] 512291K->474275K(806228K), 0.0027571 secs] [Times: user=0.00 sys=0.00, real=0.00 secs] 
2020-10-29T14:17:42.082+0000: [GC (Allocation Failure) 2020-10-29T14:17:42.082+0000: [ParNew: 38020K->4K(42752K), 0.0026938 secs] 512291K->474275K(806228K), 0.0027520 secs] [Times: user=0.00 sys=0.00, real=0.00 secs] 
2020-10-29T14:17:42.118+0000: [GC (Allocation Failure) 2020-10-29T14:17:42.118+0000: [ParNew: 38020K->4K(42752K), 0.0026963 secs] 512291K->474275K(806228K), 0.0027531 secs] [Times: user=0.01 sys=0.00, real=0.00 secs] 
2020-10-29T14:17:42.158+0000: [GC (Allocation Failure) 2020-10-29T14:17:42.158+0000: [ParNew: 38020K->4K(42752K), 0.0027065 secs] 512291K->474275K(806228K), 0.0027640 secs] [Times: user=0.01 sys=0.00, real=0.00 secs] 
2020-10-29T14:17:42.194+0000: [GC (Allocation Failure) 2020-10-29T14:17:42.194+0000: [ParNew: 38020K->4K(42752K), 0.0027124 secs] 512291K->474275K(806228K), 0.0027686 secs] [Times: user=0.01 sys=0.00, real=0.00 secs] 
2020-10-29T14:17:42.230+0000: [GC (Allocation Failure) 2020-10-29T14:17:42.230+0000: [ParNew: 38020K->4K(42752K), 0.0026788 secs] 512291K->474275K(806228K), 0.0027362 secs] [Times: user=0.00 sys=0.00, real=0.00 secs] 
2020-10-29T14:17:42.266+0000: [GC (Allocation Failure) 2020-10-29T14:17:42.266+0000: [ParNew: 38020K->4K(42752K), 0.0026918 secs] 512291K->474275K(806228K), 0.0027487 secs] [Times: user=0.00 sys=0.00, real=0.00 secs] 
2020-10-29T14:17:42.301+0000: [GC (Allocation Failure) 2020-10-29T14:17:42.301+0000: [ParNew: 38020K->4K(42752K), 0.0026823 secs] 512291K->474275K(806228K), 0.0027550 secs] [Times: user=0.00 sys=0.00, real=0.01 secs] 
2020-10-29T14:17:42.338+0000: [GC (Allocation Failure) 2020-10-29T14:17:42.338+0000: [ParNew: 38020K->4K(42752K), 0.0027108 secs] 512291K->474275K(806228K), 0.0027689 secs] [Times: user=0.01 sys=0.00, real=0.00 secs] 
2020-10-29T14:17:42.374+0000: [GC (Allocation Failure) 2020-10-29T14:17:42.374+0000: [ParNew: 38020K->4K(42752K), 0.0027196 secs] 512291K->474275K(806228K), 0.0027771 secs] [Times: user=0.01 sys=0.00, real=0.00 secs] 
2020-10-29T14:17:42.410+0000: [GC (Allocation Failure) 2020-10-29T14:17:42.410+0000: [ParNew: 38020K->4K(42752K), 0.0027536 secs] 512291K->474275K(806228K), 0.0028108 secs] [Times: user=0.00 sys=0.00, real=0.00 secs] 
2020-10-29T14:17:42.446+0000: [GC (Allocation Failure) 2020-10-29T14:17:42.446+0000: [ParNew: 38020K->4K(42752K), 0.0027008 secs] 512291K->474275K(806228K), 0.0027580 secs] [Times: user=0.00 sys=0.00, real=0.00 secs] 
2020-10-29T14:17:42.482+0000: [GC (Allocation Failure) 2020-10-29T14:17:42.482+0000: [ParNew: 38020K->4K(42752K), 0.0026911 secs] 512291K->474275K(806228K), 0.0027618 secs] [Times: user=0.01 sys=0.00, real=0.01 secs] 
2020-10-29T14:17:42.517+0000: [GC (Allocation Failure) 2020-10-29T14:17:42.517+0000: [ParNew: 38020K->4K(42752K), 0.0027352 secs] 512291K->474275K(806228K), 0.0028085 secs] [Times: user=0.01 sys=0.00, real=0.00 secs] 
2020-10-29T14:17:42.553+0000: [GC (Allocation Failure) 2020-10-29T14:17:42.553+0000: [ParNew: 38020K->4K(42752K), 0.0026884 secs] 512291K->474275K(806228K), 0.0027445 secs] [Times: user=0.00 sys=0.00, real=0.00 secs] 
2020-10-29T14:17:42.590+0000: [GC (Allocation Failure) 2020-10-29T14:17:42.590+0000: [ParNew: 38020K->4K(42752K), 0.0027227 secs] 512291K->474275K(806228K), 0.0027792 secs] [Times: user=0.01 sys=0.00, real=0.00 secs] 
2020-10-29T14:17:42.626+0000: [GC (Allocation Failure) 2020-10-29T14:17:42.626+0000: [ParNew: 38020K->4K(42752K), 0.0027954 secs] 512291K->474275K(806228K), 0.0028530 secs] [Times: user=0.01 sys=0.00, real=0.00 secs] 
2020-10-29T14:17:42.662+0000: [GC (Allocation Failure) 2020-10-29T14:17:42.662+0000: [ParNew: 38020K->4K(42752K), 0.0027192 secs] 512291K->474275K(806228K), 0.0027765 secs] [Times: user=0.01 sys=0.00, real=0.00 secs] 
2020-10-29T14:17:42.698+0000: [GC (Allocation Failure) 2020-10-29T14:17:42.698+0000: [ParNew: 38020K->4K(42752K), 0.0027126 secs] 512291K->474275K(806228K), 0.0027756 secs] [Times: user=0.00 sys=0.00, real=0.00 secs] 
2020-10-29T14:17:42.734+0000: [GC (Allocation Failure) 2020-10-29T14:17:42.734+0000: [ParNew: 38020K->4K(42752K), 0.0026687 secs] 512291K->474275K(806228K), 0.0027254 secs] [Times: user=0.00 sys=0.00, real=0.00 secs] 
2020-10-29T14:17:42.770+0000: [GC (Allocation Failure) 2020-10-29T14:17:42.770+0000: [ParNew: 38020K->4K(42752K), 0.0027541 secs] 512291K->474275K(806228K), 0.0028107 secs] [Times: user=0.01 sys=0.00, real=0.01 secs] 
2020-10-29T14:17:42.806+0000: [GC (Allocation Failure) 2020-10-29T14:17:42.806+0000: [ParNew: 38020K->4K(42752K), 0.0026686 secs] 512291K->474275K(806228K), 0.0027234 secs] [Times: user=0.01 sys=0.00, real=0.00 secs] 
2020-10-29T14:17:42.842+0000: [GC (Allocation Failure) 2020-10-29T14:17:42.842+0000: [ParNew: 38020K->4K(42752K), 0.0027566 secs] 512291K->474275K(806228K), 0.0028229 secs] [Times: user=0.01 sys=0.00, real=0.00 secs] 
2020-10-29T14:17:42.878+0000: [GC (Allocation Failure) 2020-10-29T14:17:42.878+0000: [ParNew: 38020K->4K(42752K), 0.0026719 secs] 512291K->474275K(806228K), 0.0027288 secs] [Times: user=0.01 sys=0.00, real=0.00 secs] 
2020-10-29T14:17:42.916+0000: [GC (Allocation Failure) 2020-10-29T14:17:42.916+0000: [ParNew: 38020K->4K(42752K), 0.0029685 secs] 512291K->474275K(806228K), 0.0030228 secs] [Times: user=0.01 sys=0.00, real=0.00 secs] 
2020-10-29T14:17:42.952+0000: [GC (Allocation Failure) 2020-10-29T14:17:42.952+0000: [ParNew: 38020K->4K(42752K), 0.0027067 secs] 512291K->474275K(806228K), 0.0027632 secs] [Times: user=0.00 sys=0.00, real=0.00 secs] 
2020-10-29T14:17:42.987+0000: [GC (Allocation Failure) 2020-10-29T14:17:42.987+0000: [ParNew: 38020K->4K(42752K), 0.0026767 secs] 512291K->474275K(806228K), 0.0027335 secs] [Times: user=0.00 sys=0.00, real=0.00 secs] 
2020-10-29T14:17:43.023+0000: [GC (Allocation Failure) 2020-10-29T14:17:43.023+0000: [ParNew: 38020K->4K(42752K), 0.0027221 secs] 512291K->474275K(806228K), 0.0027794 secs] [Times: user=0.00 sys=0.00, real=0.00 secs] 
2020-10-29T14:17:43.068+0000: [GC (Allocation Failure) 2020-10-29T14:17:43.068+0000: [ParNew: 38020K->8K(42752K), 0.0027794 secs] 512291K->474279K(806228K), 0.0028390 secs] [Times: user=0.01 sys=0.00, real=0.01 secs] 
2020-10-29T14:17:43.106+0000: [GC (Allocation Failure) 2020-10-29T14:17:43.106+0000: [ParNew: 38024K->8K(42752K), 0.0026949 secs] 512295K->474280K(806228K), 0.0027521 secs] [Times: user=0.01 sys=0.00, real=0.00 secs] 
2020-10-29T14:17:43.146+0000: [GC (Allocation Failure) 2020-10-29T14:17:43.146+0000: [ParNew: 38024K->9K(42752K), 0.0026982 secs] 512296K->474281K(806228K), 0.0027560 secs] [Times: user=0.00 sys=0.00, real=0.00 secs] 
2020-10-29T14:17:43.182+0000: [GC (Allocation Failure) 2020-10-29T14:17:43.182+0000: [ParNew: 38025K->8K(42752K), 0.0026986 secs] 512297K->474279K(806228K), 0.0027637 secs] [Times: user=0.01 sys=0.00, real=0.00 secs] 
2020-10-29T14:17:43.222+0000: [GC (Allocation Failure) 2020-10-29T14:17:43.222+0000: [ParNew: 38024K->10K(42752K), 0.0027363 secs] 512295K->474281K(806228K), 0.0028067 secs] [Times: user=0.01 sys=0.00, real=0.00 secs] 
2020-10-29T14:17:43.270+0000: [GC (Allocation Failure) 2020-10-29T14:17:43.270+0000: [ParNew: 38026K->8K(42752K), 0.0069615 secs] 512297K->474279K(806228K), 0.0070198 secs] [Times: user=0.01 sys=0.00, real=0.01 secs] 
2020-10-29T14:17:43.340+0000: [GC (Allocation Failure) 2020-10-29T14:17:43.340+0000: [ParNew: 38024K->4K(42752K), 0.0028785 secs] 512295K->474279K(806228K), 0.0029571 secs] [Times: user=0.00 sys=0.00, real=0.01 secs] 
2020-10-29T14:17:43.389+0000: [GC (Allocation Failure) 2020-10-29T14:17:43.389+0000: [ParNew: 38020K->4K(42752K), 0.0083646 secs] 512295K->474279K(806228K), 0.0084473 secs] [Times: user=0.01 sys=0.00, real=0.01 secs] 
2020-10-29T14:17:43.440+0000: [GC (Allocation Failure) 2020-10-29T14:17:43.440+0000: [ParNew: 38020K->4K(42752K), 0.0107474 secs] 512295K->474279K(806228K), 0.0108274 secs] [Times: user=0.01 sys=0.00, real=0.02 secs] 
2020-10-29T14:17:43.503+0000: [GC (Allocation Failure) 2020-10-29T14:17:43.503+0000: [ParNew: 38020K->4K(42752K), 0.0027748 secs] 512295K->474279K(806228K), 0.0028490 secs] [Times: user=0.01 sys=0.00, real=0.00 secs] 
2020-10-29T14:17:43.569+0000: [GC (Allocation Failure) 2020-10-29T14:17:43.569+0000: [ParNew: 38020K->4K(42752K), 0.0091047 secs] 512295K->474279K(806228K), 0.0091902 secs] [Times: user=0.01 sys=0.00, real=0.01 secs] 
2020-10-29T14:17:43.638+0000: [GC (Allocation Failure) 2020-10-29T14:17:43.638+0000: [ParNew: 38020K->4K(42752K), 0.0061078 secs] 512295K->474279K(806228K), 0.0061886 secs] [Times: user=0.00 sys=0.00, real=0.01 secs] 
2020-10-29T14:17:43.706+0000: [GC (Allocation Failure) 2020-10-29T14:17:43.706+0000: [ParNew: 38020K->4K(42752K), 0.0036300 secs] 512295K->474279K(806228K), 0.0036976 secs] [Times: user=0.00 sys=0.00, real=0.00 secs] 
2020-10-29T14:17:43.752+0000: [GC (Allocation Failure) 2020-10-29T14:17:43.752+0000: [ParNew: 38020K->4K(42752K), 0.0027099 secs] 512295K->474279K(806228K), 0.0027673 secs] [Times: user=0.01 sys=0.00, real=0.00 secs] 
2020-10-29T14:17:43.803+0000: [GC (Allocation Failure) 2020-10-29T14:17:43.803+0000: [ParNew: 38020K->4K(42752K), 0.0027788 secs] 512295K->474279K(806228K), 0.0028609 secs] [Times: user=0.01 sys=0.00, real=0.00 secs] 
2020-10-29T14:17:43.849+0000: [GC (Allocation Failure) 2020-10-29T14:17:43.849+0000: [ParNew: 38020K->4K(42752K), 0.0028458 secs] 512295K->474279K(806228K), 0.0029181 secs] [Times: user=0.01 sys=0.00, real=0.01 secs] 
2020-10-29T14:17:43.896+0000: [GC (Allocation Failure) 2020-10-29T14:17:43.896+0000: [ParNew: 38020K->4K(42752K), 0.0027355 secs] 512295K->474279K(806228K), 0.0028071 secs] [Times: user=0.00 sys=0.00, real=0.00 secs] 
2020-10-29T14:17:43.967+0000: [GC (Allocation Failure) 2020-10-29T14:17:43.967+0000: [ParNew: 38020K->4K(42752K), 0.0026781 secs] 512295K->474279K(806228K), 0.0027604 secs] [Times: user=0.00 sys=0.00, real=0.00 secs] 
2020-10-29T14:17:44.029+0000: [GC (Allocation Failure) 2020-10-29T14:17:44.029+0000: [ParNew: 38020K->4K(42752K), 0.0027026 secs] 512295K->474279K(806228K), 0.0027844 secs] [Times: user=0.01 sys=0.00, real=0.01 secs] 
2020-10-29T14:17:44.089+0000: [GC (Allocation Failure) 2020-10-29T14:17:44.089+0000: [ParNew: 38020K->4K(42752K), 0.0077843 secs] 512295K->474279K(806228K), 0.0078540 secs] [Times: user=0.01 sys=0.00, real=0.01 secs] 
2020-10-29T14:17:44.148+0000: [GC (Allocation Failure) 2020-10-29T14:17:44.148+0000: [ParNew: 38020K->4K(42752K), 0.0053726 secs] 512295K->474279K(806228K), 0.0054396 secs] [Times: user=0.01 sys=0.00, real=0.01 secs] 
2020-10-29T14:17:44.195+0000: [GC (Allocation Failure) 2020-10-29T14:17:44.195+0000: [ParNew: 38020K->2K(42752K), 0.0055200 secs] 512295K->474277K(806228K), 0.0055984 secs] [Times: user=0.00 sys=0.00, real=0.00 secs] 
2020-10-29T14:17:44.242+0000: [GC (Allocation Failure) 2020-10-29T14:17:44.242+0000: [ParNew: 38018K->4K(42752K), 0.0026955 secs] 512293K->474279K(806228K), 0.0027772 secs] [Times: user=0.00 sys=0.00, real=0.00 secs] 
2020-10-29T14:17:44.309+0000: [GC (Allocation Failure) 2020-10-29T14:17:44.309+0000: [ParNew: 38020K->4K(42752K), 0.0027412 secs] 512295K->474279K(806228K), 0.0028225 secs] [Times: user=0.00 sys=0.00, real=0.01 secs] 
2020-10-29T14:17:44.381+0000: [GC (Allocation Failure) 2020-10-29T14:17:44.381+0000: [ParNew: 38020K->4K(42752K), 0.0027387 secs] 512295K->474279K(806228K), 0.0028193 secs] [Times: user=0.00 sys=0.00, real=0.01 secs] 
2020-10-29T14:17:44.436+0000: [GC (Allocation Failure) 2020-10-29T14:17:44.436+0000: [ParNew: 38020K->2K(42752K), 0.0058410 secs] 512295K->474277K(806228K), 0.0059194 secs] [Times: user=0.01 sys=0.00, real=0.00 secs] 
2020-10-29T14:17:44.500+0000: [GC (Allocation Failure) 2020-10-29T14:17:44.500+0000: [ParNew: 38018K->4K(42752K), 0.0106832 secs] 512293K->474279K(806228K), 0.0107640 secs] [Times: user=0.00 sys=0.00, real=0.02 secs] 
2020-10-29T14:17:44.586+0000: [GC (Allocation Failure) 2020-10-29T14:17:44.586+0000: [ParNew: 38020K->4K(42752K), 0.0027383 secs] 512295K->474279K(806228K), 0.0028218 secs] [Times: user=0.00 sys=0.00, real=0.00 secs] 
2020-10-29T14:17:44.630+0000: [GC (Allocation Failure) 2020-10-29T14:17:44.630+0000: [ParNew: 38020K->2K(42752K), 0.0060134 secs] 512295K->474277K(806228K), 0.0060649 secs] [Times: user=0.00 sys=0.00, real=0.00 secs] 
2020-10-29T14:17:44.685+0000: [GC (Allocation Failure) 2020-10-29T14:17:44.685+0000: [ParNew: 38018K->4K(42752K), 0.0042015 secs] 512293K->474279K(806228K), 0.0042708 secs] [Times: user=0.00 sys=0.00, real=0.00 secs] 
2020-10-29T14:17:44.745+0000: [GC (Allocation Failure) 2020-10-29T14:17:44.745+0000: [ParNew: 38020K->4K(42752K), 0.0027921 secs] 512295K->474279K(806228K), 0.0028508 secs] [Times: user=0.01 sys=0.00, real=0.00 secs] 
2020-10-29T14:17:44.799+0000: [GC (Allocation Failure) 2020-10-29T14:17:44.799+0000: [ParNew: 38020K->4K(42752K), 0.0027563 secs] 512295K->474279K(806228K), 0.0028357 secs] [Times: user=0.01 sys=0.00, real=0.00 secs] 
2020-10-29T14:17:44.858+0000: [GC (Allocation Failure) 2020-10-29T14:17:44.858+0000: [ParNew: 38020K->4K(42752K), 0.0027323 secs] 512295K->474279K(806228K), 0.0029788 secs] [Times: user=0.00 sys=0.00, real=0.00 secs] 
2020-10-29T14:17:44.938+0000: [GC (Allocation Failure) 2020-10-29T14:17:44.938+0000: [ParNew: 38020K->4K(42752K), 0.0059528 secs] 512295K->474279K(806228K), 0.0060314 secs] [Times: user=0.00 sys=0.00, real=0.01 secs] 
2020-10-29T14:17:45.010+0000: [GC (Allocation Failure) 2020-10-29T14:17:45.010+0000: [ParNew: 38020K->4K(42752K), 0.0029928 secs] 512295K->474279K(806228K), 0.0030586 secs] [Times: user=0.00 sys=0.01, real=0.01 secs] 
2020-10-29T14:17:45.050+0000: [GC (Allocation Failure) 2020-10-29T14:17:45.050+0000: [ParNew: 38020K->4K(42752K), 0.0027572 secs] 512295K->474279K(806228K), 0.0028357 secs] [Times: user=0.00 sys=0.00, real=0.00 secs] 
2020-10-29T14:17:45.106+0000: [GC (Allocation Failure) 2020-10-29T14:17:45.106+0000: [ParNew: 38020K->4K(42752K), 0.0028765 secs] 512295K->474279K(806228K), 0.0029653 secs] [Times: user=0.01 sys=0.00, real=0.00 secs] 
2020-10-29T14:17:45.154+0000: [GC (Allocation Failure) 2020-10-29T14:17:45.154+0000: [ParNew: 38020K->4K(42752K), 0.0027611 secs] 512295K->474279K(806228K), 0.0028416 secs] [Times: user=0.01 sys=0.00, real=0.00 secs] 
2020-10-29T14:17:45.199+0000: [GC (Allocation Failure) 2020-10-29T14:17:45.199+0000: [ParNew: 38020K->4K(42752K), 0.0026909 secs] 512295K->474279K(806228K), 0.0027567 secs] [Times: user=0.00 sys=0.00, real=0.00 secs] 
2020-10-29T14:17:45.247+0000: [GC (Allocation Failure) 2020-10-29T14:17:45.247+0000: [ParNew: 38020K->4K(42752K), 0.0058061 secs] 512295K->474279K(806228K), 0.0058840 secs] [Times: user=0.00 sys=0.00, real=0.01 secs] 
2020-10-29T14:17:45.297+0000: [GC (Allocation Failure) 2020-10-29T14:17:45.297+0000: [ParNew: 38020K->4K(42752K), 0.0096177 secs] 512295K->474279K(806228K), 0.0097101 secs] [Times: user=0.01 sys=0.00, real=0.01 secs] 
2020-10-29T14:17:45.352+0000: [GC (Allocation Failure) 2020-10-29T14:17:45.352+0000: [ParNew: 38020K->4K(42752K), 0.0075717 secs] 512295K->474279K(806228K), 0.0076515 secs] [Times: user=0.01 sys=0.00, real=0.00 secs] 
2020-10-29T14:17:45.429+0000: [GC (Allocation Failure) 2020-10-29T14:17:45.429+0000: [ParNew: 38020K->4K(42752K), 0.0071650 secs] 512295K->474279K(806228K), 0.0072463 secs] [Times: user=0.01 sys=0.00, real=0.01 secs] 
2020-10-29T14:17:45.503+0000: [GC (Allocation Failure) 2020-10-29T14:17:45.503+0000: [ParNew: 38020K->4K(42752K), 0.0061264 secs] 512295K->474279K(806228K), 0.0061973 secs] [Times: user=0.00 sys=0.00, real=0.00 secs] 
2020-10-29T14:17:45.549+0000: [GC (Allocation Failure) 2020-10-29T14:17:45.549+0000: [ParNew: 38020K->4K(42752K), 0.0072768 secs] 512295K->474279K(806228K), 0.0073528 secs] [Times: user=0.00 sys=0.00, real=0.01 secs] 
2020-10-29T14:17:45.598+0000: [GC (Allocation Failure) 2020-10-29T14:17:45.598+0000: [ParNew: 38020K->4K(42752K), 0.0027267 secs] 512295K->474279K(806228K), 0.0028104 secs] [Times: user=0.00 sys=0.00, real=0.00 secs] 
2020-10-29T14:17:45.649+0000: [GC (Allocation Failure) 2020-10-29T14:17:45.649+0000: [ParNew: 38020K->4K(42752K), 0.0027424 secs] 512295K->474279K(806228K), 0.0028166 secs] [Times: user=0.01 sys=0.00, real=0.01 secs] 
2020-10-29T14:17:45.702+0000: [GC (Allocation Failure) 2020-10-29T14:17:45.702+0000: [ParNew: 38020K->4K(42752K), 0.0026909 secs] 512295K->474279K(806228K), 0.0027713 secs] [Times: user=0.00 sys=0.00, real=0.01 secs] 
2020-10-29T14:17:45.776+0000: [GC (Allocation Failure) 2020-10-29T14:17:45.776+0000: [ParNew: 38020K->4K(42752K), 0.0027190 secs] 512295K->474279K(806228K), 0.0027964 secs] [Times: user=0.00 sys=0.00, real=0.00 secs] 
2020-10-29T14:17:45.844+0000: [GC (Allocation Failure) 2020-10-29T14:17:45.844+0000: [ParNew: 38020K->4K(42752K), 0.0027448 secs] 512295K->474279K(806228K), 0.0028244 secs] [Times: user=0.00 sys=0.00, real=0.00 secs] 
2020-10-29T14:17:45.901+0000: [GC (Allocation Failure) 2020-10-29T14:17:45.901+0000: [ParNew: 38020K->4K(42752K), 0.0027102 secs] 512295K->474279K(806228K), 0.0027800 secs] [Times: user=0.01 sys=0.00, real=0.01 secs] 
2020-10-29T14:17:45.942+0000: [GC (Allocation Failure) 2020-10-29T14:17:45.942+0000: [ParNew: 38020K->4K(42752K), 0.0027006 secs] 512295K->474279K(806228K), 0.0027684 secs] [Times: user=0.00 sys=0.00, real=0.00 secs] 
2020-10-29T14:17:45.990+0000: [GC (Allocation Failure) 2020-10-29T14:17:45.990+0000: [ParNew: 38020K->4K(42752K), 0.0061214 secs] 512295K->474279K(806228K), 0.0062026 secs] [Times: user=0.01 sys=0.00, real=0.00 secs] 
2020-10-29T14:17:46.044+0000: [GC (Allocation Failure) 2020-10-29T14:17:46.044+0000: [ParNew: 38020K->2K(42752K), 0.0060386 secs] 512295K->474277K(806228K), 0.0061241 secs] [Times: user=0.00 sys=0.00, real=0.01 secs] 
2020-10-29T14:17:46.091+0000: [GC (Allocation Failure) 2020-10-29T14:17:46.091+0000: [ParNew: 38018K->4K(42752K), 0.0047285 secs] 512293K->474279K(806228K), 0.0047944 secs] [Times: user=0.01 sys=0.00, real=0.00 secs] 
2020-10-29T14:17:46.167+0000: [GC (Allocation Failure) 2020-10-29T14:17:46.167+0000: [ParNew: 38020K->4K(42752K), 0.0060123 secs] 512295K->474279K(806228K), 0.0060886 secs] [Times: user=0.00 sys=0.00, real=0.01 secs] 
2020-10-29T14:17:46.230+0000: [GC (Allocation Failure) 2020-10-29T14:17:46.230+0000: [ParNew: 38020K->4K(42752K), 0.0048296 secs] 512295K->474279K(806228K), 0.0049147 secs] [Times: user=0.01 sys=0.00, real=0.00 secs] 
2020-10-29T14:17:46.287+0000: [GC (Allocation Failure) 2020-10-29T14:17:46.287+0000: [ParNew: 38020K->4K(42752K), 0.0027430 secs] 512295K->474279K(806228K), 0.0028227 secs] [Times: user=0.01 sys=0.00, real=0.00 secs] 
2020-10-29T14:17:46.339+0000: [GC (Allocation Failure) 2020-10-29T14:17:46.340+0000: [ParNew: 38020K->4K(42752K), 0.0027291 secs] 512295K->474279K(806228K), 0.0028001 secs] [Times: user=0.01 sys=0.00, real=0.01 secs] 
2020-10-29T14:17:46.382+0000: [GC (Allocation Failure) 2020-10-29T14:17:46.382+0000: [ParNew: 38020K->4K(42752K), 0.0047978 secs] 512295K->474279K(806228K), 0.0048765 secs] [Times: user=0.01 sys=0.00, real=0.00 secs] 
2020-10-29T14:17:46.436+0000: [GC (Allocation Failure) 2020-10-29T14:17:46.436+0000: [ParNew: 38020K->4K(42752K), 0.0027282 secs] 512295K->474279K(806228K), 0.0028093 secs] [Times: user=0.01 sys=0.00, real=0.00 secs] 
2020-10-29T14:17:46.486+0000: [GC (Allocation Failure) 2020-10-29T14:17:46.486+0000: [ParNew: 38020K->4K(42752K), 0.0058702 secs] 512295K->474279K(806228K), 0.0059492 secs] [Times: user=0.01 sys=0.00, real=0.01 secs] 
2020-10-29T14:17:46.563+0000: [GC (Allocation Failure) 2020-10-29T14:17:46.563+0000: [ParNew: 38020K->4K(42752K), 0.0058943 secs] 512295K->474279K(806228K), 0.0059757 secs] [Times: user=0.00 sys=0.00, real=0.00 secs] 
2020-10-29T14:17:46.629+0000: [GC (Allocation Failure) 2020-10-29T14:17:46.630+0000: [ParNew: 38020K->4K(42752K), 0.0076091 secs] 512295K->474279K(806228K), 0.0076897 secs] [Times: user=0.01 sys=0.00, real=0.01 secs] 
2020-10-29T14:17:46.707+0000: [GC (Allocation Failure) 2020-10-29T14:17:46.707+0000: [ParNew: 38020K->4K(42752K), 0.0027160 secs] 512295K->474279K(806228K), 0.0027663 secs] [Times: user=0.01 sys=0.00, real=0.00 secs] 
2020-10-29T14:17:46.748+0000: [GC (Allocation Failure) 2020-10-29T14:17:46.748+0000: [ParNew: 38020K->4K(42752K), 0.0027418 secs] 512295K->474279K(806228K), 0.0028164 secs] [Times: user=0.00 sys=0.00, real=0.01 secs] 
2020-10-29T14:17:46.788+0000: [GC (Allocation Failure) 2020-10-29T14:17:46.788+0000: [ParNew: 38020K->4K(42752K), 0.0028177 secs] 512295K->474279K(806228K), 0.0028953 secs] [Times: user=0.00 sys=0.00, real=0.01 secs] 
2020-10-29T14:17:46.834+0000: [GC (Allocation Failure) 2020-10-29T14:17:46.834+0000: [ParNew: 38020K->4K(42752K), 0.0026812 secs] 512295K->474280K(806228K), 0.0027583 secs] [Times: user=0.00 sys=0.00, real=0.00 secs] 
2020-10-29T14:17:46.875+0000: [GC (Allocation Failure) 2020-10-29T14:17:46.875+0000: [ParNew: 38020K->4K(42752K), 0.0027073 secs] 512296K->474280K(806228K), 0.0027912 secs] [Times: user=0.00 sys=0.00, real=0.00 secs] 
2020-10-29T14:17:46.922+0000: [GC (Allocation Failure) 2020-10-29T14:17:46.922+0000: [ParNew: 38020K->4K(42752K), 0.0027222 secs] 512296K->474280K(806228K), 0.0028048 secs] [Times: user=0.00 sys=0.00, real=0.01 secs] 
2020-10-29T14:17:46.990+0000: [GC (Allocation Failure) 2020-10-29T14:17:46.990+0000: [ParNew: 38020K->4K(42752K), 0.0027893 secs] 512296K->474280K(806228K), 0.0028704 secs] [Times: user=0.00 sys=0.00, real=0.01 secs] 
2020-10-29T14:17:47.057+0000: [GC (Allocation Failure) 2020-10-29T14:17:47.057+0000: [ParNew: 38020K->4K(42752K), 0.0027011 secs] 512296K->474280K(806228K), 0.0027808 secs] [Times: user=0.00 sys=0.00, real=0.00 secs] 
2020-10-29T14:17:47.142+0000: [GC (Allocation Failure) 2020-10-29T14:17:47.142+0000: [ParNew: 38020K->4K(42752K), 0.0026907 secs] 512296K->474280K(806228K), 0.0027686 secs] [Times: user=0.00 sys=0.00, real=0.00 secs] 
2020-10-29T14:17:47.218+0000: [GC (Allocation Failure) 2020-10-29T14:17:47.218+0000: [ParNew: 38020K->4K(42752K), 0.0027354 secs] 512296K->474280K(806228K), 0.0028163 secs] [Times: user=0.01 sys=0.00, real=0.00 secs] 
2020-10-29T14:17:47.265+0000: [GC (Allocation Failure) 2020-10-29T14:17:47.265+0000: [ParNew: 38020K->2K(42752K), 0.0061207 secs] 512296K->474277K(806228K), 0.0061891 secs] [Times: user=0.01 sys=0.00, real=0.01 secs] 
2020-10-29T14:17:47.319+0000: [GC (Allocation Failure) 2020-10-29T14:17:47.319+0000: [ParNew: 38018K->4K(42752K), 0.0059738 secs] 512293K->474280K(806228K), 0.0060559 secs] [Times: user=0.01 sys=0.00, real=0.01 secs] 
2020-10-29T14:17:47.368+0000: [GC (Allocation Failure) 2020-10-29T14:17:47.368+0000: [ParNew: 38020K->4K(42752K), 0.0060902 secs] 512296K->474280K(806228K), 0.0061733 secs] [Times: user=0.01 sys=0.00, real=0.01 secs] 
2020-10-29T14:17:47.427+0000: [GC (Allocation Failure) 2020-10-29T14:17:47.427+0000: [ParNew: 38020K->4K(42752K), 0.0062289 secs] 512296K->474280K(806228K), 0.0063066 secs] [Times: user=0.01 sys=0.00, real=0.01 secs] 
2020-10-29T14:17:47.499+0000: [GC (Allocation Failure) 2020-10-29T14:17:47.499+0000: [ParNew: 38020K->4K(42752K), 0.0069084 secs] 512296K->474280K(806228K), 0.0069918 secs] [Times: user=0.00 sys=0.00, real=0.01 secs] 
2020-10-29T14:17:47.575+0000: [GC (Allocation Failure) 2020-10-29T14:17:47.575+0000: [ParNew: 38020K->4K(42752K), 0.0038120 secs] 512296K->474280K(806228K), 0.0038765 secs] [Times: user=0.01 sys=0.00, real=0.00 secs] 
2020-10-29T14:17:47.622+0000: [GC (Allocation Failure) 2020-10-29T14:17:47.622+0000: [ParNew: 38020K->4K(42752K), 0.0079926 secs] 512296K->474280K(806228K), 0.0080531 secs] [Times: user=0.01 sys=0.00, real=0.01 secs] 
2020-10-29T14:17:47.676+0000: [GC (Allocation Failure) 2020-10-29T14:17:47.676+0000: [ParNew: 38020K->4K(42752K), 0.0032233 secs] 512296K->474280K(806228K), 0.0033061 secs] [Times: user=0.00 sys=0.00, real=0.00 secs] 
2020-10-29T14:17:47.727+0000: [GC (Allocation Failure) 2020-10-29T14:17:47.727+0000: [ParNew: 38020K->4K(42752K), 0.0060503 secs] 512296K->474280K(806228K), 0.0061224 secs] [Times: user=0.01 sys=0.00, real=0.01 secs] 
2020-10-29T14:17:47.801+0000: [GC (Allocation Failure) 2020-10-29T14:17:47.802+0000: [ParNew: 38020K->4K(42752K), 0.0027229 secs] 512296K->474280K(806228K), 0.0028018 secs] [Times: user=0.01 sys=0.00, real=0.01 secs] 
2020-10-29T14:17:47.854+0000: [GC (Allocation Failure) 2020-10-29T14:17:47.854+0000: [ParNew: 38020K->4K(42752K), 0.0151869 secs] 512296K->474280K(806228K), 0.0152689 secs] [Times: user=0.01 sys=0.00, real=0.01 secs] 
2020-10-29T14:17:47.938+0000: [GC (Allocation Failure) 2020-10-29T14:17:47.938+0000: [ParNew: 38020K->4K(42752K), 0.0027151 secs] 512296K->474280K(806228K), 0.0027899 secs] [Times: user=0.00 sys=0.00, real=0.00 secs] 
2020-10-29T14:17:48.002+0000: [GC (Allocation Failure) 2020-10-29T14:17:48.002+0000: [ParNew: 38020K->4K(42752K), 0.0027218 secs] 512296K->474280K(806228K), 0.0027963 secs] [Times: user=0.01 sys=0.00, real=0.00 secs] 
2020-10-29T14:17:48.075+0000: [GC (Allocation Failure) 2020-10-29T14:17:48.076+0000: [ParNew: 38020K->4K(42752K), 0.0027663 secs] 512296K->474280K(806228K), 0.0028296 secs] [Times: user=0.01 sys=0.00, real=0.00 secs] 
2020-10-29T14:17:48.122+0000: [GC (Allocation Failure) 2020-10-29T14:17:48.122+0000: [ParNew: 38020K->4K(42752K), 0.0026971 secs] 512296K->474280K(806228K), 0.0027542 secs] [Times: user=0.00 sys=0.00, real=0.01 secs] 
2020-10-29T14:17:48.168+0000: [GC (Allocation Failure) 2020-10-29T14:17:48.168+0000: [ParNew: 38020K->4K(42752K), 0.0027011 secs] 512296K->474280K(806228K), 0.0027582 secs] [Times: user=0.00 sys=0.00, real=0.01 secs] 
2020-10-29T14:17:48.234+0000: [GC (Allocation Failure) 2020-10-29T14:17:48.234+0000: [ParNew: 38020K->4K(42752K), 0.0046476 secs] 512296K->474280K(806228K), 0.0047278 secs] [Times: user=0.01 sys=0.00, real=0.00 secs] 
2020-10-29T14:17:48.286+0000: [GC (Allocation Failure) 2020-10-29T14:17:48.286+0000: [ParNew: 38020K->4K(42752K), 0.0027229 secs] 512296K->474280K(806228K), 0.0028024 secs] [Times: user=0.01 sys=0.00, real=0.00 secs] 
2020-10-29T14:17:48.347+0000: [GC (Allocation Failure) 2020-10-29T14:17:48.347+0000: [ParNew: 38020K->4K(42752K), 0.0026984 secs] 512296K->474280K(806228K), 0.0027821 secs] [Times: user=0.00 sys=0.00, real=0.00 secs] 
2020-10-29T14:17:48.418+0000: [GC (Allocation Failure) 2020-10-29T14:17:48.418+0000: [ParNew: 38020K->4K(42752K), 0.0074927 secs] 512296K->474280K(806228K), 0.0075713 secs] [Times: user=0.01 sys=0.00, real=0.01 secs] 
2020-10-29T14:17:48.481+0000: [GC (Allocation Failure) 2020-10-29T14:17:48.481+0000: [ParNew: 38020K->4K(42752K), 0.0102351 secs] 512296K->474280K(806228K), 0.0102938 secs] [Times: user=0.01 sys=0.00, real=0.02 secs] 
2020-10-29T14:17:48.532+0000: [GC (Allocation Failure) 2020-10-29T14:17:48.532+0000: [ParNew: 38020K->4K(42752K), 0.0027318 secs] 512296K->474280K(806228K), 0.0028135 secs] [Times: user=0.00 sys=0.00, real=0.00 secs] 
2020-10-29T14:17:48.578+0000: [GC (Allocation Failure) 2020-10-29T14:17:48.578+0000: [ParNew: 38020K->4K(42752K), 0.0076919 secs] 512296K->474280K(806228K), 0.0077741 secs] [Times: user=0.01 sys=0.00, real=0.01 secs] 
2020-10-29T14:17:48.631+0000: [GC (Allocation Failure) 2020-10-29T14:17:48.631+0000: [ParNew: 38020K->4K(42752K), 0.0059509 secs] 512296K->474280K(806228K), 0.0060315 secs] [Times: user=0.01 sys=0.00, real=0.00 secs] 
2020-10-29T14:17:48.680+0000: [GC (Allocation Failure) 2020-10-29T14:17:48.680+0000: [ParNew: 38020K->2K(42752K), 0.0068182 secs] 512296K->474278K(806228K), 0.0069006 secs] [Times: user=0.01 sys=0.00, real=0.01 secs] 
2020-10-29T14:17:48.736+0000: [GC (Allocation Failure) 2020-10-29T14:17:48.736+0000: [ParNew: 38018K->4K(42752K), 0.0059448 secs] 512294K->474280K(806228K), 0.0060032 secs] [Times: user=0.01 sys=0.00, real=0.00 secs] 
2020-10-29T14:17:48.807+0000: [GC (Allocation Failure) 2020-10-29T14:17:48.807+0000: [ParNew: 38020K->4K(42752K), 0.0057506 secs] 512296K->474280K(806228K), 0.0058316 secs] [Times: user=0.00 sys=0.00, real=0.01 secs] 
2020-10-29T14:17:49.402+0000: [GC (Allocation Failure) 2020-10-29T14:17:49.402+0000: [ParNew: 38020K->6K(42752K), 0.0059840 secs] 512296K->474282K(806228K), 0.0060575 secs] [Times: user=0.00 sys=0.00, real=0.00 secs] 
2020-10-29T14:17:50.869+0000: [GC (Allocation Failure) 2020-10-29T14:17:50.869+0000: [ParNew: 38022K->2147K(42752K), 0.0122068 secs] 512298K->476424K(806228K), 0.0122907 secs] [Times: user=0.03 sys=0.00, real=0.01 secs] 
2020-10-29T14:17:50.978+0000: [GC (Allocation Failure) 2020-10-29T14:17:50.978+0000: [ParNew: 40163K->2925K(42752K), 0.0144669 secs] 514440K->477201K(806228K), 0.0145540 secs] [Times: user=0.02 sys=0.00, real=0.02 secs] 
2020-10-29T14:17:51.086+0000: [GC (Allocation Failure) 2020-10-29T14:17:51.086+0000: [ParNew: 40941K->1297K(42752K), 0.0091794 secs] 515217K->477266K(806228K), 0.0092535 secs] [Times: user=0.02 sys=0.00, real=0.01 secs] 
2020-10-29T14:17:51.166+0000: [GC (Allocation Failure) 2020-10-29T14:17:51.166+0000: [ParNew: 39313K->599K(42752K), 0.0062562 secs] 515282K->476567K(806228K), 0.0063389 secs] [Times: user=0.01 sys=0.00, real=0.01 secs] 
2020-10-29T14:17:51.255+0000: [GC (Allocation Failure) 2020-10-29T14:17:51.255+0000: [ParNew: 38615K->676K(42752K), 0.0058183 secs] 514583K->476645K(806228K), 0.0058931 secs] [Times: user=0.01 sys=0.00, real=0.00 secs] 
2020-10-29T14:17:51.351+0000: [GC (Allocation Failure) 2020-10-29T14:17:51.351+0000: [ParNew: 38692K->557K(42752K), 0.0029495 secs] 514661K->476526K(806228K), 0.0030214 secs] [Times: user=0.01 sys=0.00, real=0.00 secs] 
2020-10-29T14:17:51.414+0000: [GC (Allocation Failure) 2020-10-29T14:17:51.414+0000: [ParNew: 38573K->800K(42752K), 0.0028381 secs] 514542K->476769K(806228K), 0.0028983 secs] [Times: user=0.00 sys=0.00, real=0.00 secs] 
2020-10-29T14:17:51.463+0000: [GC (Allocation Failure) 2020-10-29T14:17:51.464+0000: [ParNew: 38816K->666K(42752K), 0.0029879 secs] 514785K->476842K(806228K), 0.0030479 secs] [Times: user=0.01 sys=0.00, real=0.00 secs] 
2020-10-29T14:17:51.506+0000: [GC (Allocation Failure) 2020-10-29T14:17:51.506+0000: [ParNew: 38682K->41K(42752K), 0.0028548 secs] 514858K->476228K(806228K), 0.0029128 secs] [Times: user=0.01 sys=0.00, real=0.00 secs] 
2020-10-29T14:17:51.565+0000: [GC (Allocation Failure) 2020-10-29T14:17:51.565+0000: [ParNew: 38057K->10K(42752K), 0.0027164 secs] 514244K->476198K(806228K), 0.0027754 secs] [Times: user=0.01 sys=0.00, real=0.00 secs] 
2020-10-29T14:17:51.625+0000: [GC (Allocation Failure) 2020-10-29T14:17:51.625+0000: [ParNew: 38026K->4K(42752K), 0.0027366 secs] 514214K->476191K(806228K), 0.0027965 secs] [Times: user=0.01 sys=0.00, real=0.00 secs] 
2020-10-29T14:17:51.684+0000: [GC (Allocation Failure) 2020-10-29T14:17:51.684+0000: [ParNew: 38020K->4K(42752K), 0.0040118 secs] 514207K->476191K(806228K), 0.0040713 secs] [Times: user=0.01 sys=0.00, real=0.00 secs] 
2020-10-29T14:17:51.758+0000: [GC (Allocation Failure) 2020-10-29T14:17:51.758+0000: [ParNew: 38020K->4K(42752K), 0.0027401 secs] 514207K->476191K(806228K), 0.0028206 secs] [Times: user=0.01 sys=0.00, real=0.00 secs] 
2020-10-29T14:17:51.814+0000: [GC (Allocation Failure) 2020-10-29T14:17:51.814+0000: [ParNew: 38020K->4K(42752K), 0.0027346 secs] 514207K->476191K(806228K), 0.0028136 secs] [Times: user=0.00 sys=0.00, real=0.00 secs] 
2020-10-29T14:17:51.874+0000: [GC (Allocation Failure) 2020-10-29T14:17:51.874+0000: [ParNew: 38020K->4K(42752K), 0.0027478 secs] 514207K->476191K(806228K), 0.0028272 secs] [Times: user=0.01 sys=0.00, real=0.00 secs] 
2020-10-29T14:17:51.932+0000: [GC (Allocation Failure) 2020-10-29T14:17:51.932+0000: [ParNew: 38020K->4K(42752K), 0.0027555 secs] 514207K->476191K(806228K), 0.0028322 secs] [Times: user=0.00 sys=0.00, real=0.00 secs] 
2020-10-29T14:17:52.014+0000: [GC (Allocation Failure) 2020-10-29T14:17:52.015+0000: [ParNew: 38020K->4K(42752K), 0.0028406 secs] 514207K->476191K(806228K), 0.0029187 secs] [Times: user=0.01 sys=0.00, real=0.00 secs] 
2020-10-29T14:17:52.086+0000: [GC (Allocation Failure) 2020-10-29T14:17:52.086+0000: [ParNew: 38020K->4K(42752K), 0.0027063 secs] 514207K->476191K(806228K), 0.0027836 secs] [Times: user=0.01 sys=0.00, real=0.00 secs] 
2020-10-29T14:17:52.146+0000: [GC (Allocation Failure) 2020-10-29T14:17:52.146+0000: [ParNew: 38020K->4K(42752K), 0.0027228 secs] 514207K->476191K(806228K), 0.0028013 secs] [Times: user=0.01 sys=0.00, real=0.00 secs] 
2020-10-29T14:17:52.218+0000: [GC (Allocation Failure) 2020-10-29T14:17:52.218+0000: [ParNew: 38020K->4K(42752K), 0.0027108 secs] 514207K->476191K(806228K), 0.0027690 secs] [Times: user=0.01 sys=0.00, real=0.00 secs] 
2020-10-29T14:17:52.261+0000: [GC (Allocation Failure) 2020-10-29T14:17:52.261+0000: [ParNew: 38013K->4K(42752K), 0.0027443 secs] 514201K->476192K(806228K), 0.0028033 secs] [Times: user=0.00 sys=0.00, real=0.01 secs] 
2020-10-29T14:17:52.306+0000: [GC (Allocation Failure) 2020-10-29T14:17:52.306+0000: [ParNew: 38020K->4K(42752K), 0.0027561 secs] 514208K->476192K(806228K), 0.0028221 secs] [Times: user=0.01 sys=0.00, real=0.00 secs] 
2020-10-29T14:17:52.346+0000: [GC (Allocation Failure) 2020-10-29T14:17:52.346+0000: [ParNew: 38020K->4K(42752K), 0.0027451 secs] 514208K->476192K(806228K), 0.0028044 secs] [Times: user=0.00 sys=0.00, real=0.00 secs] 
2020-10-29T14:17:52.382+0000: [GC (Allocation Failure) 2020-10-29T14:17:52.382+0000: [ParNew: 38020K->4K(42752K), 0.0027276 secs] 514208K->476192K(806228K), 0.0027876 secs] [Times: user=0.00 sys=0.00, real=0.01 secs] 
2020-10-29T14:17:52.417+0000: [GC (Allocation Failure) 2020-10-29T14:17:52.418+0000: [ParNew: 38020K->4K(42752K), 0.0028342 secs] 514208K->476192K(806228K), 0.0028960 secs] [Times: user=0.00 sys=0.00, real=0.00 secs] 
2020-10-29T14:17:52.456+0000: [GC (Allocation Failure) 2020-10-29T14:17:52.456+0000: [ParNew: 38020K->4K(42752K), 0.0027522 secs] 514208K->476192K(806228K), 0.0028121 secs] [Times: user=0.01 sys=0.00, real=0.00 secs] 
2020-10-29T14:17:52.494+0000: [GC (Allocation Failure) 2020-10-29T14:17:52.494+0000: [ParNew: 38020K->4K(42752K), 0.0026951 secs] 514208K->476192K(806228K), 0.0027539 secs] [Times: user=0.00 sys=0.00, real=0.00 secs] 
2020-10-29T14:17:52.530+0000: [GC (Allocation Failure) 2020-10-29T14:17:52.530+0000: [ParNew: 38020K->4K(42752K), 0.0027196 secs] 514208K->476192K(806228K), 0.0027799 secs] [Times: user=0.00 sys=0.00, real=0.00 secs] 
2020-10-29T14:17:52.566+0000: [GC (Allocation Failure) 2020-10-29T14:17:52.566+0000: [ParNew: 38020K->4K(42752K), 0.0027220 secs] 514208K->476192K(806228K), 0.0027807 secs] [Times: user=0.00 sys=0.00, real=0.00 secs] 
2020-10-29T14:17:52.602+0000: [GC (Allocation Failure) 2020-10-29T14:17:52.602+0000: [ParNew: 38020K->4K(42752K), 0.0027232 secs] 514208K->476192K(806228K), 0.0027825 secs] [Times: user=0.01 sys=0.01, real=0.00 secs] 
2020-10-29T14:17:52.638+0000: [GC (Allocation Failure) 2020-10-29T14:17:52.638+0000: [ParNew: 38020K->4K(42752K), 0.0027345 secs] 514208K->476192K(806228K), 0.0027939 secs] [Times: user=0.00 sys=0.00, real=0.00 secs] 
2020-10-29T14:17:52.678+0000: [GC (Allocation Failure) 2020-10-29T14:17:52.678+0000: [ParNew: 38020K->4K(42752K), 0.0027569 secs] 514208K->476192K(806228K), 0.0028162 secs] [Times: user=0.01 sys=0.00, real=0.00 secs] 
2020-10-29T14:17:52.718+0000: [GC (Allocation Failure) 2020-10-29T14:17:52.718+0000: [ParNew: 38020K->4K(42752K), 0.0027225 secs] 514208K->476192K(806228K), 0.0027950 secs] [Times: user=0.00 sys=0.00, real=0.00 secs] 
2020-10-29T14:17:52.754+0000: [GC (Allocation Failure) 2020-10-29T14:17:52.754+0000: [ParNew: 38020K->4K(42752K), 0.0027354 secs] 514208K->476192K(806228K), 0.0027935 secs] [Times: user=0.01 sys=0.00, real=0.00 secs] 
2020-10-29T14:17:52.790+0000: [GC (Allocation Failure) 2020-10-29T14:17:52.790+0000: [ParNew: 38020K->4K(42752K), 0.0027429 secs] 514208K->476192K(806228K), 0.0028024 secs] [Times: user=0.00 sys=0.00, real=0.01 secs] 
2020-10-29T14:17:52.825+0000: [GC (Allocation Failure) 2020-10-29T14:17:52.825+0000: [ParNew: 38020K->4K(42752K), 0.0027391 secs] 514208K->476192K(806228K), 0.0027988 secs] [Times: user=0.01 sys=0.00, real=0.00 secs] 
2020-10-29T14:17:52.861+0000: [GC (Allocation Failure) 2020-10-29T14:17:52.861+0000: [ParNew: 38020K->4K(42752K), 0.0027317 secs] 514208K->476192K(806228K), 0.0027898 secs] [Times: user=0.00 sys=0.00, real=0.01 secs] 
2020-10-29T14:17:52.899+0000: [GC (Allocation Failure) 2020-10-29T14:17:52.899+0000: [ParNew: 38020K->4K(42752K), 0.0027581 secs] 514208K->476192K(806228K), 0.0028082 secs] [Times: user=0.00 sys=0.00, real=0.00 secs] 
2020-10-29T14:17:52.935+0000: [GC (Allocation Failure) 2020-10-29T14:17:52.935+0000: [ParNew: 38020K->4K(42752K), 0.0027318 secs] 514208K->476192K(806228K), 0.0027937 secs] [Times: user=0.00 sys=0.00, real=0.00 secs] 
2020-10-29T14:17:52.971+0000: [GC (Allocation Failure) 2020-10-29T14:17:52.971+0000: [ParNew: 38020K->4K(42752K), 0.0027087 secs] 514208K->476192K(806228K), 0.0027687 secs] [Times: user=0.00 sys=0.00, real=0.00 secs] 
2020-10-29T14:17:53.010+0000: [GC (Allocation Failure) 2020-10-29T14:17:53.010+0000: [ParNew: 38020K->4K(42752K), 0.0027032 secs] 514208K->476192K(806228K), 0.0027619 secs] [Times: user=0.01 sys=0.00, real=0.00 secs] 
2020-10-29T14:17:53.054+0000: [GC (Allocation Failure) 2020-10-29T14:17:53.054+0000: [ParNew: 38020K->6K(42752K), 0.0027650 secs] 514208K->476194K(806228K), 0.0028255 secs] [Times: user=0.01 sys=0.00, real=0.00 secs] 
2020-10-29T14:17:53.090+0000: [GC (Allocation Failure) 2020-10-29T14:17:53.090+0000: [ParNew: 38022K->8K(42752K), 0.0027448 secs] 514210K->476196K(806228K), 0.0028025 secs] [Times: user=0.01 sys=0.00, real=0.00 secs] 
2020-10-29T14:17:53.130+0000: [GC (Allocation Failure) 2020-10-29T14:17:53.130+0000: [ParNew: 38024K->8K(42752K), 0.0027228 secs] 514212K->476196K(806228K), 0.0027813 secs] [Times: user=0.00 sys=0.00, real=0.01 secs] 
2020-10-29T14:17:53.166+0000: [GC (Allocation Failure) 2020-10-29T14:17:53.166+0000: [ParNew: 38024K->6K(42752K), 0.0027935 secs] 514212K->476195K(806228K), 0.0028529 secs] [Times: user=0.01 sys=0.00, real=0.00 secs] 
2020-10-29T14:17:53.201+0000: [GC (Allocation Failure) 2020-10-29T14:17:53.201+0000: [ParNew: 38022K->7K(42752K), 0.0027694 secs] 514211K->476195K(806228K), 0.0028257 secs] [Times: user=0.01 sys=0.00, real=0.01 secs] 
2020-10-29T14:17:53.237+0000: [GC (Allocation Failure) 2020-10-29T14:17:53.237+0000: [ParNew: 38023K->7K(42752K), 0.0027601 secs] 514211K->476195K(806228K), 0.0028190 secs] [Times: user=0.01 sys=0.00, real=0.00 secs] 
2020-10-29T14:17:53.274+0000: [GC (Allocation Failure) 2020-10-29T14:17:53.274+0000: [ParNew: 38023K->4K(42752K), 0.0027233 secs] 514211K->476196K(806228K), 0.0027803 secs] [Times: user=0.00 sys=0.00, real=0.00 secs] 
2020-10-29T14:17:53.310+0000: [GC (Allocation Failure) 2020-10-29T14:17:53.310+0000: [ParNew: 38020K->4K(42752K), 0.0027348 secs] 514212K->476195K(806228K), 0.0027936 secs] [Times: user=0.00 sys=0.00, real=0.01 secs] 
2020-10-29T14:17:53.345+0000: [GC (Allocation Failure) 2020-10-29T14:17:53.345+0000: [ParNew: 38020K->4K(42752K), 0.0027258 secs] 514211K->476195K(806228K), 0.0027847 secs] [Times: user=0.00 sys=0.00, real=0.00 secs] 
2020-10-29T14:17:53.381+0000: [GC (Allocation Failure) 2020-10-29T14:17:53.381+0000: [ParNew: 38020K->4K(42752K), 0.0027397 secs] 514211K->476195K(806228K), 0.0027999 secs] [Times: user=0.01 sys=0.00, real=0.01 secs] 
2020-10-29T14:17:53.417+0000: [GC (Allocation Failure) 2020-10-29T14:17:53.417+0000: [ParNew: 38020K->4K(42752K), 0.0027299 secs] 514211K->476195K(806228K), 0.0027879 secs] [Times: user=0.01 sys=0.00, real=0.00 secs] 
2020-10-29T14:17:53.454+0000: [GC (Allocation Failure) 2020-10-29T14:17:53.454+0000: [ParNew: 38020K->4K(42752K), 0.0027668 secs] 514211K->476195K(806228K), 0.0028246 secs] [Times: user=0.00 sys=0.00, real=0.00 secs] 
2020-10-29T14:17:53.490+0000: [GC (Allocation Failure) 2020-10-29T14:17:53.490+0000: [ParNew: 38020K->4K(42752K), 0.0027065 secs] 514211K->476195K(806228K), 0.0027664 secs] [Times: user=0.01 sys=0.00, real=0.00 secs] 
2020-10-29T14:17:53.526+0000: [GC (Allocation Failure) 2020-10-29T14:17:53.526+0000: [ParNew: 38020K->4K(42752K), 0.0027673 secs] 514211K->476195K(806228K), 0.0028248 secs] [Times: user=0.01 sys=0.00, real=0.00 secs] 
2020-10-29T14:17:53.562+0000: [GC (Allocation Failure) 2020-10-29T14:17:53.562+0000: [ParNew: 38020K->4K(42752K), 0.0027552 secs] 514211K->476195K(806228K), 0.0028127 secs] [Times: user=0.00 sys=0.00, real=0.00 secs] 
2020-10-29T14:17:53.598+0000: [GC (Allocation Failure) 2020-10-29T14:17:53.598+0000: [ParNew: 38020K->4K(42752K), 0.0028199 secs] 514211K->476195K(806228K), 0.0028787 secs] [Times: user=0.00 sys=0.00, real=0.00 secs] 
2020-10-29T14:17:53.633+0000: [GC (Allocation Failure) 2020-10-29T14:17:53.633+0000: [ParNew: 38020K->4K(42752K), 0.0027696 secs] 514211K->476195K(806228K), 0.0028291 secs] [Times: user=0.01 sys=0.00, real=0.00 secs] 
2020-10-29T14:17:53.670+0000: [GC (Allocation Failure) 2020-10-29T14:17:53.670+0000: [ParNew: 38020K->4K(42752K), 0.0026979 secs] 514211K->476195K(806228K), 0.0027552 secs] [Times: user=0.01 sys=0.00, real=0.00 secs] 
2020-10-29T14:17:53.706+0000: [GC (Allocation Failure) 2020-10-29T14:17:53.706+0000: [ParNew: 38020K->4K(42752K), 0.0027610 secs] 514211K->476195K(806228K), 0.0028189 secs] [Times: user=0.00 sys=0.00, real=0.00 secs] 
2020-10-29T14:17:53.742+0000: [GC (Allocation Failure) 2020-10-29T14:17:53.742+0000: [ParNew: 38020K->4K(42752K), 0.0027207 secs] 514211K->476195K(806228K), 0.0027787 secs] [Times: user=0.01 sys=0.00, real=0.00 secs] 
2020-10-29T14:17:53.778+0000: [GC (Allocation Failure) 2020-10-29T14:17:53.778+0000: [ParNew: 38020K->4K(42752K), 0.0027517 secs] 514211K->476195K(806228K), 0.0028144 secs] [Times: user=0.01 sys=0.00, real=0.00 secs] 
2020-10-29T14:17:53.814+0000: [GC (Allocation Failure) 2020-10-29T14:17:53.814+0000: [ParNew: 38020K->4K(42752K), 0.0027629 secs] 514211K->476195K(806228K), 0.0028204 secs] [Times: user=0.00 sys=0.00, real=0.00 secs] 
2020-10-29T14:17:53.849+0000: [GC (Allocation Failure) 2020-10-29T14:17:53.849+0000: [ParNew: 38020K->4K(42752K), 0.0028312 secs] 514211K->476195K(806228K), 0.0028897 secs] [Times: user=0.00 sys=0.00, real=0.01 secs] 
2020-10-29T14:17:53.885+0000: [GC (Allocation Failure) 2020-10-29T14:17:53.885+0000: [ParNew: 38020K->4K(42752K), 0.0027368 secs] 514211K->476195K(806228K), 0.0027963 secs] [Times: user=0.00 sys=0.00, real=0.00 secs] 
2020-10-29T14:17:53.922+0000: [GC (Allocation Failure) 2020-10-29T14:17:53.922+0000: [ParNew: 38020K->4K(42752K), 0.0027316 secs] 514211K->476195K(806228K), 0.0027891 secs] [Times: user=0.00 sys=0.00, real=0.00 secs] 
2020-10-29T14:17:53.958+0000: [GC (Allocation Failure) 2020-10-29T14:17:53.958+0000: [ParNew: 38020K->4K(42752K), 0.0027949 secs] 514211K->476195K(806228K), 0.0028529 secs] [Times: user=0.01 sys=0.00, real=0.00 secs] 
2020-10-29T14:17:53.994+0000: [GC (Allocation Failure) 2020-10-29T14:17:53.994+0000: [ParNew: 38020K->4K(42752K), 0.0027907 secs] 514211K->476195K(806228K), 0.0028479 secs] [Times: user=0.01 sys=0.00, real=0.00 secs] 
2020-10-29T14:17:54.030+0000: [GC (Allocation Failure) 2020-10-29T14:17:54.030+0000: [ParNew: 38020K->4K(42752K), 0.0027383 secs] 514211K->476196K(806228K), 0.0028059 secs] [Times: user=0.00 sys=0.00, real=0.01 secs] 
2020-10-29T14:17:54.066+0000: [GC (Allocation Failure) 2020-10-29T14:17:54.066+0000: [ParNew: 38020K->4K(42752K), 0.0027620 secs] 514212K->476196K(806228K), 0.0028200 secs] [Times: user=0.00 sys=0.00, real=0.00 secs] 
2020-10-29T14:17:54.102+0000: [GC (Allocation Failure) 2020-10-29T14:17:54.102+0000: [ParNew: 38020K->4K(42752K), 0.0027570 secs] 514212K->476196K(806228K), 0.0028154 secs] [Times: user=0.01 sys=0.00, real=0.00 secs] 
2020-10-29T14:17:54.142+0000: [GC (Allocation Failure) 2020-10-29T14:17:54.142+0000: [ParNew: 38020K->4K(42752K), 0.0027283 secs] 514212K->476196K(806228K), 0.0027879 secs] [Times: user=0.00 sys=0.00, real=0.01 secs] 
2020-10-29T14:17:54.178+0000: [GC (Allocation Failure) 2020-10-29T14:17:54.178+0000: [ParNew: 38020K->4K(42752K), 0.0027179 secs] 514212K->476196K(806228K), 0.0027803 secs] [Times: user=0.00 sys=0.00, real=0.00 secs] 
2020-10-29T14:17:54.214+0000: [GC (Allocation Failure) 2020-10-29T14:17:54.214+0000: [ParNew: 38020K->4K(42752K), 0.0026969 secs] 514212K->476196K(806228K), 0.0027542 secs] [Times: user=0.00 sys=0.00, real=0.00 secs] 
2020-10-29T14:17:54.250+0000: [GC (Allocation Failure) 2020-10-29T14:17:54.250+0000: [ParNew: 38020K->4K(42752K), 0.0027602 secs] 514212K->476196K(806228K), 0.0028173 secs] [Times: user=0.01 sys=0.00, real=0.00 secs] 
2020-10-29T14:17:54.286+0000: [GC (Allocation Failure) 2020-10-29T14:17:54.286+0000: [ParNew: 38020K->4K(42752K), 0.0027129 secs] 514212K->476196K(806228K), 0.0027714 secs] [Times: user=0.01 sys=0.00, real=0.00 secs] 
2020-10-29T14:17:54.322+0000: [GC (Allocation Failure) 2020-10-29T14:17:54.322+0000: [ParNew: 38020K->4K(42752K), 0.0027122 secs] 514212K->476196K(806228K), 0.0027702 secs] [Times: user=0.01 sys=0.00, real=0.00 secs] 
2020-10-29T14:17:54.358+0000: [GC (Allocation Failure) 2020-10-29T14:17:54.358+0000: [ParNew: 38020K->4K(42752K), 0.0027291 secs] 514212K->476196K(806228K), 0.0027873 secs] [Times: user=0.01 sys=0.00, real=0.00 secs] 
2020-10-29T14:17:54.393+0000: [GC (Allocation Failure) 2020-10-29T14:17:54.393+0000: [ParNew: 38020K->4K(42752K), 0.0027587 secs] 514212K->476196K(806228K), 0.0028163 secs] [Times: user=0.01 sys=0.00, real=0.00 secs] 
2020-10-29T14:17:54.429+0000: [GC (Allocation Failure) 2020-10-29T14:17:54.429+0000: [ParNew: 38020K->4K(42752K), 0.0027437 secs] 514212K->476196K(806228K), 0.0028021 secs] [Times: user=0.01 sys=0.00, real=0.01 secs] 
2020-10-29T14:17:54.466+0000: [GC (Allocation Failure) 2020-10-29T14:17:54.466+0000: [ParNew: 38020K->4K(42752K), 0.0027674 secs] 514212K->476196K(806228K), 0.0028250 secs] [Times: user=0.00 sys=0.00, real=0.00 secs] 
2020-10-29T14:17:54.506+0000: [GC (Allocation Failure) 2020-10-29T14:17:54.506+0000: [ParNew: 38020K->4K(42752K), 0.0027429 secs] 514212K->476196K(806228K), 0.0028010 secs] [Times: user=0.01 sys=0.00, real=0.00 secs] 
2020-10-29T14:17:54.541+0000: [GC (Allocation Failure) 2020-10-29T14:17:54.541+0000: [ParNew: 38020K->4K(42752K), 0.0027993 secs] 514212K->476196K(806228K), 0.0028581 secs] [Times: user=0.01 sys=0.00, real=0.01 secs] 
2020-10-29T14:17:54.578+0000: [GC (Allocation Failure) 2020-10-29T14:17:54.578+0000: [ParNew: 38020K->4K(42752K), 0.0027231 secs] 514212K->476196K(806228K), 0.0027816 secs] [Times: user=0.01 sys=0.00, real=0.00 secs] 
2020-10-29T14:17:54.614+0000: [GC (Allocation Failure) 2020-10-29T14:17:54.614+0000: [ParNew: 38020K->4K(42752K), 0.0027649 secs] 514212K->476196K(806228K), 0.0028225 secs] [Times: user=0.01 sys=0.00, real=0.00 secs] 
2020-10-29T14:17:54.649+0000: [GC (Allocation Failure) 2020-10-29T14:17:54.649+0000: [ParNew: 38020K->4K(42752K), 0.0027176 secs] 514212K->476196K(806228K), 0.0027750 secs] [Times: user=0.01 sys=0.00, real=0.01 secs] 
2020-10-29T14:17:54.685+0000: [GC (Allocation Failure) 2020-10-29T14:17:54.685+0000: [ParNew: 38020K->4K(42752K), 0.0027264 secs] 514212K->476196K(806228K), 0.0027842 secs] [Times: user=0.01 sys=0.00, real=0.00 secs] 
2020-10-29T14:17:54.722+0000: [GC (Allocation Failure) 2020-10-29T14:17:54.722+0000: [ParNew: 38020K->4K(42752K), 0.0027207 secs] 514212K->476196K(806228K), 0.0027786 secs] [Times: user=0.00 sys=0.00, real=0.00 secs] 
2020-10-29T14:17:54.758+0000: [GC (Allocation Failure) 2020-10-29T14:17:54.758+0000: [ParNew: 38020K->4K(42752K), 0.0027548 secs] 514212K->476196K(806228K), 0.0028218 secs] [Times: user=0.01 sys=0.00, real=0.00 secs] 
2020-10-29T14:17:54.794+0000: [GC (Allocation Failure) 2020-10-29T14:17:54.794+0000: [ParNew: 38020K->4K(42752K), 0.0027822 secs] 514212K->476196K(806228K), 0.0028406 secs] [Times: user=0.00 sys=0.00, real=0.00 secs] 
2020-10-29T14:17:54.829+0000: [GC (Allocation Failure) 2020-10-29T14:17:54.830+0000: [ParNew: 38020K->4K(42752K), 0.0027379 secs] 514212K->476196K(806228K), 0.0027956 secs] [Times: user=0.01 sys=0.00, real=0.01 secs] 
2020-10-29T14:17:54.865+0000: [GC (Allocation Failure) 2020-10-29T14:17:54.865+0000: [ParNew: 38020K->4K(42752K), 0.0028267 secs] 514212K->476196K(806228K), 0.0028862 secs] [Times: user=0.01 sys=0.00, real=0.00 secs] 
2020-10-29T14:17:54.901+0000: [GC (Allocation Failure) 2020-10-29T14:17:54.901+0000: [ParNew: 38020K->4K(42752K), 0.0027365 secs] 514212K->476196K(806228K), 0.0027885 secs] [Times: user=0.01 sys=0.00, real=0.01 secs] 
2020-10-29T14:17:54.938+0000: [GC (Allocation Failure) 2020-10-29T14:17:54.938+0000: [ParNew: 38020K->4K(42752K), 0.0027244 secs] 514212K->476196K(806228K), 0.0027835 secs] [Times: user=0.00 sys=0.00, real=0.00 secs] 
2020-10-29T14:17:54.978+0000: [GC (Allocation Failure) 2020-10-29T14:17:54.978+0000: [ParNew: 38020K->4K(42752K), 0.0027353 secs] 514212K->476196K(806228K), 0.0027940 secs] [Times: user=0.01 sys=0.00, real=0.00 secs] 
2020-10-29T14:17:55.013+0000: [GC (Allocation Failure) 2020-10-29T14:17:55.013+0000: [ParNew: 38020K->4K(42752K), 0.0027244 secs] 514212K->476196K(806228K), 0.0027818 secs] [Times: user=0.01 sys=0.00, real=0.00 secs] 
2020-10-29T14:17:55.050+0000: [GC (Allocation Failure) 2020-10-29T14:17:55.050+0000: [ParNew: 38020K->4K(42752K), 0.0027109 secs] 514212K->476196K(806228K), 0.0027700 secs] [Times: user=0.00 sys=0.00, real=0.00 secs] 
2020-10-29T14:17:55.090+0000: [GC (Allocation Failure) 2020-10-29T14:17:55.090+0000: [ParNew: 38020K->4K(42752K), 0.0026995 secs] 514212K->476196K(806228K), 0.0027586 secs] [Times: user=0.01 sys=0.00, real=0.00 secs] 
2020-10-29T14:17:55.126+0000: [GC (Allocation Failure) 2020-10-29T14:17:55.126+0000: [ParNew: 38020K->4K(42752K), 0.0027185 secs] 514212K->476196K(806228K), 0.0027759 secs] [Times: user=0.01 sys=0.00, real=0.00 secs] 
2020-10-29T14:17:55.166+0000: [GC (Allocation Failure) 2020-10-29T14:17:55.166+0000: [ParNew: 38020K->4K(42752K), 0.0027074 secs] 514212K->476196K(806228K), 0.0027649 secs] [Times: user=0.00 sys=0.00, real=0.00 secs] 
2020-10-29T14:17:55.202+0000: [GC (Allocation Failure) 2020-10-29T14:17:55.202+0000: [ParNew: 38020K->4K(42752K), 0.0027155 secs] 514212K->476196K(806228K), 0.0027746 secs] [Times: user=0.00 sys=0.00, real=0.01 secs] 
2020-10-29T14:17:55.237+0000: [GC (Allocation Failure) 2020-10-29T14:17:55.237+0000: [ParNew: 38020K->4K(42752K), 0.0027265 secs] 514212K->476196K(806228K), 0.0027913 secs] [Times: user=0.01 sys=0.00, real=0.00 secs] 
2020-10-29T14:17:55.274+0000: [GC (Allocation Failure) 2020-10-29T14:17:55.274+0000: [ParNew: 38020K->4K(42752K), 0.0026986 secs] 514212K->476196K(806228K), 0.0027564 secs] [Times: user=0.00 sys=0.00, real=0.00 secs] 
2020-10-29T14:17:55.310+0000: [GC (Allocation Failure) 2020-10-29T14:17:55.310+0000: [ParNew: 38020K->4K(42752K), 0.0027273 secs] 514212K->476196K(806228K), 0.0027858 secs] [Times: user=0.00 sys=0.00, real=0.00 secs] 
2020-10-29T14:17:55.346+0000: [GC (Allocation Failure) 2020-10-29T14:17:55.346+0000: [ParNew: 38020K->4K(42752K), 0.0027368 secs] 514212K->476196K(806228K), 0.0027941 secs] [Times: user=0.00 sys=0.00, real=0.00 secs] 
2020-10-29T14:17:55.382+0000: [GC (Allocation Failure) 2020-10-29T14:17:55.382+0000: [ParNew: 38020K->4K(42752K), 0.0027130 secs] 514212K->476196K(806228K), 0.0027725 secs] [Times: user=0.00 sys=0.00, real=0.00 secs] 
2020-10-29T14:17:55.418+0000: [GC (Allocation Failure) 2020-10-29T14:17:55.418+0000: [ParNew: 38020K->4K(42752K), 0.0027825 secs] 514212K->476196K(806228K), 0.0028440 secs] [Times: user=0.00 sys=0.00, real=0.00 secs] 
2020-10-29T14:17:55.458+0000: [GC (Allocation Failure) 2020-10-29T14:17:55.458+0000: [ParNew: 38020K->4K(42752K), 0.0027333 secs] 514212K->476196K(806228K), 0.0027920 secs] [Times: user=0.01 sys=0.00, real=0.00 secs] 
2020-10-29T14:17:55.494+0000: [GC (Allocation Failure) 2020-10-29T14:17:55.494+0000: [ParNew: 38020K->4K(42752K), 0.0027210 secs] 514212K->476196K(806228K), 0.0027729 secs] [Times: user=0.00 sys=0.00, real=0.00 secs] 
2020-10-29T14:17:55.530+0000: [GC (Allocation Failure) 2020-10-29T14:17:55.530+0000: [ParNew: 38020K->4K(42752K), 0.0027422 secs] 514212K->476196K(806228K), 0.0027995 secs] [Times: user=0.01 sys=0.00, real=0.01 secs] 
2020-10-29T14:17:55.566+0000: [GC (Allocation Failure) 2020-10-29T14:17:55.566+0000: [ParNew: 38020K->4K(42752K), 0.0027087 secs] 514212K->476196K(806228K), 0.0027651 secs] [Times: user=0.00 sys=0.00, real=0.00 secs] 
2020-10-29T14:17:55.606+0000: [GC (Allocation Failure) 2020-10-29T14:17:55.606+0000: [ParNew: 38020K->4K(42752K), 0.0027260 secs] 514212K->476196K(806228K), 0.0027833 secs] [Times: user=0.01 sys=0.00, real=0.00 secs] 
2020-10-29T14:17:55.642+0000: [GC (Allocation Failure) 2020-10-29T14:17:55.642+0000: [ParNew: 38020K->4K(42752K), 0.0027164 secs] 514212K->476196K(806228K), 0.0027739 secs] [Times: user=0.01 sys=0.00, real=0.00 secs] 
2020-10-29T14:17:55.678+0000: [GC (Allocation Failure) 2020-10-29T14:17:55.678+0000: [ParNew: 38020K->4K(42752K), 0.0027347 secs] 514212K->476196K(806228K), 0.0027927 secs] [Times: user=0.00 sys=0.00, real=0.00 secs] 
2020-10-29T14:17:55.714+0000: [GC (Allocation Failure) 2020-10-29T14:17:55.714+0000: [ParNew: 38020K->4K(42752K), 0.0027440 secs] 514212K->476196K(806228K), 0.0028030 secs] [Times: user=0.01 sys=0.00, real=0.00 secs] 
2020-10-29T14:17:55.750+0000: [GC (Allocation Failure) 2020-10-29T14:17:55.750+0000: [ParNew: 38020K->4K(42752K), 0.0027489 secs] 514212K->476196K(806228K), 0.0028143 secs] [Times: user=0.01 sys=0.00, real=0.00 secs] 
2020-10-29T14:17:55.791+0000: [GC (Allocation Failure) 2020-10-29T14:17:55.791+0000: [ParNew: 38020K->4K(42752K), 0.0027408 secs] 514212K->476196K(806228K), 0.0028002 secs] [Times: user=0.00 sys=0.00, real=0.00 secs] 
2020-10-29T14:17:55.830+0000: [GC (Allocation Failure) 2020-10-29T14:17:55.830+0000: [ParNew: 38020K->4K(42752K), 0.0026938 secs] 514212K->476196K(806228K), 0.0027521 secs] [Times: user=0.00 sys=0.00, real=0.00 secs] 
2020-10-29T14:17:55.866+0000: [GC (Allocation Failure) 2020-10-29T14:17:55.866+0000: [ParNew: 38020K->4K(42752K), 0.0027648 secs] 514212K->476196K(806228K), 0.0028284 secs] [Times: user=0.00 sys=0.00, real=0.00 secs] 
2020-10-29T14:17:55.901+0000: [GC (Allocation Failure) 2020-10-29T14:17:55.901+0000: [ParNew: 38020K->4K(42752K), 0.0027900 secs] 514212K->476196K(806228K), 0.0028490 secs] [Times: user=0.01 sys=0.00, real=0.01 secs] 
2020-10-29T14:17:55.938+0000: [GC (Allocation Failure) 2020-10-29T14:17:55.938+0000: [ParNew: 38020K->4K(42752K), 0.0027047 secs] 514212K->476196K(806228K), 0.0027627 secs] [Times: user=0.00 sys=0.00, real=0.00 secs] 
2020-10-29T14:17:55.974+0000: [GC (Allocation Failure) 2020-10-29T14:17:55.975+0000: [ParNew: 38020K->4K(42752K), 0.0027245 secs] 514212K->476196K(806228K), 0.0027793 secs] [Times: user=0.00 sys=0.00, real=0.00 secs] 
2020-10-29T14:17:56.014+0000: [GC (Allocation Failure) 2020-10-29T14:17:56.014+0000: [ParNew: 38020K->4K(42752K), 0.0027446 secs] 514212K->476196K(806228K), 0.0028002 secs] [Times: user=0.01 sys=0.00, real=0.00 secs] 
2020-10-29T14:17:56.054+0000: [GC (Allocation Failure) 2020-10-29T14:17:56.054+0000: [ParNew: 38020K->4K(42752K), 0.0027916 secs] 514212K->476197K(806228K), 0.0028455 secs] [Times: user=0.01 sys=0.00, real=0.00 secs] 
2020-10-29T14:17:56.089+0000: [GC (Allocation Failure) 2020-10-29T14:17:56.090+0000: [ParNew: 38020K->4K(42752K), 0.0027308 secs] 514213K->476197K(806228K), 0.0028157 secs] [Times: user=0.01 sys=0.00, real=0.01 secs] 
2020-10-29T14:17:56.125+0000: [GC (Allocation Failure) 2020-10-29T14:17:56.125+0000: [ParNew: 38020K->4K(42752K), 0.0027378 secs] 514213K->476197K(806228K), 0.0028116 secs] [Times: user=0.01 sys=0.00, real=0.00 secs] 
2020-10-29T14:17:56.161+0000: [GC (Allocation Failure) 2020-10-29T14:17:56.161+0000: [ParNew: 38020K->4K(42752K), 0.0027155 secs] 514213K->476197K(806228K), 0.0027811 secs] [Times: user=0.00 sys=0.00, real=0.01 secs] 
2020-10-29T14:17:56.200+0000: [GC (Allocation Failure) 2020-10-29T14:17:56.200+0000: [ParNew: 38020K->4K(42752K), 0.0027121 secs] 514213K->476197K(806228K), 0.0027674 secs] [Times: user=0.01 sys=0.00, real=0.01 secs] 
2020-10-29T14:17:56.238+0000: [GC (Allocation Failure) 2020-10-29T14:17:56.238+0000: [ParNew: 38020K->4K(42752K), 0.0027232 secs] 514213K->476197K(806228K), 0.0027806 secs] [Times: user=0.01 sys=0.00, real=0.00 secs] 
2020-10-29T14:17:56.278+0000: [GC (Allocation Failure) 2020-10-29T14:17:56.278+0000: [ParNew: 38020K->4K(42752K), 0.0026952 secs] 514213K->476197K(806228K), 0.0027542 secs] [Times: user=0.01 sys=0.00, real=0.00 secs] 
2020-10-29T14:17:56.318+0000: [GC (Allocation Failure) 2020-10-29T14:17:56.318+0000: [ParNew: 38020K->4K(42752K), 0.0027664 secs] 514213K->476197K(806228K), 0.0028244 secs] [Times: user=0.00 sys=0.00, real=0.00 secs] 
2020-10-29T14:17:56.353+0000: [GC (Allocation Failure) 2020-10-29T14:17:56.353+0000: [ParNew: 38020K->4K(42752K), 0.0027524 secs] 514213K->476197K(806228K), 0.0028111 secs] [Times: user=0.00 sys=0.00, real=0.00 secs] 
2020-10-29T14:17:56.389+0000: [GC (Allocation Failure) 2020-10-29T14:17:56.389+0000: [ParNew: 38020K->4K(42752K), 0.0027388 secs] 514213K->476197K(806228K), 0.0027984 secs] [Times: user=0.01 sys=0.00, real=0.01 secs] 
2020-10-29T14:17:56.425+0000: [GC (Allocation Failure) 2020-10-29T14:17:56.425+0000: [ParNew: 38020K->4K(42752K), 0.0027484 secs] 514213K->476197K(806228K), 0.0028068 secs] [Times: user=0.01 sys=0.00, real=0.00 secs] 
2020-10-29T14:17:56.466+0000: [GC (Allocation Failure) 2020-10-29T14:17:56.466+0000: [ParNew: 38020K->4K(42752K), 0.0027156 secs] 514213K->476197K(806228K), 0.0027738 secs] [Times: user=0.01 sys=0.00, real=0.00 secs] 
2020-10-29T14:17:56.505+0000: [GC (Allocation Failure) 2020-10-29T14:17:56.505+0000: [ParNew: 38020K->4K(42752K), 0.0027855 secs] 514213K->476197K(806228K), 0.0028527 secs] [Times: user=0.01 sys=0.00, real=0.00 secs] 
2020-10-29T14:17:56.542+0000: [GC (Allocation Failure) 2020-10-29T14:17:56.542+0000: [ParNew: 38020K->4K(42752K), 0.0027424 secs] 514213K->476197K(806228K), 0.0028008 secs] [Times: user=0.01 sys=0.00, real=0.00 secs] 
2020-10-29T14:17:56.578+0000: [GC (Allocation Failure) 2020-10-29T14:17:56.578+0000: [ParNew: 38020K->4K(42752K), 0.0027587 secs] 514213K->476197K(806228K), 0.0028164 secs] [Times: user=0.01 sys=0.00, real=0.00 secs] 
2020-10-29T14:17:56.614+0000: [GC (Allocation Failure) 2020-10-29T14:17:56.614+0000: [ParNew: 38020K->4K(42752K), 0.0027616 secs] 514213K->476197K(806228K), 0.0028198 secs] [Times: user=0.01 sys=0.00, real=0.00 secs] 
2020-10-29T14:17:56.650+0000: [GC (Allocation Failure) 2020-10-29T14:17:56.650+0000: [ParNew: 38020K->4K(42752K), 0.0027169 secs] 514213K->476197K(806228K), 0.0027762 secs] [Times: user=0.00 sys=0.00, real=0.01 secs] 
2020-10-29T14:17:56.686+0000: [GC (Allocation Failure) 2020-10-29T14:17:56.686+0000: [ParNew: 38020K->4K(42752K), 0.0027377 secs] 514213K->476197K(806228K), 0.0028076 secs] [Times: user=0.00 sys=0.00, real=0.00 secs] 
2020-10-29T14:17:56.722+0000: [GC (Allocation Failure) 2020-10-29T14:17:56.722+0000: [ParNew: 38020K->4K(42752K), 0.0043829 secs] 514213K->476197K(806228K), 0.0044416 secs] [Times: user=0.01 sys=0.00, real=0.00 secs] 
2020-10-29T14:17:56.759+0000: [GC (Allocation Failure) 2020-10-29T14:17:56.759+0000: [ParNew: 38020K->4K(42752K), 0.0027063 secs] 514213K->476197K(806228K), 0.0027808 secs] [Times: user=0.00 sys=0.00, real=0.01 secs] 
2020-10-29T14:17:56.798+0000: [GC (Allocation Failure) 2020-10-29T14:17:56.798+0000: [ParNew: 38020K->4K(42752K), 0.0026921 secs] 514213K->476197K(806228K), 0.0027499 secs] [Times: user=0.00 sys=0.00, real=0.00 secs] 
2020-10-29T14:17:56.838+0000: [GC (Allocation Failure) 2020-10-29T14:17:56.838+0000: [ParNew: 38020K->4K(42752K), 0.0027155 secs] 514213K->476197K(806228K), 0.0027730 secs] [Times: user=0.00 sys=0.00, real=0.00 secs] 
2020-10-29T14:17:56.874+0000: [GC (Allocation Failure) 2020-10-29T14:17:56.874+0000: [ParNew: 38020K->4K(42752K), 0.0027246 secs] 514213K->476197K(806228K), 0.0027830 secs] [Times: user=0.01 sys=0.00, real=0.00 secs] 
2020-10-29T14:17:56.914+0000: [GC (Allocation Failure) 2020-10-29T14:17:56.914+0000: [ParNew: 38020K->4K(42752K), 0.0028043 secs] 514213K->476197K(806228K), 0.0028692 secs] [Times: user=0.01 sys=0.00, real=0.00 secs] 
2020-10-29T14:17:56.954+0000: [GC (Allocation Failure) 2020-10-29T14:17:56.954+0000: [ParNew: 38020K->4K(42752K), 0.0027256 secs] 514213K->476197K(806228K), 0.0027824 secs] [Times: user=0.00 sys=0.00, real=0.00 secs] 
2020-10-29T14:17:56.990+0000: [GC (Allocation Failure) 2020-10-29T14:17:56.990+0000: [ParNew: 38020K->4K(42752K), 0.0027071 secs] 514213K->476197K(806228K), 0.0027674 secs] [Times: user=0.00 sys=0.00, real=0.00 secs] 
2020-10-29T14:17:57.026+0000: [GC (Allocation Failure) 2020-10-29T14:17:57.026+0000: [ParNew: 38020K->4K(42752K), 0.0027578 secs] 514213K->476197K(806228K), 0.0028421 secs] [Times: user=0.00 sys=0.01, real=0.00 secs] 
2020-10-29T14:17:57.062+0000: [GC (Allocation Failure) 2020-10-29T14:17:57.062+0000: [ParNew: 38020K->4K(42752K), 0.0027174 secs] 514213K->476197K(806228K), 0.0027768 secs] [Times: user=0.01 sys=0.00, real=0.01 secs] 
2020-10-29T14:17:57.097+0000: [GC (Allocation Failure) 2020-10-29T14:17:57.097+0000: [ParNew: 38020K->4K(42752K), 0.0027974 secs] 514213K->476197K(806228K), 0.0028557 secs] [Times: user=0.00 sys=0.00, real=0.00 secs] 
2020-10-29T14:17:57.133+0000: [GC (Allocation Failure) 2020-10-29T14:17:57.133+0000: [ParNew: 38020K->4K(42752K), 0.0028146 secs] 514213K->476197K(806228K), 0.0028752 secs] [Times: user=0.00 sys=0.00, real=0.00 secs] 
2020-10-29T14:17:57.170+0000: [GC (Allocation Failure) 2020-10-29T14:17:57.170+0000: [ParNew: 38020K->4K(42752K), 0.0027518 secs] 514213K->476197K(806228K), 0.0028106 secs] [Times: user=0.01 sys=0.00, real=0.00 secs] 
2020-10-29T14:17:57.206+0000: [GC (Allocation Failure) 2020-10-29T14:17:57.206+0000: [ParNew: 38020K->4K(42752K), 0.0027140 secs] 514213K->476197K(806228K), 0.0027719 secs] [Times: user=0.01 sys=0.00, real=0.00 secs] 
2020-10-29T14:17:57.242+0000: [GC (Allocation Failure) 2020-10-29T14:17:57.242+0000: [ParNew: 38020K->4K(42752K), 0.0027181 secs] 514213K->476197K(806228K), 0.0027757 secs] [Times: user=0.00 sys=0.00, real=0.00 secs] 
2020-10-29T14:17:57.278+0000: [GC (Allocation Failure) 2020-10-29T14:17:57.278+0000: [ParNew: 38020K->4K(42752K), 0.0028240 secs] 514213K->476197K(806228K), 0.0028831 secs] [Times: user=0.00 sys=0.00, real=0.00 secs] 
2020-10-29T14:17:57.314+0000: [GC (Allocation Failure) 2020-10-29T14:17:57.314+0000: [ParNew: 38020K->4K(42752K), 0.0027197 secs] 514213K->476197K(806228K), 0.0027792 secs] [Times: user=0.01 sys=0.00, real=0.00 secs] 
2020-10-29T14:17:57.349+0000: [GC (Allocation Failure) 2020-10-29T14:17:57.349+0000: [ParNew: 38020K->4K(42752K), 0.0027650 secs] 514213K->476197K(806228K), 0.0028230 secs] [Times: user=0.01 sys=0.00, real=0.01 secs] 
2020-10-29T14:17:57.384+0000: [GC (Allocation Failure) 2020-10-29T14:17:57.384+0000: [ParNew: 38020K->4K(42752K), 0.0027386 secs] 514213K->476197K(806228K), 0.0027968 secs] [Times: user=0.00 sys=0.00, real=0.00 secs] 
2020-10-29T14:17:57.420+0000: [GC (Allocation Failure) 2020-10-29T14:17:57.420+0000: [ParNew: 38020K->4K(42752K), 0.0027770 secs] 514213K->476197K(806228K), 0.0028475 secs] [Times: user=0.00 sys=0.00, real=0.01 secs] 
2020-10-29T14:17:57.458+0000: [GC (Allocation Failure) 2020-10-29T14:17:57.458+0000: [ParNew: 38020K->4K(42752K), 0.0027114 secs] 514213K->476197K(806228K), 0.0027696 secs] [Times: user=0.01 sys=0.00, real=0.00 secs] 
2020-10-29T14:17:57.494+0000: [GC (Allocation Failure) 2020-10-29T14:17:57.494+0000: [ParNew: 38020K->4K(42752K), 0.0027042 secs] 514213K->476197K(806228K), 0.0027622 secs] [Times: user=0.00 sys=0.00, real=0.00 secs] 
2020-10-29T14:17:57.534+0000: [GC (Allocation Failure) 2020-10-29T14:17:57.534+0000: [ParNew: 38020K->4K(42752K), 0.0027072 secs] 514213K->476197K(806228K), 0.0027648 secs] [Times: user=0.00 sys=0.00, real=0.00 secs] 
2020-10-29T14:17:57.569+0000: [GC (Allocation Failure) 2020-10-29T14:17:57.570+0000: [ParNew: 38020K->4K(42752K), 0.0027585 secs] 514213K->476197K(806228K), 0.0028176 secs] [Times: user=0.00 sys=0.00, real=0.01 secs] 
2020-10-29T14:17:57.605+0000: [GC (Allocation Failure) 2020-10-29T14:17:57.605+0000: [ParNew: 38020K->4K(42752K), 0.0027920 secs] 514213K->476197K(806228K), 0.0028503 secs] [Times: user=0.00 sys=0.00, real=0.00 secs] 
2020-10-29T14:17:57.644+0000: [GC (Allocation Failure) 2020-10-29T14:17:57.644+0000: [ParNew: 38020K->4K(42752K), 0.0038079 secs] 514213K->476197K(806228K), 0.0038662 secs] [Times: user=0.00 sys=0.00, real=0.00 secs] 
2020-10-29T14:17:57.682+0000: [GC (Allocation Failure) 2020-10-29T14:17:57.682+0000: [ParNew: 38020K->4K(42752K), 0.0027320 secs] 514213K->476197K(806228K), 0.0027908 secs] [Times: user=0.01 sys=0.00, real=0.00 secs] 
2020-10-29T14:17:57.718+0000: [GC (Allocation Failure) 2020-10-29T14:17:57.718+0000: [ParNew: 38020K->4K(42752K), 0.0027253 secs] 514213K->476197K(806228K), 0.0027831 secs] [Times: user=0.01 sys=0.00, real=0.00 secs] 
2020-10-29T14:17:57.754+0000: [GC (Allocation Failure) 2020-10-29T14:17:57.754+0000: [ParNew: 38020K->4K(42752K), 0.0027414 secs] 514213K->476197K(806228K), 0.0028002 secs] [Times: user=0.01 sys=0.00, real=0.00 secs] 
2020-10-29T14:17:57.790+0000: [GC (Allocation Failure) 2020-10-29T14:17:57.790+0000: [ParNew: 38020K->4K(42752K), 0.0027230 secs] 514213K->476197K(806228K), 0.0027828 secs] [Times: user=0.00 sys=0.00, real=0.01 secs] 
2020-10-29T14:17:57.830+0000: [GC (Allocation Failure) 2020-10-29T14:17:57.830+0000: [ParNew: 38020K->4K(42752K), 0.0027384 secs] 514213K->476197K(806228K), 0.0027972 secs] [Times: user=0.00 sys=0.00, real=0.00 secs] 
2020-10-29T14:17:57.866+0000: [GC (Allocation Failure) 2020-10-29T14:17:57.866+0000: [ParNew: 38020K->4K(42752K), 0.0026936 secs] 514213K->476197K(806228K), 0.0027517 secs] [Times: user=0.00 sys=0.00, real=0.00 secs] 
2020-10-29T14:17:57.902+0000: [GC (Allocation Failure) 2020-10-29T14:17:57.902+0000: [ParNew: 38020K->4K(42752K), 0.0027333 secs] 514213K->476197K(806228K), 0.0027938 secs] [Times: user=0.00 sys=0.00, real=0.01 secs] 
2020-10-29T14:17:57.938+0000: [GC (Allocation Failure) 2020-10-29T14:17:57.938+0000: [ParNew: 38020K->4K(42752K), 0.0027421 secs] 514213K->476197K(806228K), 0.0028016 secs] [Times: user=0.00 sys=0.00, real=0.00 secs] 
2020-10-29T14:17:57.973+0000: [GC (Allocation Failure) 2020-10-29T14:17:57.973+0000: [ParNew: 38020K->4K(42752K), 0.0027591 secs] 514213K->476197K(806228K), 0.0028173 secs] [Times: user=0.01 sys=0.00, real=0.00 secs] 
2020-10-29T14:17:58.009+0000: [GC (Allocation Failure) 2020-10-29T14:17:58.009+0000: [ParNew: 38020K->4K(42752K), 0.0027709 secs] 514213K->476197K(806228K), 0.0028296 secs] [Times: user=0.01 sys=0.00, real=0.01 secs] 
2020-10-29T14:17:58.046+0000: [GC (Allocation Failure) 2020-10-29T14:17:58.046+0000: [ParNew: 38020K->4K(42752K), 0.0026990 secs] 514213K->476197K(806228K), 0.0027551 secs] [Times: user=0.01 sys=0.00, real=0.00 secs] 
2020-10-29T14:17:58.082+0000: [GC (Allocation Failure) 2020-10-29T14:17:58.082+0000: [ParNew: 38020K->4K(42752K), 0.0027945 secs] 514213K->476197K(806228K), 0.0028527 secs] [Times: user=0.01 sys=0.00, real=0.01 secs] 
2020-10-29T14:17:58.117+0000: [GC (Allocation Failure) 2020-10-29T14:17:58.117+0000: [ParNew: 38020K->4K(42752K), 0.0027183 secs] 514213K->476197K(806228K), 0.0027760 secs] [Times: user=0.01 sys=0.00, real=0.00 secs] 
2020-10-29T14:17:58.154+0000: [GC (Allocation Failure) 2020-10-29T14:17:58.154+0000: [ParNew: 38020K->4K(42752K), 0.0078275 secs] 514213K->476197K(806228K), 0.0078868 secs] [Times: user=0.01 sys=0.00, real=0.01 secs] 
2020-10-29T14:17:58.195+0000: [GC (Allocation Failure) 2020-10-29T14:17:58.195+0000: [ParNew: 38020K->4K(42752K), 0.0027129 secs] 514213K->476197K(806228K), 0.0027710 secs] [Times: user=0.01 sys=0.01, real=0.00 secs] 
2020-10-29T14:17:58.231+0000: [GC (Allocation Failure) 2020-10-29T14:17:58.231+0000: [ParNew: 38020K->4K(42752K), 0.0027792 secs] 514213K->476197K(806228K), 0.0028377 secs] [Times: user=0.01 sys=0.00, real=0.00 secs] 
2020-10-29T14:17:58.268+0000: [GC (Allocation Failure) 2020-10-29T14:17:58.268+0000: [ParNew: 38020K->4K(42752K), 0.0027126 secs] 514213K->476197K(806228K), 0.0027713 secs] [Times: user=0.00 sys=0.00, real=0.01 secs] 
2020-10-29T14:17:58.303+0000: [GC (Allocation Failure) 2020-10-29T14:17:58.303+0000: [ParNew: 38020K->4K(42752K), 0.0027457 secs] 514213K->476197K(806228K), 0.0028039 secs] [Times: user=0.00 sys=0.00, real=0.00 secs] 
2020-10-29T14:17:58.339+0000: [GC (Allocation Failure) 2020-10-29T14:17:58.339+0000: [ParNew: 38020K->4K(42752K), 0.0027138 secs] 514213K->476197K(806228K), 0.0027704 secs] [Times: user=0.00 sys=0.00, real=0.00 secs] 
2020-10-29T14:17:58.374+0000: [GC (Allocation Failure) 2020-10-29T14:17:58.374+0000: [ParNew: 38020K->4K(42752K), 0.0026942 secs] 514213K->476197K(806228K), 0.0027519 secs] [Times: user=0.00 sys=0.00, real=0.00 secs] 
2020-10-29T14:17:58.410+0000: [GC (Allocation Failure) 2020-10-29T14:17:58.410+0000: [ParNew: 38020K->4K(42752K), 0.0027448 secs] 514213K->476197K(806228K), 0.0028033 secs] [Times: user=0.00 sys=0.00, real=0.01 secs] 
2020-10-29T14:17:58.446+0000: [GC (Allocation Failure) 2020-10-29T14:17:58.446+0000: [ParNew: 38020K->4K(42752K), 0.0027072 secs] 514213K->476197K(806228K), 0.0027647 secs] [Times: user=0.00 sys=0.00, real=0.00 secs] 
2020-10-29T14:17:58.482+0000: [GC (Allocation Failure) 2020-10-29T14:17:58.482+0000: [ParNew: 38020K->4K(42752K), 0.0027245 secs] 514213K->476198K(806228K), 0.0027818 secs] [Times: user=0.00 sys=0.00, real=0.01 secs] 
2020-10-29T14:17:58.520+0000: [GC (Allocation Failure) 2020-10-29T14:17:58.520+0000: [ParNew: 38020K->4K(42752K), 0.0027136 secs] 514214K->476198K(806228K), 0.0027729 secs] [Times: user=0.01 sys=0.00, real=0.01 secs] 
2020-10-29T14:17:58.558+0000: [GC (Allocation Failure) 2020-10-29T14:17:58.558+0000: [ParNew: 38020K->4K(42752K), 0.0027512 secs] 514214K->476198K(806228K), 0.0028103 secs] [Times: user=0.01 sys=0.00, real=0.00 secs] 
2020-10-29T14:17:58.598+0000: [GC (Allocation Failure) 2020-10-29T14:17:58.598+0000: [ParNew: 38020K->4K(42752K), 0.0027385 secs] 514214K->476198K(806228K), 0.0028000 secs] [Times: user=0.00 sys=0.01, real=0.00 secs] 
2020-10-29T14:17:58.633+0000: [GC (Allocation Failure) 2020-10-29T14:17:58.633+0000: [ParNew: 38020K->4K(42752K), 0.0027967 secs] 514214K->476198K(806228K), 0.0028639 secs] [Times: user=0.00 sys=0.00, real=0.00 secs] 
2020-10-29T14:17:58.686+0000: [GC (Allocation Failure) 2020-10-29T14:17:58.686+0000: [ParNew: 38020K->4K(42752K), 0.0027602 secs] 514214K->476198K(806228K), 0.0028274 secs] [Times: user=0.01 sys=0.00, real=0.00 secs] 
2020-10-29T14:17:58.754+0000: [GC (Allocation Failure) 2020-10-29T14:17:58.754+0000: [ParNew: 38020K->4K(42752K), 0.0027183 secs] 514214K->476198K(806228K), 0.0027794 secs] [Times: user=0.01 sys=0.00, real=0.00 secs] 
2020-10-29T14:17:58.819+0000: [GC (Allocation Failure) 2020-10-29T14:17:58.819+0000: [ParNew: 38020K->4K(42752K), 0.0027478 secs] 514214K->476198K(806228K), 0.0028056 secs] [Times: user=0.01 sys=0.00, real=0.00 secs] 
2020-10-29T14:17:58.895+0000: [GC (Allocation Failure) 2020-10-29T14:17:58.895+0000: [ParNew: 38020K->4K(42752K), 0.0027162 secs] 514214K->476198K(806228K), 0.0027763 secs] [Times: user=0.01 sys=0.00, real=0.00 secs] 
2020-10-29T14:17:58.962+0000: [GC (Allocation Failure) 2020-10-29T14:17:58.962+0000: [ParNew: 38020K->4K(42752K), 0.0027386 secs] 514214K->476198K(806228K), 0.0027975 secs] [Times: user=0.01 sys=0.00, real=0.01 secs] 
2020-10-29T14:17:59.322+0000: [GC (Allocation Failure) 2020-10-29T14:17:59.322+0000: [ParNew: 38020K->4K(42752K), 0.0027190 secs] 514214K->476198K(806228K), 0.0027985 secs] [Times: user=0.01 sys=0.00, real=0.00 secs] 
2020-10-29T14:17:59.675+0000: [GC (Allocation Failure) 2020-10-29T14:17:59.675+0000: [ParNew: 38020K->4K(42752K), 0.0027305 secs] 514214K->476199K(806228K), 0.0027928 secs] [Times: user=0.01 sys=0.00, real=0.00 secs] 
2020-10-29T14:17:59.793+0000: [GC (Allocation Failure) 2020-10-29T14:17:59.793+0000: [ParNew: 38020K->4K(42752K), 0.0027244 secs] 514215K->476199K(806228K), 0.0027841 secs] [Times: user=0.01 sys=0.00, real=0.00 secs] 
2020-10-29T14:18:01.817+0000: [GC (Allocation Failure) 2020-10-29T14:18:01.817+0000: [ParNew: 38020K->2191K(42752K), 0.0062180 secs] 514215K->478386K(806228K), 0.0062828 secs] [Times: user=0.02 sys=0.00, real=0.01 secs] 
2020-10-29T14:18:01.900+0000: [GC (Allocation Failure) 2020-10-29T14:18:01.900+0000: [ParNew: 40207K->2184K(42752K), 0.0042298 secs] 516402K->478379K(806228K), 0.0042914 secs] [Times: user=0.01 sys=0.00, real=0.01 secs] 
2020-10-29T14:18:01.954+0000: [GC (Allocation Failure) 2020-10-29T14:18:01.954+0000: [ParNew: 40200K->3279K(42752K), 0.0043743 secs] 516395K->479474K(806228K), 0.0044334 secs] [Times: user=0.01 sys=0.00, real=0.00 secs] 
2020-10-29T14:18:02.006+0000: [GC (Allocation Failure) 2020-10-29T14:18:02.006+0000: [ParNew: 41295K->3855K(42752K), 0.0043486 secs] 517490K->480051K(806228K), 0.0044109 secs] [Times: user=0.01 sys=0.00, real=0.01 secs] 
2020-10-29T14:18:02.061+0000: [GC (Allocation Failure) 2020-10-29T14:18:02.061+0000: [ParNew: 41871K->2032K(42752K), 0.0071059 secs] 518067K->479859K(806228K), 0.0071671 secs] [Times: user=0.02 sys=0.00, real=0.01 secs] 
2020-10-29T14:18:02.122+0000: [GC (Allocation Failure) 2020-10-29T14:18:02.122+0000: [ParNew: 40048K->1921K(42752K), 0.0029617 secs] 517875K->479747K(806228K), 0.0030230 secs] [Times: user=0.00 sys=0.00, real=0.00 secs] 
2020-10-29T14:18:02.178+0000: [GC (Allocation Failure) 2020-10-29T14:18:02.178+0000: [ParNew: 39937K->227K(42752K), 0.0028555 secs] 517763K->478053K(806228K), 0.0029193 secs] [Times: user=0.01 sys=0.00, real=0.00 secs] 
2020-10-29T14:18:02.222+0000: [GC (Allocation Failure) 2020-10-29T14:18:02.222+0000: [ParNew: 38243K->59K(42752K), 0.0028647 secs] 516069K->477897K(806228K), 0.0029250 secs] [Times: user=0.01 sys=0.00, real=0.00 secs] 
2020-10-29T14:18:02.266+0000: [GC (Allocation Failure) 2020-10-29T14:18:02.266+0000: [ParNew: 38075K->15K(42752K), 0.0028061 secs] 515913K->477853K(806228K), 0.0028659 secs] [Times: user=0.01 sys=0.00, real=0.00 secs] 
2020-10-29T14:18:02.319+0000: [GC (Allocation Failure) 2020-10-29T14:18:02.319+0000: [ParNew: 38031K->4K(42752K), 0.0028329 secs] 515869K->477842K(806228K), 0.0028936 secs] [Times: user=0.00 sys=0.00, real=0.00 secs] 
2020-10-29T14:18:02.374+0000: [GC (Allocation Failure) 2020-10-29T14:18:02.374+0000: [ParNew: 38020K->4K(42752K), 0.0047463 secs] 515858K->477842K(806228K), 0.0048087 secs] [Times: user=0.01 sys=0.00, real=0.00 secs] 
2020-10-29T14:18:02.458+0000: [GC (Allocation Failure) 2020-10-29T14:18:02.458+0000: [ParNew: 38020K->4K(42752K), 0.0027975 secs] 515858K->477842K(806228K), 0.0028582 secs] [Times: user=0.01 sys=0.00, real=0.00 secs] 
2020-10-29T14:18:02.512+0000: [GC (Allocation Failure) 2020-10-29T14:18:02.512+0000: [ParNew: 38020K->4K(42752K), 0.0059730 secs] 515858K->477842K(806228K), 0.0060409 secs] [Times: user=0.01 sys=0.00, real=0.00 secs] 
2020-10-29T14:18:02.566+0000: [GC (Allocation Failure) 2020-10-29T14:18:02.566+0000: [ParNew: 38020K->4K(42752K), 0.0064788 secs] 515858K->477842K(806228K), 0.0065617 secs] [Times: user=0.01 sys=0.00, real=0.01 secs] 
2020-10-29T14:18:02.642+0000: [GC (Allocation Failure) 2020-10-29T14:18:02.642+0000: [ParNew: 38020K->4K(42752K), 0.0063076 secs] 515858K->477842K(806228K), 0.0063832 secs] [Times: user=0.01 sys=0.00, real=0.01 secs] 
2020-10-29T14:18:02.713+0000: [GC (Allocation Failure) 2020-10-29T14:18:02.713+0000: [ParNew: 38020K->4K(42752K), 0.0028321 secs] 515858K->477842K(806228K), 0.0028928 secs] [Times: user=0.00 sys=0.00, real=0.00 secs] 
2020-10-29T14:18:02.753+0000: [GC (Allocation Failure) 2020-10-29T14:18:02.753+0000: [ParNew: 38020K->4K(42752K), 0.0028700 secs] 515858K->477842K(806228K), 0.0029299 secs] [Times: user=0.00 sys=0.00, real=0.00 secs] 
2020-10-29T14:18:02.792+0000: [GC (Allocation Failure) 2020-10-29T14:18:02.792+0000: [ParNew: 38020K->4K(42752K), 0.0028722 secs] 515858K->477842K(806228K), 0.0029314 secs] [Times: user=0.00 sys=0.00, real=0.00 secs] 
2020-10-29T14:18:02.828+0000: [GC (Allocation Failure) 2020-10-29T14:18:02.828+0000: [ParNew: 38020K->4K(42752K), 0.0028063 secs] 515858K->477842K(806228K), 0.0028664 secs] [Times: user=0.00 sys=0.00, real=0.01 secs] 
2020-10-29T14:18:02.863+0000: [GC (Allocation Failure) 2020-10-29T14:18:02.863+0000: [ParNew: 38020K->4K(42752K), 0.0028505 secs] 515858K->477842K(806228K), 0.0029094 secs] [Times: user=0.00 sys=0.00, real=0.00 secs] 
2020-10-29T14:18:02.899+0000: [GC (Allocation Failure) 2020-10-29T14:18:02.899+0000: [ParNew: 38020K->4K(42752K), 0.0033523 secs] 515858K->477842K(806228K), 0.0034118 secs] [Times: user=0.00 sys=0.00, real=0.01 secs] 
2020-10-29T14:18:02.936+0000: [GC (Allocation Failure) 2020-10-29T14:18:02.936+0000: [ParNew: 38020K->4K(42752K), 0.0028278 secs] 515858K->477842K(806228K), 0.0028872 secs] [Times: user=0.01 sys=0.00, real=0.00 secs] 
2020-10-29T14:18:02.972+0000: [GC (Allocation Failure) 2020-10-29T14:18:02.972+0000: [ParNew: 38020K->4K(42752K), 0.0028443 secs] 515858K->477842K(806228K), 0.0029199 secs] [Times: user=0.00 sys=0.00, real=0.00 secs] 
2020-10-29T14:18:03.010+0000: [GC (Allocation Failure) 2020-10-29T14:18:03.010+0000: [ParNew: 38020K->4K(42752K), 0.0027886 secs] 515858K->477842K(806228K), 0.0028470 secs] [Times: user=0.00 sys=0.00, real=0.00 secs] 
2020-10-29T14:18:03.054+0000: [GC (Allocation Failure) 2020-10-29T14:18:03.054+0000: [ParNew: 38020K->8K(42752K), 0.0028418 secs] 515858K->477847K(806228K), 0.0029026 secs] [Times: user=0.01 sys=0.00, real=0.00 secs] 
2020-10-29T14:18:03.094+0000: [GC (Allocation Failure) 2020-10-29T14:18:03.094+0000: [ParNew: 38024K->8K(42752K), 0.0027823 secs] 515863K->477847K(806228K), 0.0028433 secs] [Times: user=0.01 sys=0.00, real=0.00 secs] 
2020-10-29T14:18:03.134+0000: [GC (Allocation Failure) 2020-10-29T14:18:03.134+0000: [ParNew: 38024K->8K(42752K), 0.0028391 secs] 515863K->477847K(806228K), 0.0028998 secs] [Times: user=0.00 sys=0.00, real=0.00 secs] 
2020-10-29T14:18:03.170+0000: [GC (Allocation Failure) 2020-10-29T14:18:03.170+0000: [ParNew: 38024K->8K(42752K), 0.0028000 secs] 515863K->477847K(806228K), 0.0028607 secs] [Times: user=0.00 sys=0.00, real=0.00 secs] 
2020-10-29T14:18:03.206+0000: [GC (Allocation Failure) 2020-10-29T14:18:03.206+0000: [ParNew: 38024K->8K(42752K), 0.0028077 secs] 515863K->477847K(806228K), 0.0028676 secs] [Times: user=0.00 sys=0.00, real=0.00 secs] 
2020-10-29T14:18:03.242+0000: [GC (Allocation Failure) 2020-10-29T14:18:03.242+0000: [ParNew: 38024K->8K(42752K), 0.0028148 secs] 515863K->477847K(806228K), 0.0028733 secs] [Times: user=0.01 sys=0.00, real=0.00 secs] 
2020-10-29T14:18:03.282+0000: [GC (Allocation Failure) 2020-10-29T14:18:03.282+0000: [ParNew: 38024K->4K(42752K), 0.0028500 secs] 515863K->477846K(806228K), 0.0029091 secs] [Times: user=0.00 sys=0.00, real=0.00 secs] 
2020-10-29T14:18:03.322+0000: [GC (Allocation Failure) 2020-10-29T14:18:03.322+0000: [ParNew: 38020K->4K(42752K), 0.0028072 secs] 515862K->477846K(806228K), 0.0028660 secs] [Times: user=0.01 sys=0.00, real=0.01 secs] 
2020-10-29T14:18:03.359+0000: [GC (Allocation Failure) 2020-10-29T14:18:03.359+0000: [ParNew: 38020K->4K(42752K), 0.0027869 secs] 515862K->477846K(806228K), 0.0028472 secs] [Times: user=0.01 sys=0.01, real=0.00 secs] 
2020-10-29T14:18:03.395+0000: [GC (Allocation Failure) 2020-10-29T14:18:03.395+0000: [ParNew: 38020K->4K(42752K), 0.0027835 secs] 515862K->477846K(806228K), 0.0028436 secs] [Times: user=0.01 sys=0.00, real=0.00 secs] 
2020-10-29T14:18:03.434+0000: [GC (Allocation Failure) 2020-10-29T14:18:03.434+0000: [ParNew: 38020K->4K(42752K), 0.0028032 secs] 515862K->477846K(806228K), 0.0028627 secs] [Times: user=0.01 sys=0.00, real=0.00 secs] 
2020-10-29T14:18:03.470+0000: [GC (Allocation Failure) 2020-10-29T14:18:03.470+0000: [ParNew: 38020K->4K(42752K), 0.0028259 secs] 515862K->477846K(806228K), 0.0028864 secs] [Times: user=0.01 sys=0.00, real=0.01 secs] 
2020-10-29T14:18:03.506+0000: [GC (Allocation Failure) 2020-10-29T14:18:03.506+0000: [ParNew: 38020K->4K(42752K), 0.0027851 secs] 515862K->477846K(806228K), 0.0028438 secs] [Times: user=0.01 sys=0.00, real=0.00 secs] 
2020-10-29T14:18:03.546+0000: [GC (Allocation Failure) 2020-10-29T14:18:03.546+0000: [ParNew: 38020K->4K(42752K), 0.0027956 secs] 515862K->477846K(806228K), 0.0028542 secs] [Times: user=0.01 sys=0.00, real=0.00 secs] 
2020-10-29T14:18:03.582+0000: [GC (Allocation Failure) 2020-10-29T14:18:03.582+0000: [ParNew: 38020K->4K(42752K), 0.0028239 secs] 515862K->477846K(806228K), 0.0028857 secs] [Times: user=0.00 sys=0.00, real=0.01 secs] 
2020-10-29T14:18:03.617+0000: [GC (Allocation Failure) 2020-10-29T14:18:03.617+0000: [ParNew: 38020K->4K(42752K), 0.0028666 secs] 515862K->477846K(806228K), 0.0029257 secs] [Times: user=0.01 sys=0.00, real=0.00 secs] 
2020-10-29T14:18:03.653+0000: [GC (Allocation Failure) 2020-10-29T14:18:03.653+0000: [ParNew: 38020K->4K(42752K), 0.0028514 secs] 515862K->477846K(806228K), 0.0029117 secs] [Times: user=0.01 sys=0.00, real=0.00 secs] 
2020-10-29T14:18:03.688+0000: [GC (Allocation Failure) 2020-10-29T14:18:03.688+0000: [ParNew: 38020K->4K(42752K), 0.0028200 secs] 515862K->477846K(806228K), 0.0028791 secs] [Times: user=0.01 sys=0.00, real=0.01 secs] 
2020-10-29T14:18:03.726+0000: [GC (Allocation Failure) 2020-10-29T14:18:03.726+0000: [ParNew: 38020K->4K(42752K), 0.0027788 secs] 515862K->477846K(806228K), 0.0028299 secs] [Times: user=0.00 sys=0.00, real=0.00 secs] 
2020-10-29T14:18:03.765+0000: [GC (Allocation Failure) 2020-10-29T14:18:03.765+0000: [ParNew: 38020K->4K(42752K), 0.0027979 secs] 515862K->477846K(806228K), 0.0028627 secs] [Times: user=0.00 sys=0.00, real=0.00 secs] 
2020-10-29T14:18:03.801+0000: [GC (Allocation Failure) 2020-10-29T14:18:03.801+0000: [ParNew: 38020K->4K(42752K), 0.0027930 secs] 515862K->477846K(806228K), 0.0028518 secs] [Times: user=0.00 sys=0.00, real=0.01 secs] 
2020-10-29T14:18:03.838+0000: [GC (Allocation Failure) 2020-10-29T14:18:03.838+0000: [ParNew: 38020K->4K(42752K), 0.0027668 secs] 515862K->477846K(806228K), 0.0028256 secs] [Times: user=0.00 sys=0.00, real=0.00 secs] 
2020-10-29T14:18:03.874+0000: [GC (Allocation Failure) 2020-10-29T14:18:03.874+0000: [ParNew: 38020K->4K(42752K), 0.0028306 secs] 515862K->477846K(806228K), 0.0028901 secs] [Times: user=0.01 sys=0.00, real=0.00 secs] 
2020-10-29T14:18:03.910+0000: [GC (Allocation Failure) 2020-10-29T14:18:03.910+0000: [ParNew: 38020K->4K(42752K), 0.0027815 secs] 515862K->477846K(806228K), 0.0028386 secs] [Times: user=0.01 sys=0.00, real=0.00 secs] 
2020-10-29T14:18:03.950+0000: [GC (Allocation Failure) 2020-10-29T14:18:03.950+0000: [ParNew: 38020K->4K(42752K), 0.0027852 secs] 515862K->477846K(806228K), 0.0028444 secs] [Times: user=0.00 sys=0.00, real=0.00 secs] 
2020-10-29T14:18:03.986+0000: [GC (Allocation Failure) 2020-10-29T14:18:03.986+0000: [ParNew: 38020K->4K(42752K), 0.0028391 secs] 515862K->477846K(806228K), 0.0028985 secs] [Times: user=0.00 sys=0.00, real=0.00 secs] 
2020-10-29T14:18:04.021+0000: [GC (Allocation Failure) 2020-10-29T14:18:04.021+0000: [ParNew: 38020K->4K(42752K), 0.0028209 secs] 515862K->477846K(806228K), 0.0028796 secs] [Times: user=0.00 sys=0.00, real=0.01 secs] 
2020-10-29T14:18:04.058+0000: [GC (Allocation Failure) 2020-10-29T14:18:04.058+0000: [ParNew: 38020K->4K(42752K), 0.0028065 secs] 515862K->477846K(806228K), 0.0028657 secs] [Times: user=0.00 sys=0.00, real=0.00 secs] 
2020-10-29T14:18:04.094+0000: [GC (Allocation Failure) 2020-10-29T14:18:04.094+0000: [ParNew: 38020K->4K(42752K), 0.0028037 secs] 515862K->477846K(806228K), 0.0028777 secs] [Times: user=0.00 sys=0.00, real=0.00 secs] 
2020-10-29T14:18:04.130+0000: [GC (Allocation Failure) 2020-10-29T14:18:04.130+0000: [ParNew: 38020K->4K(42752K), 0.0027718 secs] 515862K->477846K(806228K), 0.0028299 secs] [Times: user=0.01 sys=0.00, real=0.00 secs] 
2020-10-29T14:18:04.166+0000: [GC (Allocation Failure) 2020-10-29T14:18:04.166+0000: [ParNew: 38020K->4K(42752K), 0.0028597 secs] 515862K->477846K(806228K), 0.0029262 secs] [Times: user=0.01 sys=0.00, real=0.00 secs] 
2020-10-29T14:18:04.206+0000: [GC (Allocation Failure) 2020-10-29T14:18:04.206+0000: [ParNew: 38020K->4K(42752K), 0.0027918 secs] 515862K->477846K(806228K), 0.0028625 secs] [Times: user=0.00 sys=0.00, real=0.00 secs] 
2020-10-29T14:18:04.243+0000: [GC (Allocation Failure) 2020-10-29T14:18:04.243+0000: [ParNew: 38020K->4K(42752K), 0.0028066 secs] 515862K->477846K(806228K), 0.0028653 secs] [Times: user=0.01 sys=0.00, real=0.00 secs] 
2020-10-29T14:18:04.278+0000: [GC (Allocation Failure) 2020-10-29T14:18:04.278+0000: [ParNew: 38020K->4K(42752K), 0.0028552 secs] 515862K->477846K(806228K), 0.0029153 secs] [Times: user=0.01 sys=0.00, real=0.00 secs] 
2020-10-29T14:18:04.314+0000: [GC (Allocation Failure) 2020-10-29T14:18:04.314+0000: [ParNew: 38020K->4K(42752K), 0.0027916 secs] 515862K->477846K(806228K), 0.0028523 secs] [Times: user=0.01 sys=0.00, real=0.00 secs] 
2020-10-29T14:18:04.350+0000: [GC (Allocation Failure) 2020-10-29T14:18:04.350+0000: [ParNew: 38020K->4K(42752K), 0.0027970 secs] 515862K->477846K(806228K), 0.0028556 secs] [Times: user=0.01 sys=0.00, real=0.00 secs] 
2020-10-29T14:18:04.386+0000: [GC (Allocation Failure) 2020-10-29T14:18:04.386+0000: [ParNew: 38020K->4K(42752K), 0.0027971 secs] 515862K->477846K(806228K), 0.0028550 secs] [Times: user=0.01 sys=0.00, real=0.00 secs] 
2020-10-29T14:18:04.422+0000: [GC (Allocation Failure) 2020-10-29T14:18:04.422+0000: [ParNew: 38020K->4K(42752K), 0.0028395 secs] 515862K->477846K(806228K), 0.0028994 secs] [Times: user=0.01 sys=0.00, real=0.00 secs] 
2020-10-29T14:18:04.458+0000: [GC (Allocation Failure) 2020-10-29T14:18:04.458+0000: [ParNew: 38020K->4K(42752K), 0.0028629 secs] 515862K->477846K(806228K), 0.0029233 secs] [Times: user=0.01 sys=0.00, real=0.00 secs] 
2020-10-29T14:18:04.494+0000: [GC (Allocation Failure) 2020-10-29T14:18:04.494+0000: [ParNew: 38020K->4K(42752K), 0.0027967 secs] 515862K->477846K(806228K), 0.0028547 secs] [Times: user=0.00 sys=0.01, real=0.00 secs] 
2020-10-29T14:18:04.530+0000: [GC (Allocation Failure) 2020-10-29T14:18:04.530+0000: [ParNew: 38020K->6K(42752K), 0.0028269 secs] 515862K->477849K(806228K), 0.0029014 secs] [Times: user=0.00 sys=0.00, real=0.01 secs] 
2020-10-29T14:18:04.565+0000: [GC (Allocation Failure) 2020-10-29T14:18:04.566+0000: [ParNew: 38022K->6K(42752K), 0.0028119 secs] 515865K->477848K(806228K), 0.0028713 secs] [Times: user=0.01 sys=0.00, real=0.00 secs] 
2020-10-29T14:18:04.602+0000: [GC (Allocation Failure) 2020-10-29T14:18:04.602+0000: [ParNew: 38022K->4K(42752K), 0.0028135 secs] 515864K->477846K(806228K), 0.0028732 secs] [Times: user=0.01 sys=0.00, real=0.00 secs] 
2020-10-29T14:18:04.638+0000: [GC (Allocation Failure) 2020-10-29T14:18:04.638+0000: [ParNew: 38020K->4K(42752K), 0.0028903 secs] 515862K->477846K(806228K), 0.0029501 secs] [Times: user=0.01 sys=0.00, real=0.00 secs] 
2020-10-29T14:18:04.673+0000: [GC (Allocation Failure) 2020-10-29T14:18:04.673+0000: [ParNew: 38020K->6K(42752K), 0.0028622 secs] 515862K->477848K(806228K), 0.0029224 secs] [Times: user=0.01 sys=0.00, real=0.00 secs] 
2020-10-29T14:18:04.708+0000: [GC (Allocation Failure) 2020-10-29T14:18:04.708+0000: [ParNew: 38022K->6K(42752K), 0.0028200 secs] 515864K->477848K(806228K), 0.0028786 secs] [Times: user=0.01 sys=0.00, real=0.01 secs] 
2020-10-29T14:18:04.744+0000: [GC (Allocation Failure) 2020-10-29T14:18:04.744+0000: [ParNew: 38022K->4K(42752K), 0.0028283 secs] 515864K->477847K(806228K), 0.0028870 secs] [Times: user=0.01 sys=0.00, real=0.00 secs] 
2020-10-29T14:18:04.779+0000: [GC (Allocation Failure) 2020-10-29T14:18:04.779+0000: [ParNew: 38020K->4K(42752K), 0.0028033 secs] 515863K->477847K(806228K), 0.0028626 secs] [Times: user=0.00 sys=0.00, real=0.00 secs] 
2020-10-29T14:18:04.814+0000: [GC (Allocation Failure) 2020-10-29T14:18:04.814+0000: [ParNew: 38020K->4K(42752K), 0.0028246 secs] 515863K->477847K(806228K), 0.0028978 secs] [Times: user=0.00 sys=0.00, real=0.00 secs] 
2020-10-29T14:18:04.850+0000: [GC (Allocation Failure) 2020-10-29T14:18:04.850+0000: [ParNew: 38020K->4K(42752K), 0.0027660 secs] 515863K->477847K(806228K), 0.0028241 secs] [Times: user=0.01 sys=0.00, real=0.00 secs] 
2020-10-29T14:18:04.886+0000: [GC (Allocation Failure) 2020-10-29T14:18:04.886+0000: [ParNew: 38020K->4K(42752K), 0.0028155 secs] 515863K->477847K(806228K), 0.0028744 secs] [Times: user=0.00 sys=0.00, real=0.00 secs] 
2020-10-29T14:18:04.926+0000: [GC (Allocation Failure) 2020-10-29T14:18:04.926+0000: [ParNew: 38020K->4K(42752K), 0.0028484 secs] 515863K->477847K(806228K), 0.0029032 secs] [Times: user=0.01 sys=0.00, real=0.00 secs] 
2020-10-29T14:18:04.962+0000: [GC (Allocation Failure) 2020-10-29T14:18:04.962+0000: [ParNew: 38020K->4K(42752K), 0.0027829 secs] 515863K->477847K(806228K), 0.0028426 secs] [Times: user=0.01 sys=0.00, real=0.01 secs] 
2020-10-29T14:18:04.997+0000: [GC (Allocation Failure) 2020-10-29T14:18:04.997+0000: [ParNew: 38020K->4K(42752K), 0.0028634 secs] 515863K->477847K(806228K), 0.0029218 secs] [Times: user=0.01 sys=0.00, real=0.00 secs] 
2020-10-29T14:18:05.033+0000: [GC (Allocation Failure) 2020-10-29T14:18:05.033+0000: [ParNew: 38020K->4K(42752K), 0.0028192 secs] 515863K->477847K(806228K), 0.0028855 secs] [Times: user=0.00 sys=0.00, real=0.00 secs] 
2020-10-29T14:18:05.069+0000: [GC (Allocation Failure) 2020-10-29T14:18:05.069+0000: [ParNew: 38020K->4K(42752K), 0.0028645 secs] 515863K->477847K(806228K), 0.0029234 secs] [Times: user=0.01 sys=0.00, real=0.01 secs] 
2020-10-29T14:18:05.104+0000: [GC (Allocation Failure) 2020-10-29T14:18:05.104+0000: [ParNew: 38020K->4K(42752K), 0.0028356 secs] 515863K->477847K(806228K), 0.0028942 secs] [Times: user=0.00 sys=0.00, real=0.00 secs] 
2020-10-29T14:18:05.140+0000: [GC (Allocation Failure) 2020-10-29T14:18:05.140+0000: [ParNew: 38020K->4K(42752K), 0.0029055 secs] 515863K->477847K(806228K), 0.0029647 secs] [Times: user=0.01 sys=0.00, real=0.01 secs] 
2020-10-29T14:18:05.175+0000: [GC (Allocation Failure) 2020-10-29T14:18:05.175+0000: [ParNew: 38020K->4K(42752K), 0.0027856 secs] 515863K->477847K(806228K), 0.0028437 secs] [Times: user=0.01 sys=0.00, real=0.00 secs] 
2020-10-29T14:18:05.214+0000: [GC (Allocation Failure) 2020-10-29T14:18:05.214+0000: [ParNew: 38020K->4K(42752K), 0.0027689 secs] 515863K->477847K(806228K), 0.0028249 secs] [Times: user=0.01 sys=0.00, real=0.00 secs] 
2020-10-29T14:18:05.250+0000: [GC (Allocation Failure) 2020-10-29T14:18:05.250+0000: [ParNew: 38020K->4K(42752K), 0.0028018 secs] 515863K->477847K(806228K), 0.0028599 secs] [Times: user=0.00 sys=0.00, real=0.01 secs] 
2020-10-29T14:18:05.285+0000: [GC (Allocation Failure) 2020-10-29T14:18:05.285+0000: [ParNew: 38020K->4K(42752K), 0.0028249 secs] 515863K->477847K(806228K), 0.0028953 secs] [Times: user=0.00 sys=0.00, real=0.00 secs] 
2020-10-29T14:18:05.321+0000: [GC (Allocation Failure) 2020-10-29T14:18:05.321+0000: [ParNew: 38020K->4K(42752K), 0.0028421 secs] 515863K->477847K(806228K), 0.0028998 secs] [Times: user=0.00 sys=0.00, real=0.01 secs] 
2020-10-29T14:18:05.356+0000: [GC (Allocation Failure) 2020-10-29T14:18:05.356+0000: [ParNew: 38020K->4K(42752K), 0.0027987 secs] 515863K->477848K(806228K), 0.0028574 secs] [Times: user=0.00 sys=0.00, real=0.00 secs] 
2020-10-29T14:18:05.394+0000: [GC (Allocation Failure) 2020-10-29T14:18:05.394+0000: [ParNew: 38020K->4K(42752K), 0.0027696 secs] 515864K->477848K(806228K), 0.0028291 secs] [Times: user=0.00 sys=0.00, real=0.00 secs] 
2020-10-29T14:18:05.430+0000: [GC (Allocation Failure) 2020-10-29T14:18:05.430+0000: [ParNew: 38020K->4K(42752K), 0.0028067 secs] 515864K->477848K(806228K), 0.0028647 secs] [Times: user=0.00 sys=0.00, real=0.01 secs] 
2020-10-29T14:18:05.465+0000: [GC (Allocation Failure) 2020-10-29T14:18:05.465+0000: [ParNew: 38020K->4K(42752K), 0.0027991 secs] 515864K->477848K(806228K), 0.0028580 secs] [Times: user=0.01 sys=0.00, real=0.00 secs] 
2020-10-29T14:18:05.501+0000: [GC (Allocation Failure) 2020-10-29T14:18:05.501+0000: [ParNew: 38020K->4K(42752K), 0.0028502 secs] 515864K->477848K(806228K), 0.0029088 secs] [Times: user=0.01 sys=0.00, real=0.01 secs] 
2020-10-29T14:18:05.536+0000: [GC (Allocation Failure) 2020-10-29T14:18:05.536+0000: [ParNew: 38020K->4K(42752K), 0.0028641 secs] 515864K->477848K(806228K), 0.0029222 secs] [Times: user=0.01 sys=0.00, real=0.00 secs] 
2020-10-29T14:18:05.572+0000: [GC (Allocation Failure) 2020-10-29T14:18:05.572+0000: [ParNew: 38020K->4K(42752K), 0.0028328 secs] 515864K->477848K(806228K), 0.0029005 secs] [Times: user=0.00 sys=0.00, real=0.00 secs] 
2020-10-29T14:18:05.607+0000: [GC (Allocation Failure) 2020-10-29T14:18:05.607+0000: [ParNew: 38020K->4K(42752K), 0.0028056 secs] 515864K->477848K(806228K), 0.0028640 secs] [Times: user=0.01 sys=0.00, real=0.01 secs] 
2020-10-29T14:18:05.643+0000: [GC (Allocation Failure) 2020-10-29T14:18:05.643+0000: [ParNew: 38020K->4K(42752K), 0.0028279 secs] 515864K->477848K(806228K), 0.0028870 secs] [Times: user=0.01 sys=0.00, real=0.00 secs] 
2020-10-29T14:18:05.682+0000: [GC (Allocation Failure) 2020-10-29T14:18:05.682+0000: [ParNew: 38020K->4K(42752K), 0.0027862 secs] 515864K->477848K(806228K), 0.0028446 secs] [Times: user=0.01 sys=0.00, real=0.00 secs] 
2020-10-29T14:18:05.718+0000: [GC (Allocation Failure) 2020-10-29T14:18:05.718+0000: [ParNew: 38020K->4K(42752K), 0.0028053 secs] 515864K->477848K(806228K), 0.0028658 secs] [Times: user=0.01 sys=0.00, real=0.00 secs] 
2020-10-29T14:18:05.760+0000: [GC (Allocation Failure) 2020-10-29T14:18:05.760+0000: [ParNew: 38020K->4K(42752K), 0.0029474 secs] 515864K->477848K(806228K), 0.0030286 secs] [Times: user=0.01 sys=0.00, real=0.01 secs] 
2020-10-29T14:18:05.796+0000: [GC (Allocation Failure) 2020-10-29T14:18:05.796+0000: [ParNew: 38020K->4K(42752K), 0.0028215 secs] 515864K->477848K(806228K), 0.0028856 secs] [Times: user=0.01 sys=0.00, real=0.00 secs] 
2020-10-29T14:18:05.832+0000: [GC (Allocation Failure) 2020-10-29T14:18:05.832+0000: [ParNew: 38020K->4K(42752K), 0.0028016 secs] 515864K->477848K(806228K), 0.0028601 secs] [Times: user=0.01 sys=0.00, real=0.00 secs] 
2020-10-29T14:18:05.867+0000: [GC (Allocation Failure) 2020-10-29T14:18:05.867+0000: [ParNew: 38020K->4K(42752K), 0.0028091 secs] 515864K->477848K(806228K), 0.0028679 secs] [Times: user=0.01 sys=0.00, real=0.00 secs] 
2020-10-29T14:18:05.902+0000: [GC (Allocation Failure) 2020-10-29T14:18:05.902+0000: [ParNew: 38020K->4K(42752K), 0.0028130 secs] 515864K->477848K(806228K), 0.0028714 secs] [Times: user=0.01 sys=0.00, real=0.00 secs] 
2020-10-29T14:18:05.942+0000: [GC (Allocation Failure) 2020-10-29T14:18:05.942+0000: [ParNew: 38020K->4K(42752K), 0.0028051 secs] 515864K->477848K(806228K), 0.0028645 secs] [Times: user=0.01 sys=0.00, real=0.01 secs] 
2020-10-29T14:18:05.978+0000: [GC (Allocation Failure) 2020-10-29T14:18:05.978+0000: [ParNew: 38020K->4K(42752K), 0.0027933 secs] 515864K->477848K(806228K), 0.0028521 secs] [Times: user=0.01 sys=0.00, real=0.00 secs] 
2020-10-29T14:18:06.018+0000: [GC (Allocation Failure) 2020-10-29T14:18:06.018+0000: [ParNew: 38020K->4K(42752K), 0.0028310 secs] 515864K->477848K(806228K), 0.0028888 secs] [Times: user=0.01 sys=0.00, real=0.00 secs] 
2020-10-29T14:18:06.054+0000: [GC (Allocation Failure) 2020-10-29T14:18:06.054+0000: [ParNew: 38020K->4K(42752K), 0.0028184 secs] 515864K->477848K(806228K), 0.0028783 secs] [Times: user=0.00 sys=0.00, real=0.00 secs] 
2020-10-29T14:18:06.090+0000: [GC (Allocation Failure) 2020-10-29T14:18:06.090+0000: [ParNew: 38020K->4K(42752K), 0.0027755 secs] 515864K->477848K(806228K), 0.0028334 secs] [Times: user=0.01 sys=0.00, real=0.00 secs] 
2020-10-29T14:18:06.126+0000: [GC (Allocation Failure) 2020-10-29T14:18:06.126+0000: [ParNew: 38020K->4K(42752K), 0.0027994 secs] 515864K->477848K(806228K), 0.0028731 secs] [Times: user=0.00 sys=0.00, real=0.00 secs] 
2020-10-29T14:18:06.161+0000: [GC (Allocation Failure) 2020-10-29T14:18:06.161+0000: [ParNew: 38020K->4K(42752K), 0.0028227 secs] 515864K->477848K(806228K), 0.0028857 secs] [Times: user=0.01 sys=0.00, real=0.01 secs] 
2020-10-29T14:18:06.201+0000: [GC (Allocation Failure) 2020-10-29T14:18:06.201+0000: [ParNew: 38020K->4K(42752K), 0.0028464 secs] 515864K->477848K(806228K), 0.0029230 secs] [Times: user=0.01 sys=0.00, real=0.01 secs] 
2020-10-29T14:18:06.242+0000: [GC (Allocation Failure) 2020-10-29T14:18:06.242+0000: [ParNew: 38020K->4K(42752K), 0.0027868 secs] 515864K->477848K(806228K), 0.0028399 secs] [Times: user=0.01 sys=0.00, real=0.00 secs] 
2020-10-29T14:18:06.282+0000: [GC (Allocation Failure) 2020-10-29T14:18:06.282+0000: [ParNew: 38020K->4K(42752K), 0.0027971 secs] 515864K->477848K(806228K), 0.0028572 secs] [Times: user=0.01 sys=0.00, real=0.01 secs] 
2020-10-29T14:18:06.318+0000: [GC (Allocation Failure) 2020-10-29T14:18:06.318+0000: [ParNew: 38020K->4K(42752K), 0.0028401 secs] 515864K->477848K(806228K), 0.0028999 secs] [Times: user=0.00 sys=0.00, real=0.00 secs] 
2020-10-29T14:18:06.353+0000: [GC (Allocation Failure) 2020-10-29T14:18:06.353+0000: [ParNew: 38020K->4K(42752K), 0.0028045 secs] 515864K->477848K(806228K), 0.0028646 secs] [Times: user=0.00 sys=0.00, real=0.00 secs] 
2020-10-29T14:18:06.388+0000: [GC (Allocation Failure) 2020-10-29T14:18:06.389+0000: [ParNew: 38020K->4K(42752K), 0.0027875 secs] 515864K->477848K(806228K), 0.0028471 secs] [Times: user=0.01 sys=0.00, real=0.01 secs] 
2020-10-29T14:18:06.426+0000: [GC (Allocation Failure) 2020-10-29T14:18:06.426+0000: [ParNew: 38020K->4K(42752K), 0.0028238 secs] 515864K->477848K(806228K), 0.0028815 secs] [Times: user=0.00 sys=0.00, real=0.00 secs] 
2020-10-29T14:18:06.465+0000: [GC (Allocation Failure) 2020-10-29T14:18:06.465+0000: [ParNew: 38020K->4K(42752K), 0.0027923 secs] 515864K->477848K(806228K), 0.0028508 secs] [Times: user=0.01 sys=0.00, real=0.00 secs] 
2020-10-29T14:18:06.502+0000: [GC (Allocation Failure) 2020-10-29T14:18:06.502+0000: [ParNew: 38020K->4K(42752K), 0.0027845 secs] 515864K->477848K(806228K), 0.0028413 secs] [Times: user=0.01 sys=0.01, real=0.00 secs] 
2020-10-29T14:18:06.538+0000: [GC (Allocation Failure) 2020-10-29T14:18:06.538+0000: [ParNew: 38020K->4K(42752K), 0.0027893 secs] 515864K->477848K(806228K), 0.0028481 secs] [Times: user=0.01 sys=0.00, real=0.00 secs] 
2020-10-29T14:18:06.574+0000: [GC (Allocation Failure) 2020-10-29T14:18:06.574+0000: [ParNew: 38020K->4K(42752K), 0.0028101 secs] 515864K->477848K(806228K), 0.0028698 secs] [Times: user=0.00 sys=0.00, real=0.00 secs] 
2020-10-29T14:18:06.609+0000: [GC (Allocation Failure) 2020-10-29T14:18:06.609+0000: [ParNew: 38020K->4K(42752K), 0.0028552 secs] 515864K->477848K(806228K), 0.0029124 secs] [Times: user=0.01 sys=0.00, real=0.01 secs] 
2020-10-29T14:18:06.646+0000: [GC (Allocation Failure) 2020-10-29T14:18:06.646+0000: [ParNew: 38020K->4K(42752K), 0.0027867 secs] 515864K->477848K(806228K), 0.0028453 secs] [Times: user=0.01 sys=0.00, real=0.00 secs] 
2020-10-29T14:18:06.682+0000: [GC (Allocation Failure) 2020-10-29T14:18:06.682+0000: [ParNew: 38020K->4K(42752K), 0.0028670 secs] 515864K->477848K(806228K), 0.0029260 secs] [Times: user=0.00 sys=0.00, real=0.01 secs] 
2020-10-29T14:18:06.717+0000: [GC (Allocation Failure) 2020-10-29T14:18:06.717+0000: [ParNew: 38020K->4K(42752K), 0.0028132 secs] 515864K->477848K(806228K), 0.0028718 secs] [Times: user=0.00 sys=0.00, real=0.00 secs] 
2020-10-29T14:18:06.752+0000: [GC (Allocation Failure) 2020-10-29T14:18:06.753+0000: [ParNew: 38020K->4K(42752K), 0.0028124 secs] 515864K->477848K(806228K), 0.0028705 secs] [Times: user=0.01 sys=0.00, real=0.00 secs] 
2020-10-29T14:18:06.788+0000: [GC (Allocation Failure) 2020-10-29T14:18:06.788+0000: [ParNew: 38020K->4K(42752K), 0.0028075 secs] 515864K->477848K(806228K), 0.0028663 secs] [Times: user=0.01 sys=0.00, real=0.01 secs] 
2020-10-29T14:18:06.826+0000: [GC (Allocation Failure) 2020-10-29T14:18:06.826+0000: [ParNew: 38020K->4K(42752K), 0.0027770 secs] 515864K->477848K(806228K), 0.0028350 secs] [Times: user=0.01 sys=0.00, real=0.00 secs] 
2020-10-29T14:18:06.862+0000: [GC (Allocation Failure) 2020-10-29T14:18:06.862+0000: [ParNew: 38020K->4K(42752K), 0.0028152 secs] 515864K->477848K(806228K), 0.0028787 secs] [Times: user=0.01 sys=0.00, real=0.00 secs] 
2020-10-29T14:18:06.898+0000: [GC (Allocation Failure) 2020-10-29T14:18:06.898+0000: [ParNew: 38020K->4K(42752K), 0.0028124 secs] 515864K->477848K(806228K), 0.0028715 secs] [Times: user=0.01 sys=0.00, real=0.00 secs] 
2020-10-29T14:18:06.938+0000: [GC (Allocation Failure) 2020-10-29T14:18:06.938+0000: [ParNew: 38020K->4K(42752K), 0.0027851 secs] 515864K->477848K(806228K), 0.0028422 secs] [Times: user=0.01 sys=0.00, real=0.00 secs] 
2020-10-29T14:18:06.985+0000: [GC (Allocation Failure) 2020-10-29T14:18:06.985+0000: [ParNew: 38020K->4K(42752K), 0.0028301 secs] 515864K->477848K(806228K), 0.0028911 secs] [Times: user=0.00 sys=0.00, real=0.00 secs] 
2020-10-29T14:18:07.022+0000: [GC (Allocation Failure) 2020-10-29T14:18:07.022+0000: [ParNew: 38020K->4K(42752K), 0.0027870 secs] 515864K->477848K(806228K), 0.0028473 secs] [Times: user=0.00 sys=0.00, real=0.00 secs] 
2020-10-29T14:18:07.058+0000: [GC (Allocation Failure) 2020-10-29T14:18:07.058+0000: [ParNew: 38020K->4K(42752K), 0.0028163 secs] 515864K->477848K(806228K), 0.0028760 secs] [Times: user=0.00 sys=0.00, real=0.00 secs] 
2020-10-29T14:18:07.094+0000: [GC (Allocation Failure) 2020-10-29T14:18:07.094+0000: [ParNew: 38020K->4K(42752K), 0.0028145 secs] 515864K->477848K(806228K), 0.0028751 secs] [Times: user=0.01 sys=0.00, real=0.00 secs] 
2020-10-29T14:18:07.130+0000: [GC (Allocation Failure) 2020-10-29T14:18:07.130+0000: [ParNew: 38020K->4K(42752K), 0.0028109 secs] 515864K->477848K(806228K), 0.0028927 secs] [Times: user=0.00 sys=0.01, real=0.01 secs] 
2020-10-29T14:18:07.166+0000: [GC (Allocation Failure) 2020-10-29T14:18:07.166+0000: [ParNew: 38020K->4K(42752K), 0.0027992 secs] 515864K->477848K(806228K), 0.0028585 secs] [Times: user=0.01 sys=0.00, real=0.00 secs] 
2020-10-29T14:18:07.210+0000: [GC (Allocation Failure) 2020-10-29T14:18:07.210+0000: [ParNew: 38020K->4K(42752K), 0.0028362 secs] 515864K->477849K(806228K), 0.0028962 secs] [Times: user=0.00 sys=0.00, real=0.01 secs] 
2020-10-29T14:18:07.245+0000: [GC (Allocation Failure) 2020-10-29T14:18:07.245+0000: [ParNew: 38020K->4K(42752K), 0.0028541 secs] 515865K->477849K(806228K), 0.0029148 secs] [Times: user=0.01 sys=0.00, real=0.00 secs] 
2020-10-29T14:18:07.281+0000: [GC (Allocation Failure) 2020-10-29T14:18:07.281+0000: [ParNew: 38020K->4K(42752K), 0.0028348 secs] 515865K->477849K(806228K), 0.0028948 secs] [Times: user=0.01 sys=0.00, real=0.01 secs] 
2020-10-29T14:18:07.318+0000: [GC (Allocation Failure) 2020-10-29T14:18:07.318+0000: [ParNew: 38020K->4K(42752K), 0.0028027 secs] 515865K->477849K(806228K), 0.0028615 secs] [Times: user=0.01 sys=0.00, real=0.00 secs] 
2020-10-29T14:18:07.354+0000: [GC (Allocation Failure) 2020-10-29T14:18:07.354+0000: [ParNew: 38020K->4K(42752K), 0.0028010 secs] 515865K->477849K(806228K), 0.0028599 secs] [Times: user=0.00 sys=0.00, real=0.00 secs] 
2020-10-29T14:18:07.390+0000: [GC (Allocation Failure) 2020-10-29T14:18:07.390+0000: [ParNew: 38020K->4K(42752K), 0.0027858 secs] 515865K->477849K(806228K), 0.0028440 secs] [Times: user=0.00 sys=0.00, real=0.00 secs] 
2020-10-29T14:18:07.427+0000: [GC (Allocation Failure) 2020-10-29T14:18:07.427+0000: [ParNew: 38020K->4K(42752K), 0.0027656 secs] 515865K->477849K(806228K), 0.0028243 secs] [Times: user=0.00 sys=0.00, real=0.00 secs] 
2020-10-29T14:18:07.466+0000: [GC (Allocation Failure) 2020-10-29T14:18:07.466+0000: [ParNew: 38020K->4K(42752K), 0.0027625 secs] 515865K->477849K(806228K), 0.0028215 secs] [Times: user=0.01 sys=0.00, real=0.00 secs] 
2020-10-29T14:18:07.501+0000: [GC (Allocation Failure) 2020-10-29T14:18:07.501+0000: [ParNew: 38020K->4K(42752K), 0.0028774 secs] 515865K->477849K(806228K), 0.0029357 secs] [Times: user=0.01 sys=0.00, real=0.01 secs] 
2020-10-29T14:18:07.538+0000: [GC (Allocation Failure) 2020-10-29T14:18:07.538+0000: [ParNew: 38020K->4K(42752K), 0.0027982 secs] 515865K->477849K(806228K), 0.0028573 secs] [Times: user=0.00 sys=0.00, real=0.00 secs] 
2020-10-29T14:18:07.574+0000: [GC (Allocation Failure) 2020-10-29T14:18:07.574+0000: [ParNew: 38020K->4K(42752K), 0.0027607 secs] 515865K->477849K(806228K), 0.0028181 secs] [Times: user=0.01 sys=0.00, real=0.00 secs] 
2020-10-29T14:18:07.614+0000: [GC (Allocation Failure) 2020-10-29T14:18:07.614+0000: [ParNew: 38020K->4K(42752K), 0.0027896 secs] 515865K->477849K(806228K), 0.0028490 secs] [Times: user=0.01 sys=0.00, real=0.00 secs] 
2020-10-29T14:18:07.650+0000: [GC (Allocation Failure) 2020-10-29T14:18:07.650+0000: [ParNew: 38020K->4K(42752K), 0.0060525 secs] 515865K->477849K(806228K), 0.0061120 secs] [Times: user=0.01 sys=0.00, real=0.01 secs] 
2020-10-29T14:18:07.688+0000: [GC (Allocation Failure) 2020-10-29T14:18:07.688+0000: [ParNew: 38020K->4K(42752K), 0.0028009 secs] 515865K->477849K(806228K), 0.0028588 secs] [Times: user=0.01 sys=0.00, real=0.01 secs] 
2020-10-29T14:18:07.723+0000: [GC (Allocation Failure) 2020-10-29T14:18:07.723+0000: [ParNew: 38020K->4K(42752K), 0.0027898 secs] 515865K->477849K(806228K), 0.0028483 secs] [Times: user=0.00 sys=0.00, real=0.00 secs] 
2020-10-29T14:18:07.762+0000: [GC (Allocation Failure) 2020-10-29T14:18:07.762+0000: [ParNew: 38020K->4K(42752K), 0.0028357 secs] 515865K->477849K(806228K), 0.0028945 secs] [Times: user=0.00 sys=0.01, real=0.00 secs] 
2020-10-29T14:18:07.798+0000: [GC (Allocation Failure) 2020-10-29T14:18:07.798+0000: [ParNew: 38020K->4K(42752K), 0.0027755 secs] 515865K->477849K(806228K), 0.0028341 secs] [Times: user=0.00 sys=0.00, real=0.00 secs] 
2020-10-29T14:18:07.833+0000: [GC (Allocation Failure) 2020-10-29T14:18:07.833+0000: [ParNew: 38020K->4K(42752K), 0.0028585 secs] 515865K->477849K(806228K), 0.0029175 secs] [Times: user=0.01 sys=0.00, real=0.00 secs] 
2020-10-29T14:18:07.869+0000: [GC (Allocation Failure) 2020-10-29T14:18:07.869+0000: [ParNew: 38020K->4K(42752K), 0.0028249 secs] 515865K->477849K(806228K), 0.0028847 secs] [Times: user=0.01 sys=0.00, real=0.01 secs] 
2020-10-29T14:18:07.904+0000: [GC (Allocation Failure) 2020-10-29T14:18:07.904+0000: [ParNew: 38020K->4K(42752K), 0.0029088 secs] 515865K->477849K(806228K), 0.0029690 secs] [Times: user=0.01 sys=0.00, real=0.00 secs] 
2020-10-29T14:18:07.940+0000: [GC (Allocation Failure) 2020-10-29T14:18:07.940+0000: [ParNew: 38020K->4K(42752K), 0.0027961 secs] 515865K->477849K(806228K), 0.0028539 secs] [Times: user=0.00 sys=0.00, real=0.01 secs] 
2020-10-29T14:18:07.978+0000: [GC (Allocation Failure) 2020-10-29T14:18:07.978+0000: [ParNew: 38020K->4K(42752K), 0.0027897 secs] 515865K->477849K(806228K), 0.0028490 secs] [Times: user=0.00 sys=0.00, real=0.00 secs] 
2020-10-29T14:18:08.014+0000: [GC (Allocation Failure) 2020-10-29T14:18:08.014+0000: [ParNew: 38020K->4K(42752K), 0.0028214 secs] 515865K->477849K(806228K), 0.0028804 secs] [Times: user=0.00 sys=0.00, real=0.00 secs] 
2020-10-29T14:18:08.054+0000: [GC (Allocation Failure) 2020-10-29T14:18:08.054+0000: [ParNew: 38020K->4K(42752K), 0.0027938 secs] 515865K->477849K(806228K), 0.0028532 secs] [Times: user=0.00 sys=0.00, real=0.00 secs] 
2020-10-29T14:18:08.090+0000: [GC (Allocation Failure) 2020-10-29T14:18:08.090+0000: [ParNew: 38020K->4K(42752K), 0.0028295 secs] 515865K->477849K(806228K), 0.0029045 secs] [Times: user=0.01 sys=0.00, real=0.01 secs] 
2020-10-29T14:18:08.125+0000: [GC (Allocation Failure) 2020-10-29T14:18:08.125+0000: [ParNew: 38020K->4K(42752K), 0.0027960 secs] 515865K->477849K(806228K), 0.0028560 secs] [Times: user=0.01 sys=0.00, real=0.00 secs] 
2020-10-29T14:18:08.162+0000: [GC (Allocation Failure) 2020-10-29T14:18:08.162+0000: [ParNew: 38020K->4K(42752K), 0.0027846 secs] 515865K->477849K(806228K), 0.0028427 secs] [Times: user=0.01 sys=0.00, real=0.00 secs] 
2020-10-29T14:18:08.198+0000: [GC (Allocation Failure) 2020-10-29T14:18:08.198+0000: [ParNew: 38020K->4K(42752K), 0.0027809 secs] 515865K->477849K(806228K), 0.0028395 secs] [Times: user=0.01 sys=0.00, real=0.00 secs] 
2020-10-29T14:18:08.234+0000: [GC (Allocation Failure) 2020-10-29T14:18:08.234+0000: [ParNew: 38020K->4K(42752K), 0.0028176 secs] 515865K->477849K(806228K), 0.0028762 secs] [Times: user=0.01 sys=0.00, real=0.00 secs] 
2020-10-29T14:18:08.273+0000: [GC (Allocation Failure) 2020-10-29T14:18:08.273+0000: [ParNew: 38020K->4K(42752K), 0.0028294 secs] 515865K->477849K(806228K), 0.0028877 secs] [Times: user=0.00 sys=0.00, real=0.00 secs] 
2020-10-29T14:18:08.310+0000: [GC (Allocation Failure) 2020-10-29T14:18:08.310+0000: [ParNew: 38020K->4K(42752K), 0.0027969 secs] 515865K->477849K(806228K), 0.0028564 secs] [Times: user=0.00 sys=0.00, real=0.00 secs] 
2020-10-29T14:18:08.346+0000: [GC (Allocation Failure) 2020-10-29T14:18:08.346+0000: [ParNew: 38020K->4K(42752K), 0.0027944 secs] 515865K->477849K(806228K), 0.0028554 secs] [Times: user=0.00 sys=0.00, real=0.00 secs] 
2020-10-29T14:18:08.382+0000: [GC (Allocation Failure) 2020-10-29T14:18:08.382+0000: [ParNew: 38020K->4K(42752K), 0.0028573 secs] 515865K->477849K(806228K), 0.0029168 secs] [Times: user=0.00 sys=0.00, real=0.01 secs] 
2020-10-29T14:18:08.417+0000: [GC (Allocation Failure) 2020-10-29T14:18:08.417+0000: [ParNew: 38020K->4K(42752K), 0.0028136 secs] 515865K->477849K(806228K), 0.0028736 secs] [Times: user=0.00 sys=0.00, real=0.00 secs] 
2020-10-29T14:18:08.454+0000: [GC (Allocation Failure) 2020-10-29T14:18:08.454+0000: [ParNew: 38020K->4K(42752K), 0.0027980 secs] 515865K->477849K(806228K), 0.0028555 secs] [Times: user=0.00 sys=0.00, real=0.00 secs] 
2020-10-29T14:18:08.490+0000: [GC (Allocation Failure) 2020-10-29T14:18:08.490+0000: [ParNew: 38020K->4K(42752K), 0.0027875 secs] 515865K->477849K(806228K), 0.0028457 secs] [Times: user=0.00 sys=0.00, real=0.00 secs] 
2020-10-29T14:18:08.526+0000: [GC (Allocation Failure) 2020-10-29T14:18:08.526+0000: [ParNew: 38020K->4K(42752K), 0.0027950 secs] 515865K->477849K(806228K), 0.0028543 secs] [Times: user=0.01 sys=0.00, real=0.00 secs] 
2020-10-29T14:18:08.561+0000: [GC (Allocation Failure) 2020-10-29T14:18:08.561+0000: [ParNew: 38020K->4K(42752K), 0.0028564 secs] 515865K->477849K(806228K), 0.0029159 secs] [Times: user=0.00 sys=0.00, real=0.01 secs] 
2020-10-29T14:18:08.596+0000: [GC (Allocation Failure) 2020-10-29T14:18:08.596+0000: [ParNew: 38020K->4K(42752K), 0.0027959 secs] 515865K->477849K(806228K), 0.0028604 secs] [Times: user=0.01 sys=0.00, real=0.00 secs] 
2020-10-29T14:18:08.631+0000: [GC (Allocation Failure) 2020-10-29T14:18:08.632+0000: [ParNew: 38020K->4K(42752K), 0.0028357 secs] 515865K->477849K(806228K), 0.0028940 secs] [Times: user=0.01 sys=0.00, real=0.00 secs] 
2020-10-29T14:18:08.667+0000: [GC (Allocation Failure) 2020-10-29T14:18:08.667+0000: [ParNew: 38020K->4K(42752K), 0.0041918 secs] 515865K->477849K(806228K), 0.0042501 secs] [Times: user=0.01 sys=0.00, real=0.01 secs] 
2020-10-29T14:18:08.703+0000: [GC (Allocation Failure) 2020-10-29T14:18:08.703+0000: [ParNew: 38020K->4K(42752K), 0.0028218 secs] 515865K->477849K(806228K), 0.0028814 secs] [Times: user=0.00 sys=0.00, real=0.00 secs] 
2020-10-29T14:18:08.742+0000: [GC (Allocation Failure) 2020-10-29T14:18:08.742+0000: [ParNew: 38020K->4K(42752K), 0.0027902 secs] 515865K->477849K(806228K), 0.0028472 secs] [Times: user=0.01 sys=0.00, real=0.00 secs] 
2020-10-29T14:18:08.778+0000: [GC (Allocation Failure) 2020-10-29T14:18:08.778+0000: [ParNew: 38020K->4K(42752K), 0.0028243 secs] 515865K->477849K(806228K), 0.0028828 secs] [Times: user=0.00 sys=0.00, real=0.00 secs] 
2020-10-29T14:18:08.814+0000: [GC (Allocation Failure) 2020-10-29T14:18:08.814+0000: [ParNew: 38020K->4K(42752K), 0.0028651 secs] 515865K->477849K(806228K), 0.0029237 secs] [Times: user=0.00 sys=0.00, real=0.00 secs] 
2020-10-29T14:18:08.849+0000: [GC (Allocation Failure) 2020-10-29T14:18:08.849+0000: [ParNew: 38020K->4K(42752K), 0.0028232 secs] 515865K->477849K(806228K), 0.0028969 secs] [Times: user=0.01 sys=0.00, real=0.01 secs] 
2020-10-29T14:18:08.886+0000: [GC (Allocation Failure) 2020-10-29T14:18:08.886+0000: [ParNew: 38020K->4K(42752K), 0.0028218 secs] 515865K->477849K(806228K), 0.0028809 secs] [Times: user=0.01 sys=0.00, real=0.00 secs] 
2020-10-29T14:18:08.926+0000: [GC (Allocation Failure) 2020-10-29T14:18:08.926+0000: [ParNew: 38020K->4K(42752K), 0.0028490 secs] 515865K->477849K(806228K), 0.0029017 secs] [Times: user=0.00 sys=0.00, real=0.00 secs] 
2020-10-29T14:18:08.965+0000: [GC (Allocation Failure) 2020-10-29T14:18:08.965+0000: [ParNew: 38020K->4K(42752K), 0.0028231 secs] 515865K->477849K(806228K), 0.0028830 secs] [Times: user=0.00 sys=0.00, real=0.00 secs] 
2020-10-29T14:18:09.002+0000: [GC (Allocation Failure) 2020-10-29T14:18:09.002+0000: [ParNew: 38020K->4K(42752K), 0.0027866 secs] 515865K->477849K(806228K), 0.0028467 secs] [Times: user=0.01 sys=0.00, real=0.00 secs] 
2020-10-29T14:18:09.038+0000: [GC (Allocation Failure) 2020-10-29T14:18:09.038+0000: [ParNew: 38020K->4K(42752K), 0.0028480 secs] 515865K->477849K(806228K), 0.0029294 secs] [Times: user=0.01 sys=0.01, real=0.00 secs] 
2020-10-29T14:18:09.074+0000: [GC (Allocation Failure) 2020-10-29T14:18:09.074+0000: [ParNew: 38020K->4K(42752K), 0.0027928 secs] 515865K->477849K(806228K), 0.0028515 secs] [Times: user=0.00 sys=0.00, real=0.00 secs] 
2020-10-29T14:18:09.110+0000: [GC (Allocation Failure) 2020-10-29T14:18:09.110+0000: [ParNew: 38020K->4K(42752K), 0.0027894 secs] 515865K->477849K(806228K), 0.0028484 secs] [Times: user=0.00 sys=0.00, real=0.00 secs] 
2020-10-29T14:18:09.145+0000: [GC (Allocation Failure) 2020-10-29T14:18:09.146+0000: [ParNew: 38020K->4K(42752K), 0.0028222 secs] 515865K->477849K(806228K), 0.0028811 secs] [Times: user=0.00 sys=0.00, real=0.00 secs] 
2020-10-29T14:18:09.181+0000: [GC (Allocation Failure) 2020-10-29T14:18:09.181+0000: [ParNew: 38020K->4K(42752K), 0.0028615 secs] 515865K->477849K(806228K), 0.0029198 secs] [Times: user=0.00 sys=0.00, real=0.01 secs] 
2020-10-29T14:18:09.218+0000: [GC (Allocation Failure) 2020-10-29T14:18:09.218+0000: [ParNew: 38020K->4K(42752K), 0.0027713 secs] 515865K->477849K(806228K), 0.0028300 secs] [Times: user=0.00 sys=0.00, real=0.00 secs] 
2020-10-29T14:18:09.254+0000: [GC (Allocation Failure) 2020-10-29T14:18:09.254+0000: [ParNew: 38020K->4K(42752K), 0.0027787 secs] 515865K->477849K(806228K), 0.0028367 secs] [Times: user=0.00 sys=0.00, real=0.00 secs] 
2020-10-29T14:18:09.292+0000: [GC (Allocation Failure) 2020-10-29T14:18:09.292+0000: [ParNew: 38020K->4K(42752K), 0.0028293 secs] 515865K->477849K(806228K), 0.0028884 secs] [Times: user=0.00 sys=0.00, real=0.00 secs] 
2020-10-29T14:18:09.330+0000: [GC (Allocation Failure) 2020-10-29T14:18:09.330+0000: [ParNew: 38020K->4K(42752K), 0.0028538 secs] 515865K->477849K(806228K), 0.0029195 secs] [Times: user=0.00 sys=0.00, real=0.00 secs] 
2020-10-29T14:18:09.395+0000: [GC (Allocation Failure) 2020-10-29T14:18:09.395+0000: [ParNew: 38020K->6K(42752K), 0.0027953 secs] 515865K->477851K(806228K), 0.0028555 secs] [Times: user=0.01 sys=0.00, real=0.00 secs] 
2020-10-29T14:18:09.461+0000: [GC (Allocation Failure) 2020-10-29T14:18:09.461+0000: [ParNew: 38022K->6K(42752K), 0.0028426 secs] 515867K->477851K(806228K), 0.0029031 secs] [Times: user=0.01 sys=0.00, real=0.01 secs] 
2020-10-29T14:18:09.526+0000: [GC (Allocation Failure) 2020-10-29T14:18:09.526+0000: [ParNew: 38022K->6K(42752K), 0.0027805 secs] 515867K->477851K(806228K), 0.0028392 secs] [Times: user=0.00 sys=0.00, real=0.00 secs] 
2020-10-29T14:18:09.593+0000: [GC (Allocation Failure) 2020-10-29T14:18:09.593+0000: [ParNew: 38022K->4K(42752K), 0.0028384 secs] 515867K->477849K(806228K), 0.0029033 secs] [Times: user=0.01 sys=0.00, real=0.00 secs] 
2020-10-29T14:18:09.830+0000: [GC (Allocation Failure) 2020-10-29T14:18:09.830+0000: [ParNew: 38020K->4K(42752K), 0.0028059 secs] 515865K->477849K(806228K), 0.0028670 secs] [Times: user=0.01 sys=0.00, real=0.01 secs] 
2020-10-29T14:18:12.905+0000: [GC (Allocation Failure) 2020-10-29T14:18:12.905+0000: [ParNew: 38020K->348K(42752K), 0.0033915 secs] 515865K->478194K(806228K), 0.0034526 secs] [Times: user=0.01 sys=0.00, real=0.00 secs] 
2020-10-29T14:18:13.153+0000: [GC (Allocation Failure) 2020-10-29T14:18:13.153+0000: [ParNew: 38364K->2118K(42752K), 0.0051932 secs] 516210K->479965K(806228K), 0.0052658 secs] [Times: user=0.01 sys=0.00, real=0.00 secs] 
2020-10-29T14:18:13.201+0000: [GC (Allocation Failure) 2020-10-29T14:18:13.201+0000: [ParNew: 40134K->2246K(42752K), 0.0072887 secs] 517981K->480092K(806228K), 0.0073693 secs] [Times: user=0.01 sys=0.00, real=0.01 secs] 
2020-10-29T14:18:13.254+0000: [GC (Allocation Failure) 2020-10-29T14:18:13.254+0000: [ParNew: 40262K->2494K(42752K), 0.0042606 secs] 518108K->480341K(806228K), 0.0043305 secs] [Times: user=0.01 sys=0.00, real=0.00 secs] 
2020-10-29T14:18:13.298+0000: [GC (Allocation Failure) 2020-10-29T14:18:13.298+0000: [ParNew: 40510K->3475K(42752K), 0.0047019 secs] 518357K->481647K(806228K), 0.0047624 secs] [Times: user=0.01 sys=0.00, real=0.01 secs] 
2020-10-29T14:18:13.353+0000: [GC (Allocation Failure) 2020-10-29T14:18:13.353+0000: [ParNew: 41491K->3262K(42752K), 0.0040898 secs] 519663K->481434K(806228K), 0.0041519 secs] [Times: user=0.00 sys=0.00, real=0.00 secs] 
2020-10-29T14:18:13.406+0000: [GC (Allocation Failure) 2020-10-29T14:18:13.406+0000: [ParNew: 41278K->2604K(42752K), 0.0054961 secs] 519450K->480776K(806228K), 0.0055574 secs] [Times: user=0.01 sys=0.00, real=0.01 secs] 
2020-10-29T14:18:13.484+0000: [GC (Allocation Failure) 2020-10-29T14:18:13.484+0000: [ParNew: 40620K->1542K(42752K), 0.0148130 secs] 518792K->481010K(806228K), 0.0148978 secs] [Times: user=0.03 sys=0.00, real=0.01 secs] 
2020-10-29T14:18:13.550+0000: [GC (Allocation Failure) 2020-10-29T14:18:13.550+0000: [ParNew: 39558K->192K(42752K), 0.0059495 secs] 519026K->479660K(806228K), 0.0060314 secs] [Times: user=0.01 sys=0.00, real=0.01 secs] 
2020-10-29T14:18:13.610+0000: [GC (Allocation Failure) 2020-10-29T14:18:13.610+0000: [ParNew: 38208K->48K(42752K), 0.0058525 secs] 517676K->479516K(806228K), 0.0059312 secs] [Times: user=0.01 sys=0.00, real=0.01 secs] 
2020-10-29T14:18:13.666+0000: [GC (Allocation Failure) 2020-10-29T14:18:13.666+0000: [ParNew: 38064K->12K(42752K), 0.0057850 secs] 517532K->479480K(806228K), 0.0058648 secs] [Times: user=0.01 sys=0.00, real=0.01 secs] 
2020-10-29T14:18:13.726+0000: [GC (Allocation Failure) 2020-10-29T14:18:13.726+0000: [ParNew: 38028K->6K(42752K), 0.0076238 secs] 517496K->479474K(806228K), 0.0077034 secs] [Times: user=0.02 sys=0.00, real=0.01 secs] 
2020-10-29T14:18:13.801+0000: [GC (Allocation Failure) 2020-10-29T14:18:13.801+0000: [ParNew: 38022K->4K(42752K), 0.0027764 secs] 517490K->479472K(806228K), 0.0028387 secs] [Times: user=0.01 sys=0.00, real=0.01 secs] 
2020-10-29T14:18:13.870+0000: [GC (Allocation Failure) 2020-10-29T14:18:13.870+0000: [ParNew: 38020K->4K(42752K), 0.0027964 secs] 517488K->479472K(806228K), 0.0028781 secs] [Times: user=0.00 sys=0.00, real=0.00 secs] 
2020-10-29T14:18:13.937+0000: [GC (Allocation Failure) 2020-10-29T14:18:13.937+0000: [ParNew: 38020K->4K(42752K), 0.0028334 secs] 517488K->479472K(806228K), 0.0028942 secs] [Times: user=0.01 sys=0.00, real=0.00 secs] 
2020-10-29T14:18:13.986+0000: [GC (Allocation Failure) 2020-10-29T14:18:13.986+0000: [ParNew: 38020K->4K(42752K), 0.0028011 secs] 517488K->479472K(806228K), 0.0028806 secs] [Times: user=0.00 sys=0.00, real=0.00 secs] 
2020-10-29T14:18:14.053+0000: [GC (Allocation Failure) 2020-10-29T14:18:14.053+0000: [ParNew: 38020K->4K(42752K), 0.0028748 secs] 517488K->479472K(806228K), 0.0029586 secs] [Times: user=0.01 sys=0.00, real=0.00 secs] 
2020-10-29T14:18:14.120+0000: [GC (Allocation Failure) 2020-10-29T14:18:14.120+0000: [ParNew: 38020K->4K(42752K), 0.0027981 secs] 517488K->479472K(806228K), 0.0028759 secs] [Times: user=0.01 sys=0.00, real=0.01 secs] 
2020-10-29T14:18:14.162+0000: [GC (Allocation Failure) 2020-10-29T14:18:14.162+0000: [ParNew: 38020K->4K(42752K), 0.0027977 secs] 517488K->479472K(806228K), 0.0028560 secs] [Times: user=0.01 sys=0.00, real=0.00 secs] 
2020-10-29T14:18:14.198+0000: [GC (Allocation Failure) 2020-10-29T14:18:14.198+0000: [ParNew: 38020K->4K(42752K), 0.0027991 secs] 517488K->479472K(806228K), 0.0028595 secs] [Times: user=0.00 sys=0.00, real=0.00 secs] 
2020-10-29T14:18:14.234+0000: [GC (Allocation Failure) 2020-10-29T14:18:14.234+0000: [ParNew: 38020K->4K(42752K), 0.0027783 secs] 517488K->479472K(806228K), 0.0028366 secs] [Times: user=0.01 sys=0.00, real=0.00 secs] 
2020-10-29T14:18:14.270+0000: [GC (Allocation Failure) 2020-10-29T14:18:14.270+0000: [ParNew: 38020K->4K(42752K), 0.0028755 secs] 517488K->479472K(806228K), 0.0029503 secs] [Times: user=0.01 sys=0.00, real=0.01 secs] 
2020-10-29T14:18:14.306+0000: [GC (Allocation Failure) 2020-10-29T14:18:14.306+0000: [ParNew: 38020K->4K(42752K), 0.0028099 secs] 517488K->479472K(806228K), 0.0028689 secs] [Times: user=0.00 sys=0.00, real=0.00 secs] 
2020-10-29T14:18:14.342+0000: [GC (Allocation Failure) 2020-10-29T14:18:14.342+0000: [ParNew: 38020K->4K(42752K), 0.0027921 secs] 517488K->479472K(806228K), 0.0028633 secs] [Times: user=0.01 sys=0.00, real=0.00 secs] 
2020-10-29T14:18:14.382+0000: [GC (Allocation Failure) 2020-10-29T14:18:14.382+0000: [ParNew: 38020K->4K(42752K), 0.0028122 secs] 517488K->479472K(806228K), 0.0028712 secs] [Times: user=0.00 sys=0.00, real=0.01 secs] 
2020-10-29T14:18:14.417+0000: [GC (Allocation Failure) 2020-10-29T14:18:14.417+0000: [ParNew: 38020K->4K(42752K), 0.0028110 secs] 517488K->479472K(806228K), 0.0028705 secs] [Times: user=0.00 sys=0.00, real=0.00 secs] 
2020-10-29T14:18:14.454+0000: [GC (Allocation Failure) 2020-10-29T14:18:14.454+0000: [ParNew: 38020K->4K(42752K), 0.0027951 secs] 517488K->479472K(806228K), 0.0028543 secs] [Times: user=0.00 sys=0.00, real=0.00 secs] 
2020-10-29T14:18:14.490+0000: [GC (Allocation Failure) 2020-10-29T14:18:14.490+0000: [ParNew: 38020K->4K(42752K), 0.0028291 secs] 517488K->479472K(806228K), 0.0028860 secs] [Times: user=0.00 sys=0.00, real=0.01 secs] 
2020-10-29T14:18:14.526+0000: [GC (Allocation Failure) 2020-10-29T14:18:14.526+0000: [ParNew: 38020K->4K(42752K), 0.0028025 secs] 517488K->479472K(806228K), 0.0028598 secs] [Times: user=0.00 sys=0.00, real=0.00 secs] 
2020-10-29T14:18:14.564+0000: [GC (Allocation Failure) 2020-10-29T14:18:14.564+0000: [ParNew: 38020K->4K(42752K), 0.0028181 secs] 517488K->479472K(806228K), 0.0028768 secs] [Times: user=0.01 sys=0.00, real=0.00 secs] 
2020-10-29T14:18:14.602+0000: [GC (Allocation Failure) 2020-10-29T14:18:14.602+0000: [ParNew: 38020K->4K(42752K), 0.0027787 secs] 517488K->479472K(806228K), 0.0028367 secs] [Times: user=0.01 sys=0.00, real=0.00 secs] 
2020-10-29T14:18:14.639+0000: [GC (Allocation Failure) 2020-10-29T14:18:14.639+0000: [ParNew: 38020K->4K(42752K), 0.0028357 secs] 517488K->479472K(806228K), 0.0028956 secs] [Times: user=0.01 sys=0.00, real=0.01 secs] 
2020-10-29T14:18:14.678+0000: [GC (Allocation Failure) 2020-10-29T14:18:14.678+0000: [ParNew: 38020K->4K(42752K), 0.0028090 secs] 517488K->479472K(806228K), 0.0028665 secs] [Times: user=0.00 sys=0.00, real=0.00 secs] 
2020-10-29T14:18:14.714+0000: [GC (Allocation Failure) 2020-10-29T14:18:14.714+0000: [ParNew: 38020K->4K(42752K), 0.0028190 secs] 517488K->479472K(806228K), 0.0028778 secs] [Times: user=0.00 sys=0.00, real=0.00 secs] 
2020-10-29T14:18:14.750+0000: [GC (Allocation Failure) 2020-10-29T14:18:14.750+0000: [ParNew: 38020K->4K(42752K), 0.0027807 secs] 517488K->479472K(806228K), 0.0028393 secs] [Times: user=0.00 sys=0.00, real=0.01 secs] 
2020-10-29T14:18:14.794+0000: [GC (Allocation Failure) 2020-10-29T14:18:14.794+0000: [ParNew: 38020K->4K(42752K), 0.0028184 secs] 517488K->479472K(806228K), 0.0028754 secs] [Times: user=0.00 sys=0.00, real=0.00 secs] 
2020-10-29T14:18:14.832+0000: [GC (Allocation Failure) 2020-10-29T14:18:14.832+0000: [ParNew: 38020K->4K(42752K), 0.0028068 secs] 517488K->479472K(806228K), 0.0028634 secs] [Times: user=0.00 sys=0.00, real=0.00 secs] 
2020-10-29T14:18:14.867+0000: [GC (Allocation Failure) 2020-10-29T14:18:14.867+0000: [ParNew: 38020K->4K(42752K), 0.0028498 secs] 517488K->479473K(806228K), 0.0029076 secs] [Times: user=0.01 sys=0.00, real=0.01 secs] 
2020-10-29T14:18:14.903+0000: [GC (Allocation Failure) 2020-10-29T14:18:14.903+0000: [ParNew: 38020K->4K(42752K), 0.0027732 secs] 517489K->479473K(806228K), 0.0028302 secs] [Times: user=0.00 sys=0.00, real=0.00 secs] 
2020-10-29T14:18:14.942+0000: [GC (Allocation Failure) 2020-10-29T14:18:14.942+0000: [ParNew: 38020K->4K(42752K), 0.0028652 secs] 517489K->479473K(806228K), 0.0029211 secs] [Times: user=0.00 sys=0.00, real=0.00 secs] 
2020-10-29T14:18:14.978+0000: [GC (Allocation Failure) 2020-10-29T14:18:14.978+0000: [ParNew: 38020K->4K(42752K), 0.0027658 secs] 517489K->479473K(806228K), 0.0028235 secs] [Times: user=0.00 sys=0.00, real=0.00 secs] 
2020-10-29T14:18:15.014+0000: [GC (Allocation Failure) 2020-10-29T14:18:15.014+0000: [ParNew: 38020K->4K(42752K), 0.0027756 secs] 517489K->479473K(806228K), 0.0028325 secs] [Times: user=0.01 sys=0.00, real=0.00 secs] 
2020-10-29T14:18:15.054+0000: [GC (Allocation Failure) 2020-10-29T14:18:15.054+0000: [ParNew: 38020K->4K(42752K), 0.0027798 secs] 517489K->479473K(806228K), 0.0028361 secs] [Times: user=0.01 sys=0.00, real=0.00 secs] 
2020-10-29T14:18:15.090+0000: [GC (Allocation Failure) 2020-10-29T14:18:15.090+0000: [ParNew: 38020K->4K(42752K), 0.0027688 secs] 517489K->479473K(806228K), 0.0028267 secs] [Times: user=0.00 sys=0.00, real=0.00 secs] 
2020-10-29T14:18:15.130+0000: [GC (Allocation Failure) 2020-10-29T14:18:15.130+0000: [ParNew: 38020K->4K(42752K), 0.0027834 secs] 517489K->479473K(806228K), 0.0028404 secs] [Times: user=0.00 sys=0.00, real=0.00 secs] 
2020-10-29T14:18:15.166+0000: [GC (Allocation Failure) 2020-10-29T14:18:15.166+0000: [ParNew: 38020K->4K(42752K), 0.0028271 secs] 517489K->479473K(806228K), 0.0028838 secs] [Times: user=0.00 sys=0.00, real=0.00 secs] 
2020-10-29T14:18:15.201+0000: [GC (Allocation Failure) 2020-10-29T14:18:15.202+0000: [ParNew: 38020K->4K(42752K), 0.0028239 secs] 517489K->479473K(806228K), 0.0028965 secs] [Times: user=0.00 sys=0.00, real=0.01 secs] 
2020-10-29T14:18:15.237+0000: [GC (Allocation Failure) 2020-10-29T14:18:15.237+0000: [ParNew: 38020K->4K(42752K), 0.0027985 secs] 517489K->479473K(806228K), 0.0028565 secs] [Times: user=0.00 sys=0.00, real=0.00 secs] 
2020-10-29T14:18:15.273+0000: [GC (Allocation Failure) 2020-10-29T14:18:15.273+0000: [ParNew: 38020K->4K(42752K), 0.0027813 secs] 517489K->479473K(806228K), 0.0028534 secs] [Times: user=0.00 sys=0.00, real=0.00 secs] 
2020-10-29T14:18:15.308+0000: [GC (Allocation Failure) 2020-10-29T14:18:15.308+0000: [ParNew: 38020K->4K(42752K), 0.0027808 secs] 517489K->479473K(806228K), 0.0028380 secs] [Times: user=0.01 sys=0.00, real=0.01 secs] 
2020-10-29T14:18:15.344+0000: [GC (Allocation Failure) 2020-10-29T14:18:15.344+0000: [ParNew: 38020K->4K(42752K), 0.0028848 secs] 517489K->479473K(806228K), 0.0029422 secs] [Times: user=0.01 sys=0.00, real=0.00 secs] 
2020-10-29T14:18:15.379+0000: [GC (Allocation Failure) 2020-10-29T14:18:15.380+0000: [ParNew: 38020K->4K(42752K), 0.0028696 secs] 517489K->479473K(806228K), 0.0029288 secs] [Times: user=0.00 sys=0.00, real=0.01 secs] 
2020-10-29T14:18:15.418+0000: [GC (Allocation Failure) 2020-10-29T14:18:15.418+0000: [ParNew: 38020K->4K(42752K), 0.0027814 secs] 517489K->479473K(806228K), 0.0028388 secs] [Times: user=0.01 sys=0.00, real=0.00 secs] 
2020-10-29T14:18:15.454+0000: [GC (Allocation Failure) 2020-10-29T14:18:15.454+0000: [ParNew: 38020K->4K(42752K), 0.0027746 secs] 517489K->479473K(806228K), 0.0028308 secs] [Times: user=0.01 sys=0.00, real=0.00 secs] 
2020-10-29T14:18:15.490+0000: [GC (Allocation Failure) 2020-10-29T14:18:15.490+0000: [ParNew: 38020K->4K(42752K), 0.0027983 secs] 517489K->479473K(806228K), 0.0028474 secs] [Times: user=0.00 sys=0.00, real=0.01 secs] 
2020-10-29T14:18:15.526+0000: [GC (Allocation Failure) 2020-10-29T14:18:15.526+0000: [ParNew: 38020K->4K(42752K), 0.0027813 secs] 517489K->479473K(806228K), 0.0028375 secs] [Times: user=0.00 sys=0.00, real=0.00 secs] 
2020-10-29T14:18:15.566+0000: [GC (Allocation Failure) 2020-10-29T14:18:15.566+0000: [ParNew: 38020K->4K(42752K), 0.0027870 secs] 517489K->479473K(806228K), 0.0028440 secs] [Times: user=0.01 sys=0.00, real=0.00 secs] 
2020-10-29T14:18:15.602+0000: [GC (Allocation Failure) 2020-10-29T14:18:15.602+0000: [ParNew: 38020K->4K(42752K), 0.0027668 secs] 517489K->479473K(806228K), 0.0028221 secs] [Times: user=0.00 sys=0.00, real=0.00 secs] 
2020-10-29T14:18:15.642+0000: [GC (Allocation Failure) 2020-10-29T14:18:15.642+0000: [ParNew: 38020K->4K(42752K), 0.0028395 secs] 517489K->479473K(806228K), 0.0028966 secs] [Times: user=0.00 sys=0.00, real=0.01 secs] 
2020-10-29T14:18:15.677+0000: [GC (Allocation Failure) 2020-10-29T14:18:15.677+0000: [ParNew: 38020K->4K(42752K), 0.0028058 secs] 517489K->479473K(806228K), 0.0028614 secs] [Times: user=0.00 sys=0.00, real=0.00 secs] 
2020-10-29T14:18:15.713+0000: [GC (Allocation Failure) 2020-10-29T14:18:15.713+0000: [ParNew: 38020K->4K(42752K), 0.0028178 secs] 517489K->479473K(806228K), 0.0028755 secs] [Times: user=0.01 sys=0.00, real=0.00 secs] 
2020-10-29T14:18:15.750+0000: [GC (Allocation Failure) 2020-10-29T14:18:15.750+0000: [ParNew: 38020K->4K(42752K), 0.0027752 secs] 517489K->479473K(806228K), 0.0028410 secs] [Times: user=0.00 sys=0.00, real=0.00 secs] 
2020-10-29T14:18:15.791+0000: [GC (Allocation Failure) 2020-10-29T14:18:15.791+0000: [ParNew: 38020K->2K(42752K), 0.0049227 secs] 517489K->479471K(806228K), 0.0049969 secs] [Times: user=0.00 sys=0.00, real=0.00 secs] 
2020-10-29T14:18:15.830+0000: [GC (Allocation Failure) 2020-10-29T14:18:15.830+0000: [ParNew: 37880K->4K(42752K), 0.0027884 secs] 517350K->479473K(806228K), 0.0028471 secs] [Times: user=0.00 sys=0.00, real=0.00 secs] 
2020-10-29T14:18:15.866+0000: [GC (Allocation Failure) 2020-10-29T14:18:15.866+0000: [ParNew: 38020K->4K(42752K), 0.0027849 secs] 517489K->479473K(806228K), 0.0028510 secs] [Times: user=0.00 sys=0.00, real=0.00 secs] 
2020-10-29T14:18:15.901+0000: [GC (Allocation Failure) 2020-10-29T14:18:15.901+0000: [ParNew: 38020K->4K(42752K), 0.0028045 secs] 517489K->479473K(806228K), 0.0028621 secs] [Times: user=0.00 sys=0.00, real=0.01 secs] 
2020-10-29T14:18:15.938+0000: [GC (Allocation Failure) 2020-10-29T14:18:15.938+0000: [ParNew: 38020K->4K(42752K), 0.0027745 secs] 517489K->479473K(806228K), 0.0028329 secs] [Times: user=0.00 sys=0.00, real=0.00 secs] 
2020-10-29T14:18:15.974+0000: [GC (Allocation Failure) 2020-10-29T14:18:15.974+0000: [ParNew: 38020K->4K(42752K), 0.0027751 secs] 517489K->479473K(806228K), 0.0028320 secs] [Times: user=0.00 sys=0.00, real=0.00 secs] 
2020-10-29T14:18:16.009+0000: [GC (Allocation Failure) 2020-10-29T14:18:16.009+0000: [ParNew: 38020K->4K(42752K), 0.0028066 secs] 517489K->479473K(806228K), 0.0028714 secs] [Times: user=0.00 sys=0.00, real=0.01 secs] 
2020-10-29T14:18:16.046+0000: [GC (Allocation Failure) 2020-10-29T14:18:16.046+0000: [ParNew: 38020K->4K(42752K), 0.0027651 secs] 517489K->479473K(806228K), 0.0028214 secs] [Times: user=0.00 sys=0.00, real=0.00 secs] 
2020-10-29T14:18:16.082+0000: [GC (Allocation Failure) 2020-10-29T14:18:16.082+0000: [ParNew: 38020K->4K(42752K), 0.0027615 secs] 517489K->479473K(806228K), 0.0028182 secs] [Times: user=0.00 sys=0.00, real=0.00 secs] 
2020-10-29T14:18:16.118+0000: [GC (Allocation Failure) 2020-10-29T14:18:16.118+0000: [ParNew: 38020K->4K(42752K), 0.0028063 secs] 517489K->479473K(806228K), 0.0028628 secs] [Times: user=0.00 sys=0.00, real=0.00 secs] 
2020-10-29T14:18:16.154+0000: [GC (Allocation Failure) 2020-10-29T14:18:16.154+0000: [ParNew: 38020K->4K(42752K), 0.0027683 secs] 517489K->479473K(806228K), 0.0028257 secs] [Times: user=0.00 sys=0.00, real=0.00 secs] 
2020-10-29T14:18:16.190+0000: [GC (Allocation Failure) 2020-10-29T14:18:16.190+0000: [ParNew: 38020K->4K(42752K), 0.0028442 secs] 517489K->479473K(806228K), 0.0029008 secs] [Times: user=0.01 sys=0.00, real=0.01 secs] 
2020-10-29T14:18:16.229+0000: [GC (Allocation Failure) 2020-10-29T14:18:16.229+0000: [ParNew: 38020K->4K(42752K), 0.0028361 secs] 517489K->479473K(806228K), 0.0028988 secs] [Times: user=0.00 sys=0.00, real=0.01 secs] 
2020-10-29T14:18:16.269+0000: [GC (Allocation Failure) 2020-10-29T14:18:16.269+0000: [ParNew: 38020K->4K(42752K), 0.0028041 secs] 517489K->479473K(806228K), 0.0028633 secs] [Times: user=0.00 sys=0.00, real=0.01 secs] 
2020-10-29T14:18:16.306+0000: [GC (Allocation Failure) 2020-10-29T14:18:16.306+0000: [ParNew: 38020K->4K(42752K), 0.0027849 secs] 517489K->479473K(806228K), 0.0028432 secs] [Times: user=0.00 sys=0.00, real=0.00 secs] 
2020-10-29T14:18:16.342+0000: [GC (Allocation Failure) 2020-10-29T14:18:16.342+0000: [ParNew: 38020K->4K(42752K), 0.0027666 secs] 517489K->479473K(806228K), 0.0028238 secs] [Times: user=0.00 sys=0.00, real=0.00 secs] 
2020-10-29T14:18:16.378+0000: [GC (Allocation Failure) 2020-10-29T14:18:16.378+0000: [ParNew: 38020K->4K(42752K), 0.0028001 secs] 517489K->479473K(806228K), 0.0028594 secs] [Times: user=0.00 sys=0.00, real=0.00 secs] 
2020-10-29T14:18:16.413+0000: [GC (Allocation Failure) 2020-10-29T14:18:16.413+0000: [ParNew: 38020K->4K(42752K), 0.0027888 secs] 517489K->479473K(806228K), 0.0028453 secs] [Times: user=0.00 sys=0.00, real=0.00 secs] 
2020-10-29T14:18:16.449+0000: [GC (Allocation Failure) 2020-10-29T14:18:16.449+0000: [ParNew: 38020K->4K(42752K), 0.0028052 secs] 517489K->479474K(806228K), 0.0028577 secs] [Times: user=0.01 sys=0.00, real=0.01 secs] 
2020-10-29T14:18:16.486+0000: [GC (Allocation Failure) 2020-10-29T14:18:16.486+0000: [ParNew: 38020K->4K(42752K), 0.0027768 secs] 517490K->479474K(806228K), 0.0028329 secs] [Times: user=0.01 sys=0.00, real=0.00 secs] 
2020-10-29T14:18:16.522+0000: [GC (Allocation Failure) 2020-10-29T14:18:16.522+0000: [ParNew: 38020K->4K(42752K), 0.0027988 secs] 517490K->479474K(806228K), 0.0028559 secs] [Times: user=0.00 sys=0.00, real=0.01 secs] 
2020-10-29T14:18:16.558+0000: [GC (Allocation Failure) 2020-10-29T14:18:16.558+0000: [ParNew: 38020K->4K(42752K), 0.0027843 secs] 517490K->479474K(806228K), 0.0028408 secs] [Times: user=0.00 sys=0.00, real=0.00 secs] 
2020-10-29T14:18:16.597+0000: [GC (Allocation Failure) 2020-10-29T14:18:16.597+0000: [ParNew: 38020K->4K(42752K), 0.0027919 secs] 517490K->479474K(806228K), 0.0028487 secs] [Times: user=0.00 sys=0.00, real=0.00 secs] 
2020-10-29T14:18:16.634+0000: [GC (Allocation Failure) 2020-10-29T14:18:16.634+0000: [ParNew: 38020K->4K(42752K), 0.0027829 secs] 517490K->479474K(806228K), 0.0028392 secs] [Times: user=0.00 sys=0.00, real=0.00 secs] 
2020-10-29T14:18:16.670+0000: [GC (Allocation Failure) 2020-10-29T14:18:16.670+0000: [ParNew: 38020K->4K(42752K), 0.0028164 secs] 517490K->479474K(806228K), 0.0028821 secs] [Times: user=0.00 sys=0.00, real=0.01 secs] 
2020-10-29T14:18:16.705+0000: [GC (Allocation Failure) 2020-10-29T14:18:16.705+0000: [ParNew: 38020K->4K(42752K), 0.0028194 secs] 517490K->479474K(806228K), 0.0028765 secs] [Times: user=0.00 sys=0.00, real=0.00 secs] 
2020-10-29T14:18:16.741+0000: [GC (Allocation Failure) 2020-10-29T14:18:16.741+0000: [ParNew: 38020K->4K(42752K), 0.0027847 secs] 517490K->479474K(806228K), 0.0028419 secs] [Times: user=0.00 sys=0.00, real=0.01 secs] 
2020-10-29T14:18:16.776+0000: [GC (Allocation Failure) 2020-10-29T14:18:16.776+0000: [ParNew: 38020K->4K(42752K), 0.0027930 secs] 517490K->479474K(806228K), 0.0028513 secs] [Times: user=0.00 sys=0.00, real=0.00 secs] 
2020-10-29T14:18:16.811+0000: [GC (Allocation Failure) 2020-10-29T14:18:16.811+0000: [ParNew: 38020K->4K(42752K), 0.0028228 secs] 517490K->479474K(806228K), 0.0028800 secs] [Times: user=0.01 sys=0.00, real=0.00 secs] 
2020-10-29T14:18:16.847+0000: [GC (Allocation Failure) 2020-10-29T14:18:16.847+0000: [ParNew: 38020K->4K(42752K), 0.0027715 secs] 517490K->479474K(806228K), 0.0028290 secs] [Times: user=0.01 sys=0.00, real=0.00 secs] 
2020-10-29T14:18:16.882+0000: [GC (Allocation Failure) 2020-10-29T14:18:16.882+0000: [ParNew: 38020K->4K(42752K), 0.0027717 secs] 517490K->479474K(806228K), 0.0028296 secs] [Times: user=0.01 sys=0.00, real=0.00 secs] 
2020-10-29T14:18:16.918+0000: [GC (Allocation Failure) 2020-10-29T14:18:16.918+0000: [ParNew: 38020K->4K(42752K), 0.0029489 secs] 517490K->479474K(806228K), 0.0029996 secs] [Times: user=0.01 sys=0.00, real=0.00 secs] 
2020-10-29T14:18:16.955+0000: [GC (Allocation Failure) 2020-10-29T14:18:16.956+0000: [ParNew: 38020K->4K(42752K), 0.0028330 secs] 517490K->479474K(806228K), 0.0028914 secs] [Times: user=0.01 sys=0.00, real=0.00 secs] 
2020-10-29T14:18:16.991+0000: [GC (Allocation Failure) 2020-10-29T14:18:16.991+0000: [ParNew: 38020K->4K(42752K), 0.0027700 secs] 517490K->479474K(806228K), 0.0028288 secs] [Times: user=0.00 sys=0.00, real=0.00 secs] 
2020-10-29T14:18:17.026+0000: [GC (Allocation Failure) 2020-10-29T14:18:17.026+0000: [ParNew: 38020K->4K(42752K), 0.0027711 secs] 517490K->479474K(806228K), 0.0028281 secs] [Times: user=0.00 sys=0.00, real=0.00 secs] 
2020-10-29T14:18:17.062+0000: [GC (Allocation Failure) 2020-10-29T14:18:17.062+0000: [ParNew: 38020K->4K(42752K), 0.0027822 secs] 517490K->479474K(806228K), 0.0028402 secs] [Times: user=0.00 sys=0.00, real=0.00 secs] 
2020-10-29T14:18:17.098+0000: [GC (Allocation Failure) 2020-10-29T14:18:17.098+0000: [ParNew: 38020K->4K(42752K), 0.0028085 secs] 517490K->479474K(806228K), 0.0028798 secs] [Times: user=0.01 sys=0.00, real=0.00 secs] 
2020-10-29T14:18:17.138+0000: [GC (Allocation Failure) 2020-10-29T14:18:17.138+0000: [ParNew: 38020K->4K(42752K), 0.0027769 secs] 517490K->479474K(806228K), 0.0028432 secs] [Times: user=0.00 sys=0.00, real=0.00 secs] 
2020-10-29T14:18:17.174+0000: [GC (Allocation Failure) 2020-10-29T14:18:17.174+0000: [ParNew: 38020K->4K(42752K), 0.0028170 secs] 517490K->479474K(806228K), 0.0028756 secs] [Times: user=0.01 sys=0.00, real=0.00 secs] 
2020-10-29T14:18:17.209+0000: [GC (Allocation Failure) 2020-10-29T14:18:17.209+0000: [ParNew: 38020K->4K(42752K), 0.0027960 secs] 517490K->479474K(806228K), 0.0028534 secs] [Times: user=0.01 sys=0.00, real=0.01 secs] 
2020-10-29T14:18:17.245+0000: [GC (Allocation Failure) 2020-10-29T14:18:17.245+0000: [ParNew: 38020K->4K(42752K), 0.0028538 secs] 517490K->479474K(806228K), 0.0029098 secs] [Times: user=0.01 sys=0.00, real=0.00 secs] 
2020-10-29T14:18:17.282+0000: [GC (Allocation Failure) 2020-10-29T14:18:17.282+0000: [ParNew: 38020K->4K(42752K), 0.0028077 secs] 517490K->479474K(806228K), 0.0028655 secs] [Times: user=0.01 sys=0.00, real=0.00 secs] 
2020-10-29T14:18:17.322+0000: [GC (Allocation Failure) 2020-10-29T14:18:17.322+0000: [ParNew: 38020K->4K(42752K), 0.0027987 secs] 517490K->479474K(806228K), 0.0028557 secs] [Times: user=0.01 sys=0.00, real=0.01 secs] 
2020-10-29T14:18:17.357+0000: [GC (Allocation Failure) 2020-10-29T14:18:17.357+0000: [ParNew: 38020K->4K(42752K), 0.0027970 secs] 517490K->479474K(806228K), 0.0028533 secs] [Times: user=0.01 sys=0.00, real=0.00 secs] 
2020-10-29T14:18:17.393+0000: [GC (Allocation Failure) 2020-10-29T14:18:17.393+0000: [ParNew: 38020K->4K(42752K), 0.0027958 secs] 517490K->479474K(806228K), 0.0028673 secs] [Times: user=0.00 sys=0.00, real=0.00 secs] 
2020-10-29T14:18:17.430+0000: [GC (Allocation Failure) 2020-10-29T14:18:17.430+0000: [ParNew: 38020K->4K(42752K), 0.0028018 secs] 517490K->479474K(806228K), 0.0028593 secs] [Times: user=0.01 sys=0.00, real=0.00 secs] 
2020-10-29T14:18:17.470+0000: [GC (Allocation Failure) 2020-10-29T14:18:17.470+0000: [ParNew: 38020K->4K(42752K), 0.0028427 secs] 517490K->479474K(806228K), 0.0029001 secs] [Times: user=0.00 sys=0.00, real=0.01 secs] 
2020-10-29T14:18:17.506+0000: [GC (Allocation Failure) 2020-10-29T14:18:17.506+0000: [ParNew: 38020K->4K(42752K), 0.0028290 secs] 517490K->479474K(806228K), 0.0028853 secs] [Times: user=0.00 sys=0.00, real=0.00 secs] 
2020-10-29T14:18:17.542+0000: [GC (Allocation Failure) 2020-10-29T14:18:17.542+0000: [ParNew: 38020K->4K(42752K), 0.0027824 secs] 517490K->479474K(806228K), 0.0028389 secs] [Times: user=0.01 sys=0.00, real=0.00 secs] 
2020-10-29T14:18:17.578+0000: [GC (Allocation Failure) 2020-10-29T14:18:17.578+0000: [ParNew: 38020K->4K(42752K), 0.0028040 secs] 517490K->479474K(806228K), 0.0028615 secs] [Times: user=0.01 sys=0.00, real=0.00 secs] 
2020-10-29T14:18:17.613+0000: [GC (Allocation Failure) 2020-10-29T14:18:17.613+0000: [ParNew: 38020K->4K(42752K), 0.0028226 secs] 517490K->479474K(806228K), 0.0028786 secs] [Times: user=0.00 sys=0.00, real=0.00 secs] 
2020-10-29T14:18:17.649+0000: [GC (Allocation Failure) 2020-10-29T14:18:17.649+0000: [ParNew: 38020K->4K(42752K), 0.0028116 secs] 517490K->479474K(806228K), 0.0028691 secs] [Times: user=0.00 sys=0.00, real=0.01 secs] 
2020-10-29T14:18:17.688+0000: [GC (Allocation Failure) 2020-10-29T14:18:17.688+0000: [ParNew: 38020K->4K(42752K), 0.0040554 secs] 517490K->479474K(806228K), 0.0041115 secs] [Times: user=0.00 sys=0.00, real=0.01 secs] 
2020-10-29T14:18:17.725+0000: [GC (Allocation Failure) 2020-10-29T14:18:17.725+0000: [ParNew: 38020K->4K(42752K), 0.0028457 secs] 517490K->479474K(806228K), 0.0029028 secs] [Times: user=0.01 sys=0.00, real=0.00 secs] 
2020-10-29T14:18:17.761+0000: [GC (Allocation Failure) 2020-10-29T14:18:17.761+0000: [ParNew: 38020K->4K(42752K), 0.0027992 secs] 517490K->479474K(806228K), 0.0028559 secs] [Times: user=0.01 sys=0.00, real=0.01 secs] 
2020-10-29T14:18:17.796+0000: [GC (Allocation Failure) 2020-10-29T14:18:17.796+0000: [ParNew: 38020K->4K(42752K), 0.0028084 secs] 517490K->479474K(806228K), 0.0028668 secs] [Times: user=0.00 sys=0.00, real=0.00 secs] 
2020-10-29T14:18:17.832+0000: [GC (Allocation Failure) 2020-10-29T14:18:17.832+0000: [ParNew: 38020K->4K(42752K), 0.0027757 secs] 517490K->479474K(806228K), 0.0028320 secs] [Times: user=0.01 sys=0.00, real=0.00 secs] 
2020-10-29T14:18:17.867+0000: [GC (Allocation Failure) 2020-10-29T14:18:17.867+0000: [ParNew: 38020K->4K(42752K), 0.0027685 secs] 517490K->479474K(806228K), 0.0028251 secs] [Times: user=0.01 sys=0.00, real=0.00 secs] 
2020-10-29T14:18:17.903+0000: [GC (Allocation Failure) 2020-10-29T14:18:17.903+0000: [ParNew: 38020K->4K(42752K), 0.0027716 secs] 517490K->479474K(806228K), 0.0028292 secs] [Times: user=0.01 sys=0.00, real=0.00 secs] 
2020-10-29T14:18:17.942+0000: [GC (Allocation Failure) 2020-10-29T14:18:17.942+0000: [ParNew: 38020K->4K(42752K), 0.0028614 secs] 517490K->479474K(806228K), 0.0029193 secs] [Times: user=0.01 sys=0.00, real=0.00 secs] 
2020-10-29T14:18:17.978+0000: [GC (Allocation Failure) 2020-10-29T14:18:17.978+0000: [ParNew: 38020K->4K(42752K), 0.0027937 secs] 517490K->479474K(806228K), 0.0028508 secs] [Times: user=0.00 sys=0.00, real=0.00 secs] 
2020-10-29T14:18:18.013+0000: [GC (Allocation Failure) 2020-10-29T14:18:18.013+0000: [ParNew: 38020K->4K(42752K), 0.0028151 secs] 517490K->479474K(806228K), 0.0028721 secs] [Times: user=0.00 sys=0.00, real=0.00 secs] 
2020-10-29T14:18:18.049+0000: [GC (Allocation Failure) 2020-10-29T14:18:18.049+0000: [ParNew: 38020K->4K(42752K), 0.0028040 secs] 517490K->479474K(806228K), 0.0028659 secs] [Times: user=0.00 sys=0.00, real=0.01 secs] 
2020-10-29T14:18:18.084+0000: [GC (Allocation Failure) 2020-10-29T14:18:18.084+0000: [ParNew: 38020K->4K(42752K), 0.0028271 secs] 517490K->479474K(806228K), 0.0028837 secs] [Times: user=0.00 sys=0.00, real=0.00 secs] 
2020-10-29T14:18:18.120+0000: [GC (Allocation Failure) 2020-10-29T14:18:18.120+0000: [ParNew: 38020K->4K(42752K), 0.0027948 secs] 517490K->479474K(806228K), 0.0028520 secs] [Times: user=0.01 sys=0.00, real=0.01 secs] 
2020-10-29T14:18:18.155+0000: [GC (Allocation Failure) 2020-10-29T14:18:18.155+0000: [ParNew: 38020K->4K(42752K), 0.0028104 secs] 517490K->479474K(806228K), 0.0028675 secs] [Times: user=0.00 sys=0.00, real=0.00 secs] 
2020-10-29T14:18:18.191+0000: [GC (Allocation Failure) 2020-10-29T14:18:18.191+0000: [ParNew: 38020K->4K(42752K), 0.0028083 secs] 517490K->479474K(806228K), 0.0028688 secs] [Times: user=0.00 sys=0.00, real=0.00 secs] 
2020-10-29T14:18:18.230+0000: [GC (Allocation Failure) 2020-10-29T14:18:18.230+0000: [ParNew: 38020K->4K(42752K), 0.0027661 secs] 517490K->479474K(806228K), 0.0028227 secs] [Times: user=0.01 sys=0.00, real=0.01 secs] 
2020-10-29T14:18:18.265+0000: [GC (Allocation Failure) 2020-10-29T14:18:18.265+0000: [ParNew: 38020K->4K(42752K), 0.0027931 secs] 517490K->479474K(806228K), 0.0028554 secs] [Times: user=0.01 sys=0.00, real=0.00 secs] 
2020-10-29T14:18:18.303+0000: [GC (Allocation Failure) 2020-10-29T14:18:18.303+0000: [ParNew: 38020K->4K(42752K), 0.0027806 secs] 517490K->479474K(806228K), 0.0028394 secs] [Times: user=0.01 sys=0.00, real=0.00 secs] 
2020-10-29T14:18:18.338+0000: [GC (Allocation Failure) 2020-10-29T14:18:18.338+0000: [ParNew: 38020K->4K(42752K), 0.0027895 secs] 517490K->479474K(806228K), 0.0028505 secs] [Times: user=0.00 sys=0.00, real=0.00 secs] 
2020-10-29T14:18:18.374+0000: [GC (Allocation Failure) 2020-10-29T14:18:18.374+0000: [ParNew: 38020K->4K(42752K), 0.0028143 secs] 517490K->479474K(806228K), 0.0028712 secs] [Times: user=0.00 sys=0.00, real=0.00 secs] 
2020-10-29T14:18:18.414+0000: [GC (Allocation Failure) 2020-10-29T14:18:18.414+0000: [ParNew: 38020K->4K(42752K), 0.0027972 secs] 517490K->479474K(806228K), 0.0028538 secs] [Times: user=0.01 sys=0.00, real=0.00 secs] 
2020-10-29T14:18:18.449+0000: [GC (Allocation Failure) 2020-10-29T14:18:18.449+0000: [ParNew: 38020K->4K(42752K), 0.0028230 secs] 517490K->479474K(806228K), 0.0028998 secs] [Times: user=0.01 sys=0.00, real=0.01 secs] 
2020-10-29T14:18:18.486+0000: [GC (Allocation Failure) 2020-10-29T14:18:18.486+0000: [ParNew: 38020K->4K(42752K), 0.0027915 secs] 517490K->479474K(806228K), 0.0028484 secs] [Times: user=0.00 sys=0.00, real=0.00 secs] 
2020-10-29T14:18:18.522+0000: [GC (Allocation Failure) 2020-10-29T14:18:18.522+0000: [ParNew: 38020K->4K(42752K), 0.0027818 secs] 517490K->479475K(806228K), 0.0028390 secs] [Times: user=0.01 sys=0.00, real=0.00 secs] 
2020-10-29T14:18:18.558+0000: [GC (Allocation Failure) 2020-10-29T14:18:18.558+0000: [ParNew: 38020K->4K(42752K), 0.0027583 secs] 517491K->479475K(806228K), 0.0028408 secs] [Times: user=0.01 sys=0.00, real=0.00 secs] 
2020-10-29T14:18:18.598+0000: [GC (Allocation Failure) 2020-10-29T14:18:18.598+0000: [ParNew: 38020K->4K(42752K), 0.0028282 secs] 517491K->479475K(806228K), 0.0028857 secs] [Times: user=0.00 sys=0.00, real=0.00 secs] 
2020-10-29T14:18:18.633+0000: [GC (Allocation Failure) 2020-10-29T14:18:18.633+0000: [ParNew: 38020K->4K(42752K), 0.0027875 secs] 517491K->479475K(806228K), 0.0028457 secs] [Times: user=0.00 sys=0.00, real=0.00 secs] 
2020-10-29T14:18:18.670+0000: [GC (Allocation Failure) 2020-10-29T14:18:18.670+0000: [ParNew: 38020K->4K(42752K), 0.0027673 secs] 517491K->479475K(806228K), 0.0028240 secs] [Times: user=0.00 sys=0.00, real=0.00 secs] 
2020-10-29T14:18:18.706+0000: [GC (Allocation Failure) 2020-10-29T14:18:18.706+0000: [ParNew: 38020K->4K(42752K), 0.0027746 secs] 517491K->479475K(806228K), 0.0028328 secs] [Times: user=0.00 sys=0.00, real=0.00 secs] 
2020-10-29T14:18:18.742+0000: [GC (Allocation Failure) 2020-10-29T14:18:18.742+0000: [ParNew: 38020K->4K(42752K), 0.0028030 secs] 517491K->479475K(806228K), 0.0028592 secs] [Times: user=0.00 sys=0.00, real=0.01 secs] 
2020-10-29T14:18:18.781+0000: [GC (Allocation Failure) 2020-10-29T14:18:18.781+0000: [ParNew: 38020K->4K(42752K), 0.0027875 secs] 517491K->479475K(806228K), 0.0028449 secs] [Times: user=0.00 sys=0.00, real=0.01 secs] 
2020-10-29T14:18:18.818+0000: [GC (Allocation Failure) 2020-10-29T14:18:18.818+0000: [ParNew: 38020K->4K(42752K), 0.0028369 secs] 517491K->479475K(806228K), 0.0028939 secs] [Times: user=0.00 sys=0.00, real=0.00 secs] 
2020-10-29T14:18:18.854+0000: [GC (Allocation Failure) 2020-10-29T14:18:18.854+0000: [ParNew: 38020K->4K(42752K), 0.0027761 secs] 517491K->479475K(806228K), 0.0028328 secs] [Times: user=0.01 sys=0.00, real=0.00 secs] 
2020-10-29T14:18:18.890+0000: [GC (Allocation Failure) 2020-10-29T14:18:18.890+0000: [ParNew: 38020K->4K(42752K), 0.0027663 secs] 517491K->479475K(806228K), 0.0028241 secs] [Times: user=0.01 sys=0.00, real=0.00 secs] 
2020-10-29T14:18:18.926+0000: [GC (Allocation Failure) 2020-10-29T14:18:18.927+0000: [ParNew: 38020K->4K(42752K), 0.0028021 secs] 517491K->479475K(806228K), 0.0028561 secs] [Times: user=0.00 sys=0.00, real=0.00 secs] 
2020-10-29T14:18:18.966+0000: [GC (Allocation Failure) 2020-10-29T14:18:18.966+0000: [ParNew: 38020K->4K(42752K), 0.0028163 secs] 517491K->479475K(806228K), 0.0028747 secs] [Times: user=0.00 sys=0.00, real=0.00 secs] 
2020-10-29T14:18:19.002+0000: [GC (Allocation Failure) 2020-10-29T14:18:19.002+0000: [ParNew: 38020K->4K(42752K), 0.0027577 secs] 517491K->479475K(806228K), 0.0028226 secs] [Times: user=0.01 sys=0.00, real=0.00 secs] 
2020-10-29T14:18:19.038+0000: [GC (Allocation Failure) 2020-10-29T14:18:19.038+0000: [ParNew: 38020K->4K(42752K), 0.0027570 secs] 517491K->479475K(806228K), 0.0028129 secs] [Times: user=0.01 sys=0.00, real=0.00 secs] 
2020-10-29T14:18:19.074+0000: [GC (Allocation Failure) 2020-10-29T14:18:19.074+0000: [ParNew: 38020K->4K(42752K), 0.0027883 secs] 517491K->479475K(806228K), 0.0028445 secs] [Times: user=0.00 sys=0.00, real=0.00 secs] 
2020-10-29T14:18:19.109+0000: [GC (Allocation Failure) 2020-10-29T14:18:19.109+0000: [ParNew: 38020K->4K(42752K), 0.0028308 secs] 517491K->479475K(806228K), 0.0028881 secs] [Times: user=0.00 sys=0.00, real=0.01 secs] 
2020-10-29T14:18:19.146+0000: [GC (Allocation Failure) 2020-10-29T14:18:19.146+0000: [ParNew: 38020K->4K(42752K), 0.0027676 secs] 517491K->479475K(806228K), 0.0028237 secs] [Times: user=0.00 sys=0.00, real=0.00 secs] 
2020-10-29T14:18:19.182+0000: [GC (Allocation Failure) 2020-10-29T14:18:19.182+0000: [ParNew: 38020K->4K(42752K), 0.0027938 secs] 517491K->479475K(806228K), 0.0028673 secs] [Times: user=0.00 sys=0.00, real=0.01 secs] 
2020-10-29T14:18:19.218+0000: [GC (Allocation Failure) 2020-10-29T14:18:19.218+0000: [ParNew: 38020K->4K(42752K), 0.0028417 secs] 517491K->479475K(806228K), 0.0028983 secs] [Times: user=0.00 sys=0.00, real=0.00 secs] 
2020-10-29T14:18:19.257+0000: [GC (Allocation Failure) 2020-10-29T14:18:19.257+0000: [ParNew: 38020K->4K(42752K), 0.0028037 secs] 517491K->479475K(806228K), 0.0028623 secs] [Times: user=0.01 sys=0.00, real=0.00 secs] 
2020-10-29T14:18:19.293+0000: [GC (Allocation Failure) 2020-10-29T14:18:19.293+0000: [ParNew: 38020K->4K(42752K), 0.0028477 secs] 517491K->479475K(806228K), 0.0029052 secs] [Times: user=0.01 sys=0.00, real=0.00 secs] 
2020-10-29T14:18:19.328+0000: [GC (Allocation Failure) 2020-10-29T14:18:19.328+0000: [ParNew: 38020K->4K(42752K), 0.0028130 secs] 517491K->479475K(806228K), 0.0028703 secs] [Times: user=0.00 sys=0.00, real=0.01 secs] 
2020-10-29T14:18:19.364+0000: [GC (Allocation Failure) 2020-10-29T14:18:19.364+0000: [ParNew: 38020K->4K(42752K), 0.0027890 secs] 517491K->479475K(806228K), 0.0028452 secs] [Times: user=0.00 sys=0.00, real=0.00 secs] 
2020-10-29T14:18:19.399+0000: [GC (Allocation Failure) 2020-10-29T14:18:19.399+0000: [ParNew: 38020K->4K(42752K), 0.0028635 secs] 517491K->479475K(806228K), 0.0029201 secs] [Times: user=0.00 sys=0.00, real=0.00 secs] 
2020-10-29T14:18:19.438+0000: [GC (Allocation Failure) 2020-10-29T14:18:19.438+0000: [ParNew: 38020K->4K(42752K), 0.0028072 secs] 517491K->479475K(806228K), 0.0028650 secs] [Times: user=0.01 sys=0.00, real=0.00 secs] 
2020-10-29T14:18:19.474+0000: [GC (Allocation Failure) 2020-10-29T14:18:19.474+0000: [ParNew: 38020K->4K(42752K), 0.0029547 secs] 517491K->479475K(806228K), 0.0030123 secs] [Times: user=0.00 sys=0.00, real=0.00 secs] 
2020-10-29T14:18:19.510+0000: [GC (Allocation Failure) 2020-10-29T14:18:19.510+0000: [ParNew: 38020K->4K(42752K), 0.0027501 secs] 517491K->479475K(806228K), 0.0028061 secs] [Times: user=0.00 sys=0.00, real=0.00 secs] 
2020-10-29T14:18:19.546+0000: [GC (Allocation Failure) 2020-10-29T14:18:19.546+0000: [ParNew: 38020K->4K(42752K), 0.0027920 secs] 517491K->479475K(806228K), 0.0028495 secs] [Times: user=0.00 sys=0.00, real=0.00 secs] 
2020-10-29T14:18:19.582+0000: [GC (Allocation Failure) 2020-10-29T14:18:19.582+0000: [ParNew: 38020K->4K(42752K), 0.0033438 secs] 517491K->479475K(806228K), 0.0033998 secs] [Times: user=0.01 sys=0.00, real=0.00 secs] 
2020-10-29T14:18:19.618+0000: [GC (Allocation Failure) 2020-10-29T14:18:19.618+0000: [ParNew: 38020K->4K(42752K), 0.0027785 secs] 517491K->479475K(806228K), 0.0028340 secs] [Times: user=0.01 sys=0.00, real=0.00 secs] 
2020-10-29T14:18:19.654+0000: [GC (Allocation Failure) 2020-10-29T14:18:19.654+0000: [ParNew: 38020K->4K(42752K), 0.0027605 secs] 517491K->479475K(806228K), 0.0028176 secs] [Times: user=0.01 sys=0.00, real=0.00 secs] 
2020-10-29T14:18:19.690+0000: [GC (Allocation Failure) 2020-10-29T14:18:19.690+0000: [ParNew: 38020K->4K(42752K), 0.0027930 secs] 517491K->479475K(806228K), 0.0028507 secs] [Times: user=0.01 sys=0.00, real=0.01 secs] 
2020-10-29T14:18:19.725+0000: [GC (Allocation Failure) 2020-10-29T14:18:19.725+0000: [ParNew: 38020K->4K(42752K), 0.0027903 secs] 517491K->479475K(806228K), 0.0028472 secs] [Times: user=0.01 sys=0.00, real=0.00 secs] 
2020-10-29T14:18:19.761+0000: [GC (Allocation Failure) 2020-10-29T14:18:19.761+0000: [ParNew: 38020K->4K(42752K), 0.0028400 secs] 517491K->479475K(806228K), 0.0028975 secs] [Times: user=0.01 sys=0.00, real=0.01 secs] 
2020-10-29T14:18:19.798+0000: [GC (Allocation Failure) 2020-10-29T14:18:19.798+0000: [ParNew: 38020K->4K(42752K), 0.0027978 secs] 517491K->479475K(806228K), 0.0028545 secs] [Times: user=0.01 sys=0.00, real=0.00 secs] 
2020-10-29T14:18:19.834+0000: [GC (Allocation Failure) 2020-10-29T14:18:19.834+0000: [ParNew: 38020K->4K(42752K), 0.0028242 secs] 517491K->479475K(806228K), 0.0028819 secs] [Times: user=0.00 sys=0.00, real=0.00 secs] 
2020-10-29T14:18:19.869+0000: [GC (Allocation Failure) 2020-10-29T14:18:19.869+0000: [ParNew: 38020K->4K(42752K), 0.0027772 secs] 517491K->479475K(806228K), 0.0028338 secs] [Times: user=0.00 sys=0.00, real=0.01 secs] 
2020-10-29T14:18:19.905+0000: [GC (Allocation Failure) 2020-10-29T14:18:19.905+0000: [ParNew: 38020K->4K(42752K), 0.0027969 secs] 517491K->479475K(806228K), 0.0028541 secs] [Times: user=0.01 sys=0.00, real=0.00 secs] 
2020-10-29T14:18:19.941+0000: [GC (Allocation Failure) 2020-10-29T14:18:19.941+0000: [ParNew: 38020K->4K(42752K), 0.0027760 secs] 517491K->479475K(806228K), 0.0028320 secs] [Times: user=0.01 sys=0.00, real=0.01 secs] 
2020-10-29T14:18:19.976+0000: [GC (Allocation Failure) 2020-10-29T14:18:19.976+0000: [ParNew: 38020K->4K(42752K), 0.0027781 secs] 517491K->479475K(806228K), 0.0028344 secs] [Times: user=0.01 sys=0.00, real=0.00 secs] 
2020-10-29T14:18:20.014+0000: [GC (Allocation Failure) 2020-10-29T14:18:20.014+0000: [ParNew: 38020K->4K(42752K), 0.0027863 secs] 517491K->479475K(806228K), 0.0028416 secs] [Times: user=0.00 sys=0.00, real=0.00 secs] 
2020-10-29T14:18:20.054+0000: [GC (Allocation Failure) 2020-10-29T14:18:20.054+0000: [ParNew: 38020K->4K(42752K), 0.0027710 secs] 517491K->479475K(806228K), 0.0028266 secs] [Times: user=0.00 sys=0.00, real=0.00 secs] 
2020-10-29T14:18:20.089+0000: [GC (Allocation Failure) 2020-10-29T14:18:20.089+0000: [ParNew: 38020K->4K(42752K), 0.0027861 secs] 517491K->479475K(806228K), 0.0028428 secs] [Times: user=0.00 sys=0.00, real=0.01 secs] 
2020-10-29T14:18:20.126+0000: [GC (Allocation Failure) 2020-10-29T14:18:20.126+0000: [ParNew: 38020K->4K(42752K), 0.0027637 secs] 517491K->479475K(806228K), 0.0028206 secs] [Times: user=0.00 sys=0.00, real=0.00 secs] 
2020-10-29T14:18:20.162+0000: [GC (Allocation Failure) 2020-10-29T14:18:20.162+0000: [ParNew: 38020K->4K(42752K), 0.0027864 secs] 517491K->479475K(806228K), 0.0028426 secs] [Times: user=0.01 sys=0.00, real=0.01 secs] 
2020-10-29T14:18:20.198+0000: [GC (Allocation Failure) 2020-10-29T14:18:20.198+0000: [ParNew: 38020K->4K(42752K), 0.0027601 secs] 517491K->479475K(806228K), 0.0028168 secs] [Times: user=0.01 sys=0.00, real=0.00 secs] 
2020-10-29T14:18:20.238+0000: [GC (Allocation Failure) 2020-10-29T14:18:20.238+0000: [ParNew: 38020K->4K(42752K), 0.0027917 secs] 517491K->479475K(806228K), 0.0028468 secs] [Times: user=0.01 sys=0.00, real=0.00 secs] 
2020-10-29T14:18:20.275+0000: [GC (Allocation Failure) 2020-10-29T14:18:20.275+0000: [ParNew: 38020K->4K(42752K), 0.0027813 secs] 517491K->479475K(806228K), 0.0028390 secs] [Times: user=0.01 sys=0.00, real=0.00 secs] 
2020-10-29T14:18:20.314+0000: [GC (Allocation Failure) 2020-10-29T14:18:20.314+0000: [ParNew: 38020K->4K(42752K), 0.0027746 secs] 517491K->479475K(806228K), 0.0028325 secs] [Times: user=0.01 sys=0.01, real=0.00 secs] 
2020-10-29T14:18:20.350+0000: [GC (Allocation Failure) 2020-10-29T14:18:20.350+0000: [ParNew: 38020K->4K(42752K), 0.0028080 secs] 517491K->479475K(806228K), 0.0028660 secs] [Times: user=0.01 sys=0.00, real=0.00 secs] 
2020-10-29T14:18:20.386+0000: [GC (Allocation Failure) 2020-10-29T14:18:20.386+0000: [ParNew: 38020K->4K(42752K), 0.0028788 secs] 517491K->479475K(806228K), 0.0029347 secs] [Times: user=0.01 sys=0.00, real=0.00 secs] 
2020-10-29T14:18:20.422+0000: [GC (Allocation Failure) 2020-10-29T14:18:20.422+0000: [ParNew: 38020K->4K(42752K), 0.0027684 secs] 517491K->479475K(806228K), 0.0028247 secs] [Times: user=0.00 sys=0.00, real=0.00 secs] 
2020-10-29T14:18:20.458+0000: [GC (Allocation Failure) 2020-10-29T14:18:20.458+0000: [ParNew: 38020K->4K(42752K), 0.0028050 secs] 517491K->479475K(806228K), 0.0028621 secs] [Times: user=0.00 sys=0.00, real=0.00 secs] 
2020-10-29T14:18:20.493+0000: [GC (Allocation Failure) 2020-10-29T14:18:20.493+0000: [ParNew: 38020K->4K(42752K), 0.0028154 secs] 517491K->479475K(806228K), 0.0028714 secs] [Times: user=0.01 sys=0.00, real=0.00 secs] 
2020-10-29T14:18:20.530+0000: [GC (Allocation Failure) 2020-10-29T14:18:20.530+0000: [ParNew: 38020K->4K(42752K), 0.0027860 secs] 517491K->479476K(806228K), 0.0028550 secs] [Times: user=0.00 sys=0.00, real=0.00 secs] 
2020-10-29T14:18:20.566+0000: [GC (Allocation Failure) 2020-10-29T14:18:20.566+0000: [ParNew: 38020K->4K(42752K), 0.0028624 secs] 517492K->479476K(806228K), 0.0029200 secs] [Times: user=0.00 sys=0.00, real=0.00 secs] 
2020-10-29T14:18:20.601+0000: [GC (Allocation Failure) 2020-10-29T14:18:20.601+0000: [ParNew: 38020K->4K(42752K), 0.0028242 secs] 517492K->479476K(806228K), 0.0028809 secs] [Times: user=0.00 sys=0.00, real=0.01 secs] 
2020-10-29T14:18:20.637+0000: [GC (Allocation Failure) 2020-10-29T14:18:20.637+0000: [ParNew: 38020K->4K(42752K), 0.0028239 secs] 517492K->479476K(806228K), 0.0028808 secs] [Times: user=0.00 sys=0.00, real=0.00 secs] 
2020-10-29T14:18:20.683+0000: [GC (Allocation Failure) 2020-10-29T14:18:20.683+0000: [ParNew: 38020K->4K(42752K), 0.0028037 secs] 517492K->479476K(806228K), 0.0028616 secs] [Times: user=0.00 sys=0.00, real=0.00 secs] 
2020-10-29T14:18:20.754+0000: [GC (Allocation Failure) 2020-10-29T14:18:20.754+0000: [ParNew: 38020K->4K(42752K), 0.0028279 secs] 517492K->479476K(806228K), 0.0028863 secs] [Times: user=0.00 sys=0.00, real=0.00 secs] 
2020-10-29T14:18:20.822+0000: [GC (Allocation Failure) 2020-10-29T14:18:20.822+0000: [ParNew: 38020K->4K(42752K), 0.0028005 secs] 517492K->479476K(806228K), 0.0028576 secs] [Times: user=0.00 sys=0.00, real=0.01 secs] 
2020-10-29T14:18:20.887+0000: [GC (Allocation Failure) 2020-10-29T14:18:20.887+0000: [ParNew: 38020K->4K(42752K), 0.0028156 secs] 517492K->479476K(806228K), 0.0028732 secs] [Times: user=0.01 sys=0.00, real=0.00 secs] 
2020-10-29T14:18:20.954+0000: [GC (Allocation Failure) 2020-10-29T14:18:20.954+0000: [ParNew: 38020K->4K(42752K), 0.0028042 secs] 517492K->479476K(806228K), 0.0028716 secs] [Times: user=0.00 sys=0.00, real=0.00 secs] 
2020-10-29T14:18:21.340+0000: [GC (Allocation Failure) 2020-10-29T14:18:21.340+0000: [ParNew: 38020K->4K(42752K), 0.0028162 secs] 517492K->479476K(806228K), 0.0028759 secs] [Times: user=0.01 sys=0.00, real=0.01 secs] 
2020-10-29T14:18:21.654+0000: [GC (Allocation Failure) 2020-10-29T14:18:21.654+0000: [ParNew: 38020K->4K(42752K), 0.0028429 secs] 517492K->479477K(806228K), 0.0029038 secs] [Times: user=0.00 sys=0.00, real=0.00 secs] 
Heap
 par new generation   total 42752K, used 37735K [0x00000000c0000000, 0x00000000c2e60000, 0x00000000ca660000)
  eden space 38016K,  99% used [0x00000000c0000000, 0x00000000c24d8cd8, 0x00000000c2520000)
  from space 4736K,   0% used [0x00000000c2520000, 0x00000000c2521108, 0x00000000c29c0000)
  to   space 4736K,   0% used [0x00000000c29c0000, 0x00000000c29c0000, 0x00000000c2e60000)
 concurrent mark-sweep generation total 763476K, used 479472K [0x00000000ca660000, 0x00000000f8ff5000, 0x0000000100000000)
 Metaspace       used 69956K, capacity 71264K, committed 71620K, reserved 1112064K
  class space    used 9389K, capacity 9625K, committed 9700K, reserved 1048576K
End of LogType:stdout

