

Container: container_1603959726485_0005_01_000005 on ip-10-0-40-135.ec2.internal_8041
=======================================================================================
LogType:stderr
Log Upload Time:gio ott 29 09:45:36 +0000 2020
LogLength:17322
Log Contents:
SLF4J: Class path contains multiple SLF4J bindings.
SLF4J: Found binding in [jar:file:/mnt/yarn/usercache/hadoop/filecache/20/__spark_libs__868164734296374639.zip/slf4j-log4j12-1.7.16.jar!/org/slf4j/impl/StaticLoggerBinder.class]
SLF4J: Found binding in [jar:file:/usr/lib/hadoop/lib/slf4j-log4j12-1.7.10.jar!/org/slf4j/impl/StaticLoggerBinder.class]
SLF4J: See http://www.slf4j.org/codes.html#multiple_bindings for an explanation.
SLF4J: Actual binding is of type [org.slf4j.impl.Log4jLoggerFactory]
20/10/29 09:44:33 INFO CoarseGrainedExecutorBackend: Started daemon with process name: 32377@ip-10-0-40-135
20/10/29 09:44:33 INFO SignalUtils: Registered signal handler for TERM
20/10/29 09:44:33 INFO SignalUtils: Registered signal handler for HUP
20/10/29 09:44:33 INFO SignalUtils: Registered signal handler for INT
20/10/29 09:44:34 INFO SecurityManager: Changing view acls to: yarn,hadoop
20/10/29 09:44:34 INFO SecurityManager: Changing modify acls to: yarn,hadoop
20/10/29 09:44:34 INFO SecurityManager: Changing view acls groups to: 
20/10/29 09:44:34 INFO SecurityManager: Changing modify acls groups to: 
20/10/29 09:44:34 INFO SecurityManager: SecurityManager: authentication disabled; ui acls disabled; users  with view permissions: Set(yarn, hadoop); groups with view permissions: Set(); users  with modify permissions: Set(yarn, hadoop); groups with modify permissions: Set()
20/10/29 09:44:35 INFO TransportClientFactory: Successfully created connection to ip-10-0-63-237.ec2.internal/10.0.63.237:33595 after 96 ms (0 ms spent in bootstraps)
20/10/29 09:44:35 INFO SecurityManager: Changing view acls to: yarn,hadoop
20/10/29 09:44:35 INFO SecurityManager: Changing modify acls to: yarn,hadoop
20/10/29 09:44:35 INFO SecurityManager: Changing view acls groups to: 
20/10/29 09:44:35 INFO SecurityManager: Changing modify acls groups to: 
20/10/29 09:44:35 INFO SecurityManager: SecurityManager: authentication disabled; ui acls disabled; users  with view permissions: Set(yarn, hadoop); groups with view permissions: Set(); users  with modify permissions: Set(yarn, hadoop); groups with modify permissions: Set()
20/10/29 09:44:35 INFO TransportClientFactory: Successfully created connection to ip-10-0-63-237.ec2.internal/10.0.63.237:33595 after 2 ms (0 ms spent in bootstraps)
20/10/29 09:44:35 INFO DiskBlockManager: Created local directory at /mnt/yarn/usercache/hadoop/appcache/application_1603959726485_0005/blockmgr-07c9b2ee-a65b-4cf0-9dbc-e898c7540d85
20/10/29 09:44:35 INFO MemoryStore: MemoryStore started with capacity 424.4 MB
20/10/29 09:44:35 INFO CoarseGrainedExecutorBackend: Connecting to driver: spark://CoarseGrainedScheduler@ip-10-0-63-237.ec2.internal:33595
20/10/29 09:44:35 INFO CoarseGrainedExecutorBackend: Successfully registered with driver
20/10/29 09:44:35 INFO Executor: Starting executor ID 2 on host ip-10-0-40-135.ec2.internal
20/10/29 09:44:35 INFO Utils: Successfully started service 'org.apache.spark.network.netty.NettyBlockTransferService' on port 37439.
20/10/29 09:44:35 INFO NettyBlockTransferService: Server created on ip-10-0-40-135.ec2.internal:37439
20/10/29 09:44:35 INFO BlockManager: Using org.apache.spark.storage.RandomBlockReplicationPolicy for block replication policy
20/10/29 09:44:35 INFO BlockManagerMaster: Registering BlockManager BlockManagerId(2, ip-10-0-40-135.ec2.internal, 37439, None)
20/10/29 09:44:35 INFO BlockManagerMaster: Registered BlockManager BlockManagerId(2, ip-10-0-40-135.ec2.internal, 37439, None)
20/10/29 09:44:35 INFO BlockManager: external shuffle service port = 7337
20/10/29 09:44:35 INFO BlockManager: Registering executor with local external shuffle service.
20/10/29 09:44:35 INFO TransportClientFactory: Successfully created connection to ip-10-0-40-135.ec2.internal/10.0.40.135:7337 after 1 ms (0 ms spent in bootstraps)
20/10/29 09:44:35 INFO BlockManager: Initialized BlockManager: BlockManagerId(2, ip-10-0-40-135.ec2.internal, 37439, None)
20/10/29 09:44:35 INFO CoarseGrainedExecutorBackend: Got assigned task 3
20/10/29 09:44:35 INFO Executor: Running task 2.0 in stage 1.0 (TID 3)
20/10/29 09:44:36 INFO TorrentBroadcast: Started reading broadcast variable 4
20/10/29 09:44:36 INFO TransportClientFactory: Successfully created connection to ip-10-0-63-237.ec2.internal/10.0.63.237:35857 after 2 ms (0 ms spent in bootstraps)
20/10/29 09:44:36 INFO MemoryStore: Block broadcast_4_piece0 stored as bytes in memory (estimated size 17.1 KB, free 424.4 MB)
20/10/29 09:44:36 INFO TorrentBroadcast: Reading broadcast variable 4 took 139 ms
20/10/29 09:44:36 INFO MemoryStore: Block broadcast_4 stored as values in memory (estimated size 43.4 KB, free 424.4 MB)
20/10/29 09:44:37 INFO CodeGenerator: Code generated in 485.099011 ms
20/10/29 09:44:37 INFO CodeGenerator: Code generated in 70.282177 ms
20/10/29 09:44:37 INFO CodeGenerator: Code generated in 21.738397 ms
20/10/29 09:44:39 INFO CodeGenerator: Code generated in 13.89216 ms
20/10/29 09:44:39 INFO FileScanRDD: Reading File path: s3://spectral-regression-spark-bucket/spectral_data_class.csv, range: 268435456-319010350, partition values: [empty row]
20/10/29 09:44:39 INFO CodeGenerator: Code generated in 35.088123 ms
20/10/29 09:44:39 INFO TorrentBroadcast: Started reading broadcast variable 2
20/10/29 09:44:39 INFO TransportClientFactory: Successfully created connection to ip-10-0-47-24.ec2.internal/10.0.47.24:40525 after 11 ms (0 ms spent in bootstraps)
20/10/29 09:44:39 INFO MemoryStore: Block broadcast_2_piece0 stored as bytes in memory (estimated size 36.8 KB, free 424.3 MB)
20/10/29 09:44:39 INFO TorrentBroadcast: Reading broadcast variable 2 took 106 ms
20/10/29 09:44:39 INFO MemoryStore: Block broadcast_2 stored as values in memory (estimated size 576.5 KB, free 423.7 MB)
20/10/29 09:44:42 INFO S3NativeFileSystem: Opening 's3://spectral-regression-spark-bucket/spectral_data_class.csv' for reading
20/10/29 09:44:42 INFO GPLNativeCodeLoader: Loaded native gpl library
20/10/29 09:44:42 INFO LzoCodec: Successfully loaded & initialized native-lzo library [hadoop-lzo rev 1546b8dc0ca6f1ffd26a812d52bd7b80915e0a25]
20/10/29 09:44:47 INFO JniLoader: successfully loaded /mnt/yarn/usercache/hadoop/appcache/application_1603959726485_0005/container_1603959726485_0005_01_000005/tmp/jniloader8812356491233930097netlib-native_system-linux-x86_64.so
20/10/29 09:44:47 INFO Executor: Finished task 2.0 in stage 1.0 (TID 3). 2418 bytes result sent to driver
20/10/29 09:44:48 INFO CoarseGrainedExecutorBackend: Got assigned task 5
20/10/29 09:44:48 INFO Executor: Running task 1.0 in stage 2.0 (TID 5)
20/10/29 09:44:48 INFO CoarseGrainedExecutorBackend: Got assigned task 7
20/10/29 09:44:48 INFO Executor: Running task 3.0 in stage 2.0 (TID 7)
20/10/29 09:44:48 INFO TorrentBroadcast: Started reading broadcast variable 6
20/10/29 09:44:48 INFO MemoryStore: Block broadcast_6_piece0 stored as bytes in memory (estimated size 18.6 KB, free 423.7 MB)
20/10/29 09:44:48 INFO TorrentBroadcast: Reading broadcast variable 6 took 15 ms
20/10/29 09:44:48 INFO MemoryStore: Block broadcast_6 stored as values in memory (estimated size 44.9 KB, free 423.7 MB)
20/10/29 09:44:49 INFO CodeGenerator: Code generated in 112.766663 ms
20/10/29 09:44:49 INFO CodeGenerator: Code generated in 34.80503 ms
20/10/29 09:44:49 INFO FileScanRDD: Reading File path: s3://spectral-regression-spark-bucket/spectral_data_class.csv, range: 80801163-161602326, partition values: [empty row]
20/10/29 09:44:49 INFO TorrentBroadcast: Started reading broadcast variable 5
20/10/29 09:44:49 INFO FileScanRDD: Reading File path: s3://spectral-regression-spark-bucket/spectral_data_class.csv, range: 242403489-319010350, partition values: [empty row]
20/10/29 09:44:49 INFO MemoryStore: Block broadcast_5_piece0 stored as bytes in memory (estimated size 36.8 KB, free 423.5 MB)
20/10/29 09:44:49 INFO TorrentBroadcast: Reading broadcast variable 5 took 16 ms
20/10/29 09:44:49 INFO MemoryStore: Block broadcast_5 stored as values in memory (estimated size 576.5 KB, free 423.0 MB)
20/10/29 09:44:49 INFO S3NativeFileSystem: Opening 's3://spectral-regression-spark-bucket/spectral_data_class.csv' for reading
20/10/29 09:44:49 INFO S3NativeFileSystem: Opening 's3://spectral-regression-spark-bucket/spectral_data_class.csv' for reading
20/10/29 09:44:58 INFO Executor: Finished task 1.0 in stage 2.0 (TID 5). 2448 bytes result sent to driver
20/10/29 09:44:58 INFO Executor: Finished task 3.0 in stage 2.0 (TID 7). 2405 bytes result sent to driver
20/10/29 09:44:59 INFO CoarseGrainedExecutorBackend: Got assigned task 8
20/10/29 09:44:59 INFO CoarseGrainedExecutorBackend: Got assigned task 10
20/10/29 09:44:59 INFO Executor: Running task 0.0 in stage 3.0 (TID 8)
20/10/29 09:44:59 INFO Executor: Running task 2.0 in stage 3.0 (TID 10)
20/10/29 09:44:59 INFO TorrentBroadcast: Started reading broadcast variable 7
20/10/29 09:44:59 INFO MemoryStore: Block broadcast_7_piece0 stored as bytes in memory (estimated size 18.5 KB, free 423.1 MB)
20/10/29 09:44:59 INFO TorrentBroadcast: Reading broadcast variable 7 took 10 ms
20/10/29 09:44:59 INFO MemoryStore: Block broadcast_7 stored as values in memory (estimated size 44.1 KB, free 423.0 MB)
20/10/29 09:44:59 INFO FileScanRDD: Reading File path: s3://spectral-regression-spark-bucket/spectral_data_class.csv, range: 161602326-242403489, partition values: [empty row]
20/10/29 09:44:59 INFO FileScanRDD: Reading File path: s3://spectral-regression-spark-bucket/spectral_data_class.csv, range: 0-80801163, partition values: [empty row]
20/10/29 09:44:59 INFO S3NativeFileSystem: Opening 's3://spectral-regression-spark-bucket/spectral_data_class.csv' for reading
20/10/29 09:44:59 INFO S3NativeFileSystem: Opening 's3://spectral-regression-spark-bucket/spectral_data_class.csv' for reading
20/10/29 09:45:08 INFO Executor: Finished task 2.0 in stage 3.0 (TID 10). 1922 bytes result sent to driver
20/10/29 09:45:08 INFO Executor: Finished task 0.0 in stage 3.0 (TID 8). 1922 bytes result sent to driver
20/10/29 09:45:08 INFO CoarseGrainedExecutorBackend: Got assigned task 12
20/10/29 09:45:08 INFO CoarseGrainedExecutorBackend: Got assigned task 14
20/10/29 09:45:08 INFO Executor: Running task 2.0 in stage 4.0 (TID 14)
20/10/29 09:45:08 INFO Executor: Running task 0.0 in stage 4.0 (TID 12)
20/10/29 09:45:08 INFO TorrentBroadcast: Started reading broadcast variable 9
20/10/29 09:45:08 INFO MemoryStore: Block broadcast_9_piece0 stored as bytes in memory (estimated size 17.1 KB, free 423.2 MB)
20/10/29 09:45:08 INFO TorrentBroadcast: Reading broadcast variable 9 took 15 ms
20/10/29 09:45:08 INFO MemoryStore: Block broadcast_9 stored as values in memory (estimated size 40.0 KB, free 423.1 MB)
20/10/29 09:45:09 INFO CodeGenerator: Code generated in 90.605687 ms
20/10/29 09:45:09 INFO FileScanRDD: Reading File path: s3://spectral-regression-spark-bucket/spectral_data_class.csv, range: 0-80801163, partition values: [empty row]
20/10/29 09:45:09 INFO TorrentBroadcast: Started reading broadcast variable 8
20/10/29 09:45:09 INFO FileScanRDD: Reading File path: s3://spectral-regression-spark-bucket/spectral_data_class.csv, range: 161602326-242403489, partition values: [empty row]
20/10/29 09:45:09 INFO MemoryStore: Block broadcast_8_piece0 stored as bytes in memory (estimated size 36.8 KB, free 423.0 MB)
20/10/29 09:45:09 INFO TorrentBroadcast: Reading broadcast variable 8 took 12 ms
20/10/29 09:45:09 INFO MemoryStore: Block broadcast_8 stored as values in memory (estimated size 576.5 KB, free 422.4 MB)
20/10/29 09:45:09 INFO S3NativeFileSystem: Opening 's3://spectral-regression-spark-bucket/spectral_data_class.csv' for reading
20/10/29 09:45:09 INFO S3NativeFileSystem: Opening 's3://spectral-regression-spark-bucket/spectral_data_class.csv' for reading
20/10/29 09:45:18 INFO Executor: Finished task 2.0 in stage 4.0 (TID 14). 2651 bytes result sent to driver
20/10/29 09:45:18 INFO Executor: Finished task 0.0 in stage 4.0 (TID 12). 2608 bytes result sent to driver
20/10/29 09:45:18 INFO CoarseGrainedExecutorBackend: Got assigned task 16
20/10/29 09:45:18 INFO Executor: Running task 0.0 in stage 5.0 (TID 16)
20/10/29 09:45:18 INFO MapOutputTrackerWorker: Updating epoch to 1 and clearing cache
20/10/29 09:45:18 INFO TorrentBroadcast: Started reading broadcast variable 10
20/10/29 09:45:18 INFO MemoryStore: Block broadcast_10_piece0 stored as bytes in memory (estimated size 3.8 KB, free 422.5 MB)
20/10/29 09:45:18 INFO TorrentBroadcast: Reading broadcast variable 10 took 13 ms
20/10/29 09:45:18 INFO MemoryStore: Block broadcast_10 stored as values in memory (estimated size 7.1 KB, free 422.5 MB)
20/10/29 09:45:18 INFO MapOutputTrackerWorker: Don't have map outputs for shuffle 0, fetching them
20/10/29 09:45:18 INFO MapOutputTrackerWorker: Doing the fetch; tracker endpoint = NettyRpcEndpointRef(spark://MapOutputTracker@ip-10-0-63-237.ec2.internal:33595)
20/10/29 09:45:18 INFO MapOutputTrackerWorker: Got the output locations
20/10/29 09:45:18 INFO ShuffleBlockFetcherIterator: Getting 4 non-empty blocks including 2 local blocks and 2 remote blocks
20/10/29 09:45:18 INFO TransportClientFactory: Successfully created connection to ip-10-0-47-24.ec2.internal/10.0.47.24:7337 after 7 ms (0 ms spent in bootstraps)
20/10/29 09:45:18 INFO ShuffleBlockFetcherIterator: Started 1 remote fetches in 28 ms
20/10/29 09:45:18 INFO CodeGenerator: Code generated in 46.065204 ms
20/10/29 09:45:18 INFO Executor: Finished task 0.0 in stage 5.0 (TID 16). 1825 bytes result sent to driver
20/10/29 09:45:18 INFO CoarseGrainedExecutorBackend: Got assigned task 18
20/10/29 09:45:18 INFO CoarseGrainedExecutorBackend: Got assigned task 20
20/10/29 09:45:18 INFO Executor: Running task 1.0 in stage 6.0 (TID 18)
20/10/29 09:45:18 INFO TorrentBroadcast: Started reading broadcast variable 12
20/10/29 09:45:18 INFO Executor: Running task 3.0 in stage 6.0 (TID 20)
20/10/29 09:45:18 INFO MemoryStore: Block broadcast_12_piece0 stored as bytes in memory (estimated size 19.1 KB, free 423.1 MB)
20/10/29 09:45:18 INFO TorrentBroadcast: Reading broadcast variable 12 took 16 ms
20/10/29 09:45:18 INFO MemoryStore: Block broadcast_12 stored as values in memory (estimated size 45.6 KB, free 423.1 MB)
20/10/29 09:45:19 INFO CodeGenerator: Code generated in 80.271476 ms
20/10/29 09:45:19 INFO FileScanRDD: Reading File path: s3://spectral-regression-spark-bucket/spectral_data_class.csv, range: 242403489-319010350, partition values: [empty row]
20/10/29 09:45:19 INFO TorrentBroadcast: Started reading broadcast variable 11
20/10/29 09:45:19 INFO FileScanRDD: Reading File path: s3://spectral-regression-spark-bucket/spectral_data_class.csv, range: 80801163-161602326, partition values: [empty row]
20/10/29 09:45:19 INFO MemoryStore: Block broadcast_11_piece0 stored as bytes in memory (estimated size 36.8 KB, free 422.9 MB)
20/10/29 09:45:19 INFO TorrentBroadcast: Reading broadcast variable 11 took 14 ms
20/10/29 09:45:19 INFO MemoryStore: Block broadcast_11 stored as values in memory (estimated size 576.5 KB, free 422.4 MB)
20/10/29 09:45:19 INFO S3NativeFileSystem: Opening 's3://spectral-regression-spark-bucket/spectral_data_class.csv' for reading
20/10/29 09:45:19 INFO S3NativeFileSystem: Opening 's3://spectral-regression-spark-bucket/spectral_data_class.csv' for reading
20/10/29 09:45:27 INFO Executor: Finished task 1.0 in stage 6.0 (TID 18). 2405 bytes result sent to driver
20/10/29 09:45:27 INFO Executor: Finished task 3.0 in stage 6.0 (TID 20). 2405 bytes result sent to driver
20/10/29 09:45:29 INFO CoarseGrainedExecutorBackend: Got assigned task 21
20/10/29 09:45:29 INFO Executor: Running task 0.0 in stage 7.0 (TID 21)
20/10/29 09:45:29 INFO TorrentBroadcast: Started reading broadcast variable 13
20/10/29 09:45:29 INFO MemoryStore: Block broadcast_13_piece0 stored as bytes in memory (estimated size 38.2 KB, free 423.1 MB)
20/10/29 09:45:29 INFO TorrentBroadcast: Reading broadcast variable 13 took 10 ms
20/10/29 09:45:29 INFO MemoryStore: Block broadcast_13 stored as values in memory (estimated size 127.7 KB, free 423.0 MB)
20/10/29 09:45:30 INFO HadoopMapRedCommitProtocol: Using output committer class org.apache.hadoop.mapred.DirectFileOutputCommitter
20/10/29 09:45:30 INFO FileOutputCommitter: File Output Committer Algorithm version is 1
20/10/29 09:45:30 INFO FileOutputCommitter: FileOutputCommitter skip cleanup _temporary folders under output directory:false, ignore cleanup failures: false
20/10/29 09:45:30 INFO DirectFileOutputCommitter: Direct Write: DISABLED
20/10/29 09:45:31 INFO PythonRunner: Times: total = 686, boot = 601, init = 85, finish = 0
20/10/29 09:45:32 INFO FileOutputCommitter: Saved output of task 'attempt_20201029094528_0039_m_000000_0' to s3a://spectral-regression-spark-bucket/results_4xc4large_linear_291020-094527_star-qso/_temporary/0/task_20201029094528_0039_m_000000
20/10/29 09:45:32 INFO SparkHadoopMapRedUtil: attempt_20201029094528_0039_m_000000_0: Committed
20/10/29 09:45:32 INFO Executor: Finished task 0.0 in stage 7.0 (TID 21). 1766 bytes result sent to driver
20/10/29 09:45:33 INFO CoarseGrainedExecutorBackend: Driver commanded a shutdown
20/10/29 09:45:34 INFO MemoryStore: MemoryStore cleared
20/10/29 09:45:34 INFO BlockManager: BlockManager stopped
20/10/29 09:45:34 INFO ShutdownHookManager: Shutdown hook called
End of LogType:stderr

LogType:stdout
Log Upload Time:gio ott 29 09:45:36 +0000 2020
LogLength:227476
Log Contents:
2020-10-29T09:44:32.755+0000: [GC (Allocation Failure) 2020-10-29T09:44:32.756+0000: [ParNew: 16384K->2048K(18432K), 0.0037795 secs] 16384K->2386K(59392K), 0.0038509 secs] [Times: user=0.01 sys=0.00, real=0.00 secs] 
2020-10-29T09:44:32.916+0000: [GC (Allocation Failure) 2020-10-29T09:44:32.916+0000: [ParNew: 18432K->1955K(18432K), 0.0260399 secs] 18770K->3646K(59392K), 0.0261063 secs] [Times: user=0.05 sys=0.00, real=0.03 secs] 
2020-10-29T09:44:33.069+0000: [GC (Allocation Failure) 2020-10-29T09:44:33.069+0000: [ParNew: 18339K->1313K(18432K), 0.0027161 secs] 20030K->3004K(59392K), 0.0027672 secs] [Times: user=0.00 sys=0.00, real=0.01 secs] 
2020-10-29T09:44:33.250+0000: [GC (Allocation Failure) 2020-10-29T09:44:33.250+0000: [ParNew: 17697K->1963K(18432K), 0.0043814 secs] 19388K->4035K(59392K), 0.0044289 secs] [Times: user=0.01 sys=0.00, real=0.00 secs] 
2020-10-29T09:44:33.393+0000: [GC (Allocation Failure) 2020-10-29T09:44:33.393+0000: [ParNew: 18347K->1191K(18432K), 0.0032674 secs] 20419K->3813K(59392K), 0.0033266 secs] [Times: user=0.00 sys=0.00, real=0.00 secs] 
2020-10-29T09:44:33.511+0000: [GC (Allocation Failure) 2020-10-29T09:44:33.511+0000: [ParNew: 17575K->1743K(18432K), 0.0019078 secs] 20197K->4365K(59392K), 0.0019715 secs] [Times: user=0.01 sys=0.00, real=0.00 secs] 
2020-10-29T09:44:33.600+0000: [GC (Allocation Failure) 2020-10-29T09:44:33.600+0000: [ParNew: 18127K->1203K(18432K), 0.0030576 secs] 20749K->4366K(59392K), 0.0031047 secs] [Times: user=0.00 sys=0.00, real=0.01 secs] 
2020-10-29T09:44:33.670+0000: [GC (Allocation Failure) 2020-10-29T09:44:33.670+0000: [ParNew: 17587K->826K(18432K), 0.0021409 secs] 20750K->3988K(59392K), 0.0021892 secs] [Times: user=0.00 sys=0.00, real=0.00 secs] 
2020-10-29T09:44:33.734+0000: [GC (Allocation Failure) 2020-10-29T09:44:33.734+0000: [ParNew: 17210K->801K(18432K), 0.0013254 secs] 20372K->3963K(59392K), 0.0013901 secs] [Times: user=0.00 sys=0.00, real=0.00 secs] 
2020-10-29T09:44:33.875+0000: [GC (Allocation Failure) 2020-10-29T09:44:33.875+0000: [ParNew: 17185K->1528K(18432K), 0.0018775 secs] 20347K->4690K(59392K), 0.0019417 secs] [Times: user=0.00 sys=0.00, real=0.00 secs] 
2020-10-29T09:44:33.972+0000: [GC (Allocation Failure) 2020-10-29T09:44:33.972+0000: [ParNew: 17912K->1284K(18432K), 0.0027291 secs] 21074K->4757K(59392K), 0.0027760 secs] [Times: user=0.00 sys=0.00, real=0.00 secs] 
2020-10-29T09:44:34.150+0000: [GC (Allocation Failure) 2020-10-29T09:44:34.150+0000: [ParNew: 17668K->1231K(18432K), 0.0032505 secs] 21141K->4704K(59392K), 0.0033200 secs] [Times: user=0.00 sys=0.00, real=0.00 secs] 
2020-10-29T09:44:34.281+0000: [GC (Allocation Failure) 2020-10-29T09:44:34.281+0000: [ParNew: 17615K->1332K(18432K), 0.0036967 secs] 21088K->5065K(59392K), 0.0037456 secs] [Times: user=0.00 sys=0.00, real=0.01 secs] 
2020-10-29T09:44:34.388+0000: [GC (Allocation Failure) 2020-10-29T09:44:34.388+0000: [ParNew: 17716K->999K(18432K), 0.0066356 secs] 21449K->5152K(59392K), 0.0066931 secs] [Times: user=0.01 sys=0.00, real=0.01 secs] 
2020-10-29T09:44:34.490+0000: [GC (Allocation Failure) 2020-10-29T09:44:34.490+0000: [ParNew: 17383K->1151K(18432K), 0.0020474 secs] 21536K->5303K(59392K), 0.0021115 secs] [Times: user=0.01 sys=0.00, real=0.00 secs] 
2020-10-29T09:44:34.574+0000: [GC (Allocation Failure) 2020-10-29T09:44:34.574+0000: [ParNew: 17535K->1145K(18432K), 0.0018762 secs] 21687K->5297K(59392K), 0.0019408 secs] [Times: user=0.01 sys=0.00, real=0.00 secs] 
2020-10-29T09:44:34.650+0000: [GC (Allocation Failure) 2020-10-29T09:44:34.650+0000: [ParNew: 17529K->1820K(18432K), 0.0021251 secs] 21681K->5972K(59392K), 0.0021719 secs] [Times: user=0.00 sys=0.00, real=0.00 secs] 
2020-10-29T09:44:34.707+0000: [GC (Allocation Failure) 2020-10-29T09:44:34.707+0000: [ParNew: 18204K->988K(18432K), 0.0027484 secs] 22356K->5489K(59392K), 0.0027963 secs] [Times: user=0.01 sys=0.00, real=0.01 secs] 
2020-10-29T09:44:34.780+0000: [GC (Allocation Failure) 2020-10-29T09:44:34.780+0000: [ParNew: 17372K->1387K(18432K), 0.0020013 secs] 21873K->5888K(59392K), 0.0020504 secs] [Times: user=0.01 sys=0.00, real=0.01 secs] 
2020-10-29T09:44:34.939+0000: [GC (Allocation Failure) 2020-10-29T09:44:34.939+0000: [ParNew: 17771K->1524K(18432K), 0.0031377 secs] 22272K->6244K(59392K), 0.0031866 secs] [Times: user=0.01 sys=0.00, real=0.01 secs] 
2020-10-29T09:44:35.006+0000: [GC (Allocation Failure) 2020-10-29T09:44:35.006+0000: [ParNew: 17908K->1147K(18432K), 0.0031082 secs] 22628K->6329K(59392K), 0.0031575 secs] [Times: user=0.01 sys=0.00, real=0.00 secs] 
2020-10-29T09:44:35.098+0000: [GC (Allocation Failure) 2020-10-29T09:44:35.098+0000: [ParNew: 17531K->1222K(18432K), 0.0026900 secs] 39097K->22788K(59392K), 0.0027650 secs] [Times: user=0.00 sys=0.00, real=0.00 secs] 
2020-10-29T09:44:35.101+0000: [GC (CMS Initial Mark) [1 CMS-initial-mark: 21565K(40960K)] 22788K(59392K), 0.0008463 secs] [Times: user=0.00 sys=0.00, real=0.00 secs] 
2020-10-29T09:44:35.102+0000: [CMS-concurrent-mark-start]
2020-10-29T09:44:35.117+0000: [CMS-concurrent-mark: 0.016/0.016 secs] [Times: user=0.02 sys=0.00, real=0.02 secs] 
2020-10-29T09:44:35.118+0000: [CMS-concurrent-preclean-start]
2020-10-29T09:44:35.118+0000: [CMS-concurrent-preclean: 0.000/0.000 secs] [Times: user=0.00 sys=0.00, real=0.00 secs] 
2020-10-29T09:44:35.118+0000: [GC (CMS Final Remark) [YG occupancy: 2873 K (18432 K)]2020-10-29T09:44:35.118+0000: [Rescan (parallel) , 0.0008509 secs]2020-10-29T09:44:35.119+0000: [weak refs processing, 0.0000305 secs]2020-10-29T09:44:35.119+0000: [class unloading, 0.0021849 secs]2020-10-29T09:44:35.121+0000: [scrub symbol table, 0.0022528 secs]2020-10-29T09:44:35.124+0000: [scrub string table, 0.0002331 secs][1 CMS-remark: 21565K(40960K)] 24438K(59392K), 0.0056328 secs] [Times: user=0.01 sys=0.00, real=0.01 secs] 
2020-10-29T09:44:35.124+0000: [CMS-concurrent-sweep-start]
2020-10-29T09:44:35.126+0000: [CMS-concurrent-sweep: 0.002/0.002 secs] [Times: user=0.00 sys=0.00, real=0.00 secs] 
2020-10-29T09:44:35.127+0000: [CMS-concurrent-reset-start]
2020-10-29T09:44:35.167+0000: [CMS-concurrent-reset: 0.040/0.040 secs] [Times: user=0.06 sys=0.03, real=0.04 secs] 
2020-10-29T09:44:35.211+0000: [GC (Allocation Failure) 2020-10-29T09:44:35.211+0000: [ParNew: 17606K->752K(18432K), 0.0026778 secs] 38754K->22130K(59392K), 0.0027360 secs] [Times: user=0.01 sys=0.00, real=0.00 secs] 
2020-10-29T09:44:35.328+0000: [GC (Allocation Failure) 2020-10-29T09:44:35.328+0000: [ParNew: 17136K->1555K(18432K), 0.0029566 secs] 54898K->39316K(59392K), 0.0030054 secs] [Times: user=0.01 sys=0.00, real=0.01 secs] 
2020-10-29T09:44:35.332+0000: [GC (CMS Initial Mark) [1 CMS-initial-mark: 37761K(40960K)] 39317K(59392K), 0.0008115 secs] [Times: user=0.00 sys=0.00, real=0.00 secs] 
2020-10-29T09:44:35.333+0000: [CMS-concurrent-mark-start]
2020-10-29T09:44:35.347+0000: [CMS-concurrent-mark: 0.015/0.015 secs] [Times: user=0.01 sys=0.00, real=0.01 secs] 
2020-10-29T09:44:35.348+0000: [CMS-concurrent-preclean-start]
2020-10-29T09:44:35.348+0000: [CMS-concurrent-preclean: 0.000/0.000 secs] [Times: user=0.00 sys=0.00, real=0.00 secs] 
2020-10-29T09:44:35.348+0000: [GC (CMS Final Remark) [YG occupancy: 2890 K (18432 K)]2020-10-29T09:44:35.348+0000: [Rescan (parallel) , 0.0008557 secs]2020-10-29T09:44:35.349+0000: [weak refs processing, 0.0000247 secs]2020-10-29T09:44:35.349+0000: [class unloading, 0.0022764 secs]2020-10-29T09:44:35.351+0000: [scrub symbol table, 0.0024099 secs]2020-10-29T09:44:35.354+0000: [scrub string table, 0.0002409 secs][1 CMS-remark: 37761K(40960K)] 40651K(59392K), 0.0058989 secs] [Times: user=0.01 sys=0.00, real=0.01 secs] 
2020-10-29T09:44:35.354+0000: [CMS-concurrent-sweep-start]
2020-10-29T09:44:35.357+0000: [CMS-concurrent-sweep: 0.002/0.002 secs] [Times: user=0.00 sys=0.00, real=0.00 secs] 
2020-10-29T09:44:35.357+0000: [CMS-concurrent-reset-start]
2020-10-29T09:44:35.358+0000: [CMS-concurrent-reset: 0.002/0.002 secs] [Times: user=0.01 sys=0.00, real=0.00 secs] 
2020-10-29T09:44:35.454+0000: [GC (Allocation Failure) 2020-10-29T09:44:35.454+0000: [ParNew: 17939K->1488K(18432K), 0.0034199 secs] 55644K->39561K(81276K), 0.0034876 secs] [Times: user=0.01 sys=0.00, real=0.00 secs] 
2020-10-29T09:44:35.531+0000: [GC (Allocation Failure) 2020-10-29T09:44:35.531+0000: [ParNew: 17872K->991K(18432K), 0.0018640 secs] 55945K->39065K(81276K), 0.0019322 secs] [Times: user=0.01 sys=0.00, real=0.00 secs] 
2020-10-29T09:44:35.605+0000: [GC (Allocation Failure) 2020-10-29T09:44:35.606+0000: [ParNew: 17375K->1516K(18432K), 0.0021119 secs] 55449K->39589K(81276K), 0.0021647 secs] [Times: user=0.01 sys=0.00, real=0.00 secs] 
2020-10-29T09:44:35.660+0000: [GC (Allocation Failure) 2020-10-29T09:44:35.661+0000: [ParNew: 17900K->1214K(18432K), 0.0025763 secs] 55973K->39625K(81276K), 0.0026183 secs] [Times: user=0.01 sys=0.00, real=0.01 secs] 
2020-10-29T09:44:35.707+0000: [GC (Allocation Failure) 2020-10-29T09:44:35.707+0000: [ParNew: 17598K->1243K(18432K), 0.0017559 secs] 56009K->39654K(81276K), 0.0018044 secs] [Times: user=0.01 sys=0.00, real=0.00 secs] 
2020-10-29T09:44:35.800+0000: [GC (Allocation Failure) 2020-10-29T09:44:35.800+0000: [ParNew: 17627K->1034K(18432K), 0.0041363 secs] 56038K->39576K(81276K), 0.0041966 secs] [Times: user=0.01 sys=0.00, real=0.01 secs] 
2020-10-29T09:44:35.918+0000: [GC (Allocation Failure) 2020-10-29T09:44:35.918+0000: [ParNew: 17418K->1851K(18432K), 0.0030481 secs] 55960K->40393K(81276K), 0.0030907 secs] [Times: user=0.00 sys=0.00, real=0.00 secs] 
2020-10-29T09:44:36.023+0000: [GC (Allocation Failure) 2020-10-29T09:44:36.023+0000: [ParNew: 18235K->1543K(18432K), 0.0080301 secs] 73161K->57730K(81276K), 0.0080856 secs] [Times: user=0.01 sys=0.00, real=0.01 secs] 
2020-10-29T09:44:36.041+0000: [GC (CMS Initial Mark) [1 CMS-initial-mark: 56186K(62844K)] 58351K(81276K), 0.0013513 secs] [Times: user=0.00 sys=0.00, real=0.01 secs] 
2020-10-29T09:44:36.042+0000: [CMS-concurrent-mark-start]
2020-10-29T09:44:36.060+0000: [CMS-concurrent-mark: 0.018/0.018 secs] [Times: user=0.04 sys=0.00, real=0.01 secs] 
2020-10-29T09:44:36.060+0000: [CMS-concurrent-preclean-start]
2020-10-29T09:44:36.061+0000: [CMS-concurrent-preclean: 0.001/0.001 secs] [Times: user=0.00 sys=0.00, real=0.00 secs] 
2020-10-29T09:44:36.061+0000: [CMS-concurrent-abortable-preclean-start]
2020-10-29T09:44:36.137+0000: [GC (Allocation Failure) 2020-10-29T09:44:36.137+0000: [ParNew: 17927K->1322K(18432K), 0.0023859 secs] 74114K->57508K(81276K), 0.0024349 secs] [Times: user=0.00 sys=0.00, real=0.00 secs] 
2020-10-29T09:44:36.181+0000: [GC (Allocation Failure) 2020-10-29T09:44:36.181+0000: [ParNew: 9137K->969K(18432K), 0.0046615 secs]2020-10-29T09:44:36.186+0000: [CMS2020-10-29T09:44:36.186+0000: [CMS-concurrent-abortable-preclean: 0.011/0.125 secs] [Times: user=0.18 sys=0.01, real=0.13 secs] 
 (concurrent mode failure): 56478K->56914K(62844K), 0.0318914 secs] 65324K->56914K(81276K), [Metaspace: 29457K->29457K(1075200K)], 0.0367621 secs] [Times: user=0.05 sys=0.00, real=0.04 secs] 
2020-10-29T09:44:36.333+0000: [GC (Allocation Failure) 2020-10-29T09:44:36.333+0000: [ParNew: 38016K->920K(42752K), 0.0131730 secs] 94930K->74221K(137612K), 0.0132211 secs] [Times: user=0.03 sys=0.01, real=0.01 secs] 
2020-10-29T09:44:36.350+0000: [GC (CMS Initial Mark) [1 CMS-initial-mark: 73300K(94860K)] 74737K(137612K), 0.0008964 secs] [Times: user=0.00 sys=0.00, real=0.00 secs] 
2020-10-29T09:44:36.351+0000: [CMS-concurrent-mark-start]
2020-10-29T09:44:36.368+0000: [CMS-concurrent-mark: 0.017/0.017 secs] [Times: user=0.03 sys=0.00, real=0.01 secs] 
2020-10-29T09:44:36.368+0000: [CMS-concurrent-preclean-start]
2020-10-29T09:44:36.369+0000: [CMS-concurrent-preclean: 0.001/0.001 secs] [Times: user=0.00 sys=0.00, real=0.00 secs] 
2020-10-29T09:44:36.369+0000: [CMS-concurrent-abortable-preclean-start]
2020-10-29T09:44:36.473+0000: [CMS-concurrent-abortable-preclean: 0.004/0.104 secs] [Times: user=0.20 sys=0.01, real=0.11 secs] 
2020-10-29T09:44:36.474+0000: [GC (CMS Final Remark) [YG occupancy: 23430 K (42752 K)]2020-10-29T09:44:36.474+0000: [Rescan (parallel) , 0.0041891 secs]2020-10-29T09:44:36.478+0000: [weak refs processing, 0.0000260 secs]2020-10-29T09:44:36.478+0000: [class unloading, 0.0031087 secs]2020-10-29T09:44:36.481+0000: [scrub symbol table, 0.0036649 secs]2020-10-29T09:44:36.485+0000: [scrub string table, 0.0003100 secs][1 CMS-remark: 73300K(94860K)] 96730K(137612K), 0.0113980 secs] [Times: user=0.02 sys=0.00, real=0.01 secs] 
2020-10-29T09:44:36.485+0000: [CMS-concurrent-sweep-start]
2020-10-29T09:44:36.489+0000: [CMS-concurrent-sweep: 0.003/0.003 secs] [Times: user=0.00 sys=0.00, real=0.00 secs] 
2020-10-29T09:44:36.490+0000: [CMS-concurrent-reset-start]
2020-10-29T09:44:36.492+0000: [CMS-concurrent-reset: 0.002/0.002 secs] [Times: user=0.00 sys=0.00, real=0.00 secs] 
2020-10-29T09:44:36.586+0000: [GC (Allocation Failure) 2020-10-29T09:44:36.587+0000: [ParNew: 38936K->2527K(42752K), 0.0039679 secs] 112016K->75607K(164552K), 0.0040381 secs] [Times: user=0.00 sys=0.00, real=0.01 secs] 
2020-10-29T09:44:36.915+0000: [GC (Allocation Failure) 2020-10-29T09:44:36.915+0000: [ParNew: 40543K->3397K(42752K), 0.0059262 secs] 113623K->76708K(164552K), 0.0059951 secs] [Times: user=0.01 sys=0.00, real=0.00 secs] 
2020-10-29T09:44:37.222+0000: [GC (Allocation Failure) 2020-10-29T09:44:37.222+0000: [ParNew: 41413K->3310K(42752K), 0.0077819 secs] 114724K->77396K(164552K), 0.0078365 secs] [Times: user=0.01 sys=0.00, real=0.00 secs] 
2020-10-29T09:44:37.504+0000: [GC (Allocation Failure) 2020-10-29T09:44:37.504+0000: [ParNew: 41326K->2475K(42752K), 0.0081672 secs] 115412K->77586K(164552K), 0.0082202 secs] [Times: user=0.01 sys=0.00, real=0.01 secs] 
2020-10-29T09:44:37.728+0000: [GC (Allocation Failure) 2020-10-29T09:44:37.728+0000: [ParNew: 40491K->2140K(42752K), 0.0035846 secs] 115602K->77251K(164552K), 0.0036363 secs] [Times: user=0.01 sys=0.00, real=0.01 secs] 
2020-10-29T09:44:37.899+0000: [GC (Allocation Failure) 2020-10-29T09:44:37.899+0000: [ParNew: 40156K->2721K(42752K), 0.0059965 secs] 115267K->77832K(164552K), 0.0060497 secs] [Times: user=0.01 sys=0.00, real=0.01 secs] 
2020-10-29T09:44:38.050+0000: [GC (Allocation Failure) 2020-10-29T09:44:38.050+0000: [ParNew: 40737K->2727K(42752K), 0.0133209 secs] 115848K->78207K(164552K), 0.0133759 secs] [Times: user=0.02 sys=0.00, real=0.01 secs] 
2020-10-29T09:44:38.230+0000: [GC (Allocation Failure) 2020-10-29T09:44:38.230+0000: [ParNew: 40743K->3012K(42752K), 0.0072632 secs] 116223K->78492K(164552K), 0.0073161 secs] [Times: user=0.01 sys=0.00, real=0.00 secs] 
2020-10-29T09:44:38.413+0000: [GC (Allocation Failure) 2020-10-29T09:44:38.413+0000: [ParNew: 41028K->2936K(42752K), 0.0064655 secs] 116508K->78954K(164552K), 0.0065192 secs] [Times: user=0.01 sys=0.00, real=0.00 secs] 
2020-10-29T09:44:38.605+0000: [GC (Allocation Failure) 2020-10-29T09:44:38.605+0000: [ParNew: 40952K->2271K(42752K), 0.0036324 secs] 116970K->78288K(164552K), 0.0036842 secs] [Times: user=0.01 sys=0.00, real=0.00 secs] 
2020-10-29T09:44:38.880+0000: [GC (Allocation Failure) 2020-10-29T09:44:38.880+0000: [ParNew: 40287K->2979K(42752K), 0.0050160 secs] 116304K->79199K(164552K), 0.0050685 secs] [Times: user=0.01 sys=0.00, real=0.01 secs] 
2020-10-29T09:44:39.163+0000: [GC (Allocation Failure) 2020-10-29T09:44:39.163+0000: [ParNew: 40995K->3670K(42752K), 0.0116635 secs] 117215K->80079K(164552K), 0.0117348 secs] [Times: user=0.02 sys=0.00, real=0.01 secs] 
2020-10-29T09:44:39.495+0000: [GC (Allocation Failure) 2020-10-29T09:44:39.495+0000: [ParNew: 41686K->4735K(42752K), 0.0096952 secs] 118095K->82622K(164552K), 0.0097431 secs] [Times: user=0.02 sys=0.00, real=0.01 secs] 
2020-10-29T09:44:39.768+0000: [GC (Allocation Failure) 2020-10-29T09:44:39.768+0000: [ParNew: 42751K->4735K(42752K), 0.0218343 secs] 120638K->100860K(164552K), 0.0218915 secs] [Times: user=0.05 sys=0.00, real=0.02 secs] 
2020-10-29T09:44:39.791+0000: [GC (CMS Initial Mark) [1 CMS-initial-mark: 96124K(121800K)] 101501K(164552K), 0.0027915 secs] [Times: user=0.00 sys=0.00, real=0.00 secs] 
2020-10-29T09:44:39.794+0000: [CMS-concurrent-mark-start]
2020-10-29T09:44:39.844+0000: [CMS-concurrent-mark: 0.048/0.050 secs] [Times: user=0.09 sys=0.00, real=0.05 secs] 
2020-10-29T09:44:39.844+0000: [CMS-concurrent-preclean-start]
2020-10-29T09:44:39.845+0000: [CMS-concurrent-preclean: 0.001/0.002 secs] [Times: user=0.00 sys=0.00, real=0.00 secs] 
2020-10-29T09:44:39.845+0000: [CMS-concurrent-abortable-preclean-start]
2020-10-29T09:44:39.976+0000: [GC (Allocation Failure) 2020-10-29T09:44:39.976+0000: [ParNew: 42751K->4641K(42752K), 0.0092045 secs] 138876K->102749K(164552K), 0.0092589 secs] [Times: user=0.01 sys=0.00, real=0.01 secs] 
2020-10-29T09:44:40.108+0000: [GC (Allocation Failure) 2020-10-29T09:44:40.108+0000: [ParNew: 42657K->2455K(42752K), 0.0085564 secs] 140765K->101353K(164552K), 0.0086110 secs] [Times: user=0.02 sys=0.00, real=0.01 secs] 
2020-10-29T09:44:40.254+0000: [CMS-concurrent-abortable-preclean: 0.134/0.408 secs] [Times: user=0.62 sys=0.01, real=0.41 secs] 
2020-10-29T09:44:40.258+0000: [GC (CMS Final Remark) [YG occupancy: 38343 K (42752 K)]2020-10-29T09:44:40.258+0000: [Rescan (parallel) , 0.0057536 secs]2020-10-29T09:44:40.264+0000: [weak refs processing, 0.0000384 secs]2020-10-29T09:44:40.264+0000: [class unloading, 0.0056684 secs]2020-10-29T09:44:40.269+0000: [scrub symbol table, 0.0064237 secs]2020-10-29T09:44:40.276+0000: [scrub string table, 0.0004246 secs][1 CMS-remark: 98897K(121800K)] 137241K(164552K), 0.0184246 secs] [Times: user=0.02 sys=0.00, real=0.02 secs] 
2020-10-29T09:44:40.276+0000: [CMS-concurrent-sweep-start]
2020-10-29T09:44:40.284+0000: [CMS-concurrent-sweep: 0.007/0.007 secs] [Times: user=0.02 sys=0.00, real=0.01 secs] 
2020-10-29T09:44:40.284+0000: [CMS-concurrent-reset-start]
2020-10-29T09:44:40.284+0000: [GC (Allocation Failure) 2020-10-29T09:44:40.284+0000: [ParNew: 40471K->2773K(42752K), 0.0034546 secs] 138352K->100654K(205888K), 0.0034918 secs] [Times: user=0.01 sys=0.00, real=0.00 secs] 
2020-10-29T09:44:40.292+0000: [CMS-concurrent-reset: 0.004/0.008 secs] [Times: user=0.01 sys=0.00, real=0.01 secs] 
2020-10-29T09:44:40.543+0000: [GC (Allocation Failure) 2020-10-29T09:44:40.543+0000: [ParNew: 40789K->2609K(42752K), 0.0050162 secs] 138670K->100849K(205888K), 0.0050880 secs] [Times: user=0.01 sys=0.00, real=0.00 secs] 
2020-10-29T09:44:40.723+0000: [GC (Allocation Failure) 2020-10-29T09:44:40.723+0000: [ParNew: 40625K->4278K(42752K), 0.0043606 secs] 138865K->102518K(205888K), 0.0044318 secs] [Times: user=0.01 sys=0.00, real=0.00 secs] 
2020-10-29T09:44:40.953+0000: [GC (Allocation Failure) 2020-10-29T09:44:40.953+0000: [ParNew: 42294K->3279K(42752K), 0.0080574 secs] 140534K->102769K(205888K), 0.0081120 secs] [Times: user=0.02 sys=0.00, real=0.00 secs] 
2020-10-29T09:44:41.283+0000: [GC (Allocation Failure) 2020-10-29T09:44:41.283+0000: [ParNew: 41295K->3702K(42752K), 0.0091175 secs] 140785K->104587K(205888K), 0.0091728 secs] [Times: user=0.02 sys=0.00, real=0.01 secs] 
2020-10-29T09:44:41.492+0000: [GC (Allocation Failure) 2020-10-29T09:44:41.492+0000: [ParNew: 41718K->2865K(42752K), 0.0130969 secs] 142603K->105419K(205888K), 0.0131711 secs] [Times: user=0.02 sys=0.00, real=0.01 secs] 
2020-10-29T09:44:41.661+0000: [GC (Allocation Failure) 2020-10-29T09:44:41.662+0000: [ParNew: 40881K->1534K(42752K), 0.0031264 secs] 143435K->104088K(205888K), 0.0031879 secs] [Times: user=0.01 sys=0.01, real=0.01 secs] 
2020-10-29T09:44:41.854+0000: [GC (Allocation Failure) 2020-10-29T09:44:41.854+0000: [ParNew: 39550K->2174K(42752K), 0.0072479 secs] 142104K->104729K(205888K), 0.0073034 secs] [Times: user=0.01 sys=0.00, real=0.00 secs] 
2020-10-29T09:44:42.411+0000: [GC (Allocation Failure) 2020-10-29T09:44:42.411+0000: [ParNew: 40190K->3409K(42752K), 0.0055259 secs] 142745K->105963K(205888K), 0.0055707 secs] [Times: user=0.01 sys=0.00, real=0.00 secs] 
2020-10-29T09:44:42.907+0000: [GC (Allocation Failure) 2020-10-29T09:44:42.907+0000: [ParNew: 41425K->1920K(42752K), 0.0178887 secs] 143979K->114642K(205888K), 0.0179450 secs] [Times: user=0.03 sys=0.01, real=0.02 secs] 
2020-10-29T09:44:43.201+0000: [GC (Allocation Failure) 2020-10-29T09:44:43.202+0000: [ParNew: 39936K->731K(42752K), 0.0043853 secs] 152658K->113453K(205888K), 0.0044394 secs] [Times: user=0.01 sys=0.00, real=0.01 secs] 
2020-10-29T09:44:43.389+0000: [GC (Allocation Failure) 2020-10-29T09:44:43.389+0000: [ParNew: 38747K->804K(42752K), 0.0024783 secs] 151469K->113525K(205888K), 0.0025327 secs] [Times: user=0.01 sys=0.00, real=0.01 secs] 
2020-10-29T09:44:43.548+0000: [GC (Allocation Failure) 2020-10-29T09:44:43.548+0000: [ParNew: 38820K->1325K(42752K), 0.0019871 secs] 151541K->114047K(205888K), 0.0020545 secs] [Times: user=0.01 sys=0.00, real=0.01 secs] 
2020-10-29T09:44:43.663+0000: [GC (Allocation Failure) 2020-10-29T09:44:43.663+0000: [ParNew: 39341K->1332K(42752K), 0.0020145 secs] 152063K->114053K(205888K), 0.0020692 secs] [Times: user=0.00 sys=0.00, real=0.00 secs] 
2020-10-29T09:44:43.757+0000: [GC (Allocation Failure) 2020-10-29T09:44:43.758+0000: [ParNew: 39348K->1338K(42752K), 0.0027544 secs] 152069K->114060K(205888K), 0.0028103 secs] [Times: user=0.00 sys=0.00, real=0.00 secs] 
2020-10-29T09:44:43.834+0000: [GC (Allocation Failure) 2020-10-29T09:44:43.834+0000: [ParNew: 39354K->4308K(42752K), 0.0028157 secs] 152076K->117224K(205888K), 0.0028696 secs] [Times: user=0.00 sys=0.00, real=0.00 secs] 
2020-10-29T09:44:43.898+0000: [GC (Allocation Failure) 2020-10-29T09:44:43.898+0000: [ParNew: 42324K->57K(42752K), 0.0026894 secs] 155240K->115040K(205888K), 0.0027440 secs] [Times: user=0.00 sys=0.00, real=0.00 secs] 
2020-10-29T09:44:43.901+0000: [GC (CMS Initial Mark) [1 CMS-initial-mark: 114983K(163136K)] 115800K(205888K), 0.0011161 secs] [Times: user=0.00 sys=0.00, real=0.01 secs] 
2020-10-29T09:44:43.902+0000: [CMS-concurrent-mark-start]
2020-10-29T09:44:43.945+0000: [CMS-concurrent-mark: 0.043/0.043 secs] [Times: user=0.09 sys=0.00, real=0.04 secs] 
2020-10-29T09:44:43.945+0000: [CMS-concurrent-preclean-start]
2020-10-29T09:44:43.947+0000: [CMS-concurrent-preclean: 0.001/0.001 secs] [Times: user=0.00 sys=0.00, real=0.00 secs] 
2020-10-29T09:44:43.947+0000: [CMS-concurrent-abortable-preclean-start]
2020-10-29T09:44:43.971+0000: [GC (Allocation Failure) 2020-10-29T09:44:43.972+0000: [ParNew: 38073K->14K(42752K), 0.0014233 secs] 153056K->114998K(205888K), 0.0014743 secs] [Times: user=0.00 sys=0.00, real=0.00 secs] 
2020-10-29T09:44:44.051+0000: [GC (Allocation Failure) 2020-10-29T09:44:44.051+0000: [ParNew: 38030K->4K(42752K), 0.0014850 secs] 153014K->114987K(205888K), 0.0015388 secs] [Times: user=0.00 sys=0.00, real=0.00 secs] 
2020-10-29T09:44:44.095+0000: [GC (Allocation Failure) 2020-10-29T09:44:44.095+0000: [ParNew: 38020K->4K(42752K), 0.0014690 secs] 153003K->114987K(205888K), 0.0015399 secs] [Times: user=0.01 sys=0.00, real=0.00 secs] 
2020-10-29T09:44:44.137+0000: [GC (Allocation Failure) 2020-10-29T09:44:44.137+0000: [ParNew: 38020K->4K(42752K), 0.0015125 secs] 153003K->114987K(205888K), 0.0015661 secs] [Times: user=0.00 sys=0.00, real=0.00 secs] 
2020-10-29T09:44:44.176+0000: [GC (Allocation Failure) 2020-10-29T09:44:44.176+0000: [ParNew: 38020K->4K(42752K), 0.0071442 secs] 153003K->123179K(205888K), 0.0071992 secs] [Times: user=0.01 sys=0.01, real=0.01 secs] 
2020-10-29T09:44:44.236+0000: [GC (Allocation Failure) 2020-10-29T09:44:44.236+0000: [ParNew: 38020K->4K(42752K), 0.0014643 secs] 161195K->123179K(205888K), 0.0015189 secs] [Times: user=0.00 sys=0.00, real=0.00 secs] 
2020-10-29T09:44:44.280+0000: [GC (Allocation Failure) 2020-10-29T09:44:44.280+0000: [ParNew: 38020K->6K(42752K), 0.0015081 secs] 161195K->123181K(205888K), 0.0015623 secs] [Times: user=0.01 sys=0.00, real=0.00 secs] 
2020-10-29T09:44:44.324+0000: [GC (Allocation Failure) 2020-10-29T09:44:44.324+0000: [ParNew: 38022K->4100K(42752K), 0.0041778 secs] 161197K->131371K(205888K), 0.0042338 secs] [Times: user=0.00 sys=0.00, real=0.00 secs] 
2020-10-29T09:44:44.372+0000: [GC (Allocation Failure) 2020-10-29T09:44:44.372+0000: [ParNew: 42116K->4K(42752K), 0.0015651 secs] 169387K->127277K(205888K), 0.0016190 secs] [Times: user=0.00 sys=0.00, real=0.00 secs] 
2020-10-29T09:44:44.416+0000: [GC (Allocation Failure) 2020-10-29T09:44:44.416+0000: [ParNew: 38020K->4K(42752K), 0.0015374 secs] 165293K->127277K(205888K), 0.0015916 secs] [Times: user=0.00 sys=0.00, real=0.00 secs] 
2020-10-29T09:44:44.465+0000: [GC (Allocation Failure) 2020-10-29T09:44:44.465+0000: [ParNew: 38020K->4K(42752K), 0.0015313 secs] 165293K->127277K(205888K), 0.0015833 secs] [Times: user=0.01 sys=0.00, real=0.00 secs] 
2020-10-29T09:44:44.523+0000: [GC (Allocation Failure) 2020-10-29T09:44:44.523+0000: [ParNew: 38020K->2K(42752K), 0.0029658 secs] 165293K->127275K(205888K), 0.0030189 secs] [Times: user=0.00 sys=0.00, real=0.00 secs] 
2020-10-29T09:44:44.599+0000: [GC (Allocation Failure) 2020-10-29T09:44:44.599+0000: [ParNew: 38018K->8K(42752K), 0.0014513 secs] 165291K->127281K(205888K), 0.0015052 secs] [Times: user=0.00 sys=0.00, real=0.00 secs] 
2020-10-29T09:44:44.645+0000: [GC (Allocation Failure) 2020-10-29T09:44:44.645+0000: [ParNew: 38024K->10K(42752K), 0.0015211 secs] 165297K->127283K(205888K), 0.0015757 secs] [Times: user=0.01 sys=0.00, real=0.00 secs] 
2020-10-29T09:44:44.686+0000: [GC (Allocation Failure) 2020-10-29T09:44:44.686+0000: [ParNew: 38026K->10K(42752K), 0.0015196 secs] 165299K->127284K(205888K), 0.0015736 secs] [Times: user=0.00 sys=0.00, real=0.00 secs] 
2020-10-29T09:44:44.737+0000: [GC (Allocation Failure) 2020-10-29T09:44:44.737+0000: [ParNew: 38026K->8K(42752K), 0.0014869 secs] 165300K->127281K(205888K), 0.0015408 secs] [Times: user=0.01 sys=0.00, real=0.00 secs] 
2020-10-29T09:44:44.784+0000: [GC (Allocation Failure) 2020-10-29T09:44:44.784+0000: [ParNew: 38024K->10K(42752K), 0.0014673 secs] 165297K->127284K(205888K), 0.0015405 secs] [Times: user=0.00 sys=0.00, real=0.00 secs] 
2020-10-29T09:44:44.829+0000: [GC (Allocation Failure) 2020-10-29T09:44:44.829+0000: [ParNew: 38026K->8K(42752K), 0.0015011 secs] 165300K->127282K(205888K), 0.0015547 secs] [Times: user=0.01 sys=0.00, real=0.01 secs] 
2020-10-29T09:44:44.864+0000: [GC (Allocation Failure) 2020-10-29T09:44:44.864+0000: [ParNew: 38024K->5K(42752K), 0.0071683 secs] 165298K->135475K(205888K), 0.0072262 secs] [Times: user=0.00 sys=0.01, real=0.01 secs] 
2020-10-29T09:44:44.912+0000: [GC (Allocation Failure) 2020-10-29T09:44:44.912+0000: [ParNew: 38021K->4K(42752K), 0.0014726 secs] 173491K->135474K(205888K), 0.0015258 secs] [Times: user=0.00 sys=0.00, real=0.00 secs] 
2020-10-29T09:44:44.953+0000: [GC (Allocation Failure) 2020-10-29T09:44:44.953+0000: [ParNew: 38020K->4K(42752K), 0.0014965 secs] 173490K->135474K(205888K), 0.0015506 secs] [Times: user=0.01 sys=0.00, real=0.00 secs] 
2020-10-29T09:44:44.995+0000: [GC (Allocation Failure) 2020-10-29T09:44:44.995+0000: [ParNew: 38020K->4K(42752K), 0.0014576 secs] 173490K->135474K(205888K), 0.0015116 secs] [Times: user=0.01 sys=0.00, real=0.00 secs] 
2020-10-29T09:44:45.049+0000: [GC (Allocation Failure) 2020-10-29T09:44:45.049+0000: [ParNew: 38020K->4K(42752K), 0.0015321 secs] 173490K->135474K(205888K), 0.0015859 secs] [Times: user=0.01 sys=0.00, real=0.01 secs] 
2020-10-29T09:44:45.083+0000: [GC (Allocation Failure) 2020-10-29T09:44:45.083+0000: [ParNew: 38020K->6K(42752K), 0.0071421 secs] 173490K->143668K(205888K), 0.0071959 secs] [Times: user=0.01 sys=0.01, real=0.01 secs] 
2020-10-29T09:44:45.129+0000: [GC (Allocation Failure) 2020-10-29T09:44:45.129+0000: [ParNew: 38022K->6K(42752K), 0.0015271 secs] 181684K->143668K(205888K), 0.0015802 secs] [Times: user=0.01 sys=0.00, real=0.01 secs] 
2020-10-29T09:44:45.170+0000: [GC (Allocation Failure) 2020-10-29T09:44:45.170+0000: [ParNew: 38022K->6K(42752K), 0.0014985 secs] 181684K->143669K(205888K), 0.0015518 secs] [Times: user=0.00 sys=0.00, real=0.00 secs] 
2020-10-29T09:44:45.213+0000: [GC (Allocation Failure) 2020-10-29T09:44:45.213+0000: [ParNew: 38022K->6K(42752K), 0.0015167 secs] 181685K->143669K(205888K), 0.0015709 secs] [Times: user=0.00 sys=0.00, real=0.00 secs] 
2020-10-29T09:44:45.254+0000: [GC (Allocation Failure) 2020-10-29T09:44:45.254+0000: [ParNew: 38022K->6K(42752K), 0.0015104 secs] 181685K->143669K(205888K), 0.0015634 secs] [Times: user=0.00 sys=0.00, real=0.00 secs] 
2020-10-29T09:44:45.298+0000: [GC (Allocation Failure) 2020-10-29T09:44:45.298+0000: [ParNew: 38022K->4K(42752K), 0.0014813 secs] 181685K->143668K(205888K), 0.0015360 secs] [Times: user=0.00 sys=0.00, real=0.00 secs] 
2020-10-29T09:44:45.338+0000: [GC (Allocation Failure) 2020-10-29T09:44:45.339+0000: [ParNew: 38020K->4K(42752K), 0.0015141 secs] 181684K->143668K(205888K), 0.0015785 secs] [Times: user=0.00 sys=0.00, real=0.00 secs] 
2020-10-29T09:44:45.377+0000: [GC (Allocation Failure) 2020-10-29T09:44:45.377+0000: [ParNew: 36506K->4K(42752K), 0.0015129 secs] 180171K->143668K(205888K), 0.0015668 secs] [Times: user=0.00 sys=0.00, real=0.00 secs] 
2020-10-29T09:44:45.410+0000: [GC (Allocation Failure) 2020-10-29T09:44:45.410+0000: [ParNew: 38020K->4K(42752K), 0.0071113 secs] 181684K->151860K(205888K), 0.0071654 secs] [Times: user=0.01 sys=0.00, real=0.00 secs] 
2020-10-29T09:44:45.459+0000: [GC (Allocation Failure) 2020-10-29T09:44:45.459+0000: [ParNew: 38020K->8K(42752K), 0.0015309 secs] 189876K->151864K(205888K), 0.0015839 secs] [Times: user=0.01 sys=0.00, real=0.00 secs] 
2020-10-29T09:44:45.501+0000: [GC (Allocation Failure) 2020-10-29T09:44:45.502+0000: [ParNew: 38024K->8K(42752K), 0.0014767 secs] 189880K->151865K(205888K), 0.0015323 secs] [Times: user=0.00 sys=0.00, real=0.01 secs] 
2020-10-29T09:44:45.541+0000: [GC (Allocation Failure) 2020-10-29T09:44:45.542+0000: [ParNew: 38024K->8K(42752K), 0.0015158 secs] 189881K->151865K(205888K), 0.0015689 secs] [Times: user=0.00 sys=0.00, real=0.01 secs] 
2020-10-29T09:44:45.582+0000: [GC (Allocation Failure) 2020-10-29T09:44:45.582+0000: [ParNew: 38024K->11K(42752K), 0.0014786 secs] 189881K->151868K(205888K), 0.0015320 secs] [Times: user=0.00 sys=0.01, real=0.01 secs] 
2020-10-29T09:44:45.621+0000: [GC (Allocation Failure) 2020-10-29T09:44:45.621+0000: [ParNew: 38027K->8K(42752K), 0.0014831 secs] 189884K->151864K(205888K), 0.0015428 secs] [Times: user=0.00 sys=0.00, real=0.01 secs] 
2020-10-29T09:44:45.663+0000: [GC (Allocation Failure) 2020-10-29T09:44:45.663+0000: [ParNew: 38024K->10K(42752K), 0.0015110 secs] 189880K->151867K(205888K), 0.0015700 secs] [Times: user=0.00 sys=0.00, real=0.00 secs] 
2020-10-29T09:44:45.707+0000: [GC (Allocation Failure) 2020-10-29T09:44:45.707+0000: [ParNew: 38026K->4K(42752K), 0.0014644 secs] 189883K->151865K(205888K), 0.0015349 secs] [Times: user=0.01 sys=0.00, real=0.00 secs] 
2020-10-29T09:44:45.747+0000: [GC (Allocation Failure) 2020-10-29T09:44:45.747+0000: [ParNew: 38020K->4K(42752K), 0.0014553 secs] 189881K->151865K(205888K), 0.0015088 secs] [Times: user=0.01 sys=0.00, real=0.00 secs] 
2020-10-29T09:44:45.787+0000: [GC (Allocation Failure) 2020-10-29T09:44:45.787+0000: [ParNew: 38020K->4K(42752K), 0.0015236 secs] 189881K->151865K(205888K), 0.0015775 secs] [Times: user=0.01 sys=0.00, real=0.00 secs] 
2020-10-29T09:44:45.827+0000: [GC (Allocation Failure) 2020-10-29T09:44:45.827+0000: [ParNew: 38020K->4K(42752K), 0.0014659 secs] 189881K->151865K(205888K), 0.0015183 secs] [Times: user=0.01 sys=0.00, real=0.00 secs] 
2020-10-29T09:44:45.860+0000: [GC (Allocation Failure) 2020-10-29T09:44:45.860+0000: [ParNew: 38020K->4K(42752K), 0.0071472 secs] 189881K->160057K(205888K), 0.0072019 secs] [Times: user=0.01 sys=0.01, real=0.01 secs] 
2020-10-29T09:44:45.908+0000: [GC (Allocation Failure) 2020-10-29T09:44:45.908+0000: [ParNew: 38020K->4K(42752K), 0.0014164 secs] 198073K->160057K(205888K), 0.0014687 secs] [Times: user=0.01 sys=0.00, real=0.00 secs] 
2020-10-29T09:44:45.909+0000: [CMS-concurrent-abortable-preclean: 0.035/1.962 secs] [Times: user=2.35 sys=0.12, real=1.96 secs] 
2020-10-29T09:44:45.912+0000: [GC (CMS Final Remark) [YG occupancy: 761 K (42752 K)]2020-10-29T09:44:45.912+0000: [Rescan (parallel) , 0.0011003 secs]2020-10-29T09:44:45.913+0000: [weak refs processing, 0.0000791 secs]2020-10-29T09:44:45.913+0000: [class unloading, 0.0074692 secs]2020-10-29T09:44:45.921+0000: [scrub symbol table, 0.0087064 secs]2020-10-29T09:44:45.929+0000: [scrub string table, 0.0005545 secs][1 CMS-remark: 160053K(163136K)] 160815K(205888K), 0.0180342 secs] [Times: user=0.02 sys=0.00, real=0.02 secs] 
2020-10-29T09:44:45.930+0000: [CMS-concurrent-sweep-start]
2020-10-29T09:44:45.942+0000: [CMS-concurrent-sweep: 0.011/0.012 secs] [Times: user=0.02 sys=0.00, real=0.01 secs] 
2020-10-29T09:44:45.942+0000: [CMS-concurrent-reset-start]
2020-10-29T09:44:45.944+0000: [CMS-concurrent-reset: 0.002/0.002 secs] [Times: user=0.01 sys=0.00, real=0.00 secs] 
2020-10-29T09:44:45.976+0000: [GC (Allocation Failure) 2020-10-29T09:44:45.976+0000: [ParNew: 38020K->4K(42752K), 0.0017598 secs] 197439K->159423K(308452K), 0.0018130 secs] [Times: user=0.00 sys=0.00, real=0.00 secs] 
2020-10-29T09:44:46.019+0000: [GC (Allocation Failure) 2020-10-29T09:44:46.019+0000: [ParNew: 38020K->4K(42752K), 0.0016213 secs] 197439K->159423K(308452K), 0.0016740 secs] [Times: user=0.01 sys=0.00, real=0.00 secs] 
2020-10-29T09:44:46.059+0000: [GC (Allocation Failure) 2020-10-29T09:44:46.059+0000: [ParNew: 38020K->4K(42752K), 0.0016484 secs] 197439K->159423K(308452K), 0.0017017 secs] [Times: user=0.01 sys=0.00, real=0.00 secs] 
2020-10-29T09:44:46.100+0000: [GC (Allocation Failure) 2020-10-29T09:44:46.100+0000: [ParNew: 38020K->4K(42752K), 0.0017337 secs] 197439K->159423K(308452K), 0.0017964 secs] [Times: user=0.00 sys=0.00, real=0.00 secs] 
2020-10-29T09:44:46.140+0000: [GC (Allocation Failure) 2020-10-29T09:44:46.140+0000: [ParNew: 38020K->4K(42752K), 0.0016724 secs] 197439K->159423K(308452K), 0.0017248 secs] [Times: user=0.00 sys=0.00, real=0.00 secs] 
2020-10-29T09:44:46.181+0000: [GC (Allocation Failure) 2020-10-29T09:44:46.181+0000: [ParNew: 38020K->4K(42752K), 0.0017061 secs] 197439K->159423K(308452K), 0.0017611 secs] [Times: user=0.01 sys=0.00, real=0.01 secs] 
2020-10-29T09:44:46.221+0000: [GC (Allocation Failure) 2020-10-29T09:44:46.221+0000: [ParNew: 38020K->4K(42752K), 0.0017032 secs] 197439K->159423K(308452K), 0.0017573 secs] [Times: user=0.01 sys=0.00, real=0.01 secs] 
2020-10-29T09:44:46.253+0000: [GC (Allocation Failure) 2020-10-29T09:44:46.253+0000: [ParNew: 30408K->4K(42752K), 0.0016529 secs] 189827K->159423K(308452K), 0.0017052 secs] [Times: user=0.00 sys=0.00, real=0.00 secs] 
2020-10-29T09:44:46.280+0000: [GC (Allocation Failure) 2020-10-29T09:44:46.280+0000: [ParNew: 38020K->4K(42752K), 0.0131971 secs] 197439K->175807K(308452K), 0.0132659 secs] [Times: user=0.02 sys=0.01, real=0.02 secs] 
2020-10-29T09:44:46.298+0000: [GC (CMS Initial Mark) [1 CMS-initial-mark: 175803K(265700K)] 180342K(308452K), 0.0034305 secs] [Times: user=0.00 sys=0.00, real=0.00 secs] 
2020-10-29T09:44:46.301+0000: [CMS-concurrent-mark-start]
2020-10-29T09:44:46.345+0000: [CMS-concurrent-mark: 0.043/0.043 secs] [Times: user=0.09 sys=0.00, real=0.05 secs] 
2020-10-29T09:44:46.345+0000: [CMS-concurrent-preclean-start]
2020-10-29T09:44:46.346+0000: [CMS-concurrent-preclean: 0.002/0.002 secs] [Times: user=0.00 sys=0.00, real=0.00 secs] 
2020-10-29T09:44:46.346+0000: [CMS-concurrent-abortable-preclean-start]
2020-10-29T09:44:46.353+0000: [GC (Allocation Failure) 2020-10-29T09:44:46.353+0000: [ParNew: 38020K->4K(42752K), 0.0013111 secs] 213823K->175807K(308452K), 0.0013504 secs] [Times: user=0.00 sys=0.00, real=0.00 secs] 
2020-10-29T09:44:46.396+0000: [GC (Allocation Failure) 2020-10-29T09:44:46.396+0000: [ParNew: 38020K->4K(42752K), 0.0016750 secs] 213823K->175807K(308452K), 0.0017294 secs] [Times: user=0.00 sys=0.00, real=0.00 secs] 
2020-10-29T09:44:46.439+0000: [GC (Allocation Failure) 2020-10-29T09:44:46.439+0000: [ParNew: 38020K->4K(42752K), 0.0016158 secs] 213823K->175807K(308452K), 0.0016658 secs] [Times: user=0.00 sys=0.00, real=0.00 secs] 
2020-10-29T09:44:46.480+0000: [GC (Allocation Failure) 2020-10-29T09:44:46.480+0000: [ParNew: 38020K->4K(42752K), 0.0017155 secs] 213823K->175807K(308452K), 0.0017696 secs] [Times: user=0.00 sys=0.00, real=0.00 secs] 
2020-10-29T09:44:46.519+0000: [GC (Allocation Failure) 2020-10-29T09:44:46.519+0000: [ParNew: 38020K->4K(42752K), 0.0016495 secs] 213823K->175807K(308452K), 0.0017042 secs] [Times: user=0.00 sys=0.00, real=0.00 secs] 
2020-10-29T09:44:47.220+0000: [GC (Allocation Failure) 2020-10-29T09:44:47.220+0000: [ParNew: 38020K->225K(42752K), 0.0019495 secs] 213823K->176028K(308452K), 0.0020339 secs] [Times: user=0.00 sys=0.00, real=0.01 secs] 
2020-10-29T09:44:47.222+0000: [CMS-concurrent-abortable-preclean: 0.016/0.876 secs] [Times: user=1.46 sys=0.00, real=0.88 secs] 
2020-10-29T09:44:47.222+0000: [GC (CMS Final Remark) [YG occupancy: 225 K (42752 K)]2020-10-29T09:44:47.222+0000: [Rescan (parallel) , 0.0011061 secs]2020-10-29T09:44:47.224+0000: [weak refs processing, 0.0000448 secs]2020-10-29T09:44:47.224+0000: [class unloading, 0.0096229 secs]2020-10-29T09:44:47.233+0000: [scrub symbol table, 0.0086928 secs]2020-10-29T09:44:47.242+0000: [scrub string table, 0.0005487 secs][1 CMS-remark: 175803K(265700K)] 176028K(308452K), 0.0201485 secs] [Times: user=0.03 sys=0.00, real=0.02 secs] 
2020-10-29T09:44:47.246+0000: [CMS-concurrent-sweep-start]
2020-10-29T09:44:47.257+0000: [CMS-concurrent-sweep: 0.012/0.012 secs] [Times: user=0.02 sys=0.00, real=0.01 secs] 
2020-10-29T09:44:47.257+0000: [CMS-concurrent-reset-start]
2020-10-29T09:44:47.259+0000: [CMS-concurrent-reset: 0.002/0.002 secs] [Times: user=0.00 sys=0.00, real=0.00 secs] 
2020-10-29T09:44:47.396+0000: [GC (Allocation Failure) 2020-10-29T09:44:47.396+0000: [ParNew: 38241K->52K(42752K), 0.0022995 secs] 207839K->169651K(325420K), 0.0023571 secs] [Times: user=0.01 sys=0.00, real=0.00 secs] 
2020-10-29T09:44:47.516+0000: [GC (Allocation Failure) 2020-10-29T09:44:47.516+0000: [ParNew: 38068K->56K(42752K), 0.0018730 secs] 207667K->169655K(325420K), 0.0019470 secs] [Times: user=0.01 sys=0.00, real=0.00 secs] 
2020-10-29T09:44:47.598+0000: [GC (Allocation Failure) 2020-10-29T09:44:47.598+0000: [ParNew: 38072K->55K(42752K), 0.0018511 secs] 207671K->169653K(325420K), 0.0019274 secs] [Times: user=0.00 sys=0.00, real=0.00 secs] 
2020-10-29T09:44:47.668+0000: [GC (Allocation Failure) 2020-10-29T09:44:47.669+0000: [ParNew: 38071K->54K(42752K), 0.0019098 secs] 207669K->169653K(325420K), 0.0019665 secs] [Times: user=0.00 sys=0.00, real=0.01 secs] 
2020-10-29T09:44:47.716+0000: [GC (Allocation Failure) 2020-10-29T09:44:47.716+0000: [ParNew: 38070K->54K(42752K), 0.0018711 secs] 207669K->169653K(325420K), 0.0019269 secs] [Times: user=0.00 sys=0.00, real=0.00 secs] 
2020-10-29T09:44:47.763+0000: [GC (Allocation Failure) 2020-10-29T09:44:47.763+0000: [ParNew: 38070K->34K(42752K), 0.0019672 secs] 207669K->169671K(325420K), 0.0020239 secs] [Times: user=0.00 sys=0.00, real=0.00 secs] 
2020-10-29T09:44:48.750+0000: [GC (Allocation Failure) 2020-10-29T09:44:48.750+0000: [ParNew: 38050K->329K(42752K), 0.0036114 secs] 207687K->169965K(325420K), 0.0036582 secs] [Times: user=0.01 sys=0.00, real=0.00 secs] 
2020-10-29T09:44:49.122+0000: [GC (Allocation Failure) 2020-10-29T09:44:49.122+0000: [ParNew: 38345K->1277K(42752K), 0.0036302 secs] 207981K->170914K(325420K), 0.0036949 secs] [Times: user=0.00 sys=0.00, real=0.00 secs] 
2020-10-29T09:44:49.466+0000: [GC (Allocation Failure) 2020-10-29T09:44:49.466+0000: [ParNew: 39293K->2635K(42752K), 0.0065955 secs] 208930K->172272K(325420K), 0.0066644 secs] [Times: user=0.02 sys=0.00, real=0.01 secs] 
2020-10-29T09:44:49.552+0000: [GC (Allocation Failure) 2020-10-29T09:44:49.552+0000: [ParNew: 40651K->3266K(42752K), 0.0041387 secs] 210288K->173073K(325420K), 0.0041947 secs] [Times: user=0.01 sys=0.00, real=0.00 secs] 
2020-10-29T09:44:49.645+0000: [GC (Allocation Failure) 2020-10-29T09:44:49.645+0000: [ParNew: 41282K->3186K(42752K), 0.0037300 secs] 211089K->172992K(325420K), 0.0037859 secs] [Times: user=0.00 sys=0.00, real=0.00 secs] 
2020-10-29T09:44:49.722+0000: [GC (Allocation Failure) 2020-10-29T09:44:49.722+0000: [ParNew: 41202K->3223K(42752K), 0.0097512 secs] 211008K->173607K(325420K), 0.0098186 secs] [Times: user=0.01 sys=0.00, real=0.01 secs] 
2020-10-29T09:44:49.798+0000: [GC (Allocation Failure) 2020-10-29T09:44:49.798+0000: [ParNew: 41239K->2603K(42752K), 0.0031341 secs] 211623K->172987K(325420K), 0.0032239 secs] [Times: user=0.00 sys=0.00, real=0.00 secs] 
2020-10-29T09:44:49.862+0000: [GC (Allocation Failure) 2020-10-29T09:44:49.862+0000: [ParNew: 40619K->2771K(42752K), 0.0029428 secs] 211003K->173155K(325420K), 0.0030165 secs] [Times: user=0.01 sys=0.00, real=0.00 secs] 
2020-10-29T09:44:49.911+0000: [GC (Allocation Failure) 2020-10-29T09:44:49.911+0000: [ParNew: 40787K->3544K(42752K), 0.0040595 secs] 211171K->175126K(325420K), 0.0041257 secs] [Times: user=0.01 sys=0.00, real=0.00 secs] 
2020-10-29T09:44:49.967+0000: [GC (Allocation Failure) 2020-10-29T09:44:49.967+0000: [ParNew: 41560K->2422K(42752K), 0.0019466 secs] 213142K->174004K(325420K), 0.0020018 secs] [Times: user=0.01 sys=0.00, real=0.00 secs] 
2020-10-29T09:44:50.014+0000: [GC (Allocation Failure) 2020-10-29T09:44:50.014+0000: [ParNew: 40438K->2142K(42752K), 0.0020321 secs] 212020K->173724K(325420K), 0.0020881 secs] [Times: user=0.01 sys=0.00, real=0.00 secs] 
2020-10-29T09:44:50.074+0000: [GC (Allocation Failure) 2020-10-29T09:44:50.074+0000: [ParNew: 40158K->2071K(42752K), 0.0022253 secs] 211740K->173654K(325420K), 0.0023060 secs] [Times: user=0.01 sys=0.00, real=0.00 secs] 
2020-10-29T09:44:50.132+0000: [GC (Allocation Failure) 2020-10-29T09:44:50.132+0000: [ParNew: 40087K->2054K(42752K), 0.0019952 secs] 211670K->173636K(325420K), 0.0020711 secs] [Times: user=0.00 sys=0.00, real=0.00 secs] 
2020-10-29T09:44:50.196+0000: [GC (Allocation Failure) 2020-10-29T09:44:50.196+0000: [ParNew: 40070K->3076K(42752K), 0.0021816 secs] 211652K->174658K(325420K), 0.0022537 secs] [Times: user=0.01 sys=0.00, real=0.00 secs] 
2020-10-29T09:44:50.245+0000: [GC (Allocation Failure) 2020-10-29T09:44:50.245+0000: [ParNew: 41092K->2052K(42752K), 0.0022312 secs] 212674K->174658K(325420K), 0.0022881 secs] [Times: user=0.01 sys=0.00, real=0.00 secs] 
2020-10-29T09:44:50.286+0000: [GC (Allocation Failure) 2020-10-29T09:44:50.286+0000: [ParNew: 40068K->4100K(42752K), 0.0023327 secs] 212674K->176706K(325420K), 0.0023950 secs] [Times: user=0.01 sys=0.00, real=0.00 secs] 
2020-10-29T09:44:50.327+0000: [GC (Allocation Failure) 2020-10-29T09:44:50.327+0000: [ParNew: 42116K->2052K(42752K), 0.0024623 secs] 214722K->176706K(325420K), 0.0025184 secs] [Times: user=0.00 sys=0.00, real=0.00 secs] 
2020-10-29T09:44:50.376+0000: [GC (Allocation Failure) 2020-10-29T09:44:50.376+0000: [ParNew: 40068K->4102K(42752K), 0.0022062 secs] 214722K->178756K(325420K), 0.0022616 secs] [Times: user=0.01 sys=0.00, real=0.00 secs] 
2020-10-29T09:44:50.425+0000: [GC (Allocation Failure) 2020-10-29T09:44:50.425+0000: [ParNew: 42118K->4K(42752K), 0.0028894 secs] 216772K->176707K(325420K), 0.0029347 secs] [Times: user=0.00 sys=0.00, real=0.00 secs] 
2020-10-29T09:44:50.478+0000: [GC (Allocation Failure) 2020-10-29T09:44:50.478+0000: [ParNew: 38020K->4K(42752K), 0.0017377 secs] 214723K->176707K(325420K), 0.0018109 secs] [Times: user=0.00 sys=0.01, real=0.00 secs] 
2020-10-29T09:44:50.529+0000: [GC (Allocation Failure) 2020-10-29T09:44:50.529+0000: [ParNew: 38020K->4K(42752K), 0.0017480 secs] 214723K->176707K(325420K), 0.0018193 secs] [Times: user=0.01 sys=0.00, real=0.01 secs] 
2020-10-29T09:44:50.578+0000: [GC (Allocation Failure) 2020-10-29T09:44:50.578+0000: [ParNew: 38020K->4K(42752K), 0.0017256 secs] 214723K->176707K(325420K), 0.0017812 secs] [Times: user=0.01 sys=0.00, real=0.00 secs] 
2020-10-29T09:44:50.626+0000: [GC (Allocation Failure) 2020-10-29T09:44:50.626+0000: [ParNew: 38020K->4K(42752K), 0.0017523 secs] 214723K->176707K(325420K), 0.0018077 secs] [Times: user=0.00 sys=0.00, real=0.00 secs] 
2020-10-29T09:44:50.661+0000: [GC (Allocation Failure) 2020-10-29T09:44:50.661+0000: [ParNew: 34241K->4K(42752K), 0.0017238 secs] 210945K->176707K(325420K), 0.0017785 secs] [Times: user=0.00 sys=0.00, real=0.01 secs] 
2020-10-29T09:44:50.698+0000: [GC (Allocation Failure) 2020-10-29T09:44:50.698+0000: [ParNew: 38020K->4100K(42752K), 0.0044479 secs] 214723K->184899K(325420K), 0.0045048 secs] [Times: user=0.01 sys=0.00, real=0.01 secs] 
2020-10-29T09:44:50.739+0000: [GC (Allocation Failure) 2020-10-29T09:44:50.739+0000: [ParNew: 42116K->4K(42752K), 0.0041695 secs] 222915K->184900K(325420K), 0.0042259 secs] [Times: user=0.00 sys=0.00, real=0.01 secs] 
2020-10-29T09:44:50.743+0000: [GC (CMS Initial Mark) [1 CMS-initial-mark: 184896K(282668K)] 185280K(325420K), 0.0013840 secs] [Times: user=0.01 sys=0.00, real=0.00 secs] 
2020-10-29T09:44:50.745+0000: [CMS-concurrent-mark-start]
2020-10-29T09:44:50.791+0000: [CMS-concurrent-mark: 0.046/0.046 secs] [Times: user=0.08 sys=0.00, real=0.05 secs] 
2020-10-29T09:44:50.791+0000: [CMS-concurrent-preclean-start]
2020-10-29T09:44:50.793+0000: [CMS-concurrent-preclean: 0.002/0.002 secs] [Times: user=0.00 sys=0.00, real=0.00 secs] 
2020-10-29T09:44:50.793+0000: [CMS-concurrent-abortable-preclean-start]
2020-10-29T09:44:50.806+0000: [GC (Allocation Failure) 2020-10-29T09:44:50.806+0000: [ParNew: 38020K->20K(42752K), 0.0016400 secs] 222916K->184916K(325420K), 0.0016898 secs] [Times: user=0.00 sys=0.00, real=0.00 secs] 
2020-10-29T09:44:50.845+0000: [GC (Allocation Failure) 2020-10-29T09:44:50.845+0000: [ParNew: 38036K->4K(42752K), 0.0017028 secs] 222932K->184900K(325420K), 0.0017566 secs] [Times: user=0.01 sys=0.00, real=0.00 secs] 
2020-10-29T09:44:50.892+0000: [GC (Allocation Failure) 2020-10-29T09:44:50.892+0000: [ParNew: 38020K->8K(42752K), 0.0017691 secs] 222916K->184904K(325420K), 0.0018434 secs] [Times: user=0.00 sys=0.00, real=0.00 secs] 
2020-10-29T09:44:50.944+0000: [GC (Allocation Failure) 2020-10-29T09:44:50.944+0000: [ParNew: 38024K->8K(42752K), 0.0017523 secs] 222920K->184905K(325420K), 0.0018073 secs] [Times: user=0.00 sys=0.00, real=0.00 secs] 
2020-10-29T09:44:50.993+0000: [GC (Allocation Failure) 2020-10-29T09:44:50.993+0000: [ParNew: 38024K->8K(42752K), 0.0017625 secs] 222921K->184904K(325420K), 0.0018179 secs] [Times: user=0.00 sys=0.00, real=0.00 secs] 
2020-10-29T09:44:51.046+0000: [GC (Allocation Failure) 2020-10-29T09:44:51.046+0000: [ParNew: 38024K->8K(42752K), 0.0017673 secs] 222920K->184904K(325420K), 0.0018426 secs] [Times: user=0.00 sys=0.00, real=0.00 secs] 
2020-10-29T09:44:51.098+0000: [GC (Allocation Failure) 2020-10-29T09:44:51.098+0000: [ParNew: 38024K->8K(42752K), 0.0016946 secs] 222920K->184904K(325420K), 0.0017498 secs] [Times: user=0.00 sys=0.00, real=0.00 secs] 
2020-10-29T09:44:51.154+0000: [GC (Allocation Failure) 2020-10-29T09:44:51.154+0000: [ParNew: 38024K->8K(42752K), 0.0035532 secs] 222920K->184904K(325420K), 0.0036269 secs] [Times: user=0.01 sys=0.00, real=0.00 secs] 
2020-10-29T09:44:51.231+0000: [GC (Allocation Failure) 2020-10-29T09:44:51.231+0000: [ParNew: 38024K->5K(42752K), 0.0017392 secs] 222920K->184906K(325420K), 0.0018118 secs] [Times: user=0.00 sys=0.00, real=0.00 secs] 
2020-10-29T09:44:51.278+0000: [GC (Allocation Failure) 2020-10-29T09:44:51.278+0000: [ParNew: 38021K->4K(42752K), 0.0017266 secs] 222922K->184904K(325420K), 0.0017979 secs] [Times: user=0.01 sys=0.00, real=0.00 secs] 
2020-10-29T09:44:51.326+0000: [GC (Allocation Failure) 2020-10-29T09:44:51.326+0000: [ParNew: 38020K->4K(42752K), 0.0016903 secs] 222920K->184904K(325420K), 0.0017466 secs] [Times: user=0.01 sys=0.00, real=0.00 secs] 
2020-10-29T09:44:51.361+0000: [GC (Allocation Failure) 2020-10-29T09:44:51.361+0000: [ParNew: 38020K->4K(42752K), 0.0017437 secs] 222920K->184904K(325420K), 0.0017982 secs] [Times: user=0.00 sys=0.00, real=0.01 secs] 
2020-10-29T09:44:51.396+0000: [GC (Allocation Failure) 2020-10-29T09:44:51.396+0000: [ParNew: 38020K->4K(42752K), 0.0017774 secs] 222920K->184904K(325420K), 0.0018319 secs] [Times: user=0.00 sys=0.00, real=0.00 secs] 
2020-10-29T09:44:51.434+0000: [GC (Allocation Failure) 2020-10-29T09:44:51.434+0000: [ParNew: 38020K->4K(42752K), 0.0017043 secs] 222920K->184904K(325420K), 0.0017589 secs] [Times: user=0.00 sys=0.00, real=0.00 secs] 
2020-10-29T09:44:51.474+0000: [GC (Allocation Failure) 2020-10-29T09:44:51.474+0000: [ParNew: 38020K->6K(42752K), 0.0089977 secs] 222920K->193098K(325420K), 0.0090652 secs] [Times: user=0.02 sys=0.00, real=0.01 secs] 
2020-10-29T09:44:51.522+0000: [GC (Allocation Failure) 2020-10-29T09:44:51.522+0000: [ParNew: 38022K->6K(42752K), 0.0017026 secs] 231114K->193098K(325420K), 0.0017577 secs] [Times: user=0.00 sys=0.00, real=0.00 secs] 
2020-10-29T09:44:51.562+0000: [GC (Allocation Failure) 2020-10-29T09:44:51.562+0000: [ParNew: 38022K->6K(42752K), 0.0016855 secs] 231114K->193098K(325420K), 0.0017407 secs] [Times: user=0.01 sys=0.00, real=0.00 secs] 
2020-10-29T09:44:51.597+0000: [GC (Allocation Failure) 2020-10-29T09:44:51.597+0000: [ParNew: 38022K->6K(42752K), 0.0018018 secs] 231114K->193098K(325420K), 0.0018664 secs] [Times: user=0.00 sys=0.00, real=0.00 secs] 
2020-10-29T09:44:51.629+0000: [GC (Allocation Failure) 2020-10-29T09:44:51.629+0000: [ParNew: 33797K->6K(42752K), 0.0017309 secs] 226890K->193098K(325420K), 0.0017895 secs] [Times: user=0.00 sys=0.00, real=0.01 secs] 
2020-10-29T09:44:51.662+0000: [GC (Allocation Failure) 2020-10-29T09:44:51.662+0000: [ParNew: 38022K->6K(42752K), 0.0073370 secs] 231114K->201290K(325420K), 0.0073922 secs] [Times: user=0.01 sys=0.00, real=0.00 secs] 
2020-10-29T09:44:51.706+0000: [GC (Allocation Failure) 2020-10-29T09:44:51.706+0000: [ParNew: 38022K->4K(42752K), 0.0017175 secs] 239306K->201290K(325420K), 0.0017719 secs] [Times: user=0.00 sys=0.00, real=0.00 secs] 
2020-10-29T09:44:51.741+0000: [GC (Allocation Failure) 2020-10-29T09:44:51.741+0000: [ParNew: 38020K->4K(42752K), 0.0017064 secs] 239306K->201290K(325420K), 0.0017624 secs] [Times: user=0.00 sys=0.00, real=0.01 secs] 
2020-10-29T09:44:51.776+0000: [GC (Allocation Failure) 2020-10-29T09:44:51.776+0000: [ParNew: 38020K->4K(42752K), 0.0016803 secs] 239306K->201290K(325420K), 0.0017345 secs] [Times: user=0.00 sys=0.00, real=0.00 secs] 
2020-10-29T09:44:51.810+0000: [GC (Allocation Failure) 2020-10-29T09:44:51.810+0000: [ParNew: 38020K->4K(42752K), 0.0070747 secs] 239306K->209482K(325420K), 0.0071313 secs] [Times: user=0.02 sys=0.00, real=0.00 secs] 
2020-10-29T09:44:51.854+0000: [GC (Allocation Failure) 2020-10-29T09:44:51.854+0000: [ParNew: 38020K->4K(42752K), 0.0016802 secs] 247498K->209482K(325420K), 0.0017329 secs] [Times: user=0.01 sys=0.00, real=0.00 secs] 
2020-10-29T09:44:51.889+0000: [GC (Allocation Failure) 2020-10-29T09:44:51.889+0000: [ParNew: 38020K->4K(42752K), 0.0017235 secs] 247498K->209482K(325420K), 0.0017796 secs] [Times: user=0.01 sys=0.00, real=0.01 secs] 
2020-10-29T09:44:51.934+0000: [GC (Allocation Failure) 2020-10-29T09:44:51.934+0000: [ParNew: 38020K->4K(42752K), 0.0017319 secs] 247498K->209482K(325420K), 0.0017864 secs] [Times: user=0.01 sys=0.00, real=0.00 secs] 
2020-10-29T09:44:51.970+0000: [GC (Allocation Failure) 2020-10-29T09:44:51.970+0000: [ParNew: 38020K->4K(42752K), 0.0016906 secs] 247498K->209482K(325420K), 0.0017454 secs] [Times: user=0.01 sys=0.00, real=0.00 secs] 
2020-10-29T09:44:52.010+0000: [GC (Allocation Failure) 2020-10-29T09:44:52.010+0000: [ParNew: 38020K->4K(42752K), 0.0016972 secs] 247498K->209482K(325420K), 0.0017533 secs] [Times: user=0.00 sys=0.00, real=0.00 secs] 
2020-10-29T09:44:52.040+0000: [GC (Allocation Failure) 2020-10-29T09:44:52.040+0000: [ParNew: 30339K->4K(42752K), 0.0016691 secs] 239818K->209482K(325420K), 0.0017233 secs] [Times: user=0.00 sys=0.00, real=0.00 secs] 
2020-10-29T09:44:52.068+0000: [GC (Allocation Failure) 2020-10-29T09:44:52.068+0000: [ParNew: 38020K->4K(42752K), 0.0073298 secs] 247498K->217674K(325420K), 0.0073852 secs] [Times: user=0.02 sys=0.00, real=0.01 secs] 
2020-10-29T09:44:52.114+0000: [GC (Allocation Failure) 2020-10-29T09:44:52.114+0000: [ParNew: 38020K->4K(42752K), 0.0018730 secs] 255690K->217674K(325420K), 0.0019359 secs] [Times: user=0.00 sys=0.00, real=0.00 secs] 
2020-10-29T09:44:52.153+0000: [GC (Allocation Failure) 2020-10-29T09:44:52.153+0000: [ParNew: 38020K->4K(42752K), 0.0019218 secs] 255690K->217675K(325420K), 0.0019754 secs] [Times: user=0.00 sys=0.00, real=0.00 secs] 
2020-10-29T09:44:52.192+0000: [GC (Allocation Failure) 2020-10-29T09:44:52.192+0000: [ParNew: 38020K->4K(42752K), 0.0018197 secs] 255691K->217675K(325420K), 0.0018736 secs] [Times: user=0.00 sys=0.00, real=0.00 secs] 
2020-10-29T09:44:52.233+0000: [GC (Allocation Failure) 2020-10-29T09:44:52.233+0000: [ParNew: 38020K->4K(42752K), 0.0016959 secs] 255691K->217675K(325420K), 0.0017454 secs] [Times: user=0.00 sys=0.00, real=0.00 secs] 
2020-10-29T09:44:52.268+0000: [GC (Allocation Failure) 2020-10-29T09:44:52.268+0000: [ParNew: 38020K->4K(42752K), 0.0017437 secs] 255691K->217675K(325420K), 0.0018077 secs] [Times: user=0.00 sys=0.00, real=0.01 secs] 
2020-10-29T09:44:52.306+0000: [GC (Allocation Failure) 2020-10-29T09:44:52.306+0000: [ParNew: 38020K->4K(42752K), 0.0017073 secs] 255691K->217675K(325420K), 0.0017613 secs] [Times: user=0.00 sys=0.00, real=0.00 secs] 
2020-10-29T09:44:52.341+0000: [GC (Allocation Failure) 2020-10-29T09:44:52.341+0000: [ParNew: 38020K->4K(42752K), 0.0017733 secs] 255691K->217675K(325420K), 0.0018270 secs] [Times: user=0.00 sys=0.00, real=0.01 secs] 
2020-10-29T09:44:52.378+0000: [GC (Allocation Failure) 2020-10-29T09:44:52.378+0000: [ParNew: 38020K->4K(42752K), 0.0017427 secs] 255691K->217675K(325420K), 0.0017942 secs] [Times: user=0.01 sys=0.00, real=0.00 secs] 
2020-10-29T09:44:52.414+0000: [GC (Allocation Failure) 2020-10-29T09:44:52.414+0000: [ParNew: 38020K->4K(42752K), 0.0016868 secs] 255691K->217675K(325420K), 0.0017437 secs] [Times: user=0.00 sys=0.00, real=0.00 secs] 
2020-10-29T09:44:52.449+0000: [GC (Allocation Failure) 2020-10-29T09:44:52.449+0000: [ParNew: 38020K->4K(42752K), 0.0017155 secs] 255691K->217675K(325420K), 0.0017749 secs] [Times: user=0.00 sys=0.00, real=0.01 secs] 
2020-10-29T09:44:52.484+0000: [GC (Allocation Failure) 2020-10-29T09:44:52.484+0000: [ParNew: 38020K->4K(42752K), 0.0017300 secs] 255691K->217675K(325420K), 0.0017853 secs] [Times: user=0.01 sys=0.00, real=0.00 secs] 
2020-10-29T09:44:52.520+0000: [GC (Allocation Failure) 2020-10-29T09:44:52.520+0000: [ParNew: 38020K->4K(42752K), 0.0016910 secs] 255691K->217675K(325420K), 0.0017405 secs] [Times: user=0.00 sys=0.00, real=0.00 secs] 
2020-10-29T09:44:52.555+0000: [GC (Allocation Failure) 2020-10-29T09:44:52.555+0000: [ParNew: 38020K->4K(42752K), 0.0017213 secs] 255691K->217675K(325420K), 0.0017844 secs] [Times: user=0.00 sys=0.00, real=0.00 secs] 
2020-10-29T09:44:52.590+0000: [GC (Allocation Failure) 2020-10-29T09:44:52.590+0000: [ParNew: 38020K->4K(42752K), 0.0017164 secs] 255691K->217675K(325420K), 0.0017677 secs] [Times: user=0.01 sys=0.00, real=0.00 secs] 
2020-10-29T09:44:52.625+0000: [GC (Allocation Failure) 2020-10-29T09:44:52.625+0000: [ParNew: 38020K->4K(42752K), 0.0017557 secs] 255691K->217675K(325420K), 0.0018160 secs] [Times: user=0.01 sys=0.00, real=0.00 secs] 
2020-10-29T09:44:52.660+0000: [GC (Allocation Failure) 2020-10-29T09:44:52.660+0000: [ParNew: 38020K->4K(42752K), 0.0017732 secs] 255691K->217675K(325420K), 0.0018242 secs] [Times: user=0.01 sys=0.00, real=0.01 secs] 
2020-10-29T09:44:52.692+0000: [GC (Allocation Failure) 2020-10-29T09:44:52.692+0000: [ParNew: 38020K->4K(42752K), 0.0072309 secs] 255691K->225867K(325420K), 0.0072853 secs] [Times: user=0.00 sys=0.01, real=0.00 secs] 
2020-10-29T09:44:52.728+0000: [GC (Allocation Failure) 2020-10-29T09:44:52.728+0000: [ParNew: 38020K->4K(42752K), 0.0073069 secs] 263883K->234059K(325420K), 0.0073612 secs] [Times: user=0.01 sys=0.00, real=0.01 secs] 
2020-10-29T09:44:52.769+0000: [GC (Allocation Failure) 2020-10-29T09:44:52.769+0000: [ParNew: 38020K->4K(42752K), 0.0019073 secs] 272075K->234059K(325420K), 0.0019620 secs] [Times: user=0.01 sys=0.00, real=0.01 secs] 
2020-10-29T09:44:52.810+0000: [GC (Allocation Failure) 2020-10-29T09:44:52.810+0000: [ParNew: 38020K->4K(42752K), 0.0017992 secs] 272075K->234059K(325420K), 0.0018538 secs] [Times: user=0.00 sys=0.00, real=0.00 secs] 
2020-10-29T09:44:52.846+0000: [GC (Allocation Failure) 2020-10-29T09:44:52.846+0000: [ParNew: 38020K->4K(42752K), 0.0017044 secs] 272075K->234059K(325420K), 0.0017589 secs] [Times: user=0.00 sys=0.00, real=0.00 secs] 
2020-10-29T09:44:52.881+0000: [GC (Allocation Failure) 2020-10-29T09:44:52.881+0000: [ParNew: 38020K->4K(42752K), 0.0017576 secs] 272075K->234059K(325420K), 0.0018103 secs] [Times: user=0.01 sys=0.00, real=0.01 secs] 
2020-10-29T09:44:52.918+0000: [GC (Allocation Failure) 2020-10-29T09:44:52.918+0000: [ParNew: 38020K->4K(42752K), 0.0017707 secs] 272075K->234059K(325420K), 0.0018236 secs] [Times: user=0.00 sys=0.00, real=0.00 secs] 
2020-10-29T09:44:52.954+0000: [GC (Allocation Failure) 2020-10-29T09:44:52.954+0000: [ParNew: 38020K->4K(42752K), 0.0016768 secs] 272075K->234059K(325420K), 0.0017371 secs] [Times: user=0.00 sys=0.00, real=0.00 secs] 
2020-10-29T09:44:52.989+0000: [GC (Allocation Failure) 2020-10-29T09:44:52.989+0000: [ParNew: 38020K->4K(42752K), 0.0017141 secs] 272075K->234059K(325420K), 0.0017676 secs] [Times: user=0.00 sys=0.00, real=0.01 secs] 
2020-10-29T09:44:53.025+0000: [GC (Allocation Failure) 2020-10-29T09:44:53.025+0000: [ParNew: 38020K->4K(42752K), 0.0016804 secs] 272075K->234059K(325420K), 0.0017371 secs] [Times: user=0.01 sys=0.00, real=0.00 secs] 
2020-10-29T09:44:53.059+0000: [GC (Allocation Failure) 2020-10-29T09:44:53.059+0000: [ParNew: 38020K->4K(42752K), 0.0016796 secs] 272075K->234059K(325420K), 0.0017348 secs] [Times: user=0.00 sys=0.00, real=0.00 secs] 
2020-10-29T09:44:53.094+0000: [GC (Allocation Failure) 2020-10-29T09:44:53.094+0000: [ParNew: 38020K->4K(42752K), 0.0018291 secs] 272075K->234059K(325420K), 0.0018868 secs] [Times: user=0.00 sys=0.00, real=0.00 secs] 
2020-10-29T09:44:53.129+0000: [GC (Allocation Failure) 2020-10-29T09:44:53.129+0000: [ParNew: 38020K->4K(42752K), 0.0016835 secs] 272075K->234059K(325420K), 0.0017389 secs] [Times: user=0.01 sys=0.00, real=0.01 secs] 
2020-10-29T09:44:53.164+0000: [GC (Allocation Failure) 2020-10-29T09:44:53.164+0000: [ParNew: 38020K->4K(42752K), 0.0017635 secs] 272075K->234059K(325420K), 0.0018190 secs] [Times: user=0.01 sys=0.00, real=0.00 secs] 
2020-10-29T09:44:53.198+0000: [GC (Allocation Failure) 2020-10-29T09:44:53.198+0000: [ParNew: 38020K->4K(42752K), 0.0016714 secs] 272075K->234059K(325420K), 0.0017270 secs] [Times: user=0.00 sys=0.00, real=0.00 secs] 
2020-10-29T09:44:53.232+0000: [GC (Allocation Failure) 2020-10-29T09:44:53.232+0000: [ParNew: 38020K->4K(42752K), 0.0016862 secs] 272075K->234059K(325420K), 0.0017409 secs] [Times: user=0.00 sys=0.00, real=0.00 secs] 
2020-10-29T09:44:53.270+0000: [GC (Allocation Failure) 2020-10-29T09:44:53.270+0000: [ParNew: 38020K->4K(42752K), 0.0016864 secs] 272075K->234059K(325420K), 0.0017408 secs] [Times: user=0.00 sys=0.00, real=0.00 secs] 
2020-10-29T09:44:53.304+0000: [GC (Allocation Failure) 2020-10-29T09:44:53.304+0000: [ParNew: 38020K->4K(42752K), 0.0016979 secs] 272075K->234059K(325420K), 0.0017839 secs] [Times: user=0.00 sys=0.00, real=0.00 secs] 
2020-10-29T09:44:53.342+0000: [GC (Allocation Failure) 2020-10-29T09:44:53.342+0000: [ParNew: 38020K->4K(42752K), 0.0016977 secs] 272075K->234059K(325420K), 0.0017521 secs] [Times: user=0.00 sys=0.00, real=0.00 secs] 
2020-10-29T09:44:53.380+0000: [GC (Allocation Failure) 2020-10-29T09:44:53.380+0000: [ParNew: 38020K->4K(42752K), 0.0016995 secs] 272075K->234059K(325420K), 0.0017534 secs] [Times: user=0.00 sys=0.00, real=0.01 secs] 
2020-10-29T09:44:53.414+0000: [GC (Allocation Failure) 2020-10-29T09:44:53.415+0000: [ParNew: 38020K->4K(42752K), 0.0017674 secs] 272075K->234059K(325420K), 0.0018224 secs] [Times: user=0.00 sys=0.00, real=0.00 secs] 
2020-10-29T09:44:53.451+0000: [GC (Allocation Failure) 2020-10-29T09:44:53.451+0000: [ParNew: 38020K->4K(42752K), 0.0016686 secs] 272075K->234059K(325420K), 0.0017248 secs] [Times: user=0.00 sys=0.01, real=0.00 secs] 
2020-10-29T09:44:53.490+0000: [GC (Allocation Failure) 2020-10-29T09:44:53.490+0000: [ParNew: 38020K->4K(42752K), 0.0016884 secs] 272075K->234059K(325420K), 0.0017456 secs] [Times: user=0.00 sys=0.00, real=0.00 secs] 
2020-10-29T09:44:53.526+0000: [GC (Allocation Failure) 2020-10-29T09:44:53.526+0000: [ParNew: 38020K->4K(42752K), 0.0016832 secs] 272075K->234059K(325420K), 0.0017415 secs] [Times: user=0.01 sys=0.00, real=0.00 secs] 
2020-10-29T09:44:53.560+0000: [GC (Allocation Failure) 2020-10-29T09:44:53.560+0000: [ParNew: 38020K->4K(42752K), 0.0017780 secs] 272075K->234059K(325420K), 0.0018320 secs] [Times: user=0.01 sys=0.00, real=0.01 secs] 
2020-10-29T09:44:53.598+0000: [GC (Allocation Failure) 2020-10-29T09:44:53.598+0000: [ParNew: 38020K->4K(42752K), 0.0016767 secs] 272075K->234059K(325420K), 0.0017312 secs] [Times: user=0.00 sys=0.00, real=0.00 secs] 
2020-10-29T09:44:53.631+0000: [GC (Allocation Failure) 2020-10-29T09:44:53.631+0000: [ParNew: 36408K->4K(42752K), 0.0016948 secs] 270463K->234059K(325420K), 0.0017500 secs] [Times: user=0.00 sys=0.00, real=0.00 secs] 
2020-10-29T09:44:53.656+0000: [GC (Allocation Failure) 2020-10-29T09:44:53.656+0000: [ParNew: 38020K->4K(42752K), 0.0129652 secs] 272075K->250443K(325420K), 0.0130239 secs] [Times: user=0.02 sys=0.00, real=0.01 secs] 
2020-10-29T09:44:53.706+0000: [GC (Allocation Failure) 2020-10-29T09:44:53.706+0000: [ParNew: 38020K->4K(42752K), 0.0016925 secs] 288459K->250443K(325420K), 0.0017406 secs] [Times: user=0.01 sys=0.00, real=0.00 secs] 
2020-10-29T09:44:53.740+0000: [GC (Allocation Failure) 2020-10-29T09:44:53.740+0000: [ParNew: 38020K->4K(42752K), 0.0017937 secs] 288459K->250443K(325420K), 0.0018489 secs] [Times: user=0.00 sys=0.00, real=0.01 secs] 
2020-10-29T09:44:53.774+0000: [GC (Allocation Failure) 2020-10-29T09:44:53.774+0000: [ParNew: 38020K->4K(42752K), 0.0016880 secs] 288459K->250443K(325420K), 0.0017434 secs] [Times: user=0.00 sys=0.00, real=0.00 secs] 
2020-10-29T09:44:53.810+0000: [GC (Allocation Failure) 2020-10-29T09:44:53.810+0000: [ParNew: 38020K->4K(42752K), 0.0017752 secs] 288459K->250443K(325420K), 0.0018296 secs] [Times: user=0.01 sys=0.00, real=0.00 secs] 
2020-10-29T09:44:53.846+0000: [GC (Allocation Failure) 2020-10-29T09:44:53.846+0000: [ParNew: 38020K->4K(42752K), 0.0016785 secs] 288459K->250444K(325420K), 0.0017328 secs] [Times: user=0.01 sys=0.00, real=0.00 secs] 
2020-10-29T09:44:53.881+0000: [GC (Allocation Failure) 2020-10-29T09:44:53.881+0000: [ParNew: 38020K->4K(42752K), 0.0016880 secs] 288460K->250444K(325420K), 0.0017433 secs] [Times: user=0.00 sys=0.00, real=0.01 secs] 
2020-10-29T09:44:53.918+0000: [GC (Allocation Failure) 2020-10-29T09:44:53.918+0000: [ParNew: 38020K->4K(42752K), 0.0016629 secs] 288460K->250444K(325420K), 0.0017164 secs] [Times: user=0.00 sys=0.00, real=0.00 secs] 
2020-10-29T09:44:53.954+0000: [GC (Allocation Failure) 2020-10-29T09:44:53.954+0000: [ParNew: 38020K->4K(42752K), 0.0016667 secs] 288460K->250444K(325420K), 0.0017200 secs] [Times: user=0.01 sys=0.00, real=0.00 secs] 
2020-10-29T09:44:53.990+0000: [GC (Allocation Failure) 2020-10-29T09:44:53.990+0000: [ParNew: 38020K->4K(42752K), 0.0016929 secs] 288460K->250444K(325420K), 0.0017475 secs] [Times: user=0.01 sys=0.00, real=0.00 secs] 
2020-10-29T09:44:54.026+0000: [GC (Allocation Failure) 2020-10-29T09:44:54.026+0000: [ParNew: 38020K->4K(42752K), 0.0016748 secs] 288460K->250444K(325420K), 0.0017297 secs] [Times: user=0.01 sys=0.00, real=0.00 secs] 
2020-10-29T09:44:54.060+0000: [GC (Allocation Failure) 2020-10-29T09:44:54.060+0000: [ParNew: 38020K->4K(42752K), 0.0017441 secs] 288460K->250444K(325420K), 0.0017993 secs] [Times: user=0.00 sys=0.00, real=0.01 secs] 
2020-10-29T09:44:54.094+0000: [GC (Allocation Failure) 2020-10-29T09:44:54.094+0000: [ParNew: 38020K->4K(42752K), 0.0016875 secs] 288460K->250444K(325420K), 0.0017422 secs] [Times: user=0.01 sys=0.00, real=0.00 secs] 
2020-10-29T09:44:54.128+0000: [GC (Allocation Failure) 2020-10-29T09:44:54.128+0000: [ParNew: 38020K->4K(42752K), 0.0016873 secs] 288460K->250444K(325420K), 0.0017424 secs] [Times: user=0.01 sys=0.00, real=0.01 secs] 
2020-10-29T09:44:54.162+0000: [GC (Allocation Failure) 2020-10-29T09:44:54.163+0000: [ParNew: 38020K->4K(42752K), 0.0016740 secs] 288460K->250444K(325420K), 0.0017273 secs] [Times: user=0.00 sys=0.00, real=0.00 secs] 
2020-10-29T09:44:54.197+0000: [GC (Allocation Failure) 2020-10-29T09:44:54.197+0000: [ParNew: 38020K->4K(42752K), 0.0016780 secs] 288460K->250444K(325420K), 0.0017318 secs] [Times: user=0.00 sys=0.00, real=0.00 secs] 
2020-10-29T09:44:54.235+0000: [GC (Allocation Failure) 2020-10-29T09:44:54.235+0000: [ParNew: 38020K->4K(42752K), 0.0016692 secs] 288460K->250444K(325420K), 0.0017231 secs] [Times: user=0.01 sys=0.00, real=0.00 secs] 
2020-10-29T09:44:54.272+0000: [GC (Allocation Failure) 2020-10-29T09:44:54.272+0000: [ParNew: 38020K->4K(42752K), 0.0017477 secs] 288460K->250444K(325420K), 0.0018039 secs] [Times: user=0.00 sys=0.00, real=0.00 secs] 
2020-10-29T09:44:54.310+0000: [GC (Allocation Failure) 2020-10-29T09:44:54.310+0000: [ParNew: 38020K->4K(42752K), 0.0016552 secs] 288460K->250444K(325420K), 0.0017219 secs] [Times: user=0.00 sys=0.00, real=0.00 secs] 
2020-10-29T09:44:54.346+0000: [GC (Allocation Failure) 2020-10-29T09:44:54.346+0000: [ParNew: 38020K->4K(42752K), 0.0016697 secs] 288460K->250444K(325420K), 0.0017243 secs] [Times: user=0.01 sys=0.00, real=0.00 secs] 
2020-10-29T09:44:54.380+0000: [GC (Allocation Failure) 2020-10-29T09:44:54.380+0000: [ParNew: 38020K->4K(42752K), 0.0016812 secs] 288460K->250444K(325420K), 0.0017379 secs] [Times: user=0.00 sys=0.00, real=0.00 secs] 
2020-10-29T09:44:54.415+0000: [GC (Allocation Failure) 2020-10-29T09:44:54.415+0000: [ParNew: 38020K->4K(42752K), 0.0016672 secs] 288460K->250444K(325420K), 0.0017220 secs] [Times: user=0.01 sys=0.00, real=0.00 secs] 
2020-10-29T09:44:54.450+0000: [GC (Allocation Failure) 2020-10-29T09:44:54.450+0000: [ParNew: 38020K->4K(42752K), 0.0016686 secs] 288460K->250444K(325420K), 0.0017229 secs] [Times: user=0.00 sys=0.00, real=0.00 secs] 
2020-10-29T09:44:54.484+0000: [GC (Allocation Failure) 2020-10-29T09:44:54.484+0000: [ParNew: 38020K->4K(42752K), 0.0016792 secs] 288460K->250444K(325420K), 0.0017349 secs] [Times: user=0.00 sys=0.00, real=0.00 secs] 
2020-10-29T09:44:54.518+0000: [GC (Allocation Failure) 2020-10-29T09:44:54.518+0000: [ParNew: 38020K->4K(42752K), 0.0017279 secs] 288460K->250444K(325420K), 0.0017806 secs] [Times: user=0.00 sys=0.00, real=0.00 secs] 
2020-10-29T09:44:54.556+0000: [GC (Allocation Failure) 2020-10-29T09:44:54.556+0000: [ParNew: 38020K->4K(42752K), 0.0017187 secs] 288460K->250444K(325420K), 0.0017726 secs] [Times: user=0.01 sys=0.00, real=0.00 secs] 
2020-10-29T09:44:54.594+0000: [GC (Allocation Failure) 2020-10-29T09:44:54.594+0000: [ParNew: 38020K->4K(42752K), 0.0017091 secs] 288460K->250444K(325420K), 0.0017637 secs] [Times: user=0.00 sys=0.00, real=0.00 secs] 
2020-10-29T09:44:54.622+0000: [GC (Allocation Failure) 2020-10-29T09:44:54.622+0000: [ParNew: 38020K->4K(42752K), 0.0071658 secs] 288460K->258636K(325420K), 0.0072203 secs] [Times: user=0.01 sys=0.00, real=0.00 secs] 
2020-10-29T09:44:54.661+0000: [GC (Allocation Failure) 2020-10-29T09:44:54.661+0000: [ParNew: 38020K->4K(42752K), 0.0016715 secs] 296652K->258636K(325420K), 0.0017261 secs] [Times: user=0.01 sys=0.00, real=0.01 secs] 
2020-10-29T09:44:54.695+0000: [GC (Allocation Failure) 2020-10-29T09:44:54.696+0000: [ParNew: 38020K->4K(42752K), 0.0017222 secs] 296652K->258636K(325420K), 0.0017855 secs] [Times: user=0.00 sys=0.00, real=0.00 secs] 
2020-10-29T09:44:54.730+0000: [GC (Allocation Failure) 2020-10-29T09:44:54.730+0000: [ParNew: 38020K->4K(42752K), 0.0016788 secs] 296652K->258636K(325420K), 0.0017249 secs] [Times: user=0.00 sys=0.00, real=0.00 secs] 
2020-10-29T09:44:54.766+0000: [GC (Allocation Failure) 2020-10-29T09:44:54.766+0000: [ParNew: 38020K->4K(42752K), 0.0017708 secs] 296652K->258636K(325420K), 0.0018270 secs] [Times: user=0.00 sys=0.00, real=0.00 secs] 
2020-10-29T09:44:54.800+0000: [GC (Allocation Failure) 2020-10-29T09:44:54.800+0000: [ParNew: 38020K->4K(42752K), 0.0017594 secs] 296652K->258636K(325420K), 0.0018224 secs] [Times: user=0.01 sys=0.00, real=0.01 secs] 
2020-10-29T09:44:54.835+0000: [GC (Allocation Failure) 2020-10-29T09:44:54.835+0000: [ParNew: 38020K->4K(42752K), 0.0017412 secs] 296652K->258636K(325420K), 0.0017970 secs] [Times: user=0.00 sys=0.00, real=0.00 secs] 
2020-10-29T09:44:54.874+0000: [GC (Allocation Failure) 2020-10-29T09:44:54.874+0000: [ParNew: 38020K->4K(42752K), 0.0017162 secs] 296652K->258636K(325420K), 0.0017705 secs] [Times: user=0.01 sys=0.00, real=0.00 secs] 
2020-10-29T09:44:54.910+0000: [GC (Allocation Failure) 2020-10-29T09:44:54.910+0000: [ParNew: 38020K->4K(42752K), 0.0016654 secs] 296652K->258636K(325420K), 0.0017206 secs] [Times: user=0.00 sys=0.00, real=0.00 secs] 
2020-10-29T09:44:54.944+0000: [GC (Allocation Failure) 2020-10-29T09:44:54.944+0000: [ParNew: 38020K->4K(42752K), 0.0017464 secs] 296652K->258636K(325420K), 0.0018094 secs] [Times: user=0.01 sys=0.00, real=0.00 secs] 
2020-10-29T09:44:54.979+0000: [GC (Allocation Failure) 2020-10-29T09:44:54.979+0000: [ParNew: 38020K->4K(42752K), 0.0016650 secs] 296652K->258636K(325420K), 0.0017273 secs] [Times: user=0.00 sys=0.00, real=0.00 secs] 
2020-10-29T09:44:55.018+0000: [GC (Allocation Failure) 2020-10-29T09:44:55.018+0000: [ParNew: 38020K->4K(42752K), 0.0016766 secs] 296652K->258636K(325420K), 0.0017321 secs] [Times: user=0.01 sys=0.00, real=0.00 secs] 
2020-10-29T09:44:55.052+0000: [GC (Allocation Failure) 2020-10-29T09:44:55.052+0000: [ParNew: 38020K->4K(42752K), 0.0017689 secs] 296652K->258636K(325420K), 0.0018255 secs] [Times: user=0.00 sys=0.00, real=0.00 secs] 
2020-10-29T09:44:55.086+0000: [GC (Allocation Failure) 2020-10-29T09:44:55.086+0000: [ParNew: 38020K->4K(42752K), 0.0017218 secs] 296652K->258636K(325420K), 0.0017784 secs] [Times: user=0.00 sys=0.00, real=0.00 secs] 
2020-10-29T09:44:55.120+0000: [GC (Allocation Failure) 2020-10-29T09:44:55.120+0000: [ParNew: 38020K->4K(42752K), 0.0016851 secs] 296652K->258636K(325420K), 0.0017395 secs] [Times: user=0.01 sys=0.00, real=0.01 secs] 
2020-10-29T09:44:55.154+0000: [GC (Allocation Failure) 2020-10-29T09:44:55.154+0000: [ParNew: 38020K->4K(42752K), 0.0016775 secs] 296652K->258636K(325420K), 0.0017321 secs] [Times: user=0.01 sys=0.00, real=0.00 secs] 
2020-10-29T09:44:55.189+0000: [GC (Allocation Failure) 2020-10-29T09:44:55.189+0000: [ParNew: 38020K->4K(42752K), 0.0016851 secs] 296652K->258636K(325420K), 0.0017381 secs] [Times: user=0.00 sys=0.00, real=0.01 secs] 
2020-10-29T09:44:55.223+0000: [GC (Allocation Failure) 2020-10-29T09:44:55.223+0000: [ParNew: 38020K->4K(42752K), 0.0017028 secs] 296652K->258636K(325420K), 0.0017584 secs] [Times: user=0.00 sys=0.00, real=0.00 secs] 
2020-10-29T09:44:55.254+0000: [GC (Allocation Failure) 2020-10-29T09:44:55.254+0000: [ParNew: 30608K->4K(42752K), 0.0016592 secs] 289240K->258636K(325420K), 0.0017131 secs] [Times: user=0.00 sys=0.00, real=0.00 secs] 
2020-10-29T09:44:55.285+0000: [GC (Allocation Failure) 2020-10-29T09:44:55.285+0000: [ParNew: 38020K->4K(42752K), 0.0073814 secs] 296652K->266828K(325420K), 0.0074379 secs] [Times: user=0.01 sys=0.00, real=0.01 secs] 
2020-10-29T09:44:55.326+0000: [GC (Allocation Failure) 2020-10-29T09:44:55.326+0000: [ParNew: 38020K->4K(42752K), 0.0016751 secs] 304844K->266828K(325420K), 0.0017302 secs] [Times: user=0.00 sys=0.00, real=0.00 secs] 
2020-10-29T09:44:55.362+0000: [GC (Allocation Failure) 2020-10-29T09:44:55.362+0000: [ParNew: 38020K->4K(42752K), 0.0016833 secs] 304844K->266828K(325420K), 0.0017389 secs] [Times: user=0.00 sys=0.00, real=0.00 secs] 
2020-10-29T09:44:55.396+0000: [GC (Allocation Failure) 2020-10-29T09:44:55.396+0000: [ParNew: 38020K->4K(42752K), 0.0017342 secs] 304844K->266828K(325420K), 0.0017894 secs] [Times: user=0.00 sys=0.00, real=0.00 secs] 
2020-10-29T09:44:55.431+0000: [GC (Allocation Failure) 2020-10-29T09:44:55.431+0000: [ParNew: 38020K->4K(42752K), 0.0016691 secs] 304844K->266828K(325420K), 0.0017243 secs] [Times: user=0.01 sys=0.00, real=0.00 secs] 
2020-10-29T09:44:55.461+0000: [GC (Allocation Failure) 2020-10-29T09:44:55.461+0000: [ParNew: 33383K->4K(42752K), 0.0017270 secs] 300207K->266828K(325420K), 0.0017811 secs] [Times: user=0.01 sys=0.00, real=0.01 secs] 
2020-10-29T09:44:55.494+0000: [GC (Allocation Failure) 2020-10-29T09:44:55.494+0000: [ParNew: 38020K->4K(42752K), 0.0073532 secs] 304844K->275020K(325420K), 0.0074110 secs] [Times: user=0.01 sys=0.01, real=0.01 secs] 
2020-10-29T09:44:55.538+0000: [GC (Allocation Failure) 2020-10-29T09:44:55.538+0000: [ParNew: 38020K->4K(42752K), 0.0016864 secs] 313036K->275020K(325420K), 0.0017402 secs] [Times: user=0.00 sys=0.00, real=0.00 secs] 
2020-10-29T09:44:55.574+0000: [GC (Allocation Failure) 2020-10-29T09:44:55.574+0000: [ParNew: 38020K->4K(42752K), 0.0016779 secs] 313036K->275020K(325420K), 0.0017328 secs] [Times: user=0.00 sys=0.00, real=0.00 secs] 
2020-10-29T09:44:55.610+0000: [GC (Allocation Failure) 2020-10-29T09:44:55.610+0000: [ParNew: 38020K->4K(42752K), 0.0017234 secs] 313036K->275020K(325420K), 0.0017778 secs] [Times: user=0.00 sys=0.00, real=0.00 secs] 
2020-10-29T09:44:55.644+0000: [GC (Allocation Failure) 2020-10-29T09:44:55.644+0000: [ParNew: 38020K->4K(42752K), 0.0016696 secs] 313036K->275020K(325420K), 0.0017235 secs] [Times: user=0.00 sys=0.00, real=0.00 secs] 
2020-10-29T09:44:55.678+0000: [GC (Allocation Failure) 2020-10-29T09:44:55.678+0000: [ParNew: 38020K->4K(42752K), 0.0017264 secs] 313036K->275020K(325420K), 0.0017812 secs] [Times: user=0.00 sys=0.00, real=0.00 secs] 
2020-10-29T09:44:55.714+0000: [GC (Allocation Failure) 2020-10-29T09:44:55.714+0000: [ParNew: 38020K->4K(42752K), 0.0016787 secs] 313036K->275020K(325420K), 0.0017330 secs] [Times: user=0.01 sys=0.00, real=0.00 secs] 
2020-10-29T09:44:55.748+0000: [GC (Allocation Failure) 2020-10-29T09:44:55.748+0000: [ParNew: 38020K->4K(42752K), 0.0017303 secs] 313036K->275020K(325420K), 0.0017845 secs] [Times: user=0.00 sys=0.00, real=0.01 secs] 
2020-10-29T09:44:55.782+0000: [GC (Allocation Failure) 2020-10-29T09:44:55.782+0000: [ParNew: 38020K->4K(42752K), 0.0017070 secs] 313036K->275020K(325420K), 0.0017615 secs] [Times: user=0.00 sys=0.00, real=0.00 secs] 
2020-10-29T09:44:55.817+0000: [GC (Allocation Failure) 2020-10-29T09:44:55.817+0000: [ParNew: 38020K->4K(42752K), 0.0016887 secs] 313036K->275020K(325420K), 0.0017434 secs] [Times: user=0.01 sys=0.00, real=0.00 secs] 
 CMS: abort preclean due to time 2020-10-29T09:44:55.820+0000: [CMS-concurrent-abortable-preclean: 0.124/5.027 secs] [Times: user=9.36 sys=0.33, real=5.02 secs] 
2020-10-29T09:44:55.822+0000: [GC (CMS Final Remark) [YG occupancy: 1138 K (42752 K)]2020-10-29T09:44:55.822+0000: [Rescan (parallel) , 0.0014210 secs]2020-10-29T09:44:55.823+0000: [weak refs processing, 0.0000509 secs]2020-10-29T09:44:55.823+0000: [class unloading, 0.0077266 secs]2020-10-29T09:44:55.831+0000: [scrub symbol table, 0.0087693 secs]2020-10-29T09:44:55.840+0000: [scrub string table, 0.0005539 secs][1 CMS-remark: 275016K(282668K)] 276155K(325420K), 0.0186263 secs] [Times: user=0.02 sys=0.00, real=0.01 secs] 
2020-10-29T09:44:55.840+0000: [CMS-concurrent-sweep-start]
2020-10-29T09:44:55.858+0000: [CMS-concurrent-sweep: 0.017/0.017 secs] [Times: user=0.04 sys=0.00, real=0.02 secs] 
2020-10-29T09:44:55.858+0000: [CMS-concurrent-reset-start]
2020-10-29T09:44:55.860+0000: [CMS-concurrent-reset: 0.002/0.002 secs] [Times: user=0.00 sys=0.00, real=0.00 secs] 
2020-10-29T09:44:55.882+0000: [GC (Allocation Failure) 2020-10-29T09:44:55.882+0000: [ParNew: 38020K->10K(42752K), 0.0021605 secs] 307428K->269419K(491768K), 0.0022132 secs] [Times: user=0.01 sys=0.00, real=0.00 secs] 
2020-10-29T09:44:55.941+0000: [GC (Allocation Failure) 2020-10-29T09:44:55.941+0000: [ParNew: 38026K->149K(42752K), 0.0024577 secs] 307435K->269558K(491768K), 0.0025508 secs] [Times: user=0.00 sys=0.00, real=0.01 secs] 
2020-10-29T09:44:55.979+0000: [GC (Allocation Failure) 2020-10-29T09:44:55.979+0000: [ParNew: 38165K->62K(42752K), 0.0021957 secs] 307574K->269471K(491768K), 0.0022519 secs] [Times: user=0.01 sys=0.00, real=0.00 secs] 
2020-10-29T09:44:56.020+0000: [GC (Allocation Failure) 2020-10-29T09:44:56.020+0000: [ParNew: 38078K->82K(42752K), 0.0023033 secs] 307487K->269491K(491768K), 0.0023668 secs] [Times: user=0.01 sys=0.00, real=0.01 secs] 
2020-10-29T09:44:56.058+0000: [GC (Allocation Failure) 2020-10-29T09:44:56.058+0000: [ParNew: 38098K->87K(42752K), 0.0021810 secs] 307507K->269495K(491768K), 0.0022358 secs] [Times: user=0.00 sys=0.00, real=0.00 secs] 
2020-10-29T09:44:56.094+0000: [GC (Allocation Failure) 2020-10-29T09:44:56.094+0000: [ParNew: 38103K->88K(42752K), 0.0021778 secs] 307511K->269497K(491768K), 0.0022318 secs] [Times: user=0.00 sys=0.00, real=0.00 secs] 
2020-10-29T09:44:56.130+0000: [GC (Allocation Failure) 2020-10-29T09:44:56.130+0000: [ParNew: 38104K->88K(42752K), 0.0021838 secs] 307513K->269498K(491768K), 0.0022379 secs] [Times: user=0.00 sys=0.00, real=0.00 secs] 
2020-10-29T09:44:56.164+0000: [GC (Allocation Failure) 2020-10-29T09:44:56.164+0000: [ParNew: 38104K->58K(42752K), 0.0023482 secs] 307514K->269520K(491768K), 0.0024038 secs] [Times: user=0.00 sys=0.00, real=0.00 secs] 
2020-10-29T09:44:56.201+0000: [GC (Allocation Failure) 2020-10-29T09:44:56.202+0000: [ParNew: 38074K->15K(42752K), 0.0021104 secs] 307536K->269483K(491768K), 0.0021648 secs] [Times: user=0.00 sys=0.01, real=0.01 secs] 
2020-10-29T09:44:56.238+0000: [GC (Allocation Failure) 2020-10-29T09:44:56.238+0000: [ParNew: 38031K->4K(42752K), 0.0020268 secs] 307499K->269471K(491768K), 0.0020815 secs] [Times: user=0.00 sys=0.00, real=0.00 secs] 
2020-10-29T09:44:56.272+0000: [GC (Allocation Failure) 2020-10-29T09:44:56.272+0000: [ParNew: 38020K->4K(42752K), 0.0021112 secs] 307487K->269471K(491768K), 0.0021649 secs] [Times: user=0.01 sys=0.00, real=0.00 secs] 
2020-10-29T09:44:56.306+0000: [GC (Allocation Failure) 2020-10-29T09:44:56.306+0000: [ParNew: 38020K->4K(42752K), 0.0020349 secs] 307487K->269471K(491768K), 0.0020886 secs] [Times: user=0.01 sys=0.00, real=0.00 secs] 
2020-10-29T09:44:56.342+0000: [GC (Allocation Failure) 2020-10-29T09:44:56.342+0000: [ParNew: 38020K->4K(42752K), 0.0020527 secs] 307487K->269471K(491768K), 0.0021079 secs] [Times: user=0.00 sys=0.00, real=0.00 secs] 
2020-10-29T09:44:56.374+0000: [GC (Allocation Failure) 2020-10-29T09:44:56.374+0000: [ParNew: 38020K->4K(42752K), 0.0077388 secs] 307487K->277663K(491768K), 0.0077946 secs] [Times: user=0.01 sys=0.01, real=0.00 secs] 
2020-10-29T09:44:56.386+0000: [GC (CMS Initial Mark) [1 CMS-initial-mark: 277659K(449016K)] 282244K(491768K), 0.0036891 secs] [Times: user=0.01 sys=0.00, real=0.00 secs] 
2020-10-29T09:44:56.389+0000: [CMS-concurrent-mark-start]
2020-10-29T09:44:56.428+0000: [GC (Allocation Failure) 2020-10-29T09:44:56.428+0000: [ParNew: 38020K->4K(42752K), 0.0020145 secs] 315679K->277663K(491768K), 0.0020689 secs] [Times: user=0.00 sys=0.00, real=0.01 secs] 
2020-10-29T09:44:56.474+0000: [CMS-concurrent-mark: 0.075/0.084 secs] [Times: user=0.17 sys=0.00, real=0.09 secs] 
2020-10-29T09:44:56.474+0000: [GC (Allocation Failure) 2020-10-29T09:44:56.474+0000: [ParNew: 38020K->4K(42752K), 0.0019836 secs] 315679K->277663K(491768K), 0.0020231 secs] [Times: user=0.00 sys=0.00, real=0.00 secs] 
2020-10-29T09:44:56.490+0000: [CMS-concurrent-preclean-start]
2020-10-29T09:44:56.492+0000: [CMS-concurrent-preclean: 0.002/0.002 secs] [Times: user=0.00 sys=0.00, real=0.00 secs] 
2020-10-29T09:44:56.492+0000: [CMS-concurrent-abortable-preclean-start]
2020-10-29T09:44:56.509+0000: [GC (Allocation Failure) 2020-10-29T09:44:56.509+0000: [ParNew: 38020K->4K(42752K), 0.0020338 secs] 315679K->277663K(491768K), 0.0020869 secs] [Times: user=0.00 sys=0.00, real=0.01 secs] 
2020-10-29T09:44:56.544+0000: [GC (Allocation Failure) 2020-10-29T09:44:56.544+0000: [ParNew: 38020K->4K(42752K), 0.0020612 secs] 315679K->277663K(491768K), 0.0021159 secs] [Times: user=0.01 sys=0.00, real=0.00 secs] 
2020-10-29T09:44:56.582+0000: [GC (Allocation Failure) 2020-10-29T09:44:56.582+0000: [ParNew: 38020K->4K(42752K), 0.0020286 secs] 315679K->277663K(491768K), 0.0020827 secs] [Times: user=0.01 sys=0.00, real=0.00 secs] 
2020-10-29T09:44:56.618+0000: [GC (Allocation Failure) 2020-10-29T09:44:56.618+0000: [ParNew: 34810K->4K(42752K), 0.0020389 secs] 312470K->277663K(491768K), 0.0020932 secs] [Times: user=0.00 sys=0.00, real=0.00 secs] 
2020-10-29T09:44:56.646+0000: [GC (Allocation Failure) 2020-10-29T09:44:56.646+0000: [ParNew: 38020K->4K(42752K), 0.0077168 secs] 315679K->285855K(491768K), 0.0077718 secs] [Times: user=0.01 sys=0.01, real=0.01 secs] 
2020-10-29T09:44:56.690+0000: [GC (Allocation Failure) 2020-10-29T09:44:56.690+0000: [ParNew: 38020K->4K(42752K), 0.0020040 secs] 323871K->285855K(491768K), 0.0020589 secs] [Times: user=0.01 sys=0.00, real=0.00 secs] 
2020-10-29T09:44:56.725+0000: [GC (Allocation Failure) 2020-10-29T09:44:56.725+0000: [ParNew: 38020K->4K(42752K), 0.0020223 secs] 323871K->285855K(491768K), 0.0020766 secs] [Times: user=0.01 sys=0.00, real=0.00 secs] 
2020-10-29T09:44:56.762+0000: [GC (Allocation Failure) 2020-10-29T09:44:56.762+0000: [ParNew: 38020K->4K(42752K), 0.0020089 secs] 323871K->285855K(491768K), 0.0020632 secs] [Times: user=0.01 sys=0.00, real=0.00 secs] 
2020-10-29T09:44:56.796+0000: [GC (Allocation Failure) 2020-10-29T09:44:56.796+0000: [ParNew: 38020K->4K(42752K), 0.0020874 secs] 323871K->285855K(491768K), 0.0021418 secs] [Times: user=0.01 sys=0.00, real=0.00 secs] 
2020-10-29T09:44:56.834+0000: [GC (Allocation Failure) 2020-10-29T09:44:56.834+0000: [ParNew: 38020K->4K(42752K), 0.0020237 secs] 323871K->285855K(491768K), 0.0020718 secs] [Times: user=0.01 sys=0.00, real=0.00 secs] 
2020-10-29T09:44:56.868+0000: [GC (Allocation Failure) 2020-10-29T09:44:56.868+0000: [ParNew: 38020K->4K(42752K), 0.0020568 secs] 323871K->285855K(491768K), 0.0021105 secs] [Times: user=0.01 sys=0.00, real=0.01 secs] 
2020-10-29T09:44:56.903+0000: [GC (Allocation Failure) 2020-10-29T09:44:56.903+0000: [ParNew: 38020K->4K(42752K), 0.0020587 secs] 323871K->285855K(491768K), 0.0021330 secs] [Times: user=0.00 sys=0.00, real=0.00 secs] 
2020-10-29T09:44:56.938+0000: [GC (Allocation Failure) 2020-10-29T09:44:56.939+0000: [ParNew: 38020K->4K(42752K), 0.0020785 secs] 323871K->285855K(491768K), 0.0021503 secs] [Times: user=0.01 sys=0.00, real=0.00 secs] 
2020-10-29T09:44:56.978+0000: [GC (Allocation Failure) 2020-10-29T09:44:56.978+0000: [ParNew: 38020K->4K(42752K), 0.0020050 secs] 323871K->285855K(491768K), 0.0020583 secs] [Times: user=0.00 sys=0.00, real=0.00 secs] 
2020-10-29T09:44:57.013+0000: [GC (Allocation Failure) 2020-10-29T09:44:57.013+0000: [ParNew: 38020K->4K(42752K), 0.0020561 secs] 323871K->285855K(491768K), 0.0021107 secs] [Times: user=0.01 sys=0.00, real=0.00 secs] 
2020-10-29T09:44:57.050+0000: [GC (Allocation Failure) 2020-10-29T09:44:57.050+0000: [ParNew: 38020K->4K(42752K), 0.0020253 secs] 323871K->285855K(491768K), 0.0020788 secs] [Times: user=0.00 sys=0.00, real=0.00 secs] 
2020-10-29T09:44:57.084+0000: [GC (Allocation Failure) 2020-10-29T09:44:57.084+0000: [ParNew: 38020K->4K(42752K), 0.0020318 secs] 323871K->285855K(491768K), 0.0020861 secs] [Times: user=0.00 sys=0.00, real=0.00 secs] 
2020-10-29T09:44:57.122+0000: [GC (Allocation Failure) 2020-10-29T09:44:57.122+0000: [ParNew: 38020K->4K(42752K), 0.0020371 secs] 323871K->285855K(491768K), 0.0020922 secs] [Times: user=0.00 sys=0.00, real=0.00 secs] 
2020-10-29T09:44:57.156+0000: [GC (Allocation Failure) 2020-10-29T09:44:57.156+0000: [ParNew: 38020K->4K(42752K), 0.0020437 secs] 323871K->285855K(491768K), 0.0020967 secs] [Times: user=0.00 sys=0.00, real=0.00 secs] 
2020-10-29T09:44:57.191+0000: [GC (Allocation Failure) 2020-10-29T09:44:57.191+0000: [ParNew: 38020K->4K(42752K), 0.0020963 secs] 323871K->285855K(491768K), 0.0021518 secs] [Times: user=0.01 sys=0.00, real=0.00 secs] 
2020-10-29T09:44:57.230+0000: [GC (Allocation Failure) 2020-10-29T09:44:57.230+0000: [ParNew: 38020K->4K(42752K), 0.0020221 secs] 323871K->285855K(491768K), 0.0020767 secs] [Times: user=0.00 sys=0.00, real=0.00 secs] 
2020-10-29T09:44:57.259+0000: [GC (Allocation Failure) 2020-10-29T09:44:57.259+0000: [ParNew: 38020K->4K(42752K), 0.0076982 secs] 323871K->294047K(491768K), 0.0077529 secs] [Times: user=0.01 sys=0.00, real=0.01 secs] 
2020-10-29T09:44:57.302+0000: [GC (Allocation Failure) 2020-10-29T09:44:57.302+0000: [ParNew: 38020K->4K(42752K), 0.0020051 secs] 332063K->294047K(491768K), 0.0020605 secs] [Times: user=0.00 sys=0.00, real=0.00 secs] 
2020-10-29T09:44:57.454+0000: [GC (Allocation Failure) 2020-10-29T09:44:57.454+0000: [ParNew: 38020K->4K(42752K), 0.0044856 secs] 332063K->294047K(491768K), 0.0045423 secs] [Times: user=0.01 sys=0.00, real=0.00 secs] 
2020-10-29T09:44:57.458+0000: [CMS-concurrent-abortable-preclean: 0.029/0.967 secs] [Times: user=1.79 sys=0.07, real=0.96 secs] 
2020-10-29T09:44:57.472+0000: [GC (CMS Final Remark) [YG occupancy: 5067 K (42752 K)]2020-10-29T09:44:57.472+0000: [Rescan (parallel) , 0.0098825 secs]2020-10-29T09:44:57.482+0000: [weak refs processing, 0.0000363 secs]2020-10-29T09:44:57.482+0000: [class unloading, 0.0078520 secs]2020-10-29T09:44:57.490+0000: [scrub symbol table, 0.0087992 secs]2020-10-29T09:44:57.499+0000: [scrub string table, 0.0005568 secs][1 CMS-remark: 294043K(449016K)] 299110K(491768K), 0.0272582 secs] [Times: user=0.03 sys=0.00, real=0.02 secs] 
2020-10-29T09:44:57.509+0000: [CMS-concurrent-sweep-start]
2020-10-29T09:44:57.528+0000: [CMS-concurrent-sweep: 0.018/0.018 secs] [Times: user=0.04 sys=0.00, real=0.02 secs] 
2020-10-29T09:44:57.528+0000: [CMS-concurrent-reset-start]
2020-10-29T09:44:57.529+0000: [CMS-concurrent-reset: 0.002/0.002 secs] [Times: user=0.00 sys=0.00, real=0.00 secs] 
2020-10-29T09:44:57.604+0000: [GC (Allocation Failure) 2020-10-29T09:44:57.605+0000: [ParNew: 38020K->12K(42752K), 0.0044092 secs] 323756K->285748K(518980K), 0.0044828 secs] [Times: user=0.01 sys=0.00, real=0.00 secs] 
2020-10-29T09:44:57.867+0000: [GC (Allocation Failure) 2020-10-29T09:44:57.867+0000: [ParNew: 38028K->154K(42752K), 0.0042407 secs] 323764K->285890K(518980K), 0.0043077 secs] [Times: user=0.01 sys=0.00, real=0.01 secs] 
2020-10-29T09:44:58.183+0000: [GC (Allocation Failure) 2020-10-29T09:44:58.183+0000: [ParNew: 38170K->39K(42752K), 0.0021759 secs] 323906K->285775K(518980K), 0.0022334 secs] [Times: user=0.00 sys=0.00, real=0.00 secs] 
2020-10-29T09:44:58.275+0000: [GC (Allocation Failure) 2020-10-29T09:44:58.275+0000: [ParNew: 38055K->25K(42752K), 0.0021644 secs] 323791K->285762K(518980K), 0.0022209 secs] [Times: user=0.01 sys=0.00, real=0.00 secs] 
2020-10-29T09:44:58.364+0000: [GC (Allocation Failure) 2020-10-29T09:44:58.364+0000: [ParNew: 38041K->38K(42752K), 0.0021794 secs] 323778K->285775K(518980K), 0.0022362 secs] [Times: user=0.00 sys=0.00, real=0.00 secs] 
2020-10-29T09:44:58.442+0000: [GC (Allocation Failure) 2020-10-29T09:44:58.442+0000: [ParNew: 38054K->25K(42752K), 0.0021513 secs] 323791K->285764K(518980K), 0.0022091 secs] [Times: user=0.00 sys=0.00, real=0.00 secs] 
2020-10-29T09:44:58.498+0000: [GC (Allocation Failure) 2020-10-29T09:44:58.498+0000: [ParNew: 38041K->27K(42752K), 0.0021529 secs] 323780K->285771K(518980K), 0.0022104 secs] [Times: user=0.01 sys=0.00, real=0.00 secs] 
2020-10-29T09:44:58.548+0000: [GC (Allocation Failure) 2020-10-29T09:44:58.548+0000: [ParNew: 38043K->9K(42752K), 0.0022100 secs] 323787K->285767K(518980K), 0.0022663 secs] [Times: user=0.01 sys=0.00, real=0.01 secs] 
2020-10-29T09:44:58.594+0000: [GC (Allocation Failure) 2020-10-29T09:44:58.594+0000: [ParNew: 38025K->4K(42752K), 0.0020688 secs] 323783K->285762K(518980K), 0.0021257 secs] [Times: user=0.00 sys=0.00, real=0.00 secs] 
2020-10-29T09:44:58.634+0000: [GC (Allocation Failure) 2020-10-29T09:44:58.634+0000: [ParNew: 38020K->4K(42752K), 0.0020676 secs] 323778K->285762K(518980K), 0.0021228 secs] [Times: user=0.00 sys=0.00, real=0.00 secs] 
2020-10-29T09:44:58.670+0000: [GC (Allocation Failure) 2020-10-29T09:44:58.670+0000: [ParNew: 38020K->4K(42752K), 0.0020695 secs] 323778K->285762K(518980K), 0.0021332 secs] [Times: user=0.01 sys=0.00, real=0.00 secs] 
2020-10-29T09:44:58.703+0000: [GC (Allocation Failure) 2020-10-29T09:44:58.703+0000: [ParNew: 38020K->4K(42752K), 0.0020744 secs] 323778K->285762K(518980K), 0.0021248 secs] [Times: user=0.00 sys=0.00, real=0.00 secs] 
2020-10-29T09:44:58.738+0000: [GC (Allocation Failure) 2020-10-29T09:44:58.738+0000: [ParNew: 38020K->4K(42752K), 0.0020585 secs] 323778K->285762K(518980K), 0.0021058 secs] [Times: user=0.00 sys=0.00, real=0.00 secs] 
2020-10-29T09:44:58.770+0000: [GC (Allocation Failure) 2020-10-29T09:44:58.770+0000: [ParNew: 38020K->4K(42752K), 0.0020597 secs] 323778K->285762K(518980K), 0.0021167 secs] [Times: user=0.00 sys=0.00, real=0.00 secs] 
2020-10-29T09:44:58.802+0000: [GC (Allocation Failure) 2020-10-29T09:44:58.802+0000: [ParNew: 38020K->4K(42752K), 0.0025971 secs] 323778K->285762K(518980K), 0.0026523 secs] [Times: user=0.01 sys=0.00, real=0.00 secs] 
2020-10-29T09:44:58.835+0000: [GC (Allocation Failure) 2020-10-29T09:44:58.835+0000: [ParNew: 38020K->4K(42752K), 0.0020661 secs] 323778K->285762K(518980K), 0.0021204 secs] [Times: user=0.00 sys=0.00, real=0.00 secs] 
2020-10-29T09:44:58.867+0000: [GC (Allocation Failure) 2020-10-29T09:44:58.867+0000: [ParNew: 38020K->4K(42752K), 0.0020829 secs] 323778K->285762K(518980K), 0.0021385 secs] [Times: user=0.01 sys=0.00, real=0.00 secs] 
2020-10-29T09:44:58.902+0000: [GC (Allocation Failure) 2020-10-29T09:44:58.902+0000: [ParNew: 38020K->4K(42752K), 0.0020728 secs] 323778K->285762K(518980K), 0.0021262 secs] [Times: user=0.00 sys=0.00, real=0.00 secs] 
2020-10-29T09:44:59.048+0000: [GC (Allocation Failure) 2020-10-29T09:44:59.048+0000: [ParNew: 38020K->468K(42752K), 0.0026010 secs] 323778K->286227K(518980K), 0.0026701 secs] [Times: user=0.00 sys=0.00, real=0.01 secs] 
2020-10-29T09:44:59.246+0000: [GC (Allocation Failure) 2020-10-29T09:44:59.246+0000: [ParNew: 38484K->1328K(42752K), 0.0030713 secs] 324243K->287087K(518980K), 0.0031296 secs] [Times: user=0.01 sys=0.00, real=0.00 secs] 
2020-10-29T09:44:59.316+0000: [GC (Allocation Failure) 2020-10-29T09:44:59.317+0000: [ParNew: 39344K->1508K(42752K), 0.0062069 secs] 325103K->287267K(518980K), 0.0062752 secs] [Times: user=0.01 sys=0.00, real=0.01 secs] 
2020-10-29T09:44:59.373+0000: [GC (Allocation Failure) 2020-10-29T09:44:59.373+0000: [ParNew: 39524K->1884K(42752K), 0.0059975 secs] 325283K->287643K(518980K), 0.0060665 secs] [Times: user=0.02 sys=0.00, real=0.00 secs] 
2020-10-29T09:44:59.422+0000: [GC (Allocation Failure) 2020-10-29T09:44:59.422+0000: [ParNew: 39900K->2067K(42752K), 0.0031178 secs] 325659K->287825K(518980K), 0.0031725 secs] [Times: user=0.00 sys=0.00, real=0.00 secs] 
2020-10-29T09:44:59.475+0000: [GC (Allocation Failure) 2020-10-29T09:44:59.475+0000: [ParNew: 40083K->2716K(42752K), 0.0031219 secs] 325841K->288475K(518980K), 0.0031775 secs] [Times: user=0.01 sys=0.00, real=0.00 secs] 
2020-10-29T09:44:59.551+0000: [GC (Allocation Failure) 2020-10-29T09:44:59.551+0000: [ParNew: 40732K->2860K(42752K), 0.0033407 secs] 326491K->288939K(518980K), 0.0034179 secs] [Times: user=0.01 sys=0.00, real=0.00 secs] 
2020-10-29T09:44:59.610+0000: [GC (Allocation Failure) 2020-10-29T09:44:59.610+0000: [ParNew: 40876K->1301K(42752K), 0.0030004 secs] 326955K->288183K(518980K), 0.0030793 secs] [Times: user=0.00 sys=0.00, real=0.01 secs] 
2020-10-29T09:44:59.660+0000: [GC (Allocation Failure) 2020-10-29T09:44:59.660+0000: [ParNew: 39317K->1286K(42752K), 0.0022407 secs] 326199K->288168K(518980K), 0.0022968 secs] [Times: user=0.00 sys=0.00, real=0.01 secs] 
2020-10-29T09:44:59.714+0000: [GC (Allocation Failure) 2020-10-29T09:44:59.714+0000: [ParNew: 39302K->1057K(42752K), 0.0036817 secs] 326184K->287939K(518980K), 0.0037373 secs] [Times: user=0.00 sys=0.00, real=0.00 secs] 
2020-10-29T09:44:59.790+0000: [GC (Allocation Failure) 2020-10-29T09:44:59.790+0000: [ParNew: 39073K->1552K(42752K), 0.0022712 secs] 325955K->288435K(518980K), 0.0023450 secs] [Times: user=0.00 sys=0.00, real=0.00 secs] 
2020-10-29T09:44:59.840+0000: [GC (Allocation Failure) 2020-10-29T09:44:59.840+0000: [ParNew: 39568K->1540K(42752K), 0.0022981 secs] 326451K->288423K(518980K), 0.0023710 secs] [Times: user=0.01 sys=0.00, real=0.01 secs] 
2020-10-29T09:44:59.898+0000: [GC (Allocation Failure) 2020-10-29T09:44:59.898+0000: [ParNew: 39556K->1540K(42752K), 0.0022983 secs] 326439K->288423K(518980K), 0.0023729 secs] [Times: user=0.00 sys=0.00, real=0.00 secs] 
2020-10-29T09:44:59.971+0000: [GC (Allocation Failure) 2020-10-29T09:44:59.971+0000: [ParNew: 39556K->1540K(42752K), 0.0025922 secs] 326439K->288423K(518980K), 0.0026712 secs] [Times: user=0.01 sys=0.00, real=0.00 secs] 
2020-10-29T09:45:00.029+0000: [GC (Allocation Failure) 2020-10-29T09:45:00.029+0000: [ParNew: 39556K->3076K(42752K), 0.0026445 secs] 326439K->289959K(518980K), 0.0027012 secs] [Times: user=0.00 sys=0.00, real=0.01 secs] 
2020-10-29T09:45:00.082+0000: [GC (Allocation Failure) 2020-10-29T09:45:00.082+0000: [ParNew: 41092K->1028K(42752K), 0.0038109 secs] 327975K->288935K(518980K), 0.0038664 secs] [Times: user=0.00 sys=0.00, real=0.00 secs] 
2020-10-29T09:45:00.137+0000: [GC (Allocation Failure) 2020-10-29T09:45:00.137+0000: [ParNew: 39044K->2052K(42752K), 0.0023848 secs] 326951K->289959K(518980K), 0.0024602 secs] [Times: user=0.01 sys=0.00, real=0.00 secs] 
2020-10-29T09:45:00.205+0000: [GC (Allocation Failure) 2020-10-29T09:45:00.205+0000: [ParNew: 40068K->2052K(42752K), 0.0023962 secs] 327975K->289959K(518980K), 0.0024745 secs] [Times: user=0.01 sys=0.00, real=0.00 secs] 
2020-10-29T09:45:00.278+0000: [GC (Allocation Failure) 2020-10-29T09:45:00.278+0000: [ParNew: 40068K->1028K(42752K), 0.0057803 secs] 327975K->288935K(518980K), 0.0058570 secs] [Times: user=0.01 sys=0.00, real=0.01 secs] 
2020-10-29T09:45:00.331+0000: [GC (Allocation Failure) 2020-10-29T09:45:00.331+0000: [ParNew: 39044K->1028K(42752K), 0.0045299 secs] 326951K->288935K(518980K), 0.0046024 secs] [Times: user=0.01 sys=0.00, real=0.00 secs] 
2020-10-29T09:45:00.380+0000: [GC (Allocation Failure) 2020-10-29T09:45:00.380+0000: [ParNew: 39044K->2052K(42752K), 0.0064834 secs] 326951K->290983K(518980K), 0.0065605 secs] [Times: user=0.01 sys=0.00, real=0.01 secs] 
2020-10-29T09:45:00.440+0000: [GC (Allocation Failure) 2020-10-29T09:45:00.440+0000: [ParNew: 40068K->2052K(42752K), 0.0046375 secs] 328999K->290983K(518980K), 0.0047110 secs] [Times: user=0.01 sys=0.00, real=0.01 secs] 
2020-10-29T09:45:00.487+0000: [GC (Allocation Failure) 2020-10-29T09:45:00.487+0000: [ParNew: 40068K->4100K(42752K), 0.0025846 secs] 328999K->293031K(518980K), 0.0026400 secs] [Times: user=0.00 sys=0.00, real=0.00 secs] 
2020-10-29T09:45:00.523+0000: [GC (Allocation Failure) 2020-10-29T09:45:00.523+0000: [ParNew: 42116K->4100K(42752K), 0.0030130 secs] 331047K->295079K(518980K), 0.0030695 secs] [Times: user=0.00 sys=0.00, real=0.00 secs] 
2020-10-29T09:45:00.559+0000: [GC (Allocation Failure) 2020-10-29T09:45:00.559+0000: [ParNew: 42116K->4K(42752K), 0.0024951 secs] 333095K->293031K(518980K), 0.0025506 secs] [Times: user=0.00 sys=0.00, real=0.01 secs] 
2020-10-29T09:45:00.595+0000: [GC (Allocation Failure) 2020-10-29T09:45:00.595+0000: [ParNew: 38020K->4K(42752K), 0.0020994 secs] 331047K->293031K(518980K), 0.0021557 secs] [Times: user=0.00 sys=0.00, real=0.00 secs] 
2020-10-29T09:45:00.634+0000: [GC (Allocation Failure) 2020-10-29T09:45:00.634+0000: [ParNew: 38020K->4K(42752K), 0.0021283 secs] 331047K->293031K(518980K), 0.0021833 secs] [Times: user=0.00 sys=0.00, real=0.00 secs] 
2020-10-29T09:45:00.670+0000: [GC (Allocation Failure) 2020-10-29T09:45:00.670+0000: [ParNew: 38020K->4K(42752K), 0.0020808 secs] 331047K->293031K(518980K), 0.0021359 secs] [Times: user=0.00 sys=0.00, real=0.00 secs] 
2020-10-29T09:45:00.706+0000: [GC (Allocation Failure) 2020-10-29T09:45:00.706+0000: [ParNew: 38020K->4K(42752K), 0.0020791 secs] 331047K->293031K(518980K), 0.0021340 secs] [Times: user=0.00 sys=0.00, real=0.00 secs] 
2020-10-29T09:45:00.746+0000: [GC (Allocation Failure) 2020-10-29T09:45:00.746+0000: [ParNew: 38020K->4K(42752K), 0.0020690 secs] 331047K->293031K(518980K), 0.0021187 secs] [Times: user=0.00 sys=0.00, real=0.00 secs] 
2020-10-29T09:45:00.781+0000: [GC (Allocation Failure) 2020-10-29T09:45:00.781+0000: [ParNew: 38020K->4K(42752K), 0.0020910 secs] 331047K->293031K(518980K), 0.0021475 secs] [Times: user=0.00 sys=0.00, real=0.01 secs] 
2020-10-29T09:45:00.816+0000: [GC (Allocation Failure) 2020-10-29T09:45:00.817+0000: [ParNew: 38020K->4K(42752K), 0.0021190 secs] 331047K->293031K(518980K), 0.0021733 secs] [Times: user=0.00 sys=0.00, real=0.00 secs] 
2020-10-29T09:45:00.854+0000: [GC (Allocation Failure) 2020-10-29T09:45:00.854+0000: [ParNew: 38020K->4K(42752K), 0.0021211 secs] 331047K->293031K(518980K), 0.0021756 secs] [Times: user=0.00 sys=0.00, real=0.00 secs] 
2020-10-29T09:45:00.893+0000: [GC (Allocation Failure) 2020-10-29T09:45:00.893+0000: [ParNew: 38020K->4K(42752K), 0.0021216 secs] 331047K->293031K(518980K), 0.0021769 secs] [Times: user=0.00 sys=0.00, real=0.00 secs] 
2020-10-29T09:45:00.930+0000: [GC (Allocation Failure) 2020-10-29T09:45:00.930+0000: [ParNew: 38020K->4K(42752K), 0.0020851 secs] 331047K->293031K(518980K), 0.0021395 secs] [Times: user=0.01 sys=0.00, real=0.00 secs] 
2020-10-29T09:45:00.969+0000: [GC (Allocation Failure) 2020-10-29T09:45:00.969+0000: [ParNew: 38020K->4K(42752K), 0.0020977 secs] 331047K->293031K(518980K), 0.0021661 secs] [Times: user=0.01 sys=0.00, real=0.01 secs] 
2020-10-29T09:45:01.005+0000: [GC (Allocation Failure) 2020-10-29T09:45:01.005+0000: [ParNew: 38020K->4K(42752K), 0.0021862 secs] 331047K->293031K(518980K), 0.0022502 secs] [Times: user=0.00 sys=0.00, real=0.00 secs] 
2020-10-29T09:45:01.040+0000: [GC (Allocation Failure) 2020-10-29T09:45:01.040+0000: [ParNew: 38020K->4K(42752K), 0.0021982 secs] 331047K->293031K(518980K), 0.0022609 secs] [Times: user=0.00 sys=0.00, real=0.01 secs] 
2020-10-29T09:45:01.078+0000: [GC (Allocation Failure) 2020-10-29T09:45:01.078+0000: [ParNew: 38020K->4K(42752K), 0.0020965 secs] 331047K->293031K(518980K), 0.0021512 secs] [Times: user=0.00 sys=0.00, real=0.00 secs] 
2020-10-29T09:45:01.114+0000: [GC (Allocation Failure) 2020-10-29T09:45:01.114+0000: [ParNew: 38020K->4102K(42752K), 0.0033587 secs] 331047K->301225K(518980K), 0.0034147 secs] [Times: user=0.01 sys=0.00, real=0.00 secs] 
2020-10-29T09:45:01.150+0000: [GC (Allocation Failure) 2020-10-29T09:45:01.150+0000: [ParNew: 42118K->4K(42752K), 0.0020943 secs] 339241K->297128K(518980K), 0.0021500 secs] [Times: user=0.01 sys=0.00, real=0.00 secs] 
2020-10-29T09:45:01.185+0000: [GC (Allocation Failure) 2020-10-29T09:45:01.185+0000: [ParNew: 38020K->4K(42752K), 0.0021429 secs] 335144K->297128K(518980K), 0.0021976 secs] [Times: user=0.01 sys=0.00, real=0.00 secs] 
2020-10-29T09:45:01.221+0000: [GC (Allocation Failure) 2020-10-29T09:45:01.221+0000: [ParNew: 38020K->4K(42752K), 0.0020945 secs] 335144K->297128K(518980K), 0.0021489 secs] [Times: user=0.00 sys=0.00, real=0.01 secs] 
2020-10-29T09:45:01.258+0000: [GC (Allocation Failure) 2020-10-29T09:45:01.258+0000: [ParNew: 38020K->4K(42752K), 0.0020801 secs] 335144K->297128K(518980K), 0.0021338 secs] [Times: user=0.01 sys=0.00, real=0.00 secs] 
2020-10-29T09:45:01.294+0000: [GC (Allocation Failure) 2020-10-29T09:45:01.294+0000: [ParNew: 38020K->4K(42752K), 0.0020866 secs] 335144K->297128K(518980K), 0.0021410 secs] [Times: user=0.00 sys=0.00, real=0.00 secs] 
2020-10-29T09:45:01.330+0000: [GC (Allocation Failure) 2020-10-29T09:45:01.330+0000: [ParNew: 38020K->4K(42752K), 0.0020790 secs] 335144K->297128K(518980K), 0.0021329 secs] [Times: user=0.00 sys=0.00, real=0.00 secs] 
2020-10-29T09:45:01.366+0000: [GC (Allocation Failure) 2020-10-29T09:45:01.366+0000: [ParNew: 38020K->4K(42752K), 0.0020728 secs] 335144K->297128K(518980K), 0.0021268 secs] [Times: user=0.01 sys=0.00, real=0.00 secs] 
2020-10-29T09:45:01.402+0000: [GC (Allocation Failure) 2020-10-29T09:45:01.402+0000: [ParNew: 38020K->4K(42752K), 0.0021001 secs] 335144K->297128K(518980K), 0.0021546 secs] [Times: user=0.00 sys=0.00, real=0.00 secs] 
2020-10-29T09:45:01.438+0000: [GC (Allocation Failure) 2020-10-29T09:45:01.438+0000: [ParNew: 38020K->4100K(42752K), 0.0047912 secs] 335144K->305320K(518980K), 0.0048496 secs] [Times: user=0.01 sys=0.00, real=0.01 secs] 
2020-10-29T09:45:01.476+0000: [GC (Allocation Failure) 2020-10-29T09:45:01.476+0000: [ParNew: 42116K->4K(42752K), 0.0021387 secs] 343336K->301224K(518980K), 0.0021937 secs] [Times: user=0.01 sys=0.00, real=0.00 secs] 
2020-10-29T09:45:01.514+0000: [GC (Allocation Failure) 2020-10-29T09:45:01.514+0000: [ParNew: 38020K->4K(42752K), 0.0021136 secs] 339240K->301224K(518980K), 0.0021720 secs] [Times: user=0.01 sys=0.00, real=0.00 secs] 
2020-10-29T09:45:01.553+0000: [GC (Allocation Failure) 2020-10-29T09:45:01.553+0000: [ParNew: 38020K->4K(42752K), 0.0021152 secs] 339240K->301224K(518980K), 0.0021701 secs] [Times: user=0.00 sys=0.00, real=0.00 secs] 
2020-10-29T09:45:01.590+0000: [GC (Allocation Failure) 2020-10-29T09:45:01.590+0000: [ParNew: 38020K->4K(42752K), 0.0020902 secs] 339240K->301224K(518980K), 0.0021445 secs] [Times: user=0.00 sys=0.00, real=0.00 secs] 
2020-10-29T09:45:01.625+0000: [GC (Allocation Failure) 2020-10-29T09:45:01.625+0000: [ParNew: 38020K->4K(42752K), 0.0020929 secs] 339240K->301224K(518980K), 0.0021487 secs] [Times: user=0.00 sys=0.00, real=0.00 secs] 
2020-10-29T09:45:01.662+0000: [GC (Allocation Failure) 2020-10-29T09:45:01.662+0000: [ParNew: 38020K->4K(42752K), 0.0020786 secs] 339240K->301224K(518980K), 0.0021343 secs] [Times: user=0.00 sys=0.00, real=0.00 secs] 
2020-10-29T09:45:01.701+0000: [GC (Allocation Failure) 2020-10-29T09:45:01.701+0000: [ParNew: 38020K->2K(42752K), 0.0036884 secs] 339240K->301222K(518980K), 0.0037519 secs] [Times: user=0.01 sys=0.00, real=0.01 secs] 
2020-10-29T09:45:01.744+0000: [GC (Allocation Failure) 2020-10-29T09:45:01.744+0000: [ParNew: 38018K->4K(42752K), 0.0021622 secs] 339238K->301224K(518980K), 0.0022354 secs] [Times: user=0.01 sys=0.00, real=0.00 secs] 
2020-10-29T09:45:01.794+0000: [GC (Allocation Failure) 2020-10-29T09:45:01.794+0000: [ParNew: 38020K->4K(42752K), 0.0020994 secs] 339240K->301224K(518980K), 0.0021724 secs] [Times: user=0.01 sys=0.00, real=0.00 secs] 
2020-10-29T09:45:01.838+0000: [GC (Allocation Failure) 2020-10-29T09:45:01.838+0000: [ParNew: 38020K->4K(42752K), 0.0021291 secs] 339240K->301224K(518980K), 0.0021915 secs] [Times: user=0.00 sys=0.00, real=0.00 secs] 
2020-10-29T09:45:01.885+0000: [GC (Allocation Failure) 2020-10-29T09:45:01.885+0000: [ParNew: 38020K->2K(42752K), 0.0039088 secs] 339240K->301222K(518980K), 0.0039743 secs] [Times: user=0.01 sys=0.00, real=0.00 secs] 
2020-10-29T09:45:01.926+0000: [GC (Allocation Failure) 2020-10-29T09:45:01.926+0000: [ParNew: 38018K->4K(42752K), 0.0020876 secs] 339238K->301224K(518980K), 0.0021412 secs] [Times: user=0.01 sys=0.00, real=0.00 secs] 
2020-10-29T09:45:01.966+0000: [GC (Allocation Failure) 2020-10-29T09:45:01.966+0000: [ParNew: 38020K->4K(42752K), 0.0021061 secs] 339240K->301224K(518980K), 0.0021807 secs] [Times: user=0.00 sys=0.00, real=0.00 secs] 
2020-10-29T09:45:02.005+0000: [GC (Allocation Failure) 2020-10-29T09:45:02.005+0000: [ParNew: 38020K->4K(42752K), 0.0020857 secs] 339240K->301224K(518980K), 0.0021400 secs] [Times: user=0.01 sys=0.00, real=0.00 secs] 
2020-10-29T09:45:02.041+0000: [GC (Allocation Failure) 2020-10-29T09:45:02.041+0000: [ParNew: 38020K->4K(42752K), 0.0021948 secs] 339240K->301224K(518980K), 0.0022737 secs] [Times: user=0.00 sys=0.00, real=0.01 secs] 
2020-10-29T09:45:02.077+0000: [GC (Allocation Failure) 2020-10-29T09:45:02.077+0000: [ParNew: 38020K->4K(42752K), 0.0021219 secs] 339240K->301224K(518980K), 0.0021983 secs] [Times: user=0.00 sys=0.00, real=0.00 secs] 
2020-10-29T09:45:02.114+0000: [GC (Allocation Failure) 2020-10-29T09:45:02.114+0000: [ParNew: 38020K->4K(42752K), 0.0042292 secs] 339240K->301224K(518980K), 0.0042846 secs] [Times: user=0.01 sys=0.00, real=0.00 secs] 
2020-10-29T09:45:02.176+0000: [GC (Allocation Failure) 2020-10-29T09:45:02.176+0000: [ParNew: 38020K->2K(42752K), 0.0042228 secs] 339240K->301222K(518980K), 0.0042811 secs] [Times: user=0.01 sys=0.00, real=0.00 secs] 
2020-10-29T09:45:02.218+0000: [GC (Allocation Failure) 2020-10-29T09:45:02.218+0000: [ParNew: 38018K->4K(42752K), 0.0020900 secs] 339238K->301224K(518980K), 0.0021700 secs] [Times: user=0.01 sys=0.00, real=0.00 secs] 
2020-10-29T09:45:02.257+0000: [GC (Allocation Failure) 2020-10-29T09:45:02.257+0000: [ParNew: 38020K->4K(42752K), 0.0021069 secs] 339240K->301224K(518980K), 0.0021596 secs] [Times: user=0.01 sys=0.00, real=0.00 secs] 
2020-10-29T09:45:02.295+0000: [GC (Allocation Failure) 2020-10-29T09:45:02.295+0000: [ParNew: 38020K->4K(42752K), 0.0021292 secs] 339240K->301224K(518980K), 0.0021836 secs] [Times: user=0.00 sys=0.00, real=0.00 secs] 
2020-10-29T09:45:02.331+0000: [GC (Allocation Failure) 2020-10-29T09:45:02.331+0000: [ParNew: 38020K->4K(42752K), 0.0021026 secs] 339240K->301224K(518980K), 0.0021780 secs] [Times: user=0.00 sys=0.00, real=0.00 secs] 
2020-10-29T09:45:02.367+0000: [GC (Allocation Failure) 2020-10-29T09:45:02.367+0000: [ParNew: 38020K->4K(42752K), 0.0020986 secs] 339240K->301224K(518980K), 0.0021497 secs] [Times: user=0.00 sys=0.00, real=0.00 secs] 
2020-10-29T09:45:02.404+0000: [GC (Allocation Failure) 2020-10-29T09:45:02.404+0000: [ParNew: 38020K->4K(42752K), 0.0021458 secs] 339240K->301224K(518980K), 0.0022179 secs] [Times: user=0.01 sys=0.00, real=0.00 secs] 
2020-10-29T09:45:02.464+0000: [GC (Allocation Failure) 2020-10-29T09:45:02.464+0000: [ParNew: 38020K->4K(42752K), 0.0021169 secs] 339240K->301224K(518980K), 0.0021906 secs] [Times: user=0.00 sys=0.00, real=0.00 secs] 
2020-10-29T09:45:02.499+0000: [GC (Allocation Failure) 2020-10-29T09:45:02.499+0000: [ParNew: 38020K->4K(42752K), 0.0030054 secs] 339240K->301224K(518980K), 0.0030727 secs] [Times: user=0.00 sys=0.00, real=0.01 secs] 
2020-10-29T09:45:02.537+0000: [GC (Allocation Failure) 2020-10-29T09:45:02.537+0000: [ParNew: 38020K->4K(42752K), 0.0020917 secs] 339240K->301224K(518980K), 0.0021444 secs] [Times: user=0.00 sys=0.00, real=0.00 secs] 
2020-10-29T09:45:02.574+0000: [GC (Allocation Failure) 2020-10-29T09:45:02.574+0000: [ParNew: 38020K->4K(42752K), 0.0020929 secs] 339240K->301224K(518980K), 0.0021686 secs] [Times: user=0.01 sys=0.00, real=0.00 secs] 
2020-10-29T09:45:02.623+0000: [GC (Allocation Failure) 2020-10-29T09:45:02.623+0000: [ParNew: 38020K->40K(42752K), 0.0023476 secs] 339240K->301260K(518980K), 0.0024000 secs] [Times: user=0.00 sys=0.00, real=0.00 secs] 
2020-10-29T09:45:02.677+0000: [GC (Allocation Failure) 2020-10-29T09:45:02.677+0000: [ParNew: 38056K->12K(42752K), 0.0044893 secs] 339276K->301233K(518980K), 0.0045360 secs] [Times: user=0.00 sys=0.00, real=0.00 secs] 
2020-10-29T09:45:02.718+0000: [GC (Allocation Failure) 2020-10-29T09:45:02.718+0000: [ParNew: 38028K->15K(42752K), 0.0022558 secs] 339249K->301235K(518980K), 0.0023350 secs] [Times: user=0.01 sys=0.00, real=0.00 secs] 
2020-10-29T09:45:02.755+0000: [GC (Allocation Failure) 2020-10-29T09:45:02.755+0000: [ParNew: 38031K->21K(42752K), 0.0022028 secs] 339251K->301242K(518980K), 0.0022719 secs] [Times: user=0.00 sys=0.00, real=0.00 secs] 
2020-10-29T09:45:02.794+0000: [GC (Allocation Failure) 2020-10-29T09:45:02.794+0000: [ParNew: 38037K->14K(42752K), 0.0021628 secs] 339258K->301234K(518980K), 0.0022399 secs] [Times: user=0.01 sys=0.00, real=0.00 secs] 
2020-10-29T09:45:02.830+0000: [GC (Allocation Failure) 2020-10-29T09:45:02.830+0000: [ParNew: 38030K->15K(42752K), 0.0021828 secs] 339250K->301236K(518980K), 0.0022546 secs] [Times: user=0.00 sys=0.00, real=0.00 secs] 
2020-10-29T09:45:02.866+0000: [GC (Allocation Failure) 2020-10-29T09:45:02.866+0000: [ParNew: 38031K->10K(42752K), 0.0022015 secs] 339252K->301236K(518980K), 0.0022795 secs] [Times: user=0.00 sys=0.00, real=0.00 secs] 
2020-10-29T09:45:02.905+0000: [GC (Allocation Failure) 2020-10-29T09:45:02.905+0000: [ParNew: 38026K->4K(42752K), 0.0021748 secs] 339252K->301234K(518980K), 0.0022288 secs] [Times: user=0.01 sys=0.00, real=0.00 secs] 
2020-10-29T09:45:02.941+0000: [GC (Allocation Failure) 2020-10-29T09:45:02.941+0000: [ParNew: 38020K->4K(42752K), 0.0021948 secs] 339250K->301234K(518980K), 0.0022731 secs] [Times: user=0.01 sys=0.00, real=0.01 secs] 
2020-10-29T09:45:02.980+0000: [GC (Allocation Failure) 2020-10-29T09:45:02.980+0000: [ParNew: 38020K->4K(42752K), 0.0021086 secs] 339250K->301234K(518980K), 0.0021555 secs] [Times: user=0.00 sys=0.00, real=0.01 secs] 
2020-10-29T09:45:03.016+0000: [GC (Allocation Failure) 2020-10-29T09:45:03.016+0000: [ParNew: 38020K->4K(42752K), 0.0021202 secs] 339250K->301234K(518980K), 0.0021978 secs] [Times: user=0.00 sys=0.00, real=0.00 secs] 
2020-10-29T09:45:03.052+0000: [GC (Allocation Failure) 2020-10-29T09:45:03.052+0000: [ParNew: 38020K->4K(42752K), 0.0021836 secs] 339250K->301234K(518980K), 0.0022592 secs] [Times: user=0.00 sys=0.00, real=0.00 secs] 
2020-10-29T09:45:03.090+0000: [GC (Allocation Failure) 2020-10-29T09:45:03.090+0000: [ParNew: 38020K->4K(42752K), 0.0021123 secs] 339250K->301234K(518980K), 0.0021904 secs] [Times: user=0.00 sys=0.00, real=0.00 secs] 
2020-10-29T09:45:03.126+0000: [GC (Allocation Failure) 2020-10-29T09:45:03.126+0000: [ParNew: 38020K->4K(42752K), 0.0021871 secs] 339250K->301234K(518980K), 0.0022834 secs] [Times: user=0.01 sys=0.00, real=0.00 secs] 
2020-10-29T09:45:03.162+0000: [GC (Allocation Failure) 2020-10-29T09:45:03.162+0000: [ParNew: 38020K->4K(42752K), 0.0051527 secs] 339250K->301234K(518980K), 0.0052061 secs] [Times: user=0.01 sys=0.00, real=0.00 secs] 
2020-10-29T09:45:03.209+0000: [GC (Allocation Failure) 2020-10-29T09:45:03.209+0000: [ParNew: 38020K->4K(42752K), 0.0021346 secs] 339250K->301234K(518980K), 0.0021941 secs] [Times: user=0.00 sys=0.00, real=0.01 secs] 
2020-10-29T09:45:03.253+0000: [GC (Allocation Failure) 2020-10-29T09:45:03.253+0000: [ParNew: 38020K->4K(42752K), 0.0021268 secs] 339250K->301234K(518980K), 0.0021913 secs] [Times: user=0.01 sys=0.00, real=0.00 secs] 
2020-10-29T09:45:03.288+0000: [GC (Allocation Failure) 2020-10-29T09:45:03.288+0000: [ParNew: 38020K->4K(42752K), 0.0021281 secs] 339250K->301234K(518980K), 0.0022115 secs] [Times: user=0.01 sys=0.00, real=0.01 secs] 
2020-10-29T09:45:03.324+0000: [GC (Allocation Failure) 2020-10-29T09:45:03.324+0000: [ParNew: 38020K->4K(42752K), 0.0026856 secs] 339250K->301234K(518980K), 0.0027529 secs] [Times: user=0.00 sys=0.00, real=0.00 secs] 
2020-10-29T09:45:03.360+0000: [GC (Allocation Failure) 2020-10-29T09:45:03.360+0000: [ParNew: 38020K->4K(42752K), 0.0042070 secs] 339250K->301234K(518980K), 0.0042627 secs] [Times: user=0.00 sys=0.00, real=0.01 secs] 
2020-10-29T09:45:03.403+0000: [GC (Allocation Failure) 2020-10-29T09:45:03.403+0000: [ParNew: 38020K->4K(42752K), 0.0039512 secs] 339250K->301234K(518980K), 0.0040101 secs] [Times: user=0.00 sys=0.00, real=0.00 secs] 
2020-10-29T09:45:03.446+0000: [GC (Allocation Failure) 2020-10-29T09:45:03.446+0000: [ParNew: 38020K->4K(42752K), 0.0021255 secs] 339250K->301234K(518980K), 0.0021896 secs] [Times: user=0.01 sys=0.00, real=0.00 secs] 
2020-10-29T09:45:03.486+0000: [GC (Allocation Failure) 2020-10-29T09:45:03.486+0000: [ParNew: 38020K->4K(42752K), 0.0021167 secs] 339250K->301234K(518980K), 0.0021847 secs] [Times: user=0.00 sys=0.00, real=0.00 secs] 
2020-10-29T09:45:03.522+0000: [GC (Allocation Failure) 2020-10-29T09:45:03.522+0000: [ParNew: 38020K->4K(42752K), 0.0021220 secs] 339250K->301234K(518980K), 0.0022006 secs] [Times: user=0.00 sys=0.00, real=0.00 secs] 
2020-10-29T09:45:03.558+0000: [GC (Allocation Failure) 2020-10-29T09:45:03.558+0000: [ParNew: 38020K->4K(42752K), 0.0021740 secs] 339250K->301234K(518980K), 0.0022421 secs] [Times: user=0.00 sys=0.01, real=0.00 secs] 
2020-10-29T09:45:03.595+0000: [GC (Allocation Failure) 2020-10-29T09:45:03.595+0000: [ParNew: 38020K->4K(42752K), 0.0034764 secs] 339250K->301234K(518980K), 0.0035570 secs] [Times: user=0.01 sys=0.00, real=0.00 secs] 
2020-10-29T09:45:03.646+0000: [GC (Allocation Failure) 2020-10-29T09:45:03.646+0000: [ParNew: 38020K->4K(42752K), 0.0026216 secs] 339250K->301234K(518980K), 0.0026709 secs] [Times: user=0.00 sys=0.00, real=0.00 secs] 
2020-10-29T09:45:03.684+0000: [GC (Allocation Failure) 2020-10-29T09:45:03.684+0000: [ParNew: 38020K->4K(42752K), 0.0021263 secs] 339250K->301234K(518980K), 0.0021805 secs] [Times: user=0.00 sys=0.00, real=0.00 secs] 
2020-10-29T09:45:03.734+0000: [GC (Allocation Failure) 2020-10-29T09:45:03.734+0000: [ParNew: 38020K->4K(42752K), 0.0022346 secs] 339250K->301234K(518980K), 0.0023082 secs] [Times: user=0.00 sys=0.00, real=0.00 secs] 
2020-10-29T09:45:03.774+0000: [GC (Allocation Failure) 2020-10-29T09:45:03.774+0000: [ParNew: 38020K->4K(42752K), 0.0020975 secs] 339250K->301234K(518980K), 0.0021762 secs] [Times: user=0.01 sys=0.00, real=0.00 secs] 
2020-10-29T09:45:03.810+0000: [GC (Allocation Failure) 2020-10-29T09:45:03.810+0000: [ParNew: 38020K->4K(42752K), 0.0021339 secs] 339250K->301234K(518980K), 0.0021998 secs] [Times: user=0.01 sys=0.00, real=0.00 secs] 
2020-10-29T09:45:03.849+0000: [GC (Allocation Failure) 2020-10-29T09:45:03.849+0000: [ParNew: 38020K->4K(42752K), 0.0021142 secs] 339250K->301234K(518980K), 0.0021879 secs] [Times: user=0.00 sys=0.00, real=0.01 secs] 
2020-10-29T09:45:03.886+0000: [GC (Allocation Failure) 2020-10-29T09:45:03.886+0000: [ParNew: 38020K->4K(42752K), 0.0021193 secs] 339250K->301234K(518980K), 0.0021858 secs] [Times: user=0.00 sys=0.00, real=0.00 secs] 
2020-10-29T09:45:03.922+0000: [GC (Allocation Failure) 2020-10-29T09:45:03.922+0000: [ParNew: 38020K->4K(42752K), 0.0021316 secs] 339250K->301234K(518980K), 0.0021860 secs] [Times: user=0.00 sys=0.00, real=0.00 secs] 
2020-10-29T09:45:03.961+0000: [GC (Allocation Failure) 2020-10-29T09:45:03.961+0000: [ParNew: 38020K->4K(42752K), 0.0021615 secs] 339250K->301234K(518980K), 0.0022161 secs] [Times: user=0.01 sys=0.00, real=0.01 secs] 
2020-10-29T09:45:03.998+0000: [GC (Allocation Failure) 2020-10-29T09:45:03.998+0000: [ParNew: 38020K->4K(42752K), 0.0021437 secs] 339250K->301234K(518980K), 0.0022240 secs] [Times: user=0.01 sys=0.00, real=0.00 secs] 
2020-10-29T09:45:04.034+0000: [GC (Allocation Failure) 2020-10-29T09:45:04.034+0000: [ParNew: 38020K->4K(42752K), 0.0020962 secs] 339250K->301234K(518980K), 0.0021778 secs] [Times: user=0.00 sys=0.00, real=0.00 secs] 
2020-10-29T09:45:04.069+0000: [GC (Allocation Failure) 2020-10-29T09:45:04.070+0000: [ParNew: 38020K->4K(42752K), 0.0021022 secs] 339250K->301234K(518980K), 0.0021806 secs] [Times: user=0.01 sys=0.00, real=0.01 secs] 
2020-10-29T09:45:04.108+0000: [GC (Allocation Failure) 2020-10-29T09:45:04.108+0000: [ParNew: 38020K->4K(42752K), 0.0021127 secs] 339250K->301234K(518980K), 0.0021649 secs] [Times: user=0.00 sys=0.00, real=0.01 secs] 
2020-10-29T09:45:04.146+0000: [GC (Allocation Failure) 2020-10-29T09:45:04.146+0000: [ParNew: 38020K->4K(42752K), 0.0025553 secs] 339250K->301234K(518980K), 0.0026318 secs] [Times: user=0.01 sys=0.00, real=0.00 secs] 
2020-10-29T09:45:04.184+0000: [GC (Allocation Failure) 2020-10-29T09:45:04.184+0000: [ParNew: 38020K->4K(42752K), 0.0021719 secs] 339250K->301234K(518980K), 0.0022522 secs] [Times: user=0.01 sys=0.00, real=0.00 secs] 
2020-10-29T09:45:04.222+0000: [GC (Allocation Failure) 2020-10-29T09:45:04.222+0000: [ParNew: 38020K->4K(42752K), 0.0021063 secs] 339250K->301234K(518980K), 0.0021591 secs] [Times: user=0.00 sys=0.00, real=0.00 secs] 
2020-10-29T09:45:04.261+0000: [GC (Allocation Failure) 2020-10-29T09:45:04.261+0000: [ParNew: 38020K->4K(42752K), 0.0021147 secs] 339250K->301234K(518980K), 0.0021769 secs] [Times: user=0.00 sys=0.00, real=0.01 secs] 
2020-10-29T09:45:04.301+0000: [GC (Allocation Failure) 2020-10-29T09:45:04.301+0000: [ParNew: 38020K->4K(42752K), 0.0021242 secs] 339250K->301234K(518980K), 0.0021776 secs] [Times: user=0.01 sys=0.00, real=0.01 secs] 
2020-10-29T09:45:04.337+0000: [GC (Allocation Failure) 2020-10-29T09:45:04.337+0000: [ParNew: 38020K->4K(42752K), 0.0021191 secs] 339250K->301234K(518980K), 0.0022110 secs] [Times: user=0.00 sys=0.00, real=0.00 secs] 
2020-10-29T09:45:04.373+0000: [GC (Allocation Failure) 2020-10-29T09:45:04.373+0000: [ParNew: 38020K->4K(42752K), 0.0021451 secs] 339250K->301234K(518980K), 0.0022067 secs] [Times: user=0.00 sys=0.00, real=0.00 secs] 
2020-10-29T09:45:04.411+0000: [GC (Allocation Failure) 2020-10-29T09:45:04.411+0000: [ParNew: 38020K->4K(42752K), 0.0022065 secs] 339250K->301234K(518980K), 0.0022811 secs] [Times: user=0.00 sys=0.00, real=0.00 secs] 
2020-10-29T09:45:04.451+0000: [GC (Allocation Failure) 2020-10-29T09:45:04.451+0000: [ParNew: 38020K->4K(42752K), 0.0021069 secs] 339250K->301234K(518980K), 0.0021612 secs] [Times: user=0.00 sys=0.00, real=0.00 secs] 
2020-10-29T09:45:04.491+0000: [GC (Allocation Failure) 2020-10-29T09:45:04.491+0000: [ParNew: 38020K->4K(42752K), 0.0043029 secs] 339250K->301235K(518980K), 0.0043571 secs] [Times: user=0.00 sys=0.00, real=0.00 secs] 
2020-10-29T09:45:04.530+0000: [GC (Allocation Failure) 2020-10-29T09:45:04.530+0000: [ParNew: 38020K->4K(42752K), 0.0021073 secs] 339251K->301234K(518980K), 0.0021611 secs] [Times: user=0.01 sys=0.00, real=0.00 secs] 
2020-10-29T09:45:04.567+0000: [GC (Allocation Failure) 2020-10-29T09:45:04.567+0000: [ParNew: 38020K->4K(42752K), 0.0021060 secs] 339250K->301234K(518980K), 0.0021608 secs] [Times: user=0.01 sys=0.00, real=0.00 secs] 
2020-10-29T09:45:04.604+0000: [GC (Allocation Failure) 2020-10-29T09:45:04.604+0000: [ParNew: 38020K->4K(42752K), 0.0021373 secs] 339250K->301234K(518980K), 0.0021910 secs] [Times: user=0.01 sys=0.00, real=0.00 secs] 
2020-10-29T09:45:04.640+0000: [GC (Allocation Failure) 2020-10-29T09:45:04.640+0000: [ParNew: 38020K->4K(42752K), 0.0021239 secs] 339250K->301235K(518980K), 0.0021810 secs] [Times: user=0.01 sys=0.00, real=0.01 secs] 
2020-10-29T09:45:04.676+0000: [GC (Allocation Failure) 2020-10-29T09:45:04.676+0000: [ParNew: 38020K->4K(42752K), 0.0021336 secs] 339251K->301235K(518980K), 0.0021962 secs] [Times: user=0.01 sys=0.00, real=0.00 secs] 
2020-10-29T09:45:04.712+0000: [GC (Allocation Failure) 2020-10-29T09:45:04.712+0000: [ParNew: 38020K->4K(42752K), 0.0021192 secs] 339251K->301235K(518980K), 0.0021969 secs] [Times: user=0.01 sys=0.00, real=0.00 secs] 
2020-10-29T09:45:04.751+0000: [GC (Allocation Failure) 2020-10-29T09:45:04.751+0000: [ParNew: 38020K->4K(42752K), 0.0020942 secs] 339251K->301235K(518980K), 0.0021607 secs] [Times: user=0.00 sys=0.00, real=0.00 secs] 
2020-10-29T09:45:04.791+0000: [GC (Allocation Failure) 2020-10-29T09:45:04.791+0000: [ParNew: 38020K->4K(42752K), 0.0020961 secs] 339251K->301235K(518980K), 0.0021624 secs] [Times: user=0.00 sys=0.00, real=0.00 secs] 
2020-10-29T09:45:04.831+0000: [GC (Allocation Failure) 2020-10-29T09:45:04.831+0000: [ParNew: 38020K->4K(42752K), 0.0020986 secs] 339251K->301235K(518980K), 0.0021670 secs] [Times: user=0.00 sys=0.00, real=0.00 secs] 
2020-10-29T09:45:04.872+0000: [GC (Allocation Failure) 2020-10-29T09:45:04.872+0000: [ParNew: 38020K->4K(42752K), 0.0021238 secs] 339251K->301235K(518980K), 0.0021939 secs] [Times: user=0.00 sys=0.00, real=0.00 secs] 
2020-10-29T09:45:04.908+0000: [GC (Allocation Failure) 2020-10-29T09:45:04.908+0000: [ParNew: 38020K->4K(42752K), 0.0021593 secs] 339251K->301235K(518980K), 0.0022334 secs] [Times: user=0.01 sys=0.00, real=0.01 secs] 
2020-10-29T09:45:04.947+0000: [GC (Allocation Failure) 2020-10-29T09:45:04.948+0000: [ParNew: 38020K->4K(42752K), 0.0021602 secs] 339251K->301235K(518980K), 0.0022730 secs] [Times: user=0.01 sys=0.00, real=0.01 secs] 
2020-10-29T09:45:04.984+0000: [GC (Allocation Failure) 2020-10-29T09:45:04.984+0000: [ParNew: 38020K->4K(42752K), 0.0021831 secs] 339251K->301235K(518980K), 0.0022455 secs] [Times: user=0.00 sys=0.00, real=0.00 secs] 
2020-10-29T09:45:05.025+0000: [GC (Allocation Failure) 2020-10-29T09:45:05.025+0000: [ParNew: 38020K->4K(42752K), 0.0021169 secs] 339251K->301235K(518980K), 0.0021815 secs] [Times: user=0.00 sys=0.00, real=0.00 secs] 
2020-10-29T09:45:05.060+0000: [GC (Allocation Failure) 2020-10-29T09:45:05.060+0000: [ParNew: 38020K->4K(42752K), 0.0021304 secs] 339251K->301235K(518980K), 0.0021972 secs] [Times: user=0.01 sys=0.00, real=0.01 secs] 
2020-10-29T09:45:05.096+0000: [GC (Allocation Failure) 2020-10-29T09:45:05.096+0000: [ParNew: 38020K->4K(42752K), 0.0021237 secs] 339251K->301235K(518980K), 0.0022021 secs] [Times: user=0.01 sys=0.00, real=0.00 secs] 
2020-10-29T09:45:05.133+0000: [GC (Allocation Failure) 2020-10-29T09:45:05.133+0000: [ParNew: 38020K->4K(42752K), 0.0021024 secs] 339251K->301235K(518980K), 0.0021832 secs] [Times: user=0.00 sys=0.00, real=0.00 secs] 
2020-10-29T09:45:05.170+0000: [GC (Allocation Failure) 2020-10-29T09:45:05.170+0000: [ParNew: 38020K->4K(42752K), 0.0020934 secs] 339251K->301235K(518980K), 0.0021483 secs] [Times: user=0.00 sys=0.00, real=0.00 secs] 
2020-10-29T09:45:05.206+0000: [GC (Allocation Failure) 2020-10-29T09:45:05.206+0000: [ParNew: 38020K->4K(42752K), 0.0020992 secs] 339251K->301235K(518980K), 0.0021535 secs] [Times: user=0.00 sys=0.00, real=0.00 secs] 
2020-10-29T09:45:05.242+0000: [GC (Allocation Failure) 2020-10-29T09:45:05.242+0000: [ParNew: 38020K->2K(42752K), 0.0043834 secs] 339251K->301233K(518980K), 0.0044451 secs] [Times: user=0.00 sys=0.00, real=0.00 secs] 
2020-10-29T09:45:05.280+0000: [GC (Allocation Failure) 2020-10-29T09:45:05.280+0000: [ParNew: 38018K->2K(42752K), 0.0045071 secs] 339249K->301233K(518980K), 0.0045564 secs] [Times: user=0.00 sys=0.00, real=0.01 secs] 
2020-10-29T09:45:05.318+0000: [GC (Allocation Failure) 2020-10-29T09:45:05.318+0000: [ParNew: 38018K->4K(42752K), 0.0021427 secs] 339249K->301235K(518980K), 0.0022159 secs] [Times: user=0.00 sys=0.00, real=0.00 secs] 
2020-10-29T09:45:05.354+0000: [GC (Allocation Failure) 2020-10-29T09:45:05.354+0000: [ParNew: 38020K->4K(42752K), 0.0021062 secs] 339251K->301235K(518980K), 0.0022051 secs] [Times: user=0.00 sys=0.00, real=0.00 secs] 
2020-10-29T09:45:05.389+0000: [GC (Allocation Failure) 2020-10-29T09:45:05.389+0000: [ParNew: 38020K->4K(42752K), 0.0021812 secs] 339251K->301235K(518980K), 0.0022544 secs] [Times: user=0.00 sys=0.00, real=0.01 secs] 
2020-10-29T09:45:05.429+0000: [GC (Allocation Failure) 2020-10-29T09:45:05.429+0000: [ParNew: 38020K->4K(42752K), 0.0021265 secs] 339251K->301235K(518980K), 0.0021909 secs] [Times: user=0.00 sys=0.00, real=0.01 secs] 
2020-10-29T09:45:05.465+0000: [GC (Allocation Failure) 2020-10-29T09:45:05.465+0000: [ParNew: 38020K->4K(42752K), 0.0021474 secs] 339251K->301235K(518980K), 0.0022461 secs] [Times: user=0.00 sys=0.00, real=0.00 secs] 
2020-10-29T09:45:05.504+0000: [GC (Allocation Failure) 2020-10-29T09:45:05.504+0000: [ParNew: 38020K->4K(42752K), 0.0021210 secs] 339251K->301235K(518980K), 0.0021874 secs] [Times: user=0.00 sys=0.00, real=0.00 secs] 
2020-10-29T09:45:05.544+0000: [GC (Allocation Failure) 2020-10-29T09:45:05.544+0000: [ParNew: 38020K->4K(42752K), 0.0021257 secs] 339251K->301235K(518980K), 0.0021958 secs] [Times: user=0.00 sys=0.00, real=0.00 secs] 
2020-10-29T09:45:05.580+0000: [GC (Allocation Failure) 2020-10-29T09:45:05.580+0000: [ParNew: 38020K->4K(42752K), 0.0021339 secs] 339251K->301235K(518980K), 0.0022090 secs] [Times: user=0.00 sys=0.00, real=0.01 secs] 
2020-10-29T09:45:05.618+0000: [GC (Allocation Failure) 2020-10-29T09:45:05.618+0000: [ParNew: 38020K->4K(42752K), 0.0020970 secs] 339251K->301235K(518980K), 0.0021504 secs] [Times: user=0.01 sys=0.00, real=0.00 secs] 
2020-10-29T09:45:05.658+0000: [GC (Allocation Failure) 2020-10-29T09:45:05.658+0000: [ParNew: 38020K->4K(42752K), 0.0021264 secs] 339251K->301235K(518980K), 0.0021923 secs] [Times: user=0.01 sys=0.00, real=0.00 secs] 
2020-10-29T09:45:05.694+0000: [GC (Allocation Failure) 2020-10-29T09:45:05.694+0000: [ParNew: 38020K->4K(42752K), 0.0021617 secs] 339251K->301235K(518980K), 0.0022369 secs] [Times: user=0.00 sys=0.00, real=0.00 secs] 
2020-10-29T09:45:05.732+0000: [GC (Allocation Failure) 2020-10-29T09:45:05.732+0000: [ParNew: 38020K->4K(42752K), 0.0020888 secs] 339251K->301235K(518980K), 0.0021411 secs] [Times: user=0.01 sys=0.00, real=0.00 secs] 
2020-10-29T09:45:05.770+0000: [GC (Allocation Failure) 2020-10-29T09:45:05.770+0000: [ParNew: 38020K->4K(42752K), 0.0020804 secs] 339251K->301235K(518980K), 0.0021334 secs] [Times: user=0.01 sys=0.00, real=0.00 secs] 
2020-10-29T09:45:05.807+0000: [GC (Allocation Failure) 2020-10-29T09:45:05.807+0000: [ParNew: 38020K->4K(42752K), 0.0021279 secs] 339251K->301235K(518980K), 0.0022020 secs] [Times: user=0.01 sys=0.00, real=0.00 secs] 
2020-10-29T09:45:05.846+0000: [GC (Allocation Failure) 2020-10-29T09:45:05.846+0000: [ParNew: 38020K->4K(42752K), 0.0020658 secs] 339251K->301235K(518980K), 0.0021122 secs] [Times: user=0.00 sys=0.00, real=0.00 secs] 
2020-10-29T09:45:05.905+0000: [GC (Allocation Failure) 2020-10-29T09:45:05.905+0000: [ParNew: 38020K->8K(42752K), 0.0021425 secs] 339251K->301239K(518980K), 0.0022144 secs] [Times: user=0.01 sys=0.00, real=0.00 secs] 
2020-10-29T09:45:05.943+0000: [GC (Allocation Failure) 2020-10-29T09:45:05.943+0000: [ParNew: 38024K->8K(42752K), 0.0021389 secs] 339255K->301239K(518980K), 0.0021917 secs] [Times: user=0.00 sys=0.00, real=0.00 secs] 
2020-10-29T09:45:05.979+0000: [GC (Allocation Failure) 2020-10-29T09:45:05.979+0000: [ParNew: 38024K->9K(42752K), 0.0021287 secs] 339255K->301240K(518980K), 0.0022072 secs] [Times: user=0.00 sys=0.00, real=0.01 secs] 
2020-10-29T09:45:06.019+0000: [GC (Allocation Failure) 2020-10-29T09:45:06.019+0000: [ParNew: 38025K->8K(42752K), 0.0021205 secs] 339256K->301239K(518980K), 0.0021842 secs] [Times: user=0.00 sys=0.00, real=0.00 secs] 
2020-10-29T09:45:06.058+0000: [GC (Allocation Failure) 2020-10-29T09:45:06.058+0000: [ParNew: 38024K->9K(42752K), 0.0021606 secs] 339255K->301240K(518980K), 0.0022411 secs] [Times: user=0.01 sys=0.00, real=0.00 secs] 
2020-10-29T09:45:06.098+0000: [GC (Allocation Failure) 2020-10-29T09:45:06.098+0000: [ParNew: 38025K->8K(42752K), 0.0021324 secs] 339256K->301239K(518980K), 0.0021864 secs] [Times: user=0.01 sys=0.00, real=0.00 secs] 
2020-10-29T09:45:06.134+0000: [GC (Allocation Failure) 2020-10-29T09:45:06.134+0000: [ParNew: 38024K->4K(42752K), 0.0021428 secs] 339255K->301238K(518980K), 0.0022219 secs] [Times: user=0.00 sys=0.00, real=0.00 secs] 
2020-10-29T09:45:06.175+0000: [GC (Allocation Failure) 2020-10-29T09:45:06.175+0000: [ParNew: 38020K->4K(42752K), 0.0021033 secs] 339254K->301238K(518980K), 0.0021691 secs] [Times: user=0.00 sys=0.00, real=0.00 secs] 
2020-10-29T09:45:06.211+0000: [GC (Allocation Failure) 2020-10-29T09:45:06.211+0000: [ParNew: 38020K->4K(42752K), 0.0021556 secs] 339254K->301238K(518980K), 0.0022321 secs] [Times: user=0.00 sys=0.00, real=0.00 secs] 
2020-10-29T09:45:06.252+0000: [GC (Allocation Failure) 2020-10-29T09:45:06.252+0000: [ParNew: 38020K->4K(42752K), 0.0021313 secs] 339254K->301238K(518980K), 0.0022078 secs] [Times: user=0.00 sys=0.00, real=0.00 secs] 
2020-10-29T09:45:06.291+0000: [GC (Allocation Failure) 2020-10-29T09:45:06.291+0000: [ParNew: 38020K->4K(42752K), 0.0021127 secs] 339254K->301238K(518980K), 0.0021762 secs] [Times: user=0.00 sys=0.00, real=0.00 secs] 
2020-10-29T09:45:06.338+0000: [GC (Allocation Failure) 2020-10-29T09:45:06.338+0000: [ParNew: 38020K->4K(42752K), 0.0021270 secs] 339254K->301238K(518980K), 0.0021905 secs] [Times: user=0.00 sys=0.00, real=0.00 secs] 
2020-10-29T09:45:06.377+0000: [GC (Allocation Failure) 2020-10-29T09:45:06.377+0000: [ParNew: 38020K->4K(42752K), 0.0021147 secs] 339254K->301238K(518980K), 0.0021677 secs] [Times: user=0.00 sys=0.00, real=0.00 secs] 
2020-10-29T09:45:06.413+0000: [GC (Allocation Failure) 2020-10-29T09:45:06.413+0000: [ParNew: 38020K->4K(42752K), 0.0021051 secs] 339254K->301238K(518980K), 0.0021601 secs] [Times: user=0.00 sys=0.00, real=0.00 secs] 
2020-10-29T09:45:06.455+0000: [GC (Allocation Failure) 2020-10-29T09:45:06.455+0000: [ParNew: 38020K->4K(42752K), 0.0021640 secs] 339254K->301238K(518980K), 0.0022298 secs] [Times: user=0.01 sys=0.00, real=0.00 secs] 
2020-10-29T09:45:06.495+0000: [GC (Allocation Failure) 2020-10-29T09:45:06.495+0000: [ParNew: 38020K->4K(42752K), 0.0021036 secs] 339254K->301238K(518980K), 0.0021715 secs] [Times: user=0.00 sys=0.00, real=0.00 secs] 
2020-10-29T09:45:06.531+0000: [GC (Allocation Failure) 2020-10-29T09:45:06.531+0000: [ParNew: 38020K->4K(42752K), 0.0021289 secs] 339254K->301238K(518980K), 0.0022020 secs] [Times: user=0.00 sys=0.00, real=0.00 secs] 
2020-10-29T09:45:06.568+0000: [GC (Allocation Failure) 2020-10-29T09:45:06.568+0000: [ParNew: 38020K->4K(42752K), 0.0021722 secs] 339254K->301238K(518980K), 0.0022512 secs] [Times: user=0.00 sys=0.00, real=0.01 secs] 
2020-10-29T09:45:06.604+0000: [GC (Allocation Failure) 2020-10-29T09:45:06.605+0000: [ParNew: 38020K->4K(42752K), 0.0021750 secs] 339254K->301238K(518980K), 0.0022477 secs] [Times: user=0.00 sys=0.00, real=0.00 secs] 
2020-10-29T09:45:06.641+0000: [GC (Allocation Failure) 2020-10-29T09:45:06.641+0000: [ParNew: 38020K->4K(42752K), 0.0021264 secs] 339254K->301238K(518980K), 0.0021968 secs] [Times: user=0.00 sys=0.00, real=0.01 secs] 
2020-10-29T09:45:06.682+0000: [GC (Allocation Failure) 2020-10-29T09:45:06.682+0000: [ParNew: 38020K->4K(42752K), 0.0020963 secs] 339254K->301238K(518980K), 0.0021801 secs] [Times: user=0.00 sys=0.00, real=0.01 secs] 
2020-10-29T09:45:06.718+0000: [GC (Allocation Failure) 2020-10-29T09:45:06.718+0000: [ParNew: 38020K->4K(42752K), 0.0021257 secs] 339254K->301238K(518980K), 0.0021875 secs] [Times: user=0.00 sys=0.00, real=0.00 secs] 
2020-10-29T09:45:06.759+0000: [GC (Allocation Failure) 2020-10-29T09:45:06.759+0000: [ParNew: 38020K->4K(42752K), 0.0021104 secs] 339254K->301238K(518980K), 0.0021629 secs] [Times: user=0.01 sys=0.00, real=0.00 secs] 
2020-10-29T09:45:06.795+0000: [GC (Allocation Failure) 2020-10-29T09:45:06.795+0000: [ParNew: 38020K->4K(42752K), 0.0020937 secs] 339254K->301238K(518980K), 0.0021729 secs] [Times: user=0.01 sys=0.00, real=0.00 secs] 
2020-10-29T09:45:06.832+0000: [GC (Allocation Failure) 2020-10-29T09:45:06.832+0000: [ParNew: 38020K->4K(42752K), 0.0021180 secs] 339254K->301238K(518980K), 0.0021792 secs] [Times: user=0.00 sys=0.00, real=0.00 secs] 
2020-10-29T09:45:06.870+0000: [GC (Allocation Failure) 2020-10-29T09:45:06.870+0000: [ParNew: 38020K->4K(42752K), 0.0020891 secs] 339254K->301238K(518980K), 0.0021357 secs] [Times: user=0.01 sys=0.00, real=0.00 secs] 
2020-10-29T09:45:06.914+0000: [GC (Allocation Failure) 2020-10-29T09:45:06.914+0000: [ParNew: 38020K->4K(42752K), 0.0021148 secs] 339254K->301238K(518980K), 0.0021784 secs] [Times: user=0.01 sys=0.00, real=0.00 secs] 
2020-10-29T09:45:06.954+0000: [GC (Allocation Failure) 2020-10-29T09:45:06.954+0000: [ParNew: 38020K->4K(42752K), 0.0020715 secs] 339254K->301238K(518980K), 0.0021251 secs] [Times: user=0.00 sys=0.00, real=0.00 secs] 
2020-10-29T09:45:07.015+0000: [GC (Allocation Failure) 2020-10-29T09:45:07.015+0000: [ParNew: 38020K->4K(42752K), 0.0050175 secs] 339254K->301238K(518980K), 0.0050790 secs] [Times: user=0.00 sys=0.00, real=0.00 secs] 
2020-10-29T09:45:07.066+0000: [GC (Allocation Failure) 2020-10-29T09:45:07.066+0000: [ParNew: 38020K->4K(42752K), 0.0026489 secs] 339254K->301238K(518980K), 0.0027291 secs] [Times: user=0.00 sys=0.00, real=0.00 secs] 
2020-10-29T09:45:07.103+0000: [GC (Allocation Failure) 2020-10-29T09:45:07.103+0000: [ParNew: 38020K->4K(42752K), 0.0021246 secs] 339254K->301238K(518980K), 0.0022025 secs] [Times: user=0.00 sys=0.00, real=0.00 secs] 
2020-10-29T09:45:07.141+0000: [GC (Allocation Failure) 2020-10-29T09:45:07.141+0000: [ParNew: 38020K->4K(42752K), 0.0021108 secs] 339254K->301238K(518980K), 0.0021640 secs] [Times: user=0.00 sys=0.00, real=0.01 secs] 
2020-10-29T09:45:07.181+0000: [GC (Allocation Failure) 2020-10-29T09:45:07.181+0000: [ParNew: 38020K->4K(42752K), 0.0021572 secs] 339254K->301238K(518980K), 0.0022109 secs] [Times: user=0.01 sys=0.00, real=0.01 secs] 
2020-10-29T09:45:07.222+0000: [GC (Allocation Failure) 2020-10-29T09:45:07.222+0000: [ParNew: 38020K->4K(42752K), 0.0020973 secs] 339254K->301238K(518980K), 0.0021654 secs] [Times: user=0.01 sys=0.00, real=0.00 secs] 
2020-10-29T09:45:07.262+0000: [GC (Allocation Failure) 2020-10-29T09:45:07.262+0000: [ParNew: 38020K->4K(42752K), 0.0021080 secs] 339254K->301238K(518980K), 0.0021631 secs] [Times: user=0.00 sys=0.00, real=0.00 secs] 
2020-10-29T09:45:07.299+0000: [GC (Allocation Failure) 2020-10-29T09:45:07.299+0000: [ParNew: 38020K->4K(42752K), 0.0020875 secs] 339254K->301238K(518980K), 0.0021417 secs] [Times: user=0.00 sys=0.00, real=0.00 secs] 
2020-10-29T09:45:07.335+0000: [GC (Allocation Failure) 2020-10-29T09:45:07.335+0000: [ParNew: 38020K->4K(42752K), 0.0020875 secs] 339254K->301238K(518980K), 0.0021644 secs] [Times: user=0.00 sys=0.00, real=0.00 secs] 
2020-10-29T09:45:07.384+0000: [GC (Allocation Failure) 2020-10-29T09:45:07.384+0000: [ParNew: 38020K->4K(42752K), 0.0021291 secs] 339254K->301238K(518980K), 0.0022082 secs] [Times: user=0.01 sys=0.00, real=0.00 secs] 
2020-10-29T09:45:07.451+0000: [GC (Allocation Failure) 2020-10-29T09:45:07.451+0000: [ParNew: 38020K->4K(42752K), 0.0021666 secs] 339254K->301238K(518980K), 0.0022572 secs] [Times: user=0.01 sys=0.00, real=0.00 secs] 
2020-10-29T09:45:07.522+0000: [GC (Allocation Failure) 2020-10-29T09:45:07.522+0000: [ParNew: 38020K->4K(42752K), 0.0021375 secs] 339254K->301238K(518980K), 0.0021915 secs] [Times: user=0.01 sys=0.00, real=0.00 secs] 
2020-10-29T09:45:07.606+0000: [GC (Allocation Failure) 2020-10-29T09:45:07.606+0000: [ParNew: 38020K->4K(42752K), 0.0020859 secs] 339254K->301238K(518980K), 0.0021404 secs] [Times: user=0.00 sys=0.00, real=0.00 secs] 
2020-10-29T09:45:07.681+0000: [GC (Allocation Failure) 2020-10-29T09:45:07.681+0000: [ParNew: 38020K->4K(42752K), 0.0021257 secs] 339254K->301238K(518980K), 0.0021807 secs] [Times: user=0.00 sys=0.00, real=0.01 secs] 
2020-10-29T09:45:07.784+0000: [GC (Allocation Failure) 2020-10-29T09:45:07.784+0000: [ParNew: 38020K->4K(42752K), 0.0043720 secs] 339254K->301238K(518980K), 0.0044293 secs] [Times: user=0.00 sys=0.00, real=0.00 secs] 
2020-10-29T09:45:07.993+0000: [GC (Allocation Failure) 2020-10-29T09:45:07.993+0000: [ParNew: 38020K->4K(42752K), 0.0021116 secs] 339254K->301239K(518980K), 0.0021965 secs] [Times: user=0.00 sys=0.00, real=0.00 secs] 
2020-10-29T09:45:08.060+0000: [GC (Allocation Failure) 2020-10-29T09:45:08.060+0000: [ParNew: 38020K->4K(42752K), 0.0021273 secs] 339255K->301239K(518980K), 0.0021818 secs] [Times: user=0.01 sys=0.00, real=0.01 secs] 
2020-10-29T09:45:08.102+0000: [GC (Allocation Failure) 2020-10-29T09:45:08.102+0000: [ParNew: 38020K->4K(42752K), 0.0021181 secs] 339255K->301239K(518980K), 0.0021992 secs] [Times: user=0.00 sys=0.01, real=0.01 secs] 
2020-10-29T09:45:08.142+0000: [GC (Allocation Failure) 2020-10-29T09:45:08.142+0000: [ParNew: 38020K->4K(42752K), 0.0021014 secs] 339255K->301239K(518980K), 0.0021547 secs] [Times: user=0.00 sys=0.00, real=0.00 secs] 
2020-10-29T09:45:08.182+0000: [GC (Allocation Failure) 2020-10-29T09:45:08.182+0000: [ParNew: 38020K->4K(42752K), 0.0026522 secs] 339255K->301239K(518980K), 0.0027067 secs] [Times: user=0.00 sys=0.00, real=0.00 secs] 
2020-10-29T09:45:08.223+0000: [GC (Allocation Failure) 2020-10-29T09:45:08.223+0000: [ParNew: 38020K->4K(42752K), 0.0020963 secs] 339255K->301240K(518980K), 0.0021650 secs] [Times: user=0.00 sys=0.00, real=0.00 secs] 
2020-10-29T09:45:08.280+0000: [GC (Allocation Failure) 2020-10-29T09:45:08.280+0000: [ParNew: 38020K->4K(42752K), 0.0026369 secs] 339256K->301241K(518980K), 0.0026840 secs] [Times: user=0.00 sys=0.00, real=0.01 secs] 
2020-10-29T09:45:09.060+0000: [GC (Allocation Failure) 2020-10-29T09:45:09.060+0000: [ParNew: 38020K->766K(42752K), 0.0031067 secs] 339257K->302003K(518980K), 0.0031818 secs] [Times: user=0.01 sys=0.00, real=0.01 secs] 
2020-10-29T09:45:09.365+0000: [GC (Allocation Failure) 2020-10-29T09:45:09.365+0000: [ParNew: 38782K->2611K(42752K), 0.0059056 secs] 340019K->303848K(518980K), 0.0059890 secs] [Times: user=0.01 sys=0.00, real=0.01 secs] 
2020-10-29T09:45:09.479+0000: [GC (Allocation Failure) 2020-10-29T09:45:09.479+0000: [ParNew: 40627K->2504K(42752K), 0.0048469 secs] 341864K->304230K(518980K), 0.0049096 secs] [Times: user=0.01 sys=0.00, real=0.01 secs] 
2020-10-29T09:45:09.558+0000: [GC (Allocation Failure) 2020-10-29T09:45:09.558+0000: [ParNew: 40520K->2343K(42752K), 0.0036356 secs] 342246K->304069K(518980K), 0.0037114 secs] [Times: user=0.01 sys=0.00, real=0.00 secs] 
2020-10-29T09:45:09.646+0000: [GC (Allocation Failure) 2020-10-29T09:45:09.646+0000: [ParNew: 40359K->2320K(42752K), 0.0069790 secs] 342085K->304046K(518980K), 0.0070589 secs] [Times: user=0.01 sys=0.00, real=0.01 secs] 
2020-10-29T09:45:09.722+0000: [GC (Allocation Failure) 2020-10-29T09:45:09.722+0000: [ParNew: 40336K->3144K(42752K), 0.0049211 secs] 342062K->304870K(518980K), 0.0049884 secs] [Times: user=0.01 sys=0.00, real=0.00 secs] 
2020-10-29T09:45:09.812+0000: [GC (Allocation Failure) 2020-10-29T09:45:09.812+0000: [ParNew: 41160K->2494K(42752K), 0.0071280 secs] 342886K->304220K(518980K), 0.0072023 secs] [Times: user=0.02 sys=0.00, real=0.00 secs] 
2020-10-29T09:45:09.879+0000: [GC (Allocation Failure) 2020-10-29T09:45:09.879+0000: [ParNew: 40510K->1862K(42752K), 0.0113391 secs] 342236K->304915K(518980K), 0.0114164 secs] [Times: user=0.03 sys=0.00, real=0.02 secs] 
2020-10-29T09:45:09.938+0000: [GC (Allocation Failure) 2020-10-29T09:45:09.938+0000: [ParNew: 39878K->1218K(42752K), 0.0051360 secs] 342931K->304283K(518980K), 0.0052006 secs] [Times: user=0.01 sys=0.00, real=0.01 secs] 
2020-10-29T09:45:10.013+0000: [GC (Allocation Failure) 2020-10-29T09:45:10.013+0000: [ParNew: 39234K->1121K(42752K), 0.0052987 secs] 342299K->304186K(518980K), 0.0053711 secs] [Times: user=0.01 sys=0.00, real=0.00 secs] 
2020-10-29T09:45:10.086+0000: [GC (Allocation Failure) 2020-10-29T09:45:10.086+0000: [ParNew: 39137K->1048K(42752K), 0.0044440 secs] 342202K->304113K(518980K), 0.0045101 secs] [Times: user=0.01 sys=0.00, real=0.01 secs] 
2020-10-29T09:45:10.148+0000: [GC (Allocation Failure) 2020-10-29T09:45:10.148+0000: [ParNew: 39064K->2054K(42752K), 0.0037134 secs] 342129K->305119K(518980K), 0.0037956 secs] [Times: user=0.01 sys=0.00, real=0.01 secs] 
2020-10-29T09:45:10.220+0000: [GC (Allocation Failure) 2020-10-29T09:45:10.220+0000: [ParNew: 40070K->2052K(42752K), 0.0024683 secs] 343135K->305117K(518980K), 0.0025362 secs] [Times: user=0.00 sys=0.00, real=0.01 secs] 
2020-10-29T09:45:10.301+0000: [GC (Allocation Failure) 2020-10-29T09:45:10.301+0000: [ParNew: 40068K->4K(42752K), 0.0021404 secs] 343133K->303069K(518980K), 0.0021993 secs] [Times: user=0.00 sys=0.00, real=0.01 secs] 
2020-10-29T09:45:10.377+0000: [GC (Allocation Failure) 2020-10-29T09:45:10.377+0000: [ParNew: 38020K->4K(42752K), 0.0043675 secs] 341085K->303069K(518980K), 0.0044590 secs] [Times: user=0.01 sys=0.00, real=0.01 secs] 
2020-10-29T09:45:10.456+0000: [GC (Allocation Failure) 2020-10-29T09:45:10.456+0000: [ParNew: 38020K->4K(42752K), 0.0043767 secs] 341085K->303069K(518980K), 0.0044525 secs] [Times: user=0.01 sys=0.00, real=0.00 secs] 
2020-10-29T09:45:10.534+0000: [GC (Allocation Failure) 2020-10-29T09:45:10.534+0000: [ParNew: 38020K->4K(42752K), 0.0059775 secs] 341085K->303069K(518980K), 0.0060536 secs] [Times: user=0.01 sys=0.00, real=0.00 secs] 
2020-10-29T09:45:10.596+0000: [GC (Allocation Failure) 2020-10-29T09:45:10.596+0000: [ParNew: 38020K->4K(42752K), 0.0021694 secs] 341085K->303069K(518980K), 0.0022347 secs] [Times: user=0.01 sys=0.00, real=0.00 secs] 
2020-10-29T09:45:10.642+0000: [GC (Allocation Failure) 2020-10-29T09:45:10.642+0000: [ParNew: 38020K->4K(42752K), 0.0020835 secs] 341085K->303069K(518980K), 0.0021374 secs] [Times: user=0.01 sys=0.00, real=0.00 secs] 
2020-10-29T09:45:10.686+0000: [GC (Allocation Failure) 2020-10-29T09:45:10.686+0000: [ParNew: 38020K->4K(42752K), 0.0021177 secs] 341085K->303069K(518980K), 0.0021632 secs] [Times: user=0.00 sys=0.00, real=0.00 secs] 
2020-10-29T09:45:10.726+0000: [GC (Allocation Failure) 2020-10-29T09:45:10.726+0000: [ParNew: 38020K->4K(42752K), 0.0021934 secs] 341085K->303069K(518980K), 0.0022487 secs] [Times: user=0.00 sys=0.00, real=0.00 secs] 
2020-10-29T09:45:10.763+0000: [GC (Allocation Failure) 2020-10-29T09:45:10.763+0000: [ParNew: 38020K->4K(42752K), 0.0021206 secs] 341085K->303069K(518980K), 0.0021742 secs] [Times: user=0.00 sys=0.00, real=0.00 secs] 
2020-10-29T09:45:10.802+0000: [GC (Allocation Failure) 2020-10-29T09:45:10.802+0000: [ParNew: 38020K->4K(42752K), 0.0021372 secs] 341085K->303069K(518980K), 0.0021929 secs] [Times: user=0.01 sys=0.00, real=0.00 secs] 
2020-10-29T09:45:10.839+0000: [GC (Allocation Failure) 2020-10-29T09:45:10.839+0000: [ParNew: 38020K->4K(42752K), 0.0021272 secs] 341085K->303069K(518980K), 0.0022078 secs] [Times: user=0.00 sys=0.00, real=0.00 secs] 
2020-10-29T09:45:10.878+0000: [GC (Allocation Failure) 2020-10-29T09:45:10.878+0000: [ParNew: 38020K->4K(42752K), 0.0021407 secs] 341085K->303069K(518980K), 0.0021956 secs] [Times: user=0.00 sys=0.00, real=0.00 secs] 
2020-10-29T09:45:10.913+0000: [GC (Allocation Failure) 2020-10-29T09:45:10.913+0000: [ParNew: 38020K->4K(42752K), 0.0021537 secs] 341085K->303069K(518980K), 0.0022300 secs] [Times: user=0.00 sys=0.00, real=0.00 secs] 
2020-10-29T09:45:10.949+0000: [GC (Allocation Failure) 2020-10-29T09:45:10.949+0000: [ParNew: 38020K->4K(42752K), 0.0021291 secs] 341085K->303069K(518980K), 0.0021846 secs] [Times: user=0.00 sys=0.00, real=0.01 secs] 
2020-10-29T09:45:10.985+0000: [GC (Allocation Failure) 2020-10-29T09:45:10.985+0000: [ParNew: 38020K->4K(42752K), 0.0041757 secs] 341085K->303069K(518980K), 0.0042313 secs] [Times: user=0.00 sys=0.00, real=0.00 secs] 
2020-10-29T09:45:11.026+0000: [GC (Allocation Failure) 2020-10-29T09:45:11.026+0000: [ParNew: 38020K->4K(42752K), 0.0021657 secs] 341085K->303069K(518980K), 0.0022385 secs] [Times: user=0.00 sys=0.00, real=0.00 secs] 
2020-10-29T09:45:11.062+0000: [GC (Allocation Failure) 2020-10-29T09:45:11.062+0000: [ParNew: 38020K->4K(42752K), 0.0021701 secs] 341085K->303069K(518980K), 0.0022513 secs] [Times: user=0.00 sys=0.00, real=0.00 secs] 
2020-10-29T09:45:11.099+0000: [GC (Allocation Failure) 2020-10-29T09:45:11.099+0000: [ParNew: 38020K->4K(42752K), 0.0021311 secs] 341085K->303069K(518980K), 0.0022065 secs] [Times: user=0.01 sys=0.00, real=0.00 secs] 
2020-10-29T09:45:11.134+0000: [GC (Allocation Failure) 2020-10-29T09:45:11.134+0000: [ParNew: 38020K->4K(42752K), 0.0021208 secs] 341085K->303069K(518980K), 0.0021986 secs] [Times: user=0.01 sys=0.00, real=0.00 secs] 
2020-10-29T09:45:11.172+0000: [GC (Allocation Failure) 2020-10-29T09:45:11.172+0000: [ParNew: 38020K->4K(42752K), 0.0021882 secs] 341085K->303069K(518980K), 0.0022352 secs] [Times: user=0.01 sys=0.00, real=0.00 secs] 
2020-10-29T09:45:11.208+0000: [GC (Allocation Failure) 2020-10-29T09:45:11.208+0000: [ParNew: 38020K->4K(42752K), 0.0023614 secs] 341085K->303069K(518980K), 0.0024517 secs] [Times: user=0.01 sys=0.00, real=0.01 secs] 
2020-10-29T09:45:11.244+0000: [GC (Allocation Failure) 2020-10-29T09:45:11.244+0000: [ParNew: 38020K->4K(42752K), 0.0021856 secs] 341085K->303069K(518980K), 0.0022644 secs] [Times: user=0.00 sys=0.00, real=0.00 secs] 
2020-10-29T09:45:11.284+0000: [GC (Allocation Failure) 2020-10-29T09:45:11.284+0000: [ParNew: 38020K->4K(42752K), 0.0021826 secs] 341085K->303069K(518980K), 0.0022525 secs] [Times: user=0.00 sys=0.00, real=0.00 secs] 
2020-10-29T09:45:11.322+0000: [GC (Allocation Failure) 2020-10-29T09:45:11.322+0000: [ParNew: 38020K->4K(42752K), 0.0045424 secs] 341085K->303069K(518980K), 0.0045899 secs] [Times: user=0.01 sys=0.00, real=0.00 secs] 
2020-10-29T09:45:11.382+0000: [GC (Allocation Failure) 2020-10-29T09:45:11.382+0000: [ParNew: 38020K->4K(42752K), 0.0021173 secs] 341085K->303069K(518980K), 0.0021886 secs] [Times: user=0.01 sys=0.00, real=0.00 secs] 
2020-10-29T09:45:11.419+0000: [GC (Allocation Failure) 2020-10-29T09:45:11.420+0000: [ParNew: 38020K->4K(42752K), 0.0021458 secs] 341085K->303069K(518980K), 0.0022199 secs] [Times: user=0.00 sys=0.01, real=0.01 secs] 
2020-10-29T09:45:11.459+0000: [GC (Allocation Failure) 2020-10-29T09:45:11.459+0000: [ParNew: 38020K->4K(42752K), 0.0021314 secs] 341085K->303069K(518980K), 0.0021991 secs] [Times: user=0.01 sys=0.00, real=0.00 secs] 
2020-10-29T09:45:11.495+0000: [GC (Allocation Failure) 2020-10-29T09:45:11.495+0000: [ParNew: 38020K->4K(42752K), 0.0022898 secs] 341085K->303069K(518980K), 0.0023673 secs] [Times: user=0.00 sys=0.00, real=0.00 secs] 
2020-10-29T09:45:11.532+0000: [GC (Allocation Failure) 2020-10-29T09:45:11.532+0000: [ParNew: 38020K->4K(42752K), 0.0021901 secs] 341085K->303069K(518980K), 0.0022667 secs] [Times: user=0.00 sys=0.00, real=0.00 secs] 
2020-10-29T09:45:11.571+0000: [GC (Allocation Failure) 2020-10-29T09:45:11.571+0000: [ParNew: 38020K->4K(42752K), 0.0045139 secs] 341085K->303069K(518980K), 0.0045894 secs] [Times: user=0.00 sys=0.00, real=0.00 secs] 
2020-10-29T09:45:11.618+0000: [GC (Allocation Failure) 2020-10-29T09:45:11.618+0000: [ParNew: 38020K->4K(42752K), 0.0021312 secs] 341085K->303069K(518980K), 0.0022073 secs] [Times: user=0.00 sys=0.00, real=0.00 secs] 
2020-10-29T09:45:11.657+0000: [GC (Allocation Failure) 2020-10-29T09:45:11.657+0000: [ParNew: 38020K->4K(42752K), 0.0022279 secs] 341085K->303069K(518980K), 0.0023107 secs] [Times: user=0.00 sys=0.00, real=0.00 secs] 
2020-10-29T09:45:11.696+0000: [GC (Allocation Failure) 2020-10-29T09:45:11.696+0000: [ParNew: 38020K->4K(42752K), 0.0021489 secs] 341085K->303069K(518980K), 0.0022046 secs] [Times: user=0.00 sys=0.00, real=0.00 secs] 
2020-10-29T09:45:11.733+0000: [GC (Allocation Failure) 2020-10-29T09:45:11.733+0000: [ParNew: 38020K->4K(42752K), 0.0021600 secs] 341085K->303069K(518980K), 0.0022154 secs] [Times: user=0.00 sys=0.00, real=0.00 secs] 
2020-10-29T09:45:11.770+0000: [GC (Allocation Failure) 2020-10-29T09:45:11.770+0000: [ParNew: 38020K->4K(42752K), 0.0025905 secs] 341085K->303070K(518980K), 0.0026750 secs] [Times: user=0.01 sys=0.00, real=0.00 secs] 
2020-10-29T09:45:11.809+0000: [GC (Allocation Failure) 2020-10-29T09:45:11.809+0000: [ParNew: 38020K->4K(42752K), 0.0022334 secs] 341086K->303070K(518980K), 0.0022906 secs] [Times: user=0.01 sys=0.00, real=0.01 secs] 
2020-10-29T09:45:11.846+0000: [GC (Allocation Failure) 2020-10-29T09:45:11.846+0000: [ParNew: 38020K->4K(42752K), 0.0021162 secs] 341086K->303070K(518980K), 0.0021980 secs] [Times: user=0.01 sys=0.00, real=0.00 secs] 
2020-10-29T09:45:11.881+0000: [GC (Allocation Failure) 2020-10-29T09:45:11.881+0000: [ParNew: 38020K->4K(42752K), 0.0021954 secs] 341086K->303070K(518980K), 0.0022683 secs] [Times: user=0.01 sys=0.00, real=0.01 secs] 
2020-10-29T09:45:11.919+0000: [GC (Allocation Failure) 2020-10-29T09:45:11.919+0000: [ParNew: 38020K->4K(42752K), 0.0021440 secs] 341086K->303070K(518980K), 0.0022156 secs] [Times: user=0.01 sys=0.00, real=0.01 secs] 
2020-10-29T09:45:11.958+0000: [GC (Allocation Failure) 2020-10-29T09:45:11.958+0000: [ParNew: 38020K->4K(42752K), 0.0021685 secs] 341086K->303070K(518980K), 0.0022231 secs] [Times: user=0.01 sys=0.00, real=0.00 secs] 
2020-10-29T09:45:11.995+0000: [GC (Allocation Failure) 2020-10-29T09:45:11.995+0000: [ParNew: 38020K->4K(42752K), 0.0025389 secs] 341086K->303070K(518980K), 0.0026162 secs] [Times: user=0.01 sys=0.00, real=0.00 secs] 
2020-10-29T09:45:12.031+0000: [GC (Allocation Failure) 2020-10-29T09:45:12.031+0000: [ParNew: 38020K->4K(42752K), 0.0021772 secs] 341086K->303070K(518980K), 0.0022659 secs] [Times: user=0.00 sys=0.00, real=0.00 secs] 
2020-10-29T09:45:12.067+0000: [GC (Allocation Failure) 2020-10-29T09:45:12.067+0000: [ParNew: 38020K->4K(42752K), 0.0021326 secs] 341086K->303070K(518980K), 0.0022029 secs] [Times: user=0.00 sys=0.00, real=0.00 secs] 
2020-10-29T09:45:12.104+0000: [GC (Allocation Failure) 2020-10-29T09:45:12.104+0000: [ParNew: 38020K->4K(42752K), 0.0021387 secs] 341086K->303070K(518980K), 0.0022150 secs] [Times: user=0.01 sys=0.00, real=0.00 secs] 
2020-10-29T09:45:12.140+0000: [GC (Allocation Failure) 2020-10-29T09:45:12.140+0000: [ParNew: 38020K->4K(42752K), 0.0022845 secs] 341086K->303070K(518980K), 0.0023621 secs] [Times: user=0.01 sys=0.00, real=0.01 secs] 
2020-10-29T09:45:12.176+0000: [GC (Allocation Failure) 2020-10-29T09:45:12.176+0000: [ParNew: 38020K->4K(42752K), 0.0021534 secs] 341086K->303070K(518980K), 0.0022335 secs] [Times: user=0.00 sys=0.00, real=0.00 secs] 
2020-10-29T09:45:12.214+0000: [GC (Allocation Failure) 2020-10-29T09:45:12.214+0000: [ParNew: 38020K->4K(42752K), 0.0021174 secs] 341086K->303070K(518980K), 0.0021771 secs] [Times: user=0.00 sys=0.00, real=0.00 secs] 
2020-10-29T09:45:12.253+0000: [GC (Allocation Failure) 2020-10-29T09:45:12.253+0000: [ParNew: 38020K->4K(42752K), 0.0107921 secs] 341086K->303070K(518980K), 0.0108494 secs] [Times: user=0.00 sys=0.00, real=0.01 secs] 
2020-10-29T09:45:12.298+0000: [GC (Allocation Failure) 2020-10-29T09:45:12.298+0000: [ParNew: 38020K->4K(42752K), 0.0032343 secs] 341086K->303070K(518980K), 0.0033172 secs] [Times: user=0.00 sys=0.00, real=0.00 secs] 
2020-10-29T09:45:12.335+0000: [GC (Allocation Failure) 2020-10-29T09:45:12.335+0000: [ParNew: 38020K->4K(42752K), 0.0021245 secs] 341086K->303070K(518980K), 0.0022230 secs] [Times: user=0.01 sys=0.00, real=0.00 secs] 
2020-10-29T09:45:12.375+0000: [GC (Allocation Failure) 2020-10-29T09:45:12.375+0000: [ParNew: 38020K->4K(42752K), 0.0021061 secs] 341086K->303070K(518980K), 0.0021644 secs] [Times: user=0.00 sys=0.00, real=0.00 secs] 
2020-10-29T09:45:12.412+0000: [GC (Allocation Failure) 2020-10-29T09:45:12.412+0000: [ParNew: 38020K->4K(42752K), 0.0021827 secs] 341086K->303070K(518980K), 0.0022321 secs] [Times: user=0.00 sys=0.00, real=0.00 secs] 
2020-10-29T09:45:12.450+0000: [GC (Allocation Failure) 2020-10-29T09:45:12.450+0000: [ParNew: 38020K->4K(42752K), 0.0021118 secs] 341086K->303070K(518980K), 0.0021792 secs] [Times: user=0.00 sys=0.00, real=0.00 secs] 
2020-10-29T09:45:12.486+0000: [GC (Allocation Failure) 2020-10-29T09:45:12.486+0000: [ParNew: 38020K->4K(42752K), 0.0020987 secs] 341086K->303070K(518980K), 0.0021543 secs] [Times: user=0.00 sys=0.00, real=0.00 secs] 
2020-10-29T09:45:12.523+0000: [GC (Allocation Failure) 2020-10-29T09:45:12.523+0000: [ParNew: 38020K->4K(42752K), 0.0021419 secs] 341086K->303070K(518980K), 0.0022206 secs] [Times: user=0.00 sys=0.00, real=0.00 secs] 
2020-10-29T09:45:12.559+0000: [GC (Allocation Failure) 2020-10-29T09:45:12.559+0000: [ParNew: 38020K->4K(42752K), 0.0021387 secs] 341086K->303070K(518980K), 0.0022409 secs] [Times: user=0.00 sys=0.00, real=0.01 secs] 
2020-10-29T09:45:12.595+0000: [GC (Allocation Failure) 2020-10-29T09:45:12.595+0000: [ParNew: 38020K->4K(42752K), 0.0021460 secs] 341086K->303070K(518980K), 0.0022267 secs] [Times: user=0.00 sys=0.00, real=0.00 secs] 
2020-10-29T09:45:12.631+0000: [GC (Allocation Failure) 2020-10-29T09:45:12.631+0000: [ParNew: 38020K->4K(42752K), 0.0022326 secs] 341086K->303070K(518980K), 0.0023124 secs] [Times: user=0.01 sys=0.00, real=0.00 secs] 
2020-10-29T09:45:12.667+0000: [GC (Allocation Failure) 2020-10-29T09:45:12.667+0000: [ParNew: 38020K->4K(42752K), 0.0021587 secs] 341086K->303070K(518980K), 0.0022391 secs] [Times: user=0.01 sys=0.00, real=0.01 secs] 
2020-10-29T09:45:12.707+0000: [GC (Allocation Failure) 2020-10-29T09:45:12.707+0000: [ParNew: 38020K->4K(42752K), 0.0021107 secs] 341086K->303070K(518980K), 0.0021660 secs] [Times: user=0.01 sys=0.00, real=0.00 secs] 
2020-10-29T09:45:12.743+0000: [GC (Allocation Failure) 2020-10-29T09:45:12.743+0000: [ParNew: 38020K->4K(42752K), 0.0021624 secs] 341086K->303070K(518980K), 0.0022410 secs] [Times: user=0.01 sys=0.00, real=0.00 secs] 
2020-10-29T09:45:12.782+0000: [GC (Allocation Failure) 2020-10-29T09:45:12.782+0000: [ParNew: 38020K->4K(42752K), 0.0021364 secs] 341086K->303070K(518980K), 0.0022009 secs] [Times: user=0.01 sys=0.00, real=0.00 secs] 
2020-10-29T09:45:12.822+0000: [GC (Allocation Failure) 2020-10-29T09:45:12.822+0000: [ParNew: 38020K->4K(42752K), 0.0021064 secs] 341086K->303070K(518980K), 0.0021707 secs] [Times: user=0.00 sys=0.00, real=0.00 secs] 
2020-10-29T09:45:12.858+0000: [GC (Allocation Failure) 2020-10-29T09:45:12.858+0000: [ParNew: 38020K->4K(42752K), 0.0021345 secs] 341086K->303070K(518980K), 0.0022109 secs] [Times: user=0.01 sys=0.00, real=0.00 secs] 
2020-10-29T09:45:12.894+0000: [GC (Allocation Failure) 2020-10-29T09:45:12.894+0000: [ParNew: 38020K->4K(42752K), 0.0022355 secs] 341086K->303070K(518980K), 0.0023164 secs] [Times: user=0.01 sys=0.00, real=0.00 secs] 
2020-10-29T09:45:12.930+0000: [GC (Allocation Failure) 2020-10-29T09:45:12.930+0000: [ParNew: 38020K->4K(42752K), 0.0021447 secs] 341086K->303070K(518980K), 0.0022183 secs] [Times: user=0.00 sys=0.00, real=0.00 secs] 
2020-10-29T09:45:12.966+0000: [GC (Allocation Failure) 2020-10-29T09:45:12.966+0000: [ParNew: 38020K->4K(42752K), 0.0021408 secs] 341086K->303070K(518980K), 0.0022362 secs] [Times: user=0.00 sys=0.00, real=0.00 secs] 
2020-10-29T09:45:13.002+0000: [GC (Allocation Failure) 2020-10-29T09:45:13.002+0000: [ParNew: 38020K->4K(42752K), 0.0021000 secs] 341086K->303070K(518980K), 0.0021790 secs] [Times: user=0.00 sys=0.00, real=0.00 secs] 
2020-10-29T09:45:13.043+0000: [GC (Allocation Failure) 2020-10-29T09:45:13.043+0000: [ParNew: 38020K->4K(42752K), 0.0021181 secs] 341086K->303070K(518980K), 0.0021752 secs] [Times: user=0.01 sys=0.00, real=0.00 secs] 
2020-10-29T09:45:13.083+0000: [GC (Allocation Failure) 2020-10-29T09:45:13.083+0000: [ParNew: 38020K->4K(42752K), 0.0044892 secs] 341086K->303070K(518980K), 0.0045358 secs] [Times: user=0.00 sys=0.00, real=0.00 secs] 
2020-10-29T09:45:13.126+0000: [GC (Allocation Failure) 2020-10-29T09:45:13.126+0000: [ParNew: 38020K->4K(42752K), 0.0021131 secs] 341086K->303070K(518980K), 0.0021673 secs] [Times: user=0.01 sys=0.00, real=0.00 secs] 
2020-10-29T09:45:13.166+0000: [GC (Allocation Failure) 2020-10-29T09:45:13.166+0000: [ParNew: 38020K->4K(42752K), 0.0021190 secs] 341086K->303070K(518980K), 0.0021977 secs] [Times: user=0.01 sys=0.00, real=0.00 secs] 
2020-10-29T09:45:13.201+0000: [GC (Allocation Failure) 2020-10-29T09:45:13.201+0000: [ParNew: 38020K->4K(42752K), 0.0021897 secs] 341086K->303070K(518980K), 0.0022679 secs] [Times: user=0.00 sys=0.00, real=0.01 secs] 
2020-10-29T09:45:13.237+0000: [GC (Allocation Failure) 2020-10-29T09:45:13.237+0000: [ParNew: 38020K->4K(42752K), 0.0022297 secs] 341086K->303070K(518980K), 0.0023388 secs] [Times: user=0.00 sys=0.00, real=0.00 secs] 
2020-10-29T09:45:13.273+0000: [GC (Allocation Failure) 2020-10-29T09:45:13.273+0000: [ParNew: 38020K->4K(42752K), 0.0022080 secs] 341086K->303070K(518980K), 0.0022798 secs] [Times: user=0.00 sys=0.00, real=0.00 secs] 
2020-10-29T09:45:13.309+0000: [GC (Allocation Failure) 2020-10-29T09:45:13.309+0000: [ParNew: 38020K->4K(42752K), 0.0021354 secs] 341086K->303070K(518980K), 0.0022173 secs] [Times: user=0.00 sys=0.00, real=0.01 secs] 
2020-10-29T09:45:13.346+0000: [GC (Allocation Failure) 2020-10-29T09:45:13.346+0000: [ParNew: 38020K->4K(42752K), 0.0021356 secs] 341086K->303070K(518980K), 0.0021906 secs] [Times: user=0.01 sys=0.00, real=0.00 secs] 
2020-10-29T09:45:13.397+0000: [GC (Allocation Failure) 2020-10-29T09:45:13.397+0000: [ParNew: 38020K->4K(42752K), 0.0021288 secs] 341086K->303070K(518980K), 0.0021886 secs] [Times: user=0.00 sys=0.00, real=0.00 secs] 
2020-10-29T09:45:13.434+0000: [GC (Allocation Failure) 2020-10-29T09:45:13.434+0000: [ParNew: 38020K->4K(42752K), 0.0027187 secs] 341086K->303070K(518980K), 0.0027741 secs] [Times: user=0.00 sys=0.00, real=0.00 secs] 
2020-10-29T09:45:13.470+0000: [GC (Allocation Failure) 2020-10-29T09:45:13.470+0000: [ParNew: 38020K->4K(42752K), 0.0021174 secs] 341086K->303070K(518980K), 0.0021956 secs] [Times: user=0.00 sys=0.00, real=0.00 secs] 
2020-10-29T09:45:13.505+0000: [GC (Allocation Failure) 2020-10-29T09:45:13.506+0000: [ParNew: 38020K->4K(42752K), 0.0021582 secs] 341086K->303070K(518980K), 0.0022370 secs] [Times: user=0.00 sys=0.00, real=0.00 secs] 
2020-10-29T09:45:13.545+0000: [GC (Allocation Failure) 2020-10-29T09:45:13.545+0000: [ParNew: 38020K->4K(42752K), 0.0021096 secs] 341086K->303070K(518980K), 0.0021635 secs] [Times: user=0.00 sys=0.00, real=0.00 secs] 
2020-10-29T09:45:13.583+0000: [GC (Allocation Failure) 2020-10-29T09:45:13.583+0000: [ParNew: 38020K->4K(42752K), 0.0023250 secs] 341086K->303070K(518980K), 0.0023797 secs] [Times: user=0.00 sys=0.00, real=0.00 secs] 
2020-10-29T09:45:13.625+0000: [GC (Allocation Failure) 2020-10-29T09:45:13.625+0000: [ParNew: 38020K->4K(42752K), 0.0021489 secs] 341086K->303070K(518980K), 0.0022154 secs] [Times: user=0.01 sys=0.00, real=0.00 secs] 
2020-10-29T09:45:13.661+0000: [GC (Allocation Failure) 2020-10-29T09:45:13.661+0000: [ParNew: 38020K->4K(42752K), 0.0021508 secs] 341086K->303070K(518980K), 0.0022046 secs] [Times: user=0.00 sys=0.00, real=0.01 secs] 
2020-10-29T09:45:13.697+0000: [GC (Allocation Failure) 2020-10-29T09:45:13.697+0000: [ParNew: 38020K->4K(42752K), 0.0025131 secs] 341086K->303070K(518980K), 0.0025794 secs] [Times: user=0.00 sys=0.00, real=0.00 secs] 
2020-10-29T09:45:13.738+0000: [GC (Allocation Failure) 2020-10-29T09:45:13.738+0000: [ParNew: 38020K->4K(42752K), 0.0021317 secs] 341086K->303070K(518980K), 0.0021969 secs] [Times: user=0.00 sys=0.00, real=0.00 secs] 
2020-10-29T09:45:13.778+0000: [GC (Allocation Failure) 2020-10-29T09:45:13.778+0000: [ParNew: 38020K->4K(42752K), 0.0021277 secs] 341086K->303070K(518980K), 0.0022066 secs] [Times: user=0.01 sys=0.00, real=0.00 secs] 
2020-10-29T09:45:13.814+0000: [GC (Allocation Failure) 2020-10-29T09:45:13.815+0000: [ParNew: 38020K->4K(42752K), 0.0022006 secs] 341086K->303070K(518980K), 0.0022760 secs] [Times: user=0.01 sys=0.00, real=0.00 secs] 
2020-10-29T09:45:13.852+0000: [GC (Allocation Failure) 2020-10-29T09:45:13.852+0000: [ParNew: 38020K->4K(42752K), 0.0021493 secs] 341086K->303070K(518980K), 0.0022016 secs] [Times: user=0.00 sys=0.00, real=0.00 secs] 
2020-10-29T09:45:13.890+0000: [GC (Allocation Failure) 2020-10-29T09:45:13.890+0000: [ParNew: 38020K->4K(42752K), 0.0021893 secs] 341086K->303070K(518980K), 0.0022652 secs] [Times: user=0.00 sys=0.00, real=0.00 secs] 
2020-10-29T09:45:13.926+0000: [GC (Allocation Failure) 2020-10-29T09:45:13.926+0000: [ParNew: 38020K->4K(42752K), 0.0021426 secs] 341086K->303070K(518980K), 0.0022212 secs] [Times: user=0.00 sys=0.00, real=0.00 secs] 
2020-10-29T09:45:13.962+0000: [GC (Allocation Failure) 2020-10-29T09:45:13.962+0000: [ParNew: 38020K->4K(42752K), 0.0021323 secs] 341086K->303070K(518980K), 0.0022125 secs] [Times: user=0.00 sys=0.00, real=0.00 secs] 
2020-10-29T09:45:14.001+0000: [GC (Allocation Failure) 2020-10-29T09:45:14.001+0000: [ParNew: 38020K->4K(42752K), 0.0021799 secs] 341086K->303070K(518980K), 0.0022331 secs] [Times: user=0.01 sys=0.00, real=0.01 secs] 
2020-10-29T09:45:14.038+0000: [GC (Allocation Failure) 2020-10-29T09:45:14.038+0000: [ParNew: 38020K->4K(42752K), 0.0021281 secs] 341086K->303070K(518980K), 0.0022056 secs] [Times: user=0.00 sys=0.00, real=0.00 secs] 
2020-10-29T09:45:14.074+0000: [GC (Allocation Failure) 2020-10-29T09:45:14.074+0000: [ParNew: 38020K->4K(42752K), 0.0021357 secs] 341086K->303070K(518980K), 0.0021984 secs] [Times: user=0.00 sys=0.00, real=0.00 secs] 
2020-10-29T09:45:14.110+0000: [GC (Allocation Failure) 2020-10-29T09:45:14.110+0000: [ParNew: 38020K->4K(42752K), 0.0044307 secs] 341086K->303070K(518980K), 0.0044872 secs] [Times: user=0.01 sys=0.00, real=0.00 secs] 
2020-10-29T09:45:14.148+0000: [GC (Allocation Failure) 2020-10-29T09:45:14.148+0000: [ParNew: 38020K->2K(42752K), 0.0039403 secs] 341086K->303068K(518980K), 0.0039950 secs] [Times: user=0.00 sys=0.00, real=0.01 secs] 
2020-10-29T09:45:14.186+0000: [GC (Allocation Failure) 2020-10-29T09:45:14.187+0000: [ParNew: 38018K->2K(42752K), 0.0042620 secs] 341084K->303068K(518980K), 0.0043326 secs] [Times: user=0.00 sys=0.00, real=0.01 secs] 
2020-10-29T09:45:14.228+0000: [GC (Allocation Failure) 2020-10-29T09:45:14.229+0000: [ParNew: 38018K->4K(42752K), 0.0021794 secs] 341084K->303070K(518980K), 0.0022359 secs] [Times: user=0.01 sys=0.00, real=0.01 secs] 
2020-10-29T09:45:14.266+0000: [GC (Allocation Failure) 2020-10-29T09:45:14.266+0000: [ParNew: 38020K->4K(42752K), 0.0021091 secs] 341086K->303070K(518980K), 0.0021927 secs] [Times: user=0.01 sys=0.00, real=0.00 secs] 
2020-10-29T09:45:14.307+0000: [GC (Allocation Failure) 2020-10-29T09:45:14.307+0000: [ParNew: 38020K->4K(42752K), 0.0021244 secs] 341086K->303070K(518980K), 0.0021880 secs] [Times: user=0.01 sys=0.00, real=0.00 secs] 
2020-10-29T09:45:14.343+0000: [GC (Allocation Failure) 2020-10-29T09:45:14.343+0000: [ParNew: 38020K->4K(42752K), 0.0021364 secs] 341086K->303070K(518980K), 0.0021919 secs] [Times: user=0.01 sys=0.00, real=0.00 secs] 
2020-10-29T09:45:14.383+0000: [GC (Allocation Failure) 2020-10-29T09:45:14.383+0000: [ParNew: 38020K->4K(42752K), 0.0021076 secs] 341086K->303070K(518980K), 0.0021814 secs] [Times: user=0.00 sys=0.00, real=0.00 secs] 
2020-10-29T09:45:14.419+0000: [GC (Allocation Failure) 2020-10-29T09:45:14.419+0000: [ParNew: 38020K->4K(42752K), 0.0021681 secs] 341086K->303070K(518980K), 0.0022439 secs] [Times: user=0.01 sys=0.00, real=0.00 secs] 
2020-10-29T09:45:14.455+0000: [GC (Allocation Failure) 2020-10-29T09:45:14.455+0000: [ParNew: 38020K->4K(42752K), 0.0022005 secs] 341086K->303070K(518980K), 0.0022660 secs] [Times: user=0.01 sys=0.00, real=0.00 secs] 
2020-10-29T09:45:14.494+0000: [GC (Allocation Failure) 2020-10-29T09:45:14.494+0000: [ParNew: 38020K->4K(42752K), 0.0020926 secs] 341086K->303070K(518980K), 0.0021806 secs] [Times: user=0.00 sys=0.00, real=0.00 secs] 
2020-10-29T09:45:14.529+0000: [GC (Allocation Failure) 2020-10-29T09:45:14.529+0000: [ParNew: 38020K->4K(42752K), 0.0028596 secs] 341086K->303070K(518980K), 0.0029193 secs] [Times: user=0.00 sys=0.00, real=0.01 secs] 
2020-10-29T09:45:14.570+0000: [GC (Allocation Failure) 2020-10-29T09:45:14.570+0000: [ParNew: 38020K->4K(42752K), 0.0030801 secs] 341086K->303070K(518980K), 0.0031411 secs] [Times: user=0.00 sys=0.00, real=0.00 secs] 
2020-10-29T09:45:14.608+0000: [GC (Allocation Failure) 2020-10-29T09:45:14.608+0000: [ParNew: 38020K->4K(42752K), 0.0021220 secs] 341086K->303070K(518980K), 0.0021765 secs] [Times: user=0.00 sys=0.00, real=0.01 secs] 
2020-10-29T09:45:14.648+0000: [GC (Allocation Failure) 2020-10-29T09:45:14.648+0000: [ParNew: 38020K->4K(42752K), 0.0021661 secs] 341086K->303070K(518980K), 0.0022307 secs] [Times: user=0.01 sys=0.00, real=0.01 secs] 
2020-10-29T09:45:14.684+0000: [GC (Allocation Failure) 2020-10-29T09:45:14.684+0000: [ParNew: 38020K->4K(42752K), 0.0021269 secs] 341086K->303070K(518980K), 0.0021808 secs] [Times: user=0.01 sys=0.00, real=0.00 secs] 
2020-10-29T09:45:14.720+0000: [GC (Allocation Failure) 2020-10-29T09:45:14.720+0000: [ParNew: 38020K->4K(42752K), 0.0021100 secs] 341086K->303070K(518980K), 0.0021824 secs] [Times: user=0.01 sys=0.00, real=0.01 secs] 
2020-10-29T09:45:14.758+0000: [GC (Allocation Failure) 2020-10-29T09:45:14.758+0000: [ParNew: 38020K->4K(42752K), 0.0021199 secs] 341086K->303070K(518980K), 0.0021739 secs] [Times: user=0.00 sys=0.00, real=0.00 secs] 
2020-10-29T09:45:14.798+0000: [GC (Allocation Failure) 2020-10-29T09:45:14.798+0000: [ParNew: 38020K->4K(42752K), 0.0020902 secs] 341086K->303070K(518980K), 0.0021544 secs] [Times: user=0.00 sys=0.00, real=0.00 secs] 
2020-10-29T09:45:14.834+0000: [GC (Allocation Failure) 2020-10-29T09:45:14.834+0000: [ParNew: 38020K->4K(42752K), 0.0021126 secs] 341086K->303070K(518980K), 0.0021906 secs] [Times: user=0.01 sys=0.00, real=0.00 secs] 
2020-10-29T09:45:14.876+0000: [GC (Allocation Failure) 2020-10-29T09:45:14.876+0000: [ParNew: 38020K->4K(42752K), 0.0021233 secs] 341086K->303070K(518980K), 0.0021939 secs] [Times: user=0.00 sys=0.00, real=0.00 secs] 
2020-10-29T09:45:14.914+0000: [GC (Allocation Failure) 2020-10-29T09:45:14.914+0000: [ParNew: 38020K->4K(42752K), 0.0021171 secs] 341086K->303070K(518980K), 0.0021732 secs] [Times: user=0.00 sys=0.00, real=0.00 secs] 
2020-10-29T09:45:14.950+0000: [GC (Allocation Failure) 2020-10-29T09:45:14.950+0000: [ParNew: 38020K->4K(42752K), 0.0021049 secs] 341086K->303070K(518980K), 0.0021815 secs] [Times: user=0.00 sys=0.00, real=0.00 secs] 
2020-10-29T09:45:14.986+0000: [GC (Allocation Failure) 2020-10-29T09:45:14.986+0000: [ParNew: 38020K->4K(42752K), 0.0020757 secs] 341086K->303070K(518980K), 0.0021329 secs] [Times: user=0.01 sys=0.00, real=0.00 secs] 
2020-10-29T09:45:15.022+0000: [GC (Allocation Failure) 2020-10-29T09:45:15.022+0000: [ParNew: 38020K->4K(42752K), 0.0041993 secs] 341086K->303070K(518980K), 0.0042612 secs] [Times: user=0.00 sys=0.00, real=0.00 secs] 
2020-10-29T09:45:15.064+0000: [GC (Allocation Failure) 2020-10-29T09:45:15.064+0000: [ParNew: 38020K->4K(42752K), 0.0021345 secs] 341086K->303070K(518980K), 0.0021874 secs] [Times: user=0.01 sys=0.00, real=0.00 secs] 
2020-10-29T09:45:15.100+0000: [GC (Allocation Failure) 2020-10-29T09:45:15.101+0000: [ParNew: 38020K->4K(42752K), 0.0021749 secs] 341086K->303070K(518980K), 0.0022469 secs] [Times: user=0.00 sys=0.00, real=0.01 secs] 
2020-10-29T09:45:15.137+0000: [GC (Allocation Failure) 2020-10-29T09:45:15.137+0000: [ParNew: 38020K->2K(42752K), 0.0041079 secs] 341086K->303068K(518980K), 0.0041765 secs] [Times: user=0.00 sys=0.00, real=0.00 secs] 
2020-10-29T09:45:15.179+0000: [GC (Allocation Failure) 2020-10-29T09:45:15.179+0000: [ParNew: 38018K->4K(42752K), 0.0021937 secs] 341084K->303070K(518980K), 0.0022630 secs] [Times: user=0.00 sys=0.00, real=0.00 secs] 
2020-10-29T09:45:15.218+0000: [GC (Allocation Failure) 2020-10-29T09:45:15.218+0000: [ParNew: 38020K->4K(42752K), 0.0021548 secs] 341086K->303070K(518980K), 0.0022242 secs] [Times: user=0.00 sys=0.00, real=0.00 secs] 
2020-10-29T09:45:15.258+0000: [GC (Allocation Failure) 2020-10-29T09:45:15.258+0000: [ParNew: 38020K->4K(42752K), 0.0021687 secs] 341086K->303070K(518980K), 0.0022430 secs] [Times: user=0.01 sys=0.00, real=0.00 secs] 
2020-10-29T09:45:15.299+0000: [GC (Allocation Failure) 2020-10-29T09:45:15.299+0000: [ParNew: 38020K->4K(42752K), 0.0021588 secs] 341086K->303070K(518980K), 0.0022152 secs] [Times: user=0.00 sys=0.00, real=0.00 secs] 
2020-10-29T09:45:15.337+0000: [GC (Allocation Failure) 2020-10-29T09:45:15.337+0000: [ParNew: 38020K->4K(42752K), 0.0021540 secs] 341086K->303070K(518980K), 0.0022089 secs] [Times: user=0.01 sys=0.00, real=0.00 secs] 
2020-10-29T09:45:15.374+0000: [GC (Allocation Failure) 2020-10-29T09:45:15.374+0000: [ParNew: 38020K->4K(42752K), 0.0021111 secs] 341086K->303070K(518980K), 0.0021633 secs] [Times: user=0.00 sys=0.00, real=0.00 secs] 
2020-10-29T09:45:15.410+0000: [GC (Allocation Failure) 2020-10-29T09:45:15.410+0000: [ParNew: 38020K->4K(42752K), 0.0022341 secs] 341086K->303070K(518980K), 0.0023160 secs] [Times: user=0.00 sys=0.00, real=0.00 secs] 
2020-10-29T09:45:15.446+0000: [GC (Allocation Failure) 2020-10-29T09:45:15.446+0000: [ParNew: 38020K->4K(42752K), 0.0021762 secs] 341086K->303071K(518980K), 0.0022495 secs] [Times: user=0.00 sys=0.00, real=0.00 secs] 
2020-10-29T09:45:15.481+0000: [GC (Allocation Failure) 2020-10-29T09:45:15.481+0000: [ParNew: 38020K->4K(42752K), 0.0021406 secs] 341087K->303071K(518980K), 0.0022186 secs] [Times: user=0.00 sys=0.00, real=0.01 secs] 
2020-10-29T09:45:15.518+0000: [GC (Allocation Failure) 2020-10-29T09:45:15.518+0000: [ParNew: 38020K->4K(42752K), 0.0021427 secs] 341087K->303071K(518980K), 0.0021993 secs] [Times: user=0.00 sys=0.00, real=0.00 secs] 
2020-10-29T09:45:15.558+0000: [GC (Allocation Failure) 2020-10-29T09:45:15.558+0000: [ParNew: 38020K->4K(42752K), 0.0020971 secs] 341087K->303071K(518980K), 0.0021724 secs] [Times: user=0.00 sys=0.00, real=0.00 secs] 
2020-10-29T09:45:15.594+0000: [GC (Allocation Failure) 2020-10-29T09:45:15.594+0000: [ParNew: 38020K->4K(42752K), 0.0021202 secs] 341087K->303071K(518980K), 0.0021943 secs] [Times: user=0.00 sys=0.00, real=0.00 secs] 
2020-10-29T09:45:15.630+0000: [GC (Allocation Failure) 2020-10-29T09:45:15.630+0000: [ParNew: 38020K->2K(42752K), 0.0043907 secs] 341087K->303069K(518980K), 0.0044464 secs] [Times: user=0.01 sys=0.00, real=0.00 secs] 
2020-10-29T09:45:15.670+0000: [GC (Allocation Failure) 2020-10-29T09:45:15.670+0000: [ParNew: 38018K->4K(42752K), 0.0021553 secs] 341085K->303071K(518980K), 0.0022087 secs] [Times: user=0.00 sys=0.00, real=0.00 secs] 
2020-10-29T09:45:15.710+0000: [GC (Allocation Failure) 2020-10-29T09:45:15.710+0000: [ParNew: 38020K->4K(42752K), 0.0021566 secs] 341087K->303071K(518980K), 0.0022322 secs] [Times: user=0.00 sys=0.01, real=0.01 secs] 
2020-10-29T09:45:15.745+0000: [GC (Allocation Failure) 2020-10-29T09:45:15.745+0000: [ParNew: 38020K->4K(42752K), 0.0021677 secs] 341087K->303071K(518980K), 0.0022455 secs] [Times: user=0.00 sys=0.00, real=0.00 secs] 
2020-10-29T09:45:15.781+0000: [GC (Allocation Failure) 2020-10-29T09:45:15.781+0000: [ParNew: 38020K->4K(42752K), 0.0021510 secs] 341087K->303071K(518980K), 0.0022276 secs] [Times: user=0.01 sys=0.00, real=0.01 secs] 
2020-10-29T09:45:15.817+0000: [GC (Allocation Failure) 2020-10-29T09:45:15.817+0000: [ParNew: 38020K->4K(42752K), 0.0021450 secs] 341087K->303071K(518980K), 0.0022248 secs] [Times: user=0.01 sys=0.00, real=0.00 secs] 
2020-10-29T09:45:15.853+0000: [GC (Allocation Failure) 2020-10-29T09:45:15.853+0000: [ParNew: 38020K->4K(42752K), 0.0023024 secs] 341087K->303071K(518980K), 0.0023792 secs] [Times: user=0.01 sys=0.00, real=0.00 secs] 
2020-10-29T09:45:15.896+0000: [GC (Allocation Failure) 2020-10-29T09:45:15.896+0000: [ParNew: 38020K->6K(42752K), 0.0022775 secs] 341087K->303073K(518980K), 0.0023584 secs] [Times: user=0.01 sys=0.00, real=0.00 secs] 
2020-10-29T09:45:15.942+0000: [GC (Allocation Failure) 2020-10-29T09:45:15.943+0000: [ParNew: 38022K->6K(42752K), 0.0021962 secs] 341089K->303073K(518980K), 0.0022637 secs] [Times: user=0.01 sys=0.00, real=0.00 secs] 
2020-10-29T09:45:15.979+0000: [GC (Allocation Failure) 2020-10-29T09:45:15.979+0000: [ParNew: 38022K->7K(42752K), 0.0021441 secs] 341089K->303074K(518980K), 0.0022234 secs] [Times: user=0.01 sys=0.00, real=0.00 secs] 
2020-10-29T09:45:16.018+0000: [GC (Allocation Failure) 2020-10-29T09:45:16.018+0000: [ParNew: 38023K->7K(42752K), 0.0021243 secs] 341090K->303074K(518980K), 0.0021922 secs] [Times: user=0.01 sys=0.00, real=0.00 secs] 
2020-10-29T09:45:16.061+0000: [GC (Allocation Failure) 2020-10-29T09:45:16.061+0000: [ParNew: 38023K->7K(42752K), 0.0021804 secs] 341090K->303074K(518980K), 0.0022598 secs] [Times: user=0.00 sys=0.00, real=0.01 secs] 
2020-10-29T09:45:16.102+0000: [GC (Allocation Failure) 2020-10-29T09:45:16.102+0000: [ParNew: 38023K->7K(42752K), 0.0021460 secs] 341090K->303074K(518980K), 0.0022221 secs] [Times: user=0.01 sys=0.00, real=0.00 secs] 
2020-10-29T09:45:16.139+0000: [GC (Allocation Failure) 2020-10-29T09:45:16.139+0000: [ParNew: 38023K->4K(42752K), 0.0021695 secs] 341090K->303073K(518980K), 0.0022260 secs] [Times: user=0.00 sys=0.00, real=0.00 secs] 
2020-10-29T09:45:16.176+0000: [GC (Allocation Failure) 2020-10-29T09:45:16.176+0000: [ParNew: 38020K->4K(42752K), 0.0021875 secs] 341089K->303074K(518980K), 0.0022413 secs] [Times: user=0.00 sys=0.00, real=0.00 secs] 
2020-10-29T09:45:16.221+0000: [GC (Allocation Failure) 2020-10-29T09:45:16.221+0000: [ParNew: 38020K->4K(42752K), 0.0021431 secs] 341090K->303074K(518980K), 0.0022153 secs] [Times: user=0.00 sys=0.00, real=0.01 secs] 
2020-10-29T09:45:16.268+0000: [GC (Allocation Failure) 2020-10-29T09:45:16.268+0000: [ParNew: 38020K->4K(42752K), 0.0023783 secs] 341090K->303074K(518980K), 0.0024445 secs] [Times: user=0.00 sys=0.00, real=0.01 secs] 
2020-10-29T09:45:16.322+0000: [GC (Allocation Failure) 2020-10-29T09:45:16.322+0000: [ParNew: 38020K->4K(42752K), 0.0026319 secs] 341090K->303074K(518980K), 0.0026964 secs] [Times: user=0.00 sys=0.00, real=0.00 secs] 
2020-10-29T09:45:16.365+0000: [GC (Allocation Failure) 2020-10-29T09:45:16.365+0000: [ParNew: 38020K->4K(42752K), 0.0024177 secs] 341090K->303074K(518980K), 0.0024833 secs] [Times: user=0.01 sys=0.00, real=0.00 secs] 
2020-10-29T09:45:16.402+0000: [GC (Allocation Failure) 2020-10-29T09:45:16.402+0000: [ParNew: 38020K->4K(42752K), 0.0021734 secs] 341090K->303074K(518980K), 0.0022415 secs] [Times: user=0.01 sys=0.00, real=0.00 secs] 
2020-10-29T09:45:16.442+0000: [GC (Allocation Failure) 2020-10-29T09:45:16.442+0000: [ParNew: 38020K->4K(42752K), 0.0021335 secs] 341090K->303074K(518980K), 0.0021981 secs] [Times: user=0.00 sys=0.00, real=0.00 secs] 
2020-10-29T09:45:16.481+0000: [GC (Allocation Failure) 2020-10-29T09:45:16.481+0000: [ParNew: 38020K->4K(42752K), 0.0021574 secs] 341090K->303074K(518980K), 0.0022115 secs] [Times: user=0.00 sys=0.00, real=0.01 secs] 
2020-10-29T09:45:16.517+0000: [GC (Allocation Failure) 2020-10-29T09:45:16.517+0000: [ParNew: 38020K->4K(42752K), 0.0021524 secs] 341090K->303074K(518980K), 0.0022292 secs] [Times: user=0.00 sys=0.00, real=0.00 secs] 
2020-10-29T09:45:16.553+0000: [GC (Allocation Failure) 2020-10-29T09:45:16.553+0000: [ParNew: 38020K->4K(42752K), 0.0021488 secs] 341090K->303074K(518980K), 0.0022290 secs] [Times: user=0.00 sys=0.00, real=0.00 secs] 
2020-10-29T09:45:16.589+0000: [GC (Allocation Failure) 2020-10-29T09:45:16.590+0000: [ParNew: 38020K->4K(42752K), 0.0021644 secs] 341090K->303074K(518980K), 0.0022440 secs] [Times: user=0.00 sys=0.00, real=0.01 secs] 
2020-10-29T09:45:16.628+0000: [GC (Allocation Failure) 2020-10-29T09:45:16.628+0000: [ParNew: 38020K->4K(42752K), 0.0021480 secs] 341090K->303074K(518980K), 0.0022026 secs] [Times: user=0.00 sys=0.00, real=0.01 secs] 
2020-10-29T09:45:16.665+0000: [GC (Allocation Failure) 2020-10-29T09:45:16.665+0000: [ParNew: 38020K->4K(42752K), 0.0021426 secs] 341090K->303074K(518980K), 0.0022065 secs] [Times: user=0.00 sys=0.00, real=0.00 secs] 
2020-10-29T09:45:16.701+0000: [GC (Allocation Failure) 2020-10-29T09:45:16.701+0000: [ParNew: 38020K->4K(42752K), 0.0022307 secs] 341090K->303074K(518980K), 0.0023071 secs] [Times: user=0.00 sys=0.00, real=0.01 secs] 
2020-10-29T09:45:16.738+0000: [GC (Allocation Failure) 2020-10-29T09:45:16.738+0000: [ParNew: 38020K->4K(42752K), 0.0021825 secs] 341090K->303074K(518980K), 0.0022491 secs] [Times: user=0.01 sys=0.00, real=0.00 secs] 
2020-10-29T09:45:16.774+0000: [GC (Allocation Failure) 2020-10-29T09:45:16.774+0000: [ParNew: 38020K->4K(42752K), 0.0021737 secs] 341090K->303074K(518980K), 0.0022511 secs] [Times: user=0.01 sys=0.00, real=0.00 secs] 
2020-10-29T09:45:16.811+0000: [GC (Allocation Failure) 2020-10-29T09:45:16.811+0000: [ParNew: 38020K->4K(42752K), 0.0021966 secs] 341090K->303074K(518980K), 0.0022765 secs] [Times: user=0.00 sys=0.00, real=0.00 secs] 
2020-10-29T09:45:16.850+0000: [GC (Allocation Failure) 2020-10-29T09:45:16.850+0000: [ParNew: 38020K->4K(42752K), 0.0021912 secs] 341090K->303074K(518980K), 0.0022686 secs] [Times: user=0.01 sys=0.00, real=0.00 secs] 
2020-10-29T09:45:16.887+0000: [GC (Allocation Failure) 2020-10-29T09:45:16.887+0000: [ParNew: 38020K->2K(42752K), 0.0043873 secs] 341090K->303072K(518980K), 0.0044509 secs] [Times: user=0.01 sys=0.00, real=0.01 secs] 
2020-10-29T09:45:16.925+0000: [GC (Allocation Failure) 2020-10-29T09:45:16.925+0000: [ParNew: 38018K->4K(42752K), 0.0022420 secs] 341088K->303074K(518980K), 0.0023143 secs] [Times: user=0.01 sys=0.00, real=0.00 secs] 
2020-10-29T09:45:16.963+0000: [GC (Allocation Failure) 2020-10-29T09:45:16.963+0000: [ParNew: 38020K->4K(42752K), 0.0021395 secs] 341090K->303074K(518980K), 0.0022114 secs] [Times: user=0.00 sys=0.00, real=0.00 secs] 
2020-10-29T09:45:17.003+0000: [GC (Allocation Failure) 2020-10-29T09:45:17.003+0000: [ParNew: 38020K->4K(42752K), 0.0021436 secs] 341090K->303074K(518980K), 0.0022196 secs] [Times: user=0.00 sys=0.00, real=0.00 secs] 
2020-10-29T09:45:17.042+0000: [GC (Allocation Failure) 2020-10-29T09:45:17.042+0000: [ParNew: 38020K->4K(42752K), 0.0023386 secs] 341090K->303074K(518980K), 0.0024042 secs] [Times: user=0.01 sys=0.00, real=0.00 secs] 
2020-10-29T09:45:17.079+0000: [GC (Allocation Failure) 2020-10-29T09:45:17.080+0000: [ParNew: 38020K->4K(42752K), 0.0021180 secs] 341090K->303074K(518980K), 0.0021986 secs] [Times: user=0.01 sys=0.00, real=0.01 secs] 
2020-10-29T09:45:17.116+0000: [GC (Allocation Failure) 2020-10-29T09:45:17.116+0000: [ParNew: 38020K->4K(42752K), 0.0021418 secs] 341090K->303074K(518980K), 0.0022191 secs] [Times: user=0.01 sys=0.00, real=0.00 secs] 
2020-10-29T09:45:17.152+0000: [GC (Allocation Failure) 2020-10-29T09:45:17.152+0000: [ParNew: 38020K->4K(42752K), 0.0021748 secs] 341090K->303074K(518980K), 0.0022561 secs] [Times: user=0.00 sys=0.00, real=0.00 secs] 
2020-10-29T09:45:17.188+0000: [GC (Allocation Failure) 2020-10-29T09:45:17.188+0000: [ParNew: 38020K->4K(42752K), 0.0021255 secs] 341090K->303074K(518980K), 0.0022058 secs] [Times: user=0.00 sys=0.00, real=0.01 secs] 
2020-10-29T09:45:17.224+0000: [GC (Allocation Failure) 2020-10-29T09:45:17.224+0000: [ParNew: 38020K->4K(42752K), 0.0021243 secs] 341090K->303074K(518980K), 0.0022016 secs] [Times: user=0.00 sys=0.00, real=0.00 secs] 
2020-10-29T09:45:17.261+0000: [GC (Allocation Failure) 2020-10-29T09:45:17.261+0000: [ParNew: 38020K->4K(42752K), 0.0021001 secs] 341090K->303074K(518980K), 0.0021535 secs] [Times: user=0.01 sys=0.00, real=0.01 secs] 
2020-10-29T09:45:17.297+0000: [GC (Allocation Failure) 2020-10-29T09:45:17.297+0000: [ParNew: 38020K->4K(42752K), 0.0021502 secs] 341090K->303074K(518980K), 0.0022241 secs] [Times: user=0.01 sys=0.00, real=0.00 secs] 
2020-10-29T09:45:17.334+0000: [GC (Allocation Failure) 2020-10-29T09:45:17.334+0000: [ParNew: 38020K->4K(42752K), 0.0021207 secs] 341090K->303074K(518980K), 0.0021828 secs] [Times: user=0.00 sys=0.00, real=0.00 secs] 
2020-10-29T09:45:17.371+0000: [GC (Allocation Failure) 2020-10-29T09:45:17.371+0000: [ParNew: 38020K->4K(42752K), 0.0021117 secs] 341090K->303074K(518980K), 0.0021758 secs] [Times: user=0.00 sys=0.00, real=0.00 secs] 
2020-10-29T09:45:17.407+0000: [GC (Allocation Failure) 2020-10-29T09:45:17.407+0000: [ParNew: 38020K->4K(42752K), 0.0021376 secs] 341090K->303074K(518980K), 0.0022146 secs] [Times: user=0.01 sys=0.00, real=0.00 secs] 
2020-10-29T09:45:17.443+0000: [GC (Allocation Failure) 2020-10-29T09:45:17.443+0000: [ParNew: 38020K->4K(42752K), 0.0021402 secs] 341090K->303074K(518980K), 0.0022164 secs] [Times: user=0.01 sys=0.00, real=0.00 secs] 
2020-10-29T09:45:17.483+0000: [GC (Allocation Failure) 2020-10-29T09:45:17.483+0000: [ParNew: 38020K->4K(42752K), 0.0021535 secs] 341090K->303074K(518980K), 0.0022227 secs] [Times: user=0.00 sys=0.00, real=0.00 secs] 
2020-10-29T09:45:17.520+0000: [GC (Allocation Failure) 2020-10-29T09:45:17.520+0000: [ParNew: 38020K->4K(42752K), 0.0021592 secs] 341090K->303074K(518980K), 0.0022372 secs] [Times: user=0.00 sys=0.00, real=0.01 secs] 
2020-10-29T09:45:17.558+0000: [GC (Allocation Failure) 2020-10-29T09:45:17.558+0000: [ParNew: 38020K->4K(42752K), 0.0021236 secs] 341090K->303074K(518980K), 0.0022150 secs] [Times: user=0.01 sys=0.00, real=0.00 secs] 
2020-10-29T09:45:17.594+0000: [GC (Allocation Failure) 2020-10-29T09:45:17.594+0000: [ParNew: 38020K->4K(42752K), 0.0021644 secs] 341090K->303074K(518980K), 0.0022215 secs] [Times: user=0.00 sys=0.00, real=0.00 secs] 
2020-10-29T09:45:17.634+0000: [GC (Allocation Failure) 2020-10-29T09:45:17.634+0000: [ParNew: 38020K->4K(42752K), 0.0021360 secs] 341090K->303074K(518980K), 0.0022163 secs] [Times: user=0.00 sys=0.00, real=0.00 secs] 
2020-10-29T09:45:17.698+0000: [GC (Allocation Failure) 2020-10-29T09:45:17.698+0000: [ParNew: 38020K->4K(42752K), 0.0021426 secs] 341090K->303074K(518980K), 0.0022097 secs] [Times: user=0.00 sys=0.00, real=0.00 secs] 
2020-10-29T09:45:17.771+0000: [GC (Allocation Failure) 2020-10-29T09:45:17.771+0000: [ParNew: 38020K->4K(42752K), 0.0021152 secs] 341090K->303074K(518980K), 0.0021807 secs] [Times: user=0.00 sys=0.01, real=0.00 secs] 
2020-10-29T09:45:18.014+0000: [GC (Allocation Failure) 2020-10-29T09:45:18.014+0000: [ParNew: 38020K->4K(42752K), 0.0021131 secs] 341090K->303074K(518980K), 0.0021777 secs] [Times: user=0.00 sys=0.00, real=0.00 secs] 
2020-10-29T09:45:18.325+0000: [GC (Allocation Failure) 2020-10-29T09:45:18.325+0000: [ParNew: 38020K->824K(42752K), 0.0152799 secs] 341090K->320279K(518980K), 0.0153547 secs] [Times: user=0.03 sys=0.01, real=0.01 secs] 
2020-10-29T09:45:19.293+0000: [GC (Allocation Failure) 2020-10-29T09:45:19.293+0000: [ParNew: 38840K->2582K(42752K), 0.0054919 secs] 358295K->322037K(518980K), 0.0055753 secs] [Times: user=0.01 sys=0.00, real=0.00 secs] 
2020-10-29T09:45:19.374+0000: [GC (Allocation Failure) 2020-10-29T09:45:19.374+0000: [ParNew: 40598K->2918K(42752K), 0.0048120 secs] 360053K->322546K(518980K), 0.0048832 secs] [Times: user=0.01 sys=0.00, real=0.00 secs] 
2020-10-29T09:45:19.446+0000: [GC (Allocation Failure) 2020-10-29T09:45:19.446+0000: [ParNew: 40934K->3385K(42752K), 0.0136960 secs] 360562K->323013K(518980K), 0.0137824 secs] [Times: user=0.03 sys=0.00, real=0.01 secs] 
2020-10-29T09:45:19.525+0000: [GC (Allocation Failure) 2020-10-29T09:45:19.525+0000: [ParNew: 41401K->3637K(42752K), 0.0080412 secs] 361029K->323265K(518980K), 0.0081263 secs] [Times: user=0.02 sys=0.00, real=0.01 secs] 
2020-10-29T09:45:19.631+0000: [GC (Allocation Failure) 2020-10-29T09:45:19.631+0000: [ParNew: 41653K->1989K(42752K), 0.0059740 secs] 361281K->323322K(518980K), 0.0060357 secs] [Times: user=0.01 sys=0.00, real=0.00 secs] 
2020-10-29T09:45:19.714+0000: [GC (Allocation Failure) 2020-10-29T09:45:19.714+0000: [ParNew: 40005K->1465K(42752K), 0.0037662 secs] 361338K->322798K(518980K), 0.0038458 secs] [Times: user=0.00 sys=0.00, real=0.00 secs] 
2020-10-29T09:45:19.769+0000: [GC (Allocation Failure) 2020-10-29T09:45:19.769+0000: [ParNew: 39481K->622K(42752K), 0.0046002 secs] 360814K->321955K(518980K), 0.0046798 secs] [Times: user=0.00 sys=0.00, real=0.01 secs] 
2020-10-29T09:45:19.830+0000: [GC (Allocation Failure) 2020-10-29T09:45:19.830+0000: [ParNew: 38638K->55K(42752K), 0.0024592 secs] 359971K->321389K(518980K), 0.0025337 secs] [Times: user=0.00 sys=0.00, real=0.00 secs] 
2020-10-29T09:45:19.886+0000: [GC (Allocation Failure) 2020-10-29T09:45:19.886+0000: [ParNew: 38071K->14K(42752K), 0.0021604 secs] 359405K->321347K(518980K), 0.0022324 secs] [Times: user=0.00 sys=0.00, real=0.00 secs] 
2020-10-29T09:45:19.962+0000: [GC (Allocation Failure) 2020-10-29T09:45:19.962+0000: [ParNew: 38030K->6K(42752K), 0.0021075 secs] 359363K->321339K(518980K), 0.0021821 secs] [Times: user=0.00 sys=0.00, real=0.00 secs] 
2020-10-29T09:45:20.032+0000: [GC (Allocation Failure) 2020-10-29T09:45:20.032+0000: [ParNew: 38022K->4K(42752K), 0.0021443 secs] 359355K->321337K(518980K), 0.0022281 secs] [Times: user=0.00 sys=0.00, real=0.00 secs] 
2020-10-29T09:45:20.089+0000: [GC (Allocation Failure) 2020-10-29T09:45:20.089+0000: [ParNew: 38020K->4K(42752K), 0.0021368 secs] 359353K->321337K(518980K), 0.0022181 secs] [Times: user=0.01 sys=0.00, real=0.01 secs] 
2020-10-29T09:45:20.163+0000: [GC (Allocation Failure) 2020-10-29T09:45:20.163+0000: [ParNew: 38020K->4K(42752K), 0.0021474 secs] 359353K->321337K(518980K), 0.0022219 secs] [Times: user=0.00 sys=0.00, real=0.00 secs] 
2020-10-29T09:45:20.230+0000: [GC (Allocation Failure) 2020-10-29T09:45:20.231+0000: [ParNew: 38020K->4K(42752K), 0.0021232 secs] 359353K->321337K(518980K), 0.0021974 secs] [Times: user=0.01 sys=0.00, real=0.00 secs] 
2020-10-29T09:45:20.300+0000: [GC (Allocation Failure) 2020-10-29T09:45:20.300+0000: [ParNew: 38020K->4K(42752K), 0.0044033 secs] 359353K->321337K(518980K), 0.0044795 secs] [Times: user=0.01 sys=0.00, real=0.01 secs] 
2020-10-29T09:45:20.374+0000: [GC (Allocation Failure) 2020-10-29T09:45:20.374+0000: [ParNew: 38020K->4K(42752K), 0.0048008 secs] 359353K->321337K(518980K), 0.0048719 secs] [Times: user=0.01 sys=0.00, real=0.00 secs] 
2020-10-29T09:45:20.453+0000: [GC (Allocation Failure) 2020-10-29T09:45:20.453+0000: [ParNew: 38020K->6K(42752K), 0.0022909 secs] 359353K->321339K(518980K), 0.0023471 secs] [Times: user=0.01 sys=0.00, real=0.00 secs] 
2020-10-29T09:45:20.498+0000: [GC (Allocation Failure) 2020-10-29T09:45:20.498+0000: [ParNew: 38022K->6K(42752K), 0.0022166 secs] 359355K->321339K(518980K), 0.0022750 secs] [Times: user=0.01 sys=0.00, real=0.00 secs] 
2020-10-29T09:45:20.538+0000: [GC (Allocation Failure) 2020-10-29T09:45:20.538+0000: [ParNew: 38022K->6K(42752K), 0.0021509 secs] 359355K->321339K(518980K), 0.0022119 secs] [Times: user=0.01 sys=0.00, real=0.00 secs] 
2020-10-29T09:45:20.574+0000: [GC (Allocation Failure) 2020-10-29T09:45:20.575+0000: [ParNew: 38022K->4K(42752K), 0.0021554 secs] 359355K->321337K(518980K), 0.0022398 secs] [Times: user=0.01 sys=0.00, real=0.00 secs] 
2020-10-29T09:45:20.611+0000: [GC (Allocation Failure) 2020-10-29T09:45:20.611+0000: [ParNew: 38020K->4K(42752K), 0.0037593 secs] 359353K->321337K(518980K), 0.0038247 secs] [Times: user=0.01 sys=0.00, real=0.00 secs] 
2020-10-29T09:45:20.649+0000: [GC (Allocation Failure) 2020-10-29T09:45:20.649+0000: [ParNew: 38020K->4K(42752K), 0.0021587 secs] 359353K->321337K(518980K), 0.0022393 secs] [Times: user=0.01 sys=0.00, real=0.01 secs] 
2020-10-29T09:45:20.689+0000: [GC (Allocation Failure) 2020-10-29T09:45:20.689+0000: [ParNew: 38020K->4K(42752K), 0.0022004 secs] 359353K->321337K(518980K), 0.0022754 secs] [Times: user=0.00 sys=0.00, real=0.01 secs] 
2020-10-29T09:45:20.725+0000: [GC (Allocation Failure) 2020-10-29T09:45:20.725+0000: [ParNew: 38020K->4K(42752K), 0.0022226 secs] 359353K->321337K(518980K), 0.0023052 secs] [Times: user=0.00 sys=0.00, real=0.00 secs] 
2020-10-29T09:45:20.762+0000: [GC (Allocation Failure) 2020-10-29T09:45:20.762+0000: [ParNew: 38020K->4K(42752K), 0.0021622 secs] 359353K->321337K(518980K), 0.0022448 secs] [Times: user=0.00 sys=0.00, real=0.00 secs] 
2020-10-29T09:45:20.798+0000: [GC (Allocation Failure) 2020-10-29T09:45:20.798+0000: [ParNew: 38020K->4K(42752K), 0.0022077 secs] 359353K->321338K(518980K), 0.0022845 secs] [Times: user=0.00 sys=0.00, real=0.00 secs] 
2020-10-29T09:45:20.838+0000: [GC (Allocation Failure) 2020-10-29T09:45:20.838+0000: [ParNew: 38020K->4K(42752K), 0.0021730 secs] 359354K->321338K(518980K), 0.0022443 secs] [Times: user=0.00 sys=0.00, real=0.00 secs] 
2020-10-29T09:45:20.874+0000: [GC (Allocation Failure) 2020-10-29T09:45:20.874+0000: [ParNew: 38020K->4K(42752K), 0.0021455 secs] 359354K->321338K(518980K), 0.0022297 secs] [Times: user=0.00 sys=0.00, real=0.00 secs] 
2020-10-29T09:45:20.910+0000: [GC (Allocation Failure) 2020-10-29T09:45:20.910+0000: [ParNew: 38020K->4K(42752K), 0.0021619 secs] 359354K->321338K(518980K), 0.0022447 secs] [Times: user=0.00 sys=0.00, real=0.00 secs] 
2020-10-29T09:45:20.946+0000: [GC (Allocation Failure) 2020-10-29T09:45:20.946+0000: [ParNew: 38020K->4K(42752K), 0.0022071 secs] 359354K->321338K(518980K), 0.0022846 secs] [Times: user=0.01 sys=0.00, real=0.00 secs] 
2020-10-29T09:45:20.986+0000: [GC (Allocation Failure) 2020-10-29T09:45:20.986+0000: [ParNew: 38020K->4K(42752K), 0.0042645 secs] 359354K->321338K(518980K), 0.0043348 secs] [Times: user=0.01 sys=0.00, real=0.01 secs] 
2020-10-29T09:45:21.026+0000: [GC (Allocation Failure) 2020-10-29T09:45:21.026+0000: [ParNew: 38020K->4K(42752K), 0.0021397 secs] 359354K->321338K(518980K), 0.0022036 secs] [Times: user=0.01 sys=0.00, real=0.00 secs] 
2020-10-29T09:45:21.062+0000: [GC (Allocation Failure) 2020-10-29T09:45:21.062+0000: [ParNew: 38020K->4K(42752K), 0.0022033 secs] 359354K->321338K(518980K), 0.0022864 secs] [Times: user=0.00 sys=0.00, real=0.00 secs] 
2020-10-29T09:45:21.100+0000: [GC (Allocation Failure) 2020-10-29T09:45:21.100+0000: [ParNew: 38020K->4K(42752K), 0.0021902 secs] 359354K->321338K(518980K), 0.0022485 secs] [Times: user=0.00 sys=0.00, real=0.01 secs] 
2020-10-29T09:45:21.136+0000: [GC (Allocation Failure) 2020-10-29T09:45:21.136+0000: [ParNew: 38020K->4K(42752K), 0.0021760 secs] 359354K->321338K(518980K), 0.0022585 secs] [Times: user=0.01 sys=0.00, real=0.00 secs] 
2020-10-29T09:45:21.174+0000: [GC (Allocation Failure) 2020-10-29T09:45:21.174+0000: [ParNew: 38020K->4K(42752K), 0.0021232 secs] 359354K->321338K(518980K), 0.0021787 secs] [Times: user=0.00 sys=0.00, real=0.00 secs] 
2020-10-29T09:45:21.216+0000: [GC (Allocation Failure) 2020-10-29T09:45:21.216+0000: [ParNew: 38020K->6K(42752K), 0.0022259 secs] 359354K->321340K(518980K), 0.0023068 secs] [Times: user=0.00 sys=0.00, real=0.00 secs] 
2020-10-29T09:45:21.254+0000: [GC (Allocation Failure) 2020-10-29T09:45:21.254+0000: [ParNew: 38022K->6K(42752K), 0.0021514 secs] 359356K->321340K(518980K), 0.0022083 secs] [Times: user=0.01 sys=0.00, real=0.00 secs] 
2020-10-29T09:45:21.294+0000: [GC (Allocation Failure) 2020-10-29T09:45:21.295+0000: [ParNew: 38022K->6K(42752K), 0.0021563 secs] 359356K->321340K(518980K), 0.0022259 secs] [Times: user=0.01 sys=0.00, real=0.00 secs] 
2020-10-29T09:45:21.338+0000: [GC (Allocation Failure) 2020-10-29T09:45:21.338+0000: [ParNew: 38022K->6K(42752K), 0.0021490 secs] 359356K->321340K(518980K), 0.0022358 secs] [Times: user=0.01 sys=0.00, real=0.00 secs] 
2020-10-29T09:45:21.374+0000: [GC (Allocation Failure) 2020-10-29T09:45:21.374+0000: [ParNew: 38022K->6K(42752K), 0.0040258 secs] 359356K->321340K(518980K), 0.0040942 secs] [Times: user=0.00 sys=0.00, real=0.00 secs] 
2020-10-29T09:45:21.412+0000: [GC (Allocation Failure) 2020-10-29T09:45:21.412+0000: [ParNew: 38022K->6K(42752K), 0.0022685 secs] 359356K->321340K(518980K), 0.0023367 secs] [Times: user=0.00 sys=0.00, real=0.00 secs] 
2020-10-29T09:45:21.449+0000: [GC (Allocation Failure) 2020-10-29T09:45:21.449+0000: [ParNew: 38022K->4K(42752K), 0.0021619 secs] 359356K->321340K(518980K), 0.0022179 secs] [Times: user=0.00 sys=0.00, real=0.01 secs] 
2020-10-29T09:45:21.489+0000: [GC (Allocation Failure) 2020-10-29T09:45:21.489+0000: [ParNew: 38020K->4K(42752K), 0.0021739 secs] 359356K->321340K(518980K), 0.0022465 secs] [Times: user=0.01 sys=0.00, real=0.01 secs] 
2020-10-29T09:45:21.529+0000: [GC (Allocation Failure) 2020-10-29T09:45:21.529+0000: [ParNew: 38020K->6K(42752K), 0.0021737 secs] 359356K->321342K(518980K), 0.0022425 secs] [Times: user=0.00 sys=0.00, real=0.01 secs] 
2020-10-29T09:45:21.566+0000: [GC (Allocation Failure) 2020-10-29T09:45:21.566+0000: [ParNew: 38022K->4K(42752K), 0.0021600 secs] 359358K->321340K(518980K), 0.0022211 secs] [Times: user=0.00 sys=0.00, real=0.00 secs] 
2020-10-29T09:45:21.606+0000: [GC (Allocation Failure) 2020-10-29T09:45:21.606+0000: [ParNew: 38020K->6K(42752K), 0.0021431 secs] 359356K->321342K(518980K), 0.0022231 secs] [Times: user=0.00 sys=0.00, real=0.00 secs] 
2020-10-29T09:45:21.642+0000: [GC (Allocation Failure) 2020-10-29T09:45:21.642+0000: [ParNew: 38022K->6K(42752K), 0.0022764 secs] 359358K->321342K(518980K), 0.0023573 secs] [Times: user=0.01 sys=0.00, real=0.00 secs] 
2020-10-29T09:45:21.682+0000: [GC (Allocation Failure) 2020-10-29T09:45:21.682+0000: [ParNew: 38022K->6K(42752K), 0.0021881 secs] 359358K->321342K(518980K), 0.0022571 secs] [Times: user=0.00 sys=0.00, real=0.00 secs] 
2020-10-29T09:45:21.718+0000: [GC (Allocation Failure) 2020-10-29T09:45:21.718+0000: [ParNew: 38022K->4K(42752K), 0.0021322 secs] 359358K->321340K(518980K), 0.0022132 secs] [Times: user=0.00 sys=0.00, real=0.00 secs] 
2020-10-29T09:45:21.754+0000: [GC (Allocation Failure) 2020-10-29T09:45:21.754+0000: [ParNew: 38020K->4K(42752K), 0.0041105 secs] 359356K->321341K(518980K), 0.0041834 secs] [Times: user=0.01 sys=0.00, real=0.00 secs] 
2020-10-29T09:45:21.791+0000: [GC (Allocation Failure) 2020-10-29T09:45:21.791+0000: [ParNew: 38020K->4K(42752K), 0.0021441 secs] 359357K->321341K(518980K), 0.0022229 secs] [Times: user=0.00 sys=0.00, real=0.00 secs] 
2020-10-29T09:45:21.827+0000: [GC (Allocation Failure) 2020-10-29T09:45:21.827+0000: [ParNew: 38020K->4K(42752K), 0.0021177 secs] 359357K->321341K(518980K), 0.0021965 secs] [Times: user=0.01 sys=0.00, real=0.00 secs] 
2020-10-29T09:45:21.862+0000: [GC (Allocation Failure) 2020-10-29T09:45:21.862+0000: [ParNew: 38020K->4K(42752K), 0.0043174 secs] 359357K->321341K(518980K), 0.0043748 secs] [Times: user=0.01 sys=0.00, real=0.00 secs] 
2020-10-29T09:45:21.900+0000: [GC (Allocation Failure) 2020-10-29T09:45:21.900+0000: [ParNew: 38020K->2K(42752K), 0.0046731 secs] 359357K->321339K(518980K), 0.0047316 secs] [Times: user=0.01 sys=0.00, real=0.01 secs] 
2020-10-29T09:45:21.939+0000: [GC (Allocation Failure) 2020-10-29T09:45:21.939+0000: [ParNew: 38018K->4K(42752K), 0.0021463 secs] 359355K->321341K(518980K), 0.0022251 secs] [Times: user=0.01 sys=0.00, real=0.00 secs] 
2020-10-29T09:45:21.974+0000: [GC (Allocation Failure) 2020-10-29T09:45:21.974+0000: [ParNew: 38020K->4K(42752K), 0.0021607 secs] 359357K->321341K(518980K), 0.0022445 secs] [Times: user=0.00 sys=0.00, real=0.00 secs] 
2020-10-29T09:45:22.011+0000: [GC (Allocation Failure) 2020-10-29T09:45:22.011+0000: [ParNew: 38020K->4K(42752K), 0.0038132 secs] 359357K->321341K(518980K), 0.0038811 secs] [Times: user=0.00 sys=0.00, real=0.00 secs] 
2020-10-29T09:45:22.054+0000: [GC (Allocation Failure) 2020-10-29T09:45:22.054+0000: [ParNew: 38020K->4K(42752K), 0.0021769 secs] 359357K->321341K(518980K), 0.0022664 secs] [Times: user=0.00 sys=0.00, real=0.00 secs] 
2020-10-29T09:45:22.093+0000: [GC (Allocation Failure) 2020-10-29T09:45:22.093+0000: [ParNew: 38020K->4K(42752K), 0.0021617 secs] 359357K->321341K(518980K), 0.0022186 secs] [Times: user=0.01 sys=0.00, real=0.00 secs] 
2020-10-29T09:45:22.133+0000: [GC (Allocation Failure) 2020-10-29T09:45:22.133+0000: [ParNew: 38020K->4K(42752K), 0.0021508 secs] 359357K->321341K(518980K), 0.0022303 secs] [Times: user=0.01 sys=0.00, real=0.00 secs] 
2020-10-29T09:45:22.169+0000: [GC (Allocation Failure) 2020-10-29T09:45:22.169+0000: [ParNew: 38020K->4K(42752K), 0.0022218 secs] 359357K->321341K(518980K), 0.0022937 secs] [Times: user=0.00 sys=0.00, real=0.01 secs] 
2020-10-29T09:45:22.205+0000: [GC (Allocation Failure) 2020-10-29T09:45:22.205+0000: [ParNew: 38020K->4K(42752K), 0.0021423 secs] 359357K->321341K(518980K), 0.0021917 secs] [Times: user=0.01 sys=0.00, real=0.00 secs] 
2020-10-29T09:45:22.242+0000: [GC (Allocation Failure) 2020-10-29T09:45:22.242+0000: [ParNew: 38020K->4K(42752K), 0.0021230 secs] 359357K->321341K(518980K), 0.0021999 secs] [Times: user=0.01 sys=0.00, real=0.00 secs] 
2020-10-29T09:45:22.277+0000: [GC (Allocation Failure) 2020-10-29T09:45:22.277+0000: [ParNew: 38020K->4K(42752K), 0.0021673 secs] 359357K->321341K(518980K), 0.0022535 secs] [Times: user=0.01 sys=0.00, real=0.00 secs] 
2020-10-29T09:45:22.316+0000: [GC (Allocation Failure) 2020-10-29T09:45:22.316+0000: [ParNew: 38020K->4K(42752K), 0.0021586 secs] 359357K->321341K(518980K), 0.0022152 secs] [Times: user=0.00 sys=0.00, real=0.00 secs] 
2020-10-29T09:45:22.352+0000: [GC (Allocation Failure) 2020-10-29T09:45:22.352+0000: [ParNew: 38020K->4K(42752K), 0.0021796 secs] 359357K->321341K(518980K), 0.0022809 secs] [Times: user=0.01 sys=0.00, real=0.00 secs] 
2020-10-29T09:45:22.392+0000: [GC (Allocation Failure) 2020-10-29T09:45:22.392+0000: [ParNew: 38020K->4K(42752K), 0.0021406 secs] 359357K->321341K(518980K), 0.0021897 secs] [Times: user=0.01 sys=0.00, real=0.00 secs] 
2020-10-29T09:45:22.432+0000: [GC (Allocation Failure) 2020-10-29T09:45:22.432+0000: [ParNew: 38020K->6K(42752K), 0.0021644 secs] 359357K->321343K(518980K), 0.0022424 secs] [Times: user=0.00 sys=0.00, real=0.00 secs] 
2020-10-29T09:45:22.468+0000: [GC (Allocation Failure) 2020-10-29T09:45:22.468+0000: [ParNew: 38022K->4K(42752K), 0.0024215 secs] 359359K->321341K(518980K), 0.0025063 secs] [Times: user=0.01 sys=0.00, real=0.01 secs] 
2020-10-29T09:45:22.506+0000: [GC (Allocation Failure) 2020-10-29T09:45:22.506+0000: [ParNew: 38020K->4K(42752K), 0.0021362 secs] 359357K->321341K(518980K), 0.0021925 secs] [Times: user=0.00 sys=0.00, real=0.00 secs] 
2020-10-29T09:45:22.542+0000: [GC (Allocation Failure) 2020-10-29T09:45:22.542+0000: [ParNew: 38020K->4K(42752K), 0.0021483 secs] 359357K->321341K(518980K), 0.0022154 secs] [Times: user=0.00 sys=0.00, real=0.00 secs] 
2020-10-29T09:45:22.578+0000: [GC (Allocation Failure) 2020-10-29T09:45:22.578+0000: [ParNew: 38020K->4K(42752K), 0.0022026 secs] 359357K->321341K(518980K), 0.0022719 secs] [Times: user=0.00 sys=0.00, real=0.00 secs] 
2020-10-29T09:45:22.614+0000: [GC (Allocation Failure) 2020-10-29T09:45:22.614+0000: [ParNew: 38020K->6K(42752K), 0.0021114 secs] 359357K->321343K(518980K), 0.0021841 secs] [Times: user=0.01 sys=0.00, real=0.00 secs] 
2020-10-29T09:45:22.654+0000: [GC (Allocation Failure) 2020-10-29T09:45:22.654+0000: [ParNew: 38022K->4K(42752K), 0.0021410 secs] 359359K->321341K(518980K), 0.0021891 secs] [Times: user=0.00 sys=0.00, real=0.00 secs] 
2020-10-29T09:45:22.694+0000: [GC (Allocation Failure) 2020-10-29T09:45:22.694+0000: [ParNew: 38020K->2K(42752K), 0.0044066 secs] 359357K->321339K(518980K), 0.0044630 secs] [Times: user=0.00 sys=0.00, real=0.00 secs] 
2020-10-29T09:45:22.733+0000: [GC (Allocation Failure) 2020-10-29T09:45:22.733+0000: [ParNew: 38018K->4K(42752K), 0.0043808 secs] 359355K->321341K(518980K), 0.0044405 secs] [Times: user=0.00 sys=0.00, real=0.00 secs] 
2020-10-29T09:45:22.774+0000: [GC (Allocation Failure) 2020-10-29T09:45:22.774+0000: [ParNew: 38020K->4K(42752K), 0.0057162 secs] 359357K->321341K(518980K), 0.0057839 secs] [Times: user=0.00 sys=0.00, real=0.00 secs] 
2020-10-29T09:45:22.814+0000: [GC (Allocation Failure) 2020-10-29T09:45:22.814+0000: [ParNew: 38020K->4K(42752K), 0.0024957 secs] 359357K->321341K(518980K), 0.0025523 secs] [Times: user=0.00 sys=0.00, real=0.00 secs] 
2020-10-29T09:45:22.851+0000: [GC (Allocation Failure) 2020-10-29T09:45:22.851+0000: [ParNew: 38020K->4K(42752K), 0.0021806 secs] 359357K->321341K(518980K), 0.0022809 secs] [Times: user=0.01 sys=0.00, real=0.00 secs] 
2020-10-29T09:45:22.890+0000: [GC (Allocation Failure) 2020-10-29T09:45:22.890+0000: [ParNew: 38020K->4K(42752K), 0.0021300 secs] 359357K->321341K(518980K), 0.0021851 secs] [Times: user=0.01 sys=0.00, real=0.00 secs] 
2020-10-29T09:45:22.925+0000: [GC (Allocation Failure) 2020-10-29T09:45:22.925+0000: [ParNew: 38020K->4K(42752K), 0.0043305 secs] 359357K->321341K(518980K), 0.0043936 secs] [Times: user=0.00 sys=0.00, real=0.01 secs] 
2020-10-29T09:45:22.964+0000: [GC (Allocation Failure) 2020-10-29T09:45:22.964+0000: [ParNew: 38020K->2K(42752K), 0.0044965 secs] 359357K->321339K(518980K), 0.0045747 secs] [Times: user=0.00 sys=0.00, real=0.00 secs] 
2020-10-29T09:45:23.006+0000: [GC (Allocation Failure) 2020-10-29T09:45:23.006+0000: [ParNew: 38018K->4K(42752K), 0.0059188 secs] 359355K->321341K(518980K), 0.0059908 secs] [Times: user=0.01 sys=0.00, real=0.01 secs] 
2020-10-29T09:45:23.045+0000: [GC (Allocation Failure) 2020-10-29T09:45:23.045+0000: [ParNew: 38020K->4K(42752K), 0.0027269 secs] 359357K->321341K(518980K), 0.0028108 secs] [Times: user=0.00 sys=0.00, real=0.00 secs] 
2020-10-29T09:45:23.080+0000: [GC (Allocation Failure) 2020-10-29T09:45:23.081+0000: [ParNew: 38020K->4K(42752K), 0.0021599 secs] 359357K->321341K(518980K), 0.0022379 secs] [Times: user=0.01 sys=0.00, real=0.01 secs] 
2020-10-29T09:45:23.116+0000: [GC (Allocation Failure) 2020-10-29T09:45:23.116+0000: [ParNew: 38020K->4K(42752K), 0.0022496 secs] 359357K->321341K(518980K), 0.0023304 secs] [Times: user=0.01 sys=0.00, real=0.00 secs] 
2020-10-29T09:45:23.151+0000: [GC (Allocation Failure) 2020-10-29T09:45:23.151+0000: [ParNew: 38020K->4K(42752K), 0.0025060 secs] 359357K->321341K(518980K), 0.0025886 secs] [Times: user=0.00 sys=0.00, real=0.00 secs] 
2020-10-29T09:45:23.191+0000: [GC (Allocation Failure) 2020-10-29T09:45:23.191+0000: [ParNew: 38020K->4K(42752K), 0.0021209 secs] 359357K->321341K(518980K), 0.0021887 secs] [Times: user=0.01 sys=0.00, real=0.00 secs] 
2020-10-29T09:45:23.226+0000: [GC (Allocation Failure) 2020-10-29T09:45:23.226+0000: [ParNew: 38020K->4K(42752K), 0.0021209 secs] 359357K->321341K(518980K), 0.0022001 secs] [Times: user=0.01 sys=0.00, real=0.00 secs] 
2020-10-29T09:45:23.261+0000: [GC (Allocation Failure) 2020-10-29T09:45:23.261+0000: [ParNew: 38020K->4K(42752K), 0.0064386 secs] 359357K->321341K(518980K), 0.0065077 secs] [Times: user=0.00 sys=0.00, real=0.01 secs] 
2020-10-29T09:45:23.305+0000: [GC (Allocation Failure) 2020-10-29T09:45:23.305+0000: [ParNew: 38020K->2K(42752K), 0.0044279 secs] 359357K->321339K(518980K), 0.0044868 secs] [Times: user=0.00 sys=0.00, real=0.00 secs] 
2020-10-29T09:45:23.344+0000: [GC (Allocation Failure) 2020-10-29T09:45:23.344+0000: [ParNew: 38018K->4K(42752K), 0.0021660 secs] 359355K->321341K(518980K), 0.0022402 secs] [Times: user=0.00 sys=0.00, real=0.00 secs] 
2020-10-29T09:45:23.381+0000: [GC (Allocation Failure) 2020-10-29T09:45:23.381+0000: [ParNew: 38020K->4K(42752K), 0.0023856 secs] 359357K->321341K(518980K), 0.0024567 secs] [Times: user=0.00 sys=0.00, real=0.01 secs] 
2020-10-29T09:45:23.421+0000: [GC (Allocation Failure) 2020-10-29T09:45:23.422+0000: [ParNew: 38020K->4K(42752K), 0.0021508 secs] 359357K->321341K(518980K), 0.0022156 secs] [Times: user=0.00 sys=0.00, real=0.01 secs] 
2020-10-29T09:45:23.461+0000: [GC (Allocation Failure) 2020-10-29T09:45:23.461+0000: [ParNew: 38020K->4K(42752K), 0.0021580 secs] 359357K->321341K(518980K), 0.0022280 secs] [Times: user=0.00 sys=0.00, real=0.01 secs] 
2020-10-29T09:45:23.499+0000: [GC (Allocation Failure) 2020-10-29T09:45:23.499+0000: [ParNew: 38020K->4K(42752K), 0.0021714 secs] 359357K->321341K(518980K), 0.0022277 secs] [Times: user=0.01 sys=0.00, real=0.00 secs] 
2020-10-29T09:45:23.538+0000: [GC (Allocation Failure) 2020-10-29T09:45:23.538+0000: [ParNew: 38020K->6K(42752K), 0.0021529 secs] 359357K->321343K(518980K), 0.0022322 secs] [Times: user=0.01 sys=0.00, real=0.00 secs] 
2020-10-29T09:45:23.573+0000: [GC (Allocation Failure) 2020-10-29T09:45:23.573+0000: [ParNew: 38022K->6K(42752K), 0.0026841 secs] 359359K->321343K(518980K), 0.0027631 secs] [Times: user=0.01 sys=0.00, real=0.00 secs] 
2020-10-29T09:45:23.609+0000: [GC (Allocation Failure) 2020-10-29T09:45:23.609+0000: [ParNew: 38022K->4K(42752K), 0.0022440 secs] 359359K->321341K(518980K), 0.0023236 secs] [Times: user=0.01 sys=0.00, real=0.01 secs] 
2020-10-29T09:45:23.645+0000: [GC (Allocation Failure) 2020-10-29T09:45:23.645+0000: [ParNew: 38020K->4K(42752K), 0.0021597 secs] 359357K->321341K(518980K), 0.0022385 secs] [Times: user=0.01 sys=0.00, real=0.00 secs] 
2020-10-29T09:45:23.681+0000: [GC (Allocation Failure) 2020-10-29T09:45:23.681+0000: [ParNew: 38020K->4K(42752K), 0.0021498 secs] 359357K->321341K(518980K), 0.0022201 secs] [Times: user=0.00 sys=0.00, real=0.01 secs] 
2020-10-29T09:45:23.717+0000: [GC (Allocation Failure) 2020-10-29T09:45:23.717+0000: [ParNew: 38020K->4K(42752K), 0.0021684 secs] 359357K->321341K(518980K), 0.0022464 secs] [Times: user=0.01 sys=0.00, real=0.00 secs] 
2020-10-29T09:45:23.752+0000: [GC (Allocation Failure) 2020-10-29T09:45:23.752+0000: [ParNew: 38020K->4K(42752K), 0.0023608 secs] 359357K->321341K(518980K), 0.0024382 secs] [Times: user=0.01 sys=0.00, real=0.00 secs] 
2020-10-29T09:45:23.789+0000: [GC (Allocation Failure) 2020-10-29T09:45:23.789+0000: [ParNew: 38020K->4K(42752K), 0.0021497 secs] 359357K->321341K(518980K), 0.0022057 secs] [Times: user=0.01 sys=0.00, real=0.01 secs] 
2020-10-29T09:45:23.825+0000: [GC (Allocation Failure) 2020-10-29T09:45:23.825+0000: [ParNew: 38020K->4K(42752K), 0.0021633 secs] 359357K->321341K(518980K), 0.0022441 secs] [Times: user=0.00 sys=0.00, real=0.00 secs] 
2020-10-29T09:45:23.864+0000: [GC (Allocation Failure) 2020-10-29T09:45:23.864+0000: [ParNew: 38020K->4K(42752K), 0.0021654 secs] 359357K->321341K(518980K), 0.0022292 secs] [Times: user=0.00 sys=0.00, real=0.00 secs] 
2020-10-29T09:45:23.900+0000: [GC (Allocation Failure) 2020-10-29T09:45:23.900+0000: [ParNew: 38020K->4K(42752K), 0.0021713 secs] 359357K->321341K(518980K), 0.0022290 secs] [Times: user=0.00 sys=0.00, real=0.01 secs] 
2020-10-29T09:45:23.937+0000: [GC (Allocation Failure) 2020-10-29T09:45:23.937+0000: [ParNew: 38020K->4K(42752K), 0.0021321 secs] 359357K->321341K(518980K), 0.0021887 secs] [Times: user=0.00 sys=0.00, real=0.00 secs] 
2020-10-29T09:45:23.973+0000: [GC (Allocation Failure) 2020-10-29T09:45:23.973+0000: [ParNew: 38020K->2K(42752K), 0.0044268 secs] 359357K->321339K(518980K), 0.0045055 secs] [Times: user=0.00 sys=0.00, real=0.00 secs] 
2020-10-29T09:45:24.014+0000: [GC (Allocation Failure) 2020-10-29T09:45:24.014+0000: [ParNew: 38018K->4K(42752K), 0.0021325 secs] 359355K->321341K(518980K), 0.0021905 secs] [Times: user=0.00 sys=0.00, real=0.00 secs] 
2020-10-29T09:45:24.053+0000: [GC (Allocation Failure) 2020-10-29T09:45:24.053+0000: [ParNew: 38020K->4K(42752K), 0.0021834 secs] 359357K->321341K(518980K), 0.0022541 secs] [Times: user=0.01 sys=0.00, real=0.00 secs] 
2020-10-29T09:45:24.092+0000: [GC (Allocation Failure) 2020-10-29T09:45:24.093+0000: [ParNew: 38020K->4K(42752K), 0.0021378 secs] 359357K->321341K(518980K), 0.0022135 secs] [Times: user=0.01 sys=0.00, real=0.00 secs] 
2020-10-29T09:45:24.128+0000: [GC (Allocation Failure) 2020-10-29T09:45:24.128+0000: [ParNew: 38020K->4K(42752K), 0.0021488 secs] 359357K->321341K(518980K), 0.0022188 secs] [Times: user=0.00 sys=0.00, real=0.01 secs] 
2020-10-29T09:45:24.166+0000: [GC (Allocation Failure) 2020-10-29T09:45:24.166+0000: [ParNew: 38020K->4K(42752K), 0.0021454 secs] 359357K->321341K(518980K), 0.0022311 secs] [Times: user=0.01 sys=0.00, real=0.00 secs] 
2020-10-29T09:45:24.205+0000: [GC (Allocation Failure) 2020-10-29T09:45:24.205+0000: [ParNew: 38020K->4K(42752K), 0.0021611 secs] 359357K->321341K(518980K), 0.0022273 secs] [Times: user=0.00 sys=0.00, real=0.00 secs] 
2020-10-29T09:45:24.240+0000: [GC (Allocation Failure) 2020-10-29T09:45:24.240+0000: [ParNew: 38020K->4K(42752K), 0.0021638 secs] 359357K->321341K(518980K), 0.0022463 secs] [Times: user=0.00 sys=0.00, real=0.01 secs] 
2020-10-29T09:45:24.278+0000: [GC (Allocation Failure) 2020-10-29T09:45:24.278+0000: [ParNew: 38020K->4K(42752K), 0.0021710 secs] 359357K->321341K(518980K), 0.0022489 secs] [Times: user=0.00 sys=0.00, real=0.00 secs] 
2020-10-29T09:45:24.313+0000: [GC (Allocation Failure) 2020-10-29T09:45:24.314+0000: [ParNew: 38020K->4K(42752K), 0.0021418 secs] 359357K->321341K(518980K), 0.0022270 secs] [Times: user=0.00 sys=0.00, real=0.00 secs] 
2020-10-29T09:45:24.357+0000: [GC (Allocation Failure) 2020-10-29T09:45:24.357+0000: [ParNew: 38020K->6K(42752K), 0.0021519 secs] 359357K->321343K(518980K), 0.0022210 secs] [Times: user=0.01 sys=0.00, real=0.00 secs] 
2020-10-29T09:45:24.394+0000: [GC (Allocation Failure) 2020-10-29T09:45:24.394+0000: [ParNew: 38022K->4K(42752K), 0.0021327 secs] 359359K->321341K(518980K), 0.0022028 secs] [Times: user=0.00 sys=0.00, real=0.00 secs] 
2020-10-29T09:45:24.430+0000: [GC (Allocation Failure) 2020-10-29T09:45:24.430+0000: [ParNew: 38020K->4K(42752K), 0.0021333 secs] 359357K->321341K(518980K), 0.0022216 secs] [Times: user=0.00 sys=0.00, real=0.00 secs] 
2020-10-29T09:45:24.469+0000: [GC (Allocation Failure) 2020-10-29T09:45:24.469+0000: [ParNew: 38020K->4K(42752K), 0.0021641 secs] 359357K->321341K(518980K), 0.0022344 secs] [Times: user=0.01 sys=0.00, real=0.01 secs] 
2020-10-29T09:45:24.506+0000: [GC (Allocation Failure) 2020-10-29T09:45:24.506+0000: [ParNew: 38020K->4K(42752K), 0.0021469 secs] 359357K->321341K(518980K), 0.0022148 secs] [Times: user=0.01 sys=0.00, real=0.00 secs] 
2020-10-29T09:45:24.542+0000: [GC (Allocation Failure) 2020-10-29T09:45:24.542+0000: [ParNew: 38020K->4K(42752K), 0.0021150 secs] 359357K->321341K(518980K), 0.0021718 secs] [Times: user=0.00 sys=0.00, real=0.00 secs] 
2020-10-29T09:45:24.578+0000: [GC (Allocation Failure) 2020-10-29T09:45:24.578+0000: [ParNew: 38020K->4K(42752K), 0.0021324 secs] 359357K->321341K(518980K), 0.0022146 secs] [Times: user=0.00 sys=0.00, real=0.00 secs] 
2020-10-29T09:45:24.617+0000: [GC (Allocation Failure) 2020-10-29T09:45:24.617+0000: [ParNew: 38020K->4K(42752K), 0.0021820 secs] 359357K->321341K(518980K), 0.0022527 secs] [Times: user=0.00 sys=0.00, real=0.00 secs] 
2020-10-29T09:45:24.656+0000: [GC (Allocation Failure) 2020-10-29T09:45:24.656+0000: [ParNew: 38020K->6K(42752K), 0.0021499 secs] 359357K->321343K(518980K), 0.0022190 secs] [Times: user=0.01 sys=0.00, real=0.00 secs] 
2020-10-29T09:45:24.696+0000: [GC (Allocation Failure) 2020-10-29T09:45:24.696+0000: [ParNew: 38022K->4K(42752K), 0.0021700 secs] 359359K->321341K(518980K), 0.0022419 secs] [Times: user=0.01 sys=0.00, real=0.00 secs] 
2020-10-29T09:45:24.731+0000: [GC (Allocation Failure) 2020-10-29T09:45:24.731+0000: [ParNew: 38020K->4K(42752K), 0.0021082 secs] 359357K->321341K(518980K), 0.0021909 secs] [Times: user=0.01 sys=0.00, real=0.00 secs] 
2020-10-29T09:45:24.771+0000: [GC (Allocation Failure) 2020-10-29T09:45:24.771+0000: [ParNew: 38020K->4K(42752K), 0.0021396 secs] 359357K->321341K(518980K), 0.0021959 secs] [Times: user=0.00 sys=0.00, real=0.00 secs] 
2020-10-29T09:45:24.811+0000: [GC (Allocation Failure) 2020-10-29T09:45:24.811+0000: [ParNew: 38020K->4K(42752K), 0.0021312 secs] 359357K->321341K(518980K), 0.0022037 secs] [Times: user=0.01 sys=0.00, real=0.00 secs] 
2020-10-29T09:45:24.851+0000: [GC (Allocation Failure) 2020-10-29T09:45:24.851+0000: [ParNew: 38020K->4K(42752K), 0.0021234 secs] 359357K->321341K(518980K), 0.0021795 secs] [Times: user=0.01 sys=0.00, real=0.00 secs] 
2020-10-29T09:45:24.886+0000: [GC (Allocation Failure) 2020-10-29T09:45:24.886+0000: [ParNew: 38020K->4K(42752K), 0.0046028 secs] 359357K->321341K(518980K), 0.0046614 secs] [Times: user=0.01 sys=0.00, real=0.01 secs] 
2020-10-29T09:45:24.924+0000: [GC (Allocation Failure) 2020-10-29T09:45:24.924+0000: [ParNew: 38020K->2K(42752K), 0.0043572 secs] 359357K->321339K(518980K), 0.0044429 secs] [Times: user=0.00 sys=0.00, real=0.00 secs] 
2020-10-29T09:45:24.965+0000: [GC (Allocation Failure) 2020-10-29T09:45:24.965+0000: [ParNew: 38018K->4K(42752K), 0.0045759 secs] 359355K->321341K(518980K), 0.0046380 secs] [Times: user=0.01 sys=0.00, real=0.00 secs] 
2020-10-29T09:45:25.003+0000: [GC (Allocation Failure) 2020-10-29T09:45:25.003+0000: [ParNew: 38020K->4K(42752K), 0.0021520 secs] 359357K->321341K(518980K), 0.0022311 secs] [Times: user=0.01 sys=0.00, real=0.00 secs] 
2020-10-29T09:45:25.039+0000: [GC (Allocation Failure) 2020-10-29T09:45:25.039+0000: [ParNew: 38020K->4K(42752K), 0.0021404 secs] 359357K->321341K(518980K), 0.0022234 secs] [Times: user=0.01 sys=0.00, real=0.00 secs] 
2020-10-29T09:45:25.078+0000: [GC (Allocation Failure) 2020-10-29T09:45:25.078+0000: [ParNew: 38020K->4K(42752K), 0.0021160 secs] 359357K->321341K(518980K), 0.0021898 secs] [Times: user=0.01 sys=0.00, real=0.00 secs] 
2020-10-29T09:45:25.114+0000: [GC (Allocation Failure) 2020-10-29T09:45:25.114+0000: [ParNew: 38020K->4K(42752K), 0.0021268 secs] 359357K->321341K(518980K), 0.0022223 secs] [Times: user=0.00 sys=0.00, real=0.00 secs] 
2020-10-29T09:45:25.153+0000: [GC (Allocation Failure) 2020-10-29T09:45:25.153+0000: [ParNew: 38020K->4K(42752K), 0.0021633 secs] 359357K->321341K(518980K), 0.0022204 secs] [Times: user=0.00 sys=0.00, real=0.00 secs] 
2020-10-29T09:45:25.190+0000: [GC (Allocation Failure) 2020-10-29T09:45:25.190+0000: [ParNew: 38020K->4K(42752K), 0.0021024 secs] 359357K->321341K(518980K), 0.0021833 secs] [Times: user=0.00 sys=0.00, real=0.00 secs] 
2020-10-29T09:45:25.227+0000: [GC (Allocation Failure) 2020-10-29T09:45:25.227+0000: [ParNew: 38020K->4K(42752K), 0.0021546 secs] 359357K->321341K(518980K), 0.0022113 secs] [Times: user=0.01 sys=0.00, real=0.00 secs] 
2020-10-29T09:45:25.263+0000: [GC (Allocation Failure) 2020-10-29T09:45:25.263+0000: [ParNew: 38020K->4K(42752K), 0.0021183 secs] 359357K->321341K(518980K), 0.0021755 secs] [Times: user=0.01 sys=0.00, real=0.00 secs] 
2020-10-29T09:45:25.298+0000: [GC (Allocation Failure) 2020-10-29T09:45:25.298+0000: [ParNew: 38020K->4K(42752K), 0.0021159 secs] 359357K->321341K(518980K), 0.0021895 secs] [Times: user=0.00 sys=0.00, real=0.00 secs] 
2020-10-29T09:45:25.333+0000: [GC (Allocation Failure) 2020-10-29T09:45:25.333+0000: [ParNew: 38020K->4K(42752K), 0.0021626 secs] 359357K->321342K(518980K), 0.0022357 secs] [Times: user=0.00 sys=0.00, real=0.00 secs] 
2020-10-29T09:45:25.373+0000: [GC (Allocation Failure) 2020-10-29T09:45:25.373+0000: [ParNew: 38020K->4K(42752K), 0.0021662 secs] 359358K->321342K(518980K), 0.0022372 secs] [Times: user=0.01 sys=0.00, real=0.00 secs] 
2020-10-29T09:45:25.410+0000: [GC (Allocation Failure) 2020-10-29T09:45:25.410+0000: [ParNew: 38020K->4K(42752K), 0.0021186 secs] 359358K->321342K(518980K), 0.0021734 secs] [Times: user=0.00 sys=0.00, real=0.00 secs] 
2020-10-29T09:45:25.446+0000: [GC (Allocation Failure) 2020-10-29T09:45:25.446+0000: [ParNew: 38020K->4K(42752K), 0.0021166 secs] 359358K->321342K(518980K), 0.0021719 secs] [Times: user=0.00 sys=0.00, real=0.00 secs] 
2020-10-29T09:45:25.486+0000: [GC (Allocation Failure) 2020-10-29T09:45:25.486+0000: [ParNew: 38020K->4K(42752K), 0.0025423 secs] 359358K->321342K(518980K), 0.0025973 secs] [Times: user=0.00 sys=0.00, real=0.00 secs] 
2020-10-29T09:45:25.523+0000: [GC (Allocation Failure) 2020-10-29T09:45:25.523+0000: [ParNew: 38020K->4K(42752K), 0.0033883 secs] 359358K->321342K(518980K), 0.0034473 secs] [Times: user=0.00 sys=0.00, real=0.00 secs] 
2020-10-29T09:45:25.562+0000: [GC (Allocation Failure) 2020-10-29T09:45:25.562+0000: [ParNew: 38020K->4K(42752K), 0.0028414 secs] 359358K->321342K(518980K), 0.0029148 secs] [Times: user=0.00 sys=0.00, real=0.00 secs] 
2020-10-29T09:45:25.598+0000: [GC (Allocation Failure) 2020-10-29T09:45:25.598+0000: [ParNew: 38020K->4K(42752K), 0.0021559 secs] 359358K->321342K(518980K), 0.0022584 secs] [Times: user=0.00 sys=0.00, real=0.00 secs] 
2020-10-29T09:45:25.635+0000: [GC (Allocation Failure) 2020-10-29T09:45:25.635+0000: [ParNew: 38020K->4K(42752K), 0.0021163 secs] 359358K->321342K(518980K), 0.0021743 secs] [Times: user=0.00 sys=0.00, real=0.00 secs] 
2020-10-29T09:45:25.671+0000: [GC (Allocation Failure) 2020-10-29T09:45:25.671+0000: [ParNew: 38020K->4K(42752K), 0.0021461 secs] 359358K->321342K(518980K), 0.0022054 secs] [Times: user=0.00 sys=0.00, real=0.00 secs] 
2020-10-29T09:45:25.708+0000: [GC (Allocation Failure) 2020-10-29T09:45:25.708+0000: [ParNew: 38020K->4K(42752K), 0.0021478 secs] 359358K->321342K(518980K), 0.0022033 secs] [Times: user=0.01 sys=0.00, real=0.01 secs] 
2020-10-29T09:45:25.744+0000: [GC (Allocation Failure) 2020-10-29T09:45:25.744+0000: [ParNew: 38020K->4K(42752K), 0.0021815 secs] 359358K->321342K(518980K), 0.0022617 secs] [Times: user=0.01 sys=0.00, real=0.00 secs] 
2020-10-29T09:45:25.780+0000: [GC (Allocation Failure) 2020-10-29T09:45:25.780+0000: [ParNew: 38020K->4K(42752K), 0.0021610 secs] 359358K->321342K(518980K), 0.0022399 secs] [Times: user=0.00 sys=0.00, real=0.01 secs] 
2020-10-29T09:45:25.815+0000: [GC (Allocation Failure) 2020-10-29T09:45:25.816+0000: [ParNew: 38020K->4K(42752K), 0.0021530 secs] 359358K->321342K(518980K), 0.0022335 secs] [Times: user=0.00 sys=0.00, real=0.00 secs] 
2020-10-29T09:45:25.851+0000: [GC (Allocation Failure) 2020-10-29T09:45:25.851+0000: [ParNew: 38020K->4K(42752K), 0.0021278 secs] 359358K->321342K(518980K), 0.0022034 secs] [Times: user=0.00 sys=0.00, real=0.00 secs] 
2020-10-29T09:45:25.905+0000: [GC (Allocation Failure) 2020-10-29T09:45:25.905+0000: [ParNew: 38020K->8K(42752K), 0.0029263 secs] 359358K->321346K(518980K), 0.0029756 secs] [Times: user=0.01 sys=0.00, real=0.00 secs] 
2020-10-29T09:45:25.942+0000: [GC (Allocation Failure) 2020-10-29T09:45:25.942+0000: [ParNew: 38024K->9K(42752K), 0.0021683 secs] 359362K->321347K(518980K), 0.0022512 secs] [Times: user=0.01 sys=0.00, real=0.00 secs] 
2020-10-29T09:45:25.982+0000: [GC (Allocation Failure) 2020-10-29T09:45:25.982+0000: [ParNew: 38025K->10K(42752K), 0.0021845 secs] 359363K->321348K(518980K), 0.0022515 secs] [Times: user=0.01 sys=0.00, real=0.00 secs] 
2020-10-29T09:45:26.022+0000: [GC (Allocation Failure) 2020-10-29T09:45:26.022+0000: [ParNew: 38026K->8K(42752K), 0.0021412 secs] 359364K->321346K(518980K), 0.0022153 secs] [Times: user=0.00 sys=0.00, real=0.00 secs] 
2020-10-29T09:45:26.057+0000: [GC (Allocation Failure) 2020-10-29T09:45:26.057+0000: [ParNew: 38024K->10K(42752K), 0.0021933 secs] 359362K->321349K(518980K), 0.0022753 secs] [Times: user=0.00 sys=0.00, real=0.00 secs] 
2020-10-29T09:45:26.093+0000: [GC (Allocation Failure) 2020-10-29T09:45:26.093+0000: [ParNew: 38026K->8K(42752K), 0.0072367 secs] 359365K->321346K(518980K), 0.0073121 secs] [Times: user=0.01 sys=0.00, real=0.00 secs] 
2020-10-29T09:45:26.134+0000: [GC (Allocation Failure) 2020-10-29T09:45:26.134+0000: [ParNew: 38024K->5K(42752K), 0.0021894 secs] 359362K->321347K(518980K), 0.0022463 secs] [Times: user=0.01 sys=0.00, real=0.00 secs] 
2020-10-29T09:45:26.170+0000: [GC (Allocation Failure) 2020-10-29T09:45:26.170+0000: [ParNew: 38021K->4K(42752K), 0.0021597 secs] 359363K->321345K(518980K), 0.0022231 secs] [Times: user=0.01 sys=0.01, real=0.00 secs] 
2020-10-29T09:45:26.209+0000: [GC (Allocation Failure) 2020-10-29T09:45:26.209+0000: [ParNew: 38020K->4K(42752K), 0.0021512 secs] 359361K->321345K(518980K), 0.0022068 secs] [Times: user=0.01 sys=0.00, real=0.01 secs] 
2020-10-29T09:45:26.246+0000: [GC (Allocation Failure) 2020-10-29T09:45:26.246+0000: [ParNew: 38020K->4K(42752K), 0.0021507 secs] 359361K->321345K(518980K), 0.0022086 secs] [Times: user=0.00 sys=0.00, real=0.00 secs] 
2020-10-29T09:45:26.281+0000: [GC (Allocation Failure) 2020-10-29T09:45:26.281+0000: [ParNew: 38020K->4K(42752K), 0.0044038 secs] 359361K->321345K(518980K), 0.0044814 secs] [Times: user=0.00 sys=0.00, real=0.01 secs] 
2020-10-29T09:45:26.323+0000: [GC (Allocation Failure) 2020-10-29T09:45:26.323+0000: [ParNew: 38020K->4K(42752K), 0.0021532 secs] 359361K->321345K(518980K), 0.0022228 secs] [Times: user=0.01 sys=0.00, real=0.00 secs] 
2020-10-29T09:45:26.358+0000: [GC (Allocation Failure) 2020-10-29T09:45:26.358+0000: [ParNew: 38020K->6K(42752K), 0.0021339 secs] 359361K->321347K(518980K), 0.0021916 secs] [Times: user=0.01 sys=0.00, real=0.00 secs] 
2020-10-29T09:45:26.394+0000: [GC (Allocation Failure) 2020-10-29T09:45:26.394+0000: [ParNew: 38022K->4K(42752K), 0.0021370 secs] 359363K->321345K(518980K), 0.0022143 secs] [Times: user=0.00 sys=0.00, real=0.00 secs] 
2020-10-29T09:45:26.429+0000: [GC (Allocation Failure) 2020-10-29T09:45:26.429+0000: [ParNew: 38020K->4K(42752K), 0.0022143 secs] 359361K->321345K(518980K), 0.0023051 secs] [Times: user=0.00 sys=0.00, real=0.01 secs] 
2020-10-29T09:45:26.465+0000: [GC (Allocation Failure) 2020-10-29T09:45:26.465+0000: [ParNew: 38020K->4K(42752K), 0.0023974 secs] 359361K->321345K(518980K), 0.0024777 secs] [Times: user=0.00 sys=0.00, real=0.00 secs] 
2020-10-29T09:45:26.502+0000: [GC (Allocation Failure) 2020-10-29T09:45:26.502+0000: [ParNew: 38020K->4K(42752K), 0.0021436 secs] 359361K->321345K(518980K), 0.0022087 secs] [Times: user=0.00 sys=0.00, real=0.00 secs] 
2020-10-29T09:45:26.541+0000: [GC (Allocation Failure) 2020-10-29T09:45:26.541+0000: [ParNew: 38020K->4K(42752K), 0.0021780 secs] 359361K->321345K(518980K), 0.0022479 secs] [Times: user=0.00 sys=0.00, real=0.01 secs] 
2020-10-29T09:45:26.581+0000: [GC (Allocation Failure) 2020-10-29T09:45:26.581+0000: [ParNew: 38020K->4K(42752K), 0.0021573 secs] 359361K->321345K(518980K), 0.0022282 secs] [Times: user=0.00 sys=0.00, real=0.01 secs] 
2020-10-29T09:45:26.618+0000: [GC (Allocation Failure) 2020-10-29T09:45:26.618+0000: [ParNew: 38020K->4K(42752K), 0.0021537 secs] 359361K->321346K(518980K), 0.0022114 secs] [Times: user=0.01 sys=0.00, real=0.00 secs] 
2020-10-29T09:45:26.658+0000: [GC (Allocation Failure) 2020-10-29T09:45:26.658+0000: [ParNew: 38020K->4K(42752K), 0.0021396 secs] 359362K->321346K(518980K), 0.0022001 secs] [Times: user=0.00 sys=0.00, real=0.00 secs] 
2020-10-29T09:45:26.693+0000: [GC (Allocation Failure) 2020-10-29T09:45:26.693+0000: [ParNew: 38020K->4K(42752K), 0.0021943 secs] 359362K->321346K(518980K), 0.0022748 secs] [Times: user=0.00 sys=0.00, real=0.00 secs] 
2020-10-29T09:45:26.729+0000: [GC (Allocation Failure) 2020-10-29T09:45:26.729+0000: [ParNew: 38020K->6K(42752K), 0.0021769 secs] 359362K->321348K(518980K), 0.0022331 secs] [Times: user=0.01 sys=0.00, real=0.01 secs] 
2020-10-29T09:45:26.767+0000: [GC (Allocation Failure) 2020-10-29T09:45:26.767+0000: [ParNew: 38022K->4K(42752K), 0.0045028 secs] 359364K->321346K(518980K), 0.0045787 secs] [Times: user=0.01 sys=0.00, real=0.01 secs] 
2020-10-29T09:45:26.806+0000: [GC (Allocation Failure) 2020-10-29T09:45:26.806+0000: [ParNew: 38020K->4K(42752K), 0.0021479 secs] 359362K->321346K(518980K), 0.0022239 secs] [Times: user=0.00 sys=0.00, real=0.00 secs] 
2020-10-29T09:45:26.842+0000: [GC (Allocation Failure) 2020-10-29T09:45:26.842+0000: [ParNew: 38020K->4K(42752K), 0.0021201 secs] 359362K->321346K(518980K), 0.0022023 secs] [Times: user=0.00 sys=0.00, real=0.00 secs] 
2020-10-29T09:45:26.877+0000: [GC (Allocation Failure) 2020-10-29T09:45:26.877+0000: [ParNew: 38020K->4K(42752K), 0.0022454 secs] 359362K->321346K(518980K), 0.0023254 secs] [Times: user=0.01 sys=0.00, real=0.00 secs] 
2020-10-29T09:45:26.913+0000: [GC (Allocation Failure) 2020-10-29T09:45:26.913+0000: [ParNew: 38020K->4K(42752K), 0.0022228 secs] 359362K->321346K(518980K), 0.0023013 secs] [Times: user=0.01 sys=0.00, real=0.00 secs] 
2020-10-29T09:45:26.950+0000: [GC (Allocation Failure) 2020-10-29T09:45:26.950+0000: [ParNew: 38020K->4K(42752K), 0.0021332 secs] 359362K->321346K(518980K), 0.0021814 secs] [Times: user=0.01 sys=0.00, real=0.00 secs] 
2020-10-29T09:45:26.990+0000: [GC (Allocation Failure) 2020-10-29T09:45:26.990+0000: [ParNew: 38020K->4K(42752K), 0.0021360 secs] 359362K->321346K(518980K), 0.0022093 secs] [Times: user=0.00 sys=0.00, real=0.00 secs] 
2020-10-29T09:45:27.030+0000: [GC (Allocation Failure) 2020-10-29T09:45:27.030+0000: [ParNew: 38020K->4K(42752K), 0.0021622 secs] 359362K->321346K(518980K), 0.0022296 secs] [Times: user=0.00 sys=0.00, real=0.00 secs] 
2020-10-29T09:45:27.065+0000: [GC (Allocation Failure) 2020-10-29T09:45:27.065+0000: [ParNew: 38020K->4K(42752K), 0.0021676 secs] 359362K->321346K(518980K), 0.0022472 secs] [Times: user=0.00 sys=0.00, real=0.00 secs] 
2020-10-29T09:45:27.101+0000: [GC (Allocation Failure) 2020-10-29T09:45:27.101+0000: [ParNew: 38020K->4K(42752K), 0.0021706 secs] 359362K->321346K(518980K), 0.0022517 secs] [Times: user=0.00 sys=0.00, real=0.01 secs] 
2020-10-29T09:45:27.138+0000: [GC (Allocation Failure) 2020-10-29T09:45:27.138+0000: [ParNew: 38020K->4K(42752K), 0.0021322 secs] 359362K->321346K(518980K), 0.0021809 secs] [Times: user=0.00 sys=0.00, real=0.00 secs] 
2020-10-29T09:45:27.182+0000: [GC (Allocation Failure) 2020-10-29T09:45:27.182+0000: [ParNew: 38020K->4K(42752K), 0.0021648 secs] 359362K->321346K(518980K), 0.0022360 secs] [Times: user=0.00 sys=0.00, real=0.00 secs] 
2020-10-29T09:45:27.218+0000: [GC (Allocation Failure) 2020-10-29T09:45:27.218+0000: [ParNew: 38020K->4K(42752K), 0.0021343 secs] 359362K->321346K(518980K), 0.0021915 secs] [Times: user=0.00 sys=0.00, real=0.00 secs] 
2020-10-29T09:45:27.254+0000: [GC (Allocation Failure) 2020-10-29T09:45:27.254+0000: [ParNew: 38020K->4K(42752K), 0.0022329 secs] 359362K->321346K(518980K), 0.0023130 secs] [Times: user=0.00 sys=0.00, real=0.00 secs] 
2020-10-29T09:45:27.299+0000: [GC (Allocation Failure) 2020-10-29T09:45:27.299+0000: [ParNew: 38020K->4K(42752K), 0.0022117 secs] 359362K->321346K(518980K), 0.0022844 secs] [Times: user=0.00 sys=0.00, real=0.00 secs] 
2020-10-29T09:45:27.618+0000: [GC (Allocation Failure) 2020-10-29T09:45:27.618+0000: [ParNew: 38020K->6K(42752K), 0.0021677 secs] 359362K->321348K(518980K), 0.0022444 secs] [Times: user=0.01 sys=0.00, real=0.00 secs] 
2020-10-29T09:45:27.809+0000: [GC (Allocation Failure) 2020-10-29T09:45:27.809+0000: [ParNew: 38022K->6K(42752K), 0.0022045 secs] 359364K->321348K(518980K), 0.0022775 secs] [Times: user=0.01 sys=0.00, real=0.01 secs] 
2020-10-29T09:45:27.963+0000: [GC (Allocation Failure) 2020-10-29T09:45:27.963+0000: [ParNew: 38022K->6K(42752K), 0.0021729 secs] 359364K->321348K(518980K), 0.0022629 secs] [Times: user=0.00 sys=0.00, real=0.00 secs] 
2020-10-29T09:45:30.190+0000: [GC (Allocation Failure) 2020-10-29T09:45:30.190+0000: [ParNew: 38022K->2700K(42752K), 0.0060484 secs] 359364K->324042K(518980K), 0.0061067 secs] [Times: user=0.01 sys=0.00, real=0.00 secs] 
2020-10-29T09:45:30.408+0000: [GC (Allocation Failure) 2020-10-29T09:45:30.408+0000: [ParNew: 40716K->1967K(42752K), 0.0094780 secs] 362058K->324590K(518980K), 0.0095450 secs] [Times: user=0.01 sys=0.00, real=0.01 secs] 
2020-10-29T09:45:30.642+0000: [GC (Allocation Failure) 2020-10-29T09:45:30.642+0000: [ParNew: 39983K->2709K(42752K), 0.0060352 secs] 362606K->325333K(518980K), 0.0061141 secs] [Times: user=0.01 sys=0.00, real=0.00 secs] 
2020-10-29T09:45:31.242+0000: [GC (Allocation Failure) 2020-10-29T09:45:31.242+0000: [ParNew: 40725K->3874K(42752K), 0.0074279 secs] 363349K->326764K(518980K), 0.0074987 secs] [Times: user=0.02 sys=0.00, real=0.00 secs] 
2020-10-29T09:45:31.547+0000: [GC (Allocation Failure) 2020-10-29T09:45:31.547+0000: [ParNew: 41890K->2683K(42752K), 0.0093789 secs] 364780K->326631K(518980K), 0.0094568 secs] [Times: user=0.01 sys=0.00, real=0.01 secs] 
2020-10-29T09:45:34.036+0000: [GC (Allocation Failure) 2020-10-29T09:45:34.036+0000: [ParNew: 40699K->2899K(42752K), 0.0059633 secs] 364647K->326847K(518980K), 0.0060309 secs] [Times: user=0.01 sys=0.00, real=0.01 secs] 
Heap
 par new generation   total 42752K, used 4295K [0x00000000c0000000, 0x00000000c2e60000, 0x00000000ca660000)
  eden space 38016K,   3% used [0x00000000c0000000, 0x00000000c015cf70, 0x00000000c2520000)
  from space 4736K,  61% used [0x00000000c2520000, 0x00000000c27f4e10, 0x00000000c29c0000)
  to   space 4736K,   0% used [0x00000000c29c0000, 0x00000000c29c0000, 0x00000000c2e60000)
 concurrent mark-sweep generation total 476228K, used 323948K [0x00000000ca660000, 0x00000000e7771000, 0x0000000100000000)
 Metaspace       used 78367K, capacity 79760K, committed 79944K, reserved 1118208K
  class space    used 10585K, capacity 10841K, committed 10880K, reserved 1048576K
End of LogType:stdout



Container: container_1603959726485_0005_01_000002 on ip-10-0-47-24.ec2.internal_8041
======================================================================================
LogType:stderr
Log Upload Time:gio ott 29 09:45:35 +0000 2020
LogLength:16137
Log Contents:
SLF4J: Class path contains multiple SLF4J bindings.
SLF4J: Found binding in [jar:file:/mnt/yarn/usercache/hadoop/filecache/20/__spark_libs__868164734296374639.zip/slf4j-log4j12-1.7.16.jar!/org/slf4j/impl/StaticLoggerBinder.class]
SLF4J: Found binding in [jar:file:/usr/lib/hadoop/lib/slf4j-log4j12-1.7.10.jar!/org/slf4j/impl/StaticLoggerBinder.class]
SLF4J: See http://www.slf4j.org/codes.html#multiple_bindings for an explanation.
SLF4J: Actual binding is of type [org.slf4j.impl.Log4jLoggerFactory]
20/10/29 09:44:10 INFO CoarseGrainedExecutorBackend: Started daemon with process name: 17112@ip-10-0-47-24
20/10/29 09:44:10 INFO SignalUtils: Registered signal handler for TERM
20/10/29 09:44:10 INFO SignalUtils: Registered signal handler for HUP
20/10/29 09:44:10 INFO SignalUtils: Registered signal handler for INT
20/10/29 09:44:11 INFO SecurityManager: Changing view acls to: yarn,hadoop
20/10/29 09:44:11 INFO SecurityManager: Changing modify acls to: yarn,hadoop
20/10/29 09:44:11 INFO SecurityManager: Changing view acls groups to: 
20/10/29 09:44:11 INFO SecurityManager: Changing modify acls groups to: 
20/10/29 09:44:11 INFO SecurityManager: SecurityManager: authentication disabled; ui acls disabled; users  with view permissions: Set(yarn, hadoop); groups with view permissions: Set(); users  with modify permissions: Set(yarn, hadoop); groups with modify permissions: Set()
20/10/29 09:44:11 INFO TransportClientFactory: Successfully created connection to ip-10-0-63-237.ec2.internal/10.0.63.237:33595 after 100 ms (0 ms spent in bootstraps)
20/10/29 09:44:12 INFO SecurityManager: Changing view acls to: yarn,hadoop
20/10/29 09:44:12 INFO SecurityManager: Changing modify acls to: yarn,hadoop
20/10/29 09:44:12 INFO SecurityManager: Changing view acls groups to: 
20/10/29 09:44:12 INFO SecurityManager: Changing modify acls groups to: 
20/10/29 09:44:12 INFO SecurityManager: SecurityManager: authentication disabled; ui acls disabled; users  with view permissions: Set(yarn, hadoop); groups with view permissions: Set(); users  with modify permissions: Set(yarn, hadoop); groups with modify permissions: Set()
20/10/29 09:44:12 INFO TransportClientFactory: Successfully created connection to ip-10-0-63-237.ec2.internal/10.0.63.237:33595 after 4 ms (0 ms spent in bootstraps)
20/10/29 09:44:12 INFO DiskBlockManager: Created local directory at /mnt/yarn/usercache/hadoop/appcache/application_1603959726485_0005/blockmgr-a09b0e72-a05b-4dfa-b29b-0651e459f5ea
20/10/29 09:44:12 INFO MemoryStore: MemoryStore started with capacity 424.4 MB
20/10/29 09:44:12 INFO CoarseGrainedExecutorBackend: Connecting to driver: spark://CoarseGrainedScheduler@ip-10-0-63-237.ec2.internal:33595
20/10/29 09:44:12 INFO CoarseGrainedExecutorBackend: Successfully registered with driver
20/10/29 09:44:12 INFO Executor: Starting executor ID 1 on host ip-10-0-47-24.ec2.internal
20/10/29 09:44:13 INFO Utils: Successfully started service 'org.apache.spark.network.netty.NettyBlockTransferService' on port 40525.
20/10/29 09:44:13 INFO NettyBlockTransferService: Server created on ip-10-0-47-24.ec2.internal:40525
20/10/29 09:44:13 INFO BlockManager: Using org.apache.spark.storage.RandomBlockReplicationPolicy for block replication policy
20/10/29 09:44:13 INFO BlockManagerMaster: Registering BlockManager BlockManagerId(1, ip-10-0-47-24.ec2.internal, 40525, None)
20/10/29 09:44:13 INFO BlockManagerMaster: Registered BlockManager BlockManagerId(1, ip-10-0-47-24.ec2.internal, 40525, None)
20/10/29 09:44:13 INFO BlockManager: external shuffle service port = 7337
20/10/29 09:44:13 INFO BlockManager: Registering executor with local external shuffle service.
20/10/29 09:44:13 INFO TransportClientFactory: Successfully created connection to ip-10-0-47-24.ec2.internal/10.0.47.24:7337 after 1 ms (0 ms spent in bootstraps)
20/10/29 09:44:13 INFO BlockManager: Initialized BlockManager: BlockManagerId(1, ip-10-0-47-24.ec2.internal, 40525, None)
20/10/29 09:44:13 INFO CoarseGrainedExecutorBackend: Got assigned task 0
20/10/29 09:44:13 INFO Executor: Running task 0.0 in stage 0.0 (TID 0)
20/10/29 09:44:13 INFO TorrentBroadcast: Started reading broadcast variable 1
20/10/29 09:44:13 INFO TransportClientFactory: Successfully created connection to ip-10-0-63-237.ec2.internal/10.0.63.237:35857 after 4 ms (0 ms spent in bootstraps)
20/10/29 09:44:13 INFO MemoryStore: Block broadcast_1_piece0 stored as bytes in memory (estimated size 15.8 KB, free 424.4 MB)
20/10/29 09:44:13 INFO TorrentBroadcast: Reading broadcast variable 1 took 222 ms
20/10/29 09:44:13 INFO MemoryStore: Block broadcast_1 stored as values in memory (estimated size 40.3 KB, free 424.4 MB)
20/10/29 09:44:14 INFO CodeGenerator: Code generated in 560.135203 ms
20/10/29 09:44:15 INFO CodeGenerator: Code generated in 73.554331 ms
20/10/29 09:44:15 INFO CodeGenerator: Code generated in 34.523313 ms
20/10/29 09:44:15 INFO FileScanRDD: Reading File path: s3://spectral-regression-spark-bucket/spectral_data_class.csv, range: 0-134217728, partition values: [empty row]
20/10/29 09:44:15 INFO CodeGenerator: Code generated in 14.379501 ms
20/10/29 09:44:15 INFO TorrentBroadcast: Started reading broadcast variable 0
20/10/29 09:44:15 INFO MemoryStore: Block broadcast_0_piece0 stored as bytes in memory (estimated size 36.8 KB, free 424.3 MB)
20/10/29 09:44:15 INFO TorrentBroadcast: Reading broadcast variable 0 took 14 ms
20/10/29 09:44:15 INFO MemoryStore: Block broadcast_0 stored as values in memory (estimated size 576.5 KB, free 423.7 MB)
20/10/29 09:44:17 INFO S3NativeFileSystem: Opening 's3://spectral-regression-spark-bucket/spectral_data_class.csv' for reading
20/10/29 09:44:18 INFO GPLNativeCodeLoader: Loaded native gpl library
20/10/29 09:44:18 INFO LzoCodec: Successfully loaded & initialized native-lzo library [hadoop-lzo rev 1546b8dc0ca6f1ffd26a812d52bd7b80915e0a25]
20/10/29 09:44:27 INFO Executor: Finished task 0.0 in stage 0.0 (TID 0). 1984 bytes result sent to driver
20/10/29 09:44:28 INFO CoarseGrainedExecutorBackend: Got assigned task 1
20/10/29 09:44:28 INFO CoarseGrainedExecutorBackend: Got assigned task 2
20/10/29 09:44:28 INFO Executor: Running task 0.0 in stage 1.0 (TID 1)
20/10/29 09:44:28 INFO Executor: Running task 1.0 in stage 1.0 (TID 2)
20/10/29 09:44:28 INFO TorrentBroadcast: Started reading broadcast variable 4
20/10/29 09:44:28 INFO MemoryStore: Block broadcast_4_piece0 stored as bytes in memory (estimated size 17.1 KB, free 423.8 MB)
20/10/29 09:44:28 INFO TorrentBroadcast: Reading broadcast variable 4 took 10 ms
20/10/29 09:44:28 INFO MemoryStore: Block broadcast_4 stored as values in memory (estimated size 43.4 KB, free 423.7 MB)
20/10/29 09:44:29 INFO CodeGenerator: Code generated in 98.628078 ms
20/10/29 09:44:30 INFO CodeGenerator: Code generated in 24.418866 ms
20/10/29 09:44:30 INFO FileScanRDD: Reading File path: s3://spectral-regression-spark-bucket/spectral_data_class.csv, range: 0-134217728, partition values: [empty row]
20/10/29 09:44:30 INFO FileScanRDD: Reading File path: s3://spectral-regression-spark-bucket/spectral_data_class.csv, range: 134217728-268435456, partition values: [empty row]
20/10/29 09:44:30 INFO TorrentBroadcast: Started reading broadcast variable 2
20/10/29 09:44:30 INFO MemoryStore: Block broadcast_2_piece0 stored as bytes in memory (estimated size 36.8 KB, free 423.6 MB)
20/10/29 09:44:30 INFO TorrentBroadcast: Reading broadcast variable 2 took 24 ms
20/10/29 09:44:30 INFO MemoryStore: Block broadcast_2 stored as values in memory (estimated size 576.5 KB, free 423.0 MB)
20/10/29 09:44:30 INFO S3NativeFileSystem: Opening 's3://spectral-regression-spark-bucket/spectral_data_class.csv' for reading
20/10/29 09:44:30 INFO S3NativeFileSystem: Opening 's3://spectral-regression-spark-bucket/spectral_data_class.csv' for reading
20/10/29 09:44:45 INFO JniLoader: successfully loaded /mnt/yarn/usercache/hadoop/appcache/application_1603959726485_0005/container_1603959726485_0005_01_000002/tmp/jniloader7679964227249622063netlib-native_system-linux-x86_64.so
20/10/29 09:44:46 INFO Executor: Finished task 1.0 in stage 1.0 (TID 2). 2418 bytes result sent to driver
20/10/29 09:44:47 INFO Executor: Finished task 0.0 in stage 1.0 (TID 1). 2418 bytes result sent to driver
20/10/29 09:44:48 INFO CoarseGrainedExecutorBackend: Got assigned task 4
20/10/29 09:44:48 INFO Executor: Running task 0.0 in stage 2.0 (TID 4)
20/10/29 09:44:48 INFO CoarseGrainedExecutorBackend: Got assigned task 6
20/10/29 09:44:48 INFO Executor: Running task 2.0 in stage 2.0 (TID 6)
20/10/29 09:44:48 INFO TorrentBroadcast: Started reading broadcast variable 6
20/10/29 09:44:48 INFO MemoryStore: Block broadcast_6_piece0 stored as bytes in memory (estimated size 18.6 KB, free 423.7 MB)
20/10/29 09:44:48 INFO TorrentBroadcast: Reading broadcast variable 6 took 9 ms
20/10/29 09:44:48 INFO MemoryStore: Block broadcast_6 stored as values in memory (estimated size 44.9 KB, free 423.7 MB)
20/10/29 09:44:48 INFO CodeGenerator: Code generated in 69.856313 ms
20/10/29 09:44:48 INFO CodeGenerator: Code generated in 13.894808 ms
20/10/29 09:44:48 INFO FileScanRDD: Reading File path: s3://spectral-regression-spark-bucket/spectral_data_class.csv, range: 161602326-242403489, partition values: [empty row]
20/10/29 09:44:48 INFO FileScanRDD: Reading File path: s3://spectral-regression-spark-bucket/spectral_data_class.csv, range: 0-80801163, partition values: [empty row]
20/10/29 09:44:48 INFO TorrentBroadcast: Started reading broadcast variable 5
20/10/29 09:44:48 INFO MemoryStore: Block broadcast_5_piece0 stored as bytes in memory (estimated size 36.8 KB, free 423.5 MB)
20/10/29 09:44:48 INFO TorrentBroadcast: Reading broadcast variable 5 took 8 ms
20/10/29 09:44:48 INFO MemoryStore: Block broadcast_5 stored as values in memory (estimated size 576.5 KB, free 423.0 MB)
20/10/29 09:44:48 INFO S3NativeFileSystem: Opening 's3://spectral-regression-spark-bucket/spectral_data_class.csv' for reading
20/10/29 09:44:48 INFO S3NativeFileSystem: Opening 's3://spectral-regression-spark-bucket/spectral_data_class.csv' for reading
20/10/29 09:44:58 INFO Executor: Finished task 0.0 in stage 2.0 (TID 4). 2405 bytes result sent to driver
20/10/29 09:44:58 INFO Executor: Finished task 2.0 in stage 2.0 (TID 6). 2405 bytes result sent to driver
20/10/29 09:44:59 INFO CoarseGrainedExecutorBackend: Got assigned task 9
20/10/29 09:44:59 INFO CoarseGrainedExecutorBackend: Got assigned task 11
20/10/29 09:44:59 INFO Executor: Running task 1.0 in stage 3.0 (TID 9)
20/10/29 09:44:59 INFO TorrentBroadcast: Started reading broadcast variable 7
20/10/29 09:44:59 INFO Executor: Running task 3.0 in stage 3.0 (TID 11)
20/10/29 09:44:59 INFO MemoryStore: Block broadcast_7_piece0 stored as bytes in memory (estimated size 18.5 KB, free 423.1 MB)
20/10/29 09:44:59 INFO TorrentBroadcast: Reading broadcast variable 7 took 9 ms
20/10/29 09:44:59 INFO MemoryStore: Block broadcast_7 stored as values in memory (estimated size 44.1 KB, free 423.0 MB)
20/10/29 09:44:59 INFO FileScanRDD: Reading File path: s3://spectral-regression-spark-bucket/spectral_data_class.csv, range: 80801163-161602326, partition values: [empty row]
20/10/29 09:44:59 INFO FileScanRDD: Reading File path: s3://spectral-regression-spark-bucket/spectral_data_class.csv, range: 242403489-319010350, partition values: [empty row]
20/10/29 09:44:59 INFO S3NativeFileSystem: Opening 's3://spectral-regression-spark-bucket/spectral_data_class.csv' for reading
20/10/29 09:44:59 INFO S3NativeFileSystem: Opening 's3://spectral-regression-spark-bucket/spectral_data_class.csv' for reading
20/10/29 09:45:07 INFO Executor: Finished task 1.0 in stage 3.0 (TID 9). 1922 bytes result sent to driver
20/10/29 09:45:07 INFO Executor: Finished task 3.0 in stage 3.0 (TID 11). 1922 bytes result sent to driver
20/10/29 09:45:08 INFO CoarseGrainedExecutorBackend: Got assigned task 13
20/10/29 09:45:08 INFO CoarseGrainedExecutorBackend: Got assigned task 15
20/10/29 09:45:08 INFO Executor: Running task 3.0 in stage 4.0 (TID 15)
20/10/29 09:45:08 INFO Executor: Running task 1.0 in stage 4.0 (TID 13)
20/10/29 09:45:08 INFO TorrentBroadcast: Started reading broadcast variable 9
20/10/29 09:45:08 INFO MemoryStore: Block broadcast_9_piece0 stored as bytes in memory (estimated size 17.1 KB, free 423.2 MB)
20/10/29 09:45:08 INFO TorrentBroadcast: Reading broadcast variable 9 took 9 ms
20/10/29 09:45:08 INFO MemoryStore: Block broadcast_9 stored as values in memory (estimated size 40.0 KB, free 423.1 MB)
20/10/29 09:45:09 INFO CodeGenerator: Code generated in 40.179835 ms
20/10/29 09:45:09 INFO FileScanRDD: Reading File path: s3://spectral-regression-spark-bucket/spectral_data_class.csv, range: 80801163-161602326, partition values: [empty row]
20/10/29 09:45:09 INFO TorrentBroadcast: Started reading broadcast variable 8
20/10/29 09:45:09 INFO FileScanRDD: Reading File path: s3://spectral-regression-spark-bucket/spectral_data_class.csv, range: 242403489-319010350, partition values: [empty row]
20/10/29 09:45:09 INFO MemoryStore: Block broadcast_8_piece0 stored as bytes in memory (estimated size 36.8 KB, free 423.0 MB)
20/10/29 09:45:09 INFO TorrentBroadcast: Reading broadcast variable 8 took 16 ms
20/10/29 09:45:09 INFO MemoryStore: Block broadcast_8 stored as values in memory (estimated size 576.5 KB, free 422.4 MB)
20/10/29 09:45:09 INFO S3NativeFileSystem: Opening 's3://spectral-regression-spark-bucket/spectral_data_class.csv' for reading
20/10/29 09:45:09 INFO S3NativeFileSystem: Opening 's3://spectral-regression-spark-bucket/spectral_data_class.csv' for reading
20/10/29 09:45:17 INFO Executor: Finished task 3.0 in stage 4.0 (TID 15). 2650 bytes result sent to driver
20/10/29 09:45:17 INFO Executor: Finished task 1.0 in stage 4.0 (TID 13). 2650 bytes result sent to driver
20/10/29 09:45:18 INFO CoarseGrainedExecutorBackend: Got assigned task 17
20/10/29 09:45:18 INFO Executor: Running task 0.0 in stage 6.0 (TID 17)
20/10/29 09:45:18 INFO MapOutputTrackerWorker: Updating epoch to 1 and clearing cache
20/10/29 09:45:18 INFO TorrentBroadcast: Started reading broadcast variable 12
20/10/29 09:45:18 INFO CoarseGrainedExecutorBackend: Got assigned task 19
20/10/29 09:45:18 INFO Executor: Running task 2.0 in stage 6.0 (TID 19)
20/10/29 09:45:18 INFO MemoryStore: Block broadcast_12_piece0 stored as bytes in memory (estimated size 19.1 KB, free 423.1 MB)
20/10/29 09:45:18 INFO TorrentBroadcast: Reading broadcast variable 12 took 10 ms
20/10/29 09:45:18 INFO MemoryStore: Block broadcast_12 stored as values in memory (estimated size 45.6 KB, free 423.1 MB)
20/10/29 09:45:19 INFO CodeGenerator: Code generated in 85.510713 ms
20/10/29 09:45:19 INFO FileScanRDD: Reading File path: s3://spectral-regression-spark-bucket/spectral_data_class.csv, range: 0-80801163, partition values: [empty row]
20/10/29 09:45:19 INFO TorrentBroadcast: Started reading broadcast variable 11
20/10/29 09:45:19 INFO FileScanRDD: Reading File path: s3://spectral-regression-spark-bucket/spectral_data_class.csv, range: 161602326-242403489, partition values: [empty row]
20/10/29 09:45:19 INFO MemoryStore: Block broadcast_11_piece0 stored as bytes in memory (estimated size 36.8 KB, free 422.9 MB)
20/10/29 09:45:19 INFO TorrentBroadcast: Reading broadcast variable 11 took 20 ms
20/10/29 09:45:19 INFO MemoryStore: Block broadcast_11 stored as values in memory (estimated size 576.5 KB, free 422.4 MB)
20/10/29 09:45:19 INFO S3NativeFileSystem: Opening 's3://spectral-regression-spark-bucket/spectral_data_class.csv' for reading
20/10/29 09:45:19 INFO S3NativeFileSystem: Opening 's3://spectral-regression-spark-bucket/spectral_data_class.csv' for reading
20/10/29 09:45:27 INFO Executor: Finished task 2.0 in stage 6.0 (TID 19). 2405 bytes result sent to driver
20/10/29 09:45:27 INFO Executor: Finished task 0.0 in stage 6.0 (TID 17). 2405 bytes result sent to driver
20/10/29 09:45:33 INFO CoarseGrainedExecutorBackend: Driver commanded a shutdown
20/10/29 09:45:33 INFO MemoryStore: MemoryStore cleared
20/10/29 09:45:33 INFO BlockManager: BlockManager stopped
20/10/29 09:45:34 INFO ShutdownHookManager: Shutdown hook called
End of LogType:stderr

LogType:stdout
Log Upload Time:gio ott 29 09:45:35 +0000 2020
LogLength:335123
Log Contents:
2020-10-29T09:44:09.786+0000: [GC (Allocation Failure) 2020-10-29T09:44:09.786+0000: [ParNew: 16384K->2048K(18432K), 0.0038178 secs] 16384K->2385K(59392K), 0.0038873 secs] [Times: user=0.01 sys=0.00, real=0.00 secs] 
2020-10-29T09:44:09.913+0000: [GC (Allocation Failure) 2020-10-29T09:44:09.913+0000: [ParNew: 18432K->1940K(18432K), 0.0064274 secs] 18769K->3630K(59392K), 0.0064727 secs] [Times: user=0.01 sys=0.00, real=0.00 secs] 
2020-10-29T09:44:10.039+0000: [GC (Allocation Failure) 2020-10-29T09:44:10.039+0000: [ParNew: 18324K->1307K(18432K), 0.0016745 secs] 20014K->2997K(59392K), 0.0017185 secs] [Times: user=0.00 sys=0.00, real=0.00 secs] 
2020-10-29T09:44:10.194+0000: [GC (Allocation Failure) 2020-10-29T09:44:10.194+0000: [ParNew: 17691K->1966K(18432K), 0.0042419 secs] 19381K->4036K(59392K), 0.0042887 secs] [Times: user=0.01 sys=0.00, real=0.00 secs] 
2020-10-29T09:44:10.347+0000: [GC (Allocation Failure) 2020-10-29T09:44:10.347+0000: [ParNew: 18350K->1186K(18432K), 0.0050566 secs] 20420K->3804K(59392K), 0.0051220 secs] [Times: user=0.00 sys=0.01, real=0.00 secs] 
2020-10-29T09:44:10.480+0000: [GC (Allocation Failure) 2020-10-29T09:44:10.480+0000: [ParNew: 17570K->1740K(18432K), 0.0042607 secs] 20188K->4357K(59392K), 0.0043233 secs] [Times: user=0.01 sys=0.00, real=0.00 secs] 
2020-10-29T09:44:10.564+0000: [GC (Allocation Failure) 2020-10-29T09:44:10.564+0000: [ParNew: 18124K->1211K(18432K), 0.0075618 secs] 20741K->4367K(59392K), 0.0076261 secs] [Times: user=0.02 sys=0.00, real=0.01 secs] 
2020-10-29T09:44:10.626+0000: [GC (Allocation Failure) 2020-10-29T09:44:10.626+0000: [ParNew: 17595K->955K(18432K), 0.0016173 secs] 20751K->4111K(59392K), 0.0016661 secs] [Times: user=0.00 sys=0.00, real=0.00 secs] 
2020-10-29T09:44:10.685+0000: [GC (Allocation Failure) 2020-10-29T09:44:10.685+0000: [ParNew: 17339K->816K(18432K), 0.0013718 secs] 20495K->3972K(59392K), 0.0014263 secs] [Times: user=0.00 sys=0.00, real=0.00 secs] 
2020-10-29T09:44:10.797+0000: [GC (Allocation Failure) 2020-10-29T09:44:10.797+0000: [ParNew: 17200K->1538K(18432K), 0.0018509 secs] 20356K->4694K(59392K), 0.0019182 secs] [Times: user=0.00 sys=0.00, real=0.00 secs] 
2020-10-29T09:44:10.894+0000: [GC (Allocation Failure) 2020-10-29T09:44:10.894+0000: [ParNew: 17922K->1290K(18432K), 0.0022974 secs] 21078K->4759K(59392K), 0.0023552 secs] [Times: user=0.01 sys=0.00, real=0.00 secs] 
2020-10-29T09:44:11.063+0000: [GC (Allocation Failure) 2020-10-29T09:44:11.063+0000: [ParNew: 17674K->1213K(18432K), 0.0022842 secs] 21143K->4681K(59392K), 0.0023322 secs] [Times: user=0.00 sys=0.00, real=0.01 secs] 
2020-10-29T09:44:11.197+0000: [GC (Allocation Failure) 2020-10-29T09:44:11.197+0000: [ParNew: 17597K->1892K(18432K), 0.0030531 secs] 21065K->5433K(59392K), 0.0031001 secs] [Times: user=0.00 sys=0.00, real=0.00 secs] 
2020-10-29T09:44:11.327+0000: [GC (Allocation Failure) 2020-10-29T09:44:11.327+0000: [ParNew: 18276K->1137K(18432K), 0.0081689 secs] 21817K->5290K(59392K), 0.0082290 secs] [Times: user=0.02 sys=0.00, real=0.01 secs] 
2020-10-29T09:44:11.420+0000: [GC (Allocation Failure) 2020-10-29T09:44:11.421+0000: [ParNew: 17521K->1134K(18432K), 0.0018864 secs] 21674K->5287K(59392K), 0.0019418 secs] [Times: user=0.00 sys=0.00, real=0.00 secs] 
2020-10-29T09:44:11.493+0000: [GC (Allocation Failure) 2020-10-29T09:44:11.493+0000: [ParNew: 17518K->1045K(18432K), 0.0018799 secs] 21671K->5199K(59392K), 0.0019418 secs] [Times: user=0.00 sys=0.00, real=0.00 secs] 
2020-10-29T09:44:11.562+0000: [GC (Allocation Failure) 2020-10-29T09:44:11.562+0000: [ParNew: 17429K->1781K(18432K), 0.0036531 secs] 21583K->5934K(59392K), 0.0036996 secs] [Times: user=0.01 sys=0.00, real=0.01 secs] 
2020-10-29T09:44:11.619+0000: [GC (Allocation Failure) 2020-10-29T09:44:11.619+0000: [ParNew: 18165K->980K(18432K), 0.0029154 secs] 22318K->5492K(59392K), 0.0029631 secs] [Times: user=0.01 sys=0.00, real=0.00 secs] 
2020-10-29T09:44:11.687+0000: [GC (Allocation Failure) 2020-10-29T09:44:11.687+0000: [ParNew: 17364K->1391K(18432K), 0.0038450 secs] 21876K->5903K(59392K), 0.0038926 secs] [Times: user=0.01 sys=0.00, real=0.00 secs] 
2020-10-29T09:44:11.780+0000: [GC (Allocation Failure) 2020-10-29T09:44:11.780+0000: [ParNew: 17775K->1481K(18432K), 0.0031380 secs] 22287K->6197K(59392K), 0.0031850 secs] [Times: user=0.01 sys=0.00, real=0.00 secs] 
2020-10-29T09:44:11.848+0000: [GC (Allocation Failure) 2020-10-29T09:44:11.848+0000: [ParNew: 17865K->1140K(18432K), 0.0031395 secs] 22581K->6316K(59392K), 0.0031880 secs] [Times: user=0.01 sys=0.00, real=0.00 secs] 
2020-10-29T09:44:12.120+0000: [GC (Allocation Failure) 2020-10-29T09:44:12.120+0000: [ParNew: 17524K->1217K(18432K), 0.0029425 secs] 39084K->22778K(59392K), 0.0029906 secs] [Times: user=0.01 sys=0.00, real=0.00 secs] 
2020-10-29T09:44:12.123+0000: [GC (CMS Initial Mark) [1 CMS-initial-mark: 21560K(40960K)] 22992K(59392K), 0.0014978 secs] [Times: user=0.00 sys=0.00, real=0.01 secs] 
2020-10-29T09:44:12.125+0000: [CMS-concurrent-mark-start]
2020-10-29T09:44:12.139+0000: [CMS-concurrent-mark: 0.015/0.015 secs] [Times: user=0.02 sys=0.01, real=0.01 secs] 
2020-10-29T09:44:12.140+0000: [CMS-concurrent-preclean-start]
2020-10-29T09:44:12.142+0000: [CMS-concurrent-preclean: 0.000/0.001 secs] [Times: user=0.01 sys=0.00, real=0.00 secs] 
2020-10-29T09:44:12.142+0000: [GC (CMS Final Remark) [YG occupancy: 2934 K (18432 K)]2020-10-29T09:44:12.142+0000: [Rescan (parallel) , 0.0009853 secs]2020-10-29T09:44:12.143+0000: [weak refs processing, 0.0000350 secs]2020-10-29T09:44:12.143+0000: [class unloading, 0.0022386 secs]2020-10-29T09:44:12.145+0000: [scrub symbol table, 0.0023246 secs]2020-10-29T09:44:12.148+0000: [scrub string table, 0.0002459 secs][1 CMS-remark: 21560K(40960K)] 24494K(59392K), 0.0059162 secs] [Times: user=0.00 sys=0.00, real=0.01 secs] 
2020-10-29T09:44:12.148+0000: [CMS-concurrent-sweep-start]
2020-10-29T09:44:12.151+0000: [CMS-concurrent-sweep: 0.002/0.002 secs] [Times: user=0.01 sys=0.00, real=0.00 secs] 
2020-10-29T09:44:12.151+0000: [CMS-concurrent-reset-start]
2020-10-29T09:44:12.178+0000: [CMS-concurrent-reset: 0.028/0.028 secs] [Times: user=0.03 sys=0.02, real=0.03 secs] 
2020-10-29T09:44:12.233+0000: [GC (Allocation Failure) 2020-10-29T09:44:12.233+0000: [ParNew: 17601K->1017K(18432K), 0.0029554 secs] 38745K->22394K(59392K), 0.0030040 secs] [Times: user=0.01 sys=0.01, real=0.00 secs] 
2020-10-29T09:44:12.379+0000: [GC (Allocation Failure) 2020-10-29T09:44:12.379+0000: [ParNew: 17401K->1297K(18432K), 0.0044180 secs] 55162K->39058K(59392K), 0.0044749 secs] [Times: user=0.01 sys=0.00, real=0.00 secs] 
2020-10-29T09:44:12.384+0000: [GC (CMS Initial Mark) [1 CMS-initial-mark: 37761K(40960K)] 39058K(59392K), 0.0008692 secs] [Times: user=0.00 sys=0.00, real=0.01 secs] 
2020-10-29T09:44:12.385+0000: [CMS-concurrent-mark-start]
2020-10-29T09:44:12.407+0000: [CMS-concurrent-mark: 0.022/0.022 secs] [Times: user=0.04 sys=0.00, real=0.02 secs] 
2020-10-29T09:44:12.407+0000: [CMS-concurrent-preclean-start]
2020-10-29T09:44:12.407+0000: [CMS-concurrent-preclean: 0.001/0.001 secs] [Times: user=0.00 sys=0.00, real=0.00 secs] 
2020-10-29T09:44:12.407+0000: [GC (CMS Final Remark) [YG occupancy: 2898 K (18432 K)]2020-10-29T09:44:12.407+0000: [Rescan (parallel) , 0.0011701 secs]2020-10-29T09:44:12.409+0000: [weak refs processing, 0.0000344 secs]2020-10-29T09:44:12.409+0000: [class unloading, 0.0026139 secs]2020-10-29T09:44:12.411+0000: [scrub symbol table, 0.0024514 secs]2020-10-29T09:44:12.414+0000: [scrub string table, 0.0002438 secs][1 CMS-remark: 37761K(40960K)] 40659K(59392K), 0.0066183 secs] [Times: user=0.01 sys=0.00, real=0.01 secs] 
2020-10-29T09:44:12.414+0000: [CMS-concurrent-sweep-start]
2020-10-29T09:44:12.417+0000: [CMS-concurrent-sweep: 0.002/0.002 secs] [Times: user=0.00 sys=0.00, real=0.00 secs] 
2020-10-29T09:44:12.417+0000: [CMS-concurrent-reset-start]
2020-10-29T09:44:12.418+0000: [CMS-concurrent-reset: 0.002/0.002 secs] [Times: user=0.00 sys=0.00, real=0.00 secs] 
2020-10-29T09:44:12.491+0000: [GC (Allocation Failure) 2020-10-29T09:44:12.491+0000: [ParNew: 17681K->1393K(18432K), 0.0030234 secs] 55390K->39471K(81284K), 0.0030940 secs] [Times: user=0.01 sys=0.00, real=0.01 secs] 
2020-10-29T09:44:12.574+0000: [GC (Allocation Failure) 2020-10-29T09:44:12.574+0000: [ParNew: 17777K->1001K(18432K), 0.0018561 secs] 55855K->39079K(81284K), 0.0019241 secs] [Times: user=0.00 sys=0.00, real=0.00 secs] 
2020-10-29T09:44:12.646+0000: [GC (Allocation Failure) 2020-10-29T09:44:12.646+0000: [ParNew: 17385K->1683K(18432K), 0.0020886 secs] 55463K->39761K(81284K), 0.0021542 secs] [Times: user=0.01 sys=0.00, real=0.00 secs] 
2020-10-29T09:44:12.716+0000: [GC (Allocation Failure) 2020-10-29T09:44:12.716+0000: [ParNew: 18067K->1216K(18432K), 0.0028429 secs] 56145K->39760K(81284K), 0.0028924 secs] [Times: user=0.00 sys=0.00, real=0.00 secs] 
2020-10-29T09:44:12.762+0000: [GC (Allocation Failure) 2020-10-29T09:44:12.763+0000: [ParNew: 17600K->1038K(18432K), 0.0015639 secs] 56144K->39582K(81284K), 0.0016131 secs] [Times: user=0.00 sys=0.00, real=0.00 secs] 
2020-10-29T09:44:12.860+0000: [GC (Allocation Failure) 2020-10-29T09:44:12.860+0000: [ParNew: 17422K->1057K(18432K), 0.0047523 secs] 55966K->39601K(81284K), 0.0048039 secs] [Times: user=0.01 sys=0.00, real=0.01 secs] 
2020-10-29T09:44:13.083+0000: [GC (Allocation Failure) 2020-10-29T09:44:13.083+0000: [ParNew: 17441K->1996K(18432K), 0.0031342 secs] 55985K->40540K(81284K), 0.0031965 secs] [Times: user=0.01 sys=0.00, real=0.01 secs] 
2020-10-29T09:44:13.236+0000: [GC (Allocation Failure) 2020-10-29T09:44:13.236+0000: [ParNew: 18380K->1504K(18432K), 0.0108233 secs] 73308K->57698K(81284K), 0.0108812 secs] [Times: user=0.02 sys=0.01, real=0.01 secs] 
2020-10-29T09:44:13.248+0000: [GC (CMS Initial Mark) [1 CMS-initial-mark: 56193K(62852K)] 57925K(81284K), 0.0013924 secs] [Times: user=0.01 sys=0.00, real=0.00 secs] 
2020-10-29T09:44:13.250+0000: [CMS-concurrent-mark-start]
2020-10-29T09:44:13.280+0000: [CMS-concurrent-mark: 0.030/0.030 secs] [Times: user=0.05 sys=0.00, real=0.03 secs] 
2020-10-29T09:44:13.280+0000: [CMS-concurrent-preclean-start]
2020-10-29T09:44:13.281+0000: [CMS-concurrent-preclean: 0.001/0.001 secs] [Times: user=0.01 sys=0.00, real=0.00 secs] 
2020-10-29T09:44:13.281+0000: [CMS-concurrent-abortable-preclean-start]
2020-10-29T09:44:13.372+0000: [GC (Allocation Failure) 2020-10-29T09:44:13.372+0000: [ParNew: 17888K->1153K(18432K), 0.0046804 secs] 74082K->57347K(81284K), 0.0047374 secs] [Times: user=0.01 sys=0.00, real=0.00 secs] 
2020-10-29T09:44:13.437+0000: [GC (Allocation Failure) 2020-10-29T09:44:13.437+0000: [ParNew: 9003K->984K(18432K), 0.0068836 secs]2020-10-29T09:44:13.444+0000: [CMS2020-10-29T09:44:13.444+0000: [CMS-concurrent-abortable-preclean: 0.012/0.163 secs] [Times: user=0.28 sys=0.03, real=0.16 secs] 
 (concurrent mode failure): 56512K->56933K(62852K), 0.0451049 secs] 65197K->56933K(81284K), [Metaspace: 29526K->29526K(1075200K)], 0.0522182 secs] [Times: user=0.10 sys=0.00, real=0.05 secs] 
2020-10-29T09:44:13.675+0000: [GC (Allocation Failure) 2020-10-29T09:44:13.675+0000: [ParNew: 38016K->901K(42752K), 0.0137389 secs] 94949K->74221K(137644K), 0.0137954 secs] [Times: user=0.03 sys=0.00, real=0.01 secs] 
2020-10-29T09:44:13.692+0000: [GC (CMS Initial Mark) [1 CMS-initial-mark: 73319K(94892K)] 75079K(137644K), 0.0009769 secs] [Times: user=0.00 sys=0.00, real=0.01 secs] 
2020-10-29T09:44:13.693+0000: [CMS-concurrent-mark-start]
2020-10-29T09:44:13.720+0000: [CMS-concurrent-mark: 0.027/0.027 secs] [Times: user=0.05 sys=0.00, real=0.02 secs] 
2020-10-29T09:44:13.720+0000: [CMS-concurrent-preclean-start]
2020-10-29T09:44:13.725+0000: [CMS-concurrent-preclean: 0.005/0.005 secs] [Times: user=0.01 sys=0.00, real=0.01 secs] 
2020-10-29T09:44:13.725+0000: [CMS-concurrent-abortable-preclean-start]
2020-10-29T09:44:13.912+0000: [GC (Allocation Failure) 2020-10-29T09:44:13.912+0000: [ParNew2020-10-29T09:44:13.915+0000: [CMS-concurrent-abortable-preclean: 0.008/0.190 secs] [Times: user=0.36 sys=0.02, real=0.19 secs] 
: 38917K->2588K(42752K), 0.0066664 secs] 112237K->75908K(137644K), 0.0067123 secs] [Times: user=0.01 sys=0.00, real=0.01 secs] 
2020-10-29T09:44:13.919+0000: [GC (CMS Final Remark) [YG occupancy: 2589 K (42752 K)]2020-10-29T09:44:13.919+0000: [Rescan (parallel) , 0.0027621 secs]2020-10-29T09:44:13.922+0000: [weak refs processing, 0.0000227 secs]2020-10-29T09:44:13.922+0000: [class unloading, 0.0037051 secs]2020-10-29T09:44:13.926+0000: [scrub symbol table, 0.0052568 secs]2020-10-29T09:44:13.931+0000: [scrub string table, 0.0004656 secs][1 CMS-remark: 73319K(94892K)] 75909K(137644K), 0.0123303 secs] [Times: user=0.02 sys=0.00, real=0.01 secs] 
2020-10-29T09:44:13.932+0000: [CMS-concurrent-sweep-start]
2020-10-29T09:44:13.935+0000: [CMS-concurrent-sweep: 0.003/0.003 secs] [Times: user=0.01 sys=0.00, real=0.01 secs] 
2020-10-29T09:44:13.935+0000: [CMS-concurrent-reset-start]
2020-10-29T09:44:13.937+0000: [CMS-concurrent-reset: 0.002/0.002 secs] [Times: user=0.00 sys=0.00, real=0.00 secs] 
2020-10-29T09:44:14.241+0000: [GC (Allocation Failure) 2020-10-29T09:44:14.241+0000: [ParNew: 40604K->3336K(42752K), 0.0056725 secs] 113703K->76660K(164584K), 0.0057238 secs] [Times: user=0.01 sys=0.00, real=0.01 secs] 
2020-10-29T09:44:14.606+0000: [GC (Allocation Failure) 2020-10-29T09:44:14.606+0000: [ParNew: 41352K->4064K(42752K), 0.0128360 secs] 114676K->78166K(164584K), 0.0129124 secs] [Times: user=0.02 sys=0.00, real=0.01 secs] 
2020-10-29T09:44:14.908+0000: [GC (Allocation Failure) 2020-10-29T09:44:14.908+0000: [ParNew: 42080K->2363K(42752K), 0.0116343 secs] 116182K->77470K(164584K), 0.0117073 secs] [Times: user=0.02 sys=0.00, real=0.01 secs] 
2020-10-29T09:44:15.165+0000: [GC (Allocation Failure) 2020-10-29T09:44:15.165+0000: [ParNew: 40379K->1643K(42752K), 0.0032001 secs] 115486K->76750K(164584K), 0.0032457 secs] [Times: user=0.00 sys=0.00, real=0.00 secs] 
2020-10-29T09:44:15.468+0000: [GC (Allocation Failure) 2020-10-29T09:44:15.468+0000: [ParNew: 39659K->3883K(42752K), 0.0059093 secs] 114766K->78989K(164584K), 0.0059586 secs] [Times: user=0.01 sys=0.00, real=0.01 secs] 
2020-10-29T09:44:15.643+0000: [GC (Allocation Failure) 2020-10-29T09:44:15.643+0000: [ParNew: 41899K->4254K(42752K), 0.0100927 secs] 117005K->80439K(164584K), 0.0101590 secs] [Times: user=0.02 sys=0.00, real=0.02 secs] 
2020-10-29T09:44:15.796+0000: [GC (Allocation Failure) 2020-10-29T09:44:15.796+0000: [ParNew: 42270K->1798K(42752K), 0.0063164 secs] 118455K->79075K(164584K), 0.0063776 secs] [Times: user=0.02 sys=0.00, real=0.00 secs] 
2020-10-29T09:44:15.951+0000: [GC (Allocation Failure) 2020-10-29T09:44:15.951+0000: [ParNew: 39814K->2738K(42752K), 0.0035683 secs] 117091K->80016K(164584K), 0.0036378 secs] [Times: user=0.01 sys=0.00, real=0.01 secs] 
2020-10-29T09:44:16.173+0000: [GC (Allocation Failure) 2020-10-29T09:44:16.173+0000: [ParNew: 40754K->3244K(42752K), 0.0040857 secs] 118032K->80521K(164584K), 0.0041575 secs] [Times: user=0.01 sys=0.00, real=0.00 secs] 
2020-10-29T09:44:16.341+0000: [GC (Allocation Failure) 2020-10-29T09:44:16.341+0000: [ParNew: 41260K->3312K(42752K), 0.0053519 secs] 118537K->81137K(164584K), 0.0054223 secs] [Times: user=0.01 sys=0.00, real=0.01 secs] 
2020-10-29T09:44:16.765+0000: [GC (Allocation Failure) 2020-10-29T09:44:16.765+0000: [ParNew: 41328K->4156K(42752K), 0.0116174 secs] 119153K->82993K(164584K), 0.0116715 secs] [Times: user=0.02 sys=0.00, real=0.01 secs] 
2020-10-29T09:44:16.938+0000: [GC (Allocation Failure) 2020-10-29T09:44:16.938+0000: [ParNew: 42172K->3790K(42752K), 0.0136575 secs] 121009K->85814K(164584K), 0.0137103 secs] [Times: user=0.02 sys=0.00, real=0.01 secs] 
2020-10-29T09:44:17.114+0000: [GC (Allocation Failure) 2020-10-29T09:44:17.114+0000: [ParNew: 41806K->2212K(42752K), 0.0047019 secs] 123830K->84237K(164584K), 0.0047540 secs] [Times: user=0.01 sys=0.00, real=0.00 secs] 
2020-10-29T09:44:17.306+0000: [GC (Allocation Failure) 2020-10-29T09:44:17.306+0000: [ParNew: 40228K->2195K(42752K), 0.0033247 secs] 122253K->84219K(164584K), 0.0033902 secs] [Times: user=0.01 sys=0.00, real=0.00 secs] 
2020-10-29T09:44:17.599+0000: [GC (Allocation Failure) 2020-10-29T09:44:17.599+0000: [ParNew: 40175K->2910K(42752K), 0.0058381 secs] 122199K->84935K(164584K), 0.0058905 secs] [Times: user=0.01 sys=0.00, real=0.01 secs] 
2020-10-29T09:44:17.608+0000: [GC (CMS Initial Mark) [1 CMS-initial-mark: 82024K(121832K)] 85947K(164584K), 0.0023832 secs] [Times: user=0.00 sys=0.00, real=0.00 secs] 
2020-10-29T09:44:17.611+0000: [CMS-concurrent-mark-start]
2020-10-29T09:44:17.645+0000: [CMS-concurrent-mark: 0.034/0.034 secs] [Times: user=0.07 sys=0.00, real=0.04 secs] 
2020-10-29T09:44:17.645+0000: [CMS-concurrent-preclean-start]
2020-10-29T09:44:17.646+0000: [CMS-concurrent-preclean: 0.001/0.001 secs] [Times: user=0.00 sys=0.00, real=0.00 secs] 
2020-10-29T09:44:17.646+0000: [GC (CMS Final Remark) [YG occupancy: 3922 K (42752 K)]2020-10-29T09:44:17.646+0000: [Rescan (parallel) , 0.0019067 secs]2020-10-29T09:44:17.648+0000: [weak refs processing, 0.0000631 secs]2020-10-29T09:44:17.648+0000: [class unloading, 0.0076582 secs]2020-10-29T09:44:17.656+0000: [scrub symbol table, 0.0087487 secs]2020-10-29T09:44:17.665+0000: [scrub string table, 0.0007310 secs][1 CMS-remark: 82024K(121832K)] 85947K(164584K), 0.0192820 secs] [Times: user=0.04 sys=0.00, real=0.02 secs] 
2020-10-29T09:44:17.675+0000: [CMS-concurrent-sweep-start]
2020-10-29T09:44:17.683+0000: [CMS-concurrent-sweep: 0.009/0.009 secs] [Times: user=0.01 sys=0.00, real=0.00 secs] 
2020-10-29T09:44:17.683+0000: [CMS-concurrent-reset-start]
2020-10-29T09:44:17.691+0000: [CMS-concurrent-reset: 0.008/0.008 secs] [Times: user=0.02 sys=0.00, real=0.01 secs] 
2020-10-29T09:44:18.105+0000: [GC (Allocation Failure) 2020-10-29T09:44:18.105+0000: [ParNew: 40926K->3500K(42752K), 0.0082449 secs] 122507K->85774K(178724K), 0.0083036 secs] [Times: user=0.01 sys=0.00, real=0.01 secs] 
2020-10-29T09:44:18.574+0000: [GC (Allocation Failure) 2020-10-29T09:44:18.574+0000: [ParNew: 41516K->1558K(42752K), 0.0111555 secs] 123790K->92838K(178724K), 0.0112131 secs] [Times: user=0.01 sys=0.01, real=0.01 secs] 
2020-10-29T09:44:18.817+0000: [GC (Allocation Failure) 2020-10-29T09:44:18.817+0000: [ParNew: 39574K->1252K(42752K), 0.0040175 secs] 130854K->92533K(178724K), 0.0040716 secs] [Times: user=0.00 sys=0.00, real=0.00 secs] 
2020-10-29T09:44:18.994+0000: [GC (Allocation Failure) 2020-10-29T09:44:18.994+0000: [ParNew: 39268K->1201K(42752K), 0.0026985 secs] 130549K->92481K(178724K), 0.0027703 secs] [Times: user=0.01 sys=0.00, real=0.00 secs] 
2020-10-29T09:44:19.130+0000: [GC (Allocation Failure) 2020-10-29T09:44:19.130+0000: [ParNew: 39217K->1437K(42752K), 0.0026133 secs] 130497K->92717K(178724K), 0.0026662 secs] [Times: user=0.01 sys=0.00, real=0.01 secs] 
2020-10-29T09:44:19.221+0000: [GC (Allocation Failure) 2020-10-29T09:44:19.221+0000: [ParNew: 39453K->1449K(42752K), 0.0026748 secs] 130733K->92729K(178724K), 0.0027273 secs] [Times: user=0.01 sys=0.00, real=0.00 secs] 
2020-10-29T09:44:19.286+0000: [GC (Allocation Failure) 2020-10-29T09:44:19.286+0000: [ParNew: 39465K->1312K(42752K), 0.0033266 secs] 130745K->93331K(178724K), 0.0033791 secs] [Times: user=0.00 sys=0.00, real=0.00 secs] 
2020-10-29T09:44:19.335+0000: [GC (Allocation Failure) 2020-10-29T09:44:19.335+0000: [ParNew: 38568K->717K(42752K), 0.0017602 secs] 130586K->92746K(178724K), 0.0018121 secs] [Times: user=0.00 sys=0.00, real=0.00 secs] 
2020-10-29T09:44:19.387+0000: [GC (Allocation Failure) 2020-10-29T09:44:19.387+0000: [ParNew: 38733K->2102K(42752K), 0.0016927 secs] 130762K->94136K(178724K), 0.0017456 secs] [Times: user=0.01 sys=0.00, real=0.00 secs] 
2020-10-29T09:44:19.455+0000: [GC (Allocation Failure) 2020-10-29T09:44:19.455+0000: [ParNew: 40118K->2072K(42752K), 0.0016655 secs] 132152K->94107K(178724K), 0.0017347 secs] [Times: user=0.00 sys=0.00, real=0.00 secs] 
2020-10-29T09:44:19.525+0000: [GC (Allocation Failure) 2020-10-29T09:44:19.525+0000: [ParNew: 40088K->2055K(42752K), 0.0016540 secs] 132123K->94097K(178724K), 0.0017062 secs] [Times: user=0.00 sys=0.00, real=0.00 secs] 
2020-10-29T09:44:19.567+0000: [GC (Allocation Failure) 2020-10-29T09:44:19.567+0000: [ParNew: 40071K->2054K(42752K), 0.0016590 secs] 132113K->94096K(178724K), 0.0017105 secs] [Times: user=0.00 sys=0.00, real=0.00 secs] 
2020-10-29T09:44:19.613+0000: [GC (Allocation Failure) 2020-10-29T09:44:19.613+0000: [ParNew: 40070K->2052K(42752K), 0.0016527 secs] 132112K->94096K(178724K), 0.0017062 secs] [Times: user=0.00 sys=0.00, real=0.00 secs] 
2020-10-29T09:44:19.656+0000: [GC (Allocation Failure) 2020-10-29T09:44:19.656+0000: [ParNew: 40068K->4100K(42752K), 0.0018990 secs] 132112K->96144K(178724K), 0.0019521 secs] [Times: user=0.00 sys=0.00, real=0.00 secs] 
2020-10-29T09:44:19.699+0000: [GC (Allocation Failure) 2020-10-29T09:44:19.699+0000: [ParNew: 42109K->4K(42752K), 0.0025589 secs] 134153K->94096K(178724K), 0.0026129 secs] [Times: user=0.00 sys=0.01, real=0.00 secs] 
2020-10-29T09:44:19.745+0000: [GC (Allocation Failure) 2020-10-29T09:44:19.745+0000: [ParNew: 38020K->4K(42752K), 0.0013326 secs] 132112K->94096K(178724K), 0.0013847 secs] [Times: user=0.00 sys=0.00, real=0.00 secs] 
2020-10-29T09:44:19.789+0000: [GC (Allocation Failure) 2020-10-29T09:44:19.789+0000: [ParNew: 38020K->8K(42752K), 0.0012790 secs] 132112K->94100K(178724K), 0.0013341 secs] [Times: user=0.00 sys=0.00, real=0.00 secs] 
2020-10-29T09:44:19.832+0000: [GC (Allocation Failure) 2020-10-29T09:44:19.832+0000: [ParNew: 38024K->8K(42752K), 0.0013179 secs] 132116K->94100K(178724K), 0.0013642 secs] [Times: user=0.00 sys=0.00, real=0.01 secs] 
2020-10-29T09:44:19.874+0000: [GC (Allocation Failure) 2020-10-29T09:44:19.874+0000: [ParNew: 38024K->10K(42752K), 0.0013395 secs] 132116K->94103K(178724K), 0.0013923 secs] [Times: user=0.00 sys=0.00, real=0.00 secs] 
2020-10-29T09:44:19.913+0000: [GC (Allocation Failure) 2020-10-29T09:44:19.913+0000: [ParNew: 38026K->12K(42752K), 0.0071621 secs] 132119K->102296K(178724K), 0.0072171 secs] [Times: user=0.01 sys=0.00, real=0.00 secs] 
2020-10-29T09:44:19.921+0000: [GC (CMS Initial Mark) [1 CMS-initial-mark: 102284K(135972K)] 103056K(178724K), 0.0010484 secs] [Times: user=0.00 sys=0.00, real=0.00 secs] 
2020-10-29T09:44:19.922+0000: [CMS-concurrent-mark-start]
2020-10-29T09:44:19.964+0000: [CMS-concurrent-mark: 0.042/0.042 secs] [Times: user=0.08 sys=0.00, real=0.04 secs] 
2020-10-29T09:44:19.964+0000: [CMS-concurrent-preclean-start]
2020-10-29T09:44:19.965+0000: [CMS-concurrent-preclean: 0.001/0.001 secs] [Times: user=0.01 sys=0.00, real=0.01 secs] 
2020-10-29T09:44:19.965+0000: [CMS-concurrent-abortable-preclean-start]
2020-10-29T09:44:19.989+0000: [GC (Allocation Failure) 2020-10-29T09:44:19.989+0000: [ParNew: 38028K->15K(42752K), 0.0012794 secs] 140312K->102299K(178724K), 0.0013311 secs] [Times: user=0.01 sys=0.00, real=0.00 secs] 
2020-10-29T09:44:20.053+0000: [GC (Allocation Failure) 2020-10-29T09:44:20.053+0000: [ParNew: 38031K->10K(42752K), 0.0021695 secs] 140315K->102294K(178724K), 0.0022373 secs] [Times: user=0.00 sys=0.00, real=0.00 secs] 
2020-10-29T09:44:20.096+0000: [GC (Allocation Failure) 2020-10-29T09:44:20.096+0000: [ParNew: 38026K->11K(42752K), 0.0013445 secs] 140310K->102300K(178724K), 0.0013978 secs] [Times: user=0.00 sys=0.00, real=0.00 secs] 
2020-10-29T09:44:20.138+0000: [GC (Allocation Failure) 2020-10-29T09:44:20.138+0000: [ParNew: 38027K->6K(42752K), 0.0021813 secs] 140316K->102295K(178724K), 0.0022444 secs] [Times: user=0.01 sys=0.00, real=0.00 secs] 
2020-10-29T09:44:20.186+0000: [GC (Allocation Failure) 2020-10-29T09:44:20.186+0000: [ParNew: 38022K->4102K(42752K), 0.0041673 secs] 140311K->110487K(178724K), 0.0042279 secs] [Times: user=0.00 sys=0.00, real=0.00 secs] 
2020-10-29T09:44:20.232+0000: [GC (Allocation Failure) 2020-10-29T09:44:20.232+0000: [ParNew: 42118K->4K(42752K), 0.0013444 secs] 148503K->106393K(178724K), 0.0013973 secs] [Times: user=0.00 sys=0.00, real=0.01 secs] 
2020-10-29T09:44:20.274+0000: [GC (Allocation Failure) 2020-10-29T09:44:20.274+0000: [ParNew: 38020K->4K(42752K), 0.0012882 secs] 144409K->106392K(178724K), 0.0013403 secs] [Times: user=0.00 sys=0.00, real=0.00 secs] 
2020-10-29T09:44:20.316+0000: [GC (Allocation Failure) 2020-10-29T09:44:20.316+0000: [ParNew: 38020K->4K(42752K), 0.0013525 secs] 144408K->106392K(178724K), 0.0014049 secs] [Times: user=0.00 sys=0.00, real=0.00 secs] 
2020-10-29T09:44:20.360+0000: [GC (Allocation Failure) 2020-10-29T09:44:20.360+0000: [ParNew: 38020K->4K(42752K), 0.0013265 secs] 144408K->106392K(178724K), 0.0013796 secs] [Times: user=0.00 sys=0.00, real=0.00 secs] 
2020-10-29T09:44:20.402+0000: [GC (Allocation Failure) 2020-10-29T09:44:20.402+0000: [ParNew: 38020K->4K(42752K), 0.0013314 secs] 144408K->106392K(178724K), 0.0013760 secs] [Times: user=0.00 sys=0.00, real=0.00 secs] 
2020-10-29T09:44:20.449+0000: [GC (Allocation Failure) 2020-10-29T09:44:20.449+0000: [ParNew: 38020K->4K(42752K), 0.0012843 secs] 144408K->106392K(178724K), 0.0013378 secs] [Times: user=0.00 sys=0.00, real=0.00 secs] 
2020-10-29T09:44:20.504+0000: [GC (Allocation Failure) 2020-10-29T09:44:20.504+0000: [ParNew: 38020K->4K(42752K), 0.0013161 secs] 144408K->106392K(178724K), 0.0013694 secs] [Times: user=0.00 sys=0.00, real=0.01 secs] 
2020-10-29T09:44:20.546+0000: [GC (Allocation Failure) 2020-10-29T09:44:20.546+0000: [ParNew: 38020K->4K(42752K), 0.0013562 secs] 144408K->106392K(178724K), 0.0014085 secs] [Times: user=0.00 sys=0.00, real=0.00 secs] 
2020-10-29T09:44:20.588+0000: [GC (Allocation Failure) 2020-10-29T09:44:20.588+0000: [ParNew: 38020K->4K(42752K), 0.0013060 secs] 144408K->106392K(178724K), 0.0013595 secs] [Times: user=0.00 sys=0.00, real=0.00 secs] 
2020-10-29T09:44:20.629+0000: [GC (Allocation Failure) 2020-10-29T09:44:20.629+0000: [ParNew: 38020K->4K(42752K), 0.0012887 secs] 144408K->106393K(178724K), 0.0013406 secs] [Times: user=0.00 sys=0.00, real=0.00 secs] 
2020-10-29T09:44:20.671+0000: [GC (Allocation Failure) 2020-10-29T09:44:20.671+0000: [ParNew: 38020K->4K(42752K), 0.0013298 secs] 144409K->106393K(178724K), 0.0013809 secs] [Times: user=0.00 sys=0.00, real=0.01 secs] 
2020-10-29T09:44:20.713+0000: [GC (Allocation Failure) 2020-10-29T09:44:20.713+0000: [ParNew: 38020K->4K(42752K), 0.0013016 secs] 144409K->106393K(178724K), 0.0013544 secs] [Times: user=0.00 sys=0.00, real=0.00 secs] 
2020-10-29T09:44:20.755+0000: [GC (Allocation Failure) 2020-10-29T09:44:20.755+0000: [ParNew: 38020K->4K(42752K), 0.0013542 secs] 144409K->106393K(178724K), 0.0014076 secs] [Times: user=0.01 sys=0.00, real=0.00 secs] 
2020-10-29T09:44:20.797+0000: [GC (Allocation Failure) 2020-10-29T09:44:20.797+0000: [ParNew: 38020K->4K(42752K), 0.0012912 secs] 144409K->106393K(178724K), 0.0013429 secs] [Times: user=0.00 sys=0.00, real=0.00 secs] 
2020-10-29T09:44:20.840+0000: [GC (Allocation Failure) 2020-10-29T09:44:20.840+0000: [ParNew: 38020K->4K(42752K), 0.0013388 secs] 144409K->106393K(178724K), 0.0013904 secs] [Times: user=0.01 sys=0.00, real=0.00 secs] 
2020-10-29T09:44:20.886+0000: [GC (Allocation Failure) 2020-10-29T09:44:20.886+0000: [ParNew: 38020K->6K(42752K), 0.0013081 secs] 144409K->106395K(178724K), 0.0013712 secs] [Times: user=0.01 sys=0.00, real=0.00 secs] 
2020-10-29T09:44:20.922+0000: [GC (Allocation Failure) 2020-10-29T09:44:20.922+0000: [ParNew: 38022K->6K(42752K), 0.0139170 secs] 144411K->114587K(178724K), 0.0139733 secs] [Times: user=0.02 sys=0.01, real=0.02 secs] 
2020-10-29T09:44:20.977+0000: [GC (Allocation Failure) 2020-10-29T09:44:20.977+0000: [ParNew: 38022K->6K(42752K), 0.0013411 secs] 152603K->114587K(178724K), 0.0013933 secs] [Times: user=0.00 sys=0.00, real=0.00 secs] 
2020-10-29T09:44:21.019+0000: [GC (Allocation Failure) 2020-10-29T09:44:21.019+0000: [ParNew: 38022K->6K(42752K), 0.0014826 secs] 152603K->114587K(178724K), 0.0015344 secs] [Times: user=0.00 sys=0.00, real=0.00 secs] 
2020-10-29T09:44:21.060+0000: [GC (Allocation Failure) 2020-10-29T09:44:21.060+0000: [ParNew: 38022K->6K(42752K), 0.0013259 secs] 152603K->114587K(178724K), 0.0013790 secs] [Times: user=0.00 sys=0.00, real=0.00 secs] 
2020-10-29T09:44:21.113+0000: [GC (Allocation Failure) 2020-10-29T09:44:21.113+0000: [ParNew: 38022K->6K(42752K), 0.0013060 secs] 152603K->114587K(178724K), 0.0013775 secs] [Times: user=0.00 sys=0.00, real=0.00 secs] 
2020-10-29T09:44:21.190+0000: [GC (Allocation Failure) 2020-10-29T09:44:21.190+0000: [ParNew: 38022K->8K(42752K), 0.0013310 secs] 152603K->114590K(178724K), 0.0014026 secs] [Times: user=0.00 sys=0.00, real=0.00 secs] 
2020-10-29T09:44:21.260+0000: [GC (Allocation Failure) 2020-10-29T09:44:21.260+0000: [ParNew: 38024K->9K(42752K), 0.0013585 secs] 152606K->114591K(178724K), 0.0014440 secs] [Times: user=0.01 sys=0.00, real=0.00 secs] 
2020-10-29T09:44:21.316+0000: [GC (Allocation Failure) 2020-10-29T09:44:21.316+0000: [ParNew: 30421K->10K(42752K), 0.0013129 secs] 145003K->114593K(178724K), 0.0013831 secs] [Times: user=0.00 sys=0.00, real=0.00 secs] 
2020-10-29T09:44:21.374+0000: [GC (Allocation Failure) 2020-10-29T09:44:21.374+0000: [ParNew: 38026K->8K(42752K), 0.0150131 secs] 152609K->122782K(178724K), 0.0150853 secs] [Times: user=0.02 sys=0.00, real=0.01 secs] 
2020-10-29T09:44:21.457+0000: [GC (Allocation Failure) 2020-10-29T09:44:21.457+0000: [ParNew: 38024K->10K(42752K), 0.0012788 secs] 160798K->122785K(178724K), 0.0013468 secs] [Times: user=0.00 sys=0.00, real=0.00 secs] 
2020-10-29T09:44:21.503+0000: [CMS-concurrent-abortable-preclean: 0.023/1.538 secs] [Times: user=1.67 sys=0.06, real=1.53 secs] 
2020-10-29T09:44:21.504+0000: [GC (CMS Final Remark) [YG occupancy: 23114 K (42752 K)]2020-10-29T09:44:21.504+0000: [Rescan (parallel) , 0.0187665 secs]2020-10-29T09:44:21.523+0000: [weak refs processing, 0.0000441 secs]2020-10-29T09:44:21.523+0000: [class unloading, 0.0077970 secs]2020-10-29T09:44:21.531+0000: [scrub symbol table, 0.0089986 secs]2020-10-29T09:44:21.540+0000: [scrub string table, 0.0007709 secs][1 CMS-remark: 122774K(135972K)] 145889K(178724K), 0.0365258 secs] [Times: user=0.05 sys=0.00, real=0.04 secs] 
2020-10-29T09:44:21.556+0000: [CMS-concurrent-sweep-start]
2020-10-29T09:44:21.572+0000: [GC (Allocation Failure) 2020-10-29T09:44:21.572+0000: [ParNew: 38026K->6K(42752K), 0.0027618 secs] 160615K->122594K(178724K), 0.0028282 secs] [Times: user=0.01 sys=0.00, real=0.01 secs] 
2020-10-29T09:44:21.575+0000: [CMS-concurrent-sweep: 0.019/0.019 secs] [Times: user=0.03 sys=0.00, real=0.02 secs] 
2020-10-29T09:44:21.585+0000: [CMS-concurrent-reset-start]
2020-10-29T09:44:21.586+0000: [CMS-concurrent-reset: 0.002/0.002 secs] [Times: user=0.00 sys=0.00, real=0.00 secs] 
2020-10-29T09:44:21.641+0000: [GC (Allocation Failure) 2020-10-29T09:44:21.641+0000: [ParNew: 38022K->2K(42752K), 0.0029396 secs] 160610K->122595K(247068K), 0.0029991 secs] [Times: user=0.00 sys=0.00, real=0.01 secs] 
2020-10-29T09:44:21.739+0000: [GC (Allocation Failure) 2020-10-29T09:44:21.739+0000: [ParNew: 38018K->2K(42752K), 0.0029179 secs] 160611K->122594K(247068K), 0.0029777 secs] [Times: user=0.01 sys=0.00, real=0.00 secs] 
2020-10-29T09:44:21.833+0000: [GC (Allocation Failure) 2020-10-29T09:44:21.833+0000: [ParNew: 38018K->4K(42752K), 0.0051558 secs] 160610K->122596K(247068K), 0.0052233 secs] [Times: user=0.00 sys=0.00, real=0.00 secs] 
2020-10-29T09:44:21.908+0000: [GC (Allocation Failure) 2020-10-29T09:44:21.908+0000: [ParNew: 38020K->2K(42752K), 0.0028320 secs] 160612K->122595K(247068K), 0.0029029 secs] [Times: user=0.00 sys=0.00, real=0.00 secs] 
2020-10-29T09:44:21.956+0000: [GC (Allocation Failure) 2020-10-29T09:44:21.956+0000: [ParNew: 38018K->4K(42752K), 0.0077417 secs] 160611K->130789K(247068K), 0.0078110 secs] [Times: user=0.01 sys=0.00, real=0.00 secs] 
2020-10-29T09:44:21.964+0000: [GC (CMS Initial Mark) [1 CMS-initial-mark: 130785K(204316K)] 131548K(247068K), 0.0011717 secs] [Times: user=0.01 sys=0.00, real=0.01 secs] 
2020-10-29T09:44:21.965+0000: [CMS-concurrent-mark-start]
2020-10-29T09:44:22.000+0000: [CMS-concurrent-mark: 0.035/0.035 secs] [Times: user=0.07 sys=0.00, real=0.03 secs] 
2020-10-29T09:44:22.000+0000: [CMS-concurrent-preclean-start]
2020-10-29T09:44:22.001+0000: [CMS-concurrent-preclean: 0.001/0.001 secs] [Times: user=0.00 sys=0.00, real=0.00 secs] 
2020-10-29T09:44:22.001+0000: [CMS-concurrent-abortable-preclean-start]
2020-10-29T09:44:22.022+0000: [GC (Allocation Failure) 2020-10-29T09:44:22.022+0000: [ParNew: 38020K->4K(42752K), 0.0013806 secs] 168805K->130789K(247068K), 0.0014300 secs] [Times: user=0.00 sys=0.00, real=0.00 secs] 
2020-10-29T09:44:22.064+0000: [GC (Allocation Failure) 2020-10-29T09:44:22.064+0000: [ParNew: 38020K->4K(42752K), 0.0014251 secs] 168805K->130789K(247068K), 0.0014917 secs] [Times: user=0.01 sys=0.00, real=0.01 secs] 
2020-10-29T09:44:22.105+0000: [GC (Allocation Failure) 2020-10-29T09:44:22.105+0000: [ParNew: 38020K->4K(42752K), 0.0014151 secs] 168805K->130789K(247068K), 0.0014668 secs] [Times: user=0.00 sys=0.00, real=0.00 secs] 
2020-10-29T09:44:22.147+0000: [GC (Allocation Failure) 2020-10-29T09:44:22.147+0000: [ParNew: 38020K->4K(42752K), 0.0014371 secs] 168805K->130789K(247068K), 0.0015062 secs] [Times: user=0.00 sys=0.00, real=0.00 secs] 
2020-10-29T09:44:22.194+0000: [GC (Allocation Failure) 2020-10-29T09:44:22.194+0000: [ParNew: 38020K->4K(42752K), 0.0014243 secs] 168805K->130789K(247068K), 0.0014773 secs] [Times: user=0.01 sys=0.00, real=0.00 secs] 
2020-10-29T09:44:22.247+0000: [GC (Allocation Failure) 2020-10-29T09:44:22.247+0000: [ParNew: 38020K->4K(42752K), 0.0016383 secs] 168805K->130789K(247068K), 0.0016907 secs] [Times: user=0.00 sys=0.00, real=0.00 secs] 
2020-10-29T09:44:22.289+0000: [GC (Allocation Failure) 2020-10-29T09:44:22.289+0000: [ParNew: 38020K->4K(42752K), 0.0014173 secs] 168805K->130789K(247068K), 0.0014716 secs] [Times: user=0.00 sys=0.00, real=0.00 secs] 
2020-10-29T09:44:22.331+0000: [GC (Allocation Failure) 2020-10-29T09:44:22.331+0000: [ParNew: 38020K->4K(42752K), 0.0014295 secs] 168805K->130789K(247068K), 0.0014829 secs] [Times: user=0.00 sys=0.00, real=0.00 secs] 
2020-10-29T09:44:22.373+0000: [GC (Allocation Failure) 2020-10-29T09:44:22.373+0000: [ParNew: 38020K->6K(42752K), 0.0014054 secs] 168805K->130791K(247068K), 0.0014644 secs] [Times: user=0.00 sys=0.00, real=0.00 secs] 
2020-10-29T09:44:22.414+0000: [GC (Allocation Failure) 2020-10-29T09:44:22.414+0000: [ParNew: 38022K->4K(42752K), 0.0014135 secs] 168807K->130789K(247068K), 0.0014655 secs] [Times: user=0.00 sys=0.00, real=0.00 secs] 
2020-10-29T09:44:22.456+0000: [GC (Allocation Failure) 2020-10-29T09:44:22.456+0000: [ParNew: 38020K->4K(42752K), 0.0014725 secs] 168805K->130790K(247068K), 0.0015249 secs] [Times: user=0.00 sys=0.00, real=0.00 secs] 
2020-10-29T09:44:22.502+0000: [GC (Allocation Failure) 2020-10-29T09:44:22.502+0000: [ParNew: 38020K->4K(42752K), 0.0014153 secs] 168806K->130790K(247068K), 0.0014679 secs] [Times: user=0.00 sys=0.00, real=0.00 secs] 
2020-10-29T09:44:22.544+0000: [GC (Allocation Failure) 2020-10-29T09:44:22.544+0000: [ParNew: 38020K->4K(42752K), 0.0014302 secs] 168806K->130790K(247068K), 0.0014841 secs] [Times: user=0.01 sys=0.00, real=0.01 secs] 
2020-10-29T09:44:22.585+0000: [GC (Allocation Failure) 2020-10-29T09:44:22.585+0000: [ParNew: 38020K->4K(42752K), 0.0014109 secs] 168806K->130790K(247068K), 0.0014635 secs] [Times: user=0.00 sys=0.00, real=0.00 secs] 
2020-10-29T09:44:22.627+0000: [GC (Allocation Failure) 2020-10-29T09:44:22.627+0000: [ParNew: 38020K->4K(42752K), 0.0014422 secs] 168806K->130790K(247068K), 0.0014959 secs] [Times: user=0.00 sys=0.00, real=0.00 secs] 
2020-10-29T09:44:22.677+0000: [GC (Allocation Failure) 2020-10-29T09:44:22.677+0000: [ParNew: 38020K->4K(42752K), 0.0014058 secs] 168806K->130790K(247068K), 0.0014589 secs] [Times: user=0.01 sys=0.00, real=0.00 secs] 
2020-10-29T09:44:22.723+0000: [GC (Allocation Failure) 2020-10-29T09:44:22.723+0000: [ParNew: 38020K->4K(42752K), 0.0014631 secs] 168806K->130790K(247068K), 0.0015392 secs] [Times: user=0.00 sys=0.00, real=0.01 secs] 
2020-10-29T09:44:22.765+0000: [GC (Allocation Failure) 2020-10-29T09:44:22.765+0000: [ParNew: 38020K->4K(42752K), 0.0014145 secs] 168806K->130790K(247068K), 0.0014681 secs] [Times: user=0.00 sys=0.00, real=0.00 secs] 
2020-10-29T09:44:22.800+0000: [GC (Allocation Failure) 2020-10-29T09:44:22.800+0000: [ParNew: 38020K->4K(42752K), 0.0069784 secs] 168806K->138982K(247068K), 0.0070337 secs] [Times: user=0.01 sys=0.00, real=0.01 secs] 
2020-10-29T09:44:22.847+0000: [GC (Allocation Failure) 2020-10-29T09:44:22.847+0000: [ParNew: 38020K->4K(42752K), 0.0014150 secs] 176998K->138982K(247068K), 0.0014687 secs] [Times: user=0.01 sys=0.00, real=0.00 secs] 
2020-10-29T09:44:22.888+0000: [GC (Allocation Failure) 2020-10-29T09:44:22.888+0000: [ParNew: 38020K->4K(42752K), 0.0014486 secs] 176998K->138982K(247068K), 0.0015008 secs] [Times: user=0.00 sys=0.00, real=0.00 secs] 
2020-10-29T09:44:22.931+0000: [GC (Allocation Failure) 2020-10-29T09:44:22.931+0000: [ParNew: 38020K->4K(42752K), 0.0014160 secs] 176998K->138982K(247068K), 0.0014679 secs] [Times: user=0.00 sys=0.00, real=0.00 secs] 
2020-10-29T09:44:22.972+0000: [GC (Allocation Failure) 2020-10-29T09:44:22.972+0000: [ParNew: 38020K->4K(42752K), 0.0014465 secs] 176998K->138982K(247068K), 0.0014988 secs] [Times: user=0.01 sys=0.00, real=0.01 secs] 
2020-10-29T09:44:23.024+0000: [GC (Allocation Failure) 2020-10-29T09:44:23.024+0000: [ParNew: 38020K->4K(42752K), 0.0014154 secs] 176998K->138982K(247068K), 0.0014699 secs] [Times: user=0.01 sys=0.00, real=0.01 secs] 
2020-10-29T09:44:23.095+0000: [GC (Allocation Failure) 2020-10-29T09:44:23.095+0000: [ParNew: 38020K->4K(42752K), 0.0014496 secs] 176998K->138982K(247068K), 0.0015188 secs] [Times: user=0.01 sys=0.00, real=0.00 secs] 
2020-10-29T09:44:23.150+0000: [GC (Allocation Failure) 2020-10-29T09:44:23.150+0000: [ParNew: 38020K->4K(42752K), 0.0014127 secs] 176998K->138982K(247068K), 0.0014672 secs] [Times: user=0.01 sys=0.00, real=0.00 secs] 
2020-10-29T09:44:23.195+0000: [GC (Allocation Failure) 2020-10-29T09:44:23.195+0000: [ParNew: 38020K->8K(42752K), 0.0014312 secs] 176998K->138987K(247068K), 0.0014846 secs] [Times: user=0.00 sys=0.00, real=0.00 secs] 
2020-10-29T09:44:23.234+0000: [GC (Allocation Failure) 2020-10-29T09:44:23.234+0000: [ParNew: 38024K->8K(42752K), 0.0014363 secs] 177003K->138987K(247068K), 0.0014901 secs] [Times: user=0.00 sys=0.00, real=0.00 secs] 
2020-10-29T09:44:23.274+0000: [GC (Allocation Failure) 2020-10-29T09:44:23.274+0000: [ParNew: 38024K->8K(42752K), 0.0014185 secs] 177003K->138986K(247068K), 0.0014713 secs] [Times: user=0.00 sys=0.00, real=0.00 secs] 
2020-10-29T09:44:23.314+0000: [GC (Allocation Failure) 2020-10-29T09:44:23.314+0000: [ParNew: 38024K->8K(42752K), 0.0014268 secs] 177002K->138987K(247068K), 0.0014804 secs] [Times: user=0.01 sys=0.00, real=0.00 secs] 
2020-10-29T09:44:23.341+0000: [GC (Allocation Failure) 2020-10-29T09:44:23.341+0000: [ParNew: 25846K->8K(42752K), 0.0014236 secs] 164824K->138986K(247068K), 0.0014761 secs] [Times: user=0.00 sys=0.00, real=0.00 secs] 
2020-10-29T09:44:23.369+0000: [GC (Allocation Failure) 2020-10-29T09:44:23.369+0000: [ParNew: 38024K->8K(42752K), 0.0205615 secs] 177002K->155372K(247068K), 0.0206220 secs] [Times: user=0.03 sys=0.01, real=0.02 secs] 
2020-10-29T09:44:23.428+0000: [GC (Allocation Failure) 2020-10-29T09:44:23.428+0000: [ParNew: 38024K->4K(42752K), 0.0014547 secs] 193388K->155370K(247068K), 0.0015076 secs] [Times: user=0.00 sys=0.00, real=0.00 secs] 
2020-10-29T09:44:23.468+0000: [GC (Allocation Failure) 2020-10-29T09:44:23.468+0000: [ParNew: 38020K->4K(42752K), 0.0014274 secs] 193386K->155370K(247068K), 0.0014797 secs] [Times: user=0.00 sys=0.00, real=0.00 secs] 
2020-10-29T09:44:23.508+0000: [GC (Allocation Failure) 2020-10-29T09:44:23.508+0000: [ParNew: 38020K->4K(42752K), 0.0014428 secs] 193386K->155370K(247068K), 0.0014956 secs] [Times: user=0.00 sys=0.00, real=0.00 secs] 
2020-10-29T09:44:23.549+0000: [GC (Allocation Failure) 2020-10-29T09:44:23.550+0000: [ParNew: 38020K->4K(42752K), 0.0014203 secs] 193386K->155370K(247068K), 0.0014728 secs] [Times: user=0.01 sys=0.00, real=0.00 secs] 
2020-10-29T09:44:23.591+0000: [GC (Allocation Failure) 2020-10-29T09:44:23.591+0000: [ParNew: 38020K->4K(42752K), 0.0014479 secs] 193386K->155370K(247068K), 0.0015013 secs] [Times: user=0.01 sys=0.00, real=0.01 secs] 
2020-10-29T09:44:23.630+0000: [GC (Allocation Failure) 2020-10-29T09:44:23.630+0000: [ParNew: 38020K->4K(42752K), 0.0014150 secs] 193386K->155371K(247068K), 0.0014682 secs] [Times: user=0.00 sys=0.00, real=0.00 secs] 
2020-10-29T09:44:23.670+0000: [GC (Allocation Failure) 2020-10-29T09:44:23.670+0000: [ParNew: 38020K->4K(42752K), 0.0014193 secs] 193387K->155371K(247068K), 0.0014717 secs] [Times: user=0.00 sys=0.00, real=0.00 secs] 
2020-10-29T09:44:23.710+0000: [GC (Allocation Failure) 2020-10-29T09:44:23.710+0000: [ParNew: 38020K->4K(42752K), 0.0014342 secs] 193387K->155371K(247068K), 0.0014971 secs] [Times: user=0.00 sys=0.00, real=0.00 secs] 
2020-10-29T09:44:23.749+0000: [GC (Allocation Failure) 2020-10-29T09:44:23.749+0000: [ParNew: 38020K->4K(42752K), 0.0014119 secs] 193387K->155371K(247068K), 0.0014662 secs] [Times: user=0.00 sys=0.00, real=0.00 secs] 
2020-10-29T09:44:23.789+0000: [GC (Allocation Failure) 2020-10-29T09:44:23.789+0000: [ParNew: 38020K->4K(42752K), 0.0014398 secs] 193387K->155371K(247068K), 0.0014933 secs] [Times: user=0.01 sys=0.00, real=0.00 secs] 
2020-10-29T09:44:23.830+0000: [GC (Allocation Failure) 2020-10-29T09:44:23.830+0000: [ParNew: 38020K->4K(42752K), 0.0014094 secs] 193387K->155371K(247068K), 0.0014578 secs] [Times: user=0.00 sys=0.00, real=0.00 secs] 
2020-10-29T09:44:23.862+0000: [GC (Allocation Failure) 2020-10-29T09:44:23.863+0000: [ParNew: 38020K->4K(42752K), 0.0070705 secs] 193387K->163563K(247068K), 0.0071236 secs] [Times: user=0.01 sys=0.00, real=0.01 secs] 
2020-10-29T09:44:23.908+0000: [GC (Allocation Failure) 2020-10-29T09:44:23.908+0000: [ParNew: 38020K->4K(42752K), 0.0014259 secs] 201579K->163563K(247068K), 0.0014789 secs] [Times: user=0.00 sys=0.00, real=0.00 secs] 
2020-10-29T09:44:23.948+0000: [GC (Allocation Failure) 2020-10-29T09:44:23.948+0000: [ParNew: 38020K->4K(42752K), 0.0014277 secs] 201579K->163563K(247068K), 0.0014799 secs] [Times: user=0.00 sys=0.00, real=0.00 secs] 
2020-10-29T09:44:23.988+0000: [GC (Allocation Failure) 2020-10-29T09:44:23.988+0000: [ParNew: 38020K->4K(42752K), 0.0014230 secs] 201579K->163563K(247068K), 0.0014756 secs] [Times: user=0.01 sys=0.00, real=0.00 secs] 
2020-10-29T09:44:24.031+0000: [GC (Allocation Failure) 2020-10-29T09:44:24.031+0000: [ParNew: 38020K->4K(42752K), 0.0014274 secs] 201579K->163563K(247068K), 0.0014803 secs] [Times: user=0.00 sys=0.00, real=0.01 secs] 
2020-10-29T09:44:24.072+0000: [GC (Allocation Failure) 2020-10-29T09:44:24.072+0000: [ParNew: 38020K->4K(42752K), 0.0014362 secs] 201579K->163563K(247068K), 0.0014887 secs] [Times: user=0.00 sys=0.00, real=0.01 secs] 
2020-10-29T09:44:24.115+0000: [GC (Allocation Failure) 2020-10-29T09:44:24.115+0000: [ParNew: 38020K->4K(42752K), 0.0014273 secs] 201579K->163563K(247068K), 0.0015172 secs] [Times: user=0.00 sys=0.01, real=0.00 secs] 
2020-10-29T09:44:24.155+0000: [GC (Allocation Failure) 2020-10-29T09:44:24.155+0000: [ParNew: 38020K->4K(42752K), 0.0013959 secs] 201579K->163563K(247068K), 0.0014487 secs] [Times: user=0.01 sys=0.00, real=0.00 secs] 
2020-10-29T09:44:24.194+0000: [GC (Allocation Failure) 2020-10-29T09:44:24.194+0000: [ParNew: 38020K->4K(42752K), 0.0014099 secs] 201579K->163563K(247068K), 0.0014622 secs] [Times: user=0.00 sys=0.00, real=0.00 secs] 
2020-10-29T09:44:24.234+0000: [GC (Allocation Failure) 2020-10-29T09:44:24.234+0000: [ParNew: 38020K->4K(42752K), 0.0014079 secs] 201579K->163563K(247068K), 0.0014596 secs] [Times: user=0.00 sys=0.00, real=0.00 secs] 
2020-10-29T09:44:24.274+0000: [GC (Allocation Failure) 2020-10-29T09:44:24.274+0000: [ParNew: 38020K->4K(42752K), 0.0014181 secs] 201579K->163564K(247068K), 0.0014708 secs] [Times: user=0.00 sys=0.00, real=0.00 secs] 
2020-10-29T09:44:24.307+0000: [GC (Allocation Failure) 2020-10-29T09:44:24.307+0000: [ParNew: 38020K->4K(42752K), 0.0068458 secs] 201580K->171756K(247068K), 0.0068980 secs] [Times: user=0.02 sys=0.00, real=0.01 secs] 
2020-10-29T09:44:24.353+0000: [GC (Allocation Failure) 2020-10-29T09:44:24.353+0000: [ParNew: 38020K->4K(42752K), 0.0014492 secs] 209772K->171756K(247068K), 0.0015024 secs] [Times: user=0.00 sys=0.00, real=0.00 secs] 
2020-10-29T09:44:24.395+0000: [GC (Allocation Failure) 2020-10-29T09:44:24.395+0000: [ParNew: 38020K->4K(42752K), 0.0014307 secs] 209772K->171756K(247068K), 0.0014845 secs] [Times: user=0.00 sys=0.00, real=0.00 secs] 
2020-10-29T09:44:24.436+0000: [GC (Allocation Failure) 2020-10-29T09:44:24.436+0000: [ParNew: 38020K->4K(42752K), 0.0014267 secs] 209772K->171756K(247068K), 0.0014914 secs] [Times: user=0.01 sys=0.00, real=0.00 secs] 
2020-10-29T09:44:24.476+0000: [GC (Allocation Failure) 2020-10-29T09:44:24.476+0000: [ParNew: 38020K->4K(42752K), 0.0014493 secs] 209772K->171756K(247068K), 0.0015017 secs] [Times: user=0.01 sys=0.00, real=0.00 secs] 
2020-10-29T09:44:24.516+0000: [GC (Allocation Failure) 2020-10-29T09:44:24.516+0000: [ParNew: 38020K->4K(42752K), 0.0014068 secs] 209772K->171756K(247068K), 0.0014584 secs] [Times: user=0.01 sys=0.00, real=0.00 secs] 
2020-10-29T09:44:24.560+0000: [GC (Allocation Failure) 2020-10-29T09:44:24.560+0000: [ParNew: 38020K->4K(42752K), 0.0014469 secs] 209772K->171756K(247068K), 0.0014990 secs] [Times: user=0.00 sys=0.00, real=0.00 secs] 
2020-10-29T09:44:24.596+0000: [GC (Allocation Failure) 2020-10-29T09:44:24.596+0000: [ParNew: 32499K->4K(42752K), 0.0013959 secs] 204251K->171756K(247068K), 0.0014482 secs] [Times: user=0.00 sys=0.00, real=0.00 secs] 
2020-10-29T09:44:24.629+0000: [GC (Allocation Failure) 2020-10-29T09:44:24.630+0000: [ParNew: 38020K->4K(42752K), 0.0071500 secs] 209772K->179948K(247068K), 0.0072046 secs] [Times: user=0.01 sys=0.01, real=0.01 secs] 
2020-10-29T09:44:24.676+0000: [GC (Allocation Failure) 2020-10-29T09:44:24.676+0000: [ParNew: 38020K->4K(42752K), 0.0014089 secs] 217964K->179948K(247068K), 0.0014602 secs] [Times: user=0.00 sys=0.00, real=0.00 secs] 
2020-10-29T09:44:24.716+0000: [GC (Allocation Failure) 2020-10-29T09:44:24.716+0000: [ParNew: 38020K->4K(42752K), 0.0013990 secs] 217964K->179948K(247068K), 0.0014516 secs] [Times: user=0.01 sys=0.00, real=0.00 secs] 
2020-10-29T09:44:24.757+0000: [GC (Allocation Failure) 2020-10-29T09:44:24.757+0000: [ParNew: 38020K->4K(42752K), 0.0014033 secs] 217964K->179948K(247068K), 0.0014555 secs] [Times: user=0.00 sys=0.00, real=0.00 secs] 
2020-10-29T09:44:24.797+0000: [GC (Allocation Failure) 2020-10-29T09:44:24.797+0000: [ParNew: 38020K->4K(42752K), 0.0014171 secs] 217964K->179948K(247068K), 0.0014691 secs] [Times: user=0.00 sys=0.00, real=0.00 secs] 
2020-10-29T09:44:24.837+0000: [GC (Allocation Failure) 2020-10-29T09:44:24.837+0000: [ParNew: 38020K->4K(42752K), 0.0014058 secs] 217964K->179948K(247068K), 0.0014578 secs] [Times: user=0.00 sys=0.00, real=0.00 secs] 
2020-10-29T09:44:24.872+0000: [GC (Allocation Failure) 2020-10-29T09:44:24.872+0000: [ParNew: 38020K->4K(42752K), 0.0070718 secs] 217964K->188140K(247068K), 0.0071281 secs] [Times: user=0.01 sys=0.00, real=0.01 secs] 
2020-10-29T09:44:24.918+0000: [GC (Allocation Failure) 2020-10-29T09:44:24.918+0000: [ParNew: 38020K->4K(42752K), 0.0013987 secs] 226156K->188140K(247068K), 0.0014514 secs] [Times: user=0.01 sys=0.00, real=0.00 secs] 
2020-10-29T09:44:24.959+0000: [GC (Allocation Failure) 2020-10-29T09:44:24.959+0000: [ParNew: 38020K->4K(42752K), 0.0013960 secs] 226156K->188140K(247068K), 0.0014470 secs] [Times: user=0.00 sys=0.00, real=0.00 secs] 
2020-10-29T09:44:25.000+0000: [GC (Allocation Failure) 2020-10-29T09:44:25.000+0000: [ParNew: 38020K->4K(42752K), 0.0016638 secs] 226156K->188140K(247068K), 0.0017332 secs] [Times: user=0.01 sys=0.00, real=0.00 secs] 
2020-10-29T09:44:25.042+0000: [GC (Allocation Failure) 2020-10-29T09:44:25.042+0000: [ParNew: 38020K->4K(42752K), 0.0014291 secs] 226156K->188140K(247068K), 0.0014812 secs] [Times: user=0.01 sys=0.00, real=0.00 secs] 
2020-10-29T09:44:25.079+0000: [GC (Allocation Failure) 2020-10-29T09:44:25.079+0000: [ParNew: 34227K->4K(42752K), 0.0013992 secs] 222363K->188140K(247068K), 0.0014514 secs] [Times: user=0.00 sys=0.00, real=0.00 secs] 
2020-10-29T09:44:25.092+0000: [GC (Allocation Failure) 2020-10-29T09:44:25.092+0000: [ParNew: 38020K->4K(42752K), 0.0315103 secs] 226156K->220908K(279840K), 0.0315696 secs] [Times: user=0.04 sys=0.02, real=0.03 secs] 
2020-10-29T09:44:25.124+0000: [CMS-concurrent-abortable-preclean: 0.059/3.122 secs] [Times: user=3.44 sys=0.12, real=3.12 secs] 
2020-10-29T09:44:25.124+0000: [GC (CMS Final Remark) [YG occupancy: 760 K (42752 K)]2020-10-29T09:44:25.124+0000: [Rescan (parallel) , 0.0016708 secs]2020-10-29T09:44:25.126+0000: [weak refs processing, 0.0000286 secs]2020-10-29T09:44:25.126+0000: [class unloading, 0.0061001 secs]2020-10-29T09:44:25.132+0000: [scrub symbol table, 0.0075854 secs]2020-10-29T09:44:25.140+0000: [scrub string table, 0.0005240 secs][1 CMS-remark: 220904K(237088K)] 221664K(279840K), 0.0159942 secs] [Times: user=0.02 sys=0.00, real=0.01 secs] 
2020-10-29T09:44:25.141+0000: [CMS-concurrent-sweep-start]
2020-10-29T09:44:25.150+0000: [CMS-concurrent-sweep: 0.009/0.009 secs] [Times: user=0.02 sys=0.00, real=0.01 secs] 
2020-10-29T09:44:25.150+0000: [CMS-concurrent-reset-start]
2020-10-29T09:44:25.152+0000: [CMS-concurrent-reset: 0.002/0.002 secs] [Times: user=0.00 sys=0.00, real=0.00 secs] 
2020-10-29T09:44:25.184+0000: [GC (Allocation Failure) 2020-10-29T09:44:25.184+0000: [ParNew: 38020K->4K(42752K), 0.0017432 secs] 252744K->214728K(400628K), 0.0017955 secs] [Times: user=0.01 sys=0.00, real=0.01 secs] 
2020-10-29T09:44:25.188+0000: [GC (CMS Initial Mark) [1 CMS-initial-mark: 214724K(357876K)] 215486K(400628K), 0.0009710 secs] [Times: user=0.00 sys=0.00, real=0.00 secs] 
2020-10-29T09:44:25.189+0000: [CMS-concurrent-mark-start]
2020-10-29T09:44:25.223+0000: [CMS-concurrent-mark: 0.034/0.034 secs] [Times: user=0.06 sys=0.00, real=0.03 secs] 
2020-10-29T09:44:25.223+0000: [CMS-concurrent-preclean-start]
2020-10-29T09:44:25.225+0000: [CMS-concurrent-preclean: 0.002/0.002 secs] [Times: user=0.00 sys=0.00, real=0.01 secs] 
2020-10-29T09:44:25.225+0000: [CMS-concurrent-abortable-preclean-start]
2020-10-29T09:44:25.245+0000: [GC (Allocation Failure) 2020-10-29T09:44:25.245+0000: [ParNew: 38020K->4K(42752K), 0.0015850 secs] 252744K->214728K(400628K), 0.0016302 secs] [Times: user=0.00 sys=0.00, real=0.00 secs] 
2020-10-29T09:44:25.285+0000: [GC (Allocation Failure) 2020-10-29T09:44:25.285+0000: [ParNew: 38020K->4K(42752K), 0.0017310 secs] 252744K->214728K(400628K), 0.0017834 secs] [Times: user=0.01 sys=0.00, real=0.00 secs] 
2020-10-29T09:44:25.327+0000: [GC (Allocation Failure) 2020-10-29T09:44:25.327+0000: [ParNew: 38020K->4K(42752K), 0.0017244 secs] 252744K->214728K(400628K), 0.0017775 secs] [Times: user=0.00 sys=0.00, real=0.00 secs] 
2020-10-29T09:44:25.360+0000: [GC (Allocation Failure) 2020-10-29T09:44:25.360+0000: [ParNew: 38020K->4K(42752K), 0.0075369 secs] 252744K->222920K(400628K), 0.0075913 secs] [Times: user=0.01 sys=0.01, real=0.01 secs] 
2020-10-29T09:44:25.407+0000: [GC (Allocation Failure) 2020-10-29T09:44:25.407+0000: [ParNew: 38020K->4K(42752K), 0.0017361 secs] 260936K->222920K(400628K), 0.0017882 secs] [Times: user=0.00 sys=0.00, real=0.00 secs] 
2020-10-29T09:44:25.448+0000: [GC (Allocation Failure) 2020-10-29T09:44:25.448+0000: [ParNew: 38020K->4K(42752K), 0.0017285 secs] 260936K->222920K(400628K), 0.0017807 secs] [Times: user=0.01 sys=0.00, real=0.00 secs] 
2020-10-29T09:44:25.488+0000: [GC (Allocation Failure) 2020-10-29T09:44:25.488+0000: [ParNew: 38020K->4K(42752K), 0.0017242 secs] 260936K->222920K(400628K), 0.0017779 secs] [Times: user=0.00 sys=0.00, real=0.00 secs] 
2020-10-29T09:44:25.528+0000: [GC (Allocation Failure) 2020-10-29T09:44:25.528+0000: [ParNew: 38020K->4K(42752K), 0.0017502 secs] 260936K->222920K(400628K), 0.0018029 secs] [Times: user=0.01 sys=0.00, real=0.00 secs] 
2020-10-29T09:44:25.570+0000: [GC (Allocation Failure) 2020-10-29T09:44:25.570+0000: [ParNew: 38020K->4K(42752K), 0.0017139 secs] 260936K->222920K(400628K), 0.0017650 secs] [Times: user=0.00 sys=0.00, real=0.00 secs] 
2020-10-29T09:44:25.610+0000: [GC (Allocation Failure) 2020-10-29T09:44:25.610+0000: [ParNew: 38020K->4K(42752K), 0.0017182 secs] 260936K->222920K(400628K), 0.0017714 secs] [Times: user=0.01 sys=0.00, real=0.00 secs] 
2020-10-29T09:44:25.652+0000: [GC (Allocation Failure) 2020-10-29T09:44:25.652+0000: [ParNew: 38020K->4K(42752K), 0.0017116 secs] 260936K->222920K(400628K), 0.0017639 secs] [Times: user=0.00 sys=0.00, real=0.01 secs] 
2020-10-29T09:44:25.692+0000: [GC (Allocation Failure) 2020-10-29T09:44:25.692+0000: [ParNew: 38020K->4K(42752K), 0.0017629 secs] 260936K->222920K(400628K), 0.0018151 secs] [Times: user=0.01 sys=0.00, real=0.01 secs] 
2020-10-29T09:44:25.733+0000: [GC (Allocation Failure) 2020-10-29T09:44:25.733+0000: [ParNew: 38020K->4K(42752K), 0.0017408 secs] 260936K->222920K(400628K), 0.0018094 secs] [Times: user=0.00 sys=0.00, real=0.00 secs] 
2020-10-29T09:44:25.773+0000: [GC (Allocation Failure) 2020-10-29T09:44:25.773+0000: [ParNew: 38020K->4K(42752K), 0.0017143 secs] 260936K->222920K(400628K), 0.0017671 secs] [Times: user=0.00 sys=0.00, real=0.00 secs] 
2020-10-29T09:44:25.814+0000: [GC (Allocation Failure) 2020-10-29T09:44:25.814+0000: [ParNew: 38020K->4K(42752K), 0.0017316 secs] 260936K->222920K(400628K), 0.0017836 secs] [Times: user=0.00 sys=0.00, real=0.00 secs] 
2020-10-29T09:44:25.854+0000: [GC (Allocation Failure) 2020-10-29T09:44:25.854+0000: [ParNew: 38020K->4K(42752K), 0.0017078 secs] 260936K->222920K(400628K), 0.0017605 secs] [Times: user=0.01 sys=0.00, real=0.00 secs] 
2020-10-29T09:44:25.894+0000: [GC (Allocation Failure) 2020-10-29T09:44:25.894+0000: [ParNew: 38020K->4K(42752K), 0.0017082 secs] 260936K->222920K(400628K), 0.0017610 secs] [Times: user=0.01 sys=0.00, real=0.00 secs] 
2020-10-29T09:44:25.936+0000: [GC (Allocation Failure) 2020-10-29T09:44:25.936+0000: [ParNew: 38020K->4K(42752K), 0.0017608 secs] 260936K->222920K(400628K), 0.0018145 secs] [Times: user=0.00 sys=0.00, real=0.00 secs] 
2020-10-29T09:44:25.969+0000: [GC (Allocation Failure) 2020-10-29T09:44:25.969+0000: [ParNew: 38020K->4K(42752K), 0.0072905 secs] 260936K->231112K(400628K), 0.0073449 secs] [Times: user=0.02 sys=0.00, real=0.01 secs] 
2020-10-29T09:44:26.015+0000: [GC (Allocation Failure) 2020-10-29T09:44:26.015+0000: [ParNew: 38020K->4K(42752K), 0.0017158 secs] 269128K->231112K(400628K), 0.0017677 secs] [Times: user=0.00 sys=0.00, real=0.00 secs] 
2020-10-29T09:44:26.056+0000: [GC (Allocation Failure) 2020-10-29T09:44:26.056+0000: [ParNew: 38020K->4K(42752K), 0.0017295 secs] 269128K->231112K(400628K), 0.0017822 secs] [Times: user=0.01 sys=0.00, real=0.00 secs] 
2020-10-29T09:44:26.104+0000: [CMS-concurrent-abortable-preclean: 0.025/0.879 secs] [Times: user=0.95 sys=0.03, real=0.87 secs] 
2020-10-29T09:44:26.104+0000: [GC (CMS Final Remark) [YG occupancy: 38020 K (42752 K)]2020-10-29T09:44:26.104+0000: [Rescan (parallel) , 0.0236475 secs]2020-10-29T09:44:26.128+0000: [weak refs processing, 0.0000296 secs]2020-10-29T09:44:26.128+0000: [class unloading, 0.0059887 secs]2020-10-29T09:44:26.134+0000: [scrub symbol table, 0.0075976 secs]2020-10-29T09:44:26.141+0000: [scrub string table, 0.0005105 secs][1 CMS-remark: 231108K(357876K)] 269128K(400628K), 0.0378807 secs] [Times: user=0.06 sys=0.00, real=0.04 secs] 
2020-10-29T09:44:26.144+0000: [CMS-concurrent-sweep-start]
2020-10-29T09:44:26.145+0000: [GC (Allocation Failure) 2020-10-29T09:44:26.145+0000: [ParNew: 38020K->48K(42752K), 0.0016629 secs] 269128K->231157K(400628K), 0.0016992 secs] [Times: user=0.00 sys=0.00, real=0.00 secs] 
2020-10-29T09:44:26.157+0000: [CMS-concurrent-sweep: 0.010/0.012 secs] [Times: user=0.02 sys=0.00, real=0.01 secs] 
2020-10-29T09:44:26.157+0000: [CMS-concurrent-reset-start]
2020-10-29T09:44:26.158+0000: [CMS-concurrent-reset: 0.002/0.002 secs] [Times: user=0.01 sys=0.00, real=0.00 secs] 
2020-10-29T09:44:26.220+0000: [GC (Allocation Failure) 2020-10-29T09:44:26.220+0000: [ParNew: 38064K->152K(42752K), 0.0041683 secs] 269172K->231260K(427932K), 0.0042219 secs] [Times: user=0.01 sys=0.00, real=0.00 secs] 
2020-10-29T09:44:26.282+0000: [GC (Allocation Failure) 2020-10-29T09:44:26.282+0000: [ParNew: 38168K->80K(42752K), 0.0019229 secs] 269276K->231188K(427932K), 0.0019758 secs] [Times: user=0.01 sys=0.00, real=0.00 secs] 
2020-10-29T09:44:26.325+0000: [GC (Allocation Failure) 2020-10-29T09:44:26.325+0000: [ParNew: 38096K->96K(42752K), 0.0020002 secs] 269204K->231204K(427932K), 0.0020523 secs] [Times: user=0.00 sys=0.00, real=0.00 secs] 
2020-10-29T09:44:26.368+0000: [GC (Allocation Failure) 2020-10-29T09:44:26.368+0000: [ParNew: 38112K->100K(42752K), 0.0019780 secs] 269220K->231208K(427932K), 0.0020309 secs] [Times: user=0.00 sys=0.00, real=0.00 secs] 
2020-10-29T09:44:26.411+0000: [GC (Allocation Failure) 2020-10-29T09:44:26.411+0000: [ParNew: 38116K->101K(42752K), 0.0019524 secs] 269224K->231209K(427932K), 0.0020039 secs] [Times: user=0.00 sys=0.00, real=0.01 secs] 
2020-10-29T09:44:26.473+0000: [GC (Allocation Failure) 2020-10-29T09:44:26.473+0000: [ParNew: 38117K->101K(42752K), 0.0020377 secs] 269225K->231218K(427932K), 0.0021198 secs] [Times: user=0.01 sys=0.00, real=0.00 secs] 
2020-10-29T09:44:26.547+0000: [GC (Allocation Failure) 2020-10-29T09:44:26.548+0000: [ParNew: 38117K->39K(42752K), 0.0021799 secs] 269234K->231215K(427932K), 0.0022516 secs] [Times: user=0.01 sys=0.00, real=0.00 secs] 
2020-10-29T09:44:26.626+0000: [GC (Allocation Failure) 2020-10-29T09:44:26.626+0000: [ParNew: 38055K->9K(42752K), 0.0017743 secs] 269231K->231185K(427932K), 0.0018395 secs] [Times: user=0.00 sys=0.00, real=0.00 secs] 
2020-10-29T09:44:26.705+0000: [GC (Allocation Failure) 2020-10-29T09:44:26.705+0000: [ParNew: 38025K->4K(42752K), 0.0017606 secs] 269201K->231180K(427932K), 0.0018272 secs] [Times: user=0.00 sys=0.00, real=0.00 secs] 
2020-10-29T09:44:26.762+0000: [GC (Allocation Failure) 2020-10-29T09:44:26.762+0000: [ParNew: 38020K->4K(42752K), 0.0017709 secs] 269196K->231180K(427932K), 0.0018238 secs] [Times: user=0.00 sys=0.00, real=0.00 secs] 
2020-10-29T09:44:26.802+0000: [GC (Allocation Failure) 2020-10-29T09:44:26.802+0000: [ParNew: 38020K->4K(42752K), 0.0017563 secs] 269196K->231180K(427932K), 0.0018077 secs] [Times: user=0.00 sys=0.00, real=0.00 secs] 
2020-10-29T09:44:26.842+0000: [GC (Allocation Failure) 2020-10-29T09:44:26.842+0000: [ParNew: 38020K->4K(42752K), 0.0017778 secs] 269196K->231180K(427932K), 0.0018310 secs] [Times: user=0.00 sys=0.00, real=0.00 secs] 
2020-10-29T09:44:26.881+0000: [GC (Allocation Failure) 2020-10-29T09:44:26.881+0000: [ParNew: 38020K->4K(42752K), 0.0017697 secs] 269196K->231180K(427932K), 0.0018213 secs] [Times: user=0.00 sys=0.00, real=0.00 secs] 
2020-10-29T09:44:26.920+0000: [GC (Allocation Failure) 2020-10-29T09:44:26.920+0000: [ParNew: 38020K->4K(42752K), 0.0018074 secs] 269196K->231180K(427932K), 0.0018589 secs] [Times: user=0.00 sys=0.00, real=0.00 secs] 
2020-10-29T09:44:26.962+0000: [GC (Allocation Failure) 2020-10-29T09:44:26.962+0000: [ParNew: 38020K->4K(42752K), 0.0017787 secs] 269196K->231180K(427932K), 0.0018300 secs] [Times: user=0.01 sys=0.00, real=0.00 secs] 
2020-10-29T09:44:26.995+0000: [GC (Allocation Failure) 2020-10-29T09:44:26.995+0000: [ParNew: 31199K->4K(42752K), 0.0017965 secs] 262375K->231180K(427932K), 0.0018490 secs] [Times: user=0.00 sys=0.00, real=0.00 secs] 
2020-10-29T09:44:27.030+0000: [GC (Allocation Failure) 2020-10-29T09:44:27.030+0000: [ParNew: 38020K->4K(42752K), 0.0074557 secs] 269196K->239372K(427932K), 0.0075071 secs] [Times: user=0.01 sys=0.00, real=0.01 secs] 
2020-10-29T09:44:27.039+0000: [GC (CMS Initial Mark) [1 CMS-initial-mark: 239368K(385180K)] 240128K(427932K), 0.0011263 secs] [Times: user=0.00 sys=0.00, real=0.00 secs] 
2020-10-29T09:44:27.040+0000: [CMS-concurrent-mark-start]
2020-10-29T09:44:27.075+0000: [CMS-concurrent-mark: 0.035/0.035 secs] [Times: user=0.07 sys=0.00, real=0.04 secs] 
2020-10-29T09:44:27.076+0000: [CMS-concurrent-preclean-start]
2020-10-29T09:44:27.077+0000: [CMS-concurrent-preclean: 0.002/0.002 secs] [Times: user=0.01 sys=0.00, real=0.00 secs] 
2020-10-29T09:44:27.077+0000: [CMS-concurrent-abortable-preclean-start]
2020-10-29T09:44:27.097+0000: [GC (Allocation Failure) 2020-10-29T09:44:27.097+0000: [ParNew: 38020K->4K(42752K), 0.0017166 secs] 277388K->239372K(427932K), 0.0017826 secs] [Times: user=0.00 sys=0.00, real=0.00 secs] 
2020-10-29T09:44:27.243+0000: [CMS-concurrent-abortable-preclean: 0.003/0.165 secs] [Times: user=0.24 sys=0.01, real=0.16 secs] 
2020-10-29T09:44:27.247+0000: [GC (CMS Final Remark) [YG occupancy: 37135 K (42752 K)]2020-10-29T09:44:27.247+0000: [Rescan (parallel) , 0.0295494 secs]2020-10-29T09:44:27.276+0000: [weak refs processing, 0.0000491 secs]2020-10-29T09:44:27.276+0000: [class unloading, 0.0085203 secs]2020-10-29T09:44:27.285+0000: [scrub symbol table, 0.0075568 secs]2020-10-29T09:44:27.293+0000: [scrub string table, 0.0005257 secs][1 CMS-remark: 239368K(385180K)] 276503K(427932K), 0.0463407 secs] [Times: user=0.09 sys=0.00, real=0.05 secs] 
2020-10-29T09:44:27.293+0000: [CMS-concurrent-sweep-start]
2020-10-29T09:44:27.302+0000: [CMS-concurrent-sweep: 0.009/0.009 secs] [Times: user=0.01 sys=0.00, real=0.00 secs] 
2020-10-29T09:44:27.302+0000: [CMS-concurrent-reset-start]
2020-10-29T09:44:27.304+0000: [CMS-concurrent-reset: 0.002/0.002 secs] [Times: user=0.00 sys=0.00, real=0.00 secs] 
2020-10-29T09:44:27.364+0000: [GC (Allocation Failure) 2020-10-29T09:44:27.364+0000: [ParNew: 38020K->42K(42752K), 0.0018861 secs] 260970K->222992K(427932K), 0.0019518 secs] [Times: user=0.01 sys=0.00, real=0.01 secs] 
2020-10-29T09:44:28.970+0000: [GC (Allocation Failure) 2020-10-29T09:44:28.970+0000: [ParNew: 38058K->1241K(42752K), 0.0066854 secs] 261008K->224191K(427932K), 0.0067622 secs] [Times: user=0.01 sys=0.00, real=0.01 secs] 
2020-10-29T09:44:29.214+0000: [GC (Allocation Failure) 2020-10-29T09:44:29.214+0000: [ParNew: 39257K->2507K(42752K), 0.0038424 secs] 262207K->225457K(427932K), 0.0038944 secs] [Times: user=0.01 sys=0.00, real=0.00 secs] 
2020-10-29T09:44:29.372+0000: [GC (Allocation Failure) 2020-10-29T09:44:29.372+0000: [ParNew: 40523K->2524K(42752K), 0.0063264 secs] 263473K->225474K(427932K), 0.0063793 secs] [Times: user=0.01 sys=0.00, real=0.01 secs] 
2020-10-29T09:44:29.556+0000: [GC (Allocation Failure) 2020-10-29T09:44:29.556+0000: [ParNew: 40540K->2727K(42752K), 0.0056304 secs] 263490K->226280K(427932K), 0.0056816 secs] [Times: user=0.01 sys=0.00, real=0.00 secs] 
2020-10-29T09:44:29.733+0000: [GC (Allocation Failure) 2020-10-29T09:44:29.733+0000: [ParNew: 40743K->2581K(42752K), 0.0036366 secs] 264296K->226134K(427932K), 0.0036878 secs] [Times: user=0.00 sys=0.00, real=0.00 secs] 
2020-10-29T09:44:29.894+0000: [GC (Allocation Failure) 2020-10-29T09:44:29.894+0000: [ParNew: 40597K->1976K(42752K), 0.0046092 secs] 264150K->225529K(427932K), 0.0046607 secs] [Times: user=0.00 sys=0.00, real=0.00 secs] 
2020-10-29T09:44:30.151+0000: [GC (Allocation Failure) 2020-10-29T09:44:30.151+0000: [ParNew: 39992K->2655K(42752K), 0.0062320 secs] 263545K->226208K(427932K), 0.0062863 secs] [Times: user=0.02 sys=0.00, real=0.01 secs] 
2020-10-29T09:44:30.490+0000: [GC (Allocation Failure) 2020-10-29T09:44:30.490+0000: [ParNew: 40671K->3674K(42752K), 0.0167402 secs] 264224K->227467K(427932K), 0.0168073 secs] [Times: user=0.03 sys=0.00, real=0.02 secs] 
2020-10-29T09:44:30.921+0000: [GC (Allocation Failure) 2020-10-29T09:44:30.921+0000: [ParNew: 41690K->4736K(42752K), 0.0211496 secs] 265483K->229877K(427932K), 0.0212325 secs] [Times: user=0.02 sys=0.00, real=0.02 secs] 
2020-10-29T09:44:31.239+0000: [GC (Allocation Failure) 2020-10-29T09:44:31.239+0000: [ParNew: 42752K->3175K(42752K), 0.0129348 secs] 267893K->231734K(427932K), 0.0129918 secs] [Times: user=0.02 sys=0.00, real=0.02 secs] 
2020-10-29T09:44:31.356+0000: [GC (Allocation Failure) 2020-10-29T09:44:31.356+0000: [ParNew: 41191K->1067K(42752K), 0.0027216 secs] 269750K->229626K(427932K), 0.0027766 secs] [Times: user=0.00 sys=0.00, real=0.00 secs] 
2020-10-29T09:44:31.424+0000: [GC (Allocation Failure) 2020-10-29T09:44:31.424+0000: [ParNew: 39083K->1607K(42752K), 0.0026277 secs] 267642K->230166K(427932K), 0.0026823 secs] [Times: user=0.01 sys=0.00, real=0.01 secs] 
2020-10-29T09:44:31.487+0000: [GC (Allocation Failure) 2020-10-29T09:44:31.487+0000: [ParNew: 39623K->1680K(42752K), 0.0026394 secs] 268182K->230239K(427932K), 0.0027086 secs] [Times: user=0.00 sys=0.00, real=0.00 secs] 
2020-10-29T09:44:31.544+0000: [GC (Allocation Failure) 2020-10-29T09:44:31.545+0000: [ParNew: 39696K->1801K(42752K), 0.0026925 secs] 268255K->230359K(427932K), 0.0027614 secs] [Times: user=0.00 sys=0.00, real=0.00 secs] 
2020-10-29T09:44:31.591+0000: [GC (Allocation Failure) 2020-10-29T09:44:31.591+0000: [ParNew: 39817K->1840K(42752K), 0.0027148 secs] 268375K->230399K(427932K), 0.0027681 secs] [Times: user=0.00 sys=0.00, real=0.01 secs] 
2020-10-29T09:44:31.632+0000: [GC (Allocation Failure) 2020-10-29T09:44:31.632+0000: [ParNew: 39856K->1564K(42752K), 0.0028721 secs] 268415K->230945K(427932K), 0.0029259 secs] [Times: user=0.01 sys=0.00, real=0.00 secs] 
2020-10-29T09:44:31.676+0000: [GC (Allocation Failure) 2020-10-29T09:44:31.676+0000: [ParNew: 39580K->2503K(42752K), 0.0021851 secs] 268961K->231885K(427932K), 0.0022381 secs] [Times: user=0.01 sys=0.00, real=0.00 secs] 
2020-10-29T09:44:31.727+0000: [GC (Allocation Failure) 2020-10-29T09:44:31.727+0000: [ParNew: 40519K->1650K(42752K), 0.0021553 secs] 269901K->231031K(427932K), 0.0022083 secs] [Times: user=0.00 sys=0.00, real=0.00 secs] 
2020-10-29T09:44:31.779+0000: [GC (Allocation Failure) 2020-10-29T09:44:31.780+0000: [ParNew: 39666K->2077K(42752K), 0.0025670 secs] 269047K->231458K(427932K), 0.0026221 secs] [Times: user=0.00 sys=0.00, real=0.00 secs] 
2020-10-29T09:44:31.852+0000: [GC (Allocation Failure) 2020-10-29T09:44:31.852+0000: [ParNew: 40093K->2055K(42752K), 0.0022751 secs] 269474K->231437K(427932K), 0.0023298 secs] [Times: user=0.00 sys=0.00, real=0.01 secs] 
2020-10-29T09:44:31.926+0000: [GC (Allocation Failure) 2020-10-29T09:44:31.926+0000: [ParNew: 40071K->1028K(42752K), 0.0021464 secs] 269453K->230409K(427932K), 0.0022172 secs] [Times: user=0.00 sys=0.00, real=0.00 secs] 
2020-10-29T09:44:32.005+0000: [GC (Allocation Failure) 2020-10-29T09:44:32.005+0000: [ParNew: 39044K->4100K(42752K), 0.0024636 secs] 268425K->233481K(427932K), 0.0025327 secs] [Times: user=0.01 sys=0.00, real=0.00 secs] 
2020-10-29T09:44:32.072+0000: [GC (Allocation Failure) 2020-10-29T09:44:32.073+0000: [ParNew: 42116K->4K(42752K), 0.0022193 secs] 271497K->231433K(427932K), 0.0022895 secs] [Times: user=0.01 sys=0.00, real=0.00 secs] 
2020-10-29T09:44:32.123+0000: [GC (Allocation Failure) 2020-10-29T09:44:32.123+0000: [ParNew: 38020K->4K(42752K), 0.0018994 secs] 269449K->231433K(427932K), 0.0019515 secs] [Times: user=0.01 sys=0.00, real=0.01 secs] 
2020-10-29T09:44:32.176+0000: [GC (Allocation Failure) 2020-10-29T09:44:32.176+0000: [ParNew: 38020K->2K(42752K), 0.0031662 secs] 269449K->231431K(427932K), 0.0032200 secs] [Times: user=0.01 sys=0.00, real=0.00 secs] 
2020-10-29T09:44:32.216+0000: [GC (Allocation Failure) 2020-10-29T09:44:32.216+0000: [ParNew: 38018K->4K(42752K), 0.0019319 secs] 269447K->231433K(427932K), 0.0019856 secs] [Times: user=0.00 sys=0.00, real=0.00 secs] 
2020-10-29T09:44:32.252+0000: [GC (Allocation Failure) 2020-10-29T09:44:32.252+0000: [ParNew: 38020K->4K(42752K), 0.0019015 secs] 269449K->231433K(427932K), 0.0019661 secs] [Times: user=0.00 sys=0.00, real=0.01 secs] 
2020-10-29T09:44:32.287+0000: [GC (Allocation Failure) 2020-10-29T09:44:32.287+0000: [ParNew: 38020K->4K(42752K), 0.0019037 secs] 269449K->231433K(427932K), 0.0019654 secs] [Times: user=0.01 sys=0.00, real=0.00 secs] 
2020-10-29T09:44:32.330+0000: [GC (Allocation Failure) 2020-10-29T09:44:32.330+0000: [ParNew: 38020K->4100K(42752K), 0.0024314 secs] 269449K->235529K(427932K), 0.0025019 secs] [Times: user=0.01 sys=0.00, real=0.00 secs] 
2020-10-29T09:44:32.372+0000: [GC (Allocation Failure) 2020-10-29T09:44:32.372+0000: [ParNew: 42116K->4K(42752K), 0.0022622 secs] 273545K->233482K(427932K), 0.0023154 secs] [Times: user=0.00 sys=0.00, real=0.01 secs] 
2020-10-29T09:44:32.426+0000: [GC (Allocation Failure) 2020-10-29T09:44:32.426+0000: [ParNew: 38020K->4K(42752K), 0.0019196 secs] 271498K->233482K(427932K), 0.0019897 secs] [Times: user=0.00 sys=0.00, real=0.00 secs] 
2020-10-29T09:44:32.476+0000: [GC (Allocation Failure) 2020-10-29T09:44:32.477+0000: [ParNew: 36778K->4K(42752K), 0.0018872 secs] 270256K->233482K(427932K), 0.0019572 secs] [Times: user=0.00 sys=0.00, real=0.00 secs] 
2020-10-29T09:44:32.513+0000: [GC (Allocation Failure) 2020-10-29T09:44:32.513+0000: [ParNew: 38020K->4100K(42752K), 0.0024384 secs] 271498K->237578K(427932K), 0.0024917 secs] [Times: user=0.00 sys=0.00, real=0.00 secs] 
2020-10-29T09:44:32.556+0000: [GC (Allocation Failure) 2020-10-29T09:44:32.556+0000: [ParNew: 42116K->4K(42752K), 0.0022663 secs] 275594K->235530K(427932K), 0.0023209 secs] [Times: user=0.00 sys=0.00, real=0.00 secs] 
2020-10-29T09:44:32.596+0000: [GC (Allocation Failure) 2020-10-29T09:44:32.596+0000: [ParNew: 38020K->4K(42752K), 0.0019039 secs] 273546K->235530K(427932K), 0.0019587 secs] [Times: user=0.01 sys=0.00, real=0.00 secs] 
2020-10-29T09:44:32.633+0000: [GC (Allocation Failure) 2020-10-29T09:44:32.633+0000: [ParNew: 38020K->4K(42752K), 0.0018927 secs] 273546K->235530K(427932K), 0.0019460 secs] [Times: user=0.00 sys=0.00, real=0.00 secs] 
2020-10-29T09:44:32.674+0000: [GC (Allocation Failure) 2020-10-29T09:44:32.674+0000: [ParNew: 38020K->4K(42752K), 0.0018814 secs] 273546K->235530K(427932K), 0.0019357 secs] [Times: user=0.00 sys=0.00, real=0.00 secs] 
2020-10-29T09:44:32.720+0000: [GC (Allocation Failure) 2020-10-29T09:44:32.720+0000: [ParNew: 38020K->4K(42752K), 0.0019077 secs] 273546K->235530K(427932K), 0.0019612 secs] [Times: user=0.00 sys=0.00, real=0.00 secs] 
2020-10-29T09:44:32.772+0000: [GC (Allocation Failure) 2020-10-29T09:44:32.772+0000: [ParNew: 38020K->4K(42752K), 0.0019083 secs] 273546K->235530K(427932K), 0.0019612 secs] [Times: user=0.00 sys=0.00, real=0.00 secs] 
2020-10-29T09:44:32.820+0000: [GC (Allocation Failure) 2020-10-29T09:44:32.820+0000: [ParNew: 38020K->4K(42752K), 0.0019130 secs] 273546K->235530K(427932K), 0.0019859 secs] [Times: user=0.00 sys=0.01, real=0.00 secs] 
2020-10-29T09:44:32.875+0000: [GC (Allocation Failure) 2020-10-29T09:44:32.875+0000: [ParNew: 38020K->4K(42752K), 0.0040898 secs] 273546K->235530K(427932K), 0.0041600 secs] [Times: user=0.01 sys=0.00, real=0.00 secs] 
2020-10-29T09:44:32.928+0000: [GC (Allocation Failure) 2020-10-29T09:44:32.928+0000: [ParNew: 38020K->2K(42752K), 0.0040273 secs] 273546K->235528K(427932K), 0.0040967 secs] [Times: user=0.00 sys=0.00, real=0.00 secs] 
2020-10-29T09:44:32.981+0000: [GC (Allocation Failure) 2020-10-29T09:44:32.981+0000: [ParNew: 38018K->2K(42752K), 0.0041089 secs] 273544K->235528K(427932K), 0.0041796 secs] [Times: user=0.01 sys=0.00, real=0.01 secs] 
2020-10-29T09:44:33.052+0000: [GC (Allocation Failure) 2020-10-29T09:44:33.052+0000: [ParNew: 38018K->4K(42752K), 0.0044242 secs] 273544K->235530K(427932K), 0.0044996 secs] [Times: user=0.01 sys=0.00, real=0.00 secs] 
2020-10-29T09:44:33.129+0000: [GC (Allocation Failure) 2020-10-29T09:44:33.129+0000: [ParNew: 38020K->4K(42752K), 0.0048099 secs] 273546K->235530K(427932K), 0.0048833 secs] [Times: user=0.01 sys=0.00, real=0.01 secs] 
2020-10-29T09:44:33.192+0000: [GC (Allocation Failure) 2020-10-29T09:44:33.193+0000: [ParNew: 38020K->2K(42752K), 0.0038392 secs] 273546K->235528K(427932K), 0.0039078 secs] [Times: user=0.00 sys=0.01, real=0.00 secs] 
2020-10-29T09:44:33.248+0000: [GC (Allocation Failure) 2020-10-29T09:44:33.248+0000: [ParNew: 38018K->4K(42752K), 0.0038227 secs] 273544K->235530K(427932K), 0.0039064 secs] [Times: user=0.01 sys=0.00, real=0.01 secs] 
2020-10-29T09:44:33.307+0000: [GC (Allocation Failure) 2020-10-29T09:44:33.307+0000: [ParNew: 38020K->4K(42752K), 0.0019021 secs] 273546K->235530K(427932K), 0.0019554 secs] [Times: user=0.01 sys=0.00, real=0.00 secs] 
2020-10-29T09:44:33.347+0000: [GC (Allocation Failure) 2020-10-29T09:44:33.347+0000: [ParNew: 38020K->4K(42752K), 0.0019065 secs] 273546K->235530K(427932K), 0.0019604 secs] [Times: user=0.01 sys=0.00, real=0.00 secs] 
2020-10-29T09:44:33.384+0000: [GC (Allocation Failure) 2020-10-29T09:44:33.384+0000: [ParNew: 38020K->4K(42752K), 0.0019055 secs] 273546K->235530K(427932K), 0.0019585 secs] [Times: user=0.01 sys=0.00, real=0.00 secs] 
2020-10-29T09:44:33.419+0000: [GC (Allocation Failure) 2020-10-29T09:44:33.419+0000: [ParNew: 38020K->4K(42752K), 0.0019118 secs] 273546K->235530K(427932K), 0.0019646 secs] [Times: user=0.00 sys=0.00, real=0.00 secs] 
2020-10-29T09:44:33.460+0000: [GC (Allocation Failure) 2020-10-29T09:44:33.461+0000: [ParNew: 38020K->4K(42752K), 0.0019003 secs] 273546K->235530K(427932K), 0.0019527 secs] [Times: user=0.01 sys=0.00, real=0.00 secs] 
2020-10-29T09:44:33.496+0000: [GC (Allocation Failure) 2020-10-29T09:44:33.496+0000: [ParNew: 38020K->4K(42752K), 0.0019157 secs] 273546K->235530K(427932K), 0.0019681 secs] [Times: user=0.00 sys=0.00, real=0.00 secs] 
2020-10-29T09:44:33.532+0000: [GC (Allocation Failure) 2020-10-29T09:44:33.533+0000: [ParNew: 38020K->4K(42752K), 0.0018940 secs] 273546K->235530K(427932K), 0.0019461 secs] [Times: user=0.01 sys=0.00, real=0.00 secs] 
2020-10-29T09:44:33.562+0000: [GC (Allocation Failure) 2020-10-29T09:44:33.562+0000: [ParNew: 38020K->4100K(42752K), 0.0039016 secs] 273546K->247818K(427932K), 0.0039596 secs] [Times: user=0.01 sys=0.00, real=0.01 secs] 
2020-10-29T09:44:33.600+0000: [GC (Allocation Failure) 2020-10-29T09:44:33.600+0000: [ParNew: 42116K->4K(42752K), 0.0019266 secs] 285834K->243723K(427932K), 0.0019787 secs] [Times: user=0.00 sys=0.00, real=0.00 secs] 
2020-10-29T09:44:33.635+0000: [GC (Allocation Failure) 2020-10-29T09:44:33.635+0000: [ParNew: 38020K->4K(42752K), 0.0019081 secs] 281739K->243723K(427932K), 0.0019601 secs] [Times: user=0.00 sys=0.00, real=0.00 secs] 
2020-10-29T09:44:33.672+0000: [GC (Allocation Failure) 2020-10-29T09:44:33.672+0000: [ParNew: 38020K->4K(42752K), 0.0018783 secs] 281739K->243723K(427932K), 0.0019299 secs] [Times: user=0.00 sys=0.00, real=0.00 secs] 
2020-10-29T09:44:33.708+0000: [GC (Allocation Failure) 2020-10-29T09:44:33.709+0000: [ParNew: 38020K->4K(42752K), 0.0018765 secs] 281739K->243723K(427932K), 0.0019280 secs] [Times: user=0.00 sys=0.00, real=0.00 secs] 
2020-10-29T09:44:33.743+0000: [GC (Allocation Failure) 2020-10-29T09:44:33.743+0000: [ParNew: 38020K->4K(42752K), 0.0019374 secs] 281739K->243723K(427932K), 0.0019901 secs] [Times: user=0.00 sys=0.00, real=0.01 secs] 
2020-10-29T09:44:33.780+0000: [GC (Allocation Failure) 2020-10-29T09:44:33.780+0000: [ParNew: 38020K->4K(42752K), 0.0019062 secs] 281739K->243723K(427932K), 0.0019595 secs] [Times: user=0.01 sys=0.00, real=0.00 secs] 
2020-10-29T09:44:33.815+0000: [GC (Allocation Failure) 2020-10-29T09:44:33.815+0000: [ParNew: 38020K->4K(42752K), 0.0019670 secs] 281739K->243723K(427932K), 0.0020203 secs] [Times: user=0.01 sys=0.00, real=0.00 secs] 
2020-10-29T09:44:33.852+0000: [GC (Allocation Failure) 2020-10-29T09:44:33.852+0000: [ParNew: 38020K->4K(42752K), 0.0019397 secs] 281739K->243723K(427932K), 0.0019930 secs] [Times: user=0.00 sys=0.00, real=0.01 secs] 
2020-10-29T09:44:33.888+0000: [GC (Allocation Failure) 2020-10-29T09:44:33.888+0000: [ParNew: 38020K->4K(42752K), 0.0019026 secs] 281739K->243723K(427932K), 0.0019548 secs] [Times: user=0.00 sys=0.00, real=0.00 secs] 
2020-10-29T09:44:33.923+0000: [GC (Allocation Failure) 2020-10-29T09:44:33.923+0000: [ParNew: 38020K->4K(42752K), 0.0019079 secs] 281739K->243723K(427932K), 0.0019694 secs] [Times: user=0.01 sys=0.00, real=0.01 secs] 
2020-10-29T09:44:33.960+0000: [GC (Allocation Failure) 2020-10-29T09:44:33.960+0000: [ParNew: 38020K->4K(42752K), 0.0018955 secs] 281739K->243723K(427932K), 0.0019468 secs] [Times: user=0.00 sys=0.00, real=0.00 secs] 
2020-10-29T09:44:34.000+0000: [GC (Allocation Failure) 2020-10-29T09:44:34.000+0000: [ParNew: 38020K->4K(42752K), 0.0021250 secs] 281739K->243723K(427932K), 0.0022905 secs] [Times: user=0.01 sys=0.00, real=0.00 secs] 
2020-10-29T09:44:34.036+0000: [GC (Allocation Failure) 2020-10-29T09:44:34.036+0000: [ParNew: 38020K->4K(42752K), 0.0019009 secs] 281739K->243723K(427932K), 0.0019547 secs] [Times: user=0.00 sys=0.00, real=0.00 secs] 
2020-10-29T09:44:34.072+0000: [GC (Allocation Failure) 2020-10-29T09:44:34.072+0000: [ParNew: 38020K->4K(42752K), 0.0019161 secs] 281739K->243723K(427932K), 0.0019683 secs] [Times: user=0.00 sys=0.00, real=0.00 secs] 
2020-10-29T09:44:34.108+0000: [GC (Allocation Failure) 2020-10-29T09:44:34.109+0000: [ParNew: 38020K->4K(42752K), 0.0019112 secs] 281739K->243723K(427932K), 0.0019640 secs] [Times: user=0.01 sys=0.00, real=0.00 secs] 
2020-10-29T09:44:34.144+0000: [GC (Allocation Failure) 2020-10-29T09:44:34.144+0000: [ParNew: 38020K->4K(42752K), 0.0019135 secs] 281739K->243723K(427932K), 0.0019660 secs] [Times: user=0.00 sys=0.00, real=0.01 secs] 
2020-10-29T09:44:34.182+0000: [GC (Allocation Failure) 2020-10-29T09:44:34.182+0000: [ParNew: 38020K->4K(42752K), 0.0019039 secs] 281739K->243723K(427932K), 0.0019649 secs] [Times: user=0.01 sys=0.00, real=0.00 secs] 
2020-10-29T09:44:34.216+0000: [GC (Allocation Failure) 2020-10-29T09:44:34.216+0000: [ParNew: 38020K->4K(42752K), 0.0019511 secs] 281739K->243723K(427932K), 0.0020029 secs] [Times: user=0.00 sys=0.00, real=0.00 secs] 
2020-10-29T09:44:34.252+0000: [GC (Allocation Failure) 2020-10-29T09:44:34.252+0000: [ParNew: 38020K->4K(42752K), 0.0019000 secs] 281739K->243723K(427932K), 0.0019524 secs] [Times: user=0.01 sys=0.00, real=0.00 secs] 
2020-10-29T09:44:34.288+0000: [GC (Allocation Failure) 2020-10-29T09:44:34.288+0000: [ParNew: 38020K->4K(42752K), 0.0018952 secs] 281739K->243723K(427932K), 0.0019492 secs] [Times: user=0.00 sys=0.00, real=0.00 secs] 
2020-10-29T09:44:34.324+0000: [GC (Allocation Failure) 2020-10-29T09:44:34.325+0000: [ParNew: 38020K->4K(42752K), 0.0019432 secs] 281739K->243723K(427932K), 0.0019949 secs] [Times: user=0.01 sys=0.00, real=0.00 secs] 
2020-10-29T09:44:34.360+0000: [GC (Allocation Failure) 2020-10-29T09:44:34.361+0000: [ParNew: 38020K->4K(42752K), 0.0018944 secs] 281739K->243723K(427932K), 0.0019456 secs] [Times: user=0.00 sys=0.00, real=0.00 secs] 
2020-10-29T09:44:34.396+0000: [GC (Allocation Failure) 2020-10-29T09:44:34.397+0000: [ParNew: 38020K->4K(42752K), 0.0018929 secs] 281739K->243723K(427932K), 0.0019450 secs] [Times: user=0.00 sys=0.00, real=0.00 secs] 
2020-10-29T09:44:34.432+0000: [GC (Allocation Failure) 2020-10-29T09:44:34.432+0000: [ParNew: 38020K->4K(42752K), 0.0018967 secs] 281739K->243723K(427932K), 0.0019502 secs] [Times: user=0.00 sys=0.00, real=0.00 secs] 
2020-10-29T09:44:34.468+0000: [GC (Allocation Failure) 2020-10-29T09:44:34.468+0000: [ParNew: 38020K->4K(42752K), 0.0019109 secs] 281739K->243723K(427932K), 0.0019631 secs] [Times: user=0.00 sys=0.00, real=0.00 secs] 
2020-10-29T09:44:34.504+0000: [GC (Allocation Failure) 2020-10-29T09:44:34.504+0000: [ParNew: 38020K->4K(42752K), 0.0019096 secs] 281739K->243723K(427932K), 0.0019626 secs] [Times: user=0.00 sys=0.00, real=0.00 secs] 
2020-10-29T09:44:34.541+0000: [GC (Allocation Failure) 2020-10-29T09:44:34.541+0000: [ParNew: 38020K->4K(42752K), 0.0018851 secs] 281739K->243723K(427932K), 0.0019390 secs] [Times: user=0.01 sys=0.00, real=0.00 secs] 
2020-10-29T09:44:34.576+0000: [GC (Allocation Failure) 2020-10-29T09:44:34.576+0000: [ParNew: 38020K->4K(42752K), 0.0018984 secs] 281739K->243723K(427932K), 0.0019506 secs] [Times: user=0.01 sys=0.00, real=0.00 secs] 
2020-10-29T09:44:34.620+0000: [GC (Allocation Failure) 2020-10-29T09:44:34.620+0000: [ParNew: 38020K->4K(42752K), 0.0019626 secs] 281739K->243723K(427932K), 0.0020335 secs] [Times: user=0.00 sys=0.00, real=0.00 secs] 
2020-10-29T09:44:34.658+0000: [GC (Allocation Failure) 2020-10-29T09:44:34.658+0000: [ParNew: 38020K->4K(42752K), 0.0018919 secs] 281739K->243723K(427932K), 0.0019445 secs] [Times: user=0.00 sys=0.00, real=0.00 secs] 
2020-10-29T09:44:34.697+0000: [GC (Allocation Failure) 2020-10-29T09:44:34.697+0000: [ParNew: 38020K->4K(42752K), 0.0019394 secs] 281739K->243723K(427932K), 0.0019941 secs] [Times: user=0.00 sys=0.00, real=0.00 secs] 
2020-10-29T09:44:34.742+0000: [GC (Allocation Failure) 2020-10-29T09:44:34.742+0000: [ParNew: 38020K->4K(42752K), 0.0019022 secs] 281739K->243723K(427932K), 0.0019723 secs] [Times: user=0.01 sys=0.01, real=0.00 secs] 
2020-10-29T09:44:34.788+0000: [GC (Allocation Failure) 2020-10-29T09:44:34.788+0000: [ParNew: 38020K->4K(42752K), 0.0018805 secs] 281739K->243723K(427932K), 0.0019335 secs] [Times: user=0.00 sys=0.00, real=0.00 secs] 
2020-10-29T09:44:34.824+0000: [GC (Allocation Failure) 2020-10-29T09:44:34.824+0000: [ParNew: 38020K->4K(42752K), 0.0018842 secs] 281739K->243723K(427932K), 0.0019371 secs] [Times: user=0.01 sys=0.00, real=0.00 secs] 
2020-10-29T09:44:34.860+0000: [GC (Allocation Failure) 2020-10-29T09:44:34.860+0000: [ParNew: 38020K->4K(42752K), 0.0018887 secs] 281739K->243723K(427932K), 0.0019405 secs] [Times: user=0.00 sys=0.00, real=0.00 secs] 
2020-10-29T09:44:34.900+0000: [GC (Allocation Failure) 2020-10-29T09:44:34.900+0000: [ParNew: 38020K->4K(42752K), 0.0059533 secs] 281739K->243723K(427932K), 0.0060062 secs] [Times: user=0.01 sys=0.00, real=0.01 secs] 
2020-10-29T09:44:34.940+0000: [GC (Allocation Failure) 2020-10-29T09:44:34.941+0000: [ParNew: 38020K->4K(42752K), 0.0018813 secs] 281739K->243723K(427932K), 0.0019345 secs] [Times: user=0.01 sys=0.00, real=0.00 secs] 
2020-10-29T09:44:34.975+0000: [GC (Allocation Failure) 2020-10-29T09:44:34.975+0000: [ParNew: 38020K->4K(42752K), 0.0019490 secs] 281739K->243723K(427932K), 0.0020009 secs] [Times: user=0.01 sys=0.00, real=0.00 secs] 
2020-10-29T09:44:35.019+0000: [GC (Allocation Failure) 2020-10-29T09:44:35.019+0000: [ParNew: 38020K->4K(42752K), 0.0019239 secs] 281739K->243723K(427932K), 0.0019759 secs] [Times: user=0.01 sys=0.00, real=0.00 secs] 
2020-10-29T09:44:35.056+0000: [GC (Allocation Failure) 2020-10-29T09:44:35.056+0000: [ParNew: 38020K->4K(42752K), 0.0022338 secs] 281739K->243723K(427932K), 0.0022907 secs] [Times: user=0.00 sys=0.01, real=0.00 secs] 
2020-10-29T09:44:35.096+0000: [GC (Allocation Failure) 2020-10-29T09:44:35.096+0000: [ParNew: 38020K->4K(42752K), 0.0018817 secs] 281739K->243723K(427932K), 0.0019353 secs] [Times: user=0.00 sys=0.00, real=0.00 secs] 
2020-10-29T09:44:35.132+0000: [GC (Allocation Failure) 2020-10-29T09:44:35.133+0000: [ParNew: 38020K->4K(42752K), 0.0018943 secs] 281739K->243723K(427932K), 0.0019477 secs] [Times: user=0.00 sys=0.00, real=0.00 secs] 
2020-10-29T09:44:35.172+0000: [GC (Allocation Failure) 2020-10-29T09:44:35.172+0000: [ParNew: 38020K->4K(42752K), 0.0019412 secs] 281739K->243723K(427932K), 0.0019935 secs] [Times: user=0.01 sys=0.00, real=0.00 secs] 
2020-10-29T09:44:35.220+0000: [GC (Allocation Failure) 2020-10-29T09:44:35.221+0000: [ParNew: 38020K->4K(42752K), 0.0018913 secs] 281739K->243723K(427932K), 0.0019450 secs] [Times: user=0.01 sys=0.00, real=0.00 secs] 
2020-10-29T09:44:35.256+0000: [GC (Allocation Failure) 2020-10-29T09:44:35.257+0000: [ParNew: 38020K->4K(42752K), 0.0019083 secs] 281739K->243723K(427932K), 0.0019619 secs] [Times: user=0.01 sys=0.00, real=0.00 secs] 
2020-10-29T09:44:35.291+0000: [GC (Allocation Failure) 2020-10-29T09:44:35.291+0000: [ParNew: 38020K->4K(42752K), 0.0019099 secs] 281739K->243723K(427932K), 0.0019631 secs] [Times: user=0.00 sys=0.00, real=0.01 secs] 
2020-10-29T09:44:35.328+0000: [GC (Allocation Failure) 2020-10-29T09:44:35.328+0000: [ParNew: 38020K->4K(42752K), 0.0019191 secs] 281739K->243723K(427932K), 0.0019733 secs] [Times: user=0.01 sys=0.00, real=0.00 secs] 
2020-10-29T09:44:35.365+0000: [GC (Allocation Failure) 2020-10-29T09:44:35.365+0000: [ParNew: 38020K->4K(42752K), 0.0018876 secs] 281739K->243723K(427932K), 0.0019404 secs] [Times: user=0.01 sys=0.00, real=0.00 secs] 
2020-10-29T09:44:35.400+0000: [GC (Allocation Failure) 2020-10-29T09:44:35.400+0000: [ParNew: 38020K->4K(42752K), 0.0019117 secs] 281739K->243723K(427932K), 0.0019659 secs] [Times: user=0.01 sys=0.00, real=0.00 secs] 
2020-10-29T09:44:35.440+0000: [GC (Allocation Failure) 2020-10-29T09:44:35.441+0000: [ParNew: 38020K->4K(42752K), 0.0018958 secs] 281739K->243723K(427932K), 0.0019491 secs] [Times: user=0.00 sys=0.00, real=0.00 secs] 
2020-10-29T09:44:35.475+0000: [GC (Allocation Failure) 2020-10-29T09:44:35.475+0000: [ParNew: 38020K->4K(42752K), 0.0018983 secs] 281739K->243723K(427932K), 0.0019580 secs] [Times: user=0.01 sys=0.00, real=0.00 secs] 
2020-10-29T09:44:35.512+0000: [GC (Allocation Failure) 2020-10-29T09:44:35.513+0000: [ParNew: 38020K->4K(42752K), 0.0019018 secs] 281739K->243723K(427932K), 0.0019807 secs] [Times: user=0.00 sys=0.00, real=0.00 secs] 
2020-10-29T09:44:35.547+0000: [GC (Allocation Failure) 2020-10-29T09:44:35.547+0000: [ParNew: 38020K->4K(42752K), 0.0019022 secs] 281739K->243723K(427932K), 0.0019552 secs] [Times: user=0.01 sys=0.00, real=0.00 secs] 
2020-10-29T09:44:35.584+0000: [GC (Allocation Failure) 2020-10-29T09:44:35.584+0000: [ParNew: 38020K->4K(42752K), 0.0019053 secs] 281739K->243723K(427932K), 0.0019589 secs] [Times: user=0.00 sys=0.00, real=0.00 secs] 
2020-10-29T09:44:35.620+0000: [GC (Allocation Failure) 2020-10-29T09:44:35.620+0000: [ParNew: 38020K->4K(42752K), 0.0018921 secs] 281739K->243723K(427932K), 0.0019527 secs] [Times: user=0.01 sys=0.00, real=0.00 secs] 
2020-10-29T09:44:35.656+0000: [GC (Allocation Failure) 2020-10-29T09:44:35.656+0000: [ParNew: 38020K->4K(42752K), 0.0018830 secs] 281739K->243723K(427932K), 0.0019354 secs] [Times: user=0.01 sys=0.00, real=0.00 secs] 
2020-10-29T09:44:35.691+0000: [GC (Allocation Failure) 2020-10-29T09:44:35.691+0000: [ParNew: 38020K->4K(42752K), 0.0019373 secs] 281739K->243723K(427932K), 0.0019904 secs] [Times: user=0.01 sys=0.00, real=0.01 secs] 
2020-10-29T09:44:35.728+0000: [GC (Allocation Failure) 2020-10-29T09:44:35.728+0000: [ParNew: 38020K->4K(42752K), 0.0018715 secs] 281739K->243723K(427932K), 0.0019195 secs] [Times: user=0.01 sys=0.00, real=0.00 secs] 
2020-10-29T09:44:35.764+0000: [GC (Allocation Failure) 2020-10-29T09:44:35.764+0000: [ParNew: 38020K->4K(42752K), 0.0018811 secs] 281739K->243723K(427932K), 0.0019332 secs] [Times: user=0.00 sys=0.00, real=0.00 secs] 
2020-10-29T09:44:35.800+0000: [GC (Allocation Failure) 2020-10-29T09:44:35.800+0000: [ParNew: 38020K->4K(42752K), 0.0018936 secs] 281739K->243723K(427932K), 0.0019397 secs] [Times: user=0.00 sys=0.00, real=0.00 secs] 
2020-10-29T09:44:35.835+0000: [GC (Allocation Failure) 2020-10-29T09:44:35.835+0000: [ParNew: 38020K->4K(42752K), 0.0019135 secs] 281739K->243723K(427932K), 0.0019627 secs] [Times: user=0.00 sys=0.00, real=0.00 secs] 
2020-10-29T09:44:35.870+0000: [GC (Allocation Failure) 2020-10-29T09:44:35.870+0000: [ParNew: 38020K->4K(42752K), 0.0018937 secs] 281739K->243723K(427932K), 0.0019484 secs] [Times: user=0.01 sys=0.00, real=0.00 secs] 
2020-10-29T09:44:35.907+0000: [GC (Allocation Failure) 2020-10-29T09:44:35.907+0000: [ParNew: 38020K->4K(42752K), 0.0019600 secs] 281739K->243723K(427932K), 0.0020135 secs] [Times: user=0.00 sys=0.00, real=0.00 secs] 
2020-10-29T09:44:35.941+0000: [GC (Allocation Failure) 2020-10-29T09:44:35.941+0000: [ParNew: 38020K->4K(42752K), 0.0019407 secs] 281739K->243723K(427932K), 0.0020006 secs] [Times: user=0.00 sys=0.00, real=0.00 secs] 
2020-10-29T09:44:35.976+0000: [GC (Allocation Failure) 2020-10-29T09:44:35.976+0000: [ParNew: 38020K->4K(42752K), 0.0020017 secs] 281739K->243724K(427932K), 0.0020543 secs] [Times: user=0.00 sys=0.00, real=0.00 secs] 
2020-10-29T09:44:36.011+0000: [GC (Allocation Failure) 2020-10-29T09:44:36.011+0000: [ParNew: 38020K->4K(42752K), 0.0019138 secs] 281740K->243724K(427932K), 0.0019658 secs] [Times: user=0.00 sys=0.00, real=0.01 secs] 
2020-10-29T09:44:36.048+0000: [GC (Allocation Failure) 2020-10-29T09:44:36.048+0000: [ParNew: 38020K->4K(42752K), 0.0019444 secs] 281740K->243724K(427932K), 0.0019976 secs] [Times: user=0.01 sys=0.00, real=0.00 secs] 
2020-10-29T09:44:36.087+0000: [GC (Allocation Failure) 2020-10-29T09:44:36.087+0000: [ParNew: 38020K->8K(42752K), 0.0019368 secs] 281740K->243728K(427932K), 0.0019901 secs] [Times: user=0.00 sys=0.00, real=0.00 secs] 
2020-10-29T09:44:36.128+0000: [GC (Allocation Failure) 2020-10-29T09:44:36.128+0000: [ParNew: 38024K->8K(42752K), 0.0019628 secs] 281744K->243729K(427932K), 0.0020172 secs] [Times: user=0.00 sys=0.01, real=0.00 secs] 
2020-10-29T09:44:36.172+0000: [GC (Allocation Failure) 2020-10-29T09:44:36.173+0000: [ParNew: 38024K->6K(42752K), 0.0019307 secs] 281745K->243726K(427932K), 0.0019841 secs] [Times: user=0.01 sys=0.00, real=0.00 secs] 
2020-10-29T09:44:36.207+0000: [GC (Allocation Failure) 2020-10-29T09:44:36.207+0000: [ParNew: 38022K->6K(42752K), 0.0019252 secs] 281742K->243726K(427932K), 0.0019795 secs] [Times: user=0.00 sys=0.00, real=0.00 secs] 
2020-10-29T09:44:36.244+0000: [GC (Allocation Failure) 2020-10-29T09:44:36.244+0000: [ParNew: 38022K->9K(42752K), 0.0018998 secs] 281742K->243729K(427932K), 0.0019522 secs] [Times: user=0.01 sys=0.00, real=0.00 secs] 
2020-10-29T09:44:36.280+0000: [GC (Allocation Failure) 2020-10-29T09:44:36.280+0000: [ParNew: 38025K->8K(42752K), 0.0019521 secs] 281745K->243728K(427932K), 0.0020048 secs] [Times: user=0.00 sys=0.00, real=0.00 secs] 
2020-10-29T09:44:36.316+0000: [GC (Allocation Failure) 2020-10-29T09:44:36.316+0000: [ParNew: 38024K->7K(42752K), 0.0019255 secs] 281744K->243728K(427932K), 0.0019776 secs] [Times: user=0.01 sys=0.00, real=0.00 secs] 
2020-10-29T09:44:36.352+0000: [GC (Allocation Failure) 2020-10-29T09:44:36.353+0000: [ParNew: 38023K->4K(42752K), 0.0019400 secs] 281744K->243727K(427932K), 0.0019940 secs] [Times: user=0.00 sys=0.00, real=0.00 secs] 
2020-10-29T09:44:36.388+0000: [GC (Allocation Failure) 2020-10-29T09:44:36.389+0000: [ParNew: 38020K->4K(42752K), 0.0018986 secs] 281743K->243727K(427932K), 0.0019511 secs] [Times: user=0.01 sys=0.00, real=0.00 secs] 
2020-10-29T09:44:36.423+0000: [GC (Allocation Failure) 2020-10-29T09:44:36.423+0000: [ParNew: 38020K->4K(42752K), 0.0019225 secs] 281743K->243727K(427932K), 0.0019764 secs] [Times: user=0.01 sys=0.00, real=0.01 secs] 
2020-10-29T09:44:36.457+0000: [GC (Allocation Failure) 2020-10-29T09:44:36.457+0000: [ParNew: 38020K->4K(42752K), 0.0019352 secs] 281743K->243727K(427932K), 0.0019958 secs] [Times: user=0.00 sys=0.00, real=0.00 secs] 
2020-10-29T09:44:36.491+0000: [GC (Allocation Failure) 2020-10-29T09:44:36.491+0000: [ParNew: 38020K->4K(42752K), 0.0018968 secs] 281743K->243727K(427932K), 0.0019489 secs] [Times: user=0.00 sys=0.00, real=0.01 secs] 
2020-10-29T09:44:36.528+0000: [GC (Allocation Failure) 2020-10-29T09:44:36.528+0000: [ParNew: 38020K->4K(42752K), 0.0018998 secs] 281743K->243727K(427932K), 0.0019529 secs] [Times: user=0.00 sys=0.00, real=0.00 secs] 
2020-10-29T09:44:36.563+0000: [GC (Allocation Failure) 2020-10-29T09:44:36.563+0000: [ParNew: 38020K->4K(42752K), 0.0018985 secs] 281743K->243727K(427932K), 0.0019508 secs] [Times: user=0.01 sys=0.00, real=0.01 secs] 
2020-10-29T09:44:36.600+0000: [GC (Allocation Failure) 2020-10-29T09:44:36.601+0000: [ParNew: 38020K->4K(42752K), 0.0018832 secs] 281743K->243727K(427932K), 0.0019350 secs] [Times: user=0.01 sys=0.00, real=0.00 secs] 
2020-10-29T09:44:36.636+0000: [GC (Allocation Failure) 2020-10-29T09:44:36.636+0000: [ParNew: 38020K->4K(42752K), 0.0019104 secs] 281743K->243727K(427932K), 0.0019628 secs] [Times: user=0.00 sys=0.00, real=0.00 secs] 
2020-10-29T09:44:36.670+0000: [GC (Allocation Failure) 2020-10-29T09:44:36.670+0000: [ParNew: 38020K->4K(42752K), 0.0018882 secs] 281743K->243727K(427932K), 0.0019409 secs] [Times: user=0.00 sys=0.00, real=0.00 secs] 
2020-10-29T09:44:36.704+0000: [GC (Allocation Failure) 2020-10-29T09:44:36.704+0000: [ParNew: 38020K->4K(42752K), 0.0020087 secs] 281743K->243727K(427932K), 0.0020658 secs] [Times: user=0.01 sys=0.00, real=0.01 secs] 
2020-10-29T09:44:36.742+0000: [GC (Allocation Failure) 2020-10-29T09:44:36.742+0000: [ParNew: 38020K->4K(42752K), 0.0018937 secs] 281743K->243727K(427932K), 0.0019456 secs] [Times: user=0.01 sys=0.00, real=0.00 secs] 
2020-10-29T09:44:36.776+0000: [GC (Allocation Failure) 2020-10-29T09:44:36.776+0000: [ParNew: 38020K->4K(42752K), 0.0019108 secs] 281743K->243727K(427932K), 0.0019627 secs] [Times: user=0.01 sys=0.00, real=0.00 secs] 
2020-10-29T09:44:36.811+0000: [GC (Allocation Failure) 2020-10-29T09:44:36.811+0000: [ParNew: 38020K->4K(42752K), 0.0019179 secs] 281743K->243727K(427932K), 0.0019706 secs] [Times: user=0.00 sys=0.00, real=0.01 secs] 
2020-10-29T09:44:36.848+0000: [GC (Allocation Failure) 2020-10-29T09:44:36.848+0000: [ParNew: 38020K->4K(42752K), 0.0018853 secs] 281743K->243727K(427932K), 0.0019377 secs] [Times: user=0.00 sys=0.00, real=0.00 secs] 
2020-10-29T09:44:36.883+0000: [GC (Allocation Failure) 2020-10-29T09:44:36.883+0000: [ParNew: 38020K->4K(42752K), 0.0019382 secs] 281743K->243727K(427932K), 0.0019911 secs] [Times: user=0.00 sys=0.00, real=0.01 secs] 
2020-10-29T09:44:36.920+0000: [GC (Allocation Failure) 2020-10-29T09:44:36.920+0000: [ParNew: 38020K->4K(42752K), 0.0018780 secs] 281743K->243727K(427932K), 0.0019299 secs] [Times: user=0.01 sys=0.00, real=0.00 secs] 
2020-10-29T09:44:36.955+0000: [GC (Allocation Failure) 2020-10-29T09:44:36.955+0000: [ParNew: 38020K->4K(42752K), 0.0019270 secs] 281743K->243727K(427932K), 0.0019901 secs] [Times: user=0.00 sys=0.00, real=0.00 secs] 
2020-10-29T09:44:36.990+0000: [GC (Allocation Failure) 2020-10-29T09:44:36.990+0000: [ParNew: 38020K->4K(42752K), 0.0018857 secs] 281743K->243727K(427932K), 0.0019397 secs] [Times: user=0.00 sys=0.00, real=0.00 secs] 
2020-10-29T09:44:37.025+0000: [GC (Allocation Failure) 2020-10-29T09:44:37.025+0000: [ParNew: 38020K->4K(42752K), 0.0018771 secs] 281743K->243727K(427932K), 0.0019293 secs] [Times: user=0.00 sys=0.00, real=0.00 secs] 
2020-10-29T09:44:37.059+0000: [GC (Allocation Failure) 2020-10-29T09:44:37.059+0000: [ParNew: 38020K->4K(42752K), 0.0019381 secs] 281743K->243727K(427932K), 0.0019901 secs] [Times: user=0.00 sys=0.00, real=0.00 secs] 
2020-10-29T09:44:37.094+0000: [GC (Allocation Failure) 2020-10-29T09:44:37.094+0000: [ParNew: 38020K->4K(42752K), 0.0019000 secs] 281743K->243727K(427932K), 0.0019533 secs] [Times: user=0.01 sys=0.00, real=0.00 secs] 
2020-10-29T09:44:37.128+0000: [GC (Allocation Failure) 2020-10-29T09:44:37.128+0000: [ParNew: 38020K->4K(42752K), 0.0019352 secs] 281743K->243727K(427932K), 0.0019887 secs] [Times: user=0.01 sys=0.00, real=0.00 secs] 
2020-10-29T09:44:37.172+0000: [GC (Allocation Failure) 2020-10-29T09:44:37.173+0000: [ParNew: 38020K->108K(42752K), 0.0020501 secs] 281743K->243832K(427932K), 0.0021006 secs] [Times: user=0.01 sys=0.00, real=0.00 secs] 
2020-10-29T09:44:37.210+0000: [GC (Allocation Failure) 2020-10-29T09:44:37.210+0000: [ParNew: 38124K->44K(42752K), 0.0020910 secs] 281848K->243768K(427932K), 0.0021454 secs] [Times: user=0.01 sys=0.00, real=0.00 secs] 
2020-10-29T09:44:37.255+0000: [GC (Allocation Failure) 2020-10-29T09:44:37.255+0000: [ParNew: 38060K->52K(42752K), 0.0020705 secs] 281784K->243776K(427932K), 0.0021231 secs] [Times: user=0.00 sys=0.00, real=0.00 secs] 
2020-10-29T09:44:37.290+0000: [GC (Allocation Failure) 2020-10-29T09:44:37.290+0000: [ParNew: 38068K->43K(42752K), 0.0020834 secs] 281792K->243767K(427932K), 0.0021369 secs] [Times: user=0.00 sys=0.00, real=0.00 secs] 
2020-10-29T09:44:37.332+0000: [GC (Allocation Failure) 2020-10-29T09:44:37.332+0000: [ParNew: 38059K->61K(42752K), 0.0021207 secs] 281783K->243785K(427932K), 0.0021813 secs] [Times: user=0.00 sys=0.00, real=0.00 secs] 
2020-10-29T09:44:37.369+0000: [GC (Allocation Failure) 2020-10-29T09:44:37.369+0000: [ParNew: 38077K->42K(42752K), 0.0020540 secs] 281801K->243766K(427932K), 0.0021083 secs] [Times: user=0.00 sys=0.00, real=0.00 secs] 
2020-10-29T09:44:37.403+0000: [GC (Allocation Failure) 2020-10-29T09:44:37.403+0000: [ParNew: 38058K->33K(42752K), 0.0021246 secs] 281782K->243773K(427932K), 0.0021778 secs] [Times: user=0.00 sys=0.00, real=0.01 secs] 
2020-10-29T09:44:37.444+0000: [GC (Allocation Failure) 2020-10-29T09:44:37.444+0000: [ParNew: 38049K->24K(42752K), 0.0019970 secs] 281789K->243768K(427932K), 0.0020516 secs] [Times: user=0.00 sys=0.00, real=0.00 secs] 
2020-10-29T09:44:37.480+0000: [GC (Allocation Failure) 2020-10-29T09:44:37.480+0000: [ParNew: 38040K->19K(42752K), 0.0019954 secs] 281784K->243773K(427932K), 0.0020499 secs] [Times: user=0.01 sys=0.00, real=0.00 secs] 
2020-10-29T09:44:37.515+0000: [GC (Allocation Failure) 2020-10-29T09:44:37.515+0000: [ParNew: 38035K->9K(42752K), 0.0019550 secs] 281789K->243763K(427932K), 0.0020095 secs] [Times: user=0.00 sys=0.00, real=0.00 secs] 
2020-10-29T09:44:37.550+0000: [GC (Allocation Failure) 2020-10-29T09:44:37.550+0000: [ParNew: 38025K->7K(42752K), 0.0019396 secs] 281779K->243765K(427932K), 0.0019939 secs] [Times: user=0.01 sys=0.00, real=0.00 secs] 
2020-10-29T09:44:37.588+0000: [GC (Allocation Failure) 2020-10-29T09:44:37.588+0000: [ParNew: 38023K->4K(42752K), 0.0019689 secs] 281781K->243764K(427932K), 0.0020247 secs] [Times: user=0.00 sys=0.00, real=0.00 secs] 
2020-10-29T09:44:37.622+0000: [GC (Allocation Failure) 2020-10-29T09:44:37.622+0000: [ParNew: 38020K->4K(42752K), 0.0018947 secs] 281780K->243764K(427932K), 0.0019475 secs] [Times: user=0.00 sys=0.00, real=0.00 secs] 
2020-10-29T09:44:37.656+0000: [GC (Allocation Failure) 2020-10-29T09:44:37.656+0000: [ParNew: 38020K->4K(42752K), 0.0019120 secs] 281780K->243764K(427932K), 0.0019668 secs] [Times: user=0.01 sys=0.00, real=0.00 secs] 
2020-10-29T09:44:37.691+0000: [GC (Allocation Failure) 2020-10-29T09:44:37.691+0000: [ParNew: 38020K->4K(42752K), 0.0019616 secs] 281780K->243764K(427932K), 0.0020176 secs] [Times: user=0.01 sys=0.00, real=0.01 secs] 
2020-10-29T09:44:37.728+0000: [GC (Allocation Failure) 2020-10-29T09:44:37.728+0000: [ParNew: 38020K->4K(42752K), 0.0018863 secs] 281780K->243764K(427932K), 0.0019319 secs] [Times: user=0.01 sys=0.00, real=0.00 secs] 
2020-10-29T09:44:37.764+0000: [GC (Allocation Failure) 2020-10-29T09:44:37.764+0000: [ParNew: 38020K->4K(42752K), 0.0019066 secs] 281780K->243764K(427932K), 0.0019598 secs] [Times: user=0.00 sys=0.00, real=0.00 secs] 
2020-10-29T09:44:37.799+0000: [GC (Allocation Failure) 2020-10-29T09:44:37.799+0000: [ParNew: 38020K->4K(42752K), 0.0018976 secs] 281780K->243764K(427932K), 0.0019512 secs] [Times: user=0.01 sys=0.00, real=0.00 secs] 
2020-10-29T09:44:37.834+0000: [GC (Allocation Failure) 2020-10-29T09:44:37.834+0000: [ParNew: 38020K->4K(42752K), 0.0019015 secs] 281780K->243764K(427932K), 0.0019527 secs] [Times: user=0.00 sys=0.00, real=0.00 secs] 
2020-10-29T09:44:37.868+0000: [GC (Allocation Failure) 2020-10-29T09:44:37.868+0000: [ParNew: 38020K->4K(42752K), 0.0019018 secs] 281780K->243764K(427932K), 0.0019539 secs] [Times: user=0.00 sys=0.00, real=0.00 secs] 
2020-10-29T09:44:37.902+0000: [GC (Allocation Failure) 2020-10-29T09:44:37.902+0000: [ParNew: 38020K->4K(42752K), 0.0018875 secs] 281780K->243764K(427932K), 0.0019409 secs] [Times: user=0.01 sys=0.00, real=0.00 secs] 
2020-10-29T09:44:37.940+0000: [GC (Allocation Failure) 2020-10-29T09:44:37.940+0000: [ParNew: 38020K->4K(42752K), 0.0018980 secs] 281780K->243764K(427932K), 0.0019512 secs] [Times: user=0.00 sys=0.00, real=0.00 secs] 
2020-10-29T09:44:37.976+0000: [GC (Allocation Failure) 2020-10-29T09:44:37.976+0000: [ParNew: 38020K->4K(42752K), 0.0019175 secs] 281780K->243764K(427932K), 0.0019706 secs] [Times: user=0.00 sys=0.00, real=0.00 secs] 
2020-10-29T09:44:38.012+0000: [GC (Allocation Failure) 2020-10-29T09:44:38.013+0000: [ParNew: 38020K->4K(42752K), 0.0018890 secs] 281780K->243764K(427932K), 0.0019416 secs] [Times: user=0.00 sys=0.00, real=0.00 secs] 
2020-10-29T09:44:38.047+0000: [GC (Allocation Failure) 2020-10-29T09:44:38.047+0000: [ParNew: 38020K->4K(42752K), 0.0019172 secs] 281780K->243764K(427932K), 0.0019713 secs] [Times: user=0.01 sys=0.00, real=0.00 secs] 
2020-10-29T09:44:38.076+0000: [GC (Allocation Failure) 2020-10-29T09:44:38.076+0000: [ParNew: 31045K->4K(42752K), 0.0019130 secs] 274806K->243764K(427932K), 0.0019656 secs] [Times: user=0.01 sys=0.00, real=0.00 secs] 
2020-10-29T09:44:38.099+0000: [GC (Allocation Failure) 2020-10-29T09:44:38.099+0000: [ParNew: 38020K->4K(42752K), 0.0134274 secs] 281780K->260148K(427932K), 0.0134825 secs] [Times: user=0.02 sys=0.01, real=0.02 secs] 
2020-10-29T09:44:38.120+0000: [GC (CMS Initial Mark) [1 CMS-initial-mark: 260144K(385180K)] 265790K(427932K), 0.0041170 secs] [Times: user=0.00 sys=0.00, real=0.00 secs] 
2020-10-29T09:44:38.124+0000: [CMS-concurrent-mark-start]
2020-10-29T09:44:38.168+0000: [CMS-concurrent-mark: 0.044/0.044 secs] [Times: user=0.09 sys=0.00, real=0.05 secs] 
2020-10-29T09:44:38.168+0000: [CMS-concurrent-preclean-start]
2020-10-29T09:44:38.170+0000: [CMS-concurrent-preclean: 0.002/0.002 secs] [Times: user=0.00 sys=0.00, real=0.00 secs] 
2020-10-29T09:44:38.170+0000: [CMS-concurrent-abortable-preclean-start]
2020-10-29T09:44:38.173+0000: [GC (Allocation Failure) 2020-10-29T09:44:38.173+0000: [ParNew: 38020K->4K(42752K), 0.0014976 secs] 298164K->260148K(427932K), 0.0015356 secs] [Times: user=0.00 sys=0.00, real=0.00 secs] 
2020-10-29T09:44:38.200+0000: [GC (Allocation Failure) 2020-10-29T09:44:38.200+0000: [ParNew: 38020K->4K(42752K), 0.0131883 secs] 298164K->276532K(427932K), 0.0132547 secs] [Times: user=0.01 sys=0.01, real=0.02 secs] 
2020-10-29T09:44:38.248+0000: [GC (Allocation Failure) 2020-10-29T09:44:38.249+0000: [ParNew: 38020K->4K(42752K), 0.0019139 secs] 314548K->276532K(427932K), 0.0019690 secs] [Times: user=0.01 sys=0.00, real=0.00 secs] 
2020-10-29T09:44:38.284+0000: [GC (Allocation Failure) 2020-10-29T09:44:38.284+0000: [ParNew: 38020K->4K(42752K), 0.0018970 secs] 314548K->276532K(427932K), 0.0019504 secs] [Times: user=0.01 sys=0.00, real=0.00 secs] 
2020-10-29T09:44:38.320+0000: [GC (Allocation Failure) 2020-10-29T09:44:38.321+0000: [ParNew: 38020K->4K(42752K), 0.0018854 secs] 314548K->276532K(427932K), 0.0019380 secs] [Times: user=0.00 sys=0.00, real=0.00 secs] 
2020-10-29T09:44:38.356+0000: [GC (Allocation Failure) 2020-10-29T09:44:38.357+0000: [ParNew: 38020K->4K(42752K), 0.0018949 secs] 314548K->276532K(427932K), 0.0019488 secs] [Times: user=0.00 sys=0.01, real=0.00 secs] 
2020-10-29T09:44:38.399+0000: [GC (Allocation Failure) 2020-10-29T09:44:38.399+0000: [ParNew: 38020K->4K(42752K), 0.0019695 secs] 314548K->276532K(427932K), 0.0020219 secs] [Times: user=0.01 sys=0.00, real=0.00 secs] 
2020-10-29T09:44:38.434+0000: [GC (Allocation Failure) 2020-10-29T09:44:38.434+0000: [ParNew: 38020K->4K(42752K), 0.0019166 secs] 314548K->276532K(427932K), 0.0019702 secs] [Times: user=0.01 sys=0.00, real=0.00 secs] 
2020-10-29T09:44:38.472+0000: [GC (Allocation Failure) 2020-10-29T09:44:38.472+0000: [ParNew: 38020K->4K(42752K), 0.0018936 secs] 314548K->276532K(427932K), 0.0019475 secs] [Times: user=0.01 sys=0.00, real=0.00 secs] 
2020-10-29T09:44:38.508+0000: [GC (Allocation Failure) 2020-10-29T09:44:38.509+0000: [ParNew: 38020K->4K(42752K), 0.0019034 secs] 314548K->276532K(427932K), 0.0019581 secs] [Times: user=0.01 sys=0.00, real=0.00 secs] 
2020-10-29T09:44:38.544+0000: [GC (Allocation Failure) 2020-10-29T09:44:38.544+0000: [ParNew: 38020K->4K(42752K), 0.0019295 secs] 314548K->276532K(427932K), 0.0019833 secs] [Times: user=0.00 sys=0.00, real=0.01 secs] 
2020-10-29T09:44:38.579+0000: [GC (Allocation Failure) 2020-10-29T09:44:38.579+0000: [ParNew: 38020K->4K(42752K), 0.0019134 secs] 314548K->276533K(427932K), 0.0019687 secs] [Times: user=0.00 sys=0.00, real=0.00 secs] 
2020-10-29T09:44:38.616+0000: [GC (Allocation Failure) 2020-10-29T09:44:38.617+0000: [ParNew: 38020K->4K(42752K), 0.0018967 secs] 314549K->276533K(427932K), 0.0019515 secs] [Times: user=0.01 sys=0.00, real=0.00 secs] 
2020-10-29T09:44:38.652+0000: [GC (Allocation Failure) 2020-10-29T09:44:38.653+0000: [ParNew: 38020K->4K(42752K), 0.0018835 secs] 314549K->276533K(427932K), 0.0019376 secs] [Times: user=0.00 sys=0.00, real=0.00 secs] 
2020-10-29T09:44:38.688+0000: [GC (Allocation Failure) 2020-10-29T09:44:38.688+0000: [ParNew: 38020K->4K(42752K), 0.0018977 secs] 314549K->276533K(427932K), 0.0019515 secs] [Times: user=0.01 sys=0.00, real=0.00 secs] 
2020-10-29T09:44:38.723+0000: [GC (Allocation Failure) 2020-10-29T09:44:38.723+0000: [ParNew: 38020K->4K(42752K), 0.0019107 secs] 314549K->276533K(427932K), 0.0019950 secs] [Times: user=0.01 sys=0.00, real=0.01 secs] 
2020-10-29T09:44:38.760+0000: [GC (Allocation Failure) 2020-10-29T09:44:38.761+0000: [ParNew: 38020K->4K(42752K), 0.0018794 secs] 314549K->276533K(427932K), 0.0019323 secs] [Times: user=0.01 sys=0.00, real=0.00 secs] 
2020-10-29T09:44:38.795+0000: [GC (Allocation Failure) 2020-10-29T09:44:38.795+0000: [ParNew: 38020K->4K(42752K), 0.0019409 secs] 314549K->276533K(427932K), 0.0019946 secs] [Times: user=0.01 sys=0.00, real=0.00 secs] 
2020-10-29T09:44:38.832+0000: [GC (Allocation Failure) 2020-10-29T09:44:38.833+0000: [ParNew: 38020K->4K(42752K), 0.0018900 secs] 314549K->276533K(427932K), 0.0019421 secs] [Times: user=0.01 sys=0.00, real=0.00 secs] 
2020-10-29T09:44:38.868+0000: [GC (Allocation Failure) 2020-10-29T09:44:38.869+0000: [ParNew: 38020K->4K(42752K), 0.0019027 secs] 314549K->276533K(427932K), 0.0019572 secs] [Times: user=0.01 sys=0.00, real=0.00 secs] 
2020-10-29T09:44:38.903+0000: [GC (Allocation Failure) 2020-10-29T09:44:38.904+0000: [ParNew: 38020K->4K(42752K), 0.0019506 secs] 314549K->276533K(427932K), 0.0020040 secs] [Times: user=0.01 sys=0.00, real=0.01 secs] 
2020-10-29T09:44:38.939+0000: [GC (Allocation Failure) 2020-10-29T09:44:38.939+0000: [ParNew: 38020K->4K(42752K), 0.0019627 secs] 314549K->276533K(427932K), 0.0020192 secs] [Times: user=0.01 sys=0.00, real=0.00 secs] 
2020-10-29T09:44:38.974+0000: [GC (Allocation Failure) 2020-10-29T09:44:38.974+0000: [ParNew: 38020K->4K(42752K), 0.0019354 secs] 314549K->276533K(427932K), 0.0019883 secs] [Times: user=0.01 sys=0.00, real=0.00 secs] 
2020-10-29T09:44:39.010+0000: [GC (Allocation Failure) 2020-10-29T09:44:39.010+0000: [ParNew: 38020K->4K(42752K), 0.0018949 secs] 314549K->276533K(427932K), 0.0019475 secs] [Times: user=0.00 sys=0.00, real=0.00 secs] 
2020-10-29T09:44:39.048+0000: [GC (Allocation Failure) 2020-10-29T09:44:39.048+0000: [ParNew: 38020K->4K(42752K), 0.0018882 secs] 314549K->276533K(427932K), 0.0019423 secs] [Times: user=0.00 sys=0.00, real=0.00 secs] 
2020-10-29T09:44:39.084+0000: [GC (Allocation Failure) 2020-10-29T09:44:39.084+0000: [ParNew: 38020K->4K(42752K), 0.0019057 secs] 314549K->276533K(427932K), 0.0019597 secs] [Times: user=0.00 sys=0.00, real=0.01 secs] 
2020-10-29T09:44:39.120+0000: [GC (Allocation Failure) 2020-10-29T09:44:39.121+0000: [ParNew: 38020K->4K(42752K), 0.0019120 secs] 314549K->276533K(427932K), 0.0019644 secs] [Times: user=0.00 sys=0.00, real=0.00 secs] 
2020-10-29T09:44:39.164+0000: [GC (Allocation Failure) 2020-10-29T09:44:39.164+0000: [ParNew: 38020K->4K(42752K), 0.0019003 secs] 314549K->276533K(427932K), 0.0019539 secs] [Times: user=0.01 sys=0.00, real=0.01 secs] 
2020-10-29T09:44:39.200+0000: [GC (Allocation Failure) 2020-10-29T09:44:39.200+0000: [ParNew: 38020K->4K(42752K), 0.0018918 secs] 314549K->276533K(427932K), 0.0019456 secs] [Times: user=0.01 sys=0.00, real=0.00 secs] 
2020-10-29T09:44:39.235+0000: [GC (Allocation Failure) 2020-10-29T09:44:39.235+0000: [ParNew: 38020K->4K(42752K), 0.0019030 secs] 314549K->276533K(427932K), 0.0019565 secs] [Times: user=0.00 sys=0.00, real=0.00 secs] 
2020-10-29T09:44:39.270+0000: [GC (Allocation Failure) 2020-10-29T09:44:39.270+0000: [ParNew: 38020K->4K(42752K), 0.0018808 secs] 314549K->276533K(427932K), 0.0019349 secs] [Times: user=0.01 sys=0.00, real=0.00 secs] 
2020-10-29T09:44:39.305+0000: [GC (Allocation Failure) 2020-10-29T09:44:39.305+0000: [ParNew: 38020K->4K(42752K), 0.0019221 secs] 314549K->276533K(427932K), 0.0019760 secs] [Times: user=0.01 sys=0.00, real=0.00 secs] 
2020-10-29T09:44:39.340+0000: [GC (Allocation Failure) 2020-10-29T09:44:39.340+0000: [ParNew: 38020K->4K(42752K), 0.0019128 secs] 314549K->276533K(427932K), 0.0019651 secs] [Times: user=0.01 sys=0.00, real=0.00 secs] 
2020-10-29T09:44:39.375+0000: [GC (Allocation Failure) 2020-10-29T09:44:39.375+0000: [ParNew: 38020K->4K(42752K), 0.0019042 secs] 314549K->276533K(427932K), 0.0019576 secs] [Times: user=0.00 sys=0.00, real=0.00 secs] 
2020-10-29T09:44:39.412+0000: [GC (Allocation Failure) 2020-10-29T09:44:39.413+0000: [ParNew: 38020K->4K(42752K), 0.0018775 secs] 314549K->276533K(427932K), 0.0019311 secs] [Times: user=0.00 sys=0.00, real=0.00 secs] 
2020-10-29T09:44:39.448+0000: [GC (Allocation Failure) 2020-10-29T09:44:39.448+0000: [ParNew: 38020K->4K(42752K), 0.0019459 secs] 314549K->276533K(427932K), 0.0019999 secs] [Times: user=0.00 sys=0.00, real=0.00 secs] 
2020-10-29T09:44:39.483+0000: [GC (Allocation Failure) 2020-10-29T09:44:39.483+0000: [ParNew: 38020K->4K(42752K), 0.0018922 secs] 314549K->276533K(427932K), 0.0019462 secs] [Times: user=0.00 sys=0.00, real=0.01 secs] 
2020-10-29T09:44:39.517+0000: [GC (Allocation Failure) 2020-10-29T09:44:39.517+0000: [ParNew: 38020K->4K(42752K), 0.0018634 secs] 314549K->276533K(427932K), 0.0019168 secs] [Times: user=0.00 sys=0.00, real=0.00 secs] 
2020-10-29T09:44:39.554+0000: [GC (Allocation Failure) 2020-10-29T09:44:39.554+0000: [ParNew: 38020K->12K(42752K), 0.0019031 secs] 314549K->276541K(427932K), 0.0019548 secs] [Times: user=0.01 sys=0.00, real=0.00 secs] 
2020-10-29T09:44:39.593+0000: [GC (Allocation Failure) 2020-10-29T09:44:39.593+0000: [ParNew: 38028K->484K(42752K), 0.0134923 secs] 314557K->293397K(427932K), 0.0135496 secs] [Times: user=0.02 sys=0.01, real=0.01 secs] 
2020-10-29T09:44:39.640+0000: [GC (Allocation Failure) 2020-10-29T09:44:39.640+0000: [ParNew: 38500K->348K(42752K), 0.0139999 secs] 331413K->301453K(427932K), 0.0140637 secs] [Times: user=0.02 sys=0.01, real=0.02 secs] 
2020-10-29T09:44:39.688+0000: [GC (Allocation Failure) 2020-10-29T09:44:39.689+0000: [ParNew: 38364K->388K(42752K), 0.0022530 secs] 339469K->301493K(427932K), 0.0023075 secs] [Times: user=0.00 sys=0.00, real=0.00 secs] 
2020-10-29T09:44:39.725+0000: [GC (Allocation Failure) 2020-10-29T09:44:39.725+0000: [ParNew: 38404K->388K(42752K), 0.0022279 secs] 339509K->301494K(427932K), 0.0022820 secs] [Times: user=0.01 sys=0.00, real=0.00 secs] 
2020-10-29T09:44:39.764+0000: [GC (Allocation Failure) 2020-10-29T09:44:39.765+0000: [ParNew: 38404K->413K(42752K), 0.0022519 secs] 339510K->301518K(427932K), 0.0023064 secs] [Times: user=0.00 sys=0.00, real=0.00 secs] 
2020-10-29T09:44:39.804+0000: [GC (Allocation Failure) 2020-10-29T09:44:39.805+0000: [ParNew: 38429K->419K(42752K), 0.0022546 secs] 339534K->301527K(427932K), 0.0023092 secs] [Times: user=0.01 sys=0.00, real=0.00 secs] 
2020-10-29T09:44:39.842+0000: [GC (Allocation Failure) 2020-10-29T09:44:39.842+0000: [ParNew: 38435K->278K(42752K), 0.0026838 secs] 339543K->301643K(427932K), 0.0027362 secs] [Times: user=0.00 sys=0.00, real=0.00 secs] 
2020-10-29T09:44:39.878+0000: [GC (Allocation Failure) 2020-10-29T09:44:39.878+0000: [ParNew: 38294K->73K(42752K), 0.0020675 secs] 339659K->301458K(427932K), 0.0021230 secs] [Times: user=0.00 sys=0.00, real=0.00 secs] 
2020-10-29T09:44:39.916+0000: [GC (Allocation Failure) 2020-10-29T09:44:39.917+0000: [ParNew: 38089K->18K(42752K), 0.0018774 secs] 339474K->301404K(427932K), 0.0019321 secs] [Times: user=0.01 sys=0.00, real=0.00 secs] 
2020-10-29T09:44:39.952+0000: [GC (Allocation Failure) 2020-10-29T09:44:39.953+0000: [ParNew: 38034K->2K(42752K), 0.0030848 secs] 339420K->301387K(427932K), 0.0031654 secs] [Times: user=0.00 sys=0.00, real=0.00 secs] 
2020-10-29T09:44:39.992+0000: [GC (Allocation Failure) 2020-10-29T09:44:39.993+0000: [ParNew: 38018K->4K(42752K), 0.0019076 secs] 339403K->301389K(427932K), 0.0019633 secs] [Times: user=0.01 sys=0.00, real=0.00 secs] 
2020-10-29T09:44:40.023+0000: [GC (Allocation Failure) 2020-10-29T09:44:40.023+0000: [ParNew: 38020K->4K(42752K), 0.0076436 secs] 339405K->309581K(427932K), 0.0077048 secs] [Times: user=0.01 sys=0.01, real=0.01 secs] 
2020-10-29T09:44:40.064+0000: [GC (Allocation Failure) 2020-10-29T09:44:40.064+0000: [ParNew: 38020K->4K(42752K), 0.0019205 secs] 347597K->309581K(427932K), 0.0019748 secs] [Times: user=0.01 sys=0.00, real=0.01 secs] 
2020-10-29T09:44:40.100+0000: [GC (Allocation Failure) 2020-10-29T09:44:40.100+0000: [ParNew: 38020K->4K(42752K), 0.0019304 secs] 347597K->309581K(427932K), 0.0019846 secs] [Times: user=0.00 sys=0.00, real=0.00 secs] 
2020-10-29T09:44:40.135+0000: [GC (Allocation Failure) 2020-10-29T09:44:40.135+0000: [ParNew: 38020K->4K(42752K), 0.0018971 secs] 347597K->309581K(427932K), 0.0019509 secs] [Times: user=0.01 sys=0.00, real=0.00 secs] 
2020-10-29T09:44:40.171+0000: [GC (Allocation Failure) 2020-10-29T09:44:40.171+0000: [ParNew: 38020K->4K(42752K), 0.0019220 secs] 347597K->309581K(427932K), 0.0019757 secs] [Times: user=0.01 sys=0.00, real=0.01 secs] 
2020-10-29T09:44:40.206+0000: [GC (Allocation Failure) 2020-10-29T09:44:40.206+0000: [ParNew: 38020K->4K(42752K), 0.0018764 secs] 347597K->309581K(427932K), 0.0019305 secs] [Times: user=0.00 sys=0.00, real=0.00 secs] 
2020-10-29T09:44:40.241+0000: [GC (Allocation Failure) 2020-10-29T09:44:40.241+0000: [ParNew: 38020K->4K(42752K), 0.0019106 secs] 347597K->309581K(427932K), 0.0019632 secs] [Times: user=0.00 sys=0.00, real=0.00 secs] 
2020-10-29T09:44:40.280+0000: [GC (Allocation Failure) 2020-10-29T09:44:40.281+0000: [ParNew: 38020K->4K(42752K), 0.0018697 secs] 347597K->309581K(427932K), 0.0019227 secs] [Times: user=0.01 sys=0.00, real=0.00 secs] 
2020-10-29T09:44:40.316+0000: [GC (Allocation Failure) 2020-10-29T09:44:40.316+0000: [ParNew: 38020K->4K(42752K), 0.0018853 secs] 347597K->309581K(427932K), 0.0019396 secs] [Times: user=0.00 sys=0.00, real=0.00 secs] 
2020-10-29T09:44:40.351+0000: [GC (Allocation Failure) 2020-10-29T09:44:40.351+0000: [ParNew: 38020K->4K(42752K), 0.0018971 secs] 347597K->309581K(427932K), 0.0019524 secs] [Times: user=0.01 sys=0.00, real=0.01 secs] 
2020-10-29T09:44:40.387+0000: [GC (Allocation Failure) 2020-10-29T09:44:40.387+0000: [ParNew: 38020K->4K(42752K), 0.0018828 secs] 347597K->309581K(427932K), 0.0019366 secs] [Times: user=0.00 sys=0.00, real=0.00 secs] 
2020-10-29T09:44:40.422+0000: [GC (Allocation Failure) 2020-10-29T09:44:40.422+0000: [ParNew: 38020K->4K(42752K), 0.0019173 secs] 347597K->309581K(427932K), 0.0019720 secs] [Times: user=0.00 sys=0.00, real=0.00 secs] 
2020-10-29T09:44:40.457+0000: [GC (Allocation Failure) 2020-10-29T09:44:40.457+0000: [ParNew: 38020K->4K(42752K), 0.0018856 secs] 347597K->309581K(427932K), 0.0019392 secs] [Times: user=0.00 sys=0.00, real=0.00 secs] 
2020-10-29T09:44:40.496+0000: [GC (Allocation Failure) 2020-10-29T09:44:40.496+0000: [ParNew: 38020K->4K(42752K), 0.0018916 secs] 347597K->309581K(427932K), 0.0019458 secs] [Times: user=0.00 sys=0.00, real=0.00 secs] 
2020-10-29T09:44:40.525+0000: [GC (Allocation Failure) 2020-10-29T09:44:40.526+0000: [ParNew: 38020K->4K(42752K), 0.0075690 secs] 347597K->317773K(427932K), 0.0076229 secs] [Times: user=0.01 sys=0.01, real=0.01 secs] 
2020-10-29T09:44:40.567+0000: [GC (Allocation Failure) 2020-10-29T09:44:40.567+0000: [ParNew: 38020K->4K(42752K), 0.0019143 secs] 355789K->317773K(427932K), 0.0019779 secs] [Times: user=0.01 sys=0.00, real=0.00 secs] 
2020-10-29T09:44:40.604+0000: [GC (Allocation Failure) 2020-10-29T09:44:40.605+0000: [ParNew: 38020K->4K(42752K), 0.0019107 secs] 355789K->317773K(427932K), 0.0019647 secs] [Times: user=0.00 sys=0.00, real=0.00 secs] 
2020-10-29T09:44:40.640+0000: [GC (Allocation Failure) 2020-10-29T09:44:40.641+0000: [ParNew: 38020K->4K(42752K), 0.0018804 secs] 355789K->317773K(427932K), 0.0019339 secs] [Times: user=0.00 sys=0.00, real=0.00 secs] 
2020-10-29T09:44:40.676+0000: [GC (Allocation Failure) 2020-10-29T09:44:40.676+0000: [ParNew: 38020K->4K(42752K), 0.0019241 secs] 355789K->317773K(427932K), 0.0019779 secs] [Times: user=0.00 sys=0.00, real=0.00 secs] 
2020-10-29T09:44:40.711+0000: [GC (Allocation Failure) 2020-10-29T09:44:40.711+0000: [ParNew: 38020K->4K(42752K), 0.0018843 secs] 355789K->317773K(427932K), 0.0019385 secs] [Times: user=0.00 sys=0.00, real=0.01 secs] 
2020-10-29T09:44:40.748+0000: [GC (Allocation Failure) 2020-10-29T09:44:40.748+0000: [ParNew: 38020K->4K(42752K), 0.0019261 secs] 355789K->317773K(427932K), 0.0019810 secs] [Times: user=0.00 sys=0.00, real=0.00 secs] 
2020-10-29T09:44:40.784+0000: [GC (Allocation Failure) 2020-10-29T09:44:40.785+0000: [ParNew: 38020K->4K(42752K), 0.0018676 secs] 355789K->317773K(427932K), 0.0019219 secs] [Times: user=0.01 sys=0.00, real=0.00 secs] 
2020-10-29T09:44:40.814+0000: [GC (Allocation Failure) 2020-10-29T09:44:40.814+0000: [ParNew: 38020K->4K(42752K), 0.0073837 secs] 355789K->325965K(427932K), 0.0074566 secs] [Times: user=0.01 sys=0.00, real=0.00 secs] 
2020-10-29T09:44:40.855+0000: [GC (Allocation Failure) 2020-10-29T09:44:40.855+0000: [ParNew: 38020K->4K(42752K), 0.0019172 secs] 363981K->325965K(427932K), 0.0019713 secs] [Times: user=0.00 sys=0.00, real=0.00 secs] 
2020-10-29T09:44:40.891+0000: [GC (Allocation Failure) 2020-10-29T09:44:40.891+0000: [ParNew: 38020K->4K(42752K), 0.0018907 secs] 363981K->325965K(427932K), 0.0019638 secs] [Times: user=0.00 sys=0.00, real=0.01 secs] 
2020-10-29T09:44:40.930+0000: [GC (Allocation Failure) 2020-10-29T09:44:40.930+0000: [ParNew: 38020K->4K(42752K), 0.0018468 secs] 363981K->325965K(427932K), 0.0018999 secs] [Times: user=0.00 sys=0.00, real=0.00 secs] 
2020-10-29T09:44:40.968+0000: [GC (Allocation Failure) 2020-10-29T09:44:40.969+0000: [ParNew: 38020K->4K(42752K), 0.0018968 secs] 363981K->325965K(427932K), 0.0019482 secs] [Times: user=0.00 sys=0.00, real=0.00 secs] 
2020-10-29T09:44:40.999+0000: [GC (Allocation Failure) 2020-10-29T09:44:40.999+0000: [ParNew: 38020K->4K(42752K), 0.0083168 secs] 363981K->334157K(427932K), 0.0083846 secs] [Times: user=0.02 sys=0.00, real=0.01 secs] 
2020-10-29T09:44:41.044+0000: [GC (Allocation Failure) 2020-10-29T09:44:41.045+0000: [ParNew: 38020K->4K(42752K), 0.0018788 secs] 372173K->334157K(427932K), 0.0019330 secs] [Times: user=0.00 sys=0.00, real=0.00 secs] 
2020-10-29T09:44:41.080+0000: [GC (Allocation Failure) 2020-10-29T09:44:41.080+0000: [ParNew: 38020K->4K(42752K), 0.0018659 secs] 372173K->334157K(427932K), 0.0019380 secs] [Times: user=0.00 sys=0.00, real=0.00 secs] 
2020-10-29T09:44:41.115+0000: [GC (Allocation Failure) 2020-10-29T09:44:41.115+0000: [ParNew: 38020K->4K(42752K), 0.0019100 secs] 372173K->334157K(427932K), 0.0019654 secs] [Times: user=0.00 sys=0.00, real=0.00 secs] 
2020-10-29T09:44:41.152+0000: [GC (Allocation Failure) 2020-10-29T09:44:41.152+0000: [ParNew: 38020K->4K(42752K), 0.0018969 secs] 372173K->334157K(427932K), 0.0019511 secs] [Times: user=0.01 sys=0.00, real=0.00 secs] 
2020-10-29T09:44:41.192+0000: [GC (Allocation Failure) 2020-10-29T09:44:41.192+0000: [ParNew: 38020K->4K(42752K), 0.0018710 secs] 372173K->334157K(427932K), 0.0019249 secs] [Times: user=0.00 sys=0.00, real=0.00 secs] 
2020-10-29T09:44:41.229+0000: [GC (Allocation Failure) 2020-10-29T09:44:41.229+0000: [ParNew: 38020K->4K(42752K), 0.0019133 secs] 372173K->334157K(427932K), 0.0019716 secs] [Times: user=0.00 sys=0.00, real=0.00 secs] 
2020-10-29T09:44:41.265+0000: [GC (Allocation Failure) 2020-10-29T09:44:41.265+0000: [ParNew: 38020K->4K(42752K), 0.0018648 secs] 372173K->334157K(427932K), 0.0019188 secs] [Times: user=0.00 sys=0.00, real=0.00 secs] 
2020-10-29T09:44:41.304+0000: [GC (Allocation Failure) 2020-10-29T09:44:41.304+0000: [ParNew: 38020K->4K(42752K), 0.0018944 secs] 372173K->334157K(427932K), 0.0019488 secs] [Times: user=0.00 sys=0.00, real=0.00 secs] 
2020-10-29T09:44:41.340+0000: [GC (Allocation Failure) 2020-10-29T09:44:41.341+0000: [ParNew: 38020K->4K(42752K), 0.0018998 secs] 372173K->334157K(427932K), 0.0019757 secs] [Times: user=0.01 sys=0.00, real=0.00 secs] 
2020-10-29T09:44:41.378+0000: [GC (Allocation Failure) 2020-10-29T09:44:41.378+0000: [ParNew: 38020K->4K(42752K), 0.0018553 secs] 372173K->334157K(427932K), 0.0019094 secs] [Times: user=0.00 sys=0.00, real=0.00 secs] 
2020-10-29T09:44:41.416+0000: [GC (Allocation Failure) 2020-10-29T09:44:41.416+0000: [ParNew: 38020K->4K(42752K), 0.0018598 secs] 372173K->334157K(427932K), 0.0019132 secs] [Times: user=0.00 sys=0.00, real=0.00 secs] 
2020-10-29T09:44:41.454+0000: [GC (Allocation Failure) 2020-10-29T09:44:41.454+0000: [ParNew: 38020K->4K(42752K), 0.0018873 secs] 372173K->334157K(427932K), 0.0019436 secs] [Times: user=0.00 sys=0.00, real=0.00 secs] 
2020-10-29T09:44:41.490+0000: [GC (Allocation Failure) 2020-10-29T09:44:41.490+0000: [ParNew: 38020K->4K(42752K), 0.0018701 secs] 372173K->334157K(427932K), 0.0019244 secs] [Times: user=0.00 sys=0.00, real=0.00 secs] 
2020-10-29T09:44:41.525+0000: [GC (Allocation Failure) 2020-10-29T09:44:41.525+0000: [ParNew: 38020K->4K(42752K), 0.0018656 secs] 372173K->334157K(427932K), 0.0019202 secs] [Times: user=0.00 sys=0.00, real=0.00 secs] 
2020-10-29T09:44:41.560+0000: [GC (Allocation Failure) 2020-10-29T09:44:41.560+0000: [ParNew: 38020K->4K(42752K), 0.0018943 secs] 372173K->334157K(427932K), 0.0019497 secs] [Times: user=0.00 sys=0.00, real=0.00 secs] 
2020-10-29T09:44:41.589+0000: [GC (Allocation Failure) 2020-10-29T09:44:41.589+0000: [ParNew: 38020K->4K(42752K), 0.0075079 secs] 372173K->342349K(427932K), 0.0075633 secs] [Times: user=0.01 sys=0.00, real=0.01 secs] 
2020-10-29T09:44:41.636+0000: [GC (Allocation Failure) 2020-10-29T09:44:41.637+0000: [ParNew: 38020K->4K(42752K), 0.0018883 secs] 380365K->342349K(427932K), 0.0019436 secs] [Times: user=0.00 sys=0.00, real=0.00 secs] 
2020-10-29T09:44:41.672+0000: [GC (Allocation Failure) 2020-10-29T09:44:41.673+0000: [ParNew: 38020K->4K(42752K), 0.0018804 secs] 380365K->342350K(427932K), 0.0019345 secs] [Times: user=0.00 sys=0.00, real=0.00 secs] 
2020-10-29T09:44:41.712+0000: [GC (Allocation Failure) 2020-10-29T09:44:41.712+0000: [ParNew: 38020K->4K(42752K), 0.0019040 secs] 380366K->342350K(427932K), 0.0019587 secs] [Times: user=0.01 sys=0.00, real=0.01 secs] 
2020-10-29T09:44:41.748+0000: [GC (Allocation Failure) 2020-10-29T09:44:41.749+0000: [ParNew: 38020K->4K(42752K), 0.0018903 secs] 380366K->342350K(427932K), 0.0019456 secs] [Times: user=0.00 sys=0.00, real=0.00 secs] 
2020-10-29T09:44:41.780+0000: [GC (Allocation Failure) 2020-10-29T09:44:41.781+0000: [ParNew: 38020K->4K(42752K), 0.0074065 secs] 380366K->350542K(427932K), 0.0074641 secs] [Times: user=0.01 sys=0.00, real=0.01 secs] 
2020-10-29T09:44:41.821+0000: [GC (Allocation Failure) 2020-10-29T09:44:41.822+0000: [ParNew: 38020K->4K(42752K), 0.0018556 secs] 388558K->350542K(427932K), 0.0019098 secs] [Times: user=0.00 sys=0.00, real=0.00 secs] 
2020-10-29T09:44:41.857+0000: [GC (Allocation Failure) 2020-10-29T09:44:41.857+0000: [ParNew: 38020K->4K(42752K), 0.0018965 secs] 388558K->350542K(427932K), 0.0019512 secs] [Times: user=0.00 sys=0.00, real=0.00 secs] 
2020-10-29T09:44:41.892+0000: [GC (Allocation Failure) 2020-10-29T09:44:41.892+0000: [ParNew: 38020K->4K(42752K), 0.0018997 secs] 388558K->350542K(427932K), 0.0019544 secs] [Times: user=0.00 sys=0.00, real=0.01 secs] 
2020-10-29T09:44:41.927+0000: [GC (Allocation Failure) 2020-10-29T09:44:41.927+0000: [ParNew: 38020K->4K(42752K), 0.0019774 secs] 388558K->350542K(427932K), 0.0020328 secs] [Times: user=0.00 sys=0.00, real=0.00 secs] 
2020-10-29T09:44:41.962+0000: [GC (Allocation Failure) 2020-10-29T09:44:41.962+0000: [ParNew: 38020K->4K(42752K), 0.0019009 secs] 388558K->350542K(427932K), 0.0019734 secs] [Times: user=0.01 sys=0.00, real=0.00 secs] 
2020-10-29T09:44:42.000+0000: [GC (Allocation Failure) 2020-10-29T09:44:42.000+0000: [ParNew: 38020K->4K(42752K), 0.0018690 secs] 388558K->350542K(427932K), 0.0019241 secs] [Times: user=0.01 sys=0.00, real=0.00 secs] 
2020-10-29T09:44:42.037+0000: [GC (Allocation Failure) 2020-10-29T09:44:42.037+0000: [ParNew: 38020K->4K(42752K), 0.0018615 secs] 388558K->350542K(427932K), 0.0019163 secs] [Times: user=0.00 sys=0.00, real=0.00 secs] 
2020-10-29T09:44:42.076+0000: [GC (Allocation Failure) 2020-10-29T09:44:42.077+0000: [ParNew: 38020K->4K(42752K), 0.0018661 secs] 388558K->350542K(427932K), 0.0019191 secs] [Times: user=0.01 sys=0.00, real=0.00 secs] 
2020-10-29T09:44:42.112+0000: [GC (Allocation Failure) 2020-10-29T09:44:42.112+0000: [ParNew: 38020K->4K(42752K), 0.0018795 secs] 388558K->350542K(427932K), 0.0019336 secs] [Times: user=0.01 sys=0.00, real=0.01 secs] 
2020-10-29T09:44:42.148+0000: [GC (Allocation Failure) 2020-10-29T09:44:42.149+0000: [ParNew: 38020K->4K(42752K), 0.0018689 secs] 388558K->350542K(427932K), 0.0019247 secs] [Times: user=0.00 sys=0.00, real=0.00 secs] 
2020-10-29T09:44:42.188+0000: [GC (Allocation Failure) 2020-10-29T09:44:42.188+0000: [ParNew: 38020K->4K(42752K), 0.0018909 secs] 388558K->350542K(427932K), 0.0019452 secs] [Times: user=0.00 sys=0.00, real=0.00 secs] 
2020-10-29T09:44:42.223+0000: [GC (Allocation Failure) 2020-10-29T09:44:42.223+0000: [ParNew: 38020K->4K(42752K), 0.0018756 secs] 388558K->350542K(427932K), 0.0019304 secs] [Times: user=0.00 sys=0.00, real=0.01 secs] 
2020-10-29T09:44:42.260+0000: [GC (Allocation Failure) 2020-10-29T09:44:42.261+0000: [ParNew: 38020K->4K(42752K), 0.0018779 secs] 388558K->350542K(427932K), 0.0019330 secs] [Times: user=0.01 sys=0.00, real=0.00 secs] 
2020-10-29T09:44:42.292+0000: [GC (Allocation Failure) 2020-10-29T09:44:42.292+0000: [ParNew: 38020K->4K(42752K), 0.0073524 secs] 388558K->358734K(427932K), 0.0074076 secs] [Times: user=0.01 sys=0.01, real=0.01 secs] 
2020-10-29T09:44:42.336+0000: [GC (Allocation Failure) 2020-10-29T09:44:42.336+0000: [ParNew: 38020K->4K(42752K), 0.0018845 secs] 396750K->358734K(427932K), 0.0019385 secs] [Times: user=0.01 sys=0.00, real=0.00 secs] 
2020-10-29T09:44:42.372+0000: [GC (Allocation Failure) 2020-10-29T09:44:42.373+0000: [ParNew: 38020K->4K(42752K), 0.0018716 secs] 396750K->358734K(427932K), 0.0019245 secs] [Times: user=0.00 sys=0.00, real=0.00 secs] 
2020-10-29T09:44:42.408+0000: [GC (Allocation Failure) 2020-10-29T09:44:42.408+0000: [ParNew: 38020K->4K(42752K), 0.0018743 secs] 396750K->358734K(427932K), 0.0019405 secs] [Times: user=0.00 sys=0.00, real=0.00 secs] 
2020-10-29T09:44:42.444+0000: [GC (Allocation Failure) 2020-10-29T09:44:42.444+0000: [ParNew: 38020K->4K(42752K), 0.0018713 secs] 396750K->358734K(427932K), 0.0019254 secs] [Times: user=0.00 sys=0.00, real=0.01 secs] 
2020-10-29T09:44:42.479+0000: [GC (Allocation Failure) 2020-10-29T09:44:42.479+0000: [ParNew: 38020K->4K(42752K), 0.0018667 secs] 396750K->358734K(427932K), 0.0019206 secs] [Times: user=0.00 sys=0.00, real=0.00 secs] 
2020-10-29T09:44:42.516+0000: [GC (Allocation Failure) 2020-10-29T09:44:42.517+0000: [ParNew: 38020K->4K(42752K), 0.0018692 secs] 396750K->358734K(427932K), 0.0019248 secs] [Times: user=0.01 sys=0.00, real=0.00 secs] 
2020-10-29T09:44:42.552+0000: [GC (Allocation Failure) 2020-10-29T09:44:42.553+0000: [ParNew: 38020K->4K(42752K), 0.0018749 secs] 396750K->358734K(427932K), 0.0019297 secs] [Times: user=0.01 sys=0.00, real=0.00 secs] 
2020-10-29T09:44:42.588+0000: [GC (Allocation Failure) 2020-10-29T09:44:42.588+0000: [ParNew: 38020K->4K(42752K), 0.0018881 secs] 396750K->358734K(427932K), 0.0019428 secs] [Times: user=0.00 sys=0.00, real=0.00 secs] 
2020-10-29T09:44:42.623+0000: [GC (Allocation Failure) 2020-10-29T09:44:42.623+0000: [ParNew: 38020K->4K(42752K), 0.0018875 secs] 396750K->358734K(427932K), 0.0019422 secs] [Times: user=0.00 sys=0.00, real=0.01 secs] 
2020-10-29T09:44:42.658+0000: [GC (Allocation Failure) 2020-10-29T09:44:42.658+0000: [ParNew: 38020K->4K(42752K), 0.0018405 secs] 396750K->358734K(427932K), 0.0018943 secs] [Times: user=0.00 sys=0.00, real=0.00 secs] 
2020-10-29T09:44:42.696+0000: [GC (Allocation Failure) 2020-10-29T09:44:42.697+0000: [ParNew: 38020K->4K(42752K), 0.0018516 secs] 396750K->358734K(427932K), 0.0019052 secs] [Times: user=0.00 sys=0.00, real=0.00 secs] 
2020-10-29T09:44:42.705+0000: [GC (Allocation Failure) 2020-10-29T09:44:42.705+0000: [ParNew: 5288K->4K(42752K), 0.0012812 secs] 364018K->358734K(427932K), 0.0013173 secs] [Times: user=0.00 sys=0.00, real=0.00 secs] 
2020-10-29T09:44:42.716+0000: [GC (Allocation Failure) 2020-10-29T09:44:42.716+0000: [ParNew: 38020K->4K(42752K), 0.0311710 secs] 396750K->391502K(460704K), 0.0312325 secs] [Times: user=0.04 sys=0.02, real=0.03 secs] 
2020-10-29T09:44:42.747+0000: [CMS-concurrent-abortable-preclean: 0.163/4.576 secs] [Times: user=8.42 sys=0.40, real=4.58 secs] 
2020-10-29T09:44:42.752+0000: [GC (CMS Final Remark) [YG occupancy: 5959 K (42752 K)]2020-10-29T09:44:42.753+0000: [Rescan (parallel) , 0.0052999 secs]2020-10-29T09:44:42.758+0000: [weak refs processing, 0.0000473 secs]2020-10-29T09:44:42.758+0000: [class unloading, 0.0097399 secs]2020-10-29T09:44:42.768+0000: [scrub symbol table, 0.0089403 secs]2020-10-29T09:44:42.777+0000: [scrub string table, 0.0005539 secs][1 CMS-remark: 391498K(417952K)] 397458K(460704K), 0.0246901 secs] [Times: user=0.03 sys=0.00, real=0.02 secs] 
2020-10-29T09:44:42.784+0000: [CMS-concurrent-sweep-start]
2020-10-29T09:44:42.802+0000: [CMS-concurrent-sweep: 0.009/0.017 secs] [Times: user=0.03 sys=0.00, real=0.01 secs] 
2020-10-29T09:44:42.802+0000: [CMS-concurrent-reset-start]
2020-10-29T09:44:42.804+0000: [CMS-concurrent-reset: 0.002/0.002 secs] [Times: user=0.00 sys=0.00, real=0.00 secs] 
2020-10-29T09:44:42.813+0000: [GC (Allocation Failure) 2020-10-29T09:44:42.813+0000: [ParNew: 38020K->4K(42752K), 0.0024151 secs] 413729K->375713K(668936K), 0.0024562 secs] [Times: user=0.01 sys=0.00, real=0.00 secs] 
2020-10-29T09:44:42.816+0000: [GC (CMS Initial Mark) [1 CMS-initial-mark: 375709K(626184K)] 376142K(668936K), 0.0011874 secs] [Times: user=0.00 sys=0.00, real=0.00 secs] 
2020-10-29T09:44:42.817+0000: [CMS-concurrent-mark-start]
2020-10-29T09:44:42.862+0000: [GC (Allocation Failure) 2020-10-29T09:44:42.862+0000: [ParNew: 38020K->4K(42752K), 0.0024571 secs] 413729K->375713K(668936K), 0.0025122 secs] [Times: user=0.00 sys=0.00, real=0.01 secs] 
2020-10-29T09:44:42.886+0000: [CMS-concurrent-mark: 0.066/0.069 secs] [Times: user=0.13 sys=0.01, real=0.07 secs] 
2020-10-29T09:44:42.887+0000: [CMS-concurrent-preclean-start]
2020-10-29T09:44:42.889+0000: [CMS-concurrent-preclean: 0.002/0.002 secs] [Times: user=0.00 sys=0.00, real=0.00 secs] 
2020-10-29T09:44:42.889+0000: [CMS-concurrent-abortable-preclean-start]
2020-10-29T09:44:42.909+0000: [GC (Allocation Failure) 2020-10-29T09:44:42.909+0000: [ParNew: 38020K->4K(42752K), 0.0023898 secs] 413729K->375713K(668936K), 0.0024424 secs] [Times: user=0.00 sys=0.00, real=0.00 secs] 
2020-10-29T09:44:42.939+0000: [GC (Allocation Failure) 2020-10-29T09:44:42.939+0000: [ParNew: 30482K->4K(42752K), 0.0024444 secs] 406191K->375713K(668936K), 0.0024993 secs] [Times: user=0.00 sys=0.00, real=0.00 secs] 
2020-10-29T09:44:42.972+0000: [GC (Allocation Failure) 2020-10-29T09:44:42.973+0000: [ParNew: 38020K->4K(42752K), 0.0033523 secs] 413729K->383905K(668936K), 0.0034075 secs] [Times: user=0.01 sys=0.00, real=0.00 secs] 
2020-10-29T09:44:43.012+0000: [GC (Allocation Failure) 2020-10-29T09:44:43.012+0000: [ParNew: 38020K->4K(42752K), 0.0024219 secs] 421921K->383905K(668936K), 0.0024767 secs] [Times: user=0.00 sys=0.00, real=0.00 secs] 
2020-10-29T09:44:43.042+0000: [GC (Allocation Failure) 2020-10-29T09:44:43.042+0000: [ParNew: 38020K->4K(42752K), 0.0081859 secs] 421921K->392097K(668936K), 0.0082410 secs] [Times: user=0.01 sys=0.00, real=0.01 secs] 
2020-10-29T09:44:43.088+0000: [GC (Allocation Failure) 2020-10-29T09:44:43.089+0000: [ParNew: 38020K->4K(42752K), 0.0023910 secs] 430113K->392097K(668936K), 0.0024447 secs] [Times: user=0.00 sys=0.00, real=0.00 secs] 
2020-10-29T09:44:43.124+0000: [GC (Allocation Failure) 2020-10-29T09:44:43.124+0000: [ParNew: 38020K->4K(42752K), 0.0024213 secs] 430113K->392097K(668936K), 0.0024880 secs] [Times: user=0.01 sys=0.00, real=0.01 secs] 
2020-10-29T09:44:43.160+0000: [GC (Allocation Failure) 2020-10-29T09:44:43.160+0000: [ParNew: 38020K->4K(42752K), 0.0024725 secs] 430113K->392097K(668936K), 0.0025354 secs] [Times: user=0.01 sys=0.00, real=0.00 secs] 
2020-10-29T09:44:43.196+0000: [GC (Allocation Failure) 2020-10-29T09:44:43.196+0000: [ParNew: 38020K->4K(42752K), 0.0024140 secs] 430113K->392097K(668936K), 0.0024683 secs] [Times: user=0.01 sys=0.00, real=0.00 secs] 
2020-10-29T09:44:43.232+0000: [GC (Allocation Failure) 2020-10-29T09:44:43.232+0000: [ParNew: 38020K->4K(42752K), 0.0024309 secs] 430113K->392097K(668936K), 0.0025004 secs] [Times: user=0.00 sys=0.00, real=0.01 secs] 
2020-10-29T09:44:43.268+0000: [GC (Allocation Failure) 2020-10-29T09:44:43.268+0000: [ParNew: 38020K->4K(42752K), 0.0024556 secs] 430113K->392097K(668936K), 0.0025096 secs] [Times: user=0.00 sys=0.00, real=0.00 secs] 
2020-10-29T09:44:43.304+0000: [GC (Allocation Failure) 2020-10-29T09:44:43.304+0000: [ParNew: 38020K->4K(42752K), 0.0024388 secs] 430113K->392097K(668936K), 0.0024949 secs] [Times: user=0.00 sys=0.00, real=0.01 secs] 
2020-10-29T09:44:43.341+0000: [GC (Allocation Failure) 2020-10-29T09:44:43.342+0000: [ParNew: 38020K->4K(42752K), 0.0024037 secs] 430113K->392097K(668936K), 0.0024582 secs] [Times: user=0.01 sys=0.00, real=0.00 secs] 
2020-10-29T09:44:43.378+0000: [GC (Allocation Failure) 2020-10-29T09:44:43.378+0000: [ParNew: 38020K->4K(42752K), 0.0023996 secs] 430113K->392097K(668936K), 0.0024536 secs] [Times: user=0.00 sys=0.00, real=0.00 secs] 
2020-10-29T09:44:43.416+0000: [GC (Allocation Failure) 2020-10-29T09:44:43.416+0000: [ParNew: 38020K->4K(42752K), 0.0023885 secs] 430113K->392097K(668936K), 0.0024426 secs] [Times: user=0.00 sys=0.00, real=0.00 secs] 
2020-10-29T09:44:43.456+0000: [GC (Allocation Failure) 2020-10-29T09:44:43.457+0000: [ParNew: 38020K->4K(42752K), 0.0024400 secs] 430113K->392097K(668936K), 0.0024948 secs] [Times: user=0.01 sys=0.00, real=0.00 secs] 
2020-10-29T09:44:43.492+0000: [GC (Allocation Failure) 2020-10-29T09:44:43.492+0000: [ParNew: 38020K->4K(42752K), 0.0024331 secs] 430113K->392097K(668936K), 0.0024873 secs] [Times: user=0.01 sys=0.00, real=0.01 secs] 
2020-10-29T09:44:43.528+0000: [GC (Allocation Failure) 2020-10-29T09:44:43.528+0000: [ParNew: 38020K->4K(42752K), 0.0024209 secs] 430113K->392097K(668936K), 0.0024872 secs] [Times: user=0.01 sys=0.00, real=0.00 secs] 
2020-10-29T09:44:43.564+0000: [GC (Allocation Failure) 2020-10-29T09:44:43.564+0000: [ParNew: 38020K->4K(42752K), 0.0024012 secs] 430113K->392097K(668936K), 0.0024590 secs] [Times: user=0.01 sys=0.00, real=0.01 secs] 
2020-10-29T09:44:43.600+0000: [GC (Allocation Failure) 2020-10-29T09:44:43.601+0000: [ParNew: 38020K->4K(42752K), 0.0023866 secs] 430113K->392097K(668936K), 0.0024409 secs] [Times: user=0.00 sys=0.00, real=0.00 secs] 
2020-10-29T09:44:43.637+0000: [GC (Allocation Failure) 2020-10-29T09:44:43.637+0000: [ParNew: 38020K->4K(42752K), 0.0024191 secs] 430113K->392097K(668936K), 0.0024729 secs] [Times: user=0.00 sys=0.00, real=0.00 secs] 
2020-10-29T09:44:43.667+0000: [GC (Allocation Failure) 2020-10-29T09:44:43.667+0000: [ParNew: 38020K->4K(42752K), 0.0080527 secs] 430113K->400289K(668936K), 0.0081208 secs] [Times: user=0.02 sys=0.00, real=0.01 secs] 
2020-10-29T09:44:43.708+0000: [GC (Allocation Failure) 2020-10-29T09:44:43.708+0000: [ParNew: 38020K->4K(42752K), 0.0025011 secs] 438305K->400289K(668936K), 0.0025556 secs] [Times: user=0.01 sys=0.00, real=0.00 secs] 
2020-10-29T09:44:43.744+0000: [GC (Allocation Failure) 2020-10-29T09:44:43.744+0000: [ParNew: 38020K->4K(42752K), 0.0024363 secs] 438305K->400289K(668936K), 0.0024991 secs] [Times: user=0.01 sys=0.00, real=0.01 secs] 
2020-10-29T09:44:43.784+0000: [GC (Allocation Failure) 2020-10-29T09:44:43.784+0000: [ParNew: 38020K->4K(42752K), 0.0023890 secs] 438305K->400289K(668936K), 0.0024431 secs] [Times: user=0.01 sys=0.00, real=0.01 secs] 
2020-10-29T09:44:43.820+0000: [GC (Allocation Failure) 2020-10-29T09:44:43.820+0000: [ParNew: 38020K->4K(42752K), 0.0023947 secs] 438305K->400289K(668936K), 0.0024470 secs] [Times: user=0.00 sys=0.00, real=0.00 secs] 
2020-10-29T09:44:43.856+0000: [GC (Allocation Failure) 2020-10-29T09:44:43.856+0000: [ParNew: 38020K->4K(42752K), 0.0024057 secs] 438305K->400289K(668936K), 0.0024597 secs] [Times: user=0.01 sys=0.00, real=0.00 secs] 
2020-10-29T09:44:43.892+0000: [GC (Allocation Failure) 2020-10-29T09:44:43.893+0000: [ParNew: 38020K->4K(42752K), 0.0023845 secs] 438305K->400289K(668936K), 0.0024380 secs] [Times: user=0.00 sys=0.00, real=0.00 secs] 
2020-10-29T09:44:43.928+0000: [GC (Allocation Failure) 2020-10-29T09:44:43.928+0000: [ParNew: 38020K->4K(42752K), 0.0024687 secs] 438305K->400289K(668936K), 0.0025225 secs] [Times: user=0.00 sys=0.01, real=0.00 secs] 
2020-10-29T09:44:43.964+0000: [GC (Allocation Failure) 2020-10-29T09:44:43.964+0000: [ParNew: 38020K->4K(42752K), 0.0024892 secs] 438305K->400289K(668936K), 0.0025448 secs] [Times: user=0.01 sys=0.00, real=0.01 secs] 
2020-10-29T09:44:44.000+0000: [GC (Allocation Failure) 2020-10-29T09:44:44.000+0000: [ParNew: 38020K->4K(42752K), 0.0024102 secs] 438305K->400289K(668936K), 0.0024634 secs] [Times: user=0.00 sys=0.00, real=0.00 secs] 
2020-10-29T09:44:44.036+0000: [GC (Allocation Failure) 2020-10-29T09:44:44.037+0000: [ParNew: 38020K->4K(42752K), 0.0024232 secs] 438305K->400289K(668936K), 0.0024946 secs] [Times: user=0.01 sys=0.00, real=0.00 secs] 
2020-10-29T09:44:44.076+0000: [GC (Allocation Failure) 2020-10-29T09:44:44.076+0000: [ParNew: 38020K->4K(42752K), 0.0023796 secs] 438305K->400289K(668936K), 0.0024271 secs] [Times: user=0.01 sys=0.00, real=0.00 secs] 
2020-10-29T09:44:44.112+0000: [GC (Allocation Failure) 2020-10-29T09:44:44.112+0000: [ParNew: 38020K->4K(42752K), 0.0023878 secs] 438305K->400289K(668936K), 0.0024420 secs] [Times: user=0.00 sys=0.00, real=0.00 secs] 
2020-10-29T09:44:44.152+0000: [GC (Allocation Failure) 2020-10-29T09:44:44.152+0000: [ParNew: 38020K->4K(42752K), 0.0023918 secs] 438305K->400289K(668936K), 0.0024467 secs] [Times: user=0.01 sys=0.00, real=0.01 secs] 
2020-10-29T09:44:44.188+0000: [GC (Allocation Failure) 2020-10-29T09:44:44.188+0000: [ParNew: 38020K->4K(42752K), 0.0023978 secs] 438305K->400289K(668936K), 0.0024524 secs] [Times: user=0.01 sys=0.00, real=0.00 secs] 
2020-10-29T09:44:44.224+0000: [GC (Allocation Failure) 2020-10-29T09:44:44.224+0000: [ParNew: 38020K->4K(42752K), 0.0024426 secs] 438305K->400289K(668936K), 0.0025160 secs] [Times: user=0.01 sys=0.00, real=0.01 secs] 
2020-10-29T09:44:44.260+0000: [GC (Allocation Failure) 2020-10-29T09:44:44.260+0000: [ParNew: 38020K->4K(42752K), 0.0024398 secs] 438305K->400289K(668936K), 0.0024938 secs] [Times: user=0.00 sys=0.00, real=0.00 secs] 
2020-10-29T09:44:44.296+0000: [GC (Allocation Failure) 2020-10-29T09:44:44.296+0000: [ParNew: 38020K->4K(42752K), 0.0024316 secs] 438305K->400289K(668936K), 0.0024863 secs] [Times: user=0.00 sys=0.00, real=0.00 secs] 
2020-10-29T09:44:44.326+0000: [GC (Allocation Failure) 2020-10-29T09:44:44.326+0000: [ParNew: 38020K->4K(42752K), 0.0078743 secs] 438305K->408481K(668936K), 0.0079299 secs] [Times: user=0.01 sys=0.01, real=0.01 secs] 
2020-10-29T09:44:44.372+0000: [GC (Allocation Failure) 2020-10-29T09:44:44.372+0000: [ParNew: 38020K->4K(42752K), 0.0024165 secs] 446497K->408481K(668936K), 0.0024722 secs] [Times: user=0.00 sys=0.00, real=0.00 secs] 
2020-10-29T09:44:44.404+0000: [GC (Allocation Failure) 2020-10-29T09:44:44.404+0000: [ParNew: 33235K->4K(42752K), 0.0023881 secs] 441713K->408481K(668936K), 0.0024436 secs] [Times: user=0.01 sys=0.00, real=0.01 secs] 
2020-10-29T09:44:44.457+0000: [GC (Allocation Failure) 2020-10-29T09:44:44.457+0000: [ParNew: 38020K->4K(42752K), 0.0082586 secs] 446497K->416673K(668936K), 0.0083137 secs] [Times: user=0.01 sys=0.00, real=0.01 secs] 
2020-10-29T09:44:44.529+0000: [GC (Allocation Failure) 2020-10-29T09:44:44.529+0000: [ParNew: 38020K->4K(42752K), 0.0049825 secs] 454689K->416673K(668936K), 0.0050549 secs] [Times: user=0.01 sys=0.00, real=0.01 secs] 
2020-10-29T09:44:44.598+0000: [GC (Allocation Failure) 2020-10-29T09:44:44.599+0000: [ParNew: 38020K->4K(42752K), 0.0025368 secs] 454689K->416673K(668936K), 0.0025912 secs] [Times: user=0.01 sys=0.00, real=0.00 secs] 
2020-10-29T09:44:45.381+0000: [GC (Allocation Failure) 2020-10-29T09:44:45.381+0000: [ParNew: 38020K->182K(42752K), 0.0026196 secs] 454689K->416852K(668936K), 0.0026860 secs] [Times: user=0.01 sys=0.00, real=0.00 secs] 
2020-10-29T09:44:45.384+0000: [CMS-concurrent-abortable-preclean: 0.081/2.495 secs] [Times: user=4.72 sys=0.14, real=2.49 secs] 
2020-10-29T09:44:45.389+0000: [GC (CMS Final Remark) [YG occupancy: 746 K (42752 K)]2020-10-29T09:44:45.389+0000: [Rescan (parallel) , 0.0018401 secs]2020-10-29T09:44:45.390+0000: [weak refs processing, 0.0000267 secs]2020-10-29T09:44:45.390+0000: [class unloading, 0.0075717 secs]2020-10-29T09:44:45.398+0000: [scrub symbol table, 0.0092528 secs]2020-10-29T09:44:45.407+0000: [scrub string table, 0.0005574 secs][1 CMS-remark: 416669K(626184K)] 417415K(668936K), 0.0193767 secs] [Times: user=0.02 sys=0.00, real=0.02 secs] 
2020-10-29T09:44:45.412+0000: [CMS-concurrent-sweep-start]
2020-10-29T09:44:45.431+0000: [CMS-concurrent-sweep: 0.019/0.019 secs] [Times: user=0.03 sys=0.00, real=0.01 secs] 
2020-10-29T09:44:45.431+0000: [CMS-concurrent-reset-start]
2020-10-29T09:44:45.433+0000: [CMS-concurrent-reset: 0.002/0.002 secs] [Times: user=0.01 sys=0.00, real=0.01 secs] 
2020-10-29T09:44:45.528+0000: [GC (Allocation Failure) 2020-10-29T09:44:45.528+0000: [ParNew: 38198K->49K(42752K), 0.0058289 secs] 438434K->400285K(709812K), 0.0059059 secs] [Times: user=0.01 sys=0.00, real=0.01 secs] 
2020-10-29T09:44:45.621+0000: [GC (Allocation Failure) 2020-10-29T09:44:45.621+0000: [ParNew: 38065K->48K(42752K), 0.0026110 secs] 438301K->400284K(709812K), 0.0026680 secs] [Times: user=0.00 sys=0.00, real=0.00 secs] 
2020-10-29T09:44:45.714+0000: [GC (Allocation Failure) 2020-10-29T09:44:45.714+0000: [ParNew: 38064K->51K(42752K), 0.0030533 secs] 438300K->400288K(709812K), 0.0031124 secs] [Times: user=0.01 sys=0.00, real=0.00 secs] 
2020-10-29T09:44:45.770+0000: [GC (Allocation Failure) 2020-10-29T09:44:45.770+0000: [ParNew: 38067K->51K(42752K), 0.0026912 secs] 438304K->400288K(709812K), 0.0027508 secs] [Times: user=0.00 sys=0.00, real=0.01 secs] 
2020-10-29T09:44:45.812+0000: [GC (Allocation Failure) 2020-10-29T09:44:45.813+0000: [ParNew: 38067K->52K(42752K), 0.0026737 secs] 438304K->400288K(709812K), 0.0027308 secs] [Times: user=0.00 sys=0.00, real=0.00 secs] 
2020-10-29T09:44:45.868+0000: [GC (Allocation Failure) 2020-10-29T09:44:45.868+0000: [ParNew: 38068K->34K(42752K), 0.0027201 secs] 438304K->400305K(709812K), 0.0027794 secs] [Times: user=0.01 sys=0.00, real=0.00 secs] 
2020-10-29T09:44:45.909+0000: [GC (Allocation Failure) 2020-10-29T09:44:45.909+0000: [ParNew: 38050K->9K(42752K), 0.0024840 secs] 438321K->400280K(709812K), 0.0025405 secs] [Times: user=0.01 sys=0.00, real=0.00 secs] 
2020-10-29T09:44:45.949+0000: [GC (Allocation Failure) 2020-10-29T09:44:45.949+0000: [ParNew: 38025K->4K(42752K), 0.0024677 secs] 438296K->400275K(709812K), 0.0025246 secs] [Times: user=0.01 sys=0.00, real=0.00 secs] 
2020-10-29T09:44:45.990+0000: [GC (Allocation Failure) 2020-10-29T09:44:45.990+0000: [ParNew: 38020K->4K(42752K), 0.0024882 secs] 438291K->400275K(709812K), 0.0025450 secs] [Times: user=0.01 sys=0.00, real=0.00 secs] 
2020-10-29T09:44:46.032+0000: [GC (Allocation Failure) 2020-10-29T09:44:46.033+0000: [ParNew: 38020K->4K(42752K), 0.0024766 secs] 438291K->400275K(709812K), 0.0025336 secs] [Times: user=0.00 sys=0.00, real=0.00 secs] 
2020-10-29T09:44:46.076+0000: [GC (Allocation Failure) 2020-10-29T09:44:46.077+0000: [ParNew: 38020K->4K(42752K), 0.0028296 secs] 438291K->400275K(709812K), 0.0028939 secs] [Times: user=0.00 sys=0.00, real=0.00 secs] 
2020-10-29T09:44:46.128+0000: [GC (Allocation Failure) 2020-10-29T09:44:46.129+0000: [ParNew: 38020K->4K(42752K), 0.0025181 secs] 438291K->400275K(709812K), 0.0025765 secs] [Times: user=0.00 sys=0.00, real=0.00 secs] 
2020-10-29T09:44:46.169+0000: [GC (GCLocker Initiated GC) 2020-10-29T09:44:46.169+0000: [ParNew: 38020K->4K(42752K), 0.0024477 secs] 438291K->400275K(709812K), 0.0025315 secs] [Times: user=0.00 sys=0.00, real=0.00 secs] 
2020-10-29T09:44:46.209+0000: [GC (Allocation Failure) 2020-10-29T09:44:46.209+0000: [ParNew: 38020K->4K(42752K), 0.0024757 secs] 438291K->400275K(709812K), 0.0025325 secs] [Times: user=0.01 sys=0.00, real=0.00 secs] 
2020-10-29T09:44:46.249+0000: [GC (Allocation Failure) 2020-10-29T09:44:46.249+0000: [ParNew: 38020K->4K(42752K), 0.0024762 secs] 438291K->400275K(709812K), 0.0025331 secs] [Times: user=0.01 sys=0.00, real=0.00 secs] 
2020-10-29T09:44:46.289+0000: [GC (Allocation Failure) 2020-10-29T09:44:46.289+0000: [ParNew: 38020K->4K(42752K), 0.0024749 secs] 438291K->400275K(709812K), 0.0025326 secs] [Times: user=0.01 sys=0.00, real=0.00 secs] 
2020-10-29T09:44:46.332+0000: [GC (Allocation Failure) 2020-10-29T09:44:46.333+0000: [ParNew: 38020K->4K(42752K), 0.0024783 secs] 438291K->400275K(709812K), 0.0025349 secs] [Times: user=0.01 sys=0.00, real=0.00 secs] 
2020-10-29T09:44:46.376+0000: [GC (Allocation Failure) 2020-10-29T09:44:46.377+0000: [ParNew: 38020K->4K(42752K), 0.0024731 secs] 438291K->400275K(709812K), 0.0025291 secs] [Times: user=0.01 sys=0.00, real=0.00 secs] 
2020-10-29T09:44:46.417+0000: [GC (Allocation Failure) 2020-10-29T09:44:46.417+0000: [ParNew: 38020K->4K(42752K), 0.0024881 secs] 438291K->400275K(709812K), 0.0025460 secs] [Times: user=0.01 sys=0.00, real=0.00 secs] 
2020-10-29T09:44:46.457+0000: [GC (Allocation Failure) 2020-10-29T09:44:46.457+0000: [ParNew: 38020K->4K(42752K), 0.0024570 secs] 438291K->400275K(709812K), 0.0025199 secs] [Times: user=0.00 sys=0.00, real=0.00 secs] 
2020-10-29T09:44:46.500+0000: [GC (Allocation Failure) 2020-10-29T09:44:46.501+0000: [ParNew: 38020K->4K(42752K), 0.0024765 secs] 438291K->400275K(709812K), 0.0025319 secs] [Times: user=0.00 sys=0.00, real=0.00 secs] 
2020-10-29T09:44:46.540+0000: [GC (Allocation Failure) 2020-10-29T09:44:46.540+0000: [ParNew: 38020K->4K(42752K), 0.0024617 secs] 438291K->400275K(709812K), 0.0025179 secs] [Times: user=0.00 sys=0.00, real=0.00 secs] 
2020-10-29T09:44:46.580+0000: [GC (Allocation Failure) 2020-10-29T09:44:46.581+0000: [ParNew: 38020K->4K(42752K), 0.0024768 secs] 438291K->400275K(709812K), 0.0025332 secs] [Times: user=0.00 sys=0.00, real=0.00 secs] 
2020-10-29T09:44:46.624+0000: [GC (Allocation Failure) 2020-10-29T09:44:46.625+0000: [ParNew: 38020K->4K(42752K), 0.0025017 secs] 438291K->400275K(709812K), 0.0025692 secs] [Times: user=0.00 sys=0.00, real=0.00 secs] 
2020-10-29T09:44:46.668+0000: [GC (Allocation Failure) 2020-10-29T09:44:46.669+0000: [ParNew: 38020K->4K(42752K), 0.0025074 secs] 438291K->400275K(709812K), 0.0025640 secs] [Times: user=0.00 sys=0.00, real=0.00 secs] 
2020-10-29T09:44:46.709+0000: [GC (Allocation Failure) 2020-10-29T09:44:46.709+0000: [ParNew: 38020K->4K(42752K), 0.0024727 secs] 438291K->400275K(709812K), 0.0025292 secs] [Times: user=0.00 sys=0.00, real=0.00 secs] 
2020-10-29T09:44:46.756+0000: [GC (Allocation Failure) 2020-10-29T09:44:46.756+0000: [ParNew: 38020K->4K(42752K), 0.0024710 secs] 438291K->400275K(709812K), 0.0025703 secs] [Times: user=0.01 sys=0.00, real=0.00 secs] 
2020-10-29T09:44:46.797+0000: [GC (Allocation Failure) 2020-10-29T09:44:46.797+0000: [ParNew: 38020K->4K(42752K), 0.0024708 secs] 438291K->400275K(709812K), 0.0025279 secs] [Times: user=0.01 sys=0.00, real=0.00 secs] 
2020-10-29T09:44:46.840+0000: [GC (Allocation Failure) 2020-10-29T09:44:46.841+0000: [ParNew: 38020K->4K(42752K), 0.0024692 secs] 438291K->400275K(709812K), 0.0025248 secs] [Times: user=0.00 sys=0.00, real=0.00 secs] 
2020-10-29T09:44:46.884+0000: [GC (Allocation Failure) 2020-10-29T09:44:46.884+0000: [ParNew: 38020K->4K(42752K), 0.0025125 secs] 438291K->400275K(709812K), 0.0025697 secs] [Times: user=0.00 sys=0.00, real=0.01 secs] 
2020-10-29T09:44:46.928+0000: [GC (Allocation Failure) 2020-10-29T09:44:46.928+0000: [ParNew: 38020K->4K(42752K), 0.0024803 secs] 438291K->400275K(709812K), 0.0025361 secs] [Times: user=0.00 sys=0.00, real=0.00 secs] 
2020-10-29T09:44:46.968+0000: [GC (Allocation Failure) 2020-10-29T09:44:46.968+0000: [ParNew: 38020K->4K(42752K), 0.0024997 secs] 438291K->400275K(709812K), 0.0025553 secs] [Times: user=0.00 sys=0.00, real=0.00 secs] 
2020-10-29T09:44:48.862+0000: [GC (Allocation Failure) 2020-10-29T09:44:48.862+0000: [ParNew: 38020K->1271K(42752K), 0.0044726 secs] 438291K->401543K(709812K), 0.0045496 secs] [Times: user=0.01 sys=0.00, real=0.01 secs] 
2020-10-29T09:44:49.104+0000: [GC (Allocation Failure) 2020-10-29T09:44:49.104+0000: [ParNew: 39287K->2785K(42752K), 0.0059547 secs] 439559K->403056K(709812K), 0.0060293 secs] [Times: user=0.01 sys=0.00, real=0.00 secs] 
2020-10-29T09:44:49.166+0000: [GC (Allocation Failure) 2020-10-29T09:44:49.167+0000: [ParNew: 40801K->3413K(42752K), 0.0046896 secs] 441072K->403685K(709812K), 0.0047492 secs] [Times: user=0.01 sys=0.00, real=0.00 secs] 
2020-10-29T09:44:49.248+0000: [GC (Allocation Failure) 2020-10-29T09:44:49.248+0000: [ParNew: 41429K->3087K(42752K), 0.0043069 secs] 441701K->403359K(709812K), 0.0043650 secs] [Times: user=0.00 sys=0.00, real=0.00 secs] 
2020-10-29T09:44:49.317+0000: [GC (Allocation Failure) 2020-10-29T09:44:49.317+0000: [ParNew: 41103K->3107K(42752K), 0.0043317 secs] 441375K->403379K(709812K), 0.0043899 secs] [Times: user=0.01 sys=0.00, real=0.00 secs] 
2020-10-29T09:44:49.383+0000: [GC (Allocation Failure) 2020-10-29T09:44:49.383+0000: [ParNew: 41123K->3197K(42752K), 0.0043188 secs] 441395K->403469K(709812K), 0.0043765 secs] [Times: user=0.01 sys=0.00, real=0.01 secs] 
2020-10-29T09:44:49.440+0000: [GC (Allocation Failure) 2020-10-29T09:44:49.441+0000: [ParNew: 41213K->3731K(42752K), 0.0047098 secs] 441485K->404462K(709812K), 0.0047676 secs] [Times: user=0.01 sys=0.00, real=0.01 secs] 
2020-10-29T09:44:49.481+0000: [GC (Allocation Failure) 2020-10-29T09:44:49.481+0000: [ParNew: 41747K->1380K(42752K), 0.0049594 secs] 442478K->403405K(709812K), 0.0050170 secs] [Times: user=0.01 sys=0.00, real=0.01 secs] 
2020-10-29T09:44:49.522+0000: [GC (Allocation Failure) 2020-10-29T09:44:49.522+0000: [ParNew: 39396K->1248K(42752K), 0.0027229 secs] 441421K->403279K(709812K), 0.0027796 secs] [Times: user=0.01 sys=0.00, real=0.01 secs] 
2020-10-29T09:44:49.576+0000: [GC (Allocation Failure) 2020-10-29T09:44:49.576+0000: [ParNew: 39264K->1147K(42752K), 0.0027412 secs] 441295K->403189K(709812K), 0.0027998 secs] [Times: user=0.00 sys=0.00, real=0.00 secs] 
2020-10-29T09:44:49.627+0000: [GC (Allocation Failure) 2020-10-29T09:44:49.627+0000: [ParNew: 39163K->1055K(42752K), 0.0028045 secs] 441205K->403098K(709812K), 0.0028631 secs] [Times: user=0.01 sys=0.00, real=0.00 secs] 
2020-10-29T09:44:49.677+0000: [GC (Allocation Failure) 2020-10-29T09:44:49.677+0000: [ParNew: 39071K->1544K(42752K), 0.0028661 secs] 441114K->403587K(709812K), 0.0029227 secs] [Times: user=0.00 sys=0.00, real=0.00 secs] 
2020-10-29T09:44:49.756+0000: [GC (Allocation Failure) 2020-10-29T09:44:49.756+0000: [ParNew: 39560K->1540K(42752K), 0.0028522 secs] 441603K->403583K(709812K), 0.0029240 secs] [Times: user=0.01 sys=0.00, real=0.00 secs] 
2020-10-29T09:44:49.811+0000: [GC (Allocation Failure) 2020-10-29T09:44:49.811+0000: [ParNew: 39556K->1540K(42752K), 0.0077760 secs] 441599K->403583K(709812K), 0.0078450 secs] [Times: user=0.02 sys=0.00, real=0.01 secs] 
2020-10-29T09:44:49.892+0000: [GC (Allocation Failure) 2020-10-29T09:44:49.892+0000: [ParNew: 39556K->1540K(42752K), 0.0028427 secs] 441599K->403583K(709812K), 0.0029224 secs] [Times: user=0.00 sys=0.01, real=0.01 secs] 
2020-10-29T09:44:49.964+0000: [GC (Allocation Failure) 2020-10-29T09:44:49.964+0000: [ParNew: 39556K->3078K(42752K), 0.0031119 secs] 441599K->405121K(709812K), 0.0031920 secs] [Times: user=0.01 sys=0.00, real=0.01 secs] 
2020-10-29T09:44:50.045+0000: [GC (Allocation Failure) 2020-10-29T09:44:50.045+0000: [ParNew: 41094K->1030K(42752K), 0.0028893 secs] 443137K->404097K(709812K), 0.0029643 secs] [Times: user=0.01 sys=0.00, real=0.00 secs] 
2020-10-29T09:44:50.106+0000: [GC (Allocation Failure) 2020-10-29T09:44:50.106+0000: [ParNew: 38125K->1030K(42752K), 0.0027073 secs] 441192K->404097K(709812K), 0.0027862 secs] [Times: user=0.00 sys=0.00, real=0.00 secs] 
2020-10-29T09:44:50.151+0000: [GC (Allocation Failure) 2020-10-29T09:44:50.151+0000: [ParNew: 39046K->3078K(42752K), 0.0030502 secs] 442113K->406145K(709812K), 0.0031079 secs] [Times: user=0.01 sys=0.00, real=0.01 secs] 
2020-10-29T09:44:50.192+0000: [GC (Allocation Failure) 2020-10-29T09:44:50.193+0000: [ParNew: 41094K->2052K(42752K), 0.0030870 secs] 444161K->406145K(709812K), 0.0031448 secs] [Times: user=0.00 sys=0.00, real=0.00 secs] 
2020-10-29T09:44:50.229+0000: [GC (Allocation Failure) 2020-10-29T09:44:50.229+0000: [ParNew: 40068K->2052K(42752K), 0.0028365 secs] 444161K->406145K(709812K), 0.0028947 secs] [Times: user=0.01 sys=0.00, real=0.00 secs] 
2020-10-29T09:44:50.264+0000: [GC (Allocation Failure) 2020-10-29T09:44:50.264+0000: [ParNew: 40068K->2052K(42752K), 0.0029185 secs] 444161K->406145K(709812K), 0.0029768 secs] [Times: user=0.00 sys=0.00, real=0.01 secs] 
2020-10-29T09:44:50.299+0000: [GC (Allocation Failure) 2020-10-29T09:44:50.299+0000: [ParNew: 40068K->2052K(42752K), 0.0029362 secs] 444161K->406145K(709812K), 0.0029940 secs] [Times: user=0.01 sys=0.00, real=0.00 secs] 
2020-10-29T09:44:50.336+0000: [GC (Allocation Failure) 2020-10-29T09:44:50.337+0000: [ParNew: 40068K->2052K(42752K), 0.0029001 secs] 444161K->406145K(709812K), 0.0029565 secs] [Times: user=0.01 sys=0.00, real=0.00 secs] 
2020-10-29T09:44:50.371+0000: [GC (Allocation Failure) 2020-10-29T09:44:50.371+0000: [ParNew: 40068K->2052K(42752K), 0.0031969 secs] 444161K->408193K(709812K), 0.0032535 secs] [Times: user=0.00 sys=0.00, real=0.01 secs] 
2020-10-29T09:44:50.408+0000: [GC (Allocation Failure) 2020-10-29T09:44:50.409+0000: [ParNew: 40068K->2052K(42752K), 0.0028615 secs] 446209K->408193K(709812K), 0.0029097 secs] [Times: user=0.01 sys=0.00, real=0.00 secs] 
2020-10-29T09:44:50.444+0000: [GC (Allocation Failure) 2020-10-29T09:44:50.444+0000: [ParNew: 40068K->2052K(42752K), 0.0028837 secs] 446209K->408193K(709812K), 0.0029407 secs] [Times: user=0.01 sys=0.00, real=0.01 secs] 
2020-10-29T09:44:50.479+0000: [GC (Allocation Failure) 2020-10-29T09:44:50.479+0000: [ParNew: 40068K->2052K(42752K), 0.0028611 secs] 446209K->408193K(709812K), 0.0029171 secs] [Times: user=0.00 sys=0.00, real=0.00 secs] 
2020-10-29T09:44:50.514+0000: [GC (Allocation Failure) 2020-10-29T09:44:50.514+0000: [ParNew: 40068K->2052K(42752K), 0.0028804 secs] 446209K->408193K(709812K), 0.0029378 secs] [Times: user=0.00 sys=0.00, real=0.00 secs] 
2020-10-29T09:44:50.549+0000: [GC (Allocation Failure) 2020-10-29T09:44:50.549+0000: [ParNew: 40068K->2052K(42752K), 0.0028512 secs] 446209K->408193K(709812K), 0.0029164 secs] [Times: user=0.00 sys=0.00, real=0.00 secs] 
2020-10-29T09:44:50.584+0000: [GC (Allocation Failure) 2020-10-29T09:44:50.584+0000: [ParNew: 40068K->4K(42752K), 0.0028865 secs] 446209K->408193K(709812K), 0.0029422 secs] [Times: user=0.00 sys=0.00, real=0.01 secs] 
2020-10-29T09:44:50.619+0000: [GC (Allocation Failure) 2020-10-29T09:44:50.619+0000: [ParNew: 38020K->4K(42752K), 0.0025105 secs] 446209K->408193K(709812K), 0.0025664 secs] [Times: user=0.00 sys=0.00, real=0.00 secs] 
2020-10-29T09:44:50.656+0000: [GC (Allocation Failure) 2020-10-29T09:44:50.657+0000: [ParNew: 38020K->4K(42752K), 0.0025323 secs] 446209K->408193K(709812K), 0.0025896 secs] [Times: user=0.01 sys=0.00, real=0.00 secs] 
2020-10-29T09:44:50.692+0000: [GC (Allocation Failure) 2020-10-29T09:44:50.693+0000: [ParNew: 38020K->4K(42752K), 0.0025637 secs] 446209K->408193K(709812K), 0.0026205 secs] [Times: user=0.01 sys=0.00, real=0.00 secs] 
2020-10-29T09:44:50.732+0000: [GC (Allocation Failure) 2020-10-29T09:44:50.733+0000: [ParNew: 38020K->4K(42752K), 0.0025124 secs] 446209K->408193K(709812K), 0.0025639 secs] [Times: user=0.00 sys=0.00, real=0.00 secs] 
2020-10-29T09:44:50.768+0000: [GC (Allocation Failure) 2020-10-29T09:44:50.769+0000: [ParNew: 38020K->4K(42752K), 0.0025156 secs] 446209K->408193K(709812K), 0.0025724 secs] [Times: user=0.01 sys=0.00, real=0.00 secs] 
2020-10-29T09:44:50.803+0000: [GC (Allocation Failure) 2020-10-29T09:44:50.803+0000: [ParNew: 38020K->4K(42752K), 0.0025139 secs] 446209K->408193K(709812K), 0.0025704 secs] [Times: user=0.00 sys=0.00, real=0.01 secs] 
2020-10-29T09:44:50.839+0000: [GC (Allocation Failure) 2020-10-29T09:44:50.839+0000: [ParNew: 38020K->4K(42752K), 0.0025310 secs] 446209K->408193K(709812K), 0.0026068 secs] [Times: user=0.01 sys=0.00, real=0.00 secs] 
2020-10-29T09:44:50.876+0000: [GC (Allocation Failure) 2020-10-29T09:44:50.877+0000: [ParNew: 38020K->4K(42752K), 0.0025150 secs] 446209K->408193K(709812K), 0.0025713 secs] [Times: user=0.01 sys=0.00, real=0.00 secs] 
2020-10-29T09:44:50.912+0000: [GC (Allocation Failure) 2020-10-29T09:44:50.913+0000: [ParNew: 38020K->4K(42752K), 0.0025024 secs] 446209K->408193K(709812K), 0.0025596 secs] [Times: user=0.00 sys=0.00, real=0.00 secs] 
2020-10-29T09:44:50.949+0000: [GC (Allocation Failure) 2020-10-29T09:44:50.949+0000: [ParNew: 38020K->4K(42752K), 0.0032565 secs] 446209K->408193K(709812K), 0.0033283 secs] [Times: user=0.00 sys=0.00, real=0.00 secs] 
2020-10-29T09:44:50.984+0000: [GC (Allocation Failure) 2020-10-29T09:44:50.984+0000: [ParNew: 38020K->4K(42752K), 0.0025410 secs] 446209K->408193K(709812K), 0.0025987 secs] [Times: user=0.00 sys=0.00, real=0.01 secs] 
2020-10-29T09:44:51.020+0000: [GC (Allocation Failure) 2020-10-29T09:44:51.020+0000: [ParNew: 38020K->4K(42752K), 0.0025551 secs] 446209K->408193K(709812K), 0.0026111 secs] [Times: user=0.00 sys=0.00, real=0.00 secs] 
2020-10-29T09:44:51.053+0000: [GC (Allocation Failure) 2020-10-29T09:44:51.053+0000: [ParNew: 38020K->4100K(42752K), 0.0032663 secs] 446209K->412290K(709812K), 0.0033233 secs] [Times: user=0.01 sys=0.00, real=0.00 secs] 
2020-10-29T09:44:51.086+0000: [GC (Allocation Failure) 2020-10-29T09:44:51.086+0000: [ParNew: 42116K->4100K(42752K), 0.0038439 secs] 450306K->416386K(709812K), 0.0039038 secs] [Times: user=0.00 sys=0.00, real=0.00 secs] 
2020-10-29T09:44:51.123+0000: [GC (Allocation Failure) 2020-10-29T09:44:51.123+0000: [ParNew: 42116K->4K(42752K), 0.0032568 secs] 454402K->416386K(709812K), 0.0033149 secs] [Times: user=0.01 sys=0.00, real=0.01 secs] 
2020-10-29T09:44:51.129+0000: [GC (CMS Initial Mark) [1 CMS-initial-mark: 416382K(667060K)] 419019K(709812K), 0.0027218 secs] [Times: user=0.00 sys=0.00, real=0.00 secs] 
2020-10-29T09:44:51.131+0000: [CMS-concurrent-mark-start]
2020-10-29T09:44:51.177+0000: [CMS-concurrent-mark: 0.046/0.046 secs] [Times: user=0.09 sys=0.00, real=0.05 secs] 
2020-10-29T09:44:51.177+0000: [CMS-concurrent-preclean-start]
2020-10-29T09:44:51.180+0000: [CMS-concurrent-preclean: 0.002/0.002 secs] [Times: user=0.00 sys=0.00, real=0.00 secs] 
2020-10-29T09:44:51.180+0000: [CMS-concurrent-abortable-preclean-start]
2020-10-29T09:44:51.184+0000: [GC (Allocation Failure) 2020-10-29T09:44:51.184+0000: [ParNew: 38020K->4K(42752K), 0.0021186 secs] 454402K->416386K(709812K), 0.0021636 secs] [Times: user=0.01 sys=0.00, real=0.01 secs] 
2020-10-29T09:44:51.228+0000: [GC (Allocation Failure) 2020-10-29T09:44:51.228+0000: [ParNew: 38020K->4K(42752K), 0.0024968 secs] 454402K->416386K(709812K), 0.0025539 secs] [Times: user=0.00 sys=0.00, real=0.00 secs] 
2020-10-29T09:44:51.264+0000: [GC (Allocation Failure) 2020-10-29T09:44:51.265+0000: [ParNew: 38020K->4K(42752K), 0.0025157 secs] 454402K->416386K(709812K), 0.0025729 secs] [Times: user=0.00 sys=0.00, real=0.00 secs] 
2020-10-29T09:44:51.300+0000: [GC (Allocation Failure) 2020-10-29T09:44:51.300+0000: [ParNew: 38020K->4K(42752K), 0.0025168 secs] 454402K->416386K(709812K), 0.0025724 secs] [Times: user=0.00 sys=0.00, real=0.00 secs] 
2020-10-29T09:44:51.336+0000: [GC (Allocation Failure) 2020-10-29T09:44:51.337+0000: [ParNew: 38020K->4K(42752K), 0.0024819 secs] 454402K->416386K(709812K), 0.0025377 secs] [Times: user=0.01 sys=0.00, real=0.00 secs] 
2020-10-29T09:44:51.373+0000: [GC (Allocation Failure) 2020-10-29T09:44:51.373+0000: [ParNew: 38020K->4K(42752K), 0.0024941 secs] 454402K->416386K(709812K), 0.0025527 secs] [Times: user=0.01 sys=0.01, real=0.00 secs] 
2020-10-29T09:44:51.412+0000: [GC (Allocation Failure) 2020-10-29T09:44:51.413+0000: [ParNew: 38020K->4K(42752K), 0.0025056 secs] 454402K->416386K(709812K), 0.0025627 secs] [Times: user=0.01 sys=0.00, real=0.00 secs] 
2020-10-29T09:44:51.448+0000: [GC (Allocation Failure) 2020-10-29T09:44:51.448+0000: [ParNew: 38020K->4K(42752K), 0.0025590 secs] 454402K->416386K(709812K), 0.0026157 secs] [Times: user=0.01 sys=0.00, real=0.00 secs] 
2020-10-29T09:44:51.484+0000: [GC (Allocation Failure) 2020-10-29T09:44:51.484+0000: [ParNew: 38020K->4K(42752K), 0.0025020 secs] 454402K->416386K(709812K), 0.0025591 secs] [Times: user=0.00 sys=0.00, real=0.01 secs] 
2020-10-29T09:44:51.520+0000: [GC (Allocation Failure) 2020-10-29T09:44:51.520+0000: [ParNew: 38020K->4K(42752K), 0.0025004 secs] 454402K->416386K(709812K), 0.0025573 secs] [Times: user=0.01 sys=0.00, real=0.00 secs] 
2020-10-29T09:44:51.555+0000: [GC (Allocation Failure) 2020-10-29T09:44:51.555+0000: [ParNew: 38020K->4K(42752K), 0.0025081 secs] 454402K->416386K(709812K), 0.0025646 secs] [Times: user=0.01 sys=0.00, real=0.00 secs] 
2020-10-29T09:44:51.592+0000: [GC (Allocation Failure) 2020-10-29T09:44:51.592+0000: [ParNew: 38020K->4K(42752K), 0.0025621 secs] 454402K->416386K(709812K), 0.0026185 secs] [Times: user=0.01 sys=0.00, real=0.00 secs] 
2020-10-29T09:44:51.629+0000: [GC (Allocation Failure) 2020-10-29T09:44:51.629+0000: [ParNew: 38020K->4K(42752K), 0.0024744 secs] 454402K->416386K(709812K), 0.0025316 secs] [Times: user=0.00 sys=0.00, real=0.00 secs] 
2020-10-29T09:44:51.665+0000: [GC (Allocation Failure) 2020-10-29T09:44:51.665+0000: [ParNew: 38020K->4K(42752K), 0.0025093 secs] 454402K->416386K(709812K), 0.0025665 secs] [Times: user=0.01 sys=0.00, real=0.00 secs] 
2020-10-29T09:44:51.700+0000: [GC (Allocation Failure) 2020-10-29T09:44:51.700+0000: [ParNew: 38020K->4K(42752K), 0.0025749 secs] 454402K->416386K(709812K), 0.0026394 secs] [Times: user=0.00 sys=0.00, real=0.00 secs] 
2020-10-29T09:44:51.735+0000: [GC (Allocation Failure) 2020-10-29T09:44:51.736+0000: [ParNew: 38020K->4K(42752K), 0.0025457 secs] 454402K->416386K(709812K), 0.0026063 secs] [Times: user=0.00 sys=0.00, real=0.00 secs] 
2020-10-29T09:44:51.771+0000: [GC (Allocation Failure) 2020-10-29T09:44:51.771+0000: [ParNew: 38020K->4K(42752K), 0.0025005 secs] 454402K->416386K(709812K), 0.0025572 secs] [Times: user=0.00 sys=0.00, real=0.01 secs] 
2020-10-29T09:44:51.806+0000: [GC (Allocation Failure) 2020-10-29T09:44:51.806+0000: [ParNew: 38020K->4K(42752K), 0.0025087 secs] 454402K->416386K(709812K), 0.0025776 secs] [Times: user=0.00 sys=0.00, real=0.00 secs] 
2020-10-29T09:44:51.842+0000: [GC (Allocation Failure) 2020-10-29T09:44:51.842+0000: [ParNew: 38020K->4K(42752K), 0.0025222 secs] 454402K->416386K(709812K), 0.0025728 secs] [Times: user=0.00 sys=0.00, real=0.01 secs] 
2020-10-29T09:44:51.878+0000: [GC (Allocation Failure) 2020-10-29T09:44:51.878+0000: [ParNew: 38020K->4K(42752K), 0.0024908 secs] 454402K->416386K(709812K), 0.0025467 secs] [Times: user=0.00 sys=0.00, real=0.00 secs] 
2020-10-29T09:44:51.916+0000: [GC (Allocation Failure) 2020-10-29T09:44:51.917+0000: [ParNew: 38020K->4K(42752K), 0.0024917 secs] 454402K->416386K(709812K), 0.0025477 secs] [Times: user=0.01 sys=0.00, real=0.00 secs] 
2020-10-29T09:44:51.952+0000: [GC (Allocation Failure) 2020-10-29T09:44:51.952+0000: [ParNew: 38020K->4K(42752K), 0.0025128 secs] 454402K->416386K(709812K), 0.0025693 secs] [Times: user=0.00 sys=0.00, real=0.01 secs] 
2020-10-29T09:44:51.988+0000: [GC (Allocation Failure) 2020-10-29T09:44:51.988+0000: [ParNew: 38020K->4K(42752K), 0.0024993 secs] 454402K->416386K(709812K), 0.0025561 secs] [Times: user=0.00 sys=0.00, real=0.00 secs] 
2020-10-29T09:44:52.024+0000: [GC (Allocation Failure) 2020-10-29T09:44:52.024+0000: [ParNew: 38020K->4K(42752K), 0.0025363 secs] 454402K->416386K(709812K), 0.0025926 secs] [Times: user=0.00 sys=0.00, real=0.01 secs] 
2020-10-29T09:44:52.060+0000: [GC (Allocation Failure) 2020-10-29T09:44:52.061+0000: [ParNew: 38020K->4K(42752K), 0.0024945 secs] 454402K->416386K(709812K), 0.0025509 secs] [Times: user=0.00 sys=0.00, real=0.00 secs] 
2020-10-29T09:44:52.096+0000: [GC (Allocation Failure) 2020-10-29T09:44:52.096+0000: [ParNew: 38020K->4K(42752K), 0.0025519 secs] 454402K->416386K(709812K), 0.0026178 secs] [Times: user=0.01 sys=0.00, real=0.00 secs] 
2020-10-29T09:44:52.132+0000: [GC (Allocation Failure) 2020-10-29T09:44:52.132+0000: [ParNew: 38020K->4K(42752K), 0.0025679 secs] 454402K->416386K(709812K), 0.0026238 secs] [Times: user=0.00 sys=0.00, real=0.01 secs] 
2020-10-29T09:44:52.168+0000: [GC (Allocation Failure) 2020-10-29T09:44:52.169+0000: [ParNew: 38020K->4K(42752K), 0.0025405 secs] 454402K->416386K(709812K), 0.0025970 secs] [Times: user=0.01 sys=0.00, real=0.00 secs] 
2020-10-29T09:44:52.204+0000: [GC (Allocation Failure) 2020-10-29T09:44:52.204+0000: [ParNew: 38020K->4K(42752K), 0.0025233 secs] 454402K->416386K(709812K), 0.0025800 secs] [Times: user=0.01 sys=0.00, real=0.01 secs] 
2020-10-29T09:44:52.240+0000: [GC (Allocation Failure) 2020-10-29T09:44:52.240+0000: [ParNew: 38020K->4K(42752K), 0.0025539 secs] 454402K->416386K(709812K), 0.0026107 secs] [Times: user=0.01 sys=0.00, real=0.00 secs] 
2020-10-29T09:44:52.276+0000: [GC (Allocation Failure) 2020-10-29T09:44:52.276+0000: [ParNew: 38020K->4K(42752K), 0.0025235 secs] 454402K->416386K(709812K), 0.0025794 secs] [Times: user=0.01 sys=0.00, real=0.00 secs] 
2020-10-29T09:44:52.312+0000: [GC (Allocation Failure) 2020-10-29T09:44:52.312+0000: [ParNew: 38020K->4K(42752K), 0.0025190 secs] 454402K->416386K(709812K), 0.0025753 secs] [Times: user=0.01 sys=0.00, real=0.01 secs] 
2020-10-29T09:44:52.348+0000: [GC (Allocation Failure) 2020-10-29T09:44:52.349+0000: [ParNew: 38020K->4K(42752K), 0.0025117 secs] 454402K->416386K(709812K), 0.0025695 secs] [Times: user=0.01 sys=0.00, real=0.00 secs] 
2020-10-29T09:44:52.384+0000: [GC (Allocation Failure) 2020-10-29T09:44:52.384+0000: [ParNew: 38020K->4K(42752K), 0.0025523 secs] 454402K->416386K(709812K), 0.0026160 secs] [Times: user=0.01 sys=0.00, real=0.00 secs] 
2020-10-29T09:44:52.420+0000: [GC (Allocation Failure) 2020-10-29T09:44:52.420+0000: [ParNew: 38020K->4K(42752K), 0.0025317 secs] 454402K->416386K(709812K), 0.0025937 secs] [Times: user=0.01 sys=0.00, real=0.00 secs] 
2020-10-29T09:44:52.456+0000: [GC (Allocation Failure) 2020-10-29T09:44:52.457+0000: [ParNew: 38020K->4K(42752K), 0.0025180 secs] 454402K->416386K(709812K), 0.0025740 secs] [Times: user=0.01 sys=0.00, real=0.00 secs] 
2020-10-29T09:44:52.492+0000: [GC (Allocation Failure) 2020-10-29T09:44:52.492+0000: [ParNew: 38020K->4K(42752K), 0.0025752 secs] 454402K->416386K(709812K), 0.0026312 secs] [Times: user=0.00 sys=0.00, real=0.01 secs] 
2020-10-29T09:44:52.533+0000: [GC (Allocation Failure) 2020-10-29T09:44:52.533+0000: [ParNew: 38020K->4K(42752K), 0.0024920 secs] 454402K->416386K(709812K), 0.0025494 secs] [Times: user=0.00 sys=0.00, real=0.00 secs] 
2020-10-29T09:44:52.572+0000: [GC (Allocation Failure) 2020-10-29T09:44:52.573+0000: [ParNew: 38020K->4K(42752K), 0.0025056 secs] 454402K->416386K(709812K), 0.0025619 secs] [Times: user=0.01 sys=0.00, real=0.00 secs] 
2020-10-29T09:44:52.608+0000: [GC (Allocation Failure) 2020-10-29T09:44:52.608+0000: [ParNew: 38020K->4K(42752K), 0.0025624 secs] 454402K->416386K(709812K), 0.0026198 secs] [Times: user=0.01 sys=0.00, real=0.00 secs] 
2020-10-29T09:44:52.644+0000: [GC (Allocation Failure) 2020-10-29T09:44:52.644+0000: [ParNew: 38020K->4K(42752K), 0.0025313 secs] 454402K->416386K(709812K), 0.0025885 secs] [Times: user=0.01 sys=0.00, real=0.01 secs] 
2020-10-29T09:44:52.680+0000: [GC (Allocation Failure) 2020-10-29T09:44:52.681+0000: [ParNew: 38020K->4K(42752K), 0.0025224 secs] 454402K->416386K(709812K), 0.0025789 secs] [Times: user=0.01 sys=0.00, real=0.00 secs] 
2020-10-29T09:44:52.720+0000: [GC (Allocation Failure) 2020-10-29T09:44:52.720+0000: [ParNew: 38020K->4K(42752K), 0.0025102 secs] 454402K->416386K(709812K), 0.0025666 secs] [Times: user=0.00 sys=0.00, real=0.00 secs] 
2020-10-29T09:44:52.756+0000: [GC (Allocation Failure) 2020-10-29T09:44:52.756+0000: [ParNew: 38020K->4K(42752K), 0.0025260 secs] 454402K->416386K(709812K), 0.0025823 secs] [Times: user=0.00 sys=0.00, real=0.00 secs] 
2020-10-29T09:44:52.791+0000: [GC (Allocation Failure) 2020-10-29T09:44:52.791+0000: [ParNew: 38020K->4K(42752K), 0.0025069 secs] 454402K->416386K(709812K), 0.0025632 secs] [Times: user=0.00 sys=0.00, real=0.01 secs] 
2020-10-29T09:44:52.828+0000: [GC (Allocation Failure) 2020-10-29T09:44:52.829+0000: [ParNew: 38020K->4K(42752K), 0.0025243 secs] 454402K->416386K(709812K), 0.0025796 secs] [Times: user=0.01 sys=0.00, real=0.00 secs] 
2020-10-29T09:44:52.865+0000: [GC (Allocation Failure) 2020-10-29T09:44:52.865+0000: [ParNew: 38020K->4K(42752K), 0.0025131 secs] 454402K->416386K(709812K), 0.0025699 secs] [Times: user=0.00 sys=0.00, real=0.00 secs] 
2020-10-29T09:44:52.901+0000: [GC (Allocation Failure) 2020-10-29T09:44:52.901+0000: [ParNew: 38020K->4K(42752K), 0.0025148 secs] 454402K->416386K(709812K), 0.0025708 secs] [Times: user=0.00 sys=0.00, real=0.00 secs] 
2020-10-29T09:44:52.941+0000: [GC (Allocation Failure) 2020-10-29T09:44:52.941+0000: [ParNew: 38020K->4K(42752K), 0.0025187 secs] 454402K->416386K(709812K), 0.0025769 secs] [Times: user=0.00 sys=0.00, real=0.00 secs] 
2020-10-29T09:44:52.978+0000: [GC (Allocation Failure) 2020-10-29T09:44:52.978+0000: [ParNew: 38020K->4K(42752K), 0.0025065 secs] 454402K->416386K(709812K), 0.0025631 secs] [Times: user=0.01 sys=0.00, real=0.00 secs] 
2020-10-29T09:44:53.015+0000: [GC (Allocation Failure) 2020-10-29T09:44:53.015+0000: [ParNew: 38020K->4K(42752K), 0.0025610 secs] 454402K->416386K(709812K), 0.0026182 secs] [Times: user=0.00 sys=0.00, real=0.00 secs] 
2020-10-29T09:44:53.051+0000: [GC (Allocation Failure) 2020-10-29T09:44:53.051+0000: [ParNew: 38020K->4K(42752K), 0.0025219 secs] 454402K->416386K(709812K), 0.0025782 secs] [Times: user=0.00 sys=0.00, real=0.01 secs] 
2020-10-29T09:44:53.088+0000: [GC (Allocation Failure) 2020-10-29T09:44:53.089+0000: [ParNew: 38020K->4K(42752K), 0.0041194 secs] 454402K->416386K(709812K), 0.0041741 secs] [Times: user=0.01 sys=0.00, real=0.01 secs] 
2020-10-29T09:44:53.128+0000: [GC (Allocation Failure) 2020-10-29T09:44:53.129+0000: [ParNew: 38020K->4K(42752K), 0.0025123 secs] 454402K->416386K(709812K), 0.0025687 secs] [Times: user=0.01 sys=0.00, real=0.00 secs] 
2020-10-29T09:44:53.164+0000: [GC (Allocation Failure) 2020-10-29T09:44:53.164+0000: [ParNew: 38020K->4K(42752K), 0.0025073 secs] 454402K->416387K(709812K), 0.0025724 secs] [Times: user=0.01 sys=0.00, real=0.00 secs] 
2020-10-29T09:44:53.204+0000: [GC (Allocation Failure) 2020-10-29T09:44:53.204+0000: [ParNew: 38020K->4K(42752K), 0.0025201 secs] 454403K->416387K(709812K), 0.0025776 secs] [Times: user=0.00 sys=0.00, real=0.01 secs] 
2020-10-29T09:44:53.244+0000: [GC (Allocation Failure) 2020-10-29T09:44:53.244+0000: [ParNew: 38020K->4K(42752K), 0.0025038 secs] 454403K->416387K(709812K), 0.0025613 secs] [Times: user=0.00 sys=0.00, real=0.01 secs] 
2020-10-29T09:44:53.280+0000: [GC (Allocation Failure) 2020-10-29T09:44:53.280+0000: [ParNew: 38020K->4K(42752K), 0.0025323 secs] 454403K->416387K(709812K), 0.0025900 secs] [Times: user=0.01 sys=0.00, real=0.00 secs] 
2020-10-29T09:44:53.315+0000: [GC (Allocation Failure) 2020-10-29T09:44:53.315+0000: [ParNew: 38020K->4K(42752K), 0.0024957 secs] 454403K->416387K(709812K), 0.0025523 secs] [Times: user=0.01 sys=0.00, real=0.00 secs] 
2020-10-29T09:44:53.351+0000: [GC (Allocation Failure) 2020-10-29T09:44:53.351+0000: [ParNew: 38020K->4K(42752K), 0.0025205 secs] 454403K->416387K(709812K), 0.0025773 secs] [Times: user=0.01 sys=0.00, real=0.01 secs] 
2020-10-29T09:44:53.386+0000: [GC (Allocation Failure) 2020-10-29T09:44:53.387+0000: [ParNew: 38020K->4K(42752K), 0.0025486 secs] 454403K->416387K(709812K), 0.0026104 secs] [Times: user=0.01 sys=0.00, real=0.00 secs] 
2020-10-29T09:44:53.422+0000: [GC (Allocation Failure) 2020-10-29T09:44:53.422+0000: [ParNew: 38020K->4K(42752K), 0.0025937 secs] 454403K->416387K(709812K), 0.0026506 secs] [Times: user=0.01 sys=0.00, real=0.01 secs] 
2020-10-29T09:44:53.462+0000: [GC (Allocation Failure) 2020-10-29T09:44:53.462+0000: [ParNew: 38020K->4K(42752K), 0.0025424 secs] 454403K->416387K(709812K), 0.0026002 secs] [Times: user=0.00 sys=0.00, real=0.01 secs] 
2020-10-29T09:44:53.500+0000: [GC (Allocation Failure) 2020-10-29T09:44:53.500+0000: [ParNew: 37850K->4K(42752K), 0.0025052 secs] 454233K->416387K(709812K), 0.0025618 secs] [Times: user=0.01 sys=0.00, real=0.00 secs] 
2020-10-29T09:44:53.537+0000: [GC (Allocation Failure) 2020-10-29T09:44:53.537+0000: [ParNew: 38020K->4K(42752K), 0.0025115 secs] 454403K->416387K(709812K), 0.0025680 secs] [Times: user=0.01 sys=0.00, real=0.00 secs] 
2020-10-29T09:44:53.576+0000: [GC (Allocation Failure) 2020-10-29T09:44:53.576+0000: [ParNew: 38020K->4K(42752K), 0.0025103 secs] 454403K->416387K(709812K), 0.0025665 secs] [Times: user=0.01 sys=0.00, real=0.00 secs] 
2020-10-29T09:44:53.612+0000: [GC (Allocation Failure) 2020-10-29T09:44:53.612+0000: [ParNew: 38020K->4K(42752K), 0.0025039 secs] 454403K->416387K(709812K), 0.0025659 secs] [Times: user=0.00 sys=0.00, real=0.01 secs] 
2020-10-29T09:44:53.648+0000: [GC (Allocation Failure) 2020-10-29T09:44:53.648+0000: [ParNew: 38020K->4K(42752K), 0.0025293 secs] 454403K->416387K(709812K), 0.0025870 secs] [Times: user=0.00 sys=0.00, real=0.00 secs] 
2020-10-29T09:44:53.684+0000: [GC (Allocation Failure) 2020-10-29T09:44:53.684+0000: [ParNew: 38020K->4K(42752K), 0.0025078 secs] 454403K->416387K(709812K), 0.0025642 secs] [Times: user=0.00 sys=0.00, real=0.00 secs] 
2020-10-29T09:44:53.720+0000: [GC (Allocation Failure) 2020-10-29T09:44:53.720+0000: [ParNew: 38020K->4K(42752K), 0.0024998 secs] 454403K->416387K(709812K), 0.0025556 secs] [Times: user=0.01 sys=0.00, real=0.00 secs] 
2020-10-29T09:44:53.756+0000: [GC (Allocation Failure) 2020-10-29T09:44:53.756+0000: [ParNew: 38020K->4K(42752K), 0.0024960 secs] 454403K->416387K(709812K), 0.0025517 secs] [Times: user=0.00 sys=0.00, real=0.00 secs] 
2020-10-29T09:44:53.792+0000: [GC (Allocation Failure) 2020-10-29T09:44:53.793+0000: [ParNew: 38020K->4K(42752K), 0.0025004 secs] 454403K->416387K(709812K), 0.0025570 secs] [Times: user=0.01 sys=0.00, real=0.00 secs] 
2020-10-29T09:44:53.828+0000: [GC (Allocation Failure) 2020-10-29T09:44:53.828+0000: [ParNew: 38020K->4K(42752K), 0.0025327 secs] 454403K->416387K(709812K), 0.0025970 secs] [Times: user=0.01 sys=0.00, real=0.00 secs] 
2020-10-29T09:44:53.868+0000: [GC (Allocation Failure) 2020-10-29T09:44:53.868+0000: [ParNew: 38020K->4K(42752K), 0.0025284 secs] 454403K->416387K(709812K), 0.0025853 secs] [Times: user=0.01 sys=0.00, real=0.00 secs] 
2020-10-29T09:44:53.904+0000: [GC (Allocation Failure) 2020-10-29T09:44:53.905+0000: [ParNew: 38020K->4K(42752K), 0.0025219 secs] 454403K->416387K(709812K), 0.0025784 secs] [Times: user=0.01 sys=0.00, real=0.00 secs] 
2020-10-29T09:44:53.944+0000: [GC (Allocation Failure) 2020-10-29T09:44:53.944+0000: [ParNew: 38020K->4K(42752K), 0.0024985 secs] 454403K->416387K(709812K), 0.0025547 secs] [Times: user=0.01 sys=0.00, real=0.01 secs] 
2020-10-29T09:44:53.980+0000: [GC (Allocation Failure) 2020-10-29T09:44:53.980+0000: [ParNew: 38020K->4K(42752K), 0.0025140 secs] 454403K->416387K(709812K), 0.0025701 secs] [Times: user=0.01 sys=0.00, real=0.00 secs] 
2020-10-29T09:44:54.016+0000: [GC (Allocation Failure) 2020-10-29T09:44:54.017+0000: [ParNew: 38020K->4K(42752K), 0.0025662 secs] 454403K->416387K(709812K), 0.0026222 secs] [Times: user=0.00 sys=0.00, real=0.00 secs] 
2020-10-29T09:44:54.053+0000: [GC (Allocation Failure) 2020-10-29T09:44:54.053+0000: [ParNew: 38020K->4K(42752K), 0.0025034 secs] 454403K->416387K(709812K), 0.0025597 secs] [Times: user=0.01 sys=0.00, real=0.00 secs] 
2020-10-29T09:44:54.089+0000: [GC (Allocation Failure) 2020-10-29T09:44:54.089+0000: [ParNew: 38020K->4K(42752K), 0.0024891 secs] 454403K->416387K(709812K), 0.0025451 secs] [Times: user=0.01 sys=0.00, real=0.00 secs] 
2020-10-29T09:44:54.124+0000: [GC (Allocation Failure) 2020-10-29T09:44:54.124+0000: [ParNew: 38020K->4K(42752K), 0.0025092 secs] 454403K->416387K(709812K), 0.0025662 secs] [Times: user=0.01 sys=0.00, real=0.01 secs] 
2020-10-29T09:44:54.160+0000: [GC (Allocation Failure) 2020-10-29T09:44:54.160+0000: [ParNew: 38020K->4K(42752K), 0.0025136 secs] 454403K->416387K(709812K), 0.0025691 secs] [Times: user=0.00 sys=0.00, real=0.00 secs] 
2020-10-29T09:44:54.195+0000: [GC (Allocation Failure) 2020-10-29T09:44:54.195+0000: [ParNew: 38020K->4K(42752K), 0.0025131 secs] 454403K->416387K(709812K), 0.0025736 secs] [Times: user=0.00 sys=0.00, real=0.00 secs] 
2020-10-29T09:44:54.235+0000: [GC (Allocation Failure) 2020-10-29T09:44:54.235+0000: [ParNew: 38020K->4K(42752K), 0.0025343 secs] 454403K->416387K(709812K), 0.0025935 secs] [Times: user=0.00 sys=0.00, real=0.00 secs] 
2020-10-29T09:44:54.272+0000: [GC (Allocation Failure) 2020-10-29T09:44:54.273+0000: [ParNew: 38020K->4K(42752K), 0.0025298 secs] 454403K->416387K(709812K), 0.0025884 secs] [Times: user=0.01 sys=0.00, real=0.00 secs] 
2020-10-29T09:44:54.312+0000: [GC (Allocation Failure) 2020-10-29T09:44:54.312+0000: [ParNew: 38020K->2K(42752K), 0.0042285 secs] 454403K->416385K(709812K), 0.0042866 secs] [Times: user=0.00 sys=0.00, real=0.01 secs] 
2020-10-29T09:44:54.349+0000: [GC (Allocation Failure) 2020-10-29T09:44:54.349+0000: [ParNew: 38018K->4K(42752K), 0.0025348 secs] 454401K->416387K(709812K), 0.0025910 secs] [Times: user=0.00 sys=0.00, real=0.00 secs] 
2020-10-29T09:44:54.385+0000: [GC (Allocation Failure) 2020-10-29T09:44:54.385+0000: [ParNew: 38020K->4K(42752K), 0.0025079 secs] 454403K->416387K(709812K), 0.0025645 secs] [Times: user=0.01 sys=0.00, real=0.00 secs] 
2020-10-29T09:44:54.421+0000: [GC (Allocation Failure) 2020-10-29T09:44:54.421+0000: [ParNew: 38020K->4K(42752K), 0.0025075 secs] 454403K->416387K(709812K), 0.0025652 secs] [Times: user=0.01 sys=0.00, real=0.00 secs] 
2020-10-29T09:44:54.460+0000: [GC (Allocation Failure) 2020-10-29T09:44:54.460+0000: [ParNew: 38020K->4K(42752K), 0.0025044 secs] 454403K->416387K(709812K), 0.0025849 secs] [Times: user=0.00 sys=0.00, real=0.00 secs] 
2020-10-29T09:44:54.496+0000: [GC (Allocation Failure) 2020-10-29T09:44:54.497+0000: [ParNew: 38020K->4K(42752K), 0.0025104 secs] 454403K->416387K(709812K), 0.0025672 secs] [Times: user=0.01 sys=0.00, real=0.00 secs] 
2020-10-29T09:44:54.536+0000: [GC (Allocation Failure) 2020-10-29T09:44:54.536+0000: [ParNew: 38020K->4K(42752K), 0.0025415 secs] 454403K->416387K(709812K), 0.0025992 secs] [Times: user=0.01 sys=0.00, real=0.00 secs] 
2020-10-29T09:44:54.572+0000: [GC (Allocation Failure) 2020-10-29T09:44:54.573+0000: [ParNew: 38020K->4K(42752K), 0.0025130 secs] 454403K->416387K(709812K), 0.0025772 secs] [Times: user=0.00 sys=0.00, real=0.00 secs] 
2020-10-29T09:44:54.608+0000: [GC (Allocation Failure) 2020-10-29T09:44:54.609+0000: [ParNew: 38020K->4K(42752K), 0.0025329 secs] 454403K->416387K(709812K), 0.0025893 secs] [Times: user=0.00 sys=0.00, real=0.00 secs] 
2020-10-29T09:44:54.648+0000: [GC (Allocation Failure) 2020-10-29T09:44:54.648+0000: [ParNew: 38020K->4K(42752K), 0.0025121 secs] 454403K->416387K(709812K), 0.0025694 secs] [Times: user=0.01 sys=0.00, real=0.00 secs] 
2020-10-29T09:44:54.683+0000: [GC (Allocation Failure) 2020-10-29T09:44:54.683+0000: [ParNew: 38020K->4K(42752K), 0.0025000 secs] 454403K->416387K(709812K), 0.0025560 secs] [Times: user=0.00 sys=0.00, real=0.01 secs] 
2020-10-29T09:44:54.720+0000: [GC (Allocation Failure) 2020-10-29T09:44:54.721+0000: [ParNew: 38020K->4K(42752K), 0.0025053 secs] 454403K->416387K(709812K), 0.0025613 secs] [Times: user=0.00 sys=0.00, real=0.00 secs] 
2020-10-29T09:44:54.760+0000: [GC (Allocation Failure) 2020-10-29T09:44:54.760+0000: [ParNew: 38020K->4K(42752K), 0.0025403 secs] 454403K->416387K(709812K), 0.0025986 secs] [Times: user=0.00 sys=0.00, real=0.00 secs] 
2020-10-29T09:44:54.796+0000: [GC (Allocation Failure) 2020-10-29T09:44:54.797+0000: [ParNew: 38020K->4K(42752K), 0.0025012 secs] 454403K->416387K(709812K), 0.0025573 secs] [Times: user=0.01 sys=0.00, real=0.00 secs] 
2020-10-29T09:44:54.832+0000: [GC (Allocation Failure) 2020-10-29T09:44:54.832+0000: [ParNew: 38020K->4K(42752K), 0.0025093 secs] 454403K->416387K(709812K), 0.0025659 secs] [Times: user=0.01 sys=0.00, real=0.01 secs] 
2020-10-29T09:44:54.869+0000: [GC (Allocation Failure) 2020-10-29T09:44:54.869+0000: [ParNew: 38020K->4K(42752K), 0.0025070 secs] 454403K->416387K(709812K), 0.0025639 secs] [Times: user=0.01 sys=0.00, real=0.00 secs] 
2020-10-29T09:44:54.908+0000: [GC (Allocation Failure) 2020-10-29T09:44:54.908+0000: [ParNew: 38020K->4K(42752K), 0.0025193 secs] 454403K->416387K(709812K), 0.0025754 secs] [Times: user=0.00 sys=0.00, real=0.00 secs] 
2020-10-29T09:44:54.944+0000: [GC (Allocation Failure) 2020-10-29T09:44:54.945+0000: [ParNew: 38020K->4K(42752K), 0.0025017 secs] 454403K->416387K(709812K), 0.0025589 secs] [Times: user=0.01 sys=0.00, real=0.00 secs] 
2020-10-29T09:44:54.981+0000: [GC (Allocation Failure) 2020-10-29T09:44:54.981+0000: [ParNew: 38020K->4K(42752K), 0.0025049 secs] 454403K->416387K(709812K), 0.0025611 secs] [Times: user=0.01 sys=0.00, real=0.00 secs] 
2020-10-29T09:44:55.017+0000: [GC (Allocation Failure) 2020-10-29T09:44:55.017+0000: [ParNew: 38020K->4K(42752K), 0.0025179 secs] 454403K->416387K(709812K), 0.0025755 secs] [Times: user=0.01 sys=0.00, real=0.00 secs] 
2020-10-29T09:44:55.056+0000: [GC (Allocation Failure) 2020-10-29T09:44:55.056+0000: [ParNew: 38020K->4K(42752K), 0.0025308 secs] 454403K->416387K(709812K), 0.0025893 secs] [Times: user=0.00 sys=0.00, real=0.00 secs] 
2020-10-29T09:44:55.093+0000: [GC (Allocation Failure) 2020-10-29T09:44:55.093+0000: [ParNew: 38020K->4K(42752K), 0.0025313 secs] 454403K->416387K(709812K), 0.0025869 secs] [Times: user=0.01 sys=0.00, real=0.00 secs] 
2020-10-29T09:44:55.129+0000: [GC (Allocation Failure) 2020-10-29T09:44:55.129+0000: [ParNew: 38020K->4K(42752K), 0.0025043 secs] 454403K->416387K(709812K), 0.0025598 secs] [Times: user=0.01 sys=0.00, real=0.00 secs] 
2020-10-29T09:44:55.168+0000: [GC (Allocation Failure) 2020-10-29T09:44:55.168+0000: [ParNew: 38020K->4K(42752K), 0.0025036 secs] 454403K->416387K(709812K), 0.0025601 secs] [Times: user=0.00 sys=0.00, real=0.00 secs] 
2020-10-29T09:44:55.206+0000: [GC (Allocation Failure) 2020-10-29T09:44:55.206+0000: [ParNew: 38020K->4K(42752K), 0.0025177 secs] 454403K->416387K(709812K), 0.0025739 secs] [Times: user=0.00 sys=0.00, real=0.00 secs] 
2020-10-29T09:44:55.244+0000: [GC (Allocation Failure) 2020-10-29T09:44:55.245+0000: [ParNew: 38020K->4K(42752K), 0.0025074 secs] 454403K->416387K(709812K), 0.0025640 secs] [Times: user=0.01 sys=0.00, real=0.00 secs] 
2020-10-29T09:44:55.280+0000: [GC (Allocation Failure) 2020-10-29T09:44:55.280+0000: [ParNew: 38020K->4K(42752K), 0.0025137 secs] 454403K->416387K(709812K), 0.0025843 secs] [Times: user=0.01 sys=0.00, real=0.00 secs] 
2020-10-29T09:44:55.315+0000: [GC (Allocation Failure) 2020-10-29T09:44:55.315+0000: [ParNew: 38020K->4K(42752K), 0.0025200 secs] 454403K->416387K(709812K), 0.0025760 secs] [Times: user=0.00 sys=0.00, real=0.00 secs] 
2020-10-29T09:44:55.352+0000: [GC (Allocation Failure) 2020-10-29T09:44:55.353+0000: [ParNew: 38020K->4K(42752K), 0.0024978 secs] 454403K->416387K(709812K), 0.0025535 secs] [Times: user=0.00 sys=0.00, real=0.00 secs] 
2020-10-29T09:44:55.388+0000: [GC (Allocation Failure) 2020-10-29T09:44:55.388+0000: [ParNew: 38020K->4K(42752K), 0.0025827 secs] 454403K->416387K(709812K), 0.0026554 secs] [Times: user=0.00 sys=0.00, real=0.00 secs] 
2020-10-29T09:44:55.428+0000: [GC (Allocation Failure) 2020-10-29T09:44:55.428+0000: [ParNew: 38020K->4K(42752K), 0.0025058 secs] 454403K->416387K(709812K), 0.0025622 secs] [Times: user=0.00 sys=0.00, real=0.00 secs] 
2020-10-29T09:44:55.464+0000: [GC (Allocation Failure) 2020-10-29T09:44:55.464+0000: [ParNew: 38020K->4K(42752K), 0.0025134 secs] 454403K->416387K(709812K), 0.0025703 secs] [Times: user=0.01 sys=0.00, real=0.01 secs] 
2020-10-29T09:44:55.500+0000: [GC (Allocation Failure) 2020-10-29T09:44:55.500+0000: [ParNew: 38020K->4K(42752K), 0.0025229 secs] 454403K->416387K(709812K), 0.0025815 secs] [Times: user=0.01 sys=0.00, real=0.00 secs] 
2020-10-29T09:44:55.536+0000: [GC (Allocation Failure) 2020-10-29T09:44:55.537+0000: [ParNew: 38020K->4K(42752K), 0.0025302 secs] 454403K->416387K(709812K), 0.0025872 secs] [Times: user=0.00 sys=0.00, real=0.00 secs] 
2020-10-29T09:44:55.572+0000: [GC (Allocation Failure) 2020-10-29T09:44:55.572+0000: [ParNew: 38020K->4K(42752K), 0.0025434 secs] 454403K->416387K(709812K), 0.0025994 secs] [Times: user=0.00 sys=0.00, real=0.00 secs] 
2020-10-29T09:44:55.608+0000: [GC (Allocation Failure) 2020-10-29T09:44:55.609+0000: [ParNew: 38020K->4K(42752K), 0.0025409 secs] 454403K->416387K(709812K), 0.0026173 secs] [Times: user=0.01 sys=0.00, real=0.00 secs] 
2020-10-29T09:44:55.647+0000: [GC (Allocation Failure) 2020-10-29T09:44:55.647+0000: [ParNew: 38020K->4K(42752K), 0.0025328 secs] 454403K->416387K(709812K), 0.0025889 secs] [Times: user=0.00 sys=0.00, real=0.00 secs] 
2020-10-29T09:44:55.683+0000: [GC (Allocation Failure) 2020-10-29T09:44:55.683+0000: [ParNew: 38020K->4K(42752K), 0.0025321 secs] 454403K->416387K(709812K), 0.0025892 secs] [Times: user=0.00 sys=0.00, real=0.01 secs] 
2020-10-29T09:44:55.720+0000: [GC (Allocation Failure) 2020-10-29T09:44:55.721+0000: [ParNew: 38020K->4K(42752K), 0.0024995 secs] 454403K->416387K(709812K), 0.0025479 secs] [Times: user=0.01 sys=0.01, real=0.00 secs] 
2020-10-29T09:44:55.753+0000: [GC (Allocation Failure) 2020-10-29T09:44:55.753+0000: [ParNew: 33589K->4K(42752K), 0.0025057 secs] 449972K->416387K(709812K), 0.0025638 secs] [Times: user=0.00 sys=0.00, real=0.00 secs] 
2020-10-29T09:44:55.777+0000: [GC (Allocation Failure) 2020-10-29T09:44:55.777+0000: [ParNew: 38020K->4K(42752K), 0.0139063 secs] 454403K->432771K(709812K), 0.0139659 secs] [Times: user=0.02 sys=0.01, real=0.01 secs] 
2020-10-29T09:44:55.828+0000: [GC (Allocation Failure) 2020-10-29T09:44:55.829+0000: [ParNew: 38020K->4K(42752K), 0.0024952 secs] 470787K->432771K(709812K), 0.0025511 secs] [Times: user=0.01 sys=0.00, real=0.00 secs] 
2020-10-29T09:44:55.868+0000: [GC (Allocation Failure) 2020-10-29T09:44:55.868+0000: [ParNew: 38020K->4K(42752K), 0.0025269 secs] 470787K->432771K(709812K), 0.0025849 secs] [Times: user=0.00 sys=0.00, real=0.00 secs] 
2020-10-29T09:44:55.904+0000: [GC (Allocation Failure) 2020-10-29T09:44:55.904+0000: [ParNew: 38020K->4K(42752K), 0.0025125 secs] 470787K->432771K(709812K), 0.0025686 secs] [Times: user=0.00 sys=0.00, real=0.01 secs] 
2020-10-29T09:44:55.940+0000: [GC (Allocation Failure) 2020-10-29T09:44:55.940+0000: [ParNew: 38020K->4K(42752K), 0.0025213 secs] 470787K->432771K(709812K), 0.0025859 secs] [Times: user=0.00 sys=0.00, real=0.00 secs] 
2020-10-29T09:44:55.976+0000: [GC (Allocation Failure) 2020-10-29T09:44:55.976+0000: [ParNew: 38020K->4K(42752K), 0.0025289 secs] 470787K->432771K(709812K), 0.0025858 secs] [Times: user=0.00 sys=0.00, real=0.00 secs] 
2020-10-29T09:44:56.016+0000: [GC (Allocation Failure) 2020-10-29T09:44:56.017+0000: [ParNew: 38020K->4K(42752K), 0.0025249 secs] 470787K->432771K(709812K), 0.0025812 secs] [Times: user=0.01 sys=0.00, real=0.00 secs] 
2020-10-29T09:44:56.053+0000: [GC (Allocation Failure) 2020-10-29T09:44:56.053+0000: [ParNew: 38020K->4K(42752K), 0.0024888 secs] 470787K->432771K(709812K), 0.0025449 secs] [Times: user=0.01 sys=0.00, real=0.00 secs] 
2020-10-29T09:44:56.088+0000: [CMS-concurrent-abortable-preclean: 0.195/4.908 secs] [Times: user=9.14 sys=0.30, real=4.91 secs] 
2020-10-29T09:44:56.096+0000: [GC (CMS Final Remark) [YG occupancy: 34544 K (42752 K)]2020-10-29T09:44:56.096+0000: [Rescan (parallel) , 0.0229978 secs]2020-10-29T09:44:56.120+0000: [weak refs processing, 0.0000651 secs]2020-10-29T09:44:56.120+0000: [class unloading, 0.0078614 secs]2020-10-29T09:44:56.127+0000: [scrub symbol table, 0.0089400 secs]2020-10-29T09:44:56.136+0000: [scrub string table, 0.0005585 secs][1 CMS-remark: 432767K(667060K)] 467312K(709812K), 0.0405518 secs] [Times: user=0.06 sys=0.00, real=0.04 secs] 
2020-10-29T09:44:56.142+0000: [CMS-concurrent-sweep-start]
2020-10-29T09:44:56.145+0000: [GC (Allocation Failure) 2020-10-29T09:44:56.145+0000: [ParNew: 38020K->17K(42752K), 0.0024611 secs] 470782K->432779K(709812K), 0.0025039 secs] [Times: user=0.01 sys=0.00, real=0.00 secs] 
2020-10-29T09:44:56.161+0000: [CMS-concurrent-sweep: 0.017/0.020 secs] [Times: user=0.04 sys=0.00, real=0.02 secs] 
2020-10-29T09:44:56.161+0000: [CMS-concurrent-reset-start]
2020-10-29T09:44:56.170+0000: [CMS-concurrent-reset: 0.009/0.009 secs] [Times: user=0.01 sys=0.00, real=0.01 secs] 
2020-10-29T09:44:56.186+0000: [GC (Allocation Failure) 2020-10-29T09:44:56.186+0000: [ParNew: 38033K->5K(42752K), 0.0025408 secs] 299912K->261884K(709812K), 0.0025947 secs] [Times: user=0.00 sys=0.00, real=0.00 secs] 
2020-10-29T09:44:56.225+0000: [GC (Allocation Failure) 2020-10-29T09:44:56.225+0000: [ParNew: 38021K->7K(42752K), 0.0024988 secs] 299900K->261886K(709812K), 0.0025552 secs] [Times: user=0.01 sys=0.01, real=0.00 secs] 
2020-10-29T09:44:56.259+0000: [GC (Allocation Failure) 2020-10-29T09:44:56.260+0000: [ParNew: 38023K->7K(42752K), 0.0025081 secs] 299902K->261886K(709812K), 0.0025653 secs] [Times: user=0.00 sys=0.00, real=0.00 secs] 
2020-10-29T09:44:56.296+0000: [GC (Allocation Failure) 2020-10-29T09:44:56.296+0000: [ParNew: 38023K->7K(42752K), 0.0025013 secs] 299902K->261886K(709812K), 0.0025524 secs] [Times: user=0.00 sys=0.00, real=0.00 secs] 
2020-10-29T09:44:56.331+0000: [GC (Allocation Failure) 2020-10-29T09:44:56.331+0000: [ParNew: 38023K->7K(42752K), 0.0024848 secs] 299902K->261886K(709812K), 0.0025415 secs] [Times: user=0.01 sys=0.00, real=0.01 secs] 
2020-10-29T09:44:56.368+0000: [GC (Allocation Failure) 2020-10-29T09:44:56.369+0000: [ParNew: 38023K->4K(42752K), 0.0025772 secs] 299902K->261886K(709812K), 0.0026337 secs] [Times: user=0.01 sys=0.00, real=0.00 secs] 
2020-10-29T09:44:56.404+0000: [GC (Allocation Failure) 2020-10-29T09:44:56.404+0000: [ParNew: 38020K->4K(42752K), 0.0025066 secs] 299902K->261885K(709812K), 0.0025629 secs] [Times: user=0.01 sys=0.00, real=0.01 secs] 
2020-10-29T09:44:56.440+0000: [GC (Allocation Failure) 2020-10-29T09:44:56.441+0000: [ParNew: 38020K->4K(42752K), 0.0025038 secs] 299901K->261885K(709812K), 0.0025594 secs] [Times: user=0.01 sys=0.00, real=0.00 secs] 
2020-10-29T09:44:56.476+0000: [GC (Allocation Failure) 2020-10-29T09:44:56.476+0000: [ParNew: 38020K->4K(42752K), 0.0025059 secs] 299901K->261885K(709812K), 0.0025633 secs] [Times: user=0.01 sys=0.00, real=0.00 secs] 
2020-10-29T09:44:56.512+0000: [GC (Allocation Failure) 2020-10-29T09:44:56.512+0000: [ParNew: 38020K->4K(42752K), 0.0024979 secs] 299901K->261885K(709812K), 0.0025543 secs] [Times: user=0.01 sys=0.00, real=0.00 secs] 
2020-10-29T09:44:56.548+0000: [GC (Allocation Failure) 2020-10-29T09:44:56.549+0000: [ParNew: 38020K->4K(42752K), 0.0024737 secs] 299901K->261885K(709812K), 0.0025308 secs] [Times: user=0.01 sys=0.00, real=0.00 secs] 
2020-10-29T09:44:56.584+0000: [GC (Allocation Failure) 2020-10-29T09:44:56.585+0000: [ParNew: 38020K->4K(42752K), 0.0024839 secs] 299901K->261885K(709812K), 0.0025402 secs] [Times: user=0.00 sys=0.00, real=0.00 secs] 
2020-10-29T09:44:56.621+0000: [GC (Allocation Failure) 2020-10-29T09:44:56.621+0000: [ParNew: 38020K->4K(42752K), 0.0025457 secs] 299901K->261885K(709812K), 0.0026045 secs] [Times: user=0.00 sys=0.00, real=0.00 secs] 
2020-10-29T09:44:56.656+0000: [GC (Allocation Failure) 2020-10-29T09:44:56.656+0000: [ParNew: 38020K->4K(42752K), 0.0025469 secs] 299901K->261885K(709812K), 0.0026027 secs] [Times: user=0.00 sys=0.00, real=0.00 secs] 
2020-10-29T09:44:56.692+0000: [GC (Allocation Failure) 2020-10-29T09:44:56.693+0000: [ParNew: 38020K->4K(42752K), 0.0024869 secs] 299901K->261885K(709812K), 0.0025426 secs] [Times: user=0.01 sys=0.00, real=0.00 secs] 
2020-10-29T09:44:56.728+0000: [GC (Allocation Failure) 2020-10-29T09:44:56.728+0000: [ParNew: 38020K->4K(42752K), 0.0025219 secs] 299901K->261885K(709812K), 0.0025795 secs] [Times: user=0.01 sys=0.00, real=0.00 secs] 
2020-10-29T09:44:56.764+0000: [GC (Allocation Failure) 2020-10-29T09:44:56.764+0000: [ParNew: 38020K->4K(42752K), 0.0025897 secs] 299901K->261885K(709812K), 0.0026467 secs] [Times: user=0.01 sys=0.00, real=0.01 secs] 
2020-10-29T09:44:56.802+0000: [GC (Allocation Failure) 2020-10-29T09:44:56.802+0000: [ParNew: 38020K->4K(42752K), 0.0025151 secs] 299901K->261885K(709812K), 0.0025931 secs] [Times: user=0.01 sys=0.00, real=0.01 secs] 
2020-10-29T09:44:56.837+0000: [GC (Allocation Failure) 2020-10-29T09:44:56.837+0000: [ParNew: 38020K->4K(42752K), 0.0025338 secs] 299901K->261885K(709812K), 0.0025960 secs] [Times: user=0.01 sys=0.00, real=0.00 secs] 
2020-10-29T09:44:56.872+0000: [GC (Allocation Failure) 2020-10-29T09:44:56.872+0000: [ParNew: 38020K->4K(42752K), 0.0025224 secs] 299901K->261885K(709812K), 0.0025788 secs] [Times: user=0.01 sys=0.00, real=0.00 secs] 
2020-10-29T09:44:56.908+0000: [GC (Allocation Failure) 2020-10-29T09:44:56.908+0000: [ParNew: 38020K->4K(42752K), 0.0025093 secs] 299901K->261885K(709812K), 0.0025661 secs] [Times: user=0.00 sys=0.00, real=0.00 secs] 
2020-10-29T09:44:56.944+0000: [GC (Allocation Failure) 2020-10-29T09:44:56.945+0000: [ParNew: 38020K->4K(42752K), 0.0025213 secs] 299901K->261886K(709812K), 0.0025792 secs] [Times: user=0.01 sys=0.00, real=0.00 secs] 
2020-10-29T09:44:56.980+0000: [GC (Allocation Failure) 2020-10-29T09:44:56.981+0000: [ParNew: 38020K->4K(42752K), 0.0024854 secs] 299902K->261886K(709812K), 0.0025418 secs] [Times: user=0.00 sys=0.00, real=0.00 secs] 
2020-10-29T09:44:57.020+0000: [GC (Allocation Failure) 2020-10-29T09:44:57.020+0000: [ParNew: 38020K->4K(42752K), 0.0025099 secs] 299902K->261886K(709812K), 0.0025667 secs] [Times: user=0.01 sys=0.00, real=0.00 secs] 
2020-10-29T09:44:57.364+0000: [GC (Allocation Failure) 2020-10-29T09:44:57.365+0000: [ParNew: 38020K->145K(42752K), 0.0026158 secs] 299902K->262027K(709812K), 0.0026700 secs] [Times: user=0.00 sys=0.00, real=0.00 secs] 
2020-10-29T09:44:57.528+0000: [GC (Allocation Failure) 2020-10-29T09:44:57.528+0000: [ParNew: 38161K->20K(42752K), 0.0025683 secs] 300043K->261902K(709812K), 0.0026270 secs] [Times: user=0.01 sys=0.00, real=0.00 secs] 
2020-10-29T09:44:57.634+0000: [GC (Allocation Failure) 2020-10-29T09:44:57.634+0000: [ParNew: 38036K->21K(42752K), 0.0025272 secs] 299918K->261903K(709812K), 0.0025853 secs] [Times: user=0.00 sys=0.00, real=0.00 secs] 
2020-10-29T09:44:57.727+0000: [GC (Allocation Failure) 2020-10-29T09:44:57.727+0000: [ParNew: 38037K->22K(42752K), 0.0025895 secs] 299919K->261904K(709812K), 0.0026383 secs] [Times: user=0.01 sys=0.00, real=0.00 secs] 
2020-10-29T09:44:57.800+0000: [GC (Allocation Failure) 2020-10-29T09:44:57.801+0000: [ParNew: 38038K->22K(42752K), 0.0032519 secs] 299920K->261904K(709812K), 0.0033093 secs] [Times: user=0.00 sys=0.00, real=0.00 secs] 
2020-10-29T09:44:57.884+0000: [GC (Allocation Failure) 2020-10-29T09:44:57.884+0000: [ParNew: 38038K->22K(42752K), 0.0025535 secs] 299920K->261904K(709812K), 0.0026110 secs] [Times: user=0.01 sys=0.00, real=0.01 secs] 
2020-10-29T09:44:57.944+0000: [GC (Allocation Failure) 2020-10-29T09:44:57.944+0000: [ParNew: 38038K->14K(42752K), 0.0025846 secs] 299920K->261912K(709812K), 0.0026641 secs] [Times: user=0.01 sys=0.00, real=0.01 secs] 
2020-10-29T09:44:57.992+0000: [GC (Allocation Failure) 2020-10-29T09:44:57.993+0000: [ParNew: 38030K->4K(42752K), 0.0024791 secs] 299928K->261901K(709812K), 0.0025378 secs] [Times: user=0.00 sys=0.00, real=0.00 secs] 
2020-10-29T09:44:58.030+0000: [GC (Allocation Failure) 2020-10-29T09:44:58.030+0000: [ParNew: 38020K->4K(42752K), 0.0025243 secs] 299917K->261901K(709812K), 0.0025803 secs] [Times: user=0.01 sys=0.00, real=0.01 secs] 
2020-10-29T09:44:58.067+0000: [GC (Allocation Failure) 2020-10-29T09:44:58.067+0000: [ParNew: 38020K->4K(42752K), 0.0024694 secs] 299917K->261901K(709812K), 0.0025269 secs] [Times: user=0.01 sys=0.00, real=0.00 secs] 
2020-10-29T09:44:58.105+0000: [GC (Allocation Failure) 2020-10-29T09:44:58.106+0000: [ParNew: 38020K->4K(42752K), 0.0024661 secs] 299917K->261901K(709812K), 0.0025231 secs] [Times: user=0.00 sys=0.00, real=0.00 secs] 
2020-10-29T09:44:58.142+0000: [GC (Allocation Failure) 2020-10-29T09:44:58.142+0000: [ParNew: 38020K->4K(42752K), 0.0024930 secs] 299917K->261901K(709812K), 0.0025490 secs] [Times: user=0.01 sys=0.00, real=0.01 secs] 
2020-10-29T09:44:58.179+0000: [GC (Allocation Failure) 2020-10-29T09:44:58.179+0000: [ParNew: 38020K->4K(42752K), 0.0025172 secs] 299917K->261901K(709812K), 0.0025739 secs] [Times: user=0.00 sys=0.00, real=0.00 secs] 
2020-10-29T09:44:58.237+0000: [GC (Allocation Failure) 2020-10-29T09:44:58.237+0000: [ParNew: 38020K->4K(42752K), 0.0024767 secs] 299917K->261901K(709812K), 0.0025299 secs] [Times: user=0.00 sys=0.00, real=0.00 secs] 
2020-10-29T09:44:59.272+0000: [GC (Allocation Failure) 2020-10-29T09:44:59.272+0000: [ParNew: 38020K->1355K(42752K), 0.0037012 secs] 299917K->263253K(709812K), 0.0037735 secs] [Times: user=0.01 sys=0.00, real=0.01 secs] 
2020-10-29T09:44:59.329+0000: [GC (Allocation Failure) 2020-10-29T09:44:59.329+0000: [ParNew: 39371K->1480K(42752K), 0.0034810 secs] 301269K->263378K(709812K), 0.0035384 secs] [Times: user=0.01 sys=0.00, real=0.00 secs] 
2020-10-29T09:44:59.370+0000: [GC (Allocation Failure) 2020-10-29T09:44:59.370+0000: [ParNew: 39496K->1684K(42752K), 0.0034957 secs] 301394K->263582K(709812K), 0.0035530 secs] [Times: user=0.01 sys=0.00, real=0.01 secs] 
2020-10-29T09:44:59.412+0000: [GC (Allocation Failure) 2020-10-29T09:44:59.413+0000: [ParNew: 39700K->2062K(42752K), 0.0034789 secs] 301598K->263959K(709812K), 0.0035367 secs] [Times: user=0.01 sys=0.00, real=0.00 secs] 
2020-10-29T09:44:59.461+0000: [GC (Allocation Failure) 2020-10-29T09:44:59.461+0000: [ParNew: 40078K->2511K(42752K), 0.0035334 secs] 301975K->264409K(709812K), 0.0035909 secs] [Times: user=0.00 sys=0.01, real=0.01 secs] 
2020-10-29T09:44:59.512+0000: [GC (Allocation Failure) 2020-10-29T09:44:59.512+0000: [ParNew: 40527K->2796K(42752K), 0.0035647 secs] 302425K->264695K(709812K), 0.0036218 secs] [Times: user=0.01 sys=0.00, real=0.01 secs] 
2020-10-29T09:44:59.573+0000: [GC (Allocation Failure) 2020-10-29T09:44:59.573+0000: [ParNew: 40812K->2131K(42752K), 0.0040243 secs] 302711K->265154K(709812K), 0.0041047 secs] [Times: user=0.01 sys=0.00, real=0.00 secs] 
2020-10-29T09:44:59.631+0000: [GC (Allocation Failure) 2020-10-29T09:44:59.631+0000: [ParNew: 40147K->3221K(42752K), 0.0030232 secs] 303170K->266244K(709812K), 0.0030805 secs] [Times: user=0.00 sys=0.00, real=0.01 secs] 
2020-10-29T09:44:59.684+0000: [GC (Allocation Failure) 2020-10-29T09:44:59.684+0000: [ParNew: 41237K->2085K(42752K), 0.0029941 secs] 304260K->266133K(709812K), 0.0030520 secs] [Times: user=0.00 sys=0.00, real=0.00 secs] 
2020-10-29T09:44:59.736+0000: [GC (Allocation Failure) 2020-10-29T09:44:59.737+0000: [ParNew: 40101K->2057K(42752K), 0.0028402 secs] 304149K->266105K(709812K), 0.0029201 secs] [Times: user=0.01 sys=0.00, real=0.00 secs] 
2020-10-29T09:44:59.803+0000: [GC (Allocation Failure) 2020-10-29T09:44:59.803+0000: [ParNew: 40073K->2052K(42752K), 0.0027809 secs] 304121K->266099K(709812K), 0.0028665 secs] [Times: user=0.01 sys=0.00, real=0.01 secs] 
2020-10-29T09:44:59.881+0000: [GC (Allocation Failure) 2020-10-29T09:44:59.881+0000: [ParNew: 40068K->2052K(42752K), 0.0028157 secs] 304115K->266099K(709812K), 0.0028901 secs] [Times: user=0.01 sys=0.00, real=0.00 secs] 
2020-10-29T09:44:59.960+0000: [GC (Allocation Failure) 2020-10-29T09:44:59.960+0000: [ParNew: 40068K->4100K(42752K), 0.0035482 secs] 304115K->270195K(709812K), 0.0036229 secs] [Times: user=0.01 sys=0.00, real=0.00 secs] 
2020-10-29T09:45:00.020+0000: [GC (Allocation Failure) 2020-10-29T09:45:00.020+0000: [ParNew: 42116K->4K(42752K), 0.0028446 secs] 308211K->268147K(709812K), 0.0029015 secs] [Times: user=0.00 sys=0.00, real=0.00 secs] 
2020-10-29T09:45:00.072+0000: [GC (Allocation Failure) 2020-10-29T09:45:00.073+0000: [ParNew: 38020K->4K(42752K), 0.0027237 secs] 306163K->268147K(709812K), 0.0027809 secs] [Times: user=0.00 sys=0.00, real=0.00 secs] 
2020-10-29T09:45:00.120+0000: [GC (Allocation Failure) 2020-10-29T09:45:00.121+0000: [ParNew: 38020K->4K(42752K), 0.0025587 secs] 306163K->268147K(709812K), 0.0026168 secs] [Times: user=0.00 sys=0.00, real=0.00 secs] 
2020-10-29T09:45:00.168+0000: [GC (Allocation Failure) 2020-10-29T09:45:00.169+0000: [ParNew: 38020K->4K(42752K), 0.0025005 secs] 306163K->268147K(709812K), 0.0025758 secs] [Times: user=0.01 sys=0.00, real=0.00 secs] 
2020-10-29T09:45:00.229+0000: [GC (Allocation Failure) 2020-10-29T09:45:00.229+0000: [ParNew: 38020K->4K(42752K), 0.0024913 secs] 306163K->268147K(709812K), 0.0025472 secs] [Times: user=0.01 sys=0.00, real=0.00 secs] 
2020-10-29T09:45:00.294+0000: [GC (Allocation Failure) 2020-10-29T09:45:00.294+0000: [ParNew: 38020K->2K(42752K), 0.0051541 secs] 306163K->268145K(709812K), 0.0052125 secs] [Times: user=0.01 sys=0.00, real=0.00 secs] 
2020-10-29T09:45:00.361+0000: [GC (Allocation Failure) 2020-10-29T09:45:00.361+0000: [ParNew: 38018K->2K(42752K), 0.0051139 secs] 306161K->268145K(709812K), 0.0051868 secs] [Times: user=0.01 sys=0.00, real=0.01 secs] 
2020-10-29T09:45:00.433+0000: [GC (Allocation Failure) 2020-10-29T09:45:00.433+0000: [ParNew: 38018K->4K(42752K), 0.0052940 secs] 306161K->268147K(709812K), 0.0053684 secs] [Times: user=0.00 sys=0.00, real=0.00 secs] 
2020-10-29T09:45:00.484+0000: [GC (Allocation Failure) 2020-10-29T09:45:00.485+0000: [ParNew: 38020K->4K(42752K), 0.0025459 secs] 306163K->268147K(709812K), 0.0026027 secs] [Times: user=0.01 sys=0.00, real=0.00 secs] 
2020-10-29T09:45:00.520+0000: [GC (Allocation Failure) 2020-10-29T09:45:00.520+0000: [ParNew: 38020K->4K(42752K), 0.0024901 secs] 306163K->268147K(709812K), 0.0025516 secs] [Times: user=0.01 sys=0.00, real=0.00 secs] 
2020-10-29T09:45:00.555+0000: [GC (Allocation Failure) 2020-10-29T09:45:00.555+0000: [ParNew: 38020K->4K(42752K), 0.0025312 secs] 306163K->268147K(709812K), 0.0025899 secs] [Times: user=0.01 sys=0.00, real=0.00 secs] 
2020-10-29T09:45:00.590+0000: [GC (Allocation Failure) 2020-10-29T09:45:00.590+0000: [ParNew: 38020K->4K(42752K), 0.0025298 secs] 306163K->268148K(709812K), 0.0025873 secs] [Times: user=0.01 sys=0.00, real=0.01 secs] 
2020-10-29T09:45:00.628+0000: [GC (Allocation Failure) 2020-10-29T09:45:00.629+0000: [ParNew: 38020K->4K(42752K), 0.0025148 secs] 306164K->268148K(709812K), 0.0025718 secs] [Times: user=0.01 sys=0.00, real=0.00 secs] 
2020-10-29T09:45:00.664+0000: [GC (Allocation Failure) 2020-10-29T09:45:00.665+0000: [ParNew: 38020K->4K(42752K), 0.0025045 secs] 306164K->268148K(709812K), 0.0025612 secs] [Times: user=0.00 sys=0.00, real=0.00 secs] 
2020-10-29T09:45:00.699+0000: [GC (Allocation Failure) 2020-10-29T09:45:00.699+0000: [ParNew: 38020K->4K(42752K), 0.0025048 secs] 306164K->268148K(709812K), 0.0025615 secs] [Times: user=0.00 sys=0.00, real=0.00 secs] 
2020-10-29T09:45:00.736+0000: [GC (Allocation Failure) 2020-10-29T09:45:00.737+0000: [ParNew: 38020K->4K(42752K), 0.0025086 secs] 306164K->268148K(709812K), 0.0025740 secs] [Times: user=0.01 sys=0.00, real=0.00 secs] 
2020-10-29T09:45:00.771+0000: [GC (Allocation Failure) 2020-10-29T09:45:00.771+0000: [ParNew: 38020K->4K(42752K), 0.0025333 secs] 306164K->268148K(709812K), 0.0025916 secs] [Times: user=0.00 sys=0.00, real=0.01 secs] 
2020-10-29T09:45:00.808+0000: [GC (Allocation Failure) 2020-10-29T09:45:00.809+0000: [ParNew: 38020K->4K(42752K), 0.0025062 secs] 306164K->268148K(709812K), 0.0025639 secs] [Times: user=0.00 sys=0.00, real=0.00 secs] 
2020-10-29T09:45:00.844+0000: [GC (Allocation Failure) 2020-10-29T09:45:00.845+0000: [ParNew: 38020K->4K(42752K), 0.0024917 secs] 306164K->268148K(709812K), 0.0025490 secs] [Times: user=0.00 sys=0.00, real=0.00 secs] 
2020-10-29T09:45:00.880+0000: [GC (Allocation Failure) 2020-10-29T09:45:00.881+0000: [ParNew: 38020K->4K(42752K), 0.0025153 secs] 306164K->268148K(709812K), 0.0025731 secs] [Times: user=0.00 sys=0.00, real=0.00 secs] 
2020-10-29T09:45:00.915+0000: [GC (Allocation Failure) 2020-10-29T09:45:00.915+0000: [ParNew: 38020K->4K(42752K), 0.0025301 secs] 306164K->268148K(709812K), 0.0025880 secs] [Times: user=0.01 sys=0.00, real=0.00 secs] 
2020-10-29T09:45:00.950+0000: [GC (Allocation Failure) 2020-10-29T09:45:00.950+0000: [ParNew: 38020K->2K(42752K), 0.0051097 secs] 306164K->268146K(709812K), 0.0051784 secs] [Times: user=0.01 sys=0.00, real=0.01 secs] 
2020-10-29T09:45:00.988+0000: [GC (Allocation Failure) 2020-10-29T09:45:00.988+0000: [ParNew: 38018K->4K(42752K), 0.0025149 secs] 306162K->268148K(709812K), 0.0025743 secs] [Times: user=0.00 sys=0.00, real=0.00 secs] 
2020-10-29T09:45:01.024+0000: [GC (Allocation Failure) 2020-10-29T09:45:01.025+0000: [ParNew: 38020K->4K(42752K), 0.0025188 secs] 306164K->268148K(709812K), 0.0025767 secs] [Times: user=0.01 sys=0.00, real=0.00 secs] 
2020-10-29T09:45:01.059+0000: [GC (Allocation Failure) 2020-10-29T09:45:01.059+0000: [ParNew: 38020K->4K(42752K), 0.0025601 secs] 306164K->268148K(709812K), 0.0026178 secs] [Times: user=0.01 sys=0.00, real=0.00 secs] 
2020-10-29T09:45:01.096+0000: [GC (Allocation Failure) 2020-10-29T09:45:01.097+0000: [ParNew: 38020K->4K(42752K), 0.0030566 secs] 306164K->268148K(709812K), 0.0031260 secs] [Times: user=0.01 sys=0.00, real=0.00 secs] 
2020-10-29T09:45:01.132+0000: [GC (Allocation Failure) 2020-10-29T09:45:01.133+0000: [ParNew: 38020K->4K(42752K), 0.0025254 secs] 306164K->268148K(709812K), 0.0025822 secs] [Times: user=0.00 sys=0.00, real=0.00 secs] 
2020-10-29T09:45:01.167+0000: [GC (Allocation Failure) 2020-10-29T09:45:01.167+0000: [ParNew: 38020K->4K(42752K), 0.0025245 secs] 306164K->268148K(709812K), 0.0025800 secs] [Times: user=0.00 sys=0.00, real=0.00 secs] 
2020-10-29T09:45:01.202+0000: [GC (Allocation Failure) 2020-10-29T09:45:01.202+0000: [ParNew: 38020K->4K(42752K), 0.0025119 secs] 306164K->268148K(709812K), 0.0025692 secs] [Times: user=0.01 sys=0.00, real=0.01 secs] 
2020-10-29T09:45:01.237+0000: [GC (Allocation Failure) 2020-10-29T09:45:01.237+0000: [ParNew: 38020K->4K(42752K), 0.0025184 secs] 306164K->268148K(709812K), 0.0025757 secs] [Times: user=0.00 sys=0.00, real=0.00 secs] 
2020-10-29T09:45:01.271+0000: [GC (Allocation Failure) 2020-10-29T09:45:01.271+0000: [ParNew: 38020K->4K(42752K), 0.0025155 secs] 306164K->268148K(709812K), 0.0025725 secs] [Times: user=0.00 sys=0.00, real=0.01 secs] 
2020-10-29T09:45:01.322+0000: [GC (Allocation Failure) 2020-10-29T09:45:01.322+0000: [ParNew: 38020K->2K(42752K), 0.0105075 secs] 306164K->268146K(709812K), 0.0105806 secs] [Times: user=0.01 sys=0.01, real=0.02 secs] 
2020-10-29T09:45:01.376+0000: [GC (Allocation Failure) 2020-10-29T09:45:01.376+0000: [ParNew: 38018K->4K(42752K), 0.0025500 secs] 306162K->268148K(709812K), 0.0026269 secs] [Times: user=0.01 sys=0.00, real=0.00 secs] 
2020-10-29T09:45:01.418+0000: [GC (Allocation Failure) 2020-10-29T09:45:01.418+0000: [ParNew: 38020K->4K(42752K), 0.0025228 secs] 306164K->268148K(709812K), 0.0025788 secs] [Times: user=0.00 sys=0.00, real=0.00 secs] 
2020-10-29T09:45:01.452+0000: [GC (Allocation Failure) 2020-10-29T09:45:01.452+0000: [ParNew: 38020K->4K(42752K), 0.0025475 secs] 306164K->268148K(709812K), 0.0026049 secs] [Times: user=0.00 sys=0.00, real=0.00 secs] 
2020-10-29T09:45:01.488+0000: [GC (Allocation Failure) 2020-10-29T09:45:01.489+0000: [ParNew: 38020K->4K(42752K), 0.0024862 secs] 306164K->268148K(709812K), 0.0025433 secs] [Times: user=0.00 sys=0.00, real=0.00 secs] 
2020-10-29T09:45:01.523+0000: [GC (Allocation Failure) 2020-10-29T09:45:01.523+0000: [ParNew: 38020K->4K(42752K), 0.0024974 secs] 306164K->268148K(709812K), 0.0025539 secs] [Times: user=0.01 sys=0.00, real=0.01 secs] 
2020-10-29T09:45:01.558+0000: [GC (Allocation Failure) 2020-10-29T09:45:01.558+0000: [ParNew: 38020K->4K(42752K), 0.0025037 secs] 306164K->268149K(709812K), 0.0025752 secs] [Times: user=0.00 sys=0.00, real=0.00 secs] 
2020-10-29T09:45:01.596+0000: [GC (Allocation Failure) 2020-10-29T09:45:01.596+0000: [ParNew: 38020K->4K(42752K), 0.0025822 secs] 306165K->268149K(709812K), 0.0026386 secs] [Times: user=0.01 sys=0.00, real=0.00 secs] 
2020-10-29T09:45:01.633+0000: [GC (Allocation Failure) 2020-10-29T09:45:01.633+0000: [ParNew: 38020K->4K(42752K), 0.0024786 secs] 306165K->268149K(709812K), 0.0025357 secs] [Times: user=0.00 sys=0.00, real=0.00 secs] 
2020-10-29T09:45:01.668+0000: [GC (Allocation Failure) 2020-10-29T09:45:01.668+0000: [ParNew: 38020K->4K(42752K), 0.0025094 secs] 306165K->268149K(709812K), 0.0025656 secs] [Times: user=0.00 sys=0.00, real=0.00 secs] 
2020-10-29T09:45:01.704+0000: [GC (Allocation Failure) 2020-10-29T09:45:01.705+0000: [ParNew: 38020K->4K(42752K), 0.0025201 secs] 306165K->268149K(709812K), 0.0025770 secs] [Times: user=0.01 sys=0.00, real=0.00 secs] 
2020-10-29T09:45:01.739+0000: [GC (Allocation Failure) 2020-10-29T09:45:01.739+0000: [ParNew: 38020K->4K(42752K), 0.0025051 secs] 306165K->268149K(709812K), 0.0025628 secs] [Times: user=0.01 sys=0.00, real=0.00 secs] 
2020-10-29T09:45:01.773+0000: [GC (Allocation Failure) 2020-10-29T09:45:01.773+0000: [ParNew: 38020K->4K(42752K), 0.0024837 secs] 306165K->268149K(709812K), 0.0025406 secs] [Times: user=0.00 sys=0.00, real=0.00 secs] 
2020-10-29T09:45:01.808+0000: [GC (Allocation Failure) 2020-10-29T09:45:01.809+0000: [ParNew: 38020K->4K(42752K), 0.0024823 secs] 306165K->268149K(709812K), 0.0025385 secs] [Times: user=0.01 sys=0.00, real=0.00 secs] 
2020-10-29T09:45:01.844+0000: [GC (Allocation Failure) 2020-10-29T09:45:01.845+0000: [ParNew: 38020K->4K(42752K), 0.0024978 secs] 306165K->268149K(709812K), 0.0025499 secs] [Times: user=0.00 sys=0.00, real=0.00 secs] 
2020-10-29T09:45:01.880+0000: [GC (Allocation Failure) 2020-10-29T09:45:01.881+0000: [ParNew: 38020K->4K(42752K), 0.0024904 secs] 306165K->268149K(709812K), 0.0025468 secs] [Times: user=0.00 sys=0.00, real=0.00 secs] 
2020-10-29T09:45:01.915+0000: [GC (Allocation Failure) 2020-10-29T09:45:01.915+0000: [ParNew: 38020K->4K(42752K), 0.0025009 secs] 306165K->268149K(709812K), 0.0025578 secs] [Times: user=0.00 sys=0.00, real=0.00 secs] 
2020-10-29T09:45:01.949+0000: [GC (Allocation Failure) 2020-10-29T09:45:01.949+0000: [ParNew: 38020K->4K(42752K), 0.0025168 secs] 306165K->268149K(709812K), 0.0025728 secs] [Times: user=0.00 sys=0.00, real=0.00 secs] 
2020-10-29T09:45:01.984+0000: [GC (Allocation Failure) 2020-10-29T09:45:01.984+0000: [ParNew: 38020K->4K(42752K), 0.0025962 secs] 306165K->268149K(709812K), 0.0026541 secs] [Times: user=0.00 sys=0.00, real=0.01 secs] 
2020-10-29T09:45:02.019+0000: [GC (Allocation Failure) 2020-10-29T09:45:02.019+0000: [ParNew: 38020K->4K(42752K), 0.0025026 secs] 306165K->268149K(709812K), 0.0025604 secs] [Times: user=0.00 sys=0.00, real=0.00 secs] 
2020-10-29T09:45:02.056+0000: [GC (Allocation Failure) 2020-10-29T09:45:02.057+0000: [ParNew: 38020K->4K(42752K), 0.0025064 secs] 306165K->268149K(709812K), 0.0025626 secs] [Times: user=0.01 sys=0.00, real=0.00 secs] 
2020-10-29T09:45:02.091+0000: [GC (Allocation Failure) 2020-10-29T09:45:02.091+0000: [ParNew: 38020K->4K(42752K), 0.0024990 secs] 306165K->268149K(709812K), 0.0025640 secs] [Times: user=0.01 sys=0.00, real=0.01 secs] 
2020-10-29T09:45:02.126+0000: [GC (Allocation Failure) 2020-10-29T09:45:02.126+0000: [ParNew: 38020K->4K(42752K), 0.0025345 secs] 306165K->268149K(709812K), 0.0025931 secs] [Times: user=0.01 sys=0.00, real=0.00 secs] 
2020-10-29T09:45:02.160+0000: [GC (Allocation Failure) 2020-10-29T09:45:02.160+0000: [ParNew: 38020K->4K(42752K), 0.0024825 secs] 306165K->268149K(709812K), 0.0025397 secs] [Times: user=0.01 sys=0.00, real=0.00 secs] 
2020-10-29T09:45:02.196+0000: [GC (Allocation Failure) 2020-10-29T09:45:02.197+0000: [ParNew: 38020K->4K(42752K), 0.0025720 secs] 306165K->268149K(709812K), 0.0026305 secs] [Times: user=0.01 sys=0.00, real=0.00 secs] 
2020-10-29T09:45:02.232+0000: [GC (Allocation Failure) 2020-10-29T09:45:02.233+0000: [ParNew: 38020K->4K(42752K), 0.0025113 secs] 306165K->268149K(709812K), 0.0025691 secs] [Times: user=0.01 sys=0.00, real=0.00 secs] 
2020-10-29T09:45:02.267+0000: [GC (Allocation Failure) 2020-10-29T09:45:02.267+0000: [ParNew: 38020K->4K(42752K), 0.0025193 secs] 306165K->268149K(709812K), 0.0025765 secs] [Times: user=0.00 sys=0.00, real=0.00 secs] 
2020-10-29T09:45:02.304+0000: [GC (Allocation Failure) 2020-10-29T09:45:02.305+0000: [ParNew: 38020K->4K(42752K), 0.0025012 secs] 306165K->268149K(709812K), 0.0025583 secs] [Times: user=0.01 sys=0.00, real=0.00 secs] 
2020-10-29T09:45:02.344+0000: [GC (Allocation Failure) 2020-10-29T09:45:02.344+0000: [ParNew: 38020K->4K(42752K), 0.0024930 secs] 306165K->268149K(709812K), 0.0025499 secs] [Times: user=0.00 sys=0.01, real=0.01 secs] 
2020-10-29T09:45:02.379+0000: [GC (Allocation Failure) 2020-10-29T09:45:02.379+0000: [ParNew: 38020K->4K(42752K), 0.0025421 secs] 306165K->268149K(709812K), 0.0025989 secs] [Times: user=0.00 sys=0.00, real=0.00 secs] 
2020-10-29T09:45:02.413+0000: [GC (Allocation Failure) 2020-10-29T09:45:02.413+0000: [ParNew: 38020K->4K(42752K), 0.0025529 secs] 306165K->268149K(709812K), 0.0026100 secs] [Times: user=0.00 sys=0.00, real=0.00 secs] 
2020-10-29T09:45:02.448+0000: [GC (Allocation Failure) 2020-10-29T09:45:02.448+0000: [ParNew: 38020K->4K(42752K), 0.0025476 secs] 306165K->268149K(709812K), 0.0026038 secs] [Times: user=0.00 sys=0.00, real=0.00 secs] 
2020-10-29T09:45:02.482+0000: [GC (Allocation Failure) 2020-10-29T09:45:02.482+0000: [ParNew: 38020K->4K(42752K), 0.0025227 secs] 306165K->268149K(709812K), 0.0025789 secs] [Times: user=0.01 sys=0.00, real=0.01 secs] 
2020-10-29T09:45:02.516+0000: [GC (Allocation Failure) 2020-10-29T09:45:02.516+0000: [ParNew: 38020K->4K(42752K), 0.0025179 secs] 306165K->268149K(709812K), 0.0025740 secs] [Times: user=0.01 sys=0.00, real=0.00 secs] 
2020-10-29T09:45:02.552+0000: [GC (Allocation Failure) 2020-10-29T09:45:02.553+0000: [ParNew: 38020K->4K(42752K), 0.0025133 secs] 306165K->268149K(709812K), 0.0025707 secs] [Times: user=0.01 sys=0.00, real=0.00 secs] 
2020-10-29T09:45:02.592+0000: [GC (Allocation Failure) 2020-10-29T09:45:02.592+0000: [ParNew: 38020K->6K(42752K), 0.0024855 secs] 306165K->268151K(709812K), 0.0025416 secs] [Times: user=0.00 sys=0.00, real=0.00 secs] 
2020-10-29T09:45:02.632+0000: [GC (Allocation Failure) 2020-10-29T09:45:02.633+0000: [ParNew: 38022K->10K(42752K), 0.0025314 secs] 306167K->268155K(709812K), 0.0025898 secs] [Times: user=0.00 sys=0.00, real=0.00 secs] 
2020-10-29T09:45:02.667+0000: [GC (Allocation Failure) 2020-10-29T09:45:02.667+0000: [ParNew: 38026K->8K(42752K), 0.0025610 secs] 306171K->268154K(709812K), 0.0026186 secs] [Times: user=0.00 sys=0.00, real=0.00 secs] 
2020-10-29T09:45:02.704+0000: [GC (Allocation Failure) 2020-10-29T09:45:02.705+0000: [ParNew: 38024K->11K(42752K), 0.0025473 secs] 306170K->268156K(709812K), 0.0026047 secs] [Times: user=0.00 sys=0.00, real=0.00 secs] 
2020-10-29T09:45:02.740+0000: [GC (Allocation Failure) 2020-10-29T09:45:02.741+0000: [ParNew: 38027K->11K(42752K), 0.0025290 secs] 306172K->268156K(709812K), 0.0025878 secs] [Times: user=0.00 sys=0.00, real=0.00 secs] 
2020-10-29T09:45:02.775+0000: [GC (Allocation Failure) 2020-10-29T09:45:02.775+0000: [ParNew: 38027K->11K(42752K), 0.0025616 secs] 306172K->268156K(709812K), 0.0026200 secs] [Times: user=0.01 sys=0.00, real=0.00 secs] 
2020-10-29T09:45:02.812+0000: [GC (Allocation Failure) 2020-10-29T09:45:02.813+0000: [ParNew: 38027K->10K(42752K), 0.0025162 secs] 306172K->268156K(709812K), 0.0025741 secs] [Times: user=0.00 sys=0.00, real=0.00 secs] 
2020-10-29T09:45:02.848+0000: [GC (Allocation Failure) 2020-10-29T09:45:02.849+0000: [ParNew: 38026K->3K(42752K), 0.0037908 secs] 306172K->268154K(709812K), 0.0038618 secs] [Times: user=0.01 sys=0.00, real=0.01 secs] 
2020-10-29T09:45:02.884+0000: [GC (Allocation Failure) 2020-10-29T09:45:02.884+0000: [ParNew: 38019K->4K(42752K), 0.0025114 secs] 306170K->268155K(709812K), 0.0025678 secs] [Times: user=0.01 sys=0.00, real=0.01 secs] 
2020-10-29T09:45:02.918+0000: [GC (Allocation Failure) 2020-10-29T09:45:02.918+0000: [ParNew: 38020K->4K(42752K), 0.0024985 secs] 306171K->268155K(709812K), 0.0025559 secs] [Times: user=0.00 sys=0.00, real=0.00 secs] 
2020-10-29T09:45:02.956+0000: [GC (Allocation Failure) 2020-10-29T09:45:02.956+0000: [ParNew: 38020K->4K(42752K), 0.0025057 secs] 306171K->268156K(709812K), 0.0025624 secs] [Times: user=0.01 sys=0.00, real=0.00 secs] 
2020-10-29T09:45:02.992+0000: [GC (Allocation Failure) 2020-10-29T09:45:02.993+0000: [ParNew: 38020K->4K(42752K), 0.0024822 secs] 306172K->268156K(709812K), 0.0025398 secs] [Times: user=0.01 sys=0.00, real=0.00 secs] 
2020-10-29T09:45:03.027+0000: [GC (Allocation Failure) 2020-10-29T09:45:03.027+0000: [ParNew: 38020K->4K(42752K), 0.0025575 secs] 306172K->268156K(709812K), 0.0026265 secs] [Times: user=0.00 sys=0.00, real=0.00 secs] 
2020-10-29T09:45:03.063+0000: [GC (Allocation Failure) 2020-10-29T09:45:03.063+0000: [ParNew: 38020K->4K(42752K), 0.0024980 secs] 306172K->268156K(709812K), 0.0025552 secs] [Times: user=0.01 sys=0.00, real=0.01 secs] 
2020-10-29T09:45:03.100+0000: [GC (Allocation Failure) 2020-10-29T09:45:03.101+0000: [ParNew: 38020K->4K(42752K), 0.0028477 secs] 306172K->268156K(709812K), 0.0029058 secs] [Times: user=0.00 sys=0.00, real=0.00 secs] 
2020-10-29T09:45:03.135+0000: [GC (Allocation Failure) 2020-10-29T09:45:03.135+0000: [ParNew: 38020K->4K(42752K), 0.0025239 secs] 306172K->268156K(709812K), 0.0025863 secs] [Times: user=0.00 sys=0.00, real=0.00 secs] 
2020-10-29T09:45:03.171+0000: [GC (Allocation Failure) 2020-10-29T09:45:03.171+0000: [ParNew: 38020K->4K(42752K), 0.0025210 secs] 306172K->268156K(709812K), 0.0025791 secs] [Times: user=0.01 sys=0.00, real=0.01 secs] 
2020-10-29T09:45:03.205+0000: [GC (Allocation Failure) 2020-10-29T09:45:03.205+0000: [ParNew: 38020K->4K(42752K), 0.0025220 secs] 306172K->268156K(709812K), 0.0025809 secs] [Times: user=0.01 sys=0.00, real=0.00 secs] 
2020-10-29T09:45:03.244+0000: [GC (Allocation Failure) 2020-10-29T09:45:03.245+0000: [ParNew: 38020K->4K(42752K), 0.0024994 secs] 306172K->268156K(709812K), 0.0025561 secs] [Times: user=0.00 sys=0.00, real=0.00 secs] 
2020-10-29T09:45:03.279+0000: [GC (Allocation Failure) 2020-10-29T09:45:03.279+0000: [ParNew: 38020K->4K(42752K), 0.0025174 secs] 306172K->268156K(709812K), 0.0025758 secs] [Times: user=0.01 sys=0.00, real=0.00 secs] 
2020-10-29T09:45:03.313+0000: [GC (Allocation Failure) 2020-10-29T09:45:03.313+0000: [ParNew: 38020K->4K(42752K), 0.0024940 secs] 306172K->268156K(709812K), 0.0025512 secs] [Times: user=0.01 sys=0.00, real=0.00 secs] 
2020-10-29T09:45:03.348+0000: [GC (Allocation Failure) 2020-10-29T09:45:03.349+0000: [ParNew: 38020K->4K(42752K), 0.0041027 secs] 306172K->268156K(709812K), 0.0041591 secs] [Times: user=0.01 sys=0.00, real=0.01 secs] 
2020-10-29T09:45:03.385+0000: [GC (Allocation Failure) 2020-10-29T09:45:03.385+0000: [ParNew: 38020K->4K(42752K), 0.0024995 secs] 306172K->268156K(709812K), 0.0025578 secs] [Times: user=0.00 sys=0.00, real=0.00 secs] 
2020-10-29T09:45:03.419+0000: [GC (Allocation Failure) 2020-10-29T09:45:03.419+0000: [ParNew: 38020K->4K(42752K), 0.0025034 secs] 306172K->268156K(709812K), 0.0025598 secs] [Times: user=0.00 sys=0.00, real=0.00 secs] 
2020-10-29T09:45:03.456+0000: [GC (Allocation Failure) 2020-10-29T09:45:03.457+0000: [ParNew: 38020K->4K(42752K), 0.0025048 secs] 306172K->268156K(709812K), 0.0025626 secs] [Times: user=0.00 sys=0.00, real=0.00 secs] 
2020-10-29T09:45:03.491+0000: [GC (Allocation Failure) 2020-10-29T09:45:03.491+0000: [ParNew: 38020K->4K(42752K), 0.0025458 secs] 306172K->268156K(709812K), 0.0026029 secs] [Times: user=0.00 sys=0.00, real=0.01 secs] 
2020-10-29T09:45:03.528+0000: [GC (Allocation Failure) 2020-10-29T09:45:03.529+0000: [ParNew: 38020K->4K(42752K), 0.0024772 secs] 306172K->268156K(709812K), 0.0025334 secs] [Times: user=0.01 sys=0.00, real=0.00 secs] 
2020-10-29T09:45:03.564+0000: [GC (Allocation Failure) 2020-10-29T09:45:03.565+0000: [ParNew: 38020K->4K(42752K), 0.0024912 secs] 306172K->268156K(709812K), 0.0025488 secs] [Times: user=0.01 sys=0.00, real=0.00 secs] 
2020-10-29T09:45:03.599+0000: [GC (Allocation Failure) 2020-10-29T09:45:03.599+0000: [ParNew: 38020K->4K(42752K), 0.0025666 secs] 306172K->268156K(709812K), 0.0026238 secs] [Times: user=0.00 sys=0.00, real=0.00 secs] 
2020-10-29T09:45:03.636+0000: [GC (Allocation Failure) 2020-10-29T09:45:03.637+0000: [ParNew: 38020K->4K(42752K), 0.0024955 secs] 306172K->268156K(709812K), 0.0025536 secs] [Times: user=0.00 sys=0.00, real=0.00 secs] 
2020-10-29T09:45:03.671+0000: [GC (Allocation Failure) 2020-10-29T09:45:03.671+0000: [ParNew: 38020K->4K(42752K), 0.0025129 secs] 306172K->268156K(709812K), 0.0025833 secs] [Times: user=0.01 sys=0.00, real=0.01 secs] 
2020-10-29T09:45:03.709+0000: [GC (Allocation Failure) 2020-10-29T09:45:03.709+0000: [ParNew: 38020K->4K(42752K), 0.0024839 secs] 306172K->268156K(709812K), 0.0025407 secs] [Times: user=0.00 sys=0.00, real=0.00 secs] 
2020-10-29T09:45:03.743+0000: [GC (Allocation Failure) 2020-10-29T09:45:03.743+0000: [ParNew: 38020K->4K(42752K), 0.0025294 secs] 306172K->268156K(709812K), 0.0025862 secs] [Times: user=0.01 sys=0.00, real=0.01 secs] 
2020-10-29T09:45:03.780+0000: [GC (Allocation Failure) 2020-10-29T09:45:03.781+0000: [ParNew: 38020K->4K(42752K), 0.0025275 secs] 306172K->268156K(709812K), 0.0025866 secs] [Times: user=0.00 sys=0.00, real=0.00 secs] 
2020-10-29T09:45:03.815+0000: [GC (Allocation Failure) 2020-10-29T09:45:03.815+0000: [ParNew: 38020K->4K(42752K), 0.0025093 secs] 306172K->268156K(709812K), 0.0025671 secs] [Times: user=0.00 sys=0.00, real=0.00 secs] 
2020-10-29T09:45:03.849+0000: [GC (Allocation Failure) 2020-10-29T09:45:03.849+0000: [ParNew: 38020K->4K(42752K), 0.0024938 secs] 306172K->268156K(709812K), 0.0025528 secs] [Times: user=0.00 sys=0.00, real=0.00 secs] 
2020-10-29T09:45:03.883+0000: [GC (Allocation Failure) 2020-10-29T09:45:03.883+0000: [ParNew: 38020K->4K(42752K), 0.0025509 secs] 306172K->268156K(709812K), 0.0026085 secs] [Times: user=0.00 sys=0.00, real=0.01 secs] 
2020-10-29T09:45:03.920+0000: [GC (Allocation Failure) 2020-10-29T09:45:03.921+0000: [ParNew: 38020K->4K(42752K), 0.0025040 secs] 306172K->268156K(709812K), 0.0025612 secs] [Times: user=0.00 sys=0.00, real=0.00 secs] 
2020-10-29T09:45:03.955+0000: [GC (Allocation Failure) 2020-10-29T09:45:03.955+0000: [ParNew: 38020K->4K(42752K), 0.0025363 secs] 306172K->268156K(709812K), 0.0025932 secs] [Times: user=0.01 sys=0.00, real=0.00 secs] 
2020-10-29T09:45:03.989+0000: [GC (Allocation Failure) 2020-10-29T09:45:03.989+0000: [ParNew: 38020K->4K(42752K), 0.0025048 secs] 306172K->268156K(709812K), 0.0025628 secs] [Times: user=0.01 sys=0.00, real=0.00 secs] 
2020-10-29T09:45:04.024+0000: [GC (Allocation Failure) 2020-10-29T09:45:04.024+0000: [ParNew: 38020K->4K(42752K), 0.0025290 secs] 306172K->268156K(709812K), 0.0025881 secs] [Times: user=0.00 sys=0.00, real=0.01 secs] 
2020-10-29T09:45:04.058+0000: [GC (Allocation Failure) 2020-10-29T09:45:04.058+0000: [ParNew: 38020K->4K(42752K), 0.0025025 secs] 306172K->268156K(709812K), 0.0025603 secs] [Times: user=0.00 sys=0.00, real=0.00 secs] 
2020-10-29T09:45:04.092+0000: [GC (Allocation Failure) 2020-10-29T09:45:04.092+0000: [ParNew: 38020K->4K(42752K), 0.0024793 secs] 306172K->268156K(709812K), 0.0025363 secs] [Times: user=0.00 sys=0.00, real=0.01 secs] 
2020-10-29T09:45:04.127+0000: [GC (Allocation Failure) 2020-10-29T09:45:04.127+0000: [ParNew: 38020K->4K(42752K), 0.0025193 secs] 306172K->268156K(709812K), 0.0025948 secs] [Times: user=0.01 sys=0.00, real=0.00 secs] 
2020-10-29T09:45:04.164+0000: [GC (Allocation Failure) 2020-10-29T09:45:04.165+0000: [ParNew: 38020K->4K(42752K), 0.0024984 secs] 306172K->268156K(709812K), 0.0025557 secs] [Times: user=0.01 sys=0.00, real=0.00 secs] 
2020-10-29T09:45:04.200+0000: [GC (Allocation Failure) 2020-10-29T09:45:04.200+0000: [ParNew: 38020K->4K(42752K), 0.0025532 secs] 306172K->268156K(709812K), 0.0026116 secs] [Times: user=0.00 sys=0.00, real=0.00 secs] 
2020-10-29T09:45:04.234+0000: [GC (Allocation Failure) 2020-10-29T09:45:04.235+0000: [ParNew: 38020K->4K(42752K), 0.0025071 secs] 306172K->268156K(709812K), 0.0025645 secs] [Times: user=0.01 sys=0.00, real=0.00 secs] 
2020-10-29T09:45:04.272+0000: [GC (Allocation Failure) 2020-10-29T09:45:04.273+0000: [ParNew: 38020K->4K(42752K), 0.0024912 secs] 306172K->268156K(709812K), 0.0025481 secs] [Times: user=0.00 sys=0.00, real=0.00 secs] 
2020-10-29T09:45:04.308+0000: [GC (Allocation Failure) 2020-10-29T09:45:04.309+0000: [ParNew: 38020K->4K(42752K), 0.0025427 secs] 306172K->268156K(709812K), 0.0026000 secs] [Times: user=0.01 sys=0.00, real=0.00 secs] 
2020-10-29T09:45:04.343+0000: [GC (Allocation Failure) 2020-10-29T09:45:04.343+0000: [ParNew: 38020K->4K(42752K), 0.0025358 secs] 306172K->268156K(709812K), 0.0026039 secs] [Times: user=0.00 sys=0.00, real=0.01 secs] 
2020-10-29T09:45:04.377+0000: [GC (Allocation Failure) 2020-10-29T09:45:04.377+0000: [ParNew: 38020K->4K(42752K), 0.0025147 secs] 306172K->268156K(709812K), 0.0025727 secs] [Times: user=0.00 sys=0.00, real=0.00 secs] 
2020-10-29T09:45:04.412+0000: [GC (Allocation Failure) 2020-10-29T09:45:04.413+0000: [ParNew: 38020K->4K(42752K), 0.0024913 secs] 306172K->268156K(709812K), 0.0025472 secs] [Times: user=0.00 sys=0.00, real=0.00 secs] 
2020-10-29T09:45:04.447+0000: [GC (Allocation Failure) 2020-10-29T09:45:04.447+0000: [ParNew: 38020K->4K(42752K), 0.0026635 secs] 306172K->268156K(709812K), 0.0027206 secs] [Times: user=0.01 sys=0.00, real=0.00 secs] 
2020-10-29T09:45:04.484+0000: [GC (Allocation Failure) 2020-10-29T09:45:04.485+0000: [ParNew: 38020K->4K(42752K), 0.0024933 secs] 306172K->268156K(709812K), 0.0025505 secs] [Times: user=0.00 sys=0.00, real=0.00 secs] 
2020-10-29T09:45:04.519+0000: [GC (Allocation Failure) 2020-10-29T09:45:04.519+0000: [ParNew: 38020K->4K(42752K), 0.0025207 secs] 306172K->268156K(709812K), 0.0025931 secs] [Times: user=0.01 sys=0.00, real=0.00 secs] 
2020-10-29T09:45:04.556+0000: [GC (Allocation Failure) 2020-10-29T09:45:04.557+0000: [ParNew: 38020K->4K(42752K), 0.0025088 secs] 306172K->268156K(709812K), 0.0025664 secs] [Times: user=0.01 sys=0.00, real=0.00 secs] 
2020-10-29T09:45:04.591+0000: [GC (Allocation Failure) 2020-10-29T09:45:04.591+0000: [ParNew: 38020K->4K(42752K), 0.0025004 secs] 306172K->268156K(709812K), 0.0025563 secs] [Times: user=0.01 sys=0.00, real=0.01 secs] 
2020-10-29T09:45:04.628+0000: [GC (Allocation Failure) 2020-10-29T09:45:04.629+0000: [ParNew: 38020K->4K(42752K), 0.0024845 secs] 306172K->268156K(709812K), 0.0025429 secs] [Times: user=0.01 sys=0.00, real=0.00 secs] 
2020-10-29T09:45:04.663+0000: [GC (Allocation Failure) 2020-10-29T09:45:04.663+0000: [ParNew: 38020K->4K(42752K), 0.0025111 secs] 306172K->268156K(709812K), 0.0025687 secs] [Times: user=0.01 sys=0.00, real=0.01 secs] 
2020-10-29T09:45:04.697+0000: [GC (Allocation Failure) 2020-10-29T09:45:04.697+0000: [ParNew: 38020K->4K(42752K), 0.0025012 secs] 306172K->268156K(709812K), 0.0025591 secs] [Times: user=0.01 sys=0.00, real=0.00 secs] 
2020-10-29T09:45:04.731+0000: [GC (Allocation Failure) 2020-10-29T09:45:04.731+0000: [ParNew: 38020K->4K(42752K), 0.0025039 secs] 306172K->268156K(709812K), 0.0025613 secs] [Times: user=0.00 sys=0.00, real=0.01 secs] 
2020-10-29T09:45:04.765+0000: [GC (Allocation Failure) 2020-10-29T09:45:04.765+0000: [ParNew: 38020K->4K(42752K), 0.0025591 secs] 306172K->268156K(709812K), 0.0026172 secs] [Times: user=0.01 sys=0.00, real=0.00 secs] 
2020-10-29T09:45:04.800+0000: [GC (Allocation Failure) 2020-10-29T09:45:04.801+0000: [ParNew: 38020K->4K(42752K), 0.0025131 secs] 306172K->268156K(709812K), 0.0025703 secs] [Times: user=0.01 sys=0.00, real=0.00 secs] 
2020-10-29T09:45:04.836+0000: [GC (Allocation Failure) 2020-10-29T09:45:04.837+0000: [ParNew: 38020K->4K(42752K), 0.0025011 secs] 306172K->268156K(709812K), 0.0025583 secs] [Times: user=0.00 sys=0.00, real=0.00 secs] 
2020-10-29T09:45:04.875+0000: [GC (Allocation Failure) 2020-10-29T09:45:04.875+0000: [ParNew: 38020K->4K(42752K), 0.0025018 secs] 306172K->268156K(709812K), 0.0025578 secs] [Times: user=0.00 sys=0.00, real=0.00 secs] 
2020-10-29T09:45:04.909+0000: [GC (Allocation Failure) 2020-10-29T09:45:04.909+0000: [ParNew: 38020K->4K(42752K), 0.0025097 secs] 306172K->268156K(709812K), 0.0025674 secs] [Times: user=0.01 sys=0.00, real=0.00 secs] 
2020-10-29T09:45:04.944+0000: [GC (Allocation Failure) 2020-10-29T09:45:04.945+0000: [ParNew: 38020K->4K(42752K), 0.0024816 secs] 306172K->268156K(709812K), 0.0025389 secs] [Times: user=0.01 sys=0.00, real=0.00 secs] 
2020-10-29T09:45:04.980+0000: [GC (Allocation Failure) 2020-10-29T09:45:04.981+0000: [ParNew: 38020K->4K(42752K), 0.0024767 secs] 306172K->268156K(709812K), 0.0025344 secs] [Times: user=0.00 sys=0.00, real=0.00 secs] 
2020-10-29T09:45:05.016+0000: [GC (Allocation Failure) 2020-10-29T09:45:05.017+0000: [ParNew: 38020K->4K(42752K), 0.0025497 secs] 306172K->268156K(709812K), 0.0026076 secs] [Times: user=0.00 sys=0.00, real=0.00 secs] 
2020-10-29T09:45:05.051+0000: [GC (Allocation Failure) 2020-10-29T09:45:05.051+0000: [ParNew: 38020K->4K(42752K), 0.0025399 secs] 306172K->268156K(709812K), 0.0025964 secs] [Times: user=0.01 sys=0.00, real=0.01 secs] 
2020-10-29T09:45:05.079+0000: [GC (Allocation Failure) 2020-10-29T09:45:05.079+0000: [ParNew: 38020K->4K(42752K), 0.0033357 secs] 306172K->276348K(709812K), 0.0033958 secs] [Times: user=0.00 sys=0.00, real=0.00 secs] 
2020-10-29T09:45:05.083+0000: [GC (CMS Initial Mark) [1 CMS-initial-mark: 276344K(667060K)] 276715K(709812K), 0.0012337 secs] [Times: user=0.01 sys=0.00, real=0.00 secs] 
2020-10-29T09:45:05.084+0000: [CMS-concurrent-mark-start]
2020-10-29T09:45:05.135+0000: [GC (Allocation Failure) 2020-10-29T09:45:05.135+0000: [ParNew: 38020K->4K(42752K), 0.0024439 secs] 314364K->276348K(709812K), 0.0025027 secs] [Times: user=0.00 sys=0.00, real=0.00 secs] 
2020-10-29T09:45:05.175+0000: [CMS-concurrent-mark: 0.088/0.091 secs] [Times: user=0.16 sys=0.01, real=0.10 secs] 
2020-10-29T09:45:05.175+0000: [CMS-concurrent-preclean-start]
2020-10-29T09:45:05.178+0000: [CMS-concurrent-preclean: 0.003/0.003 secs] [Times: user=0.00 sys=0.00, real=0.00 secs] 
2020-10-29T09:45:05.178+0000: [GC (Allocation Failure) 2020-10-29T09:45:05.178+0000: [ParNew: 38020K->4K(42752K), 0.0020836 secs] 314364K->276348K(709812K), 0.0021243 secs] [Times: user=0.01 sys=0.00, real=0.00 secs] 
2020-10-29T09:45:05.192+0000: [GC (CMS Final Remark) [YG occupancy: 10210 K (42752 K)]2020-10-29T09:45:05.193+0000: [Rescan (parallel) , 0.0079441 secs]2020-10-29T09:45:05.200+0000: [weak refs processing, 0.0000543 secs]2020-10-29T09:45:05.201+0000: [class unloading, 0.0105832 secs]2020-10-29T09:45:05.211+0000: [scrub symbol table, 0.0089552 secs]2020-10-29T09:45:05.220+0000: [scrub string table, 0.0005703 secs][1 CMS-remark: 276344K(667060K)] 286555K(709812K), 0.0282358 secs] [Times: user=0.03 sys=0.00, real=0.02 secs] 
2020-10-29T09:45:05.228+0000: [CMS-concurrent-sweep-start]
2020-10-29T09:45:05.248+0000: [CMS-concurrent-sweep: 0.020/0.020 secs] [Times: user=0.04 sys=0.00, real=0.02 secs] 
2020-10-29T09:45:05.249+0000: [CMS-concurrent-reset-start]
2020-10-29T09:45:05.250+0000: [CMS-concurrent-reset: 0.002/0.002 secs] [Times: user=0.00 sys=0.00, real=0.00 secs] 
2020-10-29T09:45:05.252+0000: [GC (Allocation Failure) 2020-10-29T09:45:05.253+0000: [ParNew: 38020K->4K(42752K), 0.0025232 secs] 299984K->261968K(709812K), 0.0025668 secs] [Times: user=0.00 sys=0.00, real=0.00 secs] 
2020-10-29T09:45:05.287+0000: [GC (Allocation Failure) 2020-10-29T09:45:05.287+0000: [ParNew: 38020K->4K(42752K), 0.0024936 secs] 299984K->261968K(709812K), 0.0025591 secs] [Times: user=0.01 sys=0.00, real=0.00 secs] 
2020-10-29T09:45:05.321+0000: [GC (Allocation Failure) 2020-10-29T09:45:05.321+0000: [ParNew: 38020K->4K(42752K), 0.0025345 secs] 299984K->261968K(709812K), 0.0025908 secs] [Times: user=0.01 sys=0.00, real=0.00 secs] 
2020-10-29T09:45:05.355+0000: [GC (Allocation Failure) 2020-10-29T09:45:05.355+0000: [ParNew: 38020K->4K(42752K), 0.0030132 secs] 299984K->261968K(709812K), 0.0030979 secs] [Times: user=0.00 sys=0.00, real=0.00 secs] 
2020-10-29T09:45:05.392+0000: [GC (Allocation Failure) 2020-10-29T09:45:05.392+0000: [ParNew: 38020K->4K(42752K), 0.0025360 secs] 299984K->261968K(709812K), 0.0025990 secs] [Times: user=0.00 sys=0.00, real=0.01 secs] 
2020-10-29T09:45:05.426+0000: [GC (Allocation Failure) 2020-10-29T09:45:05.426+0000: [ParNew: 38020K->4K(42752K), 0.0025082 secs] 299984K->261968K(709812K), 0.0025766 secs] [Times: user=0.00 sys=0.00, real=0.00 secs] 
2020-10-29T09:45:05.460+0000: [GC (Allocation Failure) 2020-10-29T09:45:05.461+0000: [ParNew: 38020K->4K(42752K), 0.0025828 secs] 299984K->261968K(709812K), 0.0026394 secs] [Times: user=0.00 sys=0.00, real=0.00 secs] 
2020-10-29T09:45:05.495+0000: [GC (Allocation Failure) 2020-10-29T09:45:05.495+0000: [ParNew: 38020K->4K(42752K), 0.0025148 secs] 299984K->261968K(709812K), 0.0025716 secs] [Times: user=0.01 sys=0.00, real=0.00 secs] 
2020-10-29T09:45:05.532+0000: [GC (Allocation Failure) 2020-10-29T09:45:05.533+0000: [ParNew: 38020K->4K(42752K), 0.0024841 secs] 299984K->261968K(709812K), 0.0025412 secs] [Times: user=0.00 sys=0.00, real=0.00 secs] 
2020-10-29T09:45:05.568+0000: [GC (Allocation Failure) 2020-10-29T09:45:05.569+0000: [ParNew: 38020K->4K(42752K), 0.0025179 secs] 299984K->261968K(709812K), 0.0025760 secs] [Times: user=0.01 sys=0.00, real=0.00 secs] 
2020-10-29T09:45:05.604+0000: [GC (Allocation Failure) 2020-10-29T09:45:05.605+0000: [ParNew: 38020K->4K(42752K), 0.0025071 secs] 299984K->261968K(709812K), 0.0025637 secs] [Times: user=0.01 sys=0.00, real=0.00 secs] 
2020-10-29T09:45:05.640+0000: [GC (Allocation Failure) 2020-10-29T09:45:05.641+0000: [ParNew: 38020K->4K(42752K), 0.0024856 secs] 299984K->261968K(709812K), 0.0025432 secs] [Times: user=0.01 sys=0.00, real=0.00 secs] 
2020-10-29T09:45:05.675+0000: [GC (Allocation Failure) 2020-10-29T09:45:05.675+0000: [ParNew: 38020K->4K(42752K), 0.0025248 secs] 299984K->261968K(709812K), 0.0025813 secs] [Times: user=0.01 sys=0.00, real=0.00 secs] 
2020-10-29T09:45:05.709+0000: [GC (Allocation Failure) 2020-10-29T09:45:05.709+0000: [ParNew: 38020K->4K(42752K), 0.0024878 secs] 299984K->261968K(709812K), 0.0025441 secs] [Times: user=0.00 sys=0.00, real=0.00 secs] 
2020-10-29T09:45:05.744+0000: [GC (Allocation Failure) 2020-10-29T09:45:05.744+0000: [ParNew: 38020K->4K(42752K), 0.0024932 secs] 299984K->261968K(709812K), 0.0025517 secs] [Times: user=0.00 sys=0.00, real=0.01 secs] 
2020-10-29T09:45:05.780+0000: [GC (Allocation Failure) 2020-10-29T09:45:05.781+0000: [ParNew: 38020K->4K(42752K), 0.0024822 secs] 299984K->261968K(709812K), 0.0025401 secs] [Times: user=0.00 sys=0.00, real=0.00 secs] 
2020-10-29T09:45:05.815+0000: [GC (Allocation Failure) 2020-10-29T09:45:05.815+0000: [ParNew: 38020K->4K(42752K), 0.0024990 secs] 299984K->261968K(709812K), 0.0025575 secs] [Times: user=0.00 sys=0.00, real=0.00 secs] 
2020-10-29T09:45:05.850+0000: [GC (Allocation Failure) 2020-10-29T09:45:05.850+0000: [ParNew: 38020K->4K(42752K), 0.0025025 secs] 299984K->261968K(709812K), 0.0025542 secs] [Times: user=0.00 sys=0.00, real=0.00 secs] 
2020-10-29T09:45:05.884+0000: [GC (Allocation Failure) 2020-10-29T09:45:05.885+0000: [ParNew: 38020K->4K(42752K), 0.0024891 secs] 299984K->261968K(709812K), 0.0025471 secs] [Times: user=0.01 sys=0.00, real=0.00 secs] 
2020-10-29T09:45:05.920+0000: [GC (Allocation Failure) 2020-10-29T09:45:05.921+0000: [ParNew: 38020K->4K(42752K), 0.0025127 secs] 299984K->261968K(709812K), 0.0025711 secs] [Times: user=0.00 sys=0.00, real=0.00 secs] 
2020-10-29T09:45:05.955+0000: [GC (Allocation Failure) 2020-10-29T09:45:05.955+0000: [ParNew: 38020K->4K(42752K), 0.0025197 secs] 299984K->261968K(709812K), 0.0025778 secs] [Times: user=0.01 sys=0.00, real=0.00 secs] 
2020-10-29T09:45:05.983+0000: [GC (Allocation Failure) 2020-10-29T09:45:05.983+0000: [ParNew: 38020K->4K(42752K), 0.0034687 secs] 299984K->270160K(709812K), 0.0035255 secs] [Times: user=0.01 sys=0.00, real=0.01 secs] 
2020-10-29T09:45:06.020+0000: [GC (Allocation Failure) 2020-10-29T09:45:06.021+0000: [ParNew: 38020K->4K(42752K), 0.0025008 secs] 308176K->270160K(709812K), 0.0025574 secs] [Times: user=0.01 sys=0.00, real=0.00 secs] 
2020-10-29T09:45:06.055+0000: [GC (Allocation Failure) 2020-10-29T09:45:06.055+0000: [ParNew: 38020K->4K(42752K), 0.0024973 secs] 308176K->270160K(709812K), 0.0025553 secs] [Times: user=0.00 sys=0.00, real=0.00 secs] 
2020-10-29T09:45:06.093+0000: [GC (Allocation Failure) 2020-10-29T09:45:06.093+0000: [ParNew: 38020K->13K(42752K), 0.0046323 secs] 308176K->278362K(709812K), 0.0046897 secs] [Times: user=0.00 sys=0.00, real=0.00 secs] 
2020-10-29T09:45:06.140+0000: [GC (Allocation Failure) 2020-10-29T09:45:06.140+0000: [ParNew: 38029K->8K(42752K), 0.0028928 secs] 316378K->278357K(709812K), 0.0029525 secs] [Times: user=0.00 sys=0.00, real=0.00 secs] 
2020-10-29T09:45:06.174+0000: [GC (Allocation Failure) 2020-10-29T09:45:06.174+0000: [ParNew: 38024K->6K(42752K), 0.0025357 secs] 316373K->278354K(709812K), 0.0026213 secs] [Times: user=0.01 sys=0.00, real=0.00 secs] 
2020-10-29T09:45:06.212+0000: [GC (Allocation Failure) 2020-10-29T09:45:06.212+0000: [ParNew: 38022K->9K(42752K), 0.0025131 secs] 316370K->278358K(709812K), 0.0025757 secs] [Times: user=0.00 sys=0.00, real=0.01 secs] 
2020-10-29T09:45:06.251+0000: [GC (Allocation Failure) 2020-10-29T09:45:06.251+0000: [ParNew: 38025K->8K(42752K), 0.0025465 secs] 316374K->278356K(709812K), 0.0026049 secs] [Times: user=0.01 sys=0.00, real=0.01 secs] 
2020-10-29T09:45:06.288+0000: [GC (Allocation Failure) 2020-10-29T09:45:06.289+0000: [ParNew: 38024K->6K(42752K), 0.0025120 secs] 316372K->278355K(709812K), 0.0025768 secs] [Times: user=0.00 sys=0.00, real=0.00 secs] 
2020-10-29T09:45:06.324+0000: [GC (Allocation Failure) 2020-10-29T09:45:06.325+0000: [ParNew: 38022K->4K(42752K), 0.0025149 secs] 316371K->278356K(709812K), 0.0025721 secs] [Times: user=0.00 sys=0.00, real=0.00 secs] 
2020-10-29T09:45:06.360+0000: [GC (Allocation Failure) 2020-10-29T09:45:06.361+0000: [ParNew: 38020K->4K(42752K), 0.0024953 secs] 316372K->278355K(709812K), 0.0025648 secs] [Times: user=0.01 sys=0.00, real=0.00 secs] 
2020-10-29T09:45:06.395+0000: [GC (Allocation Failure) 2020-10-29T09:45:06.395+0000: [ParNew: 38020K->4K(42752K), 0.0025000 secs] 316371K->278355K(709812K), 0.0025603 secs] [Times: user=0.01 sys=0.00, real=0.00 secs] 
2020-10-29T09:45:06.432+0000: [GC (Allocation Failure) 2020-10-29T09:45:06.433+0000: [ParNew: 38020K->4K(42752K), 0.0025050 secs] 316371K->278355K(709812K), 0.0025616 secs] [Times: user=0.01 sys=0.00, real=0.00 secs] 
2020-10-29T09:45:06.467+0000: [GC (Allocation Failure) 2020-10-29T09:45:06.467+0000: [ParNew: 38020K->4K(42752K), 0.0025207 secs] 316371K->278355K(709812K), 0.0025782 secs] [Times: user=0.00 sys=0.00, real=0.00 secs] 
2020-10-29T09:45:06.504+0000: [GC (Allocation Failure) 2020-10-29T09:45:06.505+0000: [ParNew: 38020K->4K(42752K), 0.0024902 secs] 316371K->278355K(709812K), 0.0025474 secs] [Times: user=0.00 sys=0.00, real=0.00 secs] 
2020-10-29T09:45:06.539+0000: [GC (Allocation Failure) 2020-10-29T09:45:06.539+0000: [ParNew: 38020K->4K(42752K), 0.0025797 secs] 316371K->278355K(709812K), 0.0026368 secs] [Times: user=0.01 sys=0.00, real=0.00 secs] 
2020-10-29T09:45:06.576+0000: [GC (Allocation Failure) 2020-10-29T09:45:06.577+0000: [ParNew: 38020K->4K(42752K), 0.0025075 secs] 316371K->278355K(709812K), 0.0025654 secs] [Times: user=0.01 sys=0.00, real=0.00 secs] 
2020-10-29T09:45:06.612+0000: [GC (Allocation Failure) 2020-10-29T09:45:06.613+0000: [ParNew: 38020K->4K(42752K), 0.0025150 secs] 316371K->278355K(709812K), 0.0025880 secs] [Times: user=0.01 sys=0.00, real=0.00 secs] 
2020-10-29T09:45:06.648+0000: [GC (Allocation Failure) 2020-10-29T09:45:06.649+0000: [ParNew: 38020K->4K(42752K), 0.0024910 secs] 316371K->278355K(709812K), 0.0025486 secs] [Times: user=0.01 sys=0.00, real=0.00 secs] 
2020-10-29T09:45:06.683+0000: [GC (Allocation Failure) 2020-10-29T09:45:06.683+0000: [ParNew: 38020K->4K(42752K), 0.0025361 secs] 316371K->278355K(709812K), 0.0025931 secs] [Times: user=0.01 sys=0.00, real=0.01 secs] 
2020-10-29T09:45:06.717+0000: [GC (Allocation Failure) 2020-10-29T09:45:06.717+0000: [ParNew: 38020K->4K(42752K), 0.0025311 secs] 316371K->278355K(709812K), 0.0025881 secs] [Times: user=0.00 sys=0.00, real=0.00 secs] 
2020-10-29T09:45:06.751+0000: [GC (Allocation Failure) 2020-10-29T09:45:06.751+0000: [ParNew: 38020K->4K(42752K), 0.0025150 secs] 316371K->278355K(709812K), 0.0025731 secs] [Times: user=0.00 sys=0.00, real=0.01 secs] 
2020-10-29T09:45:06.786+0000: [GC (Allocation Failure) 2020-10-29T09:45:06.786+0000: [ParNew: 38020K->4K(42752K), 0.0024945 secs] 316371K->278355K(709812K), 0.0025522 secs] [Times: user=0.01 sys=0.00, real=0.00 secs] 
2020-10-29T09:45:06.816+0000: [GC (Allocation Failure) 2020-10-29T09:45:06.817+0000: [ParNew: 38020K->4K(42752K), 0.0034744 secs] 316371K->286547K(709812K), 0.0035529 secs] [Times: user=0.00 sys=0.00, real=0.00 secs] 
2020-10-29T09:45:06.856+0000: [GC (Allocation Failure) 2020-10-29T09:45:06.857+0000: [ParNew: 38020K->4K(42752K), 0.0025265 secs] 324563K->286547K(709812K), 0.0025828 secs] [Times: user=0.01 sys=0.00, real=0.00 secs] 
2020-10-29T09:45:06.952+0000: [GC (Allocation Failure) 2020-10-29T09:45:06.953+0000: [ParNew: 38020K->4K(42752K), 0.0025576 secs] 324563K->286547K(709812K), 0.0026181 secs] [Times: user=0.00 sys=0.00, real=0.00 secs] 
2020-10-29T09:45:07.296+0000: [GC (Allocation Failure) 2020-10-29T09:45:07.297+0000: [ParNew: 38020K->6K(42752K), 0.0024975 secs] 324563K->286549K(709812K), 0.0025586 secs] [Times: user=0.01 sys=0.00, real=0.00 secs] 
2020-10-29T09:45:07.380+0000: [GC (Allocation Failure) 2020-10-29T09:45:07.381+0000: [ParNew: 38022K->6K(42752K), 0.0025307 secs] 324565K->286549K(709812K), 0.0026106 secs] [Times: user=0.01 sys=0.00, real=0.00 secs] 
2020-10-29T09:45:07.432+0000: [GC (Allocation Failure) 2020-10-29T09:45:07.433+0000: [ParNew: 38022K->4K(42752K), 0.0024912 secs] 324565K->286547K(709812K), 0.0025484 secs] [Times: user=0.01 sys=0.00, real=0.00 secs] 
2020-10-29T09:45:07.474+0000: [GC (Allocation Failure) 2020-10-29T09:45:07.474+0000: [ParNew: 38020K->4K(42752K), 0.0024989 secs] 324563K->286548K(709812K), 0.0025562 secs] [Times: user=0.01 sys=0.00, real=0.00 secs] 
2020-10-29T09:45:07.516+0000: [GC (Allocation Failure) 2020-10-29T09:45:07.517+0000: [ParNew: 38020K->4K(42752K), 0.0025514 secs] 324564K->286548K(709812K), 0.0026108 secs] [Times: user=0.00 sys=0.00, real=0.00 secs] 
2020-10-29T09:45:07.560+0000: [GC (Allocation Failure) 2020-10-29T09:45:07.561+0000: [ParNew: 38020K->4K(42752K), 0.0025195 secs] 324564K->286548K(709812K), 0.0025752 secs] [Times: user=0.00 sys=0.00, real=0.00 secs] 
2020-10-29T09:45:07.602+0000: [GC (Allocation Failure) 2020-10-29T09:45:07.602+0000: [ParNew: 38020K->4K(42752K), 0.0025296 secs] 324564K->286549K(709812K), 0.0025879 secs] [Times: user=0.01 sys=0.00, real=0.01 secs] 
2020-10-29T09:45:07.643+0000: [GC (Allocation Failure) 2020-10-29T09:45:07.643+0000: [ParNew: 38020K->4K(42752K), 0.0024909 secs] 324565K->286550K(709812K), 0.0025466 secs] [Times: user=0.01 sys=0.00, real=0.01 secs] 
2020-10-29T09:45:07.688+0000: [GC (Allocation Failure) 2020-10-29T09:45:07.689+0000: [ParNew: 38020K->4K(42752K), 0.0024909 secs] 324566K->286550K(709812K), 0.0025492 secs] [Times: user=0.00 sys=0.00, real=0.00 secs] 
2020-10-29T09:45:07.732+0000: [GC (Allocation Failure) 2020-10-29T09:45:07.732+0000: [ParNew: 38020K->4K(42752K), 0.0024728 secs] 324566K->286550K(709812K), 0.0025225 secs] [Times: user=0.01 sys=0.00, real=0.01 secs] 
2020-10-29T09:45:07.776+0000: [GC (Allocation Failure) 2020-10-29T09:45:07.777+0000: [ParNew: 38020K->4K(42752K), 0.0025522 secs] 324566K->286550K(709812K), 0.0026247 secs] [Times: user=0.01 sys=0.00, real=0.00 secs] 
2020-10-29T09:45:09.173+0000: [GC (Allocation Failure) 2020-10-29T09:45:09.173+0000: [ParNew: 38007K->1834K(42752K), 0.0051919 secs] 324553K->288380K(709812K), 0.0052452 secs] [Times: user=0.01 sys=0.00, real=0.00 secs] 
2020-10-29T09:45:09.357+0000: [GC (Allocation Failure) 2020-10-29T09:45:09.357+0000: [ParNew: 39850K->2214K(42752K), 0.0044975 secs] 326396K->288760K(709812K), 0.0045798 secs] [Times: user=0.01 sys=0.00, real=0.00 secs] 
2020-10-29T09:45:09.431+0000: [GC (Allocation Failure) 2020-10-29T09:45:09.431+0000: [ParNew: 40230K->2907K(42752K), 0.0080125 secs] 326776K->289454K(709812K), 0.0080894 secs] [Times: user=0.02 sys=0.00, real=0.01 secs] 
2020-10-29T09:45:09.535+0000: [GC (Allocation Failure) 2020-10-29T09:45:09.535+0000: [ParNew: 40923K->3057K(42752K), 0.0046814 secs] 327470K->289603K(709812K), 0.0047597 secs] [Times: user=0.01 sys=0.00, real=0.00 secs] 
2020-10-29T09:45:09.612+0000: [GC (Allocation Failure) 2020-10-29T09:45:09.612+0000: [ParNew: 41073K->2472K(42752K), 0.0076386 secs] 327619K->290164K(709812K), 0.0077155 secs] [Times: user=0.02 sys=0.00, real=0.01 secs] 
2020-10-29T09:45:09.683+0000: [GC (Allocation Failure) 2020-10-29T09:45:09.683+0000: [ParNew: 40488K->2404K(42752K), 0.0032550 secs] 328180K->290096K(709812K), 0.0033334 secs] [Times: user=0.01 sys=0.00, real=0.01 secs] 
2020-10-29T09:45:09.736+0000: [GC (Allocation Failure) 2020-10-29T09:45:09.737+0000: [ParNew: 40420K->2668K(42752K), 0.0032075 secs] 328112K->290360K(709812K), 0.0032669 secs] [Times: user=0.00 sys=0.00, real=0.00 secs] 
2020-10-29T09:45:09.780+0000: [GC (Allocation Failure) 2020-10-29T09:45:09.780+0000: [ParNew: 40684K->2156K(42752K), 0.0033879 secs] 328376K->290556K(709812K), 0.0034470 secs] [Times: user=0.01 sys=0.00, real=0.00 secs] 
2020-10-29T09:45:09.820+0000: [GC (Allocation Failure) 2020-10-29T09:45:09.820+0000: [ParNew: 40172K->3548K(42752K), 0.0029378 secs] 328572K->291948K(709812K), 0.0029970 secs] [Times: user=0.01 sys=0.00, real=0.00 secs] 
2020-10-29T09:45:09.872+0000: [GC (Allocation Failure) 2020-10-29T09:45:09.873+0000: [ParNew: 41564K->2167K(42752K), 0.0029797 secs] 329964K->291592K(709812K), 0.0030387 secs] [Times: user=0.01 sys=0.00, real=0.00 secs] 
2020-10-29T09:45:09.924+0000: [GC (Allocation Failure) 2020-10-29T09:45:09.925+0000: [ParNew: 40183K->2078K(42752K), 0.0037307 secs] 329608K->291503K(709812K), 0.0037891 secs] [Times: user=0.01 sys=0.00, real=0.00 secs] 
2020-10-29T09:45:09.996+0000: [GC (Allocation Failure) 2020-10-29T09:45:09.996+0000: [ParNew: 40094K->4103K(42752K), 0.0033240 secs] 329519K->294553K(709812K), 0.0034108 secs] [Times: user=0.01 sys=0.00, real=0.00 secs] 
2020-10-29T09:45:10.052+0000: [GC (Allocation Failure) 2020-10-29T09:45:10.053+0000: [ParNew: 42119K->4K(42752K), 0.0028745 secs] 332569K->292501K(709812K), 0.0029531 secs] [Times: user=0.01 sys=0.00, real=0.00 secs] 
2020-10-29T09:45:10.106+0000: [GC (Allocation Failure) 2020-10-29T09:45:10.106+0000: [ParNew: 38020K->4K(42752K), 0.0025243 secs] 330517K->292501K(709812K), 0.0026046 secs] [Times: user=0.00 sys=0.00, real=0.00 secs] 
2020-10-29T09:45:10.155+0000: [GC (Allocation Failure) 2020-10-29T09:45:10.155+0000: [ParNew: 38020K->4100K(42752K), 0.0030483 secs] 330517K->296597K(709812K), 0.0031073 secs] [Times: user=0.00 sys=0.00, real=0.00 secs] 
2020-10-29T09:45:10.221+0000: [GC (Allocation Failure) 2020-10-29T09:45:10.221+0000: [ParNew: 42116K->4K(42752K), 0.0055620 secs] 334613K->294550K(709812K), 0.0056209 secs] [Times: user=0.01 sys=0.00, real=0.01 secs] 
2020-10-29T09:45:10.296+0000: [GC (Allocation Failure) 2020-10-29T09:45:10.296+0000: [ParNew: 38020K->4K(42752K), 0.0066448 secs] 332566K->294550K(709812K), 0.0067227 secs] [Times: user=0.01 sys=0.00, real=0.00 secs] 
2020-10-29T09:45:10.369+0000: [GC (Allocation Failure) 2020-10-29T09:45:10.369+0000: [ParNew: 38020K->4K(42752K), 0.0025705 secs] 332566K->294550K(709812K), 0.0026299 secs] [Times: user=0.00 sys=0.00, real=0.00 secs] 
2020-10-29T09:45:10.416+0000: [GC (Allocation Failure) 2020-10-29T09:45:10.416+0000: [ParNew: 38020K->4K(42752K), 0.0025860 secs] 332566K->294550K(709812K), 0.0026512 secs] [Times: user=0.01 sys=0.00, real=0.00 secs] 
2020-10-29T09:45:10.455+0000: [GC (Allocation Failure) 2020-10-29T09:45:10.455+0000: [ParNew: 38020K->4K(42752K), 0.0025747 secs] 332566K->294550K(709812K), 0.0026316 secs] [Times: user=0.01 sys=0.00, real=0.00 secs] 
2020-10-29T09:45:10.490+0000: [GC (Allocation Failure) 2020-10-29T09:45:10.490+0000: [ParNew: 38020K->4K(42752K), 0.0025430 secs] 332566K->294550K(709812K), 0.0026008 secs] [Times: user=0.00 sys=0.00, real=0.00 secs] 
2020-10-29T09:45:10.525+0000: [GC (Allocation Failure) 2020-10-29T09:45:10.525+0000: [ParNew: 38020K->4K(42752K), 0.0025048 secs] 332566K->294550K(709812K), 0.0025623 secs] [Times: user=0.01 sys=0.00, real=0.00 secs] 
2020-10-29T09:45:10.561+0000: [GC (Allocation Failure) 2020-10-29T09:45:10.561+0000: [ParNew: 38020K->4100K(42752K), 0.0037133 secs] 332566K->302742K(709812K), 0.0037738 secs] [Times: user=0.01 sys=0.00, real=0.00 secs] 
2020-10-29T09:45:10.594+0000: [GC (Allocation Failure) 2020-10-29T09:45:10.594+0000: [ParNew: 38343K->4K(42752K), 0.0025424 secs] 336985K->298646K(709812K), 0.0026019 secs] [Times: user=0.01 sys=0.00, real=0.00 secs] 
2020-10-29T09:45:10.628+0000: [GC (Allocation Failure) 2020-10-29T09:45:10.629+0000: [ParNew: 38020K->4100K(42752K), 0.0037011 secs] 336662K->306838K(709812K), 0.0037679 secs] [Times: user=0.01 sys=0.00, real=0.00 secs] 
2020-10-29T09:45:10.665+0000: [GC (Allocation Failure) 2020-10-29T09:45:10.665+0000: [ParNew: 42116K->4K(42752K), 0.0025185 secs] 344854K->302742K(709812K), 0.0025773 secs] [Times: user=0.00 sys=0.00, real=0.00 secs] 
2020-10-29T09:45:10.700+0000: [GC (Allocation Failure) 2020-10-29T09:45:10.700+0000: [ParNew: 38020K->4K(42752K), 0.0025303 secs] 340758K->302742K(709812K), 0.0025894 secs] [Times: user=0.00 sys=0.00, real=0.00 secs] 
2020-10-29T09:45:10.736+0000: [GC (Allocation Failure) 2020-10-29T09:45:10.737+0000: [ParNew: 38020K->4K(42752K), 0.0025331 secs] 340758K->302742K(709812K), 0.0025914 secs] [Times: user=0.01 sys=0.00, real=0.00 secs] 
2020-10-29T09:45:10.773+0000: [GC (Allocation Failure) 2020-10-29T09:45:10.773+0000: [ParNew: 38020K->4K(42752K), 0.0025215 secs] 340758K->302742K(709812K), 0.0025806 secs] [Times: user=0.01 sys=0.00, real=0.00 secs] 
2020-10-29T09:45:10.808+0000: [GC (Allocation Failure) 2020-10-29T09:45:10.809+0000: [ParNew: 38020K->4K(42752K), 0.0025107 secs] 340758K->302742K(709812K), 0.0025691 secs] [Times: user=0.01 sys=0.00, real=0.00 secs] 
2020-10-29T09:45:10.844+0000: [GC (Allocation Failure) 2020-10-29T09:45:10.845+0000: [ParNew: 38020K->4K(42752K), 0.0025120 secs] 340758K->302742K(709812K), 0.0025699 secs] [Times: user=0.01 sys=0.00, real=0.00 secs] 
2020-10-29T09:45:10.883+0000: [GC (Allocation Failure) 2020-10-29T09:45:10.883+0000: [ParNew: 38020K->4K(42752K), 0.0024995 secs] 340758K->302742K(709812K), 0.0025574 secs] [Times: user=0.00 sys=0.00, real=0.01 secs] 
2020-10-29T09:45:10.920+0000: [GC (Allocation Failure) 2020-10-29T09:45:10.921+0000: [ParNew: 38020K->4K(42752K), 0.0025307 secs] 340758K->302742K(709812K), 0.0025883 secs] [Times: user=0.00 sys=0.00, real=0.00 secs] 
2020-10-29T09:45:10.956+0000: [GC (Allocation Failure) 2020-10-29T09:45:10.957+0000: [ParNew: 38020K->4K(42752K), 0.0025150 secs] 340758K->302742K(709812K), 0.0025725 secs] [Times: user=0.00 sys=0.00, real=0.00 secs] 
2020-10-29T09:45:10.994+0000: [GC (Allocation Failure) 2020-10-29T09:45:10.994+0000: [ParNew: 38020K->4K(42752K), 0.0025462 secs] 340758K->302742K(709812K), 0.0026224 secs] [Times: user=0.00 sys=0.00, real=0.00 secs] 
2020-10-29T09:45:11.032+0000: [GC (Allocation Failure) 2020-10-29T09:45:11.033+0000: [ParNew: 38020K->4K(42752K), 0.0025203 secs] 340758K->302742K(709812K), 0.0025780 secs] [Times: user=0.00 sys=0.00, real=0.00 secs] 
2020-10-29T09:45:11.068+0000: [GC (Allocation Failure) 2020-10-29T09:45:11.069+0000: [ParNew: 38020K->4K(42752K), 0.0024948 secs] 340758K->302742K(709812K), 0.0025514 secs] [Times: user=0.00 sys=0.00, real=0.00 secs] 
2020-10-29T09:45:11.105+0000: [GC (Allocation Failure) 2020-10-29T09:45:11.105+0000: [ParNew: 38020K->4K(42752K), 0.0025119 secs] 340758K->302742K(709812K), 0.0025705 secs] [Times: user=0.00 sys=0.00, real=0.00 secs] 
2020-10-29T09:45:11.140+0000: [GC (Allocation Failure) 2020-10-29T09:45:11.140+0000: [ParNew: 38020K->4K(42752K), 0.0026290 secs] 340758K->302742K(709812K), 0.0026884 secs] [Times: user=0.00 sys=0.00, real=0.00 secs] 
2020-10-29T09:45:11.176+0000: [GC (Allocation Failure) 2020-10-29T09:45:11.177+0000: [ParNew: 38020K->4K(42752K), 0.0025200 secs] 340758K->302742K(709812K), 0.0025790 secs] [Times: user=0.01 sys=0.00, real=0.00 secs] 
2020-10-29T09:45:11.212+0000: [GC (Allocation Failure) 2020-10-29T09:45:11.212+0000: [ParNew: 38020K->4K(42752K), 0.0025341 secs] 340758K->302742K(709812K), 0.0025923 secs] [Times: user=0.01 sys=0.00, real=0.01 secs] 
2020-10-29T09:45:11.248+0000: [GC (Allocation Failure) 2020-10-29T09:45:11.248+0000: [ParNew: 38020K->4K(42752K), 0.0025399 secs] 340758K->302742K(709812K), 0.0025968 secs] [Times: user=0.00 sys=0.00, real=0.00 secs] 
2020-10-29T09:45:11.284+0000: [GC (Allocation Failure) 2020-10-29T09:45:11.285+0000: [ParNew: 38020K->4K(42752K), 0.0025012 secs] 340758K->302742K(709812K), 0.0025591 secs] [Times: user=0.01 sys=0.00, real=0.00 secs] 
2020-10-29T09:45:11.319+0000: [GC (Allocation Failure) 2020-10-29T09:45:11.319+0000: [ParNew: 38020K->4K(42752K), 0.0025579 secs] 340758K->302742K(709812K), 0.0026150 secs] [Times: user=0.00 sys=0.00, real=0.00 secs] 
2020-10-29T09:45:11.354+0000: [GC (Allocation Failure) 2020-10-29T09:45:11.354+0000: [ParNew: 38020K->4K(42752K), 0.0025515 secs] 340758K->302742K(709812K), 0.0026096 secs] [Times: user=0.00 sys=0.00, real=0.00 secs] 
2020-10-29T09:45:11.392+0000: [GC (Allocation Failure) 2020-10-29T09:45:11.393+0000: [ParNew: 38020K->4K(42752K), 0.0025255 secs] 340758K->302743K(709812K), 0.0025835 secs] [Times: user=0.00 sys=0.00, real=0.00 secs] 
2020-10-29T09:45:11.428+0000: [GC (Allocation Failure) 2020-10-29T09:45:11.428+0000: [ParNew: 38020K->4K(42752K), 0.0025332 secs] 340759K->302743K(709812K), 0.0025987 secs] [Times: user=0.01 sys=0.00, real=0.00 secs] 
2020-10-29T09:45:11.462+0000: [GC (Allocation Failure) 2020-10-29T09:45:11.462+0000: [ParNew: 38020K->4K(42752K), 0.0025139 secs] 340759K->302743K(709812K), 0.0025713 secs] [Times: user=0.00 sys=0.00, real=0.01 secs] 
2020-10-29T09:45:11.497+0000: [GC (Allocation Failure) 2020-10-29T09:45:11.497+0000: [ParNew: 38020K->4K(42752K), 0.0025155 secs] 340759K->302743K(709812K), 0.0025736 secs] [Times: user=0.00 sys=0.00, real=0.00 secs] 
2020-10-29T09:45:11.532+0000: [GC (Allocation Failure) 2020-10-29T09:45:11.533+0000: [ParNew: 38020K->4K(42752K), 0.0024934 secs] 340759K->302743K(709812K), 0.0025510 secs] [Times: user=0.00 sys=0.00, real=0.00 secs] 
2020-10-29T09:45:11.568+0000: [GC (Allocation Failure) 2020-10-29T09:45:11.569+0000: [ParNew: 38020K->4K(42752K), 0.0025305 secs] 340759K->302743K(709812K), 0.0025874 secs] [Times: user=0.00 sys=0.00, real=0.00 secs] 
2020-10-29T09:45:11.603+0000: [GC (Allocation Failure) 2020-10-29T09:45:11.603+0000: [ParNew: 38020K->4K(42752K), 0.0025598 secs] 340759K->302743K(709812K), 0.0026230 secs] [Times: user=0.00 sys=0.00, real=0.01 secs] 
2020-10-29T09:45:11.639+0000: [GC (Allocation Failure) 2020-10-29T09:45:11.639+0000: [ParNew: 38020K->4K(42752K), 0.0025573 secs] 340759K->302743K(709812K), 0.0026159 secs] [Times: user=0.01 sys=0.00, real=0.00 secs] 
2020-10-29T09:45:11.674+0000: [GC (Allocation Failure) 2020-10-29T09:45:11.674+0000: [ParNew: 38020K->4K(42752K), 0.0025619 secs] 340759K->302743K(709812K), 0.0026169 secs] [Times: user=0.01 sys=0.00, real=0.00 secs] 
2020-10-29T09:45:11.709+0000: [GC (Allocation Failure) 2020-10-29T09:45:11.709+0000: [ParNew: 38020K->4K(42752K), 0.0025412 secs] 340759K->302743K(709812K), 0.0025967 secs] [Times: user=0.00 sys=0.00, real=0.00 secs] 
2020-10-29T09:45:11.758+0000: [GC (Allocation Failure) 2020-10-29T09:45:11.758+0000: [ParNew: 38020K->4K(42752K), 0.0025104 secs] 340759K->302743K(709812K), 0.0025874 secs] [Times: user=0.00 sys=0.00, real=0.00 secs] 
2020-10-29T09:45:11.800+0000: [GC (Allocation Failure) 2020-10-29T09:45:11.800+0000: [ParNew: 38020K->4K(42752K), 0.0024897 secs] 340759K->302743K(709812K), 0.0025494 secs] [Times: user=0.00 sys=0.00, real=0.00 secs] 
2020-10-29T09:45:11.835+0000: [GC (Allocation Failure) 2020-10-29T09:45:11.835+0000: [ParNew: 38020K->4K(42752K), 0.0025284 secs] 340759K->302743K(709812K), 0.0025850 secs] [Times: user=0.00 sys=0.00, real=0.00 secs] 
2020-10-29T09:45:11.870+0000: [GC (Allocation Failure) 2020-10-29T09:45:11.870+0000: [ParNew: 38020K->4K(42752K), 0.0025237 secs] 340759K->302743K(709812K), 0.0025825 secs] [Times: user=0.01 sys=0.00, real=0.01 secs] 
2020-10-29T09:45:11.905+0000: [GC (Allocation Failure) 2020-10-29T09:45:11.905+0000: [ParNew: 38020K->4K(42752K), 0.0025134 secs] 340759K->302743K(709812K), 0.0025730 secs] [Times: user=0.00 sys=0.00, real=0.00 secs] 
2020-10-29T09:45:11.939+0000: [GC (Allocation Failure) 2020-10-29T09:45:11.939+0000: [ParNew: 38020K->4K(42752K), 0.0030470 secs] 340759K->302743K(709812K), 0.0031049 secs] [Times: user=0.00 sys=0.00, real=0.00 secs] 
2020-10-29T09:45:11.976+0000: [GC (Allocation Failure) 2020-10-29T09:45:11.977+0000: [ParNew: 38020K->4K(42752K), 0.0025631 secs] 340759K->302743K(709812K), 0.0026209 secs] [Times: user=0.00 sys=0.00, real=0.00 secs] 
2020-10-29T09:45:12.012+0000: [GC (Allocation Failure) 2020-10-29T09:45:12.013+0000: [ParNew: 38020K->4K(42752K), 0.0025007 secs] 340759K->302743K(709812K), 0.0025581 secs] [Times: user=0.00 sys=0.00, real=0.00 secs] 
2020-10-29T09:45:12.047+0000: [GC (Allocation Failure) 2020-10-29T09:45:12.048+0000: [ParNew: 38020K->4K(42752K), 0.0025174 secs] 340759K->302743K(709812K), 0.0025761 secs] [Times: user=0.01 sys=0.00, real=0.00 secs] 
2020-10-29T09:45:12.084+0000: [GC (Allocation Failure) 2020-10-29T09:45:12.085+0000: [ParNew: 38020K->4K(42752K), 0.0024936 secs] 340759K->302743K(709812K), 0.0025509 secs] [Times: user=0.01 sys=0.00, real=0.00 secs] 
2020-10-29T09:45:12.120+0000: [GC (Allocation Failure) 2020-10-29T09:45:12.121+0000: [ParNew: 38020K->4K(42752K), 0.0025026 secs] 340759K->302743K(709812K), 0.0025568 secs] [Times: user=0.00 sys=0.00, real=0.00 secs] 
2020-10-29T09:45:12.155+0000: [GC (Allocation Failure) 2020-10-29T09:45:12.155+0000: [ParNew: 38020K->4K(42752K), 0.0025234 secs] 340759K->302743K(709812K), 0.0025806 secs] [Times: user=0.01 sys=0.00, real=0.00 secs] 
2020-10-29T09:45:12.191+0000: [GC (Allocation Failure) 2020-10-29T09:45:12.191+0000: [ParNew: 38020K->4K(42752K), 0.0025676 secs] 340759K->302743K(709812K), 0.0026260 secs] [Times: user=0.01 sys=0.00, real=0.01 secs] 
2020-10-29T09:45:12.228+0000: [GC (Allocation Failure) 2020-10-29T09:45:12.229+0000: [ParNew: 38020K->4K(42752K), 0.0025448 secs] 340759K->302743K(709812K), 0.0026041 secs] [Times: user=0.00 sys=0.00, real=0.00 secs] 
2020-10-29T09:45:12.267+0000: [GC (Allocation Failure) 2020-10-29T09:45:12.267+0000: [ParNew: 38020K->4K(42752K), 0.0025256 secs] 340759K->302743K(709812K), 0.0025839 secs] [Times: user=0.00 sys=0.00, real=0.00 secs] 
2020-10-29T09:45:12.304+0000: [GC (Allocation Failure) 2020-10-29T09:45:12.305+0000: [ParNew: 38020K->4K(42752K), 0.0025162 secs] 340759K->302743K(709812K), 0.0025738 secs] [Times: user=0.00 sys=0.00, real=0.00 secs] 
2020-10-29T09:45:12.340+0000: [GC (Allocation Failure) 2020-10-29T09:45:12.341+0000: [ParNew: 38020K->4K(42752K), 0.0025213 secs] 340759K->302743K(709812K), 0.0025783 secs] [Times: user=0.00 sys=0.00, real=0.00 secs] 
2020-10-29T09:45:12.375+0000: [GC (Allocation Failure) 2020-10-29T09:45:12.375+0000: [ParNew: 38020K->4K(42752K), 0.0025682 secs] 340759K->302743K(709812K), 0.0026317 secs] [Times: user=0.01 sys=0.00, real=0.00 secs] 
2020-10-29T09:45:12.412+0000: [GC (Allocation Failure) 2020-10-29T09:45:12.413+0000: [ParNew: 38020K->4K(42752K), 0.0025185 secs] 340759K->302743K(709812K), 0.0025775 secs] [Times: user=0.01 sys=0.00, real=0.00 secs] 
2020-10-29T09:45:12.448+0000: [GC (Allocation Failure) 2020-10-29T09:45:12.449+0000: [ParNew: 38020K->4K(42752K), 0.0025284 secs] 340759K->302743K(709812K), 0.0025872 secs] [Times: user=0.01 sys=0.00, real=0.00 secs] 
2020-10-29T09:45:12.483+0000: [GC (Allocation Failure) 2020-10-29T09:45:12.483+0000: [ParNew: 38020K->4K(42752K), 0.0025601 secs] 340759K->302743K(709812K), 0.0026187 secs] [Times: user=0.01 sys=0.00, real=0.01 secs] 
2020-10-29T09:45:12.520+0000: [GC (Allocation Failure) 2020-10-29T09:45:12.521+0000: [ParNew: 38020K->4K(42752K), 0.0025223 secs] 340759K->302743K(709812K), 0.0025807 secs] [Times: user=0.01 sys=0.00, real=0.00 secs] 
2020-10-29T09:45:12.556+0000: [GC (Allocation Failure) 2020-10-29T09:45:12.556+0000: [ParNew: 38020K->4K(42752K), 0.0025066 secs] 340759K->302743K(709812K), 0.0025649 secs] [Times: user=0.00 sys=0.00, real=0.00 secs] 
2020-10-29T09:45:12.592+0000: [GC (Allocation Failure) 2020-10-29T09:45:12.593+0000: [ParNew: 38020K->4K(42752K), 0.0025288 secs] 340759K->302743K(709812K), 0.0025865 secs] [Times: user=0.00 sys=0.00, real=0.00 secs] 
2020-10-29T09:45:12.628+0000: [GC (Allocation Failure) 2020-10-29T09:45:12.628+0000: [ParNew: 38020K->4K(42752K), 0.0025148 secs] 340759K->302743K(709812K), 0.0025723 secs] [Times: user=0.00 sys=0.00, real=0.00 secs] 
2020-10-29T09:45:12.663+0000: [GC (Allocation Failure) 2020-10-29T09:45:12.663+0000: [ParNew: 38020K->4K(42752K), 0.0025288 secs] 340759K->302743K(709812K), 0.0025875 secs] [Times: user=0.00 sys=0.00, real=0.01 secs] 
2020-10-29T09:45:12.700+0000: [GC (Allocation Failure) 2020-10-29T09:45:12.701+0000: [ParNew: 38020K->4K(42752K), 0.0025297 secs] 340759K->302743K(709812K), 0.0025872 secs] [Times: user=0.01 sys=0.00, real=0.00 secs] 
2020-10-29T09:45:12.736+0000: [GC (Allocation Failure) 2020-10-29T09:45:12.736+0000: [ParNew: 38020K->4K(42752K), 0.0025006 secs] 340759K->302743K(709812K), 0.0025577 secs] [Times: user=0.01 sys=0.00, real=0.00 secs] 
2020-10-29T09:45:12.772+0000: [GC (Allocation Failure) 2020-10-29T09:45:12.773+0000: [ParNew: 38020K->4K(42752K), 0.0024882 secs] 340759K->302743K(709812K), 0.0025455 secs] [Times: user=0.00 sys=0.00, real=0.00 secs] 
2020-10-29T09:45:12.807+0000: [GC (Allocation Failure) 2020-10-29T09:45:12.807+0000: [ParNew: 38020K->4K(42752K), 0.0025303 secs] 340759K->302743K(709812K), 0.0025884 secs] [Times: user=0.01 sys=0.00, real=0.00 secs] 
2020-10-29T09:45:12.841+0000: [GC (Allocation Failure) 2020-10-29T09:45:12.841+0000: [ParNew: 38020K->4K(42752K), 0.0025003 secs] 340759K->302743K(709812K), 0.0025567 secs] [Times: user=0.01 sys=0.00, real=0.00 secs] 
2020-10-29T09:45:12.876+0000: [GC (Allocation Failure) 2020-10-29T09:45:12.877+0000: [ParNew: 38020K->4K(42752K), 0.0025108 secs] 340759K->302743K(709812K), 0.0025669 secs] [Times: user=0.01 sys=0.00, real=0.00 secs] 
2020-10-29T09:45:12.912+0000: [GC (Allocation Failure) 2020-10-29T09:45:12.913+0000: [ParNew: 38020K->4K(42752K), 0.0024937 secs] 340759K->302743K(709812K), 0.0025512 secs] [Times: user=0.01 sys=0.00, real=0.00 secs] 
2020-10-29T09:45:12.947+0000: [GC (Allocation Failure) 2020-10-29T09:45:12.947+0000: [ParNew: 38020K->4K(42752K), 0.0025560 secs] 340759K->302743K(709812K), 0.0026140 secs] [Times: user=0.00 sys=0.00, real=0.00 secs] 
2020-10-29T09:45:12.984+0000: [GC (Allocation Failure) 2020-10-29T09:45:12.985+0000: [ParNew: 38020K->4K(42752K), 0.0025236 secs] 340759K->302743K(709812K), 0.0025797 secs] [Times: user=0.00 sys=0.00, real=0.00 secs] 
2020-10-29T09:45:13.021+0000: [GC (Allocation Failure) 2020-10-29T09:45:13.021+0000: [ParNew: 38020K->4K(42752K), 0.0025051 secs] 340759K->302743K(709812K), 0.0025642 secs] [Times: user=0.00 sys=0.00, real=0.00 secs] 
2020-10-29T09:45:13.056+0000: [GC (Allocation Failure) 2020-10-29T09:45:13.057+0000: [ParNew: 38020K->4K(42752K), 0.0024984 secs] 340759K->302743K(709812K), 0.0025553 secs] [Times: user=0.00 sys=0.00, real=0.00 secs] 
2020-10-29T09:45:13.091+0000: [GC (Allocation Failure) 2020-10-29T09:45:13.091+0000: [ParNew: 38020K->4K(42752K), 0.0025838 secs] 340759K->302743K(709812K), 0.0026415 secs] [Times: user=0.00 sys=0.00, real=0.01 secs] 
2020-10-29T09:45:13.128+0000: [GC (Allocation Failure) 2020-10-29T09:45:13.129+0000: [ParNew: 38020K->4K(42752K), 0.0025300 secs] 340759K->302743K(709812K), 0.0025873 secs] [Times: user=0.00 sys=0.00, real=0.00 secs] 
2020-10-29T09:45:13.163+0000: [GC (Allocation Failure) 2020-10-29T09:45:13.163+0000: [ParNew: 38020K->4K(42752K), 0.0025208 secs] 340759K->302743K(709812K), 0.0025777 secs] [Times: user=0.00 sys=0.00, real=0.01 secs] 
2020-10-29T09:45:13.197+0000: [GC (Allocation Failure) 2020-10-29T09:45:13.197+0000: [ParNew: 38020K->4K(42752K), 0.0025313 secs] 340759K->302743K(709812K), 0.0025892 secs] [Times: user=0.00 sys=0.00, real=0.00 secs] 
2020-10-29T09:45:13.236+0000: [GC (Allocation Failure) 2020-10-29T09:45:13.236+0000: [ParNew: 38020K->4K(42752K), 0.0025372 secs] 340759K->302743K(709812K), 0.0025951 secs] [Times: user=0.01 sys=0.00, real=0.00 secs] 
2020-10-29T09:45:13.272+0000: [GC (Allocation Failure) 2020-10-29T09:45:13.273+0000: [ParNew: 38020K->4K(42752K), 0.0025204 secs] 340759K->302743K(709812K), 0.0025786 secs] [Times: user=0.00 sys=0.00, real=0.00 secs] 
2020-10-29T09:45:13.308+0000: [GC (Allocation Failure) 2020-10-29T09:45:13.309+0000: [ParNew: 38020K->4K(42752K), 0.0024962 secs] 340759K->302743K(709812K), 0.0025538 secs] [Times: user=0.01 sys=0.00, real=0.00 secs] 
2020-10-29T09:45:13.344+0000: [GC (Allocation Failure) 2020-10-29T09:45:13.345+0000: [ParNew: 38020K->4K(42752K), 0.0025507 secs] 340759K->302743K(709812K), 0.0026076 secs] [Times: user=0.00 sys=0.00, real=0.00 secs] 
2020-10-29T09:45:13.380+0000: [GC (Allocation Failure) 2020-10-29T09:45:13.380+0000: [ParNew: 38020K->4K(42752K), 0.0025070 secs] 340759K->302743K(709812K), 0.0025636 secs] [Times: user=0.00 sys=0.00, real=0.00 secs] 
2020-10-29T09:45:13.415+0000: [GC (Allocation Failure) 2020-10-29T09:45:13.415+0000: [ParNew: 38020K->4K(42752K), 0.0025264 secs] 340759K->302743K(709812K), 0.0025831 secs] [Times: user=0.01 sys=0.00, real=0.00 secs] 
2020-10-29T09:45:13.452+0000: [GC (Allocation Failure) 2020-10-29T09:45:13.453+0000: [ParNew: 38020K->4K(42752K), 0.0025325 secs] 340759K->302744K(709812K), 0.0025899 secs] [Times: user=0.01 sys=0.00, real=0.00 secs] 
2020-10-29T09:45:13.487+0000: [GC (Allocation Failure) 2020-10-29T09:45:13.487+0000: [ParNew: 38020K->4K(42752K), 0.0025690 secs] 340760K->302744K(709812K), 0.0026258 secs] [Times: user=0.01 sys=0.00, real=0.00 secs] 
2020-10-29T09:45:13.521+0000: [GC (Allocation Failure) 2020-10-29T09:45:13.521+0000: [ParNew: 38020K->4K(42752K), 0.0025339 secs] 340760K->302744K(709812K), 0.0025927 secs] [Times: user=0.00 sys=0.00, real=0.00 secs] 
2020-10-29T09:45:13.556+0000: [GC (Allocation Failure) 2020-10-29T09:45:13.557+0000: [ParNew: 38020K->4K(42752K), 0.0025066 secs] 340760K->302744K(709812K), 0.0025638 secs] [Times: user=0.01 sys=0.00, real=0.00 secs] 
2020-10-29T09:45:13.591+0000: [GC (Allocation Failure) 2020-10-29T09:45:13.591+0000: [ParNew: 38020K->4K(42752K), 0.0025528 secs] 340760K->302744K(709812K), 0.0026122 secs] [Times: user=0.00 sys=0.00, real=0.01 secs] 
2020-10-29T09:45:13.625+0000: [GC (Allocation Failure) 2020-10-29T09:45:13.625+0000: [ParNew: 38020K->4K(42752K), 0.0025109 secs] 340760K->302744K(709812K), 0.0025683 secs] [Times: user=0.01 sys=0.00, real=0.00 secs] 
2020-10-29T09:45:13.660+0000: [GC (Allocation Failure) 2020-10-29T09:45:13.661+0000: [ParNew: 38020K->4K(42752K), 0.0025107 secs] 340760K->302744K(709812K), 0.0025665 secs] [Times: user=0.00 sys=0.00, real=0.00 secs] 
2020-10-29T09:45:13.695+0000: [GC (Allocation Failure) 2020-10-29T09:45:13.695+0000: [ParNew: 38020K->4K(42752K), 0.0025437 secs] 340760K->302744K(709812K), 0.0026017 secs] [Times: user=0.00 sys=0.00, real=0.00 secs] 
2020-10-29T09:45:13.729+0000: [GC (Allocation Failure) 2020-10-29T09:45:13.729+0000: [ParNew: 38020K->4K(42752K), 0.0025049 secs] 340760K->302744K(709812K), 0.0025636 secs] [Times: user=0.00 sys=0.00, real=0.00 secs] 
2020-10-29T09:45:13.763+0000: [GC (Allocation Failure) 2020-10-29T09:45:13.763+0000: [ParNew: 38020K->4K(42752K), 0.0025450 secs] 340760K->302744K(709812K), 0.0026041 secs] [Times: user=0.01 sys=0.00, real=0.01 secs] 
2020-10-29T09:45:13.800+0000: [GC (Allocation Failure) 2020-10-29T09:45:13.801+0000: [ParNew: 38020K->4K(42752K), 0.0024884 secs] 340760K->302744K(709812K), 0.0025536 secs] [Times: user=0.00 sys=0.00, real=0.00 secs] 
2020-10-29T09:45:13.835+0000: [GC (Allocation Failure) 2020-10-29T09:45:13.835+0000: [ParNew: 38020K->4K(42752K), 0.0025974 secs] 340760K->302744K(709812K), 0.0026547 secs] [Times: user=0.01 sys=0.00, real=0.00 secs] 
2020-10-29T09:45:13.872+0000: [GC (Allocation Failure) 2020-10-29T09:45:13.873+0000: [ParNew: 38020K->4K(42752K), 0.0025182 secs] 340760K->302744K(709812K), 0.0025748 secs] [Times: user=0.01 sys=0.00, real=0.00 secs] 
2020-10-29T09:45:13.908+0000: [GC (Allocation Failure) 2020-10-29T09:45:13.909+0000: [ParNew: 38020K->4K(42752K), 0.0025076 secs] 340760K->302744K(709812K), 0.0025644 secs] [Times: user=0.01 sys=0.00, real=0.00 secs] 
2020-10-29T09:45:13.943+0000: [GC (Allocation Failure) 2020-10-29T09:45:13.943+0000: [ParNew: 38020K->4K(42752K), 0.0025340 secs] 340760K->302744K(709812K), 0.0025966 secs] [Times: user=0.01 sys=0.00, real=0.01 secs] 
2020-10-29T09:45:13.980+0000: [GC (Allocation Failure) 2020-10-29T09:45:13.981+0000: [ParNew: 38020K->4K(42752K), 0.0024923 secs] 340760K->302744K(709812K), 0.0025500 secs] [Times: user=0.01 sys=0.00, real=0.00 secs] 
2020-10-29T09:45:14.015+0000: [GC (Allocation Failure) 2020-10-29T09:45:14.015+0000: [ParNew: 38020K->4K(42752K), 0.0025311 secs] 340760K->302744K(709812K), 0.0025888 secs] [Times: user=0.00 sys=0.00, real=0.00 secs] 
2020-10-29T09:45:14.050+0000: [GC (Allocation Failure) 2020-10-29T09:45:14.050+0000: [ParNew: 38020K->4K(42752K), 0.0025448 secs] 340760K->302744K(709812K), 0.0026017 secs] [Times: user=0.00 sys=0.00, real=0.00 secs] 
2020-10-29T09:45:14.088+0000: [GC (Allocation Failure) 2020-10-29T09:45:14.088+0000: [ParNew: 38020K->4K(42752K), 0.0025517 secs] 340760K->302744K(709812K), 0.0026103 secs] [Times: user=0.00 sys=0.00, real=0.00 secs] 
2020-10-29T09:45:14.123+0000: [GC (Allocation Failure) 2020-10-29T09:45:14.123+0000: [ParNew: 38020K->4K(42752K), 0.0025104 secs] 340760K->302744K(709812K), 0.0025666 secs] [Times: user=0.00 sys=0.00, real=0.01 secs] 
2020-10-29T09:45:14.158+0000: [GC (Allocation Failure) 2020-10-29T09:45:14.158+0000: [ParNew: 38020K->4K(42752K), 0.0025108 secs] 340760K->302744K(709812K), 0.0025816 secs] [Times: user=0.01 sys=0.00, real=0.00 secs] 
2020-10-29T09:45:14.192+0000: [GC (Allocation Failure) 2020-10-29T09:45:14.193+0000: [ParNew: 38020K->4K(42752K), 0.0025514 secs] 340760K->302744K(709812K), 0.0026101 secs] [Times: user=0.01 sys=0.00, real=0.00 secs] 
2020-10-29T09:45:14.227+0000: [GC (Allocation Failure) 2020-10-29T09:45:14.227+0000: [ParNew: 38020K->4K(42752K), 0.0025304 secs] 340760K->302744K(709812K), 0.0025888 secs] [Times: user=0.00 sys=0.00, real=0.00 secs] 
2020-10-29T09:45:14.264+0000: [GC (Allocation Failure) 2020-10-29T09:45:14.265+0000: [ParNew: 38020K->4K(42752K), 0.0025298 secs] 340760K->302744K(709812K), 0.0025876 secs] [Times: user=0.00 sys=0.00, real=0.00 secs] 
2020-10-29T09:45:14.299+0000: [GC (Allocation Failure) 2020-10-29T09:45:14.299+0000: [ParNew: 38020K->4K(42752K), 0.0025584 secs] 340760K->302744K(709812K), 0.0026391 secs] [Times: user=0.01 sys=0.00, real=0.00 secs] 
2020-10-29T09:45:14.333+0000: [GC (Allocation Failure) 2020-10-29T09:45:14.333+0000: [ParNew: 38020K->4K(42752K), 0.0025470 secs] 340760K->302744K(709812K), 0.0026044 secs] [Times: user=0.01 sys=0.00, real=0.00 secs] 
2020-10-29T09:45:14.368+0000: [GC (Allocation Failure) 2020-10-29T09:45:14.369+0000: [ParNew: 38020K->4K(42752K), 0.0024988 secs] 340760K->302744K(709812K), 0.0025554 secs] [Times: user=0.00 sys=0.00, real=0.00 secs] 
2020-10-29T09:45:14.403+0000: [GC (Allocation Failure) 2020-10-29T09:45:14.403+0000: [ParNew: 38020K->4K(42752K), 0.0025114 secs] 340760K->302744K(709812K), 0.0025732 secs] [Times: user=0.01 sys=0.00, real=0.01 secs] 
2020-10-29T09:45:14.437+0000: [GC (Allocation Failure) 2020-10-29T09:45:14.437+0000: [ParNew: 38020K->4K(42752K), 0.0025088 secs] 340760K->302744K(709812K), 0.0025772 secs] [Times: user=0.01 sys=0.00, real=0.00 secs] 
2020-10-29T09:45:14.472+0000: [GC (Allocation Failure) 2020-10-29T09:45:14.473+0000: [ParNew: 38020K->4K(42752K), 0.0024978 secs] 340760K->302744K(709812K), 0.0025565 secs] [Times: user=0.01 sys=0.00, real=0.00 secs] 
2020-10-29T09:45:14.508+0000: [GC (Allocation Failure) 2020-10-29T09:45:14.509+0000: [ParNew: 38020K->4K(42752K), 0.0025236 secs] 340760K->302744K(709812K), 0.0025809 secs] [Times: user=0.00 sys=0.00, real=0.00 secs] 
2020-10-29T09:45:14.544+0000: [GC (Allocation Failure) 2020-10-29T09:45:14.545+0000: [ParNew: 38020K->4K(42752K), 0.0025132 secs] 340760K->302744K(709812K), 0.0025719 secs] [Times: user=0.00 sys=0.00, real=0.00 secs] 
2020-10-29T09:45:14.579+0000: [GC (Allocation Failure) 2020-10-29T09:45:14.579+0000: [ParNew: 38020K->4K(42752K), 0.0025260 secs] 340760K->302744K(709812K), 0.0025827 secs] [Times: user=0.01 sys=0.00, real=0.00 secs] 
2020-10-29T09:45:14.616+0000: [GC (Allocation Failure) 2020-10-29T09:45:14.617+0000: [ParNew: 38020K->4K(42752K), 0.0024884 secs] 340760K->302744K(709812K), 0.0025455 secs] [Times: user=0.00 sys=0.00, real=0.00 secs] 
2020-10-29T09:45:14.651+0000: [GC (Allocation Failure) 2020-10-29T09:45:14.651+0000: [ParNew: 38020K->4K(42752K), 0.0025311 secs] 340760K->302744K(709812K), 0.0025887 secs] [Times: user=0.00 sys=0.00, real=0.01 secs] 
2020-10-29T09:45:14.685+0000: [GC (Allocation Failure) 2020-10-29T09:45:14.685+0000: [ParNew: 38020K->4K(42752K), 0.0025521 secs] 340760K->302744K(709812K), 0.0026094 secs] [Times: user=0.01 sys=0.00, real=0.00 secs] 
2020-10-29T09:45:14.719+0000: [GC (Allocation Failure) 2020-10-29T09:45:14.719+0000: [ParNew: 38020K->4K(42752K), 0.0025259 secs] 340760K->302744K(709812K), 0.0025837 secs] [Times: user=0.00 sys=0.00, real=0.00 secs] 
2020-10-29T09:45:14.754+0000: [GC (Allocation Failure) 2020-10-29T09:45:14.754+0000: [ParNew: 38020K->4K(42752K), 0.0037711 secs] 340760K->302744K(709812K), 0.0038407 secs] [Times: user=0.01 sys=0.00, real=0.00 secs] 
2020-10-29T09:45:14.789+0000: [GC (Allocation Failure) 2020-10-29T09:45:14.789+0000: [ParNew: 38020K->4K(42752K), 0.0025054 secs] 340760K->302744K(709812K), 0.0025628 secs] [Times: user=0.01 sys=0.00, real=0.00 secs] 
2020-10-29T09:45:14.825+0000: [GC (Allocation Failure) 2020-10-29T09:45:14.825+0000: [ParNew: 38020K->4K(42752K), 0.0027585 secs] 340760K->302744K(709812K), 0.0028161 secs] [Times: user=0.00 sys=0.00, real=0.00 secs] 
2020-10-29T09:45:14.859+0000: [GC (Allocation Failure) 2020-10-29T09:45:14.859+0000: [ParNew: 38020K->4K(42752K), 0.0025115 secs] 340760K->302744K(709812K), 0.0025684 secs] [Times: user=0.01 sys=0.00, real=0.00 secs] 
2020-10-29T09:45:14.896+0000: [GC (Allocation Failure) 2020-10-29T09:45:14.897+0000: [ParNew: 38020K->4K(42752K), 0.0025996 secs] 340760K->302744K(709812K), 0.0026563 secs] [Times: user=0.00 sys=0.00, real=0.00 secs] 
2020-10-29T09:45:14.931+0000: [GC (Allocation Failure) 2020-10-29T09:45:14.931+0000: [ParNew: 38020K->4K(42752K), 0.0025359 secs] 340760K->302744K(709812K), 0.0025928 secs] [Times: user=0.00 sys=0.00, real=0.01 secs] 
2020-10-29T09:45:14.965+0000: [GC (Allocation Failure) 2020-10-29T09:45:14.965+0000: [ParNew: 38020K->4K(42752K), 0.0024991 secs] 340760K->302744K(709812K), 0.0025569 secs] [Times: user=0.00 sys=0.00, real=0.00 secs] 
2020-10-29T09:45:15.004+0000: [GC (Allocation Failure) 2020-10-29T09:45:15.004+0000: [ParNew: 38020K->4K(42752K), 0.0025341 secs] 340760K->302744K(709812K), 0.0025922 secs] [Times: user=0.00 sys=0.00, real=0.01 secs] 
2020-10-29T09:45:15.040+0000: [GC (Allocation Failure) 2020-10-29T09:45:15.041+0000: [ParNew: 38020K->4K(42752K), 0.0026158 secs] 340760K->302744K(709812K), 0.0026737 secs] [Times: user=0.01 sys=0.00, real=0.00 secs] 
2020-10-29T09:45:15.075+0000: [GC (Allocation Failure) 2020-10-29T09:45:15.075+0000: [ParNew: 38020K->4K(42752K), 0.0025469 secs] 340760K->302744K(709812K), 0.0026038 secs] [Times: user=0.01 sys=0.00, real=0.00 secs] 
2020-10-29T09:45:15.110+0000: [GC (Allocation Failure) 2020-10-29T09:45:15.110+0000: [ParNew: 38020K->4K(42752K), 0.0025139 secs] 340760K->302744K(709812K), 0.0026002 secs] [Times: user=0.00 sys=0.00, real=0.01 secs] 
2020-10-29T09:45:15.148+0000: [GC (Allocation Failure) 2020-10-29T09:45:15.148+0000: [ParNew: 38020K->4K(42752K), 0.0025469 secs] 340760K->302744K(709812K), 0.0026048 secs] [Times: user=0.00 sys=0.00, real=0.00 secs] 
2020-10-29T09:45:15.182+0000: [GC (Allocation Failure) 2020-10-29T09:45:15.182+0000: [ParNew: 38020K->4K(42752K), 0.0025194 secs] 340760K->302744K(709812K), 0.0025760 secs] [Times: user=0.01 sys=0.00, real=0.01 secs] 
2020-10-29T09:45:15.220+0000: [GC (Allocation Failure) 2020-10-29T09:45:15.221+0000: [ParNew: 38020K->4K(42752K), 0.0024972 secs] 340760K->302744K(709812K), 0.0025545 secs] [Times: user=0.01 sys=0.00, real=0.00 secs] 
2020-10-29T09:45:15.256+0000: [GC (Allocation Failure) 2020-10-29T09:45:15.257+0000: [ParNew: 38020K->4K(42752K), 0.0025425 secs] 340760K->302744K(709812K), 0.0026006 secs] [Times: user=0.01 sys=0.00, real=0.00 secs] 
2020-10-29T09:45:15.296+0000: [GC (Allocation Failure) 2020-10-29T09:45:15.297+0000: [ParNew: 38020K->4K(42752K), 0.0025040 secs] 340760K->302744K(709812K), 0.0025626 secs] [Times: user=0.01 sys=0.00, real=0.00 secs] 
2020-10-29T09:45:15.332+0000: [GC (Allocation Failure) 2020-10-29T09:45:15.333+0000: [ParNew: 38020K->4K(42752K), 0.0025167 secs] 340760K->302744K(709812K), 0.0025742 secs] [Times: user=0.01 sys=0.00, real=0.00 secs] 
2020-10-29T09:45:15.367+0000: [GC (Allocation Failure) 2020-10-29T09:45:15.367+0000: [ParNew: 38020K->4K(42752K), 0.0025289 secs] 340760K->302744K(709812K), 0.0025861 secs] [Times: user=0.00 sys=0.00, real=0.00 secs] 
2020-10-29T09:45:15.401+0000: [GC (Allocation Failure) 2020-10-29T09:45:15.401+0000: [ParNew: 38020K->4K(42752K), 0.0025538 secs] 340760K->302744K(709812K), 0.0026100 secs] [Times: user=0.01 sys=0.00, real=0.00 secs] 
2020-10-29T09:45:15.436+0000: [GC (Allocation Failure) 2020-10-29T09:45:15.437+0000: [ParNew: 38020K->4K(42752K), 0.0025206 secs] 340760K->302744K(709812K), 0.0025793 secs] [Times: user=0.01 sys=0.00, real=0.00 secs] 
2020-10-29T09:45:15.471+0000: [GC (Allocation Failure) 2020-10-29T09:45:15.471+0000: [ParNew: 38020K->4K(42752K), 0.0025229 secs] 340760K->302744K(709812K), 0.0025806 secs] [Times: user=0.00 sys=0.00, real=0.01 secs] 
2020-10-29T09:45:15.505+0000: [GC (Allocation Failure) 2020-10-29T09:45:15.505+0000: [ParNew: 38020K->4K(42752K), 0.0025098 secs] 340760K->302744K(709812K), 0.0025673 secs] [Times: user=0.00 sys=0.00, real=0.00 secs] 
2020-10-29T09:45:15.540+0000: [GC (Allocation Failure) 2020-10-29T09:45:15.541+0000: [ParNew: 38020K->4K(42752K), 0.0025191 secs] 340760K->302744K(709812K), 0.0025780 secs] [Times: user=0.01 sys=0.00, real=0.00 secs] 
2020-10-29T09:45:15.575+0000: [GC (Allocation Failure) 2020-10-29T09:45:15.575+0000: [ParNew: 38020K->4K(42752K), 0.0025266 secs] 340760K->302744K(709812K), 0.0025841 secs] [Times: user=0.00 sys=0.00, real=0.00 secs] 
2020-10-29T09:45:15.612+0000: [GC (Allocation Failure) 2020-10-29T09:45:15.613+0000: [ParNew: 38020K->4K(42752K), 0.0025536 secs] 340760K->302744K(709812K), 0.0026153 secs] [Times: user=0.00 sys=0.00, real=0.00 secs] 
2020-10-29T09:45:15.648+0000: [GC (Allocation Failure) 2020-10-29T09:45:15.649+0000: [ParNew: 38020K->4K(42752K), 0.0025052 secs] 340760K->302744K(709812K), 0.0025634 secs] [Times: user=0.00 sys=0.00, real=0.00 secs] 
2020-10-29T09:45:15.684+0000: [GC (Allocation Failure) 2020-10-29T09:45:15.685+0000: [ParNew: 38020K->4K(42752K), 0.0025068 secs] 340760K->302744K(709812K), 0.0025646 secs] [Times: user=0.01 sys=0.00, real=0.00 secs] 
2020-10-29T09:45:15.720+0000: [GC (Allocation Failure) 2020-10-29T09:45:15.720+0000: [ParNew: 38020K->4K(42752K), 0.0025302 secs] 340760K->302744K(709812K), 0.0025789 secs] [Times: user=0.01 sys=0.00, real=0.00 secs] 
2020-10-29T09:45:15.754+0000: [GC (Allocation Failure) 2020-10-29T09:45:15.754+0000: [ParNew: 38020K->4K(42752K), 0.0025057 secs] 340760K->302744K(709812K), 0.0025638 secs] [Times: user=0.01 sys=0.00, real=0.00 secs] 
2020-10-29T09:45:15.788+0000: [GC (Allocation Failure) 2020-10-29T09:45:15.788+0000: [ParNew: 38020K->4K(42752K), 0.0025445 secs] 340760K->302744K(709812K), 0.0026021 secs] [Times: user=0.00 sys=0.00, real=0.00 secs] 
2020-10-29T09:45:15.824+0000: [GC (Allocation Failure) 2020-10-29T09:45:15.824+0000: [ParNew: 38020K->4K(42752K), 0.0025255 secs] 340760K->302744K(709812K), 0.0025832 secs] [Times: user=0.01 sys=0.00, real=0.01 secs] 
2020-10-29T09:45:15.859+0000: [GC (Allocation Failure) 2020-10-29T09:45:15.859+0000: [ParNew: 38020K->4K(42752K), 0.0025991 secs] 340760K->302744K(709812K), 0.0026521 secs] [Times: user=0.00 sys=0.00, real=0.00 secs] 
2020-10-29T09:45:15.893+0000: [GC (Allocation Failure) 2020-10-29T09:45:15.893+0000: [ParNew: 38020K->4K(42752K), 0.0025630 secs] 340760K->302744K(709812K), 0.0026210 secs] [Times: user=0.00 sys=0.00, real=0.00 secs] 
2020-10-29T09:45:15.927+0000: [GC (Allocation Failure) 2020-10-29T09:45:15.928+0000: [ParNew: 38020K->4K(42752K), 0.0025350 secs] 340760K->302744K(709812K), 0.0025932 secs] [Times: user=0.01 sys=0.00, real=0.00 secs] 
2020-10-29T09:45:15.964+0000: [GC (Allocation Failure) 2020-10-29T09:45:15.965+0000: [ParNew: 38020K->4K(42752K), 0.0024948 secs] 340760K->302744K(709812K), 0.0025501 secs] [Times: user=0.00 sys=0.00, real=0.00 secs] 
2020-10-29T09:45:16.000+0000: [GC (Allocation Failure) 2020-10-29T09:45:16.001+0000: [ParNew: 38020K->4K(42752K), 0.0025086 secs] 340760K->302744K(709812K), 0.0025667 secs] [Times: user=0.00 sys=0.00, real=0.00 secs] 
2020-10-29T09:45:16.036+0000: [GC (Allocation Failure) 2020-10-29T09:45:16.037+0000: [ParNew: 38020K->4K(42752K), 0.0024962 secs] 340760K->302744K(709812K), 0.0025535 secs] [Times: user=0.00 sys=0.00, real=0.00 secs] 
2020-10-29T09:45:16.072+0000: [GC (Allocation Failure) 2020-10-29T09:45:16.073+0000: [ParNew: 38020K->4K(42752K), 0.0025124 secs] 340760K->302744K(709812K), 0.0025692 secs] [Times: user=0.01 sys=0.00, real=0.00 secs] 
2020-10-29T09:45:16.118+0000: [GC (Allocation Failure) 2020-10-29T09:45:16.118+0000: [ParNew: 38020K->8K(42752K), 0.0025750 secs] 340760K->302748K(709812K), 0.0026328 secs] [Times: user=0.01 sys=0.00, real=0.00 secs] 
2020-10-29T09:45:16.155+0000: [GC (Allocation Failure) 2020-10-29T09:45:16.155+0000: [ParNew: 38024K->8K(42752K), 0.0025447 secs] 340764K->302748K(709812K), 0.0026035 secs] [Times: user=0.00 sys=0.00, real=0.00 secs] 
2020-10-29T09:45:16.192+0000: [GC (Allocation Failure) 2020-10-29T09:45:16.193+0000: [ParNew: 38024K->7K(42752K), 0.0025298 secs] 340764K->302747K(709812K), 0.0025888 secs] [Times: user=0.00 sys=0.00, real=0.00 secs] 
2020-10-29T09:45:16.229+0000: [GC (Allocation Failure) 2020-10-29T09:45:16.229+0000: [ParNew: 38023K->7K(42752K), 0.0025814 secs] 340763K->302747K(709812K), 0.0026401 secs] [Times: user=0.01 sys=0.00, real=0.00 secs] 
2020-10-29T09:45:16.263+0000: [GC (Allocation Failure) 2020-10-29T09:45:16.263+0000: [ParNew: 38023K->7K(42752K), 0.0025604 secs] 340763K->302747K(709812K), 0.0026198 secs] [Times: user=0.00 sys=0.00, real=0.01 secs] 
2020-10-29T09:45:16.300+0000: [GC (Allocation Failure) 2020-10-29T09:45:16.301+0000: [ParNew: 38023K->7K(42752K), 0.0025338 secs] 340763K->302747K(709812K), 0.0025910 secs] [Times: user=0.00 sys=0.00, real=0.00 secs] 
2020-10-29T09:45:16.336+0000: [GC (Allocation Failure) 2020-10-29T09:45:16.337+0000: [ParNew: 38023K->4K(42752K), 0.0025410 secs] 340763K->302748K(709812K), 0.0025987 secs] [Times: user=0.01 sys=0.00, real=0.00 secs] 
2020-10-29T09:45:16.372+0000: [GC (Allocation Failure) 2020-10-29T09:45:16.373+0000: [ParNew: 38020K->4K(42752K), 0.0025052 secs] 340764K->302747K(709812K), 0.0025626 secs] [Times: user=0.00 sys=0.00, real=0.00 secs] 
2020-10-29T09:45:16.408+0000: [GC (Allocation Failure) 2020-10-29T09:45:16.409+0000: [ParNew: 38020K->4K(42752K), 0.0024988 secs] 340763K->302747K(709812K), 0.0025558 secs] [Times: user=0.00 sys=0.00, real=0.00 secs] 
2020-10-29T09:45:16.443+0000: [GC (Allocation Failure) 2020-10-29T09:45:16.443+0000: [ParNew: 38020K->4K(42752K), 0.0025384 secs] 340763K->302747K(709812K), 0.0025959 secs] [Times: user=0.01 sys=0.00, real=0.01 secs] 
2020-10-29T09:45:16.477+0000: [GC (Allocation Failure) 2020-10-29T09:45:16.477+0000: [ParNew: 38020K->4K(42752K), 0.0024999 secs] 340763K->302747K(709812K), 0.0025691 secs] [Times: user=0.00 sys=0.00, real=0.00 secs] 
2020-10-29T09:45:16.511+0000: [GC (Allocation Failure) 2020-10-29T09:45:16.511+0000: [ParNew: 38020K->4K(42752K), 0.0026103 secs] 340763K->302747K(709812K), 0.0026659 secs] [Times: user=0.00 sys=0.00, real=0.01 secs] 
2020-10-29T09:45:16.545+0000: [GC (Allocation Failure) 2020-10-29T09:45:16.545+0000: [ParNew: 38020K->4K(42752K), 0.0025920 secs] 340763K->302747K(709812K), 0.0026502 secs] [Times: user=0.00 sys=0.00, real=0.00 secs] 
2020-10-29T09:45:16.580+0000: [GC (Allocation Failure) 2020-10-29T09:45:16.580+0000: [ParNew: 38020K->4K(42752K), 0.0025183 secs] 340763K->302747K(709812K), 0.0025768 secs] [Times: user=0.01 sys=0.00, real=0.00 secs] 
2020-10-29T09:45:16.616+0000: [GC (Allocation Failure) 2020-10-29T09:45:16.617+0000: [ParNew: 38020K->4K(42752K), 0.0024981 secs] 340763K->302747K(709812K), 0.0025554 secs] [Times: user=0.00 sys=0.00, real=0.00 secs] 
2020-10-29T09:45:16.651+0000: [GC (Allocation Failure) 2020-10-29T09:45:16.651+0000: [ParNew: 38020K->4K(42752K), 0.0025249 secs] 340763K->302747K(709812K), 0.0025832 secs] [Times: user=0.01 sys=0.00, real=0.01 secs] 
2020-10-29T09:45:16.688+0000: [GC (Allocation Failure) 2020-10-29T09:45:16.689+0000: [ParNew: 38020K->4K(42752K), 0.0024915 secs] 340763K->302747K(709812K), 0.0025483 secs] [Times: user=0.01 sys=0.00, real=0.00 secs] 
2020-10-29T09:45:16.724+0000: [GC (Allocation Failure) 2020-10-29T09:45:16.725+0000: [ParNew: 38020K->4K(42752K), 0.0025106 secs] 340763K->302747K(709812K), 0.0025819 secs] [Times: user=0.00 sys=0.01, real=0.00 secs] 
2020-10-29T09:45:16.758+0000: [GC (Allocation Failure) 2020-10-29T09:45:16.759+0000: [ParNew: 38020K->4K(42752K), 0.0025203 secs] 340763K->302747K(709812K), 0.0025774 secs] [Times: user=0.01 sys=0.00, real=0.00 secs] 
2020-10-29T09:45:16.801+0000: [GC (Allocation Failure) 2020-10-29T09:45:16.801+0000: [ParNew: 38020K->4K(42752K), 0.0025572 secs] 340763K->302747K(709812K), 0.0026155 secs] [Times: user=0.00 sys=0.00, real=0.00 secs] 
2020-10-29T09:45:16.865+0000: [GC (Allocation Failure) 2020-10-29T09:45:16.865+0000: [ParNew: 38020K->4K(42752K), 0.0025055 secs] 340763K->302747K(709812K), 0.0025621 secs] [Times: user=0.00 sys=0.00, real=0.00 secs] 
2020-10-29T09:45:16.928+0000: [GC (Allocation Failure) 2020-10-29T09:45:16.929+0000: [ParNew: 38020K->4K(42752K), 0.0025103 secs] 340763K->302747K(709812K), 0.0025685 secs] [Times: user=0.00 sys=0.00, real=0.00 secs] 
2020-10-29T09:45:17.340+0000: [GC (Allocation Failure) 2020-10-29T09:45:17.341+0000: [ParNew: 38020K->38K(42752K), 0.0026787 secs] 340763K->302782K(709812K), 0.0027380 secs] [Times: user=0.00 sys=0.00, real=0.00 secs] 
2020-10-29T09:45:19.264+0000: [GC (Allocation Failure) 2020-10-29T09:45:19.264+0000: [ParNew: 38054K->2287K(42752K), 0.0058619 secs] 340798K->305030K(709812K), 0.0059483 secs] [Times: user=0.02 sys=0.00, real=0.01 secs] 
2020-10-29T09:45:19.359+0000: [GC (Allocation Failure) 2020-10-29T09:45:19.359+0000: [ParNew: 40303K->2348K(42752K), 0.0090223 secs] 343046K->305092K(709812K), 0.0091055 secs] [Times: user=0.02 sys=0.00, real=0.01 secs] 
2020-10-29T09:45:19.428+0000: [GC (Allocation Failure) 2020-10-29T09:45:19.428+0000: [ParNew: 40364K->2677K(42752K), 0.0082557 secs] 343108K->305421K(709812K), 0.0083388 secs] [Times: user=0.01 sys=0.00, real=0.01 secs] 
2020-10-29T09:45:19.497+0000: [GC (Allocation Failure) 2020-10-29T09:45:19.497+0000: [ParNew: 40693K->2937K(42752K), 0.0083558 secs] 343437K->305682K(709812K), 0.0084361 secs] [Times: user=0.02 sys=0.00, real=0.01 secs] 
2020-10-29T09:45:19.568+0000: [GC (Allocation Failure) 2020-10-29T09:45:19.569+0000: [ParNew: 40953K->2706K(42752K), 0.0042135 secs] 343698K->305450K(709812K), 0.0042917 secs] [Times: user=0.01 sys=0.00, real=0.01 secs] 
2020-10-29T09:45:19.635+0000: [GC (Allocation Failure) 2020-10-29T09:45:19.635+0000: [ParNew: 40722K->3144K(42752K), 0.0041922 secs] 343466K->305894K(709812K), 0.0042526 secs] [Times: user=0.01 sys=0.00, real=0.00 secs] 
2020-10-29T09:45:19.684+0000: [GC (Allocation Failure) 2020-10-29T09:45:19.684+0000: [ParNew: 41160K->2165K(42752K), 0.0069180 secs] 343910K->306583K(709812K), 0.0069794 secs] [Times: user=0.01 sys=0.00, real=0.01 secs] 
2020-10-29T09:45:19.736+0000: [GC (Allocation Failure) 2020-10-29T09:45:19.737+0000: [ParNew: 40181K->1760K(42752K), 0.0047166 secs] 344599K->306189K(709812K), 0.0047780 secs] [Times: user=0.01 sys=0.00, real=0.00 secs] 
2020-10-29T09:45:19.809+0000: [GC (Allocation Failure) 2020-10-29T09:45:19.809+0000: [ParNew: 39776K->1208K(42752K), 0.0027180 secs] 344205K->305637K(709812K), 0.0027808 secs] [Times: user=0.01 sys=0.00, real=0.00 secs] 
2020-10-29T09:45:19.860+0000: [GC (Allocation Failure) 2020-10-29T09:45:19.860+0000: [ParNew: 39224K->1070K(42752K), 0.0027342 secs] 343653K->305499K(709812K), 0.0027955 secs] [Times: user=0.01 sys=0.00, real=0.00 secs] 
2020-10-29T09:45:19.912+0000: [GC (Allocation Failure) 2020-10-29T09:45:19.912+0000: [ParNew: 39086K->1036K(42752K), 0.0028049 secs] 343515K->305464K(709812K), 0.0029014 secs] [Times: user=0.01 sys=0.00, real=0.01 secs] 
2020-10-29T09:45:19.964+0000: [GC (Allocation Failure) 2020-10-29T09:45:19.964+0000: [ParNew: 39052K->1028K(42752K), 0.0027219 secs] 343480K->305457K(709812K), 0.0027822 secs] [Times: user=0.00 sys=0.00, real=0.01 secs] 
2020-10-29T09:45:20.021+0000: [GC (Allocation Failure) 2020-10-29T09:45:20.021+0000: [ParNew: 39044K->516K(42752K), 0.0064177 secs] 343473K->304945K(709812K), 0.0064917 secs] [Times: user=0.01 sys=0.00, real=0.01 secs] 
2020-10-29T09:45:20.076+0000: [GC (Allocation Failure) 2020-10-29T09:45:20.077+0000: [ParNew: 38532K->4K(42752K), 0.0033718 secs] 342961K->304432K(709812K), 0.0034319 secs] [Times: user=0.00 sys=0.00, real=0.00 secs] 
2020-10-29T09:45:20.149+0000: [GC (Allocation Failure) 2020-10-29T09:45:20.149+0000: [ParNew: 38020K->4K(42752K), 0.0025848 secs] 342448K->304432K(709812K), 0.0026643 secs] [Times: user=0.00 sys=0.00, real=0.00 secs] 
2020-10-29T09:45:20.204+0000: [GC (Allocation Failure) 2020-10-29T09:45:20.205+0000: [ParNew: 38020K->4K(42752K), 0.0025585 secs] 342448K->304432K(709812K), 0.0026384 secs] [Times: user=0.00 sys=0.00, real=0.00 secs] 
2020-10-29T09:45:20.280+0000: [GC (Allocation Failure) 2020-10-29T09:45:20.280+0000: [ParNew: 38020K->4K(42752K), 0.0025759 secs] 342448K->304432K(709812K), 0.0026810 secs] [Times: user=0.01 sys=0.00, real=0.00 secs] 
2020-10-29T09:45:20.351+0000: [GC (Allocation Failure) 2020-10-29T09:45:20.351+0000: [ParNew: 38020K->4K(42752K), 0.0045687 secs] 342448K->304432K(709812K), 0.0046403 secs] [Times: user=0.00 sys=0.00, real=0.01 secs] 
2020-10-29T09:45:20.404+0000: [GC (Allocation Failure) 2020-10-29T09:45:20.405+0000: [ParNew: 38020K->4K(42752K), 0.0025231 secs] 342448K->304433K(709812K), 0.0025761 secs] [Times: user=0.01 sys=0.00, real=0.00 secs] 
2020-10-29T09:45:20.447+0000: [GC (Allocation Failure) 2020-10-29T09:45:20.447+0000: [ParNew: 38020K->4K(42752K), 0.0025626 secs] 342449K->304433K(709812K), 0.0026267 secs] [Times: user=0.01 sys=0.00, real=0.00 secs] 
2020-10-29T09:45:20.492+0000: [GC (Allocation Failure) 2020-10-29T09:45:20.493+0000: [ParNew: 38020K->4K(42752K), 0.0025421 secs] 342449K->304433K(709812K), 0.0026037 secs] [Times: user=0.00 sys=0.00, real=0.00 secs] 
2020-10-29T09:45:20.531+0000: [GC (Allocation Failure) 2020-10-29T09:45:20.531+0000: [ParNew: 38020K->4K(42752K), 0.0025671 secs] 342449K->304433K(709812K), 0.0026285 secs] [Times: user=0.00 sys=0.00, real=0.01 secs] 
2020-10-29T09:45:20.572+0000: [GC (Allocation Failure) 2020-10-29T09:45:20.573+0000: [ParNew: 38020K->4K(42752K), 0.0025347 secs] 342449K->304433K(709812K), 0.0025948 secs] [Times: user=0.01 sys=0.00, real=0.00 secs] 
2020-10-29T09:45:20.617+0000: [GC (Allocation Failure) 2020-10-29T09:45:20.617+0000: [ParNew: 38020K->4K(42752K), 0.0025512 secs] 342449K->304433K(709812K), 0.0026125 secs] [Times: user=0.00 sys=0.00, real=0.00 secs] 
2020-10-29T09:45:20.673+0000: [GC (Allocation Failure) 2020-10-29T09:45:20.673+0000: [ParNew: 38020K->4K(42752K), 0.0025159 secs] 342449K->304433K(709812K), 0.0025859 secs] [Times: user=0.01 sys=0.00, real=0.00 secs] 
2020-10-29T09:45:20.726+0000: [GC (Allocation Failure) 2020-10-29T09:45:20.726+0000: [ParNew: 38020K->4K(42752K), 0.0054923 secs] 342449K->304433K(709812K), 0.0055586 secs] [Times: user=0.01 sys=0.00, real=0.00 secs] 
2020-10-29T09:45:20.779+0000: [GC (Allocation Failure) 2020-10-29T09:45:20.780+0000: [ParNew: 38020K->4K(42752K), 0.0047282 secs] 342449K->304433K(709812K), 0.0048019 secs] [Times: user=0.01 sys=0.00, real=0.00 secs] 
2020-10-29T09:45:20.851+0000: [GC (Allocation Failure) 2020-10-29T09:45:20.851+0000: [ParNew: 38020K->2K(42752K), 0.0055220 secs] 342449K->304431K(709812K), 0.0055834 secs] [Times: user=0.01 sys=0.00, real=0.01 secs] 
2020-10-29T09:45:20.926+0000: [GC (Allocation Failure) 2020-10-29T09:45:20.926+0000: [ParNew: 38018K->4K(42752K), 0.0052011 secs] 342447K->304433K(709812K), 0.0052655 secs] [Times: user=0.01 sys=0.00, real=0.00 secs] 
2020-10-29T09:45:21.000+0000: [GC (Allocation Failure) 2020-10-29T09:45:21.000+0000: [ParNew: 38020K->4K(42752K), 0.0066711 secs] 342449K->304433K(709812K), 0.0067549 secs] [Times: user=0.01 sys=0.00, real=0.01 secs] 
2020-10-29T09:45:21.073+0000: [GC (Allocation Failure) 2020-10-29T09:45:21.073+0000: [ParNew: 38020K->4K(42752K), 0.0038877 secs] 342449K->304433K(709812K), 0.0039630 secs] [Times: user=0.01 sys=0.00, real=0.00 secs] 
2020-10-29T09:45:21.121+0000: [GC (Allocation Failure) 2020-10-29T09:45:21.121+0000: [ParNew: 38020K->4K(42752K), 0.0028783 secs] 342449K->304433K(709812K), 0.0029534 secs] [Times: user=0.01 sys=0.00, real=0.00 secs] 
2020-10-29T09:45:21.158+0000: [GC (Allocation Failure) 2020-10-29T09:45:21.158+0000: [ParNew: 38020K->4K(42752K), 0.0025628 secs] 342449K->304433K(709812K), 0.0026234 secs] [Times: user=0.01 sys=0.00, real=0.00 secs] 
2020-10-29T09:45:21.195+0000: [GC (Allocation Failure) 2020-10-29T09:45:21.195+0000: [ParNew: 38020K->4K(42752K), 0.0025674 secs] 342449K->304433K(709812K), 0.0026302 secs] [Times: user=0.01 sys=0.00, real=0.00 secs] 
2020-10-29T09:45:21.230+0000: [GC (Allocation Failure) 2020-10-29T09:45:21.230+0000: [ParNew: 38020K->4K(42752K), 0.0026386 secs] 342449K->304433K(709812K), 0.0026993 secs] [Times: user=0.01 sys=0.00, real=0.00 secs] 
2020-10-29T09:45:21.269+0000: [GC (Allocation Failure) 2020-10-29T09:45:21.269+0000: [ParNew: 38020K->4K(42752K), 0.0025471 secs] 342449K->304433K(709812K), 0.0026072 secs] [Times: user=0.01 sys=0.00, real=0.00 secs] 
2020-10-29T09:45:21.308+0000: [GC (Allocation Failure) 2020-10-29T09:45:21.309+0000: [ParNew: 38020K->4K(42752K), 0.0025302 secs] 342449K->304433K(709812K), 0.0025909 secs] [Times: user=0.01 sys=0.00, real=0.00 secs] 
2020-10-29T09:45:21.345+0000: [GC (Allocation Failure) 2020-10-29T09:45:21.345+0000: [ParNew: 38020K->4K(42752K), 0.0025427 secs] 342449K->304433K(709812K), 0.0026031 secs] [Times: user=0.01 sys=0.00, real=0.00 secs] 
2020-10-29T09:45:21.384+0000: [GC (Allocation Failure) 2020-10-29T09:45:21.384+0000: [ParNew: 38020K->4K(42752K), 0.0025627 secs] 342449K->304433K(709812K), 0.0026228 secs] [Times: user=0.01 sys=0.00, real=0.01 secs] 
2020-10-29T09:45:21.419+0000: [GC (Allocation Failure) 2020-10-29T09:45:21.419+0000: [ParNew: 38020K->4K(42752K), 0.0025868 secs] 342449K->304433K(709812K), 0.0026481 secs] [Times: user=0.01 sys=0.00, real=0.00 secs] 
2020-10-29T09:45:21.456+0000: [GC (Allocation Failure) 2020-10-29T09:45:21.457+0000: [ParNew: 38020K->4K(42752K), 0.0025493 secs] 342449K->304433K(709812K), 0.0026099 secs] [Times: user=0.01 sys=0.00, real=0.00 secs] 
2020-10-29T09:45:21.492+0000: [GC (Allocation Failure) 2020-10-29T09:45:21.492+0000: [ParNew: 38020K->4K(42752K), 0.0025678 secs] 342449K->304433K(709812K), 0.0026299 secs] [Times: user=0.01 sys=0.00, real=0.01 secs] 
2020-10-29T09:45:21.529+0000: [GC (Allocation Failure) 2020-10-29T09:45:21.529+0000: [ParNew: 38020K->4K(42752K), 0.0025832 secs] 342449K->304433K(709812K), 0.0026456 secs] [Times: user=0.01 sys=0.00, real=0.00 secs] 
2020-10-29T09:45:21.563+0000: [GC (Allocation Failure) 2020-10-29T09:45:21.564+0000: [ParNew: 38020K->4K(42752K), 0.0025736 secs] 342449K->304433K(709812K), 0.0026337 secs] [Times: user=0.00 sys=0.00, real=0.01 secs] 
2020-10-29T09:45:21.598+0000: [GC (Allocation Failure) 2020-10-29T09:45:21.598+0000: [ParNew: 38020K->4K(42752K), 0.0025454 secs] 342449K->304433K(709812K), 0.0026078 secs] [Times: user=0.01 sys=0.00, real=0.00 secs] 
2020-10-29T09:45:21.637+0000: [GC (Allocation Failure) 2020-10-29T09:45:21.637+0000: [ParNew: 38020K->4K(42752K), 0.0025393 secs] 342449K->304433K(709812K), 0.0025986 secs] [Times: user=0.01 sys=0.00, real=0.00 secs] 
2020-10-29T09:45:21.672+0000: [GC (Allocation Failure) 2020-10-29T09:45:21.672+0000: [ParNew: 38020K->4K(42752K), 0.0026233 secs] 342449K->304433K(709812K), 0.0026851 secs] [Times: user=0.00 sys=0.00, real=0.01 secs] 
2020-10-29T09:45:21.706+0000: [GC (Allocation Failure) 2020-10-29T09:45:21.706+0000: [ParNew: 38020K->4K(42752K), 0.0026052 secs] 342449K->304433K(709812K), 0.0026662 secs] [Times: user=0.01 sys=0.00, real=0.00 secs] 
2020-10-29T09:45:21.741+0000: [GC (Allocation Failure) 2020-10-29T09:45:21.741+0000: [ParNew: 38020K->4K(42752K), 0.0025503 secs] 342449K->304433K(709812K), 0.0026113 secs] [Times: user=0.00 sys=0.00, real=0.00 secs] 
2020-10-29T09:45:21.776+0000: [GC (Allocation Failure) 2020-10-29T09:45:21.777+0000: [ParNew: 38020K->4K(42752K), 0.0025402 secs] 342449K->304433K(709812K), 0.0026009 secs] [Times: user=0.00 sys=0.00, real=0.00 secs] 
2020-10-29T09:45:21.813+0000: [GC (Allocation Failure) 2020-10-29T09:45:21.813+0000: [ParNew: 38020K->4K(42752K), 0.0025577 secs] 342449K->304433K(709812K), 0.0026317 secs] [Times: user=0.01 sys=0.00, real=0.00 secs] 
2020-10-29T09:45:21.848+0000: [GC (Allocation Failure) 2020-10-29T09:45:21.849+0000: [ParNew: 38020K->4K(42752K), 0.0025374 secs] 342449K->304433K(709812K), 0.0025885 secs] [Times: user=0.00 sys=0.00, real=0.00 secs] 
2020-10-29T09:45:21.883+0000: [GC (Allocation Failure) 2020-10-29T09:45:21.883+0000: [ParNew: 38020K->4K(42752K), 0.0025819 secs] 342449K->304434K(709812K), 0.0026423 secs] [Times: user=0.00 sys=0.00, real=0.01 secs] 
2020-10-29T09:45:21.920+0000: [GC (Allocation Failure) 2020-10-29T09:45:21.921+0000: [ParNew: 38020K->4K(42752K), 0.0025141 secs] 342450K->304434K(709812K), 0.0025748 secs] [Times: user=0.00 sys=0.00, real=0.00 secs] 
2020-10-29T09:45:21.955+0000: [GC (Allocation Failure) 2020-10-29T09:45:21.955+0000: [ParNew: 38020K->4K(42752K), 0.0025837 secs] 342450K->304434K(709812K), 0.0026453 secs] [Times: user=0.01 sys=0.00, real=0.00 secs] 
2020-10-29T09:45:21.992+0000: [GC (Allocation Failure) 2020-10-29T09:45:21.993+0000: [ParNew: 38020K->4K(42752K), 0.0025426 secs] 342450K->304434K(709812K), 0.0026032 secs] [Times: user=0.00 sys=0.00, real=0.00 secs] 
2020-10-29T09:45:22.029+0000: [GC (Allocation Failure) 2020-10-29T09:45:22.029+0000: [ParNew: 38020K->4K(42752K), 0.0025520 secs] 342450K->304434K(709812K), 0.0026204 secs] [Times: user=0.01 sys=0.00, real=0.00 secs] 
2020-10-29T09:45:22.064+0000: [GC (Allocation Failure) 2020-10-29T09:45:22.065+0000: [ParNew: 38020K->4K(42752K), 0.0025297 secs] 342450K->304434K(709812K), 0.0025901 secs] [Times: user=0.00 sys=0.00, real=0.00 secs] 
2020-10-29T09:45:22.100+0000: [GC (Allocation Failure) 2020-10-29T09:45:22.101+0000: [ParNew: 38020K->4K(42752K), 0.0025581 secs] 342450K->304434K(709812K), 0.0026163 secs] [Times: user=0.00 sys=0.00, real=0.00 secs] 
2020-10-29T09:45:22.140+0000: [GC (Allocation Failure) 2020-10-29T09:45:22.140+0000: [ParNew: 38020K->4K(42752K), 0.0025491 secs] 342450K->304434K(709812K), 0.0026091 secs] [Times: user=0.00 sys=0.00, real=0.00 secs] 
2020-10-29T09:45:22.177+0000: [GC (Allocation Failure) 2020-10-29T09:45:22.177+0000: [ParNew: 38020K->4K(42752K), 0.0025281 secs] 342450K->304434K(709812K), 0.0025888 secs] [Times: user=0.01 sys=0.00, real=0.00 secs] 
2020-10-29T09:45:22.212+0000: [GC (Allocation Failure) 2020-10-29T09:45:22.213+0000: [ParNew: 38020K->4K(42752K), 0.0025557 secs] 342450K->304434K(709812K), 0.0026154 secs] [Times: user=0.00 sys=0.00, real=0.00 secs] 
2020-10-29T09:45:22.248+0000: [GC (Allocation Failure) 2020-10-29T09:45:22.249+0000: [ParNew: 38020K->4K(42752K), 0.0025330 secs] 342450K->304434K(709812K), 0.0026039 secs] [Times: user=0.00 sys=0.00, real=0.00 secs] 
2020-10-29T09:45:22.283+0000: [GC (Allocation Failure) 2020-10-29T09:45:22.283+0000: [ParNew: 38020K->4K(42752K), 0.0025452 secs] 342450K->304434K(709812K), 0.0026057 secs] [Times: user=0.01 sys=0.00, real=0.01 secs] 
2020-10-29T09:45:22.318+0000: [GC (Allocation Failure) 2020-10-29T09:45:22.318+0000: [ParNew: 38020K->4K(42752K), 0.0026802 secs] 342450K->304434K(709812K), 0.0027402 secs] [Times: user=0.01 sys=0.00, real=0.00 secs] 
2020-10-29T09:45:22.356+0000: [GC (Allocation Failure) 2020-10-29T09:45:22.357+0000: [ParNew: 38020K->4K(42752K), 0.0025405 secs] 342450K->304434K(709812K), 0.0026008 secs] [Times: user=0.01 sys=0.00, real=0.00 secs] 
2020-10-29T09:45:22.392+0000: [GC (Allocation Failure) 2020-10-29T09:45:22.392+0000: [ParNew: 38020K->4K(42752K), 0.0026477 secs] 342450K->304434K(709812K), 0.0027220 secs] [Times: user=0.01 sys=0.00, real=0.01 secs] 
2020-10-29T09:45:22.427+0000: [GC (Allocation Failure) 2020-10-29T09:45:22.427+0000: [ParNew: 38020K->4K(42752K), 0.0025561 secs] 342450K->304434K(709812K), 0.0026161 secs] [Times: user=0.01 sys=0.00, real=0.00 secs] 
2020-10-29T09:45:22.465+0000: [GC (Allocation Failure) 2020-10-29T09:45:22.465+0000: [ParNew: 38020K->4K(42752K), 0.0025735 secs] 342450K->304434K(709812K), 0.0026253 secs] [Times: user=0.01 sys=0.00, real=0.00 secs] 
2020-10-29T09:45:22.500+0000: [GC (Allocation Failure) 2020-10-29T09:45:22.500+0000: [ParNew: 38020K->4K(42752K), 0.0025363 secs] 342450K->304434K(709812K), 0.0025956 secs] [Times: user=0.01 sys=0.00, real=0.00 secs] 
2020-10-29T09:45:22.534+0000: [GC (Allocation Failure) 2020-10-29T09:45:22.534+0000: [ParNew: 38020K->4K(42752K), 0.0025279 secs] 342450K->304434K(709812K), 0.0025874 secs] [Times: user=0.00 sys=0.00, real=0.00 secs] 
2020-10-29T09:45:22.569+0000: [GC (Allocation Failure) 2020-10-29T09:45:22.569+0000: [ParNew: 38020K->4K(42752K), 0.0025380 secs] 342450K->304434K(709812K), 0.0026061 secs] [Times: user=0.01 sys=0.00, real=0.00 secs] 
2020-10-29T09:45:22.604+0000: [GC (Allocation Failure) 2020-10-29T09:45:22.605+0000: [ParNew: 38020K->4K(42752K), 0.0025391 secs] 342450K->304434K(709812K), 0.0025984 secs] [Times: user=0.01 sys=0.00, real=0.00 secs] 
2020-10-29T09:45:22.640+0000: [GC (Allocation Failure) 2020-10-29T09:45:22.641+0000: [ParNew: 38020K->4K(42752K), 0.0025336 secs] 342450K->304434K(709812K), 0.0025937 secs] [Times: user=0.00 sys=0.00, real=0.00 secs] 
2020-10-29T09:45:22.675+0000: [GC (Allocation Failure) 2020-10-29T09:45:22.675+0000: [ParNew: 38020K->4K(42752K), 0.0025904 secs] 342450K->304434K(709812K), 0.0026502 secs] [Times: user=0.01 sys=0.00, real=0.00 secs] 
2020-10-29T09:45:22.710+0000: [GC (Allocation Failure) 2020-10-29T09:45:22.710+0000: [ParNew: 38020K->4K(42752K), 0.0025544 secs] 342450K->304434K(709812K), 0.0026137 secs] [Times: user=0.00 sys=0.00, real=0.01 secs] 
2020-10-29T09:45:22.748+0000: [GC (Allocation Failure) 2020-10-29T09:45:22.749+0000: [ParNew: 38020K->4K(42752K), 0.0025177 secs] 342450K->304434K(709812K), 0.0025780 secs] [Times: user=0.00 sys=0.00, real=0.00 secs] 
2020-10-29T09:45:22.784+0000: [GC (Allocation Failure) 2020-10-29T09:45:22.785+0000: [ParNew: 38020K->4K(42752K), 0.0025238 secs] 342450K->304434K(709812K), 0.0025845 secs] [Times: user=0.00 sys=0.00, real=0.00 secs] 
2020-10-29T09:45:22.819+0000: [GC (Allocation Failure) 2020-10-29T09:45:22.819+0000: [ParNew: 38020K->4K(42752K), 0.0025835 secs] 342450K->304434K(709812K), 0.0026440 secs] [Times: user=0.01 sys=0.00, real=0.00 secs] 
2020-10-29T09:45:22.854+0000: [GC (Allocation Failure) 2020-10-29T09:45:22.854+0000: [ParNew: 38020K->4K(42752K), 0.0025540 secs] 342450K->304434K(709812K), 0.0026138 secs] [Times: user=0.01 sys=0.00, real=0.00 secs] 
2020-10-29T09:45:22.889+0000: [GC (Allocation Failure) 2020-10-29T09:45:22.889+0000: [ParNew: 38020K->6K(42752K), 0.0025468 secs] 342450K->304436K(709812K), 0.0026072 secs] [Times: user=0.01 sys=0.00, real=0.00 secs] 
2020-10-29T09:45:22.928+0000: [GC (Allocation Failure) 2020-10-29T09:45:22.929+0000: [ParNew: 38022K->4K(42752K), 0.0025345 secs] 342452K->304434K(709812K), 0.0026055 secs] [Times: user=0.01 sys=0.00, real=0.00 secs] 
2020-10-29T09:45:22.963+0000: [GC (Allocation Failure) 2020-10-29T09:45:22.963+0000: [ParNew: 38020K->4K(42752K), 0.0025813 secs] 342450K->304434K(709812K), 0.0026409 secs] [Times: user=0.00 sys=0.00, real=0.01 secs] 
2020-10-29T09:45:22.998+0000: [GC (Allocation Failure) 2020-10-29T09:45:22.998+0000: [ParNew: 38020K->4K(42752K), 0.0026071 secs] 342450K->304434K(709812K), 0.0026656 secs] [Times: user=0.01 sys=0.00, real=0.00 secs] 
2020-10-29T09:45:23.034+0000: [GC (Allocation Failure) 2020-10-29T09:45:23.034+0000: [ParNew: 38020K->4K(42752K), 0.0026061 secs] 342450K->304434K(709812K), 0.0026654 secs] [Times: user=0.01 sys=0.00, real=0.00 secs] 
2020-10-29T09:45:23.069+0000: [GC (Allocation Failure) 2020-10-29T09:45:23.069+0000: [ParNew: 38020K->4K(42752K), 0.0025189 secs] 342450K->304434K(709812K), 0.0025801 secs] [Times: user=0.00 sys=0.00, real=0.00 secs] 
2020-10-29T09:45:23.103+0000: [GC (Allocation Failure) 2020-10-29T09:45:23.104+0000: [ParNew: 38020K->4K(42752K), 0.0026253 secs] 342450K->304434K(709812K), 0.0026848 secs] [Times: user=0.01 sys=0.00, real=0.01 secs] 
2020-10-29T09:45:23.139+0000: [GC (Allocation Failure) 2020-10-29T09:45:23.139+0000: [ParNew: 38020K->4K(42752K), 0.0025974 secs] 342450K->304434K(709812K), 0.0026633 secs] [Times: user=0.00 sys=0.00, real=0.00 secs] 
2020-10-29T09:45:23.177+0000: [GC (Allocation Failure) 2020-10-29T09:45:23.177+0000: [ParNew: 38020K->4K(42752K), 0.0025265 secs] 342450K->304434K(709812K), 0.0025880 secs] [Times: user=0.01 sys=0.00, real=0.00 secs] 
2020-10-29T09:45:23.211+0000: [GC (Allocation Failure) 2020-10-29T09:45:23.211+0000: [ParNew: 38020K->4K(42752K), 0.0025994 secs] 342450K->304434K(709812K), 0.0026585 secs] [Times: user=0.01 sys=0.00, real=0.01 secs] 
2020-10-29T09:45:23.248+0000: [GC (Allocation Failure) 2020-10-29T09:45:23.249+0000: [ParNew: 38020K->4K(42752K), 0.0025317 secs] 342450K->304434K(709812K), 0.0025915 secs] [Times: user=0.00 sys=0.00, real=0.00 secs] 
2020-10-29T09:45:23.284+0000: [GC (Allocation Failure) 2020-10-29T09:45:23.285+0000: [ParNew: 38020K->4K(42752K), 0.0026034 secs] 342450K->304434K(709812K), 0.0026632 secs] [Times: user=0.01 sys=0.00, real=0.00 secs] 
2020-10-29T09:45:23.320+0000: [GC (Allocation Failure) 2020-10-29T09:45:23.321+0000: [ParNew: 38020K->4K(42752K), 0.0025414 secs] 342450K->304434K(709812K), 0.0026004 secs] [Times: user=0.01 sys=0.00, real=0.00 secs] 
2020-10-29T09:45:23.355+0000: [GC (Allocation Failure) 2020-10-29T09:45:23.355+0000: [ParNew: 38020K->4K(42752K), 0.0025381 secs] 342450K->304434K(709812K), 0.0026072 secs] [Times: user=0.01 sys=0.00, real=0.00 secs] 
2020-10-29T09:45:23.392+0000: [GC (Allocation Failure) 2020-10-29T09:45:23.392+0000: [ParNew: 38020K->4K(42752K), 0.0025191 secs] 342450K->304434K(709812K), 0.0025785 secs] [Times: user=0.01 sys=0.00, real=0.00 secs] 
2020-10-29T09:45:23.429+0000: [GC (Allocation Failure) 2020-10-29T09:45:23.429+0000: [ParNew: 38020K->4K(42752K), 0.0025364 secs] 342450K->304434K(709812K), 0.0025951 secs] [Times: user=0.01 sys=0.00, real=0.00 secs] 
2020-10-29T09:45:23.467+0000: [GC (Allocation Failure) 2020-10-29T09:45:23.467+0000: [ParNew: 38020K->6K(42752K), 0.0026053 secs] 342450K->304436K(709812K), 0.0026660 secs] [Times: user=0.01 sys=0.00, real=0.00 secs] 
2020-10-29T09:45:23.504+0000: [GC (Allocation Failure) 2020-10-29T09:45:23.504+0000: [ParNew: 38022K->4K(42752K), 0.0025584 secs] 342452K->304434K(709812K), 0.0026182 secs] [Times: user=0.01 sys=0.00, real=0.01 secs] 
2020-10-29T09:45:23.540+0000: [GC (Allocation Failure) 2020-10-29T09:45:23.540+0000: [ParNew: 38020K->4K(42752K), 0.0025564 secs] 342450K->304434K(709812K), 0.0026162 secs] [Times: user=0.01 sys=0.00, real=0.00 secs] 
2020-10-29T09:45:23.574+0000: [GC (Allocation Failure) 2020-10-29T09:45:23.575+0000: [ParNew: 38020K->4K(42752K), 0.0025417 secs] 342450K->304434K(709812K), 0.0026020 secs] [Times: user=0.01 sys=0.00, real=0.00 secs] 
2020-10-29T09:45:23.610+0000: [GC (Allocation Failure) 2020-10-29T09:45:23.610+0000: [ParNew: 38020K->4K(42752K), 0.0025701 secs] 342450K->304434K(709812K), 0.0026312 secs] [Times: user=0.00 sys=0.00, real=0.01 secs] 
2020-10-29T09:45:23.645+0000: [GC (Allocation Failure) 2020-10-29T09:45:23.645+0000: [ParNew: 38020K->4K(42752K), 0.0025359 secs] 342450K->304434K(709812K), 0.0025959 secs] [Times: user=0.00 sys=0.00, real=0.00 secs] 
2020-10-29T09:45:23.680+0000: [GC (Allocation Failure) 2020-10-29T09:45:23.681+0000: [ParNew: 38020K->4K(42752K), 0.0025280 secs] 342450K->304434K(709812K), 0.0025875 secs] [Times: user=0.01 sys=0.00, real=0.00 secs] 
2020-10-29T09:45:23.715+0000: [GC (Allocation Failure) 2020-10-29T09:45:23.715+0000: [ParNew: 38020K->4K(42752K), 0.0025499 secs] 342450K->304434K(709812K), 0.0026113 secs] [Times: user=0.00 sys=0.00, real=0.00 secs] 
2020-10-29T09:45:23.750+0000: [GC (Allocation Failure) 2020-10-29T09:45:23.750+0000: [ParNew: 38020K->4K(42752K), 0.0025474 secs] 342450K->304434K(709812K), 0.0026081 secs] [Times: user=0.00 sys=0.00, real=0.01 secs] 
2020-10-29T09:45:23.788+0000: [GC (Allocation Failure) 2020-10-29T09:45:23.789+0000: [ParNew: 38020K->4K(42752K), 0.0025180 secs] 342450K->304434K(709812K), 0.0025789 secs] [Times: user=0.01 sys=0.00, real=0.00 secs] 
2020-10-29T09:45:23.824+0000: [GC (Allocation Failure) 2020-10-29T09:45:23.825+0000: [ParNew: 38020K->4K(42752K), 0.0025742 secs] 342450K->304434K(709812K), 0.0026339 secs] [Times: user=0.00 sys=0.00, real=0.00 secs] 
2020-10-29T09:45:23.861+0000: [GC (Allocation Failure) 2020-10-29T09:45:23.861+0000: [ParNew: 38020K->4K(42752K), 0.0025232 secs] 342450K->304434K(709812K), 0.0025823 secs] [Times: user=0.00 sys=0.00, real=0.00 secs] 
2020-10-29T09:45:23.897+0000: [GC (Allocation Failure) 2020-10-29T09:45:23.897+0000: [ParNew: 38020K->4K(42752K), 0.0025440 secs] 342450K->304434K(709812K), 0.0026053 secs] [Times: user=0.01 sys=0.00, real=0.00 secs] 
2020-10-29T09:45:23.931+0000: [GC (Allocation Failure) 2020-10-29T09:45:23.932+0000: [ParNew: 38020K->4K(42752K), 0.0025509 secs] 342450K->304434K(709812K), 0.0026165 secs] [Times: user=0.00 sys=0.00, real=0.01 secs] 
2020-10-29T09:45:23.968+0000: [GC (Allocation Failure) 2020-10-29T09:45:23.969+0000: [ParNew: 38020K->4K(42752K), 0.0025378 secs] 342450K->304434K(709812K), 0.0025896 secs] [Times: user=0.00 sys=0.00, real=0.00 secs] 
2020-10-29T09:45:24.004+0000: [GC (Allocation Failure) 2020-10-29T09:45:24.005+0000: [ParNew: 38020K->4K(42752K), 0.0025378 secs] 342450K->304434K(709812K), 0.0025978 secs] [Times: user=0.01 sys=0.00, real=0.00 secs] 
2020-10-29T09:45:24.040+0000: [GC (Allocation Failure) 2020-10-29T09:45:24.040+0000: [ParNew: 38020K->4K(42752K), 0.0025624 secs] 342450K->304434K(709812K), 0.0026226 secs] [Times: user=0.01 sys=0.00, real=0.00 secs] 
2020-10-29T09:45:24.075+0000: [GC (Allocation Failure) 2020-10-29T09:45:24.075+0000: [ParNew: 38020K->4K(42752K), 0.0025578 secs] 342450K->304434K(709812K), 0.0026175 secs] [Times: user=0.01 sys=0.00, real=0.00 secs] 
2020-10-29T09:45:24.112+0000: [GC (Allocation Failure) 2020-10-29T09:45:24.113+0000: [ParNew: 38020K->4K(42752K), 0.0025241 secs] 342450K->304434K(709812K), 0.0025833 secs] [Times: user=0.00 sys=0.00, real=0.00 secs] 
2020-10-29T09:45:24.149+0000: [GC (Allocation Failure) 2020-10-29T09:45:24.149+0000: [ParNew: 38020K->4K(42752K), 0.0025812 secs] 342450K->304434K(709812K), 0.0026437 secs] [Times: user=0.01 sys=0.00, real=0.00 secs] 
2020-10-29T09:45:24.184+0000: [GC (Allocation Failure) 2020-10-29T09:45:24.184+0000: [ParNew: 38020K->4K(42752K), 0.0025908 secs] 342450K->304434K(709812K), 0.0026515 secs] [Times: user=0.01 sys=0.00, real=0.01 secs] 
2020-10-29T09:45:24.221+0000: [GC (Allocation Failure) 2020-10-29T09:45:24.221+0000: [ParNew: 38020K->4K(42752K), 0.0025797 secs] 342450K->304434K(709812K), 0.0026393 secs] [Times: user=0.00 sys=0.00, real=0.00 secs] 
2020-10-29T09:45:24.257+0000: [GC (Allocation Failure) 2020-10-29T09:45:24.257+0000: [ParNew: 38020K->4K(42752K), 0.0025304 secs] 342450K->304434K(709812K), 0.0026002 secs] [Times: user=0.01 sys=0.00, real=0.00 secs] 
2020-10-29T09:45:24.295+0000: [GC (Allocation Failure) 2020-10-29T09:45:24.295+0000: [ParNew: 38020K->4K(42752K), 0.0026142 secs] 342450K->304434K(709812K), 0.0026738 secs] [Times: user=0.01 sys=0.00, real=0.00 secs] 
2020-10-29T09:45:24.330+0000: [GC (Allocation Failure) 2020-10-29T09:45:24.330+0000: [ParNew: 38020K->4K(42752K), 0.0025376 secs] 342450K->304434K(709812K), 0.0026038 secs] [Times: user=0.01 sys=0.00, real=0.01 secs] 
2020-10-29T09:45:24.365+0000: [GC (Allocation Failure) 2020-10-29T09:45:24.365+0000: [ParNew: 38020K->4K(42752K), 0.0025488 secs] 342450K->304434K(709812K), 0.0026084 secs] [Times: user=0.00 sys=0.00, real=0.00 secs] 
2020-10-29T09:45:24.400+0000: [GC (Allocation Failure) 2020-10-29T09:45:24.400+0000: [ParNew: 38020K->4K(42752K), 0.0025768 secs] 342450K->304434K(709812K), 0.0026378 secs] [Times: user=0.01 sys=0.00, real=0.00 secs] 
2020-10-29T09:45:24.435+0000: [GC (Allocation Failure) 2020-10-29T09:45:24.435+0000: [ParNew: 38020K->4K(42752K), 0.0025796 secs] 342450K->304434K(709812K), 0.0026480 secs] [Times: user=0.00 sys=0.00, real=0.00 secs] 
2020-10-29T09:45:24.472+0000: [GC (Allocation Failure) 2020-10-29T09:45:24.473+0000: [ParNew: 38020K->4K(42752K), 0.0025344 secs] 342450K->304434K(709812K), 0.0025943 secs] [Times: user=0.01 sys=0.00, real=0.00 secs] 
2020-10-29T09:45:24.509+0000: [GC (Allocation Failure) 2020-10-29T09:45:24.509+0000: [ParNew: 38020K->4K(42752K), 0.0025325 secs] 342450K->304434K(709812K), 0.0025931 secs] [Times: user=0.00 sys=0.00, real=0.00 secs] 
2020-10-29T09:45:24.545+0000: [GC (Allocation Failure) 2020-10-29T09:45:24.545+0000: [ParNew: 38020K->4K(42752K), 0.0025496 secs] 342450K->304434K(709812K), 0.0026089 secs] [Times: user=0.00 sys=0.00, real=0.00 secs] 
2020-10-29T09:45:24.581+0000: [GC (Allocation Failure) 2020-10-29T09:45:24.581+0000: [ParNew: 38020K->4K(42752K), 0.0025218 secs] 342450K->304434K(709812K), 0.0025820 secs] [Times: user=0.01 sys=0.00, real=0.00 secs] 
2020-10-29T09:45:24.616+0000: [GC (Allocation Failure) 2020-10-29T09:45:24.617+0000: [ParNew: 38020K->4K(42752K), 0.0025361 secs] 342450K->304434K(709812K), 0.0025960 secs] [Times: user=0.01 sys=0.00, real=0.00 secs] 
2020-10-29T09:45:24.651+0000: [GC (Allocation Failure) 2020-10-29T09:45:24.651+0000: [ParNew: 38020K->4K(42752K), 0.0025563 secs] 342450K->304434K(709812K), 0.0026174 secs] [Times: user=0.01 sys=0.00, real=0.01 secs] 
2020-10-29T09:45:24.686+0000: [GC (Allocation Failure) 2020-10-29T09:45:24.686+0000: [ParNew: 38020K->4K(42752K), 0.0025613 secs] 342450K->304434K(709812K), 0.0026203 secs] [Times: user=0.01 sys=0.00, real=0.00 secs] 
2020-10-29T09:45:24.721+0000: [GC (Allocation Failure) 2020-10-29T09:45:24.721+0000: [ParNew: 38020K->4K(42752K), 0.0025459 secs] 342450K->304434K(709812K), 0.0026070 secs] [Times: user=0.01 sys=0.00, real=0.00 secs] 
2020-10-29T09:45:24.756+0000: [GC (Allocation Failure) 2020-10-29T09:45:24.757+0000: [ParNew: 38020K->4K(42752K), 0.0025406 secs] 342450K->304434K(709812K), 0.0025997 secs] [Times: user=0.01 sys=0.00, real=0.00 secs] 
2020-10-29T09:45:24.792+0000: [GC (Allocation Failure) 2020-10-29T09:45:24.793+0000: [ParNew: 38020K->4K(42752K), 0.0025111 secs] 342450K->304434K(709812K), 0.0025716 secs] [Times: user=0.00 sys=0.00, real=0.00 secs] 
2020-10-29T09:45:24.827+0000: [GC (Allocation Failure) 2020-10-29T09:45:24.827+0000: [ParNew: 38020K->4K(42752K), 0.0025853 secs] 342450K->304434K(709812K), 0.0026468 secs] [Times: user=0.01 sys=0.00, real=0.00 secs] 
2020-10-29T09:45:24.862+0000: [GC (Allocation Failure) 2020-10-29T09:45:24.862+0000: [ParNew: 38020K->4K(42752K), 0.0025378 secs] 342450K->304434K(709812K), 0.0026006 secs] [Times: user=0.00 sys=0.00, real=0.00 secs] 
2020-10-29T09:45:24.897+0000: [GC (Allocation Failure) 2020-10-29T09:45:24.897+0000: [ParNew: 38020K->4K(42752K), 0.0025526 secs] 342450K->304434K(709812K), 0.0026137 secs] [Times: user=0.00 sys=0.00, real=0.00 secs] 
2020-10-29T09:45:24.932+0000: [GC (Allocation Failure) 2020-10-29T09:45:24.933+0000: [ParNew: 38020K->4K(42752K), 0.0025369 secs] 342450K->304434K(709812K), 0.0025981 secs] [Times: user=0.01 sys=0.00, real=0.00 secs] 
2020-10-29T09:45:24.968+0000: [GC (Allocation Failure) 2020-10-29T09:45:24.968+0000: [ParNew: 38020K->4K(42752K), 0.0025466 secs] 342450K->304434K(709812K), 0.0026056 secs] [Times: user=0.01 sys=0.00, real=0.00 secs] 
2020-10-29T09:45:25.003+0000: [GC (Allocation Failure) 2020-10-29T09:45:25.003+0000: [ParNew: 38020K->4K(42752K), 0.0025634 secs] 342450K->304434K(709812K), 0.0026238 secs] [Times: user=0.01 sys=0.00, real=0.01 secs] 
2020-10-29T09:45:25.040+0000: [GC (Allocation Failure) 2020-10-29T09:45:25.041+0000: [ParNew: 38020K->4K(42752K), 0.0025347 secs] 342450K->304434K(709812K), 0.0025942 secs] [Times: user=0.01 sys=0.00, real=0.00 secs] 
2020-10-29T09:45:25.075+0000: [GC (Allocation Failure) 2020-10-29T09:45:25.075+0000: [ParNew: 38020K->4K(42752K), 0.0025666 secs] 342450K->304434K(709812K), 0.0026268 secs] [Times: user=0.00 sys=0.00, real=0.00 secs] 
2020-10-29T09:45:25.112+0000: [GC (Allocation Failure) 2020-10-29T09:45:25.113+0000: [ParNew: 38020K->4K(42752K), 0.0025311 secs] 342450K->304434K(709812K), 0.0025904 secs] [Times: user=0.00 sys=0.00, real=0.00 secs] 
2020-10-29T09:45:25.148+0000: [GC (Allocation Failure) 2020-10-29T09:45:25.148+0000: [ParNew: 38020K->4K(42752K), 0.0026547 secs] 342450K->304434K(709812K), 0.0027152 secs] [Times: user=0.00 sys=0.00, real=0.00 secs] 
2020-10-29T09:45:25.182+0000: [GC (Allocation Failure) 2020-10-29T09:45:25.182+0000: [ParNew: 38020K->4K(42752K), 0.0025485 secs] 342450K->304434K(709812K), 0.0026070 secs] [Times: user=0.01 sys=0.00, real=0.01 secs] 
2020-10-29T09:45:25.217+0000: [GC (Allocation Failure) 2020-10-29T09:45:25.217+0000: [ParNew: 38020K->4K(42752K), 0.0025233 secs] 342450K->304434K(709812K), 0.0025844 secs] [Times: user=0.00 sys=0.00, real=0.00 secs] 
2020-10-29T09:45:25.252+0000: [GC (Allocation Failure) 2020-10-29T09:45:25.252+0000: [ParNew: 38020K->4K(42752K), 0.0025521 secs] 342450K->304434K(709812K), 0.0026118 secs] [Times: user=0.00 sys=0.00, real=0.01 secs] 
2020-10-29T09:45:25.286+0000: [GC (Allocation Failure) 2020-10-29T09:45:25.287+0000: [ParNew: 38020K->4K(42752K), 0.0033581 secs] 342450K->304434K(709812K), 0.0034187 secs] [Times: user=0.01 sys=0.00, real=0.00 secs] 
2020-10-29T09:45:25.324+0000: [GC (Allocation Failure) 2020-10-29T09:45:25.325+0000: [ParNew: 38020K->4K(42752K), 0.0025211 secs] 342450K->304434K(709812K), 0.0025826 secs] [Times: user=0.00 sys=0.00, real=0.00 secs] 
2020-10-29T09:45:25.360+0000: [GC (Allocation Failure) 2020-10-29T09:45:25.360+0000: [ParNew: 38020K->4K(42752K), 0.0025991 secs] 342450K->304434K(709812K), 0.0026595 secs] [Times: user=0.01 sys=0.00, real=0.00 secs] 
2020-10-29T09:45:25.396+0000: [GC (Allocation Failure) 2020-10-29T09:45:25.397+0000: [ParNew: 38020K->4K(42752K), 0.0025175 secs] 342450K->304434K(709812K), 0.0025782 secs] [Times: user=0.01 sys=0.00, real=0.00 secs] 
2020-10-29T09:45:25.432+0000: [GC (Allocation Failure) 2020-10-29T09:45:25.433+0000: [ParNew: 38020K->4K(42752K), 0.0041643 secs] 342450K->304434K(709812K), 0.0042248 secs] [Times: user=0.00 sys=0.00, real=0.00 secs] 
2020-10-29T09:45:25.469+0000: [GC (Allocation Failure) 2020-10-29T09:45:25.469+0000: [ParNew: 38020K->4K(42752K), 0.0025629 secs] 342450K->304434K(709812K), 0.0026227 secs] [Times: user=0.00 sys=0.00, real=0.00 secs] 
2020-10-29T09:45:25.504+0000: [GC (Allocation Failure) 2020-10-29T09:45:25.504+0000: [ParNew: 38020K->4K(42752K), 0.0025293 secs] 342450K->304434K(709812K), 0.0026046 secs] [Times: user=0.00 sys=0.00, real=0.01 secs] 
2020-10-29T09:45:25.538+0000: [GC (Allocation Failure) 2020-10-29T09:45:25.539+0000: [ParNew: 38020K->4K(42752K), 0.0025564 secs] 342450K->304434K(709812K), 0.0026156 secs] [Times: user=0.00 sys=0.00, real=0.00 secs] 
2020-10-29T09:45:25.576+0000: [GC (Allocation Failure) 2020-10-29T09:45:25.577+0000: [ParNew: 38020K->4K(42752K), 0.0025445 secs] 342450K->304435K(709812K), 0.0026050 secs] [Times: user=0.00 sys=0.00, real=0.00 secs] 
2020-10-29T09:45:25.612+0000: [GC (Allocation Failure) 2020-10-29T09:45:25.612+0000: [ParNew: 38020K->4K(42752K), 0.0025402 secs] 342451K->304435K(709812K), 0.0026089 secs] [Times: user=0.01 sys=0.00, real=0.01 secs] 
2020-10-29T09:45:25.651+0000: [GC (Allocation Failure) 2020-10-29T09:45:25.651+0000: [ParNew: 38020K->4K(42752K), 0.0025659 secs] 342451K->304435K(709812K), 0.0026252 secs] [Times: user=0.01 sys=0.00, real=0.01 secs] 
2020-10-29T09:45:25.689+0000: [GC (Allocation Failure) 2020-10-29T09:45:25.689+0000: [ParNew: 38020K->4K(42752K), 0.0025218 secs] 342451K->304435K(709812K), 0.0025813 secs] [Times: user=0.01 sys=0.00, real=0.00 secs] 
2020-10-29T09:45:25.728+0000: [GC (Allocation Failure) 2020-10-29T09:45:25.729+0000: [ParNew: 38020K->4K(42752K), 0.0025259 secs] 342451K->304435K(709812K), 0.0025807 secs] [Times: user=0.01 sys=0.00, real=0.00 secs] 
2020-10-29T09:45:25.765+0000: [GC (Allocation Failure) 2020-10-29T09:45:25.765+0000: [ParNew: 38020K->4K(42752K), 0.0025551 secs] 342451K->304435K(709812K), 0.0026159 secs] [Times: user=0.01 sys=0.00, real=0.00 secs] 
2020-10-29T09:45:25.801+0000: [GC (Allocation Failure) 2020-10-29T09:45:25.801+0000: [ParNew: 38020K->4K(42752K), 0.0025295 secs] 342451K->304435K(709812K), 0.0025892 secs] [Times: user=0.01 sys=0.00, real=0.00 secs] 
2020-10-29T09:45:25.836+0000: [GC (Allocation Failure) 2020-10-29T09:45:25.837+0000: [ParNew: 38020K->4K(42752K), 0.0025288 secs] 342451K->304435K(709812K), 0.0025892 secs] [Times: user=0.00 sys=0.00, real=0.00 secs] 
2020-10-29T09:45:25.872+0000: [GC (Allocation Failure) 2020-10-29T09:45:25.872+0000: [ParNew: 38020K->4K(42752K), 0.0025789 secs] 342451K->304435K(709812K), 0.0026400 secs] [Times: user=0.00 sys=0.00, real=0.00 secs] 
2020-10-29T09:45:25.908+0000: [GC (Allocation Failure) 2020-10-29T09:45:25.909+0000: [ParNew: 38020K->4K(42752K), 0.0025394 secs] 342451K->304435K(709812K), 0.0026000 secs] [Times: user=0.01 sys=0.00, real=0.00 secs] 
2020-10-29T09:45:25.947+0000: [GC (Allocation Failure) 2020-10-29T09:45:25.947+0000: [ParNew: 38020K->4K(42752K), 0.0025436 secs] 342451K->304435K(709812K), 0.0026022 secs] [Times: user=0.01 sys=0.00, real=0.00 secs] 
2020-10-29T09:45:25.984+0000: [GC (Allocation Failure) 2020-10-29T09:45:25.984+0000: [ParNew: 38020K->4K(42752K), 0.0025275 secs] 342451K->304435K(709812K), 0.0025885 secs] [Times: user=0.01 sys=0.00, real=0.01 secs] 
2020-10-29T09:45:26.020+0000: [GC (Allocation Failure) 2020-10-29T09:45:26.020+0000: [ParNew: 38020K->4K(42752K), 0.0025403 secs] 342451K->304435K(709812K), 0.0025988 secs] [Times: user=0.01 sys=0.00, real=0.00 secs] 
2020-10-29T09:45:26.054+0000: [GC (Allocation Failure) 2020-10-29T09:45:26.054+0000: [ParNew: 38020K->4K(42752K), 0.0026337 secs] 342451K->304435K(709812K), 0.0026927 secs] [Times: user=0.00 sys=0.00, real=0.00 secs] 
2020-10-29T09:45:26.097+0000: [GC (Allocation Failure) 2020-10-29T09:45:26.097+0000: [ParNew: 38020K->6K(42752K), 0.0025597 secs] 342451K->304437K(709812K), 0.0026186 secs] [Times: user=0.00 sys=0.00, real=0.00 secs] 
2020-10-29T09:45:26.136+0000: [GC (Allocation Failure) 2020-10-29T09:45:26.137+0000: [ParNew: 38022K->6K(42752K), 0.0025472 secs] 342453K->304437K(709812K), 0.0026066 secs] [Times: user=0.01 sys=0.00, real=0.00 secs] 
2020-10-29T09:45:26.171+0000: [GC (Allocation Failure) 2020-10-29T09:45:26.171+0000: [ParNew: 38022K->6K(42752K), 0.0025599 secs] 342453K->304438K(709812K), 0.0026189 secs] [Times: user=0.00 sys=0.00, real=0.01 secs] 
2020-10-29T09:45:26.208+0000: [GC (Allocation Failure) 2020-10-29T09:45:26.209+0000: [ParNew: 38022K->6K(42752K), 0.0025415 secs] 342454K->304437K(709812K), 0.0026008 secs] [Times: user=0.01 sys=0.00, real=0.00 secs] 
2020-10-29T09:45:26.243+0000: [GC (Allocation Failure) 2020-10-29T09:45:26.243+0000: [ParNew: 38022K->7K(42752K), 0.0025476 secs] 342453K->304438K(709812K), 0.0026071 secs] [Times: user=0.00 sys=0.00, real=0.01 secs] 
2020-10-29T09:45:26.281+0000: [GC (Allocation Failure) 2020-10-29T09:45:26.281+0000: [ParNew: 38023K->7K(42752K), 0.0025663 secs] 342454K->304438K(709812K), 0.0026254 secs] [Times: user=0.00 sys=0.00, real=0.00 secs] 
2020-10-29T09:45:26.316+0000: [GC (Allocation Failure) 2020-10-29T09:45:26.316+0000: [ParNew: 38023K->4K(42752K), 0.0026173 secs] 342454K->304438K(709812K), 0.0026783 secs] [Times: user=0.00 sys=0.00, real=0.00 secs] 
2020-10-29T09:45:26.352+0000: [GC (Allocation Failure) 2020-10-29T09:45:26.353+0000: [ParNew: 38020K->4K(42752K), 0.0025269 secs] 342454K->304438K(709812K), 0.0025868 secs] [Times: user=0.01 sys=0.00, real=0.00 secs] 
2020-10-29T09:45:26.388+0000: [GC (Allocation Failure) 2020-10-29T09:45:26.389+0000: [ParNew: 38020K->4K(42752K), 0.0025434 secs] 342454K->304438K(709812K), 0.0026041 secs] [Times: user=0.01 sys=0.00, real=0.00 secs] 
2020-10-29T09:45:26.429+0000: [GC (Allocation Failure) 2020-10-29T09:45:26.429+0000: [ParNew: 38020K->4K(42752K), 0.0025398 secs] 342454K->304438K(709812K), 0.0026004 secs] [Times: user=0.01 sys=0.00, real=0.00 secs] 
2020-10-29T09:45:26.464+0000: [GC (Allocation Failure) 2020-10-29T09:45:26.465+0000: [ParNew: 38020K->4K(42752K), 0.0025324 secs] 342454K->304438K(709812K), 0.0025934 secs] [Times: user=0.01 sys=0.00, real=0.00 secs] 
2020-10-29T09:45:26.501+0000: [GC (Allocation Failure) 2020-10-29T09:45:26.501+0000: [ParNew: 38020K->4K(42752K), 0.0025483 secs] 342454K->304438K(709812K), 0.0026088 secs] [Times: user=0.01 sys=0.00, real=0.00 secs] 
2020-10-29T09:45:26.536+0000: [GC (Allocation Failure) 2020-10-29T09:45:26.536+0000: [ParNew: 38020K->4K(42752K), 0.0025945 secs] 342454K->304438K(709812K), 0.0026560 secs] [Times: user=0.00 sys=0.00, real=0.00 secs] 
2020-10-29T09:45:26.571+0000: [GC (Allocation Failure) 2020-10-29T09:45:26.571+0000: [ParNew: 38020K->4K(42752K), 0.0025829 secs] 342454K->304438K(709812K), 0.0026419 secs] [Times: user=0.00 sys=0.00, real=0.01 secs] 
2020-10-29T09:45:26.609+0000: [GC (Allocation Failure) 2020-10-29T09:45:26.609+0000: [ParNew: 38020K->4K(42752K), 0.0025492 secs] 342454K->304438K(709812K), 0.0026126 secs] [Times: user=0.00 sys=0.00, real=0.00 secs] 
2020-10-29T09:45:26.644+0000: [GC (Allocation Failure) 2020-10-29T09:45:26.645+0000: [ParNew: 38020K->4K(42752K), 0.0025361 secs] 342454K->304438K(709812K), 0.0025957 secs] [Times: user=0.01 sys=0.00, real=0.00 secs] 
2020-10-29T09:45:26.680+0000: [GC (Allocation Failure) 2020-10-29T09:45:26.680+0000: [ParNew: 38020K->4K(42752K), 0.0025426 secs] 342454K->304438K(709812K), 0.0026015 secs] [Times: user=0.01 sys=0.00, real=0.00 secs] 
2020-10-29T09:45:26.715+0000: [GC (Allocation Failure) 2020-10-29T09:45:26.715+0000: [ParNew: 38020K->4K(42752K), 0.0025249 secs] 342454K->304438K(709812K), 0.0025853 secs] [Times: user=0.00 sys=0.00, real=0.00 secs] 
2020-10-29T09:45:26.750+0000: [GC (Allocation Failure) 2020-10-29T09:45:26.750+0000: [ParNew: 38020K->4K(42752K), 0.0025286 secs] 342454K->304438K(709812K), 0.0025893 secs] [Times: user=0.00 sys=0.00, real=0.01 secs] 
2020-10-29T09:45:26.786+0000: [GC (Allocation Failure) 2020-10-29T09:45:26.786+0000: [ParNew: 38020K->4K(42752K), 0.0025328 secs] 342454K->304438K(709812K), 0.0025943 secs] [Times: user=0.00 sys=0.00, real=0.00 secs] 
2020-10-29T09:45:26.822+0000: [GC (Allocation Failure) 2020-10-29T09:45:26.822+0000: [ParNew: 38020K->4K(42752K), 0.0025239 secs] 342454K->304438K(709812K), 0.0025914 secs] [Times: user=0.01 sys=0.00, real=0.00 secs] 
2020-10-29T09:45:26.859+0000: [GC (Allocation Failure) 2020-10-29T09:45:26.859+0000: [ParNew: 38020K->4K(42752K), 0.0025888 secs] 342454K->304438K(709812K), 0.0026509 secs] [Times: user=0.00 sys=0.00, real=0.00 secs] 
2020-10-29T09:45:26.897+0000: [GC (Allocation Failure) 2020-10-29T09:45:26.897+0000: [ParNew: 38020K->4K(42752K), 0.0025464 secs] 342454K->304438K(709812K), 0.0026068 secs] [Times: user=0.01 sys=0.00, real=0.00 secs] 
2020-10-29T09:45:26.932+0000: [GC (Allocation Failure) 2020-10-29T09:45:26.933+0000: [ParNew: 38020K->4K(42752K), 0.0025946 secs] 342454K->304438K(709812K), 0.0026552 secs] [Times: user=0.01 sys=0.00, real=0.00 secs] 
2020-10-29T09:45:26.968+0000: [GC (Allocation Failure) 2020-10-29T09:45:26.968+0000: [ParNew: 38020K->4K(42752K), 0.0025766 secs] 342454K->304438K(709812K), 0.0026356 secs] [Times: user=0.01 sys=0.00, real=0.00 secs] 
2020-10-29T09:45:27.003+0000: [GC (Allocation Failure) 2020-10-29T09:45:27.003+0000: [ParNew: 38020K->4K(42752K), 0.0025750 secs] 342454K->304438K(709812K), 0.0026349 secs] [Times: user=0.01 sys=0.00, real=0.01 secs] 
2020-10-29T09:45:27.040+0000: [GC (Allocation Failure) 2020-10-29T09:45:27.041+0000: [ParNew: 38020K->4K(42752K), 0.0025354 secs] 342454K->304438K(709812K), 0.0025944 secs] [Times: user=0.01 sys=0.00, real=0.00 secs] 
2020-10-29T09:45:27.076+0000: [GC (Allocation Failure) 2020-10-29T09:45:27.077+0000: [ParNew: 38020K->4K(42752K), 0.0025297 secs] 342454K->304438K(709812K), 0.0025896 secs] [Times: user=0.00 sys=0.00, real=0.00 secs] 
2020-10-29T09:45:27.113+0000: [GC (Allocation Failure) 2020-10-29T09:45:27.113+0000: [ParNew: 38020K->4K(42752K), 0.0028954 secs] 342454K->304438K(709812K), 0.0029834 secs] [Times: user=0.00 sys=0.00, real=0.00 secs] 
2020-10-29T09:45:27.152+0000: [GC (Allocation Failure) 2020-10-29T09:45:27.153+0000: [ParNew: 38020K->4K(42752K), 0.0025163 secs] 342454K->304438K(709812K), 0.0025759 secs] [Times: user=0.00 sys=0.00, real=0.00 secs] 
2020-10-29T09:45:27.192+0000: [GC (Allocation Failure) 2020-10-29T09:45:27.192+0000: [ParNew: 38020K->4K(42752K), 0.0025400 secs] 342454K->304438K(709812K), 0.0025996 secs] [Times: user=0.00 sys=0.00, real=0.00 secs] 
2020-10-29T09:45:27.244+0000: [GC (Allocation Failure) 2020-10-29T09:45:27.244+0000: [ParNew: 38020K->4K(42752K), 0.0026005 secs] 342454K->304438K(709812K), 0.0026608 secs] [Times: user=0.00 sys=0.00, real=0.01 secs] 
2020-10-29T09:45:27.320+0000: [GC (Allocation Failure) 2020-10-29T09:45:27.320+0000: [ParNew: 38020K->4K(42752K), 0.0025442 secs] 342454K->304438K(709812K), 0.0026037 secs] [Times: user=0.01 sys=0.00, real=0.00 secs] 
2020-10-29T09:45:27.387+0000: [GC (Allocation Failure) 2020-10-29T09:45:27.387+0000: [ParNew: 38020K->4K(42752K), 0.0026114 secs] 342454K->304438K(709812K), 0.0026721 secs] [Times: user=0.00 sys=0.00, real=0.00 secs] 
2020-10-29T09:45:27.455+0000: [GC (Allocation Failure) 2020-10-29T09:45:27.455+0000: [ParNew: 38020K->4K(42752K), 0.0026063 secs] 342454K->304438K(709812K), 0.0026662 secs] [Times: user=0.00 sys=0.00, real=0.00 secs] 
2020-10-29T09:45:27.694+0000: [GC (Allocation Failure) 2020-10-29T09:45:27.694+0000: [ParNew: 38020K->6K(42752K), 0.0025422 secs] 342454K->304440K(709812K), 0.0026032 secs] [Times: user=0.01 sys=0.00, real=0.00 secs] 
2020-10-29T09:45:33.986+0000: [GC (Allocation Failure) 2020-10-29T09:45:33.986+0000: [ParNew: 38022K->31K(42752K), 0.0027538 secs] 342456K->304465K(709812K), 0.0028102 secs] [Times: user=0.00 sys=0.00, real=0.00 secs] 
Heap
 par new generation   total 42752K, used 14694K [0x00000000c0000000, 0x00000000c2e60000, 0x00000000ca660000)
  eden space 38016K,  38% used [0x00000000c0000000, 0x00000000c0e51cc8, 0x00000000c2520000)
  from space 4736K,   0% used [0x00000000c2520000, 0x00000000c2527e30, 0x00000000c29c0000)
  to   space 4736K,   0% used [0x00000000c29c0000, 0x00000000c29c0000, 0x00000000c2e60000)
 concurrent mark-sweep generation total 667060K, used 304434K [0x00000000ca660000, 0x00000000f31cd000, 0x0000000100000000)
 Metaspace       used 70258K, capacity 71628K, committed 71880K, reserved 1112064K
  class space    used 9456K, capacity 9697K, committed 9728K, reserved 1048576K
End of LogType:stdout



Container: container_1603959726485_0005_01_000001 on ip-10-0-63-237.ec2.internal_8041
=======================================================================================
LogType:stderr
Log Upload Time:gio ott 29 09:45:36 +0000 2020
LogLength:12186
Log Contents:
SLF4J: Class path contains multiple SLF4J bindings.
SLF4J: Found binding in [jar:file:/mnt/yarn/usercache/hadoop/filecache/24/__spark_libs__868164734296374639.zip/slf4j-log4j12-1.7.16.jar!/org/slf4j/impl/StaticLoggerBinder.class]
SLF4J: Found binding in [jar:file:/usr/lib/hadoop/lib/slf4j-log4j12-1.7.10.jar!/org/slf4j/impl/StaticLoggerBinder.class]
SLF4J: See http://www.slf4j.org/codes.html#multiple_bindings for an explanation.
SLF4J: Actual binding is of type [org.slf4j.impl.Log4jLoggerFactory]
20/10/29 09:43:50 INFO SignalUtils: Registered signal handler for TERM
20/10/29 09:43:50 INFO SignalUtils: Registered signal handler for HUP
20/10/29 09:43:50 INFO SignalUtils: Registered signal handler for INT
20/10/29 09:43:50 INFO SecurityManager: Changing view acls to: yarn,hadoop
20/10/29 09:43:50 INFO SecurityManager: Changing modify acls to: yarn,hadoop
20/10/29 09:43:50 INFO SecurityManager: Changing view acls groups to: 
20/10/29 09:43:50 INFO SecurityManager: Changing modify acls groups to: 
20/10/29 09:43:50 INFO SecurityManager: SecurityManager: authentication disabled; ui acls disabled; users  with view permissions: Set(yarn, hadoop); groups with view permissions: Set(); users  with modify permissions: Set(yarn, hadoop); groups with modify permissions: Set()
20/10/29 09:43:51 INFO ApplicationMaster: Preparing Local resources
20/10/29 09:43:52 INFO ApplicationMaster: ApplicationAttemptId: appattempt_1603959726485_0005_000001
20/10/29 09:43:52 INFO ApplicationMaster: Starting the user application in a separate Thread
20/10/29 09:43:52 INFO ApplicationMaster: Waiting for spark context initialization...
20/10/29 09:43:53 INFO SparkContext: Running Spark version 2.4.0
20/10/29 09:43:53 INFO SparkContext: Submitted application: SpectralRegressionSpark.py
20/10/29 09:43:53 INFO SecurityManager: Changing view acls to: yarn,hadoop
20/10/29 09:43:53 INFO SecurityManager: Changing modify acls to: yarn,hadoop
20/10/29 09:43:53 INFO SecurityManager: Changing view acls groups to: 
20/10/29 09:43:53 INFO SecurityManager: Changing modify acls groups to: 
20/10/29 09:43:53 INFO SecurityManager: SecurityManager: authentication disabled; ui acls disabled; users  with view permissions: Set(yarn, hadoop); groups with view permissions: Set(); users  with modify permissions: Set(yarn, hadoop); groups with modify permissions: Set()
20/10/29 09:43:53 INFO Utils: Successfully started service 'sparkDriver' on port 33595.
20/10/29 09:43:53 INFO SparkEnv: Registering MapOutputTracker
20/10/29 09:43:53 INFO SparkEnv: Registering BlockManagerMaster
20/10/29 09:43:53 INFO BlockManagerMasterEndpoint: Using org.apache.spark.storage.DefaultTopologyMapper for getting topology information
20/10/29 09:43:53 INFO BlockManagerMasterEndpoint: BlockManagerMasterEndpoint up
20/10/29 09:43:53 INFO DiskBlockManager: Created local directory at /mnt/yarn/usercache/hadoop/appcache/application_1603959726485_0005/blockmgr-b327b981-8ef2-466f-acb7-1a039f553add
20/10/29 09:43:53 INFO MemoryStore: MemoryStore started with capacity 424.4 MB
20/10/29 09:43:53 INFO SparkEnv: Registering OutputCommitCoordinator
20/10/29 09:43:54 INFO JettyUtils: Adding filter org.apache.hadoop.yarn.server.webproxy.amfilter.AmIpFilter to /jobs, /jobs/json, /jobs/job, /jobs/job/json, /stages, /stages/json, /stages/stage, /stages/stage/json, /stages/pool, /stages/pool/json, /storage, /storage/json, /storage/rdd, /storage/rdd/json, /environment, /environment/json, /executors, /executors/json, /executors/threadDump, /executors/threadDump/json, /static, /, /api, /jobs/job/kill, /stages/stage/kill.
20/10/29 09:43:54 INFO Utils: Successfully started service 'SparkUI' on port 43287.
20/10/29 09:43:54 INFO SparkUI: Bound SparkUI to 0.0.0.0, and started at http://ip-10-0-63-237.ec2.internal:43287
20/10/29 09:43:54 INFO YarnClusterScheduler: Created YarnClusterScheduler
20/10/29 09:43:54 INFO SchedulerExtensionServices: Starting Yarn extension services with app application_1603959726485_0005 and attemptId Some(appattempt_1603959726485_0005_000001)
20/10/29 09:43:54 INFO Utils: Using initial executors = 0, max of spark.dynamicAllocation.initialExecutors, spark.dynamicAllocation.minExecutors and spark.executor.instances
20/10/29 09:43:54 INFO Utils: Successfully started service 'org.apache.spark.network.netty.NettyBlockTransferService' on port 35857.
20/10/29 09:43:54 INFO NettyBlockTransferService: Server created on ip-10-0-63-237.ec2.internal:35857
20/10/29 09:43:54 INFO BlockManager: Using org.apache.spark.storage.RandomBlockReplicationPolicy for block replication policy
20/10/29 09:43:54 INFO BlockManagerMaster: Registering BlockManager BlockManagerId(driver, ip-10-0-63-237.ec2.internal, 35857, None)
20/10/29 09:43:54 INFO BlockManagerMasterEndpoint: Registering block manager ip-10-0-63-237.ec2.internal:35857 with 424.4 MB RAM, BlockManagerId(driver, ip-10-0-63-237.ec2.internal, 35857, None)
20/10/29 09:43:54 INFO BlockManagerMaster: Registered BlockManager BlockManagerId(driver, ip-10-0-63-237.ec2.internal, 35857, None)
20/10/29 09:43:54 INFO BlockManager: external shuffle service port = 7337
20/10/29 09:43:54 INFO BlockManager: Initialized BlockManager: BlockManagerId(driver, ip-10-0-63-237.ec2.internal, 35857, None)
20/10/29 09:43:54 INFO JettyUtils: Adding filter org.apache.hadoop.yarn.server.webproxy.amfilter.AmIpFilter to /metrics/json.
20/10/29 09:43:55 INFO EventLoggingListener: Logging events to hdfs:/var/log/spark/apps/application_1603959726485_0005_1
20/10/29 09:43:55 INFO Utils: Using initial executors = 0, max of spark.dynamicAllocation.initialExecutors, spark.dynamicAllocation.minExecutors and spark.executor.instances
20/10/29 09:43:55 WARN YarnSchedulerBackend$YarnSchedulerEndpoint: Attempted to request executors before the AM has registered!
20/10/29 09:43:55 INFO RMProxy: Connecting to ResourceManager at ip-10-0-51-133.ec2.internal/10.0.51.133:8030
20/10/29 09:43:55 INFO YarnRMClient: Registering the ApplicationMaster
20/10/29 09:43:55 INFO ApplicationMaster: 
===============================================================================
YARN executor launch context:
  env:
    CLASSPATH -> /usr/lib/hadoop-lzo/lib/*:/usr/lib/hadoop/hadoop-aws.jar:/usr/share/aws/aws-java-sdk/*:/usr/share/aws/emr/emrfs/conf:/usr/share/aws/emr/emrfs/lib/*:/usr/share/aws/emr/emrfs/auxlib/*:/usr/share/aws/emr/goodies/lib/emr-spark-goodies.jar:/usr/share/aws/emr/security/conf:/usr/share/aws/emr/security/lib/*:/usr/share/aws/hmclient/lib/aws-glue-datacatalog-spark-client.jar:/usr/share/java/Hive-JSON-Serde/hive-openx-serde.jar:/usr/share/aws/sagemaker-spark-sdk/lib/sagemaker-spark-sdk.jar:/usr/share/aws/emr/s3select/lib/emr-s3-select-spark-connector.jar<CPS>{{PWD}}<CPS>{{PWD}}/__spark_conf__<CPS>{{PWD}}/__spark_libs__/*<CPS>$HADOOP_CONF_DIR<CPS>$HADOOP_COMMON_HOME/*<CPS>$HADOOP_COMMON_HOME/lib/*<CPS>$HADOOP_HDFS_HOME/*<CPS>$HADOOP_HDFS_HOME/lib/*<CPS>$HADOOP_MAPRED_HOME/*<CPS>$HADOOP_MAPRED_HOME/lib/*<CPS>$HADOOP_YARN_HOME/*<CPS>$HADOOP_YARN_HOME/lib/*<CPS>/usr/lib/hadoop-lzo/lib/*<CPS>/usr/share/aws/emr/emrfs/conf<CPS>/usr/share/aws/emr/emrfs/lib/*<CPS>/usr/share/aws/emr/emrfs/auxlib/*<CPS>/usr/share/aws/emr/lib/*<CPS>/usr/share/aws/emr/ddb/lib/emr-ddb-hadoop.jar<CPS>/usr/share/aws/emr/goodies/lib/emr-hadoop-goodies.jar<CPS>/usr/share/aws/emr/cloudwatch-sink/lib/*<CPS>/usr/share/aws/aws-java-sdk/*<CPS>$HADOOP_MAPRED_HOME/share/hadoop/mapreduce/*<CPS>$HADOOP_MAPRED_HOME/share/hadoop/mapreduce/lib/*<CPS>/usr/lib/hadoop-lzo/lib/*<CPS>/usr/share/aws/emr/emrfs/conf<CPS>/usr/share/aws/emr/emrfs/lib/*<CPS>/usr/share/aws/emr/emrfs/auxlib/*<CPS>/usr/share/aws/emr/lib/*<CPS>/usr/share/aws/emr/ddb/lib/emr-ddb-hadoop.jar<CPS>/usr/share/aws/emr/goodies/lib/emr-hadoop-goodies.jar<CPS>/usr/share/aws/emr/cloudwatch-sink/lib/*<CPS>/usr/share/aws/aws-java-sdk/*<CPS>{{PWD}}/__spark_conf__/__hadoop_conf__
    SPARK_YARN_STAGING_DIR -> hdfs://ip-10-0-51-133.ec2.internal:8020/user/hadoop/.sparkStaging/application_1603959726485_0005
    SPARK_USER -> hadoop
    PYTHONPATH -> {{PWD}}/pyspark.zip<CPS>{{PWD}}/py4j-0.10.7-src.zip
    SPARK_PUBLIC_DNS -> ip-10-0-63-237.ec2.internal

  command:
    LD_LIBRARY_PATH=\"/usr/lib/hadoop/lib/native:/usr/lib/hadoop-lzo/lib/native:$LD_LIBRARY_PATH\" \ 
      {{JAVA_HOME}}/bin/java \ 
      -server \ 
      -Xmx1024m \ 
      '-verbose:gc' \ 
      '-XX:+PrintGCDetails' \ 
      '-XX:+PrintGCDateStamps' \ 
      '-XX:+UseConcMarkSweepGC' \ 
      '-XX:CMSInitiatingOccupancyFraction=70' \ 
      '-XX:MaxHeapFreeRatio=70' \ 
      '-XX:+CMSClassUnloadingEnabled' \ 
      '-XX:OnOutOfMemoryError=kill -9 %p' \ 
      -Djava.io.tmpdir={{PWD}}/tmp \ 
      '-Dspark.history.ui.port=18080' \ 
      '-Dspark.driver.port=33595' \ 
      '-Dspark.ui.port=0' \ 
      -Dspark.yarn.app.container.log.dir=<LOG_DIR> \ 
      org.apache.spark.executor.CoarseGrainedExecutorBackend \ 
      --driver-url \ 
      spark://CoarseGrainedScheduler@ip-10-0-63-237.ec2.internal:33595 \ 
      --executor-id \ 
      <executorId> \ 
      --hostname \ 
      <hostname> \ 
      --cores \ 
      2 \ 
      --app-id \ 
      application_1603959726485_0005 \ 
      --user-class-path \ 
      file:$PWD/__app__.jar \ 
      1><LOG_DIR>/stdout \ 
      2><LOG_DIR>/stderr

  resources:
    pyspark.zip -> resource { scheme: "hdfs" host: "ip-10-0-51-133.ec2.internal" port: 8020 file: "/user/hadoop/.sparkStaging/application_1603959726485_0005/pyspark.zip" } size: 589684 timestamp: 1603964624103 type: FILE visibility: PRIVATE
    py4j-0.10.7-src.zip -> resource { scheme: "hdfs" host: "ip-10-0-51-133.ec2.internal" port: 8020 file: "/user/hadoop/.sparkStaging/application_1603959726485_0005/py4j-0.10.7-src.zip" } size: 42437 timestamp: 1603964624137 type: FILE visibility: PRIVATE
    __spark_libs__ -> resource { scheme: "hdfs" host: "ip-10-0-51-133.ec2.internal" port: 8020 file: "/user/hadoop/.sparkStaging/application_1603959726485_0005/__spark_libs__868164734296374639.zip" } size: 229091301 timestamp: 1603964623868 type: ARCHIVE visibility: PRIVATE
    __spark_conf__ -> resource { scheme: "hdfs" host: "ip-10-0-51-133.ec2.internal" port: 8020 file: "/user/hadoop/.sparkStaging/application_1603959726485_0005/__spark_conf__.zip" } size: 210444 timestamp: 1603964624376 type: ARCHIVE visibility: PRIVATE

===============================================================================
20/10/29 09:43:55 INFO Utils: Using initial executors = 0, max of spark.dynamicAllocation.initialExecutors, spark.dynamicAllocation.minExecutors and spark.executor.instances
20/10/29 09:43:55 INFO YarnSchedulerBackend$YarnSchedulerEndpoint: ApplicationMaster registered as NettyRpcEndpointRef(spark://YarnAM@ip-10-0-63-237.ec2.internal:33595)
20/10/29 09:43:56 INFO ApplicationMaster: Started progress reporter thread with (heartbeat : 3000, initial allocation : 200) intervals
20/10/29 09:43:56 INFO YarnClusterSchedulerBackend: SchedulerBackend is ready for scheduling beginning after reached minRegisteredResourcesRatio: 0.8
20/10/29 09:43:56 INFO YarnClusterScheduler: YarnClusterScheduler.postStartHook done
20/10/29 09:43:56 INFO SharedState: loading hive config file: file:/mnt/yarn/usercache/hadoop/filecache/25/__spark_conf__.zip/__hadoop_conf__/hive-site.xml
20/10/29 09:43:56 INFO SharedState: Setting hive.metastore.warehouse.dir ('null') to the value of spark.sql.warehouse.dir ('hdfs:///user/spark/warehouse').
20/10/29 09:43:56 INFO SharedState: Warehouse path is 'hdfs:///user/spark/warehouse'.
20/10/29 09:43:56 INFO JettyUtils: Adding filter org.apache.hadoop.yarn.server.webproxy.amfilter.AmIpFilter to /SQL.
20/10/29 09:43:56 INFO JettyUtils: Adding filter org.apache.hadoop.yarn.server.webproxy.amfilter.AmIpFilter to /SQL/json.
20/10/29 09:43:56 INFO JettyUtils: Adding filter org.apache.hadoop.yarn.server.webproxy.amfilter.AmIpFilter to /SQL/execution.
20/10/29 09:43:56 INFO JettyUtils: Adding filter org.apache.hadoop.yarn.server.webproxy.amfilter.AmIpFilter to /SQL/execution/json.
20/10/29 09:43:56 INFO JettyUtils: Adding filter org.apache.hadoop.yarn.server.webproxy.amfilter.AmIpFilter to /static/sql.
20/10/29 09:43:57 INFO StateStoreCoordinatorRef: Registered StateStoreCoordinator endpoint
End of LogType:stderr

LogType:stdout
Log Upload Time:gio ott 29 09:45:36 +0000 2020
LogLength:1293
Log Contents:



 *******



 BEGIN



 *******



s3://spectral-regression-spark-bucket/spectral_data_class.csv
Loading DataFrame from file...

Schema of original DataFrame:
root
 |-- spectroFlux_u: double (nullable = true)
 |-- spectroFlux_g: double (nullable = true)
 |-- spectroFlux_r: double (nullable = true)
 |-- spectroFlux_i: double (nullable = true)
 |-- spectroFlux_z: double (nullable = true)
 |-- source_class: string (nullable = true)
 |-- redshift: double (nullable = true)


Schema of DataFrame with differences between spectral classes:
root
 |-- source_class: string (nullable = true)
 |-- redshift: double (nullable = true)
 |-- u_g: double (nullable = true)
 |-- g_r: double (nullable = true)
 |-- r_i: double (nullable = true)
 |-- i_z: double (nullable = true)


Schema of DataFrame without old columns:
root
 |-- source_class: string (nullable = true)
 |-- redshift: double (nullable = true)
 |-- features: vector (nullable = true)


Schema of DataFrame ready for regression models:
root
 |-- redshift: double (nullable = true)
 |-- features: vector (nullable = true)


Training Linear Regressor on training data...
...done.


Evaluating model on test data...


Root Mean Squared Error (RMSE) on test data = 1.200752489

Time elapsed: 85.0387818813



 *******



 END



 *******



End of LogType:stdout

