

Container: container_1603873119012_0002_01_000001 on ip-10-0-50-147.ec2.internal_8041
=======================================================================================
LogType:stderr
Log Upload Time:mer ott 28 08:29:23 +0000 2020
LogLength:12188
Log Contents:
SLF4J: Class path contains multiple SLF4J bindings.
SLF4J: Found binding in [jar:file:/mnt/yarn/usercache/hadoop/filecache/16/__spark_libs__2635025141768109745.zip/slf4j-log4j12-1.7.16.jar!/org/slf4j/impl/StaticLoggerBinder.class]
SLF4J: Found binding in [jar:file:/usr/lib/hadoop/lib/slf4j-log4j12-1.7.10.jar!/org/slf4j/impl/StaticLoggerBinder.class]
SLF4J: See http://www.slf4j.org/codes.html#multiple_bindings for an explanation.
SLF4J: Actual binding is of type [org.slf4j.impl.Log4jLoggerFactory]
20/10/28 08:26:28 INFO SignalUtils: Registered signal handler for TERM
20/10/28 08:26:28 INFO SignalUtils: Registered signal handler for HUP
20/10/28 08:26:28 INFO SignalUtils: Registered signal handler for INT
20/10/28 08:26:28 INFO SecurityManager: Changing view acls to: yarn,hadoop
20/10/28 08:26:28 INFO SecurityManager: Changing modify acls to: yarn,hadoop
20/10/28 08:26:28 INFO SecurityManager: Changing view acls groups to: 
20/10/28 08:26:28 INFO SecurityManager: Changing modify acls groups to: 
20/10/28 08:26:28 INFO SecurityManager: SecurityManager: authentication disabled; ui acls disabled; users  with view permissions: Set(yarn, hadoop); groups with view permissions: Set(); users  with modify permissions: Set(yarn, hadoop); groups with modify permissions: Set()
20/10/28 08:26:29 INFO ApplicationMaster: Preparing Local resources
20/10/28 08:26:30 INFO ApplicationMaster: ApplicationAttemptId: appattempt_1603873119012_0002_000001
20/10/28 08:26:30 INFO ApplicationMaster: Starting the user application in a separate Thread
20/10/28 08:26:30 INFO ApplicationMaster: Waiting for spark context initialization...
20/10/28 08:26:31 INFO SparkContext: Running Spark version 2.4.0
20/10/28 08:26:31 INFO SparkContext: Submitted application: SpectralRegressionSpark.py
20/10/28 08:26:31 INFO SecurityManager: Changing view acls to: yarn,hadoop
20/10/28 08:26:31 INFO SecurityManager: Changing modify acls to: yarn,hadoop
20/10/28 08:26:31 INFO SecurityManager: Changing view acls groups to: 
20/10/28 08:26:31 INFO SecurityManager: Changing modify acls groups to: 
20/10/28 08:26:31 INFO SecurityManager: SecurityManager: authentication disabled; ui acls disabled; users  with view permissions: Set(yarn, hadoop); groups with view permissions: Set(); users  with modify permissions: Set(yarn, hadoop); groups with modify permissions: Set()
20/10/28 08:26:32 INFO Utils: Successfully started service 'sparkDriver' on port 42347.
20/10/28 08:26:32 INFO SparkEnv: Registering MapOutputTracker
20/10/28 08:26:32 INFO SparkEnv: Registering BlockManagerMaster
20/10/28 08:26:32 INFO BlockManagerMasterEndpoint: Using org.apache.spark.storage.DefaultTopologyMapper for getting topology information
20/10/28 08:26:32 INFO BlockManagerMasterEndpoint: BlockManagerMasterEndpoint up
20/10/28 08:26:32 INFO DiskBlockManager: Created local directory at /mnt/yarn/usercache/hadoop/appcache/application_1603873119012_0002/blockmgr-e8ad48e3-a633-4a5a-963c-502f2c9c34d3
20/10/28 08:26:32 INFO MemoryStore: MemoryStore started with capacity 424.4 MB
20/10/28 08:26:32 INFO SparkEnv: Registering OutputCommitCoordinator
20/10/28 08:26:32 INFO JettyUtils: Adding filter org.apache.hadoop.yarn.server.webproxy.amfilter.AmIpFilter to /jobs, /jobs/json, /jobs/job, /jobs/job/json, /stages, /stages/json, /stages/stage, /stages/stage/json, /stages/pool, /stages/pool/json, /storage, /storage/json, /storage/rdd, /storage/rdd/json, /environment, /environment/json, /executors, /executors/json, /executors/threadDump, /executors/threadDump/json, /static, /, /api, /jobs/job/kill, /stages/stage/kill.
20/10/28 08:26:32 INFO Utils: Successfully started service 'SparkUI' on port 35255.
20/10/28 08:26:32 INFO SparkUI: Bound SparkUI to 0.0.0.0, and started at http://ip-10-0-50-147.ec2.internal:35255
20/10/28 08:26:32 INFO YarnClusterScheduler: Created YarnClusterScheduler
20/10/28 08:26:32 INFO SchedulerExtensionServices: Starting Yarn extension services with app application_1603873119012_0002 and attemptId Some(appattempt_1603873119012_0002_000001)
20/10/28 08:26:32 INFO Utils: Using initial executors = 0, max of spark.dynamicAllocation.initialExecutors, spark.dynamicAllocation.minExecutors and spark.executor.instances
20/10/28 08:26:32 INFO Utils: Successfully started service 'org.apache.spark.network.netty.NettyBlockTransferService' on port 39937.
20/10/28 08:26:32 INFO NettyBlockTransferService: Server created on ip-10-0-50-147.ec2.internal:39937
20/10/28 08:26:32 INFO BlockManager: Using org.apache.spark.storage.RandomBlockReplicationPolicy for block replication policy
20/10/28 08:26:32 INFO BlockManagerMaster: Registering BlockManager BlockManagerId(driver, ip-10-0-50-147.ec2.internal, 39937, None)
20/10/28 08:26:32 INFO BlockManagerMasterEndpoint: Registering block manager ip-10-0-50-147.ec2.internal:39937 with 424.4 MB RAM, BlockManagerId(driver, ip-10-0-50-147.ec2.internal, 39937, None)
20/10/28 08:26:32 INFO BlockManagerMaster: Registered BlockManager BlockManagerId(driver, ip-10-0-50-147.ec2.internal, 39937, None)
20/10/28 08:26:32 INFO BlockManager: external shuffle service port = 7337
20/10/28 08:26:32 INFO BlockManager: Initialized BlockManager: BlockManagerId(driver, ip-10-0-50-147.ec2.internal, 39937, None)
20/10/28 08:26:33 INFO JettyUtils: Adding filter org.apache.hadoop.yarn.server.webproxy.amfilter.AmIpFilter to /metrics/json.
20/10/28 08:26:33 INFO EventLoggingListener: Logging events to hdfs:/var/log/spark/apps/application_1603873119012_0002_1
20/10/28 08:26:33 INFO Utils: Using initial executors = 0, max of spark.dynamicAllocation.initialExecutors, spark.dynamicAllocation.minExecutors and spark.executor.instances
20/10/28 08:26:33 WARN YarnSchedulerBackend$YarnSchedulerEndpoint: Attempted to request executors before the AM has registered!
20/10/28 08:26:33 INFO RMProxy: Connecting to ResourceManager at ip-10-0-60-142.ec2.internal/10.0.60.142:8030
20/10/28 08:26:33 INFO YarnRMClient: Registering the ApplicationMaster
20/10/28 08:26:34 INFO ApplicationMaster: 
===============================================================================
YARN executor launch context:
  env:
    CLASSPATH -> /usr/lib/hadoop-lzo/lib/*:/usr/lib/hadoop/hadoop-aws.jar:/usr/share/aws/aws-java-sdk/*:/usr/share/aws/emr/emrfs/conf:/usr/share/aws/emr/emrfs/lib/*:/usr/share/aws/emr/emrfs/auxlib/*:/usr/share/aws/emr/goodies/lib/emr-spark-goodies.jar:/usr/share/aws/emr/security/conf:/usr/share/aws/emr/security/lib/*:/usr/share/aws/hmclient/lib/aws-glue-datacatalog-spark-client.jar:/usr/share/java/Hive-JSON-Serde/hive-openx-serde.jar:/usr/share/aws/sagemaker-spark-sdk/lib/sagemaker-spark-sdk.jar:/usr/share/aws/emr/s3select/lib/emr-s3-select-spark-connector.jar<CPS>{{PWD}}<CPS>{{PWD}}/__spark_conf__<CPS>{{PWD}}/__spark_libs__/*<CPS>$HADOOP_CONF_DIR<CPS>$HADOOP_COMMON_HOME/*<CPS>$HADOOP_COMMON_HOME/lib/*<CPS>$HADOOP_HDFS_HOME/*<CPS>$HADOOP_HDFS_HOME/lib/*<CPS>$HADOOP_MAPRED_HOME/*<CPS>$HADOOP_MAPRED_HOME/lib/*<CPS>$HADOOP_YARN_HOME/*<CPS>$HADOOP_YARN_HOME/lib/*<CPS>/usr/lib/hadoop-lzo/lib/*<CPS>/usr/share/aws/emr/emrfs/conf<CPS>/usr/share/aws/emr/emrfs/lib/*<CPS>/usr/share/aws/emr/emrfs/auxlib/*<CPS>/usr/share/aws/emr/lib/*<CPS>/usr/share/aws/emr/ddb/lib/emr-ddb-hadoop.jar<CPS>/usr/share/aws/emr/goodies/lib/emr-hadoop-goodies.jar<CPS>/usr/share/aws/emr/cloudwatch-sink/lib/*<CPS>/usr/share/aws/aws-java-sdk/*<CPS>$HADOOP_MAPRED_HOME/share/hadoop/mapreduce/*<CPS>$HADOOP_MAPRED_HOME/share/hadoop/mapreduce/lib/*<CPS>/usr/lib/hadoop-lzo/lib/*<CPS>/usr/share/aws/emr/emrfs/conf<CPS>/usr/share/aws/emr/emrfs/lib/*<CPS>/usr/share/aws/emr/emrfs/auxlib/*<CPS>/usr/share/aws/emr/lib/*<CPS>/usr/share/aws/emr/ddb/lib/emr-ddb-hadoop.jar<CPS>/usr/share/aws/emr/goodies/lib/emr-hadoop-goodies.jar<CPS>/usr/share/aws/emr/cloudwatch-sink/lib/*<CPS>/usr/share/aws/aws-java-sdk/*<CPS>{{PWD}}/__spark_conf__/__hadoop_conf__
    SPARK_YARN_STAGING_DIR -> hdfs://ip-10-0-60-142.ec2.internal:8020/user/hadoop/.sparkStaging/application_1603873119012_0002
    SPARK_USER -> hadoop
    PYTHONPATH -> {{PWD}}/pyspark.zip<CPS>{{PWD}}/py4j-0.10.7-src.zip
    SPARK_PUBLIC_DNS -> ip-10-0-50-147.ec2.internal

  command:
    LD_LIBRARY_PATH=\"/usr/lib/hadoop/lib/native:/usr/lib/hadoop-lzo/lib/native:$LD_LIBRARY_PATH\" \ 
      {{JAVA_HOME}}/bin/java \ 
      -server \ 
      -Xmx1024m \ 
      '-verbose:gc' \ 
      '-XX:+PrintGCDetails' \ 
      '-XX:+PrintGCDateStamps' \ 
      '-XX:+UseConcMarkSweepGC' \ 
      '-XX:CMSInitiatingOccupancyFraction=70' \ 
      '-XX:MaxHeapFreeRatio=70' \ 
      '-XX:+CMSClassUnloadingEnabled' \ 
      '-XX:OnOutOfMemoryError=kill -9 %p' \ 
      -Djava.io.tmpdir={{PWD}}/tmp \ 
      '-Dspark.history.ui.port=18080' \ 
      '-Dspark.ui.port=0' \ 
      '-Dspark.driver.port=42347' \ 
      -Dspark.yarn.app.container.log.dir=<LOG_DIR> \ 
      org.apache.spark.executor.CoarseGrainedExecutorBackend \ 
      --driver-url \ 
      spark://CoarseGrainedScheduler@ip-10-0-50-147.ec2.internal:42347 \ 
      --executor-id \ 
      <executorId> \ 
      --hostname \ 
      <hostname> \ 
      --cores \ 
      2 \ 
      --app-id \ 
      application_1603873119012_0002 \ 
      --user-class-path \ 
      file:$PWD/__app__.jar \ 
      1><LOG_DIR>/stdout \ 
      2><LOG_DIR>/stderr

  resources:
    pyspark.zip -> resource { scheme: "hdfs" host: "ip-10-0-60-142.ec2.internal" port: 8020 file: "/user/hadoop/.sparkStaging/application_1603873119012_0002/pyspark.zip" } size: 589684 timestamp: 1603873581507 type: FILE visibility: PRIVATE
    py4j-0.10.7-src.zip -> resource { scheme: "hdfs" host: "ip-10-0-60-142.ec2.internal" port: 8020 file: "/user/hadoop/.sparkStaging/application_1603873119012_0002/py4j-0.10.7-src.zip" } size: 42437 timestamp: 1603873581935 type: FILE visibility: PRIVATE
    __spark_libs__ -> resource { scheme: "hdfs" host: "ip-10-0-60-142.ec2.internal" port: 8020 file: "/user/hadoop/.sparkStaging/application_1603873119012_0002/__spark_libs__2635025141768109745.zip" } size: 229091301 timestamp: 1603873580892 type: ARCHIVE visibility: PRIVATE
    __spark_conf__ -> resource { scheme: "hdfs" host: "ip-10-0-60-142.ec2.internal" port: 8020 file: "/user/hadoop/.sparkStaging/application_1603873119012_0002/__spark_conf__.zip" } size: 210445 timestamp: 1603873582518 type: ARCHIVE visibility: PRIVATE

===============================================================================
20/10/28 08:26:34 INFO Utils: Using initial executors = 0, max of spark.dynamicAllocation.initialExecutors, spark.dynamicAllocation.minExecutors and spark.executor.instances
20/10/28 08:26:34 INFO YarnSchedulerBackend$YarnSchedulerEndpoint: ApplicationMaster registered as NettyRpcEndpointRef(spark://YarnAM@ip-10-0-50-147.ec2.internal:42347)
20/10/28 08:26:34 INFO ApplicationMaster: Started progress reporter thread with (heartbeat : 3000, initial allocation : 200) intervals
20/10/28 08:26:34 INFO YarnClusterSchedulerBackend: SchedulerBackend is ready for scheduling beginning after reached minRegisteredResourcesRatio: 0.8
20/10/28 08:26:34 INFO YarnClusterScheduler: YarnClusterScheduler.postStartHook done
20/10/28 08:26:34 INFO SharedState: loading hive config file: file:/mnt/yarn/usercache/hadoop/filecache/17/__spark_conf__.zip/__hadoop_conf__/hive-site.xml
20/10/28 08:26:34 INFO SharedState: Setting hive.metastore.warehouse.dir ('null') to the value of spark.sql.warehouse.dir ('hdfs:///user/spark/warehouse').
20/10/28 08:26:34 INFO SharedState: Warehouse path is 'hdfs:///user/spark/warehouse'.
20/10/28 08:26:34 INFO JettyUtils: Adding filter org.apache.hadoop.yarn.server.webproxy.amfilter.AmIpFilter to /SQL.
20/10/28 08:26:34 INFO JettyUtils: Adding filter org.apache.hadoop.yarn.server.webproxy.amfilter.AmIpFilter to /SQL/json.
20/10/28 08:26:34 INFO JettyUtils: Adding filter org.apache.hadoop.yarn.server.webproxy.amfilter.AmIpFilter to /SQL/execution.
20/10/28 08:26:34 INFO JettyUtils: Adding filter org.apache.hadoop.yarn.server.webproxy.amfilter.AmIpFilter to /SQL/execution/json.
20/10/28 08:26:34 INFO JettyUtils: Adding filter org.apache.hadoop.yarn.server.webproxy.amfilter.AmIpFilter to /static/sql.
20/10/28 08:26:35 INFO StateStoreCoordinatorRef: Registered StateStoreCoordinator endpoint
End of LogType:stderr

LogType:stdout
Log Upload Time:mer ott 28 08:29:23 +0000 2020
LogLength:1079
Log Contents:



 *******



 BEGIN



 *******



s3://spectral-regression-spark-bucket/spectral_data_class.csv
Loading DataFrame from file...

Schema of original DataFrame:
root
 |-- spectroFlux_u: double (nullable = true)
 |-- spectroFlux_g: double (nullable = true)
 |-- spectroFlux_r: double (nullable = true)
 |-- spectroFlux_i: double (nullable = true)
 |-- spectroFlux_z: double (nullable = true)
 |-- source_class: string (nullable = true)
 |-- redshift: double (nullable = true)


Schema of DataFrame with differences between spectral classes:
root
 |-- redshift: double (nullable = true)
 |-- u_g: double (nullable = true)
 |-- g_r: double (nullable = true)
 |-- r_i: double (nullable = true)
 |-- i_z: double (nullable = true)


Schema of DataFrame ready for regression models:
root
 |-- redshift: double (nullable = true)
 |-- features: vector (nullable = true)


Training Linear Regressor on training data...
...done.


Evaluating model on test data...


Root Mean Squared Error (RMSE) on test data = 0.84355636274

Time elapsed: 153.315303087



 *******



 END



 *******



End of LogType:stdout



Container: container_1603873119012_0002_01_000002 on ip-10-0-62-209.ec2.internal_8041
=======================================================================================
LogType:stderr
Log Upload Time:mer ott 28 08:29:23 +0000 2020
LogLength:22821
Log Contents:
SLF4J: Class path contains multiple SLF4J bindings.
SLF4J: Found binding in [jar:file:/mnt/yarn/usercache/hadoop/filecache/15/__spark_libs__2635025141768109745.zip/slf4j-log4j12-1.7.16.jar!/org/slf4j/impl/StaticLoggerBinder.class]
SLF4J: Found binding in [jar:file:/usr/lib/hadoop/lib/slf4j-log4j12-1.7.10.jar!/org/slf4j/impl/StaticLoggerBinder.class]
SLF4J: See http://www.slf4j.org/codes.html#multiple_bindings for an explanation.
SLF4J: Actual binding is of type [org.slf4j.impl.Log4jLoggerFactory]
20/10/28 08:26:47 INFO CoarseGrainedExecutorBackend: Started daemon with process name: 23961@ip-10-0-62-209
20/10/28 08:26:47 INFO SignalUtils: Registered signal handler for TERM
20/10/28 08:26:47 INFO SignalUtils: Registered signal handler for HUP
20/10/28 08:26:47 INFO SignalUtils: Registered signal handler for INT
20/10/28 08:26:48 INFO SecurityManager: Changing view acls to: yarn,hadoop
20/10/28 08:26:48 INFO SecurityManager: Changing modify acls to: yarn,hadoop
20/10/28 08:26:48 INFO SecurityManager: Changing view acls groups to: 
20/10/28 08:26:48 INFO SecurityManager: Changing modify acls groups to: 
20/10/28 08:26:48 INFO SecurityManager: SecurityManager: authentication disabled; ui acls disabled; users  with view permissions: Set(yarn, hadoop); groups with view permissions: Set(); users  with modify permissions: Set(yarn, hadoop); groups with modify permissions: Set()
20/10/28 08:26:49 INFO TransportClientFactory: Successfully created connection to ip-10-0-50-147.ec2.internal/10.0.50.147:42347 after 91 ms (0 ms spent in bootstraps)
20/10/28 08:26:49 INFO SecurityManager: Changing view acls to: yarn,hadoop
20/10/28 08:26:49 INFO SecurityManager: Changing modify acls to: yarn,hadoop
20/10/28 08:26:49 INFO SecurityManager: Changing view acls groups to: 
20/10/28 08:26:49 INFO SecurityManager: Changing modify acls groups to: 
20/10/28 08:26:49 INFO SecurityManager: SecurityManager: authentication disabled; ui acls disabled; users  with view permissions: Set(yarn, hadoop); groups with view permissions: Set(); users  with modify permissions: Set(yarn, hadoop); groups with modify permissions: Set()
20/10/28 08:26:49 INFO TransportClientFactory: Successfully created connection to ip-10-0-50-147.ec2.internal/10.0.50.147:42347 after 2 ms (0 ms spent in bootstraps)
20/10/28 08:26:49 INFO DiskBlockManager: Created local directory at /mnt/yarn/usercache/hadoop/appcache/application_1603873119012_0002/blockmgr-63ef7ab5-fc66-41f4-955f-495b98df12ba
20/10/28 08:26:49 INFO MemoryStore: MemoryStore started with capacity 424.4 MB
20/10/28 08:26:50 INFO CoarseGrainedExecutorBackend: Connecting to driver: spark://CoarseGrainedScheduler@ip-10-0-50-147.ec2.internal:42347
20/10/28 08:26:50 INFO CoarseGrainedExecutorBackend: Successfully registered with driver
20/10/28 08:26:50 INFO Executor: Starting executor ID 1 on host ip-10-0-62-209.ec2.internal
20/10/28 08:26:50 INFO Utils: Successfully started service 'org.apache.spark.network.netty.NettyBlockTransferService' on port 43763.
20/10/28 08:26:50 INFO NettyBlockTransferService: Server created on ip-10-0-62-209.ec2.internal:43763
20/10/28 08:26:50 INFO BlockManager: Using org.apache.spark.storage.RandomBlockReplicationPolicy for block replication policy
20/10/28 08:26:50 INFO BlockManagerMaster: Registering BlockManager BlockManagerId(1, ip-10-0-62-209.ec2.internal, 43763, None)
20/10/28 08:26:50 INFO BlockManagerMaster: Registered BlockManager BlockManagerId(1, ip-10-0-62-209.ec2.internal, 43763, None)
20/10/28 08:26:50 INFO BlockManager: external shuffle service port = 7337
20/10/28 08:26:50 INFO BlockManager: Registering executor with local external shuffle service.
20/10/28 08:26:50 INFO TransportClientFactory: Successfully created connection to ip-10-0-62-209.ec2.internal/10.0.62.209:7337 after 1 ms (0 ms spent in bootstraps)
20/10/28 08:26:50 INFO BlockManager: Initialized BlockManager: BlockManagerId(1, ip-10-0-62-209.ec2.internal, 43763, None)
20/10/28 08:26:50 INFO CoarseGrainedExecutorBackend: Got assigned task 0
20/10/28 08:26:50 INFO Executor: Running task 0.0 in stage 0.0 (TID 0)
20/10/28 08:26:50 INFO TorrentBroadcast: Started reading broadcast variable 1
20/10/28 08:26:50 INFO TransportClientFactory: Successfully created connection to ip-10-0-50-147.ec2.internal/10.0.50.147:39937 after 3 ms (0 ms spent in bootstraps)
20/10/28 08:26:50 INFO MemoryStore: Block broadcast_1_piece0 stored as bytes in memory (estimated size 14.0 KB, free 424.4 MB)
20/10/28 08:26:50 INFO TorrentBroadcast: Reading broadcast variable 1 took 193 ms
20/10/28 08:26:50 INFO MemoryStore: Block broadcast_1 stored as values in memory (estimated size 33.5 KB, free 424.4 MB)
20/10/28 08:26:51 INFO CodeGenerator: Code generated in 587.597707 ms
20/10/28 08:26:52 INFO CodeGenerator: Code generated in 73.035331 ms
20/10/28 08:26:52 INFO CodeGenerator: Code generated in 31.92068 ms
20/10/28 08:26:52 INFO FileScanRDD: Reading File path: s3://spectral-regression-spark-bucket/spectral_data_class.csv, range: 0-134217728, partition values: [empty row]
20/10/28 08:26:52 INFO CodeGenerator: Code generated in 24.228757 ms
20/10/28 08:26:52 INFO TorrentBroadcast: Started reading broadcast variable 0
20/10/28 08:26:52 INFO MemoryStore: Block broadcast_0_piece0 stored as bytes in memory (estimated size 36.7 KB, free 424.3 MB)
20/10/28 08:26:52 INFO TorrentBroadcast: Reading broadcast variable 0 took 20 ms
20/10/28 08:26:52 INFO MemoryStore: Block broadcast_0 stored as values in memory (estimated size 576.5 KB, free 423.7 MB)
20/10/28 08:26:55 INFO S3NativeFileSystem: Opening 's3://spectral-regression-spark-bucket/spectral_data_class.csv' for reading
20/10/28 08:26:55 INFO GPLNativeCodeLoader: Loaded native gpl library
20/10/28 08:26:55 INFO LzoCodec: Successfully loaded & initialized native-lzo library [hadoop-lzo rev 1546b8dc0ca6f1ffd26a812d52bd7b80915e0a25]
20/10/28 08:27:05 INFO Executor: Finished task 0.0 in stage 0.0 (TID 0). 1922 bytes result sent to driver
20/10/28 08:27:06 INFO CoarseGrainedExecutorBackend: Got assigned task 1
20/10/28 08:27:06 INFO CoarseGrainedExecutorBackend: Got assigned task 2
20/10/28 08:27:06 INFO Executor: Running task 1.0 in stage 1.0 (TID 2)
20/10/28 08:27:06 INFO Executor: Running task 0.0 in stage 1.0 (TID 1)
20/10/28 08:27:06 INFO TorrentBroadcast: Started reading broadcast variable 4
20/10/28 08:27:06 INFO MemoryStore: Block broadcast_4_piece0 stored as bytes in memory (estimated size 15.5 KB, free 423.8 MB)
20/10/28 08:27:06 INFO TorrentBroadcast: Reading broadcast variable 4 took 10 ms
20/10/28 08:27:06 INFO MemoryStore: Block broadcast_4 stored as values in memory (estimated size 36.6 KB, free 423.7 MB)
20/10/28 08:27:06 INFO CodeGenerator: Code generated in 94.897673 ms
20/10/28 08:27:08 INFO CodeGenerator: Code generated in 27.882634 ms
20/10/28 08:27:08 INFO FileScanRDD: Reading File path: s3://spectral-regression-spark-bucket/spectral_data_class.csv, range: 0-134217728, partition values: [empty row]
20/10/28 08:27:08 INFO TorrentBroadcast: Started reading broadcast variable 2
20/10/28 08:27:08 INFO FileScanRDD: Reading File path: s3://spectral-regression-spark-bucket/spectral_data_class.csv, range: 134217728-268435456, partition values: [empty row]
20/10/28 08:27:08 INFO MemoryStore: Block broadcast_2_piece0 stored as bytes in memory (estimated size 36.7 KB, free 423.6 MB)
20/10/28 08:27:08 INFO TorrentBroadcast: Reading broadcast variable 2 took 20 ms
20/10/28 08:27:08 INFO MemoryStore: Block broadcast_2 stored as values in memory (estimated size 576.5 KB, free 423.0 MB)
20/10/28 08:27:08 INFO S3NativeFileSystem: Opening 's3://spectral-regression-spark-bucket/spectral_data_class.csv' for reading
20/10/28 08:27:08 INFO S3NativeFileSystem: Opening 's3://spectral-regression-spark-bucket/spectral_data_class.csv' for reading
20/10/28 08:27:19 INFO UnsafeExternalSorter: Thread 36 spilling sort data of 192.0 MB to disk (0  time so far)
20/10/28 08:27:19 INFO UnsafeExternalSorter: Thread 28 spilling sort data of 192.0 MB to disk (0  time so far)
20/10/28 08:27:27 INFO JniLoader: successfully loaded /mnt/yarn/usercache/hadoop/appcache/application_1603873119012_0002/container_1603873119012_0002_01_000002/tmp/jniloader2711423682943894042netlib-native_system-linux-x86_64.so
20/10/28 08:27:32 INFO Executor: Finished task 1.0 in stage 1.0 (TID 2). 2442 bytes result sent to driver
20/10/28 08:27:32 INFO CoarseGrainedExecutorBackend: Got assigned task 3
20/10/28 08:27:32 INFO Executor: Running task 2.0 in stage 1.0 (TID 3)
20/10/28 08:27:32 INFO FileScanRDD: Reading File path: s3://spectral-regression-spark-bucket/spectral_data_class.csv, range: 268435456-319010350, partition values: [empty row]
20/10/28 08:27:32 INFO S3NativeFileSystem: Opening 's3://spectral-regression-spark-bucket/spectral_data_class.csv' for reading
20/10/28 08:27:33 INFO Executor: Finished task 0.0 in stage 1.0 (TID 1). 2442 bytes result sent to driver
20/10/28 08:27:37 INFO Executor: Finished task 2.0 in stage 1.0 (TID 3). 2313 bytes result sent to driver
20/10/28 08:27:38 INFO CoarseGrainedExecutorBackend: Got assigned task 4
20/10/28 08:27:38 INFO CoarseGrainedExecutorBackend: Got assigned task 5
20/10/28 08:27:38 INFO Executor: Running task 0.0 in stage 2.0 (TID 4)
20/10/28 08:27:38 INFO Executor: Running task 1.0 in stage 2.0 (TID 5)
20/10/28 08:27:38 INFO TorrentBroadcast: Started reading broadcast variable 6
20/10/28 08:27:38 INFO MemoryStore: Block broadcast_6_piece0 stored as bytes in memory (estimated size 17.2 KB, free 423.2 MB)
20/10/28 08:27:38 INFO TorrentBroadcast: Reading broadcast variable 6 took 9 ms
20/10/28 08:27:38 INFO MemoryStore: Block broadcast_6 stored as values in memory (estimated size 38.2 KB, free 423.1 MB)
20/10/28 08:27:38 INFO CodeGenerator: Code generated in 73.466452 ms
20/10/28 08:27:38 INFO CodeGenerator: Code generated in 12.084341 ms
20/10/28 08:27:38 INFO FileScanRDD: Reading File path: s3://spectral-regression-spark-bucket/spectral_data_class.csv, range: 0-134217728, partition values: [empty row]
20/10/28 08:27:38 INFO FileScanRDD: Reading File path: s3://spectral-regression-spark-bucket/spectral_data_class.csv, range: 134217728-268435456, partition values: [empty row]
20/10/28 08:27:39 INFO TorrentBroadcast: Started reading broadcast variable 5
20/10/28 08:27:39 INFO MemoryStore: Block broadcast_5_piece0 stored as bytes in memory (estimated size 36.7 KB, free 423.0 MB)
20/10/28 08:27:39 INFO TorrentBroadcast: Reading broadcast variable 5 took 8 ms
20/10/28 08:27:39 INFO MemoryStore: Block broadcast_5 stored as values in memory (estimated size 576.5 KB, free 422.4 MB)
20/10/28 08:27:39 INFO S3NativeFileSystem: Opening 's3://spectral-regression-spark-bucket/spectral_data_class.csv' for reading
20/10/28 08:27:39 INFO S3NativeFileSystem: Opening 's3://spectral-regression-spark-bucket/spectral_data_class.csv' for reading
20/10/28 08:27:49 INFO UnsafeExternalSorter: Thread 28 spilling sort data of 192.0 MB to disk (0  time so far)
20/10/28 08:27:49 INFO UnsafeExternalSorter: Thread 36 spilling sort data of 192.0 MB to disk (0  time so far)
20/10/28 08:27:59 INFO Executor: Finished task 0.0 in stage 2.0 (TID 4). 2472 bytes result sent to driver
20/10/28 08:27:59 INFO CoarseGrainedExecutorBackend: Got assigned task 6
20/10/28 08:27:59 INFO Executor: Running task 2.0 in stage 2.0 (TID 6)
20/10/28 08:27:59 INFO FileScanRDD: Reading File path: s3://spectral-regression-spark-bucket/spectral_data_class.csv, range: 268435456-319010350, partition values: [empty row]
20/10/28 08:27:59 INFO S3NativeFileSystem: Opening 's3://spectral-regression-spark-bucket/spectral_data_class.csv' for reading
20/10/28 08:27:59 INFO Executor: Finished task 1.0 in stage 2.0 (TID 5). 2429 bytes result sent to driver
20/10/28 08:28:03 INFO Executor: Finished task 2.0 in stage 2.0 (TID 6). 2343 bytes result sent to driver
20/10/28 08:28:03 INFO CoarseGrainedExecutorBackend: Got assigned task 7
20/10/28 08:28:03 INFO CoarseGrainedExecutorBackend: Got assigned task 8
20/10/28 08:28:03 INFO Executor: Running task 0.0 in stage 3.0 (TID 7)
20/10/28 08:28:03 INFO Executor: Running task 1.0 in stage 3.0 (TID 8)
20/10/28 08:28:03 INFO TorrentBroadcast: Started reading broadcast variable 7
20/10/28 08:28:03 INFO MemoryStore: Block broadcast_7_piece0 stored as bytes in memory (estimated size 16.9 KB, free 422.5 MB)
20/10/28 08:28:03 INFO TorrentBroadcast: Reading broadcast variable 7 took 8 ms
20/10/28 08:28:03 INFO MemoryStore: Block broadcast_7 stored as values in memory (estimated size 37.3 KB, free 422.5 MB)
20/10/28 08:28:03 INFO FileScanRDD: Reading File path: s3://spectral-regression-spark-bucket/spectral_data_class.csv, range: 134217728-268435456, partition values: [empty row]
20/10/28 08:28:03 INFO FileScanRDD: Reading File path: s3://spectral-regression-spark-bucket/spectral_data_class.csv, range: 0-134217728, partition values: [empty row]
20/10/28 08:28:03 INFO S3NativeFileSystem: Opening 's3://spectral-regression-spark-bucket/spectral_data_class.csv' for reading
20/10/28 08:28:03 INFO S3NativeFileSystem: Opening 's3://spectral-regression-spark-bucket/spectral_data_class.csv' for reading
20/10/28 08:28:13 INFO UnsafeExternalSorter: Thread 28 spilling sort data of 192.0 MB to disk (0  time so far)
20/10/28 08:28:13 INFO UnsafeExternalSorter: Thread 36 spilling sort data of 192.0 MB to disk (0  time so far)
20/10/28 08:28:23 INFO Executor: Finished task 1.0 in stage 3.0 (TID 8). 1989 bytes result sent to driver
20/10/28 08:28:23 INFO CoarseGrainedExecutorBackend: Got assigned task 9
20/10/28 08:28:23 INFO Executor: Running task 2.0 in stage 3.0 (TID 9)
20/10/28 08:28:23 INFO FileScanRDD: Reading File path: s3://spectral-regression-spark-bucket/spectral_data_class.csv, range: 268435456-319010350, partition values: [empty row]
20/10/28 08:28:23 INFO S3NativeFileSystem: Opening 's3://spectral-regression-spark-bucket/spectral_data_class.csv' for reading
20/10/28 08:28:23 INFO Executor: Finished task 0.0 in stage 3.0 (TID 7). 1946 bytes result sent to driver
20/10/28 08:28:27 INFO Executor: Finished task 2.0 in stage 3.0 (TID 9). 1860 bytes result sent to driver
20/10/28 08:28:27 INFO CoarseGrainedExecutorBackend: Got assigned task 10
20/10/28 08:28:27 INFO Executor: Running task 0.0 in stage 4.0 (TID 10)
20/10/28 08:28:27 INFO CoarseGrainedExecutorBackend: Got assigned task 11
20/10/28 08:28:27 INFO Executor: Running task 1.0 in stage 4.0 (TID 11)
20/10/28 08:28:27 INFO TorrentBroadcast: Started reading broadcast variable 9
20/10/28 08:28:27 INFO MemoryStore: Block broadcast_9_piece0 stored as bytes in memory (estimated size 15.1 KB, free 422.5 MB)
20/10/28 08:28:27 INFO TorrentBroadcast: Reading broadcast variable 9 took 16 ms
20/10/28 08:28:27 INFO MemoryStore: Block broadcast_9 stored as values in memory (estimated size 33.2 KB, free 422.5 MB)
20/10/28 08:28:27 INFO CodeGenerator: Code generated in 65.737797 ms
20/10/28 08:28:27 INFO FileScanRDD: Reading File path: s3://spectral-regression-spark-bucket/spectral_data_class.csv, range: 134217728-268435456, partition values: [empty row]
20/10/28 08:28:27 INFO TorrentBroadcast: Started reading broadcast variable 8
20/10/28 08:28:27 INFO FileScanRDD: Reading File path: s3://spectral-regression-spark-bucket/spectral_data_class.csv, range: 0-134217728, partition values: [empty row]
20/10/28 08:28:27 INFO MemoryStore: Block broadcast_8_piece0 stored as bytes in memory (estimated size 36.7 KB, free 422.3 MB)
20/10/28 08:28:27 INFO TorrentBroadcast: Reading broadcast variable 8 took 16 ms
20/10/28 08:28:27 INFO MemoryStore: Block broadcast_8 stored as values in memory (estimated size 576.5 KB, free 421.8 MB)
20/10/28 08:28:27 INFO S3NativeFileSystem: Opening 's3://spectral-regression-spark-bucket/spectral_data_class.csv' for reading
20/10/28 08:28:27 INFO S3NativeFileSystem: Opening 's3://spectral-regression-spark-bucket/spectral_data_class.csv' for reading
20/10/28 08:28:38 INFO UnsafeExternalSorter: Thread 36 spilling sort data of 192.0 MB to disk (0  time so far)
20/10/28 08:28:38 INFO UnsafeExternalSorter: Thread 28 spilling sort data of 192.0 MB to disk (0  time so far)
20/10/28 08:28:46 INFO Executor: Finished task 1.0 in stage 4.0 (TID 11). 2675 bytes result sent to driver
20/10/28 08:28:46 INFO CoarseGrainedExecutorBackend: Got assigned task 12
20/10/28 08:28:46 INFO Executor: Running task 2.0 in stage 4.0 (TID 12)
20/10/28 08:28:46 INFO FileScanRDD: Reading File path: s3://spectral-regression-spark-bucket/spectral_data_class.csv, range: 268435456-319010350, partition values: [empty row]
20/10/28 08:28:46 INFO S3NativeFileSystem: Opening 's3://spectral-regression-spark-bucket/spectral_data_class.csv' for reading
20/10/28 08:28:46 INFO Executor: Finished task 0.0 in stage 4.0 (TID 10). 2675 bytes result sent to driver
20/10/28 08:28:50 INFO Executor: Finished task 2.0 in stage 4.0 (TID 12). 2546 bytes result sent to driver
20/10/28 08:28:50 INFO CoarseGrainedExecutorBackend: Got assigned task 13
20/10/28 08:28:50 INFO Executor: Running task 0.0 in stage 5.0 (TID 13)
20/10/28 08:28:50 INFO MapOutputTrackerWorker: Updating epoch to 1 and clearing cache
20/10/28 08:28:50 INFO TorrentBroadcast: Started reading broadcast variable 10
20/10/28 08:28:50 INFO MemoryStore: Block broadcast_10_piece0 stored as bytes in memory (estimated size 3.8 KB, free 421.9 MB)
20/10/28 08:28:50 INFO TorrentBroadcast: Reading broadcast variable 10 took 7 ms
20/10/28 08:28:50 INFO MemoryStore: Block broadcast_10 stored as values in memory (estimated size 7.1 KB, free 421.9 MB)
20/10/28 08:28:50 INFO MapOutputTrackerWorker: Don't have map outputs for shuffle 0, fetching them
20/10/28 08:28:50 INFO MapOutputTrackerWorker: Doing the fetch; tracker endpoint = NettyRpcEndpointRef(spark://MapOutputTracker@ip-10-0-50-147.ec2.internal:42347)
20/10/28 08:28:50 INFO MapOutputTrackerWorker: Got the output locations
20/10/28 08:28:50 INFO ShuffleBlockFetcherIterator: Getting 3 non-empty blocks including 3 local blocks and 0 remote blocks
20/10/28 08:28:50 INFO ShuffleBlockFetcherIterator: Started 0 remote fetches in 8 ms
20/10/28 08:28:50 INFO CodeGenerator: Code generated in 16.167036 ms
20/10/28 08:28:50 INFO Executor: Finished task 0.0 in stage 5.0 (TID 13). 1825 bytes result sent to driver
20/10/28 08:28:51 INFO CoarseGrainedExecutorBackend: Got assigned task 14
20/10/28 08:28:51 INFO CoarseGrainedExecutorBackend: Got assigned task 15
20/10/28 08:28:51 INFO Executor: Running task 0.0 in stage 6.0 (TID 14)
20/10/28 08:28:51 INFO TorrentBroadcast: Started reading broadcast variable 12
20/10/28 08:28:51 INFO Executor: Running task 1.0 in stage 6.0 (TID 15)
20/10/28 08:28:51 INFO MemoryStore: Block broadcast_12_piece0 stored as bytes in memory (estimated size 17.6 KB, free 422.5 MB)
20/10/28 08:28:51 INFO TorrentBroadcast: Reading broadcast variable 12 took 10 ms
20/10/28 08:28:51 INFO MemoryStore: Block broadcast_12 stored as values in memory (estimated size 38.9 KB, free 422.5 MB)
20/10/28 08:28:51 INFO CodeGenerator: Code generated in 54.836922 ms
20/10/28 08:28:51 INFO FileScanRDD: Reading File path: s3://spectral-regression-spark-bucket/spectral_data_class.csv, range: 134217728-268435456, partition values: [empty row]
20/10/28 08:28:51 INFO TorrentBroadcast: Started reading broadcast variable 11
20/10/28 08:28:51 INFO FileScanRDD: Reading File path: s3://spectral-regression-spark-bucket/spectral_data_class.csv, range: 0-134217728, partition values: [empty row]
20/10/28 08:28:51 INFO MemoryStore: Block broadcast_11_piece0 stored as bytes in memory (estimated size 36.7 KB, free 422.3 MB)
20/10/28 08:28:51 INFO TorrentBroadcast: Reading broadcast variable 11 took 19 ms
20/10/28 08:28:51 INFO MemoryStore: Block broadcast_11 stored as values in memory (estimated size 576.5 KB, free 421.7 MB)
20/10/28 08:28:51 INFO S3NativeFileSystem: Opening 's3://spectral-regression-spark-bucket/spectral_data_class.csv' for reading
20/10/28 08:28:51 INFO S3NativeFileSystem: Opening 's3://spectral-regression-spark-bucket/spectral_data_class.csv' for reading
20/10/28 08:29:01 INFO UnsafeExternalSorter: Thread 28 spilling sort data of 192.0 MB to disk (0  time so far)
20/10/28 08:29:01 INFO UnsafeExternalSorter: Thread 36 spilling sort data of 192.0 MB to disk (0  time so far)
20/10/28 08:29:09 INFO Executor: Finished task 1.0 in stage 6.0 (TID 15). 2429 bytes result sent to driver
20/10/28 08:29:09 INFO CoarseGrainedExecutorBackend: Got assigned task 16
20/10/28 08:29:09 INFO Executor: Running task 2.0 in stage 6.0 (TID 16)
20/10/28 08:29:09 INFO FileScanRDD: Reading File path: s3://spectral-regression-spark-bucket/spectral_data_class.csv, range: 268435456-319010350, partition values: [empty row]
20/10/28 08:29:09 INFO S3NativeFileSystem: Opening 's3://spectral-regression-spark-bucket/spectral_data_class.csv' for reading
20/10/28 08:29:09 INFO Executor: Finished task 0.0 in stage 6.0 (TID 14). 2429 bytes result sent to driver
20/10/28 08:29:13 INFO Executor: Finished task 2.0 in stage 6.0 (TID 16). 2343 bytes result sent to driver
20/10/28 08:29:15 INFO CoarseGrainedExecutorBackend: Got assigned task 17
20/10/28 08:29:15 INFO Executor: Running task 0.0 in stage 7.0 (TID 17)
20/10/28 08:29:15 INFO TorrentBroadcast: Started reading broadcast variable 13
20/10/28 08:29:15 INFO MemoryStore: Block broadcast_13_piece0 stored as bytes in memory (estimated size 38.1 KB, free 422.5 MB)
20/10/28 08:29:15 INFO TorrentBroadcast: Reading broadcast variable 13 took 8 ms
20/10/28 08:29:15 INFO MemoryStore: Block broadcast_13 stored as values in memory (estimated size 127.6 KB, free 422.4 MB)
20/10/28 08:29:17 INFO HadoopMapRedCommitProtocol: Using output committer class org.apache.hadoop.mapred.DirectFileOutputCommitter
20/10/28 08:29:18 INFO FileOutputCommitter: File Output Committer Algorithm version is 1
20/10/28 08:29:18 INFO FileOutputCommitter: FileOutputCommitter skip cleanup _temporary folders under output directory:false, ignore cleanup failures: false
20/10/28 08:29:18 INFO DirectFileOutputCommitter: Direct Write: DISABLED
20/10/28 08:29:18 INFO PythonRunner: Times: total = 2590, boot = 2510, init = 80, finish = 0
20/10/28 08:29:20 INFO FileOutputCommitter: Saved output of task 'attempt_20201028082914_0039_m_000000_0' to s3a://spectral-regression-spark-bucket/results_2xc4large_linear_281020-082913/_temporary/0/task_20201028082914_0039_m_000000
20/10/28 08:29:20 INFO SparkHadoopMapRedUtil: attempt_20201028082914_0039_m_000000_0: Committed
20/10/28 08:29:20 INFO Executor: Finished task 0.0 in stage 7.0 (TID 17). 1723 bytes result sent to driver
20/10/28 08:29:21 INFO CoarseGrainedExecutorBackend: Driver commanded a shutdown
20/10/28 08:29:21 INFO MemoryStore: MemoryStore cleared
20/10/28 08:29:21 INFO BlockManager: BlockManager stopped
20/10/28 08:29:21 INFO ShutdownHookManager: Shutdown hook called
End of LogType:stderr

LogType:stdout
Log Upload Time:mer ott 28 08:29:23 +0000 2020
LogLength:1292900
Log Contents:
2020-10-28T08:26:47.058+0000: [GC (Allocation Failure) 2020-10-28T08:26:47.058+0000: [ParNew: 16384K->2047K(18432K), 0.0036686 secs] 16384K->2391K(59392K), 0.0037340 secs] [Times: user=0.01 sys=0.00, real=0.01 secs] 
2020-10-28T08:26:47.186+0000: [GC (Allocation Failure) 2020-10-28T08:26:47.186+0000: [ParNew: 18431K->1950K(18432K), 0.0064329 secs] 18775K->3646K(59392K), 0.0064794 secs] [Times: user=0.01 sys=0.00, real=0.01 secs] 
2020-10-28T08:26:47.308+0000: [GC (Allocation Failure) 2020-10-28T08:26:47.308+0000: [ParNew: 18334K->1312K(18432K), 0.0013339 secs] 20030K->3009K(59392K), 0.0013822 secs] [Times: user=0.00 sys=0.00, real=0.00 secs] 
2020-10-28T08:26:47.471+0000: [GC (Allocation Failure) 2020-10-28T08:26:47.471+0000: [ParNew: 17696K->1960K(18432K), 0.0043384 secs] 19393K->4037K(59392K), 0.0043910 secs] [Times: user=0.00 sys=0.00, real=0.00 secs] 
2020-10-28T08:26:47.629+0000: [GC (Allocation Failure) 2020-10-28T08:26:47.629+0000: [ParNew: 18344K->1446K(18432K), 0.0040156 secs] 20421K->4066K(59392K), 0.0040629 secs] [Times: user=0.00 sys=0.00, real=0.00 secs] 
2020-10-28T08:26:47.763+0000: [GC (Allocation Failure) 2020-10-28T08:26:47.763+0000: [ParNew: 17830K->1491K(18432K), 0.0020043 secs] 20450K->4111K(59392K), 0.0020666 secs] [Times: user=0.00 sys=0.00, real=0.00 secs] 
2020-10-28T08:26:47.858+0000: [GC (Allocation Failure) 2020-10-28T08:26:47.858+0000: [ParNew: 17875K->1155K(18432K), 0.0034002 secs] 20495K->4318K(59392K), 0.0034615 secs] [Times: user=0.00 sys=0.00, real=0.01 secs] 
2020-10-28T08:26:47.911+0000: [GC (Allocation Failure) 2020-10-28T08:26:47.911+0000: [ParNew: 17539K->930K(18432K), 0.0015682 secs] 20702K->4093K(59392K), 0.0016132 secs] [Times: user=0.00 sys=0.00, real=0.00 secs] 
2020-10-28T08:26:47.962+0000: [GC (Allocation Failure) 2020-10-28T08:26:47.962+0000: [ParNew: 17314K->815K(18432K), 0.0012825 secs] 20477K->3977K(59392K), 0.0013260 secs] [Times: user=0.01 sys=0.00, real=0.00 secs] 
2020-10-28T08:26:48.068+0000: [GC (Allocation Failure) 2020-10-28T08:26:48.068+0000: [ParNew: 17180K->1502K(18432K), 0.0018746 secs] 20343K->4664K(59392K), 0.0019298 secs] [Times: user=0.00 sys=0.00, real=0.00 secs] 
2020-10-28T08:26:48.164+0000: [GC (Allocation Failure) 2020-10-28T08:26:48.164+0000: [ParNew: 17886K->889K(18432K), 0.0042744 secs] 21048K->4363K(59392K), 0.0043160 secs] [Times: user=0.01 sys=0.00, real=0.01 secs] 
2020-10-28T08:26:48.326+0000: [GC (Allocation Failure) 2020-10-28T08:26:48.326+0000: [ParNew: 17273K->1167K(18432K), 0.0040559 secs] 20747K->4641K(59392K), 0.0041123 secs] [Times: user=0.01 sys=0.00, real=0.01 secs] 
2020-10-28T08:26:48.474+0000: [GC (Allocation Failure) 2020-10-28T08:26:48.474+0000: [ParNew: 17551K->1489K(18432K), 0.0034441 secs] 21025K->5039K(59392K), 0.0034910 secs] [Times: user=0.01 sys=0.00, real=0.00 secs] 
2020-10-28T08:26:48.570+0000: [GC (Allocation Failure) 2020-10-28T08:26:48.570+0000: [ParNew: 17873K->1105K(18432K), 0.0037739 secs] 21423K->5225K(59392K), 0.0038314 secs] [Times: user=0.01 sys=0.00, real=0.00 secs] 
2020-10-28T08:26:48.658+0000: [GC (Allocation Failure) 2020-10-28T08:26:48.658+0000: [ParNew: 17489K->1151K(18432K), 0.0020722 secs] 21609K->5270K(59392K), 0.0021144 secs] [Times: user=0.01 sys=0.00, real=0.01 secs] 
2020-10-28T08:26:48.744+0000: [GC (Allocation Failure) 2020-10-28T08:26:48.744+0000: [ParNew: 17535K->1067K(18432K), 0.0037382 secs] 21654K->5187K(59392K), 0.0038047 secs] [Times: user=0.01 sys=0.00, real=0.01 secs] 
2020-10-28T08:26:48.824+0000: [GC (Allocation Failure) 2020-10-28T08:26:48.824+0000: [ParNew: 17451K->1910K(18432K), 0.0024866 secs] 21571K->6030K(59392K), 0.0025318 secs] [Times: user=0.01 sys=0.00, real=0.00 secs] 
2020-10-28T08:26:48.888+0000: [GC (Allocation Failure) 2020-10-28T08:26:48.888+0000: [ParNew: 18294K->1018K(18432K), 0.0029741 secs] 22414K->5515K(59392K), 0.0030350 secs] [Times: user=0.00 sys=0.00, real=0.00 secs] 
2020-10-28T08:26:48.953+0000: [GC (Allocation Failure) 2020-10-28T08:26:48.953+0000: [ParNew: 17361K->1282K(18432K), 0.0019348 secs] 21858K->5779K(59392K), 0.0020081 secs] [Times: user=0.01 sys=0.00, real=0.00 secs] 
2020-10-28T08:26:49.086+0000: [GC (Allocation Failure) 2020-10-28T08:26:49.086+0000: [ParNew: 17666K->1936K(18432K), 0.0028895 secs] 22163K->6566K(59392K), 0.0029374 secs] [Times: user=0.01 sys=0.00, real=0.01 secs] 
2020-10-28T08:26:49.150+0000: [GC (Allocation Failure) 2020-10-28T08:26:49.150+0000: [ParNew: 18320K->1173K(18432K), 0.0034134 secs] 22950K->6350K(59392K), 0.0034609 secs] [Times: user=0.00 sys=0.00, real=0.00 secs] 
2020-10-28T08:26:49.394+0000: [GC (Allocation Failure) 2020-10-28T08:26:49.394+0000: [ParNew: 17503K->1220K(18432K), 0.0022012 secs] 39064K->22781K(59392K), 0.0022464 secs] [Times: user=0.01 sys=0.00, real=0.00 secs] 
2020-10-28T08:26:49.396+0000: [GC (CMS Initial Mark) [1 CMS-initial-mark: 21561K(40960K)] 22843K(59392K), 0.0008426 secs] [Times: user=0.00 sys=0.00, real=0.00 secs] 
2020-10-28T08:26:49.397+0000: [CMS-concurrent-mark-start]
2020-10-28T08:26:49.413+0000: [CMS-concurrent-mark: 0.016/0.016 secs] [Times: user=0.03 sys=0.00, real=0.02 secs] 
2020-10-28T08:26:49.413+0000: [CMS-concurrent-preclean-start]
2020-10-28T08:26:49.414+0000: [CMS-concurrent-preclean: 0.000/0.000 secs] [Times: user=0.00 sys=0.00, real=0.00 secs] 
2020-10-28T08:26:49.414+0000: [GC (CMS Final Remark) [YG occupancy: 2872 K (18432 K)]2020-10-28T08:26:49.414+0000: [Rescan (parallel) , 0.0010012 secs]2020-10-28T08:26:49.415+0000: [weak refs processing, 0.0000274 secs]2020-10-28T08:26:49.415+0000: [class unloading, 0.0021618 secs]2020-10-28T08:26:49.417+0000: [scrub symbol table, 0.0022562 secs]2020-10-28T08:26:49.419+0000: [scrub string table, 0.0002185 secs][1 CMS-remark: 21561K(40960K)] 24433K(59392K), 0.0057489 secs] [Times: user=0.01 sys=0.00, real=0.01 secs] 
2020-10-28T08:26:49.420+0000: [CMS-concurrent-sweep-start]
2020-10-28T08:26:49.423+0000: [CMS-concurrent-sweep: 0.003/0.003 secs] [Times: user=0.00 sys=0.00, real=0.00 secs] 
2020-10-28T08:26:49.423+0000: [CMS-concurrent-reset-start]
2020-10-28T08:26:49.452+0000: [CMS-concurrent-reset: 0.029/0.029 secs] [Times: user=0.03 sys=0.03, real=0.03 secs] 
2020-10-28T08:26:49.507+0000: [GC (Allocation Failure) 2020-10-28T08:26:49.507+0000: [ParNew: 17604K->1311K(18432K), 0.0025648 secs] 38746K->22453K(59392K), 0.0026261 secs] [Times: user=0.01 sys=0.00, real=0.01 secs] 
2020-10-28T08:26:49.648+0000: [GC (Allocation Failure) 2020-10-28T08:26:49.648+0000: [ParNew: 17695K->1444K(18432K), 0.0028098 secs] 55221K->39178K(59392K), 0.0028804 secs] [Times: user=0.00 sys=0.00, real=0.01 secs] 
2020-10-28T08:26:49.651+0000: [GC (CMS Initial Mark) [1 CMS-initial-mark: 37733K(40960K)] 39178K(59392K), 0.0008002 secs] [Times: user=0.00 sys=0.00, real=0.00 secs] 
2020-10-28T08:26:49.652+0000: [CMS-concurrent-mark-start]
2020-10-28T08:26:49.664+0000: [CMS-concurrent-mark: 0.013/0.013 secs] [Times: user=0.03 sys=0.00, real=0.01 secs] 
2020-10-28T08:26:49.664+0000: [CMS-concurrent-preclean-start]
2020-10-28T08:26:49.665+0000: [CMS-concurrent-preclean: 0.000/0.000 secs] [Times: user=0.00 sys=0.00, real=0.00 secs] 
2020-10-28T08:26:49.665+0000: [GC (CMS Final Remark) [YG occupancy: 3275 K (18432 K)]2020-10-28T08:26:49.665+0000: [Rescan (parallel) , 0.0009792 secs]2020-10-28T08:26:49.666+0000: [weak refs processing, 0.0000232 secs]2020-10-28T08:26:49.666+0000: [class unloading, 0.0021867 secs]2020-10-28T08:26:49.668+0000: [scrub symbol table, 0.0022971 secs]2020-10-28T08:26:49.670+0000: [scrub string table, 0.0002405 secs][1 CMS-remark: 37733K(40960K)] 41008K(59392K), 0.0058222 secs] [Times: user=0.01 sys=0.00, real=0.01 secs] 
2020-10-28T08:26:49.673+0000: [CMS-concurrent-sweep-start]
2020-10-28T08:26:49.681+0000: [CMS-concurrent-sweep: 0.008/0.008 secs] [Times: user=0.02 sys=0.00, real=0.01 secs] 
2020-10-28T08:26:49.681+0000: [CMS-concurrent-reset-start]
2020-10-28T08:26:49.683+0000: [CMS-concurrent-reset: 0.002/0.002 secs] [Times: user=0.00 sys=0.00, real=0.00 secs] 
2020-10-28T08:26:49.736+0000: [GC (Allocation Failure) 2020-10-28T08:26:49.736+0000: [ParNew: 17828K->1517K(18432K), 0.0028773 secs] 55510K->39463K(81236K), 0.0029211 secs] [Times: user=0.01 sys=0.00, real=0.00 secs] 
2020-10-28T08:26:49.822+0000: [GC (Allocation Failure) 2020-10-28T08:26:49.823+0000: [ParNew: 17901K->851K(18432K), 0.0022581 secs] 55847K->38982K(81236K), 0.0023146 secs] [Times: user=0.01 sys=0.00, real=0.00 secs] 
2020-10-28T08:26:49.891+0000: [GC (Allocation Failure) 2020-10-28T08:26:49.891+0000: [ParNew: 17235K->1481K(18432K), 0.0019874 secs] 55366K->39612K(81236K), 0.0020702 secs] [Times: user=0.01 sys=0.00, real=0.00 secs] 
2020-10-28T08:26:49.952+0000: [GC (Allocation Failure) 2020-10-28T08:26:49.952+0000: [ParNew: 17865K->1151K(18432K), 0.0023386 secs] 55996K->39548K(81236K), 0.0024027 secs] [Times: user=0.00 sys=0.01, real=0.00 secs] 
2020-10-28T08:26:49.994+0000: [GC (Allocation Failure) 2020-10-28T08:26:49.994+0000: [ParNew: 17535K->1205K(18432K), 0.0016715 secs] 55932K->39601K(81236K), 0.0017167 secs] [Times: user=0.00 sys=0.00, real=0.00 secs] 
2020-10-28T08:26:50.052+0000: [GC (Allocation Failure) 2020-10-28T08:26:50.052+0000: [ParNew: 17589K->1125K(18432K), 0.0025107 secs] 55985K->39667K(81236K), 0.0025539 secs] [Times: user=0.00 sys=0.00, real=0.00 secs] 
2020-10-28T08:26:50.250+0000: [GC (Allocation Failure) 2020-10-28T08:26:50.250+0000: [ParNew: 17509K->1729K(18432K), 0.0032217 secs] 56051K->40272K(81236K), 0.0032796 secs] [Times: user=0.01 sys=0.00, real=0.00 secs] 
2020-10-28T08:26:50.417+0000: [GC (Allocation Failure) 2020-10-28T08:26:50.417+0000: [ParNew: 18113K->1486K(18432K), 0.0117498 secs] 73040K->57666K(81236K), 0.0117935 secs] [Times: user=0.02 sys=0.00, real=0.02 secs] 
2020-10-28T08:26:50.429+0000: [GC (CMS Initial Mark) [1 CMS-initial-mark: 56180K(62804K)] 57753K(81236K), 0.0010569 secs] [Times: user=0.00 sys=0.00, real=0.00 secs] 
2020-10-28T08:26:50.430+0000: [CMS-concurrent-mark-start]
2020-10-28T08:26:50.453+0000: [CMS-concurrent-mark: 0.022/0.022 secs] [Times: user=0.05 sys=0.00, real=0.02 secs] 
2020-10-28T08:26:50.453+0000: [CMS-concurrent-preclean-start]
2020-10-28T08:26:50.453+0000: [CMS-concurrent-preclean: 0.001/0.001 secs] [Times: user=0.00 sys=0.00, real=0.00 secs] 
2020-10-28T08:26:50.461+0000: [GC (CMS Final Remark) [YG occupancy: 4245 K (18432 K)]2020-10-28T08:26:50.461+0000: [Rescan (parallel) , 0.0023553 secs]2020-10-28T08:26:50.463+0000: [weak refs processing, 0.0000374 secs]2020-10-28T08:26:50.463+0000: [class unloading, 0.0039216 secs]2020-10-28T08:26:50.467+0000: [scrub symbol table, 0.0042334 secs]2020-10-28T08:26:50.471+0000: [scrub string table, 0.0004436 secs][1 CMS-remark: 56180K(62804K)] 60425K(81236K), 0.0111124 secs] [Times: user=0.03 sys=0.00, real=0.01 secs] 
2020-10-28T08:26:50.476+0000: [CMS-concurrent-sweep-start]
2020-10-28T08:26:50.479+0000: [CMS-concurrent-sweep: 0.003/0.003 secs] [Times: user=0.00 sys=0.00, real=0.00 secs] 
2020-10-28T08:26:50.479+0000: [CMS-concurrent-reset-start]
2020-10-28T08:26:50.481+0000: [CMS-concurrent-reset: 0.002/0.002 secs] [Times: user=0.01 sys=0.00, real=0.01 secs] 
2020-10-28T08:26:50.553+0000: [GC (Allocation Failure) 2020-10-28T08:26:50.553+0000: [ParNew: 17870K->1300K(18432K), 0.0068298 secs] 73952K->57383K(111904K), 0.0068790 secs] [Times: user=0.01 sys=0.00, real=0.01 secs] 
2020-10-28T08:26:50.696+0000: [GC (Allocation Failure) 2020-10-28T08:26:50.696+0000: [ParNew: 17684K->1248K(18432K), 0.0029482 secs] 90151K->73937K(111904K), 0.0030189 secs] [Times: user=0.00 sys=0.00, real=0.00 secs] 
2020-10-28T08:26:50.700+0000: [GC (CMS Initial Mark) [1 CMS-initial-mark: 72689K(93472K)] 73938K(111904K), 0.0015249 secs] [Times: user=0.01 sys=0.00, real=0.00 secs] 
2020-10-28T08:26:50.702+0000: [CMS-concurrent-mark-start]
2020-10-28T08:26:50.726+0000: [CMS-concurrent-mark: 0.024/0.024 secs] [Times: user=0.04 sys=0.00, real=0.02 secs] 
2020-10-28T08:26:50.726+0000: [CMS-concurrent-preclean-start]
2020-10-28T08:26:50.727+0000: [CMS-concurrent-preclean: 0.001/0.001 secs] [Times: user=0.00 sys=0.00, real=0.00 secs] 
2020-10-28T08:26:50.728+0000: [GC (CMS Final Remark) [YG occupancy: 3143 K (18432 K)]2020-10-28T08:26:50.728+0000: [Rescan (parallel) , 0.0024616 secs]2020-10-28T08:26:50.731+0000: [weak refs processing, 0.0000441 secs]2020-10-28T08:26:50.731+0000: [class unloading, 0.0042416 secs]2020-10-28T08:26:50.735+0000: [scrub symbol table, 0.0042853 secs]2020-10-28T08:26:50.739+0000: [scrub string table, 0.0004373 secs][1 CMS-remark: 72689K(93472K)] 75833K(111904K), 0.0115885 secs] [Times: user=0.02 sys=0.00, real=0.01 secs] 
2020-10-28T08:26:50.740+0000: [CMS-concurrent-sweep-start]
2020-10-28T08:26:50.743+0000: [CMS-concurrent-sweep: 0.003/0.003 secs] [Times: user=0.01 sys=0.00, real=0.00 secs] 
2020-10-28T08:26:50.743+0000: [CMS-concurrent-reset-start]
2020-10-28T08:26:50.745+0000: [CMS-concurrent-reset: 0.002/0.002 secs] [Times: user=0.00 sys=0.00, real=0.00 secs] 
2020-10-28T08:26:50.831+0000: [GC (Allocation Failure) 2020-10-28T08:26:50.831+0000: [ParNew: 17632K->1414K(18432K), 0.0023828 secs] 90306K->74089K(139560K), 0.0024324 secs] [Times: user=0.00 sys=0.00, real=0.00 secs] 
2020-10-28T08:26:50.925+0000: [GC (Allocation Failure) 2020-10-28T08:26:50.925+0000: [ParNew: 17798K->1688K(18432K), 0.0036566 secs] 90473K->74748K(139560K), 0.0037200 secs] [Times: user=0.01 sys=0.00, real=0.01 secs] 
2020-10-28T08:26:51.027+0000: [GC (Allocation Failure) 2020-10-28T08:26:51.027+0000: [ParNew: 18072K->1208K(18432K), 0.0064041 secs] 91132K->74923K(139560K), 0.0064716 secs] [Times: user=0.02 sys=0.00, real=0.01 secs] 
2020-10-28T08:26:51.115+0000: [GC (Allocation Failure) 2020-10-28T08:26:51.115+0000: [ParNew: 17592K->1092K(18432K), 0.0040256 secs] 91307K->74806K(139560K), 0.0040901 secs] [Times: user=0.00 sys=0.00, real=0.00 secs] 
2020-10-28T08:26:51.309+0000: [GC (Allocation Failure) 2020-10-28T08:26:51.309+0000: [ParNew: 17476K->2007K(18432K), 0.0049665 secs] 91190K->75722K(139560K), 0.0050328 secs] [Times: user=0.01 sys=0.00, real=0.00 secs] 
2020-10-28T08:26:51.458+0000: [GC (Allocation Failure) 2020-10-28T08:26:51.458+0000: [ParNew: 18391K->1514K(18432K), 0.0066454 secs] 92106K->76524K(139560K), 0.0067061 secs] [Times: user=0.01 sys=0.00, real=0.01 secs] 
2020-10-28T08:26:51.610+0000: [GC (Allocation Failure) 2020-10-28T08:26:51.610+0000: [ParNew: 17898K->1145K(18432K), 0.0047135 secs] 92908K->76156K(139560K), 0.0047642 secs] [Times: user=0.01 sys=0.00, real=0.00 secs] 
2020-10-28T08:26:51.826+0000: [GC (Allocation Failure) 2020-10-28T08:26:51.826+0000: [ParNew: 17529K->1463K(18432K), 0.0072576 secs] 92540K->76474K(139560K), 0.0073033 secs] [Times: user=0.02 sys=0.00, real=0.01 secs] 
2020-10-28T08:26:52.013+0000: [GC (Allocation Failure) 2020-10-28T08:26:52.013+0000: [ParNew: 17847K->1301K(18432K), 0.0067113 secs] 92858K->76673K(139560K), 0.0067598 secs] [Times: user=0.01 sys=0.00, real=0.01 secs] 
2020-10-28T08:26:52.079+0000: [GC (Allocation Failure) 2020-10-28T08:26:52.079+0000: [ParNew: 17685K->1091K(18432K), 0.0046786 secs] 93057K->76462K(139560K), 0.0047287 secs] [Times: user=0.01 sys=0.00, real=0.01 secs] 
2020-10-28T08:26:52.182+0000: [GC (Allocation Failure) 2020-10-28T08:26:52.182+0000: [ParNew: 17475K->1259K(18432K), 0.0054831 secs] 92846K->76631K(139560K), 0.0055530 secs] [Times: user=0.01 sys=0.00, real=0.00 secs] 
2020-10-28T08:26:52.291+0000: [GC (Allocation Failure) 2020-10-28T08:26:52.291+0000: [ParNew: 17643K->1346K(18432K), 0.0073282 secs] 93015K->76902K(139560K), 0.0073918 secs] [Times: user=0.02 sys=0.00, real=0.00 secs] 
2020-10-28T08:26:52.479+0000: [GC (Allocation Failure) 2020-10-28T08:26:52.479+0000: [ParNew: 17730K->1636K(18432K), 0.0030412 secs] 93286K->77192K(139560K), 0.0030844 secs] [Times: user=0.01 sys=0.00, real=0.01 secs] 
2020-10-28T08:26:52.603+0000: [GC (Allocation Failure) 2020-10-28T08:26:52.603+0000: [ParNew: 18020K->1663K(18432K), 0.0045727 secs] 93576K->77551K(139560K), 0.0046179 secs] [Times: user=0.01 sys=0.00, real=0.01 secs] 
2020-10-28T08:26:52.704+0000: [GC (Allocation Failure) 2020-10-28T08:26:52.704+0000: [ParNew: 18047K->2047K(18432K), 0.0055010 secs] 93935K->78938K(139560K), 0.0055510 secs] [Times: user=0.01 sys=0.00, real=0.01 secs] 
2020-10-28T08:26:52.795+0000: [GC (Allocation Failure) 2020-10-28T08:26:52.795+0000: [ParNew: 18431K->1623K(18432K), 0.0033135 secs] 95322K->78809K(139560K), 0.0033929 secs] [Times: user=0.01 sys=0.00, real=0.00 secs] 
2020-10-28T08:26:52.856+0000: [GC (Allocation Failure) 2020-10-28T08:26:52.856+0000: [ParNew: 18007K->816K(18432K), 0.0041637 secs] 95193K->78457K(139560K), 0.0042309 secs] [Times: user=0.01 sys=0.00, real=0.01 secs] 
2020-10-28T08:26:52.935+0000: [GC (Allocation Failure) 2020-10-28T08:26:52.935+0000: [ParNew: 17200K->798K(18432K), 0.0018679 secs] 94841K->78439K(139560K), 0.0019205 secs] [Times: user=0.01 sys=0.00, real=0.00 secs] 
2020-10-28T08:26:52.991+0000: [GC (Allocation Failure) 2020-10-28T08:26:52.991+0000: [ParNew: 17182K->734K(18432K), 0.0042441 secs] 94823K->78375K(139560K), 0.0042937 secs] [Times: user=0.00 sys=0.00, real=0.00 secs] 
2020-10-28T08:26:53.049+0000: [GC (Allocation Failure) 2020-10-28T08:26:53.049+0000: [ParNew: 17118K->1579K(18432K), 0.0024695 secs] 94759K->79220K(139560K), 0.0025193 secs] [Times: user=0.00 sys=0.00, real=0.00 secs] 
2020-10-28T08:26:53.108+0000: [GC (Allocation Failure) 2020-10-28T08:26:53.108+0000: [ParNew: 17963K->1084K(18432K), 0.0034731 secs] 95604K->79233K(139560K), 0.0035236 secs] [Times: user=0.00 sys=0.01, real=0.00 secs] 
2020-10-28T08:26:53.199+0000: [GC (Allocation Failure) 2020-10-28T08:26:53.199+0000: [ParNew: 17468K->1178K(18432K), 0.0025020 secs] 95617K->79327K(139560K), 0.0025551 secs] [Times: user=0.00 sys=0.00, real=0.01 secs] 
2020-10-28T08:26:53.291+0000: [GC (Allocation Failure) 2020-10-28T08:26:53.291+0000: [ParNew: 17562K->1168K(18432K), 0.0034084 secs] 95711K->79493K(139560K), 0.0034625 secs] [Times: user=0.01 sys=0.00, real=0.00 secs] 
2020-10-28T08:26:53.392+0000: [GC (Allocation Failure) 2020-10-28T08:26:53.392+0000: [ParNew: 17552K->1471K(18432K), 0.0028347 secs] 95877K->79876K(139560K), 0.0028850 secs] [Times: user=0.01 sys=0.00, real=0.00 secs] 
2020-10-28T08:26:53.455+0000: [GC (Allocation Failure) 2020-10-28T08:26:53.455+0000: [ParNew: 17855K->1449K(18432K), 0.0030600 secs] 96260K->80073K(139560K), 0.0031220 secs] [Times: user=0.00 sys=0.00, real=0.00 secs] 
2020-10-28T08:26:53.521+0000: [GC (Allocation Failure) 2020-10-28T08:26:53.521+0000: [ParNew: 17833K->1389K(18432K), 0.0059308 secs] 96457K->80369K(139560K), 0.0059825 secs] [Times: user=0.02 sys=0.00, real=0.00 secs] 
2020-10-28T08:26:53.606+0000: [GC (Allocation Failure) 2020-10-28T08:26:53.606+0000: [ParNew: 17773K->980K(18432K), 0.0037294 secs] 96753K->80016K(139560K), 0.0037806 secs] [Times: user=0.00 sys=0.00, real=0.01 secs] 
2020-10-28T08:26:53.765+0000: [GC (Allocation Failure) 2020-10-28T08:26:53.765+0000: [ParNew: 17364K->2047K(18432K), 0.0050190 secs] 96400K->81193K(139560K), 0.0050967 secs] [Times: user=0.01 sys=0.00, real=0.01 secs] 
2020-10-28T08:26:53.979+0000: [GC (Allocation Failure) 2020-10-28T08:26:53.979+0000: [ParNew: 18431K->2048K(18432K), 0.0222847 secs] 97577K->83160K(139560K), 0.0223552 secs] [Times: user=0.05 sys=0.00, real=0.03 secs] 
2020-10-28T08:26:54.068+0000: [GC (Allocation Failure) 2020-10-28T08:26:54.068+0000: [ParNew: 18432K->1959K(18432K), 0.0104312 secs] 99544K->84631K(139560K), 0.0104816 secs] [Times: user=0.02 sys=0.00, real=0.00 secs] 
2020-10-28T08:26:54.185+0000: [GC (Allocation Failure) 2020-10-28T08:26:54.185+0000: [ParNew: 18343K->976K(18432K), 0.0020270 secs] 101015K->83648K(139560K), 0.0020866 secs] [Times: user=0.01 sys=0.00, real=0.00 secs] 
2020-10-28T08:26:54.187+0000: [GC (CMS Initial Mark) [1 CMS-initial-mark: 82671K(121128K)] 83648K(139560K), 0.0009394 secs] [Times: user=0.00 sys=0.00, real=0.01 secs] 
2020-10-28T08:26:54.188+0000: [CMS-concurrent-mark-start]
2020-10-28T08:26:54.246+0000: [CMS-concurrent-mark: 0.050/0.058 secs] [Times: user=0.11 sys=0.00, real=0.05 secs] 
2020-10-28T08:26:54.246+0000: [CMS-concurrent-preclean-start]
2020-10-28T08:26:54.248+0000: [CMS-concurrent-preclean: 0.001/0.002 secs] [Times: user=0.01 sys=0.00, real=0.01 secs] 
2020-10-28T08:26:54.248+0000: [CMS-concurrent-abortable-preclean-start]
2020-10-28T08:26:54.288+0000: [GC (Allocation Failure) 2020-10-28T08:26:54.288+0000: [ParNew: 17360K->953K(18432K), 0.0022814 secs] 100032K->83625K(139560K), 0.0023578 secs] [Times: user=0.00 sys=0.00, real=0.00 secs] 
2020-10-28T08:26:54.353+0000: [CMS-concurrent-abortable-preclean: 0.014/0.105 secs] [Times: user=0.20 sys=0.00, real=0.10 secs] 
2020-10-28T08:26:54.354+0000: [GC (CMS Final Remark) [YG occupancy: 10797 K (18432 K)]2020-10-28T08:26:54.354+0000: [Rescan (parallel) , 0.0022872 secs]2020-10-28T08:26:54.357+0000: [weak refs processing, 0.0000617 secs]2020-10-28T08:26:54.357+0000: [class unloading, 0.0051480 secs]2020-10-28T08:26:54.362+0000: [scrub symbol table, 0.0064739 secs]2020-10-28T08:26:54.368+0000: [scrub string table, 0.0004621 secs][1 CMS-remark: 82671K(121128K)] 93469K(139560K), 0.0145575 secs] [Times: user=0.02 sys=0.00, real=0.02 secs] 
2020-10-28T08:26:54.369+0000: [CMS-concurrent-sweep-start]
2020-10-28T08:26:54.379+0000: [CMS-concurrent-sweep: 0.009/0.009 secs] [Times: user=0.01 sys=0.00, real=0.00 secs] 
2020-10-28T08:26:54.379+0000: [CMS-concurrent-reset-start]
2020-10-28T08:26:54.381+0000: [CMS-concurrent-reset: 0.002/0.002 secs] [Times: user=0.01 sys=0.00, real=0.01 secs] 
2020-10-28T08:26:54.416+0000: [GC (Allocation Failure) 2020-10-28T08:26:54.416+0000: [ParNew: 17337K->1054K(18432K), 0.0030563 secs] 98724K->82441K(154076K), 0.0031228 secs] [Times: user=0.00 sys=0.00, real=0.00 secs] 
2020-10-28T08:26:54.491+0000: [GC (Allocation Failure) 2020-10-28T08:26:54.491+0000: [ParNew: 17438K->1075K(18432K), 0.0026558 secs] 98825K->82462K(154076K), 0.0027279 secs] [Times: user=0.01 sys=0.00, real=0.00 secs] 
2020-10-28T08:26:54.561+0000: [GC (Allocation Failure) 2020-10-28T08:26:54.561+0000: [ParNew: 17459K->1584K(18432K), 0.0029161 secs] 98846K->82970K(154076K), 0.0029946 secs] [Times: user=0.00 sys=0.00, real=0.00 secs] 
2020-10-28T08:26:54.626+0000: [GC (Allocation Failure) 2020-10-28T08:26:54.626+0000: [ParNew: 17968K->1165K(18432K), 0.0033969 secs] 99354K->82714K(154076K), 0.0034674 secs] [Times: user=0.01 sys=0.00, real=0.01 secs] 
2020-10-28T08:26:54.707+0000: [GC (Allocation Failure) 2020-10-28T08:26:54.707+0000: [ParNew: 17549K->1489K(18432K), 0.0029988 secs] 99098K->83037K(154076K), 0.0030668 secs] [Times: user=0.01 sys=0.00, real=0.01 secs] 
2020-10-28T08:26:54.851+0000: [GC (Allocation Failure) 2020-10-28T08:26:54.851+0000: [ParNew: 17873K->2047K(18432K), 0.0060272 secs] 99421K->84152K(154076K), 0.0060948 secs] [Times: user=0.01 sys=0.00, real=0.00 secs] 
2020-10-28T08:26:55.060+0000: [GC (Allocation Failure) 2020-10-28T08:26:55.060+0000: [ParNew: 18431K->1597K(18432K), 0.0058208 secs] 100536K->84776K(154076K), 0.0058722 secs] [Times: user=0.01 sys=0.00, real=0.00 secs] 
2020-10-28T08:26:55.203+0000: [GC (Allocation Failure) 2020-10-28T08:26:55.203+0000: [ParNew: 17981K->936K(18432K), 0.0030985 secs] 101160K->84601K(154076K), 0.0031461 secs] [Times: user=0.00 sys=0.00, real=0.00 secs] 
2020-10-28T08:26:55.367+0000: [GC (Allocation Failure) 2020-10-28T08:26:55.367+0000: [ParNew: 17320K->573K(18432K), 0.0179006 secs] 100985K->92430K(154076K), 0.0179519 secs] [Times: user=0.03 sys=0.00, real=0.02 secs] 
2020-10-28T08:26:55.645+0000: [GC (Allocation Failure) 2020-10-28T08:26:55.645+0000: [ParNew: 16957K->541K(18432K), 0.0018405 secs] 108814K->92397K(154076K), 0.0018932 secs] [Times: user=0.00 sys=0.00, real=0.00 secs] 
2020-10-28T08:26:55.797+0000: [GC (Allocation Failure) 2020-10-28T08:26:55.797+0000: [ParNew: 16925K->596K(18432K), 0.0019411 secs] 108781K->92452K(154076K), 0.0020096 secs] [Times: user=0.01 sys=0.00, real=0.00 secs] 
2020-10-28T08:26:55.921+0000: [GC (Allocation Failure) 2020-10-28T08:26:55.921+0000: [ParNew: 16980K->849K(18432K), 0.0019849 secs] 108836K->92705K(154076K), 0.0020368 secs] [Times: user=0.01 sys=0.00, real=0.00 secs] 
2020-10-28T08:26:56.028+0000: [GC (Allocation Failure) 2020-10-28T08:26:56.028+0000: [ParNew: 17233K->852K(18432K), 0.0019368 secs] 109089K->92709K(154076K), 0.0019866 secs] [Times: user=0.01 sys=0.00, real=0.00 secs] 
2020-10-28T08:26:56.116+0000: [GC (Allocation Failure) 2020-10-28T08:26:56.116+0000: [ParNew: 17236K->1095K(18432K), 0.0045885 secs] 109093K->93191K(154076K), 0.0046622 secs] [Times: user=0.01 sys=0.00, real=0.01 secs] 
2020-10-28T08:26:56.194+0000: [GC (Allocation Failure) 2020-10-28T08:26:56.194+0000: [ParNew: 17479K->49K(18432K), 0.0029038 secs] 109575K->93204K(154076K), 0.0029552 secs] [Times: user=0.00 sys=0.00, real=0.00 secs] 
2020-10-28T08:26:56.272+0000: [GC (Allocation Failure) 2020-10-28T08:26:56.272+0000: [ParNew: 16433K->12K(18432K), 0.0012876 secs] 109588K->93167K(154076K), 0.0013403 secs] [Times: user=0.01 sys=0.00, real=0.00 secs] 
2020-10-28T08:26:56.329+0000: [GC (Allocation Failure) 2020-10-28T08:26:56.329+0000: [ParNew: 16396K->7K(18432K), 0.0020181 secs] 109551K->93162K(154076K), 0.0020682 secs] [Times: user=0.01 sys=0.00, real=0.00 secs] 
2020-10-28T08:26:56.365+0000: [GC (Allocation Failure) 2020-10-28T08:26:56.365+0000: [ParNew: 16391K->10K(18432K), 0.0023850 secs] 109546K->95213K(154076K), 0.0024343 secs] [Times: user=0.01 sys=0.00, real=0.01 secs] 
2020-10-28T08:26:56.368+0000: [GC (CMS Initial Mark) [1 CMS-initial-mark: 95202K(135644K)] 95541K(154076K), 0.0010739 secs] [Times: user=0.00 sys=0.00, real=0.00 secs] 
2020-10-28T08:26:56.369+0000: [CMS-concurrent-mark-start]
2020-10-28T08:26:56.415+0000: [GC (Allocation Failure) 2020-10-28T08:26:56.415+0000: [ParNew: 16394K->15K(18432K), 0.0012996 secs] 111597K->95218K(154076K), 0.0013523 secs] [Times: user=0.01 sys=0.00, real=0.00 secs] 
2020-10-28T08:26:56.444+0000: [CMS-concurrent-mark: 0.073/0.075 secs] [Times: user=0.14 sys=0.00, real=0.07 secs] 
2020-10-28T08:26:56.444+0000: [CMS-concurrent-preclean-start]
2020-10-28T08:26:56.445+0000: [CMS-concurrent-preclean: 0.001/0.001 secs] [Times: user=0.00 sys=0.00, real=0.00 secs] 
2020-10-28T08:26:56.445+0000: [CMS-concurrent-abortable-preclean-start]
2020-10-28T08:26:56.457+0000: [GC (Allocation Failure) 2020-10-28T08:26:56.457+0000: [ParNew: 16399K->13K(18432K), 0.0010474 secs] 111602K->95216K(154076K), 0.0010950 secs] [Times: user=0.00 sys=0.00, real=0.00 secs] 
2020-10-28T08:26:56.486+0000: [GC (Allocation Failure) 2020-10-28T08:26:56.486+0000: [ParNew: 16397K->13K(18432K), 0.0011966 secs] 111600K->95216K(154076K), 0.0012432 secs] [Times: user=0.00 sys=0.00, real=0.00 secs] 
2020-10-28T08:26:56.511+0000: [GC (Allocation Failure) 2020-10-28T08:26:56.511+0000: [ParNew: 16396K->8K(18432K), 0.0013393 secs] 111599K->95216K(154076K), 0.0013902 secs] [Times: user=0.01 sys=0.00, real=0.00 secs] 
2020-10-28T08:26:56.526+0000: [GC (Allocation Failure) 2020-10-28T08:26:56.526+0000: [ParNew: 16392K->6K(18432K), 0.0067213 secs] 111600K->103405K(154076K), 0.0067639 secs] [Times: user=0.01 sys=0.00, real=0.01 secs] 
2020-10-28T08:26:56.559+0000: [GC (Allocation Failure) 2020-10-28T08:26:56.559+0000: [ParNew: 16390K->4K(18432K), 0.0014257 secs] 119789K->103406K(154076K), 0.0014745 secs] [Times: user=0.00 sys=0.00, real=0.01 secs] 
2020-10-28T08:26:56.590+0000: [GC (Allocation Failure) 2020-10-28T08:26:56.590+0000: [ParNew: 16388K->4K(18432K), 0.0012622 secs] 119790K->103407K(154076K), 0.0013105 secs] [Times: user=0.00 sys=0.00, real=0.00 secs] 
2020-10-28T08:26:56.608+0000: [GC (Allocation Failure) 2020-10-28T08:26:56.608+0000: [ParNew: 16388K->4K(18432K), 0.0033177 secs] 119791K->107503K(154076K), 0.0033640 secs] [Times: user=0.01 sys=0.00, real=0.00 secs] 
2020-10-28T08:26:56.632+0000: [GC (Allocation Failure) 2020-10-28T08:26:56.632+0000: [ParNew: 16388K->4K(18432K), 0.0011359 secs] 123887K->107503K(154076K), 0.0011899 secs] [Times: user=0.00 sys=0.00, real=0.00 secs] 
2020-10-28T08:26:56.658+0000: [GC (Allocation Failure) 2020-10-28T08:26:56.658+0000: [ParNew: 16388K->4K(18432K), 0.0011444 secs] 123887K->107503K(154076K), 0.0011919 secs] [Times: user=0.00 sys=0.00, real=0.01 secs] 
2020-10-28T08:26:56.690+0000: [GC (Allocation Failure) 2020-10-28T08:26:56.690+0000: [ParNew: 16388K->2K(18432K), 0.0025585 secs] 123887K->107501K(154076K), 0.0026366 secs] [Times: user=0.00 sys=0.00, real=0.00 secs] 
2020-10-28T08:26:56.728+0000: [GC (Allocation Failure) 2020-10-28T08:26:56.728+0000: [ParNew: 16386K->4K(18432K), 0.0012506 secs] 123885K->107503K(154076K), 0.0013186 secs] [Times: user=0.00 sys=0.00, real=0.00 secs] 
2020-10-28T08:26:56.765+0000: [GC (Allocation Failure) 2020-10-28T08:26:56.765+0000: [ParNew: 16388K->6K(18432K), 0.0012805 secs] 123887K->107505K(154076K), 0.0013516 secs] [Times: user=0.00 sys=0.00, real=0.00 secs] 
2020-10-28T08:26:56.790+0000: [GC (Allocation Failure) 2020-10-28T08:26:56.790+0000: [ParNew: 16390K->6K(18432K), 0.0012123 secs] 123889K->107505K(154076K), 0.0012673 secs] [Times: user=0.00 sys=0.00, real=0.00 secs] 
2020-10-28T08:26:56.809+0000: [GC (Allocation Failure) 2020-10-28T08:26:56.809+0000: [ParNew: 16390K->4K(18432K), 0.0009505 secs] 123889K->107503K(154076K), 0.0009958 secs] [Times: user=0.00 sys=0.00, real=0.00 secs] 
2020-10-28T08:26:56.829+0000: [GC (Allocation Failure) 2020-10-28T08:26:56.829+0000: [ParNew: 16388K->4K(18432K), 0.0010016 secs] 123887K->107503K(154076K), 0.0010677 secs] [Times: user=0.01 sys=0.00, real=0.00 secs] 
2020-10-28T08:26:56.858+0000: [GC (Allocation Failure) 2020-10-28T08:26:56.858+0000: [ParNew: 16388K->6K(18432K), 0.0012711 secs] 123887K->107505K(154076K), 0.0013208 secs] [Times: user=0.00 sys=0.00, real=0.01 secs] 
2020-10-28T08:26:56.882+0000: [GC (Allocation Failure) 2020-10-28T08:26:56.882+0000: [ParNew: 16390K->4K(18432K), 0.0010671 secs] 123889K->107503K(154076K), 0.0011111 secs] [Times: user=0.00 sys=0.00, real=0.00 secs] 
2020-10-28T08:26:56.894+0000: [GC (Allocation Failure) 2020-10-28T08:26:56.894+0000: [ParNew: 16388K->4K(18432K), 0.0065064 secs] 123887K->115696K(154076K), 0.0065579 secs] [Times: user=0.01 sys=0.01, real=0.01 secs] 
2020-10-28T08:26:56.922+0000: [GC (Allocation Failure) 2020-10-28T08:26:56.922+0000: [ParNew: 16388K->4K(18432K), 0.0012295 secs] 132080K->115696K(154076K), 0.0012774 secs] [Times: user=0.00 sys=0.00, real=0.00 secs] 
2020-10-28T08:26:56.941+0000: [GC (Allocation Failure) 2020-10-28T08:26:56.941+0000: [ParNew: 16388K->4K(18432K), 0.0010449 secs] 132080K->115696K(154076K), 0.0010881 secs] [Times: user=0.00 sys=0.00, real=0.00 secs] 
2020-10-28T08:26:56.960+0000: [GC (Allocation Failure) 2020-10-28T08:26:56.960+0000: [ParNew: 16388K->4K(18432K), 0.0010884 secs] 132080K->115696K(154076K), 0.0011340 secs] [Times: user=0.00 sys=0.00, real=0.00 secs] 
2020-10-28T08:26:56.979+0000: [GC (Allocation Failure) 2020-10-28T08:26:56.979+0000: [ParNew: 16388K->4K(18432K), 0.0011435 secs] 132080K->115696K(154076K), 0.0011902 secs] [Times: user=0.00 sys=0.00, real=0.01 secs] 
2020-10-28T08:26:56.998+0000: [GC (Allocation Failure) 2020-10-28T08:26:56.999+0000: [ParNew: 16388K->4K(18432K), 0.0010875 secs] 132080K->115696K(154076K), 0.0011346 secs] [Times: user=0.00 sys=0.01, real=0.01 secs] 
2020-10-28T08:26:57.011+0000: [GC (Allocation Failure) 2020-10-28T08:26:57.011+0000: [ParNew: 16388K->4K(18432K), 0.0068674 secs] 132080K->123889K(154076K), 0.0069276 secs] [Times: user=0.01 sys=0.00, real=0.00 secs] 
2020-10-28T08:26:57.036+0000: [GC (Allocation Failure) 2020-10-28T08:26:57.036+0000: [ParNew: 16388K->4K(18432K), 0.0011938 secs] 140273K->123889K(154076K), 0.0012400 secs] [Times: user=0.00 sys=0.00, real=0.00 secs] 
2020-10-28T08:26:57.058+0000: [GC (Allocation Failure) 2020-10-28T08:26:57.058+0000: [ParNew: 16388K->8K(18432K), 0.0011109 secs] 140273K->123893K(154076K), 0.0011556 secs] [Times: user=0.00 sys=0.00, real=0.00 secs] 
2020-10-28T08:26:57.077+0000: [GC (Allocation Failure) 2020-10-28T08:26:57.077+0000: [ParNew: 16392K->8K(18432K), 0.0012774 secs] 140277K->123893K(154076K), 0.0013286 secs] [Times: user=0.01 sys=0.00, real=0.00 secs] 
2020-10-28T08:26:57.097+0000: [GC (Allocation Failure) 2020-10-28T08:26:57.097+0000: [ParNew: 16392K->7K(18432K), 0.0012557 secs] 140277K->123892K(154076K), 0.0013073 secs] [Times: user=0.01 sys=0.00, real=0.00 secs] 
2020-10-28T08:26:57.117+0000: [GC (Allocation Failure) 2020-10-28T08:26:57.117+0000: [ParNew: 16391K->10K(18432K), 0.0012951 secs] 140276K->123895K(154076K), 0.0013574 secs] [Times: user=0.00 sys=0.00, real=0.00 secs] 
2020-10-28T08:26:57.136+0000: [GC (Allocation Failure) 2020-10-28T08:26:57.136+0000: [ParNew: 16394K->8K(18432K), 0.0013198 secs] 140279K->123893K(154076K), 0.0013975 secs] [Times: user=0.00 sys=0.00, real=0.00 secs] 
2020-10-28T08:26:57.157+0000: [GC (Allocation Failure) 2020-10-28T08:26:57.157+0000: [ParNew: 16392K->10K(18432K), 0.0012897 secs] 140277K->123895K(154076K), 0.0013402 secs] [Times: user=0.00 sys=0.00, real=0.00 secs] 
2020-10-28T08:26:57.169+0000: [GC (Allocation Failure) 2020-10-28T08:26:57.169+0000: [ParNew: 16394K->4K(18432K), 0.0067275 secs] 140279K->132085K(154076K), 0.0067732 secs] [Times: user=0.00 sys=0.00, real=0.00 secs] 
2020-10-28T08:26:57.195+0000: [GC (Allocation Failure) 2020-10-28T08:26:57.195+0000: [ParNew: 16388K->4K(18432K), 0.0012503 secs] 148469K->132085K(154076K), 0.0012994 secs] [Times: user=0.00 sys=0.00, real=0.00 secs] 
2020-10-28T08:26:57.217+0000: [GC (Allocation Failure) 2020-10-28T08:26:57.217+0000: [ParNew: 16388K->4K(18432K), 0.0011734 secs] 148469K->132085K(154076K), 0.0012226 secs] [Times: user=0.01 sys=0.00, real=0.00 secs] 
2020-10-28T08:26:57.241+0000: [GC (Allocation Failure) 2020-10-28T08:26:57.241+0000: [ParNew: 16388K->4K(18432K), 0.0012001 secs] 148469K->132086K(154076K), 0.0012494 secs] [Times: user=0.00 sys=0.00, real=0.00 secs] 
2020-10-28T08:26:57.261+0000: [GC (Allocation Failure) 2020-10-28T08:26:57.261+0000: [ParNew: 16388K->4K(18432K), 0.0012236 secs] 148470K->132086K(154076K), 0.0012669 secs] [Times: user=0.01 sys=0.00, real=0.00 secs] 
2020-10-28T08:26:57.281+0000: [GC (Allocation Failure) 2020-10-28T08:26:57.281+0000: [ParNew: 16388K->4K(18432K), 0.0011453 secs] 148470K->132086K(154076K), 0.0011904 secs] [Times: user=0.00 sys=0.00, real=0.00 secs] 
2020-10-28T08:26:57.302+0000: [GC (Allocation Failure) 2020-10-28T08:26:57.302+0000: [ParNew: 16388K->4K(18432K), 0.0011747 secs] 148470K->132086K(154076K), 0.0012263 secs] [Times: user=0.00 sys=0.00, real=0.00 secs] 
2020-10-28T08:26:57.324+0000: [GC (Allocation Failure) 2020-10-28T08:26:57.324+0000: [ParNew: 16388K->4K(18432K), 0.0010137 secs] 148470K->132086K(154076K), 0.0010571 secs] [Times: user=0.00 sys=0.00, real=0.00 secs] 
2020-10-28T08:26:57.343+0000: [GC (Allocation Failure) 2020-10-28T08:26:57.343+0000: [ParNew: 16388K->4K(18432K), 0.0009369 secs] 148470K->132086K(154076K), 0.0009783 secs] [Times: user=0.00 sys=0.00, real=0.00 secs] 
2020-10-28T08:26:57.361+0000: [GC (Allocation Failure) 2020-10-28T08:26:57.361+0000: [ParNew: 16388K->4K(18432K), 0.0009172 secs] 148470K->132086K(154076K), 0.0009574 secs] [Times: user=0.00 sys=0.00, real=0.00 secs] 
2020-10-28T08:26:57.380+0000: [GC (Allocation Failure) 2020-10-28T08:26:57.380+0000: [ParNew: 16388K->4K(18432K), 0.0008969 secs] 148470K->132086K(154076K), 0.0009363 secs] [Times: user=0.00 sys=0.00, real=0.00 secs] 
2020-10-28T08:26:57.400+0000: [GC (Allocation Failure) 2020-10-28T08:26:57.400+0000: [ParNew: 16388K->4K(18432K), 0.0009611 secs] 148470K->132086K(154076K), 0.0010044 secs] [Times: user=0.00 sys=0.00, real=0.00 secs] 
2020-10-28T08:26:57.418+0000: [GC (Allocation Failure) 2020-10-28T08:26:57.418+0000: [ParNew: 16386K->4K(18432K), 0.0009824 secs] 148468K->132086K(154076K), 0.0010232 secs] [Times: user=0.01 sys=0.00, real=0.00 secs] 
2020-10-28T08:26:57.441+0000: [GC (Allocation Failure) 2020-10-28T08:26:57.441+0000: [ParNew: 13359K->4K(18432K), 0.0009886 secs] 145441K->132086K(154076K), 0.0010315 secs] [Times: user=0.01 sys=0.00, real=0.00 secs] 
2020-10-28T08:26:57.451+0000: [GC (Allocation Failure) 2020-10-28T08:26:57.451+0000: [ParNew: 16388K->4K(18432K), 0.0064456 secs] 148470K->140278K(162272K), 0.0064856 secs] [Times: user=0.00 sys=0.00, real=0.00 secs] 
2020-10-28T08:26:57.458+0000: [CMS-concurrent-abortable-preclean: 0.029/1.013 secs] [Times: user=1.25 sys=0.07, real=1.01 secs] 
2020-10-28T08:26:57.460+0000: [GC (CMS Final Remark) [YG occupancy: 330 K (18432 K)]2020-10-28T08:26:57.460+0000: [Rescan (parallel) , 0.0009830 secs]2020-10-28T08:26:57.461+0000: [weak refs processing, 0.0000384 secs]2020-10-28T08:26:57.461+0000: [class unloading, 0.0060953 secs]2020-10-28T08:26:57.467+0000: [scrub symbol table, 0.0074116 secs]2020-10-28T08:26:57.474+0000: [scrub string table, 0.0005162 secs][1 CMS-remark: 140274K(143840K)] 140605K(162272K), 0.0151311 secs] [Times: user=0.02 sys=0.00, real=0.01 secs] 
2020-10-28T08:26:57.475+0000: [CMS-concurrent-sweep-start]
2020-10-28T08:26:57.485+0000: [CMS-concurrent-sweep: 0.010/0.010 secs] [Times: user=0.02 sys=0.00, real=0.01 secs] 
2020-10-28T08:26:57.485+0000: [CMS-concurrent-reset-start]
2020-10-28T08:26:57.487+0000: [CMS-concurrent-reset: 0.002/0.002 secs] [Times: user=0.00 sys=0.00, real=0.00 secs] 
2020-10-28T08:26:57.498+0000: [GC (Allocation Failure) 2020-10-28T08:26:57.498+0000: [ParNew: 16388K->4K(18432K), 0.0015035 secs] 156159K->139775K(251388K), 0.0015406 secs] [Times: user=0.01 sys=0.00, real=0.00 secs] 
2020-10-28T08:26:57.517+0000: [GC (Allocation Failure) 2020-10-28T08:26:57.517+0000: [ParNew: 16388K->4K(18432K), 0.0014020 secs] 156159K->139775K(251388K), 0.0014419 secs] [Times: user=0.00 sys=0.00, real=0.00 secs] 
2020-10-28T08:26:57.537+0000: [GC (Allocation Failure) 2020-10-28T08:26:57.537+0000: [ParNew: 16388K->4K(18432K), 0.0012175 secs] 156159K->139775K(251388K), 0.0012571 secs] [Times: user=0.00 sys=0.00, real=0.00 secs] 
2020-10-28T08:26:57.556+0000: [GC (Allocation Failure) 2020-10-28T08:26:57.556+0000: [ParNew: 16388K->4K(18432K), 0.0012281 secs] 156159K->139775K(251388K), 0.0012863 secs] [Times: user=0.00 sys=0.00, real=0.00 secs] 
2020-10-28T08:26:57.575+0000: [GC (Allocation Failure) 2020-10-28T08:26:57.575+0000: [ParNew: 16388K->4K(18432K), 0.0012550 secs] 156159K->139775K(251388K), 0.0013042 secs] [Times: user=0.00 sys=0.00, real=0.00 secs] 
2020-10-28T08:26:57.595+0000: [GC (Allocation Failure) 2020-10-28T08:26:57.595+0000: [ParNew: 16388K->4K(18432K), 0.0012676 secs] 156159K->139775K(251388K), 0.0013086 secs] [Times: user=0.00 sys=0.00, real=0.00 secs] 
2020-10-28T08:26:57.614+0000: [GC (Allocation Failure) 2020-10-28T08:26:57.614+0000: [ParNew: 16388K->4K(18432K), 0.0012066 secs] 156159K->139775K(251388K), 0.0012458 secs] [Times: user=0.00 sys=0.00, real=0.00 secs] 
2020-10-28T08:26:57.634+0000: [GC (Allocation Failure) 2020-10-28T08:26:57.634+0000: [ParNew: 16388K->4K(18432K), 0.0012288 secs] 156159K->139775K(251388K), 0.0012690 secs] [Times: user=0.01 sys=0.00, real=0.00 secs] 
2020-10-28T08:26:57.653+0000: [GC (Allocation Failure) 2020-10-28T08:26:57.653+0000: [ParNew: 16388K->4K(18432K), 0.0012756 secs] 156159K->139775K(251388K), 0.0013184 secs] [Times: user=0.01 sys=0.00, real=0.00 secs] 
2020-10-28T08:26:57.678+0000: [GC (Allocation Failure) 2020-10-28T08:26:57.678+0000: [ParNew: 16388K->4K(18432K), 0.0013665 secs] 156159K->139775K(251388K), 0.0014091 secs] [Times: user=0.00 sys=0.00, real=0.00 secs] 
2020-10-28T08:26:57.708+0000: [GC (Allocation Failure) 2020-10-28T08:26:57.708+0000: [ParNew: 16388K->4K(18432K), 0.0014582 secs] 172543K->156159K(251388K), 0.0015088 secs] [Times: user=0.00 sys=0.00, real=0.00 secs] 
2020-10-28T08:26:57.712+0000: [GC (CMS Initial Mark) [1 CMS-initial-mark: 156155K(232956K)] 156487K(251388K), 0.0009683 secs] [Times: user=0.00 sys=0.00, real=0.00 secs] 
2020-10-28T08:26:57.713+0000: [CMS-concurrent-mark-start]
2020-10-28T08:26:57.741+0000: [GC (Allocation Failure) 2020-10-28T08:26:57.741+0000: [ParNew: 16388K->4K(18432K), 0.0013680 secs] 172543K->156159K(251388K), 0.0014197 secs] [Times: user=0.00 sys=0.00, real=0.00 secs] 
2020-10-28T08:26:57.749+0000: [CMS-concurrent-mark: 0.035/0.037 secs] [Times: user=0.08 sys=0.00, real=0.04 secs] 
2020-10-28T08:26:57.750+0000: [CMS-concurrent-preclean-start]
2020-10-28T08:26:57.751+0000: [CMS-concurrent-preclean: 0.001/0.001 secs] [Times: user=0.00 sys=0.00, real=0.00 secs] 
2020-10-28T08:26:57.751+0000: [CMS-concurrent-abortable-preclean-start]
2020-10-28T08:26:57.765+0000: [GC (Allocation Failure) 2020-10-28T08:26:57.765+0000: [ParNew: 16388K->4K(18432K), 0.0012340 secs] 172543K->156159K(251388K), 0.0012804 secs] [Times: user=0.01 sys=0.00, real=0.00 secs] 
2020-10-28T08:26:57.784+0000: [GC (Allocation Failure) 2020-10-28T08:26:57.784+0000: [ParNew: 16388K->4K(18432K), 0.0011029 secs] 172543K->156159K(251388K), 0.0011441 secs] [Times: user=0.00 sys=0.00, real=0.00 secs] 
2020-10-28T08:26:57.805+0000: [GC (Allocation Failure) 2020-10-28T08:26:57.805+0000: [ParNew: 16388K->4K(18432K), 0.0011459 secs] 172543K->156159K(251388K), 0.0011883 secs] [Times: user=0.00 sys=0.00, real=0.00 secs] 
2020-10-28T08:26:57.825+0000: [GC (Allocation Failure) 2020-10-28T08:26:57.825+0000: [ParNew: 16388K->4K(18432K), 0.0010698 secs] 172543K->156159K(251388K), 0.0011110 secs] [Times: user=0.00 sys=0.00, real=0.00 secs] 
2020-10-28T08:26:57.844+0000: [GC (Allocation Failure) 2020-10-28T08:26:57.844+0000: [ParNew: 16388K->4K(18432K), 0.0011265 secs] 172543K->156160K(251388K), 0.0011689 secs] [Times: user=0.00 sys=0.00, real=0.00 secs] 
2020-10-28T08:26:57.863+0000: [GC (Allocation Failure) 2020-10-28T08:26:57.864+0000: [ParNew: 16388K->4K(18432K), 0.0011071 secs] 172544K->156160K(251388K), 0.0011488 secs] [Times: user=0.00 sys=0.00, real=0.00 secs] 
2020-10-28T08:26:57.883+0000: [GC (Allocation Failure) 2020-10-28T08:26:57.883+0000: [ParNew: 16388K->4K(18432K), 0.0011330 secs] 172544K->156160K(251388K), 0.0011754 secs] [Times: user=0.00 sys=0.00, real=0.00 secs] 
2020-10-28T08:26:57.902+0000: [GC (Allocation Failure) 2020-10-28T08:26:57.902+0000: [ParNew: 16388K->4K(18432K), 0.0010844 secs] 172544K->156160K(251388K), 0.0011257 secs] [Times: user=0.00 sys=0.00, real=0.00 secs] 
2020-10-28T08:26:57.921+0000: [GC (Allocation Failure) 2020-10-28T08:26:57.921+0000: [ParNew: 16388K->4K(18432K), 0.0010507 secs] 172544K->156160K(251388K), 0.0010907 secs] [Times: user=0.01 sys=0.00, real=0.00 secs] 
2020-10-28T08:26:57.940+0000: [GC (Allocation Failure) 2020-10-28T08:26:57.940+0000: [ParNew: 16388K->4K(18432K), 0.0010505 secs] 172544K->156160K(251388K), 0.0010900 secs] [Times: user=0.00 sys=0.00, real=0.01 secs] 
2020-10-28T08:26:57.958+0000: [GC (Allocation Failure) 2020-10-28T08:26:57.958+0000: [ParNew: 16386K->4K(18432K), 0.0011150 secs] 172542K->156160K(251388K), 0.0011553 secs] [Times: user=0.00 sys=0.00, real=0.00 secs] 
2020-10-28T08:26:57.977+0000: [GC (Allocation Failure) 2020-10-28T08:26:57.977+0000: [ParNew: 16388K->4K(18432K), 0.0010680 secs] 172544K->156160K(251388K), 0.0011082 secs] [Times: user=0.00 sys=0.00, real=0.00 secs] 
2020-10-28T08:26:57.996+0000: [GC (Allocation Failure) 2020-10-28T08:26:57.996+0000: [ParNew: 16388K->4K(18432K), 0.0011101 secs] 172544K->156160K(251388K), 0.0011496 secs] [Times: user=0.00 sys=0.00, real=0.00 secs] 
2020-10-28T08:26:58.008+0000: [GC (Allocation Failure) 2020-10-28T08:26:58.008+0000: [ParNew: 9833K->4K(18432K), 0.0009085 secs] 165989K->156160K(251388K), 0.0009425 secs] [Times: user=0.00 sys=0.00, real=0.00 secs] 
2020-10-28T08:26:58.019+0000: [GC (Allocation Failure) 2020-10-28T08:26:58.019+0000: [ParNew: 16388K->4K(18432K), 0.0063743 secs] 172544K->164352K(251388K), 0.0064116 secs] [Times: user=0.01 sys=0.01, real=0.01 secs] 
2020-10-28T08:26:58.025+0000: [CMS-concurrent-abortable-preclean: 0.012/0.274 secs] [Times: user=0.30 sys=0.02, real=0.27 secs] 
2020-10-28T08:26:58.025+0000: [GC (CMS Final Remark) [YG occupancy: 329 K (18432 K)]2020-10-28T08:26:58.025+0000: [Rescan (parallel) , 0.0008821 secs]2020-10-28T08:26:58.026+0000: [weak refs processing, 0.0000258 secs]2020-10-28T08:26:58.026+0000: [class unloading, 0.0061391 secs]2020-10-28T08:26:58.032+0000: [scrub symbol table, 0.0074749 secs]2020-10-28T08:26:58.040+0000: [scrub string table, 0.0005073 secs][1 CMS-remark: 164348K(232956K)] 164677K(251388K), 0.0151160 secs] [Times: user=0.01 sys=0.00, real=0.02 secs] 
2020-10-28T08:26:58.041+0000: [CMS-concurrent-sweep-start]
2020-10-28T08:26:58.050+0000: [CMS-concurrent-sweep: 0.009/0.009 secs] [Times: user=0.02 sys=0.00, real=0.01 secs] 
2020-10-28T08:26:58.050+0000: [CMS-concurrent-reset-start]
2020-10-28T08:26:58.052+0000: [CMS-concurrent-reset: 0.002/0.002 secs] [Times: user=0.00 sys=0.00, real=0.00 secs] 
2020-10-28T08:26:58.063+0000: [GC (Allocation Failure) 2020-10-28T08:26:58.063+0000: [ParNew: 16388K->4K(18432K), 0.0015415 secs] 173564K->157180K(280396K), 0.0015808 secs] [Times: user=0.00 sys=0.00, real=0.00 secs] 
2020-10-28T08:26:58.085+0000: [GC (Allocation Failure) 2020-10-28T08:26:58.085+0000: [ParNew: 16388K->4K(18432K), 0.0013473 secs] 173564K->157180K(280396K), 0.0013970 secs] [Times: user=0.00 sys=0.00, real=0.00 secs] 
2020-10-28T08:26:58.104+0000: [GC (Allocation Failure) 2020-10-28T08:26:58.104+0000: [ParNew: 16388K->4K(18432K), 0.0013807 secs] 173564K->157180K(280396K), 0.0014462 secs] [Times: user=0.00 sys=0.00, real=0.00 secs] 
2020-10-28T08:26:58.123+0000: [GC (Allocation Failure) 2020-10-28T08:26:58.123+0000: [ParNew: 16388K->4K(18432K), 0.0013779 secs] 173564K->157180K(280396K), 0.0014157 secs] [Times: user=0.00 sys=0.00, real=0.00 secs] 
2020-10-28T08:26:58.142+0000: [GC (Allocation Failure) 2020-10-28T08:26:58.142+0000: [ParNew: 16388K->4K(18432K), 0.0011864 secs] 173564K->157180K(280396K), 0.0012252 secs] [Times: user=0.00 sys=0.00, real=0.00 secs] 
2020-10-28T08:26:58.161+0000: [GC (Allocation Failure) 2020-10-28T08:26:58.161+0000: [ParNew: 16388K->4K(18432K), 0.0012728 secs] 173564K->157180K(280396K), 0.0013094 secs] [Times: user=0.00 sys=0.00, real=0.00 secs] 
2020-10-28T08:26:58.180+0000: [GC (Allocation Failure) 2020-10-28T08:26:58.180+0000: [ParNew: 16388K->4K(18432K), 0.0013447 secs] 173564K->157180K(280396K), 0.0013851 secs] [Times: user=0.01 sys=0.00, real=0.00 secs] 
2020-10-28T08:26:58.199+0000: [GC (Allocation Failure) 2020-10-28T08:26:58.199+0000: [ParNew: 16388K->4K(18432K), 0.0013110 secs] 173564K->157180K(280396K), 0.0013523 secs] [Times: user=0.01 sys=0.00, real=0.01 secs] 
2020-10-28T08:26:58.218+0000: [GC (Allocation Failure) 2020-10-28T08:26:58.218+0000: [ParNew: 16388K->4K(18432K), 0.0012579 secs] 173564K->157180K(280396K), 0.0012953 secs] [Times: user=0.01 sys=0.00, real=0.00 secs] 
2020-10-28T08:26:58.236+0000: [GC (Allocation Failure) 2020-10-28T08:26:58.236+0000: [ParNew: 16388K->4K(18432K), 0.0011544 secs] 173564K->157180K(280396K), 0.0011928 secs] [Times: user=0.00 sys=0.00, real=0.00 secs] 
2020-10-28T08:26:58.255+0000: [GC (Allocation Failure) 2020-10-28T08:26:58.255+0000: [ParNew: 16388K->4K(18432K), 0.0012800 secs] 173564K->157180K(280396K), 0.0013175 secs] [Times: user=0.00 sys=0.00, real=0.00 secs] 
2020-10-28T08:26:58.283+0000: [GC (Allocation Failure) 2020-10-28T08:26:58.283+0000: [ParNew: 16388K->10K(18432K), 0.0014394 secs] 173564K->157186K(280396K), 0.0014861 secs] [Times: user=0.00 sys=0.00, real=0.00 secs] 
2020-10-28T08:26:58.295+0000: [GC (Allocation Failure) 2020-10-28T08:26:58.295+0000: [ParNew: 8855K->10K(18432K), 0.0011737 secs] 166032K->157187K(280396K), 0.0012115 secs] [Times: user=0.00 sys=0.00, real=0.00 secs] 
2020-10-28T08:26:58.306+0000: [GC (Allocation Failure) 2020-10-28T08:26:58.306+0000: [ParNew: 16394K->13K(18432K), 0.0068266 secs] 173571K->165381K(280396K), 0.0068664 secs] [Times: user=0.01 sys=0.00, real=0.01 secs] 
2020-10-28T08:26:58.313+0000: [GC (CMS Initial Mark) [1 CMS-initial-mark: 165368K(261964K)] 165706K(280396K), 0.0010053 secs] [Times: user=0.00 sys=0.01, real=0.00 secs] 
2020-10-28T08:26:58.315+0000: [CMS-concurrent-mark-start]
2020-10-28T08:26:58.342+0000: [GC (Allocation Failure) 2020-10-28T08:26:58.342+0000: [ParNew: 16397K->8K(18432K), 0.0013807 secs] 181765K->165376K(280396K), 0.0014291 secs] [Times: user=0.00 sys=0.00, real=0.00 secs] 
2020-10-28T08:26:58.352+0000: [CMS-concurrent-mark: 0.036/0.038 secs] [Times: user=0.08 sys=0.00, real=0.04 secs] 
2020-10-28T08:26:58.352+0000: [CMS-concurrent-preclean-start]
2020-10-28T08:26:58.353+0000: [CMS-concurrent-preclean: 0.001/0.001 secs] [Times: user=0.00 sys=0.00, real=0.00 secs] 
2020-10-28T08:26:58.353+0000: [CMS-concurrent-abortable-preclean-start]
2020-10-28T08:26:58.365+0000: [GC (Allocation Failure) 2020-10-28T08:26:58.365+0000: [ParNew: 16392K->9K(18432K), 0.0011677 secs] 181760K->165377K(280396K), 0.0012044 secs] [Times: user=0.00 sys=0.00, real=0.00 secs] 
2020-10-28T08:26:58.384+0000: [GC (Allocation Failure) 2020-10-28T08:26:58.384+0000: [ParNew: 16393K->10K(18432K), 0.0011491 secs] 181761K->165378K(280396K), 0.0011896 secs] [Times: user=0.01 sys=0.00, real=0.00 secs] 
2020-10-28T08:26:58.403+0000: [GC (Allocation Failure) 2020-10-28T08:26:58.403+0000: [ParNew: 16394K->7K(18432K), 0.0012771 secs] 181762K->165381K(280396K), 0.0013313 secs] [Times: user=0.01 sys=0.00, real=0.00 secs] 
2020-10-28T08:26:58.422+0000: [GC (Allocation Failure) 2020-10-28T08:26:58.422+0000: [ParNew: 16391K->4K(18432K), 0.0011851 secs] 181765K->165378K(280396K), 0.0012332 secs] [Times: user=0.00 sys=0.00, real=0.00 secs] 
2020-10-28T08:26:58.441+0000: [GC (Allocation Failure) 2020-10-28T08:26:58.441+0000: [ParNew: 16388K->4K(18432K), 0.0011083 secs] 181762K->165378K(280396K), 0.0011485 secs] [Times: user=0.00 sys=0.00, real=0.00 secs] 
2020-10-28T08:26:58.460+0000: [GC (Allocation Failure) 2020-10-28T08:26:58.460+0000: [ParNew: 16388K->4K(18432K), 0.0011290 secs] 181762K->165378K(280396K), 0.0011697 secs] [Times: user=0.01 sys=0.00, real=0.00 secs] 
2020-10-28T08:26:58.479+0000: [GC (Allocation Failure) 2020-10-28T08:26:58.479+0000: [ParNew: 16388K->4K(18432K), 0.0011447 secs] 181762K->165378K(280396K), 0.0011851 secs] [Times: user=0.01 sys=0.00, real=0.01 secs] 
2020-10-28T08:26:58.498+0000: [GC (Allocation Failure) 2020-10-28T08:26:58.498+0000: [ParNew: 16388K->4K(18432K), 0.0010812 secs] 181762K->165378K(280396K), 0.0011208 secs] [Times: user=0.01 sys=0.00, real=0.00 secs] 
2020-10-28T08:26:58.517+0000: [GC (Allocation Failure) 2020-10-28T08:26:58.517+0000: [ParNew: 16388K->4K(18432K), 0.0011017 secs] 181762K->165378K(280396K), 0.0011409 secs] [Times: user=0.00 sys=0.00, real=0.00 secs] 
2020-10-28T08:26:58.536+0000: [GC (Allocation Failure) 2020-10-28T08:26:58.536+0000: [ParNew: 16388K->4K(18432K), 0.0010589 secs] 181762K->165378K(280396K), 0.0011279 secs] [Times: user=0.00 sys=0.00, real=0.00 secs] 
2020-10-28T08:26:58.563+0000: [GC (Allocation Failure) 2020-10-28T08:26:58.563+0000: [ParNew: 16388K->4K(18432K), 0.0012362 secs] 181762K->165378K(280396K), 0.0012962 secs] [Times: user=0.00 sys=0.00, real=0.00 secs] 
2020-10-28T08:26:58.579+0000: [GC (Allocation Failure) 2020-10-28T08:26:58.579+0000: [ParNew: 8865K->4K(18432K), 0.0010189 secs] 174240K->165378K(280396K), 0.0010555 secs] [Times: user=0.00 sys=0.00, real=0.01 secs] 
2020-10-28T08:26:58.591+0000: [GC (Allocation Failure) 2020-10-28T08:26:58.591+0000: [ParNew: 16388K->4K(18432K), 0.0068529 secs] 181762K->173570K(280396K), 0.0068992 secs] [Times: user=0.01 sys=0.01, real=0.00 secs] 
2020-10-28T08:26:58.598+0000: [CMS-concurrent-abortable-preclean: 0.010/0.245 secs] [Times: user=0.29 sys=0.01, real=0.24 secs] 
2020-10-28T08:26:58.600+0000: [GC (CMS Final Remark) [YG occupancy: 4 K (18432 K)]2020-10-28T08:26:58.600+0000: [Rescan (parallel) , 0.0016948 secs]2020-10-28T08:26:58.601+0000: [weak refs processing, 0.0000318 secs]2020-10-28T08:26:58.601+0000: [class unloading, 0.0067714 secs]2020-10-28T08:26:58.608+0000: [scrub symbol table, 0.0074337 secs]2020-10-28T08:26:58.616+0000: [scrub string table, 0.0005129 secs][1 CMS-remark: 173566K(261964K)] 173570K(280396K), 0.0165357 secs] [Times: user=0.02 sys=0.00, real=0.01 secs] 
2020-10-28T08:26:58.616+0000: [CMS-concurrent-sweep-start]
2020-10-28T08:26:58.626+0000: [CMS-concurrent-sweep: 0.009/0.009 secs] [Times: user=0.01 sys=0.00, real=0.01 secs] 
2020-10-28T08:26:58.626+0000: [CMS-concurrent-reset-start]
2020-10-28T08:26:58.628+0000: [CMS-concurrent-reset: 0.002/0.002 secs] [Times: user=0.01 sys=0.00, real=0.01 secs] 
2020-10-28T08:26:58.639+0000: [GC (Allocation Failure) 2020-10-28T08:26:58.639+0000: [ParNew: 16388K->4K(18432K), 0.0016088 secs] 189954K->173570K(307712K), 0.0016463 secs] [Times: user=0.00 sys=0.00, real=0.01 secs] 
2020-10-28T08:26:58.658+0000: [GC (Allocation Failure) 2020-10-28T08:26:58.658+0000: [ParNew: 16388K->4K(18432K), 0.0014703 secs] 189954K->173570K(307712K), 0.0015114 secs] [Times: user=0.01 sys=0.00, real=0.00 secs] 
2020-10-28T08:26:58.677+0000: [GC (Allocation Failure) 2020-10-28T08:26:58.677+0000: [ParNew: 16388K->4K(18432K), 0.0014176 secs] 189954K->173570K(307712K), 0.0014553 secs] [Times: user=0.01 sys=0.00, real=0.00 secs] 
2020-10-28T08:26:58.696+0000: [GC (Allocation Failure) 2020-10-28T08:26:58.696+0000: [ParNew: 16388K->4K(18432K), 0.0012578 secs] 189954K->173570K(307712K), 0.0013085 secs] [Times: user=0.01 sys=0.00, real=0.00 secs] 
2020-10-28T08:26:58.715+0000: [GC (Allocation Failure) 2020-10-28T08:26:58.715+0000: [ParNew: 16388K->4K(18432K), 0.0013467 secs] 189954K->173570K(307712K), 0.0013851 secs] [Times: user=0.01 sys=0.00, real=0.00 secs] 
2020-10-28T08:26:58.734+0000: [GC (Allocation Failure) 2020-10-28T08:26:58.734+0000: [ParNew: 16388K->4K(18432K), 0.0012134 secs] 189954K->173570K(307712K), 0.0012502 secs] [Times: user=0.01 sys=0.00, real=0.00 secs] 
2020-10-28T08:26:58.755+0000: [GC (Allocation Failure) 2020-10-28T08:26:58.755+0000: [ParNew: 16388K->4K(18432K), 0.0015828 secs] 189954K->173570K(307712K), 0.0016349 secs] [Times: user=0.00 sys=0.00, real=0.00 secs] 
2020-10-28T08:26:58.775+0000: [GC (Allocation Failure) 2020-10-28T08:26:58.775+0000: [ParNew: 16388K->4K(18432K), 0.0015585 secs] 189954K->173570K(307712K), 0.0016012 secs] [Times: user=0.00 sys=0.00, real=0.00 secs] 
2020-10-28T08:26:58.794+0000: [GC (Allocation Failure) 2020-10-28T08:26:58.794+0000: [ParNew: 16388K->4K(18432K), 0.0013565 secs] 189954K->173570K(307712K), 0.0013959 secs] [Times: user=0.00 sys=0.00, real=0.00 secs] 
2020-10-28T08:26:58.816+0000: [GC (Allocation Failure) 2020-10-28T08:26:58.816+0000: [ParNew: 16388K->4K(18432K), 0.0012650 secs] 189954K->173570K(307712K), 0.0013043 secs] [Times: user=0.00 sys=0.00, real=0.00 secs] 
2020-10-28T08:26:58.835+0000: [GC (Allocation Failure) 2020-10-28T08:26:58.835+0000: [ParNew: 16388K->4K(18432K), 0.0012983 secs] 189954K->173570K(307712K), 0.0013377 secs] [Times: user=0.00 sys=0.00, real=0.00 secs] 
2020-10-28T08:26:58.861+0000: [GC (Allocation Failure) 2020-10-28T08:26:58.861+0000: [ParNew: 16388K->4K(18432K), 0.0014053 secs] 189954K->173570K(307712K), 0.0014657 secs] [Times: user=0.01 sys=0.00, real=0.00 secs] 
2020-10-28T08:26:58.876+0000: [GC (Allocation Failure) 2020-10-28T08:26:58.876+0000: [ParNew: 9476K->4K(18432K), 0.0013515 secs] 183042K->173570K(307712K), 0.0013888 secs] [Times: user=0.00 sys=0.00, real=0.00 secs] 
2020-10-28T08:26:58.887+0000: [GC (Allocation Failure) 2020-10-28T08:26:58.887+0000: [ParNew: 16388K->4K(18432K), 0.0068948 secs] 189954K->181762K(307712K), 0.0069318 secs] [Times: user=0.01 sys=0.00, real=0.01 secs] 
2020-10-28T08:26:58.896+0000: [GC (CMS Initial Mark) [1 CMS-initial-mark: 181758K(289280K)] 182087K(307712K), 0.0009997 secs] [Times: user=0.00 sys=0.00, real=0.00 secs] 
2020-10-28T08:26:58.897+0000: [CMS-concurrent-mark-start]
2020-10-28T08:26:58.930+0000: [CMS-concurrent-mark: 0.033/0.033 secs] [Times: user=0.06 sys=0.00, real=0.04 secs] 
2020-10-28T08:26:58.930+0000: [GC (Allocation Failure) 2020-10-28T08:26:58.930+0000: [ParNew: 16388K->4K(18432K), 0.0014765 secs] 198146K->181762K(307712K), 0.0015127 secs] [Times: user=0.00 sys=0.00, real=0.00 secs] 
2020-10-28T08:26:58.931+0000: [CMS-concurrent-preclean-start]
2020-10-28T08:26:58.932+0000: [CMS-concurrent-preclean: 0.001/0.001 secs] [Times: user=0.00 sys=0.00, real=0.00 secs] 
2020-10-28T08:26:58.936+0000: [GC (CMS Final Remark) [YG occupancy: 981 K (18432 K)]2020-10-28T08:26:58.936+0000: [Rescan (parallel) , 0.0012796 secs]2020-10-28T08:26:58.937+0000: [weak refs processing, 0.0000236 secs]2020-10-28T08:26:58.937+0000: [class unloading, 0.0059915 secs]2020-10-28T08:26:58.943+0000: [scrub symbol table, 0.0074716 secs]2020-10-28T08:26:58.951+0000: [scrub string table, 0.0004999 secs][1 CMS-remark: 181758K(289280K)] 182739K(307712K), 0.0153532 secs] [Times: user=0.02 sys=0.00, real=0.02 secs] 
2020-10-28T08:26:58.951+0000: [CMS-concurrent-sweep-start]
2020-10-28T08:26:58.960+0000: [CMS-concurrent-sweep: 0.009/0.009 secs] [Times: user=0.01 sys=0.00, real=0.01 secs] 
2020-10-28T08:26:58.960+0000: [CMS-concurrent-reset-start]
2020-10-28T08:26:58.962+0000: [CMS-concurrent-reset: 0.002/0.002 secs] [Times: user=0.01 sys=0.00, real=0.00 secs] 
2020-10-28T08:26:58.973+0000: [GC (Allocation Failure) 2020-10-28T08:26:58.973+0000: [ParNew: 16388K->4K(18432K), 0.0016008 secs] 198146K->181762K(321364K), 0.0016493 secs] [Times: user=0.00 sys=0.00, real=0.00 secs] 
2020-10-28T08:26:58.992+0000: [GC (Allocation Failure) 2020-10-28T08:26:58.992+0000: [ParNew: 16388K->4K(18432K), 0.0013550 secs] 198146K->181762K(321364K), 0.0013955 secs] [Times: user=0.00 sys=0.00, real=0.00 secs] 
2020-10-28T08:26:59.011+0000: [GC (Allocation Failure) 2020-10-28T08:26:59.011+0000: [ParNew: 16388K->4K(18432K), 0.0014062 secs] 198146K->181762K(321364K), 0.0014479 secs] [Times: user=0.00 sys=0.00, real=0.00 secs] 
2020-10-28T08:26:59.030+0000: [GC (Allocation Failure) 2020-10-28T08:26:59.030+0000: [ParNew: 16388K->4K(18432K), 0.0014738 secs] 198146K->181762K(321364K), 0.0015181 secs] [Times: user=0.00 sys=0.00, real=0.00 secs] 
2020-10-28T08:26:59.050+0000: [GC (Allocation Failure) 2020-10-28T08:26:59.050+0000: [ParNew: 16388K->4K(18432K), 0.0013967 secs] 198146K->181762K(321364K), 0.0014375 secs] [Times: user=0.00 sys=0.00, real=0.00 secs] 
2020-10-28T08:26:59.069+0000: [GC (Allocation Failure) 2020-10-28T08:26:59.069+0000: [ParNew: 16388K->4K(18432K), 0.0013544 secs] 198146K->181762K(321364K), 0.0013958 secs] [Times: user=0.00 sys=0.00, real=0.00 secs] 
2020-10-28T08:26:59.088+0000: [GC (Allocation Failure) 2020-10-28T08:26:59.088+0000: [ParNew: 16388K->4K(18432K), 0.0013469 secs] 198146K->181762K(321364K), 0.0013839 secs] [Times: user=0.00 sys=0.00, real=0.00 secs] 
2020-10-28T08:26:59.128+0000: [GC (Allocation Failure) 2020-10-28T08:26:59.128+0000: [ParNew: 16388K->4K(18432K), 0.0015897 secs] 230914K->214530K(321364K), 0.0016408 secs] [Times: user=0.00 sys=0.00, real=0.00 secs] 
2020-10-28T08:26:59.132+0000: [GC (CMS Initial Mark) [1 CMS-initial-mark: 214526K(302932K)] 214858K(321364K), 0.0009556 secs] [Times: user=0.00 sys=0.00, real=0.00 secs] 
2020-10-28T08:26:59.133+0000: [CMS-concurrent-mark-start]
2020-10-28T08:26:59.165+0000: [GC (Allocation Failure) 2020-10-28T08:26:59.165+0000: [ParNew: 16388K->4K(18432K), 0.0015322 secs] 230914K->214530K(321364K), 0.0015893 secs] [Times: user=0.01 sys=0.00, real=0.00 secs] 
2020-10-28T08:26:59.180+0000: [CMS-concurrent-mark: 0.045/0.047 secs] [Times: user=0.08 sys=0.00, real=0.04 secs] 
2020-10-28T08:26:59.180+0000: [CMS-concurrent-preclean-start]
2020-10-28T08:26:59.181+0000: [CMS-concurrent-preclean: 0.001/0.001 secs] [Times: user=0.00 sys=0.00, real=0.00 secs] 
2020-10-28T08:26:59.181+0000: [CMS-concurrent-abortable-preclean-start]
2020-10-28T08:26:59.190+0000: [GC (Allocation Failure) 2020-10-28T08:26:59.190+0000: [ParNew: 16388K->4K(18432K), 0.0013006 secs] 230914K->214530K(321364K), 0.0013440 secs] [Times: user=0.00 sys=0.00, real=0.00 secs] 
2020-10-28T08:26:59.212+0000: [GC (Allocation Failure) 2020-10-28T08:26:59.212+0000: [ParNew: 16388K->4K(18432K), 0.0013372 secs] 230914K->214530K(321364K), 0.0013814 secs] [Times: user=0.00 sys=0.00, real=0.00 secs] 
2020-10-28T08:26:59.223+0000: [GC (Allocation Failure) 2020-10-28T08:26:59.223+0000: [ParNew: 8865K->4K(18432K), 0.0010275 secs] 223392K->214530K(321364K), 0.0010605 secs] [Times: user=0.01 sys=0.00, real=0.00 secs] 
2020-10-28T08:26:59.234+0000: [GC (Allocation Failure) 2020-10-28T08:26:59.234+0000: [ParNew: 16388K->4K(18432K), 0.0066973 secs] 230914K->222722K(321364K), 0.0067631 secs] [Times: user=0.00 sys=0.01, real=0.01 secs] 
2020-10-28T08:26:59.240+0000: [CMS-concurrent-abortable-preclean: 0.004/0.059 secs] [Times: user=0.07 sys=0.01, real=0.06 secs] 
2020-10-28T08:26:59.241+0000: [GC (CMS Final Remark) [YG occupancy: 329 K (18432 K)]2020-10-28T08:26:59.241+0000: [Rescan (parallel) , 0.0009218 secs]2020-10-28T08:26:59.242+0000: [weak refs processing, 0.0000239 secs]2020-10-28T08:26:59.242+0000: [class unloading, 0.0060749 secs]2020-10-28T08:26:59.248+0000: [scrub symbol table, 0.0074421 secs]2020-10-28T08:26:59.255+0000: [scrub string table, 0.0005156 secs][1 CMS-remark: 222718K(302932K)] 223047K(321364K), 0.0150626 secs] [Times: user=0.02 sys=0.00, real=0.01 secs] 
2020-10-28T08:26:59.259+0000: [CMS-concurrent-sweep-start]
2020-10-28T08:26:59.269+0000: [CMS-concurrent-sweep: 0.009/0.009 secs] [Times: user=0.02 sys=0.00, real=0.02 secs] 
2020-10-28T08:26:59.269+0000: [CMS-concurrent-reset-start]
2020-10-28T08:26:59.271+0000: [CMS-concurrent-reset: 0.002/0.002 secs] [Times: user=0.00 sys=0.00, real=0.00 secs] 
2020-10-28T08:26:59.285+0000: [GC (Allocation Failure) 2020-10-28T08:26:59.285+0000: [ParNew: 16388K->4K(18432K), 0.0017251 secs] 239106K->222722K(389632K), 0.0017786 secs] [Times: user=0.01 sys=0.00, real=0.00 secs] 
2020-10-28T08:26:59.316+0000: [GC (Allocation Failure) 2020-10-28T08:26:59.316+0000: [ParNew: 16388K->4K(18432K), 0.0017627 secs] 239106K->222722K(389632K), 0.0018281 secs] [Times: user=0.01 sys=0.00, real=0.00 secs] 
2020-10-28T08:26:59.338+0000: [GC (Allocation Failure) 2020-10-28T08:26:59.338+0000: [ParNew: 16388K->4K(18432K), 0.0015553 secs] 239106K->222722K(389632K), 0.0016017 secs] [Times: user=0.00 sys=0.00, real=0.00 secs] 
2020-10-28T08:26:59.357+0000: [GC (Allocation Failure) 2020-10-28T08:26:59.357+0000: [ParNew: 16388K->4K(18432K), 0.0015065 secs] 239106K->222722K(389632K), 0.0015444 secs] [Times: user=0.00 sys=0.00, real=0.00 secs] 
2020-10-28T08:26:59.381+0000: [GC (Allocation Failure) 2020-10-28T08:26:59.381+0000: [ParNew: 16388K->4K(18432K), 0.0015349 secs] 239106K->222722K(389632K), 0.0015928 secs] [Times: user=0.01 sys=0.00, real=0.00 secs] 
2020-10-28T08:26:59.408+0000: [GC (Allocation Failure) 2020-10-28T08:26:59.408+0000: [ParNew: 16388K->4K(18432K), 0.0016075 secs] 239106K->222722K(389632K), 0.0016564 secs] [Times: user=0.01 sys=0.00, real=0.00 secs] 
2020-10-28T08:26:59.427+0000: [GC (Allocation Failure) 2020-10-28T08:26:59.427+0000: [ParNew: 16388K->4K(18432K), 0.0015754 secs] 239106K->222723K(389632K), 0.0016151 secs] [Times: user=0.00 sys=0.00, real=0.01 secs] 
2020-10-28T08:26:59.447+0000: [GC (Allocation Failure) 2020-10-28T08:26:59.447+0000: [ParNew: 16388K->4K(18432K), 0.0013976 secs] 239107K->222723K(389632K), 0.0014368 secs] [Times: user=0.00 sys=0.00, real=0.01 secs] 
2020-10-28T08:26:59.471+0000: [GC (Allocation Failure) 2020-10-28T08:26:59.471+0000: [ParNew: 16388K->4K(18432K), 0.0015315 secs] 239107K->222723K(389632K), 0.0015744 secs] [Times: user=0.01 sys=0.00, real=0.00 secs] 
2020-10-28T08:26:59.490+0000: [GC (Allocation Failure) 2020-10-28T08:26:59.490+0000: [ParNew: 16388K->4K(18432K), 0.0015554 secs] 239107K->222723K(389632K), 0.0015946 secs] [Times: user=0.01 sys=0.00, real=0.00 secs] 
2020-10-28T08:26:59.509+0000: [GC (Allocation Failure) 2020-10-28T08:26:59.509+0000: [ParNew: 16388K->4K(18432K), 0.0014147 secs] 239107K->222723K(389632K), 0.0014552 secs] [Times: user=0.00 sys=0.00, real=0.00 secs] 
2020-10-28T08:26:59.531+0000: [GC (Allocation Failure) 2020-10-28T08:26:59.531+0000: [ParNew: 16388K->4K(18432K), 0.0015177 secs] 239107K->222723K(389632K), 0.0015573 secs] [Times: user=0.00 sys=0.00, real=0.00 secs] 
2020-10-28T08:26:59.542+0000: [GC (Allocation Failure) 2020-10-28T08:26:59.542+0000: [ParNew: 9194K->4K(18432K), 0.0011927 secs] 231913K->222723K(389632K), 0.0012278 secs] [Times: user=0.00 sys=0.00, real=0.00 secs] 
2020-10-28T08:26:59.553+0000: [GC (Allocation Failure) 2020-10-28T08:26:59.553+0000: [ParNew: 16388K->4K(18432K), 0.0068129 secs] 239107K->230915K(389632K), 0.0068487 secs] [Times: user=0.01 sys=0.00, real=0.01 secs] 
2020-10-28T08:26:59.577+0000: [GC (Allocation Failure) 2020-10-28T08:26:59.577+0000: [ParNew: 16388K->4K(18432K), 0.0013820 secs] 247299K->230915K(389632K), 0.0014335 secs] [Times: user=0.00 sys=0.00, real=0.00 secs] 
2020-10-28T08:26:59.596+0000: [GC (Allocation Failure) 2020-10-28T08:26:59.596+0000: [ParNew: 16388K->4K(18432K), 0.0014147 secs] 247299K->230915K(389632K), 0.0014577 secs] [Times: user=0.00 sys=0.00, real=0.00 secs] 
2020-10-28T08:26:59.615+0000: [GC (Allocation Failure) 2020-10-28T08:26:59.615+0000: [ParNew: 16388K->4K(18432K), 0.0014142 secs] 247299K->230915K(389632K), 0.0014708 secs] [Times: user=0.00 sys=0.00, real=0.00 secs] 
2020-10-28T08:26:59.634+0000: [GC (Allocation Failure) 2020-10-28T08:26:59.634+0000: [ParNew: 16388K->4K(18432K), 0.0013834 secs] 247299K->230916K(389632K), 0.0014204 secs] [Times: user=0.00 sys=0.00, real=0.00 secs] 
2020-10-28T08:26:59.653+0000: [GC (Allocation Failure) 2020-10-28T08:26:59.653+0000: [ParNew: 16388K->4K(18432K), 0.0015013 secs] 247300K->230916K(389632K), 0.0015416 secs] [Times: user=0.00 sys=0.00, real=0.00 secs] 
2020-10-28T08:26:59.672+0000: [GC (Allocation Failure) 2020-10-28T08:26:59.672+0000: [ParNew: 16388K->4K(18432K), 0.0015773 secs] 247300K->230916K(389632K), 0.0016258 secs] [Times: user=0.00 sys=0.00, real=0.00 secs] 
2020-10-28T08:26:59.691+0000: [GC (Allocation Failure) 2020-10-28T08:26:59.691+0000: [ParNew: 16388K->4K(18432K), 0.0013896 secs] 247300K->230916K(389632K), 0.0014289 secs] [Times: user=0.00 sys=0.00, real=0.00 secs] 
2020-10-28T08:26:59.710+0000: [GC (Allocation Failure) 2020-10-28T08:26:59.710+0000: [ParNew: 16388K->4K(18432K), 0.0014207 secs] 247300K->230916K(389632K), 0.0014686 secs] [Times: user=0.00 sys=0.00, real=0.00 secs] 
2020-10-28T08:26:59.731+0000: [GC (Allocation Failure) 2020-10-28T08:26:59.731+0000: [ParNew: 16388K->4K(18432K), 0.0015042 secs] 247300K->230916K(389632K), 0.0015441 secs] [Times: user=0.00 sys=0.00, real=0.00 secs] 
2020-10-28T08:26:59.750+0000: [GC (Allocation Failure) 2020-10-28T08:26:59.750+0000: [ParNew: 16388K->4K(18432K), 0.0017607 secs] 247300K->230916K(389632K), 0.0018107 secs] [Times: user=0.00 sys=0.00, real=0.00 secs] 
2020-10-28T08:26:59.770+0000: [GC (Allocation Failure) 2020-10-28T08:26:59.770+0000: [ParNew: 16384K->4K(18432K), 0.0016265 secs] 247296K->230916K(389632K), 0.0016704 secs] [Times: user=0.01 sys=0.00, real=0.00 secs] 
2020-10-28T08:26:59.789+0000: [GC (Allocation Failure) 2020-10-28T08:26:59.789+0000: [ParNew: 16388K->4K(18432K), 0.0014980 secs] 247300K->230916K(389632K), 0.0015350 secs] [Times: user=0.01 sys=0.00, real=0.00 secs] 
2020-10-28T08:26:59.801+0000: [GC (Allocation Failure) 2020-10-28T08:26:59.801+0000: [ParNew: 9137K->4K(18432K), 0.0011731 secs] 240049K->230916K(389632K), 0.0012065 secs] [Times: user=0.00 sys=0.00, real=0.00 secs] 
2020-10-28T08:26:59.812+0000: [GC (Allocation Failure) 2020-10-28T08:26:59.812+0000: [ParNew: 16388K->4K(18432K), 0.0066227 secs] 247300K->239108K(389632K), 0.0066614 secs] [Times: user=0.01 sys=0.00, real=0.00 secs] 
2020-10-28T08:26:59.836+0000: [GC (Allocation Failure) 2020-10-28T08:26:59.836+0000: [ParNew: 16388K->4K(18432K), 0.0014170 secs] 255492K->239108K(389632K), 0.0014553 secs] [Times: user=0.01 sys=0.00, real=0.00 secs] 
2020-10-28T08:26:59.859+0000: [GC (Allocation Failure) 2020-10-28T08:26:59.859+0000: [ParNew: 16388K->4K(18432K), 0.0015983 secs] 255492K->239108K(389632K), 0.0016420 secs] [Times: user=0.00 sys=0.00, real=0.01 secs] 
2020-10-28T08:26:59.878+0000: [GC (Allocation Failure) 2020-10-28T08:26:59.878+0000: [ParNew: 16388K->4K(18432K), 0.0014418 secs] 255492K->239108K(389632K), 0.0014827 secs] [Times: user=0.00 sys=0.00, real=0.00 secs] 
2020-10-28T08:26:59.897+0000: [GC (Allocation Failure) 2020-10-28T08:26:59.897+0000: [ParNew: 16388K->4K(18432K), 0.0025129 secs] 255492K->239108K(389632K), 0.0025594 secs] [Times: user=0.00 sys=0.00, real=0.01 secs] 
2020-10-28T08:26:59.923+0000: [GC (Allocation Failure) 2020-10-28T08:26:59.923+0000: [ParNew: 16388K->4K(18432K), 0.0015688 secs] 255492K->239108K(389632K), 0.0016126 secs] [Times: user=0.00 sys=0.00, real=0.00 secs] 
2020-10-28T08:26:59.942+0000: [GC (Allocation Failure) 2020-10-28T08:26:59.942+0000: [ParNew: 16388K->4K(18432K), 0.0014569 secs] 255492K->239108K(389632K), 0.0015201 secs] [Times: user=0.01 sys=0.00, real=0.00 secs] 
2020-10-28T08:26:59.961+0000: [GC (Allocation Failure) 2020-10-28T08:26:59.961+0000: [ParNew: 16388K->4K(18432K), 0.0014780 secs] 255492K->239108K(389632K), 0.0015242 secs] [Times: user=0.00 sys=0.00, real=0.00 secs] 
2020-10-28T08:26:59.980+0000: [GC (Allocation Failure) 2020-10-28T08:26:59.980+0000: [ParNew: 16388K->4K(18432K), 0.0014692 secs] 255492K->239108K(389632K), 0.0015096 secs] [Times: user=0.00 sys=0.00, real=0.00 secs] 
2020-10-28T08:26:59.999+0000: [GC (Allocation Failure) 2020-10-28T08:26:59.999+0000: [ParNew: 16388K->4K(18432K), 0.0014487 secs] 255492K->239108K(389632K), 0.0015003 secs] [Times: user=0.00 sys=0.00, real=0.01 secs] 
2020-10-28T08:27:00.018+0000: [GC (Allocation Failure) 2020-10-28T08:27:00.018+0000: [ParNew: 16388K->4K(18432K), 0.0016976 secs] 255492K->239108K(389632K), 0.0017490 secs] [Times: user=0.00 sys=0.00, real=0.00 secs] 
2020-10-28T08:27:00.037+0000: [GC (Allocation Failure) 2020-10-28T08:27:00.037+0000: [ParNew: 16388K->4K(18432K), 0.0015251 secs] 255492K->239108K(389632K), 0.0015695 secs] [Times: user=0.00 sys=0.00, real=0.00 secs] 
2020-10-28T08:27:00.056+0000: [GC (Allocation Failure) 2020-10-28T08:27:00.056+0000: [ParNew: 16388K->4K(18432K), 0.0016053 secs] 255492K->239108K(389632K), 0.0016549 secs] [Times: user=0.00 sys=0.00, real=0.00 secs] 
2020-10-28T08:27:00.068+0000: [GC (Allocation Failure) 2020-10-28T08:27:00.068+0000: [ParNew: 9177K->4K(18432K), 0.0011867 secs] 248282K->239108K(389632K), 0.0012238 secs] [Times: user=0.01 sys=0.00, real=0.00 secs] 
2020-10-28T08:27:00.078+0000: [GC (Allocation Failure) 2020-10-28T08:27:00.078+0000: [ParNew: 16388K->4K(18432K), 0.0069295 secs] 255492K->247300K(389632K), 0.0069695 secs] [Times: user=0.00 sys=0.00, real=0.01 secs] 
2020-10-28T08:27:00.104+0000: [GC (Allocation Failure) 2020-10-28T08:27:00.104+0000: [ParNew: 16388K->4K(18432K), 0.0016720 secs] 263684K->247300K(389632K), 0.0017214 secs] [Times: user=0.01 sys=0.00, real=0.00 secs] 
2020-10-28T08:27:00.123+0000: [GC (Allocation Failure) 2020-10-28T08:27:00.123+0000: [ParNew: 16388K->4K(18432K), 0.0015392 secs] 263684K->247300K(389632K), 0.0016002 secs] [Times: user=0.01 sys=0.00, real=0.00 secs] 
2020-10-28T08:27:00.142+0000: [GC (Allocation Failure) 2020-10-28T08:27:00.142+0000: [ParNew: 16388K->4K(18432K), 0.0015554 secs] 263684K->247300K(389632K), 0.0015979 secs] [Times: user=0.01 sys=0.00, real=0.00 secs] 
2020-10-28T08:27:00.161+0000: [GC (Allocation Failure) 2020-10-28T08:27:00.161+0000: [ParNew: 16388K->4K(18432K), 0.0016311 secs] 263684K->247300K(389632K), 0.0016761 secs] [Times: user=0.00 sys=0.00, real=0.00 secs] 
2020-10-28T08:27:00.180+0000: [GC (Allocation Failure) 2020-10-28T08:27:00.180+0000: [ParNew: 16388K->4K(18432K), 0.0015434 secs] 263684K->247300K(389632K), 0.0015816 secs] [Times: user=0.00 sys=0.00, real=0.00 secs] 
2020-10-28T08:27:00.199+0000: [GC (Allocation Failure) 2020-10-28T08:27:00.199+0000: [ParNew: 16388K->4K(18432K), 0.0015735 secs] 263684K->247300K(389632K), 0.0016172 secs] [Times: user=0.01 sys=0.00, real=0.01 secs] 
2020-10-28T08:27:00.223+0000: [GC (Allocation Failure) 2020-10-28T08:27:00.223+0000: [ParNew: 16388K->4K(18432K), 0.0016365 secs] 263684K->247300K(389632K), 0.0016836 secs] [Times: user=0.00 sys=0.00, real=0.00 secs] 
2020-10-28T08:27:00.242+0000: [GC (Allocation Failure) 2020-10-28T08:27:00.242+0000: [ParNew: 16388K->4K(18432K), 0.0016182 secs] 263684K->247300K(389632K), 0.0016629 secs] [Times: user=0.01 sys=0.00, real=0.00 secs] 
2020-10-28T08:27:00.262+0000: [GC (Allocation Failure) 2020-10-28T08:27:00.262+0000: [ParNew: 16388K->4K(18432K), 0.0016588 secs] 263684K->247300K(389632K), 0.0017090 secs] [Times: user=0.00 sys=0.00, real=0.00 secs] 
2020-10-28T08:27:00.281+0000: [GC (Allocation Failure) 2020-10-28T08:27:00.281+0000: [ParNew: 16388K->4K(18432K), 0.0015886 secs] 263684K->247300K(389632K), 0.0016314 secs] [Times: user=0.00 sys=0.00, real=0.00 secs] 
2020-10-28T08:27:00.305+0000: [GC (Allocation Failure) 2020-10-28T08:27:00.305+0000: [ParNew: 16388K->4K(18432K), 0.0016390 secs] 263684K->247300K(389632K), 0.0016879 secs] [Times: user=0.00 sys=0.00, real=0.00 secs] 
2020-10-28T08:27:00.336+0000: [GC (Allocation Failure) 2020-10-28T08:27:00.336+0000: [ParNew: 16388K->4K(18432K), 0.0016878 secs] 263684K->247300K(389632K), 0.0017552 secs] [Times: user=0.00 sys=0.00, real=0.00 secs] 
2020-10-28T08:27:00.354+0000: [GC (Allocation Failure) 2020-10-28T08:27:00.354+0000: [ParNew: 8850K->4K(18432K), 0.0014036 secs] 256146K->247300K(389632K), 0.0014609 secs] [Times: user=0.00 sys=0.00, real=0.00 secs] 
2020-10-28T08:27:00.371+0000: [GC (Allocation Failure) 2020-10-28T08:27:00.371+0000: [ParNew: 16388K->4K(18432K), 0.0082737 secs] 263684K->255492K(389632K), 0.0083382 secs] [Times: user=0.01 sys=0.00, real=0.00 secs] 
2020-10-28T08:27:00.408+0000: [GC (Allocation Failure) 2020-10-28T08:27:00.408+0000: [ParNew: 16388K->4K(18432K), 0.0017201 secs] 271876K->255492K(389632K), 0.0017702 secs] [Times: user=0.00 sys=0.00, real=0.00 secs] 
2020-10-28T08:27:00.427+0000: [GC (Allocation Failure) 2020-10-28T08:27:00.427+0000: [ParNew: 16388K->4K(18432K), 0.0016298 secs] 271876K->255492K(389632K), 0.0016727 secs] [Times: user=0.00 sys=0.00, real=0.01 secs] 
2020-10-28T08:27:00.446+0000: [GC (Allocation Failure) 2020-10-28T08:27:00.446+0000: [ParNew: 16388K->4K(18432K), 0.0015243 secs] 271876K->255492K(389632K), 0.0015672 secs] [Times: user=0.00 sys=0.00, real=0.00 secs] 
2020-10-28T08:27:00.465+0000: [GC (Allocation Failure) 2020-10-28T08:27:00.465+0000: [ParNew: 16388K->4K(18432K), 0.0015942 secs] 271876K->255492K(389632K), 0.0016403 secs] [Times: user=0.01 sys=0.00, real=0.00 secs] 
2020-10-28T08:27:00.489+0000: [GC (Allocation Failure) 2020-10-28T08:27:00.489+0000: [ParNew: 16388K->8K(18432K), 0.0016203 secs] 271876K->255496K(389632K), 0.0016653 secs] [Times: user=0.01 sys=0.00, real=0.00 secs] 
2020-10-28T08:27:00.509+0000: [GC (Allocation Failure) 2020-10-28T08:27:00.509+0000: [ParNew: 16392K->8K(18432K), 0.0016719 secs] 271880K->255496K(389632K), 0.0017150 secs] [Times: user=0.01 sys=0.00, real=0.00 secs] 
2020-10-28T08:27:00.529+0000: [GC (Allocation Failure) 2020-10-28T08:27:00.529+0000: [ParNew: 16392K->8K(18432K), 0.0014888 secs] 271880K->255496K(389632K), 0.0015314 secs] [Times: user=0.00 sys=0.00, real=0.00 secs] 
2020-10-28T08:27:00.547+0000: [GC (Allocation Failure) 2020-10-28T08:27:00.547+0000: [ParNew: 16392K->8K(18432K), 0.0014356 secs] 271880K->255496K(389632K), 0.0014760 secs] [Times: user=0.00 sys=0.00, real=0.01 secs] 
2020-10-28T08:27:00.565+0000: [GC (Allocation Failure) 2020-10-28T08:27:00.565+0000: [ParNew: 16392K->6K(18432K), 0.0014765 secs] 271880K->255495K(389632K), 0.0015176 secs] [Times: user=0.00 sys=0.00, real=0.00 secs] 
2020-10-28T08:27:00.583+0000: [GC (Allocation Failure) 2020-10-28T08:27:00.583+0000: [ParNew: 16390K->6K(18432K), 0.0015337 secs] 271879K->255495K(389632K), 0.0015744 secs] [Times: user=0.00 sys=0.00, real=0.00 secs] 
2020-10-28T08:27:00.601+0000: [GC (Allocation Failure) 2020-10-28T08:27:00.601+0000: [ParNew: 16390K->4K(18432K), 0.0014450 secs] 271879K->255496K(389632K), 0.0014845 secs] [Times: user=0.00 sys=0.00, real=0.00 secs] 
2020-10-28T08:27:00.619+0000: [GC (Allocation Failure) 2020-10-28T08:27:00.619+0000: [ParNew: 16388K->4K(18432K), 0.0015171 secs] 271880K->255496K(389632K), 0.0015608 secs] [Times: user=0.01 sys=0.00, real=0.01 secs] 
2020-10-28T08:27:00.630+0000: [GC (Allocation Failure) 2020-10-28T08:27:00.630+0000: [ParNew: 8851K->4K(18432K), 0.0014223 secs] 264343K->255496K(389632K), 0.0014622 secs] [Times: user=0.00 sys=0.00, real=0.00 secs] 
2020-10-28T08:27:00.641+0000: [GC (Allocation Failure) 2020-10-28T08:27:00.641+0000: [ParNew: 16388K->4K(18432K), 0.0071374 secs] 271880K->263688K(389632K), 0.0071774 secs] [Times: user=0.01 sys=0.00, real=0.01 secs] 
2020-10-28T08:27:00.651+0000: [GC (CMS Initial Mark) [1 CMS-initial-mark: 263684K(371200K)] 266303K(389632K), 0.0024676 secs] [Times: user=0.01 sys=0.00, real=0.00 secs] 
2020-10-28T08:27:00.654+0000: [CMS-concurrent-mark-start]
2020-10-28T08:27:00.676+0000: [GC (Allocation Failure) 2020-10-28T08:27:00.676+0000: [ParNew: 16388K->4K(18432K), 0.0015749 secs] 280072K->263688K(389632K), 0.0016258 secs] [Times: user=0.00 sys=0.00, real=0.00 secs] 
2020-10-28T08:27:00.692+0000: [CMS-concurrent-mark: 0.037/0.038 secs] [Times: user=0.07 sys=0.00, real=0.04 secs] 
2020-10-28T08:27:00.692+0000: [CMS-concurrent-preclean-start]
2020-10-28T08:27:00.694+0000: [CMS-concurrent-preclean: 0.002/0.002 secs] [Times: user=0.00 sys=0.00, real=0.00 secs] 
2020-10-28T08:27:00.694+0000: [CMS-concurrent-abortable-preclean-start]
2020-10-28T08:27:00.700+0000: [GC (Allocation Failure) 2020-10-28T08:27:00.700+0000: [ParNew: 16388K->4K(18432K), 0.0013711 secs] 280072K->263688K(389632K), 0.0014079 secs] [Times: user=0.01 sys=0.00, real=0.00 secs] 
2020-10-28T08:27:00.719+0000: [GC (Allocation Failure) 2020-10-28T08:27:00.719+0000: [ParNew: 16388K->4K(18432K), 0.0014617 secs] 280072K->263688K(389632K), 0.0015065 secs] [Times: user=0.01 sys=0.00, real=0.01 secs] 
2020-10-28T08:27:00.737+0000: [GC (Allocation Failure) 2020-10-28T08:27:00.737+0000: [ParNew: 16388K->4K(18432K), 0.0014327 secs] 280072K->263688K(389632K), 0.0014783 secs] [Times: user=0.01 sys=0.00, real=0.00 secs] 
2020-10-28T08:27:00.756+0000: [GC (Allocation Failure) 2020-10-28T08:27:00.756+0000: [ParNew: 16388K->4K(18432K), 0.0016911 secs] 280072K->263688K(389632K), 0.0017507 secs] [Times: user=0.00 sys=0.00, real=0.00 secs] 
2020-10-28T08:27:00.775+0000: [GC (Allocation Failure) 2020-10-28T08:27:00.775+0000: [ParNew: 16388K->4K(18432K), 0.0016747 secs] 280072K->263688K(389632K), 0.0017269 secs] [Times: user=0.00 sys=0.00, real=0.00 secs] 
2020-10-28T08:27:00.794+0000: [GC (Allocation Failure) 2020-10-28T08:27:00.794+0000: [ParNew: 16388K->4K(18432K), 0.0014854 secs] 280072K->263688K(389632K), 0.0015293 secs] [Times: user=0.00 sys=0.00, real=0.00 secs] 
2020-10-28T08:27:00.813+0000: [GC (Allocation Failure) 2020-10-28T08:27:00.813+0000: [ParNew: 16388K->4K(18432K), 0.0014233 secs] 280072K->263688K(389632K), 0.0014679 secs] [Times: user=0.00 sys=0.00, real=0.00 secs] 
2020-10-28T08:27:00.831+0000: [GC (Allocation Failure) 2020-10-28T08:27:00.831+0000: [ParNew: 16388K->4K(18432K), 0.0014619 secs] 280072K->263688K(389632K), 0.0015062 secs] [Times: user=0.00 sys=0.00, real=0.00 secs] 
2020-10-28T08:27:00.850+0000: [GC (Allocation Failure) 2020-10-28T08:27:00.850+0000: [ParNew: 16388K->2K(18432K), 0.0032977 secs] 280072K->263686K(389632K), 0.0033477 secs] [Times: user=0.00 sys=0.00, real=0.00 secs] 
2020-10-28T08:27:00.874+0000: [GC (Allocation Failure) 2020-10-28T08:27:00.874+0000: [ParNew: 16386K->4K(18432K), 0.0016579 secs] 280070K->263688K(389632K), 0.0017083 secs] [Times: user=0.00 sys=0.00, real=0.00 secs] 
2020-10-28T08:27:00.893+0000: [GC (Allocation Failure) 2020-10-28T08:27:00.893+0000: [ParNew: 16388K->4K(18432K), 0.0013938 secs] 280072K->263688K(389632K), 0.0014389 secs] [Times: user=0.00 sys=0.00, real=0.00 secs] 
2020-10-28T08:27:00.904+0000: [GC (Allocation Failure) 2020-10-28T08:27:00.904+0000: [ParNew: 8850K->4K(18432K), 0.0011198 secs] 272535K->263688K(389632K), 0.0011536 secs] [Times: user=0.00 sys=0.00, real=0.00 secs] 
2020-10-28T08:27:00.914+0000: [GC (Allocation Failure) 2020-10-28T08:27:00.914+0000: [ParNew: 16388K->4K(18432K), 0.0066511 secs] 280072K->271880K(389632K), 0.0066897 secs] [Times: user=0.02 sys=0.00, real=0.01 secs] 
2020-10-28T08:27:00.921+0000: [CMS-concurrent-abortable-preclean: 0.013/0.227 secs] [Times: user=0.27 sys=0.01, real=0.23 secs] 
2020-10-28T08:27:00.923+0000: [GC (CMS Final Remark) [YG occupancy: 328 K (18432 K)]2020-10-28T08:27:00.923+0000: [Rescan (parallel) , 0.0010327 secs]2020-10-28T08:27:00.924+0000: [weak refs processing, 0.0000245 secs]2020-10-28T08:27:00.924+0000: [class unloading, 0.0060839 secs]2020-10-28T08:27:00.930+0000: [scrub symbol table, 0.0074342 secs]2020-10-28T08:27:00.937+0000: [scrub string table, 0.0005038 secs][1 CMS-remark: 271876K(371200K)] 272205K(389632K), 0.0151618 secs] [Times: user=0.01 sys=0.00, real=0.01 secs] 
2020-10-28T08:27:00.938+0000: [CMS-concurrent-sweep-start]
2020-10-28T08:27:00.947+0000: [CMS-concurrent-sweep: 0.009/0.009 secs] [Times: user=0.02 sys=0.00, real=0.01 secs] 
2020-10-28T08:27:00.947+0000: [CMS-concurrent-reset-start]
2020-10-28T08:27:00.949+0000: [CMS-concurrent-reset: 0.002/0.002 secs] [Times: user=0.00 sys=0.00, real=0.01 secs] 
2020-10-28T08:27:00.959+0000: [GC (Allocation Failure) 2020-10-28T08:27:00.959+0000: [ParNew: 16388K->4K(18432K), 0.0018638 secs] 271880K->255496K(444256K), 0.0019034 secs] [Times: user=0.00 sys=0.00, real=0.01 secs] 
2020-10-28T08:27:00.978+0000: [GC (Allocation Failure) 2020-10-28T08:27:00.978+0000: [ParNew: 16388K->4K(18432K), 0.0015581 secs] 271880K->255496K(444256K), 0.0016064 secs] [Times: user=0.00 sys=0.00, real=0.00 secs] 
2020-10-28T08:27:00.996+0000: [GC (Allocation Failure) 2020-10-28T08:27:00.996+0000: [ParNew: 16388K->4K(18432K), 0.0016443 secs] 271880K->255496K(444256K), 0.0016841 secs] [Times: user=0.00 sys=0.00, real=0.00 secs] 
2020-10-28T08:27:01.014+0000: [GC (Allocation Failure) 2020-10-28T08:27:01.014+0000: [ParNew: 16388K->4K(18432K), 0.0015180 secs] 271880K->255496K(444256K), 0.0015571 secs] [Times: user=0.01 sys=0.00, real=0.00 secs] 
2020-10-28T08:27:01.032+0000: [GC (Allocation Failure) 2020-10-28T08:27:01.032+0000: [ParNew: 16388K->4K(18432K), 0.0015392 secs] 271880K->255496K(444256K), 0.0015803 secs] [Times: user=0.01 sys=0.00, real=0.00 secs] 
2020-10-28T08:27:01.050+0000: [GC (Allocation Failure) 2020-10-28T08:27:01.050+0000: [ParNew: 16388K->4K(18432K), 0.0016202 secs] 271880K->255496K(444256K), 0.0016582 secs] [Times: user=0.01 sys=0.00, real=0.00 secs] 
2020-10-28T08:27:01.068+0000: [GC (Allocation Failure) 2020-10-28T08:27:01.068+0000: [ParNew: 16388K->4K(18432K), 0.0015312 secs] 271880K->255496K(444256K), 0.0015709 secs] [Times: user=0.01 sys=0.00, real=0.00 secs] 
2020-10-28T08:27:01.086+0000: [GC (Allocation Failure) 2020-10-28T08:27:01.087+0000: [ParNew: 16388K->4K(18432K), 0.0016647 secs] 271880K->255496K(444256K), 0.0017075 secs] [Times: user=0.00 sys=0.00, real=0.01 secs] 
2020-10-28T08:27:01.105+0000: [GC (Allocation Failure) 2020-10-28T08:27:01.105+0000: [ParNew: 16388K->4K(18432K), 0.0017591 secs] 271880K->255496K(444256K), 0.0018084 secs] [Times: user=0.00 sys=0.00, real=0.00 secs] 
2020-10-28T08:27:01.123+0000: [GC (Allocation Failure) 2020-10-28T08:27:01.123+0000: [ParNew: 16388K->4K(18432K), 0.0017725 secs] 271880K->255496K(444256K), 0.0018215 secs] [Times: user=0.00 sys=0.00, real=0.00 secs] 
2020-10-28T08:27:01.141+0000: [GC (Allocation Failure) 2020-10-28T08:27:01.141+0000: [ParNew: 16388K->4K(18432K), 0.0016291 secs] 271880K->255496K(444256K), 0.0016677 secs] [Times: user=0.00 sys=0.00, real=0.00 secs] 
2020-10-28T08:27:01.160+0000: [GC (Allocation Failure) 2020-10-28T08:27:01.160+0000: [ParNew: 16388K->4K(18432K), 0.0015476 secs] 271880K->255496K(444256K), 0.0015877 secs] [Times: user=0.01 sys=0.00, real=0.00 secs] 
2020-10-28T08:27:01.171+0000: [GC (Allocation Failure) 2020-10-28T08:27:01.171+0000: [ParNew: 8850K->4K(18432K), 0.0014023 secs] 264342K->255496K(444256K), 0.0014355 secs] [Times: user=0.01 sys=0.00, real=0.00 secs] 
2020-10-28T08:27:01.181+0000: [GC (Allocation Failure) 2020-10-28T08:27:01.181+0000: [ParNew: 16388K->4K(18432K), 0.0021792 secs] 271880K->263688K(444256K), 0.0022345 secs] [Times: user=0.00 sys=0.00, real=0.00 secs] 
2020-10-28T08:27:01.200+0000: [GC (Allocation Failure) 2020-10-28T08:27:01.200+0000: [ParNew: 16388K->4K(18432K), 0.0016554 secs] 280072K->263688K(444256K), 0.0017083 secs] [Times: user=0.00 sys=0.00, real=0.00 secs] 
2020-10-28T08:27:01.218+0000: [GC (Allocation Failure) 2020-10-28T08:27:01.218+0000: [ParNew: 16388K->4K(18432K), 0.0016400 secs] 280072K->263688K(444256K), 0.0016999 secs] [Times: user=0.00 sys=0.00, real=0.01 secs] 
2020-10-28T08:27:01.236+0000: [GC (Allocation Failure) 2020-10-28T08:27:01.236+0000: [ParNew: 16388K->4K(18432K), 0.0015297 secs] 280072K->263688K(444256K), 0.0015676 secs] [Times: user=0.00 sys=0.00, real=0.00 secs] 
2020-10-28T08:27:01.254+0000: [GC (Allocation Failure) 2020-10-28T08:27:01.254+0000: [ParNew: 16388K->4K(18432K), 0.0015947 secs] 280072K->263688K(444256K), 0.0016332 secs] [Times: user=0.00 sys=0.00, real=0.00 secs] 
2020-10-28T08:27:01.273+0000: [GC (Allocation Failure) 2020-10-28T08:27:01.273+0000: [ParNew: 16388K->4K(18432K), 0.0016473 secs] 280072K->263688K(444256K), 0.0016888 secs] [Times: user=0.00 sys=0.00, real=0.00 secs] 
2020-10-28T08:27:01.291+0000: [GC (Allocation Failure) 2020-10-28T08:27:01.291+0000: [ParNew: 16388K->4K(18432K), 0.0016225 secs] 280072K->263688K(444256K), 0.0016644 secs] [Times: user=0.00 sys=0.00, real=0.00 secs] 
2020-10-28T08:27:01.309+0000: [GC (Allocation Failure) 2020-10-28T08:27:01.310+0000: [ParNew: 16388K->4K(18432K), 0.0017735 secs] 280072K->263688K(444256K), 0.0018224 secs] [Times: user=0.00 sys=0.00, real=0.00 secs] 
2020-10-28T08:27:01.328+0000: [GC (Allocation Failure) 2020-10-28T08:27:01.328+0000: [ParNew: 16388K->4K(18432K), 0.0017606 secs] 280072K->263688K(444256K), 0.0018090 secs] [Times: user=0.00 sys=0.00, real=0.00 secs] 
2020-10-28T08:27:01.346+0000: [GC (Allocation Failure) 2020-10-28T08:27:01.346+0000: [ParNew: 16388K->4K(18432K), 0.0017244 secs] 280072K->263688K(444256K), 0.0017689 secs] [Times: user=0.00 sys=0.00, real=0.01 secs] 
2020-10-28T08:27:01.364+0000: [GC (Allocation Failure) 2020-10-28T08:27:01.364+0000: [ParNew: 16388K->4K(18432K), 0.0017731 secs] 280072K->263688K(444256K), 0.0018232 secs] [Times: user=0.00 sys=0.00, real=0.00 secs] 
2020-10-28T08:27:01.383+0000: [GC (Allocation Failure) 2020-10-28T08:27:01.383+0000: [ParNew: 16388K->4K(18432K), 0.0017397 secs] 280072K->263688K(444256K), 0.0017848 secs] [Times: user=0.00 sys=0.00, real=0.00 secs] 
2020-10-28T08:27:01.401+0000: [GC (Allocation Failure) 2020-10-28T08:27:01.401+0000: [ParNew: 16388K->4K(18432K), 0.0017776 secs] 280072K->263688K(444256K), 0.0018260 secs] [Times: user=0.01 sys=0.00, real=0.00 secs] 
2020-10-28T08:27:01.413+0000: [GC (Allocation Failure) 2020-10-28T08:27:01.413+0000: [ParNew: 9177K->4K(18432K), 0.0014940 secs] 272862K->263688K(444256K), 0.0015349 secs] [Times: user=0.01 sys=0.00, real=0.00 secs] 
2020-10-28T08:27:01.423+0000: [GC (Allocation Failure) 2020-10-28T08:27:01.423+0000: [ParNew: 16388K->4K(18432K), 0.0075478 secs] 280072K->271880K(444256K), 0.0076007 secs] [Times: user=0.01 sys=0.01, real=0.01 secs] 
2020-10-28T08:27:01.448+0000: [GC (Allocation Failure) 2020-10-28T08:27:01.448+0000: [ParNew: 16388K->4K(18432K), 0.0018579 secs] 288264K->271880K(444256K), 0.0019034 secs] [Times: user=0.01 sys=0.00, real=0.01 secs] 
2020-10-28T08:27:01.466+0000: [GC (Allocation Failure) 2020-10-28T08:27:01.466+0000: [ParNew: 16388K->4K(18432K), 0.0016636 secs] 288264K->271880K(444256K), 0.0017073 secs] [Times: user=0.01 sys=0.00, real=0.01 secs] 
2020-10-28T08:27:01.484+0000: [GC (Allocation Failure) 2020-10-28T08:27:01.484+0000: [ParNew: 16388K->4K(18432K), 0.0016892 secs] 288264K->271880K(444256K), 0.0017345 secs] [Times: user=0.01 sys=0.00, real=0.00 secs] 
2020-10-28T08:27:01.503+0000: [GC (Allocation Failure) 2020-10-28T08:27:01.503+0000: [ParNew: 16388K->4K(18432K), 0.0016837 secs] 288264K->271880K(444256K), 0.0017285 secs] [Times: user=0.00 sys=0.00, real=0.00 secs] 
2020-10-28T08:27:01.521+0000: [GC (Allocation Failure) 2020-10-28T08:27:01.521+0000: [ParNew: 16388K->4K(18432K), 0.0016092 secs] 288264K->271880K(444256K), 0.0016492 secs] [Times: user=0.00 sys=0.00, real=0.00 secs] 
2020-10-28T08:27:01.539+0000: [GC (Allocation Failure) 2020-10-28T08:27:01.539+0000: [ParNew: 16388K->4K(18432K), 0.0014844 secs] 288264K->271880K(444256K), 0.0015229 secs] [Times: user=0.00 sys=0.00, real=0.01 secs] 
2020-10-28T08:27:01.557+0000: [GC (Allocation Failure) 2020-10-28T08:27:01.557+0000: [ParNew: 16388K->4K(18432K), 0.0018258 secs] 288264K->271880K(444256K), 0.0018894 secs] [Times: user=0.00 sys=0.00, real=0.00 secs] 
2020-10-28T08:27:01.576+0000: [GC (Allocation Failure) 2020-10-28T08:27:01.576+0000: [ParNew: 16388K->4K(18432K), 0.0017980 secs] 288264K->271880K(444256K), 0.0018457 secs] [Times: user=0.00 sys=0.00, real=0.00 secs] 
2020-10-28T08:27:01.595+0000: [GC (Allocation Failure) 2020-10-28T08:27:01.595+0000: [ParNew: 16388K->4K(18432K), 0.0018193 secs] 288264K->271880K(444256K), 0.0018708 secs] [Times: user=0.00 sys=0.00, real=0.00 secs] 
2020-10-28T08:27:01.613+0000: [GC (Allocation Failure) 2020-10-28T08:27:01.613+0000: [ParNew: 16388K->4K(18432K), 0.0018239 secs] 288264K->271880K(444256K), 0.0018754 secs] [Times: user=0.00 sys=0.00, real=0.00 secs] 
2020-10-28T08:27:01.632+0000: [GC (Allocation Failure) 2020-10-28T08:27:01.632+0000: [ParNew: 16388K->4K(18432K), 0.0018465 secs] 288264K->271880K(444256K), 0.0018966 secs] [Times: user=0.00 sys=0.00, real=0.00 secs] 
2020-10-28T08:27:01.650+0000: [GC (Allocation Failure) 2020-10-28T08:27:01.650+0000: [ParNew: 16388K->4K(18432K), 0.0017987 secs] 288264K->271880K(444256K), 0.0018475 secs] [Times: user=0.00 sys=0.00, real=0.00 secs] 
2020-10-28T08:27:01.661+0000: [GC (Allocation Failure) 2020-10-28T08:27:01.661+0000: [ParNew: 8812K->4K(18432K), 0.0017259 secs] 280689K->271880K(444256K), 0.0017660 secs] [Times: user=0.00 sys=0.00, real=0.00 secs] 
2020-10-28T08:27:01.672+0000: [GC (Allocation Failure) 2020-10-28T08:27:01.672+0000: [ParNew: 16388K->4K(18432K), 0.0073502 secs] 288264K->280072K(444256K), 0.0073954 secs] [Times: user=0.01 sys=0.01, real=0.00 secs] 
2020-10-28T08:27:01.696+0000: [GC (Allocation Failure) 2020-10-28T08:27:01.696+0000: [ParNew: 16388K->4K(18432K), 0.0017937 secs] 296456K->280072K(444256K), 0.0018427 secs] [Times: user=0.00 sys=0.00, real=0.00 secs] 
2020-10-28T08:27:01.715+0000: [GC (Allocation Failure) 2020-10-28T08:27:01.715+0000: [ParNew: 16388K->4K(18432K), 0.0018813 secs] 296456K->280072K(444256K), 0.0019338 secs] [Times: user=0.00 sys=0.00, real=0.00 secs] 
2020-10-28T08:27:01.733+0000: [GC (Allocation Failure) 2020-10-28T08:27:01.733+0000: [ParNew: 16388K->4K(18432K), 0.0017920 secs] 296456K->280072K(444256K), 0.0018438 secs] [Times: user=0.00 sys=0.00, real=0.00 secs] 
2020-10-28T08:27:01.790+0000: [GC (Allocation Failure) 2020-10-28T08:27:01.790+0000: [ParNew: 16388K->4K(18432K), 0.0018736 secs] 361992K->345608K(444256K), 0.0019271 secs] [Times: user=0.01 sys=0.00, real=0.00 secs] 
2020-10-28T08:27:01.795+0000: [GC (CMS Initial Mark) [1 CMS-initial-mark: 345604K(425824K)] 345935K(444256K), 0.0010212 secs] [Times: user=0.00 sys=0.00, real=0.00 secs] 
2020-10-28T08:27:01.796+0000: [CMS-concurrent-mark-start]
2020-10-28T08:27:01.825+0000: [GC (Allocation Failure) 2020-10-28T08:27:01.825+0000: [ParNew: 16388K->4K(18432K), 0.0017077 secs] 361992K->345608K(444256K), 0.0017602 secs] [Times: user=0.00 sys=0.00, real=0.00 secs] 
2020-10-28T08:27:01.834+0000: [CMS-concurrent-mark: 0.036/0.038 secs] [Times: user=0.08 sys=0.00, real=0.04 secs] 
2020-10-28T08:27:01.834+0000: [CMS-concurrent-preclean-start]
2020-10-28T08:27:01.836+0000: [CMS-concurrent-preclean: 0.002/0.002 secs] [Times: user=0.00 sys=0.00, real=0.00 secs] 
2020-10-28T08:27:01.836+0000: [CMS-concurrent-abortable-preclean-start]
2020-10-28T08:27:01.848+0000: [GC (Allocation Failure) 2020-10-28T08:27:01.848+0000: [ParNew: 16388K->4K(18432K), 0.0017364 secs] 361992K->345608K(444256K), 0.0017866 secs] [Times: user=0.00 sys=0.00, real=0.00 secs] 
2020-10-28T08:27:01.867+0000: [GC (Allocation Failure) 2020-10-28T08:27:01.867+0000: [ParNew: 16388K->4K(18432K), 0.0017601 secs] 361992K->345608K(444256K), 0.0018105 secs] [Times: user=0.00 sys=0.00, real=0.01 secs] 
2020-10-28T08:27:01.887+0000: [GC (Allocation Failure) 2020-10-28T08:27:01.887+0000: [ParNew: 16388K->4K(18432K), 0.0017658 secs] 361992K->345608K(444256K), 0.0018212 secs] [Times: user=0.00 sys=0.00, real=0.01 secs] 
2020-10-28T08:27:01.906+0000: [GC (Allocation Failure) 2020-10-28T08:27:01.906+0000: [ParNew: 16388K->4K(18432K), 0.0016569 secs] 361992K->345608K(444256K), 0.0017202 secs] [Times: user=0.01 sys=0.00, real=0.01 secs] 
2020-10-28T08:27:01.925+0000: [GC (Allocation Failure) 2020-10-28T08:27:01.925+0000: [ParNew: 16388K->4K(18432K), 0.0015139 secs] 361992K->345608K(444256K), 0.0015592 secs] [Times: user=0.01 sys=0.00, real=0.00 secs] 
2020-10-28T08:27:01.944+0000: [GC (Allocation Failure) 2020-10-28T08:27:01.944+0000: [ParNew: 16388K->4K(18432K), 0.0014324 secs] 361992K->345608K(444256K), 0.0014745 secs] [Times: user=0.00 sys=0.00, real=0.00 secs] 
2020-10-28T08:27:01.962+0000: [GC (Allocation Failure) 2020-10-28T08:27:01.962+0000: [ParNew: 16388K->4K(18432K), 0.0013769 secs] 361992K->345608K(444256K), 0.0014304 secs] [Times: user=0.00 sys=0.00, real=0.00 secs] 
2020-10-28T08:27:01.973+0000: [GC (Allocation Failure) 2020-10-28T08:27:01.973+0000: [ParNew: 8850K->4K(18432K), 0.0011803 secs] 354455K->345608K(444256K), 0.0012130 secs] [Times: user=0.00 sys=0.00, real=0.00 secs] 
2020-10-28T08:27:01.984+0000: [GC (Allocation Failure) 2020-10-28T08:27:01.984+0000: [ParNew: 16388K->4K(18432K), 0.0071033 secs] 361992K->353800K(444256K), 0.0071466 secs] [Times: user=0.01 sys=0.01, real=0.01 secs] 
2020-10-28T08:27:01.991+0000: [CMS-concurrent-abortable-preclean: 0.010/0.155 secs] [Times: user=0.18 sys=0.01, real=0.16 secs] 
2020-10-28T08:27:01.992+0000: [GC (CMS Final Remark) [YG occupancy: 328 K (18432 K)]2020-10-28T08:27:01.992+0000: [Rescan (parallel) , 0.0011316 secs]2020-10-28T08:27:01.993+0000: [weak refs processing, 0.0000240 secs]2020-10-28T08:27:01.993+0000: [class unloading, 0.0061126 secs]2020-10-28T08:27:01.999+0000: [scrub symbol table, 0.0075247 secs]2020-10-28T08:27:02.007+0000: [scrub string table, 0.0005169 secs][1 CMS-remark: 353796K(425824K)] 354125K(444256K), 0.0153994 secs] [Times: user=0.02 sys=0.00, real=0.01 secs] 
2020-10-28T08:27:02.007+0000: [CMS-concurrent-sweep-start]
2020-10-28T08:27:02.016+0000: [CMS-concurrent-sweep: 0.009/0.009 secs] [Times: user=0.02 sys=0.00, real=0.01 secs] 
2020-10-28T08:27:02.017+0000: [CMS-concurrent-reset-start]
2020-10-28T08:27:02.018+0000: [CMS-concurrent-reset: 0.002/0.002 secs] [Times: user=0.00 sys=0.00, real=0.00 secs] 
2020-10-28T08:27:02.029+0000: [GC (Allocation Failure) 2020-10-28T08:27:02.029+0000: [ParNew: 16388K->4K(18432K), 0.0021841 secs] 370184K->353800K(608096K), 0.0022214 secs] [Times: user=0.01 sys=0.00, real=0.00 secs] 
2020-10-28T08:27:02.047+0000: [GC (Allocation Failure) 2020-10-28T08:27:02.047+0000: [ParNew: 16388K->4K(18432K), 0.0018277 secs] 370184K->353800K(608096K), 0.0018677 secs] [Times: user=0.00 sys=0.00, real=0.01 secs] 
2020-10-28T08:27:02.066+0000: [GC (Allocation Failure) 2020-10-28T08:27:02.066+0000: [ParNew: 16388K->4K(18432K), 0.0019347 secs] 370184K->353800K(608096K), 0.0019757 secs] [Times: user=0.01 sys=0.00, real=0.01 secs] 
2020-10-28T08:27:02.085+0000: [GC (Allocation Failure) 2020-10-28T08:27:02.085+0000: [ParNew: 16388K->4K(18432K), 0.0019461 secs] 370184K->353800K(608096K), 0.0019867 secs] [Times: user=0.00 sys=0.00, real=0.00 secs] 
2020-10-28T08:27:02.103+0000: [GC (Allocation Failure) 2020-10-28T08:27:02.104+0000: [ParNew: 16388K->4K(18432K), 0.0018445 secs] 370184K->353800K(608096K), 0.0018839 secs] [Times: user=0.00 sys=0.00, real=0.00 secs] 
2020-10-28T08:27:02.122+0000: [GC (Allocation Failure) 2020-10-28T08:27:02.122+0000: [ParNew: 16388K->4K(18432K), 0.0020907 secs] 370184K->353800K(608096K), 0.0021352 secs] [Times: user=0.00 sys=0.00, real=0.00 secs] 
2020-10-28T08:27:02.141+0000: [GC (Allocation Failure) 2020-10-28T08:27:02.141+0000: [ParNew: 16388K->4K(18432K), 0.0019269 secs] 370184K->353800K(608096K), 0.0019689 secs] [Times: user=0.00 sys=0.00, real=0.00 secs] 
2020-10-28T08:27:02.159+0000: [GC (Allocation Failure) 2020-10-28T08:27:02.159+0000: [ParNew: 16388K->4K(18432K), 0.0019126 secs] 370184K->353800K(608096K), 0.0019520 secs] [Times: user=0.00 sys=0.00, real=0.01 secs] 
2020-10-28T08:27:02.178+0000: [GC (Allocation Failure) 2020-10-28T08:27:02.178+0000: [ParNew: 16388K->4K(18432K), 0.0019096 secs] 370184K->353800K(608096K), 0.0019591 secs] [Times: user=0.00 sys=0.00, real=0.01 secs] 
2020-10-28T08:27:02.196+0000: [GC (Allocation Failure) 2020-10-28T08:27:02.196+0000: [ParNew: 16388K->4K(18432K), 0.0018651 secs] 370184K->353800K(608096K), 0.0019043 secs] [Times: user=0.00 sys=0.00, real=0.00 secs] 
2020-10-28T08:27:02.215+0000: [GC (Allocation Failure) 2020-10-28T08:27:02.215+0000: [ParNew: 16388K->4K(18432K), 0.0019663 secs] 370184K->353800K(608096K), 0.0020089 secs] [Times: user=0.01 sys=0.00, real=0.00 secs] 
2020-10-28T08:27:02.233+0000: [GC (Allocation Failure) 2020-10-28T08:27:02.233+0000: [ParNew: 16388K->4K(18432K), 0.0019819 secs] 370184K->353800K(608096K), 0.0020214 secs] [Times: user=0.01 sys=0.00, real=0.00 secs] 
2020-10-28T08:27:02.245+0000: [GC (Allocation Failure) 2020-10-28T08:27:02.245+0000: [ParNew: 8867K->4K(18432K), 0.0015534 secs] 362664K->353800K(608096K), 0.0015887 secs] [Times: user=0.01 sys=0.00, real=0.00 secs] 
2020-10-28T08:27:02.255+0000: [GC (Allocation Failure) 2020-10-28T08:27:02.255+0000: [ParNew: 16388K->4K(18432K), 0.0070635 secs] 370184K->361992K(608096K), 0.0071076 secs] [Times: user=0.01 sys=0.01, real=0.01 secs] 
2020-10-28T08:27:02.279+0000: [GC (Allocation Failure) 2020-10-28T08:27:02.279+0000: [ParNew: 16388K->4K(18432K), 0.0019478 secs] 378376K->361992K(608096K), 0.0019869 secs] [Times: user=0.01 sys=0.00, real=0.01 secs] 
2020-10-28T08:27:02.298+0000: [GC (Allocation Failure) 2020-10-28T08:27:02.298+0000: [ParNew: 16388K->4K(18432K), 0.0018545 secs] 378376K->361992K(608096K), 0.0018939 secs] [Times: user=0.00 sys=0.00, real=0.00 secs] 
2020-10-28T08:27:02.316+0000: [GC (Allocation Failure) 2020-10-28T08:27:02.316+0000: [ParNew: 16388K->4K(18432K), 0.0019426 secs] 378376K->361992K(608096K), 0.0019864 secs] [Times: user=0.00 sys=0.00, real=0.00 secs] 
2020-10-28T08:27:02.335+0000: [GC (Allocation Failure) 2020-10-28T08:27:02.335+0000: [ParNew: 16388K->4K(18432K), 0.0020465 secs] 378376K->361992K(608096K), 0.0021004 secs] [Times: user=0.00 sys=0.00, real=0.00 secs] 
2020-10-28T08:27:02.354+0000: [GC (Allocation Failure) 2020-10-28T08:27:02.354+0000: [ParNew: 16388K->4K(18432K), 0.0018603 secs] 378376K->361992K(608096K), 0.0019008 secs] [Times: user=0.00 sys=0.00, real=0.00 secs] 
2020-10-28T08:27:02.372+0000: [GC (Allocation Failure) 2020-10-28T08:27:02.372+0000: [ParNew: 16388K->4K(18432K), 0.0018387 secs] 378376K->361992K(608096K), 0.0018784 secs] [Times: user=0.00 sys=0.00, real=0.00 secs] 
2020-10-28T08:27:02.391+0000: [GC (Allocation Failure) 2020-10-28T08:27:02.391+0000: [ParNew: 16388K->4K(18432K), 0.0019193 secs] 378376K->361992K(608096K), 0.0019589 secs] [Times: user=0.00 sys=0.00, real=0.00 secs] 
2020-10-28T08:27:02.410+0000: [GC (Allocation Failure) 2020-10-28T08:27:02.410+0000: [ParNew: 16388K->4K(18432K), 0.0020139 secs] 378376K->361992K(608096K), 0.0020574 secs] [Times: user=0.00 sys=0.00, real=0.00 secs] 
2020-10-28T08:27:02.429+0000: [GC (Allocation Failure) 2020-10-28T08:27:02.429+0000: [ParNew: 16388K->4K(18432K), 0.0019370 secs] 378376K->361992K(608096K), 0.0019789 secs] [Times: user=0.00 sys=0.00, real=0.00 secs] 
2020-10-28T08:27:02.447+0000: [GC (Allocation Failure) 2020-10-28T08:27:02.447+0000: [ParNew: 16388K->4K(18432K), 0.0019471 secs] 378376K->361992K(608096K), 0.0019893 secs] [Times: user=0.00 sys=0.00, real=0.01 secs] 
2020-10-28T08:27:02.466+0000: [GC (Allocation Failure) 2020-10-28T08:27:02.466+0000: [ParNew: 16388K->4K(18432K), 0.0020253 secs] 378376K->361992K(608096K), 0.0020698 secs] [Times: user=0.00 sys=0.00, real=0.01 secs] 
2020-10-28T08:27:02.485+0000: [GC (Allocation Failure) 2020-10-28T08:27:02.485+0000: [ParNew: 16388K->4K(18432K), 0.0020384 secs] 378376K->361992K(608096K), 0.0020856 secs] [Times: user=0.00 sys=0.00, real=0.00 secs] 
2020-10-28T08:27:02.497+0000: [GC (Allocation Failure) 2020-10-28T08:27:02.497+0000: [ParNew: 9178K->4K(18432K), 0.0018327 secs] 371167K->361992K(608096K), 0.0018664 secs] [Times: user=0.01 sys=0.00, real=0.00 secs] 
2020-10-28T08:27:02.508+0000: [GC (Allocation Failure) 2020-10-28T08:27:02.508+0000: [ParNew: 16388K->4K(18432K), 0.0073031 secs] 378376K->370185K(608096K), 0.0073399 secs] [Times: user=0.01 sys=0.00, real=0.00 secs] 
2020-10-28T08:27:02.532+0000: [GC (Allocation Failure) 2020-10-28T08:27:02.532+0000: [ParNew: 16388K->4K(18432K), 0.0019034 secs] 386569K->370185K(608096K), 0.0019440 secs] [Times: user=0.00 sys=0.00, real=0.00 secs] 
2020-10-28T08:27:02.550+0000: [GC (Allocation Failure) 2020-10-28T08:27:02.550+0000: [ParNew: 16388K->4K(18432K), 0.0020371 secs] 386569K->370185K(608096K), 0.0020961 secs] [Times: user=0.00 sys=0.00, real=0.00 secs] 
2020-10-28T08:27:02.569+0000: [GC (Allocation Failure) 2020-10-28T08:27:02.569+0000: [ParNew: 16388K->4K(18432K), 0.0019378 secs] 386569K->370185K(608096K), 0.0019986 secs] [Times: user=0.00 sys=0.00, real=0.00 secs] 
2020-10-28T08:27:02.588+0000: [GC (Allocation Failure) 2020-10-28T08:27:02.588+0000: [ParNew: 16388K->4K(18432K), 0.0019963 secs] 386569K->370185K(608096K), 0.0020385 secs] [Times: user=0.00 sys=0.00, real=0.01 secs] 
2020-10-28T08:27:02.606+0000: [GC (Allocation Failure) 2020-10-28T08:27:02.606+0000: [ParNew: 16388K->4K(18432K), 0.0018673 secs] 386569K->370185K(608096K), 0.0019087 secs] [Times: user=0.00 sys=0.00, real=0.01 secs] 
2020-10-28T08:27:02.626+0000: [GC (Allocation Failure) 2020-10-28T08:27:02.626+0000: [ParNew: 16388K->4K(18432K), 0.0018562 secs] 386569K->370185K(608096K), 0.0018963 secs] [Times: user=0.01 sys=0.00, real=0.00 secs] 
2020-10-28T08:27:02.644+0000: [GC (Allocation Failure) 2020-10-28T08:27:02.644+0000: [ParNew: 16388K->4K(18432K), 0.0018126 secs] 386569K->370185K(608096K), 0.0018531 secs] [Times: user=0.01 sys=0.00, real=0.00 secs] 
2020-10-28T08:27:02.663+0000: [GC (Allocation Failure) 2020-10-28T08:27:02.663+0000: [ParNew: 16388K->4K(18432K), 0.0019551 secs] 386569K->370185K(608096K), 0.0020070 secs] [Times: user=0.01 sys=0.00, real=0.00 secs] 
2020-10-28T08:27:02.681+0000: [GC (Allocation Failure) 2020-10-28T08:27:02.681+0000: [ParNew: 16388K->4K(18432K), 0.0019737 secs] 386569K->370185K(608096K), 0.0020184 secs] [Times: user=0.01 sys=0.00, real=0.00 secs] 
2020-10-28T08:27:02.700+0000: [GC (Allocation Failure) 2020-10-28T08:27:02.700+0000: [ParNew: 16388K->4K(18432K), 0.0019397 secs] 386569K->370185K(608096K), 0.0019802 secs] [Times: user=0.01 sys=0.00, real=0.00 secs] 
2020-10-28T08:27:02.719+0000: [GC (Allocation Failure) 2020-10-28T08:27:02.719+0000: [ParNew: 16388K->4K(18432K), 0.0018728 secs] 386569K->370185K(608096K), 0.0019134 secs] [Times: user=0.01 sys=0.00, real=0.01 secs] 
2020-10-28T08:27:02.737+0000: [GC (Allocation Failure) 2020-10-28T08:27:02.737+0000: [ParNew: 16388K->4K(18432K), 0.0018410 secs] 386569K->370185K(608096K), 0.0018801 secs] [Times: user=0.01 sys=0.00, real=0.00 secs] 
2020-10-28T08:27:02.750+0000: [GC (Allocation Failure) 2020-10-28T08:27:02.750+0000: [ParNew: 9835K->4K(18432K), 0.0016886 secs] 380016K->370185K(608096K), 0.0017265 secs] [Times: user=0.00 sys=0.00, real=0.00 secs] 
2020-10-28T08:27:02.761+0000: [GC (Allocation Failure) 2020-10-28T08:27:02.761+0000: [ParNew: 16388K->4K(18432K), 0.0141511 secs] 386569K->378377K(608096K), 0.0141984 secs] [Times: user=0.02 sys=0.00, real=0.01 secs] 
2020-10-28T08:27:02.792+0000: [GC (Allocation Failure) 2020-10-28T08:27:02.792+0000: [ParNew: 16388K->4K(18432K), 0.0021825 secs] 394761K->378377K(608096K), 0.0022507 secs] [Times: user=0.00 sys=0.00, real=0.00 secs] 
2020-10-28T08:27:02.812+0000: [GC (Allocation Failure) 2020-10-28T08:27:02.812+0000: [ParNew: 16388K->4K(18432K), 0.0021061 secs] 394761K->378377K(608096K), 0.0021654 secs] [Times: user=0.01 sys=0.00, real=0.00 secs] 
2020-10-28T08:27:02.831+0000: [GC (Allocation Failure) 2020-10-28T08:27:02.831+0000: [ParNew: 16388K->4K(18432K), 0.0021036 secs] 394761K->378377K(608096K), 0.0021638 secs] [Times: user=0.00 sys=0.00, real=0.00 secs] 
2020-10-28T08:27:02.850+0000: [GC (Allocation Failure) 2020-10-28T08:27:02.850+0000: [ParNew: 16388K->4K(18432K), 0.0019887 secs] 394761K->378377K(608096K), 0.0020296 secs] [Times: user=0.00 sys=0.00, real=0.00 secs] 
2020-10-28T08:27:02.873+0000: [GC (Allocation Failure) 2020-10-28T08:27:02.873+0000: [ParNew: 16388K->4K(18432K), 0.0020012 secs] 394761K->378377K(608096K), 0.0020460 secs] [Times: user=0.01 sys=0.00, real=0.00 secs] 
2020-10-28T08:27:02.891+0000: [GC (Allocation Failure) 2020-10-28T08:27:02.891+0000: [ParNew: 16388K->4K(18432K), 0.0018007 secs] 394761K->378377K(608096K), 0.0018595 secs] [Times: user=0.00 sys=0.00, real=0.00 secs] 
2020-10-28T08:27:02.910+0000: [GC (Allocation Failure) 2020-10-28T08:27:02.910+0000: [ParNew: 16388K->4K(18432K), 0.0018304 secs] 394761K->378377K(608096K), 0.0018759 secs] [Times: user=0.01 sys=0.00, real=0.00 secs] 
2020-10-28T08:27:02.928+0000: [GC (Allocation Failure) 2020-10-28T08:27:02.928+0000: [ParNew: 16388K->4K(18432K), 0.0018711 secs] 394761K->378377K(608096K), 0.0019105 secs] [Times: user=0.01 sys=0.00, real=0.00 secs] 
2020-10-28T08:27:02.947+0000: [GC (Allocation Failure) 2020-10-28T08:27:02.947+0000: [ParNew: 16388K->4K(18432K), 0.0019774 secs] 394761K->378377K(608096K), 0.0020218 secs] [Times: user=0.01 sys=0.00, real=0.01 secs] 
2020-10-28T08:27:02.965+0000: [GC (Allocation Failure) 2020-10-28T08:27:02.965+0000: [ParNew: 16388K->4K(18432K), 0.0019739 secs] 394761K->378377K(608096K), 0.0020244 secs] [Times: user=0.01 sys=0.00, real=0.00 secs] 
2020-10-28T08:27:02.984+0000: [GC (Allocation Failure) 2020-10-28T08:27:02.984+0000: [ParNew: 16388K->4K(18432K), 0.0019890 secs] 394761K->378377K(608096K), 0.0020310 secs] [Times: user=0.00 sys=0.00, real=0.00 secs] 
2020-10-28T08:27:03.002+0000: [GC (Allocation Failure) 2020-10-28T08:27:03.002+0000: [ParNew: 16388K->4K(18432K), 0.0018607 secs] 394761K->378377K(608096K), 0.0019033 secs] [Times: user=0.00 sys=0.00, real=0.00 secs] 
2020-10-28T08:27:03.016+0000: [GC (Allocation Failure) 2020-10-28T08:27:03.016+0000: [ParNew: 9850K->4K(18432K), 0.0018311 secs] 388223K->378377K(608096K), 0.0018696 secs] [Times: user=0.00 sys=0.00, real=0.00 secs] 
2020-10-28T08:27:03.027+0000: [GC (Allocation Failure) 2020-10-28T08:27:03.027+0000: [ParNew: 16388K->4K(18432K), 0.0074245 secs] 394761K->386569K(608096K), 0.0074653 secs] [Times: user=0.01 sys=0.00, real=0.01 secs] 
2020-10-28T08:27:03.051+0000: [GC (Allocation Failure) 2020-10-28T08:27:03.051+0000: [ParNew: 16388K->4K(18432K), 0.0018678 secs] 402953K->386569K(608096K), 0.0019065 secs] [Times: user=0.00 sys=0.00, real=0.00 secs] 
2020-10-28T08:27:03.071+0000: [GC (Allocation Failure) 2020-10-28T08:27:03.071+0000: [ParNew: 16388K->4K(18432K), 0.0019071 secs] 402953K->386569K(608096K), 0.0019485 secs] [Times: user=0.00 sys=0.00, real=0.00 secs] 
2020-10-28T08:27:03.089+0000: [GC (Allocation Failure) 2020-10-28T08:27:03.089+0000: [ParNew: 16388K->4K(18432K), 0.0017975 secs] 402953K->386569K(608096K), 0.0018367 secs] [Times: user=0.00 sys=0.00, real=0.00 secs] 
2020-10-28T08:27:03.108+0000: [GC (Allocation Failure) 2020-10-28T08:27:03.108+0000: [ParNew: 16388K->4K(18432K), 0.0018749 secs] 402953K->386569K(608096K), 0.0019137 secs] [Times: user=0.00 sys=0.00, real=0.00 secs] 
2020-10-28T08:27:03.127+0000: [GC (Allocation Failure) 2020-10-28T08:27:03.127+0000: [ParNew: 16388K->4K(18432K), 0.0019445 secs] 402953K->386569K(608096K), 0.0019881 secs] [Times: user=0.00 sys=0.00, real=0.01 secs] 
2020-10-28T08:27:03.146+0000: [GC (Allocation Failure) 2020-10-28T08:27:03.146+0000: [ParNew: 16388K->4K(18432K), 0.0019202 secs] 402953K->386569K(608096K), 0.0019595 secs] [Times: user=0.01 sys=0.00, real=0.01 secs] 
2020-10-28T08:27:03.165+0000: [GC (Allocation Failure) 2020-10-28T08:27:03.165+0000: [ParNew: 16388K->4K(18432K), 0.0018194 secs] 402953K->386569K(608096K), 0.0018617 secs] [Times: user=0.01 sys=0.00, real=0.00 secs] 
2020-10-28T08:27:03.183+0000: [GC (Allocation Failure) 2020-10-28T08:27:03.183+0000: [ParNew: 16388K->4K(18432K), 0.0019098 secs] 402953K->386569K(608096K), 0.0019496 secs] [Times: user=0.01 sys=0.00, real=0.00 secs] 
2020-10-28T08:27:03.202+0000: [GC (Allocation Failure) 2020-10-28T08:27:03.202+0000: [ParNew: 16388K->4K(18432K), 0.0018170 secs] 402953K->386569K(608096K), 0.0018565 secs] [Times: user=0.01 sys=0.00, real=0.00 secs] 
2020-10-28T08:27:03.220+0000: [GC (Allocation Failure) 2020-10-28T08:27:03.220+0000: [ParNew: 16388K->4K(18432K), 0.0019191 secs] 402953K->386569K(608096K), 0.0019611 secs] [Times: user=0.01 sys=0.00, real=0.00 secs] 
2020-10-28T08:27:03.239+0000: [GC (Allocation Failure) 2020-10-28T08:27:03.239+0000: [ParNew: 16388K->4K(18432K), 0.0018706 secs] 402953K->386569K(608096K), 0.0019098 secs] [Times: user=0.01 sys=0.00, real=0.01 secs] 
2020-10-28T08:27:03.257+0000: [GC (Allocation Failure) 2020-10-28T08:27:03.257+0000: [ParNew: 16388K->4K(18432K), 0.0017768 secs] 402953K->386569K(608096K), 0.0018210 secs] [Times: user=0.01 sys=0.00, real=0.00 secs] 
2020-10-28T08:27:03.270+0000: [GC (Allocation Failure) 2020-10-28T08:27:03.270+0000: [ParNew: 9834K->4K(18432K), 0.0017366 secs] 396399K->386569K(608096K), 0.0017715 secs] [Times: user=0.00 sys=0.00, real=0.00 secs] 
2020-10-28T08:27:03.280+0000: [GC (Allocation Failure) 2020-10-28T08:27:03.280+0000: [ParNew: 16388K->4K(18432K), 0.0070470 secs] 402953K->394761K(608096K), 0.0070837 secs] [Times: user=0.02 sys=0.00, real=0.00 secs] 
2020-10-28T08:27:03.304+0000: [GC (Allocation Failure) 2020-10-28T08:27:03.304+0000: [ParNew: 16388K->4K(18432K), 0.0018503 secs] 411145K->394761K(608096K), 0.0018879 secs] [Times: user=0.01 sys=0.00, real=0.00 secs] 
2020-10-28T08:27:03.322+0000: [GC (Allocation Failure) 2020-10-28T08:27:03.322+0000: [ParNew: 16388K->4K(18432K), 0.0019157 secs] 411145K->394761K(608096K), 0.0019580 secs] [Times: user=0.01 sys=0.00, real=0.00 secs] 
2020-10-28T08:27:03.341+0000: [GC (Allocation Failure) 2020-10-28T08:27:03.341+0000: [ParNew: 16388K->4K(18432K), 0.0018844 secs] 411145K->394761K(608096K), 0.0019261 secs] [Times: user=0.01 sys=0.00, real=0.00 secs] 
2020-10-28T08:27:03.359+0000: [GC (Allocation Failure) 2020-10-28T08:27:03.359+0000: [ParNew: 16388K->4K(18432K), 0.0018773 secs] 411145K->394761K(608096K), 0.0019155 secs] [Times: user=0.01 sys=0.00, real=0.01 secs] 
2020-10-28T08:27:03.378+0000: [GC (Allocation Failure) 2020-10-28T08:27:03.378+0000: [ParNew: 16388K->4K(18432K), 0.0017786 secs] 411145K->394761K(608096K), 0.0018182 secs] [Times: user=0.01 sys=0.00, real=0.01 secs] 
2020-10-28T08:27:03.396+0000: [GC (Allocation Failure) 2020-10-28T08:27:03.396+0000: [ParNew: 16388K->4K(18432K), 0.0019943 secs] 411145K->394761K(608096K), 0.0020408 secs] [Times: user=0.01 sys=0.00, real=0.00 secs] 
2020-10-28T08:27:03.415+0000: [GC (Allocation Failure) 2020-10-28T08:27:03.415+0000: [ParNew: 16388K->4K(18432K), 0.0020155 secs] 411145K->394761K(608096K), 0.0020612 secs] [Times: user=0.00 sys=0.00, real=0.00 secs] 
2020-10-28T08:27:03.434+0000: [GC (Allocation Failure) 2020-10-28T08:27:03.434+0000: [ParNew: 16388K->4K(18432K), 0.0019665 secs] 411145K->394761K(608096K), 0.0020083 secs] [Times: user=0.00 sys=0.00, real=0.00 secs] 
2020-10-28T08:27:03.452+0000: [GC (Allocation Failure) 2020-10-28T08:27:03.452+0000: [ParNew: 16388K->4K(18432K), 0.0019218 secs] 411145K->394761K(608096K), 0.0019617 secs] [Times: user=0.00 sys=0.00, real=0.00 secs] 
2020-10-28T08:27:03.471+0000: [GC (Allocation Failure) 2020-10-28T08:27:03.471+0000: [ParNew: 16388K->4K(18432K), 0.0018126 secs] 411145K->394761K(608096K), 0.0018522 secs] [Times: user=0.00 sys=0.00, real=0.00 secs] 
2020-10-28T08:27:03.489+0000: [GC (Allocation Failure) 2020-10-28T08:27:03.489+0000: [ParNew: 16388K->4K(18432K), 0.0018156 secs] 411145K->394761K(608096K), 0.0018567 secs] [Times: user=0.00 sys=0.00, real=0.00 secs] 
2020-10-28T08:27:03.508+0000: [GC (Allocation Failure) 2020-10-28T08:27:03.508+0000: [ParNew: 16388K->4K(18432K), 0.0018440 secs] 411145K->394761K(608096K), 0.0018834 secs] [Times: user=0.01 sys=0.00, real=0.00 secs] 
2020-10-28T08:27:03.520+0000: [GC (Allocation Failure) 2020-10-28T08:27:03.520+0000: [ParNew: 10161K->4K(18432K), 0.0015334 secs] 404919K->394761K(608096K), 0.0015699 secs] [Times: user=0.00 sys=0.00, real=0.00 secs] 
2020-10-28T08:27:03.531+0000: [GC (Allocation Failure) 2020-10-28T08:27:03.531+0000: [ParNew: 16388K->4K(18432K), 0.0071263 secs] 411145K->402953K(608096K), 0.0071633 secs] [Times: user=0.01 sys=0.00, real=0.00 secs] 
2020-10-28T08:27:03.554+0000: [GC (Allocation Failure) 2020-10-28T08:27:03.555+0000: [ParNew: 16388K->4K(18432K), 0.0018313 secs] 419337K->402953K(608096K), 0.0018692 secs] [Times: user=0.00 sys=0.00, real=0.00 secs] 
2020-10-28T08:27:03.573+0000: [GC (Allocation Failure) 2020-10-28T08:27:03.573+0000: [ParNew: 16388K->4K(18432K), 0.0017439 secs] 419337K->402953K(608096K), 0.0017823 secs] [Times: user=0.00 sys=0.00, real=0.00 secs] 
2020-10-28T08:27:03.591+0000: [GC (Allocation Failure) 2020-10-28T08:27:03.591+0000: [ParNew: 16388K->4K(18432K), 0.0018873 secs] 419337K->402953K(608096K), 0.0019262 secs] [Times: user=0.00 sys=0.00, real=0.00 secs] 
2020-10-28T08:27:03.610+0000: [GC (Allocation Failure) 2020-10-28T08:27:03.610+0000: [ParNew: 16388K->4K(18432K), 0.0018722 secs] 419337K->402953K(608096K), 0.0019128 secs] [Times: user=0.00 sys=0.00, real=0.00 secs] 
2020-10-28T08:27:03.629+0000: [GC (Allocation Failure) 2020-10-28T08:27:03.629+0000: [ParNew: 16388K->4K(18432K), 0.0018815 secs] 419337K->402953K(608096K), 0.0019319 secs] [Times: user=0.00 sys=0.00, real=0.00 secs] 
2020-10-28T08:27:03.647+0000: [GC (Allocation Failure) 2020-10-28T08:27:03.647+0000: [ParNew: 16388K->4K(18432K), 0.0019342 secs] 419337K->402953K(608096K), 0.0019737 secs] [Times: user=0.00 sys=0.00, real=0.01 secs] 
2020-10-28T08:27:03.666+0000: [GC (Allocation Failure) 2020-10-28T08:27:03.666+0000: [ParNew: 16388K->4K(18432K), 0.0018507 secs] 419337K->402953K(608096K), 0.0018916 secs] [Times: user=0.00 sys=0.00, real=0.01 secs] 
2020-10-28T08:27:03.685+0000: [GC (Allocation Failure) 2020-10-28T08:27:03.685+0000: [ParNew: 16388K->4K(18432K), 0.0019027 secs] 419337K->402953K(608096K), 0.0019462 secs] [Times: user=0.00 sys=0.00, real=0.00 secs] 
2020-10-28T08:27:03.706+0000: [GC (Allocation Failure) 2020-10-28T08:27:03.706+0000: [ParNew: 16388K->4K(18432K), 0.0019136 secs] 419337K->402953K(608096K), 0.0019552 secs] [Times: user=0.01 sys=0.00, real=0.01 secs] 
2020-10-28T08:27:03.725+0000: [GC (Allocation Failure) 2020-10-28T08:27:03.725+0000: [ParNew: 16388K->4K(18432K), 0.0019169 secs] 419337K->402953K(608096K), 0.0019575 secs] [Times: user=0.00 sys=0.00, real=0.00 secs] 
2020-10-28T08:27:03.743+0000: [GC (Allocation Failure) 2020-10-28T08:27:03.743+0000: [ParNew: 16388K->4K(18432K), 0.0017438 secs] 419337K->402953K(608096K), 0.0017835 secs] [Times: user=0.00 sys=0.00, real=0.00 secs] 
2020-10-28T08:27:03.763+0000: [GC (Allocation Failure) 2020-10-28T08:27:03.763+0000: [ParNew: 16388K->4K(18432K), 0.0018373 secs] 419337K->402953K(608096K), 0.0018767 secs] [Times: user=0.00 sys=0.00, real=0.00 secs] 
2020-10-28T08:27:03.775+0000: [GC (Allocation Failure) 2020-10-28T08:27:03.775+0000: [ParNew: 10152K->4K(18432K), 0.0018177 secs] 413101K->402953K(608096K), 0.0018552 secs] [Times: user=0.00 sys=0.00, real=0.00 secs] 
2020-10-28T08:27:03.786+0000: [GC (Allocation Failure) 2020-10-28T08:27:03.786+0000: [ParNew: 16388K->4K(18432K), 0.0074129 secs] 419337K->411145K(608096K), 0.0074546 secs] [Times: user=0.01 sys=0.00, real=0.01 secs] 
2020-10-28T08:27:03.813+0000: [GC (Allocation Failure) 2020-10-28T08:27:03.813+0000: [ParNew: 16388K->4K(18432K), 0.0020430 secs] 427529K->411145K(608096K), 0.0020870 secs] [Times: user=0.01 sys=0.00, real=0.00 secs] 
2020-10-28T08:27:03.832+0000: [GC (Allocation Failure) 2020-10-28T08:27:03.832+0000: [ParNew: 16388K->4K(18432K), 0.0018898 secs] 427529K->411145K(608096K), 0.0019318 secs] [Times: user=0.01 sys=0.00, real=0.00 secs] 
2020-10-28T08:27:03.850+0000: [GC (Allocation Failure) 2020-10-28T08:27:03.850+0000: [ParNew: 16388K->4K(18432K), 0.0019299 secs] 427529K->411145K(608096K), 0.0019687 secs] [Times: user=0.01 sys=0.00, real=0.00 secs] 
2020-10-28T08:27:03.869+0000: [GC (Allocation Failure) 2020-10-28T08:27:03.869+0000: [ParNew: 16388K->4K(18432K), 0.0018066 secs] 427529K->411145K(608096K), 0.0018467 secs] [Times: user=0.01 sys=0.00, real=0.00 secs] 
2020-10-28T08:27:03.887+0000: [GC (Allocation Failure) 2020-10-28T08:27:03.887+0000: [ParNew: 16388K->4K(18432K), 0.0018540 secs] 427529K->411145K(608096K), 0.0018932 secs] [Times: user=0.01 sys=0.00, real=0.01 secs] 
2020-10-28T08:27:03.906+0000: [GC (Allocation Failure) 2020-10-28T08:27:03.906+0000: [ParNew: 16388K->4K(18432K), 0.0018486 secs] 427529K->411145K(608096K), 0.0018860 secs] [Times: user=0.00 sys=0.00, real=0.00 secs] 
2020-10-28T08:27:03.924+0000: [GC (Allocation Failure) 2020-10-28T08:27:03.924+0000: [ParNew: 16388K->4K(18432K), 0.0018209 secs] 427529K->411145K(608096K), 0.0018604 secs] [Times: user=0.00 sys=0.00, real=0.00 secs] 
2020-10-28T08:27:03.944+0000: [GC (Allocation Failure) 2020-10-28T08:27:03.944+0000: [ParNew: 16388K->4K(18432K), 0.0018510 secs] 427529K->411145K(608096K), 0.0018930 secs] [Times: user=0.01 sys=0.00, real=0.00 secs] 
2020-10-28T08:27:03.962+0000: [GC (Allocation Failure) 2020-10-28T08:27:03.963+0000: [ParNew: 16388K->4K(18432K), 0.0018956 secs] 427529K->411145K(608096K), 0.0019356 secs] [Times: user=0.01 sys=0.00, real=0.00 secs] 
2020-10-28T08:27:03.981+0000: [GC (Allocation Failure) 2020-10-28T08:27:03.981+0000: [ParNew: 16388K->4K(18432K), 0.0019250 secs] 427529K->411145K(608096K), 0.0019658 secs] [Times: user=0.01 sys=0.00, real=0.00 secs] 
2020-10-28T08:27:03.999+0000: [GC (Allocation Failure) 2020-10-28T08:27:03.999+0000: [ParNew: 16388K->4K(18432K), 0.0018813 secs] 427529K->411145K(608096K), 0.0019206 secs] [Times: user=0.01 sys=0.00, real=0.01 secs] 
2020-10-28T08:27:04.018+0000: [GC (Allocation Failure) 2020-10-28T08:27:04.018+0000: [ParNew: 16388K->4K(18432K), 0.0018527 secs] 427529K->411145K(608096K), 0.0018908 secs] [Times: user=0.01 sys=0.00, real=0.01 secs] 
2020-10-28T08:27:04.030+0000: [GC (Allocation Failure) 2020-10-28T08:27:04.030+0000: [ParNew: 10133K->4K(18432K), 0.0015863 secs] 421275K->411145K(608096K), 0.0016288 secs] [Times: user=0.00 sys=0.00, real=0.00 secs] 
2020-10-28T08:27:04.041+0000: [GC (Allocation Failure) 2020-10-28T08:27:04.041+0000: [ParNew: 16388K->4K(18432K), 0.0070406 secs] 427529K->419337K(608096K), 0.0070785 secs] [Times: user=0.01 sys=0.01, real=0.01 secs] 
2020-10-28T08:27:04.051+0000: [GC (CMS Initial Mark) [1 CMS-initial-mark: 419333K(589664K)] 419662K(608096K), 0.0010518 secs] [Times: user=0.00 sys=0.00, real=0.00 secs] 
2020-10-28T08:27:04.052+0000: [CMS-concurrent-mark-start]
2020-10-28T08:27:04.083+0000: [GC (Allocation Failure) 2020-10-28T08:27:04.083+0000: [ParNew: 16388K->4K(18432K), 0.0019895 secs] 435721K->419337K(608096K), 0.0020408 secs] [Times: user=0.00 sys=0.00, real=0.00 secs] 
2020-10-28T08:27:04.089+0000: [CMS-concurrent-mark: 0.035/0.037 secs] [Times: user=0.07 sys=0.00, real=0.04 secs] 
2020-10-28T08:27:04.089+0000: [CMS-concurrent-preclean-start]
2020-10-28T08:27:04.091+0000: [CMS-concurrent-preclean: 0.002/0.002 secs] [Times: user=0.00 sys=0.00, real=0.00 secs] 
2020-10-28T08:27:04.091+0000: [CMS-concurrent-abortable-preclean-start]
2020-10-28T08:27:04.104+0000: [GC (Allocation Failure) 2020-10-28T08:27:04.104+0000: [ParNew: 16388K->4K(18432K), 0.0017179 secs] 435721K->419337K(608096K), 0.0017560 secs] [Times: user=0.00 sys=0.00, real=0.00 secs] 
2020-10-28T08:27:04.136+0000: [GC (Allocation Failure) 2020-10-28T08:27:04.136+0000: [ParNew: 16388K->62K(18432K), 0.0019032 secs] 435721K->419396K(608096K), 0.0019521 secs] [Times: user=0.00 sys=0.00, real=0.00 secs] 
2020-10-28T08:27:04.138+0000: [CMS-concurrent-abortable-preclean: 0.007/0.047 secs] [Times: user=0.08 sys=0.00, real=0.04 secs] 
2020-10-28T08:27:04.138+0000: [GC (CMS Final Remark) [YG occupancy: 447 K (18432 K)]2020-10-28T08:27:04.138+0000: [Rescan (parallel) , 0.0012360 secs]2020-10-28T08:27:04.139+0000: [weak refs processing, 0.0000344 secs]2020-10-28T08:27:04.139+0000: [class unloading, 0.0059464 secs]2020-10-28T08:27:04.145+0000: [scrub symbol table, 0.0074384 secs]2020-10-28T08:27:04.153+0000: [scrub string table, 0.0005359 secs][1 CMS-remark: 419333K(589664K)] 419781K(608096K), 0.0152840 secs] [Times: user=0.02 sys=0.00, real=0.02 secs] 
2020-10-28T08:27:04.165+0000: [CMS-concurrent-sweep-start]
2020-10-28T08:27:04.186+0000: [CMS-concurrent-sweep: 0.009/0.021 secs] [Times: user=0.03 sys=0.00, real=0.02 secs] 
2020-10-28T08:27:04.186+0000: [CMS-concurrent-reset-start]
2020-10-28T08:27:04.197+0000: [GC (Allocation Failure) 2020-10-28T08:27:04.197+0000: [ParNew: 16446K->139K(18432K), 0.0025899 secs] 402945K->386638K(662600K), 0.0026499 secs] [Times: user=0.00 sys=0.00, real=0.00 secs] 
2020-10-28T08:27:04.202+0000: [CMS-concurrent-reset: 0.011/0.016 secs] [Times: user=0.03 sys=0.00, real=0.02 secs] 
2020-10-28T08:27:04.219+0000: [GC (Allocation Failure) 2020-10-28T08:27:04.219+0000: [ParNew: 16523K->98K(18432K), 0.0023419 secs] 403022K->386597K(662600K), 0.0023870 secs] [Times: user=0.01 sys=0.00, real=0.01 secs] 
2020-10-28T08:27:04.256+0000: [GC (Allocation Failure) 2020-10-28T08:27:04.256+0000: [ParNew: 16482K->92K(18432K), 0.0050548 secs] 402981K->386591K(662600K), 0.0051075 secs] [Times: user=0.01 sys=0.00, real=0.01 secs] 
2020-10-28T08:27:04.290+0000: [GC (Allocation Failure) 2020-10-28T08:27:04.290+0000: [ParNew: 16476K->99K(18432K), 0.0049962 secs] 402975K->386598K(662600K), 0.0050470 secs] [Times: user=0.01 sys=0.00, real=0.00 secs] 
2020-10-28T08:27:04.319+0000: [GC (Allocation Failure) 2020-10-28T08:27:04.319+0000: [ParNew: 16483K->101K(18432K), 0.0023515 secs] 402982K->386600K(662600K), 0.0024051 secs] [Times: user=0.01 sys=0.00, real=0.01 secs] 
2020-10-28T08:27:04.338+0000: [GC (Allocation Failure) 2020-10-28T08:27:04.338+0000: [ParNew: 16485K->101K(18432K), 0.0024741 secs] 402984K->386611K(662600K), 0.0025219 secs] [Times: user=0.01 sys=0.00, real=0.01 secs] 
2020-10-28T08:27:04.357+0000: [GC (Allocation Failure) 2020-10-28T08:27:04.357+0000: [ParNew: 16485K->38K(18432K), 0.0023486 secs] 402995K->386597K(662600K), 0.0023908 secs] [Times: user=0.01 sys=0.00, real=0.01 secs] 
2020-10-28T08:27:04.376+0000: [GC (Allocation Failure) 2020-10-28T08:27:04.376+0000: [ParNew: 16422K->17K(18432K), 0.0020170 secs] 402981K->386577K(662600K), 0.0020577 secs] [Times: user=0.00 sys=0.00, real=0.00 secs] 
2020-10-28T08:27:04.395+0000: [GC (Allocation Failure) 2020-10-28T08:27:04.395+0000: [ParNew: 16401K->6K(18432K), 0.0020166 secs] 402961K->386573K(662600K), 0.0020563 secs] [Times: user=0.00 sys=0.00, real=0.00 secs] 
2020-10-28T08:27:04.412+0000: [GC (Allocation Failure) 2020-10-28T08:27:04.412+0000: [ParNew: 13415K->4K(18432K), 0.0019990 secs] 399982K->386571K(662600K), 0.0020406 secs] [Times: user=0.00 sys=0.00, real=0.00 secs] 
2020-10-28T08:27:04.423+0000: [GC (Allocation Failure) 2020-10-28T08:27:04.423+0000: [ParNew: 16388K->4K(18432K), 0.0027211 secs] 402955K->394763K(662600K), 0.0027642 secs] [Times: user=0.00 sys=0.00, real=0.00 secs] 
2020-10-28T08:27:04.442+0000: [GC (Allocation Failure) 2020-10-28T08:27:04.442+0000: [ParNew: 16388K->4K(18432K), 0.0019539 secs] 411147K->394763K(662600K), 0.0019897 secs] [Times: user=0.01 sys=0.00, real=0.00 secs] 
2020-10-28T08:27:04.462+0000: [GC (Allocation Failure) 2020-10-28T08:27:04.462+0000: [ParNew: 16388K->4K(18432K), 0.0019001 secs] 411147K->394763K(662600K), 0.0019381 secs] [Times: user=0.01 sys=0.00, real=0.00 secs] 
2020-10-28T08:27:04.480+0000: [GC (Allocation Failure) 2020-10-28T08:27:04.480+0000: [ParNew: 16388K->4K(18432K), 0.0019447 secs] 411147K->394763K(662600K), 0.0019841 secs] [Times: user=0.01 sys=0.00, real=0.00 secs] 
2020-10-28T08:27:04.499+0000: [GC (Allocation Failure) 2020-10-28T08:27:04.499+0000: [ParNew: 16388K->4K(18432K), 0.0019504 secs] 411147K->394763K(662600K), 0.0019963 secs] [Times: user=0.01 sys=0.00, real=0.01 secs] 
2020-10-28T08:27:04.517+0000: [GC (Allocation Failure) 2020-10-28T08:27:04.517+0000: [ParNew: 16388K->4K(18432K), 0.0020079 secs] 411147K->394763K(662600K), 0.0020495 secs] [Times: user=0.01 sys=0.00, real=0.00 secs] 
2020-10-28T08:27:04.536+0000: [GC (Allocation Failure) 2020-10-28T08:27:04.536+0000: [ParNew: 16388K->4K(18432K), 0.0019012 secs] 411147K->394763K(662600K), 0.0019418 secs] [Times: user=0.01 sys=0.00, real=0.00 secs] 
2020-10-28T08:27:04.555+0000: [GC (Allocation Failure) 2020-10-28T08:27:04.555+0000: [ParNew: 16388K->4K(18432K), 0.0020152 secs] 411147K->394763K(662600K), 0.0020562 secs] [Times: user=0.01 sys=0.00, real=0.00 secs] 
2020-10-28T08:27:04.574+0000: [GC (Allocation Failure) 2020-10-28T08:27:04.574+0000: [ParNew: 16388K->4K(18432K), 0.0019706 secs] 411147K->394763K(662600K), 0.0020195 secs] [Times: user=0.01 sys=0.00, real=0.00 secs] 
2020-10-28T08:27:04.976+0000: [GC (Allocation Failure) 2020-10-28T08:27:04.976+0000: [ParNew: 16388K->42K(18432K), 0.0048869 secs] 411147K->394801K(662600K), 0.0049405 secs] [Times: user=0.01 sys=0.00, real=0.01 secs] 
2020-10-28T08:27:05.408+0000: [GC (Allocation Failure) 2020-10-28T08:27:05.408+0000: [ParNew: 16426K->14K(18432K), 0.0022809 secs] 411185K->394774K(662600K), 0.0023401 secs] [Times: user=0.01 sys=0.00, real=0.00 secs] 
2020-10-28T08:27:05.783+0000: [GC (Allocation Failure) 2020-10-28T08:27:05.783+0000: [ParNew: 16398K->36K(18432K), 0.0024932 secs] 411158K->394795K(662600K), 0.0025447 secs] [Times: user=0.00 sys=0.00, real=0.00 secs] 
2020-10-28T08:27:06.713+0000: [GC (Allocation Failure) 2020-10-28T08:27:06.713+0000: [ParNew: 16420K->429K(18432K), 0.0067611 secs] 411179K->395189K(662600K), 0.0068410 secs] [Times: user=0.00 sys=0.00, real=0.01 secs] 
2020-10-28T08:27:06.912+0000: [GC (Allocation Failure) 2020-10-28T08:27:06.912+0000: [ParNew: 16813K->837K(18432K), 0.0050241 secs] 411573K->395597K(662600K), 0.0050706 secs] [Times: user=0.00 sys=0.00, real=0.00 secs] 
2020-10-28T08:27:07.002+0000: [GC (Allocation Failure) 2020-10-28T08:27:07.002+0000: [ParNew: 17221K->1889K(18432K), 0.0040356 secs] 411981K->396648K(662600K), 0.0041070 secs] [Times: user=0.01 sys=0.00, real=0.00 secs] 
2020-10-28T08:27:07.078+0000: [GC (Allocation Failure) 2020-10-28T08:27:07.078+0000: [ParNew: 18273K->1274K(18432K), 0.0104114 secs] 413032K->396818K(662600K), 0.0104769 secs] [Times: user=0.01 sys=0.00, real=0.02 secs] 
2020-10-28T08:27:07.145+0000: [GC (Allocation Failure) 2020-10-28T08:27:07.145+0000: [ParNew: 17658K->451K(18432K), 0.0054241 secs] 413202K->395995K(662600K), 0.0054908 secs] [Times: user=0.01 sys=0.00, real=0.01 secs] 
2020-10-28T08:27:07.223+0000: [GC (Allocation Failure) 2020-10-28T08:27:07.224+0000: [ParNew: 16835K->658K(18432K), 0.0037018 secs] 412379K->396202K(662600K), 0.0037651 secs] [Times: user=0.01 sys=0.01, real=0.00 secs] 
2020-10-28T08:27:07.293+0000: [GC (Allocation Failure) 2020-10-28T08:27:07.293+0000: [ParNew: 17042K->1232K(18432K), 0.0040793 secs] 412586K->396776K(662600K), 0.0041247 secs] [Times: user=0.00 sys=0.00, real=0.00 secs] 
2020-10-28T08:27:07.388+0000: [GC (Allocation Failure) 2020-10-28T08:27:07.388+0000: [ParNew: 17616K->621K(18432K), 0.0037533 secs] 413160K->396825K(662600K), 0.0038046 secs] [Times: user=0.01 sys=0.00, real=0.00 secs] 
2020-10-28T08:27:07.460+0000: [GC (Allocation Failure) 2020-10-28T08:27:07.460+0000: [ParNew: 17005K->635K(18432K), 0.0029476 secs] 413209K->396839K(662600K), 0.0029974 secs] [Times: user=0.00 sys=0.00, real=0.00 secs] 
2020-10-28T08:27:07.550+0000: [GC (Allocation Failure) 2020-10-28T08:27:07.550+0000: [ParNew: 17019K->639K(18432K), 0.0099315 secs] 413223K->396843K(662600K), 0.0099823 secs] [Times: user=0.02 sys=0.00, real=0.01 secs] 
2020-10-28T08:27:07.630+0000: [GC (Allocation Failure) 2020-10-28T08:27:07.630+0000: [ParNew: 17023K->639K(18432K), 0.0033703 secs] 413227K->396843K(662600K), 0.0034195 secs] [Times: user=0.00 sys=0.00, real=0.00 secs] 
2020-10-28T08:27:07.692+0000: [GC (Allocation Failure) 2020-10-28T08:27:07.692+0000: [ParNew: 17023K->810K(18432K), 0.0036553 secs] 413227K->397014K(662600K), 0.0037033 secs] [Times: user=0.01 sys=0.00, real=0.00 secs] 
2020-10-28T08:27:07.766+0000: [GC (Allocation Failure) 2020-10-28T08:27:07.766+0000: [ParNew: 17194K->666K(18432K), 0.0033156 secs] 413398K->396870K(662600K), 0.0033650 secs] [Times: user=0.01 sys=0.00, real=0.01 secs] 
2020-10-28T08:27:07.872+0000: [GC (Allocation Failure) 2020-10-28T08:27:07.872+0000: [ParNew: 17050K->856K(18432K), 0.0041260 secs] 413254K->397153K(662600K), 0.0041763 secs] [Times: user=0.01 sys=0.00, real=0.00 secs] 
2020-10-28T08:27:08.007+0000: [GC (Allocation Failure) 2020-10-28T08:27:08.007+0000: [ParNew: 17240K->1403K(18432K), 0.0054622 secs] 413537K->397735K(662600K), 0.0055146 secs] [Times: user=0.00 sys=0.01, real=0.01 secs] 
2020-10-28T08:27:08.090+0000: [GC (Allocation Failure) 2020-10-28T08:27:08.090+0000: [ParNew: 17787K->1480K(18432K), 0.0095652 secs] 414119K->397970K(662600K), 0.0096328 secs] [Times: user=0.01 sys=0.00, real=0.01 secs] 
2020-10-28T08:27:08.254+0000: [GC (Allocation Failure) 2020-10-28T08:27:08.254+0000: [ParNew: 17864K->1295K(18432K), 0.0098564 secs] 414354K->398049K(662600K), 0.0099255 secs] [Times: user=0.02 sys=0.00, real=0.01 secs] 
2020-10-28T08:27:08.496+0000: [GC (Allocation Failure) 2020-10-28T08:27:08.496+0000: [ParNew: 17679K->2048K(18432K), 0.0123723 secs] 414433K->398997K(662600K), 0.0124427 secs] [Times: user=0.03 sys=0.00, real=0.02 secs] 
2020-10-28T08:27:08.684+0000: [GC (Allocation Failure) 2020-10-28T08:27:08.684+0000: [ParNew: 18432K->2047K(18432K), 0.0166671 secs] 415381K->401298K(662600K), 0.0167419 secs] [Times: user=0.03 sys=0.00, real=0.02 secs] 
2020-10-28T08:27:08.831+0000: [GC (Allocation Failure) 2020-10-28T08:27:08.831+0000: [ParNew: 18431K->1350K(18432K), 0.0086847 secs] 417682K->400601K(662600K), 0.0087516 secs] [Times: user=0.02 sys=0.00, real=0.01 secs] 
2020-10-28T08:27:09.028+0000: [GC (Allocation Failure) 2020-10-28T08:27:09.028+0000: [ParNew: 17734K->2048K(18432K), 0.0071136 secs] 416985K->401906K(662600K), 0.0071838 secs] [Times: user=0.01 sys=0.00, real=0.00 secs] 
2020-10-28T08:27:09.091+0000: [GC (Allocation Failure) 2020-10-28T08:27:09.091+0000: [ParNew: 18432K->1455K(18432K), 0.0055699 secs] 418290K->402883K(662600K), 0.0056312 secs] [Times: user=0.01 sys=0.01, real=0.00 secs] 
2020-10-28T08:27:09.142+0000: [GC (Allocation Failure) 2020-10-28T08:27:09.142+0000: [ParNew: 17839K->1436K(18432K), 0.0025620 secs] 419267K->402864K(662600K), 0.0026294 secs] [Times: user=0.01 sys=0.00, real=0.00 secs] 
2020-10-28T08:27:09.193+0000: [GC (Allocation Failure) 2020-10-28T08:27:09.193+0000: [ParNew: 17820K->235K(18432K), 0.0026555 secs] 419248K->402192K(662600K), 0.0027083 secs] [Times: user=0.00 sys=0.00, real=0.00 secs] 
2020-10-28T08:27:09.253+0000: [GC (Allocation Failure) 2020-10-28T08:27:09.253+0000: [ParNew: 16619K->269K(18432K), 0.0048852 secs] 418576K->402227K(662600K), 0.0049401 secs] [Times: user=0.01 sys=0.00, real=0.00 secs] 
2020-10-28T08:27:09.313+0000: [GC (Allocation Failure) 2020-10-28T08:27:09.313+0000: [ParNew: 16653K->519K(18432K), 0.0024136 secs] 418611K->402476K(662600K), 0.0024655 secs] [Times: user=0.01 sys=0.00, real=0.00 secs] 
2020-10-28T08:27:09.352+0000: [GC (Allocation Failure) 2020-10-28T08:27:09.352+0000: [ParNew: 16903K->1540K(18432K), 0.0041270 secs] 418860K->403497K(662600K), 0.0041887 secs] [Times: user=0.00 sys=0.00, real=0.00 secs] 
2020-10-28T08:27:09.387+0000: [GC (Allocation Failure) 2020-10-28T08:27:09.387+0000: [ParNew: 17924K->4K(18432K), 0.0026534 secs] 419881K->403498K(662600K), 0.0027043 secs] [Times: user=0.01 sys=0.00, real=0.01 secs] 
2020-10-28T08:27:09.438+0000: [GC (Allocation Failure) 2020-10-28T08:27:09.438+0000: [ParNew: 16388K->4K(18432K), 0.0023824 secs] 419882K->403498K(662600K), 0.0024524 secs] [Times: user=0.01 sys=0.00, real=0.01 secs] 
2020-10-28T08:27:09.484+0000: [GC (Allocation Failure) 2020-10-28T08:27:09.484+0000: [ParNew: 16388K->4K(18432K), 0.0023143 secs] 419882K->403498K(662600K), 0.0023639 secs] [Times: user=0.01 sys=0.00, real=0.00 secs] 
2020-10-28T08:27:09.519+0000: [GC (Allocation Failure) 2020-10-28T08:27:09.519+0000: [ParNew: 16388K->1028K(18432K), 0.0026314 secs] 419882K->405546K(662600K), 0.0026847 secs] [Times: user=0.00 sys=0.00, real=0.01 secs] 
2020-10-28T08:27:09.560+0000: [GC (Allocation Failure) 2020-10-28T08:27:09.560+0000: [ParNew: 17412K->4K(18432K), 0.0023541 secs] 421930K->404522K(662600K), 0.0024224 secs] [Times: user=0.00 sys=0.00, real=0.00 secs] 
2020-10-28T08:27:09.593+0000: [GC (Allocation Failure) 2020-10-28T08:27:09.593+0000: [ParNew: 16388K->4K(18432K), 0.0023511 secs] 420906K->404522K(662600K), 0.0024161 secs] [Times: user=0.01 sys=0.00, real=0.00 secs] 
2020-10-28T08:27:09.633+0000: [GC (Allocation Failure) 2020-10-28T08:27:09.633+0000: [ParNew: 16388K->4K(18432K), 0.0022862 secs] 420906K->404522K(662600K), 0.0023504 secs] [Times: user=0.01 sys=0.00, real=0.00 secs] 
2020-10-28T08:27:09.656+0000: [GC (Allocation Failure) 2020-10-28T08:27:09.656+0000: [ParNew: 16388K->4K(18432K), 0.0025489 secs] 420906K->406570K(662600K), 0.0025953 secs] [Times: user=0.00 sys=0.00, real=0.00 secs] 
2020-10-28T08:27:09.677+0000: [GC (Allocation Failure) 2020-10-28T08:27:09.677+0000: [ParNew: 16388K->4K(18432K), 0.0022208 secs] 422954K->406570K(662600K), 0.0022791 secs] [Times: user=0.00 sys=0.00, real=0.01 secs] 
2020-10-28T08:27:09.700+0000: [GC (Allocation Failure) 2020-10-28T08:27:09.700+0000: [ParNew: 16388K->4K(18432K), 0.0022055 secs] 422954K->406570K(662600K), 0.0022484 secs] [Times: user=0.00 sys=0.00, real=0.00 secs] 
2020-10-28T08:27:09.719+0000: [GC (Allocation Failure) 2020-10-28T08:27:09.720+0000: [ParNew: 16388K->4K(18432K), 0.0021454 secs] 422954K->406570K(662600K), 0.0021838 secs] [Times: user=0.00 sys=0.00, real=0.01 secs] 
2020-10-28T08:27:09.741+0000: [GC (Allocation Failure) 2020-10-28T08:27:09.741+0000: [ParNew: 16388K->4K(18432K), 0.0040194 secs] 422954K->408618K(662600K), 0.0040747 secs] [Times: user=0.01 sys=0.00, real=0.00 secs] 
2020-10-28T08:27:09.765+0000: [GC (Allocation Failure) 2020-10-28T08:27:09.765+0000: [ParNew: 16388K->4K(18432K), 0.0022823 secs] 425002K->408618K(662600K), 0.0023238 secs] [Times: user=0.01 sys=0.00, real=0.00 secs] 
2020-10-28T08:27:09.802+0000: [GC (Allocation Failure) 2020-10-28T08:27:09.802+0000: [ParNew: 16388K->4K(18432K), 0.0029673 secs] 425002K->408618K(662600K), 0.0030189 secs] [Times: user=0.00 sys=0.00, real=0.00 secs] 
2020-10-28T08:27:09.838+0000: [GC (Allocation Failure) 2020-10-28T08:27:09.838+0000: [ParNew: 16388K->4K(18432K), 0.0026282 secs] 425002K->408618K(662600K), 0.0026779 secs] [Times: user=0.01 sys=0.00, real=0.01 secs] 
2020-10-28T08:27:09.867+0000: [GC (Allocation Failure) 2020-10-28T08:27:09.867+0000: [ParNew: 16388K->4K(18432K), 0.0024353 secs] 425002K->408618K(662600K), 0.0025000 secs] [Times: user=0.01 sys=0.00, real=0.01 secs] 
2020-10-28T08:27:09.896+0000: [GC (Allocation Failure) 2020-10-28T08:27:09.896+0000: [ParNew: 16388K->4K(18432K), 0.0022448 secs] 425002K->408618K(662600K), 0.0023079 secs] [Times: user=0.01 sys=0.00, real=0.00 secs] 
2020-10-28T08:27:09.920+0000: [GC (Allocation Failure) 2020-10-28T08:27:09.920+0000: [ParNew: 16388K->4K(18432K), 0.0022337 secs] 425002K->408618K(662600K), 0.0022796 secs] [Times: user=0.00 sys=0.00, real=0.00 secs] 
2020-10-28T08:27:09.952+0000: [GC (Allocation Failure) 2020-10-28T08:27:09.952+0000: [ParNew: 16388K->4K(18432K), 0.0023090 secs] 425002K->408618K(662600K), 0.0023730 secs] [Times: user=0.00 sys=0.00, real=0.00 secs] 
2020-10-28T08:27:09.977+0000: [GC (Allocation Failure) 2020-10-28T08:27:09.977+0000: [ParNew: 16388K->4K(18432K), 0.0022842 secs] 425002K->408618K(662600K), 0.0023473 secs] [Times: user=0.00 sys=0.00, real=0.00 secs] 
2020-10-28T08:27:10.001+0000: [GC (Allocation Failure) 2020-10-28T08:27:10.001+0000: [ParNew: 16388K->4K(18432K), 0.0022403 secs] 425002K->408618K(662600K), 0.0022866 secs] [Times: user=0.00 sys=0.00, real=0.00 secs] 
2020-10-28T08:27:10.028+0000: [GC (Allocation Failure) 2020-10-28T08:27:10.028+0000: [ParNew: 16388K->4K(18432K), 0.0022317 secs] 425002K->408619K(662600K), 0.0022927 secs] [Times: user=0.01 sys=0.00, real=0.00 secs] 
2020-10-28T08:27:10.072+0000: [GC (Allocation Failure) 2020-10-28T08:27:10.072+0000: [ParNew: 16388K->4K(18432K), 0.0023881 secs] 425003K->408619K(662600K), 0.0024543 secs] [Times: user=0.01 sys=0.00, real=0.00 secs] 
2020-10-28T08:27:10.116+0000: [GC (Allocation Failure) 2020-10-28T08:27:10.116+0000: [ParNew: 16388K->4K(18432K), 0.0060287 secs] 425003K->408619K(662600K), 0.0060973 secs] [Times: user=0.01 sys=0.00, real=0.01 secs] 
2020-10-28T08:27:10.152+0000: [GC (Allocation Failure) 2020-10-28T08:27:10.152+0000: [ParNew: 16388K->4K(18432K), 0.0056253 secs] 425003K->412715K(662600K), 0.0056924 secs] [Times: user=0.01 sys=0.00, real=0.00 secs] 
2020-10-28T08:27:10.183+0000: [GC (Allocation Failure) 2020-10-28T08:27:10.183+0000: [ParNew: 16388K->4K(18432K), 0.0061339 secs] 429099K->412715K(662600K), 0.0061999 secs] [Times: user=0.02 sys=0.00, real=0.01 secs] 
2020-10-28T08:27:10.211+0000: [GC (Allocation Failure) 2020-10-28T08:27:10.211+0000: [ParNew: 16388K->4K(18432K), 0.0024917 secs] 429099K->412715K(662600K), 0.0025580 secs] [Times: user=0.01 sys=0.00, real=0.00 secs] 
2020-10-28T08:27:10.232+0000: [GC (Allocation Failure) 2020-10-28T08:27:10.232+0000: [ParNew: 16388K->4K(18432K), 0.0029796 secs] 429099K->416811K(662600K), 0.0030426 secs] [Times: user=0.01 sys=0.00, real=0.00 secs] 
2020-10-28T08:27:10.269+0000: [GC (Allocation Failure) 2020-10-28T08:27:10.269+0000: [ParNew: 16388K->4K(18432K), 0.0024399 secs] 433195K->416811K(662600K), 0.0025085 secs] [Times: user=0.01 sys=0.00, real=0.00 secs] 
2020-10-28T08:27:10.306+0000: [GC (Allocation Failure) 2020-10-28T08:27:10.306+0000: [ParNew: 16388K->4K(18432K), 0.0023382 secs] 433195K->416811K(662600K), 0.0023975 secs] [Times: user=0.01 sys=0.00, real=0.01 secs] 
2020-10-28T08:27:10.336+0000: [GC (Allocation Failure) 2020-10-28T08:27:10.336+0000: [ParNew: 16388K->4K(18432K), 0.0023144 secs] 433195K->416811K(662600K), 0.0023616 secs] [Times: user=0.00 sys=0.00, real=0.00 secs] 
2020-10-28T08:27:10.364+0000: [GC (Allocation Failure) 2020-10-28T08:27:10.364+0000: [ParNew: 16388K->4K(18432K), 0.0022497 secs] 433195K->416811K(662600K), 0.0022977 secs] [Times: user=0.00 sys=0.00, real=0.00 secs] 
2020-10-28T08:27:10.382+0000: [GC (Allocation Failure) 2020-10-28T08:27:10.382+0000: [ParNew: 16388K->4K(18432K), 0.0022327 secs] 433195K->416811K(662600K), 0.0022794 secs] [Times: user=0.01 sys=0.00, real=0.00 secs] 
2020-10-28T08:27:10.400+0000: [GC (Allocation Failure) 2020-10-28T08:27:10.401+0000: [ParNew: 16388K->4K(18432K), 0.0022207 secs] 433195K->416811K(662600K), 0.0022652 secs] [Times: user=0.00 sys=0.00, real=0.00 secs] 
2020-10-28T08:27:10.418+0000: [GC (Allocation Failure) 2020-10-28T08:27:10.418+0000: [ParNew: 16388K->4K(18432K), 0.0022095 secs] 433195K->416811K(662600K), 0.0022570 secs] [Times: user=0.00 sys=0.00, real=0.01 secs] 
2020-10-28T08:27:10.436+0000: [GC (Allocation Failure) 2020-10-28T08:27:10.436+0000: [ParNew: 16388K->4K(18432K), 0.0021187 secs] 433195K->416811K(662600K), 0.0021578 secs] [Times: user=0.00 sys=0.00, real=0.00 secs] 
2020-10-28T08:27:10.453+0000: [GC (Allocation Failure) 2020-10-28T08:27:10.453+0000: [ParNew: 16388K->4K(18432K), 0.0021186 secs] 433195K->416811K(662600K), 0.0021593 secs] [Times: user=0.01 sys=0.00, real=0.00 secs] 
2020-10-28T08:27:10.472+0000: [GC (Allocation Failure) 2020-10-28T08:27:10.472+0000: [ParNew: 16388K->4K(18432K), 0.0020861 secs] 433195K->416811K(662600K), 0.0021247 secs] [Times: user=0.00 sys=0.00, real=0.00 secs] 
2020-10-28T08:27:10.489+0000: [GC (Allocation Failure) 2020-10-28T08:27:10.489+0000: [ParNew: 16388K->4K(18432K), 0.0021234 secs] 433195K->416811K(662600K), 0.0021639 secs] [Times: user=0.00 sys=0.00, real=0.00 secs] 
2020-10-28T08:27:10.506+0000: [GC (Allocation Failure) 2020-10-28T08:27:10.506+0000: [ParNew: 16388K->4K(18432K), 0.0021489 secs] 433195K->416811K(662600K), 0.0021882 secs] [Times: user=0.00 sys=0.00, real=0.01 secs] 
2020-10-28T08:27:10.534+0000: [GC (Allocation Failure) 2020-10-28T08:27:10.534+0000: [ParNew: 16388K->4K(18432K), 0.0021892 secs] 433195K->416811K(662600K), 0.0022353 secs] [Times: user=0.01 sys=0.00, real=0.00 secs] 
2020-10-28T08:27:10.552+0000: [GC (Allocation Failure) 2020-10-28T08:27:10.552+0000: [ParNew: 16388K->4K(18432K), 0.0020616 secs] 433195K->416811K(662600K), 0.0021040 secs] [Times: user=0.00 sys=0.00, real=0.00 secs] 
2020-10-28T08:27:10.576+0000: [GC (Allocation Failure) 2020-10-28T08:27:10.576+0000: [ParNew: 16388K->4K(18432K), 0.0021249 secs] 433195K->416811K(662600K), 0.0021687 secs] [Times: user=0.00 sys=0.00, real=0.00 secs] 
2020-10-28T08:27:10.594+0000: [GC (Allocation Failure) 2020-10-28T08:27:10.594+0000: [ParNew: 16388K->4K(18432K), 0.0020883 secs] 433195K->416811K(662600K), 0.0021313 secs] [Times: user=0.01 sys=0.00, real=0.00 secs] 
2020-10-28T08:27:10.616+0000: [GC (Allocation Failure) 2020-10-28T08:27:10.616+0000: [ParNew: 16388K->4K(18432K), 0.0021564 secs] 433195K->416811K(662600K), 0.0021985 secs] [Times: user=0.01 sys=0.00, real=0.00 secs] 
2020-10-28T08:27:10.639+0000: [GC (Allocation Failure) 2020-10-28T08:27:10.639+0000: [ParNew: 16388K->4K(18432K), 0.0022705 secs] 433195K->416811K(662600K), 0.0023166 secs] [Times: user=0.01 sys=0.00, real=0.01 secs] 
2020-10-28T08:27:10.659+0000: [GC (Allocation Failure) 2020-10-28T08:27:10.659+0000: [ParNew: 16388K->4K(18432K), 0.0022618 secs] 433195K->416811K(662600K), 0.0023084 secs] [Times: user=0.00 sys=0.00, real=0.01 secs] 
2020-10-28T08:27:10.679+0000: [GC (Allocation Failure) 2020-10-28T08:27:10.679+0000: [ParNew: 16388K->4K(18432K), 0.0021736 secs] 433195K->416811K(662600K), 0.0022341 secs] [Times: user=0.00 sys=0.00, real=0.01 secs] 
2020-10-28T08:27:10.700+0000: [GC (Allocation Failure) 2020-10-28T08:27:10.700+0000: [ParNew: 16388K->4K(18432K), 0.0021781 secs] 433195K->416811K(662600K), 0.0022241 secs] [Times: user=0.00 sys=0.00, real=0.00 secs] 
2020-10-28T08:27:10.718+0000: [GC (Allocation Failure) 2020-10-28T08:27:10.718+0000: [ParNew: 16388K->4K(18432K), 0.0020905 secs] 433195K->416811K(662600K), 0.0021333 secs] [Times: user=0.00 sys=0.00, real=0.01 secs] 
2020-10-28T08:27:10.740+0000: [GC (Allocation Failure) 2020-10-28T08:27:10.740+0000: [ParNew: 16388K->4K(18432K), 0.0021200 secs] 433195K->416811K(662600K), 0.0021640 secs] [Times: user=0.01 sys=0.00, real=0.00 secs] 
2020-10-28T08:27:10.764+0000: [GC (Allocation Failure) 2020-10-28T08:27:10.764+0000: [ParNew: 16388K->4K(18432K), 0.0022864 secs] 433195K->416811K(662600K), 0.0023335 secs] [Times: user=0.00 sys=0.00, real=0.00 secs] 
2020-10-28T08:27:10.781+0000: [GC (Allocation Failure) 2020-10-28T08:27:10.781+0000: [ParNew: 16388K->4K(18432K), 0.0033402 secs] 433195K->416811K(662600K), 0.0033888 secs] [Times: user=0.00 sys=0.00, real=0.00 secs] 
2020-10-28T08:27:10.800+0000: [GC (Allocation Failure) 2020-10-28T08:27:10.800+0000: [ParNew: 16388K->6K(18432K), 0.0020476 secs] 433195K->416813K(662600K), 0.0020864 secs] [Times: user=0.01 sys=0.00, real=0.00 secs] 
2020-10-28T08:27:10.820+0000: [GC (Allocation Failure) 2020-10-28T08:27:10.820+0000: [ParNew: 16390K->4K(18432K), 0.0022406 secs] 433197K->416811K(662600K), 0.0022857 secs] [Times: user=0.00 sys=0.00, real=0.00 secs] 
2020-10-28T08:27:10.838+0000: [GC (Allocation Failure) 2020-10-28T08:27:10.838+0000: [ParNew: 16388K->4K(18432K), 0.0024218 secs] 433195K->416812K(662600K), 0.0024783 secs] [Times: user=0.01 sys=0.00, real=0.01 secs] 
2020-10-28T08:27:10.865+0000: [GC (Allocation Failure) 2020-10-28T08:27:10.865+0000: [ParNew: 16388K->4K(18432K), 0.0023201 secs] 433196K->416812K(662600K), 0.0023657 secs] [Times: user=0.00 sys=0.00, real=0.00 secs] 
2020-10-28T08:27:10.884+0000: [GC (Allocation Failure) 2020-10-28T08:27:10.884+0000: [ParNew: 16388K->4K(18432K), 0.0022213 secs] 433196K->416812K(662600K), 0.0022684 secs] [Times: user=0.01 sys=0.00, real=0.00 secs] 
2020-10-28T08:27:10.912+0000: [GC (Allocation Failure) 2020-10-28T08:27:10.912+0000: [ParNew: 16388K->4K(18432K), 0.0022563 secs] 433196K->416812K(662600K), 0.0023043 secs] [Times: user=0.00 sys=0.00, real=0.00 secs] 
2020-10-28T08:27:10.935+0000: [GC (Allocation Failure) 2020-10-28T08:27:10.936+0000: [ParNew: 16388K->4K(18432K), 0.0022322 secs] 433196K->416812K(662600K), 0.0022794 secs] [Times: user=0.00 sys=0.00, real=0.00 secs] 
2020-10-28T08:27:10.954+0000: [GC (Allocation Failure) 2020-10-28T08:27:10.954+0000: [ParNew: 16388K->4K(18432K), 0.0023142 secs] 433196K->416812K(662600K), 0.0023653 secs] [Times: user=0.00 sys=0.00, real=0.00 secs] 
2020-10-28T08:27:10.971+0000: [GC (Allocation Failure) 2020-10-28T08:27:10.971+0000: [ParNew: 16388K->4K(18432K), 0.0022970 secs] 433196K->416812K(662600K), 0.0023437 secs] [Times: user=0.00 sys=0.00, real=0.00 secs] 
2020-10-28T08:27:10.988+0000: [GC (Allocation Failure) 2020-10-28T08:27:10.988+0000: [ParNew: 16388K->4K(18432K), 0.0021221 secs] 433196K->416812K(662600K), 0.0021734 secs] [Times: user=0.01 sys=0.00, real=0.00 secs] 
2020-10-28T08:27:11.008+0000: [GC (Allocation Failure) 2020-10-28T08:27:11.008+0000: [ParNew: 16388K->4K(18432K), 0.0020866 secs] 433196K->416812K(662600K), 0.0021281 secs] [Times: user=0.00 sys=0.00, real=0.00 secs] 
2020-10-28T08:27:11.025+0000: [GC (Allocation Failure) 2020-10-28T08:27:11.025+0000: [ParNew: 16388K->4K(18432K), 0.0020531 secs] 433196K->416812K(662600K), 0.0020955 secs] [Times: user=0.01 sys=0.00, real=0.00 secs] 
2020-10-28T08:27:11.042+0000: [GC (Allocation Failure) 2020-10-28T08:27:11.042+0000: [ParNew: 16388K->4K(18432K), 0.0021139 secs] 433196K->416812K(662600K), 0.0021747 secs] [Times: user=0.00 sys=0.00, real=0.00 secs] 
2020-10-28T08:27:11.058+0000: [GC (Allocation Failure) 2020-10-28T08:27:11.059+0000: [ParNew: 16388K->4K(18432K), 0.0021299 secs] 433196K->416812K(662600K), 0.0021686 secs] [Times: user=0.00 sys=0.00, real=0.01 secs] 
2020-10-28T08:27:11.080+0000: [GC (Allocation Failure) 2020-10-28T08:27:11.080+0000: [ParNew: 16388K->4K(18432K), 0.0021151 secs] 433196K->416812K(662600K), 0.0021572 secs] [Times: user=0.00 sys=0.00, real=0.00 secs] 
2020-10-28T08:27:11.097+0000: [GC (Allocation Failure) 2020-10-28T08:27:11.097+0000: [ParNew: 16388K->4K(18432K), 0.0021102 secs] 433196K->416812K(662600K), 0.0021655 secs] [Times: user=0.00 sys=0.00, real=0.00 secs] 
2020-10-28T08:27:11.116+0000: [GC (Allocation Failure) 2020-10-28T08:27:11.116+0000: [ParNew: 16388K->4K(18432K), 0.0020741 secs] 433196K->416812K(662600K), 0.0021144 secs] [Times: user=0.00 sys=0.00, real=0.00 secs] 
2020-10-28T08:27:11.136+0000: [GC (Allocation Failure) 2020-10-28T08:27:11.136+0000: [ParNew: 16388K->4K(18432K), 0.0021691 secs] 433196K->416812K(662600K), 0.0022145 secs] [Times: user=0.00 sys=0.00, real=0.00 secs] 
2020-10-28T08:27:11.156+0000: [GC (Allocation Failure) 2020-10-28T08:27:11.156+0000: [ParNew: 16388K->4K(18432K), 0.0021328 secs] 433196K->416812K(662600K), 0.0021761 secs] [Times: user=0.01 sys=0.00, real=0.00 secs] 
2020-10-28T08:27:11.176+0000: [GC (Allocation Failure) 2020-10-28T08:27:11.176+0000: [ParNew: 16388K->4K(18432K), 0.0021787 secs] 433196K->416812K(662600K), 0.0022244 secs] [Times: user=0.00 sys=0.00, real=0.00 secs] 
2020-10-28T08:27:11.193+0000: [GC (Allocation Failure) 2020-10-28T08:27:11.193+0000: [ParNew: 16388K->4K(18432K), 0.0020563 secs] 433196K->416812K(662600K), 0.0020969 secs] [Times: user=0.00 sys=0.00, real=0.00 secs] 
2020-10-28T08:27:11.212+0000: [GC (Allocation Failure) 2020-10-28T08:27:11.212+0000: [ParNew: 16388K->4K(18432K), 0.0020421 secs] 433196K->416812K(662600K), 0.0020840 secs] [Times: user=0.00 sys=0.00, real=0.00 secs] 
2020-10-28T08:27:11.231+0000: [GC (Allocation Failure) 2020-10-28T08:27:11.231+0000: [ParNew: 16388K->4K(18432K), 0.0021163 secs] 433196K->416812K(662600K), 0.0021603 secs] [Times: user=0.01 sys=0.00, real=0.00 secs] 
2020-10-28T08:27:11.252+0000: [GC (Allocation Failure) 2020-10-28T08:27:11.252+0000: [ParNew: 16388K->4K(18432K), 0.0021467 secs] 433196K->416812K(662600K), 0.0021906 secs] [Times: user=0.01 sys=0.00, real=0.00 secs] 
2020-10-28T08:27:11.269+0000: [GC (Allocation Failure) 2020-10-28T08:27:11.269+0000: [ParNew: 16388K->4K(18432K), 0.0021180 secs] 433196K->416812K(662600K), 0.0021569 secs] [Times: user=0.01 sys=0.00, real=0.00 secs] 
2020-10-28T08:27:11.286+0000: [GC (Allocation Failure) 2020-10-28T08:27:11.286+0000: [ParNew: 16388K->4K(18432K), 0.0021973 secs] 433196K->416812K(662600K), 0.0022390 secs] [Times: user=0.00 sys=0.00, real=0.01 secs] 
2020-10-28T08:27:11.303+0000: [GC (Allocation Failure) 2020-10-28T08:27:11.303+0000: [ParNew: 16388K->4K(18432K), 0.0021079 secs] 433196K->416812K(662600K), 0.0021470 secs] [Times: user=0.00 sys=0.00, real=0.00 secs] 
2020-10-28T08:27:11.320+0000: [GC (Allocation Failure) 2020-10-28T08:27:11.320+0000: [ParNew: 16388K->4K(18432K), 0.0021023 secs] 433196K->416812K(662600K), 0.0021420 secs] [Times: user=0.00 sys=0.00, real=0.00 secs] 
2020-10-28T08:27:11.340+0000: [GC (Allocation Failure) 2020-10-28T08:27:11.340+0000: [ParNew: 16388K->4K(18432K), 0.0021907 secs] 433196K->416812K(662600K), 0.0022339 secs] [Times: user=0.01 sys=0.00, real=0.00 secs] 
2020-10-28T08:27:11.357+0000: [GC (Allocation Failure) 2020-10-28T08:27:11.357+0000: [ParNew: 16388K->4K(18432K), 0.0019941 secs] 433196K->416812K(662600K), 0.0020340 secs] [Times: user=0.01 sys=0.00, real=0.00 secs] 
2020-10-28T08:27:11.376+0000: [GC (Allocation Failure) 2020-10-28T08:27:11.376+0000: [ParNew: 16388K->4K(18432K), 0.0020607 secs] 433196K->416812K(662600K), 0.0020994 secs] [Times: user=0.00 sys=0.00, real=0.00 secs] 
2020-10-28T08:27:11.393+0000: [GC (Allocation Failure) 2020-10-28T08:27:11.393+0000: [ParNew: 16388K->4K(18432K), 0.0021655 secs] 433196K->416812K(662600K), 0.0022096 secs] [Times: user=0.01 sys=0.00, real=0.00 secs] 
2020-10-28T08:27:11.410+0000: [GC (Allocation Failure) 2020-10-28T08:27:11.410+0000: [ParNew: 16388K->4K(18432K), 0.0021565 secs] 433196K->416812K(662600K), 0.0021965 secs] [Times: user=0.00 sys=0.00, real=0.00 secs] 
2020-10-28T08:27:11.427+0000: [GC (Allocation Failure) 2020-10-28T08:27:11.427+0000: [ParNew: 16388K->4K(18432K), 0.0024289 secs] 433196K->416812K(662600K), 0.0025014 secs] [Times: user=0.00 sys=0.00, real=0.01 secs] 
2020-10-28T08:27:11.448+0000: [GC (Allocation Failure) 2020-10-28T08:27:11.448+0000: [ParNew: 16388K->4K(18432K), 0.0022838 secs] 433196K->416812K(662600K), 0.0023298 secs] [Times: user=0.01 sys=0.00, real=0.00 secs] 
2020-10-28T08:27:11.468+0000: [GC (Allocation Failure) 2020-10-28T08:27:11.468+0000: [ParNew: 16388K->4K(18432K), 0.0022407 secs] 433196K->416812K(662600K), 0.0022838 secs] [Times: user=0.01 sys=0.00, real=0.00 secs] 
2020-10-28T08:27:11.488+0000: [GC (Allocation Failure) 2020-10-28T08:27:11.488+0000: [ParNew: 16388K->4K(18432K), 0.0022637 secs] 433196K->416812K(662600K), 0.0023095 secs] [Times: user=0.01 sys=0.00, real=0.00 secs] 
2020-10-28T08:27:11.505+0000: [GC (Allocation Failure) 2020-10-28T08:27:11.505+0000: [ParNew: 16388K->4K(18432K), 0.0022466 secs] 433196K->416812K(662600K), 0.0022915 secs] [Times: user=0.00 sys=0.00, real=0.00 secs] 
2020-10-28T08:27:11.526+0000: [GC (Allocation Failure) 2020-10-28T08:27:11.526+0000: [ParNew: 16388K->4K(18432K), 0.0028457 secs] 433196K->416812K(662600K), 0.0028965 secs] [Times: user=0.00 sys=0.00, real=0.01 secs] 
2020-10-28T08:27:11.544+0000: [GC (Allocation Failure) 2020-10-28T08:27:11.544+0000: [ParNew: 16388K->4K(18432K), 0.0022813 secs] 433196K->416812K(662600K), 0.0023220 secs] [Times: user=0.01 sys=0.00, real=0.00 secs] 
2020-10-28T08:27:11.564+0000: [GC (Allocation Failure) 2020-10-28T08:27:11.564+0000: [ParNew: 16388K->4K(18432K), 0.0020188 secs] 433196K->416812K(662600K), 0.0020592 secs] [Times: user=0.00 sys=0.00, real=0.00 secs] 
2020-10-28T08:27:11.581+0000: [GC (Allocation Failure) 2020-10-28T08:27:11.581+0000: [ParNew: 16388K->4K(18432K), 0.0020147 secs] 433196K->416812K(662600K), 0.0020545 secs] [Times: user=0.01 sys=0.00, real=0.00 secs] 
2020-10-28T08:27:11.597+0000: [GC (Allocation Failure) 2020-10-28T08:27:11.597+0000: [ParNew: 16388K->4K(18432K), 0.0020136 secs] 433196K->416812K(662600K), 0.0020537 secs] [Times: user=0.01 sys=0.00, real=0.00 secs] 
2020-10-28T08:27:11.614+0000: [GC (Allocation Failure) 2020-10-28T08:27:11.614+0000: [ParNew: 16388K->4K(18432K), 0.0019921 secs] 433196K->416812K(662600K), 0.0020319 secs] [Times: user=0.00 sys=0.00, real=0.00 secs] 
2020-10-28T08:27:11.636+0000: [GC (Allocation Failure) 2020-10-28T08:27:11.636+0000: [ParNew: 16388K->4K(18432K), 0.0020728 secs] 433196K->416812K(662600K), 0.0021153 secs] [Times: user=0.00 sys=0.00, real=0.00 secs] 
2020-10-28T08:27:11.656+0000: [GC (Allocation Failure) 2020-10-28T08:27:11.656+0000: [ParNew: 16388K->4K(18432K), 0.0020896 secs] 433196K->416812K(662600K), 0.0021319 secs] [Times: user=0.01 sys=0.00, real=0.00 secs] 
2020-10-28T08:27:11.676+0000: [GC (Allocation Failure) 2020-10-28T08:27:11.676+0000: [ParNew: 16388K->4K(18432K), 0.0020146 secs] 433196K->416812K(662600K), 0.0020585 secs] [Times: user=0.00 sys=0.00, real=0.00 secs] 
2020-10-28T08:27:11.693+0000: [GC (Allocation Failure) 2020-10-28T08:27:11.693+0000: [ParNew: 16388K->4K(18432K), 0.0020373 secs] 433196K->416812K(662600K), 0.0020776 secs] [Times: user=0.00 sys=0.00, real=0.00 secs] 
2020-10-28T08:27:11.712+0000: [GC (Allocation Failure) 2020-10-28T08:27:11.712+0000: [ParNew: 16388K->4K(18432K), 0.0021588 secs] 433196K->416812K(662600K), 0.0022003 secs] [Times: user=0.00 sys=0.00, real=0.00 secs] 
2020-10-28T08:27:11.729+0000: [GC (Allocation Failure) 2020-10-28T08:27:11.729+0000: [ParNew: 16388K->4K(18432K), 0.0021811 secs] 433196K->416812K(662600K), 0.0022247 secs] [Times: user=0.00 sys=0.00, real=0.00 secs] 
2020-10-28T08:27:11.746+0000: [GC (Allocation Failure) 2020-10-28T08:27:11.746+0000: [ParNew: 16388K->4K(18432K), 0.0021212 secs] 433196K->416812K(662600K), 0.0021679 secs] [Times: user=0.00 sys=0.00, real=0.01 secs] 
2020-10-28T08:27:11.764+0000: [GC (Allocation Failure) 2020-10-28T08:27:11.764+0000: [ParNew: 16388K->4K(18432K), 0.0021014 secs] 433196K->416812K(662600K), 0.0021421 secs] [Times: user=0.00 sys=0.00, real=0.00 secs] 
2020-10-28T08:27:11.784+0000: [GC (Allocation Failure) 2020-10-28T08:27:11.784+0000: [ParNew: 16388K->4K(18432K), 0.0020840 secs] 433196K->416812K(662600K), 0.0021231 secs] [Times: user=0.00 sys=0.00, real=0.00 secs] 
2020-10-28T08:27:11.801+0000: [GC (Allocation Failure) 2020-10-28T08:27:11.801+0000: [ParNew: 16388K->4K(18432K), 0.0021534 secs] 433196K->416812K(662600K), 0.0021925 secs] [Times: user=0.00 sys=0.00, real=0.00 secs] 
2020-10-28T08:27:11.820+0000: [GC (Allocation Failure) 2020-10-28T08:27:11.820+0000: [ParNew: 16388K->4K(18432K), 0.0022003 secs] 433196K->416813K(662600K), 0.0022424 secs] [Times: user=0.01 sys=0.00, real=0.00 secs] 
2020-10-28T08:27:11.837+0000: [GC (Allocation Failure) 2020-10-28T08:27:11.837+0000: [ParNew: 16388K->4K(18432K), 0.0021634 secs] 433197K->416813K(662600K), 0.0022049 secs] [Times: user=0.01 sys=0.00, real=0.00 secs] 
2020-10-28T08:27:11.854+0000: [GC (Allocation Failure) 2020-10-28T08:27:11.854+0000: [ParNew: 16388K->4K(18432K), 0.0021957 secs] 433197K->416813K(662600K), 0.0022415 secs] [Times: user=0.01 sys=0.00, real=0.00 secs] 
2020-10-28T08:27:11.881+0000: [GC (Allocation Failure) 2020-10-28T08:27:11.881+0000: [ParNew: 16388K->4K(18432K), 0.0021969 secs] 433197K->416813K(662600K), 0.0022585 secs] [Times: user=0.01 sys=0.00, real=0.00 secs] 
2020-10-28T08:27:11.905+0000: [GC (Allocation Failure) 2020-10-28T08:27:11.905+0000: [ParNew: 16388K->4K(18432K), 0.0022936 secs] 433197K->416813K(662600K), 0.0023610 secs] [Times: user=0.00 sys=0.00, real=0.00 secs] 
2020-10-28T08:27:11.925+0000: [GC (Allocation Failure) 2020-10-28T08:27:11.925+0000: [ParNew: 16388K->4K(18432K), 0.0022730 secs] 433197K->416813K(662600K), 0.0023184 secs] [Times: user=0.01 sys=0.00, real=0.00 secs] 
2020-10-28T08:27:11.944+0000: [GC (Allocation Failure) 2020-10-28T08:27:11.944+0000: [ParNew: 16388K->4K(18432K), 0.0021244 secs] 433197K->416813K(662600K), 0.0021709 secs] [Times: user=0.01 sys=0.00, real=0.00 secs] 
2020-10-28T08:27:11.964+0000: [GC (Allocation Failure) 2020-10-28T08:27:11.964+0000: [ParNew: 16388K->4K(18432K), 0.0023390 secs] 433197K->416813K(662600K), 0.0023913 secs] [Times: user=0.00 sys=0.00, real=0.00 secs] 
2020-10-28T08:27:11.984+0000: [GC (Allocation Failure) 2020-10-28T08:27:11.984+0000: [ParNew: 16388K->4K(18432K), 0.0023710 secs] 433197K->416813K(662600K), 0.0024226 secs] [Times: user=0.01 sys=0.00, real=0.00 secs] 
2020-10-28T08:27:12.004+0000: [GC (Allocation Failure) 2020-10-28T08:27:12.004+0000: [ParNew: 16388K->4K(18432K), 0.0023774 secs] 433197K->416813K(662600K), 0.0024295 secs] [Times: user=0.00 sys=0.00, real=0.00 secs] 
2020-10-28T08:27:12.021+0000: [GC (Allocation Failure) 2020-10-28T08:27:12.021+0000: [ParNew: 16388K->4K(18432K), 0.0023384 secs] 433197K->416813K(662600K), 0.0023909 secs] [Times: user=0.01 sys=0.00, real=0.00 secs] 
2020-10-28T08:27:12.038+0000: [GC (Allocation Failure) 2020-10-28T08:27:12.038+0000: [ParNew: 16388K->4K(18432K), 0.0023402 secs] 433197K->416813K(662600K), 0.0023913 secs] [Times: user=0.00 sys=0.00, real=0.01 secs] 
2020-10-28T08:27:12.068+0000: [GC (Allocation Failure) 2020-10-28T08:27:12.068+0000: [ParNew: 16388K->4K(18432K), 0.0023120 secs] 449581K->433197K(662600K), 0.0023634 secs] [Times: user=0.01 sys=0.00, real=0.00 secs] 
2020-10-28T08:27:12.086+0000: [GC (Allocation Failure) 2020-10-28T08:27:12.086+0000: [ParNew: 16388K->4K(18432K), 0.0021579 secs] 449581K->433197K(662600K), 0.0022036 secs] [Times: user=0.01 sys=0.00, real=0.01 secs] 
2020-10-28T08:27:12.103+0000: [GC (Allocation Failure) 2020-10-28T08:27:12.103+0000: [ParNew: 16388K->4K(18432K), 0.0021634 secs] 449581K->433197K(662600K), 0.0022088 secs] [Times: user=0.00 sys=0.00, real=0.00 secs] 
2020-10-28T08:27:12.120+0000: [GC (Allocation Failure) 2020-10-28T08:27:12.120+0000: [ParNew: 16388K->4K(18432K), 0.0020869 secs] 449581K->433197K(662600K), 0.0021309 secs] [Times: user=0.00 sys=0.00, real=0.00 secs] 
2020-10-28T08:27:12.145+0000: [GC (Allocation Failure) 2020-10-28T08:27:12.145+0000: [ParNew: 16388K->4K(18432K), 0.0023210 secs] 465965K->449581K(662600K), 0.0023801 secs] [Times: user=0.01 sys=0.00, real=0.01 secs] 
2020-10-28T08:27:12.167+0000: [GC (Allocation Failure) 2020-10-28T08:27:12.167+0000: [ParNew: 16388K->4K(18432K), 0.0022653 secs] 465965K->449581K(662600K), 0.0023125 secs] [Times: user=0.00 sys=0.00, real=0.01 secs] 
2020-10-28T08:27:12.184+0000: [GC (Allocation Failure) 2020-10-28T08:27:12.184+0000: [ParNew: 16388K->4K(18432K), 0.0021177 secs] 465965K->449581K(662600K), 0.0021614 secs] [Times: user=0.01 sys=0.00, real=0.00 secs] 
2020-10-28T08:27:12.212+0000: [GC (Allocation Failure) 2020-10-28T08:27:12.212+0000: [ParNew: 16388K->4K(18432K), 0.0039459 secs] 465965K->449581K(662600K), 0.0040064 secs] [Times: user=0.01 sys=0.00, real=0.00 secs] 
2020-10-28T08:27:12.236+0000: [GC (Allocation Failure) 2020-10-28T08:27:12.236+0000: [ParNew: 16388K->4K(18432K), 0.0021591 secs] 465965K->449581K(662600K), 0.0022041 secs] [Times: user=0.00 sys=0.00, real=0.00 secs] 
2020-10-28T08:27:12.253+0000: [GC (Allocation Failure) 2020-10-28T08:27:12.253+0000: [ParNew: 16388K->4K(18432K), 0.0021482 secs] 465965K->449581K(662600K), 0.0021885 secs] [Times: user=0.00 sys=0.00, real=0.00 secs] 
2020-10-28T08:27:12.270+0000: [GC (Allocation Failure) 2020-10-28T08:27:12.270+0000: [ParNew: 16388K->4K(18432K), 0.0021786 secs] 465965K->449581K(662600K), 0.0022212 secs] [Times: user=0.01 sys=0.00, real=0.00 secs] 
2020-10-28T08:27:12.287+0000: [GC (Allocation Failure) 2020-10-28T08:27:12.287+0000: [ParNew: 16388K->4K(18432K), 0.0020220 secs] 465965K->449581K(662600K), 0.0020633 secs] [Times: user=0.00 sys=0.00, real=0.01 secs] 
2020-10-28T08:27:12.304+0000: [GC (Allocation Failure) 2020-10-28T08:27:12.304+0000: [ParNew: 16388K->4K(18432K), 0.0020464 secs] 465965K->449581K(662600K), 0.0020872 secs] [Times: user=0.00 sys=0.00, real=0.00 secs] 
2020-10-28T08:27:12.324+0000: [GC (Allocation Failure) 2020-10-28T08:27:12.324+0000: [ParNew: 16388K->4K(18432K), 0.0020168 secs] 465965K->449581K(662600K), 0.0020579 secs] [Times: user=0.01 sys=0.00, real=0.00 secs] 
2020-10-28T08:27:12.340+0000: [GC (Allocation Failure) 2020-10-28T08:27:12.341+0000: [ParNew: 16388K->4K(18432K), 0.0020462 secs] 465965K->449581K(662600K), 0.0020861 secs] [Times: user=0.01 sys=0.00, real=0.00 secs] 
2020-10-28T08:27:12.357+0000: [GC (Allocation Failure) 2020-10-28T08:27:12.357+0000: [ParNew: 16388K->4K(18432K), 0.0020502 secs] 465965K->449581K(662600K), 0.0020887 secs] [Times: user=0.00 sys=0.00, real=0.00 secs] 
2020-10-28T08:27:12.374+0000: [GC (Allocation Failure) 2020-10-28T08:27:12.374+0000: [ParNew: 16388K->4K(18432K), 0.0019742 secs] 465965K->449581K(662600K), 0.0020137 secs] [Times: user=0.00 sys=0.00, real=0.00 secs] 
2020-10-28T08:27:12.391+0000: [GC (Allocation Failure) 2020-10-28T08:27:12.391+0000: [ParNew: 16388K->4K(18432K), 0.0021672 secs] 465965K->449581K(662600K), 0.0022105 secs] [Times: user=0.00 sys=0.00, real=0.00 secs] 
2020-10-28T08:27:12.408+0000: [GC (Allocation Failure) 2020-10-28T08:27:12.408+0000: [ParNew: 16388K->4K(18432K), 0.0021901 secs] 465965K->449581K(662600K), 0.0022363 secs] [Times: user=0.01 sys=0.00, real=0.00 secs] 
2020-10-28T08:27:12.428+0000: [GC (Allocation Failure) 2020-10-28T08:27:12.428+0000: [ParNew: 16388K->4K(18432K), 0.0021674 secs] 465965K->449581K(662600K), 0.0022120 secs] [Times: user=0.01 sys=0.00, real=0.00 secs] 
2020-10-28T08:27:12.448+0000: [GC (Allocation Failure) 2020-10-28T08:27:12.448+0000: [ParNew: 16388K->4K(18432K), 0.0020823 secs] 465965K->449581K(662600K), 0.0021219 secs] [Times: user=0.00 sys=0.00, real=0.00 secs] 
2020-10-28T08:27:12.465+0000: [GC (Allocation Failure) 2020-10-28T08:27:12.465+0000: [ParNew: 16388K->4K(18432K), 0.0020881 secs] 465965K->449581K(662600K), 0.0021287 secs] [Times: user=0.01 sys=0.00, real=0.00 secs] 
2020-10-28T08:27:12.481+0000: [GC (Allocation Failure) 2020-10-28T08:27:12.481+0000: [ParNew: 16388K->4K(18432K), 0.0020367 secs] 465965K->449581K(662600K), 0.0020749 secs] [Times: user=0.01 sys=0.00, real=0.00 secs] 
2020-10-28T08:27:12.500+0000: [GC (Allocation Failure) 2020-10-28T08:27:12.500+0000: [ParNew: 16388K->4K(18432K), 0.0020656 secs] 465965K->449581K(662600K), 0.0021050 secs] [Times: user=0.01 sys=0.01, real=0.00 secs] 
2020-10-28T08:27:12.517+0000: [GC (Allocation Failure) 2020-10-28T08:27:12.517+0000: [ParNew: 16388K->4K(18432K), 0.0020417 secs] 465965K->449581K(662600K), 0.0020810 secs] [Times: user=0.00 sys=0.00, real=0.00 secs] 
2020-10-28T08:27:12.536+0000: [GC (Allocation Failure) 2020-10-28T08:27:12.536+0000: [ParNew: 16388K->4K(18432K), 0.0020968 secs] 465965K->449581K(662600K), 0.0021355 secs] [Times: user=0.01 sys=0.00, real=0.00 secs] 
2020-10-28T08:27:12.553+0000: [GC (Allocation Failure) 2020-10-28T08:27:12.553+0000: [ParNew: 16388K->4K(18432K), 0.0020694 secs] 465965K->449581K(662600K), 0.0021080 secs] [Times: user=0.00 sys=0.00, real=0.00 secs] 
2020-10-28T08:27:12.569+0000: [GC (Allocation Failure) 2020-10-28T08:27:12.569+0000: [ParNew: 16388K->4K(18432K), 0.0019751 secs] 465965K->449581K(662600K), 0.0020140 secs] [Times: user=0.00 sys=0.00, real=0.00 secs] 
2020-10-28T08:27:12.586+0000: [GC (Allocation Failure) 2020-10-28T08:27:12.586+0000: [ParNew: 16388K->4K(18432K), 0.0020360 secs] 465965K->449581K(662600K), 0.0020754 secs] [Times: user=0.00 sys=0.00, real=0.01 secs] 
2020-10-28T08:27:12.604+0000: [GC (Allocation Failure) 2020-10-28T08:27:12.604+0000: [ParNew: 16388K->4K(18432K), 0.0019947 secs] 465965K->449581K(662600K), 0.0020361 secs] [Times: user=0.00 sys=0.00, real=0.00 secs] 
2020-10-28T08:27:12.621+0000: [GC (Allocation Failure) 2020-10-28T08:27:12.621+0000: [ParNew: 16388K->4K(18432K), 0.0020554 secs] 465965K->449581K(662600K), 0.0020972 secs] [Times: user=0.00 sys=0.00, real=0.00 secs] 
2020-10-28T08:27:12.638+0000: [GC (Allocation Failure) 2020-10-28T08:27:12.638+0000: [ParNew: 16388K->4K(18432K), 0.0021758 secs] 465965K->449581K(662600K), 0.0022198 secs] [Times: user=0.00 sys=0.00, real=0.01 secs] 
2020-10-28T08:27:12.655+0000: [GC (Allocation Failure) 2020-10-28T08:27:12.655+0000: [ParNew: 16388K->4K(18432K), 0.0020735 secs] 465965K->449581K(662600K), 0.0021156 secs] [Times: user=0.00 sys=0.00, real=0.00 secs] 
2020-10-28T08:27:12.676+0000: [GC (Allocation Failure) 2020-10-28T08:27:12.676+0000: [ParNew: 16388K->4K(18432K), 0.0020777 secs] 465965K->449581K(662600K), 0.0021193 secs] [Times: user=0.00 sys=0.00, real=0.00 secs] 
2020-10-28T08:27:12.693+0000: [GC (Allocation Failure) 2020-10-28T08:27:12.693+0000: [ParNew: 16388K->4K(18432K), 0.0020566 secs] 465965K->449581K(662600K), 0.0020992 secs] [Times: user=0.00 sys=0.00, real=0.00 secs] 
2020-10-28T08:27:12.712+0000: [GC (Allocation Failure) 2020-10-28T08:27:12.712+0000: [ParNew: 16388K->4K(18432K), 0.0021006 secs] 465965K->449581K(662600K), 0.0021415 secs] [Times: user=0.01 sys=0.00, real=0.00 secs] 
2020-10-28T08:27:12.732+0000: [GC (Allocation Failure) 2020-10-28T08:27:12.732+0000: [ParNew: 16388K->4K(18432K), 0.0020549 secs] 465965K->449581K(662600K), 0.0020946 secs] [Times: user=0.00 sys=0.00, real=0.00 secs] 
2020-10-28T08:27:12.755+0000: [GC (Allocation Failure) 2020-10-28T08:27:12.755+0000: [ParNew: 16388K->4K(18432K), 0.0023421 secs] 465965K->449581K(662600K), 0.0024031 secs] [Times: user=0.00 sys=0.00, real=0.00 secs] 
2020-10-28T08:27:12.775+0000: [GC (Allocation Failure) 2020-10-28T08:27:12.775+0000: [ParNew: 16388K->4K(18432K), 0.0021191 secs] 465965K->449581K(662600K), 0.0021758 secs] [Times: user=0.00 sys=0.00, real=0.00 secs] 
2020-10-28T08:27:12.794+0000: [GC (Allocation Failure) 2020-10-28T08:27:12.794+0000: [ParNew: 16388K->4K(18432K), 0.0021971 secs] 465965K->449581K(662600K), 0.0022390 secs] [Times: user=0.01 sys=0.00, real=0.00 secs] 
2020-10-28T08:27:12.812+0000: [GC (Allocation Failure) 2020-10-28T08:27:12.812+0000: [ParNew: 16388K->4K(18432K), 0.0020769 secs] 465965K->449581K(662600K), 0.0021165 secs] [Times: user=0.01 sys=0.00, real=0.00 secs] 
2020-10-28T08:27:12.829+0000: [GC (Allocation Failure) 2020-10-28T08:27:12.829+0000: [ParNew: 16388K->4K(18432K), 0.0021400 secs] 465965K->449581K(662600K), 0.0021847 secs] [Times: user=0.00 sys=0.00, real=0.00 secs] 
2020-10-28T08:27:12.846+0000: [GC (Allocation Failure) 2020-10-28T08:27:12.846+0000: [ParNew: 16388K->4K(18432K), 0.0022056 secs] 465965K->449581K(662600K), 0.0022808 secs] [Times: user=0.01 sys=0.00, real=0.01 secs] 
2020-10-28T08:27:12.872+0000: [GC (Allocation Failure) 2020-10-28T08:27:12.872+0000: [ParNew: 16388K->4K(18432K), 0.0021803 secs] 465965K->449581K(662600K), 0.0022260 secs] [Times: user=0.00 sys=0.00, real=0.00 secs] 
2020-10-28T08:27:12.889+0000: [GC (Allocation Failure) 2020-10-28T08:27:12.889+0000: [ParNew: 16388K->4K(18432K), 0.0021718 secs] 465965K->449581K(662600K), 0.0022164 secs] [Times: user=0.00 sys=0.00, real=0.00 secs] 
2020-10-28T08:27:12.908+0000: [GC (Allocation Failure) 2020-10-28T08:27:12.908+0000: [ParNew: 16388K->4K(18432K), 0.0020973 secs] 465965K->449581K(662600K), 0.0021359 secs] [Times: user=0.00 sys=0.00, real=0.00 secs] 
2020-10-28T08:27:12.925+0000: [GC (Allocation Failure) 2020-10-28T08:27:12.925+0000: [ParNew: 16388K->4K(18432K), 0.0020641 secs] 465965K->449581K(662600K), 0.0021029 secs] [Times: user=0.00 sys=0.00, real=0.00 secs] 
2020-10-28T08:27:12.942+0000: [GC (Allocation Failure) 2020-10-28T08:27:12.942+0000: [ParNew: 16388K->4K(18432K), 0.0020316 secs] 465965K->449581K(662600K), 0.0020713 secs] [Times: user=0.01 sys=0.00, real=0.00 secs] 
2020-10-28T08:27:12.960+0000: [GC (Allocation Failure) 2020-10-28T08:27:12.960+0000: [ParNew: 16388K->4K(18432K), 0.0021797 secs] 465965K->449581K(662600K), 0.0022261 secs] [Times: user=0.00 sys=0.00, real=0.00 secs] 
2020-10-28T08:27:12.984+0000: [GC (Allocation Failure) 2020-10-28T08:27:12.984+0000: [ParNew: 16388K->4K(18432K), 0.0021593 secs] 465965K->449581K(662600K), 0.0022195 secs] [Times: user=0.01 sys=0.00, real=0.00 secs] 
2020-10-28T08:27:13.008+0000: [GC (Allocation Failure) 2020-10-28T08:27:13.008+0000: [ParNew: 16388K->4K(18432K), 0.0021687 secs] 465965K->449581K(662600K), 0.0022155 secs] [Times: user=0.01 sys=0.00, real=0.00 secs] 
2020-10-28T08:27:13.025+0000: [GC (Allocation Failure) 2020-10-28T08:27:13.025+0000: [ParNew: 16388K->4K(18432K), 0.0020275 secs] 465965K->449581K(662600K), 0.0020689 secs] [Times: user=0.00 sys=0.00, real=0.00 secs] 
2020-10-28T08:27:13.044+0000: [GC (Allocation Failure) 2020-10-28T08:27:13.044+0000: [ParNew: 16388K->4K(18432K), 0.0019732 secs] 465965K->449581K(662600K), 0.0020136 secs] [Times: user=0.01 sys=0.00, real=0.00 secs] 
2020-10-28T08:27:13.064+0000: [GC (Allocation Failure) 2020-10-28T08:27:13.064+0000: [ParNew: 16388K->4K(18432K), 0.0019930 secs] 465965K->449581K(662600K), 0.0020338 secs] [Times: user=0.00 sys=0.00, real=0.00 secs] 
2020-10-28T08:27:13.088+0000: [GC (Allocation Failure) 2020-10-28T08:27:13.088+0000: [ParNew: 16388K->4K(18432K), 0.0021373 secs] 465965K->449581K(662600K), 0.0021825 secs] [Times: user=0.00 sys=0.00, real=0.00 secs] 
2020-10-28T08:27:13.110+0000: [GC (Allocation Failure) 2020-10-28T08:27:13.110+0000: [ParNew: 16388K->4K(18432K), 0.0023482 secs] 465965K->449581K(662600K), 0.0024040 secs] [Times: user=0.00 sys=0.00, real=0.00 secs] 
2020-10-28T08:27:13.141+0000: [GC (Allocation Failure) 2020-10-28T08:27:13.141+0000: [ParNew: 16388K->2K(18432K), 0.0046093 secs] 465965K->449579K(662600K), 0.0046558 secs] [Times: user=0.01 sys=0.00, real=0.00 secs] 
2020-10-28T08:27:13.172+0000: [GC (Allocation Failure) 2020-10-28T08:27:13.172+0000: [ParNew: 16386K->2K(18432K), 0.0046237 secs] 465963K->449579K(662600K), 0.0046857 secs] [Times: user=0.01 sys=0.00, real=0.00 secs] 
2020-10-28T08:27:13.195+0000: [GC (Allocation Failure) 2020-10-28T08:27:13.195+0000: [ParNew: 16386K->4K(18432K), 0.0058291 secs] 465963K->449581K(662600K), 0.0058954 secs] [Times: user=0.01 sys=0.00, real=0.01 secs] 
2020-10-28T08:27:13.223+0000: [GC (Allocation Failure) 2020-10-28T08:27:13.223+0000: [ParNew: 16388K->4K(18432K), 0.0022371 secs] 465965K->449581K(662600K), 0.0022856 secs] [Times: user=0.01 sys=0.00, real=0.00 secs] 
2020-10-28T08:27:13.248+0000: [GC (Allocation Failure) 2020-10-28T08:27:13.248+0000: [ParNew: 16388K->4K(18432K), 0.0036926 secs] 465965K->449581K(662600K), 0.0037401 secs] [Times: user=0.00 sys=0.00, real=0.00 secs] 
2020-10-28T08:27:13.284+0000: [GC (Allocation Failure) 2020-10-28T08:27:13.284+0000: [ParNew: 16388K->2K(18432K), 0.0046645 secs] 465965K->449579K(662600K), 0.0047273 secs] [Times: user=0.01 sys=0.00, real=0.01 secs] 
2020-10-28T08:27:13.312+0000: [GC (Allocation Failure) 2020-10-28T08:27:13.312+0000: [ParNew: 16386K->4K(18432K), 0.0022367 secs] 465963K->449581K(662600K), 0.0022822 secs] [Times: user=0.01 sys=0.00, real=0.00 secs] 
2020-10-28T08:27:13.329+0000: [GC (Allocation Failure) 2020-10-28T08:27:13.329+0000: [ParNew: 16388K->4K(18432K), 0.0020540 secs] 465965K->449581K(662600K), 0.0020952 secs] [Times: user=0.01 sys=0.00, real=0.00 secs] 
2020-10-28T08:27:13.346+0000: [GC (Allocation Failure) 2020-10-28T08:27:13.346+0000: [ParNew: 16388K->4K(18432K), 0.0019854 secs] 465965K->449581K(662600K), 0.0020364 secs] [Times: user=0.00 sys=0.00, real=0.01 secs] 
2020-10-28T08:27:13.362+0000: [GC (Allocation Failure) 2020-10-28T08:27:13.362+0000: [ParNew: 16388K->4K(18432K), 0.0019645 secs] 465965K->449581K(662600K), 0.0020032 secs] [Times: user=0.00 sys=0.00, real=0.00 secs] 
2020-10-28T08:27:13.383+0000: [GC (Allocation Failure) 2020-10-28T08:27:13.383+0000: [ParNew: 16388K->4K(18432K), 0.0019836 secs] 465965K->449581K(662600K), 0.0020230 secs] [Times: user=0.01 sys=0.00, real=0.00 secs] 
2020-10-28T08:27:13.400+0000: [GC (Allocation Failure) 2020-10-28T08:27:13.400+0000: [ParNew: 16388K->4K(18432K), 0.0020916 secs] 465965K->449581K(662600K), 0.0021337 secs] [Times: user=0.00 sys=0.00, real=0.00 secs] 
2020-10-28T08:27:13.420+0000: [GC (Allocation Failure) 2020-10-28T08:27:13.420+0000: [ParNew: 16388K->4K(18432K), 0.0021728 secs] 465965K->449581K(662600K), 0.0022180 secs] [Times: user=0.01 sys=0.00, real=0.00 secs] 
2020-10-28T08:27:13.437+0000: [GC (Allocation Failure) 2020-10-28T08:27:13.437+0000: [ParNew: 16388K->4K(18432K), 0.0020470 secs] 465965K->449581K(662600K), 0.0020908 secs] [Times: user=0.00 sys=0.00, real=0.00 secs] 
2020-10-28T08:27:13.455+0000: [GC (Allocation Failure) 2020-10-28T08:27:13.455+0000: [ParNew: 16388K->4K(18432K), 0.0021265 secs] 465965K->449581K(662600K), 0.0021674 secs] [Times: user=0.00 sys=0.00, real=0.00 secs] 
2020-10-28T08:27:13.472+0000: [GC (Allocation Failure) 2020-10-28T08:27:13.472+0000: [ParNew: 16388K->4K(18432K), 0.0020904 secs] 465965K->449581K(662600K), 0.0021310 secs] [Times: user=0.01 sys=0.00, real=0.00 secs] 
2020-10-28T08:27:13.492+0000: [GC (Allocation Failure) 2020-10-28T08:27:13.492+0000: [ParNew: 16388K->4K(18432K), 0.0020921 secs] 465965K->449581K(662600K), 0.0021335 secs] [Times: user=0.00 sys=0.00, real=0.00 secs] 
2020-10-28T08:27:13.509+0000: [GC (Allocation Failure) 2020-10-28T08:27:13.509+0000: [ParNew: 16388K->4K(18432K), 0.0020504 secs] 465965K->449581K(662600K), 0.0020923 secs] [Times: user=0.00 sys=0.00, real=0.00 secs] 
2020-10-28T08:27:13.525+0000: [GC (Allocation Failure) 2020-10-28T08:27:13.525+0000: [ParNew: 16388K->4K(18432K), 0.0020286 secs] 465965K->449581K(662600K), 0.0020693 secs] [Times: user=0.01 sys=0.01, real=0.00 secs] 
2020-10-28T08:27:13.542+0000: [GC (Allocation Failure) 2020-10-28T08:27:13.542+0000: [ParNew: 16388K->4K(18432K), 0.0020868 secs] 465965K->449581K(662600K), 0.0021259 secs] [Times: user=0.01 sys=0.00, real=0.00 secs] 
2020-10-28T08:27:13.560+0000: [GC (Allocation Failure) 2020-10-28T08:27:13.560+0000: [ParNew: 16388K->4K(18432K), 0.0020801 secs] 465965K->449581K(662600K), 0.0021210 secs] [Times: user=0.00 sys=0.00, real=0.00 secs] 
2020-10-28T08:27:13.580+0000: [GC (Allocation Failure) 2020-10-28T08:27:13.580+0000: [ParNew: 16388K->4K(18432K), 0.0020834 secs] 465965K->449581K(662600K), 0.0021229 secs] [Times: user=0.00 sys=0.00, real=0.00 secs] 
2020-10-28T08:27:13.597+0000: [GC (Allocation Failure) 2020-10-28T08:27:13.597+0000: [ParNew: 16388K->4K(18432K), 0.0021448 secs] 465965K->449581K(662600K), 0.0021840 secs] [Times: user=0.00 sys=0.00, real=0.00 secs] 
2020-10-28T08:27:13.616+0000: [GC (Allocation Failure) 2020-10-28T08:27:13.616+0000: [ParNew: 16388K->4K(18432K), 0.0020489 secs] 465965K->449581K(662600K), 0.0020886 secs] [Times: user=0.00 sys=0.00, real=0.00 secs] 
2020-10-28T08:27:13.636+0000: [GC (Allocation Failure) 2020-10-28T08:27:13.636+0000: [ParNew: 16388K->4K(18432K), 0.0020239 secs] 465965K->449581K(662600K), 0.0020635 secs] [Times: user=0.01 sys=0.00, real=0.00 secs] 
2020-10-28T08:27:13.656+0000: [GC (Allocation Failure) 2020-10-28T08:27:13.656+0000: [ParNew: 16388K->4K(18432K), 0.0021220 secs] 465965K->449581K(662600K), 0.0021640 secs] [Times: user=0.01 sys=0.00, real=0.00 secs] 
2020-10-28T08:27:13.673+0000: [GC (Allocation Failure) 2020-10-28T08:27:13.673+0000: [ParNew: 16388K->4K(18432K), 0.0022123 secs] 465965K->449581K(662600K), 0.0022583 secs] [Times: user=0.01 sys=0.00, real=0.00 secs] 
2020-10-28T08:27:13.692+0000: [GC (Allocation Failure) 2020-10-28T08:27:13.692+0000: [ParNew: 16388K->4K(18432K), 0.0023062 secs] 465965K->449581K(662600K), 0.0023584 secs] [Times: user=0.01 sys=0.00, real=0.00 secs] 
2020-10-28T08:27:13.712+0000: [GC (Allocation Failure) 2020-10-28T08:27:13.712+0000: [ParNew: 16388K->4K(18432K), 0.0022945 secs] 465965K->449581K(662600K), 0.0023443 secs] [Times: user=0.00 sys=0.00, real=0.00 secs] 
2020-10-28T08:27:13.729+0000: [GC (Allocation Failure) 2020-10-28T08:27:13.729+0000: [ParNew: 16388K->4K(18432K), 0.0024063 secs] 465965K->449581K(662600K), 0.0024582 secs] [Times: user=0.00 sys=0.00, real=0.00 secs] 
2020-10-28T08:27:13.750+0000: [GC (Allocation Failure) 2020-10-28T08:27:13.750+0000: [ParNew: 16388K->4K(18432K), 0.0026412 secs] 465965K->449581K(662600K), 0.0026911 secs] [Times: user=0.00 sys=0.00, real=0.00 secs] 
2020-10-28T08:27:13.776+0000: [GC (Allocation Failure) 2020-10-28T08:27:13.776+0000: [ParNew: 16388K->4K(18432K), 0.0022527 secs] 465965K->449581K(662600K), 0.0023024 secs] [Times: user=0.00 sys=0.00, real=0.00 secs] 
2020-10-28T08:27:13.793+0000: [GC (Allocation Failure) 2020-10-28T08:27:13.793+0000: [ParNew: 16388K->4K(18432K), 0.0020315 secs] 465965K->449581K(662600K), 0.0020744 secs] [Times: user=0.00 sys=0.00, real=0.00 secs] 
2020-10-28T08:27:13.810+0000: [GC (Allocation Failure) 2020-10-28T08:27:13.810+0000: [ParNew: 16388K->4K(18432K), 0.0020267 secs] 465965K->449581K(662600K), 0.0020685 secs] [Times: user=0.00 sys=0.00, real=0.00 secs] 
2020-10-28T08:27:13.826+0000: [GC (Allocation Failure) 2020-10-28T08:27:13.826+0000: [ParNew: 16388K->4K(18432K), 0.0021187 secs] 465965K->449581K(662600K), 0.0021619 secs] [Times: user=0.01 sys=0.00, real=0.01 secs] 
2020-10-28T08:27:13.847+0000: [GC (Allocation Failure) 2020-10-28T08:27:13.847+0000: [ParNew: 16388K->4K(18432K), 0.0021013 secs] 465965K->449581K(662600K), 0.0021452 secs] [Times: user=0.00 sys=0.00, real=0.01 secs] 
2020-10-28T08:27:13.866+0000: [GC (Allocation Failure) 2020-10-28T08:27:13.866+0000: [ParNew: 16388K->4K(18432K), 0.0023156 secs] 465965K->449581K(662600K), 0.0023649 secs] [Times: user=0.01 sys=0.00, real=0.01 secs] 
2020-10-28T08:27:13.883+0000: [GC (Allocation Failure) 2020-10-28T08:27:13.883+0000: [ParNew: 16388K->4K(18432K), 0.0022451 secs] 465965K->449581K(662600K), 0.0022915 secs] [Times: user=0.01 sys=0.00, real=0.00 secs] 
2020-10-28T08:27:13.903+0000: [GC (Allocation Failure) 2020-10-28T08:27:13.903+0000: [ParNew: 16388K->4K(18432K), 0.0020718 secs] 465965K->449581K(662600K), 0.0021158 secs] [Times: user=0.00 sys=0.00, real=0.00 secs] 
2020-10-28T08:27:13.920+0000: [GC (Allocation Failure) 2020-10-28T08:27:13.920+0000: [ParNew: 16388K->4K(18432K), 0.0020027 secs] 465965K->449581K(662600K), 0.0020449 secs] [Times: user=0.01 sys=0.00, real=0.00 secs] 
2020-10-28T08:27:13.940+0000: [GC (Allocation Failure) 2020-10-28T08:27:13.940+0000: [ParNew: 16388K->4K(18432K), 0.0019897 secs] 465965K->449581K(662600K), 0.0020301 secs] [Times: user=0.00 sys=0.00, real=0.00 secs] 
2020-10-28T08:27:13.957+0000: [GC (Allocation Failure) 2020-10-28T08:27:13.957+0000: [ParNew: 16388K->4K(18432K), 0.0020649 secs] 465965K->449581K(662600K), 0.0021064 secs] [Times: user=0.00 sys=0.00, real=0.00 secs] 
2020-10-28T08:27:13.973+0000: [GC (Allocation Failure) 2020-10-28T08:27:13.973+0000: [ParNew: 16388K->4K(18432K), 0.0020879 secs] 465965K->449581K(662600K), 0.0021369 secs] [Times: user=0.01 sys=0.00, real=0.00 secs] 
2020-10-28T08:27:13.990+0000: [GC (Allocation Failure) 2020-10-28T08:27:13.990+0000: [ParNew: 16388K->4K(18432K), 0.0020325 secs] 465965K->449581K(662600K), 0.0020745 secs] [Times: user=0.01 sys=0.00, real=0.00 secs] 
2020-10-28T08:27:14.008+0000: [GC (Allocation Failure) 2020-10-28T08:27:14.008+0000: [ParNew: 16388K->4K(18432K), 0.0020579 secs] 465965K->449581K(662600K), 0.0021006 secs] [Times: user=0.00 sys=0.00, real=0.00 secs] 
2020-10-28T08:27:14.025+0000: [GC (Allocation Failure) 2020-10-28T08:27:14.025+0000: [ParNew: 16388K->4K(18432K), 0.0019620 secs] 465965K->449581K(662600K), 0.0020026 secs] [Times: user=0.00 sys=0.00, real=0.00 secs] 
2020-10-28T08:27:14.041+0000: [GC (Allocation Failure) 2020-10-28T08:27:14.041+0000: [ParNew: 16388K->4K(18432K), 0.0019408 secs] 465965K->449581K(662600K), 0.0019807 secs] [Times: user=0.00 sys=0.00, real=0.00 secs] 
2020-10-28T08:27:14.058+0000: [GC (Allocation Failure) 2020-10-28T08:27:14.058+0000: [ParNew: 16388K->4K(18432K), 0.0019884 secs] 465965K->449581K(662600K), 0.0020288 secs] [Times: user=0.01 sys=0.00, real=0.01 secs] 
2020-10-28T08:27:14.075+0000: [GC (Allocation Failure) 2020-10-28T08:27:14.075+0000: [ParNew: 16388K->4K(18432K), 0.0019891 secs] 465965K->449581K(662600K), 0.0020297 secs] [Times: user=0.00 sys=0.00, real=0.00 secs] 
2020-10-28T08:27:14.096+0000: [GC (Allocation Failure) 2020-10-28T08:27:14.096+0000: [ParNew: 16388K->4K(18432K), 0.0020230 secs] 465965K->449581K(662600K), 0.0020657 secs] [Times: user=0.01 sys=0.00, real=0.00 secs] 
2020-10-28T08:27:14.124+0000: [GC (Allocation Failure) 2020-10-28T08:27:14.124+0000: [ParNew: 16388K->15K(18432K), 0.0021946 secs] 465965K->449593K(662600K), 0.0022412 secs] [Times: user=0.01 sys=0.00, real=0.00 secs] 
2020-10-28T08:27:14.144+0000: [GC (Allocation Failure) 2020-10-28T08:27:14.144+0000: [ParNew: 16399K->5K(18432K), 0.0021520 secs] 465977K->449583K(662600K), 0.0021968 secs] [Times: user=0.00 sys=0.00, real=0.00 secs] 
2020-10-28T08:27:14.178+0000: [GC (Allocation Failure) 2020-10-28T08:27:14.178+0000: [ParNew: 16389K->7K(18432K), 0.0023358 secs] 465967K->449585K(662600K), 0.0024022 secs] [Times: user=0.00 sys=0.00, real=0.01 secs] 
2020-10-28T08:27:14.196+0000: [GC (Allocation Failure) 2020-10-28T08:27:14.196+0000: [ParNew: 16391K->7K(18432K), 0.0022187 secs] 465969K->449585K(662600K), 0.0022835 secs] [Times: user=0.01 sys=0.00, real=0.00 secs] 
2020-10-28T08:27:14.216+0000: [GC (Allocation Failure) 2020-10-28T08:27:14.216+0000: [ParNew: 16391K->7K(18432K), 0.0021203 secs] 465969K->449585K(662600K), 0.0021646 secs] [Times: user=0.00 sys=0.00, real=0.00 secs] 
2020-10-28T08:27:14.236+0000: [GC (Allocation Failure) 2020-10-28T08:27:14.236+0000: [ParNew: 16391K->7K(18432K), 0.0020595 secs] 465969K->449585K(662600K), 0.0021020 secs] [Times: user=0.00 sys=0.00, real=0.00 secs] 
2020-10-28T08:27:14.256+0000: [GC (Allocation Failure) 2020-10-28T08:27:14.256+0000: [ParNew: 16391K->4K(18432K), 0.0020892 secs] 465969K->449585K(662600K), 0.0021327 secs] [Times: user=0.00 sys=0.00, real=0.00 secs] 
2020-10-28T08:27:14.276+0000: [GC (Allocation Failure) 2020-10-28T08:27:14.276+0000: [ParNew: 16388K->4K(18432K), 0.0021430 secs] 465969K->449585K(662600K), 0.0021875 secs] [Times: user=0.01 sys=0.00, real=0.00 secs] 
2020-10-28T08:27:14.299+0000: [GC (Allocation Failure) 2020-10-28T08:27:14.299+0000: [ParNew: 16388K->4K(18432K), 0.0022146 secs] 465969K->449585K(662600K), 0.0022606 secs] [Times: user=0.00 sys=0.00, real=0.01 secs] 
2020-10-28T08:27:14.316+0000: [GC (Allocation Failure) 2020-10-28T08:27:14.316+0000: [ParNew: 16388K->4K(18432K), 0.0021067 secs] 465969K->449585K(662600K), 0.0021497 secs] [Times: user=0.01 sys=0.00, real=0.00 secs] 
2020-10-28T08:27:14.336+0000: [GC (Allocation Failure) 2020-10-28T08:27:14.336+0000: [ParNew: 16388K->4K(18432K), 0.0020166 secs] 465969K->449585K(662600K), 0.0020550 secs] [Times: user=0.00 sys=0.00, real=0.00 secs] 
2020-10-28T08:27:14.353+0000: [GC (Allocation Failure) 2020-10-28T08:27:14.353+0000: [ParNew: 16388K->4K(18432K), 0.0020704 secs] 465969K->449585K(662600K), 0.0021100 secs] [Times: user=0.01 sys=0.00, real=0.00 secs] 
2020-10-28T08:27:14.369+0000: [GC (Allocation Failure) 2020-10-28T08:27:14.370+0000: [ParNew: 16388K->4K(18432K), 0.0021322 secs] 465969K->449585K(662600K), 0.0021704 secs] [Times: user=0.00 sys=0.00, real=0.00 secs] 
2020-10-28T08:27:14.388+0000: [GC (Allocation Failure) 2020-10-28T08:27:14.388+0000: [ParNew: 16388K->4K(18432K), 0.0020416 secs] 465969K->449585K(662600K), 0.0020807 secs] [Times: user=0.01 sys=0.00, real=0.00 secs] 
2020-10-28T08:27:14.405+0000: [GC (Allocation Failure) 2020-10-28T08:27:14.405+0000: [ParNew: 16388K->4K(18432K), 0.0021256 secs] 465969K->449585K(662600K), 0.0021673 secs] [Times: user=0.01 sys=0.00, real=0.00 secs] 
2020-10-28T08:27:14.424+0000: [GC (Allocation Failure) 2020-10-28T08:27:14.424+0000: [ParNew: 16388K->4K(18432K), 0.0021340 secs] 465969K->449585K(662600K), 0.0021794 secs] [Times: user=0.00 sys=0.00, real=0.00 secs] 
2020-10-28T08:27:14.441+0000: [GC (Allocation Failure) 2020-10-28T08:27:14.441+0000: [ParNew: 16388K->4K(18432K), 0.0019346 secs] 465969K->449585K(662600K), 0.0019759 secs] [Times: user=0.00 sys=0.00, real=0.00 secs] 
2020-10-28T08:27:14.458+0000: [GC (Allocation Failure) 2020-10-28T08:27:14.458+0000: [ParNew: 16388K->4K(18432K), 0.0020193 secs] 465969K->449585K(662600K), 0.0020574 secs] [Times: user=0.00 sys=0.00, real=0.01 secs] 
2020-10-28T08:27:14.479+0000: [GC (Allocation Failure) 2020-10-28T08:27:14.479+0000: [ParNew: 16388K->4K(18432K), 0.0020937 secs] 465969K->449585K(662600K), 0.0021328 secs] [Times: user=0.00 sys=0.00, real=0.01 secs] 
2020-10-28T08:27:14.496+0000: [GC (Allocation Failure) 2020-10-28T08:27:14.496+0000: [ParNew: 16388K->4K(18432K), 0.0021205 secs] 465969K->449585K(662600K), 0.0021595 secs] [Times: user=0.00 sys=0.00, real=0.00 secs] 
2020-10-28T08:27:14.513+0000: [GC (Allocation Failure) 2020-10-28T08:27:14.513+0000: [ParNew: 16388K->4K(18432K), 0.0020925 secs] 465969K->449585K(662600K), 0.0021363 secs] [Times: user=0.00 sys=0.00, real=0.00 secs] 
2020-10-28T08:27:14.546+0000: [GC (Allocation Failure) 2020-10-28T08:27:14.546+0000: [ParNew: 16388K->4K(18432K), 0.0023310 secs] 498737K->482353K(662600K), 0.0023847 secs] [Times: user=0.00 sys=0.00, real=0.01 secs] 
2020-10-28T08:27:14.552+0000: [GC (CMS Initial Mark) [1 CMS-initial-mark: 482349K(644168K)] 482789K(662600K), 0.0011370 secs] [Times: user=0.00 sys=0.00, real=0.00 secs] 
2020-10-28T08:27:14.553+0000: [CMS-concurrent-mark-start]
2020-10-28T08:27:14.576+0000: [GC (Allocation Failure) 2020-10-28T08:27:14.576+0000: [ParNew: 16388K->4K(18432K), 0.0021290 secs] 498737K->482353K(662600K), 0.0021743 secs] [Times: user=0.00 sys=0.00, real=0.00 secs] 
2020-10-28T08:27:14.600+0000: [GC (Allocation Failure) 2020-10-28T08:27:14.600+0000: [ParNew: 16388K->4K(18432K), 0.0020790 secs] 498737K->482353K(662600K), 0.0021250 secs] [Times: user=0.00 sys=0.00, real=0.00 secs] 
2020-10-28T08:27:14.617+0000: [CMS-concurrent-mark: 0.056/0.064 secs] [Times: user=0.12 sys=0.01, real=0.06 secs] 
2020-10-28T08:27:14.617+0000: [CMS-concurrent-preclean-start]
2020-10-28T08:27:14.620+0000: [CMS-concurrent-preclean: 0.003/0.003 secs] [Times: user=0.00 sys=0.00, real=0.01 secs] 
2020-10-28T08:27:14.620+0000: [CMS-concurrent-abortable-preclean-start]
2020-10-28T08:27:14.644+0000: [GC (Allocation Failure) 2020-10-28T08:27:14.644+0000: [ParNew: 16388K->4K(18432K), 0.0023010 secs] 531505K->515121K(662600K), 0.0023534 secs] [Times: user=0.00 sys=0.00, real=0.00 secs] 
2020-10-28T08:27:14.668+0000: [GC (Allocation Failure) 2020-10-28T08:27:14.668+0000: [ParNew: 16388K->4K(18432K), 0.0021851 secs] 531505K->515121K(662600K), 0.0022348 secs] [Times: user=0.00 sys=0.00, real=0.00 secs] 
2020-10-28T08:27:14.688+0000: [GC (Allocation Failure) 2020-10-28T08:27:14.688+0000: [ParNew: 16388K->4K(18432K), 0.0019248 secs] 531505K->515121K(662600K), 0.0019683 secs] [Times: user=0.00 sys=0.00, real=0.00 secs] 
2020-10-28T08:27:14.708+0000: [GC (Allocation Failure) 2020-10-28T08:27:14.708+0000: [ParNew: 16388K->4K(18432K), 0.0021166 secs] 531505K->515121K(662600K), 0.0021644 secs] [Times: user=0.01 sys=0.00, real=0.00 secs] 
2020-10-28T08:27:14.725+0000: [GC (Allocation Failure) 2020-10-28T08:27:14.725+0000: [ParNew: 16388K->4K(18432K), 0.0020305 secs] 531505K->515121K(662600K), 0.0020766 secs] [Times: user=0.00 sys=0.00, real=0.00 secs] 
2020-10-28T08:27:14.744+0000: [GC (Allocation Failure) 2020-10-28T08:27:14.744+0000: [ParNew: 16388K->4K(18432K), 0.0018538 secs] 531505K->515121K(662600K), 0.0018969 secs] [Times: user=0.01 sys=0.00, real=0.00 secs] 
2020-10-28T08:27:14.764+0000: [GC (Allocation Failure) 2020-10-28T08:27:14.764+0000: [ParNew: 16388K->4K(18432K), 0.0019779 secs] 531505K->515121K(662600K), 0.0020240 secs] [Times: user=0.00 sys=0.00, real=0.00 secs] 
2020-10-28T08:27:14.781+0000: [GC (Allocation Failure) 2020-10-28T08:27:14.781+0000: [ParNew: 16388K->4K(18432K), 0.0018645 secs] 531505K->515121K(662600K), 0.0019124 secs] [Times: user=0.01 sys=0.00, real=0.00 secs] 
2020-10-28T08:27:14.803+0000: [GC (Allocation Failure) 2020-10-28T08:27:14.803+0000: [ParNew: 16388K->4K(18432K), 0.0019229 secs] 531505K->515121K(662600K), 0.0019677 secs] [Times: user=0.01 sys=0.00, real=0.00 secs] 
2020-10-28T08:27:14.821+0000: [GC (Allocation Failure) 2020-10-28T08:27:14.821+0000: [ParNew: 16388K->4K(18432K), 0.0018452 secs] 531505K->515121K(662600K), 0.0018857 secs] [Times: user=0.00 sys=0.00, real=0.00 secs] 
2020-10-28T08:27:14.840+0000: [GC (Allocation Failure) 2020-10-28T08:27:14.840+0000: [ParNew: 16388K->4K(18432K), 0.0020177 secs] 531505K->515121K(662600K), 0.0020698 secs] [Times: user=0.00 sys=0.00, real=0.00 secs] 
2020-10-28T08:27:14.857+0000: [GC (Allocation Failure) 2020-10-28T08:27:14.857+0000: [ParNew: 16388K->4K(18432K), 0.0019797 secs] 531505K->515121K(662600K), 0.0020221 secs] [Times: user=0.00 sys=0.00, real=0.00 secs] 
2020-10-28T08:27:14.875+0000: [GC (Allocation Failure) 2020-10-28T08:27:14.875+0000: [ParNew: 16388K->4K(18432K), 0.0021206 secs] 531505K->515121K(662600K), 0.0021677 secs] [Times: user=0.00 sys=0.00, real=0.00 secs] 
2020-10-28T08:27:14.896+0000: [GC (Allocation Failure) 2020-10-28T08:27:14.896+0000: [ParNew: 16388K->4K(18432K), 0.0018735 secs] 531505K->515121K(662600K), 0.0019160 secs] [Times: user=0.00 sys=0.00, real=0.00 secs] 
2020-10-28T08:27:14.928+0000: [GC (Allocation Failure) 2020-10-28T08:27:14.928+0000: [ParNew: 16388K->4K(18432K), 0.0020817 secs] 531505K->515121K(662600K), 0.0021476 secs] [Times: user=0.01 sys=0.00, real=0.00 secs] 
2020-10-28T08:27:14.952+0000: [GC (Allocation Failure) 2020-10-28T08:27:14.952+0000: [ParNew: 16388K->4K(18432K), 0.0020060 secs] 531505K->515121K(662600K), 0.0020512 secs] [Times: user=0.01 sys=0.00, real=0.00 secs] 
2020-10-28T08:27:14.971+0000: [GC (Allocation Failure) 2020-10-28T08:27:14.971+0000: [ParNew: 16388K->4K(18432K), 0.0019327 secs] 531505K->515121K(662600K), 0.0019749 secs] [Times: user=0.01 sys=0.00, real=0.00 secs] 
2020-10-28T08:27:14.992+0000: [GC (Allocation Failure) 2020-10-28T08:27:14.992+0000: [ParNew: 16388K->4K(18432K), 0.0019287 secs] 531505K->515121K(662600K), 0.0019708 secs] [Times: user=0.01 sys=0.00, real=0.00 secs] 
2020-10-28T08:27:15.012+0000: [GC (Allocation Failure) 2020-10-28T08:27:15.012+0000: [ParNew: 16388K->4K(18432K), 0.0018926 secs] 531505K->515122K(662600K), 0.0019344 secs] [Times: user=0.00 sys=0.00, real=0.00 secs] 
2020-10-28T08:27:15.032+0000: [GC (Allocation Failure) 2020-10-28T08:27:15.032+0000: [ParNew: 16388K->4K(18432K), 0.0018521 secs] 531506K->515122K(662600K), 0.0018925 secs] [Times: user=0.00 sys=0.00, real=0.00 secs] 
2020-10-28T08:27:15.052+0000: [GC (Allocation Failure) 2020-10-28T08:27:15.052+0000: [ParNew: 16388K->4K(18432K), 0.0018152 secs] 531506K->515122K(662600K), 0.0018542 secs] [Times: user=0.01 sys=0.00, real=0.00 secs] 
2020-10-28T08:27:15.069+0000: [GC (Allocation Failure) 2020-10-28T08:27:15.069+0000: [ParNew: 16388K->4K(18432K), 0.0018050 secs] 531506K->515122K(662600K), 0.0018463 secs] [Times: user=0.00 sys=0.00, real=0.00 secs] 
2020-10-28T08:27:15.088+0000: [GC (Allocation Failure) 2020-10-28T08:27:15.088+0000: [ParNew: 16388K->4K(18432K), 0.0018463 secs] 531506K->515122K(662600K), 0.0018961 secs] [Times: user=0.00 sys=0.00, real=0.00 secs] 
2020-10-28T08:27:15.105+0000: [GC (Allocation Failure) 2020-10-28T08:27:15.105+0000: [ParNew: 16388K->4K(18432K), 0.0018593 secs] 531506K->515122K(662600K), 0.0019034 secs] [Times: user=0.00 sys=0.00, real=0.00 secs] 
2020-10-28T08:27:15.122+0000: [GC (Allocation Failure) 2020-10-28T08:27:15.122+0000: [ParNew: 16388K->4K(18432K), 0.0019215 secs] 531506K->515122K(662600K), 0.0019631 secs] [Times: user=0.00 sys=0.00, real=0.00 secs] 
2020-10-28T08:27:15.139+0000: [GC (Allocation Failure) 2020-10-28T08:27:15.139+0000: [ParNew: 16388K->4K(18432K), 0.0018587 secs] 531506K->515122K(662600K), 0.0019001 secs] [Times: user=0.01 sys=0.00, real=0.01 secs] 
2020-10-28T08:27:15.157+0000: [GC (Allocation Failure) 2020-10-28T08:27:15.157+0000: [ParNew: 16388K->4K(18432K), 0.0018358 secs] 531506K->515122K(662600K), 0.0018769 secs] [Times: user=0.00 sys=0.00, real=0.00 secs] 
2020-10-28T08:27:15.174+0000: [GC (Allocation Failure) 2020-10-28T08:27:15.174+0000: [ParNew: 16388K->4K(18432K), 0.0018537 secs] 531506K->515122K(662600K), 0.0018951 secs] [Times: user=0.00 sys=0.00, real=0.00 secs] 
2020-10-28T08:27:15.191+0000: [GC (Allocation Failure) 2020-10-28T08:27:15.191+0000: [ParNew: 16388K->4K(18432K), 0.0019650 secs] 531506K->515122K(662600K), 0.0020097 secs] [Times: user=0.01 sys=0.00, real=0.00 secs] 
2020-10-28T08:27:15.212+0000: [GC (Allocation Failure) 2020-10-28T08:27:15.212+0000: [ParNew: 16388K->4K(18432K), 0.0019273 secs] 531506K->515122K(662600K), 0.0019712 secs] [Times: user=0.00 sys=0.00, real=0.00 secs] 
2020-10-28T08:27:15.232+0000: [GC (Allocation Failure) 2020-10-28T08:27:15.232+0000: [ParNew: 16388K->4K(18432K), 0.0018898 secs] 531506K->515122K(662600K), 0.0019331 secs] [Times: user=0.00 sys=0.00, real=0.00 secs] 
2020-10-28T08:27:15.249+0000: [GC (Allocation Failure) 2020-10-28T08:27:15.249+0000: [ParNew: 16388K->4K(18432K), 0.0018149 secs] 531506K->515122K(662600K), 0.0018561 secs] [Times: user=0.00 sys=0.00, real=0.00 secs] 
2020-10-28T08:27:15.266+0000: [GC (Allocation Failure) 2020-10-28T08:27:15.266+0000: [ParNew: 16388K->4K(18432K), 0.0019764 secs] 531506K->515122K(662600K), 0.0020148 secs] [Times: user=0.01 sys=0.00, real=0.01 secs] 
2020-10-28T08:27:15.284+0000: [GC (Allocation Failure) 2020-10-28T08:27:15.284+0000: [ParNew: 16388K->4K(18432K), 0.0020370 secs] 531506K->515122K(662600K), 0.0020995 secs] [Times: user=0.00 sys=0.00, real=0.00 secs] 
2020-10-28T08:27:15.305+0000: [GC (Allocation Failure) 2020-10-28T08:27:15.305+0000: [ParNew: 16388K->4K(18432K), 0.0020421 secs] 531506K->515122K(662600K), 0.0021071 secs] [Times: user=0.00 sys=0.00, real=0.00 secs] 
2020-10-28T08:27:15.334+0000: [GC (Allocation Failure) 2020-10-28T08:27:15.334+0000: [ParNew: 16388K->2K(18432K), 0.0047043 secs] 531506K->515120K(662600K), 0.0047531 secs] [Times: user=0.01 sys=0.00, real=0.00 secs] 
2020-10-28T08:27:15.364+0000: [GC (Allocation Failure) 2020-10-28T08:27:15.364+0000: [ParNew: 16386K->4K(18432K), 0.0042675 secs] 531504K->515122K(662600K), 0.0043285 secs] [Times: user=0.01 sys=0.00, real=0.01 secs] 
2020-10-28T08:27:15.392+0000: [GC (Allocation Failure) 2020-10-28T08:27:15.392+0000: [ParNew: 16388K->4K(18432K), 0.0059433 secs] 531506K->515122K(662600K), 0.0060065 secs] [Times: user=0.01 sys=0.00, real=0.00 secs] 
2020-10-28T08:27:15.420+0000: [GC (Allocation Failure) 2020-10-28T08:27:15.420+0000: [ParNew: 16388K->4K(18432K), 0.0045040 secs] 531506K->515122K(662600K), 0.0045623 secs] [Times: user=0.01 sys=0.00, real=0.00 secs] 
2020-10-28T08:27:15.445+0000: [GC (Allocation Failure) 2020-10-28T08:27:15.445+0000: [ParNew: 16388K->2K(18432K), 0.0043210 secs] 531506K->515120K(662600K), 0.0043845 secs] [Times: user=0.00 sys=0.00, real=0.01 secs] 
2020-10-28T08:27:15.472+0000: [GC (Allocation Failure) 2020-10-28T08:27:15.472+0000: [ParNew: 16386K->2K(18432K), 0.0034694 secs] 531504K->515120K(662600K), 0.0035250 secs] [Times: user=0.00 sys=0.00, real=0.00 secs] 
2020-10-28T08:27:15.492+0000: [GC (Allocation Failure) 2020-10-28T08:27:15.492+0000: [ParNew: 16386K->4K(18432K), 0.0018649 secs] 531504K->515122K(662600K), 0.0019163 secs] [Times: user=0.00 sys=0.00, real=0.00 secs] 
2020-10-28T08:27:15.512+0000: [GC (Allocation Failure) 2020-10-28T08:27:15.512+0000: [ParNew: 16388K->4K(18432K), 0.0019471 secs] 531506K->515122K(662600K), 0.0019899 secs] [Times: user=0.00 sys=0.00, real=0.00 secs] 
2020-10-28T08:27:15.529+0000: [GC (Allocation Failure) 2020-10-28T08:27:15.529+0000: [ParNew: 16388K->4K(18432K), 0.0018612 secs] 531506K->515122K(662600K), 0.0019012 secs] [Times: user=0.01 sys=0.00, real=0.00 secs] 
2020-10-28T08:27:15.547+0000: [GC (Allocation Failure) 2020-10-28T08:27:15.547+0000: [ParNew: 16388K->4K(18432K), 0.0018821 secs] 531506K->515122K(662600K), 0.0019225 secs] [Times: user=0.00 sys=0.00, real=0.01 secs] 
2020-10-28T08:27:15.564+0000: [GC (Allocation Failure) 2020-10-28T08:27:15.564+0000: [ParNew: 16388K->4K(18432K), 0.0018229 secs] 531506K->515122K(662600K), 0.0018635 secs] [Times: user=0.01 sys=0.00, real=0.00 secs] 
2020-10-28T08:27:15.582+0000: [GC (Allocation Failure) 2020-10-28T08:27:15.582+0000: [ParNew: 16388K->4K(18432K), 0.0018572 secs] 531506K->515122K(662600K), 0.0019163 secs] [Times: user=0.00 sys=0.00, real=0.00 secs] 
2020-10-28T08:27:15.599+0000: [GC (Allocation Failure) 2020-10-28T08:27:15.599+0000: [ParNew: 16388K->4K(18432K), 0.0018281 secs] 531506K->515122K(662600K), 0.0018675 secs] [Times: user=0.00 sys=0.00, real=0.01 secs] 
2020-10-28T08:27:15.617+0000: [GC (Allocation Failure) 2020-10-28T08:27:15.617+0000: [ParNew: 16388K->4K(18432K), 0.0018379 secs] 531506K->515122K(662600K), 0.0018827 secs] [Times: user=0.01 sys=0.00, real=0.00 secs] 
2020-10-28T08:27:15.634+0000: [GC (Allocation Failure) 2020-10-28T08:27:15.634+0000: [ParNew: 16388K->4K(18432K), 0.0018199 secs] 531506K->515122K(662600K), 0.0018595 secs] [Times: user=0.00 sys=0.00, real=0.00 secs] 
2020-10-28T08:27:15.656+0000: [GC (Allocation Failure) 2020-10-28T08:27:15.656+0000: [ParNew: 16388K->4K(18432K), 0.0020169 secs] 531506K->515122K(662600K), 0.0020646 secs] [Times: user=0.01 sys=0.00, real=0.00 secs] 
2020-10-28T08:27:15.673+0000: [GC (Allocation Failure) 2020-10-28T08:27:15.673+0000: [ParNew: 16388K->4K(18432K), 0.0018403 secs] 531506K->515122K(662600K), 0.0018819 secs] [Times: user=0.00 sys=0.00, real=0.00 secs] 
2020-10-28T08:27:15.692+0000: [GC (Allocation Failure) 2020-10-28T08:27:15.692+0000: [ParNew: 16388K->4K(18432K), 0.0017963 secs] 531506K->515122K(662600K), 0.0018383 secs] [Times: user=0.00 sys=0.00, real=0.00 secs] 
2020-10-28T08:27:15.711+0000: [GC (Allocation Failure) 2020-10-28T08:27:15.711+0000: [ParNew: 16388K->4K(18432K), 0.0019011 secs] 531506K->515122K(662600K), 0.0019431 secs] [Times: user=0.01 sys=0.00, real=0.00 secs] 
2020-10-28T08:27:15.732+0000: [GC (Allocation Failure) 2020-10-28T08:27:15.732+0000: [ParNew: 16388K->4K(18432K), 0.0020095 secs] 531506K->515122K(662600K), 0.0020538 secs] [Times: user=0.00 sys=0.00, real=0.00 secs] 
2020-10-28T08:27:15.749+0000: [GC (Allocation Failure) 2020-10-28T08:27:15.749+0000: [ParNew: 16388K->4K(18432K), 0.0019214 secs] 531506K->515122K(662600K), 0.0019624 secs] [Times: user=0.00 sys=0.00, real=0.00 secs] 
2020-10-28T08:27:15.767+0000: [GC (Allocation Failure) 2020-10-28T08:27:15.767+0000: [ParNew: 16388K->4K(18432K), 0.0019747 secs] 531506K->515122K(662600K), 0.0020241 secs] [Times: user=0.01 sys=0.00, real=0.01 secs] 
2020-10-28T08:27:15.788+0000: [GC (Allocation Failure) 2020-10-28T08:27:15.788+0000: [ParNew: 16388K->4K(18432K), 0.0020204 secs] 531506K->515122K(662600K), 0.0020660 secs] [Times: user=0.01 sys=0.00, real=0.00 secs] 
2020-10-28T08:27:15.806+0000: [GC (Allocation Failure) 2020-10-28T08:27:15.806+0000: [ParNew: 16388K->4K(18432K), 0.0019702 secs] 531506K->515122K(662600K), 0.0020134 secs] [Times: user=0.00 sys=0.00, real=0.01 secs] 
2020-10-28T08:27:15.825+0000: [GC (Allocation Failure) 2020-10-28T08:27:15.825+0000: [ParNew: 16388K->4K(18432K), 0.0019702 secs] 531506K->515122K(662600K), 0.0020145 secs] [Times: user=0.00 sys=0.00, real=0.00 secs] 
2020-10-28T08:27:15.843+0000: [GC (Allocation Failure) 2020-10-28T08:27:15.843+0000: [ParNew: 16388K->4K(18432K), 0.0021353 secs] 531506K->515122K(662600K), 0.0021834 secs] [Times: user=0.00 sys=0.00, real=0.00 secs] 
2020-10-28T08:27:15.868+0000: [GC (Allocation Failure) 2020-10-28T08:27:15.868+0000: [ParNew: 16388K->4K(18432K), 0.0022208 secs] 531506K->515122K(662600K), 0.0022693 secs] [Times: user=0.01 sys=0.00, real=0.00 secs] 
2020-10-28T08:27:15.888+0000: [GC (Allocation Failure) 2020-10-28T08:27:15.888+0000: [ParNew: 16388K->4K(18432K), 0.0021386 secs] 531506K->515122K(662600K), 0.0021865 secs] [Times: user=0.00 sys=0.00, real=0.00 secs] 
2020-10-28T08:27:15.908+0000: [GC (Allocation Failure) 2020-10-28T08:27:15.908+0000: [ParNew: 16388K->4K(18432K), 0.0019158 secs] 531506K->515122K(662600K), 0.0019602 secs] [Times: user=0.01 sys=0.00, real=0.00 secs] 
2020-10-28T08:27:15.925+0000: [GC (Allocation Failure) 2020-10-28T08:27:15.925+0000: [ParNew: 16388K->4K(18432K), 0.0018774 secs] 531506K->515122K(662600K), 0.0019184 secs] [Times: user=0.00 sys=0.00, real=0.00 secs] 
2020-10-28T08:27:15.942+0000: [GC (Allocation Failure) 2020-10-28T08:27:15.942+0000: [ParNew: 16388K->4K(18432K), 0.0018480 secs] 531506K->515122K(662600K), 0.0018908 secs] [Times: user=0.00 sys=0.00, real=0.00 secs] 
2020-10-28T08:27:15.960+0000: [GC (Allocation Failure) 2020-10-28T08:27:15.960+0000: [ParNew: 16388K->4K(18432K), 0.0019587 secs] 531506K->515122K(662600K), 0.0020041 secs] [Times: user=0.01 sys=0.00, real=0.00 secs] 
2020-10-28T08:27:15.978+0000: [GC (Allocation Failure) 2020-10-28T08:27:15.978+0000: [ParNew: 16388K->4K(18432K), 0.0020510 secs] 531506K->515122K(662600K), 0.0020982 secs] [Times: user=0.00 sys=0.00, real=0.01 secs] 
2020-10-28T08:27:15.995+0000: [GC (Allocation Failure) 2020-10-28T08:27:15.995+0000: [ParNew: 16388K->4K(18432K), 0.0022386 secs] 531506K->515122K(662600K), 0.0022803 secs] [Times: user=0.00 sys=0.00, real=0.00 secs] 
2020-10-28T08:27:16.016+0000: [GC (Allocation Failure) 2020-10-28T08:27:16.016+0000: [ParNew: 16388K->4K(18432K), 0.0019484 secs] 531506K->515122K(662600K), 0.0019908 secs] [Times: user=0.00 sys=0.00, real=0.00 secs] 
2020-10-28T08:27:16.033+0000: [GC (Allocation Failure) 2020-10-28T08:27:16.033+0000: [ParNew: 16388K->4K(18432K), 0.0018437 secs] 531506K->515122K(662600K), 0.0018855 secs] [Times: user=0.00 sys=0.00, real=0.00 secs] 
2020-10-28T08:27:16.050+0000: [GC (Allocation Failure) 2020-10-28T08:27:16.050+0000: [ParNew: 16388K->4K(18432K), 0.0018874 secs] 531506K->515122K(662600K), 0.0019285 secs] [Times: user=0.00 sys=0.00, real=0.00 secs] 
2020-10-28T08:27:16.067+0000: [GC (Allocation Failure) 2020-10-28T08:27:16.068+0000: [ParNew: 16388K->4K(18432K), 0.0018653 secs] 531506K->515122K(662600K), 0.0019061 secs] [Times: user=0.00 sys=0.00, real=0.01 secs] 
2020-10-28T08:27:16.085+0000: [GC (Allocation Failure) 2020-10-28T08:27:16.085+0000: [ParNew: 16388K->4K(18432K), 0.0018611 secs] 531506K->515122K(662600K), 0.0019031 secs] [Times: user=0.01 sys=0.00, real=0.00 secs] 
2020-10-28T08:27:16.103+0000: [GC (Allocation Failure) 2020-10-28T08:27:16.103+0000: [ParNew: 16388K->4K(18432K), 0.0018502 secs] 531506K->515122K(662600K), 0.0018913 secs] [Times: user=0.00 sys=0.00, real=0.00 secs] 
2020-10-28T08:27:16.124+0000: [GC (Allocation Failure) 2020-10-28T08:27:16.124+0000: [ParNew: 16388K->4K(18432K), 0.0018985 secs] 531506K->515122K(662600K), 0.0019412 secs] [Times: user=0.01 sys=0.00, real=0.00 secs] 
2020-10-28T08:27:16.141+0000: [GC (Allocation Failure) 2020-10-28T08:27:16.141+0000: [ParNew: 16388K->4K(18432K), 0.0018279 secs] 531506K->515122K(662600K), 0.0018681 secs] [Times: user=0.01 sys=0.00, real=0.00 secs] 
2020-10-28T08:27:16.158+0000: [GC (Allocation Failure) 2020-10-28T08:27:16.158+0000: [ParNew: 16388K->4K(18432K), 0.0019805 secs] 531506K->515122K(662600K), 0.0020225 secs] [Times: user=0.00 sys=0.00, real=0.01 secs] 
2020-10-28T08:27:16.175+0000: [GC (Allocation Failure) 2020-10-28T08:27:16.175+0000: [ParNew: 16388K->4K(18432K), 0.0018304 secs] 531506K->515122K(662600K), 0.0018784 secs] [Times: user=0.00 sys=0.00, real=0.00 secs] 
2020-10-28T08:27:16.196+0000: [GC (Allocation Failure) 2020-10-28T08:27:16.196+0000: [ParNew: 16388K->4K(18432K), 0.0019439 secs] 531506K->515122K(662600K), 0.0019914 secs] [Times: user=0.00 sys=0.00, real=0.00 secs] 
2020-10-28T08:27:16.216+0000: [GC (Allocation Failure) 2020-10-28T08:27:16.216+0000: [ParNew: 16388K->4K(18432K), 0.0019782 secs] 531506K->515122K(662600K), 0.0020221 secs] [Times: user=0.00 sys=0.00, real=0.00 secs] 
2020-10-28T08:27:16.233+0000: [GC (Allocation Failure) 2020-10-28T08:27:16.233+0000: [ParNew: 16388K->4K(18432K), 0.0018331 secs] 531506K->515122K(662600K), 0.0018743 secs] [Times: user=0.01 sys=0.00, real=0.00 secs] 
2020-10-28T08:27:16.252+0000: [GC (Allocation Failure) 2020-10-28T08:27:16.252+0000: [ParNew: 16388K->4K(18432K), 0.0018671 secs] 531506K->515122K(662600K), 0.0019086 secs] [Times: user=0.01 sys=0.00, real=0.00 secs] 
2020-10-28T08:27:16.272+0000: [GC (Allocation Failure) 2020-10-28T08:27:16.272+0000: [ParNew: 16388K->4K(18432K), 0.0019608 secs] 531506K->515122K(662600K), 0.0020047 secs] [Times: user=0.00 sys=0.00, real=0.00 secs] 
2020-10-28T08:27:16.290+0000: [GC (Allocation Failure) 2020-10-28T08:27:16.290+0000: [ParNew: 16388K->4K(18432K), 0.0020467 secs] 531506K->515122K(662600K), 0.0020940 secs] [Times: user=0.00 sys=0.00, real=0.00 secs] 
2020-10-28T08:27:16.308+0000: [GC (Allocation Failure) 2020-10-28T08:27:16.308+0000: [ParNew: 16388K->4K(18432K), 0.0019556 secs] 531506K->515122K(662600K), 0.0019980 secs] [Times: user=0.01 sys=0.00, real=0.00 secs] 
2020-10-28T08:27:16.326+0000: [GC (Allocation Failure) 2020-10-28T08:27:16.326+0000: [ParNew: 16388K->4K(18432K), 0.0019795 secs] 531506K->515122K(662600K), 0.0020224 secs] [Times: user=0.00 sys=0.00, real=0.01 secs] 
2020-10-28T08:27:16.343+0000: [GC (Allocation Failure) 2020-10-28T08:27:16.343+0000: [ParNew: 16388K->4K(18432K), 0.0018581 secs] 531506K->515122K(662600K), 0.0019009 secs] [Times: user=0.00 sys=0.00, real=0.00 secs] 
2020-10-28T08:27:16.364+0000: [GC (Allocation Failure) 2020-10-28T08:27:16.364+0000: [ParNew: 16388K->4K(18432K), 0.0018653 secs] 531506K->515122K(662600K), 0.0019085 secs] [Times: user=0.01 sys=0.00, real=0.00 secs] 
2020-10-28T08:27:16.384+0000: [GC (Allocation Failure) 2020-10-28T08:27:16.384+0000: [ParNew: 16388K->4K(18432K), 0.0019431 secs] 531506K->515122K(662600K), 0.0019872 secs] [Times: user=0.01 sys=0.00, real=0.00 secs] 
2020-10-28T08:27:16.403+0000: [GC (Allocation Failure) 2020-10-28T08:27:16.403+0000: [ParNew: 16388K->4K(18432K), 0.0019235 secs] 531506K->515122K(662600K), 0.0019687 secs] [Times: user=0.01 sys=0.00, real=0.00 secs] 
2020-10-28T08:27:16.424+0000: [GC (Allocation Failure) 2020-10-28T08:27:16.424+0000: [ParNew: 16388K->4K(18432K), 0.0020904 secs] 531506K->515122K(662600K), 0.0021391 secs] [Times: user=0.00 sys=0.00, real=0.00 secs] 
2020-10-28T08:27:16.444+0000: [GC (Allocation Failure) 2020-10-28T08:27:16.444+0000: [ParNew: 16388K->4K(18432K), 0.0022659 secs] 531506K->515122K(662600K), 0.0023154 secs] [Times: user=0.00 sys=0.00, real=0.00 secs] 
2020-10-28T08:27:16.467+0000: [GC (Allocation Failure) 2020-10-28T08:27:16.467+0000: [ParNew: 16388K->4K(18432K), 0.0021404 secs] 531506K->515122K(662600K), 0.0021890 secs] [Times: user=0.00 sys=0.00, real=0.01 secs] 
2020-10-28T08:27:16.485+0000: [GC (Allocation Failure) 2020-10-28T08:27:16.485+0000: [ParNew: 16388K->4K(18432K), 0.0018714 secs] 531506K->515122K(662600K), 0.0019153 secs] [Times: user=0.01 sys=0.00, real=0.00 secs] 
2020-10-28T08:27:16.504+0000: [GC (Allocation Failure) 2020-10-28T08:27:16.504+0000: [ParNew: 16388K->4K(18432K), 0.0018534 secs] 531506K->515122K(662600K), 0.0018954 secs] [Times: user=0.00 sys=0.00, real=0.00 secs] 
2020-10-28T08:27:16.524+0000: [GC (Allocation Failure) 2020-10-28T08:27:16.524+0000: [ParNew: 16388K->4K(18432K), 0.0018442 secs] 531506K->515122K(662600K), 0.0018884 secs] [Times: user=0.00 sys=0.00, real=0.00 secs] 
2020-10-28T08:27:16.541+0000: [GC (Allocation Failure) 2020-10-28T08:27:16.541+0000: [ParNew: 16388K->4K(18432K), 0.0018197 secs] 531506K->515122K(662600K), 0.0018616 secs] [Times: user=0.00 sys=0.00, real=0.00 secs] 
2020-10-28T08:27:16.558+0000: [GC (Allocation Failure) 2020-10-28T08:27:16.558+0000: [ParNew: 16388K->4K(18432K), 0.0018280 secs] 531506K->515122K(662600K), 0.0018679 secs] [Times: user=0.01 sys=0.00, real=0.01 secs] 
2020-10-28T08:27:16.578+0000: [GC (Allocation Failure) 2020-10-28T08:27:16.578+0000: [ParNew: 16388K->4K(18432K), 0.0018475 secs] 531506K->515123K(662600K), 0.0018889 secs] [Times: user=0.00 sys=0.00, real=0.01 secs] 
2020-10-28T08:27:16.599+0000: [GC (Allocation Failure) 2020-10-28T08:27:16.599+0000: [ParNew: 16388K->4K(18432K), 0.0018570 secs] 531507K->515123K(662600K), 0.0018983 secs] [Times: user=0.01 sys=0.00, real=0.01 secs] 
2020-10-28T08:27:16.616+0000: [GC (Allocation Failure) 2020-10-28T08:27:16.616+0000: [ParNew: 16388K->4K(18432K), 0.0018523 secs] 531507K->515123K(662600K), 0.0019061 secs] [Times: user=0.00 sys=0.00, real=0.00 secs] 
2020-10-28T08:27:16.636+0000: [GC (Allocation Failure) 2020-10-28T08:27:16.636+0000: [ParNew: 16388K->4K(18432K), 0.0018411 secs] 531507K->515123K(662600K), 0.0018826 secs] [Times: user=0.01 sys=0.00, real=0.00 secs] 
2020-10-28T08:27:16.653+0000: [GC (Allocation Failure) 2020-10-28T08:27:16.653+0000: [ParNew: 16388K->4K(18432K), 0.0018540 secs] 531507K->515123K(662600K), 0.0018951 secs] [Times: user=0.00 sys=0.00, real=0.00 secs] 
2020-10-28T08:27:16.672+0000: [GC (Allocation Failure) 2020-10-28T08:27:16.672+0000: [ParNew: 16388K->4K(18432K), 0.0018241 secs] 531507K->515123K(662600K), 0.0018644 secs] [Times: user=0.00 sys=0.00, real=0.00 secs] 
2020-10-28T08:27:16.692+0000: [GC (Allocation Failure) 2020-10-28T08:27:16.692+0000: [ParNew: 16388K->4K(18432K), 0.0018989 secs] 531507K->515123K(662600K), 0.0019419 secs] [Times: user=0.01 sys=0.00, real=0.00 secs] 
2020-10-28T08:27:16.710+0000: [GC (Allocation Failure) 2020-10-28T08:27:16.710+0000: [ParNew: 16388K->4K(18432K), 0.0019785 secs] 531507K->515123K(662600K), 0.0020237 secs] [Times: user=0.00 sys=0.00, real=0.00 secs] 
2020-10-28T08:27:16.728+0000: [GC (Allocation Failure) 2020-10-28T08:27:16.728+0000: [ParNew: 16388K->4K(18432K), 0.0021188 secs] 531507K->515123K(662600K), 0.0021821 secs] [Times: user=0.01 sys=0.00, real=0.00 secs] 
2020-10-28T08:27:16.749+0000: [GC (Allocation Failure) 2020-10-28T08:27:16.749+0000: [ParNew: 16388K->4K(18432K), 0.0020041 secs] 531507K->515123K(662600K), 0.0020495 secs] [Times: user=0.00 sys=0.00, real=0.00 secs] 
2020-10-28T08:27:16.768+0000: [GC (Allocation Failure) 2020-10-28T08:27:16.768+0000: [ParNew: 16388K->4K(18432K), 0.0018988 secs] 531507K->515123K(662600K), 0.0019423 secs] [Times: user=0.00 sys=0.00, real=0.00 secs] 
2020-10-28T08:27:16.785+0000: [GC (Allocation Failure) 2020-10-28T08:27:16.785+0000: [ParNew: 16388K->4K(18432K), 0.0018266 secs] 531507K->515123K(662600K), 0.0018695 secs] [Times: user=0.00 sys=0.00, real=0.00 secs] 
2020-10-28T08:27:16.803+0000: [GC (Allocation Failure) 2020-10-28T08:27:16.803+0000: [ParNew: 16388K->4K(18432K), 0.0018611 secs] 531507K->515123K(662600K), 0.0019038 secs] [Times: user=0.01 sys=0.00, real=0.00 secs] 
2020-10-28T08:27:16.820+0000: [GC (Allocation Failure) 2020-10-28T08:27:16.820+0000: [ParNew: 16388K->4K(18432K), 0.0018657 secs] 531507K->515123K(662600K), 0.0019098 secs] [Times: user=0.01 sys=0.00, real=0.00 secs] 
2020-10-28T08:27:16.838+0000: [GC (Allocation Failure) 2020-10-28T08:27:16.838+0000: [ParNew: 16388K->4K(18432K), 0.0019682 secs] 531507K->515123K(662600K), 0.0020132 secs] [Times: user=0.00 sys=0.00, real=0.01 secs] 
2020-10-28T08:27:16.859+0000: [GC (Allocation Failure) 2020-10-28T08:27:16.859+0000: [ParNew: 16388K->4K(18432K), 0.0020807 secs] 531507K->515123K(662600K), 0.0021280 secs] [Times: user=0.00 sys=0.00, real=0.01 secs] 
2020-10-28T08:27:16.880+0000: [GC (Allocation Failure) 2020-10-28T08:27:16.880+0000: [ParNew: 16388K->4K(18432K), 0.0022234 secs] 531507K->515123K(662600K), 0.0022748 secs] [Times: user=0.01 sys=0.00, real=0.00 secs] 
2020-10-28T08:27:16.897+0000: [GC (Allocation Failure) 2020-10-28T08:27:16.897+0000: [ParNew: 16388K->4K(18432K), 0.0021950 secs] 531507K->515123K(662600K), 0.0022531 secs] [Times: user=0.00 sys=0.00, real=0.01 secs] 
2020-10-28T08:27:16.915+0000: [GC (Allocation Failure) 2020-10-28T08:27:16.915+0000: [ParNew: 16388K->4K(18432K), 0.0020304 secs] 531507K->515123K(662600K), 0.0020709 secs] [Times: user=0.00 sys=0.00, real=0.00 secs] 
2020-10-28T08:27:16.936+0000: [GC (Allocation Failure) 2020-10-28T08:27:16.936+0000: [ParNew: 16388K->4K(18432K), 0.0018287 secs] 531507K->515123K(662600K), 0.0018696 secs] [Times: user=0.01 sys=0.00, real=0.00 secs] 
2020-10-28T08:27:16.953+0000: [GC (Allocation Failure) 2020-10-28T08:27:16.953+0000: [ParNew: 16388K->4K(18432K), 0.0018371 secs] 531507K->515123K(662600K), 0.0018795 secs] [Times: user=0.00 sys=0.00, real=0.00 secs] 
2020-10-28T08:27:16.973+0000: [GC (Allocation Failure) 2020-10-28T08:27:16.973+0000: [ParNew: 16388K->4K(18432K), 0.0020286 secs] 531507K->515123K(662600K), 0.0020748 secs] [Times: user=0.01 sys=0.00, real=0.00 secs] 
2020-10-28T08:27:16.990+0000: [GC (Allocation Failure) 2020-10-28T08:27:16.990+0000: [ParNew: 16388K->4K(18432K), 0.0018923 secs] 531507K->515123K(662600K), 0.0019334 secs] [Times: user=0.00 sys=0.00, real=0.00 secs] 
2020-10-28T08:27:17.007+0000: [GC (Allocation Failure) 2020-10-28T08:27:17.007+0000: [ParNew: 16388K->4K(18432K), 0.0018761 secs] 531507K->515123K(662600K), 0.0019177 secs] [Times: user=0.00 sys=0.00, real=0.01 secs] 
2020-10-28T08:27:17.025+0000: [GC (Allocation Failure) 2020-10-28T08:27:17.025+0000: [ParNew: 16388K->4K(18432K), 0.0019274 secs] 531507K->515123K(662600K), 0.0019686 secs] [Times: user=0.01 sys=0.00, real=0.00 secs] 
2020-10-28T08:27:17.044+0000: [GC (Allocation Failure) 2020-10-28T08:27:17.044+0000: [ParNew: 16388K->4K(18432K), 0.0017965 secs] 531507K->515123K(662600K), 0.0018377 secs] [Times: user=0.00 sys=0.00, real=0.00 secs] 
2020-10-28T08:27:17.062+0000: [GC (Allocation Failure) 2020-10-28T08:27:17.062+0000: [ParNew: 16388K->4K(18432K), 0.0018641 secs] 531507K->515123K(662600K), 0.0019059 secs] [Times: user=0.00 sys=0.00, real=0.00 secs] 
2020-10-28T08:27:17.079+0000: [GC (Allocation Failure) 2020-10-28T08:27:17.079+0000: [ParNew: 16388K->4K(18432K), 0.0018313 secs] 531507K->515123K(662600K), 0.0018735 secs] [Times: user=0.00 sys=0.00, real=0.01 secs] 
2020-10-28T08:27:17.100+0000: [GC (Allocation Failure) 2020-10-28T08:27:17.100+0000: [ParNew: 16388K->4K(18432K), 0.0019320 secs] 531507K->515123K(662600K), 0.0019758 secs] [Times: user=0.01 sys=0.00, real=0.00 secs] 
2020-10-28T08:27:17.119+0000: [GC (Allocation Failure) 2020-10-28T08:27:17.119+0000: [ParNew: 16388K->4K(18432K), 0.0019180 secs] 531507K->515123K(662600K), 0.0019609 secs] [Times: user=0.00 sys=0.00, real=0.01 secs] 
2020-10-28T08:27:17.140+0000: [GC (Allocation Failure) 2020-10-28T08:27:17.140+0000: [ParNew: 16388K->4K(18432K), 0.0019364 secs] 531507K->515123K(662600K), 0.0019801 secs] [Times: user=0.00 sys=0.00, real=0.00 secs] 
2020-10-28T08:27:17.160+0000: [GC (Allocation Failure) 2020-10-28T08:27:17.160+0000: [ParNew: 16388K->4K(18432K), 0.0019018 secs] 531507K->515123K(662600K), 0.0019454 secs] [Times: user=0.00 sys=0.00, real=0.00 secs] 
2020-10-28T08:27:17.176+0000: [GC (Allocation Failure) 2020-10-28T08:27:17.176+0000: [ParNew: 15359K->4K(18432K), 0.0018113 secs] 530478K->515123K(662600K), 0.0018517 secs] [Times: user=0.01 sys=0.00, real=0.00 secs] 
2020-10-28T08:27:17.187+0000: [GC (Allocation Failure) 2020-10-28T08:27:17.187+0000: [ParNew: 16388K->4K(18432K), 0.0025410 secs] 531507K->523315K(662600K), 0.0025808 secs] [Times: user=0.01 sys=0.00, real=0.01 secs] 
2020-10-28T08:27:17.189+0000: [CMS-concurrent-abortable-preclean: 0.178/2.569 secs] [Times: user=4.49 sys=0.18, real=2.57 secs] 
2020-10-28T08:27:17.192+0000: [GC (CMS Final Remark) [YG occupancy: 2608 K (18432 K)]2020-10-28T08:27:17.192+0000: [Rescan (parallel) , 0.0029913 secs]2020-10-28T08:27:17.195+0000: [weak refs processing, 0.0000556 secs]2020-10-28T08:27:17.195+0000: [class unloading, 0.0076185 secs]2020-10-28T08:27:17.202+0000: [scrub symbol table, 0.0086327 secs]2020-10-28T08:27:17.211+0000: [scrub string table, 0.0005693 secs][1 CMS-remark: 523311K(644168K)] 525919K(662600K), 0.0199702 secs] [Times: user=0.02 sys=0.00, real=0.02 secs] 
2020-10-28T08:27:17.220+0000: [CMS-concurrent-sweep-start]
2020-10-28T08:27:17.232+0000: [GC (Allocation Failure) 2020-10-28T08:27:17.232+0000: [ParNew: 16388K->4K(18432K), 0.0022608 secs] 539095K->522711K(662600K), 0.0023034 secs] [Times: user=0.00 sys=0.00, real=0.00 secs] 
2020-10-28T08:27:17.240+0000: [CMS-concurrent-sweep: 0.012/0.020 secs] [Times: user=0.03 sys=0.00, real=0.02 secs] 
2020-10-28T08:27:17.240+0000: [CMS-concurrent-reset-start]
2020-10-28T08:27:17.242+0000: [CMS-concurrent-reset: 0.002/0.002 secs] [Times: user=0.00 sys=0.00, real=0.00 secs] 
2020-10-28T08:27:17.256+0000: [GC (Allocation Failure) 2020-10-28T08:27:17.256+0000: [ParNew: 16388K->4K(18432K), 0.0024901 secs] 457454K->441070K(753544K), 0.0025292 secs] [Times: user=0.00 sys=0.00, real=0.00 secs] 
2020-10-28T08:27:17.276+0000: [GC (Allocation Failure) 2020-10-28T08:27:17.276+0000: [ParNew: 16388K->4K(18432K), 0.0022734 secs] 457454K->441070K(753544K), 0.0023123 secs] [Times: user=0.01 sys=0.00, real=0.00 secs] 
2020-10-28T08:27:17.293+0000: [GC (Allocation Failure) 2020-10-28T08:27:17.293+0000: [ParNew: 16388K->4K(18432K), 0.0023164 secs] 457454K->441070K(753544K), 0.0023600 secs] [Times: user=0.01 sys=0.00, real=0.00 secs] 
2020-10-28T08:27:17.312+0000: [GC (Allocation Failure) 2020-10-28T08:27:17.312+0000: [ParNew: 16388K->4K(18432K), 0.0022179 secs] 457454K->441070K(753544K), 0.0022605 secs] [Times: user=0.00 sys=0.00, real=0.00 secs] 
2020-10-28T08:27:17.329+0000: [GC (Allocation Failure) 2020-10-28T08:27:17.329+0000: [ParNew: 16388K->4K(18432K), 0.0021483 secs] 457454K->441070K(753544K), 0.0021894 secs] [Times: user=0.00 sys=0.00, real=0.00 secs] 
2020-10-28T08:27:17.348+0000: [GC (Allocation Failure) 2020-10-28T08:27:17.348+0000: [ParNew: 16388K->4K(18432K), 0.0021383 secs] 457454K->441070K(753544K), 0.0021790 secs] [Times: user=0.01 sys=0.00, real=0.00 secs] 
2020-10-28T08:27:17.365+0000: [GC (Allocation Failure) 2020-10-28T08:27:17.365+0000: [ParNew: 16388K->4K(18432K), 0.0023139 secs] 457454K->441070K(753544K), 0.0023545 secs] [Times: user=0.00 sys=0.00, real=0.00 secs] 
2020-10-28T08:27:17.384+0000: [GC (Allocation Failure) 2020-10-28T08:27:17.384+0000: [ParNew: 16388K->4K(18432K), 0.0021743 secs] 457454K->441070K(753544K), 0.0022163 secs] [Times: user=0.00 sys=0.00, real=0.00 secs] 
2020-10-28T08:27:17.404+0000: [GC (Allocation Failure) 2020-10-28T08:27:17.404+0000: [ParNew: 16388K->4K(18432K), 0.0021614 secs] 457454K->441070K(753544K), 0.0022031 secs] [Times: user=0.01 sys=0.00, real=0.00 secs] 
2020-10-28T08:27:17.421+0000: [GC (Allocation Failure) 2020-10-28T08:27:17.421+0000: [ParNew: 16388K->4K(18432K), 0.0021915 secs] 457454K->441070K(753544K), 0.0022329 secs] [Times: user=0.01 sys=0.00, real=0.00 secs] 
2020-10-28T08:27:17.438+0000: [GC (Allocation Failure) 2020-10-28T08:27:17.438+0000: [ParNew: 16388K->4K(18432K), 0.0022431 secs] 457454K->441070K(753544K), 0.0022818 secs] [Times: user=0.00 sys=0.00, real=0.01 secs] 
2020-10-28T08:27:17.455+0000: [GC (Allocation Failure) 2020-10-28T08:27:17.455+0000: [ParNew: 16388K->4K(18432K), 0.0023222 secs] 457454K->441070K(753544K), 0.0023655 secs] [Times: user=0.01 sys=0.00, real=0.00 secs] 
2020-10-28T08:27:17.471+0000: [GC (Allocation Failure) 2020-10-28T08:27:17.472+0000: [ParNew: 16388K->4K(18432K), 0.0022006 secs] 457454K->441070K(753544K), 0.0022424 secs] [Times: user=0.01 sys=0.00, real=0.00 secs] 
2020-10-28T08:27:17.482+0000: [GC (Allocation Failure) 2020-10-28T08:27:17.482+0000: [ParNew: 16388K->4K(18432K), 0.0029965 secs] 457454K->449262K(753544K), 0.0030374 secs] [Times: user=0.00 sys=0.00, real=0.00 secs] 
2020-10-28T08:27:17.488+0000: [GC (CMS Initial Mark) [1 CMS-initial-mark: 449258K(735112K)] 449589K(753544K), 0.0011259 secs] [Times: user=0.01 sys=0.00, real=0.00 secs] 
2020-10-28T08:27:17.489+0000: [CMS-concurrent-mark-start]
2020-10-28T08:27:17.509+0000: [GC (Allocation Failure) 2020-10-28T08:27:17.509+0000: [ParNew: 16388K->4K(18432K), 0.0023024 secs] 465646K->449262K(753544K), 0.0023546 secs] [Times: user=0.00 sys=0.00, real=0.00 secs] 
2020-10-28T08:27:17.531+0000: [GC (Allocation Failure) 2020-10-28T08:27:17.531+0000: [ParNew: 16388K->4K(18432K), 0.0023748 secs] 465646K->449262K(753544K), 0.0024201 secs] [Times: user=0.00 sys=0.00, real=0.00 secs] 
2020-10-28T08:27:17.552+0000: [GC (Allocation Failure) 2020-10-28T08:27:17.552+0000: [ParNew: 16388K->4K(18432K), 0.0021912 secs] 465646K->449262K(753544K), 0.0022344 secs] [Times: user=0.00 sys=0.00, real=0.00 secs] 
2020-10-28T08:27:17.573+0000: [GC (Allocation Failure) 2020-10-28T08:27:17.573+0000: [ParNew: 16388K->4K(18432K), 0.0023467 secs] 465646K->449262K(753544K), 0.0023911 secs] [Times: user=0.01 sys=0.00, real=0.00 secs] 
2020-10-28T08:27:17.581+0000: [CMS-concurrent-mark: 0.079/0.092 secs] [Times: user=0.18 sys=0.00, real=0.09 secs] 
2020-10-28T08:27:17.581+0000: [CMS-concurrent-preclean-start]
2020-10-28T08:27:17.583+0000: [CMS-concurrent-preclean: 0.002/0.002 secs] [Times: user=0.00 sys=0.00, real=0.00 secs] 
2020-10-28T08:27:17.584+0000: [CMS-concurrent-abortable-preclean-start]
2020-10-28T08:27:17.597+0000: [GC (Allocation Failure) 2020-10-28T08:27:17.597+0000: [ParNew: 16388K->4K(18432K), 0.0021374 secs] 465646K->449262K(753544K), 0.0021764 secs] [Times: user=0.01 sys=0.00, real=0.00 secs] 
2020-10-28T08:27:17.618+0000: [GC (Allocation Failure) 2020-10-28T08:27:17.618+0000: [ParNew: 16388K->4K(18432K), 0.0023315 secs] 465646K->449262K(753544K), 0.0023740 secs] [Times: user=0.00 sys=0.00, real=0.01 secs] 
2020-10-28T08:27:17.637+0000: [GC (Allocation Failure) 2020-10-28T08:27:17.637+0000: [ParNew: 16388K->4K(18432K), 0.0021847 secs] 465646K->449262K(753544K), 0.0022751 secs] [Times: user=0.01 sys=0.00, real=0.00 secs] 
2020-10-28T08:27:17.658+0000: [GC (Allocation Failure) 2020-10-28T08:27:17.658+0000: [ParNew: 16388K->4K(18432K), 0.0024130 secs] 465646K->449262K(753544K), 0.0024600 secs] [Times: user=0.00 sys=0.00, real=0.01 secs] 
2020-10-28T08:27:17.680+0000: [GC (Allocation Failure) 2020-10-28T08:27:17.680+0000: [ParNew: 16388K->4K(18432K), 0.0022729 secs] 465646K->449262K(753544K), 0.0023159 secs] [Times: user=0.01 sys=0.00, real=0.00 secs] 
2020-10-28T08:27:17.700+0000: [GC (Allocation Failure) 2020-10-28T08:27:17.700+0000: [ParNew: 14791K->4K(18432K), 0.0023355 secs] 464050K->449262K(753544K), 0.0023847 secs] [Times: user=0.00 sys=0.00, real=0.00 secs] 
2020-10-28T08:27:17.713+0000: [GC (Allocation Failure) 2020-10-28T08:27:17.713+0000: [ParNew: 16388K->4K(18432K), 0.0030948 secs] 465646K->457454K(753544K), 0.0031373 secs] [Times: user=0.01 sys=0.00, real=0.00 secs] 
2020-10-28T08:27:17.716+0000: [CMS-concurrent-abortable-preclean: 0.017/0.133 secs] [Times: user=0.23 sys=0.00, real=0.13 secs] 
2020-10-28T08:27:17.716+0000: [GC (CMS Final Remark) [YG occupancy: 200 K (18432 K)]2020-10-28T08:27:17.716+0000: [Rescan (parallel) , 0.0016136 secs]2020-10-28T08:27:17.718+0000: [weak refs processing, 0.0000585 secs]2020-10-28T08:27:17.718+0000: [class unloading, 0.0085528 secs]2020-10-28T08:27:17.727+0000: [scrub symbol table, 0.0094581 secs]2020-10-28T08:27:17.736+0000: [scrub string table, 0.0006045 secs][1 CMS-remark: 457450K(735112K)] 457651K(753544K), 0.0204053 secs] [Times: user=0.02 sys=0.00, real=0.02 secs] 
2020-10-28T08:27:17.741+0000: [CMS-concurrent-sweep-start]
2020-10-28T08:27:17.759+0000: [GC (Allocation Failure) 2020-10-28T08:27:17.759+0000: [ParNew: 16388K->4K(18432K), 0.0028417 secs] 473744K->457360K(753544K), 0.0028869 secs] [Times: user=0.00 sys=0.00, real=0.01 secs] 
2020-10-28T08:27:17.762+0000: [CMS-concurrent-sweep: 0.018/0.021 secs] [Times: user=0.04 sys=0.00, real=0.02 secs] 
2020-10-28T08:27:17.762+0000: [CMS-concurrent-reset-start]
2020-10-28T08:27:17.764+0000: [CMS-concurrent-reset: 0.002/0.002 secs] [Times: user=0.01 sys=0.00, real=0.00 secs] 
2020-10-28T08:27:17.778+0000: [GC (Allocation Failure) 2020-10-28T08:27:17.778+0000: [ParNew: 16388K->4K(18432K), 0.0025892 secs] 440976K->424592K(753544K), 0.0026356 secs] [Times: user=0.00 sys=0.00, real=0.01 secs] 
2020-10-28T08:27:17.797+0000: [GC (Allocation Failure) 2020-10-28T08:27:17.797+0000: [ParNew: 16388K->4K(18432K), 0.0021608 secs] 440976K->424592K(753544K), 0.0022016 secs] [Times: user=0.00 sys=0.00, real=0.00 secs] 
2020-10-28T08:27:17.814+0000: [GC (Allocation Failure) 2020-10-28T08:27:17.814+0000: [ParNew: 16388K->4K(18432K), 0.0022440 secs] 440976K->424592K(753544K), 0.0022835 secs] [Times: user=0.00 sys=0.00, real=0.00 secs] 
2020-10-28T08:27:17.835+0000: [GC (Allocation Failure) 2020-10-28T08:27:17.835+0000: [ParNew: 16388K->4K(18432K), 0.0022782 secs] 440976K->424592K(753544K), 0.0023190 secs] [Times: user=0.00 sys=0.00, real=0.00 secs] 
2020-10-28T08:27:17.853+0000: [GC (Allocation Failure) 2020-10-28T08:27:17.853+0000: [ParNew: 16388K->4K(18432K), 0.0023494 secs] 440976K->424592K(753544K), 0.0023972 secs] [Times: user=0.00 sys=0.00, real=0.00 secs] 
2020-10-28T08:27:17.870+0000: [GC (Allocation Failure) 2020-10-28T08:27:17.870+0000: [ParNew: 16388K->4K(18432K), 0.0022665 secs] 440976K->424592K(753544K), 0.0023079 secs] [Times: user=0.01 sys=0.00, real=0.00 secs] 
2020-10-28T08:27:17.888+0000: [GC (Allocation Failure) 2020-10-28T08:27:17.888+0000: [ParNew: 16388K->4K(18432K), 0.0022871 secs] 440976K->424592K(753544K), 0.0023269 secs] [Times: user=0.00 sys=0.00, real=0.00 secs] 
2020-10-28T08:27:17.905+0000: [GC (Allocation Failure) 2020-10-28T08:27:17.905+0000: [ParNew: 16388K->4K(18432K), 0.0023500 secs] 440976K->424592K(753544K), 0.0024024 secs] [Times: user=0.00 sys=0.00, real=0.00 secs] 
2020-10-28T08:27:17.922+0000: [GC (Allocation Failure) 2020-10-28T08:27:17.922+0000: [ParNew: 16388K->4K(18432K), 0.0022660 secs] 440976K->424592K(753544K), 0.0023119 secs] [Times: user=0.01 sys=0.00, real=0.00 secs] 
2020-10-28T08:27:17.946+0000: [GC (Allocation Failure) 2020-10-28T08:27:17.946+0000: [ParNew: 16388K->4K(18432K), 0.0024589 secs] 440976K->424592K(753544K), 0.0025030 secs] [Times: user=0.00 sys=0.00, real=0.01 secs] 
2020-10-28T08:27:17.963+0000: [GC (Allocation Failure) 2020-10-28T08:27:17.963+0000: [ParNew: 16388K->4K(18432K), 0.0022206 secs] 440976K->424592K(753544K), 0.0022680 secs] [Times: user=0.00 sys=0.00, real=0.00 secs] 
2020-10-28T08:27:17.984+0000: [GC (Allocation Failure) 2020-10-28T08:27:17.984+0000: [ParNew: 16388K->4K(18432K), 0.0022967 secs] 440976K->424592K(753544K), 0.0023393 secs] [Times: user=0.00 sys=0.00, real=0.00 secs] 
2020-10-28T08:27:18.004+0000: [GC (Allocation Failure) 2020-10-28T08:27:18.004+0000: [ParNew: 16388K->4K(18432K), 0.0022870 secs] 440976K->424592K(753544K), 0.0023300 secs] [Times: user=0.01 sys=0.00, real=0.00 secs] 
2020-10-28T08:27:18.022+0000: [GC (Allocation Failure) 2020-10-28T08:27:18.022+0000: [ParNew: 16388K->4K(18432K), 0.0024845 secs] 440976K->424592K(753544K), 0.0025340 secs] [Times: user=0.01 sys=0.00, real=0.00 secs] 
2020-10-28T08:27:18.036+0000: [GC (Allocation Failure) 2020-10-28T08:27:18.036+0000: [ParNew: 16388K->4K(18432K), 0.0032732 secs] 440976K->432784K(753544K), 0.0033147 secs] [Times: user=0.01 sys=0.00, real=0.00 secs] 
2020-10-28T08:27:18.054+0000: [GC (Allocation Failure) 2020-10-28T08:27:18.054+0000: [ParNew: 16388K->4K(18432K), 0.0024034 secs] 449168K->432784K(753544K), 0.0024423 secs] [Times: user=0.00 sys=0.00, real=0.00 secs] 
2020-10-28T08:27:18.071+0000: [GC (Allocation Failure) 2020-10-28T08:27:18.071+0000: [ParNew: 16388K->4K(18432K), 0.0021809 secs] 449168K->432784K(753544K), 0.0022213 secs] [Times: user=0.01 sys=0.00, real=0.00 secs] 
2020-10-28T08:27:18.092+0000: [GC (Allocation Failure) 2020-10-28T08:27:18.092+0000: [ParNew: 16388K->4K(18432K), 0.0023158 secs] 449168K->432784K(753544K), 0.0023781 secs] [Times: user=0.00 sys=0.00, real=0.00 secs] 
2020-10-28T08:27:18.112+0000: [GC (Allocation Failure) 2020-10-28T08:27:18.112+0000: [ParNew: 16388K->4K(18432K), 0.0032809 secs] 449168K->432784K(753544K), 0.0033226 secs] [Times: user=0.01 sys=0.00, real=0.00 secs] 
2020-10-28T08:27:18.132+0000: [GC (Allocation Failure) 2020-10-28T08:27:18.132+0000: [ParNew: 16388K->4K(18432K), 0.0023288 secs] 449168K->432784K(753544K), 0.0023690 secs] [Times: user=0.00 sys=0.00, real=0.00 secs] 
2020-10-28T08:27:18.149+0000: [GC (Allocation Failure) 2020-10-28T08:27:18.149+0000: [ParNew: 16388K->4K(18432K), 0.0022079 secs] 449168K->432784K(753544K), 0.0022498 secs] [Times: user=0.00 sys=0.00, real=0.00 secs] 
2020-10-28T08:27:18.166+0000: [GC (Allocation Failure) 2020-10-28T08:27:18.166+0000: [ParNew: 16388K->4K(18432K), 0.0022222 secs] 449168K->432784K(753544K), 0.0022596 secs] [Times: user=0.01 sys=0.00, real=0.01 secs] 
2020-10-28T08:27:18.184+0000: [GC (Allocation Failure) 2020-10-28T08:27:18.184+0000: [ParNew: 16388K->4K(18432K), 0.0022048 secs] 449168K->432784K(753544K), 0.0022436 secs] [Times: user=0.00 sys=0.00, real=0.00 secs] 
2020-10-28T08:27:18.204+0000: [GC (Allocation Failure) 2020-10-28T08:27:18.204+0000: [ParNew: 16388K->4K(18432K), 0.0022990 secs] 449168K->432784K(753544K), 0.0023395 secs] [Times: user=0.01 sys=0.00, real=0.00 secs] 
2020-10-28T08:27:18.221+0000: [GC (Allocation Failure) 2020-10-28T08:27:18.221+0000: [ParNew: 16388K->4K(18432K), 0.0023326 secs] 449168K->432784K(753544K), 0.0023894 secs] [Times: user=0.00 sys=0.00, real=0.00 secs] 
2020-10-28T08:27:18.238+0000: [GC (Allocation Failure) 2020-10-28T08:27:18.238+0000: [ParNew: 16388K->4K(18432K), 0.0023246 secs] 449168K->432784K(753544K), 0.0023636 secs] [Times: user=0.00 sys=0.00, real=0.01 secs] 
2020-10-28T08:27:18.252+0000: [GC (Allocation Failure) 2020-10-28T08:27:18.252+0000: [ParNew: 16388K->4K(18432K), 0.0028974 secs] 449168K->440976K(753544K), 0.0029393 secs] [Times: user=0.01 sys=0.00, real=0.00 secs] 
2020-10-28T08:27:18.269+0000: [GC (Allocation Failure) 2020-10-28T08:27:18.269+0000: [ParNew: 16388K->4K(18432K), 0.0023330 secs] 457360K->440976K(753544K), 0.0023722 secs] [Times: user=0.01 sys=0.00, real=0.00 secs] 
2020-10-28T08:27:18.286+0000: [GC (Allocation Failure) 2020-10-28T08:27:18.286+0000: [ParNew: 16388K->4K(18432K), 0.0023220 secs] 457360K->440976K(753544K), 0.0023652 secs] [Times: user=0.00 sys=0.00, real=0.01 secs] 
2020-10-28T08:27:18.307+0000: [GC (Allocation Failure) 2020-10-28T08:27:18.307+0000: [ParNew: 16388K->4K(18432K), 0.0023166 secs] 457360K->440976K(753544K), 0.0023600 secs] [Times: user=0.00 sys=0.00, real=0.01 secs] 
2020-10-28T08:27:18.328+0000: [GC (Allocation Failure) 2020-10-28T08:27:18.328+0000: [ParNew: 16388K->4K(18432K), 0.0021514 secs] 457360K->440976K(753544K), 0.0021917 secs] [Times: user=0.00 sys=0.00, real=0.00 secs] 
2020-10-28T08:27:18.348+0000: [GC (Allocation Failure) 2020-10-28T08:27:18.348+0000: [ParNew: 16388K->4K(18432K), 0.0021511 secs] 457360K->440976K(753544K), 0.0021898 secs] [Times: user=0.00 sys=0.00, real=0.00 secs] 
2020-10-28T08:27:18.367+0000: [GC (Allocation Failure) 2020-10-28T08:27:18.367+0000: [ParNew: 16388K->4K(18432K), 0.0022131 secs] 457360K->440976K(753544K), 0.0022544 secs] [Times: user=0.00 sys=0.00, real=0.01 secs] 
2020-10-28T08:27:18.384+0000: [GC (Allocation Failure) 2020-10-28T08:27:18.384+0000: [ParNew: 16388K->4K(18432K), 0.0022482 secs] 457360K->440976K(753544K), 0.0022906 secs] [Times: user=0.01 sys=0.00, real=0.00 secs] 
2020-10-28T08:27:18.404+0000: [GC (Allocation Failure) 2020-10-28T08:27:18.404+0000: [ParNew: 16388K->4K(18432K), 0.0023470 secs] 457360K->440976K(753544K), 0.0023925 secs] [Times: user=0.00 sys=0.00, real=0.00 secs] 
2020-10-28T08:27:18.423+0000: [GC (Allocation Failure) 2020-10-28T08:27:18.423+0000: [ParNew: 16388K->4K(18432K), 0.0023472 secs] 457360K->440976K(753544K), 0.0023899 secs] [Times: user=0.01 sys=0.00, real=0.00 secs] 
2020-10-28T08:27:18.440+0000: [GC (Allocation Failure) 2020-10-28T08:27:18.440+0000: [ParNew: 16224K->4K(18432K), 0.0022922 secs] 457197K->440976K(753544K), 0.0023402 secs] [Times: user=0.01 sys=0.00, real=0.00 secs] 
2020-10-28T08:27:18.460+0000: [GC (Allocation Failure) 2020-10-28T08:27:18.460+0000: [ParNew: 16388K->4K(18432K), 0.0023403 secs] 457360K->440976K(753544K), 0.0023847 secs] [Times: user=0.00 sys=0.00, real=0.00 secs] 
2020-10-28T08:27:18.477+0000: [GC (Allocation Failure) 2020-10-28T08:27:18.477+0000: [ParNew: 16388K->4K(18432K), 0.0023340 secs] 457360K->440976K(753544K), 0.0023845 secs] [Times: user=0.01 sys=0.00, real=0.00 secs] 
2020-10-28T08:27:18.496+0000: [GC (Allocation Failure) 2020-10-28T08:27:18.496+0000: [ParNew: 16388K->4K(18432K), 0.0022489 secs] 457360K->440976K(753544K), 0.0022885 secs] [Times: user=0.00 sys=0.00, real=0.00 secs] 
2020-10-28T08:27:18.513+0000: [GC (Allocation Failure) 2020-10-28T08:27:18.513+0000: [ParNew: 16388K->4K(18432K), 0.0022748 secs] 457360K->440976K(753544K), 0.0023166 secs] [Times: user=0.00 sys=0.00, real=0.00 secs] 
2020-10-28T08:27:18.527+0000: [GC (Allocation Failure) 2020-10-28T08:27:18.527+0000: [ParNew: 12687K->4K(18432K), 0.0020260 secs] 453660K->440976K(753544K), 0.0020715 secs] [Times: user=0.00 sys=0.00, real=0.01 secs] 
2020-10-28T08:27:18.540+0000: [GC (Allocation Failure) 2020-10-28T08:27:18.540+0000: [ParNew: 16388K->4K(18432K), 0.0028956 secs] 457360K->449168K(753544K), 0.0029357 secs] [Times: user=0.00 sys=0.00, real=0.00 secs] 
2020-10-28T08:27:18.543+0000: [GC (CMS Initial Mark) [1 CMS-initial-mark: 449164K(735112K)] 449494K(753544K), 0.0011545 secs] [Times: user=0.00 sys=0.00, real=0.00 secs] 
2020-10-28T08:27:18.544+0000: [CMS-concurrent-mark-start]
2020-10-28T08:27:18.570+0000: [GC (Allocation Failure) 2020-10-28T08:27:18.570+0000: [ParNew: 16388K->4K(18432K), 0.0023510 secs] 465552K->449168K(753544K), 0.0023985 secs] [Times: user=0.00 sys=0.00, real=0.00 secs] 
2020-10-28T08:27:18.590+0000: [GC (Allocation Failure) 2020-10-28T08:27:18.590+0000: [ParNew: 16388K->4K(18432K), 0.0022239 secs] 465552K->449168K(753544K), 0.0022695 secs] [Times: user=0.00 sys=0.00, real=0.00 secs] 
2020-10-28T08:27:18.614+0000: [CMS-concurrent-mark: 0.065/0.070 secs] [Times: user=0.14 sys=0.00, real=0.07 secs] 
2020-10-28T08:27:18.614+0000: [GC (Allocation Failure) 2020-10-28T08:27:18.614+0000: [ParNew: 16388K->4K(18432K), 0.0024778 secs] 465552K->449168K(753544K), 0.0025143 secs] [Times: user=0.01 sys=0.00, real=0.00 secs] 
2020-10-28T08:27:18.631+0000: [CMS-concurrent-preclean-start]
2020-10-28T08:27:18.632+0000: [GC (Allocation Failure) 2020-10-28T08:27:18.632+0000: [ParNew: 16388K->4K(18432K), 0.0019851 secs] 465552K->449168K(753544K), 0.0020232 secs] [Times: user=0.00 sys=0.00, real=0.00 secs] 
2020-10-28T08:27:18.636+0000: [CMS-concurrent-preclean: 0.003/0.005 secs] [Times: user=0.01 sys=0.00, real=0.00 secs] 
2020-10-28T08:27:18.644+0000: [GC (CMS Final Remark) [YG occupancy: 5031 K (18432 K)]2020-10-28T08:27:18.644+0000: [Rescan (parallel) , 0.0044908 secs]2020-10-28T08:27:18.648+0000: [weak refs processing, 0.0000251 secs]2020-10-28T08:27:18.648+0000: [class unloading, 0.0075242 secs]2020-10-28T08:27:18.656+0000: [scrub symbol table, 0.0086167 secs]2020-10-28T08:27:18.664+0000: [scrub string table, 0.0005569 secs][1 CMS-remark: 449164K(735112K)] 454195K(753544K), 0.0213101 secs] [Times: user=0.03 sys=0.00, real=0.02 secs] 
2020-10-28T08:27:18.670+0000: [CMS-concurrent-sweep-start]
2020-10-28T08:27:18.680+0000: [GC (Allocation Failure) 2020-10-28T08:27:18.680+0000: [ParNew: 16388K->4K(18432K), 0.0024450 secs] 465552K->449168K(753544K), 0.0024885 secs] [Times: user=0.00 sys=0.00, real=0.00 secs] 
2020-10-28T08:27:18.685+0000: [CMS-concurrent-sweep: 0.012/0.014 secs] [Times: user=0.04 sys=0.00, real=0.01 secs] 
2020-10-28T08:27:18.685+0000: [CMS-concurrent-reset-start]
2020-10-28T08:27:18.687+0000: [CMS-concurrent-reset: 0.002/0.002 secs] [Times: user=0.00 sys=0.00, real=0.00 secs] 
2020-10-28T08:27:18.704+0000: [GC (Allocation Failure) 2020-10-28T08:27:18.704+0000: [ParNew: 16388K->4K(18432K), 0.0025137 secs] 465552K->449168K(767040K), 0.0025588 secs] [Times: user=0.01 sys=0.00, real=0.00 secs] 
2020-10-28T08:27:18.721+0000: [GC (Allocation Failure) 2020-10-28T08:27:18.721+0000: [ParNew: 16388K->4K(18432K), 0.0021844 secs] 465552K->449168K(767040K), 0.0022260 secs] [Times: user=0.01 sys=0.00, real=0.00 secs] 
2020-10-28T08:27:18.740+0000: [GC (Allocation Failure) 2020-10-28T08:27:18.740+0000: [ParNew: 16388K->4K(18432K), 0.0022564 secs] 465552K->449168K(767040K), 0.0022988 secs] [Times: user=0.00 sys=0.00, real=0.00 secs] 
2020-10-28T08:27:18.757+0000: [GC (Allocation Failure) 2020-10-28T08:27:18.757+0000: [ParNew: 16388K->4K(18432K), 0.0022461 secs] 465552K->449168K(767040K), 0.0022959 secs] [Times: user=0.00 sys=0.00, real=0.00 secs] 
2020-10-28T08:27:18.780+0000: [GC (Allocation Failure) 2020-10-28T08:27:18.780+0000: [ParNew: 14242K->4K(18432K), 0.0023414 secs] 463407K->449168K(767040K), 0.0024010 secs] [Times: user=0.00 sys=0.00, real=0.00 secs] 
2020-10-28T08:27:18.792+0000: [GC (Allocation Failure) 2020-10-28T08:27:18.792+0000: [ParNew: 16388K->4K(18432K), 0.0029670 secs] 465552K->457360K(767040K), 0.0030224 secs] [Times: user=0.00 sys=0.01, real=0.00 secs] 
2020-10-28T08:27:18.821+0000: [GC (Allocation Failure) 2020-10-28T08:27:18.821+0000: [ParNew: 16388K->4K(18432K), 0.0023713 secs] 473744K->457360K(767040K), 0.0024314 secs] [Times: user=0.01 sys=0.00, real=0.00 secs] 
2020-10-28T08:27:18.840+0000: [GC (Allocation Failure) 2020-10-28T08:27:18.840+0000: [ParNew: 16388K->4K(18432K), 0.0022543 secs] 473744K->457360K(767040K), 0.0022980 secs] [Times: user=0.00 sys=0.00, real=0.00 secs] 
2020-10-28T08:27:18.857+0000: [GC (Allocation Failure) 2020-10-28T08:27:18.857+0000: [ParNew: 16388K->4K(18432K), 0.0023472 secs] 473744K->457360K(767040K), 0.0023928 secs] [Times: user=0.00 sys=0.00, real=0.00 secs] 
2020-10-28T08:27:18.874+0000: [GC (Allocation Failure) 2020-10-28T08:27:18.874+0000: [ParNew: 16388K->4K(18432K), 0.0023984 secs] 473744K->457360K(767040K), 0.0024428 secs] [Times: user=0.01 sys=0.00, real=0.00 secs] 
2020-10-28T08:27:18.891+0000: [GC (Allocation Failure) 2020-10-28T08:27:18.891+0000: [ParNew: 16388K->4K(18432K), 0.0022752 secs] 473744K->457360K(767040K), 0.0023180 secs] [Times: user=0.00 sys=0.00, real=0.00 secs] 
2020-10-28T08:27:18.908+0000: [GC (Allocation Failure) 2020-10-28T08:27:18.908+0000: [ParNew: 16388K->4K(18432K), 0.0023729 secs] 473744K->457360K(767040K), 0.0024188 secs] [Times: user=0.00 sys=0.00, real=0.00 secs] 
2020-10-28T08:27:18.925+0000: [GC (Allocation Failure) 2020-10-28T08:27:18.925+0000: [ParNew: 16388K->4K(18432K), 0.0023488 secs] 473744K->457360K(767040K), 0.0023891 secs] [Times: user=0.00 sys=0.00, real=0.00 secs] 
2020-10-28T08:27:18.942+0000: [GC (Allocation Failure) 2020-10-28T08:27:18.942+0000: [ParNew: 16388K->4K(18432K), 0.0023034 secs] 473744K->457360K(767040K), 0.0023430 secs] [Times: user=0.01 sys=0.00, real=0.00 secs] 
2020-10-28T08:27:18.960+0000: [GC (Allocation Failure) 2020-10-28T08:27:18.960+0000: [ParNew: 16388K->4K(18432K), 0.0021751 secs] 473744K->457360K(767040K), 0.0022161 secs] [Times: user=0.00 sys=0.00, real=0.00 secs] 
2020-10-28T08:27:18.980+0000: [GC (Allocation Failure) 2020-10-28T08:27:18.980+0000: [ParNew: 16388K->4K(18432K), 0.0023108 secs] 473744K->457360K(767040K), 0.0023545 secs] [Times: user=0.01 sys=0.00, real=0.00 secs] 
2020-10-28T08:27:19.000+0000: [GC (Allocation Failure) 2020-10-28T08:27:19.000+0000: [ParNew: 16388K->4K(18432K), 0.0022270 secs] 473744K->457360K(767040K), 0.0022689 secs] [Times: user=0.00 sys=0.00, real=0.00 secs] 
2020-10-28T08:27:19.017+0000: [GC (Allocation Failure) 2020-10-28T08:27:19.017+0000: [ParNew: 16388K->4K(18432K), 0.0022460 secs] 473744K->457360K(767040K), 0.0022884 secs] [Times: user=0.00 sys=0.00, real=0.00 secs] 
2020-10-28T08:27:19.036+0000: [GC (Allocation Failure) 2020-10-28T08:27:19.036+0000: [ParNew: 16388K->4K(18432K), 0.0021875 secs] 473744K->457360K(767040K), 0.0022285 secs] [Times: user=0.00 sys=0.00, real=0.00 secs] 
2020-10-28T08:27:19.056+0000: [GC (Allocation Failure) 2020-10-28T08:27:19.056+0000: [ParNew: 16388K->4K(18432K), 0.0021862 secs] 473744K->457360K(767040K), 0.0022270 secs] [Times: user=0.01 sys=0.00, real=0.00 secs] 
2020-10-28T08:27:19.076+0000: [GC (Allocation Failure) 2020-10-28T08:27:19.076+0000: [ParNew: 16388K->4K(18432K), 0.0021499 secs] 473744K->457360K(767040K), 0.0021899 secs] [Times: user=0.00 sys=0.00, real=0.00 secs] 
2020-10-28T08:27:19.092+0000: [GC (Allocation Failure) 2020-10-28T08:27:19.092+0000: [ParNew: 14871K->4K(18432K), 0.0021963 secs] 472228K->457360K(767040K), 0.0022641 secs] [Times: user=0.00 sys=0.00, real=0.00 secs] 
2020-10-28T08:27:19.102+0000: [GC (Allocation Failure) 2020-10-28T08:27:19.102+0000: [ParNew: 16388K->4K(18432K), 0.0029301 secs] 473744K->465552K(767040K), 0.0029695 secs] [Times: user=0.00 sys=0.00, real=0.00 secs] 
2020-10-28T08:27:19.119+0000: [GC (Allocation Failure) 2020-10-28T08:27:19.119+0000: [ParNew: 16388K->4K(18432K), 0.0022485 secs] 481936K->465552K(767040K), 0.0022865 secs] [Times: user=0.01 sys=0.00, real=0.01 secs] 
2020-10-28T08:27:19.136+0000: [GC (Allocation Failure) 2020-10-28T08:27:19.136+0000: [ParNew: 16388K->4K(18432K), 0.0021460 secs] 481936K->465552K(767040K), 0.0021864 secs] [Times: user=0.01 sys=0.00, real=0.00 secs] 
2020-10-28T08:27:19.157+0000: [GC (Allocation Failure) 2020-10-28T08:27:19.157+0000: [ParNew: 16388K->4K(18432K), 0.0043486 secs] 481936K->465552K(767040K), 0.0043997 secs] [Times: user=0.00 sys=0.00, real=0.01 secs] 
2020-10-28T08:27:19.188+0000: [GC (Allocation Failure) 2020-10-28T08:27:19.188+0000: [ParNew: 16388K->4K(18432K), 0.0024144 secs] 481936K->465552K(767040K), 0.0024614 secs] [Times: user=0.00 sys=0.00, real=0.00 secs] 
2020-10-28T08:27:19.205+0000: [GC (Allocation Failure) 2020-10-28T08:27:19.205+0000: [ParNew: 16388K->4K(18432K), 0.0023897 secs] 481936K->465552K(767040K), 0.0024294 secs] [Times: user=0.00 sys=0.00, real=0.00 secs] 
2020-10-28T08:27:19.222+0000: [GC (Allocation Failure) 2020-10-28T08:27:19.222+0000: [ParNew: 16388K->4K(18432K), 0.0023701 secs] 481936K->465552K(767040K), 0.0024132 secs] [Times: user=0.01 sys=0.00, real=0.00 secs] 
2020-10-28T08:27:19.240+0000: [GC (Allocation Failure) 2020-10-28T08:27:19.240+0000: [ParNew: 16388K->4K(18432K), 0.0023360 secs] 481936K->465552K(767040K), 0.0023768 secs] [Times: user=0.00 sys=0.00, real=0.00 secs] 
2020-10-28T08:27:19.260+0000: [GC (Allocation Failure) 2020-10-28T08:27:19.260+0000: [ParNew: 16388K->4K(18432K), 0.0022833 secs] 481936K->465552K(767040K), 0.0023234 secs] [Times: user=0.01 sys=0.00, real=0.00 secs] 
2020-10-28T08:27:19.274+0000: [GC (Allocation Failure) 2020-10-28T08:27:19.274+0000: [ParNew: 12856K->4K(18432K), 0.0022830 secs] 478405K->465552K(767040K), 0.0023203 secs] [Times: user=0.00 sys=0.00, real=0.00 secs] 
2020-10-28T08:27:19.288+0000: [GC (Allocation Failure) 2020-10-28T08:27:19.288+0000: [ParNew: 16388K->4K(18432K), 0.0029795 secs] 481936K->473744K(767040K), 0.0030199 secs] [Times: user=0.01 sys=0.00, real=0.00 secs] 
2020-10-28T08:27:19.305+0000: [GC (Allocation Failure) 2020-10-28T08:27:19.305+0000: [ParNew: 16388K->4K(18432K), 0.0023356 secs] 490128K->473744K(767040K), 0.0023826 secs] [Times: user=0.00 sys=0.00, real=0.01 secs] 
2020-10-28T08:27:19.322+0000: [GC (Allocation Failure) 2020-10-28T08:27:19.322+0000: [ParNew: 16388K->4K(18432K), 0.0022291 secs] 490128K->473744K(767040K), 0.0022706 secs] [Times: user=0.01 sys=0.00, real=0.00 secs] 
2020-10-28T08:27:19.339+0000: [GC (Allocation Failure) 2020-10-28T08:27:19.339+0000: [ParNew: 16388K->4K(18432K), 0.0021588 secs] 490128K->473744K(767040K), 0.0021997 secs] [Times: user=0.00 sys=0.00, real=0.01 secs] 
2020-10-28T08:27:19.356+0000: [GC (Allocation Failure) 2020-10-28T08:27:19.356+0000: [ParNew: 16388K->4K(18432K), 0.0021359 secs] 490128K->473744K(767040K), 0.0021764 secs] [Times: user=0.00 sys=0.00, real=0.00 secs] 
2020-10-28T08:27:19.376+0000: [GC (Allocation Failure) 2020-10-28T08:27:19.376+0000: [ParNew: 16388K->4K(18432K), 0.0021810 secs] 490128K->473744K(767040K), 0.0022201 secs] [Times: user=0.01 sys=0.00, real=0.00 secs] 
2020-10-28T08:27:19.393+0000: [GC (Allocation Failure) 2020-10-28T08:27:19.393+0000: [ParNew: 16388K->4K(18432K), 0.0022057 secs] 490128K->473744K(767040K), 0.0022451 secs] [Times: user=0.00 sys=0.00, real=0.00 secs] 
2020-10-28T08:27:19.409+0000: [GC (Allocation Failure) 2020-10-28T08:27:19.409+0000: [ParNew: 16388K->4K(18432K), 0.0022119 secs] 490128K->473744K(767040K), 0.0022515 secs] [Times: user=0.00 sys=0.01, real=0.00 secs] 
2020-10-28T08:27:19.429+0000: [GC (Allocation Failure) 2020-10-28T08:27:19.429+0000: [ParNew: 16388K->1077K(18432K), 0.0025802 secs] 490128K->474818K(767040K), 0.0026277 secs] [Times: user=0.01 sys=0.00, real=0.00 secs] 
2020-10-28T08:27:19.458+0000: [GC (Allocation Failure) 2020-10-28T08:27:19.458+0000: [ParNew: 17461K->117K(18432K), 0.0027525 secs] 491202K->474886K(767040K), 0.0027987 secs] [Times: user=0.00 sys=0.00, real=0.01 secs] 
2020-10-28T08:27:19.492+0000: [GC (Allocation Failure) 2020-10-28T08:27:19.492+0000: [ParNew: 16501K->102K(18432K), 0.0024904 secs] 491270K->474871K(767040K), 0.0025396 secs] [Times: user=0.00 sys=0.00, real=0.00 secs] 
2020-10-28T08:27:19.524+0000: [GC (Allocation Failure) 2020-10-28T08:27:19.524+0000: [ParNew: 16486K->102K(18432K), 0.0024668 secs] 491255K->474871K(767040K), 0.0025270 secs] [Times: user=0.00 sys=0.00, real=0.00 secs] 
2020-10-28T08:27:19.556+0000: [GC (Allocation Failure) 2020-10-28T08:27:19.556+0000: [ParNew: 16486K->102K(18432K), 0.0024121 secs] 491255K->474872K(767040K), 0.0024582 secs] [Times: user=0.00 sys=0.00, real=0.00 secs] 
2020-10-28T08:27:19.580+0000: [GC (Allocation Failure) 2020-10-28T08:27:19.580+0000: [ParNew: 11916K->104K(18432K), 0.0022533 secs] 486685K->474874K(767040K), 0.0022955 secs] [Times: user=0.00 sys=0.00, real=0.00 secs] 
2020-10-28T08:27:19.600+0000: [GC (Allocation Failure) 2020-10-28T08:27:19.600+0000: [ParNew: 16488K->107K(18432K), 0.0030536 secs] 491258K->483069K(767040K), 0.0030969 secs] [Times: user=0.00 sys=0.00, real=0.00 secs] 
2020-10-28T08:27:19.632+0000: [GC (Allocation Failure) 2020-10-28T08:27:19.632+0000: [ParNew: 16491K->6K(18432K), 0.0024260 secs] 499453K->483067K(767040K), 0.0024713 secs] [Times: user=0.00 sys=0.00, real=0.00 secs] 
2020-10-28T08:27:19.664+0000: [GC (Allocation Failure) 2020-10-28T08:27:19.664+0000: [ParNew: 16390K->6K(18432K), 0.0024983 secs] 499451K->483067K(767040K), 0.0025491 secs] [Times: user=0.00 sys=0.00, real=0.00 secs] 
2020-10-28T08:27:19.694+0000: [GC (Allocation Failure) 2020-10-28T08:27:19.694+0000: [ParNew: 16390K->6K(18432K), 0.0024667 secs] 499451K->483067K(767040K), 0.0025167 secs] [Times: user=0.00 sys=0.00, real=0.00 secs] 
2020-10-28T08:27:19.820+0000: [GC (Allocation Failure) 2020-10-28T08:27:19.820+0000: [ParNew: 16390K->1126K(18432K), 0.0027155 secs] 499451K->484187K(767040K), 0.0027653 secs] [Times: user=0.00 sys=0.00, real=0.00 secs] 
2020-10-28T08:27:20.209+0000: [GC (Allocation Failure) 2020-10-28T08:27:20.209+0000: [ParNew: 17510K->2K(18432K), 0.0027914 secs] 500571K->484189K(767040K), 0.0028461 secs] [Times: user=0.01 sys=0.00, real=0.00 secs] 
2020-10-28T08:27:20.495+0000: [GC (Allocation Failure) 2020-10-28T08:27:20.495+0000: [ParNew: 16386K->2K(18432K), 0.0025342 secs] 500573K->484189K(767040K), 0.0025783 secs] [Times: user=0.00 sys=0.00, real=0.00 secs] 
2020-10-28T08:27:21.351+0000: [GC (Allocation Failure) 2020-10-28T08:27:21.351+0000: [ParNew: 16386K->152K(18432K), 0.0025815 secs] 566109K->549876K(767040K), 0.0026285 secs] [Times: user=0.00 sys=0.00, real=0.00 secs] 
2020-10-28T08:27:21.356+0000: [GC (CMS Initial Mark) [1 CMS-initial-mark: 549723K(748608K)] 549876K(767040K), 0.0011383 secs] [Times: user=0.01 sys=0.00, real=0.00 secs] 
2020-10-28T08:27:21.357+0000: [CMS-concurrent-mark-start]
2020-10-28T08:27:21.396+0000: [GC (Allocation Failure) 2020-10-28T08:27:21.396+0000: [ParNew: 17114K->266K(18432K), 0.0023962 secs] 566837K->549989K(767040K), 0.0024405 secs] [Times: user=0.00 sys=0.01, real=0.00 secs] 
2020-10-28T08:27:21.424+0000: [GC (Allocation Failure) 2020-10-28T08:27:21.424+0000: [ParNew: 16650K->521K(18432K), 0.0025278 secs] 566373K->550244K(767040K), 0.0025726 secs] [Times: user=0.00 sys=0.00, real=0.00 secs] 
2020-10-28T08:27:21.435+0000: [CMS-concurrent-mark: 0.073/0.078 secs] [Times: user=0.13 sys=0.01, real=0.08 secs] 
2020-10-28T08:27:21.435+0000: [CMS-concurrent-preclean-start]
2020-10-28T08:27:21.438+0000: [CMS-concurrent-preclean: 0.002/0.002 secs] [Times: user=0.01 sys=0.00, real=0.00 secs] 
2020-10-28T08:27:21.442+0000: [GC (CMS Final Remark) [YG occupancy: 1343 K (18432 K)]2020-10-28T08:27:21.442+0000: [Rescan (parallel) , 0.0021739 secs]2020-10-28T08:27:21.444+0000: [weak refs processing, 0.0000268 secs]2020-10-28T08:27:21.444+0000: [class unloading, 0.0075659 secs]2020-10-28T08:27:21.452+0000: [scrub symbol table, 0.0085820 secs]2020-10-28T08:27:21.460+0000: [scrub string table, 0.0005545 secs][1 CMS-remark: 549723K(748608K)] 551066K(767040K), 0.0190200 secs] [Times: user=0.01 sys=0.00, real=0.02 secs] 
2020-10-28T08:27:21.468+0000: [CMS-concurrent-sweep-start]
2020-10-28T08:27:21.480+0000: [CMS-concurrent-sweep: 0.012/0.012 secs] [Times: user=0.02 sys=0.00, real=0.01 secs] 
2020-10-28T08:27:21.480+0000: [CMS-concurrent-reset-start]
2020-10-28T08:27:21.482+0000: [CMS-concurrent-reset: 0.002/0.002 secs] [Times: user=0.00 sys=0.00, real=0.00 secs] 
2020-10-28T08:27:21.498+0000: [GC (Allocation Failure) 2020-10-28T08:27:21.499+0000: [ParNew: 16905K->1033K(18432K), 0.0030059 secs] 565503K->549631K(896640K), 0.0030478 secs] [Times: user=0.00 sys=0.00, real=0.01 secs] 
2020-10-28T08:27:21.526+0000: [GC (Allocation Failure) 2020-10-28T08:27:21.526+0000: [ParNew: 17417K->1030K(18432K), 0.0030665 secs] 566015K->549634K(896640K), 0.0031211 secs] [Times: user=0.01 sys=0.00, real=0.01 secs] 
2020-10-28T08:27:21.556+0000: [GC (Allocation Failure) 2020-10-28T08:27:21.556+0000: [ParNew: 17414K->4K(18432K), 0.0029612 secs] 566018K->549632K(896640K), 0.0030046 secs] [Times: user=0.01 sys=0.00, real=0.00 secs] 
2020-10-28T08:27:21.584+0000: [GC (Allocation Failure) 2020-10-28T08:27:21.584+0000: [ParNew: 16388K->4K(18432K), 0.0027588 secs] 566016K->549632K(896640K), 0.0028000 secs] [Times: user=0.00 sys=0.00, real=0.00 secs] 
2020-10-28T08:27:21.613+0000: [GC (Allocation Failure) 2020-10-28T08:27:21.613+0000: [ParNew: 16388K->4K(18432K), 0.0041021 secs] 566016K->549632K(896640K), 0.0041433 secs] [Times: user=0.01 sys=0.00, real=0.00 secs] 
2020-10-28T08:27:21.645+0000: [GC (Allocation Failure) 2020-10-28T08:27:21.645+0000: [ParNew: 16388K->4K(18432K), 0.0032045 secs] 566016K->551680K(896640K), 0.0032460 secs] [Times: user=0.01 sys=0.00, real=0.01 secs] 
2020-10-28T08:27:21.674+0000: [GC (Allocation Failure) 2020-10-28T08:27:21.674+0000: [ParNew: 16388K->4K(18432K), 0.0034083 secs] 568064K->551680K(896640K), 0.0034485 secs] [Times: user=0.00 sys=0.00, real=0.00 secs] 
2020-10-28T08:27:21.703+0000: [GC (Allocation Failure) 2020-10-28T08:27:21.703+0000: [ParNew: 16388K->4K(18432K), 0.0027985 secs] 568064K->551680K(896640K), 0.0028436 secs] [Times: user=0.01 sys=0.00, real=0.00 secs] 
2020-10-28T08:27:21.736+0000: [GC (Allocation Failure) 2020-10-28T08:27:21.736+0000: [ParNew: 16388K->4K(18432K), 0.0027854 secs] 568064K->551680K(896640K), 0.0028276 secs] [Times: user=0.01 sys=0.00, real=0.00 secs] 
2020-10-28T08:27:21.768+0000: [GC (Allocation Failure) 2020-10-28T08:27:21.768+0000: [ParNew: 16388K->4K(18432K), 0.0028008 secs] 568064K->551680K(896640K), 0.0028433 secs] [Times: user=0.01 sys=0.00, real=0.00 secs] 
2020-10-28T08:27:21.794+0000: [GC (Allocation Failure) 2020-10-28T08:27:21.794+0000: [ParNew: 16388K->70K(18432K), 0.0028243 secs] 568064K->551746K(896640K), 0.0028842 secs] [Times: user=0.00 sys=0.00, real=0.00 secs] 
2020-10-28T08:27:21.816+0000: [GC (Allocation Failure) 2020-10-28T08:27:21.816+0000: [ParNew: 16454K->262K(18432K), 0.0026974 secs] 568130K->551938K(896640K), 0.0027407 secs] [Times: user=0.00 sys=0.00, real=0.00 secs] 
2020-10-28T08:27:21.833+0000: [GC (Allocation Failure) 2020-10-28T08:27:21.833+0000: [ParNew: 16646K->260K(18432K), 0.0027458 secs] 568322K->551936K(896640K), 0.0027879 secs] [Times: user=0.00 sys=0.00, real=0.00 secs] 
2020-10-28T08:27:21.855+0000: [GC (Allocation Failure) 2020-10-28T08:27:21.855+0000: [ParNew: 16644K->262K(18432K), 0.0026466 secs] 568320K->551938K(896640K), 0.0026882 secs] [Times: user=0.00 sys=0.00, real=0.00 secs] 
2020-10-28T08:27:21.876+0000: [GC (Allocation Failure) 2020-10-28T08:27:21.876+0000: [ParNew: 16646K->1030K(18432K), 0.0028819 secs] 568322K->552706K(896640K), 0.0029350 secs] [Times: user=0.00 sys=0.00, real=0.00 secs] 
2020-10-28T08:27:21.894+0000: [GC (Allocation Failure) 2020-10-28T08:27:21.894+0000: [ParNew: 17414K->4K(18432K), 0.0027289 secs] 569090K->552193K(896640K), 0.0027793 secs] [Times: user=0.01 sys=0.00, real=0.00 secs] 
2020-10-28T08:27:21.908+0000: [GC (Allocation Failure) 2020-10-28T08:27:21.908+0000: [ParNew: 16388K->4K(18432K), 0.0032395 secs] 568577K->556289K(896640K), 0.0032830 secs] [Times: user=0.01 sys=0.00, real=0.00 secs] 
2020-10-28T08:27:21.926+0000: [GC (Allocation Failure) 2020-10-28T08:27:21.926+0000: [ParNew: 16388K->4K(18432K), 0.0028209 secs] 572673K->556289K(896640K), 0.0028653 secs] [Times: user=0.00 sys=0.00, real=0.01 secs] 
2020-10-28T08:27:21.944+0000: [GC (Allocation Failure) 2020-10-28T08:27:21.944+0000: [ParNew: 16388K->4K(18432K), 0.0026588 secs] 572673K->556289K(896640K), 0.0026996 secs] [Times: user=0.01 sys=0.00, real=0.00 secs] 
2020-10-28T08:27:21.964+0000: [GC (Allocation Failure) 2020-10-28T08:27:21.964+0000: [ParNew: 16388K->4K(18432K), 0.0026481 secs] 572673K->556289K(896640K), 0.0026905 secs] [Times: user=0.00 sys=0.00, real=0.00 secs] 
2020-10-28T08:27:21.984+0000: [GC (Allocation Failure) 2020-10-28T08:27:21.984+0000: [ParNew: 16388K->4K(18432K), 0.0026180 secs] 572673K->556289K(896640K), 0.0026599 secs] [Times: user=0.01 sys=0.00, real=0.00 secs] 
2020-10-28T08:27:22.004+0000: [GC (Allocation Failure) 2020-10-28T08:27:22.004+0000: [ParNew: 16388K->4K(18432K), 0.0026309 secs] 572673K->556289K(896640K), 0.0026739 secs] [Times: user=0.00 sys=0.00, real=0.00 secs] 
2020-10-28T08:27:22.024+0000: [GC (Allocation Failure) 2020-10-28T08:27:22.024+0000: [ParNew: 16388K->4K(18432K), 0.0026388 secs] 572673K->556290K(896640K), 0.0026805 secs] [Times: user=0.00 sys=0.00, real=0.00 secs] 
2020-10-28T08:27:22.044+0000: [GC (Allocation Failure) 2020-10-28T08:27:22.044+0000: [ParNew: 16388K->4K(18432K), 0.0026239 secs] 572674K->556290K(896640K), 0.0026649 secs] [Times: user=0.00 sys=0.00, real=0.00 secs] 
2020-10-28T08:27:22.061+0000: [GC (Allocation Failure) 2020-10-28T08:27:22.061+0000: [ParNew: 16388K->4K(18432K), 0.0026337 secs] 572674K->556290K(896640K), 0.0026816 secs] [Times: user=0.00 sys=0.00, real=0.00 secs] 
2020-10-28T08:27:22.078+0000: [GC (Allocation Failure) 2020-10-28T08:27:22.078+0000: [ParNew: 16388K->4K(18432K), 0.0026109 secs] 572674K->556290K(896640K), 0.0026573 secs] [Times: user=0.01 sys=0.00, real=0.01 secs] 
2020-10-28T08:27:22.096+0000: [GC (Allocation Failure) 2020-10-28T08:27:22.096+0000: [ParNew: 16388K->4K(18432K), 0.0026368 secs] 572674K->556290K(896640K), 0.0026778 secs] [Times: user=0.00 sys=0.00, real=0.00 secs] 
2020-10-28T08:27:22.114+0000: [GC (Allocation Failure) 2020-10-28T08:27:22.114+0000: [ParNew: 16388K->4K(18432K), 0.0025573 secs] 572674K->556290K(896640K), 0.0026005 secs] [Times: user=0.01 sys=0.00, real=0.00 secs] 
2020-10-28T08:27:22.131+0000: [GC (Allocation Failure) 2020-10-28T08:27:22.131+0000: [ParNew: 16388K->4K(18432K), 0.0025882 secs] 572674K->556290K(896640K), 0.0026308 secs] [Times: user=0.00 sys=0.00, real=0.00 secs] 
2020-10-28T08:27:22.149+0000: [GC (Allocation Failure) 2020-10-28T08:27:22.149+0000: [ParNew: 16388K->4K(18432K), 0.0024753 secs] 572674K->556290K(896640K), 0.0025228 secs] [Times: user=0.01 sys=0.00, real=0.00 secs] 
2020-10-28T08:27:22.166+0000: [GC (Allocation Failure) 2020-10-28T08:27:22.166+0000: [ParNew: 16388K->4K(18432K), 0.0025269 secs] 572674K->556290K(896640K), 0.0025762 secs] [Times: user=0.01 sys=0.00, real=0.01 secs] 
2020-10-28T08:27:22.184+0000: [GC (Allocation Failure) 2020-10-28T08:27:22.184+0000: [ParNew: 16388K->4K(18432K), 0.0025483 secs] 572674K->556290K(896640K), 0.0025883 secs] [Times: user=0.00 sys=0.00, real=0.00 secs] 
2020-10-28T08:27:22.201+0000: [GC (Allocation Failure) 2020-10-28T08:27:22.201+0000: [ParNew: 16388K->4K(18432K), 0.0025856 secs] 572674K->556290K(896640K), 0.0026238 secs] [Times: user=0.00 sys=0.00, real=0.00 secs] 
2020-10-28T08:27:22.219+0000: [GC (Allocation Failure) 2020-10-28T08:27:22.219+0000: [ParNew: 16388K->4K(18432K), 0.0025472 secs] 572674K->556290K(896640K), 0.0025871 secs] [Times: user=0.00 sys=0.00, real=0.01 secs] 
2020-10-28T08:27:22.240+0000: [GC (Allocation Failure) 2020-10-28T08:27:22.240+0000: [ParNew: 16388K->4K(18432K), 0.0026353 secs] 572674K->556290K(896640K), 0.0026809 secs] [Times: user=0.01 sys=0.00, real=0.00 secs] 
2020-10-28T08:27:22.257+0000: [GC (Allocation Failure) 2020-10-28T08:27:22.257+0000: [ParNew: 16388K->4K(18432K), 0.0025508 secs] 572674K->556290K(896640K), 0.0025925 secs] [Times: user=0.00 sys=0.00, real=0.01 secs] 
2020-10-28T08:27:22.275+0000: [GC (Allocation Failure) 2020-10-28T08:27:22.276+0000: [ParNew: 16388K->4K(18432K), 0.0025437 secs] 572674K->556290K(896640K), 0.0025875 secs] [Times: user=0.01 sys=0.00, real=0.00 secs] 
2020-10-28T08:27:22.293+0000: [GC (Allocation Failure) 2020-10-28T08:27:22.293+0000: [ParNew: 16388K->4K(18432K), 0.0025171 secs] 572674K->556290K(896640K), 0.0025556 secs] [Times: user=0.00 sys=0.00, real=0.00 secs] 
2020-10-28T08:27:22.319+0000: [GC (Allocation Failure) 2020-10-28T08:27:22.319+0000: [ParNew: 16388K->4K(18432K), 0.0027305 secs] 572674K->556290K(896640K), 0.0027808 secs] [Times: user=0.00 sys=0.00, real=0.01 secs] 
2020-10-28T08:27:22.337+0000: [GC (Allocation Failure) 2020-10-28T08:27:22.337+0000: [ParNew: 16388K->4K(18432K), 0.0026541 secs] 572674K->556290K(896640K), 0.0026953 secs] [Times: user=0.00 sys=0.00, real=0.01 secs] 
2020-10-28T08:27:22.356+0000: [GC (Allocation Failure) 2020-10-28T08:27:22.356+0000: [ParNew: 16388K->4K(18432K), 0.0025602 secs] 572674K->556290K(896640K), 0.0025995 secs] [Times: user=0.00 sys=0.00, real=0.00 secs] 
2020-10-28T08:27:22.376+0000: [GC (Allocation Failure) 2020-10-28T08:27:22.376+0000: [ParNew: 16388K->4K(18432K), 0.0025242 secs] 572674K->556290K(896640K), 0.0025652 secs] [Times: user=0.00 sys=0.00, real=0.00 secs] 
2020-10-28T08:27:22.393+0000: [GC (Allocation Failure) 2020-10-28T08:27:22.393+0000: [ParNew: 16388K->4K(18432K), 0.0025577 secs] 572674K->556290K(896640K), 0.0026126 secs] [Times: user=0.00 sys=0.00, real=0.00 secs] 
2020-10-28T08:27:22.407+0000: [GC (Allocation Failure) 2020-10-28T08:27:22.407+0000: [ParNew: 16388K->4K(18432K), 0.0031820 secs] 572674K->560386K(896640K), 0.0032240 secs] [Times: user=0.01 sys=0.00, real=0.01 secs] 
2020-10-28T08:27:22.428+0000: [GC (Allocation Failure) 2020-10-28T08:27:22.428+0000: [ParNew: 16388K->4K(18432K), 0.0026913 secs] 576770K->560386K(896640K), 0.0027355 secs] [Times: user=0.01 sys=0.00, real=0.00 secs] 
2020-10-28T08:27:22.445+0000: [GC (Allocation Failure) 2020-10-28T08:27:22.445+0000: [ParNew: 16388K->4K(18432K), 0.0026299 secs] 576770K->560386K(896640K), 0.0026684 secs] [Times: user=0.00 sys=0.00, real=0.01 secs] 
2020-10-28T08:27:22.463+0000: [GC (Allocation Failure) 2020-10-28T08:27:22.463+0000: [ParNew: 16388K->4K(18432K), 0.0026917 secs] 576770K->560386K(896640K), 0.0027321 secs] [Times: user=0.01 sys=0.00, real=0.00 secs] 
2020-10-28T08:27:22.484+0000: [GC (Allocation Failure) 2020-10-28T08:27:22.484+0000: [ParNew: 16388K->4K(18432K), 0.0027131 secs] 576770K->560386K(896640K), 0.0027615 secs] [Times: user=0.00 sys=0.00, real=0.00 secs] 
2020-10-28T08:27:22.501+0000: [GC (Allocation Failure) 2020-10-28T08:27:22.501+0000: [ParNew: 16388K->4K(18432K), 0.0026318 secs] 576770K->560386K(896640K), 0.0026769 secs] [Times: user=0.00 sys=0.00, real=0.00 secs] 
2020-10-28T08:27:22.519+0000: [GC (Allocation Failure) 2020-10-28T08:27:22.519+0000: [ParNew: 16388K->4K(18432K), 0.0026679 secs] 576770K->560386K(896640K), 0.0027080 secs] [Times: user=0.01 sys=0.00, real=0.01 secs] 
2020-10-28T08:27:22.536+0000: [GC (Allocation Failure) 2020-10-28T08:27:22.536+0000: [ParNew: 16388K->4K(18432K), 0.0026098 secs] 576770K->560386K(896640K), 0.0026493 secs] [Times: user=0.01 sys=0.00, real=0.00 secs] 
2020-10-28T08:27:22.553+0000: [GC (Allocation Failure) 2020-10-28T08:27:22.553+0000: [ParNew: 16388K->4K(18432K), 0.0025448 secs] 576770K->560386K(896640K), 0.0025849 secs] [Times: user=0.00 sys=0.00, real=0.00 secs] 
2020-10-28T08:27:22.572+0000: [GC (Allocation Failure) 2020-10-28T08:27:22.572+0000: [ParNew: 16388K->4K(18432K), 0.0024145 secs] 576770K->560386K(896640K), 0.0024635 secs] [Times: user=0.01 sys=0.00, real=0.00 secs] 
2020-10-28T08:27:22.592+0000: [GC (Allocation Failure) 2020-10-28T08:27:22.592+0000: [ParNew: 16388K->4K(18432K), 0.0024615 secs] 576770K->560386K(896640K), 0.0025027 secs] [Times: user=0.00 sys=0.00, real=0.00 secs] 
2020-10-28T08:27:22.612+0000: [GC (Allocation Failure) 2020-10-28T08:27:22.612+0000: [ParNew: 16388K->4K(18432K), 0.0024468 secs] 576770K->560386K(896640K), 0.0024872 secs] [Times: user=0.01 sys=0.00, real=0.00 secs] 
2020-10-28T08:27:22.632+0000: [GC (Allocation Failure) 2020-10-28T08:27:22.632+0000: [ParNew: 16388K->4K(18432K), 0.0025059 secs] 576770K->560386K(896640K), 0.0025477 secs] [Times: user=0.01 sys=0.00, real=0.00 secs] 
2020-10-28T08:27:22.649+0000: [GC (Allocation Failure) 2020-10-28T08:27:22.649+0000: [ParNew: 16388K->4K(18432K), 0.0026673 secs] 576770K->560386K(896640K), 0.0027123 secs] [Times: user=0.00 sys=0.00, real=0.00 secs] 
2020-10-28T08:27:22.666+0000: [GC (Allocation Failure) 2020-10-28T08:27:22.666+0000: [ParNew: 16388K->4K(18432K), 0.0026033 secs] 576770K->560386K(896640K), 0.0026423 secs] [Times: user=0.01 sys=0.00, real=0.01 secs] 
2020-10-28T08:27:22.684+0000: [GC (Allocation Failure) 2020-10-28T08:27:22.684+0000: [ParNew: 16388K->4K(18432K), 0.0025469 secs] 576770K->560386K(896640K), 0.0025869 secs] [Times: user=0.01 sys=0.00, real=0.00 secs] 
2020-10-28T08:27:22.701+0000: [GC (Allocation Failure) 2020-10-28T08:27:22.701+0000: [ParNew: 16388K->4K(18432K), 0.0026229 secs] 576770K->560386K(896640K), 0.0026625 secs] [Times: user=0.01 sys=0.00, real=0.00 secs] 
2020-10-28T08:27:22.720+0000: [GC (Allocation Failure) 2020-10-28T08:27:22.720+0000: [ParNew: 16388K->4K(18432K), 0.0025429 secs] 576770K->560386K(896640K), 0.0025834 secs] [Times: user=0.00 sys=0.00, real=0.00 secs] 
2020-10-28T08:27:22.737+0000: [GC (Allocation Failure) 2020-10-28T08:27:22.737+0000: [ParNew: 16388K->4K(18432K), 0.0025386 secs] 576770K->560386K(896640K), 0.0025785 secs] [Times: user=0.00 sys=0.00, real=0.01 secs] 
2020-10-28T08:27:22.755+0000: [GC (Allocation Failure) 2020-10-28T08:27:22.755+0000: [ParNew: 16388K->4K(18432K), 0.0025940 secs] 576770K->560386K(896640K), 0.0026460 secs] [Times: user=0.01 sys=0.00, real=0.00 secs] 
2020-10-28T08:27:22.773+0000: [GC (Allocation Failure) 2020-10-28T08:27:22.773+0000: [ParNew: 16388K->4K(18432K), 0.0025963 secs] 576770K->560386K(896640K), 0.0026385 secs] [Times: user=0.00 sys=0.01, real=0.00 secs] 
2020-10-28T08:27:22.790+0000: [GC (Allocation Failure) 2020-10-28T08:27:22.790+0000: [ParNew: 16388K->4K(18432K), 0.0026412 secs] 576770K->560386K(896640K), 0.0026839 secs] [Times: user=0.00 sys=0.00, real=0.00 secs] 
2020-10-28T08:27:22.812+0000: [GC (Allocation Failure) 2020-10-28T08:27:22.812+0000: [ParNew: 16388K->4K(18432K), 0.0025425 secs] 576770K->560386K(896640K), 0.0025854 secs] [Times: user=0.01 sys=0.00, real=0.00 secs] 
2020-10-28T08:27:22.832+0000: [GC (Allocation Failure) 2020-10-28T08:27:22.832+0000: [ParNew: 16388K->4K(18432K), 0.0024833 secs] 576770K->560386K(896640K), 0.0025238 secs] [Times: user=0.00 sys=0.00, real=0.00 secs] 
2020-10-28T08:27:22.849+0000: [GC (Allocation Failure) 2020-10-28T08:27:22.849+0000: [ParNew: 16388K->4K(18432K), 0.0024608 secs] 576770K->560386K(896640K), 0.0025011 secs] [Times: user=0.01 sys=0.00, real=0.00 secs] 
2020-10-28T08:27:22.867+0000: [GC (Allocation Failure) 2020-10-28T08:27:22.867+0000: [ParNew: 16388K->4K(18432K), 0.0025453 secs] 576770K->560386K(896640K), 0.0025881 secs] [Times: user=0.00 sys=0.00, real=0.01 secs] 
2020-10-28T08:27:22.888+0000: [GC (Allocation Failure) 2020-10-28T08:27:22.888+0000: [ParNew: 16388K->4K(18432K), 0.0026620 secs] 576770K->560386K(896640K), 0.0027063 secs] [Times: user=0.01 sys=0.00, real=0.00 secs] 
2020-10-28T08:27:22.908+0000: [GC (Allocation Failure) 2020-10-28T08:27:22.908+0000: [ParNew: 16388K->4K(18432K), 0.0026398 secs] 576770K->560386K(896640K), 0.0026841 secs] [Times: user=0.00 sys=0.00, real=0.00 secs] 
2020-10-28T08:27:22.928+0000: [GC (Allocation Failure) 2020-10-28T08:27:22.928+0000: [ParNew: 16388K->4K(18432K), 0.0026968 secs] 576770K->560387K(896640K), 0.0027432 secs] [Times: user=0.00 sys=0.00, real=0.00 secs] 
2020-10-28T08:27:22.948+0000: [GC (Allocation Failure) 2020-10-28T08:27:22.948+0000: [ParNew: 16387K->4K(18432K), 0.0027047 secs] 576770K->560387K(896640K), 0.0027514 secs] [Times: user=0.01 sys=0.00, real=0.00 secs] 
2020-10-28T08:27:22.968+0000: [GC (Allocation Failure) 2020-10-28T08:27:22.968+0000: [ParNew: 16388K->4K(18432K), 0.0026704 secs] 576771K->560387K(896640K), 0.0027107 secs] [Times: user=0.00 sys=0.00, real=0.00 secs] 
2020-10-28T08:27:22.985+0000: [GC (Allocation Failure) 2020-10-28T08:27:22.985+0000: [ParNew: 16388K->4K(18432K), 0.0026634 secs] 576771K->560387K(896640K), 0.0027022 secs] [Times: user=0.01 sys=0.00, real=0.01 secs] 
2020-10-28T08:27:23.004+0000: [GC (Allocation Failure) 2020-10-28T08:27:23.004+0000: [ParNew: 16388K->4K(18432K), 0.0025403 secs] 576771K->560387K(896640K), 0.0025837 secs] [Times: user=0.01 sys=0.00, real=0.00 secs] 
2020-10-28T08:27:23.028+0000: [GC (Allocation Failure) 2020-10-28T08:27:23.028+0000: [ParNew: 16388K->4K(18432K), 0.0027322 secs] 576771K->560387K(896640K), 0.0027803 secs] [Times: user=0.00 sys=0.00, real=0.00 secs] 
2020-10-28T08:27:23.045+0000: [GC (Allocation Failure) 2020-10-28T08:27:23.045+0000: [ParNew: 16388K->4K(18432K), 0.0025795 secs] 576771K->560387K(896640K), 0.0026237 secs] [Times: user=0.01 sys=0.00, real=0.01 secs] 
2020-10-28T08:27:23.063+0000: [GC (Allocation Failure) 2020-10-28T08:27:23.063+0000: [ParNew: 16388K->4K(18432K), 0.0025440 secs] 576771K->560387K(896640K), 0.0025825 secs] [Times: user=0.01 sys=0.00, real=0.00 secs] 
2020-10-28T08:27:23.080+0000: [GC (Allocation Failure) 2020-10-28T08:27:23.080+0000: [ParNew: 16388K->4K(18432K), 0.0025526 secs] 576771K->560387K(896640K), 0.0025922 secs] [Times: user=0.00 sys=0.00, real=0.00 secs] 
2020-10-28T08:27:23.100+0000: [GC (Allocation Failure) 2020-10-28T08:27:23.100+0000: [ParNew: 16388K->4K(18432K), 0.0025524 secs] 576771K->560387K(896640K), 0.0025903 secs] [Times: user=0.01 sys=0.00, real=0.00 secs] 
2020-10-28T08:27:23.117+0000: [GC (Allocation Failure) 2020-10-28T08:27:23.117+0000: [ParNew: 16388K->4K(18432K), 0.0025811 secs] 576771K->560387K(896640K), 0.0026204 secs] [Times: user=0.01 sys=0.00, real=0.01 secs] 
2020-10-28T08:27:23.134+0000: [GC (Allocation Failure) 2020-10-28T08:27:23.134+0000: [ParNew: 16388K->4K(18432K), 0.0025438 secs] 576771K->560387K(896640K), 0.0025841 secs] [Times: user=0.00 sys=0.00, real=0.00 secs] 
2020-10-28T08:27:23.152+0000: [GC (Allocation Failure) 2020-10-28T08:27:23.152+0000: [ParNew: 16388K->4K(18432K), 0.0025843 secs] 576771K->560387K(896640K), 0.0026250 secs] [Times: user=0.00 sys=0.00, real=0.00 secs] 
2020-10-28T08:27:23.172+0000: [GC (Allocation Failure) 2020-10-28T08:27:23.172+0000: [ParNew: 16388K->4K(18432K), 0.0024168 secs] 576771K->560387K(896640K), 0.0024574 secs] [Times: user=0.01 sys=0.00, real=0.00 secs] 
2020-10-28T08:27:23.191+0000: [GC (Allocation Failure) 2020-10-28T08:27:23.191+0000: [ParNew: 16388K->4K(18432K), 0.0024488 secs] 576771K->560387K(896640K), 0.0024889 secs] [Times: user=0.00 sys=0.00, real=0.00 secs] 
2020-10-28T08:27:23.208+0000: [GC (Allocation Failure) 2020-10-28T08:27:23.208+0000: [ParNew: 16388K->4K(18432K), 0.0024717 secs] 576771K->560387K(896640K), 0.0025134 secs] [Times: user=0.01 sys=0.00, real=0.00 secs] 
2020-10-28T08:27:23.226+0000: [GC (Allocation Failure) 2020-10-28T08:27:23.226+0000: [ParNew: 16388K->4K(18432K), 0.0026734 secs] 576771K->560387K(896640K), 0.0027182 secs] [Times: user=0.00 sys=0.00, real=0.01 secs] 
2020-10-28T08:27:23.244+0000: [GC (Allocation Failure) 2020-10-28T08:27:23.244+0000: [ParNew: 16388K->4K(18432K), 0.0026805 secs] 576771K->560387K(896640K), 0.0027277 secs] [Times: user=0.00 sys=0.00, real=0.00 secs] 
2020-10-28T08:27:23.261+0000: [GC (Allocation Failure) 2020-10-28T08:27:23.261+0000: [ParNew: 16388K->4K(18432K), 0.0025505 secs] 576771K->560387K(896640K), 0.0026013 secs] [Times: user=0.01 sys=0.00, real=0.00 secs] 
2020-10-28T08:27:23.279+0000: [GC (Allocation Failure) 2020-10-28T08:27:23.279+0000: [ParNew: 16388K->4K(18432K), 0.0026004 secs] 576771K->560387K(896640K), 0.0026457 secs] [Times: user=0.00 sys=0.00, real=0.01 secs] 
2020-10-28T08:27:23.296+0000: [GC (Allocation Failure) 2020-10-28T08:27:23.296+0000: [ParNew: 16388K->4K(18432K), 0.0024836 secs] 576771K->560387K(896640K), 0.0025361 secs] [Times: user=0.01 sys=0.00, real=0.00 secs] 
2020-10-28T08:27:23.315+0000: [GC (Allocation Failure) 2020-10-28T08:27:23.315+0000: [ParNew: 16388K->4K(18432K), 0.0027268 secs] 576771K->560387K(896640K), 0.0027741 secs] [Times: user=0.00 sys=0.00, real=0.00 secs] 
2020-10-28T08:27:23.336+0000: [GC (Allocation Failure) 2020-10-28T08:27:23.336+0000: [ParNew: 16388K->4K(18432K), 0.0026521 secs] 576771K->560387K(896640K), 0.0026964 secs] [Times: user=0.01 sys=0.00, real=0.00 secs] 
2020-10-28T08:27:23.353+0000: [GC (Allocation Failure) 2020-10-28T08:27:23.353+0000: [ParNew: 16388K->4K(18432K), 0.0026150 secs] 576771K->560387K(896640K), 0.0026550 secs] [Times: user=0.01 sys=0.00, real=0.00 secs] 
2020-10-28T08:27:23.376+0000: [GC (Allocation Failure) 2020-10-28T08:27:23.376+0000: [ParNew: 16388K->4K(18432K), 0.0025766 secs] 576771K->560387K(896640K), 0.0026189 secs] [Times: user=0.01 sys=0.00, real=0.00 secs] 
2020-10-28T08:27:23.393+0000: [GC (Allocation Failure) 2020-10-28T08:27:23.393+0000: [ParNew: 16388K->4K(18432K), 0.0025208 secs] 576771K->560387K(896640K), 0.0025857 secs] [Times: user=0.00 sys=0.00, real=0.00 secs] 
2020-10-28T08:27:23.415+0000: [GC (Allocation Failure) 2020-10-28T08:27:23.415+0000: [ParNew: 16388K->4K(18432K), 0.0025215 secs] 576771K->560387K(896640K), 0.0025627 secs] [Times: user=0.01 sys=0.00, real=0.00 secs] 
2020-10-28T08:27:23.436+0000: [GC (Allocation Failure) 2020-10-28T08:27:23.436+0000: [ParNew: 16388K->4K(18432K), 0.0025338 secs] 576771K->560387K(896640K), 0.0025756 secs] [Times: user=0.01 sys=0.00, real=0.00 secs] 
2020-10-28T08:27:23.456+0000: [GC (Allocation Failure) 2020-10-28T08:27:23.456+0000: [ParNew: 16388K->4K(18432K), 0.0024701 secs] 576771K->560387K(896640K), 0.0025118 secs] [Times: user=0.00 sys=0.00, real=0.00 secs] 
2020-10-28T08:27:23.473+0000: [GC (Allocation Failure) 2020-10-28T08:27:23.473+0000: [ParNew: 16388K->4K(18432K), 0.0024957 secs] 576771K->560387K(896640K), 0.0025372 secs] [Times: user=0.00 sys=0.00, real=0.00 secs] 
2020-10-28T08:27:23.490+0000: [GC (Allocation Failure) 2020-10-28T08:27:23.490+0000: [ParNew: 16388K->4K(18432K), 0.0027644 secs] 576771K->560387K(896640K), 0.0028117 secs] [Times: user=0.01 sys=0.00, real=0.00 secs] 
2020-10-28T08:27:23.508+0000: [GC (Allocation Failure) 2020-10-28T08:27:23.508+0000: [ParNew: 16388K->4K(18432K), 0.0026584 secs] 576771K->560387K(896640K), 0.0027006 secs] [Times: user=0.00 sys=0.00, real=0.00 secs] 
2020-10-28T08:27:23.528+0000: [GC (Allocation Failure) 2020-10-28T08:27:23.528+0000: [ParNew: 16388K->4K(18432K), 0.0026089 secs] 576771K->560387K(896640K), 0.0026549 secs] [Times: user=0.01 sys=0.00, real=0.00 secs] 
2020-10-28T08:27:23.547+0000: [GC (Allocation Failure) 2020-10-28T08:27:23.547+0000: [ParNew: 16388K->4K(18432K), 0.0026175 secs] 576771K->560387K(896640K), 0.0026581 secs] [Times: user=0.00 sys=0.00, real=0.01 secs] 
2020-10-28T08:27:23.565+0000: [GC (Allocation Failure) 2020-10-28T08:27:23.565+0000: [ParNew: 16388K->4K(18432K), 0.0025747 secs] 576771K->560387K(896640K), 0.0026148 secs] [Times: user=0.00 sys=0.00, real=0.00 secs] 
2020-10-28T08:27:23.582+0000: [GC (Allocation Failure) 2020-10-28T08:27:23.582+0000: [ParNew: 16388K->4K(18432K), 0.0025811 secs] 576771K->560387K(896640K), 0.0026217 secs] [Times: user=0.01 sys=0.00, real=0.00 secs] 
2020-10-28T08:27:23.599+0000: [GC (Allocation Failure) 2020-10-28T08:27:23.599+0000: [ParNew: 16388K->4K(18432K), 0.0025612 secs] 576771K->560387K(896640K), 0.0026018 secs] [Times: user=0.00 sys=0.00, real=0.01 secs] 
2020-10-28T08:27:23.616+0000: [GC (Allocation Failure) 2020-10-28T08:27:23.616+0000: [ParNew: 16388K->4K(18432K), 0.0025786 secs] 576771K->560387K(896640K), 0.0026177 secs] [Times: user=0.00 sys=0.00, real=0.00 secs] 
2020-10-28T08:27:23.643+0000: [GC (Allocation Failure) 2020-10-28T08:27:23.643+0000: [ParNew: 16388K->4K(18432K), 0.0028043 secs] 593155K->576771K(896640K), 0.0028640 secs] [Times: user=0.01 sys=0.00, real=0.00 secs] 
2020-10-28T08:27:23.661+0000: [GC (Allocation Failure) 2020-10-28T08:27:23.662+0000: [ParNew: 16388K->4K(18432K), 0.0026540 secs] 593155K->576771K(896640K), 0.0026950 secs] [Times: user=0.00 sys=0.00, real=0.00 secs] 
2020-10-28T08:27:23.679+0000: [GC (Allocation Failure) 2020-10-28T08:27:23.679+0000: [ParNew: 16388K->4K(18432K), 0.0024928 secs] 593155K->576771K(896640K), 0.0025348 secs] [Times: user=0.00 sys=0.00, real=0.01 secs] 
2020-10-28T08:27:23.696+0000: [GC (Allocation Failure) 2020-10-28T08:27:23.696+0000: [ParNew: 16388K->4K(18432K), 0.0027116 secs] 593155K->576771K(896640K), 0.0027578 secs] [Times: user=0.01 sys=0.00, real=0.00 secs] 
2020-10-28T08:27:23.713+0000: [GC (Allocation Failure) 2020-10-28T08:27:23.713+0000: [ParNew: 16388K->4K(18432K), 0.0026447 secs] 593155K->576771K(896640K), 0.0026844 secs] [Times: user=0.01 sys=0.00, real=0.00 secs] 
2020-10-28T08:27:23.732+0000: [GC (Allocation Failure) 2020-10-28T08:27:23.732+0000: [ParNew: 16388K->4K(18432K), 0.0025563 secs] 593155K->576771K(896640K), 0.0025975 secs] [Times: user=0.00 sys=0.00, real=0.00 secs] 
2020-10-28T08:27:23.749+0000: [GC (Allocation Failure) 2020-10-28T08:27:23.749+0000: [ParNew: 16388K->4K(18432K), 0.0025941 secs] 593155K->576771K(896640K), 0.0026358 secs] [Times: user=0.00 sys=0.00, real=0.00 secs] 
2020-10-28T08:27:23.768+0000: [GC (Allocation Failure) 2020-10-28T08:27:23.768+0000: [ParNew: 16388K->4K(18432K), 0.0024610 secs] 593155K->576771K(896640K), 0.0025030 secs] [Times: user=0.01 sys=0.00, real=0.00 secs] 
2020-10-28T08:27:23.788+0000: [GC (Allocation Failure) 2020-10-28T08:27:23.788+0000: [ParNew: 16388K->4K(18432K), 0.0025919 secs] 593155K->576771K(896640K), 0.0026415 secs] [Times: user=0.00 sys=0.00, real=0.00 secs] 
2020-10-28T08:27:23.807+0000: [GC (Allocation Failure) 2020-10-28T08:27:23.807+0000: [ParNew: 16388K->4K(18432K), 0.0025725 secs] 593155K->576771K(896640K), 0.0026158 secs] [Times: user=0.00 sys=0.00, real=0.01 secs] 
2020-10-28T08:27:23.828+0000: [GC (Allocation Failure) 2020-10-28T08:27:23.828+0000: [ParNew: 16388K->4K(18432K), 0.0024223 secs] 593155K->576771K(896640K), 0.0024640 secs] [Times: user=0.01 sys=0.00, real=0.00 secs] 
2020-10-28T08:27:23.848+0000: [GC (Allocation Failure) 2020-10-28T08:27:23.848+0000: [ParNew: 16388K->4K(18432K), 0.0024655 secs] 593155K->576771K(896640K), 0.0025066 secs] [Times: user=0.00 sys=0.00, real=0.00 secs] 
2020-10-28T08:27:23.865+0000: [GC (Allocation Failure) 2020-10-28T08:27:23.865+0000: [ParNew: 16388K->4K(18432K), 0.0025580 secs] 593155K->576771K(896640K), 0.0025997 secs] [Times: user=0.01 sys=0.00, real=0.00 secs] 
2020-10-28T08:27:23.882+0000: [GC (Allocation Failure) 2020-10-28T08:27:23.882+0000: [ParNew: 16388K->4K(18432K), 0.0026525 secs] 593155K->576771K(896640K), 0.0026964 secs] [Times: user=0.00 sys=0.00, real=0.00 secs] 
2020-10-28T08:27:23.903+0000: [GC (Allocation Failure) 2020-10-28T08:27:23.903+0000: [ParNew: 16388K->4K(18432K), 0.0024868 secs] 593155K->576771K(896640K), 0.0025286 secs] [Times: user=0.01 sys=0.00, real=0.00 secs] 
2020-10-28T08:27:23.921+0000: [GC (Allocation Failure) 2020-10-28T08:27:23.921+0000: [ParNew: 16388K->4K(18432K), 0.0025094 secs] 593155K->576771K(896640K), 0.0025514 secs] [Times: user=0.00 sys=0.00, real=0.00 secs] 
2020-10-28T08:27:23.938+0000: [GC (Allocation Failure) 2020-10-28T08:27:23.938+0000: [ParNew: 16388K->4K(18432K), 0.0026499 secs] 593155K->576771K(896640K), 0.0026952 secs] [Times: user=0.01 sys=0.00, real=0.01 secs] 
2020-10-28T08:27:23.963+0000: [GC (Allocation Failure) 2020-10-28T08:27:23.963+0000: [ParNew: 16388K->4K(18432K), 0.0026831 secs] 593155K->576771K(896640K), 0.0027291 secs] [Times: user=0.00 sys=0.00, real=0.00 secs] 
2020-10-28T08:27:23.981+0000: [GC (Allocation Failure) 2020-10-28T08:27:23.981+0000: [ParNew: 16388K->4K(18432K), 0.0026480 secs] 593155K->576771K(896640K), 0.0026893 secs] [Times: user=0.01 sys=0.00, real=0.00 secs] 
2020-10-28T08:27:23.998+0000: [GC (Allocation Failure) 2020-10-28T08:27:23.998+0000: [ParNew: 16388K->4K(18432K), 0.0026367 secs] 593155K->576771K(896640K), 0.0026813 secs] [Times: user=0.01 sys=0.00, real=0.01 secs] 
2020-10-28T08:27:24.019+0000: [GC (Allocation Failure) 2020-10-28T08:27:24.019+0000: [ParNew: 16388K->4K(18432K), 0.0026509 secs] 593155K->576771K(896640K), 0.0026917 secs] [Times: user=0.01 sys=0.00, real=0.01 secs] 
2020-10-28T08:27:24.037+0000: [GC (Allocation Failure) 2020-10-28T08:27:24.037+0000: [ParNew: 16388K->4K(18432K), 0.0026475 secs] 593155K->576771K(896640K), 0.0026900 secs] [Times: user=0.01 sys=0.00, real=0.00 secs] 
2020-10-28T08:27:24.054+0000: [GC (Allocation Failure) 2020-10-28T08:27:24.054+0000: [ParNew: 16388K->4K(18432K), 0.0025400 secs] 593155K->576771K(896640K), 0.0025802 secs] [Times: user=0.01 sys=0.00, real=0.00 secs] 
2020-10-28T08:27:24.071+0000: [GC (Allocation Failure) 2020-10-28T08:27:24.071+0000: [ParNew: 16388K->4K(18432K), 0.0025581 secs] 593155K->576771K(896640K), 0.0025975 secs] [Times: user=0.00 sys=0.00, real=0.00 secs] 
2020-10-28T08:27:24.092+0000: [GC (Allocation Failure) 2020-10-28T08:27:24.092+0000: [ParNew: 16388K->4K(18432K), 0.0025194 secs] 593155K->576771K(896640K), 0.0025602 secs] [Times: user=0.01 sys=0.00, real=0.00 secs] 
2020-10-28T08:27:24.116+0000: [GC (Allocation Failure) 2020-10-28T08:27:24.116+0000: [ParNew: 16388K->13K(18432K), 0.0026376 secs] 593155K->576780K(896640K), 0.0026833 secs] [Times: user=0.01 sys=0.00, real=0.00 secs] 
2020-10-28T08:27:24.140+0000: [GC (Allocation Failure) 2020-10-28T08:27:24.140+0000: [ParNew: 16397K->4K(18432K), 0.0026439 secs] 593164K->576771K(896640K), 0.0026886 secs] [Times: user=0.01 sys=0.00, real=0.00 secs] 
2020-10-28T08:27:24.184+0000: [GC (Allocation Failure) 2020-10-28T08:27:24.184+0000: [ParNew: 16388K->4K(18432K), 0.0028022 secs] 593155K->576771K(896640K), 0.0028611 secs] [Times: user=0.01 sys=0.00, real=0.00 secs] 
2020-10-28T08:27:24.204+0000: [GC (Allocation Failure) 2020-10-28T08:27:24.204+0000: [ParNew: 16388K->4K(18432K), 0.0026453 secs] 593155K->576771K(896640K), 0.0027046 secs] [Times: user=0.00 sys=0.00, real=0.00 secs] 
2020-10-28T08:27:24.222+0000: [GC (Allocation Failure) 2020-10-28T08:27:24.222+0000: [ParNew: 16388K->4K(18432K), 0.0026479 secs] 593155K->576771K(896640K), 0.0026899 secs] [Times: user=0.01 sys=0.00, real=0.00 secs] 
2020-10-28T08:27:24.243+0000: [GC (Allocation Failure) 2020-10-28T08:27:24.243+0000: [ParNew: 16388K->4K(18432K), 0.0026659 secs] 593155K->576771K(896640K), 0.0027117 secs] [Times: user=0.01 sys=0.00, real=0.00 secs] 
2020-10-28T08:27:24.271+0000: [GC (Allocation Failure) 2020-10-28T08:27:24.271+0000: [ParNew: 16388K->4K(18432K), 0.0028328 secs] 609539K->593155K(896640K), 0.0028851 secs] [Times: user=0.00 sys=0.00, real=0.00 secs] 
2020-10-28T08:27:24.292+0000: [GC (Allocation Failure) 2020-10-28T08:27:24.292+0000: [ParNew: 16388K->4K(18432K), 0.0026418 secs] 609539K->593155K(896640K), 0.0026843 secs] [Times: user=0.01 sys=0.00, real=0.00 secs] 
2020-10-28T08:27:24.312+0000: [GC (Allocation Failure) 2020-10-28T08:27:24.312+0000: [ParNew: 16388K->4K(18432K), 0.0025256 secs] 609539K->593155K(896640K), 0.0025652 secs] [Times: user=0.00 sys=0.00, real=0.00 secs] 
2020-10-28T08:27:24.332+0000: [GC (Allocation Failure) 2020-10-28T08:27:24.332+0000: [ParNew: 16388K->4K(18432K), 0.0027159 secs] 609539K->593155K(896640K), 0.0027655 secs] [Times: user=0.00 sys=0.00, real=0.00 secs] 
2020-10-28T08:27:24.349+0000: [GC (Allocation Failure) 2020-10-28T08:27:24.349+0000: [ParNew: 16388K->4K(18432K), 0.0026600 secs] 609539K->593155K(896640K), 0.0027022 secs] [Times: user=0.01 sys=0.00, real=0.00 secs] 
2020-10-28T08:27:24.372+0000: [GC (Allocation Failure) 2020-10-28T08:27:24.372+0000: [ParNew: 16388K->4K(18432K), 0.0026040 secs] 609539K->593155K(896640K), 0.0026466 secs] [Times: user=0.01 sys=0.00, real=0.00 secs] 
2020-10-28T08:27:24.389+0000: [GC (Allocation Failure) 2020-10-28T08:27:24.389+0000: [ParNew: 16388K->4K(18432K), 0.0026321 secs] 609539K->593156K(896640K), 0.0026815 secs] [Times: user=0.01 sys=0.00, real=0.00 secs] 
2020-10-28T08:27:24.407+0000: [GC (Allocation Failure) 2020-10-28T08:27:24.407+0000: [ParNew: 16388K->4K(18432K), 0.0025652 secs] 609540K->593156K(896640K), 0.0026074 secs] [Times: user=0.00 sys=0.00, real=0.01 secs] 
2020-10-28T08:27:24.424+0000: [GC (Allocation Failure) 2020-10-28T08:27:24.424+0000: [ParNew: 16388K->4K(18432K), 0.0025935 secs] 609540K->593156K(896640K), 0.0026357 secs] [Times: user=0.01 sys=0.00, real=0.00 secs] 
2020-10-28T08:27:24.441+0000: [GC (Allocation Failure) 2020-10-28T08:27:24.441+0000: [ParNew: 16366K->4K(18432K), 0.0024635 secs] 609518K->593156K(896640K), 0.0025053 secs] [Times: user=0.00 sys=0.00, real=0.00 secs] 
2020-10-28T08:27:24.458+0000: [GC (Allocation Failure) 2020-10-28T08:27:24.458+0000: [ParNew: 16388K->4K(18432K), 0.0024219 secs] 609540K->593156K(896640K), 0.0024621 secs] [Times: user=0.01 sys=0.00, real=0.01 secs] 
2020-10-28T08:27:24.479+0000: [GC (Allocation Failure) 2020-10-28T08:27:24.479+0000: [ParNew: 16388K->4K(18432K), 0.0024110 secs] 609540K->593156K(896640K), 0.0024514 secs] [Times: user=0.00 sys=0.00, real=0.01 secs] 
2020-10-28T08:27:24.500+0000: [GC (Allocation Failure) 2020-10-28T08:27:24.500+0000: [ParNew: 16388K->4K(18432K), 0.0025726 secs] 609540K->593156K(896640K), 0.0026172 secs] [Times: user=0.01 sys=0.00, real=0.00 secs] 
2020-10-28T08:27:24.520+0000: [GC (Allocation Failure) 2020-10-28T08:27:24.520+0000: [ParNew: 16388K->4K(18432K), 0.0025343 secs] 609540K->593156K(896640K), 0.0025749 secs] [Times: user=0.01 sys=0.00, real=0.00 secs] 
2020-10-28T08:27:24.540+0000: [GC (Allocation Failure) 2020-10-28T08:27:24.540+0000: [ParNew: 16388K->4K(18432K), 0.0024185 secs] 609540K->593156K(896640K), 0.0024601 secs] [Times: user=0.00 sys=0.00, real=0.00 secs] 
2020-10-28T08:27:24.557+0000: [GC (Allocation Failure) 2020-10-28T08:27:24.557+0000: [ParNew: 16388K->4K(18432K), 0.0023975 secs] 609540K->593156K(896640K), 0.0024380 secs] [Times: user=0.00 sys=0.00, real=0.00 secs] 
2020-10-28T08:27:24.576+0000: [GC (Allocation Failure) 2020-10-28T08:27:24.576+0000: [ParNew: 16388K->4K(18432K), 0.0024023 secs] 609540K->593156K(896640K), 0.0024442 secs] [Times: user=0.01 sys=0.00, real=0.00 secs] 
2020-10-28T08:27:24.593+0000: [GC (Allocation Failure) 2020-10-28T08:27:24.593+0000: [ParNew: 16388K->4K(18432K), 0.0025016 secs] 609540K->593156K(896640K), 0.0025415 secs] [Times: user=0.01 sys=0.00, real=0.00 secs] 
2020-10-28T08:27:24.612+0000: [GC (Allocation Failure) 2020-10-28T08:27:24.612+0000: [ParNew: 16388K->4K(18432K), 0.0023791 secs] 609540K->593156K(896640K), 0.0024198 secs] [Times: user=0.01 sys=0.00, real=0.00 secs] 
2020-10-28T08:27:24.629+0000: [GC (Allocation Failure) 2020-10-28T08:27:24.629+0000: [ParNew: 16388K->4K(18432K), 0.0025374 secs] 609540K->593156K(896640K), 0.0025796 secs] [Times: user=0.00 sys=0.00, real=0.00 secs] 
2020-10-28T08:27:24.646+0000: [GC (Allocation Failure) 2020-10-28T08:27:24.646+0000: [ParNew: 16388K->4K(18432K), 0.0024846 secs] 609540K->593156K(896640K), 0.0025265 secs] [Times: user=0.01 sys=0.00, real=0.01 secs] 
2020-10-28T08:27:24.667+0000: [GC (Allocation Failure) 2020-10-28T08:27:24.667+0000: [ParNew: 16388K->4K(18432K), 0.0024720 secs] 609540K->593156K(896640K), 0.0025134 secs] [Times: user=0.00 sys=0.00, real=0.01 secs] 
2020-10-28T08:27:24.687+0000: [GC (Allocation Failure) 2020-10-28T08:27:24.687+0000: [ParNew: 16388K->4K(18432K), 0.0024971 secs] 609540K->593156K(896640K), 0.0025387 secs] [Times: user=0.01 sys=0.00, real=0.01 secs] 
2020-10-28T08:27:24.708+0000: [GC (Allocation Failure) 2020-10-28T08:27:24.708+0000: [ParNew: 16388K->4K(18432K), 0.0024299 secs] 609540K->593156K(896640K), 0.0024709 secs] [Times: user=0.01 sys=0.00, real=0.00 secs] 
2020-10-28T08:27:24.725+0000: [GC (Allocation Failure) 2020-10-28T08:27:24.725+0000: [ParNew: 16388K->4K(18432K), 0.0027286 secs] 609540K->593156K(896640K), 0.0027748 secs] [Times: user=0.00 sys=0.01, real=0.01 secs] 
2020-10-28T08:27:24.744+0000: [GC (Allocation Failure) 2020-10-28T08:27:24.744+0000: [ParNew: 16388K->4K(18432K), 0.0027353 secs] 609540K->593156K(896640K), 0.0027826 secs] [Times: user=0.01 sys=0.00, real=0.00 secs] 
2020-10-28T08:27:24.762+0000: [GC (Allocation Failure) 2020-10-28T08:27:24.762+0000: [ParNew: 16388K->4K(18432K), 0.0027925 secs] 609540K->593156K(896640K), 0.0028507 secs] [Times: user=0.00 sys=0.00, real=0.00 secs] 
2020-10-28T08:27:24.779+0000: [GC (Allocation Failure) 2020-10-28T08:27:24.779+0000: [ParNew: 16388K->4K(18432K), 0.0025850 secs] 609540K->593156K(896640K), 0.0026261 secs] [Times: user=0.00 sys=0.00, real=0.01 secs] 
2020-10-28T08:27:24.796+0000: [GC (Allocation Failure) 2020-10-28T08:27:24.796+0000: [ParNew: 16388K->4K(18432K), 0.0025634 secs] 609540K->593156K(896640K), 0.0026093 secs] [Times: user=0.01 sys=0.00, real=0.00 secs] 
2020-10-28T08:27:24.816+0000: [GC (Allocation Failure) 2020-10-28T08:27:24.816+0000: [ParNew: 16388K->4K(18432K), 0.0025070 secs] 609540K->593156K(896640K), 0.0025493 secs] [Times: user=0.01 sys=0.00, real=0.00 secs] 
2020-10-28T08:27:24.836+0000: [GC (Allocation Failure) 2020-10-28T08:27:24.836+0000: [ParNew: 16388K->4K(18432K), 0.0025631 secs] 609540K->593156K(896640K), 0.0026067 secs] [Times: user=0.01 sys=0.00, real=0.00 secs] 
2020-10-28T08:27:24.853+0000: [GC (Allocation Failure) 2020-10-28T08:27:24.853+0000: [ParNew: 16388K->4K(18432K), 0.0024790 secs] 609540K->593156K(896640K), 0.0025197 secs] [Times: user=0.00 sys=0.00, real=0.00 secs] 
2020-10-28T08:27:24.872+0000: [GC (Allocation Failure) 2020-10-28T08:27:24.872+0000: [ParNew: 16388K->4K(18432K), 0.0024873 secs] 609540K->593156K(896640K), 0.0025293 secs] [Times: user=0.00 sys=0.00, real=0.00 secs] 
2020-10-28T08:27:24.889+0000: [GC (Allocation Failure) 2020-10-28T08:27:24.889+0000: [ParNew: 16388K->4K(18432K), 0.0025981 secs] 609540K->593156K(896640K), 0.0026419 secs] [Times: user=0.01 sys=0.00, real=0.00 secs] 
2020-10-28T08:27:24.906+0000: [GC (Allocation Failure) 2020-10-28T08:27:24.906+0000: [ParNew: 16388K->4K(18432K), 0.0024709 secs] 609540K->593156K(896640K), 0.0025144 secs] [Times: user=0.00 sys=0.00, real=0.01 secs] 
2020-10-28T08:27:24.923+0000: [GC (Allocation Failure) 2020-10-28T08:27:24.923+0000: [ParNew: 16388K->4K(18432K), 0.0024200 secs] 609540K->593156K(896640K), 0.0024611 secs] [Times: user=0.00 sys=0.00, real=0.00 secs] 
2020-10-28T08:27:24.944+0000: [GC (Allocation Failure) 2020-10-28T08:27:24.944+0000: [ParNew: 16388K->4K(18432K), 0.0026010 secs] 609540K->593156K(896640K), 0.0026467 secs] [Times: user=0.01 sys=0.00, real=0.00 secs] 
2020-10-28T08:27:24.961+0000: [GC (Allocation Failure) 2020-10-28T08:27:24.961+0000: [ParNew: 16388K->4K(18432K), 0.0026160 secs] 609540K->593156K(896640K), 0.0026598 secs] [Times: user=0.00 sys=0.00, real=0.00 secs] 
2020-10-28T08:27:24.978+0000: [GC (Allocation Failure) 2020-10-28T08:27:24.978+0000: [ParNew: 16388K->4K(18432K), 0.0026331 secs] 609540K->593156K(896640K), 0.0026743 secs] [Times: user=0.00 sys=0.00, real=0.01 secs] 
2020-10-28T08:27:24.996+0000: [GC (Allocation Failure) 2020-10-28T08:27:24.996+0000: [ParNew: 16388K->4K(18432K), 0.0025843 secs] 609540K->593156K(896640K), 0.0026251 secs] [Times: user=0.00 sys=0.00, real=0.00 secs] 
2020-10-28T08:27:25.013+0000: [GC (Allocation Failure) 2020-10-28T08:27:25.014+0000: [ParNew: 16388K->4K(18432K), 0.0025862 secs] 609540K->593156K(896640K), 0.0026276 secs] [Times: user=0.01 sys=0.00, real=0.00 secs] 
2020-10-28T08:27:25.031+0000: [GC (Allocation Failure) 2020-10-28T08:27:25.031+0000: [ParNew: 16388K->4K(18432K), 0.0026883 secs] 609540K->593156K(896640K), 0.0027325 secs] [Times: user=0.00 sys=0.00, real=0.00 secs] 
2020-10-28T08:27:25.048+0000: [GC (Allocation Failure) 2020-10-28T08:27:25.048+0000: [ParNew: 16388K->4K(18432K), 0.0025205 secs] 609540K->593156K(896640K), 0.0025616 secs] [Times: user=0.00 sys=0.00, real=0.00 secs] 
2020-10-28T08:27:25.066+0000: [GC (Allocation Failure) 2020-10-28T08:27:25.066+0000: [ParNew: 16388K->4K(18432K), 0.0026528 secs] 609540K->593156K(896640K), 0.0026923 secs] [Times: user=0.01 sys=0.00, real=0.01 secs] 
2020-10-28T08:27:25.083+0000: [GC (Allocation Failure) 2020-10-28T08:27:25.083+0000: [ParNew: 16388K->4K(18432K), 0.0025008 secs] 609540K->593156K(896640K), 0.0025513 secs] [Times: user=0.00 sys=0.00, real=0.00 secs] 
2020-10-28T08:27:25.108+0000: [GC (Allocation Failure) 2020-10-28T08:27:25.108+0000: [ParNew: 16388K->4K(18432K), 0.0026050 secs] 609540K->593156K(896640K), 0.0026671 secs] [Times: user=0.01 sys=0.00, real=0.00 secs] 
2020-10-28T08:27:25.126+0000: [GC (Allocation Failure) 2020-10-28T08:27:25.126+0000: [ParNew: 16388K->4K(18432K), 0.0026196 secs] 609540K->593156K(896640K), 0.0026791 secs] [Times: user=0.00 sys=0.00, real=0.01 secs] 
2020-10-28T08:27:25.143+0000: [GC (Allocation Failure) 2020-10-28T08:27:25.143+0000: [ParNew: 16388K->4K(18432K), 0.0024560 secs] 609540K->593156K(896640K), 0.0024987 secs] [Times: user=0.01 sys=0.00, real=0.00 secs] 
2020-10-28T08:27:25.161+0000: [GC (Allocation Failure) 2020-10-28T08:27:25.161+0000: [ParNew: 16388K->4K(18432K), 0.0024146 secs] 609540K->593156K(896640K), 0.0024549 secs] [Times: user=0.01 sys=0.00, real=0.00 secs] 
2020-10-28T08:27:25.180+0000: [GC (Allocation Failure) 2020-10-28T08:27:25.180+0000: [ParNew: 16388K->4K(18432K), 0.0024117 secs] 609540K->593156K(896640K), 0.0024524 secs] [Times: user=0.00 sys=0.00, real=0.00 secs] 
2020-10-28T08:27:25.200+0000: [GC (Allocation Failure) 2020-10-28T08:27:25.200+0000: [ParNew: 16388K->4K(18432K), 0.0025049 secs] 609540K->593156K(896640K), 0.0025455 secs] [Times: user=0.01 sys=0.00, real=0.00 secs] 
2020-10-28T08:27:25.220+0000: [GC (Allocation Failure) 2020-10-28T08:27:25.220+0000: [ParNew: 16388K->4K(18432K), 0.0025283 secs] 609540K->593156K(896640K), 0.0025710 secs] [Times: user=0.01 sys=0.00, real=0.00 secs] 
2020-10-28T08:27:25.240+0000: [GC (Allocation Failure) 2020-10-28T08:27:25.240+0000: [ParNew: 16388K->4K(18432K), 0.0025954 secs] 609540K->593156K(896640K), 0.0026389 secs] [Times: user=0.00 sys=0.00, real=0.00 secs] 
2020-10-28T08:27:25.260+0000: [GC (Allocation Failure) 2020-10-28T08:27:25.260+0000: [ParNew: 16388K->4K(18432K), 0.0025702 secs] 609540K->593156K(896640K), 0.0026129 secs] [Times: user=0.01 sys=0.00, real=0.00 secs] 
2020-10-28T08:27:25.280+0000: [GC (Allocation Failure) 2020-10-28T08:27:25.280+0000: [ParNew: 16388K->4K(18432K), 0.0025639 secs] 609540K->593156K(896640K), 0.0026020 secs] [Times: user=0.01 sys=0.00, real=0.00 secs] 
2020-10-28T08:27:25.300+0000: [GC (Allocation Failure) 2020-10-28T08:27:25.300+0000: [ParNew: 16388K->4K(18432K), 0.0025321 secs] 609540K->593156K(896640K), 0.0025719 secs] [Times: user=0.01 sys=0.00, real=0.00 secs] 
2020-10-28T08:27:25.320+0000: [GC (Allocation Failure) 2020-10-28T08:27:25.320+0000: [ParNew: 16388K->4K(18432K), 0.0024904 secs] 609540K->593156K(896640K), 0.0025291 secs] [Times: user=0.00 sys=0.00, real=0.00 secs] 
2020-10-28T08:27:25.337+0000: [GC (Allocation Failure) 2020-10-28T08:27:25.337+0000: [ParNew: 16388K->4K(18432K), 0.0025782 secs] 609540K->593156K(896640K), 0.0026379 secs] [Times: user=0.00 sys=0.00, real=0.01 secs] 
2020-10-28T08:27:25.356+0000: [GC (Allocation Failure) 2020-10-28T08:27:25.356+0000: [ParNew: 16388K->4K(18432K), 0.0025760 secs] 609540K->593156K(896640K), 0.0026204 secs] [Times: user=0.01 sys=0.00, real=0.00 secs] 
2020-10-28T08:27:25.376+0000: [GC (Allocation Failure) 2020-10-28T08:27:25.376+0000: [ParNew: 16388K->4K(18432K), 0.0025276 secs] 609540K->593156K(896640K), 0.0025681 secs] [Times: user=0.00 sys=0.00, real=0.00 secs] 
2020-10-28T08:27:25.396+0000: [GC (Allocation Failure) 2020-10-28T08:27:25.396+0000: [ParNew: 16388K->4K(18432K), 0.0025004 secs] 609540K->593156K(896640K), 0.0025421 secs] [Times: user=0.00 sys=0.00, real=0.00 secs] 
2020-10-28T08:27:25.416+0000: [GC (Allocation Failure) 2020-10-28T08:27:25.416+0000: [ParNew: 16388K->4K(18432K), 0.0025243 secs] 609540K->593156K(896640K), 0.0025620 secs] [Times: user=0.01 sys=0.00, real=0.00 secs] 
2020-10-28T08:27:25.433+0000: [GC (Allocation Failure) 2020-10-28T08:27:25.433+0000: [ParNew: 16388K->4K(18432K), 0.0025709 secs] 609540K->593156K(896640K), 0.0026105 secs] [Times: user=0.00 sys=0.00, real=0.00 secs] 
2020-10-28T08:27:25.452+0000: [GC (Allocation Failure) 2020-10-28T08:27:25.452+0000: [ParNew: 16388K->4K(18432K), 0.0025456 secs] 609540K->593156K(896640K), 0.0025868 secs] [Times: user=0.01 sys=0.00, real=0.00 secs] 
2020-10-28T08:27:25.469+0000: [GC (Allocation Failure) 2020-10-28T08:27:25.469+0000: [ParNew: 16388K->4K(18432K), 0.0025331 secs] 609540K->593156K(896640K), 0.0025716 secs] [Times: user=0.01 sys=0.00, real=0.00 secs] 
2020-10-28T08:27:25.486+0000: [GC (Allocation Failure) 2020-10-28T08:27:25.486+0000: [ParNew: 16388K->4K(18432K), 0.0025048 secs] 609540K->593156K(896640K), 0.0025425 secs] [Times: user=0.00 sys=0.00, real=0.01 secs] 
2020-10-28T08:27:25.508+0000: [GC (Allocation Failure) 2020-10-28T08:27:25.508+0000: [ParNew: 16388K->4K(18432K), 0.0026634 secs] 609540K->593156K(896640K), 0.0027076 secs] [Times: user=0.01 sys=0.00, real=0.00 secs] 
2020-10-28T08:27:25.528+0000: [GC (Allocation Failure) 2020-10-28T08:27:25.528+0000: [ParNew: 16388K->4K(18432K), 0.0025972 secs] 609540K->593156K(896640K), 0.0026375 secs] [Times: user=0.00 sys=0.00, real=0.00 secs] 
2020-10-28T08:27:25.548+0000: [GC (Allocation Failure) 2020-10-28T08:27:25.548+0000: [ParNew: 16388K->4K(18432K), 0.0025606 secs] 609540K->593156K(896640K), 0.0026005 secs] [Times: user=0.01 sys=0.00, real=0.00 secs] 
2020-10-28T08:27:25.565+0000: [GC (Allocation Failure) 2020-10-28T08:27:25.565+0000: [ParNew: 16388K->4K(18432K), 0.0025595 secs] 609540K->593156K(896640K), 0.0025988 secs] [Times: user=0.00 sys=0.00, real=0.00 secs] 
2020-10-28T08:27:25.584+0000: [GC (Allocation Failure) 2020-10-28T08:27:25.584+0000: [ParNew: 16388K->4K(18432K), 0.0024934 secs] 609540K->593156K(896640K), 0.0025341 secs] [Times: user=0.01 sys=0.00, real=0.00 secs] 
2020-10-28T08:27:25.601+0000: [GC (Allocation Failure) 2020-10-28T08:27:25.601+0000: [ParNew: 16388K->4K(18432K), 0.0024982 secs] 609540K->593156K(896640K), 0.0025388 secs] [Times: user=0.00 sys=0.00, real=0.00 secs] 
2020-10-28T08:27:25.618+0000: [GC (Allocation Failure) 2020-10-28T08:27:25.618+0000: [ParNew: 16388K->4K(18432K), 0.0026072 secs] 609540K->593156K(896640K), 0.0026483 secs] [Times: user=0.01 sys=0.00, real=0.01 secs] 
2020-10-28T08:27:25.635+0000: [GC (Allocation Failure) 2020-10-28T08:27:25.635+0000: [ParNew: 16388K->4K(18432K), 0.0025632 secs] 609540K->593156K(896640K), 0.0026125 secs] [Times: user=0.00 sys=0.00, real=0.00 secs] 
2020-10-28T08:27:25.653+0000: [GC (Allocation Failure) 2020-10-28T08:27:25.653+0000: [ParNew: 16388K->4K(18432K), 0.0025958 secs] 609540K->593156K(896640K), 0.0026366 secs] [Times: user=0.00 sys=0.00, real=0.00 secs] 
2020-10-28T08:27:25.670+0000: [GC (Allocation Failure) 2020-10-28T08:27:25.670+0000: [ParNew: 16388K->4K(18432K), 0.0025005 secs] 609540K->593156K(896640K), 0.0025406 secs] [Times: user=0.01 sys=0.00, real=0.00 secs] 
2020-10-28T08:27:25.688+0000: [GC (Allocation Failure) 2020-10-28T08:27:25.688+0000: [ParNew: 16388K->4K(18432K), 0.0025147 secs] 609540K->593156K(896640K), 0.0025543 secs] [Times: user=0.00 sys=0.00, real=0.00 secs] 
2020-10-28T08:27:25.705+0000: [GC (Allocation Failure) 2020-10-28T08:27:25.705+0000: [ParNew: 16388K->4K(18432K), 0.0025838 secs] 609540K->593156K(896640K), 0.0026254 secs] [Times: user=0.00 sys=0.01, real=0.01 secs] 
2020-10-28T08:27:25.724+0000: [GC (Allocation Failure) 2020-10-28T08:27:25.724+0000: [ParNew: 16388K->4K(18432K), 0.0025041 secs] 609540K->593156K(896640K), 0.0025439 secs] [Times: user=0.00 sys=0.00, real=0.00 secs] 
2020-10-28T08:27:25.742+0000: [GC (Allocation Failure) 2020-10-28T08:27:25.742+0000: [ParNew: 16388K->4K(18432K), 0.0025422 secs] 609540K->593156K(896640K), 0.0025822 secs] [Times: user=0.00 sys=0.00, real=0.00 secs] 
2020-10-28T08:27:25.764+0000: [GC (Allocation Failure) 2020-10-28T08:27:25.764+0000: [ParNew: 16388K->4K(18432K), 0.0043152 secs] 609540K->593156K(896640K), 0.0043585 secs] [Times: user=0.01 sys=0.00, real=0.01 secs] 
2020-10-28T08:27:25.783+0000: [GC (Allocation Failure) 2020-10-28T08:27:25.783+0000: [ParNew: 16388K->4K(18432K), 0.0024858 secs] 609540K->593156K(896640K), 0.0025274 secs] [Times: user=0.01 sys=0.00, real=0.00 secs] 
2020-10-28T08:27:25.800+0000: [GC (Allocation Failure) 2020-10-28T08:27:25.800+0000: [ParNew: 16388K->4K(18432K), 0.0025490 secs] 609540K->593156K(896640K), 0.0025906 secs] [Times: user=0.00 sys=0.00, real=0.00 secs] 
2020-10-28T08:27:25.820+0000: [GC (Allocation Failure) 2020-10-28T08:27:25.820+0000: [ParNew: 16388K->4K(18432K), 0.0025303 secs] 609540K->593156K(896640K), 0.0025747 secs] [Times: user=0.01 sys=0.00, real=0.00 secs] 
2020-10-28T08:27:25.837+0000: [GC (Allocation Failure) 2020-10-28T08:27:25.837+0000: [ParNew: 16388K->4K(18432K), 0.0025695 secs] 609540K->593156K(896640K), 0.0026119 secs] [Times: user=0.01 sys=0.00, real=0.01 secs] 
2020-10-28T08:27:25.864+0000: [GC (Allocation Failure) 2020-10-28T08:27:25.864+0000: [ParNew: 16388K->4K(18432K), 0.0027057 secs] 609540K->593156K(896640K), 0.0027633 secs] [Times: user=0.00 sys=0.01, real=0.00 secs] 
2020-10-28T08:27:25.890+0000: [GC (Allocation Failure) 2020-10-28T08:27:25.890+0000: [ParNew: 16388K->4K(18432K), 0.0027993 secs] 609540K->593156K(896640K), 0.0028532 secs] [Times: user=0.01 sys=0.00, real=0.00 secs] 
2020-10-28T08:27:25.907+0000: [GC (Allocation Failure) 2020-10-28T08:27:25.907+0000: [ParNew: 16388K->4K(18432K), 0.0026555 secs] 609540K->593156K(896640K), 0.0027126 secs] [Times: user=0.01 sys=0.00, real=0.01 secs] 
2020-10-28T08:27:25.928+0000: [GC (Allocation Failure) 2020-10-28T08:27:25.928+0000: [ParNew: 16388K->4K(18432K), 0.0025088 secs] 609540K->593156K(896640K), 0.0025522 secs] [Times: user=0.00 sys=0.00, real=0.00 secs] 
2020-10-28T08:27:25.948+0000: [GC (Allocation Failure) 2020-10-28T08:27:25.948+0000: [ParNew: 16379K->4K(18432K), 0.0025782 secs] 609531K->593156K(896640K), 0.0026233 secs] [Times: user=0.00 sys=0.00, real=0.00 secs] 
2020-10-28T08:27:25.968+0000: [GC (Allocation Failure) 2020-10-28T08:27:25.968+0000: [ParNew: 16388K->4K(18432K), 0.0025953 secs] 609540K->593156K(896640K), 0.0026399 secs] [Times: user=0.00 sys=0.00, real=0.00 secs] 
2020-10-28T08:27:25.985+0000: [GC (Allocation Failure) 2020-10-28T08:27:25.985+0000: [ParNew: 16388K->4K(18432K), 0.0025524 secs] 609540K->593156K(896640K), 0.0025946 secs] [Times: user=0.00 sys=0.00, real=0.01 secs] 
2020-10-28T08:27:26.004+0000: [GC (Allocation Failure) 2020-10-28T08:27:26.004+0000: [ParNew: 16388K->4K(18432K), 0.0025294 secs] 609540K->593156K(896640K), 0.0025720 secs] [Times: user=0.00 sys=0.00, real=0.00 secs] 
2020-10-28T08:27:26.024+0000: [GC (Allocation Failure) 2020-10-28T08:27:26.024+0000: [ParNew: 16388K->4K(18432K), 0.0025003 secs] 609540K->593156K(896640K), 0.0025429 secs] [Times: user=0.01 sys=0.00, real=0.00 secs] 
2020-10-28T08:27:26.044+0000: [GC (Allocation Failure) 2020-10-28T08:27:26.044+0000: [ParNew: 16388K->4K(18432K), 0.0027688 secs] 609540K->593156K(896640K), 0.0028211 secs] [Times: user=0.00 sys=0.00, real=0.00 secs] 
2020-10-28T08:27:26.061+0000: [GC (Allocation Failure) 2020-10-28T08:27:26.061+0000: [ParNew: 16388K->4K(18432K), 0.0025449 secs] 609540K->593156K(896640K), 0.0025891 secs] [Times: user=0.01 sys=0.00, real=0.00 secs] 
2020-10-28T08:27:26.080+0000: [GC (Allocation Failure) 2020-10-28T08:27:26.080+0000: [ParNew: 16388K->4K(18432K), 0.0024138 secs] 609540K->593156K(896640K), 0.0024555 secs] [Times: user=0.00 sys=0.00, real=0.00 secs] 
2020-10-28T08:27:26.101+0000: [GC (Allocation Failure) 2020-10-28T08:27:26.101+0000: [ParNew: 16388K->4K(18432K), 0.0059524 secs] 609540K->593156K(896640K), 0.0060030 secs] [Times: user=0.01 sys=0.00, real=0.00 secs] 
2020-10-28T08:27:26.124+0000: [GC (Allocation Failure) 2020-10-28T08:27:26.124+0000: [ParNew: 16388K->4K(18432K), 0.0025599 secs] 609540K->593156K(896640K), 0.0026020 secs] [Times: user=0.00 sys=0.00, real=0.00 secs] 
2020-10-28T08:27:26.141+0000: [GC (Allocation Failure) 2020-10-28T08:27:26.141+0000: [ParNew: 16388K->4K(18432K), 0.0025908 secs] 609540K->593156K(896640K), 0.0026326 secs] [Times: user=0.01 sys=0.00, real=0.00 secs] 
2020-10-28T08:27:26.158+0000: [GC (Allocation Failure) 2020-10-28T08:27:26.158+0000: [ParNew: 16388K->4K(18432K), 0.0025269 secs] 609540K->593156K(896640K), 0.0025761 secs] [Times: user=0.00 sys=0.00, real=0.01 secs] 
2020-10-28T08:27:26.176+0000: [GC (Allocation Failure) 2020-10-28T08:27:26.176+0000: [ParNew: 16388K->4K(18432K), 0.0024835 secs] 609540K->593156K(896640K), 0.0025233 secs] [Times: user=0.00 sys=0.00, real=0.00 secs] 
2020-10-28T08:27:26.196+0000: [GC (Allocation Failure) 2020-10-28T08:27:26.196+0000: [ParNew: 16388K->4K(18432K), 0.0023880 secs] 609540K->593156K(896640K), 0.0024289 secs] [Times: user=0.01 sys=0.00, real=0.00 secs] 
2020-10-28T08:27:26.213+0000: [GC (Allocation Failure) 2020-10-28T08:27:26.213+0000: [ParNew: 16388K->4K(18432K), 0.0024515 secs] 609540K->593156K(896640K), 0.0024931 secs] [Times: user=0.00 sys=0.00, real=0.00 secs] 
2020-10-28T08:27:26.232+0000: [GC (Allocation Failure) 2020-10-28T08:27:26.232+0000: [ParNew: 16388K->4K(18432K), 0.0024350 secs] 609540K->593156K(896640K), 0.0024766 secs] [Times: user=0.01 sys=0.00, real=0.00 secs] 
2020-10-28T08:27:26.249+0000: [GC (Allocation Failure) 2020-10-28T08:27:26.249+0000: [ParNew: 16388K->4K(18432K), 0.0026022 secs] 609540K->593156K(896640K), 0.0026616 secs] [Times: user=0.00 sys=0.00, real=0.00 secs] 
2020-10-28T08:27:26.267+0000: [GC (Allocation Failure) 2020-10-28T08:27:26.267+0000: [ParNew: 16388K->4K(18432K), 0.0025768 secs] 609540K->593156K(896640K), 0.0026178 secs] [Times: user=0.00 sys=0.00, real=0.01 secs] 
2020-10-28T08:27:26.284+0000: [GC (Allocation Failure) 2020-10-28T08:27:26.284+0000: [ParNew: 16388K->4K(18432K), 0.0025303 secs] 609540K->593156K(896640K), 0.0025706 secs] [Times: user=0.01 sys=0.00, real=0.00 secs] 
2020-10-28T08:27:26.306+0000: [GC (Allocation Failure) 2020-10-28T08:27:26.306+0000: [ParNew: 16388K->4K(18432K), 0.0025635 secs] 609540K->593156K(896640K), 0.0026063 secs] [Times: user=0.00 sys=0.00, real=0.01 secs] 
2020-10-28T08:27:26.327+0000: [GC (Allocation Failure) 2020-10-28T08:27:26.327+0000: [ParNew: 16388K->4K(18432K), 0.0025473 secs] 609540K->593156K(896640K), 0.0025888 secs] [Times: user=0.00 sys=0.00, real=0.01 secs] 
2020-10-28T08:27:26.348+0000: [GC (Allocation Failure) 2020-10-28T08:27:26.348+0000: [ParNew: 16388K->4K(18432K), 0.0025713 secs] 609540K->593156K(896640K), 0.0026164 secs] [Times: user=0.01 sys=0.00, real=0.00 secs] 
2020-10-28T08:27:26.369+0000: [GC (Allocation Failure) 2020-10-28T08:27:26.369+0000: [ParNew: 16388K->28K(18432K), 0.0027581 secs] 609540K->593181K(896640K), 0.0028051 secs] [Times: user=0.01 sys=0.01, real=0.00 secs] 
2020-10-28T08:27:26.390+0000: [GC (Allocation Failure) 2020-10-28T08:27:26.390+0000: [ParNew: 16412K->1144K(18432K), 0.0033600 secs] 609565K->596345K(896640K), 0.0034067 secs] [Times: user=0.00 sys=0.00, real=0.00 secs] 
2020-10-28T08:27:26.422+0000: [GC (Allocation Failure) 2020-10-28T08:27:26.422+0000: [ParNew: 17528K->42K(18432K), 0.0031154 secs] 612729K->596318K(896640K), 0.0031621 secs] [Times: user=0.00 sys=0.00, real=0.00 secs] 
2020-10-28T08:27:26.499+0000: [GC (Allocation Failure) 2020-10-28T08:27:26.499+0000: [ParNew: 16426K->25K(18432K), 0.0046501 secs] 612702K->596301K(896640K), 0.0047160 secs] [Times: user=0.01 sys=0.00, real=0.01 secs] 
2020-10-28T08:27:26.532+0000: [GC (Allocation Failure) 2020-10-28T08:27:26.532+0000: [ParNew: 16409K->25K(18432K), 0.0027885 secs] 612685K->596301K(896640K), 0.0028576 secs] [Times: user=0.01 sys=0.00, real=0.00 secs] 
2020-10-28T08:27:26.564+0000: [GC (Allocation Failure) 2020-10-28T08:27:26.564+0000: [ParNew: 16409K->25K(18432K), 0.0027802 secs] 612685K->596301K(896640K), 0.0028460 secs] [Times: user=0.00 sys=0.00, real=0.00 secs] 
2020-10-28T08:27:26.616+0000: [GC (Allocation Failure) 2020-10-28T08:27:26.616+0000: [ParNew: 16409K->25K(18432K), 0.0027934 secs] 612685K->596301K(896640K), 0.0028446 secs] [Times: user=0.00 sys=0.00, real=0.00 secs] 
2020-10-28T08:27:26.648+0000: [GC (Allocation Failure) 2020-10-28T08:27:26.648+0000: [ParNew: 16409K->25K(18432K), 0.0027076 secs] 612685K->596301K(896640K), 0.0027569 secs] [Times: user=0.01 sys=0.00, real=0.00 secs] 
2020-10-28T08:27:26.680+0000: [GC (Allocation Failure) 2020-10-28T08:27:26.680+0000: [ParNew: 16409K->4K(18432K), 0.0026559 secs] 612685K->596302K(896640K), 0.0027005 secs] [Times: user=0.01 sys=0.00, real=0.00 secs] 
2020-10-28T08:27:26.716+0000: [GC (Allocation Failure) 2020-10-28T08:27:26.716+0000: [ParNew: 16388K->4K(18432K), 0.0028387 secs] 612686K->596302K(896640K), 0.0028911 secs] [Times: user=0.00 sys=0.00, real=0.00 secs] 
2020-10-28T08:27:26.748+0000: [GC (Allocation Failure) 2020-10-28T08:27:26.748+0000: [ParNew: 16388K->4K(18432K), 0.0027442 secs] 612686K->596302K(896640K), 0.0028120 secs] [Times: user=0.01 sys=0.00, real=0.00 secs] 
2020-10-28T08:27:26.784+0000: [GC (Allocation Failure) 2020-10-28T08:27:26.784+0000: [ParNew: 16388K->4K(18432K), 0.0027682 secs] 612686K->596302K(896640K), 0.0028177 secs] [Times: user=0.01 sys=0.00, real=0.00 secs] 
2020-10-28T08:27:26.819+0000: [GC (Allocation Failure) 2020-10-28T08:27:26.819+0000: [ParNew: 16388K->4K(18432K), 0.0026741 secs] 612686K->596302K(896640K), 0.0027205 secs] [Times: user=0.01 sys=0.00, real=0.01 secs] 
2020-10-28T08:27:26.852+0000: [GC (Allocation Failure) 2020-10-28T08:27:26.852+0000: [ParNew: 16388K->4K(18432K), 0.0026484 secs] 612686K->596302K(896640K), 0.0026930 secs] [Times: user=0.00 sys=0.00, real=0.00 secs] 
2020-10-28T08:27:26.884+0000: [GC (Allocation Failure) 2020-10-28T08:27:26.884+0000: [ParNew: 16388K->4K(18432K), 0.0027575 secs] 612686K->596302K(896640K), 0.0028141 secs] [Times: user=0.01 sys=0.00, real=0.00 secs] 
2020-10-28T08:27:26.916+0000: [GC (Allocation Failure) 2020-10-28T08:27:26.916+0000: [ParNew: 16388K->4K(18432K), 0.0027211 secs] 612686K->596302K(896640K), 0.0027703 secs] [Times: user=0.00 sys=0.00, real=0.00 secs] 
2020-10-28T08:27:26.946+0000: [GC (Allocation Failure) 2020-10-28T08:27:26.946+0000: [ParNew: 16388K->4K(18432K), 0.0028731 secs] 612686K->596302K(896640K), 0.0029256 secs] [Times: user=0.01 sys=0.00, real=0.01 secs] 
2020-10-28T08:27:26.980+0000: [GC (Allocation Failure) 2020-10-28T08:27:26.980+0000: [ParNew: 16388K->4K(18432K), 0.0027755 secs] 612686K->596302K(896640K), 0.0028262 secs] [Times: user=0.00 sys=0.00, real=0.00 secs] 
2020-10-28T08:27:27.012+0000: [GC (Allocation Failure) 2020-10-28T08:27:27.012+0000: [ParNew: 16388K->81K(18432K), 0.0028763 secs] 612686K->596380K(896640K), 0.0029274 secs] [Times: user=0.00 sys=0.00, real=0.00 secs] 
2020-10-28T08:27:27.224+0000: [GC (Allocation Failure) 2020-10-28T08:27:27.224+0000: [ParNew: 16465K->1192K(18432K), 0.0034920 secs] 612764K->599539K(896640K), 0.0035777 secs] [Times: user=0.01 sys=0.00, real=0.00 secs] 
2020-10-28T08:27:27.436+0000: [GC (Allocation Failure) 2020-10-28T08:27:27.436+0000: [ParNew: 17576K->27K(18432K), 0.0032335 secs] 615923K->599486K(896640K), 0.0033252 secs] [Times: user=0.01 sys=0.00, real=0.01 secs] 
2020-10-28T08:27:27.578+0000: [GC (Allocation Failure) 2020-10-28T08:27:27.578+0000: [ParNew: 16411K->7K(18432K), 0.0028010 secs] 615870K->599466K(896640K), 0.0028550 secs] [Times: user=0.01 sys=0.00, real=0.01 secs] 
2020-10-28T08:27:27.739+0000: [GC (Allocation Failure) 2020-10-28T08:27:27.739+0000: [ParNew: 16391K->6K(18432K), 0.0027998 secs] 615850K->599465K(896640K), 0.0028560 secs] [Times: user=0.01 sys=0.00, real=0.01 secs] 
2020-10-28T08:27:27.872+0000: [GC (Allocation Failure) 2020-10-28T08:27:27.872+0000: [ParNew: 16390K->8K(18432K), 0.0028592 secs] 615849K->599467K(896640K), 0.0029350 secs] [Times: user=0.00 sys=0.00, real=0.00 secs] 
2020-10-28T08:27:27.959+0000: [GC (Allocation Failure) 2020-10-28T08:27:27.959+0000: [ParNew: 16392K->8K(18432K), 0.0028526 secs] 615851K->599467K(896640K), 0.0029245 secs] [Times: user=0.01 sys=0.00, real=0.01 secs] 
2020-10-28T08:27:28.038+0000: [GC (Allocation Failure) 2020-10-28T08:27:28.038+0000: [ParNew: 16392K->7K(18432K), 0.0028698 secs] 615851K->599466K(896640K), 0.0029436 secs] [Times: user=0.00 sys=0.00, real=0.01 secs] 
2020-10-28T08:27:28.108+0000: [GC (Allocation Failure) 2020-10-28T08:27:28.108+0000: [ParNew: 16391K->4K(18432K), 0.0029524 secs] 615850K->599466K(896640K), 0.0030225 secs] [Times: user=0.00 sys=0.00, real=0.00 secs] 
2020-10-28T08:27:28.180+0000: [GC (Allocation Failure) 2020-10-28T08:27:28.180+0000: [ParNew: 16388K->6K(18432K), 0.0027894 secs] 615850K->599467K(896640K), 0.0028445 secs] [Times: user=0.00 sys=0.00, real=0.00 secs] 
2020-10-28T08:27:28.220+0000: [GC (Allocation Failure) 2020-10-28T08:27:28.220+0000: [ParNew: 16390K->4K(18432K), 0.0027830 secs] 615851K->599466K(896640K), 0.0028345 secs] [Times: user=0.01 sys=0.00, real=0.00 secs] 
2020-10-28T08:27:28.270+0000: [GC (Allocation Failure) 2020-10-28T08:27:28.270+0000: [ParNew: 16388K->4K(18432K), 0.0028260 secs] 615850K->599467K(896640K), 0.0028984 secs] [Times: user=0.01 sys=0.00, real=0.00 secs] 
2020-10-28T08:27:28.322+0000: [GC (Allocation Failure) 2020-10-28T08:27:28.322+0000: [ParNew: 16388K->4K(18432K), 0.0027909 secs] 615851K->599467K(896640K), 0.0028441 secs] [Times: user=0.00 sys=0.00, real=0.00 secs] 
2020-10-28T08:27:28.361+0000: [GC (Allocation Failure) 2020-10-28T08:27:28.361+0000: [ParNew: 16388K->4K(18432K), 0.0027759 secs] 615851K->599467K(896640K), 0.0028346 secs] [Times: user=0.01 sys=0.00, real=0.00 secs] 
2020-10-28T08:27:28.392+0000: [GC (Allocation Failure) 2020-10-28T08:27:28.392+0000: [ParNew: 16388K->4K(18432K), 0.0027028 secs] 615851K->599467K(896640K), 0.0027534 secs] [Times: user=0.01 sys=0.00, real=0.00 secs] 
2020-10-28T08:27:28.416+0000: [GC (Allocation Failure) 2020-10-28T08:27:28.416+0000: [ParNew: 16388K->4K(18432K), 0.0026819 secs] 615851K->599467K(896640K), 0.0027280 secs] [Times: user=0.00 sys=0.00, real=0.00 secs] 
2020-10-28T08:27:28.440+0000: [GC (Allocation Failure) 2020-10-28T08:27:28.440+0000: [ParNew: 16388K->4K(18432K), 0.0026402 secs] 615851K->599467K(896640K), 0.0026891 secs] [Times: user=0.00 sys=0.00, real=0.00 secs] 
2020-10-28T08:27:28.465+0000: [GC (Allocation Failure) 2020-10-28T08:27:28.465+0000: [ParNew: 16388K->4K(18432K), 0.0026422 secs] 615851K->599467K(896640K), 0.0026884 secs] [Times: user=0.00 sys=0.00, real=0.00 secs] 
2020-10-28T08:27:28.490+0000: [GC (Allocation Failure) 2020-10-28T08:27:28.490+0000: [ParNew: 16388K->4K(18432K), 0.0026556 secs] 615851K->599467K(896640K), 0.0027042 secs] [Times: user=0.00 sys=0.00, real=0.00 secs] 
2020-10-28T08:27:28.517+0000: [GC (Allocation Failure) 2020-10-28T08:27:28.517+0000: [ParNew: 16388K->4K(18432K), 0.0027131 secs] 615851K->599467K(896640K), 0.0027646 secs] [Times: user=0.00 sys=0.00, real=0.01 secs] 
2020-10-28T08:27:28.542+0000: [GC (Allocation Failure) 2020-10-28T08:27:28.542+0000: [ParNew: 16388K->4K(18432K), 0.0027478 secs] 615851K->599467K(896640K), 0.0027989 secs] [Times: user=0.00 sys=0.00, real=0.00 secs] 
2020-10-28T08:27:28.568+0000: [GC (Allocation Failure) 2020-10-28T08:27:28.568+0000: [ParNew: 16388K->4K(18432K), 0.0026965 secs] 615851K->599467K(896640K), 0.0027467 secs] [Times: user=0.01 sys=0.00, real=0.00 secs] 
2020-10-28T08:27:28.593+0000: [GC (Allocation Failure) 2020-10-28T08:27:28.593+0000: [ParNew: 16388K->4K(18432K), 0.0026489 secs] 615851K->599467K(896640K), 0.0026963 secs] [Times: user=0.00 sys=0.00, real=0.00 secs] 
2020-10-28T08:27:28.620+0000: [GC (Allocation Failure) 2020-10-28T08:27:28.620+0000: [ParNew: 16388K->4K(18432K), 0.0026540 secs] 615851K->599467K(896640K), 0.0027005 secs] [Times: user=0.01 sys=0.00, real=0.00 secs] 
2020-10-28T08:27:28.648+0000: [GC (Allocation Failure) 2020-10-28T08:27:28.648+0000: [ParNew: 16388K->4K(18432K), 0.0026690 secs] 615851K->599467K(896640K), 0.0027178 secs] [Times: user=0.01 sys=0.00, real=0.00 secs] 
2020-10-28T08:27:28.676+0000: [GC (Allocation Failure) 2020-10-28T08:27:28.676+0000: [ParNew: 16388K->4K(18432K), 0.0026751 secs] 615851K->599467K(896640K), 0.0027229 secs] [Times: user=0.01 sys=0.00, real=0.00 secs] 
2020-10-28T08:27:28.704+0000: [GC (Allocation Failure) 2020-10-28T08:27:28.704+0000: [ParNew: 16388K->4K(18432K), 0.0027527 secs] 615851K->599467K(896640K), 0.0028148 secs] [Times: user=0.00 sys=0.00, real=0.00 secs] 
2020-10-28T08:27:28.728+0000: [GC (Allocation Failure) 2020-10-28T08:27:28.728+0000: [ParNew: 16388K->4K(18432K), 0.0026968 secs] 615851K->599467K(896640K), 0.0027563 secs] [Times: user=0.00 sys=0.00, real=0.00 secs] 
2020-10-28T08:27:28.753+0000: [GC (Allocation Failure) 2020-10-28T08:27:28.753+0000: [ParNew: 16388K->4K(18432K), 0.0028061 secs] 615851K->599467K(896640K), 0.0028551 secs] [Times: user=0.00 sys=0.00, real=0.00 secs] 
2020-10-28T08:27:28.778+0000: [GC (Allocation Failure) 2020-10-28T08:27:28.778+0000: [ParNew: 16388K->4K(18432K), 0.0027255 secs] 615851K->599467K(896640K), 0.0027735 secs] [Times: user=0.00 sys=0.00, real=0.01 secs] 
2020-10-28T08:27:28.804+0000: [GC (Allocation Failure) 2020-10-28T08:27:28.804+0000: [ParNew: 16388K->4K(18432K), 0.0025946 secs] 615851K->599467K(896640K), 0.0026492 secs] [Times: user=0.01 sys=0.00, real=0.00 secs] 
2020-10-28T08:27:28.832+0000: [GC (Allocation Failure) 2020-10-28T08:27:28.832+0000: [ParNew: 16388K->4K(18432K), 0.0026595 secs] 615851K->599467K(896640K), 0.0027067 secs] [Times: user=0.00 sys=0.00, real=0.00 secs] 
2020-10-28T08:27:28.856+0000: [GC (Allocation Failure) 2020-10-28T08:27:28.856+0000: [ParNew: 16388K->4K(18432K), 0.0025921 secs] 615851K->599467K(896640K), 0.0026441 secs] [Times: user=0.00 sys=0.00, real=0.00 secs] 
2020-10-28T08:27:28.884+0000: [GC (Allocation Failure) 2020-10-28T08:27:28.884+0000: [ParNew: 16388K->4K(18432K), 0.0026377 secs] 615851K->599467K(896640K), 0.0026843 secs] [Times: user=0.01 sys=0.00, real=0.00 secs] 
2020-10-28T08:27:28.908+0000: [GC (Allocation Failure) 2020-10-28T08:27:28.908+0000: [ParNew: 16388K->4K(18432K), 0.0027142 secs] 615851K->599467K(896640K), 0.0027640 secs] [Times: user=0.01 sys=0.00, real=0.00 secs] 
2020-10-28T08:27:28.932+0000: [GC (Allocation Failure) 2020-10-28T08:27:28.932+0000: [ParNew: 16388K->4K(18432K), 0.0026962 secs] 615851K->599467K(896640K), 0.0027447 secs] [Times: user=0.00 sys=0.00, real=0.00 secs] 
2020-10-28T08:27:28.957+0000: [GC (Allocation Failure) 2020-10-28T08:27:28.957+0000: [ParNew: 16388K->4K(18432K), 0.0026576 secs] 615851K->599467K(896640K), 0.0027046 secs] [Times: user=0.00 sys=0.00, real=0.00 secs] 
2020-10-28T08:27:28.981+0000: [GC (Allocation Failure) 2020-10-28T08:27:28.981+0000: [ParNew: 16388K->4K(18432K), 0.0027294 secs] 615851K->599467K(896640K), 0.0027789 secs] [Times: user=0.00 sys=0.00, real=0.00 secs] 
2020-10-28T08:27:29.008+0000: [GC (Allocation Failure) 2020-10-28T08:27:29.008+0000: [ParNew: 16388K->4K(18432K), 0.0027032 secs] 615851K->599467K(896640K), 0.0027533 secs] [Times: user=0.01 sys=0.00, real=0.00 secs] 
2020-10-28T08:27:29.033+0000: [GC (Allocation Failure) 2020-10-28T08:27:29.033+0000: [ParNew: 16388K->4K(18432K), 0.0027106 secs] 615851K->599467K(896640K), 0.0027592 secs] [Times: user=0.01 sys=0.00, real=0.00 secs] 
2020-10-28T08:27:29.057+0000: [GC (GCLocker Initiated GC) 2020-10-28T08:27:29.057+0000: [ParNew: 16388K->4K(18432K), 0.0026266 secs] 615851K->599467K(896640K), 0.0026743 secs] [Times: user=0.00 sys=0.00, real=0.01 secs] 
2020-10-28T08:27:29.084+0000: [GC (Allocation Failure) 2020-10-28T08:27:29.084+0000: [ParNew: 16388K->4K(18432K), 0.0026524 secs] 615851K->599467K(896640K), 0.0026974 secs] [Times: user=0.01 sys=0.00, real=0.00 secs] 
2020-10-28T08:27:29.111+0000: [GC (Allocation Failure) 2020-10-28T08:27:29.111+0000: [ParNew: 16388K->2K(18432K), 0.0045331 secs] 615851K->599465K(896640K), 0.0045795 secs] [Times: user=0.01 sys=0.00, real=0.00 secs] 
2020-10-28T08:27:29.140+0000: [GC (Allocation Failure) 2020-10-28T08:27:29.140+0000: [ParNew: 16386K->4K(18432K), 0.0044589 secs] 615849K->599467K(896640K), 0.0045073 secs] [Times: user=0.01 sys=0.00, real=0.00 secs] 
2020-10-28T08:27:29.169+0000: [GC (Allocation Failure) 2020-10-28T08:27:29.169+0000: [ParNew: 16388K->4K(18432K), 0.0027184 secs] 615851K->599467K(896640K), 0.0027695 secs] [Times: user=0.01 sys=0.00, real=0.00 secs] 
2020-10-28T08:27:29.196+0000: [GC (Allocation Failure) 2020-10-28T08:27:29.196+0000: [ParNew: 16388K->4K(18432K), 0.0026638 secs] 615851K->599467K(896640K), 0.0027102 secs] [Times: user=0.01 sys=0.00, real=0.00 secs] 
2020-10-28T08:27:29.221+0000: [GC (Allocation Failure) 2020-10-28T08:27:29.221+0000: [ParNew: 16388K->4K(18432K), 0.0026592 secs] 615851K->599467K(896640K), 0.0027177 secs] [Times: user=0.00 sys=0.00, real=0.00 secs] 
2020-10-28T08:27:29.245+0000: [GC (Allocation Failure) 2020-10-28T08:27:29.245+0000: [ParNew: 16388K->4K(18432K), 0.0026312 secs] 615851K->599467K(896640K), 0.0026774 secs] [Times: user=0.00 sys=0.00, real=0.00 secs] 
2020-10-28T08:27:29.272+0000: [GC (Allocation Failure) 2020-10-28T08:27:29.272+0000: [ParNew: 16388K->4K(18432K), 0.0027580 secs] 615851K->599467K(896640K), 0.0028024 secs] [Times: user=0.01 sys=0.00, real=0.00 secs] 
2020-10-28T08:27:29.296+0000: [GC (Allocation Failure) 2020-10-28T08:27:29.296+0000: [ParNew: 16388K->4K(18432K), 0.0026933 secs] 615851K->599467K(896640K), 0.0027409 secs] [Times: user=0.01 sys=0.00, real=0.00 secs] 
2020-10-28T08:27:29.321+0000: [GC (Allocation Failure) 2020-10-28T08:27:29.321+0000: [ParNew: 16388K->4K(18432K), 0.0026337 secs] 615851K->599467K(896640K), 0.0026797 secs] [Times: user=0.00 sys=0.00, real=0.00 secs] 
2020-10-28T08:27:29.344+0000: [GC (Allocation Failure) 2020-10-28T08:27:29.345+0000: [ParNew: 16388K->4K(18432K), 0.0026205 secs] 615851K->599467K(896640K), 0.0026662 secs] [Times: user=0.00 sys=0.00, real=0.00 secs] 
2020-10-28T08:27:29.369+0000: [GC (Allocation Failure) 2020-10-28T08:27:29.369+0000: [ParNew: 16388K->4K(18432K), 0.0027406 secs] 615851K->599467K(896640K), 0.0027914 secs] [Times: user=0.01 sys=0.00, real=0.00 secs] 
2020-10-28T08:27:29.393+0000: [GC (Allocation Failure) 2020-10-28T08:27:29.393+0000: [ParNew: 16388K->4K(18432K), 0.0026665 secs] 615851K->599467K(896640K), 0.0027139 secs] [Times: user=0.01 sys=0.00, real=0.00 secs] 
2020-10-28T08:27:29.422+0000: [GC (Allocation Failure) 2020-10-28T08:27:29.422+0000: [ParNew: 16388K->4K(18432K), 0.0026723 secs] 615851K->599467K(896640K), 0.0027198 secs] [Times: user=0.00 sys=0.00, real=0.00 secs] 
2020-10-28T08:27:29.446+0000: [GC (Allocation Failure) 2020-10-28T08:27:29.446+0000: [ParNew: 16388K->4K(18432K), 0.0026512 secs] 615851K->599467K(896640K), 0.0026968 secs] [Times: user=0.01 sys=0.00, real=0.01 secs] 
2020-10-28T08:27:29.472+0000: [GC (Allocation Failure) 2020-10-28T08:27:29.472+0000: [ParNew: 16388K->4K(18432K), 0.0026445 secs] 615851K->599467K(896640K), 0.0026912 secs] [Times: user=0.01 sys=0.00, real=0.00 secs] 
2020-10-28T08:27:29.497+0000: [GC (Allocation Failure) 2020-10-28T08:27:29.497+0000: [ParNew: 16388K->4K(18432K), 0.0026403 secs] 615851K->599467K(896640K), 0.0026875 secs] [Times: user=0.01 sys=0.00, real=0.00 secs] 
2020-10-28T08:27:29.524+0000: [GC (Allocation Failure) 2020-10-28T08:27:29.524+0000: [ParNew: 16388K->4K(18432K), 0.0026793 secs] 615851K->599467K(896640K), 0.0027288 secs] [Times: user=0.01 sys=0.00, real=0.00 secs] 
2020-10-28T08:27:29.549+0000: [GC (Allocation Failure) 2020-10-28T08:27:29.549+0000: [ParNew: 16388K->4K(18432K), 0.0027636 secs] 615851K->599467K(896640K), 0.0028146 secs] [Times: user=0.00 sys=0.00, real=0.00 secs] 
2020-10-28T08:27:29.576+0000: [GC (Allocation Failure) 2020-10-28T08:27:29.576+0000: [ParNew: 16388K->4K(18432K), 0.0026573 secs] 615851K->599467K(896640K), 0.0027040 secs] [Times: user=0.01 sys=0.00, real=0.00 secs] 
2020-10-28T08:27:29.601+0000: [GC (Allocation Failure) 2020-10-28T08:27:29.601+0000: [ParNew: 16388K->4K(18432K), 0.0026976 secs] 615851K->599467K(896640K), 0.0027451 secs] [Times: user=0.01 sys=0.00, real=0.00 secs] 
2020-10-28T08:27:29.628+0000: [GC (Allocation Failure) 2020-10-28T08:27:29.628+0000: [ParNew: 16388K->4K(18432K), 0.0026114 secs] 615851K->599467K(896640K), 0.0026578 secs] [Times: user=0.00 sys=0.00, real=0.00 secs] 
2020-10-28T08:27:29.657+0000: [GC (Allocation Failure) 2020-10-28T08:27:29.657+0000: [ParNew: 16388K->4K(18432K), 0.0027004 secs] 615851K->599467K(896640K), 0.0027575 secs] [Times: user=0.01 sys=0.00, real=0.00 secs] 
2020-10-28T08:27:29.681+0000: [GC (Allocation Failure) 2020-10-28T08:27:29.682+0000: [ParNew: 16388K->4K(18432K), 0.0026880 secs] 615851K->599467K(896640K), 0.0027347 secs] [Times: user=0.00 sys=0.00, real=0.00 secs] 
2020-10-28T08:27:29.707+0000: [GC (Allocation Failure) 2020-10-28T08:27:29.707+0000: [ParNew: 16388K->4K(18432K), 0.0026841 secs] 615851K->599467K(896640K), 0.0027300 secs] [Times: user=0.01 sys=0.00, real=0.01 secs] 
2020-10-28T08:27:29.732+0000: [GC (Allocation Failure) 2020-10-28T08:27:29.732+0000: [ParNew: 16388K->4K(18432K), 0.0026657 secs] 615851K->599467K(896640K), 0.0027141 secs] [Times: user=0.01 sys=0.00, real=0.00 secs] 
2020-10-28T08:27:29.756+0000: [GC (Allocation Failure) 2020-10-28T08:27:29.756+0000: [ParNew: 16388K->4K(18432K), 0.0027296 secs] 615851K->599467K(896640K), 0.0027833 secs] [Times: user=0.00 sys=0.00, real=0.00 secs] 
2020-10-28T08:27:29.783+0000: [GC (Allocation Failure) 2020-10-28T08:27:29.783+0000: [ParNew: 16388K->4K(18432K), 0.0027587 secs] 615851K->599467K(896640K), 0.0028274 secs] [Times: user=0.00 sys=0.00, real=0.00 secs] 
2020-10-28T08:27:29.809+0000: [GC (Allocation Failure) 2020-10-28T08:27:29.809+0000: [ParNew: 16388K->4K(18432K), 0.0027227 secs] 615851K->599467K(896640K), 0.0027718 secs] [Times: user=0.00 sys=0.00, real=0.00 secs] 
2020-10-28T08:27:29.843+0000: [GC (Allocation Failure) 2020-10-28T08:27:29.843+0000: [ParNew: 16388K->4K(18432K), 0.0027418 secs] 615851K->599467K(896640K), 0.0027930 secs] [Times: user=0.00 sys=0.00, real=0.00 secs] 
2020-10-28T08:27:29.879+0000: [GC (Allocation Failure) 2020-10-28T08:27:29.879+0000: [ParNew: 16388K->4K(18432K), 0.0027490 secs] 615851K->599467K(896640K), 0.0028165 secs] [Times: user=0.01 sys=0.00, real=0.01 secs] 
2020-10-28T08:27:29.907+0000: [GC (Allocation Failure) 2020-10-28T08:27:29.907+0000: [ParNew: 16388K->4K(18432K), 0.0027485 secs] 615851K->599467K(896640K), 0.0027997 secs] [Times: user=0.01 sys=0.00, real=0.01 secs] 
2020-10-28T08:27:29.932+0000: [GC (Allocation Failure) 2020-10-28T08:27:29.932+0000: [ParNew: 16388K->4K(18432K), 0.0027611 secs] 615851K->599467K(896640K), 0.0028078 secs] [Times: user=0.01 sys=0.00, real=0.00 secs] 
2020-10-28T08:27:29.960+0000: [GC (Allocation Failure) 2020-10-28T08:27:29.960+0000: [ParNew: 16388K->4K(18432K), 0.0027112 secs] 615851K->599467K(896640K), 0.0027564 secs] [Times: user=0.01 sys=0.00, real=0.00 secs] 
2020-10-28T08:27:29.991+0000: [GC (Allocation Failure) 2020-10-28T08:27:29.991+0000: [ParNew: 16388K->4K(18432K), 0.0027833 secs] 615851K->599467K(896640K), 0.0028299 secs] [Times: user=0.01 sys=0.00, real=0.00 secs] 
2020-10-28T08:27:30.016+0000: [GC (Allocation Failure) 2020-10-28T08:27:30.016+0000: [ParNew: 16388K->4K(18432K), 0.0027065 secs] 615851K->599468K(896640K), 0.0027563 secs] [Times: user=0.00 sys=0.00, real=0.00 secs] 
2020-10-28T08:27:30.044+0000: [GC (Allocation Failure) 2020-10-28T08:27:30.044+0000: [ParNew: 16388K->4K(18432K), 0.0026479 secs] 615852K->599468K(896640K), 0.0026951 secs] [Times: user=0.00 sys=0.00, real=0.00 secs] 
2020-10-28T08:27:30.071+0000: [GC (Allocation Failure) 2020-10-28T08:27:30.071+0000: [ParNew: 16388K->4K(18432K), 0.0025968 secs] 615852K->599468K(896640K), 0.0026431 secs] [Times: user=0.00 sys=0.00, real=0.00 secs] 
2020-10-28T08:27:30.096+0000: [GC (Allocation Failure) 2020-10-28T08:27:30.096+0000: [ParNew: 16388K->4K(18432K), 0.0026488 secs] 615852K->599468K(896640K), 0.0027175 secs] [Times: user=0.00 sys=0.01, real=0.00 secs] 
2020-10-28T08:27:30.123+0000: [GC (Allocation Failure) 2020-10-28T08:27:30.123+0000: [ParNew: 16388K->4K(18432K), 0.0026906 secs] 615852K->599468K(896640K), 0.0027375 secs] [Times: user=0.01 sys=0.00, real=0.00 secs] 
2020-10-28T08:27:30.148+0000: [GC (Allocation Failure) 2020-10-28T08:27:30.148+0000: [ParNew: 16388K->4K(18432K), 0.0026914 secs] 615852K->599468K(896640K), 0.0027401 secs] [Times: user=0.00 sys=0.00, real=0.00 secs] 
2020-10-28T08:27:30.172+0000: [GC (Allocation Failure) 2020-10-28T08:27:30.172+0000: [ParNew: 16388K->4K(18432K), 0.0026385 secs] 615852K->599468K(896640K), 0.0026853 secs] [Times: user=0.00 sys=0.00, real=0.00 secs] 
2020-10-28T08:27:30.198+0000: [GC (Allocation Failure) 2020-10-28T08:27:30.199+0000: [ParNew: 16388K->4K(18432K), 0.0026600 secs] 615852K->599468K(896640K), 0.0027065 secs] [Times: user=0.00 sys=0.00, real=0.01 secs] 
2020-10-28T08:27:30.223+0000: [GC (Allocation Failure) 2020-10-28T08:27:30.223+0000: [ParNew: 16388K->4K(18432K), 0.0027902 secs] 615852K->599468K(896640K), 0.0028506 secs] [Times: user=0.01 sys=0.00, real=0.00 secs] 
2020-10-28T08:27:30.248+0000: [GC (Allocation Failure) 2020-10-28T08:27:30.248+0000: [ParNew: 16388K->4K(18432K), 0.0027527 secs] 615852K->599468K(896640K), 0.0028036 secs] [Times: user=0.01 sys=0.00, real=0.00 secs] 
2020-10-28T08:27:30.272+0000: [GC (Allocation Failure) 2020-10-28T08:27:30.272+0000: [ParNew: 16388K->4K(18432K), 0.0027534 secs] 615852K->599468K(896640K), 0.0028032 secs] [Times: user=0.00 sys=0.00, real=0.00 secs] 
2020-10-28T08:27:30.296+0000: [GC (Allocation Failure) 2020-10-28T08:27:30.296+0000: [ParNew: 16388K->4K(18432K), 0.0026779 secs] 615852K->599468K(896640K), 0.0027255 secs] [Times: user=0.00 sys=0.00, real=0.00 secs] 
2020-10-28T08:27:30.320+0000: [GC (Allocation Failure) 2020-10-28T08:27:30.320+0000: [ParNew: 16388K->4K(18432K), 0.0025993 secs] 615852K->599468K(896640K), 0.0026451 secs] [Times: user=0.01 sys=0.00, real=0.00 secs] 
2020-10-28T08:27:30.344+0000: [GC (Allocation Failure) 2020-10-28T08:27:30.344+0000: [ParNew: 16388K->4K(18432K), 0.0025558 secs] 615852K->599468K(896640K), 0.0026009 secs] [Times: user=0.01 sys=0.00, real=0.00 secs] 
2020-10-28T08:27:30.372+0000: [GC (Allocation Failure) 2020-10-28T08:27:30.372+0000: [ParNew: 16388K->4K(18432K), 0.0027008 secs] 615852K->599468K(896640K), 0.0027500 secs] [Times: user=0.01 sys=0.00, real=0.00 secs] 
2020-10-28T08:27:30.396+0000: [GC (Allocation Failure) 2020-10-28T08:27:30.396+0000: [ParNew: 16388K->4K(18432K), 0.0026791 secs] 615852K->599468K(896640K), 0.0027255 secs] [Times: user=0.01 sys=0.00, real=0.00 secs] 
2020-10-28T08:27:30.420+0000: [GC (Allocation Failure) 2020-10-28T08:27:30.420+0000: [ParNew: 16388K->4K(18432K), 0.0027059 secs] 615852K->599468K(896640K), 0.0027520 secs] [Times: user=0.00 sys=0.00, real=0.00 secs] 
2020-10-28T08:27:30.448+0000: [GC (Allocation Failure) 2020-10-28T08:27:30.448+0000: [ParNew: 16388K->4K(18432K), 0.0026591 secs] 615852K->599468K(896640K), 0.0027058 secs] [Times: user=0.00 sys=0.00, real=0.00 secs] 
2020-10-28T08:27:30.476+0000: [GC (Allocation Failure) 2020-10-28T08:27:30.476+0000: [ParNew: 16388K->4K(18432K), 0.0026280 secs] 615852K->599468K(896640K), 0.0026743 secs] [Times: user=0.00 sys=0.00, real=0.00 secs] 
2020-10-28T08:27:30.499+0000: [GC (Allocation Failure) 2020-10-28T08:27:30.499+0000: [ParNew: 16388K->4K(18432K), 0.0026327 secs] 615852K->599468K(896640K), 0.0026790 secs] [Times: user=0.00 sys=0.00, real=0.01 secs] 
2020-10-28T08:27:30.524+0000: [GC (Allocation Failure) 2020-10-28T08:27:30.524+0000: [ParNew: 16388K->4K(18432K), 0.0027037 secs] 615852K->599468K(896640K), 0.0027549 secs] [Times: user=0.01 sys=0.00, real=0.00 secs] 
2020-10-28T08:27:30.549+0000: [GC (Allocation Failure) 2020-10-28T08:27:30.549+0000: [ParNew: 16388K->4K(18432K), 0.0027604 secs] 615852K->599468K(896640K), 0.0028119 secs] [Times: user=0.00 sys=0.00, real=0.00 secs] 
2020-10-28T08:27:30.573+0000: [GC (Allocation Failure) 2020-10-28T08:27:30.573+0000: [ParNew: 16388K->4K(18432K), 0.0027475 secs] 615852K->599468K(896640K), 0.0027995 secs] [Times: user=0.00 sys=0.00, real=0.00 secs] 
2020-10-28T08:27:30.598+0000: [GC (Allocation Failure) 2020-10-28T08:27:30.598+0000: [ParNew: 16388K->4K(18432K), 0.0027524 secs] 615852K->599468K(896640K), 0.0028017 secs] [Times: user=0.01 sys=0.00, real=0.01 secs] 
2020-10-28T08:27:30.622+0000: [GC (Allocation Failure) 2020-10-28T08:27:30.622+0000: [ParNew: 16388K->4K(18432K), 0.0026615 secs] 615852K->599468K(896640K), 0.0027100 secs] [Times: user=0.00 sys=0.00, real=0.00 secs] 
2020-10-28T08:27:30.648+0000: [GC (Allocation Failure) 2020-10-28T08:27:30.648+0000: [ParNew: 16388K->4K(18432K), 0.0026990 secs] 615852K->599468K(896640K), 0.0027469 secs] [Times: user=0.00 sys=0.00, real=0.00 secs] 
2020-10-28T08:27:30.676+0000: [GC (Allocation Failure) 2020-10-28T08:27:30.676+0000: [ParNew: 16388K->4K(18432K), 0.0026467 secs] 615852K->599468K(896640K), 0.0026918 secs] [Times: user=0.01 sys=0.00, real=0.00 secs] 
2020-10-28T08:27:30.700+0000: [GC (Allocation Failure) 2020-10-28T08:27:30.700+0000: [ParNew: 16388K->4K(18432K), 0.0026483 secs] 615852K->599468K(896640K), 0.0026934 secs] [Times: user=0.01 sys=0.00, real=0.00 secs] 
2020-10-28T08:27:30.724+0000: [GC (Allocation Failure) 2020-10-28T08:27:30.724+0000: [ParNew: 16388K->4K(18432K), 0.0026900 secs] 615852K->599468K(896640K), 0.0027393 secs] [Times: user=0.00 sys=0.00, real=0.00 secs] 
2020-10-28T08:27:30.749+0000: [GC (Allocation Failure) 2020-10-28T08:27:30.749+0000: [ParNew: 16388K->4K(18432K), 0.0027296 secs] 615852K->599468K(896640K), 0.0027784 secs] [Times: user=0.00 sys=0.00, real=0.00 secs] 
2020-10-28T08:27:30.776+0000: [GC (Allocation Failure) 2020-10-28T08:27:30.776+0000: [ParNew: 16388K->4K(18432K), 0.0026474 secs] 615852K->599468K(896640K), 0.0026962 secs] [Times: user=0.00 sys=0.00, real=0.00 secs] 
2020-10-28T08:27:30.800+0000: [GC (Allocation Failure) 2020-10-28T08:27:30.800+0000: [ParNew: 16388K->4K(18432K), 0.0026541 secs] 615852K->599468K(896640K), 0.0027018 secs] [Times: user=0.00 sys=0.00, real=0.00 secs] 
2020-10-28T08:27:30.824+0000: [GC (Allocation Failure) 2020-10-28T08:27:30.824+0000: [ParNew: 16388K->4K(18432K), 0.0026347 secs] 615852K->599468K(896640K), 0.0026773 secs] [Times: user=0.01 sys=0.00, real=0.00 secs] 
2020-10-28T08:27:30.854+0000: [GC (Allocation Failure) 2020-10-28T08:27:30.854+0000: [ParNew: 16388K->4K(18432K), 0.0027424 secs] 615852K->599468K(896640K), 0.0028016 secs] [Times: user=0.00 sys=0.00, real=0.00 secs] 
2020-10-28T08:27:30.880+0000: [GC (Allocation Failure) 2020-10-28T08:27:30.880+0000: [ParNew: 16388K->4K(18432K), 0.0026937 secs] 615852K->599468K(896640K), 0.0027432 secs] [Times: user=0.00 sys=0.00, real=0.00 secs] 
2020-10-28T08:27:30.908+0000: [GC (Allocation Failure) 2020-10-28T08:27:30.908+0000: [ParNew: 16388K->4K(18432K), 0.0026922 secs] 615852K->599468K(896640K), 0.0027412 secs] [Times: user=0.01 sys=0.00, real=0.00 secs] 
2020-10-28T08:27:30.932+0000: [GC (Allocation Failure) 2020-10-28T08:27:30.932+0000: [ParNew: 16388K->4K(18432K), 0.0027632 secs] 615852K->599468K(896640K), 0.0028131 secs] [Times: user=0.00 sys=0.00, real=0.00 secs] 
2020-10-28T08:27:30.958+0000: [GC (Allocation Failure) 2020-10-28T08:27:30.958+0000: [ParNew: 16388K->4K(18432K), 0.0027483 secs] 615852K->599468K(896640K), 0.0027988 secs] [Times: user=0.00 sys=0.00, real=0.01 secs] 
2020-10-28T08:27:30.982+0000: [GC (Allocation Failure) 2020-10-28T08:27:30.982+0000: [ParNew: 16388K->4K(18432K), 0.0026729 secs] 615852K->599468K(896640K), 0.0027155 secs] [Times: user=0.00 sys=0.00, real=0.00 secs] 
2020-10-28T08:27:31.006+0000: [GC (Allocation Failure) 2020-10-28T08:27:31.006+0000: [ParNew: 16388K->4K(18432K), 0.0027245 secs] 615852K->599468K(896640K), 0.0027735 secs] [Times: user=0.01 sys=0.00, real=0.01 secs] 
2020-10-28T08:27:31.032+0000: [GC (Allocation Failure) 2020-10-28T08:27:31.032+0000: [ParNew: 16388K->4K(18432K), 0.0026910 secs] 615852K->599468K(896640K), 0.0027389 secs] [Times: user=0.01 sys=0.00, real=0.00 secs] 
2020-10-28T08:27:31.060+0000: [GC (Allocation Failure) 2020-10-28T08:27:31.060+0000: [ParNew: 16388K->4K(18432K), 0.0027381 secs] 615852K->599468K(896640K), 0.0027887 secs] [Times: user=0.00 sys=0.00, real=0.00 secs] 
2020-10-28T08:27:31.088+0000: [GC (Allocation Failure) 2020-10-28T08:27:31.088+0000: [ParNew: 16388K->4K(18432K), 0.0026583 secs] 615852K->599468K(896640K), 0.0027046 secs] [Times: user=0.01 sys=0.00, real=0.00 secs] 
2020-10-28T08:27:31.112+0000: [GC (Allocation Failure) 2020-10-28T08:27:31.112+0000: [ParNew: 16388K->4K(18432K), 0.0031521 secs] 615852K->599468K(896640K), 0.0031975 secs] [Times: user=0.00 sys=0.00, real=0.00 secs] 
2020-10-28T08:27:31.136+0000: [GC (Allocation Failure) 2020-10-28T08:27:31.136+0000: [ParNew: 16388K->4K(18432K), 0.0026870 secs] 615852K->599468K(896640K), 0.0027331 secs] [Times: user=0.01 sys=0.00, real=0.00 secs] 
2020-10-28T08:27:31.164+0000: [GC (Allocation Failure) 2020-10-28T08:27:31.164+0000: [ParNew: 16388K->4K(18432K), 0.0026356 secs] 615852K->599468K(896640K), 0.0026817 secs] [Times: user=0.00 sys=0.00, real=0.00 secs] 
2020-10-28T08:27:31.198+0000: [GC (Allocation Failure) 2020-10-28T08:27:31.198+0000: [ParNew: 16388K->4K(18432K), 0.0027542 secs] 615852K->599468K(896640K), 0.0028096 secs] [Times: user=0.01 sys=0.00, real=0.01 secs] 
2020-10-28T08:27:31.224+0000: [GC (Allocation Failure) 2020-10-28T08:27:31.224+0000: [ParNew: 16388K->4K(18432K), 0.0026665 secs] 615852K->599468K(896640K), 0.0027126 secs] [Times: user=0.00 sys=0.00, real=0.00 secs] 
2020-10-28T08:27:31.249+0000: [GC (Allocation Failure) 2020-10-28T08:27:31.249+0000: [ParNew: 16388K->4K(18432K), 0.0026000 secs] 615852K->599468K(896640K), 0.0026471 secs] [Times: user=0.00 sys=0.00, real=0.00 secs] 
2020-10-28T08:27:31.273+0000: [GC (Allocation Failure) 2020-10-28T08:27:31.273+0000: [ParNew: 16388K->4K(18432K), 0.0027444 secs] 615852K->599468K(896640K), 0.0027867 secs] [Times: user=0.01 sys=0.00, real=0.00 secs] 
2020-10-28T08:27:31.300+0000: [GC (Allocation Failure) 2020-10-28T08:27:31.300+0000: [ParNew: 16388K->4K(18432K), 0.0026976 secs] 615852K->599468K(896640K), 0.0027459 secs] [Times: user=0.00 sys=0.01, real=0.00 secs] 
2020-10-28T08:27:31.328+0000: [GC (Allocation Failure) 2020-10-28T08:27:31.328+0000: [ParNew: 16388K->4K(18432K), 0.0026126 secs] 615852K->599468K(896640K), 0.0026595 secs] [Times: user=0.00 sys=0.00, real=0.00 secs] 
2020-10-28T08:27:31.352+0000: [GC (Allocation Failure) 2020-10-28T08:27:31.352+0000: [ParNew: 16388K->4K(18432K), 0.0026518 secs] 615852K->599468K(896640K), 0.0026989 secs] [Times: user=0.01 sys=0.00, real=0.00 secs] 
2020-10-28T08:27:31.377+0000: [GC (Allocation Failure) 2020-10-28T08:27:31.377+0000: [ParNew: 16388K->4K(18432K), 0.0027732 secs] 615852K->599468K(896640K), 0.0028248 secs] [Times: user=0.00 sys=0.00, real=0.01 secs] 
2020-10-28T08:27:31.402+0000: [GC (Allocation Failure) 2020-10-28T08:27:31.402+0000: [ParNew: 16388K->4K(18432K), 0.0027670 secs] 615852K->599468K(896640K), 0.0028162 secs] [Times: user=0.00 sys=0.00, real=0.00 secs] 
2020-10-28T08:27:31.426+0000: [GC (Allocation Failure) 2020-10-28T08:27:31.426+0000: [ParNew: 16388K->4K(18432K), 0.0027865 secs] 615852K->599468K(896640K), 0.0028366 secs] [Times: user=0.01 sys=0.00, real=0.01 secs] 
2020-10-28T08:27:31.452+0000: [GC (Allocation Failure) 2020-10-28T08:27:31.452+0000: [ParNew: 16388K->4K(18432K), 0.0027569 secs] 615852K->599468K(896640K), 0.0028090 secs] [Times: user=0.01 sys=0.00, real=0.00 secs] 
2020-10-28T08:27:31.476+0000: [GC (Allocation Failure) 2020-10-28T08:27:31.476+0000: [ParNew: 16388K->4K(18432K), 0.0027808 secs] 615852K->599468K(896640K), 0.0028333 secs] [Times: user=0.00 sys=0.00, real=0.00 secs] 
2020-10-28T08:27:31.500+0000: [GC (Allocation Failure) 2020-10-28T08:27:31.500+0000: [ParNew: 16388K->4K(18432K), 0.0027713 secs] 615852K->599468K(896640K), 0.0028237 secs] [Times: user=0.00 sys=0.00, real=0.00 secs] 
2020-10-28T08:27:31.525+0000: [GC (Allocation Failure) 2020-10-28T08:27:31.525+0000: [ParNew: 16388K->4K(18432K), 0.0028086 secs] 615852K->599468K(896640K), 0.0028636 secs] [Times: user=0.01 sys=0.00, real=0.01 secs] 
2020-10-28T08:27:31.549+0000: [GC (Allocation Failure) 2020-10-28T08:27:31.549+0000: [ParNew: 16388K->4K(18432K), 0.0027825 secs] 615852K->599468K(896640K), 0.0028341 secs] [Times: user=0.01 sys=0.00, real=0.00 secs] 
2020-10-28T08:27:31.574+0000: [GC (Allocation Failure) 2020-10-28T08:27:31.574+0000: [ParNew: 16388K->4K(18432K), 0.0027661 secs] 615852K->599468K(896640K), 0.0028173 secs] [Times: user=0.01 sys=0.00, real=0.00 secs] 
2020-10-28T08:27:31.598+0000: [GC (Allocation Failure) 2020-10-28T08:27:31.598+0000: [ParNew: 16388K->4K(18432K), 0.0027125 secs] 615852K->599468K(896640K), 0.0027610 secs] [Times: user=0.00 sys=0.00, real=0.01 secs] 
2020-10-28T08:27:31.624+0000: [GC (Allocation Failure) 2020-10-28T08:27:31.624+0000: [ParNew: 16388K->4K(18432K), 0.0027154 secs] 615852K->599468K(896640K), 0.0027655 secs] [Times: user=0.00 sys=0.00, real=0.00 secs] 
2020-10-28T08:27:31.652+0000: [GC (Allocation Failure) 2020-10-28T08:27:31.652+0000: [ParNew: 16388K->4K(18432K), 0.0027670 secs] 615852K->599468K(896640K), 0.0028312 secs] [Times: user=0.01 sys=0.00, real=0.00 secs] 
2020-10-28T08:27:31.677+0000: [GC (Allocation Failure) 2020-10-28T08:27:31.677+0000: [ParNew: 16388K->4K(18432K), 0.0027946 secs] 615852K->599468K(896640K), 0.0028476 secs] [Times: user=0.01 sys=0.00, real=0.00 secs] 
2020-10-28T08:27:31.701+0000: [GC (Allocation Failure) 2020-10-28T08:27:31.701+0000: [ParNew: 16388K->4K(18432K), 0.0028036 secs] 615852K->599468K(896640K), 0.0028574 secs] [Times: user=0.00 sys=0.00, real=0.00 secs] 
2020-10-28T08:27:31.728+0000: [GC (Allocation Failure) 2020-10-28T08:27:31.728+0000: [ParNew: 16388K->4K(18432K), 0.0027929 secs] 615852K->599468K(896640K), 0.0028559 secs] [Times: user=0.00 sys=0.00, real=0.00 secs] 
2020-10-28T08:27:31.753+0000: [GC (Allocation Failure) 2020-10-28T08:27:31.753+0000: [ParNew: 16388K->4K(18432K), 0.0027496 secs] 615852K->599468K(896640K), 0.0028004 secs] [Times: user=0.00 sys=0.00, real=0.00 secs] 
2020-10-28T08:27:31.777+0000: [GC (Allocation Failure) 2020-10-28T08:27:31.777+0000: [ParNew: 16388K->4K(18432K), 0.0027384 secs] 615852K->599468K(896640K), 0.0027889 secs] [Times: user=0.01 sys=0.00, real=0.01 secs] 
2020-10-28T08:27:31.801+0000: [GC (Allocation Failure) 2020-10-28T08:27:31.801+0000: [ParNew: 16388K->4K(18432K), 0.0026876 secs] 615852K->599468K(896640K), 0.0027374 secs] [Times: user=0.01 sys=0.00, real=0.00 secs] 
2020-10-28T08:27:31.825+0000: [GC (Allocation Failure) 2020-10-28T08:27:31.825+0000: [ParNew: 16388K->4K(18432K), 0.0026522 secs] 615852K->599468K(896640K), 0.0026985 secs] [Times: user=0.00 sys=0.00, real=0.00 secs] 
2020-10-28T08:27:31.850+0000: [GC (Allocation Failure) 2020-10-28T08:27:31.850+0000: [ParNew: 16388K->4K(18432K), 0.0027347 secs] 615852K->599468K(896640K), 0.0027866 secs] [Times: user=0.01 sys=0.00, real=0.00 secs] 
2020-10-28T08:27:31.874+0000: [GC (Allocation Failure) 2020-10-28T08:27:31.874+0000: [ParNew: 16388K->4K(18432K), 0.0028448 secs] 615852K->599468K(896640K), 0.0028984 secs] [Times: user=0.00 sys=0.00, real=0.00 secs] 
2020-10-28T08:27:31.898+0000: [GC (Allocation Failure) 2020-10-28T08:27:31.898+0000: [ParNew: 16388K->4K(18432K), 0.0028076 secs] 615852K->599468K(896640K), 0.0028601 secs] [Times: user=0.01 sys=0.00, real=0.01 secs] 
2020-10-28T08:27:31.923+0000: [GC (Allocation Failure) 2020-10-28T08:27:31.923+0000: [ParNew: 16388K->4K(18432K), 0.0027996 secs] 615852K->599468K(896640K), 0.0028520 secs] [Times: user=0.00 sys=0.00, real=0.00 secs] 
2020-10-28T08:27:31.948+0000: [GC (Allocation Failure) 2020-10-28T08:27:31.948+0000: [ParNew: 16388K->4K(18432K), 0.0027208 secs] 615852K->599468K(896640K), 0.0027712 secs] [Times: user=0.00 sys=0.00, real=0.00 secs] 
2020-10-28T08:27:31.971+0000: [GC (Allocation Failure) 2020-10-28T08:27:31.971+0000: [ParNew: 16388K->4K(18432K), 0.0026881 secs] 615852K->599468K(896640K), 0.0027373 secs] [Times: user=0.01 sys=0.00, real=0.00 secs] 
2020-10-28T08:27:31.995+0000: [GC (Allocation Failure) 2020-10-28T08:27:31.995+0000: [ParNew: 16388K->4K(18432K), 0.0027934 secs] 615852K->599468K(896640K), 0.0028435 secs] [Times: user=0.00 sys=0.00, real=0.00 secs] 
2020-10-28T08:27:32.019+0000: [GC (Allocation Failure) 2020-10-28T08:27:32.019+0000: [ParNew: 16388K->4K(18432K), 0.0028717 secs] 615852K->599468K(896640K), 0.0029235 secs] [Times: user=0.01 sys=0.00, real=0.01 secs] 
2020-10-28T08:27:32.042+0000: [GC (Allocation Failure) 2020-10-28T08:27:32.042+0000: [ParNew: 16388K->4K(18432K), 0.0028601 secs] 615852K->599468K(896640K), 0.0029152 secs] [Times: user=0.01 sys=0.00, real=0.00 secs] 
2020-10-28T08:27:32.066+0000: [GC (Allocation Failure) 2020-10-28T08:27:32.066+0000: [ParNew: 16388K->4K(18432K), 0.0028101 secs] 615852K->599468K(896640K), 0.0028637 secs] [Times: user=0.00 sys=0.00, real=0.01 secs] 
2020-10-28T08:27:32.090+0000: [GC (Allocation Failure) 2020-10-28T08:27:32.090+0000: [ParNew: 16388K->4K(18432K), 0.0027362 secs] 615852K->599468K(896640K), 0.0027853 secs] [Times: user=0.01 sys=0.00, real=0.00 secs] 
2020-10-28T08:27:32.114+0000: [GC (Allocation Failure) 2020-10-28T08:27:32.114+0000: [ParNew: 16388K->4K(18432K), 0.0027347 secs] 615852K->599468K(896640K), 0.0027890 secs] [Times: user=0.01 sys=0.00, real=0.00 secs] 
2020-10-28T08:27:32.138+0000: [GC (Allocation Failure) 2020-10-28T08:27:32.138+0000: [ParNew: 16388K->4K(18432K), 0.0027444 secs] 615852K->599468K(896640K), 0.0027958 secs] [Times: user=0.00 sys=0.00, real=0.01 secs] 
2020-10-28T08:27:32.164+0000: [GC (Allocation Failure) 2020-10-28T08:27:32.164+0000: [ParNew: 16388K->4K(18432K), 0.0026817 secs] 615852K->599468K(896640K), 0.0027304 secs] [Times: user=0.00 sys=0.00, real=0.00 secs] 
2020-10-28T08:27:32.187+0000: [GC (Allocation Failure) 2020-10-28T08:27:32.187+0000: [ParNew: 16388K->4K(18432K), 0.0026531 secs] 615852K->599468K(896640K), 0.0027007 secs] [Times: user=0.01 sys=0.00, real=0.01 secs] 
2020-10-28T08:27:32.215+0000: [GC (Allocation Failure) 2020-10-28T08:27:32.215+0000: [ParNew: 16388K->4K(18432K), 0.0027312 secs] 615852K->599468K(896640K), 0.0027801 secs] [Times: user=0.01 sys=0.00, real=0.00 secs] 
2020-10-28T08:27:32.239+0000: [GC (Allocation Failure) 2020-10-28T08:27:32.239+0000: [ParNew: 16388K->4K(18432K), 0.0026794 secs] 615852K->599468K(896640K), 0.0027265 secs] [Times: user=0.00 sys=0.00, real=0.01 secs] 
2020-10-28T08:27:32.262+0000: [GC (Allocation Failure) 2020-10-28T08:27:32.262+0000: [ParNew: 16388K->4K(18432K), 0.0026633 secs] 615852K->599468K(896640K), 0.0027119 secs] [Times: user=0.00 sys=0.00, real=0.00 secs] 
2020-10-28T08:27:32.286+0000: [GC (Allocation Failure) 2020-10-28T08:27:32.286+0000: [ParNew: 16388K->4K(18432K), 0.0027275 secs] 615852K->599468K(896640K), 0.0027790 secs] [Times: user=0.01 sys=0.00, real=0.01 secs] 
2020-10-28T08:27:32.310+0000: [GC (Allocation Failure) 2020-10-28T08:27:32.310+0000: [ParNew: 16388K->4K(18432K), 0.0027297 secs] 615852K->599468K(896640K), 0.0027790 secs] [Times: user=0.01 sys=0.00, real=0.00 secs] 
2020-10-28T08:27:32.334+0000: [GC (GCLocker Initiated GC) 2020-10-28T08:27:32.335+0000: [ParNew: 16388K->4K(18432K), 0.0027422 secs] 615852K->599468K(896640K), 0.0027917 secs] [Times: user=0.00 sys=0.00, real=0.00 secs] 
2020-10-28T08:27:32.358+0000: [GC (Allocation Failure) 2020-10-28T08:27:32.358+0000: [ParNew: 16388K->4K(18432K), 0.0026926 secs] 615852K->599468K(896640K), 0.0027415 secs] [Times: user=0.01 sys=0.00, real=0.01 secs] 
2020-10-28T08:27:32.382+0000: [GC (Allocation Failure) 2020-10-28T08:27:32.382+0000: [ParNew: 16388K->4K(18432K), 0.0027537 secs] 615852K->599468K(896640K), 0.0028058 secs] [Times: user=0.00 sys=0.00, real=0.00 secs] 
2020-10-28T08:27:32.408+0000: [GC (Allocation Failure) 2020-10-28T08:27:32.408+0000: [ParNew: 16388K->4K(18432K), 0.0027294 secs] 615852K->599468K(896640K), 0.0027764 secs] [Times: user=0.00 sys=0.00, real=0.00 secs] 
2020-10-28T08:27:32.436+0000: [GC (Allocation Failure) 2020-10-28T08:27:32.436+0000: [ParNew: 16388K->4K(18432K), 0.0027374 secs] 615852K->599468K(896640K), 0.0027900 secs] [Times: user=0.00 sys=0.00, real=0.00 secs] 
2020-10-28T08:27:32.464+0000: [GC (Allocation Failure) 2020-10-28T08:27:32.464+0000: [ParNew: 16388K->4K(18432K), 0.0027336 secs] 615852K->599468K(896640K), 0.0027846 secs] [Times: user=0.00 sys=0.00, real=0.00 secs] 
2020-10-28T08:27:32.491+0000: [GC (Allocation Failure) 2020-10-28T08:27:32.491+0000: [ParNew: 16388K->4K(18432K), 0.0027242 secs] 615852K->599468K(896640K), 0.0027738 secs] [Times: user=0.01 sys=0.00, real=0.00 secs] 
2020-10-28T08:27:32.531+0000: [GC (Allocation Failure) 2020-10-28T08:27:32.531+0000: [ParNew: 16388K->4K(18432K), 0.0028899 secs] 615852K->599468K(896640K), 0.0029672 secs] [Times: user=0.00 sys=0.00, real=0.00 secs] 
2020-10-28T08:27:32.560+0000: [GC (Allocation Failure) 2020-10-28T08:27:32.560+0000: [ParNew: 16388K->4K(18432K), 0.0028025 secs] 615852K->599468K(896640K), 0.0028726 secs] [Times: user=0.00 sys=0.00, real=0.00 secs] 
2020-10-28T08:27:32.592+0000: [GC (Allocation Failure) 2020-10-28T08:27:32.592+0000: [ParNew: 16388K->4K(18432K), 0.0030366 secs] 615852K->599468K(896640K), 0.0030883 secs] [Times: user=0.01 sys=0.00, real=0.00 secs] 
2020-10-28T08:27:32.628+0000: [GC (Allocation Failure) 2020-10-28T08:27:32.628+0000: [ParNew: 16388K->4K(18432K), 0.0027760 secs] 615852K->599468K(896640K), 0.0028292 secs] [Times: user=0.00 sys=0.00, real=0.00 secs] 
2020-10-28T08:27:32.656+0000: [GC (Allocation Failure) 2020-10-28T08:27:32.656+0000: [ParNew: 16388K->4K(18432K), 0.0027100 secs] 615852K->599468K(896640K), 0.0027586 secs] [Times: user=0.01 sys=0.00, real=0.00 secs] 
2020-10-28T08:27:32.680+0000: [GC (Allocation Failure) 2020-10-28T08:27:32.680+0000: [ParNew: 16388K->4K(18432K), 0.0026921 secs] 615852K->599468K(896640K), 0.0027415 secs] [Times: user=0.00 sys=0.00, real=0.00 secs] 
2020-10-28T08:27:32.704+0000: [GC (Allocation Failure) 2020-10-28T08:27:32.704+0000: [ParNew: 16388K->4K(18432K), 0.0026398 secs] 615852K->599468K(896640K), 0.0026858 secs] [Times: user=0.01 sys=0.00, real=0.00 secs] 
2020-10-28T08:27:32.729+0000: [GC (Allocation Failure) 2020-10-28T08:27:32.729+0000: [ParNew: 16388K->4K(18432K), 0.0027649 secs] 615852K->599468K(896640K), 0.0028120 secs] [Times: user=0.01 sys=0.00, real=0.00 secs] 
2020-10-28T08:27:32.753+0000: [GC (Allocation Failure) 2020-10-28T08:27:32.753+0000: [ParNew: 16388K->4K(18432K), 0.0026366 secs] 615852K->599468K(896640K), 0.0026816 secs] [Times: user=0.00 sys=0.00, real=0.00 secs] 
2020-10-28T08:27:32.777+0000: [GC (Allocation Failure) 2020-10-28T08:27:32.777+0000: [ParNew: 16388K->4K(18432K), 0.0026438 secs] 615852K->599468K(896640K), 0.0026930 secs] [Times: user=0.00 sys=0.00, real=0.01 secs] 
2020-10-28T08:27:32.801+0000: [GC (Allocation Failure) 2020-10-28T08:27:32.801+0000: [ParNew: 16388K->4K(18432K), 0.0025698 secs] 615852K->599468K(896640K), 0.0026146 secs] [Times: user=0.01 sys=0.00, real=0.00 secs] 
2020-10-28T08:27:32.825+0000: [GC (Allocation Failure) 2020-10-28T08:27:32.825+0000: [ParNew: 16388K->4K(18432K), 0.0027170 secs] 615852K->599468K(896640K), 0.0027886 secs] [Times: user=0.00 sys=0.00, real=0.01 secs] 
2020-10-28T08:27:32.882+0000: [GC (Allocation Failure) 2020-10-28T08:27:32.882+0000: [ParNew: 16388K->19K(18432K), 0.0050460 secs] 615852K->599484K(896640K), 0.0050914 secs] [Times: user=0.01 sys=0.00, real=0.00 secs] 
2020-10-28T08:27:32.961+0000: [GC (Allocation Failure) 2020-10-28T08:27:32.961+0000: [ParNew: 16403K->513K(18432K), 0.0035267 secs] 615868K->599978K(896640K), 0.0035924 secs] [Times: user=0.01 sys=0.00, real=0.00 secs] 
2020-10-28T08:27:33.159+0000: [GC (Allocation Failure) 2020-10-28T08:27:33.159+0000: [ParNew: 16897K->704K(18432K), 0.0033691 secs] 616362K->600169K(896640K), 0.0034229 secs] [Times: user=0.01 sys=0.00, real=0.01 secs] 
2020-10-28T08:27:33.180+0000: [GC (Allocation Failure) 2020-10-28T08:27:33.180+0000: [ParNew: 17088K->903K(18432K), 0.0032530 secs] 616553K->600368K(896640K), 0.0032991 secs] [Times: user=0.00 sys=0.00, real=0.00 secs] 
2020-10-28T08:27:33.201+0000: [GC (Allocation Failure) 2020-10-28T08:27:33.201+0000: [ParNew: 17287K->1136K(18432K), 0.0031562 secs] 616752K->600600K(896640K), 0.0032002 secs] [Times: user=0.01 sys=0.00, real=0.00 secs] 
2020-10-28T08:27:33.226+0000: [GC (Allocation Failure) 2020-10-28T08:27:33.226+0000: [ParNew: 17520K->1158K(18432K), 0.0033196 secs] 616984K->600631K(896640K), 0.0033663 secs] [Times: user=0.01 sys=0.00, real=0.01 secs] 
2020-10-28T08:27:33.249+0000: [GC (Allocation Failure) 2020-10-28T08:27:33.249+0000: [ParNew: 17542K->722K(18432K), 0.0030590 secs] 617015K->600195K(896640K), 0.0031187 secs] [Times: user=0.00 sys=0.00, real=0.00 secs] 
2020-10-28T08:27:33.270+0000: [GC (Allocation Failure) 2020-10-28T08:27:33.270+0000: [ParNew: 17106K->469K(18432K), 0.0036065 secs] 616579K->600226K(896640K), 0.0036510 secs] [Times: user=0.01 sys=0.00, real=0.00 secs] 
2020-10-28T08:27:33.291+0000: [GC (Allocation Failure) 2020-10-28T08:27:33.291+0000: [ParNew: 16853K->100K(18432K), 0.0028567 secs] 616610K->600079K(896640K), 0.0029035 secs] [Times: user=0.00 sys=0.00, real=0.00 secs] 
2020-10-28T08:27:33.312+0000: [GC (Allocation Failure) 2020-10-28T08:27:33.312+0000: [ParNew: 16484K->50K(18432K), 0.0025833 secs] 616463K->600029K(896640K), 0.0026272 secs] [Times: user=0.00 sys=0.00, real=0.00 secs] 
2020-10-28T08:27:33.337+0000: [GC (Allocation Failure) 2020-10-28T08:27:33.337+0000: [ParNew: 16434K->12K(18432K), 0.0025997 secs] 616413K->599991K(896640K), 0.0026468 secs] [Times: user=0.00 sys=0.00, real=0.00 secs] 
2020-10-28T08:27:33.372+0000: [GC (Allocation Failure) 2020-10-28T08:27:33.372+0000: [ParNew: 16396K->4K(18432K), 0.0027237 secs] 616375K->599983K(896640K), 0.0027963 secs] [Times: user=0.00 sys=0.00, real=0.00 secs] 
2020-10-28T08:27:33.408+0000: [GC (Allocation Failure) 2020-10-28T08:27:33.408+0000: [ParNew: 16388K->4K(18432K), 0.0028413 secs] 616367K->599983K(896640K), 0.0029147 secs] [Times: user=0.00 sys=0.00, real=0.00 secs] 
2020-10-28T08:27:33.445+0000: [GC (Allocation Failure) 2020-10-28T08:27:33.445+0000: [ParNew: 16388K->4K(18432K), 0.0027049 secs] 616367K->599983K(896640K), 0.0027750 secs] [Times: user=0.00 sys=0.00, real=0.00 secs] 
2020-10-28T08:27:33.481+0000: [GC (Allocation Failure) 2020-10-28T08:27:33.481+0000: [ParNew: 16388K->4K(18432K), 0.0027366 secs] 616367K->599983K(896640K), 0.0028035 secs] [Times: user=0.01 sys=0.00, real=0.00 secs] 
2020-10-28T08:27:33.516+0000: [GC (Allocation Failure) 2020-10-28T08:27:33.516+0000: [ParNew: 16388K->4K(18432K), 0.0027960 secs] 616367K->599983K(896640K), 0.0028666 secs] [Times: user=0.00 sys=0.00, real=0.00 secs] 
2020-10-28T08:27:33.553+0000: [GC (Allocation Failure) 2020-10-28T08:27:33.553+0000: [ParNew: 16388K->4K(18432K), 0.0027990 secs] 616367K->599983K(896640K), 0.0028691 secs] [Times: user=0.01 sys=0.00, real=0.00 secs] 
2020-10-28T08:27:33.588+0000: [GC (Allocation Failure) 2020-10-28T08:27:33.588+0000: [ParNew: 16388K->4K(18432K), 0.0028786 secs] 616367K->599983K(896640K), 0.0029511 secs] [Times: user=0.01 sys=0.00, real=0.00 secs] 
2020-10-28T08:27:33.624+0000: [GC (Allocation Failure) 2020-10-28T08:27:33.624+0000: [ParNew: 16388K->4K(18432K), 0.0028290 secs] 616367K->599983K(896640K), 0.0028979 secs] [Times: user=0.01 sys=0.00, real=0.00 secs] 
2020-10-28T08:27:33.659+0000: [GC (Allocation Failure) 2020-10-28T08:27:33.659+0000: [ParNew: 16388K->4K(18432K), 0.0028449 secs] 616367K->599983K(896640K), 0.0029146 secs] [Times: user=0.01 sys=0.00, real=0.01 secs] 
2020-10-28T08:27:33.694+0000: [GC (Allocation Failure) 2020-10-28T08:27:33.694+0000: [ParNew: 16388K->4K(18432K), 0.0028801 secs] 616367K->599983K(896640K), 0.0029496 secs] [Times: user=0.00 sys=0.00, real=0.00 secs] 
2020-10-28T08:27:33.727+0000: [GC (Allocation Failure) 2020-10-28T08:27:33.727+0000: [ParNew: 16388K->4K(18432K), 0.0028016 secs] 616367K->599983K(896640K), 0.0028553 secs] [Times: user=0.01 sys=0.00, real=0.01 secs] 
2020-10-28T08:27:33.753+0000: [GC (Allocation Failure) 2020-10-28T08:27:33.753+0000: [ParNew: 16388K->4K(18432K), 0.0026377 secs] 616367K->599983K(896640K), 0.0026829 secs] [Times: user=0.01 sys=0.00, real=0.00 secs] 
2020-10-28T08:27:33.785+0000: [GC (Allocation Failure) 2020-10-28T08:27:33.786+0000: [ParNew: 16388K->4K(18432K), 0.0028606 secs] 616367K->599983K(896640K), 0.0029295 secs] [Times: user=0.00 sys=0.00, real=0.01 secs] 
2020-10-28T08:27:33.818+0000: [GC (Allocation Failure) 2020-10-28T08:27:33.818+0000: [ParNew: 16388K->4K(18432K), 0.0027307 secs] 616367K->599983K(896640K), 0.0027964 secs] [Times: user=0.01 sys=0.00, real=0.01 secs] 
2020-10-28T08:27:33.849+0000: [GC (Allocation Failure) 2020-10-28T08:27:33.850+0000: [ParNew: 16388K->4K(18432K), 0.0026836 secs] 616367K->599983K(896640K), 0.0027500 secs] [Times: user=0.01 sys=0.00, real=0.00 secs] 
2020-10-28T08:27:33.881+0000: [GC (Allocation Failure) 2020-10-28T08:27:33.881+0000: [ParNew: 16388K->4K(18432K), 0.0027113 secs] 616367K->599983K(896640K), 0.0027781 secs] [Times: user=0.01 sys=0.00, real=0.00 secs] 
2020-10-28T08:27:33.912+0000: [GC (Allocation Failure) 2020-10-28T08:27:33.912+0000: [ParNew: 16388K->4K(18432K), 0.0027070 secs] 616367K->599983K(896640K), 0.0027731 secs] [Times: user=0.00 sys=0.00, real=0.00 secs] 
2020-10-28T08:27:33.944+0000: [GC (Allocation Failure) 2020-10-28T08:27:33.944+0000: [ParNew: 16388K->4K(18432K), 0.0027650 secs] 616367K->599983K(896640K), 0.0028475 secs] [Times: user=0.01 sys=0.00, real=0.00 secs] 
2020-10-28T08:27:33.975+0000: [GC (Allocation Failure) 2020-10-28T08:27:33.975+0000: [ParNew: 16388K->4K(18432K), 0.0027816 secs] 616367K->599983K(896640K), 0.0028500 secs] [Times: user=0.01 sys=0.00, real=0.00 secs] 
2020-10-28T08:27:34.006+0000: [GC (Allocation Failure) 2020-10-28T08:27:34.006+0000: [ParNew: 16388K->4K(18432K), 0.0027547 secs] 616367K->599983K(896640K), 0.0028218 secs] [Times: user=0.00 sys=0.00, real=0.01 secs] 
2020-10-28T08:27:34.037+0000: [GC (Allocation Failure) 2020-10-28T08:27:34.037+0000: [ParNew: 16388K->4K(18432K), 0.0027932 secs] 616367K->599983K(896640K), 0.0028668 secs] [Times: user=0.01 sys=0.00, real=0.01 secs] 
2020-10-28T08:27:34.068+0000: [GC (Allocation Failure) 2020-10-28T08:27:34.068+0000: [ParNew: 16388K->4K(18432K), 0.0027511 secs] 616367K->599983K(896640K), 0.0028209 secs] [Times: user=0.01 sys=0.00, real=0.00 secs] 
2020-10-28T08:27:34.100+0000: [GC (Allocation Failure) 2020-10-28T08:27:34.100+0000: [ParNew: 16388K->4K(18432K), 0.0028752 secs] 616367K->599983K(896640K), 0.0029443 secs] [Times: user=0.00 sys=0.00, real=0.00 secs] 
2020-10-28T08:27:34.130+0000: [GC (Allocation Failure) 2020-10-28T08:27:34.130+0000: [ParNew: 16388K->6K(18432K), 0.0028879 secs] 616367K->599985K(896640K), 0.0029416 secs] [Times: user=0.01 sys=0.00, real=0.00 secs] 
2020-10-28T08:27:34.150+0000: [GC (Allocation Failure) 2020-10-28T08:27:34.150+0000: [ParNew: 16390K->6K(18432K), 0.0025744 secs] 616369K->599985K(896640K), 0.0026181 secs] [Times: user=0.00 sys=0.00, real=0.00 secs] 
2020-10-28T08:27:34.175+0000: [GC (Allocation Failure) 2020-10-28T08:27:34.175+0000: [ParNew: 16390K->6K(18432K), 0.0027147 secs] 616369K->599985K(896640K), 0.0027647 secs] [Times: user=0.01 sys=0.00, real=0.00 secs] 
2020-10-28T08:27:34.194+0000: [GC (Allocation Failure) 2020-10-28T08:27:34.194+0000: [ParNew: 16390K->4K(18432K), 0.0025236 secs] 616369K->599983K(896640K), 0.0025660 secs] [Times: user=0.00 sys=0.00, real=0.00 secs] 
2020-10-28T08:27:34.213+0000: [GC (Allocation Failure) 2020-10-28T08:27:34.213+0000: [ParNew: 16388K->6K(18432K), 0.0024567 secs] 616367K->599985K(896640K), 0.0024994 secs] [Times: user=0.00 sys=0.00, real=0.00 secs] 
2020-10-28T08:27:34.232+0000: [GC (Allocation Failure) 2020-10-28T08:27:34.232+0000: [ParNew: 16390K->4K(18432K), 0.0024661 secs] 616369K->599983K(896640K), 0.0025122 secs] [Times: user=0.01 sys=0.00, real=0.00 secs] 
2020-10-28T08:27:34.251+0000: [GC (Allocation Failure) 2020-10-28T08:27:34.251+0000: [ParNew: 16388K->4K(18432K), 0.0024645 secs] 616367K->599985K(896640K), 0.0025048 secs] [Times: user=0.00 sys=0.00, real=0.00 secs] 
2020-10-28T08:27:34.270+0000: [GC (Allocation Failure) 2020-10-28T08:27:34.270+0000: [ParNew: 16388K->4K(18432K), 0.0025208 secs] 616369K->599985K(896640K), 0.0025637 secs] [Times: user=0.00 sys=0.00, real=0.00 secs] 
2020-10-28T08:27:34.289+0000: [GC (Allocation Failure) 2020-10-28T08:27:34.289+0000: [ParNew: 16388K->4K(18432K), 0.0026746 secs] 616369K->599985K(896640K), 0.0027208 secs] [Times: user=0.00 sys=0.00, real=0.00 secs] 
2020-10-28T08:27:34.309+0000: [GC (Allocation Failure) 2020-10-28T08:27:34.309+0000: [ParNew: 16388K->4K(18432K), 0.0025480 secs] 616369K->599985K(896640K), 0.0025914 secs] [Times: user=0.00 sys=0.00, real=0.00 secs] 
2020-10-28T08:27:34.328+0000: [GC (Allocation Failure) 2020-10-28T08:27:34.328+0000: [ParNew: 16388K->4K(18432K), 0.0025375 secs] 616369K->599985K(896640K), 0.0025782 secs] [Times: user=0.00 sys=0.00, real=0.00 secs] 
2020-10-28T08:27:34.347+0000: [GC (Allocation Failure) 2020-10-28T08:27:34.347+0000: [ParNew: 16388K->4K(18432K), 0.0024414 secs] 616369K->599985K(896640K), 0.0024903 secs] [Times: user=0.01 sys=0.00, real=0.01 secs] 
2020-10-28T08:27:34.366+0000: [GC (Allocation Failure) 2020-10-28T08:27:34.366+0000: [ParNew: 16388K->4K(18432K), 0.0024501 secs] 616369K->599985K(896640K), 0.0024906 secs] [Times: user=0.01 sys=0.00, real=0.01 secs] 
2020-10-28T08:27:34.385+0000: [GC (Allocation Failure) 2020-10-28T08:27:34.385+0000: [ParNew: 16388K->4K(18432K), 0.0025971 secs] 616369K->599985K(896640K), 0.0026420 secs] [Times: user=0.01 sys=0.00, real=0.01 secs] 
2020-10-28T08:27:34.404+0000: [GC (Allocation Failure) 2020-10-28T08:27:34.404+0000: [ParNew: 16388K->4K(18432K), 0.0025298 secs] 616369K->599985K(896640K), 0.0025729 secs] [Times: user=0.01 sys=0.00, real=0.00 secs] 
2020-10-28T08:27:34.423+0000: [GC (Allocation Failure) 2020-10-28T08:27:34.423+0000: [ParNew: 16388K->4K(18432K), 0.0025262 secs] 616369K->599985K(896640K), 0.0025684 secs] [Times: user=0.00 sys=0.00, real=0.00 secs] 
2020-10-28T08:27:34.443+0000: [GC (Allocation Failure) 2020-10-28T08:27:34.443+0000: [ParNew: 16388K->4K(18432K), 0.0025104 secs] 616369K->599985K(896640K), 0.0025556 secs] [Times: user=0.00 sys=0.00, real=0.00 secs] 
2020-10-28T08:27:34.462+0000: [GC (Allocation Failure) 2020-10-28T08:27:34.462+0000: [ParNew: 16388K->4K(18432K), 0.0025514 secs] 616369K->599985K(896640K), 0.0025925 secs] [Times: user=0.00 sys=0.00, real=0.00 secs] 
2020-10-28T08:27:34.481+0000: [GC (Allocation Failure) 2020-10-28T08:27:34.481+0000: [ParNew: 16388K->4K(18432K), 0.0025456 secs] 616369K->599985K(896640K), 0.0025876 secs] [Times: user=0.01 sys=0.00, real=0.00 secs] 
2020-10-28T08:27:34.500+0000: [GC (Allocation Failure) 2020-10-28T08:27:34.500+0000: [ParNew: 16388K->4K(18432K), 0.0024309 secs] 616369K->599985K(896640K), 0.0024712 secs] [Times: user=0.01 sys=0.00, real=0.00 secs] 
2020-10-28T08:27:34.519+0000: [GC (Allocation Failure) 2020-10-28T08:27:34.519+0000: [ParNew: 16388K->4K(18432K), 0.0025827 secs] 616369K->599985K(896640K), 0.0026244 secs] [Times: user=0.00 sys=0.00, real=0.01 secs] 
2020-10-28T08:27:34.539+0000: [GC (Allocation Failure) 2020-10-28T08:27:34.539+0000: [ParNew: 16388K->4K(18432K), 0.0025856 secs] 616369K->599985K(896640K), 0.0026306 secs] [Times: user=0.00 sys=0.00, real=0.01 secs] 
2020-10-28T08:27:34.558+0000: [GC (Allocation Failure) 2020-10-28T08:27:34.558+0000: [ParNew: 16388K->4K(18432K), 0.0024996 secs] 616369K->599985K(896640K), 0.0025419 secs] [Times: user=0.00 sys=0.00, real=0.01 secs] 
2020-10-28T08:27:34.577+0000: [GC (Allocation Failure) 2020-10-28T08:27:34.577+0000: [ParNew: 16388K->4K(18432K), 0.0026474 secs] 616369K->599985K(896640K), 0.0026923 secs] [Times: user=0.00 sys=0.00, real=0.01 secs] 
2020-10-28T08:27:34.596+0000: [GC (Allocation Failure) 2020-10-28T08:27:34.596+0000: [ParNew: 16388K->4K(18432K), 0.0025902 secs] 616369K->599985K(896640K), 0.0026322 secs] [Times: user=0.00 sys=0.00, real=0.00 secs] 
2020-10-28T08:27:34.615+0000: [GC (Allocation Failure) 2020-10-28T08:27:34.615+0000: [ParNew: 16388K->4K(18432K), 0.0023918 secs] 616369K->599985K(896640K), 0.0024330 secs] [Times: user=0.00 sys=0.00, real=0.00 secs] 
2020-10-28T08:27:34.634+0000: [GC (Allocation Failure) 2020-10-28T08:27:34.634+0000: [ParNew: 16388K->4K(18432K), 0.0024525 secs] 616369K->599985K(896640K), 0.0024944 secs] [Times: user=0.01 sys=0.00, real=0.00 secs] 
2020-10-28T08:27:34.654+0000: [GC (Allocation Failure) 2020-10-28T08:27:34.654+0000: [ParNew: 16388K->4K(18432K), 0.0024594 secs] 616369K->599985K(896640K), 0.0025018 secs] [Times: user=0.01 sys=0.00, real=0.00 secs] 
2020-10-28T08:27:34.673+0000: [GC (Allocation Failure) 2020-10-28T08:27:34.673+0000: [ParNew: 16388K->4K(18432K), 0.0025163 secs] 616369K->599985K(896640K), 0.0025600 secs] [Times: user=0.01 sys=0.00, real=0.00 secs] 
2020-10-28T08:27:34.692+0000: [GC (Allocation Failure) 2020-10-28T08:27:34.692+0000: [ParNew: 16388K->4K(18432K), 0.0024236 secs] 616369K->599985K(896640K), 0.0024665 secs] [Times: user=0.00 sys=0.00, real=0.00 secs] 
2020-10-28T08:27:34.711+0000: [GC (Allocation Failure) 2020-10-28T08:27:34.711+0000: [ParNew: 16388K->4K(18432K), 0.0024423 secs] 616369K->599985K(896640K), 0.0024822 secs] [Times: user=0.00 sys=0.00, real=0.00 secs] 
2020-10-28T08:27:34.731+0000: [GC (Allocation Failure) 2020-10-28T08:27:34.731+0000: [ParNew: 16388K->4K(18432K), 0.0027496 secs] 616369K->599985K(896640K), 0.0028016 secs] [Times: user=0.00 sys=0.00, real=0.00 secs] 
2020-10-28T08:27:34.750+0000: [GC (Allocation Failure) 2020-10-28T08:27:34.751+0000: [ParNew: 16388K->4K(18432K), 0.0026075 secs] 616369K->599985K(896640K), 0.0026668 secs] [Times: user=0.01 sys=0.00, real=0.00 secs] 
2020-10-28T08:27:34.771+0000: [GC (Allocation Failure) 2020-10-28T08:27:34.771+0000: [ParNew: 16388K->4K(18432K), 0.0025628 secs] 616369K->599985K(896640K), 0.0026163 secs] [Times: user=0.01 sys=0.00, real=0.00 secs] 
2020-10-28T08:27:34.790+0000: [GC (Allocation Failure) 2020-10-28T08:27:34.790+0000: [ParNew: 16388K->4K(18432K), 0.0025941 secs] 616369K->599985K(896640K), 0.0026368 secs] [Times: user=0.00 sys=0.00, real=0.00 secs] 
2020-10-28T08:27:34.809+0000: [GC (Allocation Failure) 2020-10-28T08:27:34.809+0000: [ParNew: 16388K->4K(18432K), 0.0025120 secs] 616369K->599985K(896640K), 0.0025530 secs] [Times: user=0.00 sys=0.00, real=0.00 secs] 
2020-10-28T08:27:34.828+0000: [GC (Allocation Failure) 2020-10-28T08:27:34.828+0000: [ParNew: 16388K->4K(18432K), 0.0024349 secs] 616369K->599985K(896640K), 0.0024758 secs] [Times: user=0.00 sys=0.00, real=0.00 secs] 
2020-10-28T08:27:34.847+0000: [GC (Allocation Failure) 2020-10-28T08:27:34.847+0000: [ParNew: 16388K->4K(18432K), 0.0024176 secs] 616369K->599985K(896640K), 0.0024601 secs] [Times: user=0.00 sys=0.00, real=0.01 secs] 
2020-10-28T08:27:34.866+0000: [GC (Allocation Failure) 2020-10-28T08:27:34.866+0000: [ParNew: 16388K->4K(18432K), 0.0024641 secs] 616369K->599985K(896640K), 0.0025053 secs] [Times: user=0.00 sys=0.00, real=0.01 secs] 
2020-10-28T08:27:34.885+0000: [GC (Allocation Failure) 2020-10-28T08:27:34.885+0000: [ParNew: 16388K->4K(18432K), 0.0024453 secs] 616369K->599985K(896640K), 0.0024865 secs] [Times: user=0.00 sys=0.00, real=0.01 secs] 
2020-10-28T08:27:34.904+0000: [GC (Allocation Failure) 2020-10-28T08:27:34.904+0000: [ParNew: 16388K->4K(18432K), 0.0024010 secs] 616369K->599985K(896640K), 0.0024413 secs] [Times: user=0.00 sys=0.00, real=0.00 secs] 
2020-10-28T08:27:34.923+0000: [GC (Allocation Failure) 2020-10-28T08:27:34.923+0000: [ParNew: 16388K->4K(18432K), 0.0024142 secs] 616369K->599985K(896640K), 0.0024555 secs] [Times: user=0.00 sys=0.00, real=0.00 secs] 
2020-10-28T08:27:34.942+0000: [GC (Allocation Failure) 2020-10-28T08:27:34.942+0000: [ParNew: 16388K->4K(18432K), 0.0026681 secs] 616369K->599985K(896640K), 0.0027147 secs] [Times: user=0.01 sys=0.00, real=0.00 secs] 
2020-10-28T08:27:34.962+0000: [GC (Allocation Failure) 2020-10-28T08:27:34.962+0000: [ParNew: 16388K->4K(18432K), 0.0026471 secs] 616369K->599985K(896640K), 0.0026936 secs] [Times: user=0.01 sys=0.00, real=0.00 secs] 
2020-10-28T08:27:34.981+0000: [GC (Allocation Failure) 2020-10-28T08:27:34.981+0000: [ParNew: 16388K->4K(18432K), 0.0025633 secs] 616369K->599985K(896640K), 0.0026063 secs] [Times: user=0.01 sys=0.00, real=0.00 secs] 
2020-10-28T08:27:35.000+0000: [GC (Allocation Failure) 2020-10-28T08:27:35.000+0000: [ParNew: 16388K->4K(18432K), 0.0025613 secs] 616369K->599985K(896640K), 0.0026037 secs] [Times: user=0.00 sys=0.00, real=0.00 secs] 
2020-10-28T08:27:35.019+0000: [GC (Allocation Failure) 2020-10-28T08:27:35.019+0000: [ParNew: 16388K->4K(18432K), 0.0025846 secs] 616369K->599985K(896640K), 0.0026290 secs] [Times: user=0.00 sys=0.00, real=0.01 secs] 
2020-10-28T08:27:35.039+0000: [GC (Allocation Failure) 2020-10-28T08:27:35.039+0000: [ParNew: 16388K->4K(18432K), 0.0026919 secs] 616369K->599985K(896640K), 0.0027382 secs] [Times: user=0.01 sys=0.00, real=0.01 secs] 
2020-10-28T08:27:35.058+0000: [GC (Allocation Failure) 2020-10-28T08:27:35.058+0000: [ParNew: 16388K->4K(18432K), 0.0025064 secs] 616369K->599985K(896640K), 0.0025497 secs] [Times: user=0.01 sys=0.00, real=0.01 secs] 
2020-10-28T08:27:35.077+0000: [GC (Allocation Failure) 2020-10-28T08:27:35.077+0000: [ParNew: 16388K->4K(18432K), 0.0025002 secs] 616369K->599985K(896640K), 0.0025431 secs] [Times: user=0.01 sys=0.00, real=0.00 secs] 
2020-10-28T08:27:35.096+0000: [GC (Allocation Failure) 2020-10-28T08:27:35.096+0000: [ParNew: 16388K->4K(18432K), 0.0025572 secs] 616369K->599985K(896640K), 0.0025982 secs] [Times: user=0.01 sys=0.00, real=0.00 secs] 
2020-10-28T08:27:35.115+0000: [GC (Allocation Failure) 2020-10-28T08:27:35.115+0000: [ParNew: 16388K->4K(18432K), 0.0024504 secs] 616369K->599985K(896640K), 0.0024920 secs] [Times: user=0.00 sys=0.00, real=0.00 secs] 
2020-10-28T08:27:35.135+0000: [GC (Allocation Failure) 2020-10-28T08:27:35.135+0000: [ParNew: 16388K->4K(18432K), 0.0026901 secs] 616369K->599985K(896640K), 0.0027363 secs] [Times: user=0.00 sys=0.00, real=0.00 secs] 
2020-10-28T08:27:35.154+0000: [GC (Allocation Failure) 2020-10-28T08:27:35.154+0000: [ParNew: 16388K->4K(18432K), 0.0028160 secs] 616369K->599985K(896640K), 0.0028758 secs] [Times: user=0.01 sys=0.00, real=0.00 secs] 
2020-10-28T08:27:35.174+0000: [GC (Allocation Failure) 2020-10-28T08:27:35.174+0000: [ParNew: 16388K->4K(18432K), 0.0027940 secs] 616369K->599985K(896640K), 0.0028448 secs] [Times: user=0.01 sys=0.00, real=0.00 secs] 
2020-10-28T08:27:35.193+0000: [GC (Allocation Failure) 2020-10-28T08:27:35.193+0000: [ParNew: 16388K->4K(18432K), 0.0028254 secs] 616369K->599985K(896640K), 0.0028794 secs] [Times: user=0.00 sys=0.00, real=0.00 secs] 
2020-10-28T08:27:35.213+0000: [GC (Allocation Failure) 2020-10-28T08:27:35.213+0000: [ParNew: 16388K->4K(18432K), 0.0027967 secs] 616369K->599985K(896640K), 0.0028493 secs] [Times: user=0.00 sys=0.00, real=0.00 secs] 
2020-10-28T08:27:35.232+0000: [GC (Allocation Failure) 2020-10-28T08:27:35.232+0000: [ParNew: 16388K->4K(18432K), 0.0025427 secs] 616369K->599985K(896640K), 0.0025866 secs] [Times: user=0.00 sys=0.00, real=0.00 secs] 
2020-10-28T08:27:35.252+0000: [GC (Allocation Failure) 2020-10-28T08:27:35.252+0000: [ParNew: 16388K->4K(18432K), 0.0024817 secs] 616369K->599985K(896640K), 0.0025255 secs] [Times: user=0.01 sys=0.00, real=0.00 secs] 
2020-10-28T08:27:35.271+0000: [GC (Allocation Failure) 2020-10-28T08:27:35.271+0000: [ParNew: 16388K->4K(18432K), 0.0024958 secs] 616369K->599985K(896640K), 0.0025374 secs] [Times: user=0.01 sys=0.00, real=0.00 secs] 
2020-10-28T08:27:35.290+0000: [GC (Allocation Failure) 2020-10-28T08:27:35.291+0000: [ParNew: 16388K->4K(18432K), 0.0027012 secs] 616369K->599985K(896640K), 0.0027458 secs] [Times: user=0.01 sys=0.00, real=0.00 secs] 
2020-10-28T08:27:35.310+0000: [GC (Allocation Failure) 2020-10-28T08:27:35.310+0000: [ParNew: 16388K->4K(18432K), 0.0026253 secs] 616369K->599985K(896640K), 0.0026699 secs] [Times: user=0.00 sys=0.00, real=0.00 secs] 
2020-10-28T08:27:35.329+0000: [GC (Allocation Failure) 2020-10-28T08:27:35.329+0000: [ParNew: 16388K->4K(18432K), 0.0026108 secs] 616369K->599985K(896640K), 0.0026523 secs] [Times: user=0.00 sys=0.00, real=0.00 secs] 
2020-10-28T08:27:35.348+0000: [GC (Allocation Failure) 2020-10-28T08:27:35.348+0000: [ParNew: 16388K->4K(18432K), 0.0024399 secs] 616369K->599985K(896640K), 0.0024823 secs] [Times: user=0.01 sys=0.00, real=0.00 secs] 
2020-10-28T08:27:35.367+0000: [GC (Allocation Failure) 2020-10-28T08:27:35.367+0000: [ParNew: 16388K->4K(18432K), 0.0025984 secs] 616369K->599985K(896640K), 0.0026433 secs] [Times: user=0.01 sys=0.00, real=0.01 secs] 
2020-10-28T08:27:35.387+0000: [GC (Allocation Failure) 2020-10-28T08:27:35.387+0000: [ParNew: 16388K->4K(18432K), 0.0026269 secs] 616369K->599985K(896640K), 0.0026747 secs] [Times: user=0.01 sys=0.00, real=0.01 secs] 
2020-10-28T08:27:35.406+0000: [GC (Allocation Failure) 2020-10-28T08:27:35.406+0000: [ParNew: 16388K->4K(18432K), 0.0026358 secs] 616369K->599985K(896640K), 0.0026822 secs] [Times: user=0.00 sys=0.00, real=0.01 secs] 
2020-10-28T08:27:35.425+0000: [GC (Allocation Failure) 2020-10-28T08:27:35.425+0000: [ParNew: 16388K->4K(18432K), 0.0026339 secs] 616369K->599985K(896640K), 0.0026747 secs] [Times: user=0.00 sys=0.00, real=0.01 secs] 
2020-10-28T08:27:35.445+0000: [GC (Allocation Failure) 2020-10-28T08:27:35.445+0000: [ParNew: 16388K->4K(18432K), 0.0024713 secs] 616369K->599985K(896640K), 0.0025147 secs] [Times: user=0.00 sys=0.00, real=0.00 secs] 
2020-10-28T08:27:35.464+0000: [GC (Allocation Failure) 2020-10-28T08:27:35.464+0000: [ParNew: 16388K->4K(18432K), 0.0025370 secs] 616369K->599985K(896640K), 0.0025790 secs] [Times: user=0.01 sys=0.00, real=0.00 secs] 
2020-10-28T08:27:35.483+0000: [GC (Allocation Failure) 2020-10-28T08:27:35.483+0000: [ParNew: 16388K->4K(18432K), 0.0025362 secs] 616369K->599985K(896640K), 0.0025780 secs] [Times: user=0.01 sys=0.00, real=0.00 secs] 
2020-10-28T08:27:35.502+0000: [GC (Allocation Failure) 2020-10-28T08:27:35.502+0000: [ParNew: 16388K->4K(18432K), 0.0024900 secs] 616369K->599985K(896640K), 0.0025355 secs] [Times: user=0.01 sys=0.00, real=0.00 secs] 
2020-10-28T08:27:35.521+0000: [GC (Allocation Failure) 2020-10-28T08:27:35.521+0000: [ParNew: 16388K->4K(18432K), 0.0025063 secs] 616369K->599985K(896640K), 0.0025503 secs] [Times: user=0.00 sys=0.00, real=0.00 secs] 
2020-10-28T08:27:35.541+0000: [GC (Allocation Failure) 2020-10-28T08:27:35.541+0000: [ParNew: 16388K->4K(18432K), 0.0025634 secs] 616369K->599985K(896640K), 0.0026080 secs] [Times: user=0.00 sys=0.00, real=0.00 secs] 
2020-10-28T08:27:35.560+0000: [GC (Allocation Failure) 2020-10-28T08:27:35.560+0000: [ParNew: 16388K->4K(18432K), 0.0024167 secs] 616369K->599985K(896640K), 0.0024593 secs] [Times: user=0.00 sys=0.00, real=0.00 secs] 
2020-10-28T08:27:35.579+0000: [GC (Allocation Failure) 2020-10-28T08:27:35.579+0000: [ParNew: 16388K->4K(18432K), 0.0026034 secs] 616369K->599985K(896640K), 0.0026713 secs] [Times: user=0.01 sys=0.00, real=0.01 secs] 
2020-10-28T08:27:35.599+0000: [GC (Allocation Failure) 2020-10-28T08:27:35.599+0000: [ParNew: 16388K->4K(18432K), 0.0025783 secs] 616369K->599985K(896640K), 0.0026216 secs] [Times: user=0.01 sys=0.00, real=0.01 secs] 
2020-10-28T08:27:35.618+0000: [GC (Allocation Failure) 2020-10-28T08:27:35.618+0000: [ParNew: 16388K->4K(18432K), 0.0025761 secs] 616369K->599985K(896640K), 0.0026185 secs] [Times: user=0.01 sys=0.00, real=0.01 secs] 
2020-10-28T08:27:35.638+0000: [GC (Allocation Failure) 2020-10-28T08:27:35.638+0000: [ParNew: 16388K->4K(18432K), 0.0027374 secs] 616369K->599985K(896640K), 0.0027861 secs] [Times: user=0.00 sys=0.00, real=0.01 secs] 
2020-10-28T08:27:35.657+0000: [GC (Allocation Failure) 2020-10-28T08:27:35.657+0000: [ParNew: 16388K->4K(18432K), 0.0026228 secs] 616369K->599985K(896640K), 0.0026654 secs] [Times: user=0.00 sys=0.00, real=0.01 secs] 
2020-10-28T08:27:35.676+0000: [GC (Allocation Failure) 2020-10-28T08:27:35.676+0000: [ParNew: 16388K->4K(18432K), 0.0025353 secs] 616369K->599985K(896640K), 0.0025787 secs] [Times: user=0.01 sys=0.00, real=0.00 secs] 
2020-10-28T08:27:35.696+0000: [GC (Allocation Failure) 2020-10-28T08:27:35.696+0000: [ParNew: 16388K->4K(18432K), 0.0024646 secs] 616369K->599985K(896640K), 0.0025073 secs] [Times: user=0.01 sys=0.00, real=0.00 secs] 
2020-10-28T08:27:35.715+0000: [GC (Allocation Failure) 2020-10-28T08:27:35.715+0000: [ParNew: 16388K->4K(18432K), 0.0025153 secs] 616369K->599985K(896640K), 0.0025569 secs] [Times: user=0.01 sys=0.00, real=0.00 secs] 
2020-10-28T08:27:35.734+0000: [GC (Allocation Failure) 2020-10-28T08:27:35.734+0000: [ParNew: 16388K->4K(18432K), 0.0025360 secs] 616369K->599985K(896640K), 0.0025782 secs] [Times: user=0.00 sys=0.00, real=0.00 secs] 
2020-10-28T08:27:35.753+0000: [GC (Allocation Failure) 2020-10-28T08:27:35.753+0000: [ParNew: 16388K->4K(18432K), 0.0024331 secs] 616369K->599985K(896640K), 0.0024747 secs] [Times: user=0.00 sys=0.00, real=0.00 secs] 
2020-10-28T08:27:35.772+0000: [GC (Allocation Failure) 2020-10-28T08:27:35.772+0000: [ParNew: 16388K->4K(18432K), 0.0025015 secs] 616369K->599985K(896640K), 0.0025422 secs] [Times: user=0.00 sys=0.00, real=0.00 secs] 
2020-10-28T08:27:35.792+0000: [GC (Allocation Failure) 2020-10-28T08:27:35.792+0000: [ParNew: 16388K->4K(18432K), 0.0026330 secs] 616369K->599985K(896640K), 0.0026757 secs] [Times: user=0.01 sys=0.00, real=0.00 secs] 
2020-10-28T08:27:35.811+0000: [GC (Allocation Failure) 2020-10-28T08:27:35.811+0000: [ParNew: 16388K->4K(18432K), 0.0025408 secs] 616369K->599985K(896640K), 0.0025815 secs] [Times: user=0.01 sys=0.00, real=0.00 secs] 
2020-10-28T08:27:35.830+0000: [GC (Allocation Failure) 2020-10-28T08:27:35.831+0000: [ParNew: 16388K->4K(18432K), 0.0025989 secs] 616369K->599985K(896640K), 0.0026525 secs] [Times: user=0.01 sys=0.00, real=0.00 secs] 
2020-10-28T08:27:35.850+0000: [GC (Allocation Failure) 2020-10-28T08:27:35.850+0000: [ParNew: 16388K->2K(18432K), 0.0172805 secs] 616369K->599983K(896640K), 0.0173399 secs] [Times: user=0.01 sys=0.00, real=0.02 secs] 
2020-10-28T08:27:35.897+0000: [GC (Allocation Failure) 2020-10-28T08:27:35.897+0000: [ParNew: 16386K->4K(18432K), 0.0028063 secs] 616367K->599985K(896640K), 0.0028781 secs] [Times: user=0.00 sys=0.00, real=0.01 secs] 
2020-10-28T08:27:35.929+0000: [GC (Allocation Failure) 2020-10-28T08:27:35.929+0000: [ParNew: 16388K->4K(18432K), 0.0027755 secs] 616369K->599985K(896640K), 0.0028436 secs] [Times: user=0.01 sys=0.00, real=0.00 secs] 
2020-10-28T08:27:35.962+0000: [GC (Allocation Failure) 2020-10-28T08:27:35.962+0000: [ParNew: 16388K->4K(18432K), 0.0027999 secs] 616369K->599985K(896640K), 0.0028716 secs] [Times: user=0.00 sys=0.00, real=0.00 secs] 
2020-10-28T08:27:35.994+0000: [GC (Allocation Failure) 2020-10-28T08:27:35.994+0000: [ParNew: 16388K->4K(18432K), 0.0028120 secs] 616369K->599985K(896640K), 0.0028841 secs] [Times: user=0.01 sys=0.00, real=0.00 secs] 
2020-10-28T08:27:36.030+0000: [GC (Allocation Failure) 2020-10-28T08:27:36.030+0000: [ParNew: 16388K->4K(18432K), 0.0093169 secs] 616369K->599985K(896640K), 0.0093889 secs] [Times: user=0.01 sys=0.00, real=0.00 secs] 
2020-10-28T08:27:36.077+0000: [GC (Allocation Failure) 2020-10-28T08:27:36.077+0000: [ParNew: 16388K->4K(18432K), 0.0038748 secs] 616369K->599985K(896640K), 0.0039460 secs] [Times: user=0.00 sys=0.00, real=0.01 secs] 
2020-10-28T08:27:36.111+0000: [GC (Allocation Failure) 2020-10-28T08:27:36.111+0000: [ParNew: 16388K->4K(18432K), 0.0027130 secs] 616369K->599985K(896640K), 0.0027814 secs] [Times: user=0.01 sys=0.00, real=0.00 secs] 
2020-10-28T08:27:36.143+0000: [GC (Allocation Failure) 2020-10-28T08:27:36.143+0000: [ParNew: 16388K->4K(18432K), 0.0027080 secs] 616369K->599985K(896640K), 0.0027739 secs] [Times: user=0.00 sys=0.00, real=0.00 secs] 
2020-10-28T08:27:36.176+0000: [GC (Allocation Failure) 2020-10-28T08:27:36.176+0000: [ParNew: 16388K->4K(18432K), 0.0026742 secs] 616369K->599985K(896640K), 0.0027675 secs] [Times: user=0.00 sys=0.00, real=0.00 secs] 
2020-10-28T08:27:36.208+0000: [GC (Allocation Failure) 2020-10-28T08:27:36.208+0000: [ParNew: 16388K->4K(18432K), 0.0026508 secs] 616369K->599985K(896640K), 0.0027159 secs] [Times: user=0.00 sys=0.00, real=0.00 secs] 
2020-10-28T08:27:36.240+0000: [GC (Allocation Failure) 2020-10-28T08:27:36.240+0000: [ParNew: 16388K->4K(18432K), 0.0027457 secs] 616369K->599986K(896640K), 0.0028121 secs] [Times: user=0.01 sys=0.00, real=0.00 secs] 
2020-10-28T08:27:36.272+0000: [GC (Allocation Failure) 2020-10-28T08:27:36.272+0000: [ParNew: 16388K->4K(18432K), 0.0026895 secs] 616370K->599986K(896640K), 0.0027566 secs] [Times: user=0.00 sys=0.00, real=0.00 secs] 
2020-10-28T08:27:36.304+0000: [GC (Allocation Failure) 2020-10-28T08:27:36.304+0000: [ParNew: 16388K->4K(18432K), 0.0027730 secs] 616370K->599986K(896640K), 0.0028597 secs] [Times: user=0.00 sys=0.01, real=0.00 secs] 
2020-10-28T08:27:36.335+0000: [GC (Allocation Failure) 2020-10-28T08:27:36.335+0000: [ParNew: 16388K->4K(18432K), 0.0027384 secs] 616370K->599986K(896640K), 0.0028050 secs] [Times: user=0.01 sys=0.00, real=0.00 secs] 
2020-10-28T08:27:36.366+0000: [GC (Allocation Failure) 2020-10-28T08:27:36.366+0000: [ParNew: 16388K->4K(18432K), 0.0028099 secs] 616370K->599986K(896640K), 0.0028973 secs] [Times: user=0.00 sys=0.00, real=0.01 secs] 
2020-10-28T08:27:36.398+0000: [GC (Allocation Failure) 2020-10-28T08:27:36.398+0000: [ParNew: 16388K->4K(18432K), 0.0027953 secs] 616370K->599986K(896640K), 0.0028710 secs] [Times: user=0.01 sys=0.00, real=0.01 secs] 
2020-10-28T08:27:36.429+0000: [GC (Allocation Failure) 2020-10-28T08:27:36.429+0000: [ParNew: 16388K->4K(18432K), 0.0028118 secs] 616370K->599986K(896640K), 0.0028834 secs] [Times: user=0.01 sys=0.00, real=0.00 secs] 
2020-10-28T08:27:36.460+0000: [GC (Allocation Failure) 2020-10-28T08:27:36.460+0000: [ParNew: 16388K->4K(18432K), 0.0028096 secs] 616370K->599986K(896640K), 0.0028811 secs] [Times: user=0.00 sys=0.00, real=0.00 secs] 
2020-10-28T08:27:36.492+0000: [GC (Allocation Failure) 2020-10-28T08:27:36.492+0000: [ParNew: 16388K->4K(18432K), 0.0027887 secs] 616370K->599986K(896640K), 0.0028596 secs] [Times: user=0.00 sys=0.00, real=0.00 secs] 
2020-10-28T08:27:36.523+0000: [GC (Allocation Failure) 2020-10-28T08:27:36.523+0000: [ParNew: 16388K->4K(18432K), 0.0028123 secs] 616370K->599986K(896640K), 0.0028886 secs] [Times: user=0.01 sys=0.00, real=0.00 secs] 
2020-10-28T08:27:36.556+0000: [GC (Allocation Failure) 2020-10-28T08:27:36.556+0000: [ParNew: 16388K->4K(18432K), 0.0058192 secs] 616370K->599986K(896640K), 0.0058877 secs] [Times: user=0.00 sys=0.00, real=0.01 secs] 
2020-10-28T08:27:36.586+0000: [GC (Allocation Failure) 2020-10-28T08:27:36.586+0000: [ParNew: 16388K->4K(18432K), 0.0027705 secs] 616370K->599986K(896640K), 0.0028208 secs] [Times: user=0.00 sys=0.00, real=0.01 secs] 
2020-10-28T08:27:36.606+0000: [GC (Allocation Failure) 2020-10-28T08:27:36.606+0000: [ParNew: 16388K->4K(18432K), 0.0026738 secs] 616370K->599986K(896640K), 0.0027192 secs] [Times: user=0.01 sys=0.00, real=0.01 secs] 
2020-10-28T08:27:36.625+0000: [GC (Allocation Failure) 2020-10-28T08:27:36.625+0000: [ParNew: 16388K->4K(18432K), 0.0024298 secs] 616370K->599986K(896640K), 0.0024726 secs] [Times: user=0.01 sys=0.00, real=0.00 secs] 
2020-10-28T08:27:36.643+0000: [GC (Allocation Failure) 2020-10-28T08:27:36.643+0000: [ParNew: 16388K->4K(18432K), 0.0025231 secs] 616370K->599986K(896640K), 0.0025660 secs] [Times: user=0.01 sys=0.00, real=0.00 secs] 
2020-10-28T08:27:36.958+0000: [GC (Allocation Failure) 2020-10-28T08:27:36.958+0000: [ParNew: 16388K->4K(18432K), 0.0033845 secs] 616370K->599986K(896640K), 0.0034390 secs] [Times: user=0.00 sys=0.00, real=0.01 secs] 
2020-10-28T08:27:37.009+0000: [GC (Allocation Failure) 2020-10-28T08:27:37.009+0000: [ParNew: 16388K->2K(18432K), 0.0050281 secs] 616370K->599984K(896640K), 0.0050819 secs] [Times: user=0.00 sys=0.00, real=0.00 secs] 
2020-10-28T08:27:37.039+0000: [GC (Allocation Failure) 2020-10-28T08:27:37.039+0000: [ParNew: 16386K->4K(18432K), 0.0028340 secs] 616368K->599986K(896640K), 0.0028892 secs] [Times: user=0.01 sys=0.00, real=0.01 secs] 
2020-10-28T08:27:37.063+0000: [GC (Allocation Failure) 2020-10-28T08:27:37.063+0000: [ParNew: 16388K->4K(18432K), 0.0026747 secs] 616370K->599986K(896640K), 0.0027209 secs] [Times: user=0.00 sys=0.00, real=0.00 secs] 
2020-10-28T08:27:37.089+0000: [GC (Allocation Failure) 2020-10-28T08:27:37.089+0000: [ParNew: 16388K->4K(18432K), 0.0026007 secs] 616370K->599986K(896640K), 0.0026466 secs] [Times: user=0.00 sys=0.00, real=0.00 secs] 
2020-10-28T08:27:37.114+0000: [GC (Allocation Failure) 2020-10-28T08:27:37.114+0000: [ParNew: 16388K->4K(18432K), 0.0025907 secs] 616370K->599986K(896640K), 0.0026369 secs] [Times: user=0.01 sys=0.00, real=0.00 secs] 
2020-10-28T08:27:37.140+0000: [GC (Allocation Failure) 2020-10-28T08:27:37.140+0000: [ParNew: 16388K->2K(18432K), 0.0026777 secs] 616370K->599985K(896640K), 0.0027271 secs] [Times: user=0.01 sys=0.00, real=0.00 secs] 
2020-10-28T08:27:37.166+0000: [GC (Allocation Failure) 2020-10-28T08:27:37.166+0000: [ParNew: 16386K->2K(18432K), 0.0026603 secs] 616369K->599985K(896640K), 0.0027059 secs] [Times: user=0.01 sys=0.00, real=0.01 secs] 
2020-10-28T08:27:37.192+0000: [GC (Allocation Failure) 2020-10-28T08:27:37.192+0000: [ParNew: 16386K->2K(18432K), 0.0024969 secs] 616369K->599985K(896640K), 0.0025414 secs] [Times: user=0.00 sys=0.00, real=0.00 secs] 
2020-10-28T08:27:37.218+0000: [GC (Allocation Failure) 2020-10-28T08:27:37.218+0000: [ParNew: 16386K->2K(18432K), 0.0025683 secs] 616369K->599985K(896640K), 0.0026130 secs] [Times: user=0.00 sys=0.00, real=0.01 secs] 
2020-10-28T08:27:37.244+0000: [GC (Allocation Failure) 2020-10-28T08:27:37.244+0000: [ParNew: 16386K->2K(18432K), 0.0024957 secs] 616369K->599985K(896640K), 0.0025398 secs] [Times: user=0.00 sys=0.00, real=0.00 secs] 
2020-10-28T08:27:37.270+0000: [GC (Allocation Failure) 2020-10-28T08:27:37.270+0000: [ParNew: 16386K->2K(18432K), 0.0025551 secs] 616369K->599985K(896640K), 0.0026079 secs] [Times: user=0.01 sys=0.00, real=0.00 secs] 
2020-10-28T08:27:37.296+0000: [GC (Allocation Failure) 2020-10-28T08:27:37.296+0000: [ParNew: 16386K->2K(18432K), 0.0026146 secs] 616369K->599985K(896640K), 0.0026574 secs] [Times: user=0.01 sys=0.00, real=0.00 secs] 
2020-10-28T08:27:37.322+0000: [GC (Allocation Failure) 2020-10-28T08:27:37.322+0000: [ParNew: 16386K->4K(18432K), 0.0026631 secs] 616369K->599987K(896640K), 0.0027107 secs] [Times: user=0.01 sys=0.00, real=0.00 secs] 
2020-10-28T08:27:37.348+0000: [GC (Allocation Failure) 2020-10-28T08:27:37.348+0000: [ParNew: 16388K->2K(18432K), 0.0026301 secs] 616371K->599985K(896640K), 0.0026767 secs] [Times: user=0.00 sys=0.00, real=0.00 secs] 
2020-10-28T08:27:37.374+0000: [GC (Allocation Failure) 2020-10-28T08:27:37.374+0000: [ParNew: 16386K->4K(18432K), 0.0025578 secs] 616369K->599987K(896640K), 0.0026037 secs] [Times: user=0.00 sys=0.00, real=0.00 secs] 
2020-10-28T08:27:37.399+0000: [GC (Allocation Failure) 2020-10-28T08:27:37.399+0000: [ParNew: 16388K->2K(18432K), 0.0026777 secs] 616371K->599985K(896640K), 0.0027238 secs] [Times: user=0.00 sys=0.00, real=0.01 secs] 
2020-10-28T08:27:37.425+0000: [GC (Allocation Failure) 2020-10-28T08:27:37.425+0000: [ParNew: 16386K->2K(18432K), 0.0025937 secs] 616369K->599985K(896640K), 0.0026400 secs] [Times: user=0.01 sys=0.00, real=0.01 secs] 
2020-10-28T08:27:37.451+0000: [GC (Allocation Failure) 2020-10-28T08:27:37.451+0000: [ParNew: 16386K->2K(18432K), 0.0026248 secs] 616369K->599985K(896640K), 0.0026684 secs] [Times: user=0.01 sys=0.00, real=0.00 secs] 
2020-10-28T08:27:37.477+0000: [GC (Allocation Failure) 2020-10-28T08:27:37.477+0000: [ParNew: 16386K->2K(18432K), 0.0025693 secs] 616369K->599985K(896640K), 0.0026125 secs] [Times: user=0.01 sys=0.00, real=0.01 secs] 
2020-10-28T08:27:37.503+0000: [GC (Allocation Failure) 2020-10-28T08:27:37.503+0000: [ParNew: 16386K->2K(18432K), 0.0025512 secs] 616369K->599985K(896640K), 0.0025964 secs] [Times: user=0.01 sys=0.00, real=0.00 secs] 
2020-10-28T08:27:37.529+0000: [GC (Allocation Failure) 2020-10-28T08:27:37.529+0000: [ParNew: 16386K->2K(18432K), 0.0026154 secs] 616369K->599985K(896640K), 0.0026588 secs] [Times: user=0.00 sys=0.00, real=0.00 secs] 
2020-10-28T08:27:37.555+0000: [GC (Allocation Failure) 2020-10-28T08:27:37.555+0000: [ParNew: 16386K->2K(18432K), 0.0026164 secs] 616369K->599985K(896640K), 0.0026630 secs] [Times: user=0.00 sys=0.00, real=0.00 secs] 
2020-10-28T08:27:37.581+0000: [GC (Allocation Failure) 2020-10-28T08:27:37.581+0000: [ParNew: 16386K->2K(18432K), 0.0024819 secs] 616369K->599985K(896640K), 0.0025249 secs] [Times: user=0.00 sys=0.00, real=0.00 secs] 
2020-10-28T08:27:37.607+0000: [GC (Allocation Failure) 2020-10-28T08:27:37.607+0000: [ParNew: 16386K->2K(18432K), 0.0026821 secs] 616369K->599985K(896640K), 0.0027314 secs] [Times: user=0.01 sys=0.00, real=0.01 secs] 
2020-10-28T08:27:37.633+0000: [GC (Allocation Failure) 2020-10-28T08:27:37.633+0000: [ParNew: 16386K->2K(18432K), 0.0025253 secs] 616369K->599985K(896640K), 0.0025677 secs] [Times: user=0.01 sys=0.00, real=0.00 secs] 
2020-10-28T08:27:37.659+0000: [GC (Allocation Failure) 2020-10-28T08:27:37.659+0000: [ParNew: 16386K->2K(18432K), 0.0027196 secs] 616369K->599985K(896640K), 0.0027705 secs] [Times: user=0.01 sys=0.00, real=0.01 secs] 
2020-10-28T08:27:37.685+0000: [GC (Allocation Failure) 2020-10-28T08:27:37.685+0000: [ParNew: 16386K->4K(18432K), 0.0025400 secs] 616369K->599987K(896640K), 0.0025857 secs] [Times: user=0.00 sys=0.00, real=0.00 secs] 
2020-10-28T08:27:37.710+0000: [GC (Allocation Failure) 2020-10-28T08:27:37.710+0000: [ParNew: 16388K->2K(18432K), 0.0026101 secs] 616371K->599985K(896640K), 0.0026534 secs] [Times: user=0.00 sys=0.00, real=0.00 secs] 
2020-10-28T08:27:37.736+0000: [GC (Allocation Failure) 2020-10-28T08:27:37.737+0000: [ParNew: 16386K->2K(18432K), 0.0024987 secs] 616369K->599985K(896640K), 0.0025441 secs] [Times: user=0.00 sys=0.00, real=0.00 secs] 
2020-10-28T08:27:37.764+0000: [GC (Allocation Failure) 2020-10-28T08:27:37.764+0000: [ParNew: 16386K->4K(18432K), 0.0027931 secs] 616369K->599987K(896640K), 0.0028546 secs] [Times: user=0.01 sys=0.01, real=0.00 secs] 
2020-10-28T08:27:37.790+0000: [GC (Allocation Failure) 2020-10-28T08:27:37.790+0000: [ParNew: 16388K->2K(18432K), 0.0025356 secs] 616371K->599985K(896640K), 0.0025776 secs] [Times: user=0.01 sys=0.00, real=0.00 secs] 
2020-10-28T08:27:37.816+0000: [GC (Allocation Failure) 2020-10-28T08:27:37.816+0000: [ParNew: 16386K->2K(18432K), 0.0026157 secs] 616369K->599985K(896640K), 0.0026604 secs] [Times: user=0.00 sys=0.00, real=0.00 secs] 
2020-10-28T08:27:37.842+0000: [GC (Allocation Failure) 2020-10-28T08:27:37.842+0000: [ParNew: 16386K->2K(18432K), 0.0025084 secs] 616369K->599985K(896640K), 0.0025521 secs] [Times: user=0.00 sys=0.00, real=0.00 secs] 
2020-10-28T08:27:37.868+0000: [GC (Allocation Failure) 2020-10-28T08:27:37.868+0000: [ParNew: 16386K->2K(18432K), 0.0026321 secs] 616369K->599985K(896640K), 0.0026767 secs] [Times: user=0.00 sys=0.00, real=0.01 secs] 
2020-10-28T08:27:37.981+0000: [GC (Allocation Failure) 2020-10-28T08:27:37.981+0000: [ParNew: 16386K->122K(18432K), 0.0029684 secs] 616369K->600105K(896640K), 0.0030191 secs] [Times: user=0.00 sys=0.00, real=0.00 secs] 
2020-10-28T08:27:38.941+0000: [GC (Allocation Failure) 2020-10-28T08:27:38.941+0000: [ParNew: 16506K->1135K(18432K), 0.0044951 secs] 616489K->601119K(896640K), 0.0045708 secs] [Times: user=0.01 sys=0.00, real=0.00 secs] 
2020-10-28T08:27:39.121+0000: [GC (Allocation Failure) 2020-10-28T08:27:39.121+0000: [ParNew: 17519K->1856K(18432K), 0.0072232 secs] 617503K->602287K(896640K), 0.0073097 secs] [Times: user=0.02 sys=0.01, real=0.01 secs] 
2020-10-28T08:27:39.194+0000: [GC (Allocation Failure) 2020-10-28T08:27:39.194+0000: [ParNew: 18240K->941K(18432K), 0.0071594 secs] 618671K->602714K(896640K), 0.0072265 secs] [Times: user=0.01 sys=0.00, real=0.01 secs] 
2020-10-28T08:27:39.253+0000: [GC (Allocation Failure) 2020-10-28T08:27:39.253+0000: [ParNew: 17325K->947K(18432K), 0.0030838 secs] 619098K->602720K(896640K), 0.0031553 secs] [Times: user=0.01 sys=0.00, real=0.00 secs] 
2020-10-28T08:27:39.294+0000: [GC (Allocation Failure) 2020-10-28T08:27:39.294+0000: [ParNew: 17331K->1439K(18432K), 0.0030822 secs] 619104K->603212K(896640K), 0.0031462 secs] [Times: user=0.01 sys=0.00, real=0.00 secs] 
2020-10-28T08:27:39.336+0000: [GC (Allocation Failure) 2020-10-28T08:27:39.336+0000: [ParNew: 17823K->581K(18432K), 0.0032004 secs] 619596K->603086K(896640K), 0.0032715 secs] [Times: user=0.01 sys=0.00, real=0.00 secs] 
2020-10-28T08:27:39.377+0000: [GC (Allocation Failure) 2020-10-28T08:27:39.377+0000: [ParNew: 16965K->529K(18432K), 0.0028677 secs] 619470K->603034K(896640K), 0.0029338 secs] [Times: user=0.01 sys=0.00, real=0.01 secs] 
2020-10-28T08:27:39.412+0000: [GC (Allocation Failure) 2020-10-28T08:27:39.412+0000: [ParNew: 16913K->514K(18432K), 0.0057198 secs] 619418K->603019K(896640K), 0.0057712 secs] [Times: user=0.01 sys=0.00, real=0.00 secs] 
2020-10-28T08:27:39.464+0000: [GC (Allocation Failure) 2020-10-28T08:27:39.464+0000: [ParNew: 16898K->516K(18432K), 0.0045942 secs] 619403K->603020K(896640K), 0.0046615 secs] [Times: user=0.01 sys=0.00, real=0.01 secs] 
2020-10-28T08:27:39.500+0000: [GC (Allocation Failure) 2020-10-28T08:27:39.500+0000: [ParNew: 16900K->1028K(18432K), 0.0028386 secs] 619404K->603532K(896640K), 0.0029073 secs] [Times: user=0.00 sys=0.00, real=0.00 secs] 
2020-10-28T08:27:39.533+0000: [GC (Allocation Failure) 2020-10-28T08:27:39.533+0000: [ParNew: 17412K->4K(18432K), 0.0028799 secs] 619916K->603020K(896640K), 0.0029444 secs] [Times: user=0.01 sys=0.00, real=0.00 secs] 
2020-10-28T08:27:39.576+0000: [GC (Allocation Failure) 2020-10-28T08:27:39.576+0000: [ParNew: 16388K->4K(18432K), 0.0027330 secs] 619404K->603020K(896640K), 0.0028016 secs] [Times: user=0.00 sys=0.00, real=0.00 secs] 
2020-10-28T08:27:39.616+0000: [GC (Allocation Failure) 2020-10-28T08:27:39.616+0000: [ParNew: 16388K->1028K(18432K), 0.0031548 secs] 619404K->605068K(896640K), 0.0032180 secs] [Times: user=0.00 sys=0.00, real=0.00 secs] 
2020-10-28T08:27:39.645+0000: [GC (Allocation Failure) 2020-10-28T08:27:39.645+0000: [ParNew: 17412K->4K(18432K), 0.0028171 secs] 621452K->604045K(896640K), 0.0028688 secs] [Times: user=0.01 sys=0.00, real=0.01 secs] 
2020-10-28T08:27:39.668+0000: [GC (Allocation Failure) 2020-10-28T08:27:39.668+0000: [ParNew: 16388K->4K(18432K), 0.0026896 secs] 620429K->604045K(896640K), 0.0027376 secs] [Times: user=0.01 sys=0.00, real=0.00 secs] 
2020-10-28T08:27:39.691+0000: [GC (Allocation Failure) 2020-10-28T08:27:39.691+0000: [ParNew: 16388K->4K(18432K), 0.0026698 secs] 620429K->604045K(896640K), 0.0027172 secs] [Times: user=0.00 sys=0.00, real=0.00 secs] 
2020-10-28T08:27:39.710+0000: [GC (Allocation Failure) 2020-10-28T08:27:39.710+0000: [ParNew: 16388K->4K(18432K), 0.0025224 secs] 620429K->604045K(896640K), 0.0025672 secs] [Times: user=0.00 sys=0.00, real=0.00 secs] 
2020-10-28T08:27:39.730+0000: [GC (Allocation Failure) 2020-10-28T08:27:39.730+0000: [ParNew: 16388K->4K(18432K), 0.0026753 secs] 620429K->604045K(896640K), 0.0027227 secs] [Times: user=0.00 sys=0.00, real=0.00 secs] 
2020-10-28T08:27:39.752+0000: [GC (Allocation Failure) 2020-10-28T08:27:39.752+0000: [ParNew: 16388K->4K(18432K), 0.0026735 secs] 620429K->604045K(896640K), 0.0027222 secs] [Times: user=0.00 sys=0.00, real=0.00 secs] 
2020-10-28T08:27:39.776+0000: [GC (Allocation Failure) 2020-10-28T08:27:39.776+0000: [ParNew: 16388K->4K(18432K), 0.0027450 secs] 620429K->604045K(896640K), 0.0027939 secs] [Times: user=0.00 sys=0.00, real=0.00 secs] 
2020-10-28T08:27:39.798+0000: [GC (Allocation Failure) 2020-10-28T08:27:39.798+0000: [ParNew: 14649K->4K(18432K), 0.0025672 secs] 618691K->604045K(896640K), 0.0026305 secs] [Times: user=0.00 sys=0.00, real=0.01 secs] 
2020-10-28T08:27:39.824+0000: [GC (Allocation Failure) 2020-10-28T08:27:39.824+0000: [ParNew: 16388K->4K(18432K), 0.0030755 secs] 620429K->606093K(896640K), 0.0031265 secs] [Times: user=0.01 sys=0.00, real=0.00 secs] 
2020-10-28T08:27:39.849+0000: [GC (Allocation Failure) 2020-10-28T08:27:39.849+0000: [ParNew: 16388K->4K(18432K), 0.0027968 secs] 622477K->606093K(896640K), 0.0028486 secs] [Times: user=0.00 sys=0.00, real=0.00 secs] 
2020-10-28T08:27:39.876+0000: [GC (Allocation Failure) 2020-10-28T08:27:39.876+0000: [ParNew: 16388K->4K(18432K), 0.0028114 secs] 622477K->606093K(896640K), 0.0028667 secs] [Times: user=0.01 sys=0.00, real=0.00 secs] 
2020-10-28T08:27:39.902+0000: [GC (Allocation Failure) 2020-10-28T08:27:39.902+0000: [ParNew: 16388K->4K(18432K), 0.0027433 secs] 622477K->606093K(896640K), 0.0027952 secs] [Times: user=0.00 sys=0.00, real=0.00 secs] 
2020-10-28T08:27:39.929+0000: [GC (Allocation Failure) 2020-10-28T08:27:39.929+0000: [ParNew: 16388K->4K(18432K), 0.0060076 secs] 622477K->606093K(896640K), 0.0060771 secs] [Times: user=0.01 sys=0.00, real=0.00 secs] 
2020-10-28T08:27:39.960+0000: [GC (Allocation Failure) 2020-10-28T08:27:39.960+0000: [ParNew: 16388K->4K(18432K), 0.0063193 secs] 622477K->606093K(896640K), 0.0063990 secs] [Times: user=0.01 sys=0.00, real=0.00 secs] 
2020-10-28T08:27:40.000+0000: [GC (Allocation Failure) 2020-10-28T08:27:40.000+0000: [ParNew: 16388K->4K(18432K), 0.0058859 secs] 622477K->606093K(896640K), 0.0059500 secs] [Times: user=0.01 sys=0.00, real=0.00 secs] 
2020-10-28T08:27:40.031+0000: [GC (Allocation Failure) 2020-10-28T08:27:40.031+0000: [ParNew: 16388K->4K(18432K), 0.0027687 secs] 622477K->606093K(896640K), 0.0028380 secs] [Times: user=0.01 sys=0.00, real=0.00 secs] 
2020-10-28T08:27:40.073+0000: [GC (Allocation Failure) 2020-10-28T08:27:40.073+0000: [ParNew: 16388K->4K(18432K), 0.0028097 secs] 622477K->606093K(896640K), 0.0028819 secs] [Times: user=0.00 sys=0.00, real=0.00 secs] 
2020-10-28T08:27:40.119+0000: [GC (Allocation Failure) 2020-10-28T08:27:40.119+0000: [ParNew: 16388K->4K(18432K), 0.0028430 secs] 622477K->606093K(896640K), 0.0029166 secs] [Times: user=0.01 sys=0.00, real=0.01 secs] 
2020-10-28T08:27:40.158+0000: [GC (Allocation Failure) 2020-10-28T08:27:40.158+0000: [ParNew: 16388K->4K(18432K), 0.0028700 secs] 622477K->606093K(896640K), 0.0029436 secs] [Times: user=0.00 sys=0.00, real=0.01 secs] 
2020-10-28T08:27:40.184+0000: [GC (Allocation Failure) 2020-10-28T08:27:40.184+0000: [ParNew: 16388K->4K(18432K), 0.0028017 secs] 622477K->606093K(896640K), 0.0028707 secs] [Times: user=0.01 sys=0.00, real=0.00 secs] 
2020-10-28T08:27:40.219+0000: [GC (Allocation Failure) 2020-10-28T08:27:40.219+0000: [ParNew: 16388K->4K(18432K), 0.0028594 secs] 622477K->606093K(896640K), 0.0029298 secs] [Times: user=0.01 sys=0.00, real=0.01 secs] 
2020-10-28T08:27:40.258+0000: [GC (Allocation Failure) 2020-10-28T08:27:40.258+0000: [ParNew: 16388K->4K(18432K), 0.0090306 secs] 622477K->606093K(896640K), 0.0091030 secs] [Times: user=0.01 sys=0.00, real=0.01 secs] 
2020-10-28T08:27:40.297+0000: [GC (Allocation Failure) 2020-10-28T08:27:40.297+0000: [ParNew: 16388K->4K(18432K), 0.0028175 secs] 622477K->606093K(896640K), 0.0028726 secs] [Times: user=0.00 sys=0.00, real=0.01 secs] 
2020-10-28T08:27:40.320+0000: [GC (Allocation Failure) 2020-10-28T08:27:40.320+0000: [ParNew: 16388K->4K(18432K), 0.0028862 secs] 622477K->606093K(896640K), 0.0029403 secs] [Times: user=0.01 sys=0.00, real=0.00 secs] 
2020-10-28T08:27:40.340+0000: [GC (Allocation Failure) 2020-10-28T08:27:40.340+0000: [ParNew: 16388K->4K(18432K), 0.0028436 secs] 622477K->606093K(896640K), 0.0028965 secs] [Times: user=0.00 sys=0.00, real=0.00 secs] 
2020-10-28T08:27:40.360+0000: [GC (Allocation Failure) 2020-10-28T08:27:40.360+0000: [ParNew: 16388K->4K(18432K), 0.0028302 secs] 622477K->606094K(896640K), 0.0028839 secs] [Times: user=0.01 sys=0.00, real=0.00 secs] 
2020-10-28T08:27:40.379+0000: [GC (Allocation Failure) 2020-10-28T08:27:40.379+0000: [ParNew: 16388K->4K(18432K), 0.0027817 secs] 622478K->606094K(896640K), 0.0028319 secs] [Times: user=0.01 sys=0.00, real=0.01 secs] 
2020-10-28T08:27:40.401+0000: [GC (Allocation Failure) 2020-10-28T08:27:40.401+0000: [ParNew: 16388K->4K(18432K), 0.0027131 secs] 622478K->606094K(896640K), 0.0027629 secs] [Times: user=0.00 sys=0.00, real=0.00 secs] 
2020-10-28T08:27:40.420+0000: [GC (Allocation Failure) 2020-10-28T08:27:40.420+0000: [ParNew: 16388K->4K(18432K), 0.0026328 secs] 622478K->606094K(896640K), 0.0026805 secs] [Times: user=0.01 sys=0.00, real=0.00 secs] 
2020-10-28T08:27:40.438+0000: [GC (Allocation Failure) 2020-10-28T08:27:40.438+0000: [ParNew: 16388K->4K(18432K), 0.0026351 secs] 622478K->606094K(896640K), 0.0026819 secs] [Times: user=0.00 sys=0.00, real=0.01 secs] 
2020-10-28T08:27:40.456+0000: [GC (Allocation Failure) 2020-10-28T08:27:40.456+0000: [ParNew: 16388K->4K(18432K), 0.0026439 secs] 622478K->606094K(896640K), 0.0026916 secs] [Times: user=0.00 sys=0.00, real=0.00 secs] 
2020-10-28T08:27:40.476+0000: [GC (Allocation Failure) 2020-10-28T08:27:40.476+0000: [ParNew: 16388K->4K(18432K), 0.0026169 secs] 622478K->606094K(896640K), 0.0026647 secs] [Times: user=0.01 sys=0.00, real=0.00 secs] 
2020-10-28T08:27:40.496+0000: [GC (Allocation Failure) 2020-10-28T08:27:40.496+0000: [ParNew: 16388K->4K(18432K), 0.0025843 secs] 622478K->606094K(896640K), 0.0026295 secs] [Times: user=0.01 sys=0.00, real=0.00 secs] 
2020-10-28T08:27:40.516+0000: [GC (Allocation Failure) 2020-10-28T08:27:40.516+0000: [ParNew: 16388K->4K(18432K), 0.0026123 secs] 622478K->606094K(896640K), 0.0026594 secs] [Times: user=0.01 sys=0.00, real=0.00 secs] 
2020-10-28T08:27:40.534+0000: [GC (Allocation Failure) 2020-10-28T08:27:40.534+0000: [ParNew: 16388K->4K(18432K), 0.0027416 secs] 622478K->606094K(896640K), 0.0027896 secs] [Times: user=0.00 sys=0.00, real=0.00 secs] 
2020-10-28T08:27:40.556+0000: [GC (Allocation Failure) 2020-10-28T08:27:40.556+0000: [ParNew: 16388K->4K(18432K), 0.0027346 secs] 622478K->606094K(896640K), 0.0027860 secs] [Times: user=0.01 sys=0.00, real=0.00 secs] 
2020-10-28T08:27:40.573+0000: [GC (Allocation Failure) 2020-10-28T08:27:40.573+0000: [ParNew: 16388K->4K(18432K), 0.0026789 secs] 622478K->606094K(896640K), 0.0027291 secs] [Times: user=0.00 sys=0.00, real=0.00 secs] 
2020-10-28T08:27:40.591+0000: [GC (Allocation Failure) 2020-10-28T08:27:40.591+0000: [ParNew: 16388K->4K(18432K), 0.0026617 secs] 622478K->606094K(896640K), 0.0027154 secs] [Times: user=0.00 sys=0.00, real=0.00 secs] 
2020-10-28T08:27:40.609+0000: [GC (Allocation Failure) 2020-10-28T08:27:40.609+0000: [ParNew: 16388K->4K(18432K), 0.0028004 secs] 622478K->606094K(896640K), 0.0028514 secs] [Times: user=0.00 sys=0.00, real=0.00 secs] 
2020-10-28T08:27:40.626+0000: [GC (Allocation Failure) 2020-10-28T08:27:40.626+0000: [ParNew: 16388K->4K(18432K), 0.0028121 secs] 622478K->606094K(896640K), 0.0028622 secs] [Times: user=0.01 sys=0.00, real=0.01 secs] 
2020-10-28T08:27:40.648+0000: [GC (Allocation Failure) 2020-10-28T08:27:40.648+0000: [ParNew: 16388K->4K(18432K), 0.0027434 secs] 622478K->606094K(896640K), 0.0027897 secs] [Times: user=0.00 sys=0.00, real=0.00 secs] 
2020-10-28T08:27:40.668+0000: [GC (Allocation Failure) 2020-10-28T08:27:40.668+0000: [ParNew: 16329K->4K(18432K), 0.0027679 secs] 622419K->606094K(896640K), 0.0028183 secs] [Times: user=0.00 sys=0.00, real=0.00 secs] 
2020-10-28T08:27:40.686+0000: [GC (Allocation Failure) 2020-10-28T08:27:40.686+0000: [ParNew: 16388K->4K(18432K), 0.0027931 secs] 622478K->606094K(896640K), 0.0028503 secs] [Times: user=0.01 sys=0.00, real=0.01 secs] 
2020-10-28T08:27:40.707+0000: [GC (Allocation Failure) 2020-10-28T08:27:40.707+0000: [ParNew: 16388K->4K(18432K), 0.0027736 secs] 622478K->606094K(896640K), 0.0028245 secs] [Times: user=0.00 sys=0.00, real=0.01 secs] 
2020-10-28T08:27:40.725+0000: [GC (Allocation Failure) 2020-10-28T08:27:40.725+0000: [ParNew: 16388K->4K(18432K), 0.0028527 secs] 622478K->606094K(896640K), 0.0029072 secs] [Times: user=0.01 sys=0.00, real=0.01 secs] 
2020-10-28T08:27:40.744+0000: [GC (Allocation Failure) 2020-10-28T08:27:40.744+0000: [ParNew: 16388K->4K(18432K), 0.0027579 secs] 622478K->606094K(896640K), 0.0028094 secs] [Times: user=0.00 sys=0.00, real=0.00 secs] 
2020-10-28T08:27:40.763+0000: [GC (Allocation Failure) 2020-10-28T08:27:40.763+0000: [ParNew: 16388K->4K(18432K), 0.0028754 secs] 622478K->606094K(896640K), 0.0029267 secs] [Times: user=0.01 sys=0.00, real=0.00 secs] 
2020-10-28T08:27:40.784+0000: [GC (Allocation Failure) 2020-10-28T08:27:40.784+0000: [ParNew: 16388K->4K(18432K), 0.0028074 secs] 622478K->606094K(896640K), 0.0028614 secs] [Times: user=0.01 sys=0.00, real=0.00 secs] 
2020-10-28T08:27:40.802+0000: [GC (Allocation Failure) 2020-10-28T08:27:40.802+0000: [ParNew: 16388K->4K(18432K), 0.0028109 secs] 622478K->606094K(896640K), 0.0028634 secs] [Times: user=0.00 sys=0.00, real=0.00 secs] 
2020-10-28T08:27:40.820+0000: [GC (Allocation Failure) 2020-10-28T08:27:40.820+0000: [ParNew: 16388K->4K(18432K), 0.0028026 secs] 622478K->606094K(896640K), 0.0028562 secs] [Times: user=0.01 sys=0.00, real=0.00 secs] 
2020-10-28T08:27:40.838+0000: [GC (Allocation Failure) 2020-10-28T08:27:40.838+0000: [ParNew: 16388K->4K(18432K), 0.0027534 secs] 622478K->606094K(896640K), 0.0028028 secs] [Times: user=0.00 sys=0.00, real=0.01 secs] 
2020-10-28T08:27:40.858+0000: [GC (Allocation Failure) 2020-10-28T08:27:40.858+0000: [ParNew: 16388K->4K(18432K), 0.0028265 secs] 622478K->606094K(896640K), 0.0028743 secs] [Times: user=0.01 sys=0.00, real=0.01 secs] 
2020-10-28T08:27:40.876+0000: [GC (Allocation Failure) 2020-10-28T08:27:40.876+0000: [ParNew: 16388K->4K(18432K), 0.0026654 secs] 622478K->606094K(896640K), 0.0027110 secs] [Times: user=0.00 sys=0.00, real=0.00 secs] 
2020-10-28T08:27:40.896+0000: [GC (Allocation Failure) 2020-10-28T08:27:40.896+0000: [ParNew: 16388K->4K(18432K), 0.0026163 secs] 622478K->606094K(896640K), 0.0026594 secs] [Times: user=0.01 sys=0.00, real=0.00 secs] 
2020-10-28T08:27:40.916+0000: [GC (Allocation Failure) 2020-10-28T08:27:40.916+0000: [ParNew: 16388K->4K(18432K), 0.0026372 secs] 622478K->606094K(896640K), 0.0026821 secs] [Times: user=0.01 sys=0.00, real=0.00 secs] 
2020-10-28T08:27:40.936+0000: [GC (Allocation Failure) 2020-10-28T08:27:40.936+0000: [ParNew: 16388K->4K(18432K), 0.0026519 secs] 622478K->606094K(896640K), 0.0026994 secs] [Times: user=0.00 sys=0.00, real=0.00 secs] 
2020-10-28T08:27:40.953+0000: [GC (Allocation Failure) 2020-10-28T08:27:40.953+0000: [ParNew: 16388K->4K(18432K), 0.0026639 secs] 622478K->606094K(896640K), 0.0027106 secs] [Times: user=0.01 sys=0.00, real=0.00 secs] 
2020-10-28T08:27:40.972+0000: [GC (Allocation Failure) 2020-10-28T08:27:40.972+0000: [ParNew: 16388K->4K(18432K), 0.0026459 secs] 622478K->606094K(896640K), 0.0026915 secs] [Times: user=0.00 sys=0.00, real=0.00 secs] 
2020-10-28T08:27:40.989+0000: [GC (Allocation Failure) 2020-10-28T08:27:40.989+0000: [ParNew: 16388K->4K(18432K), 0.0026674 secs] 622478K->606094K(896640K), 0.0027121 secs] [Times: user=0.01 sys=0.00, real=0.00 secs] 
2020-10-28T08:27:41.007+0000: [GC (Allocation Failure) 2020-10-28T08:27:41.007+0000: [ParNew: 16388K->4K(18432K), 0.0026723 secs] 622478K->606094K(896640K), 0.0027161 secs] [Times: user=0.00 sys=0.00, real=0.01 secs] 
2020-10-28T08:27:41.024+0000: [GC (Allocation Failure) 2020-10-28T08:27:41.024+0000: [ParNew: 16388K->4K(18432K), 0.0026154 secs] 622478K->606094K(896640K), 0.0026614 secs] [Times: user=0.01 sys=0.00, real=0.00 secs] 
2020-10-28T08:27:41.042+0000: [GC (Allocation Failure) 2020-10-28T08:27:41.042+0000: [ParNew: 16388K->4K(18432K), 0.0026766 secs] 622478K->606094K(896640K), 0.0027242 secs] [Times: user=0.01 sys=0.00, real=0.00 secs] 
2020-10-28T08:27:41.059+0000: [GC (Allocation Failure) 2020-10-28T08:27:41.059+0000: [ParNew: 16388K->4K(18432K), 0.0028086 secs] 622478K->606094K(896640K), 0.0028589 secs] [Times: user=0.00 sys=0.00, real=0.01 secs] 
2020-10-28T08:27:41.077+0000: [GC (Allocation Failure) 2020-10-28T08:27:41.077+0000: [ParNew: 16388K->4K(18432K), 0.0027357 secs] 622478K->606094K(896640K), 0.0027858 secs] [Times: user=0.01 sys=0.00, real=0.01 secs] 
2020-10-28T08:27:41.095+0000: [GC (Allocation Failure) 2020-10-28T08:27:41.095+0000: [ParNew: 16388K->4K(18432K), 0.0027214 secs] 622478K->606094K(896640K), 0.0027787 secs] [Times: user=0.00 sys=0.00, real=0.00 secs] 
2020-10-28T08:27:41.112+0000: [GC (Allocation Failure) 2020-10-28T08:27:41.112+0000: [ParNew: 16388K->4K(18432K), 0.0026492 secs] 622478K->606094K(896640K), 0.0026931 secs] [Times: user=0.01 sys=0.00, real=0.00 secs] 
2020-10-28T08:27:41.135+0000: [GC (Allocation Failure) 2020-10-28T08:27:41.135+0000: [ParNew: 16388K->4K(18432K), 0.0026404 secs] 622478K->606094K(896640K), 0.0026866 secs] [Times: user=0.01 sys=0.00, real=0.00 secs] 
2020-10-28T08:27:41.153+0000: [GC (Allocation Failure) 2020-10-28T08:27:41.153+0000: [ParNew: 16388K->4K(18432K), 0.0025492 secs] 622478K->606094K(896640K), 0.0025936 secs] [Times: user=0.00 sys=0.00, real=0.00 secs] 
2020-10-28T08:27:41.172+0000: [GC (Allocation Failure) 2020-10-28T08:27:41.172+0000: [ParNew: 16388K->4K(18432K), 0.0025976 secs] 622478K->606094K(896640K), 0.0026435 secs] [Times: user=0.00 sys=0.00, real=0.00 secs] 
2020-10-28T08:27:41.189+0000: [GC (Allocation Failure) 2020-10-28T08:27:41.189+0000: [ParNew: 16388K->4K(18432K), 0.0024789 secs] 622478K->606094K(896640K), 0.0025214 secs] [Times: user=0.00 sys=0.00, real=0.00 secs] 
2020-10-28T08:27:41.208+0000: [GC (Allocation Failure) 2020-10-28T08:27:41.208+0000: [ParNew: 16388K->4K(18432K), 0.0024545 secs] 622478K->606094K(896640K), 0.0024979 secs] [Times: user=0.01 sys=0.00, real=0.00 secs] 
2020-10-28T08:27:41.228+0000: [GC (Allocation Failure) 2020-10-28T08:27:41.228+0000: [ParNew: 16388K->4K(18432K), 0.0025554 secs] 622478K->606094K(896640K), 0.0026002 secs] [Times: user=0.00 sys=0.00, real=0.00 secs] 
2020-10-28T08:27:41.248+0000: [GC (Allocation Failure) 2020-10-28T08:27:41.248+0000: [ParNew: 16388K->4K(18432K), 0.0025487 secs] 622478K->606094K(896640K), 0.0026031 secs] [Times: user=0.00 sys=0.00, real=0.00 secs] 
2020-10-28T08:27:41.268+0000: [GC (Allocation Failure) 2020-10-28T08:27:41.268+0000: [ParNew: 16388K->4K(18432K), 0.0025077 secs] 622478K->606094K(896640K), 0.0025514 secs] [Times: user=0.01 sys=0.00, real=0.00 secs] 
2020-10-28T08:27:41.286+0000: [GC (Allocation Failure) 2020-10-28T08:27:41.286+0000: [ParNew: 16388K->4K(18432K), 0.0025594 secs] 622478K->606094K(896640K), 0.0026074 secs] [Times: user=0.01 sys=0.00, real=0.01 secs] 
2020-10-28T08:27:41.304+0000: [GC (Allocation Failure) 2020-10-28T08:27:41.304+0000: [ParNew: 16388K->4K(18432K), 0.0025151 secs] 622478K->606094K(896640K), 0.0025581 secs] [Times: user=0.00 sys=0.00, real=0.00 secs] 
2020-10-28T08:27:41.324+0000: [GC (Allocation Failure) 2020-10-28T08:27:41.324+0000: [ParNew: 16388K->4K(18432K), 0.0026330 secs] 622478K->606094K(896640K), 0.0026802 secs] [Times: user=0.01 sys=0.00, real=0.00 secs] 
2020-10-28T08:27:41.341+0000: [GC (Allocation Failure) 2020-10-28T08:27:41.341+0000: [ParNew: 16388K->4K(18432K), 0.0025543 secs] 622478K->606094K(896640K), 0.0025981 secs] [Times: user=0.00 sys=0.00, real=0.00 secs] 
2020-10-28T08:27:41.358+0000: [GC (Allocation Failure) 2020-10-28T08:27:41.358+0000: [ParNew: 16388K->4K(18432K), 0.0025628 secs] 622478K->606094K(896640K), 0.0026075 secs] [Times: user=0.01 sys=0.00, real=0.01 secs] 
2020-10-28T08:27:41.376+0000: [GC (Allocation Failure) 2020-10-28T08:27:41.376+0000: [ParNew: 16388K->4K(18432K), 0.0025743 secs] 622478K->606094K(896640K), 0.0026186 secs] [Times: user=0.01 sys=0.00, real=0.00 secs] 
2020-10-28T08:27:41.393+0000: [GC (Allocation Failure) 2020-10-28T08:27:41.393+0000: [ParNew: 16388K->4K(18432K), 0.0025628 secs] 622478K->606094K(896640K), 0.0026045 secs] [Times: user=0.00 sys=0.00, real=0.00 secs] 
2020-10-28T08:27:41.411+0000: [GC (Allocation Failure) 2020-10-28T08:27:41.411+0000: [ParNew: 16388K->4K(18432K), 0.0028617 secs] 622478K->606094K(896640K), 0.0029206 secs] [Times: user=0.01 sys=0.00, real=0.00 secs] 
2020-10-28T08:27:41.428+0000: [GC (Allocation Failure) 2020-10-28T08:27:41.428+0000: [ParNew: 16388K->4K(18432K), 0.0028089 secs] 622478K->606094K(896640K), 0.0028602 secs] [Times: user=0.00 sys=0.00, real=0.00 secs] 
2020-10-28T08:27:41.448+0000: [GC (Allocation Failure) 2020-10-28T08:27:41.448+0000: [ParNew: 16388K->4K(18432K), 0.0027110 secs] 622478K->606094K(896640K), 0.0027573 secs] [Times: user=0.00 sys=0.00, real=0.00 secs] 
2020-10-28T08:27:41.465+0000: [GC (Allocation Failure) 2020-10-28T08:27:41.465+0000: [ParNew: 16388K->4K(18432K), 0.0027679 secs] 622478K->606094K(896640K), 0.0028179 secs] [Times: user=0.00 sys=0.00, real=0.01 secs] 
2020-10-28T08:27:41.484+0000: [GC (Allocation Failure) 2020-10-28T08:27:41.484+0000: [ParNew: 16388K->4K(18432K), 0.0027179 secs] 622478K->606094K(896640K), 0.0027663 secs] [Times: user=0.01 sys=0.00, real=0.00 secs] 
2020-10-28T08:27:41.501+0000: [GC (Allocation Failure) 2020-10-28T08:27:41.501+0000: [ParNew: 16388K->4K(18432K), 0.0027731 secs] 622478K->606094K(896640K), 0.0028245 secs] [Times: user=0.01 sys=0.00, real=0.00 secs] 
2020-10-28T08:27:41.520+0000: [GC (Allocation Failure) 2020-10-28T08:27:41.520+0000: [ParNew: 16388K->4K(18432K), 0.0025709 secs] 622478K->606094K(896640K), 0.0026178 secs] [Times: user=0.00 sys=0.00, real=0.00 secs] 
2020-10-28T08:27:41.537+0000: [GC (Allocation Failure) 2020-10-28T08:27:41.537+0000: [ParNew: 16388K->4K(18432K), 0.0024988 secs] 622478K->606094K(896640K), 0.0025432 secs] [Times: user=0.01 sys=0.00, real=0.01 secs] 
2020-10-28T08:27:41.556+0000: [GC (Allocation Failure) 2020-10-28T08:27:41.556+0000: [ParNew: 16388K->4K(18432K), 0.0025639 secs] 622478K->606094K(896640K), 0.0026091 secs] [Times: user=0.00 sys=0.00, real=0.00 secs] 
2020-10-28T08:27:41.576+0000: [GC (Allocation Failure) 2020-10-28T08:27:41.576+0000: [ParNew: 16388K->4K(18432K), 0.0025825 secs] 622478K->606094K(896640K), 0.0026281 secs] [Times: user=0.01 sys=0.00, real=0.00 secs] 
2020-10-28T08:27:41.593+0000: [GC (Allocation Failure) 2020-10-28T08:27:41.593+0000: [ParNew: 16388K->4K(18432K), 0.0024561 secs] 622478K->606094K(896640K), 0.0025066 secs] [Times: user=0.00 sys=0.00, real=0.00 secs] 
2020-10-28T08:27:41.611+0000: [GC (Allocation Failure) 2020-10-28T08:27:41.611+0000: [ParNew: 16388K->4K(18432K), 0.0025739 secs] 622478K->606094K(896640K), 0.0026185 secs] [Times: user=0.01 sys=0.00, real=0.00 secs] 
2020-10-28T08:27:41.628+0000: [GC (Allocation Failure) 2020-10-28T08:27:41.628+0000: [ParNew: 16388K->4K(18432K), 0.0027697 secs] 622478K->606094K(896640K), 0.0028202 secs] [Times: user=0.00 sys=0.00, real=0.00 secs] 
2020-10-28T08:27:41.648+0000: [GC (Allocation Failure) 2020-10-28T08:27:41.648+0000: [ParNew: 16388K->4K(18432K), 0.0025859 secs] 622478K->606094K(896640K), 0.0026329 secs] [Times: user=0.00 sys=0.00, real=0.00 secs] 
2020-10-28T08:27:41.668+0000: [GC (Allocation Failure) 2020-10-28T08:27:41.668+0000: [ParNew: 16388K->4K(18432K), 0.0025588 secs] 622478K->606094K(896640K), 0.0026035 secs] [Times: user=0.01 sys=0.00, real=0.00 secs] 
2020-10-28T08:27:41.688+0000: [GC (Allocation Failure) 2020-10-28T08:27:41.688+0000: [ParNew: 16388K->4K(18432K), 0.0025080 secs] 622478K->606094K(896640K), 0.0025529 secs] [Times: user=0.00 sys=0.00, real=0.00 secs] 
2020-10-28T08:27:41.705+0000: [GC (Allocation Failure) 2020-10-28T08:27:41.705+0000: [ParNew: 16388K->4K(18432K), 0.0026497 secs] 622478K->606094K(896640K), 0.0026966 secs] [Times: user=0.01 sys=0.00, real=0.01 secs] 
2020-10-28T08:27:41.724+0000: [GC (Allocation Failure) 2020-10-28T08:27:41.724+0000: [ParNew: 16255K->4K(18432K), 0.0024621 secs] 622345K->606095K(896640K), 0.0025065 secs] [Times: user=0.01 sys=0.00, real=0.00 secs] 
2020-10-28T08:27:41.744+0000: [GC (Allocation Failure) 2020-10-28T08:27:41.744+0000: [ParNew: 16388K->4K(18432K), 0.0025572 secs] 622479K->606095K(896640K), 0.0026026 secs] [Times: user=0.00 sys=0.00, real=0.00 secs] 
2020-10-28T08:27:41.761+0000: [GC (Allocation Failure) 2020-10-28T08:27:41.761+0000: [ParNew: 16388K->4K(18432K), 0.0027408 secs] 622479K->606095K(896640K), 0.0027884 secs] [Times: user=0.00 sys=0.00, real=0.00 secs] 
2020-10-28T08:27:41.779+0000: [GC (Allocation Failure) 2020-10-28T08:27:41.779+0000: [ParNew: 16388K->4K(18432K), 0.0025028 secs] 622479K->606095K(896640K), 0.0025477 secs] [Times: user=0.01 sys=0.00, real=0.01 secs] 
2020-10-28T08:27:41.800+0000: [GC (Allocation Failure) 2020-10-28T08:27:41.800+0000: [ParNew: 16388K->4K(18432K), 0.0027407 secs] 622479K->606095K(896640K), 0.0027911 secs] [Times: user=0.01 sys=0.00, real=0.00 secs] 
2020-10-28T08:27:41.820+0000: [GC (Allocation Failure) 2020-10-28T08:27:41.820+0000: [ParNew: 16388K->4K(18432K), 0.0027788 secs] 622479K->606095K(896640K), 0.0028293 secs] [Times: user=0.01 sys=0.00, real=0.00 secs] 
2020-10-28T08:27:41.838+0000: [GC (Allocation Failure) 2020-10-28T08:27:41.838+0000: [ParNew: 16388K->4K(18432K), 0.0026799 secs] 622479K->606095K(896640K), 0.0027256 secs] [Times: user=0.01 sys=0.00, real=0.01 secs] 
2020-10-28T08:27:41.856+0000: [GC (Allocation Failure) 2020-10-28T08:27:41.856+0000: [ParNew: 16388K->4K(18432K), 0.0026888 secs] 622479K->606095K(896640K), 0.0027374 secs] [Times: user=0.00 sys=0.00, real=0.00 secs] 
2020-10-28T08:27:41.873+0000: [GC (Allocation Failure) 2020-10-28T08:27:41.873+0000: [ParNew: 16388K->4K(18432K), 0.0026296 secs] 622479K->606095K(896640K), 0.0026738 secs] [Times: user=0.01 sys=0.00, real=0.00 secs] 
2020-10-28T08:27:41.891+0000: [GC (Allocation Failure) 2020-10-28T08:27:41.891+0000: [ParNew: 16388K->4K(18432K), 0.0025568 secs] 622479K->606095K(896640K), 0.0026005 secs] [Times: user=0.00 sys=0.00, real=0.00 secs] 
2020-10-28T08:27:41.908+0000: [GC (Allocation Failure) 2020-10-28T08:27:41.908+0000: [ParNew: 16388K->4K(18432K), 0.0025418 secs] 622479K->606095K(896640K), 0.0025857 secs] [Times: user=0.00 sys=0.00, real=0.00 secs] 
2020-10-28T08:27:41.926+0000: [GC (Allocation Failure) 2020-10-28T08:27:41.926+0000: [ParNew: 16388K->4K(18432K), 0.0024597 secs] 622479K->606095K(896640K), 0.0025021 secs] [Times: user=0.01 sys=0.00, real=0.01 secs] 
2020-10-28T08:27:41.943+0000: [GC (Allocation Failure) 2020-10-28T08:27:41.943+0000: [ParNew: 16388K->4K(18432K), 0.0024535 secs] 622479K->606095K(896640K), 0.0024960 secs] [Times: user=0.00 sys=0.00, real=0.00 secs] 
2020-10-28T08:27:41.960+0000: [GC (Allocation Failure) 2020-10-28T08:27:41.960+0000: [ParNew: 16388K->4K(18432K), 0.0025595 secs] 622479K->606095K(896640K), 0.0026044 secs] [Times: user=0.01 sys=0.00, real=0.00 secs] 
2020-10-28T08:27:41.980+0000: [GC (Allocation Failure) 2020-10-28T08:27:41.980+0000: [ParNew: 16388K->4K(18432K), 0.0027201 secs] 622479K->606095K(896640K), 0.0027878 secs] [Times: user=0.00 sys=0.00, real=0.00 secs] 
2020-10-28T08:27:42.000+0000: [GC (Allocation Failure) 2020-10-28T08:27:42.000+0000: [ParNew: 16388K->4K(18432K), 0.0025289 secs] 622479K->606095K(896640K), 0.0025731 secs] [Times: user=0.01 sys=0.00, real=0.00 secs] 
2020-10-28T08:27:42.020+0000: [GC (Allocation Failure) 2020-10-28T08:27:42.020+0000: [ParNew: 16388K->4K(18432K), 0.0027118 secs] 622479K->606095K(896640K), 0.0027626 secs] [Times: user=0.01 sys=0.00, real=0.00 secs] 
2020-10-28T08:27:42.038+0000: [GC (Allocation Failure) 2020-10-28T08:27:42.038+0000: [ParNew: 16388K->4K(18432K), 0.0027333 secs] 622479K->606095K(896640K), 0.0027824 secs] [Times: user=0.01 sys=0.00, real=0.01 secs] 
2020-10-28T08:27:42.064+0000: [GC (Allocation Failure) 2020-10-28T08:27:42.064+0000: [ParNew: 16388K->4K(18432K), 0.0028230 secs] 622479K->606095K(896640K), 0.0028768 secs] [Times: user=0.01 sys=0.00, real=0.00 secs] 
2020-10-28T08:27:42.082+0000: [GC (Allocation Failure) 2020-10-28T08:27:42.082+0000: [ParNew: 16388K->4K(18432K), 0.0028158 secs] 622479K->606095K(896640K), 0.0028693 secs] [Times: user=0.01 sys=0.00, real=0.00 secs] 
2020-10-28T08:27:42.103+0000: [GC (Allocation Failure) 2020-10-28T08:27:42.103+0000: [ParNew: 16388K->4K(18432K), 0.0028904 secs] 622479K->606095K(896640K), 0.0029453 secs] [Times: user=0.01 sys=0.00, real=0.00 secs] 
2020-10-28T08:27:42.123+0000: [GC (Allocation Failure) 2020-10-28T08:27:42.123+0000: [ParNew: 16388K->4K(18432K), 0.0028627 secs] 622479K->606095K(896640K), 0.0029175 secs] [Times: user=0.00 sys=0.00, real=0.00 secs] 
2020-10-28T08:27:42.142+0000: [GC (Allocation Failure) 2020-10-28T08:27:42.142+0000: [ParNew: 16388K->4K(18432K), 0.0027731 secs] 622479K->606095K(896640K), 0.0028238 secs] [Times: user=0.01 sys=0.00, real=0.00 secs] 
2020-10-28T08:27:42.163+0000: [GC (Allocation Failure) 2020-10-28T08:27:42.163+0000: [ParNew: 16388K->4K(18432K), 0.0027039 secs] 622479K->606095K(896640K), 0.0027509 secs] [Times: user=0.01 sys=0.00, real=0.00 secs] 
2020-10-28T08:27:42.184+0000: [GC (Allocation Failure) 2020-10-28T08:27:42.184+0000: [ParNew: 16388K->4K(18432K), 0.0026281 secs] 622479K->606095K(896640K), 0.0026730 secs] [Times: user=0.01 sys=0.00, real=0.00 secs] 
2020-10-28T08:27:42.201+0000: [GC (Allocation Failure) 2020-10-28T08:27:42.201+0000: [ParNew: 16388K->4K(18432K), 0.0025773 secs] 622479K->606095K(896640K), 0.0026211 secs] [Times: user=0.01 sys=0.00, real=0.00 secs] 
2020-10-28T08:27:42.220+0000: [GC (Allocation Failure) 2020-10-28T08:27:42.220+0000: [ParNew: 16388K->4K(18432K), 0.0025972 secs] 622479K->606095K(896640K), 0.0026408 secs] [Times: user=0.01 sys=0.00, real=0.00 secs] 
2020-10-28T08:27:42.238+0000: [GC (Allocation Failure) 2020-10-28T08:27:42.238+0000: [ParNew: 16388K->4K(18432K), 0.0025122 secs] 622479K->606095K(896640K), 0.0025554 secs] [Times: user=0.00 sys=0.00, real=0.01 secs] 
2020-10-28T08:27:42.256+0000: [GC (Allocation Failure) 2020-10-28T08:27:42.256+0000: [ParNew: 16388K->4K(18432K), 0.0025295 secs] 622479K->606095K(896640K), 0.0025721 secs] [Times: user=0.01 sys=0.00, real=0.00 secs] 
2020-10-28T08:27:42.273+0000: [GC (Allocation Failure) 2020-10-28T08:27:42.273+0000: [ParNew: 16388K->4K(18432K), 0.0026204 secs] 622479K->606095K(896640K), 0.0026683 secs] [Times: user=0.01 sys=0.00, real=0.00 secs] 
2020-10-28T08:27:42.292+0000: [GC (Allocation Failure) 2020-10-28T08:27:42.292+0000: [ParNew: 16388K->4K(18432K), 0.0025653 secs] 622479K->606095K(896640K), 0.0026088 secs] [Times: user=0.00 sys=0.00, real=0.00 secs] 
2020-10-28T08:27:42.312+0000: [GC (Allocation Failure) 2020-10-28T08:27:42.312+0000: [ParNew: 16388K->4K(18432K), 0.0025901 secs] 622479K->606095K(896640K), 0.0026349 secs] [Times: user=0.00 sys=0.00, real=0.00 secs] 
2020-10-28T08:27:42.329+0000: [GC (Allocation Failure) 2020-10-28T08:27:42.329+0000: [ParNew: 16388K->4K(18432K), 0.0027012 secs] 622479K->606095K(896640K), 0.0027492 secs] [Times: user=0.01 sys=0.00, real=0.00 secs] 
2020-10-28T08:27:42.347+0000: [GC (Allocation Failure) 2020-10-28T08:27:42.347+0000: [ParNew: 16388K->4K(18432K), 0.0026611 secs] 622479K->606095K(896640K), 0.0027141 secs] [Times: user=0.00 sys=0.00, real=0.01 secs] 
2020-10-28T08:27:42.364+0000: [GC (Allocation Failure) 2020-10-28T08:27:42.364+0000: [ParNew: 16388K->4K(18432K), 0.0025566 secs] 622479K->606095K(896640K), 0.0025988 secs] [Times: user=0.00 sys=0.00, real=0.00 secs] 
2020-10-28T08:27:42.382+0000: [GC (Allocation Failure) 2020-10-28T08:27:42.382+0000: [ParNew: 16388K->4K(18432K), 0.0025317 secs] 622479K->606095K(896640K), 0.0025744 secs] [Times: user=0.01 sys=0.00, real=0.00 secs] 
2020-10-28T08:27:42.401+0000: [GC (Allocation Failure) 2020-10-28T08:27:42.401+0000: [ParNew: 16388K->4K(18432K), 0.0025158 secs] 622479K->606095K(896640K), 0.0025608 secs] [Times: user=0.01 sys=0.00, real=0.00 secs] 
2020-10-28T08:27:42.420+0000: [GC (Allocation Failure) 2020-10-28T08:27:42.420+0000: [ParNew: 16388K->4K(18432K), 0.0024775 secs] 622479K->606095K(896640K), 0.0025204 secs] [Times: user=0.01 sys=0.00, real=0.00 secs] 
2020-10-28T08:27:42.437+0000: [GC (Allocation Failure) 2020-10-28T08:27:42.437+0000: [ParNew: 16388K->4K(18432K), 0.0026573 secs] 622479K->606095K(896640K), 0.0027060 secs] [Times: user=0.01 sys=0.00, real=0.01 secs] 
2020-10-28T08:27:42.455+0000: [GC (Allocation Failure) 2020-10-28T08:27:42.455+0000: [ParNew: 16388K->4K(18432K), 0.0025710 secs] 622479K->606095K(896640K), 0.0026167 secs] [Times: user=0.01 sys=0.00, real=0.00 secs] 
2020-10-28T08:27:42.472+0000: [GC (Allocation Failure) 2020-10-28T08:27:42.472+0000: [ParNew: 16388K->4K(18432K), 0.0024736 secs] 622479K->606095K(896640K), 0.0025181 secs] [Times: user=0.00 sys=0.00, real=0.00 secs] 
2020-10-28T08:27:42.492+0000: [GC (Allocation Failure) 2020-10-28T08:27:42.492+0000: [ParNew: 16388K->4K(18432K), 0.0024285 secs] 622479K->606095K(896640K), 0.0024713 secs] [Times: user=0.00 sys=0.00, real=0.00 secs] 
2020-10-28T08:27:42.509+0000: [GC (Allocation Failure) 2020-10-28T08:27:42.509+0000: [ParNew: 16388K->4K(18432K), 0.0024761 secs] 622479K->606095K(896640K), 0.0025355 secs] [Times: user=0.01 sys=0.00, real=0.00 secs] 
2020-10-28T08:27:42.528+0000: [GC (Allocation Failure) 2020-10-28T08:27:42.528+0000: [ParNew: 16388K->4K(18432K), 0.0026356 secs] 622479K->606095K(896640K), 0.0026819 secs] [Times: user=0.00 sys=0.00, real=0.00 secs] 
2020-10-28T08:27:42.545+0000: [GC (Allocation Failure) 2020-10-28T08:27:42.545+0000: [ParNew: 16388K->4K(18432K), 0.0024633 secs] 622479K->606095K(896640K), 0.0025067 secs] [Times: user=0.01 sys=0.00, real=0.01 secs] 
2020-10-28T08:27:42.563+0000: [GC (Allocation Failure) 2020-10-28T08:27:42.563+0000: [ParNew: 16388K->4K(18432K), 0.0025333 secs] 622479K->606095K(896640K), 0.0025780 secs] [Times: user=0.01 sys=0.00, real=0.00 secs] 
2020-10-28T08:27:42.580+0000: [GC (Allocation Failure) 2020-10-28T08:27:42.580+0000: [ParNew: 16388K->4K(18432K), 0.0026198 secs] 622479K->606095K(896640K), 0.0026667 secs] [Times: user=0.00 sys=0.00, real=0.00 secs] 
2020-10-28T08:27:42.600+0000: [GC (Allocation Failure) 2020-10-28T08:27:42.600+0000: [ParNew: 16388K->4K(18432K), 0.0026111 secs] 622479K->606095K(896640K), 0.0026573 secs] [Times: user=0.00 sys=0.00, real=0.00 secs] 
2020-10-28T08:27:42.617+0000: [GC (Allocation Failure) 2020-10-28T08:27:42.617+0000: [ParNew: 16388K->4K(18432K), 0.0025419 secs] 622479K->606095K(896640K), 0.0025860 secs] [Times: user=0.00 sys=0.00, real=0.01 secs] 
2020-10-28T08:27:42.636+0000: [GC (Allocation Failure) 2020-10-28T08:27:42.636+0000: [ParNew: 16388K->4K(18432K), 0.0026003 secs] 622479K->606095K(896640K), 0.0026481 secs] [Times: user=0.01 sys=0.00, real=0.00 secs] 
2020-10-28T08:27:42.653+0000: [GC (Allocation Failure) 2020-10-28T08:27:42.653+0000: [ParNew: 16388K->4K(18432K), 0.0027158 secs] 622479K->606095K(896640K), 0.0027631 secs] [Times: user=0.00 sys=0.00, real=0.00 secs] 
2020-10-28T08:27:42.671+0000: [GC (Allocation Failure) 2020-10-28T08:27:42.671+0000: [ParNew: 16388K->4K(18432K), 0.0025233 secs] 622479K->606095K(896640K), 0.0025674 secs] [Times: user=0.01 sys=0.00, real=0.00 secs] 
2020-10-28T08:27:42.688+0000: [GC (Allocation Failure) 2020-10-28T08:27:42.688+0000: [ParNew: 16388K->4K(18432K), 0.0024327 secs] 622479K->606095K(896640K), 0.0024757 secs] [Times: user=0.00 sys=0.00, real=0.00 secs] 
2020-10-28T08:27:42.706+0000: [GC (Allocation Failure) 2020-10-28T08:27:42.706+0000: [ParNew: 16388K->4K(18432K), 0.0025753 secs] 622479K->606095K(896640K), 0.0026208 secs] [Times: user=0.01 sys=0.00, real=0.01 secs] 
2020-10-28T08:27:42.724+0000: [GC (Allocation Failure) 2020-10-28T08:27:42.724+0000: [ParNew: 16388K->4K(18432K), 0.0025413 secs] 622479K->606095K(896640K), 0.0025862 secs] [Times: user=0.01 sys=0.00, real=0.00 secs] 
2020-10-28T08:27:42.741+0000: [GC (Allocation Failure) 2020-10-28T08:27:42.741+0000: [ParNew: 16388K->4K(18432K), 0.0024659 secs] 622479K->606095K(896640K), 0.0025085 secs] [Times: user=0.01 sys=0.00, real=0.00 secs] 
2020-10-28T08:27:42.760+0000: [GC (Allocation Failure) 2020-10-28T08:27:42.760+0000: [ParNew: 16388K->4K(18432K), 0.0026255 secs] 622479K->606095K(896640K), 0.0026677 secs] [Times: user=0.00 sys=0.00, real=0.00 secs] 
2020-10-28T08:27:42.780+0000: [GC (Allocation Failure) 2020-10-28T08:27:42.780+0000: [ParNew: 16388K->4K(18432K), 0.0024377 secs] 622479K->606095K(896640K), 0.0024814 secs] [Times: user=0.00 sys=0.00, real=0.00 secs] 
2020-10-28T08:27:42.800+0000: [GC (Allocation Failure) 2020-10-28T08:27:42.800+0000: [ParNew: 16388K->4K(18432K), 0.0024489 secs] 622479K->606095K(896640K), 0.0024921 secs] [Times: user=0.00 sys=0.00, real=0.00 secs] 
2020-10-28T08:27:42.820+0000: [GC (Allocation Failure) 2020-10-28T08:27:42.820+0000: [ParNew: 16388K->4K(18432K), 0.0025050 secs] 622479K->606095K(896640K), 0.0025493 secs] [Times: user=0.00 sys=0.00, real=0.00 secs] 
2020-10-28T08:27:42.840+0000: [GC (Allocation Failure) 2020-10-28T08:27:42.840+0000: [ParNew: 16388K->4K(18432K), 0.0024650 secs] 622479K->606095K(896640K), 0.0025079 secs] [Times: user=0.01 sys=0.00, real=0.00 secs] 
2020-10-28T08:27:42.860+0000: [GC (Allocation Failure) 2020-10-28T08:27:42.860+0000: [ParNew: 16388K->4K(18432K), 0.0024348 secs] 622479K->606095K(896640K), 0.0024778 secs] [Times: user=0.00 sys=0.00, real=0.00 secs] 
2020-10-28T08:27:42.884+0000: [GC (Allocation Failure) 2020-10-28T08:27:42.884+0000: [ParNew: 16388K->4K(18432K), 0.0025439 secs] 622479K->606095K(896640K), 0.0025896 secs] [Times: user=0.00 sys=0.00, real=0.00 secs] 
2020-10-28T08:27:42.903+0000: [GC (Allocation Failure) 2020-10-28T08:27:42.903+0000: [ParNew: 16388K->4K(18432K), 0.0024867 secs] 622479K->606095K(896640K), 0.0025299 secs] [Times: user=0.01 sys=0.00, real=0.00 secs] 
2020-10-28T08:27:42.924+0000: [GC (Allocation Failure) 2020-10-28T08:27:42.924+0000: [ParNew: 16388K->4K(18432K), 0.0024957 secs] 622479K->606095K(896640K), 0.0025380 secs] [Times: user=0.01 sys=0.00, real=0.00 secs] 
2020-10-28T08:27:42.941+0000: [GC (Allocation Failure) 2020-10-28T08:27:42.941+0000: [ParNew: 16388K->4K(18432K), 0.0025969 secs] 622479K->606095K(896640K), 0.0026380 secs] [Times: user=0.01 sys=0.00, real=0.00 secs] 
2020-10-28T08:27:42.960+0000: [GC (Allocation Failure) 2020-10-28T08:27:42.960+0000: [ParNew: 16388K->4K(18432K), 0.0026408 secs] 622479K->606095K(896640K), 0.0026899 secs] [Times: user=0.01 sys=0.00, real=0.00 secs] 
2020-10-28T08:27:42.977+0000: [GC (Allocation Failure) 2020-10-28T08:27:42.977+0000: [ParNew: 16388K->4K(18432K), 0.0027794 secs] 622479K->606095K(896640K), 0.0028278 secs] [Times: user=0.00 sys=0.00, real=0.01 secs] 
2020-10-28T08:27:42.995+0000: [GC (Allocation Failure) 2020-10-28T08:27:42.995+0000: [ParNew: 16388K->4K(18432K), 0.0026053 secs] 622479K->606095K(896640K), 0.0026524 secs] [Times: user=0.00 sys=0.00, real=0.00 secs] 
2020-10-28T08:27:43.013+0000: [GC (Allocation Failure) 2020-10-28T08:27:43.013+0000: [ParNew: 16388K->4K(18432K), 0.0024744 secs] 622479K->606095K(896640K), 0.0025187 secs] [Times: user=0.01 sys=0.00, real=0.00 secs] 
2020-10-28T08:27:43.030+0000: [GC (Allocation Failure) 2020-10-28T08:27:43.030+0000: [ParNew: 16388K->4K(18432K), 0.0025471 secs] 622479K->606095K(896640K), 0.0025979 secs] [Times: user=0.01 sys=0.00, real=0.00 secs] 
2020-10-28T08:27:43.047+0000: [GC (Allocation Failure) 2020-10-28T08:27:43.047+0000: [ParNew: 16388K->4K(18432K), 0.0025141 secs] 622479K->606095K(896640K), 0.0025546 secs] [Times: user=0.00 sys=0.00, real=0.01 secs] 
2020-10-28T08:27:43.068+0000: [GC (Allocation Failure) 2020-10-28T08:27:43.068+0000: [ParNew: 16388K->4K(18432K), 0.0025085 secs] 622479K->606095K(896640K), 0.0025527 secs] [Times: user=0.01 sys=0.00, real=0.00 secs] 
2020-10-28T08:27:43.085+0000: [GC (Allocation Failure) 2020-10-28T08:27:43.085+0000: [ParNew: 16388K->4K(18432K), 0.0027604 secs] 622479K->606095K(896640K), 0.0028115 secs] [Times: user=0.00 sys=0.00, real=0.01 secs] 
2020-10-28T08:27:43.103+0000: [GC (Allocation Failure) 2020-10-28T08:27:43.103+0000: [ParNew: 16388K->4K(18432K), 0.0026694 secs] 622479K->606095K(896640K), 0.0027168 secs] [Times: user=0.00 sys=0.00, real=0.00 secs] 
2020-10-28T08:27:43.124+0000: [GC (Allocation Failure) 2020-10-28T08:27:43.124+0000: [ParNew: 16388K->6K(18432K), 0.0025818 secs] 622479K->606097K(896640K), 0.0026265 secs] [Times: user=0.01 sys=0.00, real=0.00 secs] 
2020-10-28T08:27:43.142+0000: [GC (Allocation Failure) 2020-10-28T08:27:43.142+0000: [ParNew: 16390K->4K(18432K), 0.0025930 secs] 622481K->606095K(896640K), 0.0026373 secs] [Times: user=0.01 sys=0.00, real=0.00 secs] 
2020-10-28T08:27:43.163+0000: [GC (Allocation Failure) 2020-10-28T08:27:43.163+0000: [ParNew: 16388K->4K(18432K), 0.0025481 secs] 622479K->606095K(896640K), 0.0025907 secs] [Times: user=0.01 sys=0.00, real=0.00 secs] 
2020-10-28T08:27:43.182+0000: [GC (Allocation Failure) 2020-10-28T08:27:43.182+0000: [ParNew: 16388K->4K(18432K), 0.0026426 secs] 622479K->606095K(896640K), 0.0026860 secs] [Times: user=0.00 sys=0.00, real=0.00 secs] 
2020-10-28T08:27:43.204+0000: [GC (Allocation Failure) 2020-10-28T08:27:43.204+0000: [ParNew: 16388K->6K(18432K), 0.0025403 secs] 622479K->606097K(896640K), 0.0025819 secs] [Times: user=0.01 sys=0.00, real=0.00 secs] 
2020-10-28T08:27:43.224+0000: [GC (Allocation Failure) 2020-10-28T08:27:43.224+0000: [ParNew: 16390K->4K(18432K), 0.0025181 secs] 622481K->606095K(896640K), 0.0025598 secs] [Times: user=0.00 sys=0.00, real=0.00 secs] 
2020-10-28T08:27:43.241+0000: [GC (Allocation Failure) 2020-10-28T08:27:43.241+0000: [ParNew: 16388K->4K(18432K), 0.0025244 secs] 622479K->606095K(896640K), 0.0025665 secs] [Times: user=0.01 sys=0.00, real=0.00 secs] 
2020-10-28T08:27:43.258+0000: [GC (Allocation Failure) 2020-10-28T08:27:43.258+0000: [ParNew: 16388K->4K(18432K), 0.0025992 secs] 622479K->606095K(896640K), 0.0026403 secs] [Times: user=0.00 sys=0.00, real=0.01 secs] 
2020-10-28T08:27:43.276+0000: [GC (Allocation Failure) 2020-10-28T08:27:43.276+0000: [ParNew: 16388K->4K(18432K), 0.0029577 secs] 622479K->606095K(896640K), 0.0030011 secs] [Times: user=0.01 sys=0.00, real=0.00 secs] 
2020-10-28T08:27:43.294+0000: [GC (Allocation Failure) 2020-10-28T08:27:43.294+0000: [ParNew: 16388K->4K(18432K), 0.0024893 secs] 622479K->606095K(896640K), 0.0025314 secs] [Times: user=0.01 sys=0.00, real=0.00 secs] 
2020-10-28T08:27:43.311+0000: [GC (Allocation Failure) 2020-10-28T08:27:43.311+0000: [ParNew: 16388K->4K(18432K), 0.0025668 secs] 622479K->606095K(896640K), 0.0026084 secs] [Times: user=0.00 sys=0.00, real=0.00 secs] 
2020-10-28T08:27:43.332+0000: [GC (Allocation Failure) 2020-10-28T08:27:43.332+0000: [ParNew: 16388K->4K(18432K), 0.0025803 secs] 622479K->606095K(896640K), 0.0026272 secs] [Times: user=0.01 sys=0.00, real=0.00 secs] 
2020-10-28T08:27:43.349+0000: [GC (Allocation Failure) 2020-10-28T08:27:43.349+0000: [ParNew: 16388K->4K(18432K), 0.0026357 secs] 622479K->606095K(896640K), 0.0026793 secs] [Times: user=0.00 sys=0.00, real=0.00 secs] 
2020-10-28T08:27:43.368+0000: [GC (Allocation Failure) 2020-10-28T08:27:43.368+0000: [ParNew: 16388K->4K(18432K), 0.0024729 secs] 622479K->606095K(896640K), 0.0025169 secs] [Times: user=0.01 sys=0.00, real=0.00 secs] 
2020-10-28T08:27:43.388+0000: [GC (Allocation Failure) 2020-10-28T08:27:43.388+0000: [ParNew: 16388K->4K(18432K), 0.0024289 secs] 622479K->606095K(896640K), 0.0024720 secs] [Times: user=0.00 sys=0.00, real=0.00 secs] 
2020-10-28T08:27:43.405+0000: [GC (Allocation Failure) 2020-10-28T08:27:43.405+0000: [ParNew: 16388K->4K(18432K), 0.0024947 secs] 622479K->606095K(896640K), 0.0025364 secs] [Times: user=0.01 sys=0.00, real=0.01 secs] 
2020-10-28T08:27:43.422+0000: [GC (Allocation Failure) 2020-10-28T08:27:43.422+0000: [ParNew: 16388K->4K(18432K), 0.0024397 secs] 622479K->606095K(896640K), 0.0024826 secs] [Times: user=0.00 sys=0.00, real=0.00 secs] 
2020-10-28T08:27:43.444+0000: [GC (Allocation Failure) 2020-10-28T08:27:43.444+0000: [ParNew: 16388K->4K(18432K), 0.0026710 secs] 622479K->606095K(896640K), 0.0027189 secs] [Times: user=0.00 sys=0.00, real=0.00 secs] 
2020-10-28T08:27:43.464+0000: [GC (Allocation Failure) 2020-10-28T08:27:43.464+0000: [ParNew: 16388K->4K(18432K), 0.0025291 secs] 622479K->606095K(896640K), 0.0025896 secs] [Times: user=0.00 sys=0.00, real=0.00 secs] 
2020-10-28T08:27:43.481+0000: [GC (Allocation Failure) 2020-10-28T08:27:43.481+0000: [ParNew: 16388K->4K(18432K), 0.0024787 secs] 622479K->606095K(896640K), 0.0025215 secs] [Times: user=0.00 sys=0.00, real=0.00 secs] 
2020-10-28T08:27:43.498+0000: [GC (Allocation Failure) 2020-10-28T08:27:43.498+0000: [ParNew: 16388K->4K(18432K), 0.0024683 secs] 622479K->606095K(896640K), 0.0025180 secs] [Times: user=0.00 sys=0.00, real=0.01 secs] 
2020-10-28T08:27:43.516+0000: [GC (Allocation Failure) 2020-10-28T08:27:43.516+0000: [ParNew: 16388K->4K(18432K), 0.0024535 secs] 622479K->606095K(896640K), 0.0024957 secs] [Times: user=0.01 sys=0.00, real=0.00 secs] 
2020-10-28T08:27:43.536+0000: [GC (Allocation Failure) 2020-10-28T08:27:43.536+0000: [ParNew: 16388K->4K(18432K), 0.0025665 secs] 622479K->606095K(896640K), 0.0026098 secs] [Times: user=0.00 sys=0.00, real=0.00 secs] 
2020-10-28T08:27:43.556+0000: [GC (Allocation Failure) 2020-10-28T08:27:43.556+0000: [ParNew: 16388K->4K(18432K), 0.0024596 secs] 622479K->606095K(896640K), 0.0025024 secs] [Times: user=0.01 sys=0.00, real=0.00 secs] 
2020-10-28T08:27:43.573+0000: [GC (Allocation Failure) 2020-10-28T08:27:43.573+0000: [ParNew: 16388K->4K(18432K), 0.0025041 secs] 622479K->606095K(896640K), 0.0025485 secs] [Times: user=0.01 sys=0.00, real=0.00 secs] 
2020-10-28T08:27:43.592+0000: [GC (Allocation Failure) 2020-10-28T08:27:43.592+0000: [ParNew: 16388K->4K(18432K), 0.0025194 secs] 622479K->606095K(896640K), 0.0025631 secs] [Times: user=0.00 sys=0.00, real=0.00 secs] 
2020-10-28T08:27:43.609+0000: [GC (Allocation Failure) 2020-10-28T08:27:43.610+0000: [ParNew: 16388K->4K(18432K), 0.0025987 secs] 622479K->606095K(896640K), 0.0026427 secs] [Times: user=0.01 sys=0.00, real=0.00 secs] 
2020-10-28T08:27:43.628+0000: [GC (Allocation Failure) 2020-10-28T08:27:43.628+0000: [ParNew: 16388K->4K(18432K), 0.0025081 secs] 622479K->606095K(896640K), 0.0025505 secs] [Times: user=0.00 sys=0.00, real=0.00 secs] 
2020-10-28T08:27:43.648+0000: [GC (Allocation Failure) 2020-10-28T08:27:43.648+0000: [ParNew: 16388K->4K(18432K), 0.0026424 secs] 622479K->606095K(896640K), 0.0026910 secs] [Times: user=0.00 sys=0.00, real=0.00 secs] 
2020-10-28T08:27:43.668+0000: [GC (Allocation Failure) 2020-10-28T08:27:43.668+0000: [ParNew: 16388K->4K(18432K), 0.0026090 secs] 622479K->606095K(896640K), 0.0026523 secs] [Times: user=0.00 sys=0.00, real=0.00 secs] 
2020-10-28T08:27:43.685+0000: [GC (Allocation Failure) 2020-10-28T08:27:43.685+0000: [ParNew: 16388K->4K(18432K), 0.0025947 secs] 622479K->606095K(896640K), 0.0026369 secs] [Times: user=0.00 sys=0.00, real=0.01 secs] 
2020-10-28T08:27:43.703+0000: [GC (Allocation Failure) 2020-10-28T08:27:43.703+0000: [ParNew: 16388K->4K(18432K), 0.0025451 secs] 622479K->606095K(896640K), 0.0025880 secs] [Times: user=0.01 sys=0.00, real=0.00 secs] 
2020-10-28T08:27:43.720+0000: [GC (Allocation Failure) 2020-10-28T08:27:43.720+0000: [ParNew: 16388K->4K(18432K), 0.0026093 secs] 622479K->606096K(896640K), 0.0026517 secs] [Times: user=0.01 sys=0.00, real=0.00 secs] 
2020-10-28T08:27:43.740+0000: [GC (Allocation Failure) 2020-10-28T08:27:43.740+0000: [ParNew: 16388K->4K(18432K), 0.0025056 secs] 622480K->606096K(896640K), 0.0025574 secs] [Times: user=0.00 sys=0.00, real=0.00 secs] 
2020-10-28T08:27:43.760+0000: [GC (Allocation Failure) 2020-10-28T08:27:43.760+0000: [ParNew: 16388K->4K(18432K), 0.0030117 secs] 622480K->606096K(896640K), 0.0030623 secs] [Times: user=0.01 sys=0.00, real=0.00 secs] 
2020-10-28T08:27:43.780+0000: [GC (Allocation Failure) 2020-10-28T08:27:43.780+0000: [ParNew: 16388K->4K(18432K), 0.0027427 secs] 622480K->606096K(896640K), 0.0027934 secs] [Times: user=0.00 sys=0.00, real=0.00 secs] 
2020-10-28T08:27:43.797+0000: [GC (Allocation Failure) 2020-10-28T08:27:43.798+0000: [ParNew: 16388K->4K(18432K), 0.0025671 secs] 622480K->606096K(896640K), 0.0026121 secs] [Times: user=0.00 sys=0.00, real=0.01 secs] 
2020-10-28T08:27:43.815+0000: [GC (Allocation Failure) 2020-10-28T08:27:43.815+0000: [ParNew: 16388K->4K(18432K), 0.0028254 secs] 622480K->606096K(896640K), 0.0028786 secs] [Times: user=0.01 sys=0.00, real=0.00 secs] 
2020-10-28T08:27:43.836+0000: [GC (Allocation Failure) 2020-10-28T08:27:43.836+0000: [ParNew: 16388K->4K(18432K), 0.0041843 secs] 622480K->606096K(896640K), 0.0042394 secs] [Times: user=0.01 sys=0.00, real=0.01 secs] 
2020-10-28T08:27:43.855+0000: [GC (Allocation Failure) 2020-10-28T08:27:43.855+0000: [ParNew: 16388K->4K(18432K), 0.0027473 secs] 622480K->606096K(896640K), 0.0027989 secs] [Times: user=0.00 sys=0.00, real=0.00 secs] 
2020-10-28T08:27:43.876+0000: [GC (Allocation Failure) 2020-10-28T08:27:43.876+0000: [ParNew: 16388K->4K(18432K), 0.0025234 secs] 622480K->606096K(896640K), 0.0025704 secs] [Times: user=0.01 sys=0.00, real=0.00 secs] 
2020-10-28T08:27:43.896+0000: [GC (Allocation Failure) 2020-10-28T08:27:43.896+0000: [ParNew: 16388K->4K(18432K), 0.0024824 secs] 622480K->606096K(896640K), 0.0025280 secs] [Times: user=0.00 sys=0.00, real=0.00 secs] 
2020-10-28T08:27:43.916+0000: [GC (Allocation Failure) 2020-10-28T08:27:43.916+0000: [ParNew: 16388K->4K(18432K), 0.0024568 secs] 622480K->606096K(896640K), 0.0025013 secs] [Times: user=0.01 sys=0.00, real=0.00 secs] 
2020-10-28T08:27:43.933+0000: [GC (Allocation Failure) 2020-10-28T08:27:43.933+0000: [ParNew: 16388K->4K(18432K), 0.0024802 secs] 622480K->606096K(896640K), 0.0025235 secs] [Times: user=0.00 sys=0.00, real=0.00 secs] 
2020-10-28T08:27:43.950+0000: [GC (Allocation Failure) 2020-10-28T08:27:43.951+0000: [ParNew: 16388K->4K(18432K), 0.0025584 secs] 622480K->606096K(896640K), 0.0026042 secs] [Times: user=0.01 sys=0.00, real=0.00 secs] 
2020-10-28T08:27:43.968+0000: [GC (Allocation Failure) 2020-10-28T08:27:43.968+0000: [ParNew: 16388K->4K(18432K), 0.0024616 secs] 622480K->606096K(896640K), 0.0025052 secs] [Times: user=0.01 sys=0.00, real=0.00 secs] 
2020-10-28T08:27:43.988+0000: [GC (Allocation Failure) 2020-10-28T08:27:43.988+0000: [ParNew: 16388K->4K(18432K), 0.0026766 secs] 622480K->606096K(896640K), 0.0027229 secs] [Times: user=0.00 sys=0.00, real=0.00 secs] 
2020-10-28T08:27:44.005+0000: [GC (Allocation Failure) 2020-10-28T08:27:44.005+0000: [ParNew: 16388K->4K(18432K), 0.0025376 secs] 622480K->606096K(896640K), 0.0025826 secs] [Times: user=0.00 sys=0.00, real=0.01 secs] 
2020-10-28T08:27:44.023+0000: [GC (Allocation Failure) 2020-10-28T08:27:44.023+0000: [ParNew: 16388K->4K(18432K), 0.0024633 secs] 622480K->606096K(896640K), 0.0025069 secs] [Times: user=0.01 sys=0.00, real=0.00 secs] 
2020-10-28T08:27:44.040+0000: [GC (Allocation Failure) 2020-10-28T08:27:44.040+0000: [ParNew: 16388K->4K(18432K), 0.0025516 secs] 622480K->606096K(896640K), 0.0025954 secs] [Times: user=0.00 sys=0.00, real=0.00 secs] 
2020-10-28T08:27:44.060+0000: [GC (Allocation Failure) 2020-10-28T08:27:44.060+0000: [ParNew: 16388K->4K(18432K), 0.0024300 secs] 622480K->606096K(896640K), 0.0024737 secs] [Times: user=0.01 sys=0.00, real=0.00 secs] 
2020-10-28T08:27:44.080+0000: [GC (Allocation Failure) 2020-10-28T08:27:44.080+0000: [ParNew: 16388K->4K(18432K), 0.0025440 secs] 622480K->606096K(896640K), 0.0025888 secs] [Times: user=0.00 sys=0.00, real=0.00 secs] 
2020-10-28T08:27:44.098+0000: [GC (Allocation Failure) 2020-10-28T08:27:44.098+0000: [ParNew: 16388K->4K(18432K), 0.0027508 secs] 622480K->606096K(896640K), 0.0028111 secs] [Times: user=0.00 sys=0.00, real=0.01 secs] 
2020-10-28T08:27:44.126+0000: [GC (Allocation Failure) 2020-10-28T08:27:44.126+0000: [ParNew: 16388K->15K(18432K), 0.0027642 secs] 622480K->606107K(896640K), 0.0028134 secs] [Times: user=0.00 sys=0.00, real=0.01 secs] 
2020-10-28T08:27:44.148+0000: [GC (Allocation Failure) 2020-10-28T08:27:44.148+0000: [ParNew: 16399K->8K(18432K), 0.0026831 secs] 622491K->606100K(896640K), 0.0027317 secs] [Times: user=0.00 sys=0.00, real=0.00 secs] 
2020-10-28T08:27:44.169+0000: [GC (Allocation Failure) 2020-10-28T08:27:44.169+0000: [ParNew: 16392K->6K(18432K), 0.0027607 secs] 622484K->606098K(896640K), 0.0028102 secs] [Times: user=0.00 sys=0.00, real=0.00 secs] 
2020-10-28T08:27:44.188+0000: [GC (Allocation Failure) 2020-10-28T08:27:44.188+0000: [ParNew: 16390K->8K(18432K), 0.0026259 secs] 622482K->606100K(896640K), 0.0026695 secs] [Times: user=0.00 sys=0.00, real=0.00 secs] 
2020-10-28T08:27:44.205+0000: [GC (Allocation Failure) 2020-10-28T08:27:44.205+0000: [ParNew: 16392K->8K(18432K), 0.0025965 secs] 622484K->606100K(896640K), 0.0026401 secs] [Times: user=0.00 sys=0.00, real=0.01 secs] 
2020-10-28T08:27:44.224+0000: [GC (Allocation Failure) 2020-10-28T08:27:44.224+0000: [ParNew: 16392K->6K(18432K), 0.0025751 secs] 622484K->606098K(896640K), 0.0026175 secs] [Times: user=0.01 sys=0.00, real=0.00 secs] 
2020-10-28T08:27:44.244+0000: [GC (Allocation Failure) 2020-10-28T08:27:44.244+0000: [ParNew: 16390K->4K(18432K), 0.0025456 secs] 622482K->606099K(896640K), 0.0025892 secs] [Times: user=0.00 sys=0.00, real=0.00 secs] 
2020-10-28T08:27:44.261+0000: [GC (Allocation Failure) 2020-10-28T08:27:44.261+0000: [ParNew: 16388K->4K(18432K), 0.0025789 secs] 622483K->606099K(896640K), 0.0026228 secs] [Times: user=0.01 sys=0.00, real=0.00 secs] 
2020-10-28T08:27:44.282+0000: [GC (Allocation Failure) 2020-10-28T08:27:44.282+0000: [ParNew: 16388K->4K(18432K), 0.0025602 secs] 622483K->606099K(896640K), 0.0026030 secs] [Times: user=0.00 sys=0.00, real=0.00 secs] 
2020-10-28T08:27:44.300+0000: [GC (Allocation Failure) 2020-10-28T08:27:44.300+0000: [ParNew: 16388K->4K(18432K), 0.0025308 secs] 622483K->606099K(896640K), 0.0025752 secs] [Times: user=0.01 sys=0.00, real=0.00 secs] 
2020-10-28T08:27:44.319+0000: [GC (Allocation Failure) 2020-10-28T08:27:44.319+0000: [ParNew: 16388K->4K(18432K), 0.0025621 secs] 622483K->606099K(896640K), 0.0026073 secs] [Times: user=0.00 sys=0.00, real=0.01 secs] 
2020-10-28T08:27:44.340+0000: [GC (Allocation Failure) 2020-10-28T08:27:44.340+0000: [ParNew: 16388K->4K(18432K), 0.0026822 secs] 622483K->606099K(896640K), 0.0027307 secs] [Times: user=0.00 sys=0.00, real=0.00 secs] 
2020-10-28T08:27:44.357+0000: [GC (Allocation Failure) 2020-10-28T08:27:44.357+0000: [ParNew: 16388K->4K(18432K), 0.0026158 secs] 622483K->606099K(896640K), 0.0026622 secs] [Times: user=0.01 sys=0.00, real=0.01 secs] 
2020-10-28T08:27:44.379+0000: [GC (Allocation Failure) 2020-10-28T08:27:44.379+0000: [ParNew: 16388K->4K(18432K), 0.0026111 secs] 622483K->606099K(896640K), 0.0026547 secs] [Times: user=0.01 sys=0.00, real=0.01 secs] 
2020-10-28T08:27:44.400+0000: [GC (Allocation Failure) 2020-10-28T08:27:44.400+0000: [ParNew: 16388K->4K(18432K), 0.0024865 secs] 622483K->606099K(896640K), 0.0025306 secs] [Times: user=0.01 sys=0.00, real=0.00 secs] 
2020-10-28T08:27:44.417+0000: [GC (Allocation Failure) 2020-10-28T08:27:44.417+0000: [ParNew: 16388K->4K(18432K), 0.0025058 secs] 622483K->606099K(896640K), 0.0025489 secs] [Times: user=0.01 sys=0.00, real=0.01 secs] 
2020-10-28T08:27:44.436+0000: [GC (Allocation Failure) 2020-10-28T08:27:44.436+0000: [ParNew: 16388K->4K(18432K), 0.0028310 secs] 622483K->606099K(896640K), 0.0028855 secs] [Times: user=0.01 sys=0.00, real=0.00 secs] 
2020-10-28T08:27:44.456+0000: [GC (Allocation Failure) 2020-10-28T08:27:44.456+0000: [ParNew: 16388K->4K(18432K), 0.0027981 secs] 622483K->606099K(896640K), 0.0028531 secs] [Times: user=0.01 sys=0.00, real=0.00 secs] 
2020-10-28T08:27:44.476+0000: [GC (Allocation Failure) 2020-10-28T08:27:44.476+0000: [ParNew: 16388K->4K(18432K), 0.0024954 secs] 622483K->606099K(896640K), 0.0025410 secs] [Times: user=0.01 sys=0.00, real=0.00 secs] 
2020-10-28T08:27:44.496+0000: [GC (Allocation Failure) 2020-10-28T08:27:44.496+0000: [ParNew: 16388K->4K(18432K), 0.0024673 secs] 622483K->606099K(896640K), 0.0025127 secs] [Times: user=0.00 sys=0.00, real=0.00 secs] 
2020-10-28T08:27:44.513+0000: [GC (Allocation Failure) 2020-10-28T08:27:44.513+0000: [ParNew: 16388K->4K(18432K), 0.0025579 secs] 622483K->606099K(896640K), 0.0026038 secs] [Times: user=0.01 sys=0.00, real=0.00 secs] 
2020-10-28T08:27:44.532+0000: [GC (Allocation Failure) 2020-10-28T08:27:44.532+0000: [ParNew: 16388K->4K(18432K), 0.0025350 secs] 622483K->606099K(896640K), 0.0025796 secs] [Times: user=0.01 sys=0.00, real=0.00 secs] 
2020-10-28T08:27:44.549+0000: [GC (Allocation Failure) 2020-10-28T08:27:44.549+0000: [ParNew: 16388K->4K(18432K), 0.0025139 secs] 622483K->606099K(896640K), 0.0025636 secs] [Times: user=0.01 sys=0.00, real=0.00 secs] 
2020-10-28T08:27:44.567+0000: [GC (Allocation Failure) 2020-10-28T08:27:44.567+0000: [ParNew: 16388K->4K(18432K), 0.0025202 secs] 622483K->606099K(896640K), 0.0025631 secs] [Times: user=0.00 sys=0.00, real=0.01 secs] 
2020-10-28T08:27:44.584+0000: [GC (Allocation Failure) 2020-10-28T08:27:44.584+0000: [ParNew: 16388K->4K(18432K), 0.0025372 secs] 622483K->606099K(896640K), 0.0025811 secs] [Times: user=0.00 sys=0.00, real=0.00 secs] 
2020-10-28T08:27:44.602+0000: [GC (Allocation Failure) 2020-10-28T08:27:44.602+0000: [ParNew: 16388K->4K(18432K), 0.0025574 secs] 622483K->606099K(896640K), 0.0025997 secs] [Times: user=0.01 sys=0.00, real=0.00 secs] 
2020-10-28T08:27:44.620+0000: [GC (Allocation Failure) 2020-10-28T08:27:44.620+0000: [ParNew: 16388K->4K(18432K), 0.0024599 secs] 622483K->606099K(896640K), 0.0025031 secs] [Times: user=0.01 sys=0.00, real=0.00 secs] 
2020-10-28T08:27:44.640+0000: [GC (Allocation Failure) 2020-10-28T08:27:44.640+0000: [ParNew: 16388K->4K(18432K), 0.0025101 secs] 622483K->606099K(896640K), 0.0025539 secs] [Times: user=0.00 sys=0.00, real=0.00 secs] 
2020-10-28T08:27:44.660+0000: [GC (Allocation Failure) 2020-10-28T08:27:44.660+0000: [ParNew: 16388K->4K(18432K), 0.0027129 secs] 622483K->606099K(896640K), 0.0027606 secs] [Times: user=0.01 sys=0.00, real=0.00 secs] 
2020-10-28T08:27:44.678+0000: [GC (Allocation Failure) 2020-10-28T08:27:44.678+0000: [ParNew: 16388K->4K(18432K), 0.0025556 secs] 622483K->606099K(896640K), 0.0026003 secs] [Times: user=0.00 sys=0.00, real=0.01 secs] 
2020-10-28T08:27:44.695+0000: [GC (Allocation Failure) 2020-10-28T08:27:44.695+0000: [ParNew: 16388K->4K(18432K), 0.0025066 secs] 622483K->606099K(896640K), 0.0025471 secs] [Times: user=0.01 sys=0.00, real=0.00 secs] 
2020-10-28T08:27:44.712+0000: [GC (Allocation Failure) 2020-10-28T08:27:44.712+0000: [ParNew: 16388K->4K(18432K), 0.0024999 secs] 622483K->606099K(896640K), 0.0025427 secs] [Times: user=0.00 sys=0.00, real=0.00 secs] 
2020-10-28T08:27:44.730+0000: [GC (Allocation Failure) 2020-10-28T08:27:44.730+0000: [ParNew: 16388K->4K(18432K), 0.0024674 secs] 622483K->606099K(896640K), 0.0025105 secs] [Times: user=0.01 sys=0.00, real=0.00 secs] 
2020-10-28T08:27:44.747+0000: [GC (Allocation Failure) 2020-10-28T08:27:44.747+0000: [ParNew: 16388K->4K(18432K), 0.0024799 secs] 622483K->606099K(896640K), 0.0025214 secs] [Times: user=0.01 sys=0.00, real=0.01 secs] 
2020-10-28T08:27:44.765+0000: [GC (Allocation Failure) 2020-10-28T08:27:44.765+0000: [ParNew: 16388K->4K(18432K), 0.0026015 secs] 622483K->606099K(896640K), 0.0026438 secs] [Times: user=0.00 sys=0.00, real=0.00 secs] 
2020-10-28T08:27:44.782+0000: [GC (Allocation Failure) 2020-10-28T08:27:44.782+0000: [ParNew: 16388K->4K(18432K), 0.0025529 secs] 622483K->606099K(896640K), 0.0025971 secs] [Times: user=0.01 sys=0.00, real=0.00 secs] 
2020-10-28T08:27:44.800+0000: [GC (Allocation Failure) 2020-10-28T08:27:44.800+0000: [ParNew: 16388K->4K(18432K), 0.0024827 secs] 622483K->606099K(896640K), 0.0025323 secs] [Times: user=0.00 sys=0.00, real=0.00 secs] 
2020-10-28T08:27:44.820+0000: [GC (Allocation Failure) 2020-10-28T08:27:44.820+0000: [ParNew: 16388K->4K(18432K), 0.0025338 secs] 622483K->606099K(896640K), 0.0025759 secs] [Times: user=0.01 sys=0.00, real=0.00 secs] 
2020-10-28T08:27:44.840+0000: [GC (Allocation Failure) 2020-10-28T08:27:44.840+0000: [ParNew: 16388K->4K(18432K), 0.0025506 secs] 622483K->606099K(896640K), 0.0025925 secs] [Times: user=0.00 sys=0.00, real=0.00 secs] 
2020-10-28T08:27:44.860+0000: [GC (Allocation Failure) 2020-10-28T08:27:44.860+0000: [ParNew: 16388K->4K(18432K), 0.0025429 secs] 622483K->606099K(896640K), 0.0025867 secs] [Times: user=0.01 sys=0.00, real=0.00 secs] 
2020-10-28T08:27:44.877+0000: [GC (Allocation Failure) 2020-10-28T08:27:44.877+0000: [ParNew: 16388K->4K(18432K), 0.0026461 secs] 622483K->606099K(896640K), 0.0026885 secs] [Times: user=0.01 sys=0.00, real=0.01 secs] 
2020-10-28T08:27:44.896+0000: [GC (Allocation Failure) 2020-10-28T08:27:44.896+0000: [ParNew: 16388K->4K(18432K), 0.0025220 secs] 622483K->606099K(896640K), 0.0025647 secs] [Times: user=0.01 sys=0.00, real=0.00 secs] 
2020-10-28T08:27:44.916+0000: [GC (Allocation Failure) 2020-10-28T08:27:44.916+0000: [ParNew: 16388K->4K(18432K), 0.0025536 secs] 622483K->606099K(896640K), 0.0025956 secs] [Times: user=0.00 sys=0.00, real=0.00 secs] 
2020-10-28T08:27:44.936+0000: [GC (Allocation Failure) 2020-10-28T08:27:44.936+0000: [ParNew: 16388K->4K(18432K), 0.0024860 secs] 622483K->606099K(896640K), 0.0025278 secs] [Times: user=0.00 sys=0.00, real=0.00 secs] 
2020-10-28T08:27:44.956+0000: [GC (Allocation Failure) 2020-10-28T08:27:44.956+0000: [ParNew: 16388K->4K(18432K), 0.0024877 secs] 622483K->606099K(896640K), 0.0025296 secs] [Times: user=0.01 sys=0.00, real=0.00 secs] 
2020-10-28T08:27:44.973+0000: [GC (Allocation Failure) 2020-10-28T08:27:44.973+0000: [ParNew: 16388K->4K(18432K), 0.0025329 secs] 622483K->606099K(896640K), 0.0025765 secs] [Times: user=0.00 sys=0.00, real=0.00 secs] 
2020-10-28T08:27:44.992+0000: [GC (Allocation Failure) 2020-10-28T08:27:44.992+0000: [ParNew: 16388K->4K(18432K), 0.0025853 secs] 622483K->606099K(896640K), 0.0026311 secs] [Times: user=0.00 sys=0.00, real=0.00 secs] 
2020-10-28T08:27:45.012+0000: [GC (Allocation Failure) 2020-10-28T08:27:45.012+0000: [ParNew: 16388K->4K(18432K), 0.0024857 secs] 622483K->606099K(896640K), 0.0025300 secs] [Times: user=0.01 sys=0.00, real=0.00 secs] 
2020-10-28T08:27:45.029+0000: [GC (Allocation Failure) 2020-10-28T08:27:45.029+0000: [ParNew: 16388K->4K(18432K), 0.0025133 secs] 622483K->606099K(896640K), 0.0025561 secs] [Times: user=0.00 sys=0.00, real=0.00 secs] 
2020-10-28T08:27:45.046+0000: [GC (Allocation Failure) 2020-10-28T08:27:45.046+0000: [ParNew: 16388K->4K(18432K), 0.0024460 secs] 622483K->606099K(896640K), 0.0024889 secs] [Times: user=0.00 sys=0.00, real=0.01 secs] 
2020-10-28T08:27:45.068+0000: [GC (Allocation Failure) 2020-10-28T08:27:45.068+0000: [ParNew: 16388K->4K(18432K), 0.0026234 secs] 622483K->606099K(896640K), 0.0026918 secs] [Times: user=0.01 sys=0.00, real=0.00 secs] 
2020-10-28T08:27:45.090+0000: [GC (Allocation Failure) 2020-10-28T08:27:45.090+0000: [ParNew: 16388K->4K(18432K), 0.0027414 secs] 622483K->606099K(896640K), 0.0027910 secs] [Times: user=0.00 sys=0.00, real=0.00 secs] 
2020-10-28T08:27:45.112+0000: [GC (Allocation Failure) 2020-10-28T08:27:45.112+0000: [ParNew: 16388K->4K(18432K), 0.0028190 secs] 622483K->606099K(896640K), 0.0028736 secs] [Times: user=0.01 sys=0.00, real=0.00 secs] 
2020-10-28T08:27:45.132+0000: [GC (Allocation Failure) 2020-10-28T08:27:45.132+0000: [ParNew: 16388K->4K(18432K), 0.0026931 secs] 622483K->606099K(896640K), 0.0027418 secs] [Times: user=0.01 sys=0.00, real=0.00 secs] 
2020-10-28T08:27:45.151+0000: [GC (Allocation Failure) 2020-10-28T08:27:45.151+0000: [ParNew: 16388K->4K(18432K), 0.0027516 secs] 622483K->606099K(896640K), 0.0028014 secs] [Times: user=0.00 sys=0.00, real=0.00 secs] 
2020-10-28T08:27:45.168+0000: [GC (Allocation Failure) 2020-10-28T08:27:45.168+0000: [ParNew: 16388K->4K(18432K), 0.0026320 secs] 622483K->606099K(896640K), 0.0026757 secs] [Times: user=0.01 sys=0.00, real=0.00 secs] 
2020-10-28T08:27:45.188+0000: [GC (Allocation Failure) 2020-10-28T08:27:45.188+0000: [ParNew: 16388K->4K(18432K), 0.0025021 secs] 622483K->606099K(896640K), 0.0025478 secs] [Times: user=0.00 sys=0.00, real=0.00 secs] 
2020-10-28T08:27:45.205+0000: [GC (Allocation Failure) 2020-10-28T08:27:45.205+0000: [ParNew: 16388K->4K(18432K), 0.0025160 secs] 622483K->606099K(896640K), 0.0025582 secs] [Times: user=0.01 sys=0.00, real=0.01 secs] 
2020-10-28T08:27:45.224+0000: [GC (Allocation Failure) 2020-10-28T08:27:45.224+0000: [ParNew: 16388K->4K(18432K), 0.0024717 secs] 622483K->606099K(896640K), 0.0025328 secs] [Times: user=0.00 sys=0.00, real=0.00 secs] 
2020-10-28T08:27:45.244+0000: [GC (Allocation Failure) 2020-10-28T08:27:45.244+0000: [ParNew: 16388K->4K(18432K), 0.0025561 secs] 622483K->606099K(896640K), 0.0025987 secs] [Times: user=0.00 sys=0.00, real=0.00 secs] 
2020-10-28T08:27:45.264+0000: [GC (Allocation Failure) 2020-10-28T08:27:45.264+0000: [ParNew: 16388K->4K(18432K), 0.0024720 secs] 622483K->606099K(896640K), 0.0025151 secs] [Times: user=0.00 sys=0.00, real=0.00 secs] 
2020-10-28T08:27:45.282+0000: [GC (Allocation Failure) 2020-10-28T08:27:45.282+0000: [ParNew: 16388K->4K(18432K), 0.0025372 secs] 622483K->606099K(896640K), 0.0025777 secs] [Times: user=0.00 sys=0.00, real=0.00 secs] 
2020-10-28T08:27:45.299+0000: [GC (Allocation Failure) 2020-10-28T08:27:45.299+0000: [ParNew: 16388K->4K(18432K), 0.0024584 secs] 622483K->606099K(896640K), 0.0025003 secs] [Times: user=0.00 sys=0.00, real=0.01 secs] 
2020-10-28T08:27:45.317+0000: [GC (Allocation Failure) 2020-10-28T08:27:45.317+0000: [ParNew: 16388K->4K(18432K), 0.0024112 secs] 622483K->606099K(896640K), 0.0024663 secs] [Times: user=0.01 sys=0.00, real=0.00 secs] 
2020-10-28T08:27:45.336+0000: [GC (Allocation Failure) 2020-10-28T08:27:45.336+0000: [ParNew: 16388K->4K(18432K), 0.0024941 secs] 622483K->606099K(896640K), 0.0025364 secs] [Times: user=0.01 sys=0.00, real=0.00 secs] 
2020-10-28T08:27:45.356+0000: [GC (Allocation Failure) 2020-10-28T08:27:45.356+0000: [ParNew: 16388K->4K(18432K), 0.0027376 secs] 622483K->606099K(896640K), 0.0027889 secs] [Times: user=0.01 sys=0.00, real=0.00 secs] 
2020-10-28T08:27:45.376+0000: [GC (Allocation Failure) 2020-10-28T08:27:45.376+0000: [ParNew: 16388K->4K(18432K), 0.0026882 secs] 622483K->606099K(896640K), 0.0027324 secs] [Times: user=0.01 sys=0.00, real=0.00 secs] 
2020-10-28T08:27:45.393+0000: [GC (Allocation Failure) 2020-10-28T08:27:45.393+0000: [ParNew: 16388K->4K(18432K), 0.0025916 secs] 622483K->606099K(896640K), 0.0026397 secs] [Times: user=0.01 sys=0.00, real=0.00 secs] 
2020-10-28T08:27:45.411+0000: [GC (Allocation Failure) 2020-10-28T08:27:45.411+0000: [ParNew: 16388K->4K(18432K), 0.0025639 secs] 622483K->606099K(896640K), 0.0026033 secs] [Times: user=0.00 sys=0.00, real=0.00 secs] 
2020-10-28T08:27:45.428+0000: [GC (Allocation Failure) 2020-10-28T08:27:45.428+0000: [ParNew: 16388K->4K(18432K), 0.0025654 secs] 622483K->606099K(896640K), 0.0026085 secs] [Times: user=0.01 sys=0.00, real=0.00 secs] 
2020-10-28T08:27:45.446+0000: [GC (Allocation Failure) 2020-10-28T08:27:45.446+0000: [ParNew: 16388K->4K(18432K), 0.0026436 secs] 622483K->606099K(896640K), 0.0026903 secs] [Times: user=0.00 sys=0.00, real=0.01 secs] 
2020-10-28T08:27:45.467+0000: [GC (Allocation Failure) 2020-10-28T08:27:45.467+0000: [ParNew: 16388K->4K(18432K), 0.0025492 secs] 622483K->606099K(896640K), 0.0025947 secs] [Times: user=0.01 sys=0.00, real=0.01 secs] 
2020-10-28T08:27:45.485+0000: [GC (Allocation Failure) 2020-10-28T08:27:45.485+0000: [ParNew: 16388K->4K(18432K), 0.0024684 secs] 622483K->606099K(896640K), 0.0025113 secs] [Times: user=0.00 sys=0.00, real=0.00 secs] 
2020-10-28T08:27:45.504+0000: [GC (Allocation Failure) 2020-10-28T08:27:45.504+0000: [ParNew: 16388K->4K(18432K), 0.0024526 secs] 622483K->606099K(896640K), 0.0024956 secs] [Times: user=0.01 sys=0.00, real=0.00 secs] 
2020-10-28T08:27:45.524+0000: [GC (Allocation Failure) 2020-10-28T08:27:45.524+0000: [ParNew: 16388K->4K(18432K), 0.0024635 secs] 622483K->606099K(896640K), 0.0025170 secs] [Times: user=0.01 sys=0.00, real=0.00 secs] 
2020-10-28T08:27:45.544+0000: [GC (Allocation Failure) 2020-10-28T08:27:45.544+0000: [ParNew: 16388K->4K(18432K), 0.0024760 secs] 622483K->606099K(896640K), 0.0025183 secs] [Times: user=0.01 sys=0.00, real=0.00 secs] 
2020-10-28T08:27:45.564+0000: [GC (Allocation Failure) 2020-10-28T08:27:45.564+0000: [ParNew: 16388K->4K(18432K), 0.0026477 secs] 622483K->606099K(896640K), 0.0026955 secs] [Times: user=0.01 sys=0.00, real=0.00 secs] 
2020-10-28T08:27:45.584+0000: [GC (Allocation Failure) 2020-10-28T08:27:45.584+0000: [ParNew: 16388K->4K(18432K), 0.0026356 secs] 622483K->606099K(896640K), 0.0026829 secs] [Times: user=0.01 sys=0.00, real=0.00 secs] 
2020-10-28T08:27:45.601+0000: [GC (Allocation Failure) 2020-10-28T08:27:45.601+0000: [ParNew: 16388K->4K(18432K), 0.0025245 secs] 622483K->606099K(896640K), 0.0025688 secs] [Times: user=0.00 sys=0.00, real=0.00 secs] 
2020-10-28T08:27:45.619+0000: [GC (Allocation Failure) 2020-10-28T08:27:45.619+0000: [ParNew: 16388K->4K(18432K), 0.0025034 secs] 622483K->606099K(896640K), 0.0025475 secs] [Times: user=0.01 sys=0.00, real=0.01 secs] 
2020-10-28T08:27:45.636+0000: [GC (Allocation Failure) 2020-10-28T08:27:45.636+0000: [ParNew: 16388K->4K(18432K), 0.0024481 secs] 622483K->606099K(896640K), 0.0024949 secs] [Times: user=0.00 sys=0.00, real=0.00 secs] 
2020-10-28T08:27:45.656+0000: [GC (Allocation Failure) 2020-10-28T08:27:45.656+0000: [ParNew: 16388K->4K(18432K), 0.0026107 secs] 622483K->606099K(896640K), 0.0026574 secs] [Times: user=0.01 sys=0.00, real=0.00 secs] 
2020-10-28T08:27:45.676+0000: [GC (Allocation Failure) 2020-10-28T08:27:45.676+0000: [ParNew: 16388K->4K(18432K), 0.0025561 secs] 622483K->606099K(896640K), 0.0026011 secs] [Times: user=0.00 sys=0.00, real=0.00 secs] 
2020-10-28T08:27:45.693+0000: [GC (Allocation Failure) 2020-10-28T08:27:45.693+0000: [ParNew: 16388K->4K(18432K), 0.0024665 secs] 622483K->606099K(896640K), 0.0025103 secs] [Times: user=0.01 sys=0.00, real=0.00 secs] 
2020-10-28T08:27:45.712+0000: [GC (Allocation Failure) 2020-10-28T08:27:45.712+0000: [ParNew: 16388K->4K(18432K), 0.0024602 secs] 622483K->606099K(896640K), 0.0025023 secs] [Times: user=0.00 sys=0.00, real=0.00 secs] 
2020-10-28T08:27:45.729+0000: [GC (Allocation Failure) 2020-10-28T08:27:45.729+0000: [ParNew: 16388K->4K(18432K), 0.0025157 secs] 622483K->606099K(896640K), 0.0025564 secs] [Times: user=0.00 sys=0.00, real=0.00 secs] 
2020-10-28T08:27:45.747+0000: [GC (Allocation Failure) 2020-10-28T08:27:45.747+0000: [ParNew: 16388K->4K(18432K), 0.0025671 secs] 622483K->606099K(896640K), 0.0026283 secs] [Times: user=0.01 sys=0.00, real=0.01 secs] 
2020-10-28T08:27:45.764+0000: [GC (Allocation Failure) 2020-10-28T08:27:45.764+0000: [ParNew: 16388K->4K(18432K), 0.0040685 secs] 622483K->606099K(896640K), 0.0041170 secs] [Times: user=0.00 sys=0.00, real=0.01 secs] 
2020-10-28T08:27:45.783+0000: [GC (Allocation Failure) 2020-10-28T08:27:45.783+0000: [ParNew: 16388K->4K(18432K), 0.0024694 secs] 622483K->606099K(896640K), 0.0025125 secs] [Times: user=0.00 sys=0.00, real=0.00 secs] 
2020-10-28T08:27:45.804+0000: [GC (Allocation Failure) 2020-10-28T08:27:45.804+0000: [ParNew: 16388K->4K(18432K), 0.0024573 secs] 622483K->606099K(896640K), 0.0025004 secs] [Times: user=0.01 sys=0.00, real=0.00 secs] 
2020-10-28T08:27:45.822+0000: [GC (Allocation Failure) 2020-10-28T08:27:45.822+0000: [ParNew: 16388K->4K(18432K), 0.0024619 secs] 622483K->606099K(896640K), 0.0025095 secs] [Times: user=0.01 sys=0.00, real=0.00 secs] 
2020-10-28T08:27:45.839+0000: [GC (Allocation Failure) 2020-10-28T08:27:45.839+0000: [ParNew: 16388K->4K(18432K), 0.0025751 secs] 622483K->606099K(896640K), 0.0026202 secs] [Times: user=0.00 sys=0.00, real=0.01 secs] 
2020-10-28T08:27:45.860+0000: [GC (Allocation Failure) 2020-10-28T08:27:45.860+0000: [ParNew: 16388K->4K(18432K), 0.0026605 secs] 622483K->606099K(896640K), 0.0027133 secs] [Times: user=0.00 sys=0.00, real=0.00 secs] 
2020-10-28T08:27:45.878+0000: [GC (Allocation Failure) 2020-10-28T08:27:45.878+0000: [ParNew: 16388K->4K(18432K), 0.0026803 secs] 622483K->606099K(896640K), 0.0027257 secs] [Times: user=0.01 sys=0.00, real=0.01 secs] 
2020-10-28T08:27:45.895+0000: [GC (Allocation Failure) 2020-10-28T08:27:45.895+0000: [ParNew: 16388K->4K(18432K), 0.0026512 secs] 622483K->606099K(896640K), 0.0026988 secs] [Times: user=0.00 sys=0.00, real=0.00 secs] 
2020-10-28T08:27:45.913+0000: [GC (Allocation Failure) 2020-10-28T08:27:45.913+0000: [ParNew: 16388K->4K(18432K), 0.0024867 secs] 622483K->606099K(896640K), 0.0025310 secs] [Times: user=0.01 sys=0.00, real=0.00 secs] 
2020-10-28T08:27:45.930+0000: [GC (Allocation Failure) 2020-10-28T08:27:45.930+0000: [ParNew: 16388K->4K(18432K), 0.0025131 secs] 622483K->606099K(896640K), 0.0025610 secs] [Times: user=0.00 sys=0.00, real=0.00 secs] 
2020-10-28T08:27:45.951+0000: [GC (Allocation Failure) 2020-10-28T08:27:45.951+0000: [ParNew: 16385K->4K(18432K), 0.0025035 secs] 622481K->606099K(896640K), 0.0025467 secs] [Times: user=0.01 sys=0.00, real=0.00 secs] 
2020-10-28T08:27:45.972+0000: [GC (Allocation Failure) 2020-10-28T08:27:45.972+0000: [ParNew: 16388K->4K(18432K), 0.0025133 secs] 622483K->606099K(896640K), 0.0025547 secs] [Times: user=0.00 sys=0.00, real=0.00 secs] 
2020-10-28T08:27:45.992+0000: [GC (Allocation Failure) 2020-10-28T08:27:45.992+0000: [ParNew: 16388K->4K(18432K), 0.0026010 secs] 622483K->606099K(896640K), 0.0026463 secs] [Times: user=0.01 sys=0.00, real=0.00 secs] 
2020-10-28T08:27:46.012+0000: [GC (Allocation Failure) 2020-10-28T08:27:46.012+0000: [ParNew: 16388K->4K(18432K), 0.0025682 secs] 622483K->606099K(896640K), 0.0026105 secs] [Times: user=0.00 sys=0.00, real=0.00 secs] 
2020-10-28T08:27:46.032+0000: [GC (Allocation Failure) 2020-10-28T08:27:46.032+0000: [ParNew: 16388K->4K(18432K), 0.0026048 secs] 622483K->606099K(896640K), 0.0026477 secs] [Times: user=0.01 sys=0.00, real=0.00 secs] 
2020-10-28T08:27:46.049+0000: [GC (Allocation Failure) 2020-10-28T08:27:46.049+0000: [ParNew: 16388K->4K(18432K), 0.0026298 secs] 622483K->606099K(896640K), 0.0026731 secs] [Times: user=0.00 sys=0.00, real=0.00 secs] 
2020-10-28T08:27:46.067+0000: [GC (Allocation Failure) 2020-10-28T08:27:46.067+0000: [ParNew: 16388K->4K(18432K), 0.0026037 secs] 622483K->606099K(896640K), 0.0026465 secs] [Times: user=0.01 sys=0.00, real=0.01 secs] 
2020-10-28T08:27:46.088+0000: [GC (Allocation Failure) 2020-10-28T08:27:46.088+0000: [ParNew: 16388K->4K(18432K), 0.0026046 secs] 622483K->606099K(896640K), 0.0026490 secs] [Times: user=0.00 sys=0.00, real=0.00 secs] 
2020-10-28T08:27:46.105+0000: [GC (Allocation Failure) 2020-10-28T08:27:46.106+0000: [ParNew: 16388K->4K(18432K), 0.0026315 secs] 622483K->606099K(896640K), 0.0026850 secs] [Times: user=0.01 sys=0.00, real=0.01 secs] 
2020-10-28T08:27:46.123+0000: [GC (Allocation Failure) 2020-10-28T08:27:46.123+0000: [ParNew: 16388K->4K(18432K), 0.0026386 secs] 622483K->606099K(896640K), 0.0026825 secs] [Times: user=0.00 sys=0.00, real=0.00 secs] 
2020-10-28T08:27:46.144+0000: [GC (Allocation Failure) 2020-10-28T08:27:46.144+0000: [ParNew: 16388K->4K(18432K), 0.0025919 secs] 622483K->606099K(896640K), 0.0026358 secs] [Times: user=0.01 sys=0.00, real=0.00 secs] 
2020-10-28T08:27:46.161+0000: [GC (Allocation Failure) 2020-10-28T08:27:46.161+0000: [ParNew: 16388K->4K(18432K), 0.0025799 secs] 622483K->606099K(896640K), 0.0026234 secs] [Times: user=0.00 sys=0.00, real=0.00 secs] 
2020-10-28T08:27:46.179+0000: [GC (Allocation Failure) 2020-10-28T08:27:46.179+0000: [ParNew: 16388K->4K(18432K), 0.0025038 secs] 622483K->606100K(896640K), 0.0025483 secs] [Times: user=0.00 sys=0.00, real=0.01 secs] 
2020-10-28T08:27:46.196+0000: [GC (Allocation Failure) 2020-10-28T08:27:46.196+0000: [ParNew: 16388K->4K(18432K), 0.0025101 secs] 622484K->606100K(896640K), 0.0025524 secs] [Times: user=0.01 sys=0.00, real=0.00 secs] 
2020-10-28T08:27:46.216+0000: [GC (Allocation Failure) 2020-10-28T08:27:46.216+0000: [ParNew: 16388K->4K(18432K), 0.0024425 secs] 622484K->606100K(896640K), 0.0024853 secs] [Times: user=0.01 sys=0.00, real=0.00 secs] 
2020-10-28T08:27:46.233+0000: [GC (Allocation Failure) 2020-10-28T08:27:46.233+0000: [ParNew: 16388K->4K(18432K), 0.0025305 secs] 622484K->606100K(896640K), 0.0025742 secs] [Times: user=0.00 sys=0.00, real=0.00 secs] 
2020-10-28T08:27:46.251+0000: [GC (Allocation Failure) 2020-10-28T08:27:46.251+0000: [ParNew: 16388K->4K(18432K), 0.0025726 secs] 622484K->606100K(896640K), 0.0026145 secs] [Times: user=0.00 sys=0.00, real=0.00 secs] 
2020-10-28T08:27:46.272+0000: [GC (Allocation Failure) 2020-10-28T08:27:46.272+0000: [ParNew: 16388K->4K(18432K), 0.0024256 secs] 622484K->606100K(896640K), 0.0024682 secs] [Times: user=0.01 sys=0.00, real=0.00 secs] 
2020-10-28T08:27:46.289+0000: [GC (Allocation Failure) 2020-10-28T08:27:46.289+0000: [ParNew: 16388K->4K(18432K), 0.0025972 secs] 622484K->606100K(896640K), 0.0026408 secs] [Times: user=0.00 sys=0.00, real=0.00 secs] 
2020-10-28T08:27:46.308+0000: [GC (Allocation Failure) 2020-10-28T08:27:46.308+0000: [ParNew: 16388K->4K(18432K), 0.0024434 secs] 622484K->606100K(896640K), 0.0024858 secs] [Times: user=0.01 sys=0.00, real=0.00 secs] 
2020-10-28T08:27:46.328+0000: [GC (Allocation Failure) 2020-10-28T08:27:46.328+0000: [ParNew: 16388K->4K(18432K), 0.0025116 secs] 622484K->606100K(896640K), 0.0025563 secs] [Times: user=0.00 sys=0.01, real=0.00 secs] 
2020-10-28T08:27:46.345+0000: [GC (Allocation Failure) 2020-10-28T08:27:46.345+0000: [ParNew: 16343K->4K(18432K), 0.0024707 secs] 622439K->606100K(896640K), 0.0025140 secs] [Times: user=0.01 sys=0.00, real=0.00 secs] 
2020-10-28T08:27:46.362+0000: [GC (Allocation Failure) 2020-10-28T08:27:46.362+0000: [ParNew: 16388K->4K(18432K), 0.0025911 secs] 622484K->606100K(896640K), 0.0026365 secs] [Times: user=0.00 sys=0.00, real=0.00 secs] 
2020-10-28T08:27:46.380+0000: [GC (Allocation Failure) 2020-10-28T08:27:46.380+0000: [ParNew: 16388K->4K(18432K), 0.0026057 secs] 622484K->606100K(896640K), 0.0026552 secs] [Times: user=0.00 sys=0.00, real=0.00 secs] 
2020-10-28T08:27:46.397+0000: [GC (Allocation Failure) 2020-10-28T08:27:46.397+0000: [ParNew: 16388K->4K(18432K), 0.0025141 secs] 622484K->606100K(896640K), 0.0025582 secs] [Times: user=0.01 sys=0.00, real=0.01 secs] 
2020-10-28T08:27:46.416+0000: [GC (Allocation Failure) 2020-10-28T08:27:46.416+0000: [ParNew: 16388K->4K(18432K), 0.0025613 secs] 622484K->606100K(896640K), 0.0026069 secs] [Times: user=0.00 sys=0.00, real=0.00 secs] 
2020-10-28T08:27:46.436+0000: [GC (Allocation Failure) 2020-10-28T08:27:46.436+0000: [ParNew: 16388K->4K(18432K), 0.0026769 secs] 622484K->606100K(896640K), 0.0027239 secs] [Times: user=0.00 sys=0.00, real=0.00 secs] 
2020-10-28T08:27:46.456+0000: [GC (Allocation Failure) 2020-10-28T08:27:46.456+0000: [ParNew: 16388K->4K(18432K), 0.0026699 secs] 622484K->606100K(896640K), 0.0027180 secs] [Times: user=0.01 sys=0.00, real=0.00 secs] 
2020-10-28T08:27:46.473+0000: [GC (Allocation Failure) 2020-10-28T08:27:46.473+0000: [ParNew: 16388K->4K(18432K), 0.0026038 secs] 622484K->606100K(896640K), 0.0026492 secs] [Times: user=0.01 sys=0.00, real=0.00 secs] 
2020-10-28T08:27:46.492+0000: [GC (Allocation Failure) 2020-10-28T08:27:46.492+0000: [ParNew: 16388K->4K(18432K), 0.0024752 secs] 622484K->606100K(896640K), 0.0025196 secs] [Times: user=0.00 sys=0.00, real=0.00 secs] 
2020-10-28T08:27:46.509+0000: [GC (Allocation Failure) 2020-10-28T08:27:46.509+0000: [ParNew: 16388K->4K(18432K), 0.0025605 secs] 622484K->606100K(896640K), 0.0026061 secs] [Times: user=0.00 sys=0.00, real=0.00 secs] 
2020-10-28T08:27:46.527+0000: [GC (Allocation Failure) 2020-10-28T08:27:46.527+0000: [ParNew: 16388K->4K(18432K), 0.0024869 secs] 622484K->606100K(896640K), 0.0025294 secs] [Times: user=0.01 sys=0.00, real=0.01 secs] 
2020-10-28T08:27:46.544+0000: [GC (Allocation Failure) 2020-10-28T08:27:46.544+0000: [ParNew: 16388K->4K(18432K), 0.0025216 secs] 622484K->606100K(896640K), 0.0025825 secs] [Times: user=0.00 sys=0.00, real=0.00 secs] 
2020-10-28T08:27:46.564+0000: [GC (Allocation Failure) 2020-10-28T08:27:46.564+0000: [ParNew: 16388K->4K(18432K), 0.0024985 secs] 622484K->606100K(896640K), 0.0025533 secs] [Times: user=0.01 sys=0.00, real=0.00 secs] 
2020-10-28T08:27:46.584+0000: [GC (Allocation Failure) 2020-10-28T08:27:46.584+0000: [ParNew: 16388K->4K(18432K), 0.0025673 secs] 622484K->606100K(896640K), 0.0026124 secs] [Times: user=0.00 sys=0.00, real=0.00 secs] 
2020-10-28T08:27:46.604+0000: [GC (Allocation Failure) 2020-10-28T08:27:46.604+0000: [ParNew: 16388K->4K(18432K), 0.0025530 secs] 622484K->606100K(896640K), 0.0025975 secs] [Times: user=0.01 sys=0.00, real=0.00 secs] 
2020-10-28T08:27:46.621+0000: [GC (Allocation Failure) 2020-10-28T08:27:46.621+0000: [ParNew: 16388K->4K(18432K), 0.0025012 secs] 622484K->606100K(896640K), 0.0025607 secs] [Times: user=0.00 sys=0.00, real=0.00 secs] 
2020-10-28T08:27:46.642+0000: [GC (Allocation Failure) 2020-10-28T08:27:46.642+0000: [ParNew: 16388K->4K(18432K), 0.0026248 secs] 622484K->606100K(896640K), 0.0026685 secs] [Times: user=0.01 sys=0.00, real=0.00 secs] 
2020-10-28T08:27:46.660+0000: [GC (Allocation Failure) 2020-10-28T08:27:46.660+0000: [ParNew: 16388K->4K(18432K), 0.0026684 secs] 622484K->606100K(896640K), 0.0027175 secs] [Times: user=0.01 sys=0.00, real=0.00 secs] 
2020-10-28T08:27:46.680+0000: [GC (Allocation Failure) 2020-10-28T08:27:46.680+0000: [ParNew: 16388K->4K(18432K), 0.0026600 secs] 622484K->606100K(896640K), 0.0027064 secs] [Times: user=0.01 sys=0.00, real=0.00 secs] 
2020-10-28T08:27:46.697+0000: [GC (Allocation Failure) 2020-10-28T08:27:46.697+0000: [ParNew: 16388K->4K(18432K), 0.0024991 secs] 622484K->606100K(896640K), 0.0025491 secs] [Times: user=0.01 sys=0.00, real=0.01 secs] 
2020-10-28T08:27:46.716+0000: [GC (Allocation Failure) 2020-10-28T08:27:46.716+0000: [ParNew: 16388K->4K(18432K), 0.0024849 secs] 622484K->606100K(896640K), 0.0025270 secs] [Times: user=0.00 sys=0.00, real=0.00 secs] 
2020-10-28T08:27:46.733+0000: [GC (Allocation Failure) 2020-10-28T08:27:46.733+0000: [ParNew: 16388K->4K(18432K), 0.0026440 secs] 622484K->606100K(896640K), 0.0026896 secs] [Times: user=0.01 sys=0.00, real=0.00 secs] 
2020-10-28T08:27:46.752+0000: [GC (Allocation Failure) 2020-10-28T08:27:46.752+0000: [ParNew: 16388K->4K(18432K), 0.0026255 secs] 622484K->606100K(896640K), 0.0026722 secs] [Times: user=0.00 sys=0.00, real=0.00 secs] 
2020-10-28T08:27:46.769+0000: [GC (Allocation Failure) 2020-10-28T08:27:46.769+0000: [ParNew: 16388K->4K(18432K), 0.0025851 secs] 622484K->606100K(896640K), 0.0026296 secs] [Times: user=0.01 sys=0.00, real=0.00 secs] 
2020-10-28T08:27:46.787+0000: [GC (Allocation Failure) 2020-10-28T08:27:46.787+0000: [ParNew: 16388K->4K(18432K), 0.0069421 secs] 622484K->606100K(896640K), 0.0070036 secs] [Times: user=0.00 sys=0.00, real=0.01 secs] 
2020-10-28T08:27:46.809+0000: [GC (Allocation Failure) 2020-10-28T08:27:46.809+0000: [ParNew: 16388K->4K(18432K), 0.0025538 secs] 622484K->606100K(896640K), 0.0025994 secs] [Times: user=0.01 sys=0.00, real=0.00 secs] 
2020-10-28T08:27:46.828+0000: [GC (Allocation Failure) 2020-10-28T08:27:46.828+0000: [ParNew: 16388K->4K(18432K), 0.0024789 secs] 622484K->606100K(896640K), 0.0025226 secs] [Times: user=0.01 sys=0.00, real=0.00 secs] 
2020-10-28T08:27:46.848+0000: [GC (Allocation Failure) 2020-10-28T08:27:46.848+0000: [ParNew: 16388K->4K(18432K), 0.0024733 secs] 622484K->606100K(896640K), 0.0025162 secs] [Times: user=0.00 sys=0.00, real=0.00 secs] 
2020-10-28T08:27:46.865+0000: [GC (Allocation Failure) 2020-10-28T08:27:46.865+0000: [ParNew: 16388K->4K(18432K), 0.0025057 secs] 622484K->606100K(896640K), 0.0025496 secs] [Times: user=0.01 sys=0.00, real=0.01 secs] 
2020-10-28T08:27:46.883+0000: [GC (Allocation Failure) 2020-10-28T08:27:46.883+0000: [ParNew: 16388K->4K(18432K), 0.0024996 secs] 622484K->606100K(896640K), 0.0025585 secs] [Times: user=0.01 sys=0.00, real=0.00 secs] 
2020-10-28T08:27:46.900+0000: [GC (Allocation Failure) 2020-10-28T08:27:46.900+0000: [ParNew: 16388K->4K(18432K), 0.0025606 secs] 622484K->606100K(896640K), 0.0026048 secs] [Times: user=0.00 sys=0.00, real=0.00 secs] 
2020-10-28T08:27:46.920+0000: [GC (Allocation Failure) 2020-10-28T08:27:46.920+0000: [ParNew: 16388K->4K(18432K), 0.0027056 secs] 622484K->606100K(896640K), 0.0027545 secs] [Times: user=0.00 sys=0.00, real=0.00 secs] 
2020-10-28T08:27:46.937+0000: [GC (Allocation Failure) 2020-10-28T08:27:46.937+0000: [ParNew: 16388K->4K(18432K), 0.0026546 secs] 622484K->606100K(896640K), 0.0026964 secs] [Times: user=0.01 sys=0.00, real=0.01 secs] 
2020-10-28T08:27:46.955+0000: [GC (Allocation Failure) 2020-10-28T08:27:46.955+0000: [ParNew: 16388K->4K(18432K), 0.0026661 secs] 622484K->606100K(896640K), 0.0027264 secs] [Times: user=0.00 sys=0.00, real=0.00 secs] 
2020-10-28T08:27:46.973+0000: [GC (Allocation Failure) 2020-10-28T08:27:46.973+0000: [ParNew: 16388K->4K(18432K), 0.0025523 secs] 622484K->606100K(896640K), 0.0025971 secs] [Times: user=0.01 sys=0.00, real=0.00 secs] 
2020-10-28T08:27:46.990+0000: [GC (Allocation Failure) 2020-10-28T08:27:46.990+0000: [ParNew: 16388K->4K(18432K), 0.0025993 secs] 622484K->606100K(896640K), 0.0026428 secs] [Times: user=0.00 sys=0.00, real=0.00 secs] 
2020-10-28T08:27:47.008+0000: [GC (Allocation Failure) 2020-10-28T08:27:47.008+0000: [ParNew: 16388K->4K(18432K), 0.0027057 secs] 622484K->606100K(896640K), 0.0027534 secs] [Times: user=0.01 sys=0.00, real=0.00 secs] 
2020-10-28T08:27:47.028+0000: [GC (Allocation Failure) 2020-10-28T08:27:47.028+0000: [ParNew: 16388K->4K(18432K), 0.0026329 secs] 622484K->606100K(896640K), 0.0026751 secs] [Times: user=0.00 sys=0.00, real=0.00 secs] 
2020-10-28T08:27:47.045+0000: [GC (Allocation Failure) 2020-10-28T08:27:47.045+0000: [ParNew: 16388K->4K(18432K), 0.0025657 secs] 622484K->606100K(896640K), 0.0026119 secs] [Times: user=0.01 sys=0.00, real=0.01 secs] 
2020-10-28T08:27:47.064+0000: [GC (Allocation Failure) 2020-10-28T08:27:47.064+0000: [ParNew: 16388K->4K(18432K), 0.0023952 secs] 622484K->606100K(896640K), 0.0024363 secs] [Times: user=0.01 sys=0.01, real=0.00 secs] 
2020-10-28T08:27:47.081+0000: [GC (Allocation Failure) 2020-10-28T08:27:47.081+0000: [ParNew: 16388K->4K(18432K), 0.0025621 secs] 622484K->606100K(896640K), 0.0026195 secs] [Times: user=0.00 sys=0.00, real=0.00 secs] 
2020-10-28T08:27:47.100+0000: [GC (Allocation Failure) 2020-10-28T08:27:47.100+0000: [ParNew: 16388K->4K(18432K), 0.0025181 secs] 622484K->606100K(896640K), 0.0025615 secs] [Times: user=0.00 sys=0.00, real=0.00 secs] 
2020-10-28T08:27:47.117+0000: [GC (Allocation Failure) 2020-10-28T08:27:47.117+0000: [ParNew: 16388K->4K(18432K), 0.0026999 secs] 622484K->606100K(896640K), 0.0027495 secs] [Times: user=0.00 sys=0.00, real=0.01 secs] 
2020-10-28T08:27:47.136+0000: [GC (Allocation Failure) 2020-10-28T08:27:47.136+0000: [ParNew: 16388K->4K(18432K), 0.0026114 secs] 622484K->606100K(896640K), 0.0026568 secs] [Times: user=0.00 sys=0.00, real=0.00 secs] 
2020-10-28T08:27:47.154+0000: [GC (Allocation Failure) 2020-10-28T08:27:47.154+0000: [ParNew: 16388K->4K(18432K), 0.0025512 secs] 622484K->606100K(896640K), 0.0025973 secs] [Times: user=0.00 sys=0.00, real=0.00 secs] 
2020-10-28T08:27:47.172+0000: [GC (Allocation Failure) 2020-10-28T08:27:47.172+0000: [ParNew: 16388K->4K(18432K), 0.0025370 secs] 622484K->606100K(896640K), 0.0025807 secs] [Times: user=0.01 sys=0.00, real=0.00 secs] 
2020-10-28T08:27:47.192+0000: [GC (Allocation Failure) 2020-10-28T08:27:47.192+0000: [ParNew: 16388K->6K(18432K), 0.0025857 secs] 622484K->606102K(896640K), 0.0026286 secs] [Times: user=0.00 sys=0.00, real=0.00 secs] 
2020-10-28T08:27:47.209+0000: [GC (Allocation Failure) 2020-10-28T08:27:47.209+0000: [ParNew: 16390K->4K(18432K), 0.0025496 secs] 622486K->606100K(896640K), 0.0025910 secs] [Times: user=0.01 sys=0.00, real=0.00 secs] 
2020-10-28T08:27:47.227+0000: [GC (Allocation Failure) 2020-10-28T08:27:47.227+0000: [ParNew: 16388K->4K(18432K), 0.0025827 secs] 622484K->606100K(896640K), 0.0026267 secs] [Times: user=0.00 sys=0.00, real=0.01 secs] 
2020-10-28T08:27:47.244+0000: [GC (Allocation Failure) 2020-10-28T08:27:47.244+0000: [ParNew: 16388K->4K(18432K), 0.0040055 secs] 622484K->606100K(896640K), 0.0040488 secs] [Times: user=0.00 sys=0.00, real=0.01 secs] 
2020-10-28T08:27:47.264+0000: [GC (Allocation Failure) 2020-10-28T08:27:47.264+0000: [ParNew: 16388K->4K(18432K), 0.0024479 secs] 622484K->606100K(896640K), 0.0025170 secs] [Times: user=0.00 sys=0.00, real=0.00 secs] 
2020-10-28T08:27:47.284+0000: [GC (Allocation Failure) 2020-10-28T08:27:47.284+0000: [ParNew: 16388K->4K(18432K), 0.0025394 secs] 622484K->606100K(896640K), 0.0025804 secs] [Times: user=0.01 sys=0.00, real=0.00 secs] 
2020-10-28T08:27:47.304+0000: [GC (Allocation Failure) 2020-10-28T08:27:47.304+0000: [ParNew: 16388K->4K(18432K), 0.0024750 secs] 622484K->606100K(896640K), 0.0025185 secs] [Times: user=0.01 sys=0.00, real=0.00 secs] 
2020-10-28T08:27:47.321+0000: [GC (Allocation Failure) 2020-10-28T08:27:47.321+0000: [ParNew: 16388K->4K(18432K), 0.0025086 secs] 622484K->606100K(896640K), 0.0025523 secs] [Times: user=0.00 sys=0.00, real=0.00 secs] 
2020-10-28T08:27:47.340+0000: [GC (Allocation Failure) 2020-10-28T08:27:47.340+0000: [ParNew: 16388K->4K(18432K), 0.0025821 secs] 622484K->606100K(896640K), 0.0026271 secs] [Times: user=0.01 sys=0.00, real=0.00 secs] 
2020-10-28T08:27:47.360+0000: [GC (Allocation Failure) 2020-10-28T08:27:47.360+0000: [ParNew: 16388K->4K(18432K), 0.0025972 secs] 622484K->606100K(896640K), 0.0026438 secs] [Times: user=0.00 sys=0.00, real=0.00 secs] 
2020-10-28T08:27:47.377+0000: [GC (Allocation Failure) 2020-10-28T08:27:47.377+0000: [ParNew: 16388K->4K(18432K), 0.0026782 secs] 622484K->606100K(896640K), 0.0027258 secs] [Times: user=0.01 sys=0.00, real=0.01 secs] 
2020-10-28T08:27:47.395+0000: [GC (Allocation Failure) 2020-10-28T08:27:47.395+0000: [ParNew: 16388K->4K(18432K), 0.0025751 secs] 622484K->606100K(896640K), 0.0026179 secs] [Times: user=0.01 sys=0.00, real=0.00 secs] 
2020-10-28T08:27:47.413+0000: [GC (Allocation Failure) 2020-10-28T08:27:47.413+0000: [ParNew: 16388K->4K(18432K), 0.0025915 secs] 622484K->606100K(896640K), 0.0026377 secs] [Times: user=0.00 sys=0.00, real=0.00 secs] 
2020-10-28T08:27:47.430+0000: [GC (Allocation Failure) 2020-10-28T08:27:47.430+0000: [ParNew: 16388K->4K(18432K), 0.0026386 secs] 622484K->606100K(896640K), 0.0026817 secs] [Times: user=0.01 sys=0.00, real=0.00 secs] 
2020-10-28T08:27:47.448+0000: [GC (Allocation Failure) 2020-10-28T08:27:47.448+0000: [ParNew: 16388K->4K(18432K), 0.0025445 secs] 622484K->606100K(896640K), 0.0025882 secs] [Times: user=0.00 sys=0.00, real=0.01 secs] 
2020-10-28T08:27:47.465+0000: [GC (Allocation Failure) 2020-10-28T08:27:47.465+0000: [ParNew: 16388K->4K(18432K), 0.0026283 secs] 622484K->606100K(896640K), 0.0026743 secs] [Times: user=0.01 sys=0.00, real=0.00 secs] 
2020-10-28T08:27:47.483+0000: [GC (Allocation Failure) 2020-10-28T08:27:47.483+0000: [ParNew: 16388K->4K(18432K), 0.0025385 secs] 622484K->606100K(896640K), 0.0025827 secs] [Times: user=0.01 sys=0.00, real=0.00 secs] 
2020-10-28T08:27:47.500+0000: [GC (Allocation Failure) 2020-10-28T08:27:47.500+0000: [ParNew: 16388K->4K(18432K), 0.0024751 secs] 622484K->606100K(896640K), 0.0025174 secs] [Times: user=0.00 sys=0.00, real=0.00 secs] 
2020-10-28T08:27:47.517+0000: [GC (Allocation Failure) 2020-10-28T08:27:47.517+0000: [ParNew: 16388K->4K(18432K), 0.0024806 secs] 622484K->606100K(896640K), 0.0025253 secs] [Times: user=0.00 sys=0.00, real=0.01 secs] 
2020-10-28T08:27:47.535+0000: [GC (Allocation Failure) 2020-10-28T08:27:47.535+0000: [ParNew: 16388K->4K(18432K), 0.0025225 secs] 622484K->606100K(896640K), 0.0025659 secs] [Times: user=0.01 sys=0.00, real=0.00 secs] 
2020-10-28T08:27:47.552+0000: [GC (Allocation Failure) 2020-10-28T08:27:47.552+0000: [ParNew: 16388K->4K(18432K), 0.0025934 secs] 622484K->606100K(896640K), 0.0026412 secs] [Times: user=0.00 sys=0.00, real=0.00 secs] 
2020-10-28T08:27:47.572+0000: [GC (Allocation Failure) 2020-10-28T08:27:47.572+0000: [ParNew: 16388K->4K(18432K), 0.0025316 secs] 622484K->606100K(896640K), 0.0025742 secs] [Times: user=0.01 sys=0.00, real=0.00 secs] 
2020-10-28T08:27:47.592+0000: [GC (Allocation Failure) 2020-10-28T08:27:47.592+0000: [ParNew: 16388K->4K(18432K), 0.0025824 secs] 622484K->606100K(896640K), 0.0026260 secs] [Times: user=0.00 sys=0.00, real=0.00 secs] 
2020-10-28T08:27:47.609+0000: [GC (Allocation Failure) 2020-10-28T08:27:47.609+0000: [ParNew: 16388K->4K(18432K), 0.0025807 secs] 622484K->606100K(896640K), 0.0026254 secs] [Times: user=0.01 sys=0.00, real=0.00 secs] 
2020-10-28T08:27:47.628+0000: [GC (Allocation Failure) 2020-10-28T08:27:47.628+0000: [ParNew: 16388K->4K(18432K), 0.0024463 secs] 622484K->606100K(896640K), 0.0024886 secs] [Times: user=0.01 sys=0.00, real=0.00 secs] 
2020-10-28T08:27:47.645+0000: [GC (Allocation Failure) 2020-10-28T08:27:47.645+0000: [ParNew: 16388K->4K(18432K), 0.0025628 secs] 622484K->606100K(896640K), 0.0026107 secs] [Times: user=0.00 sys=0.00, real=0.01 secs] 
2020-10-28T08:27:47.663+0000: [GC (Allocation Failure) 2020-10-28T08:27:47.663+0000: [ParNew: 16388K->4K(18432K), 0.0025454 secs] 622484K->606100K(896640K), 0.0025888 secs] [Times: user=0.01 sys=0.00, real=0.00 secs] 
2020-10-28T08:27:47.684+0000: [GC (Allocation Failure) 2020-10-28T08:27:47.684+0000: [ParNew: 16388K->4K(18432K), 0.0026906 secs] 622484K->606100K(896640K), 0.0027389 secs] [Times: user=0.00 sys=0.00, real=0.00 secs] 
2020-10-28T08:27:47.704+0000: [GC (Allocation Failure) 2020-10-28T08:27:47.704+0000: [ParNew: 16388K->4K(18432K), 0.0026179 secs] 622484K->606100K(896640K), 0.0026603 secs] [Times: user=0.01 sys=0.00, real=0.00 secs] 
2020-10-28T08:27:47.724+0000: [GC (Allocation Failure) 2020-10-28T08:27:47.724+0000: [ParNew: 16388K->4K(18432K), 0.0025490 secs] 622484K->606100K(896640K), 0.0025919 secs] [Times: user=0.00 sys=0.00, real=0.00 secs] 
2020-10-28T08:27:47.744+0000: [GC (Allocation Failure) 2020-10-28T08:27:47.744+0000: [ParNew: 16388K->4K(18432K), 0.0025564 secs] 622484K->606100K(896640K), 0.0025983 secs] [Times: user=0.01 sys=0.00, real=0.00 secs] 
2020-10-28T08:27:47.761+0000: [GC (Allocation Failure) 2020-10-28T08:27:47.761+0000: [ParNew: 16388K->4K(18432K), 0.0028031 secs] 622484K->606100K(896640K), 0.0028445 secs] [Times: user=0.00 sys=0.00, real=0.00 secs] 
2020-10-28T08:27:47.780+0000: [GC (Allocation Failure) 2020-10-28T08:27:47.780+0000: [ParNew: 16388K->6K(18432K), 0.0025343 secs] 622484K->606102K(896640K), 0.0025773 secs] [Times: user=0.00 sys=0.00, real=0.00 secs] 
2020-10-28T08:27:47.797+0000: [GC (Allocation Failure) 2020-10-28T08:27:47.797+0000: [ParNew: 16390K->4K(18432K), 0.0026135 secs] 622486K->606100K(896640K), 0.0026549 secs] [Times: user=0.01 sys=0.00, real=0.01 secs] 
2020-10-28T08:27:47.815+0000: [GC (Allocation Failure) 2020-10-28T08:27:47.815+0000: [ParNew: 16388K->4K(18432K), 0.0025180 secs] 622484K->606100K(896640K), 0.0025587 secs] [Times: user=0.00 sys=0.00, real=0.00 secs] 
2020-10-28T08:27:47.836+0000: [GC (Allocation Failure) 2020-10-28T08:27:47.836+0000: [ParNew: 16388K->4K(18432K), 0.0025352 secs] 622484K->606100K(896640K), 0.0025781 secs] [Times: user=0.00 sys=0.00, real=0.00 secs] 
2020-10-28T08:27:47.856+0000: [GC (Allocation Failure) 2020-10-28T08:27:47.856+0000: [ParNew: 16388K->4K(18432K), 0.0025301 secs] 622484K->606100K(896640K), 0.0025711 secs] [Times: user=0.01 sys=0.00, real=0.00 secs] 
2020-10-28T08:27:47.876+0000: [GC (Allocation Failure) 2020-10-28T08:27:47.876+0000: [ParNew: 16388K->4K(18432K), 0.0025092 secs] 622484K->606100K(896640K), 0.0025531 secs] [Times: user=0.00 sys=0.00, real=0.00 secs] 
2020-10-28T08:27:47.893+0000: [GC (Allocation Failure) 2020-10-28T08:27:47.894+0000: [ParNew: 16388K->4K(18432K), 0.0025492 secs] 622484K->606100K(896640K), 0.0025910 secs] [Times: user=0.01 sys=0.00, real=0.00 secs] 
2020-10-28T08:27:47.912+0000: [GC (Allocation Failure) 2020-10-28T08:27:47.912+0000: [ParNew: 16388K->4K(18432K), 0.0025408 secs] 622484K->606100K(896640K), 0.0025835 secs] [Times: user=0.01 sys=0.00, real=0.00 secs] 
2020-10-28T08:27:47.929+0000: [GC (Allocation Failure) 2020-10-28T08:27:47.929+0000: [ParNew: 16388K->4K(18432K), 0.0024822 secs] 622484K->606100K(896640K), 0.0025294 secs] [Times: user=0.01 sys=0.00, real=0.00 secs] 
2020-10-28T08:27:47.948+0000: [GC (Allocation Failure) 2020-10-28T08:27:47.948+0000: [ParNew: 16388K->4K(18432K), 0.0025679 secs] 622484K->606100K(896640K), 0.0026180 secs] [Times: user=0.01 sys=0.00, real=0.00 secs] 
2020-10-28T08:27:47.966+0000: [GC (Allocation Failure) 2020-10-28T08:27:47.966+0000: [ParNew: 16388K->4K(18432K), 0.0025635 secs] 622484K->606100K(896640K), 0.0026069 secs] [Times: user=0.00 sys=0.00, real=0.01 secs] 
2020-10-28T08:27:47.984+0000: [GC (Allocation Failure) 2020-10-28T08:27:47.984+0000: [ParNew: 16388K->4K(18432K), 0.0025510 secs] 622484K->606100K(896640K), 0.0025953 secs] [Times: user=0.01 sys=0.00, real=0.00 secs] 
2020-10-28T08:27:48.001+0000: [GC (Allocation Failure) 2020-10-28T08:27:48.001+0000: [ParNew: 16388K->4K(18432K), 0.0026634 secs] 622484K->606100K(896640K), 0.0027099 secs] [Times: user=0.01 sys=0.00, real=0.00 secs] 
2020-10-28T08:27:48.019+0000: [GC (Allocation Failure) 2020-10-28T08:27:48.019+0000: [ParNew: 16388K->4K(18432K), 0.0026570 secs] 622484K->606100K(896640K), 0.0027018 secs] [Times: user=0.00 sys=0.00, real=0.01 secs] 
2020-10-28T08:27:48.040+0000: [GC (Allocation Failure) 2020-10-28T08:27:48.040+0000: [ParNew: 16388K->4K(18432K), 0.0026844 secs] 622484K->606100K(896640K), 0.0027310 secs] [Times: user=0.00 sys=0.00, real=0.00 secs] 
2020-10-28T08:27:48.060+0000: [GC (Allocation Failure) 2020-10-28T08:27:48.060+0000: [ParNew: 16388K->4K(18432K), 0.0024973 secs] 622484K->606100K(896640K), 0.0025409 secs] [Times: user=0.00 sys=0.00, real=0.00 secs] 
2020-10-28T08:27:48.077+0000: [GC (Allocation Failure) 2020-10-28T08:27:48.077+0000: [ParNew: 16388K->4K(18432K), 0.0024932 secs] 622484K->606100K(896640K), 0.0025372 secs] [Times: user=0.01 sys=0.00, real=0.01 secs] 
2020-10-28T08:27:48.104+0000: [GC (Allocation Failure) 2020-10-28T08:27:48.104+0000: [ParNew: 16388K->4K(18432K), 0.0027425 secs] 622484K->606100K(896640K), 0.0028148 secs] [Times: user=0.00 sys=0.00, real=0.00 secs] 
2020-10-28T08:27:48.122+0000: [GC (Allocation Failure) 2020-10-28T08:27:48.122+0000: [ParNew: 16388K->4K(18432K), 0.0027112 secs] 622484K->606100K(896640K), 0.0027603 secs] [Times: user=0.01 sys=0.00, real=0.00 secs] 
2020-10-28T08:27:48.140+0000: [GC (Allocation Failure) 2020-10-28T08:27:48.140+0000: [ParNew: 16388K->4K(18432K), 0.0026832 secs] 622484K->606100K(896640K), 0.0027322 secs] [Times: user=0.00 sys=0.00, real=0.01 secs] 
2020-10-28T08:27:48.163+0000: [GC (Allocation Failure) 2020-10-28T08:27:48.163+0000: [ParNew: 16388K->4K(18432K), 0.0027097 secs] 622484K->606100K(896640K), 0.0027684 secs] [Times: user=0.01 sys=0.00, real=0.00 secs] 
2020-10-28T08:27:48.181+0000: [GC (Allocation Failure) 2020-10-28T08:27:48.181+0000: [ParNew: 16388K->4K(18432K), 0.0036996 secs] 622484K->606100K(896640K), 0.0037415 secs] [Times: user=0.00 sys=0.00, real=0.00 secs] 
2020-10-28T08:27:48.200+0000: [GC (Allocation Failure) 2020-10-28T08:27:48.200+0000: [ParNew: 16388K->4K(18432K), 0.0024873 secs] 622484K->606100K(896640K), 0.0025297 secs] [Times: user=0.00 sys=0.00, real=0.00 secs] 
2020-10-28T08:27:48.220+0000: [GC (Allocation Failure) 2020-10-28T08:27:48.220+0000: [ParNew: 16388K->4K(18432K), 0.0025290 secs] 622484K->606100K(896640K), 0.0025714 secs] [Times: user=0.01 sys=0.00, real=0.00 secs] 
2020-10-28T08:27:48.240+0000: [GC (Allocation Failure) 2020-10-28T08:27:48.240+0000: [ParNew: 16388K->4K(18432K), 0.0025368 secs] 622484K->606100K(896640K), 0.0025800 secs] [Times: user=0.00 sys=0.00, real=0.00 secs] 
2020-10-28T08:27:48.257+0000: [GC (Allocation Failure) 2020-10-28T08:27:48.257+0000: [ParNew: 16388K->4K(18432K), 0.0025533 secs] 622484K->606100K(896640K), 0.0025959 secs] [Times: user=0.01 sys=0.00, real=0.01 secs] 
2020-10-28T08:27:48.276+0000: [GC (Allocation Failure) 2020-10-28T08:27:48.276+0000: [ParNew: 16388K->4K(18432K), 0.0025472 secs] 622484K->606100K(896640K), 0.0025910 secs] [Times: user=0.00 sys=0.00, real=0.00 secs] 
2020-10-28T08:27:48.296+0000: [GC (Allocation Failure) 2020-10-28T08:27:48.296+0000: [ParNew: 16388K->4K(18432K), 0.0025291 secs] 622484K->606100K(896640K), 0.0025719 secs] [Times: user=0.00 sys=0.00, real=0.00 secs] 
2020-10-28T08:27:48.316+0000: [GC (Allocation Failure) 2020-10-28T08:27:48.316+0000: [ParNew: 16388K->4K(18432K), 0.0026018 secs] 622484K->606100K(896640K), 0.0026464 secs] [Times: user=0.00 sys=0.00, real=0.00 secs] 
2020-10-28T08:27:48.333+0000: [GC (Allocation Failure) 2020-10-28T08:27:48.333+0000: [ParNew: 16388K->4K(18432K), 0.0025974 secs] 622484K->606100K(896640K), 0.0026440 secs] [Times: user=0.01 sys=0.00, real=0.00 secs] 
2020-10-28T08:27:48.351+0000: [GC (Allocation Failure) 2020-10-28T08:27:48.351+0000: [ParNew: 16388K->4K(18432K), 0.0026539 secs] 622484K->606100K(896640K), 0.0026964 secs] [Times: user=0.00 sys=0.00, real=0.00 secs] 
2020-10-28T08:27:48.369+0000: [GC (Allocation Failure) 2020-10-28T08:27:48.369+0000: [ParNew: 16388K->4K(18432K), 0.0026971 secs] 622484K->606100K(896640K), 0.0027427 secs] [Times: user=0.00 sys=0.00, real=0.00 secs] 
2020-10-28T08:27:48.388+0000: [GC (Allocation Failure) 2020-10-28T08:27:48.388+0000: [ParNew: 16388K->4K(18432K), 0.0026881 secs] 622484K->606100K(896640K), 0.0027353 secs] [Times: user=0.00 sys=0.00, real=0.00 secs] 
2020-10-28T08:27:48.405+0000: [GC (Allocation Failure) 2020-10-28T08:27:48.405+0000: [ParNew: 16388K->4K(18432K), 0.0027213 secs] 622484K->606100K(896640K), 0.0027703 secs] [Times: user=0.01 sys=0.00, real=0.01 secs] 
2020-10-28T08:27:48.423+0000: [GC (Allocation Failure) 2020-10-28T08:27:48.423+0000: [ParNew: 16388K->4K(18432K), 0.0027014 secs] 622484K->606100K(896640K), 0.0027490 secs] [Times: user=0.01 sys=0.00, real=0.00 secs] 
2020-10-28T08:27:48.441+0000: [GC (Allocation Failure) 2020-10-28T08:27:48.441+0000: [ParNew: 16388K->4K(18432K), 0.0026352 secs] 622484K->606100K(896640K), 0.0026827 secs] [Times: user=0.01 sys=0.00, real=0.00 secs] 
2020-10-28T08:27:48.459+0000: [GC (Allocation Failure) 2020-10-28T08:27:48.459+0000: [ParNew: 16388K->4K(18432K), 0.0027189 secs] 622484K->606100K(896640K), 0.0027662 secs] [Times: user=0.01 sys=0.00, real=0.01 secs] 
2020-10-28T08:27:48.476+0000: [GC (Allocation Failure) 2020-10-28T08:27:48.476+0000: [ParNew: 16388K->4K(18432K), 0.0027111 secs] 622484K->606100K(896640K), 0.0027592 secs] [Times: user=0.00 sys=0.00, real=0.00 secs] 
2020-10-28T08:27:48.494+0000: [GC (Allocation Failure) 2020-10-28T08:27:48.494+0000: [ParNew: 16388K->4K(18432K), 0.0026347 secs] 622484K->606100K(896640K), 0.0026820 secs] [Times: user=0.00 sys=0.00, real=0.00 secs] 
2020-10-28T08:27:48.511+0000: [GC (Allocation Failure) 2020-10-28T08:27:48.511+0000: [ParNew: 16388K->4K(18432K), 0.0028165 secs] 622484K->606100K(896640K), 0.0028805 secs] [Times: user=0.01 sys=0.00, real=0.00 secs] 
2020-10-28T08:27:48.529+0000: [GC (Allocation Failure) 2020-10-28T08:27:48.529+0000: [ParNew: 16388K->4K(18432K), 0.0027468 secs] 622484K->606100K(896640K), 0.0027944 secs] [Times: user=0.00 sys=0.00, real=0.00 secs] 
2020-10-28T08:27:48.547+0000: [GC (Allocation Failure) 2020-10-28T08:27:48.547+0000: [ParNew: 16388K->4K(18432K), 0.0027790 secs] 622484K->606100K(896640K), 0.0028252 secs] [Times: user=0.01 sys=0.00, real=0.01 secs] 
2020-10-28T08:27:48.568+0000: [GC (Allocation Failure) 2020-10-28T08:27:48.568+0000: [ParNew: 16388K->4K(18432K), 0.0027652 secs] 622484K->606100K(896640K), 0.0028087 secs] [Times: user=0.00 sys=0.00, real=0.00 secs] 
2020-10-28T08:27:48.592+0000: [GC (Allocation Failure) 2020-10-28T08:27:48.592+0000: [ParNew: 16388K->4K(18432K), 0.0027096 secs] 622484K->606100K(896640K), 0.0027596 secs] [Times: user=0.00 sys=0.00, real=0.00 secs] 
2020-10-28T08:27:48.612+0000: [GC (Allocation Failure) 2020-10-28T08:27:48.612+0000: [ParNew: 16388K->4K(18432K), 0.0027547 secs] 622484K->606100K(896640K), 0.0028033 secs] [Times: user=0.00 sys=0.00, real=0.00 secs] 
2020-10-28T08:27:48.632+0000: [GC (Allocation Failure) 2020-10-28T08:27:48.632+0000: [ParNew: 16388K->4K(18432K), 0.0026235 secs] 622484K->606100K(896640K), 0.0026699 secs] [Times: user=0.01 sys=0.00, real=0.00 secs] 
2020-10-28T08:27:48.649+0000: [GC (Allocation Failure) 2020-10-28T08:27:48.649+0000: [ParNew: 16388K->4K(18432K), 0.0027237 secs] 622484K->606100K(896640K), 0.0027726 secs] [Times: user=0.00 sys=0.00, real=0.00 secs] 
2020-10-28T08:27:48.667+0000: [GC (Allocation Failure) 2020-10-28T08:27:48.667+0000: [ParNew: 16388K->4K(18432K), 0.0026115 secs] 622484K->606100K(896640K), 0.0026569 secs] [Times: user=0.01 sys=0.00, real=0.01 secs] 
2020-10-28T08:27:48.684+0000: [GC (Allocation Failure) 2020-10-28T08:27:48.684+0000: [ParNew: 16388K->4K(18432K), 0.0027029 secs] 622484K->606100K(896640K), 0.0027530 secs] [Times: user=0.01 sys=0.00, real=0.00 secs] 
2020-10-28T08:27:48.704+0000: [GC (Allocation Failure) 2020-10-28T08:27:48.704+0000: [ParNew: 16388K->4K(18432K), 0.0025290 secs] 622484K->606101K(896640K), 0.0025735 secs] [Times: user=0.00 sys=0.00, real=0.00 secs] 
2020-10-28T08:27:48.721+0000: [GC (Allocation Failure) 2020-10-28T08:27:48.721+0000: [ParNew: 16388K->4K(18432K), 0.0025923 secs] 622485K->606101K(896640K), 0.0026376 secs] [Times: user=0.01 sys=0.00, real=0.00 secs] 
2020-10-28T08:27:48.739+0000: [GC (Allocation Failure) 2020-10-28T08:27:48.739+0000: [ParNew: 16388K->4K(18432K), 0.0024793 secs] 622485K->606101K(896640K), 0.0025232 secs] [Times: user=0.00 sys=0.00, real=0.01 secs] 
2020-10-28T08:27:48.760+0000: [GC (Allocation Failure) 2020-10-28T08:27:48.760+0000: [ParNew: 16388K->4K(18432K), 0.0024958 secs] 622485K->606101K(896640K), 0.0025363 secs] [Times: user=0.01 sys=0.00, real=0.00 secs] 
2020-10-28T08:27:48.778+0000: [GC (Allocation Failure) 2020-10-28T08:27:48.778+0000: [ParNew: 16388K->4K(18432K), 0.0025249 secs] 622485K->606101K(896640K), 0.0025661 secs] [Times: user=0.00 sys=0.00, real=0.01 secs] 
2020-10-28T08:27:48.795+0000: [GC (Allocation Failure) 2020-10-28T08:27:48.795+0000: [ParNew: 16388K->4K(18432K), 0.0025551 secs] 622485K->606101K(896640K), 0.0025973 secs] [Times: user=0.00 sys=0.00, real=0.00 secs] 
2020-10-28T08:27:48.816+0000: [GC (Allocation Failure) 2020-10-28T08:27:48.816+0000: [ParNew: 16388K->4K(18432K), 0.0024828 secs] 622485K->606101K(896640K), 0.0025245 secs] [Times: user=0.00 sys=0.00, real=0.00 secs] 
2020-10-28T08:27:48.833+0000: [GC (Allocation Failure) 2020-10-28T08:27:48.833+0000: [ParNew: 16388K->4K(18432K), 0.0024782 secs] 622485K->606101K(896640K), 0.0025202 secs] [Times: user=0.01 sys=0.00, real=0.00 secs] 
2020-10-28T08:27:48.852+0000: [GC (Allocation Failure) 2020-10-28T08:27:48.852+0000: [ParNew: 16388K->4K(18432K), 0.0024375 secs] 622485K->606101K(896640K), 0.0024782 secs] [Times: user=0.01 sys=0.00, real=0.00 secs] 
2020-10-28T08:27:48.869+0000: [GC (Allocation Failure) 2020-10-28T08:27:48.869+0000: [ParNew: 16388K->4K(18432K), 0.0025024 secs] 622485K->606101K(896640K), 0.0025472 secs] [Times: user=0.01 sys=0.00, real=0.00 secs] 
2020-10-28T08:27:48.888+0000: [GC (Allocation Failure) 2020-10-28T08:27:48.888+0000: [ParNew: 16388K->4K(18432K), 0.0024606 secs] 622485K->606101K(896640K), 0.0025027 secs] [Times: user=0.01 sys=0.00, real=0.00 secs] 
2020-10-28T08:27:48.908+0000: [GC (Allocation Failure) 2020-10-28T08:27:48.908+0000: [ParNew: 16388K->4K(18432K), 0.0025616 secs] 622485K->606101K(896640K), 0.0026047 secs] [Times: user=0.01 sys=0.00, real=0.00 secs] 
2020-10-28T08:27:48.928+0000: [GC (Allocation Failure) 2020-10-28T08:27:48.928+0000: [ParNew: 16388K->4K(18432K), 0.0025407 secs] 622485K->606101K(896640K), 0.0025835 secs] [Times: user=0.00 sys=0.00, real=0.00 secs] 
2020-10-28T08:27:48.948+0000: [GC (Allocation Failure) 2020-10-28T08:27:48.948+0000: [ParNew: 16388K->4K(18432K), 0.0025526 secs] 622485K->606101K(896640K), 0.0025940 secs] [Times: user=0.01 sys=0.00, real=0.00 secs] 
2020-10-28T08:27:48.965+0000: [GC (Allocation Failure) 2020-10-28T08:27:48.965+0000: [ParNew: 16388K->4K(18432K), 0.0025540 secs] 622485K->606101K(896640K), 0.0026078 secs] [Times: user=0.01 sys=0.00, real=0.01 secs] 
2020-10-28T08:27:48.984+0000: [GC (Allocation Failure) 2020-10-28T08:27:48.984+0000: [ParNew: 16388K->4K(18432K), 0.0025182 secs] 622485K->606101K(896640K), 0.0025624 secs] [Times: user=0.00 sys=0.00, real=0.00 secs] 
2020-10-28T08:27:49.004+0000: [GC (Allocation Failure) 2020-10-28T08:27:49.004+0000: [ParNew: 16388K->4K(18432K), 0.0024540 secs] 622485K->606101K(896640K), 0.0024963 secs] [Times: user=0.00 sys=0.00, real=0.00 secs] 
2020-10-28T08:27:49.024+0000: [GC (Allocation Failure) 2020-10-28T08:27:49.024+0000: [ParNew: 16388K->4K(18432K), 0.0026335 secs] 622485K->606101K(896640K), 0.0026914 secs] [Times: user=0.01 sys=0.00, real=0.00 secs] 
2020-10-28T08:27:49.041+0000: [GC (Allocation Failure) 2020-10-28T08:27:49.041+0000: [ParNew: 16388K->4K(18432K), 0.0025154 secs] 622485K->606101K(896640K), 0.0025591 secs] [Times: user=0.00 sys=0.00, real=0.00 secs] 
2020-10-28T08:27:49.060+0000: [GC (Allocation Failure) 2020-10-28T08:27:49.060+0000: [ParNew: 16388K->4K(18432K), 0.0024340 secs] 622485K->606101K(896640K), 0.0024764 secs] [Times: user=0.01 sys=0.00, real=0.00 secs] 
2020-10-28T08:27:49.088+0000: [GC (Allocation Failure) 2020-10-28T08:27:49.088+0000: [ParNew: 16388K->1128K(18432K), 0.0028690 secs] 622485K->607225K(896640K), 0.0029133 secs] [Times: user=0.00 sys=0.00, real=0.00 secs] 
2020-10-28T08:27:49.119+0000: [GC (Allocation Failure) 2020-10-28T08:27:49.119+0000: [ParNew: 17512K->4K(18432K), 0.0030359 secs] 623609K->607225K(896640K), 0.0030857 secs] [Times: user=0.00 sys=0.00, real=0.01 secs] 
2020-10-28T08:27:49.152+0000: [GC (Allocation Failure) 2020-10-28T08:27:49.152+0000: [ParNew: 16388K->4K(18432K), 0.0106497 secs] 623609K->607225K(896640K), 0.0107009 secs] [Times: user=0.01 sys=0.00, real=0.01 secs] 
2020-10-28T08:27:49.192+0000: [GC (Allocation Failure) 2020-10-28T08:27:49.192+0000: [ParNew: 16388K->4K(18432K), 0.0027990 secs] 623609K->607225K(896640K), 0.0028523 secs] [Times: user=0.01 sys=0.00, real=0.00 secs] 
2020-10-28T08:27:49.225+0000: [GC (Allocation Failure) 2020-10-28T08:27:49.225+0000: [ParNew: 16388K->4K(18432K), 0.0027911 secs] 623609K->607225K(896640K), 0.0028422 secs] [Times: user=0.01 sys=0.00, real=0.00 secs] 
2020-10-28T08:27:49.622+0000: [GC (Allocation Failure) 2020-10-28T08:27:49.622+0000: [ParNew: 16388K->1124K(18432K), 0.0030810 secs] 623609K->608345K(896640K), 0.0031367 secs] [Times: user=0.01 sys=0.00, real=0.00 secs] 
2020-10-28T08:27:50.030+0000: [GC (GCLocker Initiated GC) 2020-10-28T08:27:50.030+0000: [ParNew: 17508K->4K(18432K), 0.0030401 secs] 624729K->608349K(896640K), 0.0030869 secs] [Times: user=0.01 sys=0.00, real=0.00 secs] 
2020-10-28T08:27:50.742+0000: [GC (GCLocker Initiated GC) 2020-10-28T08:27:50.742+0000: [ParNew: 16388K->260K(18432K), 0.0028642 secs] 624733K->608605K(896640K), 0.0029095 secs] [Times: user=0.01 sys=0.00, real=0.00 secs] 
2020-10-28T08:27:50.771+0000: [GC (Allocation Failure) 2020-10-28T08:27:50.771+0000: [ParNew: 16644K->516K(18432K), 0.0028732 secs] 624989K->608861K(896640K), 0.0029168 secs] [Times: user=0.00 sys=0.00, real=0.00 secs] 
2020-10-28T08:27:50.802+0000: [GC (Allocation Failure) 2020-10-28T08:27:50.802+0000: [ParNew: 16900K->1028K(18432K), 0.0036773 secs] 625245K->609373K(896640K), 0.0037199 secs] [Times: user=0.01 sys=0.00, real=0.00 secs] 
2020-10-28T08:27:50.833+0000: [GC (Allocation Failure) 2020-10-28T08:27:50.833+0000: [ParNew: 17412K->4K(18432K), 0.0032506 secs] 625757K->608862K(896640K), 0.0032949 secs] [Times: user=0.01 sys=0.00, real=0.00 secs] 
2020-10-28T08:27:50.862+0000: [GC (Allocation Failure) 2020-10-28T08:27:50.862+0000: [ParNew: 16388K->68K(18432K), 0.0028279 secs] 625246K->608926K(896640K), 0.0028740 secs] [Times: user=0.01 sys=0.00, real=0.00 secs] 
2020-10-28T08:27:50.880+0000: [GC (Allocation Failure) 2020-10-28T08:27:50.880+0000: [ParNew: 16452K->134K(18432K), 0.0027691 secs] 625310K->608992K(896640K), 0.0028138 secs] [Times: user=0.01 sys=0.00, real=0.00 secs] 
2020-10-28T08:27:50.900+0000: [GC (Allocation Failure) 2020-10-28T08:27:50.900+0000: [ParNew: 16518K->516K(18432K), 0.0026773 secs] 625376K->609374K(896640K), 0.0027232 secs] [Times: user=0.00 sys=0.00, real=0.00 secs] 
2020-10-28T08:27:50.918+0000: [GC (Allocation Failure) 2020-10-28T08:27:50.918+0000: [ParNew: 16900K->516K(18432K), 0.0026260 secs] 625758K->609374K(896640K), 0.0026700 secs] [Times: user=0.01 sys=0.00, real=0.01 secs] 
2020-10-28T08:27:50.935+0000: [GC (Allocation Failure) 2020-10-28T08:27:50.935+0000: [ParNew: 16900K->1028K(18432K), 0.0027600 secs] 625758K->609886K(896640K), 0.0028048 secs] [Times: user=0.01 sys=0.00, real=0.00 secs] 
2020-10-28T08:27:50.956+0000: [GC (Allocation Failure) 2020-10-28T08:27:50.956+0000: [ParNew: 17412K->4K(18432K), 0.0026631 secs] 626270K->609376K(896640K), 0.0027052 secs] [Times: user=0.01 sys=0.00, real=0.00 secs] 
2020-10-28T08:27:50.976+0000: [GC (Allocation Failure) 2020-10-28T08:27:50.976+0000: [ParNew: 16388K->4K(18432K), 0.0025740 secs] 625760K->609376K(896640K), 0.0026173 secs] [Times: user=0.00 sys=0.00, real=0.00 secs] 
2020-10-28T08:27:50.993+0000: [GC (Allocation Failure) 2020-10-28T08:27:50.993+0000: [ParNew: 16388K->4K(18432K), 0.0026292 secs] 625760K->609376K(896640K), 0.0026730 secs] [Times: user=0.00 sys=0.00, real=0.00 secs] 
2020-10-28T08:27:51.017+0000: [GC (Allocation Failure) 2020-10-28T08:27:51.017+0000: [ParNew: 16388K->4K(18432K), 0.0027327 secs] 625760K->609376K(896640K), 0.0027827 secs] [Times: user=0.00 sys=0.00, real=0.01 secs] 
2020-10-28T08:27:51.036+0000: [GC (Allocation Failure) 2020-10-28T08:27:51.036+0000: [ParNew: 16388K->4K(18432K), 0.0025959 secs] 625760K->609376K(896640K), 0.0026435 secs] [Times: user=0.01 sys=0.00, real=0.00 secs] 
2020-10-28T08:27:51.056+0000: [GC (Allocation Failure) 2020-10-28T08:27:51.056+0000: [ParNew: 16388K->4K(18432K), 0.0024738 secs] 625760K->609376K(896640K), 0.0025182 secs] [Times: user=0.01 sys=0.00, real=0.00 secs] 
2020-10-28T08:27:51.073+0000: [GC (Allocation Failure) 2020-10-28T08:27:51.073+0000: [ParNew: 16388K->4K(18432K), 0.0024678 secs] 625760K->609376K(896640K), 0.0025246 secs] [Times: user=0.00 sys=0.00, real=0.00 secs] 
2020-10-28T08:27:51.092+0000: [GC (Allocation Failure) 2020-10-28T08:27:51.092+0000: [ParNew: 16388K->4K(18432K), 0.0025550 secs] 625760K->609376K(896640K), 0.0025982 secs] [Times: user=0.00 sys=0.00, real=0.00 secs] 
2020-10-28T08:27:51.116+0000: [GC (Allocation Failure) 2020-10-28T08:27:51.116+0000: [ParNew: 16388K->4K(18432K), 0.0090123 secs] 625760K->609376K(896640K), 0.0090769 secs] [Times: user=0.01 sys=0.00, real=0.01 secs] 
2020-10-28T08:27:51.147+0000: [GC (Allocation Failure) 2020-10-28T08:27:51.147+0000: [ParNew: 16388K->4K(18432K), 0.0073751 secs] 625760K->609376K(896640K), 0.0074452 secs] [Times: user=0.00 sys=0.00, real=0.01 secs] 
2020-10-28T08:27:51.173+0000: [GC (Allocation Failure) 2020-10-28T08:27:51.173+0000: [ParNew: 16388K->4K(18432K), 0.0025873 secs] 625760K->609376K(896640K), 0.0026331 secs] [Times: user=0.01 sys=0.00, real=0.00 secs] 
2020-10-28T08:27:51.192+0000: [GC (Allocation Failure) 2020-10-28T08:27:51.192+0000: [ParNew: 16388K->4K(18432K), 0.0026056 secs] 625760K->609376K(896640K), 0.0026500 secs] [Times: user=0.00 sys=0.00, real=0.00 secs] 
2020-10-28T08:27:51.212+0000: [GC (Allocation Failure) 2020-10-28T08:27:51.212+0000: [ParNew: 16388K->4K(18432K), 0.0026182 secs] 625760K->609376K(896640K), 0.0026596 secs] [Times: user=0.01 sys=0.00, real=0.00 secs] 
2020-10-28T08:27:51.229+0000: [GC (Allocation Failure) 2020-10-28T08:27:51.229+0000: [ParNew: 16388K->4K(18432K), 0.0026220 secs] 625760K->609376K(896640K), 0.0026644 secs] [Times: user=0.00 sys=0.00, real=0.00 secs] 
2020-10-28T08:27:51.247+0000: [GC (Allocation Failure) 2020-10-28T08:27:51.247+0000: [ParNew: 16388K->4K(18432K), 0.0025407 secs] 625760K->609376K(896640K), 0.0025817 secs] [Times: user=0.00 sys=0.00, real=0.01 secs] 
2020-10-28T08:27:51.264+0000: [GC (Allocation Failure) 2020-10-28T08:27:51.264+0000: [ParNew: 16388K->4K(18432K), 0.0025155 secs] 625760K->609376K(896640K), 0.0025564 secs] [Times: user=0.00 sys=0.00, real=0.00 secs] 
2020-10-28T08:27:51.282+0000: [GC (Allocation Failure) 2020-10-28T08:27:51.282+0000: [ParNew: 16388K->4K(18432K), 0.0026184 secs] 625760K->609376K(896640K), 0.0026576 secs] [Times: user=0.01 sys=0.00, real=0.00 secs] 
2020-10-28T08:27:51.300+0000: [GC (Allocation Failure) 2020-10-28T08:27:51.300+0000: [ParNew: 16388K->4K(18432K), 0.0025012 secs] 625760K->609376K(896640K), 0.0025426 secs] [Times: user=0.01 sys=0.00, real=0.00 secs] 
2020-10-28T08:27:51.318+0000: [GC (Allocation Failure) 2020-10-28T08:27:51.318+0000: [ParNew: 16388K->4K(18432K), 0.0025882 secs] 625760K->609376K(896640K), 0.0026344 secs] [Times: user=0.00 sys=0.00, real=0.01 secs] 
2020-10-28T08:27:51.335+0000: [GC (Allocation Failure) 2020-10-28T08:27:51.335+0000: [ParNew: 16388K->4K(18432K), 0.0024582 secs] 625760K->609376K(896640K), 0.0025005 secs] [Times: user=0.01 sys=0.00, real=0.00 secs] 
2020-10-28T08:27:51.356+0000: [GC (Allocation Failure) 2020-10-28T08:27:51.356+0000: [ParNew: 16388K->4K(18432K), 0.0025288 secs] 625760K->609376K(896640K), 0.0025703 secs] [Times: user=0.01 sys=0.00, real=0.00 secs] 
2020-10-28T08:27:51.373+0000: [GC (Allocation Failure) 2020-10-28T08:27:51.373+0000: [ParNew: 16388K->4K(18432K), 0.0025571 secs] 625760K->609376K(896640K), 0.0026015 secs] [Times: user=0.01 sys=0.00, real=0.00 secs] 
2020-10-28T08:27:51.391+0000: [GC (Allocation Failure) 2020-10-28T08:27:51.391+0000: [ParNew: 16388K->4K(18432K), 0.0026596 secs] 625760K->609376K(896640K), 0.0027068 secs] [Times: user=0.00 sys=0.00, real=0.00 secs] 
2020-10-28T08:27:51.408+0000: [GC (Allocation Failure) 2020-10-28T08:27:51.409+0000: [ParNew: 16388K->4K(18432K), 0.0025347 secs] 625760K->609376K(896640K), 0.0025775 secs] [Times: user=0.00 sys=0.00, real=0.00 secs] 
2020-10-28T08:27:51.426+0000: [GC (Allocation Failure) 2020-10-28T08:27:51.426+0000: [ParNew: 16388K->4K(18432K), 0.0027097 secs] 625760K->609376K(896640K), 0.0027578 secs] [Times: user=0.01 sys=0.00, real=0.01 secs] 
2020-10-28T08:27:51.448+0000: [GC (Allocation Failure) 2020-10-28T08:27:51.448+0000: [ParNew: 16388K->4K(18432K), 0.0026980 secs] 625760K->609376K(896640K), 0.0027458 secs] [Times: user=0.01 sys=0.00, real=0.00 secs] 
2020-10-28T08:27:51.467+0000: [GC (Allocation Failure) 2020-10-28T08:27:51.467+0000: [ParNew: 16388K->4K(18432K), 0.0027428 secs] 625760K->609376K(896640K), 0.0027918 secs] [Times: user=0.00 sys=0.00, real=0.01 secs] 
2020-10-28T08:27:51.488+0000: [GC (Allocation Failure) 2020-10-28T08:27:51.488+0000: [ParNew: 16388K->4K(18432K), 0.0028254 secs] 625760K->609376K(896640K), 0.0028792 secs] [Times: user=0.01 sys=0.00, real=0.00 secs] 
2020-10-28T08:27:51.506+0000: [GC (Allocation Failure) 2020-10-28T08:27:51.506+0000: [ParNew: 16388K->4K(18432K), 0.0028389 secs] 625760K->609376K(896640K), 0.0028895 secs] [Times: user=0.00 sys=0.00, real=0.01 secs] 
2020-10-28T08:27:51.523+0000: [GC (Allocation Failure) 2020-10-28T08:27:51.523+0000: [ParNew: 16388K->4K(18432K), 0.0027625 secs] 625760K->609376K(896640K), 0.0028131 secs] [Times: user=0.01 sys=0.00, real=0.00 secs] 
2020-10-28T08:27:51.541+0000: [GC (Allocation Failure) 2020-10-28T08:27:51.541+0000: [ParNew: 16388K->4K(18432K), 0.0027972 secs] 625760K->609376K(896640K), 0.0028486 secs] [Times: user=0.01 sys=0.00, real=0.00 secs] 
2020-10-28T08:27:51.559+0000: [GC (Allocation Failure) 2020-10-28T08:27:51.559+0000: [ParNew: 16388K->4K(18432K), 0.0027188 secs] 625760K->609376K(896640K), 0.0027656 secs] [Times: user=0.01 sys=0.00, real=0.01 secs] 
2020-10-28T08:27:51.577+0000: [GC (Allocation Failure) 2020-10-28T08:27:51.577+0000: [ParNew: 16388K->4K(18432K), 0.0026515 secs] 625760K->609376K(896640K), 0.0026983 secs] [Times: user=0.00 sys=0.00, real=0.00 secs] 
2020-10-28T08:27:51.596+0000: [GC (Allocation Failure) 2020-10-28T08:27:51.596+0000: [ParNew: 16388K->4K(18432K), 0.0027514 secs] 625760K->609377K(896640K), 0.0028016 secs] [Times: user=0.00 sys=0.00, real=0.00 secs] 
2020-10-28T08:27:51.614+0000: [GC (Allocation Failure) 2020-10-28T08:27:51.614+0000: [ParNew: 16388K->4K(18432K), 0.0027707 secs] 625761K->609377K(896640K), 0.0028215 secs] [Times: user=0.01 sys=0.00, real=0.00 secs] 
2020-10-28T08:27:51.631+0000: [GC (Allocation Failure) 2020-10-28T08:27:51.631+0000: [ParNew: 16388K->4K(18432K), 0.0026847 secs] 625761K->609377K(896640K), 0.0027287 secs] [Times: user=0.00 sys=0.00, real=0.00 secs] 
2020-10-28T08:27:51.649+0000: [GC (Allocation Failure) 2020-10-28T08:27:51.649+0000: [ParNew: 16388K->4K(18432K), 0.0026221 secs] 625761K->609377K(896640K), 0.0026656 secs] [Times: user=0.01 sys=0.00, real=0.00 secs] 
2020-10-28T08:27:51.666+0000: [GC (Allocation Failure) 2020-10-28T08:27:51.666+0000: [ParNew: 16388K->4K(18432K), 0.0025521 secs] 625761K->609377K(896640K), 0.0025949 secs] [Times: user=0.00 sys=0.00, real=0.01 secs] 
2020-10-28T08:27:51.688+0000: [GC (Allocation Failure) 2020-10-28T08:27:51.688+0000: [ParNew: 16388K->4K(18432K), 0.0026128 secs] 625761K->609377K(896640K), 0.0026594 secs] [Times: user=0.01 sys=0.01, real=0.00 secs] 
2020-10-28T08:27:51.708+0000: [GC (Allocation Failure) 2020-10-28T08:27:51.708+0000: [ParNew: 16388K->4K(18432K), 0.0026567 secs] 625761K->609377K(896640K), 0.0027042 secs] [Times: user=0.00 sys=0.00, real=0.00 secs] 
2020-10-28T08:27:51.725+0000: [GC (Allocation Failure) 2020-10-28T08:27:51.726+0000: [ParNew: 16388K->4K(18432K), 0.0025037 secs] 625761K->609377K(896640K), 0.0025481 secs] [Times: user=0.01 sys=0.00, real=0.01 secs] 
2020-10-28T08:27:51.743+0000: [GC (Allocation Failure) 2020-10-28T08:27:51.743+0000: [ParNew: 16388K->4K(18432K), 0.0026077 secs] 625761K->609377K(896640K), 0.0026528 secs] [Times: user=0.00 sys=0.00, real=0.00 secs] 
2020-10-28T08:27:51.764+0000: [GC (Allocation Failure) 2020-10-28T08:27:51.764+0000: [ParNew: 16365K->4K(18432K), 0.0028533 secs] 625738K->609377K(896640K), 0.0029015 secs] [Times: user=0.01 sys=0.00, real=0.00 secs] 
2020-10-28T08:27:51.784+0000: [GC (Allocation Failure) 2020-10-28T08:27:51.784+0000: [ParNew: 16388K->4K(18432K), 0.0028536 secs] 625761K->609377K(896640K), 0.0029056 secs] [Times: user=0.00 sys=0.00, real=0.00 secs] 
2020-10-28T08:27:51.802+0000: [GC (Allocation Failure) 2020-10-28T08:27:51.802+0000: [ParNew: 16388K->4K(18432K), 0.0027505 secs] 625761K->609377K(896640K), 0.0027974 secs] [Times: user=0.01 sys=0.00, real=0.00 secs] 
2020-10-28T08:27:51.819+0000: [GC (Allocation Failure) 2020-10-28T08:27:51.819+0000: [ParNew: 16388K->4K(18432K), 0.0027266 secs] 625761K->609377K(896640K), 0.0027761 secs] [Times: user=0.00 sys=0.00, real=0.01 secs] 
2020-10-28T08:27:51.837+0000: [GC (Allocation Failure) 2020-10-28T08:27:51.837+0000: [ParNew: 16388K->4K(18432K), 0.0026928 secs] 625761K->609377K(896640K), 0.0027414 secs] [Times: user=0.00 sys=0.00, real=0.01 secs] 
2020-10-28T08:27:51.856+0000: [GC (Allocation Failure) 2020-10-28T08:27:51.856+0000: [ParNew: 16388K->4K(18432K), 0.0027530 secs] 625761K->609377K(896640K), 0.0028037 secs] [Times: user=0.00 sys=0.00, real=0.00 secs] 
2020-10-28T08:27:51.876+0000: [GC (Allocation Failure) 2020-10-28T08:27:51.876+0000: [ParNew: 16388K->4K(18432K), 0.0027719 secs] 625761K->609377K(896640K), 0.0028239 secs] [Times: user=0.01 sys=0.00, real=0.00 secs] 
2020-10-28T08:27:51.896+0000: [GC (Allocation Failure) 2020-10-28T08:27:51.896+0000: [ParNew: 16388K->4K(18432K), 0.0027753 secs] 625761K->609377K(896640K), 0.0028261 secs] [Times: user=0.01 sys=0.00, real=0.00 secs] 
2020-10-28T08:27:51.916+0000: [GC (Allocation Failure) 2020-10-28T08:27:51.916+0000: [ParNew: 16388K->4K(18432K), 0.0027102 secs] 625761K->609377K(896640K), 0.0027574 secs] [Times: user=0.01 sys=0.00, real=0.00 secs] 
2020-10-28T08:27:51.933+0000: [GC (Allocation Failure) 2020-10-28T08:27:51.933+0000: [ParNew: 16388K->4K(18432K), 0.0027821 secs] 625761K->609377K(896640K), 0.0028285 secs] [Times: user=0.00 sys=0.00, real=0.00 secs] 
2020-10-28T08:27:51.951+0000: [GC (Allocation Failure) 2020-10-28T08:27:51.951+0000: [ParNew: 16388K->4K(18432K), 0.0026484 secs] 625761K->609377K(896640K), 0.0026929 secs] [Times: user=0.01 sys=0.00, real=0.00 secs] 
2020-10-28T08:27:51.972+0000: [GC (Allocation Failure) 2020-10-28T08:27:51.972+0000: [ParNew: 16388K->4K(18432K), 0.0025955 secs] 625761K->609377K(896640K), 0.0026382 secs] [Times: user=0.01 sys=0.00, real=0.00 secs] 
2020-10-28T08:27:51.989+0000: [GC (Allocation Failure) 2020-10-28T08:27:51.989+0000: [ParNew: 16388K->4K(18432K), 0.0025791 secs] 625761K->609377K(896640K), 0.0026215 secs] [Times: user=0.01 sys=0.00, real=0.00 secs] 
2020-10-28T08:27:52.007+0000: [GC (Allocation Failure) 2020-10-28T08:27:52.007+0000: [ParNew: 16388K->4K(18432K), 0.0025941 secs] 625761K->609377K(896640K), 0.0026358 secs] [Times: user=0.00 sys=0.00, real=0.01 secs] 
2020-10-28T08:27:52.025+0000: [GC (Allocation Failure) 2020-10-28T08:27:52.025+0000: [ParNew: 16388K->4K(18432K), 0.0026325 secs] 625761K->609377K(896640K), 0.0026878 secs] [Times: user=0.00 sys=0.00, real=0.00 secs] 
2020-10-28T08:27:52.042+0000: [GC (Allocation Failure) 2020-10-28T08:27:52.042+0000: [ParNew: 16388K->4K(18432K), 0.0026251 secs] 625761K->609377K(896640K), 0.0026682 secs] [Times: user=0.01 sys=0.00, real=0.00 secs] 
2020-10-28T08:27:52.062+0000: [GC (Allocation Failure) 2020-10-28T08:27:52.062+0000: [ParNew: 16388K->4K(18432K), 0.0025505 secs] 625761K->609377K(896640K), 0.0025924 secs] [Times: user=0.00 sys=0.00, real=0.00 secs] 
2020-10-28T08:27:52.084+0000: [GC (Allocation Failure) 2020-10-28T08:27:52.084+0000: [ParNew: 16388K->4K(18432K), 0.0026467 secs] 625761K->609377K(896640K), 0.0026940 secs] [Times: user=0.01 sys=0.00, real=0.00 secs] 
2020-10-28T08:27:52.101+0000: [GC (Allocation Failure) 2020-10-28T08:27:52.101+0000: [ParNew: 16388K->4K(18432K), 0.0026837 secs] 625761K->609377K(896640K), 0.0027283 secs] [Times: user=0.00 sys=0.00, real=0.00 secs] 
2020-10-28T08:27:52.120+0000: [GC (Allocation Failure) 2020-10-28T08:27:52.120+0000: [ParNew: 16388K->4K(18432K), 0.0025871 secs] 625761K->609377K(896640K), 0.0026294 secs] [Times: user=0.01 sys=0.00, real=0.00 secs] 
2020-10-28T08:27:52.137+0000: [GC (Allocation Failure) 2020-10-28T08:27:52.137+0000: [ParNew: 16388K->4K(18432K), 0.0026476 secs] 625761K->609377K(896640K), 0.0026913 secs] [Times: user=0.00 sys=0.00, real=0.01 secs] 
2020-10-28T08:27:52.156+0000: [GC (Allocation Failure) 2020-10-28T08:27:52.156+0000: [ParNew: 16388K->4K(18432K), 0.0027013 secs] 625761K->609377K(896640K), 0.0027508 secs] [Times: user=0.01 sys=0.00, real=0.00 secs] 
2020-10-28T08:27:52.180+0000: [GC (Allocation Failure) 2020-10-28T08:27:52.180+0000: [ParNew: 16388K->4K(18432K), 0.0026344 secs] 625761K->609377K(896640K), 0.0026823 secs] [Times: user=0.01 sys=0.00, real=0.00 secs] 
2020-10-28T08:27:52.200+0000: [GC (Allocation Failure) 2020-10-28T08:27:52.200+0000: [ParNew: 16388K->4K(18432K), 0.0025047 secs] 625761K->609377K(896640K), 0.0025500 secs] [Times: user=0.00 sys=0.00, real=0.00 secs] 
2020-10-28T08:27:52.217+0000: [GC (Allocation Failure) 2020-10-28T08:27:52.217+0000: [ParNew: 16388K->4K(18432K), 0.0024520 secs] 625761K->609377K(896640K), 0.0024954 secs] [Times: user=0.00 sys=0.00, real=0.01 secs] 
2020-10-28T08:27:52.235+0000: [GC (Allocation Failure) 2020-10-28T08:27:52.235+0000: [ParNew: 16388K->4K(18432K), 0.0024494 secs] 625761K->609377K(896640K), 0.0024921 secs] [Times: user=0.01 sys=0.00, real=0.00 secs] 
2020-10-28T08:27:52.256+0000: [GC (Allocation Failure) 2020-10-28T08:27:52.256+0000: [ParNew: 16388K->4K(18432K), 0.0025154 secs] 625761K->609377K(896640K), 0.0025591 secs] [Times: user=0.00 sys=0.00, real=0.00 secs] 
2020-10-28T08:27:52.276+0000: [GC (Allocation Failure) 2020-10-28T08:27:52.276+0000: [ParNew: 16388K->4K(18432K), 0.0024947 secs] 625761K->609377K(896640K), 0.0025372 secs] [Times: user=0.01 sys=0.00, real=0.00 secs] 
2020-10-28T08:27:52.293+0000: [GC (Allocation Failure) 2020-10-28T08:27:52.293+0000: [ParNew: 16388K->4K(18432K), 0.0024795 secs] 625761K->609377K(896640K), 0.0025223 secs] [Times: user=0.00 sys=0.00, real=0.00 secs] 
2020-10-28T08:27:52.310+0000: [GC (Allocation Failure) 2020-10-28T08:27:52.310+0000: [ParNew: 16388K->4K(18432K), 0.0024641 secs] 625761K->609377K(896640K), 0.0025045 secs] [Times: user=0.01 sys=0.00, real=0.00 secs] 
2020-10-28T08:27:52.332+0000: [GC (Allocation Failure) 2020-10-28T08:27:52.332+0000: [ParNew: 16388K->4K(18432K), 0.0024472 secs] 625761K->609377K(896640K), 0.0024895 secs] [Times: user=0.00 sys=0.00, real=0.00 secs] 
2020-10-28T08:27:52.353+0000: [GC (Allocation Failure) 2020-10-28T08:27:52.353+0000: [ParNew: 16388K->4K(18432K), 0.0025983 secs] 625761K->609377K(896640K), 0.0026439 secs] [Times: user=0.01 sys=0.00, real=0.00 secs] 
2020-10-28T08:27:52.373+0000: [GC (Allocation Failure) 2020-10-28T08:27:52.373+0000: [ParNew: 16388K->4K(18432K), 0.0025176 secs] 625761K->609377K(896640K), 0.0025603 secs] [Times: user=0.00 sys=0.00, real=0.00 secs] 
2020-10-28T08:27:52.392+0000: [GC (Allocation Failure) 2020-10-28T08:27:52.392+0000: [ParNew: 16388K->4K(18432K), 0.0025956 secs] 625761K->609377K(896640K), 0.0026412 secs] [Times: user=0.01 sys=0.00, real=0.00 secs] 
2020-10-28T08:27:52.412+0000: [GC (Allocation Failure) 2020-10-28T08:27:52.412+0000: [ParNew: 16388K->4K(18432K), 0.0025784 secs] 625761K->609377K(896640K), 0.0026234 secs] [Times: user=0.01 sys=0.00, real=0.00 secs] 
2020-10-28T08:27:52.429+0000: [GC (Allocation Failure) 2020-10-28T08:27:52.429+0000: [ParNew: 16388K->4K(18432K), 0.0024737 secs] 625761K->609377K(896640K), 0.0025155 secs] [Times: user=0.01 sys=0.00, real=0.00 secs] 
2020-10-28T08:27:52.447+0000: [GC (Allocation Failure) 2020-10-28T08:27:52.447+0000: [ParNew: 16388K->4K(18432K), 0.0024887 secs] 625761K->609377K(896640K), 0.0025304 secs] [Times: user=0.00 sys=0.00, real=0.01 secs] 
2020-10-28T08:27:52.464+0000: [GC (Allocation Failure) 2020-10-28T08:27:52.464+0000: [ParNew: 16388K->4K(18432K), 0.0025545 secs] 625761K->609377K(896640K), 0.0025966 secs] [Times: user=0.01 sys=0.00, real=0.00 secs] 
2020-10-28T08:27:52.481+0000: [GC (Allocation Failure) 2020-10-28T08:27:52.481+0000: [ParNew: 16388K->4K(18432K), 0.0025995 secs] 625761K->609377K(896640K), 0.0026431 secs] [Times: user=0.00 sys=0.00, real=0.00 secs] 
2020-10-28T08:27:52.499+0000: [GC (Allocation Failure) 2020-10-28T08:27:52.499+0000: [ParNew: 16388K->4K(18432K), 0.0025884 secs] 625761K->609377K(896640K), 0.0026323 secs] [Times: user=0.00 sys=0.00, real=0.01 secs] 
2020-10-28T08:27:52.520+0000: [GC (Allocation Failure) 2020-10-28T08:27:52.520+0000: [ParNew: 16388K->4K(18432K), 0.0025295 secs] 625761K->609377K(896640K), 0.0025707 secs] [Times: user=0.01 sys=0.00, real=0.00 secs] 
2020-10-28T08:27:52.540+0000: [GC (Allocation Failure) 2020-10-28T08:27:52.540+0000: [ParNew: 16388K->4K(18432K), 0.0024658 secs] 625761K->609377K(896640K), 0.0025094 secs] [Times: user=0.00 sys=0.00, real=0.00 secs] 
2020-10-28T08:27:52.560+0000: [GC (Allocation Failure) 2020-10-28T08:27:52.560+0000: [ParNew: 16388K->4K(18432K), 0.0024431 secs] 625761K->609377K(896640K), 0.0024844 secs] [Times: user=0.00 sys=0.00, real=0.00 secs] 
2020-10-28T08:27:52.580+0000: [GC (Allocation Failure) 2020-10-28T08:27:52.580+0000: [ParNew: 16388K->4K(18432K), 0.0023980 secs] 625761K->609377K(896640K), 0.0024399 secs] [Times: user=0.01 sys=0.00, real=0.00 secs] 
2020-10-28T08:27:52.600+0000: [GC (Allocation Failure) 2020-10-28T08:27:52.600+0000: [ParNew: 16388K->4K(18432K), 0.0024963 secs] 625761K->609377K(896640K), 0.0025397 secs] [Times: user=0.01 sys=0.00, real=0.00 secs] 
2020-10-28T08:27:52.617+0000: [GC (Allocation Failure) 2020-10-28T08:27:52.617+0000: [ParNew: 16388K->4K(18432K), 0.0024470 secs] 625761K->609377K(896640K), 0.0024881 secs] [Times: user=0.00 sys=0.00, real=0.00 secs] 
2020-10-28T08:27:52.636+0000: [GC (Allocation Failure) 2020-10-28T08:27:52.636+0000: [ParNew: 16388K->4K(18432K), 0.0024130 secs] 625761K->609377K(896640K), 0.0024549 secs] [Times: user=0.00 sys=0.00, real=0.00 secs] 
2020-10-28T08:27:52.656+0000: [GC (Allocation Failure) 2020-10-28T08:27:52.656+0000: [ParNew: 16388K->4K(18432K), 0.0025022 secs] 625761K->609377K(896640K), 0.0025456 secs] [Times: user=0.01 sys=0.00, real=0.00 secs] 
2020-10-28T08:27:52.673+0000: [GC (Allocation Failure) 2020-10-28T08:27:52.673+0000: [ParNew: 16388K->4K(18432K), 0.0025194 secs] 625761K->609377K(896640K), 0.0025688 secs] [Times: user=0.00 sys=0.00, real=0.00 secs] 
2020-10-28T08:27:52.691+0000: [GC (Allocation Failure) 2020-10-28T08:27:52.691+0000: [ParNew: 16388K->4K(18432K), 0.0024705 secs] 625761K->609377K(896640K), 0.0025124 secs] [Times: user=0.01 sys=0.00, real=0.00 secs] 
2020-10-28T08:27:52.712+0000: [GC (Allocation Failure) 2020-10-28T08:27:52.712+0000: [ParNew: 16388K->4K(18432K), 0.0025896 secs] 625761K->609377K(896640K), 0.0026354 secs] [Times: user=0.00 sys=0.00, real=0.00 secs] 
2020-10-28T08:27:52.729+0000: [GC (Allocation Failure) 2020-10-28T08:27:52.729+0000: [ParNew: 16388K->4K(18432K), 0.0025251 secs] 625761K->609377K(896640K), 0.0025841 secs] [Times: user=0.00 sys=0.00, real=0.00 secs] 
2020-10-28T08:27:52.747+0000: [GC (Allocation Failure) 2020-10-28T08:27:52.747+0000: [ParNew: 16388K->4K(18432K), 0.0040794 secs] 625761K->609377K(896640K), 0.0041302 secs] [Times: user=0.01 sys=0.00, real=0.01 secs] 
2020-10-28T08:27:52.766+0000: [GC (Allocation Failure) 2020-10-28T08:27:52.766+0000: [ParNew: 16388K->4K(18432K), 0.0029733 secs] 625761K->609377K(896640K), 0.0030167 secs] [Times: user=0.00 sys=0.00, real=0.01 secs] 
2020-10-28T08:27:52.784+0000: [GC (Allocation Failure) 2020-10-28T08:27:52.784+0000: [ParNew: 16388K->4K(18432K), 0.0024681 secs] 625761K->609377K(896640K), 0.0025112 secs] [Times: user=0.01 sys=0.00, real=0.00 secs] 
2020-10-28T08:27:52.802+0000: [GC (Allocation Failure) 2020-10-28T08:27:52.802+0000: [ParNew: 16388K->4K(18432K), 0.0025267 secs] 625761K->609377K(896640K), 0.0025681 secs] [Times: user=0.01 sys=0.00, real=0.00 secs] 
2020-10-28T08:27:52.820+0000: [GC (Allocation Failure) 2020-10-28T08:27:52.820+0000: [ParNew: 16388K->4K(18432K), 0.0024788 secs] 625761K->609377K(896640K), 0.0025207 secs] [Times: user=0.00 sys=0.00, real=0.00 secs] 
2020-10-28T08:27:52.840+0000: [GC (Allocation Failure) 2020-10-28T08:27:52.840+0000: [ParNew: 16388K->4K(18432K), 0.0024982 secs] 625761K->609377K(896640K), 0.0025395 secs] [Times: user=0.00 sys=0.00, real=0.00 secs] 
2020-10-28T08:27:52.860+0000: [GC (Allocation Failure) 2020-10-28T08:27:52.860+0000: [ParNew: 16388K->4K(18432K), 0.0025502 secs] 625761K->609377K(896640K), 0.0025932 secs] [Times: user=0.01 sys=0.00, real=0.00 secs] 
2020-10-28T08:27:52.877+0000: [GC (Allocation Failure) 2020-10-28T08:27:52.877+0000: [ParNew: 16388K->4K(18432K), 0.0026010 secs] 625761K->609377K(896640K), 0.0026428 secs] [Times: user=0.01 sys=0.00, real=0.01 secs] 
2020-10-28T08:27:52.896+0000: [GC (Allocation Failure) 2020-10-28T08:27:52.896+0000: [ParNew: 16388K->4K(18432K), 0.0025516 secs] 625761K->609377K(896640K), 0.0025951 secs] [Times: user=0.01 sys=0.00, real=0.00 secs] 
2020-10-28T08:27:52.913+0000: [GC (Allocation Failure) 2020-10-28T08:27:52.913+0000: [ParNew: 16388K->4K(18432K), 0.0026176 secs] 625761K->609377K(896640K), 0.0026799 secs] [Times: user=0.00 sys=0.00, real=0.00 secs] 
2020-10-28T08:27:52.931+0000: [GC (Allocation Failure) 2020-10-28T08:27:52.931+0000: [ParNew: 16388K->4K(18432K), 0.0025494 secs] 625761K->609377K(896640K), 0.0025892 secs] [Times: user=0.01 sys=0.00, real=0.00 secs] 
2020-10-28T08:27:52.952+0000: [GC (Allocation Failure) 2020-10-28T08:27:52.952+0000: [ParNew: 16388K->4K(18432K), 0.0026660 secs] 625761K->609377K(896640K), 0.0027137 secs] [Times: user=0.00 sys=0.00, real=0.00 secs] 
2020-10-28T08:27:52.972+0000: [GC (Allocation Failure) 2020-10-28T08:27:52.972+0000: [ParNew: 16388K->4K(18432K), 0.0026571 secs] 625761K->609377K(896640K), 0.0027044 secs] [Times: user=0.00 sys=0.00, real=0.00 secs] 
2020-10-28T08:27:52.990+0000: [GC (Allocation Failure) 2020-10-28T08:27:52.990+0000: [ParNew: 16388K->4K(18432K), 0.0025610 secs] 625761K->609377K(896640K), 0.0026056 secs] [Times: user=0.00 sys=0.00, real=0.00 secs] 
2020-10-28T08:27:53.007+0000: [GC (Allocation Failure) 2020-10-28T08:27:53.007+0000: [ParNew: 16388K->4K(18432K), 0.0027033 secs] 625761K->609377K(896640K), 0.0027530 secs] [Times: user=0.01 sys=0.00, real=0.01 secs] 
2020-10-28T08:27:53.028+0000: [GC (Allocation Failure) 2020-10-28T08:27:53.028+0000: [ParNew: 16388K->4K(18432K), 0.0026515 secs] 625761K->609377K(896640K), 0.0026981 secs] [Times: user=0.01 sys=0.00, real=0.00 secs] 
2020-10-28T08:27:53.048+0000: [GC (Allocation Failure) 2020-10-28T08:27:53.048+0000: [ParNew: 16388K->4K(18432K), 0.0026215 secs] 625761K->609377K(896640K), 0.0026678 secs] [Times: user=0.01 sys=0.00, real=0.00 secs] 
2020-10-28T08:27:53.072+0000: [GC (Allocation Failure) 2020-10-28T08:27:53.072+0000: [ParNew: 16388K->4K(18432K), 0.0027456 secs] 625761K->609377K(896640K), 0.0027972 secs] [Times: user=0.01 sys=0.00, real=0.00 secs] 
2020-10-28T08:27:53.092+0000: [GC (Allocation Failure) 2020-10-28T08:27:53.092+0000: [ParNew: 16388K->4K(18432K), 0.0025346 secs] 625761K->609377K(896640K), 0.0025806 secs] [Times: user=0.00 sys=0.00, real=0.00 secs] 
2020-10-28T08:27:53.109+0000: [GC (Allocation Failure) 2020-10-28T08:27:53.109+0000: [ParNew: 16388K->4K(18432K), 0.0025350 secs] 625761K->609377K(896640K), 0.0025788 secs] [Times: user=0.00 sys=0.00, real=0.00 secs] 
2020-10-28T08:27:53.127+0000: [GC (Allocation Failure) 2020-10-28T08:27:53.127+0000: [ParNew: 16388K->4K(18432K), 0.0024681 secs] 625761K->609377K(896640K), 0.0025117 secs] [Times: user=0.01 sys=0.00, real=0.01 secs] 
2020-10-28T08:27:53.144+0000: [GC (Allocation Failure) 2020-10-28T08:27:53.144+0000: [ParNew: 16388K->4K(18432K), 0.0024595 secs] 625761K->609377K(896640K), 0.0025028 secs] [Times: user=0.01 sys=0.00, real=0.00 secs] 
2020-10-28T08:27:53.164+0000: [GC (Allocation Failure) 2020-10-28T08:27:53.164+0000: [ParNew: 16388K->4K(18432K), 0.0026772 secs] 625761K->609377K(896640K), 0.0027265 secs] [Times: user=0.01 sys=0.00, real=0.00 secs] 
2020-10-28T08:27:53.181+0000: [GC (Allocation Failure) 2020-10-28T08:27:53.181+0000: [ParNew: 16388K->4K(18432K), 0.0026786 secs] 625761K->609378K(896640K), 0.0027209 secs] [Times: user=0.00 sys=0.00, real=0.00 secs] 
2020-10-28T08:27:53.200+0000: [GC (Allocation Failure) 2020-10-28T08:27:53.200+0000: [ParNew: 16388K->4K(18432K), 0.0025732 secs] 625762K->609378K(896640K), 0.0026142 secs] [Times: user=0.01 sys=0.00, real=0.00 secs] 
2020-10-28T08:27:53.217+0000: [GC (Allocation Failure) 2020-10-28T08:27:53.217+0000: [ParNew: 16388K->4K(18432K), 0.0025919 secs] 625762K->609378K(896640K), 0.0026331 secs] [Times: user=0.00 sys=0.00, real=0.01 secs] 
2020-10-28T08:27:53.235+0000: [GC (Allocation Failure) 2020-10-28T08:27:53.235+0000: [ParNew: 16388K->4K(18432K), 0.0025388 secs] 625762K->609378K(896640K), 0.0025793 secs] [Times: user=0.00 sys=0.00, real=0.00 secs] 
2020-10-28T08:27:53.256+0000: [GC (Allocation Failure) 2020-10-28T08:27:53.256+0000: [ParNew: 16388K->4K(18432K), 0.0024814 secs] 625762K->609378K(896640K), 0.0025217 secs] [Times: user=0.01 sys=0.00, real=0.00 secs] 
2020-10-28T08:27:53.273+0000: [GC (Allocation Failure) 2020-10-28T08:27:53.273+0000: [ParNew: 16388K->4K(18432K), 0.0025604 secs] 625762K->609378K(896640K), 0.0026015 secs] [Times: user=0.00 sys=0.00, real=0.00 secs] 
2020-10-28T08:27:53.296+0000: [GC (Allocation Failure) 2020-10-28T08:27:53.296+0000: [ParNew: 16388K->4K(18432K), 0.0027360 secs] 625762K->609378K(896640K), 0.0027820 secs] [Times: user=0.00 sys=0.00, real=0.00 secs] 
2020-10-28T08:27:53.316+0000: [GC (Allocation Failure) 2020-10-28T08:27:53.316+0000: [ParNew: 16388K->4K(18432K), 0.0026579 secs] 625762K->609378K(896640K), 0.0026992 secs] [Times: user=0.01 sys=0.00, real=0.00 secs] 
2020-10-28T08:27:53.333+0000: [GC (Allocation Failure) 2020-10-28T08:27:53.333+0000: [ParNew: 16388K->4K(18432K), 0.0036446 secs] 625762K->609378K(896640K), 0.0036858 secs] [Times: user=0.00 sys=0.00, real=0.00 secs] 
2020-10-28T08:27:53.352+0000: [GC (Allocation Failure) 2020-10-28T08:27:53.352+0000: [ParNew: 16388K->4K(18432K), 0.0026024 secs] 625762K->609378K(896640K), 0.0026450 secs] [Times: user=0.00 sys=0.00, real=0.00 secs] 
2020-10-28T08:27:53.369+0000: [GC (Allocation Failure) 2020-10-28T08:27:53.369+0000: [ParNew: 16388K->4K(18432K), 0.0026448 secs] 625762K->609378K(896640K), 0.0026874 secs] [Times: user=0.01 sys=0.00, real=0.00 secs] 
2020-10-28T08:27:53.388+0000: [GC (Allocation Failure) 2020-10-28T08:27:53.388+0000: [ParNew: 16388K->4K(18432K), 0.0024420 secs] 625762K->609378K(896640K), 0.0024849 secs] [Times: user=0.01 sys=0.00, real=0.00 secs] 
2020-10-28T08:27:53.405+0000: [GC (Allocation Failure) 2020-10-28T08:27:53.405+0000: [ParNew: 16388K->4K(18432K), 0.0026565 secs] 625762K->609378K(896640K), 0.0027041 secs] [Times: user=0.00 sys=0.00, real=0.01 secs] 
2020-10-28T08:27:53.424+0000: [GC (Allocation Failure) 2020-10-28T08:27:53.424+0000: [ParNew: 16388K->4K(18432K), 0.0025918 secs] 625762K->609378K(896640K), 0.0026342 secs] [Times: user=0.01 sys=0.00, real=0.00 secs] 
2020-10-28T08:27:53.444+0000: [GC (Allocation Failure) 2020-10-28T08:27:53.444+0000: [ParNew: 16388K->4K(18432K), 0.0026604 secs] 625762K->609378K(896640K), 0.0027203 secs] [Times: user=0.01 sys=0.00, real=0.00 secs] 
2020-10-28T08:27:53.461+0000: [GC (Allocation Failure) 2020-10-28T08:27:53.461+0000: [ParNew: 16388K->4K(18432K), 0.0026364 secs] 625762K->609378K(896640K), 0.0026802 secs] [Times: user=0.01 sys=0.00, real=0.00 secs] 
2020-10-28T08:27:53.479+0000: [GC (Allocation Failure) 2020-10-28T08:27:53.479+0000: [ParNew: 16388K->4K(18432K), 0.0026246 secs] 625762K->609378K(896640K), 0.0026667 secs] [Times: user=0.00 sys=0.00, real=0.01 secs] 
2020-10-28T08:27:53.496+0000: [GC (Allocation Failure) 2020-10-28T08:27:53.496+0000: [ParNew: 16388K->4K(18432K), 0.0026431 secs] 625762K->609378K(896640K), 0.0026907 secs] [Times: user=0.01 sys=0.00, real=0.00 secs] 
2020-10-28T08:27:53.516+0000: [GC (Allocation Failure) 2020-10-28T08:27:53.516+0000: [ParNew: 16388K->4K(18432K), 0.0025044 secs] 625762K->609378K(896640K), 0.0025487 secs] [Times: user=0.01 sys=0.00, real=0.00 secs] 
2020-10-28T08:27:53.533+0000: [GC (Allocation Failure) 2020-10-28T08:27:53.533+0000: [ParNew: 16388K->4K(18432K), 0.0024771 secs] 625762K->609378K(896640K), 0.0025204 secs] [Times: user=0.00 sys=0.00, real=0.00 secs] 
2020-10-28T08:27:53.552+0000: [GC (Allocation Failure) 2020-10-28T08:27:53.552+0000: [ParNew: 16388K->4K(18432K), 0.0024928 secs] 625762K->609378K(896640K), 0.0025351 secs] [Times: user=0.01 sys=0.00, real=0.00 secs] 
2020-10-28T08:27:53.569+0000: [GC (Allocation Failure) 2020-10-28T08:27:53.569+0000: [ParNew: 16388K->4K(18432K), 0.0024999 secs] 625762K->609378K(896640K), 0.0025726 secs] [Times: user=0.00 sys=0.00, real=0.00 secs] 
2020-10-28T08:27:53.588+0000: [GC (Allocation Failure) 2020-10-28T08:27:53.588+0000: [ParNew: 16388K->4K(18432K), 0.0025068 secs] 625762K->609378K(896640K), 0.0025503 secs] [Times: user=0.00 sys=0.00, real=0.00 secs] 
2020-10-28T08:27:53.605+0000: [GC (Allocation Failure) 2020-10-28T08:27:53.605+0000: [ParNew: 16388K->4K(18432K), 0.0025170 secs] 625762K->609378K(896640K), 0.0025598 secs] [Times: user=0.01 sys=0.00, real=0.01 secs] 
2020-10-28T08:27:53.624+0000: [GC (Allocation Failure) 2020-10-28T08:27:53.624+0000: [ParNew: 16388K->4K(18432K), 0.0024710 secs] 625762K->609378K(896640K), 0.0025138 secs] [Times: user=0.00 sys=0.00, real=0.00 secs] 
2020-10-28T08:27:53.644+0000: [GC (Allocation Failure) 2020-10-28T08:27:53.644+0000: [ParNew: 16388K->4K(18432K), 0.0025220 secs] 625762K->609378K(896640K), 0.0025670 secs] [Times: user=0.00 sys=0.00, real=0.00 secs] 
2020-10-28T08:27:53.664+0000: [GC (Allocation Failure) 2020-10-28T08:27:53.664+0000: [ParNew: 16388K->4K(18432K), 0.0025204 secs] 625762K->609378K(896640K), 0.0025650 secs] [Times: user=0.00 sys=0.00, real=0.00 secs] 
2020-10-28T08:27:53.684+0000: [GC (Allocation Failure) 2020-10-28T08:27:53.684+0000: [ParNew: 16388K->4K(18432K), 0.0025618 secs] 625762K->609378K(896640K), 0.0026044 secs] [Times: user=0.01 sys=0.00, real=0.00 secs] 
2020-10-28T08:27:53.701+0000: [GC (Allocation Failure) 2020-10-28T08:27:53.702+0000: [ParNew: 16388K->4K(18432K), 0.0025785 secs] 625762K->609378K(896640K), 0.0026222 secs] [Times: user=0.00 sys=0.00, real=0.00 secs] 
2020-10-28T08:27:53.720+0000: [GC (Allocation Failure) 2020-10-28T08:27:53.720+0000: [ParNew: 16388K->4K(18432K), 0.0026955 secs] 625762K->609378K(896640K), 0.0027443 secs] [Times: user=0.01 sys=0.00, real=0.00 secs] 
2020-10-28T08:27:53.738+0000: [GC (Allocation Failure) 2020-10-28T08:27:53.738+0000: [ParNew: 16388K->4K(18432K), 0.0025549 secs] 625762K->609378K(896640K), 0.0025973 secs] [Times: user=0.00 sys=0.00, real=0.01 secs] 
2020-10-28T08:27:53.759+0000: [GC (Allocation Failure) 2020-10-28T08:27:53.759+0000: [ParNew: 16388K->4K(18432K), 0.0025118 secs] 625762K->609378K(896640K), 0.0025551 secs] [Times: user=0.01 sys=0.00, real=0.01 secs] 
2020-10-28T08:27:53.777+0000: [GC (Allocation Failure) 2020-10-28T08:27:53.777+0000: [ParNew: 16388K->4K(18432K), 0.0024708 secs] 625762K->609378K(896640K), 0.0025124 secs] [Times: user=0.00 sys=0.00, real=0.01 secs] 
2020-10-28T08:27:53.798+0000: [GC (Allocation Failure) 2020-10-28T08:27:53.798+0000: [ParNew: 16388K->4K(18432K), 0.0025859 secs] 625762K->609378K(896640K), 0.0026363 secs] [Times: user=0.01 sys=0.00, real=0.01 secs] 
2020-10-28T08:27:53.820+0000: [GC (Allocation Failure) 2020-10-28T08:27:53.820+0000: [ParNew: 16388K->4K(18432K), 0.0024891 secs] 625762K->609378K(896640K), 0.0025302 secs] [Times: user=0.01 sys=0.00, real=0.00 secs] 
2020-10-28T08:27:53.840+0000: [GC (Allocation Failure) 2020-10-28T08:27:53.840+0000: [ParNew: 16388K->4K(18432K), 0.0025132 secs] 625762K->609378K(896640K), 0.0025557 secs] [Times: user=0.00 sys=0.00, real=0.00 secs] 
2020-10-28T08:27:53.860+0000: [GC (Allocation Failure) 2020-10-28T08:27:53.860+0000: [ParNew: 16388K->4K(18432K), 0.0025337 secs] 625762K->609378K(896640K), 0.0025789 secs] [Times: user=0.00 sys=0.00, real=0.00 secs] 
2020-10-28T08:27:53.880+0000: [GC (Allocation Failure) 2020-10-28T08:27:53.880+0000: [ParNew: 16388K->4K(18432K), 0.0025369 secs] 625762K->609378K(896640K), 0.0025802 secs] [Times: user=0.01 sys=0.00, real=0.00 secs] 
2020-10-28T08:27:53.897+0000: [GC (Allocation Failure) 2020-10-28T08:27:53.897+0000: [ParNew: 16388K->4K(18432K), 0.0025445 secs] 625762K->609378K(896640K), 0.0025883 secs] [Times: user=0.01 sys=0.00, real=0.01 secs] 
2020-10-28T08:27:53.915+0000: [GC (Allocation Failure) 2020-10-28T08:27:53.915+0000: [ParNew: 16388K->4K(18432K), 0.0026178 secs] 625762K->609378K(896640K), 0.0026589 secs] [Times: user=0.01 sys=0.00, real=0.00 secs] 
2020-10-28T08:27:53.936+0000: [GC (Allocation Failure) 2020-10-28T08:27:53.936+0000: [ParNew: 16388K->6K(18432K), 0.0024579 secs] 625762K->609380K(896640K), 0.0025002 secs] [Times: user=0.00 sys=0.00, real=0.00 secs] 
2020-10-28T08:27:53.956+0000: [GC (Allocation Failure) 2020-10-28T08:27:53.956+0000: [ParNew: 16390K->4K(18432K), 0.0024688 secs] 625764K->609378K(896640K), 0.0025114 secs] [Times: user=0.01 sys=0.00, real=0.00 secs] 
2020-10-28T08:27:53.977+0000: [GC (Allocation Failure) 2020-10-28T08:27:53.977+0000: [ParNew: 16388K->4K(18432K), 0.0024939 secs] 625762K->609378K(896640K), 0.0025503 secs] [Times: user=0.01 sys=0.00, real=0.01 secs] 
2020-10-28T08:27:53.995+0000: [GC (Allocation Failure) 2020-10-28T08:27:53.995+0000: [ParNew: 16388K->4K(18432K), 0.0025030 secs] 625762K->609378K(896640K), 0.0025492 secs] [Times: user=0.00 sys=0.00, real=0.00 secs] 
2020-10-28T08:27:54.012+0000: [GC (Allocation Failure) 2020-10-28T08:27:54.012+0000: [ParNew: 16388K->4K(18432K), 0.0024685 secs] 625762K->609378K(896640K), 0.0025114 secs] [Times: user=0.01 sys=0.00, real=0.00 secs] 
2020-10-28T08:27:54.029+0000: [GC (Allocation Failure) 2020-10-28T08:27:54.029+0000: [ParNew: 16388K->4K(18432K), 0.0025392 secs] 625762K->609378K(896640K), 0.0025825 secs] [Times: user=0.00 sys=0.00, real=0.00 secs] 
2020-10-28T08:27:54.046+0000: [GC (Allocation Failure) 2020-10-28T08:27:54.046+0000: [ParNew: 16388K->4K(18432K), 0.0027958 secs] 625762K->609378K(896640K), 0.0028472 secs] [Times: user=0.01 sys=0.00, real=0.01 secs] 
2020-10-28T08:27:54.064+0000: [GC (Allocation Failure) 2020-10-28T08:27:54.064+0000: [ParNew: 16388K->4K(18432K), 0.0024957 secs] 625762K->609378K(896640K), 0.0025407 secs] [Times: user=0.01 sys=0.00, real=0.00 secs] 
2020-10-28T08:27:54.084+0000: [GC (Allocation Failure) 2020-10-28T08:27:54.084+0000: [ParNew: 16388K->4K(18432K), 0.0024011 secs] 625762K->609378K(896640K), 0.0024442 secs] [Times: user=0.01 sys=0.00, real=0.00 secs] 
2020-10-28T08:27:54.104+0000: [GC (Allocation Failure) 2020-10-28T08:27:54.104+0000: [ParNew: 16388K->4K(18432K), 0.0025202 secs] 625762K->609378K(896640K), 0.0025641 secs] [Times: user=0.00 sys=0.00, real=0.00 secs] 
2020-10-28T08:27:54.132+0000: [GC (Allocation Failure) 2020-10-28T08:27:54.132+0000: [ParNew: 16388K->4K(18432K), 0.0028023 secs] 625762K->609378K(896640K), 0.0028751 secs] [Times: user=0.01 sys=0.00, real=0.00 secs] 
2020-10-28T08:27:54.151+0000: [GC (Allocation Failure) 2020-10-28T08:27:54.151+0000: [ParNew: 16388K->4K(18432K), 0.0026625 secs] 625762K->609378K(896640K), 0.0027156 secs] [Times: user=0.01 sys=0.00, real=0.00 secs] 
2020-10-28T08:27:54.174+0000: [GC (Allocation Failure) 2020-10-28T08:27:54.175+0000: [ParNew: 16388K->4K(18432K), 0.0028727 secs] 625762K->609378K(896640K), 0.0029230 secs] [Times: user=0.00 sys=0.00, real=0.00 secs] 
2020-10-28T08:27:54.192+0000: [GC (Allocation Failure) 2020-10-28T08:27:54.192+0000: [ParNew: 16388K->4K(18432K), 0.0026565 secs] 625762K->609378K(896640K), 0.0026992 secs] [Times: user=0.01 sys=0.00, real=0.00 secs] 
2020-10-28T08:27:54.212+0000: [GC (Allocation Failure) 2020-10-28T08:27:54.212+0000: [ParNew: 16388K->4K(18432K), 0.0025663 secs] 625762K->609378K(896640K), 0.0026100 secs] [Times: user=0.01 sys=0.00, real=0.00 secs] 
2020-10-28T08:27:54.229+0000: [GC (Allocation Failure) 2020-10-28T08:27:54.229+0000: [ParNew: 16388K->4K(18432K), 0.0025650 secs] 625762K->609378K(896640K), 0.0026061 secs] [Times: user=0.01 sys=0.00, real=0.00 secs] 
2020-10-28T08:27:54.247+0000: [GC (Allocation Failure) 2020-10-28T08:27:54.247+0000: [ParNew: 16388K->4K(18432K), 0.0025638 secs] 625762K->609378K(896640K), 0.0026062 secs] [Times: user=0.00 sys=0.00, real=0.01 secs] 
2020-10-28T08:27:54.264+0000: [GC (Allocation Failure) 2020-10-28T08:27:54.264+0000: [ParNew: 16388K->4K(18432K), 0.0025391 secs] 625762K->609378K(896640K), 0.0025809 secs] [Times: user=0.01 sys=0.00, real=0.00 secs] 
2020-10-28T08:27:54.284+0000: [GC (Allocation Failure) 2020-10-28T08:27:54.284+0000: [ParNew: 16388K->4K(18432K), 0.0025322 secs] 625762K->609378K(896640K), 0.0025738 secs] [Times: user=0.00 sys=0.00, real=0.00 secs] 
2020-10-28T08:27:54.301+0000: [GC (Allocation Failure) 2020-10-28T08:27:54.301+0000: [ParNew: 16388K->4K(18432K), 0.0025413 secs] 625762K->609378K(896640K), 0.0025826 secs] [Times: user=0.00 sys=0.00, real=0.00 secs] 
2020-10-28T08:27:54.323+0000: [GC (Allocation Failure) 2020-10-28T08:27:54.323+0000: [ParNew: 16388K->4K(18432K), 0.0024661 secs] 625762K->609378K(896640K), 0.0025080 secs] [Times: user=0.01 sys=0.00, real=0.00 secs] 
2020-10-28T08:27:54.340+0000: [GC (Allocation Failure) 2020-10-28T08:27:54.340+0000: [ParNew: 16388K->4K(18432K), 0.0024869 secs] 625762K->609378K(896640K), 0.0025296 secs] [Times: user=0.01 sys=0.00, real=0.00 secs] 
2020-10-28T08:27:54.360+0000: [GC (Allocation Failure) 2020-10-28T08:27:54.360+0000: [ParNew: 16388K->4K(18432K), 0.0025214 secs] 625762K->609378K(896640K), 0.0025653 secs] [Times: user=0.01 sys=0.00, real=0.00 secs] 
2020-10-28T08:27:54.377+0000: [GC (Allocation Failure) 2020-10-28T08:27:54.377+0000: [ParNew: 16388K->4K(18432K), 0.0024785 secs] 625762K->609378K(896640K), 0.0025206 secs] [Times: user=0.00 sys=0.00, real=0.00 secs] 
2020-10-28T08:27:54.394+0000: [GC (Allocation Failure) 2020-10-28T08:27:54.394+0000: [ParNew: 16388K->4K(18432K), 0.0026076 secs] 625762K->609378K(896640K), 0.0026517 secs] [Times: user=0.01 sys=0.00, real=0.00 secs] 
2020-10-28T08:27:54.412+0000: [GC (Allocation Failure) 2020-10-28T08:27:54.412+0000: [ParNew: 16388K->4K(18432K), 0.0026220 secs] 625762K->609378K(896640K), 0.0026828 secs] [Times: user=0.00 sys=0.00, real=0.00 secs] 
2020-10-28T08:27:54.429+0000: [GC (Allocation Failure) 2020-10-28T08:27:54.429+0000: [ParNew: 16388K->4K(18432K), 0.0026031 secs] 625762K->609378K(896640K), 0.0026436 secs] [Times: user=0.00 sys=0.00, real=0.00 secs] 
2020-10-28T08:27:54.447+0000: [GC (Allocation Failure) 2020-10-28T08:27:54.447+0000: [ParNew: 16388K->4K(18432K), 0.0026400 secs] 625762K->609378K(896640K), 0.0026830 secs] [Times: user=0.00 sys=0.00, real=0.01 secs] 
2020-10-28T08:27:54.468+0000: [GC (Allocation Failure) 2020-10-28T08:27:54.468+0000: [ParNew: 16388K->4K(18432K), 0.0024541 secs] 625762K->609378K(896640K), 0.0024982 secs] [Times: user=0.01 sys=0.00, real=0.00 secs] 
2020-10-28T08:27:54.488+0000: [GC (Allocation Failure) 2020-10-28T08:27:54.488+0000: [ParNew: 16388K->4K(18432K), 0.0025669 secs] 625762K->609378K(896640K), 0.0026116 secs] [Times: user=0.01 sys=0.00, real=0.00 secs] 
2020-10-28T08:27:54.508+0000: [GC (Allocation Failure) 2020-10-28T08:27:54.508+0000: [ParNew: 16388K->4K(18432K), 0.0026146 secs] 625762K->609378K(896640K), 0.0026674 secs] [Times: user=0.00 sys=0.00, real=0.00 secs] 
2020-10-28T08:27:54.528+0000: [GC (Allocation Failure) 2020-10-28T08:27:54.528+0000: [ParNew: 16388K->4K(18432K), 0.0024546 secs] 625762K->609378K(896640K), 0.0024977 secs] [Times: user=0.01 sys=0.00, real=0.00 secs] 
2020-10-28T08:27:54.548+0000: [GC (Allocation Failure) 2020-10-28T08:27:54.548+0000: [ParNew: 16388K->4K(18432K), 0.0025447 secs] 625762K->609378K(896640K), 0.0025872 secs] [Times: user=0.00 sys=0.00, real=0.00 secs] 
2020-10-28T08:27:54.568+0000: [GC (Allocation Failure) 2020-10-28T08:27:54.568+0000: [ParNew: 16388K->8K(18432K), 0.0024765 secs] 625762K->609383K(896640K), 0.0025186 secs] [Times: user=0.00 sys=0.00, real=0.00 secs] 
2020-10-28T08:27:54.586+0000: [GC (Allocation Failure) 2020-10-28T08:27:54.586+0000: [ParNew: 16392K->4K(18432K), 0.0024797 secs] 625767K->609378K(896640K), 0.0025218 secs] [Times: user=0.01 sys=0.00, real=0.01 secs] 
2020-10-28T08:27:54.604+0000: [GC (Allocation Failure) 2020-10-28T08:27:54.604+0000: [ParNew: 16388K->6K(18432K), 0.0024661 secs] 625762K->609380K(896640K), 0.0025082 secs] [Times: user=0.00 sys=0.00, real=0.00 secs] 
2020-10-28T08:27:54.621+0000: [GC (Allocation Failure) 2020-10-28T08:27:54.621+0000: [ParNew: 16390K->4K(18432K), 0.0025216 secs] 625764K->609378K(896640K), 0.0025769 secs] [Times: user=0.00 sys=0.00, real=0.00 secs] 
2020-10-28T08:27:54.638+0000: [GC (Allocation Failure) 2020-10-28T08:27:54.638+0000: [ParNew: 16388K->4K(18432K), 0.0024207 secs] 625762K->609378K(896640K), 0.0024619 secs] [Times: user=0.00 sys=0.00, real=0.01 secs] 
2020-10-28T08:27:54.656+0000: [GC (Allocation Failure) 2020-10-28T08:27:54.656+0000: [ParNew: 16388K->4K(18432K), 0.0025124 secs] 625762K->609378K(896640K), 0.0025678 secs] [Times: user=0.01 sys=0.00, real=0.00 secs] 
2020-10-28T08:27:54.676+0000: [GC (Allocation Failure) 2020-10-28T08:27:54.676+0000: [ParNew: 16388K->4K(18432K), 0.0025005 secs] 625762K->609379K(896640K), 0.0025433 secs] [Times: user=0.01 sys=0.00, real=0.00 secs] 
2020-10-28T08:27:54.693+0000: [GC (Allocation Failure) 2020-10-28T08:27:54.693+0000: [ParNew: 16388K->4K(18432K), 0.0024187 secs] 625763K->609379K(896640K), 0.0024592 secs] [Times: user=0.01 sys=0.00, real=0.00 secs] 
2020-10-28T08:27:54.712+0000: [GC (Allocation Failure) 2020-10-28T08:27:54.712+0000: [ParNew: 16388K->4K(18432K), 0.0024627 secs] 625763K->609379K(896640K), 0.0025052 secs] [Times: user=0.00 sys=0.00, real=0.00 secs] 
2020-10-28T08:27:54.729+0000: [GC (Allocation Failure) 2020-10-28T08:27:54.729+0000: [ParNew: 16388K->4K(18432K), 0.0026466 secs] 625763K->609379K(896640K), 0.0026944 secs] [Times: user=0.00 sys=0.00, real=0.00 secs] 
2020-10-28T08:27:54.747+0000: [GC (Allocation Failure) 2020-10-28T08:27:54.747+0000: [ParNew: 16388K->4K(18432K), 0.0024966 secs] 625763K->609379K(896640K), 0.0025470 secs] [Times: user=0.00 sys=0.00, real=0.01 secs] 
2020-10-28T08:27:54.768+0000: [GC (Allocation Failure) 2020-10-28T08:27:54.768+0000: [ParNew: 16388K->4K(18432K), 0.0027910 secs] 625763K->609379K(896640K), 0.0028396 secs] [Times: user=0.01 sys=0.00, real=0.00 secs] 
2020-10-28T08:27:54.785+0000: [GC (Allocation Failure) 2020-10-28T08:27:54.785+0000: [ParNew: 16388K->4K(18432K), 0.0025797 secs] 625763K->609379K(896640K), 0.0026226 secs] [Times: user=0.00 sys=0.00, real=0.01 secs] 
2020-10-28T08:27:54.803+0000: [GC (Allocation Failure) 2020-10-28T08:27:54.803+0000: [ParNew: 16388K->4K(18432K), 0.0025788 secs] 625763K->609379K(896640K), 0.0026221 secs] [Times: user=0.00 sys=0.00, real=0.00 secs] 
2020-10-28T08:27:54.821+0000: [GC (Allocation Failure) 2020-10-28T08:27:54.821+0000: [ParNew: 16388K->4K(18432K), 0.0025002 secs] 625763K->609379K(896640K), 0.0025431 secs] [Times: user=0.01 sys=0.00, real=0.00 secs] 
2020-10-28T08:27:54.840+0000: [GC (Allocation Failure) 2020-10-28T08:27:54.840+0000: [ParNew: 16388K->4K(18432K), 0.0024621 secs] 625763K->609379K(896640K), 0.0025058 secs] [Times: user=0.00 sys=0.00, real=0.00 secs] 
2020-10-28T08:27:54.860+0000: [GC (Allocation Failure) 2020-10-28T08:27:54.860+0000: [ParNew: 16388K->4K(18432K), 0.0025353 secs] 625763K->609379K(896640K), 0.0025800 secs] [Times: user=0.01 sys=0.00, real=0.00 secs] 
2020-10-28T08:27:54.880+0000: [GC (Allocation Failure) 2020-10-28T08:27:54.880+0000: [ParNew: 16388K->4K(18432K), 0.0024696 secs] 625763K->609379K(896640K), 0.0025128 secs] [Times: user=0.01 sys=0.00, real=0.00 secs] 
2020-10-28T08:27:54.897+0000: [GC (Allocation Failure) 2020-10-28T08:27:54.897+0000: [ParNew: 16388K->4K(18432K), 0.0024728 secs] 625763K->609379K(896640K), 0.0025153 secs] [Times: user=0.01 sys=0.00, real=0.01 secs] 
2020-10-28T08:27:54.916+0000: [GC (Allocation Failure) 2020-10-28T08:27:54.916+0000: [ParNew: 16388K->4K(18432K), 0.0025506 secs] 625763K->609379K(896640K), 0.0025938 secs] [Times: user=0.00 sys=0.00, real=0.00 secs] 
2020-10-28T08:27:54.933+0000: [GC (Allocation Failure) 2020-10-28T08:27:54.933+0000: [ParNew: 16388K->4K(18432K), 0.0025001 secs] 625763K->609379K(896640K), 0.0025575 secs] [Times: user=0.00 sys=0.00, real=0.00 secs] 
2020-10-28T08:27:54.951+0000: [GC (Allocation Failure) 2020-10-28T08:27:54.951+0000: [ParNew: 16388K->4K(18432K), 0.0025193 secs] 625763K->609379K(896640K), 0.0025623 secs] [Times: user=0.00 sys=0.00, real=0.00 secs] 
2020-10-28T08:27:54.969+0000: [GC (Allocation Failure) 2020-10-28T08:27:54.969+0000: [ParNew: 16388K->4K(18432K), 0.0025088 secs] 625763K->609379K(896640K), 0.0025485 secs] [Times: user=0.01 sys=0.00, real=0.00 secs] 
2020-10-28T08:27:54.986+0000: [GC (Allocation Failure) 2020-10-28T08:27:54.986+0000: [ParNew: 16388K->4K(18432K), 0.0026999 secs] 625763K->609379K(896640K), 0.0027480 secs] [Times: user=0.00 sys=0.00, real=0.01 secs] 
2020-10-28T08:27:55.004+0000: [GC (Allocation Failure) 2020-10-28T08:27:55.004+0000: [ParNew: 16388K->4K(18432K), 0.0026270 secs] 625763K->609379K(896640K), 0.0026724 secs] [Times: user=0.01 sys=0.00, real=0.00 secs] 
2020-10-28T08:27:55.024+0000: [GC (Allocation Failure) 2020-10-28T08:27:55.024+0000: [ParNew: 16388K->4K(18432K), 0.0025578 secs] 625763K->609379K(896640K), 0.0026025 secs] [Times: user=0.00 sys=0.00, real=0.00 secs] 
2020-10-28T08:27:55.044+0000: [GC (Allocation Failure) 2020-10-28T08:27:55.044+0000: [ParNew: 16388K->4K(18432K), 0.0025849 secs] 625763K->609379K(896640K), 0.0026297 secs] [Times: user=0.01 sys=0.00, real=0.00 secs] 
2020-10-28T08:27:55.064+0000: [GC (Allocation Failure) 2020-10-28T08:27:55.064+0000: [ParNew: 16388K->4K(18432K), 0.0026277 secs] 625763K->609379K(896640K), 0.0026684 secs] [Times: user=0.01 sys=0.01, real=0.00 secs] 
2020-10-28T08:27:55.082+0000: [GC (Allocation Failure) 2020-10-28T08:27:55.082+0000: [ParNew: 16388K->4K(18432K), 0.0024926 secs] 625763K->609379K(896640K), 0.0025347 secs] [Times: user=0.01 sys=0.00, real=0.00 secs] 
2020-10-28T08:27:55.099+0000: [GC (Allocation Failure) 2020-10-28T08:27:55.099+0000: [ParNew: 16388K->4K(18432K), 0.0025260 secs] 625763K->609379K(896640K), 0.0025705 secs] [Times: user=0.00 sys=0.00, real=0.01 secs] 
2020-10-28T08:27:55.120+0000: [GC (Allocation Failure) 2020-10-28T08:27:55.120+0000: [ParNew: 16388K->4K(18432K), 0.0025480 secs] 625763K->609379K(896640K), 0.0025907 secs] [Times: user=0.00 sys=0.00, real=0.00 secs] 
2020-10-28T08:27:55.137+0000: [GC (Allocation Failure) 2020-10-28T08:27:55.137+0000: [ParNew: 16388K->4K(18432K), 0.0026303 secs] 625763K->609379K(896640K), 0.0026717 secs] [Times: user=0.00 sys=0.00, real=0.01 secs] 
2020-10-28T08:27:55.156+0000: [GC (Allocation Failure) 2020-10-28T08:27:55.156+0000: [ParNew: 16388K->4K(18432K), 0.0035182 secs] 625763K->609379K(896640K), 0.0035632 secs] [Times: user=0.01 sys=0.00, real=0.00 secs] 
2020-10-28T08:27:55.174+0000: [GC (Allocation Failure) 2020-10-28T08:27:55.174+0000: [ParNew: 16388K->4K(18432K), 0.0027315 secs] 625763K->609379K(896640K), 0.0027802 secs] [Times: user=0.00 sys=0.00, real=0.00 secs] 
2020-10-28T08:27:55.196+0000: [GC (Allocation Failure) 2020-10-28T08:27:55.196+0000: [ParNew: 16388K->4K(18432K), 0.0025038 secs] 625763K->609379K(896640K), 0.0025488 secs] [Times: user=0.01 sys=0.00, real=0.00 secs] 
2020-10-28T08:27:55.216+0000: [GC (Allocation Failure) 2020-10-28T08:27:55.216+0000: [ParNew: 16388K->4K(18432K), 0.0024627 secs] 625763K->609379K(896640K), 0.0025157 secs] [Times: user=0.00 sys=0.00, real=0.00 secs] 
2020-10-28T08:27:55.233+0000: [GC (Allocation Failure) 2020-10-28T08:27:55.233+0000: [ParNew: 16388K->4K(18432K), 0.0025512 secs] 625763K->609379K(896640K), 0.0026005 secs] [Times: user=0.00 sys=0.00, real=0.00 secs] 
2020-10-28T08:27:55.252+0000: [GC (Allocation Failure) 2020-10-28T08:27:55.252+0000: [ParNew: 16388K->4K(18432K), 0.0026431 secs] 625763K->609379K(896640K), 0.0026904 secs] [Times: user=0.01 sys=0.00, real=0.00 secs] 
2020-10-28T08:27:55.269+0000: [GC (Allocation Failure) 2020-10-28T08:27:55.269+0000: [ParNew: 16388K->4K(18432K), 0.0026834 secs] 625763K->609379K(896640K), 0.0027297 secs] [Times: user=0.01 sys=0.00, real=0.00 secs] 
2020-10-28T08:27:55.288+0000: [GC (Allocation Failure) 2020-10-28T08:27:55.288+0000: [ParNew: 16388K->4K(18432K), 0.0027205 secs] 625763K->609379K(896640K), 0.0027621 secs] [Times: user=0.00 sys=0.00, real=0.00 secs] 
2020-10-28T08:27:55.305+0000: [GC (Allocation Failure) 2020-10-28T08:27:55.305+0000: [ParNew: 16388K->4K(18432K), 0.0025725 secs] 625763K->609379K(896640K), 0.0026170 secs] [Times: user=0.01 sys=0.00, real=0.01 secs] 
2020-10-28T08:27:55.324+0000: [GC (Allocation Failure) 2020-10-28T08:27:55.324+0000: [ParNew: 16388K->4K(18432K), 0.0026032 secs] 625763K->609379K(896640K), 0.0026474 secs] [Times: user=0.01 sys=0.00, real=0.00 secs] 
2020-10-28T08:27:55.341+0000: [GC (Allocation Failure) 2020-10-28T08:27:55.341+0000: [ParNew: 16388K->4K(18432K), 0.0027193 secs] 625763K->609379K(896640K), 0.0027721 secs] [Times: user=0.00 sys=0.00, real=0.00 secs] 
2020-10-28T08:27:55.360+0000: [GC (Allocation Failure) 2020-10-28T08:27:55.360+0000: [ParNew: 16388K->4K(18432K), 0.0026670 secs] 625763K->609379K(896640K), 0.0027150 secs] [Times: user=0.01 sys=0.00, real=0.00 secs] 
2020-10-28T08:27:55.377+0000: [GC (Allocation Failure) 2020-10-28T08:27:55.377+0000: [ParNew: 16388K->4K(18432K), 0.0025139 secs] 625763K->609379K(896640K), 0.0025573 secs] [Times: user=0.00 sys=0.00, real=0.01 secs] 
2020-10-28T08:27:55.395+0000: [GC (Allocation Failure) 2020-10-28T08:27:55.395+0000: [ParNew: 16388K->4K(18432K), 0.0025026 secs] 625763K->609379K(896640K), 0.0025461 secs] [Times: user=0.01 sys=0.00, real=0.00 secs] 
2020-10-28T08:27:55.414+0000: [GC (Allocation Failure) 2020-10-28T08:27:55.414+0000: [ParNew: 16388K->4K(18432K), 0.0028633 secs] 625763K->609379K(896640K), 0.0029085 secs] [Times: user=0.00 sys=0.00, real=0.00 secs] 
2020-10-28T08:27:55.435+0000: [GC (Allocation Failure) 2020-10-28T08:27:55.435+0000: [ParNew: 16388K->4K(18432K), 0.0026544 secs] 625763K->609379K(896640K), 0.0026980 secs] [Times: user=0.01 sys=0.00, real=0.00 secs] 
2020-10-28T08:27:55.455+0000: [GC (Allocation Failure) 2020-10-28T08:27:55.455+0000: [ParNew: 16388K->4K(18432K), 0.0025042 secs] 625763K->609379K(896640K), 0.0025738 secs] [Times: user=0.01 sys=0.00, real=0.00 secs] 
2020-10-28T08:27:55.472+0000: [GC (Allocation Failure) 2020-10-28T08:27:55.472+0000: [ParNew: 16388K->4K(18432K), 0.0025552 secs] 625763K->609379K(896640K), 0.0026007 secs] [Times: user=0.00 sys=0.00, real=0.00 secs] 
2020-10-28T08:27:55.492+0000: [GC (Allocation Failure) 2020-10-28T08:27:55.492+0000: [ParNew: 16388K->4K(18432K), 0.0025770 secs] 625763K->609379K(896640K), 0.0026222 secs] [Times: user=0.00 sys=0.00, real=0.00 secs] 
2020-10-28T08:27:55.509+0000: [GC (Allocation Failure) 2020-10-28T08:27:55.509+0000: [ParNew: 16388K->4K(18432K), 0.0026221 secs] 625763K->609380K(896640K), 0.0026687 secs] [Times: user=0.00 sys=0.00, real=0.00 secs] 
2020-10-28T08:27:55.528+0000: [GC (Allocation Failure) 2020-10-28T08:27:55.528+0000: [ParNew: 16388K->4K(18432K), 0.0024296 secs] 625764K->609380K(896640K), 0.0024728 secs] [Times: user=0.00 sys=0.00, real=0.00 secs] 
2020-10-28T08:27:55.548+0000: [GC (Allocation Failure) 2020-10-28T08:27:55.548+0000: [ParNew: 16388K->4K(18432K), 0.0025508 secs] 625764K->609380K(896640K), 0.0025951 secs] [Times: user=0.00 sys=0.00, real=0.00 secs] 
2020-10-28T08:27:55.568+0000: [GC (Allocation Failure) 2020-10-28T08:27:55.568+0000: [ParNew: 16388K->4K(18432K), 0.0024472 secs] 625764K->609380K(896640K), 0.0024901 secs] [Times: user=0.01 sys=0.00, real=0.00 secs] 
2020-10-28T08:27:55.588+0000: [GC (Allocation Failure) 2020-10-28T08:27:55.588+0000: [ParNew: 16388K->4K(18432K), 0.0025092 secs] 625764K->609380K(896640K), 0.0025534 secs] [Times: user=0.01 sys=0.00, real=0.00 secs] 
2020-10-28T08:27:55.608+0000: [GC (Allocation Failure) 2020-10-28T08:27:55.608+0000: [ParNew: 16388K->4K(18432K), 0.0026018 secs] 625764K->609380K(896640K), 0.0026462 secs] [Times: user=0.01 sys=0.00, real=0.00 secs] 
2020-10-28T08:27:55.625+0000: [GC (Allocation Failure) 2020-10-28T08:27:55.625+0000: [ParNew: 16388K->4K(18432K), 0.0026271 secs] 625764K->609380K(896640K), 0.0026710 secs] [Times: user=0.00 sys=0.00, real=0.01 secs] 
2020-10-28T08:27:55.644+0000: [GC (Allocation Failure) 2020-10-28T08:27:55.644+0000: [ParNew: 16388K->4K(18432K), 0.0025614 secs] 625764K->609380K(896640K), 0.0026041 secs] [Times: user=0.01 sys=0.00, real=0.00 secs] 
2020-10-28T08:27:55.661+0000: [GC (Allocation Failure) 2020-10-28T08:27:55.661+0000: [ParNew: 16388K->4K(18432K), 0.0025804 secs] 625764K->609380K(896640K), 0.0026229 secs] [Times: user=0.00 sys=0.00, real=0.00 secs] 
2020-10-28T08:27:55.679+0000: [GC (Allocation Failure) 2020-10-28T08:27:55.679+0000: [ParNew: 16388K->4K(18432K), 0.0025506 secs] 625764K->609380K(896640K), 0.0025912 secs] [Times: user=0.01 sys=0.00, real=0.01 secs] 
2020-10-28T08:27:55.700+0000: [GC (Allocation Failure) 2020-10-28T08:27:55.700+0000: [ParNew: 16388K->4K(18432K), 0.0025621 secs] 625764K->609380K(896640K), 0.0026045 secs] [Times: user=0.00 sys=0.00, real=0.00 secs] 
2020-10-28T08:27:55.723+0000: [GC (Allocation Failure) 2020-10-28T08:27:55.724+0000: [ParNew: 16388K->4K(18432K), 0.0027120 secs] 625764K->609380K(896640K), 0.0027627 secs] [Times: user=0.01 sys=0.00, real=0.00 secs] 
2020-10-28T08:27:55.746+0000: [GC (Allocation Failure) 2020-10-28T08:27:55.746+0000: [ParNew: 16388K->1032K(18432K), 0.0034291 secs] 625764K->612456K(896640K), 0.0035009 secs] [Times: user=0.01 sys=0.00, real=0.01 secs] 
2020-10-28T08:27:55.777+0000: [GC (Allocation Failure) 2020-10-28T08:27:55.777+0000: [ParNew: 17416K->57K(18432K), 0.0030073 secs] 628840K->612509K(896640K), 0.0030534 secs] [Times: user=0.01 sys=0.00, real=0.01 secs] 
2020-10-28T08:27:55.812+0000: [GC (Allocation Failure) 2020-10-28T08:27:55.812+0000: [ParNew: 16441K->57K(18432K), 0.0026888 secs] 628893K->612509K(896640K), 0.0027363 secs] [Times: user=0.01 sys=0.00, real=0.00 secs] 
2020-10-28T08:27:55.845+0000: [GC (Allocation Failure) 2020-10-28T08:27:55.845+0000: [ParNew: 16441K->57K(18432K), 0.0026712 secs] 628893K->612509K(896640K), 0.0027162 secs] [Times: user=0.00 sys=0.00, real=0.01 secs] 
2020-10-28T08:27:55.876+0000: [GC (Allocation Failure) 2020-10-28T08:27:55.876+0000: [ParNew: 16441K->57K(18432K), 0.0028483 secs] 628893K->612509K(896640K), 0.0029040 secs] [Times: user=0.00 sys=0.00, real=0.00 secs] 
2020-10-28T08:27:55.908+0000: [GC (Allocation Failure) 2020-10-28T08:27:55.908+0000: [ParNew: 16441K->57K(18432K), 0.0027408 secs] 628893K->612509K(896640K), 0.0027894 secs] [Times: user=0.01 sys=0.00, real=0.00 secs] 
2020-10-28T08:27:55.944+0000: [GC (Allocation Failure) 2020-10-28T08:27:55.944+0000: [ParNew: 16441K->57K(18432K), 0.0026254 secs] 628893K->612509K(896640K), 0.0026725 secs] [Times: user=0.01 sys=0.00, real=0.00 secs] 
2020-10-28T08:27:55.976+0000: [GC (Allocation Failure) 2020-10-28T08:27:55.976+0000: [ParNew: 16441K->4K(18432K), 0.0028612 secs] 628893K->612510K(896640K), 0.0029133 secs] [Times: user=0.01 sys=0.00, real=0.00 secs] 
2020-10-28T08:27:56.006+0000: [GC (Allocation Failure) 2020-10-28T08:27:56.006+0000: [ParNew: 16388K->4K(18432K), 0.0027259 secs] 628894K->612510K(896640K), 0.0027752 secs] [Times: user=0.01 sys=0.00, real=0.01 secs] 
2020-10-28T08:27:56.042+0000: [GC (Allocation Failure) 2020-10-28T08:27:56.042+0000: [ParNew: 16284K->1028K(18432K), 0.0028892 secs] 628791K->613534K(896640K), 0.0029467 secs] [Times: user=0.00 sys=0.00, real=0.00 secs] 
2020-10-28T08:27:56.282+0000: [GC (Allocation Failure) 2020-10-28T08:27:56.282+0000: [ParNew: 17412K->1222K(18432K), 0.0035497 secs] 629918K->615780K(896640K), 0.0036063 secs] [Times: user=0.00 sys=0.00, real=0.00 secs] 
2020-10-28T08:27:56.430+0000: [GC (Allocation Failure) 2020-10-28T08:27:56.430+0000: [ParNew: 17606K->13K(18432K), 0.0031709 secs] 632164K->615663K(896640K), 0.0032276 secs] [Times: user=0.00 sys=0.00, real=0.00 secs] 
2020-10-28T08:27:56.440+0000: [GC (CMS Initial Mark) [1 CMS-initial-mark: 615649K(878208K)] 617459K(896640K), 0.0025078 secs] [Times: user=0.00 sys=0.00, real=0.00 secs] 
2020-10-28T08:27:56.443+0000: [CMS-concurrent-mark-start]
2020-10-28T08:27:56.554+0000: [CMS-concurrent-mark: 0.112/0.112 secs] [Times: user=0.22 sys=0.00, real=0.11 secs] 
2020-10-28T08:27:56.554+0000: [CMS-concurrent-preclean-start]
2020-10-28T08:27:56.561+0000: [CMS-concurrent-preclean: 0.007/0.007 secs] [Times: user=0.02 sys=0.00, real=0.01 secs] 
2020-10-28T08:27:56.561+0000: [CMS-concurrent-abortable-preclean-start]
2020-10-28T08:27:56.584+0000: [GC (Allocation Failure) 2020-10-28T08:27:56.584+0000: [ParNew: 16397K->4K(18432K), 0.0027037 secs] 632047K->615653K(896640K), 0.0027568 secs] [Times: user=0.01 sys=0.00, real=0.00 secs] 
2020-10-28T08:27:56.638+0000: [GC (Allocation Failure) 2020-10-28T08:27:56.638+0000: [ParNew: 16388K->4K(18432K), 0.0028210 secs] 632037K->615653K(896640K), 0.0028921 secs] [Times: user=0.00 sys=0.00, real=0.01 secs] 
2020-10-28T08:27:56.678+0000: [GC (Allocation Failure) 2020-10-28T08:27:56.678+0000: [ParNew: 16388K->4K(18432K), 0.0027682 secs] 632037K->615653K(896640K), 0.0028217 secs] [Times: user=0.00 sys=0.00, real=0.01 secs] 
2020-10-28T08:27:56.717+0000: [GC (Allocation Failure) 2020-10-28T08:27:56.717+0000: [ParNew: 16388K->4K(18432K), 0.0039599 secs] 632037K->615653K(896640K), 0.0040131 secs] [Times: user=0.01 sys=0.00, real=0.01 secs] 
2020-10-28T08:27:56.756+0000: [GC (Allocation Failure) 2020-10-28T08:27:56.756+0000: [ParNew: 16388K->4K(18432K), 0.0027977 secs] 632037K->615653K(896640K), 0.0028533 secs] [Times: user=0.00 sys=0.00, real=0.00 secs] 
2020-10-28T08:27:56.776+0000: [GC (Allocation Failure) 2020-10-28T08:27:56.776+0000: [ParNew: 16388K->4K(18432K), 0.0026828 secs] 632037K->615653K(896640K), 0.0027326 secs] [Times: user=0.01 sys=0.00, real=0.00 secs] 
2020-10-28T08:27:56.798+0000: [GC (Allocation Failure) 2020-10-28T08:27:56.798+0000: [ParNew: 16388K->4K(18432K), 0.0027315 secs] 632037K->615653K(896640K), 0.0028018 secs] [Times: user=0.00 sys=0.00, real=0.01 secs] 
2020-10-28T08:27:56.819+0000: [GC (Allocation Failure) 2020-10-28T08:27:56.819+0000: [ParNew: 16388K->4K(18432K), 0.0027256 secs] 632037K->615654K(896640K), 0.0027946 secs] [Times: user=0.00 sys=0.00, real=0.01 secs] 
2020-10-28T08:27:56.840+0000: [GC (Allocation Failure) 2020-10-28T08:27:56.840+0000: [ParNew: 16388K->4K(18432K), 0.0026692 secs] 632038K->615654K(896640K), 0.0027190 secs] [Times: user=0.00 sys=0.00, real=0.00 secs] 
2020-10-28T08:27:56.860+0000: [GC (Allocation Failure) 2020-10-28T08:27:56.860+0000: [ParNew: 16388K->4K(18432K), 0.0025652 secs] 632038K->615654K(896640K), 0.0026158 secs] [Times: user=0.01 sys=0.00, real=0.01 secs] 
2020-10-28T08:27:56.884+0000: [GC (Allocation Failure) 2020-10-28T08:27:56.884+0000: [ParNew: 16388K->4K(18432K), 0.0026349 secs] 632038K->615654K(896640K), 0.0026853 secs] [Times: user=0.01 sys=0.00, real=0.00 secs] 
2020-10-28T08:27:56.904+0000: [GC (Allocation Failure) 2020-10-28T08:27:56.904+0000: [ParNew: 16388K->4K(18432K), 0.0025871 secs] 632038K->615654K(896640K), 0.0026362 secs] [Times: user=0.01 sys=0.00, real=0.00 secs] 
2020-10-28T08:27:56.932+0000: [GC (Allocation Failure) 2020-10-28T08:27:56.932+0000: [ParNew: 16388K->4K(18432K), 0.0027816 secs] 632038K->615654K(896640K), 0.0028351 secs] [Times: user=0.01 sys=0.00, real=0.00 secs] 
2020-10-28T08:27:56.953+0000: [GC (Allocation Failure) 2020-10-28T08:27:56.953+0000: [ParNew: 16388K->4K(18432K), 0.0027137 secs] 632038K->615654K(896640K), 0.0027665 secs] [Times: user=0.01 sys=0.00, real=0.00 secs] 
2020-10-28T08:27:56.976+0000: [GC (Allocation Failure) 2020-10-28T08:27:56.976+0000: [ParNew: 16388K->4K(18432K), 0.0027411 secs] 632038K->615654K(896640K), 0.0028024 secs] [Times: user=0.01 sys=0.00, real=0.00 secs] 
2020-10-28T08:27:56.995+0000: [GC (Allocation Failure) 2020-10-28T08:27:56.995+0000: [ParNew: 16388K->4K(18432K), 0.0026570 secs] 632038K->615654K(896640K), 0.0027034 secs] [Times: user=0.00 sys=0.00, real=0.00 secs] 
2020-10-28T08:27:57.015+0000: [GC (Allocation Failure) 2020-10-28T08:27:57.015+0000: [ParNew: 16388K->4K(18432K), 0.0026793 secs] 632038K->615654K(896640K), 0.0027283 secs] [Times: user=0.00 sys=0.00, real=0.00 secs] 
2020-10-28T08:27:57.035+0000: [GC (Allocation Failure) 2020-10-28T08:27:57.035+0000: [ParNew: 16388K->4K(18432K), 0.0026488 secs] 632038K->615654K(896640K), 0.0026981 secs] [Times: user=0.00 sys=0.00, real=0.00 secs] 
2020-10-28T08:27:57.056+0000: [GC (Allocation Failure) 2020-10-28T08:27:57.056+0000: [ParNew: 16388K->4K(18432K), 0.0026795 secs] 632038K->615654K(896640K), 0.0027290 secs] [Times: user=0.01 sys=0.00, real=0.00 secs] 
2020-10-28T08:27:57.076+0000: [GC (Allocation Failure) 2020-10-28T08:27:57.076+0000: [ParNew: 16388K->4K(18432K), 0.0026464 secs] 632038K->615654K(896640K), 0.0026952 secs] [Times: user=0.00 sys=0.00, real=0.00 secs] 
2020-10-28T08:27:57.096+0000: [GC (Allocation Failure) 2020-10-28T08:27:57.096+0000: [ParNew: 16388K->4K(18432K), 0.0026237 secs] 632038K->615654K(896640K), 0.0026711 secs] [Times: user=0.01 sys=0.00, real=0.00 secs] 
2020-10-28T08:27:57.120+0000: [GC (Allocation Failure) 2020-10-28T08:27:57.120+0000: [ParNew: 16388K->4K(18432K), 0.0026875 secs] 632038K->615654K(896640K), 0.0027368 secs] [Times: user=0.00 sys=0.00, real=0.00 secs] 
2020-10-28T08:27:57.147+0000: [GC (Allocation Failure) 2020-10-28T08:27:57.147+0000: [ParNew: 16388K->4K(18432K), 0.0031880 secs] 632038K->615654K(896640K), 0.0032512 secs] [Times: user=0.00 sys=0.00, real=0.01 secs] 
2020-10-28T08:27:57.168+0000: [GC (Allocation Failure) 2020-10-28T08:27:57.168+0000: [ParNew: 16388K->4K(18432K), 0.0026079 secs] 632038K->615654K(896640K), 0.0026571 secs] [Times: user=0.00 sys=0.00, real=0.00 secs] 
2020-10-28T08:27:57.190+0000: [GC (Allocation Failure) 2020-10-28T08:27:57.190+0000: [ParNew: 16388K->4K(18432K), 0.0027218 secs] 632038K->615654K(896640K), 0.0027739 secs] [Times: user=0.00 sys=0.00, real=0.00 secs] 
2020-10-28T08:27:57.209+0000: [GC (Allocation Failure) 2020-10-28T08:27:57.209+0000: [ParNew: 16388K->4K(18432K), 0.0026627 secs] 632038K->615654K(896640K), 0.0027213 secs] [Times: user=0.01 sys=0.00, real=0.00 secs] 
2020-10-28T08:27:57.232+0000: [GC (Allocation Failure) 2020-10-28T08:27:57.232+0000: [ParNew: 16388K->4K(18432K), 0.0026773 secs] 632038K->615654K(896640K), 0.0027268 secs] [Times: user=0.00 sys=0.00, real=0.00 secs] 
2020-10-28T08:27:57.252+0000: [GC (Allocation Failure) 2020-10-28T08:27:57.252+0000: [ParNew: 16388K->4K(18432K), 0.0028096 secs] 632038K->615654K(896640K), 0.0028638 secs] [Times: user=0.00 sys=0.00, real=0.00 secs] 
2020-10-28T08:27:57.276+0000: [GC (Allocation Failure) 2020-10-28T08:27:57.276+0000: [ParNew: 16388K->4K(18432K), 0.0028002 secs] 632038K->615654K(896640K), 0.0028528 secs] [Times: user=0.00 sys=0.00, real=0.00 secs] 
2020-10-28T08:27:57.296+0000: [GC (Allocation Failure) 2020-10-28T08:27:57.296+0000: [ParNew: 16388K->4K(18432K), 0.0028687 secs] 632038K->615654K(896640K), 0.0029198 secs] [Times: user=0.01 sys=0.00, real=0.00 secs] 
2020-10-28T08:27:57.317+0000: [GC (Allocation Failure) 2020-10-28T08:27:57.317+0000: [ParNew: 16388K->4K(18432K), 0.0028460 secs] 632038K->615654K(896640K), 0.0028986 secs] [Times: user=0.01 sys=0.00, real=0.00 secs] 
2020-10-28T08:27:57.336+0000: [GC (Allocation Failure) 2020-10-28T08:27:57.336+0000: [ParNew: 16388K->4K(18432K), 0.0027069 secs] 632038K->615654K(896640K), 0.0027565 secs] [Times: user=0.01 sys=0.00, real=0.00 secs] 
2020-10-28T08:27:57.360+0000: [GC (Allocation Failure) 2020-10-28T08:27:57.360+0000: [ParNew: 16388K->4K(18432K), 0.0026516 secs] 632038K->615654K(896640K), 0.0027114 secs] [Times: user=0.01 sys=0.00, real=0.00 secs] 
2020-10-28T08:27:57.380+0000: [GC (Allocation Failure) 2020-10-28T08:27:57.380+0000: [ParNew: 16388K->4K(18432K), 0.0026474 secs] 632038K->615654K(896640K), 0.0026976 secs] [Times: user=0.01 sys=0.00, real=0.00 secs] 
2020-10-28T08:27:57.401+0000: [GC (Allocation Failure) 2020-10-28T08:27:57.401+0000: [ParNew: 16388K->4K(18432K), 0.0026438 secs] 632038K->615654K(896640K), 0.0026942 secs] [Times: user=0.01 sys=0.00, real=0.00 secs] 
2020-10-28T08:27:57.422+0000: [GC (Allocation Failure) 2020-10-28T08:27:57.422+0000: [ParNew: 16388K->4K(18432K), 0.0027292 secs] 632038K->615654K(896640K), 0.0027800 secs] [Times: user=0.01 sys=0.00, real=0.00 secs] 
2020-10-28T08:27:57.445+0000: [GC (Allocation Failure) 2020-10-28T08:27:57.445+0000: [ParNew: 16467K->4K(18432K), 0.0023263 secs] 632118K->615654K(896640K), 0.0023757 secs] [Times: user=0.01 sys=0.00, real=0.00 secs] 
2020-10-28T08:27:57.447+0000: [CMS-concurrent-abortable-preclean: 0.070/0.886 secs] [Times: user=1.63 sys=0.03, real=0.88 secs] 
2020-10-28T08:27:57.452+0000: [GC (CMS Final Remark) [YG occupancy: 492 K (18432 K)]2020-10-28T08:27:57.452+0000: [Rescan (parallel) , 0.0017968 secs]2020-10-28T08:27:57.453+0000: [weak refs processing, 0.0001090 secs]2020-10-28T08:27:57.454+0000: [class unloading, 0.0083227 secs]2020-10-28T08:27:57.462+0000: [scrub symbol table, 0.0088093 secs]2020-10-28T08:27:57.471+0000: [scrub string table, 0.0005650 secs][1 CMS-remark: 615650K(878208K)] 616143K(896640K), 0.0197161 secs] [Times: user=0.02 sys=0.00, real=0.02 secs] 
2020-10-28T08:27:57.476+0000: [CMS-concurrent-sweep-start]
2020-10-28T08:27:57.492+0000: [GC (Allocation Failure) 2020-10-28T08:27:57.492+0000: [ParNew: 16388K->4K(18432K), 0.0028198 secs] 631407K->615023K(896640K), 0.0028721 secs] [Times: user=0.01 sys=0.00, real=0.00 secs] 
2020-10-28T08:27:57.497+0000: [CMS-concurrent-sweep: 0.018/0.021 secs] [Times: user=0.04 sys=0.00, real=0.02 secs] 
2020-10-28T08:27:57.497+0000: [CMS-concurrent-reset-start]
2020-10-28T08:27:57.499+0000: [CMS-concurrent-reset: 0.002/0.002 secs] [Times: user=0.00 sys=0.00, real=0.00 secs] 
2020-10-28T08:27:57.514+0000: [GC (Allocation Failure) 2020-10-28T08:27:57.514+0000: [ParNew: 16388K->4K(18432K), 0.0029663 secs] 357752K->341368K(896640K), 0.0030162 secs] [Times: user=0.01 sys=0.00, real=0.00 secs] 
2020-10-28T08:27:57.533+0000: [GC (Allocation Failure) 2020-10-28T08:27:57.533+0000: [ParNew: 16388K->4K(18432K), 0.0028595 secs] 357752K->341368K(896640K), 0.0029068 secs] [Times: user=0.01 sys=0.00, real=0.00 secs] 
2020-10-28T08:27:57.553+0000: [GC (Allocation Failure) 2020-10-28T08:27:57.553+0000: [ParNew: 16388K->4K(18432K), 0.0028356 secs] 357752K->341368K(896640K), 0.0028848 secs] [Times: user=0.01 sys=0.00, real=0.00 secs] 
2020-10-28T08:27:57.571+0000: [GC (Allocation Failure) 2020-10-28T08:27:57.571+0000: [ParNew: 16388K->4K(18432K), 0.0028601 secs] 357752K->341368K(896640K), 0.0029075 secs] [Times: user=0.00 sys=0.00, real=0.00 secs] 
2020-10-28T08:27:57.590+0000: [GC (Allocation Failure) 2020-10-28T08:27:57.590+0000: [ParNew: 16388K->4K(18432K), 0.0028494 secs] 357752K->341368K(896640K), 0.0029017 secs] [Times: user=0.01 sys=0.00, real=0.00 secs] 
2020-10-28T08:27:57.609+0000: [GC (Allocation Failure) 2020-10-28T08:27:57.609+0000: [ParNew: 16388K->4K(18432K), 0.0027880 secs] 357752K->341368K(896640K), 0.0028342 secs] [Times: user=0.01 sys=0.00, real=0.00 secs] 
2020-10-28T08:27:57.628+0000: [GC (Allocation Failure) 2020-10-28T08:27:57.628+0000: [ParNew: 16388K->4K(18432K), 0.0028045 secs] 357752K->341368K(896640K), 0.0028525 secs] [Times: user=0.00 sys=0.00, real=0.00 secs] 
2020-10-28T08:27:57.656+0000: [GC (Allocation Failure) 2020-10-28T08:27:57.656+0000: [ParNew: 16388K->4K(18432K), 0.0029518 secs] 357752K->341368K(896640K), 0.0030211 secs] [Times: user=0.00 sys=0.00, real=0.00 secs] 
2020-10-28T08:27:57.680+0000: [GC (Allocation Failure) 2020-10-28T08:27:57.680+0000: [ParNew: 16388K->4K(18432K), 0.0028356 secs] 357752K->341368K(896640K), 0.0028837 secs] [Times: user=0.00 sys=0.00, real=0.00 secs] 
2020-10-28T08:27:57.700+0000: [GC (Allocation Failure) 2020-10-28T08:27:57.700+0000: [ParNew: 16388K->4K(18432K), 0.0028648 secs] 357752K->341368K(896640K), 0.0029130 secs] [Times: user=0.01 sys=0.00, real=0.00 secs] 
2020-10-28T08:27:57.719+0000: [GC (Allocation Failure) 2020-10-28T08:27:57.719+0000: [ParNew: 16388K->4K(18432K), 0.0028485 secs] 357752K->341368K(896640K), 0.0028967 secs] [Times: user=0.01 sys=0.00, real=0.01 secs] 
2020-10-28T08:27:57.740+0000: [GC (Allocation Failure) 2020-10-28T08:27:57.740+0000: [ParNew: 16388K->4K(18432K), 0.0028977 secs] 357752K->341368K(896640K), 0.0029457 secs] [Times: user=0.01 sys=0.00, real=0.00 secs] 
2020-10-28T08:27:57.760+0000: [GC (Allocation Failure) 2020-10-28T08:27:57.760+0000: [ParNew: 16388K->4K(18432K), 0.0029568 secs] 357752K->341368K(896640K), 0.0030087 secs] [Times: user=0.01 sys=0.00, real=0.00 secs] 
2020-10-28T08:27:57.783+0000: [GC (GCLocker Initiated GC) 2020-10-28T08:27:57.783+0000: [ParNew: 16388K->4K(18432K), 0.0028502 secs] 357752K->341368K(896640K), 0.0028991 secs] [Times: user=0.01 sys=0.00, real=0.00 secs] 
2020-10-28T08:27:57.802+0000: [GC (Allocation Failure) 2020-10-28T08:27:57.802+0000: [ParNew: 16388K->4K(18432K), 0.0028584 secs] 357752K->341368K(896640K), 0.0029066 secs] [Times: user=0.01 sys=0.00, real=0.00 secs] 
2020-10-28T08:27:57.820+0000: [GC (Allocation Failure) 2020-10-28T08:27:57.820+0000: [ParNew: 16388K->4K(18432K), 0.0028069 secs] 357752K->341368K(896640K), 0.0028546 secs] [Times: user=0.01 sys=0.00, real=0.00 secs] 
2020-10-28T08:27:57.839+0000: [GC (Allocation Failure) 2020-10-28T08:27:57.839+0000: [ParNew: 16388K->4K(18432K), 0.0028354 secs] 357752K->341368K(896640K), 0.0028821 secs] [Times: user=0.01 sys=0.00, real=0.01 secs] 
2020-10-28T08:27:57.858+0000: [GC (Allocation Failure) 2020-10-28T08:27:57.858+0000: [ParNew: 16388K->4K(18432K), 0.0028289 secs] 357752K->341368K(896640K), 0.0028763 secs] [Times: user=0.00 sys=0.00, real=0.01 secs] 
2020-10-28T08:27:57.876+0000: [GC (Allocation Failure) 2020-10-28T08:27:57.876+0000: [ParNew: 16388K->4K(18432K), 0.0028204 secs] 357752K->341368K(896640K), 0.0028680 secs] [Times: user=0.01 sys=0.00, real=0.00 secs] 
2020-10-28T08:27:57.899+0000: [GC (Allocation Failure) 2020-10-28T08:27:57.899+0000: [ParNew: 16388K->4K(18432K), 0.0028608 secs] 357752K->341368K(896640K), 0.0029085 secs] [Times: user=0.00 sys=0.00, real=0.01 secs] 
2020-10-28T08:27:57.920+0000: [GC (Allocation Failure) 2020-10-28T08:27:57.920+0000: [ParNew: 16388K->4K(18432K), 0.0028920 secs] 357752K->341368K(896640K), 0.0029398 secs] [Times: user=0.00 sys=0.00, real=0.00 secs] 
2020-10-28T08:27:57.940+0000: [GC (Allocation Failure) 2020-10-28T08:27:57.940+0000: [ParNew: 16388K->4K(18432K), 0.0027834 secs] 357752K->341368K(896640K), 0.0028289 secs] [Times: user=0.00 sys=0.00, real=0.00 secs] 
2020-10-28T08:27:57.960+0000: [GC (Allocation Failure) 2020-10-28T08:27:57.960+0000: [ParNew: 16388K->4K(18432K), 0.0028028 secs] 357752K->341368K(896640K), 0.0028494 secs] [Times: user=0.00 sys=0.00, real=0.00 secs] 
2020-10-28T08:27:57.978+0000: [GC (Allocation Failure) 2020-10-28T08:27:57.978+0000: [ParNew: 16388K->4K(18432K), 0.0028432 secs] 357752K->341368K(896640K), 0.0028910 secs] [Times: user=0.00 sys=0.00, real=0.01 secs] 
2020-10-28T08:27:58.000+0000: [GC (Allocation Failure) 2020-10-28T08:27:58.000+0000: [ParNew: 16388K->4K(18432K), 0.0028420 secs] 357752K->341368K(896640K), 0.0028897 secs] [Times: user=0.01 sys=0.00, real=0.00 secs] 
2020-10-28T08:27:58.020+0000: [GC (Allocation Failure) 2020-10-28T08:27:58.020+0000: [ParNew: 16388K->4K(18432K), 0.0028510 secs] 357752K->341368K(896640K), 0.0028984 secs] [Times: user=0.00 sys=0.00, real=0.00 secs] 
2020-10-28T08:27:58.039+0000: [GC (Allocation Failure) 2020-10-28T08:27:58.039+0000: [ParNew: 16388K->4K(18432K), 0.0028231 secs] 357752K->341368K(896640K), 0.0028699 secs] [Times: user=0.01 sys=0.00, real=0.01 secs] 
2020-10-28T08:27:58.058+0000: [GC (Allocation Failure) 2020-10-28T08:27:58.058+0000: [ParNew: 16388K->4K(18432K), 0.0029199 secs] 357752K->341368K(896640K), 0.0029706 secs] [Times: user=0.00 sys=0.00, real=0.01 secs] 
2020-10-28T08:27:58.080+0000: [GC (Allocation Failure) 2020-10-28T08:27:58.080+0000: [ParNew: 16388K->4K(18432K), 0.0028757 secs] 357752K->341368K(896640K), 0.0029241 secs] [Times: user=0.00 sys=0.00, real=0.00 secs] 
2020-10-28T08:27:58.099+0000: [GC (GCLocker Initiated GC) 2020-10-28T08:27:58.099+0000: [ParNew: 16388K->4K(18432K), 0.0027941 secs] 357752K->341368K(896640K), 0.0028393 secs] [Times: user=0.01 sys=0.00, real=0.01 secs] 
2020-10-28T08:27:58.117+0000: [GC (Allocation Failure) 2020-10-28T08:27:58.117+0000: [ParNew: 16388K->4K(18432K), 0.0028999 secs] 357752K->341368K(896640K), 0.0029481 secs] [Times: user=0.01 sys=0.00, real=0.01 secs] 
2020-10-28T08:27:58.140+0000: [GC (Allocation Failure) 2020-10-28T08:27:58.140+0000: [ParNew: 16388K->4K(18432K), 0.0028478 secs] 357752K->341368K(896640K), 0.0028967 secs] [Times: user=0.01 sys=0.00, real=0.00 secs] 
2020-10-28T08:27:58.159+0000: [GC (Allocation Failure) 2020-10-28T08:27:58.159+0000: [ParNew: 16388K->4K(18432K), 0.0028519 secs] 357752K->341368K(896640K), 0.0028955 secs] [Times: user=0.00 sys=0.00, real=0.01 secs] 
2020-10-28T08:27:58.178+0000: [GC (Allocation Failure) 2020-10-28T08:27:58.178+0000: [ParNew: 16388K->2K(18432K), 0.0062280 secs] 357752K->341366K(896640K), 0.0062772 secs] [Times: user=0.00 sys=0.00, real=0.01 secs] 
2020-10-28T08:27:58.200+0000: [GC (Allocation Failure) 2020-10-28T08:27:58.200+0000: [ParNew: 16386K->4K(18432K), 0.0028946 secs] 357750K->341368K(896640K), 0.0029453 secs] [Times: user=0.00 sys=0.00, real=0.00 secs] 
2020-10-28T08:27:58.218+0000: [GC (Allocation Failure) 2020-10-28T08:27:58.218+0000: [ParNew: 16388K->4K(18432K), 0.0028449 secs] 357752K->341368K(896640K), 0.0028936 secs] [Times: user=0.01 sys=0.00, real=0.01 secs] 
2020-10-28T08:27:58.240+0000: [GC (Allocation Failure) 2020-10-28T08:27:58.240+0000: [ParNew: 16388K->4K(18432K), 0.0027975 secs] 357752K->341368K(896640K), 0.0028453 secs] [Times: user=0.01 sys=0.00, real=0.00 secs] 
2020-10-28T08:27:58.259+0000: [GC (Allocation Failure) 2020-10-28T08:27:58.259+0000: [ParNew: 16388K->4K(18432K), 0.0028319 secs] 357752K->341368K(896640K), 0.0028792 secs] [Times: user=0.01 sys=0.00, real=0.01 secs] 
2020-10-28T08:27:58.277+0000: [GC (Allocation Failure) 2020-10-28T08:27:58.277+0000: [ParNew: 16388K->4K(18432K), 0.0028470 secs] 357752K->341368K(896640K), 0.0028952 secs] [Times: user=0.00 sys=0.00, real=0.01 secs] 
2020-10-28T08:27:58.300+0000: [GC (Allocation Failure) 2020-10-28T08:27:58.300+0000: [ParNew: 16388K->4K(18432K), 0.0028606 secs] 357752K->341368K(896640K), 0.0029102 secs] [Times: user=0.01 sys=0.00, real=0.00 secs] 
2020-10-28T08:27:58.318+0000: [GC (Allocation Failure) 2020-10-28T08:27:58.318+0000: [ParNew: 16388K->4K(18432K), 0.0028286 secs] 357752K->341368K(896640K), 0.0028760 secs] [Times: user=0.00 sys=0.00, real=0.01 secs] 
2020-10-28T08:27:58.340+0000: [GC (Allocation Failure) 2020-10-28T08:27:58.340+0000: [ParNew: 16388K->4K(18432K), 0.0027836 secs] 357752K->341368K(896640K), 0.0028311 secs] [Times: user=0.01 sys=0.00, real=0.00 secs] 
2020-10-28T08:27:58.360+0000: [GC (Allocation Failure) 2020-10-28T08:27:58.360+0000: [ParNew: 16388K->4K(18432K), 0.0028337 secs] 357752K->341368K(896640K), 0.0028824 secs] [Times: user=0.00 sys=0.00, real=0.00 secs] 
2020-10-28T08:27:58.378+0000: [GC (Allocation Failure) 2020-10-28T08:27:58.379+0000: [ParNew: 16388K->4K(18432K), 0.0028696 secs] 357752K->341368K(896640K), 0.0029182 secs] [Times: user=0.00 sys=0.00, real=0.01 secs] 
2020-10-28T08:27:58.397+0000: [GC (Allocation Failure) 2020-10-28T08:27:58.397+0000: [ParNew: 16388K->4K(18432K), 0.0028027 secs] 357752K->341368K(896640K), 0.0028498 secs] [Times: user=0.01 sys=0.00, real=0.01 secs] 
2020-10-28T08:27:58.419+0000: [GC (Allocation Failure) 2020-10-28T08:27:58.420+0000: [ParNew: 16388K->4K(18432K), 0.0028867 secs] 357752K->341368K(896640K), 0.0029351 secs] [Times: user=0.01 sys=0.00, real=0.01 secs] 
2020-10-28T08:27:58.438+0000: [GC (Allocation Failure) 2020-10-28T08:27:58.438+0000: [ParNew: 16388K->4K(18432K), 0.0029035 secs] 357752K->341368K(896640K), 0.0029529 secs] [Times: user=0.01 sys=0.00, real=0.01 secs] 
2020-10-28T08:27:58.460+0000: [GC (Allocation Failure) 2020-10-28T08:27:58.460+0000: [ParNew: 16388K->4K(18432K), 0.0028637 secs] 357752K->341368K(896640K), 0.0029121 secs] [Times: user=0.00 sys=0.00, real=0.00 secs] 
2020-10-28T08:27:58.479+0000: [GC (Allocation Failure) 2020-10-28T08:27:58.479+0000: [ParNew: 16388K->4K(18432K), 0.0028245 secs] 357752K->341368K(896640K), 0.0028732 secs] [Times: user=0.01 sys=0.00, real=0.01 secs] 
2020-10-28T08:27:58.498+0000: [GC (Allocation Failure) 2020-10-28T08:27:58.498+0000: [ParNew: 16388K->4K(18432K), 0.0028348 secs] 357752K->341368K(896640K), 0.0028827 secs] [Times: user=0.01 sys=0.00, real=0.01 secs] 
2020-10-28T08:27:58.520+0000: [GC (Allocation Failure) 2020-10-28T08:27:58.520+0000: [ParNew: 16388K->4K(18432K), 0.0028301 secs] 357752K->341368K(896640K), 0.0028796 secs] [Times: user=0.00 sys=0.00, real=0.00 secs] 
2020-10-28T08:27:58.539+0000: [GC (Allocation Failure) 2020-10-28T08:27:58.539+0000: [ParNew: 16388K->4K(18432K), 0.0028922 secs] 357752K->341368K(896640K), 0.0029482 secs] [Times: user=0.01 sys=0.00, real=0.01 secs] 
2020-10-28T08:27:58.559+0000: [GC (Allocation Failure) 2020-10-28T08:27:58.560+0000: [ParNew: 16388K->4K(18432K), 0.0028600 secs] 357752K->341368K(896640K), 0.0029095 secs] [Times: user=0.01 sys=0.00, real=0.01 secs] 
2020-10-28T08:27:58.578+0000: [GC (Allocation Failure) 2020-10-28T08:27:58.578+0000: [ParNew: 16388K->4K(18432K), 0.0028409 secs] 357752K->341368K(896640K), 0.0028862 secs] [Times: user=0.01 sys=0.00, real=0.01 secs] 
2020-10-28T08:27:58.600+0000: [GC (Allocation Failure) 2020-10-28T08:27:58.600+0000: [ParNew: 16388K->4K(18432K), 0.0027308 secs] 357752K->341368K(896640K), 0.0027772 secs] [Times: user=0.01 sys=0.00, real=0.00 secs] 
2020-10-28T08:27:58.619+0000: [GC (Allocation Failure) 2020-10-28T08:27:58.619+0000: [ParNew: 16388K->4K(18432K), 0.0028737 secs] 357752K->341368K(896640K), 0.0029215 secs] [Times: user=0.00 sys=0.00, real=0.01 secs] 
2020-10-28T08:27:58.640+0000: [GC (Allocation Failure) 2020-10-28T08:27:58.640+0000: [ParNew: 16388K->4K(18432K), 0.0028185 secs] 357752K->341368K(896640K), 0.0028669 secs] [Times: user=0.00 sys=0.00, real=0.00 secs] 
2020-10-28T08:27:58.658+0000: [GC (Allocation Failure) 2020-10-28T08:27:58.658+0000: [ParNew: 16388K->4K(18432K), 0.0028959 secs] 357752K->341368K(896640K), 0.0029446 secs] [Times: user=0.01 sys=0.00, real=0.01 secs] 
2020-10-28T08:27:58.680+0000: [GC (Allocation Failure) 2020-10-28T08:27:58.680+0000: [ParNew: 16388K->4K(18432K), 0.0028121 secs] 357752K->341368K(896640K), 0.0028582 secs] [Times: user=0.00 sys=0.00, real=0.00 secs] 
2020-10-28T08:27:58.698+0000: [GC (Allocation Failure) 2020-10-28T08:27:58.698+0000: [ParNew: 16388K->4K(18432K), 0.0027316 secs] 357752K->341368K(896640K), 0.0027783 secs] [Times: user=0.01 sys=0.00, real=0.01 secs] 
2020-10-28T08:27:58.720+0000: [GC (Allocation Failure) 2020-10-28T08:27:58.720+0000: [ParNew: 16388K->4K(18432K), 0.0027588 secs] 357752K->341368K(896640K), 0.0028050 secs] [Times: user=0.01 sys=0.00, real=0.00 secs] 
2020-10-28T08:27:58.740+0000: [GC (Allocation Failure) 2020-10-28T08:27:58.740+0000: [ParNew: 16388K->4K(18432K), 0.0027800 secs] 357752K->341368K(896640K), 0.0028252 secs] [Times: user=0.00 sys=0.00, real=0.00 secs] 
2020-10-28T08:27:58.759+0000: [GC (Allocation Failure) 2020-10-28T08:27:58.759+0000: [ParNew: 16388K->4K(18432K), 0.0028924 secs] 357752K->341368K(896640K), 0.0029422 secs] [Times: user=0.01 sys=0.00, real=0.01 secs] 
2020-10-28T08:27:58.778+0000: [GC (Allocation Failure) 2020-10-28T08:27:58.778+0000: [ParNew: 16388K->4K(18432K), 0.0028199 secs] 357752K->341368K(896640K), 0.0028694 secs] [Times: user=0.00 sys=0.00, real=0.01 secs] 
2020-10-28T08:27:58.797+0000: [GC (Allocation Failure) 2020-10-28T08:27:58.797+0000: [ParNew: 16388K->4K(18432K), 0.0027378 secs] 357752K->341368K(896640K), 0.0027858 secs] [Times: user=0.01 sys=0.00, real=0.01 secs] 
2020-10-28T08:27:58.816+0000: [GC (Allocation Failure) 2020-10-28T08:27:58.816+0000: [ParNew: 16388K->4K(18432K), 0.0027924 secs] 357752K->341368K(896640K), 0.0028451 secs] [Times: user=0.00 sys=0.00, real=0.00 secs] 
2020-10-28T08:27:58.835+0000: [GC (Allocation Failure) 2020-10-28T08:27:58.835+0000: [ParNew: 16388K->4K(18432K), 0.0027909 secs] 357752K->341368K(896640K), 0.0028352 secs] [Times: user=0.01 sys=0.00, real=0.00 secs] 
2020-10-28T08:27:58.856+0000: [GC (Allocation Failure) 2020-10-28T08:27:58.856+0000: [ParNew: 16388K->4K(18432K), 0.0028421 secs] 357752K->341368K(896640K), 0.0028873 secs] [Times: user=0.01 sys=0.00, real=0.00 secs] 
2020-10-28T08:27:58.876+0000: [GC (Allocation Failure) 2020-10-28T08:27:58.876+0000: [ParNew: 16388K->4K(18432K), 0.0027217 secs] 357752K->341368K(896640K), 0.0027687 secs] [Times: user=0.00 sys=0.00, real=0.00 secs] 
2020-10-28T08:27:58.896+0000: [GC (Allocation Failure) 2020-10-28T08:27:58.896+0000: [ParNew: 16388K->4K(18432K), 0.0027568 secs] 357752K->341368K(896640K), 0.0028033 secs] [Times: user=0.01 sys=0.00, real=0.00 secs] 
2020-10-28T08:27:58.914+0000: [GC (Allocation Failure) 2020-10-28T08:27:58.914+0000: [ParNew: 16388K->4K(18432K), 0.0027083 secs] 357752K->341368K(896640K), 0.0027542 secs] [Times: user=0.00 sys=0.00, real=0.00 secs] 
2020-10-28T08:27:58.934+0000: [GC (Allocation Failure) 2020-10-28T08:27:58.934+0000: [ParNew: 16388K->4K(18432K), 0.0028056 secs] 357752K->341368K(896640K), 0.0028516 secs] [Times: user=0.00 sys=0.00, real=0.00 secs] 
2020-10-28T08:27:58.952+0000: [GC (Allocation Failure) 2020-10-28T08:27:58.952+0000: [ParNew: 16388K->4K(18432K), 0.0026684 secs] 357752K->341368K(896640K), 0.0027133 secs] [Times: user=0.01 sys=0.00, real=0.00 secs] 
2020-10-28T08:27:58.972+0000: [GC (Allocation Failure) 2020-10-28T08:27:58.972+0000: [ParNew: 16388K->4K(18432K), 0.0027841 secs] 357752K->341368K(896640K), 0.0028328 secs] [Times: user=0.00 sys=0.00, real=0.00 secs] 
2020-10-28T08:27:58.990+0000: [GC (Allocation Failure) 2020-10-28T08:27:58.990+0000: [ParNew: 16388K->4K(18432K), 0.0027219 secs] 357752K->341368K(896640K), 0.0027686 secs] [Times: user=0.01 sys=0.00, real=0.00 secs] 
2020-10-28T08:27:59.012+0000: [GC (Allocation Failure) 2020-10-28T08:27:59.012+0000: [ParNew: 16388K->4K(18432K), 0.0027623 secs] 357752K->341368K(896640K), 0.0028106 secs] [Times: user=0.01 sys=0.00, real=0.00 secs] 
2020-10-28T08:27:59.030+0000: [GC (Allocation Failure) 2020-10-28T08:27:59.030+0000: [ParNew: 16388K->4K(18432K), 0.0028143 secs] 357752K->341368K(896640K), 0.0028626 secs] [Times: user=0.00 sys=0.00, real=0.00 secs] 
2020-10-28T08:27:59.049+0000: [GC (Allocation Failure) 2020-10-28T08:27:59.049+0000: [ParNew: 16388K->4K(18432K), 0.0028601 secs] 357752K->341368K(896640K), 0.0029092 secs] [Times: user=0.01 sys=0.00, real=0.00 secs] 
2020-10-28T08:27:59.068+0000: [GC (Allocation Failure) 2020-10-28T08:27:59.068+0000: [ParNew: 16388K->4K(18432K), 0.0028822 secs] 357752K->341368K(896640K), 0.0029316 secs] [Times: user=0.00 sys=0.00, real=0.00 secs] 
2020-10-28T08:27:59.086+0000: [GC (Allocation Failure) 2020-10-28T08:27:59.086+0000: [ParNew: 16388K->4K(18432K), 0.0028047 secs] 357752K->341368K(896640K), 0.0028522 secs] [Times: user=0.01 sys=0.00, real=0.01 secs] 
2020-10-28T08:27:59.105+0000: [GC (Allocation Failure) 2020-10-28T08:27:59.105+0000: [ParNew: 16388K->4K(18432K), 0.0028199 secs] 357752K->341368K(896640K), 0.0028662 secs] [Times: user=0.00 sys=0.00, real=0.01 secs] 
2020-10-28T08:27:59.124+0000: [GC (Allocation Failure) 2020-10-28T08:27:59.124+0000: [ParNew: 16388K->4K(18432K), 0.0028139 secs] 357752K->341368K(896640K), 0.0028624 secs] [Times: user=0.00 sys=0.00, real=0.00 secs] 
2020-10-28T08:27:59.143+0000: [GC (Allocation Failure) 2020-10-28T08:27:59.143+0000: [ParNew: 16388K->4K(18432K), 0.0028330 secs] 357752K->341368K(896640K), 0.0028808 secs] [Times: user=0.00 sys=0.00, real=0.00 secs] 
2020-10-28T08:27:59.168+0000: [GC (Allocation Failure) 2020-10-28T08:27:59.168+0000: [ParNew: 16388K->4K(18432K), 0.0030177 secs] 357752K->341368K(896640K), 0.0030674 secs] [Times: user=0.01 sys=0.00, real=0.00 secs] 
2020-10-28T08:27:59.188+0000: [GC (Allocation Failure) 2020-10-28T08:27:59.188+0000: [ParNew: 16388K->4K(18432K), 0.0028322 secs] 357752K->341368K(896640K), 0.0028789 secs] [Times: user=0.00 sys=0.00, real=0.01 secs] 
2020-10-28T08:27:59.208+0000: [GC (Allocation Failure) 2020-10-28T08:27:59.208+0000: [ParNew: 16388K->4K(18432K), 0.0028660 secs] 357752K->341368K(896640K), 0.0029154 secs] [Times: user=0.01 sys=0.00, real=0.00 secs] 
2020-10-28T08:27:59.227+0000: [GC (Allocation Failure) 2020-10-28T08:27:59.227+0000: [ParNew: 16388K->4K(18432K), 0.0028244 secs] 357752K->341368K(896640K), 0.0028722 secs] [Times: user=0.00 sys=0.00, real=0.01 secs] 
2020-10-28T08:27:59.245+0000: [GC (Allocation Failure) 2020-10-28T08:27:59.245+0000: [ParNew: 16388K->4K(18432K), 0.0027708 secs] 357752K->341368K(896640K), 0.0028192 secs] [Times: user=0.01 sys=0.00, real=0.01 secs] 
2020-10-28T08:27:59.270+0000: [GC (Allocation Failure) 2020-10-28T08:27:59.270+0000: [ParNew: 16388K->4K(18432K), 0.0029168 secs] 357752K->341368K(896640K), 0.0029768 secs] [Times: user=0.01 sys=0.00, real=0.00 secs] 
2020-10-28T08:27:59.332+0000: [GC (Allocation Failure) 2020-10-28T08:27:59.332+0000: [ParNew: 16388K->480K(18432K), 0.0035185 secs] 357752K->341845K(896640K), 0.0035658 secs] [Times: user=0.01 sys=0.01, real=0.00 secs] 
2020-10-28T08:27:59.456+0000: [GC (Allocation Failure) 2020-10-28T08:27:59.456+0000: [ParNew: 16864K->687K(18432K), 0.0034691 secs] 358229K->342052K(896640K), 0.0035377 secs] [Times: user=0.01 sys=0.00, real=0.01 secs] 
2020-10-28T08:27:59.506+0000: [GC (Allocation Failure) 2020-10-28T08:27:59.506+0000: [ParNew: 17071K->906K(18432K), 0.0033727 secs] 358436K->342271K(896640K), 0.0034433 secs] [Times: user=0.01 sys=0.00, real=0.01 secs] 
2020-10-28T08:27:59.544+0000: [GC (Allocation Failure) 2020-10-28T08:27:59.544+0000: [ParNew: 17290K->1128K(18432K), 0.0034058 secs] 358655K->342493K(896640K), 0.0034784 secs] [Times: user=0.01 sys=0.00, real=0.00 secs] 
2020-10-28T08:27:59.580+0000: [GC (Allocation Failure) 2020-10-28T08:27:59.580+0000: [ParNew: 17512K->795K(18432K), 0.0035356 secs] 358877K->342449K(896640K), 0.0036054 secs] [Times: user=0.00 sys=0.00, real=0.00 secs] 
2020-10-28T08:27:59.616+0000: [GC (Allocation Failure) 2020-10-28T08:27:59.616+0000: [ParNew: 17179K->1269K(18432K), 0.0030852 secs] 358833K->342923K(896640K), 0.0031541 secs] [Times: user=0.01 sys=0.00, real=0.00 secs] 
2020-10-28T08:27:59.652+0000: [GC (Allocation Failure) 2020-10-28T08:27:59.652+0000: [ParNew: 17653K->20K(18432K), 0.0032294 secs] 359307K->342922K(896640K), 0.0033088 secs] [Times: user=0.00 sys=0.00, real=0.00 secs] 
2020-10-28T08:27:59.685+0000: [GC (Allocation Failure) 2020-10-28T08:27:59.685+0000: [ParNew: 16404K->10K(18432K), 0.0028821 secs] 359306K->342912K(896640K), 0.0029318 secs] [Times: user=0.00 sys=0.00, real=0.01 secs] 
2020-10-28T08:27:59.707+0000: [GC (Allocation Failure) 2020-10-28T08:27:59.707+0000: [ParNew: 16394K->4K(18432K), 0.0028045 secs] 359296K->342906K(896640K), 0.0028472 secs] [Times: user=0.01 sys=0.00, real=0.01 secs] 
2020-10-28T08:27:59.726+0000: [GC (Allocation Failure) 2020-10-28T08:27:59.726+0000: [ParNew: 16388K->4K(18432K), 0.0029711 secs] 359290K->344954K(896640K), 0.0030166 secs] [Times: user=0.01 sys=0.00, real=0.01 secs] 
2020-10-28T08:27:59.756+0000: [GC (Allocation Failure) 2020-10-28T08:27:59.756+0000: [ParNew: 16388K->4K(18432K), 0.0027880 secs] 361338K->344954K(896640K), 0.0028353 secs] [Times: user=0.00 sys=0.00, real=0.00 secs] 
2020-10-28T08:27:59.792+0000: [GC (Allocation Failure) 2020-10-28T08:27:59.792+0000: [ParNew: 16388K->4K(18432K), 0.0029064 secs] 361338K->344954K(896640K), 0.0029716 secs] [Times: user=0.00 sys=0.00, real=0.00 secs] 
2020-10-28T08:27:59.829+0000: [GC (Allocation Failure) 2020-10-28T08:27:59.829+0000: [ParNew: 16388K->4K(18432K), 0.0051480 secs] 361338K->344954K(896640K), 0.0051981 secs] [Times: user=0.01 sys=0.00, real=0.00 secs] 
2020-10-28T08:27:59.874+0000: [GC (Allocation Failure) 2020-10-28T08:27:59.874+0000: [ParNew: 16388K->4K(18432K), 0.0052784 secs] 361338K->344954K(896640K), 0.0053376 secs] [Times: user=0.01 sys=0.00, real=0.00 secs] 
2020-10-28T08:27:59.911+0000: [GC (Allocation Failure) 2020-10-28T08:27:59.911+0000: [ParNew: 16388K->4K(18432K), 0.0029299 secs] 361338K->344954K(896640K), 0.0029997 secs] [Times: user=0.01 sys=0.00, real=0.00 secs] 
2020-10-28T08:27:59.948+0000: [GC (Allocation Failure) 2020-10-28T08:27:59.948+0000: [ParNew: 16388K->4K(18432K), 0.0029007 secs] 361338K->344954K(896640K), 0.0029690 secs] [Times: user=0.01 sys=0.00, real=0.00 secs] 
2020-10-28T08:27:59.983+0000: [GC (Allocation Failure) 2020-10-28T08:27:59.984+0000: [ParNew: 16388K->4K(18432K), 0.0029044 secs] 361338K->344954K(896640K), 0.0029716 secs] [Times: user=0.01 sys=0.00, real=0.00 secs] 
2020-10-28T08:28:00.015+0000: [GC (Allocation Failure) 2020-10-28T08:28:00.015+0000: [ParNew: 14734K->4K(18432K), 0.0029567 secs] 359684K->344954K(896640K), 0.0030282 secs] [Times: user=0.01 sys=0.00, real=0.00 secs] 
2020-10-28T08:28:00.043+0000: [GC (Allocation Failure) 2020-10-28T08:28:00.043+0000: [ParNew: 16388K->4K(18432K), 0.0036600 secs] 361338K->349050K(896640K), 0.0037295 secs] [Times: user=0.01 sys=0.00, real=0.00 secs] 
2020-10-28T08:28:00.079+0000: [GC (Allocation Failure) 2020-10-28T08:28:00.079+0000: [ParNew: 16388K->4K(18432K), 0.0029595 secs] 365434K->349050K(896640K), 0.0030299 secs] [Times: user=0.01 sys=0.00, real=0.01 secs] 
2020-10-28T08:28:00.114+0000: [GC (Allocation Failure) 2020-10-28T08:28:00.114+0000: [ParNew: 16388K->4K(18432K), 0.0030101 secs] 365434K->349050K(896640K), 0.0030796 secs] [Times: user=0.01 sys=0.00, real=0.00 secs] 
2020-10-28T08:28:00.148+0000: [GC (Allocation Failure) 2020-10-28T08:28:00.148+0000: [ParNew: 16388K->4K(18432K), 0.0029290 secs] 365434K->349050K(896640K), 0.0029889 secs] [Times: user=0.00 sys=0.00, real=0.00 secs] 
2020-10-28T08:28:00.176+0000: [GC (Allocation Failure) 2020-10-28T08:28:00.176+0000: [ParNew: 16388K->4K(18432K), 0.0028699 secs] 365434K->349050K(896640K), 0.0029165 secs] [Times: user=0.00 sys=0.00, real=0.00 secs] 
2020-10-28T08:28:00.209+0000: [GC (Allocation Failure) 2020-10-28T08:28:00.209+0000: [ParNew: 16388K->4K(18432K), 0.0029525 secs] 365434K->349050K(896640K), 0.0030067 secs] [Times: user=0.01 sys=0.00, real=0.00 secs] 
2020-10-28T08:28:00.240+0000: [GC (Allocation Failure) 2020-10-28T08:28:00.240+0000: [ParNew: 16388K->4K(18432K), 0.0043265 secs] 365434K->349050K(896640K), 0.0043788 secs] [Times: user=0.01 sys=0.00, real=0.00 secs] 
2020-10-28T08:28:00.275+0000: [GC (Allocation Failure) 2020-10-28T08:28:00.275+0000: [ParNew: 16388K->4K(18432K), 0.0029261 secs] 365434K->349050K(896640K), 0.0029965 secs] [Times: user=0.01 sys=0.00, real=0.00 secs] 
2020-10-28T08:28:00.307+0000: [GC (Allocation Failure) 2020-10-28T08:28:00.307+0000: [ParNew: 16388K->4K(18432K), 0.0029421 secs] 365434K->349050K(896640K), 0.0030143 secs] [Times: user=0.01 sys=0.00, real=0.01 secs] 
2020-10-28T08:28:00.338+0000: [GC (Allocation Failure) 2020-10-28T08:28:00.338+0000: [ParNew: 16388K->4K(18432K), 0.0029194 secs] 365434K->349050K(896640K), 0.0029906 secs] [Times: user=0.01 sys=0.00, real=0.01 secs] 
2020-10-28T08:28:00.370+0000: [GC (Allocation Failure) 2020-10-28T08:28:00.370+0000: [ParNew: 16388K->4K(18432K), 0.0029582 secs] 365434K->349050K(896640K), 0.0030293 secs] [Times: user=0.01 sys=0.00, real=0.00 secs] 
2020-10-28T08:28:00.401+0000: [GC (Allocation Failure) 2020-10-28T08:28:00.401+0000: [ParNew: 16388K->4K(18432K), 0.0029742 secs] 365434K->349050K(896640K), 0.0030438 secs] [Times: user=0.01 sys=0.00, real=0.00 secs] 
2020-10-28T08:28:00.432+0000: [GC (Allocation Failure) 2020-10-28T08:28:00.432+0000: [ParNew: 16388K->4K(18432K), 0.0029843 secs] 365434K->349050K(896640K), 0.0030556 secs] [Times: user=0.00 sys=0.00, real=0.00 secs] 
2020-10-28T08:28:00.464+0000: [GC (Allocation Failure) 2020-10-28T08:28:00.464+0000: [ParNew: 16388K->4K(18432K), 0.0029378 secs] 365434K->349050K(896640K), 0.0030084 secs] [Times: user=0.01 sys=0.00, real=0.00 secs] 
2020-10-28T08:28:00.495+0000: [GC (Allocation Failure) 2020-10-28T08:28:00.495+0000: [ParNew: 16388K->4K(18432K), 0.0031239 secs] 365434K->349050K(896640K), 0.0031950 secs] [Times: user=0.01 sys=0.00, real=0.00 secs] 
2020-10-28T08:28:00.527+0000: [GC (Allocation Failure) 2020-10-28T08:28:00.527+0000: [ParNew: 16388K->4K(18432K), 0.0030243 secs] 365434K->349050K(896640K), 0.0030960 secs] [Times: user=0.01 sys=0.00, real=0.01 secs] 
2020-10-28T08:28:00.559+0000: [GC (Allocation Failure) 2020-10-28T08:28:00.559+0000: [ParNew: 16388K->4K(18432K), 0.0029631 secs] 365434K->349050K(896640K), 0.0030170 secs] [Times: user=0.00 sys=0.00, real=0.01 secs] 
2020-10-28T08:28:00.578+0000: [GC (Allocation Failure) 2020-10-28T08:28:00.578+0000: [ParNew: 16388K->4K(18432K), 0.0028703 secs] 365434K->349050K(896640K), 0.0029158 secs] [Times: user=0.01 sys=0.00, real=0.01 secs] 
2020-10-28T08:28:00.597+0000: [GC (Allocation Failure) 2020-10-28T08:28:00.597+0000: [ParNew: 16388K->4K(18432K), 0.0027624 secs] 365434K->349050K(896640K), 0.0028073 secs] [Times: user=0.01 sys=0.00, real=0.01 secs] 
2020-10-28T08:28:00.616+0000: [GC (Allocation Failure) 2020-10-28T08:28:00.616+0000: [ParNew: 16388K->4K(18432K), 0.0027497 secs] 365434K->349050K(896640K), 0.0027953 secs] [Times: user=0.01 sys=0.00, real=0.00 secs] 
2020-10-28T08:28:00.635+0000: [GC (Allocation Failure) 2020-10-28T08:28:00.635+0000: [ParNew: 16388K->4K(18432K), 0.0027749 secs] 365434K->349050K(896640K), 0.0028222 secs] [Times: user=0.01 sys=0.00, real=0.00 secs] 
2020-10-28T08:28:00.654+0000: [GC (Allocation Failure) 2020-10-28T08:28:00.655+0000: [ParNew: 16388K->4K(18432K), 0.0028088 secs] 365434K->349050K(896640K), 0.0028566 secs] [Times: user=0.00 sys=0.00, real=0.00 secs] 
2020-10-28T08:28:00.674+0000: [GC (Allocation Failure) 2020-10-28T08:28:00.674+0000: [ParNew: 16388K->4K(18432K), 0.0028043 secs] 365434K->349051K(896640K), 0.0028518 secs] [Times: user=0.00 sys=0.00, real=0.00 secs] 
2020-10-28T08:28:00.693+0000: [GC (Allocation Failure) 2020-10-28T08:28:00.693+0000: [ParNew: 16388K->4K(18432K), 0.0028021 secs] 365435K->349051K(896640K), 0.0028483 secs] [Times: user=0.01 sys=0.00, real=0.00 secs] 
2020-10-28T08:28:00.712+0000: [GC (Allocation Failure) 2020-10-28T08:28:00.712+0000: [ParNew: 16388K->4K(18432K), 0.0027720 secs] 365435K->349051K(896640K), 0.0028179 secs] [Times: user=0.01 sys=0.00, real=0.00 secs] 
2020-10-28T08:28:00.731+0000: [GC (Allocation Failure) 2020-10-28T08:28:00.731+0000: [ParNew: 16388K->4K(18432K), 0.0027663 secs] 365435K->349051K(896640K), 0.0028124 secs] [Times: user=0.01 sys=0.00, real=0.00 secs] 
2020-10-28T08:28:00.750+0000: [GC (Allocation Failure) 2020-10-28T08:28:00.750+0000: [ParNew: 16388K->4K(18432K), 0.0027882 secs] 365435K->349051K(896640K), 0.0028332 secs] [Times: user=0.00 sys=0.00, real=0.00 secs] 
2020-10-28T08:28:00.769+0000: [GC (Allocation Failure) 2020-10-28T08:28:00.770+0000: [ParNew: 16388K->4K(18432K), 0.0033222 secs] 365435K->349051K(896640K), 0.0033707 secs] [Times: user=0.00 sys=0.00, real=0.00 secs] 
2020-10-28T08:28:00.789+0000: [GC (Allocation Failure) 2020-10-28T08:28:00.789+0000: [ParNew: 16388K->4K(18432K), 0.0029389 secs] 365435K->349051K(896640K), 0.0029872 secs] [Times: user=0.01 sys=0.00, real=0.00 secs] 
2020-10-28T08:28:00.809+0000: [GC (Allocation Failure) 2020-10-28T08:28:00.809+0000: [ParNew: 16388K->4K(18432K), 0.0026863 secs] 365435K->349051K(896640K), 0.0027315 secs] [Times: user=0.01 sys=0.00, real=0.00 secs] 
2020-10-28T08:28:00.828+0000: [GC (Allocation Failure) 2020-10-28T08:28:00.828+0000: [ParNew: 16388K->4K(18432K), 0.0027182 secs] 365435K->349051K(896640K), 0.0027615 secs] [Times: user=0.01 sys=0.00, real=0.00 secs] 
2020-10-28T08:28:00.847+0000: [GC (Allocation Failure) 2020-10-28T08:28:00.847+0000: [ParNew: 16388K->4K(18432K), 0.0034899 secs] 365435K->349051K(896640K), 0.0035320 secs] [Times: user=0.00 sys=0.00, real=0.01 secs] 
2020-10-28T08:28:00.868+0000: [GC (Allocation Failure) 2020-10-28T08:28:00.868+0000: [ParNew: 16388K->4K(18432K), 0.0028581 secs] 365435K->349051K(896640K), 0.0029083 secs] [Times: user=0.00 sys=0.00, real=0.00 secs] 
2020-10-28T08:28:00.888+0000: [GC (Allocation Failure) 2020-10-28T08:28:00.888+0000: [ParNew: 16388K->4K(18432K), 0.0028606 secs] 365435K->349051K(896640K), 0.0029145 secs] [Times: user=0.01 sys=0.00, real=0.00 secs] 
2020-10-28T08:28:00.907+0000: [GC (Allocation Failure) 2020-10-28T08:28:00.907+0000: [ParNew: 16388K->4K(18432K), 0.0028826 secs] 365435K->349051K(896640K), 0.0029293 secs] [Times: user=0.01 sys=0.00, real=0.01 secs] 
2020-10-28T08:28:00.927+0000: [GC (Allocation Failure) 2020-10-28T08:28:00.927+0000: [ParNew: 16388K->4K(18432K), 0.0028174 secs] 365435K->349051K(896640K), 0.0028748 secs] [Times: user=0.00 sys=0.00, real=0.01 secs] 
2020-10-28T08:28:00.946+0000: [GC (Allocation Failure) 2020-10-28T08:28:00.946+0000: [ParNew: 16388K->4K(18432K), 0.0027502 secs] 365435K->349051K(896640K), 0.0028031 secs] [Times: user=0.00 sys=0.00, real=0.01 secs] 
2020-10-28T08:28:00.965+0000: [GC (Allocation Failure) 2020-10-28T08:28:00.965+0000: [ParNew: 16388K->4K(18432K), 0.0027722 secs] 365435K->349051K(896640K), 0.0028182 secs] [Times: user=0.01 sys=0.00, real=0.01 secs] 
2020-10-28T08:28:00.984+0000: [GC (Allocation Failure) 2020-10-28T08:28:00.984+0000: [ParNew: 16388K->4K(18432K), 0.0027856 secs] 365435K->349051K(896640K), 0.0028317 secs] [Times: user=0.01 sys=0.00, real=0.00 secs] 
2020-10-28T08:28:01.004+0000: [GC (Allocation Failure) 2020-10-28T08:28:01.004+0000: [ParNew: 16388K->4K(18432K), 0.0027401 secs] 365435K->349051K(896640K), 0.0027855 secs] [Times: user=0.00 sys=0.00, real=0.00 secs] 
2020-10-28T08:28:01.023+0000: [GC (Allocation Failure) 2020-10-28T08:28:01.023+0000: [ParNew: 16388K->4K(18432K), 0.0027804 secs] 365435K->349051K(896640K), 0.0028259 secs] [Times: user=0.00 sys=0.00, real=0.00 secs] 
2020-10-28T08:28:01.042+0000: [GC (Allocation Failure) 2020-10-28T08:28:01.042+0000: [ParNew: 16388K->4K(18432K), 0.0027858 secs] 365435K->349051K(896640K), 0.0028315 secs] [Times: user=0.01 sys=0.00, real=0.00 secs] 
2020-10-28T08:28:01.061+0000: [GC (Allocation Failure) 2020-10-28T08:28:01.061+0000: [ParNew: 16387K->4K(18432K), 0.0027737 secs] 365435K->349051K(896640K), 0.0028187 secs] [Times: user=0.00 sys=0.00, real=0.00 secs] 
2020-10-28T08:28:01.080+0000: [GC (Allocation Failure) 2020-10-28T08:28:01.080+0000: [ParNew: 16388K->4K(18432K), 0.0028868 secs] 365435K->349051K(896640K), 0.0029333 secs] [Times: user=0.00 sys=0.00, real=0.00 secs] 
2020-10-28T08:28:01.099+0000: [GC (Allocation Failure) 2020-10-28T08:28:01.099+0000: [ParNew: 16388K->4K(18432K), 0.0028147 secs] 365435K->349051K(896640K), 0.0028625 secs] [Times: user=0.01 sys=0.00, real=0.01 secs] 
2020-10-28T08:28:01.118+0000: [GC (Allocation Failure) 2020-10-28T08:28:01.118+0000: [ParNew: 16388K->4K(18432K), 0.0027427 secs] 365435K->349051K(896640K), 0.0027853 secs] [Times: user=0.01 sys=0.00, real=0.01 secs] 
2020-10-28T08:28:01.137+0000: [GC (Allocation Failure) 2020-10-28T08:28:01.137+0000: [ParNew: 16388K->4K(18432K), 0.0026575 secs] 365435K->349051K(896640K), 0.0027024 secs] [Times: user=0.01 sys=0.00, real=0.01 secs] 
2020-10-28T08:28:01.159+0000: [GC (Allocation Failure) 2020-10-28T08:28:01.159+0000: [ParNew: 16388K->4K(18432K), 0.0029871 secs] 381819K->365435K(896640K), 0.0030403 secs] [Times: user=0.00 sys=0.00, real=0.01 secs] 
2020-10-28T08:28:01.178+0000: [GC (Allocation Failure) 2020-10-28T08:28:01.178+0000: [ParNew: 16388K->4K(18432K), 0.0026506 secs] 381819K->365435K(896640K), 0.0026958 secs] [Times: user=0.01 sys=0.00, real=0.01 secs] 
2020-10-28T08:28:01.197+0000: [GC (Allocation Failure) 2020-10-28T08:28:01.197+0000: [ParNew: 16388K->4K(18432K), 0.0026358 secs] 381819K->365435K(896640K), 0.0026757 secs] [Times: user=0.01 sys=0.00, real=0.01 secs] 
2020-10-28T08:28:01.216+0000: [GC (Allocation Failure) 2020-10-28T08:28:01.216+0000: [ParNew: 16388K->4K(18432K), 0.0028183 secs] 381819K->365435K(896640K), 0.0028667 secs] [Times: user=0.01 sys=0.00, real=0.00 secs] 
2020-10-28T08:28:01.235+0000: [GC (Allocation Failure) 2020-10-28T08:28:01.235+0000: [ParNew: 16388K->4K(18432K), 0.0028778 secs] 381819K->365435K(896640K), 0.0029316 secs] [Times: user=0.00 sys=0.00, real=0.00 secs] 
2020-10-28T08:28:01.255+0000: [GC (Allocation Failure) 2020-10-28T08:28:01.255+0000: [ParNew: 16388K->4K(18432K), 0.0028234 secs] 381819K->365435K(896640K), 0.0028698 secs] [Times: user=0.01 sys=0.00, real=0.00 secs] 
2020-10-28T08:28:01.274+0000: [GC (Allocation Failure) 2020-10-28T08:28:01.274+0000: [ParNew: 16388K->4K(18432K), 0.0027389 secs] 381819K->365435K(896640K), 0.0027854 secs] [Times: user=0.00 sys=0.00, real=0.00 secs] 
2020-10-28T08:28:01.294+0000: [GC (Allocation Failure) 2020-10-28T08:28:01.294+0000: [ParNew: 16388K->4K(18432K), 0.0028507 secs] 381819K->365435K(896640K), 0.0028938 secs] [Times: user=0.00 sys=0.00, real=0.00 secs] 
2020-10-28T08:28:01.313+0000: [GC (Allocation Failure) 2020-10-28T08:28:01.313+0000: [ParNew: 16388K->4K(18432K), 0.0029834 secs] 381819K->365435K(896640K), 0.0030361 secs] [Times: user=0.01 sys=0.00, real=0.00 secs] 
2020-10-28T08:28:01.332+0000: [GC (Allocation Failure) 2020-10-28T08:28:01.332+0000: [ParNew: 16388K->4K(18432K), 0.0029877 secs] 381819K->365435K(896640K), 0.0030410 secs] [Times: user=0.01 sys=0.00, real=0.00 secs] 
2020-10-28T08:28:01.351+0000: [GC (Allocation Failure) 2020-10-28T08:28:01.351+0000: [ParNew: 16388K->4K(18432K), 0.0029277 secs] 381819K->365435K(896640K), 0.0029805 secs] [Times: user=0.00 sys=0.00, real=0.00 secs] 
2020-10-28T08:28:01.370+0000: [GC (Allocation Failure) 2020-10-28T08:28:01.371+0000: [ParNew: 16388K->4K(18432K), 0.0029717 secs] 381819K->365435K(896640K), 0.0030239 secs] [Times: user=0.00 sys=0.00, real=0.00 secs] 
2020-10-28T08:28:01.390+0000: [GC (Allocation Failure) 2020-10-28T08:28:01.390+0000: [ParNew: 16388K->4K(18432K), 0.0029386 secs] 381819K->365435K(896640K), 0.0029892 secs] [Times: user=0.01 sys=0.00, real=0.00 secs] 
2020-10-28T08:28:01.409+0000: [GC (Allocation Failure) 2020-10-28T08:28:01.409+0000: [ParNew: 16388K->4K(18432K), 0.0029444 secs] 381819K->365435K(896640K), 0.0029968 secs] [Times: user=0.01 sys=0.00, real=0.00 secs] 
2020-10-28T08:28:01.429+0000: [GC (Allocation Failure) 2020-10-28T08:28:01.429+0000: [ParNew: 16388K->4K(18432K), 0.0029942 secs] 381819K->365435K(896640K), 0.0030481 secs] [Times: user=0.01 sys=0.00, real=0.00 secs] 
2020-10-28T08:28:01.448+0000: [GC (Allocation Failure) 2020-10-28T08:28:01.448+0000: [ParNew: 16388K->4K(18432K), 0.0029622 secs] 381819K->365435K(896640K), 0.0030169 secs] [Times: user=0.00 sys=0.00, real=0.00 secs] 
2020-10-28T08:28:01.468+0000: [GC (Allocation Failure) 2020-10-28T08:28:01.468+0000: [ParNew: 16388K->4K(18432K), 0.0029991 secs] 381819K->365435K(896640K), 0.0030529 secs] [Times: user=0.00 sys=0.00, real=0.00 secs] 
2020-10-28T08:28:01.487+0000: [GC (Allocation Failure) 2020-10-28T08:28:01.487+0000: [ParNew: 16388K->4K(18432K), 0.0029889 secs] 381819K->365435K(896640K), 0.0030453 secs] [Times: user=0.01 sys=0.00, real=0.01 secs] 
2020-10-28T08:28:01.506+0000: [GC (Allocation Failure) 2020-10-28T08:28:01.506+0000: [ParNew: 16388K->4K(18432K), 0.0029369 secs] 381819K->365435K(896640K), 0.0029878 secs] [Times: user=0.01 sys=0.00, real=0.01 secs] 
2020-10-28T08:28:01.526+0000: [GC (Allocation Failure) 2020-10-28T08:28:01.526+0000: [ParNew: 16388K->4K(18432K), 0.0029656 secs] 381819K->365435K(896640K), 0.0030179 secs] [Times: user=0.00 sys=0.00, real=0.01 secs] 
2020-10-28T08:28:01.545+0000: [GC (Allocation Failure) 2020-10-28T08:28:01.545+0000: [ParNew: 16388K->4K(18432K), 0.0029577 secs] 381819K->365435K(896640K), 0.0030097 secs] [Times: user=0.00 sys=0.00, real=0.01 secs] 
2020-10-28T08:28:01.564+0000: [GC (Allocation Failure) 2020-10-28T08:28:01.564+0000: [ParNew: 16388K->4K(18432K), 0.0028763 secs] 381819K->365435K(896640K), 0.0029252 secs] [Times: user=0.01 sys=0.00, real=0.00 secs] 
2020-10-28T08:28:01.584+0000: [GC (Allocation Failure) 2020-10-28T08:28:01.584+0000: [ParNew: 16388K->4K(18432K), 0.0029643 secs] 381819K->365435K(896640K), 0.0030170 secs] [Times: user=0.00 sys=0.00, real=0.00 secs] 
2020-10-28T08:28:01.603+0000: [GC (Allocation Failure) 2020-10-28T08:28:01.603+0000: [ParNew: 16388K->4K(18432K), 0.0028661 secs] 381819K->365435K(896640K), 0.0029166 secs] [Times: user=0.01 sys=0.00, real=0.00 secs] 
2020-10-28T08:28:01.622+0000: [GC (Allocation Failure) 2020-10-28T08:28:01.622+0000: [ParNew: 16388K->4K(18432K), 0.0029654 secs] 381819K->365435K(896640K), 0.0030179 secs] [Times: user=0.01 sys=0.00, real=0.00 secs] 
2020-10-28T08:28:01.641+0000: [GC (Allocation Failure) 2020-10-28T08:28:01.642+0000: [ParNew: 16388K->4K(18432K), 0.0029705 secs] 381819K->365435K(896640K), 0.0030241 secs] [Times: user=0.01 sys=0.00, real=0.00 secs] 
2020-10-28T08:28:01.661+0000: [GC (Allocation Failure) 2020-10-28T08:28:01.661+0000: [ParNew: 16388K->4K(18432K), 0.0029491 secs] 381819K->365435K(896640K), 0.0029962 secs] [Times: user=0.00 sys=0.01, real=0.00 secs] 
2020-10-28T08:28:01.680+0000: [GC (Allocation Failure) 2020-10-28T08:28:01.680+0000: [ParNew: 16388K->4K(18432K), 0.0026616 secs] 381819K->365435K(896640K), 0.0027063 secs] [Times: user=0.01 sys=0.00, real=0.00 secs] 
2020-10-28T08:28:01.699+0000: [GC (Allocation Failure) 2020-10-28T08:28:01.699+0000: [ParNew: 16388K->4K(18432K), 0.0026787 secs] 381819K->365435K(896640K), 0.0027195 secs] [Times: user=0.00 sys=0.00, real=0.01 secs] 
2020-10-28T08:28:01.718+0000: [GC (Allocation Failure) 2020-10-28T08:28:01.718+0000: [ParNew: 16388K->4K(18432K), 0.0026201 secs] 381819K->365435K(896640K), 0.0026628 secs] [Times: user=0.01 sys=0.00, real=0.01 secs] 
2020-10-28T08:28:01.737+0000: [GC (Allocation Failure) 2020-10-28T08:28:01.737+0000: [ParNew: 16388K->4K(18432K), 0.0030109 secs] 381819K->365435K(896640K), 0.0030676 secs] [Times: user=0.00 sys=0.00, real=0.01 secs] 
2020-10-28T08:28:01.757+0000: [GC (Allocation Failure) 2020-10-28T08:28:01.757+0000: [ParNew: 16388K->4K(18432K), 0.0029599 secs] 381819K->365435K(896640K), 0.0030113 secs] [Times: user=0.00 sys=0.00, real=0.01 secs] 
2020-10-28T08:28:01.776+0000: [GC (Allocation Failure) 2020-10-28T08:28:01.776+0000: [ParNew: 16388K->4K(18432K), 0.0029736 secs] 381819K->365435K(896640K), 0.0030271 secs] [Times: user=0.01 sys=0.00, real=0.00 secs] 
2020-10-28T08:28:01.796+0000: [GC (Allocation Failure) 2020-10-28T08:28:01.796+0000: [ParNew: 16388K->4K(18432K), 0.0029891 secs] 381819K->365435K(896640K), 0.0030441 secs] [Times: user=0.01 sys=0.00, real=0.00 secs] 
2020-10-28T08:28:01.816+0000: [GC (Allocation Failure) 2020-10-28T08:28:01.816+0000: [ParNew: 16388K->4K(18432K), 0.0029735 secs] 381819K->365435K(896640K), 0.0030390 secs] [Times: user=0.00 sys=0.00, real=0.00 secs] 
2020-10-28T08:28:01.835+0000: [GC (Allocation Failure) 2020-10-28T08:28:01.835+0000: [ParNew: 16388K->4K(18432K), 0.0028597 secs] 381819K->365435K(896640K), 0.0029092 secs] [Times: user=0.00 sys=0.00, real=0.00 secs] 
2020-10-28T08:28:01.854+0000: [GC (Allocation Failure) 2020-10-28T08:28:01.854+0000: [ParNew: 16388K->4K(18432K), 0.0027298 secs] 381819K->365435K(896640K), 0.0027728 secs] [Times: user=0.00 sys=0.00, real=0.00 secs] 
2020-10-28T08:28:01.873+0000: [GC (Allocation Failure) 2020-10-28T08:28:01.873+0000: [ParNew: 16388K->4K(18432K), 0.0027391 secs] 381819K->365435K(896640K), 0.0027819 secs] [Times: user=0.01 sys=0.00, real=0.00 secs] 
2020-10-28T08:28:01.892+0000: [GC (Allocation Failure) 2020-10-28T08:28:01.892+0000: [ParNew: 16388K->4K(18432K), 0.0027411 secs] 381819K->365435K(896640K), 0.0027829 secs] [Times: user=0.01 sys=0.00, real=0.00 secs] 
2020-10-28T08:28:01.911+0000: [GC (Allocation Failure) 2020-10-28T08:28:01.911+0000: [ParNew: 16388K->4K(18432K), 0.0026044 secs] 381819K->365435K(896640K), 0.0026460 secs] [Times: user=0.01 sys=0.00, real=0.00 secs] 
2020-10-28T08:28:01.930+0000: [GC (Allocation Failure) 2020-10-28T08:28:01.930+0000: [ParNew: 16388K->4K(18432K), 0.0026965 secs] 381819K->365435K(896640K), 0.0027391 secs] [Times: user=0.00 sys=0.00, real=0.00 secs] 
2020-10-28T08:28:01.949+0000: [GC (Allocation Failure) 2020-10-28T08:28:01.949+0000: [ParNew: 16388K->4K(18432K), 0.0026482 secs] 381819K->365435K(896640K), 0.0026897 secs] [Times: user=0.00 sys=0.00, real=0.00 secs] 
2020-10-28T08:28:01.968+0000: [GC (Allocation Failure) 2020-10-28T08:28:01.968+0000: [ParNew: 16388K->4K(18432K), 0.0026281 secs] 381819K->365435K(896640K), 0.0026716 secs] [Times: user=0.00 sys=0.00, real=0.00 secs] 
2020-10-28T08:28:01.987+0000: [GC (Allocation Failure) 2020-10-28T08:28:01.987+0000: [ParNew: 16388K->4K(18432K), 0.0027547 secs] 381819K->365435K(896640K), 0.0027970 secs] [Times: user=0.01 sys=0.00, real=0.01 secs] 
2020-10-28T08:28:02.006+0000: [GC (Allocation Failure) 2020-10-28T08:28:02.006+0000: [ParNew: 16388K->4K(18432K), 0.0026892 secs] 381819K->365435K(896640K), 0.0027313 secs] [Times: user=0.01 sys=0.00, real=0.01 secs] 
2020-10-28T08:28:02.025+0000: [GC (Allocation Failure) 2020-10-28T08:28:02.025+0000: [ParNew: 16388K->4K(18432K), 0.0026424 secs] 381819K->365435K(896640K), 0.0026861 secs] [Times: user=0.01 sys=0.00, real=0.01 secs] 
2020-10-28T08:28:02.044+0000: [GC (Allocation Failure) 2020-10-28T08:28:02.044+0000: [ParNew: 16388K->4K(18432K), 0.0027342 secs] 381819K->365435K(896640K), 0.0027808 secs] [Times: user=0.01 sys=0.00, real=0.00 secs] 
2020-10-28T08:28:02.064+0000: [GC (Allocation Failure) 2020-10-28T08:28:02.064+0000: [ParNew: 16388K->4K(18432K), 0.0027260 secs] 381819K->365435K(896640K), 0.0027681 secs] [Times: user=0.01 sys=0.00, real=0.00 secs] 
2020-10-28T08:28:02.083+0000: [GC (Allocation Failure) 2020-10-28T08:28:02.083+0000: [ParNew: 16388K->4K(18432K), 0.0027349 secs] 381819K->365435K(896640K), 0.0027813 secs] [Times: user=0.01 sys=0.00, real=0.00 secs] 
2020-10-28T08:28:02.102+0000: [GC (Allocation Failure) 2020-10-28T08:28:02.102+0000: [ParNew: 16388K->4K(18432K), 0.0027747 secs] 381819K->365435K(896640K), 0.0028178 secs] [Times: user=0.01 sys=0.00, real=0.00 secs] 
2020-10-28T08:28:02.121+0000: [GC (Allocation Failure) 2020-10-28T08:28:02.121+0000: [ParNew: 16388K->4K(18432K), 0.0027317 secs] 381819K->365435K(896640K), 0.0027797 secs] [Times: user=0.00 sys=0.00, real=0.00 secs] 
2020-10-28T08:28:02.140+0000: [GC (Allocation Failure) 2020-10-28T08:28:02.140+0000: [ParNew: 16388K->4K(18432K), 0.0028216 secs] 381819K->365435K(896640K), 0.0028693 secs] [Times: user=0.01 sys=0.00, real=0.00 secs] 
2020-10-28T08:28:02.159+0000: [GC (Allocation Failure) 2020-10-28T08:28:02.159+0000: [ParNew: 16388K->4K(18432K), 0.0028294 secs] 381819K->365435K(896640K), 0.0028736 secs] [Times: user=0.01 sys=0.00, real=0.01 secs] 
2020-10-28T08:28:02.179+0000: [GC (Allocation Failure) 2020-10-28T08:28:02.179+0000: [ParNew: 16388K->4K(18432K), 0.0026090 secs] 381819K->365435K(896640K), 0.0026524 secs] [Times: user=0.01 sys=0.00, real=0.01 secs] 
2020-10-28T08:28:02.197+0000: [GC (Allocation Failure) 2020-10-28T08:28:02.197+0000: [ParNew: 16388K->4K(18432K), 0.0026850 secs] 381819K->365435K(896640K), 0.0027269 secs] [Times: user=0.01 sys=0.00, real=0.01 secs] 
2020-10-28T08:28:02.217+0000: [GC (Allocation Failure) 2020-10-28T08:28:02.217+0000: [ParNew: 16388K->4K(18432K), 0.0027889 secs] 381819K->365435K(896640K), 0.0028364 secs] [Times: user=0.00 sys=0.00, real=0.01 secs] 
2020-10-28T08:28:02.236+0000: [GC (Allocation Failure) 2020-10-28T08:28:02.236+0000: [ParNew: 16388K->4K(18432K), 0.0028536 secs] 381819K->365435K(896640K), 0.0029017 secs] [Times: user=0.01 sys=0.00, real=0.00 secs] 
2020-10-28T08:28:02.256+0000: [GC (Allocation Failure) 2020-10-28T08:28:02.256+0000: [ParNew: 16388K->4K(18432K), 0.0028221 secs] 381819K->365435K(896640K), 0.0028697 secs] [Times: user=0.01 sys=0.00, real=0.00 secs] 
2020-10-28T08:28:02.275+0000: [GC (Allocation Failure) 2020-10-28T08:28:02.275+0000: [ParNew: 16388K->4K(18432K), 0.0026970 secs] 381819K->365435K(896640K), 0.0027414 secs] [Times: user=0.01 sys=0.00, real=0.00 secs] 
2020-10-28T08:28:02.294+0000: [GC (Allocation Failure) 2020-10-28T08:28:02.294+0000: [ParNew: 16388K->4K(18432K), 0.0026161 secs] 381819K->365435K(896640K), 0.0026581 secs] [Times: user=0.00 sys=0.00, real=0.00 secs] 
2020-10-28T08:28:02.313+0000: [GC (Allocation Failure) 2020-10-28T08:28:02.313+0000: [ParNew: 16388K->4K(18432K), 0.0026467 secs] 381819K->365435K(896640K), 0.0026896 secs] [Times: user=0.00 sys=0.00, real=0.00 secs] 
2020-10-28T08:28:02.332+0000: [GC (Allocation Failure) 2020-10-28T08:28:02.332+0000: [ParNew: 16388K->4K(18432K), 0.0026623 secs] 381819K->365435K(896640K), 0.0027096 secs] [Times: user=0.00 sys=0.00, real=0.00 secs] 
2020-10-28T08:28:02.351+0000: [GC (Allocation Failure) 2020-10-28T08:28:02.351+0000: [ParNew: 16388K->4K(18432K), 0.0027730 secs] 381819K->365435K(896640K), 0.0028179 secs] [Times: user=0.01 sys=0.00, real=0.00 secs] 
2020-10-28T08:28:02.370+0000: [GC (Allocation Failure) 2020-10-28T08:28:02.370+0000: [ParNew: 16388K->4K(18432K), 0.0027305 secs] 381819K->365435K(896640K), 0.0027750 secs] [Times: user=0.01 sys=0.00, real=0.00 secs] 
2020-10-28T08:28:02.391+0000: [GC (Allocation Failure) 2020-10-28T08:28:02.392+0000: [ParNew: 16388K->4K(18432K), 0.0029579 secs] 381819K->365435K(896640K), 0.0030196 secs] [Times: user=0.00 sys=0.00, real=0.00 secs] 
2020-10-28T08:28:02.411+0000: [GC (Allocation Failure) 2020-10-28T08:28:02.411+0000: [ParNew: 16388K->4K(18432K), 0.0028289 secs] 381819K->365435K(896640K), 0.0028744 secs] [Times: user=0.00 sys=0.00, real=0.00 secs] 
2020-10-28T08:28:02.430+0000: [GC (Allocation Failure) 2020-10-28T08:28:02.430+0000: [ParNew: 16388K->4K(18432K), 0.0028504 secs] 381819K->365435K(896640K), 0.0028970 secs] [Times: user=0.01 sys=0.00, real=0.00 secs] 
2020-10-28T08:28:02.449+0000: [GC (Allocation Failure) 2020-10-28T08:28:02.449+0000: [ParNew: 16388K->4K(18432K), 0.0029307 secs] 381819K->365435K(896640K), 0.0029874 secs] [Times: user=0.01 sys=0.00, real=0.00 secs] 
2020-10-28T08:28:02.468+0000: [GC (Allocation Failure) 2020-10-28T08:28:02.469+0000: [ParNew: 16388K->4K(18432K), 0.0028368 secs] 381819K->365435K(896640K), 0.0028843 secs] [Times: user=0.01 sys=0.00, real=0.00 secs] 
2020-10-28T08:28:02.488+0000: [GC (Allocation Failure) 2020-10-28T08:28:02.488+0000: [ParNew: 16388K->4K(18432K), 0.0029138 secs] 381819K->365435K(896640K), 0.0029614 secs] [Times: user=0.00 sys=0.00, real=0.00 secs] 
2020-10-28T08:28:02.507+0000: [GC (Allocation Failure) 2020-10-28T08:28:02.507+0000: [ParNew: 16388K->4K(18432K), 0.0029473 secs] 381819K->365436K(896640K), 0.0030071 secs] [Times: user=0.01 sys=0.00, real=0.01 secs] 
2020-10-28T08:28:02.526+0000: [GC (Allocation Failure) 2020-10-28T08:28:02.526+0000: [ParNew: 16388K->4K(18432K), 0.0028949 secs] 381820K->365436K(896640K), 0.0029424 secs] [Times: user=0.00 sys=0.00, real=0.01 secs] 
2020-10-28T08:28:02.546+0000: [GC (Allocation Failure) 2020-10-28T08:28:02.546+0000: [ParNew: 16388K->4K(18432K), 0.0029589 secs] 381820K->365436K(896640K), 0.0030102 secs] [Times: user=0.00 sys=0.00, real=0.01 secs] 
2020-10-28T08:28:02.565+0000: [GC (Allocation Failure) 2020-10-28T08:28:02.565+0000: [ParNew: 16388K->4K(18432K), 0.0028935 secs] 381820K->365436K(896640K), 0.0029434 secs] [Times: user=0.00 sys=0.00, real=0.01 secs] 
2020-10-28T08:28:02.585+0000: [GC (Allocation Failure) 2020-10-28T08:28:02.585+0000: [ParNew: 16388K->4K(18432K), 0.0029193 secs] 381820K->365436K(896640K), 0.0029711 secs] [Times: user=0.00 sys=0.00, real=0.01 secs] 
2020-10-28T08:28:02.604+0000: [GC (Allocation Failure) 2020-10-28T08:28:02.604+0000: [ParNew: 16388K->4K(18432K), 0.0028620 secs] 381820K->365436K(896640K), 0.0029101 secs] [Times: user=0.00 sys=0.00, real=0.00 secs] 
2020-10-28T08:28:02.623+0000: [GC (Allocation Failure) 2020-10-28T08:28:02.623+0000: [ParNew: 16388K->4K(18432K), 0.0029321 secs] 381820K->365436K(896640K), 0.0029933 secs] [Times: user=0.01 sys=0.00, real=0.00 secs] 
2020-10-28T08:28:02.643+0000: [GC (Allocation Failure) 2020-10-28T08:28:02.643+0000: [ParNew: 16388K->4K(18432K), 0.0027872 secs] 381820K->365436K(896640K), 0.0028350 secs] [Times: user=0.01 sys=0.00, real=0.00 secs] 
2020-10-28T08:28:02.662+0000: [GC (Allocation Failure) 2020-10-28T08:28:02.662+0000: [ParNew: 16388K->4K(18432K), 0.0027389 secs] 381820K->365436K(896640K), 0.0027814 secs] [Times: user=0.01 sys=0.00, real=0.00 secs] 
2020-10-28T08:28:02.681+0000: [GC (Allocation Failure) 2020-10-28T08:28:02.682+0000: [ParNew: 16388K->4K(18432K), 0.0026316 secs] 381820K->365436K(896640K), 0.0026815 secs] [Times: user=0.00 sys=0.00, real=0.00 secs] 
2020-10-28T08:28:02.700+0000: [GC (Allocation Failure) 2020-10-28T08:28:02.700+0000: [ParNew: 16388K->4K(18432K), 0.0026489 secs] 381820K->365436K(896640K), 0.0026999 secs] [Times: user=0.00 sys=0.00, real=0.00 secs] 
2020-10-28T08:28:02.719+0000: [GC (Allocation Failure) 2020-10-28T08:28:02.719+0000: [ParNew: 16388K->4K(18432K), 0.0026734 secs] 381820K->365436K(896640K), 0.0027138 secs] [Times: user=0.00 sys=0.00, real=0.01 secs] 
2020-10-28T08:28:02.739+0000: [GC (Allocation Failure) 2020-10-28T08:28:02.739+0000: [ParNew: 16388K->4K(18432K), 0.0027036 secs] 381820K->365436K(896640K), 0.0027523 secs] [Times: user=0.01 sys=0.00, real=0.01 secs] 
2020-10-28T08:28:02.758+0000: [GC (Allocation Failure) 2020-10-28T08:28:02.758+0000: [ParNew: 16388K->4K(18432K), 0.0026516 secs] 381820K->365436K(896640K), 0.0026920 secs] [Times: user=0.01 sys=0.00, real=0.01 secs] 
2020-10-28T08:28:02.798+0000: [GC (Allocation Failure) 2020-10-28T08:28:02.798+0000: [ParNew: 16388K->4K(18432K), 0.0028178 secs] 381820K->365436K(896640K), 0.0028644 secs] [Times: user=0.00 sys=0.00, real=0.01 secs] 
2020-10-28T08:28:03.063+0000: [GC (Allocation Failure) 2020-10-28T08:28:03.063+0000: [ParNew: 16388K->4K(18432K), 0.0029727 secs] 381820K->365436K(896640K), 0.0030271 secs] [Times: user=0.01 sys=0.00, real=0.00 secs] 
2020-10-28T08:28:03.083+0000: [GC (Allocation Failure) 2020-10-28T08:28:03.083+0000: [ParNew: 16388K->4K(18432K), 0.0028811 secs] 381820K->365436K(896640K), 0.0029273 secs] [Times: user=0.00 sys=0.00, real=0.00 secs] 
2020-10-28T08:28:03.102+0000: [GC (Allocation Failure) 2020-10-28T08:28:03.102+0000: [ParNew: 16388K->4K(18432K), 0.0028029 secs] 381820K->365436K(896640K), 0.0028505 secs] [Times: user=0.00 sys=0.00, real=0.00 secs] 
2020-10-28T08:28:03.122+0000: [GC (Allocation Failure) 2020-10-28T08:28:03.122+0000: [ParNew: 16388K->4K(18432K), 0.0028218 secs] 381820K->365436K(896640K), 0.0028674 secs] [Times: user=0.01 sys=0.00, real=0.00 secs] 
2020-10-28T08:28:03.141+0000: [GC (Allocation Failure) 2020-10-28T08:28:03.141+0000: [ParNew: 16388K->4K(18432K), 0.0027666 secs] 381820K->365436K(896640K), 0.0028132 secs] [Times: user=0.01 sys=0.00, real=0.00 secs] 
2020-10-28T08:28:03.161+0000: [GC (Allocation Failure) 2020-10-28T08:28:03.161+0000: [ParNew: 16388K->4K(18432K), 0.0141900 secs] 381820K->365437K(896640K), 0.0142454 secs] [Times: user=0.02 sys=0.00, real=0.01 secs] 
2020-10-28T08:28:03.192+0000: [GC (Allocation Failure) 2020-10-28T08:28:03.192+0000: [ParNew: 16388K->4K(18432K), 0.0028607 secs] 381821K->365437K(896640K), 0.0029104 secs] [Times: user=0.00 sys=0.00, real=0.00 secs] 
2020-10-28T08:28:03.212+0000: [GC (Allocation Failure) 2020-10-28T08:28:03.212+0000: [ParNew: 16388K->4K(18432K), 0.0027662 secs] 381821K->365437K(896640K), 0.0028122 secs] [Times: user=0.00 sys=0.00, real=0.00 secs] 
2020-10-28T08:28:03.232+0000: [GC (Allocation Failure) 2020-10-28T08:28:03.232+0000: [ParNew: 16387K->4K(18432K), 0.0028278 secs] 381821K->365437K(896640K), 0.0028762 secs] [Times: user=0.01 sys=0.00, real=0.00 secs] 
2020-10-28T08:28:03.252+0000: [GC (Allocation Failure) 2020-10-28T08:28:03.252+0000: [ParNew: 16388K->2K(18432K), 0.0027825 secs] 381821K->365435K(896640K), 0.0028311 secs] [Times: user=0.01 sys=0.00, real=0.00 secs] 
2020-10-28T08:28:03.272+0000: [GC (Allocation Failure) 2020-10-28T08:28:03.272+0000: [ParNew: 16386K->4K(18432K), 0.0028044 secs] 381819K->365437K(896640K), 0.0028485 secs] [Times: user=0.00 sys=0.00, real=0.00 secs] 
2020-10-28T08:28:03.292+0000: [GC (Allocation Failure) 2020-10-28T08:28:03.292+0000: [ParNew: 16388K->4K(18432K), 0.0027099 secs] 381821K->365437K(896640K), 0.0027524 secs] [Times: user=0.00 sys=0.00, real=0.00 secs] 
2020-10-28T08:28:03.312+0000: [GC (Allocation Failure) 2020-10-28T08:28:03.312+0000: [ParNew: 16388K->4K(18432K), 0.0027582 secs] 381821K->365437K(896640K), 0.0028138 secs] [Times: user=0.00 sys=0.00, real=0.00 secs] 
2020-10-28T08:28:03.331+0000: [GC (Allocation Failure) 2020-10-28T08:28:03.331+0000: [ParNew: 16388K->4K(18432K), 0.0026859 secs] 381821K->365437K(896640K), 0.0027308 secs] [Times: user=0.01 sys=0.00, real=0.00 secs] 
2020-10-28T08:28:03.351+0000: [GC (Allocation Failure) 2020-10-28T08:28:03.351+0000: [ParNew: 16388K->2K(18432K), 0.0027360 secs] 381821K->365435K(896640K), 0.0027814 secs] [Times: user=0.01 sys=0.00, real=0.00 secs] 
2020-10-28T08:28:03.370+0000: [GC (Allocation Failure) 2020-10-28T08:28:03.370+0000: [ParNew: 16386K->4K(18432K), 0.0028156 secs] 381819K->365437K(896640K), 0.0028622 secs] [Times: user=0.00 sys=0.00, real=0.00 secs] 
2020-10-28T08:28:03.390+0000: [GC (Allocation Failure) 2020-10-28T08:28:03.390+0000: [ParNew: 16388K->4K(18432K), 0.0028846 secs] 381821K->365437K(896640K), 0.0029362 secs] [Times: user=0.00 sys=0.00, real=0.00 secs] 
2020-10-28T08:28:03.410+0000: [GC (Allocation Failure) 2020-10-28T08:28:03.410+0000: [ParNew: 16388K->2K(18432K), 0.0028772 secs] 381821K->365435K(896640K), 0.0029270 secs] [Times: user=0.01 sys=0.00, real=0.00 secs] 
2020-10-28T08:28:03.430+0000: [GC (Allocation Failure) 2020-10-28T08:28:03.430+0000: [ParNew: 16386K->4K(18432K), 0.0027674 secs] 381819K->365437K(896640K), 0.0028167 secs] [Times: user=0.01 sys=0.00, real=0.00 secs] 
2020-10-28T08:28:03.450+0000: [GC (Allocation Failure) 2020-10-28T08:28:03.450+0000: [ParNew: 16388K->4K(18432K), 0.0028600 secs] 381821K->365437K(896640K), 0.0029100 secs] [Times: user=0.00 sys=0.00, real=0.00 secs] 
2020-10-28T08:28:03.470+0000: [GC (Allocation Failure) 2020-10-28T08:28:03.470+0000: [ParNew: 16388K->2K(18432K), 0.0027557 secs] 381821K->365435K(896640K), 0.0028026 secs] [Times: user=0.00 sys=0.00, real=0.00 secs] 
2020-10-28T08:28:03.490+0000: [GC (Allocation Failure) 2020-10-28T08:28:03.490+0000: [ParNew: 16386K->4K(18432K), 0.0027922 secs] 381819K->365437K(896640K), 0.0028388 secs] [Times: user=0.01 sys=0.00, real=0.00 secs] 
2020-10-28T08:28:03.509+0000: [GC (Allocation Failure) 2020-10-28T08:28:03.510+0000: [ParNew: 16388K->4K(18432K), 0.0028213 secs] 381821K->365437K(896640K), 0.0028673 secs] [Times: user=0.01 sys=0.00, real=0.00 secs] 
2020-10-28T08:28:03.529+0000: [GC (Allocation Failure) 2020-10-28T08:28:03.529+0000: [ParNew: 16388K->4K(18432K), 0.0027634 secs] 381821K->365437K(896640K), 0.0028099 secs] [Times: user=0.00 sys=0.00, real=0.00 secs] 
2020-10-28T08:28:03.701+0000: [GC (Allocation Failure) 2020-10-28T08:28:03.701+0000: [ParNew: 16388K->1199K(18432K), 0.0043755 secs] 381821K->366632K(896640K), 0.0044236 secs] [Times: user=0.01 sys=0.00, real=0.00 secs] 
2020-10-28T08:28:03.742+0000: [GC (Allocation Failure) 2020-10-28T08:28:03.742+0000: [ParNew: 17583K->618K(18432K), 0.0054420 secs] 383016K->367159K(896640K), 0.0054953 secs] [Times: user=0.01 sys=0.00, real=0.00 secs] 
2020-10-28T08:28:03.777+0000: [GC (Allocation Failure) 2020-10-28T08:28:03.777+0000: [ParNew: 17002K->648K(18432K), 0.0030526 secs] 383543K->367188K(896640K), 0.0031040 secs] [Times: user=0.00 sys=0.00, real=0.01 secs] 
2020-10-28T08:28:03.810+0000: [GC (Allocation Failure) 2020-10-28T08:28:03.810+0000: [ParNew: 17032K->901K(18432K), 0.0068570 secs] 383572K->367441K(896640K), 0.0069111 secs] [Times: user=0.01 sys=0.00, real=0.00 secs] 
2020-10-28T08:28:03.847+0000: [GC (Allocation Failure) 2020-10-28T08:28:03.847+0000: [ParNew: 17285K->1061K(18432K), 0.0035726 secs] 383825K->367601K(896640K), 0.0036422 secs] [Times: user=0.00 sys=0.00, real=0.01 secs] 
2020-10-28T08:28:03.885+0000: [GC (Allocation Failure) 2020-10-28T08:28:03.885+0000: [ParNew: 17445K->1136K(18432K), 0.0065695 secs] 383985K->367676K(896640K), 0.0066399 secs] [Times: user=0.01 sys=0.00, real=0.01 secs] 
2020-10-28T08:28:03.920+0000: [GC (Allocation Failure) 2020-10-28T08:28:03.920+0000: [ParNew: 17520K->320K(18432K), 0.0065428 secs] 384060K->367215K(896640K), 0.0066123 secs] [Times: user=0.02 sys=0.00, real=0.00 secs] 
2020-10-28T08:28:03.961+0000: [GC (Allocation Failure) 2020-10-28T08:28:03.962+0000: [ParNew: 16704K->529K(18432K), 0.0061442 secs] 383599K->367424K(896640K), 0.0062139 secs] [Times: user=0.01 sys=0.00, real=0.01 secs] 
2020-10-28T08:28:03.989+0000: [GC (Allocation Failure) 2020-10-28T08:28:03.989+0000: [ParNew: 16913K->527K(18432K), 0.0062439 secs] 383808K->367421K(896640K), 0.0063250 secs] [Times: user=0.02 sys=0.00, real=0.00 secs] 
2020-10-28T08:28:04.019+0000: [GC (Allocation Failure) 2020-10-28T08:28:04.019+0000: [ParNew: 16911K->1030K(18432K), 0.0030654 secs] 383805K->367936K(896640K), 0.0031155 secs] [Times: user=0.00 sys=0.00, real=0.01 secs] 
2020-10-28T08:28:04.039+0000: [GC (Allocation Failure) 2020-10-28T08:28:04.039+0000: [ParNew: 16759K->4K(18432K), 0.0030062 secs] 383666K->367422K(896640K), 0.0030548 secs] [Times: user=0.00 sys=0.00, real=0.01 secs] 
2020-10-28T08:28:04.056+0000: [GC (Allocation Failure) 2020-10-28T08:28:04.056+0000: [ParNew: 16388K->1028K(18432K), 0.0030812 secs] 383806K->369470K(896640K), 0.0031266 secs] [Times: user=0.00 sys=0.00, real=0.00 secs] 
2020-10-28T08:28:04.074+0000: [GC (Allocation Failure) 2020-10-28T08:28:04.074+0000: [ParNew: 17412K->4K(18432K), 0.0026882 secs] 385854K->368447K(896640K), 0.0027297 secs] [Times: user=0.01 sys=0.00, real=0.00 secs] 
2020-10-28T08:28:04.092+0000: [GC (Allocation Failure) 2020-10-28T08:28:04.092+0000: [ParNew: 16388K->4K(18432K), 0.0027268 secs] 384831K->368447K(896640K), 0.0027723 secs] [Times: user=0.00 sys=0.00, real=0.00 secs] 
2020-10-28T08:28:04.120+0000: [GC (Allocation Failure) 2020-10-28T08:28:04.120+0000: [ParNew: 16388K->17K(18432K), 0.0028343 secs] 384831K->368460K(896640K), 0.0028815 secs] [Times: user=0.00 sys=0.00, real=0.00 secs] 
2020-10-28T08:28:04.144+0000: [GC (Allocation Failure) 2020-10-28T08:28:04.144+0000: [ParNew: 16401K->8K(18432K), 0.0028732 secs] 384844K->368451K(896640K), 0.0029243 secs] [Times: user=0.01 sys=0.00, real=0.00 secs] 
2020-10-28T08:28:04.184+0000: [GC (Allocation Failure) 2020-10-28T08:28:04.184+0000: [ParNew: 16392K->8K(18432K), 0.0029578 secs] 384835K->368451K(896640K), 0.0030298 secs] [Times: user=0.00 sys=0.00, real=0.00 secs] 
2020-10-28T08:28:04.204+0000: [GC (Allocation Failure) 2020-10-28T08:28:04.204+0000: [ParNew: 16392K->7K(18432K), 0.0027205 secs] 384835K->368450K(896640K), 0.0027675 secs] [Times: user=0.01 sys=0.00, real=0.00 secs] 
2020-10-28T08:28:04.221+0000: [GC (Allocation Failure) 2020-10-28T08:28:04.221+0000: [ParNew: 16391K->7K(18432K), 0.0025784 secs] 384834K->368450K(896640K), 0.0026219 secs] [Times: user=0.01 sys=0.00, real=0.00 secs] 
2020-10-28T08:28:04.240+0000: [GC (Allocation Failure) 2020-10-28T08:28:04.240+0000: [ParNew: 16391K->7K(18432K), 0.0079867 secs] 384834K->370498K(896640K), 0.0080375 secs] [Times: user=0.01 sys=0.00, real=0.01 secs] 
2020-10-28T08:28:04.267+0000: [GC (Allocation Failure) 2020-10-28T08:28:04.267+0000: [ParNew: 16391K->5K(18432K), 0.0029080 secs] 386882K->370499K(896640K), 0.0029537 secs] [Times: user=0.00 sys=0.00, real=0.01 secs] 
2020-10-28T08:28:04.288+0000: [GC (Allocation Failure) 2020-10-28T08:28:04.288+0000: [ParNew: 16389K->4K(18432K), 0.0027628 secs] 386883K->370498K(896640K), 0.0028058 secs] [Times: user=0.01 sys=0.00, real=0.00 secs] 
2020-10-28T08:28:04.306+0000: [GC (Allocation Failure) 2020-10-28T08:28:04.306+0000: [ParNew: 16388K->4K(18432K), 0.0026937 secs] 386882K->370498K(896640K), 0.0027361 secs] [Times: user=0.00 sys=0.00, real=0.01 secs] 
2020-10-28T08:28:04.323+0000: [GC (Allocation Failure) 2020-10-28T08:28:04.323+0000: [ParNew: 16388K->4K(18432K), 0.0025568 secs] 386882K->370498K(896640K), 0.0025986 secs] [Times: user=0.01 sys=0.00, real=0.00 secs] 
2020-10-28T08:28:04.341+0000: [GC (Allocation Failure) 2020-10-28T08:28:04.341+0000: [ParNew: 16388K->4K(18432K), 0.0026045 secs] 386882K->370498K(896640K), 0.0026468 secs] [Times: user=0.00 sys=0.00, real=0.00 secs] 
2020-10-28T08:28:04.360+0000: [GC (Allocation Failure) 2020-10-28T08:28:04.360+0000: [ParNew: 16388K->4K(18432K), 0.0026248 secs] 386882K->370498K(896640K), 0.0026686 secs] [Times: user=0.01 sys=0.00, real=0.00 secs] 
2020-10-28T08:28:04.377+0000: [GC (Allocation Failure) 2020-10-28T08:28:04.378+0000: [ParNew: 16388K->4K(18432K), 0.0026999 secs] 386882K->370498K(896640K), 0.0027456 secs] [Times: user=0.01 sys=0.00, real=0.01 secs] 
2020-10-28T08:28:04.395+0000: [GC (Allocation Failure) 2020-10-28T08:28:04.395+0000: [ParNew: 16388K->4K(18432K), 0.0027583 secs] 386882K->370498K(896640K), 0.0028101 secs] [Times: user=0.00 sys=0.00, real=0.00 secs] 
2020-10-28T08:28:04.416+0000: [GC (Allocation Failure) 2020-10-28T08:28:04.416+0000: [ParNew: 16388K->4K(18432K), 0.0026176 secs] 386882K->370498K(896640K), 0.0026604 secs] [Times: user=0.01 sys=0.00, real=0.00 secs] 
2020-10-28T08:28:04.436+0000: [GC (Allocation Failure) 2020-10-28T08:28:04.436+0000: [ParNew: 16388K->4K(18432K), 0.0026870 secs] 386882K->370498K(896640K), 0.0027310 secs] [Times: user=0.00 sys=0.00, real=0.00 secs] 
2020-10-28T08:28:04.453+0000: [GC (Allocation Failure) 2020-10-28T08:28:04.454+0000: [ParNew: 16388K->4K(18432K), 0.0027755 secs] 386882K->370498K(896640K), 0.0028220 secs] [Times: user=0.00 sys=0.00, real=0.00 secs] 
2020-10-28T08:28:04.472+0000: [GC (Allocation Failure) 2020-10-28T08:28:04.472+0000: [ParNew: 16388K->4K(18432K), 0.0028536 secs] 386882K->370498K(896640K), 0.0028993 secs] [Times: user=0.01 sys=0.00, real=0.00 secs] 
2020-10-28T08:28:04.489+0000: [GC (Allocation Failure) 2020-10-28T08:28:04.489+0000: [ParNew: 16388K->4K(18432K), 0.0028150 secs] 386882K->370498K(896640K), 0.0028574 secs] [Times: user=0.01 sys=0.00, real=0.00 secs] 
2020-10-28T08:28:04.508+0000: [GC (Allocation Failure) 2020-10-28T08:28:04.508+0000: [ParNew: 16388K->4K(18432K), 0.0026757 secs] 386882K->370498K(896640K), 0.0027168 secs] [Times: user=0.00 sys=0.00, real=0.00 secs] 
2020-10-28T08:28:04.525+0000: [GC (Allocation Failure) 2020-10-28T08:28:04.525+0000: [ParNew: 15582K->4K(18432K), 0.0027789 secs] 386077K->370498K(896640K), 0.0028198 secs] [Times: user=0.00 sys=0.00, real=0.00 secs] 
2020-10-28T08:28:04.540+0000: [GC (Allocation Failure) 2020-10-28T08:28:04.540+0000: [ParNew: 16388K->4K(18432K), 0.0033932 secs] 386882K->374594K(896640K), 0.0034383 secs] [Times: user=0.00 sys=0.00, real=0.00 secs] 
2020-10-28T08:28:04.558+0000: [GC (Allocation Failure) 2020-10-28T08:28:04.558+0000: [ParNew: 16388K->4K(18432K), 0.0028836 secs] 390978K->374594K(896640K), 0.0029295 secs] [Times: user=0.01 sys=0.00, real=0.01 secs] 
2020-10-28T08:28:04.580+0000: [GC (Allocation Failure) 2020-10-28T08:28:04.580+0000: [ParNew: 16388K->4K(18432K), 0.0027389 secs] 390978K->374594K(896640K), 0.0027794 secs] [Times: user=0.01 sys=0.00, real=0.00 secs] 
2020-10-28T08:28:04.598+0000: [GC (Allocation Failure) 2020-10-28T08:28:04.598+0000: [ParNew: 16388K->4K(18432K), 0.0027346 secs] 390978K->374594K(896640K), 0.0027809 secs] [Times: user=0.00 sys=0.00, real=0.01 secs] 
2020-10-28T08:28:04.616+0000: [GC (Allocation Failure) 2020-10-28T08:28:04.616+0000: [ParNew: 16388K->4K(18432K), 0.0025545 secs] 390978K->374594K(896640K), 0.0025976 secs] [Times: user=0.00 sys=0.00, real=0.00 secs] 
2020-10-28T08:28:04.636+0000: [GC (Allocation Failure) 2020-10-28T08:28:04.636+0000: [ParNew: 16388K->4K(18432K), 0.0026695 secs] 390978K->374594K(896640K), 0.0027136 secs] [Times: user=0.00 sys=0.00, real=0.00 secs] 
2020-10-28T08:28:04.656+0000: [GC (Allocation Failure) 2020-10-28T08:28:04.656+0000: [ParNew: 16388K->4K(18432K), 0.0027640 secs] 390978K->374594K(896640K), 0.0028105 secs] [Times: user=0.01 sys=0.00, real=0.00 secs] 
2020-10-28T08:28:04.676+0000: [GC (Allocation Failure) 2020-10-28T08:28:04.676+0000: [ParNew: 16388K->4K(18432K), 0.0026277 secs] 390978K->374594K(896640K), 0.0026718 secs] [Times: user=0.00 sys=0.00, real=0.00 secs] 
2020-10-28T08:28:04.693+0000: [GC (Allocation Failure) 2020-10-28T08:28:04.693+0000: [ParNew: 16388K->4K(18432K), 0.0026017 secs] 390978K->374594K(896640K), 0.0026449 secs] [Times: user=0.01 sys=0.00, real=0.00 secs] 
2020-10-28T08:28:04.711+0000: [GC (Allocation Failure) 2020-10-28T08:28:04.711+0000: [ParNew: 16388K->4K(18432K), 0.0026094 secs] 390978K->374594K(896640K), 0.0026532 secs] [Times: user=0.00 sys=0.00, real=0.00 secs] 
2020-10-28T08:28:04.732+0000: [GC (Allocation Failure) 2020-10-28T08:28:04.732+0000: [ParNew: 16388K->4K(18432K), 0.0026164 secs] 390978K->374594K(896640K), 0.0026598 secs] [Times: user=0.00 sys=0.00, real=0.00 secs] 
2020-10-28T08:28:04.753+0000: [GC (Allocation Failure) 2020-10-28T08:28:04.753+0000: [ParNew: 16388K->4K(18432K), 0.0034230 secs] 390978K->374594K(896640K), 0.0034923 secs] [Times: user=0.00 sys=0.00, real=0.00 secs] 
2020-10-28T08:28:04.773+0000: [GC (Allocation Failure) 2020-10-28T08:28:04.773+0000: [ParNew: 16388K->4K(18432K), 0.0026614 secs] 390978K->374594K(896640K), 0.0027055 secs] [Times: user=0.01 sys=0.00, real=0.00 secs] 
2020-10-28T08:28:04.791+0000: [GC (Allocation Failure) 2020-10-28T08:28:04.791+0000: [ParNew: 16388K->4K(18432K), 0.0026841 secs] 390978K->374594K(896640K), 0.0027354 secs] [Times: user=0.01 sys=0.00, real=0.00 secs] 
2020-10-28T08:28:04.812+0000: [GC (Allocation Failure) 2020-10-28T08:28:04.812+0000: [ParNew: 16388K->4K(18432K), 0.0028131 secs] 390978K->374594K(896640K), 0.0028600 secs] [Times: user=0.01 sys=0.00, real=0.00 secs] 
2020-10-28T08:28:04.832+0000: [GC (Allocation Failure) 2020-10-28T08:28:04.832+0000: [ParNew: 16388K->4K(18432K), 0.0027213 secs] 390978K->374594K(896640K), 0.0027683 secs] [Times: user=0.00 sys=0.00, real=0.00 secs] 
2020-10-28T08:28:04.852+0000: [GC (Allocation Failure) 2020-10-28T08:28:04.852+0000: [ParNew: 16388K->4K(18432K), 0.0026065 secs] 390978K->374594K(896640K), 0.0026555 secs] [Times: user=0.00 sys=0.00, real=0.00 secs] 
2020-10-28T08:28:04.872+0000: [GC (Allocation Failure) 2020-10-28T08:28:04.872+0000: [ParNew: 16388K->4K(18432K), 0.0026033 secs] 390978K->374594K(896640K), 0.0026459 secs] [Times: user=0.00 sys=0.00, real=0.00 secs] 
2020-10-28T08:28:04.889+0000: [GC (Allocation Failure) 2020-10-28T08:28:04.889+0000: [ParNew: 16388K->4K(18432K), 0.0026713 secs] 390978K->374594K(896640K), 0.0027141 secs] [Times: user=0.01 sys=0.00, real=0.00 secs] 
2020-10-28T08:28:04.907+0000: [GC (Allocation Failure) 2020-10-28T08:28:04.907+0000: [ParNew: 16388K->4K(18432K), 0.0028043 secs] 390978K->374594K(896640K), 0.0028519 secs] [Times: user=0.00 sys=0.00, real=0.01 secs] 
2020-10-28T08:28:04.924+0000: [GC (Allocation Failure) 2020-10-28T08:28:04.924+0000: [ParNew: 16388K->4K(18432K), 0.0026092 secs] 390978K->374594K(896640K), 0.0026519 secs] [Times: user=0.01 sys=0.00, real=0.00 secs] 
2020-10-28T08:28:04.948+0000: [GC (Allocation Failure) 2020-10-28T08:28:04.948+0000: [ParNew: 16388K->4K(18432K), 0.0027471 secs] 390978K->374594K(896640K), 0.0027938 secs] [Times: user=0.01 sys=0.00, real=0.00 secs] 
2020-10-28T08:28:04.966+0000: [GC (Allocation Failure) 2020-10-28T08:28:04.966+0000: [ParNew: 16388K->4K(18432K), 0.0026121 secs] 390978K->374594K(896640K), 0.0026567 secs] [Times: user=0.01 sys=0.00, real=0.01 secs] 
2020-10-28T08:28:04.983+0000: [GC (Allocation Failure) 2020-10-28T08:28:04.983+0000: [ParNew: 16388K->4K(18432K), 0.0026920 secs] 390978K->374595K(896640K), 0.0027355 secs] [Times: user=0.00 sys=0.00, real=0.00 secs] 
2020-10-28T08:28:05.000+0000: [GC (Allocation Failure) 2020-10-28T08:28:05.000+0000: [ParNew: 16388K->4K(18432K), 0.0026241 secs] 390979K->374595K(896640K), 0.0026670 secs] [Times: user=0.01 sys=0.00, real=0.00 secs] 
2020-10-28T08:28:05.020+0000: [GC (Allocation Failure) 2020-10-28T08:28:05.020+0000: [ParNew: 16388K->4K(18432K), 0.0025736 secs] 390979K->374595K(896640K), 0.0026161 secs] [Times: user=0.00 sys=0.00, real=0.00 secs] 
2020-10-28T08:28:05.037+0000: [GC (Allocation Failure) 2020-10-28T08:28:05.037+0000: [ParNew: 16388K->4K(18432K), 0.0026501 secs] 390979K->374595K(896640K), 0.0027144 secs] [Times: user=0.01 sys=0.00, real=0.01 secs] 
2020-10-28T08:28:05.056+0000: [GC (Allocation Failure) 2020-10-28T08:28:05.056+0000: [ParNew: 16388K->4K(18432K), 0.0027349 secs] 390979K->374595K(896640K), 0.0027796 secs] [Times: user=0.00 sys=0.00, real=0.00 secs] 
2020-10-28T08:28:05.074+0000: [GC (Allocation Failure) 2020-10-28T08:28:05.074+0000: [ParNew: 16388K->4K(18432K), 0.0028165 secs] 390979K->374595K(896640K), 0.0028632 secs] [Times: user=0.00 sys=0.00, real=0.00 secs] 
2020-10-28T08:28:05.092+0000: [GC (Allocation Failure) 2020-10-28T08:28:05.092+0000: [ParNew: 16388K->4K(18432K), 0.0026699 secs] 390979K->374595K(896640K), 0.0027157 secs] [Times: user=0.01 sys=0.00, real=0.00 secs] 
2020-10-28T08:28:05.110+0000: [GC (Allocation Failure) 2020-10-28T08:28:05.110+0000: [ParNew: 16388K->4K(18432K), 0.0027929 secs] 390979K->374595K(896640K), 0.0028448 secs] [Times: user=0.01 sys=0.00, real=0.00 secs] 
2020-10-28T08:28:05.131+0000: [GC (Allocation Failure) 2020-10-28T08:28:05.131+0000: [ParNew: 16388K->4K(18432K), 0.0027245 secs] 390979K->374595K(896640K), 0.0027671 secs] [Times: user=0.00 sys=0.00, real=0.00 secs] 
2020-10-28T08:28:05.149+0000: [GC (Allocation Failure) 2020-10-28T08:28:05.150+0000: [ParNew: 16388K->4K(18432K), 0.0029403 secs] 390979K->374595K(896640K), 0.0029894 secs] [Times: user=0.00 sys=0.00, real=0.00 secs] 
2020-10-28T08:28:05.171+0000: [GC (Allocation Failure) 2020-10-28T08:28:05.171+0000: [ParNew: 16388K->4K(18432K), 0.0027505 secs] 390979K->374595K(896640K), 0.0027963 secs] [Times: user=0.00 sys=0.00, real=0.00 secs] 
2020-10-28T08:28:05.189+0000: [GC (Allocation Failure) 2020-10-28T08:28:05.189+0000: [ParNew: 16388K->4K(18432K), 0.0027296 secs] 390979K->374595K(896640K), 0.0027735 secs] [Times: user=0.01 sys=0.00, real=0.00 secs] 
2020-10-28T08:28:05.207+0000: [GC (Allocation Failure) 2020-10-28T08:28:05.207+0000: [ParNew: 16388K->4K(18432K), 0.0027237 secs] 390979K->374595K(896640K), 0.0027661 secs] [Times: user=0.00 sys=0.00, real=0.01 secs] 
2020-10-28T08:28:05.224+0000: [GC (Allocation Failure) 2020-10-28T08:28:05.224+0000: [ParNew: 16388K->4K(18432K), 0.0029518 secs] 390979K->374595K(896640K), 0.0030030 secs] [Times: user=0.01 sys=0.00, real=0.00 secs] 
2020-10-28T08:28:05.242+0000: [GC (Allocation Failure) 2020-10-28T08:28:05.242+0000: [ParNew: 16388K->4K(18432K), 0.0029677 secs] 390979K->374595K(896640K), 0.0030205 secs] [Times: user=0.00 sys=0.00, real=0.00 secs] 
2020-10-28T08:28:05.261+0000: [GC (Allocation Failure) 2020-10-28T08:28:05.261+0000: [ParNew: 16388K->4K(18432K), 0.0029805 secs] 390979K->374595K(896640K), 0.0030352 secs] [Times: user=0.00 sys=0.00, real=0.00 secs] 
2020-10-28T08:28:05.279+0000: [GC (Allocation Failure) 2020-10-28T08:28:05.279+0000: [ParNew: 16388K->4K(18432K), 0.0029711 secs] 390979K->374595K(896640K), 0.0030253 secs] [Times: user=0.00 sys=0.00, real=0.01 secs] 
2020-10-28T08:28:05.297+0000: [GC (Allocation Failure) 2020-10-28T08:28:05.297+0000: [ParNew: 16388K->4K(18432K), 0.0030127 secs] 390979K->374595K(896640K), 0.0030589 secs] [Times: user=0.01 sys=0.00, real=0.01 secs] 
2020-10-28T08:28:05.315+0000: [GC (Allocation Failure) 2020-10-28T08:28:05.315+0000: [ParNew: 16388K->4K(18432K), 0.0028202 secs] 390979K->374595K(896640K), 0.0028666 secs] [Times: user=0.00 sys=0.00, real=0.00 secs] 
2020-10-28T08:28:05.336+0000: [GC (Allocation Failure) 2020-10-28T08:28:05.336+0000: [ParNew: 16388K->4K(18432K), 0.0026948 secs] 390979K->374595K(896640K), 0.0027384 secs] [Times: user=0.00 sys=0.00, real=0.00 secs] 
2020-10-28T08:28:05.358+0000: [GC (Allocation Failure) 2020-10-28T08:28:05.358+0000: [ParNew: 16388K->4K(18432K), 0.0027152 secs] 390979K->374595K(896640K), 0.0027592 secs] [Times: user=0.00 sys=0.00, real=0.01 secs] 
2020-10-28T08:28:05.376+0000: [GC (Allocation Failure) 2020-10-28T08:28:05.376+0000: [ParNew: 16388K->4K(18432K), 0.0028567 secs] 390979K->374595K(896640K), 0.0029033 secs] [Times: user=0.00 sys=0.00, real=0.00 secs] 
2020-10-28T08:28:05.394+0000: [GC (Allocation Failure) 2020-10-28T08:28:05.394+0000: [ParNew: 16388K->4K(18432K), 0.0028280 secs] 390979K->374595K(896640K), 0.0028694 secs] [Times: user=0.01 sys=0.00, real=0.00 secs] 
2020-10-28T08:28:05.415+0000: [GC (Allocation Failure) 2020-10-28T08:28:05.415+0000: [ParNew: 16388K->4K(18432K), 0.0027745 secs] 390979K->374595K(896640K), 0.0028155 secs] [Times: user=0.00 sys=0.00, real=0.00 secs] 
2020-10-28T08:28:05.433+0000: [GC (Allocation Failure) 2020-10-28T08:28:05.433+0000: [ParNew: 16388K->4K(18432K), 0.0027983 secs] 390979K->374595K(896640K), 0.0028409 secs] [Times: user=0.01 sys=0.00, real=0.00 secs] 
2020-10-28T08:28:05.452+0000: [GC (Allocation Failure) 2020-10-28T08:28:05.452+0000: [ParNew: 16388K->4K(18432K), 0.0027915 secs] 390979K->374595K(896640K), 0.0028483 secs] [Times: user=0.00 sys=0.00, real=0.00 secs] 
2020-10-28T08:28:05.470+0000: [GC (Allocation Failure) 2020-10-28T08:28:05.470+0000: [ParNew: 16388K->4K(18432K), 0.0028288 secs] 390979K->374595K(896640K), 0.0028761 secs] [Times: user=0.01 sys=0.00, real=0.00 secs] 
2020-10-28T08:28:05.491+0000: [GC (Allocation Failure) 2020-10-28T08:28:05.491+0000: [ParNew: 16388K->4K(18432K), 0.0027067 secs] 390979K->374595K(896640K), 0.0027533 secs] [Times: user=0.01 sys=0.00, real=0.00 secs] 
2020-10-28T08:28:05.509+0000: [GC (Allocation Failure) 2020-10-28T08:28:05.509+0000: [ParNew: 16388K->4K(18432K), 0.0026212 secs] 390979K->374595K(896640K), 0.0026636 secs] [Times: user=0.00 sys=0.00, real=0.00 secs] 
2020-10-28T08:28:05.526+0000: [GC (Allocation Failure) 2020-10-28T08:28:05.527+0000: [ParNew: 16388K->4K(18432K), 0.0025778 secs] 390979K->374595K(896640K), 0.0026212 secs] [Times: user=0.01 sys=0.00, real=0.01 secs] 
2020-10-28T08:28:05.544+0000: [GC (Allocation Failure) 2020-10-28T08:28:05.544+0000: [ParNew: 16388K->4K(18432K), 0.0027844 secs] 390979K->374595K(896640K), 0.0028329 secs] [Times: user=0.01 sys=0.00, real=0.00 secs] 
2020-10-28T08:28:05.562+0000: [GC (Allocation Failure) 2020-10-28T08:28:05.562+0000: [ParNew: 16388K->4K(18432K), 0.0028312 secs] 390979K->374595K(896640K), 0.0028794 secs] [Times: user=0.01 sys=0.00, real=0.00 secs] 
2020-10-28T08:28:05.583+0000: [GC (Allocation Failure) 2020-10-28T08:28:05.584+0000: [ParNew: 16388K->4K(18432K), 0.0027413 secs] 390979K->374595K(896640K), 0.0027834 secs] [Times: user=0.00 sys=0.00, real=0.00 secs] 
2020-10-28T08:28:05.604+0000: [GC (Allocation Failure) 2020-10-28T08:28:05.604+0000: [ParNew: 16388K->4K(18432K), 0.0027598 secs] 390979K->374595K(896640K), 0.0028078 secs] [Times: user=0.01 sys=0.00, real=0.00 secs] 
2020-10-28T08:28:05.624+0000: [GC (Allocation Failure) 2020-10-28T08:28:05.624+0000: [ParNew: 16388K->4K(18432K), 0.0027912 secs] 390979K->374595K(896640K), 0.0028378 secs] [Times: user=0.00 sys=0.00, real=0.00 secs] 
2020-10-28T08:28:05.642+0000: [GC (Allocation Failure) 2020-10-28T08:28:05.642+0000: [ParNew: 16388K->4K(18432K), 0.0028046 secs] 390979K->374595K(896640K), 0.0028524 secs] [Times: user=0.01 sys=0.00, real=0.00 secs] 
2020-10-28T08:28:05.659+0000: [GC (Allocation Failure) 2020-10-28T08:28:05.659+0000: [ParNew: 16388K->4K(18432K), 0.0028015 secs] 390979K->374595K(896640K), 0.0028487 secs] [Times: user=0.00 sys=0.00, real=0.01 secs] 
2020-10-28T08:28:05.681+0000: [GC (Allocation Failure) 2020-10-28T08:28:05.681+0000: [ParNew: 16388K->4K(18432K), 0.0027123 secs] 390979K->374595K(896640K), 0.0027568 secs] [Times: user=0.00 sys=0.00, real=0.00 secs] 
2020-10-28T08:28:05.704+0000: [GC (Allocation Failure) 2020-10-28T08:28:05.704+0000: [ParNew: 16388K->4K(18432K), 0.0027007 secs] 390979K->374595K(896640K), 0.0027456 secs] [Times: user=0.00 sys=0.00, real=0.00 secs] 
2020-10-28T08:28:05.721+0000: [GC (Allocation Failure) 2020-10-28T08:28:05.722+0000: [ParNew: 16388K->4K(18432K), 0.0027215 secs] 390979K->374595K(896640K), 0.0027650 secs] [Times: user=0.01 sys=0.00, real=0.00 secs] 
2020-10-28T08:28:05.740+0000: [GC (Allocation Failure) 2020-10-28T08:28:05.740+0000: [ParNew: 16388K->4K(18432K), 0.0026089 secs] 390979K->374595K(896640K), 0.0026515 secs] [Times: user=0.01 sys=0.00, real=0.00 secs] 
2020-10-28T08:28:05.760+0000: [GC (Allocation Failure) 2020-10-28T08:28:05.760+0000: [ParNew: 16388K->4K(18432K), 0.0025937 secs] 390979K->374595K(896640K), 0.0026364 secs] [Times: user=0.00 sys=0.00, real=0.00 secs] 
2020-10-28T08:28:05.780+0000: [GC (Allocation Failure) 2020-10-28T08:28:05.780+0000: [ParNew: 16388K->4K(18432K), 0.0026421 secs] 390979K->374595K(896640K), 0.0026837 secs] [Times: user=0.00 sys=0.00, real=0.00 secs] 
2020-10-28T08:28:05.797+0000: [GC (Allocation Failure) 2020-10-28T08:28:05.797+0000: [ParNew: 16388K->4K(18432K), 0.0026151 secs] 390979K->374595K(896640K), 0.0026571 secs] [Times: user=0.01 sys=0.00, real=0.01 secs] 
2020-10-28T08:28:05.816+0000: [GC (Allocation Failure) 2020-10-28T08:28:05.816+0000: [ParNew: 16388K->4K(18432K), 0.0026910 secs] 390979K->374595K(896640K), 0.0027359 secs] [Times: user=0.01 sys=0.00, real=0.00 secs] 
2020-10-28T08:28:05.834+0000: [GC (Allocation Failure) 2020-10-28T08:28:05.834+0000: [ParNew: 16388K->4K(18432K), 0.0028149 secs] 390979K->374595K(896640K), 0.0028617 secs] [Times: user=0.00 sys=0.00, real=0.00 secs] 
2020-10-28T08:28:05.860+0000: [GC (Allocation Failure) 2020-10-28T08:28:05.860+0000: [ParNew: 16388K->4K(18432K), 0.0028263 secs] 390979K->374595K(896640K), 0.0028711 secs] [Times: user=0.00 sys=0.00, real=0.00 secs] 
2020-10-28T08:28:05.880+0000: [GC (Allocation Failure) 2020-10-28T08:28:05.880+0000: [ParNew: 16388K->4K(18432K), 0.0027867 secs] 390979K->374595K(896640K), 0.0028316 secs] [Times: user=0.01 sys=0.00, real=0.00 secs] 
2020-10-28T08:28:05.898+0000: [GC (Allocation Failure) 2020-10-28T08:28:05.898+0000: [ParNew: 16388K->4K(18432K), 0.0028073 secs] 390979K->374595K(896640K), 0.0028671 secs] [Times: user=0.00 sys=0.00, real=0.01 secs] 
2020-10-28T08:28:05.919+0000: [GC (Allocation Failure) 2020-10-28T08:28:05.919+0000: [ParNew: 16388K->4K(18432K), 0.0028079 secs] 390979K->374595K(896640K), 0.0028527 secs] [Times: user=0.01 sys=0.00, real=0.01 secs] 
2020-10-28T08:28:05.937+0000: [GC (Allocation Failure) 2020-10-28T08:28:05.937+0000: [ParNew: 16388K->4K(18432K), 0.0027519 secs] 390979K->374595K(896640K), 0.0027949 secs] [Times: user=0.01 sys=0.00, real=0.01 secs] 
2020-10-28T08:28:05.955+0000: [GC (Allocation Failure) 2020-10-28T08:28:05.955+0000: [ParNew: 16388K->4K(18432K), 0.0028257 secs] 390979K->374595K(896640K), 0.0028689 secs] [Times: user=0.00 sys=0.00, real=0.00 secs] 
2020-10-28T08:28:05.977+0000: [GC (Allocation Failure) 2020-10-28T08:28:05.977+0000: [ParNew: 16388K->4K(18432K), 0.0026869 secs] 390979K->374595K(896640K), 0.0027317 secs] [Times: user=0.00 sys=0.00, real=0.00 secs] 
2020-10-28T08:28:05.994+0000: [GC (Allocation Failure) 2020-10-28T08:28:05.994+0000: [ParNew: 16388K->4K(18432K), 0.0026312 secs] 390979K->374595K(896640K), 0.0026747 secs] [Times: user=0.01 sys=0.00, real=0.00 secs] 
2020-10-28T08:28:06.012+0000: [GC (Allocation Failure) 2020-10-28T08:28:06.012+0000: [ParNew: 16388K->4K(18432K), 0.0025852 secs] 390979K->374595K(896640K), 0.0026284 secs] [Times: user=0.00 sys=0.00, real=0.00 secs] 
2020-10-28T08:28:06.029+0000: [GC (Allocation Failure) 2020-10-28T08:28:06.029+0000: [ParNew: 16388K->4K(18432K), 0.0027133 secs] 390979K->374595K(896640K), 0.0027560 secs] [Times: user=0.00 sys=0.00, real=0.00 secs] 
2020-10-28T08:28:06.048+0000: [GC (Allocation Failure) 2020-10-28T08:28:06.048+0000: [ParNew: 16388K->4K(18432K), 0.0027578 secs] 390979K->374595K(896640K), 0.0028035 secs] [Times: user=0.01 sys=0.00, real=0.00 secs] 
2020-10-28T08:28:06.065+0000: [GC (Allocation Failure) 2020-10-28T08:28:06.065+0000: [ParNew: 16388K->4K(18432K), 0.0027895 secs] 390979K->374595K(896640K), 0.0028344 secs] [Times: user=0.01 sys=0.00, real=0.01 secs] 
2020-10-28T08:28:06.083+0000: [GC (Allocation Failure) 2020-10-28T08:28:06.083+0000: [ParNew: 16388K->4K(18432K), 0.0027916 secs] 390979K->374595K(896640K), 0.0028348 secs] [Times: user=0.00 sys=0.00, real=0.00 secs] 
2020-10-28T08:28:06.104+0000: [GC (Allocation Failure) 2020-10-28T08:28:06.104+0000: [ParNew: 16388K->4K(18432K), 0.0027614 secs] 390979K->374595K(896640K), 0.0028090 secs] [Times: user=0.00 sys=0.00, real=0.00 secs] 
2020-10-28T08:28:06.124+0000: [GC (Allocation Failure) 2020-10-28T08:28:06.124+0000: [ParNew: 16388K->4K(18432K), 0.0027404 secs] 390979K->374595K(896640K), 0.0027833 secs] [Times: user=0.01 sys=0.00, real=0.00 secs] 
2020-10-28T08:28:06.141+0000: [GC (Allocation Failure) 2020-10-28T08:28:06.141+0000: [ParNew: 16271K->4K(18432K), 0.0027496 secs] 390863K->374595K(896640K), 0.0027911 secs] [Times: user=0.00 sys=0.00, real=0.00 secs] 
2020-10-28T08:28:06.159+0000: [GC (Allocation Failure) 2020-10-28T08:28:06.159+0000: [ParNew: 16388K->4K(18432K), 0.0027881 secs] 390979K->374595K(896640K), 0.0028314 secs] [Times: user=0.01 sys=0.00, real=0.01 secs] 
2020-10-28T08:28:06.186+0000: [GC (Allocation Failure) 2020-10-28T08:28:06.186+0000: [ParNew: 16388K->4K(18432K), 0.0029164 secs] 390979K->374595K(896640K), 0.0029776 secs] [Times: user=0.01 sys=0.00, real=0.01 secs] 
2020-10-28T08:28:06.214+0000: [GC (Allocation Failure) 2020-10-28T08:28:06.214+0000: [ParNew: 16388K->4K(18432K), 0.0028349 secs] 390979K->374595K(896640K), 0.0029017 secs] [Times: user=0.01 sys=0.00, real=0.00 secs] 
2020-10-28T08:28:06.237+0000: [GC (Allocation Failure) 2020-10-28T08:28:06.237+0000: [ParNew: 16388K->4K(18432K), 0.0028393 secs] 390979K->374595K(896640K), 0.0028957 secs] [Times: user=0.01 sys=0.00, real=0.00 secs] 
2020-10-28T08:28:06.255+0000: [GC (Allocation Failure) 2020-10-28T08:28:06.255+0000: [ParNew: 16388K->4K(18432K), 0.0028371 secs] 390979K->374595K(896640K), 0.0029015 secs] [Times: user=0.00 sys=0.00, real=0.00 secs] 
2020-10-28T08:28:06.276+0000: [GC (Allocation Failure) 2020-10-28T08:28:06.276+0000: [ParNew: 16388K->4K(18432K), 0.0026679 secs] 390979K->374595K(896640K), 0.0027126 secs] [Times: user=0.00 sys=0.00, real=0.00 secs] 
2020-10-28T08:28:06.293+0000: [GC (Allocation Failure) 2020-10-28T08:28:06.293+0000: [ParNew: 16388K->4K(18432K), 0.0026855 secs] 390979K->374595K(896640K), 0.0027302 secs] [Times: user=0.00 sys=0.00, real=0.00 secs] 
2020-10-28T08:28:06.311+0000: [GC (Allocation Failure) 2020-10-28T08:28:06.311+0000: [ParNew: 16388K->4K(18432K), 0.0026269 secs] 390979K->374595K(896640K), 0.0026713 secs] [Times: user=0.01 sys=0.00, real=0.00 secs] 
2020-10-28T08:28:06.329+0000: [GC (Allocation Failure) 2020-10-28T08:28:06.329+0000: [ParNew: 16388K->4K(18432K), 0.0028900 secs] 390979K->374595K(896640K), 0.0029401 secs] [Times: user=0.01 sys=0.00, real=0.00 secs] 
2020-10-28T08:28:06.349+0000: [GC (Allocation Failure) 2020-10-28T08:28:06.349+0000: [ParNew: 16388K->4K(18432K), 0.0029829 secs] 407363K->390979K(896640K), 0.0030412 secs] [Times: user=0.01 sys=0.00, real=0.00 secs] 
2020-10-28T08:28:06.371+0000: [GC (Allocation Failure) 2020-10-28T08:28:06.371+0000: [ParNew: 16388K->4K(18432K), 0.0027134 secs] 407363K->390979K(896640K), 0.0027594 secs] [Times: user=0.00 sys=0.00, real=0.00 secs] 
2020-10-28T08:28:06.391+0000: [GC (Allocation Failure) 2020-10-28T08:28:06.391+0000: [ParNew: 16388K->4K(18432K), 0.0027174 secs] 407363K->390979K(896640K), 0.0027596 secs] [Times: user=0.01 sys=0.00, real=0.00 secs] 
2020-10-28T08:28:06.409+0000: [GC (Allocation Failure) 2020-10-28T08:28:06.409+0000: [ParNew: 16388K->4K(18432K), 0.0027570 secs] 407363K->390979K(896640K), 0.0028027 secs] [Times: user=0.00 sys=0.00, real=0.00 secs] 
2020-10-28T08:28:06.428+0000: [GC (Allocation Failure) 2020-10-28T08:28:06.428+0000: [ParNew: 16388K->4K(18432K), 0.0028096 secs] 407363K->390979K(896640K), 0.0028565 secs] [Times: user=0.01 sys=0.00, real=0.00 secs] 
2020-10-28T08:28:06.448+0000: [GC (Allocation Failure) 2020-10-28T08:28:06.448+0000: [ParNew: 16388K->4K(18432K), 0.0028047 secs] 407363K->390980K(896640K), 0.0028497 secs] [Times: user=0.00 sys=0.00, real=0.00 secs] 
2020-10-28T08:28:06.468+0000: [GC (Allocation Failure) 2020-10-28T08:28:06.468+0000: [ParNew: 16388K->4K(18432K), 0.0028003 secs] 407364K->390980K(896640K), 0.0028479 secs] [Times: user=0.01 sys=0.00, real=0.00 secs] 
2020-10-28T08:28:06.488+0000: [GC (Allocation Failure) 2020-10-28T08:28:06.488+0000: [ParNew: 16388K->4K(18432K), 0.0027695 secs] 407364K->390980K(896640K), 0.0028149 secs] [Times: user=0.00 sys=0.00, real=0.00 secs] 
2020-10-28T08:28:06.506+0000: [GC (Allocation Failure) 2020-10-28T08:28:06.506+0000: [ParNew: 16388K->4K(18432K), 0.0028018 secs] 407364K->390980K(896640K), 0.0028516 secs] [Times: user=0.01 sys=0.00, real=0.01 secs] 
2020-10-28T08:28:06.524+0000: [GC (Allocation Failure) 2020-10-28T08:28:06.524+0000: [ParNew: 16388K->4K(18432K), 0.0027452 secs] 407364K->390980K(896640K), 0.0027899 secs] [Times: user=0.01 sys=0.00, real=0.00 secs] 
2020-10-28T08:28:06.544+0000: [GC (Allocation Failure) 2020-10-28T08:28:06.544+0000: [ParNew: 16388K->4K(18432K), 0.0027038 secs] 407364K->390980K(896640K), 0.0027469 secs] [Times: user=0.00 sys=0.00, real=0.00 secs] 
2020-10-28T08:28:06.561+0000: [GC (Allocation Failure) 2020-10-28T08:28:06.561+0000: [ParNew: 16388K->4K(18432K), 0.0027698 secs] 407364K->390980K(896640K), 0.0028244 secs] [Times: user=0.01 sys=0.00, real=0.00 secs] 
2020-10-28T08:28:06.579+0000: [GC (Allocation Failure) 2020-10-28T08:28:06.579+0000: [ParNew: 16388K->4K(18432K), 0.0026485 secs] 407364K->390980K(896640K), 0.0026922 secs] [Times: user=0.00 sys=0.00, real=0.01 secs] 
2020-10-28T08:28:06.600+0000: [GC (Allocation Failure) 2020-10-28T08:28:06.600+0000: [ParNew: 16388K->4K(18432K), 0.0025424 secs] 407364K->390980K(896640K), 0.0025851 secs] [Times: user=0.00 sys=0.00, real=0.00 secs] 
2020-10-28T08:28:06.617+0000: [GC (Allocation Failure) 2020-10-28T08:28:06.617+0000: [ParNew: 16388K->4K(18432K), 0.0025646 secs] 407364K->390980K(896640K), 0.0026063 secs] [Times: user=0.00 sys=0.00, real=0.01 secs] 
2020-10-28T08:28:06.634+0000: [GC (Allocation Failure) 2020-10-28T08:28:06.634+0000: [ParNew: 16388K->4K(18432K), 0.0026129 secs] 407364K->390980K(896640K), 0.0026549 secs] [Times: user=0.01 sys=0.00, real=0.00 secs] 
2020-10-28T08:28:06.656+0000: [GC (Allocation Failure) 2020-10-28T08:28:06.656+0000: [ParNew: 16388K->4K(18432K), 0.0026781 secs] 407364K->390980K(896640K), 0.0027229 secs] [Times: user=0.01 sys=0.00, real=0.00 secs] 
2020-10-28T08:28:06.674+0000: [GC (Allocation Failure) 2020-10-28T08:28:06.674+0000: [ParNew: 16388K->4K(18432K), 0.0026877 secs] 407364K->390980K(896640K), 0.0027395 secs] [Times: user=0.00 sys=0.00, real=0.00 secs] 
2020-10-28T08:28:06.691+0000: [GC (Allocation Failure) 2020-10-28T08:28:06.691+0000: [ParNew: 16388K->4K(18432K), 0.0026916 secs] 407364K->390980K(896640K), 0.0027330 secs] [Times: user=0.01 sys=0.00, real=0.00 secs] 
2020-10-28T08:28:06.710+0000: [GC (Allocation Failure) 2020-10-28T08:28:06.710+0000: [ParNew: 16388K->4K(18432K), 0.0027582 secs] 407364K->390980K(896640K), 0.0028213 secs] [Times: user=0.00 sys=0.00, real=0.00 secs] 
2020-10-28T08:28:06.731+0000: [GC (Allocation Failure) 2020-10-28T08:28:06.731+0000: [ParNew: 16388K->4K(18432K), 0.0027925 secs] 407364K->390980K(896640K), 0.0028507 secs] [Times: user=0.01 sys=0.00, real=0.00 secs] 
2020-10-28T08:28:06.751+0000: [GC (Allocation Failure) 2020-10-28T08:28:06.751+0000: [ParNew: 16388K->4K(18432K), 0.0028377 secs] 407364K->390980K(896640K), 0.0028857 secs] [Times: user=0.00 sys=0.00, real=0.00 secs] 
2020-10-28T08:28:06.772+0000: [GC (Allocation Failure) 2020-10-28T08:28:06.772+0000: [ParNew: 16388K->4K(18432K), 0.0030257 secs] 407364K->390980K(896640K), 0.0030793 secs] [Times: user=0.00 sys=0.00, real=0.00 secs] 
2020-10-28T08:28:06.792+0000: [GC (Allocation Failure) 2020-10-28T08:28:06.792+0000: [ParNew: 16388K->4K(18432K), 0.0027004 secs] 407364K->390980K(896640K), 0.0027414 secs] [Times: user=0.00 sys=0.00, real=0.00 secs] 
2020-10-28T08:28:06.809+0000: [GC (Allocation Failure) 2020-10-28T08:28:06.809+0000: [ParNew: 16388K->4K(18432K), 0.0027160 secs] 407364K->390980K(896640K), 0.0027629 secs] [Times: user=0.00 sys=0.00, real=0.00 secs] 
2020-10-28T08:28:06.827+0000: [GC (Allocation Failure) 2020-10-28T08:28:06.827+0000: [ParNew: 16388K->4K(18432K), 0.0028216 secs] 407364K->390980K(896640K), 0.0028828 secs] [Times: user=0.01 sys=0.00, real=0.01 secs] 
2020-10-28T08:28:06.850+0000: [GC (Allocation Failure) 2020-10-28T08:28:06.850+0000: [ParNew: 16388K->4K(18432K), 0.0027628 secs] 407364K->390980K(896640K), 0.0028073 secs] [Times: user=0.00 sys=0.00, real=0.00 secs] 
2020-10-28T08:28:06.868+0000: [GC (Allocation Failure) 2020-10-28T08:28:06.868+0000: [ParNew: 16334K->4K(18432K), 0.0027003 secs] 407310K->390980K(896640K), 0.0027443 secs] [Times: user=0.00 sys=0.00, real=0.00 secs] 
2020-10-28T08:28:06.888+0000: [GC (Allocation Failure) 2020-10-28T08:28:06.888+0000: [ParNew: 16388K->4K(18432K), 0.0025698 secs] 407364K->390980K(896640K), 0.0026128 secs] [Times: user=0.01 sys=0.00, real=0.00 secs] 
2020-10-28T08:28:06.905+0000: [GC (Allocation Failure) 2020-10-28T08:28:06.905+0000: [ParNew: 16388K->4K(18432K), 0.0026914 secs] 407364K->390980K(896640K), 0.0027364 secs] [Times: user=0.00 sys=0.00, real=0.01 secs] 
2020-10-28T08:28:06.924+0000: [GC (Allocation Failure) 2020-10-28T08:28:06.924+0000: [ParNew: 16388K->4K(18432K), 0.0026160 secs] 407364K->390980K(896640K), 0.0026589 secs] [Times: user=0.00 sys=0.00, real=0.00 secs] 
2020-10-28T08:28:06.942+0000: [GC (Allocation Failure) 2020-10-28T08:28:06.942+0000: [ParNew: 16388K->4K(18432K), 0.0029209 secs] 407364K->390980K(896640K), 0.0029827 secs] [Times: user=0.01 sys=0.00, real=0.00 secs] 
2020-10-28T08:28:06.963+0000: [GC (Allocation Failure) 2020-10-28T08:28:06.963+0000: [ParNew: 16388K->4K(18432K), 0.0028073 secs] 407364K->390980K(896640K), 0.0028547 secs] [Times: user=0.00 sys=0.00, real=0.00 secs] 
2020-10-28T08:28:06.983+0000: [GC (Allocation Failure) 2020-10-28T08:28:06.983+0000: [ParNew: 16388K->4K(18432K), 0.0026946 secs] 407364K->390980K(896640K), 0.0027402 secs] [Times: user=0.00 sys=0.00, real=0.00 secs] 
2020-10-28T08:28:07.001+0000: [GC (Allocation Failure) 2020-10-28T08:28:07.001+0000: [ParNew: 16388K->4K(18432K), 0.0026366 secs] 407364K->390980K(896640K), 0.0026811 secs] [Times: user=0.00 sys=0.00, real=0.00 secs] 
2020-10-28T08:28:07.018+0000: [GC (Allocation Failure) 2020-10-28T08:28:07.018+0000: [ParNew: 16388K->4K(18432K), 0.0026872 secs] 407364K->390980K(896640K), 0.0027294 secs] [Times: user=0.01 sys=0.00, real=0.01 secs] 
2020-10-28T08:28:07.036+0000: [GC (Allocation Failure) 2020-10-28T08:28:07.036+0000: [ParNew: 16388K->4K(18432K), 0.0027134 secs] 407364K->390980K(896640K), 0.0027634 secs] [Times: user=0.00 sys=0.00, real=0.00 secs] 
2020-10-28T08:28:07.056+0000: [GC (Allocation Failure) 2020-10-28T08:28:07.056+0000: [ParNew: 16388K->4K(18432K), 0.0027618 secs] 407364K->390980K(896640K), 0.0028061 secs] [Times: user=0.00 sys=0.00, real=0.00 secs] 
2020-10-28T08:28:07.076+0000: [GC (Allocation Failure) 2020-10-28T08:28:07.076+0000: [ParNew: 16388K->4K(18432K), 0.0027048 secs] 407364K->390980K(896640K), 0.0027473 secs] [Times: user=0.01 sys=0.00, real=0.00 secs] 
2020-10-28T08:28:07.096+0000: [GC (Allocation Failure) 2020-10-28T08:28:07.096+0000: [ParNew: 16388K->4K(18432K), 0.0026936 secs] 407364K->390980K(896640K), 0.0027393 secs] [Times: user=0.00 sys=0.00, real=0.00 secs] 
2020-10-28T08:28:07.114+0000: [GC (Allocation Failure) 2020-10-28T08:28:07.114+0000: [ParNew: 16388K->4K(18432K), 0.0027761 secs] 407364K->390980K(896640K), 0.0028222 secs] [Times: user=0.01 sys=0.00, real=0.00 secs] 
2020-10-28T08:28:07.132+0000: [GC (Allocation Failure) 2020-10-28T08:28:07.132+0000: [ParNew: 16388K->4K(18432K), 0.0027170 secs] 407364K->390980K(896640K), 0.0027605 secs] [Times: user=0.01 sys=0.00, real=0.00 secs] 
2020-10-28T08:28:07.149+0000: [GC (Allocation Failure) 2020-10-28T08:28:07.149+0000: [ParNew: 16388K->4K(18432K), 0.0027456 secs] 407364K->390980K(896640K), 0.0027882 secs] [Times: user=0.00 sys=0.00, real=0.00 secs] 
2020-10-28T08:28:07.167+0000: [GC (Allocation Failure) 2020-10-28T08:28:07.167+0000: [ParNew: 16388K->4K(18432K), 0.0028247 secs] 407364K->390980K(896640K), 0.0028699 secs] [Times: user=0.01 sys=0.00, real=0.01 secs] 
2020-10-28T08:28:07.187+0000: [GC (Allocation Failure) 2020-10-28T08:28:07.187+0000: [ParNew: 16388K->4K(18432K), 0.0027108 secs] 407364K->390980K(896640K), 0.0027519 secs] [Times: user=0.01 sys=0.00, real=0.01 secs] 
2020-10-28T08:28:07.208+0000: [GC (Allocation Failure) 2020-10-28T08:28:07.208+0000: [ParNew: 16388K->4K(18432K), 0.0026155 secs] 407364K->390980K(896640K), 0.0026600 secs] [Times: user=0.01 sys=0.00, real=0.00 secs] 
2020-10-28T08:28:07.228+0000: [GC (Allocation Failure) 2020-10-28T08:28:07.228+0000: [ParNew: 16388K->4K(18432K), 0.0026205 secs] 407364K->390980K(896640K), 0.0026629 secs] [Times: user=0.00 sys=0.00, real=0.00 secs] 
2020-10-28T08:28:07.248+0000: [GC (Allocation Failure) 2020-10-28T08:28:07.248+0000: [ParNew: 16388K->4K(18432K), 0.0026185 secs] 407364K->390980K(896640K), 0.0026624 secs] [Times: user=0.00 sys=0.00, real=0.00 secs] 
2020-10-28T08:28:07.266+0000: [GC (Allocation Failure) 2020-10-28T08:28:07.266+0000: [ParNew: 16388K->4K(18432K), 0.0028588 secs] 407364K->390980K(896640K), 0.0029148 secs] [Times: user=0.01 sys=0.00, real=0.01 secs] 
2020-10-28T08:28:07.283+0000: [GC (Allocation Failure) 2020-10-28T08:28:07.283+0000: [ParNew: 16388K->4K(18432K), 0.0026561 secs] 407364K->390980K(896640K), 0.0027049 secs] [Times: user=0.00 sys=0.00, real=0.00 secs] 
2020-10-28T08:28:07.305+0000: [GC (Allocation Failure) 2020-10-28T08:28:07.305+0000: [ParNew: 16388K->4K(18432K), 0.0026796 secs] 407364K->390980K(896640K), 0.0027198 secs] [Times: user=0.00 sys=0.00, real=0.01 secs] 
2020-10-28T08:28:07.327+0000: [GC (Allocation Failure) 2020-10-28T08:28:07.327+0000: [ParNew: 16388K->4K(18432K), 0.0026104 secs] 407364K->390980K(896640K), 0.0026529 secs] [Times: user=0.01 sys=0.00, real=0.01 secs] 
2020-10-28T08:28:07.346+0000: [GC (Allocation Failure) 2020-10-28T08:28:07.347+0000: [ParNew: 16388K->4K(18432K), 0.0026974 secs] 407364K->390980K(896640K), 0.0027406 secs] [Times: user=0.00 sys=0.00, real=0.01 secs] 
2020-10-28T08:28:07.364+0000: [GC (Allocation Failure) 2020-10-28T08:28:07.364+0000: [ParNew: 16388K->4K(18432K), 0.0026964 secs] 407364K->390980K(896640K), 0.0027408 secs] [Times: user=0.01 sys=0.00, real=0.00 secs] 
2020-10-28T08:28:07.384+0000: [GC (Allocation Failure) 2020-10-28T08:28:07.384+0000: [ParNew: 16388K->4K(18432K), 0.0025734 secs] 407364K->390980K(896640K), 0.0026165 secs] [Times: user=0.00 sys=0.00, real=0.00 secs] 
2020-10-28T08:28:07.404+0000: [GC (Allocation Failure) 2020-10-28T08:28:07.404+0000: [ParNew: 16388K->4K(18432K), 0.0026495 secs] 407364K->390980K(896640K), 0.0026932 secs] [Times: user=0.01 sys=0.00, real=0.00 secs] 
2020-10-28T08:28:07.421+0000: [GC (Allocation Failure) 2020-10-28T08:28:07.421+0000: [ParNew: 16388K->4K(18432K), 0.0026645 secs] 407364K->390980K(896640K), 0.0027084 secs] [Times: user=0.01 sys=0.00, real=0.00 secs] 
2020-10-28T08:28:07.439+0000: [GC (Allocation Failure) 2020-10-28T08:28:07.439+0000: [ParNew: 16388K->4K(18432K), 0.0027008 secs] 407364K->390980K(896640K), 0.0027452 secs] [Times: user=0.00 sys=0.00, real=0.01 secs] 
2020-10-28T08:28:07.457+0000: [GC (Allocation Failure) 2020-10-28T08:28:07.457+0000: [ParNew: 16388K->4K(18432K), 0.0026919 secs] 407364K->390980K(896640K), 0.0027371 secs] [Times: user=0.01 sys=0.00, real=0.00 secs] 
2020-10-28T08:28:07.476+0000: [GC (Allocation Failure) 2020-10-28T08:28:07.476+0000: [ParNew: 16388K->4K(18432K), 0.0027584 secs] 407364K->390980K(896640K), 0.0028035 secs] [Times: user=0.00 sys=0.00, real=0.00 secs] 
2020-10-28T08:28:07.494+0000: [GC (Allocation Failure) 2020-10-28T08:28:07.494+0000: [ParNew: 16388K->4K(18432K), 0.0027064 secs] 407364K->390980K(896640K), 0.0027514 secs] [Times: user=0.00 sys=0.00, real=0.00 secs] 
2020-10-28T08:28:07.512+0000: [GC (Allocation Failure) 2020-10-28T08:28:07.512+0000: [ParNew: 16388K->4K(18432K), 0.0028539 secs] 407364K->390980K(896640K), 0.0028999 secs] [Times: user=0.01 sys=0.00, real=0.00 secs] 
2020-10-28T08:28:07.530+0000: [GC (Allocation Failure) 2020-10-28T08:28:07.530+0000: [ParNew: 16388K->4K(18432K), 0.0026792 secs] 407364K->390980K(896640K), 0.0027201 secs] [Times: user=0.00 sys=0.00, real=0.00 secs] 
2020-10-28T08:28:07.551+0000: [GC (Allocation Failure) 2020-10-28T08:28:07.551+0000: [ParNew: 16388K->4K(18432K), 0.0026906 secs] 407364K->390980K(896640K), 0.0027350 secs] [Times: user=0.01 sys=0.00, real=0.00 secs] 
2020-10-28T08:28:07.569+0000: [GC (Allocation Failure) 2020-10-28T08:28:07.569+0000: [ParNew: 16388K->4K(18432K), 0.0027362 secs] 407364K->390980K(896640K), 0.0027798 secs] [Times: user=0.01 sys=0.00, real=0.00 secs] 
2020-10-28T08:28:07.588+0000: [GC (Allocation Failure) 2020-10-28T08:28:07.588+0000: [ParNew: 16388K->4K(18432K), 0.0027142 secs] 407364K->390980K(896640K), 0.0027556 secs] [Times: user=0.01 sys=0.00, real=0.00 secs] 
2020-10-28T08:28:07.605+0000: [GC (Allocation Failure) 2020-10-28T08:28:07.605+0000: [ParNew: 16388K->4K(18432K), 0.0027246 secs] 407364K->390980K(896640K), 0.0027651 secs] [Times: user=0.01 sys=0.00, real=0.01 secs] 
2020-10-28T08:28:07.624+0000: [GC (Allocation Failure) 2020-10-28T08:28:07.624+0000: [ParNew: 16388K->4K(18432K), 0.0026920 secs] 407364K->390980K(896640K), 0.0027331 secs] [Times: user=0.00 sys=0.00, real=0.00 secs] 
2020-10-28T08:28:07.641+0000: [GC (Allocation Failure) 2020-10-28T08:28:07.641+0000: [ParNew: 16388K->4K(18432K), 0.0026902 secs] 407364K->390980K(896640K), 0.0027315 secs] [Times: user=0.01 sys=0.00, real=0.00 secs] 
2020-10-28T08:28:07.664+0000: [GC (Allocation Failure) 2020-10-28T08:28:07.664+0000: [ParNew: 16388K->4K(18432K), 0.0027344 secs] 407364K->390980K(896640K), 0.0027792 secs] [Times: user=0.01 sys=0.00, real=0.00 secs] 
2020-10-28T08:28:07.681+0000: [GC (Allocation Failure) 2020-10-28T08:28:07.681+0000: [ParNew: 16388K->4K(18432K), 0.0026105 secs] 407364K->390980K(896640K), 0.0026523 secs] [Times: user=0.00 sys=0.00, real=0.00 secs] 
2020-10-28T08:28:07.700+0000: [GC (Allocation Failure) 2020-10-28T08:28:07.700+0000: [ParNew: 16388K->4K(18432K), 0.0026221 secs] 407364K->390980K(896640K), 0.0026658 secs] [Times: user=0.01 sys=0.00, real=0.00 secs] 
2020-10-28T08:28:07.717+0000: [GC (Allocation Failure) 2020-10-28T08:28:07.717+0000: [ParNew: 16388K->4K(18432K), 0.0028087 secs] 407364K->390980K(896640K), 0.0028570 secs] [Times: user=0.00 sys=0.00, real=0.01 secs] 
2020-10-28T08:28:07.735+0000: [GC (Allocation Failure) 2020-10-28T08:28:07.735+0000: [ParNew: 16388K->4K(18432K), 0.0031084 secs] 407364K->390980K(896640K), 0.0031538 secs] [Times: user=0.01 sys=0.00, real=0.00 secs] 
2020-10-28T08:28:07.754+0000: [GC (Allocation Failure) 2020-10-28T08:28:07.754+0000: [ParNew: 16388K->4K(18432K), 0.0027473 secs] 407364K->390980K(896640K), 0.0027903 secs] [Times: user=0.00 sys=0.00, real=0.00 secs] 
2020-10-28T08:28:07.771+0000: [GC (Allocation Failure) 2020-10-28T08:28:07.771+0000: [ParNew: 16388K->4K(18432K), 0.0028273 secs] 407364K->390980K(896640K), 0.0028693 secs] [Times: user=0.00 sys=0.00, real=0.00 secs] 
2020-10-28T08:28:07.792+0000: [GC (Allocation Failure) 2020-10-28T08:28:07.792+0000: [ParNew: 16388K->4K(18432K), 0.0026870 secs] 407364K->390980K(896640K), 0.0027295 secs] [Times: user=0.00 sys=0.00, real=0.00 secs] 
2020-10-28T08:28:07.810+0000: [GC (Allocation Failure) 2020-10-28T08:28:07.810+0000: [ParNew: 16388K->4K(18432K), 0.0027522 secs] 407364K->390980K(896640K), 0.0027939 secs] [Times: user=0.01 sys=0.00, real=0.00 secs] 
2020-10-28T08:28:07.828+0000: [GC (Allocation Failure) 2020-10-28T08:28:07.828+0000: [ParNew: 16388K->4K(18432K), 0.0027355 secs] 407364K->390980K(896640K), 0.0027810 secs] [Times: user=0.00 sys=0.00, real=0.00 secs] 
2020-10-28T08:28:07.845+0000: [GC (Allocation Failure) 2020-10-28T08:28:07.845+0000: [ParNew: 16388K->4K(18432K), 0.0029019 secs] 407364K->390980K(896640K), 0.0029471 secs] [Times: user=0.01 sys=0.00, real=0.01 secs] 
2020-10-28T08:28:07.863+0000: [GC (Allocation Failure) 2020-10-28T08:28:07.863+0000: [ParNew: 16388K->4K(18432K), 0.0027532 secs] 407364K->390980K(896640K), 0.0027947 secs] [Times: user=0.01 sys=0.00, real=0.00 secs] 
2020-10-28T08:28:07.881+0000: [GC (Allocation Failure) 2020-10-28T08:28:07.881+0000: [ParNew: 16388K->4K(18432K), 0.0027633 secs] 407364K->390980K(896640K), 0.0028048 secs] [Times: user=0.01 sys=0.00, real=0.00 secs] 
2020-10-28T08:28:07.900+0000: [GC (Allocation Failure) 2020-10-28T08:28:07.900+0000: [ParNew: 16388K->6K(18432K), 0.0026380 secs] 407364K->390982K(896640K), 0.0026810 secs] [Times: user=0.01 sys=0.00, real=0.00 secs] 
2020-10-28T08:28:07.917+0000: [GC (Allocation Failure) 2020-10-28T08:28:07.917+0000: [ParNew: 16390K->4K(18432K), 0.0026663 secs] 407366K->390980K(896640K), 0.0027107 secs] [Times: user=0.00 sys=0.00, real=0.01 secs] 
2020-10-28T08:28:07.935+0000: [GC (Allocation Failure) 2020-10-28T08:28:07.935+0000: [ParNew: 16388K->4K(18432K), 0.0026592 secs] 407364K->390980K(896640K), 0.0027029 secs] [Times: user=0.01 sys=0.00, real=0.00 secs] 
2020-10-28T08:28:07.953+0000: [GC (Allocation Failure) 2020-10-28T08:28:07.953+0000: [ParNew: 16388K->4K(18432K), 0.0026808 secs] 407364K->390980K(896640K), 0.0027218 secs] [Times: user=0.00 sys=0.00, real=0.00 secs] 
2020-10-28T08:28:07.972+0000: [GC (Allocation Failure) 2020-10-28T08:28:07.972+0000: [ParNew: 16388K->4K(18432K), 0.0026425 secs] 407364K->390980K(896640K), 0.0026929 secs] [Times: user=0.00 sys=0.00, real=0.00 secs] 
2020-10-28T08:28:07.989+0000: [GC (Allocation Failure) 2020-10-28T08:28:07.989+0000: [ParNew: 16388K->4K(18432K), 0.0027404 secs] 407364K->390980K(896640K), 0.0027828 secs] [Times: user=0.01 sys=0.00, real=0.00 secs] 
2020-10-28T08:28:08.008+0000: [GC (Allocation Failure) 2020-10-28T08:28:08.008+0000: [ParNew: 16388K->4K(18432K), 0.0026496 secs] 407364K->390980K(896640K), 0.0026942 secs] [Times: user=0.01 sys=0.00, real=0.00 secs] 
2020-10-28T08:28:08.025+0000: [GC (Allocation Failure) 2020-10-28T08:28:08.025+0000: [ParNew: 16388K->4K(18432K), 0.0027349 secs] 407364K->390980K(896640K), 0.0027778 secs] [Times: user=0.00 sys=0.00, real=0.01 secs] 
2020-10-28T08:28:08.043+0000: [GC (Allocation Failure) 2020-10-28T08:28:08.043+0000: [ParNew: 16388K->4K(18432K), 0.0027746 secs] 407364K->390980K(896640K), 0.0028308 secs] [Times: user=0.01 sys=0.00, real=0.00 secs] 
2020-10-28T08:28:08.064+0000: [GC (Allocation Failure) 2020-10-28T08:28:08.064+0000: [ParNew: 16388K->4K(18432K), 0.0027459 secs] 407364K->390980K(896640K), 0.0027923 secs] [Times: user=0.00 sys=0.00, real=0.00 secs] 
2020-10-28T08:28:08.081+0000: [GC (Allocation Failure) 2020-10-28T08:28:08.081+0000: [ParNew: 16388K->4K(18432K), 0.0027511 secs] 407364K->390980K(896640K), 0.0027922 secs] [Times: user=0.00 sys=0.00, real=0.00 secs] 
2020-10-28T08:28:08.099+0000: [GC (Allocation Failure) 2020-10-28T08:28:08.099+0000: [ParNew: 16388K->4K(18432K), 0.0026677 secs] 407364K->390980K(896640K), 0.0027109 secs] [Times: user=0.01 sys=0.00, real=0.01 secs] 
2020-10-28T08:28:08.117+0000: [GC (Allocation Failure) 2020-10-28T08:28:08.117+0000: [ParNew: 16388K->4K(18432K), 0.0028097 secs] 407364K->390980K(896640K), 0.0028550 secs] [Times: user=0.00 sys=0.00, real=0.01 secs] 
2020-10-28T08:28:08.136+0000: [GC (Allocation Failure) 2020-10-28T08:28:08.136+0000: [ParNew: 16388K->4K(18432K), 0.0027320 secs] 407364K->390980K(896640K), 0.0027752 secs] [Times: user=0.00 sys=0.01, real=0.00 secs] 
2020-10-28T08:28:08.154+0000: [GC (Allocation Failure) 2020-10-28T08:28:08.154+0000: [ParNew: 16388K->4K(18432K), 0.0027313 secs] 407364K->390980K(896640K), 0.0027770 secs] [Times: user=0.01 sys=0.00, real=0.00 secs] 
2020-10-28T08:28:08.172+0000: [GC (Allocation Failure) 2020-10-28T08:28:08.172+0000: [ParNew: 16388K->4K(18432K), 0.0027590 secs] 407364K->390980K(896640K), 0.0028023 secs] [Times: user=0.01 sys=0.00, real=0.00 secs] 
2020-10-28T08:28:08.190+0000: [GC (Allocation Failure) 2020-10-28T08:28:08.190+0000: [ParNew: 16388K->4K(18432K), 0.0026990 secs] 407364K->390980K(896640K), 0.0027600 secs] [Times: user=0.01 sys=0.00, real=0.00 secs] 
2020-10-28T08:28:08.210+0000: [GC (Allocation Failure) 2020-10-28T08:28:08.210+0000: [ParNew: 16388K->4K(18432K), 0.0028166 secs] 407364K->390980K(896640K), 0.0028635 secs] [Times: user=0.01 sys=0.00, real=0.00 secs] 
2020-10-28T08:28:08.232+0000: [GC (Allocation Failure) 2020-10-28T08:28:08.232+0000: [ParNew: 16388K->4K(18432K), 0.0026539 secs] 407364K->390980K(896640K), 0.0026988 secs] [Times: user=0.00 sys=0.00, real=0.00 secs] 
2020-10-28T08:28:08.252+0000: [GC (Allocation Failure) 2020-10-28T08:28:08.252+0000: [ParNew: 16388K->4K(18432K), 0.0031823 secs] 407364K->390980K(896640K), 0.0032333 secs] [Times: user=0.01 sys=0.00, real=0.00 secs] 
2020-10-28T08:28:08.271+0000: [GC (Allocation Failure) 2020-10-28T08:28:08.271+0000: [ParNew: 16388K->4K(18432K), 0.0029114 secs] 407364K->390980K(896640K), 0.0029629 secs] [Times: user=0.01 sys=0.00, real=0.00 secs] 
2020-10-28T08:28:08.289+0000: [GC (Allocation Failure) 2020-10-28T08:28:08.289+0000: [ParNew: 16388K->4K(18432K), 0.0026949 secs] 407364K->390980K(896640K), 0.0027398 secs] [Times: user=0.00 sys=0.00, real=0.00 secs] 
2020-10-28T08:28:08.307+0000: [GC (Allocation Failure) 2020-10-28T08:28:08.307+0000: [ParNew: 16388K->4K(18432K), 0.0026352 secs] 407364K->390980K(896640K), 0.0026794 secs] [Times: user=0.01 sys=0.00, real=0.01 secs] 
2020-10-28T08:28:08.328+0000: [GC (Allocation Failure) 2020-10-28T08:28:08.328+0000: [ParNew: 16388K->4K(18432K), 0.0025898 secs] 407364K->390980K(896640K), 0.0026334 secs] [Times: user=0.00 sys=0.00, real=0.00 secs] 
2020-10-28T08:28:08.345+0000: [GC (Allocation Failure) 2020-10-28T08:28:08.345+0000: [ParNew: 16388K->4K(18432K), 0.0026519 secs] 407364K->390980K(896640K), 0.0026952 secs] [Times: user=0.01 sys=0.00, real=0.01 secs] 
2020-10-28T08:28:08.363+0000: [GC (Allocation Failure) 2020-10-28T08:28:08.363+0000: [ParNew: 16388K->4K(18432K), 0.0026001 secs] 407364K->390980K(896640K), 0.0026435 secs] [Times: user=0.01 sys=0.00, real=0.00 secs] 
2020-10-28T08:28:08.384+0000: [GC (Allocation Failure) 2020-10-28T08:28:08.384+0000: [ParNew: 16388K->4K(18432K), 0.0026459 secs] 407364K->390980K(896640K), 0.0026900 secs] [Times: user=0.00 sys=0.00, real=0.00 secs] 
2020-10-28T08:28:08.404+0000: [GC (Allocation Failure) 2020-10-28T08:28:08.404+0000: [ParNew: 16388K->4K(18432K), 0.0026067 secs] 407364K->390980K(896640K), 0.0026497 secs] [Times: user=0.01 sys=0.00, real=0.00 secs] 
2020-10-28T08:28:08.424+0000: [GC (Allocation Failure) 2020-10-28T08:28:08.424+0000: [ParNew: 16388K->4K(18432K), 0.0026832 secs] 407364K->390980K(896640K), 0.0027268 secs] [Times: user=0.00 sys=0.00, real=0.00 secs] 
2020-10-28T08:28:08.442+0000: [GC (Allocation Failure) 2020-10-28T08:28:08.442+0000: [ParNew: 16388K->4K(18432K), 0.0027706 secs] 407364K->390980K(896640K), 0.0028150 secs] [Times: user=0.01 sys=0.00, real=0.00 secs] 
2020-10-28T08:28:08.460+0000: [GC (Allocation Failure) 2020-10-28T08:28:08.460+0000: [ParNew: 16388K->4K(18432K), 0.0027568 secs] 407364K->390980K(896640K), 0.0028007 secs] [Times: user=0.01 sys=0.00, real=0.00 secs] 
2020-10-28T08:28:08.477+0000: [GC (Allocation Failure) 2020-10-28T08:28:08.477+0000: [ParNew: 16388K->4K(18432K), 0.0028776 secs] 407364K->390980K(896640K), 0.0029260 secs] [Times: user=0.00 sys=0.00, real=0.01 secs] 
2020-10-28T08:28:08.495+0000: [GC (Allocation Failure) 2020-10-28T08:28:08.495+0000: [ParNew: 16388K->4K(18432K), 0.0028483 secs] 407364K->390980K(896640K), 0.0028963 secs] [Times: user=0.01 sys=0.00, real=0.00 secs] 
2020-10-28T08:28:08.513+0000: [GC (Allocation Failure) 2020-10-28T08:28:08.513+0000: [ParNew: 16388K->4K(18432K), 0.0028108 secs] 407364K->390981K(896640K), 0.0028536 secs] [Times: user=0.00 sys=0.00, real=0.00 secs] 
2020-10-28T08:28:08.532+0000: [GC (Allocation Failure) 2020-10-28T08:28:08.532+0000: [ParNew: 16388K->4K(18432K), 0.0028101 secs] 407365K->390981K(896640K), 0.0028515 secs] [Times: user=0.01 sys=0.00, real=0.00 secs] 
2020-10-28T08:28:08.552+0000: [GC (Allocation Failure) 2020-10-28T08:28:08.552+0000: [ParNew: 16388K->4K(18432K), 0.0027393 secs] 407365K->390981K(896640K), 0.0027824 secs] [Times: user=0.00 sys=0.00, real=0.00 secs] 
2020-10-28T08:28:08.569+0000: [GC (Allocation Failure) 2020-10-28T08:28:08.569+0000: [ParNew: 16388K->4K(18432K), 0.0029077 secs] 407365K->390981K(896640K), 0.0029550 secs] [Times: user=0.01 sys=0.00, real=0.00 secs] 
2020-10-28T08:28:08.587+0000: [GC (Allocation Failure) 2020-10-28T08:28:08.587+0000: [ParNew: 16388K->4K(18432K), 0.0027563 secs] 407365K->390981K(896640K), 0.0028003 secs] [Times: user=0.00 sys=0.00, real=0.01 secs] 
2020-10-28T08:28:08.605+0000: [GC (Allocation Failure) 2020-10-28T08:28:08.605+0000: [ParNew: 16388K->4K(18432K), 0.0027657 secs] 407365K->390981K(896640K), 0.0028149 secs] [Times: user=0.01 sys=0.00, real=0.01 secs] 
2020-10-28T08:28:08.622+0000: [GC (Allocation Failure) 2020-10-28T08:28:08.622+0000: [ParNew: 16388K->4K(18432K), 0.0027105 secs] 407365K->390981K(896640K), 0.0027618 secs] [Times: user=0.00 sys=0.00, real=0.00 secs] 
2020-10-28T08:28:08.644+0000: [GC (Allocation Failure) 2020-10-28T08:28:08.644+0000: [ParNew: 16388K->4K(18432K), 0.0026748 secs] 407365K->390981K(896640K), 0.0027186 secs] [Times: user=0.01 sys=0.00, real=0.00 secs] 
2020-10-28T08:28:08.664+0000: [GC (Allocation Failure) 2020-10-28T08:28:08.664+0000: [ParNew: 16388K->4K(18432K), 0.0027401 secs] 407365K->390981K(896640K), 0.0027860 secs] [Times: user=0.00 sys=0.00, real=0.00 secs] 
2020-10-28T08:28:08.684+0000: [GC (Allocation Failure) 2020-10-28T08:28:08.684+0000: [ParNew: 16388K->4K(18432K), 0.0026852 secs] 407365K->390981K(896640K), 0.0027293 secs] [Times: user=0.01 sys=0.00, real=0.00 secs] 
2020-10-28T08:28:08.704+0000: [GC (Allocation Failure) 2020-10-28T08:28:08.704+0000: [ParNew: 16388K->4K(18432K), 0.0026865 secs] 407365K->390981K(896640K), 0.0027306 secs] [Times: user=0.00 sys=0.00, real=0.00 secs] 
2020-10-28T08:28:08.721+0000: [GC (Allocation Failure) 2020-10-28T08:28:08.721+0000: [ParNew: 16388K->4K(18432K), 0.0027531 secs] 407365K->390981K(896640K), 0.0028000 secs] [Times: user=0.01 sys=0.00, real=0.00 secs] 
2020-10-28T08:28:08.745+0000: [GC (Allocation Failure) 2020-10-28T08:28:08.745+0000: [ParNew: 16388K->4K(18432K), 0.0030847 secs] 407365K->390981K(896640K), 0.0031350 secs] [Times: user=0.01 sys=0.00, real=0.01 secs] 
2020-10-28T08:28:08.767+0000: [GC (Allocation Failure) 2020-10-28T08:28:08.767+0000: [ParNew: 16388K->6K(18432K), 0.0028072 secs] 407365K->390983K(896640K), 0.0028518 secs] [Times: user=0.01 sys=0.00, real=0.01 secs] 
2020-10-28T08:28:08.786+0000: [GC (Allocation Failure) 2020-10-28T08:28:08.786+0000: [ParNew: 16390K->4K(18432K), 0.0026665 secs] 407367K->390981K(896640K), 0.0027102 secs] [Times: user=0.00 sys=0.00, real=0.01 secs] 
2020-10-28T08:28:08.807+0000: [GC (Allocation Failure) 2020-10-28T08:28:08.807+0000: [ParNew: 16388K->4K(18432K), 0.0026373 secs] 407365K->390981K(896640K), 0.0026812 secs] [Times: user=0.00 sys=0.00, real=0.01 secs] 
2020-10-28T08:28:08.825+0000: [GC (Allocation Failure) 2020-10-28T08:28:08.825+0000: [ParNew: 16388K->4K(18432K), 0.0027698 secs] 407365K->390981K(896640K), 0.0028151 secs] [Times: user=0.01 sys=0.00, real=0.01 secs] 
2020-10-28T08:28:08.843+0000: [GC (Allocation Failure) 2020-10-28T08:28:08.843+0000: [ParNew: 16388K->4K(18432K), 0.0029070 secs] 407365K->390981K(896640K), 0.0029565 secs] [Times: user=0.00 sys=0.00, real=0.00 secs] 
2020-10-28T08:28:08.861+0000: [GC (Allocation Failure) 2020-10-28T08:28:08.861+0000: [ParNew: 16388K->4K(18432K), 0.0027428 secs] 407365K->390981K(896640K), 0.0027892 secs] [Times: user=0.01 sys=0.00, real=0.00 secs] 
2020-10-28T08:28:08.878+0000: [GC (Allocation Failure) 2020-10-28T08:28:08.878+0000: [ParNew: 16388K->4K(18432K), 0.0026673 secs] 407365K->390981K(896640K), 0.0027113 secs] [Times: user=0.00 sys=0.00, real=0.01 secs] 
2020-10-28T08:28:08.900+0000: [GC (Allocation Failure) 2020-10-28T08:28:08.900+0000: [ParNew: 16388K->4K(18432K), 0.0026741 secs] 407365K->390981K(896640K), 0.0027169 secs] [Times: user=0.01 sys=0.01, real=0.00 secs] 
2020-10-28T08:28:08.918+0000: [GC (Allocation Failure) 2020-10-28T08:28:08.918+0000: [ParNew: 16388K->4K(18432K), 0.0028065 secs] 407365K->390981K(896640K), 0.0028508 secs] [Times: user=0.00 sys=0.00, real=0.01 secs] 
2020-10-28T08:28:08.935+0000: [GC (Allocation Failure) 2020-10-28T08:28:08.935+0000: [ParNew: 16388K->4K(18432K), 0.0028096 secs] 407365K->390981K(896640K), 0.0028542 secs] [Times: user=0.01 sys=0.00, real=0.00 secs] 
2020-10-28T08:28:08.953+0000: [GC (Allocation Failure) 2020-10-28T08:28:08.953+0000: [ParNew: 16388K->4K(18432K), 0.0026522 secs] 407365K->390981K(896640K), 0.0027160 secs] [Times: user=0.01 sys=0.00, real=0.00 secs] 
2020-10-28T08:28:08.971+0000: [GC (Allocation Failure) 2020-10-28T08:28:08.971+0000: [ParNew: 16388K->4K(18432K), 0.0026478 secs] 407365K->390981K(896640K), 0.0026892 secs] [Times: user=0.00 sys=0.00, real=0.00 secs] 
2020-10-28T08:28:08.989+0000: [GC (Allocation Failure) 2020-10-28T08:28:08.989+0000: [ParNew: 16388K->4K(18432K), 0.0027304 secs] 407365K->390981K(896640K), 0.0027727 secs] [Times: user=0.01 sys=0.00, real=0.00 secs] 
2020-10-28T08:28:09.006+0000: [GC (Allocation Failure) 2020-10-28T08:28:09.006+0000: [ParNew: 16388K->4K(18432K), 0.0027124 secs] 407365K->390981K(896640K), 0.0027533 secs] [Times: user=0.00 sys=0.00, real=0.01 secs] 
2020-10-28T08:28:09.024+0000: [GC (Allocation Failure) 2020-10-28T08:28:09.024+0000: [ParNew: 16388K->4K(18432K), 0.0026896 secs] 407365K->390981K(896640K), 0.0027419 secs] [Times: user=0.01 sys=0.00, real=0.00 secs] 
2020-10-28T08:28:09.044+0000: [GC (Allocation Failure) 2020-10-28T08:28:09.044+0000: [ParNew: 16388K->4K(18432K), 0.0027147 secs] 407365K->390981K(896640K), 0.0027571 secs] [Times: user=0.00 sys=0.00, real=0.00 secs] 
2020-10-28T08:28:09.064+0000: [GC (Allocation Failure) 2020-10-28T08:28:09.064+0000: [ParNew: 16388K->4K(18432K), 0.0027707 secs] 407365K->390981K(896640K), 0.0028148 secs] [Times: user=0.01 sys=0.00, real=0.00 secs] 
2020-10-28T08:28:09.084+0000: [GC (Allocation Failure) 2020-10-28T08:28:09.084+0000: [ParNew: 16388K->4K(18432K), 0.0027075 secs] 407365K->390981K(896640K), 0.0027505 secs] [Times: user=0.01 sys=0.00, real=0.00 secs] 
2020-10-28T08:28:09.104+0000: [GC (Allocation Failure) 2020-10-28T08:28:09.104+0000: [ParNew: 16388K->4K(18432K), 0.0027396 secs] 407365K->390981K(896640K), 0.0027931 secs] [Times: user=0.01 sys=0.00, real=0.00 secs] 
2020-10-28T08:28:09.121+0000: [GC (Allocation Failure) 2020-10-28T08:28:09.122+0000: [ParNew: 16388K->4K(18432K), 0.0028702 secs] 407365K->390981K(896640K), 0.0029181 secs] [Times: user=0.00 sys=0.00, real=0.00 secs] 
2020-10-28T08:28:09.140+0000: [GC (Allocation Failure) 2020-10-28T08:28:09.140+0000: [ParNew: 16388K->4K(18432K), 0.0027375 secs] 407365K->390981K(896640K), 0.0027818 secs] [Times: user=0.01 sys=0.00, real=0.00 secs] 
2020-10-28T08:28:09.164+0000: [GC (Allocation Failure) 2020-10-28T08:28:09.164+0000: [ParNew: 16388K->4K(18432K), 0.0029537 secs] 407365K->390981K(896640K), 0.0030047 secs] [Times: user=0.01 sys=0.00, real=0.00 secs] 
2020-10-28T08:28:09.182+0000: [GC (Allocation Failure) 2020-10-28T08:28:09.182+0000: [ParNew: 16388K->4K(18432K), 0.0028559 secs] 407365K->390981K(896640K), 0.0029002 secs] [Times: user=0.00 sys=0.00, real=0.00 secs] 
2020-10-28T08:28:09.199+0000: [GC (Allocation Failure) 2020-10-28T08:28:09.199+0000: [ParNew: 16388K->4K(18432K), 0.0028489 secs] 407365K->390981K(896640K), 0.0028917 secs] [Times: user=0.01 sys=0.00, real=0.01 secs] 
2020-10-28T08:28:09.222+0000: [GC (Allocation Failure) 2020-10-28T08:28:09.222+0000: [ParNew: 16388K->4K(18432K), 0.0029208 secs] 407365K->390981K(896640K), 0.0029709 secs] [Times: user=0.00 sys=0.00, real=0.00 secs] 
2020-10-28T08:28:09.240+0000: [GC (Allocation Failure) 2020-10-28T08:28:09.240+0000: [ParNew: 16388K->4K(18432K), 0.0026562 secs] 407365K->390981K(896640K), 0.0027174 secs] [Times: user=0.01 sys=0.00, real=0.00 secs] 
2020-10-28T08:28:09.258+0000: [GC (Allocation Failure) 2020-10-28T08:28:09.258+0000: [ParNew: 16388K->4K(18432K), 0.0026446 secs] 407365K->390981K(896640K), 0.0026888 secs] [Times: user=0.00 sys=0.00, real=0.01 secs] 
2020-10-28T08:28:09.280+0000: [GC (Allocation Failure) 2020-10-28T08:28:09.280+0000: [ParNew: 16388K->4K(18432K), 0.0028677 secs] 407365K->390981K(896640K), 0.0029185 secs] [Times: user=0.01 sys=0.00, real=0.00 secs] 
2020-10-28T08:28:09.300+0000: [GC (Allocation Failure) 2020-10-28T08:28:09.300+0000: [ParNew: 16388K->4K(18432K), 0.0027650 secs] 407365K->390981K(896640K), 0.0028039 secs] [Times: user=0.01 sys=0.00, real=0.00 secs] 
2020-10-28T08:28:09.317+0000: [GC (Allocation Failure) 2020-10-28T08:28:09.317+0000: [ParNew: 16388K->4K(18432K), 0.0027411 secs] 407365K->390981K(896640K), 0.0027827 secs] [Times: user=0.00 sys=0.00, real=0.01 secs] 
2020-10-28T08:28:09.335+0000: [GC (Allocation Failure) 2020-10-28T08:28:09.335+0000: [ParNew: 16388K->4K(18432K), 0.0027375 secs] 407365K->390981K(896640K), 0.0027867 secs] [Times: user=0.01 sys=0.00, real=0.00 secs] 
2020-10-28T08:28:09.352+0000: [GC (Allocation Failure) 2020-10-28T08:28:09.352+0000: [ParNew: 16388K->4K(18432K), 0.0026985 secs] 407365K->390981K(896640K), 0.0027414 secs] [Times: user=0.00 sys=0.00, real=0.00 secs] 
2020-10-28T08:28:09.370+0000: [GC (Allocation Failure) 2020-10-28T08:28:09.370+0000: [ParNew: 16388K->4K(18432K), 0.0025695 secs] 407365K->390981K(896640K), 0.0026126 secs] [Times: user=0.01 sys=0.00, real=0.00 secs] 
2020-10-28T08:28:09.392+0000: [GC (Allocation Failure) 2020-10-28T08:28:09.392+0000: [ParNew: 16388K->4K(18432K), 0.0027392 secs] 407365K->390981K(896640K), 0.0027858 secs] [Times: user=0.01 sys=0.00, real=0.00 secs] 
2020-10-28T08:28:09.402+0000: [GC (Allocation Failure) 2020-10-28T08:28:09.403+0000: [ParNew: 16388K->4K(18432K), 0.0033632 secs] 407365K->399173K(896640K), 0.0034056 secs] [Times: user=0.01 sys=0.00, real=0.00 secs] 
2020-10-28T08:28:09.414+0000: [GC (Allocation Failure) 2020-10-28T08:28:09.414+0000: [ParNew: 16388K->4K(18432K), 0.0034740 secs] 415557K->407365K(896640K), 0.0035191 secs] [Times: user=0.01 sys=0.00, real=0.00 secs] 
2020-10-28T08:28:09.432+0000: [GC (Allocation Failure) 2020-10-28T08:28:09.433+0000: [ParNew: 16388K->4K(18432K), 0.0028103 secs] 423749K->407365K(896640K), 0.0028553 secs] [Times: user=0.00 sys=0.00, real=0.00 secs] 
2020-10-28T08:28:09.452+0000: [GC (Allocation Failure) 2020-10-28T08:28:09.452+0000: [ParNew: 16388K->4K(18432K), 0.0043745 secs] 423749K->407365K(896640K), 0.0044186 secs] [Times: user=0.01 sys=0.00, real=0.00 secs] 
2020-10-28T08:28:09.475+0000: [GC (Allocation Failure) 2020-10-28T08:28:09.475+0000: [ParNew: 16388K->4K(18432K), 0.0027945 secs] 423749K->407365K(896640K), 0.0028411 secs] [Times: user=0.00 sys=0.00, real=0.00 secs] 
2020-10-28T08:28:09.496+0000: [GC (Allocation Failure) 2020-10-28T08:28:09.496+0000: [ParNew: 16388K->4K(18432K), 0.0029702 secs] 423749K->407365K(896640K), 0.0030219 secs] [Times: user=0.00 sys=0.00, real=0.00 secs] 
2020-10-28T08:28:09.516+0000: [GC (Allocation Failure) 2020-10-28T08:28:09.516+0000: [ParNew: 16388K->4K(18432K), 0.0028263 secs] 423749K->407365K(896640K), 0.0028778 secs] [Times: user=0.01 sys=0.00, real=0.00 secs] 
2020-10-28T08:28:09.533+0000: [GC (Allocation Failure) 2020-10-28T08:28:09.533+0000: [ParNew: 16388K->4K(18432K), 0.0028165 secs] 423749K->407365K(896640K), 0.0028567 secs] [Times: user=0.00 sys=0.00, real=0.00 secs] 
2020-10-28T08:28:09.551+0000: [GC (Allocation Failure) 2020-10-28T08:28:09.551+0000: [ParNew: 16388K->4K(18432K), 0.0026850 secs] 423749K->407365K(896640K), 0.0027268 secs] [Times: user=0.01 sys=0.00, real=0.00 secs] 
2020-10-28T08:28:09.569+0000: [GC (Allocation Failure) 2020-10-28T08:28:09.569+0000: [ParNew: 16388K->4K(18432K), 0.0028135 secs] 423749K->407365K(896640K), 0.0028554 secs] [Times: user=0.01 sys=0.00, real=0.00 secs] 
2020-10-28T08:28:09.587+0000: [GC (Allocation Failure) 2020-10-28T08:28:09.587+0000: [ParNew: 16388K->4K(18432K), 0.0031340 secs] 423749K->407365K(896640K), 0.0031780 secs] [Times: user=0.00 sys=0.00, real=0.01 secs] 
2020-10-28T08:28:09.605+0000: [GC (Allocation Failure) 2020-10-28T08:28:09.605+0000: [ParNew: 16388K->4K(18432K), 0.0027827 secs] 423749K->407365K(896640K), 0.0028270 secs] [Times: user=0.01 sys=0.00, real=0.01 secs] 
2020-10-28T08:28:09.624+0000: [GC (Allocation Failure) 2020-10-28T08:28:09.624+0000: [ParNew: 16388K->4K(18432K), 0.0026419 secs] 423749K->407365K(896640K), 0.0026858 secs] [Times: user=0.00 sys=0.00, real=0.00 secs] 
2020-10-28T08:28:09.641+0000: [GC (Allocation Failure) 2020-10-28T08:28:09.641+0000: [ParNew: 16388K->4K(18432K), 0.0026699 secs] 423749K->407365K(896640K), 0.0027125 secs] [Times: user=0.01 sys=0.00, real=0.00 secs] 
2020-10-28T08:28:09.660+0000: [GC (Allocation Failure) 2020-10-28T08:28:09.660+0000: [ParNew: 16388K->4K(18432K), 0.0026765 secs] 423749K->407365K(896640K), 0.0027196 secs] [Times: user=0.01 sys=0.00, real=0.00 secs] 
2020-10-28T08:28:09.677+0000: [GC (Allocation Failure) 2020-10-28T08:28:09.677+0000: [ParNew: 16388K->4K(18432K), 0.0027237 secs] 423749K->407365K(896640K), 0.0027664 secs] [Times: user=0.01 sys=0.00, real=0.01 secs] 
2020-10-28T08:28:09.695+0000: [GC (Allocation Failure) 2020-10-28T08:28:09.695+0000: [ParNew: 16388K->4K(18432K), 0.0027109 secs] 423749K->407365K(896640K), 0.0027519 secs] [Times: user=0.00 sys=0.00, real=0.00 secs] 
2020-10-28T08:28:09.716+0000: [GC (Allocation Failure) 2020-10-28T08:28:09.716+0000: [ParNew: 16388K->4K(18432K), 0.0027134 secs] 423749K->407365K(896640K), 0.0027579 secs] [Times: user=0.00 sys=0.00, real=0.00 secs] 
2020-10-28T08:28:09.736+0000: [GC (Allocation Failure) 2020-10-28T08:28:09.736+0000: [ParNew: 16388K->4K(18432K), 0.0027820 secs] 423749K->407365K(896640K), 0.0028333 secs] [Times: user=0.01 sys=0.00, real=0.00 secs] 
2020-10-28T08:28:09.755+0000: [GC (Allocation Failure) 2020-10-28T08:28:09.755+0000: [ParNew: 16388K->4K(18432K), 0.0027540 secs] 423749K->407365K(896640K), 0.0027932 secs] [Times: user=0.01 sys=0.00, real=0.00 secs] 
2020-10-28T08:28:09.772+0000: [GC (Allocation Failure) 2020-10-28T08:28:09.772+0000: [ParNew: 16388K->4K(18432K), 0.0030111 secs] 423749K->407365K(896640K), 0.0030530 secs] [Times: user=0.00 sys=0.00, real=0.00 secs] 
2020-10-28T08:28:09.790+0000: [GC (Allocation Failure) 2020-10-28T08:28:09.790+0000: [ParNew: 16388K->4K(18432K), 0.0027657 secs] 423749K->407365K(896640K), 0.0028071 secs] [Times: user=0.01 sys=0.00, real=0.00 secs] 
2020-10-28T08:28:09.808+0000: [GC (Allocation Failure) 2020-10-28T08:28:09.808+0000: [ParNew: 16388K->4K(18432K), 0.0027080 secs] 423749K->407365K(896640K), 0.0027666 secs] [Times: user=0.01 sys=0.00, real=0.00 secs] 
2020-10-28T08:28:09.826+0000: [GC (Allocation Failure) 2020-10-28T08:28:09.826+0000: [ParNew: 16388K->4K(18432K), 0.0026720 secs] 423749K->407365K(896640K), 0.0027162 secs] [Times: user=0.01 sys=0.00, real=0.01 secs] 
2020-10-28T08:28:09.847+0000: [GC (Allocation Failure) 2020-10-28T08:28:09.847+0000: [ParNew: 16388K->4K(18432K), 0.0027412 secs] 423749K->407365K(896640K), 0.0027857 secs] [Times: user=0.00 sys=0.00, real=0.01 secs] 
2020-10-28T08:28:09.865+0000: [GC (Allocation Failure) 2020-10-28T08:28:09.865+0000: [ParNew: 16388K->4K(18432K), 0.0028638 secs] 423749K->407365K(896640K), 0.0029109 secs] [Times: user=0.01 sys=0.00, real=0.01 secs] 
2020-10-28T08:28:09.886+0000: [GC (Allocation Failure) 2020-10-28T08:28:09.886+0000: [ParNew: 16388K->4K(18432K), 0.0029107 secs] 423749K->407365K(896640K), 0.0029590 secs] [Times: user=0.00 sys=0.00, real=0.01 secs] 
2020-10-28T08:28:09.900+0000: [GC (Allocation Failure) 2020-10-28T08:28:09.900+0000: [ParNew: 11585K->4K(18432K), 0.0023661 secs] 418947K->407365K(896640K), 0.0024046 secs] [Times: user=0.01 sys=0.00, real=0.00 secs] 
2020-10-28T08:28:09.912+0000: [GC (Allocation Failure) 2020-10-28T08:28:09.912+0000: [ParNew: 16388K->4K(18432K), 0.0033839 secs] 423749K->415557K(896640K), 0.0034259 secs] [Times: user=0.01 sys=0.00, real=0.00 secs] 
2020-10-28T08:28:09.924+0000: [GC (Allocation Failure) 2020-10-28T08:28:09.924+0000: [ParNew: 16388K->4K(18432K), 0.0034520 secs] 431941K->423749K(896640K), 0.0034929 secs] [Times: user=0.01 sys=0.00, real=0.00 secs] 
2020-10-28T08:28:09.942+0000: [GC (Allocation Failure) 2020-10-28T08:28:09.942+0000: [ParNew: 16388K->4K(18432K), 0.0027963 secs] 440133K->423749K(896640K), 0.0028424 secs] [Times: user=0.00 sys=0.00, real=0.00 secs] 
2020-10-28T08:28:09.964+0000: [GC (Allocation Failure) 2020-10-28T08:28:09.964+0000: [ParNew: 16388K->4K(18432K), 0.0027385 secs] 440133K->423749K(896640K), 0.0027813 secs] [Times: user=0.00 sys=0.00, real=0.00 secs] 
2020-10-28T08:28:09.984+0000: [GC (Allocation Failure) 2020-10-28T08:28:09.984+0000: [ParNew: 16388K->4K(18432K), 0.0027002 secs] 440133K->423749K(896640K), 0.0027426 secs] [Times: user=0.01 sys=0.00, real=0.00 secs] 
2020-10-28T08:28:10.004+0000: [GC (Allocation Failure) 2020-10-28T08:28:10.004+0000: [ParNew: 16388K->4K(18432K), 0.0027510 secs] 440133K->423749K(896640K), 0.0027947 secs] [Times: user=0.01 sys=0.00, real=0.00 secs] 
2020-10-28T08:28:10.024+0000: [GC (Allocation Failure) 2020-10-28T08:28:10.024+0000: [ParNew: 16388K->4K(18432K), 0.0027286 secs] 440133K->423750K(896640K), 0.0027717 secs] [Times: user=0.01 sys=0.00, real=0.00 secs] 
2020-10-28T08:28:10.041+0000: [GC (Allocation Failure) 2020-10-28T08:28:10.042+0000: [ParNew: 16388K->4K(18432K), 0.0027702 secs] 440134K->423750K(896640K), 0.0028294 secs] [Times: user=0.00 sys=0.00, real=0.00 secs] 
2020-10-28T08:28:10.059+0000: [GC (Allocation Failure) 2020-10-28T08:28:10.059+0000: [ParNew: 16388K->4K(18432K), 0.0027820 secs] 440134K->423750K(896640K), 0.0028244 secs] [Times: user=0.00 sys=0.00, real=0.01 secs] 
2020-10-28T08:28:10.077+0000: [GC (Allocation Failure) 2020-10-28T08:28:10.077+0000: [ParNew: 16388K->4K(18432K), 0.0027255 secs] 440134K->423750K(896640K), 0.0027679 secs] [Times: user=0.01 sys=0.00, real=0.00 secs] 
2020-10-28T08:28:10.098+0000: [GC (Allocation Failure) 2020-10-28T08:28:10.099+0000: [ParNew: 16388K->4K(18432K), 0.0026029 secs] 440134K->423750K(896640K), 0.0026454 secs] [Times: user=0.01 sys=0.00, real=0.01 secs] 
2020-10-28T08:28:10.116+0000: [GC (Allocation Failure) 2020-10-28T08:28:10.116+0000: [ParNew: 16388K->4K(18432K), 0.0026852 secs] 440134K->423750K(896640K), 0.0027373 secs] [Times: user=0.01 sys=0.00, real=0.00 secs] 
2020-10-28T08:28:10.136+0000: [GC (Allocation Failure) 2020-10-28T08:28:10.136+0000: [ParNew: 16388K->4K(18432K), 0.0028209 secs] 440134K->423750K(896640K), 0.0028694 secs] [Times: user=0.00 sys=0.00, real=0.00 secs] 
2020-10-28T08:28:10.154+0000: [GC (Allocation Failure) 2020-10-28T08:28:10.154+0000: [ParNew: 16388K->4K(18432K), 0.0029031 secs] 440134K->423750K(896640K), 0.0029529 secs] [Times: user=0.01 sys=0.00, real=0.00 secs] 
2020-10-28T08:28:10.171+0000: [GC (Allocation Failure) 2020-10-28T08:28:10.171+0000: [ParNew: 16388K->4K(18432K), 0.0028873 secs] 440134K->423750K(896640K), 0.0029364 secs] [Times: user=0.00 sys=0.00, real=0.00 secs] 
2020-10-28T08:28:10.189+0000: [GC (Allocation Failure) 2020-10-28T08:28:10.189+0000: [ParNew: 16388K->4K(18432K), 0.0029334 secs] 440134K->423750K(896640K), 0.0029822 secs] [Times: user=0.01 sys=0.00, real=0.00 secs] 
2020-10-28T08:28:10.208+0000: [GC (Allocation Failure) 2020-10-28T08:28:10.208+0000: [ParNew: 16388K->4K(18432K), 0.0028363 secs] 440134K->423750K(896640K), 0.0028830 secs] [Times: user=0.01 sys=0.00, real=0.00 secs] 
2020-10-28T08:28:10.228+0000: [GC (Allocation Failure) 2020-10-28T08:28:10.228+0000: [ParNew: 16388K->4K(18432K), 0.0029581 secs] 440134K->423750K(896640K), 0.0030092 secs] [Times: user=0.01 sys=0.00, real=0.00 secs] 
2020-10-28T08:28:10.252+0000: [GC (Allocation Failure) 2020-10-28T08:28:10.252+0000: [ParNew: 16388K->7K(18432K), 0.0029783 secs] 440134K->423753K(896640K), 0.0030309 secs] [Times: user=0.00 sys=0.00, real=0.00 secs] 
2020-10-28T08:28:10.276+0000: [GC (Allocation Failure) 2020-10-28T08:28:10.276+0000: [ParNew: 16391K->8K(18432K), 0.0029783 secs] 440137K->423754K(896640K), 0.0030311 secs] [Times: user=0.01 sys=0.00, real=0.00 secs] 
2020-10-28T08:28:10.296+0000: [GC (Allocation Failure) 2020-10-28T08:28:10.296+0000: [ParNew: 16392K->14K(18432K), 0.0029498 secs] 440138K->423760K(896640K), 0.0030013 secs] [Times: user=0.01 sys=0.00, real=0.00 secs] 
2020-10-28T08:28:10.314+0000: [GC (Allocation Failure) 2020-10-28T08:28:10.314+0000: [ParNew: 16398K->11K(18432K), 0.0029145 secs] 440144K->423757K(896640K), 0.0029654 secs] [Times: user=0.00 sys=0.00, real=0.00 secs] 
2020-10-28T08:28:10.336+0000: [GC (Allocation Failure) 2020-10-28T08:28:10.336+0000: [ParNew: 16395K->12K(18432K), 0.0027561 secs] 440141K->423758K(896640K), 0.0028035 secs] [Times: user=0.00 sys=0.00, real=0.00 secs] 
2020-10-28T08:28:10.355+0000: [GC (Allocation Failure) 2020-10-28T08:28:10.355+0000: [ParNew: 16396K->8K(18432K), 0.0027920 secs] 440142K->423755K(896640K), 0.0028397 secs] [Times: user=0.01 sys=0.00, real=0.00 secs] 
2020-10-28T08:28:10.373+0000: [GC (Allocation Failure) 2020-10-28T08:28:10.373+0000: [ParNew: 16392K->6K(18432K), 0.0027810 secs] 440139K->423756K(896640K), 0.0028287 secs] [Times: user=0.00 sys=0.00, real=0.00 secs] 
2020-10-28T08:28:10.392+0000: [GC (Allocation Failure) 2020-10-28T08:28:10.392+0000: [ParNew: 16390K->4K(18432K), 0.0026830 secs] 440140K->423757K(896640K), 0.0027287 secs] [Times: user=0.01 sys=0.00, real=0.00 secs] 
2020-10-28T08:28:10.412+0000: [GC (Allocation Failure) 2020-10-28T08:28:10.412+0000: [ParNew: 16346K->4K(18432K), 0.0025967 secs] 440099K->423756K(896640K), 0.0026419 secs] [Times: user=0.00 sys=0.00, real=0.00 secs] 
2020-10-28T08:28:10.422+0000: [GC (Allocation Failure) 2020-10-28T08:28:10.422+0000: [ParNew: 16388K->4K(18432K), 0.0034794 secs] 440140K->431948K(896640K), 0.0035234 secs] [Times: user=0.00 sys=0.00, real=0.00 secs] 
2020-10-28T08:28:10.444+0000: [GC (Allocation Failure) 2020-10-28T08:28:10.444+0000: [ParNew: 15396K->4K(18432K), 0.0026426 secs] 447340K->431948K(896640K), 0.0026843 secs] [Times: user=0.00 sys=0.00, real=0.00 secs] 
2020-10-28T08:28:10.455+0000: [GC (Allocation Failure) 2020-10-28T08:28:10.455+0000: [ParNew: 16388K->4K(18432K), 0.0035496 secs] 448332K->440140K(896640K), 0.0035934 secs] [Times: user=0.00 sys=0.00, real=0.00 secs] 
2020-10-28T08:28:10.476+0000: [GC (Allocation Failure) 2020-10-28T08:28:10.476+0000: [ParNew: 16388K->4K(18432K), 0.0026439 secs] 456524K->440140K(896640K), 0.0026864 secs] [Times: user=0.00 sys=0.00, real=0.00 secs] 
2020-10-28T08:28:10.496+0000: [GC (Allocation Failure) 2020-10-28T08:28:10.496+0000: [ParNew: 16388K->4K(18432K), 0.0028642 secs] 456524K->440140K(896640K), 0.0029140 secs] [Times: user=0.01 sys=0.00, real=0.00 secs] 
2020-10-28T08:28:10.516+0000: [GC (Allocation Failure) 2020-10-28T08:28:10.516+0000: [ParNew: 16388K->4K(18432K), 0.0026703 secs] 456524K->440140K(896640K), 0.0027160 secs] [Times: user=0.00 sys=0.00, real=0.00 secs] 
2020-10-28T08:28:10.533+0000: [GC (Allocation Failure) 2020-10-28T08:28:10.533+0000: [ParNew: 16388K->4K(18432K), 0.0025886 secs] 456524K->440140K(896640K), 0.0026312 secs] [Times: user=0.01 sys=0.00, real=0.00 secs] 
2020-10-28T08:28:10.551+0000: [GC (Allocation Failure) 2020-10-28T08:28:10.551+0000: [ParNew: 16388K->4K(18432K), 0.0026668 secs] 456524K->440140K(896640K), 0.0027099 secs] [Times: user=0.00 sys=0.00, real=0.00 secs] 
2020-10-28T08:28:10.572+0000: [GC (Allocation Failure) 2020-10-28T08:28:10.572+0000: [ParNew: 16388K->4K(18432K), 0.0026606 secs] 456524K->440140K(896640K), 0.0027067 secs] [Times: user=0.01 sys=0.00, real=0.00 secs] 
2020-10-28T08:28:10.589+0000: [GC (Allocation Failure) 2020-10-28T08:28:10.589+0000: [ParNew: 16388K->4K(18432K), 0.0028257 secs] 456524K->440140K(896640K), 0.0028762 secs] [Times: user=0.00 sys=0.00, real=0.00 secs] 
2020-10-28T08:28:10.611+0000: [GC (Allocation Failure) 2020-10-28T08:28:10.611+0000: [ParNew: 16388K->4K(18432K), 0.0026544 secs] 456524K->440140K(896640K), 0.0026973 secs] [Times: user=0.00 sys=0.00, real=0.00 secs] 
2020-10-28T08:28:10.629+0000: [GC (Allocation Failure) 2020-10-28T08:28:10.629+0000: [ParNew: 16388K->4K(18432K), 0.0026412 secs] 456524K->440140K(896640K), 0.0026834 secs] [Times: user=0.01 sys=0.00, real=0.00 secs] 
2020-10-28T08:28:10.646+0000: [GC (Allocation Failure) 2020-10-28T08:28:10.646+0000: [ParNew: 16388K->4K(18432K), 0.0026491 secs] 456524K->440140K(896640K), 0.0026926 secs] [Times: user=0.00 sys=0.00, real=0.01 secs] 
2020-10-28T08:28:10.668+0000: [GC (Allocation Failure) 2020-10-28T08:28:10.668+0000: [ParNew: 16388K->4K(18432K), 0.0026988 secs] 456524K->440140K(896640K), 0.0027445 secs] [Times: user=0.01 sys=0.00, real=0.00 secs] 
2020-10-28T08:28:10.688+0000: [GC (Allocation Failure) 2020-10-28T08:28:10.688+0000: [ParNew: 16388K->4K(18432K), 0.0026013 secs] 456524K->440140K(896640K), 0.0026448 secs] [Times: user=0.00 sys=0.00, real=0.00 secs] 
2020-10-28T08:28:10.708+0000: [GC (Allocation Failure) 2020-10-28T08:28:10.708+0000: [ParNew: 16383K->4K(18432K), 0.0026785 secs] 456519K->440140K(896640K), 0.0027270 secs] [Times: user=0.01 sys=0.00, real=0.00 secs] 
2020-10-28T08:28:10.725+0000: [GC (Allocation Failure) 2020-10-28T08:28:10.725+0000: [ParNew: 16388K->4K(18432K), 0.0026227 secs] 456524K->440140K(896640K), 0.0026649 secs] [Times: user=0.00 sys=0.00, real=0.01 secs] 
2020-10-28T08:28:10.743+0000: [GC (Allocation Failure) 2020-10-28T08:28:10.743+0000: [ParNew: 16388K->4K(18432K), 0.0026375 secs] 456524K->440140K(896640K), 0.0026895 secs] [Times: user=0.01 sys=0.00, real=0.00 secs] 
2020-10-28T08:28:10.761+0000: [GC (Allocation Failure) 2020-10-28T08:28:10.761+0000: [ParNew: 16388K->4K(18432K), 0.0027012 secs] 456524K->440140K(896640K), 0.0027456 secs] [Times: user=0.01 sys=0.00, real=0.00 secs] 
2020-10-28T08:28:10.780+0000: [GC (Allocation Failure) 2020-10-28T08:28:10.780+0000: [ParNew: 16388K->4K(18432K), 0.0026033 secs] 456524K->440140K(896640K), 0.0026469 secs] [Times: user=0.00 sys=0.00, real=0.00 secs] 
2020-10-28T08:28:10.800+0000: [GC (Allocation Failure) 2020-10-28T08:28:10.800+0000: [ParNew: 16388K->4K(18432K), 0.0026144 secs] 456524K->440140K(896640K), 0.0026569 secs] [Times: user=0.01 sys=0.00, real=0.00 secs] 
2020-10-28T08:28:10.817+0000: [GC (Allocation Failure) 2020-10-28T08:28:10.817+0000: [ParNew: 16388K->4K(18432K), 0.0027058 secs] 456524K->440140K(896640K), 0.0027500 secs] [Times: user=0.00 sys=0.00, real=0.01 secs] 
2020-10-28T08:28:10.835+0000: [GC (Allocation Failure) 2020-10-28T08:28:10.835+0000: [ParNew: 16388K->4K(18432K), 0.0026550 secs] 456524K->440140K(896640K), 0.0026970 secs] [Times: user=0.01 sys=0.00, real=0.00 secs] 
2020-10-28T08:28:10.855+0000: [GC (Allocation Failure) 2020-10-28T08:28:10.855+0000: [ParNew: 16388K->4K(18432K), 0.0028548 secs] 456524K->440140K(896640K), 0.0029013 secs] [Times: user=0.00 sys=0.00, real=0.00 secs] 
2020-10-28T08:28:10.873+0000: [GC (Allocation Failure) 2020-10-28T08:28:10.873+0000: [ParNew: 16388K->4K(18432K), 0.0028400 secs] 456524K->440140K(896640K), 0.0028882 secs] [Times: user=0.01 sys=0.00, real=0.00 secs] 
2020-10-28T08:28:10.891+0000: [GC (Allocation Failure) 2020-10-28T08:28:10.891+0000: [ParNew: 16388K->4K(18432K), 0.0026503 secs] 456524K->440140K(896640K), 0.0026944 secs] [Times: user=0.00 sys=0.00, real=0.00 secs] 
2020-10-28T08:28:10.908+0000: [GC (Allocation Failure) 2020-10-28T08:28:10.908+0000: [ParNew: 16388K->4K(18432K), 0.0026991 secs] 456524K->440140K(896640K), 0.0027439 secs] [Times: user=0.01 sys=0.00, real=0.00 secs] 
2020-10-28T08:28:10.928+0000: [GC (Allocation Failure) 2020-10-28T08:28:10.928+0000: [ParNew: 16388K->4K(18432K), 0.0027893 secs] 456524K->440140K(896640K), 0.0028373 secs] [Times: user=0.00 sys=0.00, real=0.00 secs] 
2020-10-28T08:28:10.935+0000: [GC (Allocation Failure) 2020-10-28T08:28:10.935+0000: [ParNew: 12625K->4K(18432K), 0.0032481 secs] 452761K->448332K(896640K), 0.0032872 secs] [Times: user=0.01 sys=0.00, real=0.00 secs] 
2020-10-28T08:28:10.947+0000: [GC (Allocation Failure) 2020-10-28T08:28:10.947+0000: [ParNew: 16388K->4K(18432K), 0.0034644 secs] 464716K->456524K(896640K), 0.0035052 secs] [Times: user=0.01 sys=0.00, real=0.01 secs] 
2020-10-28T08:28:10.968+0000: [GC (Allocation Failure) 2020-10-28T08:28:10.968+0000: [ParNew: 16388K->4K(18432K), 0.0026182 secs] 472908K->456524K(896640K), 0.0026594 secs] [Times: user=0.01 sys=0.00, real=0.00 secs] 
2020-10-28T08:28:10.988+0000: [GC (Allocation Failure) 2020-10-28T08:28:10.988+0000: [ParNew: 16388K->4K(18432K), 0.0026540 secs] 472908K->456524K(896640K), 0.0026975 secs] [Times: user=0.01 sys=0.00, real=0.00 secs] 
2020-10-28T08:28:11.005+0000: [GC (Allocation Failure) 2020-10-28T08:28:11.005+0000: [ParNew: 16388K->4K(18432K), 0.0027105 secs] 472908K->456524K(896640K), 0.0027536 secs] [Times: user=0.00 sys=0.00, real=0.01 secs] 
2020-10-28T08:28:11.024+0000: [GC (Allocation Failure) 2020-10-28T08:28:11.024+0000: [ParNew: 16388K->4K(18432K), 0.0025790 secs] 472908K->456524K(896640K), 0.0026224 secs] [Times: user=0.00 sys=0.00, real=0.00 secs] 
2020-10-28T08:28:11.044+0000: [GC (Allocation Failure) 2020-10-28T08:28:11.044+0000: [ParNew: 16388K->4K(18432K), 0.0027325 secs] 472908K->456524K(896640K), 0.0027786 secs] [Times: user=0.01 sys=0.00, real=0.00 secs] 
2020-10-28T08:28:11.064+0000: [GC (Allocation Failure) 2020-10-28T08:28:11.064+0000: [ParNew: 16388K->4K(18432K), 0.0027716 secs] 472908K->456524K(896640K), 0.0028183 secs] [Times: user=0.01 sys=0.00, real=0.00 secs] 
2020-10-28T08:28:11.081+0000: [GC (Allocation Failure) 2020-10-28T08:28:11.081+0000: [ParNew: 16388K->4K(18432K), 0.0027373 secs] 472908K->456524K(896640K), 0.0027817 secs] [Times: user=0.01 sys=0.00, real=0.00 secs] 
2020-10-28T08:28:11.100+0000: [GC (Allocation Failure) 2020-10-28T08:28:11.100+0000: [ParNew: 16388K->4K(18432K), 0.0026857 secs] 472908K->456524K(896640K), 0.0027279 secs] [Times: user=0.01 sys=0.00, real=0.00 secs] 
2020-10-28T08:28:11.120+0000: [GC (Allocation Failure) 2020-10-28T08:28:11.120+0000: [ParNew: 16388K->4K(18432K), 0.0026937 secs] 472908K->456524K(896640K), 0.0027364 secs] [Times: user=0.00 sys=0.00, real=0.00 secs] 
2020-10-28T08:28:11.140+0000: [GC (Allocation Failure) 2020-10-28T08:28:11.140+0000: [ParNew: 16388K->4K(18432K), 0.0027763 secs] 472908K->456524K(896640K), 0.0028238 secs] [Times: user=0.01 sys=0.00, real=0.00 secs] 
2020-10-28T08:28:11.157+0000: [GC (Allocation Failure) 2020-10-28T08:28:11.157+0000: [ParNew: 16388K->4K(18432K), 0.0027645 secs] 472908K->456524K(896640K), 0.0028073 secs] [Times: user=0.00 sys=0.00, real=0.01 secs] 
2020-10-28T08:28:11.176+0000: [GC (Allocation Failure) 2020-10-28T08:28:11.176+0000: [ParNew: 16388K->4K(18432K), 0.0027034 secs] 472908K->456524K(896640K), 0.0027503 secs] [Times: user=0.01 sys=0.00, real=0.00 secs] 
2020-10-28T08:28:11.196+0000: [GC (Allocation Failure) 2020-10-28T08:28:11.196+0000: [ParNew: 16388K->4K(18432K), 0.0025893 secs] 472908K->456524K(896640K), 0.0026332 secs] [Times: user=0.01 sys=0.00, real=0.00 secs] 
2020-10-28T08:28:11.213+0000: [GC (Allocation Failure) 2020-10-28T08:28:11.213+0000: [ParNew: 16388K->4K(18432K), 0.0025777 secs] 472908K->456524K(896640K), 0.0026201 secs] [Times: user=0.01 sys=0.00, real=0.00 secs] 
2020-10-28T08:28:11.231+0000: [GC (Allocation Failure) 2020-10-28T08:28:11.231+0000: [ParNew: 16388K->4K(18432K), 0.0025803 secs] 472908K->456524K(896640K), 0.0026229 secs] [Times: user=0.00 sys=0.00, real=0.00 secs] 
2020-10-28T08:28:11.252+0000: [GC (Allocation Failure) 2020-10-28T08:28:11.252+0000: [ParNew: 16388K->4K(18432K), 0.0027489 secs] 472908K->456524K(896640K), 0.0027956 secs] [Times: user=0.00 sys=0.00, real=0.00 secs] 
2020-10-28T08:28:11.270+0000: [GC (Allocation Failure) 2020-10-28T08:28:11.270+0000: [ParNew: 16388K->4K(18432K), 0.0027237 secs] 472908K->456524K(896640K), 0.0027698 secs] [Times: user=0.01 sys=0.00, real=0.00 secs] 
2020-10-28T08:28:11.292+0000: [GC (Allocation Failure) 2020-10-28T08:28:11.292+0000: [ParNew: 16388K->4K(18432K), 0.0032955 secs] 472908K->456524K(896640K), 0.0033419 secs] [Times: user=0.01 sys=0.00, real=0.00 secs] 
2020-10-28T08:28:11.310+0000: [GC (Allocation Failure) 2020-10-28T08:28:11.310+0000: [ParNew: 16387K->4K(18432K), 0.0027873 secs] 472908K->456524K(896640K), 0.0028290 secs] [Times: user=0.01 sys=0.00, real=0.00 secs] 
2020-10-28T08:28:11.332+0000: [GC (Allocation Failure) 2020-10-28T08:28:11.332+0000: [ParNew: 16388K->4K(18432K), 0.0026925 secs] 472908K->456524K(896640K), 0.0027353 secs] [Times: user=0.00 sys=0.00, real=0.00 secs] 
2020-10-28T08:28:11.350+0000: [GC (Allocation Failure) 2020-10-28T08:28:11.350+0000: [ParNew: 16388K->4K(18432K), 0.0027454 secs] 472908K->456524K(896640K), 0.0027887 secs] [Times: user=0.01 sys=0.00, real=0.00 secs] 
2020-10-28T08:28:11.368+0000: [GC (Allocation Failure) 2020-10-28T08:28:11.368+0000: [ParNew: 16388K->4K(18432K), 0.0027269 secs] 472908K->456524K(896640K), 0.0027749 secs] [Times: user=0.01 sys=0.00, real=0.00 secs] 
2020-10-28T08:28:11.388+0000: [GC (Allocation Failure) 2020-10-28T08:28:11.388+0000: [ParNew: 16388K->4K(18432K), 0.0026026 secs] 472908K->456524K(896640K), 0.0026457 secs] [Times: user=0.01 sys=0.00, real=0.00 secs] 
2020-10-28T08:28:11.408+0000: [GC (Allocation Failure) 2020-10-28T08:28:11.408+0000: [ParNew: 16388K->4K(18432K), 0.0026066 secs] 472908K->456524K(896640K), 0.0026553 secs] [Times: user=0.00 sys=0.00, real=0.00 secs] 
2020-10-28T08:28:11.425+0000: [GC (Allocation Failure) 2020-10-28T08:28:11.425+0000: [ParNew: 16388K->4K(18432K), 0.0028735 secs] 472908K->456524K(896640K), 0.0029243 secs] [Times: user=0.00 sys=0.00, real=0.01 secs] 
2020-10-28T08:28:11.440+0000: [GC (Allocation Failure) 2020-10-28T08:28:11.440+0000: [ParNew: 16388K->4K(18432K), 0.0034761 secs] 472908K->464716K(896640K), 0.0035256 secs] [Times: user=0.01 sys=0.00, real=0.00 secs] 
2020-10-28T08:28:11.452+0000: [GC (Allocation Failure) 2020-10-28T08:28:11.452+0000: [ParNew: 9777K->4K(18432K), 0.0025088 secs] 474490K->464716K(896640K), 0.0025510 secs] [Times: user=0.00 sys=0.00, real=0.00 secs] 
2020-10-28T08:28:11.463+0000: [GC (Allocation Failure) 2020-10-28T08:28:11.463+0000: [ParNew: 16388K->4K(18432K), 0.0034178 secs] 481100K->472908K(896640K), 0.0034777 secs] [Times: user=0.01 sys=0.00, real=0.00 secs] 
2020-10-28T08:28:11.484+0000: [GC (Allocation Failure) 2020-10-28T08:28:11.484+0000: [ParNew: 16388K->4K(18432K), 0.0029236 secs] 489292K->472908K(896640K), 0.0029741 secs] [Times: user=0.01 sys=0.00, real=0.00 secs] 
2020-10-28T08:28:11.508+0000: [GC (Allocation Failure) 2020-10-28T08:28:11.508+0000: [ParNew: 16388K->4K(18432K), 0.0029564 secs] 489292K->472908K(896640K), 0.0030121 secs] [Times: user=0.00 sys=0.00, real=0.00 secs] 
2020-10-28T08:28:11.526+0000: [GC (Allocation Failure) 2020-10-28T08:28:11.526+0000: [ParNew: 16388K->4K(18432K), 0.0027310 secs] 489292K->472908K(896640K), 0.0027785 secs] [Times: user=0.01 sys=0.00, real=0.01 secs] 
2020-10-28T08:28:11.543+0000: [GC (Allocation Failure) 2020-10-28T08:28:11.543+0000: [ParNew: 16388K->4K(18432K), 0.0026756 secs] 489292K->472908K(896640K), 0.0027206 secs] [Times: user=0.00 sys=0.00, real=0.00 secs] 
2020-10-28T08:28:11.564+0000: [GC (Allocation Failure) 2020-10-28T08:28:11.564+0000: [ParNew: 16388K->4K(18432K), 0.0026492 secs] 489292K->472908K(896640K), 0.0026932 secs] [Times: user=0.00 sys=0.00, real=0.00 secs] 
2020-10-28T08:28:11.581+0000: [GC (Allocation Failure) 2020-10-28T08:28:11.582+0000: [ParNew: 16388K->4K(18432K), 0.0027879 secs] 489292K->472909K(896640K), 0.0028345 secs] [Times: user=0.01 sys=0.00, real=0.00 secs] 
2020-10-28T08:28:11.603+0000: [GC (Allocation Failure) 2020-10-28T08:28:11.603+0000: [ParNew: 16388K->4K(18432K), 0.0028082 secs] 489293K->472909K(896640K), 0.0028557 secs] [Times: user=0.00 sys=0.00, real=0.00 secs] 
2020-10-28T08:28:11.624+0000: [GC (Allocation Failure) 2020-10-28T08:28:11.624+0000: [ParNew: 16385K->4K(18432K), 0.0027273 secs] 489290K->472909K(896640K), 0.0027697 secs] [Times: user=0.01 sys=0.00, real=0.00 secs] 
2020-10-28T08:28:11.644+0000: [GC (Allocation Failure) 2020-10-28T08:28:11.644+0000: [ParNew: 16388K->4K(18432K), 0.0027285 secs] 489293K->472909K(896640K), 0.0027729 secs] [Times: user=0.00 sys=0.00, real=0.00 secs] 
2020-10-28T08:28:11.664+0000: [GC (Allocation Failure) 2020-10-28T08:28:11.664+0000: [ParNew: 16388K->4K(18432K), 0.0027104 secs] 489293K->472909K(896640K), 0.0027541 secs] [Times: user=0.00 sys=0.00, real=0.00 secs] 
2020-10-28T08:28:11.692+0000: [GC (Allocation Failure) 2020-10-28T08:28:11.692+0000: [ParNew: 16388K->4K(18432K), 0.0028212 secs] 489293K->472909K(896640K), 0.0028898 secs] [Times: user=0.00 sys=0.00, real=0.00 secs] 
2020-10-28T08:28:11.713+0000: [GC (Allocation Failure) 2020-10-28T08:28:11.713+0000: [ParNew: 16388K->4K(18432K), 0.0029041 secs] 489293K->472909K(896640K), 0.0029656 secs] [Times: user=0.01 sys=0.00, real=0.00 secs] 
2020-10-28T08:28:11.739+0000: [GC (Allocation Failure) 2020-10-28T08:28:11.739+0000: [ParNew: 16388K->4K(18432K), 0.0062082 secs] 489293K->472909K(896640K), 0.0062769 secs] [Times: user=0.01 sys=0.00, real=0.01 secs] 
2020-10-28T08:28:11.766+0000: [GC (Allocation Failure) 2020-10-28T08:28:11.766+0000: [ParNew: 16388K->4K(18432K), 0.0062646 secs] 489293K->472909K(896640K), 0.0063331 secs] [Times: user=0.00 sys=0.00, real=0.01 secs] 
2020-10-28T08:28:11.795+0000: [GC (Allocation Failure) 2020-10-28T08:28:11.795+0000: [ParNew: 16388K->4K(18432K), 0.0073783 secs] 489293K->472909K(896640K), 0.0074473 secs] [Times: user=0.00 sys=0.00, real=0.01 secs] 
2020-10-28T08:28:11.831+0000: [GC (Allocation Failure) 2020-10-28T08:28:11.832+0000: [ParNew: 16388K->4K(18432K), 0.0101658 secs] 489293K->472909K(896640K), 0.0102378 secs] [Times: user=0.01 sys=0.00, real=0.01 secs] 
2020-10-28T08:28:11.877+0000: [GC (Allocation Failure) 2020-10-28T08:28:11.877+0000: [ParNew: 16388K->4K(18432K), 0.0062608 secs] 489293K->472909K(896640K), 0.0063353 secs] [Times: user=0.01 sys=0.00, real=0.01 secs] 
2020-10-28T08:28:11.922+0000: [GC (Allocation Failure) 2020-10-28T08:28:11.922+0000: [ParNew: 16388K->4K(18432K), 0.0085447 secs] 489293K->472909K(896640K), 0.0086216 secs] [Times: user=0.00 sys=0.00, real=0.01 secs] 
2020-10-28T08:28:11.959+0000: [GC (Allocation Failure) 2020-10-28T08:28:11.959+0000: [ParNew: 16388K->4K(18432K), 0.0074717 secs] 489293K->472909K(896640K), 0.0075446 secs] [Times: user=0.01 sys=0.00, real=0.01 secs] 
2020-10-28T08:28:11.995+0000: [GC (Allocation Failure) 2020-10-28T08:28:11.995+0000: [ParNew: 16388K->4K(18432K), 0.0078120 secs] 489293K->472909K(896640K), 0.0078847 secs] [Times: user=0.01 sys=0.00, real=0.01 secs] 
2020-10-28T08:28:12.040+0000: [GC (Allocation Failure) 2020-10-28T08:28:12.040+0000: [ParNew: 16388K->2K(18432K), 0.0063569 secs] 489293K->472907K(896640K), 0.0064325 secs] [Times: user=0.01 sys=0.00, real=0.00 secs] 
2020-10-28T08:28:12.074+0000: [GC (Allocation Failure) 2020-10-28T08:28:12.074+0000: [ParNew: 16386K->4K(18432K), 0.0092737 secs] 489291K->472909K(896640K), 0.0093462 secs] [Times: user=0.01 sys=0.00, real=0.01 secs] 
2020-10-28T08:28:12.112+0000: [GC (Allocation Failure) 2020-10-28T08:28:12.112+0000: [ParNew: 16388K->2K(18432K), 0.0060110 secs] 489293K->472907K(896640K), 0.0060810 secs] [Times: user=0.01 sys=0.00, real=0.00 secs] 
2020-10-28T08:28:12.146+0000: [GC (Allocation Failure) 2020-10-28T08:28:12.146+0000: [ParNew: 16386K->4K(18432K), 0.0096684 secs] 489291K->472909K(896640K), 0.0097399 secs] [Times: user=0.01 sys=0.00, real=0.01 secs] 
2020-10-28T08:28:12.178+0000: [GC (Allocation Failure) 2020-10-28T08:28:12.178+0000: [ParNew: 16388K->4K(18432K), 0.0033539 secs] 489293K->472909K(896640K), 0.0034222 secs] [Times: user=0.01 sys=0.00, real=0.01 secs] 
2020-10-28T08:28:12.192+0000: [GC (Allocation Failure) 2020-10-28T08:28:12.192+0000: [ParNew: 16388K->4K(18432K), 0.0039784 secs] 489293K->481101K(896640K), 0.0040346 secs] [Times: user=0.01 sys=0.00, real=0.00 secs] 
2020-10-28T08:28:12.205+0000: [GC (Allocation Failure) 2020-10-28T08:28:12.205+0000: [ParNew: 16388K->4K(18432K), 0.0038801 secs] 497485K->489293K(896640K), 0.0039336 secs] [Times: user=0.00 sys=0.00, real=0.01 secs] 
2020-10-28T08:28:12.228+0000: [GC (Allocation Failure) 2020-10-28T08:28:12.228+0000: [ParNew: 16388K->4K(18432K), 0.0029429 secs] 505677K->489293K(896640K), 0.0029948 secs] [Times: user=0.01 sys=0.00, real=0.00 secs] 
2020-10-28T08:28:12.246+0000: [GC (Allocation Failure) 2020-10-28T08:28:12.246+0000: [ParNew: 16388K->4K(18432K), 0.0028154 secs] 505677K->489293K(896640K), 0.0028590 secs] [Times: user=0.00 sys=0.00, real=0.01 secs] 
2020-10-28T08:28:12.268+0000: [GC (Allocation Failure) 2020-10-28T08:28:12.268+0000: [ParNew: 16388K->4K(18432K), 0.0027716 secs] 505677K->489293K(896640K), 0.0028152 secs] [Times: user=0.00 sys=0.00, real=0.00 secs] 
2020-10-28T08:28:12.286+0000: [GC (Allocation Failure) 2020-10-28T08:28:12.286+0000: [ParNew: 16388K->4K(18432K), 0.0027778 secs] 505677K->489293K(896640K), 0.0028239 secs] [Times: user=0.01 sys=0.00, real=0.01 secs] 
2020-10-28T08:28:12.303+0000: [GC (Allocation Failure) 2020-10-28T08:28:12.303+0000: [ParNew: 16388K->4K(18432K), 0.0027682 secs] 505677K->489293K(896640K), 0.0028153 secs] [Times: user=0.00 sys=0.00, real=0.00 secs] 
2020-10-28T08:28:12.324+0000: [GC (Allocation Failure) 2020-10-28T08:28:12.324+0000: [ParNew: 16388K->4K(18432K), 0.0028092 secs] 505677K->489293K(896640K), 0.0028550 secs] [Times: user=0.01 sys=0.01, real=0.00 secs] 
2020-10-28T08:28:12.344+0000: [GC (Allocation Failure) 2020-10-28T08:28:12.344+0000: [ParNew: 16388K->4K(18432K), 0.0026913 secs] 505677K->489293K(896640K), 0.0027333 secs] [Times: user=0.00 sys=0.00, real=0.00 secs] 
2020-10-28T08:28:12.368+0000: [GC (Allocation Failure) 2020-10-28T08:28:12.368+0000: [ParNew: 16388K->4K(18432K), 0.0027267 secs] 505677K->489293K(896640K), 0.0027731 secs] [Times: user=0.00 sys=0.00, real=0.00 secs] 
2020-10-28T08:28:12.386+0000: [GC (Allocation Failure) 2020-10-28T08:28:12.386+0000: [ParNew: 16388K->6K(18432K), 0.0027153 secs] 505677K->489295K(896640K), 0.0027579 secs] [Times: user=0.01 sys=0.00, real=0.01 secs] 
2020-10-28T08:28:12.403+0000: [GC (Allocation Failure) 2020-10-28T08:28:12.403+0000: [ParNew: 16390K->4K(18432K), 0.0026780 secs] 505679K->489293K(896640K), 0.0027296 secs] [Times: user=0.01 sys=0.00, real=0.00 secs] 
2020-10-28T08:28:12.424+0000: [GC (Allocation Failure) 2020-10-28T08:28:12.424+0000: [ParNew: 16388K->6K(18432K), 0.0027141 secs] 505677K->489295K(896640K), 0.0027575 secs] [Times: user=0.00 sys=0.00, real=0.00 secs] 
2020-10-28T08:28:12.444+0000: [GC (Allocation Failure) 2020-10-28T08:28:12.444+0000: [ParNew: 16390K->6K(18432K), 0.0026968 secs] 505679K->489295K(896640K), 0.0027398 secs] [Times: user=0.01 sys=0.00, real=0.00 secs] 
2020-10-28T08:28:12.464+0000: [GC (Allocation Failure) 2020-10-28T08:28:12.464+0000: [ParNew: 16390K->4K(18432K), 0.0043843 secs] 505679K->489293K(896640K), 0.0044283 secs] [Times: user=0.00 sys=0.00, real=0.01 secs] 
2020-10-28T08:28:12.484+0000: [GC (Allocation Failure) 2020-10-28T08:28:12.484+0000: [ParNew: 16388K->4K(18432K), 0.0026734 secs] 505677K->489294K(896640K), 0.0027150 secs] [Times: user=0.01 sys=0.00, real=0.00 secs] 
2020-10-28T08:28:12.502+0000: [GC (Allocation Failure) 2020-10-28T08:28:12.502+0000: [ParNew: 16388K->4K(18432K), 0.0027386 secs] 505678K->489294K(896640K), 0.0027840 secs] [Times: user=0.00 sys=0.00, real=0.00 secs] 
2020-10-28T08:28:12.519+0000: [GC (Allocation Failure) 2020-10-28T08:28:12.519+0000: [ParNew: 16388K->4K(18432K), 0.0028137 secs] 505678K->489294K(896640K), 0.0028583 secs] [Times: user=0.01 sys=0.00, real=0.01 secs] 
2020-10-28T08:28:12.537+0000: [GC (Allocation Failure) 2020-10-28T08:28:12.537+0000: [ParNew: 16388K->4K(18432K), 0.0027336 secs] 505678K->489294K(896640K), 0.0027750 secs] [Times: user=0.00 sys=0.00, real=0.01 secs] 
2020-10-28T08:28:12.555+0000: [GC (Allocation Failure) 2020-10-28T08:28:12.555+0000: [ParNew: 16388K->4K(18432K), 0.0025815 secs] 505678K->489294K(896640K), 0.0026240 secs] [Times: user=0.01 sys=0.00, real=0.00 secs] 
2020-10-28T08:28:12.576+0000: [GC (Allocation Failure) 2020-10-28T08:28:12.576+0000: [ParNew: 16388K->4K(18432K), 0.0026540 secs] 505678K->489294K(896640K), 0.0026968 secs] [Times: user=0.00 sys=0.00, real=0.00 secs] 
2020-10-28T08:28:12.593+0000: [GC (Allocation Failure) 2020-10-28T08:28:12.593+0000: [ParNew: 16388K->4K(18432K), 0.0028445 secs] 505678K->489294K(896640K), 0.0028948 secs] [Times: user=0.01 sys=0.00, real=0.00 secs] 
2020-10-28T08:28:12.611+0000: [GC (Allocation Failure) 2020-10-28T08:28:12.611+0000: [ParNew: 16388K->4K(18432K), 0.0027464 secs] 505678K->489294K(896640K), 0.0027922 secs] [Times: user=0.00 sys=0.00, real=0.00 secs] 
2020-10-28T08:28:12.632+0000: [GC (Allocation Failure) 2020-10-28T08:28:12.632+0000: [ParNew: 16388K->4K(18432K), 0.0026251 secs] 505678K->489294K(896640K), 0.0026704 secs] [Times: user=0.01 sys=0.00, real=0.00 secs] 
2020-10-28T08:28:12.652+0000: [GC (Allocation Failure) 2020-10-28T08:28:12.652+0000: [ParNew: 16388K->4K(18432K), 0.0026774 secs] 505678K->489294K(896640K), 0.0027198 secs] [Times: user=0.01 sys=0.00, real=0.00 secs] 
2020-10-28T08:28:12.670+0000: [GC (Allocation Failure) 2020-10-28T08:28:12.670+0000: [ParNew: 16388K->4K(18432K), 0.0027192 secs] 505678K->489294K(896640K), 0.0027629 secs] [Times: user=0.00 sys=0.00, real=0.00 secs] 
2020-10-28T08:28:12.687+0000: [GC (Allocation Failure) 2020-10-28T08:28:12.687+0000: [ParNew: 16388K->4K(18432K), 0.0027914 secs] 505678K->489294K(896640K), 0.0028342 secs] [Times: user=0.01 sys=0.00, real=0.01 secs] 
2020-10-28T08:28:12.698+0000: [GC (Allocation Failure) 2020-10-28T08:28:12.698+0000: [ParNew: 16388K->4K(18432K), 0.0032275 secs] 505678K->497486K(896640K), 0.0032710 secs] [Times: user=0.00 sys=0.00, real=0.01 secs] 
2020-10-28T08:28:12.716+0000: [GC (Allocation Failure) 2020-10-28T08:28:12.716+0000: [ParNew: 14928K->4K(18432K), 0.0025220 secs] 512410K->497486K(896640K), 0.0025640 secs] [Times: user=0.01 sys=0.00, real=0.00 secs] 
2020-10-28T08:28:12.727+0000: [GC (Allocation Failure) 2020-10-28T08:28:12.727+0000: [ParNew: 16388K->4K(18432K), 0.0034016 secs] 513870K->505678K(896640K), 0.0034571 secs] [Times: user=0.01 sys=0.00, real=0.01 secs] 
2020-10-28T08:28:12.751+0000: [GC (Allocation Failure) 2020-10-28T08:28:12.751+0000: [ParNew: 16388K->4K(18432K), 0.0060641 secs] 522062K->505678K(896640K), 0.0061091 secs] [Times: user=0.00 sys=0.00, real=0.00 secs] 
2020-10-28T08:28:12.776+0000: [GC (Allocation Failure) 2020-10-28T08:28:12.776+0000: [ParNew: 16388K->4K(18432K), 0.0028121 secs] 522062K->505678K(896640K), 0.0028844 secs] [Times: user=0.01 sys=0.00, real=0.00 secs] 
2020-10-28T08:28:12.794+0000: [GC (Allocation Failure) 2020-10-28T08:28:12.794+0000: [ParNew: 16388K->4K(18432K), 0.0026391 secs] 522062K->505678K(896640K), 0.0026818 secs] [Times: user=0.01 sys=0.00, real=0.00 secs] 
2020-10-28T08:28:12.812+0000: [GC (Allocation Failure) 2020-10-28T08:28:12.812+0000: [ParNew: 16388K->4K(18432K), 0.0026033 secs] 522062K->505678K(896640K), 0.0026454 secs] [Times: user=0.00 sys=0.00, real=0.00 secs] 
2020-10-28T08:28:12.829+0000: [GC (Allocation Failure) 2020-10-28T08:28:12.829+0000: [ParNew: 16388K->4K(18432K), 0.0026479 secs] 522062K->505678K(896640K), 0.0026891 secs] [Times: user=0.01 sys=0.00, real=0.00 secs] 
2020-10-28T08:28:12.847+0000: [GC (Allocation Failure) 2020-10-28T08:28:12.847+0000: [ParNew: 16388K->4K(18432K), 0.0025945 secs] 522062K->505678K(896640K), 0.0026361 secs] [Times: user=0.00 sys=0.00, real=0.01 secs] 
2020-10-28T08:28:12.876+0000: [GC (Allocation Failure) 2020-10-28T08:28:12.876+0000: [ParNew: 16388K->4K(18432K), 0.0027861 secs] 522062K->505678K(896640K), 0.0028351 secs] [Times: user=0.01 sys=0.00, real=0.00 secs] 
2020-10-28T08:28:12.894+0000: [GC (Allocation Failure) 2020-10-28T08:28:12.894+0000: [ParNew: 16388K->4K(18432K), 0.0027662 secs] 522062K->505678K(896640K), 0.0028098 secs] [Times: user=0.01 sys=0.00, real=0.00 secs] 
2020-10-28T08:28:12.911+0000: [GC (Allocation Failure) 2020-10-28T08:28:12.911+0000: [ParNew: 16388K->4K(18432K), 0.0026824 secs] 522062K->505678K(896640K), 0.0027259 secs] [Times: user=0.01 sys=0.00, real=0.00 secs] 
2020-10-28T08:28:12.929+0000: [GC (Allocation Failure) 2020-10-28T08:28:12.929+0000: [ParNew: 16388K->4K(18432K), 0.0027665 secs] 522062K->505678K(896640K), 0.0028095 secs] [Times: user=0.01 sys=0.00, real=0.00 secs] 
2020-10-28T08:28:12.947+0000: [GC (Allocation Failure) 2020-10-28T08:28:12.947+0000: [ParNew: 16388K->4K(18432K), 0.0026964 secs] 522062K->505678K(896640K), 0.0027411 secs] [Times: user=0.01 sys=0.00, real=0.01 secs] 
2020-10-28T08:28:12.968+0000: [GC (Allocation Failure) 2020-10-28T08:28:12.968+0000: [ParNew: 16388K->4K(18432K), 0.0027994 secs] 522062K->505678K(896640K), 0.0028482 secs] [Times: user=0.01 sys=0.00, real=0.00 secs] 
2020-10-28T08:28:12.986+0000: [GC (Allocation Failure) 2020-10-28T08:28:12.986+0000: [ParNew: 16388K->4K(18432K), 0.0027253 secs] 522062K->505678K(896640K), 0.0027708 secs] [Times: user=0.00 sys=0.00, real=0.01 secs] 
2020-10-28T08:28:13.003+0000: [GC (Allocation Failure) 2020-10-28T08:28:13.003+0000: [ParNew: 16388K->4K(18432K), 0.0025816 secs] 522062K->505678K(896640K), 0.0026288 secs] [Times: user=0.01 sys=0.00, real=0.00 secs] 
2020-10-28T08:28:13.024+0000: [GC (Allocation Failure) 2020-10-28T08:28:13.024+0000: [ParNew: 16388K->4K(18432K), 0.0025724 secs] 522062K->505678K(896640K), 0.0026162 secs] [Times: user=0.01 sys=0.00, real=0.00 secs] 
2020-10-28T08:28:13.041+0000: [GC (Allocation Failure) 2020-10-28T08:28:13.041+0000: [ParNew: 16388K->4K(18432K), 0.0026422 secs] 522062K->505678K(896640K), 0.0026834 secs] [Times: user=0.01 sys=0.00, real=0.00 secs] 
2020-10-28T08:28:13.060+0000: [GC (Allocation Failure) 2020-10-28T08:28:13.060+0000: [ParNew: 16388K->4K(18432K), 0.0026529 secs] 522062K->505678K(896640K), 0.0026969 secs] [Times: user=0.00 sys=0.00, real=0.00 secs] 
2020-10-28T08:28:13.078+0000: [GC (Allocation Failure) 2020-10-28T08:28:13.078+0000: [ParNew: 16388K->4K(18432K), 0.0026690 secs] 522062K->505678K(896640K), 0.0027118 secs] [Times: user=0.01 sys=0.00, real=0.01 secs] 
2020-10-28T08:28:13.096+0000: [GC (Allocation Failure) 2020-10-28T08:28:13.096+0000: [ParNew: 16388K->4K(18432K), 0.0025747 secs] 522062K->505678K(896640K), 0.0026252 secs] [Times: user=0.00 sys=0.00, real=0.00 secs] 
2020-10-28T08:28:13.113+0000: [GC (Allocation Failure) 2020-10-28T08:28:13.113+0000: [ParNew: 16388K->4K(18432K), 0.0026036 secs] 522062K->505678K(896640K), 0.0026630 secs] [Times: user=0.00 sys=0.00, real=0.00 secs] 
2020-10-28T08:28:13.131+0000: [GC (Allocation Failure) 2020-10-28T08:28:13.131+0000: [ParNew: 16388K->4K(18432K), 0.0028123 secs] 522062K->505678K(896640K), 0.0028564 secs] [Times: user=0.00 sys=0.00, real=0.00 secs] 
2020-10-28T08:28:13.148+0000: [GC (Allocation Failure) 2020-10-28T08:28:13.148+0000: [ParNew: 16388K->4K(18432K), 0.0027448 secs] 522062K->505678K(896640K), 0.0027898 secs] [Times: user=0.01 sys=0.00, real=0.00 secs] 
2020-10-28T08:28:13.166+0000: [GC (Allocation Failure) 2020-10-28T08:28:13.166+0000: [ParNew: 16388K->4K(18432K), 0.0026760 secs] 522062K->505678K(896640K), 0.0027198 secs] [Times: user=0.00 sys=0.00, real=0.01 secs] 
2020-10-28T08:28:13.184+0000: [GC (Allocation Failure) 2020-10-28T08:28:13.184+0000: [ParNew: 16388K->4K(18432K), 0.0026362 secs] 522062K->505678K(896640K), 0.0026780 secs] [Times: user=0.01 sys=0.00, real=0.00 secs] 
2020-10-28T08:28:13.202+0000: [GC (Allocation Failure) 2020-10-28T08:28:13.202+0000: [ParNew: 16388K->4K(18432K), 0.0026656 secs] 522062K->505678K(896640K), 0.0027080 secs] [Times: user=0.01 sys=0.00, real=0.00 secs] 
2020-10-28T08:28:13.215+0000: [GC (Allocation Failure) 2020-10-28T08:28:13.215+0000: [ParNew: 15229K->4K(18432K), 0.0031648 secs] 520903K->513870K(896640K), 0.0032065 secs] [Times: user=0.01 sys=0.00, real=0.00 secs] 
2020-10-28T08:28:13.226+0000: [GC (Allocation Failure) 2020-10-28T08:28:13.226+0000: [ParNew: 16388K->4K(18432K), 0.0033784 secs] 530254K->522062K(896640K), 0.0034184 secs] [Times: user=0.01 sys=0.00, real=0.01 secs] 
2020-10-28T08:28:13.232+0000: [GC (CMS Initial Mark) [1 CMS-initial-mark: 522058K(878208K)] 522388K(896640K), 0.0012156 secs] [Times: user=0.00 sys=0.00, real=0.00 secs] 
2020-10-28T08:28:13.233+0000: [CMS-concurrent-mark-start]
2020-10-28T08:28:13.256+0000: [GC (Allocation Failure) 2020-10-28T08:28:13.256+0000: [ParNew: 16388K->4K(18432K), 0.0027102 secs] 538446K->522062K(896640K), 0.0027584 secs] [Times: user=0.00 sys=0.00, real=0.00 secs] 
2020-10-28T08:28:13.286+0000: [GC (Allocation Failure) 2020-10-28T08:28:13.286+0000: [ParNew: 16388K->4K(18432K), 0.0028583 secs] 538446K->522062K(896640K), 0.0029094 secs] [Times: user=0.01 sys=0.00, real=0.01 secs] 
2020-10-28T08:28:13.297+0000: [CMS-concurrent-mark: 0.058/0.064 secs] [Times: user=0.11 sys=0.00, real=0.06 secs] 
2020-10-28T08:28:13.297+0000: [CMS-concurrent-preclean-start]
2020-10-28T08:28:13.300+0000: [CMS-concurrent-preclean: 0.003/0.003 secs] [Times: user=0.01 sys=0.00, real=0.01 secs] 
2020-10-28T08:28:13.300+0000: [CMS-concurrent-abortable-preclean-start]
2020-10-28T08:28:13.311+0000: [GC (Allocation Failure) 2020-10-28T08:28:13.312+0000: [ParNew: 16388K->4K(18432K), 0.0027755 secs] 538446K->522062K(896640K), 0.0028189 secs] [Times: user=0.00 sys=0.01, real=0.00 secs] 
2020-10-28T08:28:13.332+0000: [GC (Allocation Failure) 2020-10-28T08:28:13.332+0000: [ParNew: 16388K->4K(18432K), 0.0025343 secs] 538446K->522062K(896640K), 0.0025775 secs] [Times: user=0.00 sys=0.00, real=0.00 secs] 
2020-10-28T08:28:13.352+0000: [GC (Allocation Failure) 2020-10-28T08:28:13.352+0000: [ParNew: 16388K->4K(18432K), 0.0024814 secs] 538446K->522062K(896640K), 0.0025250 secs] [Times: user=0.00 sys=0.00, real=0.00 secs] 
2020-10-28T08:28:13.370+0000: [GC (Allocation Failure) 2020-10-28T08:28:13.370+0000: [ParNew: 16388K->4K(18432K), 0.0024833 secs] 538446K->522062K(896640K), 0.0025266 secs] [Times: user=0.00 sys=0.00, real=0.00 secs] 
2020-10-28T08:28:13.389+0000: [GC (Allocation Failure) 2020-10-28T08:28:13.389+0000: [ParNew: 16388K->4K(18432K), 0.0024944 secs] 538446K->522062K(896640K), 0.0025389 secs] [Times: user=0.01 sys=0.00, real=0.00 secs] 
2020-10-28T08:28:13.407+0000: [GC (Allocation Failure) 2020-10-28T08:28:13.407+0000: [ParNew: 16388K->4K(18432K), 0.0024489 secs] 538446K->522062K(896640K), 0.0024938 secs] [Times: user=0.01 sys=0.00, real=0.01 secs] 
2020-10-28T08:28:13.425+0000: [GC (Allocation Failure) 2020-10-28T08:28:13.425+0000: [ParNew: 16388K->4K(18432K), 0.0026413 secs] 538446K->522062K(896640K), 0.0027040 secs] [Times: user=0.00 sys=0.00, real=0.01 secs] 
2020-10-28T08:28:13.447+0000: [GC (Allocation Failure) 2020-10-28T08:28:13.447+0000: [ParNew: 16388K->4K(18432K), 0.0025846 secs] 538446K->522062K(896640K), 0.0026308 secs] [Times: user=0.00 sys=0.00, real=0.01 secs] 
2020-10-28T08:28:13.468+0000: [GC (Allocation Failure) 2020-10-28T08:28:13.468+0000: [ParNew: 16388K->4K(18432K), 0.0025345 secs] 538446K->522062K(896640K), 0.0025814 secs] [Times: user=0.00 sys=0.00, real=0.00 secs] 
2020-10-28T08:28:13.488+0000: [GC (Allocation Failure) 2020-10-28T08:28:13.488+0000: [ParNew: 16388K->4K(18432K), 0.0024928 secs] 538446K->522062K(896640K), 0.0025377 secs] [Times: user=0.01 sys=0.00, real=0.00 secs] 
2020-10-28T08:28:13.506+0000: [GC (Allocation Failure) 2020-10-28T08:28:13.506+0000: [ParNew: 16388K->4K(18432K), 0.0027676 secs] 538446K->522062K(896640K), 0.0028170 secs] [Times: user=0.01 sys=0.00, real=0.01 secs] 
2020-10-28T08:28:13.525+0000: [GC (Allocation Failure) 2020-10-28T08:28:13.525+0000: [ParNew: 16388K->4K(18432K), 0.0025213 secs] 538446K->522062K(896640K), 0.0025679 secs] [Times: user=0.00 sys=0.00, real=0.01 secs] 
2020-10-28T08:28:13.548+0000: [GC (Allocation Failure) 2020-10-28T08:28:13.548+0000: [ParNew: 16388K->4K(18432K), 0.0024821 secs] 538446K->522062K(896640K), 0.0025267 secs] [Times: user=0.01 sys=0.00, real=0.00 secs] 
2020-10-28T08:28:13.566+0000: [GC (Allocation Failure) 2020-10-28T08:28:13.566+0000: [ParNew: 16388K->4K(18432K), 0.0025027 secs] 538446K->522062K(896640K), 0.0025464 secs] [Times: user=0.00 sys=0.00, real=0.01 secs] 
2020-10-28T08:28:13.585+0000: [GC (Allocation Failure) 2020-10-28T08:28:13.585+0000: [ParNew: 16388K->4K(18432K), 0.0024684 secs] 538446K->522062K(896640K), 0.0025132 secs] [Times: user=0.01 sys=0.00, real=0.00 secs] 
2020-10-28T08:28:13.603+0000: [GC (Allocation Failure) 2020-10-28T08:28:13.603+0000: [ParNew: 16388K->4K(18432K), 0.0025812 secs] 538446K->522062K(896640K), 0.0026279 secs] [Times: user=0.01 sys=0.00, real=0.00 secs] 
2020-10-28T08:28:13.622+0000: [GC (Allocation Failure) 2020-10-28T08:28:13.622+0000: [ParNew: 16388K->4K(18432K), 0.0025122 secs] 538446K->522062K(896640K), 0.0025561 secs] [Times: user=0.00 sys=0.00, real=0.00 secs] 
2020-10-28T08:28:13.644+0000: [GC (Allocation Failure) 2020-10-28T08:28:13.644+0000: [ParNew: 16388K->4K(18432K), 0.0025158 secs] 538446K->522062K(896640K), 0.0025616 secs] [Times: user=0.00 sys=0.00, real=0.00 secs] 
2020-10-28T08:28:13.664+0000: [GC (Allocation Failure) 2020-10-28T08:28:13.664+0000: [ParNew: 16388K->4K(18432K), 0.0025472 secs] 538446K->522062K(896640K), 0.0025941 secs] [Times: user=0.00 sys=0.00, real=0.00 secs] 
2020-10-28T08:28:13.684+0000: [GC (Allocation Failure) 2020-10-28T08:28:13.684+0000: [ParNew: 16388K->4K(18432K), 0.0026210 secs] 538446K->522062K(896640K), 0.0026685 secs] [Times: user=0.00 sys=0.00, real=0.00 secs] 
2020-10-28T08:28:13.702+0000: [GC (Allocation Failure) 2020-10-28T08:28:13.702+0000: [ParNew: 16388K->4K(18432K), 0.0024844 secs] 538446K->522062K(896640K), 0.0025301 secs] [Times: user=0.01 sys=0.00, real=0.00 secs] 
2020-10-28T08:28:13.721+0000: [GC (Allocation Failure) 2020-10-28T08:28:13.721+0000: [ParNew: 16388K->4K(18432K), 0.0024450 secs] 538446K->522062K(896640K), 0.0024897 secs] [Times: user=0.00 sys=0.00, real=0.00 secs] 
2020-10-28T08:28:13.739+0000: [GC (Allocation Failure) 2020-10-28T08:28:13.739+0000: [ParNew: 16388K->4K(18432K), 0.0024467 secs] 538446K->522062K(896640K), 0.0024897 secs] [Times: user=0.00 sys=0.00, real=0.01 secs] 
2020-10-28T08:28:13.752+0000: [GC (Allocation Failure) 2020-10-28T08:28:13.752+0000: [ParNew: 16388K->4K(18432K), 0.0032428 secs] 538446K->530254K(896640K), 0.0032940 secs] [Times: user=0.01 sys=0.00, real=0.00 secs] 
2020-10-28T08:28:13.765+0000: [GC (Allocation Failure) 2020-10-28T08:28:13.765+0000: [ParNew: 16388K->4K(18432K), 0.0032058 secs] 546638K->538446K(896640K), 0.0032509 secs] [Times: user=0.01 sys=0.00, real=0.01 secs] 
2020-10-28T08:28:13.788+0000: [GC (Allocation Failure) 2020-10-28T08:28:13.788+0000: [ParNew: 16388K->4K(18432K), 0.0024729 secs] 554830K->538446K(896640K), 0.0025272 secs] [Times: user=0.01 sys=0.00, real=0.00 secs] 
2020-10-28T08:28:13.808+0000: [GC (Allocation Failure) 2020-10-28T08:28:13.808+0000: [ParNew: 16388K->4K(18432K), 0.0024527 secs] 554830K->538446K(896640K), 0.0024988 secs] [Times: user=0.00 sys=0.00, real=0.00 secs] 
2020-10-28T08:28:13.828+0000: [GC (Allocation Failure) 2020-10-28T08:28:13.828+0000: [ParNew: 16388K->4K(18432K), 0.0023879 secs] 554830K->538446K(896640K), 0.0024320 secs] [Times: user=0.00 sys=0.00, real=0.00 secs] 
2020-10-28T08:28:13.846+0000: [GC (Allocation Failure) 2020-10-28T08:28:13.846+0000: [ParNew: 16388K->4K(18432K), 0.0023895 secs] 554830K->538446K(896640K), 0.0024336 secs] [Times: user=0.00 sys=0.00, real=0.01 secs] 
2020-10-28T08:28:13.864+0000: [GC (Allocation Failure) 2020-10-28T08:28:13.864+0000: [ParNew: 16388K->4K(18432K), 0.0029446 secs] 554830K->538446K(896640K), 0.0029998 secs] [Times: user=0.01 sys=0.00, real=0.00 secs] 
2020-10-28T08:28:13.883+0000: [GC (Allocation Failure) 2020-10-28T08:28:13.883+0000: [ParNew: 16388K->4K(18432K), 0.0028271 secs] 554830K->538446K(896640K), 0.0028788 secs] [Times: user=0.00 sys=0.00, real=0.00 secs] 
2020-10-28T08:28:13.902+0000: [GC (Allocation Failure) 2020-10-28T08:28:13.902+0000: [ParNew: 16388K->4K(18432K), 0.0029233 secs] 554830K->538446K(896640K), 0.0029785 secs] [Times: user=0.01 sys=0.00, real=0.00 secs] 
2020-10-28T08:28:13.931+0000: [GC (Allocation Failure) 2020-10-28T08:28:13.931+0000: [ParNew: 16388K->1126K(18432K), 0.0031543 secs] 554830K->539569K(896640K), 0.0032067 secs] [Times: user=0.00 sys=0.00, real=0.00 secs] 
2020-10-28T08:28:14.322+0000: [CMS-concurrent-abortable-preclean: 0.063/1.022 secs] [Times: user=1.90 sys=0.05, real=1.02 secs] 
2020-10-28T08:28:14.324+0000: [GC (CMS Final Remark) [YG occupancy: 14137 K (18432 K)]2020-10-28T08:28:14.324+0000: [Rescan (parallel) , 0.0084077 secs]2020-10-28T08:28:14.332+0000: [weak refs processing, 0.0000736 secs]2020-10-28T08:28:14.332+0000: [class unloading, 0.0109019 secs]2020-10-28T08:28:14.343+0000: [scrub symbol table, 0.0088566 secs]2020-10-28T08:28:14.352+0000: [scrub string table, 0.0005632 secs][1 CMS-remark: 538442K(878208K)] 552580K(896640K), 0.0289165 secs] [Times: user=0.04 sys=0.00, real=0.03 secs] 
2020-10-28T08:28:14.360+0000: [CMS-concurrent-sweep-start]
2020-10-28T08:28:14.380+0000: [CMS-concurrent-sweep: 0.020/0.020 secs] [Times: user=0.04 sys=0.00, real=0.02 secs] 
2020-10-28T08:28:14.380+0000: [CMS-concurrent-reset-start]
2020-10-28T08:28:14.381+0000: [CMS-concurrent-reset: 0.002/0.002 secs] [Times: user=0.00 sys=0.00, real=0.00 secs] 
2020-10-28T08:28:14.460+0000: [GC (Allocation Failure) 2020-10-28T08:28:14.460+0000: [ParNew: 17510K->1126K(18432K), 0.0033659 secs] 500379K->485119K(896640K), 0.0034210 secs] [Times: user=0.00 sys=0.00, real=0.00 secs] 
2020-10-28T08:28:14.828+0000: [GC (Allocation Failure) 2020-10-28T08:28:14.828+0000: [ParNew: 17510K->2K(18432K), 0.0031542 secs] 501503K->485119K(896640K), 0.0031992 secs] [Times: user=0.00 sys=0.00, real=0.00 secs] 
2020-10-28T08:28:15.646+0000: [GC (Allocation Failure) 2020-10-28T08:28:15.646+0000: [ParNew: 16386K->388K(18432K), 0.0029678 secs] 632575K->616577K(896640K), 0.0030391 secs] [Times: user=0.01 sys=0.00, real=0.01 secs] 
2020-10-28T08:28:15.649+0000: [GC (CMS Initial Mark) [1 CMS-initial-mark: 616189K(878208K)] 616577K(896640K), 0.0020283 secs] [Times: user=0.00 sys=0.00, real=0.00 secs] 
2020-10-28T08:28:15.651+0000: [CMS-concurrent-mark-start]
2020-10-28T08:28:15.678+0000: [GC (Allocation Failure) 2020-10-28T08:28:15.678+0000: [ParNew: 16772K->776K(18432K), 0.0028345 secs] 632961K->616965K(896640K), 0.0028877 secs] [Times: user=0.00 sys=0.00, real=0.01 secs] 
2020-10-28T08:28:15.707+0000: [GC (Allocation Failure) 2020-10-28T08:28:15.707+0000: [ParNew: 17160K->1032K(18432K), 0.0028098 secs] 633349K->617221K(896640K), 0.0028619 secs] [Times: user=0.01 sys=0.00, real=0.01 secs] 
2020-10-28T08:28:15.715+0000: [CMS-concurrent-mark: 0.058/0.064 secs] [Times: user=0.12 sys=0.00, real=0.06 secs] 
2020-10-28T08:28:15.715+0000: [CMS-concurrent-preclean-start]
2020-10-28T08:28:15.718+0000: [CMS-concurrent-preclean: 0.003/0.003 secs] [Times: user=0.00 sys=0.00, real=0.00 secs] 
2020-10-28T08:28:15.718+0000: [CMS-concurrent-abortable-preclean-start]
2020-10-28T08:28:15.729+0000: [GC (Allocation Failure) 2020-10-28T08:28:15.729+0000: [ParNew: 17416K->1540K(18432K), 0.0026383 secs] 633605K->617731K(896640K), 0.0026882 secs] [Times: user=0.01 sys=0.00, real=0.00 secs] 
2020-10-28T08:28:15.751+0000: [GC (Allocation Failure) 2020-10-28T08:28:15.751+0000: [ParNew: 17924K->1028K(18432K), 0.0027309 secs] 634115K->617731K(896640K), 0.0027793 secs] [Times: user=0.01 sys=0.00, real=0.00 secs] 
2020-10-28T08:28:15.772+0000: [GC (Allocation Failure) 2020-10-28T08:28:15.772+0000: [ParNew: 17412K->4K(18432K), 0.0025036 secs] 634115K->617220K(896640K), 0.0025498 secs] [Times: user=0.00 sys=0.00, real=0.00 secs] 
2020-10-28T08:28:15.791+0000: [GC (Allocation Failure) 2020-10-28T08:28:15.791+0000: [ParNew: 16388K->4K(18432K), 0.0024421 secs] 633604K->617220K(896640K), 0.0024967 secs] [Times: user=0.01 sys=0.00, real=0.00 secs] 
2020-10-28T08:28:15.812+0000: [GC (Allocation Failure) 2020-10-28T08:28:15.812+0000: [ParNew: 16388K->1028K(18432K), 0.0028789 secs] 633604K->619268K(896640K), 0.0029569 secs] [Times: user=0.01 sys=0.00, real=0.00 secs] 
2020-10-28T08:28:15.831+0000: [GC (Allocation Failure) 2020-10-28T08:28:15.831+0000: [ParNew: 17412K->4K(18432K), 0.0024947 secs] 635652K->618244K(896640K), 0.0025408 secs] [Times: user=0.00 sys=0.00, real=0.00 secs] 
2020-10-28T08:28:15.855+0000: [GC (Allocation Failure) 2020-10-28T08:28:15.855+0000: [ParNew: 16388K->1028K(18432K), 0.0027795 secs] 634628K->620292K(896640K), 0.0028235 secs] [Times: user=0.00 sys=0.00, real=0.00 secs] 
2020-10-28T08:28:15.877+0000: [GC (Allocation Failure) 2020-10-28T08:28:15.877+0000: [ParNew: 17412K->4K(18432K), 0.0026659 secs] 636676K->619268K(896640K), 0.0027159 secs] [Times: user=0.01 sys=0.00, real=0.01 secs] 
2020-10-28T08:28:15.899+0000: [GC (Allocation Failure) 2020-10-28T08:28:15.899+0000: [ParNew: 16388K->4K(18432K), 0.0025488 secs] 635652K->619268K(896640K), 0.0025967 secs] [Times: user=0.00 sys=0.00, real=0.01 secs] 
2020-10-28T08:28:15.918+0000: [GC (Allocation Failure) 2020-10-28T08:28:15.918+0000: [ParNew: 16388K->4K(18432K), 0.0025017 secs] 635652K->619268K(896640K), 0.0025484 secs] [Times: user=0.01 sys=0.00, real=0.01 secs] 
2020-10-28T08:28:15.936+0000: [GC (Allocation Failure) 2020-10-28T08:28:15.936+0000: [ParNew: 16388K->4K(18432K), 0.0024371 secs] 635652K->619268K(896640K), 0.0024813 secs] [Times: user=0.00 sys=0.00, real=0.00 secs] 
2020-10-28T08:28:15.956+0000: [GC (Allocation Failure) 2020-10-28T08:28:15.956+0000: [ParNew: 16388K->4K(18432K), 0.0023615 secs] 635652K->619268K(896640K), 0.0024061 secs] [Times: user=0.00 sys=0.00, real=0.00 secs] 
2020-10-28T08:28:15.974+0000: [GC (Allocation Failure) 2020-10-28T08:28:15.974+0000: [ParNew: 16388K->4K(18432K), 0.0024748 secs] 635652K->619268K(896640K), 0.0025192 secs] [Times: user=0.00 sys=0.00, real=0.00 secs] 
2020-10-28T08:28:15.990+0000: [GC (Allocation Failure) 2020-10-28T08:28:15.990+0000: [ParNew: 16388K->4K(18432K), 0.0030742 secs] 635652K->623364K(896640K), 0.0031214 secs] [Times: user=0.01 sys=0.00, real=0.00 secs] 
2020-10-28T08:28:16.012+0000: [GC (Allocation Failure) 2020-10-28T08:28:16.012+0000: [ParNew: 16388K->4K(18432K), 0.0025573 secs] 639748K->623364K(896640K), 0.0026036 secs] [Times: user=0.00 sys=0.00, real=0.00 secs] 
2020-10-28T08:28:16.030+0000: [GC (Allocation Failure) 2020-10-28T08:28:16.030+0000: [ParNew: 16388K->4K(18432K), 0.0025903 secs] 639748K->623364K(896640K), 0.0026356 secs] [Times: user=0.00 sys=0.00, real=0.00 secs] 
2020-10-28T08:28:16.049+0000: [GC (Allocation Failure) 2020-10-28T08:28:16.049+0000: [ParNew: 16388K->4K(18432K), 0.0025349 secs] 639748K->623364K(896640K), 0.0025824 secs] [Times: user=0.00 sys=0.00, real=0.00 secs] 
2020-10-28T08:28:16.067+0000: [GC (Allocation Failure) 2020-10-28T08:28:16.067+0000: [ParNew: 16388K->4K(18432K), 0.0027275 secs] 639748K->623364K(896640K), 0.0027886 secs] [Times: user=0.01 sys=0.00, real=0.01 secs] 
2020-10-28T08:28:16.088+0000: [GC (Allocation Failure) 2020-10-28T08:28:16.088+0000: [ParNew: 16388K->4K(18432K), 0.0024433 secs] 639748K->623364K(896640K), 0.0024899 secs] [Times: user=0.00 sys=0.00, real=0.00 secs] 
2020-10-28T08:28:16.108+0000: [GC (Allocation Failure) 2020-10-28T08:28:16.108+0000: [ParNew: 16388K->4K(18432K), 0.0023814 secs] 639748K->623364K(896640K), 0.0024266 secs] [Times: user=0.00 sys=0.00, real=0.00 secs] 
2020-10-28T08:28:16.126+0000: [GC (Allocation Failure) 2020-10-28T08:28:16.126+0000: [ParNew: 16388K->4K(18432K), 0.0024716 secs] 639748K->623364K(896640K), 0.0025177 secs] [Times: user=0.00 sys=0.00, real=0.01 secs] 
2020-10-28T08:28:16.145+0000: [GC (Allocation Failure) 2020-10-28T08:28:16.145+0000: [ParNew: 16388K->4K(18432K), 0.0023900 secs] 639748K->623364K(896640K), 0.0024333 secs] [Times: user=0.00 sys=0.00, real=0.00 secs] 
2020-10-28T08:28:16.163+0000: [GC (Allocation Failure) 2020-10-28T08:28:16.163+0000: [ParNew: 16388K->4K(18432K), 0.0025194 secs] 639748K->623364K(896640K), 0.0025678 secs] [Times: user=0.00 sys=0.00, real=0.00 secs] 
2020-10-28T08:28:16.181+0000: [GC (Allocation Failure) 2020-10-28T08:28:16.181+0000: [ParNew: 16388K->4K(18432K), 0.0024157 secs] 639748K->623364K(896640K), 0.0024614 secs] [Times: user=0.01 sys=0.00, real=0.00 secs] 
2020-10-28T08:28:16.204+0000: [GC (Allocation Failure) 2020-10-28T08:28:16.204+0000: [ParNew: 16388K->4K(18432K), 0.0024524 secs] 639748K->623364K(896640K), 0.0025003 secs] [Times: user=0.00 sys=0.00, real=0.00 secs] 
2020-10-28T08:28:16.222+0000: [GC (Allocation Failure) 2020-10-28T08:28:16.222+0000: [ParNew: 16388K->4K(18432K), 0.0023931 secs] 639748K->623364K(896640K), 0.0024377 secs] [Times: user=0.01 sys=0.00, real=0.00 secs] 
2020-10-28T08:28:16.240+0000: [GC (Allocation Failure) 2020-10-28T08:28:16.240+0000: [ParNew: 16388K->4K(18432K), 0.0023092 secs] 639748K->623364K(896640K), 0.0023527 secs] [Times: user=0.00 sys=0.00, real=0.00 secs] 
2020-10-28T08:28:16.259+0000: [GC (Allocation Failure) 2020-10-28T08:28:16.259+0000: [ParNew: 16388K->4K(18432K), 0.0023866 secs] 639748K->623364K(896640K), 0.0024307 secs] [Times: user=0.00 sys=0.00, real=0.01 secs] 
2020-10-28T08:28:16.274+0000: [GC (Allocation Failure) 2020-10-28T08:28:16.274+0000: [ParNew: 16388K->4K(18432K), 0.0033372 secs] 639748K->627460K(896640K), 0.0033888 secs] [Times: user=0.01 sys=0.00, real=0.00 secs] 
2020-10-28T08:28:16.296+0000: [GC (Allocation Failure) 2020-10-28T08:28:16.296+0000: [ParNew: 16388K->4K(18432K), 0.0025345 secs] 643844K->627460K(896640K), 0.0025835 secs] [Times: user=0.01 sys=0.00, real=0.00 secs] 
2020-10-28T08:28:16.315+0000: [GC (Allocation Failure) 2020-10-28T08:28:16.315+0000: [ParNew: 16388K->4K(18432K), 0.0029973 secs] 643844K->631556K(896640K), 0.0030458 secs] [Times: user=0.01 sys=0.00, real=0.00 secs] 
2020-10-28T08:28:16.335+0000: [GC (Allocation Failure) 2020-10-28T08:28:16.335+0000: [ParNew: 16388K->4K(18432K), 0.0026592 secs] 647940K->631556K(896640K), 0.0027094 secs] [Times: user=0.01 sys=0.00, real=0.00 secs] 
2020-10-28T08:28:16.353+0000: [GC (Allocation Failure) 2020-10-28T08:28:16.353+0000: [ParNew: 16388K->4K(18432K), 0.0023858 secs] 647940K->631556K(896640K), 0.0024317 secs] [Times: user=0.00 sys=0.00, real=0.00 secs] 
2020-10-28T08:28:16.372+0000: [GC (Allocation Failure) 2020-10-28T08:28:16.372+0000: [ParNew: 16388K->4K(18432K), 0.0023608 secs] 647940K->631556K(896640K), 0.0024084 secs] [Times: user=0.01 sys=0.00, real=0.00 secs] 
2020-10-28T08:28:16.390+0000: [GC (Allocation Failure) 2020-10-28T08:28:16.390+0000: [ParNew: 16388K->4K(18432K), 0.0024928 secs] 647940K->631557K(896640K), 0.0025384 secs] [Times: user=0.00 sys=0.00, real=0.00 secs] 
2020-10-28T08:28:16.412+0000: [GC (Allocation Failure) 2020-10-28T08:28:16.412+0000: [ParNew: 16388K->4K(18432K), 0.0023306 secs] 647941K->631557K(896640K), 0.0023756 secs] [Times: user=0.00 sys=0.00, real=0.00 secs] 
2020-10-28T08:28:16.430+0000: [GC (Allocation Failure) 2020-10-28T08:28:16.430+0000: [ParNew: 16388K->4K(18432K), 0.0024930 secs] 647941K->631557K(896640K), 0.0025399 secs] [Times: user=0.01 sys=0.00, real=0.00 secs] 
2020-10-28T08:28:16.452+0000: [GC (Allocation Failure) 2020-10-28T08:28:16.452+0000: [ParNew: 16388K->4K(18432K), 0.0024500 secs] 647941K->631557K(896640K), 0.0024976 secs] [Times: user=0.01 sys=0.00, real=0.00 secs] 
2020-10-28T08:28:16.472+0000: [GC (Allocation Failure) 2020-10-28T08:28:16.472+0000: [ParNew: 16388K->4K(18432K), 0.0024123 secs] 647941K->631557K(896640K), 0.0024596 secs] [Times: user=0.01 sys=0.00, real=0.00 secs] 
2020-10-28T08:28:16.492+0000: [GC (Allocation Failure) 2020-10-28T08:28:16.492+0000: [ParNew: 16388K->4K(18432K), 0.0023412 secs] 647941K->631557K(896640K), 0.0023866 secs] [Times: user=0.00 sys=0.00, real=0.00 secs] 
2020-10-28T08:28:16.512+0000: [GC (Allocation Failure) 2020-10-28T08:28:16.512+0000: [ParNew: 16388K->4K(18432K), 0.0023921 secs] 647941K->631557K(896640K), 0.0024390 secs] [Times: user=0.00 sys=0.00, real=0.00 secs] 
2020-10-28T08:28:16.530+0000: [GC (Allocation Failure) 2020-10-28T08:28:16.530+0000: [ParNew: 16388K->4K(18432K), 0.0025417 secs] 647941K->631557K(896640K), 0.0025911 secs] [Times: user=0.01 sys=0.00, real=0.00 secs] 
2020-10-28T08:28:16.549+0000: [GC (Allocation Failure) 2020-10-28T08:28:16.549+0000: [ParNew: 16388K->4K(18432K), 0.0023006 secs] 647941K->631557K(896640K), 0.0023460 secs] [Times: user=0.00 sys=0.00, real=0.00 secs] 
2020-10-28T08:28:16.568+0000: [GC (Allocation Failure) 2020-10-28T08:28:16.568+0000: [ParNew: 16388K->4K(18432K), 0.0023188 secs] 647941K->631557K(896640K), 0.0023647 secs] [Times: user=0.01 sys=0.00, real=0.00 secs] 
2020-10-28T08:28:16.586+0000: [GC (Allocation Failure) 2020-10-28T08:28:16.586+0000: [ParNew: 16388K->4K(18432K), 0.0023356 secs] 647941K->631557K(896640K), 0.0023832 secs] [Times: user=0.01 sys=0.00, real=0.01 secs] 
2020-10-28T08:28:16.608+0000: [GC (Allocation Failure) 2020-10-28T08:28:16.608+0000: [ParNew: 16388K->4K(18432K), 0.0025276 secs] 647941K->631557K(896640K), 0.0025767 secs] [Times: user=0.01 sys=0.00, real=0.00 secs] 
2020-10-28T08:28:16.628+0000: [GC (Allocation Failure) 2020-10-28T08:28:16.628+0000: [ParNew: 16388K->4K(18432K), 0.0024918 secs] 647941K->631557K(896640K), 0.0025402 secs] [Times: user=0.01 sys=0.00, real=0.00 secs] 
2020-10-28T08:28:16.648+0000: [GC (Allocation Failure) 2020-10-28T08:28:16.648+0000: [ParNew: 16388K->4K(18432K), 0.0023517 secs] 647941K->631557K(896640K), 0.0023974 secs] [Times: user=0.01 sys=0.00, real=0.00 secs] 
2020-10-28T08:28:16.666+0000: [GC (Allocation Failure) 2020-10-28T08:28:16.666+0000: [ParNew: 16388K->4K(18432K), 0.0024151 secs] 647941K->631557K(896640K), 0.0024611 secs] [Times: user=0.01 sys=0.00, real=0.01 secs] 
2020-10-28T08:28:16.684+0000: [GC (Allocation Failure) 2020-10-28T08:28:16.684+0000: [ParNew: 16388K->4K(18432K), 0.0024056 secs] 647941K->631557K(896640K), 0.0024503 secs] [Times: user=0.01 sys=0.00, real=0.00 secs] 
2020-10-28T08:28:16.703+0000: [GC (Allocation Failure) 2020-10-28T08:28:16.703+0000: [ParNew: 16388K->4K(18432K), 0.0024424 secs] 647941K->631557K(896640K), 0.0024874 secs] [Times: user=0.01 sys=0.00, real=0.00 secs] 
2020-10-28T08:28:16.722+0000: [GC (Allocation Failure) 2020-10-28T08:28:16.722+0000: [ParNew: 16388K->4K(18432K), 0.0023612 secs] 647941K->631557K(896640K), 0.0024040 secs] [Times: user=0.00 sys=0.00, real=0.00 secs] 
2020-10-28T08:28:16.744+0000: [GC (Allocation Failure) 2020-10-28T08:28:16.744+0000: [ParNew: 16388K->4K(18432K), 0.0023153 secs] 647941K->631557K(896640K), 0.0023579 secs] [Times: user=0.00 sys=0.00, real=0.00 secs] 
2020-10-28T08:28:16.764+0000: [GC (Allocation Failure) 2020-10-28T08:28:16.764+0000: [ParNew: 16388K->4K(18432K), 0.0025133 secs] 647941K->631557K(896640K), 0.0025614 secs] [Times: user=0.01 sys=0.00, real=0.00 secs] 
2020-10-28T08:28:16.783+0000: [GC (Allocation Failure) 2020-10-28T08:28:16.783+0000: [ParNew: 16388K->4K(18432K), 0.0024550 secs] 647941K->631557K(896640K), 0.0024992 secs] [Times: user=0.00 sys=0.00, real=0.00 secs] 
2020-10-28T08:28:16.801+0000: [GC (Allocation Failure) 2020-10-28T08:28:16.801+0000: [ParNew: 16388K->4K(18432K), 0.0023282 secs] 647941K->631557K(896640K), 0.0023719 secs] [Times: user=0.00 sys=0.00, real=0.00 secs] 
2020-10-28T08:28:16.824+0000: [GC (Allocation Failure) 2020-10-28T08:28:16.824+0000: [ParNew: 16388K->4K(18432K), 0.0022883 secs] 647941K->631557K(896640K), 0.0023335 secs] [Times: user=0.01 sys=0.00, real=0.00 secs] 
2020-10-28T08:28:16.842+0000: [GC (Allocation Failure) 2020-10-28T08:28:16.842+0000: [ParNew: 16388K->4K(18432K), 0.0022988 secs] 647941K->631557K(896640K), 0.0023404 secs] [Times: user=0.00 sys=0.00, real=0.00 secs] 
2020-10-28T08:28:16.862+0000: [GC (Allocation Failure) 2020-10-28T08:28:16.862+0000: [ParNew: 16388K->4K(18432K), 0.0024276 secs] 647941K->631557K(896640K), 0.0024906 secs] [Times: user=0.01 sys=0.00, real=0.00 secs] 
2020-10-28T08:28:16.881+0000: [GC (Allocation Failure) 2020-10-28T08:28:16.881+0000: [ParNew: 16388K->4K(18432K), 0.0024114 secs] 647941K->631557K(896640K), 0.0024560 secs] [Times: user=0.00 sys=0.00, real=0.00 secs] 
2020-10-28T08:28:16.903+0000: [GC (Allocation Failure) 2020-10-28T08:28:16.903+0000: [ParNew: 16388K->4K(18432K), 0.0025704 secs] 647941K->631557K(896640K), 0.0026255 secs] [Times: user=0.00 sys=0.00, real=0.00 secs] 
2020-10-28T08:28:16.928+0000: [GC (Allocation Failure) 2020-10-28T08:28:16.928+0000: [ParNew: 16388K->4K(18432K), 0.0027069 secs] 647941K->631557K(896640K), 0.0027599 secs] [Times: user=0.00 sys=0.00, real=0.00 secs] 
2020-10-28T08:28:16.948+0000: [GC (Allocation Failure) 2020-10-28T08:28:16.948+0000: [ParNew: 16388K->4K(18432K), 0.0025513 secs] 647941K->631557K(896640K), 0.0026012 secs] [Times: user=0.01 sys=0.00, real=0.00 secs] 
2020-10-28T08:28:16.966+0000: [GC (Allocation Failure) 2020-10-28T08:28:16.966+0000: [ParNew: 16388K->4K(18432K), 0.0026077 secs] 647941K->631557K(896640K), 0.0026588 secs] [Times: user=0.00 sys=0.00, real=0.01 secs] 
2020-10-28T08:28:16.985+0000: [GC (Allocation Failure) 2020-10-28T08:28:16.985+0000: [ParNew: 16388K->4K(18432K), 0.0024896 secs] 647941K->631557K(896640K), 0.0025370 secs] [Times: user=0.01 sys=0.00, real=0.00 secs] 
2020-10-28T08:28:17.007+0000: [GC (Allocation Failure) 2020-10-28T08:28:17.007+0000: [ParNew: 16388K->4K(18432K), 0.0024205 secs] 647941K->631557K(896640K), 0.0024658 secs] [Times: user=0.01 sys=0.00, real=0.01 secs] 
2020-10-28T08:28:17.028+0000: [GC (Allocation Failure) 2020-10-28T08:28:17.028+0000: [ParNew: 16388K->4K(18432K), 0.0023175 secs] 647941K->631557K(896640K), 0.0023625 secs] [Times: user=0.00 sys=0.00, real=0.00 secs] 
2020-10-28T08:28:17.046+0000: [GC (Allocation Failure) 2020-10-28T08:28:17.046+0000: [ParNew: 16388K->4K(18432K), 0.0023140 secs] 647941K->631557K(896640K), 0.0023590 secs] [Times: user=0.01 sys=0.00, real=0.01 secs] 
2020-10-28T08:28:17.064+0000: [GC (Allocation Failure) 2020-10-28T08:28:17.064+0000: [ParNew: 16388K->4K(18432K), 0.0024028 secs] 647941K->631557K(896640K), 0.0024641 secs] [Times: user=0.00 sys=0.00, real=0.00 secs] 
2020-10-28T08:28:17.083+0000: [GC (Allocation Failure) 2020-10-28T08:28:17.083+0000: [ParNew: 16388K->4K(18432K), 0.0024171 secs] 647941K->631557K(896640K), 0.0024636 secs] [Times: user=0.00 sys=0.00, real=0.00 secs] 
2020-10-28T08:28:17.101+0000: [GC (Allocation Failure) 2020-10-28T08:28:17.101+0000: [ParNew: 16388K->4K(18432K), 0.0023801 secs] 647941K->631557K(896640K), 0.0024227 secs] [Times: user=0.00 sys=0.00, real=0.00 secs] 
2020-10-28T08:28:17.119+0000: [GC (Allocation Failure) 2020-10-28T08:28:17.119+0000: [ParNew: 16388K->4K(18432K), 0.0023961 secs] 647941K->631557K(896640K), 0.0024411 secs] [Times: user=0.01 sys=0.00, real=0.01 secs] 
2020-10-28T08:28:17.138+0000: [GC (Allocation Failure) 2020-10-28T08:28:17.138+0000: [ParNew: 16388K->4K(18432K), 0.0024784 secs] 647941K->631557K(896640K), 0.0025244 secs] [Times: user=0.01 sys=0.00, real=0.01 secs] 
2020-10-28T08:28:17.159+0000: [GC (Allocation Failure) 2020-10-28T08:28:17.159+0000: [ParNew: 16388K->4K(18432K), 0.0024822 secs] 647941K->631557K(896640K), 0.0025378 secs] [Times: user=0.01 sys=0.00, real=0.01 secs] 
2020-10-28T08:28:17.177+0000: [GC (Allocation Failure) 2020-10-28T08:28:17.177+0000: [ParNew: 16388K->4K(18432K), 0.0024314 secs] 647941K->631557K(896640K), 0.0024771 secs] [Times: user=0.01 sys=0.00, real=0.01 secs] 
2020-10-28T08:28:17.196+0000: [GC (Allocation Failure) 2020-10-28T08:28:17.196+0000: [ParNew: 16388K->4K(18432K), 0.0023797 secs] 647941K->631557K(896640K), 0.0024260 secs] [Times: user=0.00 sys=0.00, real=0.00 secs] 
2020-10-28T08:28:17.217+0000: [GC (Allocation Failure) 2020-10-28T08:28:17.217+0000: [ParNew: 16388K->4K(18432K), 0.0024709 secs] 647941K->631557K(896640K), 0.0025185 secs] [Times: user=0.01 sys=0.00, real=0.00 secs] 
2020-10-28T08:28:17.236+0000: [GC (Allocation Failure) 2020-10-28T08:28:17.236+0000: [ParNew: 16388K->4K(18432K), 0.0024300 secs] 647941K->631557K(896640K), 0.0024742 secs] [Times: user=0.00 sys=0.00, real=0.00 secs] 
2020-10-28T08:28:17.256+0000: [GC (Allocation Failure) 2020-10-28T08:28:17.256+0000: [ParNew: 16388K->4K(18432K), 0.0023473 secs] 647941K->631557K(896640K), 0.0023916 secs] [Times: user=0.00 sys=0.00, real=0.00 secs] 
2020-10-28T08:28:17.276+0000: [GC (Allocation Failure) 2020-10-28T08:28:17.276+0000: [ParNew: 16388K->4K(18432K), 0.0024658 secs] 647941K->631557K(896640K), 0.0025114 secs] [Times: user=0.00 sys=0.00, real=0.00 secs] 
2020-10-28T08:28:17.294+0000: [GC (Allocation Failure) 2020-10-28T08:28:17.294+0000: [ParNew: 16388K->4K(18432K), 0.0023807 secs] 647941K->631557K(896640K), 0.0024259 secs] [Times: user=0.00 sys=0.00, real=0.00 secs] 
2020-10-28T08:28:17.313+0000: [GC (Allocation Failure) 2020-10-28T08:28:17.313+0000: [ParNew: 16388K->4K(18432K), 0.0024414 secs] 647941K->631557K(896640K), 0.0024828 secs] [Times: user=0.00 sys=0.00, real=0.00 secs] 
2020-10-28T08:28:17.335+0000: [GC (Allocation Failure) 2020-10-28T08:28:17.336+0000: [ParNew: 16388K->4K(18432K), 0.0024551 secs] 647941K->631557K(896640K), 0.0025025 secs] [Times: user=0.00 sys=0.00, real=0.00 secs] 
2020-10-28T08:28:17.354+0000: [GC (Allocation Failure) 2020-10-28T08:28:17.354+0000: [ParNew: 16388K->4K(18432K), 0.0023974 secs] 647941K->631557K(896640K), 0.0024429 secs] [Times: user=0.00 sys=0.00, real=0.00 secs] 
2020-10-28T08:28:17.376+0000: [GC (Allocation Failure) 2020-10-28T08:28:17.376+0000: [ParNew: 16388K->4K(18432K), 0.0023348 secs] 647941K->631557K(896640K), 0.0023799 secs] [Times: user=0.00 sys=0.00, real=0.00 secs] 
2020-10-28T08:28:17.396+0000: [GC (Allocation Failure) 2020-10-28T08:28:17.396+0000: [ParNew: 16388K->4K(18432K), 0.0022826 secs] 647941K->631557K(896640K), 0.0023267 secs] [Times: user=0.00 sys=0.00, real=0.00 secs] 
2020-10-28T08:28:17.414+0000: [GC (Allocation Failure) 2020-10-28T08:28:17.414+0000: [ParNew: 16388K->4K(18432K), 0.0023745 secs] 647941K->631557K(896640K), 0.0024190 secs] [Times: user=0.01 sys=0.00, real=0.00 secs] 
2020-10-28T08:28:17.432+0000: [GC (Allocation Failure) 2020-10-28T08:28:17.432+0000: [ParNew: 16388K->4K(18432K), 0.0022738 secs] 647941K->631557K(896640K), 0.0023179 secs] [Times: user=0.00 sys=0.00, real=0.00 secs] 
2020-10-28T08:28:17.450+0000: [GC (Allocation Failure) 2020-10-28T08:28:17.450+0000: [ParNew: 16388K->4K(18432K), 0.0023119 secs] 647941K->631557K(896640K), 0.0023559 secs] [Times: user=0.01 sys=0.00, real=0.00 secs] 
2020-10-28T08:28:17.472+0000: [GC (Allocation Failure) 2020-10-28T08:28:17.472+0000: [ParNew: 16388K->4K(18432K), 0.0023225 secs] 647941K->631557K(896640K), 0.0023680 secs] [Times: user=0.01 sys=0.00, real=0.00 secs] 
2020-10-28T08:28:17.490+0000: [GC (Allocation Failure) 2020-10-28T08:28:17.490+0000: [ParNew: 16388K->4K(18432K), 0.0023217 secs] 647941K->631557K(896640K), 0.0023665 secs] [Times: user=0.00 sys=0.00, real=0.00 secs] 
2020-10-28T08:28:17.508+0000: [GC (Allocation Failure) 2020-10-28T08:28:17.508+0000: [ParNew: 16388K->4K(18432K), 0.0022749 secs] 647941K->631557K(896640K), 0.0023187 secs] [Times: user=0.01 sys=0.00, real=0.00 secs] 
2020-10-28T08:28:17.528+0000: [GC (Allocation Failure) 2020-10-28T08:28:17.528+0000: [ParNew: 16388K->4K(18432K), 0.0025232 secs] 647941K->631557K(896640K), 0.0025726 secs] [Times: user=0.00 sys=0.00, real=0.00 secs] 
2020-10-28T08:28:17.548+0000: [GC (Allocation Failure) 2020-10-28T08:28:17.548+0000: [ParNew: 16388K->4K(18432K), 0.0023998 secs] 647941K->631557K(896640K), 0.0024482 secs] [Times: user=0.01 sys=0.00, real=0.00 secs] 
2020-10-28T08:28:17.568+0000: [GC (Allocation Failure) 2020-10-28T08:28:17.568+0000: [ParNew: 16388K->4K(18432K), 0.0023538 secs] 647941K->631557K(896640K), 0.0023997 secs] [Times: user=0.00 sys=0.00, real=0.00 secs] 
2020-10-28T08:28:17.586+0000: [GC (Allocation Failure) 2020-10-28T08:28:17.586+0000: [ParNew: 16388K->4K(18432K), 0.0024758 secs] 647941K->631557K(896640K), 0.0025227 secs] [Times: user=0.01 sys=0.00, real=0.01 secs] 
2020-10-28T08:28:17.608+0000: [GC (Allocation Failure) 2020-10-28T08:28:17.608+0000: [ParNew: 16388K->4K(18432K), 0.0023601 secs] 647941K->631557K(896640K), 0.0024049 secs] [Times: user=0.00 sys=0.00, real=0.00 secs] 
2020-10-28T08:28:17.628+0000: [GC (Allocation Failure) 2020-10-28T08:28:17.628+0000: [ParNew: 16388K->4K(18432K), 0.0026106 secs] 647941K->631557K(896640K), 0.0026603 secs] [Times: user=0.00 sys=0.00, real=0.00 secs] 
2020-10-28T08:28:17.648+0000: [GC (Allocation Failure) 2020-10-28T08:28:17.648+0000: [ParNew: 16388K->4K(18432K), 0.0024662 secs] 647941K->631557K(896640K), 0.0025123 secs] [Times: user=0.00 sys=0.00, real=0.00 secs] 
2020-10-28T08:28:17.666+0000: [GC (Allocation Failure) 2020-10-28T08:28:17.666+0000: [ParNew: 16388K->4K(18432K), 0.0023799 secs] 647941K->631557K(896640K), 0.0024247 secs] [Times: user=0.01 sys=0.00, real=0.01 secs] 
2020-10-28T08:28:17.688+0000: [GC (Allocation Failure) 2020-10-28T08:28:17.688+0000: [ParNew: 16388K->4K(18432K), 0.0023955 secs] 647941K->631557K(896640K), 0.0024417 secs] [Times: user=0.00 sys=0.00, real=0.00 secs] 
2020-10-28T08:28:17.708+0000: [GC (Allocation Failure) 2020-10-28T08:28:17.708+0000: [ParNew: 16388K->4K(18432K), 0.0024046 secs] 647941K->631557K(896640K), 0.0024515 secs] [Times: user=0.01 sys=0.00, real=0.00 secs] 
2020-10-28T08:28:17.726+0000: [GC (Allocation Failure) 2020-10-28T08:28:17.726+0000: [ParNew: 16388K->4K(18432K), 0.0023673 secs] 647941K->631557K(896640K), 0.0024122 secs] [Times: user=0.00 sys=0.00, real=0.01 secs] 
2020-10-28T08:28:17.748+0000: [GC (Allocation Failure) 2020-10-28T08:28:17.748+0000: [ParNew: 16388K->4K(18432K), 0.0023222 secs] 647941K->631557K(896640K), 0.0023683 secs] [Times: user=0.00 sys=0.00, real=0.00 secs] 
2020-10-28T08:28:17.768+0000: [GC (Allocation Failure) 2020-10-28T08:28:17.768+0000: [ParNew: 16388K->4K(18432K), 0.0023135 secs] 647941K->631557K(896640K), 0.0023581 secs] [Times: user=0.00 sys=0.00, real=0.00 secs] 
2020-10-28T08:28:17.786+0000: [GC (Allocation Failure) 2020-10-28T08:28:17.786+0000: [ParNew: 16388K->4K(18432K), 0.0023259 secs] 647941K->631557K(896640K), 0.0023691 secs] [Times: user=0.00 sys=0.00, real=0.01 secs] 
2020-10-28T08:28:17.805+0000: [GC (Allocation Failure) 2020-10-28T08:28:17.805+0000: [ParNew: 16388K->4K(18432K), 0.0023307 secs] 647941K->631557K(896640K), 0.0023842 secs] [Times: user=0.01 sys=0.00, real=0.00 secs] 
2020-10-28T08:28:17.827+0000: [GC (Allocation Failure) 2020-10-28T08:28:17.827+0000: [ParNew: 16388K->4K(18432K), 0.0023163 secs] 647941K->631557K(896640K), 0.0023611 secs] [Times: user=0.00 sys=0.00, real=0.01 secs] 
2020-10-28T08:28:17.848+0000: [GC (Allocation Failure) 2020-10-28T08:28:17.848+0000: [ParNew: 16388K->4K(18432K), 0.0022961 secs] 647941K->631558K(896640K), 0.0023401 secs] [Times: user=0.01 sys=0.00, real=0.00 secs] 
2020-10-28T08:28:17.868+0000: [GC (Allocation Failure) 2020-10-28T08:28:17.868+0000: [ParNew: 16388K->4K(18432K), 0.0023043 secs] 647942K->631558K(896640K), 0.0023490 secs] [Times: user=0.01 sys=0.00, real=0.00 secs] 
2020-10-28T08:28:17.888+0000: [GC (Allocation Failure) 2020-10-28T08:28:17.888+0000: [ParNew: 16388K->4K(18432K), 0.0023271 secs] 647942K->631558K(896640K), 0.0023721 secs] [Times: user=0.01 sys=0.00, real=0.00 secs] 
2020-10-28T08:28:17.908+0000: [GC (Allocation Failure) 2020-10-28T08:28:17.908+0000: [ParNew: 16388K->4K(18432K), 0.0024793 secs] 647942K->631558K(896640K), 0.0025360 secs] [Times: user=0.00 sys=0.00, real=0.00 secs] 
2020-10-28T08:28:17.928+0000: [GC (Allocation Failure) 2020-10-28T08:28:17.928+0000: [ParNew: 16388K->4K(18432K), 0.0025803 secs] 647942K->631558K(896640K), 0.0026308 secs] [Times: user=0.01 sys=0.00, real=0.00 secs] 
2020-10-28T08:28:17.946+0000: [GC (Allocation Failure) 2020-10-28T08:28:17.946+0000: [ParNew: 16388K->4K(18432K), 0.0024142 secs] 647942K->631558K(896640K), 0.0024666 secs] [Times: user=0.00 sys=0.00, real=0.01 secs] 
2020-10-28T08:28:17.968+0000: [GC (Allocation Failure) 2020-10-28T08:28:17.968+0000: [ParNew: 16388K->4K(18432K), 0.0023285 secs] 647942K->631558K(896640K), 0.0023747 secs] [Times: user=0.01 sys=0.00, real=0.00 secs] 
2020-10-28T08:28:17.986+0000: [GC (Allocation Failure) 2020-10-28T08:28:17.986+0000: [ParNew: 16388K->4K(18432K), 0.0024112 secs] 647942K->631558K(896640K), 0.0024574 secs] [Times: user=0.00 sys=0.00, real=0.01 secs] 
2020-10-28T08:28:18.008+0000: [GC (Allocation Failure) 2020-10-28T08:28:18.008+0000: [ParNew: 16388K->4K(18432K), 0.0023477 secs] 647942K->631558K(896640K), 0.0023912 secs] [Times: user=0.00 sys=0.00, real=0.00 secs] 
2020-10-28T08:28:18.026+0000: [GC (Allocation Failure) 2020-10-28T08:28:18.026+0000: [ParNew: 16388K->4K(18432K), 0.0023736 secs] 647942K->631558K(896640K), 0.0024255 secs] [Times: user=0.01 sys=0.00, real=0.01 secs] 
2020-10-28T08:28:18.048+0000: [GC (Allocation Failure) 2020-10-28T08:28:18.048+0000: [ParNew: 16388K->4K(18432K), 0.0024427 secs] 647942K->631558K(896640K), 0.0024903 secs] [Times: user=0.00 sys=0.00, real=0.00 secs] 
2020-10-28T08:28:18.068+0000: [GC (Allocation Failure) 2020-10-28T08:28:18.068+0000: [ParNew: 16388K->4K(18432K), 0.0023927 secs] 647942K->631558K(896640K), 0.0024388 secs] [Times: user=0.01 sys=0.00, real=0.00 secs] 
2020-10-28T08:28:18.086+0000: [GC (Allocation Failure) 2020-10-28T08:28:18.086+0000: [ParNew: 16388K->4K(18432K), 0.0023226 secs] 647942K->631558K(896640K), 0.0023673 secs] [Times: user=0.00 sys=0.00, real=0.01 secs] 
2020-10-28T08:28:18.104+0000: [GC (Allocation Failure) 2020-10-28T08:28:18.104+0000: [ParNew: 16388K->4K(18432K), 0.0023369 secs] 647942K->631558K(896640K), 0.0023825 secs] [Times: user=0.00 sys=0.00, real=0.00 secs] 
2020-10-28T08:28:18.122+0000: [GC (Allocation Failure) 2020-10-28T08:28:18.122+0000: [ParNew: 16388K->4K(18432K), 0.0023595 secs] 647942K->631558K(896640K), 0.0024040 secs] [Times: user=0.00 sys=0.00, real=0.00 secs] 
2020-10-28T08:28:18.144+0000: [GC (Allocation Failure) 2020-10-28T08:28:18.144+0000: [ParNew: 16388K->4K(18432K), 0.0027703 secs] 664326K->647942K(896640K), 0.0028237 secs] [Times: user=0.00 sys=0.00, real=0.00 secs] 
2020-10-28T08:28:18.163+0000: [GC (Allocation Failure) 2020-10-28T08:28:18.163+0000: [ParNew: 16388K->4K(18432K), 0.0026647 secs] 664326K->647942K(896640K), 0.0027095 secs] [Times: user=0.00 sys=0.00, real=0.00 secs] 
2020-10-28T08:28:18.184+0000: [GC (Allocation Failure) 2020-10-28T08:28:18.184+0000: [ParNew: 16388K->4K(18432K), 0.0024545 secs] 664326K->647942K(896640K), 0.0025013 secs] [Times: user=0.00 sys=0.00, real=0.00 secs] 
2020-10-28T08:28:18.212+0000: [GC (Allocation Failure) 2020-10-28T08:28:18.212+0000: [ParNew: 16388K->4K(18432K), 0.0027681 secs] 680710K->664326K(896640K), 0.0028406 secs] [Times: user=0.00 sys=0.00, real=0.00 secs] 
2020-10-28T08:28:18.233+0000: [GC (Allocation Failure) 2020-10-28T08:28:18.233+0000: [ParNew: 16388K->4K(18432K), 0.0024967 secs] 680710K->664326K(896640K), 0.0025605 secs] [Times: user=0.00 sys=0.00, real=0.00 secs] 
2020-10-28T08:28:18.262+0000: [GC (Allocation Failure) 2020-10-28T08:28:18.262+0000: [ParNew: 16388K->4K(18432K), 0.0027666 secs] 680710K->664326K(896640K), 0.0028196 secs] [Times: user=0.01 sys=0.00, real=0.00 secs] 
2020-10-28T08:28:18.280+0000: [GC (Allocation Failure) 2020-10-28T08:28:18.281+0000: [ParNew: 16388K->4K(18432K), 0.0024556 secs] 680710K->664326K(896640K), 0.0025026 secs] [Times: user=0.00 sys=0.00, real=0.00 secs] 
2020-10-28T08:28:18.299+0000: [GC (Allocation Failure) 2020-10-28T08:28:18.299+0000: [ParNew: 16388K->4K(18432K), 0.0024797 secs] 680710K->664326K(896640K), 0.0025246 secs] [Times: user=0.01 sys=0.00, real=0.01 secs] 
2020-10-28T08:28:18.318+0000: [GC (Allocation Failure) 2020-10-28T08:28:18.318+0000: [ParNew: 16388K->4K(18432K), 0.0023432 secs] 680710K->664326K(896640K), 0.0023862 secs] [Times: user=0.00 sys=0.00, real=0.01 secs] 
2020-10-28T08:28:18.336+0000: [GC (Allocation Failure) 2020-10-28T08:28:18.336+0000: [ParNew: 16388K->4K(18432K), 0.0024763 secs] 680710K->664326K(896640K), 0.0025233 secs] [Times: user=0.01 sys=0.00, real=0.00 secs] 
2020-10-28T08:28:18.356+0000: [GC (Allocation Failure) 2020-10-28T08:28:18.356+0000: [ParNew: 16388K->4K(18432K), 0.0025640 secs] 680710K->664326K(896640K), 0.0026141 secs] [Times: user=0.00 sys=0.00, real=0.00 secs] 
2020-10-28T08:28:18.376+0000: [GC (Allocation Failure) 2020-10-28T08:28:18.376+0000: [ParNew: 16388K->4K(18432K), 0.0023664 secs] 680710K->664326K(896640K), 0.0024112 secs] [Times: user=0.00 sys=0.00, real=0.00 secs] 
2020-10-28T08:28:18.396+0000: [GC (Allocation Failure) 2020-10-28T08:28:18.396+0000: [ParNew: 16388K->4K(18432K), 0.0026160 secs] 680710K->664326K(896640K), 0.0026663 secs] [Times: user=0.00 sys=0.00, real=0.00 secs] 
2020-10-28T08:28:18.414+0000: [GC (Allocation Failure) 2020-10-28T08:28:18.414+0000: [ParNew: 16388K->4K(18432K), 0.0025407 secs] 680710K->664326K(896640K), 0.0025865 secs] [Times: user=0.01 sys=0.00, real=0.00 secs] 
2020-10-28T08:28:18.436+0000: [GC (Allocation Failure) 2020-10-28T08:28:18.436+0000: [ParNew: 16388K->4K(18432K), 0.0023992 secs] 680710K->664326K(896640K), 0.0024448 secs] [Times: user=0.00 sys=0.00, real=0.00 secs] 
2020-10-28T08:28:18.454+0000: [GC (Allocation Failure) 2020-10-28T08:28:18.454+0000: [ParNew: 16388K->4K(18432K), 0.0023844 secs] 680710K->664326K(896640K), 0.0024286 secs] [Times: user=0.01 sys=0.00, real=0.00 secs] 
2020-10-28T08:28:18.472+0000: [GC (Allocation Failure) 2020-10-28T08:28:18.473+0000: [ParNew: 16388K->4K(18432K), 0.0024288 secs] 680710K->664326K(896640K), 0.0024722 secs] [Times: user=0.01 sys=0.00, real=0.00 secs] 
2020-10-28T08:28:18.491+0000: [GC (Allocation Failure) 2020-10-28T08:28:18.491+0000: [ParNew: 16388K->4K(18432K), 0.0023632 secs] 680710K->664326K(896640K), 0.0024069 secs] [Times: user=0.00 sys=0.00, real=0.00 secs] 
2020-10-28T08:28:18.509+0000: [GC (Allocation Failure) 2020-10-28T08:28:18.509+0000: [ParNew: 16388K->4K(18432K), 0.0023599 secs] 680710K->664326K(896640K), 0.0024035 secs] [Times: user=0.00 sys=0.00, real=0.00 secs] 
2020-10-28T08:28:18.527+0000: [GC (Allocation Failure) 2020-10-28T08:28:18.527+0000: [ParNew: 16388K->4K(18432K), 0.0024580 secs] 680710K->664326K(896640K), 0.0025028 secs] [Times: user=0.01 sys=0.00, real=0.01 secs] 
2020-10-28T08:28:18.548+0000: [GC (Allocation Failure) 2020-10-28T08:28:18.548+0000: [ParNew: 16388K->4K(18432K), 0.0025164 secs] 680710K->664326K(896640K), 0.0025636 secs] [Times: user=0.00 sys=0.00, real=0.00 secs] 
2020-10-28T08:28:18.568+0000: [GC (Allocation Failure) 2020-10-28T08:28:18.568+0000: [ParNew: 16388K->4K(18432K), 0.0024208 secs] 680710K->664326K(896640K), 0.0024670 secs] [Times: user=0.01 sys=0.00, real=0.00 secs] 
2020-10-28T08:28:18.586+0000: [GC (Allocation Failure) 2020-10-28T08:28:18.586+0000: [ParNew: 16388K->4K(18432K), 0.0023282 secs] 680710K->664326K(896640K), 0.0023723 secs] [Times: user=0.00 sys=0.00, real=0.01 secs] 
2020-10-28T08:28:18.604+0000: [GC (Allocation Failure) 2020-10-28T08:28:18.604+0000: [ParNew: 16388K->4K(18432K), 0.0023036 secs] 680710K->664326K(896640K), 0.0023473 secs] [Times: user=0.01 sys=0.00, real=0.00 secs] 
2020-10-28T08:28:18.622+0000: [GC (Allocation Failure) 2020-10-28T08:28:18.622+0000: [ParNew: 16388K->4K(18432K), 0.0022816 secs] 680710K->664326K(896640K), 0.0023247 secs] [Times: user=0.00 sys=0.00, real=0.00 secs] 
2020-10-28T08:28:18.640+0000: [GC (Allocation Failure) 2020-10-28T08:28:18.640+0000: [ParNew: 16388K->4K(18432K), 0.0025230 secs] 680710K->664326K(896640K), 0.0025723 secs] [Times: user=0.01 sys=0.00, real=0.00 secs] 
2020-10-28T08:28:18.659+0000: [GC (Allocation Failure) 2020-10-28T08:28:18.659+0000: [ParNew: 16388K->4K(18432K), 0.0025377 secs] 680710K->664326K(896640K), 0.0026030 secs] [Times: user=0.01 sys=0.00, real=0.01 secs] 
2020-10-28T08:28:18.678+0000: [GC (Allocation Failure) 2020-10-28T08:28:18.678+0000: [ParNew: 16388K->4K(18432K), 0.0024870 secs] 680710K->664326K(896640K), 0.0025311 secs] [Times: user=0.00 sys=0.00, real=0.01 secs] 
2020-10-28T08:28:18.696+0000: [GC (Allocation Failure) 2020-10-28T08:28:18.696+0000: [ParNew: 16388K->4K(18432K), 0.0024749 secs] 680710K->664326K(896640K), 0.0025216 secs] [Times: user=0.01 sys=0.00, real=0.00 secs] 
2020-10-28T08:28:18.714+0000: [GC (Allocation Failure) 2020-10-28T08:28:18.714+0000: [ParNew: 16388K->4K(18432K), 0.0024329 secs] 680710K->664326K(896640K), 0.0024780 secs] [Times: user=0.00 sys=0.00, real=0.00 secs] 
2020-10-28T08:28:18.732+0000: [GC (Allocation Failure) 2020-10-28T08:28:18.732+0000: [ParNew: 16388K->4K(18432K), 0.0023630 secs] 680710K->664326K(896640K), 0.0024078 secs] [Times: user=0.01 sys=0.00, real=0.00 secs] 
2020-10-28T08:28:18.750+0000: [GC (Allocation Failure) 2020-10-28T08:28:18.751+0000: [ParNew: 16388K->4K(18432K), 0.0023381 secs] 680710K->664326K(896640K), 0.0023821 secs] [Times: user=0.00 sys=0.00, real=0.00 secs] 
2020-10-28T08:28:18.769+0000: [GC (Allocation Failure) 2020-10-28T08:28:18.769+0000: [ParNew: 16388K->4K(18432K), 0.0022996 secs] 680710K->664326K(896640K), 0.0023419 secs] [Times: user=0.01 sys=0.00, real=0.00 secs] 
2020-10-28T08:28:18.788+0000: [GC (Allocation Failure) 2020-10-28T08:28:18.788+0000: [ParNew: 16388K->4K(18432K), 0.0023223 secs] 680710K->664326K(896640K), 0.0023641 secs] [Times: user=0.00 sys=0.00, real=0.00 secs] 
2020-10-28T08:28:18.806+0000: [GC (Allocation Failure) 2020-10-28T08:28:18.806+0000: [ParNew: 16388K->4K(18432K), 0.0023720 secs] 680710K->664326K(896640K), 0.0024141 secs] [Times: user=0.01 sys=0.00, real=0.01 secs] 
2020-10-28T08:28:18.826+0000: [GC (Allocation Failure) 2020-10-28T08:28:18.826+0000: [ParNew: 16388K->4K(18432K), 0.0024233 secs] 680710K->664326K(896640K), 0.0024687 secs] [Times: user=0.00 sys=0.00, real=0.01 secs] 
2020-10-28T08:28:18.845+0000: [GC (Allocation Failure) 2020-10-28T08:28:18.845+0000: [ParNew: 16388K->4K(18432K), 0.0022818 secs] 680710K->664326K(896640K), 0.0023260 secs] [Times: user=0.01 sys=0.00, real=0.00 secs] 
2020-10-28T08:28:18.864+0000: [GC (Allocation Failure) 2020-10-28T08:28:18.864+0000: [ParNew: 16388K->4K(18432K), 0.0022697 secs] 680710K->664326K(896640K), 0.0023145 secs] [Times: user=0.01 sys=0.00, real=0.00 secs] 
2020-10-28T08:28:18.882+0000: [GC (Allocation Failure) 2020-10-28T08:28:18.882+0000: [ParNew: 16388K->4K(18432K), 0.0023692 secs] 680710K->664326K(896640K), 0.0024135 secs] [Times: user=0.00 sys=0.00, real=0.00 secs] 
2020-10-28T08:28:18.903+0000: [GC (Allocation Failure) 2020-10-28T08:28:18.903+0000: [ParNew: 16388K->4K(18432K), 0.0023251 secs] 680710K->664326K(896640K), 0.0023668 secs] [Times: user=0.00 sys=0.00, real=0.00 secs] 
2020-10-28T08:28:18.922+0000: [GC (Allocation Failure) 2020-10-28T08:28:18.922+0000: [ParNew: 16388K->4K(18432K), 0.0024973 secs] 680710K->664326K(896640K), 0.0025459 secs] [Times: user=0.00 sys=0.00, real=0.00 secs] 
2020-10-28T08:28:18.941+0000: [GC (Allocation Failure) 2020-10-28T08:28:18.941+0000: [ParNew: 16388K->4K(18432K), 0.0023621 secs] 680710K->664326K(896640K), 0.0024058 secs] [Times: user=0.01 sys=0.00, real=0.00 secs] 
2020-10-28T08:28:18.960+0000: [GC (Allocation Failure) 2020-10-28T08:28:18.960+0000: [ParNew: 16388K->4K(18432K), 0.0023609 secs] 680710K->664326K(896640K), 0.0024057 secs] [Times: user=0.00 sys=0.00, real=0.00 secs] 
2020-10-28T08:28:18.978+0000: [GC (Allocation Failure) 2020-10-28T08:28:18.978+0000: [ParNew: 16388K->4K(18432K), 0.0023920 secs] 680710K->664326K(896640K), 0.0024365 secs] [Times: user=0.01 sys=0.00, real=0.01 secs] 
2020-10-28T08:28:19.000+0000: [GC (Allocation Failure) 2020-10-28T08:28:19.000+0000: [ParNew: 16388K->4K(18432K), 0.0023462 secs] 680710K->664326K(896640K), 0.0023913 secs] [Times: user=0.00 sys=0.00, real=0.00 secs] 
2020-10-28T08:28:19.018+0000: [GC (Allocation Failure) 2020-10-28T08:28:19.018+0000: [ParNew: 16388K->4K(18432K), 0.0023264 secs] 680710K->664326K(896640K), 0.0023692 secs] [Times: user=0.01 sys=0.00, real=0.01 secs] 
2020-10-28T08:28:19.036+0000: [GC (Allocation Failure) 2020-10-28T08:28:19.036+0000: [ParNew: 16388K->4K(18432K), 0.0023141 secs] 680710K->664326K(896640K), 0.0023747 secs] [Times: user=0.00 sys=0.00, real=0.00 secs] 
2020-10-28T08:28:19.054+0000: [GC (Allocation Failure) 2020-10-28T08:28:19.054+0000: [ParNew: 16388K->4K(18432K), 0.0023133 secs] 680710K->664326K(896640K), 0.0023559 secs] [Times: user=0.01 sys=0.00, real=0.00 secs] 
2020-10-28T08:28:19.076+0000: [GC (Allocation Failure) 2020-10-28T08:28:19.076+0000: [ParNew: 16388K->4K(18432K), 0.0023138 secs] 680710K->664326K(896640K), 0.0023583 secs] [Times: user=0.00 sys=0.00, real=0.00 secs] 
2020-10-28T08:28:19.094+0000: [GC (Allocation Failure) 2020-10-28T08:28:19.094+0000: [ParNew: 16388K->4K(18432K), 0.0023908 secs] 680710K->664326K(896640K), 0.0024359 secs] [Times: user=0.01 sys=0.00, real=0.00 secs] 
2020-10-28T08:28:19.112+0000: [GC (Allocation Failure) 2020-10-28T08:28:19.112+0000: [ParNew: 16388K->4K(18432K), 0.0023366 secs] 680710K->664326K(896640K), 0.0023815 secs] [Times: user=0.00 sys=0.00, real=0.00 secs] 
2020-10-28T08:28:19.132+0000: [GC (Allocation Failure) 2020-10-28T08:28:19.132+0000: [ParNew: 16388K->4K(18432K), 0.0022925 secs] 680710K->664326K(896640K), 0.0023355 secs] [Times: user=0.01 sys=0.00, real=0.00 secs] 
2020-10-28T08:28:19.150+0000: [GC (Allocation Failure) 2020-10-28T08:28:19.150+0000: [ParNew: 16388K->4K(18432K), 0.0023447 secs] 680710K->664326K(896640K), 0.0023876 secs] [Times: user=0.00 sys=0.00, real=0.00 secs] 
2020-10-28T08:28:19.181+0000: [GC (Allocation Failure) 2020-10-28T08:28:19.181+0000: [ParNew: 16388K->2K(18432K), 0.0058970 secs] 680710K->664324K(896640K), 0.0059515 secs] [Times: user=0.01 sys=0.00, real=0.00 secs] 
2020-10-28T08:28:19.207+0000: [GC (Allocation Failure) 2020-10-28T08:28:19.207+0000: [ParNew: 16386K->4K(18432K), 0.0025833 secs] 680708K->664326K(896640K), 0.0026425 secs] [Times: user=0.01 sys=0.00, real=0.01 secs] 
2020-10-28T08:28:19.237+0000: [GC (Allocation Failure) 2020-10-28T08:28:19.237+0000: [ParNew: 16388K->4K(18432K), 0.0025631 secs] 680710K->664326K(896640K), 0.0026111 secs] [Times: user=0.01 sys=0.00, real=0.00 secs] 
2020-10-28T08:28:19.255+0000: [GC (Allocation Failure) 2020-10-28T08:28:19.255+0000: [ParNew: 16388K->4K(18432K), 0.0024233 secs] 680710K->664326K(896640K), 0.0024692 secs] [Times: user=0.00 sys=0.00, real=0.00 secs] 
2020-10-28T08:28:19.276+0000: [GC (Allocation Failure) 2020-10-28T08:28:19.276+0000: [ParNew: 16388K->4K(18432K), 0.0042537 secs] 680710K->664326K(896640K), 0.0043276 secs] [Times: user=0.00 sys=0.00, real=0.01 secs] 
2020-10-28T08:28:19.300+0000: [GC (Allocation Failure) 2020-10-28T08:28:19.300+0000: [ParNew: 16388K->4K(18432K), 0.0032661 secs] 680710K->664326K(896640K), 0.0033106 secs] [Times: user=0.00 sys=0.00, real=0.00 secs] 
2020-10-28T08:28:19.324+0000: [GC (Allocation Failure) 2020-10-28T08:28:19.324+0000: [ParNew: 16388K->4K(18432K), 0.0026251 secs] 680710K->664326K(896640K), 0.0026693 secs] [Times: user=0.00 sys=0.00, real=0.00 secs] 
2020-10-28T08:28:19.344+0000: [GC (Allocation Failure) 2020-10-28T08:28:19.344+0000: [ParNew: 16388K->4K(18432K), 0.0027286 secs] 680710K->664326K(896640K), 0.0027776 secs] [Times: user=0.01 sys=0.00, real=0.00 secs] 
2020-10-28T08:28:19.368+0000: [GC (Allocation Failure) 2020-10-28T08:28:19.368+0000: [ParNew: 16388K->4K(18432K), 0.0027668 secs] 680710K->664326K(896640K), 0.0028169 secs] [Times: user=0.01 sys=0.00, real=0.00 secs] 
2020-10-28T08:28:19.388+0000: [GC (Allocation Failure) 2020-10-28T08:28:19.388+0000: [ParNew: 16388K->4K(18432K), 0.0024829 secs] 680710K->664326K(896640K), 0.0025283 secs] [Times: user=0.01 sys=0.00, real=0.00 secs] 
2020-10-28T08:28:19.409+0000: [GC (Allocation Failure) 2020-10-28T08:28:19.409+0000: [ParNew: 16388K->4K(18432K), 0.0026730 secs] 680710K->664326K(896640K), 0.0027244 secs] [Times: user=0.00 sys=0.00, real=0.00 secs] 
2020-10-28T08:28:19.429+0000: [GC (Allocation Failure) 2020-10-28T08:28:19.429+0000: [ParNew: 16388K->4K(18432K), 0.0025680 secs] 680710K->664326K(896640K), 0.0026135 secs] [Times: user=0.00 sys=0.00, real=0.00 secs] 
2020-10-28T08:28:19.449+0000: [GC (Allocation Failure) 2020-10-28T08:28:19.449+0000: [ParNew: 16388K->4K(18432K), 0.0025659 secs] 680710K->664326K(896640K), 0.0026171 secs] [Times: user=0.01 sys=0.00, real=0.00 secs] 
2020-10-28T08:28:19.468+0000: [GC (Allocation Failure) 2020-10-28T08:28:19.468+0000: [ParNew: 16388K->4K(18432K), 0.0023398 secs] 680710K->664326K(896640K), 0.0023848 secs] [Times: user=0.01 sys=0.00, real=0.00 secs] 
2020-10-28T08:28:19.486+0000: [GC (Allocation Failure) 2020-10-28T08:28:19.486+0000: [ParNew: 16388K->4K(18432K), 0.0024201 secs] 680710K->664326K(896640K), 0.0024652 secs] [Times: user=0.00 sys=0.00, real=0.01 secs] 
2020-10-28T08:28:19.506+0000: [GC (Allocation Failure) 2020-10-28T08:28:19.506+0000: [ParNew: 16388K->4K(18432K), 0.0027876 secs] 680710K->664326K(896640K), 0.0028330 secs] [Times: user=0.01 sys=0.00, real=0.01 secs] 
2020-10-28T08:28:19.524+0000: [GC (Allocation Failure) 2020-10-28T08:28:19.524+0000: [ParNew: 16388K->4K(18432K), 0.0023781 secs] 680710K->664326K(896640K), 0.0024211 secs] [Times: user=0.00 sys=0.00, real=0.00 secs] 
2020-10-28T08:28:19.543+0000: [GC (Allocation Failure) 2020-10-28T08:28:19.543+0000: [ParNew: 16388K->4K(18432K), 0.0024709 secs] 680710K->664326K(896640K), 0.0025165 secs] [Times: user=0.00 sys=0.00, real=0.00 secs] 
2020-10-28T08:28:19.562+0000: [GC (Allocation Failure) 2020-10-28T08:28:19.562+0000: [ParNew: 16388K->4K(18432K), 0.0024629 secs] 680710K->664326K(896640K), 0.0025071 secs] [Times: user=0.01 sys=0.00, real=0.00 secs] 
2020-10-28T08:28:19.584+0000: [GC (Allocation Failure) 2020-10-28T08:28:19.584+0000: [ParNew: 16388K->4K(18432K), 0.0023804 secs] 680710K->664326K(896640K), 0.0024235 secs] [Times: user=0.01 sys=0.00, real=0.00 secs] 
2020-10-28T08:28:19.602+0000: [GC (Allocation Failure) 2020-10-28T08:28:19.602+0000: [ParNew: 16388K->4K(18432K), 0.0023672 secs] 680710K->664326K(896640K), 0.0024110 secs] [Times: user=0.01 sys=0.00, real=0.00 secs] 
2020-10-28T08:28:19.623+0000: [GC (Allocation Failure) 2020-10-28T08:28:19.623+0000: [ParNew: 16388K->4K(18432K), 0.0023897 secs] 680710K->664326K(896640K), 0.0024322 secs] [Times: user=0.00 sys=0.00, real=0.00 secs] 
2020-10-28T08:28:19.642+0000: [GC (Allocation Failure) 2020-10-28T08:28:19.642+0000: [ParNew: 16388K->4K(18432K), 0.0024964 secs] 680710K->664326K(896640K), 0.0025416 secs] [Times: user=0.01 sys=0.00, real=0.00 secs] 
2020-10-28T08:28:19.662+0000: [GC (Allocation Failure) 2020-10-28T08:28:19.662+0000: [ParNew: 16388K->4K(18432K), 0.0025949 secs] 680710K->664326K(896640K), 0.0026454 secs] [Times: user=0.00 sys=0.00, real=0.00 secs] 
2020-10-28T08:28:19.682+0000: [GC (Allocation Failure) 2020-10-28T08:28:19.682+0000: [ParNew: 16388K->4K(18432K), 0.0024708 secs] 680710K->664326K(896640K), 0.0025158 secs] [Times: user=0.00 sys=0.00, real=0.00 secs] 
2020-10-28T08:28:19.704+0000: [GC (Allocation Failure) 2020-10-28T08:28:19.704+0000: [ParNew: 16388K->4K(18432K), 0.0024563 secs] 680710K->664326K(896640K), 0.0025023 secs] [Times: user=0.00 sys=0.00, real=0.00 secs] 
2020-10-28T08:28:19.722+0000: [GC (Allocation Failure) 2020-10-28T08:28:19.723+0000: [ParNew: 16388K->4K(18432K), 0.0024457 secs] 680710K->664326K(896640K), 0.0024898 secs] [Times: user=0.00 sys=0.00, real=0.00 secs] 
2020-10-28T08:28:19.741+0000: [GC (Allocation Failure) 2020-10-28T08:28:19.741+0000: [ParNew: 16388K->4K(18432K), 0.0023416 secs] 680710K->664326K(896640K), 0.0023851 secs] [Times: user=0.00 sys=0.00, real=0.00 secs] 
2020-10-28T08:28:19.760+0000: [GC (Allocation Failure) 2020-10-28T08:28:19.760+0000: [ParNew: 16388K->4K(18432K), 0.0024180 secs] 680710K->664326K(896640K), 0.0024600 secs] [Times: user=0.01 sys=0.00, real=0.00 secs] 
2020-10-28T08:28:19.779+0000: [GC (Allocation Failure) 2020-10-28T08:28:19.779+0000: [ParNew: 16388K->4K(18432K), 0.0025024 secs] 680710K->664326K(896640K), 0.0025571 secs] [Times: user=0.01 sys=0.00, real=0.01 secs] 
2020-10-28T08:28:19.800+0000: [GC (Allocation Failure) 2020-10-28T08:28:19.800+0000: [ParNew: 16388K->4K(18432K), 0.0023757 secs] 680710K->664326K(896640K), 0.0024254 secs] [Times: user=0.01 sys=0.00, real=0.00 secs] 
2020-10-28T08:28:19.818+0000: [GC (Allocation Failure) 2020-10-28T08:28:19.818+0000: [ParNew: 16388K->4K(18432K), 0.0023412 secs] 680710K->664326K(896640K), 0.0023899 secs] [Times: user=0.00 sys=0.00, real=0.01 secs] 
2020-10-28T08:28:19.840+0000: [GC (Allocation Failure) 2020-10-28T08:28:19.840+0000: [ParNew: 16388K->4K(18432K), 0.0023524 secs] 680710K->664326K(896640K), 0.0023960 secs] [Times: user=0.00 sys=0.00, real=0.00 secs] 
2020-10-28T08:28:19.860+0000: [GC (Allocation Failure) 2020-10-28T08:28:19.860+0000: [ParNew: 16388K->4K(18432K), 0.0023472 secs] 680710K->664326K(896640K), 0.0023917 secs] [Times: user=0.00 sys=0.00, real=0.00 secs] 
2020-10-28T08:28:19.880+0000: [GC (Allocation Failure) 2020-10-28T08:28:19.880+0000: [ParNew: 16388K->4K(18432K), 0.0023662 secs] 680710K->664326K(896640K), 0.0024114 secs] [Times: user=0.01 sys=0.00, real=0.00 secs] 
2020-10-28T08:28:19.901+0000: [GC (Allocation Failure) 2020-10-28T08:28:19.901+0000: [ParNew: 16388K->4K(18432K), 0.0046348 secs] 680710K->664326K(896640K), 0.0046807 secs] [Times: user=0.00 sys=0.00, real=0.00 secs] 
2020-10-28T08:28:19.924+0000: [GC (Allocation Failure) 2020-10-28T08:28:19.924+0000: [ParNew: 16388K->4K(18432K), 0.0025115 secs] 680710K->664326K(896640K), 0.0025582 secs] [Times: user=0.00 sys=0.00, real=0.00 secs] 
2020-10-28T08:28:19.943+0000: [GC (Allocation Failure) 2020-10-28T08:28:19.943+0000: [ParNew: 16388K->4K(18432K), 0.0025292 secs] 680710K->664326K(896640K), 0.0025760 secs] [Times: user=0.00 sys=0.00, real=0.00 secs] 
2020-10-28T08:28:19.961+0000: [GC (Allocation Failure) 2020-10-28T08:28:19.961+0000: [ParNew: 16388K->4K(18432K), 0.0024001 secs] 680710K->664327K(896640K), 0.0024444 secs] [Times: user=0.00 sys=0.00, real=0.00 secs] 
2020-10-28T08:28:19.983+0000: [GC (Allocation Failure) 2020-10-28T08:28:19.983+0000: [ParNew: 16388K->4K(18432K), 0.0023746 secs] 680711K->664327K(896640K), 0.0024203 secs] [Times: user=0.01 sys=0.00, real=0.00 secs] 
2020-10-28T08:28:20.004+0000: [GC (Allocation Failure) 2020-10-28T08:28:20.004+0000: [ParNew: 16388K->4K(18432K), 0.0023840 secs] 680711K->664327K(896640K), 0.0024304 secs] [Times: user=0.01 sys=0.00, real=0.00 secs] 
2020-10-28T08:28:20.022+0000: [GC (Allocation Failure) 2020-10-28T08:28:20.022+0000: [ParNew: 16388K->4K(18432K), 0.0023355 secs] 680711K->664327K(896640K), 0.0023812 secs] [Times: user=0.01 sys=0.00, real=0.00 secs] 
2020-10-28T08:28:20.041+0000: [GC (Allocation Failure) 2020-10-28T08:28:20.041+0000: [ParNew: 16388K->4K(18432K), 0.0023128 secs] 680711K->664327K(896640K), 0.0023563 secs] [Times: user=0.01 sys=0.00, real=0.00 secs] 
2020-10-28T08:28:20.060+0000: [GC (Allocation Failure) 2020-10-28T08:28:20.060+0000: [ParNew: 16388K->4K(18432K), 0.0022780 secs] 680711K->664327K(896640K), 0.0023196 secs] [Times: user=0.00 sys=0.00, real=0.00 secs] 
2020-10-28T08:28:20.080+0000: [GC (Allocation Failure) 2020-10-28T08:28:20.080+0000: [ParNew: 16388K->4K(18432K), 0.0024673 secs] 680711K->664327K(896640K), 0.0025165 secs] [Times: user=0.01 sys=0.00, real=0.00 secs] 
2020-10-28T08:28:20.098+0000: [GC (Allocation Failure) 2020-10-28T08:28:20.098+0000: [ParNew: 16388K->4K(18432K), 0.0024415 secs] 680711K->664327K(896640K), 0.0024885 secs] [Times: user=0.01 sys=0.00, real=0.01 secs] 
2020-10-28T08:28:20.120+0000: [GC (Allocation Failure) 2020-10-28T08:28:20.120+0000: [ParNew: 16388K->4K(18432K), 0.0023483 secs] 680711K->664327K(896640K), 0.0023923 secs] [Times: user=0.01 sys=0.00, real=0.00 secs] 
2020-10-28T08:28:20.140+0000: [GC (Allocation Failure) 2020-10-28T08:28:20.140+0000: [ParNew: 16388K->4K(18432K), 0.0023703 secs] 680711K->664327K(896640K), 0.0024165 secs] [Times: user=0.01 sys=0.00, real=0.00 secs] 
2020-10-28T08:28:20.158+0000: [GC (Allocation Failure) 2020-10-28T08:28:20.158+0000: [ParNew: 16388K->4K(18432K), 0.0023419 secs] 680711K->664327K(896640K), 0.0023862 secs] [Times: user=0.01 sys=0.00, real=0.01 secs] 
2020-10-28T08:28:20.180+0000: [GC (Allocation Failure) 2020-10-28T08:28:20.180+0000: [ParNew: 16388K->4K(18432K), 0.0026067 secs] 680711K->664327K(896640K), 0.0026568 secs] [Times: user=0.01 sys=0.00, real=0.00 secs] 
2020-10-28T08:28:20.198+0000: [GC (Allocation Failure) 2020-10-28T08:28:20.198+0000: [ParNew: 16388K->4K(18432K), 0.0024151 secs] 680711K->664327K(896640K), 0.0024605 secs] [Times: user=0.01 sys=0.00, real=0.01 secs] 
2020-10-28T08:28:20.216+0000: [GC (Allocation Failure) 2020-10-28T08:28:20.216+0000: [ParNew: 16388K->4K(18432K), 0.0023958 secs] 680711K->664327K(896640K), 0.0024398 secs] [Times: user=0.01 sys=0.00, real=0.00 secs] 
2020-10-28T08:28:20.236+0000: [GC (Allocation Failure) 2020-10-28T08:28:20.236+0000: [ParNew: 16388K->4K(18432K), 0.0023746 secs] 680711K->664327K(896640K), 0.0024200 secs] [Times: user=0.00 sys=0.00, real=0.00 secs] 
2020-10-28T08:28:20.254+0000: [GC (Allocation Failure) 2020-10-28T08:28:20.254+0000: [ParNew: 16388K->4K(18432K), 0.0023440 secs] 680711K->664327K(896640K), 0.0023882 secs] [Times: user=0.01 sys=0.00, real=0.00 secs] 
2020-10-28T08:28:20.272+0000: [GC (Allocation Failure) 2020-10-28T08:28:20.272+0000: [ParNew: 16388K->4K(18432K), 0.0023154 secs] 680711K->664327K(896640K), 0.0023641 secs] [Times: user=0.00 sys=0.00, real=0.00 secs] 
2020-10-28T08:28:20.290+0000: [GC (Allocation Failure) 2020-10-28T08:28:20.291+0000: [ParNew: 16388K->4K(18432K), 0.0023465 secs] 680711K->664327K(896640K), 0.0023880 secs] [Times: user=0.00 sys=0.00, real=0.00 secs] 
2020-10-28T08:28:20.309+0000: [GC (Allocation Failure) 2020-10-28T08:28:20.309+0000: [ParNew: 16388K->4K(18432K), 0.0023187 secs] 680711K->664327K(896640K), 0.0023614 secs] [Times: user=0.01 sys=0.00, real=0.00 secs] 
2020-10-28T08:28:20.327+0000: [GC (Allocation Failure) 2020-10-28T08:28:20.327+0000: [ParNew: 16388K->4K(18432K), 0.0023590 secs] 680711K->664327K(896640K), 0.0024029 secs] [Times: user=0.00 sys=0.00, real=0.01 secs] 
2020-10-28T08:28:20.345+0000: [GC (Allocation Failure) 2020-10-28T08:28:20.345+0000: [ParNew: 16388K->4K(18432K), 0.0023705 secs] 680711K->664327K(896640K), 0.0024152 secs] [Times: user=0.01 sys=0.00, real=0.00 secs] 
2020-10-28T08:28:20.363+0000: [GC (Allocation Failure) 2020-10-28T08:28:20.363+0000: [ParNew: 16388K->4K(18432K), 0.0026021 secs] 680711K->664327K(896640K), 0.0026526 secs] [Times: user=0.00 sys=0.00, real=0.00 secs] 
2020-10-28T08:28:20.384+0000: [GC (Allocation Failure) 2020-10-28T08:28:20.384+0000: [ParNew: 16388K->4K(18432K), 0.0024786 secs] 680711K->664327K(896640K), 0.0025252 secs] [Times: user=0.01 sys=0.00, real=0.00 secs] 
2020-10-28T08:28:20.404+0000: [GC (Allocation Failure) 2020-10-28T08:28:20.404+0000: [ParNew: 16388K->4K(18432K), 0.0024606 secs] 680711K->664327K(896640K), 0.0025077 secs] [Times: user=0.00 sys=0.00, real=0.00 secs] 
2020-10-28T08:28:20.424+0000: [GC (Allocation Failure) 2020-10-28T08:28:20.424+0000: [ParNew: 16388K->4K(18432K), 0.0024469 secs] 680711K->664327K(896640K), 0.0024928 secs] [Times: user=0.00 sys=0.00, real=0.00 secs] 
2020-10-28T08:28:20.442+0000: [GC (Allocation Failure) 2020-10-28T08:28:20.442+0000: [ParNew: 16388K->4K(18432K), 0.0025231 secs] 680711K->664327K(896640K), 0.0025734 secs] [Times: user=0.01 sys=0.00, real=0.00 secs] 
2020-10-28T08:28:20.460+0000: [GC (Allocation Failure) 2020-10-28T08:28:20.460+0000: [ParNew: 16388K->4K(18432K), 0.0026891 secs] 680711K->664327K(896640K), 0.0027395 secs] [Times: user=0.00 sys=0.00, real=0.00 secs] 
2020-10-28T08:28:20.479+0000: [GC (Allocation Failure) 2020-10-28T08:28:20.479+0000: [ParNew: 16388K->4K(18432K), 0.0027193 secs] 680711K->664327K(896640K), 0.0027698 secs] [Times: user=0.01 sys=0.00, real=0.01 secs] 
2020-10-28T08:28:20.500+0000: [GC (Allocation Failure) 2020-10-28T08:28:20.500+0000: [ParNew: 16388K->4K(18432K), 0.0026322 secs] 680711K->664327K(896640K), 0.0026906 secs] [Times: user=0.01 sys=0.00, real=0.00 secs] 
2020-10-28T08:28:20.523+0000: [GC (Allocation Failure) 2020-10-28T08:28:20.523+0000: [ParNew: 16388K->4K(18432K), 0.0026613 secs] 680711K->664327K(896640K), 0.0027119 secs] [Times: user=0.01 sys=0.00, real=0.00 secs] 
2020-10-28T08:28:20.541+0000: [GC (Allocation Failure) 2020-10-28T08:28:20.541+0000: [ParNew: 16388K->4K(18432K), 0.0027054 secs] 680711K->664327K(896640K), 0.0027578 secs] [Times: user=0.01 sys=0.00, real=0.00 secs] 
2020-10-28T08:28:20.560+0000: [GC (Allocation Failure) 2020-10-28T08:28:20.560+0000: [ParNew: 16388K->4K(18432K), 0.0026654 secs] 680711K->664327K(896640K), 0.0027166 secs] [Times: user=0.01 sys=0.00, real=0.00 secs] 
2020-10-28T08:28:20.579+0000: [GC (Allocation Failure) 2020-10-28T08:28:20.579+0000: [ParNew: 16388K->4K(18432K), 0.0026904 secs] 680711K->664327K(896640K), 0.0027422 secs] [Times: user=0.01 sys=0.00, real=0.01 secs] 
2020-10-28T08:28:20.600+0000: [GC (Allocation Failure) 2020-10-28T08:28:20.600+0000: [ParNew: 16388K->4K(18432K), 0.0026733 secs] 680711K->664327K(896640K), 0.0027250 secs] [Times: user=0.01 sys=0.00, real=0.00 secs] 
2020-10-28T08:28:20.620+0000: [GC (Allocation Failure) 2020-10-28T08:28:20.620+0000: [ParNew: 16388K->4K(18432K), 0.0027979 secs] 680711K->664327K(896640K), 0.0028549 secs] [Times: user=0.00 sys=0.00, real=0.00 secs] 
2020-10-28T08:28:20.639+0000: [GC (Allocation Failure) 2020-10-28T08:28:20.639+0000: [ParNew: 16388K->4K(18432K), 0.0026425 secs] 680711K->664327K(896640K), 0.0026910 secs] [Times: user=0.01 sys=0.00, real=0.01 secs] 
2020-10-28T08:28:20.658+0000: [GC (Allocation Failure) 2020-10-28T08:28:20.658+0000: [ParNew: 16388K->4K(18432K), 0.0027085 secs] 680711K->664327K(896640K), 0.0027583 secs] [Times: user=0.00 sys=0.00, real=0.01 secs] 
2020-10-28T08:28:20.680+0000: [GC (Allocation Failure) 2020-10-28T08:28:20.680+0000: [ParNew: 16388K->4K(18432K), 0.0025107 secs] 680711K->664327K(896640K), 0.0025598 secs] [Times: user=0.00 sys=0.00, real=0.00 secs] 
2020-10-28T08:28:20.700+0000: [GC (Allocation Failure) 2020-10-28T08:28:20.700+0000: [ParNew: 16388K->4K(18432K), 0.0024915 secs] 680711K->664327K(896640K), 0.0025389 secs] [Times: user=0.01 sys=0.00, real=0.00 secs] 
2020-10-28T08:28:20.720+0000: [GC (Allocation Failure) 2020-10-28T08:28:20.720+0000: [ParNew: 16388K->4K(18432K), 0.0024297 secs] 680711K->664327K(896640K), 0.0024747 secs] [Times: user=0.00 sys=0.00, real=0.00 secs] 
 CMS: abort preclean due to time 2020-10-28T08:28:20.724+0000: [CMS-concurrent-abortable-preclean: 0.455/5.006 secs] [Times: user=8.87 sys=0.38, real=5.01 secs] 
2020-10-28T08:28:20.725+0000: [GC (CMS Final Remark) [YG occupancy: 1641 K (18432 K)]2020-10-28T08:28:20.725+0000: [Rescan (parallel) , 0.0025058 secs]2020-10-28T08:28:20.727+0000: [weak refs processing, 0.0000289 secs]2020-10-28T08:28:20.727+0000: [class unloading, 0.0083975 secs]2020-10-28T08:28:20.736+0000: [scrub symbol table, 0.0088425 secs]2020-10-28T08:28:20.744+0000: [scrub string table, 0.0005681 secs][1 CMS-remark: 664323K(878208K)] 665965K(896640K), 0.0204470 secs] [Times: user=0.03 sys=0.00, real=0.02 secs] 
2020-10-28T08:28:20.745+0000: [CMS-concurrent-sweep-start]
2020-10-28T08:28:20.758+0000: [CMS-concurrent-sweep: 0.013/0.013 secs] [Times: user=0.02 sys=0.00, real=0.01 secs] 
2020-10-28T08:28:20.758+0000: [CMS-concurrent-reset-start]
2020-10-28T08:28:20.759+0000: [CMS-concurrent-reset: 0.002/0.002 secs] [Times: user=0.00 sys=0.00, real=0.00 secs] 
2020-10-28T08:28:20.766+0000: [GC (Allocation Failure) 2020-10-28T08:28:20.766+0000: [ParNew: 16388K->4K(18432K), 0.0028008 secs] 678370K->661986K(896640K), 0.0028391 secs] [Times: user=0.00 sys=0.00, real=0.01 secs] 
2020-10-28T08:28:20.772+0000: [GC (CMS Initial Mark) [1 CMS-initial-mark: 661982K(878208K)] 662312K(896640K), 0.0011570 secs] [Times: user=0.00 sys=0.01, real=0.00 secs] 
2020-10-28T08:28:20.773+0000: [CMS-concurrent-mark-start]
2020-10-28T08:28:20.800+0000: [GC (Allocation Failure) 2020-10-28T08:28:20.800+0000: [ParNew: 16388K->4K(18432K), 0.0026008 secs] 678370K->661986K(896640K), 0.0026596 secs] [Times: user=0.00 sys=0.00, real=0.00 secs] 
2020-10-28T08:28:20.823+0000: [GC (Allocation Failure) 2020-10-28T08:28:20.823+0000: [ParNew: 16388K->4K(18432K), 0.0027727 secs] 678370K->661986K(896640K), 0.0028250 secs] [Times: user=0.01 sys=0.00, real=0.00 secs] 
2020-10-28T08:28:20.838+0000: [CMS-concurrent-mark: 0.059/0.065 secs] [Times: user=0.13 sys=0.00, real=0.06 secs] 
2020-10-28T08:28:20.838+0000: [CMS-concurrent-preclean-start]
2020-10-28T08:28:20.848+0000: [CMS-concurrent-preclean: 0.010/0.010 secs] [Times: user=0.02 sys=0.00, real=0.02 secs] 
2020-10-28T08:28:20.848+0000: [GC (Allocation Failure) 2020-10-28T08:28:20.848+0000: [ParNew: 16388K->4K(18432K), 0.0038171 secs] 678370K->661986K(896640K), 0.0038719 secs] [Times: user=0.00 sys=0.00, real=0.00 secs] 
2020-10-28T08:28:20.858+0000: [GC (CMS Final Remark) [YG occupancy: 202 K (18432 K)]2020-10-28T08:28:20.858+0000: [Rescan (parallel) , 0.0017373 secs]2020-10-28T08:28:20.860+0000: [weak refs processing, 0.0000461 secs]2020-10-28T08:28:20.860+0000: [class unloading, 0.0098307 secs]2020-10-28T08:28:20.870+0000: [scrub symbol table, 0.0087809 secs]2020-10-28T08:28:20.879+0000: [scrub string table, 0.0005664 secs][1 CMS-remark: 661982K(878208K)] 662184K(896640K), 0.0210818 secs] [Times: user=0.02 sys=0.00, real=0.02 secs] 
2020-10-28T08:28:20.879+0000: [CMS-concurrent-sweep-start]
2020-10-28T08:28:20.904+0000: [GC (Allocation Failure) 2020-10-28T08:28:20.904+0000: [ParNew: 16388K->4K(18432K), 0.0027521 secs] 678367K->661983K(896640K), 0.0028051 secs] [Times: user=0.00 sys=0.00, real=0.00 secs] 
2020-10-28T08:28:20.908+0000: [CMS-concurrent-sweep: 0.021/0.028 secs] [Times: user=0.05 sys=0.00, real=0.04 secs] 
2020-10-28T08:28:20.912+0000: [CMS-concurrent-reset-start]
2020-10-28T08:28:20.913+0000: [CMS-concurrent-reset: 0.002/0.002 secs] [Times: user=0.00 sys=0.00, real=0.00 secs] 
2020-10-28T08:28:20.923+0000: [GC (Allocation Failure) 2020-10-28T08:28:20.923+0000: [ParNew: 16388K->4K(18432K), 0.0029390 secs] 376286K->359902K(896640K), 0.0029806 secs] [Times: user=0.01 sys=0.00, real=0.00 secs] 
2020-10-28T08:28:20.944+0000: [GC (Allocation Failure) 2020-10-28T08:28:20.944+0000: [ParNew: 16388K->4K(18432K), 0.0028498 secs] 376286K->359902K(896640K), 0.0029003 secs] [Times: user=0.00 sys=0.00, real=0.00 secs] 
2020-10-28T08:28:20.962+0000: [GC (Allocation Failure) 2020-10-28T08:28:20.962+0000: [ParNew: 16388K->4K(18432K), 0.0027198 secs] 376286K->359902K(896640K), 0.0027664 secs] [Times: user=0.00 sys=0.00, real=0.00 secs] 
2020-10-28T08:28:20.983+0000: [GC (Allocation Failure) 2020-10-28T08:28:20.983+0000: [ParNew: 16388K->4K(18432K), 0.0027684 secs] 376286K->359902K(896640K), 0.0028197 secs] [Times: user=0.01 sys=0.00, real=0.00 secs] 
2020-10-28T08:28:21.001+0000: [GC (Allocation Failure) 2020-10-28T08:28:21.001+0000: [ParNew: 16388K->4K(18432K), 0.0026465 secs] 376286K->359902K(896640K), 0.0027053 secs] [Times: user=0.01 sys=0.00, real=0.00 secs] 
2020-10-28T08:28:21.022+0000: [GC (Allocation Failure) 2020-10-28T08:28:21.022+0000: [ParNew: 16388K->4K(18432K), 0.0026181 secs] 376286K->359902K(896640K), 0.0026594 secs] [Times: user=0.00 sys=0.00, real=0.00 secs] 
2020-10-28T08:28:21.043+0000: [GC (Allocation Failure) 2020-10-28T08:28:21.043+0000: [ParNew: 16388K->1078K(18432K), 0.0032064 secs] 376286K->363025K(896640K), 0.0032511 secs] [Times: user=0.00 sys=0.00, real=0.00 secs] 
2020-10-28T08:28:21.076+0000: [GC (Allocation Failure) 2020-10-28T08:28:21.076+0000: [ParNew: 17462K->25K(18432K), 0.0031072 secs] 379409K->363033K(896640K), 0.0031577 secs] [Times: user=0.00 sys=0.00, real=0.00 secs] 
2020-10-28T08:28:21.107+0000: [GC (Allocation Failure) 2020-10-28T08:28:21.107+0000: [ParNew: 16409K->25K(18432K), 0.0028373 secs] 379417K->363032K(896640K), 0.0028873 secs] [Times: user=0.00 sys=0.00, real=0.01 secs] 
2020-10-28T08:28:21.138+0000: [GC (Allocation Failure) 2020-10-28T08:28:21.138+0000: [ParNew: 16409K->25K(18432K), 0.0028412 secs] 379416K->363032K(896640K), 0.0028896 secs] [Times: user=0.01 sys=0.00, real=0.01 secs] 
2020-10-28T08:28:21.172+0000: [GC (Allocation Failure) 2020-10-28T08:28:21.172+0000: [ParNew: 16409K->25K(18432K), 0.0028018 secs] 379416K->363032K(896640K), 0.0028603 secs] [Times: user=0.01 sys=0.00, real=0.00 secs] 
2020-10-28T08:28:21.204+0000: [GC (Allocation Failure) 2020-10-28T08:28:21.204+0000: [ParNew: 16409K->25K(18432K), 0.0031006 secs] 379416K->363032K(896640K), 0.0031506 secs] [Times: user=0.01 sys=0.00, real=0.00 secs] 
2020-10-28T08:28:21.496+0000: [GC (Allocation Failure) 2020-10-28T08:28:21.496+0000: [ParNew: 16409K->1106K(18432K), 0.0035438 secs] 379416K->366162K(896640K), 0.0035987 secs] [Times: user=0.01 sys=0.00, real=0.01 secs] 
2020-10-28T08:28:21.540+0000: [GC (Allocation Failure) 2020-10-28T08:28:21.540+0000: [ParNew: 17490K->2K(18432K), 0.0032120 secs] 382546K->366161K(896640K), 0.0032661 secs] [Times: user=0.00 sys=0.00, real=0.00 secs] 
2020-10-28T08:28:21.580+0000: [GC (Allocation Failure) 2020-10-28T08:28:21.580+0000: [ParNew: 16386K->2K(18432K), 0.0029349 secs] 382545K->366161K(896640K), 0.0029879 secs] [Times: user=0.00 sys=0.00, real=0.00 secs] 
2020-10-28T08:28:21.620+0000: [GC (Allocation Failure) 2020-10-28T08:28:21.620+0000: [ParNew: 16386K->2K(18432K), 0.0029537 secs] 382545K->366161K(896640K), 0.0030071 secs] [Times: user=0.01 sys=0.00, real=0.00 secs] 
2020-10-28T08:28:21.645+0000: [GC (Allocation Failure) 2020-10-28T08:28:21.645+0000: [ParNew: 16386K->4K(18432K), 0.0029220 secs] 382545K->366163K(896640K), 0.0029741 secs] [Times: user=0.01 sys=0.00, real=0.00 secs] 
2020-10-28T08:28:21.667+0000: [GC (Allocation Failure) 2020-10-28T08:28:21.667+0000: [ParNew: 16388K->4K(18432K), 0.0029408 secs] 382547K->366163K(896640K), 0.0029919 secs] [Times: user=0.00 sys=0.00, real=0.01 secs] 
2020-10-28T08:28:21.689+0000: [GC (Allocation Failure) 2020-10-28T08:28:21.689+0000: [ParNew: 16388K->4K(18432K), 0.0028390 secs] 382547K->366163K(896640K), 0.0028884 secs] [Times: user=0.00 sys=0.00, real=0.00 secs] 
2020-10-28T08:28:21.711+0000: [GC (Allocation Failure) 2020-10-28T08:28:21.711+0000: [ParNew: 16388K->4K(18432K), 0.0028929 secs] 382547K->366163K(896640K), 0.0029431 secs] [Times: user=0.01 sys=0.00, real=0.00 secs] 
2020-10-28T08:28:21.733+0000: [GC (Allocation Failure) 2020-10-28T08:28:21.733+0000: [ParNew: 16388K->4K(18432K), 0.0029052 secs] 382547K->366163K(896640K), 0.0029543 secs] [Times: user=0.00 sys=0.00, real=0.00 secs] 
2020-10-28T08:28:21.759+0000: [GC (Allocation Failure) 2020-10-28T08:28:21.759+0000: [ParNew: 16388K->4K(18432K), 0.0029012 secs] 382547K->366163K(896640K), 0.0029517 secs] [Times: user=0.00 sys=0.00, real=0.01 secs] 
2020-10-28T08:28:21.782+0000: [GC (Allocation Failure) 2020-10-28T08:28:21.782+0000: [ParNew: 16388K->4K(18432K), 0.0028807 secs] 382547K->366163K(896640K), 0.0029313 secs] [Times: user=0.00 sys=0.00, real=0.00 secs] 
2020-10-28T08:28:21.808+0000: [GC (Allocation Failure) 2020-10-28T08:28:21.808+0000: [ParNew: 16388K->4K(18432K), 0.0028733 secs] 382547K->366163K(896640K), 0.0029219 secs] [Times: user=0.00 sys=0.00, real=0.00 secs] 
2020-10-28T08:28:21.830+0000: [GC (Allocation Failure) 2020-10-28T08:28:21.830+0000: [ParNew: 16388K->4K(18432K), 0.0028736 secs] 382547K->366163K(896640K), 0.0029222 secs] [Times: user=0.01 sys=0.00, real=0.00 secs] 
2020-10-28T08:28:21.856+0000: [GC (Allocation Failure) 2020-10-28T08:28:21.856+0000: [ParNew: 16388K->4K(18432K), 0.0028607 secs] 382547K->366163K(896640K), 0.0029088 secs] [Times: user=0.00 sys=0.00, real=0.00 secs] 
2020-10-28T08:28:21.878+0000: [GC (Allocation Failure) 2020-10-28T08:28:21.878+0000: [ParNew: 16388K->4K(18432K), 0.0029066 secs] 382547K->366163K(896640K), 0.0029568 secs] [Times: user=0.01 sys=0.00, real=0.01 secs] 
2020-10-28T08:28:21.904+0000: [GC (Allocation Failure) 2020-10-28T08:28:21.904+0000: [ParNew: 16388K->4K(18432K), 0.0028682 secs] 382547K->366163K(896640K), 0.0029176 secs] [Times: user=0.00 sys=0.00, real=0.00 secs] 
2020-10-28T08:28:21.926+0000: [GC (Allocation Failure) 2020-10-28T08:28:21.926+0000: [ParNew: 16388K->4K(18432K), 0.0029005 secs] 382547K->366163K(896640K), 0.0029499 secs] [Times: user=0.01 sys=0.00, real=0.01 secs] 
2020-10-28T08:28:21.948+0000: [GC (Allocation Failure) 2020-10-28T08:28:21.948+0000: [ParNew: 16388K->4K(18432K), 0.0029055 secs] 382547K->366163K(896640K), 0.0029569 secs] [Times: user=0.01 sys=0.00, real=0.00 secs] 
2020-10-28T08:28:21.970+0000: [GC (Allocation Failure) 2020-10-28T08:28:21.970+0000: [ParNew: 16388K->4K(18432K), 0.0029247 secs] 382547K->366163K(896640K), 0.0029742 secs] [Times: user=0.00 sys=0.00, real=0.00 secs] 
2020-10-28T08:28:21.996+0000: [GC (Allocation Failure) 2020-10-28T08:28:21.996+0000: [ParNew: 16388K->4K(18432K), 0.0028749 secs] 382547K->366163K(896640K), 0.0029234 secs] [Times: user=0.01 sys=0.00, real=0.00 secs] 
2020-10-28T08:28:22.018+0000: [GC (Allocation Failure) 2020-10-28T08:28:22.018+0000: [ParNew: 16388K->4K(18432K), 0.0028871 secs] 382547K->366163K(896640K), 0.0029349 secs] [Times: user=0.01 sys=0.00, real=0.01 secs] 
2020-10-28T08:28:22.040+0000: [GC (Allocation Failure) 2020-10-28T08:28:22.040+0000: [ParNew: 16388K->4K(18432K), 0.0028569 secs] 382547K->366163K(896640K), 0.0029061 secs] [Times: user=0.00 sys=0.00, real=0.00 secs] 
2020-10-28T08:28:22.064+0000: [GC (Allocation Failure) 2020-10-28T08:28:22.064+0000: [ParNew: 16388K->4K(18432K), 0.0028622 secs] 382547K->366163K(896640K), 0.0029125 secs] [Times: user=0.01 sys=0.00, real=0.00 secs] 
2020-10-28T08:28:22.086+0000: [GC (Allocation Failure) 2020-10-28T08:28:22.086+0000: [ParNew: 16388K->4K(18432K), 0.0029030 secs] 382547K->366163K(896640K), 0.0029535 secs] [Times: user=0.01 sys=0.00, real=0.01 secs] 
2020-10-28T08:28:22.112+0000: [GC (Allocation Failure) 2020-10-28T08:28:22.112+0000: [ParNew: 16388K->4K(18432K), 0.0028845 secs] 382547K->366163K(896640K), 0.0029348 secs] [Times: user=0.00 sys=0.00, real=0.00 secs] 
2020-10-28T08:28:22.134+0000: [GC (Allocation Failure) 2020-10-28T08:28:22.134+0000: [ParNew: 16388K->4K(18432K), 0.0028857 secs] 382547K->366163K(896640K), 0.0029351 secs] [Times: user=0.01 sys=0.00, real=0.00 secs] 
2020-10-28T08:28:22.156+0000: [GC (Allocation Failure) 2020-10-28T08:28:22.156+0000: [ParNew: 16388K->4K(18432K), 0.0028704 secs] 382547K->366163K(896640K), 0.0029201 secs] [Times: user=0.01 sys=0.00, real=0.00 secs] 
2020-10-28T08:28:22.180+0000: [GC (Allocation Failure) 2020-10-28T08:28:22.180+0000: [ParNew: 16388K->4K(18432K), 0.0029192 secs] 382547K->366163K(896640K), 0.0029692 secs] [Times: user=0.01 sys=0.00, real=0.00 secs] 
2020-10-28T08:28:22.204+0000: [GC (Allocation Failure) 2020-10-28T08:28:22.204+0000: [ParNew: 16388K->4K(18432K), 0.0028614 secs] 382547K->366163K(896640K), 0.0029100 secs] [Times: user=0.01 sys=0.00, real=0.00 secs] 
2020-10-28T08:28:22.225+0000: [GC (Allocation Failure) 2020-10-28T08:28:22.225+0000: [ParNew: 16388K->4K(18432K), 0.0028983 secs] 382547K->366163K(896640K), 0.0029476 secs] [Times: user=0.01 sys=0.00, real=0.01 secs] 
2020-10-28T08:28:22.247+0000: [GC (Allocation Failure) 2020-10-28T08:28:22.247+0000: [ParNew: 16388K->4K(18432K), 0.0028434 secs] 382547K->366163K(896640K), 0.0028926 secs] [Times: user=0.00 sys=0.00, real=0.01 secs] 
2020-10-28T08:28:22.269+0000: [GC (Allocation Failure) 2020-10-28T08:28:22.269+0000: [ParNew: 16388K->4K(18432K), 0.0029079 secs] 382547K->366163K(896640K), 0.0029556 secs] [Times: user=0.00 sys=0.00, real=0.00 secs] 
2020-10-28T08:28:22.291+0000: [GC (Allocation Failure) 2020-10-28T08:28:22.291+0000: [ParNew: 16388K->4K(18432K), 0.0029048 secs] 382547K->366163K(896640K), 0.0029551 secs] [Times: user=0.01 sys=0.00, real=0.00 secs] 
2020-10-28T08:28:22.313+0000: [GC (Allocation Failure) 2020-10-28T08:28:22.313+0000: [ParNew: 16388K->4K(18432K), 0.0028844 secs] 382547K->366163K(896640K), 0.0029328 secs] [Times: user=0.01 sys=0.00, real=0.00 secs] 
2020-10-28T08:28:22.336+0000: [GC (Allocation Failure) 2020-10-28T08:28:22.336+0000: [ParNew: 16388K->4K(18432K), 0.0028465 secs] 382547K->366163K(896640K), 0.0028964 secs] [Times: user=0.01 sys=0.00, real=0.00 secs] 
2020-10-28T08:28:22.358+0000: [GC (Allocation Failure) 2020-10-28T08:28:22.358+0000: [ParNew: 16388K->4K(18432K), 0.0029278 secs] 382547K->366163K(896640K), 0.0029882 secs] [Times: user=0.01 sys=0.00, real=0.01 secs] 
2020-10-28T08:28:22.384+0000: [GC (Allocation Failure) 2020-10-28T08:28:22.384+0000: [ParNew: 16388K->4K(18432K), 0.0029195 secs] 382547K->366163K(896640K), 0.0029717 secs] [Times: user=0.01 sys=0.00, real=0.00 secs] 
2020-10-28T08:28:22.405+0000: [GC (Allocation Failure) 2020-10-28T08:28:22.405+0000: [ParNew: 16388K->4K(18432K), 0.0028845 secs] 382547K->366163K(896640K), 0.0029349 secs] [Times: user=0.00 sys=0.00, real=0.01 secs] 
2020-10-28T08:28:22.431+0000: [GC (Allocation Failure) 2020-10-28T08:28:22.432+0000: [ParNew: 16388K->4K(18432K), 0.0028858 secs] 382547K->366163K(896640K), 0.0029361 secs] [Times: user=0.01 sys=0.00, real=0.00 secs] 
2020-10-28T08:28:22.453+0000: [GC (Allocation Failure) 2020-10-28T08:28:22.453+0000: [ParNew: 16388K->4K(18432K), 0.0028386 secs] 382547K->366163K(896640K), 0.0028875 secs] [Times: user=0.00 sys=0.00, real=0.00 secs] 
2020-10-28T08:28:22.475+0000: [GC (Allocation Failure) 2020-10-28T08:28:22.475+0000: [ParNew: 16388K->4K(18432K), 0.0029117 secs] 382547K->366163K(896640K), 0.0029635 secs] [Times: user=0.00 sys=0.00, real=0.00 secs] 
2020-10-28T08:28:22.497+0000: [GC (Allocation Failure) 2020-10-28T08:28:22.497+0000: [ParNew: 16388K->4K(18432K), 0.0028930 secs] 382547K->366163K(896640K), 0.0029418 secs] [Times: user=0.01 sys=0.00, real=0.01 secs] 
2020-10-28T08:28:22.519+0000: [GC (Allocation Failure) 2020-10-28T08:28:22.519+0000: [ParNew: 16388K->4K(18432K), 0.0028736 secs] 382547K->366163K(896640K), 0.0029225 secs] [Times: user=0.00 sys=0.00, real=0.01 secs] 
2020-10-28T08:28:22.540+0000: [GC (Allocation Failure) 2020-10-28T08:28:22.540+0000: [ParNew: 16388K->4K(18432K), 0.0028327 secs] 382547K->366163K(896640K), 0.0028799 secs] [Times: user=0.00 sys=0.00, real=0.00 secs] 
2020-10-28T08:28:22.562+0000: [GC (Allocation Failure) 2020-10-28T08:28:22.562+0000: [ParNew: 16388K->4K(18432K), 0.0029339 secs] 382547K->366163K(896640K), 0.0029848 secs] [Times: user=0.01 sys=0.00, real=0.00 secs] 
2020-10-28T08:28:22.588+0000: [GC (Allocation Failure) 2020-10-28T08:28:22.588+0000: [ParNew: 16388K->4K(18432K), 0.0028991 secs] 382547K->366163K(896640K), 0.0029489 secs] [Times: user=0.00 sys=0.00, real=0.00 secs] 
2020-10-28T08:28:22.612+0000: [GC (GCLocker Initiated GC) 2020-10-28T08:28:22.612+0000: [ParNew: 16388K->4K(18432K), 0.0028308 secs] 382547K->366163K(896640K), 0.0028785 secs] [Times: user=0.00 sys=0.00, real=0.00 secs] 
2020-10-28T08:28:22.633+0000: [GC (Allocation Failure) 2020-10-28T08:28:22.633+0000: [ParNew: 16388K->4K(18432K), 0.0028747 secs] 382547K->366163K(896640K), 0.0029237 secs] [Times: user=0.00 sys=0.00, real=0.00 secs] 
2020-10-28T08:28:22.655+0000: [GC (GCLocker Initiated GC) 2020-10-28T08:28:22.655+0000: [ParNew: 16388K->4K(18432K), 0.0028633 secs] 382547K->366163K(896640K), 0.0029111 secs] [Times: user=0.01 sys=0.00, real=0.00 secs] 
2020-10-28T08:28:22.680+0000: [GC (Allocation Failure) 2020-10-28T08:28:22.680+0000: [ParNew: 16388K->4K(18432K), 0.0028814 secs] 382547K->366163K(896640K), 0.0029312 secs] [Times: user=0.00 sys=0.00, real=0.00 secs] 
2020-10-28T08:28:22.711+0000: [GC (Allocation Failure) 2020-10-28T08:28:22.711+0000: [ParNew: 16388K->2K(18432K), 0.0060802 secs] 382547K->366161K(896640K), 0.0061349 secs] [Times: user=0.01 sys=0.00, real=0.00 secs] 
2020-10-28T08:28:22.739+0000: [GC (Allocation Failure) 2020-10-28T08:28:22.739+0000: [ParNew: 16386K->4K(18432K), 0.0029434 secs] 382545K->366163K(896640K), 0.0029979 secs] [Times: user=0.01 sys=0.00, real=0.01 secs] 
2020-10-28T08:28:22.762+0000: [GC (Allocation Failure) 2020-10-28T08:28:22.762+0000: [ParNew: 16388K->4K(18432K), 0.0029132 secs] 382547K->366163K(896640K), 0.0029640 secs] [Times: user=0.01 sys=0.00, real=0.00 secs] 
2020-10-28T08:28:22.788+0000: [GC (Allocation Failure) 2020-10-28T08:28:22.788+0000: [ParNew: 16388K->4K(18432K), 0.0028653 secs] 382547K->366163K(896640K), 0.0029151 secs] [Times: user=0.00 sys=0.01, real=0.00 secs] 
2020-10-28T08:28:22.810+0000: [GC (Allocation Failure) 2020-10-28T08:28:22.810+0000: [ParNew: 16388K->4K(18432K), 0.0028993 secs] 382547K->366163K(896640K), 0.0029474 secs] [Times: user=0.01 sys=0.00, real=0.00 secs] 
2020-10-28T08:28:22.832+0000: [GC (Allocation Failure) 2020-10-28T08:28:22.832+0000: [ParNew: 16388K->4K(18432K), 0.0028378 secs] 382547K->366163K(896640K), 0.0028854 secs] [Times: user=0.01 sys=0.00, real=0.00 secs] 
2020-10-28T08:28:22.854+0000: [GC (Allocation Failure) 2020-10-28T08:28:22.854+0000: [ParNew: 16388K->4K(18432K), 0.0028519 secs] 382547K->366163K(896640K), 0.0028987 secs] [Times: user=0.01 sys=0.00, real=0.00 secs] 
2020-10-28T08:28:22.877+0000: [GC (Allocation Failure) 2020-10-28T08:28:22.877+0000: [ParNew: 16388K->4K(18432K), 0.0028678 secs] 382547K->366163K(896640K), 0.0029170 secs] [Times: user=0.00 sys=0.00, real=0.00 secs] 
2020-10-28T08:28:22.900+0000: [GC (Allocation Failure) 2020-10-28T08:28:22.900+0000: [ParNew: 16388K->4K(18432K), 0.0028674 secs] 382547K->366163K(896640K), 0.0029162 secs] [Times: user=0.00 sys=0.00, real=0.00 secs] 
2020-10-28T08:28:22.922+0000: [GC (Allocation Failure) 2020-10-28T08:28:22.922+0000: [ParNew: 16388K->4K(18432K), 0.0028966 secs] 382547K->366163K(896640K), 0.0029455 secs] [Times: user=0.01 sys=0.00, real=0.00 secs] 
2020-10-28T08:28:22.948+0000: [GC (Allocation Failure) 2020-10-28T08:28:22.948+0000: [ParNew: 16388K->4K(18432K), 0.0029199 secs] 382547K->366163K(896640K), 0.0029720 secs] [Times: user=0.00 sys=0.00, real=0.00 secs] 
2020-10-28T08:28:22.972+0000: [GC (Allocation Failure) 2020-10-28T08:28:22.972+0000: [ParNew: 16388K->4K(18432K), 0.0030326 secs] 382547K->366163K(896640K), 0.0030844 secs] [Times: user=0.01 sys=0.00, real=0.00 secs] 
2020-10-28T08:28:22.993+0000: [GC (Allocation Failure) 2020-10-28T08:28:22.993+0000: [ParNew: 16388K->4K(18432K), 0.0028367 secs] 382547K->366163K(896640K), 0.0028848 secs] [Times: user=0.00 sys=0.00, real=0.00 secs] 
2020-10-28T08:28:23.016+0000: [GC (Allocation Failure) 2020-10-28T08:28:23.016+0000: [ParNew: 16388K->4K(18432K), 0.0028309 secs] 382547K->366163K(896640K), 0.0028799 secs] [Times: user=0.01 sys=0.00, real=0.00 secs] 
2020-10-28T08:28:23.038+0000: [GC (Allocation Failure) 2020-10-28T08:28:23.038+0000: [ParNew: 16388K->4K(18432K), 0.0028882 secs] 382547K->366163K(896640K), 0.0029367 secs] [Times: user=0.01 sys=0.00, real=0.01 secs] 
2020-10-28T08:28:23.064+0000: [GC (Allocation Failure) 2020-10-28T08:28:23.064+0000: [ParNew: 16388K->4K(18432K), 0.0028663 secs] 382547K->366163K(896640K), 0.0029180 secs] [Times: user=0.00 sys=0.00, real=0.00 secs] 
2020-10-28T08:28:23.088+0000: [GC (Allocation Failure) 2020-10-28T08:28:23.088+0000: [ParNew: 16388K->4K(18432K), 0.0028922 secs] 382547K->366163K(896640K), 0.0029444 secs] [Times: user=0.01 sys=0.00, real=0.00 secs] 
2020-10-28T08:28:23.112+0000: [GC (Allocation Failure) 2020-10-28T08:28:23.112+0000: [ParNew: 16388K->4K(18432K), 0.0028299 secs] 382547K->366163K(896640K), 0.0028802 secs] [Times: user=0.01 sys=0.00, real=0.00 secs] 
2020-10-28T08:28:23.135+0000: [GC (Allocation Failure) 2020-10-28T08:28:23.135+0000: [ParNew: 16388K->4K(18432K), 0.0029600 secs] 382547K->366163K(896640K), 0.0030105 secs] [Times: user=0.01 sys=0.00, real=0.00 secs] 
2020-10-28T08:28:23.156+0000: [GC (Allocation Failure) 2020-10-28T08:28:23.156+0000: [ParNew: 16388K->4K(18432K), 0.0027803 secs] 382547K->366163K(896640K), 0.0028279 secs] [Times: user=0.00 sys=0.00, real=0.00 secs] 
2020-10-28T08:28:23.178+0000: [GC (Allocation Failure) 2020-10-28T08:28:23.178+0000: [ParNew: 16388K->4K(18432K), 0.0028288 secs] 382547K->366163K(896640K), 0.0028779 secs] [Times: user=0.01 sys=0.00, real=0.01 secs] 
2020-10-28T08:28:23.204+0000: [GC (Allocation Failure) 2020-10-28T08:28:23.204+0000: [ParNew: 16388K->4K(18432K), 0.0029069 secs] 382547K->366163K(896640K), 0.0029603 secs] [Times: user=0.01 sys=0.00, real=0.00 secs] 
2020-10-28T08:28:23.228+0000: [GC (Allocation Failure) 2020-10-28T08:28:23.228+0000: [ParNew: 16388K->4K(18432K), 0.0028458 secs] 382547K->366163K(896640K), 0.0028952 secs] [Times: user=0.01 sys=0.00, real=0.00 secs] 
2020-10-28T08:28:23.252+0000: [GC (Allocation Failure) 2020-10-28T08:28:23.252+0000: [ParNew: 16388K->4K(18432K), 0.0028048 secs] 382547K->366163K(896640K), 0.0028643 secs] [Times: user=0.01 sys=0.00, real=0.00 secs] 
2020-10-28T08:28:23.273+0000: [GC (Allocation Failure) 2020-10-28T08:28:23.273+0000: [ParNew: 16388K->4K(18432K), 0.0028244 secs] 382547K->366163K(896640K), 0.0028734 secs] [Times: user=0.01 sys=0.00, real=0.00 secs] 
2020-10-28T08:28:23.300+0000: [GC (Allocation Failure) 2020-10-28T08:28:23.300+0000: [ParNew: 16388K->4K(18432K), 0.0028860 secs] 382547K->366163K(896640K), 0.0029364 secs] [Times: user=0.01 sys=0.00, real=0.00 secs] 
2020-10-28T08:28:23.327+0000: [GC (Allocation Failure) 2020-10-28T08:28:23.327+0000: [ParNew: 16388K->4K(18432K), 0.0028592 secs] 382547K->366163K(896640K), 0.0029028 secs] [Times: user=0.00 sys=0.00, real=0.01 secs] 
2020-10-28T08:28:23.349+0000: [GC (Allocation Failure) 2020-10-28T08:28:23.349+0000: [ParNew: 16388K->4K(18432K), 0.0028279 secs] 382547K->366163K(896640K), 0.0028765 secs] [Times: user=0.01 sys=0.00, real=0.00 secs] 
2020-10-28T08:28:23.372+0000: [GC (Allocation Failure) 2020-10-28T08:28:23.372+0000: [ParNew: 16388K->4K(18432K), 0.0029529 secs] 382547K->366163K(896640K), 0.0030032 secs] [Times: user=0.01 sys=0.00, real=0.00 secs] 
2020-10-28T08:28:23.396+0000: [GC (Allocation Failure) 2020-10-28T08:28:23.396+0000: [ParNew: 16388K->4K(18432K), 0.0029081 secs] 382547K->366163K(896640K), 0.0029603 secs] [Times: user=0.00 sys=0.00, real=0.00 secs] 
2020-10-28T08:28:23.420+0000: [GC (Allocation Failure) 2020-10-28T08:28:23.420+0000: [ParNew: 16388K->4K(18432K), 0.0029589 secs] 382547K->366163K(896640K), 0.0030088 secs] [Times: user=0.01 sys=0.00, real=0.00 secs] 
2020-10-28T08:28:23.442+0000: [GC (Allocation Failure) 2020-10-28T08:28:23.442+0000: [ParNew: 16388K->4K(18432K), 0.0029131 secs] 382547K->366163K(896640K), 0.0029629 secs] [Times: user=0.01 sys=0.00, real=0.00 secs] 
2020-10-28T08:28:23.464+0000: [GC (Allocation Failure) 2020-10-28T08:28:23.464+0000: [ParNew: 16388K->4K(18432K), 0.0028671 secs] 382547K->366163K(896640K), 0.0029167 secs] [Times: user=0.00 sys=0.00, real=0.00 secs] 
2020-10-28T08:28:23.498+0000: [GC (Allocation Failure) 2020-10-28T08:28:23.498+0000: [ParNew: 16388K->4K(18432K), 0.0029773 secs] 382547K->366163K(896640K), 0.0030261 secs] [Times: user=0.01 sys=0.00, real=0.01 secs] 
2020-10-28T08:28:23.713+0000: [GC (Allocation Failure) 2020-10-28T08:28:23.713+0000: [ParNew: 16388K->624K(18432K), 0.0035660 secs] 382547K->366784K(896640K), 0.0036260 secs] [Times: user=0.00 sys=0.00, real=0.00 secs] 
2020-10-28T08:28:23.733+0000: [GC (Allocation Failure) 2020-10-28T08:28:23.733+0000: [ParNew: 16838K->656K(18432K), 0.0033148 secs] 382998K->366816K(896640K), 0.0033882 secs] [Times: user=0.00 sys=0.00, real=0.00 secs] 
2020-10-28T08:28:23.752+0000: [GC (Allocation Failure) 2020-10-28T08:28:23.752+0000: [ParNew: 17040K->819K(18432K), 0.0031933 secs] 383200K->366978K(896640K), 0.0032402 secs] [Times: user=0.01 sys=0.00, real=0.00 secs] 
2020-10-28T08:28:23.771+0000: [GC (Allocation Failure) 2020-10-28T08:28:23.771+0000: [ParNew: 17203K->1124K(18432K), 0.0032292 secs] 383362K->367284K(896640K), 0.0032735 secs] [Times: user=0.00 sys=0.01, real=0.00 secs] 
2020-10-28T08:28:23.790+0000: [GC (Allocation Failure) 2020-10-28T08:28:23.790+0000: [ParNew: 17508K->1077K(18432K), 0.0031633 secs] 383668K->367237K(896640K), 0.0032063 secs] [Times: user=0.01 sys=0.00, real=0.00 secs] 
2020-10-28T08:28:23.809+0000: [GC (Allocation Failure) 2020-10-28T08:28:23.809+0000: [ParNew: 17461K->1695K(18432K), 0.0031971 secs] 383621K->367856K(896640K), 0.0032417 secs] [Times: user=0.01 sys=0.00, real=0.00 secs] 
2020-10-28T08:28:23.827+0000: [GC (Allocation Failure) 2020-10-28T08:28:23.827+0000: [ParNew: 18079K->174K(18432K), 0.0034294 secs] 384240K->367870K(896640K), 0.0034774 secs] [Times: user=0.01 sys=0.00, real=0.01 secs] 
2020-10-28T08:28:23.847+0000: [GC (Allocation Failure) 2020-10-28T08:28:23.847+0000: [ParNew: 16558K->87K(18432K), 0.0026384 secs] 384254K->367783K(896640K), 0.0026811 secs] [Times: user=0.00 sys=0.00, real=0.01 secs] 
2020-10-28T08:28:23.865+0000: [GC (Allocation Failure) 2020-10-28T08:28:23.865+0000: [ParNew: 16471K->22K(18432K), 0.0026572 secs] 384167K->367718K(896640K), 0.0026987 secs] [Times: user=0.00 sys=0.00, real=0.01 secs] 
2020-10-28T08:28:23.882+0000: [GC (Allocation Failure) 2020-10-28T08:28:23.882+0000: [ParNew: 16406K->5K(18432K), 0.0029977 secs] 384102K->369750K(896640K), 0.0030418 secs] [Times: user=0.00 sys=0.00, real=0.00 secs] 
2020-10-28T08:28:23.901+0000: [GC (Allocation Failure) 2020-10-28T08:28:23.901+0000: [ParNew: 16389K->4K(18432K), 0.0028269 secs] 386134K->369748K(896640K), 0.0028691 secs] [Times: user=0.00 sys=0.00, real=0.00 secs] 
2020-10-28T08:28:23.920+0000: [GC (Allocation Failure) 2020-10-28T08:28:23.920+0000: [ParNew: 16388K->4K(18432K), 0.0026257 secs] 386132K->369748K(896640K), 0.0026686 secs] [Times: user=0.00 sys=0.00, real=0.00 secs] 
2020-10-28T08:28:23.938+0000: [GC (Allocation Failure) 2020-10-28T08:28:23.938+0000: [ParNew: 16388K->4K(18432K), 0.0027178 secs] 386132K->369748K(896640K), 0.0027606 secs] [Times: user=0.01 sys=0.00, real=0.01 secs] 
2020-10-28T08:28:23.957+0000: [GC (Allocation Failure) 2020-10-28T08:28:23.957+0000: [ParNew: 16388K->4K(18432K), 0.0027299 secs] 386132K->369748K(896640K), 0.0027761 secs] [Times: user=0.01 sys=0.00, real=0.00 secs] 
2020-10-28T08:28:23.975+0000: [GC (Allocation Failure) 2020-10-28T08:28:23.975+0000: [ParNew: 16388K->4K(18432K), 0.0028889 secs] 386132K->369748K(896640K), 0.0029357 secs] [Times: user=0.01 sys=0.00, real=0.00 secs] 
2020-10-28T08:28:23.994+0000: [GC (Allocation Failure) 2020-10-28T08:28:23.994+0000: [ParNew: 16388K->4K(18432K), 0.0026809 secs] 386132K->369748K(896640K), 0.0027254 secs] [Times: user=0.01 sys=0.00, real=0.00 secs] 
2020-10-28T08:28:24.012+0000: [GC (Allocation Failure) 2020-10-28T08:28:24.012+0000: [ParNew: 16388K->4K(18432K), 0.0026497 secs] 386132K->369748K(896640K), 0.0026911 secs] [Times: user=0.01 sys=0.00, real=0.00 secs] 
2020-10-28T08:28:24.028+0000: [GC (Allocation Failure) 2020-10-28T08:28:24.028+0000: [ParNew: 16388K->4K(18432K), 0.0033019 secs] 386132K->373844K(896640K), 0.0033458 secs] [Times: user=0.01 sys=0.00, real=0.00 secs] 
2020-10-28T08:28:24.047+0000: [GC (Allocation Failure) 2020-10-28T08:28:24.047+0000: [ParNew: 16388K->4K(18432K), 0.0028056 secs] 390228K->373844K(896640K), 0.0028513 secs] [Times: user=0.01 sys=0.00, real=0.01 secs] 
2020-10-28T08:28:24.065+0000: [GC (Allocation Failure) 2020-10-28T08:28:24.065+0000: [ParNew: 16388K->4K(18432K), 0.0026927 secs] 390228K->373844K(896640K), 0.0027335 secs] [Times: user=0.00 sys=0.00, real=0.01 secs] 
2020-10-28T08:28:24.084+0000: [GC (Allocation Failure) 2020-10-28T08:28:24.084+0000: [ParNew: 16388K->4K(18432K), 0.0026220 secs] 390228K->373844K(896640K), 0.0026643 secs] [Times: user=0.00 sys=0.00, real=0.00 secs] 
2020-10-28T08:28:24.102+0000: [GC (Allocation Failure) 2020-10-28T08:28:24.103+0000: [ParNew: 16388K->4K(18432K), 0.0026099 secs] 390228K->373844K(896640K), 0.0026515 secs] [Times: user=0.00 sys=0.00, real=0.00 secs] 
2020-10-28T08:28:24.126+0000: [GC (Allocation Failure) 2020-10-28T08:28:24.126+0000: [ParNew: 16388K->6K(18432K), 0.0028097 secs] 390228K->373846K(896640K), 0.0028566 secs] [Times: user=0.01 sys=0.00, real=0.01 secs] 
2020-10-28T08:28:24.144+0000: [GC (Allocation Failure) 2020-10-28T08:28:24.144+0000: [ParNew: 16390K->4K(18432K), 0.0026419 secs] 390230K->373845K(896640K), 0.0026866 secs] [Times: user=0.01 sys=0.00, real=0.00 secs] 
2020-10-28T08:28:24.165+0000: [GC (Allocation Failure) 2020-10-28T08:28:24.165+0000: [ParNew: 16388K->4K(18432K), 0.0028748 secs] 390229K->373845K(896640K), 0.0029224 secs] [Times: user=0.00 sys=0.00, real=0.01 secs] 
2020-10-28T08:28:24.184+0000: [GC (Allocation Failure) 2020-10-28T08:28:24.184+0000: [ParNew: 16388K->4K(18432K), 0.0026730 secs] 390229K->373845K(896640K), 0.0027165 secs] [Times: user=0.00 sys=0.00, real=0.00 secs] 
2020-10-28T08:28:24.203+0000: [GC (Allocation Failure) 2020-10-28T08:28:24.203+0000: [ParNew: 16388K->4K(18432K), 0.0028860 secs] 390229K->373845K(896640K), 0.0029451 secs] [Times: user=0.00 sys=0.00, real=0.00 secs] 
2020-10-28T08:28:24.221+0000: [GC (Allocation Failure) 2020-10-28T08:28:24.221+0000: [ParNew: 16388K->4K(18432K), 0.0026908 secs] 390229K->373845K(896640K), 0.0027361 secs] [Times: user=0.01 sys=0.00, real=0.00 secs] 
2020-10-28T08:28:24.240+0000: [GC (Allocation Failure) 2020-10-28T08:28:24.240+0000: [ParNew: 16388K->4K(18432K), 0.0025967 secs] 390229K->373846K(896640K), 0.0026396 secs] [Times: user=0.01 sys=0.00, real=0.00 secs] 
2020-10-28T08:28:24.258+0000: [GC (Allocation Failure) 2020-10-28T08:28:24.258+0000: [ParNew: 16388K->4K(18432K), 0.0026361 secs] 390230K->373846K(896640K), 0.0026790 secs] [Times: user=0.01 sys=0.00, real=0.01 secs] 
2020-10-28T08:28:24.280+0000: [GC (Allocation Failure) 2020-10-28T08:28:24.280+0000: [ParNew: 16388K->2K(18432K), 0.0101212 secs] 390230K->373844K(896640K), 0.0101871 secs] [Times: user=0.01 sys=0.00, real=0.01 secs] 
2020-10-28T08:28:24.307+0000: [GC (Allocation Failure) 2020-10-28T08:28:24.307+0000: [ParNew: 16386K->4K(18432K), 0.0027912 secs] 390228K->373846K(896640K), 0.0028383 secs] [Times: user=0.01 sys=0.00, real=0.01 secs] 
2020-10-28T08:28:24.326+0000: [GC (Allocation Failure) 2020-10-28T08:28:24.326+0000: [ParNew: 16388K->4K(18432K), 0.0025871 secs] 390230K->373846K(896640K), 0.0026307 secs] [Times: user=0.00 sys=0.00, real=0.01 secs] 
2020-10-28T08:28:24.345+0000: [GC (Allocation Failure) 2020-10-28T08:28:24.345+0000: [ParNew: 16388K->4K(18432K), 0.0028586 secs] 390230K->373846K(896640K), 0.0029040 secs] [Times: user=0.00 sys=0.00, real=0.01 secs] 
2020-10-28T08:28:24.364+0000: [GC (Allocation Failure) 2020-10-28T08:28:24.364+0000: [ParNew: 16388K->4K(18432K), 0.0025570 secs] 390230K->373846K(896640K), 0.0026000 secs] [Times: user=0.00 sys=0.00, real=0.00 secs] 
2020-10-28T08:28:24.382+0000: [GC (Allocation Failure) 2020-10-28T08:28:24.382+0000: [ParNew: 16388K->4K(18432K), 0.0026417 secs] 390230K->373846K(896640K), 0.0026845 secs] [Times: user=0.00 sys=0.00, real=0.00 secs] 
2020-10-28T08:28:24.401+0000: [GC (Allocation Failure) 2020-10-28T08:28:24.401+0000: [ParNew: 16388K->4K(18432K), 0.0028280 secs] 390230K->373846K(896640K), 0.0028749 secs] [Times: user=0.01 sys=0.00, real=0.00 secs] 
2020-10-28T08:28:24.419+0000: [GC (Allocation Failure) 2020-10-28T08:28:24.419+0000: [ParNew: 16388K->4K(18432K), 0.0026387 secs] 390230K->373846K(896640K), 0.0026827 secs] [Times: user=0.01 sys=0.00, real=0.01 secs] 
2020-10-28T08:28:24.438+0000: [GC (Allocation Failure) 2020-10-28T08:28:24.438+0000: [ParNew: 16388K->4K(18432K), 0.0027435 secs] 390230K->373846K(896640K), 0.0027844 secs] [Times: user=0.01 sys=0.00, real=0.01 secs] 
2020-10-28T08:28:24.456+0000: [GC (Allocation Failure) 2020-10-28T08:28:24.456+0000: [ParNew: 16388K->4K(18432K), 0.0025351 secs] 390230K->373847K(896640K), 0.0025766 secs] [Times: user=0.01 sys=0.00, real=0.00 secs] 
2020-10-28T08:28:24.475+0000: [GC (Allocation Failure) 2020-10-28T08:28:24.475+0000: [ParNew: 16388K->4K(18432K), 0.0027000 secs] 390231K->373847K(896640K), 0.0027437 secs] [Times: user=0.01 sys=0.00, real=0.00 secs] 
2020-10-28T08:28:24.493+0000: [GC (Allocation Failure) 2020-10-28T08:28:24.493+0000: [ParNew: 16388K->4K(18432K), 0.0026238 secs] 390231K->373847K(896640K), 0.0026660 secs] [Times: user=0.01 sys=0.00, real=0.00 secs] 
2020-10-28T08:28:24.512+0000: [GC (Allocation Failure) 2020-10-28T08:28:24.512+0000: [ParNew: 16388K->4K(18432K), 0.0025954 secs] 390231K->373847K(896640K), 0.0026392 secs] [Times: user=0.01 sys=0.00, real=0.00 secs] 
2020-10-28T08:28:24.530+0000: [GC (Allocation Failure) 2020-10-28T08:28:24.530+0000: [ParNew: 16388K->4K(18432K), 0.0027356 secs] 390231K->373847K(896640K), 0.0027760 secs] [Times: user=0.01 sys=0.00, real=0.00 secs] 
2020-10-28T08:28:24.549+0000: [GC (Allocation Failure) 2020-10-28T08:28:24.549+0000: [ParNew: 16388K->4K(18432K), 0.0026626 secs] 390231K->373847K(896640K), 0.0027132 secs] [Times: user=0.00 sys=0.00, real=0.00 secs] 
2020-10-28T08:28:24.567+0000: [GC (Allocation Failure) 2020-10-28T08:28:24.567+0000: [ParNew: 16388K->4K(18432K), 0.0027480 secs] 390231K->373847K(896640K), 0.0027939 secs] [Times: user=0.00 sys=0.00, real=0.01 secs] 
2020-10-28T08:28:24.586+0000: [GC (Allocation Failure) 2020-10-28T08:28:24.586+0000: [ParNew: 16388K->4K(18432K), 0.0028211 secs] 390231K->373847K(896640K), 0.0028629 secs] [Times: user=0.00 sys=0.00, real=0.01 secs] 
2020-10-28T08:28:24.605+0000: [GC (Allocation Failure) 2020-10-28T08:28:24.605+0000: [ParNew: 16388K->4K(18432K), 0.0025969 secs] 390231K->373847K(896640K), 0.0026528 secs] [Times: user=0.00 sys=0.00, real=0.00 secs] 
2020-10-28T08:28:24.623+0000: [GC (Allocation Failure) 2020-10-28T08:28:24.623+0000: [ParNew: 16388K->4K(18432K), 0.0026215 secs] 390231K->373847K(896640K), 0.0026737 secs] [Times: user=0.01 sys=0.00, real=0.00 secs] 
2020-10-28T08:28:24.641+0000: [GC (Allocation Failure) 2020-10-28T08:28:24.641+0000: [ParNew: 16388K->4K(18432K), 0.0026812 secs] 390231K->373847K(896640K), 0.0027215 secs] [Times: user=0.01 sys=0.00, real=0.00 secs] 
2020-10-28T08:28:24.660+0000: [GC (Allocation Failure) 2020-10-28T08:28:24.660+0000: [ParNew: 16388K->4K(18432K), 0.0026950 secs] 390231K->373847K(896640K), 0.0027354 secs] [Times: user=0.01 sys=0.00, real=0.00 secs] 
2020-10-28T08:28:24.679+0000: [GC (Allocation Failure) 2020-10-28T08:28:24.679+0000: [ParNew: 16388K->4K(18432K), 0.0028414 secs] 390231K->373847K(896640K), 0.0028882 secs] [Times: user=0.01 sys=0.00, real=0.01 secs] 
2020-10-28T08:28:24.697+0000: [GC (Allocation Failure) 2020-10-28T08:28:24.697+0000: [ParNew: 16388K->4K(18432K), 0.0029068 secs] 390231K->373847K(896640K), 0.0029519 secs] [Times: user=0.00 sys=0.00, real=0.01 secs] 
2020-10-28T08:28:24.716+0000: [GC (Allocation Failure) 2020-10-28T08:28:24.716+0000: [ParNew: 16388K->4K(18432K), 0.0025913 secs] 390231K->373847K(896640K), 0.0026335 secs] [Times: user=0.00 sys=0.00, real=0.00 secs] 
2020-10-28T08:28:24.735+0000: [GC (Allocation Failure) 2020-10-28T08:28:24.735+0000: [ParNew: 16388K->4K(18432K), 0.0026441 secs] 390231K->373847K(896640K), 0.0026855 secs] [Times: user=0.00 sys=0.00, real=0.00 secs] 
2020-10-28T08:28:24.754+0000: [GC (Allocation Failure) 2020-10-28T08:28:24.754+0000: [ParNew: 16388K->4K(18432K), 0.0028705 secs] 390231K->373847K(896640K), 0.0029161 secs] [Times: user=0.01 sys=0.00, real=0.00 secs] 
2020-10-28T08:28:24.773+0000: [GC (Allocation Failure) 2020-10-28T08:28:24.773+0000: [ParNew: 16388K->4K(18432K), 0.0026301 secs] 390231K->373847K(896640K), 0.0026746 secs] [Times: user=0.01 sys=0.00, real=0.00 secs] 
2020-10-28T08:28:24.792+0000: [GC (Allocation Failure) 2020-10-28T08:28:24.792+0000: [ParNew: 16388K->4K(18432K), 0.0027037 secs] 390231K->373847K(896640K), 0.0027459 secs] [Times: user=0.01 sys=0.00, real=0.00 secs] 
2020-10-28T08:28:24.811+0000: [GC (Allocation Failure) 2020-10-28T08:28:24.811+0000: [ParNew: 16388K->4K(18432K), 0.0027039 secs] 390231K->373847K(896640K), 0.0027481 secs] [Times: user=0.01 sys=0.00, real=0.00 secs] 
2020-10-28T08:28:24.829+0000: [GC (Allocation Failure) 2020-10-28T08:28:24.829+0000: [ParNew: 16388K->4K(18432K), 0.0027044 secs] 390231K->373847K(896640K), 0.0027456 secs] [Times: user=0.00 sys=0.00, real=0.00 secs] 
2020-10-28T08:28:24.848+0000: [GC (Allocation Failure) 2020-10-28T08:28:24.848+0000: [ParNew: 16388K->4K(18432K), 0.0025474 secs] 390231K->373847K(896640K), 0.0025898 secs] [Times: user=0.00 sys=0.00, real=0.00 secs] 
2020-10-28T08:28:24.866+0000: [GC (Allocation Failure) 2020-10-28T08:28:24.866+0000: [ParNew: 16388K->4K(18432K), 0.0026465 secs] 390231K->373847K(896640K), 0.0026862 secs] [Times: user=0.00 sys=0.00, real=0.01 secs] 
2020-10-28T08:28:24.884+0000: [GC (Allocation Failure) 2020-10-28T08:28:24.884+0000: [ParNew: 16388K->4K(18432K), 0.0026730 secs] 390231K->373847K(896640K), 0.0027146 secs] [Times: user=0.00 sys=0.00, real=0.00 secs] 
2020-10-28T08:28:24.903+0000: [GC (Allocation Failure) 2020-10-28T08:28:24.903+0000: [ParNew: 16388K->4K(18432K), 0.0026099 secs] 390231K->373847K(896640K), 0.0026525 secs] [Times: user=0.00 sys=0.00, real=0.00 secs] 
2020-10-28T08:28:24.921+0000: [GC (Allocation Failure) 2020-10-28T08:28:24.921+0000: [ParNew: 16388K->4K(18432K), 0.0026866 secs] 390231K->373847K(896640K), 0.0027405 secs] [Times: user=0.00 sys=0.00, real=0.00 secs] 
2020-10-28T08:28:24.941+0000: [GC (Allocation Failure) 2020-10-28T08:28:24.941+0000: [ParNew: 16388K->4K(18432K), 0.0028530 secs] 390231K->373847K(896640K), 0.0029021 secs] [Times: user=0.00 sys=0.00, real=0.00 secs] 
2020-10-28T08:28:24.960+0000: [GC (Allocation Failure) 2020-10-28T08:28:24.960+0000: [ParNew: 16388K->4K(18432K), 0.0028002 secs] 390231K->373847K(896640K), 0.0028470 secs] [Times: user=0.01 sys=0.00, real=0.00 secs] 
2020-10-28T08:28:24.979+0000: [GC (Allocation Failure) 2020-10-28T08:28:24.979+0000: [ParNew: 16388K->4K(18432K), 0.0028498 secs] 390231K->373847K(896640K), 0.0028973 secs] [Times: user=0.01 sys=0.00, real=0.01 secs] 
2020-10-28T08:28:24.997+0000: [GC (Allocation Failure) 2020-10-28T08:28:24.997+0000: [ParNew: 16388K->4K(18432K), 0.0026734 secs] 390231K->373847K(896640K), 0.0027164 secs] [Times: user=0.01 sys=0.00, real=0.01 secs] 
2020-10-28T08:28:25.016+0000: [GC (Allocation Failure) 2020-10-28T08:28:25.016+0000: [ParNew: 16388K->4K(18432K), 0.0026326 secs] 390231K->373847K(896640K), 0.0026742 secs] [Times: user=0.01 sys=0.00, real=0.00 secs] 
2020-10-28T08:28:25.034+0000: [GC (Allocation Failure) 2020-10-28T08:28:25.034+0000: [ParNew: 16388K->4K(18432K), 0.0026721 secs] 390231K->373847K(896640K), 0.0027138 secs] [Times: user=0.00 sys=0.00, real=0.00 secs] 
2020-10-28T08:28:25.053+0000: [GC (Allocation Failure) 2020-10-28T08:28:25.053+0000: [ParNew: 16388K->4K(18432K), 0.0026149 secs] 390231K->373847K(896640K), 0.0026570 secs] [Times: user=0.00 sys=0.00, real=0.00 secs] 
2020-10-28T08:28:25.071+0000: [GC (Allocation Failure) 2020-10-28T08:28:25.071+0000: [ParNew: 16388K->4K(18432K), 0.0027256 secs] 390231K->373847K(896640K), 0.0027673 secs] [Times: user=0.00 sys=0.00, real=0.00 secs] 
2020-10-28T08:28:25.090+0000: [GC (Allocation Failure) 2020-10-28T08:28:25.090+0000: [ParNew: 16388K->4K(18432K), 0.0026228 secs] 390231K->373847K(896640K), 0.0026674 secs] [Times: user=0.00 sys=0.00, real=0.00 secs] 
2020-10-28T08:28:25.108+0000: [GC (Allocation Failure) 2020-10-28T08:28:25.108+0000: [ParNew: 16388K->4K(18432K), 0.0026636 secs] 390231K->373847K(896640K), 0.0027059 secs] [Times: user=0.00 sys=0.00, real=0.00 secs] 
2020-10-28T08:28:25.127+0000: [GC (Allocation Failure) 2020-10-28T08:28:25.127+0000: [ParNew: 16388K->4K(18432K), 0.0025817 secs] 390231K->373847K(896640K), 0.0026245 secs] [Times: user=0.00 sys=0.00, real=0.01 secs] 
2020-10-28T08:28:25.145+0000: [GC (Allocation Failure) 2020-10-28T08:28:25.145+0000: [ParNew: 16388K->4K(18432K), 0.0026392 secs] 390231K->373847K(896640K), 0.0026817 secs] [Times: user=0.00 sys=0.00, real=0.01 secs] 
2020-10-28T08:28:25.164+0000: [GC (Allocation Failure) 2020-10-28T08:28:25.164+0000: [ParNew: 16388K->4K(18432K), 0.0026693 secs] 390231K->373847K(896640K), 0.0027152 secs] [Times: user=0.00 sys=0.00, real=0.00 secs] 
2020-10-28T08:28:25.182+0000: [GC (Allocation Failure) 2020-10-28T08:28:25.182+0000: [ParNew: 16388K->4K(18432K), 0.0027121 secs] 390231K->373847K(896640K), 0.0027595 secs] [Times: user=0.00 sys=0.00, real=0.00 secs] 
2020-10-28T08:28:25.201+0000: [GC (Allocation Failure) 2020-10-28T08:28:25.201+0000: [ParNew: 16388K->4K(18432K), 0.0027276 secs] 390231K->373847K(896640K), 0.0027724 secs] [Times: user=0.01 sys=0.00, real=0.00 secs] 
2020-10-28T08:28:25.219+0000: [GC (Allocation Failure) 2020-10-28T08:28:25.219+0000: [ParNew: 16388K->4K(18432K), 0.0026967 secs] 390231K->373847K(896640K), 0.0027414 secs] [Times: user=0.01 sys=0.00, real=0.01 secs] 
2020-10-28T08:28:25.238+0000: [GC (Allocation Failure) 2020-10-28T08:28:25.238+0000: [ParNew: 16388K->4K(18432K), 0.0027390 secs] 390231K->373847K(896640K), 0.0027886 secs] [Times: user=0.00 sys=0.00, real=0.01 secs] 
2020-10-28T08:28:25.257+0000: [GC (Allocation Failure) 2020-10-28T08:28:25.257+0000: [ParNew: 16388K->4K(18432K), 0.0025749 secs] 390231K->373847K(896640K), 0.0026179 secs] [Times: user=0.01 sys=0.00, real=0.00 secs] 
2020-10-28T08:28:25.275+0000: [GC (Allocation Failure) 2020-10-28T08:28:25.275+0000: [ParNew: 16388K->4K(18432K), 0.0026524 secs] 390231K->373847K(896640K), 0.0026959 secs] [Times: user=0.00 sys=0.00, real=0.00 secs] 
2020-10-28T08:28:25.294+0000: [GC (Allocation Failure) 2020-10-28T08:28:25.294+0000: [ParNew: 16388K->4K(18432K), 0.0026760 secs] 390231K->373847K(896640K), 0.0027169 secs] [Times: user=0.00 sys=0.00, real=0.00 secs] 
2020-10-28T08:28:25.312+0000: [GC (Allocation Failure) 2020-10-28T08:28:25.312+0000: [ParNew: 16388K->4K(18432K), 0.0025200 secs] 390231K->373847K(896640K), 0.0025617 secs] [Times: user=0.00 sys=0.00, real=0.00 secs] 
2020-10-28T08:28:25.331+0000: [GC (Allocation Failure) 2020-10-28T08:28:25.331+0000: [ParNew: 16388K->4K(18432K), 0.0027013 secs] 390231K->373847K(896640K), 0.0027419 secs] [Times: user=0.00 sys=0.00, real=0.00 secs] 
2020-10-28T08:28:25.350+0000: [GC (Allocation Failure) 2020-10-28T08:28:25.350+0000: [ParNew: 16388K->4K(18432K), 0.0026368 secs] 390231K->373847K(896640K), 0.0026767 secs] [Times: user=0.00 sys=0.00, real=0.00 secs] 
2020-10-28T08:28:25.368+0000: [GC (Allocation Failure) 2020-10-28T08:28:25.368+0000: [ParNew: 16388K->4K(18432K), 0.0027312 secs] 390231K->373847K(896640K), 0.0027776 secs] [Times: user=0.00 sys=0.00, real=0.00 secs] 
2020-10-28T08:28:25.387+0000: [GC (Allocation Failure) 2020-10-28T08:28:25.387+0000: [ParNew: 16388K->4K(18432K), 0.0025975 secs] 390231K->373847K(896640K), 0.0026403 secs] [Times: user=0.01 sys=0.00, real=0.01 secs] 
2020-10-28T08:28:25.405+0000: [GC (Allocation Failure) 2020-10-28T08:28:25.405+0000: [ParNew: 16388K->4K(18432K), 0.0029123 secs] 390231K->373847K(896640K), 0.0029639 secs] [Times: user=0.01 sys=0.00, real=0.01 secs] 
2020-10-28T08:28:25.424+0000: [GC (Allocation Failure) 2020-10-28T08:28:25.424+0000: [ParNew: 16388K->4K(18432K), 0.0027826 secs] 390231K->373847K(896640K), 0.0028278 secs] [Times: user=0.01 sys=0.00, real=0.00 secs] 
2020-10-28T08:28:25.443+0000: [GC (Allocation Failure) 2020-10-28T08:28:25.443+0000: [ParNew: 16388K->4K(18432K), 0.0026166 secs] 390231K->373847K(896640K), 0.0026589 secs] [Times: user=0.01 sys=0.00, real=0.00 secs] 
2020-10-28T08:28:25.461+0000: [GC (Allocation Failure) 2020-10-28T08:28:25.461+0000: [ParNew: 16388K->4K(18432K), 0.0026565 secs] 390231K->373847K(896640K), 0.0026997 secs] [Times: user=0.01 sys=0.00, real=0.00 secs] 
2020-10-28T08:28:25.480+0000: [GC (Allocation Failure) 2020-10-28T08:28:25.480+0000: [ParNew: 16388K->4K(18432K), 0.0026479 secs] 390231K->373847K(896640K), 0.0026922 secs] [Times: user=0.00 sys=0.00, real=0.01 secs] 
2020-10-28T08:28:25.498+0000: [GC (Allocation Failure) 2020-10-28T08:28:25.498+0000: [ParNew: 16388K->4K(18432K), 0.0027031 secs] 390231K->373847K(896640K), 0.0027450 secs] [Times: user=0.00 sys=0.00, real=0.01 secs] 
2020-10-28T08:28:25.517+0000: [GC (Allocation Failure) 2020-10-28T08:28:25.517+0000: [ParNew: 16388K->4K(18432K), 0.0026678 secs] 390231K->373847K(896640K), 0.0027113 secs] [Times: user=0.00 sys=0.00, real=0.00 secs] 
2020-10-28T08:28:25.535+0000: [GC (Allocation Failure) 2020-10-28T08:28:25.535+0000: [ParNew: 16388K->4K(18432K), 0.0026637 secs] 390231K->373847K(896640K), 0.0027053 secs] [Times: user=0.00 sys=0.00, real=0.00 secs] 
2020-10-28T08:28:25.554+0000: [GC (Allocation Failure) 2020-10-28T08:28:25.554+0000: [ParNew: 16388K->4K(18432K), 0.0026112 secs] 390231K->373847K(896640K), 0.0026537 secs] [Times: user=0.00 sys=0.00, real=0.00 secs] 
2020-10-28T08:28:25.572+0000: [GC (Allocation Failure) 2020-10-28T08:28:25.572+0000: [ParNew: 16388K->4K(18432K), 0.0027249 secs] 390231K->373847K(896640K), 0.0027709 secs] [Times: user=0.01 sys=0.00, real=0.00 secs] 
2020-10-28T08:28:25.591+0000: [GC (Allocation Failure) 2020-10-28T08:28:25.591+0000: [ParNew: 16388K->4K(18432K), 0.0026756 secs] 390231K->373847K(896640K), 0.0027166 secs] [Times: user=0.01 sys=0.00, real=0.00 secs] 
2020-10-28T08:28:25.609+0000: [GC (Allocation Failure) 2020-10-28T08:28:25.609+0000: [ParNew: 16388K->4K(18432K), 0.0026055 secs] 390231K->373847K(896640K), 0.0026490 secs] [Times: user=0.01 sys=0.00, real=0.00 secs] 
2020-10-28T08:28:25.628+0000: [GC (Allocation Failure) 2020-10-28T08:28:25.628+0000: [ParNew: 16388K->4K(18432K), 0.0027273 secs] 390231K->373847K(896640K), 0.0027773 secs] [Times: user=0.01 sys=0.00, real=0.00 secs] 
2020-10-28T08:28:25.646+0000: [GC (Allocation Failure) 2020-10-28T08:28:25.646+0000: [ParNew: 16388K->4K(18432K), 0.0025688 secs] 390231K->373847K(896640K), 0.0026105 secs] [Times: user=0.01 sys=0.00, real=0.01 secs] 
2020-10-28T08:28:25.665+0000: [GC (Allocation Failure) 2020-10-28T08:28:25.665+0000: [ParNew: 16388K->4K(18432K), 0.0026690 secs] 390231K->373847K(896640K), 0.0027115 secs] [Times: user=0.00 sys=0.00, real=0.00 secs] 
2020-10-28T08:28:25.683+0000: [GC (Allocation Failure) 2020-10-28T08:28:25.683+0000: [ParNew: 16388K->4K(18432K), 0.0027096 secs] 390231K->373847K(896640K), 0.0027543 secs] [Times: user=0.00 sys=0.00, real=0.00 secs] 
2020-10-28T08:28:25.702+0000: [GC (Allocation Failure) 2020-10-28T08:28:25.702+0000: [ParNew: 16388K->4K(18432K), 0.0027481 secs] 390231K->373847K(896640K), 0.0027916 secs] [Times: user=0.00 sys=0.00, real=0.00 secs] 
2020-10-28T08:28:25.721+0000: [GC (Allocation Failure) 2020-10-28T08:28:25.721+0000: [ParNew: 16388K->4K(18432K), 0.0026738 secs] 390231K->373847K(896640K), 0.0027169 secs] [Times: user=0.00 sys=0.00, real=0.00 secs] 
2020-10-28T08:28:25.739+0000: [GC (Allocation Failure) 2020-10-28T08:28:25.739+0000: [ParNew: 16388K->4K(18432K), 0.0027317 secs] 390231K->373847K(896640K), 0.0027740 secs] [Times: user=0.01 sys=0.00, real=0.01 secs] 
2020-10-28T08:28:25.758+0000: [GC (Allocation Failure) 2020-10-28T08:28:25.758+0000: [ParNew: 16388K->4K(18432K), 0.0026471 secs] 390231K->373847K(896640K), 0.0026915 secs] [Times: user=0.01 sys=0.00, real=0.01 secs] 
2020-10-28T08:28:25.777+0000: [GC (Allocation Failure) 2020-10-28T08:28:25.777+0000: [ParNew: 16388K->4K(18432K), 0.0031009 secs] 390231K->373847K(896640K), 0.0031427 secs] [Times: user=0.01 sys=0.00, real=0.01 secs] 
2020-10-28T08:28:25.796+0000: [GC (Allocation Failure) 2020-10-28T08:28:25.796+0000: [ParNew: 16388K->4K(18432K), 0.0027405 secs] 390231K->373847K(896640K), 0.0027897 secs] [Times: user=0.01 sys=0.00, real=0.00 secs] 
2020-10-28T08:28:25.815+0000: [GC (Allocation Failure) 2020-10-28T08:28:25.815+0000: [ParNew: 16388K->4K(18432K), 0.0025452 secs] 390231K->373847K(896640K), 0.0025865 secs] [Times: user=0.01 sys=0.00, real=0.00 secs] 
2020-10-28T08:28:25.833+0000: [GC (Allocation Failure) 2020-10-28T08:28:25.833+0000: [ParNew: 16388K->4K(18432K), 0.0026942 secs] 390231K->373847K(896640K), 0.0027393 secs] [Times: user=0.01 sys=0.00, real=0.00 secs] 
2020-10-28T08:28:25.854+0000: [GC (Allocation Failure) 2020-10-28T08:28:25.854+0000: [ParNew: 16388K->4K(18432K), 0.0054215 secs] 390231K->373847K(896640K), 0.0054768 secs] [Times: user=0.00 sys=0.00, real=0.01 secs] 
2020-10-28T08:28:25.876+0000: [GC (Allocation Failure) 2020-10-28T08:28:25.876+0000: [ParNew: 16388K->4K(18432K), 0.0028206 secs] 390231K->373847K(896640K), 0.0028691 secs] [Times: user=0.00 sys=0.00, real=0.00 secs] 
2020-10-28T08:28:25.894+0000: [GC (Allocation Failure) 2020-10-28T08:28:25.894+0000: [ParNew: 16388K->4K(18432K), 0.0027651 secs] 390231K->373847K(896640K), 0.0028086 secs] [Times: user=0.00 sys=0.00, real=0.00 secs] 
2020-10-28T08:28:25.913+0000: [GC (Allocation Failure) 2020-10-28T08:28:25.913+0000: [ParNew: 16388K->4K(18432K), 0.0026777 secs] 390231K->373847K(896640K), 0.0027199 secs] [Times: user=0.00 sys=0.00, real=0.00 secs] 
2020-10-28T08:28:25.931+0000: [GC (Allocation Failure) 2020-10-28T08:28:25.931+0000: [ParNew: 16388K->4K(18432K), 0.0026646 secs] 390231K->373847K(896640K), 0.0027083 secs] [Times: user=0.00 sys=0.00, real=0.00 secs] 
2020-10-28T08:28:25.950+0000: [GC (Allocation Failure) 2020-10-28T08:28:25.950+0000: [ParNew: 16388K->4K(18432K), 0.0027972 secs] 390231K->373847K(896640K), 0.0028417 secs] [Times: user=0.01 sys=0.00, real=0.00 secs] 
2020-10-28T08:28:25.969+0000: [GC (Allocation Failure) 2020-10-28T08:28:25.969+0000: [ParNew: 16388K->4K(18432K), 0.0028503 secs] 390231K->373847K(896640K), 0.0029070 secs] [Times: user=0.01 sys=0.00, real=0.00 secs] 
2020-10-28T08:28:25.988+0000: [GC (Allocation Failure) 2020-10-28T08:28:25.988+0000: [ParNew: 16388K->4K(18432K), 0.0028353 secs] 390231K->373847K(896640K), 0.0028784 secs] [Times: user=0.01 sys=0.00, real=0.00 secs] 
2020-10-28T08:28:26.006+0000: [GC (Allocation Failure) 2020-10-28T08:28:26.006+0000: [ParNew: 16387K->4K(18432K), 0.0027004 secs] 390231K->373847K(896640K), 0.0027435 secs] [Times: user=0.01 sys=0.00, real=0.01 secs] 
2020-10-28T08:28:26.025+0000: [GC (Allocation Failure) 2020-10-28T08:28:26.025+0000: [ParNew: 16388K->4K(18432K), 0.0026362 secs] 390231K->373847K(896640K), 0.0026795 secs] [Times: user=0.00 sys=0.00, real=0.00 secs] 
2020-10-28T08:28:26.043+0000: [GC (Allocation Failure) 2020-10-28T08:28:26.043+0000: [ParNew: 16388K->4K(18432K), 0.0026792 secs] 390231K->373847K(896640K), 0.0027225 secs] [Times: user=0.00 sys=0.00, real=0.00 secs] 
2020-10-28T08:28:26.062+0000: [GC (Allocation Failure) 2020-10-28T08:28:26.062+0000: [ParNew: 16388K->4K(18432K), 0.0026120 secs] 390231K->373847K(896640K), 0.0026550 secs] [Times: user=0.00 sys=0.00, real=0.00 secs] 
2020-10-28T08:28:26.080+0000: [GC (Allocation Failure) 2020-10-28T08:28:26.080+0000: [ParNew: 16388K->4K(18432K), 0.0026808 secs] 390231K->373847K(896640K), 0.0027233 secs] [Times: user=0.01 sys=0.00, real=0.00 secs] 
2020-10-28T08:28:26.099+0000: [GC (Allocation Failure) 2020-10-28T08:28:26.099+0000: [ParNew: 16388K->4K(18432K), 0.0027250 secs] 390231K->373847K(896640K), 0.0027700 secs] [Times: user=0.00 sys=0.00, real=0.01 secs] 
2020-10-28T08:28:26.119+0000: [GC (Allocation Failure) 2020-10-28T08:28:26.119+0000: [ParNew: 16388K->4K(18432K), 0.0029499 secs] 390231K->373847K(896640K), 0.0030027 secs] [Times: user=0.00 sys=0.00, real=0.01 secs] 
2020-10-28T08:28:26.138+0000: [GC (Allocation Failure) 2020-10-28T08:28:26.138+0000: [ParNew: 16388K->4K(18432K), 0.0027092 secs] 390231K->373847K(896640K), 0.0027514 secs] [Times: user=0.01 sys=0.00, real=0.01 secs] 
2020-10-28T08:28:26.157+0000: [GC (Allocation Failure) 2020-10-28T08:28:26.157+0000: [ParNew: 16388K->4K(18432K), 0.0025914 secs] 390231K->373847K(896640K), 0.0026352 secs] [Times: user=0.00 sys=0.00, real=0.00 secs] 
2020-10-28T08:28:26.175+0000: [GC (Allocation Failure) 2020-10-28T08:28:26.175+0000: [ParNew: 16388K->4K(18432K), 0.0028778 secs] 390231K->373847K(896640K), 0.0029292 secs] [Times: user=0.00 sys=0.00, real=0.00 secs] 
2020-10-28T08:28:26.194+0000: [GC (Allocation Failure) 2020-10-28T08:28:26.194+0000: [ParNew: 16388K->4K(18432K), 0.0030070 secs] 390231K->373847K(896640K), 0.0030585 secs] [Times: user=0.01 sys=0.00, real=0.00 secs] 
2020-10-28T08:28:26.213+0000: [GC (Allocation Failure) 2020-10-28T08:28:26.213+0000: [ParNew: 16388K->4K(18432K), 0.0028454 secs] 390231K->373847K(896640K), 0.0028939 secs] [Times: user=0.01 sys=0.00, real=0.00 secs] 
2020-10-28T08:28:26.232+0000: [GC (Allocation Failure) 2020-10-28T08:28:26.232+0000: [ParNew: 16388K->4K(18432K), 0.0027978 secs] 390231K->373847K(896640K), 0.0028448 secs] [Times: user=0.01 sys=0.00, real=0.00 secs] 
2020-10-28T08:28:26.251+0000: [GC (Allocation Failure) 2020-10-28T08:28:26.251+0000: [ParNew: 16388K->4K(18432K), 0.0026008 secs] 390231K->373847K(896640K), 0.0026583 secs] [Times: user=0.00 sys=0.00, real=0.00 secs] 
2020-10-28T08:28:26.269+0000: [GC (Allocation Failure) 2020-10-28T08:28:26.269+0000: [ParNew: 16388K->4K(18432K), 0.0026605 secs] 390231K->373847K(896640K), 0.0027008 secs] [Times: user=0.00 sys=0.00, real=0.00 secs] 
2020-10-28T08:28:26.288+0000: [GC (Allocation Failure) 2020-10-28T08:28:26.288+0000: [ParNew: 16388K->4K(18432K), 0.0026827 secs] 390231K->373847K(896640K), 0.0027254 secs] [Times: user=0.00 sys=0.00, real=0.00 secs] 
2020-10-28T08:28:26.307+0000: [GC (Allocation Failure) 2020-10-28T08:28:26.307+0000: [ParNew: 16388K->4K(18432K), 0.0027773 secs] 390231K->373847K(896640K), 0.0028203 secs] [Times: user=0.00 sys=0.00, real=0.01 secs] 
2020-10-28T08:28:26.325+0000: [GC (Allocation Failure) 2020-10-28T08:28:26.325+0000: [ParNew: 16388K->4K(18432K), 0.0027128 secs] 390231K->373847K(896640K), 0.0027559 secs] [Times: user=0.01 sys=0.00, real=0.01 secs] 
2020-10-28T08:28:26.344+0000: [GC (Allocation Failure) 2020-10-28T08:28:26.344+0000: [ParNew: 16388K->4K(18432K), 0.0025067 secs] 390231K->373847K(896640K), 0.0025536 secs] [Times: user=0.00 sys=0.00, real=0.00 secs] 
2020-10-28T08:28:26.362+0000: [GC (Allocation Failure) 2020-10-28T08:28:26.362+0000: [ParNew: 16388K->4K(18432K), 0.0027367 secs] 390231K->373847K(896640K), 0.0027783 secs] [Times: user=0.00 sys=0.00, real=0.00 secs] 
2020-10-28T08:28:26.381+0000: [GC (Allocation Failure) 2020-10-28T08:28:26.381+0000: [ParNew: 16388K->4K(18432K), 0.0025554 secs] 390231K->373847K(896640K), 0.0025976 secs] [Times: user=0.00 sys=0.00, real=0.00 secs] 
2020-10-28T08:28:26.399+0000: [GC (Allocation Failure) 2020-10-28T08:28:26.399+0000: [ParNew: 16388K->4K(18432K), 0.0026670 secs] 390231K->373847K(896640K), 0.0027114 secs] [Times: user=0.01 sys=0.00, real=0.01 secs] 
2020-10-28T08:28:26.418+0000: [GC (Allocation Failure) 2020-10-28T08:28:26.418+0000: [ParNew: 16388K->4K(18432K), 0.0028503 secs] 390231K->373847K(896640K), 0.0029009 secs] [Times: user=0.01 sys=0.00, real=0.01 secs] 
2020-10-28T08:28:26.437+0000: [GC (Allocation Failure) 2020-10-28T08:28:26.437+0000: [ParNew: 16388K->4K(18432K), 0.0028132 secs] 390231K->373847K(896640K), 0.0028609 secs] [Times: user=0.01 sys=0.00, real=0.00 secs] 
2020-10-28T08:28:26.455+0000: [GC (Allocation Failure) 2020-10-28T08:28:26.455+0000: [ParNew: 16388K->4K(18432K), 0.0027389 secs] 390231K->373847K(896640K), 0.0027817 secs] [Times: user=0.00 sys=0.00, real=0.00 secs] 
2020-10-28T08:28:26.473+0000: [GC (Allocation Failure) 2020-10-28T08:28:26.473+0000: [ParNew: 16388K->4K(18432K), 0.0026930 secs] 390231K->373847K(896640K), 0.0027380 secs] [Times: user=0.00 sys=0.00, real=0.00 secs] 
2020-10-28T08:28:26.491+0000: [GC (Allocation Failure) 2020-10-28T08:28:26.491+0000: [ParNew: 16388K->4K(18432K), 0.0026680 secs] 390231K->373847K(896640K), 0.0027084 secs] [Times: user=0.00 sys=0.00, real=0.00 secs] 
2020-10-28T08:28:26.780+0000: [GC (Allocation Failure) 2020-10-28T08:28:26.780+0000: [ParNew: 16388K->2K(18432K), 0.0050524 secs] 390231K->373845K(896640K), 0.0051216 secs] [Times: user=0.00 sys=0.00, real=0.00 secs] 
2020-10-28T08:28:26.805+0000: [GC (Allocation Failure) 2020-10-28T08:28:26.805+0000: [ParNew: 16386K->4K(18432K), 0.0027373 secs] 390229K->373847K(896640K), 0.0027836 secs] [Times: user=0.01 sys=0.00, real=0.00 secs] 
2020-10-28T08:28:26.827+0000: [GC (Allocation Failure) 2020-10-28T08:28:26.827+0000: [ParNew: 16388K->4K(18432K), 0.0028103 secs] 390231K->373847K(896640K), 0.0028564 secs] [Times: user=0.00 sys=0.00, real=0.01 secs] 
2020-10-28T08:28:26.849+0000: [GC (Allocation Failure) 2020-10-28T08:28:26.849+0000: [ParNew: 16388K->4K(18432K), 0.0027811 secs] 390231K->373848K(896640K), 0.0028276 secs] [Times: user=0.01 sys=0.00, real=0.00 secs] 
2020-10-28T08:28:26.872+0000: [GC (Allocation Failure) 2020-10-28T08:28:26.872+0000: [ParNew: 16388K->4K(18432K), 0.0027063 secs] 390232K->373848K(896640K), 0.0027536 secs] [Times: user=0.00 sys=0.00, real=0.00 secs] 
2020-10-28T08:28:26.896+0000: [GC (Allocation Failure) 2020-10-28T08:28:26.896+0000: [ParNew: 16388K->4K(18432K), 0.0027906 secs] 390232K->373848K(896640K), 0.0028372 secs] [Times: user=0.01 sys=0.00, real=0.00 secs] 
2020-10-28T08:28:26.919+0000: [GC (Allocation Failure) 2020-10-28T08:28:26.919+0000: [ParNew: 16388K->4K(18432K), 0.0027896 secs] 390232K->373849K(896640K), 0.0028359 secs] [Times: user=0.01 sys=0.00, real=0.01 secs] 
2020-10-28T08:28:26.942+0000: [GC (Allocation Failure) 2020-10-28T08:28:26.942+0000: [ParNew: 16388K->4K(18432K), 0.0028360 secs] 390233K->373849K(896640K), 0.0028835 secs] [Times: user=0.00 sys=0.00, real=0.00 secs] 
2020-10-28T08:28:26.964+0000: [GC (Allocation Failure) 2020-10-28T08:28:26.964+0000: [ParNew: 16388K->4K(18432K), 0.0028380 secs] 390233K->373849K(896640K), 0.0028875 secs] [Times: user=0.01 sys=0.00, real=0.00 secs] 
2020-10-28T08:28:26.987+0000: [GC (Allocation Failure) 2020-10-28T08:28:26.987+0000: [ParNew: 16388K->4K(18432K), 0.0029402 secs] 390233K->373849K(896640K), 0.0030093 secs] [Times: user=0.00 sys=0.00, real=0.01 secs] 
2020-10-28T08:28:27.010+0000: [GC (Allocation Failure) 2020-10-28T08:28:27.010+0000: [ParNew: 16388K->4K(18432K), 0.0027982 secs] 390233K->373849K(896640K), 0.0028477 secs] [Times: user=0.01 sys=0.00, real=0.00 secs] 
2020-10-28T08:28:27.033+0000: [GC (Allocation Failure) 2020-10-28T08:28:27.033+0000: [ParNew: 16388K->2K(18432K), 0.0028638 secs] 390233K->373847K(896640K), 0.0029140 secs] [Times: user=0.00 sys=0.00, real=0.00 secs] 
2020-10-28T08:28:27.056+0000: [GC (Allocation Failure) 2020-10-28T08:28:27.056+0000: [ParNew: 16386K->2K(18432K), 0.0028742 secs] 390231K->373847K(896640K), 0.0029233 secs] [Times: user=0.01 sys=0.00, real=0.00 secs] 
2020-10-28T08:28:27.079+0000: [GC (Allocation Failure) 2020-10-28T08:28:27.079+0000: [ParNew: 16386K->4K(18432K), 0.0027483 secs] 390231K->373849K(896640K), 0.0027955 secs] [Times: user=0.00 sys=0.00, real=0.01 secs] 
2020-10-28T08:28:27.102+0000: [GC (Allocation Failure) 2020-10-28T08:28:27.102+0000: [ParNew: 16388K->4K(18432K), 0.0028174 secs] 390233K->373849K(896640K), 0.0028645 secs] [Times: user=0.01 sys=0.00, real=0.00 secs] 
2020-10-28T08:28:27.125+0000: [GC (Allocation Failure) 2020-10-28T08:28:27.125+0000: [ParNew: 16388K->4K(18432K), 0.0027494 secs] 390233K->373849K(896640K), 0.0027964 secs] [Times: user=0.01 sys=0.00, real=0.00 secs] 
2020-10-28T08:28:27.761+0000: [GC (Allocation Failure) 2020-10-28T08:28:27.761+0000: [ParNew: 16388K->902K(18432K), 0.0043649 secs] 390233K->374747K(896640K), 0.0044397 secs] [Times: user=0.01 sys=0.00, real=0.00 secs] 
2020-10-28T08:28:27.883+0000: [GC (Allocation Failure) 2020-10-28T08:28:27.883+0000: [ParNew: 17286K->1714K(18432K), 0.0052510 secs] 391131K->375559K(896640K), 0.0053158 secs] [Times: user=0.01 sys=0.00, real=0.01 secs] 
2020-10-28T08:28:28.001+0000: [GC (Allocation Failure) 2020-10-28T08:28:28.001+0000: [ParNew: 18098K->1642K(18432K), 0.0099487 secs] 391943K->376542K(896640K), 0.0100227 secs] [Times: user=0.02 sys=0.00, real=0.01 secs] 
2020-10-28T08:28:28.064+0000: [GC (Allocation Failure) 2020-10-28T08:28:28.064+0000: [ParNew: 18026K->943K(18432K), 0.0083709 secs] 392926K->376785K(896640K), 0.0084483 secs] [Times: user=0.02 sys=0.00, real=0.01 secs] 
2020-10-28T08:28:28.114+0000: [GC (Allocation Failure) 2020-10-28T08:28:28.114+0000: [ParNew: 17327K->560K(18432K), 0.0038747 secs] 393169K->376401K(896640K), 0.0039477 secs] [Times: user=0.01 sys=0.00, real=0.00 secs] 
2020-10-28T08:28:28.163+0000: [GC (Allocation Failure) 2020-10-28T08:28:28.164+0000: [ParNew: 16944K->1154K(18432K), 0.0032177 secs] 392785K->376996K(896640K), 0.0032771 secs] [Times: user=0.01 sys=0.01, real=0.00 secs] 
2020-10-28T08:28:28.214+0000: [GC (Allocation Failure) 2020-10-28T08:28:28.214+0000: [ParNew: 17538K->36K(18432K), 0.0032648 secs] 393380K->376662K(896640K), 0.0033198 secs] [Times: user=0.00 sys=0.00, real=0.00 secs] 
2020-10-28T08:28:28.252+0000: [GC (Allocation Failure) 2020-10-28T08:28:28.252+0000: [ParNew: 16420K->1033K(18432K), 0.0032346 secs] 393046K->377659K(896640K), 0.0032862 secs] [Times: user=0.01 sys=0.00, real=0.00 secs] 
2020-10-28T08:28:28.286+0000: [GC (Allocation Failure) 2020-10-28T08:28:28.286+0000: [ParNew: 17417K->4K(18432K), 0.0030166 secs] 394043K->377142K(896640K), 0.0030750 secs] [Times: user=0.00 sys=0.00, real=0.01 secs] 
2020-10-28T08:28:28.322+0000: [GC (Allocation Failure) 2020-10-28T08:28:28.322+0000: [ParNew: 16388K->4K(18432K), 0.0029361 secs] 393526K->377142K(896640K), 0.0029868 secs] [Times: user=0.00 sys=0.00, real=0.00 secs] 
2020-10-28T08:28:28.355+0000: [GC (Allocation Failure) 2020-10-28T08:28:28.355+0000: [ParNew: 16388K->4K(18432K), 0.0027808 secs] 393526K->377142K(896640K), 0.0028283 secs] [Times: user=0.00 sys=0.00, real=0.00 secs] 
2020-10-28T08:28:28.379+0000: [GC (Allocation Failure) 2020-10-28T08:28:28.379+0000: [ParNew: 16388K->4K(18432K), 0.0026597 secs] 393526K->377142K(896640K), 0.0027022 secs] [Times: user=0.00 sys=0.00, real=0.01 secs] 
2020-10-28T08:28:28.404+0000: [GC (Allocation Failure) 2020-10-28T08:28:28.404+0000: [ParNew: 16388K->1028K(18432K), 0.0029567 secs] 393526K->379190K(896640K), 0.0030004 secs] [Times: user=0.01 sys=0.00, real=0.00 secs] 
2020-10-28T08:28:28.436+0000: [GC (Allocation Failure) 2020-10-28T08:28:28.436+0000: [ParNew: 17412K->4K(18432K), 0.0028663 secs] 395574K->378166K(896640K), 0.0029169 secs] [Times: user=0.01 sys=0.00, real=0.00 secs] 
2020-10-28T08:28:28.460+0000: [GC (Allocation Failure) 2020-10-28T08:28:28.460+0000: [ParNew: 16388K->4K(18432K), 0.0027025 secs] 394550K->378166K(896640K), 0.0027480 secs] [Times: user=0.01 sys=0.00, real=0.00 secs] 
2020-10-28T08:28:28.480+0000: [GC (Allocation Failure) 2020-10-28T08:28:28.480+0000: [ParNew: 16388K->4K(18432K), 0.0027723 secs] 394550K->378166K(896640K), 0.0028202 secs] [Times: user=0.01 sys=0.00, real=0.00 secs] 
2020-10-28T08:28:28.504+0000: [GC (Allocation Failure) 2020-10-28T08:28:28.504+0000: [ParNew: 16388K->4K(18432K), 0.0026736 secs] 394550K->378166K(896640K), 0.0027199 secs] [Times: user=0.01 sys=0.00, real=0.00 secs] 
2020-10-28T08:28:28.528+0000: [GC (Allocation Failure) 2020-10-28T08:28:28.528+0000: [ParNew: 16388K->4K(18432K), 0.0026905 secs] 394550K->378166K(896640K), 0.0027326 secs] [Times: user=0.00 sys=0.00, real=0.00 secs] 
2020-10-28T08:28:28.552+0000: [GC (Allocation Failure) 2020-10-28T08:28:28.552+0000: [ParNew: 16388K->4K(18432K), 0.0026878 secs] 394550K->378166K(896640K), 0.0027305 secs] [Times: user=0.01 sys=0.00, real=0.00 secs] 
2020-10-28T08:28:28.576+0000: [GC (Allocation Failure) 2020-10-28T08:28:28.576+0000: [ParNew: 16388K->4K(18432K), 0.0027128 secs] 394550K->378166K(896640K), 0.0027565 secs] [Times: user=0.00 sys=0.00, real=0.00 secs] 
2020-10-28T08:28:28.596+0000: [GC (Allocation Failure) 2020-10-28T08:28:28.596+0000: [ParNew: 16388K->4K(18432K), 0.0031809 secs] 394550K->380214K(896640K), 0.0032605 secs] [Times: user=0.01 sys=0.00, real=0.00 secs] 
2020-10-28T08:28:28.624+0000: [GC (Allocation Failure) 2020-10-28T08:28:28.624+0000: [ParNew: 16388K->4K(18432K), 0.0028167 secs] 396598K->380214K(896640K), 0.0028643 secs] [Times: user=0.00 sys=0.00, real=0.00 secs] 
2020-10-28T08:28:28.652+0000: [GC (Allocation Failure) 2020-10-28T08:28:28.652+0000: [ParNew: 16388K->4K(18432K), 0.0028349 secs] 396598K->380214K(896640K), 0.0028850 secs] [Times: user=0.00 sys=0.00, real=0.00 secs] 
2020-10-28T08:28:28.687+0000: [GC (Allocation Failure) 2020-10-28T08:28:28.687+0000: [ParNew: 16388K->4K(18432K), 0.0033664 secs] 396598K->380214K(896640K), 0.0034183 secs] [Times: user=0.01 sys=0.00, real=0.01 secs] 
2020-10-28T08:28:28.720+0000: [GC (Allocation Failure) 2020-10-28T08:28:28.720+0000: [ParNew: 16388K->4K(18432K), 0.0029514 secs] 396598K->380214K(896640K), 0.0030308 secs] [Times: user=0.01 sys=0.00, real=0.00 secs] 
2020-10-28T08:28:28.744+0000: [GC (Allocation Failure) 2020-10-28T08:28:28.744+0000: [ParNew: 16388K->4K(18432K), 0.0028263 secs] 396598K->380214K(896640K), 0.0028725 secs] [Times: user=0.01 sys=0.00, real=0.00 secs] 
2020-10-28T08:28:28.772+0000: [GC (Allocation Failure) 2020-10-28T08:28:28.772+0000: [ParNew: 16388K->4K(18432K), 0.0028677 secs] 396598K->380214K(896640K), 0.0029154 secs] [Times: user=0.01 sys=0.00, real=0.00 secs] 
2020-10-28T08:28:28.800+0000: [GC (Allocation Failure) 2020-10-28T08:28:28.800+0000: [ParNew: 16388K->4K(18432K), 0.0042404 secs] 396598K->380214K(896640K), 0.0042886 secs] [Times: user=0.00 sys=0.00, real=0.00 secs] 
2020-10-28T08:28:28.840+0000: [GC (Allocation Failure) 2020-10-28T08:28:28.840+0000: [ParNew: 16388K->4K(18432K), 0.0029227 secs] 396598K->380214K(896640K), 0.0029825 secs] [Times: user=0.00 sys=0.00, real=0.00 secs] 
2020-10-28T08:28:28.876+0000: [GC (Allocation Failure) 2020-10-28T08:28:28.876+0000: [ParNew: 16388K->2K(18432K), 0.0059063 secs] 396598K->380212K(896640K), 0.0059634 secs] [Times: user=0.01 sys=0.00, real=0.01 secs] 
2020-10-28T08:28:28.914+0000: [GC (Allocation Failure) 2020-10-28T08:28:28.914+0000: [ParNew: 16386K->4K(18432K), 0.0084510 secs] 396596K->380214K(896640K), 0.0085373 secs] [Times: user=0.02 sys=0.00, real=0.01 secs] 
2020-10-28T08:28:28.962+0000: [GC (Allocation Failure) 2020-10-28T08:28:28.962+0000: [ParNew: 16388K->4K(18432K), 0.0092222 secs] 396598K->380214K(896640K), 0.0092923 secs] [Times: user=0.03 sys=0.00, real=0.01 secs] 
2020-10-28T08:28:29.002+0000: [GC (Allocation Failure) 2020-10-28T08:28:29.002+0000: [ParNew: 16388K->4K(18432K), 0.0095641 secs] 396598K->380214K(896640K), 0.0096292 secs] [Times: user=0.02 sys=0.00, real=0.01 secs] 
2020-10-28T08:28:29.033+0000: [GC (Allocation Failure) 2020-10-28T08:28:29.033+0000: [ParNew: 16388K->4K(18432K), 0.0029480 secs] 396598K->380215K(896640K), 0.0030173 secs] [Times: user=0.01 sys=0.00, real=0.00 secs] 
2020-10-28T08:28:29.056+0000: [GC (Allocation Failure) 2020-10-28T08:28:29.056+0000: [ParNew: 16388K->4K(18432K), 0.0029106 secs] 396599K->380215K(896640K), 0.0029593 secs] [Times: user=0.01 sys=0.00, real=0.00 secs] 
2020-10-28T08:28:29.073+0000: [GC (Allocation Failure) 2020-10-28T08:28:29.073+0000: [ParNew: 12454K->4K(18432K), 0.0023777 secs] 392665K->380215K(896640K), 0.0024179 secs] [Times: user=0.01 sys=0.00, real=0.00 secs] 
2020-10-28T08:28:29.092+0000: [GC (Allocation Failure) 2020-10-28T08:28:29.092+0000: [ParNew: 16388K->4K(18432K), 0.0034349 secs] 396599K->384311K(896640K), 0.0034806 secs] [Times: user=0.00 sys=0.00, real=0.00 secs] 
2020-10-28T08:28:29.115+0000: [GC (Allocation Failure) 2020-10-28T08:28:29.115+0000: [ParNew: 16388K->4K(18432K), 0.0028791 secs] 400695K->384311K(896640K), 0.0029223 secs] [Times: user=0.01 sys=0.00, real=0.00 secs] 
2020-10-28T08:28:29.136+0000: [GC (Allocation Failure) 2020-10-28T08:28:29.136+0000: [ParNew: 16388K->4K(18432K), 0.0027093 secs] 400695K->384311K(896640K), 0.0027526 secs] [Times: user=0.01 sys=0.00, real=0.00 secs] 
2020-10-28T08:28:29.161+0000: [GC (Allocation Failure) 2020-10-28T08:28:29.161+0000: [ParNew: 16388K->4K(18432K), 0.0028535 secs] 400695K->384311K(896640K), 0.0029436 secs] [Times: user=0.01 sys=0.00, real=0.00 secs] 
2020-10-28T08:28:29.180+0000: [GC (Allocation Failure) 2020-10-28T08:28:29.180+0000: [ParNew: 16388K->4K(18432K), 0.0027981 secs] 400695K->384311K(896640K), 0.0028437 secs] [Times: user=0.01 sys=0.00, real=0.00 secs] 
2020-10-28T08:28:29.198+0000: [GC (Allocation Failure) 2020-10-28T08:28:29.198+0000: [ParNew: 16388K->4K(18432K), 0.0026720 secs] 400695K->384311K(896640K), 0.0027153 secs] [Times: user=0.00 sys=0.00, real=0.01 secs] 
2020-10-28T08:28:29.219+0000: [GC (Allocation Failure) 2020-10-28T08:28:29.219+0000: [ParNew: 16388K->4K(18432K), 0.0027995 secs] 400695K->384311K(896640K), 0.0028469 secs] [Times: user=0.01 sys=0.00, real=0.01 secs] 
2020-10-28T08:28:29.236+0000: [GC (Allocation Failure) 2020-10-28T08:28:29.236+0000: [ParNew: 16388K->4K(18432K), 0.0028261 secs] 400695K->384311K(896640K), 0.0028711 secs] [Times: user=0.00 sys=0.00, real=0.00 secs] 
2020-10-28T08:28:29.254+0000: [GC (Allocation Failure) 2020-10-28T08:28:29.254+0000: [ParNew: 16388K->4K(18432K), 0.0025872 secs] 400695K->384311K(896640K), 0.0026299 secs] [Times: user=0.01 sys=0.00, real=0.00 secs] 
2020-10-28T08:28:29.276+0000: [GC (Allocation Failure) 2020-10-28T08:28:29.276+0000: [ParNew: 16388K->4K(18432K), 0.0026139 secs] 400695K->384311K(896640K), 0.0026584 secs] [Times: user=0.00 sys=0.00, real=0.00 secs] 
2020-10-28T08:28:29.298+0000: [GC (Allocation Failure) 2020-10-28T08:28:29.298+0000: [ParNew: 16388K->4K(18432K), 0.0027095 secs] 400695K->384311K(896640K), 0.0027554 secs] [Times: user=0.00 sys=0.00, real=0.01 secs] 
2020-10-28T08:28:29.319+0000: [GC (Allocation Failure) 2020-10-28T08:28:29.319+0000: [ParNew: 16388K->4K(18432K), 0.0027299 secs] 400695K->384311K(896640K), 0.0027722 secs] [Times: user=0.01 sys=0.00, real=0.01 secs] 
2020-10-28T08:28:29.337+0000: [GC (Allocation Failure) 2020-10-28T08:28:29.337+0000: [ParNew: 16388K->4K(18432K), 0.0026483 secs] 400695K->384311K(896640K), 0.0027118 secs] [Times: user=0.00 sys=0.00, real=0.00 secs] 
2020-10-28T08:28:29.354+0000: [GC (Allocation Failure) 2020-10-28T08:28:29.354+0000: [ParNew: 16388K->4K(18432K), 0.0026800 secs] 400695K->384311K(896640K), 0.0027211 secs] [Times: user=0.00 sys=0.00, real=0.00 secs] 
2020-10-28T08:28:29.372+0000: [GC (Allocation Failure) 2020-10-28T08:28:29.372+0000: [ParNew: 16388K->4K(18432K), 0.0026181 secs] 400695K->384311K(896640K), 0.0026602 secs] [Times: user=0.01 sys=0.00, real=0.00 secs] 
2020-10-28T08:28:29.390+0000: [GC (Allocation Failure) 2020-10-28T08:28:29.390+0000: [ParNew: 16388K->4K(18432K), 0.0027659 secs] 400695K->384311K(896640K), 0.0028099 secs] [Times: user=0.00 sys=0.00, real=0.00 secs] 
2020-10-28T08:28:29.407+0000: [GC (Allocation Failure) 2020-10-28T08:28:29.408+0000: [ParNew: 16388K->4K(18432K), 0.0027420 secs] 400695K->384311K(896640K), 0.0027898 secs] [Times: user=0.00 sys=0.00, real=0.01 secs] 
2020-10-28T08:28:29.428+0000: [GC (Allocation Failure) 2020-10-28T08:28:29.428+0000: [ParNew: 16388K->4K(18432K), 0.0028357 secs] 400695K->384311K(896640K), 0.0028848 secs] [Times: user=0.01 sys=0.00, real=0.00 secs] 
2020-10-28T08:28:29.446+0000: [GC (Allocation Failure) 2020-10-28T08:28:29.446+0000: [ParNew: 16388K->4K(18432K), 0.0029036 secs] 400695K->384311K(896640K), 0.0029490 secs] [Times: user=0.00 sys=0.00, real=0.01 secs] 
2020-10-28T08:28:29.464+0000: [GC (Allocation Failure) 2020-10-28T08:28:29.464+0000: [ParNew: 16388K->4K(18432K), 0.0028150 secs] 400695K->384311K(896640K), 0.0028580 secs] [Times: user=0.01 sys=0.00, real=0.00 secs] 
2020-10-28T08:28:29.482+0000: [GC (Allocation Failure) 2020-10-28T08:28:29.482+0000: [ParNew: 16388K->4K(18432K), 0.0026310 secs] 400695K->384311K(896640K), 0.0026749 secs] [Times: user=0.00 sys=0.00, real=0.00 secs] 
2020-10-28T08:28:29.500+0000: [GC (Allocation Failure) 2020-10-28T08:28:29.500+0000: [ParNew: 16388K->4K(18432K), 0.0026703 secs] 400695K->384311K(896640K), 0.0027326 secs] [Times: user=0.00 sys=0.00, real=0.01 secs] 
2020-10-28T08:28:29.520+0000: [GC (Allocation Failure) 2020-10-28T08:28:29.520+0000: [ParNew: 16388K->4K(18432K), 0.0026606 secs] 400695K->384311K(896640K), 0.0027048 secs] [Times: user=0.01 sys=0.00, real=0.00 secs] 
2020-10-28T08:28:29.537+0000: [GC (Allocation Failure) 2020-10-28T08:28:29.538+0000: [ParNew: 16388K->4K(18432K), 0.0026053 secs] 400695K->384311K(896640K), 0.0026476 secs] [Times: user=0.01 sys=0.00, real=0.01 secs] 
2020-10-28T08:28:29.559+0000: [GC (Allocation Failure) 2020-10-28T08:28:29.559+0000: [ParNew: 16388K->4K(18432K), 0.0027186 secs] 400695K->384311K(896640K), 0.0027615 secs] [Times: user=0.01 sys=0.00, real=0.01 secs] 
2020-10-28T08:28:29.577+0000: [GC (Allocation Failure) 2020-10-28T08:28:29.577+0000: [ParNew: 16388K->4K(18432K), 0.0026993 secs] 400695K->384311K(896640K), 0.0027504 secs] [Times: user=0.00 sys=0.00, real=0.01 secs] 
2020-10-28T08:28:29.595+0000: [GC (Allocation Failure) 2020-10-28T08:28:29.595+0000: [ParNew: 16388K->4K(18432K), 0.0027837 secs] 400695K->384311K(896640K), 0.0028302 secs] [Times: user=0.01 sys=0.00, real=0.00 secs] 
2020-10-28T08:28:29.616+0000: [GC (Allocation Failure) 2020-10-28T08:28:29.616+0000: [ParNew: 16388K->4K(18432K), 0.0027279 secs] 400695K->384311K(896640K), 0.0027719 secs] [Times: user=0.01 sys=0.00, real=0.00 secs] 
2020-10-28T08:28:29.634+0000: [GC (Allocation Failure) 2020-10-28T08:28:29.634+0000: [ParNew: 16388K->4K(18432K), 0.0026842 secs] 400695K->384311K(896640K), 0.0027255 secs] [Times: user=0.00 sys=0.00, real=0.00 secs] 
2020-10-28T08:28:29.652+0000: [GC (Allocation Failure) 2020-10-28T08:28:29.652+0000: [ParNew: 16388K->4K(18432K), 0.0027366 secs] 400695K->384311K(896640K), 0.0027831 secs] [Times: user=0.01 sys=0.00, real=0.00 secs] 
2020-10-28T08:28:29.672+0000: [GC (Allocation Failure) 2020-10-28T08:28:29.672+0000: [ParNew: 16388K->4K(18432K), 0.0027730 secs] 400695K->384311K(896640K), 0.0028194 secs] [Times: user=0.00 sys=0.00, real=0.00 secs] 
2020-10-28T08:28:29.690+0000: [GC (Allocation Failure) 2020-10-28T08:28:29.690+0000: [ParNew: 16388K->4K(18432K), 0.0028824 secs] 400695K->384311K(896640K), 0.0029436 secs] [Times: user=0.01 sys=0.00, real=0.00 secs] 
2020-10-28T08:28:29.708+0000: [GC (Allocation Failure) 2020-10-28T08:28:29.708+0000: [ParNew: 16388K->4K(18432K), 0.0028184 secs] 400695K->384311K(896640K), 0.0028756 secs] [Times: user=0.00 sys=0.00, real=0.00 secs] 
2020-10-28T08:28:29.728+0000: [GC (Allocation Failure) 2020-10-28T08:28:29.728+0000: [ParNew: 16388K->4K(18432K), 0.0027621 secs] 400695K->384311K(896640K), 0.0028044 secs] [Times: user=0.01 sys=0.00, real=0.00 secs] 
2020-10-28T08:28:29.748+0000: [GC (Allocation Failure) 2020-10-28T08:28:29.748+0000: [ParNew: 16388K->4K(18432K), 0.0027413 secs] 400695K->384311K(896640K), 0.0027839 secs] [Times: user=0.01 sys=0.00, real=0.00 secs] 
2020-10-28T08:28:29.768+0000: [GC (Allocation Failure) 2020-10-28T08:28:29.768+0000: [ParNew: 16388K->4K(18432K), 0.0027046 secs] 400695K->384312K(896640K), 0.0027469 secs] [Times: user=0.01 sys=0.00, real=0.00 secs] 
2020-10-28T08:28:29.788+0000: [GC (Allocation Failure) 2020-10-28T08:28:29.788+0000: [ParNew: 16388K->4K(18432K), 0.0026967 secs] 400696K->384312K(896640K), 0.0027390 secs] [Times: user=0.00 sys=0.00, real=0.00 secs] 
2020-10-28T08:28:29.806+0000: [GC (Allocation Failure) 2020-10-28T08:28:29.806+0000: [ParNew: 16388K->4K(18432K), 0.0029164 secs] 400696K->384312K(896640K), 0.0029598 secs] [Times: user=0.01 sys=0.00, real=0.01 secs] 
2020-10-28T08:28:29.823+0000: [GC (Allocation Failure) 2020-10-28T08:28:29.823+0000: [ParNew: 16388K->4K(18432K), 0.0026304 secs] 400696K->384312K(896640K), 0.0026739 secs] [Times: user=0.00 sys=0.00, real=0.00 secs] 
2020-10-28T08:28:29.841+0000: [GC (Allocation Failure) 2020-10-28T08:28:29.841+0000: [ParNew: 16388K->4K(18432K), 0.0026154 secs] 400696K->384312K(896640K), 0.0026595 secs] [Times: user=0.01 sys=0.00, real=0.00 secs] 
2020-10-28T08:28:29.859+0000: [GC (Allocation Failure) 2020-10-28T08:28:29.859+0000: [ParNew: 16388K->4K(18432K), 0.0026560 secs] 400696K->384312K(896640K), 0.0026960 secs] [Times: user=0.00 sys=0.00, real=0.01 secs] 
2020-10-28T08:28:29.876+0000: [GC (Allocation Failure) 2020-10-28T08:28:29.876+0000: [ParNew: 16388K->4K(18432K), 0.0026275 secs] 400696K->384312K(896640K), 0.0026699 secs] [Times: user=0.01 sys=0.00, real=0.00 secs] 
2020-10-28T08:28:29.898+0000: [GC (Allocation Failure) 2020-10-28T08:28:29.898+0000: [ParNew: 16388K->4K(18432K), 0.0027471 secs] 400696K->384312K(896640K), 0.0028090 secs] [Times: user=0.00 sys=0.00, real=0.01 secs] 
2020-10-28T08:28:29.917+0000: [GC (Allocation Failure) 2020-10-28T08:28:29.917+0000: [ParNew: 16388K->4K(18432K), 0.0040231 secs] 400696K->384312K(896640K), 0.0040673 secs] [Times: user=0.01 sys=0.00, real=0.01 secs] 
2020-10-28T08:28:29.940+0000: [GC (Allocation Failure) 2020-10-28T08:28:29.940+0000: [ParNew: 16388K->4K(18432K), 0.0026841 secs] 400696K->384312K(896640K), 0.0027300 secs] [Times: user=0.01 sys=0.00, real=0.00 secs] 
2020-10-28T08:28:29.960+0000: [GC (Allocation Failure) 2020-10-28T08:28:29.960+0000: [ParNew: 16388K->4K(18432K), 0.0026355 secs] 400696K->384312K(896640K), 0.0026858 secs] [Times: user=0.00 sys=0.00, real=0.00 secs] 
2020-10-28T08:28:29.977+0000: [GC (Allocation Failure) 2020-10-28T08:28:29.977+0000: [ParNew: 16388K->4K(18432K), 0.0026485 secs] 400696K->384312K(896640K), 0.0026926 secs] [Times: user=0.01 sys=0.00, real=0.01 secs] 
2020-10-28T08:28:29.996+0000: [GC (Allocation Failure) 2020-10-28T08:28:29.996+0000: [ParNew: 16388K->4K(18432K), 0.0027143 secs] 400696K->384312K(896640K), 0.0027598 secs] [Times: user=0.00 sys=0.00, real=0.00 secs] 
2020-10-28T08:28:30.016+0000: [GC (Allocation Failure) 2020-10-28T08:28:30.016+0000: [ParNew: 16388K->4K(18432K), 0.0029003 secs] 400696K->384312K(896640K), 0.0029501 secs] [Times: user=0.01 sys=0.00, real=0.00 secs] 
2020-10-28T08:28:30.034+0000: [GC (Allocation Failure) 2020-10-28T08:28:30.034+0000: [ParNew: 16388K->4K(18432K), 0.0027811 secs] 400696K->384312K(896640K), 0.0028246 secs] [Times: user=0.00 sys=0.00, real=0.00 secs] 
2020-10-28T08:28:30.052+0000: [GC (Allocation Failure) 2020-10-28T08:28:30.052+0000: [ParNew: 16388K->4K(18432K), 0.0027406 secs] 400696K->384312K(896640K), 0.0027821 secs] [Times: user=0.01 sys=0.00, real=0.00 secs] 
2020-10-28T08:28:30.069+0000: [GC (Allocation Failure) 2020-10-28T08:28:30.069+0000: [ParNew: 16388K->4K(18432K), 0.0027659 secs] 400696K->384312K(896640K), 0.0028075 secs] [Times: user=0.01 sys=0.00, real=0.00 secs] 
2020-10-28T08:28:30.087+0000: [GC (Allocation Failure) 2020-10-28T08:28:30.087+0000: [ParNew: 16388K->4K(18432K), 0.0026902 secs] 400696K->384312K(896640K), 0.0027323 secs] [Times: user=0.00 sys=0.00, real=0.01 secs] 
2020-10-28T08:28:30.108+0000: [GC (Allocation Failure) 2020-10-28T08:28:30.108+0000: [ParNew: 16388K->4K(18432K), 0.0026944 secs] 400696K->384312K(896640K), 0.0027366 secs] [Times: user=0.00 sys=0.00, real=0.00 secs] 
2020-10-28T08:28:30.125+0000: [GC (Allocation Failure) 2020-10-28T08:28:30.125+0000: [ParNew: 16388K->4K(18432K), 0.0026710 secs] 400696K->384312K(896640K), 0.0027142 secs] [Times: user=0.01 sys=0.00, real=0.01 secs] 
2020-10-28T08:28:30.143+0000: [GC (Allocation Failure) 2020-10-28T08:28:30.143+0000: [ParNew: 16388K->4K(18432K), 0.0026268 secs] 400696K->384312K(896640K), 0.0026711 secs] [Times: user=0.00 sys=0.00, real=0.00 secs] 
2020-10-28T08:28:30.164+0000: [GC (Allocation Failure) 2020-10-28T08:28:30.164+0000: [ParNew: 16388K->4K(18432K), 0.0025670 secs] 400696K->384312K(896640K), 0.0026105 secs] [Times: user=0.00 sys=0.00, real=0.00 secs] 
2020-10-28T08:28:30.181+0000: [GC (Allocation Failure) 2020-10-28T08:28:30.181+0000: [ParNew: 16388K->4K(18432K), 0.0026654 secs] 400696K->384312K(896640K), 0.0027080 secs] [Times: user=0.01 sys=0.00, real=0.00 secs] 
2020-10-28T08:28:30.200+0000: [GC (Allocation Failure) 2020-10-28T08:28:30.200+0000: [ParNew: 16388K->4K(18432K), 0.0026456 secs] 400696K->384312K(896640K), 0.0026895 secs] [Times: user=0.00 sys=0.00, real=0.00 secs] 
2020-10-28T08:28:30.220+0000: [GC (Allocation Failure) 2020-10-28T08:28:30.220+0000: [ParNew: 16388K->4K(18432K), 0.0026930 secs] 400696K->384312K(896640K), 0.0027379 secs] [Times: user=0.01 sys=0.00, real=0.00 secs] 
2020-10-28T08:28:30.237+0000: [GC (Allocation Failure) 2020-10-28T08:28:30.237+0000: [ParNew: 16388K->4K(18432K), 0.0027358 secs] 400696K->384312K(896640K), 0.0027822 secs] [Times: user=0.00 sys=0.00, real=0.01 secs] 
2020-10-28T08:28:30.256+0000: [GC (Allocation Failure) 2020-10-28T08:28:30.256+0000: [ParNew: 16388K->4K(18432K), 0.0028152 secs] 400696K->384312K(896640K), 0.0028629 secs] [Times: user=0.01 sys=0.00, real=0.00 secs] 
2020-10-28T08:28:30.276+0000: [GC (Allocation Failure) 2020-10-28T08:28:30.276+0000: [ParNew: 16388K->4K(18432K), 0.0028650 secs] 400696K->384312K(896640K), 0.0029160 secs] [Times: user=0.00 sys=0.00, real=0.00 secs] 
2020-10-28T08:28:30.298+0000: [GC (Allocation Failure) 2020-10-28T08:28:30.298+0000: [ParNew: 16388K->4K(18432K), 0.0038940 secs] 400696K->384312K(896640K), 0.0039646 secs] [Times: user=0.00 sys=0.00, real=0.01 secs] 
2020-10-28T08:28:30.324+0000: [GC (Allocation Failure) 2020-10-28T08:28:30.324+0000: [ParNew: 16388K->4K(18432K), 0.0028078 secs] 400696K->384312K(896640K), 0.0028552 secs] [Times: user=0.01 sys=0.00, real=0.00 secs] 
2020-10-28T08:28:30.341+0000: [GC (Allocation Failure) 2020-10-28T08:28:30.341+0000: [ParNew: 16388K->4K(18432K), 0.0026450 secs] 400696K->384312K(896640K), 0.0026899 secs] [Times: user=0.00 sys=0.00, real=0.00 secs] 
2020-10-28T08:28:30.360+0000: [GC (Allocation Failure) 2020-10-28T08:28:30.360+0000: [ParNew: 16388K->4K(18432K), 0.0026496 secs] 400696K->384312K(896640K), 0.0026905 secs] [Times: user=0.01 sys=0.00, real=0.00 secs] 
2020-10-28T08:28:30.380+0000: [GC (Allocation Failure) 2020-10-28T08:28:30.380+0000: [ParNew: 16388K->4K(18432K), 0.0026772 secs] 400696K->384312K(896640K), 0.0027192 secs] [Times: user=0.00 sys=0.00, real=0.00 secs] 
2020-10-28T08:28:30.397+0000: [GC (Allocation Failure) 2020-10-28T08:28:30.397+0000: [ParNew: 16388K->4K(18432K), 0.0026766 secs] 400696K->384312K(896640K), 0.0027196 secs] [Times: user=0.01 sys=0.00, real=0.01 secs] 
2020-10-28T08:28:30.415+0000: [GC (Allocation Failure) 2020-10-28T08:28:30.415+0000: [ParNew: 16388K->4K(18432K), 0.0027066 secs] 400696K->384312K(896640K), 0.0027557 secs] [Times: user=0.00 sys=0.00, real=0.00 secs] 
2020-10-28T08:28:30.433+0000: [GC (Allocation Failure) 2020-10-28T08:28:30.433+0000: [ParNew: 16388K->4K(18432K), 0.0026812 secs] 400696K->384312K(896640K), 0.0027320 secs] [Times: user=0.01 sys=0.00, real=0.00 secs] 
2020-10-28T08:28:30.452+0000: [GC (Allocation Failure) 2020-10-28T08:28:30.452+0000: [ParNew: 16388K->4K(18432K), 0.0027299 secs] 400696K->384312K(896640K), 0.0027755 secs] [Times: user=0.00 sys=0.00, real=0.00 secs] 
2020-10-28T08:28:30.472+0000: [GC (Allocation Failure) 2020-10-28T08:28:30.472+0000: [ParNew: 16388K->4K(18432K), 0.0026772 secs] 400696K->384312K(896640K), 0.0027215 secs] [Times: user=0.00 sys=0.00, real=0.00 secs] 
2020-10-28T08:28:30.490+0000: [GC (Allocation Failure) 2020-10-28T08:28:30.490+0000: [ParNew: 16388K->4K(18432K), 0.0028052 secs] 400696K->384312K(896640K), 0.0028534 secs] [Times: user=0.00 sys=0.00, real=0.00 secs] 
2020-10-28T08:28:30.507+0000: [GC (Allocation Failure) 2020-10-28T08:28:30.507+0000: [ParNew: 16388K->4K(18432K), 0.0026792 secs] 400696K->384312K(896640K), 0.0027226 secs] [Times: user=0.01 sys=0.00, real=0.01 secs] 
2020-10-28T08:28:30.525+0000: [GC (Allocation Failure) 2020-10-28T08:28:30.525+0000: [ParNew: 16388K->4K(18432K), 0.0026534 secs] 400696K->384312K(896640K), 0.0026958 secs] [Times: user=0.00 sys=0.00, real=0.00 secs] 
2020-10-28T08:28:30.544+0000: [GC (Allocation Failure) 2020-10-28T08:28:30.544+0000: [ParNew: 16388K->4K(18432K), 0.0026108 secs] 400696K->384312K(896640K), 0.0026548 secs] [Times: user=0.01 sys=0.00, real=0.00 secs] 
2020-10-28T08:28:30.562+0000: [GC (Allocation Failure) 2020-10-28T08:28:30.562+0000: [ParNew: 16388K->4K(18432K), 0.0026810 secs] 400696K->384312K(896640K), 0.0027259 secs] [Times: user=0.01 sys=0.00, real=0.00 secs] 
2020-10-28T08:28:30.583+0000: [GC (Allocation Failure) 2020-10-28T08:28:30.583+0000: [ParNew: 16388K->4K(18432K), 0.0026656 secs] 400696K->384312K(896640K), 0.0027106 secs] [Times: user=0.00 sys=0.00, real=0.00 secs] 
2020-10-28T08:28:30.604+0000: [GC (Allocation Failure) 2020-10-28T08:28:30.604+0000: [ParNew: 16388K->4K(18432K), 0.0027995 secs] 400696K->384312K(896640K), 0.0028476 secs] [Times: user=0.00 sys=0.00, real=0.00 secs] 
2020-10-28T08:28:30.622+0000: [GC (Allocation Failure) 2020-10-28T08:28:30.622+0000: [ParNew: 16388K->4K(18432K), 0.0027185 secs] 400696K->384312K(896640K), 0.0027609 secs] [Times: user=0.01 sys=0.00, real=0.00 secs] 
2020-10-28T08:28:30.644+0000: [GC (Allocation Failure) 2020-10-28T08:28:30.644+0000: [ParNew: 16388K->4K(18432K), 0.0026733 secs] 400696K->384312K(896640K), 0.0027180 secs] [Times: user=0.00 sys=0.00, real=0.00 secs] 
2020-10-28T08:28:30.661+0000: [GC (Allocation Failure) 2020-10-28T08:28:30.661+0000: [ParNew: 16388K->4K(18432K), 0.0027086 secs] 400696K->384312K(896640K), 0.0027587 secs] [Times: user=0.01 sys=0.00, real=0.00 secs] 
2020-10-28T08:28:30.680+0000: [GC (Allocation Failure) 2020-10-28T08:28:30.680+0000: [ParNew: 16388K->4K(18432K), 0.0026004 secs] 400696K->384312K(896640K), 0.0026438 secs] [Times: user=0.00 sys=0.00, real=0.00 secs] 
2020-10-28T08:28:30.697+0000: [GC (Allocation Failure) 2020-10-28T08:28:30.697+0000: [ParNew: 16388K->4K(18432K), 0.0027373 secs] 400696K->384312K(896640K), 0.0027827 secs] [Times: user=0.01 sys=0.00, real=0.01 secs] 
2020-10-28T08:28:30.719+0000: [GC (Allocation Failure) 2020-10-28T08:28:30.719+0000: [ParNew: 16388K->4K(18432K), 0.0028966 secs] 400696K->384312K(896640K), 0.0029476 secs] [Times: user=0.00 sys=0.00, real=0.01 secs] 
2020-10-28T08:28:30.737+0000: [GC (Allocation Failure) 2020-10-28T08:28:30.737+0000: [ParNew: 16388K->4K(18432K), 0.0028611 secs] 400696K->384312K(896640K), 0.0029094 secs] [Times: user=0.00 sys=0.00, real=0.01 secs] 
2020-10-28T08:28:30.756+0000: [GC (Allocation Failure) 2020-10-28T08:28:30.756+0000: [ParNew: 16388K->4K(18432K), 0.0029043 secs] 400696K->384312K(896640K), 0.0029543 secs] [Times: user=0.01 sys=0.00, real=0.00 secs] 
2020-10-28T08:28:30.774+0000: [GC (Allocation Failure) 2020-10-28T08:28:30.774+0000: [ParNew: 16388K->4K(18432K), 0.0028802 secs] 400696K->384312K(896640K), 0.0029388 secs] [Times: user=0.00 sys=0.00, real=0.00 secs] 
2020-10-28T08:28:30.796+0000: [GC (Allocation Failure) 2020-10-28T08:28:30.796+0000: [ParNew: 16388K->4K(18432K), 0.0027826 secs] 400696K->384312K(896640K), 0.0028271 secs] [Times: user=0.01 sys=0.00, real=0.00 secs] 
2020-10-28T08:28:30.814+0000: [GC (Allocation Failure) 2020-10-28T08:28:30.814+0000: [ParNew: 16388K->4K(18432K), 0.0027228 secs] 400696K->384312K(896640K), 0.0027642 secs] [Times: user=0.00 sys=0.00, real=0.00 secs] 
2020-10-28T08:28:30.831+0000: [GC (Allocation Failure) 2020-10-28T08:28:30.831+0000: [ParNew: 16388K->4K(18432K), 0.0027514 secs] 400696K->384312K(896640K), 0.0027951 secs] [Times: user=0.01 sys=0.00, real=0.00 secs] 
2020-10-28T08:28:30.854+0000: [GC (Allocation Failure) 2020-10-28T08:28:30.854+0000: [ParNew: 16388K->4K(18432K), 0.0036475 secs] 400696K->384312K(896640K), 0.0037095 secs] [Times: user=0.01 sys=0.00, real=0.00 secs] 
2020-10-28T08:28:30.876+0000: [GC (Allocation Failure) 2020-10-28T08:28:30.876+0000: [ParNew: 16388K->4K(18432K), 0.0029226 secs] 400696K->384312K(896640K), 0.0029745 secs] [Times: user=0.01 sys=0.00, real=0.00 secs] 
2020-10-28T08:28:30.900+0000: [GC (Allocation Failure) 2020-10-28T08:28:30.900+0000: [ParNew: 16388K->4K(18432K), 0.0029561 secs] 417080K->400696K(896640K), 0.0030107 secs] [Times: user=0.01 sys=0.00, real=0.00 secs] 
2020-10-28T08:28:30.904+0000: [GC (CMS Initial Mark) [1 CMS-initial-mark: 400692K(878208K)] 401579K(896640K), 0.0017259 secs] [Times: user=0.00 sys=0.00, real=0.00 secs] 
2020-10-28T08:28:30.905+0000: [CMS-concurrent-mark-start]
2020-10-28T08:28:30.928+0000: [GC (Allocation Failure) 2020-10-28T08:28:30.928+0000: [ParNew: 16388K->4K(18432K), 0.0028198 secs] 417080K->400696K(896640K), 0.0028716 secs] [Times: user=0.01 sys=0.00, real=0.00 secs] 
2020-10-28T08:28:30.950+0000: [GC (Allocation Failure) 2020-10-28T08:28:30.950+0000: [ParNew: 16388K->4K(18432K), 0.0028849 secs] 417080K->400696K(896640K), 0.0029371 secs] [Times: user=0.01 sys=0.00, real=0.00 secs] 
2020-10-28T08:28:30.971+0000: [GC (Allocation Failure) 2020-10-28T08:28:30.971+0000: [ParNew: 16388K->4K(18432K), 0.0027545 secs] 417080K->400696K(896640K), 0.0028044 secs] [Times: user=0.00 sys=0.00, real=0.00 secs] 
2020-10-28T08:28:30.995+0000: [GC (Allocation Failure) 2020-10-28T08:28:30.995+0000: [ParNew: 16388K->4K(18432K), 0.0029311 secs] 417080K->400696K(896640K), 0.0029846 secs] [Times: user=0.00 sys=0.00, real=0.00 secs] 
2020-10-28T08:28:31.002+0000: [CMS-concurrent-mark: 0.076/0.096 secs] [Times: user=0.18 sys=0.01, real=0.10 secs] 
2020-10-28T08:28:31.002+0000: [CMS-concurrent-preclean-start]
2020-10-28T08:28:31.004+0000: [CMS-concurrent-preclean: 0.003/0.003 secs] [Times: user=0.01 sys=0.00, real=0.00 secs] 
2020-10-28T08:28:31.004+0000: [CMS-concurrent-abortable-preclean-start]
2020-10-28T08:28:31.020+0000: [GC (Allocation Failure) 2020-10-28T08:28:31.020+0000: [ParNew: 16388K->4K(18432K), 0.0026782 secs] 417080K->400696K(896640K), 0.0027251 secs] [Times: user=0.01 sys=0.00, real=0.00 secs] 
2020-10-28T08:28:31.040+0000: [GC (Allocation Failure) 2020-10-28T08:28:31.040+0000: [ParNew: 16388K->4K(18432K), 0.0025741 secs] 417080K->400696K(896640K), 0.0026201 secs] [Times: user=0.00 sys=0.00, real=0.00 secs] 
2020-10-28T08:28:31.060+0000: [GC (Allocation Failure) 2020-10-28T08:28:31.060+0000: [ParNew: 16388K->4K(18432K), 0.0024813 secs] 417080K->400696K(896640K), 0.0025248 secs] [Times: user=0.00 sys=0.00, real=0.00 secs] 
2020-10-28T08:28:31.078+0000: [GC (Allocation Failure) 2020-10-28T08:28:31.078+0000: [ParNew: 16388K->4K(18432K), 0.0026580 secs] 417080K->400696K(896640K), 0.0027216 secs] [Times: user=0.00 sys=0.00, real=0.01 secs] 
2020-10-28T08:28:31.097+0000: [GC (Allocation Failure) 2020-10-28T08:28:31.097+0000: [ParNew: 16388K->4K(18432K), 0.0026288 secs] 417080K->400696K(896640K), 0.0026746 secs] [Times: user=0.00 sys=0.00, real=0.00 secs] 
2020-10-28T08:28:31.115+0000: [GC (Allocation Failure) 2020-10-28T08:28:31.115+0000: [ParNew: 16388K->4K(18432K), 0.0027894 secs] 417080K->400696K(896640K), 0.0028476 secs] [Times: user=0.00 sys=0.00, real=0.00 secs] 
2020-10-28T08:28:31.136+0000: [GC (Allocation Failure) 2020-10-28T08:28:31.136+0000: [ParNew: 16388K->4K(18432K), 0.0027283 secs] 417080K->400696K(896640K), 0.0027867 secs] [Times: user=0.00 sys=0.00, real=0.00 secs] 
2020-10-28T08:28:31.156+0000: [GC (Allocation Failure) 2020-10-28T08:28:31.156+0000: [ParNew: 16388K->4K(18432K), 0.0026882 secs] 417080K->400696K(896640K), 0.0027378 secs] [Times: user=0.01 sys=0.00, real=0.00 secs] 
2020-10-28T08:28:31.176+0000: [GC (Allocation Failure) 2020-10-28T08:28:31.176+0000: [ParNew: 16388K->4K(18432K), 0.0026252 secs] 417080K->400696K(896640K), 0.0026725 secs] [Times: user=0.00 sys=0.00, real=0.00 secs] 
2020-10-28T08:28:31.194+0000: [GC (Allocation Failure) 2020-10-28T08:28:31.195+0000: [ParNew: 16388K->4K(18432K), 0.0026466 secs] 417080K->400696K(896640K), 0.0026992 secs] [Times: user=0.01 sys=0.00, real=0.00 secs] 
2020-10-28T08:28:31.213+0000: [GC (Allocation Failure) 2020-10-28T08:28:31.213+0000: [ParNew: 16388K->4K(18432K), 0.0025854 secs] 417080K->400696K(896640K), 0.0026316 secs] [Times: user=0.00 sys=0.00, real=0.00 secs] 
2020-10-28T08:28:31.232+0000: [GC (Allocation Failure) 2020-10-28T08:28:31.232+0000: [ParNew: 16388K->4K(18432K), 0.0027931 secs] 417080K->400696K(896640K), 0.0028424 secs] [Times: user=0.00 sys=0.00, real=0.00 secs] 
2020-10-28T08:28:31.251+0000: [GC (Allocation Failure) 2020-10-28T08:28:31.251+0000: [ParNew: 16388K->4K(18432K), 0.0027007 secs] 417080K->400696K(896640K), 0.0027633 secs] [Times: user=0.01 sys=0.00, real=0.00 secs] 
2020-10-28T08:28:31.272+0000: [GC (Allocation Failure) 2020-10-28T08:28:31.272+0000: [ParNew: 16388K->4K(18432K), 0.0026788 secs] 417080K->400696K(896640K), 0.0027253 secs] [Times: user=0.01 sys=0.00, real=0.00 secs] 
2020-10-28T08:28:31.292+0000: [GC (Allocation Failure) 2020-10-28T08:28:31.292+0000: [ParNew: 16388K->4K(18432K), 0.0027009 secs] 417080K->400696K(896640K), 0.0027522 secs] [Times: user=0.00 sys=0.00, real=0.00 secs] 
2020-10-28T08:28:31.311+0000: [GC (Allocation Failure) 2020-10-28T08:28:31.311+0000: [ParNew: 16388K->4K(18432K), 0.0027385 secs] 417080K->400696K(896640K), 0.0027861 secs] [Times: user=0.01 sys=0.00, real=0.00 secs] 
2020-10-28T08:28:31.330+0000: [GC (Allocation Failure) 2020-10-28T08:28:31.330+0000: [ParNew: 16388K->4K(18432K), 0.0026906 secs] 417080K->400696K(896640K), 0.0027481 secs] [Times: user=0.00 sys=0.00, real=0.00 secs] 
2020-10-28T08:28:31.352+0000: [GC (Allocation Failure) 2020-10-28T08:28:31.352+0000: [ParNew: 16388K->4K(18432K), 0.0027030 secs] 417080K->400696K(896640K), 0.0027515 secs] [Times: user=0.01 sys=0.00, real=0.00 secs] 
2020-10-28T08:28:31.372+0000: [GC (Allocation Failure) 2020-10-28T08:28:31.372+0000: [ParNew: 16388K->4K(18432K), 0.0026703 secs] 417080K->400696K(896640K), 0.0027177 secs] [Times: user=0.00 sys=0.00, real=0.00 secs] 
2020-10-28T08:28:31.390+0000: [GC (Allocation Failure) 2020-10-28T08:28:31.390+0000: [ParNew: 16388K->4K(18432K), 0.0027862 secs] 417080K->400696K(896640K), 0.0028349 secs] [Times: user=0.01 sys=0.00, real=0.00 secs] 
2020-10-28T08:28:31.409+0000: [GC (Allocation Failure) 2020-10-28T08:28:31.409+0000: [ParNew: 16388K->4K(18432K), 0.0040580 secs] 417080K->400696K(896640K), 0.0041069 secs] [Times: user=0.00 sys=0.00, real=0.00 secs] 
2020-10-28T08:28:31.430+0000: [GC (Allocation Failure) 2020-10-28T08:28:31.430+0000: [ParNew: 16388K->4K(18432K), 0.0029427 secs] 417080K->400696K(896640K), 0.0030247 secs] [Times: user=0.00 sys=0.00, real=0.00 secs] 
2020-10-28T08:28:31.449+0000: [GC (Allocation Failure) 2020-10-28T08:28:31.449+0000: [ParNew: 16388K->4K(18432K), 0.0029898 secs] 417080K->400696K(896640K), 0.0030411 secs] [Times: user=0.01 sys=0.00, real=0.00 secs] 
2020-10-28T08:28:31.468+0000: [GC (Allocation Failure) 2020-10-28T08:28:31.468+0000: [ParNew: 16388K->4K(18432K), 0.0028619 secs] 417080K->400696K(896640K), 0.0029106 secs] [Times: user=0.00 sys=0.00, real=0.00 secs] 
2020-10-28T08:28:31.488+0000: [GC (Allocation Failure) 2020-10-28T08:28:31.488+0000: [ParNew: 16388K->4K(18432K), 0.0028472 secs] 417080K->400696K(896640K), 0.0028978 secs] [Times: user=0.00 sys=0.00, real=0.00 secs] 
2020-10-28T08:28:31.508+0000: [GC (Allocation Failure) 2020-10-28T08:28:31.508+0000: [ParNew: 16388K->4K(18432K), 0.0027909 secs] 417080K->400696K(896640K), 0.0028421 secs] [Times: user=0.01 sys=0.00, real=0.00 secs] 
2020-10-28T08:28:31.526+0000: [GC (Allocation Failure) 2020-10-28T08:28:31.526+0000: [ParNew: 16388K->4K(18432K), 0.0027442 secs] 417080K->400696K(896640K), 0.0027941 secs] [Times: user=0.00 sys=0.00, real=0.01 secs] 
2020-10-28T08:28:31.548+0000: [GC (Allocation Failure) 2020-10-28T08:28:31.548+0000: [ParNew: 16388K->4K(18432K), 0.0027264 secs] 417080K->400696K(896640K), 0.0027831 secs] [Times: user=0.00 sys=0.00, real=0.00 secs] 
2020-10-28T08:28:31.567+0000: [GC (Allocation Failure) 2020-10-28T08:28:31.567+0000: [ParNew: 16388K->4K(18432K), 0.0027131 secs] 417080K->400696K(896640K), 0.0027600 secs] [Times: user=0.01 sys=0.00, real=0.01 secs] 
2020-10-28T08:28:31.588+0000: [GC (Allocation Failure) 2020-10-28T08:28:31.588+0000: [ParNew: 16388K->4K(18432K), 0.0026200 secs] 417080K->400697K(896640K), 0.0026675 secs] [Times: user=0.01 sys=0.00, real=0.00 secs] 
2020-10-28T08:28:31.608+0000: [GC (Allocation Failure) 2020-10-28T08:28:31.608+0000: [ParNew: 16388K->4K(18432K), 0.0026619 secs] 417081K->400697K(896640K), 0.0027111 secs] [Times: user=0.00 sys=0.00, real=0.00 secs] 
2020-10-28T08:28:31.628+0000: [GC (Allocation Failure) 2020-10-28T08:28:31.628+0000: [ParNew: 16388K->4K(18432K), 0.0025026 secs] 417081K->400697K(896640K), 0.0025477 secs] [Times: user=0.00 sys=0.00, real=0.00 secs] 
2020-10-28T08:28:31.646+0000: [GC (Allocation Failure) 2020-10-28T08:28:31.646+0000: [ParNew: 16388K->4K(18432K), 0.0025295 secs] 417081K->400697K(896640K), 0.0025751 secs] [Times: user=0.01 sys=0.00, real=0.01 secs] 
2020-10-28T08:28:31.664+0000: [GC (Allocation Failure) 2020-10-28T08:28:31.664+0000: [ParNew: 16388K->4K(18432K), 0.0025007 secs] 417081K->400697K(896640K), 0.0025459 secs] [Times: user=0.00 sys=0.00, real=0.00 secs] 
2020-10-28T08:28:31.684+0000: [GC (Allocation Failure) 2020-10-28T08:28:31.684+0000: [ParNew: 16388K->4K(18432K), 0.0025392 secs] 417081K->400697K(896640K), 0.0025847 secs] [Times: user=0.01 sys=0.00, real=0.00 secs] 
2020-10-28T08:28:31.702+0000: [GC (Allocation Failure) 2020-10-28T08:28:31.702+0000: [ParNew: 16388K->4K(18432K), 0.0025528 secs] 417081K->400697K(896640K), 0.0025970 secs] [Times: user=0.00 sys=0.00, real=0.00 secs] 
2020-10-28T08:28:31.724+0000: [GC (Allocation Failure) 2020-10-28T08:28:31.724+0000: [ParNew: 16388K->4K(18432K), 0.0025971 secs] 417081K->400697K(896640K), 0.0026452 secs] [Times: user=0.00 sys=0.00, real=0.00 secs] 
2020-10-28T08:28:31.743+0000: [GC (Allocation Failure) 2020-10-28T08:28:31.743+0000: [ParNew: 16388K->4K(18432K), 0.0026830 secs] 417081K->400697K(896640K), 0.0027310 secs] [Times: user=0.00 sys=0.00, real=0.00 secs] 
2020-10-28T08:28:31.763+0000: [GC (Allocation Failure) 2020-10-28T08:28:31.763+0000: [ParNew: 16388K->4K(18432K), 0.0028056 secs] 417081K->400697K(896640K), 0.0028553 secs] [Times: user=0.00 sys=0.00, real=0.00 secs] 
2020-10-28T08:28:31.782+0000: [GC (Allocation Failure) 2020-10-28T08:28:31.782+0000: [ParNew: 16388K->4K(18432K), 0.0026687 secs] 417081K->400697K(896640K), 0.0027273 secs] [Times: user=0.00 sys=0.00, real=0.00 secs] 
2020-10-28T08:28:31.801+0000: [GC (Allocation Failure) 2020-10-28T08:28:31.801+0000: [ParNew: 16388K->4K(18432K), 0.0024903 secs] 417081K->400697K(896640K), 0.0025342 secs] [Times: user=0.01 sys=0.00, real=0.00 secs] 
2020-10-28T08:28:31.819+0000: [GC (Allocation Failure) 2020-10-28T08:28:31.819+0000: [ParNew: 16388K->4K(18432K), 0.0024858 secs] 417081K->400697K(896640K), 0.0025288 secs] [Times: user=0.01 sys=0.00, real=0.01 secs] 
2020-10-28T08:28:31.840+0000: [GC (Allocation Failure) 2020-10-28T08:28:31.840+0000: [ParNew: 16388K->4K(18432K), 0.0029352 secs] 417081K->400697K(896640K), 0.0029885 secs] [Times: user=0.00 sys=0.00, real=0.00 secs] 
2020-10-28T08:28:31.859+0000: [GC (Allocation Failure) 2020-10-28T08:28:31.859+0000: [ParNew: 16388K->4K(18432K), 0.0029677 secs] 417081K->400697K(896640K), 0.0030288 secs] [Times: user=0.01 sys=0.00, real=0.01 secs] 
2020-10-28T08:28:31.878+0000: [GC (Allocation Failure) 2020-10-28T08:28:31.878+0000: [ParNew: 16388K->4K(18432K), 0.0030159 secs] 417081K->400697K(896640K), 0.0030714 secs] [Times: user=0.00 sys=0.00, real=0.01 secs] 
2020-10-28T08:28:31.897+0000: [GC (Allocation Failure) 2020-10-28T08:28:31.897+0000: [ParNew: 16388K->4K(18432K), 0.0029959 secs] 417081K->400697K(896640K), 0.0030498 secs] [Times: user=0.01 sys=0.00, real=0.01 secs] 
2020-10-28T08:28:31.920+0000: [GC (Allocation Failure) 2020-10-28T08:28:31.920+0000: [ParNew: 16388K->4K(18432K), 0.0029322 secs] 417081K->400697K(896640K), 0.0029839 secs] [Times: user=0.00 sys=0.00, real=0.00 secs] 
2020-10-28T08:28:31.939+0000: [GC (Allocation Failure) 2020-10-28T08:28:31.939+0000: [ParNew: 16388K->4K(18432K), 0.0026676 secs] 417081K->400697K(896640K), 0.0027166 secs] [Times: user=0.01 sys=0.00, real=0.01 secs] 
2020-10-28T08:28:31.957+0000: [GC (Allocation Failure) 2020-10-28T08:28:31.958+0000: [ParNew: 16388K->4K(18432K), 0.0026744 secs] 417081K->400697K(896640K), 0.0027225 secs] [Times: user=0.01 sys=0.00, real=0.01 secs] 
2020-10-28T08:28:31.976+0000: [GC (Allocation Failure) 2020-10-28T08:28:31.976+0000: [ParNew: 16388K->4K(18432K), 0.0026956 secs] 417081K->400697K(896640K), 0.0027448 secs] [Times: user=0.00 sys=0.00, real=0.00 secs] 
2020-10-28T08:28:31.996+0000: [GC (Allocation Failure) 2020-10-28T08:28:31.996+0000: [ParNew: 16388K->4K(18432K), 0.0026968 secs] 417081K->400697K(896640K), 0.0027464 secs] [Times: user=0.01 sys=0.00, real=0.00 secs] 
2020-10-28T08:28:32.015+0000: [GC (Allocation Failure) 2020-10-28T08:28:32.015+0000: [ParNew: 16388K->4K(18432K), 0.0028027 secs] 417081K->400697K(896640K), 0.0028623 secs] [Times: user=0.01 sys=0.00, real=0.00 secs] 
2020-10-28T08:28:32.036+0000: [GC (Allocation Failure) 2020-10-28T08:28:32.036+0000: [ParNew: 16388K->4K(18432K), 0.0028969 secs] 417081K->400697K(896640K), 0.0029492 secs] [Times: user=0.01 sys=0.00, real=0.00 secs] 
2020-10-28T08:28:32.055+0000: [GC (Allocation Failure) 2020-10-28T08:28:32.055+0000: [ParNew: 16388K->4K(18432K), 0.0027126 secs] 417081K->400697K(896640K), 0.0027630 secs] [Times: user=0.00 sys=0.00, real=0.00 secs] 
2020-10-28T08:28:32.074+0000: [GC (Allocation Failure) 2020-10-28T08:28:32.074+0000: [ParNew: 16388K->4K(18432K), 0.0026592 secs] 417081K->400697K(896640K), 0.0027060 secs] [Times: user=0.01 sys=0.00, real=0.00 secs] 
2020-10-28T08:28:32.096+0000: [GC (Allocation Failure) 2020-10-28T08:28:32.096+0000: [ParNew: 16388K->4K(18432K), 0.0026905 secs] 417081K->400697K(896640K), 0.0027392 secs] [Times: user=0.01 sys=0.00, real=0.00 secs] 
2020-10-28T08:28:32.115+0000: [GC (Allocation Failure) 2020-10-28T08:28:32.115+0000: [ParNew: 16388K->4K(18432K), 0.0028302 secs] 417081K->400697K(896640K), 0.0028786 secs] [Times: user=0.00 sys=0.00, real=0.00 secs] 
2020-10-28T08:28:32.134+0000: [GC (Allocation Failure) 2020-10-28T08:28:32.134+0000: [ParNew: 16388K->4K(18432K), 0.0027379 secs] 417081K->400697K(896640K), 0.0027862 secs] [Times: user=0.01 sys=0.00, real=0.00 secs] 
2020-10-28T08:28:32.153+0000: [GC (Allocation Failure) 2020-10-28T08:28:32.153+0000: [ParNew: 16388K->4K(18432K), 0.0027288 secs] 417081K->400697K(896640K), 0.0027785 secs] [Times: user=0.00 sys=0.00, real=0.00 secs] 
2020-10-28T08:28:32.172+0000: [GC (Allocation Failure) 2020-10-28T08:28:32.172+0000: [ParNew: 16388K->4K(18432K), 0.0027390 secs] 417081K->400697K(896640K), 0.0027873 secs] [Times: user=0.01 sys=0.00, real=0.00 secs] 
2020-10-28T08:28:32.192+0000: [GC (Allocation Failure) 2020-10-28T08:28:32.192+0000: [ParNew: 16388K->4K(18432K), 0.0026425 secs] 417081K->400697K(896640K), 0.0026901 secs] [Times: user=0.01 sys=0.00, real=0.00 secs] 
2020-10-28T08:28:32.210+0000: [GC (Allocation Failure) 2020-10-28T08:28:32.211+0000: [ParNew: 16388K->4K(18432K), 0.0026830 secs] 417081K->400697K(896640K), 0.0027302 secs] [Times: user=0.00 sys=0.00, real=0.00 secs] 
2020-10-28T08:28:32.229+0000: [GC (Allocation Failure) 2020-10-28T08:28:32.229+0000: [ParNew: 16388K->4K(18432K), 0.0027554 secs] 417081K->400697K(896640K), 0.0028046 secs] [Times: user=0.01 sys=0.00, real=0.00 secs] 
2020-10-28T08:28:32.248+0000: [GC (Allocation Failure) 2020-10-28T08:28:32.248+0000: [ParNew: 16388K->4K(18432K), 0.0028167 secs] 417081K->400697K(896640K), 0.0028669 secs] [Times: user=0.00 sys=0.00, real=0.00 secs] 
2020-10-28T08:28:32.267+0000: [GC (Allocation Failure) 2020-10-28T08:28:32.267+0000: [ParNew: 16388K->4K(18432K), 0.0027022 secs] 417081K->400697K(896640K), 0.0027479 secs] [Times: user=0.00 sys=0.00, real=0.01 secs] 
2020-10-28T08:28:32.288+0000: [GC (Allocation Failure) 2020-10-28T08:28:32.288+0000: [ParNew: 16388K->4K(18432K), 0.0027574 secs] 417081K->400697K(896640K), 0.0028066 secs] [Times: user=0.01 sys=0.00, real=0.00 secs] 
2020-10-28T08:28:32.307+0000: [GC (Allocation Failure) 2020-10-28T08:28:32.307+0000: [ParNew: 16388K->4K(18432K), 0.0028621 secs] 417081K->400697K(896640K), 0.0029107 secs] [Times: user=0.01 sys=0.00, real=0.01 secs] 
2020-10-28T08:28:32.326+0000: [GC (Allocation Failure) 2020-10-28T08:28:32.326+0000: [ParNew: 16388K->4K(18432K), 0.0027229 secs] 417081K->400697K(896640K), 0.0027708 secs] [Times: user=0.01 sys=0.00, real=0.01 secs] 
2020-10-28T08:28:32.344+0000: [GC (Allocation Failure) 2020-10-28T08:28:32.344+0000: [ParNew: 16388K->4K(18432K), 0.0027282 secs] 417081K->400697K(896640K), 0.0027765 secs] [Times: user=0.00 sys=0.00, real=0.00 secs] 
2020-10-28T08:28:32.363+0000: [GC (Allocation Failure) 2020-10-28T08:28:32.363+0000: [ParNew: 16388K->4K(18432K), 0.0025973 secs] 417081K->400697K(896640K), 0.0026447 secs] [Times: user=0.01 sys=0.00, real=0.00 secs] 
2020-10-28T08:28:32.382+0000: [GC (Allocation Failure) 2020-10-28T08:28:32.382+0000: [ParNew: 16388K->4K(18432K), 0.0025045 secs] 417081K->400697K(896640K), 0.0025501 secs] [Times: user=0.00 sys=0.00, real=0.00 secs] 
2020-10-28T08:28:32.400+0000: [GC (Allocation Failure) 2020-10-28T08:28:32.400+0000: [ParNew: 16388K->4K(18432K), 0.0024707 secs] 417081K->400697K(896640K), 0.0025143 secs] [Times: user=0.01 sys=0.00, real=0.00 secs] 
2020-10-28T08:28:32.419+0000: [GC (Allocation Failure) 2020-10-28T08:28:32.419+0000: [ParNew: 16388K->4K(18432K), 0.0025592 secs] 417081K->400697K(896640K), 0.0026029 secs] [Times: user=0.01 sys=0.00, real=0.01 secs] 
2020-10-28T08:28:32.440+0000: [GC (Allocation Failure) 2020-10-28T08:28:32.440+0000: [ParNew: 16388K->4K(18432K), 0.0041218 secs] 417081K->400697K(896640K), 0.0041657 secs] [Times: user=0.00 sys=0.00, real=0.00 secs] 
2020-10-28T08:28:32.464+0000: [GC (Allocation Failure) 2020-10-28T08:28:32.464+0000: [ParNew: 16388K->4K(18432K), 0.0027057 secs] 417081K->400697K(896640K), 0.0027551 secs] [Times: user=0.00 sys=0.00, real=0.00 secs] 
2020-10-28T08:28:32.484+0000: [GC (Allocation Failure) 2020-10-28T08:28:32.484+0000: [ParNew: 16388K->4K(18432K), 0.0025444 secs] 417081K->400697K(896640K), 0.0025897 secs] [Times: user=0.01 sys=0.00, real=0.00 secs] 
2020-10-28T08:28:32.502+0000: [GC (Allocation Failure) 2020-10-28T08:28:32.502+0000: [ParNew: 16388K->4K(18432K), 0.0025554 secs] 417081K->400697K(896640K), 0.0026001 secs] [Times: user=0.01 sys=0.00, real=0.00 secs] 
2020-10-28T08:28:32.523+0000: [GC (Allocation Failure) 2020-10-28T08:28:32.523+0000: [ParNew: 16388K->4K(18432K), 0.0025705 secs] 417081K->400697K(896640K), 0.0026153 secs] [Times: user=0.00 sys=0.00, real=0.00 secs] 
2020-10-28T08:28:32.544+0000: [GC (Allocation Failure) 2020-10-28T08:28:32.544+0000: [ParNew: 16388K->4K(18432K), 0.0024962 secs] 417081K->400697K(896640K), 0.0025424 secs] [Times: user=0.01 sys=0.00, real=0.00 secs] 
2020-10-28T08:28:32.564+0000: [GC (Allocation Failure) 2020-10-28T08:28:32.564+0000: [ParNew: 16388K->4K(18432K), 0.0025440 secs] 417081K->400697K(896640K), 0.0025890 secs] [Times: user=0.01 sys=0.00, real=0.00 secs] 
2020-10-28T08:28:32.584+0000: [GC (Allocation Failure) 2020-10-28T08:28:32.584+0000: [ParNew: 16388K->4K(18432K), 0.0026268 secs] 417081K->400697K(896640K), 0.0026733 secs] [Times: user=0.00 sys=0.00, real=0.00 secs] 
2020-10-28T08:28:32.602+0000: [GC (Allocation Failure) 2020-10-28T08:28:32.602+0000: [ParNew: 16388K->4K(18432K), 0.0027098 secs] 417081K->400697K(896640K), 0.0027587 secs] [Times: user=0.01 sys=0.00, real=0.00 secs] 
2020-10-28T08:28:32.624+0000: [GC (Allocation Failure) 2020-10-28T08:28:32.624+0000: [ParNew: 16388K->4K(18432K), 0.0026569 secs] 417081K->400697K(896640K), 0.0027042 secs] [Times: user=0.01 sys=0.00, real=0.00 secs] 
2020-10-28T08:28:32.644+0000: [GC (Allocation Failure) 2020-10-28T08:28:32.644+0000: [ParNew: 16388K->4K(18432K), 0.0027475 secs] 417081K->400697K(896640K), 0.0028022 secs] [Times: user=0.01 sys=0.00, real=0.00 secs] 
2020-10-28T08:28:32.672+0000: [GC (Allocation Failure) 2020-10-28T08:28:32.672+0000: [ParNew: 16388K->4K(18432K), 0.0027815 secs] 417081K->400697K(896640K), 0.0028278 secs] [Times: user=0.01 sys=0.00, real=0.00 secs] 
2020-10-28T08:28:32.691+0000: [GC (Allocation Failure) 2020-10-28T08:28:32.691+0000: [ParNew: 16388K->4K(18432K), 0.0027012 secs] 417081K->400697K(896640K), 0.0027466 secs] [Times: user=0.00 sys=0.00, real=0.00 secs] 
2020-10-28T08:28:32.709+0000: [GC (Allocation Failure) 2020-10-28T08:28:32.710+0000: [ParNew: 16388K->4K(18432K), 0.0026229 secs] 417081K->400697K(896640K), 0.0026695 secs] [Times: user=0.01 sys=0.00, real=0.00 secs] 
2020-10-28T08:28:32.728+0000: [GC (Allocation Failure) 2020-10-28T08:28:32.728+0000: [ParNew: 16388K->4K(18432K), 0.0025622 secs] 417081K->400697K(896640K), 0.0026163 secs] [Times: user=0.01 sys=0.00, real=0.00 secs] 
2020-10-28T08:28:32.747+0000: [GC (Allocation Failure) 2020-10-28T08:28:32.747+0000: [ParNew: 16388K->4K(18432K), 0.0025345 secs] 417081K->400697K(896640K), 0.0025804 secs] [Times: user=0.01 sys=0.00, real=0.01 secs] 
2020-10-28T08:28:32.768+0000: [GC (Allocation Failure) 2020-10-28T08:28:32.768+0000: [ParNew: 16388K->4K(18432K), 0.0024322 secs] 417081K->400697K(896640K), 0.0024767 secs] [Times: user=0.01 sys=0.00, real=0.00 secs] 
2020-10-28T08:28:32.788+0000: [GC (Allocation Failure) 2020-10-28T08:28:32.788+0000: [ParNew: 16388K->4K(18432K), 0.0025055 secs] 417081K->400697K(896640K), 0.0025508 secs] [Times: user=0.00 sys=0.00, real=0.00 secs] 
2020-10-28T08:28:32.808+0000: [GC (Allocation Failure) 2020-10-28T08:28:32.808+0000: [ParNew: 16388K->4K(18432K), 0.0026169 secs] 417081K->400697K(896640K), 0.0026631 secs] [Times: user=0.00 sys=0.00, real=0.00 secs] 
2020-10-28T08:28:32.826+0000: [GC (Allocation Failure) 2020-10-28T08:28:32.826+0000: [ParNew: 16388K->4K(18432K), 0.0028182 secs] 417081K->400697K(896640K), 0.0028685 secs] [Times: user=0.01 sys=0.00, real=0.01 secs] 
2020-10-28T08:28:32.845+0000: [GC (Allocation Failure) 2020-10-28T08:28:32.845+0000: [ParNew: 16388K->4K(18432K), 0.0026883 secs] 417081K->400697K(896640K), 0.0027402 secs] [Times: user=0.00 sys=0.00, real=0.01 secs] 
2020-10-28T08:28:32.867+0000: [GC (Allocation Failure) 2020-10-28T08:28:32.867+0000: [ParNew: 16388K->4K(18432K), 0.0027653 secs] 417081K->400697K(896640K), 0.0028146 secs] [Times: user=0.01 sys=0.00, real=0.01 secs] 
2020-10-28T08:28:32.886+0000: [GC (Allocation Failure) 2020-10-28T08:28:32.886+0000: [ParNew: 16388K->4K(18432K), 0.0026882 secs] 417081K->400697K(896640K), 0.0027363 secs] [Times: user=0.00 sys=0.00, real=0.01 secs] 
2020-10-28T08:28:32.908+0000: [GC (Allocation Failure) 2020-10-28T08:28:32.908+0000: [ParNew: 16388K->4K(18432K), 0.0027674 secs] 417081K->400697K(896640K), 0.0028175 secs] [Times: user=0.01 sys=0.00, real=0.00 secs] 
2020-10-28T08:28:32.926+0000: [GC (Allocation Failure) 2020-10-28T08:28:32.926+0000: [ParNew: 16388K->4K(18432K), 0.0029180 secs] 417081K->400697K(896640K), 0.0029686 secs] [Times: user=0.00 sys=0.00, real=0.01 secs] 
2020-10-28T08:28:32.945+0000: [GC (Allocation Failure) 2020-10-28T08:28:32.945+0000: [ParNew: 16388K->4K(18432K), 0.0026184 secs] 417081K->400697K(896640K), 0.0026668 secs] [Times: user=0.01 sys=0.00, real=0.01 secs] 
2020-10-28T08:28:32.964+0000: [GC (Allocation Failure) 2020-10-28T08:28:32.964+0000: [ParNew: 16388K->4K(18432K), 0.0029409 secs] 417081K->400697K(896640K), 0.0030098 secs] [Times: user=0.00 sys=0.00, real=0.00 secs] 
2020-10-28T08:28:32.983+0000: [GC (Allocation Failure) 2020-10-28T08:28:32.983+0000: [ParNew: 16388K->4K(18432K), 0.0028443 secs] 417081K->400697K(896640K), 0.0028951 secs] [Times: user=0.01 sys=0.00, real=0.00 secs] 
2020-10-28T08:28:33.004+0000: [GC (Allocation Failure) 2020-10-28T08:28:33.004+0000: [ParNew: 16388K->4K(18432K), 0.0027749 secs] 417081K->400697K(896640K), 0.0028253 secs] [Times: user=0.01 sys=0.00, real=0.00 secs] 
2020-10-28T08:28:33.023+0000: [GC (Allocation Failure) 2020-10-28T08:28:33.023+0000: [ParNew: 16388K->4K(18432K), 0.0027439 secs] 417081K->400697K(896640K), 0.0027922 secs] [Times: user=0.00 sys=0.00, real=0.00 secs] 
2020-10-28T08:28:33.041+0000: [GC (Allocation Failure) 2020-10-28T08:28:33.041+0000: [ParNew: 16388K->4K(18432K), 0.0029595 secs] 417081K->400697K(896640K), 0.0030125 secs] [Times: user=0.01 sys=0.00, real=0.00 secs] 
2020-10-28T08:28:33.064+0000: [GC (Allocation Failure) 2020-10-28T08:28:33.064+0000: [ParNew: 16388K->4K(18432K), 0.0027549 secs] 417081K->400697K(896640K), 0.0028045 secs] [Times: user=0.01 sys=0.00, real=0.00 secs] 
2020-10-28T08:28:33.082+0000: [GC (Allocation Failure) 2020-10-28T08:28:33.082+0000: [ParNew: 16388K->4K(18432K), 0.0027677 secs] 417081K->400697K(896640K), 0.0028153 secs] [Times: user=0.00 sys=0.00, real=0.00 secs] 
2020-10-28T08:28:33.104+0000: [GC (Allocation Failure) 2020-10-28T08:28:33.104+0000: [ParNew: 16388K->4K(18432K), 0.0026864 secs] 417081K->400697K(896640K), 0.0027354 secs] [Times: user=0.00 sys=0.00, real=0.00 secs] 
2020-10-28T08:28:33.123+0000: [GC (Allocation Failure) 2020-10-28T08:28:33.123+0000: [ParNew: 16388K->4K(18432K), 0.0026790 secs] 417081K->400697K(896640K), 0.0027266 secs] [Times: user=0.01 sys=0.00, real=0.00 secs] 
2020-10-28T08:28:33.144+0000: [GC (Allocation Failure) 2020-10-28T08:28:33.144+0000: [ParNew: 16388K->4K(18432K), 0.0026451 secs] 417081K->400697K(896640K), 0.0026921 secs] [Times: user=0.01 sys=0.00, real=0.00 secs] 
2020-10-28T08:28:33.162+0000: [GC (Allocation Failure) 2020-10-28T08:28:33.162+0000: [ParNew: 16388K->4K(18432K), 0.0025565 secs] 417081K->400697K(896640K), 0.0026000 secs] [Times: user=0.01 sys=0.00, real=0.00 secs] 
2020-10-28T08:28:33.181+0000: [GC (Allocation Failure) 2020-10-28T08:28:33.181+0000: [ParNew: 16388K->4K(18432K), 0.0025108 secs] 417081K->400697K(896640K), 0.0025549 secs] [Times: user=0.00 sys=0.00, real=0.00 secs] 
2020-10-28T08:28:33.200+0000: [GC (Allocation Failure) 2020-10-28T08:28:33.200+0000: [ParNew: 16388K->4K(18432K), 0.0025116 secs] 417081K->400697K(896640K), 0.0025568 secs] [Times: user=0.01 sys=0.00, real=0.00 secs] 
2020-10-28T08:28:33.219+0000: [GC (Allocation Failure) 2020-10-28T08:28:33.219+0000: [ParNew: 16388K->4K(18432K), 0.0024609 secs] 417081K->400697K(896640K), 0.0025046 secs] [Times: user=0.01 sys=0.00, real=0.01 secs] 
2020-10-28T08:28:33.238+0000: [GC (Allocation Failure) 2020-10-28T08:28:33.238+0000: [ParNew: 16388K->4K(18432K), 0.0026315 secs] 417081K->400697K(896640K), 0.0026783 secs] [Times: user=0.00 sys=0.00, real=0.01 secs] 
2020-10-28T08:28:33.257+0000: [GC (Allocation Failure) 2020-10-28T08:28:33.257+0000: [ParNew: 16388K->4K(18432K), 0.0026208 secs] 417081K->400697K(896640K), 0.0026690 secs] [Times: user=0.01 sys=0.00, real=0.00 secs] 
2020-10-28T08:28:33.276+0000: [GC (Allocation Failure) 2020-10-28T08:28:33.276+0000: [ParNew: 16388K->4K(18432K), 0.0025462 secs] 417081K->400697K(896640K), 0.0025898 secs] [Times: user=0.01 sys=0.00, real=0.00 secs] 
2020-10-28T08:28:33.296+0000: [GC (Allocation Failure) 2020-10-28T08:28:33.296+0000: [ParNew: 16388K->4K(18432K), 0.0024841 secs] 417081K->400697K(896640K), 0.0025286 secs] [Times: user=0.00 sys=0.00, real=0.00 secs] 
2020-10-28T08:28:33.314+0000: [GC (Allocation Failure) 2020-10-28T08:28:33.314+0000: [ParNew: 16388K->4K(18432K), 0.0025660 secs] 417081K->400697K(896640K), 0.0026121 secs] [Times: user=0.01 sys=0.00, real=0.00 secs] 
2020-10-28T08:28:33.341+0000: [GC (Allocation Failure) 2020-10-28T08:28:33.341+0000: [ParNew: 16388K->4K(18432K), 0.0027092 secs] 417081K->400697K(896640K), 0.0027548 secs] [Times: user=0.01 sys=0.00, real=0.00 secs] 
2020-10-28T08:28:33.364+0000: [GC (Allocation Failure) 2020-10-28T08:28:33.364+0000: [ParNew: 16388K->4K(18432K), 0.0029194 secs] 417081K->400697K(896640K), 0.0029721 secs] [Times: user=0.00 sys=0.00, real=0.00 secs] 
2020-10-28T08:28:33.384+0000: [GC (Allocation Failure) 2020-10-28T08:28:33.384+0000: [ParNew: 16388K->4K(18432K), 0.0027394 secs] 417081K->400697K(896640K), 0.0027849 secs] [Times: user=0.00 sys=0.00, real=0.00 secs] 
2020-10-28T08:28:33.404+0000: [GC (Allocation Failure) 2020-10-28T08:28:33.404+0000: [ParNew: 16388K->4K(18432K), 0.0027922 secs] 417081K->400697K(896640K), 0.0028437 secs] [Times: user=0.00 sys=0.00, real=0.00 secs] 
2020-10-28T08:28:33.422+0000: [GC (Allocation Failure) 2020-10-28T08:28:33.422+0000: [ParNew: 16388K->4K(18432K), 0.0025327 secs] 417081K->400697K(896640K), 0.0025765 secs] [Times: user=0.01 sys=0.00, real=0.00 secs] 
2020-10-28T08:28:33.444+0000: [GC (Allocation Failure) 2020-10-28T08:28:33.444+0000: [ParNew: 16388K->4K(18432K), 0.0026411 secs] 417081K->400697K(896640K), 0.0026901 secs] [Times: user=0.01 sys=0.00, real=0.00 secs] 
2020-10-28T08:28:33.463+0000: [GC (Allocation Failure) 2020-10-28T08:28:33.463+0000: [ParNew: 16388K->4K(18432K), 0.0028456 secs] 417081K->400697K(896640K), 0.0028969 secs] [Times: user=0.00 sys=0.00, real=0.00 secs] 
2020-10-28T08:28:33.484+0000: [GC (Allocation Failure) 2020-10-28T08:28:33.484+0000: [ParNew: 16388K->4K(18432K), 0.0029520 secs] 417081K->400697K(896640K), 0.0030111 secs] [Times: user=0.00 sys=0.00, real=0.00 secs] 
2020-10-28T08:28:33.503+0000: [GC (Allocation Failure) 2020-10-28T08:28:33.503+0000: [ParNew: 16388K->4K(18432K), 0.0026553 secs] 417081K->400697K(896640K), 0.0027025 secs] [Times: user=0.01 sys=0.00, real=0.00 secs] 
2020-10-28T08:28:33.522+0000: [GC (Allocation Failure) 2020-10-28T08:28:33.522+0000: [ParNew: 16388K->4K(18432K), 0.0027567 secs] 417081K->400697K(896640K), 0.0028054 secs] [Times: user=0.00 sys=0.00, real=0.00 secs] 
2020-10-28T08:28:33.541+0000: [GC (Allocation Failure) 2020-10-28T08:28:33.541+0000: [ParNew: 16388K->4K(18432K), 0.0025272 secs] 417081K->400697K(896640K), 0.0025797 secs] [Times: user=0.00 sys=0.00, real=0.00 secs] 
2020-10-28T08:28:33.559+0000: [GC (Allocation Failure) 2020-10-28T08:28:33.559+0000: [ParNew: 16388K->4K(18432K), 0.0025458 secs] 417081K->400697K(896640K), 0.0025898 secs] [Times: user=0.00 sys=0.00, real=0.01 secs] 
2020-10-28T08:28:33.577+0000: [GC (Allocation Failure) 2020-10-28T08:28:33.577+0000: [ParNew: 16388K->4K(18432K), 0.0025600 secs] 417081K->400697K(896640K), 0.0026039 secs] [Times: user=0.01 sys=0.00, real=0.01 secs] 
2020-10-28T08:28:33.599+0000: [GC (Allocation Failure) 2020-10-28T08:28:33.599+0000: [ParNew: 16388K->4K(18432K), 0.0025291 secs] 417081K->400698K(896640K), 0.0025728 secs] [Times: user=0.01 sys=0.00, real=0.01 secs] 
2020-10-28T08:28:33.620+0000: [GC (Allocation Failure) 2020-10-28T08:28:33.620+0000: [ParNew: 16388K->4K(18432K), 0.0026461 secs] 417082K->400698K(896640K), 0.0026935 secs] [Times: user=0.01 sys=0.00, real=0.00 secs] 
2020-10-28T08:28:33.638+0000: [GC (Allocation Failure) 2020-10-28T08:28:33.639+0000: [ParNew: 16388K->4K(18432K), 0.0026318 secs] 417082K->400698K(896640K), 0.0026780 secs] [Times: user=0.00 sys=0.00, real=0.01 secs] 
2020-10-28T08:28:33.657+0000: [GC (Allocation Failure) 2020-10-28T08:28:33.657+0000: [ParNew: 16388K->4K(18432K), 0.0026125 secs] 417082K->400698K(896640K), 0.0026590 secs] [Times: user=0.00 sys=0.00, real=0.01 secs] 
2020-10-28T08:28:33.676+0000: [GC (Allocation Failure) 2020-10-28T08:28:33.676+0000: [ParNew: 16388K->4K(18432K), 0.0025052 secs] 417082K->400698K(896640K), 0.0025494 secs] [Times: user=0.01 sys=0.00, real=0.00 secs] 
2020-10-28T08:28:33.696+0000: [GC (Allocation Failure) 2020-10-28T08:28:33.696+0000: [ParNew: 16388K->4K(18432K), 0.0024876 secs] 417082K->400698K(896640K), 0.0025331 secs] [Times: user=0.00 sys=0.00, real=0.00 secs] 
2020-10-28T08:28:33.714+0000: [GC (Allocation Failure) 2020-10-28T08:28:33.714+0000: [ParNew: 16388K->4K(18432K), 0.0025436 secs] 417082K->400698K(896640K), 0.0025975 secs] [Times: user=0.01 sys=0.00, real=0.00 secs] 
2020-10-28T08:28:33.733+0000: [GC (Allocation Failure) 2020-10-28T08:28:33.733+0000: [ParNew: 16388K->4K(18432K), 0.0027380 secs] 417082K->400698K(896640K), 0.0027856 secs] [Times: user=0.00 sys=0.00, real=0.00 secs] 
2020-10-28T08:28:33.752+0000: [GC (Allocation Failure) 2020-10-28T08:28:33.752+0000: [ParNew: 16388K->4K(18432K), 0.0025880 secs] 417082K->400698K(896640K), 0.0026408 secs] [Times: user=0.01 sys=0.00, real=0.00 secs] 
2020-10-28T08:28:33.770+0000: [GC (Allocation Failure) 2020-10-28T08:28:33.770+0000: [ParNew: 16388K->4K(18432K), 0.0024807 secs] 417082K->400698K(896640K), 0.0025257 secs] [Times: user=0.00 sys=0.00, real=0.00 secs] 
2020-10-28T08:28:33.789+0000: [GC (Allocation Failure) 2020-10-28T08:28:33.789+0000: [ParNew: 16388K->4K(18432K), 0.0024748 secs] 417082K->400698K(896640K), 0.0025186 secs] [Times: user=0.01 sys=0.00, real=0.00 secs] 
2020-10-28T08:28:33.812+0000: [GC (Allocation Failure) 2020-10-28T08:28:33.812+0000: [ParNew: 16388K->4K(18432K), 0.0025363 secs] 417082K->400698K(896640K), 0.0025817 secs] [Times: user=0.01 sys=0.00, real=0.00 secs] 
2020-10-28T08:28:33.832+0000: [GC (Allocation Failure) 2020-10-28T08:28:33.832+0000: [ParNew: 16388K->4K(18432K), 0.0024850 secs] 417082K->400698K(896640K), 0.0025291 secs] [Times: user=0.00 sys=0.00, real=0.00 secs] 
2020-10-28T08:28:33.850+0000: [GC (Allocation Failure) 2020-10-28T08:28:33.850+0000: [ParNew: 16388K->4K(18432K), 0.0025337 secs] 417082K->400698K(896640K), 0.0025980 secs] [Times: user=0.00 sys=0.00, real=0.00 secs] 
2020-10-28T08:28:33.872+0000: [GC (Allocation Failure) 2020-10-28T08:28:33.872+0000: [ParNew: 16388K->4K(18432K), 0.0024979 secs] 417082K->400698K(896640K), 0.0025424 secs] [Times: user=0.00 sys=0.00, real=0.00 secs] 
2020-10-28T08:28:33.890+0000: [GC (Allocation Failure) 2020-10-28T08:28:33.890+0000: [ParNew: 16388K->4K(18432K), 0.0025165 secs] 417082K->400698K(896640K), 0.0025617 secs] [Times: user=0.00 sys=0.00, real=0.00 secs] 
2020-10-28T08:28:33.912+0000: [GC (Allocation Failure) 2020-10-28T08:28:33.912+0000: [ParNew: 16388K->4K(18432K), 0.0024614 secs] 417082K->400698K(896640K), 0.0025059 secs] [Times: user=0.00 sys=0.00, real=0.00 secs] 
2020-10-28T08:28:33.930+0000: [GC (Allocation Failure) 2020-10-28T08:28:33.930+0000: [ParNew: 16388K->4K(18432K), 0.0025251 secs] 417082K->400698K(896640K), 0.0025697 secs] [Times: user=0.01 sys=0.00, real=0.00 secs] 
2020-10-28T08:28:33.948+0000: [GC (Allocation Failure) 2020-10-28T08:28:33.948+0000: [ParNew: 16388K->4K(18432K), 0.0025806 secs] 417082K->400698K(896640K), 0.0026269 secs] [Times: user=0.00 sys=0.00, real=0.00 secs] 
2020-10-28T08:28:33.970+0000: [GC (Allocation Failure) 2020-10-28T08:28:33.970+0000: [ParNew: 16388K->4K(18432K), 0.0025755 secs] 417082K->400698K(896640K), 0.0026202 secs] [Times: user=0.01 sys=0.00, real=0.00 secs] 
2020-10-28T08:28:33.989+0000: [GC (Allocation Failure) 2020-10-28T08:28:33.989+0000: [ParNew: 16388K->4K(18432K), 0.0025315 secs] 417082K->400698K(896640K), 0.0025760 secs] [Times: user=0.00 sys=0.00, real=0.00 secs] 
2020-10-28T08:28:34.008+0000: [GC (Allocation Failure) 2020-10-28T08:28:34.008+0000: [ParNew: 16388K->4K(18432K), 0.0025274 secs] 417082K->400698K(896640K), 0.0025871 secs] [Times: user=0.01 sys=0.00, real=0.01 secs] 
2020-10-28T08:28:34.026+0000: [GC (Allocation Failure) 2020-10-28T08:28:34.026+0000: [ParNew: 16388K->4K(18432K), 0.0025053 secs] 417082K->400698K(896640K), 0.0025490 secs] [Times: user=0.00 sys=0.00, real=0.01 secs] 
2020-10-28T08:28:34.044+0000: [GC (Allocation Failure) 2020-10-28T08:28:34.044+0000: [ParNew: 16388K->4K(18432K), 0.0026190 secs] 417082K->400698K(896640K), 0.0026673 secs] [Times: user=0.01 sys=0.00, real=0.00 secs] 
2020-10-28T08:28:34.064+0000: [GC (Allocation Failure) 2020-10-28T08:28:34.064+0000: [ParNew: 16388K->4K(18432K), 0.0025724 secs] 417082K->400698K(896640K), 0.0026343 secs] [Times: user=0.00 sys=0.00, real=0.00 secs] 
2020-10-28T08:28:34.083+0000: [GC (Allocation Failure) 2020-10-28T08:28:34.083+0000: [ParNew: 16388K->4K(18432K), 0.0026151 secs] 417082K->400698K(896640K), 0.0026594 secs] [Times: user=0.01 sys=0.00, real=0.00 secs] 
2020-10-28T08:28:34.101+0000: [GC (Allocation Failure) 2020-10-28T08:28:34.101+0000: [ParNew: 16388K->4K(18432K), 0.0025245 secs] 417082K->400698K(896640K), 0.0025844 secs] [Times: user=0.00 sys=0.01, real=0.00 secs] 
2020-10-28T08:28:34.136+0000: [GC (Allocation Failure) 2020-10-28T08:28:34.136+0000: [ParNew: 16388K->10K(18432K), 0.0026632 secs] 417082K->400704K(896640K), 0.0027162 secs] [Times: user=0.00 sys=0.00, real=0.00 secs] 
2020-10-28T08:28:34.166+0000: [GC (Allocation Failure) 2020-10-28T08:28:34.166+0000: [ParNew: 15205K->13K(18432K), 0.0029762 secs] 415899K->400708K(896640K), 0.0030735 secs] [Times: user=0.00 sys=0.00, real=0.01 secs] 
2020-10-28T08:28:34.178+0000: [GC (Allocation Failure) 2020-10-28T08:28:34.178+0000: [ParNew: 16397K->12K(18432K), 0.0033439 secs] 417092K->408898K(896640K), 0.0034035 secs] [Times: user=0.01 sys=0.00, real=0.01 secs] 
2020-10-28T08:28:34.181+0000: [CMS-concurrent-abortable-preclean: 0.296/3.177 secs] [Times: user=5.71 sys=0.22, real=3.18 secs] 
2020-10-28T08:28:34.185+0000: [GC (CMS Final Remark) [YG occupancy: 212 K (18432 K)]2020-10-28T08:28:34.185+0000: [Rescan (parallel) , 0.0018802 secs]2020-10-28T08:28:34.187+0000: [weak refs processing, 0.0000882 secs]2020-10-28T08:28:34.187+0000: [class unloading, 0.0114464 secs]2020-10-28T08:28:34.199+0000: [scrub symbol table, 0.0088074 secs]2020-10-28T08:28:34.207+0000: [scrub string table, 0.0006020 secs][1 CMS-remark: 408886K(878208K)] 409098K(896640K), 0.0229361 secs] [Times: user=0.03 sys=0.00, real=0.03 secs] 
2020-10-28T08:28:34.208+0000: [CMS-concurrent-sweep-start]
2020-10-28T08:28:34.221+0000: [CMS-concurrent-sweep: 0.013/0.013 secs] [Times: user=0.02 sys=0.00, real=0.01 secs] 
2020-10-28T08:28:34.221+0000: [CMS-concurrent-reset-start]
2020-10-28T08:28:34.223+0000: [CMS-concurrent-reset: 0.002/0.002 secs] [Times: user=0.00 sys=0.00, real=0.00 secs] 
2020-10-28T08:28:34.236+0000: [GC (Allocation Failure) 2020-10-28T08:28:34.236+0000: [ParNew: 16396K->13K(18432K), 0.0030116 secs] 401839K->385456K(896640K), 0.0030692 secs] [Times: user=0.01 sys=0.00, real=0.00 secs] 
2020-10-28T08:28:34.268+0000: [GC (Allocation Failure) 2020-10-28T08:28:34.268+0000: [ParNew: 16397K->13K(18432K), 0.0029987 secs] 401840K->385456K(896640K), 0.0030706 secs] [Times: user=0.00 sys=0.00, real=0.00 secs] 
2020-10-28T08:28:34.301+0000: [GC (Allocation Failure) 2020-10-28T08:28:34.301+0000: [ParNew: 16397K->17K(18432K), 0.0028972 secs] 401840K->385461K(896640K), 0.0029651 secs] [Times: user=0.01 sys=0.00, real=0.00 secs] 
2020-10-28T08:28:34.334+0000: [GC (Allocation Failure) 2020-10-28T08:28:34.334+0000: [ParNew: 16401K->5K(18432K), 0.0029425 secs] 401845K->385456K(896640K), 0.0030079 secs] [Times: user=0.01 sys=0.00, real=0.00 secs] 
2020-10-28T08:28:34.366+0000: [GC (Allocation Failure) 2020-10-28T08:28:34.366+0000: [ParNew: 16389K->4K(18432K), 0.0029404 secs] 401840K->385454K(896640K), 0.0030041 secs] [Times: user=0.00 sys=0.00, real=0.01 secs] 
2020-10-28T08:28:34.399+0000: [GC (Allocation Failure) 2020-10-28T08:28:34.399+0000: [ParNew: 16388K->4K(18432K), 0.0028986 secs] 401838K->385454K(896640K), 0.0029673 secs] [Times: user=0.01 sys=0.00, real=0.01 secs] 
2020-10-28T08:28:34.430+0000: [GC (Allocation Failure) 2020-10-28T08:28:34.430+0000: [ParNew: 16388K->4K(18432K), 0.0029379 secs] 401838K->385454K(896640K), 0.0030064 secs] [Times: user=0.01 sys=0.00, real=0.00 secs] 
2020-10-28T08:28:34.463+0000: [GC (Allocation Failure) 2020-10-28T08:28:34.463+0000: [ParNew: 16388K->4K(18432K), 0.0029972 secs] 401838K->385454K(896640K), 0.0030681 secs] [Times: user=0.01 sys=0.00, real=0.00 secs] 
2020-10-28T08:28:34.494+0000: [GC (Allocation Failure) 2020-10-28T08:28:34.494+0000: [ParNew: 16388K->4K(18432K), 0.0029776 secs] 401838K->385454K(896640K), 0.0030665 secs] [Times: user=0.01 sys=0.00, real=0.00 secs] 
2020-10-28T08:28:34.533+0000: [GC (Allocation Failure) 2020-10-28T08:28:34.533+0000: [ParNew: 16388K->4K(18432K), 0.0029633 secs] 401838K->385454K(896640K), 0.0030456 secs] [Times: user=0.00 sys=0.00, real=0.00 secs] 
2020-10-28T08:28:34.571+0000: [GC (Allocation Failure) 2020-10-28T08:28:34.571+0000: [ParNew: 16388K->4K(18432K), 0.0029473 secs] 401838K->385454K(896640K), 0.0030155 secs] [Times: user=0.01 sys=0.00, real=0.00 secs] 
2020-10-28T08:28:34.595+0000: [GC (Allocation Failure) 2020-10-28T08:28:34.595+0000: [ParNew: 16388K->4K(18432K), 0.0028778 secs] 401838K->385454K(896640K), 0.0029286 secs] [Times: user=0.00 sys=0.00, real=0.00 secs] 
2020-10-28T08:28:34.613+0000: [GC (Allocation Failure) 2020-10-28T08:28:34.613+0000: [ParNew: 16388K->4K(18432K), 0.0028504 secs] 401838K->385454K(896640K), 0.0028981 secs] [Times: user=0.01 sys=0.00, real=0.00 secs] 
2020-10-28T08:28:34.631+0000: [GC (Allocation Failure) 2020-10-28T08:28:34.631+0000: [ParNew: 16388K->4K(18432K), 0.0027995 secs] 401838K->385454K(896640K), 0.0028474 secs] [Times: user=0.00 sys=0.00, real=0.00 secs] 
2020-10-28T08:28:34.649+0000: [GC (Allocation Failure) 2020-10-28T08:28:34.649+0000: [ParNew: 16388K->4K(18432K), 0.0028565 secs] 401838K->385454K(896640K), 0.0029052 secs] [Times: user=0.01 sys=0.00, real=0.00 secs] 
2020-10-28T08:28:34.667+0000: [GC (Allocation Failure) 2020-10-28T08:28:34.667+0000: [ParNew: 16388K->4K(18432K), 0.0026462 secs] 401838K->385454K(896640K), 0.0026912 secs] [Times: user=0.00 sys=0.00, real=0.01 secs] 
2020-10-28T08:28:34.684+0000: [GC (Allocation Failure) 2020-10-28T08:28:34.684+0000: [ParNew: 16388K->4K(18432K), 0.0025808 secs] 401838K->385454K(896640K), 0.0026235 secs] [Times: user=0.01 sys=0.00, real=0.00 secs] 
2020-10-28T08:28:34.702+0000: [GC (Allocation Failure) 2020-10-28T08:28:34.702+0000: [ParNew: 16388K->4K(18432K), 0.0026249 secs] 401838K->385454K(896640K), 0.0026698 secs] [Times: user=0.00 sys=0.00, real=0.00 secs] 
2020-10-28T08:28:34.723+0000: [GC (Allocation Failure) 2020-10-28T08:28:34.723+0000: [ParNew: 16388K->4K(18432K), 0.0027221 secs] 401838K->385454K(896640K), 0.0027680 secs] [Times: user=0.00 sys=0.00, real=0.00 secs] 
2020-10-28T08:28:34.744+0000: [GC (Allocation Failure) 2020-10-28T08:28:34.744+0000: [ParNew: 16388K->4K(18432K), 0.0027336 secs] 401838K->385454K(896640K), 0.0027775 secs] [Times: user=0.01 sys=0.00, real=0.00 secs] 
2020-10-28T08:28:34.764+0000: [GC (Allocation Failure) 2020-10-28T08:28:34.764+0000: [ParNew: 16388K->4K(18432K), 0.0026701 secs] 401838K->385454K(896640K), 0.0027158 secs] [Times: user=0.00 sys=0.00, real=0.00 secs] 
2020-10-28T08:28:34.779+0000: [GC (Allocation Failure) 2020-10-28T08:28:34.780+0000: [ParNew: 16388K->4K(18432K), 0.0035165 secs] 401838K->393646K(896640K), 0.0035589 secs] [Times: user=0.00 sys=0.00, real=0.01 secs] 
2020-10-28T08:28:34.783+0000: [GC (CMS Initial Mark) [1 CMS-initial-mark: 393642K(878208K)] 393766K(896640K), 0.0012102 secs] [Times: user=0.01 sys=0.00, real=0.00 secs] 
2020-10-28T08:28:34.785+0000: [CMS-concurrent-mark-start]
2020-10-28T08:28:34.812+0000: [GC (Allocation Failure) 2020-10-28T08:28:34.812+0000: [ParNew: 16388K->4K(18432K), 0.0028146 secs] 410030K->393646K(896640K), 0.0028668 secs] [Times: user=0.00 sys=0.00, real=0.00 secs] 
2020-10-28T08:28:34.836+0000: [CMS-concurrent-mark: 0.048/0.051 secs] [Times: user=0.09 sys=0.01, real=0.05 secs] 
2020-10-28T08:28:34.836+0000: [CMS-concurrent-preclean-start]
2020-10-28T08:28:34.839+0000: [CMS-concurrent-preclean: 0.003/0.003 secs] [Times: user=0.00 sys=0.00, real=0.00 secs] 
2020-10-28T08:28:34.839+0000: [CMS-concurrent-abortable-preclean-start]
2020-10-28T08:28:34.841+0000: [GC (Allocation Failure) 2020-10-28T08:28:34.841+0000: [ParNew: 16388K->4K(18432K), 0.0025521 secs] 410030K->393646K(896640K), 0.0025898 secs] [Times: user=0.00 sys=0.00, real=0.00 secs] 
2020-10-28T08:28:34.860+0000: [GC (Allocation Failure) 2020-10-28T08:28:34.860+0000: [ParNew: 16388K->4K(18432K), 0.0025262 secs] 410030K->393646K(896640K), 0.0025739 secs] [Times: user=0.01 sys=0.00, real=0.01 secs] 
2020-10-28T08:28:34.862+0000: [CMS-concurrent-abortable-preclean: 0.004/0.023 secs] [Times: user=0.05 sys=0.00, real=0.03 secs] 
2020-10-28T08:28:34.864+0000: [GC (CMS Final Remark) [YG occupancy: 330 K (18432 K)]2020-10-28T08:28:34.864+0000: [Rescan (parallel) , 0.0017002 secs]2020-10-28T08:28:34.865+0000: [weak refs processing, 0.0000261 secs]2020-10-28T08:28:34.865+0000: [class unloading, 0.0086913 secs]2020-10-28T08:28:34.874+0000: [scrub symbol table, 0.0088630 secs]2020-10-28T08:28:34.883+0000: [scrub string table, 0.0005807 secs][1 CMS-remark: 393642K(878208K)] 393972K(896640K), 0.0199611 secs] [Times: user=0.02 sys=0.00, real=0.02 secs] 
2020-10-28T08:28:34.888+0000: [CMS-concurrent-sweep-start]
2020-10-28T08:28:34.904+0000: [GC (Allocation Failure) 2020-10-28T08:28:34.904+0000: [ParNew: 16388K->4K(18432K), 0.0029211 secs] 409926K->393542K(896640K), 0.0029735 secs] [Times: user=0.00 sys=0.00, real=0.00 secs] 
2020-10-28T08:28:34.916+0000: [CMS-concurrent-sweep: 0.017/0.028 secs] [Times: user=0.05 sys=0.01, real=0.03 secs] 
2020-10-28T08:28:34.916+0000: [CMS-concurrent-reset-start]
2020-10-28T08:28:34.916+0000: [GC (Allocation Failure) 2020-10-28T08:28:34.916+0000: [ParNew: 16388K->4K(18432K), 0.0036952 secs] 377076K->368884K(896640K), 0.0037346 secs] [Times: user=0.00 sys=0.00, real=0.01 secs] 
2020-10-28T08:28:34.921+0000: [CMS-concurrent-reset: 0.002/0.006 secs] [Times: user=0.01 sys=0.00, real=0.01 secs] 
2020-10-28T08:28:34.940+0000: [GC (Allocation Failure) 2020-10-28T08:28:34.940+0000: [ParNew: 16388K->4K(18432K), 0.0029640 secs] 385268K->368884K(896640K), 0.0030158 secs] [Times: user=0.01 sys=0.00, real=0.00 secs] 
2020-10-28T08:28:34.958+0000: [GC (Allocation Failure) 2020-10-28T08:28:34.958+0000: [ParNew: 16388K->4K(18432K), 0.0028566 secs] 385268K->368884K(896640K), 0.0028993 secs] [Times: user=0.00 sys=0.00, real=0.01 secs] 
2020-10-28T08:28:34.976+0000: [GC (Allocation Failure) 2020-10-28T08:28:34.976+0000: [ParNew: 16388K->4K(18432K), 0.0028560 secs] 385268K->368884K(896640K), 0.0029009 secs] [Times: user=0.01 sys=0.00, real=0.00 secs] 
2020-10-28T08:28:34.996+0000: [GC (Allocation Failure) 2020-10-28T08:28:34.996+0000: [ParNew: 16388K->4K(18432K), 0.0027423 secs] 385268K->368884K(896640K), 0.0027878 secs] [Times: user=0.01 sys=0.00, real=0.00 secs] 
2020-10-28T08:28:35.014+0000: [GC (Allocation Failure) 2020-10-28T08:28:35.014+0000: [ParNew: 16388K->4K(18432K), 0.0027590 secs] 385268K->368884K(896640K), 0.0028047 secs] [Times: user=0.00 sys=0.00, real=0.00 secs] 
2020-10-28T08:28:35.031+0000: [GC (Allocation Failure) 2020-10-28T08:28:35.031+0000: [ParNew: 16388K->4K(18432K), 0.0026646 secs] 385268K->368885K(896640K), 0.0027078 secs] [Times: user=0.01 sys=0.00, real=0.00 secs] 
2020-10-28T08:28:35.052+0000: [GC (Allocation Failure) 2020-10-28T08:28:35.052+0000: [ParNew: 16388K->4K(18432K), 0.0027912 secs] 385269K->368885K(896640K), 0.0028384 secs] [Times: user=0.01 sys=0.00, real=0.00 secs] 
2020-10-28T08:28:35.072+0000: [GC (Allocation Failure) 2020-10-28T08:28:35.072+0000: [ParNew: 16388K->4K(18432K), 0.0026884 secs] 385269K->368885K(896640K), 0.0027323 secs] [Times: user=0.01 sys=0.00, real=0.00 secs] 
2020-10-28T08:28:35.090+0000: [GC (Allocation Failure) 2020-10-28T08:28:35.090+0000: [ParNew: 16388K->4K(18432K), 0.0027792 secs] 385269K->368885K(896640K), 0.0028251 secs] [Times: user=0.00 sys=0.00, real=0.00 secs] 
2020-10-28T08:28:35.108+0000: [GC (Allocation Failure) 2020-10-28T08:28:35.108+0000: [ParNew: 16388K->4K(18432K), 0.0027368 secs] 385269K->368885K(896640K), 0.0027831 secs] [Times: user=0.01 sys=0.00, real=0.00 secs] 
2020-10-28T08:28:35.125+0000: [GC (Allocation Failure) 2020-10-28T08:28:35.126+0000: [ParNew: 16388K->4K(18432K), 0.0026879 secs] 385269K->368885K(896640K), 0.0027415 secs] [Times: user=0.01 sys=0.00, real=0.01 secs] 
2020-10-28T08:28:35.143+0000: [GC (Allocation Failure) 2020-10-28T08:28:35.143+0000: [ParNew: 16388K->4K(18432K), 0.0027093 secs] 385269K->368885K(896640K), 0.0027559 secs] [Times: user=0.01 sys=0.00, real=0.00 secs] 
2020-10-28T08:28:35.164+0000: [GC (Allocation Failure) 2020-10-28T08:28:35.164+0000: [ParNew: 16388K->4K(18432K), 0.0026566 secs] 385269K->368885K(896640K), 0.0027014 secs] [Times: user=0.01 sys=0.00, real=0.00 secs] 
2020-10-28T08:28:35.184+0000: [GC (Allocation Failure) 2020-10-28T08:28:35.184+0000: [ParNew: 16388K->4K(18432K), 0.0025997 secs] 385269K->368885K(896640K), 0.0026432 secs] [Times: user=0.01 sys=0.00, real=0.00 secs] 
2020-10-28T08:28:35.204+0000: [GC (Allocation Failure) 2020-10-28T08:28:35.204+0000: [ParNew: 16388K->4K(18432K), 0.0026798 secs] 385269K->368885K(896640K), 0.0027248 secs] [Times: user=0.01 sys=0.00, real=0.00 secs] 
2020-10-28T08:28:35.221+0000: [GC (Allocation Failure) 2020-10-28T08:28:35.221+0000: [ParNew: 16388K->4K(18432K), 0.0026619 secs] 385269K->368885K(896640K), 0.0027066 secs] [Times: user=0.01 sys=0.00, real=0.00 secs] 
2020-10-28T08:28:35.239+0000: [GC (Allocation Failure) 2020-10-28T08:28:35.239+0000: [ParNew: 16388K->4K(18432K), 0.0027192 secs] 385269K->368885K(896640K), 0.0027644 secs] [Times: user=0.01 sys=0.00, real=0.01 secs] 
2020-10-28T08:28:35.257+0000: [GC (Allocation Failure) 2020-10-28T08:28:35.257+0000: [ParNew: 16388K->4K(18432K), 0.0042029 secs] 385269K->368885K(896640K), 0.0042502 secs] [Times: user=0.00 sys=0.00, real=0.01 secs] 
2020-10-28T08:28:35.276+0000: [GC (Allocation Failure) 2020-10-28T08:28:35.276+0000: [ParNew: 16388K->4K(18432K), 0.0027360 secs] 385269K->368885K(896640K), 0.0027796 secs] [Times: user=0.01 sys=0.00, real=0.00 secs] 
2020-10-28T08:28:35.296+0000: [GC (Allocation Failure) 2020-10-28T08:28:35.296+0000: [ParNew: 16388K->4K(18432K), 0.0026464 secs] 385269K->368885K(896640K), 0.0026913 secs] [Times: user=0.00 sys=0.00, real=0.00 secs] 
2020-10-28T08:28:35.314+0000: [GC (Allocation Failure) 2020-10-28T08:28:35.314+0000: [ParNew: 16388K->4K(18432K), 0.0029910 secs] 385269K->368885K(896640K), 0.0030448 secs] [Times: user=0.01 sys=0.00, real=0.00 secs] 
2020-10-28T08:28:35.336+0000: [GC (Allocation Failure) 2020-10-28T08:28:35.336+0000: [ParNew: 15836K->4K(18432K), 0.0028383 secs] 384717K->368885K(896640K), 0.0029015 secs] [Times: user=0.01 sys=0.00, real=0.00 secs] 
2020-10-28T08:28:35.347+0000: [GC (Allocation Failure) 2020-10-28T08:28:35.347+0000: [ParNew: 16388K->4K(18432K), 0.0039105 secs] 385269K->377077K(896640K), 0.0039704 secs] [Times: user=0.01 sys=0.00, real=0.01 secs] 
2020-10-28T08:28:35.366+0000: [GC (Allocation Failure) 2020-10-28T08:28:35.366+0000: [ParNew: 16388K->4K(18432K), 0.0030887 secs] 393461K->377077K(896640K), 0.0031452 secs] [Times: user=0.01 sys=0.00, real=0.01 secs] 
2020-10-28T08:28:35.384+0000: [GC (Allocation Failure) 2020-10-28T08:28:35.384+0000: [ParNew: 16388K->4K(18432K), 0.0030252 secs] 393461K->377077K(896640K), 0.0030771 secs] [Times: user=0.00 sys=0.00, real=0.00 secs] 
2020-10-28T08:28:35.404+0000: [GC (Allocation Failure) 2020-10-28T08:28:35.404+0000: [ParNew: 16388K->4K(18432K), 0.0028949 secs] 393461K->377077K(896640K), 0.0029465 secs] [Times: user=0.01 sys=0.00, real=0.00 secs] 
2020-10-28T08:28:35.424+0000: [GC (Allocation Failure) 2020-10-28T08:28:35.424+0000: [ParNew: 16388K->4K(18432K), 0.0027634 secs] 393461K->377077K(896640K), 0.0028051 secs] [Times: user=0.01 sys=0.00, real=0.00 secs] 
2020-10-28T08:28:35.436+0000: [GC (Allocation Failure) 2020-10-28T08:28:35.436+0000: [ParNew: 16388K->4K(18432K), 0.0034760 secs] 393461K->385269K(896640K), 0.0035179 secs] [Times: user=0.01 sys=0.00, real=0.00 secs] 
2020-10-28T08:28:35.456+0000: [GC (Allocation Failure) 2020-10-28T08:28:35.456+0000: [ParNew: 16388K->4K(18432K), 0.0026504 secs] 401653K->385269K(896640K), 0.0026905 secs] [Times: user=0.00 sys=0.00, real=0.00 secs] 
2020-10-28T08:28:35.476+0000: [GC (Allocation Failure) 2020-10-28T08:28:35.476+0000: [ParNew: 16388K->4K(18432K), 0.0027324 secs] 401653K->385269K(896640K), 0.0027775 secs] [Times: user=0.00 sys=0.00, real=0.00 secs] 
2020-10-28T08:28:35.494+0000: [GC (Allocation Failure) 2020-10-28T08:28:35.494+0000: [ParNew: 16388K->4K(18432K), 0.0028060 secs] 401653K->385269K(896640K), 0.0028501 secs] [Times: user=0.01 sys=0.00, real=0.00 secs] 
2020-10-28T08:28:35.511+0000: [GC (Allocation Failure) 2020-10-28T08:28:35.511+0000: [ParNew: 16388K->4K(18432K), 0.0027902 secs] 401653K->385269K(896640K), 0.0028468 secs] [Times: user=0.00 sys=0.00, real=0.00 secs] 
2020-10-28T08:28:35.529+0000: [GC (Allocation Failure) 2020-10-28T08:28:35.529+0000: [ParNew: 16388K->4K(18432K), 0.0027381 secs] 401653K->385269K(896640K), 0.0027810 secs] [Times: user=0.01 sys=0.00, real=0.00 secs] 
2020-10-28T08:28:35.547+0000: [GC (Allocation Failure) 2020-10-28T08:28:35.547+0000: [ParNew: 16388K->4K(18432K), 0.0026563 secs] 401653K->385269K(896640K), 0.0027017 secs] [Times: user=0.00 sys=0.00, real=0.01 secs] 
2020-10-28T08:28:35.564+0000: [GC (Allocation Failure) 2020-10-28T08:28:35.564+0000: [ParNew: 16388K->4K(18432K), 0.0026427 secs] 401653K->385269K(896640K), 0.0026853 secs] [Times: user=0.01 sys=0.00, real=0.00 secs] 
2020-10-28T08:28:35.582+0000: [GC (Allocation Failure) 2020-10-28T08:28:35.582+0000: [ParNew: 16388K->4K(18432K), 0.0026221 secs] 401653K->385269K(896640K), 0.0026665 secs] [Times: user=0.01 sys=0.00, real=0.00 secs] 
2020-10-28T08:28:35.602+0000: [GC (Allocation Failure) 2020-10-28T08:28:35.602+0000: [ParNew: 16388K->4K(18432K), 0.0026439 secs] 401653K->385269K(896640K), 0.0026865 secs] [Times: user=0.00 sys=0.00, real=0.00 secs] 
2020-10-28T08:28:35.620+0000: [GC (Allocation Failure) 2020-10-28T08:28:35.620+0000: [ParNew: 16388K->4K(18432K), 0.0028581 secs] 401653K->385269K(896640K), 0.0029060 secs] [Times: user=0.01 sys=0.00, real=0.00 secs] 
2020-10-28T08:28:35.638+0000: [GC (Allocation Failure) 2020-10-28T08:28:35.638+0000: [ParNew: 16388K->4K(18432K), 0.0028761 secs] 401653K->385269K(896640K), 0.0029305 secs] [Times: user=0.01 sys=0.00, real=0.01 secs] 
2020-10-28T08:28:35.656+0000: [GC (Allocation Failure) 2020-10-28T08:28:35.656+0000: [ParNew: 16388K->4K(18432K), 0.0026742 secs] 401653K->385269K(896640K), 0.0027206 secs] [Times: user=0.00 sys=0.00, real=0.00 secs] 
2020-10-28T08:28:35.676+0000: [GC (Allocation Failure) 2020-10-28T08:28:35.676+0000: [ParNew: 16388K->4K(18432K), 0.0031226 secs] 401653K->385269K(896640K), 0.0031653 secs] [Times: user=0.01 sys=0.00, real=0.00 secs] 
2020-10-28T08:28:35.698+0000: [GC (Allocation Failure) 2020-10-28T08:28:35.698+0000: [ParNew: 16388K->4K(18432K), 0.0027077 secs] 401653K->385269K(896640K), 0.0027495 secs] [Times: user=0.01 sys=0.00, real=0.01 secs] 
2020-10-28T08:28:35.716+0000: [GC (Allocation Failure) 2020-10-28T08:28:35.716+0000: [ParNew: 16388K->4K(18432K), 0.0026661 secs] 401653K->385269K(896640K), 0.0027100 secs] [Times: user=0.01 sys=0.00, real=0.00 secs] 
2020-10-28T08:28:35.734+0000: [GC (Allocation Failure) 2020-10-28T08:28:35.734+0000: [ParNew: 16388K->4K(18432K), 0.0028808 secs] 401653K->385269K(896640K), 0.0029242 secs] [Times: user=0.00 sys=0.00, real=0.00 secs] 
2020-10-28T08:28:35.755+0000: [GC (Allocation Failure) 2020-10-28T08:28:35.755+0000: [ParNew: 16388K->4K(18432K), 0.0026320 secs] 401653K->385269K(896640K), 0.0026755 secs] [Times: user=0.01 sys=0.00, real=0.00 secs] 
2020-10-28T08:28:35.773+0000: [GC (Allocation Failure) 2020-10-28T08:28:35.773+0000: [ParNew: 16388K->4K(18432K), 0.0027681 secs] 401653K->385269K(896640K), 0.0028151 secs] [Times: user=0.01 sys=0.00, real=0.00 secs] 
2020-10-28T08:28:35.791+0000: [GC (Allocation Failure) 2020-10-28T08:28:35.791+0000: [ParNew: 16388K->4K(18432K), 0.0027249 secs] 401653K->385269K(896640K), 0.0027698 secs] [Times: user=0.00 sys=0.00, real=0.00 secs] 
2020-10-28T08:28:35.808+0000: [GC (Allocation Failure) 2020-10-28T08:28:35.808+0000: [ParNew: 16388K->4K(18432K), 0.0028258 secs] 401653K->385269K(896640K), 0.0028692 secs] [Times: user=0.01 sys=0.00, real=0.00 secs] 
2020-10-28T08:28:35.826+0000: [GC (Allocation Failure) 2020-10-28T08:28:35.826+0000: [ParNew: 16388K->4K(18432K), 0.0026793 secs] 401653K->385269K(896640K), 0.0027203 secs] [Times: user=0.00 sys=0.00, real=0.01 secs] 
2020-10-28T08:28:35.841+0000: [GC (Allocation Failure) 2020-10-28T08:28:35.841+0000: [ParNew: 16388K->4K(18432K), 0.0034643 secs] 401653K->393461K(896640K), 0.0035075 secs] [Times: user=0.01 sys=0.00, real=0.00 secs] 
2020-10-28T08:28:35.870+0000: [GC (Allocation Failure) 2020-10-28T08:28:35.870+0000: [ParNew: 16388K->4K(18432K), 0.0029412 secs] 409845K->393461K(896640K), 0.0030072 secs] [Times: user=0.00 sys=0.00, real=0.00 secs] 
2020-10-28T08:28:35.889+0000: [GC (Allocation Failure) 2020-10-28T08:28:35.889+0000: [ParNew: 16388K->4K(18432K), 0.0028620 secs] 409845K->393461K(896640K), 0.0029108 secs] [Times: user=0.01 sys=0.00, real=0.00 secs] 
2020-10-28T08:28:35.908+0000: [GC (Allocation Failure) 2020-10-28T08:28:35.908+0000: [ParNew: 16388K->4K(18432K), 0.0026209 secs] 409845K->393461K(896640K), 0.0026663 secs] [Times: user=0.00 sys=0.00, real=0.00 secs] 
2020-10-28T08:28:35.928+0000: [GC (Allocation Failure) 2020-10-28T08:28:35.928+0000: [ParNew: 16388K->4K(18432K), 0.0026880 secs] 409845K->393461K(896640K), 0.0027337 secs] [Times: user=0.01 sys=0.00, real=0.00 secs] 
2020-10-28T08:28:35.946+0000: [GC (Allocation Failure) 2020-10-28T08:28:35.946+0000: [ParNew: 16388K->4K(18432K), 0.0027604 secs] 409845K->393461K(896640K), 0.0028065 secs] [Times: user=0.00 sys=0.00, real=0.01 secs] 
2020-10-28T08:28:35.956+0000: [GC (Allocation Failure) 2020-10-28T08:28:35.956+0000: [ParNew: 16388K->4K(18432K), 0.0034358 secs] 409845K->401653K(896640K), 0.0034772 secs] [Times: user=0.01 sys=0.00, real=0.01 secs] 
2020-10-28T08:28:35.976+0000: [GC (Allocation Failure) 2020-10-28T08:28:35.976+0000: [ParNew: 16388K->4K(18432K), 0.0026801 secs] 418037K->401653K(896640K), 0.0027224 secs] [Times: user=0.01 sys=0.00, real=0.00 secs] 
2020-10-28T08:28:35.994+0000: [GC (Allocation Failure) 2020-10-28T08:28:35.994+0000: [ParNew: 16388K->4K(18432K), 0.0028432 secs] 418037K->401653K(896640K), 0.0028910 secs] [Times: user=0.00 sys=0.00, real=0.00 secs] 
2020-10-28T08:28:36.011+0000: [GC (Allocation Failure) 2020-10-28T08:28:36.011+0000: [ParNew: 16388K->4K(18432K), 0.0028345 secs] 418037K->401653K(896640K), 0.0028815 secs] [Times: user=0.01 sys=0.00, real=0.00 secs] 
2020-10-28T08:28:36.032+0000: [GC (Allocation Failure) 2020-10-28T08:28:36.032+0000: [ParNew: 16388K->4K(18432K), 0.0028297 secs] 418037K->401653K(896640K), 0.0028754 secs] [Times: user=0.01 sys=0.00, real=0.00 secs] 
2020-10-28T08:28:36.050+0000: [GC (Allocation Failure) 2020-10-28T08:28:36.050+0000: [ParNew: 16388K->4K(18432K), 0.0028788 secs] 418037K->401653K(896640K), 0.0029242 secs] [Times: user=0.01 sys=0.00, real=0.00 secs] 
2020-10-28T08:28:36.067+0000: [GC (Allocation Failure) 2020-10-28T08:28:36.067+0000: [ParNew: 16388K->4K(18432K), 0.0029400 secs] 418037K->401653K(896640K), 0.0030149 secs] [Times: user=0.00 sys=0.00, real=0.01 secs] 
2020-10-28T08:28:36.085+0000: [GC (Allocation Failure) 2020-10-28T08:28:36.085+0000: [ParNew: 16388K->4K(18432K), 0.0029159 secs] 418037K->401653K(896640K), 0.0029608 secs] [Times: user=0.01 sys=0.00, real=0.01 secs] 
2020-10-28T08:28:36.103+0000: [GC (Allocation Failure) 2020-10-28T08:28:36.103+0000: [ParNew: 16388K->4K(18432K), 0.0026545 secs] 418037K->401653K(896640K), 0.0026981 secs] [Times: user=0.00 sys=0.00, real=0.00 secs] 
2020-10-28T08:28:36.121+0000: [GC (Allocation Failure) 2020-10-28T08:28:36.121+0000: [ParNew: 16388K->4K(18432K), 0.0027539 secs] 418037K->401653K(896640K), 0.0028001 secs] [Times: user=0.01 sys=0.00, real=0.00 secs] 
2020-10-28T08:28:36.140+0000: [GC (Allocation Failure) 2020-10-28T08:28:36.140+0000: [ParNew: 16388K->4K(18432K), 0.0027165 secs] 418037K->401653K(896640K), 0.0027602 secs] [Times: user=0.01 sys=0.00, real=0.00 secs] 
2020-10-28T08:28:36.158+0000: [GC (Allocation Failure) 2020-10-28T08:28:36.158+0000: [ParNew: 16388K->4K(18432K), 0.0026431 secs] 418037K->401653K(896640K), 0.0026855 secs] [Times: user=0.00 sys=0.00, real=0.01 secs] 
2020-10-28T08:28:36.175+0000: [GC (Allocation Failure) 2020-10-28T08:28:36.175+0000: [ParNew: 16388K->4K(18432K), 0.0026635 secs] 418037K->401653K(896640K), 0.0027070 secs] [Times: user=0.00 sys=0.00, real=0.00 secs] 
2020-10-28T08:28:36.193+0000: [GC (Allocation Failure) 2020-10-28T08:28:36.193+0000: [ParNew: 16388K->4K(18432K), 0.0026591 secs] 418037K->401653K(896640K), 0.0027140 secs] [Times: user=0.01 sys=0.00, real=0.00 secs] 
2020-10-28T08:28:36.211+0000: [GC (Allocation Failure) 2020-10-28T08:28:36.211+0000: [ParNew: 16388K->4K(18432K), 0.0026247 secs] 418037K->401653K(896640K), 0.0026688 secs] [Times: user=0.00 sys=0.00, real=0.00 secs] 
2020-10-28T08:28:36.228+0000: [GC (Allocation Failure) 2020-10-28T08:28:36.228+0000: [ParNew: 16388K->4K(18432K), 0.0025613 secs] 418037K->401653K(896640K), 0.0026038 secs] [Times: user=0.01 sys=0.00, real=0.00 secs] 
2020-10-28T08:28:36.246+0000: [GC (Allocation Failure) 2020-10-28T08:28:36.246+0000: [ParNew: 16388K->4K(18432K), 0.0026553 secs] 418037K->401653K(896640K), 0.0026962 secs] [Times: user=0.00 sys=0.00, real=0.01 secs] 
2020-10-28T08:28:36.267+0000: [GC (Allocation Failure) 2020-10-28T08:28:36.267+0000: [ParNew: 16388K->4K(18432K), 0.0027664 secs] 418037K->401653K(896640K), 0.0028129 secs] [Times: user=0.00 sys=0.00, real=0.01 secs] 
2020-10-28T08:28:36.288+0000: [GC (Allocation Failure) 2020-10-28T08:28:36.288+0000: [ParNew: 16388K->4K(18432K), 0.0027286 secs] 418037K->401653K(896640K), 0.0027710 secs] [Times: user=0.01 sys=0.00, real=0.00 secs] 
2020-10-28T08:28:36.308+0000: [GC (Allocation Failure) 2020-10-28T08:28:36.308+0000: [ParNew: 16388K->4K(18432K), 0.0031539 secs] 418037K->401653K(896640K), 0.0031974 secs] [Times: user=0.00 sys=0.00, real=0.00 secs] 
2020-10-28T08:28:36.319+0000: [GC (Allocation Failure) 2020-10-28T08:28:36.319+0000: [ParNew: 16388K->4K(18432K), 0.0034430 secs] 418037K->409845K(896640K), 0.0034850 secs] [Times: user=0.00 sys=0.00, real=0.01 secs] 
2020-10-28T08:28:36.344+0000: [GC (Allocation Failure) 2020-10-28T08:28:36.344+0000: [ParNew: 16388K->4K(18432K), 0.0027779 secs] 426229K->409845K(896640K), 0.0028224 secs] [Times: user=0.00 sys=0.00, real=0.00 secs] 
2020-10-28T08:28:36.364+0000: [GC (Allocation Failure) 2020-10-28T08:28:36.364+0000: [ParNew: 16388K->4K(18432K), 0.0027132 secs] 426229K->409845K(896640K), 0.0027567 secs] [Times: user=0.00 sys=0.00, real=0.00 secs] 
2020-10-28T08:28:36.384+0000: [GC (Allocation Failure) 2020-10-28T08:28:36.384+0000: [ParNew: 16388K->4K(18432K), 0.0027178 secs] 426229K->409845K(896640K), 0.0027597 secs] [Times: user=0.00 sys=0.00, real=0.00 secs] 
2020-10-28T08:28:36.401+0000: [GC (Allocation Failure) 2020-10-28T08:28:36.401+0000: [ParNew: 16377K->4K(18432K), 0.0027167 secs] 426219K->409845K(896640K), 0.0027617 secs] [Times: user=0.00 sys=0.00, real=0.00 secs] 
2020-10-28T08:28:36.420+0000: [GC (Allocation Failure) 2020-10-28T08:28:36.420+0000: [ParNew: 16388K->4K(18432K), 0.0026053 secs] 426229K->409845K(896640K), 0.0026486 secs] [Times: user=0.01 sys=0.00, real=0.00 secs] 
2020-10-28T08:28:36.442+0000: [GC (Allocation Failure) 2020-10-28T08:28:36.442+0000: [ParNew: 16388K->4K(18432K), 0.0027927 secs] 426229K->409845K(896640K), 0.0028371 secs] [Times: user=0.00 sys=0.00, real=0.00 secs] 
2020-10-28T08:28:36.460+0000: [GC (Allocation Failure) 2020-10-28T08:28:36.460+0000: [ParNew: 16388K->4K(18432K), 0.0027208 secs] 426229K->409845K(896640K), 0.0027641 secs] [Times: user=0.01 sys=0.00, real=0.00 secs] 
2020-10-28T08:28:36.473+0000: [GC (Allocation Failure) 2020-10-28T08:28:36.473+0000: [ParNew: 11358K->4K(18432K), 0.0025831 secs] 421200K->409845K(896640K), 0.0026351 secs] [Times: user=0.00 sys=0.00, real=0.00 secs] 
2020-10-28T08:28:36.483+0000: [GC (Allocation Failure) 2020-10-28T08:28:36.483+0000: [ParNew: 16388K->4K(18432K), 0.0036351 secs] 426229K->418037K(896640K), 0.0036804 secs] [Times: user=0.00 sys=0.00, real=0.00 secs] 
2020-10-28T08:28:36.502+0000: [GC (Allocation Failure) 2020-10-28T08:28:36.502+0000: [ParNew: 16388K->4K(18432K), 0.0027043 secs] 434421K->418037K(896640K), 0.0027432 secs] [Times: user=0.01 sys=0.00, real=0.00 secs] 
2020-10-28T08:28:36.520+0000: [GC (Allocation Failure) 2020-10-28T08:28:36.520+0000: [ParNew: 16388K->4K(18432K), 0.0027577 secs] 434421K->418037K(896640K), 0.0028036 secs] [Times: user=0.00 sys=0.00, real=0.00 secs] 
2020-10-28T08:28:36.540+0000: [GC (Allocation Failure) 2020-10-28T08:28:36.540+0000: [ParNew: 16388K->4K(18432K), 0.0027544 secs] 434421K->418037K(896640K), 0.0027965 secs] [Times: user=0.01 sys=0.00, real=0.00 secs] 
2020-10-28T08:28:36.560+0000: [GC (Allocation Failure) 2020-10-28T08:28:36.560+0000: [ParNew: 16388K->4K(18432K), 0.0027157 secs] 434421K->418037K(896640K), 0.0027673 secs] [Times: user=0.00 sys=0.00, real=0.00 secs] 
2020-10-28T08:28:36.578+0000: [GC (Allocation Failure) 2020-10-28T08:28:36.578+0000: [ParNew: 16388K->4K(18432K), 0.0026969 secs] 434421K->418037K(896640K), 0.0027381 secs] [Times: user=0.01 sys=0.00, real=0.01 secs] 
2020-10-28T08:28:36.595+0000: [GC (Allocation Failure) 2020-10-28T08:28:36.595+0000: [ParNew: 16388K->4K(18432K), 0.0026989 secs] 434421K->418037K(896640K), 0.0027416 secs] [Times: user=0.00 sys=0.00, real=0.00 secs] 
2020-10-28T08:28:36.616+0000: [GC (Allocation Failure) 2020-10-28T08:28:36.616+0000: [ParNew: 16388K->4K(18432K), 0.0026846 secs] 434421K->418037K(896640K), 0.0027268 secs] [Times: user=0.00 sys=0.00, real=0.00 secs] 
2020-10-28T08:28:36.636+0000: [GC (Allocation Failure) 2020-10-28T08:28:36.636+0000: [ParNew: 16388K->4K(18432K), 0.0027798 secs] 434421K->418037K(896640K), 0.0028262 secs] [Times: user=0.00 sys=0.00, real=0.00 secs] 
2020-10-28T08:28:36.656+0000: [GC (Allocation Failure) 2020-10-28T08:28:36.656+0000: [ParNew: 16388K->4K(18432K), 0.0027255 secs] 434421K->418037K(896640K), 0.0027693 secs] [Times: user=0.01 sys=0.00, real=0.00 secs] 
2020-10-28T08:28:36.676+0000: [GC (Allocation Failure) 2020-10-28T08:28:36.676+0000: [ParNew: 16388K->4K(18432K), 0.0027333 secs] 434421K->418037K(896640K), 0.0027766 secs] [Times: user=0.01 sys=0.00, real=0.00 secs] 
2020-10-28T08:28:36.696+0000: [GC (Allocation Failure) 2020-10-28T08:28:36.696+0000: [ParNew: 16388K->4K(18432K), 0.0027850 secs] 434421K->418037K(896640K), 0.0028267 secs] [Times: user=0.00 sys=0.00, real=0.00 secs] 
2020-10-28T08:28:36.716+0000: [GC (Allocation Failure) 2020-10-28T08:28:36.716+0000: [ParNew: 16388K->4K(18432K), 0.0026577 secs] 434421K->418037K(896640K), 0.0027004 secs] [Times: user=0.01 sys=0.00, real=0.00 secs] 
2020-10-28T08:28:36.733+0000: [GC (Allocation Failure) 2020-10-28T08:28:36.733+0000: [ParNew: 16388K->4K(18432K), 0.0029129 secs] 434421K->418037K(896640K), 0.0029563 secs] [Times: user=0.01 sys=0.00, real=0.00 secs] 
2020-10-28T08:28:36.751+0000: [GC (Allocation Failure) 2020-10-28T08:28:36.751+0000: [ParNew: 16388K->4K(18432K), 0.0028504 secs] 434421K->418037K(896640K), 0.0028949 secs] [Times: user=0.01 sys=0.00, real=0.00 secs] 
2020-10-28T08:28:36.772+0000: [GC (Allocation Failure) 2020-10-28T08:28:36.772+0000: [ParNew: 16388K->4K(18432K), 0.0028421 secs] 434421K->418037K(896640K), 0.0028918 secs] [Times: user=0.01 sys=0.00, real=0.00 secs] 
2020-10-28T08:28:36.790+0000: [GC (Allocation Failure) 2020-10-28T08:28:36.790+0000: [ParNew: 16388K->4K(18432K), 0.0027007 secs] 434421K->418037K(896640K), 0.0027451 secs] [Times: user=0.00 sys=0.00, real=0.00 secs] 
2020-10-28T08:28:36.812+0000: [GC (Allocation Failure) 2020-10-28T08:28:36.812+0000: [ParNew: 16388K->4K(18432K), 0.0027048 secs] 434421K->418037K(896640K), 0.0027470 secs] [Times: user=0.01 sys=0.00, real=0.00 secs] 
2020-10-28T08:28:36.823+0000: [GC (Allocation Failure) 2020-10-28T08:28:36.823+0000: [ParNew: 16388K->4K(18432K), 0.0032984 secs] 434421K->426229K(896640K), 0.0033391 secs] [Times: user=0.01 sys=0.00, real=0.00 secs] 
2020-10-28T08:28:36.841+0000: [GC (Allocation Failure) 2020-10-28T08:28:36.841+0000: [ParNew: 16388K->4K(18432K), 0.0026150 secs] 442613K->426229K(896640K), 0.0026563 secs] [Times: user=0.00 sys=0.00, real=0.00 secs] 
2020-10-28T08:28:36.862+0000: [GC (Allocation Failure) 2020-10-28T08:28:36.862+0000: [ParNew: 16388K->4K(18432K), 0.0027801 secs] 442613K->426229K(896640K), 0.0028225 secs] [Times: user=0.01 sys=0.00, real=0.00 secs] 
2020-10-28T08:28:36.884+0000: [GC (Allocation Failure) 2020-10-28T08:28:36.884+0000: [ParNew: 16388K->4K(18432K), 0.0028329 secs] 442613K->426229K(896640K), 0.0028819 secs] [Times: user=0.00 sys=0.00, real=0.00 secs] 
2020-10-28T08:28:36.904+0000: [GC (Allocation Failure) 2020-10-28T08:28:36.904+0000: [ParNew: 16388K->4K(18432K), 0.0029256 secs] 442613K->426229K(896640K), 0.0029706 secs] [Times: user=0.00 sys=0.00, real=0.00 secs] 
2020-10-28T08:28:36.922+0000: [GC (Allocation Failure) 2020-10-28T08:28:36.922+0000: [ParNew: 16388K->4K(18432K), 0.0029505 secs] 442613K->426229K(896640K), 0.0029958 secs] [Times: user=0.01 sys=0.00, real=0.00 secs] 
2020-10-28T08:28:36.939+0000: [GC (Allocation Failure) 2020-10-28T08:28:36.939+0000: [ParNew: 16388K->4K(18432K), 0.0027909 secs] 442613K->426229K(896640K), 0.0028362 secs] [Times: user=0.01 sys=0.00, real=0.01 secs] 
2020-10-28T08:28:36.957+0000: [GC (Allocation Failure) 2020-10-28T08:28:36.957+0000: [ParNew: 16388K->4K(18432K), 0.0027479 secs] 442613K->426229K(896640K), 0.0027930 secs] [Times: user=0.00 sys=0.00, real=0.01 secs] 
2020-10-28T08:28:36.975+0000: [GC (Allocation Failure) 2020-10-28T08:28:36.975+0000: [ParNew: 16388K->4K(18432K), 0.0028368 secs] 442613K->426229K(896640K), 0.0028836 secs] [Times: user=0.01 sys=0.00, real=0.00 secs] 
2020-10-28T08:28:36.988+0000: [GC (Allocation Failure) 2020-10-28T08:28:36.988+0000: [ParNew: 10932K->4K(18432K), 0.0027906 secs] 437158K->426229K(896640K), 0.0028419 secs] [Times: user=0.01 sys=0.00, real=0.00 secs] 
2020-10-28T08:28:37.000+0000: [GC (Allocation Failure) 2020-10-28T08:28:37.000+0000: [ParNew: 16388K->4K(18432K), 0.0035454 secs] 442613K->434421K(896640K), 0.0035923 secs] [Times: user=0.00 sys=0.00, real=0.00 secs] 
2020-10-28T08:28:37.004+0000: [GC (CMS Initial Mark) [1 CMS-initial-mark: 434417K(878208K)] 434559K(896640K), 0.0012064 secs] [Times: user=0.01 sys=0.00, real=0.00 secs] 
2020-10-28T08:28:37.005+0000: [CMS-concurrent-mark-start]
2020-10-28T08:28:37.032+0000: [GC (Allocation Failure) 2020-10-28T08:28:37.032+0000: [ParNew: 16388K->4K(18432K), 0.0028061 secs] 450805K->434421K(896640K), 0.0028572 secs] [Times: user=0.00 sys=0.00, real=0.00 secs] 
2020-10-28T08:28:37.055+0000: [CMS-concurrent-mark: 0.047/0.050 secs] [Times: user=0.09 sys=0.00, real=0.05 secs] 
2020-10-28T08:28:37.055+0000: [CMS-concurrent-preclean-start]
2020-10-28T08:28:37.058+0000: [CMS-concurrent-preclean: 0.003/0.003 secs] [Times: user=0.01 sys=0.00, real=0.00 secs] 
2020-10-28T08:28:37.058+0000: [CMS-concurrent-abortable-preclean-start]
2020-10-28T08:28:37.061+0000: [GC (Allocation Failure) 2020-10-28T08:28:37.061+0000: [ParNew: 16388K->4K(18432K), 0.0025286 secs] 450805K->434421K(896640K), 0.0025671 secs] [Times: user=0.00 sys=0.00, real=0.00 secs] 
2020-10-28T08:28:37.079+0000: [GC (Allocation Failure) 2020-10-28T08:28:37.079+0000: [ParNew: 16388K->4K(18432K), 0.0027979 secs] 450805K->434421K(896640K), 0.0028485 secs] [Times: user=0.01 sys=0.00, real=0.01 secs] 
2020-10-28T08:28:37.098+0000: [GC (Allocation Failure) 2020-10-28T08:28:37.098+0000: [ParNew: 16382K->4K(18432K), 0.0026422 secs] 450800K->434421K(896640K), 0.0026890 secs] [Times: user=0.00 sys=0.00, real=0.01 secs] 
2020-10-28T08:28:37.120+0000: [GC (Allocation Failure) 2020-10-28T08:28:37.120+0000: [ParNew: 16388K->4K(18432K), 0.0024916 secs] 450805K->434421K(896640K), 0.0025385 secs] [Times: user=0.01 sys=0.00, real=0.00 secs] 
2020-10-28T08:28:37.140+0000: [GC (Allocation Failure) 2020-10-28T08:28:37.140+0000: [ParNew: 16388K->4K(18432K), 0.0025470 secs] 450805K->434421K(896640K), 0.0025942 secs] [Times: user=0.00 sys=0.00, real=0.00 secs] 
2020-10-28T08:28:37.160+0000: [GC (Allocation Failure) 2020-10-28T08:28:37.160+0000: [ParNew: 16388K->4K(18432K), 0.0025077 secs] 450805K->434421K(896640K), 0.0025533 secs] [Times: user=0.00 sys=0.00, real=0.00 secs] 
2020-10-28T08:28:37.180+0000: [GC (Allocation Failure) 2020-10-28T08:28:37.180+0000: [ParNew: 16388K->4K(18432K), 0.0025927 secs] 450805K->434421K(896640K), 0.0026385 secs] [Times: user=0.01 sys=0.00, real=0.00 secs] 
2020-10-28T08:28:37.198+0000: [GC (Allocation Failure) 2020-10-28T08:28:37.198+0000: [ParNew: 16388K->4K(18432K), 0.0025630 secs] 450805K->434421K(896640K), 0.0026089 secs] [Times: user=0.00 sys=0.00, real=0.01 secs] 
2020-10-28T08:28:37.217+0000: [GC (Allocation Failure) 2020-10-28T08:28:37.217+0000: [ParNew: 16388K->4K(18432K), 0.0024591 secs] 450805K->434421K(896640K), 0.0025073 secs] [Times: user=0.00 sys=0.00, real=0.00 secs] 
2020-10-28T08:28:37.236+0000: [GC (Allocation Failure) 2020-10-28T08:28:37.236+0000: [ParNew: 16388K->4K(18432K), 0.0024070 secs] 450805K->434421K(896640K), 0.0024509 secs] [Times: user=0.01 sys=0.00, real=0.00 secs] 
2020-10-28T08:28:37.256+0000: [GC (Allocation Failure) 2020-10-28T08:28:37.256+0000: [ParNew: 16388K->4K(18432K), 0.0025208 secs] 450805K->434421K(896640K), 0.0025672 secs] [Times: user=0.01 sys=0.00, real=0.00 secs] 
2020-10-28T08:28:37.275+0000: [GC (Allocation Failure) 2020-10-28T08:28:37.275+0000: [ParNew: 16388K->4K(18432K), 0.0027172 secs] 450805K->434421K(896640K), 0.0027658 secs] [Times: user=0.00 sys=0.00, real=0.00 secs] 
2020-10-28T08:28:37.296+0000: [GC (Allocation Failure) 2020-10-28T08:28:37.296+0000: [ParNew: 16388K->4K(18432K), 0.0024400 secs] 450805K->434421K(896640K), 0.0024850 secs] [Times: user=0.00 sys=0.00, real=0.00 secs] 
2020-10-28T08:28:37.315+0000: [GC (Allocation Failure) 2020-10-28T08:28:37.315+0000: [ParNew: 16388K->4K(18432K), 0.0025653 secs] 450805K->434421K(896640K), 0.0026115 secs] [Times: user=0.00 sys=0.00, real=0.00 secs] 
2020-10-28T08:28:37.336+0000: [GC (Allocation Failure) 2020-10-28T08:28:37.336+0000: [ParNew: 16388K->4K(18432K), 0.0025228 secs] 450805K->434421K(896640K), 0.0025651 secs] [Times: user=0.01 sys=0.00, real=0.00 secs] 
2020-10-28T08:28:37.352+0000: [GC (Allocation Failure) 2020-10-28T08:28:37.352+0000: [ParNew: 16388K->4K(18432K), 0.0031961 secs] 450805K->442613K(896640K), 0.0032403 secs] [Times: user=0.00 sys=0.00, real=0.00 secs] 
2020-10-28T08:28:37.371+0000: [GC (Allocation Failure) 2020-10-28T08:28:37.371+0000: [ParNew: 16388K->4K(18432K), 0.0026098 secs] 458997K->442613K(896640K), 0.0026557 secs] [Times: user=0.01 sys=0.00, real=0.00 secs] 
2020-10-28T08:28:37.389+0000: [GC (Allocation Failure) 2020-10-28T08:28:37.389+0000: [ParNew: 16388K->4K(18432K), 0.0026580 secs] 458997K->442613K(896640K), 0.0027042 secs] [Times: user=0.00 sys=0.00, real=0.00 secs] 
2020-10-28T08:28:37.412+0000: [GC (Allocation Failure) 2020-10-28T08:28:37.412+0000: [ParNew: 16388K->4K(18432K), 0.0025216 secs] 458997K->442613K(896640K), 0.0025686 secs] [Times: user=0.00 sys=0.00, real=0.00 secs] 
2020-10-28T08:28:37.430+0000: [GC (Allocation Failure) 2020-10-28T08:28:37.430+0000: [ParNew: 16388K->4K(18432K), 0.0025818 secs] 458997K->442613K(896640K), 0.0026269 secs] [Times: user=0.01 sys=0.00, real=0.00 secs] 
2020-10-28T08:28:37.449+0000: [GC (Allocation Failure) 2020-10-28T08:28:37.449+0000: [ParNew: 16388K->4K(18432K), 0.0024741 secs] 458997K->442613K(896640K), 0.0025172 secs] [Times: user=0.00 sys=0.00, real=0.00 secs] 
2020-10-28T08:28:37.472+0000: [GC (Allocation Failure) 2020-10-28T08:28:37.472+0000: [ParNew: 16388K->4K(18432K), 0.0024376 secs] 458997K->442614K(896640K), 0.0024812 secs] [Times: user=0.01 sys=0.00, real=0.00 secs] 
2020-10-28T08:28:37.492+0000: [GC (Allocation Failure) 2020-10-28T08:28:37.492+0000: [ParNew: 16388K->4K(18432K), 0.0027551 secs] 458998K->442614K(896640K), 0.0028059 secs] [Times: user=0.01 sys=0.00, real=0.00 secs] 
2020-10-28T08:28:37.510+0000: [GC (Allocation Failure) 2020-10-28T08:28:37.510+0000: [ParNew: 16388K->4K(18432K), 0.0027095 secs] 458998K->442614K(896640K), 0.0027608 secs] [Times: user=0.00 sys=0.00, real=0.00 secs] 
2020-10-28T08:28:37.532+0000: [GC (Allocation Failure) 2020-10-28T08:28:37.532+0000: [ParNew: 16388K->4K(18432K), 0.0028281 secs] 458998K->442614K(896640K), 0.0028799 secs] [Times: user=0.00 sys=0.00, real=0.00 secs] 
2020-10-28T08:28:37.548+0000: [GC (Allocation Failure) 2020-10-28T08:28:37.548+0000: [ParNew: 11108K->4K(18432K), 0.0025060 secs] 453718K->442614K(896640K), 0.0025517 secs] [Times: user=0.01 sys=0.00, real=0.00 secs] 
2020-10-28T08:28:37.564+0000: [GC (Allocation Failure) 2020-10-28T08:28:37.564+0000: [ParNew: 16388K->4K(18432K), 0.0034334 secs] 458998K->450806K(896640K), 0.0034825 secs] [Times: user=0.01 sys=0.00, real=0.00 secs] 
2020-10-28T08:28:37.567+0000: [CMS-concurrent-abortable-preclean: 0.044/0.510 secs] [Times: user=0.92 sys=0.03, real=0.51 secs] 
2020-10-28T08:28:37.567+0000: [GC (CMS Final Remark) [YG occupancy: 195 K (18432 K)]2020-10-28T08:28:37.567+0000: [Rescan (parallel) , 0.0017641 secs]2020-10-28T08:28:37.569+0000: [weak refs processing, 0.0000260 secs]2020-10-28T08:28:37.569+0000: [class unloading, 0.0086586 secs]2020-10-28T08:28:37.578+0000: [scrub symbol table, 0.0089297 secs]2020-10-28T08:28:37.587+0000: [scrub string table, 0.0005781 secs][1 CMS-remark: 450802K(878208K)] 450997K(896640K), 0.0200657 secs] [Times: user=0.02 sys=0.00, real=0.02 secs] 
2020-10-28T08:28:37.588+0000: [CMS-concurrent-sweep-start]
2020-10-28T08:28:37.607+0000: [CMS-concurrent-sweep: 0.019/0.019 secs] [Times: user=0.03 sys=0.01, real=0.01 secs] 
2020-10-28T08:28:37.607+0000: [CMS-concurrent-reset-start]
2020-10-28T08:28:37.609+0000: [GC (Allocation Failure) 2020-10-28T08:28:37.609+0000: [ParNew: 16388K->4K(18432K), 0.0029547 secs] 467189K->450805K(896640K), 0.0029985 secs] [Times: user=0.01 sys=0.00, real=0.00 secs] 
2020-10-28T08:28:37.613+0000: [CMS-concurrent-reset: 0.003/0.006 secs] [Times: user=0.01 sys=0.00, real=0.01 secs] 
2020-10-28T08:28:37.632+0000: [GC (Allocation Failure) 2020-10-28T08:28:37.632+0000: [ParNew: 16388K->4K(18432K), 0.0029216 secs] 467189K->450805K(896640K), 0.0029711 secs] [Times: user=0.00 sys=0.00, real=0.00 secs] 
2020-10-28T08:28:37.652+0000: [GC (Allocation Failure) 2020-10-28T08:28:37.652+0000: [ParNew: 16388K->4K(18432K), 0.0028205 secs] 467189K->450805K(896640K), 0.0028689 secs] [Times: user=0.01 sys=0.00, real=0.00 secs] 
2020-10-28T08:28:37.672+0000: [GC (Allocation Failure) 2020-10-28T08:28:37.672+0000: [ParNew: 16388K->4K(18432K), 0.0028340 secs] 467189K->450805K(896640K), 0.0028800 secs] [Times: user=0.00 sys=0.00, real=0.00 secs] 
2020-10-28T08:28:37.690+0000: [GC (Allocation Failure) 2020-10-28T08:28:37.690+0000: [ParNew: 16388K->4K(18432K), 0.0028908 secs] 467189K->450805K(896640K), 0.0029407 secs] [Times: user=0.01 sys=0.00, real=0.00 secs] 
2020-10-28T08:28:37.708+0000: [GC (Allocation Failure) 2020-10-28T08:28:37.708+0000: [ParNew: 16388K->4K(18432K), 0.0027961 secs] 467189K->450805K(896640K), 0.0028405 secs] [Times: user=0.00 sys=0.00, real=0.01 secs] 
2020-10-28T08:28:37.725+0000: [GC (Allocation Failure) 2020-10-28T08:28:37.725+0000: [ParNew: 16388K->4K(18432K), 0.0027903 secs] 467189K->450805K(896640K), 0.0028339 secs] [Times: user=0.01 sys=0.00, real=0.01 secs] 
2020-10-28T08:28:37.743+0000: [GC (Allocation Failure) 2020-10-28T08:28:37.743+0000: [ParNew: 16388K->4K(18432K), 0.0027862 secs] 467189K->450805K(896640K), 0.0028328 secs] [Times: user=0.00 sys=0.00, real=0.00 secs] 
2020-10-28T08:28:37.762+0000: [GC (Allocation Failure) 2020-10-28T08:28:37.762+0000: [ParNew: 16388K->4K(18432K), 0.0027042 secs] 467189K->450805K(896640K), 0.0027610 secs] [Times: user=0.00 sys=0.00, real=0.00 secs] 
2020-10-28T08:28:37.780+0000: [GC (Allocation Failure) 2020-10-28T08:28:37.780+0000: [ParNew: 16388K->4K(18432K), 0.0027468 secs] 467189K->450805K(896640K), 0.0027882 secs] [Times: user=0.01 sys=0.00, real=0.00 secs] 
2020-10-28T08:28:37.800+0000: [GC (Allocation Failure) 2020-10-28T08:28:37.800+0000: [ParNew: 16388K->4K(18432K), 0.0026497 secs] 467189K->450805K(896640K), 0.0027000 secs] [Times: user=0.01 sys=0.00, real=0.00 secs] 
2020-10-28T08:28:37.820+0000: [GC (Allocation Failure) 2020-10-28T08:28:37.820+0000: [ParNew: 16388K->4K(18432K), 0.0025846 secs] 467189K->450805K(896640K), 0.0026287 secs] [Times: user=0.00 sys=0.00, real=0.00 secs] 
2020-10-28T08:28:37.837+0000: [GC (Allocation Failure) 2020-10-28T08:28:37.837+0000: [ParNew: 16388K->4K(18432K), 0.0027365 secs] 467189K->450805K(896640K), 0.0027830 secs] [Times: user=0.01 sys=0.00, real=0.01 secs] 
2020-10-28T08:28:37.856+0000: [GC (Allocation Failure) 2020-10-28T08:28:37.856+0000: [ParNew: 16388K->4K(18432K), 0.0027419 secs] 467189K->450805K(896640K), 0.0027876 secs] [Times: user=0.00 sys=0.00, real=0.00 secs] 
2020-10-28T08:28:37.874+0000: [GC (Allocation Failure) 2020-10-28T08:28:37.874+0000: [ParNew: 16388K->4K(18432K), 0.0027120 secs] 467189K->450805K(896640K), 0.0027595 secs] [Times: user=0.01 sys=0.00, real=0.00 secs] 
2020-10-28T08:28:37.892+0000: [GC (Allocation Failure) 2020-10-28T08:28:37.892+0000: [ParNew: 16388K->4K(18432K), 0.0027290 secs] 467189K->450805K(896640K), 0.0027751 secs] [Times: user=0.01 sys=0.00, real=0.00 secs] 
2020-10-28T08:28:37.908+0000: [GC (Allocation Failure) 2020-10-28T08:28:37.908+0000: [ParNew: 12085K->4K(18432K), 0.0027032 secs] 462887K->450805K(896640K), 0.0027482 secs] [Times: user=0.01 sys=0.00, real=0.00 secs] 
2020-10-28T08:28:37.920+0000: [GC (Allocation Failure) 2020-10-28T08:28:37.920+0000: [ParNew: 16388K->4K(18432K), 0.0037445 secs] 467189K->458997K(896640K), 0.0037932 secs] [Times: user=0.00 sys=0.00, real=0.00 secs] 
2020-10-28T08:28:37.939+0000: [GC (Allocation Failure) 2020-10-28T08:28:37.939+0000: [ParNew: 16388K->4K(18432K), 0.0028841 secs] 475381K->458997K(896640K), 0.0029285 secs] [Times: user=0.01 sys=0.00, real=0.01 secs] 
2020-10-28T08:28:37.956+0000: [GC (Allocation Failure) 2020-10-28T08:28:37.956+0000: [ParNew: 16388K->4K(18432K), 0.0027997 secs] 475381K->458997K(896640K), 0.0028637 secs] [Times: user=0.00 sys=0.00, real=0.00 secs] 
2020-10-28T08:28:37.976+0000: [GC (Allocation Failure) 2020-10-28T08:28:37.976+0000: [ParNew: 16388K->4K(18432K), 0.0028944 secs] 475381K->458997K(896640K), 0.0029432 secs] [Times: user=0.01 sys=0.00, real=0.00 secs] 
2020-10-28T08:28:38.000+0000: [GC (Allocation Failure) 2020-10-28T08:28:38.000+0000: [ParNew: 16388K->4K(18432K), 0.0029000 secs] 475381K->458997K(896640K), 0.0029494 secs] [Times: user=0.00 sys=0.00, real=0.00 secs] 
2020-10-28T08:28:38.018+0000: [GC (Allocation Failure) 2020-10-28T08:28:38.018+0000: [ParNew: 16388K->4K(18432K), 0.0027658 secs] 475381K->458997K(896640K), 0.0028125 secs] [Times: user=0.01 sys=0.00, real=0.01 secs] 
2020-10-28T08:28:38.040+0000: [GC (Allocation Failure) 2020-10-28T08:28:38.040+0000: [ParNew: 16388K->4K(18432K), 0.0027500 secs] 475381K->458997K(896640K), 0.0027986 secs] [Times: user=0.01 sys=0.00, real=0.01 secs] 
2020-10-28T08:28:38.057+0000: [GC (Allocation Failure) 2020-10-28T08:28:38.057+0000: [ParNew: 16388K->4K(18432K), 0.0028924 secs] 475381K->458997K(896640K), 0.0029395 secs] [Times: user=0.00 sys=0.00, real=0.01 secs] 
2020-10-28T08:28:38.076+0000: [GC (Allocation Failure) 2020-10-28T08:28:38.076+0000: [ParNew: 16388K->4K(18432K), 0.0028742 secs] 475381K->458997K(896640K), 0.0029227 secs] [Times: user=0.01 sys=0.00, real=0.00 secs] 
2020-10-28T08:28:38.087+0000: [GC (Allocation Failure) 2020-10-28T08:28:38.087+0000: [ParNew: 16388K->4K(18432K), 0.0036869 secs] 475381K->467189K(896640K), 0.0037372 secs] [Times: user=0.01 sys=0.00, real=0.01 secs] 
2020-10-28T08:28:38.106+0000: [GC (Allocation Failure) 2020-10-28T08:28:38.106+0000: [ParNew: 16388K->4K(18432K), 0.0028974 secs] 483573K->467189K(896640K), 0.0029448 secs] [Times: user=0.00 sys=0.00, real=0.01 secs] 
2020-10-28T08:28:38.124+0000: [GC (Allocation Failure) 2020-10-28T08:28:38.124+0000: [ParNew: 16388K->4K(18432K), 0.0028325 secs] 483573K->467189K(896640K), 0.0028803 secs] [Times: user=0.01 sys=0.00, real=0.00 secs] 
2020-10-28T08:28:38.142+0000: [GC (Allocation Failure) 2020-10-28T08:28:38.142+0000: [ParNew: 16388K->4K(18432K), 0.0029558 secs] 483573K->467189K(896640K), 0.0030000 secs] [Times: user=0.01 sys=0.00, real=0.00 secs] 
2020-10-28T08:28:38.164+0000: [GC (Allocation Failure) 2020-10-28T08:28:38.164+0000: [ParNew: 16388K->4K(18432K), 0.0027489 secs] 483573K->467189K(896640K), 0.0027904 secs] [Times: user=0.01 sys=0.00, real=0.00 secs] 
2020-10-28T08:28:38.184+0000: [GC (Allocation Failure) 2020-10-28T08:28:38.184+0000: [ParNew: 16388K->4K(18432K), 0.0028500 secs] 483573K->467189K(896640K), 0.0028981 secs] [Times: user=0.00 sys=0.00, real=0.00 secs] 
2020-10-28T08:28:38.204+0000: [GC (Allocation Failure) 2020-10-28T08:28:38.204+0000: [ParNew: 16388K->4K(18432K), 0.0027825 secs] 483573K->467190K(896640K), 0.0028308 secs] [Times: user=0.01 sys=0.00, real=0.00 secs] 
2020-10-28T08:28:38.222+0000: [GC (Allocation Failure) 2020-10-28T08:28:38.222+0000: [ParNew: 16388K->4K(18432K), 0.0027826 secs] 483574K->467190K(896640K), 0.0028411 secs] [Times: user=0.00 sys=0.00, real=0.00 secs] 
2020-10-28T08:28:38.243+0000: [GC (Allocation Failure) 2020-10-28T08:28:38.243+0000: [ParNew: 16388K->4K(18432K), 0.0027163 secs] 483574K->467190K(896640K), 0.0027629 secs] [Times: user=0.00 sys=0.00, real=0.00 secs] 
2020-10-28T08:28:38.265+0000: [GC (Allocation Failure) 2020-10-28T08:28:38.265+0000: [ParNew: 16388K->4K(18432K), 0.0029086 secs] 483574K->467190K(896640K), 0.0029555 secs] [Times: user=0.00 sys=0.00, real=0.01 secs] 
2020-10-28T08:28:38.284+0000: [GC (Allocation Failure) 2020-10-28T08:28:38.284+0000: [ParNew: 16388K->4K(18432K), 0.0026877 secs] 483574K->467190K(896640K), 0.0027335 secs] [Times: user=0.01 sys=0.00, real=0.00 secs] 
2020-10-28T08:28:38.301+0000: [GC (Allocation Failure) 2020-10-28T08:28:38.301+0000: [ParNew: 16388K->4K(18432K), 0.0025721 secs] 483574K->467190K(896640K), 0.0026149 secs] [Times: user=0.00 sys=0.00, real=0.00 secs] 
2020-10-28T08:28:38.319+0000: [GC (Allocation Failure) 2020-10-28T08:28:38.320+0000: [ParNew: 16388K->4K(18432K), 0.0026956 secs] 483574K->467190K(896640K), 0.0027454 secs] [Times: user=0.01 sys=0.00, real=0.01 secs] 
2020-10-28T08:28:38.337+0000: [GC (Allocation Failure) 2020-10-28T08:28:38.337+0000: [ParNew: 16388K->4K(18432K), 0.0026002 secs] 483574K->467190K(896640K), 0.0026443 secs] [Times: user=0.00 sys=0.00, real=0.01 secs] 
2020-10-28T08:28:38.356+0000: [GC (Allocation Failure) 2020-10-28T08:28:38.356+0000: [ParNew: 16388K->4K(18432K), 0.0025754 secs] 483574K->467190K(896640K), 0.0026154 secs] [Times: user=0.01 sys=0.00, real=0.00 secs] 
2020-10-28T08:28:38.376+0000: [GC (Allocation Failure) 2020-10-28T08:28:38.376+0000: [ParNew: 16388K->4K(18432K), 0.0025908 secs] 483574K->467190K(896640K), 0.0026319 secs] [Times: user=0.01 sys=0.00, real=0.00 secs] 
2020-10-28T08:28:38.393+0000: [GC (Allocation Failure) 2020-10-28T08:28:38.393+0000: [ParNew: 16388K->4K(18432K), 0.0026413 secs] 483574K->467190K(896640K), 0.0026822 secs] [Times: user=0.00 sys=0.00, real=0.00 secs] 
2020-10-28T08:28:38.412+0000: [GC (Allocation Failure) 2020-10-28T08:28:38.412+0000: [ParNew: 13595K->4K(18432K), 0.0026052 secs] 480781K->467190K(896640K), 0.0026459 secs] [Times: user=0.01 sys=0.00, real=0.00 secs] 
2020-10-28T08:28:38.423+0000: [GC (Allocation Failure) 2020-10-28T08:28:38.423+0000: [ParNew: 16388K->4K(18432K), 0.0033603 secs] 483574K->475382K(896640K), 0.0034011 secs] [Times: user=0.01 sys=0.00, real=0.00 secs] 
2020-10-28T08:28:38.441+0000: [GC (Allocation Failure) 2020-10-28T08:28:38.441+0000: [ParNew: 16388K->4K(18432K), 0.0026085 secs] 491766K->475382K(896640K), 0.0026481 secs] [Times: user=0.00 sys=0.01, real=0.00 secs] 
2020-10-28T08:28:38.459+0000: [GC (Allocation Failure) 2020-10-28T08:28:38.459+0000: [ParNew: 16388K->4K(18432K), 0.0026868 secs] 491766K->475382K(896640K), 0.0027276 secs] [Times: user=0.00 sys=0.00, real=0.01 secs] 
2020-10-28T08:28:38.476+0000: [GC (Allocation Failure) 2020-10-28T08:28:38.476+0000: [ParNew: 16388K->4K(18432K), 0.0026697 secs] 491766K->475382K(896640K), 0.0027121 secs] [Times: user=0.01 sys=0.00, real=0.00 secs] 
2020-10-28T08:28:38.494+0000: [GC (Allocation Failure) 2020-10-28T08:28:38.494+0000: [ParNew: 16388K->4K(18432K), 0.0027369 secs] 491766K->475382K(896640K), 0.0027822 secs] [Times: user=0.00 sys=0.00, real=0.00 secs] 
2020-10-28T08:28:38.516+0000: [GC (Allocation Failure) 2020-10-28T08:28:38.516+0000: [ParNew: 16388K->4K(18432K), 0.0027452 secs] 491766K->475382K(896640K), 0.0028208 secs] [Times: user=0.00 sys=0.00, real=0.00 secs] 
2020-10-28T08:28:38.533+0000: [GC (Allocation Failure) 2020-10-28T08:28:38.534+0000: [ParNew: 16388K->4K(18432K), 0.0027415 secs] 491766K->475382K(896640K), 0.0027839 secs] [Times: user=0.00 sys=0.00, real=0.00 secs] 
2020-10-28T08:28:38.551+0000: [GC (Allocation Failure) 2020-10-28T08:28:38.551+0000: [ParNew: 16388K->4K(18432K), 0.0027850 secs] 491766K->475382K(896640K), 0.0028253 secs] [Times: user=0.01 sys=0.00, real=0.00 secs] 
2020-10-28T08:28:38.569+0000: [GC (Allocation Failure) 2020-10-28T08:28:38.569+0000: [ParNew: 16388K->4K(18432K), 0.0027430 secs] 491766K->475382K(896640K), 0.0027855 secs] [Times: user=0.01 sys=0.00, real=0.00 secs] 
2020-10-28T08:28:38.588+0000: [GC (Allocation Failure) 2020-10-28T08:28:38.588+0000: [ParNew: 8776K->1126K(18432K), 0.0027383 secs] 484154K->476504K(896640K), 0.0027765 secs] [Times: user=0.00 sys=0.00, real=0.00 secs] 
2020-10-28T08:28:38.607+0000: [GC (Allocation Failure) 2020-10-28T08:28:38.607+0000: [ParNew: 17510K->4K(18432K), 0.0036153 secs] 492888K->484697K(896640K), 0.0036589 secs] [Times: user=0.01 sys=0.00, real=0.01 secs] 
2020-10-28T08:28:38.640+0000: [GC (Allocation Failure) 2020-10-28T08:28:38.640+0000: [ParNew: 16388K->4K(18432K), 0.0028438 secs] 501081K->484697K(896640K), 0.0028934 secs] [Times: user=0.01 sys=0.00, real=0.00 secs] 
2020-10-28T08:28:38.672+0000: [GC (Allocation Failure) 2020-10-28T08:28:38.672+0000: [ParNew: 16388K->4K(18432K), 0.0028635 secs] 501081K->484697K(896640K), 0.0029139 secs] [Times: user=0.01 sys=0.00, real=0.00 secs] 
2020-10-28T08:28:38.703+0000: [GC (Allocation Failure) 2020-10-28T08:28:38.703+0000: [ParNew: 16388K->4K(18432K), 0.0028438 secs] 501081K->484697K(896640K), 0.0028927 secs] [Times: user=0.01 sys=0.00, real=0.00 secs] 
2020-10-28T08:28:38.847+0000: [GC (Allocation Failure) 2020-10-28T08:28:38.847+0000: [ParNew: 16388K->1126K(18432K), 0.0032205 secs] 501081K->485820K(896640K), 0.0032748 secs] [Times: user=0.00 sys=0.00, real=0.01 secs] 
2020-10-28T08:28:39.400+0000: [GC (Allocation Failure) 2020-10-28T08:28:39.400+0000: [ParNew: 17510K->2K(18432K), 0.0032442 secs] 502204K->485820K(896640K), 0.0033022 secs] [Times: user=0.01 sys=0.00, real=0.00 secs] 
2020-10-28T08:28:40.247+0000: [GC (GCLocker Initiated GC) 2020-10-28T08:28:40.247+0000: [ParNew: 16386K->68K(18432K), 0.0029475 secs] 567740K->551422K(896640K), 0.0029930 secs] [Times: user=0.01 sys=0.00, real=0.01 secs] 
2020-10-28T08:28:40.276+0000: [GC (Allocation Failure) 2020-10-28T08:28:40.276+0000: [ParNew: 16452K->516K(18432K), 0.0029377 secs] 567806K->551870K(896640K), 0.0029815 secs] [Times: user=0.00 sys=0.00, real=0.00 secs] 
2020-10-28T08:28:40.304+0000: [GC (Allocation Failure) 2020-10-28T08:28:40.304+0000: [ParNew: 16900K->1028K(18432K), 0.0029518 secs] 568254K->552382K(896640K), 0.0029952 secs] [Times: user=0.00 sys=0.00, real=0.00 secs] 
2020-10-28T08:28:40.337+0000: [GC (Allocation Failure) 2020-10-28T08:28:40.337+0000: [ParNew: 17412K->4K(18432K), 0.0029483 secs] 568766K->551871K(896640K), 0.0029930 secs] [Times: user=0.00 sys=0.00, real=0.01 secs] 
2020-10-28T08:28:40.358+0000: [GC (Allocation Failure) 2020-10-28T08:28:40.358+0000: [ParNew: 16388K->1094K(18432K), 0.0030657 secs] 568255K->553985K(896640K), 0.0031097 secs] [Times: user=0.01 sys=0.00, real=0.01 secs] 
2020-10-28T08:28:40.376+0000: [GC (Allocation Failure) 2020-10-28T08:28:40.376+0000: [ParNew: 17478K->132K(18432K), 0.0027040 secs] 570369K->553025K(896640K), 0.0027488 secs] [Times: user=0.00 sys=0.00, real=0.00 secs] 
2020-10-28T08:28:40.396+0000: [GC (Allocation Failure) 2020-10-28T08:28:40.396+0000: [ParNew: 16516K->260K(18432K), 0.0026672 secs] 569409K->553153K(896640K), 0.0027100 secs] [Times: user=0.00 sys=0.00, real=0.00 secs] 
2020-10-28T08:28:40.416+0000: [GC (Allocation Failure) 2020-10-28T08:28:40.416+0000: [ParNew: 16644K->260K(18432K), 0.0026681 secs] 569537K->553153K(896640K), 0.0027108 secs] [Times: user=0.00 sys=0.00, real=0.00 secs] 
2020-10-28T08:28:40.433+0000: [GC (Allocation Failure) 2020-10-28T08:28:40.433+0000: [ParNew: 16644K->516K(18432K), 0.0027078 secs] 569537K->553409K(896640K), 0.0027495 secs] [Times: user=0.00 sys=0.00, real=0.00 secs] 
2020-10-28T08:28:40.451+0000: [GC (Allocation Failure) 2020-10-28T08:28:40.451+0000: [ParNew: 16900K->516K(18432K), 0.0027441 secs] 569793K->553409K(896640K), 0.0027955 secs] [Times: user=0.00 sys=0.00, real=0.00 secs] 
2020-10-28T08:28:40.472+0000: [GC (Allocation Failure) 2020-10-28T08:28:40.472+0000: [ParNew: 16900K->516K(18432K), 0.0027316 secs] 569793K->553409K(896640K), 0.0027877 secs] [Times: user=0.00 sys=0.00, real=0.00 secs] 
2020-10-28T08:28:40.490+0000: [GC (Allocation Failure) 2020-10-28T08:28:40.490+0000: [ParNew: 16900K->516K(18432K), 0.0027747 secs] 569793K->553409K(896640K), 0.0028180 secs] [Times: user=0.01 sys=0.00, real=0.00 secs] 
2020-10-28T08:28:40.507+0000: [GC (Allocation Failure) 2020-10-28T08:28:40.507+0000: [ParNew: 16900K->4K(18432K), 0.0031123 secs] 569793K->554945K(896640K), 0.0031610 secs] [Times: user=0.01 sys=0.00, real=0.01 secs] 
2020-10-28T08:28:40.526+0000: [GC (Allocation Failure) 2020-10-28T08:28:40.526+0000: [ParNew: 16388K->4K(18432K), 0.0027657 secs] 571329K->554945K(896640K), 0.0028110 secs] [Times: user=0.00 sys=0.00, real=0.01 secs] 
2020-10-28T08:28:40.548+0000: [GC (Allocation Failure) 2020-10-28T08:28:40.548+0000: [ParNew: 16388K->4K(18432K), 0.0026384 secs] 571329K->554945K(896640K), 0.0026799 secs] [Times: user=0.00 sys=0.00, real=0.00 secs] 
2020-10-28T08:28:40.566+0000: [GC (Allocation Failure) 2020-10-28T08:28:40.566+0000: [ParNew: 16388K->4K(18432K), 0.0026358 secs] 571329K->554945K(896640K), 0.0026768 secs] [Times: user=0.01 sys=0.00, real=0.01 secs] 
2020-10-28T08:28:40.583+0000: [GC (Allocation Failure) 2020-10-28T08:28:40.583+0000: [ParNew: 16388K->4K(18432K), 0.0025816 secs] 571329K->554945K(896640K), 0.0026382 secs] [Times: user=0.01 sys=0.00, real=0.00 secs] 
2020-10-28T08:28:40.601+0000: [GC (Allocation Failure) 2020-10-28T08:28:40.601+0000: [ParNew: 16388K->4K(18432K), 0.0025857 secs] 571329K->554945K(896640K), 0.0026273 secs] [Times: user=0.00 sys=0.00, real=0.00 secs] 
2020-10-28T08:28:40.620+0000: [GC (Allocation Failure) 2020-10-28T08:28:40.620+0000: [ParNew: 16372K->4K(18432K), 0.0025875 secs] 571313K->554945K(896640K), 0.0026279 secs] [Times: user=0.01 sys=0.00, real=0.00 secs] 
2020-10-28T08:28:40.640+0000: [GC (Allocation Failure) 2020-10-28T08:28:40.640+0000: [ParNew: 16388K->4K(18432K), 0.0026278 secs] 571329K->554945K(896640K), 0.0026701 secs] [Times: user=0.00 sys=0.00, real=0.00 secs] 
2020-10-28T08:28:40.660+0000: [GC (Allocation Failure) 2020-10-28T08:28:40.660+0000: [ParNew: 16388K->4K(18432K), 0.0030043 secs] 571329K->556993K(896640K), 0.0030536 secs] [Times: user=0.01 sys=0.00, real=0.00 secs] 
2020-10-28T08:28:40.682+0000: [GC (Allocation Failure) 2020-10-28T08:28:40.682+0000: [ParNew: 16388K->4K(18432K), 0.0026836 secs] 573377K->556993K(896640K), 0.0027274 secs] [Times: user=0.00 sys=0.00, real=0.00 secs] 
2020-10-28T08:28:40.700+0000: [GC (Allocation Failure) 2020-10-28T08:28:40.700+0000: [ParNew: 16388K->4K(18432K), 0.0026816 secs] 573377K->556993K(896640K), 0.0027411 secs] [Times: user=0.01 sys=0.00, real=0.00 secs] 
2020-10-28T08:28:40.717+0000: [GC (Allocation Failure) 2020-10-28T08:28:40.717+0000: [ParNew: 16388K->4K(18432K), 0.0026888 secs] 573377K->556993K(896640K), 0.0027307 secs] [Times: user=0.00 sys=0.00, real=0.01 secs] 
2020-10-28T08:28:40.735+0000: [GC (Allocation Failure) 2020-10-28T08:28:40.735+0000: [ParNew: 16388K->4K(18432K), 0.0026201 secs] 573377K->556993K(896640K), 0.0026604 secs] [Times: user=0.00 sys=0.00, real=0.00 secs] 
2020-10-28T08:28:40.756+0000: [GC (Allocation Failure) 2020-10-28T08:28:40.756+0000: [ParNew: 16388K->4K(18432K), 0.0045744 secs] 573377K->556993K(896640K), 0.0046212 secs] [Times: user=0.01 sys=0.00, real=0.01 secs] 
2020-10-28T08:28:40.775+0000: [GC (Allocation Failure) 2020-10-28T08:28:40.775+0000: [ParNew: 16388K->4K(18432K), 0.0027083 secs] 573377K->556993K(896640K), 0.0027534 secs] [Times: user=0.00 sys=0.00, real=0.00 secs] 
2020-10-28T08:28:40.794+0000: [GC (Allocation Failure) 2020-10-28T08:28:40.794+0000: [ParNew: 16388K->4K(18432K), 0.0026770 secs] 573377K->556993K(896640K), 0.0027199 secs] [Times: user=0.01 sys=0.00, real=0.00 secs] 
2020-10-28T08:28:40.808+0000: [GC (Allocation Failure) 2020-10-28T08:28:40.808+0000: [ParNew: 16388K->4K(18432K), 0.0032847 secs] 573377K->561089K(896640K), 0.0033274 secs] [Times: user=0.01 sys=0.00, real=0.00 secs] 
2020-10-28T08:28:40.826+0000: [GC (Allocation Failure) 2020-10-28T08:28:40.826+0000: [ParNew: 16388K->4K(18432K), 0.0027119 secs] 577473K->561089K(896640K), 0.0027555 secs] [Times: user=0.00 sys=0.00, real=0.01 secs] 
2020-10-28T08:28:40.844+0000: [GC (Allocation Failure) 2020-10-28T08:28:40.844+0000: [ParNew: 16388K->4K(18432K), 0.0026161 secs] 577473K->561089K(896640K), 0.0026568 secs] [Times: user=0.01 sys=0.00, real=0.00 secs] 
2020-10-28T08:28:40.868+0000: [GC (Allocation Failure) 2020-10-28T08:28:40.868+0000: [ParNew: 16388K->4K(18432K), 0.0027733 secs] 577473K->561089K(896640K), 0.0028209 secs] [Times: user=0.00 sys=0.00, real=0.00 secs] 
2020-10-28T08:28:40.886+0000: [GC (Allocation Failure) 2020-10-28T08:28:40.886+0000: [ParNew: 16388K->4K(18432K), 0.0027034 secs] 577473K->561089K(896640K), 0.0027473 secs] [Times: user=0.01 sys=0.00, real=0.01 secs] 
2020-10-28T08:28:40.903+0000: [GC (Allocation Failure) 2020-10-28T08:28:40.903+0000: [ParNew: 16388K->4K(18432K), 0.0026381 secs] 577473K->561089K(896640K), 0.0026799 secs] [Times: user=0.00 sys=0.00, real=0.00 secs] 
2020-10-28T08:28:40.921+0000: [GC (Allocation Failure) 2020-10-28T08:28:40.921+0000: [ParNew: 16388K->4K(18432K), 0.0026450 secs] 577473K->561089K(896640K), 0.0026851 secs] [Times: user=0.00 sys=0.00, real=0.00 secs] 
2020-10-28T08:28:40.939+0000: [GC (Allocation Failure) 2020-10-28T08:28:40.939+0000: [ParNew: 16388K->4K(18432K), 0.0026421 secs] 577473K->561089K(896640K), 0.0026860 secs] [Times: user=0.01 sys=0.00, real=0.01 secs] 
2020-10-28T08:28:40.960+0000: [GC (Allocation Failure) 2020-10-28T08:28:40.960+0000: [ParNew: 16388K->4K(18432K), 0.0025444 secs] 577473K->561089K(896640K), 0.0025886 secs] [Times: user=0.00 sys=0.00, real=0.00 secs] 
2020-10-28T08:28:40.976+0000: [GC (Allocation Failure) 2020-10-28T08:28:40.976+0000: [ParNew: 16388K->4K(18432K), 0.0031969 secs] 577473K->565185K(896640K), 0.0032423 secs] [Times: user=0.00 sys=0.00, real=0.00 secs] 
2020-10-28T08:28:40.996+0000: [GC (Allocation Failure) 2020-10-28T08:28:40.996+0000: [ParNew: 16388K->4K(18432K), 0.0026729 secs] 581569K->565185K(896640K), 0.0027168 secs] [Times: user=0.01 sys=0.00, real=0.00 secs] 
2020-10-28T08:28:41.013+0000: [GC (Allocation Failure) 2020-10-28T08:28:41.013+0000: [ParNew: 16388K->4K(18432K), 0.0027012 secs] 581569K->565185K(896640K), 0.0027457 secs] [Times: user=0.00 sys=0.00, real=0.00 secs] 
2020-10-28T08:28:41.031+0000: [GC (Allocation Failure) 2020-10-28T08:28:41.031+0000: [ParNew: 16388K->4K(18432K), 0.0027150 secs] 581569K->565185K(896640K), 0.0027624 secs] [Times: user=0.01 sys=0.00, real=0.00 secs] 
2020-10-28T08:28:41.052+0000: [GC (Allocation Failure) 2020-10-28T08:28:41.052+0000: [ParNew: 16388K->4K(18432K), 0.0025248 secs] 581569K->565185K(896640K), 0.0025668 secs] [Times: user=0.01 sys=0.00, real=0.00 secs] 
2020-10-28T08:28:41.072+0000: [GC (Allocation Failure) 2020-10-28T08:28:41.072+0000: [ParNew: 16388K->4K(18432K), 0.0026522 secs] 581569K->565185K(896640K), 0.0026985 secs] [Times: user=0.01 sys=0.00, real=0.00 secs] 
2020-10-28T08:28:41.090+0000: [GC (Allocation Failure) 2020-10-28T08:28:41.090+0000: [ParNew: 16388K->4K(18432K), 0.0026396 secs] 581569K->565186K(896640K), 0.0026851 secs] [Times: user=0.00 sys=0.00, real=0.00 secs] 
2020-10-28T08:28:41.107+0000: [GC (Allocation Failure) 2020-10-28T08:28:41.107+0000: [ParNew: 16388K->4K(18432K), 0.0027357 secs] 581570K->565186K(896640K), 0.0027831 secs] [Times: user=0.01 sys=0.00, real=0.01 secs] 
2020-10-28T08:28:41.125+0000: [GC (Allocation Failure) 2020-10-28T08:28:41.125+0000: [ParNew: 16388K->4K(18432K), 0.0027290 secs] 581570K->565186K(896640K), 0.0027771 secs] [Times: user=0.00 sys=0.00, real=0.01 secs] 
2020-10-28T08:28:41.144+0000: [GC (Allocation Failure) 2020-10-28T08:28:41.144+0000: [ParNew: 16388K->4K(18432K), 0.0026738 secs] 581570K->565186K(896640K), 0.0027145 secs] [Times: user=0.01 sys=0.00, real=0.00 secs] 
2020-10-28T08:28:41.164+0000: [GC (Allocation Failure) 2020-10-28T08:28:41.164+0000: [ParNew: 16388K->4K(18432K), 0.0026111 secs] 581570K->565186K(896640K), 0.0026533 secs] [Times: user=0.01 sys=0.00, real=0.00 secs] 
2020-10-28T08:28:41.182+0000: [GC (Allocation Failure) 2020-10-28T08:28:41.182+0000: [ParNew: 16388K->4K(18432K), 0.0026217 secs] 581570K->565186K(896640K), 0.0026715 secs] [Times: user=0.01 sys=0.00, real=0.00 secs] 
2020-10-28T08:28:41.199+0000: [GC (Allocation Failure) 2020-10-28T08:28:41.199+0000: [ParNew: 16388K->4K(18432K), 0.0026219 secs] 581570K->565186K(896640K), 0.0026640 secs] [Times: user=0.00 sys=0.00, real=0.01 secs] 
2020-10-28T08:28:41.220+0000: [GC (Allocation Failure) 2020-10-28T08:28:41.220+0000: [ParNew: 16388K->4K(18432K), 0.0040380 secs] 581570K->565186K(896640K), 0.0040796 secs] [Times: user=0.00 sys=0.00, real=0.00 secs] 
2020-10-28T08:28:41.240+0000: [GC (Allocation Failure) 2020-10-28T08:28:41.240+0000: [ParNew: 16388K->4K(18432K), 0.0026816 secs] 581570K->565186K(896640K), 0.0027286 secs] [Times: user=0.01 sys=0.00, real=0.00 secs] 
2020-10-28T08:28:41.257+0000: [GC (Allocation Failure) 2020-10-28T08:28:41.258+0000: [ParNew: 16388K->4K(18432K), 0.0026945 secs] 581570K->565186K(896640K), 0.0027391 secs] [Times: user=0.00 sys=0.00, real=0.01 secs] 
2020-10-28T08:28:41.275+0000: [GC (Allocation Failure) 2020-10-28T08:28:41.275+0000: [ParNew: 16388K->4K(18432K), 0.0027098 secs] 581570K->565186K(896640K), 0.0027535 secs] [Times: user=0.01 sys=0.00, real=0.00 secs] 
2020-10-28T08:28:41.296+0000: [GC (Allocation Failure) 2020-10-28T08:28:41.296+0000: [ParNew: 16388K->4K(18432K), 0.0027282 secs] 581570K->565186K(896640K), 0.0027759 secs] [Times: user=0.01 sys=0.00, real=0.00 secs] 
2020-10-28T08:28:41.316+0000: [GC (Allocation Failure) 2020-10-28T08:28:41.316+0000: [ParNew: 16388K->4K(18432K), 0.0026627 secs] 581570K->565186K(896640K), 0.0027103 secs] [Times: user=0.01 sys=0.00, real=0.00 secs] 
2020-10-28T08:28:41.334+0000: [GC (Allocation Failure) 2020-10-28T08:28:41.334+0000: [ParNew: 16388K->4K(18432K), 0.0026597 secs] 581570K->565186K(896640K), 0.0027007 secs] [Times: user=0.00 sys=0.00, real=0.00 secs] 
2020-10-28T08:28:41.356+0000: [GC (Allocation Failure) 2020-10-28T08:28:41.356+0000: [ParNew: 16388K->4K(18432K), 0.0025989 secs] 581570K->565186K(896640K), 0.0026401 secs] [Times: user=0.01 sys=0.00, real=0.00 secs] 
2020-10-28T08:28:41.376+0000: [GC (Allocation Failure) 2020-10-28T08:28:41.376+0000: [ParNew: 16388K->4K(18432K), 0.0025692 secs] 581570K->565186K(896640K), 0.0026107 secs] [Times: user=0.00 sys=0.00, real=0.00 secs] 
2020-10-28T08:28:41.396+0000: [GC (Allocation Failure) 2020-10-28T08:28:41.396+0000: [ParNew: 16388K->4K(18432K), 0.0025910 secs] 581570K->565186K(896640K), 0.0026335 secs] [Times: user=0.01 sys=0.00, real=0.00 secs] 
2020-10-28T08:28:41.414+0000: [GC (Allocation Failure) 2020-10-28T08:28:41.414+0000: [ParNew: 16388K->4K(18432K), 0.0027769 secs] 581570K->565186K(896640K), 0.0028261 secs] [Times: user=0.01 sys=0.00, real=0.00 secs] 
2020-10-28T08:28:41.432+0000: [GC (Allocation Failure) 2020-10-28T08:28:41.432+0000: [ParNew: 16388K->4K(18432K), 0.0027910 secs] 581570K->565186K(896640K), 0.0028403 secs] [Times: user=0.01 sys=0.00, real=0.00 secs] 
2020-10-28T08:28:41.450+0000: [GC (Allocation Failure) 2020-10-28T08:28:41.450+0000: [ParNew: 16388K->4K(18432K), 0.0027190 secs] 581570K->565186K(896640K), 0.0027617 secs] [Times: user=0.00 sys=0.00, real=0.00 secs] 
2020-10-28T08:28:41.471+0000: [GC (Allocation Failure) 2020-10-28T08:28:41.471+0000: [ParNew: 16388K->4K(18432K), 0.0027520 secs] 581570K->565186K(896640K), 0.0027967 secs] [Times: user=0.00 sys=0.00, real=0.00 secs] 
2020-10-28T08:28:41.489+0000: [GC (Allocation Failure) 2020-10-28T08:28:41.489+0000: [ParNew: 16388K->4K(18432K), 0.0027924 secs] 581570K->565186K(896640K), 0.0028409 secs] [Times: user=0.01 sys=0.00, real=0.00 secs] 
2020-10-28T08:28:41.508+0000: [GC (Allocation Failure) 2020-10-28T08:28:41.508+0000: [ParNew: 16388K->4K(18432K), 0.0027884 secs] 581570K->565186K(896640K), 0.0028377 secs] [Times: user=0.00 sys=0.00, real=0.00 secs] 
2020-10-28T08:28:41.526+0000: [GC (Allocation Failure) 2020-10-28T08:28:41.526+0000: [ParNew: 16388K->4K(18432K), 0.0028661 secs] 581570K->565186K(896640K), 0.0029150 secs] [Times: user=0.01 sys=0.00, real=0.01 secs] 
2020-10-28T08:28:41.544+0000: [GC (Allocation Failure) 2020-10-28T08:28:41.544+0000: [ParNew: 16388K->4K(18432K), 0.0025905 secs] 581570K->565186K(896640K), 0.0026347 secs] [Times: user=0.00 sys=0.00, real=0.00 secs] 
2020-10-28T08:28:41.562+0000: [GC (Allocation Failure) 2020-10-28T08:28:41.562+0000: [ParNew: 16388K->4K(18432K), 0.0025883 secs] 581570K->565186K(896640K), 0.0026348 secs] [Times: user=0.01 sys=0.00, real=0.00 secs] 
2020-10-28T08:28:41.581+0000: [GC (Allocation Failure) 2020-10-28T08:28:41.581+0000: [ParNew: 16388K->4K(18432K), 0.0027557 secs] 581570K->565186K(896640K), 0.0028039 secs] [Times: user=0.01 sys=0.00, real=0.00 secs] 
2020-10-28T08:28:41.600+0000: [GC (Allocation Failure) 2020-10-28T08:28:41.600+0000: [ParNew: 16388K->4K(18432K), 0.0026761 secs] 581570K->565186K(896640K), 0.0027197 secs] [Times: user=0.00 sys=0.00, real=0.00 secs] 
2020-10-28T08:28:41.620+0000: [GC (Allocation Failure) 2020-10-28T08:28:41.620+0000: [ParNew: 16388K->4K(18432K), 0.0025966 secs] 581570K->565186K(896640K), 0.0026386 secs] [Times: user=0.00 sys=0.00, real=0.00 secs] 
2020-10-28T08:28:41.640+0000: [GC (Allocation Failure) 2020-10-28T08:28:41.640+0000: [ParNew: 16388K->4K(18432K), 0.0025940 secs] 581570K->565186K(896640K), 0.0026354 secs] [Times: user=0.00 sys=0.00, real=0.00 secs] 
2020-10-28T08:28:41.660+0000: [GC (Allocation Failure) 2020-10-28T08:28:41.660+0000: [ParNew: 16388K->4K(18432K), 0.0026793 secs] 581570K->565186K(896640K), 0.0027252 secs] [Times: user=0.01 sys=0.00, real=0.00 secs] 
2020-10-28T08:28:41.681+0000: [GC (Allocation Failure) 2020-10-28T08:28:41.681+0000: [ParNew: 16388K->4K(18432K), 0.0026781 secs] 581570K->565186K(896640K), 0.0027215 secs] [Times: user=0.00 sys=0.00, real=0.00 secs] 
2020-10-28T08:28:41.700+0000: [GC (Allocation Failure) 2020-10-28T08:28:41.700+0000: [ParNew: 16388K->4K(18432K), 0.0026235 secs] 581570K->565186K(896640K), 0.0026636 secs] [Times: user=0.00 sys=0.00, real=0.00 secs] 
2020-10-28T08:28:41.720+0000: [GC (Allocation Failure) 2020-10-28T08:28:41.720+0000: [ParNew: 16388K->4K(18432K), 0.0025904 secs] 581570K->565186K(896640K), 0.0026318 secs] [Times: user=0.01 sys=0.00, real=0.00 secs] 
2020-10-28T08:28:41.737+0000: [GC (Allocation Failure) 2020-10-28T08:28:41.737+0000: [ParNew: 16388K->4K(18432K), 0.0025790 secs] 581570K->565186K(896640K), 0.0026199 secs] [Times: user=0.00 sys=0.00, real=0.01 secs] 
2020-10-28T08:28:41.756+0000: [GC (Allocation Failure) 2020-10-28T08:28:41.756+0000: [ParNew: 16388K->4K(18432K), 0.0025476 secs] 581570K->565186K(896640K), 0.0025881 secs] [Times: user=0.01 sys=0.00, real=0.00 secs] 
2020-10-28T08:28:41.773+0000: [GC (Allocation Failure) 2020-10-28T08:28:41.773+0000: [ParNew: 16388K->4K(18432K), 0.0027843 secs] 581570K->565186K(896640K), 0.0028325 secs] [Times: user=0.00 sys=0.00, real=0.00 secs] 
2020-10-28T08:28:41.791+0000: [GC (Allocation Failure) 2020-10-28T08:28:41.792+0000: [ParNew: 16388K->4K(18432K), 0.0025771 secs] 581570K->565186K(896640K), 0.0026231 secs] [Times: user=0.01 sys=0.00, real=0.00 secs] 
2020-10-28T08:28:41.813+0000: [GC (Allocation Failure) 2020-10-28T08:28:41.813+0000: [ParNew: 16388K->4K(18432K), 0.0025359 secs] 581570K->565186K(896640K), 0.0025792 secs] [Times: user=0.00 sys=0.00, real=0.00 secs] 
2020-10-28T08:28:41.835+0000: [GC (Allocation Failure) 2020-10-28T08:28:41.835+0000: [ParNew: 16388K->4K(18432K), 0.0025410 secs] 581570K->565186K(896640K), 0.0025835 secs] [Times: user=0.01 sys=0.00, real=0.00 secs] 
2020-10-28T08:28:41.853+0000: [GC (Allocation Failure) 2020-10-28T08:28:41.853+0000: [ParNew: 16388K->4K(18432K), 0.0025447 secs] 581570K->565186K(896640K), 0.0025870 secs] [Times: user=0.01 sys=0.00, real=0.00 secs] 
2020-10-28T08:28:41.871+0000: [GC (Allocation Failure) 2020-10-28T08:28:41.871+0000: [ParNew: 16388K->4K(18432K), 0.0025697 secs] 581570K->565186K(896640K), 0.0026125 secs] [Times: user=0.01 sys=0.00, real=0.00 secs] 
2020-10-28T08:28:41.888+0000: [GC (Allocation Failure) 2020-10-28T08:28:41.888+0000: [ParNew: 16388K->4K(18432K), 0.0025933 secs] 581570K->565186K(896640K), 0.0026425 secs] [Times: user=0.00 sys=0.00, real=0.00 secs] 
2020-10-28T08:28:41.908+0000: [GC (Allocation Failure) 2020-10-28T08:28:41.908+0000: [ParNew: 16388K->4K(18432K), 0.0025725 secs] 581570K->565186K(896640K), 0.0026167 secs] [Times: user=0.00 sys=0.00, real=0.00 secs] 
2020-10-28T08:28:41.927+0000: [GC (Allocation Failure) 2020-10-28T08:28:41.927+0000: [ParNew: 16388K->4K(18432K), 0.0025737 secs] 581570K->565186K(896640K), 0.0026146 secs] [Times: user=0.01 sys=0.00, real=0.01 secs] 
2020-10-28T08:28:41.944+0000: [GC (Allocation Failure) 2020-10-28T08:28:41.944+0000: [ParNew: 16388K->4K(18432K), 0.0026081 secs] 581570K->565186K(896640K), 0.0026490 secs] [Times: user=0.00 sys=0.00, real=0.00 secs] 
2020-10-28T08:28:41.964+0000: [GC (Allocation Failure) 2020-10-28T08:28:41.964+0000: [ParNew: 16388K->4K(18432K), 0.0026161 secs] 581570K->565186K(896640K), 0.0026596 secs] [Times: user=0.01 sys=0.00, real=0.00 secs] 
2020-10-28T08:28:41.982+0000: [GC (Allocation Failure) 2020-10-28T08:28:41.982+0000: [ParNew: 16388K->4K(18432K), 0.0026117 secs] 581570K->565186K(896640K), 0.0026538 secs] [Times: user=0.00 sys=0.00, real=0.00 secs] 
2020-10-28T08:28:41.999+0000: [GC (Allocation Failure) 2020-10-28T08:28:41.999+0000: [ParNew: 16388K->4K(18432K), 0.0026311 secs] 581570K->565186K(896640K), 0.0026718 secs] [Times: user=0.01 sys=0.00, real=0.01 secs] 
2020-10-28T08:28:42.017+0000: [GC (Allocation Failure) 2020-10-28T08:28:42.017+0000: [ParNew: 16388K->4K(18432K), 0.0025889 secs] 581570K->565186K(896640K), 0.0026319 secs] [Times: user=0.00 sys=0.00, real=0.00 secs] 
2020-10-28T08:28:42.034+0000: [GC (Allocation Failure) 2020-10-28T08:28:42.034+0000: [ParNew: 16388K->4K(18432K), 0.0026318 secs] 581570K->565186K(896640K), 0.0026737 secs] [Times: user=0.01 sys=0.00, real=0.00 secs] 
2020-10-28T08:28:42.052+0000: [GC (Allocation Failure) 2020-10-28T08:28:42.052+0000: [ParNew: 16388K->4K(18432K), 0.0026250 secs] 581570K->565186K(896640K), 0.0026673 secs] [Times: user=0.01 sys=0.00, real=0.00 secs] 
2020-10-28T08:28:42.072+0000: [GC (Allocation Failure) 2020-10-28T08:28:42.072+0000: [ParNew: 16388K->4K(18432K), 0.0025544 secs] 581570K->565186K(896640K), 0.0025951 secs] [Times: user=0.00 sys=0.00, real=0.00 secs] 
2020-10-28T08:28:42.092+0000: [GC (Allocation Failure) 2020-10-28T08:28:42.092+0000: [ParNew: 16388K->4K(18432K), 0.0025900 secs] 581570K->565186K(896640K), 0.0026317 secs] [Times: user=0.01 sys=0.00, real=0.00 secs] 
2020-10-28T08:28:42.109+0000: [GC (Allocation Failure) 2020-10-28T08:28:42.109+0000: [ParNew: 16388K->4K(18432K), 0.0026707 secs] 581570K->565186K(896640K), 0.0027168 secs] [Times: user=0.00 sys=0.00, real=0.00 secs] 
2020-10-28T08:28:42.127+0000: [GC (Allocation Failure) 2020-10-28T08:28:42.127+0000: [ParNew: 16388K->4K(18432K), 0.0027725 secs] 581570K->565186K(896640K), 0.0028159 secs] [Times: user=0.00 sys=0.00, real=0.01 secs] 
2020-10-28T08:28:42.145+0000: [GC (Allocation Failure) 2020-10-28T08:28:42.145+0000: [ParNew: 16388K->4K(18432K), 0.0025318 secs] 581570K->565186K(896640K), 0.0025748 secs] [Times: user=0.01 sys=0.00, real=0.00 secs] 
2020-10-28T08:28:42.162+0000: [GC (Allocation Failure) 2020-10-28T08:28:42.162+0000: [ParNew: 16388K->4K(18432K), 0.0024735 secs] 581570K->565186K(896640K), 0.0025159 secs] [Times: user=0.00 sys=0.00, real=0.00 secs] 
2020-10-28T08:28:42.180+0000: [GC (Allocation Failure) 2020-10-28T08:28:42.180+0000: [ParNew: 16388K->4K(18432K), 0.0026695 secs] 581570K->565186K(896640K), 0.0027201 secs] [Times: user=0.01 sys=0.00, real=0.00 secs] 
2020-10-28T08:28:42.198+0000: [GC (Allocation Failure) 2020-10-28T08:28:42.198+0000: [ParNew: 16388K->4K(18432K), 0.0025401 secs] 581570K->565186K(896640K), 0.0025828 secs] [Times: user=0.01 sys=0.00, real=0.01 secs] 
2020-10-28T08:28:42.216+0000: [GC (Allocation Failure) 2020-10-28T08:28:42.216+0000: [ParNew: 16388K->4K(18432K), 0.0025392 secs] 581570K->565186K(896640K), 0.0025793 secs] [Times: user=0.00 sys=0.00, real=0.00 secs] 
2020-10-28T08:28:42.236+0000: [GC (Allocation Failure) 2020-10-28T08:28:42.236+0000: [ParNew: 16388K->4K(18432K), 0.0028501 secs] 581570K->565186K(896640K), 0.0029023 secs] [Times: user=0.01 sys=0.00, real=0.00 secs] 
2020-10-28T08:28:42.253+0000: [GC (Allocation Failure) 2020-10-28T08:28:42.253+0000: [ParNew: 16388K->4K(18432K), 0.0028348 secs] 581570K->565186K(896640K), 0.0028857 secs] [Times: user=0.00 sys=0.00, real=0.00 secs] 
2020-10-28T08:28:42.275+0000: [GC (Allocation Failure) 2020-10-28T08:28:42.275+0000: [ParNew: 16388K->4K(18432K), 0.0028969 secs] 581570K->565186K(896640K), 0.0029496 secs] [Times: user=0.01 sys=0.00, real=0.00 secs] 
2020-10-28T08:28:42.293+0000: [GC (Allocation Failure) 2020-10-28T08:28:42.293+0000: [ParNew: 16388K->4K(18432K), 0.0029458 secs] 581570K->565186K(896640K), 0.0030002 secs] [Times: user=0.01 sys=0.00, real=0.00 secs] 
2020-10-28T08:28:42.316+0000: [GC (Allocation Failure) 2020-10-28T08:28:42.316+0000: [ParNew: 16388K->4K(18432K), 0.0028052 secs] 581570K->565186K(896640K), 0.0028555 secs] [Times: user=0.01 sys=0.00, real=0.00 secs] 
2020-10-28T08:28:42.337+0000: [GC (Allocation Failure) 2020-10-28T08:28:42.337+0000: [ParNew: 16388K->4K(18432K), 0.0027442 secs] 581570K->565186K(896640K), 0.0027920 secs] [Times: user=0.00 sys=0.00, real=0.01 secs] 
2020-10-28T08:28:42.356+0000: [GC (Allocation Failure) 2020-10-28T08:28:42.356+0000: [ParNew: 16388K->4K(18432K), 0.0039598 secs] 581570K->565186K(896640K), 0.0040112 secs] [Times: user=0.01 sys=0.00, real=0.01 secs] 
2020-10-28T08:28:42.380+0000: [GC (Allocation Failure) 2020-10-28T08:28:42.380+0000: [ParNew: 16388K->4K(18432K), 0.0027507 secs] 581570K->565186K(896640K), 0.0027970 secs] [Times: user=0.01 sys=0.00, real=0.00 secs] 
2020-10-28T08:28:42.398+0000: [GC (Allocation Failure) 2020-10-28T08:28:42.398+0000: [ParNew: 16388K->4K(18432K), 0.0026772 secs] 581570K->565186K(896640K), 0.0027195 secs] [Times: user=0.00 sys=0.00, real=0.01 secs] 
2020-10-28T08:28:42.415+0000: [GC (Allocation Failure) 2020-10-28T08:28:42.415+0000: [ParNew: 16388K->4K(18432K), 0.0025740 secs] 581570K->565186K(896640K), 0.0026177 secs] [Times: user=0.01 sys=0.00, real=0.00 secs] 
2020-10-28T08:28:42.433+0000: [GC (Allocation Failure) 2020-10-28T08:28:42.433+0000: [ParNew: 16388K->4K(18432K), 0.0025379 secs] 581570K->565186K(896640K), 0.0025807 secs] [Times: user=0.00 sys=0.00, real=0.00 secs] 
2020-10-28T08:28:42.450+0000: [GC (Allocation Failure) 2020-10-28T08:28:42.450+0000: [ParNew: 16388K->4K(18432K), 0.0025908 secs] 581570K->565186K(896640K), 0.0026338 secs] [Times: user=0.00 sys=0.00, real=0.00 secs] 
2020-10-28T08:28:42.472+0000: [GC (Allocation Failure) 2020-10-28T08:28:42.472+0000: [ParNew: 16388K->4K(18432K), 0.0025516 secs] 581570K->565186K(896640K), 0.0025927 secs] [Times: user=0.00 sys=0.00, real=0.00 secs] 
2020-10-28T08:28:42.492+0000: [GC (Allocation Failure) 2020-10-28T08:28:42.492+0000: [ParNew: 16388K->4K(18432K), 0.0025535 secs] 581570K->565186K(896640K), 0.0025972 secs] [Times: user=0.01 sys=0.00, real=0.00 secs] 
2020-10-28T08:28:42.512+0000: [GC (Allocation Failure) 2020-10-28T08:28:42.512+0000: [ParNew: 16388K->4K(18432K), 0.0024687 secs] 581570K->565186K(896640K), 0.0025116 secs] [Times: user=0.01 sys=0.00, real=0.00 secs] 
2020-10-28T08:28:42.532+0000: [GC (Allocation Failure) 2020-10-28T08:28:42.532+0000: [ParNew: 16388K->4K(18432K), 0.0027489 secs] 581570K->565186K(896640K), 0.0027966 secs] [Times: user=0.01 sys=0.00, real=0.00 secs] 
2020-10-28T08:28:42.549+0000: [GC (Allocation Failure) 2020-10-28T08:28:42.550+0000: [ParNew: 16388K->4K(18432K), 0.0026417 secs] 581570K->565186K(896640K), 0.0026943 secs] [Times: user=0.00 sys=0.00, real=0.00 secs] 
2020-10-28T08:28:42.567+0000: [GC (Allocation Failure) 2020-10-28T08:28:42.567+0000: [ParNew: 16388K->4K(18432K), 0.0025030 secs] 581570K->565186K(896640K), 0.0025449 secs] [Times: user=0.00 sys=0.00, real=0.01 secs] 
2020-10-28T08:28:42.585+0000: [GC (Allocation Failure) 2020-10-28T08:28:42.585+0000: [ParNew: 16388K->4K(18432K), 0.0025054 secs] 581570K->565186K(896640K), 0.0025468 secs] [Times: user=0.01 sys=0.00, real=0.00 secs] 
2020-10-28T08:28:42.604+0000: [GC (Allocation Failure) 2020-10-28T08:28:42.604+0000: [ParNew: 16388K->4K(18432K), 0.0028612 secs] 597954K->581570K(896640K), 0.0029221 secs] [Times: user=0.01 sys=0.00, real=0.00 secs] 
2020-10-28T08:28:42.608+0000: [GC (CMS Initial Mark) [1 CMS-initial-mark: 581566K(878208K)] 581795K(896640K), 0.0011870 secs] [Times: user=0.00 sys=0.00, real=0.01 secs] 
2020-10-28T08:28:42.609+0000: [CMS-concurrent-mark-start]
2020-10-28T08:28:42.631+0000: [GC (Allocation Failure) 2020-10-28T08:28:42.631+0000: [ParNew: 16388K->4K(18432K), 0.0026830 secs] 597954K->581570K(896640K), 0.0027320 secs] [Times: user=0.01 sys=0.00, real=0.00 secs] 
2020-10-28T08:28:42.651+0000: [GC (Allocation Failure) 2020-10-28T08:28:42.651+0000: [ParNew: 16388K->4K(18432K), 0.0027097 secs] 597954K->581570K(896640K), 0.0027569 secs] [Times: user=0.01 sys=0.00, real=0.00 secs] 
2020-10-28T08:28:42.680+0000: [CMS-concurrent-mark: 0.066/0.072 secs] [Times: user=0.14 sys=0.00, real=0.07 secs] 
2020-10-28T08:28:42.681+0000: [GC (Allocation Failure) 2020-10-28T08:28:42.681+0000: [ParNew: 16388K->4K(18432K), 0.0027966 secs] 597954K->581570K(896640K), 0.0028340 secs] [Times: user=0.01 sys=0.00, real=0.00 secs] 
2020-10-28T08:28:42.684+0000: [CMS-concurrent-preclean-start]
2020-10-28T08:28:42.686+0000: [CMS-concurrent-preclean: 0.002/0.002 secs] [Times: user=0.00 sys=0.00, real=0.00 secs] 
2020-10-28T08:28:42.688+0000: [GC (CMS Final Remark) [YG occupancy: 3273 K (18432 K)]2020-10-28T08:28:42.688+0000: [Rescan (parallel) , 0.0034872 secs]2020-10-28T08:28:42.691+0000: [weak refs processing, 0.0000331 secs]2020-10-28T08:28:42.691+0000: [class unloading, 0.0086061 secs]2020-10-28T08:28:42.700+0000: [scrub symbol table, 0.0088884 secs]2020-10-28T08:28:42.709+0000: [scrub string table, 0.0005721 secs][1 CMS-remark: 581566K(878208K)] 584840K(896640K), 0.0216933 secs] [Times: user=0.03 sys=0.00, real=0.02 secs] 
2020-10-28T08:28:42.716+0000: [CMS-concurrent-sweep-start]
2020-10-28T08:28:42.727+0000: [GC (Allocation Failure) 2020-10-28T08:28:42.727+0000: [ParNew: 16388K->4K(18432K), 0.0028615 secs] 589594K->573210K(896640K), 0.0029082 secs] [Times: user=0.01 sys=0.00, real=0.01 secs] 
2020-10-28T08:28:42.741+0000: [CMS-concurrent-sweep: 0.013/0.026 secs] [Times: user=0.05 sys=0.00, real=0.03 secs] 
2020-10-28T08:28:42.741+0000: [CMS-concurrent-reset-start]
2020-10-28T08:28:42.743+0000: [CMS-concurrent-reset: 0.002/0.002 secs] [Times: user=0.00 sys=0.00, real=0.00 secs] 
2020-10-28T08:28:42.747+0000: [GC (Allocation Failure) 2020-10-28T08:28:42.747+0000: [ParNew: 16388K->4K(18432K), 0.0030142 secs] 246002K->229618K(896640K), 0.0030519 secs] [Times: user=0.01 sys=0.00, real=0.01 secs] 
2020-10-28T08:28:42.768+0000: [GC (Allocation Failure) 2020-10-28T08:28:42.768+0000: [ParNew: 16388K->4K(18432K), 0.0028018 secs] 246002K->229618K(896640K), 0.0028481 secs] [Times: user=0.01 sys=0.00, real=0.00 secs] 
2020-10-28T08:28:42.788+0000: [GC (Allocation Failure) 2020-10-28T08:28:42.788+0000: [ParNew: 16388K->4K(18432K), 0.0029246 secs] 246002K->229618K(896640K), 0.0029798 secs] [Times: user=0.00 sys=0.00, real=0.00 secs] 
2020-10-28T08:28:42.808+0000: [GC (Allocation Failure) 2020-10-28T08:28:42.808+0000: [ParNew: 16388K->4K(18432K), 0.0027469 secs] 246002K->229618K(896640K), 0.0027891 secs] [Times: user=0.01 sys=0.00, real=0.00 secs] 
2020-10-28T08:28:42.826+0000: [GC (Allocation Failure) 2020-10-28T08:28:42.826+0000: [ParNew: 16388K->4K(18432K), 0.0027856 secs] 246002K->229618K(896640K), 0.0028261 secs] [Times: user=0.00 sys=0.00, real=0.01 secs] 
2020-10-28T08:28:42.847+0000: [GC (Allocation Failure) 2020-10-28T08:28:42.847+0000: [ParNew: 16388K->4K(18432K), 0.0026060 secs] 246002K->229618K(896640K), 0.0026483 secs] [Times: user=0.00 sys=0.00, real=0.01 secs] 
2020-10-28T08:28:42.868+0000: [GC (Allocation Failure) 2020-10-28T08:28:42.868+0000: [ParNew: 16388K->4K(18432K), 0.0029915 secs] 262386K->246002K(896640K), 0.0030448 secs] [Times: user=0.00 sys=0.00, real=0.00 secs] 
2020-10-28T08:28:42.886+0000: [GC (Allocation Failure) 2020-10-28T08:28:42.886+0000: [ParNew: 16388K->4K(18432K), 0.0026572 secs] 262386K->246002K(896640K), 0.0027104 secs] [Times: user=0.01 sys=0.00, real=0.01 secs] 
2020-10-28T08:28:42.904+0000: [GC (Allocation Failure) 2020-10-28T08:28:42.904+0000: [ParNew: 16388K->4K(18432K), 0.0026831 secs] 262386K->246002K(896640K), 0.0027316 secs] [Times: user=0.00 sys=0.00, real=0.00 secs] 
2020-10-28T08:28:42.921+0000: [GC (Allocation Failure) 2020-10-28T08:28:42.921+0000: [ParNew: 16388K->4K(18432K), 0.0026381 secs] 262386K->246002K(896640K), 0.0026819 secs] [Times: user=0.01 sys=0.00, real=0.00 secs] 
2020-10-28T08:28:42.940+0000: [GC (Allocation Failure) 2020-10-28T08:28:42.940+0000: [ParNew: 16388K->4K(18432K), 0.0026465 secs] 262386K->246002K(896640K), 0.0026893 secs] [Times: user=0.01 sys=0.00, real=0.00 secs] 
2020-10-28T08:28:42.957+0000: [GC (Allocation Failure) 2020-10-28T08:28:42.957+0000: [ParNew: 16388K->4K(18432K), 0.0028305 secs] 262386K->246002K(896640K), 0.0028794 secs] [Times: user=0.00 sys=0.00, real=0.01 secs] 
2020-10-28T08:28:42.976+0000: [GC (Allocation Failure) 2020-10-28T08:28:42.976+0000: [ParNew: 16388K->4K(18432K), 0.0027846 secs] 262386K->246002K(896640K), 0.0028313 secs] [Times: user=0.00 sys=0.00, real=0.00 secs] 
2020-10-28T08:28:42.994+0000: [GC (Allocation Failure) 2020-10-28T08:28:42.994+0000: [ParNew: 16388K->4K(18432K), 0.0026528 secs] 262386K->246002K(896640K), 0.0026972 secs] [Times: user=0.01 sys=0.00, real=0.00 secs] 
2020-10-28T08:28:43.011+0000: [GC (Allocation Failure) 2020-10-28T08:28:43.012+0000: [ParNew: 16388K->4K(18432K), 0.0026907 secs] 262386K->246002K(896640K), 0.0027349 secs] [Times: user=0.00 sys=0.00, real=0.00 secs] 
2020-10-28T08:28:43.032+0000: [GC (Allocation Failure) 2020-10-28T08:28:43.032+0000: [ParNew: 16388K->4K(18432K), 0.0026612 secs] 262386K->246002K(896640K), 0.0027050 secs] [Times: user=0.01 sys=0.00, real=0.00 secs] 
2020-10-28T08:28:43.052+0000: [GC (Allocation Failure) 2020-10-28T08:28:43.052+0000: [ParNew: 16388K->4K(18432K), 0.0026880 secs] 262386K->246002K(896640K), 0.0027309 secs] [Times: user=0.01 sys=0.00, real=0.00 secs] 
2020-10-28T08:28:43.069+0000: [GC (Allocation Failure) 2020-10-28T08:28:43.069+0000: [ParNew: 16388K->4K(18432K), 0.0026222 secs] 262386K->246002K(896640K), 0.0026648 secs] [Times: user=0.00 sys=0.00, real=0.00 secs] 
2020-10-28T08:28:43.087+0000: [GC (Allocation Failure) 2020-10-28T08:28:43.087+0000: [ParNew: 16388K->4K(18432K), 0.0026985 secs] 262386K->246002K(896640K), 0.0027391 secs] [Times: user=0.01 sys=0.00, real=0.01 secs] 
2020-10-28T08:28:43.105+0000: [GC (Allocation Failure) 2020-10-28T08:28:43.105+0000: [ParNew: 16388K->4K(18432K), 0.0027210 secs] 262386K->246002K(896640K), 0.0027641 secs] [Times: user=0.01 sys=0.00, real=0.00 secs] 
2020-10-28T08:28:43.122+0000: [GC (Allocation Failure) 2020-10-28T08:28:43.122+0000: [ParNew: 16388K->4K(18432K), 0.0028438 secs] 262386K->246002K(896640K), 0.0028992 secs] [Times: user=0.01 sys=0.00, real=0.00 secs] 
2020-10-28T08:28:43.144+0000: [GC (Allocation Failure) 2020-10-28T08:28:43.144+0000: [ParNew: 16388K->4K(18432K), 0.0026816 secs] 262386K->246002K(896640K), 0.0027253 secs] [Times: user=0.00 sys=0.00, real=0.00 secs] 
2020-10-28T08:28:43.164+0000: [GC (Allocation Failure) 2020-10-28T08:28:43.164+0000: [ParNew: 16388K->4K(18432K), 0.0026052 secs] 262386K->246002K(896640K), 0.0026482 secs] [Times: user=0.01 sys=0.00, real=0.00 secs] 
2020-10-28T08:28:43.181+0000: [GC (Allocation Failure) 2020-10-28T08:28:43.181+0000: [ParNew: 16388K->4K(18432K), 0.0025812 secs] 262386K->246002K(896640K), 0.0026226 secs] [Times: user=0.00 sys=0.00, real=0.00 secs] 
2020-10-28T08:28:43.203+0000: [GC (Allocation Failure) 2020-10-28T08:28:43.203+0000: [ParNew: 16388K->4K(18432K), 0.0026345 secs] 262386K->246002K(896640K), 0.0026775 secs] [Times: user=0.01 sys=0.00, real=0.00 secs] 
2020-10-28T08:28:43.224+0000: [GC (Allocation Failure) 2020-10-28T08:28:43.224+0000: [ParNew: 16388K->4K(18432K), 0.0026206 secs] 262386K->246002K(896640K), 0.0026636 secs] [Times: user=0.00 sys=0.00, real=0.00 secs] 
2020-10-28T08:28:43.241+0000: [GC (Allocation Failure) 2020-10-28T08:28:43.241+0000: [ParNew: 16388K->4K(18432K), 0.0025972 secs] 262386K->246002K(896640K), 0.0026386 secs] [Times: user=0.00 sys=0.00, real=0.00 secs] 
2020-10-28T08:28:43.260+0000: [GC (Allocation Failure) 2020-10-28T08:28:43.260+0000: [ParNew: 16388K->4K(18432K), 0.0025885 secs] 262386K->246002K(896640K), 0.0026305 secs] [Times: user=0.01 sys=0.00, real=0.00 secs] 
2020-10-28T08:28:43.280+0000: [GC (Allocation Failure) 2020-10-28T08:28:43.280+0000: [ParNew: 16388K->4K(18432K), 0.0026055 secs] 262386K->246002K(896640K), 0.0026468 secs] [Times: user=0.01 sys=0.00, real=0.00 secs] 
2020-10-28T08:28:43.300+0000: [GC (Allocation Failure) 2020-10-28T08:28:43.300+0000: [ParNew: 16388K->4K(18432K), 0.0028537 secs] 262386K->246002K(896640K), 0.0029033 secs] [Times: user=0.00 sys=0.00, real=0.00 secs] 
2020-10-28T08:28:43.320+0000: [GC (Allocation Failure) 2020-10-28T08:28:43.320+0000: [ParNew: 16388K->4K(18432K), 0.0026333 secs] 262386K->246002K(896640K), 0.0026772 secs] [Times: user=0.01 sys=0.00, real=0.00 secs] 
2020-10-28T08:28:43.340+0000: [GC (Allocation Failure) 2020-10-28T08:28:43.340+0000: [ParNew: 16388K->4K(18432K), 0.0027062 secs] 262386K->246002K(896640K), 0.0027481 secs] [Times: user=0.01 sys=0.00, real=0.00 secs] 
2020-10-28T08:28:43.360+0000: [GC (Allocation Failure) 2020-10-28T08:28:43.360+0000: [ParNew: 16388K->4K(18432K), 0.0026525 secs] 262386K->246002K(896640K), 0.0026962 secs] [Times: user=0.01 sys=0.00, real=0.00 secs] 
2020-10-28T08:28:43.377+0000: [GC (Allocation Failure) 2020-10-28T08:28:43.377+0000: [ParNew: 16388K->4K(18432K), 0.0026629 secs] 262386K->246002K(896640K), 0.0027066 secs] [Times: user=0.01 sys=0.00, real=0.01 secs] 
2020-10-28T08:28:43.400+0000: [GC (Allocation Failure) 2020-10-28T08:28:43.400+0000: [ParNew: 16388K->4K(18432K), 0.0027411 secs] 262386K->246002K(896640K), 0.0027856 secs] [Times: user=0.01 sys=0.00, real=0.00 secs] 
2020-10-28T08:28:43.420+0000: [GC (Allocation Failure) 2020-10-28T08:28:43.420+0000: [ParNew: 16388K->4K(18432K), 0.0027365 secs] 262386K->246002K(896640K), 0.0027784 secs] [Times: user=0.00 sys=0.01, real=0.00 secs] 
2020-10-28T08:28:43.440+0000: [GC (Allocation Failure) 2020-10-28T08:28:43.440+0000: [ParNew: 16388K->4K(18432K), 0.0027183 secs] 262386K->246002K(896640K), 0.0027614 secs] [Times: user=0.01 sys=0.00, real=0.00 secs] 
2020-10-28T08:28:43.460+0000: [GC (Allocation Failure) 2020-10-28T08:28:43.460+0000: [ParNew: 16388K->4K(18432K), 0.0027056 secs] 262386K->246002K(896640K), 0.0027476 secs] [Times: user=0.00 sys=0.00, real=0.00 secs] 
2020-10-28T08:28:43.480+0000: [GC (Allocation Failure) 2020-10-28T08:28:43.480+0000: [ParNew: 16388K->4K(18432K), 0.0027936 secs] 262386K->246002K(896640K), 0.0028355 secs] [Times: user=0.01 sys=0.00, real=0.00 secs] 
2020-10-28T08:28:43.498+0000: [GC (Allocation Failure) 2020-10-28T08:28:43.498+0000: [ParNew: 16388K->4K(18432K), 0.0027792 secs] 262386K->246002K(896640K), 0.0028214 secs] [Times: user=0.00 sys=0.00, real=0.01 secs] 
2020-10-28T08:28:43.515+0000: [GC (Allocation Failure) 2020-10-28T08:28:43.515+0000: [ParNew: 16388K->4K(18432K), 0.0028306 secs] 262386K->246002K(896640K), 0.0028725 secs] [Times: user=0.01 sys=0.00, real=0.00 secs] 
2020-10-28T08:28:43.534+0000: [GC (Allocation Failure) 2020-10-28T08:28:43.534+0000: [ParNew: 16388K->4K(18432K), 0.0028755 secs] 262386K->246002K(896640K), 0.0029240 secs] [Times: user=0.00 sys=0.00, real=0.00 secs] 
2020-10-28T08:28:43.552+0000: [GC (Allocation Failure) 2020-10-28T08:28:43.552+0000: [ParNew: 16388K->4K(18432K), 0.0028552 secs] 262386K->246002K(896640K), 0.0029004 secs] [Times: user=0.00 sys=0.00, real=0.00 secs] 
2020-10-28T08:28:43.572+0000: [GC (Allocation Failure) 2020-10-28T08:28:43.572+0000: [ParNew: 16388K->4K(18432K), 0.0027114 secs] 262386K->246002K(896640K), 0.0027527 secs] [Times: user=0.00 sys=0.00, real=0.00 secs] 
2020-10-28T08:28:43.590+0000: [GC (Allocation Failure) 2020-10-28T08:28:43.590+0000: [ParNew: 16388K->4K(18432K), 0.0028424 secs] 262386K->246002K(896640K), 0.0028930 secs] [Times: user=0.01 sys=0.00, real=0.00 secs] 
2020-10-28T08:28:43.607+0000: [GC (Allocation Failure) 2020-10-28T08:28:43.607+0000: [ParNew: 16388K->4K(18432K), 0.0026978 secs] 262386K->246002K(896640K), 0.0027504 secs] [Times: user=0.00 sys=0.00, real=0.01 secs] 
2020-10-28T08:28:43.625+0000: [GC (Allocation Failure) 2020-10-28T08:28:43.625+0000: [ParNew: 16388K->4K(18432K), 0.0026504 secs] 262386K->246002K(896640K), 0.0026938 secs] [Times: user=0.01 sys=0.00, real=0.00 secs] 
2020-10-28T08:28:43.642+0000: [GC (Allocation Failure) 2020-10-28T08:28:43.643+0000: [ParNew: 16388K->4K(18432K), 0.0026786 secs] 262386K->246002K(896640K), 0.0027258 secs] [Times: user=0.00 sys=0.00, real=0.00 secs] 
2020-10-28T08:28:43.664+0000: [GC (Allocation Failure) 2020-10-28T08:28:43.664+0000: [ParNew: 16388K->4K(18432K), 0.0027906 secs] 262386K->246002K(896640K), 0.0028382 secs] [Times: user=0.01 sys=0.00, real=0.00 secs] 
2020-10-28T08:28:43.682+0000: [GC (Allocation Failure) 2020-10-28T08:28:43.682+0000: [ParNew: 16388K->4K(18432K), 0.0027315 secs] 262386K->246002K(896640K), 0.0027764 secs] [Times: user=0.00 sys=0.00, real=0.00 secs] 
2020-10-28T08:28:43.703+0000: [GC (Allocation Failure) 2020-10-28T08:28:43.703+0000: [ParNew: 16388K->4K(18432K), 0.0027531 secs] 262386K->246002K(896640K), 0.0028058 secs] [Times: user=0.00 sys=0.00, real=0.00 secs] 
2020-10-28T08:28:43.724+0000: [GC (Allocation Failure) 2020-10-28T08:28:43.724+0000: [ParNew: 16388K->4K(18432K), 0.0026288 secs] 262386K->246002K(896640K), 0.0026731 secs] [Times: user=0.01 sys=0.00, real=0.00 secs] 
2020-10-28T08:28:43.744+0000: [GC (Allocation Failure) 2020-10-28T08:28:43.744+0000: [ParNew: 16388K->4K(18432K), 0.0026817 secs] 262386K->246002K(896640K), 0.0027258 secs] [Times: user=0.01 sys=0.00, real=0.00 secs] 
2020-10-28T08:28:43.764+0000: [GC (Allocation Failure) 2020-10-28T08:28:43.764+0000: [ParNew: 16388K->4K(18432K), 0.0026969 secs] 262386K->246002K(896640K), 0.0027414 secs] [Times: user=0.01 sys=0.00, real=0.00 secs] 
2020-10-28T08:28:43.781+0000: [GC (Allocation Failure) 2020-10-28T08:28:43.781+0000: [ParNew: 16388K->4K(18432K), 0.0032205 secs] 262386K->246002K(896640K), 0.0032673 secs] [Times: user=0.01 sys=0.00, real=0.00 secs] 
2020-10-28T08:28:43.803+0000: [GC (Allocation Failure) 2020-10-28T08:28:43.803+0000: [ParNew: 16388K->4K(18432K), 0.0027221 secs] 262386K->246002K(896640K), 0.0027667 secs] [Times: user=0.01 sys=0.00, real=0.00 secs] 
2020-10-28T08:28:43.824+0000: [GC (Allocation Failure) 2020-10-28T08:28:43.824+0000: [ParNew: 16388K->4K(18432K), 0.0026000 secs] 262386K->246002K(896640K), 0.0026426 secs] [Times: user=0.00 sys=0.00, real=0.00 secs] 
2020-10-28T08:28:43.841+0000: [GC (Allocation Failure) 2020-10-28T08:28:43.841+0000: [ParNew: 16388K->4K(18432K), 0.0026148 secs] 262386K->246002K(896640K), 0.0026588 secs] [Times: user=0.01 sys=0.00, real=0.00 secs] 
2020-10-28T08:28:43.859+0000: [GC (Allocation Failure) 2020-10-28T08:28:43.859+0000: [ParNew: 16388K->4K(18432K), 0.0027070 secs] 262386K->246002K(896640K), 0.0027490 secs] [Times: user=0.00 sys=0.00, real=0.01 secs] 
2020-10-28T08:28:43.876+0000: [GC (Allocation Failure) 2020-10-28T08:28:43.876+0000: [ParNew: 16388K->4K(18432K), 0.0026905 secs] 262386K->246002K(896640K), 0.0027325 secs] [Times: user=0.01 sys=0.00, real=0.00 secs] 
2020-10-28T08:28:43.894+0000: [GC (Allocation Failure) 2020-10-28T08:28:43.894+0000: [ParNew: 16388K->4K(18432K), 0.0026720 secs] 262386K->246002K(896640K), 0.0027123 secs] [Times: user=0.01 sys=0.00, real=0.00 secs] 
2020-10-28T08:28:43.912+0000: [GC (Allocation Failure) 2020-10-28T08:28:43.912+0000: [ParNew: 16388K->4K(18432K), 0.0027174 secs] 262386K->246002K(896640K), 0.0027582 secs] [Times: user=0.01 sys=0.00, real=0.00 secs] 
2020-10-28T08:28:43.932+0000: [GC (Allocation Failure) 2020-10-28T08:28:43.932+0000: [ParNew: 16388K->4K(18432K), 0.0026866 secs] 262386K->246002K(896640K), 0.0027279 secs] [Times: user=0.00 sys=0.00, real=0.00 secs] 
2020-10-28T08:28:43.952+0000: [GC (Allocation Failure) 2020-10-28T08:28:43.952+0000: [ParNew: 16388K->4K(18432K), 0.0030079 secs] 262386K->246002K(896640K), 0.0030607 secs] [Times: user=0.01 sys=0.00, real=0.00 secs] 
2020-10-28T08:28:43.967+0000: [GC (Allocation Failure) 2020-10-28T08:28:43.967+0000: [ParNew: 12956K->4K(18432K), 0.0029274 secs] 258955K->246002K(896640K), 0.0029788 secs] [Times: user=0.01 sys=0.00, real=0.01 secs] 
2020-10-28T08:28:43.982+0000: [GC (Allocation Failure) 2020-10-28T08:28:43.982+0000: [ParNew: 16388K->4K(18432K), 0.0039000 secs] 262386K->254194K(896640K), 0.0039520 secs] [Times: user=0.01 sys=0.00, real=0.00 secs] 
2020-10-28T08:28:44.004+0000: [GC (Allocation Failure) 2020-10-28T08:28:44.004+0000: [ParNew: 16388K->4K(18432K), 0.0030499 secs] 270578K->254194K(896640K), 0.0031048 secs] [Times: user=0.01 sys=0.00, real=0.00 secs] 
2020-10-28T08:28:44.024+0000: [GC (Allocation Failure) 2020-10-28T08:28:44.024+0000: [ParNew: 16388K->4K(18432K), 0.0030084 secs] 270578K->254194K(896640K), 0.0030614 secs] [Times: user=0.01 sys=0.00, real=0.00 secs] 
2020-10-28T08:28:44.042+0000: [GC (Allocation Failure) 2020-10-28T08:28:44.042+0000: [ParNew: 16388K->4K(18432K), 0.0029626 secs] 270578K->254194K(896640K), 0.0030143 secs] [Times: user=0.00 sys=0.00, real=0.00 secs] 
2020-10-28T08:28:44.064+0000: [GC (Allocation Failure) 2020-10-28T08:28:44.064+0000: [ParNew: 16388K->4K(18432K), 0.0026486 secs] 270578K->254194K(896640K), 0.0026937 secs] [Times: user=0.00 sys=0.00, real=0.00 secs] 
2020-10-28T08:28:44.084+0000: [GC (Allocation Failure) 2020-10-28T08:28:44.084+0000: [ParNew: 16388K->4K(18432K), 0.0026262 secs] 270578K->254194K(896640K), 0.0026698 secs] [Times: user=0.01 sys=0.00, real=0.00 secs] 
2020-10-28T08:28:44.101+0000: [GC (Allocation Failure) 2020-10-28T08:28:44.101+0000: [ParNew: 16388K->4K(18432K), 0.0027085 secs] 270578K->254195K(896640K), 0.0027701 secs] [Times: user=0.00 sys=0.00, real=0.00 secs] 
2020-10-28T08:28:44.129+0000: [GC (Allocation Failure) 2020-10-28T08:28:44.129+0000: [ParNew: 16388K->4K(18432K), 0.0030803 secs] 270579K->254195K(896640K), 0.0031559 secs] [Times: user=0.01 sys=0.00, real=0.00 secs] 
2020-10-28T08:28:44.164+0000: [GC (Allocation Failure) 2020-10-28T08:28:44.164+0000: [ParNew: 16388K->4K(18432K), 0.0034222 secs] 270579K->254195K(896640K), 0.0034882 secs] [Times: user=0.01 sys=0.00, real=0.00 secs] 
2020-10-28T08:28:44.182+0000: [GC (Allocation Failure) 2020-10-28T08:28:44.182+0000: [ParNew: 16388K->4K(18432K), 0.0028039 secs] 270579K->254195K(896640K), 0.0028507 secs] [Times: user=0.01 sys=0.00, real=0.00 secs] 
2020-10-28T08:28:44.204+0000: [GC (Allocation Failure) 2020-10-28T08:28:44.204+0000: [ParNew: 16388K->4K(18432K), 0.0026896 secs] 270579K->254195K(896640K), 0.0027358 secs] [Times: user=0.01 sys=0.00, real=0.00 secs] 
2020-10-28T08:28:44.224+0000: [GC (Allocation Failure) 2020-10-28T08:28:44.224+0000: [ParNew: 16388K->4K(18432K), 0.0026207 secs] 270579K->254195K(896640K), 0.0026638 secs] [Times: user=0.00 sys=0.00, real=0.00 secs] 
2020-10-28T08:28:44.235+0000: [GC (Allocation Failure) 2020-10-28T08:28:44.235+0000: [ParNew: 16388K->4K(18432K), 0.0032342 secs] 270579K->262387K(896640K), 0.0032781 secs] [Times: user=0.01 sys=0.00, real=0.00 secs] 
2020-10-28T08:28:44.256+0000: [GC (Allocation Failure) 2020-10-28T08:28:44.256+0000: [ParNew: 16388K->4K(18432K), 0.0026623 secs] 278771K->262387K(896640K), 0.0027062 secs] [Times: user=0.00 sys=0.00, real=0.00 secs] 
2020-10-28T08:28:44.276+0000: [GC (Allocation Failure) 2020-10-28T08:28:44.276+0000: [ParNew: 16388K->4K(18432K), 0.0027029 secs] 278771K->262387K(896640K), 0.0027455 secs] [Times: user=0.01 sys=0.00, real=0.00 secs] 
2020-10-28T08:28:44.296+0000: [GC (Allocation Failure) 2020-10-28T08:28:44.296+0000: [ParNew: 16388K->4K(18432K), 0.0027670 secs] 278771K->262387K(896640K), 0.0028133 secs] [Times: user=0.01 sys=0.00, real=0.00 secs] 
2020-10-28T08:28:44.316+0000: [GC (Allocation Failure) 2020-10-28T08:28:44.316+0000: [ParNew: 16388K->4K(18432K), 0.0027473 secs] 278771K->262387K(896640K), 0.0027890 secs] [Times: user=0.00 sys=0.00, real=0.00 secs] 
2020-10-28T08:28:44.334+0000: [GC (Allocation Failure) 2020-10-28T08:28:44.334+0000: [ParNew: 16388K->4K(18432K), 0.0028637 secs] 278771K->262387K(896640K), 0.0029059 secs] [Times: user=0.01 sys=0.00, real=0.00 secs] 
2020-10-28T08:28:44.356+0000: [GC (Allocation Failure) 2020-10-28T08:28:44.356+0000: [ParNew: 16388K->4K(18432K), 0.0026553 secs] 278771K->262387K(896640K), 0.0026981 secs] [Times: user=0.00 sys=0.00, real=0.00 secs] 
2020-10-28T08:28:44.373+0000: [GC (Allocation Failure) 2020-10-28T08:28:44.373+0000: [ParNew: 16388K->4K(18432K), 0.0026947 secs] 278771K->262387K(896640K), 0.0027377 secs] [Times: user=0.01 sys=0.00, real=0.00 secs] 
2020-10-28T08:28:44.392+0000: [GC (Allocation Failure) 2020-10-28T08:28:44.392+0000: [ParNew: 16388K->4K(18432K), 0.0026351 secs] 278771K->262387K(896640K), 0.0026778 secs] [Times: user=0.00 sys=0.00, real=0.00 secs] 
2020-10-28T08:28:44.409+0000: [GC (Allocation Failure) 2020-10-28T08:28:44.409+0000: [ParNew: 16388K->4K(18432K), 0.0026593 secs] 278771K->262387K(896640K), 0.0027028 secs] [Times: user=0.00 sys=0.00, real=0.00 secs] 
2020-10-28T08:28:44.427+0000: [GC (Allocation Failure) 2020-10-28T08:28:44.427+0000: [ParNew: 16388K->4K(18432K), 0.0026107 secs] 278771K->262387K(896640K), 0.0026536 secs] [Times: user=0.01 sys=0.00, real=0.01 secs] 
2020-10-28T08:28:44.448+0000: [GC (Allocation Failure) 2020-10-28T08:28:44.448+0000: [ParNew: 16388K->4K(18432K), 0.0026254 secs] 278771K->262387K(896640K), 0.0026679 secs] [Times: user=0.01 sys=0.00, real=0.00 secs] 
2020-10-28T08:28:44.465+0000: [GC (Allocation Failure) 2020-10-28T08:28:44.465+0000: [ParNew: 16388K->4K(18432K), 0.0026166 secs] 278771K->262387K(896640K), 0.0026614 secs] [Times: user=0.01 sys=0.00, real=0.01 secs] 
2020-10-28T08:28:44.483+0000: [GC (Allocation Failure) 2020-10-28T08:28:44.483+0000: [ParNew: 16388K->4K(18432K), 0.0027960 secs] 278771K->262387K(896640K), 0.0028395 secs] [Times: user=0.00 sys=0.00, real=0.00 secs] 
2020-10-28T08:28:44.504+0000: [GC (Allocation Failure) 2020-10-28T08:28:44.504+0000: [ParNew: 16388K->4K(18432K), 0.0026332 secs] 278771K->262387K(896640K), 0.0026763 secs] [Times: user=0.00 sys=0.00, real=0.00 secs] 
2020-10-28T08:28:44.521+0000: [GC (Allocation Failure) 2020-10-28T08:28:44.521+0000: [ParNew: 16388K->4K(18432K), 0.0027019 secs] 278771K->262387K(896640K), 0.0027485 secs] [Times: user=0.00 sys=0.00, real=0.00 secs] 
2020-10-28T08:28:44.536+0000: [GC (Allocation Failure) 2020-10-28T08:28:44.536+0000: [ParNew: 16388K->4K(18432K), 0.0035404 secs] 278771K->270579K(896640K), 0.0035866 secs] [Times: user=0.01 sys=0.00, real=0.01 secs] 
2020-10-28T08:28:44.556+0000: [GC (Allocation Failure) 2020-10-28T08:28:44.556+0000: [ParNew: 16388K->4K(18432K), 0.0028652 secs] 286963K->270579K(896640K), 0.0029127 secs] [Times: user=0.01 sys=0.00, real=0.00 secs] 
2020-10-28T08:28:44.574+0000: [GC (Allocation Failure) 2020-10-28T08:28:44.574+0000: [ParNew: 16388K->4K(18432K), 0.0027519 secs] 286963K->270579K(896640K), 0.0027927 secs] [Times: user=0.00 sys=0.00, real=0.00 secs] 
2020-10-28T08:28:44.592+0000: [GC (Allocation Failure) 2020-10-28T08:28:44.592+0000: [ParNew: 16388K->4K(18432K), 0.0027610 secs] 286963K->270579K(896640K), 0.0028039 secs] [Times: user=0.01 sys=0.00, real=0.00 secs] 
2020-10-28T08:28:44.609+0000: [GC (Allocation Failure) 2020-10-28T08:28:44.609+0000: [ParNew: 16388K->4K(18432K), 0.0026635 secs] 286963K->270579K(896640K), 0.0027059 secs] [Times: user=0.00 sys=0.00, real=0.00 secs] 
2020-10-28T08:28:44.628+0000: [GC (Allocation Failure) 2020-10-28T08:28:44.628+0000: [ParNew: 16388K->4K(18432K), 0.0025837 secs] 286963K->270579K(896640K), 0.0026259 secs] [Times: user=0.01 sys=0.00, real=0.00 secs] 
2020-10-28T08:28:44.646+0000: [GC (Allocation Failure) 2020-10-28T08:28:44.646+0000: [ParNew: 16388K->4K(18432K), 0.0026374 secs] 286963K->270579K(896640K), 0.0026850 secs] [Times: user=0.01 sys=0.00, real=0.01 secs] 
2020-10-28T08:28:44.663+0000: [GC (Allocation Failure) 2020-10-28T08:28:44.663+0000: [ParNew: 16388K->4K(18432K), 0.0027721 secs] 286963K->270579K(896640K), 0.0028173 secs] [Times: user=0.00 sys=0.00, real=0.00 secs] 
2020-10-28T08:28:44.684+0000: [GC (Allocation Failure) 2020-10-28T08:28:44.684+0000: [ParNew: 16388K->4K(18432K), 0.0027984 secs] 286963K->270579K(896640K), 0.0028553 secs] [Times: user=0.01 sys=0.00, real=0.00 secs] 
2020-10-28T08:28:44.704+0000: [GC (Allocation Failure) 2020-10-28T08:28:44.704+0000: [ParNew: 16388K->4K(18432K), 0.0027101 secs] 286963K->270579K(896640K), 0.0027550 secs] [Times: user=0.00 sys=0.00, real=0.00 secs] 
2020-10-28T08:28:44.722+0000: [GC (Allocation Failure) 2020-10-28T08:28:44.722+0000: [ParNew: 16388K->4K(18432K), 0.0027781 secs] 286963K->270579K(896640K), 0.0028238 secs] [Times: user=0.01 sys=0.00, real=0.00 secs] 
2020-10-28T08:28:44.736+0000: [GC (Allocation Failure) 2020-10-28T08:28:44.736+0000: [ParNew: 16388K->4K(18432K), 0.0032473 secs] 286963K->278771K(896640K), 0.0032894 secs] [Times: user=0.01 sys=0.00, real=0.00 secs] 
2020-10-28T08:28:44.755+0000: [GC (Allocation Failure) 2020-10-28T08:28:44.755+0000: [ParNew: 16388K->4K(18432K), 0.0026877 secs] 295155K->278771K(896640K), 0.0027306 secs] [Times: user=0.00 sys=0.00, real=0.00 secs] 
2020-10-28T08:28:44.776+0000: [GC (Allocation Failure) 2020-10-28T08:28:44.776+0000: [ParNew: 16388K->4K(18432K), 0.0027410 secs] 295155K->278771K(896640K), 0.0027857 secs] [Times: user=0.00 sys=0.00, real=0.00 secs] 
2020-10-28T08:28:44.796+0000: [GC (Allocation Failure) 2020-10-28T08:28:44.796+0000: [ParNew: 16388K->4K(18432K), 0.0027193 secs] 295155K->278771K(896640K), 0.0027636 secs] [Times: user=0.01 sys=0.00, real=0.00 secs] 
2020-10-28T08:28:44.814+0000: [GC (Allocation Failure) 2020-10-28T08:28:44.814+0000: [ParNew: 16388K->4K(18432K), 0.0027062 secs] 295155K->278771K(896640K), 0.0027480 secs] [Times: user=0.00 sys=0.00, real=0.00 secs] 
2020-10-28T08:28:44.835+0000: [GC (Allocation Failure) 2020-10-28T08:28:44.835+0000: [ParNew: 16388K->4K(18432K), 0.0026943 secs] 295155K->278771K(896640K), 0.0027391 secs] [Times: user=0.00 sys=0.00, real=0.00 secs] 
2020-10-28T08:28:44.854+0000: [GC (Allocation Failure) 2020-10-28T08:28:44.854+0000: [ParNew: 16388K->4K(18432K), 0.0027081 secs] 295155K->278771K(896640K), 0.0027529 secs] [Times: user=0.00 sys=0.00, real=0.00 secs] 
2020-10-28T08:28:44.874+0000: [GC (Allocation Failure) 2020-10-28T08:28:44.874+0000: [ParNew: 16388K->4K(18432K), 0.0027567 secs] 295155K->278771K(896640K), 0.0028000 secs] [Times: user=0.00 sys=0.00, real=0.00 secs] 
2020-10-28T08:28:44.893+0000: [GC (Allocation Failure) 2020-10-28T08:28:44.893+0000: [ParNew: 16388K->4K(18432K), 0.0027571 secs] 295155K->278771K(896640K), 0.0027999 secs] [Times: user=0.00 sys=0.00, real=0.00 secs] 
2020-10-28T08:28:44.912+0000: [GC (Allocation Failure) 2020-10-28T08:28:44.912+0000: [ParNew: 16388K->4K(18432K), 0.0027088 secs] 295155K->278771K(896640K), 0.0027491 secs] [Times: user=0.01 sys=0.00, real=0.00 secs] 
2020-10-28T08:28:44.932+0000: [GC (Allocation Failure) 2020-10-28T08:28:44.932+0000: [ParNew: 16388K->4K(18432K), 0.0026869 secs] 295155K->278771K(896640K), 0.0027280 secs] [Times: user=0.00 sys=0.00, real=0.00 secs] 
2020-10-28T08:28:44.952+0000: [GC (Allocation Failure) 2020-10-28T08:28:44.952+0000: [ParNew: 16388K->4K(18432K), 0.0026902 secs] 295155K->278771K(896640K), 0.0027328 secs] [Times: user=0.01 sys=0.00, real=0.00 secs] 
2020-10-28T08:28:44.970+0000: [GC (Allocation Failure) 2020-10-28T08:28:44.970+0000: [ParNew: 16388K->4K(18432K), 0.0026596 secs] 295155K->278771K(896640K), 0.0027166 secs] [Times: user=0.01 sys=0.00, real=0.00 secs] 
2020-10-28T08:28:44.988+0000: [GC (Allocation Failure) 2020-10-28T08:28:44.988+0000: [ParNew: 16388K->4K(18432K), 0.0027398 secs] 295155K->278771K(896640K), 0.0027830 secs] [Times: user=0.00 sys=0.00, real=0.01 secs] 
2020-10-28T08:28:45.006+0000: [GC (Allocation Failure) 2020-10-28T08:28:45.006+0000: [ParNew: 16388K->4K(18432K), 0.0026803 secs] 295155K->278771K(896640K), 0.0027224 secs] [Times: user=0.00 sys=0.00, real=0.01 secs] 
2020-10-28T08:28:45.024+0000: [GC (Allocation Failure) 2020-10-28T08:28:45.024+0000: [ParNew: 16388K->4K(18432K), 0.0025375 secs] 295155K->278771K(896640K), 0.0025786 secs] [Times: user=0.01 sys=0.00, real=0.00 secs] 
2020-10-28T08:28:45.034+0000: [GC (Allocation Failure) 2020-10-28T08:28:45.035+0000: [ParNew: 16388K->4K(18432K), 0.0033398 secs] 295155K->286963K(896640K), 0.0033805 secs] [Times: user=0.00 sys=0.00, real=0.00 secs] 
2020-10-28T08:28:45.053+0000: [GC (Allocation Failure) 2020-10-28T08:28:45.053+0000: [ParNew: 16388K->4K(18432K), 0.0026956 secs] 303347K->286963K(896640K), 0.0027392 secs] [Times: user=0.01 sys=0.00, real=0.00 secs] 
2020-10-28T08:28:45.074+0000: [GC (Allocation Failure) 2020-10-28T08:28:45.074+0000: [ParNew: 16388K->4K(18432K), 0.0030238 secs] 336115K->319731K(896640K), 0.0030780 secs] [Times: user=0.01 sys=0.00, real=0.00 secs] 
2020-10-28T08:28:45.077+0000: [GC (CMS Initial Mark) [1 CMS-initial-mark: 319727K(878208K)] 319934K(896640K), 0.0011822 secs] [Times: user=0.00 sys=0.00, real=0.00 secs] 
2020-10-28T08:28:45.079+0000: [CMS-concurrent-mark-start]
2020-10-28T08:28:45.112+0000: [GC (Allocation Failure) 2020-10-28T08:28:45.112+0000: [ParNew: 16388K->4K(18432K), 0.0028550 secs] 336115K->319731K(896640K), 0.0029081 secs] [Times: user=0.01 sys=0.00, real=0.00 secs] 
2020-10-28T08:28:45.135+0000: [GC (Allocation Failure) 2020-10-28T08:28:45.135+0000: [ParNew: 16388K->4K(18432K), 0.0029423 secs] 336115K->319731K(896640K), 0.0029939 secs] [Times: user=0.01 sys=0.00, real=0.00 secs] 
2020-10-28T08:28:45.155+0000: [GC (Allocation Failure) 2020-10-28T08:28:45.155+0000: [ParNew: 16388K->4K(18432K), 0.0028956 secs] 336115K->319731K(896640K), 0.0029442 secs] [Times: user=0.00 sys=0.00, real=0.00 secs] 
2020-10-28T08:28:45.160+0000: [CMS-concurrent-mark: 0.067/0.081 secs] [Times: user=0.15 sys=0.00, real=0.09 secs] 
2020-10-28T08:28:45.160+0000: [CMS-concurrent-preclean-start]
2020-10-28T08:28:45.162+0000: [CMS-concurrent-preclean: 0.002/0.002 secs] [Times: user=0.01 sys=0.00, real=0.00 secs] 
2020-10-28T08:28:45.162+0000: [CMS-concurrent-abortable-preclean-start]
2020-10-28T08:28:45.175+0000: [GC (Allocation Failure) 2020-10-28T08:28:45.175+0000: [ParNew: 16388K->4K(18432K), 0.0025449 secs] 336115K->319731K(896640K), 0.0025863 secs] [Times: user=0.00 sys=0.00, real=0.00 secs] 
2020-10-28T08:28:45.194+0000: [GC (Allocation Failure) 2020-10-28T08:28:45.194+0000: [ParNew: 16388K->4K(18432K), 0.0026040 secs] 336115K->319731K(896640K), 0.0026517 secs] [Times: user=0.00 sys=0.00, real=0.00 secs] 
2020-10-28T08:28:45.213+0000: [GC (Allocation Failure) 2020-10-28T08:28:45.213+0000: [ParNew: 16388K->4K(18432K), 0.0025299 secs] 336115K->319731K(896640K), 0.0025743 secs] [Times: user=0.01 sys=0.00, real=0.00 secs] 
2020-10-28T08:28:45.235+0000: [GC (Allocation Failure) 2020-10-28T08:28:45.235+0000: [ParNew: 16388K->4K(18432K), 0.0025351 secs] 336115K->319731K(896640K), 0.0025793 secs] [Times: user=0.01 sys=0.00, real=0.00 secs] 
2020-10-28T08:28:45.256+0000: [GC (Allocation Failure) 2020-10-28T08:28:45.256+0000: [ParNew: 16388K->4K(18432K), 0.0024769 secs] 336115K->319731K(896640K), 0.0025202 secs] [Times: user=0.00 sys=0.00, real=0.00 secs] 
2020-10-28T08:28:45.274+0000: [GC (Allocation Failure) 2020-10-28T08:28:45.274+0000: [ParNew: 16264K->4K(18432K), 0.0025415 secs] 335991K->319731K(896640K), 0.0025863 secs] [Times: user=0.01 sys=0.00, real=0.00 secs] 
2020-10-28T08:28:45.286+0000: [GC (Allocation Failure) 2020-10-28T08:28:45.286+0000: [ParNew: 16388K->4K(18432K), 0.0032277 secs] 336115K->327923K(896640K), 0.0032697 secs] [Times: user=0.00 sys=0.00, real=0.01 secs] 
2020-10-28T08:28:45.289+0000: [CMS-concurrent-abortable-preclean: 0.010/0.127 secs] [Times: user=0.23 sys=0.00, real=0.13 secs] 
2020-10-28T08:28:45.294+0000: [GC (CMS Final Remark) [YG occupancy: 2640 K (18432 K)]2020-10-28T08:28:45.294+0000: [Rescan (parallel) , 0.0033021 secs]2020-10-28T08:28:45.297+0000: [weak refs processing, 0.0000266 secs]2020-10-28T08:28:45.297+0000: [class unloading, 0.0086721 secs]2020-10-28T08:28:45.306+0000: [scrub symbol table, 0.0088365 secs]2020-10-28T08:28:45.315+0000: [scrub string table, 0.0005729 secs][1 CMS-remark: 327919K(878208K)] 330559K(896640K), 0.0215110 secs] [Times: user=0.02 sys=0.00, real=0.02 secs] 
2020-10-28T08:28:45.315+0000: [CMS-concurrent-sweep-start]
2020-10-28T08:28:45.334+0000: [GC (Allocation Failure) 2020-10-28T08:28:45.334+0000: [ParNew: 16388K->4K(18432K), 0.0029970 secs] 344306K->327922K(896640K), 0.0030475 secs] [Times: user=0.00 sys=0.00, real=0.00 secs] 
2020-10-28T08:28:45.339+0000: [CMS-concurrent-sweep: 0.020/0.023 secs] [Times: user=0.05 sys=0.00, real=0.02 secs] 
2020-10-28T08:28:45.341+0000: [CMS-concurrent-reset-start]
2020-10-28T08:28:45.343+0000: [CMS-concurrent-reset: 0.002/0.002 secs] [Times: user=0.00 sys=0.00, real=0.00 secs] 
2020-10-28T08:28:45.356+0000: [GC (Allocation Failure) 2020-10-28T08:28:45.356+0000: [ParNew: 16388K->4K(18432K), 0.0029611 secs] 344304K->327920K(896640K), 0.0030023 secs] [Times: user=0.01 sys=0.00, real=0.00 secs] 
2020-10-28T08:28:45.378+0000: [GC (Allocation Failure) 2020-10-28T08:28:45.378+0000: [ParNew: 16388K->4K(18432K), 0.0028736 secs] 344304K->327920K(896640K), 0.0029188 secs] [Times: user=0.00 sys=0.00, real=0.01 secs] 
2020-10-28T08:28:45.400+0000: [GC (Allocation Failure) 2020-10-28T08:28:45.400+0000: [ParNew: 16388K->4K(18432K), 0.0028095 secs] 344304K->327920K(896640K), 0.0028519 secs] [Times: user=0.00 sys=0.00, real=0.00 secs] 
2020-10-28T08:28:45.418+0000: [GC (Allocation Failure) 2020-10-28T08:28:45.418+0000: [ParNew: 16388K->4K(18432K), 0.0028044 secs] 344304K->327920K(896640K), 0.0028443 secs] [Times: user=0.01 sys=0.00, real=0.01 secs] 
2020-10-28T08:28:45.439+0000: [GC (Allocation Failure) 2020-10-28T08:28:45.439+0000: [ParNew: 16388K->4K(18432K), 0.0030727 secs] 377072K->360688K(896640K), 0.0031281 secs] [Times: user=0.01 sys=0.00, real=0.01 secs] 
2020-10-28T08:28:45.460+0000: [GC (Allocation Failure) 2020-10-28T08:28:45.460+0000: [ParNew: 16388K->4K(18432K), 0.0029848 secs] 377072K->360688K(896640K), 0.0030381 secs] [Times: user=0.01 sys=0.00, real=0.00 secs] 
2020-10-28T08:28:45.478+0000: [GC (Allocation Failure) 2020-10-28T08:28:45.478+0000: [ParNew: 16388K->4K(18432K), 0.0028465 secs] 377072K->360688K(896640K), 0.0028954 secs] [Times: user=0.00 sys=0.00, real=0.01 secs] 
2020-10-28T08:28:45.504+0000: [GC (Allocation Failure) 2020-10-28T08:28:45.504+0000: [ParNew: 16388K->1085K(18432K), 0.0034412 secs] 377072K->363818K(896640K), 0.0034872 secs] [Times: user=0.00 sys=0.00, real=0.00 secs] 
2020-10-28T08:28:45.536+0000: [GC (Allocation Failure) 2020-10-28T08:28:45.536+0000: [ParNew: 17469K->4K(18432K), 0.0031883 secs] 380202K->363819K(896640K), 0.0032380 secs] [Times: user=0.00 sys=0.00, real=0.00 secs] 
2020-10-28T08:28:45.572+0000: [GC (Allocation Failure) 2020-10-28T08:28:45.572+0000: [ParNew: 16388K->4K(18432K), 0.0029740 secs] 380203K->363819K(896640K), 0.0030279 secs] [Times: user=0.01 sys=0.00, real=0.00 secs] 
2020-10-28T08:28:45.600+0000: [GC (Allocation Failure) 2020-10-28T08:28:45.600+0000: [ParNew: 14173K->4K(18432K), 0.0029072 secs] 377988K->363819K(896640K), 0.0029567 secs] [Times: user=0.01 sys=0.00, real=0.00 secs] 
2020-10-28T08:28:45.618+0000: [GC (Allocation Failure) 2020-10-28T08:28:45.618+0000: [ParNew: 16388K->4K(18432K), 0.0035604 secs] 380203K->372011K(896640K), 0.0036048 secs] [Times: user=0.01 sys=0.00, real=0.01 secs] 
2020-10-28T08:28:45.652+0000: [GC (Allocation Failure) 2020-10-28T08:28:45.652+0000: [ParNew: 16388K->4K(18432K), 0.0028101 secs] 388395K->372011K(896640K), 0.0028554 secs] [Times: user=0.00 sys=0.00, real=0.00 secs] 
2020-10-28T08:28:45.684+0000: [GC (Allocation Failure) 2020-10-28T08:28:45.684+0000: [ParNew: 16388K->4K(18432K), 0.0028985 secs] 388395K->372011K(896640K), 0.0029472 secs] [Times: user=0.00 sys=0.00, real=0.00 secs] 
2020-10-28T08:28:45.719+0000: [GC (Allocation Failure) 2020-10-28T08:28:45.719+0000: [ParNew: 16388K->4K(18432K), 0.0030324 secs] 388395K->372011K(896640K), 0.0030841 secs] [Times: user=0.01 sys=0.00, real=0.01 secs] 
2020-10-28T08:28:45.752+0000: [GC (Allocation Failure) 2020-10-28T08:28:45.752+0000: [ParNew: 16388K->4K(18432K), 0.0028627 secs] 388395K->372011K(896640K), 0.0029116 secs] [Times: user=0.00 sys=0.00, real=0.00 secs] 
2020-10-28T08:28:45.943+0000: [GC (Allocation Failure) 2020-10-28T08:28:45.943+0000: [ParNew: 16388K->1085K(18432K), 0.0036134 secs] 388395K->375140K(896640K), 0.0036760 secs] [Times: user=0.01 sys=0.00, real=0.00 secs] 
2020-10-28T08:28:46.649+0000: [GC (Allocation Failure) 2020-10-28T08:28:46.649+0000: [ParNew: 17469K->227K(18432K), 0.0036071 secs] 391524K->375364K(896640K), 0.0036534 secs] [Times: user=0.00 sys=0.00, real=0.00 secs] 
2020-10-28T08:28:46.833+0000: [GC (Allocation Failure) 2020-10-28T08:28:46.833+0000: [ParNew: 16611K->744K(18432K), 0.0036493 secs] 391748K->375880K(896640K), 0.0037052 secs] [Times: user=0.01 sys=0.00, real=0.00 secs] 
2020-10-28T08:28:46.856+0000: [GC (Allocation Failure) 2020-10-28T08:28:46.856+0000: [ParNew: 17128K->830K(18432K), 0.0032370 secs] 392264K->375966K(896640K), 0.0032842 secs] [Times: user=0.00 sys=0.00, real=0.00 secs] 
2020-10-28T08:28:46.878+0000: [GC (Allocation Failure) 2020-10-28T08:28:46.878+0000: [ParNew: 17214K->1104K(18432K), 0.0033702 secs] 392350K->376240K(896640K), 0.0034167 secs] [Times: user=0.01 sys=0.00, real=0.01 secs] 
2020-10-28T08:28:46.902+0000: [GC (Allocation Failure) 2020-10-28T08:28:46.902+0000: [ParNew: 17488K->1088K(18432K), 0.0036072 secs] 392624K->376347K(896640K), 0.0036546 secs] [Times: user=0.01 sys=0.00, real=0.00 secs] 
2020-10-28T08:28:46.924+0000: [GC (Allocation Failure) 2020-10-28T08:28:46.924+0000: [ParNew: 17472K->1488K(18432K), 0.0032230 secs] 392731K->376747K(896640K), 0.0032669 secs] [Times: user=0.01 sys=0.00, real=0.00 secs] 
2020-10-28T08:28:46.947+0000: [GC (Allocation Failure) 2020-10-28T08:28:46.947+0000: [ParNew: 17872K->63K(18432K), 0.0034377 secs] 393131K->376752K(896640K), 0.0034847 secs] [Times: user=0.01 sys=0.00, real=0.01 secs] 
2020-10-28T08:28:46.970+0000: [GC (Allocation Failure) 2020-10-28T08:28:46.970+0000: [ParNew: 16447K->16K(18432K), 0.0028363 secs] 393136K->376705K(896640K), 0.0028816 secs] [Times: user=0.01 sys=0.00, real=0.00 secs] 
2020-10-28T08:28:46.992+0000: [GC (Allocation Failure) 2020-10-28T08:28:46.992+0000: [ParNew: 16400K->4K(18432K), 0.0029085 secs] 393089K->376693K(896640K), 0.0029569 secs] [Times: user=0.00 sys=0.00, real=0.00 secs] 
2020-10-28T08:28:47.012+0000: [GC (Allocation Failure) 2020-10-28T08:28:47.012+0000: [ParNew: 16388K->4K(18432K), 0.0032905 secs] 393077K->378741K(896640K), 0.0033413 secs] [Times: user=0.01 sys=0.00, real=0.00 secs] 
2020-10-28T08:28:47.047+0000: [GC (Allocation Failure) 2020-10-28T08:28:47.047+0000: [ParNew: 16388K->4K(18432K), 0.0029421 secs] 395125K->378741K(896640K), 0.0029930 secs] [Times: user=0.01 sys=0.00, real=0.01 secs] 
2020-10-28T08:28:47.084+0000: [GC (Allocation Failure) 2020-10-28T08:28:47.084+0000: [ParNew: 16388K->4K(18432K), 0.0029859 secs] 395125K->378741K(896640K), 0.0030577 secs] [Times: user=0.00 sys=0.00, real=0.00 secs] 
2020-10-28T08:28:47.122+0000: [GC (Allocation Failure) 2020-10-28T08:28:47.122+0000: [ParNew: 16388K->4K(18432K), 0.0029601 secs] 395125K->378741K(896640K), 0.0030355 secs] [Times: user=0.01 sys=0.00, real=0.00 secs] 
2020-10-28T08:28:47.159+0000: [GC (Allocation Failure) 2020-10-28T08:28:47.159+0000: [ParNew: 16388K->4K(18432K), 0.0030255 secs] 395125K->378741K(896640K), 0.0030982 secs] [Times: user=0.01 sys=0.00, real=0.01 secs] 
2020-10-28T08:28:47.197+0000: [GC (Allocation Failure) 2020-10-28T08:28:47.197+0000: [ParNew: 16388K->4K(18432K), 0.0029735 secs] 395125K->378741K(896640K), 0.0030614 secs] [Times: user=0.01 sys=0.00, real=0.01 secs] 
2020-10-28T08:28:47.234+0000: [GC (Allocation Failure) 2020-10-28T08:28:47.234+0000: [ParNew: 16388K->4K(18432K), 0.0029624 secs] 395125K->378741K(896640K), 0.0030290 secs] [Times: user=0.00 sys=0.00, real=0.00 secs] 
2020-10-28T08:28:47.271+0000: [GC (Allocation Failure) 2020-10-28T08:28:47.271+0000: [ParNew: 16388K->4K(18432K), 0.0030008 secs] 395125K->378741K(896640K), 0.0030680 secs] [Times: user=0.01 sys=0.00, real=0.00 secs] 
2020-10-28T08:28:47.300+0000: [GC (Allocation Failure) 2020-10-28T08:28:47.300+0000: [ParNew: 16388K->4K(18432K), 0.0037007 secs] 395125K->382837K(896640K), 0.0037717 secs] [Times: user=0.01 sys=0.00, real=0.00 secs] 
2020-10-28T08:28:47.351+0000: [GC (Allocation Failure) 2020-10-28T08:28:47.351+0000: [ParNew: 16388K->4K(18432K), 0.0030320 secs] 399221K->382837K(896640K), 0.0030993 secs] [Times: user=0.00 sys=0.00, real=0.00 secs] 
2020-10-28T08:28:47.386+0000: [GC (Allocation Failure) 2020-10-28T08:28:47.386+0000: [ParNew: 16388K->4K(18432K), 0.0029730 secs] 399221K->382837K(896640K), 0.0030261 secs] [Times: user=0.01 sys=0.00, real=0.01 secs] 
2020-10-28T08:28:47.420+0000: [GC (Allocation Failure) 2020-10-28T08:28:47.420+0000: [ParNew: 16388K->4K(18432K), 0.0029585 secs] 399221K->382837K(896640K), 0.0030294 secs] [Times: user=0.01 sys=0.00, real=0.00 secs] 
2020-10-28T08:28:47.451+0000: [GC (Allocation Failure) 2020-10-28T08:28:47.451+0000: [ParNew: 16388K->4K(18432K), 0.0029888 secs] 399221K->382837K(896640K), 0.0030572 secs] [Times: user=0.01 sys=0.00, real=0.00 secs] 
2020-10-28T08:28:47.483+0000: [GC (Allocation Failure) 2020-10-28T08:28:47.483+0000: [ParNew: 16388K->4K(18432K), 0.0029007 secs] 399221K->382837K(896640K), 0.0029678 secs] [Times: user=0.01 sys=0.00, real=0.00 secs] 
2020-10-28T08:28:47.515+0000: [GC (Allocation Failure) 2020-10-28T08:28:47.515+0000: [ParNew: 16388K->4K(18432K), 0.0029066 secs] 399221K->382837K(896640K), 0.0029728 secs] [Times: user=0.01 sys=0.00, real=0.00 secs] 
2020-10-28T08:28:47.546+0000: [GC (Allocation Failure) 2020-10-28T08:28:47.546+0000: [ParNew: 16388K->4K(18432K), 0.0029833 secs] 399221K->382837K(896640K), 0.0030528 secs] [Times: user=0.00 sys=0.00, real=0.01 secs] 
2020-10-28T08:28:47.577+0000: [GC (Allocation Failure) 2020-10-28T08:28:47.577+0000: [ParNew: 16388K->4K(18432K), 0.0030041 secs] 399221K->382837K(896640K), 0.0030767 secs] [Times: user=0.01 sys=0.00, real=0.01 secs] 
2020-10-28T08:28:47.608+0000: [GC (Allocation Failure) 2020-10-28T08:28:47.609+0000: [ParNew: 16388K->4K(18432K), 0.0029635 secs] 399221K->382837K(896640K), 0.0030337 secs] [Times: user=0.01 sys=0.00, real=0.00 secs] 
2020-10-28T08:28:47.640+0000: [GC (Allocation Failure) 2020-10-28T08:28:47.640+0000: [ParNew: 16388K->4K(18432K), 0.0029368 secs] 399221K->382837K(896640K), 0.0030074 secs] [Times: user=0.00 sys=0.00, real=0.00 secs] 
2020-10-28T08:28:47.671+0000: [GC (Allocation Failure) 2020-10-28T08:28:47.671+0000: [ParNew: 16388K->4K(18432K), 0.0030037 secs] 399221K->382837K(896640K), 0.0030762 secs] [Times: user=0.01 sys=0.00, real=0.00 secs] 
2020-10-28T08:28:47.695+0000: [GC (Allocation Failure) 2020-10-28T08:28:47.695+0000: [ParNew: 16388K->4K(18432K), 0.0029987 secs] 399221K->382837K(896640K), 0.0030520 secs] [Times: user=0.01 sys=0.00, real=0.00 secs] 
2020-10-28T08:28:47.714+0000: [GC (Allocation Failure) 2020-10-28T08:28:47.714+0000: [ParNew: 16388K->4K(18432K), 0.0027991 secs] 399221K->382837K(896640K), 0.0028400 secs] [Times: user=0.01 sys=0.00, real=0.00 secs] 
2020-10-28T08:28:47.733+0000: [GC (Allocation Failure) 2020-10-28T08:28:47.733+0000: [ParNew: 16387K->4K(18432K), 0.0027760 secs] 399221K->382837K(896640K), 0.0028199 secs] [Times: user=0.00 sys=0.00, real=0.00 secs] 
2020-10-28T08:28:47.751+0000: [GC (Allocation Failure) 2020-10-28T08:28:47.751+0000: [ParNew: 16388K->4K(18432K), 0.0027940 secs] 399221K->382837K(896640K), 0.0028389 secs] [Times: user=0.00 sys=0.00, real=0.00 secs] 
2020-10-28T08:28:47.771+0000: [GC (Allocation Failure) 2020-10-28T08:28:47.771+0000: [ParNew: 16388K->4K(18432K), 0.0028038 secs] 399221K->382837K(896640K), 0.0028505 secs] [Times: user=0.00 sys=0.00, real=0.00 secs] 
2020-10-28T08:28:47.790+0000: [GC (Allocation Failure) 2020-10-28T08:28:47.790+0000: [ParNew: 16388K->4K(18432K), 0.0029089 secs] 399221K->382837K(896640K), 0.0029543 secs] [Times: user=0.01 sys=0.00, real=0.00 secs] 
2020-10-28T08:28:47.809+0000: [GC (Allocation Failure) 2020-10-28T08:28:47.809+0000: [ParNew: 16388K->4K(18432K), 0.0028750 secs] 399221K->382837K(896640K), 0.0029215 secs] [Times: user=0.01 sys=0.00, real=0.00 secs] 
2020-10-28T08:28:47.828+0000: [GC (Allocation Failure) 2020-10-28T08:28:47.828+0000: [ParNew: 16388K->4K(18432K), 0.0028618 secs] 399221K->382837K(896640K), 0.0029076 secs] [Times: user=0.01 sys=0.00, real=0.00 secs] 
2020-10-28T08:28:47.847+0000: [GC (Allocation Failure) 2020-10-28T08:28:47.847+0000: [ParNew: 16388K->4K(18432K), 0.0027858 secs] 399221K->382837K(896640K), 0.0028378 secs] [Times: user=0.00 sys=0.00, real=0.01 secs] 
2020-10-28T08:28:47.866+0000: [GC (Allocation Failure) 2020-10-28T08:28:47.866+0000: [ParNew: 16388K->4K(18432K), 0.0028359 secs] 399221K->382837K(896640K), 0.0028842 secs] [Times: user=0.00 sys=0.00, real=0.01 secs] 
2020-10-28T08:28:47.885+0000: [GC (Allocation Failure) 2020-10-28T08:28:47.885+0000: [ParNew: 16388K->4K(18432K), 0.0027853 secs] 399221K->382838K(896640K), 0.0028284 secs] [Times: user=0.00 sys=0.00, real=0.01 secs] 
2020-10-28T08:28:47.903+0000: [GC (Allocation Failure) 2020-10-28T08:28:47.903+0000: [ParNew: 16388K->4K(18432K), 0.0026562 secs] 399222K->382838K(896640K), 0.0026974 secs] [Times: user=0.00 sys=0.00, real=0.00 secs] 
2020-10-28T08:28:47.922+0000: [GC (Allocation Failure) 2020-10-28T08:28:47.922+0000: [ParNew: 16388K->4K(18432K), 0.0026834 secs] 399222K->382838K(896640K), 0.0027246 secs] [Times: user=0.00 sys=0.00, real=0.00 secs] 
2020-10-28T08:28:47.941+0000: [GC (Allocation Failure) 2020-10-28T08:28:47.941+0000: [ParNew: 16388K->4K(18432K), 0.0027515 secs] 399222K->382838K(896640K), 0.0027975 secs] [Times: user=0.00 sys=0.00, real=0.00 secs] 
2020-10-28T08:28:47.960+0000: [GC (Allocation Failure) 2020-10-28T08:28:47.960+0000: [ParNew: 16388K->4K(18432K), 0.0027134 secs] 399222K->382838K(896640K), 0.0027728 secs] [Times: user=0.01 sys=0.00, real=0.00 secs] 
2020-10-28T08:28:47.978+0000: [GC (Allocation Failure) 2020-10-28T08:28:47.978+0000: [ParNew: 16388K->4K(18432K), 0.0027597 secs] 399222K->382838K(896640K), 0.0028022 secs] [Times: user=0.01 sys=0.00, real=0.01 secs] 
2020-10-28T08:28:47.997+0000: [GC (Allocation Failure) 2020-10-28T08:28:47.997+0000: [ParNew: 16388K->4K(18432K), 0.0027818 secs] 399222K->382838K(896640K), 0.0028257 secs] [Times: user=0.01 sys=0.00, real=0.01 secs] 
2020-10-28T08:28:48.016+0000: [GC (Allocation Failure) 2020-10-28T08:28:48.016+0000: [ParNew: 16388K->4K(18432K), 0.0027665 secs] 399222K->382838K(896640K), 0.0028073 secs] [Times: user=0.01 sys=0.00, real=0.00 secs] 
2020-10-28T08:28:48.035+0000: [GC (Allocation Failure) 2020-10-28T08:28:48.035+0000: [ParNew: 16388K->4K(18432K), 0.0028285 secs] 399222K->382838K(896640K), 0.0028737 secs] [Times: user=0.00 sys=0.00, real=0.00 secs] 
2020-10-28T08:28:48.053+0000: [GC (Allocation Failure) 2020-10-28T08:28:48.053+0000: [ParNew: 16388K->4K(18432K), 0.0027470 secs] 399222K->382838K(896640K), 0.0027913 secs] [Times: user=0.00 sys=0.00, real=0.00 secs] 
2020-10-28T08:28:48.072+0000: [GC (Allocation Failure) 2020-10-28T08:28:48.072+0000: [ParNew: 16388K->4K(18432K), 0.0027214 secs] 399222K->382838K(896640K), 0.0027627 secs] [Times: user=0.00 sys=0.00, real=0.00 secs] 
2020-10-28T08:28:48.091+0000: [GC (Allocation Failure) 2020-10-28T08:28:48.091+0000: [ParNew: 16388K->4K(18432K), 0.0027607 secs] 399222K->382838K(896640K), 0.0028017 secs] [Times: user=0.01 sys=0.00, real=0.00 secs] 
2020-10-28T08:28:48.109+0000: [GC (Allocation Failure) 2020-10-28T08:28:48.109+0000: [ParNew: 16388K->4K(18432K), 0.0026746 secs] 399222K->382838K(896640K), 0.0027181 secs] [Times: user=0.01 sys=0.00, real=0.00 secs] 
2020-10-28T08:28:48.128+0000: [GC (Allocation Failure) 2020-10-28T08:28:48.128+0000: [ParNew: 16388K->4K(18432K), 0.0026944 secs] 399222K->382838K(896640K), 0.0027353 secs] [Times: user=0.01 sys=0.00, real=0.00 secs] 
2020-10-28T08:28:48.146+0000: [GC (Allocation Failure) 2020-10-28T08:28:48.146+0000: [ParNew: 16388K->4K(18432K), 0.0027554 secs] 399222K->382838K(896640K), 0.0027984 secs] [Times: user=0.01 sys=0.00, real=0.01 secs] 
2020-10-28T08:28:48.165+0000: [GC (Allocation Failure) 2020-10-28T08:28:48.165+0000: [ParNew: 16388K->4K(18432K), 0.0027844 secs] 399222K->382838K(896640K), 0.0028264 secs] [Times: user=0.00 sys=0.00, real=0.01 secs] 
2020-10-28T08:28:48.184+0000: [GC (Allocation Failure) 2020-10-28T08:28:48.184+0000: [ParNew: 16388K->4K(18432K), 0.0026408 secs] 399222K->382838K(896640K), 0.0026843 secs] [Times: user=0.00 sys=0.00, real=0.00 secs] 
2020-10-28T08:28:48.203+0000: [GC (Allocation Failure) 2020-10-28T08:28:48.203+0000: [ParNew: 16388K->4K(18432K), 0.0027231 secs] 399222K->382838K(896640K), 0.0027643 secs] [Times: user=0.00 sys=0.00, real=0.00 secs] 
2020-10-28T08:28:48.221+0000: [GC (Allocation Failure) 2020-10-28T08:28:48.221+0000: [ParNew: 16388K->4K(18432K), 0.0027664 secs] 399222K->382838K(896640K), 0.0028125 secs] [Times: user=0.00 sys=0.00, real=0.00 secs] 
2020-10-28T08:28:48.240+0000: [GC (Allocation Failure) 2020-10-28T08:28:48.240+0000: [ParNew: 16388K->4K(18432K), 0.0027484 secs] 399222K->382838K(896640K), 0.0027903 secs] [Times: user=0.01 sys=0.00, real=0.00 secs] 
2020-10-28T08:28:48.259+0000: [GC (Allocation Failure) 2020-10-28T08:28:48.259+0000: [ParNew: 16388K->4K(18432K), 0.0027585 secs] 399222K->382838K(896640K), 0.0028155 secs] [Times: user=0.01 sys=0.00, real=0.01 secs] 
2020-10-28T08:28:48.280+0000: [GC (Allocation Failure) 2020-10-28T08:28:48.280+0000: [ParNew: 16388K->4K(18432K), 0.0028062 secs] 399222K->382838K(896640K), 0.0028519 secs] [Times: user=0.01 sys=0.00, real=0.00 secs] 
2020-10-28T08:28:48.299+0000: [GC (Allocation Failure) 2020-10-28T08:28:48.299+0000: [ParNew: 16388K->4K(18432K), 0.0028523 secs] 399222K->382838K(896640K), 0.0028953 secs] [Times: user=0.01 sys=0.00, real=0.01 secs] 
2020-10-28T08:28:48.318+0000: [GC (Allocation Failure) 2020-10-28T08:28:48.318+0000: [ParNew: 16388K->4K(18432K), 0.0028151 secs] 399222K->382838K(896640K), 0.0028619 secs] [Times: user=0.00 sys=0.00, real=0.01 secs] 
2020-10-28T08:28:48.336+0000: [GC (Allocation Failure) 2020-10-28T08:28:48.336+0000: [ParNew: 16388K->4K(18432K), 0.0027878 secs] 399222K->382838K(896640K), 0.0028369 secs] [Times: user=0.01 sys=0.00, real=0.00 secs] 
2020-10-28T08:28:48.356+0000: [GC (Allocation Failure) 2020-10-28T08:28:48.356+0000: [ParNew: 16388K->4K(18432K), 0.0028396 secs] 399222K->382838K(896640K), 0.0028862 secs] [Times: user=0.00 sys=0.00, real=0.00 secs] 
2020-10-28T08:28:48.377+0000: [GC (Allocation Failure) 2020-10-28T08:28:48.378+0000: [ParNew: 16388K->4K(18432K), 0.0075200 secs] 399222K->382838K(896640K), 0.0075920 secs] [Times: user=0.01 sys=0.00, real=0.01 secs] 
2020-10-28T08:28:48.414+0000: [GC (Allocation Failure) 2020-10-28T08:28:48.414+0000: [ParNew: 16388K->4K(18432K), 0.0101149 secs] 399222K->382838K(896640K), 0.0101896 secs] [Times: user=0.01 sys=0.00, real=0.01 secs] 
2020-10-28T08:28:48.453+0000: [GC (Allocation Failure) 2020-10-28T08:28:48.453+0000: [ParNew: 16388K->4K(18432K), 0.0065345 secs] 399222K->382838K(896640K), 0.0066116 secs] [Times: user=0.01 sys=0.00, real=0.00 secs] 
2020-10-28T08:28:48.488+0000: [GC (Allocation Failure) 2020-10-28T08:28:48.488+0000: [ParNew: 16388K->4K(18432K), 0.0063421 secs] 399222K->382838K(896640K), 0.0064128 secs] [Times: user=0.00 sys=0.00, real=0.00 secs] 
2020-10-28T08:28:48.522+0000: [GC (Allocation Failure) 2020-10-28T08:28:48.523+0000: [ParNew: 16388K->4K(18432K), 0.0084376 secs] 399222K->382838K(896640K), 0.0085114 secs] [Times: user=0.01 sys=0.00, real=0.01 secs] 
2020-10-28T08:28:48.560+0000: [GC (Allocation Failure) 2020-10-28T08:28:48.560+0000: [ParNew: 16388K->2K(18432K), 0.0065683 secs] 399222K->382836K(896640K), 0.0066519 secs] [Times: user=0.00 sys=0.00, real=0.00 secs] 
2020-10-28T08:28:48.594+0000: [GC (Allocation Failure) 2020-10-28T08:28:48.594+0000: [ParNew: 16386K->4K(18432K), 0.0096163 secs] 399220K->382838K(896640K), 0.0096921 secs] [Times: user=0.01 sys=0.00, real=0.01 secs] 
2020-10-28T08:28:48.631+0000: [GC (Allocation Failure) 2020-10-28T08:28:48.631+0000: [ParNew: 16388K->4K(18432K), 0.0075261 secs] 399222K->382838K(896640K), 0.0075928 secs] [Times: user=0.01 sys=0.00, real=0.00 secs] 
2020-10-28T08:28:48.666+0000: [GC (Allocation Failure) 2020-10-28T08:28:48.667+0000: [ParNew: 16388K->4K(18432K), 0.0083583 secs] 399222K->382838K(896640K), 0.0084310 secs] [Times: user=0.01 sys=0.00, real=0.01 secs] 
2020-10-28T08:28:48.702+0000: [GC (Allocation Failure) 2020-10-28T08:28:48.702+0000: [ParNew: 16388K->4K(18432K), 0.0085983 secs] 399222K->382838K(896640K), 0.0086810 secs] [Times: user=0.01 sys=0.00, real=0.01 secs] 
2020-10-28T08:28:48.739+0000: [GC (Allocation Failure) 2020-10-28T08:28:48.739+0000: [ParNew: 16388K->4K(18432K), 0.0062135 secs] 399222K->382838K(896640K), 0.0062866 secs] [Times: user=0.00 sys=0.00, real=0.01 secs] 
2020-10-28T08:28:48.773+0000: [GC (Allocation Failure) 2020-10-28T08:28:48.773+0000: [ParNew: 16388K->2K(18432K), 0.0060792 secs] 399222K->382836K(896640K), 0.0061506 secs] [Times: user=0.00 sys=0.00, real=0.00 secs] 
2020-10-28T08:28:48.807+0000: [GC (Allocation Failure) 2020-10-28T08:28:48.807+0000: [ParNew: 16386K->4K(18432K), 0.0065217 secs] 399220K->382838K(896640K), 0.0065925 secs] [Times: user=0.01 sys=0.00, real=0.01 secs] 
2020-10-28T08:28:48.837+0000: [GC (Allocation Failure) 2020-10-28T08:28:48.837+0000: [ParNew: 16388K->4K(18432K), 0.0029412 secs] 399222K->382838K(896640K), 0.0029922 secs] [Times: user=0.01 sys=0.00, real=0.01 secs] 
2020-10-28T08:28:48.855+0000: [GC (Allocation Failure) 2020-10-28T08:28:48.855+0000: [ParNew: 16388K->4K(18432K), 0.0027789 secs] 399222K->382838K(896640K), 0.0028209 secs] [Times: user=0.01 sys=0.00, real=0.00 secs] 
2020-10-28T08:28:48.874+0000: [GC (Allocation Failure) 2020-10-28T08:28:48.874+0000: [ParNew: 16388K->4K(18432K), 0.0026941 secs] 399222K->382838K(896640K), 0.0027455 secs] [Times: user=0.01 sys=0.00, real=0.00 secs] 
2020-10-28T08:28:48.893+0000: [GC (Allocation Failure) 2020-10-28T08:28:48.893+0000: [ParNew: 16388K->4K(18432K), 0.0027521 secs] 399222K->382838K(896640K), 0.0027938 secs] [Times: user=0.01 sys=0.00, real=0.00 secs] 
2020-10-28T08:28:48.911+0000: [GC (Allocation Failure) 2020-10-28T08:28:48.911+0000: [ParNew: 16388K->4K(18432K), 0.0026225 secs] 399222K->382838K(896640K), 0.0026646 secs] [Times: user=0.00 sys=0.00, real=0.00 secs] 
2020-10-28T08:28:48.930+0000: [GC (Allocation Failure) 2020-10-28T08:28:48.930+0000: [ParNew: 16388K->4K(18432K), 0.0026829 secs] 399222K->382838K(896640K), 0.0027250 secs] [Times: user=0.00 sys=0.00, real=0.00 secs] 
2020-10-28T08:28:48.949+0000: [GC (Allocation Failure) 2020-10-28T08:28:48.949+0000: [ParNew: 16388K->4K(18432K), 0.0026808 secs] 399222K->382838K(896640K), 0.0027244 secs] [Times: user=0.00 sys=0.00, real=0.00 secs] 
2020-10-28T08:28:48.967+0000: [GC (Allocation Failure) 2020-10-28T08:28:48.967+0000: [ParNew: 16388K->4K(18432K), 0.0026967 secs] 399222K->382838K(896640K), 0.0027402 secs] [Times: user=0.00 sys=0.00, real=0.01 secs] 
2020-10-28T08:28:48.986+0000: [GC (Allocation Failure) 2020-10-28T08:28:48.986+0000: [ParNew: 16388K->4K(18432K), 0.0027392 secs] 399222K->382838K(896640K), 0.0027848 secs] [Times: user=0.01 sys=0.00, real=0.01 secs] 
2020-10-28T08:28:49.005+0000: [GC (Allocation Failure) 2020-10-28T08:28:49.005+0000: [ParNew: 16388K->4K(18432K), 0.0027354 secs] 399222K->382838K(896640K), 0.0027764 secs] [Times: user=0.00 sys=0.00, real=0.00 secs] 
2020-10-28T08:28:49.023+0000: [GC (Allocation Failure) 2020-10-28T08:28:49.023+0000: [ParNew: 16388K->4K(18432K), 0.0027635 secs] 399222K->382838K(896640K), 0.0028071 secs] [Times: user=0.00 sys=0.00, real=0.00 secs] 
2020-10-28T08:28:49.042+0000: [GC (Allocation Failure) 2020-10-28T08:28:49.042+0000: [ParNew: 16388K->4K(18432K), 0.0028038 secs] 399222K->382838K(896640K), 0.0028513 secs] [Times: user=0.01 sys=0.00, real=0.00 secs] 
2020-10-28T08:28:49.061+0000: [GC (Allocation Failure) 2020-10-28T08:28:49.061+0000: [ParNew: 16388K->4K(18432K), 0.0028422 secs] 399222K->382838K(896640K), 0.0028854 secs] [Times: user=0.01 sys=0.00, real=0.00 secs] 
2020-10-28T08:28:49.079+0000: [GC (Allocation Failure) 2020-10-28T08:28:49.079+0000: [ParNew: 16388K->4K(18432K), 0.0027246 secs] 399222K->382838K(896640K), 0.0027676 secs] [Times: user=0.01 sys=0.00, real=0.01 secs] 
2020-10-28T08:28:49.098+0000: [GC (Allocation Failure) 2020-10-28T08:28:49.098+0000: [ParNew: 16388K->4K(18432K), 0.0027410 secs] 399222K->382838K(896640K), 0.0027841 secs] [Times: user=0.01 sys=0.00, real=0.01 secs] 
2020-10-28T08:28:49.117+0000: [GC (Allocation Failure) 2020-10-28T08:28:49.117+0000: [ParNew: 16388K->4K(18432K), 0.0026056 secs] 399222K->382838K(896640K), 0.0026553 secs] [Times: user=0.00 sys=0.00, real=0.00 secs] 
2020-10-28T08:28:49.135+0000: [GC (Allocation Failure) 2020-10-28T08:28:49.135+0000: [ParNew: 16388K->4K(18432K), 0.0027182 secs] 399222K->382838K(896640K), 0.0027592 secs] [Times: user=0.00 sys=0.00, real=0.00 secs] 
2020-10-28T08:28:49.154+0000: [GC (Allocation Failure) 2020-10-28T08:28:49.154+0000: [ParNew: 16388K->4K(18432K), 0.0027909 secs] 399222K->382838K(896640K), 0.0028417 secs] [Times: user=0.00 sys=0.00, real=0.00 secs] 
2020-10-28T08:28:49.174+0000: [GC (Allocation Failure) 2020-10-28T08:28:49.174+0000: [ParNew: 16388K->4K(18432K), 0.0029291 secs] 399222K->382838K(896640K), 0.0029931 secs] [Times: user=0.01 sys=0.00, real=0.00 secs] 
2020-10-28T08:28:49.193+0000: [GC (Allocation Failure) 2020-10-28T08:28:49.193+0000: [ParNew: 16388K->4K(18432K), 0.0026925 secs] 399222K->382838K(896640K), 0.0027376 secs] [Times: user=0.00 sys=0.00, real=0.00 secs] 
2020-10-28T08:28:49.212+0000: [GC (Allocation Failure) 2020-10-28T08:28:49.212+0000: [ParNew: 16388K->4K(18432K), 0.0027350 secs] 399222K->382838K(896640K), 0.0027784 secs] [Times: user=0.01 sys=0.00, real=0.00 secs] 
2020-10-28T08:28:49.230+0000: [GC (Allocation Failure) 2020-10-28T08:28:49.230+0000: [ParNew: 16388K->4K(18432K), 0.0027321 secs] 399222K->382838K(896640K), 0.0027760 secs] [Times: user=0.01 sys=0.00, real=0.00 secs] 
2020-10-28T08:28:49.249+0000: [GC (Allocation Failure) 2020-10-28T08:28:49.249+0000: [ParNew: 16388K->4K(18432K), 0.0026448 secs] 399222K->382838K(896640K), 0.0026858 secs] [Times: user=0.01 sys=0.00, real=0.00 secs] 
2020-10-28T08:28:49.267+0000: [GC (Allocation Failure) 2020-10-28T08:28:49.267+0000: [ParNew: 16388K->4K(18432K), 0.0026429 secs] 399222K->382838K(896640K), 0.0026859 secs] [Times: user=0.00 sys=0.00, real=0.01 secs] 
2020-10-28T08:28:49.286+0000: [GC (Allocation Failure) 2020-10-28T08:28:49.286+0000: [ParNew: 16388K->4K(18432K), 0.0026707 secs] 399222K->382838K(896640K), 0.0027143 secs] [Times: user=0.01 sys=0.00, real=0.01 secs] 
2020-10-28T08:28:49.305+0000: [GC (Allocation Failure) 2020-10-28T08:28:49.305+0000: [ParNew: 16388K->4K(18432K), 0.0026816 secs] 399222K->382838K(896640K), 0.0027221 secs] [Times: user=0.01 sys=0.00, real=0.00 secs] 
2020-10-28T08:28:49.323+0000: [GC (Allocation Failure) 2020-10-28T08:28:49.323+0000: [ParNew: 16388K->4K(18432K), 0.0029248 secs] 399222K->382838K(896640K), 0.0029759 secs] [Times: user=0.01 sys=0.00, real=0.00 secs] 
2020-10-28T08:28:49.343+0000: [GC (Allocation Failure) 2020-10-28T08:28:49.343+0000: [ParNew: 16388K->4K(18432K), 0.0030324 secs] 399222K->382838K(896640K), 0.0030751 secs] [Times: user=0.00 sys=0.00, real=0.00 secs] 
2020-10-28T08:28:49.362+0000: [GC (Allocation Failure) 2020-10-28T08:28:49.362+0000: [ParNew: 16388K->4K(18432K), 0.0028129 secs] 399222K->382838K(896640K), 0.0028553 secs] [Times: user=0.00 sys=0.00, real=0.00 secs] 
2020-10-28T08:28:49.380+0000: [GC (Allocation Failure) 2020-10-28T08:28:49.380+0000: [ParNew: 16388K->4K(18432K), 0.0026487 secs] 399222K->382838K(896640K), 0.0026914 secs] [Times: user=0.00 sys=0.00, real=0.00 secs] 
2020-10-28T08:28:49.399+0000: [GC (Allocation Failure) 2020-10-28T08:28:49.399+0000: [ParNew: 16388K->4K(18432K), 0.0026751 secs] 399222K->382838K(896640K), 0.0027167 secs] [Times: user=0.01 sys=0.00, real=0.01 secs] 
2020-10-28T08:28:49.418+0000: [GC (Allocation Failure) 2020-10-28T08:28:49.418+0000: [ParNew: 16388K->4K(18432K), 0.0026882 secs] 399222K->382838K(896640K), 0.0027306 secs] [Times: user=0.01 sys=0.00, real=0.01 secs] 
2020-10-28T08:28:49.436+0000: [GC (Allocation Failure) 2020-10-28T08:28:49.436+0000: [ParNew: 16388K->4K(18432K), 0.0027049 secs] 399222K->382838K(896640K), 0.0027484 secs] [Times: user=0.00 sys=0.00, real=0.00 secs] 
2020-10-28T08:28:49.455+0000: [GC (Allocation Failure) 2020-10-28T08:28:49.455+0000: [ParNew: 16388K->4K(18432K), 0.0027178 secs] 399222K->382838K(896640K), 0.0027636 secs] [Times: user=0.01 sys=0.00, real=0.00 secs] 
2020-10-28T08:28:49.474+0000: [GC (Allocation Failure) 2020-10-28T08:28:49.474+0000: [ParNew: 16388K->4K(18432K), 0.0027889 secs] 399222K->382838K(896640K), 0.0028393 secs] [Times: user=0.01 sys=0.00, real=0.00 secs] 
2020-10-28T08:28:49.492+0000: [GC (Allocation Failure) 2020-10-28T08:28:49.492+0000: [ParNew: 16388K->4K(18432K), 0.0027504 secs] 399222K->382838K(896640K), 0.0027915 secs] [Times: user=0.01 sys=0.00, real=0.00 secs] 
2020-10-28T08:28:49.511+0000: [GC (Allocation Failure) 2020-10-28T08:28:49.511+0000: [ParNew: 16388K->4K(18432K), 0.0025919 secs] 399222K->382838K(896640K), 0.0026332 secs] [Times: user=0.01 sys=0.00, real=0.00 secs] 
2020-10-28T08:28:49.529+0000: [GC (Allocation Failure) 2020-10-28T08:28:49.529+0000: [ParNew: 16388K->4K(18432K), 0.0027202 secs] 399222K->382838K(896640K), 0.0027612 secs] [Times: user=0.01 sys=0.00, real=0.00 secs] 
2020-10-28T08:28:49.548+0000: [GC (Allocation Failure) 2020-10-28T08:28:49.548+0000: [ParNew: 16388K->4K(18432K), 0.0026539 secs] 399222K->382838K(896640K), 0.0026952 secs] [Times: user=0.00 sys=0.00, real=0.00 secs] 
2020-10-28T08:28:49.567+0000: [GC (Allocation Failure) 2020-10-28T08:28:49.567+0000: [ParNew: 16388K->4K(18432K), 0.0027385 secs] 399222K->382838K(896640K), 0.0027956 secs] [Times: user=0.00 sys=0.00, real=0.01 secs] 
2020-10-28T08:28:49.586+0000: [GC (Allocation Failure) 2020-10-28T08:28:49.586+0000: [ParNew: 16388K->4K(18432K), 0.0028856 secs] 399222K->382838K(896640K), 0.0029419 secs] [Times: user=0.00 sys=0.00, real=0.01 secs] 
2020-10-28T08:28:49.605+0000: [GC (Allocation Failure) 2020-10-28T08:28:49.605+0000: [ParNew: 16388K->4K(18432K), 0.0028334 secs] 399222K->382838K(896640K), 0.0028767 secs] [Times: user=0.01 sys=0.00, real=0.00 secs] 
2020-10-28T08:28:49.623+0000: [GC (Allocation Failure) 2020-10-28T08:28:49.623+0000: [ParNew: 16388K->4K(18432K), 0.0026528 secs] 399222K->382838K(896640K), 0.0026959 secs] [Times: user=0.01 sys=0.00, real=0.00 secs] 
2020-10-28T08:28:49.642+0000: [GC (Allocation Failure) 2020-10-28T08:28:49.642+0000: [ParNew: 16388K->4K(18432K), 0.0026984 secs] 399222K->382838K(896640K), 0.0027401 secs] [Times: user=0.01 sys=0.00, real=0.00 secs] 
2020-10-28T08:28:49.661+0000: [GC (Allocation Failure) 2020-10-28T08:28:49.661+0000: [ParNew: 16388K->4K(18432K), 0.0026899 secs] 399222K->382838K(896640K), 0.0027343 secs] [Times: user=0.01 sys=0.00, real=0.00 secs] 
2020-10-28T08:28:49.679+0000: [GC (Allocation Failure) 2020-10-28T08:28:49.679+0000: [ParNew: 16388K->4K(18432K), 0.0027644 secs] 399222K->382838K(896640K), 0.0028059 secs] [Times: user=0.00 sys=0.00, real=0.01 secs] 
2020-10-28T08:28:49.698+0000: [GC (Allocation Failure) 2020-10-28T08:28:49.698+0000: [ParNew: 16388K->4K(18432K), 0.0029184 secs] 399222K->382838K(896640K), 0.0029682 secs] [Times: user=0.00 sys=0.00, real=0.01 secs] 
2020-10-28T08:28:49.717+0000: [GC (Allocation Failure) 2020-10-28T08:28:49.717+0000: [ParNew: 16388K->4K(18432K), 0.0026829 secs] 399222K->382838K(896640K), 0.0027283 secs] [Times: user=0.00 sys=0.00, real=0.00 secs] 
2020-10-28T08:28:49.735+0000: [GC (Allocation Failure) 2020-10-28T08:28:49.735+0000: [ParNew: 16388K->4K(18432K), 0.0028202 secs] 399222K->382838K(896640K), 0.0028624 secs] [Times: user=0.00 sys=0.00, real=0.00 secs] 
2020-10-28T08:28:49.754+0000: [GC (Allocation Failure) 2020-10-28T08:28:49.754+0000: [ParNew: 16388K->4K(18432K), 0.0027244 secs] 399222K->382838K(896640K), 0.0027657 secs] [Times: user=0.00 sys=0.00, real=0.00 secs] 
2020-10-28T08:28:49.775+0000: [GC (Allocation Failure) 2020-10-28T08:28:49.775+0000: [ParNew: 16388K->4K(18432K), 0.0029844 secs] 399222K->382838K(896640K), 0.0030377 secs] [Times: user=0.01 sys=0.00, real=0.00 secs] 
2020-10-28T08:28:49.795+0000: [GC (Allocation Failure) 2020-10-28T08:28:49.795+0000: [ParNew: 16388K->4K(18432K), 0.0028844 secs] 399222K->382838K(896640K), 0.0029299 secs] [Times: user=0.01 sys=0.00, real=0.00 secs] 
2020-10-28T08:28:49.814+0000: [GC (Allocation Failure) 2020-10-28T08:28:49.814+0000: [ParNew: 16388K->4K(18432K), 0.0028615 secs] 399222K->382838K(896640K), 0.0029115 secs] [Times: user=0.00 sys=0.00, real=0.00 secs] 
2020-10-28T08:28:49.832+0000: [GC (Allocation Failure) 2020-10-28T08:28:49.832+0000: [ParNew: 16388K->4K(18432K), 0.0027557 secs] 399222K->382838K(896640K), 0.0028029 secs] [Times: user=0.00 sys=0.00, real=0.00 secs] 
2020-10-28T08:28:49.851+0000: [GC (Allocation Failure) 2020-10-28T08:28:49.851+0000: [ParNew: 16388K->4K(18432K), 0.0027929 secs] 399222K->382838K(896640K), 0.0028352 secs] [Times: user=0.00 sys=0.00, real=0.00 secs] 
2020-10-28T08:28:49.870+0000: [GC (Allocation Failure) 2020-10-28T08:28:49.870+0000: [ParNew: 16388K->4K(18432K), 0.0026680 secs] 399222K->382838K(896640K), 0.0027107 secs] [Times: user=0.00 sys=0.00, real=0.00 secs] 
2020-10-28T08:28:49.888+0000: [GC (Allocation Failure) 2020-10-28T08:28:49.889+0000: [ParNew: 16388K->4K(18432K), 0.0026680 secs] 399222K->382839K(896640K), 0.0027093 secs] [Times: user=0.00 sys=0.00, real=0.00 secs] 
2020-10-28T08:28:49.907+0000: [GC (Allocation Failure) 2020-10-28T08:28:49.907+0000: [ParNew: 16388K->4K(18432K), 0.0026265 secs] 399223K->382839K(896640K), 0.0026759 secs] [Times: user=0.00 sys=0.00, real=0.01 secs] 
2020-10-28T08:28:49.926+0000: [GC (Allocation Failure) 2020-10-28T08:28:49.926+0000: [ParNew: 16388K->4K(18432K), 0.0026570 secs] 399223K->382839K(896640K), 0.0026985 secs] [Times: user=0.00 sys=0.00, real=0.01 secs] 
2020-10-28T08:28:49.944+0000: [GC (Allocation Failure) 2020-10-28T08:28:49.944+0000: [ParNew: 16388K->4K(18432K), 0.0027820 secs] 399223K->382839K(896640K), 0.0028282 secs] [Times: user=0.01 sys=0.00, real=0.00 secs] 
2020-10-28T08:28:49.966+0000: [GC (Allocation Failure) 2020-10-28T08:28:49.966+0000: [ParNew: 16388K->4K(18432K), 0.0028134 secs] 399223K->382839K(896640K), 0.0028583 secs] [Times: user=0.01 sys=0.00, real=0.01 secs] 
2020-10-28T08:28:49.985+0000: [GC (Allocation Failure) 2020-10-28T08:28:49.985+0000: [ParNew: 16388K->4K(18432K), 0.0027455 secs] 399223K->382839K(896640K), 0.0028028 secs] [Times: user=0.00 sys=0.00, real=0.00 secs] 
2020-10-28T08:28:50.003+0000: [GC (Allocation Failure) 2020-10-28T08:28:50.003+0000: [ParNew: 16388K->4K(18432K), 0.0026507 secs] 399223K->382839K(896640K), 0.0026939 secs] [Times: user=0.01 sys=0.00, real=0.00 secs] 
2020-10-28T08:28:50.022+0000: [GC (Allocation Failure) 2020-10-28T08:28:50.022+0000: [ParNew: 16388K->4K(18432K), 0.0028682 secs] 399223K->382839K(896640K), 0.0029175 secs] [Times: user=0.01 sys=0.00, real=0.00 secs] 
2020-10-28T08:28:50.041+0000: [GC (Allocation Failure) 2020-10-28T08:28:50.041+0000: [ParNew: 16388K->4K(18432K), 0.0026397 secs] 399223K->382839K(896640K), 0.0026829 secs] [Times: user=0.00 sys=0.00, real=0.00 secs] 
2020-10-28T08:28:50.059+0000: [GC (Allocation Failure) 2020-10-28T08:28:50.059+0000: [ParNew: 16387K->4K(18432K), 0.0026405 secs] 399223K->382839K(896640K), 0.0026825 secs] [Times: user=0.01 sys=0.00, real=0.01 secs] 
2020-10-28T08:28:50.078+0000: [GC (Allocation Failure) 2020-10-28T08:28:50.078+0000: [ParNew: 16388K->4K(18432K), 0.0027617 secs] 399223K->382839K(896640K), 0.0028043 secs] [Times: user=0.01 sys=0.00, real=0.01 secs] 
2020-10-28T08:28:50.096+0000: [GC (Allocation Failure) 2020-10-28T08:28:50.096+0000: [ParNew: 16388K->4K(18432K), 0.0026784 secs] 399223K->382839K(896640K), 0.0027215 secs] [Times: user=0.00 sys=0.00, real=0.00 secs] 
2020-10-28T08:28:50.115+0000: [GC (Allocation Failure) 2020-10-28T08:28:50.115+0000: [ParNew: 16388K->4K(18432K), 0.0027647 secs] 399223K->382839K(896640K), 0.0028078 secs] [Times: user=0.00 sys=0.00, real=0.00 secs] 
2020-10-28T08:28:50.133+0000: [GC (Allocation Failure) 2020-10-28T08:28:50.133+0000: [ParNew: 16388K->4K(18432K), 0.0027272 secs] 399223K->382839K(896640K), 0.0027680 secs] [Times: user=0.00 sys=0.00, real=0.00 secs] 
2020-10-28T08:28:50.151+0000: [GC (Allocation Failure) 2020-10-28T08:28:50.151+0000: [ParNew: 16388K->4K(18432K), 0.0027599 secs] 399223K->382839K(896640K), 0.0028063 secs] [Times: user=0.00 sys=0.00, real=0.00 secs] 
2020-10-28T08:28:50.591+0000: [GC (Allocation Failure) 2020-10-28T08:28:50.591+0000: [ParNew: 16388K->220K(18432K), 0.0033136 secs] 399223K->383055K(896640K), 0.0033609 secs] [Times: user=0.01 sys=0.00, real=0.00 secs] 
2020-10-28T08:28:51.178+0000: [GC (Allocation Failure) 2020-10-28T08:28:51.178+0000: [ParNew: 16604K->747K(18432K), 0.0040058 secs] 399439K->383582K(896640K), 0.0040672 secs] [Times: user=0.01 sys=0.00, real=0.01 secs] 
2020-10-28T08:28:51.319+0000: [GC (Allocation Failure) 2020-10-28T08:28:51.319+0000: [ParNew: 17131K->2047K(18432K), 0.0065841 secs] 399966K->384894K(896640K), 0.0066436 secs] [Times: user=0.01 sys=0.00, real=0.01 secs] 
2020-10-28T08:28:51.425+0000: [GC (Allocation Failure) 2020-10-28T08:28:51.425+0000: [ParNew: 18431K->1091K(18432K), 0.0276227 secs] 401278K->385629K(896640K), 0.0277394 secs] [Times: user=0.06 sys=0.00, real=0.03 secs] 
2020-10-28T08:28:51.500+0000: [GC (Allocation Failure) 2020-10-28T08:28:51.500+0000: [ParNew: 17475K->1007K(18432K), 0.0065564 secs] 402013K->385545K(896640K), 0.0066144 secs] [Times: user=0.01 sys=0.00, real=0.00 secs] 
2020-10-28T08:28:51.555+0000: [GC (Allocation Failure) 2020-10-28T08:28:51.555+0000: [ParNew: 17391K->1113K(18432K), 0.0074213 secs] 401929K->385652K(896640K), 0.0074982 secs] [Times: user=0.01 sys=0.00, real=0.01 secs] 
2020-10-28T08:28:51.604+0000: [GC (Allocation Failure) 2020-10-28T08:28:51.604+0000: [ParNew: 17497K->1201K(18432K), 0.0069290 secs] 402036K->385739K(896640K), 0.0070081 secs] [Times: user=0.01 sys=0.00, real=0.01 secs] 
2020-10-28T08:28:51.661+0000: [GC (Allocation Failure) 2020-10-28T08:28:51.661+0000: [ParNew: 17585K->964K(18432K), 0.0067239 secs] 402123K->385863K(896640K), 0.0067987 secs] [Times: user=0.02 sys=0.00, real=0.01 secs] 
2020-10-28T08:28:51.703+0000: [GC (Allocation Failure) 2020-10-28T08:28:51.703+0000: [ParNew: 17348K->819K(18432K), 0.0071142 secs] 402247K->385718K(896640K), 0.0071924 secs] [Times: user=0.01 sys=0.00, real=0.01 secs] 
2020-10-28T08:28:51.757+0000: [GC (Allocation Failure) 2020-10-28T08:28:51.757+0000: [ParNew: 17203K->1048K(18432K), 0.0032357 secs] 402102K->385946K(896640K), 0.0033051 secs] [Times: user=0.01 sys=0.00, real=0.01 secs] 
2020-10-28T08:28:51.815+0000: [GC (Allocation Failure) 2020-10-28T08:28:51.815+0000: [ParNew: 17432K->5K(18432K), 0.0031763 secs] 402330K->385428K(896640K), 0.0032335 secs] [Times: user=0.00 sys=0.00, real=0.00 secs] 
2020-10-28T08:28:51.852+0000: [GC (Allocation Failure) 2020-10-28T08:28:51.852+0000: [ParNew: 16389K->4K(18432K), 0.0029518 secs] 401812K->385426K(896640K), 0.0030069 secs] [Times: user=0.00 sys=0.00, real=0.00 secs] 
2020-10-28T08:28:51.897+0000: [GC (Allocation Failure) 2020-10-28T08:28:51.897+0000: [ParNew: 16388K->4K(18432K), 0.0029603 secs] 401810K->385426K(896640K), 0.0030139 secs] [Times: user=0.00 sys=0.00, real=0.01 secs] 
2020-10-28T08:28:51.931+0000: [GC (Allocation Failure) 2020-10-28T08:28:51.931+0000: [ParNew: 16388K->1028K(18432K), 0.0032759 secs] 401810K->387474K(896640K), 0.0033327 secs] [Times: user=0.01 sys=0.00, real=0.00 secs] 
2020-10-28T08:28:51.972+0000: [GC (Allocation Failure) 2020-10-28T08:28:51.972+0000: [ParNew: 17412K->4K(18432K), 0.0029838 secs] 403858K->386450K(896640K), 0.0030556 secs] [Times: user=0.01 sys=0.00, real=0.00 secs] 
2020-10-28T08:28:52.000+0000: [GC (Allocation Failure) 2020-10-28T08:28:52.000+0000: [ParNew: 16388K->2K(18432K), 0.0048814 secs] 402834K->386448K(896640K), 0.0049312 secs] [Times: user=0.00 sys=0.00, real=0.00 secs] 
2020-10-28T08:28:52.031+0000: [GC (Allocation Failure) 2020-10-28T08:28:52.031+0000: [ParNew: 16386K->4K(18432K), 0.0030481 secs] 402832K->386450K(896640K), 0.0030993 secs] [Times: user=0.01 sys=0.00, real=0.00 secs] 
2020-10-28T08:28:52.052+0000: [GC (Allocation Failure) 2020-10-28T08:28:52.052+0000: [ParNew: 16388K->4K(18432K), 0.0027444 secs] 402834K->386450K(896640K), 0.0027977 secs] [Times: user=0.01 sys=0.00, real=0.00 secs] 
2020-10-28T08:28:52.077+0000: [GC (Allocation Failure) 2020-10-28T08:28:52.077+0000: [ParNew: 16388K->4K(18432K), 0.0028293 secs] 402834K->386450K(896640K), 0.0028790 secs] [Times: user=0.00 sys=0.00, real=0.01 secs] 
2020-10-28T08:28:52.098+0000: [GC (Allocation Failure) 2020-10-28T08:28:52.098+0000: [ParNew: 16388K->4K(18432K), 0.0027665 secs] 402834K->386450K(896640K), 0.0028140 secs] [Times: user=0.00 sys=0.00, real=0.01 secs] 
2020-10-28T08:28:52.120+0000: [GC (Allocation Failure) 2020-10-28T08:28:52.120+0000: [ParNew: 16388K->4K(18432K), 0.0027174 secs] 402834K->386450K(896640K), 0.0027633 secs] [Times: user=0.00 sys=0.00, real=0.00 secs] 
2020-10-28T08:28:52.140+0000: [GC (Allocation Failure) 2020-10-28T08:28:52.140+0000: [ParNew: 15876K->4K(18432K), 0.0026982 secs] 402323K->386450K(896640K), 0.0027448 secs] [Times: user=0.01 sys=0.00, real=0.00 secs] 
2020-10-28T08:28:52.160+0000: [GC (Allocation Failure) 2020-10-28T08:28:52.160+0000: [ParNew: 16388K->4K(18432K), 0.0030589 secs] 402834K->388498K(896640K), 0.0031054 secs] [Times: user=0.00 sys=0.00, real=0.00 secs] 
2020-10-28T08:28:52.188+0000: [GC (Allocation Failure) 2020-10-28T08:28:52.188+0000: [ParNew: 16388K->4K(18432K), 0.0029564 secs] 404882K->388498K(896640K), 0.0030100 secs] [Times: user=0.01 sys=0.00, real=0.00 secs] 
2020-10-28T08:28:52.212+0000: [GC (Allocation Failure) 2020-10-28T08:28:52.212+0000: [ParNew: 16388K->4K(18432K), 0.0028935 secs] 404882K->388499K(896640K), 0.0029450 secs] [Times: user=0.00 sys=0.00, real=0.00 secs] 
2020-10-28T08:28:52.238+0000: [GC (Allocation Failure) 2020-10-28T08:28:52.238+0000: [ParNew: 16388K->4K(18432K), 0.0028803 secs] 404883K->388499K(896640K), 0.0029507 secs] [Times: user=0.00 sys=0.00, real=0.01 secs] 
2020-10-28T08:28:52.262+0000: [GC (Allocation Failure) 2020-10-28T08:28:52.262+0000: [ParNew: 16388K->4K(18432K), 0.0028605 secs] 404883K->388499K(896640K), 0.0029107 secs] [Times: user=0.00 sys=0.00, real=0.00 secs] 
2020-10-28T08:28:52.292+0000: [GC (Allocation Failure) 2020-10-28T08:28:52.292+0000: [ParNew: 16388K->4K(18432K), 0.0047223 secs] 404883K->388499K(896640K), 0.0047840 secs] [Times: user=0.01 sys=0.00, real=0.00 secs] 
2020-10-28T08:28:52.325+0000: [GC (Allocation Failure) 2020-10-28T08:28:52.325+0000: [ParNew: 16388K->4K(18432K), 0.0029154 secs] 404883K->388499K(896640K), 0.0029665 secs] [Times: user=0.00 sys=0.00, real=0.01 secs] 
2020-10-28T08:28:52.356+0000: [GC (Allocation Failure) 2020-10-28T08:28:52.356+0000: [ParNew: 16388K->4K(18432K), 0.0029636 secs] 404883K->388499K(896640K), 0.0030366 secs] [Times: user=0.01 sys=0.00, real=0.00 secs] 
2020-10-28T08:28:52.384+0000: [GC (Allocation Failure) 2020-10-28T08:28:52.384+0000: [ParNew: 16388K->4K(18432K), 0.0028509 secs] 404883K->388499K(896640K), 0.0029162 secs] [Times: user=0.01 sys=0.00, real=0.00 secs] 
2020-10-28T08:28:52.426+0000: [GC (Allocation Failure) 2020-10-28T08:28:52.426+0000: [ParNew: 16388K->4K(18432K), 0.0029950 secs] 404883K->388499K(896640K), 0.0030684 secs] [Times: user=0.01 sys=0.00, real=0.01 secs] 
2020-10-28T08:28:52.464+0000: [GC (Allocation Failure) 2020-10-28T08:28:52.464+0000: [ParNew: 16388K->4K(18432K), 0.0030246 secs] 404883K->388499K(896640K), 0.0030974 secs] [Times: user=0.01 sys=0.00, real=0.00 secs] 
2020-10-28T08:28:52.500+0000: [GC (Allocation Failure) 2020-10-28T08:28:52.500+0000: [ParNew: 16388K->4K(18432K), 0.0030007 secs] 404883K->388499K(896640K), 0.0030777 secs] [Times: user=0.01 sys=0.00, real=0.00 secs] 
2020-10-28T08:28:52.541+0000: [GC (Allocation Failure) 2020-10-28T08:28:52.541+0000: [ParNew: 16388K->4K(18432K), 0.0061991 secs] 404883K->388499K(896640K), 0.0062690 secs] [Times: user=0.01 sys=0.00, real=0.00 secs] 
2020-10-28T08:28:52.591+0000: [GC (Allocation Failure) 2020-10-28T08:28:52.591+0000: [ParNew: 16388K->4K(18432K), 0.0030231 secs] 404883K->388499K(896640K), 0.0030941 secs] [Times: user=0.00 sys=0.00, real=0.00 secs] 
2020-10-28T08:28:52.624+0000: [GC (Allocation Failure) 2020-10-28T08:28:52.624+0000: [ParNew: 16388K->4K(18432K), 0.0029859 secs] 404883K->388499K(896640K), 0.0030415 secs] [Times: user=0.01 sys=0.00, real=0.00 secs] 
2020-10-28T08:28:52.647+0000: [GC (Allocation Failure) 2020-10-28T08:28:52.647+0000: [ParNew: 16388K->4K(18432K), 0.0028861 secs] 404883K->388499K(896640K), 0.0029307 secs] [Times: user=0.00 sys=0.00, real=0.01 secs] 
2020-10-28T08:28:52.667+0000: [GC (Allocation Failure) 2020-10-28T08:28:52.667+0000: [ParNew: 16388K->4K(18432K), 0.0034136 secs] 404883K->392595K(896640K), 0.0034718 secs] [Times: user=0.00 sys=0.00, real=0.01 secs] 
2020-10-28T08:28:52.689+0000: [GC (Allocation Failure) 2020-10-28T08:28:52.689+0000: [ParNew: 16388K->4K(18432K), 0.0028812 secs] 408979K->392595K(896640K), 0.0029272 secs] [Times: user=0.00 sys=0.00, real=0.00 secs] 
2020-10-28T08:28:52.711+0000: [GC (Allocation Failure) 2020-10-28T08:28:52.711+0000: [ParNew: 16388K->4K(18432K), 0.0028526 secs] 408979K->392595K(896640K), 0.0029008 secs] [Times: user=0.01 sys=0.00, real=0.00 secs] 
2020-10-28T08:28:52.729+0000: [GC (Allocation Failure) 2020-10-28T08:28:52.729+0000: [ParNew: 16388K->4K(18432K), 0.0028215 secs] 408979K->392595K(896640K), 0.0028651 secs] [Times: user=0.01 sys=0.00, real=0.00 secs] 
2020-10-28T08:28:52.747+0000: [GC (Allocation Failure) 2020-10-28T08:28:52.747+0000: [ParNew: 16388K->4K(18432K), 0.0027191 secs] 408979K->392595K(896640K), 0.0027626 secs] [Times: user=0.00 sys=0.00, real=0.01 secs] 
2020-10-28T08:28:52.765+0000: [GC (Allocation Failure) 2020-10-28T08:28:52.765+0000: [ParNew: 16388K->4K(18432K), 0.0028246 secs] 408979K->392595K(896640K), 0.0028678 secs] [Times: user=0.01 sys=0.00, real=0.01 secs] 
2020-10-28T08:28:52.784+0000: [GC (Allocation Failure) 2020-10-28T08:28:52.784+0000: [ParNew: 16388K->4K(18432K), 0.0028567 secs] 408979K->392595K(896640K), 0.0029101 secs] [Times: user=0.01 sys=0.00, real=0.00 secs] 
2020-10-28T08:28:52.804+0000: [GC (Allocation Failure) 2020-10-28T08:28:52.804+0000: [ParNew: 16388K->4K(18432K), 0.0027260 secs] 408979K->392595K(896640K), 0.0027731 secs] [Times: user=0.00 sys=0.00, real=0.00 secs] 
2020-10-28T08:28:52.822+0000: [GC (Allocation Failure) 2020-10-28T08:28:52.822+0000: [ParNew: 16388K->4K(18432K), 0.0029103 secs] 408979K->392595K(896640K), 0.0029578 secs] [Times: user=0.01 sys=0.00, real=0.00 secs] 
2020-10-28T08:28:52.840+0000: [GC (Allocation Failure) 2020-10-28T08:28:52.840+0000: [ParNew: 16388K->4K(18432K), 0.0028205 secs] 408979K->392595K(896640K), 0.0028644 secs] [Times: user=0.00 sys=0.00, real=0.00 secs] 
2020-10-28T08:28:52.857+0000: [GC (Allocation Failure) 2020-10-28T08:28:52.857+0000: [ParNew: 16388K->4K(18432K), 0.0027604 secs] 408979K->392595K(896640K), 0.0028034 secs] [Times: user=0.01 sys=0.00, real=0.01 secs] 
2020-10-28T08:28:52.876+0000: [GC (Allocation Failure) 2020-10-28T08:28:52.876+0000: [ParNew: 16388K->4K(18432K), 0.0026553 secs] 408979K->392595K(896640K), 0.0026995 secs] [Times: user=0.00 sys=0.00, real=0.00 secs] 
2020-10-28T08:28:52.893+0000: [GC (Allocation Failure) 2020-10-28T08:28:52.893+0000: [ParNew: 16388K->4K(18432K), 0.0026922 secs] 408979K->392595K(896640K), 0.0027364 secs] [Times: user=0.01 sys=0.00, real=0.00 secs] 
2020-10-28T08:28:52.911+0000: [GC (Allocation Failure) 2020-10-28T08:28:52.911+0000: [ParNew: 16388K->4K(18432K), 0.0027250 secs] 408979K->392595K(896640K), 0.0027705 secs] [Times: user=0.01 sys=0.00, real=0.00 secs] 
2020-10-28T08:28:52.929+0000: [GC (Allocation Failure) 2020-10-28T08:28:52.929+0000: [ParNew: 16388K->4K(18432K), 0.0026197 secs] 408979K->392595K(896640K), 0.0026634 secs] [Times: user=0.00 sys=0.00, real=0.00 secs] 
2020-10-28T08:28:52.946+0000: [GC (Allocation Failure) 2020-10-28T08:28:52.946+0000: [ParNew: 16388K->4K(18432K), 0.0026887 secs] 408979K->392595K(896640K), 0.0027339 secs] [Times: user=0.00 sys=0.00, real=0.01 secs] 
2020-10-28T08:28:52.963+0000: [GC (Allocation Failure) 2020-10-28T08:28:52.964+0000: [ParNew: 16388K->4K(18432K), 0.0028994 secs] 408979K->392595K(896640K), 0.0029503 secs] [Times: user=0.01 sys=0.00, real=0.00 secs] 
2020-10-28T08:28:52.981+0000: [GC (Allocation Failure) 2020-10-28T08:28:52.981+0000: [ParNew: 16388K->4K(18432K), 0.0028398 secs] 408979K->392595K(896640K), 0.0028870 secs] [Times: user=0.00 sys=0.00, real=0.00 secs] 
2020-10-28T08:28:52.999+0000: [GC (Allocation Failure) 2020-10-28T08:28:52.999+0000: [ParNew: 16388K->4K(18432K), 0.0026822 secs] 408979K->392595K(896640K), 0.0027279 secs] [Times: user=0.01 sys=0.00, real=0.01 secs] 
2020-10-28T08:28:53.017+0000: [GC (Allocation Failure) 2020-10-28T08:28:53.017+0000: [ParNew: 16388K->4K(18432K), 0.0026991 secs] 408979K->392595K(896640K), 0.0027546 secs] [Times: user=0.00 sys=0.00, real=0.00 secs] 
2020-10-28T08:28:53.034+0000: [GC (Allocation Failure) 2020-10-28T08:28:53.034+0000: [ParNew: 16388K->4K(18432K), 0.0027440 secs] 408979K->392595K(896640K), 0.0027892 secs] [Times: user=0.01 sys=0.00, real=0.00 secs] 
2020-10-28T08:28:53.052+0000: [GC (Allocation Failure) 2020-10-28T08:28:53.052+0000: [ParNew: 16388K->4K(18432K), 0.0027081 secs] 408979K->392595K(896640K), 0.0027527 secs] [Times: user=0.00 sys=0.00, real=0.00 secs] 
2020-10-28T08:28:53.072+0000: [GC (Allocation Failure) 2020-10-28T08:28:53.072+0000: [ParNew: 16388K->4K(18432K), 0.0026328 secs] 408979K->392595K(896640K), 0.0026778 secs] [Times: user=0.01 sys=0.00, real=0.00 secs] 
2020-10-28T08:28:53.092+0000: [GC (Allocation Failure) 2020-10-28T08:28:53.092+0000: [ParNew: 16388K->4K(18432K), 0.0026734 secs] 408979K->392595K(896640K), 0.0027174 secs] [Times: user=0.00 sys=0.00, real=0.00 secs] 
2020-10-28T08:28:53.112+0000: [GC (Allocation Failure) 2020-10-28T08:28:53.112+0000: [ParNew: 16388K->4K(18432K), 0.0026755 secs] 408979K->392595K(896640K), 0.0027197 secs] [Times: user=0.01 sys=0.00, real=0.00 secs] 
2020-10-28T08:28:53.129+0000: [GC (Allocation Failure) 2020-10-28T08:28:53.129+0000: [ParNew: 16388K->4K(18432K), 0.0026542 secs] 408979K->392595K(896640K), 0.0026996 secs] [Times: user=0.00 sys=0.00, real=0.00 secs] 
2020-10-28T08:28:53.148+0000: [GC (Allocation Failure) 2020-10-28T08:28:53.148+0000: [ParNew: 16388K->4K(18432K), 0.0026246 secs] 408979K->392595K(896640K), 0.0026706 secs] [Times: user=0.00 sys=0.00, real=0.00 secs] 
2020-10-28T08:28:53.168+0000: [GC (Allocation Failure) 2020-10-28T08:28:53.168+0000: [ParNew: 16388K->4K(18432K), 0.0029025 secs] 408979K->392595K(896640K), 0.0029528 secs] [Times: user=0.01 sys=0.00, real=0.00 secs] 
2020-10-28T08:28:53.185+0000: [GC (Allocation Failure) 2020-10-28T08:28:53.185+0000: [ParNew: 16388K->4K(18432K), 0.0028529 secs] 408979K->392595K(896640K), 0.0029013 secs] [Times: user=0.01 sys=0.00, real=0.01 secs] 
2020-10-28T08:28:53.204+0000: [GC (Allocation Failure) 2020-10-28T08:28:53.204+0000: [ParNew: 16388K->4K(18432K), 0.0028872 secs] 408979K->392595K(896640K), 0.0029366 secs] [Times: user=0.01 sys=0.00, real=0.00 secs] 
2020-10-28T08:28:53.224+0000: [GC (Allocation Failure) 2020-10-28T08:28:53.224+0000: [ParNew: 16388K->4K(18432K), 0.0027384 secs] 408979K->392595K(896640K), 0.0027844 secs] [Times: user=0.00 sys=0.00, real=0.00 secs] 
2020-10-28T08:28:53.242+0000: [GC (Allocation Failure) 2020-10-28T08:28:53.242+0000: [ParNew: 16388K->4K(18432K), 0.0028770 secs] 408979K->392595K(896640K), 0.0029273 secs] [Times: user=0.01 sys=0.00, real=0.00 secs] 
2020-10-28T08:28:53.264+0000: [GC (Allocation Failure) 2020-10-28T08:28:53.264+0000: [ParNew: 16388K->4K(18432K), 0.0026605 secs] 408979K->392595K(896640K), 0.0027059 secs] [Times: user=0.01 sys=0.00, real=0.00 secs] 
2020-10-28T08:28:53.281+0000: [GC (Allocation Failure) 2020-10-28T08:28:53.281+0000: [ParNew: 16388K->4K(18432K), 0.0026561 secs] 408979K->392596K(896640K), 0.0027006 secs] [Times: user=0.00 sys=0.00, real=0.00 secs] 
2020-10-28T08:28:53.299+0000: [GC (Allocation Failure) 2020-10-28T08:28:53.299+0000: [ParNew: 16388K->4K(18432K), 0.0026803 secs] 408980K->392596K(896640K), 0.0027244 secs] [Times: user=0.01 sys=0.00, real=0.01 secs] 
2020-10-28T08:28:53.320+0000: [GC (Allocation Failure) 2020-10-28T08:28:53.320+0000: [ParNew: 16388K->4K(18432K), 0.0026939 secs] 408980K->392596K(896640K), 0.0027389 secs] [Times: user=0.01 sys=0.00, real=0.00 secs] 
2020-10-28T08:28:53.338+0000: [GC (Allocation Failure) 2020-10-28T08:28:53.338+0000: [ParNew: 16388K->4K(18432K), 0.0027414 secs] 408980K->392596K(896640K), 0.0027843 secs] [Times: user=0.01 sys=0.00, real=0.01 secs] 
2020-10-28T08:28:53.356+0000: [GC (Allocation Failure) 2020-10-28T08:28:53.356+0000: [ParNew: 16388K->4K(18432K), 0.0029223 secs] 408980K->392596K(896640K), 0.0029738 secs] [Times: user=0.01 sys=0.00, real=0.00 secs] 
2020-10-28T08:28:53.376+0000: [GC (Allocation Failure) 2020-10-28T08:28:53.376+0000: [ParNew: 16388K->4K(18432K), 0.0028011 secs] 408980K->392596K(896640K), 0.0028445 secs] [Times: user=0.00 sys=0.00, real=0.00 secs] 
2020-10-28T08:28:53.396+0000: [GC (Allocation Failure) 2020-10-28T08:28:53.396+0000: [ParNew: 16388K->4K(18432K), 0.0027510 secs] 408980K->392596K(896640K), 0.0027934 secs] [Times: user=0.01 sys=0.00, real=0.00 secs] 
2020-10-28T08:28:53.416+0000: [GC (Allocation Failure) 2020-10-28T08:28:53.416+0000: [ParNew: 16388K->4K(18432K), 0.0027224 secs] 408980K->392596K(896640K), 0.0027679 secs] [Times: user=0.01 sys=0.00, real=0.00 secs] 
2020-10-28T08:28:53.436+0000: [GC (Allocation Failure) 2020-10-28T08:28:53.436+0000: [ParNew: 16388K->4K(18432K), 0.0027678 secs] 408980K->392596K(896640K), 0.0028121 secs] [Times: user=0.00 sys=0.00, real=0.00 secs] 
2020-10-28T08:28:53.454+0000: [GC (Allocation Failure) 2020-10-28T08:28:53.454+0000: [ParNew: 16388K->4K(18432K), 0.0028049 secs] 408980K->392596K(896640K), 0.0028538 secs] [Times: user=0.01 sys=0.00, real=0.00 secs] 
2020-10-28T08:28:53.472+0000: [GC (Allocation Failure) 2020-10-28T08:28:53.472+0000: [ParNew: 16388K->4K(18432K), 0.0027335 secs] 408980K->392596K(896640K), 0.0027783 secs] [Times: user=0.00 sys=0.00, real=0.00 secs] 
2020-10-28T08:28:53.489+0000: [GC (Allocation Failure) 2020-10-28T08:28:53.489+0000: [ParNew: 16388K->4K(18432K), 0.0027182 secs] 408980K->392596K(896640K), 0.0027638 secs] [Times: user=0.01 sys=0.00, real=0.00 secs] 
2020-10-28T08:28:53.507+0000: [GC (Allocation Failure) 2020-10-28T08:28:53.507+0000: [ParNew: 16388K->4K(18432K), 0.0027287 secs] 408980K->392596K(896640K), 0.0027731 secs] [Times: user=0.00 sys=0.00, real=0.01 secs] 
2020-10-28T08:28:53.527+0000: [GC (Allocation Failure) 2020-10-28T08:28:53.527+0000: [ParNew: 16388K->4K(18432K), 0.0027297 secs] 408980K->392596K(896640K), 0.0027731 secs] [Times: user=0.01 sys=0.00, real=0.01 secs] 
2020-10-28T08:28:53.545+0000: [GC (Allocation Failure) 2020-10-28T08:28:53.545+0000: [ParNew: 16388K->4K(18432K), 0.0027361 secs] 408980K->392596K(896640K), 0.0027793 secs] [Times: user=0.00 sys=0.00, real=0.00 secs] 
2020-10-28T08:28:53.564+0000: [GC (Allocation Failure) 2020-10-28T08:28:53.564+0000: [ParNew: 16388K->4K(18432K), 0.0026421 secs] 408980K->392596K(896640K), 0.0026859 secs] [Times: user=0.01 sys=0.00, real=0.00 secs] 
2020-10-28T08:28:53.581+0000: [GC (Allocation Failure) 2020-10-28T08:28:53.581+0000: [ParNew: 16388K->4K(18432K), 0.0026986 secs] 408980K->392596K(896640K), 0.0027439 secs] [Times: user=0.00 sys=0.00, real=0.00 secs] 
2020-10-28T08:28:53.600+0000: [GC (Allocation Failure) 2020-10-28T08:28:53.600+0000: [ParNew: 16388K->4K(18432K), 0.0027196 secs] 408980K->392596K(896640K), 0.0027644 secs] [Times: user=0.01 sys=0.00, real=0.00 secs] 
2020-10-28T08:28:53.620+0000: [GC (Allocation Failure) 2020-10-28T08:28:53.620+0000: [ParNew: 16388K->4K(18432K), 0.0047002 secs] 408980K->392596K(896640K), 0.0047521 secs] [Times: user=0.01 sys=0.00, real=0.00 secs] 
2020-10-28T08:28:53.643+0000: [GC (Allocation Failure) 2020-10-28T08:28:53.643+0000: [ParNew: 16388K->4K(18432K), 0.0027689 secs] 408980K->392596K(896640K), 0.0028163 secs] [Times: user=0.00 sys=0.00, real=0.00 secs] 
2020-10-28T08:28:53.660+0000: [GC (Allocation Failure) 2020-10-28T08:28:53.660+0000: [ParNew: 16388K->4K(18432K), 0.0027879 secs] 408980K->392596K(896640K), 0.0028338 secs] [Times: user=0.01 sys=0.00, real=0.00 secs] 
2020-10-28T08:28:53.678+0000: [GC (Allocation Failure) 2020-10-28T08:28:53.678+0000: [ParNew: 16388K->4K(18432K), 0.0027818 secs] 408980K->392596K(896640K), 0.0028268 secs] [Times: user=0.00 sys=0.00, real=0.01 secs] 
2020-10-28T08:28:53.699+0000: [GC (Allocation Failure) 2020-10-28T08:28:53.699+0000: [ParNew: 16388K->4K(18432K), 0.0027754 secs] 408980K->392596K(896640K), 0.0028215 secs] [Times: user=0.00 sys=0.00, real=0.01 secs] 
2020-10-28T08:28:53.720+0000: [GC (Allocation Failure) 2020-10-28T08:28:53.720+0000: [ParNew: 16388K->4K(18432K), 0.0028369 secs] 408980K->392596K(896640K), 0.0028967 secs] [Times: user=0.01 sys=0.00, real=0.00 secs] 
2020-10-28T08:28:53.738+0000: [GC (Allocation Failure) 2020-10-28T08:28:53.738+0000: [ParNew: 16388K->4K(18432K), 0.0027830 secs] 408980K->392596K(896640K), 0.0028291 secs] [Times: user=0.00 sys=0.00, real=0.01 secs] 
2020-10-28T08:28:53.755+0000: [GC (Allocation Failure) 2020-10-28T08:28:53.755+0000: [ParNew: 16388K->4K(18432K), 0.0027445 secs] 408980K->392596K(896640K), 0.0027890 secs] [Times: user=0.01 sys=0.00, real=0.00 secs] 
2020-10-28T08:28:53.773+0000: [GC (Allocation Failure) 2020-10-28T08:28:53.773+0000: [ParNew: 16388K->4K(18432K), 0.0027631 secs] 408980K->392596K(896640K), 0.0028164 secs] [Times: user=0.00 sys=0.00, real=0.00 secs] 
2020-10-28T08:28:53.792+0000: [GC (Allocation Failure) 2020-10-28T08:28:53.792+0000: [ParNew: 16388K->4K(18432K), 0.0027431 secs] 408980K->392596K(896640K), 0.0027874 secs] [Times: user=0.01 sys=0.00, real=0.00 secs] 
2020-10-28T08:28:53.810+0000: [GC (Allocation Failure) 2020-10-28T08:28:53.810+0000: [ParNew: 16388K->4K(18432K), 0.0026796 secs] 408980K->392596K(896640K), 0.0027371 secs] [Times: user=0.00 sys=0.00, real=0.00 secs] 
2020-10-28T08:28:53.827+0000: [GC (Allocation Failure) 2020-10-28T08:28:53.827+0000: [ParNew: 16388K->4K(18432K), 0.0027806 secs] 408980K->392596K(896640K), 0.0028282 secs] [Times: user=0.01 sys=0.00, real=0.01 secs] 
2020-10-28T08:28:53.845+0000: [GC (Allocation Failure) 2020-10-28T08:28:53.845+0000: [ParNew: 16388K->4K(18432K), 0.0028086 secs] 408980K->392596K(896640K), 0.0028545 secs] [Times: user=0.00 sys=0.00, real=0.00 secs] 
2020-10-28T08:28:53.862+0000: [GC (Allocation Failure) 2020-10-28T08:28:53.862+0000: [ParNew: 16374K->4K(18432K), 0.0027884 secs] 408967K->392596K(896640K), 0.0028331 secs] [Times: user=0.00 sys=0.00, real=0.00 secs] 
2020-10-28T08:28:53.880+0000: [GC (Allocation Failure) 2020-10-28T08:28:53.880+0000: [ParNew: 16388K->4K(18432K), 0.0026425 secs] 408980K->392596K(896640K), 0.0026869 secs] [Times: user=0.01 sys=0.00, real=0.00 secs] 
2020-10-28T08:28:53.897+0000: [GC (Allocation Failure) 2020-10-28T08:28:53.897+0000: [ParNew: 16388K->4K(18432K), 0.0027666 secs] 408980K->392596K(896640K), 0.0028114 secs] [Times: user=0.00 sys=0.00, real=0.01 secs] 
2020-10-28T08:28:53.915+0000: [GC (Allocation Failure) 2020-10-28T08:28:53.915+0000: [ParNew: 16388K->4K(18432K), 0.0027054 secs] 408980K->392596K(896640K), 0.0027641 secs] [Times: user=0.01 sys=0.00, real=0.00 secs] 
2020-10-28T08:28:53.936+0000: [GC (Allocation Failure) 2020-10-28T08:28:53.936+0000: [ParNew: 16388K->4K(18432K), 0.0026684 secs] 408980K->392596K(896640K), 0.0027133 secs] [Times: user=0.00 sys=0.00, real=0.00 secs] 
2020-10-28T08:28:53.953+0000: [GC (Allocation Failure) 2020-10-28T08:28:53.953+0000: [ParNew: 16388K->4K(18432K), 0.0026797 secs] 408980K->392596K(896640K), 0.0027244 secs] [Times: user=0.01 sys=0.00, real=0.00 secs] 
2020-10-28T08:28:53.972+0000: [GC (Allocation Failure) 2020-10-28T08:28:53.972+0000: [ParNew: 16388K->4K(18432K), 0.0026335 secs] 408980K->392596K(896640K), 0.0026775 secs] [Times: user=0.00 sys=0.00, real=0.00 secs] 
2020-10-28T08:28:53.989+0000: [GC (Allocation Failure) 2020-10-28T08:28:53.989+0000: [ParNew: 16388K->4K(18432K), 0.0027212 secs] 408980K->392596K(896640K), 0.0027659 secs] [Times: user=0.01 sys=0.00, real=0.00 secs] 
2020-10-28T08:28:54.007+0000: [GC (Allocation Failure) 2020-10-28T08:28:54.007+0000: [ParNew: 16388K->4K(18432K), 0.0026895 secs] 408980K->392596K(896640K), 0.0027498 secs] [Times: user=0.00 sys=0.00, real=0.01 secs] 
2020-10-28T08:28:54.028+0000: [GC (Allocation Failure) 2020-10-28T08:28:54.028+0000: [ParNew: 16388K->4K(18432K), 0.0026794 secs] 408980K->392596K(896640K), 0.0027233 secs] [Times: user=0.01 sys=0.00, real=0.00 secs] 
2020-10-28T08:28:54.045+0000: [GC (Allocation Failure) 2020-10-28T08:28:54.045+0000: [ParNew: 16388K->4K(18432K), 0.0027086 secs] 408980K->392596K(896640K), 0.0027507 secs] [Times: user=0.00 sys=0.00, real=0.01 secs] 
2020-10-28T08:28:54.064+0000: [GC (Allocation Failure) 2020-10-28T08:28:54.064+0000: [ParNew: 16388K->4K(18432K), 0.0026774 secs] 408980K->392596K(896640K), 0.0027197 secs] [Times: user=0.01 sys=0.00, real=0.00 secs] 
2020-10-28T08:28:54.084+0000: [GC (Allocation Failure) 2020-10-28T08:28:54.084+0000: [ParNew: 16388K->4K(18432K), 0.0026763 secs] 408980K->392596K(896640K), 0.0027215 secs] [Times: user=0.00 sys=0.00, real=0.00 secs] 
2020-10-28T08:28:54.104+0000: [GC (Allocation Failure) 2020-10-28T08:28:54.104+0000: [ParNew: 16388K->4K(18432K), 0.0026947 secs] 408980K->392596K(896640K), 0.0027406 secs] [Times: user=0.01 sys=0.00, real=0.00 secs] 
2020-10-28T08:28:54.124+0000: [GC (Allocation Failure) 2020-10-28T08:28:54.124+0000: [ParNew: 16388K->6K(18432K), 0.0028793 secs] 408980K->392598K(896640K), 0.0029271 secs] [Times: user=0.01 sys=0.00, real=0.00 secs] 
2020-10-28T08:28:54.142+0000: [GC (Allocation Failure) 2020-10-28T08:28:54.142+0000: [ParNew: 16390K->6K(18432K), 0.0034569 secs] 408982K->392598K(896640K), 0.0035022 secs] [Times: user=0.01 sys=0.00, real=0.00 secs] 
2020-10-28T08:28:54.166+0000: [GC (Allocation Failure) 2020-10-28T08:28:54.166+0000: [ParNew: 16390K->8K(18432K), 0.0029189 secs] 408982K->392601K(896640K), 0.0029668 secs] [Times: user=0.00 sys=0.00, real=0.01 secs] 
2020-10-28T08:28:54.188+0000: [GC (Allocation Failure) 2020-10-28T08:28:54.188+0000: [ParNew: 16392K->6K(18432K), 0.0028160 secs] 408985K->392598K(896640K), 0.0028610 secs] [Times: user=0.01 sys=0.00, real=0.00 secs] 
2020-10-28T08:28:54.205+0000: [GC (Allocation Failure) 2020-10-28T08:28:54.205+0000: [ParNew: 16390K->6K(18432K), 0.0028774 secs] 408982K->392599K(896640K), 0.0029265 secs] [Times: user=0.00 sys=0.01, real=0.01 secs] 
2020-10-28T08:28:54.224+0000: [GC (Allocation Failure) 2020-10-28T08:28:54.224+0000: [ParNew: 16390K->9K(18432K), 0.0026883 secs] 408983K->392601K(896640K), 0.0027338 secs] [Times: user=0.01 sys=0.00, real=0.00 secs] 
2020-10-28T08:28:54.244+0000: [GC (Allocation Failure) 2020-10-28T08:28:54.244+0000: [ParNew: 16393K->4K(18432K), 0.0026908 secs] 408985K->392599K(896640K), 0.0027355 secs] [Times: user=0.01 sys=0.00, real=0.00 secs] 
2020-10-28T08:28:54.261+0000: [GC (Allocation Failure) 2020-10-28T08:28:54.261+0000: [ParNew: 16388K->4K(18432K), 0.0026951 secs] 408983K->392599K(896640K), 0.0027407 secs] [Times: user=0.00 sys=0.00, real=0.00 secs] 
2020-10-28T08:28:54.280+0000: [GC (Allocation Failure) 2020-10-28T08:28:54.280+0000: [ParNew: 16388K->4K(18432K), 0.0026426 secs] 408983K->392599K(896640K), 0.0026882 secs] [Times: user=0.01 sys=0.00, real=0.00 secs] 
2020-10-28T08:28:54.297+0000: [GC (Allocation Failure) 2020-10-28T08:28:54.297+0000: [ParNew: 16388K->4K(18432K), 0.0026222 secs] 408983K->392599K(896640K), 0.0026669 secs] [Times: user=0.01 sys=0.00, real=0.01 secs] 
2020-10-28T08:28:54.319+0000: [GC (Allocation Failure) 2020-10-28T08:28:54.319+0000: [ParNew: 16388K->4K(18432K), 0.0027031 secs] 408983K->392599K(896640K), 0.0027490 secs] [Times: user=0.01 sys=0.00, real=0.01 secs] 
2020-10-28T08:28:54.340+0000: [GC (Allocation Failure) 2020-10-28T08:28:54.340+0000: [ParNew: 16388K->4K(18432K), 0.0026737 secs] 408983K->392599K(896640K), 0.0027187 secs] [Times: user=0.00 sys=0.00, real=0.00 secs] 
2020-10-28T08:28:54.360+0000: [GC (Allocation Failure) 2020-10-28T08:28:54.360+0000: [ParNew: 16388K->4K(18432K), 0.0027961 secs] 408983K->392599K(896640K), 0.0028441 secs] [Times: user=0.01 sys=0.00, real=0.00 secs] 
2020-10-28T08:28:54.380+0000: [GC (Allocation Failure) 2020-10-28T08:28:54.380+0000: [ParNew: 16388K->4K(18432K), 0.0029300 secs] 408983K->392599K(896640K), 0.0029832 secs] [Times: user=0.00 sys=0.00, real=0.00 secs] 
2020-10-28T08:28:54.398+0000: [GC (Allocation Failure) 2020-10-28T08:28:54.398+0000: [ParNew: 16388K->4K(18432K), 0.0027191 secs] 408983K->392599K(896640K), 0.0027657 secs] [Times: user=0.01 sys=0.00, real=0.01 secs] 
2020-10-28T08:28:54.423+0000: [GC (Allocation Failure) 2020-10-28T08:28:54.423+0000: [ParNew: 16388K->4K(18432K), 0.0028571 secs] 408983K->392599K(896640K), 0.0029081 secs] [Times: user=0.00 sys=0.00, real=0.00 secs] 
2020-10-28T08:28:54.442+0000: [GC (Allocation Failure) 2020-10-28T08:28:54.442+0000: [ParNew: 16388K->4K(18432K), 0.0030157 secs] 408983K->392599K(896640K), 0.0030794 secs] [Times: user=0.01 sys=0.00, real=0.00 secs] 
2020-10-28T08:28:54.459+0000: [GC (Allocation Failure) 2020-10-28T08:28:54.460+0000: [ParNew: 16388K->4K(18432K), 0.0026761 secs] 408983K->392599K(896640K), 0.0027563 secs] [Times: user=0.00 sys=0.00, real=0.01 secs] 
2020-10-28T08:28:54.477+0000: [GC (Allocation Failure) 2020-10-28T08:28:54.477+0000: [ParNew: 16388K->4K(18432K), 0.0027166 secs] 408983K->392599K(896640K), 0.0027690 secs] [Times: user=0.01 sys=0.00, real=0.01 secs] 
2020-10-28T08:28:54.496+0000: [GC (Allocation Failure) 2020-10-28T08:28:54.496+0000: [ParNew: 16388K->4K(18432K), 0.0027638 secs] 408983K->392599K(896640K), 0.0028094 secs] [Times: user=0.00 sys=0.00, real=0.00 secs] 
2020-10-28T08:28:54.516+0000: [GC (Allocation Failure) 2020-10-28T08:28:54.516+0000: [ParNew: 16388K->4K(18432K), 0.0027562 secs] 408983K->392599K(896640K), 0.0028013 secs] [Times: user=0.01 sys=0.00, real=0.00 secs] 
2020-10-28T08:28:54.533+0000: [GC (Allocation Failure) 2020-10-28T08:28:54.533+0000: [ParNew: 16388K->4K(18432K), 0.0027611 secs] 408983K->392599K(896640K), 0.0028035 secs] [Times: user=0.00 sys=0.00, real=0.00 secs] 
2020-10-28T08:28:54.552+0000: [GC (Allocation Failure) 2020-10-28T08:28:54.552+0000: [ParNew: 16388K->4K(18432K), 0.0027345 secs] 408983K->392599K(896640K), 0.0027773 secs] [Times: user=0.01 sys=0.00, real=0.00 secs] 
2020-10-28T08:28:54.569+0000: [GC (Allocation Failure) 2020-10-28T08:28:54.569+0000: [ParNew: 16388K->4K(18432K), 0.0027567 secs] 408983K->392599K(896640K), 0.0028001 secs] [Times: user=0.01 sys=0.00, real=0.00 secs] 
2020-10-28T08:28:54.587+0000: [GC (Allocation Failure) 2020-10-28T08:28:54.587+0000: [ParNew: 16388K->4K(18432K), 0.0027753 secs] 408983K->392600K(896640K), 0.0028185 secs] [Times: user=0.01 sys=0.00, real=0.01 secs] 
2020-10-28T08:28:54.605+0000: [GC (Allocation Failure) 2020-10-28T08:28:54.605+0000: [ParNew: 16388K->4K(18432K), 0.0027365 secs] 408984K->392600K(896640K), 0.0027884 secs] [Times: user=0.00 sys=0.00, real=0.00 secs] 
2020-10-28T08:28:54.622+0000: [GC (Allocation Failure) 2020-10-28T08:28:54.622+0000: [ParNew: 16388K->4K(18432K), 0.0028461 secs] 408984K->392600K(896640K), 0.0028945 secs] [Times: user=0.01 sys=0.00, real=0.00 secs] 
2020-10-28T08:28:54.640+0000: [GC (Allocation Failure) 2020-10-28T08:28:54.640+0000: [ParNew: 16388K->4K(18432K), 0.0027462 secs] 408984K->392600K(896640K), 0.0027891 secs] [Times: user=0.00 sys=0.00, real=0.00 secs] 
2020-10-28T08:28:54.660+0000: [GC (Allocation Failure) 2020-10-28T08:28:54.660+0000: [ParNew: 16388K->4K(18432K), 0.0027579 secs] 408984K->392600K(896640K), 0.0028029 secs] [Times: user=0.00 sys=0.00, real=0.00 secs] 
2020-10-28T08:28:54.680+0000: [GC (Allocation Failure) 2020-10-28T08:28:54.680+0000: [ParNew: 16388K->4K(18432K), 0.0027612 secs] 408984K->392600K(896640K), 0.0028044 secs] [Times: user=0.00 sys=0.00, real=0.00 secs] 
2020-10-28T08:28:54.697+0000: [GC (Allocation Failure) 2020-10-28T08:28:54.697+0000: [ParNew: 16388K->4K(18432K), 0.0027277 secs] 408984K->392600K(896640K), 0.0027697 secs] [Times: user=0.01 sys=0.00, real=0.01 secs] 
2020-10-28T08:28:54.716+0000: [GC (Allocation Failure) 2020-10-28T08:28:54.716+0000: [ParNew: 16388K->4K(18432K), 0.0028258 secs] 408984K->392600K(896640K), 0.0028742 secs] [Times: user=0.00 sys=0.00, real=0.00 secs] 
2020-10-28T08:28:54.733+0000: [GC (Allocation Failure) 2020-10-28T08:28:54.733+0000: [ParNew: 16388K->4K(18432K), 0.0028073 secs] 408984K->392600K(896640K), 0.0028523 secs] [Times: user=0.01 sys=0.00, real=0.00 secs] 
2020-10-28T08:28:54.751+0000: [GC (Allocation Failure) 2020-10-28T08:28:54.751+0000: [ParNew: 16388K->4K(18432K), 0.0028346 secs] 408984K->392600K(896640K), 0.0028795 secs] [Times: user=0.00 sys=0.00, real=0.00 secs] 
2020-10-28T08:28:54.769+0000: [GC (Allocation Failure) 2020-10-28T08:28:54.769+0000: [ParNew: 16388K->4K(18432K), 0.0027345 secs] 408984K->392600K(896640K), 0.0027784 secs] [Times: user=0.01 sys=0.00, real=0.00 secs] 
2020-10-28T08:28:54.788+0000: [GC (Allocation Failure) 2020-10-28T08:28:54.788+0000: [ParNew: 16388K->4K(18432K), 0.0026007 secs] 408984K->392600K(896640K), 0.0026449 secs] [Times: user=0.00 sys=0.00, real=0.00 secs] 
2020-10-28T08:28:54.805+0000: [GC (Allocation Failure) 2020-10-28T08:28:54.805+0000: [ParNew: 16388K->4K(18432K), 0.0027242 secs] 408984K->392600K(896640K), 0.0027680 secs] [Times: user=0.01 sys=0.00, real=0.01 secs] 
2020-10-28T08:28:54.823+0000: [GC (Allocation Failure) 2020-10-28T08:28:54.823+0000: [ParNew: 16388K->4K(18432K), 0.0026818 secs] 408984K->392600K(896640K), 0.0027263 secs] [Times: user=0.01 sys=0.00, real=0.00 secs] 
2020-10-28T08:28:54.844+0000: [GC (Allocation Failure) 2020-10-28T08:28:54.844+0000: [ParNew: 16388K->4K(18432K), 0.0028357 secs] 408984K->392600K(896640K), 0.0028855 secs] [Times: user=0.00 sys=0.00, real=0.00 secs] 
2020-10-28T08:28:54.862+0000: [GC (Allocation Failure) 2020-10-28T08:28:54.862+0000: [ParNew: 16388K->4K(18432K), 0.0027858 secs] 408984K->392600K(896640K), 0.0028296 secs] [Times: user=0.01 sys=0.00, real=0.00 secs] 
2020-10-28T08:28:54.879+0000: [GC (Allocation Failure) 2020-10-28T08:28:54.879+0000: [ParNew: 16388K->4K(18432K), 0.0026393 secs] 408984K->392600K(896640K), 0.0026992 secs] [Times: user=0.00 sys=0.00, real=0.01 secs] 
2020-10-28T08:28:54.900+0000: [GC (Allocation Failure) 2020-10-28T08:28:54.900+0000: [ParNew: 16388K->4K(18432K), 0.0027148 secs] 408984K->392600K(896640K), 0.0027602 secs] [Times: user=0.01 sys=0.00, real=0.00 secs] 
2020-10-28T08:28:54.917+0000: [GC (Allocation Failure) 2020-10-28T08:28:54.917+0000: [ParNew: 16388K->4K(18432K), 0.0026286 secs] 408984K->392600K(896640K), 0.0026736 secs] [Times: user=0.00 sys=0.00, real=0.01 secs] 
2020-10-28T08:28:54.936+0000: [GC (Allocation Failure) 2020-10-28T08:28:54.936+0000: [ParNew: 16388K->4K(18432K), 0.0026141 secs] 408984K->392600K(896640K), 0.0026584 secs] [Times: user=0.01 sys=0.00, real=0.00 secs] 
2020-10-28T08:28:54.953+0000: [GC (Allocation Failure) 2020-10-28T08:28:54.953+0000: [ParNew: 16388K->4K(18432K), 0.0026984 secs] 408984K->392600K(896640K), 0.0027429 secs] [Times: user=0.00 sys=0.00, real=0.00 secs] 
2020-10-28T08:28:54.972+0000: [GC (Allocation Failure) 2020-10-28T08:28:54.972+0000: [ParNew: 16388K->4K(18432K), 0.0026758 secs] 408984K->392600K(896640K), 0.0027196 secs] [Times: user=0.00 sys=0.00, real=0.00 secs] 
2020-10-28T08:28:54.992+0000: [GC (Allocation Failure) 2020-10-28T08:28:54.992+0000: [ParNew: 16388K->4K(18432K), 0.0027283 secs] 408984K->392600K(896640K), 0.0027727 secs] [Times: user=0.00 sys=0.00, real=0.00 secs] 
2020-10-28T08:28:55.009+0000: [GC (Allocation Failure) 2020-10-28T08:28:55.010+0000: [ParNew: 16388K->4K(18432K), 0.0027853 secs] 408984K->392600K(896640K), 0.0028291 secs] [Times: user=0.01 sys=0.00, real=0.00 secs] 
2020-10-28T08:28:55.028+0000: [GC (Allocation Failure) 2020-10-28T08:28:55.028+0000: [ParNew: 16388K->4K(18432K), 0.0027639 secs] 408984K->392600K(896640K), 0.0028071 secs] [Times: user=0.01 sys=0.00, real=0.00 secs] 
2020-10-28T08:28:55.048+0000: [GC (Allocation Failure) 2020-10-28T08:28:55.048+0000: [ParNew: 16388K->4K(18432K), 0.0027089 secs] 408984K->392600K(896640K), 0.0027527 secs] [Times: user=0.00 sys=0.00, real=0.00 secs] 
2020-10-28T08:28:55.068+0000: [GC (Allocation Failure) 2020-10-28T08:28:55.068+0000: [ParNew: 16388K->6K(18432K), 0.0027255 secs] 408984K->392602K(896640K), 0.0027695 secs] [Times: user=0.00 sys=0.00, real=0.00 secs] 
2020-10-28T08:28:55.085+0000: [GC (Allocation Failure) 2020-10-28T08:28:55.086+0000: [ParNew: 16390K->4K(18432K), 0.0027817 secs] 408986K->392600K(896640K), 0.0028245 secs] [Times: user=0.01 sys=0.00, real=0.01 secs] 
2020-10-28T08:28:55.104+0000: [GC (Allocation Failure) 2020-10-28T08:28:55.104+0000: [ParNew: 16388K->4K(18432K), 0.0027787 secs] 408984K->392600K(896640K), 0.0028239 secs] [Times: user=0.00 sys=0.00, real=0.00 secs] 
2020-10-28T08:28:55.121+0000: [GC (Allocation Failure) 2020-10-28T08:28:55.121+0000: [ParNew: 16388K->4K(18432K), 0.0026778 secs] 408984K->392600K(896640K), 0.0027214 secs] [Times: user=0.01 sys=0.00, real=0.00 secs] 
2020-10-28T08:28:55.139+0000: [GC (Allocation Failure) 2020-10-28T08:28:55.139+0000: [ParNew: 16388K->4K(18432K), 0.0027082 secs] 408984K->392600K(896640K), 0.0027598 secs] [Times: user=0.01 sys=0.00, real=0.01 secs] 
2020-10-28T08:28:55.156+0000: [GC (Allocation Failure) 2020-10-28T08:28:55.156+0000: [ParNew: 16388K->4K(18432K), 0.0026496 secs] 408984K->392600K(896640K), 0.0026920 secs] [Times: user=0.00 sys=0.00, real=0.00 secs] 
2020-10-28T08:28:55.176+0000: [GC (Allocation Failure) 2020-10-28T08:28:55.176+0000: [ParNew: 16388K->4K(18432K), 0.0026540 secs] 408984K->392600K(896640K), 0.0026978 secs] [Times: user=0.00 sys=0.00, real=0.00 secs] 
2020-10-28T08:28:55.196+0000: [GC (Allocation Failure) 2020-10-28T08:28:55.196+0000: [ParNew: 16388K->4K(18432K), 0.0026531 secs] 408984K->392600K(896640K), 0.0026971 secs] [Times: user=0.00 sys=0.00, real=0.00 secs] 
2020-10-28T08:28:55.213+0000: [GC (Allocation Failure) 2020-10-28T08:28:55.213+0000: [ParNew: 16388K->4K(18432K), 0.0028651 secs] 408984K->392600K(896640K), 0.0029147 secs] [Times: user=0.01 sys=0.00, real=0.00 secs] 
2020-10-28T08:28:55.232+0000: [GC (Allocation Failure) 2020-10-28T08:28:55.232+0000: [ParNew: 16388K->4K(18432K), 0.0026523 secs] 408984K->392600K(896640K), 0.0026980 secs] [Times: user=0.01 sys=0.00, real=0.00 secs] 
2020-10-28T08:28:55.249+0000: [GC (Allocation Failure) 2020-10-28T08:28:55.249+0000: [ParNew: 16388K->4K(18432K), 0.0026520 secs] 408984K->392600K(896640K), 0.0026966 secs] [Times: user=0.01 sys=0.00, real=0.00 secs] 
2020-10-28T08:28:55.267+0000: [GC (Allocation Failure) 2020-10-28T08:28:55.267+0000: [ParNew: 16388K->4K(18432K), 0.0026704 secs] 408984K->392600K(896640K), 0.0027140 secs] [Times: user=0.00 sys=0.00, real=0.01 secs] 
2020-10-28T08:28:55.284+0000: [GC (Allocation Failure) 2020-10-28T08:28:55.284+0000: [ParNew: 16388K->4K(18432K), 0.0026696 secs] 408984K->392600K(896640K), 0.0027155 secs] [Times: user=0.01 sys=0.00, real=0.00 secs] 
2020-10-28T08:28:55.302+0000: [GC (Allocation Failure) 2020-10-28T08:28:55.302+0000: [ParNew: 16388K->4K(18432K), 0.0026222 secs] 408984K->392600K(896640K), 0.0026655 secs] [Times: user=0.01 sys=0.00, real=0.00 secs] 
2020-10-28T08:28:55.319+0000: [GC (Allocation Failure) 2020-10-28T08:28:55.319+0000: [ParNew: 16388K->4K(18432K), 0.0026603 secs] 408984K->392600K(896640K), 0.0027052 secs] [Times: user=0.00 sys=0.00, real=0.01 secs] 
2020-10-28T08:28:55.337+0000: [GC (Allocation Failure) 2020-10-28T08:28:55.337+0000: [ParNew: 16388K->4K(18432K), 0.0027025 secs] 408984K->392600K(896640K), 0.0027440 secs] [Times: user=0.01 sys=0.00, real=0.01 secs] 
2020-10-28T08:28:55.356+0000: [GC (Allocation Failure) 2020-10-28T08:28:55.356+0000: [ParNew: 16388K->4K(18432K), 0.0028613 secs] 408984K->392600K(896640K), 0.0029104 secs] [Times: user=0.01 sys=0.00, real=0.00 secs] 
2020-10-28T08:28:55.376+0000: [GC (Allocation Failure) 2020-10-28T08:28:55.376+0000: [ParNew: 16388K->4K(18432K), 0.0027249 secs] 408984K->392600K(896640K), 0.0027713 secs] [Times: user=0.00 sys=0.00, real=0.00 secs] 
2020-10-28T08:28:55.393+0000: [GC (Allocation Failure) 2020-10-28T08:28:55.393+0000: [ParNew: 16388K->4K(18432K), 0.0026828 secs] 408984K->392600K(896640K), 0.0027261 secs] [Times: user=0.01 sys=0.00, real=0.00 secs] 
2020-10-28T08:28:55.411+0000: [GC (Allocation Failure) 2020-10-28T08:28:55.411+0000: [ParNew: 16388K->4K(18432K), 0.0026878 secs] 408984K->392600K(896640K), 0.0027288 secs] [Times: user=0.00 sys=0.00, real=0.00 secs] 
2020-10-28T08:28:55.428+0000: [GC (Allocation Failure) 2020-10-28T08:28:55.428+0000: [ParNew: 16388K->4K(18432K), 0.0026415 secs] 408984K->392600K(896640K), 0.0026843 secs] [Times: user=0.01 sys=0.00, real=0.00 secs] 
2020-10-28T08:28:55.448+0000: [GC (Allocation Failure) 2020-10-28T08:28:55.448+0000: [ParNew: 16388K->4K(18432K), 0.0026604 secs] 408984K->392600K(896640K), 0.0027042 secs] [Times: user=0.00 sys=0.00, real=0.00 secs] 
2020-10-28T08:28:55.468+0000: [GC (Allocation Failure) 2020-10-28T08:28:55.468+0000: [ParNew: 16388K->4K(18432K), 0.0027014 secs] 408984K->392600K(896640K), 0.0027600 secs] [Times: user=0.00 sys=0.00, real=0.00 secs] 
2020-10-28T08:28:55.488+0000: [GC (Allocation Failure) 2020-10-28T08:28:55.488+0000: [ParNew: 16388K->4K(18432K), 0.0026372 secs] 408984K->392600K(896640K), 0.0026824 secs] [Times: user=0.00 sys=0.00, real=0.00 secs] 
2020-10-28T08:28:55.508+0000: [GC (Allocation Failure) 2020-10-28T08:28:55.508+0000: [ParNew: 16316K->4K(18432K), 0.0026700 secs] 408913K->392600K(896640K), 0.0027151 secs] [Times: user=0.00 sys=0.00, real=0.00 secs] 
2020-10-28T08:28:55.525+0000: [GC (Allocation Failure) 2020-10-28T08:28:55.525+0000: [ParNew: 16388K->4K(18432K), 0.0026438 secs] 408984K->392600K(896640K), 0.0026867 secs] [Times: user=0.01 sys=0.00, real=0.01 secs] 
2020-10-28T08:28:55.543+0000: [GC (Allocation Failure) 2020-10-28T08:28:55.543+0000: [ParNew: 16388K->4K(18432K), 0.0026772 secs] 408984K->392600K(896640K), 0.0027223 secs] [Times: user=0.00 sys=0.00, real=0.00 secs] 
2020-10-28T08:28:55.561+0000: [GC (Allocation Failure) 2020-10-28T08:28:55.561+0000: [ParNew: 16388K->4K(18432K), 0.0027430 secs] 408984K->392600K(896640K), 0.0027899 secs] [Times: user=0.01 sys=0.00, real=0.00 secs] 
2020-10-28T08:28:55.578+0000: [GC (Allocation Failure) 2020-10-28T08:28:55.578+0000: [ParNew: 16388K->4K(18432K), 0.0027067 secs] 408984K->392600K(896640K), 0.0027495 secs] [Times: user=0.00 sys=0.00, real=0.01 secs] 
2020-10-28T08:28:55.600+0000: [GC (Allocation Failure) 2020-10-28T08:28:55.600+0000: [ParNew: 16388K->4K(18432K), 0.0027144 secs] 408984K->392600K(896640K), 0.0027593 secs] [Times: user=0.01 sys=0.00, real=0.00 secs] 
2020-10-28T08:28:55.617+0000: [GC (Allocation Failure) 2020-10-28T08:28:55.617+0000: [ParNew: 16388K->4K(18432K), 0.0028742 secs] 408984K->392600K(896640K), 0.0029245 secs] [Times: user=0.00 sys=0.00, real=0.01 secs] 
2020-10-28T08:28:55.635+0000: [GC (Allocation Failure) 2020-10-28T08:28:55.635+0000: [ParNew: 16388K->4K(18432K), 0.0028570 secs] 408984K->392600K(896640K), 0.0029047 secs] [Times: user=0.01 sys=0.00, real=0.00 secs] 
2020-10-28T08:28:55.655+0000: [GC (Allocation Failure) 2020-10-28T08:28:55.655+0000: [ParNew: 16388K->4K(18432K), 0.0027893 secs] 408984K->392600K(896640K), 0.0028348 secs] [Times: user=0.00 sys=0.00, real=0.00 secs] 
2020-10-28T08:28:55.676+0000: [GC (Allocation Failure) 2020-10-28T08:28:55.676+0000: [ParNew: 16388K->4K(18432K), 0.0027314 secs] 408984K->392600K(896640K), 0.0027757 secs] [Times: user=0.01 sys=0.00, real=0.00 secs] 
2020-10-28T08:28:55.693+0000: [GC (Allocation Failure) 2020-10-28T08:28:55.693+0000: [ParNew: 16388K->4K(18432K), 0.0027178 secs] 408984K->392600K(896640K), 0.0027629 secs] [Times: user=0.00 sys=0.00, real=0.00 secs] 
2020-10-28T08:28:55.712+0000: [GC (Allocation Failure) 2020-10-28T08:28:55.712+0000: [ParNew: 16388K->4K(18432K), 0.0026219 secs] 408984K->392600K(896640K), 0.0026673 secs] [Times: user=0.00 sys=0.00, real=0.00 secs] 
2020-10-28T08:28:55.733+0000: [GC (Allocation Failure) 2020-10-28T08:28:55.733+0000: [ParNew: 16388K->4K(18432K), 0.0029308 secs] 408984K->392600K(896640K), 0.0029812 secs] [Times: user=0.00 sys=0.00, real=0.00 secs] 
2020-10-28T08:28:55.751+0000: [GC (Allocation Failure) 2020-10-28T08:28:55.751+0000: [ParNew: 16388K->4K(18432K), 0.0027076 secs] 408984K->392600K(896640K), 0.0027542 secs] [Times: user=0.01 sys=0.00, real=0.00 secs] 
2020-10-28T08:28:55.772+0000: [GC (Allocation Failure) 2020-10-28T08:28:55.772+0000: [ParNew: 16388K->4K(18432K), 0.0027566 secs] 408984K->392600K(896640K), 0.0028010 secs] [Times: user=0.01 sys=0.00, real=0.00 secs] 
2020-10-28T08:28:55.792+0000: [GC (Allocation Failure) 2020-10-28T08:28:55.792+0000: [ParNew: 16388K->4K(18432K), 0.0028430 secs] 408984K->392600K(896640K), 0.0028852 secs] [Times: user=0.01 sys=0.00, real=0.00 secs] 
2020-10-28T08:28:55.811+0000: [GC (Allocation Failure) 2020-10-28T08:28:55.811+0000: [ParNew: 16388K->4K(18432K), 0.0027408 secs] 408984K->392600K(896640K), 0.0027835 secs] [Times: user=0.00 sys=0.00, real=0.00 secs] 
2020-10-28T08:28:55.832+0000: [GC (Allocation Failure) 2020-10-28T08:28:55.832+0000: [ParNew: 16384K->4K(18432K), 0.0027499 secs] 408981K->392600K(896640K), 0.0027942 secs] [Times: user=0.01 sys=0.00, real=0.00 secs] 
2020-10-28T08:28:55.850+0000: [GC (Allocation Failure) 2020-10-28T08:28:55.850+0000: [ParNew: 16388K->4K(18432K), 0.0030090 secs] 408984K->392600K(896640K), 0.0030593 secs] [Times: user=0.00 sys=0.00, real=0.00 secs] 
2020-10-28T08:28:55.869+0000: [GC (Allocation Failure) 2020-10-28T08:28:55.869+0000: [ParNew: 16388K->4K(18432K), 0.0028910 secs] 408984K->392600K(896640K), 0.0029391 secs] [Times: user=0.01 sys=0.00, real=0.00 secs] 
2020-10-28T08:28:55.888+0000: [GC (Allocation Failure) 2020-10-28T08:28:55.888+0000: [ParNew: 16388K->4K(18432K), 0.0027695 secs] 408984K->392600K(896640K), 0.0028160 secs] [Times: user=0.00 sys=0.00, real=0.00 secs] 
2020-10-28T08:28:55.906+0000: [GC (Allocation Failure) 2020-10-28T08:28:55.906+0000: [ParNew: 16388K->4K(18432K), 0.0027718 secs] 408984K->392600K(896640K), 0.0028148 secs] [Times: user=0.01 sys=0.00, real=0.01 secs] 
2020-10-28T08:28:55.924+0000: [GC (Allocation Failure) 2020-10-28T08:28:55.924+0000: [ParNew: 16388K->4K(18432K), 0.0026213 secs] 408984K->392600K(896640K), 0.0026655 secs] [Times: user=0.01 sys=0.00, real=0.00 secs] 
2020-10-28T08:28:55.941+0000: [GC (Allocation Failure) 2020-10-28T08:28:55.941+0000: [ParNew: 16388K->4K(18432K), 0.0026592 secs] 408984K->392600K(896640K), 0.0027033 secs] [Times: user=0.00 sys=0.00, real=0.00 secs] 
2020-10-28T08:28:55.960+0000: [GC (Allocation Failure) 2020-10-28T08:28:55.960+0000: [ParNew: 16388K->4K(18432K), 0.0027955 secs] 408984K->392600K(896640K), 0.0028428 secs] [Times: user=0.00 sys=0.00, real=0.00 secs] 
2020-10-28T08:28:55.977+0000: [GC (Allocation Failure) 2020-10-28T08:28:55.978+0000: [ParNew: 16388K->4K(18432K), 0.0028102 secs] 408984K->392600K(896640K), 0.0028569 secs] [Times: user=0.01 sys=0.00, real=0.01 secs] 
2020-10-28T08:28:55.995+0000: [GC (Allocation Failure) 2020-10-28T08:28:55.995+0000: [ParNew: 16388K->4K(18432K), 0.0026728 secs] 408984K->392600K(896640K), 0.0027191 secs] [Times: user=0.01 sys=0.00, real=0.00 secs] 
2020-10-28T08:28:56.013+0000: [GC (Allocation Failure) 2020-10-28T08:28:56.013+0000: [ParNew: 16388K->4K(18432K), 0.0028905 secs] 408984K->392600K(896640K), 0.0029413 secs] [Times: user=0.00 sys=0.00, real=0.00 secs] 
2020-10-28T08:28:56.031+0000: [GC (Allocation Failure) 2020-10-28T08:28:56.031+0000: [ParNew: 16388K->4K(18432K), 0.0028206 secs] 408984K->392600K(896640K), 0.0028737 secs] [Times: user=0.01 sys=0.00, real=0.00 secs] 
2020-10-28T08:28:56.048+0000: [GC (Allocation Failure) 2020-10-28T08:28:56.048+0000: [ParNew: 16388K->4K(18432K), 0.0026285 secs] 408984K->392600K(896640K), 0.0026729 secs] [Times: user=0.00 sys=0.00, real=0.00 secs] 
2020-10-28T08:28:56.066+0000: [GC (Allocation Failure) 2020-10-28T08:28:56.066+0000: [ParNew: 16388K->4K(18432K), 0.0027082 secs] 408984K->392600K(896640K), 0.0027606 secs] [Times: user=0.01 sys=0.00, real=0.01 secs] 
2020-10-28T08:28:56.087+0000: [GC (Allocation Failure) 2020-10-28T08:28:56.087+0000: [ParNew: 16388K->4K(18432K), 0.0027036 secs] 408984K->392600K(896640K), 0.0027494 secs] [Times: user=0.00 sys=0.00, real=0.01 secs] 
2020-10-28T08:28:56.105+0000: [GC (Allocation Failure) 2020-10-28T08:28:56.105+0000: [ParNew: 16388K->4K(18432K), 0.0027161 secs] 408984K->392600K(896640K), 0.0027611 secs] [Times: user=0.01 sys=0.00, real=0.01 secs] 
2020-10-28T08:28:56.123+0000: [GC (Allocation Failure) 2020-10-28T08:28:56.123+0000: [ParNew: 16388K->4K(18432K), 0.0026556 secs] 408984K->392600K(896640K), 0.0027006 secs] [Times: user=0.00 sys=0.00, real=0.00 secs] 
2020-10-28T08:28:56.140+0000: [GC (Allocation Failure) 2020-10-28T08:28:56.140+0000: [ParNew: 16388K->4K(18432K), 0.0026942 secs] 408984K->392600K(896640K), 0.0027390 secs] [Times: user=0.01 sys=0.00, real=0.00 secs] 
2020-10-28T08:28:56.158+0000: [GC (Allocation Failure) 2020-10-28T08:28:56.158+0000: [ParNew: 16388K->4K(18432K), 0.0026906 secs] 408984K->392600K(896640K), 0.0027356 secs] [Times: user=0.00 sys=0.00, real=0.01 secs] 
2020-10-28T08:28:56.175+0000: [GC (Allocation Failure) 2020-10-28T08:28:56.175+0000: [ParNew: 16388K->4K(18432K), 0.0027709 secs] 408984K->392600K(896640K), 0.0028289 secs] [Times: user=0.01 sys=0.00, real=0.00 secs] 
2020-10-28T08:28:56.196+0000: [GC (Allocation Failure) 2020-10-28T08:28:56.196+0000: [ParNew: 16388K->4K(18432K), 0.0026889 secs] 408984K->392600K(896640K), 0.0027325 secs] [Times: user=0.00 sys=0.00, real=0.00 secs] 
2020-10-28T08:28:56.216+0000: [GC (Allocation Failure) 2020-10-28T08:28:56.216+0000: [ParNew: 16388K->4K(18432K), 0.0028025 secs] 408984K->392600K(896640K), 0.0028515 secs] [Times: user=0.00 sys=0.00, real=0.00 secs] 
2020-10-28T08:28:56.236+0000: [GC (Allocation Failure) 2020-10-28T08:28:56.236+0000: [ParNew: 16388K->4K(18432K), 0.0027809 secs] 408984K->392600K(896640K), 0.0028263 secs] [Times: user=0.01 sys=0.00, real=0.00 secs] 
2020-10-28T08:28:56.256+0000: [GC (Allocation Failure) 2020-10-28T08:28:56.256+0000: [ParNew: 16388K->4K(18432K), 0.0027320 secs] 408984K->392600K(896640K), 0.0027762 secs] [Times: user=0.00 sys=0.00, real=0.00 secs] 
2020-10-28T08:28:56.273+0000: [GC (Allocation Failure) 2020-10-28T08:28:56.273+0000: [ParNew: 16388K->4K(18432K), 0.0027253 secs] 408984K->392600K(896640K), 0.0027693 secs] [Times: user=0.01 sys=0.00, real=0.00 secs] 
2020-10-28T08:28:56.291+0000: [GC (Allocation Failure) 2020-10-28T08:28:56.291+0000: [ParNew: 16388K->4K(18432K), 0.0027939 secs] 408984K->392600K(896640K), 0.0028429 secs] [Times: user=0.00 sys=0.00, real=0.00 secs] 
2020-10-28T08:28:56.312+0000: [GC (Allocation Failure) 2020-10-28T08:28:56.312+0000: [ParNew: 16388K->4K(18432K), 0.0028281 secs] 408984K->392600K(896640K), 0.0028771 secs] [Times: user=0.01 sys=0.00, real=0.00 secs] 
2020-10-28T08:28:56.332+0000: [GC (Allocation Failure) 2020-10-28T08:28:56.332+0000: [ParNew: 16388K->4K(18432K), 0.0027819 secs] 408984K->392600K(896640K), 0.0028298 secs] [Times: user=0.01 sys=0.00, real=0.00 secs] 
2020-10-28T08:28:56.349+0000: [GC (Allocation Failure) 2020-10-28T08:28:56.349+0000: [ParNew: 16388K->4K(18432K), 0.0027561 secs] 408984K->392600K(896640K), 0.0028037 secs] [Times: user=0.00 sys=0.00, real=0.00 secs] 
2020-10-28T08:28:56.367+0000: [GC (Allocation Failure) 2020-10-28T08:28:56.367+0000: [ParNew: 16388K->4K(18432K), 0.0028335 secs] 408984K->392600K(896640K), 0.0028824 secs] [Times: user=0.01 sys=0.00, real=0.01 secs] 
2020-10-28T08:28:56.385+0000: [GC (Allocation Failure) 2020-10-28T08:28:56.385+0000: [ParNew: 16388K->4K(18432K), 0.0026929 secs] 408984K->392600K(896640K), 0.0027518 secs] [Times: user=0.00 sys=0.00, real=0.01 secs] 
2020-10-28T08:28:56.402+0000: [GC (Allocation Failure) 2020-10-28T08:28:56.402+0000: [ParNew: 16388K->4K(18432K), 0.0027176 secs] 408984K->392600K(896640K), 0.0027627 secs] [Times: user=0.01 sys=0.00, real=0.00 secs] 
2020-10-28T08:28:56.420+0000: [GC (Allocation Failure) 2020-10-28T08:28:56.420+0000: [ParNew: 16388K->4K(18432K), 0.0027030 secs] 408984K->392600K(896640K), 0.0027474 secs] [Times: user=0.00 sys=0.00, real=0.00 secs] 
2020-10-28T08:28:56.440+0000: [GC (Allocation Failure) 2020-10-28T08:28:56.440+0000: [ParNew: 16388K->4K(18432K), 0.0028417 secs] 408984K->392600K(896640K), 0.0028903 secs] [Times: user=0.01 sys=0.00, real=0.00 secs] 
2020-10-28T08:28:56.460+0000: [GC (Allocation Failure) 2020-10-28T08:28:56.460+0000: [ParNew: 16388K->4K(18432K), 0.0028117 secs] 408984K->392600K(896640K), 0.0028588 secs] [Times: user=0.00 sys=0.00, real=0.00 secs] 
2020-10-28T08:28:56.477+0000: [GC (Allocation Failure) 2020-10-28T08:28:56.477+0000: [ParNew: 16388K->4K(18432K), 0.0026691 secs] 408984K->392600K(896640K), 0.0027127 secs] [Times: user=0.01 sys=0.00, real=0.01 secs] 
2020-10-28T08:28:56.496+0000: [GC (Allocation Failure) 2020-10-28T08:28:56.496+0000: [ParNew: 16388K->4K(18432K), 0.0027370 secs] 408984K->392600K(896640K), 0.0027833 secs] [Times: user=0.00 sys=0.00, real=0.00 secs] 
2020-10-28T08:28:56.513+0000: [GC (Allocation Failure) 2020-10-28T08:28:56.513+0000: [ParNew: 16388K->4K(18432K), 0.0027061 secs] 408984K->392600K(896640K), 0.0027510 secs] [Times: user=0.01 sys=0.00, real=0.00 secs] 
2020-10-28T08:28:56.531+0000: [GC (Allocation Failure) 2020-10-28T08:28:56.531+0000: [ParNew: 16388K->4K(18432K), 0.0027645 secs] 408984K->392600K(896640K), 0.0028069 secs] [Times: user=0.00 sys=0.00, real=0.00 secs] 
2020-10-28T08:28:56.548+0000: [GC (Allocation Failure) 2020-10-28T08:28:56.548+0000: [ParNew: 16388K->4K(18432K), 0.0027019 secs] 408984K->392600K(896640K), 0.0027458 secs] [Times: user=0.01 sys=0.00, real=0.00 secs] 
2020-10-28T08:28:56.566+0000: [GC (Allocation Failure) 2020-10-28T08:28:56.566+0000: [ParNew: 16388K->4K(18432K), 0.0027290 secs] 408984K->392600K(896640K), 0.0027719 secs] [Times: user=0.00 sys=0.00, real=0.01 secs] 
2020-10-28T08:28:56.587+0000: [GC (Allocation Failure) 2020-10-28T08:28:56.588+0000: [ParNew: 16388K->4K(18432K), 0.0028359 secs] 408984K->392600K(896640K), 0.0028828 secs] [Times: user=0.01 sys=0.00, real=0.01 secs] 
2020-10-28T08:28:56.609+0000: [GC (Allocation Failure) 2020-10-28T08:28:56.609+0000: [ParNew: 16388K->4K(18432K), 0.0027318 secs] 408984K->392600K(896640K), 0.0027777 secs] [Times: user=0.01 sys=0.00, real=0.00 secs] 
2020-10-28T08:28:56.628+0000: [GC (Allocation Failure) 2020-10-28T08:28:56.628+0000: [ParNew: 16388K->4K(18432K), 0.0028125 secs] 408984K->392600K(896640K), 0.0028611 secs] [Times: user=0.00 sys=0.00, real=0.00 secs] 
2020-10-28T08:28:56.646+0000: [GC (Allocation Failure) 2020-10-28T08:28:56.646+0000: [ParNew: 16388K->4K(18432K), 0.0027818 secs] 408984K->392600K(896640K), 0.0028278 secs] [Times: user=0.00 sys=0.00, real=0.01 secs] 
2020-10-28T08:28:56.663+0000: [GC (Allocation Failure) 2020-10-28T08:28:56.663+0000: [ParNew: 16388K->4K(18432K), 0.0026713 secs] 408984K->392600K(896640K), 0.0027164 secs] [Times: user=0.01 sys=0.00, real=0.00 secs] 
2020-10-28T08:28:56.681+0000: [GC (Allocation Failure) 2020-10-28T08:28:56.681+0000: [ParNew: 16388K->4K(18432K), 0.0028879 secs] 408984K->392600K(896640K), 0.0029397 secs] [Times: user=0.00 sys=0.00, real=0.00 secs] 
2020-10-28T08:28:56.698+0000: [GC (Allocation Failure) 2020-10-28T08:28:56.698+0000: [ParNew: 16388K->4K(18432K), 0.0027059 secs] 408984K->392600K(896640K), 0.0027499 secs] [Times: user=0.01 sys=0.00, real=0.01 secs] 
2020-10-28T08:28:56.716+0000: [GC (Allocation Failure) 2020-10-28T08:28:56.716+0000: [ParNew: 16388K->4K(18432K), 0.0026711 secs] 408984K->392600K(896640K), 0.0027138 secs] [Times: user=0.00 sys=0.00, real=0.00 secs] 
2020-10-28T08:28:56.736+0000: [GC (Allocation Failure) 2020-10-28T08:28:56.736+0000: [ParNew: 16388K->4K(18432K), 0.0028315 secs] 408984K->392600K(896640K), 0.0028811 secs] [Times: user=0.01 sys=0.00, real=0.00 secs] 
2020-10-28T08:28:56.755+0000: [GC (Allocation Failure) 2020-10-28T08:28:56.755+0000: [ParNew: 16388K->4K(18432K), 0.0030395 secs] 408984K->392600K(896640K), 0.0030937 secs] [Times: user=0.00 sys=0.00, real=0.00 secs] 
2020-10-28T08:28:56.776+0000: [GC (Allocation Failure) 2020-10-28T08:28:56.776+0000: [ParNew: 16388K->4K(18432K), 0.0027938 secs] 408984K->392600K(896640K), 0.0028404 secs] [Times: user=0.00 sys=0.00, real=0.00 secs] 
2020-10-28T08:28:56.796+0000: [GC (Allocation Failure) 2020-10-28T08:28:56.796+0000: [ParNew: 16388K->4K(18432K), 0.0029925 secs] 408984K->392600K(896640K), 0.0030548 secs] [Times: user=0.01 sys=0.00, real=0.00 secs] 
2020-10-28T08:28:56.816+0000: [GC (Allocation Failure) 2020-10-28T08:28:56.816+0000: [ParNew: 16388K->4K(18432K), 0.0026796 secs] 408984K->392600K(896640K), 0.0027268 secs] [Times: user=0.00 sys=0.00, real=0.00 secs] 
2020-10-28T08:28:56.836+0000: [GC (Allocation Failure) 2020-10-28T08:28:56.836+0000: [ParNew: 16388K->4K(18432K), 0.0026654 secs] 408984K->392600K(896640K), 0.0027114 secs] [Times: user=0.01 sys=0.00, real=0.00 secs] 
2020-10-28T08:28:56.856+0000: [GC (Allocation Failure) 2020-10-28T08:28:56.856+0000: [ParNew: 16388K->4K(18432K), 0.0028262 secs] 408984K->392600K(896640K), 0.0028748 secs] [Times: user=0.00 sys=0.00, real=0.00 secs] 
2020-10-28T08:28:56.874+0000: [GC (Allocation Failure) 2020-10-28T08:28:56.874+0000: [ParNew: 16388K->4K(18432K), 0.0028133 secs] 408984K->392600K(896640K), 0.0028689 secs] [Times: user=0.01 sys=0.00, real=0.00 secs] 
2020-10-28T08:28:56.891+0000: [GC (Allocation Failure) 2020-10-28T08:28:56.891+0000: [ParNew: 16388K->4K(18432K), 0.0027114 secs] 408984K->392600K(896640K), 0.0027552 secs] [Times: user=0.00 sys=0.00, real=0.00 secs] 
2020-10-28T08:28:56.911+0000: [GC (Allocation Failure) 2020-10-28T08:28:56.911+0000: [ParNew: 16388K->4K(18432K), 0.0029176 secs] 408984K->392601K(896640K), 0.0029865 secs] [Times: user=0.00 sys=0.00, real=0.00 secs] 
2020-10-28T08:28:56.932+0000: [GC (Allocation Failure) 2020-10-28T08:28:56.932+0000: [ParNew: 16388K->4K(18432K), 0.0027953 secs] 408985K->392601K(896640K), 0.0028421 secs] [Times: user=0.01 sys=0.00, real=0.00 secs] 
2020-10-28T08:28:56.949+0000: [GC (Allocation Failure) 2020-10-28T08:28:56.949+0000: [ParNew: 16388K->4K(18432K), 0.0027605 secs] 408985K->392601K(896640K), 0.0028058 secs] [Times: user=0.00 sys=0.00, real=0.00 secs] 
2020-10-28T08:28:56.967+0000: [GC (Allocation Failure) 2020-10-28T08:28:56.967+0000: [ParNew: 16388K->4K(18432K), 0.0026975 secs] 408985K->392601K(896640K), 0.0027511 secs] [Times: user=0.01 sys=0.00, real=0.01 secs] 
2020-10-28T08:28:56.985+0000: [GC (Allocation Failure) 2020-10-28T08:28:56.985+0000: [ParNew: 16388K->4K(18432K), 0.0027018 secs] 408985K->392601K(896640K), 0.0027484 secs] [Times: user=0.00 sys=0.00, real=0.00 secs] 
2020-10-28T08:28:57.004+0000: [GC (Allocation Failure) 2020-10-28T08:28:57.004+0000: [ParNew: 16388K->4K(18432K), 0.0027079 secs] 408985K->392601K(896640K), 0.0027523 secs] [Times: user=0.00 sys=0.00, real=0.00 secs] 
2020-10-28T08:28:57.021+0000: [GC (Allocation Failure) 2020-10-28T08:28:57.021+0000: [ParNew: 16388K->4K(18432K), 0.0027534 secs] 408985K->392601K(896640K), 0.0027965 secs] [Times: user=0.01 sys=0.00, real=0.00 secs] 
2020-10-28T08:28:57.042+0000: [GC (Allocation Failure) 2020-10-28T08:28:57.042+0000: [ParNew: 16388K->4K(18432K), 0.0027456 secs] 408985K->392601K(896640K), 0.0027884 secs] [Times: user=0.00 sys=0.00, real=0.00 secs] 
2020-10-28T08:28:57.060+0000: [GC (Allocation Failure) 2020-10-28T08:28:57.060+0000: [ParNew: 16388K->4K(18432K), 0.0026027 secs] 408985K->392601K(896640K), 0.0026484 secs] [Times: user=0.01 sys=0.00, real=0.00 secs] 
2020-10-28T08:28:57.080+0000: [GC (Allocation Failure) 2020-10-28T08:28:57.080+0000: [ParNew: 16388K->4K(18432K), 0.0026305 secs] 408985K->392601K(896640K), 0.0026727 secs] [Times: user=0.00 sys=0.00, real=0.00 secs] 
2020-10-28T08:28:57.097+0000: [GC (Allocation Failure) 2020-10-28T08:28:57.097+0000: [ParNew: 16388K->4K(18432K), 0.0026746 secs] 408985K->392601K(896640K), 0.0027190 secs] [Times: user=0.01 sys=0.00, real=0.01 secs] 
2020-10-28T08:28:57.116+0000: [GC (Allocation Failure) 2020-10-28T08:28:57.116+0000: [ParNew: 16388K->4K(18432K), 0.0027023 secs] 408985K->392601K(896640K), 0.0027473 secs] [Times: user=0.01 sys=0.00, real=0.00 secs] 
2020-10-28T08:28:57.133+0000: [GC (Allocation Failure) 2020-10-28T08:28:57.133+0000: [ParNew: 16388K->4K(18432K), 0.0026794 secs] 408985K->392601K(896640K), 0.0027232 secs] [Times: user=0.00 sys=0.00, real=0.00 secs] 
2020-10-28T08:28:57.151+0000: [GC (Allocation Failure) 2020-10-28T08:28:57.151+0000: [ParNew: 16388K->4K(18432K), 0.0026620 secs] 408985K->392601K(896640K), 0.0027062 secs] [Times: user=0.01 sys=0.00, real=0.00 secs] 
2020-10-28T08:28:57.172+0000: [GC (Allocation Failure) 2020-10-28T08:28:57.172+0000: [ParNew: 16388K->4K(18432K), 0.0026413 secs] 408985K->392601K(896640K), 0.0026858 secs] [Times: user=0.01 sys=0.00, real=0.00 secs] 
2020-10-28T08:28:57.192+0000: [GC (Allocation Failure) 2020-10-28T08:28:57.192+0000: [ParNew: 16388K->4K(18432K), 0.0026866 secs] 408985K->392601K(896640K), 0.0027311 secs] [Times: user=0.01 sys=0.00, real=0.00 secs] 
2020-10-28T08:28:57.212+0000: [GC (Allocation Failure) 2020-10-28T08:28:57.212+0000: [ParNew: 16388K->4K(18432K), 0.0026453 secs] 408985K->392601K(896640K), 0.0026905 secs] [Times: user=0.00 sys=0.00, real=0.00 secs] 
2020-10-28T08:28:57.232+0000: [GC (Allocation Failure) 2020-10-28T08:28:57.232+0000: [ParNew: 16388K->4K(18432K), 0.0028936 secs] 408985K->392601K(896640K), 0.0029452 secs] [Times: user=0.00 sys=0.00, real=0.00 secs] 
2020-10-28T08:28:57.250+0000: [GC (Allocation Failure) 2020-10-28T08:28:57.250+0000: [ParNew: 16388K->4K(18432K), 0.0027246 secs] 408985K->392601K(896640K), 0.0027752 secs] [Times: user=0.01 sys=0.00, real=0.00 secs] 
2020-10-28T08:28:57.267+0000: [GC (Allocation Failure) 2020-10-28T08:28:57.267+0000: [ParNew: 16388K->4K(18432K), 0.0027052 secs] 408985K->392601K(896640K), 0.0027489 secs] [Times: user=0.01 sys=0.00, real=0.01 secs] 
2020-10-28T08:28:57.285+0000: [GC (Allocation Failure) 2020-10-28T08:28:57.285+0000: [ParNew: 16388K->4K(18432K), 0.0027260 secs] 408985K->392601K(896640K), 0.0027696 secs] [Times: user=0.00 sys=0.00, real=0.00 secs] 
2020-10-28T08:28:57.302+0000: [GC (Allocation Failure) 2020-10-28T08:28:57.302+0000: [ParNew: 16388K->4K(18432K), 0.0026829 secs] 408985K->392601K(896640K), 0.0027361 secs] [Times: user=0.00 sys=0.00, real=0.00 secs] 
2020-10-28T08:28:57.320+0000: [GC (Allocation Failure) 2020-10-28T08:28:57.320+0000: [ParNew: 16388K->4K(18432K), 0.0026904 secs] 408985K->392601K(896640K), 0.0027327 secs] [Times: user=0.01 sys=0.00, real=0.00 secs] 
2020-10-28T08:28:57.337+0000: [GC (Allocation Failure) 2020-10-28T08:28:57.337+0000: [ParNew: 16388K->4K(18432K), 0.0027142 secs] 408985K->392601K(896640K), 0.0027542 secs] [Times: user=0.00 sys=0.00, real=0.01 secs] 
2020-10-28T08:28:57.355+0000: [GC (Allocation Failure) 2020-10-28T08:28:57.355+0000: [ParNew: 16388K->4K(18432K), 0.0027542 secs] 408985K->392601K(896640K), 0.0027989 secs] [Times: user=0.01 sys=0.00, real=0.00 secs] 
2020-10-28T08:28:57.372+0000: [GC (Allocation Failure) 2020-10-28T08:28:57.372+0000: [ParNew: 16388K->4K(18432K), 0.0027831 secs] 408985K->392601K(896640K), 0.0028306 secs] [Times: user=0.01 sys=0.00, real=0.00 secs] 
2020-10-28T08:28:57.392+0000: [GC (Allocation Failure) 2020-10-28T08:28:57.392+0000: [ParNew: 15516K->4K(18432K), 0.0027498 secs] 408114K->392601K(896640K), 0.0027933 secs] [Times: user=0.00 sys=0.00, real=0.00 secs] 
2020-10-28T08:28:57.403+0000: [GC (Allocation Failure) 2020-10-28T08:28:57.403+0000: [ParNew: 16388K->4K(18432K), 0.0035482 secs] 408985K->400793K(896640K), 0.0035984 secs] [Times: user=0.01 sys=0.00, real=0.00 secs] 
2020-10-28T08:28:57.425+0000: [GC (Allocation Failure) 2020-10-28T08:28:57.425+0000: [ParNew: 16388K->4K(18432K), 0.0030402 secs] 417177K->400793K(896640K), 0.0031174 secs] [Times: user=0.01 sys=0.00, real=0.01 secs] 
2020-10-28T08:28:57.446+0000: [GC (Allocation Failure) 2020-10-28T08:28:57.447+0000: [ParNew: 16381K->4K(18432K), 0.0030673 secs] 417171K->400793K(896640K), 0.0031214 secs] [Times: user=0.01 sys=0.00, real=0.01 secs] 
2020-10-28T08:28:57.460+0000: [GC (Allocation Failure) 2020-10-28T08:28:57.460+0000: [ParNew: 11796K->4K(18432K), 0.0030342 secs] 412585K->400793K(896640K), 0.0030883 secs] [Times: user=0.01 sys=0.00, real=0.00 secs] 
2020-10-28T08:28:57.476+0000: [GC (Allocation Failure) 2020-10-28T08:28:57.476+0000: [ParNew: 16388K->4K(18432K), 0.0039803 secs] 417177K->408985K(896640K), 0.0040350 secs] [Times: user=0.01 sys=0.00, real=0.01 secs] 
2020-10-28T08:28:57.495+0000: [GC (Allocation Failure) 2020-10-28T08:28:57.495+0000: [ParNew: 16388K->4K(18432K), 0.0029995 secs] 425369K->408985K(896640K), 0.0030588 secs] [Times: user=0.01 sys=0.00, real=0.00 secs] 
2020-10-28T08:28:57.515+0000: [GC (Allocation Failure) 2020-10-28T08:28:57.515+0000: [ParNew: 16388K->4K(18432K), 0.0027864 secs] 425369K->408985K(896640K), 0.0028341 secs] [Times: user=0.00 sys=0.00, real=0.00 secs] 
2020-10-28T08:28:57.533+0000: [GC (Allocation Failure) 2020-10-28T08:28:57.533+0000: [ParNew: 16388K->4K(18432K), 0.0026828 secs] 425369K->408985K(896640K), 0.0027296 secs] [Times: user=0.00 sys=0.00, real=0.00 secs] 
2020-10-28T08:28:57.552+0000: [GC (Allocation Failure) 2020-10-28T08:28:57.552+0000: [ParNew: 16388K->4K(18432K), 0.0026374 secs] 425369K->408985K(896640K), 0.0026793 secs] [Times: user=0.01 sys=0.00, real=0.00 secs] 
2020-10-28T08:28:57.569+0000: [GC (Allocation Failure) 2020-10-28T08:28:57.569+0000: [ParNew: 16388K->4K(18432K), 0.0027374 secs] 425369K->408985K(896640K), 0.0027812 secs] [Times: user=0.00 sys=0.00, real=0.00 secs] 
2020-10-28T08:28:57.588+0000: [GC (Allocation Failure) 2020-10-28T08:28:57.588+0000: [ParNew: 16388K->4K(18432K), 0.0027618 secs] 425369K->408985K(896640K), 0.0028061 secs] [Times: user=0.01 sys=0.00, real=0.00 secs] 
2020-10-28T08:28:57.608+0000: [GC (Allocation Failure) 2020-10-28T08:28:57.608+0000: [ParNew: 16388K->4K(18432K), 0.0027780 secs] 425369K->408985K(896640K), 0.0028321 secs] [Times: user=0.00 sys=0.00, real=0.00 secs] 
2020-10-28T08:28:57.625+0000: [GC (Allocation Failure) 2020-10-28T08:28:57.625+0000: [ParNew: 16388K->4K(18432K), 0.0027366 secs] 425369K->408985K(896640K), 0.0027818 secs] [Times: user=0.00 sys=0.00, real=0.01 secs] 
2020-10-28T08:28:57.644+0000: [GC (Allocation Failure) 2020-10-28T08:28:57.644+0000: [ParNew: 16388K->4K(18432K), 0.0028986 secs] 425369K->408985K(896640K), 0.0029482 secs] [Times: user=0.01 sys=0.00, real=0.00 secs] 
2020-10-28T08:28:57.662+0000: [GC (Allocation Failure) 2020-10-28T08:28:57.662+0000: [ParNew: 16388K->4K(18432K), 0.0027934 secs] 425369K->408985K(896640K), 0.0028460 secs] [Times: user=0.00 sys=0.00, real=0.00 secs] 
2020-10-28T08:28:57.679+0000: [GC (Allocation Failure) 2020-10-28T08:28:57.679+0000: [ParNew: 16388K->4K(18432K), 0.0027830 secs] 425369K->408985K(896640K), 0.0028322 secs] [Times: user=0.01 sys=0.00, real=0.01 secs] 
2020-10-28T08:28:57.697+0000: [GC (Allocation Failure) 2020-10-28T08:28:57.697+0000: [ParNew: 16388K->4K(18432K), 0.0039162 secs] 425369K->408985K(896640K), 0.0039595 secs] [Times: user=0.00 sys=0.00, real=0.01 secs] 
2020-10-28T08:28:57.719+0000: [GC (Allocation Failure) 2020-10-28T08:28:57.719+0000: [ParNew: 16388K->4K(18432K), 0.0028450 secs] 425369K->408985K(896640K), 0.0028917 secs] [Times: user=0.00 sys=0.00, real=0.01 secs] 
2020-10-28T08:28:57.740+0000: [GC (Allocation Failure) 2020-10-28T08:28:57.740+0000: [ParNew: 16388K->4K(18432K), 0.0028079 secs] 425369K->408985K(896640K), 0.0028565 secs] [Times: user=0.01 sys=0.00, real=0.00 secs] 
2020-10-28T08:28:57.760+0000: [GC (Allocation Failure) 2020-10-28T08:28:57.760+0000: [ParNew: 16388K->4K(18432K), 0.0027305 secs] 425369K->408985K(896640K), 0.0027777 secs] [Times: user=0.01 sys=0.00, real=0.00 secs] 
2020-10-28T08:28:57.777+0000: [GC (Allocation Failure) 2020-10-28T08:28:57.777+0000: [ParNew: 16388K->4K(18432K), 0.0026539 secs] 425369K->408985K(896640K), 0.0026993 secs] [Times: user=0.01 sys=0.00, real=0.01 secs] 
2020-10-28T08:28:57.796+0000: [GC (Allocation Failure) 2020-10-28T08:28:57.796+0000: [ParNew: 16388K->4K(18432K), 0.0026490 secs] 425369K->408985K(896640K), 0.0026939 secs] [Times: user=0.01 sys=0.00, real=0.00 secs] 
2020-10-28T08:28:57.813+0000: [GC (Allocation Failure) 2020-10-28T08:28:57.813+0000: [ParNew: 16388K->4K(18432K), 0.0027475 secs] 425369K->408985K(896640K), 0.0027922 secs] [Times: user=0.00 sys=0.00, real=0.00 secs] 
2020-10-28T08:28:57.831+0000: [GC (Allocation Failure) 2020-10-28T08:28:57.831+0000: [ParNew: 16388K->4K(18432K), 0.0027338 secs] 425369K->408985K(896640K), 0.0027783 secs] [Times: user=0.01 sys=0.00, real=0.00 secs] 
2020-10-28T08:28:57.848+0000: [GC (Allocation Failure) 2020-10-28T08:28:57.848+0000: [ParNew: 16388K->4K(18432K), 0.0028511 secs] 425369K->408985K(896640K), 0.0029239 secs] [Times: user=0.01 sys=0.01, real=0.00 secs] 
2020-10-28T08:28:57.868+0000: [GC (Allocation Failure) 2020-10-28T08:28:57.868+0000: [ParNew: 16388K->4K(18432K), 0.0027900 secs] 425369K->408985K(896640K), 0.0028381 secs] [Times: user=0.00 sys=0.00, real=0.00 secs] 
2020-10-28T08:28:57.885+0000: [GC (Allocation Failure) 2020-10-28T08:28:57.886+0000: [ParNew: 16388K->4K(18432K), 0.0026812 secs] 425369K->408985K(896640K), 0.0027259 secs] [Times: user=0.01 sys=0.00, real=0.01 secs] 
2020-10-28T08:28:57.900+0000: [GC (Allocation Failure) 2020-10-28T08:28:57.900+0000: [ParNew: 13492K->4K(18432K), 0.0025178 secs] 422474K->408985K(896640K), 0.0025600 secs] [Times: user=0.00 sys=0.00, real=0.00 secs] 
2020-10-28T08:28:57.912+0000: [GC (Allocation Failure) 2020-10-28T08:28:57.912+0000: [ParNew: 16388K->4K(18432K), 0.0034507 secs] 425369K->417177K(896640K), 0.0035054 secs] [Times: user=0.01 sys=0.00, real=0.00 secs] 
2020-10-28T08:28:57.930+0000: [GC (Allocation Failure) 2020-10-28T08:28:57.930+0000: [ParNew: 16388K->4K(18432K), 0.0026348 secs] 433561K->417177K(896640K), 0.0026896 secs] [Times: user=0.00 sys=0.00, real=0.00 secs] 
2020-10-28T08:28:57.947+0000: [GC (Allocation Failure) 2020-10-28T08:28:57.947+0000: [ParNew: 16388K->4K(18432K), 0.0027363 secs] 433561K->417177K(896640K), 0.0027800 secs] [Times: user=0.01 sys=0.00, real=0.01 secs] 
2020-10-28T08:28:57.963+0000: [GC (Allocation Failure) 2020-10-28T08:28:57.963+0000: [ParNew: 13838K->4K(18432K), 0.0026610 secs] 431011K->417177K(896640K), 0.0027009 secs] [Times: user=0.01 sys=0.00, real=0.00 secs] 
2020-10-28T08:28:57.973+0000: [GC (Allocation Failure) 2020-10-28T08:28:57.973+0000: [ParNew: 16388K->4K(18432K), 0.0034636 secs] 433561K->425369K(896640K), 0.0035061 secs] [Times: user=0.01 sys=0.00, real=0.00 secs] 
2020-10-28T08:28:57.995+0000: [GC (Allocation Failure) 2020-10-28T08:28:57.995+0000: [ParNew: 16388K->4K(18432K), 0.0027029 secs] 441753K->425369K(896640K), 0.0027453 secs] [Times: user=0.01 sys=0.00, real=0.00 secs] 
2020-10-28T08:28:58.013+0000: [GC (Allocation Failure) 2020-10-28T08:28:58.013+0000: [ParNew: 16388K->4K(18432K), 0.0026691 secs] 441753K->425369K(896640K), 0.0027128 secs] [Times: user=0.01 sys=0.00, real=0.00 secs] 
2020-10-28T08:28:58.031+0000: [GC (Allocation Failure) 2020-10-28T08:28:58.031+0000: [ParNew: 16388K->4K(18432K), 0.0026614 secs] 441753K->425369K(896640K), 0.0027060 secs] [Times: user=0.00 sys=0.00, real=0.00 secs] 
2020-10-28T08:28:58.048+0000: [GC (Allocation Failure) 2020-10-28T08:28:58.048+0000: [ParNew: 16388K->4K(18432K), 0.0027324 secs] 441753K->425369K(896640K), 0.0027755 secs] [Times: user=0.00 sys=0.00, real=0.00 secs] 
2020-10-28T08:28:58.068+0000: [GC (Allocation Failure) 2020-10-28T08:28:58.068+0000: [ParNew: 16388K->4K(18432K), 0.0026868 secs] 441753K->425369K(896640K), 0.0027312 secs] [Times: user=0.01 sys=0.00, real=0.00 secs] 
2020-10-28T08:28:58.088+0000: [GC (Allocation Failure) 2020-10-28T08:28:58.088+0000: [ParNew: 16388K->4K(18432K), 0.0026132 secs] 441753K->425369K(896640K), 0.0026561 secs] [Times: user=0.00 sys=0.00, real=0.00 secs] 
2020-10-28T08:28:58.108+0000: [GC (Allocation Failure) 2020-10-28T08:28:58.108+0000: [ParNew: 16388K->4K(18432K), 0.0027378 secs] 441753K->425369K(896640K), 0.0027838 secs] [Times: user=0.01 sys=0.00, real=0.00 secs] 
2020-10-28T08:28:58.128+0000: [GC (Allocation Failure) 2020-10-28T08:28:58.128+0000: [ParNew: 16388K->4K(18432K), 0.0026472 secs] 441753K->425369K(896640K), 0.0026921 secs] [Times: user=0.01 sys=0.00, real=0.00 secs] 
2020-10-28T08:28:58.145+0000: [GC (Allocation Failure) 2020-10-28T08:28:58.145+0000: [ParNew: 16388K->4K(18432K), 0.0026541 secs] 441753K->425369K(896640K), 0.0026993 secs] [Times: user=0.01 sys=0.00, real=0.01 secs] 
2020-10-28T08:28:58.163+0000: [GC (Allocation Failure) 2020-10-28T08:28:58.163+0000: [ParNew: 16388K->4K(18432K), 0.0026376 secs] 441753K->425369K(896640K), 0.0026785 secs] [Times: user=0.00 sys=0.00, real=0.00 secs] 
2020-10-28T08:28:58.180+0000: [GC (Allocation Failure) 2020-10-28T08:28:58.180+0000: [ParNew: 16388K->4K(18432K), 0.0026276 secs] 441753K->425369K(896640K), 0.0026715 secs] [Times: user=0.01 sys=0.00, real=0.00 secs] 
2020-10-28T08:28:58.197+0000: [GC (Allocation Failure) 2020-10-28T08:28:58.197+0000: [ParNew: 16388K->4K(18432K), 0.0026755 secs] 441753K->425369K(896640K), 0.0027189 secs] [Times: user=0.00 sys=0.00, real=0.01 secs] 
2020-10-28T08:28:58.216+0000: [GC (Allocation Failure) 2020-10-28T08:28:58.216+0000: [ParNew: 16388K->4K(18432K), 0.0026919 secs] 441753K->425369K(896640K), 0.0027357 secs] [Times: user=0.00 sys=0.00, real=0.00 secs] 
2020-10-28T08:28:58.236+0000: [GC (Allocation Failure) 2020-10-28T08:28:58.236+0000: [ParNew: 16388K->4K(18432K), 0.0027792 secs] 441753K->425369K(896640K), 0.0028276 secs] [Times: user=0.01 sys=0.00, real=0.00 secs] 
2020-10-28T08:28:58.253+0000: [GC (Allocation Failure) 2020-10-28T08:28:58.253+0000: [ParNew: 16388K->4K(18432K), 0.0027009 secs] 441753K->425369K(896640K), 0.0027459 secs] [Times: user=0.00 sys=0.00, real=0.00 secs] 
2020-10-28T08:28:58.271+0000: [GC (Allocation Failure) 2020-10-28T08:28:58.271+0000: [ParNew: 16388K->4K(18432K), 0.0027028 secs] 441753K->425369K(896640K), 0.0027672 secs] [Times: user=0.01 sys=0.00, real=0.00 secs] 
2020-10-28T08:28:58.291+0000: [GC (Allocation Failure) 2020-10-28T08:28:58.291+0000: [ParNew: 16388K->2K(18432K), 0.0045257 secs] 441753K->425367K(896640K), 0.0045715 secs] [Times: user=0.01 sys=0.00, real=0.00 secs] 
2020-10-28T08:28:58.312+0000: [GC (Allocation Failure) 2020-10-28T08:28:58.312+0000: [ParNew: 16386K->4K(18432K), 0.0027195 secs] 441751K->425369K(896640K), 0.0027630 secs] [Times: user=0.00 sys=0.00, real=0.00 secs] 
2020-10-28T08:28:58.329+0000: [GC (Allocation Failure) 2020-10-28T08:28:58.329+0000: [ParNew: 16388K->4K(18432K), 0.0026175 secs] 441753K->425369K(896640K), 0.0026603 secs] [Times: user=0.01 sys=0.00, real=0.00 secs] 
2020-10-28T08:28:58.347+0000: [GC (Allocation Failure) 2020-10-28T08:28:58.347+0000: [ParNew: 16388K->4K(18432K), 0.0026767 secs] 441753K->425369K(896640K), 0.0027378 secs] [Times: user=0.00 sys=0.00, real=0.01 secs] 
2020-10-28T08:28:58.364+0000: [GC (Allocation Failure) 2020-10-28T08:28:58.364+0000: [ParNew: 16388K->4K(18432K), 0.0026469 secs] 441753K->425369K(896640K), 0.0026899 secs] [Times: user=0.01 sys=0.00, real=0.00 secs] 
2020-10-28T08:28:58.380+0000: [GC (Allocation Failure) 2020-10-28T08:28:58.380+0000: [ParNew: 13064K->4K(18432K), 0.0026810 secs] 438430K->425369K(896640K), 0.0027252 secs] [Times: user=0.00 sys=0.00, real=0.00 secs] 
2020-10-28T08:28:58.391+0000: [GC (Allocation Failure) 2020-10-28T08:28:58.391+0000: [ParNew: 16388K->4K(18432K), 0.0033794 secs] 441753K->433561K(896640K), 0.0034235 secs] [Times: user=0.01 sys=0.00, real=0.00 secs] 
2020-10-28T08:28:58.409+0000: [GC (Allocation Failure) 2020-10-28T08:28:58.409+0000: [ParNew: 16388K->4K(18432K), 0.0026724 secs] 449945K->433561K(896640K), 0.0027144 secs] [Times: user=0.01 sys=0.00, real=0.00 secs] 
2020-10-28T08:28:58.426+0000: [GC (Allocation Failure) 2020-10-28T08:28:58.426+0000: [ParNew: 16388K->4K(18432K), 0.0026742 secs] 449945K->433561K(896640K), 0.0027177 secs] [Times: user=0.00 sys=0.00, real=0.01 secs] 
2020-10-28T08:28:58.444+0000: [GC (Allocation Failure) 2020-10-28T08:28:58.444+0000: [ParNew: 16388K->4K(18432K), 0.0027031 secs] 449945K->433561K(896640K), 0.0027486 secs] [Times: user=0.01 sys=0.00, real=0.00 secs] 
2020-10-28T08:28:58.464+0000: [GC (Allocation Failure) 2020-10-28T08:28:58.464+0000: [ParNew: 16388K->4K(18432K), 0.0026431 secs] 449945K->433561K(896640K), 0.0026879 secs] [Times: user=0.01 sys=0.00, real=0.00 secs] 
2020-10-28T08:28:58.475+0000: [GC (Allocation Failure) 2020-10-28T08:28:58.475+0000: [ParNew: 16388K->4K(18432K), 0.0034084 secs] 449945K->441753K(896640K), 0.0034532 secs] [Times: user=0.01 sys=0.00, real=0.00 secs] 
2020-10-28T08:28:58.493+0000: [GC (Allocation Failure) 2020-10-28T08:28:58.493+0000: [ParNew: 16388K->4K(18432K), 0.0027144 secs] 458137K->441753K(896640K), 0.0027610 secs] [Times: user=0.01 sys=0.00, real=0.00 secs] 
2020-10-28T08:28:58.510+0000: [GC (Allocation Failure) 2020-10-28T08:28:58.510+0000: [ParNew: 16388K->4K(18432K), 0.0026953 secs] 458137K->441753K(896640K), 0.0027411 secs] [Times: user=0.01 sys=0.00, real=0.00 secs] 
2020-10-28T08:28:58.528+0000: [GC (Allocation Failure) 2020-10-28T08:28:58.528+0000: [ParNew: 16388K->4K(18432K), 0.0026624 secs] 458137K->441753K(896640K), 0.0027074 secs] [Times: user=0.00 sys=0.00, real=0.00 secs] 
2020-10-28T08:28:58.545+0000: [GC (Allocation Failure) 2020-10-28T08:28:58.545+0000: [ParNew: 16388K->4K(18432K), 0.0027052 secs] 458137K->441753K(896640K), 0.0027506 secs] [Times: user=0.01 sys=0.00, real=0.01 secs] 
2020-10-28T08:28:58.564+0000: [GC (Allocation Failure) 2020-10-28T08:28:58.564+0000: [ParNew: 16388K->4K(18432K), 0.0026752 secs] 458137K->441753K(896640K), 0.0027258 secs] [Times: user=0.00 sys=0.00, real=0.00 secs] 
2020-10-28T08:28:58.582+0000: [GC (Allocation Failure) 2020-10-28T08:28:58.582+0000: [ParNew: 16388K->4K(18432K), 0.0026945 secs] 458137K->441753K(896640K), 0.0027377 secs] [Times: user=0.00 sys=0.00, real=0.00 secs] 
2020-10-28T08:28:58.599+0000: [GC (Allocation Failure) 2020-10-28T08:28:58.599+0000: [ParNew: 16388K->4K(18432K), 0.0027255 secs] 458137K->441753K(896640K), 0.0027758 secs] [Times: user=0.01 sys=0.00, real=0.01 secs] 
2020-10-28T08:28:58.617+0000: [GC (Allocation Failure) 2020-10-28T08:28:58.617+0000: [ParNew: 16388K->4K(18432K), 0.0026381 secs] 458137K->441753K(896640K), 0.0026891 secs] [Times: user=0.00 sys=0.00, real=0.00 secs] 
2020-10-28T08:28:58.636+0000: [GC (Allocation Failure) 2020-10-28T08:28:58.636+0000: [ParNew: 16388K->4K(18432K), 0.0027055 secs] 458137K->441753K(896640K), 0.0027501 secs] [Times: user=0.00 sys=0.00, real=0.00 secs] 
2020-10-28T08:28:58.656+0000: [GC (Allocation Failure) 2020-10-28T08:28:58.656+0000: [ParNew: 16388K->4K(18432K), 0.0028366 secs] 458137K->441753K(896640K), 0.0028862 secs] [Times: user=0.00 sys=0.00, real=0.00 secs] 
2020-10-28T08:28:58.673+0000: [GC (Allocation Failure) 2020-10-28T08:28:58.673+0000: [ParNew: 16388K->4K(18432K), 0.0026872 secs] 458137K->441753K(896640K), 0.0027332 secs] [Times: user=0.01 sys=0.00, real=0.00 secs] 
2020-10-28T08:28:58.691+0000: [GC (Allocation Failure) 2020-10-28T08:28:58.691+0000: [ParNew: 16388K->4K(18432K), 0.0026516 secs] 458137K->441753K(896640K), 0.0026959 secs] [Times: user=0.00 sys=0.00, real=0.00 secs] 
2020-10-28T08:28:58.712+0000: [GC (Allocation Failure) 2020-10-28T08:28:58.712+0000: [ParNew: 16388K->4K(18432K), 0.0027306 secs] 458137K->441753K(896640K), 0.0027772 secs] [Times: user=0.01 sys=0.00, real=0.00 secs] 
2020-10-28T08:28:58.729+0000: [GC (Allocation Failure) 2020-10-28T08:28:58.729+0000: [ParNew: 16388K->4K(18432K), 0.0027638 secs] 458137K->441753K(896640K), 0.0028072 secs] [Times: user=0.00 sys=0.00, real=0.00 secs] 
2020-10-28T08:28:58.747+0000: [GC (Allocation Failure) 2020-10-28T08:28:58.747+0000: [ParNew: 16388K->4K(18432K), 0.0027862 secs] 458137K->441753K(896640K), 0.0028323 secs] [Times: user=0.01 sys=0.00, real=0.01 secs] 
2020-10-28T08:28:58.768+0000: [GC (Allocation Failure) 2020-10-28T08:28:58.768+0000: [ParNew: 16388K->4K(18432K), 0.0028134 secs] 458137K->441753K(896640K), 0.0028594 secs] [Times: user=0.01 sys=0.00, real=0.00 secs] 
2020-10-28T08:28:58.785+0000: [GC (Allocation Failure) 2020-10-28T08:28:58.785+0000: [ParNew: 16388K->4K(18432K), 0.0031483 secs] 458137K->441753K(896640K), 0.0031930 secs] [Times: user=0.00 sys=0.00, real=0.01 secs] 
2020-10-28T08:28:58.803+0000: [GC (Allocation Failure) 2020-10-28T08:28:58.803+0000: [ParNew: 16344K->4K(18432K), 0.0026980 secs] 458093K->441753K(896640K), 0.0027417 secs] [Times: user=0.01 sys=0.00, real=0.00 secs] 
2020-10-28T08:28:58.821+0000: [GC (Allocation Failure) 2020-10-28T08:28:58.821+0000: [ParNew: 16388K->4K(18432K), 0.0027281 secs] 458137K->441753K(896640K), 0.0027714 secs] [Times: user=0.00 sys=0.00, real=0.00 secs] 
2020-10-28T08:28:58.840+0000: [GC (Allocation Failure) 2020-10-28T08:28:58.840+0000: [ParNew: 16388K->4K(18432K), 0.0026558 secs] 458137K->441753K(896640K), 0.0026981 secs] [Times: user=0.01 sys=0.00, real=0.00 secs] 
2020-10-28T08:28:58.856+0000: [GC (Allocation Failure) 2020-10-28T08:28:58.856+0000: [ParNew: 14695K->4K(18432K), 0.0028026 secs] 456445K->441753K(896640K), 0.0028516 secs] [Times: user=0.01 sys=0.00, real=0.00 secs] 
2020-10-28T08:28:58.867+0000: [GC (Allocation Failure) 2020-10-28T08:28:58.867+0000: [ParNew: 16388K->4K(18432K), 0.0035470 secs] 458137K->449946K(896640K), 0.0035897 secs] [Times: user=0.00 sys=0.00, real=0.01 secs] 
2020-10-28T08:28:58.888+0000: [GC (Allocation Failure) 2020-10-28T08:28:58.888+0000: [ParNew: 16388K->4K(18432K), 0.0026914 secs] 466330K->449946K(896640K), 0.0027342 secs] [Times: user=0.01 sys=0.00, real=0.00 secs] 
2020-10-28T08:28:58.908+0000: [GC (Allocation Failure) 2020-10-28T08:28:58.908+0000: [ParNew: 16388K->4K(18432K), 0.0027415 secs] 466330K->449946K(896640K), 0.0027857 secs] [Times: user=0.00 sys=0.00, real=0.00 secs] 
2020-10-28T08:28:58.925+0000: [GC (Allocation Failure) 2020-10-28T08:28:58.926+0000: [ParNew: 16388K->4K(18432K), 0.0027574 secs] 466330K->449946K(896640K), 0.0028118 secs] [Times: user=0.01 sys=0.00, real=0.01 secs] 
2020-10-28T08:28:58.943+0000: [GC (Allocation Failure) 2020-10-28T08:28:58.943+0000: [ParNew: 16388K->4K(18432K), 0.0026996 secs] 466330K->449946K(896640K), 0.0027475 secs] [Times: user=0.00 sys=0.00, real=0.00 secs] 
2020-10-28T08:28:58.964+0000: [GC (Allocation Failure) 2020-10-28T08:28:58.964+0000: [ParNew: 16388K->4K(18432K), 0.0027295 secs] 466330K->449946K(896640K), 0.0027750 secs] [Times: user=0.01 sys=0.00, real=0.00 secs] 
2020-10-28T08:28:58.975+0000: [GC (Allocation Failure) 2020-10-28T08:28:58.975+0000: [ParNew: 16388K->4K(18432K), 0.0034975 secs] 466330K->458138K(896640K), 0.0035421 secs] [Times: user=0.01 sys=0.00, real=0.00 secs] 
2020-10-28T08:28:58.996+0000: [GC (Allocation Failure) 2020-10-28T08:28:58.996+0000: [ParNew: 16388K->4K(18432K), 0.0027283 secs] 474522K->458138K(896640K), 0.0027722 secs] [Times: user=0.00 sys=0.00, real=0.00 secs] 
2020-10-28T08:28:59.013+0000: [GC (Allocation Failure) 2020-10-28T08:28:59.013+0000: [ParNew: 16388K->4K(18432K), 0.0027049 secs] 474522K->458138K(896640K), 0.0027481 secs] [Times: user=0.01 sys=0.00, real=0.00 secs] 
2020-10-28T08:28:59.032+0000: [GC (Allocation Failure) 2020-10-28T08:28:59.032+0000: [ParNew: 16388K->4K(18432K), 0.0026707 secs] 474522K->458138K(896640K), 0.0027160 secs] [Times: user=0.01 sys=0.00, real=0.00 secs] 
2020-10-28T08:28:59.049+0000: [GC (Allocation Failure) 2020-10-28T08:28:59.049+0000: [ParNew: 16388K->4K(18432K), 0.0026139 secs] 474522K->458138K(896640K), 0.0026580 secs] [Times: user=0.00 sys=0.00, real=0.00 secs] 
2020-10-28T08:28:59.067+0000: [GC (Allocation Failure) 2020-10-28T08:28:59.067+0000: [ParNew: 16388K->4K(18432K), 0.0026309 secs] 474522K->458138K(896640K), 0.0026736 secs] [Times: user=0.01 sys=0.00, real=0.01 secs] 
2020-10-28T08:28:59.088+0000: [GC (Allocation Failure) 2020-10-28T08:28:59.088+0000: [ParNew: 16388K->4K(18432K), 0.0026372 secs] 474522K->458138K(896640K), 0.0026811 secs] [Times: user=0.01 sys=0.00, real=0.00 secs] 
2020-10-28T08:28:59.108+0000: [GC (Allocation Failure) 2020-10-28T08:28:59.108+0000: [ParNew: 16388K->4K(18432K), 0.0027272 secs] 474522K->458138K(896640K), 0.0027748 secs] [Times: user=0.01 sys=0.00, real=0.00 secs] 
2020-10-28T08:28:59.125+0000: [GC (Allocation Failure) 2020-10-28T08:28:59.125+0000: [ParNew: 16388K->4K(18432K), 0.0026294 secs] 474522K->458138K(896640K), 0.0026742 secs] [Times: user=0.00 sys=0.00, real=0.01 secs] 
2020-10-28T08:28:59.143+0000: [GC (Allocation Failure) 2020-10-28T08:28:59.143+0000: [ParNew: 16388K->4K(18432K), 0.0026036 secs] 474522K->458138K(896640K), 0.0026478 secs] [Times: user=0.01 sys=0.00, real=0.00 secs] 
2020-10-28T08:28:59.164+0000: [GC (Allocation Failure) 2020-10-28T08:28:59.164+0000: [ParNew: 16388K->4K(18432K), 0.0028754 secs] 474522K->458138K(896640K), 0.0029257 secs] [Times: user=0.00 sys=0.00, real=0.00 secs] 
2020-10-28T08:28:59.182+0000: [GC (Allocation Failure) 2020-10-28T08:28:59.182+0000: [ParNew: 16388K->4K(18432K), 0.0028647 secs] 474522K->458138K(896640K), 0.0029147 secs] [Times: user=0.01 sys=0.00, real=0.00 secs] 
2020-10-28T08:28:59.200+0000: [GC (Allocation Failure) 2020-10-28T08:28:59.200+0000: [ParNew: 16388K->4K(18432K), 0.0026672 secs] 474522K->458138K(896640K), 0.0027137 secs] [Times: user=0.01 sys=0.00, real=0.00 secs] 
2020-10-28T08:28:59.220+0000: [GC (Allocation Failure) 2020-10-28T08:28:59.220+0000: [ParNew: 16388K->4K(18432K), 0.0026902 secs] 474522K->458138K(896640K), 0.0027338 secs] [Times: user=0.00 sys=0.00, real=0.00 secs] 
2020-10-28T08:28:59.240+0000: [GC (Allocation Failure) 2020-10-28T08:28:59.240+0000: [ParNew: 16388K->4K(18432K), 0.0027713 secs] 474522K->458138K(896640K), 0.0028190 secs] [Times: user=0.00 sys=0.00, real=0.00 secs] 
2020-10-28T08:28:59.260+0000: [GC (Allocation Failure) 2020-10-28T08:28:59.260+0000: [ParNew: 16388K->4K(18432K), 0.0027992 secs] 474522K->458138K(896640K), 0.0028547 secs] [Times: user=0.01 sys=0.00, real=0.00 secs] 
2020-10-28T08:28:59.277+0000: [GC (Allocation Failure) 2020-10-28T08:28:59.277+0000: [ParNew: 16388K->4K(18432K), 0.0027849 secs] 474522K->458138K(896640K), 0.0028300 secs] [Times: user=0.00 sys=0.00, real=0.01 secs] 
2020-10-28T08:28:59.295+0000: [GC (Allocation Failure) 2020-10-28T08:28:59.295+0000: [ParNew: 16388K->4K(18432K), 0.0027167 secs] 474522K->458138K(896640K), 0.0027611 secs] [Times: user=0.01 sys=0.00, real=0.00 secs] 
2020-10-28T08:28:59.312+0000: [GC (Allocation Failure) 2020-10-28T08:28:59.313+0000: [ParNew: 16388K->4K(18432K), 0.0025852 secs] 474522K->458138K(896640K), 0.0026297 secs] [Times: user=0.01 sys=0.00, real=0.00 secs] 
2020-10-28T08:28:59.330+0000: [GC (Allocation Failure) 2020-10-28T08:28:59.330+0000: [ParNew: 16388K->4K(18432K), 0.0031854 secs] 474522K->458138K(896640K), 0.0032282 secs] [Times: user=0.01 sys=0.00, real=0.00 secs] 
2020-10-28T08:28:59.348+0000: [GC (Allocation Failure) 2020-10-28T08:28:59.348+0000: [ParNew: 12483K->4K(18432K), 0.0025406 secs] 470617K->458138K(896640K), 0.0025828 secs] [Times: user=0.00 sys=0.00, real=0.00 secs] 
2020-10-28T08:28:59.359+0000: [GC (Allocation Failure) 2020-10-28T08:28:59.359+0000: [ParNew: 16388K->4K(18432K), 0.0034281 secs] 474522K->466330K(896640K), 0.0034708 secs] [Times: user=0.00 sys=0.00, real=0.01 secs] 
2020-10-28T08:28:59.377+0000: [GC (Allocation Failure) 2020-10-28T08:28:59.377+0000: [ParNew: 16388K->4K(18432K), 0.0028654 secs] 482714K->466330K(896640K), 0.0029144 secs] [Times: user=0.01 sys=0.00, real=0.01 secs] 
2020-10-28T08:28:59.395+0000: [GC (Allocation Failure) 2020-10-28T08:28:59.395+0000: [ParNew: 16388K->4K(18432K), 0.0027872 secs] 482714K->466330K(896640K), 0.0028312 secs] [Times: user=0.00 sys=0.00, real=0.00 secs] 
2020-10-28T08:28:59.412+0000: [GC (Allocation Failure) 2020-10-28T08:28:59.412+0000: [ParNew: 16388K->4K(18432K), 0.0026578 secs] 482714K->466330K(896640K), 0.0027035 secs] [Times: user=0.01 sys=0.00, real=0.00 secs] 
2020-10-28T08:28:59.430+0000: [GC (Allocation Failure) 2020-10-28T08:28:59.430+0000: [ParNew: 16388K->4K(18432K), 0.0032150 secs] 482714K->466330K(896640K), 0.0032595 secs] [Times: user=0.00 sys=0.00, real=0.00 secs] 
2020-10-28T08:28:59.448+0000: [GC (Allocation Failure) 2020-10-28T08:28:59.448+0000: [ParNew: 16388K->4K(18432K), 0.0026474 secs] 482714K->466330K(896640K), 0.0026912 secs] [Times: user=0.01 sys=0.00, real=0.00 secs] 
2020-10-28T08:28:59.468+0000: [GC (Allocation Failure) 2020-10-28T08:28:59.468+0000: [ParNew: 16388K->4K(18432K), 0.0026417 secs] 482714K->466330K(896640K), 0.0026862 secs] [Times: user=0.00 sys=0.00, real=0.00 secs] 
2020-10-28T08:28:59.480+0000: [GC (Allocation Failure) 2020-10-28T08:28:59.480+0000: [ParNew: 16388K->4K(18432K), 0.0033468 secs] 482714K->474522K(896640K), 0.0033913 secs] [Times: user=0.01 sys=0.00, real=0.00 secs] 
2020-10-28T08:28:59.498+0000: [GC (Allocation Failure) 2020-10-28T08:28:59.498+0000: [ParNew: 16388K->4K(18432K), 0.0027222 secs] 490906K->474522K(896640K), 0.0027684 secs] [Times: user=0.00 sys=0.00, real=0.01 secs] 
2020-10-28T08:28:59.516+0000: [GC (Allocation Failure) 2020-10-28T08:28:59.516+0000: [ParNew: 16388K->4K(18432K), 0.0026289 secs] 490906K->474522K(896640K), 0.0026787 secs] [Times: user=0.01 sys=0.00, real=0.00 secs] 
2020-10-28T08:28:59.533+0000: [GC (Allocation Failure) 2020-10-28T08:28:59.533+0000: [ParNew: 16388K->4K(18432K), 0.0026879 secs] 490906K->474522K(896640K), 0.0027544 secs] [Times: user=0.01 sys=0.00, real=0.00 secs] 
2020-10-28T08:28:59.550+0000: [GC (Allocation Failure) 2020-10-28T08:28:59.550+0000: [ParNew: 16388K->4K(18432K), 0.0026701 secs] 490906K->474522K(896640K), 0.0027135 secs] [Times: user=0.01 sys=0.00, real=0.00 secs] 
2020-10-28T08:28:59.568+0000: [GC (Allocation Failure) 2020-10-28T08:28:59.568+0000: [ParNew: 16388K->4K(18432K), 0.0026460 secs] 490906K->474522K(896640K), 0.0026886 secs] [Times: user=0.01 sys=0.00, real=0.00 secs] 
2020-10-28T08:28:59.588+0000: [GC (Allocation Failure) 2020-10-28T08:28:59.588+0000: [ParNew: 16388K->4K(18432K), 0.0026085 secs] 490906K->474522K(896640K), 0.0026647 secs] [Times: user=0.01 sys=0.00, real=0.00 secs] 
2020-10-28T08:28:59.605+0000: [GC (Allocation Failure) 2020-10-28T08:28:59.605+0000: [ParNew: 16388K->4K(18432K), 0.0026937 secs] 490906K->474522K(896640K), 0.0027474 secs] [Times: user=0.01 sys=0.00, real=0.01 secs] 
2020-10-28T08:28:59.623+0000: [GC (Allocation Failure) 2020-10-28T08:28:59.623+0000: [ParNew: 16388K->4K(18432K), 0.0026799 secs] 490906K->474522K(896640K), 0.0027281 secs] [Times: user=0.01 sys=0.00, real=0.00 secs] 
2020-10-28T08:28:59.640+0000: [GC (Allocation Failure) 2020-10-28T08:28:59.640+0000: [ParNew: 16388K->4K(18432K), 0.0026513 secs] 490906K->474522K(896640K), 0.0026971 secs] [Times: user=0.00 sys=0.00, real=0.00 secs] 
2020-10-28T08:28:59.658+0000: [GC (Allocation Failure) 2020-10-28T08:28:59.658+0000: [ParNew: 16388K->4K(18432K), 0.0028357 secs] 490906K->474522K(896640K), 0.0028844 secs] [Times: user=0.01 sys=0.00, real=0.01 secs] 
2020-10-28T08:28:59.679+0000: [GC (Allocation Failure) 2020-10-28T08:28:59.679+0000: [ParNew: 16388K->4K(18432K), 0.0026529 secs] 490906K->474522K(896640K), 0.0026989 secs] [Times: user=0.01 sys=0.00, real=0.01 secs] 
2020-10-28T08:28:59.700+0000: [GC (Allocation Failure) 2020-10-28T08:28:59.700+0000: [ParNew: 16388K->4K(18432K), 0.0027253 secs] 490906K->474522K(896640K), 0.0027731 secs] [Times: user=0.00 sys=0.00, real=0.00 secs] 
2020-10-28T08:28:59.717+0000: [GC (Allocation Failure) 2020-10-28T08:28:59.717+0000: [ParNew: 16388K->4K(18432K), 0.0026918 secs] 490906K->474522K(896640K), 0.0027374 secs] [Times: user=0.01 sys=0.00, real=0.01 secs] 
2020-10-28T08:28:59.736+0000: [GC (Allocation Failure) 2020-10-28T08:28:59.736+0000: [ParNew: 16388K->4K(18432K), 0.0026802 secs] 490906K->474522K(896640K), 0.0027235 secs] [Times: user=0.00 sys=0.00, real=0.00 secs] 
2020-10-28T08:28:59.753+0000: [GC (Allocation Failure) 2020-10-28T08:28:59.753+0000: [ParNew: 16388K->4K(18432K), 0.0029378 secs] 490906K->474522K(896640K), 0.0029847 secs] [Times: user=0.01 sys=0.00, real=0.00 secs] 
2020-10-28T08:28:59.771+0000: [GC (Allocation Failure) 2020-10-28T08:28:59.771+0000: [ParNew: 16388K->4K(18432K), 0.0026241 secs] 490906K->474522K(896640K), 0.0026685 secs] [Times: user=0.01 sys=0.00, real=0.00 secs] 
2020-10-28T08:28:59.789+0000: [GC (Allocation Failure) 2020-10-28T08:28:59.789+0000: [ParNew: 16388K->4K(18432K), 0.0026471 secs] 490906K->474522K(896640K), 0.0026918 secs] [Times: user=0.00 sys=0.00, real=0.00 secs] 
2020-10-28T08:28:59.807+0000: [GC (Allocation Failure) 2020-10-28T08:28:59.807+0000: [ParNew: 16388K->4K(18432K), 0.0026848 secs] 490906K->474522K(896640K), 0.0027351 secs] [Times: user=0.01 sys=0.00, real=0.01 secs] 
2020-10-28T08:28:59.824+0000: [GC (Allocation Failure) 2020-10-28T08:28:59.824+0000: [ParNew: 16388K->4K(18432K), 0.0025970 secs] 490906K->474522K(896640K), 0.0026450 secs] [Times: user=0.01 sys=0.00, real=0.00 secs] 
2020-10-28T08:28:59.836+0000: [GC (Allocation Failure) 2020-10-28T08:28:59.836+0000: [ParNew: 16388K->4K(18432K), 0.0034829 secs] 490906K->482714K(896640K), 0.0035285 secs] [Times: user=0.00 sys=0.00, real=0.00 secs] 
2020-10-28T08:28:59.854+0000: [GC (Allocation Failure) 2020-10-28T08:28:59.854+0000: [ParNew: 16388K->4K(18432K), 0.0029005 secs] 499098K->482714K(896640K), 0.0029484 secs] [Times: user=0.01 sys=0.00, real=0.00 secs] 
2020-10-28T08:28:59.876+0000: [GC (Allocation Failure) 2020-10-28T08:28:59.876+0000: [ParNew: 16388K->4K(18432K), 0.0027934 secs] 499098K->482714K(896640K), 0.0028417 secs] [Times: user=0.01 sys=0.00, real=0.00 secs] 
2020-10-28T08:28:59.896+0000: [GC (Allocation Failure) 2020-10-28T08:28:59.896+0000: [ParNew: 16388K->4K(18432K), 0.0026687 secs] 499098K->482714K(896640K), 0.0027140 secs] [Times: user=0.00 sys=0.00, real=0.00 secs] 
2020-10-28T08:28:59.914+0000: [GC (Allocation Failure) 2020-10-28T08:28:59.914+0000: [ParNew: 16388K->4K(18432K), 0.0026310 secs] 499098K->482714K(896640K), 0.0026766 secs] [Times: user=0.01 sys=0.00, real=0.00 secs] 
2020-10-28T08:28:59.932+0000: [GC (Allocation Failure) 2020-10-28T08:28:59.932+0000: [ParNew: 16388K->4K(18432K), 0.0026398 secs] 499098K->482714K(896640K), 0.0026833 secs] [Times: user=0.01 sys=0.00, real=0.00 secs] 
2020-10-28T08:28:59.949+0000: [GC (Allocation Failure) 2020-10-28T08:28:59.949+0000: [ParNew: 16388K->4K(18432K), 0.0027524 secs] 499098K->482714K(896640K), 0.0027957 secs] [Times: user=0.00 sys=0.00, real=0.00 secs] 
2020-10-28T08:28:59.968+0000: [GC (Allocation Failure) 2020-10-28T08:28:59.968+0000: [ParNew: 16388K->4K(18432K), 0.0026501 secs] 499098K->482714K(896640K), 0.0027119 secs] [Times: user=0.01 sys=0.00, real=0.00 secs] 
2020-10-28T08:28:59.981+0000: [GC (Allocation Failure) 2020-10-28T08:28:59.981+0000: [ParNew: 16388K->4K(18432K), 0.0036178 secs] 499098K->490906K(896640K), 0.0036638 secs] [Times: user=0.01 sys=0.00, real=0.00 secs] 
2020-10-28T08:29:00.000+0000: [GC (Allocation Failure) 2020-10-28T08:29:00.000+0000: [ParNew: 16388K->4K(18432K), 0.0030347 secs] 507290K->490906K(896640K), 0.0030851 secs] [Times: user=0.00 sys=0.00, real=0.00 secs] 
2020-10-28T08:29:00.017+0000: [GC (Allocation Failure) 2020-10-28T08:29:00.018+0000: [ParNew: 16388K->4K(18432K), 0.0029767 secs] 507290K->490906K(896640K), 0.0030301 secs] [Times: user=0.01 sys=0.00, real=0.01 secs] 
2020-10-28T08:29:00.039+0000: [GC (Allocation Failure) 2020-10-28T08:29:00.039+0000: [ParNew: 16388K->4K(18432K), 0.0026833 secs] 507290K->490906K(896640K), 0.0027319 secs] [Times: user=0.00 sys=0.00, real=0.01 secs] 
2020-10-28T08:29:00.057+0000: [GC (Allocation Failure) 2020-10-28T08:29:00.057+0000: [ParNew: 16388K->4K(18432K), 0.0027625 secs] 507290K->490906K(896640K), 0.0028074 secs] [Times: user=0.01 sys=0.00, real=0.01 secs] 
2020-10-28T08:29:00.076+0000: [GC (Allocation Failure) 2020-10-28T08:29:00.076+0000: [ParNew: 16388K->4K(18432K), 0.0027240 secs] 507290K->490906K(896640K), 0.0027700 secs] [Times: user=0.00 sys=0.00, real=0.00 secs] 
2020-10-28T08:29:00.093+0000: [GC (Allocation Failure) 2020-10-28T08:29:00.093+0000: [ParNew: 16388K->4K(18432K), 0.0027510 secs] 507290K->490906K(896640K), 0.0027930 secs] [Times: user=0.01 sys=0.00, real=0.00 secs] 
2020-10-28T08:29:00.112+0000: [GC (Allocation Failure) 2020-10-28T08:29:00.112+0000: [ParNew: 16388K->4K(18432K), 0.0027244 secs] 507290K->490906K(896640K), 0.0027725 secs] [Times: user=0.01 sys=0.00, real=0.00 secs] 
2020-10-28T08:29:00.132+0000: [GC (Allocation Failure) 2020-10-28T08:29:00.132+0000: [ParNew: 16388K->4K(18432K), 0.0026692 secs] 507290K->490906K(896640K), 0.0027141 secs] [Times: user=0.00 sys=0.00, real=0.00 secs] 
2020-10-28T08:29:00.149+0000: [GC (Allocation Failure) 2020-10-28T08:29:00.149+0000: [ParNew: 16388K->4K(18432K), 0.0027713 secs] 507290K->490906K(896640K), 0.0028183 secs] [Times: user=0.01 sys=0.00, real=0.00 secs] 
2020-10-28T08:29:00.167+0000: [GC (Allocation Failure) 2020-10-28T08:29:00.167+0000: [ParNew: 16388K->4K(18432K), 0.0027200 secs] 507290K->490906K(896640K), 0.0027678 secs] [Times: user=0.01 sys=0.00, real=0.01 secs] 
2020-10-28T08:29:00.184+0000: [GC (Allocation Failure) 2020-10-28T08:29:00.184+0000: [ParNew: 16388K->4K(18432K), 0.0027011 secs] 507290K->490906K(896640K), 0.0027473 secs] [Times: user=0.00 sys=0.00, real=0.00 secs] 
2020-10-28T08:29:00.202+0000: [GC (Allocation Failure) 2020-10-28T08:29:00.202+0000: [ParNew: 16388K->4K(18432K), 0.0027199 secs] 507290K->490906K(896640K), 0.0027630 secs] [Times: user=0.01 sys=0.00, real=0.00 secs] 
2020-10-28T08:29:00.219+0000: [GC (Allocation Failure) 2020-10-28T08:29:00.219+0000: [ParNew: 16388K->4K(18432K), 0.0028070 secs] 507290K->490906K(896640K), 0.0028551 secs] [Times: user=0.00 sys=0.00, real=0.01 secs] 
2020-10-28T08:29:00.237+0000: [GC (Allocation Failure) 2020-10-28T08:29:00.237+0000: [ParNew: 16388K->4K(18432K), 0.0028606 secs] 507290K->490906K(896640K), 0.0029074 secs] [Times: user=0.01 sys=0.00, real=0.01 secs] 
2020-10-28T08:29:00.255+0000: [GC (Allocation Failure) 2020-10-28T08:29:00.255+0000: [ParNew: 16388K->4K(18432K), 0.0028629 secs] 507290K->490906K(896640K), 0.0029230 secs] [Times: user=0.00 sys=0.00, real=0.00 secs] 
2020-10-28T08:29:00.276+0000: [GC (Allocation Failure) 2020-10-28T08:29:00.276+0000: [ParNew: 16388K->4K(18432K), 0.0027957 secs] 507290K->490906K(896640K), 0.0028435 secs] [Times: user=0.00 sys=0.00, real=0.00 secs] 
2020-10-28T08:29:00.294+0000: [GC (Allocation Failure) 2020-10-28T08:29:00.294+0000: [ParNew: 16388K->4K(18432K), 0.0029381 secs] 507290K->490906K(896640K), 0.0029897 secs] [Times: user=0.01 sys=0.00, real=0.00 secs] 
2020-10-28T08:29:00.310+0000: [GC (Allocation Failure) 2020-10-28T08:29:00.310+0000: [ParNew: 14600K->4K(18432K), 0.0029449 secs] 505502K->490906K(896640K), 0.0029978 secs] [Times: user=0.01 sys=0.00, real=0.00 secs] 
2020-10-28T08:29:00.324+0000: [GC (Allocation Failure) 2020-10-28T08:29:00.324+0000: [ParNew: 16388K->4K(18432K), 0.0040517 secs] 507290K->499098K(896640K), 0.0041072 secs] [Times: user=0.01 sys=0.00, real=0.01 secs] 
2020-10-28T08:29:00.344+0000: [GC (Allocation Failure) 2020-10-28T08:29:00.344+0000: [ParNew: 16388K->4K(18432K), 0.0029785 secs] 515482K->499098K(896640K), 0.0030319 secs] [Times: user=0.01 sys=0.00, real=0.00 secs] 
2020-10-28T08:29:00.364+0000: [GC (Allocation Failure) 2020-10-28T08:29:00.364+0000: [ParNew: 16388K->4K(18432K), 0.0029886 secs] 515482K->499098K(896640K), 0.0030426 secs] [Times: user=0.00 sys=0.00, real=0.00 secs] 
2020-10-28T08:29:00.382+0000: [GC (Allocation Failure) 2020-10-28T08:29:00.382+0000: [ParNew: 16388K->4K(18432K), 0.0030175 secs] 515482K->499098K(896640K), 0.0030721 secs] [Times: user=0.01 sys=0.00, real=0.00 secs] 
2020-10-28T08:29:00.400+0000: [GC (Allocation Failure) 2020-10-28T08:29:00.400+0000: [ParNew: 16388K->4K(18432K), 0.0029875 secs] 515482K->499098K(896640K), 0.0030419 secs] [Times: user=0.00 sys=0.00, real=0.00 secs] 
2020-10-28T08:29:00.418+0000: [GC (Allocation Failure) 2020-10-28T08:29:00.418+0000: [ParNew: 16388K->4K(18432K), 0.0029370 secs] 515482K->499098K(896640K), 0.0029902 secs] [Times: user=0.01 sys=0.00, real=0.01 secs] 
2020-10-28T08:29:00.448+0000: [GC (Allocation Failure) 2020-10-28T08:29:00.448+0000: [ParNew: 16388K->4K(18432K), 0.0049820 secs] 515482K->499098K(896640K), 0.0050468 secs] [Times: user=0.01 sys=0.00, real=0.00 secs] 
2020-10-28T08:29:00.468+0000: [GC (Allocation Failure) 2020-10-28T08:29:00.468+0000: [ParNew: 16384K->4K(18432K), 0.0028695 secs] 515479K->499098K(896640K), 0.0029343 secs] [Times: user=0.01 sys=0.00, real=0.00 secs] 
2020-10-28T08:29:00.488+0000: [GC (Allocation Failure) 2020-10-28T08:29:00.488+0000: [ParNew: 16388K->4K(18432K), 0.0028558 secs] 515482K->499098K(896640K), 0.0029025 secs] [Times: user=0.00 sys=0.00, real=0.00 secs] 
2020-10-28T08:29:00.501+0000: [GC (Allocation Failure) 2020-10-28T08:29:00.501+0000: [ParNew: 16388K->4K(18432K), 0.0037181 secs] 515482K->507290K(896640K), 0.0037655 secs] [Times: user=0.01 sys=0.00, real=0.00 secs] 
2020-10-28T08:29:00.523+0000: [GC (Allocation Failure) 2020-10-28T08:29:00.523+0000: [ParNew: 16388K->4K(18432K), 0.0028116 secs] 523674K->507290K(896640K), 0.0028588 secs] [Times: user=0.01 sys=0.00, real=0.00 secs] 
2020-10-28T08:29:00.541+0000: [GC (Allocation Failure) 2020-10-28T08:29:00.541+0000: [ParNew: 16388K->4K(18432K), 0.0027859 secs] 523674K->507290K(896640K), 0.0028332 secs] [Times: user=0.01 sys=0.01, real=0.00 secs] 
2020-10-28T08:29:00.560+0000: [GC (Allocation Failure) 2020-10-28T08:29:00.560+0000: [ParNew: 16388K->4K(18432K), 0.0027658 secs] 523674K->507290K(896640K), 0.0028136 secs] [Times: user=0.00 sys=0.00, real=0.00 secs] 
2020-10-28T08:29:00.577+0000: [GC (Allocation Failure) 2020-10-28T08:29:00.577+0000: [ParNew: 16388K->4K(18432K), 0.0027667 secs] 523674K->507290K(896640K), 0.0028141 secs] [Times: user=0.00 sys=0.00, real=0.01 secs] 
2020-10-28T08:29:00.595+0000: [GC (Allocation Failure) 2020-10-28T08:29:00.595+0000: [ParNew: 16388K->4K(18432K), 0.0027183 secs] 523674K->507290K(896640K), 0.0027658 secs] [Times: user=0.01 sys=0.00, real=0.00 secs] 
2020-10-28T08:29:00.613+0000: [GC (Allocation Failure) 2020-10-28T08:29:00.613+0000: [ParNew: 16388K->4K(18432K), 0.0028334 secs] 523674K->507290K(896640K), 0.0028824 secs] [Times: user=0.00 sys=0.00, real=0.00 secs] 
2020-10-28T08:29:00.632+0000: [GC (Allocation Failure) 2020-10-28T08:29:00.632+0000: [ParNew: 16388K->4K(18432K), 0.0027764 secs] 523674K->507290K(896640K), 0.0028228 secs] [Times: user=0.01 sys=0.00, real=0.00 secs] 
2020-10-28T08:29:00.650+0000: [GC (Allocation Failure) 2020-10-28T08:29:00.650+0000: [ParNew: 16388K->4K(18432K), 0.0028781 secs] 523674K->507290K(896640K), 0.0029281 secs] [Times: user=0.00 sys=0.00, real=0.00 secs] 
2020-10-28T08:29:00.668+0000: [GC (Allocation Failure) 2020-10-28T08:29:00.668+0000: [ParNew: 16388K->4K(18432K), 0.0029134 secs] 523674K->507290K(896640K), 0.0029653 secs] [Times: user=0.00 sys=0.00, real=0.00 secs] 
2020-10-28T08:29:00.685+0000: [GC (Allocation Failure) 2020-10-28T08:29:00.685+0000: [ParNew: 16388K->4K(18432K), 0.0028861 secs] 523674K->507290K(896640K), 0.0029346 secs] [Times: user=0.01 sys=0.00, real=0.01 secs] 
2020-10-28T08:29:00.704+0000: [GC (Allocation Failure) 2020-10-28T08:29:00.704+0000: [ParNew: 16388K->4K(18432K), 0.0028408 secs] 523674K->507290K(896640K), 0.0028909 secs] [Times: user=0.01 sys=0.00, real=0.00 secs] 
2020-10-28T08:29:00.721+0000: [GC (Allocation Failure) 2020-10-28T08:29:00.721+0000: [ParNew: 16388K->4K(18432K), 0.0029188 secs] 523674K->507290K(896640K), 0.0029709 secs] [Times: user=0.01 sys=0.00, real=0.00 secs] 
2020-10-28T08:29:00.740+0000: [GC (Allocation Failure) 2020-10-28T08:29:00.740+0000: [ParNew: 16388K->4K(18432K), 0.0028182 secs] 523674K->507290K(896640K), 0.0028692 secs] [Times: user=0.00 sys=0.00, real=0.00 secs] 
2020-10-28T08:29:00.758+0000: [GC (Allocation Failure) 2020-10-28T08:29:00.758+0000: [ParNew: 16388K->4K(18432K), 0.0029608 secs] 523674K->507290K(896640K), 0.0030140 secs] [Times: user=0.00 sys=0.00, real=0.01 secs] 
2020-10-28T08:29:00.776+0000: [GC (Allocation Failure) 2020-10-28T08:29:00.776+0000: [ParNew: 16388K->4K(18432K), 0.0028377 secs] 523674K->507290K(896640K), 0.0028889 secs] [Times: user=0.01 sys=0.00, real=0.00 secs] 
2020-10-28T08:29:00.794+0000: [GC (Allocation Failure) 2020-10-28T08:29:00.794+0000: [ParNew: 16388K->4K(18432K), 0.0029675 secs] 523674K->507290K(896640K), 0.0030167 secs] [Times: user=0.00 sys=0.00, real=0.00 secs] 
2020-10-28T08:29:00.808+0000: [GC (Allocation Failure) 2020-10-28T08:29:00.808+0000: [ParNew: 12501K->4K(18432K), 0.0024475 secs] 519788K->507290K(896640K), 0.0024990 secs] [Times: user=0.01 sys=0.00, real=0.00 secs] 
2020-10-28T08:29:00.819+0000: [GC (Allocation Failure) 2020-10-28T08:29:00.819+0000: [ParNew: 16388K->4K(18432K), 0.0033939 secs] 523674K->515482K(896640K), 0.0034380 secs] [Times: user=0.01 sys=0.00, real=0.01 secs] 
2020-10-28T08:29:00.840+0000: [GC (Allocation Failure) 2020-10-28T08:29:00.840+0000: [ParNew: 16388K->4K(18432K), 0.0026875 secs] 531866K->515482K(896640K), 0.0027308 secs] [Times: user=0.01 sys=0.00, real=0.00 secs] 
2020-10-28T08:29:00.859+0000: [GC (Allocation Failure) 2020-10-28T08:29:00.859+0000: [ParNew: 16388K->4K(18432K), 0.0028493 secs] 531866K->515482K(896640K), 0.0029011 secs] [Times: user=0.00 sys=0.00, real=0.01 secs] 
2020-10-28T08:29:00.880+0000: [GC (Allocation Failure) 2020-10-28T08:29:00.880+0000: [ParNew: 16388K->4K(18432K), 0.0028617 secs] 531866K->515482K(896640K), 0.0029103 secs] [Times: user=0.01 sys=0.00, real=0.00 secs] 
2020-10-28T08:29:00.899+0000: [GC (Allocation Failure) 2020-10-28T08:29:00.899+0000: [ParNew: 16388K->4K(18432K), 0.0028631 secs] 531866K->515482K(896640K), 0.0029108 secs] [Times: user=0.01 sys=0.00, real=0.01 secs] 
2020-10-28T08:29:00.916+0000: [GC (Allocation Failure) 2020-10-28T08:29:00.916+0000: [ParNew: 16388K->4K(18432K), 0.0028026 secs] 531866K->515482K(896640K), 0.0028491 secs] [Times: user=0.01 sys=0.00, real=0.00 secs] 
2020-10-28T08:29:00.936+0000: [GC (Allocation Failure) 2020-10-28T08:29:00.936+0000: [ParNew: 16388K->4K(18432K), 0.0027482 secs] 531866K->515482K(896640K), 0.0027939 secs] [Times: user=0.01 sys=0.00, real=0.00 secs] 
2020-10-28T08:29:00.956+0000: [GC (Allocation Failure) 2020-10-28T08:29:00.956+0000: [ParNew: 16388K->4K(18432K), 0.0027957 secs] 531866K->515482K(896640K), 0.0028522 secs] [Times: user=0.00 sys=0.00, real=0.00 secs] 
2020-10-28T08:29:00.976+0000: [GC (Allocation Failure) 2020-10-28T08:29:00.976+0000: [ParNew: 16388K->4K(18432K), 0.0029021 secs] 531866K->515482K(896640K), 0.0029535 secs] [Times: user=0.01 sys=0.00, real=0.00 secs] 
2020-10-28T08:29:00.994+0000: [GC (Allocation Failure) 2020-10-28T08:29:00.994+0000: [ParNew: 16388K->4K(18432K), 0.0028998 secs] 531866K->515482K(896640K), 0.0029453 secs] [Times: user=0.00 sys=0.00, real=0.00 secs] 
2020-10-28T08:29:01.005+0000: [GC (Allocation Failure) 2020-10-28T08:29:01.005+0000: [ParNew: 16388K->4K(18432K), 0.0033405 secs] 531866K->523674K(896640K), 0.0033853 secs] [Times: user=0.00 sys=0.00, real=0.01 secs] 
2020-10-28T08:29:01.023+0000: [GC (Allocation Failure) 2020-10-28T08:29:01.023+0000: [ParNew: 16388K->4K(18432K), 0.0031381 secs] 540058K->523674K(896640K), 0.0032021 secs] [Times: user=0.01 sys=0.00, real=0.00 secs] 
2020-10-28T08:29:01.041+0000: [GC (Allocation Failure) 2020-10-28T08:29:01.041+0000: [ParNew: 16388K->4K(18432K), 0.0027648 secs] 540058K->523674K(896640K), 0.0028101 secs] [Times: user=0.00 sys=0.00, real=0.00 secs] 
2020-10-28T08:29:01.060+0000: [GC (Allocation Failure) 2020-10-28T08:29:01.060+0000: [ParNew: 16388K->4K(18432K), 0.0026446 secs] 540058K->523674K(896640K), 0.0026888 secs] [Times: user=0.00 sys=0.00, real=0.00 secs] 
2020-10-28T08:29:01.077+0000: [GC (Allocation Failure) 2020-10-28T08:29:01.077+0000: [ParNew: 16388K->4K(18432K), 0.0027467 secs] 540058K->523674K(896640K), 0.0027932 secs] [Times: user=0.00 sys=0.00, real=0.01 secs] 
2020-10-28T08:29:01.095+0000: [GC (Allocation Failure) 2020-10-28T08:29:01.095+0000: [ParNew: 16388K->4K(18432K), 0.0027959 secs] 540058K->523674K(896640K), 0.0028442 secs] [Times: user=0.01 sys=0.00, real=0.00 secs] 
2020-10-28T08:29:01.113+0000: [GC (Allocation Failure) 2020-10-28T08:29:01.113+0000: [ParNew: 16388K->4K(18432K), 0.0027850 secs] 540058K->523674K(896640K), 0.0028406 secs] [Times: user=0.01 sys=0.00, real=0.00 secs] 
2020-10-28T08:29:01.130+0000: [GC (Allocation Failure) 2020-10-28T08:29:01.130+0000: [ParNew: 16388K->4K(18432K), 0.0028444 secs] 540058K->523675K(896640K), 0.0029131 secs] [Times: user=0.00 sys=0.00, real=0.00 secs] 
2020-10-28T08:29:01.152+0000: [GC (Allocation Failure) 2020-10-28T08:29:01.152+0000: [ParNew: 16388K->4K(18432K), 0.0027923 secs] 540059K->523675K(896640K), 0.0028418 secs] [Times: user=0.00 sys=0.00, real=0.00 secs] 
2020-10-28T08:29:01.172+0000: [GC (Allocation Failure) 2020-10-28T08:29:01.172+0000: [ParNew: 16388K->4K(18432K), 0.0027577 secs] 540059K->523675K(896640K), 0.0028054 secs] [Times: user=0.00 sys=0.00, real=0.00 secs] 
2020-10-28T08:29:01.192+0000: [GC (Allocation Failure) 2020-10-28T08:29:01.192+0000: [ParNew: 16388K->4K(18432K), 0.0028212 secs] 540059K->523675K(896640K), 0.0028708 secs] [Times: user=0.00 sys=0.00, real=0.00 secs] 
2020-10-28T08:29:01.212+0000: [GC (Allocation Failure) 2020-10-28T08:29:01.212+0000: [ParNew: 16388K->4K(18432K), 0.0027986 secs] 540059K->523675K(896640K), 0.0028500 secs] [Times: user=0.01 sys=0.00, real=0.00 secs] 
2020-10-28T08:29:01.229+0000: [GC (Allocation Failure) 2020-10-28T08:29:01.230+0000: [ParNew: 16388K->4K(18432K), 0.0028156 secs] 540059K->523675K(896640K), 0.0028660 secs] [Times: user=0.00 sys=0.00, real=0.00 secs] 
2020-10-28T08:29:01.247+0000: [GC (Allocation Failure) 2020-10-28T08:29:01.247+0000: [ParNew: 16388K->4K(18432K), 0.0028679 secs] 540059K->523675K(896640K), 0.0029200 secs] [Times: user=0.01 sys=0.00, real=0.01 secs] 
2020-10-28T08:29:01.268+0000: [GC (Allocation Failure) 2020-10-28T08:29:01.268+0000: [ParNew: 16388K->4K(18432K), 0.0029044 secs] 540059K->523675K(896640K), 0.0029567 secs] [Times: user=0.01 sys=0.00, real=0.00 secs] 
2020-10-28T08:29:01.286+0000: [GC (Allocation Failure) 2020-10-28T08:29:01.286+0000: [ParNew: 16388K->4K(18432K), 0.0028242 secs] 540059K->523675K(896640K), 0.0028739 secs] [Times: user=0.01 sys=0.00, real=0.01 secs] 
2020-10-28T08:29:01.304+0000: [GC (Allocation Failure) 2020-10-28T08:29:01.304+0000: [ParNew: 13878K->4K(18432K), 0.0027608 secs] 537549K->523675K(896640K), 0.0028047 secs] [Times: user=0.00 sys=0.00, real=0.00 secs] 
2020-10-28T08:29:01.315+0000: [GC (Allocation Failure) 2020-10-28T08:29:01.315+0000: [ParNew: 16388K->4K(18432K), 0.0036094 secs] 540059K->531867K(896640K), 0.0036544 secs] [Times: user=0.00 sys=0.00, real=0.00 secs] 
2020-10-28T08:29:01.334+0000: [GC (Allocation Failure) 2020-10-28T08:29:01.334+0000: [ParNew: 16388K->4K(18432K), 0.0028739 secs] 548251K->531867K(896640K), 0.0029172 secs] [Times: user=0.00 sys=0.00, real=0.00 secs] 
2020-10-28T08:29:01.352+0000: [GC (Allocation Failure) 2020-10-28T08:29:01.352+0000: [ParNew: 16388K->4K(18432K), 0.0027116 secs] 548251K->531867K(896640K), 0.0027578 secs] [Times: user=0.01 sys=0.00, real=0.00 secs] 
2020-10-28T08:29:01.369+0000: [GC (Allocation Failure) 2020-10-28T08:29:01.369+0000: [ParNew: 16388K->4K(18432K), 0.0027199 secs] 548251K->531867K(896640K), 0.0027650 secs] [Times: user=0.00 sys=0.00, real=0.00 secs] 
2020-10-28T08:29:01.388+0000: [GC (Allocation Failure) 2020-10-28T08:29:01.388+0000: [ParNew: 16388K->4K(18432K), 0.0028353 secs] 548251K->531867K(896640K), 0.0028869 secs] [Times: user=0.01 sys=0.00, real=0.00 secs] 
2020-10-28T08:29:01.408+0000: [GC (Allocation Failure) 2020-10-28T08:29:01.408+0000: [ParNew: 16388K->4K(18432K), 0.0027534 secs] 548251K->531867K(896640K), 0.0028001 secs] [Times: user=0.00 sys=0.00, real=0.00 secs] 
2020-10-28T08:29:01.425+0000: [GC (Allocation Failure) 2020-10-28T08:29:01.426+0000: [ParNew: 16388K->4K(18432K), 0.0029171 secs] 548251K->531867K(896640K), 0.0029687 secs] [Times: user=0.01 sys=0.00, real=0.01 secs] 
2020-10-28T08:29:01.444+0000: [GC (Allocation Failure) 2020-10-28T08:29:01.444+0000: [ParNew: 16388K->4K(18432K), 0.0028254 secs] 548251K->531867K(896640K), 0.0028754 secs] [Times: user=0.01 sys=0.00, real=0.00 secs] 
2020-10-28T08:29:01.468+0000: [GC (Allocation Failure) 2020-10-28T08:29:01.468+0000: [ParNew: 16388K->1126K(18432K), 0.0030634 secs] 548251K->532989K(896640K), 0.0031122 secs] [Times: user=0.01 sys=0.00, real=0.00 secs] 
2020-10-28T08:29:01.500+0000: [GC (Allocation Failure) 2020-10-28T08:29:01.500+0000: [ParNew: 17510K->4K(18432K), 0.0031634 secs] 549373K->532990K(896640K), 0.0032176 secs] [Times: user=0.01 sys=0.00, real=0.00 secs] 
2020-10-28T08:29:01.522+0000: [GC (Allocation Failure) 2020-10-28T08:29:01.522+0000: [ParNew: 16388K->4K(18432K), 0.0037657 secs] 549374K->541182K(896640K), 0.0038140 secs] [Times: user=0.01 sys=0.00, real=0.00 secs] 
2020-10-28T08:29:01.557+0000: [GC (Allocation Failure) 2020-10-28T08:29:01.557+0000: [ParNew: 16388K->4K(18432K), 0.0030059 secs] 557566K->541182K(896640K), 0.0030586 secs] [Times: user=0.01 sys=0.00, real=0.01 secs] 
2020-10-28T08:29:01.592+0000: [GC (Allocation Failure) 2020-10-28T08:29:01.592+0000: [ParNew: 16388K->4K(18432K), 0.0028642 secs] 557566K->541182K(896640K), 0.0029152 secs] [Times: user=0.00 sys=0.00, real=0.00 secs] 
2020-10-28T08:29:01.624+0000: [GC (Allocation Failure) 2020-10-28T08:29:01.624+0000: [ParNew: 16388K->4K(18432K), 0.0028534 secs] 557566K->541182K(896640K), 0.0029046 secs] [Times: user=0.00 sys=0.00, real=0.00 secs] 
2020-10-28T08:29:01.664+0000: [GC (Allocation Failure) 2020-10-28T08:29:01.664+0000: [ParNew: 16388K->1126K(18432K), 0.0031763 secs] 557566K->542305K(896640K), 0.0032249 secs] [Times: user=0.00 sys=0.00, real=0.01 secs] 
2020-10-28T08:29:02.249+0000: [GC (Allocation Failure) 2020-10-28T08:29:02.249+0000: [ParNew: 17510K->2K(18432K), 0.0032504 secs] 558689K->542304K(896640K), 0.0033090 secs] [Times: user=0.00 sys=0.00, real=0.00 secs] 
2020-10-28T08:29:03.104+0000: [GC (Allocation Failure) 2020-10-28T08:29:03.104+0000: [ParNew: 16386K->68K(18432K), 0.0029190 secs] 624224K->607907K(896640K), 0.0029670 secs] [Times: user=0.00 sys=0.00, real=0.00 secs] 
2020-10-28T08:29:03.132+0000: [GC (Allocation Failure) 2020-10-28T08:29:03.132+0000: [ParNew: 16452K->516K(18432K), 0.0029303 secs] 624291K->608355K(896640K), 0.0029803 secs] [Times: user=0.00 sys=0.00, real=0.00 secs] 
2020-10-28T08:29:03.164+0000: [GC (Allocation Failure) 2020-10-28T08:29:03.164+0000: [ParNew: 16900K->1028K(18432K), 0.0029811 secs] 624739K->608867K(896640K), 0.0030268 secs] [Times: user=0.00 sys=0.00, real=0.00 secs] 
2020-10-28T08:29:03.193+0000: [GC (Allocation Failure) 2020-10-28T08:29:03.193+0000: [ParNew: 17412K->4K(18432K), 0.0029578 secs] 625251K->608356K(896640K), 0.0030027 secs] [Times: user=0.00 sys=0.00, real=0.00 secs] 
2020-10-28T08:29:03.224+0000: [GC (Allocation Failure) 2020-10-28T08:29:03.224+0000: [ParNew: 16388K->4K(18432K), 0.0028320 secs] 624740K->608356K(896640K), 0.0028771 secs] [Times: user=0.01 sys=0.00, real=0.00 secs] 
2020-10-28T08:29:03.252+0000: [GC (GCLocker Initiated GC) 2020-10-28T08:29:03.252+0000: [ParNew: 16388K->4K(18432K), 0.0028080 secs] 624740K->608356K(896640K), 0.0028544 secs] [Times: user=0.00 sys=0.00, real=0.00 secs] 
2020-10-28T08:29:03.279+0000: [GC (Allocation Failure) 2020-10-28T08:29:03.279+0000: [ParNew: 16388K->132K(18432K), 0.0029146 secs] 624740K->608484K(896640K), 0.0029617 secs] [Times: user=0.01 sys=0.00, real=0.01 secs] 
2020-10-28T08:29:03.297+0000: [GC (Allocation Failure) 2020-10-28T08:29:03.297+0000: [ParNew: 16510K->134K(18432K), 0.0027191 secs] 624863K->608486K(896640K), 0.0027650 secs] [Times: user=0.00 sys=0.00, real=0.01 secs] 
2020-10-28T08:29:03.314+0000: [GC (Allocation Failure) 2020-10-28T08:29:03.315+0000: [ParNew: 16518K->262K(18432K), 0.0025899 secs] 624870K->608614K(896640K), 0.0026468 secs] [Times: user=0.00 sys=0.00, real=0.00 secs] 
2020-10-28T08:29:03.332+0000: [GC (Allocation Failure) 2020-10-28T08:29:03.332+0000: [ParNew: 16646K->260K(18432K), 0.0032286 secs] 624998K->608612K(896640K), 0.0032728 secs] [Times: user=0.00 sys=0.00, real=0.00 secs] 
2020-10-28T08:29:03.352+0000: [GC (Allocation Failure) 2020-10-28T08:29:03.352+0000: [ParNew: 16644K->518K(18432K), 0.0026814 secs] 624996K->608870K(896640K), 0.0027252 secs] [Times: user=0.01 sys=0.00, real=0.00 secs] 
2020-10-28T08:29:03.369+0000: [GC (Allocation Failure) 2020-10-28T08:29:03.369+0000: [ParNew: 16902K->1030K(18432K), 0.0027788 secs] 625254K->609382K(896640K), 0.0028261 secs] [Times: user=0.00 sys=0.00, real=0.00 secs] 
2020-10-28T08:29:03.387+0000: [GC (Allocation Failure) 2020-10-28T08:29:03.387+0000: [ParNew: 17414K->4K(18432K), 0.0029068 secs] 625766K->608870K(896640K), 0.0029545 secs] [Times: user=0.01 sys=0.00, real=0.01 secs] 
2020-10-28T08:29:03.405+0000: [GC (Allocation Failure) 2020-10-28T08:29:03.405+0000: [ParNew: 16388K->4K(18432K), 0.0028477 secs] 625254K->608870K(896640K), 0.0028992 secs] [Times: user=0.00 sys=0.00, real=0.00 secs] 
2020-10-28T08:29:03.422+0000: [GC (Allocation Failure) 2020-10-28T08:29:03.422+0000: [ParNew: 16388K->4K(18432K), 0.0027007 secs] 625254K->608870K(896640K), 0.0027440 secs] [Times: user=0.00 sys=0.00, real=0.00 secs] 
2020-10-28T08:29:03.440+0000: [GC (Allocation Failure) 2020-10-28T08:29:03.440+0000: [ParNew: 16388K->4K(18432K), 0.0026710 secs] 625254K->608870K(896640K), 0.0027167 secs] [Times: user=0.01 sys=0.00, real=0.00 secs] 
2020-10-28T08:29:03.464+0000: [GC (Allocation Failure) 2020-10-28T08:29:03.464+0000: [ParNew: 16388K->4K(18432K), 0.0028119 secs] 625254K->608870K(896640K), 0.0028642 secs] [Times: user=0.00 sys=0.00, real=0.00 secs] 
2020-10-28T08:29:03.482+0000: [GC (Allocation Failure) 2020-10-28T08:29:03.482+0000: [ParNew: 16388K->4K(18432K), 0.0026402 secs] 625254K->608870K(896640K), 0.0026877 secs] [Times: user=0.01 sys=0.00, real=0.00 secs] 
2020-10-28T08:29:03.499+0000: [GC (Allocation Failure) 2020-10-28T08:29:03.499+0000: [ParNew: 16388K->4K(18432K), 0.0026429 secs] 625254K->608870K(896640K), 0.0026903 secs] [Times: user=0.00 sys=0.00, real=0.01 secs] 
2020-10-28T08:29:03.517+0000: [GC (Allocation Failure) 2020-10-28T08:29:03.517+0000: [ParNew: 16388K->4K(18432K), 0.0025795 secs] 625254K->608870K(896640K), 0.0026240 secs] [Times: user=0.01 sys=0.00, real=0.00 secs] 
2020-10-28T08:29:03.536+0000: [GC (Allocation Failure) 2020-10-28T08:29:03.536+0000: [ParNew: 16388K->4K(18432K), 0.0026278 secs] 625254K->608870K(896640K), 0.0026737 secs] [Times: user=0.01 sys=0.00, real=0.00 secs] 
2020-10-28T08:29:03.556+0000: [GC (Allocation Failure) 2020-10-28T08:29:03.556+0000: [ParNew: 16384K->4K(18432K), 0.0025935 secs] 625250K->608870K(896640K), 0.0026388 secs] [Times: user=0.00 sys=0.00, real=0.00 secs] 
2020-10-28T08:29:03.576+0000: [GC (Allocation Failure) 2020-10-28T08:29:03.576+0000: [ParNew: 16388K->4K(18432K), 0.0025912 secs] 625254K->608870K(896640K), 0.0026354 secs] [Times: user=0.00 sys=0.00, real=0.00 secs] 
2020-10-28T08:29:03.596+0000: [GC (Allocation Failure) 2020-10-28T08:29:03.596+0000: [ParNew: 16388K->4K(18432K), 0.0026084 secs] 625254K->608870K(896640K), 0.0026539 secs] [Times: user=0.00 sys=0.00, real=0.00 secs] 
2020-10-28T08:29:03.613+0000: [GC (Allocation Failure) 2020-10-28T08:29:03.613+0000: [ParNew: 16388K->4K(18432K), 0.0026780 secs] 625254K->608870K(896640K), 0.0027238 secs] [Times: user=0.01 sys=0.00, real=0.00 secs] 
2020-10-28T08:29:03.631+0000: [GC (Allocation Failure) 2020-10-28T08:29:03.631+0000: [ParNew: 16388K->4K(18432K), 0.0026601 secs] 625254K->608870K(896640K), 0.0027033 secs] [Times: user=0.00 sys=0.00, real=0.00 secs] 
2020-10-28T08:29:03.652+0000: [GC (Allocation Failure) 2020-10-28T08:29:03.652+0000: [ParNew: 16388K->4K(18432K), 0.0027346 secs] 625254K->608870K(896640K), 0.0027836 secs] [Times: user=0.00 sys=0.00, real=0.00 secs] 
2020-10-28T08:29:03.672+0000: [GC (Allocation Failure) 2020-10-28T08:29:03.672+0000: [ParNew: 16388K->4K(18432K), 0.0026793 secs] 625254K->608870K(896640K), 0.0027265 secs] [Times: user=0.00 sys=0.00, real=0.00 secs] 
2020-10-28T08:29:03.690+0000: [GC (Allocation Failure) 2020-10-28T08:29:03.690+0000: [ParNew: 16388K->4K(18432K), 0.0027897 secs] 625254K->608870K(896640K), 0.0028389 secs] [Times: user=0.00 sys=0.00, real=0.00 secs] 
2020-10-28T08:29:03.707+0000: [GC (Allocation Failure) 2020-10-28T08:29:03.707+0000: [ParNew: 16388K->4K(18432K), 0.0027953 secs] 625254K->608870K(896640K), 0.0028429 secs] [Times: user=0.01 sys=0.00, real=0.01 secs] 
2020-10-28T08:29:03.725+0000: [GC (Allocation Failure) 2020-10-28T08:29:03.725+0000: [ParNew: 16388K->4K(18432K), 0.0028266 secs] 625254K->608870K(896640K), 0.0028738 secs] [Times: user=0.00 sys=0.00, real=0.01 secs] 
2020-10-28T08:29:03.744+0000: [GC (Allocation Failure) 2020-10-28T08:29:03.744+0000: [ParNew: 16388K->4K(18432K), 0.0027026 secs] 625254K->608870K(896640K), 0.0027509 secs] [Times: user=0.00 sys=0.00, real=0.00 secs] 
2020-10-28T08:29:03.764+0000: [GC (Allocation Failure) 2020-10-28T08:29:03.764+0000: [ParNew: 16388K->4K(18432K), 0.0027370 secs] 625254K->608870K(896640K), 0.0027850 secs] [Times: user=0.01 sys=0.00, real=0.00 secs] 
2020-10-28T08:29:03.784+0000: [GC (Allocation Failure) 2020-10-28T08:29:03.784+0000: [ParNew: 16388K->4K(18432K), 0.0026537 secs] 625254K->608870K(896640K), 0.0026993 secs] [Times: user=0.01 sys=0.00, real=0.00 secs] 
2020-10-28T08:29:03.804+0000: [GC (Allocation Failure) 2020-10-28T08:29:03.804+0000: [ParNew: 16388K->4K(18432K), 0.0026913 secs] 625254K->608870K(896640K), 0.0027380 secs] [Times: user=0.00 sys=0.00, real=0.00 secs] 
2020-10-28T08:29:03.824+0000: [GC (Allocation Failure) 2020-10-28T08:29:03.824+0000: [ParNew: 16388K->4K(18432K), 0.0026563 secs] 625254K->608870K(896640K), 0.0027010 secs] [Times: user=0.01 sys=0.00, real=0.00 secs] 
2020-10-28T08:29:03.844+0000: [GC (Allocation Failure) 2020-10-28T08:29:03.844+0000: [ParNew: 16388K->4K(18432K), 0.0026675 secs] 625254K->608870K(896640K), 0.0027136 secs] [Times: user=0.01 sys=0.00, real=0.00 secs] 
2020-10-28T08:29:03.864+0000: [GC (Allocation Failure) 2020-10-28T08:29:03.864+0000: [ParNew: 16388K->4K(18432K), 0.0026681 secs] 625254K->608870K(896640K), 0.0027143 secs] [Times: user=0.01 sys=0.00, real=0.00 secs] 
2020-10-28T08:29:03.881+0000: [GC (Allocation Failure) 2020-10-28T08:29:03.881+0000: [ParNew: 16388K->4K(18432K), 0.0027062 secs] 625254K->608870K(896640K), 0.0027550 secs] [Times: user=0.01 sys=0.00, real=0.00 secs] 
2020-10-28T08:29:03.900+0000: [GC (Allocation Failure) 2020-10-28T08:29:03.900+0000: [ParNew: 16388K->4K(18432K), 0.0027071 secs] 625254K->608870K(896640K), 0.0027676 secs] [Times: user=0.01 sys=0.00, real=0.00 secs] 
2020-10-28T08:29:03.920+0000: [GC (Allocation Failure) 2020-10-28T08:29:03.920+0000: [ParNew: 16388K->4K(18432K), 0.0026026 secs] 625254K->608870K(896640K), 0.0026483 secs] [Times: user=0.00 sys=0.00, real=0.00 secs] 
2020-10-28T08:29:03.937+0000: [GC (Allocation Failure) 2020-10-28T08:29:03.937+0000: [ParNew: 16388K->4K(18432K), 0.0026579 secs] 625254K->608870K(896640K), 0.0027039 secs] [Times: user=0.01 sys=0.00, real=0.01 secs] 
2020-10-28T08:29:03.959+0000: [GC (Allocation Failure) 2020-10-28T08:29:03.959+0000: [ParNew: 16388K->4K(18432K), 0.0026730 secs] 625254K->608870K(896640K), 0.0027205 secs] [Times: user=0.01 sys=0.00, real=0.01 secs] 
2020-10-28T08:29:03.977+0000: [GC (Allocation Failure) 2020-10-28T08:29:03.977+0000: [ParNew: 16388K->4K(18432K), 0.0026908 secs] 625254K->608870K(896640K), 0.0027364 secs] [Times: user=0.00 sys=0.00, real=0.00 secs] 
2020-10-28T08:29:03.994+0000: [GC (Allocation Failure) 2020-10-28T08:29:03.994+0000: [ParNew: 16388K->4K(18432K), 0.0026489 secs] 625254K->608870K(896640K), 0.0026936 secs] [Times: user=0.01 sys=0.00, real=0.00 secs] 
2020-10-28T08:29:04.012+0000: [GC (Allocation Failure) 2020-10-28T08:29:04.012+0000: [ParNew: 16388K->4K(18432K), 0.0025940 secs] 625254K->608870K(896640K), 0.0026373 secs] [Times: user=0.00 sys=0.00, real=0.00 secs] 
2020-10-28T08:29:04.029+0000: [GC (Allocation Failure) 2020-10-28T08:29:04.029+0000: [ParNew: 16388K->4K(18432K), 0.0026331 secs] 625254K->608870K(896640K), 0.0026768 secs] [Times: user=0.00 sys=0.00, real=0.00 secs] 
2020-10-28T08:29:04.047+0000: [GC (Allocation Failure) 2020-10-28T08:29:04.047+0000: [ParNew: 16388K->4K(18432K), 0.0025809 secs] 625254K->608870K(896640K), 0.0026239 secs] [Times: user=0.01 sys=0.00, real=0.01 secs] 
2020-10-28T08:29:04.068+0000: [GC (Allocation Failure) 2020-10-28T08:29:04.068+0000: [ParNew: 16388K->4K(18432K), 0.0025014 secs] 625254K->608870K(896640K), 0.0025491 secs] [Times: user=0.00 sys=0.00, real=0.00 secs] 
2020-10-28T08:29:04.088+0000: [GC (Allocation Failure) 2020-10-28T08:29:04.088+0000: [ParNew: 16388K->4K(18432K), 0.0025131 secs] 625254K->608870K(896640K), 0.0025833 secs] [Times: user=0.01 sys=0.00, real=0.00 secs] 
2020-10-28T08:29:04.105+0000: [GC (Allocation Failure) 2020-10-28T08:29:04.105+0000: [ParNew: 16388K->4K(18432K), 0.0025313 secs] 625254K->608870K(896640K), 0.0025836 secs] [Times: user=0.00 sys=0.00, real=0.01 secs] 
2020-10-28T08:29:04.128+0000: [GC (Allocation Failure) 2020-10-28T08:29:04.128+0000: [ParNew: 16388K->4K(18432K), 0.0027850 secs] 625254K->608870K(896640K), 0.0028350 secs] [Times: user=0.00 sys=0.00, real=0.00 secs] 
2020-10-28T08:29:04.148+0000: [GC (Allocation Failure) 2020-10-28T08:29:04.148+0000: [ParNew: 16388K->4K(18432K), 0.0026294 secs] 625254K->608870K(896640K), 0.0026724 secs] [Times: user=0.01 sys=0.00, real=0.00 secs] 
2020-10-28T08:29:04.172+0000: [GC (Allocation Failure) 2020-10-28T08:29:04.172+0000: [ParNew: 16388K->4K(18432K), 0.0027565 secs] 625254K->608870K(896640K), 0.0028070 secs] [Times: user=0.01 sys=0.00, real=0.00 secs] 
2020-10-28T08:29:04.189+0000: [GC (Allocation Failure) 2020-10-28T08:29:04.189+0000: [ParNew: 16388K->4K(18432K), 0.0027397 secs] 625254K->608870K(896640K), 0.0027990 secs] [Times: user=0.01 sys=0.00, real=0.00 secs] 
2020-10-28T08:29:04.207+0000: [GC (Allocation Failure) 2020-10-28T08:29:04.207+0000: [ParNew: 16388K->4K(18432K), 0.0026632 secs] 625254K->608870K(896640K), 0.0027078 secs] [Times: user=0.00 sys=0.00, real=0.01 secs] 
2020-10-28T08:29:04.225+0000: [GC (Allocation Failure) 2020-10-28T08:29:04.225+0000: [ParNew: 16388K->4K(18432K), 0.0025127 secs] 625254K->608870K(896640K), 0.0025574 secs] [Times: user=0.00 sys=0.00, real=0.00 secs] 
2020-10-28T08:29:04.244+0000: [GC (Allocation Failure) 2020-10-28T08:29:04.244+0000: [ParNew: 16388K->4K(18432K), 0.0026902 secs] 625254K->608871K(896640K), 0.0027387 secs] [Times: user=0.00 sys=0.00, real=0.00 secs] 
2020-10-28T08:29:04.261+0000: [GC (Allocation Failure) 2020-10-28T08:29:04.261+0000: [ParNew: 16388K->4K(18432K), 0.0026472 secs] 625255K->608871K(896640K), 0.0026911 secs] [Times: user=0.00 sys=0.00, real=0.00 secs] 
2020-10-28T08:29:04.279+0000: [GC (Allocation Failure) 2020-10-28T08:29:04.279+0000: [ParNew: 16348K->4K(18432K), 0.0027568 secs] 625215K->608871K(896640K), 0.0028088 secs] [Times: user=0.01 sys=0.00, real=0.01 secs] 
2020-10-28T08:29:04.297+0000: [GC (Allocation Failure) 2020-10-28T08:29:04.297+0000: [ParNew: 16388K->4K(18432K), 0.0026873 secs] 625255K->608871K(896640K), 0.0027360 secs] [Times: user=0.00 sys=0.00, real=0.00 secs] 
2020-10-28T08:29:04.314+0000: [GC (Allocation Failure) 2020-10-28T08:29:04.314+0000: [ParNew: 16388K->4K(18432K), 0.0025379 secs] 625255K->608871K(896640K), 0.0025834 secs] [Times: user=0.01 sys=0.00, real=0.00 secs] 
2020-10-28T08:29:04.336+0000: [GC (Allocation Failure) 2020-10-28T08:29:04.336+0000: [ParNew: 16388K->4K(18432K), 0.0025265 secs] 625255K->608871K(896640K), 0.0025700 secs] [Times: user=0.00 sys=0.00, real=0.00 secs] 
2020-10-28T08:29:04.353+0000: [GC (Allocation Failure) 2020-10-28T08:29:04.353+0000: [ParNew: 16388K->4K(18432K), 0.0025673 secs] 625255K->608871K(896640K), 0.0026126 secs] [Times: user=0.01 sys=0.00, real=0.00 secs] 
2020-10-28T08:29:04.371+0000: [GC (Allocation Failure) 2020-10-28T08:29:04.371+0000: [ParNew: 16388K->4K(18432K), 0.0026014 secs] 625255K->608871K(896640K), 0.0026511 secs] [Times: user=0.00 sys=0.00, real=0.00 secs] 
2020-10-28T08:29:04.388+0000: [GC (Allocation Failure) 2020-10-28T08:29:04.388+0000: [ParNew: 16388K->4K(18432K), 0.0025223 secs] 625255K->608871K(896640K), 0.0025657 secs] [Times: user=0.01 sys=0.00, real=0.00 secs] 
2020-10-28T08:29:04.408+0000: [GC (Allocation Failure) 2020-10-28T08:29:04.408+0000: [ParNew: 16388K->4K(18432K), 0.0027453 secs] 625255K->608871K(896640K), 0.0027938 secs] [Times: user=0.00 sys=0.00, real=0.00 secs] 
2020-10-28T08:29:04.425+0000: [GC (Allocation Failure) 2020-10-28T08:29:04.425+0000: [ParNew: 16388K->4K(18432K), 0.0026061 secs] 625255K->608871K(896640K), 0.0026504 secs] [Times: user=0.01 sys=0.00, real=0.01 secs] 
2020-10-28T08:29:04.447+0000: [GC (Allocation Failure) 2020-10-28T08:29:04.447+0000: [ParNew: 16388K->4K(18432K), 0.0025542 secs] 625255K->608871K(896640K), 0.0025987 secs] [Times: user=0.01 sys=0.00, real=0.01 secs] 
2020-10-28T08:29:04.465+0000: [GC (Allocation Failure) 2020-10-28T08:29:04.465+0000: [ParNew: 16388K->4K(18432K), 0.0025041 secs] 625255K->608871K(896640K), 0.0025478 secs] [Times: user=0.00 sys=0.00, real=0.00 secs] 
2020-10-28T08:29:04.482+0000: [GC (Allocation Failure) 2020-10-28T08:29:04.482+0000: [ParNew: 16388K->4K(18432K), 0.0025353 secs] 625255K->608871K(896640K), 0.0025804 secs] [Times: user=0.01 sys=0.00, real=0.00 secs] 
2020-10-28T08:29:04.500+0000: [GC (Allocation Failure) 2020-10-28T08:29:04.500+0000: [ParNew: 16388K->4K(18432K), 0.0027328 secs] 625255K->608871K(896640K), 0.0027833 secs] [Times: user=0.01 sys=0.00, real=0.00 secs] 
2020-10-28T08:29:04.520+0000: [GC (Allocation Failure) 2020-10-28T08:29:04.520+0000: [ParNew: 16388K->4K(18432K), 0.0025652 secs] 625255K->608871K(896640K), 0.0026110 secs] [Times: user=0.00 sys=0.00, real=0.00 secs] 
2020-10-28T08:29:04.537+0000: [GC (Allocation Failure) 2020-10-28T08:29:04.537+0000: [ParNew: 16388K->4K(18432K), 0.0025572 secs] 625255K->608871K(896640K), 0.0026001 secs] [Times: user=0.01 sys=0.00, real=0.01 secs] 
2020-10-28T08:29:04.555+0000: [GC (Allocation Failure) 2020-10-28T08:29:04.555+0000: [ParNew: 16388K->4K(18432K), 0.0025567 secs] 625255K->608871K(896640K), 0.0026007 secs] [Times: user=0.00 sys=0.00, real=0.00 secs] 
2020-10-28T08:29:04.576+0000: [GC (Allocation Failure) 2020-10-28T08:29:04.576+0000: [ParNew: 16388K->4K(18432K), 0.0024979 secs] 625255K->608871K(896640K), 0.0025415 secs] [Times: user=0.00 sys=0.00, real=0.00 secs] 
2020-10-28T08:29:04.596+0000: [GC (Allocation Failure) 2020-10-28T08:29:04.596+0000: [ParNew: 16388K->4K(18432K), 0.0025362 secs] 625255K->608871K(896640K), 0.0025806 secs] [Times: user=0.01 sys=0.00, real=0.00 secs] 
2020-10-28T08:29:04.616+0000: [GC (Allocation Failure) 2020-10-28T08:29:04.616+0000: [ParNew: 16388K->4K(18432K), 0.0026064 secs] 625255K->608871K(896640K), 0.0026528 secs] [Times: user=0.00 sys=0.00, real=0.00 secs] 
2020-10-28T08:29:04.633+0000: [GC (Allocation Failure) 2020-10-28T08:29:04.633+0000: [ParNew: 16388K->4K(18432K), 0.0025629 secs] 625255K->608871K(896640K), 0.0026081 secs] [Times: user=0.01 sys=0.00, real=0.00 secs] 
2020-10-28T08:29:04.652+0000: [GC (Allocation Failure) 2020-10-28T08:29:04.652+0000: [ParNew: 16388K->4K(18432K), 0.0027434 secs] 625255K->608871K(896640K), 0.0027940 secs] [Times: user=0.01 sys=0.00, real=0.00 secs] 
2020-10-28T08:29:04.669+0000: [GC (Allocation Failure) 2020-10-28T08:29:04.669+0000: [ParNew: 16388K->4K(18432K), 0.0025813 secs] 625255K->608871K(896640K), 0.0026269 secs] [Times: user=0.00 sys=0.00, real=0.00 secs] 
2020-10-28T08:29:04.688+0000: [GC (Allocation Failure) 2020-10-28T08:29:04.688+0000: [ParNew: 16388K->4K(18432K), 0.0027422 secs] 625255K->608871K(896640K), 0.0027936 secs] [Times: user=0.01 sys=0.00, real=0.00 secs] 
2020-10-28T08:29:04.705+0000: [GC (Allocation Failure) 2020-10-28T08:29:04.705+0000: [ParNew: 16388K->4K(18432K), 0.0026739 secs] 625255K->608871K(896640K), 0.0027202 secs] [Times: user=0.01 sys=0.00, real=0.01 secs] 
2020-10-28T08:29:04.723+0000: [GC (Allocation Failure) 2020-10-28T08:29:04.723+0000: [ParNew: 16388K->4K(18432K), 0.0026121 secs] 625255K->608871K(896640K), 0.0026558 secs] [Times: user=0.00 sys=0.00, real=0.00 secs] 
2020-10-28T08:29:04.743+0000: [GC (Allocation Failure) 2020-10-28T08:29:04.743+0000: [ParNew: 16388K->4K(18432K), 0.0025879 secs] 625255K->608871K(896640K), 0.0026300 secs] [Times: user=0.00 sys=0.00, real=0.00 secs] 
2020-10-28T08:29:04.763+0000: [GC (Allocation Failure) 2020-10-28T08:29:04.764+0000: [ParNew: 16388K->4K(18432K), 0.0026984 secs] 625255K->608871K(896640K), 0.0027475 secs] [Times: user=0.01 sys=0.00, real=0.00 secs] 
2020-10-28T08:29:04.784+0000: [GC (Allocation Failure) 2020-10-28T08:29:04.784+0000: [ParNew: 16388K->4K(18432K), 0.0027640 secs] 625255K->608871K(896640K), 0.0028115 secs] [Times: user=0.00 sys=0.00, real=0.00 secs] 
2020-10-28T08:29:04.802+0000: [GC (Allocation Failure) 2020-10-28T08:29:04.802+0000: [ParNew: 16388K->4K(18432K), 0.0026732 secs] 625255K->608871K(896640K), 0.0027189 secs] [Times: user=0.01 sys=0.00, real=0.00 secs] 
2020-10-28T08:29:04.823+0000: [GC (Allocation Failure) 2020-10-28T08:29:04.823+0000: [ParNew: 16388K->4K(18432K), 0.0026521 secs] 625255K->608871K(896640K), 0.0026962 secs] [Times: user=0.01 sys=0.00, real=0.00 secs] 
2020-10-28T08:29:04.843+0000: [GC (Allocation Failure) 2020-10-28T08:29:04.843+0000: [ParNew: 16388K->4K(18432K), 0.0026771 secs] 625255K->608871K(896640K), 0.0027226 secs] [Times: user=0.00 sys=0.00, real=0.00 secs] 
2020-10-28T08:29:04.861+0000: [GC (Allocation Failure) 2020-10-28T08:29:04.861+0000: [ParNew: 16388K->4K(18432K), 0.0026274 secs] 625255K->608871K(896640K), 0.0026704 secs] [Times: user=0.01 sys=0.00, real=0.00 secs] 
2020-10-28T08:29:04.880+0000: [GC (Allocation Failure) 2020-10-28T08:29:04.880+0000: [ParNew: 16388K->4K(18432K), 0.0026626 secs] 625255K->608871K(896640K), 0.0027078 secs] [Times: user=0.00 sys=0.00, real=0.00 secs] 
2020-10-28T08:29:04.900+0000: [GC (Allocation Failure) 2020-10-28T08:29:04.900+0000: [ParNew: 16388K->4K(18432K), 0.0026662 secs] 625255K->608871K(896640K), 0.0027133 secs] [Times: user=0.01 sys=0.00, real=0.00 secs] 
2020-10-28T08:29:04.920+0000: [GC (Allocation Failure) 2020-10-28T08:29:04.920+0000: [ParNew: 16388K->4K(18432K), 0.0026398 secs] 625255K->608871K(896640K), 0.0026828 secs] [Times: user=0.00 sys=0.00, real=0.00 secs] 
2020-10-28T08:29:04.940+0000: [GC (Allocation Failure) 2020-10-28T08:29:04.940+0000: [ParNew: 16388K->4K(18432K), 0.0026237 secs] 625255K->608871K(896640K), 0.0026677 secs] [Times: user=0.01 sys=0.00, real=0.00 secs] 
2020-10-28T08:29:04.960+0000: [GC (Allocation Failure) 2020-10-28T08:29:04.960+0000: [ParNew: 16388K->4K(18432K), 0.0025973 secs] 625255K->608871K(896640K), 0.0026508 secs] [Times: user=0.00 sys=0.00, real=0.00 secs] 
2020-10-28T08:29:04.977+0000: [GC (Allocation Failure) 2020-10-28T08:29:04.977+0000: [ParNew: 16388K->4K(18432K), 0.0026743 secs] 625255K->608871K(896640K), 0.0027189 secs] [Times: user=0.01 sys=0.00, real=0.01 secs] 
2020-10-28T08:29:04.996+0000: [GC (Allocation Failure) 2020-10-28T08:29:04.996+0000: [ParNew: 16388K->4K(18432K), 0.0026572 secs] 625255K->608871K(896640K), 0.0027035 secs] [Times: user=0.01 sys=0.00, real=0.00 secs] 
2020-10-28T08:29:05.016+0000: [GC (Allocation Failure) 2020-10-28T08:29:05.016+0000: [ParNew: 16388K->4K(18432K), 0.0026132 secs] 625255K->608871K(896640K), 0.0026583 secs] [Times: user=0.00 sys=0.00, real=0.00 secs] 
2020-10-28T08:29:05.036+0000: [GC (Allocation Failure) 2020-10-28T08:29:05.036+0000: [ParNew: 16388K->4K(18432K), 0.0026253 secs] 625255K->608871K(896640K), 0.0026684 secs] [Times: user=0.01 sys=0.00, real=0.00 secs] 
2020-10-28T08:29:05.053+0000: [GC (Allocation Failure) 2020-10-28T08:29:05.053+0000: [ParNew: 16388K->4K(18432K), 0.0026303 secs] 625255K->608871K(896640K), 0.0026733 secs] [Times: user=0.00 sys=0.00, real=0.00 secs] 
2020-10-28T08:29:05.071+0000: [GC (Allocation Failure) 2020-10-28T08:29:05.071+0000: [ParNew: 16388K->4K(18432K), 0.0026171 secs] 625255K->608871K(896640K), 0.0026610 secs] [Times: user=0.01 sys=0.00, real=0.00 secs] 
2020-10-28T08:29:05.089+0000: [GC (Allocation Failure) 2020-10-28T08:29:05.089+0000: [ParNew: 16388K->4K(18432K), 0.0025567 secs] 625255K->608871K(896640K), 0.0025998 secs] [Times: user=0.01 sys=0.00, real=0.00 secs] 
2020-10-28T08:29:05.106+0000: [GC (Allocation Failure) 2020-10-28T08:29:05.106+0000: [ParNew: 16388K->4K(18432K), 0.0025280 secs] 625255K->608871K(896640K), 0.0025725 secs] [Times: user=0.00 sys=0.00, real=0.01 secs] 
2020-10-28T08:29:05.127+0000: [GC (Allocation Failure) 2020-10-28T08:29:05.127+0000: [ParNew: 16388K->4K(18432K), 0.0026158 secs] 625255K->608871K(896640K), 0.0026620 secs] [Times: user=0.01 sys=0.00, real=0.01 secs] 
2020-10-28T08:29:05.145+0000: [GC (Allocation Failure) 2020-10-28T08:29:05.145+0000: [ParNew: 16388K->4K(18432K), 0.0026234 secs] 625255K->608871K(896640K), 0.0026849 secs] [Times: user=0.00 sys=0.00, real=0.01 secs] 
2020-10-28T08:29:05.162+0000: [GC (Allocation Failure) 2020-10-28T08:29:05.162+0000: [ParNew: 16388K->4K(18432K), 0.0026568 secs] 625255K->608871K(896640K), 0.0026994 secs] [Times: user=0.01 sys=0.00, real=0.00 secs] 
2020-10-28T08:29:05.180+0000: [GC (Allocation Failure) 2020-10-28T08:29:05.180+0000: [ParNew: 16388K->4K(18432K), 0.0025928 secs] 625255K->608871K(896640K), 0.0026355 secs] [Times: user=0.00 sys=0.00, real=0.00 secs] 
2020-10-28T08:29:05.197+0000: [GC (Allocation Failure) 2020-10-28T08:29:05.197+0000: [ParNew: 16388K->4K(18432K), 0.0027610 secs] 625255K->608871K(896640K), 0.0028234 secs] [Times: user=0.00 sys=0.00, real=0.01 secs] 
2020-10-28T08:29:05.215+0000: [GC (Allocation Failure) 2020-10-28T08:29:05.215+0000: [ParNew: 16388K->4K(18432K), 0.0026122 secs] 625255K->608871K(896640K), 0.0026594 secs] [Times: user=0.00 sys=0.00, real=0.00 secs] 
2020-10-28T08:29:05.233+0000: [GC (Allocation Failure) 2020-10-28T08:29:05.233+0000: [ParNew: 16388K->4K(18432K), 0.0025462 secs] 625255K->608871K(896640K), 0.0025922 secs] [Times: user=0.00 sys=0.00, real=0.00 secs] 
2020-10-28T08:29:05.250+0000: [GC (Allocation Failure) 2020-10-28T08:29:05.250+0000: [ParNew: 16388K->4K(18432K), 0.0025257 secs] 625255K->608871K(896640K), 0.0025702 secs] [Times: user=0.01 sys=0.00, real=0.00 secs] 
2020-10-28T08:29:05.271+0000: [GC (Allocation Failure) 2020-10-28T08:29:05.272+0000: [ParNew: 16388K->4K(18432K), 0.0025337 secs] 625255K->608871K(896640K), 0.0025786 secs] [Times: user=0.00 sys=0.00, real=0.00 secs] 
2020-10-28T08:29:05.290+0000: [GC (Allocation Failure) 2020-10-28T08:29:05.290+0000: [ParNew: 16388K->4K(18432K), 0.0027122 secs] 625255K->608871K(896640K), 0.0027613 secs] [Times: user=0.00 sys=0.00, real=0.00 secs] 
2020-10-28T08:29:05.311+0000: [GC (Allocation Failure) 2020-10-28T08:29:05.311+0000: [ParNew: 16388K->4K(18432K), 0.0026290 secs] 625255K->608871K(896640K), 0.0026751 secs] [Times: user=0.01 sys=0.00, real=0.00 secs] 
2020-10-28T08:29:05.329+0000: [GC (Allocation Failure) 2020-10-28T08:29:05.329+0000: [ParNew: 16388K->4K(18432K), 0.0025287 secs] 625255K->608871K(896640K), 0.0025729 secs] [Times: user=0.00 sys=0.00, real=0.00 secs] 
2020-10-28T08:29:05.347+0000: [GC (Allocation Failure) 2020-10-28T08:29:05.347+0000: [ParNew: 16388K->4K(18432K), 0.0025443 secs] 625255K->608871K(896640K), 0.0025855 secs] [Times: user=0.00 sys=0.00, real=0.01 secs] 
2020-10-28T08:29:05.364+0000: [GC (Allocation Failure) 2020-10-28T08:29:05.364+0000: [ParNew: 16388K->4K(18432K), 0.0025776 secs] 625255K->608871K(896640K), 0.0026190 secs] [Times: user=0.00 sys=0.00, real=0.00 secs] 
2020-10-28T08:29:05.381+0000: [GC (Allocation Failure) 2020-10-28T08:29:05.381+0000: [ParNew: 16388K->4K(18432K), 0.0026793 secs] 625255K->608871K(896640K), 0.0027288 secs] [Times: user=0.01 sys=0.00, real=0.00 secs] 
2020-10-28T08:29:05.400+0000: [GC (Allocation Failure) 2020-10-28T08:29:05.400+0000: [ParNew: 16388K->4K(18432K), 0.0028688 secs] 625255K->608871K(896640K), 0.0029224 secs] [Times: user=0.00 sys=0.00, real=0.00 secs] 
2020-10-28T08:29:05.419+0000: [GC (Allocation Failure) 2020-10-28T08:29:05.419+0000: [ParNew: 16388K->4K(18432K), 0.0029025 secs] 625255K->608871K(896640K), 0.0029530 secs] [Times: user=0.01 sys=0.00, real=0.01 secs] 
2020-10-28T08:29:05.437+0000: [GC (Allocation Failure) 2020-10-28T08:29:05.437+0000: [ParNew: 16388K->4K(18432K), 0.0029392 secs] 625255K->608871K(896640K), 0.0029948 secs] [Times: user=0.01 sys=0.00, real=0.01 secs] 
2020-10-28T08:29:05.458+0000: [GC (Allocation Failure) 2020-10-28T08:29:05.458+0000: [ParNew: 16388K->4K(18432K), 0.0029198 secs] 625255K->608871K(896640K), 0.0029769 secs] [Times: user=0.00 sys=0.00, real=0.01 secs] 
2020-10-28T08:29:05.480+0000: [GC (Allocation Failure) 2020-10-28T08:29:05.480+0000: [ParNew: 16388K->4K(18432K), 0.0028590 secs] 625255K->608871K(896640K), 0.0029130 secs] [Times: user=0.00 sys=0.00, real=0.00 secs] 
2020-10-28T08:29:05.498+0000: [GC (Allocation Failure) 2020-10-28T08:29:05.498+0000: [ParNew: 16388K->4K(18432K), 0.0026876 secs] 625255K->608871K(896640K), 0.0027355 secs] [Times: user=0.01 sys=0.00, real=0.01 secs] 
2020-10-28T08:29:05.515+0000: [GC (Allocation Failure) 2020-10-28T08:29:05.515+0000: [ParNew: 16388K->4K(18432K), 0.0028162 secs] 625255K->608871K(896640K), 0.0028618 secs] [Times: user=0.00 sys=0.00, real=0.00 secs] 
2020-10-28T08:29:05.533+0000: [GC (Allocation Failure) 2020-10-28T08:29:05.533+0000: [ParNew: 16388K->4K(18432K), 0.0025524 secs] 625255K->608871K(896640K), 0.0025975 secs] [Times: user=0.01 sys=0.00, real=0.00 secs] 
2020-10-28T08:29:05.552+0000: [GC (Allocation Failure) 2020-10-28T08:29:05.552+0000: [ParNew: 16388K->4K(18432K), 0.0025307 secs] 625255K->608871K(896640K), 0.0025755 secs] [Times: user=0.00 sys=0.00, real=0.00 secs] 
2020-10-28T08:29:05.572+0000: [GC (Allocation Failure) 2020-10-28T08:29:05.572+0000: [ParNew: 16388K->4K(18432K), 0.0025270 secs] 625255K->608871K(896640K), 0.0025716 secs] [Times: user=0.00 sys=0.00, real=0.00 secs] 
2020-10-28T08:29:05.589+0000: [GC (Allocation Failure) 2020-10-28T08:29:05.589+0000: [ParNew: 16388K->4K(18432K), 0.0026256 secs] 625255K->608871K(896640K), 0.0026691 secs] [Times: user=0.01 sys=0.00, real=0.00 secs] 
2020-10-28T08:29:05.608+0000: [GC (Allocation Failure) 2020-10-28T08:29:05.608+0000: [ParNew: 16388K->4K(18432K), 0.0025516 secs] 625255K->608871K(896640K), 0.0025957 secs] [Times: user=0.01 sys=0.00, real=0.00 secs] 
2020-10-28T08:29:05.628+0000: [GC (Allocation Failure) 2020-10-28T08:29:05.628+0000: [ParNew: 16388K->4K(18432K), 0.0027409 secs] 625255K->608871K(896640K), 0.0027888 secs] [Times: user=0.00 sys=0.00, real=0.00 secs] 
2020-10-28T08:29:05.648+0000: [GC (Allocation Failure) 2020-10-28T08:29:05.648+0000: [ParNew: 16388K->4K(18432K), 0.0026905 secs] 625255K->608871K(896640K), 0.0027386 secs] [Times: user=0.01 sys=0.00, real=0.00 secs] 
2020-10-28T08:29:05.665+0000: [GC (Allocation Failure) 2020-10-28T08:29:05.666+0000: [ParNew: 16388K->4K(18432K), 0.0028009 secs] 625255K->608871K(896640K), 0.0028619 secs] [Times: user=0.00 sys=0.00, real=0.01 secs] 
2020-10-28T08:29:05.683+0000: [GC (Allocation Failure) 2020-10-28T08:29:05.683+0000: [ParNew: 16388K->4K(18432K), 0.0033466 secs] 625255K->608871K(896640K), 0.0033986 secs] [Times: user=0.01 sys=0.00, real=0.00 secs] 
2020-10-28T08:29:05.705+0000: [GC (Allocation Failure) 2020-10-28T08:29:05.705+0000: [ParNew: 16388K->4K(18432K), 0.0028628 secs] 625255K->608871K(896640K), 0.0029160 secs] [Times: user=0.01 sys=0.00, real=0.01 secs] 
2020-10-28T08:29:05.723+0000: [GC (Allocation Failure) 2020-10-28T08:29:05.723+0000: [ParNew: 16388K->4K(18432K), 0.0028363 secs] 625255K->608871K(896640K), 0.0028896 secs] [Times: user=0.01 sys=0.00, real=0.00 secs] 
2020-10-28T08:29:05.741+0000: [GC (Allocation Failure) 2020-10-28T08:29:05.741+0000: [ParNew: 16388K->4K(18432K), 0.0027090 secs] 625255K->608871K(896640K), 0.0027534 secs] [Times: user=0.00 sys=0.00, real=0.00 secs] 
2020-10-28T08:29:05.759+0000: [GC (Allocation Failure) 2020-10-28T08:29:05.759+0000: [ParNew: 16388K->4K(18432K), 0.0026172 secs] 625255K->608871K(896640K), 0.0026606 secs] [Times: user=0.01 sys=0.00, real=0.01 secs] 
2020-10-28T08:29:05.780+0000: [GC (Allocation Failure) 2020-10-28T08:29:05.780+0000: [ParNew: 16388K->4K(18432K), 0.0026819 secs] 625255K->608871K(896640K), 0.0027288 secs] [Times: user=0.01 sys=0.00, real=0.00 secs] 
2020-10-28T08:29:05.798+0000: [GC (Allocation Failure) 2020-10-28T08:29:05.798+0000: [ParNew: 16388K->4K(18432K), 0.0026949 secs] 625255K->608871K(896640K), 0.0027449 secs] [Times: user=0.01 sys=0.00, real=0.01 secs] 
2020-10-28T08:29:05.819+0000: [GC (Allocation Failure) 2020-10-28T08:29:05.819+0000: [ParNew: 16388K->4K(18432K), 0.0025601 secs] 625255K->608872K(896640K), 0.0026045 secs] [Times: user=0.00 sys=0.00, real=0.01 secs] 
2020-10-28T08:29:05.840+0000: [GC (Allocation Failure) 2020-10-28T08:29:05.840+0000: [ParNew: 16388K->4K(18432K), 0.0025601 secs] 625256K->608872K(896640K), 0.0026052 secs] [Times: user=0.01 sys=0.00, real=0.00 secs] 
2020-10-28T08:29:05.861+0000: [GC (Allocation Failure) 2020-10-28T08:29:05.861+0000: [ParNew: 16388K->4K(18432K), 0.0027598 secs] 625256K->608872K(896640K), 0.0028066 secs] [Times: user=0.00 sys=0.00, real=0.00 secs] 
2020-10-28T08:29:05.880+0000: [GC (Allocation Failure) 2020-10-28T08:29:05.880+0000: [ParNew: 16388K->4K(18432K), 0.0026930 secs] 625256K->608872K(896640K), 0.0027436 secs] [Times: user=0.00 sys=0.00, real=0.00 secs] 
2020-10-28T08:29:05.897+0000: [GC (Allocation Failure) 2020-10-28T08:29:05.897+0000: [ParNew: 16388K->4K(18432K), 0.0027839 secs] 625256K->608872K(896640K), 0.0028346 secs] [Times: user=0.01 sys=0.00, real=0.01 secs] 
2020-10-28T08:29:05.915+0000: [GC (Allocation Failure) 2020-10-28T08:29:05.915+0000: [ParNew: 16388K->4K(18432K), 0.0027510 secs] 625256K->608872K(896640K), 0.0027998 secs] [Times: user=0.01 sys=0.00, real=0.00 secs] 
2020-10-28T08:29:05.936+0000: [GC (Allocation Failure) 2020-10-28T08:29:05.936+0000: [ParNew: 16388K->4K(18432K), 0.0027445 secs] 625256K->608872K(896640K), 0.0027958 secs] [Times: user=0.01 sys=0.00, real=0.00 secs] 
2020-10-28T08:29:05.956+0000: [GC (Allocation Failure) 2020-10-28T08:29:05.956+0000: [ParNew: 16388K->4K(18432K), 0.0027919 secs] 625256K->608872K(896640K), 0.0028414 secs] [Times: user=0.01 sys=0.00, real=0.00 secs] 
2020-10-28T08:29:05.974+0000: [GC (Allocation Failure) 2020-10-28T08:29:05.974+0000: [ParNew: 16388K->4K(18432K), 0.0028478 secs] 625256K->608872K(896640K), 0.0028998 secs] [Times: user=0.00 sys=0.00, real=0.00 secs] 
2020-10-28T08:29:05.991+0000: [GC (Allocation Failure) 2020-10-28T08:29:05.991+0000: [ParNew: 16388K->4K(18432K), 0.0028565 secs] 625256K->608872K(896640K), 0.0029073 secs] [Times: user=0.01 sys=0.00, real=0.00 secs] 
2020-10-28T08:29:06.009+0000: [GC (Allocation Failure) 2020-10-28T08:29:06.009+0000: [ParNew: 16388K->4K(18432K), 0.0028378 secs] 625256K->608872K(896640K), 0.0028881 secs] [Times: user=0.00 sys=0.00, real=0.00 secs] 
2020-10-28T08:29:06.028+0000: [GC (Allocation Failure) 2020-10-28T08:29:06.028+0000: [ParNew: 16388K->4K(18432K), 0.0028807 secs] 625256K->608872K(896640K), 0.0029369 secs] [Times: user=0.01 sys=0.00, real=0.00 secs] 
2020-10-28T08:29:06.046+0000: [GC (Allocation Failure) 2020-10-28T08:29:06.046+0000: [ParNew: 16388K->4K(18432K), 0.0027764 secs] 625256K->608872K(896640K), 0.0028239 secs] [Times: user=0.01 sys=0.00, real=0.01 secs] 
2020-10-28T08:29:06.063+0000: [GC (Allocation Failure) 2020-10-28T08:29:06.063+0000: [ParNew: 16388K->4K(18432K), 0.0025394 secs] 625256K->608872K(896640K), 0.0025841 secs] [Times: user=0.01 sys=0.00, real=0.00 secs] 
2020-10-28T08:29:06.081+0000: [GC (Allocation Failure) 2020-10-28T08:29:06.081+0000: [ParNew: 16388K->4K(18432K), 0.0025411 secs] 625256K->608872K(896640K), 0.0025858 secs] [Times: user=0.00 sys=0.00, real=0.00 secs] 
2020-10-28T08:29:06.100+0000: [GC (Allocation Failure) 2020-10-28T08:29:06.100+0000: [ParNew: 16388K->4K(18432K), 0.0025731 secs] 625256K->608872K(896640K), 0.0026184 secs] [Times: user=0.01 sys=0.00, real=0.00 secs] 
2020-10-28T08:29:06.120+0000: [GC (Allocation Failure) 2020-10-28T08:29:06.120+0000: [ParNew: 16388K->4K(18432K), 0.0026947 secs] 625256K->608872K(896640K), 0.0027438 secs] [Times: user=0.00 sys=0.00, real=0.00 secs] 
2020-10-28T08:29:06.137+0000: [GC (Allocation Failure) 2020-10-28T08:29:06.137+0000: [ParNew: 16388K->4K(18432K), 0.0026849 secs] 625256K->608872K(896640K), 0.0027301 secs] [Times: user=0.00 sys=0.00, real=0.01 secs] 
2020-10-28T08:29:06.155+0000: [GC (Allocation Failure) 2020-10-28T08:29:06.155+0000: [ParNew: 16388K->4K(18432K), 0.0027510 secs] 625256K->608872K(896640K), 0.0028005 secs] [Times: user=0.01 sys=0.00, real=0.00 secs] 
2020-10-28T08:29:06.176+0000: [GC (Allocation Failure) 2020-10-28T08:29:06.176+0000: [ParNew: 16388K->4K(18432K), 0.0025409 secs] 625256K->608872K(896640K), 0.0025864 secs] [Times: user=0.00 sys=0.00, real=0.00 secs] 
2020-10-28T08:29:06.195+0000: [GC (Allocation Failure) 2020-10-28T08:29:06.195+0000: [ParNew: 16388K->4K(18432K), 0.0025808 secs] 625256K->608872K(896640K), 0.0026265 secs] [Times: user=0.01 sys=0.00, real=0.00 secs] 
2020-10-28T08:29:06.213+0000: [GC (Allocation Failure) 2020-10-28T08:29:06.213+0000: [ParNew: 16388K->4K(18432K), 0.0026241 secs] 625256K->608872K(896640K), 0.0026776 secs] [Times: user=0.01 sys=0.00, real=0.00 secs] 
2020-10-28T08:29:06.230+0000: [GC (Allocation Failure) 2020-10-28T08:29:06.230+0000: [ParNew: 16388K->4K(18432K), 0.0026752 secs] 625256K->608872K(896640K), 0.0027264 secs] [Times: user=0.00 sys=0.00, real=0.00 secs] 
2020-10-28T08:29:06.252+0000: [GC (Allocation Failure) 2020-10-28T08:29:06.252+0000: [ParNew: 16388K->4K(18432K), 0.0026216 secs] 625256K->608872K(896640K), 0.0026679 secs] [Times: user=0.01 sys=0.00, real=0.00 secs] 
2020-10-28T08:29:06.269+0000: [GC (Allocation Failure) 2020-10-28T08:29:06.269+0000: [ParNew: 16388K->4K(18432K), 0.0026124 secs] 625256K->608872K(896640K), 0.0026556 secs] [Times: user=0.00 sys=0.00, real=0.00 secs] 
2020-10-28T08:29:06.288+0000: [GC (Allocation Failure) 2020-10-28T08:29:06.288+0000: [ParNew: 16388K->4K(18432K), 0.0026688 secs] 625256K->608872K(896640K), 0.0027140 secs] [Times: user=0.01 sys=0.00, real=0.00 secs] 
2020-10-28T08:29:06.305+0000: [GC (Allocation Failure) 2020-10-28T08:29:06.305+0000: [ParNew: 16388K->4K(18432K), 0.0027004 secs] 625256K->608872K(896640K), 0.0027484 secs] [Times: user=0.00 sys=0.00, real=0.01 secs] 
2020-10-28T08:29:06.327+0000: [GC (Allocation Failure) 2020-10-28T08:29:06.327+0000: [ParNew: 16388K->4K(18432K), 0.0026963 secs] 625256K->608872K(896640K), 0.0027430 secs] [Times: user=0.01 sys=0.00, real=0.01 secs] 
2020-10-28T08:29:06.345+0000: [GC (Allocation Failure) 2020-10-28T08:29:06.345+0000: [ParNew: 16388K->4K(18432K), 0.0027386 secs] 625256K->608872K(896640K), 0.0027958 secs] [Times: user=0.00 sys=0.00, real=0.00 secs] 
2020-10-28T08:29:06.362+0000: [GC (Allocation Failure) 2020-10-28T08:29:06.362+0000: [ParNew: 16388K->4K(18432K), 0.0027824 secs] 625256K->608872K(896640K), 0.0028333 secs] [Times: user=0.00 sys=0.00, real=0.00 secs] 
2020-10-28T08:29:06.380+0000: [GC (Allocation Failure) 2020-10-28T08:29:06.380+0000: [ParNew: 16388K->4K(18432K), 0.0027092 secs] 625256K->608872K(896640K), 0.0027586 secs] [Times: user=0.01 sys=0.00, real=0.00 secs] 
2020-10-28T08:29:06.398+0000: [GC (Allocation Failure) 2020-10-28T08:29:06.398+0000: [ParNew: 16388K->4K(18432K), 0.0025880 secs] 625256K->608872K(896640K), 0.0026428 secs] [Times: user=0.00 sys=0.00, real=0.01 secs] 
2020-10-28T08:29:06.415+0000: [GC (Allocation Failure) 2020-10-28T08:29:06.415+0000: [ParNew: 16388K->4K(18432K), 0.0027286 secs] 625256K->608872K(896640K), 0.0027787 secs] [Times: user=0.01 sys=0.00, real=0.00 secs] 
2020-10-28T08:29:06.433+0000: [GC (Allocation Failure) 2020-10-28T08:29:06.433+0000: [ParNew: 16388K->4K(18432K), 0.0027883 secs] 625256K->608872K(896640K), 0.0028370 secs] [Times: user=0.01 sys=0.00, real=0.00 secs] 
2020-10-28T08:29:06.452+0000: [GC (Allocation Failure) 2020-10-28T08:29:06.452+0000: [ParNew: 16388K->4K(18432K), 0.0027505 secs] 625256K->608872K(896640K), 0.0028012 secs] [Times: user=0.00 sys=0.00, real=0.00 secs] 
2020-10-28T08:29:06.476+0000: [GC (Allocation Failure) 2020-10-28T08:29:06.476+0000: [ParNew: 16388K->4K(18432K), 0.0027644 secs] 625256K->608872K(896640K), 0.0028152 secs] [Times: user=0.01 sys=0.00, real=0.00 secs] 
2020-10-28T08:29:06.494+0000: [GC (Allocation Failure) 2020-10-28T08:29:06.494+0000: [ParNew: 16388K->4K(18432K), 0.0028227 secs] 625256K->608872K(896640K), 0.0028729 secs] [Times: user=0.01 sys=0.00, real=0.00 secs] 
2020-10-28T08:29:06.511+0000: [GC (Allocation Failure) 2020-10-28T08:29:06.511+0000: [ParNew: 16388K->4K(18432K), 0.0028597 secs] 625256K->608872K(896640K), 0.0029147 secs] [Times: user=0.00 sys=0.00, real=0.00 secs] 
2020-10-28T08:29:06.529+0000: [GC (Allocation Failure) 2020-10-28T08:29:06.529+0000: [ParNew: 16388K->4K(18432K), 0.0028442 secs] 625256K->608872K(896640K), 0.0028961 secs] [Times: user=0.00 sys=0.00, real=0.00 secs] 
2020-10-28T08:29:06.548+0000: [GC (Allocation Failure) 2020-10-28T08:29:06.548+0000: [ParNew: 16388K->4K(18432K), 0.0030261 secs] 625256K->608872K(896640K), 0.0030793 secs] [Times: user=0.01 sys=0.00, real=0.00 secs] 
2020-10-28T08:29:06.566+0000: [GC (Allocation Failure) 2020-10-28T08:29:06.566+0000: [ParNew: 16388K->4K(18432K), 0.0028850 secs] 625256K->608872K(896640K), 0.0029408 secs] [Times: user=0.01 sys=0.00, real=0.01 secs] 
2020-10-28T08:29:06.588+0000: [GC (Allocation Failure) 2020-10-28T08:29:06.588+0000: [ParNew: 16388K->4K(18432K), 0.0028803 secs] 625256K->608872K(896640K), 0.0029350 secs] [Times: user=0.01 sys=0.00, real=0.00 secs] 
2020-10-28T08:29:06.608+0000: [GC (Allocation Failure) 2020-10-28T08:29:06.608+0000: [ParNew: 16388K->4K(18432K), 0.0029211 secs] 625256K->608872K(896640K), 0.0029732 secs] [Times: user=0.00 sys=0.00, real=0.00 secs] 
2020-10-28T08:29:06.625+0000: [GC (Allocation Failure) 2020-10-28T08:29:06.625+0000: [ParNew: 16388K->4K(18432K), 0.0028231 secs] 625256K->608872K(896640K), 0.0028734 secs] [Times: user=0.01 sys=0.00, real=0.01 secs] 
2020-10-28T08:29:06.643+0000: [GC (Allocation Failure) 2020-10-28T08:29:06.643+0000: [ParNew: 16388K->4K(18432K), 0.0027928 secs] 625256K->608872K(896640K), 0.0028439 secs] [Times: user=0.00 sys=0.00, real=0.00 secs] 
2020-10-28T08:29:06.661+0000: [GC (Allocation Failure) 2020-10-28T08:29:06.661+0000: [ParNew: 16388K->4K(18432K), 0.0027194 secs] 625256K->608872K(896640K), 0.0027665 secs] [Times: user=0.01 sys=0.00, real=0.00 secs] 
2020-10-28T08:29:06.678+0000: [GC (Allocation Failure) 2020-10-28T08:29:06.678+0000: [ParNew: 16388K->4K(18432K), 0.0025786 secs] 625256K->608872K(896640K), 0.0026257 secs] [Times: user=0.01 sys=0.00, real=0.01 secs] 
2020-10-28T08:29:06.696+0000: [GC (Allocation Failure) 2020-10-28T08:29:06.696+0000: [ParNew: 16388K->4K(18432K), 0.0026746 secs] 625256K->608872K(896640K), 0.0027217 secs] [Times: user=0.01 sys=0.00, real=0.00 secs] 
2020-10-28T08:29:06.716+0000: [GC (Allocation Failure) 2020-10-28T08:29:06.716+0000: [ParNew: 16388K->4K(18432K), 0.0032042 secs] 625256K->608872K(896640K), 0.0032585 secs] [Times: user=0.00 sys=0.00, real=0.00 secs] 
2020-10-28T08:29:06.739+0000: [GC (Allocation Failure) 2020-10-28T08:29:06.739+0000: [ParNew: 16388K->4K(18432K), 0.0073867 secs] 625256K->608872K(896640K), 0.0074523 secs] [Times: user=0.00 sys=0.00, real=0.01 secs] 
2020-10-28T08:29:06.764+0000: [GC (Allocation Failure) 2020-10-28T08:29:06.764+0000: [ParNew: 16388K->4K(18432K), 0.0027321 secs] 625256K->608872K(896640K), 0.0027810 secs] [Times: user=0.01 sys=0.00, real=0.00 secs] 
2020-10-28T08:29:06.781+0000: [GC (Allocation Failure) 2020-10-28T08:29:06.781+0000: [ParNew: 16388K->4K(18432K), 0.0028408 secs] 625256K->608872K(896640K), 0.0028948 secs] [Times: user=0.01 sys=0.00, real=0.00 secs] 
2020-10-28T08:29:06.800+0000: [GC (Allocation Failure) 2020-10-28T08:29:06.800+0000: [ParNew: 16388K->4K(18432K), 0.0027225 secs] 625256K->608872K(896640K), 0.0027722 secs] [Times: user=0.00 sys=0.00, real=0.00 secs] 
2020-10-28T08:29:06.820+0000: [GC (Allocation Failure) 2020-10-28T08:29:06.820+0000: [ParNew: 16388K->4K(18432K), 0.0027411 secs] 625256K->608872K(896640K), 0.0027896 secs] [Times: user=0.00 sys=0.00, real=0.00 secs] 
2020-10-28T08:29:06.837+0000: [GC (Allocation Failure) 2020-10-28T08:29:06.837+0000: [ParNew: 16388K->4K(18432K), 0.0027521 secs] 625256K->608872K(896640K), 0.0028020 secs] [Times: user=0.01 sys=0.00, real=0.01 secs] 
2020-10-28T08:29:06.856+0000: [GC (Allocation Failure) 2020-10-28T08:29:06.856+0000: [ParNew: 16388K->4K(18432K), 0.0028554 secs] 625256K->608872K(896640K), 0.0029112 secs] [Times: user=0.00 sys=0.00, real=0.00 secs] 
2020-10-28T08:29:06.874+0000: [GC (Allocation Failure) 2020-10-28T08:29:06.874+0000: [ParNew: 16388K->4K(18432K), 0.0026156 secs] 625256K->608872K(896640K), 0.0026647 secs] [Times: user=0.01 sys=0.00, real=0.00 secs] 
2020-10-28T08:29:06.895+0000: [GC (Allocation Failure) 2020-10-28T08:29:06.895+0000: [ParNew: 16388K->4K(18432K), 0.0028276 secs] 625256K->608872K(896640K), 0.0028786 secs] [Times: user=0.01 sys=0.00, real=0.00 secs] 
2020-10-28T08:29:06.916+0000: [GC (Allocation Failure) 2020-10-28T08:29:06.916+0000: [ParNew: 16388K->4K(18432K), 0.0027796 secs] 625256K->608872K(896640K), 0.0028299 secs] [Times: user=0.00 sys=0.00, real=0.00 secs] 
2020-10-28T08:29:06.938+0000: [GC (Allocation Failure) 2020-10-28T08:29:06.938+0000: [ParNew: 16388K->4K(18432K), 0.0027242 secs] 625256K->608872K(896640K), 0.0027919 secs] [Times: user=0.01 sys=0.00, real=0.01 secs] 
2020-10-28T08:29:06.959+0000: [GC (Allocation Failure) 2020-10-28T08:29:06.959+0000: [ParNew: 16388K->4K(18432K), 0.0028258 secs] 625256K->608872K(896640K), 0.0028755 secs] [Times: user=0.00 sys=0.00, real=0.01 secs] 
2020-10-28T08:29:06.977+0000: [GC (Allocation Failure) 2020-10-28T08:29:06.977+0000: [ParNew: 16388K->4K(18432K), 0.0028216 secs] 625256K->608872K(896640K), 0.0028731 secs] [Times: user=0.01 sys=0.00, real=0.01 secs] 
2020-10-28T08:29:06.996+0000: [GC (Allocation Failure) 2020-10-28T08:29:06.996+0000: [ParNew: 16388K->4K(18432K), 0.0028354 secs] 625256K->608872K(896640K), 0.0028875 secs] [Times: user=0.00 sys=0.00, real=0.00 secs] 
2020-10-28T08:29:07.014+0000: [GC (Allocation Failure) 2020-10-28T08:29:07.014+0000: [ParNew: 16388K->4K(18432K), 0.0028520 secs] 625256K->608872K(896640K), 0.0029056 secs] [Times: user=0.01 sys=0.00, real=0.00 secs] 
2020-10-28T08:29:07.035+0000: [GC (Allocation Failure) 2020-10-28T08:29:07.035+0000: [ParNew: 16388K->4K(18432K), 0.0027157 secs] 625256K->608872K(896640K), 0.0027625 secs] [Times: user=0.01 sys=0.00, real=0.00 secs] 
2020-10-28T08:29:07.053+0000: [GC (Allocation Failure) 2020-10-28T08:29:07.053+0000: [ParNew: 16388K->4K(18432K), 0.0027076 secs] 625256K->608872K(896640K), 0.0027551 secs] [Times: user=0.01 sys=0.00, real=0.00 secs] 
2020-10-28T08:29:07.072+0000: [GC (Allocation Failure) 2020-10-28T08:29:07.072+0000: [ParNew: 16388K->4K(18432K), 0.0026694 secs] 625256K->608872K(896640K), 0.0027131 secs] [Times: user=0.01 sys=0.00, real=0.00 secs] 
2020-10-28T08:29:07.089+0000: [GC (Allocation Failure) 2020-10-28T08:29:07.089+0000: [ParNew: 16388K->4K(18432K), 0.0026712 secs] 625256K->608872K(896640K), 0.0027164 secs] [Times: user=0.00 sys=0.00, real=0.00 secs] 
2020-10-28T08:29:07.107+0000: [GC (Allocation Failure) 2020-10-28T08:29:07.107+0000: [ParNew: 16388K->4K(18432K), 0.0028070 secs] 625256K->608872K(896640K), 0.0028582 secs] [Times: user=0.01 sys=0.00, real=0.01 secs] 
2020-10-28T08:29:07.124+0000: [GC (Allocation Failure) 2020-10-28T08:29:07.124+0000: [ParNew: 16388K->4K(18432K), 0.0027784 secs] 625256K->608872K(896640K), 0.0028432 secs] [Times: user=0.00 sys=0.00, real=0.00 secs] 
2020-10-28T08:29:07.142+0000: [GC (Allocation Failure) 2020-10-28T08:29:07.142+0000: [ParNew: 16388K->4K(18432K), 0.0027045 secs] 625256K->608872K(896640K), 0.0027502 secs] [Times: user=0.01 sys=0.00, real=0.00 secs] 
2020-10-28T08:29:07.160+0000: [GC (Allocation Failure) 2020-10-28T08:29:07.160+0000: [ParNew: 16388K->4K(18432K), 0.0026665 secs] 625256K->608872K(896640K), 0.0027101 secs] [Times: user=0.00 sys=0.00, real=0.00 secs] 
2020-10-28T08:29:07.177+0000: [GC (Allocation Failure) 2020-10-28T08:29:07.177+0000: [ParNew: 16388K->4K(18432K), 0.0026435 secs] 625256K->608872K(896640K), 0.0026878 secs] [Times: user=0.00 sys=0.00, real=0.01 secs] 
2020-10-28T08:29:07.196+0000: [GC (Allocation Failure) 2020-10-28T08:29:07.196+0000: [ParNew: 16388K->4K(18432K), 0.0026129 secs] 625256K->608872K(896640K), 0.0026583 secs] [Times: user=0.01 sys=0.00, real=0.00 secs] 
2020-10-28T08:29:07.213+0000: [GC (Allocation Failure) 2020-10-28T08:29:07.214+0000: [ParNew: 16388K->4K(18432K), 0.0030255 secs] 625256K->608872K(896640K), 0.0030733 secs] [Times: user=0.00 sys=0.00, real=0.00 secs] 
2020-10-28T08:29:07.231+0000: [GC (Allocation Failure) 2020-10-28T08:29:07.231+0000: [ParNew: 16388K->4K(18432K), 0.0026618 secs] 625256K->608872K(896640K), 0.0027066 secs] [Times: user=0.00 sys=0.00, real=0.00 secs] 
2020-10-28T08:29:07.252+0000: [GC (Allocation Failure) 2020-10-28T08:29:07.252+0000: [ParNew: 16388K->4K(18432K), 0.0026520 secs] 625256K->608872K(896640K), 0.0026968 secs] [Times: user=0.01 sys=0.00, real=0.00 secs] 
2020-10-28T08:29:07.272+0000: [GC (Allocation Failure) 2020-10-28T08:29:07.272+0000: [ParNew: 16388K->4K(18432K), 0.0025961 secs] 625256K->608872K(896640K), 0.0026393 secs] [Times: user=0.00 sys=0.00, real=0.00 secs] 
2020-10-28T08:29:07.289+0000: [GC (Allocation Failure) 2020-10-28T08:29:07.289+0000: [ParNew: 16388K->4K(18432K), 0.0026336 secs] 625256K->608872K(896640K), 0.0026790 secs] [Times: user=0.00 sys=0.00, real=0.00 secs] 
2020-10-28T08:29:07.307+0000: [GC (Allocation Failure) 2020-10-28T08:29:07.307+0000: [ParNew: 16388K->4K(18432K), 0.0027699 secs] 625256K->608872K(896640K), 0.0028203 secs] [Times: user=0.01 sys=0.00, real=0.01 secs] 
2020-10-28T08:29:07.325+0000: [GC (Allocation Failure) 2020-10-28T08:29:07.325+0000: [ParNew: 16388K->4K(18432K), 0.0026452 secs] 625256K->608872K(896640K), 0.0026928 secs] [Times: user=0.01 sys=0.00, real=0.00 secs] 
2020-10-28T08:29:07.342+0000: [GC (Allocation Failure) 2020-10-28T08:29:07.342+0000: [ParNew: 16388K->4K(18432K), 0.0026360 secs] 625256K->608872K(896640K), 0.0026772 secs] [Times: user=0.01 sys=0.00, real=0.00 secs] 
2020-10-28T08:29:07.363+0000: [GC (Allocation Failure) 2020-10-28T08:29:07.363+0000: [ParNew: 16388K->4K(18432K), 0.0025358 secs] 625256K->608872K(896640K), 0.0025895 secs] [Times: user=0.00 sys=0.00, real=0.00 secs] 
2020-10-28T08:29:07.384+0000: [GC (Allocation Failure) 2020-10-28T08:29:07.384+0000: [ParNew: 16388K->4K(18432K), 0.0025547 secs] 625256K->608872K(896640K), 0.0026004 secs] [Times: user=0.01 sys=0.00, real=0.00 secs] 
2020-10-28T08:29:07.404+0000: [GC (Allocation Failure) 2020-10-28T08:29:07.404+0000: [ParNew: 16388K->4K(18432K), 0.0026541 secs] 625256K->608872K(896640K), 0.0027007 secs] [Times: user=0.01 sys=0.00, real=0.00 secs] 
2020-10-28T08:29:07.421+0000: [GC (Allocation Failure) 2020-10-28T08:29:07.421+0000: [ParNew: 16388K->4K(18432K), 0.0027040 secs] 625256K->608872K(896640K), 0.0027539 secs] [Times: user=0.01 sys=0.00, real=0.00 secs] 
2020-10-28T08:29:07.439+0000: [GC (Allocation Failure) 2020-10-28T08:29:07.439+0000: [ParNew: 16388K->4K(18432K), 0.0025881 secs] 625256K->608872K(896640K), 0.0026434 secs] [Times: user=0.00 sys=0.00, real=0.01 secs] 
2020-10-28T08:29:07.458+0000: [GC (Allocation Failure) 2020-10-28T08:29:07.458+0000: [ParNew: 16388K->4K(18432K), 0.0026463 secs] 625256K->608872K(896640K), 0.0026940 secs] [Times: user=0.01 sys=0.00, real=0.01 secs] 
2020-10-28T08:29:07.475+0000: [GC (Allocation Failure) 2020-10-28T08:29:07.475+0000: [ParNew: 16388K->4K(18432K), 0.0025851 secs] 625256K->608872K(896640K), 0.0026309 secs] [Times: user=0.00 sys=0.00, real=0.00 secs] 
2020-10-28T08:29:07.496+0000: [GC (Allocation Failure) 2020-10-28T08:29:07.496+0000: [ParNew: 16388K->4K(18432K), 0.0025548 secs] 625256K->608872K(896640K), 0.0025986 secs] [Times: user=0.01 sys=0.00, real=0.00 secs] 
2020-10-28T08:29:07.516+0000: [GC (Allocation Failure) 2020-10-28T08:29:07.516+0000: [ParNew: 16388K->4K(18432K), 0.0025609 secs] 625256K->608872K(896640K), 0.0026035 secs] [Times: user=0.00 sys=0.00, real=0.00 secs] 
2020-10-28T08:29:07.533+0000: [GC (Allocation Failure) 2020-10-28T08:29:07.533+0000: [ParNew: 16388K->4K(18432K), 0.0026199 secs] 625256K->608872K(896640K), 0.0026651 secs] [Times: user=0.01 sys=0.00, real=0.00 secs] 
2020-10-28T08:29:07.552+0000: [GC (Allocation Failure) 2020-10-28T08:29:07.552+0000: [ParNew: 16388K->4K(18432K), 0.0026100 secs] 625256K->608872K(896640K), 0.0026545 secs] [Times: user=0.00 sys=0.00, real=0.00 secs] 
2020-10-28T08:29:07.569+0000: [GC (Allocation Failure) 2020-10-28T08:29:07.569+0000: [ParNew: 16388K->4K(18432K), 0.0026107 secs] 625256K->608872K(896640K), 0.0026548 secs] [Times: user=0.01 sys=0.00, real=0.00 secs] 
2020-10-28T08:29:07.587+0000: [GC (Allocation Failure) 2020-10-28T08:29:07.587+0000: [ParNew: 16388K->4K(18432K), 0.0026350 secs] 625256K->608872K(896640K), 0.0026823 secs] [Times: user=0.00 sys=0.00, real=0.01 secs] 
2020-10-28T08:29:07.604+0000: [GC (Allocation Failure) 2020-10-28T08:29:07.604+0000: [ParNew: 16388K->4K(18432K), 0.0026323 secs] 625256K->608872K(896640K), 0.0026771 secs] [Times: user=0.00 sys=0.00, real=0.00 secs] 
2020-10-28T08:29:07.624+0000: [GC (Allocation Failure) 2020-10-28T08:29:07.624+0000: [ParNew: 16388K->4K(18432K), 0.0026135 secs] 625256K->608872K(896640K), 0.0026594 secs] [Times: user=0.01 sys=0.00, real=0.00 secs] 
2020-10-28T08:29:07.641+0000: [GC (Allocation Failure) 2020-10-28T08:29:07.641+0000: [ParNew: 16388K->4K(18432K), 0.0026288 secs] 625256K->608872K(896640K), 0.0026743 secs] [Times: user=0.01 sys=0.00, real=0.00 secs] 
2020-10-28T08:29:07.659+0000: [GC (Allocation Failure) 2020-10-28T08:29:07.659+0000: [ParNew: 16388K->4K(18432K), 0.0026456 secs] 625256K->608872K(896640K), 0.0026923 secs] [Times: user=0.00 sys=0.00, real=0.01 secs] 
2020-10-28T08:29:07.680+0000: [GC (Allocation Failure) 2020-10-28T08:29:07.680+0000: [ParNew: 16388K->4K(18432K), 0.0025966 secs] 625256K->608872K(896640K), 0.0026430 secs] [Times: user=0.00 sys=0.00, real=0.00 secs] 
2020-10-28T08:29:07.697+0000: [GC (Allocation Failure) 2020-10-28T08:29:07.697+0000: [ParNew: 16388K->4K(18432K), 0.0025755 secs] 625256K->608872K(896640K), 0.0026210 secs] [Times: user=0.01 sys=0.00, real=0.01 secs] 
2020-10-28T08:29:07.716+0000: [GC (Allocation Failure) 2020-10-28T08:29:07.716+0000: [ParNew: 16388K->4K(18432K), 0.0026798 secs] 625256K->608872K(896640K), 0.0027269 secs] [Times: user=0.00 sys=0.00, real=0.00 secs] 
2020-10-28T08:29:07.736+0000: [GC (Allocation Failure) 2020-10-28T08:29:07.736+0000: [ParNew: 16388K->4K(18432K), 0.0026023 secs] 625256K->608872K(896640K), 0.0026466 secs] [Times: user=0.01 sys=0.00, real=0.00 secs] 
2020-10-28T08:29:07.753+0000: [GC (Allocation Failure) 2020-10-28T08:29:07.753+0000: [ParNew: 16388K->4K(18432K), 0.0026921 secs] 625256K->608872K(896640K), 0.0027384 secs] [Times: user=0.00 sys=0.00, real=0.00 secs] 
2020-10-28T08:29:07.776+0000: [GC (Allocation Failure) 2020-10-28T08:29:07.776+0000: [ParNew: 16388K->4K(18432K), 0.0029044 secs] 625256K->608872K(896640K), 0.0029530 secs] [Times: user=0.01 sys=0.01, real=0.00 secs] 
2020-10-28T08:29:07.794+0000: [GC (Allocation Failure) 2020-10-28T08:29:07.794+0000: [ParNew: 16388K->4K(18432K), 0.0028870 secs] 625256K->608872K(896640K), 0.0029361 secs] [Times: user=0.01 sys=0.00, real=0.00 secs] 
2020-10-28T08:29:07.812+0000: [GC (Allocation Failure) 2020-10-28T08:29:07.812+0000: [ParNew: 16388K->4K(18432K), 0.0026922 secs] 625256K->608872K(896640K), 0.0027377 secs] [Times: user=0.01 sys=0.00, real=0.00 secs] 
2020-10-28T08:29:07.830+0000: [GC (Allocation Failure) 2020-10-28T08:29:07.830+0000: [ParNew: 16388K->4K(18432K), 0.0026536 secs] 625256K->608872K(896640K), 0.0027002 secs] [Times: user=0.00 sys=0.00, real=0.00 secs] 
2020-10-28T08:29:07.848+0000: [GC (Allocation Failure) 2020-10-28T08:29:07.848+0000: [ParNew: 16388K->4K(18432K), 0.0026371 secs] 625256K->608872K(896640K), 0.0026848 secs] [Times: user=0.00 sys=0.00, real=0.00 secs] 
2020-10-28T08:29:07.868+0000: [GC (Allocation Failure) 2020-10-28T08:29:07.868+0000: [ParNew: 16388K->4K(18432K), 0.0027221 secs] 625256K->608872K(896640K), 0.0027720 secs] [Times: user=0.00 sys=0.00, real=0.00 secs] 
2020-10-28T08:29:07.885+0000: [GC (Allocation Failure) 2020-10-28T08:29:07.885+0000: [ParNew: 16388K->4K(18432K), 0.0027394 secs] 625256K->608872K(896640K), 0.0027892 secs] [Times: user=0.01 sys=0.00, real=0.01 secs] 
2020-10-28T08:29:07.903+0000: [GC (Allocation Failure) 2020-10-28T08:29:07.903+0000: [ParNew: 16388K->4K(18432K), 0.0027235 secs] 625256K->608872K(896640K), 0.0027724 secs] [Times: user=0.00 sys=0.00, real=0.00 secs] 
2020-10-28T08:29:07.921+0000: [GC (Allocation Failure) 2020-10-28T08:29:07.921+0000: [ParNew: 16388K->4K(18432K), 0.0026869 secs] 625256K->608873K(896640K), 0.0027350 secs] [Times: user=0.00 sys=0.00, real=0.00 secs] 
2020-10-28T08:29:07.940+0000: [GC (Allocation Failure) 2020-10-28T08:29:07.940+0000: [ParNew: 16388K->4K(18432K), 0.0027155 secs] 625257K->608873K(896640K), 0.0027641 secs] [Times: user=0.01 sys=0.00, real=0.00 secs] 
2020-10-28T08:29:07.957+0000: [GC (Allocation Failure) 2020-10-28T08:29:07.957+0000: [ParNew: 16388K->4K(18432K), 0.0027074 secs] 625257K->608873K(896640K), 0.0027547 secs] [Times: user=0.00 sys=0.00, real=0.01 secs] 
2020-10-28T08:29:07.975+0000: [GC (Allocation Failure) 2020-10-28T08:29:07.975+0000: [ParNew: 16388K->4K(18432K), 0.0026801 secs] 625257K->608873K(896640K), 0.0027286 secs] [Times: user=0.01 sys=0.00, real=0.00 secs] 
2020-10-28T08:29:07.996+0000: [GC (Allocation Failure) 2020-10-28T08:29:07.996+0000: [ParNew: 16388K->4K(18432K), 0.0040971 secs] 625257K->608873K(896640K), 0.0041469 secs] [Times: user=0.01 sys=0.00, real=0.01 secs] 
2020-10-28T08:29:08.015+0000: [GC (Allocation Failure) 2020-10-28T08:29:08.015+0000: [ParNew: 16388K->4K(18432K), 0.0027816 secs] 625257K->608873K(896640K), 0.0028309 secs] [Times: user=0.01 sys=0.00, real=0.00 secs] 
2020-10-28T08:29:08.032+0000: [GC (Allocation Failure) 2020-10-28T08:29:08.032+0000: [ParNew: 16388K->4K(18432K), 0.0027058 secs] 625257K->608873K(896640K), 0.0027532 secs] [Times: user=0.01 sys=0.00, real=0.00 secs] 
2020-10-28T08:29:08.050+0000: [GC (Allocation Failure) 2020-10-28T08:29:08.050+0000: [ParNew: 16388K->4K(18432K), 0.0026775 secs] 625257K->608873K(896640K), 0.0027218 secs] [Times: user=0.00 sys=0.00, real=0.00 secs] 
2020-10-28T08:29:08.071+0000: [GC (Allocation Failure) 2020-10-28T08:29:08.071+0000: [ParNew: 16388K->4K(18432K), 0.0026964 secs] 625257K->608873K(896640K), 0.0027452 secs] [Times: user=0.01 sys=0.00, real=0.00 secs] 
2020-10-28T08:29:08.089+0000: [GC (Allocation Failure) 2020-10-28T08:29:08.089+0000: [ParNew: 16388K->4K(18432K), 0.0026509 secs] 625257K->608873K(896640K), 0.0027056 secs] [Times: user=0.00 sys=0.00, real=0.00 secs] 
2020-10-28T08:29:08.112+0000: [GC (Allocation Failure) 2020-10-28T08:29:08.112+0000: [ParNew: 16388K->1085K(18432K), 0.0033509 secs] 625257K->612002K(896640K), 0.0034012 secs] [Times: user=0.01 sys=0.00, real=0.00 secs] 
2020-10-28T08:29:08.147+0000: [GC (Allocation Failure) 2020-10-28T08:29:08.147+0000: [ParNew: 17469K->4K(18432K), 0.0031407 secs] 628386K->612003K(896640K), 0.0032091 secs] [Times: user=0.01 sys=0.00, real=0.01 secs] 
2020-10-28T08:29:08.182+0000: [GC (Allocation Failure) 2020-10-28T08:29:08.182+0000: [ParNew: 16388K->4K(18432K), 0.0028490 secs] 628387K->612003K(896640K), 0.0028991 secs] [Times: user=0.00 sys=0.00, real=0.00 secs] 
2020-10-28T08:29:08.213+0000: [GC (Allocation Failure) 2020-10-28T08:29:08.213+0000: [ParNew: 16388K->4K(18432K), 0.0029026 secs] 628387K->612003K(896640K), 0.0029571 secs] [Times: user=0.00 sys=0.00, real=0.00 secs] 
2020-10-28T08:29:08.248+0000: [GC (Allocation Failure) 2020-10-28T08:29:08.248+0000: [ParNew: 16388K->4K(18432K), 0.0027696 secs] 628387K->612003K(896640K), 0.0028193 secs] [Times: user=0.01 sys=0.00, real=0.00 secs] 
2020-10-28T08:29:08.280+0000: [GC (Allocation Failure) 2020-10-28T08:29:08.280+0000: [ParNew: 16388K->4K(18432K), 0.0028905 secs] 628387K->612003K(896640K), 0.0029461 secs] [Times: user=0.01 sys=0.00, real=0.00 secs] 
2020-10-28T08:29:08.312+0000: [GC (Allocation Failure) 2020-10-28T08:29:08.312+0000: [ParNew: 16388K->4K(18432K), 0.0056175 secs] 628387K->612003K(896640K), 0.0056725 secs] [Times: user=0.01 sys=0.00, real=0.00 secs] 
2020-10-28T08:29:08.348+0000: [GC (Allocation Failure) 2020-10-28T08:29:08.348+0000: [ParNew: 16388K->4K(18432K), 0.0028841 secs] 628387K->612003K(896640K), 0.0029409 secs] [Times: user=0.01 sys=0.00, real=0.00 secs] 
2020-10-28T08:29:08.384+0000: [GC (Allocation Failure) 2020-10-28T08:29:08.384+0000: [ParNew: 16388K->4K(18432K), 0.0028649 secs] 628387K->612003K(896640K), 0.0029205 secs] [Times: user=0.00 sys=0.00, real=0.00 secs] 
2020-10-28T08:29:08.414+0000: [GC (Allocation Failure) 2020-10-28T08:29:08.414+0000: [ParNew: 16388K->4K(18432K), 0.0028872 secs] 628387K->612003K(896640K), 0.0029413 secs] [Times: user=0.01 sys=0.00, real=0.00 secs] 
2020-10-28T08:29:08.444+0000: [GC (Allocation Failure) 2020-10-28T08:29:08.444+0000: [ParNew: 15826K->1028K(18432K), 0.0034388 secs] 627826K->613027K(896640K), 0.0034929 secs] [Times: user=0.01 sys=0.00, real=0.00 secs] 
2020-10-28T08:29:08.772+0000: [GC (Allocation Failure) 2020-10-28T08:29:08.772+0000: [ParNew: 17412K->1081K(18432K), 0.0034244 secs] 629411K->615131K(896640K), 0.0035030 secs] [Times: user=0.01 sys=0.00, real=0.00 secs] 
2020-10-28T08:29:09.008+0000: [GC (Allocation Failure) 2020-10-28T08:29:09.008+0000: [ParNew: 17465K->4K(18432K), 0.0030936 secs] 631515K->615134K(896640K), 0.0031511 secs] [Times: user=0.01 sys=0.00, real=0.00 secs] 
2020-10-28T08:29:09.015+0000: [GC (CMS Initial Mark) [1 CMS-initial-mark: 615130K(878208K)] 615289K(896640K), 0.0012725 secs] [Times: user=0.00 sys=0.00, real=0.00 secs] 
2020-10-28T08:29:09.017+0000: [CMS-concurrent-mark-start]
2020-10-28T08:29:09.090+0000: [GC (Allocation Failure) 2020-10-28T08:29:09.090+0000: [ParNew: 16388K->4K(18432K), 0.0028441 secs] 631518K->615134K(896640K), 0.0028982 secs] [Times: user=0.01 sys=0.00, real=0.00 secs] 
2020-10-28T08:29:09.099+0000: [CMS-concurrent-mark: 0.080/0.083 secs] [Times: user=0.16 sys=0.00, real=0.08 secs] 
2020-10-28T08:29:09.099+0000: [CMS-concurrent-preclean-start]
2020-10-28T08:29:09.114+0000: [CMS-concurrent-preclean: 0.015/0.015 secs] [Times: user=0.03 sys=0.00, real=0.02 secs] 
2020-10-28T08:29:09.114+0000: [CMS-concurrent-abortable-preclean-start]
2020-10-28T08:29:09.159+0000: [GC (Allocation Failure) 2020-10-28T08:29:09.159+0000: [ParNew: 16537K->4K(18432K), 0.0027192 secs] 631668K->615134K(896640K), 0.0027735 secs] [Times: user=0.01 sys=0.00, real=0.01 secs] 
2020-10-28T08:29:09.161+0000: [CMS-concurrent-abortable-preclean: 0.005/0.047 secs] [Times: user=0.08 sys=0.02, real=0.05 secs] 
2020-10-28T08:29:09.163+0000: [GC (CMS Final Remark) [YG occupancy: 364 K (18432 K)]2020-10-28T08:29:09.163+0000: [Rescan (parallel) , 0.0018463 secs]2020-10-28T08:29:09.164+0000: [weak refs processing, 0.0001089 secs]2020-10-28T08:29:09.165+0000: [class unloading, 0.0090662 secs]2020-10-28T08:29:09.174+0000: [scrub symbol table, 0.0089145 secs]2020-10-28T08:29:09.183+0000: [scrub string table, 0.0006055 secs][1 CMS-remark: 615130K(878208K)] 615494K(896640K), 0.0206665 secs] [Times: user=0.02 sys=0.00, real=0.02 secs] 
2020-10-28T08:29:09.186+0000: [CMS-concurrent-sweep-start]
2020-10-28T08:29:09.201+0000: [CMS-concurrent-sweep: 0.015/0.015 secs] [Times: user=0.03 sys=0.00, real=0.02 secs] 
2020-10-28T08:29:09.201+0000: [CMS-concurrent-reset-start]
2020-10-28T08:29:09.204+0000: [CMS-concurrent-reset: 0.002/0.002 secs] [Times: user=0.00 sys=0.00, real=0.00 secs] 
2020-10-28T08:29:09.245+0000: [GC (Allocation Failure) 2020-10-28T08:29:09.245+0000: [ParNew: 16388K->4K(18432K), 0.0029217 secs] 358800K->342416K(896640K), 0.0029787 secs] [Times: user=0.01 sys=0.00, real=0.01 secs] 
2020-10-28T08:29:09.300+0000: [GC (Allocation Failure) 2020-10-28T08:29:09.300+0000: [ParNew: 16388K->4K(18432K), 0.0028729 secs] 358800K->342416K(896640K), 0.0029277 secs] [Times: user=0.00 sys=0.00, real=0.00 secs] 
2020-10-28T08:29:09.359+0000: [GC (Allocation Failure) 2020-10-28T08:29:09.359+0000: [ParNew: 16388K->4K(18432K), 0.0028833 secs] 358800K->342416K(896640K), 0.0029341 secs] [Times: user=0.01 sys=0.00, real=0.01 secs] 
2020-10-28T08:29:09.420+0000: [GC (Allocation Failure) 2020-10-28T08:29:09.420+0000: [ParNew: 16388K->4K(18432K), 0.0029435 secs] 358800K->342416K(896640K), 0.0029985 secs] [Times: user=0.01 sys=0.00, real=0.00 secs] 
2020-10-28T08:29:09.484+0000: [GC (Allocation Failure) 2020-10-28T08:29:09.484+0000: [ParNew: 16388K->2K(18432K), 0.0046233 secs] 358800K->342415K(896640K), 0.0046785 secs] [Times: user=0.00 sys=0.00, real=0.01 secs] 
2020-10-28T08:29:09.544+0000: [GC (GCLocker Initiated GC) 2020-10-28T08:29:09.544+0000: [ParNew: 16386K->4K(18432K), 0.0028615 secs] 358799K->342417K(896640K), 0.0029150 secs] [Times: user=0.01 sys=0.00, real=0.00 secs] 
2020-10-28T08:29:09.600+0000: [GC (Allocation Failure) 2020-10-28T08:29:09.600+0000: [ParNew: 16388K->4K(18432K), 0.0028781 secs] 358801K->342417K(896640K), 0.0029328 secs] [Times: user=0.00 sys=0.00, real=0.00 secs] 
2020-10-28T08:29:09.653+0000: [GC (Allocation Failure) 2020-10-28T08:29:09.653+0000: [ParNew: 16388K->4K(18432K), 0.0028594 secs] 358801K->342417K(896640K), 0.0029140 secs] [Times: user=0.00 sys=0.00, real=0.00 secs] 
2020-10-28T08:29:09.704+0000: [GC (Allocation Failure) 2020-10-28T08:29:09.704+0000: [ParNew: 16388K->4K(18432K), 0.0028686 secs] 358801K->342417K(896640K), 0.0029234 secs] [Times: user=0.00 sys=0.00, real=0.00 secs] 
2020-10-28T08:29:09.756+0000: [GC (Allocation Failure) 2020-10-28T08:29:09.756+0000: [ParNew: 16388K->4K(18432K), 0.0028849 secs] 358801K->342417K(896640K), 0.0029351 secs] [Times: user=0.00 sys=0.00, real=0.00 secs] 
2020-10-28T08:29:09.848+0000: [GC (Allocation Failure) 2020-10-28T08:29:09.848+0000: [ParNew: 16388K->203K(18432K), 0.0035610 secs] 358801K->342616K(896640K), 0.0036214 secs] [Times: user=0.01 sys=0.00, real=0.00 secs] 
2020-10-28T08:29:10.082+0000: [GC (Allocation Failure) 2020-10-28T08:29:10.082+0000: [ParNew: 16587K->653K(18432K), 0.0034570 secs] 359000K->343066K(896640K), 0.0035348 secs] [Times: user=0.01 sys=0.00, real=0.00 secs] 
2020-10-28T08:29:10.118+0000: [GC (Allocation Failure) 2020-10-28T08:29:10.118+0000: [ParNew: 17037K->829K(18432K), 0.0034380 secs] 359450K->343243K(896640K), 0.0035130 secs] [Times: user=0.01 sys=0.00, real=0.01 secs] 
2020-10-28T08:29:10.155+0000: [GC (Allocation Failure) 2020-10-28T08:29:10.155+0000: [ParNew: 17213K->1118K(18432K), 0.0033466 secs] 359627K->343532K(896640K), 0.0034249 secs] [Times: user=0.01 sys=0.00, real=0.00 secs] 
2020-10-28T08:29:10.192+0000: [GC (Allocation Failure) 2020-10-28T08:29:10.192+0000: [ParNew: 17502K->916K(18432K), 0.0075645 secs] 359916K->343448K(896640K), 0.0076342 secs] [Times: user=0.01 sys=0.00, real=0.01 secs] 
2020-10-28T08:29:10.230+0000: [GC (Allocation Failure) 2020-10-28T08:29:10.230+0000: [ParNew: 17300K->1498K(18432K), 0.0092400 secs] 359832K->344030K(896640K), 0.0093165 secs] [Times: user=0.02 sys=0.00, real=0.00 secs] 
2020-10-28T08:29:10.279+0000: [GC (Allocation Failure) 2020-10-28T08:29:10.279+0000: [ParNew: 17882K->145K(18432K), 0.0076508 secs] 360414K->344103K(896640K), 0.0077251 secs] [Times: user=0.01 sys=0.00, real=0.01 secs] 
2020-10-28T08:29:10.319+0000: [GC (Allocation Failure) 2020-10-28T08:29:10.319+0000: [ParNew: 16529K->36K(18432K), 0.0081748 secs] 360487K->343994K(896640K), 0.0082518 secs] [Times: user=0.01 sys=0.00, real=0.01 secs] 
2020-10-28T08:29:10.358+0000: [GC (Allocation Failure) 2020-10-28T08:29:10.358+0000: [ParNew: 16420K->9K(18432K), 0.0095625 secs] 360378K->343966K(896640K), 0.0096401 secs] [Times: user=0.02 sys=0.00, real=0.01 secs] 
2020-10-28T08:29:10.396+0000: [GC (Allocation Failure) 2020-10-28T08:29:10.396+0000: [ParNew: 16393K->2K(18432K), 0.0062503 secs] 360350K->346007K(896640K), 0.0063217 secs] [Times: user=0.01 sys=0.00, real=0.01 secs] 
2020-10-28T08:29:10.434+0000: [GC (Allocation Failure) 2020-10-28T08:29:10.434+0000: [ParNew: 16386K->4K(18432K), 0.0029380 secs] 362391K->346009K(896640K), 0.0029971 secs] [Times: user=0.00 sys=0.00, real=0.00 secs] 
2020-10-28T08:29:10.468+0000: [GC (Allocation Failure) 2020-10-28T08:29:10.468+0000: [ParNew: 16388K->4K(18432K), 0.0027923 secs] 362393K->346009K(896640K), 0.0028442 secs] [Times: user=0.01 sys=0.00, real=0.00 secs] 
2020-10-28T08:29:10.502+0000: [GC (Allocation Failure) 2020-10-28T08:29:10.502+0000: [ParNew: 16388K->4K(18432K), 0.0028444 secs] 362393K->346009K(896640K), 0.0028987 secs] [Times: user=0.01 sys=0.00, real=0.00 secs] 
2020-10-28T08:29:10.539+0000: [GC (Allocation Failure) 2020-10-28T08:29:10.539+0000: [ParNew: 16388K->4K(18432K), 0.0028291 secs] 362393K->346009K(896640K), 0.0029029 secs] [Times: user=0.01 sys=0.00, real=0.01 secs] 
2020-10-28T08:29:10.576+0000: [GC (Allocation Failure) 2020-10-28T08:29:10.576+0000: [ParNew: 16388K->4K(18432K), 0.0028437 secs] 362393K->346009K(896640K), 0.0029146 secs] [Times: user=0.01 sys=0.00, real=0.00 secs] 
2020-10-28T08:29:10.613+0000: [GC (Allocation Failure) 2020-10-28T08:29:10.613+0000: [ParNew: 16388K->4K(18432K), 0.0028598 secs] 362393K->346009K(896640K), 0.0029262 secs] [Times: user=0.01 sys=0.00, real=0.00 secs] 
2020-10-28T08:29:10.654+0000: [GC (Allocation Failure) 2020-10-28T08:29:10.654+0000: [ParNew: 16388K->4K(18432K), 0.0028584 secs] 362393K->346009K(896640K), 0.0029281 secs] [Times: user=0.01 sys=0.00, real=0.00 secs] 
2020-10-28T08:29:10.685+0000: [GC (Allocation Failure) 2020-10-28T08:29:10.685+0000: [ParNew: 14081K->4K(18432K), 0.0028616 secs] 360087K->346009K(896640K), 0.0029309 secs] [Times: user=0.01 sys=0.00, real=0.01 secs] 
2020-10-28T08:29:10.714+0000: [GC (Allocation Failure) 2020-10-28T08:29:10.714+0000: [ParNew: 16388K->4K(18432K), 0.0035488 secs] 362393K->350105K(896640K), 0.0036198 secs] [Times: user=0.01 sys=0.00, real=0.00 secs] 
2020-10-28T08:29:10.751+0000: [GC (Allocation Failure) 2020-10-28T08:29:10.751+0000: [ParNew: 16388K->4K(18432K), 0.0028823 secs] 366489K->350105K(896640K), 0.0029520 secs] [Times: user=0.01 sys=0.00, real=0.00 secs] 
2020-10-28T08:29:10.787+0000: [GC (Allocation Failure) 2020-10-28T08:29:10.787+0000: [ParNew: 16388K->4K(18432K), 0.0032480 secs] 366489K->350105K(896640K), 0.0033204 secs] [Times: user=0.01 sys=0.00, real=0.01 secs] 
2020-10-28T08:29:10.823+0000: [GC (Allocation Failure) 2020-10-28T08:29:10.824+0000: [ParNew: 16388K->4K(18432K), 0.0028525 secs] 366489K->350105K(896640K), 0.0029079 secs] [Times: user=0.00 sys=0.00, real=0.00 secs] 
2020-10-28T08:29:10.860+0000: [GC (Allocation Failure) 2020-10-28T08:29:10.860+0000: [ParNew: 16388K->4K(18432K), 0.0045322 secs] 366489K->350105K(896640K), 0.0045834 secs] [Times: user=0.00 sys=0.00, real=0.00 secs] 
2020-10-28T08:29:10.894+0000: [GC (Allocation Failure) 2020-10-28T08:29:10.894+0000: [ParNew: 16388K->4K(18432K), 0.0028416 secs] 366489K->350106K(896640K), 0.0029144 secs] [Times: user=0.01 sys=0.00, real=0.00 secs] 
2020-10-28T08:29:10.926+0000: [GC (Allocation Failure) 2020-10-28T08:29:10.926+0000: [ParNew: 16388K->4K(18432K), 0.0029048 secs] 366490K->350106K(896640K), 0.0029788 secs] [Times: user=0.01 sys=0.00, real=0.01 secs] 
2020-10-28T08:29:10.959+0000: [GC (Allocation Failure) 2020-10-28T08:29:10.959+0000: [ParNew: 16388K->4K(18432K), 0.0028354 secs] 366490K->350106K(896640K), 0.0029159 secs] [Times: user=0.00 sys=0.00, real=0.01 secs] 
2020-10-28T08:29:10.990+0000: [GC (Allocation Failure) 2020-10-28T08:29:10.990+0000: [ParNew: 16388K->4K(18432K), 0.0028821 secs] 366490K->350106K(896640K), 0.0029527 secs] [Times: user=0.01 sys=0.00, real=0.00 secs] 
2020-10-28T08:29:11.022+0000: [GC (Allocation Failure) 2020-10-28T08:29:11.022+0000: [ParNew: 16388K->4K(18432K), 0.0029186 secs] 366490K->350106K(896640K), 0.0029906 secs] [Times: user=0.01 sys=0.00, real=0.00 secs] 
2020-10-28T08:29:11.054+0000: [GC (Allocation Failure) 2020-10-28T08:29:11.054+0000: [ParNew: 16388K->4K(18432K), 0.0028246 secs] 366490K->350106K(896640K), 0.0028937 secs] [Times: user=0.00 sys=0.00, real=0.00 secs] 
2020-10-28T08:29:11.085+0000: [GC (Allocation Failure) 2020-10-28T08:29:11.085+0000: [ParNew: 16388K->4K(18432K), 0.0028444 secs] 366490K->350106K(896640K), 0.0029157 secs] [Times: user=0.01 sys=0.00, real=0.01 secs] 
2020-10-28T08:29:11.117+0000: [GC (Allocation Failure) 2020-10-28T08:29:11.117+0000: [ParNew: 16388K->4K(18432K), 0.0028222 secs] 366490K->350106K(896640K), 0.0028765 secs] [Times: user=0.01 sys=0.00, real=0.00 secs] 
2020-10-28T08:29:11.136+0000: [GC (Allocation Failure) 2020-10-28T08:29:11.136+0000: [ParNew: 16388K->4K(18432K), 0.0028223 secs] 366490K->350106K(896640K), 0.0028660 secs] [Times: user=0.00 sys=0.00, real=0.00 secs] 
2020-10-28T08:29:11.155+0000: [GC (Allocation Failure) 2020-10-28T08:29:11.155+0000: [ParNew: 16388K->4K(18432K), 0.0026697 secs] 366490K->350106K(896640K), 0.0027159 secs] [Times: user=0.00 sys=0.00, real=0.00 secs] 
2020-10-28T08:29:11.174+0000: [GC (Allocation Failure) 2020-10-28T08:29:11.174+0000: [ParNew: 16388K->4K(18432K), 0.0025932 secs] 366490K->350106K(896640K), 0.0026421 secs] [Times: user=0.00 sys=0.00, real=0.00 secs] 
2020-10-28T08:29:11.193+0000: [GC (Allocation Failure) 2020-10-28T08:29:11.193+0000: [ParNew: 16388K->4K(18432K), 0.0027262 secs] 366490K->350106K(896640K), 0.0027739 secs] [Times: user=0.00 sys=0.00, real=0.00 secs] 
2020-10-28T08:29:11.212+0000: [GC (Allocation Failure) 2020-10-28T08:29:11.212+0000: [ParNew: 16388K->4K(18432K), 0.0025502 secs] 366490K->350106K(896640K), 0.0025947 secs] [Times: user=0.00 sys=0.00, real=0.00 secs] 
2020-10-28T08:29:11.231+0000: [GC (Allocation Failure) 2020-10-28T08:29:11.231+0000: [ParNew: 16388K->4K(18432K), 0.0026476 secs] 366490K->350106K(896640K), 0.0027027 secs] [Times: user=0.01 sys=0.00, real=0.00 secs] 
2020-10-28T08:29:11.250+0000: [GC (Allocation Failure) 2020-10-28T08:29:11.250+0000: [ParNew: 16388K->4K(18432K), 0.0026500 secs] 366490K->350106K(896640K), 0.0026917 secs] [Times: user=0.01 sys=0.00, real=0.00 secs] 
2020-10-28T08:29:11.268+0000: [GC (Allocation Failure) 2020-10-28T08:29:11.268+0000: [ParNew: 16388K->4K(18432K), 0.0024588 secs] 366490K->350106K(896640K), 0.0025019 secs] [Times: user=0.01 sys=0.00, real=0.00 secs] 
2020-10-28T08:29:11.287+0000: [GC (Allocation Failure) 2020-10-28T08:29:11.287+0000: [ParNew: 16388K->4K(18432K), 0.0025420 secs] 366490K->350106K(896640K), 0.0025847 secs] [Times: user=0.01 sys=0.00, real=0.01 secs] 
2020-10-28T08:29:11.306+0000: [GC (Allocation Failure) 2020-10-28T08:29:11.306+0000: [ParNew: 16388K->4K(18432K), 0.0025364 secs] 366490K->350106K(896640K), 0.0025800 secs] [Times: user=0.00 sys=0.00, real=0.01 secs] 
2020-10-28T08:29:11.325+0000: [GC (Allocation Failure) 2020-10-28T08:29:11.325+0000: [ParNew: 16388K->4K(18432K), 0.0026659 secs] 366490K->350106K(896640K), 0.0027126 secs] [Times: user=0.01 sys=0.00, real=0.00 secs] 
2020-10-28T08:29:11.344+0000: [GC (Allocation Failure) 2020-10-28T08:29:11.344+0000: [ParNew: 16388K->4K(18432K), 0.0026878 secs] 366490K->350106K(896640K), 0.0027305 secs] [Times: user=0.00 sys=0.00, real=0.00 secs] 
2020-10-28T08:29:11.363+0000: [GC (Allocation Failure) 2020-10-28T08:29:11.363+0000: [ParNew: 16388K->4K(18432K), 0.0026672 secs] 366490K->350106K(896640K), 0.0027096 secs] [Times: user=0.00 sys=0.00, real=0.00 secs] 
2020-10-28T08:29:11.382+0000: [GC (Allocation Failure) 2020-10-28T08:29:11.382+0000: [ParNew: 16388K->4K(18432K), 0.0024977 secs] 366490K->350106K(896640K), 0.0025403 secs] [Times: user=0.00 sys=0.00, real=0.00 secs] 
2020-10-28T08:29:11.401+0000: [GC (Allocation Failure) 2020-10-28T08:29:11.401+0000: [ParNew: 16388K->4K(18432K), 0.0025971 secs] 366490K->350106K(896640K), 0.0026426 secs] [Times: user=0.00 sys=0.00, real=0.00 secs] 
2020-10-28T08:29:11.419+0000: [GC (Allocation Failure) 2020-10-28T08:29:11.419+0000: [ParNew: 16388K->4K(18432K), 0.0027329 secs] 366490K->350106K(896640K), 0.0027818 secs] [Times: user=0.01 sys=0.00, real=0.01 secs] 
2020-10-28T08:29:11.438+0000: [GC (Allocation Failure) 2020-10-28T08:29:11.438+0000: [ParNew: 16388K->4K(18432K), 0.0028654 secs] 366490K->350106K(896640K), 0.0029193 secs] [Times: user=0.01 sys=0.00, real=0.01 secs] 
2020-10-28T08:29:11.458+0000: [GC (Allocation Failure) 2020-10-28T08:29:11.458+0000: [ParNew: 16388K->4K(18432K), 0.0027400 secs] 366490K->350106K(896640K), 0.0027854 secs] [Times: user=0.01 sys=0.00, real=0.01 secs] 
2020-10-28T08:29:11.477+0000: [GC (Allocation Failure) 2020-10-28T08:29:11.477+0000: [ParNew: 16388K->4K(18432K), 0.0027288 secs] 366490K->350106K(896640K), 0.0027780 secs] [Times: user=0.00 sys=0.00, real=0.00 secs] 
2020-10-28T08:29:11.495+0000: [GC (Allocation Failure) 2020-10-28T08:29:11.495+0000: [ParNew: 16388K->4K(18432K), 0.0027828 secs] 366490K->350106K(896640K), 0.0028446 secs] [Times: user=0.00 sys=0.00, real=0.00 secs] 
2020-10-28T08:29:11.514+0000: [GC (Allocation Failure) 2020-10-28T08:29:11.515+0000: [ParNew: 16388K->4K(18432K), 0.0027810 secs] 366490K->350106K(896640K), 0.0028326 secs] [Times: user=0.00 sys=0.00, real=0.00 secs] 
2020-10-28T08:29:11.534+0000: [GC (Allocation Failure) 2020-10-28T08:29:11.534+0000: [ParNew: 16388K->4K(18432K), 0.0027352 secs] 366490K->350106K(896640K), 0.0027836 secs] [Times: user=0.01 sys=0.00, real=0.00 secs] 
2020-10-28T08:29:11.553+0000: [GC (Allocation Failure) 2020-10-28T08:29:11.553+0000: [ParNew: 16388K->4K(18432K), 0.0026374 secs] 366490K->350106K(896640K), 0.0026835 secs] [Times: user=0.01 sys=0.00, real=0.00 secs] 
2020-10-28T08:29:11.572+0000: [GC (Allocation Failure) 2020-10-28T08:29:11.572+0000: [ParNew: 16388K->4K(18432K), 0.0025704 secs] 366490K->350106K(896640K), 0.0026152 secs] [Times: user=0.01 sys=0.00, real=0.00 secs] 
2020-10-28T08:29:11.591+0000: [GC (Allocation Failure) 2020-10-28T08:29:11.591+0000: [ParNew: 16388K->4K(18432K), 0.0026699 secs] 366490K->350106K(896640K), 0.0027160 secs] [Times: user=0.00 sys=0.00, real=0.00 secs] 
2020-10-28T08:29:11.610+0000: [GC (Allocation Failure) 2020-10-28T08:29:11.610+0000: [ParNew: 16388K->4K(18432K), 0.0026786 secs] 366490K->350106K(896640K), 0.0027233 secs] [Times: user=0.00 sys=0.00, real=0.00 secs] 
2020-10-28T08:29:11.629+0000: [GC (Allocation Failure) 2020-10-28T08:29:11.629+0000: [ParNew: 16388K->4K(18432K), 0.0025403 secs] 366490K->350106K(896640K), 0.0025854 secs] [Times: user=0.00 sys=0.00, real=0.00 secs] 
2020-10-28T08:29:11.648+0000: [GC (Allocation Failure) 2020-10-28T08:29:11.648+0000: [ParNew: 16388K->4K(18432K), 0.0026392 secs] 366490K->350106K(896640K), 0.0026853 secs] [Times: user=0.01 sys=0.00, real=0.01 secs] 
2020-10-28T08:29:11.666+0000: [GC (Allocation Failure) 2020-10-28T08:29:11.666+0000: [ParNew: 16388K->4K(18432K), 0.0026177 secs] 366490K->350106K(896640K), 0.0026633 secs] [Times: user=0.01 sys=0.00, real=0.01 secs] 
2020-10-28T08:29:11.685+0000: [GC (Allocation Failure) 2020-10-28T08:29:11.685+0000: [ParNew: 16388K->4K(18432K), 0.0031741 secs] 366490K->350106K(896640K), 0.0032196 secs] [Times: user=0.00 sys=0.00, real=0.01 secs] 
2020-10-28T08:29:11.705+0000: [GC (Allocation Failure) 2020-10-28T08:29:11.705+0000: [ParNew: 16388K->4K(18432K), 0.0025720 secs] 366490K->350106K(896640K), 0.0026171 secs] [Times: user=0.01 sys=0.00, real=0.00 secs] 
2020-10-28T08:29:11.723+0000: [GC (Allocation Failure) 2020-10-28T08:29:11.723+0000: [ParNew: 16388K->4K(18432K), 0.0025232 secs] 366490K->350106K(896640K), 0.0025666 secs] [Times: user=0.01 sys=0.00, real=0.00 secs] 
2020-10-28T08:29:11.742+0000: [GC (Allocation Failure) 2020-10-28T08:29:11.742+0000: [ParNew: 16388K->4K(18432K), 0.0028487 secs] 366490K->350106K(896640K), 0.0029083 secs] [Times: user=0.01 sys=0.00, real=0.00 secs] 
2020-10-28T08:29:11.761+0000: [GC (Allocation Failure) 2020-10-28T08:29:11.761+0000: [ParNew: 16388K->4K(18432K), 0.0025942 secs] 366490K->350106K(896640K), 0.0026392 secs] [Times: user=0.01 sys=0.00, real=0.00 secs] 
2020-10-28T08:29:11.783+0000: [GC (Allocation Failure) 2020-10-28T08:29:11.783+0000: [ParNew: 16388K->4K(18432K), 0.0028999 secs] 382874K->366490K(896640K), 0.0029545 secs] [Times: user=0.00 sys=0.00, real=0.00 secs] 
2020-10-28T08:29:11.802+0000: [GC (Allocation Failure) 2020-10-28T08:29:11.802+0000: [ParNew: 16388K->4K(18432K), 0.0027754 secs] 382874K->366490K(896640K), 0.0028243 secs] [Times: user=0.00 sys=0.00, real=0.00 secs] 
2020-10-28T08:29:11.821+0000: [GC (Allocation Failure) 2020-10-28T08:29:11.821+0000: [ParNew: 16388K->4K(18432K), 0.0028268 secs] 382874K->366490K(896640K), 0.0028773 secs] [Times: user=0.00 sys=0.00, real=0.00 secs] 
2020-10-28T08:29:11.841+0000: [GC (Allocation Failure) 2020-10-28T08:29:11.841+0000: [ParNew: 16388K->4K(18432K), 0.0027914 secs] 382874K->366490K(896640K), 0.0028408 secs] [Times: user=0.01 sys=0.00, real=0.00 secs] 
2020-10-28T08:29:11.860+0000: [GC (Allocation Failure) 2020-10-28T08:29:11.860+0000: [ParNew: 16388K->4K(18432K), 0.0026380 secs] 382874K->366490K(896640K), 0.0026854 secs] [Times: user=0.00 sys=0.00, real=0.01 secs] 
2020-10-28T08:29:11.878+0000: [GC (Allocation Failure) 2020-10-28T08:29:11.878+0000: [ParNew: 16388K->4K(18432K), 0.0025769 secs] 382874K->366490K(896640K), 0.0026190 secs] [Times: user=0.01 sys=0.00, real=0.01 secs] 
2020-10-28T08:29:11.897+0000: [GC (Allocation Failure) 2020-10-28T08:29:11.897+0000: [ParNew: 16388K->4K(18432K), 0.0025970 secs] 382874K->366490K(896640K), 0.0026410 secs] [Times: user=0.01 sys=0.00, real=0.01 secs] 
2020-10-28T08:29:11.916+0000: [GC (Allocation Failure) 2020-10-28T08:29:11.916+0000: [ParNew: 16388K->4K(18432K), 0.0025961 secs] 382874K->366490K(896640K), 0.0026407 secs] [Times: user=0.01 sys=0.00, real=0.00 secs] 
2020-10-28T08:29:11.935+0000: [GC (Allocation Failure) 2020-10-28T08:29:11.935+0000: [ParNew: 16388K->4K(18432K), 0.0027722 secs] 382874K->366490K(896640K), 0.0028218 secs] [Times: user=0.01 sys=0.00, real=0.00 secs] 
2020-10-28T08:29:11.954+0000: [GC (Allocation Failure) 2020-10-28T08:29:11.954+0000: [ParNew: 16388K->4K(18432K), 0.0027558 secs] 382874K->366490K(896640K), 0.0028049 secs] [Times: user=0.00 sys=0.00, real=0.00 secs] 
2020-10-28T08:29:11.973+0000: [GC (Allocation Failure) 2020-10-28T08:29:11.973+0000: [ParNew: 16388K->4K(18432K), 0.0026001 secs] 382874K->366490K(896640K), 0.0026466 secs] [Times: user=0.00 sys=0.00, real=0.00 secs] 
2020-10-28T08:29:11.992+0000: [GC (Allocation Failure) 2020-10-28T08:29:11.992+0000: [ParNew: 16388K->4K(18432K), 0.0026453 secs] 382874K->366490K(896640K), 0.0026892 secs] [Times: user=0.00 sys=0.00, real=0.00 secs] 
2020-10-28T08:29:12.011+0000: [GC (Allocation Failure) 2020-10-28T08:29:12.011+0000: [ParNew: 16388K->4K(18432K), 0.0026091 secs] 382874K->366490K(896640K), 0.0026537 secs] [Times: user=0.01 sys=0.00, real=0.00 secs] 
2020-10-28T08:29:12.030+0000: [GC (Allocation Failure) 2020-10-28T08:29:12.030+0000: [ParNew: 16388K->4K(18432K), 0.0025774 secs] 382874K->366490K(896640K), 0.0026222 secs] [Times: user=0.01 sys=0.00, real=0.00 secs] 
2020-10-28T08:29:12.049+0000: [GC (Allocation Failure) 2020-10-28T08:29:12.049+0000: [ParNew: 16388K->4K(18432K), 0.0025540 secs] 382874K->366490K(896640K), 0.0025989 secs] [Times: user=0.01 sys=0.00, real=0.00 secs] 
2020-10-28T08:29:12.067+0000: [GC (Allocation Failure) 2020-10-28T08:29:12.067+0000: [ParNew: 16388K->4K(18432K), 0.0026653 secs] 382874K->366490K(896640K), 0.0027117 secs] [Times: user=0.01 sys=0.00, real=0.01 secs] 
2020-10-28T08:29:12.086+0000: [GC (Allocation Failure) 2020-10-28T08:29:12.086+0000: [ParNew: 16388K->4K(18432K), 0.0027221 secs] 382874K->366490K(896640K), 0.0027690 secs] [Times: user=0.00 sys=0.00, real=0.01 secs] 
2020-10-28T08:29:12.105+0000: [GC (Allocation Failure) 2020-10-28T08:29:12.106+0000: [ParNew: 16388K->4K(18432K), 0.0028788 secs] 382874K->366490K(896640K), 0.0029328 secs] [Times: user=0.00 sys=0.00, real=0.01 secs] 
2020-10-28T08:29:12.124+0000: [GC (Allocation Failure) 2020-10-28T08:29:12.124+0000: [ParNew: 16388K->4K(18432K), 0.0027991 secs] 382874K->366490K(896640K), 0.0028492 secs] [Times: user=0.01 sys=0.00, real=0.00 secs] 
2020-10-28T08:29:12.143+0000: [GC (Allocation Failure) 2020-10-28T08:29:12.143+0000: [ParNew: 16388K->4K(18432K), 0.0028707 secs] 382874K->366490K(896640K), 0.0029210 secs] [Times: user=0.01 sys=0.00, real=0.00 secs] 
2020-10-28T08:29:12.162+0000: [GC (Allocation Failure) 2020-10-28T08:29:12.162+0000: [ParNew: 16388K->4K(18432K), 0.0028077 secs] 382874K->366490K(896640K), 0.0028589 secs] [Times: user=0.00 sys=0.00, real=0.00 secs] 
2020-10-28T08:29:12.181+0000: [GC (Allocation Failure) 2020-10-28T08:29:12.181+0000: [ParNew: 16388K->4K(18432K), 0.0028580 secs] 382874K->366490K(896640K), 0.0029092 secs] [Times: user=0.00 sys=0.00, real=0.00 secs] 
2020-10-28T08:29:12.200+0000: [GC (Allocation Failure) 2020-10-28T08:29:12.200+0000: [ParNew: 16388K->4K(18432K), 0.0028450 secs] 382874K->366491K(896640K), 0.0028972 secs] [Times: user=0.00 sys=0.00, real=0.00 secs] 
2020-10-28T08:29:12.219+0000: [GC (Allocation Failure) 2020-10-28T08:29:12.219+0000: [ParNew: 16388K->4K(18432K), 0.0026120 secs] 382875K->366491K(896640K), 0.0026594 secs] [Times: user=0.01 sys=0.00, real=0.01 secs] 
2020-10-28T08:29:12.238+0000: [GC (Allocation Failure) 2020-10-28T08:29:12.238+0000: [ParNew: 16388K->4K(18432K), 0.0026731 secs] 382875K->366491K(896640K), 0.0027164 secs] [Times: user=0.00 sys=0.00, real=0.01 secs] 
2020-10-28T08:29:12.257+0000: [GC (Allocation Failure) 2020-10-28T08:29:12.257+0000: [ParNew: 16388K->4K(18432K), 0.0025286 secs] 382875K->366491K(896640K), 0.0025725 secs] [Times: user=0.00 sys=0.00, real=0.00 secs] 
2020-10-28T08:29:12.276+0000: [GC (Allocation Failure) 2020-10-28T08:29:12.276+0000: [ParNew: 16388K->4K(18432K), 0.0025566 secs] 382875K->366491K(896640K), 0.0025995 secs] [Times: user=0.01 sys=0.00, real=0.00 secs] 
2020-10-28T08:29:12.294+0000: [GC (Allocation Failure) 2020-10-28T08:29:12.294+0000: [ParNew: 16388K->4K(18432K), 0.0026485 secs] 382875K->366491K(896640K), 0.0026930 secs] [Times: user=0.01 sys=0.00, real=0.00 secs] 
2020-10-28T08:29:12.313+0000: [GC (Allocation Failure) 2020-10-28T08:29:12.313+0000: [ParNew: 16388K->4K(18432K), 0.0027364 secs] 382875K->366491K(896640K), 0.0027849 secs] [Times: user=0.01 sys=0.00, real=0.00 secs] 
2020-10-28T08:29:12.332+0000: [GC (Allocation Failure) 2020-10-28T08:29:12.332+0000: [ParNew: 16388K->4K(18432K), 0.0029892 secs] 382875K->366491K(896640K), 0.0030468 secs] [Times: user=0.01 sys=0.00, real=0.00 secs] 
2020-10-28T08:29:12.351+0000: [GC (Allocation Failure) 2020-10-28T08:29:12.351+0000: [ParNew: 16388K->4K(18432K), 0.0028825 secs] 382875K->366491K(896640K), 0.0029360 secs] [Times: user=0.01 sys=0.00, real=0.00 secs] 
2020-10-28T08:29:12.370+0000: [GC (Allocation Failure) 2020-10-28T08:29:12.370+0000: [ParNew: 16388K->4K(18432K), 0.0029145 secs] 382875K->366491K(896640K), 0.0029732 secs] [Times: user=0.01 sys=0.00, real=0.00 secs] 
2020-10-28T08:29:12.390+0000: [GC (Allocation Failure) 2020-10-28T08:29:12.390+0000: [ParNew: 16388K->4K(18432K), 0.0028963 secs] 382875K->366491K(896640K), 0.0029516 secs] [Times: user=0.00 sys=0.00, real=0.00 secs] 
2020-10-28T08:29:12.409+0000: [GC (Allocation Failure) 2020-10-28T08:29:12.409+0000: [ParNew: 16388K->4K(18432K), 0.0028763 secs] 382875K->366491K(896640K), 0.0029306 secs] [Times: user=0.00 sys=0.00, real=0.00 secs] 
2020-10-28T08:29:12.428+0000: [GC (Allocation Failure) 2020-10-28T08:29:12.428+0000: [ParNew: 16388K->4K(18432K), 0.0028441 secs] 382875K->366491K(896640K), 0.0029083 secs] [Times: user=0.00 sys=0.00, real=0.01 secs] 
2020-10-28T08:29:12.447+0000: [GC (Allocation Failure) 2020-10-28T08:29:12.447+0000: [ParNew: 16388K->4K(18432K), 0.0028433 secs] 382875K->366491K(896640K), 0.0029017 secs] [Times: user=0.00 sys=0.00, real=0.01 secs] 
2020-10-28T08:29:12.466+0000: [GC (Allocation Failure) 2020-10-28T08:29:12.466+0000: [ParNew: 16388K->4K(18432K), 0.0028557 secs] 382875K->366491K(896640K), 0.0029209 secs] [Times: user=0.01 sys=0.00, real=0.01 secs] 
2020-10-28T08:29:12.490+0000: [GC (Allocation Failure) 2020-10-28T08:29:12.490+0000: [ParNew: 16388K->4K(18432K), 0.0028616 secs] 382875K->366491K(896640K), 0.0029140 secs] [Times: user=0.01 sys=0.00, real=0.00 secs] 
2020-10-28T08:29:12.509+0000: [GC (Allocation Failure) 2020-10-28T08:29:12.509+0000: [ParNew: 16388K->4K(18432K), 0.0027868 secs] 382875K->366491K(896640K), 0.0028367 secs] [Times: user=0.00 sys=0.00, real=0.00 secs] 
2020-10-28T08:29:12.528+0000: [GC (Allocation Failure) 2020-10-28T08:29:12.528+0000: [ParNew: 16388K->4K(18432K), 0.0028274 secs] 382875K->366491K(896640K), 0.0028764 secs] [Times: user=0.00 sys=0.00, real=0.00 secs] 
2020-10-28T08:29:12.547+0000: [GC (Allocation Failure) 2020-10-28T08:29:12.547+0000: [ParNew: 16388K->4K(18432K), 0.0027167 secs] 382875K->366491K(896640K), 0.0027655 secs] [Times: user=0.00 sys=0.00, real=0.01 secs] 
2020-10-28T08:29:12.566+0000: [GC (Allocation Failure) 2020-10-28T08:29:12.566+0000: [ParNew: 16388K->4K(18432K), 0.0027958 secs] 382875K->366491K(896640K), 0.0028463 secs] [Times: user=0.01 sys=0.00, real=0.01 secs] 
2020-10-28T08:29:12.586+0000: [GC (Allocation Failure) 2020-10-28T08:29:12.586+0000: [ParNew: 16388K->4K(18432K), 0.0027354 secs] 382875K->366491K(896640K), 0.0027846 secs] [Times: user=0.01 sys=0.00, real=0.01 secs] 
2020-10-28T08:29:12.604+0000: [GC (Allocation Failure) 2020-10-28T08:29:12.604+0000: [ParNew: 16388K->4K(18432K), 0.0025483 secs] 382875K->366491K(896640K), 0.0025931 secs] [Times: user=0.01 sys=0.00, real=0.00 secs] 
2020-10-28T08:29:12.623+0000: [GC (Allocation Failure) 2020-10-28T08:29:12.623+0000: [ParNew: 16388K->4K(18432K), 0.0026532 secs] 382875K->366491K(896640K), 0.0026976 secs] [Times: user=0.01 sys=0.00, real=0.00 secs] 
2020-10-28T08:29:12.642+0000: [GC (Allocation Failure) 2020-10-28T08:29:12.642+0000: [ParNew: 16388K->4K(18432K), 0.0026215 secs] 382875K->366491K(896640K), 0.0026810 secs] [Times: user=0.00 sys=0.00, real=0.00 secs] 
2020-10-28T08:29:12.660+0000: [GC (Allocation Failure) 2020-10-28T08:29:12.660+0000: [ParNew: 16388K->4K(18432K), 0.0026015 secs] 382875K->366491K(896640K), 0.0026462 secs] [Times: user=0.00 sys=0.00, real=0.00 secs] 
2020-10-28T08:29:12.679+0000: [GC (Allocation Failure) 2020-10-28T08:29:12.679+0000: [ParNew: 16388K->4K(18432K), 0.0027207 secs] 382875K->366491K(896640K), 0.0027673 secs] [Times: user=0.00 sys=0.00, real=0.01 secs] 
2020-10-28T08:29:12.698+0000: [GC (Allocation Failure) 2020-10-28T08:29:12.698+0000: [ParNew: 16388K->4K(18432K), 0.0026280 secs] 382875K->366491K(896640K), 0.0026784 secs] [Times: user=0.00 sys=0.00, real=0.01 secs] 
2020-10-28T08:29:12.716+0000: [GC (Allocation Failure) 2020-10-28T08:29:12.716+0000: [ParNew: 16388K->4K(18432K), 0.0025414 secs] 382875K->366491K(896640K), 0.0025861 secs] [Times: user=0.01 sys=0.00, real=0.00 secs] 
2020-10-28T08:29:12.735+0000: [GC (Allocation Failure) 2020-10-28T08:29:12.735+0000: [ParNew: 16388K->4K(18432K), 0.0027582 secs] 382875K->366491K(896640K), 0.0028032 secs] [Times: user=0.01 sys=0.00, real=0.00 secs] 
2020-10-28T08:29:12.764+0000: [GC (Allocation Failure) 2020-10-28T08:29:12.764+0000: [ParNew: 16388K->4K(18432K), 0.0029112 secs] 382875K->366491K(896640K), 0.0029869 secs] [Times: user=0.01 sys=0.00, real=0.00 secs] 
2020-10-28T08:29:12.784+0000: [GC (Allocation Failure) 2020-10-28T08:29:12.784+0000: [ParNew: 16388K->4K(18432K), 0.0026303 secs] 382875K->366491K(896640K), 0.0026756 secs] [Times: user=0.00 sys=0.00, real=0.00 secs] 
2020-10-28T08:29:12.804+0000: [GC (Allocation Failure) 2020-10-28T08:29:12.804+0000: [ParNew: 16388K->4K(18432K), 0.0026994 secs] 382875K->366491K(896640K), 0.0027724 secs] [Times: user=0.00 sys=0.00, real=0.00 secs] 
2020-10-28T08:29:12.823+0000: [GC (Allocation Failure) 2020-10-28T08:29:12.823+0000: [ParNew: 16388K->4K(18432K), 0.0027307 secs] 382875K->366491K(896640K), 0.0027782 secs] [Times: user=0.00 sys=0.00, real=0.00 secs] 
2020-10-28T08:29:12.842+0000: [GC (Allocation Failure) 2020-10-28T08:29:12.842+0000: [ParNew: 16388K->4K(18432K), 0.0025480 secs] 382875K->366491K(896640K), 0.0025942 secs] [Times: user=0.01 sys=0.00, real=0.00 secs] 
2020-10-28T08:29:12.861+0000: [GC (Allocation Failure) 2020-10-28T08:29:12.861+0000: [ParNew: 16388K->4K(18432K), 0.0114291 secs] 382875K->366491K(896640K), 0.0114989 secs] [Times: user=0.00 sys=0.00, real=0.01 secs] 
2020-10-28T08:29:12.889+0000: [GC (Allocation Failure) 2020-10-28T08:29:12.889+0000: [ParNew: 16388K->4K(18432K), 0.0026577 secs] 382875K->366491K(896640K), 0.0027023 secs] [Times: user=0.00 sys=0.00, real=0.00 secs] 
2020-10-28T08:29:12.908+0000: [GC (Allocation Failure) 2020-10-28T08:29:12.908+0000: [ParNew: 16388K->4K(18432K), 0.0026737 secs] 382875K->366491K(896640K), 0.0027215 secs] [Times: user=0.01 sys=0.00, real=0.00 secs] 
2020-10-28T08:29:12.927+0000: [GC (Allocation Failure) 2020-10-28T08:29:12.927+0000: [ParNew: 16388K->4K(18432K), 0.0027027 secs] 382875K->366491K(896640K), 0.0027508 secs] [Times: user=0.01 sys=0.00, real=0.01 secs] 
2020-10-28T08:29:12.946+0000: [GC (Allocation Failure) 2020-10-28T08:29:12.946+0000: [ParNew: 16388K->4K(18432K), 0.0028136 secs] 382875K->366491K(896640K), 0.0028650 secs] [Times: user=0.01 sys=0.00, real=0.01 secs] 
2020-10-28T08:29:12.965+0000: [GC (Allocation Failure) 2020-10-28T08:29:12.965+0000: [ParNew: 16388K->4K(18432K), 0.0028447 secs] 382875K->366491K(896640K), 0.0029005 secs] [Times: user=0.00 sys=0.00, real=0.01 secs] 
2020-10-28T08:29:12.984+0000: [GC (Allocation Failure) 2020-10-28T08:29:12.984+0000: [ParNew: 16388K->4K(18432K), 0.0026764 secs] 382875K->366491K(896640K), 0.0027244 secs] [Times: user=0.00 sys=0.00, real=0.00 secs] 
2020-10-28T08:29:13.003+0000: [GC (Allocation Failure) 2020-10-28T08:29:13.003+0000: [ParNew: 16388K->4K(18432K), 0.0026590 secs] 382875K->366491K(896640K), 0.0027086 secs] [Times: user=0.00 sys=0.00, real=0.00 secs] 
2020-10-28T08:29:13.023+0000: [GC (Allocation Failure) 2020-10-28T08:29:13.023+0000: [ParNew: 16388K->4K(18432K), 0.0029125 secs] 382875K->366491K(896640K), 0.0029672 secs] [Times: user=0.01 sys=0.00, real=0.00 secs] 
2020-10-28T08:29:13.042+0000: [GC (Allocation Failure) 2020-10-28T08:29:13.042+0000: [ParNew: 16388K->4K(18432K), 0.0027325 secs] 382875K->366491K(896640K), 0.0027827 secs] [Times: user=0.01 sys=0.00, real=0.00 secs] 
2020-10-28T08:29:13.061+0000: [GC (Allocation Failure) 2020-10-28T08:29:13.061+0000: [ParNew: 16388K->4K(18432K), 0.0026787 secs] 382875K->366491K(896640K), 0.0027218 secs] [Times: user=0.00 sys=0.00, real=0.00 secs] 
2020-10-28T08:29:13.080+0000: [GC (Allocation Failure) 2020-10-28T08:29:13.080+0000: [ParNew: 16388K->4K(18432K), 0.0025188 secs] 382875K->366491K(896640K), 0.0025693 secs] [Times: user=0.00 sys=0.00, real=0.00 secs] 
2020-10-28T08:29:13.099+0000: [GC (Allocation Failure) 2020-10-28T08:29:13.099+0000: [ParNew: 16388K->4K(18432K), 0.0025455 secs] 382875K->366491K(896640K), 0.0025889 secs] [Times: user=0.00 sys=0.00, real=0.01 secs] 
2020-10-28T08:29:13.117+0000: [GC (Allocation Failure) 2020-10-28T08:29:13.117+0000: [ParNew: 16388K->4K(18432K), 0.0025682 secs] 382875K->366491K(896640K), 0.0026167 secs] [Times: user=0.00 sys=0.00, real=0.01 secs] 
2020-10-28T08:29:13.136+0000: [GC (Allocation Failure) 2020-10-28T08:29:13.136+0000: [ParNew: 16388K->4K(18432K), 0.0027395 secs] 382875K->366491K(896640K), 0.0027886 secs] [Times: user=0.01 sys=0.00, real=0.00 secs] 
2020-10-28T08:29:13.155+0000: [GC (Allocation Failure) 2020-10-28T08:29:13.155+0000: [ParNew: 16388K->4K(18432K), 0.0026421 secs] 382875K->366491K(896640K), 0.0026885 secs] [Times: user=0.01 sys=0.00, real=0.00 secs] 
2020-10-28T08:29:13.174+0000: [GC (Allocation Failure) 2020-10-28T08:29:13.174+0000: [ParNew: 16388K->4K(18432K), 0.0026555 secs] 382875K->366491K(896640K), 0.0026983 secs] [Times: user=0.00 sys=0.00, real=0.00 secs] 
2020-10-28T08:29:13.193+0000: [GC (Allocation Failure) 2020-10-28T08:29:13.193+0000: [ParNew: 16388K->4K(18432K), 0.0025061 secs] 382875K->366491K(896640K), 0.0025546 secs] [Times: user=0.01 sys=0.00, real=0.00 secs] 
2020-10-28T08:29:13.211+0000: [GC (Allocation Failure) 2020-10-28T08:29:13.211+0000: [ParNew: 16388K->4K(18432K), 0.0026195 secs] 382875K->366491K(896640K), 0.0026635 secs] [Times: user=0.01 sys=0.00, real=0.00 secs] 
2020-10-28T08:29:13.230+0000: [GC (Allocation Failure) 2020-10-28T08:29:13.230+0000: [ParNew: 16388K->4K(18432K), 0.0027166 secs] 382875K->366491K(896640K), 0.0027706 secs] [Times: user=0.01 sys=0.00, real=0.00 secs] 
2020-10-28T08:29:13.249+0000: [GC (Allocation Failure) 2020-10-28T08:29:13.249+0000: [ParNew: 16388K->4K(18432K), 0.0027572 secs] 382875K->366491K(896640K), 0.0028062 secs] [Times: user=0.01 sys=0.00, real=0.00 secs] 
2020-10-28T08:29:13.268+0000: [GC (Allocation Failure) 2020-10-28T08:29:13.268+0000: [ParNew: 16388K->4K(18432K), 0.0066387 secs] 382875K->366491K(896640K), 0.0066881 secs] [Times: user=0.00 sys=0.00, real=0.01 secs] 
2020-10-28T08:29:13.291+0000: [GC (Allocation Failure) 2020-10-28T08:29:13.291+0000: [ParNew: 16388K->4K(18432K), 0.0028558 secs] 382875K->366491K(896640K), 0.0029066 secs] [Times: user=0.00 sys=0.00, real=0.00 secs] 
2020-10-28T08:29:13.310+0000: [GC (Allocation Failure) 2020-10-28T08:29:13.310+0000: [ParNew: 16388K->4K(18432K), 0.0028705 secs] 382875K->366491K(896640K), 0.0029263 secs] [Times: user=0.01 sys=0.00, real=0.00 secs] 
2020-10-28T08:29:13.329+0000: [GC (Allocation Failure) 2020-10-28T08:29:13.329+0000: [ParNew: 16388K->4K(18432K), 0.0028365 secs] 382875K->366491K(896640K), 0.0028892 secs] [Times: user=0.01 sys=0.00, real=0.00 secs] 
2020-10-28T08:29:13.348+0000: [GC (Allocation Failure) 2020-10-28T08:29:13.348+0000: [ParNew: 16388K->4K(18432K), 0.0028178 secs] 382875K->366491K(896640K), 0.0028650 secs] [Times: user=0.01 sys=0.00, real=0.00 secs] 
2020-10-28T08:29:13.367+0000: [GC (Allocation Failure) 2020-10-28T08:29:13.367+0000: [ParNew: 16388K->4K(18432K), 0.0028183 secs] 382875K->366491K(896640K), 0.0028695 secs] [Times: user=0.00 sys=0.00, real=0.01 secs] 
2020-10-28T08:29:13.386+0000: [GC (Allocation Failure) 2020-10-28T08:29:13.386+0000: [ParNew: 16388K->4K(18432K), 0.0028291 secs] 382875K->366491K(896640K), 0.0028835 secs] [Times: user=0.00 sys=0.00, real=0.01 secs] 
2020-10-28T08:29:13.427+0000: [GC (Allocation Failure) 2020-10-28T08:29:13.427+0000: [ParNew: 16388K->4K(18432K), 0.0029338 secs] 382875K->366491K(896640K), 0.0029910 secs] [Times: user=0.01 sys=0.00, real=0.01 secs] 
2020-10-28T08:29:13.709+0000: [GC (Allocation Failure) 2020-10-28T08:29:13.709+0000: [ParNew: 16388K->4K(18432K), 0.0029159 secs] 382875K->366491K(896640K), 0.0029743 secs] [Times: user=0.00 sys=0.00, real=0.00 secs] 
2020-10-28T08:29:13.761+0000: [GC (Allocation Failure) 2020-10-28T08:29:13.761+0000: [ParNew: 16388K->4K(18432K), 0.0028867 secs] 382875K->366491K(896640K), 0.0029416 secs] [Times: user=0.01 sys=0.00, real=0.00 secs] 
2020-10-28T08:29:13.813+0000: [GC (Allocation Failure) 2020-10-28T08:29:13.813+0000: [ParNew: 16388K->4K(18432K), 0.0029693 secs] 382875K->366491K(896640K), 0.0030257 secs] [Times: user=0.01 sys=0.00, real=0.00 secs] 
2020-10-28T08:29:15.218+0000: [GC (Allocation Failure) 2020-10-28T08:29:15.218+0000: [ParNew: 16388K->1281K(18432K), 0.0044247 secs] 382875K->367769K(896640K), 0.0045042 secs] [Times: user=0.01 sys=0.00, real=0.01 secs] 
2020-10-28T08:29:17.809+0000: [GC (Allocation Failure) 2020-10-28T08:29:17.809+0000: [ParNew: 17665K->1339K(18432K), 0.0058798 secs] 384153K->368619K(896640K), 0.0059343 secs] [Times: user=0.01 sys=0.00, real=0.00 secs] 
2020-10-28T08:29:17.899+0000: [GC (Allocation Failure) 2020-10-28T08:29:17.899+0000: [ParNew: 17723K->1265K(18432K), 0.0044047 secs] 385003K->368545K(896640K), 0.0044613 secs] [Times: user=0.01 sys=0.00, real=0.01 secs] 
2020-10-28T08:29:18.040+0000: [GC (Allocation Failure) 2020-10-28T08:29:18.040+0000: [ParNew: 17649K->1279K(18432K), 0.0100095 secs] 384929K->368895K(896640K), 0.0100882 secs] [Times: user=0.02 sys=0.00, real=0.01 secs] 
2020-10-28T08:29:18.127+0000: [GC (Allocation Failure) 2020-10-28T08:29:18.127+0000: [ParNew: 17663K->1198K(18432K), 0.0043326 secs] 385279K->368814K(896640K), 0.0043967 secs] [Times: user=0.01 sys=0.00, real=0.01 secs] 
2020-10-28T08:29:18.185+0000: [GC (Allocation Failure) 2020-10-28T08:29:18.185+0000: [ParNew: 17582K->1748K(18432K), 0.0072078 secs] 385198K->369566K(896640K), 0.0072627 secs] [Times: user=0.01 sys=0.00, real=0.01 secs] 
2020-10-28T08:29:18.275+0000: [GC (Allocation Failure) 2020-10-28T08:29:18.275+0000: [ParNew: 18132K->1613K(18432K), 0.0079489 secs] 385950K->370534K(896640K), 0.0080051 secs] [Times: user=0.01 sys=0.00, real=0.01 secs] 
2020-10-28T08:29:18.357+0000: [GC (Allocation Failure) 2020-10-28T08:29:18.357+0000: [ParNew: 17997K->938K(18432K), 0.0045016 secs] 386918K->369859K(896640K), 0.0045585 secs] [Times: user=0.01 sys=0.00, real=0.01 secs] 
2020-10-28T08:29:18.726+0000: [GC (Allocation Failure) 2020-10-28T08:29:18.726+0000: [ParNew: 17322K->1727K(18432K), 0.0055115 secs] 386243K->370647K(896640K), 0.0055708 secs] [Times: user=0.01 sys=0.00, real=0.01 secs] 
2020-10-28T08:29:18.820+0000: [GC (Allocation Failure) 2020-10-28T08:29:18.820+0000: [ParNew: 18111K->1221K(18432K), 0.0067516 secs] 387031K->371167K(896640K), 0.0068431 secs] [Times: user=0.01 sys=0.00, real=0.01 secs] 
2020-10-28T08:29:18.894+0000: [GC (Allocation Failure) 2020-10-28T08:29:18.894+0000: [ParNew: 17605K->804K(18432K), 0.0040645 secs] 387551K->370749K(896640K), 0.0041228 secs] [Times: user=0.00 sys=0.00, real=0.00 secs] 
2020-10-28T08:29:19.242+0000: [GC (Allocation Failure) 2020-10-28T08:29:19.242+0000: [ParNew: 17188K->878K(18432K), 0.0045912 secs] 387133K->370823K(896640K), 0.0046494 secs] [Times: user=0.01 sys=0.00, real=0.00 secs] 
2020-10-28T08:29:19.944+0000: [GC (Allocation Failure) 2020-10-28T08:29:19.944+0000: [ParNew: 17262K->1217K(18432K), 0.0059086 secs] 387207K->371162K(896640K), 0.0059805 secs] [Times: user=0.00 sys=0.00, real=0.01 secs] 
Heap
 par new generation   total 18432K, used 14106K [0x00000000c0000000, 0x00000000c1400000, 0x00000000ca660000)
  eden space 16384K,  78% used [0x00000000c0000000, 0x00000000c0c96278, 0x00000000c1000000)
  from space 2048K,  59% used [0x00000000c1200000, 0x00000000c1330720, 0x00000000c1400000)
  to   space 2048K,   0% used [0x00000000c1000000, 0x00000000c1000000, 0x00000000c1200000)
 concurrent mark-sweep generation total 878208K, used 369945K [0x00000000ca660000, 0x0000000100000000, 0x0000000100000000)
 Metaspace       used 78773K, capacity 80330K, committed 80532K, reserved 1118208K
  class space    used 10582K, capacity 10859K, committed 10956K, reserved 1048576K
End of LogType:stdout

