

Container: container_1603881480960_0001_01_000005 on ip-10-0-36-182.ec2.internal_8041
=======================================================================================
LogType:stderr
Log Upload Time:mer ott 28 10:43:57 +0000 2020
LogLength:14348
Log Contents:
SLF4J: Class path contains multiple SLF4J bindings.
SLF4J: Found binding in [jar:file:/mnt/yarn/usercache/hadoop/filecache/11/__spark_libs__8644027160902745838.zip/slf4j-log4j12-1.7.16.jar!/org/slf4j/impl/StaticLoggerBinder.class]
SLF4J: Found binding in [jar:file:/usr/lib/hadoop/lib/slf4j-log4j12-1.7.10.jar!/org/slf4j/impl/StaticLoggerBinder.class]
SLF4J: See http://www.slf4j.org/codes.html#multiple_bindings for an explanation.
SLF4J: Actual binding is of type [org.slf4j.impl.Log4jLoggerFactory]
20/10/28 10:42:43 INFO CoarseGrainedExecutorBackend: Started daemon with process name: 23547@ip-10-0-36-182
20/10/28 10:42:43 INFO SignalUtils: Registered signal handler for TERM
20/10/28 10:42:43 INFO SignalUtils: Registered signal handler for HUP
20/10/28 10:42:43 INFO SignalUtils: Registered signal handler for INT
20/10/28 10:42:44 INFO SecurityManager: Changing view acls to: yarn,hadoop
20/10/28 10:42:44 INFO SecurityManager: Changing modify acls to: yarn,hadoop
20/10/28 10:42:44 INFO SecurityManager: Changing view acls groups to: 
20/10/28 10:42:44 INFO SecurityManager: Changing modify acls groups to: 
20/10/28 10:42:44 INFO SecurityManager: SecurityManager: authentication disabled; ui acls disabled; users  with view permissions: Set(yarn, hadoop); groups with view permissions: Set(); users  with modify permissions: Set(yarn, hadoop); groups with modify permissions: Set()
20/10/28 10:42:44 INFO TransportClientFactory: Successfully created connection to ip-10-0-59-119.ec2.internal/10.0.59.119:42545 after 93 ms (0 ms spent in bootstraps)
20/10/28 10:42:44 INFO SecurityManager: Changing view acls to: yarn,hadoop
20/10/28 10:42:44 INFO SecurityManager: Changing modify acls to: yarn,hadoop
20/10/28 10:42:44 INFO SecurityManager: Changing view acls groups to: 
20/10/28 10:42:44 INFO SecurityManager: Changing modify acls groups to: 
20/10/28 10:42:44 INFO SecurityManager: SecurityManager: authentication disabled; ui acls disabled; users  with view permissions: Set(yarn, hadoop); groups with view permissions: Set(); users  with modify permissions: Set(yarn, hadoop); groups with modify permissions: Set()
20/10/28 10:42:44 INFO TransportClientFactory: Successfully created connection to ip-10-0-59-119.ec2.internal/10.0.59.119:42545 after 2 ms (0 ms spent in bootstraps)
20/10/28 10:42:44 INFO DiskBlockManager: Created local directory at /mnt/yarn/usercache/hadoop/appcache/application_1603881480960_0001/blockmgr-46dc838f-fba7-46d5-bfb1-6c15a6a57293
20/10/28 10:42:45 INFO MemoryStore: MemoryStore started with capacity 424.4 MB
20/10/28 10:42:45 INFO CoarseGrainedExecutorBackend: Connecting to driver: spark://CoarseGrainedScheduler@ip-10-0-59-119.ec2.internal:42545
20/10/28 10:42:45 INFO CoarseGrainedExecutorBackend: Successfully registered with driver
20/10/28 10:42:45 INFO Executor: Starting executor ID 2 on host ip-10-0-36-182.ec2.internal
20/10/28 10:42:45 INFO Utils: Successfully started service 'org.apache.spark.network.netty.NettyBlockTransferService' on port 38381.
20/10/28 10:42:45 INFO NettyBlockTransferService: Server created on ip-10-0-36-182.ec2.internal:38381
20/10/28 10:42:45 INFO BlockManager: Using org.apache.spark.storage.RandomBlockReplicationPolicy for block replication policy
20/10/28 10:42:45 INFO BlockManagerMaster: Registering BlockManager BlockManagerId(2, ip-10-0-36-182.ec2.internal, 38381, None)
20/10/28 10:42:45 INFO BlockManagerMaster: Registered BlockManager BlockManagerId(2, ip-10-0-36-182.ec2.internal, 38381, None)
20/10/28 10:42:45 INFO BlockManager: external shuffle service port = 7337
20/10/28 10:42:45 INFO BlockManager: Registering executor with local external shuffle service.
20/10/28 10:42:45 INFO TransportClientFactory: Successfully created connection to ip-10-0-36-182.ec2.internal/10.0.36.182:7337 after 1 ms (0 ms spent in bootstraps)
20/10/28 10:42:45 INFO BlockManager: Initialized BlockManager: BlockManagerId(2, ip-10-0-36-182.ec2.internal, 38381, None)
20/10/28 10:42:45 INFO CoarseGrainedExecutorBackend: Got assigned task 3
20/10/28 10:42:45 INFO Executor: Running task 2.0 in stage 1.0 (TID 3)
20/10/28 10:42:45 INFO TorrentBroadcast: Started reading broadcast variable 4
20/10/28 10:42:45 INFO TransportClientFactory: Successfully created connection to ip-10-0-59-119.ec2.internal/10.0.59.119:35465 after 2 ms (0 ms spent in bootstraps)
20/10/28 10:42:45 INFO MemoryStore: Block broadcast_4_piece0 stored as bytes in memory (estimated size 15.5 KB, free 424.4 MB)
20/10/28 10:42:45 INFO TorrentBroadcast: Reading broadcast variable 4 took 99 ms
20/10/28 10:42:46 INFO MemoryStore: Block broadcast_4 stored as values in memory (estimated size 36.6 KB, free 424.4 MB)
20/10/28 10:42:47 INFO CodeGenerator: Code generated in 502.896388 ms
20/10/28 10:42:47 INFO CodeGenerator: Code generated in 71.529346 ms
20/10/28 10:42:47 INFO CodeGenerator: Code generated in 32.649085 ms
20/10/28 10:42:49 INFO CodeGenerator: Code generated in 37.456345 ms
20/10/28 10:42:49 INFO FileScanRDD: Reading File path: s3://spectral-regression-spark-bucket/spectral_data_class.csv, range: 268435456-319010350, partition values: [empty row]
20/10/28 10:42:49 INFO CodeGenerator: Code generated in 17.345944 ms
20/10/28 10:42:49 INFO TorrentBroadcast: Started reading broadcast variable 2
20/10/28 10:42:49 INFO MemoryStore: Block broadcast_2_piece0 stored as bytes in memory (estimated size 36.8 KB, free 424.3 MB)
20/10/28 10:42:49 INFO TorrentBroadcast: Reading broadcast variable 2 took 14 ms
20/10/28 10:42:49 INFO MemoryStore: Block broadcast_2 stored as values in memory (estimated size 576.5 KB, free 423.7 MB)
20/10/28 10:42:51 INFO S3NativeFileSystem: Opening 's3://spectral-regression-spark-bucket/spectral_data_class.csv' for reading
20/10/28 10:42:51 INFO GPLNativeCodeLoader: Loaded native gpl library
20/10/28 10:42:51 INFO LzoCodec: Successfully loaded & initialized native-lzo library [hadoop-lzo rev 1546b8dc0ca6f1ffd26a812d52bd7b80915e0a25]
20/10/28 10:42:56 INFO JniLoader: successfully loaded /mnt/yarn/usercache/hadoop/appcache/application_1603881480960_0001/container_1603881480960_0001_01_000005/tmp/jniloader4240087751093838318netlib-native_system-linux-x86_64.so
20/10/28 10:42:58 INFO Executor: Finished task 2.0 in stage 1.0 (TID 3). 2356 bytes result sent to driver
20/10/28 10:42:59 INFO CoarseGrainedExecutorBackend: Got assigned task 5
20/10/28 10:42:59 INFO Executor: Running task 1.0 in stage 2.0 (TID 5)
20/10/28 10:42:59 INFO CoarseGrainedExecutorBackend: Got assigned task 7
20/10/28 10:42:59 INFO Executor: Running task 3.0 in stage 2.0 (TID 7)
20/10/28 10:42:59 INFO TorrentBroadcast: Started reading broadcast variable 6
20/10/28 10:42:59 INFO MemoryStore: Block broadcast_6_piece0 stored as bytes in memory (estimated size 17.2 KB, free 423.8 MB)
20/10/28 10:42:59 INFO TorrentBroadcast: Reading broadcast variable 6 took 14 ms
20/10/28 10:42:59 INFO MemoryStore: Block broadcast_6 stored as values in memory (estimated size 38.2 KB, free 423.8 MB)
20/10/28 10:43:00 INFO CodeGenerator: Code generated in 107.394733 ms
20/10/28 10:43:00 INFO CodeGenerator: Code generated in 18.154497 ms
20/10/28 10:43:00 INFO FileScanRDD: Reading File path: s3://spectral-regression-spark-bucket/spectral_data_class.csv, range: 242403489-319010350, partition values: [empty row]
20/10/28 10:43:00 INFO TorrentBroadcast: Started reading broadcast variable 5
20/10/28 10:43:00 INFO FileScanRDD: Reading File path: s3://spectral-regression-spark-bucket/spectral_data_class.csv, range: 80801163-161602326, partition values: [empty row]
20/10/28 10:43:00 INFO MemoryStore: Block broadcast_5_piece0 stored as bytes in memory (estimated size 36.8 KB, free 423.6 MB)
20/10/28 10:43:00 INFO TorrentBroadcast: Reading broadcast variable 5 took 22 ms
20/10/28 10:43:00 INFO MemoryStore: Block broadcast_5 stored as values in memory (estimated size 576.5 KB, free 423.0 MB)
20/10/28 10:43:00 INFO S3NativeFileSystem: Opening 's3://spectral-regression-spark-bucket/spectral_data_class.csv' for reading
20/10/28 10:43:00 INFO S3NativeFileSystem: Opening 's3://spectral-regression-spark-bucket/spectral_data_class.csv' for reading
20/10/28 10:43:12 INFO Executor: Finished task 3.0 in stage 2.0 (TID 7). 2386 bytes result sent to driver
20/10/28 10:43:13 INFO Executor: Finished task 1.0 in stage 2.0 (TID 5). 2343 bytes result sent to driver
20/10/28 10:43:13 INFO CoarseGrainedExecutorBackend: Got assigned task 9
20/10/28 10:43:13 INFO CoarseGrainedExecutorBackend: Got assigned task 11
20/10/28 10:43:13 INFO Executor: Running task 3.0 in stage 3.0 (TID 11)
20/10/28 10:43:13 INFO Executor: Running task 1.0 in stage 3.0 (TID 9)
20/10/28 10:43:13 INFO TorrentBroadcast: Started reading broadcast variable 7
20/10/28 10:43:13 INFO MemoryStore: Block broadcast_7_piece0 stored as bytes in memory (estimated size 16.9 KB, free 423.2 MB)
20/10/28 10:43:13 INFO TorrentBroadcast: Reading broadcast variable 7 took 9 ms
20/10/28 10:43:13 INFO MemoryStore: Block broadcast_7 stored as values in memory (estimated size 37.3 KB, free 423.2 MB)
20/10/28 10:43:13 INFO FileScanRDD: Reading File path: s3://spectral-regression-spark-bucket/spectral_data_class.csv, range: 242403489-319010350, partition values: [empty row]
20/10/28 10:43:13 INFO FileScanRDD: Reading File path: s3://spectral-regression-spark-bucket/spectral_data_class.csv, range: 80801163-161602326, partition values: [empty row]
20/10/28 10:43:13 INFO S3NativeFileSystem: Opening 's3://spectral-regression-spark-bucket/spectral_data_class.csv' for reading
20/10/28 10:43:13 INFO S3NativeFileSystem: Opening 's3://spectral-regression-spark-bucket/spectral_data_class.csv' for reading
20/10/28 10:43:24 INFO Executor: Finished task 3.0 in stage 3.0 (TID 11). 1860 bytes result sent to driver
20/10/28 10:43:24 INFO Executor: Finished task 1.0 in stage 3.0 (TID 9). 1860 bytes result sent to driver
20/10/28 10:43:25 INFO CoarseGrainedExecutorBackend: Got assigned task 13
20/10/28 10:43:25 INFO CoarseGrainedExecutorBackend: Got assigned task 15
20/10/28 10:43:25 INFO Executor: Running task 1.0 in stage 4.0 (TID 13)
20/10/28 10:43:25 INFO Executor: Running task 3.0 in stage 4.0 (TID 15)
20/10/28 10:43:25 INFO TorrentBroadcast: Started reading broadcast variable 9
20/10/28 10:43:25 INFO MemoryStore: Block broadcast_9_piece0 stored as bytes in memory (estimated size 15.1 KB, free 423.2 MB)
20/10/28 10:43:25 INFO TorrentBroadcast: Reading broadcast variable 9 took 12 ms
20/10/28 10:43:25 INFO MemoryStore: Block broadcast_9 stored as values in memory (estimated size 33.2 KB, free 423.1 MB)
20/10/28 10:43:25 INFO CodeGenerator: Code generated in 80.14568 ms
20/10/28 10:43:25 INFO FileScanRDD: Reading File path: s3://spectral-regression-spark-bucket/spectral_data_class.csv, range: 80801163-161602326, partition values: [empty row]
20/10/28 10:43:25 INFO TorrentBroadcast: Started reading broadcast variable 8
20/10/28 10:43:25 INFO FileScanRDD: Reading File path: s3://spectral-regression-spark-bucket/spectral_data_class.csv, range: 242403489-319010350, partition values: [empty row]
20/10/28 10:43:25 INFO TransportClientFactory: Successfully created connection to ip-10-0-61-153.ec2.internal/10.0.61.153:45293 after 2 ms (0 ms spent in bootstraps)
20/10/28 10:43:25 INFO MemoryStore: Block broadcast_8_piece0 stored as bytes in memory (estimated size 36.8 KB, free 423.0 MB)
20/10/28 10:43:25 INFO TorrentBroadcast: Reading broadcast variable 8 took 168 ms
20/10/28 10:43:25 INFO MemoryStore: Block broadcast_8 stored as values in memory (estimated size 576.5 KB, free 422.4 MB)
20/10/28 10:43:25 INFO S3NativeFileSystem: Opening 's3://spectral-regression-spark-bucket/spectral_data_class.csv' for reading
20/10/28 10:43:25 INFO S3NativeFileSystem: Opening 's3://spectral-regression-spark-bucket/spectral_data_class.csv' for reading
20/10/28 10:43:35 INFO Executor: Finished task 3.0 in stage 4.0 (TID 15). 2589 bytes result sent to driver
20/10/28 10:43:35 INFO Executor: Finished task 1.0 in stage 4.0 (TID 13). 2546 bytes result sent to driver
20/10/28 10:43:36 INFO CoarseGrainedExecutorBackend: Got assigned task 17
20/10/28 10:43:36 INFO Executor: Running task 0.0 in stage 6.0 (TID 17)
20/10/28 10:43:36 INFO CoarseGrainedExecutorBackend: Got assigned task 19
20/10/28 10:43:36 INFO MapOutputTrackerWorker: Updating epoch to 1 and clearing cache
20/10/28 10:43:36 INFO TorrentBroadcast: Started reading broadcast variable 12
20/10/28 10:43:36 INFO Executor: Running task 2.0 in stage 6.0 (TID 19)
20/10/28 10:43:36 INFO MemoryStore: Block broadcast_12_piece0 stored as bytes in memory (estimated size 17.6 KB, free 422.6 MB)
20/10/28 10:43:36 INFO TorrentBroadcast: Reading broadcast variable 12 took 10 ms
20/10/28 10:43:36 INFO MemoryStore: Block broadcast_12 stored as values in memory (estimated size 38.9 KB, free 422.5 MB)
20/10/28 10:43:36 INFO CodeGenerator: Code generated in 83.982203 ms
20/10/28 10:43:36 INFO FileScanRDD: Reading File path: s3://spectral-regression-spark-bucket/spectral_data_class.csv, range: 0-80801163, partition values: [empty row]
20/10/28 10:43:36 INFO TorrentBroadcast: Started reading broadcast variable 11
20/10/28 10:43:36 INFO MemoryStore: Block broadcast_11_piece0 stored as bytes in memory (estimated size 36.8 KB, free 422.4 MB)
20/10/28 10:43:36 INFO TorrentBroadcast: Reading broadcast variable 11 took 27 ms
20/10/28 10:43:36 INFO FileScanRDD: Reading File path: s3://spectral-regression-spark-bucket/spectral_data_class.csv, range: 161602326-242403489, partition values: [empty row]
20/10/28 10:43:36 INFO MemoryStore: Block broadcast_11 stored as values in memory (estimated size 576.5 KB, free 421.8 MB)
20/10/28 10:43:36 INFO S3NativeFileSystem: Opening 's3://spectral-regression-spark-bucket/spectral_data_class.csv' for reading
20/10/28 10:43:36 INFO S3NativeFileSystem: Opening 's3://spectral-regression-spark-bucket/spectral_data_class.csv' for reading
20/10/28 10:43:47 INFO Executor: Finished task 2.0 in stage 6.0 (TID 19). 2343 bytes result sent to driver
20/10/28 10:43:47 INFO Executor: Finished task 0.0 in stage 6.0 (TID 17). 2343 bytes result sent to driver
20/10/28 10:43:54 INFO CoarseGrainedExecutorBackend: Driver commanded a shutdown
20/10/28 10:43:54 INFO MemoryStore: MemoryStore cleared
20/10/28 10:43:54 INFO BlockManager: BlockManager stopped
20/10/28 10:43:54 INFO ShutdownHookManager: Shutdown hook called
End of LogType:stderr

LogType:stdout
Log Upload Time:mer ott 28 10:43:57 +0000 2020
LogLength:524738
Log Contents:
2020-10-28T10:42:42.470+0000: [GC (Allocation Failure) 2020-10-28T10:42:42.470+0000: [ParNew: 16384K->2047K(18432K), 0.0074394 secs] 16384K->2377K(59392K), 0.0075207 secs] [Times: user=0.01 sys=0.00, real=0.00 secs] 
2020-10-28T10:42:42.581+0000: [GC (Allocation Failure) 2020-10-28T10:42:42.581+0000: [ParNew: 18431K->1940K(18432K), 0.0063375 secs] 18761K->3623K(59392K), 0.0063822 secs] [Times: user=0.01 sys=0.00, real=0.00 secs] 
2020-10-28T10:42:42.714+0000: [GC (Allocation Failure) 2020-10-28T10:42:42.714+0000: [ParNew: 18324K->1308K(18432K), 0.0014157 secs] 20007K->2992K(59392K), 0.0014740 secs] [Times: user=0.00 sys=0.00, real=0.00 secs] 
2020-10-28T10:42:42.883+0000: [GC (Allocation Failure) 2020-10-28T10:42:42.883+0000: [ParNew: 17692K->1956K(18432K), 0.0041403 secs] 19376K->4020K(59392K), 0.0041926 secs] [Times: user=0.01 sys=0.00, real=0.00 secs] 
2020-10-28T10:42:43.055+0000: [GC (Allocation Failure) 2020-10-28T10:42:43.055+0000: [ParNew: 18340K->1189K(18432K), 0.0033601 secs] 20404K->3795K(59392K), 0.0034181 secs] [Times: user=0.01 sys=0.00, real=0.01 secs] 
2020-10-28T10:42:43.224+0000: [GC (Allocation Failure) 2020-10-28T10:42:43.224+0000: [ParNew: 17573K->1744K(18432K), 0.0019434 secs] 20179K->4350K(59392K), 0.0019995 secs] [Times: user=0.01 sys=0.00, real=0.00 secs] 
2020-10-28T10:42:43.306+0000: [GC (Allocation Failure) 2020-10-28T10:42:43.306+0000: [ParNew: 18128K->1196K(18432K), 0.0029928 secs] 20734K->4347K(59392K), 0.0030372 secs] [Times: user=0.00 sys=0.00, real=0.00 secs] 
2020-10-28T10:42:43.373+0000: [GC (Allocation Failure) 2020-10-28T10:42:43.373+0000: [ParNew: 17580K->835K(18432K), 0.0016816 secs] 20731K->3985K(59392K), 0.0017272 secs] [Times: user=0.00 sys=0.00, real=0.00 secs] 
2020-10-28T10:42:43.433+0000: [GC (Allocation Failure) 2020-10-28T10:42:43.433+0000: [ParNew: 17219K->821K(18432K), 0.0013191 secs] 20369K->3971K(59392K), 0.0013770 secs] [Times: user=0.01 sys=0.00, real=0.00 secs] 
2020-10-28T10:42:43.549+0000: [GC (Allocation Failure) 2020-10-28T10:42:43.549+0000: [ParNew: 17205K->1326K(18432K), 0.0037279 secs] 20355K->4476K(59392K), 0.0037800 secs] [Times: user=0.01 sys=0.00, real=0.01 secs] 
2020-10-28T10:42:43.647+0000: [GC (Allocation Failure) 2020-10-28T10:42:43.647+0000: [ParNew: 17710K->1293K(18432K), 0.0045320 secs] 20860K->4754K(59392K), 0.0045841 secs] [Times: user=0.01 sys=0.00, real=0.01 secs] 
2020-10-28T10:42:43.815+0000: [GC (Allocation Failure) 2020-10-28T10:42:43.815+0000: [ParNew: 17677K->1385K(18432K), 0.0021465 secs] 21138K->4846K(59392K), 0.0022153 secs] [Times: user=0.00 sys=0.00, real=0.01 secs] 
2020-10-28T10:42:43.926+0000: [GC (Allocation Failure) 2020-10-28T10:42:43.926+0000: [ParNew: 17769K->1563K(18432K), 0.0030882 secs] 21230K->5099K(59392K), 0.0031345 secs] [Times: user=0.01 sys=0.00, real=0.00 secs] 
2020-10-28T10:42:44.065+0000: [GC (Allocation Failure) 2020-10-28T10:42:44.065+0000: [ParNew: 17947K->1119K(18432K), 0.0067123 secs] 21483K->5262K(59392K), 0.0067686 secs] [Times: user=0.02 sys=0.00, real=0.01 secs] 
2020-10-28T10:42:44.159+0000: [GC (Allocation Failure) 2020-10-28T10:42:44.159+0000: [ParNew: 17503K->1125K(18432K), 0.0025361 secs] 21646K->5267K(59392K), 0.0025788 secs] [Times: user=0.01 sys=0.00, real=0.00 secs] 
2020-10-28T10:42:44.231+0000: [GC (Allocation Failure) 2020-10-28T10:42:44.231+0000: [ParNew: 17509K->1054K(18432K), 0.0019158 secs] 21651K->5197K(59392K), 0.0019613 secs] [Times: user=0.01 sys=0.00, real=0.00 secs] 
2020-10-28T10:42:44.299+0000: [GC (Allocation Failure) 2020-10-28T10:42:44.299+0000: [ParNew: 17438K->1481K(18432K), 0.0030609 secs] 21581K->5623K(59392K), 0.0031066 secs] [Times: user=0.00 sys=0.00, real=0.00 secs] 
2020-10-28T10:42:44.356+0000: [GC (Allocation Failure) 2020-10-28T10:42:44.356+0000: [ParNew: 17865K->1034K(18432K), 0.0028092 secs] 22007K->5522K(59392K), 0.0028547 secs] [Times: user=0.01 sys=0.00, real=0.01 secs] 
2020-10-28T10:42:44.428+0000: [GC (Allocation Failure) 2020-10-28T10:42:44.428+0000: [ParNew: 17418K->1529K(18432K), 0.0020697 secs] 21906K->6017K(59392K), 0.0021155 secs] [Times: user=0.00 sys=0.00, real=0.01 secs] 
2020-10-28T10:42:44.560+0000: [GC (Allocation Failure) 2020-10-28T10:42:44.560+0000: [ParNew: 17913K->1545K(18432K), 0.0030788 secs] 22401K->6253K(59392K), 0.0031255 secs] [Times: user=0.01 sys=0.00, real=0.00 secs] 
2020-10-28T10:42:44.626+0000: [GC (Allocation Failure) 2020-10-28T10:42:44.626+0000: [ParNew: 17929K->1151K(18432K), 0.0030973 secs] 22637K->6322K(59392K), 0.0031442 secs] [Times: user=0.01 sys=0.00, real=0.00 secs] 
2020-10-28T10:42:44.717+0000: [GC (Allocation Failure) 2020-10-28T10:42:44.717+0000: [ParNew: 17535K->1237K(18432K), 0.0019543 secs] 39090K->22792K(59392K), 0.0020019 secs] [Times: user=0.01 sys=0.00, real=0.01 secs] 
2020-10-28T10:42:44.719+0000: [GC (CMS Initial Mark) [1 CMS-initial-mark: 21554K(40960K)] 22988K(59392K), 0.0008689 secs] [Times: user=0.00 sys=0.00, real=0.00 secs] 
2020-10-28T10:42:44.720+0000: [CMS-concurrent-mark-start]
2020-10-28T10:42:44.737+0000: [CMS-concurrent-mark: 0.017/0.017 secs] [Times: user=0.02 sys=0.00, real=0.01 secs] 
2020-10-28T10:42:44.742+0000: [CMS-concurrent-preclean-start]
2020-10-28T10:42:44.742+0000: [CMS-concurrent-preclean: 0.000/0.000 secs] [Times: user=0.00 sys=0.00, real=0.00 secs] 
2020-10-28T10:42:44.742+0000: [CMS-concurrent-abortable-preclean-start]
2020-10-28T10:42:44.800+0000: [GC (Allocation Failure) 2020-10-28T10:42:44.800+0000: [ParNew: 17621K->1019K(18432K), 0.0028063 secs] 39176K->22803K(59392K), 0.0028668 secs] [Times: user=0.00 sys=0.00, real=0.00 secs] 
2020-10-28T10:42:44.944+0000: [GC (Allocation Failure) 2020-10-28T10:42:44.944+0000: [ParNew: 17403K->1556K(18432K), 0.0020005 secs] 55571K->39725K(59392K), 0.0020474 secs] [Times: user=0.01 sys=0.00, real=0.00 secs] 
2020-10-28T10:42:44.946+0000: [CMS-concurrent-abortable-preclean: 0.045/0.204 secs] [Times: user=0.37 sys=0.02, real=0.20 secs] 
2020-10-28T10:42:44.947+0000: [GC (CMS Final Remark) [YG occupancy: 1556 K (18432 K)]2020-10-28T10:42:44.947+0000: [Rescan (parallel) , 0.0010417 secs]2020-10-28T10:42:44.948+0000: [weak refs processing, 0.0000347 secs]2020-10-28T10:42:44.948+0000: [class unloading, 0.0023154 secs]2020-10-28T10:42:44.951+0000: [scrub symbol table, 0.0023486 secs]2020-10-28T10:42:44.953+0000: [scrub string table, 0.0001968 secs][1 CMS-remark: 38168K(40960K)] 39725K(59392K), 0.0060329 secs] [Times: user=0.00 sys=0.00, real=0.01 secs] 
2020-10-28T10:42:44.953+0000: [CMS-concurrent-sweep-start]
2020-10-28T10:42:44.956+0000: [CMS-concurrent-sweep: 0.003/0.003 secs] [Times: user=0.00 sys=0.00, real=0.00 secs] 
2020-10-28T10:42:44.956+0000: [CMS-concurrent-reset-start]
2020-10-28T10:42:44.981+0000: [CMS-concurrent-reset: 0.025/0.025 secs] [Times: user=0.02 sys=0.02, real=0.03 secs] 
2020-10-28T10:42:45.039+0000: [GC (Allocation Failure) 2020-10-28T10:42:45.039+0000: [ParNew: 17940K->1125K(18432K), 0.0033169 secs] 55699K->39253K(81368K), 0.0033811 secs] [Times: user=0.00 sys=0.00, real=0.00 secs] 
2020-10-28T10:42:45.142+0000: [GC (Allocation Failure) 2020-10-28T10:42:45.142+0000: [ParNew: 17509K->1108K(18432K), 0.0017956 secs] 55637K->39236K(81368K), 0.0018596 secs] [Times: user=0.01 sys=0.00, real=0.00 secs] 
2020-10-28T10:42:45.215+0000: [GC (Allocation Failure) 2020-10-28T10:42:45.215+0000: [ParNew: 17492K->1471K(18432K), 0.0019793 secs] 55620K->39599K(81368K), 0.0020271 secs] [Times: user=0.01 sys=0.00, real=0.00 secs] 
2020-10-28T10:42:45.270+0000: [GC (Allocation Failure) 2020-10-28T10:42:45.270+0000: [ParNew: 17855K->1185K(18432K), 0.0025304 secs] 55983K->39650K(81368K), 0.0025782 secs] [Times: user=0.00 sys=0.00, real=0.00 secs] 
2020-10-28T10:42:45.313+0000: [GC (Allocation Failure) 2020-10-28T10:42:45.313+0000: [ParNew: 17569K->1211K(18432K), 0.0017218 secs] 56034K->39676K(81368K), 0.0017712 secs] [Times: user=0.00 sys=0.00, real=0.00 secs] 
2020-10-28T10:42:45.409+0000: [GC (Allocation Failure) 2020-10-28T10:42:45.409+0000: [ParNew: 17595K->1224K(18432K), 0.0037642 secs] 56060K->39819K(81368K), 0.0038185 secs] [Times: user=0.01 sys=0.00, real=0.01 secs] 
2020-10-28T10:42:45.539+0000: [GC (Allocation Failure) 2020-10-28T10:42:45.539+0000: [ParNew: 17608K->1845K(18432K), 0.0029794 secs] 56203K->40440K(81368K), 0.0030212 secs] [Times: user=0.01 sys=0.00, real=0.00 secs] 
2020-10-28T10:42:45.726+0000: [GC (Allocation Failure) 2020-10-28T10:42:45.726+0000: [ParNew: 18229K->1543K(18432K), 0.0079026 secs] 73208K->57782K(81368K), 0.0079514 secs] [Times: user=0.01 sys=0.00, real=0.01 secs] 
2020-10-28T10:42:45.738+0000: [GC (CMS Initial Mark) [1 CMS-initial-mark: 56239K(62936K)] 57905K(81368K), 0.0014109 secs] [Times: user=0.00 sys=0.00, real=0.00 secs] 
2020-10-28T10:42:45.739+0000: [CMS-concurrent-mark-start]
2020-10-28T10:42:45.754+0000: [CMS-concurrent-mark: 0.014/0.014 secs] [Times: user=0.03 sys=0.00, real=0.01 secs] 
2020-10-28T10:42:45.754+0000: [CMS-concurrent-preclean-start]
2020-10-28T10:42:45.754+0000: [CMS-concurrent-preclean: 0.000/0.000 secs] [Times: user=0.00 sys=0.00, real=0.00 secs] 
2020-10-28T10:42:45.758+0000: [GC (CMS Final Remark) [YG occupancy: 1667 K (18432 K)]2020-10-28T10:42:45.758+0000: [Rescan (parallel) , 0.0011750 secs]2020-10-28T10:42:45.759+0000: [weak refs processing, 0.0000275 secs]2020-10-28T10:42:45.759+0000: [class unloading, 0.0027075 secs]2020-10-28T10:42:45.762+0000: [scrub symbol table, 0.0032120 secs]2020-10-28T10:42:45.765+0000: [scrub string table, 0.0002814 secs][1 CMS-remark: 56239K(62936K)] 57907K(81368K), 0.0074809 secs] [Times: user=0.00 sys=0.00, real=0.00 secs] 
2020-10-28T10:42:45.765+0000: [CMS-concurrent-sweep-start]
2020-10-28T10:42:45.771+0000: [CMS-concurrent-sweep: 0.005/0.005 secs] [Times: user=0.02 sys=0.00, real=0.01 secs] 
2020-10-28T10:42:45.771+0000: [CMS-concurrent-reset-start]
2020-10-28T10:42:45.772+0000: [CMS-concurrent-reset: 0.002/0.002 secs] [Times: user=0.00 sys=0.00, real=0.00 secs] 
2020-10-28T10:42:45.853+0000: [GC (Allocation Failure) 2020-10-28T10:42:45.853+0000: [ParNew: 17927K->1312K(18432K), 0.0024717 secs] 74019K->57404K(111920K), 0.0025153 secs] [Times: user=0.01 sys=0.00, real=0.00 secs] 
2020-10-28T10:42:45.941+0000: [GC (Allocation Failure) 2020-10-28T10:42:45.941+0000: [ParNew: 17696K->1171K(18432K), 0.0027987 secs] 90172K->73939K(111920K), 0.0028417 secs] [Times: user=0.01 sys=0.00, real=0.00 secs] 
2020-10-28T10:42:45.944+0000: [GC (CMS Initial Mark) [1 CMS-initial-mark: 72767K(93488K)] 73939K(111920K), 0.0008164 secs] [Times: user=0.00 sys=0.00, real=0.00 secs] 
2020-10-28T10:42:45.944+0000: [CMS-concurrent-mark-start]
2020-10-28T10:42:45.961+0000: [CMS-concurrent-mark: 0.016/0.016 secs] [Times: user=0.03 sys=0.00, real=0.02 secs] 
2020-10-28T10:42:45.961+0000: [CMS-concurrent-preclean-start]
2020-10-28T10:42:45.962+0000: [CMS-concurrent-preclean: 0.001/0.001 secs] [Times: user=0.00 sys=0.00, real=0.00 secs] 
2020-10-28T10:42:45.962+0000: [GC (CMS Final Remark) [YG occupancy: 2952 K (18432 K)]2020-10-28T10:42:45.962+0000: [Rescan (parallel) , 0.0009298 secs]2020-10-28T10:42:45.963+0000: [weak refs processing, 0.0000238 secs]2020-10-28T10:42:45.963+0000: [class unloading, 0.0029614 secs]2020-10-28T10:42:45.966+0000: [scrub symbol table, 0.0033811 secs]2020-10-28T10:42:45.969+0000: [scrub string table, 0.0002933 secs][1 CMS-remark: 72767K(93488K)] 75720K(111920K), 0.0077489 secs] [Times: user=0.01 sys=0.01, real=0.01 secs] 
2020-10-28T10:42:45.970+0000: [CMS-concurrent-sweep-start]
2020-10-28T10:42:45.973+0000: [CMS-concurrent-sweep: 0.003/0.003 secs] [Times: user=0.00 sys=0.00, real=0.00 secs] 
2020-10-28T10:42:45.973+0000: [CMS-concurrent-reset-start]
2020-10-28T10:42:45.975+0000: [CMS-concurrent-reset: 0.002/0.002 secs] [Times: user=0.01 sys=0.00, real=0.00 secs] 
2020-10-28T10:42:46.065+0000: [GC (Allocation Failure) 2020-10-28T10:42:46.065+0000: [ParNew: 17555K->1425K(18432K), 0.0025205 secs] 90307K->74176K(139688K), 0.0025872 secs] [Times: user=0.01 sys=0.00, real=0.00 secs] 
2020-10-28T10:42:46.160+0000: [GC (Allocation Failure) 2020-10-28T10:42:46.160+0000: [ParNew: 17809K->1460K(18432K), 0.0038349 secs] 90560K->74492K(139688K), 0.0038847 secs] [Times: user=0.01 sys=0.00, real=0.00 secs] 
2020-10-28T10:42:46.245+0000: [GC (Allocation Failure) 2020-10-28T10:42:46.245+0000: [ParNew: 17844K->1316K(18432K), 0.0063304 secs] 90876K->74753K(139688K), 0.0063805 secs] [Times: user=0.01 sys=0.00, real=0.01 secs] 
2020-10-28T10:42:46.344+0000: [GC (Allocation Failure) 2020-10-28T10:42:46.344+0000: [ParNew: 17700K->1622K(18432K), 0.0093700 secs] 91137K->75391K(139688K), 0.0094393 secs] [Times: user=0.02 sys=0.00, real=0.01 secs] 
2020-10-28T10:42:46.500+0000: [GC (Allocation Failure) 2020-10-28T10:42:46.500+0000: [ParNew: 18006K->2001K(18432K), 0.0070912 secs] 91775K->75770K(139688K), 0.0071586 secs] [Times: user=0.02 sys=0.00, real=0.00 secs] 
2020-10-28T10:42:46.622+0000: [GC (Allocation Failure) 2020-10-28T10:42:46.622+0000: [ParNew: 18385K->1512K(18432K), 0.0141390 secs] 92154K->76644K(139688K), 0.0142076 secs] [Times: user=0.02 sys=0.01, real=0.01 secs] 
2020-10-28T10:42:46.771+0000: [GC (Allocation Failure) 2020-10-28T10:42:46.771+0000: [ParNew: 17896K->994K(18432K), 0.0040561 secs] 93028K->76126K(139688K), 0.0041219 secs] [Times: user=0.01 sys=0.00, real=0.00 secs] 
2020-10-28T10:42:46.978+0000: [GC (Allocation Failure) 2020-10-28T10:42:46.978+0000: [ParNew: 17378K->1417K(18432K), 0.0059141 secs] 92510K->76548K(139688K), 0.0059654 secs] [Times: user=0.01 sys=0.00, real=0.00 secs] 
2020-10-28T10:42:47.107+0000: [GC (Allocation Failure) 2020-10-28T10:42:47.107+0000: [ParNew: 17801K->1313K(18432K), 0.0035508 secs] 92932K->76809K(139688K), 0.0035984 secs] [Times: user=0.01 sys=0.00, real=0.01 secs] 
2020-10-28T10:42:47.166+0000: [GC (Allocation Failure) 2020-10-28T10:42:47.166+0000: [ParNew: 17697K->1089K(18432K), 0.0028762 secs] 93193K->76585K(139688K), 0.0029252 secs] [Times: user=0.00 sys=0.00, real=0.00 secs] 
2020-10-28T10:42:47.239+0000: [GC (Allocation Failure) 2020-10-28T10:42:47.239+0000: [ParNew: 17473K->1250K(18432K), 0.0041026 secs] 92969K->76746K(139688K), 0.0041476 secs] [Times: user=0.00 sys=0.00, real=0.00 secs] 
2020-10-28T10:42:47.357+0000: [GC (Allocation Failure) 2020-10-28T10:42:47.357+0000: [ParNew: 17634K->1346K(18432K), 0.0030838 secs] 93130K->77024K(139688K), 0.0031428 secs] [Times: user=0.00 sys=0.00, real=0.01 secs] 
2020-10-28T10:42:47.443+0000: [GC (Allocation Failure) 2020-10-28T10:42:47.443+0000: [ParNew: 17730K->1094K(18432K), 0.0026383 secs] 93408K->76771K(139688K), 0.0026848 secs] [Times: user=0.00 sys=0.00, real=0.00 secs] 
2020-10-28T10:42:47.521+0000: [GC (Allocation Failure) 2020-10-28T10:42:47.521+0000: [ParNew: 17478K->1703K(18432K), 0.0025957 secs] 93155K->77381K(139688K), 0.0026619 secs] [Times: user=0.01 sys=0.00, real=0.00 secs] 
2020-10-28T10:42:47.584+0000: [GC (Allocation Failure) 2020-10-28T10:42:47.585+0000: [ParNew: 18087K->1075K(18432K), 0.0035951 secs] 93765K->77292K(139688K), 0.0036710 secs] [Times: user=0.00 sys=0.00, real=0.00 secs] 
2020-10-28T10:42:47.655+0000: [GC (Allocation Failure) 2020-10-28T10:42:47.655+0000: [ParNew: 17459K->740K(18432K), 0.0018733 secs] 93676K->76956K(139688K), 0.0019378 secs] [Times: user=0.00 sys=0.00, real=0.00 secs] 
2020-10-28T10:42:47.715+0000: [GC (Allocation Failure) 2020-10-28T10:42:47.715+0000: [ParNew: 17124K->1259K(18432K), 0.0021169 secs] 93340K->77475K(139688K), 0.0021838 secs] [Times: user=0.01 sys=0.00, real=0.00 secs] 
2020-10-28T10:42:47.784+0000: [GC (Allocation Failure) 2020-10-28T10:42:47.784+0000: [ParNew: 17643K->1225K(18432K), 0.0025548 secs] 93859K->77613K(139688K), 0.0026212 secs] [Times: user=0.01 sys=0.00, real=0.00 secs] 
2020-10-28T10:42:47.867+0000: [GC (Allocation Failure) 2020-10-28T10:42:47.867+0000: [ParNew: 17609K->755K(18432K), 0.0057243 secs] 93997K->77765K(139688K), 0.0057750 secs] [Times: user=0.01 sys=0.00, real=0.01 secs] 
2020-10-28T10:42:47.928+0000: [GC (Allocation Failure) 2020-10-28T10:42:47.928+0000: [ParNew: 17139K->472K(18432K), 0.0032985 secs] 94149K->77482K(139688K), 0.0033484 secs] [Times: user=0.00 sys=0.00, real=0.01 secs] 
2020-10-28T10:42:48.034+0000: [GC (Allocation Failure) 2020-10-28T10:42:48.034+0000: [ParNew: 16847K->703K(18432K), 0.0038031 secs] 93858K->77713K(139688K), 0.0038530 secs] [Times: user=0.01 sys=0.00, real=0.00 secs] 
2020-10-28T10:42:48.105+0000: [GC (Allocation Failure) 2020-10-28T10:42:48.105+0000: [ParNew: 17087K->686K(18432K), 0.0024321 secs] 94097K->77697K(139688K), 0.0025059 secs] [Times: user=0.00 sys=0.00, real=0.00 secs] 
2020-10-28T10:42:48.183+0000: [GC (Allocation Failure) 2020-10-28T10:42:48.183+0000: [ParNew: 17070K->903K(18432K), 0.0022566 secs] 94081K->77914K(139688K), 0.0023065 secs] [Times: user=0.01 sys=0.00, real=0.00 secs] 
2020-10-28T10:42:48.247+0000: [GC (Allocation Failure) 2020-10-28T10:42:48.247+0000: [ParNew: 17287K->645K(18432K), 0.0026913 secs] 94298K->77695K(139688K), 0.0027399 secs] [Times: user=0.00 sys=0.00, real=0.01 secs] 
2020-10-28T10:42:48.431+0000: [GC (Allocation Failure) 2020-10-28T10:42:48.431+0000: [ParNew: 17029K->1224K(18432K), 0.0035963 secs] 94079K->78367K(139688K), 0.0036498 secs] [Times: user=0.01 sys=0.00, real=0.00 secs] 
2020-10-28T10:42:48.498+0000: [GC (Allocation Failure) 2020-10-28T10:42:48.498+0000: [ParNew: 17608K->1512K(18432K), 0.0033020 secs] 94751K->78749K(139688K), 0.0033524 secs] [Times: user=0.01 sys=0.00, real=0.01 secs] 
2020-10-28T10:42:48.643+0000: [GC (Allocation Failure) 2020-10-28T10:42:48.643+0000: [ParNew: 17896K->1607K(18432K), 0.0039092 secs] 95133K->79077K(139688K), 0.0039598 secs] [Times: user=0.01 sys=0.00, real=0.00 secs] 
2020-10-28T10:42:48.729+0000: [GC (Allocation Failure) 2020-10-28T10:42:48.729+0000: [ParNew: 17991K->874K(18432K), 0.0040907 secs] 95461K->78853K(139688K), 0.0041396 secs] [Times: user=0.01 sys=0.00, real=0.01 secs] 
2020-10-28T10:42:48.922+0000: [GC (Allocation Failure) 2020-10-28T10:42:48.922+0000: [ParNew: 17258K->2048K(18432K), 0.0060477 secs] 95237K->80969K(139688K), 0.0060975 secs] [Times: user=0.01 sys=0.00, real=0.00 secs] 
2020-10-28T10:42:49.029+0000: [GC (Allocation Failure) 2020-10-28T10:42:49.029+0000: [ParNew: 18432K->1766K(18432K), 0.0218513 secs] 97353K->82853K(139688K), 0.0219069 secs] [Times: user=0.02 sys=0.00, real=0.03 secs] 
2020-10-28T10:42:49.168+0000: [GC (Allocation Failure) 2020-10-28T10:42:49.168+0000: [ParNew: 18150K->1475K(18432K), 0.0037205 secs] 99237K->82562K(139688K), 0.0037869 secs] [Times: user=0.01 sys=0.00, real=0.01 secs] 
2020-10-28T10:42:49.282+0000: [GC (Allocation Failure) 2020-10-28T10:42:49.282+0000: [ParNew: 17859K->1964K(18432K), 0.0035861 secs] 98946K->83275K(139688K), 0.0036502 secs] [Times: user=0.01 sys=0.00, real=0.00 secs] 
2020-10-28T10:42:49.353+0000: [GC (Allocation Failure) 2020-10-28T10:42:49.353+0000: [ParNew: 18348K->1769K(18432K), 0.0042375 secs] 99659K->83631K(139688K), 0.0042853 secs] [Times: user=0.01 sys=0.00, real=0.01 secs] 
2020-10-28T10:42:49.415+0000: [GC (Allocation Failure) 2020-10-28T10:42:49.415+0000: [ParNew: 18153K->1077K(18432K), 0.0033293 secs] 100015K->83444K(139688K), 0.0033791 secs] [Times: user=0.01 sys=0.00, real=0.01 secs] 
2020-10-28T10:42:49.419+0000: [GC (CMS Initial Mark) [1 CMS-initial-mark: 82367K(121256K)] 83771K(139688K), 0.0009109 secs] [Times: user=0.00 sys=0.00, real=0.00 secs] 
2020-10-28T10:42:49.420+0000: [CMS-concurrent-mark-start]
2020-10-28T10:42:49.451+0000: [CMS-concurrent-mark: 0.031/0.031 secs] [Times: user=0.06 sys=0.00, real=0.03 secs] 
2020-10-28T10:42:49.451+0000: [CMS-concurrent-preclean-start]
2020-10-28T10:42:49.453+0000: [CMS-concurrent-preclean: 0.001/0.001 secs] [Times: user=0.00 sys=0.00, real=0.00 secs] 
2020-10-28T10:42:49.453+0000: [CMS-concurrent-abortable-preclean-start]
2020-10-28T10:42:49.469+0000: [GC (Allocation Failure) 2020-10-28T10:42:49.469+0000: [ParNew: 17461K->516K(18432K), 0.0015838 secs] 99828K->82884K(139688K), 0.0016198 secs] [Times: user=0.01 sys=0.00, real=0.01 secs] 
2020-10-28T10:42:49.528+0000: [GC (Allocation Failure) 2020-10-28T10:42:49.528+0000: [ParNew: 16900K->865K(18432K), 0.0026780 secs] 99268K->83233K(139688K), 0.0027365 secs] [Times: user=0.00 sys=0.00, real=0.01 secs] 
2020-10-28T10:42:49.604+0000: [GC (Allocation Failure) 2020-10-28T10:42:49.604+0000: [ParNew: 17249K->964K(18432K), 0.0023961 secs] 99617K->83332K(139688K), 0.0024450 secs] [Times: user=0.00 sys=0.00, real=0.00 secs] 
2020-10-28T10:42:49.606+0000: [CMS-concurrent-abortable-preclean: 0.016/0.154 secs] [Times: user=0.24 sys=0.00, real=0.15 secs] 
2020-10-28T10:42:49.610+0000: [GC (CMS Final Remark) [YG occupancy: 1292 K (18432 K)]2020-10-28T10:42:49.610+0000: [Rescan (parallel) , 0.0013563 secs]2020-10-28T10:42:49.611+0000: [weak refs processing, 0.0000542 secs]2020-10-28T10:42:49.611+0000: [class unloading, 0.0052861 secs]2020-10-28T10:42:49.617+0000: [scrub symbol table, 0.0062948 secs]2020-10-28T10:42:49.623+0000: [scrub string table, 0.0003916 secs][1 CMS-remark: 82367K(121256K)] 83660K(139688K), 0.0134803 secs] [Times: user=0.01 sys=0.00, real=0.01 secs] 
2020-10-28T10:42:49.623+0000: [CMS-concurrent-sweep-start]
2020-10-28T10:42:49.631+0000: [CMS-concurrent-sweep: 0.007/0.007 secs] [Times: user=0.01 sys=0.00, real=0.01 secs] 
2020-10-28T10:42:49.631+0000: [CMS-concurrent-reset-start]
2020-10-28T10:42:49.633+0000: [CMS-concurrent-reset: 0.002/0.002 secs] [Times: user=0.01 sys=0.00, real=0.00 secs] 
2020-10-28T10:42:49.681+0000: [GC (Allocation Failure) 2020-10-28T10:42:49.681+0000: [ParNew: 17348K->1525K(18432K), 0.0029214 secs] 98567K->82743K(153796K), 0.0029705 secs] [Times: user=0.00 sys=0.00, real=0.00 secs] 
2020-10-28T10:42:49.762+0000: [GC (Allocation Failure) 2020-10-28T10:42:49.762+0000: [ParNew: 17909K->1110K(18432K), 0.0073090 secs] 99127K->82847K(153796K), 0.0073618 secs] [Times: user=0.02 sys=0.00, real=0.00 secs] 
2020-10-28T10:42:49.851+0000: [GC (Allocation Failure) 2020-10-28T10:42:49.851+0000: [ParNew: 17494K->1326K(18432K), 0.0027717 secs] 99231K->83063K(153796K), 0.0028402 secs] [Times: user=0.00 sys=0.00, real=0.00 secs] 
2020-10-28T10:42:49.988+0000: [GC (Allocation Failure) 2020-10-28T10:42:49.988+0000: [ParNew: 17710K->1153K(18432K), 0.0096267 secs] 99447K->83064K(153796K), 0.0096853 secs] [Times: user=0.02 sys=0.00, real=0.02 secs] 
2020-10-28T10:42:50.070+0000: [GC (Allocation Failure) 2020-10-28T10:42:50.070+0000: [ParNew: 17537K->1646K(18432K), 0.0054583 secs] 99448K->83558K(153796K), 0.0055099 secs] [Times: user=0.01 sys=0.00, real=0.00 secs] 
2020-10-28T10:42:50.154+0000: [GC (Allocation Failure) 2020-10-28T10:42:50.154+0000: [ParNew: 18030K->1500K(18432K), 0.0072088 secs] 99942K->83946K(153796K), 0.0072899 secs] [Times: user=0.01 sys=0.00, real=0.01 secs] 
2020-10-28T10:42:50.228+0000: [GC (Allocation Failure) 2020-10-28T10:42:50.228+0000: [ParNew: 17884K->1056K(18432K), 0.0040899 secs] 100330K->83587K(153796K), 0.0041411 secs] [Times: user=0.01 sys=0.00, real=0.01 secs] 
2020-10-28T10:42:50.344+0000: [GC (Allocation Failure) 2020-10-28T10:42:50.344+0000: [ParNew: 17440K->962K(18432K), 0.0025628 secs] 99971K->83612K(153796K), 0.0026132 secs] [Times: user=0.01 sys=0.00, real=0.00 secs] 
2020-10-28T10:42:50.599+0000: [GC (Allocation Failure) 2020-10-28T10:42:50.599+0000: [ParNew: 17346K->2048K(18432K), 0.0145870 secs] 99996K->85582K(153796K), 0.0146472 secs] [Times: user=0.02 sys=0.00, real=0.01 secs] 
2020-10-28T10:42:50.716+0000: [GC (Allocation Failure) 2020-10-28T10:42:50.716+0000: [ParNew: 18432K->2047K(18432K), 0.0142187 secs] 101966K->87584K(153796K), 0.0142708 secs] [Times: user=0.02 sys=0.00, real=0.02 secs] 
2020-10-28T10:42:50.804+0000: [GC (Allocation Failure) 2020-10-28T10:42:50.804+0000: [ParNew: 18431K->1586K(18432K), 0.0028689 secs] 103968K->87123K(153796K), 0.0029184 secs] [Times: user=0.01 sys=0.00, real=0.00 secs] 
2020-10-28T10:42:50.882+0000: [GC (Allocation Failure) 2020-10-28T10:42:50.882+0000: [ParNew: 17970K->1009K(18432K), 0.0044248 secs] 103507K->87049K(153796K), 0.0044844 secs] [Times: user=0.00 sys=0.00, real=0.00 secs] 
2020-10-28T10:42:50.970+0000: [GC (Allocation Failure) 2020-10-28T10:42:50.970+0000: [ParNew: 17393K->828K(18432K), 0.0045645 secs] 103433K->86867K(153796K), 0.0046128 secs] [Times: user=0.01 sys=0.00, real=0.00 secs] 
2020-10-28T10:42:51.036+0000: [GC (Allocation Failure) 2020-10-28T10:42:51.036+0000: [ParNew: 17212K->812K(18432K), 0.0058140 secs] 103251K->86851K(153796K), 0.0058637 secs] [Times: user=0.01 sys=0.01, real=0.01 secs] 
2020-10-28T10:42:51.132+0000: [GC (Allocation Failure) 2020-10-28T10:42:51.132+0000: [ParNew: 17196K->1186K(18432K), 0.0047106 secs] 103235K->87225K(153796K), 0.0047835 secs] [Times: user=0.01 sys=0.00, real=0.00 secs] 
2020-10-28T10:42:51.211+0000: [GC (Allocation Failure) 2020-10-28T10:42:51.211+0000: [ParNew: 17570K->1154K(18432K), 0.0032403 secs] 103609K->87272K(153796K), 0.0032906 secs] [Times: user=0.01 sys=0.00, real=0.00 secs] 
2020-10-28T10:42:51.273+0000: [GC (Allocation Failure) 2020-10-28T10:42:51.273+0000: [ParNew: 17538K->1524K(18432K), 0.0030209 secs] 103656K->87642K(153796K), 0.0030697 secs] [Times: user=0.01 sys=0.00, real=0.00 secs] 
2020-10-28T10:42:51.347+0000: [GC (Allocation Failure) 2020-10-28T10:42:51.347+0000: [ParNew: 17908K->1352K(18432K), 0.0058105 secs] 104026K->87545K(153796K), 0.0058600 secs] [Times: user=0.01 sys=0.00, real=0.01 secs] 
2020-10-28T10:42:51.676+0000: [GC (Allocation Failure) 2020-10-28T10:42:51.676+0000: [ParNew: 17736K->2047K(18432K), 0.0055467 secs] 103929K->88732K(153796K), 0.0055934 secs] [Times: user=0.01 sys=0.00, real=0.01 secs] 
2020-10-28T10:42:51.785+0000: [GC (Allocation Failure) 2020-10-28T10:42:51.785+0000: [ParNew: 18431K->1488K(18432K), 0.0060748 secs] 105116K->89501K(153796K), 0.0061210 secs] [Times: user=0.01 sys=0.00, real=0.01 secs] 
2020-10-28T10:42:51.938+0000: [GC (Allocation Failure) 2020-10-28T10:42:51.938+0000: [ParNew: 14617K->994K(18432K), 0.0024107 secs] 102630K->89007K(153796K), 0.0024681 secs] [Times: user=0.01 sys=0.00, real=0.00 secs] 
2020-10-28T10:42:52.195+0000: [GC (Allocation Failure) 2020-10-28T10:42:52.196+0000: [ParNew: 17378K->450K(18432K), 0.0182136 secs] 105391K->96655K(153796K), 0.0182849 secs] [Times: user=0.03 sys=0.00, real=0.02 secs] 
2020-10-28T10:42:52.225+0000: [GC (CMS Initial Mark) [1 CMS-initial-mark: 96204K(135364K)] 97305K(153796K), 0.0018447 secs] [Times: user=0.01 sys=0.00, real=0.00 secs] 
2020-10-28T10:42:52.227+0000: [CMS-concurrent-mark-start]
2020-10-28T10:42:52.288+0000: [CMS-concurrent-mark: 0.061/0.061 secs] [Times: user=0.12 sys=0.00, real=0.06 secs] 
2020-10-28T10:42:52.288+0000: [CMS-concurrent-preclean-start]
2020-10-28T10:42:52.289+0000: [CMS-concurrent-preclean: 0.001/0.001 secs] [Times: user=0.00 sys=0.00, real=0.00 secs] 
2020-10-28T10:42:52.289+0000: [CMS-concurrent-abortable-preclean-start]
2020-10-28T10:42:52.424+0000: [GC (Allocation Failure) 2020-10-28T10:42:52.424+0000: [ParNew: 16834K->803K(18432K), 0.0020422 secs] 113039K->97008K(153796K), 0.0020948 secs] [Times: user=0.00 sys=0.00, real=0.00 secs] 
2020-10-28T10:42:52.557+0000: [GC (Allocation Failure) 2020-10-28T10:42:52.557+0000: [ParNew: 17187K->1041K(18432K), 0.0021929 secs] 113392K->97246K(153796K), 0.0022596 secs] [Times: user=0.00 sys=0.00, real=0.01 secs] 
2020-10-28T10:42:52.560+0000: [CMS-concurrent-abortable-preclean: 0.013/0.270 secs] [Times: user=0.52 sys=0.01, real=0.28 secs] 
2020-10-28T10:42:52.560+0000: [GC (CMS Final Remark) [YG occupancy: 1368 K (18432 K)]2020-10-28T10:42:52.561+0000: [Rescan (parallel) , 0.0013730 secs]2020-10-28T10:42:52.562+0000: [weak refs processing, 0.0000917 secs]2020-10-28T10:42:52.562+0000: [class unloading, 0.0087420 secs]2020-10-28T10:42:52.571+0000: [scrub symbol table, 0.0100701 secs]2020-10-28T10:42:52.581+0000: [scrub string table, 0.0008035 secs][1 CMS-remark: 96204K(135364K)] 97573K(153796K), 0.0212919 secs] [Times: user=0.04 sys=0.00, real=0.02 secs] 
2020-10-28T10:42:52.582+0000: [CMS-concurrent-sweep-start]
2020-10-28T10:42:52.594+0000: [CMS-concurrent-sweep: 0.011/0.012 secs] [Times: user=0.03 sys=0.00, real=0.01 secs] 
2020-10-28T10:42:52.594+0000: [CMS-concurrent-reset-start]
2020-10-28T10:42:52.596+0000: [CMS-concurrent-reset: 0.002/0.002 secs] [Times: user=0.00 sys=0.00, real=0.00 secs] 
2020-10-28T10:42:52.700+0000: [GC (Allocation Failure) 2020-10-28T10:42:52.700+0000: [ParNew: 17425K->1038K(18432K), 0.0023959 secs] 112861K->96473K(177492K), 0.0024481 secs] [Times: user=0.00 sys=0.00, real=0.00 secs] 
2020-10-28T10:42:52.778+0000: [GC (Allocation Failure) 2020-10-28T10:42:52.778+0000: [ParNew: 17422K->1425K(18432K), 0.0026253 secs] 112857K->97051K(177492K), 0.0027067 secs] [Times: user=0.00 sys=0.00, real=0.00 secs] 
2020-10-28T10:42:52.847+0000: [GC (Allocation Failure) 2020-10-28T10:42:52.847+0000: [ParNew: 17809K->137K(18432K), 0.0026408 secs] 113435K->97003K(177492K), 0.0027098 secs] [Times: user=0.01 sys=0.00, real=0.01 secs] 
2020-10-28T10:42:52.908+0000: [GC (Allocation Failure) 2020-10-28T10:42:52.908+0000: [ParNew: 16521K->34K(18432K), 0.0014553 secs] 113387K->96900K(177492K), 0.0015051 secs] [Times: user=0.00 sys=0.00, real=0.00 secs] 
2020-10-28T10:42:52.959+0000: [GC (Allocation Failure) 2020-10-28T10:42:52.959+0000: [ParNew: 16418K->9K(18432K), 0.0030979 secs] 113284K->96874K(177492K), 0.0031491 secs] [Times: user=0.00 sys=0.00, real=0.00 secs] 
2020-10-28T10:42:53.005+0000: [GC (Allocation Failure) 2020-10-28T10:42:53.005+0000: [ParNew: 16393K->14K(18432K), 0.0059923 secs] 113258K->98927K(177492K), 0.0060362 secs] [Times: user=0.01 sys=0.00, real=0.01 secs] 
2020-10-28T10:42:53.056+0000: [GC (Allocation Failure) 2020-10-28T10:42:53.056+0000: [ParNew: 16398K->16K(18432K), 0.0014984 secs] 115311K->98929K(177492K), 0.0015497 secs] [Times: user=0.01 sys=0.00, real=0.00 secs] 
2020-10-28T10:42:53.097+0000: [GC (Allocation Failure) 2020-10-28T10:42:53.097+0000: [ParNew: 16400K->13K(18432K), 0.0014798 secs] 115313K->98926K(177492K), 0.0015465 secs] [Times: user=0.01 sys=0.00, real=0.01 secs] 
2020-10-28T10:42:53.132+0000: [GC (Allocation Failure) 2020-10-28T10:42:53.132+0000: [ParNew: 16397K->16K(18432K), 0.0014945 secs] 115310K->98930K(177492K), 0.0015459 secs] [Times: user=0.01 sys=0.00, real=0.00 secs] 
2020-10-28T10:42:53.164+0000: [GC (Allocation Failure) 2020-10-28T10:42:53.164+0000: [ParNew: 16400K->15K(18432K), 0.0014935 secs] 115314K->98931K(177492K), 0.0015403 secs] [Times: user=0.00 sys=0.00, real=0.00 secs] 
2020-10-28T10:42:53.189+0000: [GC (Allocation Failure) 2020-10-28T10:42:53.189+0000: [ParNew: 15414K->14K(18432K), 0.0014873 secs] 114331K->98933K(177492K), 0.0015359 secs] [Times: user=0.01 sys=0.00, real=0.01 secs] 
2020-10-28T10:42:53.202+0000: [GC (Allocation Failure) 2020-10-28T10:42:53.202+0000: [ParNew: 16398K->10K(18432K), 0.0070125 secs] 115317K->107123K(177492K), 0.0070597 secs] [Times: user=0.01 sys=0.01, real=0.00 secs] 
2020-10-28T10:42:53.212+0000: [GC (CMS Initial Mark) [1 CMS-initial-mark: 107113K(159060K)] 107449K(177492K), 0.0012040 secs] [Times: user=0.00 sys=0.00, real=0.00 secs] 
2020-10-28T10:42:53.214+0000: [CMS-concurrent-mark-start]
2020-10-28T10:42:53.253+0000: [GC (Allocation Failure) 2020-10-28T10:42:53.253+0000: [ParNew: 16394K->8K(18432K), 0.0014362 secs] 123507K->107121K(177492K), 0.0015042 secs] [Times: user=0.00 sys=0.00, real=0.00 secs] 
2020-10-28T10:42:53.288+0000: [CMS-concurrent-mark: 0.066/0.075 secs] [Times: user=0.15 sys=0.00, real=0.07 secs] 
2020-10-28T10:42:53.288+0000: [GC (Allocation Failure) 2020-10-28T10:42:53.288+0000: [ParNew: 16392K->7K(18432K), 0.0014309 secs] 123505K->107121K(177492K), 0.0014664 secs] [Times: user=0.00 sys=0.00, real=0.01 secs] 
2020-10-28T10:42:53.290+0000: [CMS-concurrent-preclean-start]
2020-10-28T10:42:53.291+0000: [CMS-concurrent-preclean: 0.001/0.001 secs] [Times: user=0.00 sys=0.00, real=0.00 secs] 
2020-10-28T10:42:53.294+0000: [GC (CMS Final Remark) [YG occupancy: 660 K (18432 K)]2020-10-28T10:42:53.294+0000: [Rescan (parallel) , 0.0010050 secs]2020-10-28T10:42:53.295+0000: [weak refs processing, 0.0000266 secs]2020-10-28T10:42:53.295+0000: [class unloading, 0.0070124 secs]2020-10-28T10:42:53.302+0000: [scrub symbol table, 0.0085863 secs]2020-10-28T10:42:53.310+0000: [scrub string table, 0.0005288 secs][1 CMS-remark: 107114K(159060K)] 107774K(177492K), 0.0172602 secs] [Times: user=0.02 sys=0.00, real=0.02 secs] 
2020-10-28T10:42:53.311+0000: [CMS-concurrent-sweep-start]
2020-10-28T10:42:53.323+0000: [CMS-concurrent-sweep: 0.012/0.012 secs] [Times: user=0.02 sys=0.00, real=0.01 secs] 
2020-10-28T10:42:53.324+0000: [CMS-concurrent-reset-start]
2020-10-28T10:42:53.325+0000: [CMS-concurrent-reset: 0.002/0.002 secs] [Times: user=0.01 sys=0.00, real=0.00 secs] 
2020-10-28T10:42:53.333+0000: [GC (Allocation Failure) 2020-10-28T10:42:53.333+0000: [ParNew: 16391K->6K(18432K), 0.0036721 secs] 122322K->110035K(194984K), 0.0037103 secs] [Times: user=0.01 sys=0.00, real=0.00 secs] 
2020-10-28T10:42:53.356+0000: [GC (Allocation Failure) 2020-10-28T10:42:53.356+0000: [ParNew: 16390K->4K(18432K), 0.0014509 secs] 126419K->110034K(194984K), 0.0014915 secs] [Times: user=0.00 sys=0.00, real=0.00 secs] 
2020-10-28T10:42:53.381+0000: [GC (Allocation Failure) 2020-10-28T10:42:53.381+0000: [ParNew: 16388K->4K(18432K), 0.0016624 secs] 126418K->110034K(194984K), 0.0017152 secs] [Times: user=0.00 sys=0.00, real=0.00 secs] 
2020-10-28T10:42:53.417+0000: [GC (Allocation Failure) 2020-10-28T10:42:53.417+0000: [ParNew: 16388K->2K(18432K), 0.0029829 secs] 126418K->110032K(194984K), 0.0030317 secs] [Times: user=0.00 sys=0.00, real=0.01 secs] 
2020-10-28T10:42:53.455+0000: [GC (Allocation Failure) 2020-10-28T10:42:53.455+0000: [ParNew: 16386K->4K(18432K), 0.0015176 secs] 126416K->110034K(194984K), 0.0015702 secs] [Times: user=0.01 sys=0.00, real=0.00 secs] 
2020-10-28T10:42:53.491+0000: [GC (Allocation Failure) 2020-10-28T10:42:53.491+0000: [ParNew: 16388K->4K(18432K), 0.0015371 secs] 126418K->110034K(194984K), 0.0016009 secs] [Times: user=0.00 sys=0.00, real=0.00 secs] 
2020-10-28T10:42:53.516+0000: [GC (Allocation Failure) 2020-10-28T10:42:53.516+0000: [ParNew: 16388K->4K(18432K), 0.0015140 secs] 126418K->110034K(194984K), 0.0015728 secs] [Times: user=0.00 sys=0.00, real=0.00 secs] 
2020-10-28T10:42:53.551+0000: [GC (Allocation Failure) 2020-10-28T10:42:53.551+0000: [ParNew: 16388K->4K(18432K), 0.0023469 secs] 126418K->110034K(194984K), 0.0023968 secs] [Times: user=0.00 sys=0.00, real=0.00 secs] 
2020-10-28T10:42:53.573+0000: [GC (Allocation Failure) 2020-10-28T10:42:53.573+0000: [ParNew: 16388K->4K(18432K), 0.0014511 secs] 126418K->110034K(194984K), 0.0014960 secs] [Times: user=0.00 sys=0.00, real=0.00 secs] 
2020-10-28T10:42:53.594+0000: [GC (Allocation Failure) 2020-10-28T10:42:53.594+0000: [ParNew: 16388K->4K(18432K), 0.0013099 secs] 126418K->110034K(194984K), 0.0013535 secs] [Times: user=0.00 sys=0.00, real=0.00 secs] 
2020-10-28T10:42:53.607+0000: [GC (Allocation Failure) 2020-10-28T10:42:53.607+0000: [ParNew: 16388K->4K(18432K), 0.0069762 secs] 126418K->118226K(194984K), 0.0070198 secs] [Times: user=0.01 sys=0.00, real=0.01 secs] 
2020-10-28T10:42:53.614+0000: [GC (CMS Initial Mark) [1 CMS-initial-mark: 118222K(176552K)] 118554K(194984K), 0.0010819 secs] [Times: user=0.00 sys=0.00, real=0.00 secs] 
2020-10-28T10:42:53.615+0000: [CMS-concurrent-mark-start]
2020-10-28T10:42:53.646+0000: [GC (Allocation Failure) 2020-10-28T10:42:53.646+0000: [ParNew: 16388K->4K(18432K), 0.0014117 secs] 134610K->118226K(194984K), 0.0014630 secs] [Times: user=0.01 sys=0.00, real=0.00 secs] 
2020-10-28T10:42:53.662+0000: [CMS-concurrent-mark: 0.045/0.046 secs] [Times: user=0.09 sys=0.01, real=0.05 secs] 
2020-10-28T10:42:53.662+0000: [CMS-concurrent-preclean-start]
2020-10-28T10:42:53.663+0000: [CMS-concurrent-preclean: 0.002/0.002 secs] [Times: user=0.00 sys=0.00, real=0.00 secs] 
2020-10-28T10:42:53.663+0000: [CMS-concurrent-abortable-preclean-start]
2020-10-28T10:42:53.672+0000: [GC (Allocation Failure) 2020-10-28T10:42:53.672+0000: [ParNew: 16388K->4K(18432K), 0.0011971 secs] 134610K->118226K(194984K), 0.0012369 secs] [Times: user=0.00 sys=0.00, real=0.00 secs] 
2020-10-28T10:42:53.694+0000: [GC (Allocation Failure) 2020-10-28T10:42:53.694+0000: [ParNew: 16388K->4K(18432K), 0.0015012 secs] 134610K->118226K(194984K), 0.0015530 secs] [Times: user=0.00 sys=0.00, real=0.00 secs] 
2020-10-28T10:42:53.713+0000: [GC (Allocation Failure) 2020-10-28T10:42:53.714+0000: [ParNew: 16388K->4K(18432K), 0.0014791 secs] 134610K->118226K(194984K), 0.0015263 secs] [Times: user=0.00 sys=0.00, real=0.00 secs] 
2020-10-28T10:42:53.737+0000: [GC (Allocation Failure) 2020-10-28T10:42:53.737+0000: [ParNew: 16388K->4K(18432K), 0.0012648 secs] 134610K->118226K(194984K), 0.0013269 secs] [Times: user=0.00 sys=0.00, real=0.01 secs] 
2020-10-28T10:42:53.755+0000: [GC (Allocation Failure) 2020-10-28T10:42:53.755+0000: [ParNew: 16388K->4K(18432K), 0.0122532 secs] 134610K->126418K(194984K), 0.0123180 secs] [Times: user=0.02 sys=0.00, real=0.01 secs] 
2020-10-28T10:42:53.794+0000: [GC (Allocation Failure) 2020-10-28T10:42:53.794+0000: [ParNew: 16388K->4K(18432K), 0.0014972 secs] 142802K->126418K(194984K), 0.0015418 secs] [Times: user=0.00 sys=0.00, real=0.00 secs] 
2020-10-28T10:42:53.815+0000: [GC (Allocation Failure) 2020-10-28T10:42:53.815+0000: [ParNew: 16388K->8K(18432K), 0.0013509 secs] 142802K->126423K(194984K), 0.0013955 secs] [Times: user=0.00 sys=0.00, real=0.00 secs] 
2020-10-28T10:42:53.835+0000: [GC (Allocation Failure) 2020-10-28T10:42:53.835+0000: [ParNew: 16392K->8K(18432K), 0.0012022 secs] 142807K->126423K(194984K), 0.0012443 secs] [Times: user=0.00 sys=0.00, real=0.00 secs] 
2020-10-28T10:42:53.854+0000: [GC (Allocation Failure) 2020-10-28T10:42:53.854+0000: [ParNew: 16392K->9K(18432K), 0.0010183 secs] 142807K->126424K(194984K), 0.0010645 secs] [Times: user=0.01 sys=0.00, real=0.00 secs] 
2020-10-28T10:42:53.873+0000: [GC (Allocation Failure) 2020-10-28T10:42:53.873+0000: [ParNew: 16393K->8K(18432K), 0.0010695 secs] 142808K->126423K(194984K), 0.0011099 secs] [Times: user=0.01 sys=0.00, real=0.00 secs] 
2020-10-28T10:42:53.891+0000: [GC (Allocation Failure) 2020-10-28T10:42:53.892+0000: [ParNew: 16392K->8K(18432K), 0.0009773 secs] 142807K->126424K(194984K), 0.0010165 secs] [Times: user=0.01 sys=0.00, real=0.00 secs] 
2020-10-28T10:42:53.910+0000: [GC (Allocation Failure) 2020-10-28T10:42:53.910+0000: [ParNew: 16392K->8K(18432K), 0.0010178 secs] 142808K->126423K(194984K), 0.0010587 secs] [Times: user=0.00 sys=0.00, real=0.00 secs] 
2020-10-28T10:42:53.922+0000: [GC (Allocation Failure) 2020-10-28T10:42:53.922+0000: [ParNew: 16392K->5K(18432K), 0.0064846 secs] 142807K->134617K(194984K), 0.0065400 secs] [Times: user=0.01 sys=0.00, real=0.00 secs] 
2020-10-28T10:42:53.946+0000: [GC (Allocation Failure) 2020-10-28T10:42:53.946+0000: [ParNew: 16389K->4K(18432K), 0.0010471 secs] 151001K->134615K(194984K), 0.0010870 secs] [Times: user=0.00 sys=0.00, real=0.00 secs] 
2020-10-28T10:42:53.967+0000: [GC (Allocation Failure) 2020-10-28T10:42:53.967+0000: [ParNew: 16388K->4K(18432K), 0.0010887 secs] 150999K->134616K(194984K), 0.0011295 secs] [Times: user=0.00 sys=0.00, real=0.00 secs] 
2020-10-28T10:42:53.986+0000: [GC (Allocation Failure) 2020-10-28T10:42:53.986+0000: [ParNew: 16388K->4K(18432K), 0.0011124 secs] 151000K->134616K(194984K), 0.0011641 secs] [Times: user=0.00 sys=0.00, real=0.00 secs] 
2020-10-28T10:42:54.004+0000: [GC (Allocation Failure) 2020-10-28T10:42:54.004+0000: [ParNew: 16388K->4K(18432K), 0.0012246 secs] 151000K->134616K(194984K), 0.0012702 secs] [Times: user=0.00 sys=0.00, real=0.00 secs] 
2020-10-28T10:42:54.030+0000: [GC (Allocation Failure) 2020-10-28T10:42:54.030+0000: [ParNew: 16388K->4K(18432K), 0.0012426 secs] 151000K->134616K(194984K), 0.0013084 secs] [Times: user=0.00 sys=0.00, real=0.01 secs] 
2020-10-28T10:42:54.050+0000: [GC (Allocation Failure) 2020-10-28T10:42:54.050+0000: [ParNew: 16388K->4K(18432K), 0.0012832 secs] 151000K->134616K(194984K), 0.0013285 secs] [Times: user=0.00 sys=0.00, real=0.00 secs] 
2020-10-28T10:42:54.070+0000: [GC (Allocation Failure) 2020-10-28T10:42:54.070+0000: [ParNew: 16388K->4K(18432K), 0.0010821 secs] 151000K->134616K(194984K), 0.0011248 secs] [Times: user=0.00 sys=0.00, real=0.00 secs] 
2020-10-28T10:42:54.089+0000: [GC (Allocation Failure) 2020-10-28T10:42:54.089+0000: [ParNew: 16388K->4K(18432K), 0.0010745 secs] 151000K->134616K(194984K), 0.0011163 secs] [Times: user=0.00 sys=0.00, real=0.01 secs] 
2020-10-28T10:42:54.108+0000: [GC (Allocation Failure) 2020-10-28T10:42:54.108+0000: [ParNew: 16388K->4K(18432K), 0.0009982 secs] 151000K->134616K(194984K), 0.0010366 secs] [Times: user=0.00 sys=0.00, real=0.00 secs] 
2020-10-28T10:42:54.127+0000: [GC (Allocation Failure) 2020-10-28T10:42:54.127+0000: [ParNew: 16388K->4K(18432K), 0.0013075 secs] 151000K->134616K(194984K), 0.0013544 secs] [Times: user=0.00 sys=0.00, real=0.00 secs] 
2020-10-28T10:42:54.146+0000: [GC (Allocation Failure) 2020-10-28T10:42:54.146+0000: [ParNew: 16388K->4K(18432K), 0.0010848 secs] 151000K->134616K(194984K), 0.0011260 secs] [Times: user=0.00 sys=0.00, real=0.00 secs] 
2020-10-28T10:42:54.171+0000: [GC (Allocation Failure) 2020-10-28T10:42:54.171+0000: [ParNew: 16388K->4K(18432K), 0.0011769 secs] 151000K->134616K(194984K), 0.0012221 secs] [Times: user=0.00 sys=0.00, real=0.00 secs] 
2020-10-28T10:42:54.182+0000: [GC (Allocation Failure) 2020-10-28T10:42:54.182+0000: [ParNew: 16388K->4K(18432K), 0.0065734 secs] 151000K->142808K(194984K), 0.0066195 secs] [Times: user=0.02 sys=0.00, real=0.00 secs] 
2020-10-28T10:42:54.207+0000: [GC (Allocation Failure) 2020-10-28T10:42:54.207+0000: [ParNew: 16388K->4K(18432K), 0.0011860 secs] 159192K->142808K(194984K), 0.0012264 secs] [Times: user=0.00 sys=0.00, real=0.00 secs] 
2020-10-28T10:42:54.227+0000: [GC (Allocation Failure) 2020-10-28T10:42:54.227+0000: [ParNew: 16388K->4K(18432K), 0.0011476 secs] 159192K->142808K(194984K), 0.0011893 secs] [Times: user=0.00 sys=0.00, real=0.00 secs] 
2020-10-28T10:42:54.246+0000: [GC (Allocation Failure) 2020-10-28T10:42:54.246+0000: [ParNew: 16388K->4K(18432K), 0.0011343 secs] 159192K->142808K(194984K), 0.0011770 secs] [Times: user=0.01 sys=0.00, real=0.00 secs] 
2020-10-28T10:42:54.265+0000: [GC (Allocation Failure) 2020-10-28T10:42:54.265+0000: [ParNew: 16388K->4K(18432K), 0.0010626 secs] 159192K->142808K(194984K), 0.0011014 secs] [Times: user=0.01 sys=0.00, real=0.00 secs] 
2020-10-28T10:42:54.284+0000: [GC (Allocation Failure) 2020-10-28T10:42:54.284+0000: [ParNew: 16388K->4K(18432K), 0.0010301 secs] 159192K->142808K(194984K), 0.0010685 secs] [Times: user=0.01 sys=0.00, real=0.00 secs] 
2020-10-28T10:42:54.302+0000: [GC (Allocation Failure) 2020-10-28T10:42:54.302+0000: [ParNew: 16388K->4K(18432K), 0.0011201 secs] 159192K->142808K(194984K), 0.0011625 secs] [Times: user=0.01 sys=0.00, real=0.00 secs] 
2020-10-28T10:42:54.323+0000: [GC (Allocation Failure) 2020-10-28T10:42:54.323+0000: [ParNew: 16388K->4K(18432K), 0.0013470 secs] 159192K->142808K(194984K), 0.0013961 secs] [Times: user=0.00 sys=0.00, real=0.00 secs] 
2020-10-28T10:42:54.342+0000: [GC (Allocation Failure) 2020-10-28T10:42:54.342+0000: [ParNew: 16388K->4K(18432K), 0.0011073 secs] 159192K->142808K(194984K), 0.0011468 secs] [Times: user=0.00 sys=0.00, real=0.00 secs] 
2020-10-28T10:42:54.371+0000: [GC (Allocation Failure) 2020-10-28T10:42:54.371+0000: [ParNew: 16388K->4K(18432K), 0.0012741 secs] 159192K->142808K(194984K), 0.0013374 secs] [Times: user=0.01 sys=0.00, real=0.00 secs] 
2020-10-28T10:42:54.402+0000: [GC (Allocation Failure) 2020-10-28T10:42:54.402+0000: [ParNew: 16388K->4K(18432K), 0.0014220 secs] 159192K->142808K(194984K), 0.0014724 secs] [Times: user=0.00 sys=0.00, real=0.00 secs] 
2020-10-28T10:42:54.432+0000: [GC (Allocation Failure) 2020-10-28T10:42:54.432+0000: [ParNew: 16388K->4K(18432K), 0.0015042 secs] 175576K->159192K(194984K), 0.0015551 secs] [Times: user=0.01 sys=0.00, real=0.00 secs] 
2020-10-28T10:42:54.452+0000: [GC (Allocation Failure) 2020-10-28T10:42:54.452+0000: [ParNew: 16388K->4K(18432K), 0.0010203 secs] 175576K->159192K(194984K), 0.0010625 secs] [Times: user=0.01 sys=0.00, real=0.00 secs] 
2020-10-28T10:42:54.471+0000: [GC (Allocation Failure) 2020-10-28T10:42:54.471+0000: [ParNew: 16388K->4K(18432K), 0.0011972 secs] 175576K->159193K(194984K), 0.0012423 secs] [Times: user=0.00 sys=0.00, real=0.00 secs] 
2020-10-28T10:42:54.491+0000: [GC (Allocation Failure) 2020-10-28T10:42:54.491+0000: [ParNew: 16388K->4K(18432K), 0.0012088 secs] 175577K->159193K(194984K), 0.0012552 secs] [Times: user=0.00 sys=0.00, real=0.00 secs] 
2020-10-28T10:42:54.522+0000: [GC (Allocation Failure) 2020-10-28T10:42:54.522+0000: [ParNew: 16388K->8K(18432K), 0.0015213 secs] 175577K->159197K(194984K), 0.0015675 secs] [Times: user=0.00 sys=0.00, real=0.00 secs] 
2020-10-28T10:42:54.542+0000: [GC (Allocation Failure) 2020-10-28T10:42:54.542+0000: [ParNew: 16392K->9K(18432K), 0.0012010 secs] 175581K->159198K(194984K), 0.0012578 secs] [Times: user=0.00 sys=0.00, real=0.00 secs] 
2020-10-28T10:42:54.560+0000: [GC (Allocation Failure) 2020-10-28T10:42:54.560+0000: [ParNew: 16393K->8K(18432K), 0.0011228 secs] 175582K->159197K(194984K), 0.0011682 secs] [Times: user=0.00 sys=0.00, real=0.00 secs] 
2020-10-28T10:42:54.579+0000: [GC (Allocation Failure) 2020-10-28T10:42:54.579+0000: [ParNew: 16392K->8K(18432K), 0.0011805 secs] 175581K->159197K(194984K), 0.0012236 secs] [Times: user=0.00 sys=0.00, real=0.00 secs] 
2020-10-28T10:42:54.598+0000: [GC (Allocation Failure) 2020-10-28T10:42:54.598+0000: [ParNew: 16392K->8K(18432K), 0.0012907 secs] 175581K->159198K(194984K), 0.0013377 secs] [Times: user=0.00 sys=0.00, real=0.01 secs] 
2020-10-28T10:42:54.616+0000: [GC (Allocation Failure) 2020-10-28T10:42:54.616+0000: [ParNew: 16392K->8K(18432K), 0.0010738 secs] 175582K->159198K(194984K), 0.0011166 secs] [Times: user=0.00 sys=0.00, real=0.00 secs] 
2020-10-28T10:42:54.635+0000: [GC (Allocation Failure) 2020-10-28T10:42:54.635+0000: [ParNew: 16392K->5K(18432K), 0.0010521 secs] 175582K->159199K(194984K), 0.0010923 secs] [Times: user=0.00 sys=0.00, real=0.00 secs] 
2020-10-28T10:42:54.654+0000: [GC (Allocation Failure) 2020-10-28T10:42:54.654+0000: [ParNew: 16389K->4K(18432K), 0.0010377 secs] 175583K->159198K(194984K), 0.0010773 secs] [Times: user=0.00 sys=0.00, real=0.00 secs] 
2020-10-28T10:42:54.672+0000: [GC (Allocation Failure) 2020-10-28T10:42:54.672+0000: [ParNew: 16388K->4K(18432K), 0.0011414 secs] 175582K->159198K(194984K), 0.0011831 secs] [Times: user=0.00 sys=0.00, real=0.00 secs] 
2020-10-28T10:42:54.691+0000: [GC (Allocation Failure) 2020-10-28T10:42:54.691+0000: [ParNew: 16388K->4K(18432K), 0.0011697 secs] 175582K->159198K(194984K), 0.0012143 secs] [Times: user=0.01 sys=0.00, real=0.00 secs] 
2020-10-28T10:42:54.707+0000: [GC (Allocation Failure) 2020-10-28T10:42:54.707+0000: [ParNew: 14109K->4K(18432K), 0.0010796 secs] 173304K->159198K(194984K), 0.0011237 secs] [Times: user=0.00 sys=0.00, real=0.00 secs] 
2020-10-28T10:42:54.718+0000: [GC (Allocation Failure) 2020-10-28T10:42:54.718+0000: [ParNew: 16388K->4K(18432K), 0.0066733 secs] 175582K->167390K(194984K), 0.0067141 secs] [Times: user=0.01 sys=0.00, real=0.00 secs] 
2020-10-28T10:42:54.725+0000: [CMS-concurrent-abortable-preclean: 0.036/1.061 secs] [Times: user=1.28 sys=0.06, real=1.06 secs] 
2020-10-28T10:42:54.726+0000: [GC (CMS Final Remark) [YG occupancy: 330 K (18432 K)]2020-10-28T10:42:54.726+0000: [Rescan (parallel) , 0.0008322 secs]2020-10-28T10:42:54.727+0000: [weak refs processing, 0.0000254 secs]2020-10-28T10:42:54.727+0000: [class unloading, 0.0070659 secs]2020-10-28T10:42:54.734+0000: [scrub symbol table, 0.0084785 secs]2020-10-28T10:42:54.742+0000: [scrub string table, 0.0005329 secs][1 CMS-remark: 167386K(176552K)] 167716K(194984K), 0.0170173 secs] [Times: user=0.02 sys=0.00, real=0.02 secs] 
2020-10-28T10:42:54.743+0000: [CMS-concurrent-sweep-start]
2020-10-28T10:42:54.754+0000: [CMS-concurrent-sweep: 0.011/0.011 secs] [Times: user=0.02 sys=0.01, real=0.01 secs] 
2020-10-28T10:42:54.754+0000: [CMS-concurrent-reset-start]
2020-10-28T10:42:54.756+0000: [CMS-concurrent-reset: 0.002/0.002 secs] [Times: user=0.00 sys=0.00, real=0.00 secs] 
2020-10-28T10:42:54.765+0000: [GC (Allocation Failure) 2020-10-28T10:42:54.765+0000: [ParNew: 16388K->4K(18432K), 0.0016978 secs] 181726K->165342K(293996K), 0.0017350 secs] [Times: user=0.01 sys=0.00, real=0.00 secs] 
2020-10-28T10:42:54.788+0000: [GC (Allocation Failure) 2020-10-28T10:42:54.788+0000: [ParNew: 16388K->4K(18432K), 0.0015537 secs] 181726K->165342K(293996K), 0.0015952 secs] [Times: user=0.01 sys=0.00, real=0.01 secs] 
2020-10-28T10:42:54.807+0000: [GC (Allocation Failure) 2020-10-28T10:42:54.807+0000: [ParNew: 16388K->4K(18432K), 0.0015823 secs] 181726K->165342K(293996K), 0.0016242 secs] [Times: user=0.01 sys=0.00, real=0.00 secs] 
2020-10-28T10:42:54.827+0000: [GC (Allocation Failure) 2020-10-28T10:42:54.827+0000: [ParNew: 16388K->4K(18432K), 0.0016178 secs] 181726K->165342K(293996K), 0.0016731 secs] [Times: user=0.00 sys=0.00, real=0.00 secs] 
2020-10-28T10:42:54.845+0000: [GC (Allocation Failure) 2020-10-28T10:42:54.845+0000: [ParNew: 16388K->4K(18432K), 0.0013812 secs] 181726K->165342K(293996K), 0.0014192 secs] [Times: user=0.00 sys=0.00, real=0.00 secs] 
2020-10-28T10:42:54.871+0000: [GC (Allocation Failure) 2020-10-28T10:42:54.871+0000: [ParNew: 16388K->4K(18432K), 0.0016807 secs] 181726K->165342K(293996K), 0.0017265 secs] [Times: user=0.01 sys=0.00, real=0.00 secs] 
2020-10-28T10:42:54.892+0000: [GC (Allocation Failure) 2020-10-28T10:42:54.892+0000: [ParNew: 16388K->4K(18432K), 0.0015309 secs] 181726K->165342K(293996K), 0.0015878 secs] [Times: user=0.00 sys=0.00, real=0.00 secs] 
2020-10-28T10:42:54.911+0000: [GC (Allocation Failure) 2020-10-28T10:42:54.912+0000: [ParNew: 16388K->4K(18432K), 0.0015956 secs] 181726K->165342K(293996K), 0.0016441 secs] [Times: user=0.00 sys=0.00, real=0.00 secs] 
2020-10-28T10:42:54.931+0000: [GC (Allocation Failure) 2020-10-28T10:42:54.931+0000: [ParNew: 16388K->4K(18432K), 0.0016225 secs] 181726K->165342K(293996K), 0.0016735 secs] [Times: user=0.01 sys=0.00, real=0.00 secs] 
2020-10-28T10:42:54.950+0000: [GC (Allocation Failure) 2020-10-28T10:42:54.950+0000: [ParNew: 16388K->4K(18432K), 0.0016390 secs] 181726K->165342K(293996K), 0.0016826 secs] [Times: user=0.00 sys=0.00, real=0.00 secs] 
2020-10-28T10:42:54.974+0000: [GC (Allocation Failure) 2020-10-28T10:42:54.974+0000: [ParNew: 16388K->4K(18432K), 0.0016439 secs] 181726K->165342K(293996K), 0.0016876 secs] [Times: user=0.00 sys=0.00, real=0.00 secs] 
2020-10-28T10:42:54.993+0000: [GC (Allocation Failure) 2020-10-28T10:42:54.993+0000: [ParNew: 16388K->4K(18432K), 0.0014219 secs] 181726K->165342K(293996K), 0.0014611 secs] [Times: user=0.00 sys=0.00, real=0.00 secs] 
2020-10-28T10:42:55.005+0000: [GC (Allocation Failure) 2020-10-28T10:42:55.005+0000: [ParNew: 16388K->4K(18432K), 0.0070907 secs] 181726K->173534K(293996K), 0.0071287 secs] [Times: user=0.01 sys=0.01, real=0.01 secs] 
2020-10-28T10:42:55.012+0000: [GC (CMS Initial Mark) [1 CMS-initial-mark: 173530K(275564K)] 173861K(293996K), 0.0011425 secs] [Times: user=0.00 sys=0.00, real=0.00 secs] 
2020-10-28T10:42:55.013+0000: [CMS-concurrent-mark-start]
2020-10-28T10:42:55.042+0000: [GC (Allocation Failure) 2020-10-28T10:42:55.042+0000: [ParNew: 16388K->4K(18432K), 0.0016006 secs] 189918K->173534K(293996K), 0.0016592 secs] [Times: user=0.00 sys=0.00, real=0.00 secs] 
2020-10-28T10:42:55.062+0000: [CMS-concurrent-mark: 0.047/0.049 secs] [Times: user=0.10 sys=0.00, real=0.05 secs] 
2020-10-28T10:42:55.062+0000: [CMS-concurrent-preclean-start]
2020-10-28T10:42:55.064+0000: [CMS-concurrent-preclean: 0.002/0.002 secs] [Times: user=0.00 sys=0.00, real=0.00 secs] 
2020-10-28T10:42:55.064+0000: [CMS-concurrent-abortable-preclean-start]
2020-10-28T10:42:55.073+0000: [GC (Allocation Failure) 2020-10-28T10:42:55.073+0000: [ParNew: 16388K->4K(18432K), 0.0015338 secs] 189918K->173534K(293996K), 0.0015947 secs] [Times: user=0.00 sys=0.00, real=0.00 secs] 
2020-10-28T10:42:55.094+0000: [GC (Allocation Failure) 2020-10-28T10:42:55.094+0000: [ParNew: 16388K->4K(18432K), 0.0016978 secs] 189918K->173534K(293996K), 0.0017502 secs] [Times: user=0.00 sys=0.00, real=0.00 secs] 
2020-10-28T10:42:55.113+0000: [GC (Allocation Failure) 2020-10-28T10:42:55.113+0000: [ParNew: 16388K->4K(18432K), 0.0017433 secs] 189918K->173534K(293996K), 0.0017958 secs] [Times: user=0.01 sys=0.00, real=0.00 secs] 
2020-10-28T10:42:55.132+0000: [GC (Allocation Failure) 2020-10-28T10:42:55.132+0000: [ParNew: 16388K->4K(18432K), 0.0017217 secs] 189918K->173534K(293996K), 0.0017736 secs] [Times: user=0.00 sys=0.00, real=0.00 secs] 
2020-10-28T10:42:55.151+0000: [GC (Allocation Failure) 2020-10-28T10:42:55.151+0000: [ParNew: 16388K->4K(18432K), 0.0012193 secs] 189918K->173534K(293996K), 0.0012621 secs] [Times: user=0.00 sys=0.00, real=0.00 secs] 
2020-10-28T10:42:55.170+0000: [GC (Allocation Failure) 2020-10-28T10:42:55.170+0000: [ParNew: 16388K->4K(18432K), 0.0012197 secs] 189918K->173534K(293996K), 0.0012597 secs] [Times: user=0.00 sys=0.00, real=0.00 secs] 
2020-10-28T10:42:55.189+0000: [GC (Allocation Failure) 2020-10-28T10:42:55.189+0000: [ParNew: 16388K->4K(18432K), 0.0013056 secs] 189918K->173534K(293996K), 0.0013483 secs] [Times: user=0.00 sys=0.00, real=0.01 secs] 
2020-10-28T10:42:55.207+0000: [GC (Allocation Failure) 2020-10-28T10:42:55.207+0000: [ParNew: 16388K->4K(18432K), 0.0012378 secs] 189918K->173534K(293996K), 0.0012793 secs] [Times: user=0.00 sys=0.00, real=0.00 secs] 
2020-10-28T10:42:55.226+0000: [GC (Allocation Failure) 2020-10-28T10:42:55.226+0000: [ParNew: 16388K->4K(18432K), 0.0012085 secs] 189918K->173534K(293996K), 0.0012484 secs] [Times: user=0.00 sys=0.00, real=0.00 secs] 
2020-10-28T10:42:55.244+0000: [GC (Allocation Failure) 2020-10-28T10:42:55.244+0000: [ParNew: 16388K->4K(18432K), 0.0011732 secs] 189918K->173534K(293996K), 0.0012130 secs] [Times: user=0.00 sys=0.00, real=0.00 secs] 
2020-10-28T10:42:55.263+0000: [GC (Allocation Failure) 2020-10-28T10:42:55.263+0000: [ParNew: 16388K->4K(18432K), 0.0011698 secs] 189918K->173534K(293996K), 0.0012262 secs] [Times: user=0.00 sys=0.00, real=0.00 secs] 
2020-10-28T10:42:55.274+0000: [GC (Allocation Failure) 2020-10-28T10:42:55.274+0000: [ParNew: 16388K->4K(18432K), 0.0068222 secs] 189918K->181726K(293996K), 0.0068614 secs] [Times: user=0.02 sys=0.00, real=0.01 secs] 
2020-10-28T10:42:55.299+0000: [GC (Allocation Failure) 2020-10-28T10:42:55.299+0000: [ParNew: 16388K->4K(18432K), 0.0012246 secs] 198110K->181726K(293996K), 0.0012619 secs] [Times: user=0.00 sys=0.00, real=0.00 secs] 
2020-10-28T10:42:55.317+0000: [GC (Allocation Failure) 2020-10-28T10:42:55.317+0000: [ParNew: 16388K->4K(18432K), 0.0011506 secs] 198110K->181726K(293996K), 0.0011877 secs] [Times: user=0.00 sys=0.00, real=0.01 secs] 
2020-10-28T10:42:55.336+0000: [GC (Allocation Failure) 2020-10-28T10:42:55.336+0000: [ParNew: 16388K->4K(18432K), 0.0011686 secs] 198110K->181726K(293996K), 0.0012102 secs] [Times: user=0.00 sys=0.00, real=0.00 secs] 
2020-10-28T10:42:55.354+0000: [GC (Allocation Failure) 2020-10-28T10:42:55.354+0000: [ParNew: 16388K->4K(18432K), 0.0011191 secs] 198110K->181726K(293996K), 0.0011585 secs] [Times: user=0.00 sys=0.00, real=0.00 secs] 
2020-10-28T10:42:55.373+0000: [GC (Allocation Failure) 2020-10-28T10:42:55.373+0000: [ParNew: 16388K->4K(18432K), 0.0011879 secs] 198110K->181726K(293996K), 0.0012262 secs] [Times: user=0.01 sys=0.00, real=0.00 secs] 
2020-10-28T10:42:55.394+0000: [GC (Allocation Failure) 2020-10-28T10:42:55.394+0000: [ParNew: 16388K->4K(18432K), 0.0011707 secs] 198110K->181726K(293996K), 0.0012140 secs] [Times: user=0.00 sys=0.00, real=0.00 secs] 
2020-10-28T10:42:55.412+0000: [GC (Allocation Failure) 2020-10-28T10:42:55.412+0000: [ParNew: 16388K->4K(18432K), 0.0011843 secs] 198110K->181726K(293996K), 0.0012247 secs] [Times: user=0.00 sys=0.00, real=0.00 secs] 
2020-10-28T10:42:55.434+0000: [GC (Allocation Failure) 2020-10-28T10:42:55.434+0000: [ParNew: 16388K->4K(18432K), 0.0012664 secs] 198110K->181726K(293996K), 0.0013149 secs] [Times: user=0.00 sys=0.00, real=0.00 secs] 
2020-10-28T10:42:55.452+0000: [GC (Allocation Failure) 2020-10-28T10:42:55.452+0000: [ParNew: 16388K->4K(18432K), 0.0014658 secs] 198110K->181726K(293996K), 0.0015271 secs] [Times: user=0.00 sys=0.00, real=0.00 secs] 
2020-10-28T10:42:55.471+0000: [GC (Allocation Failure) 2020-10-28T10:42:55.471+0000: [ParNew: 16388K->4K(18432K), 0.0012310 secs] 198110K->181726K(293996K), 0.0012734 secs] [Times: user=0.00 sys=0.00, real=0.00 secs] 
2020-10-28T10:42:55.490+0000: [GC (Allocation Failure) 2020-10-28T10:42:55.490+0000: [ParNew: 16388K->4K(18432K), 0.0011580 secs] 198110K->181726K(293996K), 0.0011970 secs] [Times: user=0.00 sys=0.00, real=0.00 secs] 
2020-10-28T10:42:55.508+0000: [GC (Allocation Failure) 2020-10-28T10:42:55.508+0000: [ParNew: 16388K->4K(18432K), 0.0011765 secs] 198110K->181726K(293996K), 0.0012155 secs] [Times: user=0.00 sys=0.00, real=0.00 secs] 
2020-10-28T10:42:55.519+0000: [GC (Allocation Failure) 2020-10-28T10:42:55.519+0000: [ParNew: 16388K->4K(18432K), 0.0065302 secs] 198110K->189918K(293996K), 0.0065781 secs] [Times: user=0.00 sys=0.01, real=0.00 secs] 
2020-10-28T10:42:55.544+0000: [GC (Allocation Failure) 2020-10-28T10:42:55.544+0000: [ParNew: 16388K->4K(18432K), 0.0014777 secs] 206302K->189918K(293996K), 0.0015239 secs] [Times: user=0.01 sys=0.00, real=0.00 secs] 
2020-10-28T10:42:55.563+0000: [GC (Allocation Failure) 2020-10-28T10:42:55.563+0000: [ParNew: 16388K->4K(18432K), 0.0013165 secs] 206302K->189918K(293996K), 0.0013585 secs] [Times: user=0.01 sys=0.00, real=0.00 secs] 
2020-10-28T10:42:55.581+0000: [GC (Allocation Failure) 2020-10-28T10:42:55.581+0000: [ParNew: 16388K->4K(18432K), 0.0012364 secs] 206302K->189918K(293996K), 0.0012781 secs] [Times: user=0.00 sys=0.00, real=0.00 secs] 
2020-10-28T10:42:55.600+0000: [GC (Allocation Failure) 2020-10-28T10:42:55.600+0000: [ParNew: 16388K->4K(18432K), 0.0013115 secs] 206302K->189918K(293996K), 0.0013590 secs] [Times: user=0.00 sys=0.00, real=0.00 secs] 
2020-10-28T10:42:55.619+0000: [GC (Allocation Failure) 2020-10-28T10:42:55.619+0000: [ParNew: 16388K->4K(18432K), 0.0011878 secs] 206302K->189918K(293996K), 0.0012280 secs] [Times: user=0.00 sys=0.00, real=0.00 secs] 
2020-10-28T10:42:55.638+0000: [GC (Allocation Failure) 2020-10-28T10:42:55.638+0000: [ParNew: 16388K->4K(18432K), 0.0011894 secs] 206302K->189918K(293996K), 0.0012306 secs] [Times: user=0.01 sys=0.00, real=0.01 secs] 
2020-10-28T10:42:55.656+0000: [GC (Allocation Failure) 2020-10-28T10:42:55.656+0000: [ParNew: 16388K->4K(18432K), 0.0011253 secs] 206302K->189918K(293996K), 0.0011630 secs] [Times: user=0.01 sys=0.00, real=0.00 secs] 
2020-10-28T10:42:55.694+0000: [GC (Allocation Failure) 2020-10-28T10:42:55.694+0000: [ParNew: 16388K->4K(18432K), 0.0016551 secs] 239070K->222686K(293996K), 0.0017065 secs] [Times: user=0.01 sys=0.00, real=0.00 secs] 
2020-10-28T10:42:55.715+0000: [GC (Allocation Failure) 2020-10-28T10:42:55.715+0000: [ParNew: 16388K->4K(18432K), 0.0013509 secs] 239070K->222686K(293996K), 0.0013936 secs] [Times: user=0.00 sys=0.00, real=0.00 secs] 
2020-10-28T10:42:55.734+0000: [GC (Allocation Failure) 2020-10-28T10:42:55.734+0000: [ParNew: 16388K->4K(18432K), 0.0011818 secs] 239070K->222686K(293996K), 0.0012216 secs] [Times: user=0.00 sys=0.00, real=0.00 secs] 
2020-10-28T10:42:55.753+0000: [GC (Allocation Failure) 2020-10-28T10:42:55.753+0000: [ParNew: 16388K->4K(18432K), 0.0011733 secs] 239070K->222686K(293996K), 0.0012112 secs] [Times: user=0.00 sys=0.00, real=0.00 secs] 
2020-10-28T10:42:55.771+0000: [GC (Allocation Failure) 2020-10-28T10:42:55.771+0000: [ParNew: 16388K->4K(18432K), 0.0011778 secs] 239070K->222686K(293996K), 0.0012179 secs] [Times: user=0.01 sys=0.00, real=0.00 secs] 
2020-10-28T10:42:55.782+0000: [GC (Allocation Failure) 2020-10-28T10:42:55.783+0000: [ParNew: 16388K->4K(18432K), 0.0066722 secs] 239070K->230878K(293996K), 0.0067115 secs] [Times: user=0.01 sys=0.01, real=0.00 secs] 
2020-10-28T10:42:55.807+0000: [GC (Allocation Failure) 2020-10-28T10:42:55.807+0000: [ParNew: 16388K->4K(18432K), 0.0012225 secs] 247262K->230878K(293996K), 0.0012612 secs] [Times: user=0.00 sys=0.00, real=0.00 secs] 
2020-10-28T10:42:55.826+0000: [GC (Allocation Failure) 2020-10-28T10:42:55.826+0000: [ParNew: 16388K->4K(18432K), 0.0015318 secs] 247262K->230878K(293996K), 0.0015806 secs] [Times: user=0.01 sys=0.00, real=0.00 secs] 
2020-10-28T10:42:55.845+0000: [GC (Allocation Failure) 2020-10-28T10:42:55.845+0000: [ParNew: 16388K->4K(18432K), 0.0013087 secs] 247262K->230878K(293996K), 0.0013497 secs] [Times: user=0.00 sys=0.00, real=0.00 secs] 
2020-10-28T10:42:55.868+0000: [GC (Allocation Failure) 2020-10-28T10:42:55.868+0000: [ParNew: 16388K->4K(18432K), 0.0012460 secs] 247262K->230878K(293996K), 0.0012880 secs] [Times: user=0.01 sys=0.00, real=0.00 secs] 
2020-10-28T10:42:55.899+0000: [GC (Allocation Failure) 2020-10-28T10:42:55.899+0000: [ParNew: 16388K->2K(18432K), 0.0032370 secs] 247262K->230876K(293996K), 0.0032883 secs] [Times: user=0.01 sys=0.00, real=0.00 secs] 
2020-10-28T10:42:55.931+0000: [GC (Allocation Failure) 2020-10-28T10:42:55.931+0000: [ParNew: 16386K->4K(18432K), 0.0017077 secs] 247260K->230878K(293996K), 0.0017580 secs] [Times: user=0.01 sys=0.00, real=0.00 secs] 
2020-10-28T10:42:55.950+0000: [GC (Allocation Failure) 2020-10-28T10:42:55.950+0000: [ParNew: 16388K->4K(18432K), 0.0015659 secs] 247262K->230878K(293996K), 0.0016146 secs] [Times: user=0.00 sys=0.00, real=0.00 secs] 
2020-10-28T10:42:55.977+0000: [GC (Allocation Failure) 2020-10-28T10:42:55.977+0000: [ParNew: 16388K->8K(18432K), 0.0016736 secs] 247262K->230882K(293996K), 0.0017246 secs] [Times: user=0.00 sys=0.00, real=0.01 secs] 
2020-10-28T10:42:55.996+0000: [GC (Allocation Failure) 2020-10-28T10:42:55.996+0000: [ParNew: 16392K->6K(18432K), 0.0012327 secs] 247266K->230880K(293996K), 0.0012910 secs] [Times: user=0.00 sys=0.00, real=0.00 secs] 
2020-10-28T10:42:56.013+0000: [GC (Allocation Failure) 2020-10-28T10:42:56.013+0000: [ParNew: 16390K->6K(18432K), 0.0012626 secs] 247264K->230880K(293996K), 0.0013055 secs] [Times: user=0.00 sys=0.00, real=0.00 secs] 
2020-10-28T10:42:56.038+0000: [GC (Allocation Failure) 2020-10-28T10:42:56.038+0000: [ParNew: 16390K->7K(18432K), 0.0016034 secs] 247264K->230881K(293996K), 0.0016750 secs] [Times: user=0.00 sys=0.00, real=0.00 secs] 
2020-10-28T10:42:56.061+0000: [GC (Allocation Failure) 2020-10-28T10:42:56.061+0000: [ParNew: 16391K->7K(18432K), 0.0016231 secs] 247265K->230882K(293996K), 0.0016731 secs] [Times: user=0.00 sys=0.00, real=0.00 secs] 
2020-10-28T10:42:56.072+0000: [GC (Allocation Failure) 2020-10-28T10:42:56.072+0000: [ParNew: 16391K->7K(18432K), 0.0071297 secs] 247266K->239074K(293996K), 0.0071901 secs] [Times: user=0.01 sys=0.01, real=0.01 secs] 
2020-10-28T10:42:56.096+0000: [GC (Allocation Failure) 2020-10-28T10:42:56.096+0000: [ParNew: 16391K->5K(18432K), 0.0016382 secs] 255458K->239075K(293996K), 0.0016883 secs] [Times: user=0.00 sys=0.00, real=0.01 secs] 
2020-10-28T10:42:56.114+0000: [GC (Allocation Failure) 2020-10-28T10:42:56.114+0000: [ParNew: 16389K->4K(18432K), 0.0014446 secs] 255459K->239074K(293996K), 0.0014925 secs] [Times: user=0.00 sys=0.00, real=0.00 secs] 
2020-10-28T10:42:56.226+0000: [CMS-concurrent-abortable-preclean: 0.049/1.162 secs] [Times: user=1.42 sys=0.06, real=1.16 secs] 
2020-10-28T10:42:56.226+0000: [GC (CMS Final Remark) [YG occupancy: 10835 K (18432 K)]2020-10-28T10:42:56.226+0000: [Rescan (parallel) , 0.0075716 secs]2020-10-28T10:42:56.233+0000: [weak refs processing, 0.0000293 secs]2020-10-28T10:42:56.233+0000: [class unloading, 0.0071214 secs]2020-10-28T10:42:56.241+0000: [scrub symbol table, 0.0085273 secs]2020-10-28T10:42:56.249+0000: [scrub string table, 0.0005794 secs][1 CMS-remark: 239070K(275564K)] 249905K(293996K), 0.0239392 secs] [Times: user=0.04 sys=0.00, real=0.03 secs] 
2020-10-28T10:42:56.250+0000: [CMS-concurrent-sweep-start]
2020-10-28T10:42:56.264+0000: [CMS-concurrent-sweep: 0.014/0.014 secs] [Times: user=0.02 sys=0.00, real=0.01 secs] 
2020-10-28T10:42:56.265+0000: [CMS-concurrent-reset-start]
2020-10-28T10:42:56.266+0000: [CMS-concurrent-reset: 0.002/0.002 secs] [Times: user=0.01 sys=0.00, real=0.00 secs] 
2020-10-28T10:42:56.562+0000: [GC (Allocation Failure) 2020-10-28T10:42:56.562+0000: [ParNew: 16388K->48K(18432K), 0.0020721 secs] 251362K->235022K(410056K), 0.0021412 secs] [Times: user=0.00 sys=0.00, real=0.00 secs] 
2020-10-28T10:42:56.983+0000: [GC (Allocation Failure) 2020-10-28T10:42:56.983+0000: [ParNew: 16432K->196K(18432K), 0.0021508 secs] 251406K->235170K(410056K), 0.0022121 secs] [Times: user=0.00 sys=0.00, real=0.00 secs] 
2020-10-28T10:42:57.087+0000: [GC (Allocation Failure) 2020-10-28T10:42:57.087+0000: [ParNew: 16580K->69K(18432K), 0.0023635 secs] 251554K->235043K(410056K), 0.0024218 secs] [Times: user=0.01 sys=0.00, real=0.00 secs] 
2020-10-28T10:42:57.148+0000: [GC (Allocation Failure) 2020-10-28T10:42:57.148+0000: [ParNew: 16453K->45K(18432K), 0.0021090 secs] 251427K->235020K(410056K), 0.0021635 secs] [Times: user=0.01 sys=0.00, real=0.01 secs] 
2020-10-28T10:42:57.222+0000: [GC (Allocation Failure) 2020-10-28T10:42:57.222+0000: [ParNew: 16429K->60K(18432K), 0.0021182 secs] 251404K->235035K(410056K), 0.0022076 secs] [Times: user=0.00 sys=0.00, real=0.00 secs] 
2020-10-28T10:42:57.274+0000: [GC (Allocation Failure) 2020-10-28T10:42:57.274+0000: [ParNew: 16444K->61K(18432K), 0.0021121 secs] 251419K->235036K(410056K), 0.0021837 secs] [Times: user=0.01 sys=0.00, real=0.00 secs] 
2020-10-28T10:42:57.325+0000: [GC (Allocation Failure) 2020-10-28T10:42:57.325+0000: [ParNew: 16445K->38K(18432K), 0.0021663 secs] 251420K->235023K(410056K), 0.0022209 secs] [Times: user=0.01 sys=0.00, real=0.00 secs] 
2020-10-28T10:42:57.358+0000: [GC (Allocation Failure) 2020-10-28T10:42:57.358+0000: [ParNew: 16422K->33K(18432K), 0.0021218 secs] 251407K->235051K(410056K), 0.0021727 secs] [Times: user=0.00 sys=0.00, real=0.00 secs] 
2020-10-28T10:42:57.380+0000: [GC (Allocation Failure) 2020-10-28T10:42:57.380+0000: [ParNew: 16417K->4K(18432K), 0.0018954 secs] 251435K->235021K(410056K), 0.0019427 secs] [Times: user=0.00 sys=0.00, real=0.00 secs] 
2020-10-28T10:42:57.402+0000: [GC (Allocation Failure) 2020-10-28T10:42:57.402+0000: [ParNew: 16388K->2K(18432K), 0.0018338 secs] 251405K->235019K(410056K), 0.0018789 secs] [Times: user=0.00 sys=0.00, real=0.00 secs] 
2020-10-28T10:42:57.424+0000: [GC (Allocation Failure) 2020-10-28T10:42:57.424+0000: [ParNew: 16386K->2K(18432K), 0.0019186 secs] 251403K->235019K(410056K), 0.0019689 secs] [Times: user=0.01 sys=0.00, real=0.00 secs] 
2020-10-28T10:42:57.445+0000: [GC (Allocation Failure) 2020-10-28T10:42:57.445+0000: [ParNew: 16386K->2K(18432K), 0.0019124 secs] 251403K->235019K(410056K), 0.0019627 secs] [Times: user=0.00 sys=0.00, real=0.00 secs] 
2020-10-28T10:42:57.467+0000: [GC (Allocation Failure) 2020-10-28T10:42:57.467+0000: [ParNew: 16386K->4K(18432K), 0.0019046 secs] 251403K->235021K(410056K), 0.0019568 secs] [Times: user=0.00 sys=0.00, real=0.00 secs] 
2020-10-28T10:42:57.489+0000: [GC (Allocation Failure) 2020-10-28T10:42:57.489+0000: [ParNew: 16388K->4K(18432K), 0.0019125 secs] 251405K->235021K(410056K), 0.0019647 secs] [Times: user=0.01 sys=0.00, real=0.01 secs] 
2020-10-28T10:42:57.511+0000: [GC (Allocation Failure) 2020-10-28T10:42:57.511+0000: [ParNew: 16388K->2K(18432K), 0.0018942 secs] 251405K->235019K(410056K), 0.0019457 secs] [Times: user=0.00 sys=0.00, real=0.00 secs] 
2020-10-28T10:42:57.533+0000: [GC (Allocation Failure) 2020-10-28T10:42:57.533+0000: [ParNew: 16386K->2K(18432K), 0.0019156 secs] 251403K->235019K(410056K), 0.0019670 secs] [Times: user=0.00 sys=0.00, real=0.00 secs] 
2020-10-28T10:42:57.554+0000: [GC (Allocation Failure) 2020-10-28T10:42:57.554+0000: [ParNew: 16386K->2K(18432K), 0.0019095 secs] 251403K->235019K(410056K), 0.0019574 secs] [Times: user=0.01 sys=0.00, real=0.00 secs] 
2020-10-28T10:42:57.576+0000: [GC (Allocation Failure) 2020-10-28T10:42:57.576+0000: [ParNew: 16386K->2K(18432K), 0.0019164 secs] 251403K->235019K(410056K), 0.0019634 secs] [Times: user=0.00 sys=0.00, real=0.01 secs] 
2020-10-28T10:42:57.598+0000: [GC (Allocation Failure) 2020-10-28T10:42:57.598+0000: [ParNew: 16386K->2K(18432K), 0.0018478 secs] 251403K->235019K(410056K), 0.0018933 secs] [Times: user=0.00 sys=0.00, real=0.01 secs] 
2020-10-28T10:42:57.619+0000: [GC (Allocation Failure) 2020-10-28T10:42:57.619+0000: [ParNew: 16386K->2K(18432K), 0.0019073 secs] 251403K->235019K(410056K), 0.0019584 secs] [Times: user=0.01 sys=0.00, real=0.00 secs] 
2020-10-28T10:42:57.641+0000: [GC (Allocation Failure) 2020-10-28T10:42:57.641+0000: [ParNew: 16386K->4K(18432K), 0.0019045 secs] 251403K->235021K(410056K), 0.0019557 secs] [Times: user=0.00 sys=0.00, real=0.00 secs] 
2020-10-28T10:42:57.663+0000: [GC (Allocation Failure) 2020-10-28T10:42:57.663+0000: [ParNew: 16388K->2K(18432K), 0.0019113 secs] 251405K->235019K(410056K), 0.0019640 secs] [Times: user=0.01 sys=0.00, real=0.00 secs] 
2020-10-28T10:42:57.687+0000: [GC (Allocation Failure) 2020-10-28T10:42:57.687+0000: [ParNew: 16386K->2K(18432K), 0.0019999 secs] 251403K->235019K(410056K), 0.0020534 secs] [Times: user=0.00 sys=0.00, real=0.00 secs] 
2020-10-28T10:42:57.708+0000: [GC (Allocation Failure) 2020-10-28T10:42:57.708+0000: [ParNew: 16386K->2K(18432K), 0.0019416 secs] 251403K->235019K(410056K), 0.0019907 secs] [Times: user=0.00 sys=0.00, real=0.01 secs] 
2020-10-28T10:42:57.730+0000: [GC (Allocation Failure) 2020-10-28T10:42:57.730+0000: [ParNew: 16386K->2K(18432K), 0.0018983 secs] 251403K->235019K(410056K), 0.0019458 secs] [Times: user=0.01 sys=0.00, real=0.00 secs] 
2020-10-28T10:42:57.752+0000: [GC (Allocation Failure) 2020-10-28T10:42:57.752+0000: [ParNew: 16386K->2K(18432K), 0.0019410 secs] 251403K->235019K(410056K), 0.0019896 secs] [Times: user=0.00 sys=0.00, real=0.00 secs] 
2020-10-28T10:42:57.774+0000: [GC (Allocation Failure) 2020-10-28T10:42:57.774+0000: [ParNew: 16386K->2K(18432K), 0.0019365 secs] 251403K->235019K(410056K), 0.0019851 secs] [Times: user=0.00 sys=0.01, real=0.00 secs] 
2020-10-28T10:42:57.795+0000: [GC (Allocation Failure) 2020-10-28T10:42:57.795+0000: [ParNew: 16386K->2K(18432K), 0.0018730 secs] 251403K->235019K(410056K), 0.0019180 secs] [Times: user=0.00 sys=0.00, real=0.00 secs] 
2020-10-28T10:42:57.817+0000: [GC (Allocation Failure) 2020-10-28T10:42:57.817+0000: [ParNew: 16386K->4K(18432K), 0.0022310 secs] 251403K->235021K(410056K), 0.0022847 secs] [Times: user=0.01 sys=0.00, real=0.01 secs] 
2020-10-28T10:42:57.839+0000: [GC (Allocation Failure) 2020-10-28T10:42:57.839+0000: [ParNew: 16388K->2K(18432K), 0.0018254 secs] 251405K->235019K(410056K), 0.0018710 secs] [Times: user=0.00 sys=0.00, real=0.00 secs] 
2020-10-28T10:42:57.860+0000: [GC (Allocation Failure) 2020-10-28T10:42:57.860+0000: [ParNew: 16386K->2K(18432K), 0.0018722 secs] 251403K->235019K(410056K), 0.0019161 secs] [Times: user=0.00 sys=0.00, real=0.00 secs] 
2020-10-28T10:42:57.882+0000: [GC (Allocation Failure) 2020-10-28T10:42:57.882+0000: [ParNew: 16386K->2K(18432K), 0.0018761 secs] 251403K->235019K(410056K), 0.0019206 secs] [Times: user=0.01 sys=0.00, real=0.00 secs] 
2020-10-28T10:42:57.904+0000: [GC (Allocation Failure) 2020-10-28T10:42:57.904+0000: [ParNew: 16386K->2K(18432K), 0.0018971 secs] 251403K->235019K(410056K), 0.0019413 secs] [Times: user=0.00 sys=0.00, real=0.00 secs] 
2020-10-28T10:42:57.926+0000: [GC (Allocation Failure) 2020-10-28T10:42:57.926+0000: [ParNew: 16386K->2K(18432K), 0.0018535 secs] 251403K->235019K(410056K), 0.0019001 secs] [Times: user=0.00 sys=0.00, real=0.00 secs] 
2020-10-28T10:42:57.947+0000: [GC (Allocation Failure) 2020-10-28T10:42:57.947+0000: [ParNew: 16386K->2K(18432K), 0.0019180 secs] 251403K->235019K(410056K), 0.0019653 secs] [Times: user=0.00 sys=0.00, real=0.00 secs] 
2020-10-28T10:42:57.969+0000: [GC (Allocation Failure) 2020-10-28T10:42:57.969+0000: [ParNew: 16386K->2K(18432K), 0.0018838 secs] 251403K->235019K(410056K), 0.0019316 secs] [Times: user=0.01 sys=0.00, real=0.01 secs] 
2020-10-28T10:42:57.991+0000: [GC (Allocation Failure) 2020-10-28T10:42:57.991+0000: [ParNew: 16386K->2K(18432K), 0.0019238 secs] 251403K->235019K(410056K), 0.0019752 secs] [Times: user=0.00 sys=0.00, real=0.00 secs] 
2020-10-28T10:42:59.888+0000: [GC (Allocation Failure) 2020-10-28T10:42:59.888+0000: [ParNew: 16386K->418K(18432K), 0.0027390 secs] 251403K->235436K(410056K), 0.0027947 secs] [Times: user=0.01 sys=0.00, real=0.01 secs] 
2020-10-28T10:42:59.984+0000: [GC (Allocation Failure) 2020-10-28T10:42:59.984+0000: [ParNew: 16802K->727K(18432K), 0.0031549 secs] 251820K->235745K(410056K), 0.0032599 secs] [Times: user=0.01 sys=0.00, real=0.00 secs] 
2020-10-28T10:43:00.177+0000: [GC (Allocation Failure) 2020-10-28T10:43:00.177+0000: [ParNew: 17111K->1123K(18432K), 0.0049724 secs] 252129K->236141K(410056K), 0.0050299 secs] [Times: user=0.01 sys=0.00, real=0.01 secs] 
2020-10-28T10:43:00.481+0000: [GC (Allocation Failure) 2020-10-28T10:43:00.481+0000: [ParNew: 17507K->2048K(18432K), 0.0056785 secs] 252525K->237401K(410056K), 0.0057367 secs] [Times: user=0.01 sys=0.00, real=0.00 secs] 
2020-10-28T10:43:00.542+0000: [GC (Allocation Failure) 2020-10-28T10:43:00.542+0000: [ParNew: 18432K->1497K(18432K), 0.0081338 secs] 253785K->238740K(410056K), 0.0081905 secs] [Times: user=0.01 sys=0.00, real=0.01 secs] 
2020-10-28T10:43:00.616+0000: [GC (Allocation Failure) 2020-10-28T10:43:00.616+0000: [ParNew: 17881K->910K(18432K), 0.0020940 secs] 255124K->238154K(410056K), 0.0021595 secs] [Times: user=0.01 sys=0.00, real=0.01 secs] 
2020-10-28T10:43:00.662+0000: [GC (Allocation Failure) 2020-10-28T10:43:00.662+0000: [ParNew: 17294K->578K(18432K), 0.0034748 secs] 254538K->237821K(410056K), 0.0035308 secs] [Times: user=0.01 sys=0.00, real=0.00 secs] 
2020-10-28T10:43:00.712+0000: [GC (Allocation Failure) 2020-10-28T10:43:00.712+0000: [ParNew: 16962K->802K(18432K), 0.0022006 secs] 254205K->238045K(410056K), 0.0022733 secs] [Times: user=0.01 sys=0.00, real=0.00 secs] 
2020-10-28T10:43:00.752+0000: [GC (Allocation Failure) 2020-10-28T10:43:00.752+0000: [ParNew: 17186K->1550K(18432K), 0.0022091 secs] 254429K->238794K(410056K), 0.0022870 secs] [Times: user=0.00 sys=0.00, real=0.00 secs] 
2020-10-28T10:43:00.788+0000: [GC (Allocation Failure) 2020-10-28T10:43:00.789+0000: [ParNew: 17934K->516K(18432K), 0.0021805 secs] 255178K->238275K(410056K), 0.0022588 secs] [Times: user=0.00 sys=0.00, real=0.01 secs] 
2020-10-28T10:43:00.820+0000: [GC (Allocation Failure) 2020-10-28T10:43:00.820+0000: [ParNew: 16900K->1028K(18432K), 0.0021127 secs] 254659K->238787K(410056K), 0.0021677 secs] [Times: user=0.00 sys=0.00, real=0.00 secs] 
2020-10-28T10:43:00.857+0000: [GC (Allocation Failure) 2020-10-28T10:43:00.858+0000: [ParNew: 17412K->1028K(18432K), 0.0022993 secs] 255171K->239811K(410056K), 0.0023730 secs] [Times: user=0.00 sys=0.00, real=0.01 secs] 
2020-10-28T10:43:00.906+0000: [GC (Allocation Failure) 2020-10-28T10:43:00.906+0000: [ParNew: 17412K->4K(18432K), 0.0022124 secs] 256195K->239811K(410056K), 0.0022772 secs] [Times: user=0.01 sys=0.00, real=0.00 secs] 
2020-10-28T10:43:00.940+0000: [GC (Allocation Failure) 2020-10-28T10:43:00.940+0000: [ParNew: 16388K->4K(18432K), 0.0026202 secs] 256195K->239811K(410056K), 0.0026659 secs] [Times: user=0.01 sys=0.00, real=0.00 secs] 
2020-10-28T10:43:00.990+0000: [GC (Allocation Failure) 2020-10-28T10:43:00.990+0000: [ParNew: 16388K->4K(18432K), 0.0040230 secs] 256195K->239811K(410056K), 0.0040975 secs] [Times: user=0.00 sys=0.00, real=0.00 secs] 
2020-10-28T10:43:01.032+0000: [GC (Allocation Failure) 2020-10-28T10:43:01.032+0000: [ParNew: 16388K->2K(18432K), 0.0036222 secs] 256195K->239809K(410056K), 0.0036882 secs] [Times: user=0.00 sys=0.00, real=0.00 secs] 
2020-10-28T10:43:01.062+0000: [GC (Allocation Failure) 2020-10-28T10:43:01.062+0000: [ParNew: 16386K->4K(18432K), 0.0019960 secs] 256193K->239811K(410056K), 0.0020704 secs] [Times: user=0.00 sys=0.00, real=0.00 secs] 
2020-10-28T10:43:01.102+0000: [GC (Allocation Failure) 2020-10-28T10:43:01.102+0000: [ParNew: 16388K->4K(18432K), 0.0019661 secs] 256195K->239811K(410056K), 0.0020219 secs] [Times: user=0.01 sys=0.00, real=0.00 secs] 
2020-10-28T10:43:01.130+0000: [GC (Allocation Failure) 2020-10-28T10:43:01.130+0000: [ParNew: 16388K->2K(18432K), 0.0040786 secs] 256195K->239809K(410056K), 0.0041348 secs] [Times: user=0.01 sys=0.00, real=0.00 secs] 
2020-10-28T10:43:01.169+0000: [GC (Allocation Failure) 2020-10-28T10:43:01.169+0000: [ParNew: 16042K->2K(18432K), 0.0036668 secs] 255850K->241857K(410056K), 0.0037246 secs] [Times: user=0.01 sys=0.00, real=0.01 secs] 
2020-10-28T10:43:01.197+0000: [GC (Allocation Failure) 2020-10-28T10:43:01.197+0000: [ParNew: 16386K->4K(18432K), 0.0031826 secs] 258241K->243907K(410056K), 0.0032574 secs] [Times: user=0.01 sys=0.00, real=0.01 secs] 
2020-10-28T10:43:01.222+0000: [GC (Allocation Failure) 2020-10-28T10:43:01.222+0000: [ParNew: 16388K->4K(18432K), 0.0019819 secs] 260291K->243907K(410056K), 0.0020378 secs] [Times: user=0.00 sys=0.01, real=0.00 secs] 
2020-10-28T10:43:01.247+0000: [GC (Allocation Failure) 2020-10-28T10:43:01.247+0000: [ParNew: 16388K->4K(18432K), 0.0019919 secs] 260291K->243907K(410056K), 0.0020469 secs] [Times: user=0.00 sys=0.00, real=0.00 secs] 
2020-10-28T10:43:01.274+0000: [GC (Allocation Failure) 2020-10-28T10:43:01.274+0000: [ParNew: 16388K->4K(18432K), 0.0019727 secs] 260291K->243907K(410056K), 0.0020286 secs] [Times: user=0.00 sys=0.00, real=0.00 secs] 
2020-10-28T10:43:01.304+0000: [GC (Allocation Failure) 2020-10-28T10:43:01.304+0000: [ParNew: 16388K->4K(18432K), 0.0019765 secs] 260291K->243907K(410056K), 0.0020321 secs] [Times: user=0.00 sys=0.00, real=0.00 secs] 
2020-10-28T10:43:01.332+0000: [GC (Allocation Failure) 2020-10-28T10:43:01.332+0000: [ParNew: 16388K->4K(18432K), 0.0020146 secs] 260291K->243907K(410056K), 0.0020693 secs] [Times: user=0.00 sys=0.00, real=0.00 secs] 
2020-10-28T10:43:01.362+0000: [GC (Allocation Failure) 2020-10-28T10:43:01.362+0000: [ParNew: 16388K->4K(18432K), 0.0019707 secs] 260291K->243908K(410056K), 0.0020466 secs] [Times: user=0.01 sys=0.00, real=0.00 secs] 
2020-10-28T10:43:01.389+0000: [GC (Allocation Failure) 2020-10-28T10:43:01.389+0000: [ParNew: 16388K->4K(18432K), 0.0020243 secs] 260292K->243908K(410056K), 0.0021002 secs] [Times: user=0.01 sys=0.00, real=0.01 secs] 
2020-10-28T10:43:01.430+0000: [GC (Allocation Failure) 2020-10-28T10:43:01.430+0000: [ParNew: 16388K->4K(18432K), 0.0019830 secs] 260292K->243908K(410056K), 0.0020571 secs] [Times: user=0.01 sys=0.00, real=0.01 secs] 
2020-10-28T10:43:01.462+0000: [GC (Allocation Failure) 2020-10-28T10:43:01.462+0000: [ParNew: 16388K->4K(18432K), 0.0019633 secs] 260292K->243908K(410056K), 0.0020167 secs] [Times: user=0.00 sys=0.00, real=0.00 secs] 
2020-10-28T10:43:01.482+0000: [GC (Allocation Failure) 2020-10-28T10:43:01.482+0000: [ParNew: 16388K->4K(18432K), 0.0019510 secs] 260292K->243908K(410056K), 0.0020047 secs] [Times: user=0.01 sys=0.00, real=0.00 secs] 
2020-10-28T10:43:01.508+0000: [GC (Allocation Failure) 2020-10-28T10:43:01.508+0000: [ParNew: 16388K->6K(18432K), 0.0019165 secs] 260292K->243910K(410056K), 0.0019597 secs] [Times: user=0.00 sys=0.00, real=0.01 secs] 
2020-10-28T10:43:01.534+0000: [GC (Allocation Failure) 2020-10-28T10:43:01.534+0000: [ParNew: 16390K->6K(18432K), 0.0019352 secs] 260294K->243910K(410056K), 0.0019868 secs] [Times: user=0.00 sys=0.00, real=0.00 secs] 
2020-10-28T10:43:01.551+0000: [GC (Allocation Failure) 2020-10-28T10:43:01.551+0000: [ParNew: 16390K->6K(18432K), 0.0018905 secs] 260294K->243910K(410056K), 0.0019546 secs] [Times: user=0.00 sys=0.00, real=0.00 secs] 
2020-10-28T10:43:01.570+0000: [GC (Allocation Failure) 2020-10-28T10:43:01.570+0000: [ParNew: 16126K->4K(18432K), 0.0020041 secs] 260030K->243908K(410056K), 0.0020597 secs] [Times: user=0.01 sys=0.00, real=0.00 secs] 
2020-10-28T10:43:01.582+0000: [GC (Allocation Failure) 2020-10-28T10:43:01.582+0000: [ParNew: 16388K->6K(18432K), 0.0049074 secs] 260292K->252102K(410056K), 0.0049624 secs] [Times: user=0.00 sys=0.01, real=0.00 secs] 
2020-10-28T10:43:01.587+0000: [GC (CMS Initial Mark) [1 CMS-initial-mark: 252096K(391624K)] 252255K(410056K), 0.0013851 secs] [Times: user=0.01 sys=0.00, real=0.00 secs] 
2020-10-28T10:43:01.588+0000: [CMS-concurrent-mark-start]
2020-10-28T10:43:01.611+0000: [GC (Allocation Failure) 2020-10-28T10:43:01.611+0000: [ParNew: 16390K->4K(18432K), 0.0019119 secs] 268486K->252101K(410056K), 0.0019647 secs] [Times: user=0.01 sys=0.00, real=0.00 secs] 
2020-10-28T10:43:01.646+0000: [GC (Allocation Failure) 2020-10-28T10:43:01.646+0000: [ParNew: 16388K->4K(18432K), 0.0018981 secs] 268485K->252101K(410056K), 0.0019690 secs] [Times: user=0.00 sys=0.00, real=0.00 secs] 
2020-10-28T10:43:01.677+0000: [CMS-concurrent-mark: 0.072/0.089 secs] [Times: user=0.17 sys=0.00, real=0.09 secs] 
2020-10-28T10:43:01.677+0000: [GC (Allocation Failure) 2020-10-28T10:43:01.677+0000: [ParNew: 16388K->4K(18432K), 0.0020000 secs] 268485K->252101K(410056K), 0.0020503 secs] [Times: user=0.00 sys=0.00, real=0.01 secs] 
2020-10-28T10:43:01.684+0000: [CMS-concurrent-preclean-start]
2020-10-28T10:43:01.686+0000: [CMS-concurrent-preclean: 0.002/0.002 secs] [Times: user=0.01 sys=0.00, real=0.00 secs] 
2020-10-28T10:43:01.686+0000: [CMS-concurrent-abortable-preclean-start]
2020-10-28T10:43:01.701+0000: [GC (Allocation Failure) 2020-10-28T10:43:01.701+0000: [ParNew: 16388K->4K(18432K), 0.0018001 secs] 268485K->252101K(410056K), 0.0018489 secs] [Times: user=0.00 sys=0.00, real=0.00 secs] 
2020-10-28T10:43:01.725+0000: [GC (Allocation Failure) 2020-10-28T10:43:01.725+0000: [ParNew: 16388K->4K(18432K), 0.0019789 secs] 268485K->252101K(410056K), 0.0020516 secs] [Times: user=0.01 sys=0.00, real=0.00 secs] 
2020-10-28T10:43:01.751+0000: [GC (Allocation Failure) 2020-10-28T10:43:01.751+0000: [ParNew: 16388K->4K(18432K), 0.0019803 secs] 268485K->252101K(410056K), 0.0020516 secs] [Times: user=0.01 sys=0.00, real=0.00 secs] 
2020-10-28T10:43:01.770+0000: [GC (Allocation Failure) 2020-10-28T10:43:01.770+0000: [ParNew: 16388K->4K(18432K), 0.0019055 secs] 268485K->252101K(410056K), 0.0019761 secs] [Times: user=0.01 sys=0.00, real=0.00 secs] 
2020-10-28T10:43:01.802+0000: [GC (Allocation Failure) 2020-10-28T10:43:01.802+0000: [ParNew: 16388K->4K(18432K), 0.0019706 secs] 268485K->252101K(410056K), 0.0020583 secs] [Times: user=0.01 sys=0.00, real=0.00 secs] 
2020-10-28T10:43:01.835+0000: [GC (Allocation Failure) 2020-10-28T10:43:01.835+0000: [ParNew: 16388K->4K(18432K), 0.0019814 secs] 268485K->252101K(410056K), 0.0020541 secs] [Times: user=0.00 sys=0.00, real=0.00 secs] 
2020-10-28T10:43:01.860+0000: [GC (Allocation Failure) 2020-10-28T10:43:01.860+0000: [ParNew: 16388K->4K(18432K), 0.0027744 secs] 268485K->252101K(410056K), 0.0028299 secs] [Times: user=0.00 sys=0.00, real=0.00 secs] 
2020-10-28T10:43:01.880+0000: [GC (Allocation Failure) 2020-10-28T10:43:01.880+0000: [ParNew: 16388K->4K(18432K), 0.0019607 secs] 268485K->252101K(410056K), 0.0020163 secs] [Times: user=0.01 sys=0.00, real=0.00 secs] 
2020-10-28T10:43:01.902+0000: [GC (Allocation Failure) 2020-10-28T10:43:01.902+0000: [ParNew: 16388K->4K(18432K), 0.0019638 secs] 268485K->252101K(410056K), 0.0020179 secs] [Times: user=0.00 sys=0.00, real=0.00 secs] 
2020-10-28T10:43:01.926+0000: [GC (Allocation Failure) 2020-10-28T10:43:01.926+0000: [ParNew: 16388K->4K(18432K), 0.0019568 secs] 268485K->252101K(410056K), 0.0020116 secs] [Times: user=0.00 sys=0.00, real=0.00 secs] 
2020-10-28T10:43:01.946+0000: [GC (Allocation Failure) 2020-10-28T10:43:01.946+0000: [ParNew: 16388K->4K(18432K), 0.0019465 secs] 268485K->252101K(410056K), 0.0020081 secs] [Times: user=0.00 sys=0.00, real=0.00 secs] 
2020-10-28T10:43:01.965+0000: [GC (Allocation Failure) 2020-10-28T10:43:01.965+0000: [ParNew: 16388K->4K(18432K), 0.0019169 secs] 268485K->252101K(410056K), 0.0019700 secs] [Times: user=0.00 sys=0.00, real=0.00 secs] 
2020-10-28T10:43:01.985+0000: [GC (Allocation Failure) 2020-10-28T10:43:01.985+0000: [ParNew: 16388K->4K(18432K), 0.0018034 secs] 268485K->252101K(410056K), 0.0018548 secs] [Times: user=0.01 sys=0.00, real=0.00 secs] 
2020-10-28T10:43:02.006+0000: [GC (Allocation Failure) 2020-10-28T10:43:02.006+0000: [ParNew: 16388K->4K(18432K), 0.0019361 secs] 268485K->252101K(410056K), 0.0019900 secs] [Times: user=0.00 sys=0.00, real=0.00 secs] 
2020-10-28T10:43:02.029+0000: [GC (Allocation Failure) 2020-10-28T10:43:02.029+0000: [ParNew: 16388K->4K(18432K), 0.0019746 secs] 268485K->252101K(410056K), 0.0020277 secs] [Times: user=0.01 sys=0.00, real=0.01 secs] 
2020-10-28T10:43:02.051+0000: [GC (Allocation Failure) 2020-10-28T10:43:02.051+0000: [ParNew: 16388K->4K(18432K), 0.0019405 secs] 268485K->252101K(410056K), 0.0019952 secs] [Times: user=0.01 sys=0.00, real=0.00 secs] 
2020-10-28T10:43:02.074+0000: [GC (Allocation Failure) 2020-10-28T10:43:02.074+0000: [ParNew: 16388K->4K(18432K), 0.0019602 secs] 268485K->252101K(410056K), 0.0020251 secs] [Times: user=0.00 sys=0.00, real=0.00 secs] 
2020-10-28T10:43:02.095+0000: [GC (Allocation Failure) 2020-10-28T10:43:02.095+0000: [ParNew: 16388K->4K(18432K), 0.0044821 secs] 268485K->252102K(410056K), 0.0045566 secs] [Times: user=0.01 sys=0.00, real=0.01 secs] 
2020-10-28T10:43:02.140+0000: [GC (Allocation Failure) 2020-10-28T10:43:02.140+0000: [ParNew: 16388K->4K(18432K), 0.0042037 secs] 268486K->252102K(410056K), 0.0042810 secs] [Times: user=0.01 sys=0.00, real=0.00 secs] 
2020-10-28T10:43:02.174+0000: [GC (Allocation Failure) 2020-10-28T10:43:02.174+0000: [ParNew: 16388K->4K(18432K), 0.0055375 secs] 268486K->252102K(410056K), 0.0056215 secs] [Times: user=0.01 sys=0.00, real=0.01 secs] 
2020-10-28T10:43:02.208+0000: [GC (Allocation Failure) 2020-10-28T10:43:02.208+0000: [ParNew: 16388K->2K(18432K), 0.0037738 secs] 268486K->252100K(410056K), 0.0038379 secs] [Times: user=0.00 sys=0.00, real=0.01 secs] 
2020-10-28T10:43:02.234+0000: [GC (Allocation Failure) 2020-10-28T10:43:02.234+0000: [ParNew: 16386K->4K(18432K), 0.0019581 secs] 268484K->252102K(410056K), 0.0020200 secs] [Times: user=0.00 sys=0.00, real=0.00 secs] 
2020-10-28T10:43:02.251+0000: [GC (Allocation Failure) 2020-10-28T10:43:02.252+0000: [ParNew: 16388K->4K(18432K), 0.0019170 secs] 268486K->252102K(410056K), 0.0019691 secs] [Times: user=0.00 sys=0.00, real=0.00 secs] 
2020-10-28T10:43:02.274+0000: [GC (Allocation Failure) 2020-10-28T10:43:02.274+0000: [ParNew: 16388K->4K(18432K), 0.0019180 secs] 268486K->252102K(410056K), 0.0019723 secs] [Times: user=0.00 sys=0.00, real=0.00 secs] 
2020-10-28T10:43:02.292+0000: [GC (Allocation Failure) 2020-10-28T10:43:02.292+0000: [ParNew: 16388K->4K(18432K), 0.0019675 secs] 268486K->252102K(410056K), 0.0020233 secs] [Times: user=0.01 sys=0.00, real=0.00 secs] 
2020-10-28T10:43:02.313+0000: [GC (Allocation Failure) 2020-10-28T10:43:02.314+0000: [ParNew: 16388K->4K(18432K), 0.0019270 secs] 268486K->252102K(410056K), 0.0019810 secs] [Times: user=0.00 sys=0.00, real=0.00 secs] 
2020-10-28T10:43:02.332+0000: [GC (Allocation Failure) 2020-10-28T10:43:02.332+0000: [ParNew: 16388K->4K(18432K), 0.0019782 secs] 268486K->252102K(410056K), 0.0020414 secs] [Times: user=0.00 sys=0.00, real=0.00 secs] 
2020-10-28T10:43:02.352+0000: [GC (Allocation Failure) 2020-10-28T10:43:02.352+0000: [ParNew: 16388K->4K(18432K), 0.0019598 secs] 268486K->252102K(410056K), 0.0020143 secs] [Times: user=0.00 sys=0.00, real=0.00 secs] 
2020-10-28T10:43:02.373+0000: [GC (Allocation Failure) 2020-10-28T10:43:02.373+0000: [ParNew: 16388K->4K(18432K), 0.0019297 secs] 268486K->252102K(410056K), 0.0019811 secs] [Times: user=0.01 sys=0.00, real=0.00 secs] 
2020-10-28T10:43:02.394+0000: [GC (Allocation Failure) 2020-10-28T10:43:02.394+0000: [ParNew: 16388K->4K(18432K), 0.0019394 secs] 268486K->252102K(410056K), 0.0019937 secs] [Times: user=0.00 sys=0.00, real=0.00 secs] 
2020-10-28T10:43:02.414+0000: [GC (Allocation Failure) 2020-10-28T10:43:02.414+0000: [ParNew: 16388K->4K(18432K), 0.0019071 secs] 268486K->252102K(410056K), 0.0019780 secs] [Times: user=0.00 sys=0.00, real=0.00 secs] 
2020-10-28T10:43:02.434+0000: [GC (Allocation Failure) 2020-10-28T10:43:02.434+0000: [ParNew: 16388K->4K(18432K), 0.0017940 secs] 268486K->252102K(410056K), 0.0018455 secs] [Times: user=0.01 sys=0.00, real=0.00 secs] 
2020-10-28T10:43:02.454+0000: [GC (Allocation Failure) 2020-10-28T10:43:02.454+0000: [ParNew: 16388K->4K(18432K), 0.0017578 secs] 268486K->252102K(410056K), 0.0018082 secs] [Times: user=0.00 sys=0.00, real=0.00 secs] 
2020-10-28T10:43:02.471+0000: [GC (Allocation Failure) 2020-10-28T10:43:02.471+0000: [ParNew: 16388K->4K(18432K), 0.0019670 secs] 268486K->252102K(410056K), 0.0020191 secs] [Times: user=0.01 sys=0.00, real=0.00 secs] 
2020-10-28T10:43:02.488+0000: [GC (Allocation Failure) 2020-10-28T10:43:02.488+0000: [ParNew: 16388K->4K(18432K), 0.0019499 secs] 268486K->252102K(410056K), 0.0020047 secs] [Times: user=0.00 sys=0.00, real=0.01 secs] 
2020-10-28T10:43:02.505+0000: [GC (Allocation Failure) 2020-10-28T10:43:02.505+0000: [ParNew: 16388K->4K(18432K), 0.0019408 secs] 268486K->252102K(410056K), 0.0019944 secs] [Times: user=0.01 sys=0.00, real=0.00 secs] 
2020-10-28T10:43:02.522+0000: [GC (Allocation Failure) 2020-10-28T10:43:02.522+0000: [ParNew: 16388K->4K(18432K), 0.0019446 secs] 268486K->252102K(410056K), 0.0019992 secs] [Times: user=0.00 sys=0.00, real=0.00 secs] 
2020-10-28T10:43:02.540+0000: [GC (Allocation Failure) 2020-10-28T10:43:02.540+0000: [ParNew: 16388K->4K(18432K), 0.0018308 secs] 268486K->252102K(410056K), 0.0018830 secs] [Times: user=0.00 sys=0.01, real=0.00 secs] 
2020-10-28T10:43:02.557+0000: [GC (Allocation Failure) 2020-10-28T10:43:02.557+0000: [ParNew: 16388K->4K(18432K), 0.0018455 secs] 268486K->252102K(410056K), 0.0018971 secs] [Times: user=0.00 sys=0.00, real=0.01 secs] 
2020-10-28T10:43:02.576+0000: [GC (Allocation Failure) 2020-10-28T10:43:02.576+0000: [ParNew: 16388K->4K(18432K), 0.0035811 secs] 268486K->252102K(410056K), 0.0036411 secs] [Times: user=0.01 sys=0.00, real=0.01 secs] 
2020-10-28T10:43:02.598+0000: [GC (Allocation Failure) 2020-10-28T10:43:02.598+0000: [ParNew: 16388K->4K(18432K), 0.0018908 secs] 268486K->252102K(410056K), 0.0019434 secs] [Times: user=0.00 sys=0.00, real=0.00 secs] 
2020-10-28T10:43:02.615+0000: [GC (Allocation Failure) 2020-10-28T10:43:02.615+0000: [ParNew: 16388K->4K(18432K), 0.0019182 secs] 268486K->252102K(410056K), 0.0019719 secs] [Times: user=0.01 sys=0.00, real=0.00 secs] 
2020-10-28T10:43:02.633+0000: [GC (Allocation Failure) 2020-10-28T10:43:02.633+0000: [ParNew: 16388K->4K(18432K), 0.0016601 secs] 268486K->252102K(410056K), 0.0017074 secs] [Times: user=0.00 sys=0.00, real=0.00 secs] 
2020-10-28T10:43:02.653+0000: [GC (Allocation Failure) 2020-10-28T10:43:02.654+0000: [ParNew: 16388K->4K(18432K), 0.0015153 secs] 268486K->252102K(410056K), 0.0015598 secs] [Times: user=0.01 sys=0.00, real=0.00 secs] 
2020-10-28T10:43:02.671+0000: [GC (Allocation Failure) 2020-10-28T10:43:02.671+0000: [ParNew: 16388K->4K(18432K), 0.0016109 secs] 268486K->252102K(410056K), 0.0016639 secs] [Times: user=0.00 sys=0.00, real=0.00 secs] 
2020-10-28T10:43:02.688+0000: [GC (Allocation Failure) 2020-10-28T10:43:02.688+0000: [ParNew: 16388K->4K(18432K), 0.0015955 secs] 268486K->252102K(410056K), 0.0016409 secs] [Times: user=0.01 sys=0.00, real=0.01 secs] 
2020-10-28T10:43:02.706+0000: [GC (Allocation Failure) 2020-10-28T10:43:02.706+0000: [ParNew: 16388K->4K(18432K), 0.0018538 secs] 268486K->252102K(410056K), 0.0019068 secs] [Times: user=0.00 sys=0.00, real=0.00 secs] 
2020-10-28T10:43:02.726+0000: [GC (Allocation Failure) 2020-10-28T10:43:02.726+0000: [ParNew: 16388K->4K(18432K), 0.0017736 secs] 268486K->252103K(410056K), 0.0018237 secs] [Times: user=0.01 sys=0.00, real=0.00 secs] 
2020-10-28T10:43:02.743+0000: [GC (Allocation Failure) 2020-10-28T10:43:02.743+0000: [ParNew: 16388K->4K(18432K), 0.0017539 secs] 268487K->252103K(410056K), 0.0018148 secs] [Times: user=0.00 sys=0.00, real=0.00 secs] 
2020-10-28T10:43:02.766+0000: [GC (Allocation Failure) 2020-10-28T10:43:02.766+0000: [ParNew: 16388K->4K(18432K), 0.0018853 secs] 268487K->252103K(410056K), 0.0019393 secs] [Times: user=0.00 sys=0.00, real=0.00 secs] 
2020-10-28T10:43:02.783+0000: [GC (Allocation Failure) 2020-10-28T10:43:02.783+0000: [ParNew: 16388K->4K(18432K), 0.0018109 secs] 268487K->252103K(410056K), 0.0018626 secs] [Times: user=0.00 sys=0.00, real=0.00 secs] 
2020-10-28T10:43:02.800+0000: [GC (Allocation Failure) 2020-10-28T10:43:02.800+0000: [ParNew: 16388K->4K(18432K), 0.0015921 secs] 268487K->252103K(410056K), 0.0016437 secs] [Times: user=0.00 sys=0.00, real=0.00 secs] 
2020-10-28T10:43:02.817+0000: [GC (Allocation Failure) 2020-10-28T10:43:02.817+0000: [ParNew: 16388K->4K(18432K), 0.0014909 secs] 268487K->252103K(410056K), 0.0015334 secs] [Times: user=0.01 sys=0.00, real=0.01 secs] 
2020-10-28T10:43:02.836+0000: [GC (Allocation Failure) 2020-10-28T10:43:02.836+0000: [ParNew: 16388K->4K(18432K), 0.0017759 secs] 268487K->252103K(410056K), 0.0018276 secs] [Times: user=0.00 sys=0.00, real=0.01 secs] 
2020-10-28T10:43:02.854+0000: [GC (Allocation Failure) 2020-10-28T10:43:02.854+0000: [ParNew: 16388K->4K(18432K), 0.0015977 secs] 268487K->252103K(410056K), 0.0016443 secs] [Times: user=0.00 sys=0.00, real=0.00 secs] 
2020-10-28T10:43:02.872+0000: [GC (Allocation Failure) 2020-10-28T10:43:02.872+0000: [ParNew: 16388K->4K(18432K), 0.0016426 secs] 268487K->252103K(410056K), 0.0016910 secs] [Times: user=0.00 sys=0.00, real=0.00 secs] 
2020-10-28T10:43:02.890+0000: [GC (Allocation Failure) 2020-10-28T10:43:02.890+0000: [ParNew: 16388K->4K(18432K), 0.0017314 secs] 268487K->252103K(410056K), 0.0017807 secs] [Times: user=0.00 sys=0.00, real=0.00 secs] 
2020-10-28T10:43:02.907+0000: [GC (Allocation Failure) 2020-10-28T10:43:02.907+0000: [ParNew: 16388K->4K(18432K), 0.0015949 secs] 268487K->252103K(410056K), 0.0016503 secs] [Times: user=0.00 sys=0.00, real=0.00 secs] 
2020-10-28T10:43:02.924+0000: [GC (Allocation Failure) 2020-10-28T10:43:02.924+0000: [ParNew: 16388K->4K(18432K), 0.0015944 secs] 268487K->252103K(410056K), 0.0016604 secs] [Times: user=0.01 sys=0.00, real=0.00 secs] 
2020-10-28T10:43:02.945+0000: [GC (Allocation Failure) 2020-10-28T10:43:02.945+0000: [ParNew: 16388K->4K(18432K), 0.0015495 secs] 268487K->252103K(410056K), 0.0015933 secs] [Times: user=0.00 sys=0.00, real=0.00 secs] 
2020-10-28T10:43:02.964+0000: [GC (Allocation Failure) 2020-10-28T10:43:02.964+0000: [ParNew: 16388K->4K(18432K), 0.0017282 secs] 268487K->252103K(410056K), 0.0017778 secs] [Times: user=0.01 sys=0.00, real=0.00 secs] 
2020-10-28T10:43:02.982+0000: [GC (Allocation Failure) 2020-10-28T10:43:02.982+0000: [ParNew: 16388K->4K(18432K), 0.0015575 secs] 268487K->252103K(410056K), 0.0016037 secs] [Times: user=0.00 sys=0.00, real=0.00 secs] 
2020-10-28T10:43:03.002+0000: [GC (Allocation Failure) 2020-10-28T10:43:03.002+0000: [ParNew: 16388K->4K(18432K), 0.0016617 secs] 268487K->252103K(410056K), 0.0017093 secs] [Times: user=0.00 sys=0.00, real=0.00 secs] 
2020-10-28T10:43:03.020+0000: [GC (Allocation Failure) 2020-10-28T10:43:03.020+0000: [ParNew: 16388K->4K(18432K), 0.0017617 secs] 268487K->252103K(410056K), 0.0018065 secs] [Times: user=0.01 sys=0.00, real=0.00 secs] 
2020-10-28T10:43:03.038+0000: [GC (Allocation Failure) 2020-10-28T10:43:03.038+0000: [ParNew: 16388K->4K(18432K), 0.0015769 secs] 268487K->252103K(410056K), 0.0016218 secs] [Times: user=0.01 sys=0.00, real=0.00 secs] 
2020-10-28T10:43:03.055+0000: [GC (Allocation Failure) 2020-10-28T10:43:03.055+0000: [ParNew: 16388K->4K(18432K), 0.0016102 secs] 268487K->252103K(410056K), 0.0016563 secs] [Times: user=0.00 sys=0.00, real=0.00 secs] 
2020-10-28T10:43:03.072+0000: [GC (Allocation Failure) 2020-10-28T10:43:03.073+0000: [ParNew: 16388K->4K(18432K), 0.0015849 secs] 268487K->252103K(410056K), 0.0016298 secs] [Times: user=0.00 sys=0.00, real=0.00 secs] 
2020-10-28T10:43:03.094+0000: [GC (Allocation Failure) 2020-10-28T10:43:03.094+0000: [ParNew: 16388K->4K(18432K), 0.0015385 secs] 268487K->252103K(410056K), 0.0015832 secs] [Times: user=0.00 sys=0.00, real=0.00 secs] 
2020-10-28T10:43:03.111+0000: [GC (Allocation Failure) 2020-10-28T10:43:03.111+0000: [ParNew: 16388K->4K(18432K), 0.0017649 secs] 268487K->252103K(410056K), 0.0018157 secs] [Times: user=0.00 sys=0.00, real=0.00 secs] 
2020-10-28T10:43:03.128+0000: [GC (Allocation Failure) 2020-10-28T10:43:03.128+0000: [ParNew: 16388K->4K(18432K), 0.0018297 secs] 268487K->252103K(410056K), 0.0018826 secs] [Times: user=0.01 sys=0.00, real=0.01 secs] 
2020-10-28T10:43:03.146+0000: [GC (Allocation Failure) 2020-10-28T10:43:03.146+0000: [ParNew: 16388K->4K(18432K), 0.0015588 secs] 268487K->252103K(410056K), 0.0016052 secs] [Times: user=0.00 sys=0.00, real=0.00 secs] 
2020-10-28T10:43:03.163+0000: [GC (Allocation Failure) 2020-10-28T10:43:03.163+0000: [ParNew: 16388K->4K(18432K), 0.0016667 secs] 268487K->252103K(410056K), 0.0017158 secs] [Times: user=0.00 sys=0.00, real=0.00 secs] 
2020-10-28T10:43:03.180+0000: [GC (Allocation Failure) 2020-10-28T10:43:03.180+0000: [ParNew: 16388K->4K(18432K), 0.0015959 secs] 268487K->252103K(410056K), 0.0016425 secs] [Times: user=0.01 sys=0.00, real=0.00 secs] 
2020-10-28T10:43:03.197+0000: [GC (Allocation Failure) 2020-10-28T10:43:03.197+0000: [ParNew: 16388K->4K(18432K), 0.0016507 secs] 268487K->252103K(410056K), 0.0016992 secs] [Times: user=0.01 sys=0.00, real=0.01 secs] 
2020-10-28T10:43:03.218+0000: [GC (Allocation Failure) 2020-10-28T10:43:03.218+0000: [ParNew: 16388K->4K(18432K), 0.0017053 secs] 268487K->252103K(410056K), 0.0017547 secs] [Times: user=0.00 sys=0.00, real=0.00 secs] 
2020-10-28T10:43:03.238+0000: [GC (Allocation Failure) 2020-10-28T10:43:03.238+0000: [ParNew: 16388K->4K(18432K), 0.0018192 secs] 268487K->252103K(410056K), 0.0018701 secs] [Times: user=0.01 sys=0.00, real=0.00 secs] 
2020-10-28T10:43:03.255+0000: [GC (Allocation Failure) 2020-10-28T10:43:03.255+0000: [ParNew: 16388K->4K(18432K), 0.0019252 secs] 268487K->252103K(410056K), 0.0019781 secs] [Times: user=0.00 sys=0.00, real=0.00 secs] 
2020-10-28T10:43:03.272+0000: [GC (Allocation Failure) 2020-10-28T10:43:03.272+0000: [ParNew: 16388K->4K(18432K), 0.0019316 secs] 268487K->252103K(410056K), 0.0019852 secs] [Times: user=0.00 sys=0.00, real=0.00 secs] 
2020-10-28T10:43:03.290+0000: [GC (Allocation Failure) 2020-10-28T10:43:03.290+0000: [ParNew: 16388K->4K(18432K), 0.0020029 secs] 268487K->252103K(410056K), 0.0020587 secs] [Times: user=0.00 sys=0.00, real=0.00 secs] 
2020-10-28T10:43:03.310+0000: [GC (Allocation Failure) 2020-10-28T10:43:03.310+0000: [ParNew: 16388K->4K(18432K), 0.0019435 secs] 268487K->252103K(410056K), 0.0019983 secs] [Times: user=0.01 sys=0.00, real=0.00 secs] 
2020-10-28T10:43:03.327+0000: [GC (Allocation Failure) 2020-10-28T10:43:03.327+0000: [ParNew: 16388K->4K(18432K), 0.0018752 secs] 268487K->252103K(410056K), 0.0019283 secs] [Times: user=0.00 sys=0.00, real=0.00 secs] 
2020-10-28T10:43:03.345+0000: [GC (Allocation Failure) 2020-10-28T10:43:03.345+0000: [ParNew: 16388K->4K(18432K), 0.0016223 secs] 268487K->252103K(410056K), 0.0016692 secs] [Times: user=0.00 sys=0.00, real=0.00 secs] 
2020-10-28T10:43:03.362+0000: [GC (Allocation Failure) 2020-10-28T10:43:03.362+0000: [ParNew: 16388K->4K(18432K), 0.0017192 secs] 268487K->252103K(410056K), 0.0017700 secs] [Times: user=0.00 sys=0.00, real=0.00 secs] 
2020-10-28T10:43:03.379+0000: [GC (Allocation Failure) 2020-10-28T10:43:03.379+0000: [ParNew: 16388K->4K(18432K), 0.0016076 secs] 268487K->252103K(410056K), 0.0016546 secs] [Times: user=0.00 sys=0.00, real=0.00 secs] 
2020-10-28T10:43:03.396+0000: [GC (Allocation Failure) 2020-10-28T10:43:03.396+0000: [ParNew: 16388K->4K(18432K), 0.0016378 secs] 268487K->252103K(410056K), 0.0016843 secs] [Times: user=0.00 sys=0.00, real=0.00 secs] 
2020-10-28T10:43:03.414+0000: [GC (Allocation Failure) 2020-10-28T10:43:03.414+0000: [ParNew: 16388K->4K(18432K), 0.0016341 secs] 268487K->252103K(410056K), 0.0016859 secs] [Times: user=0.00 sys=0.00, real=0.00 secs] 
2020-10-28T10:43:03.431+0000: [GC (Allocation Failure) 2020-10-28T10:43:03.431+0000: [ParNew: 16388K->4K(18432K), 0.0016901 secs] 268487K->252103K(410056K), 0.0017392 secs] [Times: user=0.01 sys=0.00, real=0.00 secs] 
2020-10-28T10:43:03.457+0000: [GC (Allocation Failure) 2020-10-28T10:43:03.457+0000: [ParNew: 16388K->4K(18432K), 0.0019683 secs] 284871K->268487K(410056K), 0.0020227 secs] [Times: user=0.00 sys=0.00, real=0.01 secs] 
2020-10-28T10:43:03.476+0000: [GC (Allocation Failure) 2020-10-28T10:43:03.476+0000: [ParNew: 16388K->4K(18432K), 0.0019753 secs] 284871K->268487K(410056K), 0.0020573 secs] [Times: user=0.01 sys=0.00, real=0.01 secs] 
2020-10-28T10:43:03.493+0000: [GC (Allocation Failure) 2020-10-28T10:43:03.493+0000: [ParNew: 16388K->4K(18432K), 0.0019415 secs] 284871K->268487K(410056K), 0.0019949 secs] [Times: user=0.01 sys=0.00, real=0.00 secs] 
2020-10-28T10:43:03.514+0000: [GC (Allocation Failure) 2020-10-28T10:43:03.514+0000: [ParNew: 16388K->4K(18432K), 0.0018622 secs] 284871K->268487K(410056K), 0.0019144 secs] [Times: user=0.00 sys=0.00, real=0.00 secs] 
2020-10-28T10:43:03.533+0000: [GC (Allocation Failure) 2020-10-28T10:43:03.533+0000: [ParNew: 16388K->4K(18432K), 0.0019359 secs] 284871K->268487K(410056K), 0.0019901 secs] [Times: user=0.01 sys=0.00, real=0.00 secs] 
2020-10-28T10:43:03.552+0000: [GC (Allocation Failure) 2020-10-28T10:43:03.552+0000: [ParNew: 16388K->4K(18432K), 0.0018253 secs] 284871K->268487K(410056K), 0.0018762 secs] [Times: user=0.00 sys=0.00, real=0.00 secs] 
2020-10-28T10:43:03.574+0000: [GC (Allocation Failure) 2020-10-28T10:43:03.574+0000: [ParNew: 16388K->4K(18432K), 0.0017940 secs] 284871K->268487K(410056K), 0.0018445 secs] [Times: user=0.00 sys=0.00, real=0.00 secs] 
2020-10-28T10:43:03.591+0000: [GC (Allocation Failure) 2020-10-28T10:43:03.591+0000: [ParNew: 16388K->4K(18432K), 0.0018938 secs] 284871K->268487K(410056K), 0.0019461 secs] [Times: user=0.00 sys=0.00, real=0.00 secs] 
2020-10-28T10:43:03.610+0000: [GC (Allocation Failure) 2020-10-28T10:43:03.610+0000: [ParNew: 16388K->4K(18432K), 0.0018291 secs] 284871K->268487K(410056K), 0.0018798 secs] [Times: user=0.00 sys=0.00, real=0.00 secs] 
2020-10-28T10:43:03.627+0000: [GC (Allocation Failure) 2020-10-28T10:43:03.627+0000: [ParNew: 16388K->4K(18432K), 0.0017983 secs] 284871K->268487K(410056K), 0.0018645 secs] [Times: user=0.01 sys=0.00, real=0.00 secs] 
2020-10-28T10:43:03.646+0000: [GC (Allocation Failure) 2020-10-28T10:43:03.646+0000: [ParNew: 16388K->4K(18432K), 0.0015214 secs] 284871K->268487K(410056K), 0.0015636 secs] [Times: user=0.00 sys=0.00, real=0.00 secs] 
2020-10-28T10:43:03.663+0000: [GC (Allocation Failure) 2020-10-28T10:43:03.663+0000: [ParNew: 16388K->8K(18432K), 0.0017103 secs] 284871K->268491K(410056K), 0.0017565 secs] [Times: user=0.01 sys=0.00, real=0.00 secs] 
2020-10-28T10:43:03.718+0000: [GC (Allocation Failure) 2020-10-28T10:43:03.718+0000: [ParNew: 16392K->145K(18432K), 0.0021368 secs] 284875K->268629K(410056K), 0.0021927 secs] [Times: user=0.01 sys=0.00, real=0.00 secs] 
2020-10-28T10:43:03.720+0000: [CMS-concurrent-abortable-preclean: 0.105/2.034 secs] [Times: user=3.66 sys=0.13, real=2.04 secs] 
2020-10-28T10:43:03.724+0000: [GC (CMS Final Remark) [YG occupancy: 2897 K (18432 K)]2020-10-28T10:43:03.724+0000: [Rescan (parallel) , 0.0033470 secs]2020-10-28T10:43:03.728+0000: [weak refs processing, 0.0000540 secs]2020-10-28T10:43:03.728+0000: [class unloading, 0.0077541 secs]2020-10-28T10:43:03.736+0000: [scrub symbol table, 0.0089906 secs]2020-10-28T10:43:03.745+0000: [scrub string table, 0.0005672 secs][1 CMS-remark: 268483K(391624K)] 271381K(410056K), 0.0208277 secs] [Times: user=0.03 sys=0.00, real=0.02 secs] 
2020-10-28T10:43:03.745+0000: [CMS-concurrent-sweep-start]
2020-10-28T10:43:03.764+0000: [CMS-concurrent-sweep: 0.019/0.019 secs] [Times: user=0.03 sys=0.00, real=0.02 secs] 
2020-10-28T10:43:03.765+0000: [GC (Allocation Failure) 2020-10-28T10:43:03.765+0000: [ParNew: 16529K->86K(18432K), 0.0020778 secs] 248808K->232364K(410056K), 0.0021171 secs] [Times: user=0.01 sys=0.00, real=0.00 secs] 
2020-10-28T10:43:03.770+0000: [CMS-concurrent-reset-start]
2020-10-28T10:43:03.771+0000: [CMS-concurrent-reset: 0.002/0.002 secs] [Times: user=0.00 sys=0.00, real=0.00 secs] 
2020-10-28T10:43:03.790+0000: [GC (Allocation Failure) 2020-10-28T10:43:03.790+0000: [ParNew: 16470K->82K(18432K), 0.0020549 secs] 248748K->232360K(410056K), 0.0021053 secs] [Times: user=0.01 sys=0.00, real=0.00 secs] 
2020-10-28T10:43:03.806+0000: [GC (Allocation Failure) 2020-10-28T10:43:03.806+0000: [ParNew: 16466K->87K(18432K), 0.0020443 secs] 248744K->232365K(410056K), 0.0020934 secs] [Times: user=0.00 sys=0.00, real=0.00 secs] 
2020-10-28T10:43:03.823+0000: [GC (Allocation Failure) 2020-10-28T10:43:03.823+0000: [ParNew: 16471K->88K(18432K), 0.0020184 secs] 248749K->232366K(410056K), 0.0020670 secs] [Times: user=0.00 sys=0.00, real=0.00 secs] 
2020-10-28T10:43:03.840+0000: [GC (Allocation Failure) 2020-10-28T10:43:03.840+0000: [ParNew: 16472K->88K(18432K), 0.0020908 secs] 248750K->232368K(410056K), 0.0021494 secs] [Times: user=0.01 sys=0.00, real=0.00 secs] 
2020-10-28T10:43:03.857+0000: [GC (Allocation Failure) 2020-10-28T10:43:03.857+0000: [ParNew: 16472K->58K(18432K), 0.0022607 secs] 248752K->232395K(410056K), 0.0023124 secs] [Times: user=0.00 sys=0.00, real=0.01 secs] 
2020-10-28T10:43:03.878+0000: [GC (Allocation Failure) 2020-10-28T10:43:03.878+0000: [ParNew: 16442K->14K(18432K), 0.0018978 secs] 248779K->232351K(410056K), 0.0019500 secs] [Times: user=0.01 sys=0.00, real=0.00 secs] 
2020-10-28T10:43:03.895+0000: [GC (Allocation Failure) 2020-10-28T10:43:03.895+0000: [ParNew: 16398K->4K(18432K), 0.0019715 secs] 248735K->232340K(410056K), 0.0020414 secs] [Times: user=0.00 sys=0.00, real=0.00 secs] 
2020-10-28T10:43:03.914+0000: [GC (Allocation Failure) 2020-10-28T10:43:03.914+0000: [ParNew: 16388K->4K(18432K), 0.0019595 secs] 248724K->232340K(410056K), 0.0020165 secs] [Times: user=0.00 sys=0.00, real=0.00 secs] 
2020-10-28T10:43:03.932+0000: [GC (Allocation Failure) 2020-10-28T10:43:03.932+0000: [ParNew: 16388K->4K(18432K), 0.0018878 secs] 248724K->232340K(410056K), 0.0019368 secs] [Times: user=0.01 sys=0.00, real=0.00 secs] 
2020-10-28T10:43:03.950+0000: [GC (Allocation Failure) 2020-10-28T10:43:03.950+0000: [ParNew: 16388K->4K(18432K), 0.0019091 secs] 248724K->232340K(410056K), 0.0019622 secs] [Times: user=0.00 sys=0.00, real=0.00 secs] 
2020-10-28T10:43:03.968+0000: [GC (Allocation Failure) 2020-10-28T10:43:03.968+0000: [ParNew: 16388K->4K(18432K), 0.0019684 secs] 248724K->232340K(410056K), 0.0020237 secs] [Times: user=0.01 sys=0.00, real=0.01 secs] 
2020-10-28T10:43:03.985+0000: [GC (Allocation Failure) 2020-10-28T10:43:03.985+0000: [ParNew: 16388K->4K(18432K), 0.0019910 secs] 248724K->232340K(410056K), 0.0020564 secs] [Times: user=0.01 sys=0.00, real=0.00 secs] 
2020-10-28T10:43:04.004+0000: [GC (Allocation Failure) 2020-10-28T10:43:04.004+0000: [ParNew: 16388K->4K(18432K), 0.0019347 secs] 248724K->232340K(410056K), 0.0019892 secs] [Times: user=0.00 sys=0.00, real=0.00 secs] 
2020-10-28T10:43:04.022+0000: [GC (Allocation Failure) 2020-10-28T10:43:04.022+0000: [ParNew: 16388K->4K(18432K), 0.0019866 secs] 248724K->232340K(410056K), 0.0020349 secs] [Times: user=0.00 sys=0.00, real=0.00 secs] 
2020-10-28T10:43:04.041+0000: [GC (Allocation Failure) 2020-10-28T10:43:04.041+0000: [ParNew: 16388K->4K(18432K), 0.0019091 secs] 248724K->232340K(410056K), 0.0019598 secs] [Times: user=0.01 sys=0.00, real=0.00 secs] 
2020-10-28T10:43:04.057+0000: [GC (Allocation Failure) 2020-10-28T10:43:04.057+0000: [ParNew: 16388K->4K(18432K), 0.0019555 secs] 248724K->232340K(410056K), 0.0020080 secs] [Times: user=0.00 sys=0.00, real=0.01 secs] 
2020-10-28T10:43:04.066+0000: [GC (Allocation Failure) 2020-10-28T10:43:04.066+0000: [ParNew: 12285K->4K(18432K), 0.0025358 secs] 244621K->240532K(410056K), 0.0025799 secs] [Times: user=0.00 sys=0.00, real=0.00 secs] 
2020-10-28T10:43:04.069+0000: [GC (CMS Initial Mark) [1 CMS-initial-mark: 240528K(391624K)] 248724K(410056K), 0.0012023 secs] [Times: user=0.01 sys=0.00, real=0.01 secs] 
2020-10-28T10:43:04.070+0000: [CMS-concurrent-mark-start]
2020-10-28T10:43:04.084+0000: [GC (Allocation Failure) 2020-10-28T10:43:04.084+0000: [ParNew: 16388K->4K(18432K), 0.0026793 secs] 256916K->248724K(410056K), 0.0027245 secs] [Times: user=0.01 sys=0.00, real=0.00 secs] 
2020-10-28T10:43:04.119+0000: [CMS-concurrent-mark: 0.046/0.049 secs] [Times: user=0.08 sys=0.00, real=0.05 secs] 
2020-10-28T10:43:04.119+0000: [CMS-concurrent-preclean-start]
2020-10-28T10:43:04.121+0000: [CMS-concurrent-preclean: 0.002/0.002 secs] [Times: user=0.01 sys=0.00, real=0.00 secs] 
2020-10-28T10:43:04.122+0000: [CMS-concurrent-abortable-preclean-start]
2020-10-28T10:43:04.123+0000: [GC (Allocation Failure) 2020-10-28T10:43:04.123+0000: [ParNew: 16388K->4K(18432K), 0.0015359 secs] 265108K->248724K(410056K), 0.0015756 secs] [Times: user=0.00 sys=0.00, real=0.00 secs] 
2020-10-28T10:43:04.141+0000: [GC (Allocation Failure) 2020-10-28T10:43:04.141+0000: [ParNew: 16388K->4K(18432K), 0.0018504 secs] 265108K->248724K(410056K), 0.0019046 secs] [Times: user=0.01 sys=0.00, real=0.00 secs] 
2020-10-28T10:43:04.158+0000: [GC (Allocation Failure) 2020-10-28T10:43:04.159+0000: [ParNew: 16388K->4K(18432K), 0.0018791 secs] 265108K->248724K(410056K), 0.0019318 secs] [Times: user=0.00 sys=0.00, real=0.00 secs] 
2020-10-28T10:43:04.179+0000: [GC (Allocation Failure) 2020-10-28T10:43:04.179+0000: [ParNew: 16388K->4K(18432K), 0.0019251 secs] 265108K->248724K(410056K), 0.0019795 secs] [Times: user=0.01 sys=0.00, real=0.00 secs] 
2020-10-28T10:43:04.198+0000: [GC (Allocation Failure) 2020-10-28T10:43:04.198+0000: [ParNew: 16388K->4K(18432K), 0.0018617 secs] 265108K->248724K(410056K), 0.0019133 secs] [Times: user=0.00 sys=0.00, real=0.00 secs] 
2020-10-28T10:43:04.218+0000: [GC (Allocation Failure) 2020-10-28T10:43:04.218+0000: [ParNew: 16388K->4K(18432K), 0.0018599 secs] 265108K->248725K(410056K), 0.0019098 secs] [Times: user=0.00 sys=0.00, real=0.00 secs] 
2020-10-28T10:43:04.237+0000: [GC (Allocation Failure) 2020-10-28T10:43:04.237+0000: [ParNew: 16388K->4K(18432K), 0.0018919 secs] 265109K->248725K(410056K), 0.0019463 secs] [Times: user=0.00 sys=0.00, real=0.01 secs] 
2020-10-28T10:43:04.254+0000: [GC (Allocation Failure) 2020-10-28T10:43:04.254+0000: [ParNew: 16388K->4K(18432K), 0.0019175 secs] 265109K->248725K(410056K), 0.0019721 secs] [Times: user=0.00 sys=0.00, real=0.00 secs] 
2020-10-28T10:43:04.271+0000: [GC (Allocation Failure) 2020-10-28T10:43:04.271+0000: [ParNew: 16388K->4K(18432K), 0.0018793 secs] 265109K->248725K(410056K), 0.0019320 secs] [Times: user=0.00 sys=0.01, real=0.00 secs] 
2020-10-28T10:43:04.289+0000: [GC (Allocation Failure) 2020-10-28T10:43:04.289+0000: [ParNew: 16388K->4K(18432K), 0.0018528 secs] 265109K->248725K(410056K), 0.0019057 secs] [Times: user=0.01 sys=0.00, real=0.01 secs] 
2020-10-28T10:43:04.306+0000: [GC (Allocation Failure) 2020-10-28T10:43:04.306+0000: [ParNew: 16388K->4K(18432K), 0.0017953 secs] 265109K->248725K(410056K), 0.0018461 secs] [Times: user=0.00 sys=0.00, real=0.00 secs] 
2020-10-28T10:43:04.323+0000: [GC (Allocation Failure) 2020-10-28T10:43:04.323+0000: [ParNew: 16388K->4K(18432K), 0.0018243 secs] 265109K->248725K(410056K), 0.0018761 secs] [Times: user=0.00 sys=0.00, real=0.00 secs] 
2020-10-28T10:43:04.346+0000: [GC (Allocation Failure) 2020-10-28T10:43:04.346+0000: [ParNew: 16388K->4K(18432K), 0.0019179 secs] 265109K->248725K(410056K), 0.0019904 secs] [Times: user=0.01 sys=0.00, real=0.00 secs] 
2020-10-28T10:43:04.367+0000: [GC (Allocation Failure) 2020-10-28T10:43:04.367+0000: [ParNew: 16388K->4K(18432K), 0.0019476 secs] 265109K->248725K(410056K), 0.0020024 secs] [Times: user=0.00 sys=0.00, real=0.00 secs] 
2020-10-28T10:43:04.384+0000: [GC (Allocation Failure) 2020-10-28T10:43:04.384+0000: [ParNew: 16388K->4K(18432K), 0.0019230 secs] 265109K->248725K(410056K), 0.0019771 secs] [Times: user=0.01 sys=0.00, real=0.00 secs] 
2020-10-28T10:43:04.402+0000: [GC (Allocation Failure) 2020-10-28T10:43:04.402+0000: [ParNew: 16388K->4K(18432K), 0.0018816 secs] 265109K->248725K(410056K), 0.0019354 secs] [Times: user=0.00 sys=0.00, real=0.00 secs] 
2020-10-28T10:43:04.419+0000: [GC (Allocation Failure) 2020-10-28T10:43:04.419+0000: [ParNew: 16388K->4K(18432K), 0.0018948 secs] 265109K->248725K(410056K), 0.0019485 secs] [Times: user=0.01 sys=0.00, real=0.00 secs] 
2020-10-28T10:43:04.436+0000: [GC (Allocation Failure) 2020-10-28T10:43:04.436+0000: [ParNew: 16388K->4K(18432K), 0.0019074 secs] 265109K->248725K(410056K), 0.0019615 secs] [Times: user=0.00 sys=0.00, real=0.01 secs] 
2020-10-28T10:43:04.453+0000: [GC (Allocation Failure) 2020-10-28T10:43:04.453+0000: [ParNew: 16388K->4K(18432K), 0.0019152 secs] 265109K->248725K(410056K), 0.0019677 secs] [Times: user=0.00 sys=0.00, real=0.00 secs] 
2020-10-28T10:43:04.474+0000: [GC (Allocation Failure) 2020-10-28T10:43:04.474+0000: [ParNew: 16388K->4K(18432K), 0.0018728 secs] 265109K->248725K(410056K), 0.0019244 secs] [Times: user=0.00 sys=0.00, real=0.00 secs] 
2020-10-28T10:43:04.491+0000: [GC (Allocation Failure) 2020-10-28T10:43:04.491+0000: [ParNew: 16388K->4K(18432K), 0.0016464 secs] 265109K->248725K(410056K), 0.0016930 secs] [Times: user=0.00 sys=0.00, real=0.00 secs] 
2020-10-28T10:43:04.508+0000: [GC (Allocation Failure) 2020-10-28T10:43:04.508+0000: [ParNew: 16388K->4K(18432K), 0.0017693 secs] 265109K->248725K(410056K), 0.0018208 secs] [Times: user=0.00 sys=0.00, real=0.00 secs] 
2020-10-28T10:43:04.525+0000: [GC (Allocation Failure) 2020-10-28T10:43:04.525+0000: [ParNew: 16388K->4K(18432K), 0.0018561 secs] 265109K->248725K(410056K), 0.0019091 secs] [Times: user=0.01 sys=0.00, real=0.00 secs] 
2020-10-28T10:43:04.542+0000: [GC (Allocation Failure) 2020-10-28T10:43:04.542+0000: [ParNew: 16388K->4K(18432K), 0.0018365 secs] 265109K->248725K(410056K), 0.0018878 secs] [Times: user=0.00 sys=0.00, real=0.00 secs] 
2020-10-28T10:43:04.558+0000: [GC (Allocation Failure) 2020-10-28T10:43:04.558+0000: [ParNew: 16388K->4K(18432K), 0.0025240 secs] 265109K->256917K(410056K), 0.0025817 secs] [Times: user=0.01 sys=0.00, real=0.00 secs] 
2020-10-28T10:43:04.569+0000: [GC (Allocation Failure) 2020-10-28T10:43:04.569+0000: [ParNew: 16388K->4K(18432K), 0.0073573 secs] 273301K->265109K(410056K), 0.0074061 secs] [Times: user=0.01 sys=0.01, real=0.01 secs] 
2020-10-28T10:43:04.594+0000: [GC (Allocation Failure) 2020-10-28T10:43:04.594+0000: [ParNew: 16388K->4K(18432K), 0.0018641 secs] 281493K->265109K(410056K), 0.0019163 secs] [Times: user=0.00 sys=0.00, real=0.00 secs] 
2020-10-28T10:43:04.611+0000: [GC (Allocation Failure) 2020-10-28T10:43:04.611+0000: [ParNew: 16388K->4K(18432K), 0.0017057 secs] 281493K->265109K(410056K), 0.0017630 secs] [Times: user=0.01 sys=0.00, real=0.00 secs] 
2020-10-28T10:43:04.628+0000: [GC (Allocation Failure) 2020-10-28T10:43:04.628+0000: [ParNew: 16388K->4K(18432K), 0.0016731 secs] 281493K->265109K(410056K), 0.0017200 secs] [Times: user=0.00 sys=0.00, real=0.00 secs] 
2020-10-28T10:43:04.645+0000: [GC (Allocation Failure) 2020-10-28T10:43:04.645+0000: [ParNew: 16388K->4K(18432K), 0.0017345 secs] 281493K->265109K(410056K), 0.0017835 secs] [Times: user=0.00 sys=0.00, real=0.00 secs] 
2020-10-28T10:43:04.662+0000: [GC (Allocation Failure) 2020-10-28T10:43:04.662+0000: [ParNew: 16388K->4K(18432K), 0.0015263 secs] 281493K->265109K(410056K), 0.0015707 secs] [Times: user=0.01 sys=0.00, real=0.00 secs] 
2020-10-28T10:43:04.682+0000: [GC (Allocation Failure) 2020-10-28T10:43:04.682+0000: [ParNew: 16388K->4K(18432K), 0.0016718 secs] 281493K->265109K(410056K), 0.0017222 secs] [Times: user=0.01 sys=0.00, real=0.00 secs] 
2020-10-28T10:43:04.702+0000: [GC (Allocation Failure) 2020-10-28T10:43:04.702+0000: [ParNew: 16388K->4K(18432K), 0.0017533 secs] 281493K->265109K(410056K), 0.0018049 secs] [Times: user=0.00 sys=0.00, real=0.00 secs] 
2020-10-28T10:43:04.722+0000: [GC (Allocation Failure) 2020-10-28T10:43:04.722+0000: [ParNew: 16388K->4K(18432K), 0.0017022 secs] 281493K->265109K(410056K), 0.0017512 secs] [Times: user=0.00 sys=0.00, real=0.00 secs] 
2020-10-28T10:43:04.738+0000: [GC (Allocation Failure) 2020-10-28T10:43:04.739+0000: [ParNew: 16388K->4K(18432K), 0.0017330 secs] 281493K->265109K(410056K), 0.0017835 secs] [Times: user=0.01 sys=0.00, real=0.00 secs] 
2020-10-28T10:43:04.757+0000: [GC (Allocation Failure) 2020-10-28T10:43:04.757+0000: [ParNew: 16388K->4K(18432K), 0.0016388 secs] 281493K->265109K(410056K), 0.0016849 secs] [Times: user=0.00 sys=0.00, real=0.01 secs] 
2020-10-28T10:43:04.774+0000: [GC (Allocation Failure) 2020-10-28T10:43:04.774+0000: [ParNew: 16388K->4K(18432K), 0.0014740 secs] 281493K->265109K(410056K), 0.0015176 secs] [Times: user=0.00 sys=0.00, real=0.00 secs] 
2020-10-28T10:43:04.794+0000: [GC (Allocation Failure) 2020-10-28T10:43:04.794+0000: [ParNew: 16388K->4K(18432K), 0.0016210 secs] 281493K->265109K(410056K), 0.0016703 secs] [Times: user=0.00 sys=0.00, real=0.00 secs] 
2020-10-28T10:43:04.814+0000: [GC (Allocation Failure) 2020-10-28T10:43:04.814+0000: [ParNew: 16388K->4K(18432K), 0.0017170 secs] 281493K->265109K(410056K), 0.0017681 secs] [Times: user=0.00 sys=0.00, real=0.00 secs] 
2020-10-28T10:43:04.831+0000: [GC (Allocation Failure) 2020-10-28T10:43:04.831+0000: [ParNew: 16388K->4K(18432K), 0.0017088 secs] 281493K->265109K(410056K), 0.0017613 secs] [Times: user=0.00 sys=0.00, real=0.00 secs] 
2020-10-28T10:43:04.850+0000: [GC (Allocation Failure) 2020-10-28T10:43:04.850+0000: [ParNew: 16388K->4K(18432K), 0.0015338 secs] 281493K->265109K(410056K), 0.0015835 secs] [Times: user=0.01 sys=0.00, real=0.00 secs] 
2020-10-28T10:43:04.874+0000: [GC (Allocation Failure) 2020-10-28T10:43:04.874+0000: [ParNew: 16388K->4K(18432K), 0.0018481 secs] 281493K->265109K(410056K), 0.0019012 secs] [Times: user=0.01 sys=0.00, real=0.00 secs] 
2020-10-28T10:43:04.891+0000: [GC (Allocation Failure) 2020-10-28T10:43:04.891+0000: [ParNew: 16388K->4K(18432K), 0.0017396 secs] 281493K->265109K(410056K), 0.0017893 secs] [Times: user=0.00 sys=0.00, real=0.00 secs] 
2020-10-28T10:43:04.910+0000: [GC (Allocation Failure) 2020-10-28T10:43:04.910+0000: [ParNew: 16388K->4K(18432K), 0.0034517 secs] 281493K->265109K(410056K), 0.0035186 secs] [Times: user=0.01 sys=0.00, real=0.00 secs] 
2020-10-28T10:43:04.929+0000: [GC (Allocation Failure) 2020-10-28T10:43:04.929+0000: [ParNew: 16388K->4K(18432K), 0.0019282 secs] 281493K->265109K(410056K), 0.0019803 secs] [Times: user=0.00 sys=0.00, real=0.01 secs] 
2020-10-28T10:43:04.946+0000: [GC (Allocation Failure) 2020-10-28T10:43:04.946+0000: [ParNew: 16388K->4K(18432K), 0.0019555 secs] 281493K->265109K(410056K), 0.0020080 secs] [Times: user=0.00 sys=0.00, real=0.00 secs] 
2020-10-28T10:43:04.964+0000: [GC (Allocation Failure) 2020-10-28T10:43:04.964+0000: [ParNew: 16388K->4K(18432K), 0.0018864 secs] 281493K->265109K(410056K), 0.0019391 secs] [Times: user=0.01 sys=0.00, real=0.00 secs] 
2020-10-28T10:43:04.981+0000: [GC (Allocation Failure) 2020-10-28T10:43:04.981+0000: [ParNew: 16388K->4K(18432K), 0.0017501 secs] 281493K->265109K(410056K), 0.0017999 secs] [Times: user=0.01 sys=0.00, real=0.00 secs] 
2020-10-28T10:43:04.998+0000: [GC (Allocation Failure) 2020-10-28T10:43:04.998+0000: [ParNew: 16388K->4K(18432K), 0.0017050 secs] 281493K->265109K(410056K), 0.0017541 secs] [Times: user=0.01 sys=0.00, real=0.00 secs] 
2020-10-28T10:43:05.018+0000: [GC (Allocation Failure) 2020-10-28T10:43:05.018+0000: [ParNew: 16388K->4K(18432K), 0.0017421 secs] 281493K->265109K(410056K), 0.0017862 secs] [Times: user=0.00 sys=0.00, real=0.00 secs] 
2020-10-28T10:43:05.034+0000: [GC (Allocation Failure) 2020-10-28T10:43:05.034+0000: [ParNew: 11326K->4K(18432K), 0.0014108 secs] 276432K->265109K(410056K), 0.0014523 secs] [Times: user=0.00 sys=0.00, real=0.00 secs] 
2020-10-28T10:43:05.045+0000: [GC (Allocation Failure) 2020-10-28T10:43:05.045+0000: [ParNew: 15151K->4K(18432K), 0.0070939 secs] 280257K->273301K(410056K), 0.0071398 secs] [Times: user=0.02 sys=0.00, real=0.01 secs] 
2020-10-28T10:43:05.052+0000: [CMS-concurrent-abortable-preclean: 0.053/0.931 secs] [Times: user=1.67 sys=0.07, real=0.93 secs] 
2020-10-28T10:43:05.053+0000: [GC (CMS Final Remark) [YG occupancy: 8196 K (18432 K)]2020-10-28T10:43:05.053+0000: [Rescan (parallel) , 0.0011750 secs]2020-10-28T10:43:05.054+0000: [weak refs processing, 0.0000269 secs]2020-10-28T10:43:05.054+0000: [class unloading, 0.0076621 secs]2020-10-28T10:43:05.062+0000: [scrub symbol table, 0.0087592 secs]2020-10-28T10:43:05.071+0000: [scrub string table, 0.0005602 secs][1 CMS-remark: 273297K(391624K)] 281493K(410056K), 0.0182796 secs] [Times: user=0.02 sys=0.00, real=0.02 secs] 
2020-10-28T10:43:05.078+0000: [CMS-concurrent-sweep-start]
2020-10-28T10:43:05.080+0000: [GC (Allocation Failure) 2020-10-28T10:43:05.080+0000: [ParNew: 16388K->4K(18432K), 0.0100597 secs] 289684K->281492K(410056K), 0.0101030 secs] [Times: user=0.00 sys=0.00, real=0.01 secs] 
2020-10-28T10:43:05.104+0000: [CMS-concurrent-sweep: 0.016/0.026 secs] [Times: user=0.03 sys=0.00, real=0.02 secs] 
2020-10-28T10:43:05.104+0000: [CMS-concurrent-reset-start]
2020-10-28T10:43:05.106+0000: [CMS-concurrent-reset: 0.002/0.002 secs] [Times: user=0.01 sys=0.00, real=0.00 secs] 
2020-10-28T10:43:05.112+0000: [GC (Allocation Failure) 2020-10-28T10:43:05.112+0000: [ParNew: 16388K->4K(18432K), 0.0020720 secs] 285539K->269155K(467020K), 0.0021151 secs] [Times: user=0.01 sys=0.00, real=0.00 secs] 
2020-10-28T10:43:05.129+0000: [GC (Allocation Failure) 2020-10-28T10:43:05.129+0000: [ParNew: 16388K->4K(18432K), 0.0020849 secs] 285539K->269155K(467020K), 0.0021329 secs] [Times: user=0.01 sys=0.00, real=0.01 secs] 
2020-10-28T10:43:05.149+0000: [GC (Allocation Failure) 2020-10-28T10:43:05.150+0000: [ParNew: 16388K->4K(18432K), 0.0019960 secs] 285539K->269155K(467020K), 0.0020420 secs] [Times: user=0.01 sys=0.00, real=0.01 secs] 
2020-10-28T10:43:05.170+0000: [GC (Allocation Failure) 2020-10-28T10:43:05.170+0000: [ParNew: 16388K->4K(18432K), 0.0020440 secs] 285539K->269155K(467020K), 0.0020978 secs] [Times: user=0.00 sys=0.00, real=0.00 secs] 
2020-10-28T10:43:05.190+0000: [GC (Allocation Failure) 2020-10-28T10:43:05.190+0000: [ParNew: 16388K->4K(18432K), 0.0020435 secs] 285539K->269155K(467020K), 0.0021031 secs] [Times: user=0.00 sys=0.00, real=0.00 secs] 
2020-10-28T10:43:05.210+0000: [GC (Allocation Failure) 2020-10-28T10:43:05.210+0000: [ParNew: 16388K->4K(18432K), 0.0020100 secs] 285539K->269155K(467020K), 0.0020617 secs] [Times: user=0.00 sys=0.00, real=0.00 secs] 
2020-10-28T10:43:05.227+0000: [GC (Allocation Failure) 2020-10-28T10:43:05.227+0000: [ParNew: 16388K->4K(18432K), 0.0020344 secs] 285539K->269155K(467020K), 0.0020876 secs] [Times: user=0.01 sys=0.00, real=0.00 secs] 
2020-10-28T10:43:05.243+0000: [GC (Allocation Failure) 2020-10-28T10:43:05.243+0000: [ParNew: 16388K->4K(18432K), 0.0020248 secs] 285539K->269155K(467020K), 0.0020767 secs] [Times: user=0.00 sys=0.00, real=0.00 secs] 
2020-10-28T10:43:05.260+0000: [GC (Allocation Failure) 2020-10-28T10:43:05.260+0000: [ParNew: 16388K->4K(18432K), 0.0019989 secs] 285539K->269155K(467020K), 0.0020491 secs] [Times: user=0.00 sys=0.00, real=0.00 secs] 
2020-10-28T10:43:05.278+0000: [GC (Allocation Failure) 2020-10-28T10:43:05.278+0000: [ParNew: 16388K->4K(18432K), 0.0019679 secs] 285539K->269155K(467020K), 0.0020154 secs] [Times: user=0.00 sys=0.00, real=0.00 secs] 
2020-10-28T10:43:05.295+0000: [GC (Allocation Failure) 2020-10-28T10:43:05.295+0000: [ParNew: 16388K->4K(18432K), 0.0019231 secs] 285539K->269155K(467020K), 0.0019676 secs] [Times: user=0.00 sys=0.00, real=0.00 secs] 
2020-10-28T10:43:05.312+0000: [GC (Allocation Failure) 2020-10-28T10:43:05.312+0000: [ParNew: 16388K->4K(18432K), 0.0018757 secs] 285539K->269155K(467020K), 0.0019180 secs] [Times: user=0.01 sys=0.00, real=0.00 secs] 
2020-10-28T10:43:05.330+0000: [GC (Allocation Failure) 2020-10-28T10:43:05.330+0000: [ParNew: 16388K->4K(18432K), 0.0018315 secs] 285539K->269155K(467020K), 0.0018737 secs] [Times: user=0.01 sys=0.01, real=0.00 secs] 
2020-10-28T10:43:05.346+0000: [GC (Allocation Failure) 2020-10-28T10:43:05.347+0000: [ParNew: 16388K->4K(18432K), 0.0019400 secs] 285539K->269155K(467020K), 0.0019880 secs] [Times: user=0.01 sys=0.00, real=0.00 secs] 
2020-10-28T10:43:05.363+0000: [GC (Allocation Failure) 2020-10-28T10:43:05.363+0000: [ParNew: 16388K->4K(18432K), 0.0019467 secs] 285539K->269155K(467020K), 0.0019928 secs] [Times: user=0.00 sys=0.00, real=0.00 secs] 
2020-10-28T10:43:05.382+0000: [GC (Allocation Failure) 2020-10-28T10:43:05.382+0000: [ParNew: 16388K->4K(18432K), 0.0019815 secs] 285539K->269155K(467020K), 0.0020313 secs] [Times: user=0.01 sys=0.00, real=0.00 secs] 
2020-10-28T10:43:05.399+0000: [GC (Allocation Failure) 2020-10-28T10:43:05.399+0000: [ParNew: 16388K->4K(18432K), 0.0019970 secs] 285539K->269155K(467020K), 0.0020475 secs] [Times: user=0.01 sys=0.00, real=0.00 secs] 
2020-10-28T10:43:05.418+0000: [GC (Allocation Failure) 2020-10-28T10:43:05.418+0000: [ParNew: 16388K->4K(18432K), 0.0020069 secs] 285539K->269155K(467020K), 0.0020593 secs] [Times: user=0.00 sys=0.00, real=0.00 secs] 
2020-10-28T10:43:05.438+0000: [GC (Allocation Failure) 2020-10-28T10:43:05.438+0000: [ParNew: 16388K->4K(18432K), 0.0019654 secs] 285539K->269155K(467020K), 0.0020150 secs] [Times: user=0.01 sys=0.00, real=0.00 secs] 
2020-10-28T10:43:05.458+0000: [GC (Allocation Failure) 2020-10-28T10:43:05.458+0000: [ParNew: 16388K->4K(18432K), 0.0020352 secs] 285539K->269155K(467020K), 0.0020828 secs] [Times: user=0.00 sys=0.00, real=0.00 secs] 
2020-10-28T10:43:05.475+0000: [GC (Allocation Failure) 2020-10-28T10:43:05.475+0000: [ParNew: 16388K->4K(18432K), 0.0019635 secs] 285539K->269155K(467020K), 0.0020090 secs] [Times: user=0.00 sys=0.00, real=0.00 secs] 
2020-10-28T10:43:05.491+0000: [GC (Allocation Failure) 2020-10-28T10:43:05.491+0000: [ParNew: 16388K->4K(18432K), 0.0020363 secs] 285539K->269155K(467020K), 0.0020918 secs] [Times: user=0.01 sys=0.00, real=0.00 secs] 
2020-10-28T10:43:05.508+0000: [GC (Allocation Failure) 2020-10-28T10:43:05.508+0000: [ParNew: 16388K->4K(18432K), 0.0020192 secs] 285539K->269155K(467020K), 0.0020706 secs] [Times: user=0.00 sys=0.00, real=0.01 secs] 
2020-10-28T10:43:05.526+0000: [GC (Allocation Failure) 2020-10-28T10:43:05.526+0000: [ParNew: 16388K->4K(18432K), 0.0019721 secs] 285539K->269155K(467020K), 0.0020201 secs] [Times: user=0.01 sys=0.00, real=0.00 secs] 
2020-10-28T10:43:05.537+0000: [GC (Allocation Failure) 2020-10-28T10:43:05.537+0000: [ParNew: 9467K->4K(18432K), 0.0018650 secs] 278618K->269155K(467020K), 0.0019060 secs] [Times: user=0.01 sys=0.00, real=0.01 secs] 
2020-10-28T10:43:05.546+0000: [GC (Allocation Failure) 2020-10-28T10:43:05.546+0000: [ParNew: 10451K->4K(18432K), 0.0025385 secs] 279603K->277347K(467020K), 0.0025832 secs] [Times: user=0.00 sys=0.00, real=0.00 secs] 
2020-10-28T10:43:05.549+0000: [GC (CMS Initial Mark) [1 CMS-initial-mark: 277343K(448588K)] 286387K(467020K), 0.0015976 secs] [Times: user=0.01 sys=0.00, real=0.01 secs] 
2020-10-28T10:43:05.551+0000: [CMS-concurrent-mark-start]
2020-10-28T10:43:05.564+0000: [GC (Allocation Failure) 2020-10-28T10:43:05.564+0000: [ParNew: 16388K->4K(18432K), 0.0072812 secs] 293731K->285539K(467020K), 0.0073250 secs] [Times: user=0.01 sys=0.01, real=0.01 secs] 
2020-10-28T10:43:05.589+0000: [GC (Allocation Failure) 2020-10-28T10:43:05.589+0000: [ParNew: 16388K->4K(18432K), 0.0020107 secs] 301923K->285539K(467020K), 0.0020622 secs] [Times: user=0.00 sys=0.00, real=0.01 secs] 
2020-10-28T10:43:05.612+0000: [GC (Allocation Failure) 2020-10-28T10:43:05.612+0000: [ParNew: 16388K->4K(18432K), 0.0019877 secs] 301923K->285539K(467020K), 0.0020420 secs] [Times: user=0.01 sys=0.00, real=0.00 secs] 
2020-10-28T10:43:05.631+0000: [GC (Allocation Failure) 2020-10-28T10:43:05.631+0000: [ParNew: 16388K->4K(18432K), 0.0019878 secs] 301923K->285539K(467020K), 0.0020416 secs] [Times: user=0.00 sys=0.00, real=0.00 secs] 
2020-10-28T10:43:05.641+0000: [CMS-concurrent-mark: 0.064/0.090 secs] [Times: user=0.16 sys=0.01, real=0.09 secs] 
2020-10-28T10:43:05.641+0000: [CMS-concurrent-preclean-start]
2020-10-28T10:43:05.652+0000: [GC (Allocation Failure) 2020-10-28T10:43:05.652+0000: [ParNew: 16388K->4K(18432K), 0.0017537 secs] 301923K->285539K(467020K), 0.0017978 secs] [Times: user=0.00 sys=0.00, real=0.00 secs] 
2020-10-28T10:43:05.655+0000: [CMS-concurrent-preclean: 0.012/0.014 secs] [Times: user=0.03 sys=0.00, real=0.01 secs] 
2020-10-28T10:43:05.658+0000: [GC (CMS Final Remark) [YG occupancy: 612 K (18432 K)]2020-10-28T10:43:05.658+0000: [Rescan (parallel) , 0.0014852 secs]2020-10-28T10:43:05.659+0000: [weak refs processing, 0.0000303 secs]2020-10-28T10:43:05.659+0000: [class unloading, 0.0076601 secs]2020-10-28T10:43:05.667+0000: [scrub symbol table, 0.0086699 secs]2020-10-28T10:43:05.676+0000: [scrub string table, 0.0005515 secs][1 CMS-remark: 285535K(448588K)] 286148K(467020K), 0.0184955 secs] [Times: user=0.02 sys=0.00, real=0.01 secs] 
2020-10-28T10:43:05.676+0000: [CMS-concurrent-sweep-start]
2020-10-28T10:43:05.696+0000: [CMS-concurrent-sweep: 0.020/0.020 secs] [Times: user=0.03 sys=0.00, real=0.02 secs] 
2020-10-28T10:43:05.696+0000: [CMS-concurrent-reset-start]
2020-10-28T10:43:05.702+0000: [GC (Allocation Failure) 2020-10-28T10:43:05.702+0000: [ParNew: 16388K->4K(18432K), 0.0020686 secs] 301923K->285539K(494328K), 0.0021093 secs] [Times: user=0.01 sys=0.00, real=0.00 secs] 
2020-10-28T10:43:05.710+0000: [CMS-concurrent-reset: 0.002/0.014 secs] [Times: user=0.02 sys=0.00, real=0.02 secs] 
2020-10-28T10:43:05.720+0000: [GC (Allocation Failure) 2020-10-28T10:43:05.720+0000: [ParNew: 16388K->4K(18432K), 0.0020726 secs] 301923K->285539K(494328K), 0.0021177 secs] [Times: user=0.01 sys=0.00, real=0.00 secs] 
2020-10-28T10:43:05.737+0000: [GC (Allocation Failure) 2020-10-28T10:43:05.737+0000: [ParNew: 16388K->4K(18432K), 0.0020614 secs] 301923K->285539K(494328K), 0.0021051 secs] [Times: user=0.01 sys=0.00, real=0.01 secs] 
2020-10-28T10:43:05.757+0000: [GC (Allocation Failure) 2020-10-28T10:43:05.757+0000: [ParNew: 16388K->4K(18432K), 0.0021287 secs] 301923K->285539K(494328K), 0.0021820 secs] [Times: user=0.01 sys=0.00, real=0.01 secs] 
2020-10-28T10:43:05.774+0000: [GC (Allocation Failure) 2020-10-28T10:43:05.774+0000: [ParNew: 16388K->4K(18432K), 0.0020286 secs] 301923K->285539K(494328K), 0.0020775 secs] [Times: user=0.01 sys=0.00, real=0.00 secs] 
2020-10-28T10:43:05.791+0000: [GC (Allocation Failure) 2020-10-28T10:43:05.791+0000: [ParNew: 16388K->4K(18432K), 0.0020216 secs] 301923K->285539K(494328K), 0.0020710 secs] [Times: user=0.00 sys=0.00, real=0.00 secs] 
2020-10-28T10:43:05.808+0000: [GC (Allocation Failure) 2020-10-28T10:43:05.808+0000: [ParNew: 16388K->4K(18432K), 0.0020265 secs] 301923K->285539K(494328K), 0.0020773 secs] [Times: user=0.00 sys=0.00, real=0.01 secs] 
2020-10-28T10:43:05.826+0000: [GC (Allocation Failure) 2020-10-28T10:43:05.826+0000: [ParNew: 16388K->4K(18432K), 0.0020121 secs] 301923K->285539K(494328K), 0.0020597 secs] [Times: user=0.00 sys=0.00, real=0.00 secs] 
2020-10-28T10:43:05.843+0000: [GC (Allocation Failure) 2020-10-28T10:43:05.843+0000: [ParNew: 16388K->4K(18432K), 0.0021059 secs] 301923K->285539K(494328K), 0.0021594 secs] [Times: user=0.00 sys=0.00, real=0.00 secs] 
2020-10-28T10:43:05.862+0000: [GC (Allocation Failure) 2020-10-28T10:43:05.862+0000: [ParNew: 16388K->4K(18432K), 0.0020523 secs] 301923K->285539K(494328K), 0.0021029 secs] [Times: user=0.01 sys=0.00, real=0.00 secs] 
2020-10-28T10:43:05.890+0000: [GC (Allocation Failure) 2020-10-28T10:43:05.890+0000: [ParNew: 16388K->4K(18432K), 0.0023419 secs] 334691K->318307K(494328K), 0.0024130 secs] [Times: user=0.01 sys=0.00, real=0.00 secs] 
2020-10-28T10:43:05.892+0000: [GC (CMS Initial Mark) [1 CMS-initial-mark: 318303K(475896K)] 318307K(494328K), 0.0019751 secs] [Times: user=0.00 sys=0.00, real=0.00 secs] 
2020-10-28T10:43:05.894+0000: [CMS-concurrent-mark-start]
2020-10-28T10:43:05.919+0000: [GC (Allocation Failure) 2020-10-28T10:43:05.919+0000: [ParNew: 16388K->4K(18432K), 0.0020066 secs] 334691K->318307K(494328K), 0.0020613 secs] [Times: user=0.00 sys=0.00, real=0.00 secs] 
2020-10-28T10:43:05.951+0000: [CMS-concurrent-mark: 0.054/0.057 secs] [Times: user=0.11 sys=0.00, real=0.06 secs] 
2020-10-28T10:43:05.951+0000: [CMS-concurrent-preclean-start]
2020-10-28T10:43:05.953+0000: [CMS-concurrent-preclean: 0.002/0.002 secs] [Times: user=0.00 sys=0.00, real=0.00 secs] 
2020-10-28T10:43:05.953+0000: [CMS-concurrent-abortable-preclean-start]
2020-10-28T10:43:05.960+0000: [GC (Allocation Failure) 2020-10-28T10:43:05.960+0000: [ParNew: 16388K->4K(18432K), 0.0017233 secs] 334691K->318307K(494328K), 0.0017623 secs] [Times: user=0.01 sys=0.00, real=0.00 secs] 
2020-10-28T10:43:05.992+0000: [GC (Allocation Failure) 2020-10-28T10:43:05.992+0000: [ParNew: 16388K->4K(18432K), 0.0022548 secs] 367459K->351075K(494328K), 0.0023099 secs] [Times: user=0.00 sys=0.00, real=0.00 secs] 
2020-10-28T10:43:06.011+0000: [GC (Allocation Failure) 2020-10-28T10:43:06.011+0000: [ParNew: 16388K->4K(18432K), 0.0021031 secs] 367459K->351075K(494328K), 0.0021567 secs] [Times: user=0.01 sys=0.00, real=0.00 secs] 
2020-10-28T10:43:06.028+0000: [GC (Allocation Failure) 2020-10-28T10:43:06.028+0000: [ParNew: 16388K->4K(18432K), 0.0020412 secs] 367459K->351075K(494328K), 0.0020948 secs] [Times: user=0.00 sys=0.00, real=0.01 secs] 
2020-10-28T10:43:06.046+0000: [GC (Allocation Failure) 2020-10-28T10:43:06.046+0000: [ParNew: 16388K->4K(18432K), 0.0033041 secs] 367459K->351075K(494328K), 0.0033572 secs] [Times: user=0.01 sys=0.00, real=0.00 secs] 
2020-10-28T10:43:06.066+0000: [GC (Allocation Failure) 2020-10-28T10:43:06.066+0000: [ParNew: 16388K->4K(18432K), 0.0020029 secs] 367459K->351076K(494328K), 0.0020549 secs] [Times: user=0.01 sys=0.00, real=0.00 secs] 
2020-10-28T10:43:06.079+0000: [GC (Allocation Failure) 2020-10-28T10:43:06.079+0000: [ParNew: 11491K->4K(18432K), 0.0018249 secs] 362563K->351076K(494328K), 0.0018754 secs] [Times: user=0.00 sys=0.00, real=0.00 secs] 
2020-10-28T10:43:06.094+0000: [GC (Allocation Failure) 2020-10-28T10:43:06.094+0000: [ParNew: 16388K->4K(18432K), 0.0080450 secs] 367460K->359268K(494328K), 0.0082179 secs] [Times: user=0.01 sys=0.00, real=0.01 secs] 
2020-10-28T10:43:06.102+0000: [CMS-concurrent-abortable-preclean: 0.010/0.149 secs] [Times: user=0.24 sys=0.03, real=0.15 secs] 
2020-10-28T10:43:06.102+0000: [GC (CMS Final Remark) [YG occupancy: 198 K (18432 K)]2020-10-28T10:43:06.102+0000: [Rescan (parallel) , 0.0014361 secs]2020-10-28T10:43:06.104+0000: [weak refs processing, 0.0000263 secs]2020-10-28T10:43:06.104+0000: [class unloading, 0.0077500 secs]2020-10-28T10:43:06.111+0000: [scrub symbol table, 0.0087579 secs]2020-10-28T10:43:06.120+0000: [scrub string table, 0.0005584 secs][1 CMS-remark: 359264K(475896K)] 359462K(494328K), 0.0186333 secs] [Times: user=0.02 sys=0.00, real=0.02 secs] 
2020-10-28T10:43:06.121+0000: [CMS-concurrent-sweep-start]
2020-10-28T10:43:06.140+0000: [CMS-concurrent-sweep: 0.019/0.019 secs] [Times: user=0.04 sys=0.00, real=0.02 secs] 
2020-10-28T10:43:06.141+0000: [CMS-concurrent-reset-start]
2020-10-28T10:43:06.141+0000: [GC (Allocation Failure) 2020-10-28T10:43:06.141+0000: [ParNew: 16388K->4K(18432K), 0.0023236 secs] 375651K->359268K(617208K), 0.0023631 secs] [Times: user=0.01 sys=0.00, real=0.00 secs] 
2020-10-28T10:43:06.148+0000: [CMS-concurrent-reset: 0.002/0.007 secs] [Times: user=0.01 sys=0.00, real=0.00 secs] 
2020-10-28T10:43:06.161+0000: [GC (Allocation Failure) 2020-10-28T10:43:06.161+0000: [ParNew: 16388K->4K(18432K), 0.0024806 secs] 375652K->359268K(617208K), 0.0025255 secs] [Times: user=0.00 sys=0.00, real=0.00 secs] 
2020-10-28T10:43:06.178+0000: [GC (Allocation Failure) 2020-10-28T10:43:06.178+0000: [ParNew: 16388K->4K(18432K), 0.0023731 secs] 375652K->359268K(617208K), 0.0024256 secs] [Times: user=0.01 sys=0.00, real=0.00 secs] 
2020-10-28T10:43:06.195+0000: [GC (Allocation Failure) 2020-10-28T10:43:06.195+0000: [ParNew: 14273K->4K(18432K), 0.0023668 secs] 373537K->359268K(617208K), 0.0024386 secs] [Times: user=0.00 sys=0.00, real=0.01 secs] 
2020-10-28T10:43:06.210+0000: [GC (Allocation Failure) 2020-10-28T10:43:06.210+0000: [ParNew: 16388K->4K(18432K), 0.0081066 secs] 375652K->367460K(617208K), 0.0081599 secs] [Times: user=0.02 sys=0.00, real=0.01 secs] 
2020-10-28T10:43:06.232+0000: [GC (Allocation Failure) 2020-10-28T10:43:06.232+0000: [ParNew: 16388K->4K(18432K), 0.0023780 secs] 383844K->367460K(617208K), 0.0024205 secs] [Times: user=0.01 sys=0.00, real=0.00 secs] 
2020-10-28T10:43:06.250+0000: [GC (Allocation Failure) 2020-10-28T10:43:06.250+0000: [ParNew: 16388K->4K(18432K), 0.0023390 secs] 383844K->367460K(617208K), 0.0023878 secs] [Times: user=0.00 sys=0.00, real=0.00 secs] 
2020-10-28T10:43:06.270+0000: [GC (Allocation Failure) 2020-10-28T10:43:06.270+0000: [ParNew: 16388K->4K(18432K), 0.0023513 secs] 383844K->367460K(617208K), 0.0024007 secs] [Times: user=0.00 sys=0.00, real=0.00 secs] 
2020-10-28T10:43:06.287+0000: [GC (Allocation Failure) 2020-10-28T10:43:06.287+0000: [ParNew: 16388K->4K(18432K), 0.0024174 secs] 383844K->367460K(617208K), 0.0024696 secs] [Times: user=0.00 sys=0.00, real=0.00 secs] 
2020-10-28T10:43:06.306+0000: [GC (Allocation Failure) 2020-10-28T10:43:06.306+0000: [ParNew: 16388K->4K(18432K), 0.0024056 secs] 383844K->367460K(617208K), 0.0024581 secs] [Times: user=0.00 sys=0.00, real=0.00 secs] 
2020-10-28T10:43:06.326+0000: [GC (Allocation Failure) 2020-10-28T10:43:06.326+0000: [ParNew: 16388K->4K(18432K), 0.0023818 secs] 383844K->367460K(617208K), 0.0024339 secs] [Times: user=0.00 sys=0.00, real=0.00 secs] 
2020-10-28T10:43:06.343+0000: [GC (Allocation Failure) 2020-10-28T10:43:06.343+0000: [ParNew: 16388K->4K(18432K), 0.0021839 secs] 383844K->367460K(617208K), 0.0022303 secs] [Times: user=0.00 sys=0.00, real=0.00 secs] 
2020-10-28T10:43:06.360+0000: [GC (Allocation Failure) 2020-10-28T10:43:06.360+0000: [ParNew: 16388K->4K(18432K), 0.0022248 secs] 383844K->367460K(617208K), 0.0022775 secs] [Times: user=0.00 sys=0.00, real=0.00 secs] 
2020-10-28T10:43:06.377+0000: [GC (Allocation Failure) 2020-10-28T10:43:06.377+0000: [ParNew: 16388K->4K(18432K), 0.0021455 secs] 383844K->367460K(617208K), 0.0021903 secs] [Times: user=0.01 sys=0.00, real=0.01 secs] 
2020-10-28T10:43:06.393+0000: [GC (Allocation Failure) 2020-10-28T10:43:06.394+0000: [ParNew: 16388K->4K(18432K), 0.0021438 secs] 383844K->367460K(617208K), 0.0021887 secs] [Times: user=0.01 sys=0.00, real=0.00 secs] 
2020-10-28T10:43:06.414+0000: [GC (Allocation Failure) 2020-10-28T10:43:06.414+0000: [ParNew: 16388K->4K(18432K), 0.0021775 secs] 383844K->367460K(617208K), 0.0022293 secs] [Times: user=0.01 sys=0.00, real=0.00 secs] 
2020-10-28T10:43:06.431+0000: [GC (Allocation Failure) 2020-10-28T10:43:06.431+0000: [ParNew: 16388K->4K(18432K), 0.0022705 secs] 383844K->367460K(617208K), 0.0023198 secs] [Times: user=0.01 sys=0.00, real=0.00 secs] 
2020-10-28T10:43:06.448+0000: [GC (Allocation Failure) 2020-10-28T10:43:06.448+0000: [ParNew: 16388K->4K(18432K), 0.0023909 secs] 383844K->367460K(617208K), 0.0024434 secs] [Times: user=0.00 sys=0.00, real=0.01 secs] 
2020-10-28T10:43:06.465+0000: [GC (Allocation Failure) 2020-10-28T10:43:06.465+0000: [ParNew: 16388K->4K(18432K), 0.0024045 secs] 383844K->367460K(617208K), 0.0024599 secs] [Times: user=0.00 sys=0.00, real=0.00 secs] 
2020-10-28T10:43:06.482+0000: [GC (Allocation Failure) 2020-10-28T10:43:06.482+0000: [ParNew: 16388K->4K(18432K), 0.0022760 secs] 383844K->367460K(617208K), 0.0023233 secs] [Times: user=0.01 sys=0.00, real=0.00 secs] 
2020-10-28T10:43:06.502+0000: [GC (Allocation Failure) 2020-10-28T10:43:06.502+0000: [ParNew: 16388K->4K(18432K), 0.0022841 secs] 383844K->367460K(617208K), 0.0023331 secs] [Times: user=0.00 sys=0.00, real=0.00 secs] 
2020-10-28T10:43:06.519+0000: [GC (Allocation Failure) 2020-10-28T10:43:06.519+0000: [ParNew: 16388K->4K(18432K), 0.0023628 secs] 383844K->367460K(617208K), 0.0024147 secs] [Times: user=0.00 sys=0.00, real=0.00 secs] 
2020-10-28T10:43:06.538+0000: [GC (Allocation Failure) 2020-10-28T10:43:06.538+0000: [ParNew: 16388K->4K(18432K), 0.0023668 secs] 383844K->367460K(617208K), 0.0024138 secs] [Times: user=0.01 sys=0.00, real=0.00 secs] 
2020-10-28T10:43:06.555+0000: [GC (Allocation Failure) 2020-10-28T10:43:06.555+0000: [ParNew: 16388K->2K(18432K), 0.0054395 secs] 383844K->367458K(617208K), 0.0055026 secs] [Times: user=0.01 sys=0.00, real=0.01 secs] 
2020-10-28T10:43:06.576+0000: [GC (Allocation Failure) 2020-10-28T10:43:06.576+0000: [ParNew: 16386K->4K(18432K), 0.0032993 secs] 383842K->367460K(617208K), 0.0033509 secs] [Times: user=0.00 sys=0.00, real=0.01 secs] 
2020-10-28T10:43:06.590+0000: [GC (Allocation Failure) 2020-10-28T10:43:06.590+0000: [ParNew: 10968K->4K(18432K), 0.0022238 secs] 378424K->367460K(617208K), 0.0022662 secs] [Times: user=0.00 sys=0.00, real=0.00 secs] 
2020-10-28T10:43:06.602+0000: [GC (Allocation Failure) 2020-10-28T10:43:06.602+0000: [ParNew: 16388K->4K(18432K), 0.0078645 secs] 383844K->375652K(617208K), 0.0079170 secs] [Times: user=0.01 sys=0.00, real=0.01 secs] 
2020-10-28T10:43:06.624+0000: [GC (Allocation Failure) 2020-10-28T10:43:06.624+0000: [ParNew: 16388K->4K(18432K), 0.0023885 secs] 392036K->375652K(617208K), 0.0024407 secs] [Times: user=0.00 sys=0.00, real=0.00 secs] 
2020-10-28T10:43:06.641+0000: [GC (Allocation Failure) 2020-10-28T10:43:06.641+0000: [ParNew: 16388K->4K(18432K), 0.0022896 secs] 392036K->375652K(617208K), 0.0023334 secs] [Times: user=0.00 sys=0.00, real=0.00 secs] 
2020-10-28T10:43:06.658+0000: [GC (Allocation Failure) 2020-10-28T10:43:06.658+0000: [ParNew: 16388K->4K(18432K), 0.0022120 secs] 392036K->375652K(617208K), 0.0022542 secs] [Times: user=0.00 sys=0.00, real=0.00 secs] 
2020-10-28T10:43:06.669+0000: [GC (Allocation Failure) 2020-10-28T10:43:06.669+0000: [ParNew: 16388K->4K(18432K), 0.0077806 secs] 392036K->383844K(617208K), 0.0078265 secs] [Times: user=0.02 sys=0.00, real=0.01 secs] 
2020-10-28T10:43:06.695+0000: [GC (Allocation Failure) 2020-10-28T10:43:06.695+0000: [ParNew: 16388K->4K(18432K), 0.0024591 secs] 400228K->383844K(617208K), 0.0025103 secs] [Times: user=0.00 sys=0.00, real=0.01 secs] 
2020-10-28T10:43:06.714+0000: [GC (Allocation Failure) 2020-10-28T10:43:06.714+0000: [ParNew: 16388K->4K(18432K), 0.0023940 secs] 400228K->383844K(617208K), 0.0024477 secs] [Times: user=0.01 sys=0.00, real=0.00 secs] 
2020-10-28T10:43:06.731+0000: [GC (Allocation Failure) 2020-10-28T10:43:06.731+0000: [ParNew: 16388K->4K(18432K), 0.0023814 secs] 400228K->383844K(617208K), 0.0024474 secs] [Times: user=0.01 sys=0.00, real=0.00 secs] 
2020-10-28T10:43:06.748+0000: [GC (Allocation Failure) 2020-10-28T10:43:06.748+0000: [ParNew: 16388K->4K(18432K), 0.0023987 secs] 400228K->383844K(617208K), 0.0024543 secs] [Times: user=0.00 sys=0.00, real=0.01 secs] 
2020-10-28T10:43:06.766+0000: [GC (Allocation Failure) 2020-10-28T10:43:06.766+0000: [ParNew: 16388K->4K(18432K), 0.0023847 secs] 400228K->383844K(617208K), 0.0024385 secs] [Times: user=0.01 sys=0.00, real=0.00 secs] 
2020-10-28T10:43:06.783+0000: [GC (Allocation Failure) 2020-10-28T10:43:06.783+0000: [ParNew: 16388K->4K(18432K), 0.0023971 secs] 400228K->383844K(617208K), 0.0024502 secs] [Times: user=0.00 sys=0.00, real=0.00 secs] 
2020-10-28T10:43:06.800+0000: [GC (Allocation Failure) 2020-10-28T10:43:06.800+0000: [ParNew: 16388K->4K(18432K), 0.0024578 secs] 400228K->383844K(617208K), 0.0025112 secs] [Times: user=0.00 sys=0.00, real=0.00 secs] 
2020-10-28T10:43:06.821+0000: [GC (Allocation Failure) 2020-10-28T10:43:06.821+0000: [ParNew: 16388K->4K(18432K), 0.0023863 secs] 400228K->383844K(617208K), 0.0024392 secs] [Times: user=0.01 sys=0.00, real=0.00 secs] 
2020-10-28T10:43:06.839+0000: [GC (Allocation Failure) 2020-10-28T10:43:06.839+0000: [ParNew: 16388K->4K(18432K), 0.0023828 secs] 400228K->383844K(617208K), 0.0024341 secs] [Times: user=0.00 sys=0.00, real=0.00 secs] 
2020-10-28T10:43:06.858+0000: [GC (Allocation Failure) 2020-10-28T10:43:06.858+0000: [ParNew: 16388K->4K(18432K), 0.0024153 secs] 400228K->383844K(617208K), 0.0024705 secs] [Times: user=0.00 sys=0.00, real=0.00 secs] 
2020-10-28T10:43:06.878+0000: [GC (Allocation Failure) 2020-10-28T10:43:06.878+0000: [ParNew: 16388K->4K(18432K), 0.0023790 secs] 400228K->383844K(617208K), 0.0024339 secs] [Times: user=0.00 sys=0.00, real=0.00 secs] 
2020-10-28T10:43:06.898+0000: [GC (Allocation Failure) 2020-10-28T10:43:06.898+0000: [ParNew: 16388K->4K(18432K), 0.0023059 secs] 400228K->383844K(617208K), 0.0023561 secs] [Times: user=0.00 sys=0.00, real=0.00 secs] 
2020-10-28T10:43:06.916+0000: [GC (Allocation Failure) 2020-10-28T10:43:06.916+0000: [ParNew: 16388K->4K(18432K), 0.0030289 secs] 400228K->383844K(617208K), 0.0030843 secs] [Times: user=0.00 sys=0.00, real=0.01 secs] 
2020-10-28T10:43:06.933+0000: [GC (Allocation Failure) 2020-10-28T10:43:06.933+0000: [ParNew: 16373K->4K(18432K), 0.0023902 secs] 400213K->383844K(617208K), 0.0024439 secs] [Times: user=0.00 sys=0.00, real=0.00 secs] 
2020-10-28T10:43:06.951+0000: [GC (Allocation Failure) 2020-10-28T10:43:06.951+0000: [ParNew: 16388K->4K(18432K), 0.0023366 secs] 400228K->383844K(617208K), 0.0023889 secs] [Times: user=0.01 sys=0.00, real=0.00 secs] 
2020-10-28T10:43:06.968+0000: [GC (Allocation Failure) 2020-10-28T10:43:06.968+0000: [ParNew: 16388K->4K(18432K), 0.0024100 secs] 400228K->383844K(617208K), 0.0024608 secs] [Times: user=0.00 sys=0.00, real=0.01 secs] 
2020-10-28T10:43:06.985+0000: [GC (Allocation Failure) 2020-10-28T10:43:06.985+0000: [ParNew: 16388K->4K(18432K), 0.0023675 secs] 400228K->383844K(617208K), 0.0024354 secs] [Times: user=0.01 sys=0.00, real=0.00 secs] 
2020-10-28T10:43:07.006+0000: [GC (Allocation Failure) 2020-10-28T10:43:07.006+0000: [ParNew: 16388K->4K(18432K), 0.0023165 secs] 400228K->383844K(617208K), 0.0023670 secs] [Times: user=0.01 sys=0.00, real=0.00 secs] 
2020-10-28T10:43:07.026+0000: [GC (Allocation Failure) 2020-10-28T10:43:07.026+0000: [ParNew: 16388K->4K(18432K), 0.0023678 secs] 400228K->383844K(617208K), 0.0024171 secs] [Times: user=0.00 sys=0.00, real=0.00 secs] 
2020-10-28T10:43:07.045+0000: [GC (Allocation Failure) 2020-10-28T10:43:07.045+0000: [ParNew: 16388K->4K(18432K), 0.0024172 secs] 400228K->383844K(617208K), 0.0024810 secs] [Times: user=0.01 sys=0.00, real=0.00 secs] 
2020-10-28T10:43:07.062+0000: [GC (Allocation Failure) 2020-10-28T10:43:07.062+0000: [ParNew: 14564K->4K(18432K), 0.0022880 secs] 398405K->383844K(617208K), 0.0023362 secs] [Times: user=0.01 sys=0.00, real=0.00 secs] 
2020-10-28T10:43:07.074+0000: [GC (Allocation Failure) 2020-10-28T10:43:07.074+0000: [ParNew: 16388K->4K(18432K), 0.0136400 secs] 400228K->392036K(617208K), 0.0136928 secs] [Times: user=0.02 sys=0.00, real=0.01 secs] 
2020-10-28T10:43:07.102+0000: [GC (Allocation Failure) 2020-10-28T10:43:07.102+0000: [ParNew: 16388K->4K(18432K), 0.0023838 secs] 408420K->392036K(617208K), 0.0024348 secs] [Times: user=0.01 sys=0.00, real=0.00 secs] 
2020-10-28T10:43:07.122+0000: [GC (Allocation Failure) 2020-10-28T10:43:07.122+0000: [ParNew: 16388K->4K(18432K), 0.0051264 secs] 408420K->392036K(617208K), 0.0051781 secs] [Times: user=0.00 sys=0.00, real=0.00 secs] 
2020-10-28T10:43:07.143+0000: [GC (Allocation Failure) 2020-10-28T10:43:07.143+0000: [ParNew: 16388K->4K(18432K), 0.0022964 secs] 408420K->392036K(617208K), 0.0023460 secs] [Times: user=0.01 sys=0.00, real=0.00 secs] 
2020-10-28T10:43:07.162+0000: [GC (Allocation Failure) 2020-10-28T10:43:07.162+0000: [ParNew: 14409K->4K(18432K), 0.0021659 secs] 406441K->392036K(617208K), 0.0022101 secs] [Times: user=0.00 sys=0.00, real=0.00 secs] 
2020-10-28T10:43:07.172+0000: [GC (Allocation Failure) 2020-10-28T10:43:07.172+0000: [ParNew: 16388K->4K(18432K), 0.0079706 secs] 408420K->400228K(617208K), 0.0080202 secs] [Times: user=0.02 sys=0.01, real=0.01 secs] 
2020-10-28T10:43:07.196+0000: [GC (Allocation Failure) 2020-10-28T10:43:07.196+0000: [ParNew: 16388K->4K(18432K), 0.0023480 secs] 416612K->400228K(617208K), 0.0023987 secs] [Times: user=0.01 sys=0.00, real=0.01 secs] 
2020-10-28T10:43:07.214+0000: [GC (Allocation Failure) 2020-10-28T10:43:07.214+0000: [ParNew: 16388K->4K(18432K), 0.0023142 secs] 416612K->400228K(617208K), 0.0023665 secs] [Times: user=0.00 sys=0.00, real=0.00 secs] 
2020-10-28T10:43:07.231+0000: [GC (Allocation Failure) 2020-10-28T10:43:07.231+0000: [ParNew: 16388K->4K(18432K), 0.0022855 secs] 416612K->400228K(617208K), 0.0023496 secs] [Times: user=0.01 sys=0.00, real=0.00 secs] 
2020-10-28T10:43:07.249+0000: [GC (Allocation Failure) 2020-10-28T10:43:07.249+0000: [ParNew: 16388K->4K(18432K), 0.0023450 secs] 416612K->400228K(617208K), 0.0023969 secs] [Times: user=0.00 sys=0.00, real=0.01 secs] 
2020-10-28T10:43:07.274+0000: [GC (Allocation Failure) 2020-10-28T10:43:07.274+0000: [ParNew: 16388K->4K(18432K), 0.0023703 secs] 416612K->400228K(617208K), 0.0024255 secs] [Times: user=0.01 sys=0.00, real=0.00 secs] 
2020-10-28T10:43:07.291+0000: [GC (Allocation Failure) 2020-10-28T10:43:07.291+0000: [ParNew: 16388K->4K(18432K), 0.0023309 secs] 416612K->400228K(617208K), 0.0023823 secs] [Times: user=0.00 sys=0.00, real=0.00 secs] 
2020-10-28T10:43:07.308+0000: [GC (Allocation Failure) 2020-10-28T10:43:07.308+0000: [ParNew: 16388K->4K(18432K), 0.0022869 secs] 416612K->400228K(617208K), 0.0023347 secs] [Times: user=0.00 sys=0.00, real=0.01 secs] 
2020-10-28T10:43:07.326+0000: [GC (Allocation Failure) 2020-10-28T10:43:07.326+0000: [ParNew: 16388K->4K(18432K), 0.0021499 secs] 416612K->400228K(617208K), 0.0021939 secs] [Times: user=0.00 sys=0.00, real=0.00 secs] 
2020-10-28T10:43:07.346+0000: [GC (Allocation Failure) 2020-10-28T10:43:07.346+0000: [ParNew: 16388K->4K(18432K), 0.0021642 secs] 416612K->400228K(617208K), 0.0022083 secs] [Times: user=0.00 sys=0.00, real=0.00 secs] 
2020-10-28T10:43:07.363+0000: [GC (Allocation Failure) 2020-10-28T10:43:07.363+0000: [ParNew: 16388K->4K(18432K), 0.0022534 secs] 416612K->400228K(617208K), 0.0023000 secs] [Times: user=0.01 sys=0.00, real=0.00 secs] 
2020-10-28T10:43:07.380+0000: [GC (Allocation Failure) 2020-10-28T10:43:07.380+0000: [ParNew: 16388K->4K(18432K), 0.0022282 secs] 416612K->400228K(617208K), 0.0022737 secs] [Times: user=0.00 sys=0.00, real=0.00 secs] 
2020-10-28T10:43:07.396+0000: [GC (Allocation Failure) 2020-10-28T10:43:07.396+0000: [ParNew: 16388K->4K(18432K), 0.0022668 secs] 416612K->400228K(617208K), 0.0023142 secs] [Times: user=0.00 sys=0.00, real=0.01 secs] 
2020-10-28T10:43:07.413+0000: [GC (Allocation Failure) 2020-10-28T10:43:07.413+0000: [ParNew: 16388K->4K(18432K), 0.0023153 secs] 416612K->400228K(617208K), 0.0023657 secs] [Times: user=0.00 sys=0.00, real=0.00 secs] 
2020-10-28T10:43:07.434+0000: [GC (Allocation Failure) 2020-10-28T10:43:07.434+0000: [ParNew: 16388K->4K(18432K), 0.0022978 secs] 416612K->400228K(617208K), 0.0023485 secs] [Times: user=0.00 sys=0.00, real=0.00 secs] 
2020-10-28T10:43:07.454+0000: [GC (Allocation Failure) 2020-10-28T10:43:07.454+0000: [ParNew: 16388K->4K(18432K), 0.0023508 secs] 416612K->400228K(617208K), 0.0024040 secs] [Times: user=0.00 sys=0.00, real=0.00 secs] 
2020-10-28T10:43:07.474+0000: [GC (Allocation Failure) 2020-10-28T10:43:07.474+0000: [ParNew: 16388K->4K(18432K), 0.0023137 secs] 416612K->400228K(617208K), 0.0023645 secs] [Times: user=0.00 sys=0.00, real=0.00 secs] 
2020-10-28T10:43:07.494+0000: [GC (Allocation Failure) 2020-10-28T10:43:07.494+0000: [ParNew: 16388K->4K(18432K), 0.0024395 secs] 416612K->400228K(617208K), 0.0024938 secs] [Times: user=0.00 sys=0.00, real=0.00 secs] 
2020-10-28T10:43:07.514+0000: [GC (Allocation Failure) 2020-10-28T10:43:07.514+0000: [ParNew: 16388K->4K(18432K), 0.0023063 secs] 416612K->400228K(617208K), 0.0023561 secs] [Times: user=0.00 sys=0.00, real=0.00 secs] 
2020-10-28T10:43:07.534+0000: [GC (Allocation Failure) 2020-10-28T10:43:07.534+0000: [ParNew: 16388K->4K(18432K), 0.0022799 secs] 416612K->400228K(617208K), 0.0023314 secs] [Times: user=0.01 sys=0.00, real=0.00 secs] 
2020-10-28T10:43:07.550+0000: [GC (Allocation Failure) 2020-10-28T10:43:07.550+0000: [ParNew: 14885K->4K(18432K), 0.0022585 secs] 415109K->400228K(617208K), 0.0023091 secs] [Times: user=0.00 sys=0.00, real=0.00 secs] 
2020-10-28T10:43:07.562+0000: [GC (Allocation Failure) 2020-10-28T10:43:07.562+0000: [ParNew: 16388K->4K(18432K), 0.0075440 secs] 416612K->408420K(617208K), 0.0075896 secs] [Times: user=0.01 sys=0.00, real=0.00 secs] 
2020-10-28T10:43:07.590+0000: [GC (Allocation Failure) 2020-10-28T10:43:07.590+0000: [ParNew: 16388K->4K(18432K), 0.0022946 secs] 424804K->408420K(617208K), 0.0023429 secs] [Times: user=0.01 sys=0.00, real=0.00 secs] 
2020-10-28T10:43:07.610+0000: [GC (Allocation Failure) 2020-10-28T10:43:07.610+0000: [ParNew: 16388K->4K(18432K), 0.0023538 secs] 424804K->408420K(617208K), 0.0024039 secs] [Times: user=0.00 sys=0.00, real=0.00 secs] 
2020-10-28T10:43:07.630+0000: [GC (Allocation Failure) 2020-10-28T10:43:07.630+0000: [ParNew: 16388K->4K(18432K), 0.0022762 secs] 424804K->408420K(617208K), 0.0023255 secs] [Times: user=0.00 sys=0.00, real=0.00 secs] 
2020-10-28T10:43:07.650+0000: [GC (Allocation Failure) 2020-10-28T10:43:07.650+0000: [ParNew: 16388K->4K(18432K), 0.0022828 secs] 424804K->408420K(617208K), 0.0023326 secs] [Times: user=0.01 sys=0.00, real=0.00 secs] 
2020-10-28T10:43:07.667+0000: [GC (Allocation Failure) 2020-10-28T10:43:07.667+0000: [ParNew: 16388K->4K(18432K), 0.0022454 secs] 424804K->408420K(617208K), 0.0023096 secs] [Times: user=0.00 sys=0.00, real=0.00 secs] 
2020-10-28T10:43:07.677+0000: [GC (Allocation Failure) 2020-10-28T10:43:07.677+0000: [ParNew: 16388K->4K(18432K), 0.0078725 secs] 424804K->416612K(617208K), 0.0079214 secs] [Times: user=0.01 sys=0.00, real=0.01 secs] 
2020-10-28T10:43:07.700+0000: [GC (Allocation Failure) 2020-10-28T10:43:07.700+0000: [ParNew: 16388K->4K(18432K), 0.0023443 secs] 432996K->416612K(617208K), 0.0023934 secs] [Times: user=0.00 sys=0.00, real=0.00 secs] 
2020-10-28T10:43:07.717+0000: [GC (Allocation Failure) 2020-10-28T10:43:07.717+0000: [ParNew: 16388K->4K(18432K), 0.0023543 secs] 432996K->416612K(617208K), 0.0024054 secs] [Times: user=0.01 sys=0.00, real=0.01 secs] 
2020-10-28T10:43:07.738+0000: [GC (Allocation Failure) 2020-10-28T10:43:07.738+0000: [ParNew: 16388K->4K(18432K), 0.0023206 secs] 432996K->416612K(617208K), 0.0023718 secs] [Times: user=0.00 sys=0.00, real=0.00 secs] 
2020-10-28T10:43:07.755+0000: [GC (Allocation Failure) 2020-10-28T10:43:07.755+0000: [ParNew: 16388K->4K(18432K), 0.0021992 secs] 432996K->416612K(617208K), 0.0022437 secs] [Times: user=0.00 sys=0.00, real=0.00 secs] 
2020-10-28T10:43:07.772+0000: [GC (Allocation Failure) 2020-10-28T10:43:07.772+0000: [ParNew: 16388K->4K(18432K), 0.0021371 secs] 432996K->416612K(617208K), 0.0021832 secs] [Times: user=0.01 sys=0.00, real=0.00 secs] 
2020-10-28T10:43:07.790+0000: [GC (Allocation Failure) 2020-10-28T10:43:07.790+0000: [ParNew: 16388K->4K(18432K), 0.0022374 secs] 432996K->416612K(617208K), 0.0022930 secs] [Times: user=0.01 sys=0.00, real=0.00 secs] 
2020-10-28T10:43:07.807+0000: [GC (Allocation Failure) 2020-10-28T10:43:07.807+0000: [ParNew: 16388K->4K(18432K), 0.0022965 secs] 432996K->416612K(617208K), 0.0023483 secs] [Times: user=0.00 sys=0.00, real=0.00 secs] 
2020-10-28T10:43:07.826+0000: [GC (Allocation Failure) 2020-10-28T10:43:07.826+0000: [ParNew: 16388K->4K(18432K), 0.0022623 secs] 432996K->416612K(617208K), 0.0023120 secs] [Times: user=0.01 sys=0.00, real=0.00 secs] 
2020-10-28T10:43:07.843+0000: [GC (Allocation Failure) 2020-10-28T10:43:07.843+0000: [ParNew: 16388K->4K(18432K), 0.0022553 secs] 432996K->416612K(617208K), 0.0023032 secs] [Times: user=0.01 sys=0.00, real=0.00 secs] 
2020-10-28T10:43:07.862+0000: [GC (Allocation Failure) 2020-10-28T10:43:07.862+0000: [ParNew: 16388K->4K(18432K), 0.0023252 secs] 432996K->416612K(617208K), 0.0023827 secs] [Times: user=0.00 sys=0.00, real=0.00 secs] 
2020-10-28T10:43:07.882+0000: [GC (Allocation Failure) 2020-10-28T10:43:07.882+0000: [ParNew: 16388K->4K(18432K), 0.0023098 secs] 432996K->416612K(617208K), 0.0023605 secs] [Times: user=0.01 sys=0.00, real=0.00 secs] 
2020-10-28T10:43:07.899+0000: [GC (Allocation Failure) 2020-10-28T10:43:07.899+0000: [ParNew: 16388K->4K(18432K), 0.0022429 secs] 432996K->416612K(617208K), 0.0022928 secs] [Times: user=0.00 sys=0.00, real=0.00 secs] 
2020-10-28T10:43:07.916+0000: [GC (Allocation Failure) 2020-10-28T10:43:07.916+0000: [ParNew: 16388K->4K(18432K), 0.0024763 secs] 432996K->416612K(617208K), 0.0025448 secs] [Times: user=0.00 sys=0.00, real=0.01 secs] 
2020-10-28T10:43:07.934+0000: [GC (Allocation Failure) 2020-10-28T10:43:07.934+0000: [ParNew: 16388K->4K(18432K), 0.0022996 secs] 432996K->416612K(617208K), 0.0023506 secs] [Times: user=0.01 sys=0.00, real=0.00 secs] 
2020-10-28T10:43:07.954+0000: [GC (Allocation Failure) 2020-10-28T10:43:07.954+0000: [ParNew: 16388K->4K(18432K), 0.0022609 secs] 432996K->416612K(617208K), 0.0023119 secs] [Times: user=0.00 sys=0.00, real=0.00 secs] 
2020-10-28T10:43:07.971+0000: [GC (Allocation Failure) 2020-10-28T10:43:07.971+0000: [ParNew: 16388K->4K(18432K), 0.0022788 secs] 432996K->416612K(617208K), 0.0023299 secs] [Times: user=0.00 sys=0.00, real=0.00 secs] 
2020-10-28T10:43:07.990+0000: [GC (Allocation Failure) 2020-10-28T10:43:07.990+0000: [ParNew: 16388K->4K(18432K), 0.0023563 secs] 432996K->416612K(617208K), 0.0024061 secs] [Times: user=0.00 sys=0.00, real=0.00 secs] 
2020-10-28T10:43:08.010+0000: [GC (Allocation Failure) 2020-10-28T10:43:08.010+0000: [ParNew: 16388K->4K(18432K), 0.0022650 secs] 432996K->416612K(617208K), 0.0023159 secs] [Times: user=0.01 sys=0.00, real=0.00 secs] 
2020-10-28T10:43:08.027+0000: [GC (Allocation Failure) 2020-10-28T10:43:08.027+0000: [ParNew: 16388K->4K(18432K), 0.0023344 secs] 432996K->416612K(617208K), 0.0023842 secs] [Times: user=0.00 sys=0.00, real=0.00 secs] 
2020-10-28T10:43:08.041+0000: [GC (Allocation Failure) 2020-10-28T10:43:08.041+0000: [ParNew: 16388K->4K(18432K), 0.0136424 secs] 432996K->424804K(617208K), 0.0136958 secs] [Times: user=0.02 sys=0.01, real=0.01 secs] 
2020-10-28T10:43:08.063+0000: [GC (CMS Initial Mark) [1 CMS-initial-mark: 424800K(598776K)] 432144K(617208K), 0.0052238 secs] [Times: user=0.01 sys=0.00, real=0.00 secs] 
2020-10-28T10:43:08.068+0000: [CMS-concurrent-mark-start]
2020-10-28T10:43:08.086+0000: [GC (Allocation Failure) 2020-10-28T10:43:08.086+0000: [ParNew: 16388K->4K(18432K), 0.0022367 secs] 441188K->424804K(617208K), 0.0022876 secs] [Times: user=0.00 sys=0.00, real=0.00 secs] 
2020-10-28T10:43:08.110+0000: [GC (Allocation Failure) 2020-10-28T10:43:08.110+0000: [ParNew: 16388K->4K(18432K), 0.0022588 secs] 441188K->424804K(617208K), 0.0023294 secs] [Times: user=0.00 sys=0.00, real=0.00 secs] 
2020-10-28T10:43:08.130+0000: [GC (Allocation Failure) 2020-10-28T10:43:08.130+0000: [ParNew: 16388K->4K(18432K), 0.0022957 secs] 441188K->424804K(617208K), 0.0023495 secs] [Times: user=0.01 sys=0.00, real=0.00 secs] 
2020-10-28T10:43:08.149+0000: [CMS-concurrent-mark: 0.070/0.081 secs] [Times: user=0.15 sys=0.00, real=0.08 secs] 
2020-10-28T10:43:08.149+0000: [CMS-concurrent-preclean-start]
2020-10-28T10:43:08.152+0000: [CMS-concurrent-preclean: 0.002/0.002 secs] [Times: user=0.01 sys=0.00, real=0.01 secs] 
2020-10-28T10:43:08.152+0000: [CMS-concurrent-abortable-preclean-start]
2020-10-28T10:43:08.153+0000: [GC (Allocation Failure) 2020-10-28T10:43:08.153+0000: [ParNew: 16388K->4K(18432K), 0.0019440 secs] 441188K->424804K(617208K), 0.0019833 secs] [Times: user=0.00 sys=0.00, real=0.00 secs] 
2020-10-28T10:43:08.167+0000: [GC (Allocation Failure) 2020-10-28T10:43:08.167+0000: [ParNew: 9466K->4K(18432K), 0.0020203 secs] 434267K->424804K(617208K), 0.0020774 secs] [Times: user=0.01 sys=0.00, real=0.00 secs] 
2020-10-28T10:43:08.169+0000: [CMS-concurrent-abortable-preclean: 0.003/0.018 secs] [Times: user=0.03 sys=0.01, real=0.01 secs] 
2020-10-28T10:43:08.178+0000: [GC (CMS Final Remark) [YG occupancy: 13795 K (18432 K)]2020-10-28T10:43:08.178+0000: [Rescan (parallel) , 0.0048022 secs]2020-10-28T10:43:08.182+0000: [weak refs processing, 0.0000291 secs]2020-10-28T10:43:08.183+0000: [class unloading, 0.0077560 secs]2020-10-28T10:43:08.190+0000: [scrub symbol table, 0.0087228 secs]2020-10-28T10:43:08.199+0000: [scrub string table, 0.0005603 secs][1 CMS-remark: 424800K(598776K)] 438596K(617208K), 0.0219778 secs] [Times: user=0.02 sys=0.00, real=0.02 secs] 
2020-10-28T10:43:08.202+0000: [CMS-concurrent-sweep-start]
2020-10-28T10:43:08.203+0000: [GC (Allocation Failure) 2020-10-28T10:43:08.203+0000: [ParNew: 16388K->4K(18432K), 0.0076661 secs] 441188K->432996K(617208K), 0.0077062 secs] [Times: user=0.01 sys=0.01, real=0.01 secs] 
2020-10-28T10:43:08.230+0000: [GC (Allocation Failure) 2020-10-28T10:43:08.230+0000: [ParNew: 16388K->4K(18432K), 0.0023309 secs] 449380K->432996K(617208K), 0.0023846 secs] [Times: user=0.00 sys=0.00, real=0.00 secs] 
2020-10-28T10:43:08.233+0000: [CMS-concurrent-sweep: 0.020/0.030 secs] [Times: user=0.05 sys=0.01, real=0.03 secs] 
2020-10-28T10:43:08.233+0000: [CMS-concurrent-reset-start]
2020-10-28T10:43:08.235+0000: [CMS-concurrent-reset: 0.002/0.002 secs] [Times: user=0.00 sys=0.00, real=0.00 secs] 
2020-10-28T10:43:08.250+0000: [GC (Allocation Failure) 2020-10-28T10:43:08.250+0000: [ParNew: 16388K->4K(18432K), 0.0025229 secs] 416612K->400228K(685476K), 0.0025748 secs] [Times: user=0.01 sys=0.00, real=0.00 secs] 
2020-10-28T10:43:08.270+0000: [GC (Allocation Failure) 2020-10-28T10:43:08.270+0000: [ParNew: 16388K->4K(18432K), 0.0025000 secs] 416612K->400228K(685476K), 0.0025529 secs] [Times: user=0.00 sys=0.00, real=0.00 secs] 
2020-10-28T10:43:08.290+0000: [GC (Allocation Failure) 2020-10-28T10:43:08.290+0000: [ParNew: 16388K->4K(18432K), 0.0024502 secs] 416612K->400228K(685476K), 0.0024974 secs] [Times: user=0.01 sys=0.00, real=0.00 secs] 
2020-10-28T10:43:08.307+0000: [GC (Allocation Failure) 2020-10-28T10:43:08.307+0000: [ParNew: 16388K->4K(18432K), 0.0025243 secs] 416612K->400228K(685476K), 0.0025772 secs] [Times: user=0.00 sys=0.00, real=0.00 secs] 
2020-10-28T10:43:08.324+0000: [GC (Allocation Failure) 2020-10-28T10:43:08.324+0000: [ParNew: 16388K->4K(18432K), 0.0024511 secs] 416612K->400228K(685476K), 0.0025033 secs] [Times: user=0.01 sys=0.00, real=0.00 secs] 
2020-10-28T10:43:08.345+0000: [GC (Allocation Failure) 2020-10-28T10:43:08.345+0000: [ParNew: 16388K->4K(18432K), 0.0024443 secs] 416612K->400228K(685476K), 0.0024948 secs] [Times: user=0.01 sys=0.00, real=0.00 secs] 
2020-10-28T10:43:08.364+0000: [GC (Allocation Failure) 2020-10-28T10:43:08.364+0000: [ParNew: 16388K->4K(18432K), 0.0025193 secs] 416612K->400228K(685476K), 0.0025725 secs] [Times: user=0.00 sys=0.00, real=0.00 secs] 
2020-10-28T10:43:08.387+0000: [GC (Allocation Failure) 2020-10-28T10:43:08.387+0000: [ParNew: 16388K->4K(18432K), 0.0025233 secs] 416612K->400228K(685476K), 0.0025784 secs] [Times: user=0.00 sys=0.00, real=0.01 secs] 
2020-10-28T10:43:08.406+0000: [GC (Allocation Failure) 2020-10-28T10:43:08.406+0000: [ParNew: 16388K->4K(18432K), 0.0025921 secs] 416612K->400228K(685476K), 0.0026463 secs] [Times: user=0.00 sys=0.00, real=0.00 secs] 
2020-10-28T10:43:08.423+0000: [GC (Allocation Failure) 2020-10-28T10:43:08.423+0000: [ParNew: 16388K->4K(18432K), 0.0026062 secs] 416612K->400228K(685476K), 0.0026631 secs] [Times: user=0.01 sys=0.00, real=0.00 secs] 
2020-10-28T10:43:08.441+0000: [GC (Allocation Failure) 2020-10-28T10:43:08.441+0000: [ParNew: 16388K->4K(18432K), 0.0025708 secs] 416612K->400228K(685476K), 0.0026343 secs] [Times: user=0.01 sys=0.00, real=0.00 secs] 
2020-10-28T10:43:08.458+0000: [GC (Allocation Failure) 2020-10-28T10:43:08.458+0000: [ParNew: 16388K->4K(18432K), 0.0025657 secs] 416612K->400228K(685476K), 0.0026203 secs] [Times: user=0.00 sys=0.00, real=0.00 secs] 
2020-10-28T10:43:08.476+0000: [GC (Allocation Failure) 2020-10-28T10:43:08.476+0000: [ParNew: 16388K->4K(18432K), 0.0025600 secs] 416612K->400228K(685476K), 0.0026130 secs] [Times: user=0.00 sys=0.00, real=0.01 secs] 
2020-10-28T10:43:08.494+0000: [GC (Allocation Failure) 2020-10-28T10:43:08.494+0000: [ParNew: 16388K->4K(18432K), 0.0025117 secs] 416612K->400228K(685476K), 0.0025658 secs] [Times: user=0.01 sys=0.00, real=0.00 secs] 
2020-10-28T10:43:08.514+0000: [GC (Allocation Failure) 2020-10-28T10:43:08.514+0000: [ParNew: 16388K->4K(18432K), 0.0025271 secs] 416612K->400228K(685476K), 0.0025805 secs] [Times: user=0.01 sys=0.00, real=0.00 secs] 
2020-10-28T10:43:08.534+0000: [GC (Allocation Failure) 2020-10-28T10:43:08.534+0000: [ParNew: 16388K->4K(18432K), 0.0025507 secs] 416612K->400228K(685476K), 0.0026070 secs] [Times: user=0.00 sys=0.00, real=0.00 secs] 
2020-10-28T10:43:08.551+0000: [GC (Allocation Failure) 2020-10-28T10:43:08.551+0000: [ParNew: 16388K->4K(18432K), 0.0025649 secs] 416612K->400228K(685476K), 0.0026207 secs] [Times: user=0.00 sys=0.00, real=0.00 secs] 
2020-10-28T10:43:08.570+0000: [GC (Allocation Failure) 2020-10-28T10:43:08.570+0000: [ParNew: 16388K->4K(18432K), 0.0025361 secs] 416612K->400228K(685476K), 0.0025892 secs] [Times: user=0.01 sys=0.00, real=0.00 secs] 
2020-10-28T10:43:08.590+0000: [GC (Allocation Failure) 2020-10-28T10:43:08.590+0000: [ParNew: 16388K->4K(18432K), 0.0024966 secs] 416612K->400228K(685476K), 0.0025515 secs] [Times: user=0.00 sys=0.00, real=0.00 secs] 
2020-10-28T10:43:08.601+0000: [GC (Allocation Failure) 2020-10-28T10:43:08.601+0000: [ParNew: 16388K->4K(18432K), 0.0033316 secs] 416612K->408420K(685476K), 0.0033815 secs] [Times: user=0.00 sys=0.00, real=0.00 secs] 
2020-10-28T10:43:08.622+0000: [GC (Allocation Failure) 2020-10-28T10:43:08.622+0000: [ParNew: 16388K->4K(18432K), 0.0024792 secs] 424804K->408420K(685476K), 0.0025309 secs] [Times: user=0.01 sys=0.00, real=0.00 secs] 
2020-10-28T10:43:08.642+0000: [GC (Allocation Failure) 2020-10-28T10:43:08.642+0000: [ParNew: 16388K->4K(18432K), 0.0023905 secs] 424804K->408420K(685476K), 0.0024358 secs] [Times: user=0.00 sys=0.00, real=0.00 secs] 
2020-10-28T10:43:08.659+0000: [GC (Allocation Failure) 2020-10-28T10:43:08.659+0000: [ParNew: 16388K->4K(18432K), 0.0025167 secs] 424804K->408420K(685476K), 0.0025693 secs] [Times: user=0.00 sys=0.00, real=0.00 secs] 
2020-10-28T10:43:08.676+0000: [GC (Allocation Failure) 2020-10-28T10:43:08.676+0000: [ParNew: 16388K->4K(18432K), 0.0026455 secs] 424804K->408420K(685476K), 0.0027057 secs] [Times: user=0.01 sys=0.00, real=0.01 secs] 
2020-10-28T10:43:08.690+0000: [GC (Allocation Failure) 2020-10-28T10:43:08.690+0000: [ParNew: 16388K->4K(18432K), 0.0033032 secs] 424804K->416612K(685476K), 0.0033536 secs] [Times: user=0.01 sys=0.00, real=0.00 secs] 
2020-10-28T10:43:08.708+0000: [GC (Allocation Failure) 2020-10-28T10:43:08.708+0000: [ParNew: 16388K->4K(18432K), 0.0024154 secs] 432996K->416612K(685476K), 0.0024617 secs] [Times: user=0.00 sys=0.00, real=0.01 secs] 
2020-10-28T10:43:08.725+0000: [GC (Allocation Failure) 2020-10-28T10:43:08.725+0000: [ParNew: 16388K->4K(18432K), 0.0023475 secs] 432996K->416612K(685476K), 0.0023937 secs] [Times: user=0.00 sys=0.00, real=0.00 secs] 
2020-10-28T10:43:08.746+0000: [GC (Allocation Failure) 2020-10-28T10:43:08.746+0000: [ParNew: 16388K->4K(18432K), 0.0023858 secs] 432996K->416612K(685476K), 0.0024419 secs] [Times: user=0.00 sys=0.00, real=0.00 secs] 
2020-10-28T10:43:08.763+0000: [GC (Allocation Failure) 2020-10-28T10:43:08.763+0000: [ParNew: 16388K->4K(18432K), 0.0023999 secs] 432996K->416612K(685476K), 0.0024495 secs] [Times: user=0.00 sys=0.00, real=0.00 secs] 
2020-10-28T10:43:08.782+0000: [GC (Allocation Failure) 2020-10-28T10:43:08.782+0000: [ParNew: 16388K->4K(18432K), 0.0024343 secs] 432996K->416612K(685476K), 0.0024839 secs] [Times: user=0.01 sys=0.00, real=0.00 secs] 
2020-10-28T10:43:08.804+0000: [GC (Allocation Failure) 2020-10-28T10:43:08.804+0000: [ParNew: 16388K->4K(18432K), 0.0025337 secs] 432996K->416612K(685476K), 0.0025895 secs] [Times: user=0.00 sys=0.00, real=0.00 secs] 
2020-10-28T10:43:08.821+0000: [GC (Allocation Failure) 2020-10-28T10:43:08.821+0000: [ParNew: 16388K->4K(18432K), 0.0024316 secs] 432996K->416612K(685476K), 0.0024809 secs] [Times: user=0.01 sys=0.00, real=0.00 secs] 
2020-10-28T10:43:08.842+0000: [GC (Allocation Failure) 2020-10-28T10:43:08.842+0000: [ParNew: 16388K->4K(18432K), 0.0024818 secs] 432996K->416612K(685476K), 0.0025345 secs] [Times: user=0.00 sys=0.00, real=0.00 secs] 
2020-10-28T10:43:08.859+0000: [GC (Allocation Failure) 2020-10-28T10:43:08.859+0000: [ParNew: 16388K->4K(18432K), 0.0025222 secs] 432996K->416612K(685476K), 0.0025718 secs] [Times: user=0.00 sys=0.00, real=0.00 secs] 
2020-10-28T10:43:08.882+0000: [GC (Allocation Failure) 2020-10-28T10:43:08.882+0000: [ParNew: 16388K->4K(18432K), 0.0024413 secs] 432996K->416612K(685476K), 0.0024923 secs] [Times: user=0.00 sys=0.00, real=0.00 secs] 
2020-10-28T10:43:08.900+0000: [GC (Allocation Failure) 2020-10-28T10:43:08.900+0000: [ParNew: 16388K->4K(18432K), 0.0023895 secs] 432996K->416612K(685476K), 0.0024365 secs] [Times: user=0.00 sys=0.00, real=0.00 secs] 
2020-10-28T10:43:08.918+0000: [GC (Allocation Failure) 2020-10-28T10:43:08.918+0000: [ParNew: 16388K->4K(18432K), 0.0024728 secs] 432996K->416612K(685476K), 0.0025306 secs] [Times: user=0.00 sys=0.00, real=0.00 secs] 
2020-10-28T10:43:08.935+0000: [GC (Allocation Failure) 2020-10-28T10:43:08.935+0000: [ParNew: 16388K->4K(18432K), 0.0024884 secs] 432996K->416612K(685476K), 0.0025422 secs] [Times: user=0.00 sys=0.00, real=0.00 secs] 
2020-10-28T10:43:08.954+0000: [GC (Allocation Failure) 2020-10-28T10:43:08.954+0000: [ParNew: 16388K->4K(18432K), 0.0024655 secs] 432996K->416612K(685476K), 0.0025154 secs] [Times: user=0.00 sys=0.00, real=0.00 secs] 
2020-10-28T10:43:08.971+0000: [GC (Allocation Failure) 2020-10-28T10:43:08.971+0000: [ParNew: 16388K->4K(18432K), 0.0024282 secs] 432996K->416612K(685476K), 0.0024767 secs] [Times: user=0.00 sys=0.00, real=0.00 secs] 
2020-10-28T10:43:08.988+0000: [GC (Allocation Failure) 2020-10-28T10:43:08.988+0000: [ParNew: 16388K->4K(18432K), 0.0024798 secs] 432996K->416612K(685476K), 0.0025311 secs] [Times: user=0.00 sys=0.00, real=0.01 secs] 
2020-10-28T10:43:09.005+0000: [GC (Allocation Failure) 2020-10-28T10:43:09.005+0000: [ParNew: 16388K->4K(18432K), 0.0024206 secs] 432996K->416612K(685476K), 0.0024704 secs] [Times: user=0.01 sys=0.00, real=0.00 secs] 
2020-10-28T10:43:09.023+0000: [GC (Allocation Failure) 2020-10-28T10:43:09.023+0000: [ParNew: 16388K->4K(18432K), 0.0026702 secs] 432996K->416612K(685476K), 0.0027163 secs] [Times: user=0.00 sys=0.00, real=0.00 secs] 
2020-10-28T10:43:09.040+0000: [GC (Allocation Failure) 2020-10-28T10:43:09.040+0000: [ParNew: 16388K->4K(18432K), 0.0025668 secs] 432996K->416612K(685476K), 0.0026161 secs] [Times: user=0.00 sys=0.00, real=0.00 secs] 
2020-10-28T10:43:09.062+0000: [GC (Allocation Failure) 2020-10-28T10:43:09.062+0000: [ParNew: 16388K->4K(18432K), 0.0024591 secs] 432996K->416612K(685476K), 0.0025106 secs] [Times: user=0.01 sys=0.00, real=0.00 secs] 
2020-10-28T10:43:09.074+0000: [GC (Allocation Failure) 2020-10-28T10:43:09.074+0000: [ParNew: 16388K->4K(18432K), 0.0032875 secs] 432996K->424804K(685476K), 0.0033373 secs] [Times: user=0.00 sys=0.00, real=0.00 secs] 
2020-10-28T10:43:09.092+0000: [GC (Allocation Failure) 2020-10-28T10:43:09.092+0000: [ParNew: 16388K->4K(18432K), 0.0027398 secs] 441188K->424804K(685476K), 0.0028100 secs] [Times: user=0.01 sys=0.00, real=0.00 secs] 
2020-10-28T10:43:09.109+0000: [GC (Allocation Failure) 2020-10-28T10:43:09.109+0000: [ParNew: 16388K->4K(18432K), 0.0025024 secs] 441188K->424804K(685476K), 0.0025541 secs] [Times: user=0.00 sys=0.00, real=0.01 secs] 
2020-10-28T10:43:09.126+0000: [GC (Allocation Failure) 2020-10-28T10:43:09.127+0000: [ParNew: 16388K->4K(18432K), 0.0024859 secs] 441188K->424804K(685476K), 0.0025386 secs] [Times: user=0.00 sys=0.00, real=0.00 secs] 
2020-10-28T10:43:09.144+0000: [GC (Allocation Failure) 2020-10-28T10:43:09.144+0000: [ParNew: 16388K->4K(18432K), 0.0024773 secs] 441188K->424804K(685476K), 0.0025275 secs] [Times: user=0.01 sys=0.00, real=0.00 secs] 
2020-10-28T10:43:09.155+0000: [GC (Allocation Failure) 2020-10-28T10:43:09.155+0000: [ParNew: 9840K->4K(18432K), 0.0024101 secs] 434641K->424804K(685476K), 0.0024530 secs] [Times: user=0.00 sys=0.00, real=0.01 secs] 
2020-10-28T10:43:09.169+0000: [GC (Allocation Failure) 2020-10-28T10:43:09.169+0000: [ParNew: 16388K->4K(18432K), 0.0079756 secs] 441188K->432997K(685476K), 0.0080224 secs] [Times: user=0.02 sys=0.00, real=0.01 secs] 
2020-10-28T10:43:09.192+0000: [GC (Allocation Failure) 2020-10-28T10:43:09.192+0000: [ParNew: 16388K->4K(18432K), 0.0025949 secs] 449381K->432997K(685476K), 0.0026488 secs] [Times: user=0.01 sys=0.00, real=0.00 secs] 
2020-10-28T10:43:09.209+0000: [GC (Allocation Failure) 2020-10-28T10:43:09.210+0000: [ParNew: 16388K->4K(18432K), 0.0024920 secs] 449381K->432997K(685476K), 0.0025456 secs] [Times: user=0.01 sys=0.00, real=0.01 secs] 
2020-10-28T10:43:09.230+0000: [GC (Allocation Failure) 2020-10-28T10:43:09.230+0000: [ParNew: 16388K->4K(18432K), 0.0024946 secs] 449381K->432997K(685476K), 0.0025486 secs] [Times: user=0.00 sys=0.00, real=0.00 secs] 
2020-10-28T10:43:09.250+0000: [GC (Allocation Failure) 2020-10-28T10:43:09.250+0000: [ParNew: 16388K->4K(18432K), 0.0025017 secs] 449381K->432997K(685476K), 0.0025529 secs] [Times: user=0.00 sys=0.00, real=0.00 secs] 
2020-10-28T10:43:09.270+0000: [GC (Allocation Failure) 2020-10-28T10:43:09.270+0000: [ParNew: 16388K->4K(18432K), 0.0025406 secs] 449381K->432997K(685476K), 0.0025954 secs] [Times: user=0.01 sys=0.00, real=0.00 secs] 
2020-10-28T10:43:09.287+0000: [GC (Allocation Failure) 2020-10-28T10:43:09.287+0000: [ParNew: 16388K->4K(18432K), 0.0025529 secs] 449381K->432997K(685476K), 0.0026079 secs] [Times: user=0.01 sys=0.00, real=0.01 secs] 
2020-10-28T10:43:09.304+0000: [GC (Allocation Failure) 2020-10-28T10:43:09.304+0000: [ParNew: 16388K->4K(18432K), 0.0025292 secs] 449381K->432997K(685476K), 0.0025900 secs] [Times: user=0.00 sys=0.00, real=0.00 secs] 
2020-10-28T10:43:09.322+0000: [GC (Allocation Failure) 2020-10-28T10:43:09.322+0000: [ParNew: 16388K->4K(18432K), 0.0025209 secs] 449381K->432997K(685476K), 0.0025754 secs] [Times: user=0.00 sys=0.00, real=0.00 secs] 
2020-10-28T10:43:09.342+0000: [GC (Allocation Failure) 2020-10-28T10:43:09.342+0000: [ParNew: 16388K->4K(18432K), 0.0025058 secs] 449381K->432997K(685476K), 0.0025594 secs] [Times: user=0.01 sys=0.00, real=0.00 secs] 
2020-10-28T10:43:09.362+0000: [GC (Allocation Failure) 2020-10-28T10:43:09.362+0000: [ParNew: 16388K->4K(18432K), 0.0024166 secs] 449381K->432997K(685476K), 0.0024665 secs] [Times: user=0.00 sys=0.00, real=0.00 secs] 
2020-10-28T10:43:09.382+0000: [GC (Allocation Failure) 2020-10-28T10:43:09.382+0000: [ParNew: 16388K->4K(18432K), 0.0024750 secs] 449381K->432997K(685476K), 0.0025274 secs] [Times: user=0.01 sys=0.00, real=0.00 secs] 
2020-10-28T10:43:09.402+0000: [GC (Allocation Failure) 2020-10-28T10:43:09.402+0000: [ParNew: 16388K->4K(18432K), 0.0024850 secs] 449381K->432997K(685476K), 0.0025383 secs] [Times: user=0.00 sys=0.00, real=0.00 secs] 
2020-10-28T10:43:09.419+0000: [GC (Allocation Failure) 2020-10-28T10:43:09.419+0000: [ParNew: 16388K->4K(18432K), 0.0025176 secs] 449381K->432997K(685476K), 0.0025733 secs] [Times: user=0.01 sys=0.00, real=0.00 secs] 
2020-10-28T10:43:09.436+0000: [GC (Allocation Failure) 2020-10-28T10:43:09.436+0000: [ParNew: 16388K->4K(18432K), 0.0024425 secs] 449381K->432997K(685476K), 0.0024935 secs] [Times: user=0.00 sys=0.00, real=0.01 secs] 
2020-10-28T10:43:09.457+0000: [GC (Allocation Failure) 2020-10-28T10:43:09.457+0000: [ParNew: 16388K->4K(18432K), 0.0025002 secs] 449381K->432997K(685476K), 0.0025538 secs] [Times: user=0.01 sys=0.00, real=0.01 secs] 
2020-10-28T10:43:09.477+0000: [GC (Allocation Failure) 2020-10-28T10:43:09.478+0000: [ParNew: 16388K->4K(18432K), 0.0024509 secs] 449381K->432997K(685476K), 0.0025004 secs] [Times: user=0.00 sys=0.00, real=0.01 secs] 
2020-10-28T10:43:09.496+0000: [GC (Allocation Failure) 2020-10-28T10:43:09.496+0000: [ParNew: 16388K->4K(18432K), 0.0024576 secs] 449381K->432997K(685476K), 0.0025084 secs] [Times: user=0.01 sys=0.00, real=0.01 secs] 
2020-10-28T10:43:09.514+0000: [GC (Allocation Failure) 2020-10-28T10:43:09.514+0000: [ParNew: 16388K->4K(18432K), 0.0024807 secs] 449381K->432997K(685476K), 0.0025327 secs] [Times: user=0.01 sys=0.00, real=0.00 secs] 
2020-10-28T10:43:09.531+0000: [GC (Allocation Failure) 2020-10-28T10:43:09.531+0000: [ParNew: 16388K->4K(18432K), 0.0024251 secs] 449381K->432997K(685476K), 0.0024951 secs] [Times: user=0.00 sys=0.00, real=0.00 secs] 
2020-10-28T10:43:09.548+0000: [GC (Allocation Failure) 2020-10-28T10:43:09.548+0000: [ParNew: 16388K->4K(18432K), 0.0023978 secs] 449381K->432997K(685476K), 0.0024441 secs] [Times: user=0.01 sys=0.00, real=0.01 secs] 
2020-10-28T10:43:09.562+0000: [GC (Allocation Failure) 2020-10-28T10:43:09.562+0000: [ParNew: 16388K->4K(18432K), 0.0152195 secs] 449381K->441189K(685476K), 0.0152711 secs] [Times: user=0.02 sys=0.01, real=0.01 secs] 
2020-10-28T10:43:09.618+0000: [GC (Allocation Failure) 2020-10-28T10:43:09.618+0000: [ParNew: 16388K->6K(18432K), 0.0025785 secs] 457573K->441191K(685476K), 0.0026345 secs] [Times: user=0.00 sys=0.00, real=0.00 secs] 
2020-10-28T10:43:09.667+0000: [GC (Allocation Failure) 2020-10-28T10:43:09.667+0000: [ParNew: 16390K->6K(18432K), 0.0025793 secs] 457575K->441191K(685476K), 0.0026540 secs] [Times: user=0.01 sys=0.00, real=0.01 secs] 
2020-10-28T10:43:09.698+0000: [GC (Allocation Failure) 2020-10-28T10:43:09.698+0000: [ParNew: 8843K->6K(18432K), 0.0025963 secs] 450028K->441191K(685476K), 0.0026696 secs] [Times: user=0.00 sys=0.00, real=0.00 secs] 
2020-10-28T10:43:09.730+0000: [GC (Allocation Failure) 2020-10-28T10:43:09.730+0000: [ParNew: 16390K->4K(18432K), 0.0082538 secs] 457575K->449381K(685476K), 0.0083094 secs] [Times: user=0.01 sys=0.01, real=0.01 secs] 
2020-10-28T10:43:09.786+0000: [GC (Allocation Failure) 2020-10-28T10:43:09.786+0000: [ParNew: 16388K->6K(18432K), 0.0041664 secs] 465765K->449383K(685476K), 0.0042337 secs] [Times: user=0.00 sys=0.00, real=0.01 secs] 
2020-10-28T10:43:09.836+0000: [GC (Allocation Failure) 2020-10-28T10:43:09.836+0000: [ParNew: 16390K->6K(18432K), 0.0025484 secs] 465767K->449383K(685476K), 0.0026034 secs] [Times: user=0.00 sys=0.00, real=0.01 secs] 
2020-10-28T10:43:09.873+0000: [GC (Allocation Failure) 2020-10-28T10:43:09.873+0000: [ParNew: 16390K->4K(18432K), 0.0025439 secs] 465767K->449383K(685476K), 0.0025992 secs] [Times: user=0.00 sys=0.00, real=0.00 secs] 
2020-10-28T10:43:09.905+0000: [GC (Allocation Failure) 2020-10-28T10:43:09.905+0000: [ParNew: 16388K->4K(18432K), 0.0032364 secs] 465767K->449383K(685476K), 0.0032928 secs] [Times: user=0.01 sys=0.00, real=0.00 secs] 
2020-10-28T10:43:09.941+0000: [GC (Allocation Failure) 2020-10-28T10:43:09.941+0000: [ParNew: 16388K->4K(18432K), 0.0025174 secs] 465767K->449383K(685476K), 0.0025728 secs] [Times: user=0.01 sys=0.00, real=0.00 secs] 
2020-10-28T10:43:09.972+0000: [GC (Allocation Failure) 2020-10-28T10:43:09.972+0000: [ParNew: 16388K->4K(18432K), 0.0025244 secs] 465767K->449383K(685476K), 0.0025856 secs] [Times: user=0.00 sys=0.00, real=0.00 secs] 
2020-10-28T10:43:10.005+0000: [GC (Allocation Failure) 2020-10-28T10:43:10.005+0000: [ParNew: 16388K->4K(18432K), 0.0025193 secs] 465767K->449383K(685476K), 0.0025826 secs] [Times: user=0.00 sys=0.00, real=0.00 secs] 
2020-10-28T10:43:10.035+0000: [GC (Allocation Failure) 2020-10-28T10:43:10.035+0000: [ParNew: 16388K->4K(18432K), 0.0026059 secs] 465767K->449383K(685476K), 0.0026587 secs] [Times: user=0.00 sys=0.00, real=0.01 secs] 
2020-10-28T10:43:10.070+0000: [GC (Allocation Failure) 2020-10-28T10:43:10.070+0000: [ParNew: 16388K->4K(18432K), 0.0024953 secs] 465767K->449383K(685476K), 0.0025495 secs] [Times: user=0.01 sys=0.00, real=0.00 secs] 
2020-10-28T10:43:10.730+0000: [GC (Allocation Failure) 2020-10-28T10:43:10.730+0000: [ParNew: 16388K->4K(18432K), 0.0025256 secs] 465767K->449383K(685476K), 0.0025828 secs] [Times: user=0.01 sys=0.00, real=0.00 secs] 
2020-10-28T10:43:10.937+0000: [GC (Allocation Failure) 2020-10-28T10:43:10.937+0000: [ParNew: 16388K->142K(18432K), 0.0026511 secs] 465767K->449522K(685476K), 0.0027134 secs] [Times: user=0.01 sys=0.00, real=0.01 secs] 
2020-10-28T10:43:11.026+0000: [GC (Allocation Failure) 2020-10-28T10:43:11.026+0000: [ParNew: 16526K->18K(18432K), 0.0025458 secs] 465906K->449398K(685476K), 0.0025951 secs] [Times: user=0.00 sys=0.00, real=0.00 secs] 
2020-10-28T10:43:11.103+0000: [GC (Allocation Failure) 2020-10-28T10:43:11.103+0000: [ParNew: 16402K->20K(18432K), 0.0025548 secs] 465782K->449399K(685476K), 0.0026113 secs] [Times: user=0.01 sys=0.00, real=0.00 secs] 
2020-10-28T10:43:11.161+0000: [GC (Allocation Failure) 2020-10-28T10:43:11.161+0000: [ParNew: 16404K->20K(18432K), 0.0082705 secs] 465783K->449400K(685476K), 0.0083465 secs] [Times: user=0.01 sys=0.00, real=0.00 secs] 
2020-10-28T10:43:11.272+0000: [GC (Allocation Failure) 2020-10-28T10:43:11.272+0000: [ParNew: 16404K->20K(18432K), 0.0044222 secs] 465784K->449400K(685476K), 0.0044925 secs] [Times: user=0.01 sys=0.00, real=0.00 secs] 
2020-10-28T10:43:11.391+0000: [GC (Allocation Failure) 2020-10-28T10:43:11.391+0000: [ParNew: 16404K->13K(18432K), 0.0026823 secs] 465784K->449394K(685476K), 0.0027585 secs] [Times: user=0.01 sys=0.00, real=0.00 secs] 
2020-10-28T10:43:11.469+0000: [GC (Allocation Failure) 2020-10-28T10:43:11.469+0000: [ParNew: 16397K->13K(18432K), 0.0026066 secs] 465778K->449407K(685476K), 0.0026788 secs] [Times: user=0.01 sys=0.00, real=0.01 secs] 
2020-10-28T10:43:11.521+0000: [GC (Allocation Failure) 2020-10-28T10:43:11.521+0000: [ParNew: 16397K->4K(18432K), 0.0025562 secs] 465791K->449397K(685476K), 0.0026421 secs] [Times: user=0.01 sys=0.00, real=0.00 secs] 
2020-10-28T10:43:11.584+0000: [GC (Allocation Failure) 2020-10-28T10:43:11.584+0000: [ParNew: 16388K->4K(18432K), 0.0026278 secs] 465781K->449397K(685476K), 0.0027009 secs] [Times: user=0.00 sys=0.00, real=0.00 secs] 
2020-10-28T10:43:11.646+0000: [GC (Allocation Failure) 2020-10-28T10:43:11.646+0000: [ParNew: 16388K->4K(18432K), 0.0025829 secs] 465781K->449397K(685476K), 0.0026552 secs] [Times: user=0.01 sys=0.00, real=0.00 secs] 
2020-10-28T10:43:11.684+0000: [GC (Allocation Failure) 2020-10-28T10:43:11.684+0000: [ParNew: 16388K->4K(18432K), 0.0025180 secs] 465781K->449397K(685476K), 0.0025949 secs] [Times: user=0.00 sys=0.00, real=0.00 secs] 
2020-10-28T10:43:11.751+0000: [GC (Allocation Failure) 2020-10-28T10:43:11.751+0000: [ParNew: 16388K->4K(18432K), 0.0024877 secs] 465781K->449398K(685476K), 0.0025595 secs] [Times: user=0.01 sys=0.00, real=0.00 secs] 
2020-10-28T10:43:11.810+0000: [GC (Allocation Failure) 2020-10-28T10:43:11.810+0000: [ParNew: 16388K->4K(18432K), 0.0024899 secs] 465782K->449398K(685476K), 0.0025479 secs] [Times: user=0.01 sys=0.00, real=0.00 secs] 
2020-10-28T10:43:11.837+0000: [GC (Allocation Failure) 2020-10-28T10:43:11.837+0000: [ParNew: 16388K->4K(18432K), 0.0024686 secs] 465782K->449398K(685476K), 0.0025225 secs] [Times: user=0.00 sys=0.00, real=0.01 secs] 
2020-10-28T10:43:11.864+0000: [GC (Allocation Failure) 2020-10-28T10:43:11.864+0000: [ParNew: 16388K->4K(18432K), 0.0025276 secs] 465782K->449398K(685476K), 0.0025816 secs] [Times: user=0.01 sys=0.00, real=0.00 secs] 
2020-10-28T10:43:11.883+0000: [GC (Allocation Failure) 2020-10-28T10:43:11.883+0000: [ParNew: 16388K->4K(18432K), 0.0024851 secs] 465782K->449398K(685476K), 0.0025393 secs] [Times: user=0.00 sys=0.00, real=0.00 secs] 
2020-10-28T10:43:11.902+0000: [GC (Allocation Failure) 2020-10-28T10:43:11.902+0000: [ParNew: 16388K->4K(18432K), 0.0024375 secs] 465782K->449398K(685476K), 0.0024898 secs] [Times: user=0.00 sys=0.00, real=0.00 secs] 
2020-10-28T10:43:11.927+0000: [GC (Allocation Failure) 2020-10-28T10:43:11.927+0000: [ParNew: 16388K->2K(18432K), 0.0024314 secs] 465782K->449396K(685476K), 0.0024990 secs] [Times: user=0.01 sys=0.00, real=0.00 secs] 
2020-10-28T10:43:11.950+0000: [GC (Allocation Failure) 2020-10-28T10:43:11.950+0000: [ParNew: 16386K->4K(18432K), 0.0024076 secs] 465780K->449398K(685476K), 0.0024864 secs] [Times: user=0.00 sys=0.00, real=0.01 secs] 
2020-10-28T10:43:11.973+0000: [GC (Allocation Failure) 2020-10-28T10:43:11.973+0000: [ParNew: 16388K->2K(18432K), 0.0024654 secs] 465782K->449396K(685476K), 0.0025197 secs] [Times: user=0.01 sys=0.00, real=0.00 secs] 
2020-10-28T10:43:11.993+0000: [GC (Allocation Failure) 2020-10-28T10:43:11.993+0000: [ParNew: 16386K->2K(18432K), 0.0042305 secs] 465780K->449396K(685476K), 0.0042941 secs] [Times: user=0.00 sys=0.00, real=0.01 secs] 
2020-10-28T10:43:12.016+0000: [GC (Allocation Failure) 2020-10-28T10:43:12.016+0000: [ParNew: 16386K->4K(18432K), 0.0024586 secs] 465780K->449398K(685476K), 0.0025121 secs] [Times: user=0.00 sys=0.00, real=0.01 secs] 
2020-10-28T10:43:12.034+0000: [GC (Allocation Failure) 2020-10-28T10:43:12.034+0000: [ParNew: 16388K->4K(18432K), 0.0024822 secs] 465782K->449398K(685476K), 0.0025342 secs] [Times: user=0.00 sys=0.00, real=0.00 secs] 
2020-10-28T10:43:12.050+0000: [GC (Allocation Failure) 2020-10-28T10:43:12.050+0000: [ParNew: 16388K->2K(18432K), 0.0024675 secs] 465782K->449396K(685476K), 0.0025214 secs] [Times: user=0.01 sys=0.00, real=0.00 secs] 
2020-10-28T10:43:12.067+0000: [GC (Allocation Failure) 2020-10-28T10:43:12.067+0000: [ParNew: 16386K->4K(18432K), 0.0024550 secs] 465780K->449398K(685476K), 0.0025070 secs] [Times: user=0.01 sys=0.00, real=0.00 secs] 
2020-10-28T10:43:12.083+0000: [GC (Allocation Failure) 2020-10-28T10:43:12.083+0000: [ParNew: 16388K->4K(18432K), 0.0023874 secs] 465782K->449398K(685476K), 0.0024372 secs] [Times: user=0.00 sys=0.00, real=0.00 secs] 
2020-10-28T10:43:12.102+0000: [GC (Allocation Failure) 2020-10-28T10:43:12.102+0000: [ParNew: 16388K->2K(18432K), 0.0023690 secs] 465782K->449396K(685476K), 0.0024182 secs] [Times: user=0.00 sys=0.00, real=0.00 secs] 
2020-10-28T10:43:12.122+0000: [GC (Allocation Failure) 2020-10-28T10:43:12.122+0000: [ParNew: 16386K->4K(18432K), 0.0023686 secs] 465780K->449398K(685476K), 0.0024138 secs] [Times: user=0.01 sys=0.00, real=0.00 secs] 
2020-10-28T10:43:12.142+0000: [GC (Allocation Failure) 2020-10-28T10:43:12.142+0000: [ParNew: 16388K->4K(18432K), 0.0023617 secs] 465782K->449398K(685476K), 0.0024065 secs] [Times: user=0.00 sys=0.00, real=0.00 secs] 
2020-10-28T10:43:12.162+0000: [GC (Allocation Failure) 2020-10-28T10:43:12.162+0000: [ParNew: 16388K->4K(18432K), 0.0023506 secs] 465782K->449398K(685476K), 0.0023980 secs] [Times: user=0.01 sys=0.00, real=0.00 secs] 
2020-10-28T10:43:12.178+0000: [GC (Allocation Failure) 2020-10-28T10:43:12.178+0000: [ParNew: 16388K->4K(18432K), 0.0023477 secs] 465782K->449398K(685476K), 0.0023928 secs] [Times: user=0.00 sys=0.00, real=0.01 secs] 
2020-10-28T10:43:12.193+0000: [GC (Allocation Failure) 2020-10-28T10:43:12.193+0000: [ParNew: 16388K->4K(18432K), 0.0024106 secs] 465782K->449398K(685476K), 0.0024564 secs] [Times: user=0.01 sys=0.00, real=0.00 secs] 
2020-10-28T10:43:12.213+0000: [GC (Allocation Failure) 2020-10-28T10:43:12.213+0000: [ParNew: 16388K->4K(18432K), 0.0023948 secs] 465782K->449398K(685476K), 0.0024433 secs] [Times: user=0.00 sys=0.00, real=0.00 secs] 
2020-10-28T10:43:12.234+0000: [GC (Allocation Failure) 2020-10-28T10:43:12.234+0000: [ParNew: 16388K->4K(18432K), 0.0024348 secs] 465782K->449398K(685476K), 0.0024859 secs] [Times: user=0.00 sys=0.00, real=0.00 secs] 
2020-10-28T10:43:12.250+0000: [GC (Allocation Failure) 2020-10-28T10:43:12.250+0000: [ParNew: 16388K->4K(18432K), 0.0023974 secs] 465782K->449398K(685476K), 0.0024578 secs] [Times: user=0.00 sys=0.00, real=0.00 secs] 
2020-10-28T10:43:12.270+0000: [GC (Allocation Failure) 2020-10-28T10:43:12.270+0000: [ParNew: 16388K->4K(18432K), 0.0024031 secs] 465782K->449398K(685476K), 0.0024524 secs] [Times: user=0.01 sys=0.00, real=0.00 secs] 
2020-10-28T10:43:12.286+0000: [GC (Allocation Failure) 2020-10-28T10:43:12.286+0000: [ParNew: 16388K->4K(18432K), 0.0023863 secs] 465782K->449398K(685476K), 0.0024336 secs] [Times: user=0.01 sys=0.00, real=0.00 secs] 
2020-10-28T10:43:12.306+0000: [GC (Allocation Failure) 2020-10-28T10:43:12.306+0000: [ParNew: 16388K->4K(18432K), 0.0023602 secs] 465782K->449398K(685476K), 0.0024085 secs] [Times: user=0.00 sys=0.00, real=0.00 secs] 
2020-10-28T10:43:12.326+0000: [GC (Allocation Failure) 2020-10-28T10:43:12.326+0000: [ParNew: 16388K->4K(18432K), 0.0023348 secs] 465782K->449398K(685476K), 0.0023796 secs] [Times: user=0.01 sys=0.00, real=0.00 secs] 
2020-10-28T10:43:12.342+0000: [GC (Allocation Failure) 2020-10-28T10:43:12.342+0000: [ParNew: 16388K->4K(18432K), 0.0023264 secs] 465782K->449398K(685476K), 0.0023726 secs] [Times: user=0.01 sys=0.00, real=0.00 secs] 
2020-10-28T10:43:12.358+0000: [GC (Allocation Failure) 2020-10-28T10:43:12.358+0000: [ParNew: 16388K->4K(18432K), 0.0023026 secs] 465782K->449398K(685476K), 0.0023467 secs] [Times: user=0.00 sys=0.00, real=0.00 secs] 
2020-10-28T10:43:12.378+0000: [GC (Allocation Failure) 2020-10-28T10:43:12.378+0000: [ParNew: 16388K->4K(18432K), 0.0022811 secs] 465782K->449398K(685476K), 0.0023240 secs] [Times: user=0.00 sys=0.00, real=0.01 secs] 
2020-10-28T10:43:12.394+0000: [GC (Allocation Failure) 2020-10-28T10:43:12.394+0000: [ParNew: 16388K->4K(18432K), 0.0022674 secs] 465782K->449398K(685476K), 0.0023100 secs] [Times: user=0.01 sys=0.00, real=0.00 secs] 
2020-10-28T10:43:12.410+0000: [GC (Allocation Failure) 2020-10-28T10:43:12.410+0000: [ParNew: 16388K->4K(18432K), 0.0023288 secs] 465782K->449398K(685476K), 0.0023748 secs] [Times: user=0.01 sys=0.00, real=0.01 secs] 
2020-10-28T10:43:12.430+0000: [GC (Allocation Failure) 2020-10-28T10:43:12.430+0000: [ParNew: 16388K->4K(18432K), 0.0023470 secs] 465782K->449398K(685476K), 0.0023903 secs] [Times: user=0.00 sys=0.00, real=0.00 secs] 
2020-10-28T10:43:12.446+0000: [GC (Allocation Failure) 2020-10-28T10:43:12.446+0000: [ParNew: 16388K->4K(18432K), 0.0022851 secs] 465782K->449398K(685476K), 0.0023275 secs] [Times: user=0.00 sys=0.00, real=0.00 secs] 
2020-10-28T10:43:12.462+0000: [GC (Allocation Failure) 2020-10-28T10:43:12.462+0000: [ParNew: 16388K->4K(18432K), 0.0022472 secs] 465782K->449398K(685476K), 0.0022890 secs] [Times: user=0.01 sys=0.01, real=0.00 secs] 
2020-10-28T10:43:12.478+0000: [GC (Allocation Failure) 2020-10-28T10:43:12.478+0000: [ParNew: 16388K->4K(18432K), 0.0023540 secs] 465782K->449398K(685476K), 0.0023975 secs] [Times: user=0.01 sys=0.00, real=0.01 secs] 
2020-10-28T10:43:12.494+0000: [GC (Allocation Failure) 2020-10-28T10:43:12.494+0000: [ParNew: 16388K->4K(18432K), 0.0023733 secs] 465782K->449398K(685476K), 0.0024222 secs] [Times: user=0.00 sys=0.00, real=0.00 secs] 
2020-10-28T10:43:12.514+0000: [GC (Allocation Failure) 2020-10-28T10:43:12.514+0000: [ParNew: 16388K->4K(18432K), 0.0024621 secs] 465782K->449398K(685476K), 0.0025147 secs] [Times: user=0.01 sys=0.00, real=0.00 secs] 
2020-10-28T10:43:12.530+0000: [GC (Allocation Failure) 2020-10-28T10:43:12.530+0000: [ParNew: 16388K->4K(18432K), 0.0024199 secs] 465782K->449398K(685476K), 0.0024715 secs] [Times: user=0.00 sys=0.00, real=0.00 secs] 
2020-10-28T10:43:12.550+0000: [GC (Allocation Failure) 2020-10-28T10:43:12.550+0000: [ParNew: 16388K->4K(18432K), 0.0023418 secs] 465782K->449398K(685476K), 0.0023872 secs] [Times: user=0.00 sys=0.00, real=0.00 secs] 
2020-10-28T10:43:12.566+0000: [GC (Allocation Failure) 2020-10-28T10:43:12.566+0000: [ParNew: 16388K->4K(18432K), 0.0022953 secs] 465782K->449398K(685476K), 0.0023391 secs] [Times: user=0.01 sys=0.00, real=0.00 secs] 
2020-10-28T10:43:12.586+0000: [GC (Allocation Failure) 2020-10-28T10:43:12.586+0000: [ParNew: 16388K->4K(18432K), 0.0023609 secs] 465782K->449398K(685476K), 0.0024330 secs] [Times: user=0.01 sys=0.00, real=0.00 secs] 
2020-10-28T10:43:12.604+0000: [GC (Allocation Failure) 2020-10-28T10:43:12.604+0000: [ParNew: 16388K->2K(18432K), 0.0025582 secs] 465782K->449396K(685476K), 0.0026084 secs] [Times: user=0.01 sys=0.00, real=0.00 secs] 
2020-10-28T10:43:12.620+0000: [GC (Allocation Failure) 2020-10-28T10:43:12.620+0000: [ParNew: 16386K->4K(18432K), 0.0024035 secs] 465780K->449398K(685476K), 0.0024521 secs] [Times: user=0.01 sys=0.00, real=0.00 secs] 
2020-10-28T10:43:12.638+0000: [GC (Allocation Failure) 2020-10-28T10:43:12.638+0000: [ParNew: 16388K->4K(18432K), 0.0023958 secs] 465782K->449398K(685476K), 0.0024448 secs] [Times: user=0.00 sys=0.00, real=0.00 secs] 
2020-10-28T10:43:12.654+0000: [GC (Allocation Failure) 2020-10-28T10:43:12.654+0000: [ParNew: 16388K->4K(18432K), 0.0023771 secs] 465782K->449398K(685476K), 0.0024247 secs] [Times: user=0.00 sys=0.00, real=0.00 secs] 
2020-10-28T10:43:12.674+0000: [GC (Allocation Failure) 2020-10-28T10:43:12.674+0000: [ParNew: 16388K->4K(18432K), 0.0023061 secs] 465782K->449398K(685476K), 0.0023494 secs] [Times: user=0.00 sys=0.00, real=0.00 secs] 
2020-10-28T10:43:12.690+0000: [GC (Allocation Failure) 2020-10-28T10:43:12.690+0000: [ParNew: 16388K->4K(18432K), 0.0023798 secs] 465782K->449398K(685476K), 0.0024277 secs] [Times: user=0.00 sys=0.00, real=0.00 secs] 
2020-10-28T10:43:12.706+0000: [GC (Allocation Failure) 2020-10-28T10:43:12.706+0000: [ParNew: 16388K->4K(18432K), 0.0023891 secs] 465782K->449398K(685476K), 0.0024349 secs] [Times: user=0.01 sys=0.00, real=0.00 secs] 
2020-10-28T10:43:12.722+0000: [GC (Allocation Failure) 2020-10-28T10:43:12.722+0000: [ParNew: 16388K->4K(18432K), 0.0023220 secs] 465782K->449398K(685476K), 0.0023653 secs] [Times: user=0.01 sys=0.00, real=0.00 secs] 
2020-10-28T10:43:12.738+0000: [GC (Allocation Failure) 2020-10-28T10:43:12.739+0000: [ParNew: 16388K->4K(18432K), 0.0023406 secs] 465782K->449398K(685476K), 0.0023875 secs] [Times: user=0.01 sys=0.00, real=0.00 secs] 
2020-10-28T10:43:12.754+0000: [GC (Allocation Failure) 2020-10-28T10:43:12.754+0000: [ParNew: 16388K->4K(18432K), 0.0023199 secs] 465782K->449398K(685476K), 0.0023659 secs] [Times: user=0.00 sys=0.00, real=0.00 secs] 
2020-10-28T10:43:12.770+0000: [GC (Allocation Failure) 2020-10-28T10:43:12.770+0000: [ParNew: 16388K->4K(18432K), 0.0022854 secs] 465782K->449398K(685476K), 0.0023284 secs] [Times: user=0.00 sys=0.00, real=0.00 secs] 
2020-10-28T10:43:12.786+0000: [GC (Allocation Failure) 2020-10-28T10:43:12.786+0000: [ParNew: 16388K->4K(18432K), 0.0023561 secs] 465782K->449398K(685476K), 0.0024029 secs] [Times: user=0.00 sys=0.00, real=0.00 secs] 
2020-10-28T10:43:12.806+0000: [GC (Allocation Failure) 2020-10-28T10:43:12.806+0000: [ParNew: 16388K->4K(18432K), 0.0023518 secs] 465782K->449398K(685476K), 0.0023980 secs] [Times: user=0.01 sys=0.00, real=0.00 secs] 
2020-10-28T10:43:12.822+0000: [GC (Allocation Failure) 2020-10-28T10:43:12.822+0000: [ParNew: 16388K->4K(18432K), 0.0023644 secs] 465782K->449398K(685476K), 0.0024117 secs] [Times: user=0.00 sys=0.00, real=0.00 secs] 
2020-10-28T10:43:12.842+0000: [GC (Allocation Failure) 2020-10-28T10:43:12.842+0000: [ParNew: 16388K->4K(18432K), 0.0023691 secs] 465782K->449398K(685476K), 0.0024142 secs] [Times: user=0.01 sys=0.00, real=0.00 secs] 
2020-10-28T10:43:12.858+0000: [GC (Allocation Failure) 2020-10-28T10:43:12.858+0000: [ParNew: 16388K->4K(18432K), 0.0023704 secs] 465782K->449398K(685476K), 0.0024153 secs] [Times: user=0.01 sys=0.00, real=0.00 secs] 
2020-10-28T10:43:12.874+0000: [GC (Allocation Failure) 2020-10-28T10:43:12.874+0000: [ParNew: 16388K->4K(18432K), 0.0022803 secs] 465782K->449398K(685476K), 0.0023230 secs] [Times: user=0.01 sys=0.00, real=0.00 secs] 
2020-10-28T10:43:12.890+0000: [GC (Allocation Failure) 2020-10-28T10:43:12.890+0000: [ParNew: 16388K->4K(18432K), 0.0023576 secs] 465782K->449398K(685476K), 0.0024093 secs] [Times: user=0.00 sys=0.00, real=0.00 secs] 
2020-10-28T10:43:12.906+0000: [GC (Allocation Failure) 2020-10-28T10:43:12.906+0000: [ParNew: 16388K->4K(18432K), 0.0024435 secs] 465782K->449398K(685476K), 0.0024944 secs] [Times: user=0.00 sys=0.00, real=0.00 secs] 
2020-10-28T10:43:12.926+0000: [GC (Allocation Failure) 2020-10-28T10:43:12.926+0000: [ParNew: 16388K->2K(18432K), 0.0024548 secs] 465782K->449396K(685476K), 0.0025068 secs] [Times: user=0.01 sys=0.00, real=0.00 secs] 
2020-10-28T10:43:12.942+0000: [GC (Allocation Failure) 2020-10-28T10:43:12.942+0000: [ParNew: 16386K->2K(18432K), 0.0023738 secs] 465780K->449396K(685476K), 0.0024212 secs] [Times: user=0.01 sys=0.00, real=0.00 secs] 
2020-10-28T10:43:12.986+0000: [GC (Allocation Failure) 2020-10-28T10:43:12.986+0000: [ParNew: 16386K->6K(18432K), 0.0043159 secs] 465780K->449400K(685476K), 0.0043663 secs] [Times: user=0.01 sys=0.00, real=0.01 secs] 
2020-10-28T10:43:13.029+0000: [GC (Allocation Failure) 2020-10-28T10:43:13.029+0000: [ParNew: 16390K->4K(18432K), 0.0026865 secs] 465784K->449398K(685476K), 0.0027345 secs] [Times: user=0.00 sys=0.00, real=0.01 secs] 
2020-10-28T10:43:13.049+0000: [GC (Allocation Failure) 2020-10-28T10:43:13.049+0000: [ParNew: 16388K->6K(18432K), 0.0025948 secs] 465782K->449400K(685476K), 0.0026465 secs] [Times: user=0.01 sys=0.00, real=0.01 secs] 
2020-10-28T10:43:13.070+0000: [GC (Allocation Failure) 2020-10-28T10:43:13.070+0000: [ParNew: 16390K->4K(18432K), 0.0025215 secs] 465784K->449398K(685476K), 0.0025689 secs] [Times: user=0.01 sys=0.00, real=0.01 secs] 
2020-10-28T10:43:13.090+0000: [GC (Allocation Failure) 2020-10-28T10:43:13.090+0000: [ParNew: 16388K->6K(18432K), 0.0025673 secs] 465782K->449400K(685476K), 0.0026195 secs] [Times: user=0.00 sys=0.00, real=0.01 secs] 
2020-10-28T10:43:13.407+0000: [GC (Allocation Failure) 2020-10-28T10:43:13.407+0000: [ParNew: 16390K->1329K(18432K), 0.0039604 secs] 465784K->450724K(685476K), 0.0040344 secs] [Times: user=0.01 sys=0.00, real=0.01 secs] 
2020-10-28T10:43:13.464+0000: [GC (Allocation Failure) 2020-10-28T10:43:13.464+0000: [ParNew: 17713K->360K(18432K), 0.0040342 secs] 467108K->450853K(685476K), 0.0041313 secs] [Times: user=0.01 sys=0.00, real=0.00 secs] 
2020-10-28T10:43:13.521+0000: [GC (Allocation Failure) 2020-10-28T10:43:13.521+0000: [ParNew: 16744K->794K(18432K), 0.0026584 secs] 467237K->451288K(685476K), 0.0027273 secs] [Times: user=0.01 sys=0.00, real=0.00 secs] 
2020-10-28T10:43:13.561+0000: [GC (Allocation Failure) 2020-10-28T10:43:13.562+0000: [ParNew: 17178K->775K(18432K), 0.0041291 secs] 467672K->451268K(685476K), 0.0041982 secs] [Times: user=0.01 sys=0.00, real=0.00 secs] 
2020-10-28T10:43:13.605+0000: [GC (Allocation Failure) 2020-10-28T10:43:13.605+0000: [ParNew: 17159K->1028K(18432K), 0.0071569 secs] 467652K->451521K(685476K), 0.0072310 secs] [Times: user=0.01 sys=0.00, real=0.01 secs] 
2020-10-28T10:43:13.658+0000: [GC (Allocation Failure) 2020-10-28T10:43:13.658+0000: [ParNew: 17412K->4K(18432K), 0.0031628 secs] 467905K->451521K(685476K), 0.0032301 secs] [Times: user=0.00 sys=0.00, real=0.00 secs] 
2020-10-28T10:43:13.700+0000: [GC (Allocation Failure) 2020-10-28T10:43:13.701+0000: [ParNew: 16388K->17K(18432K), 0.0025449 secs] 467905K->451535K(685476K), 0.0025972 secs] [Times: user=0.00 sys=0.00, real=0.00 secs] 
2020-10-28T10:43:13.743+0000: [GC (Allocation Failure) 2020-10-28T10:43:13.743+0000: [ParNew: 16401K->8K(18432K), 0.0025399 secs] 467919K->451526K(685476K), 0.0025955 secs] [Times: user=0.01 sys=0.00, real=0.00 secs] 
2020-10-28T10:43:13.771+0000: [GC (Allocation Failure) 2020-10-28T10:43:13.771+0000: [ParNew: 16392K->1030K(18432K), 0.0028398 secs] 467910K->453572K(685476K), 0.0029251 secs] [Times: user=0.01 sys=0.00, real=0.00 secs] 
2020-10-28T10:43:13.808+0000: [GC (Allocation Failure) 2020-10-28T10:43:13.808+0000: [ParNew: 17414K->4K(18432K), 0.0027322 secs] 469956K->453573K(685476K), 0.0027826 secs] [Times: user=0.01 sys=0.00, real=0.01 secs] 
2020-10-28T10:43:13.834+0000: [GC (Allocation Failure) 2020-10-28T10:43:13.834+0000: [ParNew: 16388K->4K(18432K), 0.0025245 secs] 469957K->453573K(685476K), 0.0025846 secs] [Times: user=0.01 sys=0.00, real=0.00 secs] 
2020-10-28T10:43:13.863+0000: [GC (Allocation Failure) 2020-10-28T10:43:13.863+0000: [ParNew: 16388K->4K(18432K), 0.0024361 secs] 469957K->453573K(685476K), 0.0024876 secs] [Times: user=0.01 sys=0.00, real=0.00 secs] 
2020-10-28T10:43:13.890+0000: [GC (Allocation Failure) 2020-10-28T10:43:13.890+0000: [ParNew: 16388K->4K(18432K), 0.0060753 secs] 469957K->453573K(685476K), 0.0061229 secs] [Times: user=0.01 sys=0.00, real=0.00 secs] 
2020-10-28T10:43:13.926+0000: [GC (Allocation Failure) 2020-10-28T10:43:13.926+0000: [ParNew: 16388K->4K(18432K), 0.0024146 secs] 469957K->453573K(685476K), 0.0024820 secs] [Times: user=0.01 sys=0.00, real=0.00 secs] 
2020-10-28T10:43:13.954+0000: [GC (Allocation Failure) 2020-10-28T10:43:13.954+0000: [ParNew: 16388K->4K(18432K), 0.0024170 secs] 469957K->453573K(685476K), 0.0024656 secs] [Times: user=0.00 sys=0.00, real=0.00 secs] 
2020-10-28T10:43:13.974+0000: [GC (Allocation Failure) 2020-10-28T10:43:13.974+0000: [ParNew: 16388K->4K(18432K), 0.0027514 secs] 469957K->455621K(685476K), 0.0028026 secs] [Times: user=0.01 sys=0.00, real=0.00 secs] 
2020-10-28T10:43:14.005+0000: [GC (Allocation Failure) 2020-10-28T10:43:14.005+0000: [ParNew: 16388K->4K(18432K), 0.0025296 secs] 472005K->455621K(685476K), 0.0025853 secs] [Times: user=0.00 sys=0.00, real=0.00 secs] 
2020-10-28T10:43:14.038+0000: [GC (Allocation Failure) 2020-10-28T10:43:14.038+0000: [ParNew: 16388K->4K(18432K), 0.0025530 secs] 472005K->455621K(685476K), 0.0026125 secs] [Times: user=0.01 sys=0.00, real=0.00 secs] 
2020-10-28T10:43:14.068+0000: [GC (Allocation Failure) 2020-10-28T10:43:14.068+0000: [ParNew: 15604K->4K(18432K), 0.0025080 secs] 471221K->455621K(685476K), 0.0025633 secs] [Times: user=0.00 sys=0.00, real=0.01 secs] 
2020-10-28T10:43:14.089+0000: [GC (Allocation Failure) 2020-10-28T10:43:14.090+0000: [ParNew: 16388K->4K(18432K), 0.0027463 secs] 472005K->457669K(685476K), 0.0027955 secs] [Times: user=0.00 sys=0.00, real=0.01 secs] 
2020-10-28T10:43:14.118+0000: [GC (Allocation Failure) 2020-10-28T10:43:14.118+0000: [ParNew: 16388K->4K(18432K), 0.0024421 secs] 474053K->457669K(685476K), 0.0025065 secs] [Times: user=0.00 sys=0.00, real=0.00 secs] 
2020-10-28T10:43:14.142+0000: [GC (Allocation Failure) 2020-10-28T10:43:14.142+0000: [ParNew: 16388K->4K(18432K), 0.0024345 secs] 474053K->457669K(685476K), 0.0025018 secs] [Times: user=0.00 sys=0.00, real=0.00 secs] 
2020-10-28T10:43:14.178+0000: [GC (Allocation Failure) 2020-10-28T10:43:14.178+0000: [ParNew: 16388K->4K(18432K), 0.0025102 secs] 474053K->457669K(685476K), 0.0025828 secs] [Times: user=0.00 sys=0.00, real=0.00 secs] 
2020-10-28T10:43:14.216+0000: [GC (Allocation Failure) 2020-10-28T10:43:14.216+0000: [ParNew: 16388K->4K(18432K), 0.0025457 secs] 474053K->457669K(685476K), 0.0026139 secs] [Times: user=0.01 sys=0.00, real=0.01 secs] 
2020-10-28T10:43:14.243+0000: [GC (Allocation Failure) 2020-10-28T10:43:14.243+0000: [ParNew: 16388K->4K(18432K), 0.0052744 secs] 474053K->457669K(685476K), 0.0053486 secs] [Times: user=0.01 sys=0.00, real=0.00 secs] 
2020-10-28T10:43:14.273+0000: [GC (Allocation Failure) 2020-10-28T10:43:14.273+0000: [ParNew: 16388K->4K(18432K), 0.0079431 secs] 474053K->457669K(685476K), 0.0080196 secs] [Times: user=0.01 sys=0.00, real=0.01 secs] 
2020-10-28T10:43:14.306+0000: [GC (Allocation Failure) 2020-10-28T10:43:14.306+0000: [ParNew: 16388K->4K(18432K), 0.0054633 secs] 474053K->457669K(685476K), 0.0055375 secs] [Times: user=0.01 sys=0.00, real=0.01 secs] 
2020-10-28T10:43:14.344+0000: [GC (Allocation Failure) 2020-10-28T10:43:14.344+0000: [ParNew: 16388K->4K(18432K), 0.0084172 secs] 474053K->457669K(685476K), 0.0084867 secs] [Times: user=0.02 sys=0.00, real=0.01 secs] 
2020-10-28T10:43:14.375+0000: [GC (Allocation Failure) 2020-10-28T10:43:14.375+0000: [ParNew: 16388K->4K(18432K), 0.0025247 secs] 474053K->457669K(685476K), 0.0025805 secs] [Times: user=0.00 sys=0.00, real=0.00 secs] 
2020-10-28T10:43:14.404+0000: [GC (Allocation Failure) 2020-10-28T10:43:14.404+0000: [ParNew: 16388K->4K(18432K), 0.0025188 secs] 474053K->457669K(685476K), 0.0025849 secs] [Times: user=0.00 sys=0.00, real=0.00 secs] 
2020-10-28T10:43:14.426+0000: [GC (Allocation Failure) 2020-10-28T10:43:14.426+0000: [ParNew: 16388K->4K(18432K), 0.0031864 secs] 474053K->461765K(685476K), 0.0032419 secs] [Times: user=0.00 sys=0.00, real=0.00 secs] 
2020-10-28T10:43:14.452+0000: [GC (Allocation Failure) 2020-10-28T10:43:14.452+0000: [ParNew: 16388K->4K(18432K), 0.0024550 secs] 478149K->461765K(685476K), 0.0025152 secs] [Times: user=0.00 sys=0.00, real=0.00 secs] 
2020-10-28T10:43:14.477+0000: [GC (Allocation Failure) 2020-10-28T10:43:14.477+0000: [ParNew: 16388K->4K(18432K), 0.0024332 secs] 478149K->461765K(685476K), 0.0024833 secs] [Times: user=0.00 sys=0.00, real=0.01 secs] 
2020-10-28T10:43:14.499+0000: [GC (Allocation Failure) 2020-10-28T10:43:14.499+0000: [ParNew: 16388K->4K(18432K), 0.0038286 secs] 478149K->461765K(685476K), 0.0038913 secs] [Times: user=0.01 sys=0.00, real=0.00 secs] 
2020-10-28T10:43:14.528+0000: [GC (Allocation Failure) 2020-10-28T10:43:14.528+0000: [ParNew: 16388K->4K(18432K), 0.0071334 secs] 478149K->465861K(685476K), 0.0071908 secs] [Times: user=0.01 sys=0.00, real=0.01 secs] 
2020-10-28T10:43:14.567+0000: [GC (Allocation Failure) 2020-10-28T10:43:14.567+0000: [ParNew: 16388K->4K(18432K), 0.0025252 secs] 482245K->465861K(685476K), 0.0025779 secs] [Times: user=0.00 sys=0.00, real=0.01 secs] 
2020-10-28T10:43:14.590+0000: [GC (Allocation Failure) 2020-10-28T10:43:14.590+0000: [ParNew: 16388K->4K(18432K), 0.0023962 secs] 482245K->465862K(685476K), 0.0024610 secs] [Times: user=0.00 sys=0.00, real=0.00 secs] 
2020-10-28T10:43:14.621+0000: [GC (Allocation Failure) 2020-10-28T10:43:14.621+0000: [ParNew: 16388K->4K(18432K), 0.0025116 secs] 482246K->465862K(685476K), 0.0025832 secs] [Times: user=0.01 sys=0.00, real=0.00 secs] 
2020-10-28T10:43:14.660+0000: [GC (Allocation Failure) 2020-10-28T10:43:14.660+0000: [ParNew: 16388K->4K(18432K), 0.0025081 secs] 482246K->465862K(685476K), 0.0025789 secs] [Times: user=0.00 sys=0.00, real=0.00 secs] 
2020-10-28T10:43:14.701+0000: [GC (Allocation Failure) 2020-10-28T10:43:14.701+0000: [ParNew: 16388K->4K(18432K), 0.0025451 secs] 482246K->465862K(685476K), 0.0026190 secs] [Times: user=0.01 sys=0.00, real=0.00 secs] 
2020-10-28T10:43:14.726+0000: [GC (Allocation Failure) 2020-10-28T10:43:14.726+0000: [ParNew: 16388K->4K(18432K), 0.0024727 secs] 482246K->465862K(685476K), 0.0025408 secs] [Times: user=0.01 sys=0.00, real=0.00 secs] 
2020-10-28T10:43:14.746+0000: [GC (Allocation Failure) 2020-10-28T10:43:14.746+0000: [ParNew: 16388K->4K(18432K), 0.0024007 secs] 482246K->465862K(685476K), 0.0024668 secs] [Times: user=0.01 sys=0.00, real=0.00 secs] 
2020-10-28T10:43:14.770+0000: [GC (Allocation Failure) 2020-10-28T10:43:14.770+0000: [ParNew: 16388K->4K(18432K), 0.0024840 secs] 482246K->465862K(685476K), 0.0025561 secs] [Times: user=0.00 sys=0.00, real=0.00 secs] 
2020-10-28T10:43:14.808+0000: [GC (Allocation Failure) 2020-10-28T10:43:14.808+0000: [ParNew: 16388K->4K(18432K), 0.0024917 secs] 482246K->465862K(685476K), 0.0025627 secs] [Times: user=0.00 sys=0.00, real=0.01 secs] 
2020-10-28T10:43:14.840+0000: [GC (Allocation Failure) 2020-10-28T10:43:14.840+0000: [ParNew: 16388K->4K(18432K), 0.0025924 secs] 482246K->465862K(685476K), 0.0026671 secs] [Times: user=0.01 sys=0.00, real=0.00 secs] 
2020-10-28T10:43:14.875+0000: [GC (Allocation Failure) 2020-10-28T10:43:14.875+0000: [ParNew: 16388K->4K(18432K), 0.0025112 secs] 482246K->465862K(685476K), 0.0025657 secs] [Times: user=0.00 sys=0.00, real=0.01 secs] 
2020-10-28T10:43:14.898+0000: [GC (Allocation Failure) 2020-10-28T10:43:14.899+0000: [ParNew: 16388K->4K(18432K), 0.0024725 secs] 482246K->465862K(685476K), 0.0025334 secs] [Times: user=0.00 sys=0.00, real=0.00 secs] 
2020-10-28T10:43:14.917+0000: [GC (Allocation Failure) 2020-10-28T10:43:14.917+0000: [ParNew: 16388K->4K(18432K), 0.0024397 secs] 482246K->465862K(685476K), 0.0025235 secs] [Times: user=0.01 sys=0.00, real=0.01 secs] 
2020-10-28T10:43:14.937+0000: [GC (Allocation Failure) 2020-10-28T10:43:14.937+0000: [ParNew: 16388K->4K(18432K), 0.0024176 secs] 482246K->465862K(685476K), 0.0025160 secs] [Times: user=0.00 sys=0.00, real=0.01 secs] 
2020-10-28T10:43:14.958+0000: [GC (Allocation Failure) 2020-10-28T10:43:14.958+0000: [ParNew: 16388K->4K(18432K), 0.0023906 secs] 482246K->465862K(685476K), 0.0024415 secs] [Times: user=0.01 sys=0.00, real=0.00 secs] 
2020-10-28T10:43:14.976+0000: [GC (Allocation Failure) 2020-10-28T10:43:14.976+0000: [ParNew: 16388K->4K(18432K), 0.0022940 secs] 482246K->465862K(685476K), 0.0023412 secs] [Times: user=0.01 sys=0.00, real=0.01 secs] 
2020-10-28T10:43:14.995+0000: [GC (Allocation Failure) 2020-10-28T10:43:14.995+0000: [ParNew: 16388K->4K(18432K), 0.0024017 secs] 482246K->465862K(685476K), 0.0024523 secs] [Times: user=0.01 sys=0.00, real=0.00 secs] 
2020-10-28T10:43:15.014+0000: [GC (Allocation Failure) 2020-10-28T10:43:15.014+0000: [ParNew: 16388K->4K(18432K), 0.0023634 secs] 482246K->465862K(685476K), 0.0024114 secs] [Times: user=0.00 sys=0.00, real=0.00 secs] 
2020-10-28T10:43:15.032+0000: [GC (Allocation Failure) 2020-10-28T10:43:15.032+0000: [ParNew: 16388K->4K(18432K), 0.0024843 secs] 482246K->465862K(685476K), 0.0025316 secs] [Times: user=0.01 sys=0.00, real=0.00 secs] 
2020-10-28T10:43:15.054+0000: [GC (Allocation Failure) 2020-10-28T10:43:15.054+0000: [ParNew: 16388K->4K(18432K), 0.0025326 secs] 482246K->465862K(685476K), 0.0025807 secs] [Times: user=0.01 sys=0.00, real=0.00 secs] 
2020-10-28T10:43:15.071+0000: [GC (Allocation Failure) 2020-10-28T10:43:15.071+0000: [ParNew: 16388K->4K(18432K), 0.0024554 secs] 482246K->465862K(685476K), 0.0025247 secs] [Times: user=0.00 sys=0.00, real=0.00 secs] 
2020-10-28T10:43:15.090+0000: [GC (Allocation Failure) 2020-10-28T10:43:15.090+0000: [ParNew: 16388K->4K(18432K), 0.0023425 secs] 482246K->465862K(685476K), 0.0023906 secs] [Times: user=0.01 sys=0.00, real=0.00 secs] 
2020-10-28T10:43:15.110+0000: [GC (Allocation Failure) 2020-10-28T10:43:15.110+0000: [ParNew: 16388K->4K(18432K), 0.0024436 secs] 482246K->465862K(685476K), 0.0024938 secs] [Times: user=0.00 sys=0.00, real=0.00 secs] 
2020-10-28T10:43:15.130+0000: [GC (Allocation Failure) 2020-10-28T10:43:15.130+0000: [ParNew: 16388K->4K(18432K), 0.0023614 secs] 482246K->465862K(685476K), 0.0024085 secs] [Times: user=0.00 sys=0.00, real=0.00 secs] 
2020-10-28T10:43:15.147+0000: [GC (Allocation Failure) 2020-10-28T10:43:15.147+0000: [ParNew: 16388K->4K(18432K), 0.0022346 secs] 482246K->465862K(685476K), 0.0022796 secs] [Times: user=0.01 sys=0.00, real=0.00 secs] 
2020-10-28T10:43:15.164+0000: [GC (Allocation Failure) 2020-10-28T10:43:15.164+0000: [ParNew: 16388K->4K(18432K), 0.0022829 secs] 482246K->465862K(685476K), 0.0023269 secs] [Times: user=0.01 sys=0.00, real=0.00 secs] 
2020-10-28T10:43:15.183+0000: [GC (Allocation Failure) 2020-10-28T10:43:15.183+0000: [ParNew: 16388K->4K(18432K), 0.0023492 secs] 482246K->465862K(685476K), 0.0023989 secs] [Times: user=0.01 sys=0.00, real=0.00 secs] 
2020-10-28T10:43:15.202+0000: [GC (Allocation Failure) 2020-10-28T10:43:15.202+0000: [ParNew: 16388K->4K(18432K), 0.0023064 secs] 482246K->465862K(685476K), 0.0023499 secs] [Times: user=0.00 sys=0.00, real=0.00 secs] 
2020-10-28T10:43:15.219+0000: [GC (Allocation Failure) 2020-10-28T10:43:15.219+0000: [ParNew: 16388K->4K(18432K), 0.0022452 secs] 482246K->465862K(685476K), 0.0022869 secs] [Times: user=0.00 sys=0.00, real=0.00 secs] 
2020-10-28T10:43:15.238+0000: [GC (Allocation Failure) 2020-10-28T10:43:15.238+0000: [ParNew: 16388K->4K(18432K), 0.0024352 secs] 482246K->465862K(685476K), 0.0024872 secs] [Times: user=0.00 sys=0.00, real=0.00 secs] 
2020-10-28T10:43:15.255+0000: [GC (Allocation Failure) 2020-10-28T10:43:15.255+0000: [ParNew: 16388K->4K(18432K), 0.0023465 secs] 482246K->465862K(685476K), 0.0023898 secs] [Times: user=0.00 sys=0.00, real=0.00 secs] 
2020-10-28T10:43:15.272+0000: [GC (Allocation Failure) 2020-10-28T10:43:15.272+0000: [ParNew: 16388K->4K(18432K), 0.0022533 secs] 482246K->465862K(685476K), 0.0022947 secs] [Times: user=0.00 sys=0.00, real=0.00 secs] 
2020-10-28T10:43:15.289+0000: [GC (Allocation Failure) 2020-10-28T10:43:15.290+0000: [ParNew: 16388K->4K(18432K), 0.0021832 secs] 482246K->465862K(685476K), 0.0022296 secs] [Times: user=0.01 sys=0.00, real=0.01 secs] 
2020-10-28T10:43:15.310+0000: [GC (Allocation Failure) 2020-10-28T10:43:15.310+0000: [ParNew: 16388K->4K(18432K), 0.0022744 secs] 482246K->465862K(685476K), 0.0023211 secs] [Times: user=0.00 sys=0.00, real=0.00 secs] 
2020-10-28T10:43:15.327+0000: [GC (Allocation Failure) 2020-10-28T10:43:15.327+0000: [ParNew: 16388K->4K(18432K), 0.0023418 secs] 482246K->465862K(685476K), 0.0023859 secs] [Times: user=0.00 sys=0.00, real=0.00 secs] 
2020-10-28T10:43:15.346+0000: [GC (Allocation Failure) 2020-10-28T10:43:15.346+0000: [ParNew: 16388K->4K(18432K), 0.0022112 secs] 482246K->465862K(685476K), 0.0022514 secs] [Times: user=0.00 sys=0.00, real=0.00 secs] 
2020-10-28T10:43:15.363+0000: [GC (Allocation Failure) 2020-10-28T10:43:15.363+0000: [ParNew: 16388K->4K(18432K), 0.0021976 secs] 482246K->465862K(685476K), 0.0022385 secs] [Times: user=0.01 sys=0.00, real=0.00 secs] 
2020-10-28T10:43:15.380+0000: [GC (Allocation Failure) 2020-10-28T10:43:15.380+0000: [ParNew: 16388K->4K(18432K), 0.0023215 secs] 482246K->465862K(685476K), 0.0023631 secs] [Times: user=0.01 sys=0.00, real=0.00 secs] 
2020-10-28T10:43:15.398+0000: [GC (Allocation Failure) 2020-10-28T10:43:15.398+0000: [ParNew: 16388K->4K(18432K), 0.0021393 secs] 482246K->465862K(685476K), 0.0021812 secs] [Times: user=0.00 sys=0.00, real=0.01 secs] 
2020-10-28T10:43:15.415+0000: [GC (Allocation Failure) 2020-10-28T10:43:15.415+0000: [ParNew: 16388K->4K(18432K), 0.0021674 secs] 482246K->465862K(685476K), 0.0022103 secs] [Times: user=0.00 sys=0.00, real=0.00 secs] 
2020-10-28T10:43:15.434+0000: [GC (Allocation Failure) 2020-10-28T10:43:15.434+0000: [ParNew: 16388K->4K(18432K), 0.0021734 secs] 482246K->465862K(685476K), 0.0022160 secs] [Times: user=0.01 sys=0.00, real=0.00 secs] 
2020-10-28T10:43:15.451+0000: [GC (Allocation Failure) 2020-10-28T10:43:15.451+0000: [ParNew: 16388K->4K(18432K), 0.0021929 secs] 482246K->465862K(685476K), 0.0022366 secs] [Times: user=0.01 sys=0.00, real=0.00 secs] 
2020-10-28T10:43:15.468+0000: [GC (Allocation Failure) 2020-10-28T10:43:15.468+0000: [ParNew: 16388K->4K(18432K), 0.0023316 secs] 482246K->465862K(685476K), 0.0023770 secs] [Times: user=0.01 sys=0.00, real=0.01 secs] 
2020-10-28T10:43:15.486+0000: [GC (Allocation Failure) 2020-10-28T10:43:15.486+0000: [ParNew: 16388K->4K(18432K), 0.0025286 secs] 482246K->465862K(685476K), 0.0025832 secs] [Times: user=0.00 sys=0.00, real=0.00 secs] 
2020-10-28T10:43:15.503+0000: [GC (Allocation Failure) 2020-10-28T10:43:15.503+0000: [ParNew: 16388K->4K(18432K), 0.0025646 secs] 482246K->465862K(685476K), 0.0026186 secs] [Times: user=0.01 sys=0.00, real=0.00 secs] 
2020-10-28T10:43:15.521+0000: [GC (Allocation Failure) 2020-10-28T10:43:15.521+0000: [ParNew: 16388K->4K(18432K), 0.0025131 secs] 482246K->465862K(685476K), 0.0025683 secs] [Times: user=0.00 sys=0.00, real=0.00 secs] 
2020-10-28T10:43:15.542+0000: [GC (Allocation Failure) 2020-10-28T10:43:15.542+0000: [ParNew: 16388K->4K(18432K), 0.0025140 secs] 482246K->465862K(685476K), 0.0025690 secs] [Times: user=0.01 sys=0.00, real=0.00 secs] 
2020-10-28T10:43:15.562+0000: [GC (Allocation Failure) 2020-10-28T10:43:15.562+0000: [ParNew: 16388K->4K(18432K), 0.0025027 secs] 482246K->465862K(685476K), 0.0025557 secs] [Times: user=0.00 sys=0.00, real=0.00 secs] 
2020-10-28T10:43:15.582+0000: [GC (Allocation Failure) 2020-10-28T10:43:15.582+0000: [ParNew: 16388K->4K(18432K), 0.0023691 secs] 482246K->465862K(685476K), 0.0024138 secs] [Times: user=0.01 sys=0.00, real=0.00 secs] 
2020-10-28T10:43:15.599+0000: [GC (Allocation Failure) 2020-10-28T10:43:15.599+0000: [ParNew: 16388K->4K(18432K), 0.0023497 secs] 482246K->465862K(685476K), 0.0023920 secs] [Times: user=0.00 sys=0.00, real=0.00 secs] 
2020-10-28T10:43:15.618+0000: [GC (Allocation Failure) 2020-10-28T10:43:15.618+0000: [ParNew: 16388K->4K(18432K), 0.0022821 secs] 482246K->465862K(685476K), 0.0023336 secs] [Times: user=0.01 sys=0.00, real=0.00 secs] 
2020-10-28T10:43:15.638+0000: [GC (Allocation Failure) 2020-10-28T10:43:15.638+0000: [ParNew: 16388K->4K(18432K), 0.0022662 secs] 482246K->465862K(685476K), 0.0023083 secs] [Times: user=0.00 sys=0.00, real=0.00 secs] 
2020-10-28T10:43:15.655+0000: [GC (Allocation Failure) 2020-10-28T10:43:15.655+0000: [ParNew: 16388K->4K(18432K), 0.0023938 secs] 482246K->465862K(685476K), 0.0024449 secs] [Times: user=0.01 sys=0.00, real=0.00 secs] 
2020-10-28T10:43:15.672+0000: [GC (Allocation Failure) 2020-10-28T10:43:15.672+0000: [ParNew: 16388K->4K(18432K), 0.0023476 secs] 482246K->465862K(685476K), 0.0023963 secs] [Times: user=0.00 sys=0.00, real=0.00 secs] 
2020-10-28T10:43:15.693+0000: [GC (Allocation Failure) 2020-10-28T10:43:15.693+0000: [ParNew: 16388K->4K(18432K), 0.0022607 secs] 482246K->465863K(685476K), 0.0023066 secs] [Times: user=0.01 sys=0.00, real=0.00 secs] 
2020-10-28T10:43:15.711+0000: [GC (Allocation Failure) 2020-10-28T10:43:15.711+0000: [ParNew: 16388K->4K(18432K), 0.0023648 secs] 482247K->465863K(685476K), 0.0024145 secs] [Times: user=0.00 sys=0.00, real=0.00 secs] 
2020-10-28T10:43:15.730+0000: [GC (Allocation Failure) 2020-10-28T10:43:15.730+0000: [ParNew: 16388K->4K(18432K), 0.0022515 secs] 482247K->465863K(685476K), 0.0022979 secs] [Times: user=0.01 sys=0.00, real=0.00 secs] 
2020-10-28T10:43:15.750+0000: [GC (Allocation Failure) 2020-10-28T10:43:15.750+0000: [ParNew: 16388K->4K(18432K), 0.0022195 secs] 482247K->465863K(685476K), 0.0022654 secs] [Times: user=0.00 sys=0.00, real=0.00 secs] 
2020-10-28T10:43:15.767+0000: [GC (Allocation Failure) 2020-10-28T10:43:15.767+0000: [ParNew: 16388K->4K(18432K), 0.0022619 secs] 482247K->465863K(685476K), 0.0023092 secs] [Times: user=0.01 sys=0.00, real=0.00 secs] 
2020-10-28T10:43:15.784+0000: [GC (Allocation Failure) 2020-10-28T10:43:15.784+0000: [ParNew: 16388K->4K(18432K), 0.0022207 secs] 482247K->465863K(685476K), 0.0022644 secs] [Times: user=0.00 sys=0.00, real=0.00 secs] 
2020-10-28T10:43:15.801+0000: [GC (Allocation Failure) 2020-10-28T10:43:15.801+0000: [ParNew: 16388K->4K(18432K), 0.0021633 secs] 482247K->465863K(685476K), 0.0022066 secs] [Times: user=0.01 sys=0.00, real=0.00 secs] 
2020-10-28T10:43:15.818+0000: [GC (Allocation Failure) 2020-10-28T10:43:15.818+0000: [ParNew: 16388K->4K(18432K), 0.0021976 secs] 482247K->465863K(685476K), 0.0022386 secs] [Times: user=0.00 sys=0.00, real=0.00 secs] 
2020-10-28T10:43:15.838+0000: [GC (Allocation Failure) 2020-10-28T10:43:15.838+0000: [ParNew: 16388K->4K(18432K), 0.0021332 secs] 482247K->465863K(685476K), 0.0021757 secs] [Times: user=0.00 sys=0.00, real=0.00 secs] 
2020-10-28T10:43:15.858+0000: [GC (Allocation Failure) 2020-10-28T10:43:15.858+0000: [ParNew: 16388K->4K(18432K), 0.0021292 secs] 482247K->465863K(685476K), 0.0021714 secs] [Times: user=0.00 sys=0.00, real=0.00 secs] 
2020-10-28T10:43:15.878+0000: [GC (Allocation Failure) 2020-10-28T10:43:15.878+0000: [ParNew: 16388K->4K(18432K), 0.0020594 secs] 482247K->465863K(685476K), 0.0021009 secs] [Times: user=0.00 sys=0.00, real=0.00 secs] 
2020-10-28T10:43:15.895+0000: [GC (Allocation Failure) 2020-10-28T10:43:15.895+0000: [ParNew: 16388K->4K(18432K), 0.0020585 secs] 482247K->465863K(685476K), 0.0020999 secs] [Times: user=0.01 sys=0.00, real=0.00 secs] 
2020-10-28T10:43:15.914+0000: [GC (Allocation Failure) 2020-10-28T10:43:15.914+0000: [ParNew: 16388K->4K(18432K), 0.0021690 secs] 482247K->465863K(685476K), 0.0022116 secs] [Times: user=0.00 sys=0.00, real=0.00 secs] 
2020-10-28T10:43:15.934+0000: [GC (Allocation Failure) 2020-10-28T10:43:15.934+0000: [ParNew: 16388K->4K(18432K), 0.0022502 secs] 482247K->465863K(685476K), 0.0022958 secs] [Times: user=0.01 sys=0.00, real=0.00 secs] 
2020-10-28T10:43:15.951+0000: [GC (Allocation Failure) 2020-10-28T10:43:15.951+0000: [ParNew: 16388K->4K(18432K), 0.0021777 secs] 482247K->465863K(685476K), 0.0022219 secs] [Times: user=0.00 sys=0.01, real=0.00 secs] 
2020-10-28T10:43:15.968+0000: [GC (Allocation Failure) 2020-10-28T10:43:15.968+0000: [ParNew: 16388K->4K(18432K), 0.0021594 secs] 482247K->465863K(685476K), 0.0022024 secs] [Times: user=0.01 sys=0.00, real=0.01 secs] 
2020-10-28T10:43:15.985+0000: [GC (Allocation Failure) 2020-10-28T10:43:15.985+0000: [ParNew: 16388K->4K(18432K), 0.0021450 secs] 482247K->465863K(685476K), 0.0021881 secs] [Times: user=0.01 sys=0.00, real=0.00 secs] 
2020-10-28T10:43:16.002+0000: [GC (Allocation Failure) 2020-10-28T10:43:16.002+0000: [ParNew: 16388K->4K(18432K), 0.0023330 secs] 482247K->465863K(685476K), 0.0023803 secs] [Times: user=0.00 sys=0.00, real=0.00 secs] 
2020-10-28T10:43:16.019+0000: [GC (Allocation Failure) 2020-10-28T10:43:16.019+0000: [ParNew: 16388K->4K(18432K), 0.0023063 secs] 482247K->465863K(685476K), 0.0023485 secs] [Times: user=0.00 sys=0.00, real=0.00 secs] 
2020-10-28T10:43:16.037+0000: [GC (Allocation Failure) 2020-10-28T10:43:16.037+0000: [ParNew: 16388K->4K(18432K), 0.0023152 secs] 482247K->465863K(685476K), 0.0023585 secs] [Times: user=0.01 sys=0.00, real=0.01 secs] 
2020-10-28T10:43:16.054+0000: [GC (Allocation Failure) 2020-10-28T10:43:16.054+0000: [ParNew: 16388K->4K(18432K), 0.0022427 secs] 482247K->465863K(685476K), 0.0022847 secs] [Times: user=0.01 sys=0.00, real=0.00 secs] 
2020-10-28T10:43:16.074+0000: [GC (Allocation Failure) 2020-10-28T10:43:16.074+0000: [ParNew: 16388K->4K(18432K), 0.0021970 secs] 482247K->465863K(685476K), 0.0022382 secs] [Times: user=0.00 sys=0.00, real=0.00 secs] 
2020-10-28T10:43:16.091+0000: [GC (Allocation Failure) 2020-10-28T10:43:16.091+0000: [ParNew: 16388K->4K(18432K), 0.0022010 secs] 482247K->465863K(685476K), 0.0022462 secs] [Times: user=0.01 sys=0.00, real=0.00 secs] 
2020-10-28T10:43:16.108+0000: [GC (Allocation Failure) 2020-10-28T10:43:16.108+0000: [ParNew: 16388K->4K(18432K), 0.0024040 secs] 482247K->465863K(685476K), 0.0024522 secs] [Times: user=0.01 sys=0.00, real=0.01 secs] 
2020-10-28T10:43:16.130+0000: [GC (Allocation Failure) 2020-10-28T10:43:16.130+0000: [ParNew: 16388K->4K(18432K), 0.0023977 secs] 482247K->465863K(685476K), 0.0024470 secs] [Times: user=0.01 sys=0.00, real=0.01 secs] 
2020-10-28T10:43:16.147+0000: [GC (Allocation Failure) 2020-10-28T10:43:16.147+0000: [ParNew: 16388K->4K(18432K), 0.0024728 secs] 482247K->465863K(685476K), 0.0025298 secs] [Times: user=0.01 sys=0.00, real=0.00 secs] 
2020-10-28T10:43:16.171+0000: [GC (Allocation Failure) 2020-10-28T10:43:16.171+0000: [ParNew: 16388K->4K(18432K), 0.0024913 secs] 482247K->465863K(685476K), 0.0025446 secs] [Times: user=0.00 sys=0.00, real=0.00 secs] 
2020-10-28T10:43:16.191+0000: [GC (Allocation Failure) 2020-10-28T10:43:16.191+0000: [ParNew: 16388K->4K(18432K), 0.0024773 secs] 482247K->465863K(685476K), 0.0025302 secs] [Times: user=0.00 sys=0.00, real=0.00 secs] 
2020-10-28T10:43:16.208+0000: [GC (Allocation Failure) 2020-10-28T10:43:16.208+0000: [ParNew: 16388K->4K(18432K), 0.0025263 secs] 482247K->465863K(685476K), 0.0025804 secs] [Times: user=0.00 sys=0.00, real=0.01 secs] 
2020-10-28T10:43:16.226+0000: [GC (Allocation Failure) 2020-10-28T10:43:16.226+0000: [ParNew: 16388K->4K(18432K), 0.0024617 secs] 482247K->465863K(685476K), 0.0025116 secs] [Times: user=0.01 sys=0.00, real=0.00 secs] 
2020-10-28T10:43:16.246+0000: [GC (Allocation Failure) 2020-10-28T10:43:16.246+0000: [ParNew: 16388K->4K(18432K), 0.0024775 secs] 482247K->465863K(685476K), 0.0025297 secs] [Times: user=0.01 sys=0.00, real=0.00 secs] 
2020-10-28T10:43:16.266+0000: [GC (Allocation Failure) 2020-10-28T10:43:16.266+0000: [ParNew: 16388K->4K(18432K), 0.0024576 secs] 482247K->465863K(685476K), 0.0025097 secs] [Times: user=0.01 sys=0.00, real=0.00 secs] 
2020-10-28T10:43:16.286+0000: [GC (Allocation Failure) 2020-10-28T10:43:16.286+0000: [ParNew: 16388K->4K(18432K), 0.0024977 secs] 482247K->465863K(685476K), 0.0025524 secs] [Times: user=0.00 sys=0.00, real=0.00 secs] 
2020-10-28T10:43:16.306+0000: [GC (Allocation Failure) 2020-10-28T10:43:16.306+0000: [ParNew: 16388K->4K(18432K), 0.0024095 secs] 482247K->465863K(685476K), 0.0024607 secs] [Times: user=0.00 sys=0.00, real=0.00 secs] 
2020-10-28T10:43:16.326+0000: [GC (Allocation Failure) 2020-10-28T10:43:16.326+0000: [ParNew: 16388K->4K(18432K), 0.0024692 secs] 482247K->465863K(685476K), 0.0025305 secs] [Times: user=0.01 sys=0.00, real=0.00 secs] 
2020-10-28T10:43:16.357+0000: [GC (Allocation Failure) 2020-10-28T10:43:16.357+0000: [ParNew: 16388K->4K(18432K), 0.0061651 secs] 515015K->498631K(685476K), 0.0062214 secs] [Times: user=0.01 sys=0.00, real=0.01 secs] 
2020-10-28T10:43:16.364+0000: [GC (CMS Initial Mark) [1 CMS-initial-mark: 498627K(667044K)] 498631K(685476K), 0.0023598 secs] [Times: user=0.00 sys=0.00, real=0.00 secs] 
2020-10-28T10:43:16.366+0000: [CMS-concurrent-mark-start]
2020-10-28T10:43:16.397+0000: [GC (Allocation Failure) 2020-10-28T10:43:16.397+0000: [ParNew: 16388K->4K(18432K), 0.0024271 secs] 515015K->498631K(685476K), 0.0024834 secs] [Times: user=0.00 sys=0.00, real=0.01 secs] 
2020-10-28T10:43:16.422+0000: [GC (Allocation Failure) 2020-10-28T10:43:16.422+0000: [ParNew: 16388K->4K(18432K), 0.0024424 secs] 515015K->498631K(685476K), 0.0024979 secs] [Times: user=0.00 sys=0.00, real=0.00 secs] 
2020-10-28T10:43:16.438+0000: [CMS-concurrent-mark: 0.064/0.072 secs] [Times: user=0.13 sys=0.01, real=0.08 secs] 
2020-10-28T10:43:16.438+0000: [CMS-concurrent-preclean-start]
2020-10-28T10:43:16.441+0000: [CMS-concurrent-preclean: 0.003/0.003 secs] [Times: user=0.00 sys=0.00, real=0.00 secs] 
2020-10-28T10:43:16.441+0000: [CMS-concurrent-abortable-preclean-start]
2020-10-28T10:43:16.444+0000: [GC (Allocation Failure) 2020-10-28T10:43:16.444+0000: [ParNew: 16388K->4K(18432K), 0.0020916 secs] 515015K->498631K(685476K), 0.0021308 secs] [Times: user=0.01 sys=0.00, real=0.00 secs] 
2020-10-28T10:43:16.463+0000: [GC (Allocation Failure) 2020-10-28T10:43:16.463+0000: [ParNew: 16388K->6K(18432K), 0.0026925 secs] 515015K->498633K(685476K), 0.0027462 secs] [Times: user=0.01 sys=0.00, real=0.00 secs] 
2020-10-28T10:43:16.484+0000: [GC (Allocation Failure) 2020-10-28T10:43:16.484+0000: [ParNew: 16390K->4K(18432K), 0.0024076 secs] 515017K->498631K(685476K), 0.0024604 secs] [Times: user=0.01 sys=0.00, real=0.00 secs] 
2020-10-28T10:43:16.503+0000: [GC (Allocation Failure) 2020-10-28T10:43:16.503+0000: [ParNew: 16388K->4K(18432K), 0.0024419 secs] 515015K->498631K(685476K), 0.0024964 secs] [Times: user=0.01 sys=0.00, real=0.00 secs] 
2020-10-28T10:43:16.525+0000: [GC (Allocation Failure) 2020-10-28T10:43:16.525+0000: [ParNew: 16388K->4K(18432K), 0.0025096 secs] 515015K->498631K(685476K), 0.0025778 secs] [Times: user=0.01 sys=0.00, real=0.00 secs] 
2020-10-28T10:43:16.546+0000: [GC (Allocation Failure) 2020-10-28T10:43:16.546+0000: [ParNew: 16388K->4K(18432K), 0.0023095 secs] 515015K->498631K(685476K), 0.0023595 secs] [Times: user=0.01 sys=0.00, real=0.00 secs] 
2020-10-28T10:43:16.564+0000: [GC (Allocation Failure) 2020-10-28T10:43:16.564+0000: [ParNew: 16388K->2K(18432K), 0.0051297 secs] 515015K->498629K(685476K), 0.0051999 secs] [Times: user=0.00 sys=0.00, real=0.00 secs] 
2020-10-28T10:43:16.585+0000: [GC (Allocation Failure) 2020-10-28T10:43:16.586+0000: [ParNew: 16386K->4K(18432K), 0.0023846 secs] 515013K->498631K(685476K), 0.0024397 secs] [Times: user=0.00 sys=0.00, real=0.00 secs] 
2020-10-28T10:43:16.604+0000: [GC (Allocation Failure) 2020-10-28T10:43:16.604+0000: [ParNew: 16388K->4K(18432K), 0.0023144 secs] 515015K->498631K(685476K), 0.0023641 secs] [Times: user=0.01 sys=0.00, real=0.00 secs] 
2020-10-28T10:43:16.626+0000: [GC (Allocation Failure) 2020-10-28T10:43:16.626+0000: [ParNew: 16388K->4K(18432K), 0.0022460 secs] 515015K->498631K(685476K), 0.0023448 secs] [Times: user=0.00 sys=0.01, real=0.00 secs] 
2020-10-28T10:43:16.646+0000: [GC (Allocation Failure) 2020-10-28T10:43:16.646+0000: [ParNew: 16388K->4K(18432K), 0.0021237 secs] 515015K->498631K(685476K), 0.0021717 secs] [Times: user=0.00 sys=0.00, real=0.00 secs] 
2020-10-28T10:43:16.666+0000: [GC (Allocation Failure) 2020-10-28T10:43:16.666+0000: [ParNew: 16388K->4K(18432K), 0.0022515 secs] 515015K->498631K(685476K), 0.0023028 secs] [Times: user=0.01 sys=0.00, real=0.00 secs] 
2020-10-28T10:43:16.684+0000: [GC (Allocation Failure) 2020-10-28T10:43:16.684+0000: [ParNew: 16388K->4K(18432K), 0.0023690 secs] 515015K->498631K(685476K), 0.0024285 secs] [Times: user=0.00 sys=0.00, real=0.00 secs] 
2020-10-28T10:43:16.702+0000: [GC (Allocation Failure) 2020-10-28T10:43:16.702+0000: [ParNew: 16388K->4K(18432K), 0.0022818 secs] 515015K->498631K(685476K), 0.0023324 secs] [Times: user=0.01 sys=0.00, real=0.00 secs] 
2020-10-28T10:43:16.720+0000: [GC (Allocation Failure) 2020-10-28T10:43:16.720+0000: [ParNew: 16388K->4K(18432K), 0.0021746 secs] 515015K->498631K(685476K), 0.0022217 secs] [Times: user=0.00 sys=0.00, real=0.00 secs] 
2020-10-28T10:43:16.742+0000: [GC (Allocation Failure) 2020-10-28T10:43:16.742+0000: [ParNew: 16388K->4K(18432K), 0.0023427 secs] 515015K->498631K(685476K), 0.0023951 secs] [Times: user=0.00 sys=0.00, real=0.00 secs] 
2020-10-28T10:43:16.760+0000: [GC (Allocation Failure) 2020-10-28T10:43:16.760+0000: [ParNew: 16388K->4K(18432K), 0.0025114 secs] 515015K->498631K(685476K), 0.0025644 secs] [Times: user=0.00 sys=0.00, real=0.00 secs] 
2020-10-28T10:43:16.778+0000: [GC (Allocation Failure) 2020-10-28T10:43:16.778+0000: [ParNew: 16388K->4K(18432K), 0.0022548 secs] 515015K->498631K(685476K), 0.0023050 secs] [Times: user=0.01 sys=0.00, real=0.00 secs] 
2020-10-28T10:43:16.796+0000: [GC (Allocation Failure) 2020-10-28T10:43:16.796+0000: [ParNew: 16388K->4K(18432K), 0.0024658 secs] 515015K->498631K(685476K), 0.0025197 secs] [Times: user=0.00 sys=0.00, real=0.01 secs] 
2020-10-28T10:43:16.814+0000: [GC (Allocation Failure) 2020-10-28T10:43:16.814+0000: [ParNew: 16388K->4K(18432K), 0.0023636 secs] 515015K->498631K(685476K), 0.0024157 secs] [Times: user=0.01 sys=0.00, real=0.00 secs] 
2020-10-28T10:43:16.837+0000: [GC (Allocation Failure) 2020-10-28T10:43:16.837+0000: [ParNew: 16388K->4K(18432K), 0.0022549 secs] 515015K->498631K(685476K), 0.0023014 secs] [Times: user=0.00 sys=0.00, real=0.01 secs] 
2020-10-28T10:43:16.855+0000: [GC (Allocation Failure) 2020-10-28T10:43:16.855+0000: [ParNew: 16388K->4K(18432K), 0.0021523 secs] 515015K->498631K(685476K), 0.0022007 secs] [Times: user=0.01 sys=0.00, real=0.00 secs] 
2020-10-28T10:43:16.873+0000: [GC (Allocation Failure) 2020-10-28T10:43:16.873+0000: [ParNew: 16388K->4K(18432K), 0.0022094 secs] 515015K->498631K(685476K), 0.0022582 secs] [Times: user=0.00 sys=0.00, real=0.00 secs] 
2020-10-28T10:43:16.891+0000: [GC (Allocation Failure) 2020-10-28T10:43:16.891+0000: [ParNew: 16388K->4K(18432K), 0.0022536 secs] 515015K->498631K(685476K), 0.0023037 secs] [Times: user=0.01 sys=0.00, real=0.00 secs] 
2020-10-28T10:43:16.913+0000: [GC (Allocation Failure) 2020-10-28T10:43:16.913+0000: [ParNew: 16388K->4K(18432K), 0.0021529 secs] 515015K->498631K(685476K), 0.0021995 secs] [Times: user=0.00 sys=0.00, real=0.00 secs] 
2020-10-28T10:43:16.934+0000: [GC (Allocation Failure) 2020-10-28T10:43:16.934+0000: [ParNew: 16388K->4K(18432K), 0.0023915 secs] 515015K->498631K(685476K), 0.0024457 secs] [Times: user=0.01 sys=0.00, real=0.00 secs] 
2020-10-28T10:43:16.954+0000: [GC (Allocation Failure) 2020-10-28T10:43:16.954+0000: [ParNew: 16388K->4K(18432K), 0.0024266 secs] 515015K->498631K(685476K), 0.0024798 secs] [Times: user=0.00 sys=0.00, real=0.00 secs] 
2020-10-28T10:43:16.973+0000: [GC (Allocation Failure) 2020-10-28T10:43:16.973+0000: [ParNew: 16388K->4K(18432K), 0.0024444 secs] 515015K->498631K(685476K), 0.0024975 secs] [Times: user=0.01 sys=0.00, real=0.00 secs] 
2020-10-28T10:43:16.994+0000: [GC (Allocation Failure) 2020-10-28T10:43:16.994+0000: [ParNew: 16388K->4K(18432K), 0.0024565 secs] 515015K->498631K(685476K), 0.0025108 secs] [Times: user=0.00 sys=0.00, real=0.00 secs] 
2020-10-28T10:43:17.012+0000: [GC (Allocation Failure) 2020-10-28T10:43:17.012+0000: [ParNew: 16388K->4K(18432K), 0.0024575 secs] 515015K->498631K(685476K), 0.0025100 secs] [Times: user=0.01 sys=0.00, real=0.00 secs] 
2020-10-28T10:43:17.030+0000: [GC (Allocation Failure) 2020-10-28T10:43:17.030+0000: [ParNew: 16388K->4K(18432K), 0.0024081 secs] 515015K->498631K(685476K), 0.0024608 secs] [Times: user=0.01 sys=0.00, real=0.00 secs] 
2020-10-28T10:43:17.050+0000: [GC (Allocation Failure) 2020-10-28T10:43:17.050+0000: [ParNew: 16388K->4K(18432K), 0.0023285 secs] 515015K->498631K(685476K), 0.0023790 secs] [Times: user=0.00 sys=0.00, real=0.00 secs] 
2020-10-28T10:43:17.068+0000: [GC (Allocation Failure) 2020-10-28T10:43:17.068+0000: [ParNew: 16388K->4K(18432K), 0.0022918 secs] 515015K->498631K(685476K), 0.0023401 secs] [Times: user=0.01 sys=0.00, real=0.01 secs] 
2020-10-28T10:43:17.090+0000: [GC (Allocation Failure) 2020-10-28T10:43:17.090+0000: [ParNew: 16388K->4K(18432K), 0.0020975 secs] 515015K->498631K(685476K), 0.0021435 secs] [Times: user=0.00 sys=0.00, real=0.00 secs] 
2020-10-28T10:43:17.108+0000: [GC (Allocation Failure) 2020-10-28T10:43:17.108+0000: [ParNew: 16388K->4K(18432K), 0.0023988 secs] 515015K->498631K(685476K), 0.0024526 secs] [Times: user=0.01 sys=0.00, real=0.01 secs] 
2020-10-28T10:43:17.126+0000: [GC (Allocation Failure) 2020-10-28T10:43:17.126+0000: [ParNew: 16388K->4K(18432K), 0.0022822 secs] 515015K->498631K(685476K), 0.0023321 secs] [Times: user=0.00 sys=0.00, real=0.00 secs] 
2020-10-28T10:43:17.146+0000: [GC (Allocation Failure) 2020-10-28T10:43:17.146+0000: [ParNew: 16388K->4K(18432K), 0.0021116 secs] 515015K->498631K(685476K), 0.0021601 secs] [Times: user=0.01 sys=0.00, real=0.00 secs] 
2020-10-28T10:43:17.167+0000: [GC (Allocation Failure) 2020-10-28T10:43:17.167+0000: [ParNew: 16388K->4K(18432K), 0.0022877 secs] 515015K->498631K(685476K), 0.0023388 secs] [Times: user=0.01 sys=0.00, real=0.01 secs] 
2020-10-28T10:43:17.185+0000: [GC (Allocation Failure) 2020-10-28T10:43:17.185+0000: [ParNew: 16388K->4K(18432K), 0.0022594 secs] 515015K->498631K(685476K), 0.0023094 secs] [Times: user=0.00 sys=0.00, real=0.00 secs] 
2020-10-28T10:43:17.206+0000: [GC (Allocation Failure) 2020-10-28T10:43:17.206+0000: [ParNew: 16388K->4K(18432K), 0.0022527 secs] 515015K->498631K(685476K), 0.0023042 secs] [Times: user=0.01 sys=0.00, real=0.00 secs] 
2020-10-28T10:43:17.226+0000: [GC (Allocation Failure) 2020-10-28T10:43:17.226+0000: [ParNew: 16388K->4K(18432K), 0.0022284 secs] 515015K->498631K(685476K), 0.0022777 secs] [Times: user=0.00 sys=0.00, real=0.00 secs] 
2020-10-28T10:43:17.243+0000: [GC (Allocation Failure) 2020-10-28T10:43:17.244+0000: [ParNew: 16388K->4K(18432K), 0.0022627 secs] 515015K->498631K(685476K), 0.0023128 secs] [Times: user=0.01 sys=0.00, real=0.00 secs] 
2020-10-28T10:43:17.265+0000: [GC (Allocation Failure) 2020-10-28T10:43:17.265+0000: [ParNew: 16388K->4K(18432K), 0.0022209 secs] 515015K->498631K(685476K), 0.0022698 secs] [Times: user=0.01 sys=0.00, real=0.00 secs] 
2020-10-28T10:43:17.283+0000: [GC (Allocation Failure) 2020-10-28T10:43:17.283+0000: [ParNew: 16388K->4K(18432K), 0.0021587 secs] 515015K->498631K(685476K), 0.0022064 secs] [Times: user=0.00 sys=0.00, real=0.00 secs] 
2020-10-28T10:43:17.300+0000: [GC (Allocation Failure) 2020-10-28T10:43:17.300+0000: [ParNew: 16388K->4K(18432K), 0.0023786 secs] 515015K->498632K(685476K), 0.0024296 secs] [Times: user=0.01 sys=0.00, real=0.00 secs] 
2020-10-28T10:43:17.319+0000: [GC (Allocation Failure) 2020-10-28T10:43:17.319+0000: [ParNew: 16388K->4K(18432K), 0.0022111 secs] 515016K->498632K(685476K), 0.0022602 secs] [Times: user=0.01 sys=0.00, real=0.00 secs] 
2020-10-28T10:43:17.338+0000: [GC (Allocation Failure) 2020-10-28T10:43:17.338+0000: [ParNew: 16388K->4K(18432K), 0.0020518 secs] 515016K->498632K(685476K), 0.0020986 secs] [Times: user=0.00 sys=0.00, real=0.00 secs] 
2020-10-28T10:43:17.356+0000: [GC (Allocation Failure) 2020-10-28T10:43:17.356+0000: [ParNew: 16388K->4K(18432K), 0.0020955 secs] 515016K->498632K(685476K), 0.0021435 secs] [Times: user=0.00 sys=0.00, real=0.01 secs] 
2020-10-28T10:43:17.377+0000: [GC (Allocation Failure) 2020-10-28T10:43:17.377+0000: [ParNew: 16388K->4K(18432K), 0.0021558 secs] 515016K->498632K(685476K), 0.0022039 secs] [Times: user=0.00 sys=0.00, real=0.01 secs] 
2020-10-28T10:43:17.398+0000: [GC (Allocation Failure) 2020-10-28T10:43:17.398+0000: [ParNew: 16388K->4K(18432K), 0.0022668 secs] 515016K->498632K(685476K), 0.0023183 secs] [Times: user=0.01 sys=0.00, real=0.00 secs] 
2020-10-28T10:43:17.417+0000: [GC (Allocation Failure) 2020-10-28T10:43:17.417+0000: [ParNew: 16388K->4K(18432K), 0.0022013 secs] 515016K->498632K(685476K), 0.0022498 secs] [Times: user=0.00 sys=0.00, real=0.01 secs] 
2020-10-28T10:43:17.434+0000: [GC (Allocation Failure) 2020-10-28T10:43:17.434+0000: [ParNew: 16352K->4K(18432K), 0.0020943 secs] 514980K->498632K(685476K), 0.0021432 secs] [Times: user=0.01 sys=0.00, real=0.00 secs] 
2020-10-28T10:43:17.452+0000: [GC (Allocation Failure) 2020-10-28T10:43:17.452+0000: [ParNew: 16388K->4K(18432K), 0.0021815 secs] 515016K->498632K(685476K), 0.0022314 secs] [Times: user=0.00 sys=0.00, real=0.00 secs] 
2020-10-28T10:43:17.474+0000: [GC (Allocation Failure) 2020-10-28T10:43:17.474+0000: [ParNew: 16388K->4K(18432K), 0.0023521 secs] 515016K->498632K(685476K), 0.0024040 secs] [Times: user=0.01 sys=0.00, real=0.00 secs] 
2020-10-28T10:43:17.494+0000: [GC (Allocation Failure) 2020-10-28T10:43:17.494+0000: [ParNew: 16388K->4K(18432K), 0.0021713 secs] 515016K->498632K(685476K), 0.0022212 secs] [Times: user=0.00 sys=0.00, real=0.00 secs] 
2020-10-28T10:43:17.512+0000: [GC (Allocation Failure) 2020-10-28T10:43:17.512+0000: [ParNew: 16388K->4K(18432K), 0.0022861 secs] 515016K->498632K(685476K), 0.0023376 secs] [Times: user=0.01 sys=0.00, real=0.00 secs] 
2020-10-28T10:43:17.530+0000: [GC (Allocation Failure) 2020-10-28T10:43:17.530+0000: [ParNew: 16388K->4K(18432K), 0.0024053 secs] 515016K->498632K(685476K), 0.0024580 secs] [Times: user=0.00 sys=0.00, real=0.00 secs] 
2020-10-28T10:43:17.549+0000: [GC (Allocation Failure) 2020-10-28T10:43:17.549+0000: [ParNew: 16388K->4K(18432K), 0.0023652 secs] 515016K->498632K(685476K), 0.0024168 secs] [Times: user=0.00 sys=0.00, real=0.01 secs] 
2020-10-28T10:43:17.567+0000: [GC (Allocation Failure) 2020-10-28T10:43:17.567+0000: [ParNew: 16388K->4K(18432K), 0.0023551 secs] 515016K->498632K(685476K), 0.0024151 secs] [Times: user=0.01 sys=0.00, real=0.01 secs] 
2020-10-28T10:43:17.589+0000: [GC (Allocation Failure) 2020-10-28T10:43:17.589+0000: [ParNew: 16388K->4K(18432K), 0.0023697 secs] 515016K->498632K(685476K), 0.0024218 secs] [Times: user=0.01 sys=0.00, real=0.01 secs] 
2020-10-28T10:43:17.607+0000: [GC (Allocation Failure) 2020-10-28T10:43:17.607+0000: [ParNew: 16388K->4K(18432K), 0.0021687 secs] 515016K->498632K(685476K), 0.0022184 secs] [Times: user=0.00 sys=0.00, real=0.00 secs] 
2020-10-28T10:43:17.626+0000: [GC (Allocation Failure) 2020-10-28T10:43:17.626+0000: [ParNew: 16388K->4K(18432K), 0.0021017 secs] 515016K->498632K(685476K), 0.0021468 secs] [Times: user=0.01 sys=0.00, real=0.00 secs] 
2020-10-28T10:43:17.646+0000: [GC (Allocation Failure) 2020-10-28T10:43:17.646+0000: [ParNew: 16388K->4K(18432K), 0.0020824 secs] 515016K->498632K(685476K), 0.0021296 secs] [Times: user=0.00 sys=0.00, real=0.00 secs] 
2020-10-28T10:43:17.663+0000: [GC (Allocation Failure) 2020-10-28T10:43:17.663+0000: [ParNew: 16388K->4K(18432K), 0.0022509 secs] 515016K->498632K(685476K), 0.0023019 secs] [Times: user=0.01 sys=0.00, real=0.00 secs] 
2020-10-28T10:43:17.682+0000: [GC (Allocation Failure) 2020-10-28T10:43:17.682+0000: [ParNew: 16388K->4K(18432K), 0.0022372 secs] 515016K->498632K(685476K), 0.0022869 secs] [Times: user=0.00 sys=0.00, real=0.00 secs] 
2020-10-28T10:43:17.700+0000: [GC (Allocation Failure) 2020-10-28T10:43:17.700+0000: [ParNew: 16388K->4K(18432K), 0.0020528 secs] 515016K->498632K(685476K), 0.0020995 secs] [Times: user=0.01 sys=0.00, real=0.00 secs] 
2020-10-28T10:43:17.718+0000: [GC (Allocation Failure) 2020-10-28T10:43:17.718+0000: [ParNew: 16388K->4K(18432K), 0.0020064 secs] 515016K->498632K(685476K), 0.0020596 secs] [Times: user=0.00 sys=0.00, real=0.00 secs] 
2020-10-28T10:43:17.736+0000: [GC (Allocation Failure) 2020-10-28T10:43:17.736+0000: [ParNew: 16388K->4K(18432K), 0.0020429 secs] 515016K->498632K(685476K), 0.0020858 secs] [Times: user=0.00 sys=0.00, real=0.01 secs] 
2020-10-28T10:43:17.757+0000: [GC (Allocation Failure) 2020-10-28T10:43:17.757+0000: [ParNew: 16388K->4K(18432K), 0.0020712 secs] 515016K->498632K(685476K), 0.0021250 secs] [Times: user=0.01 sys=0.00, real=0.01 secs] 
2020-10-28T10:43:17.775+0000: [GC (Allocation Failure) 2020-10-28T10:43:17.775+0000: [ParNew: 16388K->4K(18432K), 0.0021113 secs] 515016K->498632K(685476K), 0.0021581 secs] [Times: user=0.00 sys=0.00, real=0.00 secs] 
2020-10-28T10:43:17.794+0000: [GC (Allocation Failure) 2020-10-28T10:43:17.794+0000: [ParNew: 16388K->4K(18432K), 0.0019539 secs] 515016K->498632K(685476K), 0.0019980 secs] [Times: user=0.00 sys=0.00, real=0.00 secs] 
2020-10-28T10:43:17.811+0000: [GC (Allocation Failure) 2020-10-28T10:43:17.811+0000: [ParNew: 16388K->4K(18432K), 0.0019564 secs] 515016K->498632K(685476K), 0.0020013 secs] [Times: user=0.01 sys=0.00, real=0.00 secs] 
2020-10-28T10:43:17.830+0000: [GC (Allocation Failure) 2020-10-28T10:43:17.830+0000: [ParNew: 16388K->4K(18432K), 0.0019629 secs] 515016K->498632K(685476K), 0.0020073 secs] [Times: user=0.01 sys=0.00, real=0.00 secs] 
2020-10-28T10:43:17.847+0000: [GC (Allocation Failure) 2020-10-28T10:43:17.847+0000: [ParNew: 16388K->4K(18432K), 0.0019294 secs] 515016K->498632K(685476K), 0.0019724 secs] [Times: user=0.00 sys=0.00, real=0.00 secs] 
2020-10-28T10:43:17.866+0000: [GC (Allocation Failure) 2020-10-28T10:43:17.866+0000: [ParNew: 16372K->4K(18432K), 0.0019649 secs] 515000K->498632K(685476K), 0.0020072 secs] [Times: user=0.00 sys=0.00, real=0.00 secs] 
2020-10-28T10:43:17.883+0000: [GC (Allocation Failure) 2020-10-28T10:43:17.884+0000: [ParNew: 16388K->4K(18432K), 0.0031344 secs] 515016K->498632K(685476K), 0.0031806 secs] [Times: user=0.01 sys=0.00, real=0.00 secs] 
2020-10-28T10:43:17.903+0000: [GC (Allocation Failure) 2020-10-28T10:43:17.903+0000: [ParNew: 16388K->4K(18432K), 0.0021537 secs] 515016K->498632K(685476K), 0.0022012 secs] [Times: user=0.00 sys=0.00, real=0.00 secs] 
2020-10-28T10:43:17.921+0000: [GC (Allocation Failure) 2020-10-28T10:43:17.921+0000: [ParNew: 16388K->4K(18432K), 0.0020466 secs] 515016K->498632K(685476K), 0.0020912 secs] [Times: user=0.00 sys=0.00, real=0.00 secs] 
2020-10-28T10:43:17.942+0000: [GC (Allocation Failure) 2020-10-28T10:43:17.942+0000: [ParNew: 16388K->4K(18432K), 0.0021225 secs] 515016K->498632K(685476K), 0.0021702 secs] [Times: user=0.00 sys=0.00, real=0.00 secs] 
2020-10-28T10:43:17.962+0000: [GC (Allocation Failure) 2020-10-28T10:43:17.962+0000: [ParNew: 16388K->4K(18432K), 0.0022101 secs] 515016K->498632K(685476K), 0.0022593 secs] [Times: user=0.01 sys=0.00, real=0.00 secs] 
2020-10-28T10:43:17.980+0000: [GC (Allocation Failure) 2020-10-28T10:43:17.980+0000: [ParNew: 16388K->4K(18432K), 0.0021721 secs] 515016K->498632K(685476K), 0.0022368 secs] [Times: user=0.00 sys=0.00, real=0.00 secs] 
2020-10-28T10:43:17.998+0000: [GC (Allocation Failure) 2020-10-28T10:43:17.998+0000: [ParNew: 16388K->4K(18432K), 0.0022134 secs] 515016K->498632K(685476K), 0.0022621 secs] [Times: user=0.00 sys=0.00, real=0.00 secs] 
2020-10-28T10:43:18.016+0000: [GC (Allocation Failure) 2020-10-28T10:43:18.016+0000: [ParNew: 16388K->4K(18432K), 0.0024253 secs] 515016K->498632K(685476K), 0.0024792 secs] [Times: user=0.01 sys=0.00, real=0.01 secs] 
2020-10-28T10:43:18.035+0000: [GC (Allocation Failure) 2020-10-28T10:43:18.035+0000: [ParNew: 16388K->4K(18432K), 0.0023839 secs] 515016K->498632K(685476K), 0.0024346 secs] [Times: user=0.00 sys=0.00, real=0.00 secs] 
2020-10-28T10:43:18.053+0000: [GC (Allocation Failure) 2020-10-28T10:43:18.053+0000: [ParNew: 16388K->4K(18432K), 0.0022480 secs] 515016K->498632K(685476K), 0.0022959 secs] [Times: user=0.00 sys=0.00, real=0.00 secs] 
2020-10-28T10:43:18.074+0000: [GC (Allocation Failure) 2020-10-28T10:43:18.074+0000: [ParNew: 16388K->4K(18432K), 0.0019843 secs] 515016K->498632K(685476K), 0.0020278 secs] [Times: user=0.01 sys=0.00, real=0.00 secs] 
2020-10-28T10:43:18.091+0000: [GC (Allocation Failure) 2020-10-28T10:43:18.091+0000: [ParNew: 16388K->4K(18432K), 0.0021720 secs] 515016K->498632K(685476K), 0.0022349 secs] [Times: user=0.00 sys=0.00, real=0.00 secs] 
2020-10-28T10:43:18.113+0000: [GC (Allocation Failure) 2020-10-28T10:43:18.113+0000: [ParNew: 16388K->4K(18432K), 0.0022117 secs] 515016K->498632K(685476K), 0.0022602 secs] [Times: user=0.00 sys=0.00, real=0.00 secs] 
2020-10-28T10:43:18.131+0000: [GC (Allocation Failure) 2020-10-28T10:43:18.131+0000: [ParNew: 16388K->4K(18432K), 0.0020143 secs] 515016K->498632K(685476K), 0.0020595 secs] [Times: user=0.01 sys=0.00, real=0.00 secs] 
2020-10-28T10:43:18.150+0000: [GC (Allocation Failure) 2020-10-28T10:43:18.150+0000: [ParNew: 16388K->4K(18432K), 0.0020089 secs] 515016K->498632K(685476K), 0.0020533 secs] [Times: user=0.00 sys=0.00, real=0.00 secs] 
2020-10-28T10:43:18.170+0000: [GC (Allocation Failure) 2020-10-28T10:43:18.170+0000: [ParNew: 16388K->4K(18432K), 0.0021415 secs] 515016K->498632K(685476K), 0.0021942 secs] [Times: user=0.00 sys=0.00, real=0.00 secs] 
2020-10-28T10:43:18.188+0000: [GC (Allocation Failure) 2020-10-28T10:43:18.188+0000: [ParNew: 16388K->4K(18432K), 0.0022096 secs] 515016K->498632K(685476K), 0.0022590 secs] [Times: user=0.01 sys=0.00, real=0.01 secs] 
2020-10-28T10:43:18.205+0000: [GC (Allocation Failure) 2020-10-28T10:43:18.205+0000: [ParNew: 16388K->4K(18432K), 0.0023659 secs] 515016K->498632K(685476K), 0.0024185 secs] [Times: user=0.00 sys=0.00, real=0.00 secs] 
2020-10-28T10:43:18.223+0000: [GC (Allocation Failure) 2020-10-28T10:43:18.223+0000: [ParNew: 16388K->4K(18432K), 0.0023151 secs] 515016K->498632K(685476K), 0.0023658 secs] [Times: user=0.01 sys=0.00, real=0.00 secs] 
2020-10-28T10:43:18.245+0000: [GC (Allocation Failure) 2020-10-28T10:43:18.245+0000: [ParNew: 16388K->4K(18432K), 0.0020816 secs] 515016K->498632K(685476K), 0.0021265 secs] [Times: user=0.01 sys=0.00, real=0.00 secs] 
2020-10-28T10:43:18.266+0000: [GC (Allocation Failure) 2020-10-28T10:43:18.266+0000: [ParNew: 16388K->4K(18432K), 0.0022654 secs] 515016K->498632K(685476K), 0.0023160 secs] [Times: user=0.00 sys=0.00, real=0.00 secs] 
2020-10-28T10:43:18.284+0000: [GC (Allocation Failure) 2020-10-28T10:43:18.284+0000: [ParNew: 16388K->4K(18432K), 0.0023928 secs] 515016K->498632K(685476K), 0.0024552 secs] [Times: user=0.01 sys=0.00, real=0.00 secs] 
2020-10-28T10:43:18.302+0000: [GC (Allocation Failure) 2020-10-28T10:43:18.302+0000: [ParNew: 16388K->4K(18432K), 0.0023881 secs] 515016K->498632K(685476K), 0.0024409 secs] [Times: user=0.00 sys=0.00, real=0.00 secs] 
2020-10-28T10:43:18.322+0000: [GC (Allocation Failure) 2020-10-28T10:43:18.322+0000: [ParNew: 16388K->4K(18432K), 0.0021778 secs] 515016K->498632K(685476K), 0.0022264 secs] [Times: user=0.00 sys=0.01, real=0.00 secs] 
2020-10-28T10:43:18.339+0000: [GC (Allocation Failure) 2020-10-28T10:43:18.339+0000: [ParNew: 16388K->4K(18432K), 0.0021096 secs] 515016K->498632K(685476K), 0.0021572 secs] [Times: user=0.01 sys=0.00, real=0.00 secs] 
2020-10-28T10:43:18.361+0000: [GC (Allocation Failure) 2020-10-28T10:43:18.362+0000: [ParNew: 16388K->4K(18432K), 0.0021449 secs] 515016K->498632K(685476K), 0.0021901 secs] [Times: user=0.00 sys=0.00, real=0.00 secs] 
2020-10-28T10:43:18.380+0000: [GC (Allocation Failure) 2020-10-28T10:43:18.380+0000: [ParNew: 16388K->4K(18432K), 0.0021382 secs] 515016K->498632K(685476K), 0.0022010 secs] [Times: user=0.00 sys=0.00, real=0.00 secs] 
2020-10-28T10:43:18.397+0000: [GC (Allocation Failure) 2020-10-28T10:43:18.397+0000: [ParNew: 16388K->4K(18432K), 0.0023678 secs] 515016K->498632K(685476K), 0.0024160 secs] [Times: user=0.00 sys=0.00, real=0.01 secs] 
2020-10-28T10:43:18.416+0000: [GC (Allocation Failure) 2020-10-28T10:43:18.416+0000: [ParNew: 16388K->4K(18432K), 0.0023298 secs] 515016K->498632K(685476K), 0.0023788 secs] [Times: user=0.01 sys=0.00, real=0.01 secs] 
2020-10-28T10:43:18.434+0000: [GC (Allocation Failure) 2020-10-28T10:43:18.434+0000: [ParNew: 16388K->4K(18432K), 0.0023971 secs] 515016K->498632K(685476K), 0.0024495 secs] [Times: user=0.00 sys=0.00, real=0.00 secs] 
2020-10-28T10:43:18.453+0000: [GC (Allocation Failure) 2020-10-28T10:43:18.453+0000: [ParNew: 16388K->4K(18432K), 0.0024618 secs] 515016K->498632K(685476K), 0.0025170 secs] [Times: user=0.01 sys=0.00, real=0.00 secs] 
2020-10-28T10:43:18.471+0000: [GC (Allocation Failure) 2020-10-28T10:43:18.472+0000: [ParNew: 16388K->4K(18432K), 0.0021940 secs] 515016K->498632K(685476K), 0.0022539 secs] [Times: user=0.00 sys=0.00, real=0.00 secs] 
2020-10-28T10:43:18.490+0000: [GC (Allocation Failure) 2020-10-28T10:43:18.490+0000: [ParNew: 16388K->4K(18432K), 0.0020939 secs] 515016K->498632K(685476K), 0.0021390 secs] [Times: user=0.01 sys=0.00, real=0.00 secs] 
2020-10-28T10:43:18.508+0000: [GC (Allocation Failure) 2020-10-28T10:43:18.508+0000: [ParNew: 16388K->4K(18432K), 0.0022372 secs] 515016K->498632K(685476K), 0.0022884 secs] [Times: user=0.00 sys=0.00, real=0.01 secs] 
2020-10-28T10:43:18.526+0000: [GC (Allocation Failure) 2020-10-28T10:43:18.526+0000: [ParNew: 16388K->4K(18432K), 0.0023131 secs] 515016K->498632K(685476K), 0.0023635 secs] [Times: user=0.01 sys=0.00, real=0.00 secs] 
2020-10-28T10:43:18.546+0000: [GC (Allocation Failure) 2020-10-28T10:43:18.546+0000: [ParNew: 16388K->4K(18432K), 0.0024250 secs] 515016K->498632K(685476K), 0.0024788 secs] [Times: user=0.00 sys=0.00, real=0.00 secs] 
2020-10-28T10:43:18.564+0000: [GC (Allocation Failure) 2020-10-28T10:43:18.564+0000: [ParNew: 16388K->4K(18432K), 0.0023401 secs] 515016K->498632K(685476K), 0.0023923 secs] [Times: user=0.01 sys=0.00, real=0.00 secs] 
2020-10-28T10:43:18.586+0000: [GC (Allocation Failure) 2020-10-28T10:43:18.586+0000: [ParNew: 16388K->4K(18432K), 0.0020686 secs] 515016K->498632K(685476K), 0.0021120 secs] [Times: user=0.00 sys=0.00, real=0.00 secs] 
2020-10-28T10:43:18.606+0000: [GC (Allocation Failure) 2020-10-28T10:43:18.606+0000: [ParNew: 16388K->4K(18432K), 0.0021523 secs] 515016K->498632K(685476K), 0.0022001 secs] [Times: user=0.00 sys=0.00, real=0.00 secs] 
2020-10-28T10:43:18.624+0000: [GC (Allocation Failure) 2020-10-28T10:43:18.624+0000: [ParNew: 16388K->4K(18432K), 0.0023299 secs] 515016K->498632K(685476K), 0.0023879 secs] [Times: user=0.00 sys=0.00, real=0.00 secs] 
2020-10-28T10:43:18.642+0000: [GC (Allocation Failure) 2020-10-28T10:43:18.642+0000: [ParNew: 16388K->4K(18432K), 0.0021025 secs] 515016K->498632K(685476K), 0.0021479 secs] [Times: user=0.01 sys=0.00, real=0.00 secs] 
2020-10-28T10:43:18.660+0000: [GC (Allocation Failure) 2020-10-28T10:43:18.660+0000: [ParNew: 16388K->4K(18432K), 0.0019891 secs] 515016K->498632K(685476K), 0.0020333 secs] [Times: user=0.00 sys=0.00, real=0.00 secs] 
2020-10-28T10:43:18.677+0000: [GC (Allocation Failure) 2020-10-28T10:43:18.677+0000: [ParNew: 16388K->4K(18432K), 0.0023390 secs] 515016K->498632K(685476K), 0.0023890 secs] [Times: user=0.01 sys=0.00, real=0.01 secs] 
2020-10-28T10:43:18.696+0000: [GC (Allocation Failure) 2020-10-28T10:43:18.696+0000: [ParNew: 16388K->4K(18432K), 0.0023810 secs] 515016K->498632K(685476K), 0.0024324 secs] [Times: user=0.00 sys=0.00, real=0.01 secs] 
2020-10-28T10:43:18.714+0000: [GC (Allocation Failure) 2020-10-28T10:43:18.714+0000: [ParNew: 16388K->4K(18432K), 0.0023779 secs] 515016K->498632K(685476K), 0.0024297 secs] [Times: user=0.00 sys=0.00, real=0.00 secs] 
2020-10-28T10:43:18.734+0000: [GC (Allocation Failure) 2020-10-28T10:43:18.735+0000: [ParNew: 16388K->4K(18432K), 0.0024720 secs] 515016K->498632K(685476K), 0.0025308 secs] [Times: user=0.00 sys=0.00, real=0.00 secs] 
2020-10-28T10:43:18.753+0000: [GC (Allocation Failure) 2020-10-28T10:43:18.753+0000: [ParNew: 16388K->4K(18432K), 0.0021448 secs] 515016K->498632K(685476K), 0.0021911 secs] [Times: user=0.01 sys=0.00, real=0.00 secs] 
2020-10-28T10:43:18.773+0000: [GC (Allocation Failure) 2020-10-28T10:43:18.773+0000: [ParNew: 16388K->4K(18432K), 0.0024959 secs] 515016K->498632K(685476K), 0.0025518 secs] [Times: user=0.00 sys=0.00, real=0.00 secs] 
2020-10-28T10:43:18.798+0000: [GC (Allocation Failure) 2020-10-28T10:43:18.798+0000: [ParNew: 16388K->4K(18432K), 0.0024164 secs] 515016K->498632K(685476K), 0.0024628 secs] [Times: user=0.00 sys=0.00, real=0.00 secs] 
2020-10-28T10:43:18.816+0000: [GC (Allocation Failure) 2020-10-28T10:43:18.816+0000: [ParNew: 16388K->4K(18432K), 0.0021288 secs] 515016K->498632K(685476K), 0.0021729 secs] [Times: user=0.01 sys=0.00, real=0.01 secs] 
2020-10-28T10:43:18.838+0000: [GC (Allocation Failure) 2020-10-28T10:43:18.838+0000: [ParNew: 16388K->4K(18432K), 0.0020411 secs] 515016K->498632K(685476K), 0.0020850 secs] [Times: user=0.01 sys=0.00, real=0.00 secs] 
2020-10-28T10:43:18.858+0000: [GC (Allocation Failure) 2020-10-28T10:43:18.858+0000: [ParNew: 16388K->4K(18432K), 0.0024077 secs] 515016K->498632K(685476K), 0.0024597 secs] [Times: user=0.00 sys=0.00, real=0.00 secs] 
2020-10-28T10:43:18.876+0000: [GC (Allocation Failure) 2020-10-28T10:43:18.876+0000: [ParNew: 16388K->4K(18432K), 0.0025295 secs] 515016K->498632K(685476K), 0.0025840 secs] [Times: user=0.01 sys=0.00, real=0.01 secs] 
2020-10-28T10:43:18.895+0000: [GC (Allocation Failure) 2020-10-28T10:43:18.895+0000: [ParNew: 16388K->4K(18432K), 0.0022784 secs] 515016K->498633K(685476K), 0.0023268 secs] [Times: user=0.01 sys=0.00, real=0.00 secs] 
2020-10-28T10:43:18.913+0000: [GC (Allocation Failure) 2020-10-28T10:43:18.913+0000: [ParNew: 16388K->4K(18432K), 0.0021798 secs] 515017K->498633K(685476K), 0.0022282 secs] [Times: user=0.00 sys=0.00, real=0.00 secs] 
2020-10-28T10:43:18.933+0000: [GC (Allocation Failure) 2020-10-28T10:43:18.933+0000: [ParNew: 16388K->4K(18432K), 0.0021561 secs] 515017K->498633K(685476K), 0.0021997 secs] [Times: user=0.00 sys=0.00, real=0.00 secs] 
2020-10-28T10:43:18.951+0000: [GC (Allocation Failure) 2020-10-28T10:43:18.951+0000: [ParNew: 16388K->4K(18432K), 0.0022182 secs] 515017K->498633K(685476K), 0.0022677 secs] [Times: user=0.01 sys=0.00, real=0.00 secs] 
2020-10-28T10:43:18.969+0000: [GC (Allocation Failure) 2020-10-28T10:43:18.969+0000: [ParNew: 16388K->4K(18432K), 0.0020340 secs] 515017K->498633K(685476K), 0.0020789 secs] [Times: user=0.00 sys=0.00, real=0.01 secs] 
2020-10-28T10:43:18.990+0000: [GC (Allocation Failure) 2020-10-28T10:43:18.990+0000: [ParNew: 16388K->4K(18432K), 0.0020193 secs] 515017K->498633K(685476K), 0.0020658 secs] [Times: user=0.01 sys=0.00, real=0.00 secs] 
2020-10-28T10:43:19.007+0000: [GC (Allocation Failure) 2020-10-28T10:43:19.007+0000: [ParNew: 16388K->4K(18432K), 0.0020774 secs] 515017K->498633K(685476K), 0.0021253 secs] [Times: user=0.00 sys=0.00, real=0.00 secs] 
2020-10-28T10:43:19.025+0000: [GC (Allocation Failure) 2020-10-28T10:43:19.025+0000: [ParNew: 16388K->4K(18432K), 0.0023109 secs] 515017K->498633K(685476K), 0.0023599 secs] [Times: user=0.01 sys=0.00, real=0.00 secs] 
2020-10-28T10:43:19.043+0000: [GC (Allocation Failure) 2020-10-28T10:43:19.043+0000: [ParNew: 16388K->4K(18432K), 0.0021758 secs] 515017K->498633K(685476K), 0.0022178 secs] [Times: user=0.00 sys=0.00, real=0.00 secs] 
2020-10-28T10:43:19.061+0000: [GC (Allocation Failure) 2020-10-28T10:43:19.061+0000: [ParNew: 16388K->4K(18432K), 0.0021567 secs] 515017K->498633K(685476K), 0.0022055 secs] [Times: user=0.00 sys=0.00, real=0.00 secs] 
2020-10-28T10:43:19.082+0000: [GC (Allocation Failure) 2020-10-28T10:43:19.082+0000: [ParNew: 16388K->4K(18432K), 0.0023587 secs] 515017K->498633K(685476K), 0.0024124 secs] [Times: user=0.00 sys=0.00, real=0.00 secs] 
2020-10-28T10:43:19.102+0000: [GC (Allocation Failure) 2020-10-28T10:43:19.102+0000: [ParNew: 16388K->4K(18432K), 0.0021830 secs] 515017K->498633K(685476K), 0.0022322 secs] [Times: user=0.01 sys=0.00, real=0.00 secs] 
2020-10-28T10:43:19.122+0000: [GC (Allocation Failure) 2020-10-28T10:43:19.122+0000: [ParNew: 16388K->4K(18432K), 0.0021361 secs] 515017K->498633K(685476K), 0.0021843 secs] [Times: user=0.00 sys=0.00, real=0.00 secs] 
2020-10-28T10:43:19.139+0000: [GC (Allocation Failure) 2020-10-28T10:43:19.139+0000: [ParNew: 16388K->4K(18432K), 0.0021205 secs] 515017K->498633K(685476K), 0.0021889 secs] [Times: user=0.01 sys=0.00, real=0.00 secs] 
2020-10-28T10:43:19.157+0000: [GC (Allocation Failure) 2020-10-28T10:43:19.157+0000: [ParNew: 16388K->4K(18432K), 0.0020696 secs] 515017K->498633K(685476K), 0.0021152 secs] [Times: user=0.01 sys=0.00, real=0.01 secs] 
2020-10-28T10:43:19.181+0000: [GC (Allocation Failure) 2020-10-28T10:43:19.181+0000: [ParNew: 16388K->4K(18432K), 0.0023192 secs] 515017K->498633K(685476K), 0.0023706 secs] [Times: user=0.00 sys=0.00, real=0.00 secs] 
2020-10-28T10:43:19.202+0000: [GC (Allocation Failure) 2020-10-28T10:43:19.202+0000: [ParNew: 16388K->4K(18432K), 0.0020312 secs] 515017K->498633K(685476K), 0.0020771 secs] [Times: user=0.00 sys=0.00, real=0.00 secs] 
2020-10-28T10:43:19.222+0000: [GC (Allocation Failure) 2020-10-28T10:43:19.222+0000: [ParNew: 16388K->4K(18432K), 0.0021872 secs] 515017K->498633K(685476K), 0.0022377 secs] [Times: user=0.00 sys=0.00, real=0.00 secs] 
2020-10-28T10:43:19.242+0000: [GC (Allocation Failure) 2020-10-28T10:43:19.242+0000: [ParNew: 16388K->4K(18432K), 0.0021940 secs] 515017K->498633K(685476K), 0.0022459 secs] [Times: user=0.00 sys=0.00, real=0.00 secs] 
2020-10-28T10:43:19.262+0000: [GC (Allocation Failure) 2020-10-28T10:43:19.262+0000: [ParNew: 16388K->4K(18432K), 0.0021439 secs] 515017K->498633K(685476K), 0.0021915 secs] [Times: user=0.00 sys=0.00, real=0.00 secs] 
2020-10-28T10:43:19.279+0000: [GC (Allocation Failure) 2020-10-28T10:43:19.279+0000: [ParNew: 16388K->4K(18432K), 0.0023042 secs] 515017K->498633K(685476K), 0.0023610 secs] [Times: user=0.01 sys=0.00, real=0.00 secs] 
2020-10-28T10:43:19.298+0000: [GC (Allocation Failure) 2020-10-28T10:43:19.298+0000: [ParNew: 16388K->4K(18432K), 0.0024110 secs] 515017K->498633K(685476K), 0.0024636 secs] [Times: user=0.00 sys=0.00, real=0.00 secs] 
2020-10-28T10:43:19.318+0000: [GC (Allocation Failure) 2020-10-28T10:43:19.318+0000: [ParNew: 16388K->4K(18432K), 0.0021079 secs] 515017K->498633K(685476K), 0.0021555 secs] [Times: user=0.00 sys=0.00, real=0.00 secs] 
2020-10-28T10:43:19.335+0000: [GC (Allocation Failure) 2020-10-28T10:43:19.335+0000: [ParNew: 16388K->4K(18432K), 0.0022781 secs] 515017K->498633K(685476K), 0.0023438 secs] [Times: user=0.01 sys=0.00, real=0.01 secs] 
2020-10-28T10:43:19.353+0000: [GC (Allocation Failure) 2020-10-28T10:43:19.353+0000: [ParNew: 16388K->4K(18432K), 0.0022689 secs] 515017K->498633K(685476K), 0.0023203 secs] [Times: user=0.00 sys=0.00, real=0.00 secs] 
2020-10-28T10:43:19.371+0000: [GC (Allocation Failure) 2020-10-28T10:43:19.371+0000: [ParNew: 16388K->4K(18432K), 0.0020594 secs] 515017K->498633K(685476K), 0.0021074 secs] [Times: user=0.01 sys=0.00, real=0.00 secs] 
2020-10-28T10:43:19.389+0000: [GC (Allocation Failure) 2020-10-28T10:43:19.389+0000: [ParNew: 16388K->4K(18432K), 0.0022013 secs] 515017K->498633K(685476K), 0.0022499 secs] [Times: user=0.00 sys=0.00, real=0.01 secs] 
2020-10-28T10:43:19.407+0000: [GC (Allocation Failure) 2020-10-28T10:43:19.407+0000: [ParNew: 16388K->4K(18432K), 0.0022094 secs] 515017K->498633K(685476K), 0.0022590 secs] [Times: user=0.01 sys=0.00, real=0.00 secs] 
2020-10-28T10:43:19.426+0000: [GC (Allocation Failure) 2020-10-28T10:43:19.426+0000: [ParNew: 16388K->4K(18432K), 0.0021415 secs] 515017K->498633K(685476K), 0.0021876 secs] [Times: user=0.01 sys=0.00, real=0.00 secs] 
2020-10-28T10:43:19.446+0000: [GC (Allocation Failure) 2020-10-28T10:43:19.446+0000: [ParNew: 16388K->4K(18432K), 0.0020305 secs] 515017K->498633K(685476K), 0.0020741 secs] [Times: user=0.00 sys=0.00, real=0.00 secs] 
2020-10-28T10:43:19.466+0000: [GC (Allocation Failure) 2020-10-28T10:43:19.466+0000: [ParNew: 16388K->4K(18432K), 0.0020601 secs] 515017K->498633K(685476K), 0.0021052 secs] [Times: user=0.00 sys=0.00, real=0.00 secs] 
2020-10-28T10:43:19.486+0000: [GC (Allocation Failure) 2020-10-28T10:43:19.486+0000: [ParNew: 16388K->4K(18432K), 0.0022658 secs] 515017K->498633K(685476K), 0.0023149 secs] [Times: user=0.00 sys=0.00, real=0.00 secs] 
2020-10-28T10:43:19.503+0000: [GC (Allocation Failure) 2020-10-28T10:43:19.503+0000: [ParNew: 16388K->4K(18432K), 0.0021924 secs] 515017K->498633K(685476K), 0.0022397 secs] [Times: user=0.00 sys=0.00, real=0.00 secs] 
2020-10-28T10:43:19.521+0000: [GC (Allocation Failure) 2020-10-28T10:43:19.521+0000: [ParNew: 16388K->4K(18432K), 0.0021080 secs] 515017K->498633K(685476K), 0.0021535 secs] [Times: user=0.01 sys=0.00, real=0.00 secs] 
2020-10-28T10:43:19.542+0000: [GC (Allocation Failure) 2020-10-28T10:43:19.542+0000: [ParNew: 16388K->4K(18432K), 0.0021845 secs] 515017K->498633K(685476K), 0.0022841 secs] [Times: user=0.00 sys=0.00, real=0.00 secs] 
2020-10-28T10:43:19.562+0000: [GC (Allocation Failure) 2020-10-28T10:43:19.562+0000: [ParNew: 16388K->4K(18432K), 0.0023317 secs] 515017K->498633K(685476K), 0.0023843 secs] [Times: user=0.01 sys=0.00, real=0.00 secs] 
2020-10-28T10:43:19.582+0000: [GC (Allocation Failure) 2020-10-28T10:43:19.582+0000: [ParNew: 16388K->4K(18432K), 0.0023389 secs] 515017K->498633K(685476K), 0.0023915 secs] [Times: user=0.01 sys=0.00, real=0.00 secs] 
2020-10-28T10:43:19.600+0000: [GC (Allocation Failure) 2020-10-28T10:43:19.600+0000: [ParNew: 16388K->4K(18432K), 0.0020975 secs] 515017K->498633K(685476K), 0.0021445 secs] [Times: user=0.00 sys=0.00, real=0.00 secs] 
2020-10-28T10:43:19.617+0000: [GC (Allocation Failure) 2020-10-28T10:43:19.617+0000: [ParNew: 16388K->4K(18432K), 0.0022482 secs] 515017K->498633K(685476K), 0.0022978 secs] [Times: user=0.00 sys=0.00, real=0.01 secs] 
2020-10-28T10:43:19.635+0000: [GC (Allocation Failure) 2020-10-28T10:43:19.635+0000: [ParNew: 16372K->4K(18432K), 0.0023270 secs] 515001K->498633K(685476K), 0.0023801 secs] [Times: user=0.01 sys=0.00, real=0.00 secs] 
2020-10-28T10:43:19.653+0000: [GC (Allocation Failure) 2020-10-28T10:43:19.653+0000: [ParNew: 16388K->4K(18432K), 0.0024461 secs] 515017K->498633K(685476K), 0.0025006 secs] [Times: user=0.00 sys=0.00, real=0.00 secs] 
2020-10-28T10:43:19.674+0000: [GC (Allocation Failure) 2020-10-28T10:43:19.674+0000: [ParNew: 16388K->4K(18432K), 0.0021042 secs] 515017K->498633K(685476K), 0.0021532 secs] [Times: user=0.00 sys=0.00, real=0.00 secs] 
2020-10-28T10:43:19.691+0000: [GC (Allocation Failure) 2020-10-28T10:43:19.691+0000: [ParNew: 16388K->4K(18432K), 0.0023456 secs] 515017K->498633K(685476K), 0.0023999 secs] [Times: user=0.00 sys=0.00, real=0.00 secs] 
2020-10-28T10:43:19.709+0000: [GC (Allocation Failure) 2020-10-28T10:43:19.709+0000: [ParNew: 16388K->4K(18432K), 0.0023169 secs] 515017K->498633K(685476K), 0.0023753 secs] [Times: user=0.00 sys=0.00, real=0.01 secs] 
2020-10-28T10:43:19.727+0000: [GC (Allocation Failure) 2020-10-28T10:43:19.727+0000: [ParNew: 16388K->4K(18432K), 0.0021592 secs] 515017K->498633K(685476K), 0.0022078 secs] [Times: user=0.01 sys=0.00, real=0.01 secs] 
2020-10-28T10:43:19.745+0000: [GC (Allocation Failure) 2020-10-28T10:43:19.745+0000: [ParNew: 16388K->4K(18432K), 0.0020867 secs] 515017K->498633K(685476K), 0.0021335 secs] [Times: user=0.00 sys=0.00, real=0.00 secs] 
2020-10-28T10:43:19.762+0000: [GC (Allocation Failure) 2020-10-28T10:43:19.763+0000: [ParNew: 16388K->4K(18432K), 0.0021035 secs] 515017K->498633K(685476K), 0.0021520 secs] [Times: user=0.00 sys=0.00, real=0.00 secs] 
2020-10-28T10:43:19.780+0000: [GC (Allocation Failure) 2020-10-28T10:43:19.780+0000: [ParNew: 16388K->4K(18432K), 0.0021686 secs] 515017K->498633K(685476K), 0.0022176 secs] [Times: user=0.00 sys=0.00, real=0.00 secs] 
2020-10-28T10:43:19.798+0000: [GC (Allocation Failure) 2020-10-28T10:43:19.798+0000: [ParNew: 16388K->4K(18432K), 0.0023177 secs] 515017K->498633K(685476K), 0.0023708 secs] [Times: user=0.01 sys=0.00, real=0.00 secs] 
2020-10-28T10:43:19.816+0000: [GC (Allocation Failure) 2020-10-28T10:43:19.816+0000: [ParNew: 16388K->4K(18432K), 0.0023972 secs] 515017K->498633K(685476K), 0.0024539 secs] [Times: user=0.00 sys=0.00, real=0.01 secs] 
2020-10-28T10:43:19.838+0000: [GC (Allocation Failure) 2020-10-28T10:43:19.838+0000: [ParNew: 16388K->4K(18432K), 0.0023115 secs] 515017K->498633K(685476K), 0.0023617 secs] [Times: user=0.00 sys=0.00, real=0.00 secs] 
2020-10-28T10:43:19.862+0000: [GC (Allocation Failure) 2020-10-28T10:43:19.862+0000: [ParNew: 16388K->4K(18432K), 0.0023509 secs] 515017K->498633K(685476K), 0.0023989 secs] [Times: user=0.01 sys=0.00, real=0.00 secs] 
2020-10-28T10:43:19.881+0000: [GC (Allocation Failure) 2020-10-28T10:43:19.881+0000: [ParNew: 16388K->4K(18432K), 0.0023429 secs] 515017K->498633K(685476K), 0.0023933 secs] [Times: user=0.00 sys=0.00, real=0.00 secs] 
2020-10-28T10:43:19.899+0000: [GC (Allocation Failure) 2020-10-28T10:43:19.899+0000: [ParNew: 16388K->4K(18432K), 0.0022664 secs] 515017K->498633K(685476K), 0.0023151 secs] [Times: user=0.01 sys=0.00, real=0.00 secs] 
2020-10-28T10:43:19.922+0000: [GC (Allocation Failure) 2020-10-28T10:43:19.922+0000: [ParNew: 16388K->4K(18432K), 0.0022124 secs] 515017K->498633K(685476K), 0.0022615 secs] [Times: user=0.01 sys=0.00, real=0.00 secs] 
2020-10-28T10:43:19.942+0000: [GC (Allocation Failure) 2020-10-28T10:43:19.942+0000: [ParNew: 16388K->4K(18432K), 0.0021955 secs] 515017K->498633K(685476K), 0.0022431 secs] [Times: user=0.01 sys=0.00, real=0.00 secs] 
2020-10-28T10:43:19.961+0000: [GC (Allocation Failure) 2020-10-28T10:43:19.961+0000: [ParNew: 16388K->4K(18432K), 0.0021060 secs] 515017K->498633K(685476K), 0.0021528 secs] [Times: user=0.00 sys=0.00, real=0.00 secs] 
2020-10-28T10:43:19.979+0000: [GC (Allocation Failure) 2020-10-28T10:43:19.979+0000: [ParNew: 16388K->4K(18432K), 0.0020988 secs] 515017K->498633K(685476K), 0.0021456 secs] [Times: user=0.00 sys=0.00, real=0.00 secs] 
2020-10-28T10:43:19.997+0000: [GC (Allocation Failure) 2020-10-28T10:43:19.997+0000: [ParNew: 16388K->4K(18432K), 0.0020485 secs] 515017K->498633K(685476K), 0.0020939 secs] [Times: user=0.01 sys=0.00, real=0.01 secs] 
2020-10-28T10:43:20.015+0000: [GC (Allocation Failure) 2020-10-28T10:43:20.015+0000: [ParNew: 16388K->4K(18432K), 0.0020376 secs] 515017K->498633K(685476K), 0.0020837 secs] [Times: user=0.00 sys=0.00, real=0.00 secs] 
2020-10-28T10:43:20.036+0000: [GC (Allocation Failure) 2020-10-28T10:43:20.037+0000: [ParNew: 16388K->4K(18432K), 0.0022344 secs] 515017K->498633K(685476K), 0.0022866 secs] [Times: user=0.01 sys=0.00, real=0.01 secs] 
2020-10-28T10:43:20.058+0000: [GC (Allocation Failure) 2020-10-28T10:43:20.058+0000: [ParNew: 16388K->4K(18432K), 0.0023801 secs] 515017K->498633K(685476K), 0.0024327 secs] [Times: user=0.00 sys=0.00, real=0.00 secs] 
2020-10-28T10:43:20.076+0000: [GC (Allocation Failure) 2020-10-28T10:43:20.076+0000: [ParNew: 16388K->4K(18432K), 0.0020753 secs] 515017K->498633K(685476K), 0.0021243 secs] [Times: user=0.00 sys=0.00, real=0.01 secs] 
2020-10-28T10:43:20.093+0000: [GC (Allocation Failure) 2020-10-28T10:43:20.093+0000: [ParNew: 16388K->4K(18432K), 0.0020267 secs] 515017K->498633K(685476K), 0.0020731 secs] [Times: user=0.01 sys=0.00, real=0.00 secs] 
2020-10-28T10:43:20.114+0000: [GC (Allocation Failure) 2020-10-28T10:43:20.114+0000: [ParNew: 16388K->4K(18432K), 0.0021326 secs] 515017K->498633K(685476K), 0.0021791 secs] [Times: user=0.00 sys=0.00, real=0.00 secs] 
2020-10-28T10:43:20.134+0000: [GC (Allocation Failure) 2020-10-28T10:43:20.134+0000: [ParNew: 16388K->4K(18432K), 0.0022310 secs] 515017K->498633K(685476K), 0.0022777 secs] [Times: user=0.00 sys=0.00, real=0.00 secs] 
2020-10-28T10:43:20.154+0000: [GC (Allocation Failure) 2020-10-28T10:43:20.154+0000: [ParNew: 16388K->4K(18432K), 0.0020405 secs] 515017K->498633K(685476K), 0.0020850 secs] [Times: user=0.00 sys=0.00, real=0.00 secs] 
2020-10-28T10:43:20.171+0000: [GC (Allocation Failure) 2020-10-28T10:43:20.171+0000: [ParNew: 16388K->4K(18432K), 0.0022116 secs] 515017K->498633K(685476K), 0.0022620 secs] [Times: user=0.00 sys=0.00, real=0.00 secs] 
2020-10-28T10:43:20.191+0000: [GC (Allocation Failure) 2020-10-28T10:43:20.191+0000: [ParNew: 16388K->4K(18432K), 0.0024099 secs] 515017K->498633K(685476K), 0.0024636 secs] [Times: user=0.01 sys=0.00, real=0.00 secs] 
2020-10-28T10:43:20.213+0000: [GC (Allocation Failure) 2020-10-28T10:43:20.213+0000: [ParNew: 16388K->4K(18432K), 0.0021649 secs] 515017K->498633K(685476K), 0.0022142 secs] [Times: user=0.00 sys=0.00, real=0.00 secs] 
2020-10-28T10:43:20.231+0000: [GC (Allocation Failure) 2020-10-28T10:43:20.231+0000: [ParNew: 16388K->4K(18432K), 0.0020120 secs] 515017K->498633K(685476K), 0.0020570 secs] [Times: user=0.00 sys=0.00, real=0.00 secs] 
2020-10-28T10:43:20.250+0000: [GC (Allocation Failure) 2020-10-28T10:43:20.250+0000: [ParNew: 16388K->4K(18432K), 0.0021932 secs] 515017K->498633K(685476K), 0.0022410 secs] [Times: user=0.01 sys=0.00, real=0.00 secs] 
2020-10-28T10:43:20.270+0000: [GC (Allocation Failure) 2020-10-28T10:43:20.270+0000: [ParNew: 16388K->4K(18432K), 0.0023533 secs] 515017K->498633K(685476K), 0.0024144 secs] [Times: user=0.00 sys=0.00, real=0.00 secs] 
2020-10-28T10:43:20.288+0000: [GC (Allocation Failure) 2020-10-28T10:43:20.288+0000: [ParNew: 16388K->4K(18432K), 0.0020201 secs] 515017K->498633K(685476K), 0.0020660 secs] [Times: user=0.00 sys=0.00, real=0.01 secs] 
2020-10-28T10:43:20.309+0000: [GC (Allocation Failure) 2020-10-28T10:43:20.310+0000: [ParNew: 16388K->4K(18432K), 0.0022743 secs] 515017K->498633K(685476K), 0.0023239 secs] [Times: user=0.00 sys=0.00, real=0.01 secs] 
2020-10-28T10:43:20.327+0000: [GC (Allocation Failure) 2020-10-28T10:43:20.327+0000: [ParNew: 16388K->4K(18432K), 0.0023571 secs] 515017K->498633K(685476K), 0.0024092 secs] [Times: user=0.01 sys=0.00, real=0.01 secs] 
2020-10-28T10:43:20.346+0000: [GC (Allocation Failure) 2020-10-28T10:43:20.346+0000: [ParNew: 16388K->4K(18432K), 0.0024124 secs] 515017K->498633K(685476K), 0.0024660 secs] [Times: user=0.00 sys=0.00, real=0.00 secs] 
2020-10-28T10:43:20.364+0000: [GC (Allocation Failure) 2020-10-28T10:43:20.364+0000: [ParNew: 16388K->4K(18432K), 0.0023266 secs] 515017K->498633K(685476K), 0.0023793 secs] [Times: user=0.01 sys=0.00, real=0.00 secs] 
2020-10-28T10:43:20.386+0000: [GC (Allocation Failure) 2020-10-28T10:43:20.386+0000: [ParNew: 16388K->4K(18432K), 0.0024476 secs] 515017K->498633K(685476K), 0.0024951 secs] [Times: user=0.01 sys=0.00, real=0.00 secs] 
2020-10-28T10:43:20.404+0000: [GC (Allocation Failure) 2020-10-28T10:43:20.404+0000: [ParNew: 16388K->4K(18432K), 0.0023989 secs] 515017K->498633K(685476K), 0.0024519 secs] [Times: user=0.00 sys=0.00, real=0.00 secs] 
2020-10-28T10:43:20.426+0000: [GC (Allocation Failure) 2020-10-28T10:43:20.426+0000: [ParNew: 16388K->4K(18432K), 0.0023074 secs] 515017K->498633K(685476K), 0.0023594 secs] [Times: user=0.00 sys=0.00, real=0.00 secs] 
2020-10-28T10:43:20.446+0000: [GC (Allocation Failure) 2020-10-28T10:43:20.446+0000: [ParNew: 16388K->4K(18432K), 0.0023785 secs] 515017K->498633K(685476K), 0.0024310 secs] [Times: user=0.01 sys=0.00, real=0.00 secs] 
2020-10-28T10:43:20.466+0000: [GC (Allocation Failure) 2020-10-28T10:43:20.466+0000: [ParNew: 16388K->4K(18432K), 0.0024694 secs] 515017K->498633K(685476K), 0.0025244 secs] [Times: user=0.00 sys=0.00, real=0.00 secs] 
2020-10-28T10:43:20.484+0000: [GC (Allocation Failure) 2020-10-28T10:43:20.484+0000: [ParNew: 16388K->4K(18432K), 0.0024232 secs] 515017K->498633K(685476K), 0.0024760 secs] [Times: user=0.00 sys=0.00, real=0.00 secs] 
2020-10-28T10:43:20.502+0000: [GC (Allocation Failure) 2020-10-28T10:43:20.502+0000: [ParNew: 16388K->4K(18432K), 0.0023429 secs] 515017K->498633K(685476K), 0.0023922 secs] [Times: user=0.01 sys=0.00, real=0.00 secs] 
2020-10-28T10:43:20.520+0000: [GC (Allocation Failure) 2020-10-28T10:43:20.520+0000: [ParNew: 16388K->4K(18432K), 0.0022770 secs] 515017K->498633K(685476K), 0.0023254 secs] [Times: user=0.00 sys=0.00, real=0.00 secs] 
2020-10-28T10:43:20.542+0000: [GC (Allocation Failure) 2020-10-28T10:43:20.542+0000: [ParNew: 16388K->4K(18432K), 0.0023724 secs] 515017K->498633K(685476K), 0.0024235 secs] [Times: user=0.00 sys=0.00, real=0.00 secs] 
2020-10-28T10:43:20.560+0000: [GC (Allocation Failure) 2020-10-28T10:43:20.560+0000: [ParNew: 16388K->4K(18432K), 0.0023090 secs] 515017K->498633K(685476K), 0.0023600 secs] [Times: user=0.00 sys=0.00, real=0.00 secs] 
2020-10-28T10:43:20.580+0000: [GC (Allocation Failure) 2020-10-28T10:43:20.580+0000: [ParNew: 16388K->4K(18432K), 0.0022432 secs] 515017K->498633K(685476K), 0.0022914 secs] [Times: user=0.00 sys=0.00, real=0.00 secs] 
2020-10-28T10:43:20.598+0000: [GC (Allocation Failure) 2020-10-28T10:43:20.598+0000: [ParNew: 16388K->4K(18432K), 0.0021637 secs] 515017K->498633K(685476K), 0.0022110 secs] [Times: user=0.00 sys=0.00, real=0.00 secs] 
2020-10-28T10:43:20.616+0000: [GC (Allocation Failure) 2020-10-28T10:43:20.616+0000: [ParNew: 16388K->4K(18432K), 0.0022917 secs] 515017K->498633K(685476K), 0.0023425 secs] [Times: user=0.01 sys=0.00, real=0.01 secs] 
2020-10-28T10:43:20.634+0000: [GC (Allocation Failure) 2020-10-28T10:43:20.634+0000: [ParNew: 16388K->4K(18432K), 0.0023827 secs] 515017K->498633K(685476K), 0.0024363 secs] [Times: user=0.00 sys=0.00, real=0.00 secs] 
2020-10-28T10:43:20.654+0000: [GC (Allocation Failure) 2020-10-28T10:43:20.654+0000: [ParNew: 16388K->4K(18432K), 0.0022673 secs] 515017K->498633K(685476K), 0.0023174 secs] [Times: user=0.01 sys=0.00, real=0.00 secs] 
2020-10-28T10:43:20.674+0000: [GC (Allocation Failure) 2020-10-28T10:43:20.674+0000: [ParNew: 16388K->4K(18432K), 0.0023221 secs] 515017K->498633K(685476K), 0.0023740 secs] [Times: user=0.00 sys=0.00, real=0.00 secs] 
2020-10-28T10:43:20.694+0000: [GC (Allocation Failure) 2020-10-28T10:43:20.694+0000: [ParNew: 16388K->4K(18432K), 0.0023987 secs] 515017K->498633K(685476K), 0.0024520 secs] [Times: user=0.00 sys=0.00, real=0.00 secs] 
2020-10-28T10:43:20.712+0000: [GC (Allocation Failure) 2020-10-28T10:43:20.712+0000: [ParNew: 16388K->4K(18432K), 0.0023577 secs] 515017K->498633K(685476K), 0.0024167 secs] [Times: user=0.00 sys=0.00, real=0.00 secs] 
2020-10-28T10:43:20.730+0000: [GC (Allocation Failure) 2020-10-28T10:43:20.730+0000: [ParNew: 16388K->4K(18432K), 0.0021718 secs] 515017K->498633K(685476K), 0.0022376 secs] [Times: user=0.01 sys=0.00, real=0.00 secs] 
2020-10-28T10:43:20.750+0000: [GC (Allocation Failure) 2020-10-28T10:43:20.750+0000: [ParNew: 16388K->4K(18432K), 0.0020678 secs] 515017K->498633K(685476K), 0.0021128 secs] [Times: user=0.00 sys=0.00, real=0.00 secs] 
2020-10-28T10:43:20.768+0000: [GC (Allocation Failure) 2020-10-28T10:43:20.768+0000: [ParNew: 16388K->4K(18432K), 0.0022287 secs] 515017K->498633K(685476K), 0.0022766 secs] [Times: user=0.01 sys=0.00, real=0.01 secs] 
2020-10-28T10:43:20.786+0000: [GC (Allocation Failure) 2020-10-28T10:43:20.786+0000: [ParNew: 16388K->4K(18432K), 0.0020485 secs] 515017K->498633K(685476K), 0.0020939 secs] [Times: user=0.01 sys=0.00, real=0.00 secs] 
2020-10-28T10:43:20.804+0000: [GC (Allocation Failure) 2020-10-28T10:43:20.804+0000: [ParNew: 16388K->4K(18432K), 0.0020421 secs] 515017K->498633K(685476K), 0.0020890 secs] [Times: user=0.01 sys=0.00, real=0.00 secs] 
2020-10-28T10:43:20.822+0000: [GC (Allocation Failure) 2020-10-28T10:43:20.822+0000: [ParNew: 16388K->4K(18432K), 0.0020438 secs] 515017K->498633K(685476K), 0.0020874 secs] [Times: user=0.00 sys=0.00, real=0.00 secs] 
2020-10-28T10:43:20.839+0000: [GC (Allocation Failure) 2020-10-28T10:43:20.839+0000: [ParNew: 16388K->4K(18432K), 0.0029825 secs] 515017K->498633K(685476K), 0.0030423 secs] [Times: user=0.00 sys=0.00, real=0.00 secs] 
2020-10-28T10:43:20.858+0000: [GC (Allocation Failure) 2020-10-28T10:43:20.858+0000: [ParNew: 16388K->4K(18432K), 0.0021591 secs] 515017K->498633K(685476K), 0.0022063 secs] [Times: user=0.00 sys=0.00, real=0.00 secs] 
2020-10-28T10:43:20.877+0000: [GC (Allocation Failure) 2020-10-28T10:43:20.878+0000: [ParNew: 16388K->4K(18432K), 0.0022154 secs] 515017K->498633K(685476K), 0.0022648 secs] [Times: user=0.00 sys=0.00, real=0.01 secs] 
2020-10-28T10:43:20.896+0000: [GC (Allocation Failure) 2020-10-28T10:43:20.896+0000: [ParNew: 16388K->4K(18432K), 0.0020944 secs] 515017K->498633K(685476K), 0.0021418 secs] [Times: user=0.01 sys=0.00, real=0.01 secs] 
2020-10-28T10:43:20.917+0000: [GC (Allocation Failure) 2020-10-28T10:43:20.917+0000: [ParNew: 16388K->4K(18432K), 0.0022571 secs] 515017K->498633K(685476K), 0.0023079 secs] [Times: user=0.01 sys=0.00, real=0.01 secs] 
2020-10-28T10:43:20.938+0000: [GC (Allocation Failure) 2020-10-28T10:43:20.938+0000: [ParNew: 16388K->4K(18432K), 0.0023730 secs] 515017K->498633K(685476K), 0.0024190 secs] [Times: user=0.01 sys=0.00, real=0.00 secs] 
2020-10-28T10:43:20.956+0000: [GC (Allocation Failure) 2020-10-28T10:43:20.956+0000: [ParNew: 16388K->4K(18432K), 0.0023076 secs] 515017K->498633K(685476K), 0.0023564 secs] [Times: user=0.01 sys=0.00, real=0.01 secs] 
2020-10-28T10:43:20.978+0000: [GC (Allocation Failure) 2020-10-28T10:43:20.978+0000: [ParNew: 16388K->4K(18432K), 0.0020914 secs] 515017K->498633K(685476K), 0.0021445 secs] [Times: user=0.01 sys=0.00, real=0.00 secs] 
2020-10-28T10:43:20.996+0000: [GC (Allocation Failure) 2020-10-28T10:43:20.996+0000: [ParNew: 16388K->4K(18432K), 0.0021613 secs] 515017K->498633K(685476K), 0.0022084 secs] [Times: user=0.01 sys=0.00, real=0.01 secs] 
2020-10-28T10:43:21.013+0000: [GC (Allocation Failure) 2020-10-28T10:43:21.013+0000: [ParNew: 16388K->4K(18432K), 0.0021180 secs] 515017K->498633K(685476K), 0.0021692 secs] [Times: user=0.00 sys=0.00, real=0.00 secs] 
2020-10-28T10:43:21.031+0000: [GC (Allocation Failure) 2020-10-28T10:43:21.031+0000: [ParNew: 16388K->4K(18432K), 0.0021719 secs] 515017K->498633K(685476K), 0.0022259 secs] [Times: user=0.01 sys=0.00, real=0.00 secs] 
2020-10-28T10:43:21.053+0000: [GC (Allocation Failure) 2020-10-28T10:43:21.053+0000: [ParNew: 16388K->4K(18432K), 0.0021805 secs] 515017K->498633K(685476K), 0.0022239 secs] [Times: user=0.01 sys=0.00, real=0.00 secs] 
2020-10-28T10:43:21.072+0000: [GC (Allocation Failure) 2020-10-28T10:43:21.072+0000: [ParNew: 16388K->4K(18432K), 0.0019470 secs] 515017K->498633K(685476K), 0.0020061 secs] [Times: user=0.00 sys=0.01, real=0.00 secs] 
2020-10-28T10:43:21.091+0000: [GC (Allocation Failure) 2020-10-28T10:43:21.091+0000: [ParNew: 16388K->4K(18432K), 0.0019243 secs] 515017K->498633K(685476K), 0.0019668 secs] [Times: user=0.00 sys=0.00, real=0.00 secs] 
2020-10-28T10:43:21.110+0000: [GC (Allocation Failure) 2020-10-28T10:43:21.110+0000: [ParNew: 16388K->4K(18432K), 0.0021254 secs] 515017K->498633K(685476K), 0.0021729 secs] [Times: user=0.00 sys=0.00, real=0.00 secs] 
2020-10-28T10:43:21.127+0000: [GC (Allocation Failure) 2020-10-28T10:43:21.127+0000: [ParNew: 16388K->4K(18432K), 0.0021973 secs] 515017K->498633K(685476K), 0.0022614 secs] [Times: user=0.00 sys=0.00, real=0.01 secs] 
2020-10-28T10:43:21.149+0000: [GC (Allocation Failure) 2020-10-28T10:43:21.149+0000: [ParNew: 16388K->4K(18432K), 0.0020189 secs] 515017K->498633K(685476K), 0.0020635 secs] [Times: user=0.01 sys=0.00, real=0.01 secs] 
2020-10-28T10:43:21.167+0000: [GC (Allocation Failure) 2020-10-28T10:43:21.167+0000: [ParNew: 16388K->4K(18432K), 0.0019781 secs] 515017K->498633K(685476K), 0.0020233 secs] [Times: user=0.00 sys=0.00, real=0.00 secs] 
2020-10-28T10:43:21.185+0000: [GC (Allocation Failure) 2020-10-28T10:43:21.185+0000: [ParNew: 16388K->4K(18432K), 0.0019895 secs] 515017K->498633K(685476K), 0.0020320 secs] [Times: user=0.00 sys=0.00, real=0.00 secs] 
2020-10-28T10:43:21.202+0000: [GC (Allocation Failure) 2020-10-28T10:43:21.202+0000: [ParNew: 16388K->4K(18432K), 0.0019388 secs] 515017K->498633K(685476K), 0.0019828 secs] [Times: user=0.01 sys=0.00, real=0.00 secs] 
2020-10-28T10:43:21.221+0000: [GC (Allocation Failure) 2020-10-28T10:43:21.221+0000: [ParNew: 16388K->4K(18432K), 0.0021987 secs] 515017K->498633K(685476K), 0.0022480 secs] [Times: user=0.01 sys=0.00, real=0.00 secs] 
2020-10-28T10:43:21.242+0000: [GC (Allocation Failure) 2020-10-28T10:43:21.242+0000: [ParNew: 16388K->4K(18432K), 0.0021384 secs] 515017K->498633K(685476K), 0.0021879 secs] [Times: user=0.01 sys=0.00, real=0.00 secs] 
2020-10-28T10:43:21.262+0000: [GC (Allocation Failure) 2020-10-28T10:43:21.262+0000: [ParNew: 16388K->4K(18432K), 0.0022920 secs] 515017K->498633K(685476K), 0.0023434 secs] [Times: user=0.01 sys=0.00, real=0.00 secs] 
2020-10-28T10:43:21.282+0000: [GC (Allocation Failure) 2020-10-28T10:43:21.282+0000: [ParNew: 16388K->4K(18432K), 0.0021304 secs] 515017K->498633K(685476K), 0.0021795 secs] [Times: user=0.01 sys=0.00, real=0.00 secs] 
2020-10-28T10:43:21.302+0000: [GC (Allocation Failure) 2020-10-28T10:43:21.302+0000: [ParNew: 16388K->4K(18432K), 0.0021142 secs] 515017K->498633K(685476K), 0.0021630 secs] [Times: user=0.01 sys=0.00, real=0.00 secs] 
2020-10-28T10:43:21.322+0000: [GC (Allocation Failure) 2020-10-28T10:43:21.322+0000: [ParNew: 16388K->4K(18432K), 0.0021448 secs] 515017K->498633K(685476K), 0.0021945 secs] [Times: user=0.00 sys=0.00, real=0.00 secs] 
2020-10-28T10:43:21.342+0000: [GC (Allocation Failure) 2020-10-28T10:43:21.342+0000: [ParNew: 16388K->4K(18432K), 0.0022122 secs] 515017K->498633K(685476K), 0.0022614 secs] [Times: user=0.00 sys=0.00, real=0.00 secs] 
2020-10-28T10:43:21.362+0000: [GC (Allocation Failure) 2020-10-28T10:43:21.362+0000: [ParNew: 16388K->4K(18432K), 0.0022600 secs] 515017K->498633K(685476K), 0.0023099 secs] [Times: user=0.00 sys=0.00, real=0.00 secs] 
2020-10-28T10:43:21.380+0000: [GC (Allocation Failure) 2020-10-28T10:43:21.380+0000: [ParNew: 16388K->4K(18432K), 0.0021101 secs] 515017K->498633K(685476K), 0.0021564 secs] [Times: user=0.00 sys=0.00, real=0.00 secs] 
2020-10-28T10:43:21.398+0000: [GC (Allocation Failure) 2020-10-28T10:43:21.398+0000: [ParNew: 16388K->4K(18432K), 0.0019373 secs] 515017K->498633K(685476K), 0.0019822 secs] [Times: user=0.01 sys=0.00, real=0.00 secs] 
2020-10-28T10:43:21.416+0000: [GC (Allocation Failure) 2020-10-28T10:43:21.416+0000: [ParNew: 16388K->4K(18432K), 0.0022615 secs] 515017K->498633K(685476K), 0.0023123 secs] [Times: user=0.00 sys=0.00, real=0.01 secs] 
2020-10-28T10:43:21.434+0000: [GC (Allocation Failure) 2020-10-28T10:43:21.434+0000: [ParNew: 16388K->4K(18432K), 0.0020774 secs] 515017K->498633K(685476K), 0.0021246 secs] [Times: user=0.01 sys=0.00, real=0.00 secs] 
2020-10-28T10:43:21.451+0000: [GC (Allocation Failure) 2020-10-28T10:43:21.451+0000: [ParNew: 16388K->4K(18432K), 0.0020476 secs] 515017K->498633K(685476K), 0.0020926 secs] [Times: user=0.01 sys=0.00, real=0.00 secs] 
 CMS: abort preclean due to time 2020-10-28T10:43:21.456+0000: [CMS-concurrent-abortable-preclean: 0.369/5.015 secs] [Times: user=9.06 sys=0.31, real=5.01 secs] 
2020-10-28T10:43:21.458+0000: [GC (CMS Final Remark) [YG occupancy: 1678 K (18432 K)]2020-10-28T10:43:21.458+0000: [Rescan (parallel) , 0.0022639 secs]2020-10-28T10:43:21.460+0000: [weak refs processing, 0.0000549 secs]2020-10-28T10:43:21.460+0000: [class unloading, 0.0101401 secs]2020-10-28T10:43:21.470+0000: [scrub symbol table, 0.0087068 secs]2020-10-28T10:43:21.479+0000: [scrub string table, 0.0005542 secs][1 CMS-remark: 498629K(667044K)] 500308K(685476K), 0.0218257 secs] [Times: user=0.02 sys=0.00, real=0.02 secs] 
2020-10-28T10:43:21.486+0000: [CMS-concurrent-sweep-start]
2020-10-28T10:43:21.497+0000: [GC (Allocation Failure) 2020-10-28T10:43:21.497+0000: [ParNew: 16388K->4K(18432K), 0.0024539 secs] 514863K->498479K(685476K), 0.0025027 secs] [Times: user=0.00 sys=0.00, real=0.01 secs] 
2020-10-28T10:43:21.510+0000: [CMS-concurrent-sweep: 0.021/0.024 secs] [Times: user=0.04 sys=0.00, real=0.03 secs] 
2020-10-28T10:43:21.511+0000: [CMS-concurrent-reset-start]
2020-10-28T10:43:21.512+0000: [CMS-concurrent-reset: 0.002/0.002 secs] [Times: user=0.01 sys=0.00, real=0.00 secs] 
2020-10-28T10:43:21.518+0000: [GC (Allocation Failure) 2020-10-28T10:43:21.518+0000: [ParNew: 16388K->4K(18432K), 0.0027622 secs] 482320K->465936K(794988K), 0.0028019 secs] [Times: user=0.00 sys=0.00, real=0.00 secs] 
2020-10-28T10:43:21.535+0000: [GC (Allocation Failure) 2020-10-28T10:43:21.535+0000: [ParNew: 16388K->4K(18432K), 0.0026978 secs] 482320K->465936K(794988K), 0.0027502 secs] [Times: user=0.01 sys=0.00, real=0.01 secs] 
2020-10-28T10:43:21.553+0000: [GC (Allocation Failure) 2020-10-28T10:43:21.553+0000: [ParNew: 16388K->4K(18432K), 0.0027109 secs] 482320K->465936K(794988K), 0.0027589 secs] [Times: user=0.00 sys=0.00, real=0.00 secs] 
2020-10-28T10:43:21.571+0000: [GC (Allocation Failure) 2020-10-28T10:43:21.571+0000: [ParNew: 16388K->4K(18432K), 0.0027578 secs] 482320K->465936K(794988K), 0.0028090 secs] [Times: user=0.01 sys=0.00, real=0.00 secs] 
2020-10-28T10:43:21.588+0000: [GC (Allocation Failure) 2020-10-28T10:43:21.588+0000: [ParNew: 16388K->4K(18432K), 0.0027325 secs] 482320K->465936K(794988K), 0.0027849 secs] [Times: user=0.01 sys=0.00, real=0.01 secs] 
2020-10-28T10:43:21.610+0000: [GC (Allocation Failure) 2020-10-28T10:43:21.610+0000: [ParNew: 16388K->4K(18432K), 0.0026719 secs] 482320K->465936K(794988K), 0.0027221 secs] [Times: user=0.01 sys=0.00, real=0.00 secs] 
2020-10-28T10:43:21.630+0000: [GC (Allocation Failure) 2020-10-28T10:43:21.630+0000: [ParNew: 16388K->4K(18432K), 0.0026609 secs] 482320K->465936K(794988K), 0.0027200 secs] [Times: user=0.00 sys=0.00, real=0.00 secs] 
2020-10-28T10:43:21.647+0000: [GC (Allocation Failure) 2020-10-28T10:43:21.647+0000: [ParNew: 16388K->4K(18432K), 0.0026478 secs] 482320K->465936K(794988K), 0.0026968 secs] [Times: user=0.01 sys=0.00, real=0.01 secs] 
2020-10-28T10:43:21.665+0000: [GC (Allocation Failure) 2020-10-28T10:43:21.665+0000: [ParNew: 16388K->4K(18432K), 0.0027242 secs] 482320K->465936K(794988K), 0.0027737 secs] [Times: user=0.00 sys=0.00, real=0.00 secs] 
2020-10-28T10:43:21.686+0000: [GC (Allocation Failure) 2020-10-28T10:43:21.686+0000: [ParNew: 16388K->4K(18432K), 0.0025693 secs] 482320K->465936K(794988K), 0.0026112 secs] [Times: user=0.01 sys=0.00, real=0.00 secs] 
2020-10-28T10:43:21.709+0000: [GC (Allocation Failure) 2020-10-28T10:43:21.709+0000: [ParNew: 16388K->4K(18432K), 0.0026883 secs] 482320K->465936K(794988K), 0.0027398 secs] [Times: user=0.01 sys=0.00, real=0.01 secs] 
2020-10-28T10:43:21.730+0000: [GC (Allocation Failure) 2020-10-28T10:43:21.730+0000: [ParNew: 16388K->4K(18432K), 0.0026411 secs] 482320K->465936K(794988K), 0.0026877 secs] [Times: user=0.00 sys=0.00, real=0.00 secs] 
2020-10-28T10:43:21.747+0000: [GC (Allocation Failure) 2020-10-28T10:43:21.747+0000: [ParNew: 16388K->4K(18432K), 0.0025624 secs] 482320K->465936K(794988K), 0.0026045 secs] [Times: user=0.01 sys=0.00, real=0.01 secs] 
2020-10-28T10:43:21.766+0000: [GC (Allocation Failure) 2020-10-28T10:43:21.766+0000: [ParNew: 16388K->4K(18432K), 0.0025872 secs] 482320K->465936K(794988K), 0.0026313 secs] [Times: user=0.01 sys=0.00, real=0.00 secs] 
2020-10-28T10:43:21.786+0000: [GC (Allocation Failure) 2020-10-28T10:43:21.786+0000: [ParNew: 16388K->4K(18432K), 0.0025747 secs] 482320K->465936K(794988K), 0.0026196 secs] [Times: user=0.01 sys=0.00, real=0.00 secs] 
2020-10-28T10:43:21.803+0000: [GC (Allocation Failure) 2020-10-28T10:43:21.803+0000: [ParNew: 16388K->4K(18432K), 0.0025046 secs] 482320K->465936K(794988K), 0.0025464 secs] [Times: user=0.01 sys=0.01, real=0.00 secs] 
2020-10-28T10:43:21.820+0000: [GC (Allocation Failure) 2020-10-28T10:43:21.820+0000: [ParNew: 16388K->4K(18432K), 0.0024623 secs] 482320K->465936K(794988K), 0.0025032 secs] [Times: user=0.01 sys=0.00, real=0.00 secs] 
2020-10-28T10:43:21.842+0000: [GC (Allocation Failure) 2020-10-28T10:43:21.842+0000: [ParNew: 16388K->4K(18432K), 0.0024587 secs] 482320K->465936K(794988K), 0.0024992 secs] [Times: user=0.00 sys=0.00, real=0.00 secs] 
2020-10-28T10:43:21.862+0000: [GC (Allocation Failure) 2020-10-28T10:43:21.862+0000: [ParNew: 16388K->4K(18432K), 0.0024930 secs] 482320K->465936K(794988K), 0.0025356 secs] [Times: user=0.00 sys=0.00, real=0.00 secs] 
2020-10-28T10:43:21.879+0000: [GC (Allocation Failure) 2020-10-28T10:43:21.879+0000: [ParNew: 16388K->4K(18432K), 0.0025870 secs] 482320K->465936K(794988K), 0.0026299 secs] [Times: user=0.01 sys=0.00, real=0.00 secs] 
2020-10-28T10:43:21.897+0000: [GC (Allocation Failure) 2020-10-28T10:43:21.897+0000: [ParNew: 16388K->4K(18432K), 0.0025288 secs] 482320K->465936K(794988K), 0.0025730 secs] [Times: user=0.00 sys=0.00, real=0.01 secs] 
2020-10-28T10:43:21.918+0000: [GC (Allocation Failure) 2020-10-28T10:43:21.918+0000: [ParNew: 16388K->4K(18432K), 0.0024852 secs] 482320K->465936K(794988K), 0.0025298 secs] [Times: user=0.01 sys=0.00, real=0.00 secs] 
2020-10-28T10:43:21.936+0000: [GC (Allocation Failure) 2020-10-28T10:43:21.936+0000: [ParNew: 16388K->4K(18432K), 0.0026425 secs] 482320K->465936K(794988K), 0.0026915 secs] [Times: user=0.00 sys=0.00, real=0.01 secs] 
2020-10-28T10:43:21.953+0000: [GC (Allocation Failure) 2020-10-28T10:43:21.953+0000: [ParNew: 16388K->4K(18432K), 0.0027246 secs] 482320K->465936K(794988K), 0.0027754 secs] [Times: user=0.01 sys=0.00, real=0.00 secs] 
2020-10-28T10:43:21.974+0000: [GC (Allocation Failure) 2020-10-28T10:43:21.974+0000: [ParNew: 16388K->4K(18432K), 0.0026228 secs] 482320K->465936K(794988K), 0.0026667 secs] [Times: user=0.00 sys=0.00, real=0.00 secs] 
2020-10-28T10:43:21.991+0000: [GC (Allocation Failure) 2020-10-28T10:43:21.991+0000: [ParNew: 16388K->4K(18432K), 0.0025656 secs] 482320K->465936K(794988K), 0.0026071 secs] [Times: user=0.00 sys=0.00, real=0.00 secs] 
2020-10-28T10:43:22.010+0000: [GC (Allocation Failure) 2020-10-28T10:43:22.010+0000: [ParNew: 16388K->4K(18432K), 0.0024993 secs] 482320K->465936K(794988K), 0.0025397 secs] [Times: user=0.01 sys=0.00, real=0.00 secs] 
2020-10-28T10:43:22.027+0000: [GC (Allocation Failure) 2020-10-28T10:43:22.027+0000: [ParNew: 16388K->4K(18432K), 0.0027513 secs] 482320K->465936K(794988K), 0.0027963 secs] [Times: user=0.00 sys=0.00, real=0.01 secs] 
2020-10-28T10:43:22.046+0000: [GC (Allocation Failure) 2020-10-28T10:43:22.046+0000: [ParNew: 16388K->4K(18432K), 0.0027047 secs] 482320K->465936K(794988K), 0.0027650 secs] [Times: user=0.01 sys=0.00, real=0.00 secs] 
2020-10-28T10:43:22.063+0000: [GC (Allocation Failure) 2020-10-28T10:43:22.063+0000: [ParNew: 16388K->4K(18432K), 0.0026080 secs] 482320K->465936K(794988K), 0.0026529 secs] [Times: user=0.00 sys=0.00, real=0.00 secs] 
2020-10-28T10:43:22.086+0000: [GC (Allocation Failure) 2020-10-28T10:43:22.086+0000: [ParNew: 16388K->4K(18432K), 0.0025007 secs] 482320K->465936K(794988K), 0.0025423 secs] [Times: user=0.00 sys=0.00, real=0.00 secs] 
2020-10-28T10:43:22.104+0000: [GC (Allocation Failure) 2020-10-28T10:43:22.104+0000: [ParNew: 16388K->4K(18432K), 0.0025856 secs] 482320K->465936K(794988K), 0.0026312 secs] [Times: user=0.00 sys=0.00, real=0.00 secs] 
2020-10-28T10:43:22.125+0000: [GC (Allocation Failure) 2020-10-28T10:43:22.125+0000: [ParNew: 16388K->4K(18432K), 0.0026767 secs] 482320K->465936K(794988K), 0.0027256 secs] [Times: user=0.01 sys=0.00, real=0.00 secs] 
2020-10-28T10:43:22.145+0000: [GC (Allocation Failure) 2020-10-28T10:43:22.145+0000: [ParNew: 16388K->4K(18432K), 0.0026123 secs] 482320K->465936K(794988K), 0.0026566 secs] [Times: user=0.01 sys=0.00, real=0.00 secs] 
2020-10-28T10:43:22.163+0000: [GC (Allocation Failure) 2020-10-28T10:43:22.163+0000: [ParNew: 16388K->4K(18432K), 0.0024774 secs] 482320K->465936K(794988K), 0.0025212 secs] [Times: user=0.00 sys=0.00, real=0.00 secs] 
2020-10-28T10:43:22.185+0000: [GC (Allocation Failure) 2020-10-28T10:43:22.185+0000: [ParNew: 16388K->4K(18432K), 0.0050401 secs] 482320K->465936K(794988K), 0.0051016 secs] [Times: user=0.00 sys=0.00, real=0.01 secs] 
2020-10-28T10:43:22.214+0000: [GC (Allocation Failure) 2020-10-28T10:43:22.214+0000: [ParNew: 16388K->4K(18432K), 0.0026972 secs] 482320K->465936K(794988K), 0.0027660 secs] [Times: user=0.00 sys=0.00, real=0.00 secs] 
2020-10-28T10:43:22.242+0000: [GC (Allocation Failure) 2020-10-28T10:43:22.242+0000: [ParNew: 16388K->4K(18432K), 0.0026829 secs] 482320K->465936K(794988K), 0.0027481 secs] [Times: user=0.00 sys=0.00, real=0.00 secs] 
2020-10-28T10:43:22.263+0000: [GC (Allocation Failure) 2020-10-28T10:43:22.263+0000: [ParNew: 16388K->4K(18432K), 0.0027299 secs] 482320K->465936K(794988K), 0.0027976 secs] [Times: user=0.01 sys=0.00, real=0.00 secs] 
2020-10-28T10:43:22.290+0000: [GC (Allocation Failure) 2020-10-28T10:43:22.290+0000: [ParNew: 16388K->4K(18432K), 0.0027324 secs] 482320K->465936K(794988K), 0.0028021 secs] [Times: user=0.00 sys=0.00, real=0.00 secs] 
2020-10-28T10:43:22.317+0000: [GC (Allocation Failure) 2020-10-28T10:43:22.317+0000: [ParNew: 16388K->4K(18432K), 0.0027431 secs] 482320K->465936K(794988K), 0.0028123 secs] [Times: user=0.01 sys=0.00, real=0.01 secs] 
2020-10-28T10:43:22.337+0000: [GC (Allocation Failure) 2020-10-28T10:43:22.337+0000: [ParNew: 16388K->4K(18432K), 0.0025051 secs] 482320K->465936K(794988K), 0.0025500 secs] [Times: user=0.00 sys=0.00, real=0.01 secs] 
2020-10-28T10:43:22.358+0000: [GC (Allocation Failure) 2020-10-28T10:43:22.358+0000: [ParNew: 16388K->4K(18432K), 0.0025740 secs] 482320K->465936K(794988K), 0.0026213 secs] [Times: user=0.01 sys=0.00, real=0.00 secs] 
2020-10-28T10:43:22.378+0000: [GC (Allocation Failure) 2020-10-28T10:43:22.378+0000: [ParNew: 16388K->4K(18432K), 0.0026632 secs] 482320K->465936K(794988K), 0.0027122 secs] [Times: user=0.00 sys=0.00, real=0.00 secs] 
2020-10-28T10:43:22.389+0000: [GC (Allocation Failure) 2020-10-28T10:43:22.389+0000: [ParNew: 16388K->4K(18432K), 0.0036936 secs] 482320K->474128K(794988K), 0.0037547 secs] [Times: user=0.01 sys=0.00, real=0.01 secs] 
2020-10-28T10:43:22.393+0000: [GC (CMS Initial Mark) [1 CMS-initial-mark: 474124K(776556K)] 474279K(794988K), 0.0013956 secs] [Times: user=0.00 sys=0.00, real=0.00 secs] 
2020-10-28T10:43:22.394+0000: [CMS-concurrent-mark-start]
2020-10-28T10:43:22.426+0000: [GC (Allocation Failure) 2020-10-28T10:43:22.426+0000: [ParNew: 16388K->4K(18432K), 0.0027194 secs] 490512K->474128K(794988K), 0.0027743 secs] [Times: user=0.01 sys=0.00, real=0.00 secs] 
2020-10-28T10:43:22.450+0000: [CMS-concurrent-mark: 0.044/0.056 secs] [Times: user=0.10 sys=0.00, real=0.05 secs] 
2020-10-28T10:43:22.456+0000: [CMS-concurrent-preclean-start]
2020-10-28T10:43:22.458+0000: [CMS-concurrent-preclean: 0.002/0.002 secs] [Times: user=0.00 sys=0.00, real=0.01 secs] 
2020-10-28T10:43:22.458+0000: [CMS-concurrent-abortable-preclean-start]
2020-10-28T10:43:22.459+0000: [GC (Allocation Failure) 2020-10-28T10:43:22.459+0000: [ParNew: 16388K->4K(18432K), 0.0033312 secs] 490512K->482320K(794988K), 0.0033732 secs] [Times: user=0.01 sys=0.00, real=0.00 secs] 
2020-10-28T10:43:22.493+0000: [GC (Allocation Failure) 2020-10-28T10:43:22.493+0000: [ParNew: 16388K->4K(18432K), 0.0026628 secs] 498704K->482320K(794988K), 0.0027147 secs] [Times: user=0.00 sys=0.00, real=0.00 secs] 
2020-10-28T10:43:22.525+0000: [GC (Allocation Failure) 2020-10-28T10:43:22.525+0000: [ParNew: 16388K->4K(18432K), 0.0026424 secs] 498704K->482320K(794988K), 0.0026941 secs] [Times: user=0.01 sys=0.00, real=0.00 secs] 
2020-10-28T10:43:22.556+0000: [GC (Allocation Failure) 2020-10-28T10:43:22.556+0000: [ParNew: 16388K->4K(18432K), 0.0025766 secs] 498704K->482320K(794988K), 0.0026267 secs] [Times: user=0.01 sys=0.00, real=0.01 secs] 
2020-10-28T10:43:22.589+0000: [GC (Allocation Failure) 2020-10-28T10:43:22.589+0000: [ParNew: 16388K->4K(18432K), 0.0028460 secs] 498704K->482320K(794988K), 0.0028991 secs] [Times: user=0.01 sys=0.00, real=0.01 secs] 
2020-10-28T10:43:22.622+0000: [GC (Allocation Failure) 2020-10-28T10:43:22.622+0000: [ParNew: 16388K->4K(18432K), 0.0036647 secs] 498704K->482322K(794988K), 0.0037163 secs] [Times: user=0.00 sys=0.00, real=0.00 secs] 
2020-10-28T10:43:22.653+0000: [GC (Allocation Failure) 2020-10-28T10:43:22.653+0000: [ParNew: 16388K->4K(18432K), 0.0026396 secs] 498706K->482322K(794988K), 0.0026919 secs] [Times: user=0.01 sys=0.00, real=0.00 secs] 
2020-10-28T10:43:22.702+0000: [GC (Allocation Failure) 2020-10-28T10:43:22.702+0000: [ParNew: 16388K->4K(18432K), 0.0027599 secs] 498706K->482322K(794988K), 0.0028146 secs] [Times: user=0.01 sys=0.00, real=0.00 secs] 
2020-10-28T10:43:22.734+0000: [GC (Allocation Failure) 2020-10-28T10:43:22.734+0000: [ParNew: 16388K->4K(18432K), 0.0058763 secs] 498706K->482322K(794988K), 0.0059330 secs] [Times: user=0.01 sys=0.00, real=0.01 secs] 
2020-10-28T10:43:22.790+0000: [GC (Allocation Failure) 2020-10-28T10:43:22.790+0000: [ParNew: 16388K->4K(18432K), 0.0027460 secs] 498706K->482322K(794988K), 0.0028023 secs] [Times: user=0.01 sys=0.00, real=0.00 secs] 
2020-10-28T10:43:22.998+0000: [CMS-concurrent-abortable-preclean: 0.022/0.540 secs] [Times: user=1.05 sys=0.00, real=0.54 secs] 
2020-10-28T10:43:23.002+0000: [GC (CMS Final Remark) [YG occupancy: 12575 K (18432 K)]2020-10-28T10:43:23.002+0000: [Rescan (parallel) , 0.0091849 secs]2020-10-28T10:43:23.011+0000: [weak refs processing, 0.0000347 secs]2020-10-28T10:43:23.011+0000: [class unloading, 0.0079138 secs]2020-10-28T10:43:23.019+0000: [scrub symbol table, 0.0087427 secs]2020-10-28T10:43:23.028+0000: [scrub string table, 0.0005691 secs][1 CMS-remark: 482318K(776556K)] 494894K(794988K), 0.0265669 secs] [Times: user=0.04 sys=0.00, real=0.02 secs] 
2020-10-28T10:43:23.028+0000: [CMS-concurrent-sweep-start]
2020-10-28T10:43:23.047+0000: [CMS-concurrent-sweep: 0.018/0.018 secs] [Times: user=0.03 sys=0.00, real=0.02 secs] 
2020-10-28T10:43:23.047+0000: [CMS-concurrent-reset-start]
2020-10-28T10:43:23.048+0000: [CMS-concurrent-reset: 0.002/0.002 secs] [Times: user=0.00 sys=0.00, real=0.00 secs] 
2020-10-28T10:43:23.202+0000: [GC (Allocation Failure) 2020-10-28T10:43:23.202+0000: [ParNew: 16388K->4K(18432K), 0.0028482 secs] 465833K->449449K(794988K), 0.0029033 secs] [Times: user=0.00 sys=0.00, real=0.00 secs] 
2020-10-28T10:43:23.454+0000: [GC (Allocation Failure) 2020-10-28T10:43:23.454+0000: [ParNew: 16388K->4K(18432K), 0.0028588 secs] 465833K->449449K(794988K), 0.0029240 secs] [Times: user=0.00 sys=0.00, real=0.00 secs] 
2020-10-28T10:43:23.533+0000: [GC (Allocation Failure) 2020-10-28T10:43:23.533+0000: [ParNew: 16388K->4K(18432K), 0.0029728 secs] 465833K->449449K(794988K), 0.0030280 secs] [Times: user=0.01 sys=0.00, real=0.00 secs] 
2020-10-28T10:43:23.574+0000: [GC (Allocation Failure) 2020-10-28T10:43:23.574+0000: [ParNew: 16388K->4K(18432K), 0.0028228 secs] 465833K->449449K(794988K), 0.0028781 secs] [Times: user=0.00 sys=0.00, real=0.00 secs] 
2020-10-28T10:43:23.612+0000: [GC (Allocation Failure) 2020-10-28T10:43:23.612+0000: [ParNew: 16388K->4K(18432K), 0.0028400 secs] 465833K->449449K(794988K), 0.0028976 secs] [Times: user=0.01 sys=0.00, real=0.00 secs] 
2020-10-28T10:43:23.646+0000: [GC (Allocation Failure) 2020-10-28T10:43:23.646+0000: [ParNew: 16388K->4K(18432K), 0.0028277 secs] 465833K->449449K(794988K), 0.0028826 secs] [Times: user=0.00 sys=0.00, real=0.00 secs] 
2020-10-28T10:43:23.689+0000: [GC (Allocation Failure) 2020-10-28T10:43:23.689+0000: [ParNew: 16388K->4K(18432K), 0.0028662 secs] 465833K->449451K(794988K), 0.0029221 secs] [Times: user=0.01 sys=0.00, real=0.01 secs] 
2020-10-28T10:43:23.721+0000: [GC (Allocation Failure) 2020-10-28T10:43:23.721+0000: [ParNew: 16388K->2K(18432K), 0.0028374 secs] 465835K->449449K(794988K), 0.0028934 secs] [Times: user=0.00 sys=0.00, real=0.00 secs] 
2020-10-28T10:43:23.744+0000: [GC (Allocation Failure) 2020-10-28T10:43:23.744+0000: [ParNew: 16386K->4K(18432K), 0.0027839 secs] 465833K->449451K(794988K), 0.0028364 secs] [Times: user=0.01 sys=0.00, real=0.00 secs] 
2020-10-28T10:43:23.766+0000: [GC (Allocation Failure) 2020-10-28T10:43:23.766+0000: [ParNew: 16388K->4K(18432K), 0.0026881 secs] 465835K->449451K(794988K), 0.0027358 secs] [Times: user=0.01 sys=0.00, real=0.00 secs] 
2020-10-28T10:43:23.788+0000: [GC (Allocation Failure) 2020-10-28T10:43:23.788+0000: [ParNew: 16388K->4K(18432K), 0.0028262 secs] 465835K->449451K(794988K), 0.0028737 secs] [Times: user=0.01 sys=0.00, real=0.01 secs] 
2020-10-28T10:43:23.810+0000: [GC (Allocation Failure) 2020-10-28T10:43:23.810+0000: [ParNew: 16388K->4K(18432K), 0.0028161 secs] 465835K->449451K(794988K), 0.0028699 secs] [Times: user=0.01 sys=0.00, real=0.00 secs] 
2020-10-28T10:43:23.830+0000: [GC (Allocation Failure) 2020-10-28T10:43:23.830+0000: [ParNew: 16388K->4K(18432K), 0.0027966 secs] 465835K->449451K(794988K), 0.0028489 secs] [Times: user=0.01 sys=0.00, real=0.00 secs] 
2020-10-28T10:43:23.850+0000: [GC (Allocation Failure) 2020-10-28T10:43:23.850+0000: [ParNew: 16388K->4K(18432K), 0.0026736 secs] 465835K->449451K(794988K), 0.0027234 secs] [Times: user=0.00 sys=0.00, real=0.00 secs] 
2020-10-28T10:43:23.870+0000: [GC (Allocation Failure) 2020-10-28T10:43:23.870+0000: [ParNew: 16388K->2K(18432K), 0.0027159 secs] 465835K->449449K(794988K), 0.0027733 secs] [Times: user=0.00 sys=0.00, real=0.00 secs] 
2020-10-28T10:43:23.889+0000: [GC (Allocation Failure) 2020-10-28T10:43:23.889+0000: [ParNew: 16386K->2K(18432K), 0.0027804 secs] 465833K->449449K(794988K), 0.0028340 secs] [Times: user=0.01 sys=0.00, real=0.01 secs] 
2020-10-28T10:43:23.910+0000: [GC (Allocation Failure) 2020-10-28T10:43:23.910+0000: [ParNew: 16386K->2K(18432K), 0.0027709 secs] 465833K->449449K(794988K), 0.0028204 secs] [Times: user=0.01 sys=0.00, real=0.00 secs] 
2020-10-28T10:43:23.930+0000: [GC (Allocation Failure) 2020-10-28T10:43:23.930+0000: [ParNew: 16386K->2K(18432K), 0.0027855 secs] 465833K->449449K(794988K), 0.0028393 secs] [Times: user=0.00 sys=0.00, real=0.00 secs] 
2020-10-28T10:43:23.950+0000: [GC (Allocation Failure) 2020-10-28T10:43:23.950+0000: [ParNew: 16386K->2K(18432K), 0.0027618 secs] 465833K->449449K(794988K), 0.0028379 secs] [Times: user=0.01 sys=0.01, real=0.01 secs] 
2020-10-28T10:43:23.969+0000: [GC (Allocation Failure) 2020-10-28T10:43:23.969+0000: [ParNew: 16386K->2K(18432K), 0.0026901 secs] 465833K->449449K(794988K), 0.0027394 secs] [Times: user=0.00 sys=0.00, real=0.01 secs] 
2020-10-28T10:43:23.987+0000: [GC (Allocation Failure) 2020-10-28T10:43:23.987+0000: [ParNew: 16386K->4K(18432K), 0.0028287 secs] 465833K->449451K(794988K), 0.0028828 secs] [Times: user=0.01 sys=0.00, real=0.01 secs] 
2020-10-28T10:43:24.007+0000: [GC (Allocation Failure) 2020-10-28T10:43:24.007+0000: [ParNew: 16388K->4K(18432K), 0.0027825 secs] 465835K->449451K(794988K), 0.0028363 secs] [Times: user=0.01 sys=0.00, real=0.00 secs] 
2020-10-28T10:43:24.026+0000: [GC (Allocation Failure) 2020-10-28T10:43:24.026+0000: [ParNew: 16388K->2K(18432K), 0.0026849 secs] 465835K->449449K(794988K), 0.0027351 secs] [Times: user=0.01 sys=0.00, real=0.00 secs] 
2020-10-28T10:43:24.045+0000: [GC (Allocation Failure) 2020-10-28T10:43:24.045+0000: [ParNew: 16386K->2K(18432K), 0.0026911 secs] 465833K->449449K(794988K), 0.0027506 secs] [Times: user=0.00 sys=0.00, real=0.00 secs] 
2020-10-28T10:43:24.066+0000: [GC (Allocation Failure) 2020-10-28T10:43:24.066+0000: [ParNew: 16386K->2K(18432K), 0.0027781 secs] 465833K->449449K(794988K), 0.0028317 secs] [Times: user=0.01 sys=0.00, real=0.00 secs] 
2020-10-28T10:43:24.086+0000: [GC (Allocation Failure) 2020-10-28T10:43:24.086+0000: [ParNew: 16386K->4K(18432K), 0.0027689 secs] 465833K->449451K(794988K), 0.0028205 secs] [Times: user=0.00 sys=0.01, real=0.00 secs] 
2020-10-28T10:43:24.105+0000: [GC (Allocation Failure) 2020-10-28T10:43:24.105+0000: [ParNew: 16388K->2K(18432K), 0.0027647 secs] 465835K->449449K(794988K), 0.0028134 secs] [Times: user=0.01 sys=0.00, real=0.00 secs] 
2020-10-28T10:43:24.126+0000: [GC (Allocation Failure) 2020-10-28T10:43:24.126+0000: [ParNew: 16386K->2K(18432K), 0.0026409 secs] 465833K->449449K(794988K), 0.0026911 secs] [Times: user=0.01 sys=0.00, real=0.00 secs] 
2020-10-28T10:43:24.146+0000: [GC (Allocation Failure) 2020-10-28T10:43:24.146+0000: [ParNew: 16386K->2K(18432K), 0.0026438 secs] 465833K->449449K(794988K), 0.0026914 secs] [Times: user=0.00 sys=0.00, real=0.00 secs] 
2020-10-28T10:43:24.166+0000: [GC (Allocation Failure) 2020-10-28T10:43:24.166+0000: [ParNew: 16386K->2K(18432K), 0.0026427 secs] 465833K->449449K(794988K), 0.0026918 secs] [Times: user=0.01 sys=0.00, real=0.00 secs] 
2020-10-28T10:43:24.186+0000: [GC (Allocation Failure) 2020-10-28T10:43:24.186+0000: [ParNew: 16386K->2K(18432K), 0.0027720 secs] 465833K->449449K(794988K), 0.0028334 secs] [Times: user=0.00 sys=0.00, real=0.00 secs] 
2020-10-28T10:43:24.206+0000: [GC (Allocation Failure) 2020-10-28T10:43:24.206+0000: [ParNew: 16386K->2K(18432K), 0.0027820 secs] 465833K->449449K(794988K), 0.0028291 secs] [Times: user=0.01 sys=0.00, real=0.00 secs] 
2020-10-28T10:43:24.226+0000: [GC (Allocation Failure) 2020-10-28T10:43:24.226+0000: [ParNew: 16386K->2K(18432K), 0.0027159 secs] 465833K->449449K(794988K), 0.0027661 secs] [Times: user=0.00 sys=0.00, real=0.00 secs] 
2020-10-28T10:43:24.245+0000: [GC (Allocation Failure) 2020-10-28T10:43:24.245+0000: [ParNew: 16386K->2K(18432K), 0.0027213 secs] 465833K->449449K(794988K), 0.0027713 secs] [Times: user=0.00 sys=0.00, real=0.00 secs] 
2020-10-28T10:43:24.264+0000: [GC (Allocation Failure) 2020-10-28T10:43:24.264+0000: [ParNew: 16386K->4K(18432K), 0.0027077 secs] 465833K->449451K(794988K), 0.0027569 secs] [Times: user=0.01 sys=0.00, real=0.00 secs] 
2020-10-28T10:43:24.283+0000: [GC (Allocation Failure) 2020-10-28T10:43:24.283+0000: [ParNew: 16388K->2K(18432K), 0.0027859 secs] 465835K->449449K(794988K), 0.0028385 secs] [Times: user=0.00 sys=0.00, real=0.00 secs] 
2020-10-28T10:43:24.302+0000: [GC (Allocation Failure) 2020-10-28T10:43:24.302+0000: [ParNew: 16386K->2K(18432K), 0.0028090 secs] 465833K->449449K(794988K), 0.0028636 secs] [Times: user=0.00 sys=0.00, real=0.00 secs] 
2020-10-28T10:43:24.321+0000: [GC (Allocation Failure) 2020-10-28T10:43:24.322+0000: [ParNew: 16386K->2K(18432K), 0.0027866 secs] 465833K->449449K(794988K), 0.0028483 secs] [Times: user=0.01 sys=0.00, real=0.00 secs] 
2020-10-28T10:43:24.340+0000: [GC (Allocation Failure) 2020-10-28T10:43:24.340+0000: [ParNew: 16386K->4K(18432K), 0.0028453 secs] 465833K->449451K(794988K), 0.0028979 secs] [Times: user=0.01 sys=0.00, real=0.00 secs] 
2020-10-28T10:43:24.360+0000: [GC (Allocation Failure) 2020-10-28T10:43:24.360+0000: [ParNew: 16388K->2K(18432K), 0.0027951 secs] 465835K->449449K(794988K), 0.0028473 secs] [Times: user=0.00 sys=0.00, real=0.00 secs] 
2020-10-28T10:43:24.379+0000: [GC (Allocation Failure) 2020-10-28T10:43:24.379+0000: [ParNew: 16386K->2K(18432K), 0.0027697 secs] 465833K->449449K(794988K), 0.0028220 secs] [Times: user=0.00 sys=0.00, real=0.00 secs] 
2020-10-28T10:43:24.397+0000: [GC (Allocation Failure) 2020-10-28T10:43:24.398+0000: [ParNew: 16386K->4K(18432K), 0.0027370 secs] 465833K->449451K(794988K), 0.0027880 secs] [Times: user=0.01 sys=0.00, real=0.01 secs] 
2020-10-28T10:43:24.416+0000: [GC (Allocation Failure) 2020-10-28T10:43:24.416+0000: [ParNew: 16388K->2K(18432K), 0.0027252 secs] 465835K->449449K(794988K), 0.0027741 secs] [Times: user=0.01 sys=0.00, real=0.01 secs] 
2020-10-28T10:43:24.437+0000: [GC (Allocation Failure) 2020-10-28T10:43:24.437+0000: [ParNew: 16386K->4K(18432K), 0.0027742 secs] 465833K->449451K(794988K), 0.0028261 secs] [Times: user=0.01 sys=0.00, real=0.01 secs] 
2020-10-28T10:43:24.469+0000: [GC (Allocation Failure) 2020-10-28T10:43:24.470+0000: [ParNew: 16388K->4K(18432K), 0.0028861 secs] 465835K->449451K(794988K), 0.0029452 secs] [Times: user=0.01 sys=0.00, real=0.01 secs] 
2020-10-28T10:43:24.492+0000: [GC (Allocation Failure) 2020-10-28T10:43:24.492+0000: [ParNew: 16388K->4K(18432K), 0.0028702 secs] 465835K->449451K(794988K), 0.0029257 secs] [Times: user=0.00 sys=0.00, real=0.00 secs] 
2020-10-28T10:43:24.514+0000: [GC (Allocation Failure) 2020-10-28T10:43:24.514+0000: [ParNew: 16388K->4K(18432K), 0.0027231 secs] 465835K->449451K(794988K), 0.0027742 secs] [Times: user=0.01 sys=0.00, real=0.00 secs] 
2020-10-28T10:43:24.536+0000: [GC (Allocation Failure) 2020-10-28T10:43:24.536+0000: [ParNew: 16388K->4K(18432K), 0.0027463 secs] 465835K->449451K(794988K), 0.0028078 secs] [Times: user=0.00 sys=0.00, real=0.01 secs] 
2020-10-28T10:43:24.558+0000: [GC (Allocation Failure) 2020-10-28T10:43:24.558+0000: [ParNew: 16388K->4K(18432K), 0.0027639 secs] 465835K->449451K(794988K), 0.0028168 secs] [Times: user=0.01 sys=0.00, real=0.00 secs] 
2020-10-28T10:43:24.581+0000: [GC (Allocation Failure) 2020-10-28T10:43:24.581+0000: [ParNew: 16388K->4K(18432K), 0.0028134 secs] 465835K->449451K(794988K), 0.0028666 secs] [Times: user=0.01 sys=0.00, real=0.00 secs] 
2020-10-28T10:43:25.116+0000: [GC (Allocation Failure) 2020-10-28T10:43:25.116+0000: [ParNew: 16388K->299K(18432K), 0.0031740 secs] 465835K->449748K(794988K), 0.0032207 secs] [Times: user=0.01 sys=0.00, real=0.01 secs] 
2020-10-28T10:43:25.272+0000: [GC (Allocation Failure) 2020-10-28T10:43:25.272+0000: [ParNew: 16683K->836K(18432K), 0.0036891 secs] 466132K->450285K(794988K), 0.0037637 secs] [Times: user=0.01 sys=0.00, real=0.00 secs] 
2020-10-28T10:43:25.649+0000: [GC (Allocation Failure) 2020-10-28T10:43:25.650+0000: [ParNew: 17220K->2048K(18432K), 0.0079368 secs] 483053K->468522K(794988K), 0.0080063 secs] [Times: user=0.01 sys=0.01, real=0.01 secs] 
2020-10-28T10:43:25.686+0000: [GC (Allocation Failure) 2020-10-28T10:43:25.686+0000: [ParNew: 18432K->1303K(18432K), 0.0074838 secs] 484906K->469654K(794988K), 0.0075398 secs] [Times: user=0.02 sys=0.00, real=0.01 secs] 
2020-10-28T10:43:25.724+0000: [GC (Allocation Failure) 2020-10-28T10:43:25.724+0000: [ParNew: 17687K->864K(18432K), 0.0029213 secs] 486038K->469216K(794988K), 0.0029845 secs] [Times: user=0.00 sys=0.00, real=0.00 secs] 
2020-10-28T10:43:25.750+0000: [GC (Allocation Failure) 2020-10-28T10:43:25.750+0000: [ParNew: 17248K->909K(18432K), 0.0029125 secs] 485600K->469261K(794988K), 0.0029653 secs] [Times: user=0.01 sys=0.00, real=0.00 secs] 
2020-10-28T10:43:25.774+0000: [GC (Allocation Failure) 2020-10-28T10:43:25.774+0000: [ParNew: 17293K->1574K(18432K), 0.0029507 secs] 485645K->469926K(794988K), 0.0030015 secs] [Times: user=0.01 sys=0.00, real=0.00 secs] 
2020-10-28T10:43:25.801+0000: [GC (Allocation Failure) 2020-10-28T10:43:25.802+0000: [ParNew: 17958K->525K(18432K), 0.0029345 secs] 486310K->469401K(794988K), 0.0029859 secs] [Times: user=0.00 sys=0.00, real=0.00 secs] 
2020-10-28T10:43:25.826+0000: [GC (Allocation Failure) 2020-10-28T10:43:25.826+0000: [ParNew: 16909K->1028K(18432K), 0.0028300 secs] 485785K->469903K(794988K), 0.0028777 secs] [Times: user=0.00 sys=0.00, real=0.00 secs] 
2020-10-28T10:43:25.850+0000: [GC (Allocation Failure) 2020-10-28T10:43:25.850+0000: [ParNew: 17412K->4K(18432K), 0.0026942 secs] 486287K->469392K(794988K), 0.0027410 secs] [Times: user=0.01 sys=0.00, real=0.00 secs] 
2020-10-28T10:43:25.886+0000: [GC (Allocation Failure) 2020-10-28T10:43:25.886+0000: [ParNew: 16388K->1028K(18432K), 0.0030843 secs] 485776K->471440K(794988K), 0.0031548 secs] [Times: user=0.01 sys=0.00, real=0.00 secs] 
2020-10-28T10:43:25.911+0000: [GC (Allocation Failure) 2020-10-28T10:43:25.911+0000: [ParNew: 17412K->1028K(18432K), 0.0030257 secs] 487824K->472464K(794988K), 0.0030771 secs] [Times: user=0.01 sys=0.00, real=0.00 secs] 
2020-10-28T10:43:25.936+0000: [GC (Allocation Failure) 2020-10-28T10:43:25.936+0000: [ParNew: 17412K->4K(18432K), 0.0027661 secs] 488848K->471440K(794988K), 0.0028186 secs] [Times: user=0.00 sys=0.00, real=0.01 secs] 
2020-10-28T10:43:25.969+0000: [GC (Allocation Failure) 2020-10-28T10:43:25.969+0000: [ParNew: 16388K->4K(18432K), 0.0027429 secs] 487824K->471440K(794988K), 0.0027963 secs] [Times: user=0.01 sys=0.00, real=0.01 secs] 
2020-10-28T10:43:25.992+0000: [GC (Allocation Failure) 2020-10-28T10:43:25.992+0000: [ParNew: 16388K->4K(18432K), 0.0029323 secs] 487824K->471440K(794988K), 0.0029831 secs] [Times: user=0.00 sys=0.00, real=0.00 secs] 
2020-10-28T10:43:26.014+0000: [GC (Allocation Failure) 2020-10-28T10:43:26.014+0000: [ParNew: 16388K->4K(18432K), 0.0025251 secs] 487824K->471440K(794988K), 0.0025729 secs] [Times: user=0.01 sys=0.00, real=0.00 secs] 
2020-10-28T10:43:26.038+0000: [GC (Allocation Failure) 2020-10-28T10:43:26.038+0000: [ParNew: 16388K->4K(18432K), 0.0024814 secs] 487824K->471440K(794988K), 0.0025263 secs] [Times: user=0.00 sys=0.00, real=0.01 secs] 
2020-10-28T10:43:26.057+0000: [GC (Allocation Failure) 2020-10-28T10:43:26.057+0000: [ParNew: 16388K->4K(18432K), 0.0028083 secs] 487824K->473488K(794988K), 0.0028535 secs] [Times: user=0.01 sys=0.00, real=0.01 secs] 
2020-10-28T10:43:26.077+0000: [GC (Allocation Failure) 2020-10-28T10:43:26.077+0000: [ParNew: 16388K->4K(18432K), 0.0026932 secs] 489872K->473488K(794988K), 0.0027420 secs] [Times: user=0.00 sys=0.00, real=0.01 secs] 
2020-10-28T10:43:26.096+0000: [GC (Allocation Failure) 2020-10-28T10:43:26.096+0000: [ParNew: 16388K->4K(18432K), 0.0032123 secs] 489872K->475536K(794988K), 0.0032601 secs] [Times: user=0.01 sys=0.00, real=0.01 secs] 
2020-10-28T10:43:26.117+0000: [GC (Allocation Failure) 2020-10-28T10:43:26.117+0000: [ParNew: 16388K->4K(18432K), 0.0026611 secs] 491920K->475536K(794988K), 0.0027035 secs] [Times: user=0.01 sys=0.00, real=0.01 secs] 
2020-10-28T10:43:26.142+0000: [GC (Allocation Failure) 2020-10-28T10:43:26.142+0000: [ParNew: 16388K->4K(18432K), 0.0027347 secs] 491920K->475536K(794988K), 0.0027879 secs] [Times: user=0.01 sys=0.00, real=0.00 secs] 
2020-10-28T10:43:26.178+0000: [GC (Allocation Failure) 2020-10-28T10:43:26.178+0000: [ParNew: 16388K->4K(18432K), 0.0028057 secs] 491920K->475536K(794988K), 0.0028646 secs] [Times: user=0.01 sys=0.00, real=0.00 secs] 
2020-10-28T10:43:26.214+0000: [GC (Allocation Failure) 2020-10-28T10:43:26.214+0000: [ParNew: 16388K->4K(18432K), 0.0095320 secs] 491920K->475536K(794988K), 0.0095887 secs] [Times: user=0.02 sys=0.00, real=0.01 secs] 
2020-10-28T10:43:26.257+0000: [GC (Allocation Failure) 2020-10-28T10:43:26.257+0000: [ParNew: 16388K->4K(18432K), 0.0062872 secs] 491920K->475536K(794988K), 0.0063836 secs] [Times: user=0.01 sys=0.00, real=0.01 secs] 
2020-10-28T10:43:26.297+0000: [GC (Allocation Failure) 2020-10-28T10:43:26.297+0000: [ParNew: 16388K->4K(18432K), 0.0057278 secs] 491920K->475536K(794988K), 0.0057947 secs] [Times: user=0.01 sys=0.00, real=0.01 secs] 
2020-10-28T10:43:26.330+0000: [GC (Allocation Failure) 2020-10-28T10:43:26.330+0000: [ParNew: 16388K->4K(18432K), 0.0027933 secs] 491920K->475536K(794988K), 0.0028670 secs] [Times: user=0.01 sys=0.00, real=0.00 secs] 
2020-10-28T10:43:26.365+0000: [GC (Allocation Failure) 2020-10-28T10:43:26.365+0000: [ParNew: 16388K->4K(18432K), 0.0028666 secs] 491920K->475536K(794988K), 0.0029414 secs] [Times: user=0.01 sys=0.00, real=0.00 secs] 
2020-10-28T10:43:26.409+0000: [GC (Allocation Failure) 2020-10-28T10:43:26.410+0000: [ParNew: 16388K->4K(18432K), 0.0062854 secs] 491920K->475536K(794988K), 0.0063615 secs] [Times: user=0.01 sys=0.00, real=0.01 secs] 
2020-10-28T10:43:26.455+0000: [GC (Allocation Failure) 2020-10-28T10:43:26.455+0000: [ParNew: 16388K->4K(18432K), 0.0059229 secs] 491920K->475536K(794988K), 0.0059972 secs] [Times: user=0.01 sys=0.00, real=0.01 secs] 
2020-10-28T10:43:26.497+0000: [GC (Allocation Failure) 2020-10-28T10:43:26.497+0000: [ParNew: 16388K->4K(18432K), 0.0028482 secs] 491920K->475536K(794988K), 0.0029009 secs] [Times: user=0.01 sys=0.00, real=0.01 secs] 
2020-10-28T10:43:26.525+0000: [GC (Allocation Failure) 2020-10-28T10:43:26.526+0000: [ParNew: 16388K->4K(18432K), 0.0028300 secs] 491920K->475536K(794988K), 0.0028862 secs] [Times: user=0.01 sys=0.00, real=0.00 secs] 
2020-10-28T10:43:26.544+0000: [GC (Allocation Failure) 2020-10-28T10:43:26.544+0000: [ParNew: 16388K->4K(18432K), 0.0028037 secs] 491920K->475536K(794988K), 0.0028548 secs] [Times: user=0.01 sys=0.00, real=0.00 secs] 
2020-10-28T10:43:26.563+0000: [GC (Allocation Failure) 2020-10-28T10:43:26.563+0000: [ParNew: 15257K->4K(18432K), 0.0026373 secs] 490790K->475536K(794988K), 0.0026856 secs] [Times: user=0.00 sys=0.00, real=0.00 secs] 
2020-10-28T10:43:26.577+0000: [GC (Allocation Failure) 2020-10-28T10:43:26.577+0000: [ParNew: 13733K->4K(18432K), 0.0077403 secs] 489266K->479632K(794988K), 0.0078045 secs] [Times: user=0.01 sys=0.00, real=0.01 secs] 
2020-10-28T10:43:26.598+0000: [GC (Allocation Failure) 2020-10-28T10:43:26.598+0000: [ParNew: 16388K->4K(18432K), 0.0036106 secs] 496016K->483728K(794988K), 0.0036635 secs] [Times: user=0.01 sys=0.00, real=0.00 secs] 
2020-10-28T10:43:26.606+0000: [GC (CMS Initial Mark) [1 CMS-initial-mark: 483724K(776556K)] 484054K(794988K), 0.0012650 secs] [Times: user=0.00 sys=0.00, real=0.00 secs] 
2020-10-28T10:43:26.607+0000: [CMS-concurrent-mark-start]
2020-10-28T10:43:26.630+0000: [GC (Allocation Failure) 2020-10-28T10:43:26.630+0000: [ParNew: 16388K->4K(18432K), 0.0027321 secs] 500112K->483728K(794988K), 0.0027973 secs] [Times: user=0.01 sys=0.00, real=0.00 secs] 
2020-10-28T10:43:26.659+0000: [GC (Allocation Failure) 2020-10-28T10:43:26.659+0000: [ParNew: 16388K->4K(18432K), 0.0027437 secs] 500112K->483728K(794988K), 0.0027987 secs] [Times: user=0.01 sys=0.00, real=0.00 secs] 
2020-10-28T10:43:26.668+0000: [CMS-concurrent-mark: 0.055/0.061 secs] [Times: user=0.12 sys=0.00, real=0.06 secs] 
2020-10-28T10:43:26.668+0000: [CMS-concurrent-preclean-start]
2020-10-28T10:43:26.671+0000: [CMS-concurrent-preclean: 0.002/0.002 secs] [Times: user=0.00 sys=0.00, real=0.01 secs] 
2020-10-28T10:43:26.671+0000: [CMS-concurrent-abortable-preclean-start]
2020-10-28T10:43:26.681+0000: [GC (Allocation Failure) 2020-10-28T10:43:26.681+0000: [ParNew: 16388K->4K(18432K), 0.0024601 secs] 500112K->483728K(794988K), 0.0025026 secs] [Times: user=0.00 sys=0.00, real=0.00 secs] 
2020-10-28T10:43:26.702+0000: [GC (Allocation Failure) 2020-10-28T10:43:26.702+0000: [ParNew: 16388K->4K(18432K), 0.0024832 secs] 500112K->483728K(794988K), 0.0025350 secs] [Times: user=0.01 sys=0.00, real=0.00 secs] 
2020-10-28T10:43:26.720+0000: [GC (Allocation Failure) 2020-10-28T10:43:26.720+0000: [ParNew: 16388K->4K(18432K), 0.0027854 secs] 500112K->483729K(794988K), 0.0028560 secs] [Times: user=0.00 sys=0.00, real=0.00 secs] 
2020-10-28T10:43:26.738+0000: [GC (Allocation Failure) 2020-10-28T10:43:26.738+0000: [ParNew: 16388K->4K(18432K), 0.0024954 secs] 500113K->483729K(794988K), 0.0025489 secs] [Times: user=0.01 sys=0.00, real=0.00 secs] 
2020-10-28T10:43:26.758+0000: [GC (Allocation Failure) 2020-10-28T10:43:26.758+0000: [ParNew: 16388K->4K(18432K), 0.0027126 secs] 500113K->483729K(794988K), 0.0027706 secs] [Times: user=0.01 sys=0.00, real=0.00 secs] 
2020-10-28T10:43:26.776+0000: [GC (Allocation Failure) 2020-10-28T10:43:26.776+0000: [ParNew: 16388K->4K(18432K), 0.0025996 secs] 500113K->483729K(794988K), 0.0026519 secs] [Times: user=0.01 sys=0.00, real=0.01 secs] 
2020-10-28T10:43:26.794+0000: [GC (Allocation Failure) 2020-10-28T10:43:26.794+0000: [ParNew: 16388K->4K(18432K), 0.0024958 secs] 500113K->483729K(794988K), 0.0025456 secs] [Times: user=0.00 sys=0.00, real=0.00 secs] 
2020-10-28T10:43:26.814+0000: [GC (Allocation Failure) 2020-10-28T10:43:26.814+0000: [ParNew: 16388K->4K(18432K), 0.0023971 secs] 500113K->483729K(794988K), 0.0024445 secs] [Times: user=0.01 sys=0.00, real=0.00 secs] 
2020-10-28T10:43:26.834+0000: [GC (Allocation Failure) 2020-10-28T10:43:26.834+0000: [ParNew: 16388K->4K(18432K), 0.0023532 secs] 500113K->483729K(794988K), 0.0023992 secs] [Times: user=0.00 sys=0.00, real=0.00 secs] 
2020-10-28T10:43:26.854+0000: [GC (Allocation Failure) 2020-10-28T10:43:26.854+0000: [ParNew: 16388K->4K(18432K), 0.0022929 secs] 500113K->483729K(794988K), 0.0023370 secs] [Times: user=0.00 sys=0.00, real=0.00 secs] 
2020-10-28T10:43:26.871+0000: [GC (Allocation Failure) 2020-10-28T10:43:26.871+0000: [ParNew: 16388K->4K(18432K), 0.0024072 secs] 500113K->483729K(794988K), 0.0024528 secs] [Times: user=0.01 sys=0.00, real=0.00 secs] 
2020-10-28T10:43:26.889+0000: [GC (Allocation Failure) 2020-10-28T10:43:26.889+0000: [ParNew: 16388K->4K(18432K), 0.0023166 secs] 500113K->483729K(794988K), 0.0023626 secs] [Times: user=0.00 sys=0.00, real=0.01 secs] 
2020-10-28T10:43:26.910+0000: [GC (Allocation Failure) 2020-10-28T10:43:26.910+0000: [ParNew: 16388K->4K(18432K), 0.0024816 secs] 500113K->483729K(794988K), 0.0025298 secs] [Times: user=0.01 sys=0.00, real=0.00 secs] 
2020-10-28T10:43:26.928+0000: [GC (Allocation Failure) 2020-10-28T10:43:26.928+0000: [ParNew: 16388K->4K(18432K), 0.0024192 secs] 500113K->483729K(794988K), 0.0024647 secs] [Times: user=0.00 sys=0.00, real=0.01 secs] 
2020-10-28T10:43:26.950+0000: [GC (Allocation Failure) 2020-10-28T10:43:26.950+0000: [ParNew: 16388K->4K(18432K), 0.0023378 secs] 500113K->483729K(794988K), 0.0023821 secs] [Times: user=0.01 sys=0.00, real=0.00 secs] 
2020-10-28T10:43:26.970+0000: [GC (Allocation Failure) 2020-10-28T10:43:26.970+0000: [ParNew: 16388K->4K(18432K), 0.0023280 secs] 500113K->483729K(794988K), 0.0023718 secs] [Times: user=0.00 sys=0.00, real=0.00 secs] 
2020-10-28T10:43:26.988+0000: [GC (Allocation Failure) 2020-10-28T10:43:26.988+0000: [ParNew: 16388K->4K(18432K), 0.0023477 secs] 500113K->483729K(794988K), 0.0023938 secs] [Times: user=0.01 sys=0.00, real=0.01 secs] 
2020-10-28T10:43:27.007+0000: [GC (Allocation Failure) 2020-10-28T10:43:27.007+0000: [ParNew: 16388K->4K(18432K), 0.0024249 secs] 500113K->483729K(794988K), 0.0024721 secs] [Times: user=0.00 sys=0.00, real=0.00 secs] 
2020-10-28T10:43:27.025+0000: [GC (Allocation Failure) 2020-10-28T10:43:27.025+0000: [ParNew: 16388K->6K(18432K), 0.0023340 secs] 500113K->483731K(794988K), 0.0023776 secs] [Times: user=0.01 sys=0.00, real=0.00 secs] 
2020-10-28T10:43:27.044+0000: [GC (Allocation Failure) 2020-10-28T10:43:27.044+0000: [ParNew: 16390K->6K(18432K), 0.0023819 secs] 500115K->483731K(794988K), 0.0024229 secs] [Times: user=0.00 sys=0.00, real=0.00 secs] 
2020-10-28T10:43:27.066+0000: [GC (Allocation Failure) 2020-10-28T10:43:27.066+0000: [ParNew: 16390K->6K(18432K), 0.0023411 secs] 500115K->483731K(794988K), 0.0023862 secs] [Times: user=0.01 sys=0.00, real=0.00 secs] 
2020-10-28T10:43:27.084+0000: [GC (Allocation Failure) 2020-10-28T10:43:27.084+0000: [ParNew: 16390K->6K(18432K), 0.0024857 secs] 500115K->483731K(794988K), 0.0025354 secs] [Times: user=0.01 sys=0.00, real=0.00 secs] 
2020-10-28T10:43:27.106+0000: [GC (Allocation Failure) 2020-10-28T10:43:27.106+0000: [ParNew: 16390K->6K(18432K), 0.0025723 secs] 500115K->483731K(794988K), 0.0026215 secs] [Times: user=0.01 sys=0.00, real=0.00 secs] 
2020-10-28T10:43:27.124+0000: [GC (Allocation Failure) 2020-10-28T10:43:27.124+0000: [ParNew: 16390K->4K(18432K), 0.0027600 secs] 500115K->483731K(794988K), 0.0028125 secs] [Times: user=0.01 sys=0.00, real=0.00 secs] 
2020-10-28T10:43:27.146+0000: [GC (Allocation Failure) 2020-10-28T10:43:27.146+0000: [ParNew: 16388K->4K(18432K), 0.0024904 secs] 500115K->483731K(794988K), 0.0025370 secs] [Times: user=0.01 sys=0.01, real=0.00 secs] 
2020-10-28T10:43:27.166+0000: [GC (Allocation Failure) 2020-10-28T10:43:27.166+0000: [ParNew: 16388K->4K(18432K), 0.0024129 secs] 500115K->483731K(794988K), 0.0024575 secs] [Times: user=0.01 sys=0.00, real=0.00 secs] 
2020-10-28T10:43:27.184+0000: [GC (Allocation Failure) 2020-10-28T10:43:27.184+0000: [ParNew: 16388K->4K(18432K), 0.0025250 secs] 500115K->483731K(794988K), 0.0025740 secs] [Times: user=0.01 sys=0.00, real=0.00 secs] 
2020-10-28T10:43:27.204+0000: [GC (Allocation Failure) 2020-10-28T10:43:27.204+0000: [ParNew: 16388K->4K(18432K), 0.0027984 secs] 500115K->483731K(794988K), 0.0028538 secs] [Times: user=0.00 sys=0.00, real=0.00 secs] 
2020-10-28T10:43:27.223+0000: [GC (Allocation Failure) 2020-10-28T10:43:27.223+0000: [ParNew: 16388K->4K(18432K), 0.0024982 secs] 500115K->483731K(794988K), 0.0025453 secs] [Times: user=0.01 sys=0.00, real=0.00 secs] 
2020-10-28T10:43:27.242+0000: [GC (Allocation Failure) 2020-10-28T10:43:27.242+0000: [ParNew: 16388K->4K(18432K), 0.0025678 secs] 500115K->483731K(794988K), 0.0026162 secs] [Times: user=0.00 sys=0.00, real=0.00 secs] 
2020-10-28T10:43:27.262+0000: [GC (Allocation Failure) 2020-10-28T10:43:27.262+0000: [ParNew: 16388K->4K(18432K), 0.0024320 secs] 500115K->483731K(794988K), 0.0024777 secs] [Times: user=0.00 sys=0.00, real=0.00 secs] 
2020-10-28T10:43:27.280+0000: [GC (Allocation Failure) 2020-10-28T10:43:27.280+0000: [ParNew: 16388K->4K(18432K), 0.0023427 secs] 500115K->483731K(794988K), 0.0023868 secs] [Times: user=0.00 sys=0.00, real=0.00 secs] 
2020-10-28T10:43:27.302+0000: [GC (Allocation Failure) 2020-10-28T10:43:27.302+0000: [ParNew: 16388K->4K(18432K), 0.0025927 secs] 500115K->483731K(794988K), 0.0026455 secs] [Times: user=0.01 sys=0.00, real=0.00 secs] 
2020-10-28T10:43:27.322+0000: [GC (Allocation Failure) 2020-10-28T10:43:27.322+0000: [ParNew: 16388K->4K(18432K), 0.0026594 secs] 500115K->483731K(794988K), 0.0027111 secs] [Times: user=0.00 sys=0.00, real=0.00 secs] 
2020-10-28T10:43:27.340+0000: [GC (Allocation Failure) 2020-10-28T10:43:27.340+0000: [ParNew: 16388K->4K(18432K), 0.0024172 secs] 500115K->483731K(794988K), 0.0024619 secs] [Times: user=0.01 sys=0.00, real=0.00 secs] 
2020-10-28T10:43:27.359+0000: [GC (Allocation Failure) 2020-10-28T10:43:27.359+0000: [ParNew: 16388K->4K(18432K), 0.0023568 secs] 500115K->483731K(794988K), 0.0024014 secs] [Times: user=0.00 sys=0.00, real=0.00 secs] 
2020-10-28T10:43:27.377+0000: [GC (Allocation Failure) 2020-10-28T10:43:27.377+0000: [ParNew: 16388K->4K(18432K), 0.0024738 secs] 500115K->483731K(794988K), 0.0025223 secs] [Times: user=0.00 sys=0.00, real=0.01 secs] 
2020-10-28T10:43:27.395+0000: [GC (Allocation Failure) 2020-10-28T10:43:27.395+0000: [ParNew: 16388K->4K(18432K), 0.0025102 secs] 500115K->483731K(794988K), 0.0025587 secs] [Times: user=0.00 sys=0.00, real=0.00 secs] 
2020-10-28T10:43:27.413+0000: [GC (Allocation Failure) 2020-10-28T10:43:27.413+0000: [ParNew: 16388K->4K(18432K), 0.0023541 secs] 500115K->483731K(794988K), 0.0023977 secs] [Times: user=0.01 sys=0.00, real=0.00 secs] 
2020-10-28T10:43:27.430+0000: [GC (Allocation Failure) 2020-10-28T10:43:27.430+0000: [ParNew: 16388K->4K(18432K), 0.0026428 secs] 500115K->483731K(794988K), 0.0026941 secs] [Times: user=0.00 sys=0.00, real=0.00 secs] 
2020-10-28T10:43:27.450+0000: [GC (Allocation Failure) 2020-10-28T10:43:27.450+0000: [ParNew: 16388K->4K(18432K), 0.0023758 secs] 500115K->483731K(794988K), 0.0024321 secs] [Times: user=0.01 sys=0.00, real=0.00 secs] 
2020-10-28T10:43:27.470+0000: [GC (Allocation Failure) 2020-10-28T10:43:27.470+0000: [ParNew: 16388K->4K(18432K), 0.0023114 secs] 500115K->483731K(794988K), 0.0023581 secs] [Times: user=0.00 sys=0.00, real=0.00 secs] 
2020-10-28T10:43:27.488+0000: [GC (Allocation Failure) 2020-10-28T10:43:27.488+0000: [ParNew: 16388K->4K(18432K), 0.0025343 secs] 500115K->483731K(794988K), 0.0025854 secs] [Times: user=0.00 sys=0.00, real=0.01 secs] 
2020-10-28T10:43:27.506+0000: [GC (Allocation Failure) 2020-10-28T10:43:27.506+0000: [ParNew: 16388K->4K(18432K), 0.0024925 secs] 500115K->483731K(794988K), 0.0025395 secs] [Times: user=0.01 sys=0.00, real=0.00 secs] 
2020-10-28T10:43:27.524+0000: [GC (Allocation Failure) 2020-10-28T10:43:27.524+0000: [ParNew: 16388K->4K(18432K), 0.0026011 secs] 500115K->483731K(794988K), 0.0026524 secs] [Times: user=0.00 sys=0.00, real=0.00 secs] 
2020-10-28T10:43:27.542+0000: [GC (Allocation Failure) 2020-10-28T10:43:27.542+0000: [ParNew: 16388K->4K(18432K), 0.0024861 secs] 500115K->483731K(794988K), 0.0025338 secs] [Times: user=0.01 sys=0.00, real=0.00 secs] 
2020-10-28T10:43:27.561+0000: [GC (Allocation Failure) 2020-10-28T10:43:27.561+0000: [ParNew: 16388K->4K(18432K), 0.0026492 secs] 500115K->483731K(794988K), 0.0027000 secs] [Times: user=0.00 sys=0.00, real=0.00 secs] 
2020-10-28T10:43:27.579+0000: [GC (Allocation Failure) 2020-10-28T10:43:27.579+0000: [ParNew: 16388K->4K(18432K), 0.0025641 secs] 500115K->483731K(794988K), 0.0026128 secs] [Times: user=0.01 sys=0.00, real=0.00 secs] 
2020-10-28T10:43:27.602+0000: [GC (Allocation Failure) 2020-10-28T10:43:27.602+0000: [ParNew: 16388K->4K(18432K), 0.0027066 secs] 500115K->483732K(794988K), 0.0027603 secs] [Times: user=0.00 sys=0.00, real=0.00 secs] 
2020-10-28T10:43:27.620+0000: [GC (Allocation Failure) 2020-10-28T10:43:27.620+0000: [ParNew: 16388K->4K(18432K), 0.0027069 secs] 500116K->483732K(794988K), 0.0027588 secs] [Times: user=0.01 sys=0.00, real=0.00 secs] 
2020-10-28T10:43:27.642+0000: [GC (Allocation Failure) 2020-10-28T10:43:27.642+0000: [ParNew: 16388K->4K(18432K), 0.0026763 secs] 500116K->483732K(794988K), 0.0027296 secs] [Times: user=0.00 sys=0.00, real=0.00 secs] 
2020-10-28T10:43:27.660+0000: [GC (Allocation Failure) 2020-10-28T10:43:27.660+0000: [ParNew: 16388K->4K(18432K), 0.0028153 secs] 500116K->483732K(794988K), 0.0028696 secs] [Times: user=0.01 sys=0.00, real=0.00 secs] 
2020-10-28T10:43:27.679+0000: [GC (Allocation Failure) 2020-10-28T10:43:27.679+0000: [ParNew: 16388K->4K(18432K), 0.0025973 secs] 500116K->483732K(794988K), 0.0026462 secs] [Times: user=0.00 sys=0.00, real=0.00 secs] 
2020-10-28T10:43:27.697+0000: [GC (Allocation Failure) 2020-10-28T10:43:27.697+0000: [ParNew: 16388K->4K(18432K), 0.0026126 secs] 500116K->483732K(794988K), 0.0026643 secs] [Times: user=0.01 sys=0.00, real=0.01 secs] 
2020-10-28T10:43:27.716+0000: [GC (Allocation Failure) 2020-10-28T10:43:27.716+0000: [ParNew: 16388K->4K(18432K), 0.0024199 secs] 500116K->483732K(794988K), 0.0024652 secs] [Times: user=0.00 sys=0.00, real=0.01 secs] 
2020-10-28T10:43:27.738+0000: [GC (Allocation Failure) 2020-10-28T10:43:27.738+0000: [ParNew: 16388K->4K(18432K), 0.0027090 secs] 500116K->483732K(794988K), 0.0027641 secs] [Times: user=0.00 sys=0.00, real=0.00 secs] 
2020-10-28T10:43:27.756+0000: [GC (Allocation Failure) 2020-10-28T10:43:27.756+0000: [ParNew: 16388K->4K(18432K), 0.0026293 secs] 500116K->483732K(794988K), 0.0026806 secs] [Times: user=0.00 sys=0.00, real=0.01 secs] 
2020-10-28T10:43:27.774+0000: [GC (Allocation Failure) 2020-10-28T10:43:27.774+0000: [ParNew: 16388K->4K(18432K), 0.0023277 secs] 500116K->483732K(794988K), 0.0023745 secs] [Times: user=0.00 sys=0.00, real=0.00 secs] 
2020-10-28T10:43:27.794+0000: [GC (Allocation Failure) 2020-10-28T10:43:27.794+0000: [ParNew: 16388K->4K(18432K), 0.0023977 secs] 500116K->483732K(794988K), 0.0024461 secs] [Times: user=0.01 sys=0.00, real=0.00 secs] 
2020-10-28T10:43:27.812+0000: [GC (Allocation Failure) 2020-10-28T10:43:27.812+0000: [ParNew: 16388K->4K(18432K), 0.0023428 secs] 500116K->483732K(794988K), 0.0023883 secs] [Times: user=0.00 sys=0.00, real=0.00 secs] 
2020-10-28T10:43:27.833+0000: [GC (Allocation Failure) 2020-10-28T10:43:27.833+0000: [ParNew: 16388K->4K(18432K), 0.0023203 secs] 500116K->483732K(794988K), 0.0023646 secs] [Times: user=0.00 sys=0.00, real=0.00 secs] 
2020-10-28T10:43:27.854+0000: [GC (Allocation Failure) 2020-10-28T10:43:27.854+0000: [ParNew: 16388K->4K(18432K), 0.0022915 secs] 500116K->483732K(794988K), 0.0023356 secs] [Times: user=0.01 sys=0.00, real=0.00 secs] 
2020-10-28T10:43:27.874+0000: [GC (Allocation Failure) 2020-10-28T10:43:27.874+0000: [ParNew: 16388K->4K(18432K), 0.0022619 secs] 500116K->483732K(794988K), 0.0023170 secs] [Times: user=0.00 sys=0.00, real=0.00 secs] 
2020-10-28T10:43:27.891+0000: [GC (Allocation Failure) 2020-10-28T10:43:27.891+0000: [ParNew: 16388K->4K(18432K), 0.0023142 secs] 500116K->483732K(794988K), 0.0023584 secs] [Times: user=0.01 sys=0.00, real=0.00 secs] 
2020-10-28T10:43:27.909+0000: [GC (Allocation Failure) 2020-10-28T10:43:27.909+0000: [ParNew: 16388K->4K(18432K), 0.0024494 secs] 500116K->483732K(794988K), 0.0025040 secs] [Times: user=0.00 sys=0.00, real=0.01 secs] 
2020-10-28T10:43:27.930+0000: [GC (Allocation Failure) 2020-10-28T10:43:27.930+0000: [ParNew: 16388K->4K(18432K), 0.0026776 secs] 500116K->483732K(794988K), 0.0027303 secs] [Times: user=0.00 sys=0.00, real=0.00 secs] 
2020-10-28T10:43:27.949+0000: [GC (Allocation Failure) 2020-10-28T10:43:27.949+0000: [ParNew: 16388K->4K(18432K), 0.0026953 secs] 500116K->483732K(794988K), 0.0027475 secs] [Times: user=0.00 sys=0.00, real=0.01 secs] 
2020-10-28T10:43:27.968+0000: [GC (Allocation Failure) 2020-10-28T10:43:27.968+0000: [ParNew: 16388K->4K(18432K), 0.0027300 secs] 500116K->483732K(794988K), 0.0027829 secs] [Times: user=0.00 sys=0.00, real=0.01 secs] 
2020-10-28T10:43:27.987+0000: [GC (Allocation Failure) 2020-10-28T10:43:27.987+0000: [ParNew: 16388K->4K(18432K), 0.0028060 secs] 500116K->483732K(794988K), 0.0028814 secs] [Times: user=0.01 sys=0.00, real=0.00 secs] 
2020-10-28T10:43:28.006+0000: [GC (Allocation Failure) 2020-10-28T10:43:28.006+0000: [ParNew: 16388K->4K(18432K), 0.0028355 secs] 500116K->483732K(794988K), 0.0028904 secs] [Times: user=0.00 sys=0.00, real=0.00 secs] 
2020-10-28T10:43:28.025+0000: [GC (Allocation Failure) 2020-10-28T10:43:28.025+0000: [ParNew: 16388K->4K(18432K), 0.0028121 secs] 500116K->483732K(794988K), 0.0028676 secs] [Times: user=0.01 sys=0.00, real=0.00 secs] 
2020-10-28T10:43:28.043+0000: [GC (Allocation Failure) 2020-10-28T10:43:28.043+0000: [ParNew: 16388K->4K(18432K), 0.0026537 secs] 500116K->483732K(794988K), 0.0027056 secs] [Times: user=0.01 sys=0.00, real=0.00 secs] 
2020-10-28T10:43:28.061+0000: [GC (Allocation Failure) 2020-10-28T10:43:28.061+0000: [ParNew: 16388K->4K(18432K), 0.0024048 secs] 500116K->483732K(794988K), 0.0024523 secs] [Times: user=0.00 sys=0.00, real=0.00 secs] 
2020-10-28T10:43:28.079+0000: [GC (Allocation Failure) 2020-10-28T10:43:28.079+0000: [ParNew: 16388K->4K(18432K), 0.0023189 secs] 500116K->483732K(794988K), 0.0023644 secs] [Times: user=0.01 sys=0.00, real=0.00 secs] 
2020-10-28T10:43:28.098+0000: [GC (Allocation Failure) 2020-10-28T10:43:28.098+0000: [ParNew: 16388K->4K(18432K), 0.0029474 secs] 500116K->483732K(794988K), 0.0030006 secs] [Times: user=0.01 sys=0.00, real=0.00 secs] 
2020-10-28T10:43:28.116+0000: [GC (Allocation Failure) 2020-10-28T10:43:28.116+0000: [ParNew: 16388K->4K(18432K), 0.0024432 secs] 500116K->483732K(794988K), 0.0024913 secs] [Times: user=0.00 sys=0.00, real=0.01 secs] 
2020-10-28T10:43:28.134+0000: [GC (Allocation Failure) 2020-10-28T10:43:28.134+0000: [ParNew: 16388K->4K(18432K), 0.0023584 secs] 500116K->483732K(794988K), 0.0024049 secs] [Times: user=0.00 sys=0.00, real=0.00 secs] 
2020-10-28T10:43:28.154+0000: [GC (Allocation Failure) 2020-10-28T10:43:28.154+0000: [ParNew: 16388K->4K(18432K), 0.0023208 secs] 500116K->483732K(794988K), 0.0023679 secs] [Times: user=0.00 sys=0.00, real=0.00 secs] 
2020-10-28T10:43:28.174+0000: [GC (Allocation Failure) 2020-10-28T10:43:28.174+0000: [ParNew: 16388K->4K(18432K), 0.0024230 secs] 500116K->483732K(794988K), 0.0024710 secs] [Times: user=0.01 sys=0.00, real=0.00 secs] 
2020-10-28T10:43:28.194+0000: [GC (Allocation Failure) 2020-10-28T10:43:28.194+0000: [ParNew: 16388K->4K(18432K), 0.0026517 secs] 500116K->483732K(794988K), 0.0027048 secs] [Times: user=0.01 sys=0.00, real=0.00 secs] 
2020-10-28T10:43:28.212+0000: [GC (Allocation Failure) 2020-10-28T10:43:28.212+0000: [ParNew: 16388K->4K(18432K), 0.0026940 secs] 500116K->483732K(794988K), 0.0027471 secs] [Times: user=0.00 sys=0.00, real=0.00 secs] 
2020-10-28T10:43:28.238+0000: [GC (Allocation Failure) 2020-10-28T10:43:28.238+0000: [ParNew: 16388K->4K(18432K), 0.0027490 secs] 500116K->483732K(794988K), 0.0028025 secs] [Times: user=0.00 sys=0.00, real=0.00 secs] 
2020-10-28T10:43:28.258+0000: [GC (Allocation Failure) 2020-10-28T10:43:28.258+0000: [ParNew: 16388K->4K(18432K), 0.0026263 secs] 500116K->483732K(794988K), 0.0026815 secs] [Times: user=0.01 sys=0.00, real=0.00 secs] 
2020-10-28T10:43:28.278+0000: [GC (Allocation Failure) 2020-10-28T10:43:28.278+0000: [ParNew: 16388K->4K(18432K), 0.0023562 secs] 500116K->483732K(794988K), 0.0024052 secs] [Times: user=0.01 sys=0.00, real=0.00 secs] 
2020-10-28T10:43:28.296+0000: [GC (Allocation Failure) 2020-10-28T10:43:28.296+0000: [ParNew: 16388K->4K(18432K), 0.0024770 secs] 500116K->483732K(794988K), 0.0025248 secs] [Times: user=0.00 sys=0.00, real=0.01 secs] 
2020-10-28T10:43:28.314+0000: [GC (Allocation Failure) 2020-10-28T10:43:28.314+0000: [ParNew: 16388K->4K(18432K), 0.0026985 secs] 500116K->483732K(794988K), 0.0027529 secs] [Times: user=0.01 sys=0.00, real=0.00 secs] 
2020-10-28T10:43:28.333+0000: [GC (Allocation Failure) 2020-10-28T10:43:28.333+0000: [ParNew: 16388K->4K(18432K), 0.0026886 secs] 500116K->483732K(794988K), 0.0027398 secs] [Times: user=0.00 sys=0.00, real=0.00 secs] 
2020-10-28T10:43:28.354+0000: [GC (Allocation Failure) 2020-10-28T10:43:28.354+0000: [ParNew: 16388K->4K(18432K), 0.0024082 secs] 500116K->483732K(794988K), 0.0024549 secs] [Times: user=0.01 sys=0.00, real=0.00 secs] 
2020-10-28T10:43:28.378+0000: [GC (Allocation Failure) 2020-10-28T10:43:28.378+0000: [ParNew: 16388K->4K(18432K), 0.0027986 secs] 516500K->500116K(794988K), 0.0028557 secs] [Times: user=0.00 sys=0.00, real=0.00 secs] 
2020-10-28T10:43:28.403+0000: [GC (Allocation Failure) 2020-10-28T10:43:28.403+0000: [ParNew: 16388K->4K(18432K), 0.0027711 secs] 532884K->516500K(794988K), 0.0028262 secs] [Times: user=0.00 sys=0.00, real=0.00 secs] 
2020-10-28T10:43:28.421+0000: [GC (Allocation Failure) 2020-10-28T10:43:28.421+0000: [ParNew: 16388K->4K(18432K), 0.0023932 secs] 532884K->516500K(794988K), 0.0024395 secs] [Times: user=0.01 sys=0.00, real=0.00 secs] 
2020-10-28T10:43:28.439+0000: [GC (Allocation Failure) 2020-10-28T10:43:28.439+0000: [ParNew: 16388K->4K(18432K), 0.0023215 secs] 532884K->516500K(794988K), 0.0023758 secs] [Times: user=0.00 sys=0.00, real=0.00 secs] 
2020-10-28T10:43:28.461+0000: [GC (Allocation Failure) 2020-10-28T10:43:28.461+0000: [ParNew: 16388K->4K(18432K), 0.0024565 secs] 532884K->516500K(794988K), 0.0025111 secs] [Times: user=0.00 sys=0.00, real=0.00 secs] 
2020-10-28T10:43:28.482+0000: [GC (Allocation Failure) 2020-10-28T10:43:28.482+0000: [ParNew: 16388K->4K(18432K), 0.0026895 secs] 532884K->516500K(794988K), 0.0027437 secs] [Times: user=0.01 sys=0.00, real=0.00 secs] 
2020-10-28T10:43:28.500+0000: [GC (Allocation Failure) 2020-10-28T10:43:28.500+0000: [ParNew: 16388K->4K(18432K), 0.0024504 secs] 532884K->516500K(794988K), 0.0024990 secs] [Times: user=0.00 sys=0.00, real=0.00 secs] 
2020-10-28T10:43:28.520+0000: [GC (Allocation Failure) 2020-10-28T10:43:28.520+0000: [ParNew: 16388K->4K(18432K), 0.0023183 secs] 532884K->516500K(794988K), 0.0023642 secs] [Times: user=0.01 sys=0.00, real=0.00 secs] 
2020-10-28T10:43:28.538+0000: [GC (Allocation Failure) 2020-10-28T10:43:28.538+0000: [ParNew: 16388K->4K(18432K), 0.0024190 secs] 532884K->516500K(794988K), 0.0024778 secs] [Times: user=0.00 sys=0.00, real=0.00 secs] 
2020-10-28T10:43:28.556+0000: [GC (Allocation Failure) 2020-10-28T10:43:28.556+0000: [ParNew: 16388K->4K(18432K), 0.0024226 secs] 532884K->516500K(794988K), 0.0024709 secs] [Times: user=0.01 sys=0.00, real=0.01 secs] 
2020-10-28T10:43:28.574+0000: [GC (Allocation Failure) 2020-10-28T10:43:28.574+0000: [ParNew: 16388K->4K(18432K), 0.0024803 secs] 532884K->516500K(794988K), 0.0025293 secs] [Times: user=0.00 sys=0.00, real=0.00 secs] 
2020-10-28T10:43:28.594+0000: [GC (Allocation Failure) 2020-10-28T10:43:28.594+0000: [ParNew: 16388K->4K(18432K), 0.0022232 secs] 532884K->516500K(794988K), 0.0022688 secs] [Times: user=0.01 sys=0.00, real=0.00 secs] 
2020-10-28T10:43:28.614+0000: [GC (Allocation Failure) 2020-10-28T10:43:28.614+0000: [ParNew: 16388K->4K(18432K), 0.0024625 secs] 532884K->516500K(794988K), 0.0025079 secs] [Times: user=0.00 sys=0.00, real=0.00 secs] 
2020-10-28T10:43:28.634+0000: [GC (Allocation Failure) 2020-10-28T10:43:28.634+0000: [ParNew: 16388K->4K(18432K), 0.0028812 secs] 532884K->516500K(794988K), 0.0029331 secs] [Times: user=0.01 sys=0.00, real=0.00 secs] 
2020-10-28T10:43:28.652+0000: [GC (Allocation Failure) 2020-10-28T10:43:28.652+0000: [ParNew: 16388K->4K(18432K), 0.0027217 secs] 532884K->516500K(794988K), 0.0027754 secs] [Times: user=0.00 sys=0.00, real=0.00 secs] 
2020-10-28T10:43:28.674+0000: [GC (Allocation Failure) 2020-10-28T10:43:28.674+0000: [ParNew: 16388K->4K(18432K), 0.0023065 secs] 532884K->516500K(794988K), 0.0023508 secs] [Times: user=0.01 sys=0.00, real=0.00 secs] 
2020-10-28T10:43:28.692+0000: [GC (Allocation Failure) 2020-10-28T10:43:28.692+0000: [ParNew: 16388K->4K(18432K), 0.0023091 secs] 532884K->516500K(794988K), 0.0023529 secs] [Times: user=0.00 sys=0.00, real=0.00 secs] 
2020-10-28T10:43:28.710+0000: [GC (Allocation Failure) 2020-10-28T10:43:28.710+0000: [ParNew: 16388K->4K(18432K), 0.0023769 secs] 532884K->516500K(794988K), 0.0024235 secs] [Times: user=0.01 sys=0.00, real=0.00 secs] 
2020-10-28T10:43:28.730+0000: [GC (Allocation Failure) 2020-10-28T10:43:28.730+0000: [ParNew: 16388K->4K(18432K), 0.0024078 secs] 532884K->516500K(794988K), 0.0024564 secs] [Times: user=0.00 sys=0.00, real=0.00 secs] 
2020-10-28T10:43:28.748+0000: [GC (Allocation Failure) 2020-10-28T10:43:28.748+0000: [ParNew: 16388K->4K(18432K), 0.0026766 secs] 532884K->516500K(794988K), 0.0027289 secs] [Times: user=0.01 sys=0.00, real=0.01 secs] 
2020-10-28T10:43:28.766+0000: [GC (Allocation Failure) 2020-10-28T10:43:28.766+0000: [ParNew: 16388K->4K(18432K), 0.0023261 secs] 532884K->516500K(794988K), 0.0023709 secs] [Times: user=0.00 sys=0.00, real=0.00 secs] 
2020-10-28T10:43:28.792+0000: [GC (Allocation Failure) 2020-10-28T10:43:28.792+0000: [ParNew: 16388K->4K(18432K), 0.0034940 secs] 532884K->516500K(794988K), 0.0035423 secs] [Times: user=0.00 sys=0.00, real=0.00 secs] 
2020-10-28T10:43:28.814+0000: [GC (Allocation Failure) 2020-10-28T10:43:28.814+0000: [ParNew: 16388K->4K(18432K), 0.0024817 secs] 532884K->516500K(794988K), 0.0025310 secs] [Times: user=0.00 sys=0.00, real=0.00 secs] 
2020-10-28T10:43:28.832+0000: [GC (Allocation Failure) 2020-10-28T10:43:28.832+0000: [ParNew: 16388K->4K(18432K), 0.0024143 secs] 532884K->516500K(794988K), 0.0024629 secs] [Times: user=0.01 sys=0.00, real=0.00 secs] 
2020-10-28T10:43:28.854+0000: [GC (Allocation Failure) 2020-10-28T10:43:28.854+0000: [ParNew: 16388K->4K(18432K), 0.0026053 secs] 532884K->516500K(794988K), 0.0026583 secs] [Times: user=0.00 sys=0.00, real=0.00 secs] 
2020-10-28T10:43:28.872+0000: [GC (Allocation Failure) 2020-10-28T10:43:28.872+0000: [ParNew: 16388K->4K(18432K), 0.0024208 secs] 532884K->516500K(794988K), 0.0024696 secs] [Times: user=0.01 sys=0.00, real=0.00 secs] 
2020-10-28T10:43:28.890+0000: [GC (Allocation Failure) 2020-10-28T10:43:28.890+0000: [ParNew: 16388K->4K(18432K), 0.0025476 secs] 532884K->516500K(794988K), 0.0026053 secs] [Times: user=0.01 sys=0.00, real=0.00 secs] 
2020-10-28T10:43:28.910+0000: [GC (Allocation Failure) 2020-10-28T10:43:28.910+0000: [ParNew: 16388K->4K(18432K), 0.0026090 secs] 532884K->516500K(794988K), 0.0026593 secs] [Times: user=0.00 sys=0.00, real=0.00 secs] 
2020-10-28T10:43:28.930+0000: [GC (Allocation Failure) 2020-10-28T10:43:28.930+0000: [ParNew: 16388K->4K(18432K), 0.0025585 secs] 532884K->516500K(794988K), 0.0026099 secs] [Times: user=0.00 sys=0.00, real=0.00 secs] 
2020-10-28T10:43:28.949+0000: [GC (Allocation Failure) 2020-10-28T10:43:28.949+0000: [ParNew: 16388K->4K(18432K), 0.0024829 secs] 532884K->516500K(794988K), 0.0025324 secs] [Times: user=0.01 sys=0.00, real=0.01 secs] 
2020-10-28T10:43:28.967+0000: [GC (Allocation Failure) 2020-10-28T10:43:28.967+0000: [ParNew: 16388K->4K(18432K), 0.0023690 secs] 532884K->516500K(794988K), 0.0024158 secs] [Times: user=0.00 sys=0.00, real=0.00 secs] 
2020-10-28T10:43:28.986+0000: [GC (Allocation Failure) 2020-10-28T10:43:28.986+0000: [ParNew: 16388K->4K(18432K), 0.0024192 secs] 532884K->516500K(794988K), 0.0024673 secs] [Times: user=0.00 sys=0.00, real=0.00 secs] 
2020-10-28T10:43:29.006+0000: [GC (Allocation Failure) 2020-10-28T10:43:29.006+0000: [ParNew: 16388K->4K(18432K), 0.0022794 secs] 532884K->516500K(794988K), 0.0023238 secs] [Times: user=0.00 sys=0.00, real=0.00 secs] 
2020-10-28T10:43:29.026+0000: [GC (Allocation Failure) 2020-10-28T10:43:29.026+0000: [ParNew: 16388K->4K(18432K), 0.0023209 secs] 532884K->516500K(794988K), 0.0023658 secs] [Times: user=0.01 sys=0.00, real=0.00 secs] 
2020-10-28T10:43:29.046+0000: [GC (Allocation Failure) 2020-10-28T10:43:29.046+0000: [ParNew: 16388K->4K(18432K), 0.0024648 secs] 532884K->516500K(794988K), 0.0025057 secs] [Times: user=0.00 sys=0.00, real=0.00 secs] 
2020-10-28T10:43:29.064+0000: [GC (Allocation Failure) 2020-10-28T10:43:29.064+0000: [ParNew: 16388K->4K(18432K), 0.0022709 secs] 532884K->516500K(794988K), 0.0023204 secs] [Times: user=0.00 sys=0.00, real=0.00 secs] 
2020-10-28T10:43:29.086+0000: [GC (Allocation Failure) 2020-10-28T10:43:29.086+0000: [ParNew: 16388K->4K(18432K), 0.0024754 secs] 532884K->516500K(794988K), 0.0025255 secs] [Times: user=0.00 sys=0.00, real=0.00 secs] 
2020-10-28T10:43:29.106+0000: [GC (Allocation Failure) 2020-10-28T10:43:29.106+0000: [ParNew: 16388K->4K(18432K), 0.0026588 secs] 532884K->516501K(794988K), 0.0027120 secs] [Times: user=0.01 sys=0.00, real=0.00 secs] 
2020-10-28T10:43:29.124+0000: [GC (Allocation Failure) 2020-10-28T10:43:29.124+0000: [ParNew: 16388K->4K(18432K), 0.0025592 secs] 532885K->516501K(794988K), 0.0026108 secs] [Times: user=0.00 sys=0.00, real=0.00 secs] 
2020-10-28T10:43:29.142+0000: [GC (Allocation Failure) 2020-10-28T10:43:29.142+0000: [ParNew: 16388K->4K(18432K), 0.0023279 secs] 532885K->516501K(794988K), 0.0023765 secs] [Times: user=0.01 sys=0.00, real=0.00 secs] 
2020-10-28T10:43:29.160+0000: [GC (Allocation Failure) 2020-10-28T10:43:29.160+0000: [ParNew: 16388K->4K(18432K), 0.0022830 secs] 532885K->516501K(794988K), 0.0023288 secs] [Times: user=0.00 sys=0.00, real=0.00 secs] 
2020-10-28T10:43:29.182+0000: [GC (Allocation Failure) 2020-10-28T10:43:29.182+0000: [ParNew: 16388K->4K(18432K), 0.0023925 secs] 532885K->516501K(794988K), 0.0024542 secs] [Times: user=0.00 sys=0.00, real=0.00 secs] 
2020-10-28T10:43:29.202+0000: [GC (Allocation Failure) 2020-10-28T10:43:29.202+0000: [ParNew: 16388K->4K(18432K), 0.0023558 secs] 532885K->516501K(794988K), 0.0024019 secs] [Times: user=0.00 sys=0.00, real=0.00 secs] 
2020-10-28T10:43:29.220+0000: [GC (Allocation Failure) 2020-10-28T10:43:29.220+0000: [ParNew: 16388K->4K(18432K), 0.0025552 secs] 532885K->516501K(794988K), 0.0026051 secs] [Times: user=0.01 sys=0.00, real=0.00 secs] 
2020-10-28T10:43:29.238+0000: [GC (Allocation Failure) 2020-10-28T10:43:29.238+0000: [ParNew: 16388K->4K(18432K), 0.0022946 secs] 532885K->516501K(794988K), 0.0023395 secs] [Times: user=0.00 sys=0.00, real=0.00 secs] 
2020-10-28T10:43:29.256+0000: [GC (Allocation Failure) 2020-10-28T10:43:29.256+0000: [ParNew: 16388K->4K(18432K), 0.0023364 secs] 532885K->516501K(794988K), 0.0023810 secs] [Times: user=0.01 sys=0.00, real=0.01 secs] 
2020-10-28T10:43:29.273+0000: [GC (Allocation Failure) 2020-10-28T10:43:29.273+0000: [ParNew: 16388K->4K(18432K), 0.0022573 secs] 532885K->516501K(794988K), 0.0023087 secs] [Times: user=0.00 sys=0.00, real=0.00 secs] 
2020-10-28T10:43:29.294+0000: [GC (Allocation Failure) 2020-10-28T10:43:29.294+0000: [ParNew: 16388K->4K(18432K), 0.0022583 secs] 532885K->516501K(794988K), 0.0023020 secs] [Times: user=0.01 sys=0.00, real=0.00 secs] 
2020-10-28T10:43:29.312+0000: [GC (Allocation Failure) 2020-10-28T10:43:29.312+0000: [ParNew: 16388K->4K(18432K), 0.0024114 secs] 532885K->516501K(794988K), 0.0024597 secs] [Times: user=0.01 sys=0.00, real=0.00 secs] 
2020-10-28T10:43:29.330+0000: [GC (Allocation Failure) 2020-10-28T10:43:29.330+0000: [ParNew: 16388K->4K(18432K), 0.0023187 secs] 532885K->516501K(794988K), 0.0023646 secs] [Times: user=0.00 sys=0.00, real=0.01 secs] 
2020-10-28T10:43:29.347+0000: [GC (Allocation Failure) 2020-10-28T10:43:29.347+0000: [ParNew: 16378K->4K(18432K), 0.0023286 secs] 532875K->516501K(794988K), 0.0023734 secs] [Times: user=0.01 sys=0.00, real=0.00 secs] 
2020-10-28T10:43:29.366+0000: [GC (Allocation Failure) 2020-10-28T10:43:29.366+0000: [ParNew: 16388K->4K(18432K), 0.0022560 secs] 532885K->516501K(794988K), 0.0023005 secs] [Times: user=0.00 sys=0.00, real=0.00 secs] 
2020-10-28T10:43:29.386+0000: [GC (Allocation Failure) 2020-10-28T10:43:29.386+0000: [ParNew: 16388K->4K(18432K), 0.0044016 secs] 532885K->516501K(794988K), 0.0044554 secs] [Times: user=0.01 sys=0.00, real=0.01 secs] 
2020-10-28T10:43:29.406+0000: [GC (Allocation Failure) 2020-10-28T10:43:29.406+0000: [ParNew: 16388K->4K(18432K), 0.0027283 secs] 532885K->516501K(794988K), 0.0027823 secs] [Times: user=0.01 sys=0.00, real=0.00 secs] 
2020-10-28T10:43:29.424+0000: [GC (Allocation Failure) 2020-10-28T10:43:29.425+0000: [ParNew: 16388K->4K(18432K), 0.0023894 secs] 532885K->516501K(794988K), 0.0024387 secs] [Times: user=0.00 sys=0.00, real=0.00 secs] 
2020-10-28T10:43:29.446+0000: [GC (Allocation Failure) 2020-10-28T10:43:29.446+0000: [ParNew: 16388K->4K(18432K), 0.0023017 secs] 532885K->516501K(794988K), 0.0023490 secs] [Times: user=0.01 sys=0.00, real=0.00 secs] 
2020-10-28T10:43:29.466+0000: [GC (Allocation Failure) 2020-10-28T10:43:29.466+0000: [ParNew: 16388K->4K(18432K), 0.0023957 secs] 532885K->516501K(794988K), 0.0024447 secs] [Times: user=0.00 sys=0.00, real=0.00 secs] 
2020-10-28T10:43:29.486+0000: [GC (Allocation Failure) 2020-10-28T10:43:29.486+0000: [ParNew: 16388K->4K(18432K), 0.0024181 secs] 532885K->516501K(794988K), 0.0024656 secs] [Times: user=0.00 sys=0.00, real=0.00 secs] 
2020-10-28T10:43:29.503+0000: [GC (Allocation Failure) 2020-10-28T10:43:29.503+0000: [ParNew: 16388K->4K(18432K), 0.0023730 secs] 532885K->516501K(794988K), 0.0024191 secs] [Times: user=0.01 sys=0.00, real=0.00 secs] 
2020-10-28T10:43:29.526+0000: [GC (Allocation Failure) 2020-10-28T10:43:29.526+0000: [ParNew: 16388K->4K(18432K), 0.0025676 secs] 532885K->516501K(794988K), 0.0026206 secs] [Times: user=0.00 sys=0.00, real=0.00 secs] 
2020-10-28T10:43:29.546+0000: [GC (Allocation Failure) 2020-10-28T10:43:29.546+0000: [ParNew: 16388K->4K(18432K), 0.0027227 secs] 532885K->516501K(794988K), 0.0027771 secs] [Times: user=0.01 sys=0.00, real=0.00 secs] 
2020-10-28T10:43:29.564+0000: [GC (Allocation Failure) 2020-10-28T10:43:29.564+0000: [ParNew: 16388K->4K(18432K), 0.0026122 secs] 532885K->516501K(794988K), 0.0026642 secs] [Times: user=0.00 sys=0.00, real=0.00 secs] 
2020-10-28T10:43:29.586+0000: [GC (Allocation Failure) 2020-10-28T10:43:29.586+0000: [ParNew: 16388K->4K(18432K), 0.0026817 secs] 532885K->516501K(794988K), 0.0027350 secs] [Times: user=0.00 sys=0.00, real=0.00 secs] 
2020-10-28T10:43:29.606+0000: [GC (Allocation Failure) 2020-10-28T10:43:29.606+0000: [ParNew: 16388K->4K(18432K), 0.0027281 secs] 532885K->516501K(794988K), 0.0027825 secs] [Times: user=0.01 sys=0.00, real=0.00 secs] 
2020-10-28T10:43:29.626+0000: [GC (Allocation Failure) 2020-10-28T10:43:29.626+0000: [ParNew: 16388K->4K(18432K), 0.0026815 secs] 532885K->516501K(794988K), 0.0027350 secs] [Times: user=0.00 sys=0.00, real=0.00 secs] 
2020-10-28T10:43:29.644+0000: [GC (Allocation Failure) 2020-10-28T10:43:29.644+0000: [ParNew: 16388K->4K(18432K), 0.0025928 secs] 532885K->516501K(794988K), 0.0026452 secs] [Times: user=0.01 sys=0.00, real=0.00 secs] 
2020-10-28T10:43:29.662+0000: [GC (Allocation Failure) 2020-10-28T10:43:29.662+0000: [ParNew: 16388K->4K(18432K), 0.0025205 secs] 532885K->516501K(794988K), 0.0025729 secs] [Times: user=0.00 sys=0.00, real=0.00 secs] 
2020-10-28T10:43:29.681+0000: [GC (Allocation Failure) 2020-10-28T10:43:29.681+0000: [ParNew: 16388K->4K(18432K), 0.0026082 secs] 532885K->516501K(794988K), 0.0026608 secs] [Times: user=0.00 sys=0.00, real=0.00 secs] 
2020-10-28T10:43:29.702+0000: [GC (Allocation Failure) 2020-10-28T10:43:29.702+0000: [ParNew: 16388K->4K(18432K), 0.0027752 secs] 532885K->516501K(794988K), 0.0028322 secs] [Times: user=0.01 sys=0.00, real=0.00 secs] 
2020-10-28T10:43:29.722+0000: [GC (Allocation Failure) 2020-10-28T10:43:29.722+0000: [ParNew: 16388K->4K(18432K), 0.0028701 secs] 532885K->516501K(794988K), 0.0029281 secs] [Times: user=0.01 sys=0.00, real=0.00 secs] 
2020-10-28T10:43:29.740+0000: [GC (Allocation Failure) 2020-10-28T10:43:29.740+0000: [ParNew: 16388K->4K(18432K), 0.0028025 secs] 532885K->516501K(794988K), 0.0028598 secs] [Times: user=0.00 sys=0.00, real=0.00 secs] 
2020-10-28T10:43:29.759+0000: [GC (Allocation Failure) 2020-10-28T10:43:29.759+0000: [ParNew: 16388K->4K(18432K), 0.0027729 secs] 532885K->516501K(794988K), 0.0028284 secs] [Times: user=0.00 sys=0.00, real=0.00 secs] 
2020-10-28T10:43:29.777+0000: [GC (Allocation Failure) 2020-10-28T10:43:29.777+0000: [ParNew: 16388K->4K(18432K), 0.0027736 secs] 532885K->516501K(794988K), 0.0028300 secs] [Times: user=0.01 sys=0.00, real=0.01 secs] 
2020-10-28T10:43:29.798+0000: [GC (Allocation Failure) 2020-10-28T10:43:29.798+0000: [ParNew: 16388K->4K(18432K), 0.0025627 secs] 532885K->516501K(794988K), 0.0026170 secs] [Times: user=0.01 sys=0.00, real=0.00 secs] 
2020-10-28T10:43:29.818+0000: [GC (Allocation Failure) 2020-10-28T10:43:29.818+0000: [ParNew: 16388K->4K(18432K), 0.0024631 secs] 532885K->516501K(794988K), 0.0025154 secs] [Times: user=0.00 sys=0.00, real=0.00 secs] 
2020-10-28T10:43:29.836+0000: [GC (Allocation Failure) 2020-10-28T10:43:29.836+0000: [ParNew: 16388K->4K(18432K), 0.0024231 secs] 532885K->516501K(794988K), 0.0024726 secs] [Times: user=0.01 sys=0.00, real=0.01 secs] 
2020-10-28T10:43:29.860+0000: [GC (Allocation Failure) 2020-10-28T10:43:29.860+0000: [ParNew: 16388K->4K(18432K), 0.0024808 secs] 532885K->516501K(794988K), 0.0025309 secs] [Times: user=0.01 sys=0.00, real=0.00 secs] 
2020-10-28T10:43:29.882+0000: [GC (Allocation Failure) 2020-10-28T10:43:29.882+0000: [ParNew: 16388K->4K(18432K), 0.0026295 secs] 532885K->516501K(794988K), 0.0026833 secs] [Times: user=0.01 sys=0.00, real=0.00 secs] 
2020-10-28T10:43:29.900+0000: [GC (Allocation Failure) 2020-10-28T10:43:29.900+0000: [ParNew: 16388K->4K(18432K), 0.0027855 secs] 532885K->516501K(794988K), 0.0028413 secs] [Times: user=0.01 sys=0.00, real=0.00 secs] 
2020-10-28T10:43:29.922+0000: [GC (Allocation Failure) 2020-10-28T10:43:29.922+0000: [ParNew: 16388K->4K(18432K), 0.0024750 secs] 532885K->516501K(794988K), 0.0025248 secs] [Times: user=0.01 sys=0.00, real=0.00 secs] 
2020-10-28T10:43:29.942+0000: [GC (Allocation Failure) 2020-10-28T10:43:29.942+0000: [ParNew: 16388K->4K(18432K), 0.0025061 secs] 532885K->516501K(794988K), 0.0025611 secs] [Times: user=0.00 sys=0.00, real=0.00 secs] 
2020-10-28T10:43:29.960+0000: [GC (Allocation Failure) 2020-10-28T10:43:29.960+0000: [ParNew: 16388K->4K(18432K), 0.0026335 secs] 532885K->516501K(794988K), 0.0026848 secs] [Times: user=0.01 sys=0.00, real=0.00 secs] 
2020-10-28T10:43:29.979+0000: [GC (Allocation Failure) 2020-10-28T10:43:29.979+0000: [ParNew: 16388K->4K(18432K), 0.0024429 secs] 532885K->516501K(794988K), 0.0024891 secs] [Times: user=0.00 sys=0.00, real=0.00 secs] 
2020-10-28T10:43:29.997+0000: [GC (Allocation Failure) 2020-10-28T10:43:29.997+0000: [ParNew: 16388K->4K(18432K), 0.0023492 secs] 532885K->516501K(794988K), 0.0023949 secs] [Times: user=0.01 sys=0.00, real=0.01 secs] 
2020-10-28T10:43:30.018+0000: [GC (Allocation Failure) 2020-10-28T10:43:30.018+0000: [ParNew: 16388K->4K(18432K), 0.0024030 secs] 532885K->516501K(794988K), 0.0024511 secs] [Times: user=0.01 sys=0.00, real=0.00 secs] 
2020-10-28T10:43:30.036+0000: [GC (Allocation Failure) 2020-10-28T10:43:30.036+0000: [ParNew: 16388K->4K(18432K), 0.0023345 secs] 532885K->516501K(794988K), 0.0023805 secs] [Times: user=0.01 sys=0.00, real=0.01 secs] 
2020-10-28T10:43:30.054+0000: [GC (Allocation Failure) 2020-10-28T10:43:30.054+0000: [ParNew: 16388K->4K(18432K), 0.0022634 secs] 532885K->516501K(794988K), 0.0023071 secs] [Times: user=0.01 sys=0.00, real=0.00 secs] 
2020-10-28T10:43:30.072+0000: [GC (Allocation Failure) 2020-10-28T10:43:30.072+0000: [ParNew: 16388K->4K(18432K), 0.0023291 secs] 532885K->516501K(794988K), 0.0023747 secs] [Times: user=0.00 sys=0.00, real=0.00 secs] 
2020-10-28T10:43:30.090+0000: [GC (Allocation Failure) 2020-10-28T10:43:30.090+0000: [ParNew: 16388K->4K(18432K), 0.0024363 secs] 532885K->516501K(794988K), 0.0024851 secs] [Times: user=0.01 sys=0.00, real=0.00 secs] 
2020-10-28T10:43:30.109+0000: [GC (Allocation Failure) 2020-10-28T10:43:30.109+0000: [ParNew: 16388K->4K(18432K), 0.0025193 secs] 532885K->516501K(794988K), 0.0025689 secs] [Times: user=0.00 sys=0.00, real=0.01 secs] 
2020-10-28T10:43:30.127+0000: [GC (Allocation Failure) 2020-10-28T10:43:30.127+0000: [ParNew: 16388K->4K(18432K), 0.0023426 secs] 532885K->516501K(794988K), 0.0023898 secs] [Times: user=0.01 sys=0.00, real=0.00 secs] 
2020-10-28T10:43:30.145+0000: [GC (Allocation Failure) 2020-10-28T10:43:30.145+0000: [ParNew: 16388K->4K(18432K), 0.0023900 secs] 532885K->516501K(794988K), 0.0024357 secs] [Times: user=0.01 sys=0.00, real=0.00 secs] 
2020-10-28T10:43:30.166+0000: [GC (Allocation Failure) 2020-10-28T10:43:30.166+0000: [ParNew: 16388K->4K(18432K), 0.0024125 secs] 532885K->516501K(794988K), 0.0024596 secs] [Times: user=0.01 sys=0.00, real=0.00 secs] 
2020-10-28T10:43:30.184+0000: [GC (Allocation Failure) 2020-10-28T10:43:30.184+0000: [ParNew: 16388K->4K(18432K), 0.0026295 secs] 532885K->516501K(794988K), 0.0026983 secs] [Times: user=0.00 sys=0.00, real=0.00 secs] 
2020-10-28T10:43:30.206+0000: [GC (Allocation Failure) 2020-10-28T10:43:30.206+0000: [ParNew: 16388K->4K(18432K), 0.0024301 secs] 532885K->516501K(794988K), 0.0024781 secs] [Times: user=0.00 sys=0.00, real=0.00 secs] 
2020-10-28T10:43:30.226+0000: [GC (Allocation Failure) 2020-10-28T10:43:30.226+0000: [ParNew: 16388K->4K(18432K), 0.0022998 secs] 532885K->516501K(794988K), 0.0023497 secs] [Times: user=0.01 sys=0.00, real=0.00 secs] 
2020-10-28T10:43:30.243+0000: [GC (Allocation Failure) 2020-10-28T10:43:30.243+0000: [ParNew: 16388K->4K(18432K), 0.0024752 secs] 532885K->516501K(794988K), 0.0025289 secs] [Times: user=0.00 sys=0.00, real=0.00 secs] 
2020-10-28T10:43:30.261+0000: [GC (Allocation Failure) 2020-10-28T10:43:30.261+0000: [ParNew: 16388K->4K(18432K), 0.0023365 secs] 532885K->516501K(794988K), 0.0023829 secs] [Times: user=0.01 sys=0.00, real=0.00 secs] 
2020-10-28T10:43:30.279+0000: [GC (Allocation Failure) 2020-10-28T10:43:30.279+0000: [ParNew: 16388K->4K(18432K), 0.0022561 secs] 532885K->516501K(794988K), 0.0023018 secs] [Times: user=0.00 sys=0.00, real=0.00 secs] 
2020-10-28T10:43:30.297+0000: [GC (Allocation Failure) 2020-10-28T10:43:30.297+0000: [ParNew: 16388K->4K(18432K), 0.0025306 secs] 532885K->516501K(794988K), 0.0025803 secs] [Times: user=0.01 sys=0.00, real=0.01 secs] 
2020-10-28T10:43:30.315+0000: [GC (Allocation Failure) 2020-10-28T10:43:30.315+0000: [ParNew: 16388K->4K(18432K), 0.0024633 secs] 532885K->516501K(794988K), 0.0025170 secs] [Times: user=0.01 sys=0.00, real=0.00 secs] 
2020-10-28T10:43:30.332+0000: [GC (Allocation Failure) 2020-10-28T10:43:30.332+0000: [ParNew: 16388K->4K(18432K), 0.0024675 secs] 532885K->516501K(794988K), 0.0025167 secs] [Times: user=0.00 sys=0.00, real=0.00 secs] 
2020-10-28T10:43:30.354+0000: [GC (Allocation Failure) 2020-10-28T10:43:30.354+0000: [ParNew: 16388K->4K(18432K), 0.0026534 secs] 532885K->516501K(794988K), 0.0027060 secs] [Times: user=0.01 sys=0.00, real=0.00 secs] 
2020-10-28T10:43:30.374+0000: [GC (Allocation Failure) 2020-10-28T10:43:30.374+0000: [ParNew: 16388K->4K(18432K), 0.0023814 secs] 532885K->516501K(794988K), 0.0024293 secs] [Times: user=0.00 sys=0.00, real=0.00 secs] 
2020-10-28T10:43:30.392+0000: [GC (Allocation Failure) 2020-10-28T10:43:30.392+0000: [ParNew: 16388K->4K(18432K), 0.0025327 secs] 532885K->516501K(794988K), 0.0025853 secs] [Times: user=0.00 sys=0.00, real=0.00 secs] 
2020-10-28T10:43:30.410+0000: [GC (Allocation Failure) 2020-10-28T10:43:30.410+0000: [ParNew: 16388K->4K(18432K), 0.0025695 secs] 532885K->516501K(794988K), 0.0026216 secs] [Times: user=0.01 sys=0.00, real=0.00 secs] 
2020-10-28T10:43:30.429+0000: [GC (Allocation Failure) 2020-10-28T10:43:30.429+0000: [ParNew: 16388K->4K(18432K), 0.0029091 secs] 532885K->516501K(794988K), 0.0029645 secs] [Times: user=0.01 sys=0.00, real=0.01 secs] 
2020-10-28T10:43:30.447+0000: [GC (Allocation Failure) 2020-10-28T10:43:30.447+0000: [ParNew: 16388K->4K(18432K), 0.0025382 secs] 532885K->516501K(794988K), 0.0025876 secs] [Times: user=0.00 sys=0.00, real=0.01 secs] 
2020-10-28T10:43:30.470+0000: [GC (Allocation Failure) 2020-10-28T10:43:30.470+0000: [ParNew: 16388K->4K(18432K), 0.0024367 secs] 532885K->516501K(794988K), 0.0024869 secs] [Times: user=0.01 sys=0.00, real=0.00 secs] 
2020-10-28T10:43:30.488+0000: [GC (Allocation Failure) 2020-10-28T10:43:30.488+0000: [ParNew: 16388K->4K(18432K), 0.0024828 secs] 532885K->516501K(794988K), 0.0025370 secs] [Times: user=0.00 sys=0.00, real=0.01 secs] 
2020-10-28T10:43:30.510+0000: [GC (Allocation Failure) 2020-10-28T10:43:30.510+0000: [ParNew: 16388K->4K(18432K), 0.0025484 secs] 532885K->516501K(794988K), 0.0025998 secs] [Times: user=0.01 sys=0.00, real=0.00 secs] 
2020-10-28T10:43:30.528+0000: [GC (Allocation Failure) 2020-10-28T10:43:30.528+0000: [ParNew: 16388K->4K(18432K), 0.0023442 secs] 532885K->516501K(794988K), 0.0023908 secs] [Times: user=0.00 sys=0.00, real=0.01 secs] 
2020-10-28T10:43:30.545+0000: [GC (Allocation Failure) 2020-10-28T10:43:30.545+0000: [ParNew: 16388K->4K(18432K), 0.0023667 secs] 532885K->516501K(794988K), 0.0024129 secs] [Times: user=0.00 sys=0.00, real=0.00 secs] 
2020-10-28T10:43:30.564+0000: [GC (Allocation Failure) 2020-10-28T10:43:30.564+0000: [ParNew: 16388K->4K(18432K), 0.0023828 secs] 532885K->516501K(794988K), 0.0024298 secs] [Times: user=0.00 sys=0.00, real=0.00 secs] 
2020-10-28T10:43:30.582+0000: [GC (Allocation Failure) 2020-10-28T10:43:30.582+0000: [ParNew: 16388K->4K(18432K), 0.0022683 secs] 532885K->516501K(794988K), 0.0023323 secs] [Times: user=0.00 sys=0.00, real=0.00 secs] 
2020-10-28T10:43:30.600+0000: [GC (Allocation Failure) 2020-10-28T10:43:30.600+0000: [ParNew: 16388K->4K(18432K), 0.0022598 secs] 532885K->516501K(794988K), 0.0023030 secs] [Times: user=0.01 sys=0.00, real=0.00 secs] 
2020-10-28T10:43:30.621+0000: [GC (Allocation Failure) 2020-10-28T10:43:30.621+0000: [ParNew: 16388K->4K(18432K), 0.0024349 secs] 532885K->516501K(794988K), 0.0024823 secs] [Times: user=0.01 sys=0.00, real=0.00 secs] 
2020-10-28T10:43:30.642+0000: [GC (Allocation Failure) 2020-10-28T10:43:30.642+0000: [ParNew: 16388K->4K(18432K), 0.0026232 secs] 532885K->516501K(794988K), 0.0026751 secs] [Times: user=0.01 sys=0.00, real=0.00 secs] 
2020-10-28T10:43:30.660+0000: [GC (Allocation Failure) 2020-10-28T10:43:30.660+0000: [ParNew: 16388K->4K(18432K), 0.0023689 secs] 532885K->516501K(794988K), 0.0024137 secs] [Times: user=0.01 sys=0.00, real=0.00 secs] 
2020-10-28T10:43:30.678+0000: [GC (Allocation Failure) 2020-10-28T10:43:30.678+0000: [ParNew: 16388K->4K(18432K), 0.0022802 secs] 532885K->516501K(794988K), 0.0023238 secs] [Times: user=0.00 sys=0.00, real=0.00 secs] 
2020-10-28T10:43:30.695+0000: [GC (Allocation Failure) 2020-10-28T10:43:30.695+0000: [ParNew: 16388K->4K(18432K), 0.0024448 secs] 532885K->516501K(794988K), 0.0024938 secs] [Times: user=0.01 sys=0.00, real=0.01 secs] 
2020-10-28T10:43:30.713+0000: [GC (Allocation Failure) 2020-10-28T10:43:30.713+0000: [ParNew: 16388K->4K(18432K), 0.0025540 secs] 532885K->516501K(794988K), 0.0026044 secs] [Times: user=0.00 sys=0.00, real=0.00 secs] 
2020-10-28T10:43:30.734+0000: [GC (Allocation Failure) 2020-10-28T10:43:30.734+0000: [ParNew: 16388K->4K(18432K), 0.0026604 secs] 532885K->516501K(794988K), 0.0027137 secs] [Times: user=0.00 sys=0.00, real=0.00 secs] 
2020-10-28T10:43:30.754+0000: [GC (Allocation Failure) 2020-10-28T10:43:30.754+0000: [ParNew: 16388K->4K(18432K), 0.0027489 secs] 532885K->516501K(794988K), 0.0028035 secs] [Times: user=0.01 sys=0.00, real=0.00 secs] 
2020-10-28T10:43:30.772+0000: [GC (Allocation Failure) 2020-10-28T10:43:30.772+0000: [ParNew: 16388K->4K(18432K), 0.0024874 secs] 532885K->516501K(794988K), 0.0025356 secs] [Times: user=0.00 sys=0.00, real=0.00 secs] 
2020-10-28T10:43:30.791+0000: [GC (Allocation Failure) 2020-10-28T10:43:30.791+0000: [ParNew: 16388K->4K(18432K), 0.0027671 secs] 532885K->516501K(794988K), 0.0028238 secs] [Times: user=0.01 sys=0.00, real=0.00 secs] 
2020-10-28T10:43:30.810+0000: [GC (Allocation Failure) 2020-10-28T10:43:30.810+0000: [ParNew: 16388K->4K(18432K), 0.0027720 secs] 532885K->516501K(794988K), 0.0028267 secs] [Times: user=0.00 sys=0.00, real=0.01 secs] 
2020-10-28T10:43:30.828+0000: [GC (Allocation Failure) 2020-10-28T10:43:30.828+0000: [ParNew: 16388K->4K(18432K), 0.0027741 secs] 532885K->516501K(794988K), 0.0028283 secs] [Times: user=0.01 sys=0.00, real=0.01 secs] 
2020-10-28T10:43:30.850+0000: [GC (Allocation Failure) 2020-10-28T10:43:30.850+0000: [ParNew: 16388K->4K(18432K), 0.0027780 secs] 532885K->516501K(794988K), 0.0028325 secs] [Times: user=0.01 sys=0.00, real=0.00 secs] 
2020-10-28T10:43:30.868+0000: [GC (Allocation Failure) 2020-10-28T10:43:30.868+0000: [ParNew: 16388K->4K(18432K), 0.0027997 secs] 532885K->516502K(794988K), 0.0028559 secs] [Times: user=0.00 sys=0.00, real=0.01 secs] 
2020-10-28T10:43:30.890+0000: [GC (Allocation Failure) 2020-10-28T10:43:30.890+0000: [ParNew: 16388K->4K(18432K), 0.0027732 secs] 532886K->516502K(794988K), 0.0028292 secs] [Times: user=0.01 sys=0.00, real=0.00 secs] 
2020-10-28T10:43:30.910+0000: [GC (Allocation Failure) 2020-10-28T10:43:30.910+0000: [ParNew: 16388K->4K(18432K), 0.0027881 secs] 532886K->516502K(794988K), 0.0028447 secs] [Times: user=0.00 sys=0.00, real=0.00 secs] 
2020-10-28T10:43:30.930+0000: [GC (Allocation Failure) 2020-10-28T10:43:30.930+0000: [ParNew: 16388K->4K(18432K), 0.0027427 secs] 532886K->516502K(794988K), 0.0027962 secs] [Times: user=0.00 sys=0.00, real=0.00 secs] 
2020-10-28T10:43:30.948+0000: [GC (Allocation Failure) 2020-10-28T10:43:30.948+0000: [ParNew: 16388K->4K(18432K), 0.0027183 secs] 532886K->516502K(794988K), 0.0027746 secs] [Times: user=0.01 sys=0.00, real=0.01 secs] 
2020-10-28T10:43:30.968+0000: [GC (Allocation Failure) 2020-10-28T10:43:30.968+0000: [ParNew: 16388K->4K(18432K), 0.0027532 secs] 532886K->516502K(794988K), 0.0028071 secs] [Times: user=0.01 sys=0.00, real=0.01 secs] 
2020-10-28T10:43:30.987+0000: [GC (Allocation Failure) 2020-10-28T10:43:30.987+0000: [ParNew: 16388K->4K(18432K), 0.0025780 secs] 532886K->516502K(794988K), 0.0026276 secs] [Times: user=0.01 sys=0.00, real=0.00 secs] 
2020-10-28T10:43:31.005+0000: [GC (Allocation Failure) 2020-10-28T10:43:31.005+0000: [ParNew: 16388K->4K(18432K), 0.0025507 secs] 532886K->516502K(794988K), 0.0025997 secs] [Times: user=0.01 sys=0.00, real=0.00 secs] 
2020-10-28T10:43:31.026+0000: [GC (Allocation Failure) 2020-10-28T10:43:31.026+0000: [ParNew: 16388K->4K(18432K), 0.0026274 secs] 532886K->516502K(794988K), 0.0026799 secs] [Times: user=0.00 sys=0.00, real=0.00 secs] 
2020-10-28T10:43:31.046+0000: [GC (Allocation Failure) 2020-10-28T10:43:31.046+0000: [ParNew: 16388K->4K(18432K), 0.0028696 secs] 532886K->516502K(794988K), 0.0029168 secs] [Times: user=0.01 sys=0.00, real=0.00 secs] 
2020-10-28T10:43:31.064+0000: [GC (Allocation Failure) 2020-10-28T10:43:31.064+0000: [ParNew: 16388K->4K(18432K), 0.0027420 secs] 532886K->516502K(794988K), 0.0027968 secs] [Times: user=0.01 sys=0.00, real=0.00 secs] 
2020-10-28T10:43:31.083+0000: [GC (Allocation Failure) 2020-10-28T10:43:31.083+0000: [ParNew: 16388K->4K(18432K), 0.0026464 secs] 532886K->516502K(794988K), 0.0027105 secs] [Times: user=0.00 sys=0.00, real=0.00 secs] 
2020-10-28T10:43:31.102+0000: [GC (Allocation Failure) 2020-10-28T10:43:31.102+0000: [ParNew: 16388K->4K(18432K), 0.0026219 secs] 532886K->516502K(794988K), 0.0026735 secs] [Times: user=0.01 sys=0.00, real=0.00 secs] 
2020-10-28T10:43:31.120+0000: [GC (Allocation Failure) 2020-10-28T10:43:31.120+0000: [ParNew: 16388K->4K(18432K), 0.0026777 secs] 532886K->516502K(794988K), 0.0027311 secs] [Times: user=0.00 sys=0.00, real=0.00 secs] 
2020-10-28T10:43:31.138+0000: [GC (Allocation Failure) 2020-10-28T10:43:31.138+0000: [ParNew: 16388K->4K(18432K), 0.0026355 secs] 532886K->516502K(794988K), 0.0026864 secs] [Times: user=0.01 sys=0.00, real=0.00 secs] 
2020-10-28T10:43:31.158+0000: [GC (Allocation Failure) 2020-10-28T10:43:31.158+0000: [ParNew: 16388K->4K(18432K), 0.0024851 secs] 532886K->516502K(794988K), 0.0025327 secs] [Times: user=0.00 sys=0.00, real=0.00 secs] 
2020-10-28T10:43:31.178+0000: [GC (Allocation Failure) 2020-10-28T10:43:31.178+0000: [ParNew: 16388K->4K(18432K), 0.0026277 secs] 532886K->516502K(794988K), 0.0026785 secs] [Times: user=0.01 sys=0.00, real=0.00 secs] 
2020-10-28T10:43:31.196+0000: [GC (Allocation Failure) 2020-10-28T10:43:31.196+0000: [ParNew: 16388K->4K(18432K), 0.0024519 secs] 532886K->516502K(794988K), 0.0025026 secs] [Times: user=0.00 sys=0.00, real=0.01 secs] 
2020-10-28T10:43:31.214+0000: [GC (Allocation Failure) 2020-10-28T10:43:31.214+0000: [ParNew: 16388K->4K(18432K), 0.0023355 secs] 532886K->516502K(794988K), 0.0023790 secs] [Times: user=0.00 sys=0.00, real=0.00 secs] 
2020-10-28T10:43:31.232+0000: [GC (Allocation Failure) 2020-10-28T10:43:31.232+0000: [ParNew: 16388K->4K(18432K), 0.0022698 secs] 532886K->516502K(794988K), 0.0023140 secs] [Times: user=0.01 sys=0.00, real=0.00 secs] 
2020-10-28T10:43:31.260+0000: [GC (Allocation Failure) 2020-10-28T10:43:31.260+0000: [ParNew: 16388K->4K(18432K), 0.0027428 secs] 532886K->516502K(794988K), 0.0028072 secs] [Times: user=0.00 sys=0.00, real=0.00 secs] 
2020-10-28T10:43:31.279+0000: [GC (Allocation Failure) 2020-10-28T10:43:31.279+0000: [ParNew: 16388K->4K(18432K), 0.0024247 secs] 532886K->516502K(794988K), 0.0024694 secs] [Times: user=0.00 sys=0.00, real=0.00 secs] 
2020-10-28T10:43:31.297+0000: [GC (Allocation Failure) 2020-10-28T10:43:31.297+0000: [ParNew: 16388K->4K(18432K), 0.0022379 secs] 532886K->516502K(794988K), 0.0022830 secs] [Times: user=0.00 sys=0.00, real=0.01 secs] 
2020-10-28T10:43:31.318+0000: [GC (Allocation Failure) 2020-10-28T10:43:31.318+0000: [ParNew: 16388K->4K(18432K), 0.0024391 secs] 532886K->516502K(794988K), 0.0024889 secs] [Times: user=0.00 sys=0.00, real=0.00 secs] 
2020-10-28T10:43:31.338+0000: [GC (Allocation Failure) 2020-10-28T10:43:31.338+0000: [ParNew: 16388K->4K(18432K), 0.0025931 secs] 532886K->516502K(794988K), 0.0026448 secs] [Times: user=0.00 sys=0.01, real=0.00 secs] 
2020-10-28T10:43:31.356+0000: [GC (Allocation Failure) 2020-10-28T10:43:31.356+0000: [ParNew: 16388K->4K(18432K), 0.0026213 secs] 532886K->516502K(794988K), 0.0026733 secs] [Times: user=0.01 sys=0.00, real=0.01 secs] 
2020-10-28T10:43:31.374+0000: [GC (Allocation Failure) 2020-10-28T10:43:31.374+0000: [ParNew: 16388K->4K(18432K), 0.0025282 secs] 532886K->516502K(794988K), 0.0025795 secs] [Times: user=0.00 sys=0.00, real=0.00 secs] 
2020-10-28T10:43:31.394+0000: [GC (Allocation Failure) 2020-10-28T10:43:31.394+0000: [ParNew: 16388K->4K(18432K), 0.0023908 secs] 532886K->516502K(794988K), 0.0024397 secs] [Times: user=0.00 sys=0.00, real=0.00 secs] 
2020-10-28T10:43:31.414+0000: [GC (Allocation Failure) 2020-10-28T10:43:31.414+0000: [ParNew: 16388K->4K(18432K), 0.0026210 secs] 532886K->516502K(794988K), 0.0026719 secs] [Times: user=0.00 sys=0.00, real=0.00 secs] 
2020-10-28T10:43:31.432+0000: [GC (Allocation Failure) 2020-10-28T10:43:31.432+0000: [ParNew: 16388K->4K(18432K), 0.0025716 secs] 532886K->516502K(794988K), 0.0026223 secs] [Times: user=0.00 sys=0.00, real=0.00 secs] 
2020-10-28T10:43:31.450+0000: [GC (Allocation Failure) 2020-10-28T10:43:31.450+0000: [ParNew: 16388K->4K(18432K), 0.0024182 secs] 532886K->516502K(794988K), 0.0024739 secs] [Times: user=0.01 sys=0.00, real=0.00 secs] 
2020-10-28T10:43:31.470+0000: [GC (Allocation Failure) 2020-10-28T10:43:31.470+0000: [ParNew: 16388K->4K(18432K), 0.0022604 secs] 532886K->516502K(794988K), 0.0023066 secs] [Times: user=0.00 sys=0.00, real=0.00 secs] 
2020-10-28T10:43:31.490+0000: [GC (Allocation Failure) 2020-10-28T10:43:31.490+0000: [ParNew: 16388K->4K(18432K), 0.0023778 secs] 532886K->516502K(794988K), 0.0024234 secs] [Times: user=0.00 sys=0.00, real=0.00 secs] 
2020-10-28T10:43:31.508+0000: [GC (Allocation Failure) 2020-10-28T10:43:31.508+0000: [ParNew: 16388K->4K(18432K), 0.0023971 secs] 532886K->516502K(794988K), 0.0024447 secs] [Times: user=0.01 sys=0.00, real=0.01 secs] 
2020-10-28T10:43:31.526+0000: [GC (Allocation Failure) 2020-10-28T10:43:31.526+0000: [ParNew: 16388K->4K(18432K), 0.0024486 secs] 532886K->516502K(794988K), 0.0024982 secs] [Times: user=0.00 sys=0.00, real=0.00 secs] 
2020-10-28T10:43:31.544+0000: [GC (Allocation Failure) 2020-10-28T10:43:31.544+0000: [ParNew: 16388K->4K(18432K), 0.0023665 secs] 532886K->516502K(794988K), 0.0024131 secs] [Times: user=0.01 sys=0.00, real=0.00 secs] 
2020-10-28T10:43:31.562+0000: [GC (Allocation Failure) 2020-10-28T10:43:31.562+0000: [ParNew: 16388K->4K(18432K), 0.0022967 secs] 532886K->516502K(794988K), 0.0023420 secs] [Times: user=0.00 sys=0.00, real=0.00 secs] 
2020-10-28T10:43:31.582+0000: [GC (Allocation Failure) 2020-10-28T10:43:31.582+0000: [ParNew: 16388K->4K(18432K), 0.0023177 secs] 532886K->516502K(794988K), 0.0023673 secs] [Times: user=0.01 sys=0.00, real=0.00 secs] 
2020-10-28T10:43:31.602+0000: [GC (Allocation Failure) 2020-10-28T10:43:31.602+0000: [ParNew: 16388K->4K(18432K), 0.0022534 secs] 532886K->516502K(794988K), 0.0022996 secs] [Times: user=0.00 sys=0.00, real=0.00 secs] 
2020-10-28T10:43:31.619+0000: [GC (Allocation Failure) 2020-10-28T10:43:31.619+0000: [ParNew: 16388K->4K(18432K), 0.0022241 secs] 532886K->516502K(794988K), 0.0022691 secs] [Times: user=0.00 sys=0.00, real=0.00 secs] 
2020-10-28T10:43:31.637+0000: [GC (Allocation Failure) 2020-10-28T10:43:31.637+0000: [ParNew: 16388K->4K(18432K), 0.0024132 secs] 532886K->516502K(794988K), 0.0024913 secs] [Times: user=0.00 sys=0.00, real=0.01 secs] 
2020-10-28T10:43:31.655+0000: [GC (Allocation Failure) 2020-10-28T10:43:31.655+0000: [ParNew: 16388K->4K(18432K), 0.0022279 secs] 532886K->516502K(794988K), 0.0022718 secs] [Times: user=0.01 sys=0.00, real=0.00 secs] 
2020-10-28T10:43:31.673+0000: [GC (Allocation Failure) 2020-10-28T10:43:31.673+0000: [ParNew: 16388K->4K(18432K), 0.0024087 secs] 532886K->516502K(794988K), 0.0024567 secs] [Times: user=0.00 sys=0.00, real=0.00 secs] 
 CMS: abort preclean due to time 2020-10-28T10:43:31.676+0000: [CMS-concurrent-abortable-preclean: 0.392/5.006 secs] [Times: user=8.98 sys=0.36, real=5.00 secs] 
2020-10-28T10:43:31.678+0000: [GC (CMS Final Remark) [YG occupancy: 330 K (18432 K)]2020-10-28T10:43:31.678+0000: [Rescan (parallel) , 0.0015430 secs]2020-10-28T10:43:31.679+0000: [weak refs processing, 0.0000667 secs]2020-10-28T10:43:31.679+0000: [class unloading, 0.0082884 secs]2020-10-28T10:43:31.688+0000: [scrub symbol table, 0.0088432 secs]2020-10-28T10:43:31.697+0000: [scrub string table, 0.0005691 secs][1 CMS-remark: 516498K(776556K)] 516829K(794988K), 0.0194172 secs] [Times: user=0.03 sys=0.00, real=0.01 secs] 
2020-10-28T10:43:31.702+0000: [CMS-concurrent-sweep-start]
2020-10-28T10:43:31.717+0000: [GC (Allocation Failure) 2020-10-28T10:43:31.717+0000: [ParNew: 16388K->4K(18432K), 0.0027590 secs] 532236K->515852K(794988K), 0.0028089 secs] [Times: user=0.01 sys=0.00, real=0.01 secs] 
2020-10-28T10:43:31.724+0000: [CMS-concurrent-sweep: 0.017/0.023 secs] [Times: user=0.04 sys=0.00, real=0.02 secs] 
2020-10-28T10:43:31.724+0000: [CMS-concurrent-reset-start]
2020-10-28T10:43:31.726+0000: [CMS-concurrent-reset: 0.002/0.002 secs] [Times: user=0.01 sys=0.00, real=0.00 secs] 
2020-10-28T10:43:31.737+0000: [GC (Allocation Failure) 2020-10-28T10:43:31.737+0000: [ParNew: 16388K->4K(18432K), 0.0027623 secs] 446341K->429957K(794988K), 0.0028041 secs] [Times: user=0.01 sys=0.00, real=0.01 secs] 
2020-10-28T10:43:31.758+0000: [GC (Allocation Failure) 2020-10-28T10:43:31.758+0000: [ParNew: 16388K->4K(18432K), 0.0026771 secs] 446341K->429957K(794988K), 0.0027264 secs] [Times: user=0.01 sys=0.00, real=0.01 secs] 
2020-10-28T10:43:31.778+0000: [GC (Allocation Failure) 2020-10-28T10:43:31.778+0000: [ParNew: 16388K->4K(18432K), 0.0026696 secs] 446341K->429957K(794988K), 0.0027187 secs] [Times: user=0.00 sys=0.00, real=0.00 secs] 
2020-10-28T10:43:31.798+0000: [GC (Allocation Failure) 2020-10-28T10:43:31.798+0000: [ParNew: 16388K->4K(18432K), 0.0026387 secs] 446341K->429957K(794988K), 0.0026868 secs] [Times: user=0.00 sys=0.00, real=0.00 secs] 
2020-10-28T10:43:31.818+0000: [GC (Allocation Failure) 2020-10-28T10:43:31.818+0000: [ParNew: 16388K->4K(18432K), 0.0026861 secs] 446341K->429957K(794988K), 0.0027371 secs] [Times: user=0.01 sys=0.00, real=0.00 secs] 
2020-10-28T10:43:31.838+0000: [GC (Allocation Failure) 2020-10-28T10:43:31.838+0000: [ParNew: 16388K->4K(18432K), 0.0026041 secs] 446341K->429957K(794988K), 0.0026562 secs] [Times: user=0.00 sys=0.00, real=0.00 secs] 
2020-10-28T10:43:31.855+0000: [GC (Allocation Failure) 2020-10-28T10:43:31.855+0000: [ParNew: 16388K->4K(18432K), 0.0025517 secs] 446341K->429957K(794988K), 0.0025951 secs] [Times: user=0.00 sys=0.00, real=0.00 secs] 
2020-10-28T10:43:31.872+0000: [GC (Allocation Failure) 2020-10-28T10:43:31.872+0000: [ParNew: 16388K->4K(18432K), 0.0026704 secs] 446341K->429957K(794988K), 0.0027200 secs] [Times: user=0.00 sys=0.00, real=0.00 secs] 
2020-10-28T10:43:31.893+0000: [GC (Allocation Failure) 2020-10-28T10:43:31.893+0000: [ParNew: 16388K->4K(18432K), 0.0027082 secs] 446341K->429957K(794988K), 0.0027592 secs] [Times: user=0.00 sys=0.00, real=0.00 secs] 
2020-10-28T10:43:31.914+0000: [GC (Allocation Failure) 2020-10-28T10:43:31.914+0000: [ParNew: 16388K->4K(18432K), 0.0025637 secs] 446341K->429957K(794988K), 0.0026083 secs] [Times: user=0.01 sys=0.00, real=0.00 secs] 
2020-10-28T10:43:31.931+0000: [GC (Allocation Failure) 2020-10-28T10:43:31.931+0000: [ParNew: 16388K->4K(18432K), 0.0026647 secs] 446341K->429957K(794988K), 0.0027151 secs] [Times: user=0.00 sys=0.00, real=0.00 secs] 
2020-10-28T10:43:31.950+0000: [GC (Allocation Failure) 2020-10-28T10:43:31.950+0000: [ParNew: 16388K->4K(18432K), 0.0027253 secs] 446341K->429957K(794988K), 0.0027788 secs] [Times: user=0.00 sys=0.00, real=0.00 secs] 
2020-10-28T10:43:31.968+0000: [GC (Allocation Failure) 2020-10-28T10:43:31.968+0000: [ParNew: 16388K->4K(18432K), 0.0027450 secs] 446341K->429957K(794988K), 0.0027978 secs] [Times: user=0.01 sys=0.00, real=0.01 secs] 
2020-10-28T10:43:31.985+0000: [GC (Allocation Failure) 2020-10-28T10:43:31.985+0000: [ParNew: 16388K->4K(18432K), 0.0028276 secs] 446341K->429957K(794988K), 0.0028804 secs] [Times: user=0.01 sys=0.00, real=0.00 secs] 
2020-10-28T10:43:32.003+0000: [GC (Allocation Failure) 2020-10-28T10:43:32.003+0000: [ParNew: 16388K->4K(18432K), 0.0028139 secs] 446341K->429957K(794988K), 0.0028696 secs] [Times: user=0.00 sys=0.00, real=0.00 secs] 
2020-10-28T10:43:32.022+0000: [GC (Allocation Failure) 2020-10-28T10:43:32.022+0000: [ParNew: 16388K->4K(18432K), 0.0027789 secs] 446341K->429957K(794988K), 0.0028343 secs] [Times: user=0.01 sys=0.00, real=0.00 secs] 
2020-10-28T10:43:32.042+0000: [GC (Allocation Failure) 2020-10-28T10:43:32.042+0000: [ParNew: 16388K->4K(18432K), 0.0027885 secs] 446341K->429957K(794988K), 0.0028426 secs] [Times: user=0.01 sys=0.00, real=0.00 secs] 
2020-10-28T10:43:32.062+0000: [GC (Allocation Failure) 2020-10-28T10:43:32.062+0000: [ParNew: 16388K->4K(18432K), 0.0026954 secs] 446341K->429957K(794988K), 0.0027476 secs] [Times: user=0.01 sys=0.00, real=0.00 secs] 
2020-10-28T10:43:32.079+0000: [GC (Allocation Failure) 2020-10-28T10:43:32.079+0000: [ParNew: 16388K->4K(18432K), 0.0027246 secs] 446341K->429957K(794988K), 0.0027819 secs] [Times: user=0.00 sys=0.00, real=0.00 secs] 
2020-10-28T10:43:32.096+0000: [GC (Allocation Failure) 2020-10-28T10:43:32.096+0000: [ParNew: 16388K->4K(18432K), 0.0026417 secs] 446341K->429957K(794988K), 0.0026892 secs] [Times: user=0.01 sys=0.00, real=0.01 secs] 
2020-10-28T10:43:32.118+0000: [GC (Allocation Failure) 2020-10-28T10:43:32.118+0000: [ParNew: 16388K->4K(18432K), 0.0026505 secs] 446341K->429957K(794988K), 0.0027006 secs] [Times: user=0.01 sys=0.00, real=0.00 secs] 
2020-10-28T10:43:32.138+0000: [GC (Allocation Failure) 2020-10-28T10:43:32.138+0000: [ParNew: 16388K->4K(18432K), 0.0026896 secs] 446341K->429957K(794988K), 0.0027389 secs] [Times: user=0.01 sys=0.00, real=0.00 secs] 
2020-10-28T10:43:32.155+0000: [GC (Allocation Failure) 2020-10-28T10:43:32.155+0000: [ParNew: 16388K->4K(18432K), 0.0026514 secs] 446341K->429957K(794988K), 0.0027000 secs] [Times: user=0.00 sys=0.00, real=0.01 secs] 
2020-10-28T10:43:32.172+0000: [GC (Allocation Failure) 2020-10-28T10:43:32.172+0000: [ParNew: 16388K->4K(18432K), 0.0026872 secs] 446341K->429957K(794988K), 0.0027368 secs] [Times: user=0.01 sys=0.00, real=0.00 secs] 
2020-10-28T10:43:32.190+0000: [GC (Allocation Failure) 2020-10-28T10:43:32.190+0000: [ParNew: 16388K->4K(18432K), 0.0025998 secs] 446341K->429957K(794988K), 0.0026598 secs] [Times: user=0.00 sys=0.00, real=0.00 secs] 
2020-10-28T10:43:32.210+0000: [GC (Allocation Failure) 2020-10-28T10:43:32.210+0000: [ParNew: 16388K->4K(18432K), 0.0024939 secs] 446341K->429957K(794988K), 0.0025464 secs] [Times: user=0.01 sys=0.00, real=0.00 secs] 
2020-10-28T10:43:32.227+0000: [GC (Allocation Failure) 2020-10-28T10:43:32.227+0000: [ParNew: 16388K->4K(18432K), 0.0025269 secs] 446341K->429957K(794988K), 0.0025722 secs] [Times: user=0.00 sys=0.00, real=0.00 secs] 
2020-10-28T10:43:32.246+0000: [GC (Allocation Failure) 2020-10-28T10:43:32.246+0000: [ParNew: 16388K->4K(18432K), 0.0025185 secs] 446341K->429957K(794988K), 0.0025625 secs] [Times: user=0.00 sys=0.00, real=0.00 secs] 
2020-10-28T10:43:32.263+0000: [GC (Allocation Failure) 2020-10-28T10:43:32.263+0000: [ParNew: 16388K->4K(18432K), 0.0026307 secs] 446341K->429957K(794988K), 0.0026791 secs] [Times: user=0.00 sys=0.00, real=0.00 secs] 
2020-10-28T10:43:32.282+0000: [GC (Allocation Failure) 2020-10-28T10:43:32.282+0000: [ParNew: 16388K->4K(18432K), 0.0038697 secs] 446341K->429957K(794988K), 0.0039193 secs] [Times: user=0.00 sys=0.00, real=0.00 secs] 
2020-10-28T10:43:32.300+0000: [GC (Allocation Failure) 2020-10-28T10:43:32.300+0000: [ParNew: 16388K->4K(18432K), 0.0026355 secs] 446341K->429957K(794988K), 0.0026796 secs] [Times: user=0.01 sys=0.00, real=0.00 secs] 
2020-10-28T10:43:32.317+0000: [GC (Allocation Failure) 2020-10-28T10:43:32.318+0000: [ParNew: 16388K->4K(18432K), 0.0026449 secs] 446341K->429957K(794988K), 0.0026917 secs] [Times: user=0.00 sys=0.00, real=0.01 secs] 
2020-10-28T10:43:32.335+0000: [GC (Allocation Failure) 2020-10-28T10:43:32.335+0000: [ParNew: 16388K->4K(18432K), 0.0026606 secs] 446341K->429957K(794988K), 0.0027092 secs] [Times: user=0.01 sys=0.00, real=0.00 secs] 
2020-10-28T10:43:32.354+0000: [GC (Allocation Failure) 2020-10-28T10:43:32.354+0000: [ParNew: 16388K->4K(18432K), 0.0025250 secs] 446341K->429957K(794988K), 0.0025693 secs] [Times: user=0.01 sys=0.00, real=0.00 secs] 
2020-10-28T10:43:32.371+0000: [GC (Allocation Failure) 2020-10-28T10:43:32.371+0000: [ParNew: 16388K->4K(18432K), 0.0024418 secs] 446341K->429957K(794988K), 0.0024839 secs] [Times: user=0.01 sys=0.00, real=0.00 secs] 
2020-10-28T10:43:32.393+0000: [GC (Allocation Failure) 2020-10-28T10:43:32.393+0000: [ParNew: 16388K->4K(18432K), 0.0026955 secs] 446341K->429957K(794988K), 0.0027456 secs] [Times: user=0.00 sys=0.00, real=0.00 secs] 
2020-10-28T10:43:32.408+0000: [GC (Allocation Failure) 2020-10-28T10:43:32.408+0000: [ParNew: 13612K->4K(18432K), 0.0027550 secs] 443566K->429957K(794988K), 0.0028099 secs] [Times: user=0.00 sys=0.00, real=0.01 secs] 
2020-10-28T10:43:32.422+0000: [GC (Allocation Failure) 2020-10-28T10:43:32.422+0000: [ParNew: 16388K->4K(18432K), 0.0036862 secs] 446341K->438149K(794988K), 0.0037404 secs] [Times: user=0.01 sys=0.00, real=0.00 secs] 
2020-10-28T10:43:32.430+0000: [GC (CMS Initial Mark) [1 CMS-initial-mark: 438145K(776556K)] 442123K(794988K), 0.0034675 secs] [Times: user=0.01 sys=0.00, real=0.01 secs] 
2020-10-28T10:43:32.433+0000: [CMS-concurrent-mark-start]
2020-10-28T10:43:32.449+0000: [GC (Allocation Failure) 2020-10-28T10:43:32.449+0000: [ParNew: 14857K->4K(18432K), 0.0025994 secs] 453003K->438149K(794988K), 0.0026434 secs] [Times: user=0.00 sys=0.00, real=0.01 secs] 
2020-10-28T10:43:32.461+0000: [GC (Allocation Failure) 2020-10-28T10:43:32.461+0000: [ParNew: 16388K->4K(18432K), 0.0033061 secs] 454533K->446341K(794988K), 0.0033518 secs] [Times: user=0.01 sys=0.00, real=0.00 secs] 
2020-10-28T10:43:32.482+0000: [GC (Allocation Failure) 2020-10-28T10:43:32.482+0000: [ParNew: 16388K->4K(18432K), 0.0025465 secs] 462725K->446341K(794988K), 0.0025999 secs] [Times: user=0.01 sys=0.00, real=0.00 secs] 
2020-10-28T10:43:32.506+0000: [GC (Allocation Failure) 2020-10-28T10:43:32.506+0000: [ParNew: 16388K->4K(18432K), 0.0026128 secs] 462725K->446341K(794988K), 0.0026627 secs] [Times: user=0.01 sys=0.00, real=0.00 secs] 
2020-10-28T10:43:32.530+0000: [GC (Allocation Failure) 2020-10-28T10:43:32.530+0000: [ParNew: 16388K->4K(18432K), 0.0025321 secs] 462725K->446341K(794988K), 0.0025817 secs] [Times: user=0.00 sys=0.00, real=0.00 secs] 
2020-10-28T10:43:32.546+0000: [CMS-concurrent-mark: 0.086/0.113 secs] [Times: user=0.20 sys=0.00, real=0.11 secs] 
2020-10-28T10:43:32.546+0000: [CMS-concurrent-preclean-start]
2020-10-28T10:43:32.548+0000: [CMS-concurrent-preclean: 0.003/0.003 secs] [Times: user=0.01 sys=0.00, real=0.00 secs] 
2020-10-28T10:43:32.549+0000: [CMS-concurrent-abortable-preclean-start]
2020-10-28T10:43:32.552+0000: [GC (Allocation Failure) 2020-10-28T10:43:32.552+0000: [ParNew: 16388K->4K(18432K), 0.0023201 secs] 462725K->446341K(794988K), 0.0023606 secs] [Times: user=0.00 sys=0.00, real=0.00 secs] 
2020-10-28T10:43:32.570+0000: [GC (Allocation Failure) 2020-10-28T10:43:32.570+0000: [ParNew: 16388K->4K(18432K), 0.0023708 secs] 462725K->446341K(794988K), 0.0024213 secs] [Times: user=0.00 sys=0.00, real=0.00 secs] 
2020-10-28T10:43:32.572+0000: [CMS-concurrent-abortable-preclean: 0.011/0.024 secs] [Times: user=0.04 sys=0.01, real=0.03 secs] 
2020-10-28T10:43:32.574+0000: [GC (CMS Final Remark) [YG occupancy: 1279 K (18432 K)]2020-10-28T10:43:32.574+0000: [Rescan (parallel) , 0.0023406 secs]2020-10-28T10:43:32.576+0000: [weak refs processing, 0.0000305 secs]2020-10-28T10:43:32.576+0000: [class unloading, 0.0081633 secs]2020-10-28T10:43:32.584+0000: [scrub symbol table, 0.0088153 secs]2020-10-28T10:43:32.593+0000: [scrub string table, 0.0006453 secs][1 CMS-remark: 446337K(776556K)] 447617K(794988K), 0.0200946 secs] [Times: user=0.03 sys=0.00, real=0.02 secs] 
2020-10-28T10:43:32.598+0000: [CMS-concurrent-sweep-start]
2020-10-28T10:43:32.611+0000: [GC (Allocation Failure) 2020-10-28T10:43:32.611+0000: [ParNew: 16388K->4K(18432K), 0.0027271 secs] 462719K->446335K(794988K), 0.0027749 secs] [Times: user=0.01 sys=0.00, real=0.00 secs] 
2020-10-28T10:43:32.618+0000: [CMS-concurrent-sweep: 0.018/0.021 secs] [Times: user=0.04 sys=0.00, real=0.02 secs] 
2020-10-28T10:43:32.626+0000: [CMS-concurrent-reset-start]
2020-10-28T10:43:32.627+0000: [CMS-concurrent-reset: 0.002/0.002 secs] [Times: user=0.00 sys=0.00, real=0.00 secs] 
2020-10-28T10:43:32.633+0000: [GC (Allocation Failure) 2020-10-28T10:43:32.633+0000: [ParNew: 16388K->4K(18432K), 0.0028661 secs] 417530K->401146K(794988K), 0.0029263 secs] [Times: user=0.01 sys=0.00, real=0.00 secs] 
2020-10-28T10:43:32.651+0000: [GC (Allocation Failure) 2020-10-28T10:43:32.651+0000: [ParNew: 16388K->4K(18432K), 0.0036770 secs] 417530K->401146K(794988K), 0.0037202 secs] [Times: user=0.01 sys=0.00, real=0.00 secs] 
2020-10-28T10:43:32.670+0000: [GC (Allocation Failure) 2020-10-28T10:43:32.670+0000: [ParNew: 16388K->4K(18432K), 0.0027106 secs] 417530K->401146K(794988K), 0.0027617 secs] [Times: user=0.00 sys=0.00, real=0.00 secs] 
2020-10-28T10:43:32.690+0000: [GC (Allocation Failure) 2020-10-28T10:43:32.690+0000: [ParNew: 16388K->4K(18432K), 0.0044425 secs] 417530K->401146K(794988K), 0.0044916 secs] [Times: user=0.01 sys=0.00, real=0.00 secs] 
2020-10-28T10:43:32.709+0000: [GC (Allocation Failure) 2020-10-28T10:43:32.709+0000: [ParNew: 16388K->4K(18432K), 0.0026278 secs] 417530K->401146K(794988K), 0.0026787 secs] [Times: user=0.00 sys=0.00, real=0.01 secs] 
2020-10-28T10:43:32.726+0000: [GC (Allocation Failure) 2020-10-28T10:43:32.726+0000: [ParNew: 16388K->4K(18432K), 0.0025330 secs] 417530K->401146K(794988K), 0.0025773 secs] [Times: user=0.00 sys=0.00, real=0.00 secs] 
2020-10-28T10:43:32.743+0000: [GC (Allocation Failure) 2020-10-28T10:43:32.743+0000: [ParNew: 16388K->4K(18432K), 0.0026182 secs] 417530K->401146K(794988K), 0.0026635 secs] [Times: user=0.01 sys=0.00, real=0.00 secs] 
2020-10-28T10:43:32.762+0000: [GC (Allocation Failure) 2020-10-28T10:43:32.762+0000: [ParNew: 16388K->4K(18432K), 0.0026925 secs] 417530K->401146K(794988K), 0.0027434 secs] [Times: user=0.00 sys=0.00, real=0.00 secs] 
2020-10-28T10:43:32.779+0000: [GC (Allocation Failure) 2020-10-28T10:43:32.779+0000: [ParNew: 16388K->4K(18432K), 0.0026303 secs] 417530K->401146K(794988K), 0.0026749 secs] [Times: user=0.01 sys=0.00, real=0.00 secs] 
2020-10-28T10:43:32.796+0000: [GC (Allocation Failure) 2020-10-28T10:43:32.796+0000: [ParNew: 16388K->4K(18432K), 0.0025912 secs] 417530K->401146K(794988K), 0.0026370 secs] [Times: user=0.01 sys=0.00, real=0.01 secs] 
2020-10-28T10:43:32.817+0000: [GC (Allocation Failure) 2020-10-28T10:43:32.817+0000: [ParNew: 16388K->4K(18432K), 0.0027753 secs] 417530K->401146K(794988K), 0.0028287 secs] [Times: user=0.00 sys=0.00, real=0.01 secs] 
2020-10-28T10:43:32.838+0000: [GC (Allocation Failure) 2020-10-28T10:43:32.838+0000: [ParNew: 16388K->4K(18432K), 0.0026451 secs] 417530K->401146K(794988K), 0.0026956 secs] [Times: user=0.01 sys=0.00, real=0.00 secs] 
2020-10-28T10:43:32.858+0000: [GC (Allocation Failure) 2020-10-28T10:43:32.858+0000: [ParNew: 16388K->4K(18432K), 0.0026346 secs] 417530K->401146K(794988K), 0.0026829 secs] [Times: user=0.00 sys=0.00, real=0.00 secs] 
2020-10-28T10:43:32.878+0000: [GC (Allocation Failure) 2020-10-28T10:43:32.878+0000: [ParNew: 16388K->4K(18432K), 0.0025959 secs] 417530K->401146K(794988K), 0.0026400 secs] [Times: user=0.01 sys=0.00, real=0.00 secs] 
2020-10-28T10:43:32.899+0000: [GC (Allocation Failure) 2020-10-28T10:43:32.899+0000: [ParNew: 16388K->4K(18432K), 0.0025744 secs] 417530K->401146K(794988K), 0.0026185 secs] [Times: user=0.00 sys=0.00, real=0.00 secs] 
2020-10-28T10:43:32.917+0000: [GC (Allocation Failure) 2020-10-28T10:43:32.917+0000: [ParNew: 16388K->4K(18432K), 0.0027284 secs] 417530K->401146K(794988K), 0.0027799 secs] [Times: user=0.00 sys=0.00, real=0.01 secs] 
2020-10-28T10:43:32.928+0000: [GC (Allocation Failure) 2020-10-28T10:43:32.928+0000: [ParNew: 16388K->4K(18432K), 0.0034819 secs] 417530K->409338K(794988K), 0.0035320 secs] [Times: user=0.01 sys=0.00, real=0.01 secs] 
2020-10-28T10:43:32.931+0000: [GC (CMS Initial Mark) [1 CMS-initial-mark: 409334K(776556K)] 409537K(794988K), 0.0012922 secs] [Times: user=0.00 sys=0.00, real=0.00 secs] 
2020-10-28T10:43:32.933+0000: [CMS-concurrent-mark-start]
2020-10-28T10:43:32.954+0000: [GC (Allocation Failure) 2020-10-28T10:43:32.954+0000: [ParNew: 16388K->4K(18432K), 0.0035390 secs] 425722K->409338K(794988K), 0.0035993 secs] [Times: user=0.01 sys=0.00, real=0.01 secs] 
2020-10-28T10:43:32.976+0000: [GC (Allocation Failure) 2020-10-28T10:43:32.976+0000: [ParNew: 16388K->4K(18432K), 0.0027612 secs] 425722K->409338K(794988K), 0.0028128 secs] [Times: user=0.01 sys=0.00, real=0.01 secs] 
2020-10-28T10:43:32.998+0000: [GC (Allocation Failure) 2020-10-28T10:43:32.998+0000: [ParNew: 16388K->4K(18432K), 0.0027160 secs] 425722K->409338K(794988K), 0.0027754 secs] [Times: user=0.00 sys=0.00, real=0.00 secs] 
2020-10-28T10:43:33.019+0000: [GC (Allocation Failure) 2020-10-28T10:43:33.019+0000: [ParNew: 16388K->4K(18432K), 0.0027114 secs] 425722K->409338K(794988K), 0.0027726 secs] [Times: user=0.01 sys=0.00, real=0.00 secs] 
2020-10-28T10:43:33.038+0000: [CMS-concurrent-mark: 0.089/0.105 secs] [Times: user=0.20 sys=0.00, real=0.11 secs] 
2020-10-28T10:43:33.038+0000: [CMS-concurrent-preclean-start]
2020-10-28T10:43:33.042+0000: [GC (Allocation Failure) 2020-10-28T10:43:33.042+0000: [ParNew: 16388K->4K(18432K), 0.0023828 secs] 425722K->409338K(794988K), 0.0024218 secs] [Times: user=0.00 sys=0.00, real=0.00 secs] 
2020-10-28T10:43:33.049+0000: [CMS-concurrent-preclean: 0.008/0.011 secs] [Times: user=0.02 sys=0.00, real=0.00 secs] 
2020-10-28T10:43:33.049+0000: [CMS-concurrent-abortable-preclean-start]
2020-10-28T10:43:33.058+0000: [GC (Allocation Failure) 2020-10-28T10:43:33.058+0000: [ParNew: 9408K->4K(18432K), 0.0020835 secs] 418743K->409338K(794988K), 0.0021215 secs] [Times: user=0.01 sys=0.00, real=0.00 secs] 
2020-10-28T10:43:33.070+0000: [GC (Allocation Failure) 2020-10-28T10:43:33.070+0000: [ParNew: 16388K->4K(18432K), 0.0031885 secs] 425722K->417530K(794988K), 0.0032350 secs] [Times: user=0.00 sys=0.00, real=0.00 secs] 
2020-10-28T10:43:33.073+0000: [CMS-concurrent-abortable-preclean: 0.003/0.024 secs] [Times: user=0.03 sys=0.01, real=0.03 secs] 
2020-10-28T10:43:33.074+0000: [GC (CMS Final Remark) [YG occupancy: 328 K (18432 K)]2020-10-28T10:43:33.074+0000: [Rescan (parallel) , 0.0017236 secs]2020-10-28T10:43:33.075+0000: [weak refs processing, 0.0000297 secs]2020-10-28T10:43:33.075+0000: [class unloading, 0.0082069 secs]2020-10-28T10:43:33.084+0000: [scrub symbol table, 0.0088026 secs]2020-10-28T10:43:33.093+0000: [scrub string table, 0.0005721 secs][1 CMS-remark: 417526K(776556K)] 417855K(794988K), 0.0194305 secs] [Times: user=0.02 sys=0.01, real=0.02 secs] 
2020-10-28T10:43:33.093+0000: [CMS-concurrent-sweep-start]
2020-10-28T10:43:33.113+0000: [GC (Allocation Failure) 2020-10-28T10:43:33.113+0000: [ParNew: 16388K->4K(18432K), 0.0028174 secs] 433914K->417530K(794988K), 0.0028711 secs] [Times: user=0.00 sys=0.00, real=0.00 secs] 
2020-10-28T10:43:33.118+0000: [CMS-concurrent-sweep: 0.021/0.025 secs] [Times: user=0.05 sys=0.00, real=0.03 secs] 
2020-10-28T10:43:33.118+0000: [CMS-concurrent-reset-start]
2020-10-28T10:43:33.120+0000: [CMS-concurrent-reset: 0.002/0.002 secs] [Times: user=0.00 sys=0.00, real=0.00 secs] 
2020-10-28T10:43:33.132+0000: [GC (Allocation Failure) 2020-10-28T10:43:33.133+0000: [ParNew: 16388K->4K(18432K), 0.0028333 secs] 433914K->417530K(794988K), 0.0028853 secs] [Times: user=0.00 sys=0.00, real=0.00 secs] 
2020-10-28T10:43:33.150+0000: [GC (Allocation Failure) 2020-10-28T10:43:33.150+0000: [ParNew: 16388K->4K(18432K), 0.0026828 secs] 433914K->417530K(794988K), 0.0027465 secs] [Times: user=0.00 sys=0.00, real=0.00 secs] 
2020-10-28T10:43:33.170+0000: [GC (Allocation Failure) 2020-10-28T10:43:33.170+0000: [ParNew: 16388K->4K(18432K), 0.0026384 secs] 433914K->417530K(794988K), 0.0026841 secs] [Times: user=0.01 sys=0.00, real=0.00 secs] 
2020-10-28T10:43:33.190+0000: [GC (Allocation Failure) 2020-10-28T10:43:33.190+0000: [ParNew: 16388K->4K(18432K), 0.0026337 secs] 433914K->417530K(794988K), 0.0026803 secs] [Times: user=0.00 sys=0.00, real=0.00 secs] 
2020-10-28T10:43:33.207+0000: [GC (Allocation Failure) 2020-10-28T10:43:33.207+0000: [ParNew: 16388K->4K(18432K), 0.0026806 secs] 433914K->417530K(794988K), 0.0027484 secs] [Times: user=0.01 sys=0.00, real=0.01 secs] 
2020-10-28T10:43:33.224+0000: [GC (Allocation Failure) 2020-10-28T10:43:33.224+0000: [ParNew: 16388K->4K(18432K), 0.0026002 secs] 433914K->417530K(794988K), 0.0026454 secs] [Times: user=0.00 sys=0.00, real=0.00 secs] 
2020-10-28T10:43:33.242+0000: [GC (Allocation Failure) 2020-10-28T10:43:33.242+0000: [ParNew: 16388K->4K(18432K), 0.0026441 secs] 433914K->417530K(794988K), 0.0026923 secs] [Times: user=0.01 sys=0.00, real=0.00 secs] 
2020-10-28T10:43:33.259+0000: [GC (Allocation Failure) 2020-10-28T10:43:33.259+0000: [ParNew: 16388K->4K(18432K), 0.0027980 secs] 433914K->417530K(794988K), 0.0028507 secs] [Times: user=0.01 sys=0.00, real=0.00 secs] 
2020-10-28T10:43:33.278+0000: [GC (Allocation Failure) 2020-10-28T10:43:33.278+0000: [ParNew: 16388K->4K(18432K), 0.0027443 secs] 433914K->417530K(794988K), 0.0028048 secs] [Times: user=0.00 sys=0.00, real=0.00 secs] 
2020-10-28T10:43:33.298+0000: [GC (Allocation Failure) 2020-10-28T10:43:33.298+0000: [ParNew: 16388K->4K(18432K), 0.0050580 secs] 433914K->417530K(794988K), 0.0051062 secs] [Times: user=0.00 sys=0.00, real=0.00 secs] 
2020-10-28T10:43:33.317+0000: [GC (Allocation Failure) 2020-10-28T10:43:33.317+0000: [ParNew: 16388K->4K(18432K), 0.0026971 secs] 433914K->417530K(794988K), 0.0027483 secs] [Times: user=0.01 sys=0.00, real=0.01 secs] 
2020-10-28T10:43:33.335+0000: [GC (Allocation Failure) 2020-10-28T10:43:33.335+0000: [ParNew: 16388K->4K(18432K), 0.0028858 secs] 433914K->417530K(794988K), 0.0029447 secs] [Times: user=0.00 sys=0.00, real=0.01 secs] 
2020-10-28T10:43:33.352+0000: [GC (Allocation Failure) 2020-10-28T10:43:33.352+0000: [ParNew: 16388K->4K(18432K), 0.0027887 secs] 433914K->417530K(794988K), 0.0028421 secs] [Times: user=0.01 sys=0.00, real=0.00 secs] 
2020-10-28T10:43:33.370+0000: [GC (Allocation Failure) 2020-10-28T10:43:33.370+0000: [ParNew: 16388K->4K(18432K), 0.0028053 secs] 433914K->417530K(794988K), 0.0028593 secs] [Times: user=0.00 sys=0.00, real=0.00 secs] 
2020-10-28T10:43:33.387+0000: [GC (Allocation Failure) 2020-10-28T10:43:33.387+0000: [ParNew: 16388K->4K(18432K), 0.0028387 secs] 433914K->417530K(794988K), 0.0028938 secs] [Times: user=0.01 sys=0.00, real=0.01 secs] 
2020-10-28T10:43:33.405+0000: [GC (Allocation Failure) 2020-10-28T10:43:33.405+0000: [ParNew: 16388K->4K(18432K), 0.0027889 secs] 433914K->417530K(794988K), 0.0028426 secs] [Times: user=0.00 sys=0.00, real=0.00 secs] 
2020-10-28T10:43:33.420+0000: [GC (Allocation Failure) 2020-10-28T10:43:33.420+0000: [ParNew: 13717K->4K(18432K), 0.0027166 secs] 431244K->417530K(794988K), 0.0027677 secs] [Times: user=0.00 sys=0.00, real=0.00 secs] 
2020-10-28T10:43:33.431+0000: [GC (Allocation Failure) 2020-10-28T10:43:33.431+0000: [ParNew: 16388K->4K(18432K), 0.0036283 secs] 433914K->425722K(794988K), 0.0036791 secs] [Times: user=0.00 sys=0.00, real=0.00 secs] 
2020-10-28T10:43:33.434+0000: [GC (CMS Initial Mark) [1 CMS-initial-mark: 425718K(776556K)] 425858K(794988K), 0.0013351 secs] [Times: user=0.01 sys=0.00, real=0.00 secs] 
2020-10-28T10:43:33.436+0000: [CMS-concurrent-mark-start]
2020-10-28T10:43:33.456+0000: [GC (Allocation Failure) 2020-10-28T10:43:33.456+0000: [ParNew: 16388K->4K(18432K), 0.0025945 secs] 442106K->425722K(794988K), 0.0026403 secs] [Times: user=0.00 sys=0.00, real=0.01 secs] 
2020-10-28T10:43:33.478+0000: [GC (Allocation Failure) 2020-10-28T10:43:33.478+0000: [ParNew: 16388K->4K(18432K), 0.0025574 secs] 442106K->425722K(794988K), 0.0026057 secs] [Times: user=0.00 sys=0.00, real=0.00 secs] 
2020-10-28T10:43:33.500+0000: [GC (Allocation Failure) 2020-10-28T10:43:33.500+0000: [ParNew: 16388K->4K(18432K), 0.0027863 secs] 442106K->425722K(794988K), 0.0028469 secs] [Times: user=0.00 sys=0.00, real=0.00 secs] 
2020-10-28T10:43:33.521+0000: [GC (Allocation Failure) 2020-10-28T10:43:33.521+0000: [ParNew: 16388K->4K(18432K), 0.0026704 secs] 442106K->425722K(794988K), 0.0027227 secs] [Times: user=0.01 sys=0.00, real=0.00 secs] 
2020-10-28T10:43:33.533+0000: [CMS-concurrent-mark: 0.078/0.097 secs] [Times: user=0.18 sys=0.00, real=0.10 secs] 
2020-10-28T10:43:33.533+0000: [CMS-concurrent-preclean-start]
2020-10-28T10:43:33.542+0000: [GC (Allocation Failure) 2020-10-28T10:43:33.542+0000: [ParNew: 14807K->4K(18432K), 0.0024362 secs] 440526K->425723K(794988K), 0.0024799 secs] [Times: user=0.00 sys=0.00, real=0.00 secs] 
2020-10-28T10:43:33.547+0000: [CMS-concurrent-preclean: 0.011/0.014 secs] [Times: user=0.03 sys=0.00, real=0.01 secs] 
2020-10-28T10:43:33.547+0000: [CMS-concurrent-abortable-preclean-start]
2020-10-28T10:43:33.558+0000: [GC (Allocation Failure) 2020-10-28T10:43:33.558+0000: [ParNew: 16388K->4K(18432K), 0.0032308 secs] 442107K->433915K(794988K), 0.0032722 secs] [Times: user=0.00 sys=0.00, real=0.00 secs] 
2020-10-28T10:43:33.561+0000: [CMS-concurrent-abortable-preclean: 0.002/0.014 secs] [Times: user=0.02 sys=0.00, real=0.02 secs] 
2020-10-28T10:43:33.566+0000: [GC (CMS Final Remark) [YG occupancy: 2802 K (18432 K)]2020-10-28T10:43:33.566+0000: [Rescan (parallel) , 0.0033165 secs]2020-10-28T10:43:33.569+0000: [weak refs processing, 0.0000305 secs]2020-10-28T10:43:33.569+0000: [class unloading, 0.0081802 secs]2020-10-28T10:43:33.577+0000: [scrub symbol table, 0.0087242 secs]2020-10-28T10:43:33.586+0000: [scrub string table, 0.0005584 secs][1 CMS-remark: 433911K(776556K)] 436713K(794988K), 0.0209051 secs] [Times: user=0.02 sys=0.01, real=0.02 secs] 
2020-10-28T10:43:33.591+0000: [CMS-concurrent-sweep-start]
2020-10-28T10:43:33.603+0000: [GC (Allocation Failure) 2020-10-28T10:43:33.603+0000: [ParNew: 16388K->4K(18432K), 0.0027449 secs] 450299K->433915K(794988K), 0.0027939 secs] [Times: user=0.01 sys=0.00, real=0.00 secs] 
2020-10-28T10:43:33.611+0000: [CMS-concurrent-sweep: 0.017/0.020 secs] [Times: user=0.04 sys=0.00, real=0.02 secs] 
2020-10-28T10:43:33.611+0000: [CMS-concurrent-reset-start]
2020-10-28T10:43:33.613+0000: [CMS-concurrent-reset: 0.002/0.002 secs] [Times: user=0.00 sys=0.00, real=0.00 secs] 
2020-10-28T10:43:33.626+0000: [GC (Allocation Failure) 2020-10-28T10:43:33.626+0000: [ParNew: 16388K->4K(18432K), 0.0027899 secs] 450299K->433915K(794988K), 0.0028324 secs] [Times: user=0.01 sys=0.00, real=0.00 secs] 
2020-10-28T10:43:33.643+0000: [GC (Allocation Failure) 2020-10-28T10:43:33.643+0000: [ParNew: 16388K->4K(18432K), 0.0027614 secs] 450299K->433915K(794988K), 0.0028130 secs] [Times: user=0.01 sys=0.00, real=0.00 secs] 
2020-10-28T10:43:33.661+0000: [GC (Allocation Failure) 2020-10-28T10:43:33.661+0000: [ParNew: 16388K->4K(18432K), 0.0026602 secs] 450299K->433915K(794988K), 0.0027084 secs] [Times: user=0.00 sys=0.00, real=0.00 secs] 
2020-10-28T10:43:33.688+0000: [GC (Allocation Failure) 2020-10-28T10:43:33.688+0000: [ParNew: 16388K->8K(18432K), 0.0027988 secs] 450299K->433919K(794988K), 0.0028504 secs] [Times: user=0.00 sys=0.00, real=0.01 secs] 
2020-10-28T10:43:33.710+0000: [GC (Allocation Failure) 2020-10-28T10:43:33.710+0000: [ParNew: 16392K->8K(18432K), 0.0027159 secs] 450303K->433919K(794988K), 0.0027652 secs] [Times: user=0.00 sys=0.00, real=0.00 secs] 
2020-10-28T10:43:33.730+0000: [GC (Allocation Failure) 2020-10-28T10:43:33.730+0000: [ParNew: 16392K->8K(18432K), 0.0026683 secs] 450303K->433919K(794988K), 0.0027131 secs] [Times: user=0.01 sys=0.00, real=0.00 secs] 
2020-10-28T10:43:33.747+0000: [GC (Allocation Failure) 2020-10-28T10:43:33.747+0000: [ParNew: 16392K->6K(18432K), 0.0026507 secs] 450303K->433917K(794988K), 0.0027016 secs] [Times: user=0.00 sys=0.00, real=0.01 secs] 
2020-10-28T10:43:33.765+0000: [GC (Allocation Failure) 2020-10-28T10:43:33.765+0000: [ParNew: 16390K->6K(18432K), 0.0026523 secs] 450301K->433918K(794988K), 0.0026999 secs] [Times: user=0.01 sys=0.00, real=0.00 secs] 
2020-10-28T10:43:33.786+0000: [GC (Allocation Failure) 2020-10-28T10:43:33.786+0000: [ParNew: 16390K->7K(18432K), 0.0028432 secs] 450302K->433918K(794988K), 0.0029075 secs] [Times: user=0.00 sys=0.00, real=0.00 secs] 
2020-10-28T10:43:33.806+0000: [GC (Allocation Failure) 2020-10-28T10:43:33.806+0000: [ParNew: 16391K->4K(18432K), 0.0027819 secs] 450302K->433918K(794988K), 0.0028339 secs] [Times: user=0.00 sys=0.00, real=0.00 secs] 
2020-10-28T10:43:33.823+0000: [GC (Allocation Failure) 2020-10-28T10:43:33.823+0000: [ParNew: 16388K->4K(18432K), 0.0026455 secs] 450302K->433918K(794988K), 0.0026924 secs] [Times: user=0.01 sys=0.00, real=0.00 secs] 
2020-10-28T10:43:33.842+0000: [GC (Allocation Failure) 2020-10-28T10:43:33.842+0000: [ParNew: 16388K->4K(18432K), 0.0026147 secs] 450302K->433918K(794988K), 0.0026606 secs] [Times: user=0.00 sys=0.00, real=0.00 secs] 
2020-10-28T10:43:33.859+0000: [GC (Allocation Failure) 2020-10-28T10:43:33.859+0000: [ParNew: 16388K->4K(18432K), 0.0026108 secs] 450302K->433918K(794988K), 0.0026591 secs] [Times: user=0.00 sys=0.00, real=0.00 secs] 
2020-10-28T10:43:33.876+0000: [GC (Allocation Failure) 2020-10-28T10:43:33.876+0000: [ParNew: 16388K->4K(18432K), 0.0026836 secs] 450302K->433918K(794988K), 0.0027309 secs] [Times: user=0.00 sys=0.00, real=0.01 secs] 
2020-10-28T10:43:33.894+0000: [GC (Allocation Failure) 2020-10-28T10:43:33.894+0000: [ParNew: 16388K->4K(18432K), 0.0026166 secs] 450302K->433918K(794988K), 0.0026862 secs] [Times: user=0.00 sys=0.01, real=0.00 secs] 
2020-10-28T10:43:33.914+0000: [GC (Allocation Failure) 2020-10-28T10:43:33.914+0000: [ParNew: 16388K->4K(18432K), 0.0026287 secs] 450302K->433918K(794988K), 0.0026726 secs] [Times: user=0.01 sys=0.00, real=0.00 secs] 
2020-10-28T10:43:33.934+0000: [GC (Allocation Failure) 2020-10-28T10:43:33.934+0000: [ParNew: 16388K->4K(18432K), 0.0026467 secs] 450302K->433918K(794988K), 0.0026959 secs] [Times: user=0.00 sys=0.00, real=0.00 secs] 
2020-10-28T10:43:33.951+0000: [GC (Allocation Failure) 2020-10-28T10:43:33.951+0000: [ParNew: 16388K->4K(18432K), 0.0027538 secs] 450302K->433918K(794988K), 0.0028115 secs] [Times: user=0.01 sys=0.00, real=0.00 secs] 
2020-10-28T10:43:33.969+0000: [GC (Allocation Failure) 2020-10-28T10:43:33.969+0000: [ParNew: 16388K->4K(18432K), 0.0027108 secs] 450302K->433918K(794988K), 0.0027572 secs] [Times: user=0.01 sys=0.00, real=0.01 secs] 
2020-10-28T10:43:33.987+0000: [GC (Allocation Failure) 2020-10-28T10:43:33.987+0000: [ParNew: 16388K->4K(18432K), 0.0025971 secs] 450302K->433918K(794988K), 0.0026426 secs] [Times: user=0.00 sys=0.00, real=0.00 secs] 
2020-10-28T10:43:33.998+0000: [GC (Allocation Failure) 2020-10-28T10:43:33.999+0000: [ParNew: 9978K->4K(18432K), 0.0024917 secs] 443892K->433918K(794988K), 0.0025318 secs] [Times: user=0.01 sys=0.00, real=0.00 secs] 
2020-10-28T10:43:34.009+0000: [GC (Allocation Failure) 2020-10-28T10:43:34.009+0000: [ParNew: 16388K->4K(18432K), 0.0031382 secs] 450302K->442110K(794988K), 0.0031794 secs] [Times: user=0.01 sys=0.00, real=0.01 secs] 
2020-10-28T10:43:34.030+0000: [GC (Allocation Failure) 2020-10-28T10:43:34.030+0000: [ParNew: 16388K->4K(18432K), 0.0024997 secs] 458494K->442110K(794988K), 0.0025423 secs] [Times: user=0.01 sys=0.00, real=0.00 secs] 
2020-10-28T10:43:34.050+0000: [GC (Allocation Failure) 2020-10-28T10:43:34.050+0000: [ParNew: 16388K->4K(18432K), 0.0026403 secs] 458494K->442110K(794988K), 0.0026847 secs] [Times: user=0.00 sys=0.00, real=0.00 secs] 
2020-10-28T10:43:34.061+0000: [GC (Allocation Failure) 2020-10-28T10:43:34.061+0000: [ParNew: 16388K->4K(18432K), 0.0032252 secs] 458494K->450302K(794988K), 0.0032698 secs] [Times: user=0.00 sys=0.00, real=0.00 secs] 
2020-10-28T10:43:34.078+0000: [GC (Allocation Failure) 2020-10-28T10:43:34.078+0000: [ParNew: 16387K->4K(18432K), 0.0025222 secs] 466686K->450302K(794988K), 0.0025650 secs] [Times: user=0.01 sys=0.00, real=0.00 secs] 
2020-10-28T10:43:34.096+0000: [GC (Allocation Failure) 2020-10-28T10:43:34.096+0000: [ParNew: 16388K->4K(18432K), 0.0027137 secs] 466686K->450302K(794988K), 0.0027648 secs] [Times: user=0.00 sys=0.00, real=0.01 secs] 
2020-10-28T10:43:34.117+0000: [GC (Allocation Failure) 2020-10-28T10:43:34.117+0000: [ParNew: 16388K->4K(18432K), 0.0027069 secs] 466686K->450302K(794988K), 0.0027555 secs] [Times: user=0.01 sys=0.00, real=0.01 secs] 
2020-10-28T10:43:34.135+0000: [GC (Allocation Failure) 2020-10-28T10:43:34.135+0000: [ParNew: 16388K->4K(18432K), 0.0027762 secs] 466686K->450302K(794988K), 0.0028305 secs] [Times: user=0.00 sys=0.00, real=0.00 secs] 
2020-10-28T10:43:34.152+0000: [GC (Allocation Failure) 2020-10-28T10:43:34.152+0000: [ParNew: 16388K->4K(18432K), 0.0028869 secs] 466686K->450302K(794988K), 0.0029419 secs] [Times: user=0.01 sys=0.00, real=0.00 secs] 
2020-10-28T10:43:34.173+0000: [GC (Allocation Failure) 2020-10-28T10:43:34.173+0000: [ParNew: 16388K->4K(18432K), 0.0028359 secs] 466686K->450302K(794988K), 0.0028907 secs] [Times: user=0.00 sys=0.00, real=0.00 secs] 
2020-10-28T10:43:34.194+0000: [GC (Allocation Failure) 2020-10-28T10:43:34.194+0000: [ParNew: 16388K->4K(18432K), 0.0028206 secs] 466686K->450302K(794988K), 0.0028759 secs] [Times: user=0.00 sys=0.00, real=0.00 secs] 
2020-10-28T10:43:34.211+0000: [GC (Allocation Failure) 2020-10-28T10:43:34.211+0000: [ParNew: 16388K->4K(18432K), 0.0028400 secs] 466686K->450302K(794988K), 0.0028995 secs] [Times: user=0.01 sys=0.00, real=0.00 secs] 
2020-10-28T10:43:34.229+0000: [GC (Allocation Failure) 2020-10-28T10:43:34.229+0000: [ParNew: 16388K->4K(18432K), 0.0028033 secs] 466686K->450302K(794988K), 0.0028543 secs] [Times: user=0.01 sys=0.00, real=0.01 secs] 
2020-10-28T10:43:34.246+0000: [GC (Allocation Failure) 2020-10-28T10:43:34.246+0000: [ParNew: 16388K->4K(18432K), 0.0032298 secs] 466686K->450302K(794988K), 0.0032879 secs] [Times: user=0.01 sys=0.00, real=0.01 secs] 
2020-10-28T10:43:34.270+0000: [GC (Allocation Failure) 2020-10-28T10:43:34.270+0000: [ParNew: 16388K->4K(18432K), 0.0026267 secs] 466686K->450302K(794988K), 0.0026745 secs] [Times: user=0.01 sys=0.00, real=0.00 secs] 
2020-10-28T10:43:34.287+0000: [GC (Allocation Failure) 2020-10-28T10:43:34.287+0000: [ParNew: 16388K->4K(18432K), 0.0026746 secs] 466686K->450302K(794988K), 0.0027201 secs] [Times: user=0.00 sys=0.00, real=0.01 secs] 
2020-10-28T10:43:34.304+0000: [GC (Allocation Failure) 2020-10-28T10:43:34.304+0000: [ParNew: 16388K->4K(18432K), 0.0026671 secs] 466686K->450302K(794988K), 0.0027302 secs] [Times: user=0.00 sys=0.00, real=0.00 secs] 
2020-10-28T10:43:34.322+0000: [GC (Allocation Failure) 2020-10-28T10:43:34.322+0000: [ParNew: 16388K->4K(18432K), 0.0026207 secs] 466686K->450302K(794988K), 0.0026665 secs] [Times: user=0.00 sys=0.00, real=0.00 secs] 
2020-10-28T10:43:34.339+0000: [GC (Allocation Failure) 2020-10-28T10:43:34.339+0000: [ParNew: 16388K->4K(18432K), 0.0026228 secs] 466686K->450302K(794988K), 0.0026695 secs] [Times: user=0.00 sys=0.00, real=0.00 secs] 
2020-10-28T10:43:34.358+0000: [GC (Allocation Failure) 2020-10-28T10:43:34.358+0000: [ParNew: 16388K->4K(18432K), 0.0026081 secs] 466686K->450302K(794988K), 0.0026545 secs] [Times: user=0.01 sys=0.00, real=0.00 secs] 
2020-10-28T10:43:34.375+0000: [GC (Allocation Failure) 2020-10-28T10:43:34.375+0000: [ParNew: 16388K->4K(18432K), 0.0026494 secs] 466686K->450302K(794988K), 0.0026992 secs] [Times: user=0.00 sys=0.00, real=0.01 secs] 
2020-10-28T10:43:34.394+0000: [GC (Allocation Failure) 2020-10-28T10:43:34.394+0000: [ParNew: 16388K->4K(18432K), 0.0026179 secs] 466686K->450302K(794988K), 0.0026671 secs] [Times: user=0.01 sys=0.00, real=0.00 secs] 
2020-10-28T10:43:34.411+0000: [GC (Allocation Failure) 2020-10-28T10:43:34.411+0000: [ParNew: 16388K->4K(18432K), 0.0027009 secs] 466686K->450302K(794988K), 0.0027517 secs] [Times: user=0.00 sys=0.00, real=0.00 secs] 
2020-10-28T10:43:34.430+0000: [GC (Allocation Failure) 2020-10-28T10:43:34.430+0000: [ParNew: 16388K->4K(18432K), 0.0028129 secs] 466686K->450302K(794988K), 0.0028662 secs] [Times: user=0.00 sys=0.00, real=0.00 secs] 
2020-10-28T10:43:34.450+0000: [GC (Allocation Failure) 2020-10-28T10:43:34.450+0000: [ParNew: 16388K->4K(18432K), 0.0027797 secs] 466686K->450302K(794988K), 0.0028337 secs] [Times: user=0.00 sys=0.00, real=0.00 secs] 
2020-10-28T10:43:34.467+0000: [GC (Allocation Failure) 2020-10-28T10:43:34.467+0000: [ParNew: 16388K->4K(18432K), 0.0028375 secs] 466686K->450302K(794988K), 0.0028918 secs] [Times: user=0.00 sys=0.00, real=0.01 secs] 
2020-10-28T10:43:34.486+0000: [GC (Allocation Failure) 2020-10-28T10:43:34.486+0000: [ParNew: 16388K->4K(18432K), 0.0026269 secs] 466686K->450302K(794988K), 0.0026736 secs] [Times: user=0.01 sys=0.00, real=0.00 secs] 
2020-10-28T10:43:34.496+0000: [GC (Allocation Failure) 2020-10-28T10:43:34.497+0000: [ParNew: 16388K->4K(18432K), 0.0032734 secs] 466686K->458494K(794988K), 0.0033188 secs] [Times: user=0.01 sys=0.00, real=0.01 secs] 
2020-10-28T10:43:34.514+0000: [GC (Allocation Failure) 2020-10-28T10:43:34.514+0000: [ParNew: 16388K->4K(18432K), 0.0025350 secs] 474878K->458494K(794988K), 0.0025789 secs] [Times: user=0.00 sys=0.00, real=0.00 secs] 
2020-10-28T10:43:34.525+0000: [GC (Allocation Failure) 2020-10-28T10:43:34.525+0000: [ParNew: 16388K->4K(18432K), 0.0032162 secs] 474878K->466686K(794988K), 0.0032585 secs] [Times: user=0.00 sys=0.00, real=0.00 secs] 
2020-10-28T10:43:34.550+0000: [GC (Allocation Failure) 2020-10-28T10:43:34.550+0000: [ParNew: 16388K->4K(18432K), 0.0026277 secs] 483070K->466686K(794988K), 0.0026727 secs] [Times: user=0.01 sys=0.00, real=0.00 secs] 
2020-10-28T10:43:34.582+0000: [GC (Allocation Failure) 2020-10-28T10:43:34.582+0000: [ParNew: 16388K->6K(18432K), 0.0025926 secs] 483070K->466688K(794988K), 0.0026390 secs] [Times: user=0.01 sys=0.00, real=0.00 secs] 
2020-10-28T10:43:34.612+0000: [GC (Allocation Failure) 2020-10-28T10:43:34.612+0000: [ParNew: 16390K->4K(18432K), 0.0027245 secs] 483072K->466686K(794988K), 0.0027738 secs] [Times: user=0.01 sys=0.00, real=0.00 secs] 
2020-10-28T10:43:34.645+0000: [GC (Allocation Failure) 2020-10-28T10:43:34.645+0000: [ParNew: 16388K->4K(18432K), 0.0028620 secs] 483070K->466686K(794988K), 0.0029187 secs] [Times: user=0.01 sys=0.00, real=0.00 secs] 
2020-10-28T10:43:34.677+0000: [GC (Allocation Failure) 2020-10-28T10:43:34.677+0000: [ParNew: 16388K->4K(18432K), 0.0028419 secs] 483070K->466686K(794988K), 0.0028978 secs] [Times: user=0.00 sys=0.00, real=0.01 secs] 
2020-10-28T10:43:34.708+0000: [GC (Allocation Failure) 2020-10-28T10:43:34.708+0000: [ParNew: 16388K->4K(18432K), 0.0028783 secs] 483070K->466686K(794988K), 0.0029341 secs] [Times: user=0.00 sys=0.00, real=0.01 secs] 
2020-10-28T10:43:34.742+0000: [GC (Allocation Failure) 2020-10-28T10:43:34.742+0000: [ParNew: 16388K->4K(18432K), 0.0028521 secs] 483070K->466688K(794988K), 0.0029066 secs] [Times: user=0.00 sys=0.00, real=0.00 secs] 
2020-10-28T10:43:34.773+0000: [GC (Allocation Failure) 2020-10-28T10:43:34.773+0000: [ParNew: 16388K->4K(18432K), 0.0028319 secs] 483072K->466688K(794988K), 0.0028870 secs] [Times: user=0.01 sys=0.00, real=0.00 secs] 
2020-10-28T10:43:34.804+0000: [GC (Allocation Failure) 2020-10-28T10:43:34.804+0000: [ParNew: 16388K->4K(18432K), 0.0028561 secs] 483072K->466688K(794988K), 0.0029138 secs] [Times: user=0.00 sys=0.00, real=0.00 secs] 
2020-10-28T10:43:35.307+0000: [GC (Allocation Failure) 2020-10-28T10:43:35.307+0000: [ParNew: 16388K->4K(18432K), 0.0028504 secs] 483072K->466688K(794988K), 0.0029079 secs] [Times: user=0.00 sys=0.00, real=0.01 secs] 
2020-10-28T10:43:36.142+0000: [GC (Allocation Failure) 2020-10-28T10:43:36.142+0000: [ParNew: 16388K->136K(18432K), 0.0030760 secs] 483072K->466821K(794988K), 0.0031333 secs] [Times: user=0.01 sys=0.00, real=0.00 secs] 
2020-10-28T10:43:36.621+0000: [GC (Allocation Failure) 2020-10-28T10:43:36.621+0000: [ParNew: 16520K->1212K(18432K), 0.0102047 secs] 483205K->467897K(794988K), 0.0102801 secs] [Times: user=0.02 sys=0.00, real=0.01 secs] 
2020-10-28T10:43:36.751+0000: [GC (Allocation Failure) 2020-10-28T10:43:36.751+0000: [ParNew: 17596K->1189K(18432K), 0.0142568 secs] 484281K->468777K(794988K), 0.0143388 secs] [Times: user=0.02 sys=0.00, real=0.01 secs] 
2020-10-28T10:43:36.810+0000: [GC (Allocation Failure) 2020-10-28T10:43:36.810+0000: [ParNew: 17573K->572K(18432K), 0.0138986 secs] 485161K->469120K(794988K), 0.0139805 secs] [Times: user=0.03 sys=0.00, real=0.01 secs] 
2020-10-28T10:43:36.851+0000: [GC (Allocation Failure) 2020-10-28T10:43:36.851+0000: [ParNew: 16956K->979K(18432K), 0.0030277 secs] 485504K->469527K(794988K), 0.0030851 secs] [Times: user=0.01 sys=0.00, real=0.00 secs] 
2020-10-28T10:43:36.886+0000: [GC (Allocation Failure) 2020-10-28T10:43:36.886+0000: [ParNew: 17363K->823K(18432K), 0.0031339 secs] 485911K->469370K(794988K), 0.0031920 secs] [Times: user=0.00 sys=0.00, real=0.00 secs] 
2020-10-28T10:43:36.922+0000: [GC (Allocation Failure) 2020-10-28T10:43:36.922+0000: [ParNew: 17207K->1561K(18432K), 0.0071336 secs] 485754K->470108K(794988K), 0.0072017 secs] [Times: user=0.02 sys=0.00, real=0.00 secs] 
2020-10-28T10:43:36.958+0000: [GC (Allocation Failure) 2020-10-28T10:43:36.958+0000: [ParNew: 17945K->1029K(18432K), 0.0030764 secs] 486492K->470101K(794988K), 0.0031519 secs] [Times: user=0.01 sys=0.00, real=0.00 secs] 
2020-10-28T10:43:36.994+0000: [GC (Allocation Failure) 2020-10-28T10:43:36.994+0000: [ParNew: 17413K->4K(18432K), 0.0033593 secs] 486485K->469587K(794988K), 0.0034448 secs] [Times: user=0.01 sys=0.00, real=0.00 secs] 
2020-10-28T10:43:37.036+0000: [GC (Allocation Failure) 2020-10-28T10:43:37.036+0000: [ParNew: 16388K->1028K(18432K), 0.0031429 secs] 485971K->471635K(794988K), 0.0032242 secs] [Times: user=0.01 sys=0.00, real=0.01 secs] 
2020-10-28T10:43:37.075+0000: [GC (Allocation Failure) 2020-10-28T10:43:37.075+0000: [ParNew: 17412K->4K(18432K), 0.0041851 secs] 488019K->470611K(794988K), 0.0042411 secs] [Times: user=0.00 sys=0.00, real=0.01 secs] 
2020-10-28T10:43:37.119+0000: [GC (Allocation Failure) 2020-10-28T10:43:37.119+0000: [ParNew: 16388K->1028K(18432K), 0.0030961 secs] 486995K->472659K(794988K), 0.0031538 secs] [Times: user=0.00 sys=0.00, real=0.00 secs] 
2020-10-28T10:43:37.145+0000: [GC (Allocation Failure) 2020-10-28T10:43:37.145+0000: [ParNew: 17412K->4K(18432K), 0.0028665 secs] 489043K->471635K(794988K), 0.0029237 secs] [Times: user=0.00 sys=0.00, real=0.00 secs] 
2020-10-28T10:43:37.173+0000: [GC (Allocation Failure) 2020-10-28T10:43:37.173+0000: [ParNew: 16388K->4K(18432K), 0.0028832 secs] 488019K->471635K(794988K), 0.0029399 secs] [Times: user=0.01 sys=0.00, real=0.00 secs] 
2020-10-28T10:43:37.196+0000: [GC (Allocation Failure) 2020-10-28T10:43:37.196+0000: [ParNew: 16388K->4K(18432K), 0.0029471 secs] 488019K->471635K(794988K), 0.0030169 secs] [Times: user=0.00 sys=0.00, real=0.01 secs] 
2020-10-28T10:43:37.216+0000: [GC (Allocation Failure) 2020-10-28T10:43:37.216+0000: [ParNew: 16388K->4K(18432K), 0.0029090 secs] 488019K->471635K(794988K), 0.0029661 secs] [Times: user=0.00 sys=0.00, real=0.01 secs] 
2020-10-28T10:43:37.235+0000: [GC (Allocation Failure) 2020-10-28T10:43:37.235+0000: [ParNew: 16388K->4K(18432K), 0.0031913 secs] 488019K->473683K(794988K), 0.0032498 secs] [Times: user=0.01 sys=0.00, real=0.01 secs] 
2020-10-28T10:43:37.258+0000: [GC (Allocation Failure) 2020-10-28T10:43:37.258+0000: [ParNew: 16388K->4K(18432K), 0.0027331 secs] 490067K->473683K(794988K), 0.0027823 secs] [Times: user=0.00 sys=0.00, real=0.00 secs] 
2020-10-28T10:43:37.290+0000: [GC (Allocation Failure) 2020-10-28T10:43:37.290+0000: [ParNew: 16388K->4K(18432K), 0.0028067 secs] 490067K->473683K(794988K), 0.0028631 secs] [Times: user=0.00 sys=0.00, real=0.00 secs] 
2020-10-28T10:43:37.310+0000: [GC (Allocation Failure) 2020-10-28T10:43:37.310+0000: [ParNew: 15317K->4K(18432K), 0.0027582 secs] 488997K->473683K(794988K), 0.0028108 secs] [Times: user=0.01 sys=0.00, real=0.00 secs] 
2020-10-28T10:43:37.329+0000: [GC (Allocation Failure) 2020-10-28T10:43:37.329+0000: [ParNew: 16388K->4K(18432K), 0.0031374 secs] 490067K->475731K(794988K), 0.0031903 secs] [Times: user=0.00 sys=0.00, real=0.01 secs] 
2020-10-28T10:43:37.358+0000: [GC (Allocation Failure) 2020-10-28T10:43:37.358+0000: [ParNew: 16388K->4K(18432K), 0.0027835 secs] 492115K->475731K(794988K), 0.0028383 secs] [Times: user=0.01 sys=0.00, real=0.00 secs] 
2020-10-28T10:43:37.382+0000: [GC (Allocation Failure) 2020-10-28T10:43:37.382+0000: [ParNew: 16388K->4K(18432K), 0.0029117 secs] 492115K->475732K(794988K), 0.0029701 secs] [Times: user=0.01 sys=0.00, real=0.00 secs] 
2020-10-28T10:43:37.411+0000: [GC (Allocation Failure) 2020-10-28T10:43:37.411+0000: [ParNew: 16388K->4K(18432K), 0.0028824 secs] 492116K->475732K(794988K), 0.0029413 secs] [Times: user=0.00 sys=0.00, real=0.00 secs] 
2020-10-28T10:43:37.438+0000: [GC (Allocation Failure) 2020-10-28T10:43:37.438+0000: [ParNew: 16388K->4K(18432K), 0.0028304 secs] 492116K->475732K(794988K), 0.0028895 secs] [Times: user=0.00 sys=0.00, real=0.00 secs] 
2020-10-28T10:43:37.466+0000: [GC (Allocation Failure) 2020-10-28T10:43:37.466+0000: [ParNew: 16388K->4K(18432K), 0.0028042 secs] 492116K->475732K(794988K), 0.0028786 secs] [Times: user=0.01 sys=0.00, real=0.00 secs] 
2020-10-28T10:43:37.512+0000: [GC (Allocation Failure) 2020-10-28T10:43:37.513+0000: [ParNew: 16388K->4K(18432K), 0.0028674 secs] 492116K->475732K(794988K), 0.0029422 secs] [Times: user=0.01 sys=0.00, real=0.00 secs] 
2020-10-28T10:43:37.558+0000: [GC (Allocation Failure) 2020-10-28T10:43:37.558+0000: [ParNew: 16388K->4K(18432K), 0.0028328 secs] 492116K->475732K(794988K), 0.0028908 secs] [Times: user=0.00 sys=0.00, real=0.00 secs] 
2020-10-28T10:43:37.590+0000: [GC (Allocation Failure) 2020-10-28T10:43:37.590+0000: [ParNew: 16388K->4K(18432K), 0.0059569 secs] 492116K->475732K(794988K), 0.0060317 secs] [Times: user=0.01 sys=0.00, real=0.00 secs] 
2020-10-28T10:43:37.634+0000: [GC (Allocation Failure) 2020-10-28T10:43:37.634+0000: [ParNew: 16388K->4K(18432K), 0.0059703 secs] 492116K->475732K(794988K), 0.0060483 secs] [Times: user=0.00 sys=0.00, real=0.01 secs] 
2020-10-28T10:43:37.673+0000: [GC (Allocation Failure) 2020-10-28T10:43:37.673+0000: [ParNew: 16388K->4K(18432K), 0.0063508 secs] 492116K->475732K(794988K), 0.0064284 secs] [Times: user=0.01 sys=0.00, real=0.01 secs] 
2020-10-28T10:43:37.706+0000: [GC (Allocation Failure) 2020-10-28T10:43:37.706+0000: [ParNew: 16388K->4K(18432K), 0.0065714 secs] 492116K->479828K(794988K), 0.0066461 secs] [Times: user=0.01 sys=0.00, real=0.01 secs] 
2020-10-28T10:43:37.735+0000: [GC (Allocation Failure) 2020-10-28T10:43:37.735+0000: [ParNew: 16388K->4K(18432K), 0.0028356 secs] 496212K->479828K(794988K), 0.0028926 secs] [Times: user=0.01 sys=0.00, real=0.00 secs] 
2020-10-28T10:43:37.758+0000: [GC (Allocation Failure) 2020-10-28T10:43:37.758+0000: [ParNew: 16388K->4K(18432K), 0.0028267 secs] 496212K->479828K(794988K), 0.0028834 secs] [Times: user=0.01 sys=0.00, real=0.00 secs] 
2020-10-28T10:43:37.778+0000: [GC (Allocation Failure) 2020-10-28T10:43:37.778+0000: [ParNew: 16388K->4K(18432K), 0.0028079 secs] 496212K->479828K(794988K), 0.0028640 secs] [Times: user=0.01 sys=0.00, real=0.00 secs] 
2020-10-28T10:43:37.798+0000: [GC (Allocation Failure) 2020-10-28T10:43:37.798+0000: [ParNew: 14566K->4K(18432K), 0.0026805 secs] 494391K->479828K(794988K), 0.0027267 secs] [Times: user=0.00 sys=0.00, real=0.00 secs] 
2020-10-28T10:43:37.814+0000: [GC (Allocation Failure) 2020-10-28T10:43:37.814+0000: [ParNew: 16388K->4K(18432K), 0.0033511 secs] 496212K->483924K(794988K), 0.0034030 secs] [Times: user=0.00 sys=0.00, real=0.00 secs] 
2020-10-28T10:43:37.832+0000: [GC (Allocation Failure) 2020-10-28T10:43:37.833+0000: [ParNew: 16388K->4K(18432K), 0.0028646 secs] 500308K->483924K(794988K), 0.0029377 secs] [Times: user=0.01 sys=0.00, real=0.00 secs] 
2020-10-28T10:43:37.850+0000: [GC (Allocation Failure) 2020-10-28T10:43:37.850+0000: [ParNew: 16388K->4K(18432K), 0.0028028 secs] 500308K->483924K(794988K), 0.0028585 secs] [Times: user=0.00 sys=0.00, real=0.00 secs] 
2020-10-28T10:43:37.868+0000: [GC (Allocation Failure) 2020-10-28T10:43:37.868+0000: [ParNew: 16388K->4K(18432K), 0.0028531 secs] 500308K->483924K(794988K), 0.0029243 secs] [Times: user=0.01 sys=0.00, real=0.01 secs] 
2020-10-28T10:43:37.890+0000: [GC (Allocation Failure) 2020-10-28T10:43:37.890+0000: [ParNew: 16388K->4K(18432K), 0.0027699 secs] 500308K->483924K(794988K), 0.0028225 secs] [Times: user=0.00 sys=0.00, real=0.00 secs] 
2020-10-28T10:43:37.910+0000: [GC (Allocation Failure) 2020-10-28T10:43:37.910+0000: [ParNew: 16388K->4K(18432K), 0.0027188 secs] 500308K->483924K(794988K), 0.0027707 secs] [Times: user=0.01 sys=0.00, real=0.00 secs] 
2020-10-28T10:43:37.928+0000: [GC (Allocation Failure) 2020-10-28T10:43:37.928+0000: [ParNew: 16388K->4K(18432K), 0.0028080 secs] 500308K->483924K(794988K), 0.0028596 secs] [Times: user=0.00 sys=0.00, real=0.01 secs] 
2020-10-28T10:43:37.951+0000: [GC (Allocation Failure) 2020-10-28T10:43:37.951+0000: [ParNew: 16388K->4K(18432K), 0.0042264 secs] 500308K->483924K(794988K), 0.0042857 secs] [Times: user=0.01 sys=0.00, real=0.00 secs] 
2020-10-28T10:43:37.974+0000: [GC (Allocation Failure) 2020-10-28T10:43:37.974+0000: [ParNew: 16388K->4K(18432K), 0.0028420 secs] 500308K->483924K(794988K), 0.0028990 secs] [Times: user=0.00 sys=0.00, real=0.00 secs] 
2020-10-28T10:43:37.992+0000: [GC (Allocation Failure) 2020-10-28T10:43:37.992+0000: [ParNew: 16388K->4K(18432K), 0.0028086 secs] 500308K->483924K(794988K), 0.0028788 secs] [Times: user=0.01 sys=0.00, real=0.00 secs] 
2020-10-28T10:43:38.014+0000: [GC (Allocation Failure) 2020-10-28T10:43:38.014+0000: [ParNew: 16388K->4K(18432K), 0.0028538 secs] 500308K->483924K(794988K), 0.0029212 secs] [Times: user=0.01 sys=0.00, real=0.00 secs] 
2020-10-28T10:43:38.032+0000: [GC (Allocation Failure) 2020-10-28T10:43:38.032+0000: [ParNew: 16388K->4K(18432K), 0.0028722 secs] 500308K->483924K(794988K), 0.0029305 secs] [Times: user=0.00 sys=0.00, real=0.00 secs] 
2020-10-28T10:43:38.050+0000: [GC (Allocation Failure) 2020-10-28T10:43:38.050+0000: [ParNew: 16388K->4K(18432K), 0.0027959 secs] 500308K->483924K(794988K), 0.0028515 secs] [Times: user=0.01 sys=0.00, real=0.00 secs] 
2020-10-28T10:43:38.070+0000: [GC (Allocation Failure) 2020-10-28T10:43:38.070+0000: [ParNew: 16388K->4K(18432K), 0.0027674 secs] 500308K->483924K(794988K), 0.0028194 secs] [Times: user=0.00 sys=0.00, real=0.00 secs] 
2020-10-28T10:43:38.088+0000: [GC (Allocation Failure) 2020-10-28T10:43:38.088+0000: [ParNew: 16388K->4K(18432K), 0.0028650 secs] 500308K->483924K(794988K), 0.0029225 secs] [Times: user=0.01 sys=0.00, real=0.01 secs] 
2020-10-28T10:43:38.106+0000: [GC (Allocation Failure) 2020-10-28T10:43:38.106+0000: [ParNew: 16388K->4K(18432K), 0.0028577 secs] 500308K->483924K(794988K), 0.0029150 secs] [Times: user=0.00 sys=0.00, real=0.00 secs] 
2020-10-28T10:43:38.124+0000: [GC (Allocation Failure) 2020-10-28T10:43:38.124+0000: [ParNew: 16388K->4K(18432K), 0.0027138 secs] 500308K->483924K(794988K), 0.0027646 secs] [Times: user=0.00 sys=0.00, real=0.00 secs] 
2020-10-28T10:43:38.141+0000: [GC (Allocation Failure) 2020-10-28T10:43:38.141+0000: [ParNew: 16388K->4K(18432K), 0.0026878 secs] 500308K->483924K(794988K), 0.0027378 secs] [Times: user=0.01 sys=0.00, real=0.00 secs] 
2020-10-28T10:43:38.162+0000: [GC (Allocation Failure) 2020-10-28T10:43:38.162+0000: [ParNew: 16388K->4K(18432K), 0.0027946 secs] 500308K->483924K(794988K), 0.0028485 secs] [Times: user=0.01 sys=0.00, real=0.00 secs] 
2020-10-28T10:43:38.182+0000: [GC (Allocation Failure) 2020-10-28T10:43:38.182+0000: [ParNew: 16388K->4K(18432K), 0.0027589 secs] 500308K->483924K(794988K), 0.0028112 secs] [Times: user=0.01 sys=0.00, real=0.00 secs] 
2020-10-28T10:43:38.202+0000: [GC (Allocation Failure) 2020-10-28T10:43:38.202+0000: [ParNew: 16388K->4K(18432K), 0.0044712 secs] 500308K->483924K(794988K), 0.0045193 secs] [Times: user=0.00 sys=0.00, real=0.00 secs] 
2020-10-28T10:43:38.221+0000: [GC (Allocation Failure) 2020-10-28T10:43:38.221+0000: [ParNew: 16388K->4K(18432K), 0.0027174 secs] 500308K->483924K(794988K), 0.0027620 secs] [Times: user=0.01 sys=0.00, real=0.00 secs] 
2020-10-28T10:43:38.242+0000: [GC (Allocation Failure) 2020-10-28T10:43:38.242+0000: [ParNew: 16388K->4K(18432K), 0.0027049 secs] 500308K->483925K(794988K), 0.0027560 secs] [Times: user=0.01 sys=0.00, real=0.00 secs] 
2020-10-28T10:43:38.259+0000: [GC (Allocation Failure) 2020-10-28T10:43:38.259+0000: [ParNew: 16388K->4K(18432K), 0.0027551 secs] 500309K->483925K(794988K), 0.0028082 secs] [Times: user=0.01 sys=0.00, real=0.00 secs] 
2020-10-28T10:43:38.277+0000: [GC (Allocation Failure) 2020-10-28T10:43:38.277+0000: [ParNew: 16388K->4K(18432K), 0.0027665 secs] 500309K->483925K(794988K), 0.0028200 secs] [Times: user=0.00 sys=0.00, real=0.01 secs] 
2020-10-28T10:43:38.298+0000: [GC (Allocation Failure) 2020-10-28T10:43:38.298+0000: [ParNew: 16388K->4K(18432K), 0.0027959 secs] 500309K->483925K(794988K), 0.0028515 secs] [Times: user=0.01 sys=0.00, real=0.00 secs] 
2020-10-28T10:43:38.318+0000: [GC (Allocation Failure) 2020-10-28T10:43:38.318+0000: [ParNew: 16388K->4K(18432K), 0.0028186 secs] 500309K->483925K(794988K), 0.0028738 secs] [Times: user=0.01 sys=0.00, real=0.00 secs] 
2020-10-28T10:43:38.338+0000: [GC (Allocation Failure) 2020-10-28T10:43:38.338+0000: [ParNew: 16388K->4K(18432K), 0.0028141 secs] 500309K->483925K(794988K), 0.0028709 secs] [Times: user=0.00 sys=0.00, real=0.00 secs] 
2020-10-28T10:43:38.358+0000: [GC (Allocation Failure) 2020-10-28T10:43:38.358+0000: [ParNew: 16388K->4K(18432K), 0.0028752 secs] 500309K->483925K(794988K), 0.0029341 secs] [Times: user=0.01 sys=0.00, real=0.00 secs] 
2020-10-28T10:43:38.380+0000: [GC (Allocation Failure) 2020-10-28T10:43:38.380+0000: [ParNew: 16388K->4K(18432K), 0.0043667 secs] 500309K->483925K(794988K), 0.0044373 secs] [Times: user=0.01 sys=0.00, real=0.00 secs] 
2020-10-28T10:43:38.402+0000: [GC (Allocation Failure) 2020-10-28T10:43:38.402+0000: [ParNew: 16388K->4K(18432K), 0.0028098 secs] 500309K->483925K(794988K), 0.0028640 secs] [Times: user=0.00 sys=0.00, real=0.00 secs] 
2020-10-28T10:43:38.420+0000: [GC (Allocation Failure) 2020-10-28T10:43:38.420+0000: [ParNew: 16388K->4K(18432K), 0.0027870 secs] 500309K->483925K(794988K), 0.0028411 secs] [Times: user=0.01 sys=0.00, real=0.00 secs] 
2020-10-28T10:43:38.442+0000: [GC (Allocation Failure) 2020-10-28T10:43:38.442+0000: [ParNew: 16388K->4K(18432K), 0.0026698 secs] 500309K->483925K(794988K), 0.0027196 secs] [Times: user=0.00 sys=0.00, real=0.00 secs] 
2020-10-28T10:43:38.459+0000: [GC (Allocation Failure) 2020-10-28T10:43:38.459+0000: [ParNew: 16388K->4K(18432K), 0.0028134 secs] 500309K->483925K(794988K), 0.0028671 secs] [Times: user=0.01 sys=0.00, real=0.00 secs] 
2020-10-28T10:43:38.477+0000: [GC (Allocation Failure) 2020-10-28T10:43:38.477+0000: [ParNew: 16388K->4K(18432K), 0.0027963 secs] 500309K->483925K(794988K), 0.0028507 secs] [Times: user=0.00 sys=0.00, real=0.01 secs] 
2020-10-28T10:43:38.498+0000: [GC (Allocation Failure) 2020-10-28T10:43:38.498+0000: [ParNew: 16388K->4K(18432K), 0.0028032 secs] 500309K->483925K(794988K), 0.0028571 secs] [Times: user=0.00 sys=0.00, real=0.00 secs] 
2020-10-28T10:43:38.518+0000: [GC (Allocation Failure) 2020-10-28T10:43:38.518+0000: [ParNew: 16388K->4K(18432K), 0.0028017 secs] 500309K->483925K(794988K), 0.0028582 secs] [Times: user=0.01 sys=0.00, real=0.00 secs] 
2020-10-28T10:43:38.538+0000: [GC (Allocation Failure) 2020-10-28T10:43:38.538+0000: [ParNew: 16388K->4K(18432K), 0.0028052 secs] 500309K->483925K(794988K), 0.0028609 secs] [Times: user=0.01 sys=0.00, real=0.00 secs] 
2020-10-28T10:43:38.556+0000: [GC (Allocation Failure) 2020-10-28T10:43:38.557+0000: [ParNew: 16388K->4K(18432K), 0.0028426 secs] 500309K->483925K(794988K), 0.0028986 secs] [Times: user=0.01 sys=0.00, real=0.01 secs] 
2020-10-28T10:43:38.578+0000: [GC (Allocation Failure) 2020-10-28T10:43:38.578+0000: [ParNew: 16382K->4K(18432K), 0.0028157 secs] 500303K->483925K(794988K), 0.0028698 secs] [Times: user=0.01 sys=0.00, real=0.00 secs] 
2020-10-28T10:43:38.598+0000: [GC (Allocation Failure) 2020-10-28T10:43:38.598+0000: [ParNew: 16388K->4K(18432K), 0.0028104 secs] 500309K->483925K(794988K), 0.0028659 secs] [Times: user=0.01 sys=0.00, real=0.00 secs] 
2020-10-28T10:43:38.616+0000: [GC (Allocation Failure) 2020-10-28T10:43:38.616+0000: [ParNew: 16388K->4K(18432K), 0.0027769 secs] 500309K->483925K(794988K), 0.0028302 secs] [Times: user=0.01 sys=0.00, real=0.01 secs] 
2020-10-28T10:43:38.634+0000: [GC (Allocation Failure) 2020-10-28T10:43:38.634+0000: [ParNew: 16388K->4K(18432K), 0.0028003 secs] 500309K->483925K(794988K), 0.0028574 secs] [Times: user=0.00 sys=0.00, real=0.00 secs] 
2020-10-28T10:43:38.652+0000: [GC (Allocation Failure) 2020-10-28T10:43:38.652+0000: [ParNew: 16388K->4K(18432K), 0.0028817 secs] 500309K->483925K(794988K), 0.0029367 secs] [Times: user=0.01 sys=0.00, real=0.00 secs] 
2020-10-28T10:43:38.669+0000: [GC (Allocation Failure) 2020-10-28T10:43:38.669+0000: [ParNew: 16388K->4K(18432K), 0.0027861 secs] 500309K->483925K(794988K), 0.0028403 secs] [Times: user=0.00 sys=0.00, real=0.01 secs] 
2020-10-28T10:43:38.690+0000: [GC (Allocation Failure) 2020-10-28T10:43:38.690+0000: [ParNew: 16388K->4K(18432K), 0.0028073 secs] 500309K->483925K(794988K), 0.0028626 secs] [Times: user=0.00 sys=0.00, real=0.00 secs] 
2020-10-28T10:43:38.710+0000: [GC (Allocation Failure) 2020-10-28T10:43:38.710+0000: [ParNew: 16388K->4K(18432K), 0.0028171 secs] 500309K->483925K(794988K), 0.0028733 secs] [Times: user=0.00 sys=0.00, real=0.00 secs] 
2020-10-28T10:43:38.730+0000: [GC (Allocation Failure) 2020-10-28T10:43:38.730+0000: [ParNew: 16388K->4K(18432K), 0.0028435 secs] 500309K->483925K(794988K), 0.0029000 secs] [Times: user=0.01 sys=0.01, real=0.00 secs] 
2020-10-28T10:43:38.748+0000: [GC (Allocation Failure) 2020-10-28T10:43:38.748+0000: [ParNew: 16388K->4K(18432K), 0.0028515 secs] 500309K->483925K(794988K), 0.0029093 secs] [Times: user=0.01 sys=0.00, real=0.01 secs] 
2020-10-28T10:43:38.766+0000: [GC (Allocation Failure) 2020-10-28T10:43:38.766+0000: [ParNew: 16388K->4K(18432K), 0.0027696 secs] 500309K->483925K(794988K), 0.0028223 secs] [Times: user=0.00 sys=0.00, real=0.00 secs] 
2020-10-28T10:43:38.787+0000: [GC (Allocation Failure) 2020-10-28T10:43:38.787+0000: [ParNew: 16388K->4K(18432K), 0.0028613 secs] 500309K->483925K(794988K), 0.0029134 secs] [Times: user=0.00 sys=0.00, real=0.01 secs] 
2020-10-28T10:43:38.805+0000: [GC (Allocation Failure) 2020-10-28T10:43:38.805+0000: [ParNew: 16388K->4K(18432K), 0.0029264 secs] 500309K->483925K(794988K), 0.0029868 secs] [Times: user=0.01 sys=0.00, real=0.00 secs] 
2020-10-28T10:43:38.823+0000: [GC (Allocation Failure) 2020-10-28T10:43:38.823+0000: [ParNew: 16388K->4K(18432K), 0.0030232 secs] 500309K->483925K(794988K), 0.0030836 secs] [Times: user=0.00 sys=0.00, real=0.00 secs] 
2020-10-28T10:43:38.841+0000: [GC (Allocation Failure) 2020-10-28T10:43:38.841+0000: [ParNew: 16388K->4K(18432K), 0.0028945 secs] 500309K->483925K(794988K), 0.0029521 secs] [Times: user=0.01 sys=0.00, real=0.00 secs] 
2020-10-28T10:43:38.859+0000: [GC (Allocation Failure) 2020-10-28T10:43:38.859+0000: [ParNew: 16388K->4K(18432K), 0.0027573 secs] 500309K->483925K(794988K), 0.0028102 secs] [Times: user=0.00 sys=0.00, real=0.00 secs] 
2020-10-28T10:43:38.878+0000: [GC (Allocation Failure) 2020-10-28T10:43:38.878+0000: [ParNew: 16388K->4K(18432K), 0.0027067 secs] 500309K->483925K(794988K), 0.0027560 secs] [Times: user=0.01 sys=0.00, real=0.00 secs] 
2020-10-28T10:43:38.898+0000: [GC (Allocation Failure) 2020-10-28T10:43:38.898+0000: [ParNew: 16388K->4K(18432K), 0.0026514 secs] 500309K->483925K(794988K), 0.0027002 secs] [Times: user=0.00 sys=0.00, real=0.00 secs] 
2020-10-28T10:43:38.918+0000: [GC (Allocation Failure) 2020-10-28T10:43:38.918+0000: [ParNew: 16388K->4K(18432K), 0.0026650 secs] 500309K->483925K(794988K), 0.0027143 secs] [Times: user=0.00 sys=0.00, real=0.00 secs] 
2020-10-28T10:43:38.935+0000: [GC (Allocation Failure) 2020-10-28T10:43:38.935+0000: [ParNew: 16388K->4K(18432K), 0.0037644 secs] 500309K->483925K(794988K), 0.0038097 secs] [Times: user=0.00 sys=0.00, real=0.01 secs] 
2020-10-28T10:43:38.956+0000: [GC (Allocation Failure) 2020-10-28T10:43:38.956+0000: [ParNew: 16388K->4K(18432K), 0.0025925 secs] 500309K->483925K(794988K), 0.0026376 secs] [Times: user=0.01 sys=0.00, real=0.01 secs] 
2020-10-28T10:43:38.978+0000: [GC (Allocation Failure) 2020-10-28T10:43:38.978+0000: [ParNew: 16388K->2K(18432K), 0.0055180 secs] 500309K->483923K(794988K), 0.0055868 secs] [Times: user=0.00 sys=0.00, real=0.00 secs] 
2020-10-28T10:43:39.010+0000: [GC (Allocation Failure) 2020-10-28T10:43:39.010+0000: [ParNew: 16386K->4K(18432K), 0.0060052 secs] 500307K->483925K(794988K), 0.0060842 secs] [Times: user=0.00 sys=0.00, real=0.00 secs] 
2020-10-28T10:43:39.034+0000: [GC (Allocation Failure) 2020-10-28T10:43:39.034+0000: [ParNew: 16388K->4K(18432K), 0.0029897 secs] 500309K->483925K(794988K), 0.0030534 secs] [Times: user=0.01 sys=0.00, real=0.00 secs] 
2020-10-28T10:43:39.067+0000: [GC (Allocation Failure) 2020-10-28T10:43:39.067+0000: [ParNew: 16388K->4K(18432K), 0.0028644 secs] 500309K->483925K(794988K), 0.0029233 secs] [Times: user=0.00 sys=0.00, real=0.01 secs] 
2020-10-28T10:43:39.085+0000: [GC (Allocation Failure) 2020-10-28T10:43:39.085+0000: [ParNew: 16388K->4K(18432K), 0.0028711 secs] 500309K->483925K(794988K), 0.0029283 secs] [Times: user=0.00 sys=0.00, real=0.00 secs] 
2020-10-28T10:43:39.103+0000: [GC (Allocation Failure) 2020-10-28T10:43:39.103+0000: [ParNew: 16388K->4K(18432K), 0.0028053 secs] 500309K->483925K(794988K), 0.0028581 secs] [Times: user=0.01 sys=0.00, real=0.00 secs] 
2020-10-28T10:43:39.122+0000: [GC (Allocation Failure) 2020-10-28T10:43:39.122+0000: [ParNew: 16388K->4K(18432K), 0.0026719 secs] 500309K->483925K(794988K), 0.0027296 secs] [Times: user=0.00 sys=0.00, real=0.00 secs] 
2020-10-28T10:43:39.140+0000: [GC (Allocation Failure) 2020-10-28T10:43:39.140+0000: [ParNew: 16388K->4K(18432K), 0.0027422 secs] 500309K->483925K(794988K), 0.0027994 secs] [Times: user=0.01 sys=0.00, real=0.00 secs] 
2020-10-28T10:43:39.158+0000: [GC (Allocation Failure) 2020-10-28T10:43:39.158+0000: [ParNew: 16388K->4K(18432K), 0.0027997 secs] 500309K->483925K(794988K), 0.0028553 secs] [Times: user=0.00 sys=0.00, real=0.00 secs] 
2020-10-28T10:43:39.177+0000: [GC (Allocation Failure) 2020-10-28T10:43:39.177+0000: [ParNew: 16388K->4K(18432K), 0.0028380 secs] 500309K->483925K(794988K), 0.0028938 secs] [Times: user=0.01 sys=0.00, real=0.01 secs] 
2020-10-28T10:43:39.195+0000: [GC (Allocation Failure) 2020-10-28T10:43:39.195+0000: [ParNew: 16388K->4K(18432K), 0.0028184 secs] 500309K->483925K(794988K), 0.0028743 secs] [Times: user=0.01 sys=0.00, real=0.00 secs] 
2020-10-28T10:43:39.213+0000: [GC (Allocation Failure) 2020-10-28T10:43:39.213+0000: [ParNew: 16388K->4K(18432K), 0.0027553 secs] 500309K->483925K(794988K), 0.0028092 secs] [Times: user=0.00 sys=0.00, real=0.00 secs] 
2020-10-28T10:43:39.234+0000: [GC (Allocation Failure) 2020-10-28T10:43:39.234+0000: [ParNew: 16388K->4K(18432K), 0.0027857 secs] 500309K->483925K(794988K), 0.0028397 secs] [Times: user=0.01 sys=0.00, real=0.00 secs] 
2020-10-28T10:43:39.251+0000: [GC (Allocation Failure) 2020-10-28T10:43:39.251+0000: [ParNew: 16388K->4K(18432K), 0.0028025 secs] 500309K->483925K(794988K), 0.0028547 secs] [Times: user=0.01 sys=0.00, real=0.00 secs] 
2020-10-28T10:43:39.269+0000: [GC (Allocation Failure) 2020-10-28T10:43:39.269+0000: [ParNew: 16388K->4K(18432K), 0.0028708 secs] 500309K->483925K(794988K), 0.0029272 secs] [Times: user=0.00 sys=0.00, real=0.01 secs] 
2020-10-28T10:43:39.287+0000: [GC (Allocation Failure) 2020-10-28T10:43:39.287+0000: [ParNew: 16388K->4K(18432K), 0.0028661 secs] 500309K->483925K(794988K), 0.0029216 secs] [Times: user=0.01 sys=0.00, real=0.01 secs] 
2020-10-28T10:43:39.304+0000: [GC (Allocation Failure) 2020-10-28T10:43:39.305+0000: [ParNew: 16388K->4K(18432K), 0.0028508 secs] 500309K->483925K(794988K), 0.0029056 secs] [Times: user=0.00 sys=0.00, real=0.00 secs] 
2020-10-28T10:43:39.322+0000: [GC (Allocation Failure) 2020-10-28T10:43:39.322+0000: [ParNew: 16388K->4K(18432K), 0.0028231 secs] 500309K->483925K(794988K), 0.0028780 secs] [Times: user=0.01 sys=0.00, real=0.00 secs] 
2020-10-28T10:43:39.342+0000: [GC (Allocation Failure) 2020-10-28T10:43:39.342+0000: [ParNew: 16388K->4K(18432K), 0.0028453 secs] 500309K->483925K(794988K), 0.0029004 secs] [Times: user=0.00 sys=0.00, real=0.00 secs] 
2020-10-28T10:43:39.360+0000: [GC (Allocation Failure) 2020-10-28T10:43:39.360+0000: [ParNew: 16388K->4K(18432K), 0.0028564 secs] 500309K->483925K(794988K), 0.0029128 secs] [Times: user=0.00 sys=0.00, real=0.00 secs] 
2020-10-28T10:43:39.381+0000: [GC (Allocation Failure) 2020-10-28T10:43:39.381+0000: [ParNew: 16388K->4K(18432K), 0.0029024 secs] 500309K->483925K(794988K), 0.0029571 secs] [Times: user=0.00 sys=0.00, real=0.00 secs] 
2020-10-28T10:43:39.399+0000: [GC (Allocation Failure) 2020-10-28T10:43:39.399+0000: [ParNew: 16388K->4K(18432K), 0.0028544 secs] 500309K->483925K(794988K), 0.0029122 secs] [Times: user=0.00 sys=0.00, real=0.00 secs] 
2020-10-28T10:43:39.418+0000: [GC (Allocation Failure) 2020-10-28T10:43:39.418+0000: [ParNew: 16388K->4K(18432K), 0.0028120 secs] 500309K->483925K(794988K), 0.0028677 secs] [Times: user=0.01 sys=0.00, real=0.00 secs] 
2020-10-28T10:43:39.436+0000: [GC (Allocation Failure) 2020-10-28T10:43:39.436+0000: [ParNew: 16388K->4K(18432K), 0.0028250 secs] 500309K->483925K(794988K), 0.0028802 secs] [Times: user=0.01 sys=0.00, real=0.01 secs] 
2020-10-28T10:43:39.454+0000: [GC (Allocation Failure) 2020-10-28T10:43:39.454+0000: [ParNew: 16388K->4K(18432K), 0.0028120 secs] 500309K->483925K(794988K), 0.0028692 secs] [Times: user=0.00 sys=0.00, real=0.00 secs] 
2020-10-28T10:43:39.472+0000: [GC (Allocation Failure) 2020-10-28T10:43:39.472+0000: [ParNew: 16388K->4K(18432K), 0.0029183 secs] 500309K->483925K(794988K), 0.0029741 secs] [Times: user=0.00 sys=0.00, real=0.00 secs] 
2020-10-28T10:43:39.490+0000: [GC (Allocation Failure) 2020-10-28T10:43:39.490+0000: [ParNew: 16388K->4K(18432K), 0.0028320 secs] 500309K->483925K(794988K), 0.0028894 secs] [Times: user=0.01 sys=0.00, real=0.00 secs] 
2020-10-28T10:43:39.508+0000: [GC (Allocation Failure) 2020-10-28T10:43:39.508+0000: [ParNew: 16388K->4K(18432K), 0.0028398 secs] 500309K->483925K(794988K), 0.0028952 secs] [Times: user=0.00 sys=0.00, real=0.01 secs] 
2020-10-28T10:43:39.549+0000: [GC (Allocation Failure) 2020-10-28T10:43:39.549+0000: [ParNew: 16386K->4K(18432K), 0.0028749 secs] 516692K->500309K(794988K), 0.0029406 secs] [Times: user=0.00 sys=0.00, real=0.01 secs] 
2020-10-28T10:43:39.567+0000: [GC (Allocation Failure) 2020-10-28T10:43:39.567+0000: [ParNew: 16388K->4K(18432K), 0.0028158 secs] 516693K->500309K(794988K), 0.0028796 secs] [Times: user=0.01 sys=0.00, real=0.01 secs] 
2020-10-28T10:43:39.585+0000: [GC (Allocation Failure) 2020-10-28T10:43:39.585+0000: [ParNew: 16388K->4K(18432K), 0.0028101 secs] 516693K->500309K(794988K), 0.0028649 secs] [Times: user=0.00 sys=0.00, real=0.00 secs] 
2020-10-28T10:43:39.603+0000: [GC (Allocation Failure) 2020-10-28T10:43:39.603+0000: [ParNew: 16388K->4K(18432K), 0.0028181 secs] 516693K->500309K(794988K), 0.0028770 secs] [Times: user=0.01 sys=0.00, real=0.00 secs] 
2020-10-28T10:43:39.623+0000: [GC (Allocation Failure) 2020-10-28T10:43:39.623+0000: [ParNew: 16388K->4K(18432K), 0.0028196 secs] 533077K->516693K(794988K), 0.0028772 secs] [Times: user=0.01 sys=0.00, real=0.00 secs] 
2020-10-28T10:43:39.626+0000: [GC (CMS Initial Mark) [1 CMS-initial-mark: 516689K(776556K)] 516873K(794988K), 0.0012868 secs] [Times: user=0.00 sys=0.00, real=0.00 secs] 
2020-10-28T10:43:39.627+0000: [CMS-concurrent-mark-start]
2020-10-28T10:43:39.648+0000: [GC (Allocation Failure) 2020-10-28T10:43:39.649+0000: [ParNew: 16388K->4K(18432K), 0.0028118 secs] 533077K->516693K(794988K), 0.0028847 secs] [Times: user=0.01 sys=0.00, real=0.01 secs] 
2020-10-28T10:43:39.672+0000: [GC (Allocation Failure) 2020-10-28T10:43:39.672+0000: [ParNew: 16388K->4K(18432K), 0.0028108 secs] 533077K->516694K(794988K), 0.0028696 secs] [Times: user=0.00 sys=0.00, real=0.00 secs] 
2020-10-28T10:43:39.694+0000: [GC (Allocation Failure) 2020-10-28T10:43:39.694+0000: [ParNew: 16388K->4K(18432K), 0.0028110 secs] 533078K->516694K(794988K), 0.0028696 secs] [Times: user=0.01 sys=0.00, real=0.00 secs] 
2020-10-28T10:43:39.722+0000: [GC (Allocation Failure) 2020-10-28T10:43:39.722+0000: [ParNew: 16388K->4K(18432K), 0.0027670 secs] 533078K->516694K(794988K), 0.0028251 secs] [Times: user=0.00 sys=0.00, real=0.00 secs] 
2020-10-28T10:43:39.742+0000: [CMS-concurrent-mark: 0.088/0.115 secs] [Times: user=0.22 sys=0.00, real=0.12 secs] 
2020-10-28T10:43:39.742+0000: [CMS-concurrent-preclean-start]
2020-10-28T10:43:39.745+0000: [CMS-concurrent-preclean: 0.002/0.002 secs] [Times: user=0.00 sys=0.00, real=0.00 secs] 
2020-10-28T10:43:39.745+0000: [GC (Allocation Failure) 2020-10-28T10:43:39.745+0000: [ParNew: 16388K->4K(18432K), 0.0025096 secs] 533078K->516694K(794988K), 0.0025504 secs] [Times: user=0.01 sys=0.00, real=0.00 secs] 
2020-10-28T10:43:39.752+0000: [CMS-concurrent-abortable-preclean-start]
2020-10-28T10:43:39.766+0000: [GC (Allocation Failure) 2020-10-28T10:43:39.766+0000: [ParNew: 16388K->4K(18432K), 0.0028164 secs] 533078K->516694K(794988K), 0.0028724 secs] [Times: user=0.00 sys=0.00, real=0.00 secs] 
2020-10-28T10:43:39.785+0000: [GC (Allocation Failure) 2020-10-28T10:43:39.785+0000: [ParNew: 16388K->4K(18432K), 0.0028490 secs] 533078K->516694K(794988K), 0.0029071 secs] [Times: user=0.01 sys=0.00, real=0.00 secs] 
2020-10-28T10:43:39.803+0000: [GC (Allocation Failure) 2020-10-28T10:43:39.803+0000: [ParNew: 16388K->4K(18432K), 0.0028801 secs] 533078K->516694K(794988K), 0.0029390 secs] [Times: user=0.00 sys=0.00, real=0.00 secs] 
2020-10-28T10:43:39.826+0000: [GC (Allocation Failure) 2020-10-28T10:43:39.826+0000: [ParNew: 16388K->4K(18432K), 0.0029041 secs] 533078K->516694K(794988K), 0.0029674 secs] [Times: user=0.01 sys=0.00, real=0.00 secs] 
2020-10-28T10:43:39.845+0000: [GC (Allocation Failure) 2020-10-28T10:43:39.845+0000: [ParNew: 16388K->4K(18432K), 0.0028221 secs] 533078K->516694K(794988K), 0.0028793 secs] [Times: user=0.01 sys=0.00, real=0.00 secs] 
2020-10-28T10:43:39.874+0000: [GC (Allocation Failure) 2020-10-28T10:43:39.874+0000: [ParNew: 16388K->4K(18432K), 0.0028390 secs] 533078K->516694K(794988K), 0.0028980 secs] [Times: user=0.01 sys=0.00, real=0.00 secs] 
2020-10-28T10:43:39.893+0000: [GC (Allocation Failure) 2020-10-28T10:43:39.893+0000: [ParNew: 16388K->4K(18432K), 0.0027732 secs] 533078K->516694K(794988K), 0.0028304 secs] [Times: user=0.00 sys=0.00, real=0.00 secs] 
2020-10-28T10:43:39.914+0000: [GC (Allocation Failure) 2020-10-28T10:43:39.914+0000: [ParNew: 16388K->4K(18432K), 0.0046037 secs] 533078K->516694K(794988K), 0.0046610 secs] [Times: user=0.00 sys=0.00, real=0.01 secs] 
2020-10-28T10:43:39.936+0000: [GC (Allocation Failure) 2020-10-28T10:43:39.936+0000: [ParNew: 16388K->4K(18432K), 0.0028428 secs] 533078K->516694K(794988K), 0.0029003 secs] [Times: user=0.01 sys=0.00, real=0.01 secs] 
2020-10-28T10:43:39.955+0000: [GC (Allocation Failure) 2020-10-28T10:43:39.955+0000: [ParNew: 16388K->4K(18432K), 0.0027639 secs] 533078K->516694K(794988K), 0.0028188 secs] [Times: user=0.01 sys=0.00, real=0.00 secs] 
2020-10-28T10:43:39.975+0000: [GC (Allocation Failure) 2020-10-28T10:43:39.975+0000: [ParNew: 16388K->4K(18432K), 0.0029685 secs] 533078K->516694K(794988K), 0.0030250 secs] [Times: user=0.00 sys=0.00, real=0.01 secs] 
2020-10-28T10:43:39.994+0000: [GC (Allocation Failure) 2020-10-28T10:43:39.994+0000: [ParNew: 16388K->4K(18432K), 0.0027890 secs] 533078K->516694K(794988K), 0.0028442 secs] [Times: user=0.00 sys=0.00, real=0.00 secs] 
2020-10-28T10:43:40.014+0000: [GC (Allocation Failure) 2020-10-28T10:43:40.014+0000: [ParNew: 16388K->4K(18432K), 0.0027200 secs] 533078K->516694K(794988K), 0.0027739 secs] [Times: user=0.01 sys=0.00, real=0.00 secs] 
2020-10-28T10:43:40.032+0000: [GC (Allocation Failure) 2020-10-28T10:43:40.032+0000: [ParNew: 16388K->4K(18432K), 0.0027637 secs] 533078K->516694K(794988K), 0.0028190 secs] [Times: user=0.01 sys=0.00, real=0.00 secs] 
2020-10-28T10:43:40.051+0000: [GC (Allocation Failure) 2020-10-28T10:43:40.051+0000: [ParNew: 16388K->4K(18432K), 0.0029538 secs] 533078K->516694K(794988K), 0.0030112 secs] [Times: user=0.00 sys=0.00, real=0.00 secs] 
2020-10-28T10:43:40.070+0000: [GC (Allocation Failure) 2020-10-28T10:43:40.070+0000: [ParNew: 16388K->4K(18432K), 0.0026949 secs] 533078K->516694K(794988K), 0.0027504 secs] [Times: user=0.01 sys=0.00, real=0.00 secs] 
2020-10-28T10:43:40.090+0000: [GC (Allocation Failure) 2020-10-28T10:43:40.090+0000: [ParNew: 16388K->4K(18432K), 0.0027415 secs] 533078K->516694K(794988K), 0.0027965 secs] [Times: user=0.01 sys=0.00, real=0.00 secs] 
2020-10-28T10:43:40.109+0000: [GC (Allocation Failure) 2020-10-28T10:43:40.109+0000: [ParNew: 16388K->4K(18432K), 0.0027662 secs] 533078K->516694K(794988K), 0.0028333 secs] [Times: user=0.00 sys=0.00, real=0.01 secs] 
2020-10-28T10:43:40.128+0000: [GC (Allocation Failure) 2020-10-28T10:43:40.128+0000: [ParNew: 16388K->4K(18432K), 0.0027058 secs] 533078K->516694K(794988K), 0.0027595 secs] [Times: user=0.01 sys=0.00, real=0.01 secs] 
2020-10-28T10:43:40.150+0000: [GC (Allocation Failure) 2020-10-28T10:43:40.150+0000: [ParNew: 16388K->4K(18432K), 0.0027922 secs] 533078K->516694K(794988K), 0.0028480 secs] [Times: user=0.01 sys=0.00, real=0.00 secs] 
2020-10-28T10:43:40.169+0000: [GC (Allocation Failure) 2020-10-28T10:43:40.169+0000: [ParNew: 16388K->4K(18432K), 0.0027218 secs] 533078K->516694K(794988K), 0.0027764 secs] [Times: user=0.00 sys=0.00, real=0.01 secs] 
2020-10-28T10:43:40.190+0000: [GC (Allocation Failure) 2020-10-28T10:43:40.190+0000: [ParNew: 16388K->4K(18432K), 0.0027756 secs] 533078K->516694K(794988K), 0.0028323 secs] [Times: user=0.01 sys=0.00, real=0.00 secs] 
2020-10-28T10:43:40.209+0000: [GC (Allocation Failure) 2020-10-28T10:43:40.209+0000: [ParNew: 16388K->4K(18432K), 0.0028460 secs] 533078K->516694K(794988K), 0.0029290 secs] [Times: user=0.00 sys=0.00, real=0.01 secs] 
2020-10-28T10:43:40.227+0000: [GC (Allocation Failure) 2020-10-28T10:43:40.227+0000: [ParNew: 16388K->4K(18432K), 0.0027435 secs] 533078K->516694K(794988K), 0.0027976 secs] [Times: user=0.01 sys=0.00, real=0.01 secs] 
2020-10-28T10:43:40.250+0000: [GC (Allocation Failure) 2020-10-28T10:43:40.250+0000: [ParNew: 16388K->4K(18432K), 0.0027405 secs] 533078K->516694K(794988K), 0.0027948 secs] [Times: user=0.01 sys=0.00, real=0.00 secs] 
2020-10-28T10:43:40.269+0000: [GC (Allocation Failure) 2020-10-28T10:43:40.269+0000: [ParNew: 16388K->4K(18432K), 0.0027736 secs] 533078K->516694K(794988K), 0.0028299 secs] [Times: user=0.00 sys=0.00, real=0.01 secs] 
2020-10-28T10:43:40.288+0000: [GC (Allocation Failure) 2020-10-28T10:43:40.288+0000: [ParNew: 16388K->4K(18432K), 0.0025475 secs] 533078K->516694K(794988K), 0.0026147 secs] [Times: user=0.00 sys=0.00, real=0.01 secs] 
2020-10-28T10:43:40.310+0000: [GC (Allocation Failure) 2020-10-28T10:43:40.310+0000: [ParNew: 16388K->4K(18432K), 0.0025695 secs] 533078K->516694K(794988K), 0.0026218 secs] [Times: user=0.01 sys=0.00, real=0.00 secs] 
2020-10-28T10:43:40.330+0000: [GC (Allocation Failure) 2020-10-28T10:43:40.330+0000: [ParNew: 16388K->4K(18432K), 0.0023902 secs] 533078K->516694K(794988K), 0.0024388 secs] [Times: user=0.00 sys=0.00, real=0.00 secs] 
2020-10-28T10:43:40.348+0000: [GC (Allocation Failure) 2020-10-28T10:43:40.348+0000: [ParNew: 16388K->4K(18432K), 0.0023981 secs] 533078K->516694K(794988K), 0.0024469 secs] [Times: user=0.01 sys=0.00, real=0.01 secs] 
2020-10-28T10:43:40.370+0000: [GC (Allocation Failure) 2020-10-28T10:43:40.370+0000: [ParNew: 16388K->4K(18432K), 0.0025892 secs] 533078K->516694K(794988K), 0.0026416 secs] [Times: user=0.01 sys=0.00, real=0.00 secs] 
2020-10-28T10:43:40.389+0000: [GC (Allocation Failure) 2020-10-28T10:43:40.389+0000: [ParNew: 16388K->4K(18432K), 0.0025482 secs] 533078K->516694K(794988K), 0.0026003 secs] [Times: user=0.00 sys=0.00, real=0.01 secs] 
2020-10-28T10:43:40.407+0000: [GC (Allocation Failure) 2020-10-28T10:43:40.407+0000: [ParNew: 16388K->4K(18432K), 0.0025233 secs] 533078K->516694K(794988K), 0.0025739 secs] [Times: user=0.01 sys=0.00, real=0.00 secs] 
2020-10-28T10:43:40.426+0000: [GC (Allocation Failure) 2020-10-28T10:43:40.426+0000: [ParNew: 16388K->4K(18432K), 0.0023959 secs] 533078K->516694K(794988K), 0.0024435 secs] [Times: user=0.00 sys=0.00, real=0.00 secs] 
2020-10-28T10:43:40.446+0000: [GC (Allocation Failure) 2020-10-28T10:43:40.446+0000: [ParNew: 16388K->4K(18432K), 0.0024443 secs] 533078K->516694K(794988K), 0.0024933 secs] [Times: user=0.01 sys=0.00, real=0.00 secs] 
2020-10-28T10:43:40.464+0000: [GC (Allocation Failure) 2020-10-28T10:43:40.464+0000: [ParNew: 16388K->4K(18432K), 0.0027435 secs] 533078K->516694K(794988K), 0.0027983 secs] [Times: user=0.01 sys=0.00, real=0.00 secs] 
2020-10-28T10:43:40.483+0000: [GC (Allocation Failure) 2020-10-28T10:43:40.483+0000: [ParNew: 16388K->4K(18432K), 0.0027813 secs] 533078K->516694K(794988K), 0.0028366 secs] [Times: user=0.00 sys=0.00, real=0.00 secs] 
2020-10-28T10:43:40.506+0000: [GC (Allocation Failure) 2020-10-28T10:43:40.506+0000: [ParNew: 16388K->4K(18432K), 0.0026386 secs] 533078K->516694K(794988K), 0.0026955 secs] [Times: user=0.00 sys=0.00, real=0.00 secs] 
2020-10-28T10:43:40.526+0000: [GC (Allocation Failure) 2020-10-28T10:43:40.526+0000: [ParNew: 16388K->4K(18432K), 0.0025389 secs] 533078K->516694K(794988K), 0.0025888 secs] [Times: user=0.00 sys=0.00, real=0.00 secs] 
2020-10-28T10:43:40.546+0000: [GC (Allocation Failure) 2020-10-28T10:43:40.546+0000: [ParNew: 16388K->4K(18432K), 0.0025989 secs] 533078K->516694K(794988K), 0.0026511 secs] [Times: user=0.01 sys=0.00, real=0.00 secs] 
2020-10-28T10:43:40.566+0000: [GC (Allocation Failure) 2020-10-28T10:43:40.566+0000: [ParNew: 16388K->4K(18432K), 0.0026645 secs] 533078K->516694K(794988K), 0.0027184 secs] [Times: user=0.00 sys=0.00, real=0.00 secs] 
2020-10-28T10:43:40.586+0000: [GC (Allocation Failure) 2020-10-28T10:43:40.586+0000: [ParNew: 16388K->4K(18432K), 0.0026764 secs] 533078K->516694K(794988K), 0.0027403 secs] [Times: user=0.01 sys=0.00, real=0.00 secs] 
2020-10-28T10:43:40.606+0000: [GC (Allocation Failure) 2020-10-28T10:43:40.606+0000: [ParNew: 16388K->4K(18432K), 0.0026467 secs] 533078K->516694K(794988K), 0.0026999 secs] [Times: user=0.01 sys=0.00, real=0.00 secs] 
2020-10-28T10:43:40.624+0000: [GC (Allocation Failure) 2020-10-28T10:43:40.624+0000: [ParNew: 16388K->4K(18432K), 0.0026725 secs] 533078K->516694K(794988K), 0.0027250 secs] [Times: user=0.00 sys=0.00, real=0.00 secs] 
2020-10-28T10:43:40.643+0000: [GC (Allocation Failure) 2020-10-28T10:43:40.643+0000: [ParNew: 16388K->4K(18432K), 0.0024743 secs] 533078K->516694K(794988K), 0.0025250 secs] [Times: user=0.01 sys=0.00, real=0.00 secs] 
2020-10-28T10:43:40.664+0000: [GC (Allocation Failure) 2020-10-28T10:43:40.664+0000: [ParNew: 16388K->4K(18432K), 0.0026407 secs] 533078K->516694K(794988K), 0.0026955 secs] [Times: user=0.01 sys=0.00, real=0.00 secs] 
2020-10-28T10:43:40.686+0000: [GC (Allocation Failure) 2020-10-28T10:43:40.686+0000: [ParNew: 16388K->4K(18432K), 0.0025715 secs] 533078K->516694K(794988K), 0.0026217 secs] [Times: user=0.01 sys=0.00, real=0.00 secs] 
2020-10-28T10:43:40.706+0000: [GC (Allocation Failure) 2020-10-28T10:43:40.706+0000: [ParNew: 16388K->4K(18432K), 0.0025539 secs] 533078K->516694K(794988K), 0.0026039 secs] [Times: user=0.01 sys=0.00, real=0.00 secs] 
2020-10-28T10:43:40.726+0000: [GC (Allocation Failure) 2020-10-28T10:43:40.726+0000: [ParNew: 16388K->4K(18432K), 0.0024649 secs] 533078K->516694K(794988K), 0.0025144 secs] [Times: user=0.00 sys=0.00, real=0.00 secs] 
2020-10-28T10:43:40.746+0000: [GC (Allocation Failure) 2020-10-28T10:43:40.746+0000: [ParNew: 16388K->4K(18432K), 0.0024577 secs] 533078K->516694K(794988K), 0.0025068 secs] [Times: user=0.00 sys=0.00, real=0.00 secs] 
2020-10-28T10:43:40.766+0000: [GC (Allocation Failure) 2020-10-28T10:43:40.766+0000: [ParNew: 16388K->4K(18432K), 0.0024863 secs] 533078K->516694K(794988K), 0.0025362 secs] [Times: user=0.00 sys=0.00, real=0.00 secs] 
2020-10-28T10:43:40.784+0000: [GC (Allocation Failure) 2020-10-28T10:43:40.784+0000: [ParNew: 16388K->4K(18432K), 0.0023916 secs] 533078K->516694K(794988K), 0.0024437 secs] [Times: user=0.01 sys=0.00, real=0.00 secs] 
2020-10-28T10:43:40.802+0000: [GC (Allocation Failure) 2020-10-28T10:43:40.802+0000: [ParNew: 16388K->4K(18432K), 0.0026046 secs] 533078K->516694K(794988K), 0.0026585 secs] [Times: user=0.01 sys=0.00, real=0.00 secs] 
2020-10-28T10:43:40.821+0000: [GC (Allocation Failure) 2020-10-28T10:43:40.821+0000: [ParNew: 16388K->4K(18432K), 0.0025254 secs] 533078K->516694K(794988K), 0.0025762 secs] [Times: user=0.00 sys=0.00, real=0.00 secs] 
2020-10-28T10:43:40.839+0000: [GC (Allocation Failure) 2020-10-28T10:43:40.839+0000: [ParNew: 16388K->4K(18432K), 0.0025582 secs] 533078K->516694K(794988K), 0.0026093 secs] [Times: user=0.00 sys=0.00, real=0.00 secs] 
2020-10-28T10:43:40.857+0000: [GC (Allocation Failure) 2020-10-28T10:43:40.857+0000: [ParNew: 16388K->4K(18432K), 0.0025199 secs] 533078K->516694K(794988K), 0.0025742 secs] [Times: user=0.01 sys=0.00, real=0.01 secs] 
2020-10-28T10:43:40.878+0000: [GC (Allocation Failure) 2020-10-28T10:43:40.878+0000: [ParNew: 16388K->4K(18432K), 0.0024505 secs] 533078K->516694K(794988K), 0.0025022 secs] [Times: user=0.01 sys=0.00, real=0.00 secs] 
2020-10-28T10:43:40.896+0000: [GC (Allocation Failure) 2020-10-28T10:43:40.896+0000: [ParNew: 16388K->4K(18432K), 0.0025062 secs] 533078K->516694K(794988K), 0.0025551 secs] [Times: user=0.00 sys=0.00, real=0.01 secs] 
2020-10-28T10:43:40.915+0000: [GC (Allocation Failure) 2020-10-28T10:43:40.915+0000: [ParNew: 16388K->4K(18432K), 0.0024244 secs] 533078K->516694K(794988K), 0.0024775 secs] [Times: user=0.01 sys=0.00, real=0.00 secs] 
2020-10-28T10:43:40.934+0000: [GC (Allocation Failure) 2020-10-28T10:43:40.934+0000: [ParNew: 16388K->4K(18432K), 0.0026276 secs] 533078K->516694K(794988K), 0.0026770 secs] [Times: user=0.01 sys=0.00, real=0.00 secs] 
2020-10-28T10:43:40.952+0000: [GC (Allocation Failure) 2020-10-28T10:43:40.952+0000: [ParNew: 16388K->4K(18432K), 0.0025869 secs] 533078K->516694K(794988K), 0.0026372 secs] [Times: user=0.00 sys=0.00, real=0.00 secs] 
2020-10-28T10:43:40.971+0000: [GC (Allocation Failure) 2020-10-28T10:43:40.971+0000: [ParNew: 16388K->4K(18432K), 0.0026264 secs] 533078K->516694K(794988K), 0.0026942 secs] [Times: user=0.01 sys=0.00, real=0.00 secs] 
2020-10-28T10:43:40.994+0000: [GC (Allocation Failure) 2020-10-28T10:43:40.994+0000: [ParNew: 16388K->4K(18432K), 0.0027149 secs] 533078K->516694K(794988K), 0.0027661 secs] [Times: user=0.00 sys=0.00, real=0.00 secs] 
2020-10-28T10:43:41.014+0000: [GC (Allocation Failure) 2020-10-28T10:43:41.014+0000: [ParNew: 16388K->4K(18432K), 0.0025869 secs] 533078K->516694K(794988K), 0.0026373 secs] [Times: user=0.01 sys=0.00, real=0.00 secs] 
2020-10-28T10:43:41.034+0000: [GC (Allocation Failure) 2020-10-28T10:43:41.034+0000: [ParNew: 16388K->4K(18432K), 0.0026859 secs] 533078K->516694K(794988K), 0.0027421 secs] [Times: user=0.00 sys=0.00, real=0.00 secs] 
2020-10-28T10:43:41.054+0000: [GC (Allocation Failure) 2020-10-28T10:43:41.054+0000: [ParNew: 16388K->4K(18432K), 0.0027209 secs] 533078K->516694K(794988K), 0.0027916 secs] [Times: user=0.00 sys=0.00, real=0.00 secs] 
2020-10-28T10:43:41.072+0000: [GC (Allocation Failure) 2020-10-28T10:43:41.072+0000: [ParNew: 16388K->4K(18432K), 0.0025840 secs] 533078K->516694K(794988K), 0.0026338 secs] [Times: user=0.01 sys=0.00, real=0.00 secs] 
2020-10-28T10:43:41.094+0000: [GC (Allocation Failure) 2020-10-28T10:43:41.094+0000: [ParNew: 16388K->4K(18432K), 0.0024841 secs] 533078K->516694K(794988K), 0.0025333 secs] [Times: user=0.01 sys=0.00, real=0.00 secs] 
2020-10-28T10:43:41.113+0000: [GC (Allocation Failure) 2020-10-28T10:43:41.113+0000: [ParNew: 16388K->4K(18432K), 0.0025861 secs] 533078K->516694K(794988K), 0.0026373 secs] [Times: user=0.00 sys=0.00, real=0.00 secs] 
2020-10-28T10:43:41.134+0000: [GC (Allocation Failure) 2020-10-28T10:43:41.134+0000: [ParNew: 16388K->4K(18432K), 0.0025398 secs] 533078K->516694K(794988K), 0.0025892 secs] [Times: user=0.01 sys=0.00, real=0.00 secs] 
2020-10-28T10:43:41.152+0000: [GC (Allocation Failure) 2020-10-28T10:43:41.152+0000: [ParNew: 16388K->4K(18432K), 0.0027133 secs] 533078K->516694K(794988K), 0.0027673 secs] [Times: user=0.00 sys=0.00, real=0.00 secs] 
2020-10-28T10:43:41.171+0000: [GC (Allocation Failure) 2020-10-28T10:43:41.171+0000: [ParNew: 16388K->4K(18432K), 0.0026946 secs] 533078K->516694K(794988K), 0.0027464 secs] [Times: user=0.00 sys=0.00, real=0.00 secs] 
2020-10-28T10:43:41.189+0000: [GC (Allocation Failure) 2020-10-28T10:43:41.189+0000: [ParNew: 16388K->4K(18432K), 0.0027181 secs] 533078K->516694K(794988K), 0.0027734 secs] [Times: user=0.01 sys=0.00, real=0.01 secs] 
2020-10-28T10:43:41.210+0000: [GC (Allocation Failure) 2020-10-28T10:43:41.210+0000: [ParNew: 16388K->4K(18432K), 0.0028007 secs] 533078K->516694K(794988K), 0.0028572 secs] [Times: user=0.00 sys=0.00, real=0.00 secs] 
2020-10-28T10:43:41.229+0000: [GC (Allocation Failure) 2020-10-28T10:43:41.229+0000: [ParNew: 16388K->4K(18432K), 0.0024677 secs] 533078K->516694K(794988K), 0.0025167 secs] [Times: user=0.01 sys=0.00, real=0.01 secs] 
2020-10-28T10:43:41.247+0000: [GC (Allocation Failure) 2020-10-28T10:43:41.247+0000: [ParNew: 16388K->4K(18432K), 0.0026988 secs] 533078K->516694K(794988K), 0.0027540 secs] [Times: user=0.00 sys=0.00, real=0.01 secs] 
2020-10-28T10:43:41.266+0000: [GC (Allocation Failure) 2020-10-28T10:43:41.266+0000: [ParNew: 16388K->4K(18432K), 0.0028098 secs] 533078K->516694K(794988K), 0.0028665 secs] [Times: user=0.00 sys=0.00, real=0.00 secs] 
2020-10-28T10:43:41.285+0000: [GC (Allocation Failure) 2020-10-28T10:43:41.285+0000: [ParNew: 16388K->4K(18432K), 0.0027997 secs] 533078K->516694K(794988K), 0.0028564 secs] [Times: user=0.00 sys=0.00, real=0.00 secs] 
2020-10-28T10:43:41.306+0000: [GC (Allocation Failure) 2020-10-28T10:43:41.306+0000: [ParNew: 16388K->4K(18432K), 0.0028333 secs] 533078K->516694K(794988K), 0.0028995 secs] [Times: user=0.00 sys=0.00, real=0.00 secs] 
2020-10-28T10:43:41.325+0000: [GC (Allocation Failure) 2020-10-28T10:43:41.325+0000: [ParNew: 16388K->4K(18432K), 0.0026884 secs] 533078K->516694K(794988K), 0.0027415 secs] [Times: user=0.01 sys=0.00, real=0.00 secs] 
2020-10-28T10:43:41.346+0000: [GC (Allocation Failure) 2020-10-28T10:43:41.346+0000: [ParNew: 16388K->4K(18432K), 0.0027814 secs] 533078K->516694K(794988K), 0.0028365 secs] [Times: user=0.01 sys=0.00, real=0.00 secs] 
2020-10-28T10:43:41.366+0000: [GC (Allocation Failure) 2020-10-28T10:43:41.366+0000: [ParNew: 16388K->4K(18432K), 0.0027673 secs] 533078K->516694K(794988K), 0.0028217 secs] [Times: user=0.01 sys=0.00, real=0.00 secs] 
2020-10-28T10:43:41.386+0000: [GC (Allocation Failure) 2020-10-28T10:43:41.386+0000: [ParNew: 16388K->4K(18432K), 0.0027667 secs] 533078K->516694K(794988K), 0.0028222 secs] [Times: user=0.01 sys=0.00, real=0.00 secs] 
2020-10-28T10:43:41.405+0000: [GC (Allocation Failure) 2020-10-28T10:43:41.405+0000: [ParNew: 16388K->4K(18432K), 0.0027922 secs] 533078K->516694K(794988K), 0.0028492 secs] [Times: user=0.00 sys=0.00, real=0.00 secs] 
2020-10-28T10:43:41.424+0000: [GC (Allocation Failure) 2020-10-28T10:43:41.424+0000: [ParNew: 16388K->4K(18432K), 0.0027553 secs] 533078K->516694K(794988K), 0.0028110 secs] [Times: user=0.01 sys=0.00, real=0.00 secs] 
2020-10-28T10:43:41.443+0000: [GC (Allocation Failure) 2020-10-28T10:43:41.443+0000: [ParNew: 16388K->4K(18432K), 0.0026495 secs] 533078K->516694K(794988K), 0.0027029 secs] [Times: user=0.00 sys=0.00, real=0.00 secs] 
2020-10-28T10:43:41.462+0000: [GC (Allocation Failure) 2020-10-28T10:43:41.462+0000: [ParNew: 16388K->4K(18432K), 0.0027905 secs] 533078K->516694K(794988K), 0.0028460 secs] [Times: user=0.00 sys=0.00, real=0.00 secs] 
2020-10-28T10:43:41.480+0000: [GC (Allocation Failure) 2020-10-28T10:43:41.480+0000: [ParNew: 16388K->4K(18432K), 0.0028051 secs] 533078K->516694K(794988K), 0.0028623 secs] [Times: user=0.01 sys=0.00, real=0.00 secs] 
2020-10-28T10:43:41.499+0000: [GC (Allocation Failure) 2020-10-28T10:43:41.499+0000: [ParNew: 16388K->4K(18432K), 0.0027717 secs] 533078K->516694K(794988K), 0.0028260 secs] [Times: user=0.00 sys=0.00, real=0.00 secs] 
2020-10-28T10:43:41.518+0000: [GC (Allocation Failure) 2020-10-28T10:43:41.518+0000: [ParNew: 16388K->4K(18432K), 0.0028065 secs] 533078K->516694K(794988K), 0.0028621 secs] [Times: user=0.01 sys=0.00, real=0.00 secs] 
2020-10-28T10:43:41.537+0000: [GC (Allocation Failure) 2020-10-28T10:43:41.537+0000: [ParNew: 16388K->4K(18432K), 0.0029209 secs] 533078K->516694K(794988K), 0.0029789 secs] [Times: user=0.01 sys=0.00, real=0.01 secs] 
2020-10-28T10:43:41.557+0000: [GC (Allocation Failure) 2020-10-28T10:43:41.557+0000: [ParNew: 16388K->4K(18432K), 0.0027893 secs] 533078K->516694K(794988K), 0.0028455 secs] [Times: user=0.01 sys=0.00, real=0.01 secs] 
2020-10-28T10:43:41.578+0000: [GC (Allocation Failure) 2020-10-28T10:43:41.578+0000: [ParNew: 16388K->4K(18432K), 0.0027842 secs] 533078K->516694K(794988K), 0.0028402 secs] [Times: user=0.00 sys=0.00, real=0.00 secs] 
2020-10-28T10:43:41.597+0000: [GC (Allocation Failure) 2020-10-28T10:43:41.597+0000: [ParNew: 16388K->4K(18432K), 0.0027649 secs] 533078K->516694K(794988K), 0.0028184 secs] [Times: user=0.01 sys=0.00, real=0.01 secs] 
2020-10-28T10:43:41.615+0000: [GC (Allocation Failure) 2020-10-28T10:43:41.615+0000: [ParNew: 16388K->4K(18432K), 0.0028305 secs] 533078K->516694K(794988K), 0.0028890 secs] [Times: user=0.01 sys=0.00, real=0.01 secs] 
2020-10-28T10:43:41.634+0000: [GC (Allocation Failure) 2020-10-28T10:43:41.634+0000: [ParNew: 16388K->4K(18432K), 0.0027861 secs] 533078K->516694K(794988K), 0.0028423 secs] [Times: user=0.00 sys=0.00, real=0.00 secs] 
2020-10-28T10:43:41.657+0000: [GC (Allocation Failure) 2020-10-28T10:43:41.657+0000: [ParNew: 16388K->4K(18432K), 0.0027104 secs] 533078K->516694K(794988K), 0.0027649 secs] [Times: user=0.00 sys=0.00, real=0.01 secs] 
2020-10-28T10:43:41.676+0000: [GC (Allocation Failure) 2020-10-28T10:43:41.676+0000: [ParNew: 16388K->4K(18432K), 0.0029039 secs] 533078K->516694K(794988K), 0.0029604 secs] [Times: user=0.01 sys=0.00, real=0.01 secs] 
2020-10-28T10:43:41.695+0000: [GC (Allocation Failure) 2020-10-28T10:43:41.695+0000: [ParNew: 16388K->4K(18432K), 0.0027170 secs] 533078K->516694K(794988K), 0.0027710 secs] [Times: user=0.01 sys=0.00, real=0.01 secs] 
2020-10-28T10:43:41.714+0000: [GC (Allocation Failure) 2020-10-28T10:43:41.714+0000: [ParNew: 16388K->4K(18432K), 0.0024948 secs] 533078K->516694K(794988K), 0.0025448 secs] [Times: user=0.00 sys=0.00, real=0.00 secs] 
2020-10-28T10:43:41.734+0000: [GC (Allocation Failure) 2020-10-28T10:43:41.734+0000: [ParNew: 16388K->4K(18432K), 0.0023768 secs] 533078K->516694K(794988K), 0.0024254 secs] [Times: user=0.00 sys=0.00, real=0.00 secs] 
2020-10-28T10:43:41.754+0000: [GC (Allocation Failure) 2020-10-28T10:43:41.754+0000: [ParNew: 16388K->4K(18432K), 0.0025411 secs] 533078K->516694K(794988K), 0.0025932 secs] [Times: user=0.01 sys=0.00, real=0.00 secs] 
2020-10-28T10:43:41.773+0000: [GC (Allocation Failure) 2020-10-28T10:43:41.773+0000: [ParNew: 16388K->4K(18432K), 0.0027822 secs] 533078K->516694K(794988K), 0.0028385 secs] [Times: user=0.00 sys=0.00, real=0.00 secs] 
2020-10-28T10:43:41.792+0000: [GC (Allocation Failure) 2020-10-28T10:43:41.792+0000: [ParNew: 16388K->4K(18432K), 0.0027793 secs] 533078K->516695K(794988K), 0.0028347 secs] [Times: user=0.01 sys=0.00, real=0.00 secs] 
2020-10-28T10:43:41.814+0000: [GC (Allocation Failure) 2020-10-28T10:43:41.814+0000: [ParNew: 16388K->4K(18432K), 0.0027851 secs] 533079K->516695K(794988K), 0.0028414 secs] [Times: user=0.01 sys=0.00, real=0.00 secs] 
2020-10-28T10:43:41.834+0000: [GC (Allocation Failure) 2020-10-28T10:43:41.834+0000: [ParNew: 16388K->4K(18432K), 0.0027729 secs] 533079K->516695K(794988K), 0.0028289 secs] [Times: user=0.01 sys=0.00, real=0.00 secs] 
2020-10-28T10:43:41.853+0000: [GC (Allocation Failure) 2020-10-28T10:43:41.853+0000: [ParNew: 16388K->4K(18432K), 0.0027637 secs] 533079K->516695K(794988K), 0.0028176 secs] [Times: user=0.00 sys=0.00, real=0.00 secs] 
2020-10-28T10:43:41.874+0000: [GC (Allocation Failure) 2020-10-28T10:43:41.874+0000: [ParNew: 16388K->4K(18432K), 0.0026430 secs] 533079K->516695K(794988K), 0.0026955 secs] [Times: user=0.01 sys=0.00, real=0.00 secs] 
2020-10-28T10:43:41.894+0000: [GC (Allocation Failure) 2020-10-28T10:43:41.894+0000: [ParNew: 16388K->4K(18432K), 0.0026273 secs] 533079K->516695K(794988K), 0.0026792 secs] [Times: user=0.00 sys=0.00, real=0.00 secs] 
2020-10-28T10:43:41.912+0000: [GC (Allocation Failure) 2020-10-28T10:43:41.912+0000: [ParNew: 16388K->4K(18432K), 0.0027425 secs] 533079K->516695K(794988K), 0.0027978 secs] [Times: user=0.01 sys=0.00, real=0.00 secs] 
2020-10-28T10:43:41.934+0000: [GC (Allocation Failure) 2020-10-28T10:43:41.934+0000: [ParNew: 16388K->4K(18432K), 0.0028476 secs] 533079K->516695K(794988K), 0.0029051 secs] [Times: user=0.01 sys=0.00, real=0.00 secs] 
2020-10-28T10:43:41.954+0000: [GC (Allocation Failure) 2020-10-28T10:43:41.954+0000: [ParNew: 16388K->4K(18432K), 0.0027310 secs] 533079K->516695K(794988K), 0.0027865 secs] [Times: user=0.00 sys=0.00, real=0.00 secs] 
2020-10-28T10:43:41.973+0000: [GC (Allocation Failure) 2020-10-28T10:43:41.973+0000: [ParNew: 16388K->4K(18432K), 0.0026716 secs] 533079K->516695K(794988K), 0.0027243 secs] [Times: user=0.01 sys=0.00, real=0.00 secs] 
2020-10-28T10:43:41.998+0000: [GC (Allocation Failure) 2020-10-28T10:43:41.998+0000: [ParNew: 16388K->4K(18432K), 0.0028644 secs] 533079K->516695K(794988K), 0.0029330 secs] [Times: user=0.01 sys=0.00, real=0.00 secs] 
2020-10-28T10:43:42.018+0000: [GC (Allocation Failure) 2020-10-28T10:43:42.018+0000: [ParNew: 16388K->4K(18432K), 0.0025420 secs] 533079K->516695K(794988K), 0.0025930 secs] [Times: user=0.00 sys=0.00, real=0.00 secs] 
2020-10-28T10:43:42.038+0000: [GC (Allocation Failure) 2020-10-28T10:43:42.038+0000: [ParNew: 16388K->4K(18432K), 0.0028404 secs] 533079K->516695K(794988K), 0.0028965 secs] [Times: user=0.01 sys=0.00, real=0.00 secs] 
2020-10-28T10:43:42.057+0000: [GC (Allocation Failure) 2020-10-28T10:43:42.057+0000: [ParNew: 16388K->4K(18432K), 0.0028395 secs] 533079K->516695K(794988K), 0.0029059 secs] [Times: user=0.00 sys=0.00, real=0.01 secs] 
2020-10-28T10:43:42.076+0000: [GC (Allocation Failure) 2020-10-28T10:43:42.076+0000: [ParNew: 16388K->4K(18432K), 0.0028168 secs] 533079K->516695K(794988K), 0.0028743 secs] [Times: user=0.01 sys=0.00, real=0.01 secs] 
2020-10-28T10:43:42.096+0000: [GC (Allocation Failure) 2020-10-28T10:43:42.096+0000: [ParNew: 16388K->4K(18432K), 0.0028328 secs] 533079K->516695K(794988K), 0.0028902 secs] [Times: user=0.01 sys=0.00, real=0.01 secs] 
2020-10-28T10:43:42.116+0000: [GC (Allocation Failure) 2020-10-28T10:43:42.116+0000: [ParNew: 16388K->4K(18432K), 0.0028256 secs] 533079K->516695K(794988K), 0.0028814 secs] [Times: user=0.01 sys=0.00, real=0.01 secs] 
2020-10-28T10:43:42.138+0000: [GC (Allocation Failure) 2020-10-28T10:43:42.138+0000: [ParNew: 16388K->4K(18432K), 0.0027966 secs] 533079K->516695K(794988K), 0.0028552 secs] [Times: user=0.00 sys=0.00, real=0.00 secs] 
2020-10-28T10:43:42.157+0000: [GC (Allocation Failure) 2020-10-28T10:43:42.157+0000: [ParNew: 16388K->4K(18432K), 0.0028053 secs] 533079K->516695K(794988K), 0.0028624 secs] [Times: user=0.00 sys=0.00, real=0.01 secs] 
2020-10-28T10:43:42.175+0000: [GC (Allocation Failure) 2020-10-28T10:43:42.175+0000: [ParNew: 16388K->4K(18432K), 0.0028063 secs] 533079K->516695K(794988K), 0.0028637 secs] [Times: user=0.01 sys=0.00, real=0.01 secs] 
2020-10-28T10:43:42.194+0000: [GC (Allocation Failure) 2020-10-28T10:43:42.194+0000: [ParNew: 16388K->4K(18432K), 0.0027873 secs] 533079K->516695K(794988K), 0.0028442 secs] [Times: user=0.00 sys=0.00, real=0.00 secs] 
2020-10-28T10:43:42.214+0000: [GC (Allocation Failure) 2020-10-28T10:43:42.214+0000: [ParNew: 16388K->4K(18432K), 0.0027683 secs] 533079K->516695K(794988K), 0.0028252 secs] [Times: user=0.00 sys=0.00, real=0.00 secs] 
2020-10-28T10:43:42.233+0000: [GC (Allocation Failure) 2020-10-28T10:43:42.233+0000: [ParNew: 16388K->4K(18432K), 0.0028233 secs] 533079K->516695K(794988K), 0.0028822 secs] [Times: user=0.01 sys=0.00, real=0.00 secs] 
2020-10-28T10:43:42.254+0000: [GC (Allocation Failure) 2020-10-28T10:43:42.254+0000: [ParNew: 16388K->4K(18432K), 0.0027890 secs] 533079K->516695K(794988K), 0.0028470 secs] [Times: user=0.00 sys=0.00, real=0.00 secs] 
2020-10-28T10:43:42.273+0000: [GC (Allocation Failure) 2020-10-28T10:43:42.273+0000: [ParNew: 16388K->4K(18432K), 0.0027420 secs] 533079K->516695K(794988K), 0.0027966 secs] [Times: user=0.00 sys=0.00, real=0.00 secs] 
2020-10-28T10:43:42.294+0000: [GC (Allocation Failure) 2020-10-28T10:43:42.294+0000: [ParNew: 16388K->4K(18432K), 0.0028141 secs] 533079K->516695K(794988K), 0.0028705 secs] [Times: user=0.01 sys=0.00, real=0.00 secs] 
2020-10-28T10:43:42.313+0000: [GC (Allocation Failure) 2020-10-28T10:43:42.313+0000: [ParNew: 16388K->4K(18432K), 0.0027461 secs] 533079K->516695K(794988K), 0.0028003 secs] [Times: user=0.01 sys=0.00, real=0.00 secs] 
2020-10-28T10:43:42.332+0000: [GC (Allocation Failure) 2020-10-28T10:43:42.332+0000: [ParNew: 16388K->4K(18432K), 0.0027469 secs] 533079K->516695K(794988K), 0.0028005 secs] [Times: user=0.00 sys=0.00, real=0.00 secs] 
2020-10-28T10:43:42.350+0000: [GC (Allocation Failure) 2020-10-28T10:43:42.350+0000: [ParNew: 16388K->4K(18432K), 0.0026898 secs] 533079K->516695K(794988K), 0.0027437 secs] [Times: user=0.01 sys=0.00, real=0.00 secs] 
2020-10-28T10:43:42.370+0000: [GC (Allocation Failure) 2020-10-28T10:43:42.370+0000: [ParNew: 16388K->4K(18432K), 0.0025934 secs] 533079K->516695K(794988K), 0.0026454 secs] [Times: user=0.00 sys=0.00, real=0.00 secs] 
2020-10-28T10:43:42.388+0000: [GC (Allocation Failure) 2020-10-28T10:43:42.389+0000: [ParNew: 16388K->4K(18432K), 0.0027042 secs] 533079K->516695K(794988K), 0.0027590 secs] [Times: user=0.01 sys=0.00, real=0.01 secs] 
2020-10-28T10:43:42.417+0000: [GC (Allocation Failure) 2020-10-28T10:43:42.417+0000: [ParNew: 16388K->4K(18432K), 0.0026856 secs] 533079K->516695K(794988K), 0.0027380 secs] [Times: user=0.01 sys=0.00, real=0.01 secs] 
2020-10-28T10:43:42.441+0000: [GC (Allocation Failure) 2020-10-28T10:43:42.441+0000: [ParNew: 16388K->4K(18432K), 0.0026911 secs] 533079K->516695K(794988K), 0.0027614 secs] [Times: user=0.01 sys=0.00, real=0.00 secs] 
2020-10-28T10:43:42.463+0000: [GC (Allocation Failure) 2020-10-28T10:43:42.463+0000: [ParNew: 16388K->4K(18432K), 0.0026088 secs] 533079K->516695K(794988K), 0.0026612 secs] [Times: user=0.00 sys=0.00, real=0.00 secs] 
2020-10-28T10:43:42.482+0000: [GC (Allocation Failure) 2020-10-28T10:43:42.482+0000: [ParNew: 16388K->4K(18432K), 0.0027431 secs] 533079K->516695K(794988K), 0.0027984 secs] [Times: user=0.01 sys=0.00, real=0.00 secs] 
2020-10-28T10:43:42.500+0000: [GC (Allocation Failure) 2020-10-28T10:43:42.500+0000: [ParNew: 16388K->4K(18432K), 0.0024609 secs] 533079K->516695K(794988K), 0.0025106 secs] [Times: user=0.00 sys=0.00, real=0.00 secs] 
2020-10-28T10:43:42.522+0000: [GC (Allocation Failure) 2020-10-28T10:43:42.522+0000: [ParNew: 16388K->4K(18432K), 0.0024805 secs] 533079K->516695K(794988K), 0.0025297 secs] [Times: user=0.00 sys=0.00, real=0.00 secs] 
2020-10-28T10:43:42.541+0000: [GC (Allocation Failure) 2020-10-28T10:43:42.541+0000: [ParNew: 16388K->4K(18432K), 0.0026996 secs] 533079K->516696K(794988K), 0.0027548 secs] [Times: user=0.00 sys=0.00, real=0.00 secs] 
2020-10-28T10:43:42.562+0000: [GC (Allocation Failure) 2020-10-28T10:43:42.562+0000: [ParNew: 16388K->4K(18432K), 0.0026898 secs] 533080K->516696K(794988K), 0.0027429 secs] [Times: user=0.01 sys=0.00, real=0.00 secs] 
2020-10-28T10:43:42.580+0000: [GC (Allocation Failure) 2020-10-28T10:43:42.580+0000: [ParNew: 16388K->4K(18432K), 0.0025698 secs] 533080K->516696K(794988K), 0.0026204 secs] [Times: user=0.00 sys=0.00, real=0.00 secs] 
2020-10-28T10:43:42.602+0000: [GC (Allocation Failure) 2020-10-28T10:43:42.602+0000: [ParNew: 16388K->4K(18432K), 0.0027840 secs] 533080K->516696K(794988K), 0.0028389 secs] [Times: user=0.00 sys=0.00, real=0.00 secs] 
2020-10-28T10:43:42.622+0000: [GC (Allocation Failure) 2020-10-28T10:43:42.622+0000: [ParNew: 16388K->4K(18432K), 0.0028286 secs] 533080K->516696K(794988K), 0.0028843 secs] [Times: user=0.01 sys=0.00, real=0.00 secs] 
2020-10-28T10:43:42.641+0000: [GC (Allocation Failure) 2020-10-28T10:43:42.641+0000: [ParNew: 16388K->4K(18432K), 0.0027432 secs] 533080K->516696K(794988K), 0.0027987 secs] [Times: user=0.00 sys=0.00, real=0.00 secs] 
2020-10-28T10:43:42.661+0000: [GC (Allocation Failure) 2020-10-28T10:43:42.661+0000: [ParNew: 16388K->4K(18432K), 0.0025356 secs] 533080K->516696K(794988K), 0.0026049 secs] [Times: user=0.00 sys=0.00, real=0.00 secs] 
2020-10-28T10:43:42.680+0000: [GC (Allocation Failure) 2020-10-28T10:43:42.680+0000: [ParNew: 16388K->4K(18432K), 0.0027942 secs] 533080K->516696K(794988K), 0.0028466 secs] [Times: user=0.00 sys=0.00, real=0.00 secs] 
2020-10-28T10:43:42.699+0000: [GC (Allocation Failure) 2020-10-28T10:43:42.699+0000: [ParNew: 16388K->4K(18432K), 0.0025388 secs] 533080K->516696K(794988K), 0.0025904 secs] [Times: user=0.01 sys=0.00, real=0.00 secs] 
2020-10-28T10:43:42.720+0000: [GC (Allocation Failure) 2020-10-28T10:43:42.720+0000: [ParNew: 16388K->4K(18432K), 0.0024029 secs] 533080K->516696K(794988K), 0.0024561 secs] [Times: user=0.01 sys=0.00, real=0.00 secs] 
2020-10-28T10:43:42.738+0000: [GC (Allocation Failure) 2020-10-28T10:43:42.738+0000: [ParNew: 16388K->4K(18432K), 0.0026024 secs] 533080K->516696K(794988K), 0.0026544 secs] [Times: user=0.00 sys=0.00, real=0.00 secs] 
2020-10-28T10:43:42.758+0000: [GC (Allocation Failure) 2020-10-28T10:43:42.758+0000: [ParNew: 16388K->4K(18432K), 0.0025105 secs] 533080K->516696K(794988K), 0.0025596 secs] [Times: user=0.01 sys=0.00, real=0.00 secs] 
2020-10-28T10:43:42.776+0000: [GC (Allocation Failure) 2020-10-28T10:43:42.776+0000: [ParNew: 16388K->4K(18432K), 0.0024287 secs] 533080K->516696K(794988K), 0.0024774 secs] [Times: user=0.00 sys=0.00, real=0.01 secs] 
2020-10-28T10:43:42.794+0000: [GC (Allocation Failure) 2020-10-28T10:43:42.794+0000: [ParNew: 16388K->4K(18432K), 0.0025954 secs] 533080K->516696K(794988K), 0.0026477 secs] [Times: user=0.01 sys=0.00, real=0.00 secs] 
2020-10-28T10:43:42.813+0000: [GC (Allocation Failure) 2020-10-28T10:43:42.813+0000: [ParNew: 16388K->4K(18432K), 0.0026715 secs] 533080K->516696K(794988K), 0.0027243 secs] [Times: user=0.00 sys=0.00, real=0.00 secs] 
2020-10-28T10:43:42.832+0000: [GC (Allocation Failure) 2020-10-28T10:43:42.832+0000: [ParNew: 16388K->4K(18432K), 0.0024970 secs] 533080K->516696K(794988K), 0.0025461 secs] [Times: user=0.01 sys=0.00, real=0.00 secs] 
2020-10-28T10:43:42.850+0000: [GC (Allocation Failure) 2020-10-28T10:43:42.850+0000: [ParNew: 16388K->4K(18432K), 0.0025387 secs] 533080K->516696K(794988K), 0.0025914 secs] [Times: user=0.01 sys=0.00, real=0.00 secs] 
2020-10-28T10:43:42.869+0000: [GC (Allocation Failure) 2020-10-28T10:43:42.869+0000: [ParNew: 16388K->4K(18432K), 0.0025522 secs] 533080K->516696K(794988K), 0.0026022 secs] [Times: user=0.01 sys=0.00, real=0.01 secs] 
2020-10-28T10:43:42.890+0000: [GC (Allocation Failure) 2020-10-28T10:43:42.890+0000: [ParNew: 16388K->4K(18432K), 0.0025909 secs] 533080K->516696K(794988K), 0.0026437 secs] [Times: user=0.00 sys=0.00, real=0.00 secs] 
2020-10-28T10:43:42.908+0000: [GC (Allocation Failure) 2020-10-28T10:43:42.908+0000: [ParNew: 16388K->4K(18432K), 0.0024897 secs] 533080K->516696K(794988K), 0.0025397 secs] [Times: user=0.01 sys=0.00, real=0.01 secs] 
2020-10-28T10:43:42.927+0000: [GC (Allocation Failure) 2020-10-28T10:43:42.927+0000: [ParNew: 16387K->4K(18432K), 0.0024186 secs] 533079K->516696K(794988K), 0.0024724 secs] [Times: user=0.00 sys=0.00, real=0.00 secs] 
2020-10-28T10:43:42.949+0000: [GC (Allocation Failure) 2020-10-28T10:43:42.949+0000: [ParNew: 16388K->4K(18432K), 0.0024417 secs] 533080K->516696K(794988K), 0.0024918 secs] [Times: user=0.01 sys=0.00, real=0.01 secs] 
2020-10-28T10:43:42.968+0000: [GC (Allocation Failure) 2020-10-28T10:43:42.968+0000: [ParNew: 16388K->4K(18432K), 0.0025856 secs] 533080K->516696K(794988K), 0.0026390 secs] [Times: user=0.01 sys=0.00, real=0.01 secs] 
2020-10-28T10:43:42.990+0000: [GC (Allocation Failure) 2020-10-28T10:43:42.990+0000: [ParNew: 16388K->4K(18432K), 0.0026027 secs] 533080K->516696K(794988K), 0.0026566 secs] [Times: user=0.00 sys=0.00, real=0.00 secs] 
2020-10-28T10:43:43.010+0000: [GC (Allocation Failure) 2020-10-28T10:43:43.010+0000: [ParNew: 16388K->4K(18432K), 0.0026895 secs] 533080K->516696K(794988K), 0.0027427 secs] [Times: user=0.00 sys=0.00, real=0.00 secs] 
2020-10-28T10:43:43.029+0000: [GC (Allocation Failure) 2020-10-28T10:43:43.029+0000: [ParNew: 16388K->4K(18432K), 0.0026356 secs] 533080K->516696K(794988K), 0.0026887 secs] [Times: user=0.01 sys=0.00, real=0.01 secs] 
2020-10-28T10:43:43.051+0000: [GC (Allocation Failure) 2020-10-28T10:43:43.051+0000: [ParNew: 16388K->4K(18432K), 0.0027571 secs] 533080K->516696K(794988K), 0.0028032 secs] [Times: user=0.00 sys=0.00, real=0.00 secs] 
2020-10-28T10:43:43.072+0000: [GC (Allocation Failure) 2020-10-28T10:43:43.072+0000: [ParNew: 16388K->4K(18432K), 0.0027004 secs] 533080K->516696K(794988K), 0.0027538 secs] [Times: user=0.00 sys=0.00, real=0.00 secs] 
2020-10-28T10:43:43.091+0000: [GC (Allocation Failure) 2020-10-28T10:43:43.091+0000: [ParNew: 16388K->4K(18432K), 0.0023641 secs] 533080K->516696K(794988K), 0.0024101 secs] [Times: user=0.01 sys=0.00, real=0.00 secs] 
2020-10-28T10:43:43.110+0000: [GC (Allocation Failure) 2020-10-28T10:43:43.110+0000: [ParNew: 16388K->4K(18432K), 0.0026528 secs] 533080K->516696K(794988K), 0.0027149 secs] [Times: user=0.00 sys=0.00, real=0.00 secs] 
2020-10-28T10:43:43.128+0000: [GC (Allocation Failure) 2020-10-28T10:43:43.128+0000: [ParNew: 16388K->4K(18432K), 0.0028056 secs] 533080K->516696K(794988K), 0.0028628 secs] [Times: user=0.01 sys=0.00, real=0.01 secs] 
2020-10-28T10:43:43.147+0000: [GC (Allocation Failure) 2020-10-28T10:43:43.147+0000: [ParNew: 16388K->4K(18432K), 0.0026722 secs] 533080K->516696K(794988K), 0.0027263 secs] [Times: user=0.01 sys=0.00, real=0.00 secs] 
2020-10-28T10:43:43.166+0000: [GC (Allocation Failure) 2020-10-28T10:43:43.166+0000: [ParNew: 16388K->4K(18432K), 0.0027560 secs] 533080K->516696K(794988K), 0.0028194 secs] [Times: user=0.00 sys=0.00, real=0.00 secs] 
2020-10-28T10:43:43.184+0000: [GC (Allocation Failure) 2020-10-28T10:43:43.184+0000: [ParNew: 16388K->4K(18432K), 0.0026261 secs] 533080K->516696K(794988K), 0.0026798 secs] [Times: user=0.01 sys=0.00, real=0.00 secs] 
2020-10-28T10:43:43.203+0000: [GC (Allocation Failure) 2020-10-28T10:43:43.203+0000: [ParNew: 16388K->4K(18432K), 0.0027074 secs] 533080K->516696K(794988K), 0.0027598 secs] [Times: user=0.00 sys=0.00, real=0.00 secs] 
2020-10-28T10:43:43.226+0000: [GC (Allocation Failure) 2020-10-28T10:43:43.226+0000: [ParNew: 16388K->4K(18432K), 0.0028196 secs] 533080K->516696K(794988K), 0.0028782 secs] [Times: user=0.00 sys=0.00, real=0.00 secs] 
2020-10-28T10:43:43.246+0000: [GC (Allocation Failure) 2020-10-28T10:43:43.246+0000: [ParNew: 16388K->4K(18432K), 0.0028242 secs] 533080K->516696K(794988K), 0.0028819 secs] [Times: user=0.00 sys=0.00, real=0.00 secs] 
2020-10-28T10:43:43.266+0000: [GC (Allocation Failure) 2020-10-28T10:43:43.266+0000: [ParNew: 16388K->4K(18432K), 0.0028190 secs] 533080K->516696K(794988K), 0.0028780 secs] [Times: user=0.00 sys=0.00, real=0.00 secs] 
2020-10-28T10:43:43.284+0000: [GC (Allocation Failure) 2020-10-28T10:43:43.284+0000: [ParNew: 16388K->4K(18432K), 0.0028172 secs] 533080K->516696K(794988K), 0.0028757 secs] [Times: user=0.01 sys=0.00, real=0.00 secs] 
2020-10-28T10:43:43.310+0000: [GC (Allocation Failure) 2020-10-28T10:43:43.310+0000: [ParNew: 16388K->4K(18432K), 0.0040910 secs] 533080K->516696K(794988K), 0.0041456 secs] [Times: user=0.01 sys=0.00, real=0.00 secs] 
2020-10-28T10:43:43.334+0000: [GC (Allocation Failure) 2020-10-28T10:43:43.334+0000: [ParNew: 16388K->4K(18432K), 0.0027322 secs] 533080K->516696K(794988K), 0.0027877 secs] [Times: user=0.00 sys=0.00, real=0.00 secs] 
2020-10-28T10:43:43.354+0000: [GC (Allocation Failure) 2020-10-28T10:43:43.354+0000: [ParNew: 16388K->4K(18432K), 0.0026374 secs] 533080K->516696K(794988K), 0.0026892 secs] [Times: user=0.01 sys=0.00, real=0.00 secs] 
2020-10-28T10:43:43.373+0000: [GC (Allocation Failure) 2020-10-28T10:43:43.373+0000: [ParNew: 16388K->4K(18432K), 0.0027708 secs] 533080K->516696K(794988K), 0.0028270 secs] [Times: user=0.01 sys=0.00, real=0.00 secs] 
2020-10-28T10:43:43.394+0000: [GC (Allocation Failure) 2020-10-28T10:43:43.394+0000: [ParNew: 16388K->4K(18432K), 0.0027550 secs] 533080K->516696K(794988K), 0.0028098 secs] [Times: user=0.01 sys=0.00, real=0.00 secs] 
2020-10-28T10:43:43.414+0000: [GC (Allocation Failure) 2020-10-28T10:43:43.414+0000: [ParNew: 16388K->4K(18432K), 0.0027328 secs] 533080K->516696K(794988K), 0.0027892 secs] [Times: user=0.01 sys=0.00, real=0.00 secs] 
2020-10-28T10:43:43.434+0000: [GC (Allocation Failure) 2020-10-28T10:43:43.434+0000: [ParNew: 16388K->4K(18432K), 0.0027410 secs] 533080K->516696K(794988K), 0.0027975 secs] [Times: user=0.00 sys=0.00, real=0.00 secs] 
2020-10-28T10:43:43.452+0000: [GC (Allocation Failure) 2020-10-28T10:43:43.452+0000: [ParNew: 16388K->4K(18432K), 0.0027400 secs] 533080K->516696K(794988K), 0.0027949 secs] [Times: user=0.01 sys=0.00, real=0.00 secs] 
2020-10-28T10:43:43.473+0000: [GC (Allocation Failure) 2020-10-28T10:43:43.473+0000: [ParNew: 16388K->4K(18432K), 0.0028111 secs] 533080K->516696K(794988K), 0.0028674 secs] [Times: user=0.00 sys=0.00, real=0.00 secs] 
2020-10-28T10:43:43.494+0000: [GC (Allocation Failure) 2020-10-28T10:43:43.494+0000: [ParNew: 16388K->4K(18432K), 0.0027803 secs] 533080K->516696K(794988K), 0.0028375 secs] [Times: user=0.01 sys=0.00, real=0.00 secs] 
2020-10-28T10:43:43.514+0000: [GC (Allocation Failure) 2020-10-28T10:43:43.514+0000: [ParNew: 16388K->4K(18432K), 0.0025455 secs] 533080K->516696K(794988K), 0.0025958 secs] [Times: user=0.01 sys=0.00, real=0.00 secs] 
2020-10-28T10:43:43.534+0000: [GC (Allocation Failure) 2020-10-28T10:43:43.534+0000: [ParNew: 16388K->4K(18432K), 0.0025151 secs] 533080K->516696K(794988K), 0.0025648 secs] [Times: user=0.00 sys=0.00, real=0.00 secs] 
2020-10-28T10:43:43.552+0000: [GC (Allocation Failure) 2020-10-28T10:43:43.552+0000: [ParNew: 16388K->4K(18432K), 0.0027453 secs] 533080K->516696K(794988K), 0.0028061 secs] [Times: user=0.01 sys=0.00, real=0.00 secs] 
2020-10-28T10:43:43.571+0000: [GC (Allocation Failure) 2020-10-28T10:43:43.571+0000: [ParNew: 16388K->4K(18432K), 0.0027695 secs] 533080K->516696K(794988K), 0.0028253 secs] [Times: user=0.00 sys=0.00, real=0.00 secs] 
2020-10-28T10:43:43.590+0000: [GC (Allocation Failure) 2020-10-28T10:43:43.590+0000: [ParNew: 16388K->4K(18432K), 0.0024966 secs] 533080K->516696K(794988K), 0.0025453 secs] [Times: user=0.01 sys=0.00, real=0.00 secs] 
2020-10-28T10:43:43.610+0000: [GC (Allocation Failure) 2020-10-28T10:43:43.610+0000: [ParNew: 16388K->4K(18432K), 0.0024316 secs] 533080K->516696K(794988K), 0.0024800 secs] [Times: user=0.00 sys=0.00, real=0.00 secs] 
2020-10-28T10:43:43.628+0000: [GC (Allocation Failure) 2020-10-28T10:43:43.628+0000: [ParNew: 16388K->4K(18432K), 0.0026933 secs] 533080K->516696K(794988K), 0.0027488 secs] [Times: user=0.01 sys=0.00, real=0.01 secs] 
2020-10-28T10:43:43.647+0000: [GC (Allocation Failure) 2020-10-28T10:43:43.647+0000: [ParNew: 16388K->4K(18432K), 0.0025028 secs] 533080K->516696K(794988K), 0.0025525 secs] [Times: user=0.01 sys=0.00, real=0.00 secs] 
2020-10-28T10:43:43.672+0000: [GC (Allocation Failure) 2020-10-28T10:43:43.672+0000: [ParNew: 16388K->6K(18432K), 0.0024590 secs] 533080K->516698K(794988K), 0.0025122 secs] [Times: user=0.01 sys=0.00, real=0.00 secs] 
2020-10-28T10:43:43.675+0000: [CMS-concurrent-abortable-preclean: 0.330/3.923 secs] [Times: user=7.12 sys=0.20, real=3.92 secs] 
2020-10-28T10:43:43.686+0000: [GC (CMS Final Remark) [YG occupancy: 3314 K (18432 K)]2020-10-28T10:43:43.686+0000: [Rescan (parallel) , 0.0037297 secs]2020-10-28T10:43:43.690+0000: [weak refs processing, 0.0000700 secs]2020-10-28T10:43:43.690+0000: [class unloading, 0.0083331 secs]2020-10-28T10:43:43.698+0000: [scrub symbol table, 0.0088463 secs]2020-10-28T10:43:43.707+0000: [scrub string table, 0.0006126 secs][1 CMS-remark: 516692K(776556K)] 520007K(794988K), 0.0217249 secs] [Times: user=0.02 sys=0.00, real=0.02 secs] 
2020-10-28T10:43:43.714+0000: [CMS-concurrent-sweep-start]
2020-10-28T10:43:43.726+0000: [GC (Allocation Failure) 2020-10-28T10:43:43.726+0000: [ParNew: 16390K->17K(18432K), 0.0028147 secs] 532902K->516529K(794988K), 0.0028913 secs] [Times: user=0.00 sys=0.00, real=0.00 secs] 
2020-10-28T10:43:43.733+0000: [CMS-concurrent-sweep: 0.017/0.020 secs] [Times: user=0.03 sys=0.00, real=0.02 secs] 
2020-10-28T10:43:43.742+0000: [CMS-concurrent-reset-start]
2020-10-28T10:43:43.743+0000: [CMS-concurrent-reset: 0.002/0.002 secs] [Times: user=0.00 sys=0.00, real=0.00 secs] 
2020-10-28T10:43:43.749+0000: [GC (Allocation Failure) 2020-10-28T10:43:43.749+0000: [ParNew: 16401K->9K(18432K), 0.0028622 secs] 450989K->434597K(794988K), 0.0029057 secs] [Times: user=0.00 sys=0.00, real=0.01 secs] 
2020-10-28T10:43:43.767+0000: [GC (Allocation Failure) 2020-10-28T10:43:43.767+0000: [ParNew: 16393K->6K(18432K), 0.0027600 secs] 450981K->434594K(794988K), 0.0028122 secs] [Times: user=0.01 sys=0.00, real=0.00 secs] 
2020-10-28T10:43:43.790+0000: [GC (Allocation Failure) 2020-10-28T10:43:43.790+0000: [ParNew: 16390K->6K(18432K), 0.0027609 secs] 450978K->434595K(794988K), 0.0028106 secs] [Times: user=0.01 sys=0.00, real=0.00 secs] 
2020-10-28T10:43:43.808+0000: [GC (Allocation Failure) 2020-10-28T10:43:43.808+0000: [ParNew: 16390K->7K(18432K), 0.0036055 secs] 450979K->434595K(794988K), 0.0036607 secs] [Times: user=0.00 sys=0.00, real=0.01 secs] 
2020-10-28T10:43:43.826+0000: [GC (Allocation Failure) 2020-10-28T10:43:43.826+0000: [ParNew: 16391K->7K(18432K), 0.0028086 secs] 450979K->434597K(794988K), 0.0028653 secs] [Times: user=0.00 sys=0.00, real=0.00 secs] 
2020-10-28T10:43:43.844+0000: [GC (Allocation Failure) 2020-10-28T10:43:43.844+0000: [ParNew: 16391K->4K(18432K), 0.0028035 secs] 450981K->434595K(794988K), 0.0028597 secs] [Times: user=0.01 sys=0.00, real=0.00 secs] 
2020-10-28T10:43:43.862+0000: [GC (Allocation Failure) 2020-10-28T10:43:43.862+0000: [ParNew: 16388K->4K(18432K), 0.0026986 secs] 450979K->434595K(794988K), 0.0027496 secs] [Times: user=0.01 sys=0.00, real=0.00 secs] 
2020-10-28T10:43:43.879+0000: [GC (Allocation Failure) 2020-10-28T10:43:43.879+0000: [ParNew: 16388K->4K(18432K), 0.0026313 secs] 450979K->434595K(794988K), 0.0026787 secs] [Times: user=0.01 sys=0.00, real=0.00 secs] 
2020-10-28T10:43:43.897+0000: [GC (Allocation Failure) 2020-10-28T10:43:43.897+0000: [ParNew: 16388K->4K(18432K), 0.0026310 secs] 450979K->434595K(794988K), 0.0026816 secs] [Times: user=0.01 sys=0.00, real=0.01 secs] 
2020-10-28T10:43:43.918+0000: [GC (Allocation Failure) 2020-10-28T10:43:43.918+0000: [ParNew: 16388K->4K(18432K), 0.0027048 secs] 450979K->434595K(794988K), 0.0027567 secs] [Times: user=0.01 sys=0.00, real=0.00 secs] 
2020-10-28T10:43:43.936+0000: [GC (Allocation Failure) 2020-10-28T10:43:43.936+0000: [ParNew: 16388K->4K(18432K), 0.0027490 secs] 450979K->434595K(794988K), 0.0028016 secs] [Times: user=0.01 sys=0.00, real=0.01 secs] 
2020-10-28T10:43:43.957+0000: [GC (Allocation Failure) 2020-10-28T10:43:43.957+0000: [ParNew: 16388K->4K(18432K), 0.0028443 secs] 450979K->434595K(794988K), 0.0028903 secs] [Times: user=0.01 sys=0.00, real=0.01 secs] 
2020-10-28T10:43:43.978+0000: [GC (Allocation Failure) 2020-10-28T10:43:43.978+0000: [ParNew: 16388K->4K(18432K), 0.0027859 secs] 450979K->434595K(794988K), 0.0028379 secs] [Times: user=0.01 sys=0.00, real=0.00 secs] 
2020-10-28T10:43:43.997+0000: [GC (Allocation Failure) 2020-10-28T10:43:43.997+0000: [ParNew: 16388K->4K(18432K), 0.0028052 secs] 450979K->434595K(794988K), 0.0028618 secs] [Times: user=0.00 sys=0.00, real=0.01 secs] 
2020-10-28T10:43:44.015+0000: [GC (Allocation Failure) 2020-10-28T10:43:44.015+0000: [ParNew: 16388K->4K(18432K), 0.0027565 secs] 450979K->434595K(794988K), 0.0028273 secs] [Times: user=0.01 sys=0.00, real=0.01 secs] 
2020-10-28T10:43:44.033+0000: [GC (Allocation Failure) 2020-10-28T10:43:44.033+0000: [ParNew: 16388K->4K(18432K), 0.0027190 secs] 450979K->434595K(794988K), 0.0027705 secs] [Times: user=0.00 sys=0.00, real=0.00 secs] 
2020-10-28T10:43:44.054+0000: [GC (Allocation Failure) 2020-10-28T10:43:44.054+0000: [ParNew: 16388K->4K(18432K), 0.0028327 secs] 450979K->434595K(794988K), 0.0028959 secs] [Times: user=0.00 sys=0.00, real=0.00 secs] 
2020-10-28T10:43:44.072+0000: [GC (Allocation Failure) 2020-10-28T10:43:44.072+0000: [ParNew: 16388K->4K(18432K), 0.0026961 secs] 450979K->434595K(794988K), 0.0027483 secs] [Times: user=0.01 sys=0.00, real=0.00 secs] 
2020-10-28T10:43:44.089+0000: [GC (Allocation Failure) 2020-10-28T10:43:44.089+0000: [ParNew: 16388K->4K(18432K), 0.0026279 secs] 450979K->434595K(794988K), 0.0026763 secs] [Times: user=0.00 sys=0.00, real=0.01 secs] 
2020-10-28T10:43:44.107+0000: [GC (Allocation Failure) 2020-10-28T10:43:44.107+0000: [ParNew: 16388K->4K(18432K), 0.0026757 secs] 450979K->434595K(794988K), 0.0027252 secs] [Times: user=0.01 sys=0.00, real=0.01 secs] 
2020-10-28T10:43:44.126+0000: [GC (Allocation Failure) 2020-10-28T10:43:44.126+0000: [ParNew: 16388K->4K(18432K), 0.0025721 secs] 450979K->434595K(794988K), 0.0026202 secs] [Times: user=0.00 sys=0.00, real=0.00 secs] 
2020-10-28T10:43:44.143+0000: [GC (Allocation Failure) 2020-10-28T10:43:44.143+0000: [ParNew: 16388K->4K(18432K), 0.0025730 secs] 450979K->434595K(794988K), 0.0026216 secs] [Times: user=0.01 sys=0.00, real=0.00 secs] 
2020-10-28T10:43:44.162+0000: [GC (Allocation Failure) 2020-10-28T10:43:44.162+0000: [ParNew: 16388K->4K(18432K), 0.0026472 secs] 450979K->434595K(794988K), 0.0026972 secs] [Times: user=0.01 sys=0.00, real=0.00 secs] 
2020-10-28T10:43:44.179+0000: [GC (Allocation Failure) 2020-10-28T10:43:44.179+0000: [ParNew: 16388K->4K(18432K), 0.0027347 secs] 450979K->434595K(794988K), 0.0028103 secs] [Times: user=0.01 sys=0.00, real=0.00 secs] 
2020-10-28T10:43:44.198+0000: [GC (Allocation Failure) 2020-10-28T10:43:44.198+0000: [ParNew: 16388K->4K(18432K), 0.0026415 secs] 450979K->434595K(794988K), 0.0026909 secs] [Times: user=0.01 sys=0.00, real=0.00 secs] 
2020-10-28T10:43:44.211+0000: [GC (Allocation Failure) 2020-10-28T10:43:44.211+0000: [ParNew: 11733K->4K(18432K), 0.0026509 secs] 446325K->434595K(794988K), 0.0026943 secs] [Times: user=0.00 sys=0.00, real=0.00 secs] 
2020-10-28T10:43:44.222+0000: [GC (Allocation Failure) 2020-10-28T10:43:44.222+0000: [ParNew: 16388K->4K(18432K), 0.0036389 secs] 450979K->442787K(794988K), 0.0036898 secs] [Times: user=0.01 sys=0.00, real=0.00 secs] 
2020-10-28T10:43:44.229+0000: [GC (CMS Initial Mark) [1 CMS-initial-mark: 442783K(776556K)] 443113K(794988K), 0.0013900 secs] [Times: user=0.00 sys=0.00, real=0.01 secs] 
2020-10-28T10:43:44.231+0000: [CMS-concurrent-mark-start]
2020-10-28T10:43:44.254+0000: [GC (Allocation Failure) 2020-10-28T10:43:44.254+0000: [ParNew: 16388K->4K(18432K), 0.0026740 secs] 459171K->442787K(794988K), 0.0027271 secs] [Times: user=0.00 sys=0.00, real=0.00 secs] 
2020-10-28T10:43:44.276+0000: [GC (Allocation Failure) 2020-10-28T10:43:44.276+0000: [ParNew: 16388K->4K(18432K), 0.0026655 secs] 459171K->442787K(794988K), 0.0027179 secs] [Times: user=0.01 sys=0.00, real=0.01 secs] 
2020-10-28T10:43:44.298+0000: [GC (Allocation Failure) 2020-10-28T10:43:44.298+0000: [ParNew: 16388K->4K(18432K), 0.0027182 secs] 459171K->442787K(794988K), 0.0027742 secs] [Times: user=0.01 sys=0.00, real=0.00 secs] 
2020-10-28T10:43:44.320+0000: [GC (Allocation Failure) 2020-10-28T10:43:44.320+0000: [ParNew: 16388K->4K(18432K), 0.0027298 secs] 459171K->442787K(794988K), 0.0027838 secs] [Times: user=0.01 sys=0.00, real=0.00 secs] 
2020-10-28T10:43:44.330+0000: [CMS-concurrent-mark: 0.072/0.099 secs] [Times: user=0.18 sys=0.01, real=0.10 secs] 
2020-10-28T10:43:44.330+0000: [CMS-concurrent-preclean-start]
2020-10-28T10:43:44.338+0000: [CMS-concurrent-preclean: 0.009/0.009 secs] [Times: user=0.02 sys=0.00, real=0.01 secs] 
2020-10-28T10:43:44.338+0000: [CMS-concurrent-abortable-preclean-start]
2020-10-28T10:43:44.341+0000: [GC (Allocation Failure) 2020-10-28T10:43:44.341+0000: [ParNew: 15434K->4K(18432K), 0.0023565 secs] 458218K->442787K(794988K), 0.0023956 secs] [Times: user=0.00 sys=0.00, real=0.00 secs] 
2020-10-28T10:43:44.354+0000: [GC (Allocation Failure) 2020-10-28T10:43:44.354+0000: [ParNew: 16388K->4K(18432K), 0.0035654 secs] 459171K->450980K(794988K), 0.0036201 secs] [Times: user=0.01 sys=0.00, real=0.00 secs] 
2020-10-28T10:43:44.357+0000: [CMS-concurrent-abortable-preclean: 0.004/0.019 secs] [Times: user=0.04 sys=0.00, real=0.01 secs] 
2020-10-28T10:43:44.358+0000: [GC (CMS Final Remark) [YG occupancy: 169 K (18432 K)]2020-10-28T10:43:44.358+0000: [Rescan (parallel) , 0.0018827 secs]2020-10-28T10:43:44.359+0000: [weak refs processing, 0.0000323 secs]2020-10-28T10:43:44.360+0000: [class unloading, 0.0084877 secs]2020-10-28T10:43:44.368+0000: [scrub symbol table, 0.0088784 secs]2020-10-28T10:43:44.377+0000: [scrub string table, 0.0005768 secs][1 CMS-remark: 450976K(776556K)] 451145K(794988K), 0.0199643 secs] [Times: user=0.02 sys=0.00, real=0.01 secs] 
2020-10-28T10:43:44.378+0000: [CMS-concurrent-sweep-start]
2020-10-28T10:43:44.393+0000: [CMS-concurrent-sweep: 0.016/0.016 secs] [Times: user=0.02 sys=0.00, real=0.01 secs] 
2020-10-28T10:43:44.394+0000: [CMS-concurrent-reset-start]
2020-10-28T10:43:44.395+0000: [CMS-concurrent-reset: 0.002/0.002 secs] [Times: user=0.01 sys=0.00, real=0.00 secs] 
2020-10-28T10:43:44.402+0000: [GC (Allocation Failure) 2020-10-28T10:43:44.402+0000: [ParNew: 16388K->4K(18432K), 0.0029016 secs] 434457K->418073K(794988K), 0.0029579 secs] [Times: user=0.01 sys=0.00, real=0.00 secs] 
2020-10-28T10:43:44.422+0000: [GC (Allocation Failure) 2020-10-28T10:43:44.422+0000: [ParNew: 16388K->4K(18432K), 0.0028513 secs] 434457K->418073K(794988K), 0.0029096 secs] [Times: user=0.00 sys=0.00, real=0.00 secs] 
2020-10-28T10:43:44.440+0000: [GC (Allocation Failure) 2020-10-28T10:43:44.440+0000: [ParNew: 16388K->4K(18432K), 0.0027906 secs] 434457K->418073K(794988K), 0.0028440 secs] [Times: user=0.01 sys=0.00, real=0.00 secs] 
2020-10-28T10:43:44.457+0000: [GC (Allocation Failure) 2020-10-28T10:43:44.458+0000: [ParNew: 16388K->4K(18432K), 0.0029139 secs] 434457K->418073K(794988K), 0.0029751 secs] [Times: user=0.00 sys=0.01, real=0.01 secs] 
2020-10-28T10:43:44.475+0000: [GC (Allocation Failure) 2020-10-28T10:43:44.476+0000: [ParNew: 16388K->4K(18432K), 0.0028712 secs] 434457K->418073K(794988K), 0.0029287 secs] [Times: user=0.01 sys=0.00, real=0.01 secs] 
2020-10-28T10:43:44.493+0000: [GC (Allocation Failure) 2020-10-28T10:43:44.493+0000: [ParNew: 16388K->4K(18432K), 0.0028346 secs] 434457K->418073K(794988K), 0.0028893 secs] [Times: user=0.01 sys=0.00, real=0.00 secs] 
2020-10-28T10:43:44.511+0000: [GC (Allocation Failure) 2020-10-28T10:43:44.511+0000: [ParNew: 16388K->4K(18432K), 0.0028610 secs] 434457K->418073K(794988K), 0.0029141 secs] [Times: user=0.01 sys=0.00, real=0.00 secs] 
2020-10-28T10:43:44.530+0000: [GC (Allocation Failure) 2020-10-28T10:43:44.530+0000: [ParNew: 16388K->4K(18432K), 0.0028139 secs] 434457K->418073K(794988K), 0.0028689 secs] [Times: user=0.00 sys=0.00, real=0.00 secs] 
2020-10-28T10:43:44.548+0000: [GC (Allocation Failure) 2020-10-28T10:43:44.548+0000: [ParNew: 16388K->4K(18432K), 0.0028845 secs] 434457K->418073K(794988K), 0.0029418 secs] [Times: user=0.01 sys=0.00, real=0.01 secs] 
2020-10-28T10:43:44.566+0000: [GC (Allocation Failure) 2020-10-28T10:43:44.566+0000: [ParNew: 16388K->4K(18432K), 0.0027565 secs] 434457K->418073K(794988K), 0.0028092 secs] [Times: user=0.01 sys=0.00, real=0.00 secs] 
2020-10-28T10:43:44.584+0000: [GC (Allocation Failure) 2020-10-28T10:43:44.584+0000: [ParNew: 16388K->4K(18432K), 0.0027507 secs] 434457K->418073K(794988K), 0.0028038 secs] [Times: user=0.00 sys=0.00, real=0.00 secs] 
2020-10-28T10:43:44.601+0000: [GC (Allocation Failure) 2020-10-28T10:43:44.601+0000: [ParNew: 16388K->4K(18432K), 0.0027581 secs] 434457K->418073K(794988K), 0.0028098 secs] [Times: user=0.01 sys=0.00, real=0.00 secs] 
2020-10-28T10:43:44.622+0000: [GC (Allocation Failure) 2020-10-28T10:43:44.622+0000: [ParNew: 16388K->4K(18432K), 0.0028228 secs] 434457K->418073K(794988K), 0.0028798 secs] [Times: user=0.00 sys=0.00, real=0.00 secs] 
2020-10-28T10:43:44.640+0000: [GC (Allocation Failure) 2020-10-28T10:43:44.640+0000: [ParNew: 16388K->4K(18432K), 0.0027356 secs] 434457K->418073K(794988K), 0.0027843 secs] [Times: user=0.01 sys=0.00, real=0.00 secs] 
2020-10-28T10:43:44.658+0000: [GC (Allocation Failure) 2020-10-28T10:43:44.658+0000: [ParNew: 16388K->4K(18432K), 0.0026046 secs] 434457K->418073K(794988K), 0.0026508 secs] [Times: user=0.01 sys=0.00, real=0.00 secs] 
2020-10-28T10:43:44.675+0000: [GC (Allocation Failure) 2020-10-28T10:43:44.675+0000: [ParNew: 16388K->4K(18432K), 0.0026789 secs] 434457K->418073K(794988K), 0.0027283 secs] [Times: user=0.00 sys=0.00, real=0.01 secs] 
2020-10-28T10:43:44.693+0000: [GC (Allocation Failure) 2020-10-28T10:43:44.693+0000: [ParNew: 16388K->4K(18432K), 0.0027085 secs] 434457K->418073K(794988K), 0.0027595 secs] [Times: user=0.01 sys=0.00, real=0.00 secs] 
2020-10-28T10:43:44.711+0000: [GC (Allocation Failure) 2020-10-28T10:43:44.711+0000: [ParNew: 16388K->4K(18432K), 0.0028559 secs] 434457K->418073K(794988K), 0.0029107 secs] [Times: user=0.00 sys=0.00, real=0.00 secs] 
2020-10-28T10:43:44.725+0000: [GC (Allocation Failure) 2020-10-28T10:43:44.725+0000: [ParNew: 16388K->4K(18432K), 0.0033863 secs] 434457K->426265K(794988K), 0.0034327 secs] [Times: user=0.01 sys=0.00, real=0.00 secs] 
2020-10-28T10:43:44.729+0000: [GC (CMS Initial Mark) [1 CMS-initial-mark: 426261K(776556K)] 426592K(794988K), 0.0012572 secs] [Times: user=0.00 sys=0.00, real=0.01 secs] 
2020-10-28T10:43:44.731+0000: [CMS-concurrent-mark-start]
2020-10-28T10:43:44.753+0000: [GC (Allocation Failure) 2020-10-28T10:43:44.754+0000: [ParNew: 16388K->4K(18432K), 0.0028322 secs] 442649K->426265K(794988K), 0.0029031 secs] [Times: user=0.01 sys=0.00, real=0.00 secs] 
2020-10-28T10:43:44.778+0000: [GC (Allocation Failure) 2020-10-28T10:43:44.778+0000: [ParNew: 16388K->4K(18432K), 0.0028464 secs] 442649K->426265K(794988K), 0.0029041 secs] [Times: user=0.01 sys=0.00, real=0.00 secs] 
2020-10-28T10:43:44.805+0000: [CMS-concurrent-mark: 0.066/0.075 secs] [Times: user=0.14 sys=0.00, real=0.07 secs] 
2020-10-28T10:43:44.805+0000: [CMS-concurrent-preclean-start]
2020-10-28T10:43:44.808+0000: [CMS-concurrent-preclean: 0.002/0.002 secs] [Times: user=0.01 sys=0.00, real=0.00 secs] 
2020-10-28T10:43:44.808+0000: [GC (Allocation Failure) 2020-10-28T10:43:44.808+0000: [ParNew: 16388K->4K(18432K), 0.0024328 secs] 442649K->426265K(794988K), 0.0024726 secs] [Times: user=0.00 sys=0.00, real=0.01 secs] 
2020-10-28T10:43:44.813+0000: [GC (CMS Final Remark) [YG occupancy: 2142 K (18432 K)]2020-10-28T10:43:44.813+0000: [Rescan (parallel) , 0.0028523 secs]2020-10-28T10:43:44.816+0000: [weak refs processing, 0.0000283 secs]2020-10-28T10:43:44.816+0000: [class unloading, 0.0084237 secs]2020-10-28T10:43:44.824+0000: [scrub symbol table, 0.0088551 secs]2020-10-28T10:43:44.833+0000: [scrub string table, 0.0005829 secs][1 CMS-remark: 426261K(776556K)] 428404K(794988K), 0.0208487 secs] [Times: user=0.02 sys=0.00, real=0.02 secs] 
2020-10-28T10:43:44.837+0000: [CMS-concurrent-sweep-start]
2020-10-28T10:43:44.849+0000: [GC (Allocation Failure) 2020-10-28T10:43:44.849+0000: [ParNew: 16388K->4K(18432K), 0.0028508 secs] 442649K->426265K(794988K), 0.0029129 secs] [Times: user=0.01 sys=0.00, real=0.01 secs] 
2020-10-28T10:43:44.868+0000: [CMS-concurrent-sweep: 0.020/0.031 secs] [Times: user=0.05 sys=0.00, real=0.03 secs] 
2020-10-28T10:43:44.868+0000: [CMS-concurrent-reset-start]
2020-10-28T10:43:44.870+0000: [CMS-concurrent-reset: 0.002/0.002 secs] [Times: user=0.00 sys=0.00, real=0.01 secs] 
2020-10-28T10:43:44.881+0000: [GC (Allocation Failure) 2020-10-28T10:43:44.881+0000: [ParNew: 16388K->4K(18432K), 0.0028430 secs] 442649K->426265K(794988K), 0.0028894 secs] [Times: user=0.01 sys=0.00, real=0.00 secs] 
2020-10-28T10:43:44.900+0000: [GC (Allocation Failure) 2020-10-28T10:43:44.900+0000: [ParNew: 16061K->4K(18432K), 0.0026818 secs] 442322K->426265K(794988K), 0.0027294 secs] [Times: user=0.00 sys=0.00, real=0.00 secs] 
2020-10-28T10:43:44.914+0000: [GC (Allocation Failure) 2020-10-28T10:43:44.914+0000: [ParNew: 16388K->4K(18432K), 0.0034759 secs] 442649K->434457K(794988K), 0.0035212 secs] [Times: user=0.01 sys=0.00, real=0.00 secs] 
2020-10-28T10:43:44.932+0000: [GC (Allocation Failure) 2020-10-28T10:43:44.932+0000: [ParNew: 16388K->4K(18432K), 0.0026364 secs] 450841K->434457K(794988K), 0.0026818 secs] [Times: user=0.00 sys=0.00, real=0.00 secs] 
2020-10-28T10:43:44.954+0000: [GC (Allocation Failure) 2020-10-28T10:43:44.954+0000: [ParNew: 16388K->4K(18432K), 0.0028305 secs] 450841K->434457K(794988K), 0.0028876 secs] [Times: user=0.01 sys=0.00, real=0.00 secs] 
2020-10-28T10:43:44.974+0000: [GC (Allocation Failure) 2020-10-28T10:43:44.974+0000: [ParNew: 16388K->4K(18432K), 0.0031889 secs] 450841K->434457K(794988K), 0.0032531 secs] [Times: user=0.00 sys=0.00, real=0.00 secs] 
2020-10-28T10:43:45.000+0000: [GC (Allocation Failure) 2020-10-28T10:43:45.000+0000: [ParNew: 16388K->4K(18432K), 0.0029286 secs] 450841K->434457K(794988K), 0.0029807 secs] [Times: user=0.00 sys=0.00, real=0.00 secs] 
2020-10-28T10:43:45.017+0000: [GC (Allocation Failure) 2020-10-28T10:43:45.017+0000: [ParNew: 16388K->4K(18432K), 0.0027782 secs] 450841K->434457K(794988K), 0.0028290 secs] [Times: user=0.01 sys=0.00, real=0.01 secs] 
2020-10-28T10:43:45.038+0000: [GC (Allocation Failure) 2020-10-28T10:43:45.038+0000: [ParNew: 16388K->4K(18432K), 0.0026585 secs] 450841K->434457K(794988K), 0.0027033 secs] [Times: user=0.01 sys=0.00, real=0.00 secs] 
2020-10-28T10:43:45.058+0000: [GC (Allocation Failure) 2020-10-28T10:43:45.058+0000: [ParNew: 16388K->4K(18432K), 0.0026466 secs] 450841K->434457K(794988K), 0.0026890 secs] [Times: user=0.01 sys=0.00, real=0.00 secs] 
2020-10-28T10:43:45.075+0000: [GC (Allocation Failure) 2020-10-28T10:43:45.075+0000: [ParNew: 16388K->4K(18432K), 0.0027166 secs] 450841K->434457K(794988K), 0.0027659 secs] [Times: user=0.00 sys=0.00, real=0.01 secs] 
2020-10-28T10:43:45.094+0000: [GC (Allocation Failure) 2020-10-28T10:43:45.094+0000: [ParNew: 16388K->4K(18432K), 0.0027846 secs] 450841K->434457K(794988K), 0.0028334 secs] [Times: user=0.01 sys=0.00, real=0.00 secs] 
2020-10-28T10:43:45.112+0000: [GC (Allocation Failure) 2020-10-28T10:43:45.112+0000: [ParNew: 16388K->4K(18432K), 0.0028726 secs] 450841K->434457K(794988K), 0.0029294 secs] [Times: user=0.00 sys=0.00, real=0.00 secs] 
2020-10-28T10:43:45.130+0000: [GC (Allocation Failure) 2020-10-28T10:43:45.130+0000: [ParNew: 16388K->4K(18432K), 0.0027328 secs] 450841K->434457K(794988K), 0.0027820 secs] [Times: user=0.01 sys=0.00, real=0.01 secs] 
2020-10-28T10:43:45.147+0000: [GC (Allocation Failure) 2020-10-28T10:43:45.147+0000: [ParNew: 16388K->4K(18432K), 0.0028027 secs] 450841K->434457K(794988K), 0.0028592 secs] [Times: user=0.00 sys=0.00, real=0.01 secs] 
2020-10-28T10:43:45.165+0000: [GC (Allocation Failure) 2020-10-28T10:43:45.165+0000: [ParNew: 16388K->4K(18432K), 0.0028610 secs] 450841K->434457K(794988K), 0.0029163 secs] [Times: user=0.01 sys=0.00, real=0.00 secs] 
2020-10-28T10:43:45.183+0000: [GC (Allocation Failure) 2020-10-28T10:43:45.183+0000: [ParNew: 16388K->4K(18432K), 0.0028532 secs] 450841K->434457K(794988K), 0.0029100 secs] [Times: user=0.00 sys=0.00, real=0.00 secs] 
2020-10-28T10:43:45.202+0000: [GC (Allocation Failure) 2020-10-28T10:43:45.202+0000: [ParNew: 16388K->4K(18432K), 0.0028055 secs] 450841K->434457K(794988K), 0.0028617 secs] [Times: user=0.01 sys=0.00, real=0.00 secs] 
2020-10-28T10:43:45.220+0000: [GC (Allocation Failure) 2020-10-28T10:43:45.220+0000: [ParNew: 16388K->4K(18432K), 0.0026943 secs] 450841K->434457K(794988K), 0.0027419 secs] [Times: user=0.00 sys=0.00, real=0.00 secs] 
2020-10-28T10:43:45.237+0000: [GC (Allocation Failure) 2020-10-28T10:43:45.237+0000: [ParNew: 16388K->4K(18432K), 0.0028854 secs] 450841K->434457K(794988K), 0.0029408 secs] [Times: user=0.01 sys=0.00, real=0.01 secs] 
2020-10-28T10:43:45.255+0000: [GC (Allocation Failure) 2020-10-28T10:43:45.255+0000: [ParNew: 16388K->4K(18432K), 0.0028092 secs] 450841K->434457K(794988K), 0.0028611 secs] [Times: user=0.00 sys=0.00, real=0.01 secs] 
2020-10-28T10:43:45.269+0000: [GC (Allocation Failure) 2020-10-28T10:43:45.269+0000: [ParNew: 12746K->4K(18432K), 0.0026528 secs] 447200K->434457K(794988K), 0.0027030 secs] [Times: user=0.00 sys=0.00, real=0.01 secs] 
2020-10-28T10:43:45.280+0000: [GC (Allocation Failure) 2020-10-28T10:43:45.280+0000: [ParNew: 16388K->4K(18432K), 0.0034134 secs] 450841K->442649K(794988K), 0.0034598 secs] [Times: user=0.00 sys=0.00, real=0.00 secs] 
2020-10-28T10:43:45.298+0000: [GC (Allocation Failure) 2020-10-28T10:43:45.298+0000: [ParNew: 16388K->4K(18432K), 0.0026512 secs] 459033K->442649K(794988K), 0.0026979 secs] [Times: user=0.01 sys=0.00, real=0.00 secs] 
2020-10-28T10:43:45.318+0000: [GC (Allocation Failure) 2020-10-28T10:43:45.318+0000: [ParNew: 16388K->4K(18432K), 0.0028157 secs] 459033K->442649K(794988K), 0.0028695 secs] [Times: user=0.01 sys=0.00, real=0.00 secs] 
2020-10-28T10:43:45.336+0000: [GC (Allocation Failure) 2020-10-28T10:43:45.336+0000: [ParNew: 16388K->4K(18432K), 0.0027602 secs] 459033K->442649K(794988K), 0.0028097 secs] [Times: user=0.01 sys=0.00, real=0.01 secs] 
2020-10-28T10:43:45.354+0000: [GC (Allocation Failure) 2020-10-28T10:43:45.354+0000: [ParNew: 16388K->4K(18432K), 0.0026978 secs] 459033K->442649K(794988K), 0.0027493 secs] [Times: user=0.01 sys=0.00, real=0.00 secs] 
2020-10-28T10:43:45.371+0000: [GC (Allocation Failure) 2020-10-28T10:43:45.371+0000: [ParNew: 16388K->4K(18432K), 0.0027431 secs] 459033K->442649K(794988K), 0.0027958 secs] [Times: user=0.00 sys=0.00, real=0.00 secs] 
2020-10-28T10:43:45.389+0000: [GC (Allocation Failure) 2020-10-28T10:43:45.389+0000: [ParNew: 16388K->4K(18432K), 0.0028138 secs] 459033K->442649K(794988K), 0.0028657 secs] [Times: user=0.01 sys=0.00, real=0.01 secs] 
2020-10-28T10:43:45.402+0000: [GC (Allocation Failure) 2020-10-28T10:43:45.402+0000: [ParNew: 16388K->4K(18432K), 0.0035374 secs] 459033K->450841K(794988K), 0.0035923 secs] [Times: user=0.00 sys=0.00, real=0.00 secs] 
2020-10-28T10:43:45.420+0000: [GC (Allocation Failure) 2020-10-28T10:43:45.420+0000: [ParNew: 16388K->4K(18432K), 0.0028865 secs] 467225K->450841K(794988K), 0.0029496 secs] [Times: user=0.01 sys=0.00, real=0.00 secs] 
2020-10-28T10:43:45.438+0000: [GC (Allocation Failure) 2020-10-28T10:43:45.438+0000: [ParNew: 16388K->4K(18432K), 0.0028493 secs] 467225K->450841K(794988K), 0.0029054 secs] [Times: user=0.01 sys=0.00, real=0.00 secs] 
2020-10-28T10:43:45.458+0000: [GC (Allocation Failure) 2020-10-28T10:43:45.458+0000: [ParNew: 16388K->4K(18432K), 0.0028296 secs] 467225K->450841K(794988K), 0.0028862 secs] [Times: user=0.00 sys=0.00, real=0.00 secs] 
2020-10-28T10:43:45.478+0000: [GC (Allocation Failure) 2020-10-28T10:43:45.478+0000: [ParNew: 16388K->4K(18432K), 0.0028347 secs] 467225K->450841K(794988K), 0.0028910 secs] [Times: user=0.01 sys=0.00, real=0.00 secs] 
2020-10-28T10:43:45.496+0000: [GC (Allocation Failure) 2020-10-28T10:43:45.496+0000: [ParNew: 16388K->4K(18432K), 0.0028452 secs] 467225K->450841K(794988K), 0.0029018 secs] [Times: user=0.01 sys=0.00, real=0.01 secs] 
2020-10-28T10:43:45.514+0000: [GC (Allocation Failure) 2020-10-28T10:43:45.514+0000: [ParNew: 16388K->4K(18432K), 0.0028721 secs] 467225K->450841K(794988K), 0.0029278 secs] [Times: user=0.01 sys=0.00, real=0.00 secs] 
2020-10-28T10:43:45.531+0000: [GC (Allocation Failure) 2020-10-28T10:43:45.531+0000: [ParNew: 16388K->4K(18432K), 0.0028242 secs] 467225K->450841K(794988K), 0.0028772 secs] [Times: user=0.00 sys=0.01, real=0.00 secs] 
2020-10-28T10:43:45.549+0000: [GC (Allocation Failure) 2020-10-28T10:43:45.549+0000: [ParNew: 16388K->4K(18432K), 0.0028409 secs] 467225K->450841K(794988K), 0.0028974 secs] [Times: user=0.00 sys=0.00, real=0.01 secs] 
2020-10-28T10:43:45.567+0000: [GC (Allocation Failure) 2020-10-28T10:43:45.567+0000: [ParNew: 16388K->4K(18432K), 0.0028662 secs] 467225K->450841K(794988K), 0.0029246 secs] [Times: user=0.01 sys=0.00, real=0.01 secs] 
2020-10-28T10:43:45.586+0000: [GC (Allocation Failure) 2020-10-28T10:43:45.586+0000: [ParNew: 16378K->4K(18432K), 0.0028643 secs] 467216K->450841K(794988K), 0.0029220 secs] [Times: user=0.00 sys=0.00, real=0.00 secs] 
2020-10-28T10:43:45.604+0000: [GC (Allocation Failure) 2020-10-28T10:43:45.604+0000: [ParNew: 16388K->4K(18432K), 0.0029768 secs] 467225K->450841K(794988K), 0.0030391 secs] [Times: user=0.01 sys=0.00, real=0.00 secs] 
2020-10-28T10:43:45.622+0000: [GC (Allocation Failure) 2020-10-28T10:43:45.622+0000: [ParNew: 16388K->4K(18432K), 0.0029938 secs] 467225K->450841K(794988K), 0.0030542 secs] [Times: user=0.00 sys=0.00, real=0.00 secs] 
2020-10-28T10:43:45.640+0000: [GC (Allocation Failure) 2020-10-28T10:43:45.640+0000: [ParNew: 16388K->4K(18432K), 0.0029717 secs] 467225K->450841K(794988K), 0.0030320 secs] [Times: user=0.01 sys=0.00, real=0.00 secs] 
2020-10-28T10:43:45.658+0000: [GC (Allocation Failure) 2020-10-28T10:43:45.658+0000: [ParNew: 16388K->4K(18432K), 0.0028050 secs] 467225K->450841K(794988K), 0.0028576 secs] [Times: user=0.00 sys=0.00, real=0.00 secs] 
2020-10-28T10:43:45.678+0000: [GC (Allocation Failure) 2020-10-28T10:43:45.678+0000: [ParNew: 16388K->4K(18432K), 0.0027875 secs] 467225K->450841K(794988K), 0.0028410 secs] [Times: user=0.01 sys=0.00, real=0.00 secs] 
2020-10-28T10:43:45.696+0000: [GC (Allocation Failure) 2020-10-28T10:43:45.696+0000: [ParNew: 16388K->4K(18432K), 0.0025917 secs] 467225K->450841K(794988K), 0.0026396 secs] [Times: user=0.00 sys=0.00, real=0.01 secs] 
2020-10-28T10:43:45.713+0000: [GC (Allocation Failure) 2020-10-28T10:43:45.713+0000: [ParNew: 16388K->4K(18432K), 0.0025343 secs] 467225K->450841K(794988K), 0.0025814 secs] [Times: user=0.00 sys=0.00, real=0.00 secs] 
2020-10-28T10:43:45.728+0000: [GC (Allocation Failure) 2020-10-28T10:43:45.728+0000: [ParNew: 13716K->4K(18432K), 0.0025556 secs] 464554K->450841K(794988K), 0.0025982 secs] [Times: user=0.00 sys=0.00, real=0.01 secs] 
2020-10-28T10:43:45.742+0000: [GC (Allocation Failure) 2020-10-28T10:43:45.742+0000: [ParNew: 16388K->4K(18432K), 0.0032589 secs] 467225K->459033K(794988K), 0.0033014 secs] [Times: user=0.01 sys=0.00, real=0.00 secs] 
2020-10-28T10:43:45.764+0000: [GC (Allocation Failure) 2020-10-28T10:43:45.764+0000: [ParNew: 16388K->4K(18432K), 0.0027340 secs] 475417K->459033K(794988K), 0.0027833 secs] [Times: user=0.01 sys=0.00, real=0.00 secs] 
2020-10-28T10:43:45.786+0000: [GC (Allocation Failure) 2020-10-28T10:43:45.786+0000: [ParNew: 16388K->4K(18432K), 0.0026201 secs] 475417K->459033K(794988K), 0.0026665 secs] [Times: user=0.01 sys=0.00, real=0.00 secs] 
2020-10-28T10:43:45.803+0000: [GC (Allocation Failure) 2020-10-28T10:43:45.803+0000: [ParNew: 16388K->4K(18432K), 0.0028197 secs] 475417K->459033K(794988K), 0.0028763 secs] [Times: user=0.00 sys=0.00, real=0.00 secs] 
2020-10-28T10:43:45.821+0000: [GC (Allocation Failure) 2020-10-28T10:43:45.821+0000: [ParNew: 16388K->4K(18432K), 0.0028791 secs] 475417K->459033K(794988K), 0.0029324 secs] [Times: user=0.01 sys=0.00, real=0.00 secs] 
2020-10-28T10:43:45.839+0000: [GC (Allocation Failure) 2020-10-28T10:43:45.839+0000: [ParNew: 16388K->4K(18432K), 0.0028339 secs] 475417K->459034K(794988K), 0.0028895 secs] [Times: user=0.01 sys=0.00, real=0.00 secs] 
2020-10-28T10:43:45.858+0000: [GC (Allocation Failure) 2020-10-28T10:43:45.858+0000: [ParNew: 16388K->4K(18432K), 0.0027639 secs] 475418K->459034K(794988K), 0.0028176 secs] [Times: user=0.01 sys=0.00, real=0.00 secs] 
2020-10-28T10:43:45.878+0000: [GC (Allocation Failure) 2020-10-28T10:43:45.878+0000: [ParNew: 16388K->4K(18432K), 0.0026947 secs] 475418K->459034K(794988K), 0.0027437 secs] [Times: user=0.01 sys=0.00, real=0.00 secs] 
2020-10-28T10:43:45.891+0000: [GC (Allocation Failure) 2020-10-28T10:43:45.891+0000: [ParNew: 11287K->4K(18432K), 0.0027871 secs] 470317K->459034K(794988K), 0.0028405 secs] [Times: user=0.00 sys=0.00, real=0.00 secs] 
2020-10-28T10:43:45.902+0000: [GC (Allocation Failure) 2020-10-28T10:43:45.902+0000: [ParNew: 16388K->4K(18432K), 0.0037304 secs] 475418K->467226K(794988K), 0.0037867 secs] [Times: user=0.00 sys=0.00, real=0.00 secs] 
2020-10-28T10:43:45.921+0000: [GC (Allocation Failure) 2020-10-28T10:43:45.921+0000: [ParNew: 16388K->4K(18432K), 0.0028198 secs] 483610K->467226K(794988K), 0.0028748 secs] [Times: user=0.01 sys=0.00, real=0.00 secs] 
2020-10-28T10:43:45.941+0000: [GC (Allocation Failure) 2020-10-28T10:43:45.941+0000: [ParNew: 16388K->4K(18432K), 0.0028079 secs] 483610K->467226K(794988K), 0.0028612 secs] [Times: user=0.00 sys=0.00, real=0.00 secs] 
2020-10-28T10:43:45.959+0000: [GC (Allocation Failure) 2020-10-28T10:43:45.959+0000: [ParNew: 16388K->4K(18432K), 0.0028314 secs] 483610K->467226K(794988K), 0.0028861 secs] [Times: user=0.01 sys=0.00, real=0.00 secs] 
2020-10-28T10:43:45.978+0000: [GC (Allocation Failure) 2020-10-28T10:43:45.978+0000: [ParNew: 16388K->4K(18432K), 0.0028344 secs] 483610K->467226K(794988K), 0.0028936 secs] [Times: user=0.01 sys=0.00, real=0.00 secs] 
2020-10-28T10:43:45.996+0000: [GC (Allocation Failure) 2020-10-28T10:43:45.996+0000: [ParNew: 16388K->4K(18432K), 0.0028521 secs] 483610K->467226K(794988K), 0.0029090 secs] [Times: user=0.01 sys=0.00, real=0.01 secs] 
2020-10-28T10:43:46.014+0000: [GC (Allocation Failure) 2020-10-28T10:43:46.014+0000: [ParNew: 16388K->4K(18432K), 0.0028167 secs] 483610K->467226K(794988K), 0.0028721 secs] [Times: user=0.01 sys=0.00, real=0.00 secs] 
2020-10-28T10:43:46.034+0000: [GC (Allocation Failure) 2020-10-28T10:43:46.034+0000: [ParNew: 16388K->4K(18432K), 0.0028648 secs] 483610K->467226K(794988K), 0.0029216 secs] [Times: user=0.00 sys=0.00, real=0.00 secs] 
2020-10-28T10:43:46.054+0000: [GC (Allocation Failure) 2020-10-28T10:43:46.054+0000: [ParNew: 16388K->4K(18432K), 0.0027241 secs] 483610K->467226K(794988K), 0.0027760 secs] [Times: user=0.01 sys=0.00, real=0.00 secs] 
2020-10-28T10:43:46.074+0000: [GC (Allocation Failure) 2020-10-28T10:43:46.074+0000: [ParNew: 16388K->4K(18432K), 0.0028357 secs] 483610K->467226K(794988K), 0.0028914 secs] [Times: user=0.00 sys=0.00, real=0.00 secs] 
2020-10-28T10:43:46.091+0000: [GC (Allocation Failure) 2020-10-28T10:43:46.092+0000: [ParNew: 16388K->4K(18432K), 0.0028097 secs] 483610K->467226K(794988K), 0.0028643 secs] [Times: user=0.01 sys=0.00, real=0.00 secs] 
2020-10-28T10:43:46.114+0000: [GC (Allocation Failure) 2020-10-28T10:43:46.114+0000: [ParNew: 16388K->4K(18432K), 0.0028582 secs] 483610K->467226K(794988K), 0.0029225 secs] [Times: user=0.01 sys=0.00, real=0.00 secs] 
2020-10-28T10:43:46.146+0000: [GC (Allocation Failure) 2020-10-28T10:43:46.146+0000: [ParNew: 16388K->4K(18432K), 0.0027963 secs] 483610K->467226K(794988K), 0.0028516 secs] [Times: user=0.00 sys=0.00, real=0.00 secs] 
2020-10-28T10:43:46.182+0000: [GC (Allocation Failure) 2020-10-28T10:43:46.182+0000: [ParNew: 16388K->4K(18432K), 0.0028025 secs] 483610K->467226K(794988K), 0.0028570 secs] [Times: user=0.01 sys=0.01, real=0.00 secs] 
2020-10-28T10:43:46.214+0000: [GC (Allocation Failure) 2020-10-28T10:43:46.214+0000: [ParNew: 16388K->4K(18432K), 0.0028503 secs] 483610K->467226K(794988K), 0.0029044 secs] [Times: user=0.01 sys=0.00, real=0.00 secs] 
2020-10-28T10:43:46.247+0000: [GC (Allocation Failure) 2020-10-28T10:43:46.247+0000: [ParNew: 16388K->4K(18432K), 0.0028835 secs] 483610K->467226K(794988K), 0.0029429 secs] [Times: user=0.00 sys=0.00, real=0.01 secs] 
2020-10-28T10:43:46.282+0000: [GC (Allocation Failure) 2020-10-28T10:43:46.282+0000: [ParNew: 16388K->4K(18432K), 0.0028370 secs] 483610K->467226K(794988K), 0.0028937 secs] [Times: user=0.01 sys=0.00, real=0.00 secs] 
2020-10-28T10:43:46.334+0000: [GC (Allocation Failure) 2020-10-28T10:43:46.334+0000: [ParNew: 16388K->4K(18432K), 0.0028919 secs] 483610K->467227K(794988K), 0.0029685 secs] [Times: user=0.01 sys=0.00, real=0.00 secs] 
2020-10-28T10:43:46.468+0000: [GC (Allocation Failure) 2020-10-28T10:43:46.468+0000: [ParNew: 16388K->4K(18432K), 0.0028501 secs] 483611K->467227K(794988K), 0.0029068 secs] [Times: user=0.01 sys=0.00, real=0.01 secs] 
2020-10-28T10:43:47.046+0000: [GC (Allocation Failure) 2020-10-28T10:43:47.046+0000: [ParNew: 16388K->4K(18432K), 0.0028568 secs] 483611K->467227K(794988K), 0.0029251 secs] [Times: user=0.01 sys=0.00, real=0.00 secs] 
2020-10-28T10:43:47.198+0000: [GC (Allocation Failure) 2020-10-28T10:43:47.198+0000: [ParNew: 16388K->4K(18432K), 0.0028664 secs] 483611K->467227K(794988K), 0.0029268 secs] [Times: user=0.00 sys=0.00, real=0.00 secs] 
2020-10-28T10:43:47.285+0000: [GC (Allocation Failure) 2020-10-28T10:43:47.285+0000: [ParNew: 16388K->4K(18432K), 0.0028656 secs] 483611K->467227K(794988K), 0.0029242 secs] [Times: user=0.01 sys=0.00, real=0.00 secs] 
2020-10-28T10:43:47.323+0000: [GC (Allocation Failure) 2020-10-28T10:43:47.323+0000: [ParNew: 16388K->4K(18432K), 0.0028748 secs] 483611K->467227K(794988K), 0.0029317 secs] [Times: user=0.00 sys=0.00, real=0.00 secs] 
2020-10-28T10:43:47.362+0000: [GC (Allocation Failure) 2020-10-28T10:43:47.362+0000: [ParNew: 16388K->4K(18432K), 0.0028162 secs] 483611K->467227K(794988K), 0.0028722 secs] [Times: user=0.00 sys=0.00, real=0.00 secs] 
2020-10-28T10:43:47.401+0000: [GC (Allocation Failure) 2020-10-28T10:43:47.401+0000: [ParNew: 16388K->4K(18432K), 0.0028611 secs] 483611K->467228K(794988K), 0.0029202 secs] [Times: user=0.01 sys=0.00, real=0.00 secs] 
2020-10-28T10:43:47.438+0000: [GC (Allocation Failure) 2020-10-28T10:43:47.438+0000: [ParNew: 16388K->4K(18432K), 0.0028281 secs] 483612K->467228K(794988K), 0.0028851 secs] [Times: user=0.01 sys=0.00, real=0.00 secs] 
2020-10-28T10:43:47.473+0000: [GC (Allocation Failure) 2020-10-28T10:43:47.473+0000: [ParNew: 16388K->2K(18432K), 0.0028278 secs] 483612K->467226K(794988K), 0.0028834 secs] [Times: user=0.01 sys=0.00, real=0.00 secs] 
2020-10-28T10:43:47.510+0000: [GC (Allocation Failure) 2020-10-28T10:43:47.510+0000: [ParNew: 16386K->4K(18432K), 0.0028220 secs] 483610K->467229K(794988K), 0.0028792 secs] [Times: user=0.01 sys=0.00, real=0.00 secs] 
2020-10-28T10:43:47.591+0000: [GC (Allocation Failure) 2020-10-28T10:43:47.591+0000: [ParNew: 16388K->4K(18432K), 0.0028810 secs] 483613K->467229K(794988K), 0.0029401 secs] [Times: user=0.01 sys=0.00, real=0.00 secs] 
Heap
 par new generation   total 18432K, used 11304K [0x00000000c0000000, 0x00000000c1400000, 0x00000000ca660000)
  eden space 16384K,  68% used [0x00000000c0000000, 0x00000000c0b09210, 0x00000000c1000000)
  from space 2048K,   0% used [0x00000000c1000000, 0x00000000c1001020, 0x00000000c1200000)
  to   space 2048K,   0% used [0x00000000c1200000, 0x00000000c1200000, 0x00000000c1400000)
 concurrent mark-sweep generation total 776556K, used 467225K [0x00000000ca660000, 0x00000000f9cbb000, 0x0000000100000000)
 Metaspace       used 69680K, capacity 70948K, committed 71108K, reserved 1110016K
  class space    used 9371K, capacity 9616K, committed 9700K, reserved 1048576K
End of LogType:stdout



Container: container_1603881480960_0001_01_000001 on ip-10-0-59-119.ec2.internal_8041
=======================================================================================
LogType:stderr
Log Upload Time:mer ott 28 10:43:57 +0000 2020
LogLength:12188
Log Contents:
SLF4J: Class path contains multiple SLF4J bindings.
SLF4J: Found binding in [jar:file:/mnt/yarn/usercache/hadoop/filecache/11/__spark_libs__8644027160902745838.zip/slf4j-log4j12-1.7.16.jar!/org/slf4j/impl/StaticLoggerBinder.class]
SLF4J: Found binding in [jar:file:/usr/lib/hadoop/lib/slf4j-log4j12-1.7.10.jar!/org/slf4j/impl/StaticLoggerBinder.class]
SLF4J: See http://www.slf4j.org/codes.html#multiple_bindings for an explanation.
SLF4J: Actual binding is of type [org.slf4j.impl.Log4jLoggerFactory]
20/10/28 10:41:55 INFO SignalUtils: Registered signal handler for TERM
20/10/28 10:41:55 INFO SignalUtils: Registered signal handler for HUP
20/10/28 10:41:55 INFO SignalUtils: Registered signal handler for INT
20/10/28 10:41:55 INFO SecurityManager: Changing view acls to: yarn,hadoop
20/10/28 10:41:55 INFO SecurityManager: Changing modify acls to: yarn,hadoop
20/10/28 10:41:55 INFO SecurityManager: Changing view acls groups to: 
20/10/28 10:41:55 INFO SecurityManager: Changing modify acls groups to: 
20/10/28 10:41:55 INFO SecurityManager: SecurityManager: authentication disabled; ui acls disabled; users  with view permissions: Set(yarn, hadoop); groups with view permissions: Set(); users  with modify permissions: Set(yarn, hadoop); groups with modify permissions: Set()
20/10/28 10:41:57 INFO ApplicationMaster: Preparing Local resources
20/10/28 10:41:58 INFO ApplicationMaster: ApplicationAttemptId: appattempt_1603881480960_0001_000001
20/10/28 10:41:58 INFO ApplicationMaster: Starting the user application in a separate Thread
20/10/28 10:41:58 INFO ApplicationMaster: Waiting for spark context initialization...
20/10/28 10:41:59 INFO SparkContext: Running Spark version 2.4.0
20/10/28 10:41:59 INFO SparkContext: Submitted application: SpectralRegressionSpark.py
20/10/28 10:41:59 INFO SecurityManager: Changing view acls to: yarn,hadoop
20/10/28 10:41:59 INFO SecurityManager: Changing modify acls to: yarn,hadoop
20/10/28 10:41:59 INFO SecurityManager: Changing view acls groups to: 
20/10/28 10:41:59 INFO SecurityManager: Changing modify acls groups to: 
20/10/28 10:41:59 INFO SecurityManager: SecurityManager: authentication disabled; ui acls disabled; users  with view permissions: Set(yarn, hadoop); groups with view permissions: Set(); users  with modify permissions: Set(yarn, hadoop); groups with modify permissions: Set()
20/10/28 10:41:59 INFO Utils: Successfully started service 'sparkDriver' on port 42545.
20/10/28 10:41:59 INFO SparkEnv: Registering MapOutputTracker
20/10/28 10:41:59 INFO SparkEnv: Registering BlockManagerMaster
20/10/28 10:41:59 INFO BlockManagerMasterEndpoint: Using org.apache.spark.storage.DefaultTopologyMapper for getting topology information
20/10/28 10:41:59 INFO BlockManagerMasterEndpoint: BlockManagerMasterEndpoint up
20/10/28 10:41:59 INFO DiskBlockManager: Created local directory at /mnt/yarn/usercache/hadoop/appcache/application_1603881480960_0001/blockmgr-c93a80b7-cea9-4214-a0b1-04fc7e686433
20/10/28 10:41:59 INFO MemoryStore: MemoryStore started with capacity 424.4 MB
20/10/28 10:41:59 INFO SparkEnv: Registering OutputCommitCoordinator
20/10/28 10:42:00 INFO JettyUtils: Adding filter org.apache.hadoop.yarn.server.webproxy.amfilter.AmIpFilter to /jobs, /jobs/json, /jobs/job, /jobs/job/json, /stages, /stages/json, /stages/stage, /stages/stage/json, /stages/pool, /stages/pool/json, /storage, /storage/json, /storage/rdd, /storage/rdd/json, /environment, /environment/json, /executors, /executors/json, /executors/threadDump, /executors/threadDump/json, /static, /, /api, /jobs/job/kill, /stages/stage/kill.
20/10/28 10:42:00 INFO Utils: Successfully started service 'SparkUI' on port 36299.
20/10/28 10:42:00 INFO SparkUI: Bound SparkUI to 0.0.0.0, and started at http://ip-10-0-59-119.ec2.internal:36299
20/10/28 10:42:00 INFO YarnClusterScheduler: Created YarnClusterScheduler
20/10/28 10:42:00 INFO SchedulerExtensionServices: Starting Yarn extension services with app application_1603881480960_0001 and attemptId Some(appattempt_1603881480960_0001_000001)
20/10/28 10:42:00 INFO Utils: Using initial executors = 0, max of spark.dynamicAllocation.initialExecutors, spark.dynamicAllocation.minExecutors and spark.executor.instances
20/10/28 10:42:00 INFO Utils: Successfully started service 'org.apache.spark.network.netty.NettyBlockTransferService' on port 35465.
20/10/28 10:42:00 INFO NettyBlockTransferService: Server created on ip-10-0-59-119.ec2.internal:35465
20/10/28 10:42:00 INFO BlockManager: Using org.apache.spark.storage.RandomBlockReplicationPolicy for block replication policy
20/10/28 10:42:00 INFO BlockManagerMaster: Registering BlockManager BlockManagerId(driver, ip-10-0-59-119.ec2.internal, 35465, None)
20/10/28 10:42:00 INFO BlockManagerMasterEndpoint: Registering block manager ip-10-0-59-119.ec2.internal:35465 with 424.4 MB RAM, BlockManagerId(driver, ip-10-0-59-119.ec2.internal, 35465, None)
20/10/28 10:42:00 INFO BlockManagerMaster: Registered BlockManager BlockManagerId(driver, ip-10-0-59-119.ec2.internal, 35465, None)
20/10/28 10:42:00 INFO BlockManager: external shuffle service port = 7337
20/10/28 10:42:00 INFO BlockManager: Initialized BlockManager: BlockManagerId(driver, ip-10-0-59-119.ec2.internal, 35465, None)
20/10/28 10:42:00 INFO JettyUtils: Adding filter org.apache.hadoop.yarn.server.webproxy.amfilter.AmIpFilter to /metrics/json.
20/10/28 10:42:01 INFO EventLoggingListener: Logging events to hdfs:/var/log/spark/apps/application_1603881480960_0001_1
20/10/28 10:42:01 INFO Utils: Using initial executors = 0, max of spark.dynamicAllocation.initialExecutors, spark.dynamicAllocation.minExecutors and spark.executor.instances
20/10/28 10:42:01 WARN YarnSchedulerBackend$YarnSchedulerEndpoint: Attempted to request executors before the AM has registered!
20/10/28 10:42:01 INFO RMProxy: Connecting to ResourceManager at ip-10-0-49-143.ec2.internal/10.0.49.143:8030
20/10/28 10:42:01 INFO YarnRMClient: Registering the ApplicationMaster
20/10/28 10:42:02 INFO ApplicationMaster: 
===============================================================================
YARN executor launch context:
  env:
    CLASSPATH -> /usr/lib/hadoop-lzo/lib/*:/usr/lib/hadoop/hadoop-aws.jar:/usr/share/aws/aws-java-sdk/*:/usr/share/aws/emr/emrfs/conf:/usr/share/aws/emr/emrfs/lib/*:/usr/share/aws/emr/emrfs/auxlib/*:/usr/share/aws/emr/goodies/lib/emr-spark-goodies.jar:/usr/share/aws/emr/security/conf:/usr/share/aws/emr/security/lib/*:/usr/share/aws/hmclient/lib/aws-glue-datacatalog-spark-client.jar:/usr/share/java/Hive-JSON-Serde/hive-openx-serde.jar:/usr/share/aws/sagemaker-spark-sdk/lib/sagemaker-spark-sdk.jar:/usr/share/aws/emr/s3select/lib/emr-s3-select-spark-connector.jar<CPS>{{PWD}}<CPS>{{PWD}}/__spark_conf__<CPS>{{PWD}}/__spark_libs__/*<CPS>$HADOOP_CONF_DIR<CPS>$HADOOP_COMMON_HOME/*<CPS>$HADOOP_COMMON_HOME/lib/*<CPS>$HADOOP_HDFS_HOME/*<CPS>$HADOOP_HDFS_HOME/lib/*<CPS>$HADOOP_MAPRED_HOME/*<CPS>$HADOOP_MAPRED_HOME/lib/*<CPS>$HADOOP_YARN_HOME/*<CPS>$HADOOP_YARN_HOME/lib/*<CPS>/usr/lib/hadoop-lzo/lib/*<CPS>/usr/share/aws/emr/emrfs/conf<CPS>/usr/share/aws/emr/emrfs/lib/*<CPS>/usr/share/aws/emr/emrfs/auxlib/*<CPS>/usr/share/aws/emr/lib/*<CPS>/usr/share/aws/emr/ddb/lib/emr-ddb-hadoop.jar<CPS>/usr/share/aws/emr/goodies/lib/emr-hadoop-goodies.jar<CPS>/usr/share/aws/emr/cloudwatch-sink/lib/*<CPS>/usr/share/aws/aws-java-sdk/*<CPS>$HADOOP_MAPRED_HOME/share/hadoop/mapreduce/*<CPS>$HADOOP_MAPRED_HOME/share/hadoop/mapreduce/lib/*<CPS>/usr/lib/hadoop-lzo/lib/*<CPS>/usr/share/aws/emr/emrfs/conf<CPS>/usr/share/aws/emr/emrfs/lib/*<CPS>/usr/share/aws/emr/emrfs/auxlib/*<CPS>/usr/share/aws/emr/lib/*<CPS>/usr/share/aws/emr/ddb/lib/emr-ddb-hadoop.jar<CPS>/usr/share/aws/emr/goodies/lib/emr-hadoop-goodies.jar<CPS>/usr/share/aws/emr/cloudwatch-sink/lib/*<CPS>/usr/share/aws/aws-java-sdk/*<CPS>{{PWD}}/__spark_conf__/__hadoop_conf__
    SPARK_YARN_STAGING_DIR -> hdfs://ip-10-0-49-143.ec2.internal:8020/user/hadoop/.sparkStaging/application_1603881480960_0001
    SPARK_USER -> hadoop
    PYTHONPATH -> {{PWD}}/pyspark.zip<CPS>{{PWD}}/py4j-0.10.7-src.zip
    SPARK_PUBLIC_DNS -> ip-10-0-59-119.ec2.internal

  command:
    LD_LIBRARY_PATH=\"/usr/lib/hadoop/lib/native:/usr/lib/hadoop-lzo/lib/native:$LD_LIBRARY_PATH\" \ 
      {{JAVA_HOME}}/bin/java \ 
      -server \ 
      -Xmx1024m \ 
      '-verbose:gc' \ 
      '-XX:+PrintGCDetails' \ 
      '-XX:+PrintGCDateStamps' \ 
      '-XX:+UseConcMarkSweepGC' \ 
      '-XX:CMSInitiatingOccupancyFraction=70' \ 
      '-XX:MaxHeapFreeRatio=70' \ 
      '-XX:+CMSClassUnloadingEnabled' \ 
      '-XX:OnOutOfMemoryError=kill -9 %p' \ 
      -Djava.io.tmpdir={{PWD}}/tmp \ 
      '-Dspark.driver.port=42545' \ 
      '-Dspark.history.ui.port=18080' \ 
      '-Dspark.ui.port=0' \ 
      -Dspark.yarn.app.container.log.dir=<LOG_DIR> \ 
      org.apache.spark.executor.CoarseGrainedExecutorBackend \ 
      --driver-url \ 
      spark://CoarseGrainedScheduler@ip-10-0-59-119.ec2.internal:42545 \ 
      --executor-id \ 
      <executorId> \ 
      --hostname \ 
      <hostname> \ 
      --cores \ 
      2 \ 
      --app-id \ 
      application_1603881480960_0001 \ 
      --user-class-path \ 
      file:$PWD/__app__.jar \ 
      1><LOG_DIR>/stdout \ 
      2><LOG_DIR>/stderr

  resources:
    pyspark.zip -> resource { scheme: "hdfs" host: "ip-10-0-49-143.ec2.internal" port: 8020 file: "/user/hadoop/.sparkStaging/application_1603881480960_0001/pyspark.zip" } size: 589684 timestamp: 1603881707452 type: FILE visibility: PRIVATE
    py4j-0.10.7-src.zip -> resource { scheme: "hdfs" host: "ip-10-0-49-143.ec2.internal" port: 8020 file: "/user/hadoop/.sparkStaging/application_1603881480960_0001/py4j-0.10.7-src.zip" } size: 42437 timestamp: 1603881707490 type: FILE visibility: PRIVATE
    __spark_libs__ -> resource { scheme: "hdfs" host: "ip-10-0-49-143.ec2.internal" port: 8020 file: "/user/hadoop/.sparkStaging/application_1603881480960_0001/__spark_libs__8644027160902745838.zip" } size: 229091301 timestamp: 1603881707139 type: ARCHIVE visibility: PRIVATE
    __spark_conf__ -> resource { scheme: "hdfs" host: "ip-10-0-49-143.ec2.internal" port: 8020 file: "/user/hadoop/.sparkStaging/application_1603881480960_0001/__spark_conf__.zip" } size: 210447 timestamp: 1603881707693 type: ARCHIVE visibility: PRIVATE

===============================================================================
20/10/28 10:42:02 INFO Utils: Using initial executors = 0, max of spark.dynamicAllocation.initialExecutors, spark.dynamicAllocation.minExecutors and spark.executor.instances
20/10/28 10:42:02 INFO YarnSchedulerBackend$YarnSchedulerEndpoint: ApplicationMaster registered as NettyRpcEndpointRef(spark://YarnAM@ip-10-0-59-119.ec2.internal:42545)
20/10/28 10:42:02 INFO ApplicationMaster: Started progress reporter thread with (heartbeat : 3000, initial allocation : 200) intervals
20/10/28 10:42:02 INFO YarnClusterSchedulerBackend: SchedulerBackend is ready for scheduling beginning after reached minRegisteredResourcesRatio: 0.8
20/10/28 10:42:02 INFO YarnClusterScheduler: YarnClusterScheduler.postStartHook done
20/10/28 10:42:02 INFO SharedState: loading hive config file: file:/mnt/yarn/usercache/hadoop/filecache/12/__spark_conf__.zip/__hadoop_conf__/hive-site.xml
20/10/28 10:42:02 INFO SharedState: Setting hive.metastore.warehouse.dir ('null') to the value of spark.sql.warehouse.dir ('hdfs:///user/spark/warehouse').
20/10/28 10:42:02 INFO SharedState: Warehouse path is 'hdfs:///user/spark/warehouse'.
20/10/28 10:42:02 INFO JettyUtils: Adding filter org.apache.hadoop.yarn.server.webproxy.amfilter.AmIpFilter to /SQL.
20/10/28 10:42:02 INFO JettyUtils: Adding filter org.apache.hadoop.yarn.server.webproxy.amfilter.AmIpFilter to /SQL/json.
20/10/28 10:42:02 INFO JettyUtils: Adding filter org.apache.hadoop.yarn.server.webproxy.amfilter.AmIpFilter to /SQL/execution.
20/10/28 10:42:02 INFO JettyUtils: Adding filter org.apache.hadoop.yarn.server.webproxy.amfilter.AmIpFilter to /SQL/execution/json.
20/10/28 10:42:02 INFO JettyUtils: Adding filter org.apache.hadoop.yarn.server.webproxy.amfilter.AmIpFilter to /static/sql.
20/10/28 10:42:03 INFO StateStoreCoordinatorRef: Registered StateStoreCoordinator endpoint
End of LogType:stderr

LogType:stdout
Log Upload Time:mer ott 28 10:43:57 +0000 2020
LogLength:1080
Log Contents:



 *******



 BEGIN



 *******



s3://spectral-regression-spark-bucket/spectral_data_class.csv
Loading DataFrame from file...

Schema of original DataFrame:
root
 |-- spectroFlux_u: double (nullable = true)
 |-- spectroFlux_g: double (nullable = true)
 |-- spectroFlux_r: double (nullable = true)
 |-- spectroFlux_i: double (nullable = true)
 |-- spectroFlux_z: double (nullable = true)
 |-- source_class: string (nullable = true)
 |-- redshift: double (nullable = true)


Schema of DataFrame with differences between spectral classes:
root
 |-- redshift: double (nullable = true)
 |-- u_g: double (nullable = true)
 |-- g_r: double (nullable = true)
 |-- r_i: double (nullable = true)
 |-- i_z: double (nullable = true)


Schema of DataFrame ready for regression models:
root
 |-- redshift: double (nullable = true)
 |-- features: vector (nullable = true)


Training Linear Regressor on training data...
...done.


Evaluating model on test data...


Root Mean Squared Error (RMSE) on test data = 0.839140716171

Time elapsed: 98.5958750248



 *******



 END



 *******



End of LogType:stdout



Container: container_1603881480960_0001_01_000002 on ip-10-0-61-153.ec2.internal_8041
=======================================================================================
LogType:stderr
Log Upload Time:mer ott 28 10:43:56 +0000 2020
LogLength:19339
Log Contents:
SLF4J: Class path contains multiple SLF4J bindings.
SLF4J: Found binding in [jar:file:/mnt/yarn/usercache/hadoop/filecache/11/__spark_libs__8644027160902745838.zip/slf4j-log4j12-1.7.16.jar!/org/slf4j/impl/StaticLoggerBinder.class]
SLF4J: Found binding in [jar:file:/usr/lib/hadoop/lib/slf4j-log4j12-1.7.10.jar!/org/slf4j/impl/StaticLoggerBinder.class]
SLF4J: See http://www.slf4j.org/codes.html#multiple_bindings for an explanation.
SLF4J: Actual binding is of type [org.slf4j.impl.Log4jLoggerFactory]
20/10/28 10:42:17 INFO CoarseGrainedExecutorBackend: Started daemon with process name: 23615@ip-10-0-61-153
20/10/28 10:42:17 INFO SignalUtils: Registered signal handler for TERM
20/10/28 10:42:17 INFO SignalUtils: Registered signal handler for HUP
20/10/28 10:42:17 INFO SignalUtils: Registered signal handler for INT
20/10/28 10:42:18 INFO SecurityManager: Changing view acls to: yarn,hadoop
20/10/28 10:42:18 INFO SecurityManager: Changing modify acls to: yarn,hadoop
20/10/28 10:42:18 INFO SecurityManager: Changing view acls groups to: 
20/10/28 10:42:18 INFO SecurityManager: Changing modify acls groups to: 
20/10/28 10:42:18 INFO SecurityManager: SecurityManager: authentication disabled; ui acls disabled; users  with view permissions: Set(yarn, hadoop); groups with view permissions: Set(); users  with modify permissions: Set(yarn, hadoop); groups with modify permissions: Set()
20/10/28 10:42:19 INFO TransportClientFactory: Successfully created connection to ip-10-0-59-119.ec2.internal/10.0.59.119:42545 after 90 ms (0 ms spent in bootstraps)
20/10/28 10:42:19 INFO SecurityManager: Changing view acls to: yarn,hadoop
20/10/28 10:42:19 INFO SecurityManager: Changing modify acls to: yarn,hadoop
20/10/28 10:42:19 INFO SecurityManager: Changing view acls groups to: 
20/10/28 10:42:19 INFO SecurityManager: Changing modify acls groups to: 
20/10/28 10:42:19 INFO SecurityManager: SecurityManager: authentication disabled; ui acls disabled; users  with view permissions: Set(yarn, hadoop); groups with view permissions: Set(); users  with modify permissions: Set(yarn, hadoop); groups with modify permissions: Set()
20/10/28 10:42:19 INFO TransportClientFactory: Successfully created connection to ip-10-0-59-119.ec2.internal/10.0.59.119:42545 after 23 ms (0 ms spent in bootstraps)
20/10/28 10:42:19 INFO DiskBlockManager: Created local directory at /mnt/yarn/usercache/hadoop/appcache/application_1603881480960_0001/blockmgr-ea2d6f5a-c825-4a0a-8a3c-557a721b3666
20/10/28 10:42:19 INFO MemoryStore: MemoryStore started with capacity 424.4 MB
20/10/28 10:42:19 INFO CoarseGrainedExecutorBackend: Connecting to driver: spark://CoarseGrainedScheduler@ip-10-0-59-119.ec2.internal:42545
20/10/28 10:42:20 INFO CoarseGrainedExecutorBackend: Successfully registered with driver
20/10/28 10:42:20 INFO Executor: Starting executor ID 1 on host ip-10-0-61-153.ec2.internal
20/10/28 10:42:20 INFO Utils: Successfully started service 'org.apache.spark.network.netty.NettyBlockTransferService' on port 45293.
20/10/28 10:42:20 INFO NettyBlockTransferService: Server created on ip-10-0-61-153.ec2.internal:45293
20/10/28 10:42:20 INFO BlockManager: Using org.apache.spark.storage.RandomBlockReplicationPolicy for block replication policy
20/10/28 10:42:20 INFO BlockManagerMaster: Registering BlockManager BlockManagerId(1, ip-10-0-61-153.ec2.internal, 45293, None)
20/10/28 10:42:20 INFO BlockManagerMaster: Registered BlockManager BlockManagerId(1, ip-10-0-61-153.ec2.internal, 45293, None)
20/10/28 10:42:20 INFO BlockManager: external shuffle service port = 7337
20/10/28 10:42:20 INFO BlockManager: Registering executor with local external shuffle service.
20/10/28 10:42:20 INFO TransportClientFactory: Successfully created connection to ip-10-0-61-153.ec2.internal/10.0.61.153:7337 after 14 ms (0 ms spent in bootstraps)
20/10/28 10:42:20 INFO BlockManager: Initialized BlockManager: BlockManagerId(1, ip-10-0-61-153.ec2.internal, 45293, None)
20/10/28 10:42:20 INFO CoarseGrainedExecutorBackend: Got assigned task 0
20/10/28 10:42:20 INFO Executor: Running task 0.0 in stage 0.0 (TID 0)
20/10/28 10:42:20 INFO TorrentBroadcast: Started reading broadcast variable 1
20/10/28 10:42:20 INFO TransportClientFactory: Successfully created connection to ip-10-0-59-119.ec2.internal/10.0.59.119:35465 after 5 ms (0 ms spent in bootstraps)
20/10/28 10:42:20 INFO MemoryStore: Block broadcast_1_piece0 stored as bytes in memory (estimated size 14.0 KB, free 424.4 MB)
20/10/28 10:42:20 INFO TorrentBroadcast: Reading broadcast variable 1 took 157 ms
20/10/28 10:42:20 INFO MemoryStore: Block broadcast_1 stored as values in memory (estimated size 33.5 KB, free 424.4 MB)
20/10/28 10:42:22 INFO CodeGenerator: Code generated in 472.318802 ms
20/10/28 10:42:22 INFO CodeGenerator: Code generated in 84.017386 ms
20/10/28 10:42:22 INFO CodeGenerator: Code generated in 36.263607 ms
20/10/28 10:42:22 INFO FileScanRDD: Reading File path: s3://spectral-regression-spark-bucket/spectral_data_class.csv, range: 0-134217728, partition values: [empty row]
20/10/28 10:42:22 INFO CodeGenerator: Code generated in 36.363395 ms
20/10/28 10:42:22 INFO TorrentBroadcast: Started reading broadcast variable 0
20/10/28 10:42:22 INFO MemoryStore: Block broadcast_0_piece0 stored as bytes in memory (estimated size 36.8 KB, free 424.3 MB)
20/10/28 10:42:22 INFO TorrentBroadcast: Reading broadcast variable 0 took 23 ms
20/10/28 10:42:22 INFO MemoryStore: Block broadcast_0 stored as values in memory (estimated size 576.5 KB, free 423.7 MB)
20/10/28 10:42:25 INFO S3NativeFileSystem: Opening 's3://spectral-regression-spark-bucket/spectral_data_class.csv' for reading
20/10/28 10:42:25 INFO GPLNativeCodeLoader: Loaded native gpl library
20/10/28 10:42:25 INFO LzoCodec: Successfully loaded & initialized native-lzo library [hadoop-lzo rev 1546b8dc0ca6f1ffd26a812d52bd7b80915e0a25]
20/10/28 10:42:35 INFO Executor: Finished task 0.0 in stage 0.0 (TID 0). 1922 bytes result sent to driver
20/10/28 10:42:36 INFO CoarseGrainedExecutorBackend: Got assigned task 1
20/10/28 10:42:36 INFO CoarseGrainedExecutorBackend: Got assigned task 2
20/10/28 10:42:36 INFO Executor: Running task 0.0 in stage 1.0 (TID 1)
20/10/28 10:42:36 INFO Executor: Running task 1.0 in stage 1.0 (TID 2)
20/10/28 10:42:36 INFO TorrentBroadcast: Started reading broadcast variable 4
20/10/28 10:42:36 INFO MemoryStore: Block broadcast_4_piece0 stored as bytes in memory (estimated size 15.5 KB, free 423.8 MB)
20/10/28 10:42:36 INFO TorrentBroadcast: Reading broadcast variable 4 took 11 ms
20/10/28 10:42:36 INFO MemoryStore: Block broadcast_4 stored as values in memory (estimated size 36.6 KB, free 423.7 MB)
20/10/28 10:42:36 INFO CodeGenerator: Code generated in 117.314338 ms
20/10/28 10:42:38 INFO CodeGenerator: Code generated in 30.348609 ms
20/10/28 10:42:38 INFO FileScanRDD: Reading File path: s3://spectral-regression-spark-bucket/spectral_data_class.csv, range: 134217728-268435456, partition values: [empty row]
20/10/28 10:42:38 INFO FileScanRDD: Reading File path: s3://spectral-regression-spark-bucket/spectral_data_class.csv, range: 0-134217728, partition values: [empty row]
20/10/28 10:42:38 INFO TorrentBroadcast: Started reading broadcast variable 2
20/10/28 10:42:38 INFO MemoryStore: Block broadcast_2_piece0 stored as bytes in memory (estimated size 36.8 KB, free 423.6 MB)
20/10/28 10:42:38 INFO TorrentBroadcast: Reading broadcast variable 2 took 18 ms
20/10/28 10:42:38 INFO MemoryStore: Block broadcast_2 stored as values in memory (estimated size 576.5 KB, free 423.0 MB)
20/10/28 10:42:38 INFO S3NativeFileSystem: Opening 's3://spectral-regression-spark-bucket/spectral_data_class.csv' for reading
20/10/28 10:42:38 INFO S3NativeFileSystem: Opening 's3://spectral-regression-spark-bucket/spectral_data_class.csv' for reading
20/10/28 10:42:47 INFO UnsafeExternalSorter: Thread 36 spilling sort data of 192.0 MB to disk (0  time so far)
20/10/28 10:42:47 INFO UnsafeExternalSorter: Thread 28 spilling sort data of 192.0 MB to disk (0  time so far)
20/10/28 10:42:54 INFO JniLoader: successfully loaded /mnt/yarn/usercache/hadoop/appcache/application_1603881480960_0001/container_1603881480960_0001_01_000002/tmp/jniloader392061147925434365netlib-native_system-linux-x86_64.so
20/10/28 10:42:58 INFO Executor: Finished task 0.0 in stage 1.0 (TID 1). 2442 bytes result sent to driver
20/10/28 10:42:58 INFO Executor: Finished task 1.0 in stage 1.0 (TID 2). 2399 bytes result sent to driver
20/10/28 10:42:59 INFO CoarseGrainedExecutorBackend: Got assigned task 4
20/10/28 10:42:59 INFO Executor: Running task 0.0 in stage 2.0 (TID 4)
20/10/28 10:42:59 INFO CoarseGrainedExecutorBackend: Got assigned task 6
20/10/28 10:42:59 INFO TorrentBroadcast: Started reading broadcast variable 6
20/10/28 10:42:59 INFO Executor: Running task 2.0 in stage 2.0 (TID 6)
20/10/28 10:42:59 INFO MemoryStore: Block broadcast_6_piece0 stored as bytes in memory (estimated size 17.2 KB, free 423.8 MB)
20/10/28 10:42:59 INFO TorrentBroadcast: Reading broadcast variable 6 took 12 ms
20/10/28 10:42:59 INFO MemoryStore: Block broadcast_6 stored as values in memory (estimated size 38.2 KB, free 423.8 MB)
20/10/28 10:43:00 INFO CodeGenerator: Code generated in 67.78045 ms
20/10/28 10:43:00 INFO CodeGenerator: Code generated in 21.271942 ms
20/10/28 10:43:00 INFO FileScanRDD: Reading File path: s3://spectral-regression-spark-bucket/spectral_data_class.csv, range: 161602326-242403489, partition values: [empty row]
20/10/28 10:43:00 INFO TorrentBroadcast: Started reading broadcast variable 5
20/10/28 10:43:00 INFO FileScanRDD: Reading File path: s3://spectral-regression-spark-bucket/spectral_data_class.csv, range: 0-80801163, partition values: [empty row]
20/10/28 10:43:00 INFO MemoryStore: Block broadcast_5_piece0 stored as bytes in memory (estimated size 36.8 KB, free 423.6 MB)
20/10/28 10:43:00 INFO TorrentBroadcast: Reading broadcast variable 5 took 12 ms
20/10/28 10:43:00 INFO MemoryStore: Block broadcast_5 stored as values in memory (estimated size 576.5 KB, free 423.0 MB)
20/10/28 10:43:00 INFO S3NativeFileSystem: Opening 's3://spectral-regression-spark-bucket/spectral_data_class.csv' for reading
20/10/28 10:43:00 INFO S3NativeFileSystem: Opening 's3://spectral-regression-spark-bucket/spectral_data_class.csv' for reading
20/10/28 10:43:09 INFO Executor: Finished task 2.0 in stage 2.0 (TID 6). 2343 bytes result sent to driver
20/10/28 10:43:10 INFO Executor: Finished task 0.0 in stage 2.0 (TID 4). 2343 bytes result sent to driver
20/10/28 10:43:13 INFO CoarseGrainedExecutorBackend: Got assigned task 8
20/10/28 10:43:13 INFO CoarseGrainedExecutorBackend: Got assigned task 10
20/10/28 10:43:13 INFO Executor: Running task 2.0 in stage 3.0 (TID 10)
20/10/28 10:43:13 INFO Executor: Running task 0.0 in stage 3.0 (TID 8)
20/10/28 10:43:13 INFO TorrentBroadcast: Started reading broadcast variable 7
20/10/28 10:43:13 INFO MemoryStore: Block broadcast_7_piece0 stored as bytes in memory (estimated size 16.9 KB, free 423.2 MB)
20/10/28 10:43:13 INFO TorrentBroadcast: Reading broadcast variable 7 took 10 ms
20/10/28 10:43:13 INFO MemoryStore: Block broadcast_7 stored as values in memory (estimated size 37.3 KB, free 423.2 MB)
20/10/28 10:43:13 INFO FileScanRDD: Reading File path: s3://spectral-regression-spark-bucket/spectral_data_class.csv, range: 0-80801163, partition values: [empty row]
20/10/28 10:43:13 INFO FileScanRDD: Reading File path: s3://spectral-regression-spark-bucket/spectral_data_class.csv, range: 161602326-242403489, partition values: [empty row]
20/10/28 10:43:13 INFO S3NativeFileSystem: Opening 's3://spectral-regression-spark-bucket/spectral_data_class.csv' for reading
20/10/28 10:43:13 INFO S3NativeFileSystem: Opening 's3://spectral-regression-spark-bucket/spectral_data_class.csv' for reading
20/10/28 10:43:22 INFO Executor: Finished task 2.0 in stage 3.0 (TID 10). 1860 bytes result sent to driver
20/10/28 10:43:22 INFO Executor: Finished task 0.0 in stage 3.0 (TID 8). 1860 bytes result sent to driver
20/10/28 10:43:25 INFO CoarseGrainedExecutorBackend: Got assigned task 12
20/10/28 10:43:25 INFO CoarseGrainedExecutorBackend: Got assigned task 14
20/10/28 10:43:25 INFO Executor: Running task 2.0 in stage 4.0 (TID 14)
20/10/28 10:43:25 INFO TorrentBroadcast: Started reading broadcast variable 9
20/10/28 10:43:25 INFO Executor: Running task 0.0 in stage 4.0 (TID 12)
20/10/28 10:43:25 INFO MemoryStore: Block broadcast_9_piece0 stored as bytes in memory (estimated size 15.1 KB, free 423.2 MB)
20/10/28 10:43:25 INFO TorrentBroadcast: Reading broadcast variable 9 took 14 ms
20/10/28 10:43:25 INFO MemoryStore: Block broadcast_9 stored as values in memory (estimated size 33.2 KB, free 423.1 MB)
20/10/28 10:43:25 INFO CodeGenerator: Code generated in 57.914686 ms
20/10/28 10:43:25 INFO FileScanRDD: Reading File path: s3://spectral-regression-spark-bucket/spectral_data_class.csv, range: 0-80801163, partition values: [empty row]
20/10/28 10:43:25 INFO TorrentBroadcast: Started reading broadcast variable 8
20/10/28 10:43:25 INFO FileScanRDD: Reading File path: s3://spectral-regression-spark-bucket/spectral_data_class.csv, range: 161602326-242403489, partition values: [empty row]
20/10/28 10:43:25 INFO MemoryStore: Block broadcast_8_piece0 stored as bytes in memory (estimated size 36.8 KB, free 423.0 MB)
20/10/28 10:43:25 INFO TorrentBroadcast: Reading broadcast variable 8 took 18 ms
20/10/28 10:43:25 INFO MemoryStore: Block broadcast_8 stored as values in memory (estimated size 576.5 KB, free 422.4 MB)
20/10/28 10:43:25 INFO S3NativeFileSystem: Opening 's3://spectral-regression-spark-bucket/spectral_data_class.csv' for reading
20/10/28 10:43:25 INFO S3NativeFileSystem: Opening 's3://spectral-regression-spark-bucket/spectral_data_class.csv' for reading
20/10/28 10:43:33 INFO Executor: Finished task 2.0 in stage 4.0 (TID 14). 2589 bytes result sent to driver
20/10/28 10:43:33 INFO Executor: Finished task 0.0 in stage 4.0 (TID 12). 2546 bytes result sent to driver
20/10/28 10:43:35 INFO CoarseGrainedExecutorBackend: Got assigned task 16
20/10/28 10:43:35 INFO Executor: Running task 0.0 in stage 5.0 (TID 16)
20/10/28 10:43:35 INFO MapOutputTrackerWorker: Updating epoch to 1 and clearing cache
20/10/28 10:43:35 INFO TorrentBroadcast: Started reading broadcast variable 10
20/10/28 10:43:35 INFO MemoryStore: Block broadcast_10_piece0 stored as bytes in memory (estimated size 3.8 KB, free 422.5 MB)
20/10/28 10:43:35 INFO TorrentBroadcast: Reading broadcast variable 10 took 8 ms
20/10/28 10:43:35 INFO MemoryStore: Block broadcast_10 stored as values in memory (estimated size 7.1 KB, free 422.5 MB)
20/10/28 10:43:35 INFO MapOutputTrackerWorker: Don't have map outputs for shuffle 0, fetching them
20/10/28 10:43:35 INFO MapOutputTrackerWorker: Doing the fetch; tracker endpoint = NettyRpcEndpointRef(spark://MapOutputTracker@ip-10-0-59-119.ec2.internal:42545)
20/10/28 10:43:35 INFO MapOutputTrackerWorker: Got the output locations
20/10/28 10:43:35 INFO ShuffleBlockFetcherIterator: Getting 4 non-empty blocks including 2 local blocks and 2 remote blocks
20/10/28 10:43:35 INFO TransportClientFactory: Successfully created connection to ip-10-0-36-182.ec2.internal/10.0.36.182:7337 after 1 ms (0 ms spent in bootstraps)
20/10/28 10:43:35 INFO ShuffleBlockFetcherIterator: Started 1 remote fetches in 148 ms
20/10/28 10:43:36 INFO CodeGenerator: Code generated in 12.802647 ms
20/10/28 10:43:36 INFO Executor: Finished task 0.0 in stage 5.0 (TID 16). 1782 bytes result sent to driver
20/10/28 10:43:36 INFO CoarseGrainedExecutorBackend: Got assigned task 18
20/10/28 10:43:36 INFO CoarseGrainedExecutorBackend: Got assigned task 20
20/10/28 10:43:36 INFO Executor: Running task 3.0 in stage 6.0 (TID 20)
20/10/28 10:43:36 INFO Executor: Running task 1.0 in stage 6.0 (TID 18)
20/10/28 10:43:36 INFO TorrentBroadcast: Started reading broadcast variable 12
20/10/28 10:43:36 INFO MemoryStore: Block broadcast_12_piece0 stored as bytes in memory (estimated size 17.6 KB, free 422.6 MB)
20/10/28 10:43:36 INFO TorrentBroadcast: Reading broadcast variable 12 took 9 ms
20/10/28 10:43:36 INFO MemoryStore: Block broadcast_12 stored as values in memory (estimated size 38.9 KB, free 422.5 MB)
20/10/28 10:43:36 INFO CodeGenerator: Code generated in 65.141234 ms
20/10/28 10:43:36 INFO FileScanRDD: Reading File path: s3://spectral-regression-spark-bucket/spectral_data_class.csv, range: 80801163-161602326, partition values: [empty row]
20/10/28 10:43:36 INFO TorrentBroadcast: Started reading broadcast variable 11
20/10/28 10:43:36 INFO FileScanRDD: Reading File path: s3://spectral-regression-spark-bucket/spectral_data_class.csv, range: 242403489-319010350, partition values: [empty row]
20/10/28 10:43:36 INFO MemoryStore: Block broadcast_11_piece0 stored as bytes in memory (estimated size 36.8 KB, free 422.4 MB)
20/10/28 10:43:36 INFO TorrentBroadcast: Reading broadcast variable 11 took 20 ms
20/10/28 10:43:36 INFO MemoryStore: Block broadcast_11 stored as values in memory (estimated size 576.5 KB, free 421.8 MB)
20/10/28 10:43:36 INFO S3NativeFileSystem: Opening 's3://spectral-regression-spark-bucket/spectral_data_class.csv' for reading
20/10/28 10:43:36 INFO S3NativeFileSystem: Opening 's3://spectral-regression-spark-bucket/spectral_data_class.csv' for reading
20/10/28 10:43:44 INFO Executor: Finished task 3.0 in stage 6.0 (TID 20). 2386 bytes result sent to driver
20/10/28 10:43:45 INFO Executor: Finished task 1.0 in stage 6.0 (TID 18). 2343 bytes result sent to driver
20/10/28 10:43:49 INFO CoarseGrainedExecutorBackend: Got assigned task 21
20/10/28 10:43:49 INFO Executor: Running task 0.0 in stage 7.0 (TID 21)
20/10/28 10:43:49 INFO TorrentBroadcast: Started reading broadcast variable 13
20/10/28 10:43:49 INFO MemoryStore: Block broadcast_13_piece0 stored as bytes in memory (estimated size 38.1 KB, free 422.5 MB)
20/10/28 10:43:49 INFO TorrentBroadcast: Reading broadcast variable 13 took 11 ms
20/10/28 10:43:49 INFO MemoryStore: Block broadcast_13 stored as values in memory (estimated size 127.6 KB, free 422.4 MB)
20/10/28 10:43:50 INFO HadoopMapRedCommitProtocol: Using output committer class org.apache.hadoop.mapred.DirectFileOutputCommitter
20/10/28 10:43:51 INFO FileOutputCommitter: File Output Committer Algorithm version is 1
20/10/28 10:43:51 INFO FileOutputCommitter: FileOutputCommitter skip cleanup _temporary folders under output directory:false, ignore cleanup failures: false
20/10/28 10:43:51 INFO DirectFileOutputCommitter: Direct Write: DISABLED
20/10/28 10:43:51 INFO PythonRunner: Times: total = 694, boot = 627, init = 67, finish = 0
20/10/28 10:43:52 INFO FileOutputCommitter: Saved output of task 'attempt_20201028104348_0039_m_000000_0' to s3a://spectral-regression-spark-bucket/results_8xc4large_linear_281020-104347/_temporary/0/task_20201028104348_0039_m_000000
20/10/28 10:43:52 INFO SparkHadoopMapRedUtil: attempt_20201028104348_0039_m_000000_0: Committed
20/10/28 10:43:52 INFO Executor: Finished task 0.0 in stage 7.0 (TID 21). 1766 bytes result sent to driver
20/10/28 10:43:54 INFO CoarseGrainedExecutorBackend: Driver commanded a shutdown
20/10/28 10:43:54 INFO MemoryStore: MemoryStore cleared
20/10/28 10:43:54 INFO BlockManager: BlockManager stopped
20/10/28 10:43:54 INFO ShutdownHookManager: Shutdown hook called
End of LogType:stderr

LogType:stdout
Log Upload Time:mer ott 28 10:43:56 +0000 2020
LogLength:153396
Log Contents:
2020-10-28T10:42:16.901+0000: [GC (Allocation Failure) 2020-10-28T10:42:16.901+0000: [ParNew: 16384K->2047K(18432K), 0.0063839 secs] 16384K->2377K(59392K), 0.0064560 secs] [Times: user=0.01 sys=0.00, real=0.01 secs] 
2020-10-28T10:42:17.021+0000: [GC (Allocation Failure) 2020-10-28T10:42:17.021+0000: [ParNew: 18431K->1940K(18432K), 0.0064544 secs] 18761K->3623K(59392K), 0.0065017 secs] [Times: user=0.01 sys=0.01, real=0.01 secs] 
2020-10-28T10:42:17.160+0000: [GC (Allocation Failure) 2020-10-28T10:42:17.160+0000: [ParNew: 18324K->1456K(18432K), 0.0013643 secs] 20007K->3139K(59392K), 0.0014062 secs] [Times: user=0.00 sys=0.00, real=0.00 secs] 
2020-10-28T10:42:17.312+0000: [GC (Allocation Failure) 2020-10-28T10:42:17.312+0000: [ParNew: 17840K->1959K(18432K), 0.0042326 secs] 19523K->4023K(59392K), 0.0042857 secs] [Times: user=0.01 sys=0.00, real=0.01 secs] 
2020-10-28T10:42:17.439+0000: [GC (Allocation Failure) 2020-10-28T10:42:17.439+0000: [ParNew: 18343K->1190K(18432K), 0.0115140 secs] 20407K->3799K(59392K), 0.0115726 secs] [Times: user=0.02 sys=0.00, real=0.01 secs] 
2020-10-28T10:42:17.563+0000: [GC (Allocation Failure) 2020-10-28T10:42:17.563+0000: [ParNew: 17574K->1467K(18432K), 0.0036662 secs] 20183K->4076K(59392K), 0.0037284 secs] [Times: user=0.01 sys=0.00, real=0.01 secs] 
2020-10-28T10:42:17.650+0000: [GC (Allocation Failure) 2020-10-28T10:42:17.651+0000: [ParNew: 17851K->1207K(18432K), 0.0077443 secs] 20460K->4357K(59392K), 0.0078052 secs] [Times: user=0.02 sys=0.00, real=0.01 secs] 
2020-10-28T10:42:17.717+0000: [GC (Allocation Failure) 2020-10-28T10:42:17.717+0000: [ParNew: 17591K->810K(18432K), 0.0015635 secs] 20741K->3960K(59392K), 0.0016086 secs] [Times: user=0.00 sys=0.00, real=0.00 secs] 
2020-10-28T10:42:17.781+0000: [GC (Allocation Failure) 2020-10-28T10:42:17.781+0000: [ParNew: 17194K->818K(18432K), 0.0025700 secs] 20344K->3969K(59392K), 0.0026211 secs] [Times: user=0.01 sys=0.00, real=0.01 secs] 
2020-10-28T10:42:17.877+0000: [GC (Allocation Failure) 2020-10-28T10:42:17.877+0000: [ParNew: 17202K->1501K(18432K), 0.0022874 secs] 20353K->4651K(59392K), 0.0023339 secs] [Times: user=0.01 sys=0.00, real=0.00 secs] 
2020-10-28T10:42:17.966+0000: [GC (Allocation Failure) 2020-10-28T10:42:17.966+0000: [ParNew: 17885K->1302K(18432K), 0.0056941 secs] 21035K->4763K(59392K), 0.0057463 secs] [Times: user=0.02 sys=0.00, real=0.00 secs] 
2020-10-28T10:42:18.123+0000: [GC (Allocation Failure) 2020-10-28T10:42:18.123+0000: [ParNew: 17686K->1230K(18432K), 0.0044917 secs] 21147K->4691K(59392K), 0.0045502 secs] [Times: user=0.01 sys=0.00, real=0.01 secs] 
2020-10-28T10:42:18.257+0000: [GC (Allocation Failure) 2020-10-28T10:42:18.257+0000: [ParNew: 17614K->1521K(18432K), 0.0049090 secs] 21075K->5057K(59392K), 0.0049547 secs] [Times: user=0.00 sys=0.00, real=0.00 secs] 
2020-10-28T10:42:18.363+0000: [GC (Allocation Failure) 2020-10-28T10:42:18.363+0000: [ParNew: 17905K->1113K(18432K), 0.0070743 secs] 21441K->5216K(59392K), 0.0071175 secs] [Times: user=0.02 sys=0.00, real=0.01 secs] 
2020-10-28T10:42:18.495+0000: [GC (Allocation Failure) 2020-10-28T10:42:18.495+0000: [ParNew: 17497K->1152K(18432K), 0.0022785 secs] 21600K->5255K(59392K), 0.0023321 secs] [Times: user=0.00 sys=0.00, real=0.01 secs] 
2020-10-28T10:42:18.589+0000: [GC (Allocation Failure) 2020-10-28T10:42:18.589+0000: [ParNew: 17536K->1084K(18432K), 0.0019207 secs] 21639K->5187K(59392K), 0.0019767 secs] [Times: user=0.01 sys=0.00, real=0.00 secs] 
2020-10-28T10:42:18.658+0000: [GC (Allocation Failure) 2020-10-28T10:42:18.658+0000: [ParNew: 17468K->1565K(18432K), 0.0025954 secs] 21571K->5668K(59392K), 0.0026401 secs] [Times: user=0.00 sys=0.00, real=0.00 secs] 
2020-10-28T10:42:18.715+0000: [GC (Allocation Failure) 2020-10-28T10:42:18.715+0000: [ParNew: 17949K->1082K(18432K), 0.0029639 secs] 22052K->5563K(59392K), 0.0030091 secs] [Times: user=0.00 sys=0.00, real=0.01 secs] 
2020-10-28T10:42:18.798+0000: [GC (Allocation Failure) 2020-10-28T10:42:18.798+0000: [ParNew: 17466K->1560K(18432K), 0.0033677 secs] 21947K->6041K(59392K), 0.0034152 secs] [Times: user=0.00 sys=0.00, real=0.00 secs] 
2020-10-28T10:42:18.952+0000: [GC (Allocation Failure) 2020-10-28T10:42:18.952+0000: [ParNew: 17944K->1608K(18432K), 0.0028741 secs] 22425K->6222K(59392K), 0.0029222 secs] [Times: user=0.01 sys=0.00, real=0.00 secs] 
2020-10-28T10:42:19.017+0000: [GC (Allocation Failure) 2020-10-28T10:42:19.017+0000: [ParNew: 17992K->1087K(18432K), 0.0034600 secs] 22606K->6252K(59392K), 0.0035067 secs] [Times: user=0.00 sys=0.00, real=0.00 secs] 
2020-10-28T10:42:19.266+0000: [GC (Allocation Failure) 2020-10-28T10:42:19.267+0000: [ParNew: 17453K->1104K(18432K), 0.0022094 secs] 39001K->22653K(59392K), 0.0022564 secs] [Times: user=0.01 sys=0.00, real=0.00 secs] 
2020-10-28T10:42:19.269+0000: [GC (CMS Initial Mark) [1 CMS-initial-mark: 21548K(40960K)] 22912K(59392K), 0.0008351 secs] [Times: user=0.00 sys=0.00, real=0.00 secs] 
2020-10-28T10:42:19.270+0000: [CMS-concurrent-mark-start]
2020-10-28T10:42:19.288+0000: [CMS-concurrent-mark: 0.018/0.018 secs] [Times: user=0.03 sys=0.01, real=0.02 secs] 
2020-10-28T10:42:19.289+0000: [CMS-concurrent-preclean-start]
2020-10-28T10:42:19.289+0000: [CMS-concurrent-preclean: 0.001/0.001 secs] [Times: user=0.00 sys=0.00, real=0.00 secs] 
2020-10-28T10:42:19.289+0000: [CMS-concurrent-abortable-preclean-start]
2020-10-28T10:42:19.344+0000: [GC (Allocation Failure) 2020-10-28T10:42:19.344+0000: [ParNew: 17488K->1456K(18432K), 0.0025389 secs] 39037K->23005K(59392K), 0.0026029 secs] [Times: user=0.01 sys=0.00, real=0.00 secs] 
2020-10-28T10:42:19.417+0000: [CMS-concurrent-abortable-preclean: 0.044/0.128 secs] [Times: user=0.25 sys=0.00, real=0.13 secs] 
2020-10-28T10:42:19.421+0000: [GC (CMS Final Remark) [YG occupancy: 12593 K (18432 K)]2020-10-28T10:42:19.422+0000: [Rescan (parallel) , 0.0050909 secs]2020-10-28T10:42:19.427+0000: [weak refs processing, 0.0000353 secs]2020-10-28T10:42:19.427+0000: [class unloading, 0.0022976 secs]2020-10-28T10:42:19.429+0000: [scrub symbol table, 0.0023652 secs]2020-10-28T10:42:19.431+0000: [scrub string table, 0.0002432 secs][1 CMS-remark: 21548K(40960K)] 34141K(59392K), 0.0101370 secs] [Times: user=0.01 sys=0.00, real=0.01 secs] 
2020-10-28T10:42:19.432+0000: [CMS-concurrent-sweep-start]
2020-10-28T10:42:19.434+0000: [CMS-concurrent-sweep: 0.002/0.002 secs] [Times: user=0.00 sys=0.00, real=0.00 secs] 
2020-10-28T10:42:19.434+0000: [CMS-concurrent-reset-start]
2020-10-28T10:42:19.461+0000: [CMS-concurrent-reset: 0.027/0.027 secs] [Times: user=0.02 sys=0.03, real=0.03 secs] 
2020-10-28T10:42:19.508+0000: [GC (Allocation Failure) 2020-10-28T10:42:19.508+0000: [ParNew: 17840K->1550K(18432K), 0.0026875 secs] 55368K->39282K(59392K), 0.0027302 secs] [Times: user=0.00 sys=0.00, real=0.00 secs] 
2020-10-28T10:42:19.511+0000: [GC (CMS Initial Mark) [1 CMS-initial-mark: 37732K(40960K)] 39282K(59392K), 0.0007614 secs] [Times: user=0.00 sys=0.00, real=0.00 secs] 
2020-10-28T10:42:19.512+0000: [CMS-concurrent-mark-start]
2020-10-28T10:42:19.531+0000: [CMS-concurrent-mark: 0.019/0.019 secs] [Times: user=0.04 sys=0.00, real=0.02 secs] 
2020-10-28T10:42:19.531+0000: [CMS-concurrent-preclean-start]
2020-10-28T10:42:19.532+0000: [CMS-concurrent-preclean: 0.000/0.001 secs] [Times: user=0.00 sys=0.00, real=0.00 secs] 
2020-10-28T10:42:19.532+0000: [CMS-concurrent-abortable-preclean-start]
2020-10-28T10:42:19.589+0000: [GC (Allocation Failure) 2020-10-28T10:42:19.589+0000: [ParNew: 17934K->1556K(18432K), 0.0033184 secs] 55666K->39548K(59392K), 0.0033626 secs] [Times: user=0.00 sys=0.00, real=0.00 secs] 
2020-10-28T10:42:19.698+0000: [GC (Allocation Failure) 2020-10-28T10:42:19.698+0000: [ParNew: 17940K->877K(18432K), 0.0023156 secs] 55932K->39060K(59392K), 0.0023742 secs] [Times: user=0.01 sys=0.00, real=0.00 secs] 
2020-10-28T10:42:19.789+0000: [GC (Allocation Failure) 2020-10-28T10:42:19.789+0000: [ParNew: 17261K->1233K(18432K), 0.0018785 secs] 55444K->39417K(59392K), 0.0019277 secs] [Times: user=0.01 sys=0.00, real=0.00 secs] 
2020-10-28T10:42:19.847+0000: [GC (Allocation Failure) 2020-10-28T10:42:19.847+0000: [ParNew: 17617K->1406K(18432K), 0.0023130 secs] 55801K->39854K(59392K), 0.0023679 secs] [Times: user=0.00 sys=0.00, real=0.00 secs] 
2020-10-28T10:42:19.889+0000: [GC (Allocation Failure) 2020-10-28T10:42:19.889+0000: [ParNew: 17790K->1126K(18432K), 0.0015013 secs] 56238K->39574K(59392K), 0.0015452 secs] [Times: user=0.00 sys=0.00, real=0.00 secs] 
2020-10-28T10:42:19.955+0000: [GC (Allocation Failure) 2020-10-28T10:42:19.955+0000: [ParNew: 17510K->933K(18432K), 0.0047962 secs] 55958K->39528K(59392K), 0.0048512 secs] [Times: user=0.01 sys=0.00, real=0.01 secs] 
2020-10-28T10:42:20.184+0000: [GC (Allocation Failure) 2020-10-28T10:42:20.184+0000: [ParNew: 17317K->1761K(18432K), 0.0063550 secs] 55912K->40356K(59392K), 0.0063994 secs] [Times: user=0.01 sys=0.00, real=0.00 secs] 
2020-10-28T10:42:20.280+0000: [GC (Allocation Failure) 2020-10-28T10:42:20.280+0000: [ParNew: 12006K->1219K(18432K), 0.0128799 secs]2020-10-28T10:42:20.293+0000: [CMS2020-10-28T10:42:20.293+0000: [CMS-concurrent-abortable-preclean: 0.105/0.761 secs] [Times: user=1.21 sys=0.06, real=0.76 secs] 
 (concurrent mode failure): 39849K->40055K(40960K), 0.0405704 secs] 50601K->40055K(59392K), [Metaspace: 27730K->27730K(1073152K)], 0.0536790 secs] [Times: user=0.08 sys=0.00, real=0.05 secs] 
2020-10-28T10:42:20.504+0000: [GC (Allocation Failure) 2020-10-28T10:42:20.504+0000: [ParNew: 26752K->805K(30080K), 0.0364994 secs] 66807K->57246K(96840K), 0.0365616 secs] [Times: user=0.06 sys=0.01, real=0.03 secs] 
2020-10-28T10:42:20.541+0000: [GC (CMS Initial Mark) [1 CMS-initial-mark: 56441K(66760K)] 57403K(96840K), 0.0008151 secs] [Times: user=0.00 sys=0.00, real=0.00 secs] 
2020-10-28T10:42:20.542+0000: [CMS-concurrent-mark-start]
2020-10-28T10:42:20.558+0000: [CMS-concurrent-mark: 0.016/0.016 secs] [Times: user=0.03 sys=0.00, real=0.02 secs] 
2020-10-28T10:42:20.558+0000: [CMS-concurrent-preclean-start]
2020-10-28T10:42:20.558+0000: [CMS-concurrent-preclean: 0.001/0.001 secs] [Times: user=0.00 sys=0.00, real=0.00 secs] 
2020-10-28T10:42:20.559+0000: [GC (CMS Final Remark) [YG occupancy: 2376 K (30080 K)]2020-10-28T10:42:20.559+0000: [Rescan (parallel) , 0.0008689 secs]2020-10-28T10:42:20.559+0000: [weak refs processing, 0.0000302 secs]2020-10-28T10:42:20.559+0000: [class unloading, 0.0038115 secs]2020-10-28T10:42:20.563+0000: [scrub symbol table, 0.0041151 secs]2020-10-28T10:42:20.567+0000: [scrub string table, 0.0004125 secs][1 CMS-remark: 56441K(66760K)] 58817K(96840K), 0.0093354 secs] [Times: user=0.02 sys=0.00, real=0.01 secs] 
2020-10-28T10:42:20.568+0000: [CMS-concurrent-sweep-start]
2020-10-28T10:42:20.571+0000: [CMS-concurrent-sweep: 0.003/0.003 secs] [Times: user=0.00 sys=0.00, real=0.00 secs] 
2020-10-28T10:42:20.571+0000: [CMS-concurrent-reset-start]
2020-10-28T10:42:20.573+0000: [CMS-concurrent-reset: 0.002/0.002 secs] [Times: user=0.00 sys=0.00, real=0.00 secs] 
2020-10-28T10:42:20.712+0000: [GC (Allocation Failure) 2020-10-28T10:42:20.712+0000: [ParNew: 26269K->1413K(30080K), 0.0031639 secs] 82396K->57540K(123628K), 0.0032383 secs] [Times: user=0.01 sys=0.00, real=0.01 secs] 
2020-10-28T10:42:20.808+0000: [GC (Allocation Failure) 2020-10-28T10:42:20.808+0000: [ParNew: 28165K->1013K(30080K), 0.0168256 secs] 84292K->73526K(123628K), 0.0168822 secs] [Times: user=0.02 sys=0.00, real=0.02 secs] 
2020-10-28T10:42:20.835+0000: [GC (CMS Initial Mark) [1 CMS-initial-mark: 72512K(93548K)] 74947K(123628K), 0.0012746 secs] [Times: user=0.00 sys=0.00, real=0.00 secs] 
2020-10-28T10:42:20.837+0000: [CMS-concurrent-mark-start]
2020-10-28T10:42:20.861+0000: [CMS-concurrent-mark: 0.024/0.024 secs] [Times: user=0.05 sys=0.00, real=0.02 secs] 
2020-10-28T10:42:20.861+0000: [CMS-concurrent-preclean-start]
2020-10-28T10:42:20.862+0000: [CMS-concurrent-preclean: 0.001/0.001 secs] [Times: user=0.00 sys=0.00, real=0.00 secs] 
2020-10-28T10:42:20.862+0000: [CMS-concurrent-abortable-preclean-start]
2020-10-28T10:42:21.037+0000: [GC (Allocation Failure) 2020-10-28T10:42:21.037+0000: [ParNew: 27765K->2503K(30080K), 0.0063433 secs] 100278K->75016K(123628K), 0.0063990 secs] [Times: user=0.01 sys=0.00, real=0.00 secs] 
2020-10-28T10:42:21.217+0000: [CMS-concurrent-abortable-preclean: 0.067/0.355 secs] [Times: user=0.67 sys=0.02, real=0.36 secs] 
2020-10-28T10:42:21.218+0000: [GC (CMS Final Remark) [YG occupancy: 29255 K (30080 K)]2020-10-28T10:42:21.218+0000: [Rescan (parallel) , 0.0111130 secs]2020-10-28T10:42:21.229+0000: [weak refs processing, 0.0000378 secs]2020-10-28T10:42:21.229+0000: [class unloading, 0.0043524 secs]2020-10-28T10:42:21.233+0000: [scrub symbol table, 0.0051742 secs]2020-10-28T10:42:21.238+0000: [scrub string table, 0.0005066 secs][1 CMS-remark: 72512K(93548K)] 101768K(123628K), 0.0213386 secs] [Times: user=0.03 sys=0.00, real=0.02 secs] 
2020-10-28T10:42:21.239+0000: [CMS-concurrent-sweep-start]
2020-10-28T10:42:21.243+0000: [CMS-concurrent-sweep: 0.003/0.003 secs] [Times: user=0.01 sys=0.00, real=0.00 secs] 
2020-10-28T10:42:21.243+0000: [GC (Allocation Failure) 2020-10-28T10:42:21.243+0000: [ParNew: 29255K->2462K(30080K), 0.0093487 secs] 101762K->75620K(123628K), 0.0093956 secs] [Times: user=0.02 sys=0.00, real=0.01 secs] 
2020-10-28T10:42:21.259+0000: [CMS-concurrent-reset-start]
2020-10-28T10:42:21.261+0000: [CMS-concurrent-reset: 0.002/0.002 secs] [Times: user=0.01 sys=0.00, real=0.00 secs] 
2020-10-28T10:42:21.517+0000: [GC (Allocation Failure) 2020-10-28T10:42:21.517+0000: [ParNew: 29214K->2510K(30080K), 0.0112511 secs] 102372K->76221K(152012K), 0.0113185 secs] [Times: user=0.02 sys=0.00, real=0.01 secs] 
2020-10-28T10:42:21.759+0000: [GC (Allocation Failure) 2020-10-28T10:42:21.759+0000: [ParNew: 29262K->2603K(30080K), 0.0057998 secs] 102973K->76832K(152012K), 0.0058526 secs] [Times: user=0.01 sys=0.00, real=0.01 secs] 
2020-10-28T10:42:22.037+0000: [GC (Allocation Failure) 2020-10-28T10:42:22.037+0000: [ParNew: 29355K->2132K(30080K), 0.0111274 secs] 103584K->77056K(152012K), 0.0111824 secs] [Times: user=0.03 sys=0.00, real=0.01 secs] 
2020-10-28T10:42:22.137+0000: [GC (Allocation Failure) 2020-10-28T10:42:22.137+0000: [ParNew: 28884K->1643K(30080K), 0.0047755 secs] 103808K->76886K(152012K), 0.0048365 secs] [Times: user=0.01 sys=0.00, real=0.00 secs] 
2020-10-28T10:42:22.316+0000: [GC (Allocation Failure) 2020-10-28T10:42:22.316+0000: [ParNew: 28395K->1344K(30080K), 0.0027339 secs] 103638K->76587K(152012K), 0.0027954 secs] [Times: user=0.00 sys=0.00, real=0.00 secs] 
2020-10-28T10:42:22.628+0000: [GC (Allocation Failure) 2020-10-28T10:42:22.628+0000: [ParNew: 28096K->2449K(30080K), 0.0072036 secs] 103339K->77691K(152012K), 0.0072474 secs] [Times: user=0.01 sys=0.00, real=0.00 secs] 
2020-10-28T10:42:22.780+0000: [GC (Allocation Failure) 2020-10-28T10:42:22.780+0000: [ParNew: 29201K->3072K(30080K), 0.0127223 secs] 104443K->78828K(152012K), 0.0127744 secs] [Times: user=0.03 sys=0.00, real=0.01 secs] 
2020-10-28T10:42:22.908+0000: [GC (Allocation Failure) 2020-10-28T10:42:22.908+0000: [ParNew: 29824K->2355K(30080K), 0.0120158 secs] 105580K->79102K(152012K), 0.0120667 secs] [Times: user=0.03 sys=0.00, real=0.01 secs] 
2020-10-28T10:42:23.034+0000: [GC (Allocation Failure) 2020-10-28T10:42:23.034+0000: [ParNew: 29107K->1755K(30080K), 0.0053190 secs] 105854K->78502K(152012K), 0.0053698 secs] [Times: user=0.01 sys=0.00, real=0.01 secs] 
2020-10-28T10:42:23.152+0000: [GC (Allocation Failure) 2020-10-28T10:42:23.152+0000: [ParNew: 28507K->2237K(30080K), 0.0064455 secs] 105254K->78983K(152012K), 0.0065142 secs] [Times: user=0.01 sys=0.00, real=0.01 secs] 
2020-10-28T10:42:23.303+0000: [GC (Allocation Failure) 2020-10-28T10:42:23.303+0000: [ParNew: 28989K->1967K(30080K), 0.0043069 secs] 105735K->79192K(152012K), 0.0043567 secs] [Times: user=0.01 sys=0.00, real=0.01 secs] 
2020-10-28T10:42:23.461+0000: [GC (Allocation Failure) 2020-10-28T10:42:23.461+0000: [ParNew: 28719K->2238K(30080K), 0.0043841 secs] 105944K->79797K(152012K), 0.0044338 secs] [Times: user=0.00 sys=0.00, real=0.01 secs] 
2020-10-28T10:42:23.618+0000: [GC (Allocation Failure) 2020-10-28T10:42:23.618+0000: [ParNew: 28990K->2575K(30080K), 0.0048070 secs] 106549K->80475K(152012K), 0.0048750 secs] [Times: user=0.01 sys=0.00, real=0.00 secs] 
2020-10-28T10:42:23.733+0000: [GC (Allocation Failure) 2020-10-28T10:42:23.733+0000: [ParNew: 29327K->2147K(30080K), 0.0055117 secs] 107227K->80694K(152012K), 0.0055865 secs] [Times: user=0.01 sys=0.00, real=0.01 secs] 
2020-10-28T10:42:24.036+0000: [GC (Allocation Failure) 2020-10-28T10:42:24.036+0000: [ParNew: 28899K->2544K(30080K), 0.0069913 secs] 107446K->81409K(152012K), 0.0070427 secs] [Times: user=0.01 sys=0.00, real=0.01 secs] 
2020-10-28T10:42:24.242+0000: [GC (Allocation Failure) 2020-10-28T10:42:24.242+0000: [ParNew: 29296K->3242K(30080K), 0.0135680 secs] 108161K->83835K(152012K), 0.0136288 secs] [Times: user=0.02 sys=0.00, real=0.02 secs] 
2020-10-28T10:42:24.371+0000: [GC (Allocation Failure) 2020-10-28T10:42:24.371+0000: [ParNew: 29994K->1828K(30080K), 0.0090502 secs] 110587K->83792K(152012K), 0.0091104 secs] [Times: user=0.02 sys=0.00, real=0.01 secs] 
2020-10-28T10:42:24.503+0000: [GC (Allocation Failure) 2020-10-28T10:42:24.503+0000: [ParNew: 28580K->1210K(30080K), 0.0027002 secs] 110544K->83173K(152012K), 0.0027673 secs] [Times: user=0.00 sys=0.00, real=0.01 secs] 
2020-10-28T10:42:24.634+0000: [GC (Allocation Failure) 2020-10-28T10:42:24.634+0000: [ParNew: 27962K->1340K(30080K), 0.0026435 secs] 109925K->83303K(152012K), 0.0026927 secs] [Times: user=0.00 sys=0.00, real=0.01 secs] 
2020-10-28T10:42:24.757+0000: [GC (Allocation Failure) 2020-10-28T10:42:24.757+0000: [ParNew: 28092K->1679K(30080K), 0.0030886 secs] 110055K->83643K(152012K), 0.0031479 secs] [Times: user=0.00 sys=0.00, real=0.00 secs] 
2020-10-28T10:42:25.012+0000: [GC (Allocation Failure) 2020-10-28T10:42:25.012+0000: [ParNew: 28431K->2758K(30080K), 0.0055280 secs] 110395K->84722K(152012K), 0.0055960 secs] [Times: user=0.01 sys=0.00, real=0.01 secs] 
2020-10-28T10:42:25.018+0000: [GC (CMS Initial Mark) [1 CMS-initial-mark: 81963K(121932K)] 84723K(152012K), 0.0019598 secs] [Times: user=0.00 sys=0.00, real=0.00 secs] 
2020-10-28T10:42:25.020+0000: [CMS-concurrent-mark-start]
2020-10-28T10:42:25.055+0000: [CMS-concurrent-mark: 0.034/0.035 secs] [Times: user=0.07 sys=0.00, real=0.03 secs] 
2020-10-28T10:42:25.055+0000: [CMS-concurrent-preclean-start]
2020-10-28T10:42:25.056+0000: [CMS-concurrent-preclean: 0.001/0.001 secs] [Times: user=0.01 sys=0.00, real=0.01 secs] 
2020-10-28T10:42:25.056+0000: [GC (CMS Final Remark) [YG occupancy: 3831 K (30080 K)]2020-10-28T10:42:25.056+0000: [Rescan (parallel) , 0.0017999 secs]2020-10-28T10:42:25.058+0000: [weak refs processing, 0.0000516 secs]2020-10-28T10:42:25.058+0000: [class unloading, 0.0054495 secs]2020-10-28T10:42:25.064+0000: [scrub symbol table, 0.0071742 secs]2020-10-28T10:42:25.071+0000: [scrub string table, 0.0005189 secs][1 CMS-remark: 81963K(121932K)] 85795K(152012K), 0.0151247 secs] [Times: user=0.01 sys=0.00, real=0.01 secs] 
2020-10-28T10:42:25.072+0000: [CMS-concurrent-sweep-start]
2020-10-28T10:42:25.081+0000: [CMS-concurrent-sweep: 0.009/0.009 secs] [Times: user=0.02 sys=0.00, real=0.01 secs] 
2020-10-28T10:42:25.083+0000: [CMS-concurrent-reset-start]
2020-10-28T10:42:25.085+0000: [CMS-concurrent-reset: 0.002/0.002 secs] [Times: user=0.01 sys=0.00, real=0.00 secs] 
2020-10-28T10:42:25.607+0000: [GC (Allocation Failure) 2020-10-28T10:42:25.607+0000: [ParNew: 29510K->2269K(30080K), 0.0077860 secs] 111020K->85198K(165932K), 0.0078394 secs] [Times: user=0.02 sys=0.00, real=0.00 secs] 
2020-10-28T10:42:25.897+0000: [GC (Allocation Failure) 2020-10-28T10:42:25.897+0000: [ParNew: 29021K->1336K(30080K), 0.0081152 secs] 111950K->92456K(165932K), 0.0081679 secs] [Times: user=0.01 sys=0.00, real=0.01 secs] 
2020-10-28T10:42:26.201+0000: [GC (Allocation Failure) 2020-10-28T10:42:26.201+0000: [ParNew: 28088K->1330K(30080K), 0.0026270 secs] 119208K->92450K(165932K), 0.0026819 secs] [Times: user=0.00 sys=0.00, real=0.01 secs] 
2020-10-28T10:42:26.377+0000: [GC (Allocation Failure) 2020-10-28T10:42:26.377+0000: [ParNew: 28082K->1378K(30080K), 0.0026650 secs] 119202K->92499K(165932K), 0.0027085 secs] [Times: user=0.00 sys=0.00, real=0.00 secs] 
2020-10-28T10:42:26.544+0000: [GC (Allocation Failure) 2020-10-28T10:42:26.545+0000: [ParNew: 28130K->2133K(30080K), 0.0027321 secs] 119251K->93253K(165932K), 0.0027853 secs] [Times: user=0.00 sys=0.00, real=0.00 secs] 
2020-10-28T10:42:26.693+0000: [GC (Allocation Failure) 2020-10-28T10:42:26.693+0000: [ParNew: 28885K->1657K(30080K), 0.0033223 secs] 120005K->93475K(165932K), 0.0033843 secs] [Times: user=0.01 sys=0.00, real=0.01 secs] 
2020-10-28T10:42:26.780+0000: [GC (Allocation Failure) 2020-10-28T10:42:26.780+0000: [ParNew: 28409K->2218K(30080K), 0.0018996 secs] 120227K->94036K(165932K), 0.0019524 secs] [Times: user=0.00 sys=0.00, real=0.00 secs] 
2020-10-28T10:42:26.842+0000: [GC (Allocation Failure) 2020-10-28T10:42:26.842+0000: [ParNew: 28970K->29K(30080K), 0.0031078 secs] 120788K->93963K(165932K), 0.0031698 secs] [Times: user=0.01 sys=0.00, real=0.01 secs] 
2020-10-28T10:42:26.895+0000: [GC (Allocation Failure) 2020-10-28T10:42:26.895+0000: [ParNew: 26781K->15K(30080K), 0.0013089 secs] 120715K->93949K(165932K), 0.0013774 secs] [Times: user=0.01 sys=0.00, real=0.00 secs] 
2020-10-28T10:42:26.932+0000: [GC (Allocation Failure) 2020-10-28T10:42:26.932+0000: [ParNew: 26767K->7K(30080K), 0.0012950 secs] 120701K->93941K(165932K), 0.0013616 secs] [Times: user=0.00 sys=0.00, real=0.00 secs] 
2020-10-28T10:42:26.960+0000: [GC (Allocation Failure) 2020-10-28T10:42:26.960+0000: [ParNew: 26759K->8K(30080K), 0.0068872 secs] 120693K->102134K(165932K), 0.0069393 secs] [Times: user=0.01 sys=0.01, real=0.01 secs] 
2020-10-28T10:42:26.971+0000: [GC (CMS Initial Mark) [1 CMS-initial-mark: 102126K(135852K)] 102150K(165932K), 0.0010177 secs] [Times: user=0.00 sys=0.00, real=0.00 secs] 
2020-10-28T10:42:26.972+0000: [CMS-concurrent-mark-start]
2020-10-28T10:42:27.007+0000: [CMS-concurrent-mark: 0.035/0.035 secs] [Times: user=0.07 sys=0.00, real=0.04 secs] 
2020-10-28T10:42:27.007+0000: [CMS-concurrent-preclean-start]
2020-10-28T10:42:27.008+0000: [CMS-concurrent-preclean: 0.001/0.001 secs] [Times: user=0.00 sys=0.00, real=0.00 secs] 
2020-10-28T10:42:27.008+0000: [CMS-concurrent-abortable-preclean-start]
2020-10-28T10:42:27.035+0000: [GC (Allocation Failure) 2020-10-28T10:42:27.035+0000: [ParNew: 26760K->6K(30080K), 0.0011434 secs] 128886K->102132K(165932K), 0.0011898 secs] [Times: user=0.01 sys=0.00, real=0.01 secs] 
2020-10-28T10:42:27.065+0000: [GC (Allocation Failure) 2020-10-28T10:42:27.065+0000: [ParNew: 26758K->6K(30080K), 0.0036000 secs] 128884K->106228K(165932K), 0.0036535 secs] [Times: user=0.00 sys=0.00, real=0.00 secs] 
2020-10-28T10:42:27.108+0000: [GC (Allocation Failure) 2020-10-28T10:42:27.108+0000: [ParNew: 26758K->4K(30080K), 0.0013270 secs] 132980K->106230K(165932K), 0.0013791 secs] [Times: user=0.01 sys=0.00, real=0.00 secs] 
2020-10-28T10:42:27.166+0000: [GC (Allocation Failure) 2020-10-28T10:42:27.166+0000: [ParNew: 26756K->4K(30080K), 0.0013436 secs] 132982K->106229K(165932K), 0.0014123 secs] [Times: user=0.00 sys=0.00, real=0.00 secs] 
2020-10-28T10:42:27.211+0000: [GC (Allocation Failure) 2020-10-28T10:42:27.211+0000: [ParNew: 26756K->4K(30080K), 0.0012870 secs] 132981K->106229K(165932K), 0.0013390 secs] [Times: user=0.01 sys=0.00, real=0.00 secs] 
2020-10-28T10:42:27.243+0000: [GC (Allocation Failure) 2020-10-28T10:42:27.243+0000: [ParNew: 26756K->4K(30080K), 0.0013360 secs] 132981K->106229K(165932K), 0.0014021 secs] [Times: user=0.00 sys=0.00, real=0.01 secs] 
2020-10-28T10:42:27.273+0000: [GC (Allocation Failure) 2020-10-28T10:42:27.273+0000: [ParNew: 26756K->4K(30080K), 0.0012588 secs] 132981K->106229K(165932K), 0.0013099 secs] [Times: user=0.00 sys=0.00, real=0.00 secs] 
2020-10-28T10:42:27.304+0000: [GC (Allocation Failure) 2020-10-28T10:42:27.304+0000: [ParNew: 26756K->4K(30080K), 0.0079902 secs] 132981K->114422K(165932K), 0.0080407 secs] [Times: user=0.01 sys=0.00, real=0.00 secs] 
2020-10-28T10:42:27.345+0000: [GC (Allocation Failure) 2020-10-28T10:42:27.345+0000: [ParNew: 26756K->4K(30080K), 0.0012826 secs] 141174K->114422K(165932K), 0.0013329 secs] [Times: user=0.01 sys=0.00, real=0.00 secs] 
2020-10-28T10:42:27.377+0000: [GC (Allocation Failure) 2020-10-28T10:42:27.377+0000: [ParNew: 26756K->4K(30080K), 0.0012444 secs] 141174K->114422K(165932K), 0.0012937 secs] [Times: user=0.00 sys=0.00, real=0.00 secs] 
2020-10-28T10:42:27.414+0000: [GC (Allocation Failure) 2020-10-28T10:42:27.414+0000: [ParNew: 26756K->6K(30080K), 0.0012486 secs] 141174K->114424K(165932K), 0.0013141 secs] [Times: user=0.00 sys=0.00, real=0.00 secs] 
2020-10-28T10:42:27.442+0000: [GC (Allocation Failure) 2020-10-28T10:42:27.442+0000: [ParNew: 26758K->6K(30080K), 0.0070004 secs] 141176K->122616K(165932K), 0.0070501 secs] [Times: user=0.01 sys=0.01, real=0.01 secs] 
2020-10-28T10:42:27.478+0000: [GC (Allocation Failure) 2020-10-28T10:42:27.478+0000: [ParNew: 26758K->6K(30080K), 0.0012669 secs] 149368K->122616K(165932K), 0.0013145 secs] [Times: user=0.00 sys=0.00, real=0.00 secs] 
2020-10-28T10:42:27.508+0000: [GC (Allocation Failure) 2020-10-28T10:42:27.508+0000: [ParNew: 26758K->6K(30080K), 0.0012201 secs] 149368K->122616K(165932K), 0.0012680 secs] [Times: user=0.00 sys=0.00, real=0.00 secs] 
2020-10-28T10:42:27.538+0000: [GC (Allocation Failure) 2020-10-28T10:42:27.538+0000: [ParNew: 26758K->6K(30080K), 0.0012777 secs] 149368K->122616K(165932K), 0.0013255 secs] [Times: user=0.00 sys=0.01, real=0.00 secs] 
2020-10-28T10:42:27.568+0000: [GC (Allocation Failure) 2020-10-28T10:42:27.568+0000: [ParNew: 26758K->6K(30080K), 0.0012733 secs] 149368K->122616K(165932K), 0.0013234 secs] [Times: user=0.00 sys=0.00, real=0.00 secs] 
2020-10-28T10:42:27.591+0000: [GC (Allocation Failure) 2020-10-28T10:42:27.591+0000: [ParNew: 26758K->4K(30080K), 0.0069287 secs] 149368K->130808K(165932K), 0.0069779 secs] [Times: user=0.01 sys=0.01, real=0.01 secs] 
2020-10-28T10:42:27.627+0000: [GC (Allocation Failure) 2020-10-28T10:42:27.627+0000: [ParNew: 26756K->4K(30080K), 0.0012715 secs] 157560K->130808K(165932K), 0.0013204 secs] [Times: user=0.00 sys=0.00, real=0.00 secs] 
2020-10-28T10:42:27.658+0000: [GC (Allocation Failure) 2020-10-28T10:42:27.658+0000: [ParNew: 26756K->4K(30080K), 0.0013133 secs] 157560K->130808K(165932K), 0.0013648 secs] [Times: user=0.00 sys=0.00, real=0.00 secs] 
2020-10-28T10:42:27.689+0000: [GC (Allocation Failure) 2020-10-28T10:42:27.689+0000: [ParNew: 26756K->4K(30080K), 0.0013108 secs] 157560K->130808K(165932K), 0.0013615 secs] [Times: user=0.00 sys=0.00, real=0.00 secs] 
2020-10-28T10:42:27.723+0000: [GC (Allocation Failure) 2020-10-28T10:42:27.723+0000: [ParNew: 26756K->8K(30080K), 0.0012835 secs] 157560K->130813K(165932K), 0.0013332 secs] [Times: user=0.00 sys=0.00, real=0.01 secs] 
2020-10-28T10:42:27.753+0000: [GC (Allocation Failure) 2020-10-28T10:42:27.753+0000: [ParNew: 26760K->8K(30080K), 0.0012481 secs] 157565K->130813K(165932K), 0.0012985 secs] [Times: user=0.00 sys=0.00, real=0.00 secs] 
2020-10-28T10:42:27.782+0000: [GC (Allocation Failure) 2020-10-28T10:42:27.782+0000: [ParNew: 26760K->7K(30080K), 0.0012108 secs] 157565K->130812K(165932K), 0.0012587 secs] [Times: user=0.00 sys=0.00, real=0.01 secs] 
2020-10-28T10:42:27.818+0000: [GC (Allocation Failure) 2020-10-28T10:42:27.818+0000: [ParNew: 26759K->7K(30080K), 0.0014187 secs] 157564K->130812K(165932K), 0.0014688 secs] [Times: user=0.00 sys=0.00, real=0.00 secs] 
2020-10-28T10:42:27.848+0000: [GC (Allocation Failure) 2020-10-28T10:42:27.848+0000: [ParNew: 26759K->7K(30080K), 0.0066123 secs] 157564K->139004K(174128K), 0.0066600 secs] [Times: user=0.02 sys=0.00, real=0.00 secs] 
2020-10-28T10:42:27.883+0000: [GC (Allocation Failure) 2020-10-28T10:42:27.883+0000: [ParNew: 26759K->7K(30080K), 0.0012444 secs] 165756K->139004K(174128K), 0.0012938 secs] [Times: user=0.00 sys=0.00, real=0.00 secs] 
2020-10-28T10:42:27.914+0000: [GC (Allocation Failure) 2020-10-28T10:42:27.914+0000: [ParNew: 26759K->4K(30080K), 0.0012566 secs] 165756K->139006K(174128K), 0.0013047 secs] [Times: user=0.00 sys=0.00, real=0.00 secs] 
2020-10-28T10:42:27.944+0000: [GC (Allocation Failure) 2020-10-28T10:42:27.944+0000: [ParNew: 26756K->4K(30080K), 0.0011826 secs] 165758K->139005K(174128K), 0.0012318 secs] [Times: user=0.00 sys=0.00, real=0.00 secs] 
2020-10-28T10:42:27.973+0000: [GC (Allocation Failure) 2020-10-28T10:42:27.973+0000: [ParNew: 26756K->4K(30080K), 0.0012551 secs] 165757K->139005K(174128K), 0.0013141 secs] [Times: user=0.00 sys=0.00, real=0.00 secs] 
2020-10-28T10:42:28.005+0000: [GC (Allocation Failure) 2020-10-28T10:42:28.005+0000: [ParNew: 26756K->4K(30080K), 0.0013023 secs] 165757K->139005K(174128K), 0.0013537 secs] [Times: user=0.00 sys=0.00, real=0.00 secs] 
2020-10-28T10:42:28.037+0000: [GC (Allocation Failure) 2020-10-28T10:42:28.037+0000: [ParNew: 26756K->4K(30080K), 0.0012949 secs] 165757K->139005K(174128K), 0.0013464 secs] [Times: user=0.01 sys=0.00, real=0.00 secs] 
2020-10-28T10:42:28.051+0000: [GC (Allocation Failure) 2020-10-28T10:42:28.051+0000: [ParNew: 12308K->4K(30080K), 0.0010945 secs] 151310K->139005K(174128K), 0.0011367 secs] [Times: user=0.00 sys=0.00, real=0.00 secs] 
2020-10-28T10:42:28.067+0000: [GC (Allocation Failure) 2020-10-28T10:42:28.067+0000: [ParNew: 26756K->4K(30080K), 0.0129374 secs] 165757K->155389K(190516K), 0.0129904 secs] [Times: user=0.02 sys=0.00, real=0.01 secs] 
2020-10-28T10:42:28.080+0000: [CMS-concurrent-abortable-preclean: 0.021/1.072 secs] [Times: user=1.31 sys=0.06, real=1.07 secs] 
2020-10-28T10:42:28.082+0000: [GC (CMS Final Remark) [YG occupancy: 1609 K (30080 K)]2020-10-28T10:42:28.082+0000: [Rescan (parallel) , 0.0021840 secs]2020-10-28T10:42:28.084+0000: [weak refs processing, 0.0000316 secs]2020-10-28T10:42:28.084+0000: [class unloading, 0.0062561 secs]2020-10-28T10:42:28.091+0000: [scrub symbol table, 0.0075150 secs]2020-10-28T10:42:28.098+0000: [scrub string table, 0.0005193 secs][1 CMS-remark: 155385K(160436K)] 156994K(190516K), 0.0165997 secs] [Times: user=0.02 sys=0.00, real=0.02 secs] 
2020-10-28T10:42:28.099+0000: [CMS-concurrent-sweep-start]
2020-10-28T10:42:28.108+0000: [CMS-concurrent-sweep: 0.009/0.009 secs] [Times: user=0.02 sys=0.00, real=0.01 secs] 
2020-10-28T10:42:28.109+0000: [CMS-concurrent-reset-start]
2020-10-28T10:42:28.110+0000: [CMS-concurrent-reset: 0.002/0.002 secs] [Times: user=0.00 sys=0.00, real=0.00 secs] 
2020-10-28T10:42:28.131+0000: [GC (Allocation Failure) 2020-10-28T10:42:28.131+0000: [ParNew: 26756K->4K(30080K), 0.0016030 secs] 181950K->155198K(288740K), 0.0016554 secs] [Times: user=0.01 sys=0.00, real=0.00 secs] 
2020-10-28T10:42:28.160+0000: [GC (Allocation Failure) 2020-10-28T10:42:28.160+0000: [ParNew: 26756K->4K(30080K), 0.0015526 secs] 181950K->155198K(288740K), 0.0016039 secs] [Times: user=0.00 sys=0.00, real=0.00 secs] 
2020-10-28T10:42:28.198+0000: [GC (Allocation Failure) 2020-10-28T10:42:28.198+0000: [ParNew: 26756K->4K(30080K), 0.0015837 secs] 181950K->155198K(288740K), 0.0016351 secs] [Times: user=0.01 sys=0.00, real=0.00 secs] 
2020-10-28T10:42:28.228+0000: [GC (Allocation Failure) 2020-10-28T10:42:28.228+0000: [ParNew: 26756K->6K(30080K), 0.0015558 secs] 181950K->155200K(288740K), 0.0016043 secs] [Times: user=0.00 sys=0.00, real=0.00 secs] 
2020-10-28T10:42:28.258+0000: [GC (Allocation Failure) 2020-10-28T10:42:28.258+0000: [ParNew: 26758K->4K(30080K), 0.0015755 secs] 181952K->155198K(288740K), 0.0016267 secs] [Times: user=0.01 sys=0.00, real=0.00 secs] 
2020-10-28T10:42:28.288+0000: [GC (Allocation Failure) 2020-10-28T10:42:28.288+0000: [ParNew: 26756K->6K(30080K), 0.0015501 secs] 181950K->155200K(288740K), 0.0015971 secs] [Times: user=0.00 sys=0.00, real=0.00 secs] 
2020-10-28T10:42:28.317+0000: [GC (Allocation Failure) 2020-10-28T10:42:28.317+0000: [ParNew: 26758K->4K(30080K), 0.0015174 secs] 181952K->155198K(288740K), 0.0015639 secs] [Times: user=0.00 sys=0.00, real=0.00 secs] 
2020-10-28T10:42:28.347+0000: [GC (Allocation Failure) 2020-10-28T10:42:28.347+0000: [ParNew: 26756K->4K(30080K), 0.0015380 secs] 181950K->155198K(288740K), 0.0016001 secs] [Times: user=0.00 sys=0.00, real=0.00 secs] 
2020-10-28T10:42:28.377+0000: [GC (Allocation Failure) 2020-10-28T10:42:28.377+0000: [ParNew: 25696K->4K(30080K), 0.0015634 secs] 180891K->155200K(288740K), 0.0016081 secs] [Times: user=0.00 sys=0.00, real=0.00 secs] 
2020-10-28T10:42:28.399+0000: [GC (Allocation Failure) 2020-10-28T10:42:28.399+0000: [ParNew: 26756K->4K(30080K), 0.0073944 secs] 181952K->163392K(288740K), 0.0074438 secs] [Times: user=0.01 sys=0.01, real=0.01 secs] 
2020-10-28T10:42:28.406+0000: [GC (CMS Initial Mark) [1 CMS-initial-mark: 163388K(258660K)] 163924K(288740K), 0.0019422 secs] [Times: user=0.00 sys=0.00, real=0.00 secs] 
2020-10-28T10:42:28.408+0000: [CMS-concurrent-mark-start]
2020-10-28T10:42:28.445+0000: [CMS-concurrent-mark: 0.037/0.037 secs] [Times: user=0.07 sys=0.00, real=0.04 secs] 
2020-10-28T10:42:28.445+0000: [CMS-concurrent-preclean-start]
2020-10-28T10:42:28.447+0000: [CMS-concurrent-preclean: 0.001/0.002 secs] [Times: user=0.01 sys=0.00, real=0.00 secs] 
2020-10-28T10:42:28.447+0000: [CMS-concurrent-abortable-preclean-start]
2020-10-28T10:42:28.451+0000: [GC (Allocation Failure) 2020-10-28T10:42:28.451+0000: [ParNew: 26756K->4K(30080K), 0.0012145 secs] 190144K->163392K(288740K), 0.0012514 secs] [Times: user=0.00 sys=0.00, real=0.00 secs] 
2020-10-28T10:42:28.481+0000: [GC (Allocation Failure) 2020-10-28T10:42:28.481+0000: [ParNew: 26756K->4K(30080K), 0.0014829 secs] 190144K->163392K(288740K), 0.0015287 secs] [Times: user=0.00 sys=0.00, real=0.00 secs] 
2020-10-28T10:42:28.514+0000: [GC (Allocation Failure) 2020-10-28T10:42:28.514+0000: [ParNew: 26756K->2K(30080K), 0.0034104 secs] 190144K->163390K(288740K), 0.0034738 secs] [Times: user=0.00 sys=0.00, real=0.01 secs] 
2020-10-28T10:42:28.546+0000: [GC (Allocation Failure) 2020-10-28T10:42:28.546+0000: [ParNew: 26754K->4K(30080K), 0.0015681 secs] 190142K->163392K(288740K), 0.0016193 secs] [Times: user=0.00 sys=0.00, real=0.00 secs] 
2020-10-28T10:42:28.576+0000: [GC (Allocation Failure) 2020-10-28T10:42:28.576+0000: [ParNew: 26756K->4K(30080K), 0.0014880 secs] 190144K->163392K(288740K), 0.0015377 secs] [Times: user=0.01 sys=0.00, real=0.00 secs] 
2020-10-28T10:42:28.606+0000: [GC (Allocation Failure) 2020-10-28T10:42:28.606+0000: [ParNew: 26756K->4K(30080K), 0.0015760 secs] 190144K->163392K(288740K), 0.0016285 secs] [Times: user=0.00 sys=0.00, real=0.00 secs] 
2020-10-28T10:42:28.642+0000: [GC (Allocation Failure) 2020-10-28T10:42:28.642+0000: [ParNew: 26756K->8K(30080K), 0.0015561 secs] 190144K->163396K(288740K), 0.0016082 secs] [Times: user=0.00 sys=0.00, real=0.01 secs] 
2020-10-28T10:42:28.664+0000: [GC (Allocation Failure) 2020-10-28T10:42:28.664+0000: [ParNew: 26760K->6K(30080K), 0.0072096 secs] 190148K->171586K(288740K), 0.0072634 secs] [Times: user=0.01 sys=0.01, real=0.00 secs] 
2020-10-28T10:42:28.700+0000: [GC (Allocation Failure) 2020-10-28T10:42:28.700+0000: [ParNew: 26758K->8K(30080K), 0.0015622 secs] 198338K->171588K(288740K), 0.0016137 secs] [Times: user=0.01 sys=0.00, real=0.00 secs] 
2020-10-28T10:42:28.729+0000: [GC (Allocation Failure) 2020-10-28T10:42:28.730+0000: [ParNew: 26760K->8K(30080K), 0.0014470 secs] 198340K->171588K(288740K), 0.0014894 secs] [Times: user=0.01 sys=0.00, real=0.00 secs] 
2020-10-28T10:42:28.759+0000: [GC (Allocation Failure) 2020-10-28T10:42:28.759+0000: [ParNew: 26760K->8K(30080K), 0.0015240 secs] 198340K->171588K(288740K), 0.0015736 secs] [Times: user=0.00 sys=0.00, real=0.00 secs] 
2020-10-28T10:42:28.790+0000: [GC (Allocation Failure) 2020-10-28T10:42:28.790+0000: [ParNew: 26760K->8K(30080K), 0.0015273 secs] 198340K->171589K(288740K), 0.0015858 secs] [Times: user=0.00 sys=0.00, real=0.00 secs] 
2020-10-28T10:42:28.821+0000: [GC (Allocation Failure) 2020-10-28T10:42:28.821+0000: [ParNew: 26760K->5K(30080K), 0.0014818 secs] 198341K->171590K(288740K), 0.0015302 secs] [Times: user=0.00 sys=0.00, real=0.00 secs] 
2020-10-28T10:42:28.850+0000: [GC (Allocation Failure) 2020-10-28T10:42:28.850+0000: [ParNew: 26757K->4K(30080K), 0.0014201 secs] 198342K->171589K(288740K), 0.0014679 secs] [Times: user=0.00 sys=0.00, real=0.00 secs] 
2020-10-28T10:42:28.885+0000: [GC (Allocation Failure) 2020-10-28T10:42:28.885+0000: [ParNew: 26756K->4K(30080K), 0.0014947 secs] 198341K->171589K(288740K), 0.0015461 secs] [Times: user=0.00 sys=0.00, real=0.00 secs] 
2020-10-28T10:42:28.923+0000: [GC (Allocation Failure) 2020-10-28T10:42:28.923+0000: [ParNew: 26756K->4K(30080K), 0.0069491 secs] 198341K->179781K(288740K), 0.0070027 secs] [Times: user=0.02 sys=0.00, real=0.01 secs] 
2020-10-28T10:42:28.958+0000: [GC (Allocation Failure) 2020-10-28T10:42:28.958+0000: [ParNew: 26756K->4K(30080K), 0.0014868 secs] 206533K->179781K(288740K), 0.0015362 secs] [Times: user=0.00 sys=0.00, real=0.00 secs] 
2020-10-28T10:42:28.988+0000: [GC (Allocation Failure) 2020-10-28T10:42:28.988+0000: [ParNew: 26756K->4K(30080K), 0.0015655 secs] 206533K->179781K(288740K), 0.0016165 secs] [Times: user=0.00 sys=0.00, real=0.00 secs] 
2020-10-28T10:42:29.018+0000: [GC (Allocation Failure) 2020-10-28T10:42:29.018+0000: [ParNew: 26756K->4K(30080K), 0.0014803 secs] 206533K->179781K(288740K), 0.0015290 secs] [Times: user=0.00 sys=0.00, real=0.00 secs] 
2020-10-28T10:42:29.048+0000: [GC (Allocation Failure) 2020-10-28T10:42:29.048+0000: [ParNew: 26756K->4K(30080K), 0.0014430 secs] 206533K->179781K(288740K), 0.0014901 secs] [Times: user=0.00 sys=0.00, real=0.00 secs] 
2020-10-28T10:42:29.077+0000: [GC (Allocation Failure) 2020-10-28T10:42:29.077+0000: [ParNew: 26756K->4K(30080K), 0.0014415 secs] 206533K->179781K(288740K), 0.0014883 secs] [Times: user=0.00 sys=0.00, real=0.00 secs] 
2020-10-28T10:42:29.107+0000: [GC (Allocation Failure) 2020-10-28T10:42:29.107+0000: [ParNew: 26756K->4K(30080K), 0.0015182 secs] 206533K->179781K(288740K), 0.0015685 secs] [Times: user=0.01 sys=0.00, real=0.00 secs] 
2020-10-28T10:42:29.137+0000: [GC (Allocation Failure) 2020-10-28T10:42:29.137+0000: [ParNew: 26756K->4K(30080K), 0.0014924 secs] 206533K->179781K(288740K), 0.0015413 secs] [Times: user=0.01 sys=0.00, real=0.00 secs] 
2020-10-28T10:42:29.163+0000: [GC (Allocation Failure) 2020-10-28T10:42:29.163+0000: [ParNew: 23554K->4K(30080K), 0.0015266 secs] 203331K->179781K(288740K), 0.0015775 secs] [Times: user=0.01 sys=0.00, real=0.00 secs] 
2020-10-28T10:42:29.185+0000: [GC (Allocation Failure) 2020-10-28T10:42:29.186+0000: [ParNew: 26756K->4K(30080K), 0.0121223 secs] 206533K->187973K(288740K), 0.0121803 secs] [Times: user=0.01 sys=0.00, real=0.01 secs] 
2020-10-28T10:42:29.226+0000: [GC (Allocation Failure) 2020-10-28T10:42:29.226+0000: [ParNew: 26756K->4K(30080K), 0.0015199 secs] 214725K->187973K(288740K), 0.0015848 secs] [Times: user=0.01 sys=0.00, real=0.00 secs] 
2020-10-28T10:42:29.256+0000: [GC (Allocation Failure) 2020-10-28T10:42:29.256+0000: [ParNew: 26756K->4K(30080K), 0.0014625 secs] 214725K->187973K(288740K), 0.0015117 secs] [Times: user=0.00 sys=0.00, real=0.00 secs] 
2020-10-28T10:42:29.286+0000: [GC (Allocation Failure) 2020-10-28T10:42:29.286+0000: [ParNew: 26756K->4K(30080K), 0.0015532 secs] 214725K->187973K(288740K), 0.0016037 secs] [Times: user=0.00 sys=0.00, real=0.00 secs] 
2020-10-28T10:42:29.316+0000: [GC (Allocation Failure) 2020-10-28T10:42:29.316+0000: [ParNew: 26756K->4K(30080K), 0.0014936 secs] 214725K->187973K(288740K), 0.0015475 secs] [Times: user=0.00 sys=0.00, real=0.00 secs] 
2020-10-28T10:42:29.367+0000: [GC (Allocation Failure) 2020-10-28T10:42:29.367+0000: [ParNew: 26756K->4K(30080K), 0.0015367 secs] 247493K->220741K(288740K), 0.0016075 secs] [Times: user=0.01 sys=0.00, real=0.00 secs] 
2020-10-28T10:42:29.397+0000: [GC (Allocation Failure) 2020-10-28T10:42:29.397+0000: [ParNew: 26756K->4K(30080K), 0.0015417 secs] 247493K->220741K(288740K), 0.0015912 secs] [Times: user=0.01 sys=0.00, real=0.00 secs] 
2020-10-28T10:42:29.427+0000: [GC (Allocation Failure) 2020-10-28T10:42:29.427+0000: [ParNew: 26756K->4K(30080K), 0.0014072 secs] 247493K->220741K(288740K), 0.0014561 secs] [Times: user=0.00 sys=0.01, real=0.00 secs] 
2020-10-28T10:42:29.449+0000: [GC (Allocation Failure) 2020-10-28T10:42:29.449+0000: [ParNew: 26756K->4K(30080K), 0.0071732 secs] 247493K->228933K(288740K), 0.0072215 secs] [Times: user=0.01 sys=0.00, real=0.01 secs] 
2020-10-28T10:42:29.484+0000: [GC (Allocation Failure) 2020-10-28T10:42:29.484+0000: [ParNew: 26756K->4K(30080K), 0.0015013 secs] 255685K->228933K(288740K), 0.0015499 secs] [Times: user=0.00 sys=0.00, real=0.00 secs] 
2020-10-28T10:42:29.514+0000: [GC (Allocation Failure) 2020-10-28T10:42:29.514+0000: [ParNew: 26756K->4K(30080K), 0.0015278 secs] 255685K->228933K(288740K), 0.0015891 secs] [Times: user=0.00 sys=0.00, real=0.01 secs] 
2020-10-28T10:42:29.548+0000: [GC (Allocation Failure) 2020-10-28T10:42:29.548+0000: [ParNew: 26756K->4K(30080K), 0.0014866 secs] 255685K->228933K(288740K), 0.0015357 secs] [Times: user=0.00 sys=0.00, real=0.00 secs] 
2020-10-28T10:42:29.577+0000: [GC (Allocation Failure) 2020-10-28T10:42:29.577+0000: [ParNew: 26756K->4K(30080K), 0.0014231 secs] 255685K->228933K(288740K), 0.0014713 secs] [Times: user=0.00 sys=0.00, real=0.00 secs] 
2020-10-28T10:42:29.611+0000: [GC (Allocation Failure) 2020-10-28T10:42:29.611+0000: [ParNew: 26756K->6K(30080K), 0.0014834 secs] 255685K->228935K(288740K), 0.0015322 secs] [Times: user=0.00 sys=0.00, real=0.00 secs] 
2020-10-28T10:42:29.640+0000: [GC (Allocation Failure) 2020-10-28T10:42:29.640+0000: [ParNew: 26758K->4K(30080K), 0.0014195 secs] 255687K->228933K(288740K), 0.0014674 secs] [Times: user=0.00 sys=0.00, real=0.00 secs] 
2020-10-28T10:42:29.669+0000: [GC (Allocation Failure) 2020-10-28T10:42:29.669+0000: [ParNew: 26756K->6K(30080K), 0.0014545 secs] 255685K->228935K(288740K), 0.0015030 secs] [Times: user=0.00 sys=0.00, real=0.00 secs] 
2020-10-28T10:42:29.692+0000: [GC (Allocation Failure) 2020-10-28T10:42:29.692+0000: [ParNew: 26758K->6K(30080K), 0.0069738 secs] 255687K->237127K(288740K), 0.0070212 secs] [Times: user=0.01 sys=0.00, real=0.01 secs] 
2020-10-28T10:42:29.727+0000: [GC (Allocation Failure) 2020-10-28T10:42:29.727+0000: [ParNew: 26758K->4K(30080K), 0.0015091 secs] 263879K->237127K(288740K), 0.0015584 secs] [Times: user=0.00 sys=0.00, real=0.00 secs] 
2020-10-28T10:42:29.768+0000: [GC (Allocation Failure) 2020-10-28T10:42:29.768+0000: [ParNew: 26756K->4K(30080K), 0.0015381 secs] 263879K->237127K(288740K), 0.0015949 secs] [Times: user=0.01 sys=0.00, real=0.00 secs] 
2020-10-28T10:42:29.798+0000: [GC (Allocation Failure) 2020-10-28T10:42:29.798+0000: [ParNew: 26756K->4K(30080K), 0.0015571 secs] 263879K->237127K(288740K), 0.0016074 secs] [Times: user=0.01 sys=0.00, real=0.00 secs] 
2020-10-28T10:42:29.828+0000: [GC (Allocation Failure) 2020-10-28T10:42:29.828+0000: [ParNew: 26756K->4K(30080K), 0.0014428 secs] 263879K->237127K(288740K), 0.0014910 secs] [Times: user=0.00 sys=0.00, real=0.00 secs] 
2020-10-28T10:42:29.857+0000: [GC (Allocation Failure) 2020-10-28T10:42:29.858+0000: [ParNew: 26756K->4K(30080K), 0.0014362 secs] 263879K->237127K(288740K), 0.0014834 secs] [Times: user=0.00 sys=0.00, real=0.00 secs] 
2020-10-28T10:42:29.909+0000: [GC (Allocation Failure) 2020-10-28T10:42:29.909+0000: [ParNew: 26756K->4K(30080K), 0.0015219 secs] 263879K->237127K(288740K), 0.0015734 secs] [Times: user=0.01 sys=0.00, real=0.00 secs] 
2020-10-28T10:42:29.938+0000: [GC (Allocation Failure) 2020-10-28T10:42:29.938+0000: [ParNew: 26756K->4K(30080K), 0.0014817 secs] 263879K->237127K(288740K), 0.0015306 secs] [Times: user=0.01 sys=0.00, real=0.00 secs] 
2020-10-28T10:42:29.965+0000: [GC (Allocation Failure) 2020-10-28T10:42:29.965+0000: [ParNew: 24077K->4K(30080K), 0.0014155 secs] 261200K->237127K(288740K), 0.0014632 secs] [Times: user=0.01 sys=0.00, real=0.00 secs] 
2020-10-28T10:42:29.988+0000: [GC (Allocation Failure) 2020-10-28T10:42:29.988+0000: [ParNew: 26756K->4K(30080K), 0.0070830 secs] 263879K->245319K(288740K), 0.0071491 secs] [Times: user=0.02 sys=0.00, real=0.01 secs] 
2020-10-28T10:42:30.023+0000: [GC (Allocation Failure) 2020-10-28T10:42:30.023+0000: [ParNew: 26756K->4K(30080K), 0.0014188 secs] 272071K->245319K(288740K), 0.0014677 secs] [Times: user=0.01 sys=0.00, real=0.01 secs] 
2020-10-28T10:42:30.052+0000: [GC (Allocation Failure) 2020-10-28T10:42:30.053+0000: [ParNew: 26756K->4K(30080K), 0.0014792 secs] 272071K->245319K(288740K), 0.0015286 secs] [Times: user=0.00 sys=0.00, real=0.00 secs] 
2020-10-28T10:42:30.090+0000: [GC (Allocation Failure) 2020-10-28T10:42:30.090+0000: [ParNew: 26756K->4K(30080K), 0.0015285 secs] 272071K->245320K(288740K), 0.0015796 secs] [Times: user=0.01 sys=0.00, real=0.00 secs] 
2020-10-28T10:42:30.120+0000: [GC (Allocation Failure) 2020-10-28T10:42:30.120+0000: [ParNew: 26756K->4K(30080K), 0.0015372 secs] 272072K->245320K(288740K), 0.0015986 secs] [Times: user=0.00 sys=0.00, real=0.00 secs] 
2020-10-28T10:42:30.152+0000: [GC (Allocation Failure) 2020-10-28T10:42:30.152+0000: [ParNew: 26756K->4K(30080K), 0.0015315 secs] 272072K->245320K(288740K), 0.0015831 secs] [Times: user=0.01 sys=0.00, real=0.00 secs] 
2020-10-28T10:42:30.182+0000: [GC (Allocation Failure) 2020-10-28T10:42:30.182+0000: [ParNew: 26756K->4K(30080K), 0.0015637 secs] 272072K->245320K(288740K), 0.0016145 secs] [Times: user=0.00 sys=0.00, real=0.01 secs] 
2020-10-28T10:42:30.212+0000: [GC (Allocation Failure) 2020-10-28T10:42:30.212+0000: [ParNew: 26756K->4K(30080K), 0.0014764 secs] 272072K->245320K(288740K), 0.0015251 secs] [Times: user=0.00 sys=0.00, real=0.00 secs] 
2020-10-28T10:42:30.234+0000: [GC (Allocation Failure) 2020-10-28T10:42:30.234+0000: [ParNew: 26756K->4K(30080K), 0.0071724 secs] 272072K->253512K(288740K), 0.0072209 secs] [Times: user=0.01 sys=0.00, real=0.01 secs] 
2020-10-28T10:42:30.270+0000: [GC (Allocation Failure) 2020-10-28T10:42:30.270+0000: [ParNew: 26756K->4K(30080K), 0.0015672 secs] 280264K->253512K(288740K), 0.0016228 secs] [Times: user=0.01 sys=0.00, real=0.00 secs] 
2020-10-28T10:42:30.301+0000: [GC (Allocation Failure) 2020-10-28T10:42:30.301+0000: [ParNew: 26756K->4K(30080K), 0.0015316 secs] 280264K->253512K(288740K), 0.0015820 secs] [Times: user=0.00 sys=0.00, real=0.00 secs] 
2020-10-28T10:42:30.330+0000: [GC (Allocation Failure) 2020-10-28T10:42:30.330+0000: [ParNew: 26756K->4K(30080K), 0.0015728 secs] 280264K->253512K(288740K), 0.0016228 secs] [Times: user=0.00 sys=0.00, real=0.00 secs] 
2020-10-28T10:42:30.365+0000: [GC (Allocation Failure) 2020-10-28T10:42:30.365+0000: [ParNew: 26756K->4K(30080K), 0.0015173 secs] 280264K->253512K(288740K), 0.0015691 secs] [Times: user=0.01 sys=0.00, real=0.00 secs] 
2020-10-28T10:42:30.395+0000: [GC (Allocation Failure) 2020-10-28T10:42:30.395+0000: [ParNew: 26756K->4K(30080K), 0.0015582 secs] 280264K->253512K(288740K), 0.0016107 secs] [Times: user=0.01 sys=0.00, real=0.01 secs] 
2020-10-28T10:42:30.426+0000: [GC (Allocation Failure) 2020-10-28T10:42:30.426+0000: [ParNew: 26756K->4K(30080K), 0.0015514 secs] 280264K->253512K(288740K), 0.0016042 secs] [Times: user=0.00 sys=0.00, real=0.00 secs] 
2020-10-28T10:42:30.469+0000: [GC (Allocation Failure) 2020-10-28T10:42:30.469+0000: [ParNew: 26756K->2K(30080K), 0.0031582 secs] 280264K->253510K(288740K), 0.0032100 secs] [Times: user=0.01 sys=0.00, real=0.00 secs] 
2020-10-28T10:42:30.507+0000: [GC (Allocation Failure) 2020-10-28T10:42:30.507+0000: [ParNew: 26754K->4K(30080K), 0.0073120 secs] 280262K->261704K(296936K), 0.0073764 secs] [Times: user=0.00 sys=0.00, real=0.00 secs] 
2020-10-28T10:42:30.544+0000: [GC (Allocation Failure) 2020-10-28T10:42:30.544+0000: [ParNew: 26756K->4K(30080K), 0.0015646 secs] 288456K->261704K(296936K), 0.0016170 secs] [Times: user=0.01 sys=0.00, real=0.00 secs] 
2020-10-28T10:42:30.573+0000: [GC (Allocation Failure) 2020-10-28T10:42:30.573+0000: [ParNew: 26756K->4K(30080K), 0.0015689 secs] 288456K->261704K(296936K), 0.0016221 secs] [Times: user=0.00 sys=0.00, real=0.00 secs] 
2020-10-28T10:42:30.607+0000: [GC (Allocation Failure) 2020-10-28T10:42:30.607+0000: [ParNew: 26756K->8K(30080K), 0.0015645 secs] 288456K->261708K(296936K), 0.0016156 secs] [Times: user=0.00 sys=0.00, real=0.00 secs] 
2020-10-28T10:42:30.636+0000: [GC (Allocation Failure) 2020-10-28T10:42:30.636+0000: [ParNew: 26760K->8K(30080K), 0.0015788 secs] 288460K->261708K(296936K), 0.0016299 secs] [Times: user=0.00 sys=0.00, real=0.00 secs] 
2020-10-28T10:42:30.667+0000: [GC (Allocation Failure) 2020-10-28T10:42:30.667+0000: [ParNew: 26760K->7K(30080K), 0.0015688 secs] 288460K->261707K(296936K), 0.0016388 secs] [Times: user=0.00 sys=0.00, real=0.00 secs] 
2020-10-28T10:42:30.704+0000: [GC (Allocation Failure) 2020-10-28T10:42:30.704+0000: [ParNew: 26759K->6K(30080K), 0.0015432 secs] 288459K->261707K(296936K), 0.0015945 secs] [Times: user=0.00 sys=0.00, real=0.00 secs] 
2020-10-28T10:42:30.735+0000: [GC (Allocation Failure) 2020-10-28T10:42:30.735+0000: [ParNew: 26758K->7K(30080K), 0.0015331 secs] 288459K->261707K(296936K), 0.0015831 secs] [Times: user=0.00 sys=0.00, real=0.01 secs] 
2020-10-28T10:42:30.760+0000: [GC (Allocation Failure) 2020-10-28T10:42:30.760+0000: [ParNew: 23548K->7K(30080K), 0.0013556 secs] 285248K->261707K(296936K), 0.0014031 secs] [Times: user=0.00 sys=0.00, real=0.00 secs] 
2020-10-28T10:42:30.781+0000: [GC (Allocation Failure) 2020-10-28T10:42:30.781+0000: [ParNew: 26759K->4K(30080K), 0.0072741 secs] 288459K->269900K(305132K), 0.0073230 secs] [Times: user=0.01 sys=0.01, real=0.01 secs] 
2020-10-28T10:42:30.821+0000: [GC (Allocation Failure) 2020-10-28T10:42:30.821+0000: [ParNew: 26756K->4K(30080K), 0.0029185 secs] 296652K->269900K(305132K), 0.0029888 secs] [Times: user=0.00 sys=0.00, real=0.01 secs] 
2020-10-28T10:42:30.852+0000: [GC (Allocation Failure) 2020-10-28T10:42:30.852+0000: [ParNew: 26756K->4K(30080K), 0.0014845 secs] 296652K->269900K(305132K), 0.0015333 secs] [Times: user=0.01 sys=0.00, real=0.00 secs] 
2020-10-28T10:42:30.880+0000: [GC (Allocation Failure) 2020-10-28T10:42:30.880+0000: [ParNew: 26756K->4K(30080K), 0.0014576 secs] 296652K->269900K(305132K), 0.0015233 secs] [Times: user=0.01 sys=0.00, real=0.00 secs] 
2020-10-28T10:42:30.911+0000: [GC (Allocation Failure) 2020-10-28T10:42:30.911+0000: [ParNew: 26756K->4K(30080K), 0.0015498 secs] 296652K->269900K(305132K), 0.0015988 secs] [Times: user=0.00 sys=0.00, real=0.00 secs] 
2020-10-28T10:42:30.939+0000: [GC (Allocation Failure) 2020-10-28T10:42:30.939+0000: [ParNew: 26756K->4K(30080K), 0.0014746 secs] 296652K->269900K(305132K), 0.0015242 secs] [Times: user=0.00 sys=0.00, real=0.00 secs] 
2020-10-28T10:42:30.967+0000: [GC (Allocation Failure) 2020-10-28T10:42:30.967+0000: [ParNew: 26756K->4K(30080K), 0.0014408 secs] 296652K->269900K(305132K), 0.0014902 secs] [Times: user=0.01 sys=0.00, real=0.00 secs] 
2020-10-28T10:42:30.998+0000: [GC (Allocation Failure) 2020-10-28T10:42:30.998+0000: [ParNew: 26756K->4K(30080K), 0.0014731 secs] 296652K->269900K(305132K), 0.0015234 secs] [Times: user=0.00 sys=0.00, real=0.00 secs] 
2020-10-28T10:42:31.019+0000: [GC (Allocation Failure) 2020-10-28T10:42:31.019+0000: [ParNew: 26756K->4K(30080K), 0.0070087 secs] 296652K->278092K(313328K), 0.0070578 secs] [Times: user=0.01 sys=0.01, real=0.01 secs] 
2020-10-28T10:42:31.053+0000: [GC (Allocation Failure) 2020-10-28T10:42:31.053+0000: [ParNew: 26756K->4K(30080K), 0.0015133 secs] 304844K->278092K(313328K), 0.0015612 secs] [Times: user=0.01 sys=0.00, real=0.00 secs] 
2020-10-28T10:42:31.081+0000: [GC (Allocation Failure) 2020-10-28T10:42:31.081+0000: [ParNew: 26756K->4K(30080K), 0.0014970 secs] 304844K->278092K(313328K), 0.0015458 secs] [Times: user=0.01 sys=0.00, real=0.00 secs] 
2020-10-28T10:42:31.109+0000: [GC (Allocation Failure) 2020-10-28T10:42:31.109+0000: [ParNew: 26756K->4K(30080K), 0.0015532 secs] 304844K->278092K(313328K), 0.0016045 secs] [Times: user=0.01 sys=0.00, real=0.00 secs] 
2020-10-28T10:42:31.137+0000: [GC (Allocation Failure) 2020-10-28T10:42:31.137+0000: [ParNew: 26756K->4K(30080K), 0.0015534 secs] 304844K->278092K(313328K), 0.0016034 secs] [Times: user=0.00 sys=0.00, real=0.00 secs] 
2020-10-28T10:42:31.165+0000: [GC (Allocation Failure) 2020-10-28T10:42:31.165+0000: [ParNew: 26756K->4K(30080K), 0.0015710 secs] 304844K->278092K(313328K), 0.0016206 secs] [Times: user=0.00 sys=0.00, real=0.00 secs] 
2020-10-28T10:42:31.193+0000: [GC (Allocation Failure) 2020-10-28T10:42:31.193+0000: [ParNew: 26756K->4K(30080K), 0.0015774 secs] 304844K->278092K(313328K), 0.0016276 secs] [Times: user=0.00 sys=0.00, real=0.00 secs] 
2020-10-28T10:42:31.222+0000: [GC (Allocation Failure) 2020-10-28T10:42:31.222+0000: [ParNew: 26756K->4K(30080K), 0.0014933 secs] 304844K->278092K(313328K), 0.0015417 secs] [Times: user=0.00 sys=0.00, real=0.00 secs] 
2020-10-28T10:42:31.243+0000: [GC (Allocation Failure) 2020-10-28T10:42:31.243+0000: [ParNew: 26756K->4K(30080K), 0.0147944 secs] 304844K->286284K(321524K), 0.0148511 secs] [Times: user=0.02 sys=0.00, real=0.02 secs] 
2020-10-28T10:42:31.285+0000: [GC (Allocation Failure) 2020-10-28T10:42:31.285+0000: [ParNew: 26756K->4K(30080K), 0.0015952 secs] 313036K->286284K(321524K), 0.0016461 secs] [Times: user=0.01 sys=0.00, real=0.00 secs] 
2020-10-28T10:42:31.313+0000: [GC (Allocation Failure) 2020-10-28T10:42:31.313+0000: [ParNew: 26756K->4K(30080K), 0.0015543 secs] 313036K->286284K(321524K), 0.0016025 secs] [Times: user=0.01 sys=0.00, real=0.00 secs] 
2020-10-28T10:42:31.341+0000: [GC (Allocation Failure) 2020-10-28T10:42:31.341+0000: [ParNew: 26756K->4K(30080K), 0.0015359 secs] 313036K->286284K(321524K), 0.0015836 secs] [Times: user=0.01 sys=0.00, real=0.00 secs] 
2020-10-28T10:42:31.369+0000: [GC (Allocation Failure) 2020-10-28T10:42:31.369+0000: [ParNew: 26756K->4K(30080K), 0.0015468 secs] 313036K->286284K(321524K), 0.0015970 secs] [Times: user=0.00 sys=0.00, real=0.00 secs] 
2020-10-28T10:42:31.397+0000: [GC (Allocation Failure) 2020-10-28T10:42:31.397+0000: [ParNew: 26756K->4K(30080K), 0.0015239 secs] 313036K->286284K(321524K), 0.0015723 secs] [Times: user=0.01 sys=0.00, real=0.00 secs] 
2020-10-28T10:42:31.425+0000: [GC (Allocation Failure) 2020-10-28T10:42:31.425+0000: [ParNew: 26756K->4K(30080K), 0.0014666 secs] 313036K->286284K(321524K), 0.0015135 secs] [Times: user=0.01 sys=0.00, real=0.00 secs] 
2020-10-28T10:42:31.453+0000: [GC (Allocation Failure) 2020-10-28T10:42:31.453+0000: [ParNew: 26756K->4K(30080K), 0.0015688 secs] 313036K->286284K(321524K), 0.0016453 secs] [Times: user=0.01 sys=0.00, real=0.00 secs] 
2020-10-28T10:42:31.479+0000: [GC (Allocation Failure) 2020-10-28T10:42:31.479+0000: [ParNew: 23477K->4K(30080K), 0.0015686 secs] 309758K->286284K(321524K), 0.0016188 secs] [Times: user=0.00 sys=0.00, real=0.00 secs] 
2020-10-28T10:42:31.500+0000: [GC (Allocation Failure) 2020-10-28T10:42:31.500+0000: [ParNew: 26756K->4K(30080K), 0.0072520 secs] 313036K->294476K(329720K), 0.0073030 secs] [Times: user=0.02 sys=0.00, real=0.01 secs] 
2020-10-28T10:42:31.534+0000: [GC (Allocation Failure) 2020-10-28T10:42:31.534+0000: [ParNew: 26756K->4K(30080K), 0.0016440 secs] 321228K->294476K(329720K), 0.0016953 secs] [Times: user=0.00 sys=0.00, real=0.01 secs] 
2020-10-28T10:42:31.562+0000: [GC (Allocation Failure) 2020-10-28T10:42:31.562+0000: [ParNew: 26756K->4K(30080K), 0.0015547 secs] 321228K->294476K(329720K), 0.0016035 secs] [Times: user=0.00 sys=0.00, real=0.01 secs] 
2020-10-28T10:42:31.590+0000: [GC (Allocation Failure) 2020-10-28T10:42:31.590+0000: [ParNew: 26756K->4K(30080K), 0.0015994 secs] 321228K->294476K(329720K), 0.0016495 secs] [Times: user=0.00 sys=0.00, real=0.00 secs] 
2020-10-28T10:42:31.619+0000: [GC (Allocation Failure) 2020-10-28T10:42:31.619+0000: [ParNew: 26756K->4K(30080K), 0.0015689 secs] 321228K->294476K(329720K), 0.0016179 secs] [Times: user=0.00 sys=0.00, real=0.00 secs] 
2020-10-28T10:42:31.647+0000: [GC (Allocation Failure) 2020-10-28T10:42:31.647+0000: [ParNew: 26756K->4K(30080K), 0.0016065 secs] 321228K->294476K(329720K), 0.0016729 secs] [Times: user=0.00 sys=0.00, real=0.00 secs] 
2020-10-28T10:42:31.675+0000: [GC (Allocation Failure) 2020-10-28T10:42:31.675+0000: [ParNew: 26756K->4K(30080K), 0.0016585 secs] 321228K->294476K(329720K), 0.0017071 secs] [Times: user=0.00 sys=0.00, real=0.01 secs] 
2020-10-28T10:42:31.704+0000: [GC (Allocation Failure) 2020-10-28T10:42:31.704+0000: [ParNew: 26756K->4K(30080K), 0.0015268 secs] 321228K->294476K(329720K), 0.0015744 secs] [Times: user=0.00 sys=0.00, real=0.00 secs] 
2020-10-28T10:42:31.725+0000: [GC (Allocation Failure) 2020-10-28T10:42:31.725+0000: [ParNew: 26756K->4K(30080K), 0.0071595 secs] 321228K->302668K(337916K), 0.0072070 secs] [Times: user=0.00 sys=0.01, real=0.00 secs] 
2020-10-28T10:42:31.760+0000: [GC (Allocation Failure) 2020-10-28T10:42:31.760+0000: [ParNew: 26756K->4K(30080K), 0.0015566 secs] 329420K->302668K(337916K), 0.0016038 secs] [Times: user=0.00 sys=0.00, real=0.00 secs] 
2020-10-28T10:42:31.788+0000: [GC (Allocation Failure) 2020-10-28T10:42:31.788+0000: [ParNew: 26756K->4K(30080K), 0.0015500 secs] 329420K->302668K(337916K), 0.0015975 secs] [Times: user=0.00 sys=0.00, real=0.00 secs] 
2020-10-28T10:42:31.794+0000: [GC (Allocation Failure) 2020-10-28T10:42:31.794+0000: [ParNew: 3749K->4K(30080K), 0.0010414 secs]2020-10-28T10:42:31.795+0000: [CMS2020-10-28T10:42:31.795+0000: [CMS-concurrent-abortable-preclean: 0.098/3.348 secs] [Times: user=3.81 sys=0.11, real=3.35 secs] 
 (concurrent mode failure): 302664K->279832K(307836K), 0.0930621 secs] 306413K->279832K(337916K), [Metaspace: 57334K->57334K(1099776K)], 0.0946523 secs] [Times: user=0.10 sys=0.00, real=0.10 secs] 
2020-10-28T10:42:32.026+0000: [GC (Allocation Failure) 2020-10-28T10:42:32.026+0000: [ParNew: 136320K->4K(153344K), 0.0370282 secs] 416152K->345374K(619732K), 0.0370858 secs] [Times: user=0.05 sys=0.00, real=0.04 secs] 
2020-10-28T10:42:32.071+0000: [GC (CMS Initial Mark) [1 CMS-initial-mark: 345370K(466388K)] 350827K(619732K), 0.0039447 secs] [Times: user=0.01 sys=0.00, real=0.01 secs] 
2020-10-28T10:42:32.075+0000: [CMS-concurrent-mark-start]
2020-10-28T10:42:32.113+0000: [CMS-concurrent-mark: 0.037/0.038 secs] [Times: user=0.07 sys=0.00, real=0.03 secs] 
2020-10-28T10:42:32.113+0000: [CMS-concurrent-preclean-start]
2020-10-28T10:42:32.115+0000: [CMS-concurrent-preclean: 0.002/0.002 secs] [Times: user=0.00 sys=0.00, real=0.00 secs] 
2020-10-28T10:42:32.115+0000: [CMS-concurrent-abortable-preclean-start]
2020-10-28T10:42:32.215+0000: [GC (Allocation Failure) 2020-10-28T10:42:32.215+0000: [ParNew2020-10-28T10:42:32.217+0000: [CMS-concurrent-abortable-preclean: 0.001/0.102 secs] [Times: user=0.11 sys=0.01, real=0.11 secs] 
: 136324K->8196K(153344K), 0.0077757 secs] 481694K->353566K(619732K), 0.0078268 secs] [Times: user=0.00 sys=0.01, real=0.01 secs] 
2020-10-28T10:42:32.225+0000: [GC (CMS Final Remark) [YG occupancy: 10922 K (153344 K)]2020-10-28T10:42:32.225+0000: [Rescan (parallel) , 0.0011485 secs]2020-10-28T10:42:32.227+0000: [weak refs processing, 0.0000245 secs]2020-10-28T10:42:32.227+0000: [class unloading, 0.0061058 secs]2020-10-28T10:42:32.233+0000: [scrub symbol table, 0.0075131 secs]2020-10-28T10:42:32.240+0000: [scrub string table, 0.0005078 secs][1 CMS-remark: 345370K(466388K)] 356293K(619732K), 0.0153821 secs] [Times: user=0.01 sys=0.00, real=0.01 secs] 
2020-10-28T10:42:32.241+0000: [CMS-concurrent-sweep-start]
2020-10-28T10:42:32.250+0000: [CMS-concurrent-sweep: 0.009/0.009 secs] [Times: user=0.02 sys=0.00, real=0.01 secs] 
2020-10-28T10:42:32.250+0000: [CMS-concurrent-reset-start]
2020-10-28T10:42:32.252+0000: [CMS-concurrent-reset: 0.002/0.002 secs] [Times: user=0.00 sys=0.00, real=0.00 secs] 
2020-10-28T10:42:32.380+0000: [GC (Allocation Failure) 2020-10-28T10:42:32.380+0000: [ParNew: 144516K->8196K(153344K), 0.0081101 secs] 489885K->353565K(728960K), 0.0081631 secs] [Times: user=0.02 sys=0.00, real=0.01 secs] 
2020-10-28T10:42:32.515+0000: [GC (Allocation Failure) 2020-10-28T10:42:32.515+0000: [ParNew: 144516K->16388K(153344K), 0.0083919 secs] 489885K->361757K(728960K), 0.0084465 secs] [Times: user=0.01 sys=0.00, real=0.01 secs] 
2020-10-28T10:42:32.653+0000: [GC (Allocation Failure) 2020-10-28T10:42:32.653+0000: [ParNew: 152708K->16388K(153344K), 0.0105796 secs] 498077K->369951K(728960K), 0.0106349 secs] [Times: user=0.01 sys=0.00, real=0.02 secs] 
2020-10-28T10:42:32.814+0000: [GC (Allocation Failure) 2020-10-28T10:42:32.814+0000: [ParNew: 152708K->8378K(153344K), 0.0094475 secs] 506271K->370133K(728960K), 0.0095139 secs] [Times: user=0.01 sys=0.00, real=0.02 secs] 
2020-10-28T10:42:32.951+0000: [GC (Allocation Failure) 2020-10-28T10:42:32.951+0000: [ParNew: 144698K->16478K(153344K), 0.0038504 secs] 506453K->378234K(728960K), 0.0039025 secs] [Times: user=0.01 sys=0.00, real=0.00 secs] 
2020-10-28T10:42:33.088+0000: [GC (Allocation Failure) 2020-10-28T10:42:33.088+0000: [ParNew: 152798K->8284K(153344K), 0.0089533 secs] 514554K->378231K(728960K), 0.0090063 secs] [Times: user=0.02 sys=0.00, real=0.01 secs] 
2020-10-28T10:42:33.227+0000: [GC (Allocation Failure) 2020-10-28T10:42:33.227+0000: [ParNew: 144604K->16481K(153344K), 0.0037598 secs] 514551K->386428K(728960K), 0.0038149 secs] [Times: user=0.01 sys=0.00, real=0.00 secs] 
2020-10-28T10:42:33.358+0000: [GC (Allocation Failure) 2020-10-28T10:42:33.358+0000: [ParNew: 152801K->16449K(153344K), 0.0142708 secs] 522748K->394659K(728960K), 0.0143261 secs] [Times: user=0.03 sys=0.00, real=0.01 secs] 
2020-10-28T10:42:33.509+0000: [GC (Allocation Failure) 2020-10-28T10:42:33.509+0000: [ParNew: 152769K->8200K(153344K), 0.0156850 secs] 530979K->394602K(728960K), 0.0157445 secs] [Times: user=0.02 sys=0.01, real=0.02 secs] 
2020-10-28T10:42:33.653+0000: [GC (Allocation Failure) 2020-10-28T10:42:33.653+0000: [ParNew: 144520K->16388K(153344K), 0.0039069 secs] 530922K->402790K(728960K), 0.0039694 secs] [Times: user=0.00 sys=0.00, real=0.01 secs] 
2020-10-28T10:42:33.792+0000: [GC (Allocation Failure) 2020-10-28T10:42:33.792+0000: [ParNew: 152708K->8196K(153344K), 0.0082717 secs] 539110K->402790K(728960K), 0.0083263 secs] [Times: user=0.01 sys=0.00, real=0.01 secs] 
2020-10-28T10:42:33.941+0000: [GC (Allocation Failure) 2020-10-28T10:42:33.941+0000: [ParNew: 144516K->16388K(153344K), 0.0039372 secs] 539110K->410982K(728960K), 0.0039922 secs] [Times: user=0.01 sys=0.00, real=0.01 secs] 
2020-10-28T10:42:34.073+0000: [GC (Allocation Failure) 2020-10-28T10:42:34.073+0000: [ParNew: 152708K->16388K(153344K), 0.0091923 secs] 547302K->419174K(728960K), 0.0092476 secs] [Times: user=0.01 sys=0.01, real=0.01 secs] 
2020-10-28T10:42:34.214+0000: [GC (Allocation Failure) 2020-10-28T10:42:34.215+0000: [ParNew: 152708K->8196K(153344K), 0.0131585 secs] 555494K->419174K(728960K), 0.0132135 secs] [Times: user=0.02 sys=0.00, real=0.02 secs] 
2020-10-28T10:42:34.230+0000: [GC (CMS Initial Mark) [1 CMS-initial-mark: 410978K(575616K)] 421898K(728960K), 0.0011471 secs] [Times: user=0.00 sys=0.00, real=0.00 secs] 
2020-10-28T10:42:34.231+0000: [CMS-concurrent-mark-start]
2020-10-28T10:42:34.268+0000: [CMS-concurrent-mark: 0.037/0.037 secs] [Times: user=0.07 sys=0.01, real=0.04 secs] 
2020-10-28T10:42:34.268+0000: [CMS-concurrent-preclean-start]
2020-10-28T10:42:34.270+0000: [CMS-concurrent-preclean: 0.002/0.002 secs] [Times: user=0.00 sys=0.00, real=0.00 secs] 
2020-10-28T10:42:34.270+0000: [CMS-concurrent-abortable-preclean-start]
2020-10-28T10:42:34.375+0000: [GC (Allocation Failure) 2020-10-28T10:42:34.375+0000: [ParNew: 144516K->16388K(153344K), 0.0034884 secs] 555494K->427366K(728960K), 0.0035336 secs] [Times: user=0.00 sys=0.00, real=0.01 secs] 
2020-10-28T10:42:35.152+0000: [CMS-concurrent-abortable-preclean: 0.018/0.882 secs] [Times: user=1.49 sys=0.00, real=0.88 secs] 
2020-10-28T10:42:35.152+0000: [GC (CMS Final Remark) [YG occupancy: 87244 K (153344 K)]2020-10-28T10:42:35.152+0000: [Rescan (parallel) , 0.0423511 secs]2020-10-28T10:42:35.194+0000: [weak refs processing, 0.0000369 secs]2020-10-28T10:42:35.194+0000: [class unloading, 0.0062409 secs]2020-10-28T10:42:35.201+0000: [scrub symbol table, 0.0075162 secs]2020-10-28T10:42:35.208+0000: [scrub string table, 0.0005232 secs][1 CMS-remark: 410978K(575616K)] 498222K(728960K), 0.0567973 secs] [Times: user=0.10 sys=0.00, real=0.06 secs] 
2020-10-28T10:42:35.209+0000: [CMS-concurrent-sweep-start]
2020-10-28T10:42:35.217+0000: [CMS-concurrent-sweep: 0.009/0.009 secs] [Times: user=0.01 sys=0.00, real=0.01 secs] 
2020-10-28T10:42:35.218+0000: [CMS-concurrent-reset-start]
2020-10-28T10:42:35.219+0000: [CMS-concurrent-reset: 0.002/0.002 secs] [Times: user=0.01 sys=0.00, real=0.00 secs] 
2020-10-28T10:42:36.963+0000: [GC (Allocation Failure) 2020-10-28T10:42:36.963+0000: [ParNew: 152708K->1773K(153344K), 0.0045182 secs] 530884K->379949K(783640K), 0.0045868 secs] [Times: user=0.01 sys=0.00, real=0.01 secs] 
2020-10-28T10:42:37.524+0000: [GC (Allocation Failure) 2020-10-28T10:42:37.524+0000: [ParNew: 138093K->5572K(153344K), 0.0064260 secs] 516269K->383748K(783640K), 0.0064757 secs] [Times: user=0.01 sys=0.00, real=0.00 secs] 
2020-10-28T10:42:38.488+0000: [GC (Allocation Failure) 2020-10-28T10:42:38.488+0000: [ParNew: 141892K->7682K(153344K), 0.0105099 secs] 520068K->385859K(783640K), 0.0105678 secs] [Times: user=0.02 sys=0.00, real=0.01 secs] 
2020-10-28T10:42:39.087+0000: [GC (Allocation Failure) 2020-10-28T10:42:39.087+0000: [ParNew: 144002K->9569K(153344K), 0.0210397 secs] 522179K->387746K(783640K), 0.0211141 secs] [Times: user=0.04 sys=0.00, real=0.02 secs] 
2020-10-28T10:42:39.503+0000: [GC (Allocation Failure) 2020-10-28T10:42:39.503+0000: [ParNew: 145889K->13275K(153344K), 0.0271646 secs] 524066K->391452K(783640K), 0.0272502 secs] [Times: user=0.02 sys=0.00, real=0.03 secs] 
2020-10-28T10:42:39.973+0000: [GC (Allocation Failure) 2020-10-28T10:42:39.973+0000: [ParNew: 149595K->15084K(153344K), 0.0313454 secs] 527772K->393930K(783640K), 0.0314347 secs] [Times: user=0.02 sys=0.00, real=0.04 secs] 
2020-10-28T10:42:40.284+0000: [GC (Allocation Failure) 2020-10-28T10:42:40.284+0000: [ParNew: 151404K->12654K(153344K), 0.0198636 secs] 530250K->392403K(783640K), 0.0199371 secs] [Times: user=0.03 sys=0.00, real=0.02 secs] 
2020-10-28T10:42:40.559+0000: [GC (Allocation Failure) 2020-10-28T10:42:40.559+0000: [ParNew: 148974K->12507K(153344K), 0.0124653 secs] 528723K->395574K(783640K), 0.0125226 secs] [Times: user=0.02 sys=0.00, real=0.01 secs] 
2020-10-28T10:42:40.715+0000: [GC (Allocation Failure) 2020-10-28T10:42:40.715+0000: [ParNew: 148827K->9598K(153344K), 0.0059471 secs] 531894K->393974K(783640K), 0.0060034 secs] [Times: user=0.01 sys=0.00, real=0.00 secs] 
2020-10-28T10:42:40.851+0000: [GC (Allocation Failure) 2020-10-28T10:42:40.851+0000: [ParNew: 145918K->16736K(153344K), 0.0047960 secs] 530294K->401111K(783640K), 0.0048524 secs] [Times: user=0.00 sys=0.01, real=0.01 secs] 
2020-10-28T10:42:40.991+0000: [GC (Allocation Failure) 2020-10-28T10:42:40.991+0000: [ParNew: 153056K->88K(153344K), 0.0025011 secs] 537431K->384464K(783640K), 0.0025544 secs] [Times: user=0.00 sys=0.00, real=0.00 secs] 
2020-10-28T10:42:41.111+0000: [GC (Allocation Failure) 2020-10-28T10:42:41.111+0000: [ParNew: 136408K->22K(153344K), 0.0024833 secs] 520784K->384398K(783640K), 0.0025369 secs] [Times: user=0.01 sys=0.00, real=0.00 secs] 
2020-10-28T10:42:41.235+0000: [GC (Allocation Failure) 2020-10-28T10:42:41.235+0000: [ParNew: 136342K->6K(153344K), 0.0024896 secs] 520718K->384382K(783640K), 0.0025424 secs] [Times: user=0.00 sys=0.00, real=0.00 secs] 
2020-10-28T10:42:41.355+0000: [GC (Allocation Failure) 2020-10-28T10:42:41.355+0000: [ParNew: 136326K->4K(153344K), 0.0024822 secs] 520702K->384380K(783640K), 0.0025360 secs] [Times: user=0.00 sys=0.00, real=0.00 secs] 
2020-10-28T10:42:41.483+0000: [GC (Allocation Failure) 2020-10-28T10:42:41.483+0000: [ParNew: 136324K->4K(153344K), 0.0025028 secs] 520700K->384380K(783640K), 0.0025561 secs] [Times: user=0.00 sys=0.00, real=0.01 secs] 
2020-10-28T10:42:41.606+0000: [GC (Allocation Failure) 2020-10-28T10:42:41.606+0000: [ParNew: 136324K->4K(153344K), 0.0024967 secs] 520700K->384380K(783640K), 0.0025493 secs] [Times: user=0.01 sys=0.00, real=0.00 secs] 
2020-10-28T10:42:41.725+0000: [GC (Allocation Failure) 2020-10-28T10:42:41.725+0000: [ParNew: 136324K->4K(153344K), 0.0025008 secs] 520700K->384381K(783640K), 0.0025761 secs] [Times: user=0.01 sys=0.00, real=0.00 secs] 
2020-10-28T10:42:41.844+0000: [GC (Allocation Failure) 2020-10-28T10:42:41.844+0000: [ParNew: 136324K->4K(153344K), 0.0025655 secs] 520701K->384381K(783640K), 0.0026169 secs] [Times: user=0.01 sys=0.00, real=0.00 secs] 
2020-10-28T10:42:41.947+0000: [GC (Allocation Failure) 2020-10-28T10:42:41.947+0000: [ParNew: 136324K->16388K(153344K), 0.0168556 secs] 520701K->433533K(783640K), 0.0169135 secs] [Times: user=0.03 sys=0.01, real=0.02 secs] 
2020-10-28T10:42:42.083+0000: [GC (Allocation Failure) 2020-10-28T10:42:42.083+0000: [ParNew: 152708K->4K(153344K), 0.0024806 secs] 569853K->417150K(783640K), 0.0025321 secs] [Times: user=0.01 sys=0.00, real=0.00 secs] 
2020-10-28T10:42:42.217+0000: [GC (Allocation Failure) 2020-10-28T10:42:42.217+0000: [ParNew: 136324K->4K(153344K), 0.0024565 secs] 553470K->417150K(783640K), 0.0025081 secs] [Times: user=0.00 sys=0.00, real=0.00 secs] 
2020-10-28T10:42:42.339+0000: [GC (Allocation Failure) 2020-10-28T10:42:42.339+0000: [ParNew: 136324K->4K(153344K), 0.0024440 secs] 553470K->417150K(783640K), 0.0025083 secs] [Times: user=0.01 sys=0.00, real=0.00 secs] 
2020-10-28T10:42:42.460+0000: [GC (Allocation Failure) 2020-10-28T10:42:42.460+0000: [ParNew: 136324K->4K(153344K), 0.0024901 secs] 553470K->417150K(783640K), 0.0025414 secs] [Times: user=0.00 sys=0.00, real=0.00 secs] 
2020-10-28T10:42:42.587+0000: [GC (Allocation Failure) 2020-10-28T10:42:42.587+0000: [ParNew: 136324K->4K(153344K), 0.0024679 secs] 553470K->417150K(783640K), 0.0025177 secs] [Times: user=0.01 sys=0.00, real=0.00 secs] 
2020-10-28T10:42:42.719+0000: [GC (Allocation Failure) 2020-10-28T10:42:42.719+0000: [ParNew: 136324K->4K(153344K), 0.0029301 secs] 553470K->417150K(783640K), 0.0029823 secs] [Times: user=0.00 sys=0.00, real=0.00 secs] 
2020-10-28T10:42:42.893+0000: [GC (Allocation Failure) 2020-10-28T10:42:42.893+0000: [ParNew: 136324K->10K(153344K), 0.0033225 secs] 553470K->417156K(783640K), 0.0033898 secs] [Times: user=0.01 sys=0.00, real=0.01 secs] 
2020-10-28T10:42:43.033+0000: [GC (Allocation Failure) 2020-10-28T10:42:43.033+0000: [ParNew: 136330K->12K(153344K), 0.0025427 secs] 553476K->417158K(783640K), 0.0025966 secs] [Times: user=0.01 sys=0.00, real=0.01 secs] 
2020-10-28T10:42:43.153+0000: [GC (Allocation Failure) 2020-10-28T10:42:43.153+0000: [ParNew: 136332K->10K(153344K), 0.0024597 secs] 553478K->417157K(783640K), 0.0025125 secs] [Times: user=0.00 sys=0.00, real=0.00 secs] 
2020-10-28T10:42:43.272+0000: [GC (Allocation Failure) 2020-10-28T10:42:43.272+0000: [ParNew: 136330K->11K(153344K), 0.0024753 secs] 553477K->417157K(783640K), 0.0025468 secs] [Times: user=0.00 sys=0.00, real=0.00 secs] 
2020-10-28T10:42:43.395+0000: [GC (Allocation Failure) 2020-10-28T10:42:43.395+0000: [ParNew: 136331K->11K(153344K), 0.0024722 secs] 553477K->417157K(783640K), 0.0025232 secs] [Times: user=0.00 sys=0.00, real=0.01 secs] 
2020-10-28T10:42:43.519+0000: [GC (Allocation Failure) 2020-10-28T10:42:43.519+0000: [ParNew: 136331K->11K(153344K), 0.0024817 secs] 553477K->417157K(783640K), 0.0025266 secs] [Times: user=0.01 sys=0.00, real=0.00 secs] 
2020-10-28T10:42:43.638+0000: [GC (Allocation Failure) 2020-10-28T10:42:43.638+0000: [ParNew: 136331K->7K(153344K), 0.0025354 secs] 553477K->417159K(783640K), 0.0025966 secs] [Times: user=0.00 sys=0.00, real=0.00 secs] 
2020-10-28T10:42:43.761+0000: [GC (Allocation Failure) 2020-10-28T10:42:43.761+0000: [ParNew: 136327K->4K(153344K), 0.0024663 secs] 553479K->417156K(783640K), 0.0025193 secs] [Times: user=0.00 sys=0.00, real=0.01 secs] 
2020-10-28T10:42:43.859+0000: [GC (Allocation Failure) 2020-10-28T10:42:43.859+0000: [ParNew: 136324K->4K(153344K), 0.0342603 secs] 553476K->449924K(783640K), 0.0343171 secs] [Times: user=0.04 sys=0.01, real=0.03 secs] 
2020-10-28T10:42:43.903+0000: [GC (CMS Initial Mark) [1 CMS-initial-mark: 449919K(630296K)] 458083K(783640K), 0.0047640 secs] [Times: user=0.01 sys=0.00, real=0.01 secs] 
2020-10-28T10:42:43.907+0000: [CMS-concurrent-mark-start]
2020-10-28T10:42:43.984+0000: [CMS-concurrent-mark: 0.077/0.077 secs] [Times: user=0.15 sys=0.00, real=0.08 secs] 
2020-10-28T10:42:43.984+0000: [CMS-concurrent-preclean-start]
2020-10-28T10:42:43.987+0000: [CMS-concurrent-preclean: 0.002/0.002 secs] [Times: user=0.00 sys=0.00, real=0.00 secs] 
2020-10-28T10:42:43.987+0000: [CMS-concurrent-abortable-preclean-start]
2020-10-28T10:42:44.027+0000: [GC (Allocation Failure) 2020-10-28T10:42:44.027+0000: [ParNew: 136324K->6K(153344K), 0.0253480 secs] 586244K->482694K(783640K), 0.0254135 secs] [Times: user=0.03 sys=0.02, real=0.02 secs] 
2020-10-28T10:42:44.176+0000: [GC (Allocation Failure) 2020-10-28T10:42:44.176+0000: [ParNew: 136326K->4K(153344K), 0.0022874 secs] 619014K->482692K(783640K), 0.0023392 secs] [Times: user=0.00 sys=0.00, real=0.00 secs] 
2020-10-28T10:42:44.179+0000: [CMS-concurrent-abortable-preclean: 0.015/0.192 secs] [Times: user=0.33 sys=0.03, real=0.19 secs] 
2020-10-28T10:42:44.179+0000: [GC (CMS Final Remark) [YG occupancy: 1400 K (153344 K)]2020-10-28T10:42:44.179+0000: [Rescan (parallel) , 0.0013650 secs]2020-10-28T10:42:44.180+0000: [weak refs processing, 0.0000479 secs]2020-10-28T10:42:44.180+0000: [class unloading, 0.0098525 secs]2020-10-28T10:42:44.190+0000: [scrub symbol table, 0.0086591 secs]2020-10-28T10:42:44.199+0000: [scrub string table, 0.0005613 secs][1 CMS-remark: 482688K(630296K)] 484088K(783640K), 0.0205885 secs] [Times: user=0.03 sys=0.00, real=0.02 secs] 
2020-10-28T10:42:44.203+0000: [CMS-concurrent-sweep-start]
2020-10-28T10:42:44.231+0000: [CMS-concurrent-sweep: 0.019/0.027 secs] [Times: user=0.05 sys=0.00, real=0.02 secs] 
2020-10-28T10:42:44.231+0000: [CMS-concurrent-reset-start]
2020-10-28T10:42:44.233+0000: [CMS-concurrent-reset: 0.002/0.002 secs] [Times: user=0.01 sys=0.00, real=0.00 secs] 
2020-10-28T10:42:44.325+0000: [GC (Allocation Failure) 2020-10-28T10:42:44.325+0000: [ParNew: 136324K->6K(153344K), 0.0024149 secs] 503752K->367434K(783640K), 0.0024678 secs] [Times: user=0.00 sys=0.00, real=0.00 secs] 
2020-10-28T10:42:44.444+0000: [GC (Allocation Failure) 2020-10-28T10:42:44.444+0000: [ParNew: 136326K->6K(153344K), 0.0024397 secs] 503754K->367434K(783640K), 0.0024912 secs] [Times: user=0.00 sys=0.00, real=0.00 secs] 
2020-10-28T10:42:44.550+0000: [GC (Allocation Failure) 2020-10-28T10:42:44.550+0000: [ParNew: 136326K->16390K(153344K), 0.0039962 secs] 503754K->383819K(783640K), 0.0040476 secs] [Times: user=0.01 sys=0.00, real=0.00 secs] 
2020-10-28T10:42:44.670+0000: [GC (Allocation Failure) 2020-10-28T10:42:44.670+0000: [ParNew: 152710K->4K(153344K), 0.0040356 secs] 520139K->383818K(783640K), 0.0041035 secs] [Times: user=0.01 sys=0.00, real=0.00 secs] 
2020-10-28T10:42:44.799+0000: [GC (Allocation Failure) 2020-10-28T10:42:44.799+0000: [ParNew: 136324K->4K(153344K), 0.0024904 secs] 520138K->383818K(783640K), 0.0025432 secs] [Times: user=0.01 sys=0.00, real=0.00 secs] 
2020-10-28T10:42:44.906+0000: [GC (Allocation Failure) 2020-10-28T10:42:44.906+0000: [ParNew: 136324K->16388K(153344K), 0.0039085 secs] 520138K->400202K(783640K), 0.0039614 secs] [Times: user=0.01 sys=0.00, real=0.00 secs] 
2020-10-28T10:42:45.027+0000: [GC (Allocation Failure) 2020-10-28T10:42:45.027+0000: [ParNew: 152708K->4K(153344K), 0.0041342 secs] 536522K->400202K(783640K), 0.0041896 secs] [Times: user=0.01 sys=0.00, real=0.00 secs] 
2020-10-28T10:42:45.151+0000: [GC (Allocation Failure) 2020-10-28T10:42:45.151+0000: [ParNew: 136324K->4K(153344K), 0.0024013 secs] 536522K->400202K(783640K), 0.0024544 secs] [Times: user=0.01 sys=0.00, real=0.00 secs] 
2020-10-28T10:42:45.289+0000: [GC (Allocation Failure) 2020-10-28T10:42:45.289+0000: [ParNew: 136324K->8196K(153344K), 0.0033698 secs] 536522K->408394K(783640K), 0.0034223 secs] [Times: user=0.01 sys=0.00, real=0.00 secs] 
2020-10-28T10:42:45.409+0000: [GC (Allocation Failure) 2020-10-28T10:42:45.409+0000: [ParNew: 144516K->16388K(153344K), 0.0041537 secs] 544714K->416586K(783640K), 0.0042088 secs] [Times: user=0.00 sys=0.00, real=0.00 secs] 
2020-10-28T10:42:45.529+0000: [GC (Allocation Failure) 2020-10-28T10:42:45.529+0000: [ParNew: 152708K->8196K(153344K), 0.0040806 secs] 552906K->416586K(783640K), 0.0041353 secs] [Times: user=0.01 sys=0.00, real=0.00 secs] 
2020-10-28T10:42:45.656+0000: [GC (Allocation Failure) 2020-10-28T10:42:45.656+0000: [ParNew: 138621K->8196K(153344K), 0.0033877 secs] 547012K->416586K(783640K), 0.0034410 secs] [Times: user=0.01 sys=0.00, real=0.00 secs] 
2020-10-28T10:42:45.784+0000: [GC (Allocation Failure) 2020-10-28T10:42:45.784+0000: [ParNew: 144516K->16388K(153344K), 0.0048673 secs] 552906K->432970K(783640K), 0.0049238 secs] [Times: user=0.01 sys=0.00, real=0.00 secs] 
2020-10-28T10:42:45.912+0000: [GC (Allocation Failure) 2020-10-28T10:42:45.912+0000: [ParNew: 152708K->4K(153344K), 0.0039634 secs] 569290K->432971K(783640K), 0.0040161 secs] [Times: user=0.01 sys=0.00, real=0.01 secs] 
2020-10-28T10:42:46.032+0000: [GC (Allocation Failure) 2020-10-28T10:42:46.032+0000: [ParNew: 136324K->4K(153344K), 0.0024170 secs] 569291K->432971K(783640K), 0.0024696 secs] [Times: user=0.00 sys=0.00, real=0.00 secs] 
2020-10-28T10:42:46.140+0000: [GC (Allocation Failure) 2020-10-28T10:42:46.140+0000: [ParNew: 136324K->16388K(153344K), 0.0040241 secs] 569291K->449355K(783640K), 0.0040776 secs] [Times: user=0.01 sys=0.00, real=0.01 secs] 
2020-10-28T10:42:46.263+0000: [GC (Allocation Failure) 2020-10-28T10:42:46.263+0000: [ParNew: 152708K->4K(153344K), 0.0040873 secs] 585675K->449355K(783640K), 0.0041405 secs] [Times: user=0.01 sys=0.00, real=0.00 secs] 
2020-10-28T10:42:46.268+0000: [GC (CMS Initial Mark) [1 CMS-initial-mark: 449351K(630296K)] 452069K(783640K), 0.0012009 secs] [Times: user=0.00 sys=0.00, real=0.00 secs] 
2020-10-28T10:42:46.270+0000: [CMS-concurrent-mark-start]
2020-10-28T10:42:46.350+0000: [CMS-concurrent-mark: 0.080/0.080 secs] [Times: user=0.14 sys=0.01, real=0.08 secs] 
2020-10-28T10:42:46.350+0000: [CMS-concurrent-preclean-start]
2020-10-28T10:42:46.360+0000: [CMS-concurrent-preclean: 0.010/0.010 secs] [Times: user=0.03 sys=0.00, real=0.01 secs] 
2020-10-28T10:42:46.360+0000: [CMS-concurrent-abortable-preclean-start]
2020-10-28T10:42:46.409+0000: [GC (Allocation Failure) 2020-10-28T10:42:46.409+0000: [ParNew: 136324K->4K(153344K), 0.0023903 secs] 585675K->449355K(783640K), 0.0024421 secs] [Times: user=0.01 sys=0.00, real=0.00 secs] 
2020-10-28T10:42:46.519+0000: [GC (Allocation Failure) 2020-10-28T10:42:46.519+0000: [ParNew: 136324K->16388K(153344K), 0.0035125 secs] 585675K->465739K(783640K), 0.0035645 secs] [Times: user=0.01 sys=0.00, real=0.00 secs] 
2020-10-28T10:42:46.523+0000: [CMS-concurrent-abortable-preclean: 0.006/0.163 secs] [Times: user=0.32 sys=0.00, real=0.16 secs] 
2020-10-28T10:42:46.523+0000: [GC (CMS Final Remark) [YG occupancy: 17678 K (153344 K)]2020-10-28T10:42:46.523+0000: [Rescan (parallel) , 0.0015156 secs]2020-10-28T10:42:46.525+0000: [weak refs processing, 0.0000249 secs]2020-10-28T10:42:46.525+0000: [class unloading, 0.0075449 secs]2020-10-28T10:42:46.532+0000: [scrub symbol table, 0.0086649 secs]2020-10-28T10:42:46.541+0000: [scrub string table, 0.0005516 secs][1 CMS-remark: 449351K(630296K)] 467029K(783640K), 0.0183925 secs] [Times: user=0.02 sys=0.00, real=0.02 secs] 
2020-10-28T10:42:46.542+0000: [CMS-concurrent-sweep-start]
2020-10-28T10:42:46.553+0000: [CMS-concurrent-sweep: 0.011/0.011 secs] [Times: user=0.02 sys=0.00, real=0.01 secs] 
2020-10-28T10:42:46.553+0000: [CMS-concurrent-reset-start]
2020-10-28T10:42:46.555+0000: [CMS-concurrent-reset: 0.002/0.002 secs] [Times: user=0.00 sys=0.00, real=0.00 secs] 
2020-10-28T10:42:46.664+0000: [GC (Allocation Failure) 2020-10-28T10:42:46.664+0000: [ParNew: 152708K->4K(153344K), 0.0041710 secs] 569242K->432922K(847568K), 0.0042232 secs] [Times: user=0.01 sys=0.00, real=0.00 secs] 
2020-10-28T10:42:46.785+0000: [GC (Allocation Failure) 2020-10-28T10:42:46.785+0000: [ParNew: 136324K->4K(153344K), 0.0025949 secs] 569242K->432922K(847568K), 0.0026465 secs] [Times: user=0.00 sys=0.01, real=0.00 secs] 
2020-10-28T10:42:46.903+0000: [GC (Allocation Failure) 2020-10-28T10:42:46.903+0000: [ParNew: 130609K->4K(153344K), 0.0034379 secs] 563527K->432922K(847568K), 0.0034929 secs] [Times: user=0.00 sys=0.00, real=0.01 secs] 
2020-10-28T10:42:47.023+0000: [GC (Allocation Failure) 2020-10-28T10:42:47.023+0000: [ParNew: 136324K->16388K(153344K), 0.0044302 secs] 569242K->449306K(847568K), 0.0044858 secs] [Times: user=0.01 sys=0.00, real=0.00 secs] 
2020-10-28T10:42:47.147+0000: [GC (Allocation Failure) 2020-10-28T10:42:47.147+0000: [ParNew: 152708K->4K(153344K), 0.0041867 secs] 585626K->449306K(847568K), 0.0042400 secs] [Times: user=0.01 sys=0.00, real=0.00 secs] 
2020-10-28T10:42:47.271+0000: [GC (Allocation Failure) 2020-10-28T10:42:47.271+0000: [ParNew: 136324K->4K(153344K), 0.0025846 secs] 585626K->449306K(847568K), 0.0026359 secs] [Times: user=0.01 sys=0.00, real=0.00 secs] 
2020-10-28T10:42:47.380+0000: [GC (Allocation Failure) 2020-10-28T10:42:47.380+0000: [ParNew: 136324K->16388K(153344K), 0.0041562 secs] 585626K->465690K(847568K), 0.0042127 secs] [Times: user=0.01 sys=0.00, real=0.01 secs] 
2020-10-28T10:42:47.503+0000: [GC (Allocation Failure) 2020-10-28T10:42:47.503+0000: [ParNew: 152708K->4K(153344K), 0.0042757 secs] 602010K->465690K(847568K), 0.0043317 secs] [Times: user=0.01 sys=0.00, real=0.00 secs] 
2020-10-28T10:42:47.626+0000: [GC (Allocation Failure) 2020-10-28T10:42:47.626+0000: [ParNew: 136324K->4K(153344K), 0.0025909 secs] 602010K->465690K(847568K), 0.0026382 secs] [Times: user=0.01 sys=0.00, real=0.00 secs] 
2020-10-28T10:42:47.732+0000: [GC (Allocation Failure) 2020-10-28T10:42:47.732+0000: [ParNew: 136324K->16388K(153344K), 0.0042554 secs] 602010K->482074K(847568K), 0.0043076 secs] [Times: user=0.00 sys=0.00, real=0.01 secs] 
2020-10-28T10:42:49.654+0000: [GC (Allocation Failure) 2020-10-28T10:42:49.654+0000: [ParNew: 148692K->139K(153344K), 0.0084926 secs] 614379K->474018K(847568K), 0.0085393 secs] [Times: user=0.01 sys=0.00, real=0.01 secs] 
2020-10-28T10:42:49.683+0000: [GC (Allocation Failure) 2020-10-28T10:42:49.683+0000: [ParNew: 136459K->147K(153344K), 0.0026546 secs] 610338K->474025K(847568K), 0.0027073 secs] [Times: user=0.00 sys=0.00, real=0.00 secs] 
2020-10-28T10:42:49.829+0000: [GC (Allocation Failure) 2020-10-28T10:42:49.829+0000: [ParNew: 136467K->1565K(153344K), 0.0028780 secs] 610345K->475444K(847568K), 0.0029338 secs] [Times: user=0.01 sys=0.00, real=0.00 secs] 
2020-10-28T10:42:49.946+0000: [GC (Allocation Failure) 2020-10-28T10:42:49.946+0000: [ParNew: 137885K->3092K(153344K), 0.0032267 secs] 611764K->476971K(847568K), 0.0032798 secs] [Times: user=0.01 sys=0.00, real=0.00 secs] 
2020-10-28T10:42:50.067+0000: [GC (Allocation Failure) 2020-10-28T10:42:50.067+0000: [ParNew: 139412K->4127K(153344K), 0.0033327 secs] 613291K->478006K(847568K), 0.0033867 secs] [Times: user=0.00 sys=0.00, real=0.00 secs] 
2020-10-28T10:42:50.185+0000: [GC (Allocation Failure) 2020-10-28T10:42:50.185+0000: [ParNew: 140447K->6165K(153344K), 0.0037637 secs] 614326K->480043K(847568K), 0.0038168 secs] [Times: user=0.00 sys=0.00, real=0.00 secs] 
2020-10-28T10:42:50.310+0000: [GC (Allocation Failure) 2020-10-28T10:42:50.310+0000: [ParNew: 142485K->8208K(153344K), 0.0040818 secs] 616363K->482099K(847568K), 0.0041370 secs] [Times: user=0.01 sys=0.00, real=0.00 secs] 
2020-10-28T10:42:50.431+0000: [GC (Allocation Failure) 2020-10-28T10:42:50.431+0000: [ParNew: 144528K->16392K(153344K), 0.0049605 secs] 618419K->490284K(847568K), 0.0050326 secs] [Times: user=0.01 sys=0.00, real=0.01 secs] 
2020-10-28T10:42:50.555+0000: [GC (Allocation Failure) 2020-10-28T10:42:50.555+0000: [ParNew: 152712K->8196K(153344K), 0.0045791 secs] 626604K->486187K(847568K), 0.0046337 secs] [Times: user=0.00 sys=0.00, real=0.00 secs] 
2020-10-28T10:42:50.679+0000: [GC (Allocation Failure) 2020-10-28T10:42:50.679+0000: [ParNew: 144516K->4K(153344K), 0.0025607 secs] 622507K->477995K(847568K), 0.0026128 secs] [Times: user=0.00 sys=0.00, real=0.00 secs] 
2020-10-28T10:42:50.803+0000: [GC (Allocation Failure) 2020-10-28T10:42:50.803+0000: [ParNew: 136324K->4K(153344K), 0.0025713 secs] 614315K->477995K(847568K), 0.0026236 secs] [Times: user=0.01 sys=0.00, real=0.00 secs] 
2020-10-28T10:42:50.926+0000: [GC (Allocation Failure) 2020-10-28T10:42:50.926+0000: [ParNew: 136324K->4K(153344K), 0.0025965 secs] 614315K->477995K(847568K), 0.0026679 secs] [Times: user=0.00 sys=0.00, real=0.00 secs] 
2020-10-28T10:42:51.047+0000: [GC (Allocation Failure) 2020-10-28T10:42:51.047+0000: [ParNew: 136324K->4K(153344K), 0.0025583 secs] 614315K->477995K(847568K), 0.0026116 secs] [Times: user=0.01 sys=0.00, real=0.00 secs] 
2020-10-28T10:42:51.171+0000: [GC (Allocation Failure) 2020-10-28T10:42:51.171+0000: [ParNew: 136324K->4K(153344K), 0.0025810 secs] 614315K->477995K(847568K), 0.0026326 secs] [Times: user=0.00 sys=0.00, real=0.00 secs] 
2020-10-28T10:42:51.295+0000: [GC (Allocation Failure) 2020-10-28T10:42:51.295+0000: [ParNew: 136324K->4K(153344K), 0.0025632 secs] 614315K->477995K(847568K), 0.0026149 secs] [Times: user=0.01 sys=0.00, real=0.01 secs] 
2020-10-28T10:42:51.414+0000: [GC (Allocation Failure) 2020-10-28T10:42:51.414+0000: [ParNew: 136324K->4K(153344K), 0.0026016 secs] 614315K->477995K(847568K), 0.0026670 secs] [Times: user=0.00 sys=0.00, real=0.01 secs] 
2020-10-28T10:42:51.523+0000: [GC (Allocation Failure) 2020-10-28T10:42:51.523+0000: [ParNew: 136324K->16388K(153344K), 0.0144620 secs] 614315K->510763K(847568K), 0.0145226 secs] [Times: user=0.02 sys=0.00, real=0.02 secs] 
2020-10-28T10:42:51.543+0000: [GC (CMS Initial Mark) [1 CMS-initial-mark: 494375K(694224K)] 517595K(847568K), 0.0040651 secs] [Times: user=0.01 sys=0.00, real=0.00 secs] 
2020-10-28T10:42:51.547+0000: [CMS-concurrent-mark-start]
2020-10-28T10:42:51.644+0000: [CMS-concurrent-mark: 0.097/0.097 secs] [Times: user=0.18 sys=0.01, real=0.10 secs] 
2020-10-28T10:42:51.644+0000: [CMS-concurrent-preclean-start]
2020-10-28T10:42:51.647+0000: [CMS-concurrent-preclean: 0.003/0.003 secs] [Times: user=0.00 sys=0.00, real=0.00 secs] 
2020-10-28T10:42:51.647+0000: [CMS-concurrent-abortable-preclean-start]
2020-10-28T10:42:51.674+0000: [GC (Allocation Failure) 2020-10-28T10:42:51.674+0000: [ParNew: 145084K->4K(153344K), 0.0025687 secs] 639460K->494380K(847568K), 0.0026215 secs] [Times: user=0.00 sys=0.00, real=0.01 secs] 
2020-10-28T10:42:51.787+0000: [GC (Allocation Failure) 2020-10-28T10:42:51.787+0000: [ParNew: 136324K->16388K(153344K), 0.0251874 secs] 630700K->527148K(847568K), 0.0252555 secs] [Times: user=0.03 sys=0.00, real=0.02 secs] 
2020-10-28T10:42:51.813+0000: [CMS-concurrent-abortable-preclean: 0.006/0.166 secs] [Times: user=0.30 sys=0.02, real=0.16 secs] 
2020-10-28T10:42:51.819+0000: [GC (CMS Final Remark) [YG occupancy: 24262 K (153344 K)]2020-10-28T10:42:51.819+0000: [Rescan (parallel) , 0.0059110 secs]2020-10-28T10:42:51.825+0000: [weak refs processing, 0.0000299 secs]2020-10-28T10:42:51.825+0000: [class unloading, 0.0078002 secs]2020-10-28T10:42:51.833+0000: [scrub symbol table, 0.0085917 secs]2020-10-28T10:42:51.842+0000: [scrub string table, 0.0005552 secs][1 CMS-remark: 510760K(694224K)] 535022K(847568K), 0.0229945 secs] [Times: user=0.03 sys=0.00, real=0.02 secs] 
2020-10-28T10:42:51.847+0000: [CMS-concurrent-sweep-start]
2020-10-28T10:42:51.864+0000: [CMS-concurrent-sweep: 0.017/0.017 secs] [Times: user=0.02 sys=0.01, real=0.02 secs] 
2020-10-28T10:42:51.864+0000: [CMS-concurrent-reset-start]
2020-10-28T10:42:51.866+0000: [CMS-concurrent-reset: 0.002/0.002 secs] [Times: user=0.01 sys=0.00, real=0.00 secs] 
2020-10-28T10:42:51.964+0000: [GC (Allocation Failure) 2020-10-28T10:42:51.964+0000: [ParNew: 152708K->4K(153344K), 0.0025854 secs] 413606K->260903K(847568K), 0.0026374 secs] [Times: user=0.00 sys=0.00, real=0.00 secs] 
2020-10-28T10:42:52.083+0000: [GC (Allocation Failure) 2020-10-28T10:42:52.084+0000: [ParNew: 136324K->4K(153344K), 0.0025617 secs] 397223K->260903K(847568K), 0.0026292 secs] [Times: user=0.00 sys=0.00, real=0.00 secs] 
2020-10-28T10:42:52.204+0000: [GC (Allocation Failure) 2020-10-28T10:42:52.204+0000: [ParNew: 136324K->4K(153344K), 0.0031547 secs] 397223K->260903K(847568K), 0.0032236 secs] [Times: user=0.00 sys=0.00, real=0.00 secs] 
2020-10-28T10:42:52.324+0000: [GC (Allocation Failure) 2020-10-28T10:42:52.324+0000: [ParNew: 136324K->4K(153344K), 0.0025308 secs] 397223K->260903K(847568K), 0.0025849 secs] [Times: user=0.00 sys=0.00, real=0.00 secs] 
2020-10-28T10:42:52.447+0000: [GC (Allocation Failure) 2020-10-28T10:42:52.447+0000: [ParNew: 136324K->4K(153344K), 0.0025796 secs] 397223K->260903K(847568K), 0.0026317 secs] [Times: user=0.00 sys=0.00, real=0.00 secs] 
2020-10-28T10:42:52.567+0000: [GC (Allocation Failure) 2020-10-28T10:42:52.567+0000: [ParNew: 136324K->4K(153344K), 0.0026499 secs] 397223K->260903K(847568K), 0.0027016 secs] [Times: user=0.01 sys=0.00, real=0.00 secs] 
2020-10-28T10:42:52.691+0000: [GC (Allocation Failure) 2020-10-28T10:42:52.691+0000: [ParNew: 136324K->4K(153344K), 0.0025476 secs] 397223K->260903K(847568K), 0.0025995 secs] [Times: user=0.01 sys=0.00, real=0.00 secs] 
2020-10-28T10:42:52.815+0000: [GC (Allocation Failure) 2020-10-28T10:42:52.815+0000: [ParNew: 136324K->4K(153344K), 0.0027960 secs] 397223K->260903K(847568K), 0.0028487 secs] [Times: user=0.00 sys=0.00, real=0.01 secs] 
2020-10-28T10:42:52.933+0000: [GC (Allocation Failure) 2020-10-28T10:42:52.933+0000: [ParNew: 136324K->4K(153344K), 0.0025722 secs] 397223K->260903K(847568K), 0.0026247 secs] [Times: user=0.00 sys=0.00, real=0.01 secs] 
2020-10-28T10:42:53.045+0000: [GC (Allocation Failure) 2020-10-28T10:42:53.045+0000: [ParNew: 136324K->8196K(153344K), 0.0035355 secs] 397223K->269095K(847568K), 0.0035881 secs] [Times: user=0.01 sys=0.00, real=0.00 secs] 
2020-10-28T10:42:53.158+0000: [GC (Allocation Failure) 2020-10-28T10:42:53.158+0000: [ParNew: 144516K->16388K(153344K), 0.0041203 secs] 405415K->277287K(847568K), 0.0041737 secs] [Times: user=0.01 sys=0.00, real=0.00 secs] 
2020-10-28T10:42:53.278+0000: [GC (Allocation Failure) 2020-10-28T10:42:53.278+0000: [ParNew: 152708K->8196K(153344K), 0.0042024 secs] 413607K->277287K(847568K), 0.0042491 secs] [Times: user=0.01 sys=0.00, real=0.00 secs] 
2020-10-28T10:42:53.391+0000: [GC (Allocation Failure) 2020-10-28T10:42:53.391+0000: [ParNew: 140433K->16388K(153344K), 0.0042385 secs] 409524K->285479K(847568K), 0.0042935 secs] [Times: user=0.01 sys=0.00, real=0.01 secs] 
2020-10-28T10:42:53.491+0000: [GC (Allocation Failure) 2020-10-28T10:42:53.491+0000: [ParNew: 152708K->8196K(153344K), 0.0076261 secs] 421799K->318247K(847568K), 0.0076838 secs] [Times: user=0.02 sys=0.00, real=0.01 secs] 
2020-10-28T10:42:53.612+0000: [GC (Allocation Failure) 2020-10-28T10:42:53.612+0000: [ParNew: 144516K->16388K(153344K), 0.0041074 secs] 454567K->326439K(847568K), 0.0041631 secs] [Times: user=0.01 sys=0.00, real=0.01 secs] 
2020-10-28T10:42:53.764+0000: [GC (Allocation Failure) 2020-10-28T10:42:53.764+0000: [ParNew: 152708K->11414K(153344K), 0.0098574 secs] 462759K->362425K(847568K), 0.0099269 secs] [Times: user=0.02 sys=0.00, real=0.00 secs] 
2020-10-28T10:42:54.550+0000: [GC (Allocation Failure) 2020-10-28T10:42:54.550+0000: [ParNew: 147734K->15681K(153344K), 0.0056861 secs] 498745K->374885K(847568K), 0.0081053 secs] [Times: user=0.01 sys=0.00, real=0.01 secs] 
2020-10-28T10:42:55.197+0000: [GC (Allocation Failure) 2020-10-28T10:42:55.197+0000: [ParNew: 152001K->45K(153344K), 0.0102839 secs] 511205K->373748K(847568K), 0.0103433 secs] [Times: user=0.02 sys=0.00, real=0.01 secs] 
2020-10-28T10:42:55.498+0000: [GC (Allocation Failure) 2020-10-28T10:42:55.498+0000: [ParNew: 136365K->11K(153344K), 0.0025860 secs] 510068K->373714K(847568K), 0.0026421 secs] [Times: user=0.00 sys=0.00, real=0.00 secs] 
2020-10-28T10:42:55.663+0000: [GC (Allocation Failure) 2020-10-28T10:42:55.663+0000: [ParNew: 136331K->4K(153344K), 0.0025645 secs] 510034K->373707K(847568K), 0.0026203 secs] [Times: user=0.00 sys=0.00, real=0.01 secs] 
2020-10-28T10:42:55.819+0000: [GC (Allocation Failure) 2020-10-28T10:42:55.819+0000: [ParNew: 136324K->4K(153344K), 0.0025898 secs] 510027K->373707K(847568K), 0.0026416 secs] [Times: user=0.01 sys=0.00, real=0.00 secs] 
2020-10-28T10:42:55.983+0000: [GC (GCLocker Initiated GC) 2020-10-28T10:42:55.983+0000: [ParNew: 136324K->4K(153344K), 0.0025676 secs] 510027K->373707K(847568K), 0.0026201 secs] [Times: user=0.01 sys=0.00, real=0.00 secs] 
2020-10-28T10:42:56.148+0000: [GC (Allocation Failure) 2020-10-28T10:42:56.148+0000: [ParNew: 136324K->4K(153344K), 0.0025612 secs] 510027K->373707K(847568K), 0.0026172 secs] [Times: user=0.01 sys=0.00, real=0.00 secs] 
2020-10-28T10:42:56.310+0000: [GC (Allocation Failure) 2020-10-28T10:42:56.310+0000: [ParNew: 136324K->4K(153344K), 0.0025851 secs] 510027K->373708K(847568K), 0.0026383 secs] [Times: user=0.01 sys=0.00, real=0.00 secs] 
2020-10-28T10:42:56.482+0000: [GC (Allocation Failure) 2020-10-28T10:42:56.482+0000: [ParNew: 136324K->4K(153344K), 0.0025954 secs] 510028K->373708K(847568K), 0.0026641 secs] [Times: user=0.01 sys=0.00, real=0.01 secs] 
2020-10-28T10:42:56.643+0000: [GC (Allocation Failure) 2020-10-28T10:42:56.643+0000: [ParNew: 136324K->4K(153344K), 0.0025407 secs] 510028K->373708K(847568K), 0.0025931 secs] [Times: user=0.01 sys=0.00, real=0.00 secs] 
2020-10-28T10:42:56.802+0000: [GC (Allocation Failure) 2020-10-28T10:42:56.802+0000: [ParNew: 136324K->4K(153344K), 0.0026205 secs] 510028K->373708K(847568K), 0.0026804 secs] [Times: user=0.00 sys=0.00, real=0.01 secs] 
2020-10-28T10:42:56.962+0000: [GC (Allocation Failure) 2020-10-28T10:42:56.962+0000: [ParNew: 136324K->4K(153344K), 0.0025674 secs] 510028K->373708K(847568K), 0.0026213 secs] [Times: user=0.01 sys=0.00, real=0.01 secs] 
2020-10-28T10:42:57.123+0000: [GC (Allocation Failure) 2020-10-28T10:42:57.123+0000: [ParNew: 136324K->4K(153344K), 0.0025627 secs] 510028K->373709K(847568K), 0.0026158 secs] [Times: user=0.01 sys=0.00, real=0.01 secs] 
2020-10-28T10:42:57.283+0000: [GC (Allocation Failure) 2020-10-28T10:42:57.283+0000: [ParNew: 136324K->4K(153344K), 0.0025728 secs] 510029K->373709K(847568K), 0.0026269 secs] [Times: user=0.00 sys=0.00, real=0.00 secs] 
2020-10-28T10:42:57.447+0000: [GC (Allocation Failure) 2020-10-28T10:42:57.447+0000: [ParNew: 136324K->4K(153344K), 0.0025696 secs] 510029K->373709K(847568K), 0.0026235 secs] [Times: user=0.00 sys=0.00, real=0.00 secs] 
2020-10-28T10:42:57.607+0000: [GC (Allocation Failure) 2020-10-28T10:42:57.607+0000: [ParNew: 136324K->4K(153344K), 0.0025553 secs] 510029K->373709K(847568K), 0.0026069 secs] [Times: user=0.01 sys=0.00, real=0.00 secs] 
2020-10-28T10:42:57.767+0000: [GC (Allocation Failure) 2020-10-28T10:42:57.767+0000: [ParNew: 136324K->4K(153344K), 0.0025336 secs] 510029K->373709K(847568K), 0.0025866 secs] [Times: user=0.01 sys=0.00, real=0.00 secs] 
2020-10-28T10:42:57.927+0000: [GC (Allocation Failure) 2020-10-28T10:42:57.927+0000: [ParNew: 136324K->4K(153344K), 0.0025396 secs] 510029K->373709K(847568K), 0.0025936 secs] [Times: user=0.01 sys=0.00, real=0.00 secs] 
2020-10-28T10:42:58.087+0000: [GC (Allocation Failure) 2020-10-28T10:42:58.087+0000: [ParNew: 136324K->4K(153344K), 0.0025458 secs] 510029K->373709K(847568K), 0.0026000 secs] [Times: user=0.00 sys=0.00, real=0.00 secs] 
2020-10-28T10:42:58.243+0000: [GC (Allocation Failure) 2020-10-28T10:42:58.243+0000: [ParNew: 136324K->4K(153344K), 0.0025498 secs] 510029K->373709K(847568K), 0.0026045 secs] [Times: user=0.00 sys=0.00, real=0.00 secs] 
2020-10-28T10:42:58.403+0000: [GC (Allocation Failure) 2020-10-28T10:42:58.403+0000: [ParNew: 136324K->4K(153344K), 0.0025667 secs] 510029K->373709K(847568K), 0.0026159 secs] [Times: user=0.00 sys=0.00, real=0.01 secs] 
2020-10-28T10:42:58.564+0000: [GC (Allocation Failure) 2020-10-28T10:42:58.564+0000: [ParNew: 136324K->4K(153344K), 0.0025372 secs] 510029K->373709K(847568K), 0.0025911 secs] [Times: user=0.00 sys=0.00, real=0.00 secs] 
2020-10-28T10:42:59.130+0000: [GC (Allocation Failure) 2020-10-28T10:42:59.130+0000: [ParNew: 136324K->156K(153344K), 0.0028753 secs] 510029K->373861K(847568K), 0.0029297 secs] [Times: user=0.01 sys=0.00, real=0.00 secs] 
2020-10-28T10:43:00.380+0000: [GC (Allocation Failure) 2020-10-28T10:43:00.380+0000: [ParNew: 136476K->3830K(153344K), 0.0059555 secs] 510181K->377535K(847568K), 0.0060235 secs] [Times: user=0.01 sys=0.00, real=0.01 secs] 
2020-10-28T10:43:00.553+0000: [GC (Allocation Failure) 2020-10-28T10:43:00.553+0000: [ParNew: 140150K->3926K(153344K), 0.0048155 secs] 513855K->377631K(847568K), 0.0048793 secs] [Times: user=0.01 sys=0.00, real=0.01 secs] 
2020-10-28T10:43:00.710+0000: [GC (Allocation Failure) 2020-10-28T10:43:00.710+0000: [ParNew: 140246K->6215K(153344K), 0.0050304 secs] 513951K->379920K(847568K), 0.0050861 secs] [Times: user=0.01 sys=0.00, real=0.01 secs] 
2020-10-28T10:43:00.903+0000: [GC (Allocation Failure) 2020-10-28T10:43:00.903+0000: [ParNew: 142535K->6647K(153344K), 0.0061577 secs] 516240K->380352K(847568K), 0.0062287 secs] [Times: user=0.01 sys=0.00, real=0.00 secs] 
2020-10-28T10:43:01.160+0000: [GC (Allocation Failure) 2020-10-28T10:43:01.160+0000: [ParNew: 142967K->10851K(153344K), 0.0055029 secs] 516672K->384556K(847568K), 0.0055605 secs] [Times: user=0.02 sys=0.00, real=0.01 secs] 
2020-10-28T10:43:01.289+0000: [GC (Allocation Failure) 2020-10-28T10:43:01.289+0000: [ParNew: 147171K->9983K(153344K), 0.0087884 secs] 520876K->385490K(847568K), 0.0088465 secs] [Times: user=0.02 sys=0.00, real=0.01 secs] 
2020-10-28T10:43:01.422+0000: [GC (Allocation Failure) 2020-10-28T10:43:01.422+0000: [ParNew: 146303K->8640K(153344K), 0.0037069 secs] 521810K->384147K(847568K), 0.0037655 secs] [Times: user=0.01 sys=0.00, real=0.01 secs] 
2020-10-28T10:43:01.542+0000: [GC (Allocation Failure) 2020-10-28T10:43:01.542+0000: [ParNew: 144960K->4208K(153344K), 0.0033513 secs] 520467K->379715K(847568K), 0.0034084 secs] [Times: user=0.01 sys=0.00, real=0.01 secs] 
2020-10-28T10:43:01.663+0000: [GC (Allocation Failure) 2020-10-28T10:43:01.663+0000: [ParNew: 140528K->28K(153344K), 0.0026499 secs] 516035K->375536K(847568K), 0.0027146 secs] [Times: user=0.00 sys=0.00, real=0.01 secs] 
2020-10-28T10:43:01.783+0000: [GC (Allocation Failure) 2020-10-28T10:43:01.783+0000: [ParNew: 136348K->7K(153344K), 0.0026989 secs] 511856K->375515K(847568K), 0.0027783 secs] [Times: user=0.00 sys=0.00, real=0.00 secs] 
2020-10-28T10:43:01.902+0000: [GC (Allocation Failure) 2020-10-28T10:43:01.902+0000: [ParNew: 136327K->4K(153344K), 0.0026161 secs] 511835K->375511K(847568K), 0.0026725 secs] [Times: user=0.01 sys=0.00, real=0.01 secs] 
2020-10-28T10:43:02.020+0000: [GC (Allocation Failure) 2020-10-28T10:43:02.020+0000: [ParNew: 136324K->4K(153344K), 0.0025909 secs] 511831K->375511K(847568K), 0.0026463 secs] [Times: user=0.01 sys=0.00, real=0.00 secs] 
2020-10-28T10:43:02.139+0000: [GC (Allocation Failure) 2020-10-28T10:43:02.139+0000: [ParNew: 136324K->4K(153344K), 0.0026542 secs] 511831K->375512K(847568K), 0.0027111 secs] [Times: user=0.01 sys=0.00, real=0.00 secs] 
2020-10-28T10:43:02.263+0000: [GC (Allocation Failure) 2020-10-28T10:43:02.263+0000: [ParNew: 136324K->4K(153344K), 0.0025975 secs] 511832K->375512K(847568K), 0.0026518 secs] [Times: user=0.00 sys=0.00, real=0.00 secs] 
2020-10-28T10:43:02.383+0000: [GC (Allocation Failure) 2020-10-28T10:43:02.383+0000: [ParNew: 136324K->4K(153344K), 0.0026073 secs] 511832K->375512K(847568K), 0.0026561 secs] [Times: user=0.00 sys=0.00, real=0.00 secs] 
2020-10-28T10:43:02.504+0000: [GC (Allocation Failure) 2020-10-28T10:43:02.504+0000: [ParNew: 136324K->4K(153344K), 0.0026163 secs] 511832K->375512K(847568K), 0.0026866 secs] [Times: user=0.01 sys=0.00, real=0.00 secs] 
2020-10-28T10:43:02.633+0000: [GC (Allocation Failure) 2020-10-28T10:43:02.633+0000: [ParNew: 136324K->4K(153344K), 0.0026867 secs] 511832K->375512K(847568K), 0.0027426 secs] [Times: user=0.00 sys=0.00, real=0.01 secs] 
2020-10-28T10:43:02.759+0000: [GC (Allocation Failure) 2020-10-28T10:43:02.759+0000: [ParNew: 136324K->8K(153344K), 0.0026293 secs] 511832K->375516K(847568K), 0.0026873 secs] [Times: user=0.00 sys=0.00, real=0.00 secs] 
2020-10-28T10:43:02.879+0000: [GC (Allocation Failure) 2020-10-28T10:43:02.879+0000: [ParNew: 136328K->6K(153344K), 0.0026242 secs] 511836K->375515K(847568K), 0.0026800 secs] [Times: user=0.00 sys=0.00, real=0.00 secs] 
2020-10-28T10:43:02.998+0000: [GC (Allocation Failure) 2020-10-28T10:43:02.998+0000: [ParNew: 136326K->7K(153344K), 0.0026708 secs] 511835K->375516K(847568K), 0.0027261 secs] [Times: user=0.01 sys=0.00, real=0.00 secs] 
2020-10-28T10:43:03.116+0000: [GC (Allocation Failure) 2020-10-28T10:43:03.116+0000: [ParNew: 136327K->7K(153344K), 0.0025949 secs] 511836K->375516K(847568K), 0.0026498 secs] [Times: user=0.00 sys=0.00, real=0.00 secs] 
2020-10-28T10:43:03.235+0000: [GC (Allocation Failure) 2020-10-28T10:43:03.235+0000: [ParNew: 136327K->8K(153344K), 0.0026289 secs] 511836K->375517K(847568K), 0.0026914 secs] [Times: user=0.01 sys=0.00, real=0.01 secs] 
2020-10-28T10:43:03.354+0000: [GC (Allocation Failure) 2020-10-28T10:43:03.354+0000: [ParNew: 136328K->7K(153344K), 0.0026477 secs] 511837K->375516K(847568K), 0.0027032 secs] [Times: user=0.00 sys=0.00, real=0.01 secs] 
2020-10-28T10:43:03.473+0000: [GC (Allocation Failure) 2020-10-28T10:43:03.473+0000: [ParNew: 136327K->4K(153344K), 0.0026222 secs] 511836K->375516K(847568K), 0.0026769 secs] [Times: user=0.00 sys=0.00, real=0.01 secs] 
2020-10-28T10:43:03.607+0000: [GC (Allocation Failure) 2020-10-28T10:43:03.607+0000: [ParNew: 136324K->4K(153344K), 0.0025894 secs] 511836K->375515K(847568K), 0.0026464 secs] [Times: user=0.00 sys=0.00, real=0.00 secs] 
2020-10-28T10:43:03.726+0000: [GC (Allocation Failure) 2020-10-28T10:43:03.726+0000: [ParNew: 136324K->4K(153344K), 0.0026033 secs] 511835K->375516K(847568K), 0.0026579 secs] [Times: user=0.01 sys=0.00, real=0.00 secs] 
2020-10-28T10:43:03.847+0000: [GC (Allocation Failure) 2020-10-28T10:43:03.847+0000: [ParNew: 136324K->4K(153344K), 0.0025767 secs] 511836K->375516K(847568K), 0.0026324 secs] [Times: user=0.00 sys=0.00, real=0.00 secs] 
2020-10-28T10:43:03.966+0000: [GC (Allocation Failure) 2020-10-28T10:43:03.966+0000: [ParNew: 136324K->4K(153344K), 0.0026001 secs] 511836K->375516K(847568K), 0.0026570 secs] [Times: user=0.00 sys=0.00, real=0.00 secs] 
2020-10-28T10:43:04.098+0000: [GC (Allocation Failure) 2020-10-28T10:43:04.098+0000: [ParNew: 136324K->4K(153344K), 0.0025950 secs] 511836K->375516K(847568K), 0.0026511 secs] [Times: user=0.01 sys=0.00, real=0.00 secs] 
2020-10-28T10:43:04.219+0000: [GC (Allocation Failure) 2020-10-28T10:43:04.219+0000: [ParNew: 136324K->4K(153344K), 0.0026017 secs] 511836K->375516K(847568K), 0.0026749 secs] [Times: user=0.01 sys=0.00, real=0.00 secs] 
2020-10-28T10:43:04.339+0000: [GC (Allocation Failure) 2020-10-28T10:43:04.339+0000: [ParNew: 136324K->4K(153344K), 0.0026560 secs] 511836K->375516K(847568K), 0.0027116 secs] [Times: user=0.00 sys=0.00, real=0.00 secs] 
2020-10-28T10:43:04.463+0000: [GC (Allocation Failure) 2020-10-28T10:43:04.463+0000: [ParNew: 136324K->4K(153344K), 0.0026087 secs] 511836K->375516K(847568K), 0.0026636 secs] [Times: user=0.01 sys=0.00, real=0.00 secs] 
2020-10-28T10:43:04.583+0000: [GC (Allocation Failure) 2020-10-28T10:43:04.583+0000: [ParNew: 136324K->4K(153344K), 0.0025759 secs] 511836K->375516K(847568K), 0.0026301 secs] [Times: user=0.00 sys=0.00, real=0.00 secs] 
2020-10-28T10:43:04.703+0000: [GC (Allocation Failure) 2020-10-28T10:43:04.703+0000: [ParNew: 136324K->4K(153344K), 0.0026356 secs] 511836K->375516K(847568K), 0.0026906 secs] [Times: user=0.01 sys=0.00, real=0.00 secs] 
2020-10-28T10:43:04.824+0000: [GC (Allocation Failure) 2020-10-28T10:43:04.824+0000: [ParNew: 136324K->8196K(153344K), 0.0038487 secs] 511836K->383708K(847568K), 0.0039078 secs] [Times: user=0.00 sys=0.00, real=0.00 secs] 
2020-10-28T10:43:04.938+0000: [GC (Allocation Failure) 2020-10-28T10:43:04.938+0000: [ParNew: 144516K->16388K(153344K), 0.0041801 secs] 520028K->391900K(847568K), 0.0042401 secs] [Times: user=0.01 sys=0.00, real=0.00 secs] 
2020-10-28T10:43:05.058+0000: [GC (Allocation Failure) 2020-10-28T10:43:05.058+0000: [ParNew: 152708K->8196K(153344K), 0.0042730 secs] 528220K->391901K(847568K), 0.0043302 secs] [Times: user=0.01 sys=0.00, real=0.00 secs] 
2020-10-28T10:43:05.172+0000: [GC (Allocation Failure) 2020-10-28T10:43:05.172+0000: [ParNew: 144516K->16388K(153344K), 0.0042978 secs] 528221K->400093K(847568K), 0.0043547 secs] [Times: user=0.01 sys=0.00, real=0.01 secs] 
2020-10-28T10:43:05.295+0000: [GC (Allocation Failure) 2020-10-28T10:43:05.295+0000: [ParNew: 152708K->16388K(153344K), 0.0050842 secs] 536413K->408285K(847568K), 0.0051424 secs] [Times: user=0.01 sys=0.00, real=0.00 secs] 
2020-10-28T10:43:05.417+0000: [GC (Allocation Failure) 2020-10-28T10:43:05.417+0000: [ParNew: 152708K->8196K(153344K), 0.0041800 secs] 544605K->408285K(847568K), 0.0042370 secs] [Times: user=0.01 sys=0.00, real=0.00 secs] 
2020-10-28T10:43:05.538+0000: [GC (Allocation Failure) 2020-10-28T10:43:05.538+0000: [ParNew: 144516K->8196K(153344K), 0.0036011 secs] 544605K->408285K(847568K), 0.0036584 secs] [Times: user=0.01 sys=0.00, real=0.00 secs] 
2020-10-28T10:43:05.650+0000: [GC (Allocation Failure) 2020-10-28T10:43:05.650+0000: [ParNew: 137146K->16388K(153344K), 0.0042084 secs] 537235K->416477K(847568K), 0.0042654 secs] [Times: user=0.01 sys=0.00, real=0.00 secs] 
2020-10-28T10:43:05.764+0000: [GC (Allocation Failure) 2020-10-28T10:43:05.764+0000: [ParNew: 152708K->16388K(153344K), 0.0052227 secs] 552797K->424669K(847568K), 0.0052808 secs] [Times: user=0.01 sys=0.00, real=0.00 secs] 
2020-10-28T10:43:05.885+0000: [GC (Allocation Failure) 2020-10-28T10:43:05.885+0000: [ParNew: 152708K->8196K(153344K), 0.0041114 secs] 560989K->424669K(847568K), 0.0041697 secs] [Times: user=0.01 sys=0.00, real=0.00 secs] 
2020-10-28T10:43:05.999+0000: [GC (Allocation Failure) 2020-10-28T10:43:05.999+0000: [ParNew: 144516K->16388K(153344K), 0.0043039 secs] 560989K->432861K(847568K), 0.0043691 secs] [Times: user=0.01 sys=0.00, real=0.01 secs] 
2020-10-28T10:43:06.115+0000: [GC (Allocation Failure) 2020-10-28T10:43:06.115+0000: [ParNew: 152708K->16388K(153344K), 0.0051664 secs] 569181K->441053K(847568K), 0.0052252 secs] [Times: user=0.01 sys=0.00, real=0.00 secs] 
2020-10-28T10:43:06.239+0000: [GC (Allocation Failure) 2020-10-28T10:43:06.239+0000: [ParNew: 152708K->8196K(153344K), 0.0041501 secs] 577373K->441053K(847568K), 0.0042073 secs] [Times: user=0.01 sys=0.00, real=0.01 secs] 
2020-10-28T10:43:06.355+0000: [GC (Allocation Failure) 2020-10-28T10:43:06.355+0000: [ParNew: 144516K->16388K(153344K), 0.0042035 secs] 577373K->449245K(847568K), 0.0042623 secs] [Times: user=0.01 sys=0.00, real=0.00 secs] 
2020-10-28T10:43:06.470+0000: [GC (Allocation Failure) 2020-10-28T10:43:06.470+0000: [ParNew: 152708K->16388K(153344K), 0.0052967 secs] 585565K->457437K(847568K), 0.0053558 secs] [Times: user=0.01 sys=0.00, real=0.00 secs] 
2020-10-28T10:43:06.591+0000: [GC (Allocation Failure) 2020-10-28T10:43:06.591+0000: [ParNew: 152708K->8196K(153344K), 0.0041763 secs] 593757K->457437K(847568K), 0.0042335 secs] [Times: user=0.00 sys=0.00, real=0.01 secs] 
2020-10-28T10:43:06.711+0000: [GC (Allocation Failure) 2020-10-28T10:43:06.711+0000: [ParNew: 144516K->16388K(153344K), 0.0042489 secs] 593757K->465629K(847568K), 0.0043047 secs] [Times: user=0.01 sys=0.00, real=0.01 secs] 
2020-10-28T10:43:06.835+0000: [GC (Allocation Failure) 2020-10-28T10:43:06.835+0000: [ParNew: 152708K->8196K(153344K), 0.0042720 secs] 601949K->465629K(847568K), 0.0043278 secs] [Times: user=0.00 sys=0.00, real=0.00 secs] 
2020-10-28T10:43:06.951+0000: [GC (Allocation Failure) 2020-10-28T10:43:06.951+0000: [ParNew: 144516K->16388K(153344K), 0.0042448 secs] 601949K->473821K(847568K), 0.0043033 secs] [Times: user=0.00 sys=0.00, real=0.01 secs] 
2020-10-28T10:43:07.075+0000: [GC (Allocation Failure) 2020-10-28T10:43:07.075+0000: [ParNew: 152708K->16388K(153344K), 0.0050659 secs] 610141K->482013K(847568K), 0.0051268 secs] [Times: user=0.01 sys=0.00, real=0.00 secs] 
2020-10-28T10:43:07.199+0000: [GC (Allocation Failure) 2020-10-28T10:43:07.199+0000: [ParNew: 152708K->8196K(153344K), 0.0041318 secs] 618333K->482014K(847568K), 0.0041904 secs] [Times: user=0.00 sys=0.00, real=0.01 secs] 
2020-10-28T10:43:07.315+0000: [GC (Allocation Failure) 2020-10-28T10:43:07.315+0000: [ParNew: 144516K->16388K(153344K), 0.0043420 secs] 618334K->490206K(847568K), 0.0043995 secs] [Times: user=0.01 sys=0.00, real=0.00 secs] 
2020-10-28T10:43:07.539+0000: [GC (Allocation Failure) 2020-10-28T10:43:07.539+0000: [ParNew: 152708K->8196K(153344K), 0.0042763 secs] 626526K->490206K(847568K), 0.0043357 secs] [Times: user=0.00 sys=0.00, real=0.01 secs] 
2020-10-28T10:43:08.571+0000: [GC (Allocation Failure) 2020-10-28T10:43:08.571+0000: [ParNew: 144516K->16529K(153344K), 0.0039331 secs] 626526K->498539K(847568K), 0.0039919 secs] [Times: user=0.01 sys=0.00, real=0.00 secs] 
2020-10-28T10:43:08.903+0000: [GC (Allocation Failure) 2020-10-28T10:43:08.903+0000: [ParNew: 152849K->20K(153344K), 0.0035775 secs] 634859K->490222K(847568K), 0.0036359 secs] [Times: user=0.01 sys=0.00, real=0.00 secs] 
2020-10-28T10:43:08.923+0000: [GC (CMS Initial Mark) [1 CMS-initial-mark: 490202K(694224K)] 499627K(847568K), 0.0059916 secs] [Times: user=0.01 sys=0.00, real=0.00 secs] 
2020-10-28T10:43:08.929+0000: [CMS-concurrent-mark-start]
2020-10-28T10:43:08.972+0000: [CMS-concurrent-mark: 0.043/0.043 secs] [Times: user=0.09 sys=0.00, real=0.04 secs] 
2020-10-28T10:43:08.972+0000: [CMS-concurrent-preclean-start]
2020-10-28T10:43:08.974+0000: [CMS-concurrent-preclean: 0.002/0.002 secs] [Times: user=0.00 sys=0.00, real=0.00 secs] 
2020-10-28T10:43:08.974+0000: [CMS-concurrent-abortable-preclean-start]
2020-10-28T10:43:09.080+0000: [GC (Allocation Failure) 2020-10-28T10:43:09.080+0000: [ParNew: 136340K->22K(153344K), 0.0026370 secs] 626542K->490224K(847568K), 0.0026942 secs] [Times: user=0.01 sys=0.00, real=0.00 secs] 
2020-10-28T10:43:09.203+0000: [GC (Allocation Failure) 2020-10-28T10:43:09.203+0000: [ParNew: 136342K->23K(153344K), 0.0026639 secs] 626544K->490225K(847568K), 0.0027276 secs] [Times: user=0.01 sys=0.00, real=0.01 secs] 
2020-10-28T10:43:09.206+0000: [CMS-concurrent-abortable-preclean: 0.015/0.231 secs] [Times: user=0.46 sys=0.00, real=0.24 secs] 
2020-10-28T10:43:09.206+0000: [GC (CMS Final Remark) [YG occupancy: 1472 K (153344 K)]2020-10-28T10:43:09.206+0000: [Rescan (parallel) , 0.0016432 secs]2020-10-28T10:43:09.208+0000: [weak refs processing, 0.0000797 secs]2020-10-28T10:43:09.208+0000: [class unloading, 0.0106493 secs]2020-10-28T10:43:09.218+0000: [scrub symbol table, 0.0089955 secs]2020-10-28T10:43:09.227+0000: [scrub string table, 0.0005724 secs][1 CMS-remark: 490202K(694224K)] 491674K(847568K), 0.0220671 secs] [Times: user=0.02 sys=0.00, real=0.02 secs] 
2020-10-28T10:43:09.235+0000: [CMS-concurrent-sweep-start]
2020-10-28T10:43:09.274+0000: [CMS-concurrent-sweep: 0.018/0.039 secs] [Times: user=0.06 sys=0.00, real=0.03 secs] 
2020-10-28T10:43:09.274+0000: [CMS-concurrent-reset-start]
2020-10-28T10:43:09.276+0000: [CMS-concurrent-reset: 0.002/0.002 secs] [Times: user=0.01 sys=0.00, real=0.01 secs] 
2020-10-28T10:43:09.355+0000: [GC (Allocation Failure) 2020-10-28T10:43:09.355+0000: [ParNew: 136343K->23K(153344K), 0.0029053 secs] 585839K->449519K(902508K), 0.0029612 secs] [Times: user=0.01 sys=0.00, real=0.01 secs] 
2020-10-28T10:43:09.474+0000: [GC (Allocation Failure) 2020-10-28T10:43:09.474+0000: [ParNew: 136343K->23K(153344K), 0.0028851 secs] 585839K->449520K(902508K), 0.0029413 secs] [Times: user=0.00 sys=0.00, real=0.01 secs] 
2020-10-28T10:43:09.592+0000: [GC (Allocation Failure) 2020-10-28T10:43:09.592+0000: [ParNew: 136343K->14K(153344K), 0.0029029 secs] 585840K->449526K(902508K), 0.0029579 secs] [Times: user=0.01 sys=0.00, real=0.00 secs] 
2020-10-28T10:43:09.715+0000: [GC (Allocation Failure) 2020-10-28T10:43:09.715+0000: [ParNew: 136334K->4K(153344K), 0.0028191 secs] 585846K->449516K(902508K), 0.0028754 secs] [Times: user=0.00 sys=0.00, real=0.01 secs] 
2020-10-28T10:43:09.837+0000: [GC (Allocation Failure) 2020-10-28T10:43:09.837+0000: [ParNew: 136324K->4K(153344K), 0.0028080 secs] 585836K->449516K(902508K), 0.0028649 secs] [Times: user=0.00 sys=0.00, real=0.00 secs] 
2020-10-28T10:43:09.968+0000: [GC (Allocation Failure) 2020-10-28T10:43:09.968+0000: [ParNew: 136324K->4K(153344K), 0.0027837 secs] 585836K->449516K(902508K), 0.0028335 secs] [Times: user=0.00 sys=0.00, real=0.00 secs] 
2020-10-28T10:43:13.513+0000: [GC (Allocation Failure) 2020-10-28T10:43:13.513+0000: [ParNew: 136324K->2176K(153344K), 0.0054345 secs] 585836K->451688K(902508K), 0.0054941 secs] [Times: user=0.01 sys=0.00, real=0.01 secs] 
2020-10-28T10:43:13.677+0000: [GC (Allocation Failure) 2020-10-28T10:43:13.677+0000: [ParNew: 138496K->4230K(153344K), 0.0041268 secs] 588008K->453743K(902508K), 0.0041849 secs] [Times: user=0.01 sys=0.00, real=0.00 secs] 
2020-10-28T10:43:13.877+0000: [GC (Allocation Failure) 2020-10-28T10:43:13.877+0000: [ParNew: 140550K->5365K(153344K), 0.0123212 secs] 590063K->454877K(902508K), 0.0123934 secs] [Times: user=0.01 sys=0.00, real=0.01 secs] 
2020-10-28T10:43:14.111+0000: [GC (Allocation Failure) 2020-10-28T10:43:14.111+0000: [ParNew: 141685K->7749K(153344K), 0.0046626 secs] 591197K->457261K(902508K), 0.0047408 secs] [Times: user=0.01 sys=0.00, real=0.01 secs] 
2020-10-28T10:43:14.291+0000: [GC (Allocation Failure) 2020-10-28T10:43:14.291+0000: [ParNew: 144069K->9843K(153344K), 0.0048086 secs] 593581K->459356K(902508K), 0.0048676 secs] [Times: user=0.01 sys=0.00, real=0.01 secs] 
2020-10-28T10:43:14.453+0000: [GC (Allocation Failure) 2020-10-28T10:43:14.454+0000: [ParNew: 146163K->9148K(153344K), 0.0052006 secs] 595676K->459755K(902508K), 0.0052797 secs] [Times: user=0.01 sys=0.00, real=0.01 secs] 
2020-10-28T10:43:14.630+0000: [GC (Allocation Failure) 2020-10-28T10:43:14.630+0000: [ParNew: 145468K->8431K(153344K), 0.0038501 secs] 596075K->459038K(902508K), 0.0039098 secs] [Times: user=0.00 sys=0.00, real=0.00 secs] 
2020-10-28T10:43:14.813+0000: [GC (Allocation Failure) 2020-10-28T10:43:14.813+0000: [ParNew: 144751K->4156K(153344K), 0.0035779 secs] 595358K->454763K(902508K), 0.0036363 secs] [Times: user=0.00 sys=0.00, real=0.01 secs] 
2020-10-28T10:43:14.935+0000: [GC (Allocation Failure) 2020-10-28T10:43:14.935+0000: [ParNew: 140476K->15K(153344K), 0.0028257 secs] 591083K->450622K(902508K), 0.0028828 secs] [Times: user=0.01 sys=0.00, real=0.00 secs] 
2020-10-28T10:43:15.054+0000: [GC (Allocation Failure) 2020-10-28T10:43:15.054+0000: [ParNew: 136335K->4K(153344K), 0.0028538 secs] 586942K->450611K(902508K), 0.0029101 secs] [Times: user=0.01 sys=0.00, real=0.01 secs] 
2020-10-28T10:43:15.175+0000: [GC (Allocation Failure) 2020-10-28T10:43:15.175+0000: [ParNew: 136324K->4K(153344K), 0.0028104 secs] 586931K->450611K(902508K), 0.0028663 secs] [Times: user=0.00 sys=0.00, real=0.00 secs] 
2020-10-28T10:43:15.295+0000: [GC (Allocation Failure) 2020-10-28T10:43:15.295+0000: [ParNew: 136324K->4K(153344K), 0.0028624 secs] 586931K->450611K(902508K), 0.0029193 secs] [Times: user=0.00 sys=0.00, real=0.00 secs] 
2020-10-28T10:43:15.415+0000: [GC (Allocation Failure) 2020-10-28T10:43:15.415+0000: [ParNew: 136324K->4K(153344K), 0.0028360 secs] 586931K->450611K(902508K), 0.0028923 secs] [Times: user=0.01 sys=0.00, real=0.01 secs] 
2020-10-28T10:43:15.533+0000: [GC (Allocation Failure) 2020-10-28T10:43:15.533+0000: [ParNew: 136324K->4K(153344K), 0.0028686 secs] 586931K->450611K(902508K), 0.0029252 secs] [Times: user=0.00 sys=0.00, real=0.01 secs] 
2020-10-28T10:43:15.647+0000: [GC (Allocation Failure) 2020-10-28T10:43:15.647+0000: [ParNew: 129173K->4K(153344K), 0.0028710 secs] 579781K->450611K(902508K), 0.0029274 secs] [Times: user=0.01 sys=0.00, real=0.00 secs] 
2020-10-28T10:43:15.755+0000: [GC (Allocation Failure) 2020-10-28T10:43:15.755+0000: [ParNew: 136324K->16388K(153344K), 0.0058329 secs] 586931K->483379K(902508K), 0.0058908 secs] [Times: user=0.01 sys=0.00, real=0.01 secs] 
2020-10-28T10:43:15.867+0000: [GC (Allocation Failure) 2020-10-28T10:43:15.867+0000: [ParNew: 152708K->16388K(153344K), 0.0053787 secs] 619699K->499764K(902508K), 0.0054366 secs] [Times: user=0.02 sys=0.00, real=0.00 secs] 
2020-10-28T10:43:15.989+0000: [GC (Allocation Failure) 2020-10-28T10:43:15.989+0000: [ParNew: 152708K->4K(153344K), 0.0027847 secs] 636084K->483380K(902508K), 0.0028425 secs] [Times: user=0.01 sys=0.00, real=0.00 secs] 
2020-10-28T10:43:16.113+0000: [GC (Allocation Failure) 2020-10-28T10:43:16.113+0000: [ParNew: 136324K->4K(153344K), 0.0027883 secs] 619700K->483380K(902508K), 0.0028423 secs] [Times: user=0.00 sys=0.00, real=0.01 secs] 
2020-10-28T10:43:16.235+0000: [GC (Allocation Failure) 2020-10-28T10:43:16.235+0000: [ParNew: 136324K->4K(153344K), 0.0027861 secs] 619700K->483380K(902508K), 0.0028420 secs] [Times: user=0.01 sys=0.00, real=0.00 secs] 
2020-10-28T10:43:16.355+0000: [GC (Allocation Failure) 2020-10-28T10:43:16.355+0000: [ParNew: 136324K->4K(153344K), 0.0027534 secs] 619700K->483380K(902508K), 0.0028080 secs] [Times: user=0.00 sys=0.00, real=0.00 secs] 
2020-10-28T10:43:16.475+0000: [GC (Allocation Failure) 2020-10-28T10:43:16.475+0000: [ParNew: 136324K->4K(153344K), 0.0027670 secs] 619700K->483380K(902508K), 0.0028222 secs] [Times: user=0.01 sys=0.00, real=0.00 secs] 
2020-10-28T10:43:16.594+0000: [GC (Allocation Failure) 2020-10-28T10:43:16.594+0000: [ParNew: 136324K->4K(153344K), 0.0027719 secs] 619700K->483380K(902508K), 0.0028267 secs] [Times: user=0.00 sys=0.00, real=0.01 secs] 
2020-10-28T10:43:16.713+0000: [GC (Allocation Failure) 2020-10-28T10:43:16.713+0000: [ParNew: 136324K->4K(153344K), 0.0028309 secs] 619700K->483380K(902508K), 0.0028893 secs] [Times: user=0.01 sys=0.00, real=0.01 secs] 
2020-10-28T10:43:16.832+0000: [GC (Allocation Failure) 2020-10-28T10:43:16.832+0000: [ParNew: 136324K->4K(153344K), 0.0028044 secs] 619700K->483380K(902508K), 0.0028747 secs] [Times: user=0.00 sys=0.00, real=0.01 secs] 
2020-10-28T10:43:16.951+0000: [GC (Allocation Failure) 2020-10-28T10:43:16.951+0000: [ParNew: 136324K->4K(153344K), 0.0028492 secs] 619700K->483380K(902508K), 0.0029050 secs] [Times: user=0.00 sys=0.00, real=0.00 secs] 
2020-10-28T10:43:17.071+0000: [GC (Allocation Failure) 2020-10-28T10:43:17.071+0000: [ParNew: 136324K->4K(153344K), 0.0027652 secs] 619700K->483380K(902508K), 0.0028216 secs] [Times: user=0.01 sys=0.00, real=0.00 secs] 
2020-10-28T10:43:17.190+0000: [GC (Allocation Failure) 2020-10-28T10:43:17.190+0000: [ParNew: 136324K->4K(153344K), 0.0028425 secs] 619700K->483380K(902508K), 0.0028989 secs] [Times: user=0.00 sys=0.00, real=0.00 secs] 
2020-10-28T10:43:17.311+0000: [GC (Allocation Failure) 2020-10-28T10:43:17.311+0000: [ParNew: 136324K->4K(153344K), 0.0027865 secs] 619700K->483380K(902508K), 0.0028416 secs] [Times: user=0.01 sys=0.00, real=0.00 secs] 
2020-10-28T10:43:17.430+0000: [GC (Allocation Failure) 2020-10-28T10:43:17.431+0000: [ParNew: 136324K->4K(153344K), 0.0028128 secs] 619700K->483380K(902508K), 0.0028695 secs] [Times: user=0.00 sys=0.00, real=0.00 secs] 
2020-10-28T10:43:17.551+0000: [GC (Allocation Failure) 2020-10-28T10:43:17.551+0000: [ParNew: 136324K->4K(153344K), 0.0027663 secs] 619700K->483380K(902508K), 0.0028223 secs] [Times: user=0.00 sys=0.00, real=0.00 secs] 
2020-10-28T10:43:17.672+0000: [GC (Allocation Failure) 2020-10-28T10:43:17.672+0000: [ParNew: 136324K->4K(153344K), 0.0027674 secs] 619700K->483380K(902508K), 0.0028230 secs] [Times: user=0.01 sys=0.00, real=0.00 secs] 
2020-10-28T10:43:17.790+0000: [GC (Allocation Failure) 2020-10-28T10:43:17.790+0000: [ParNew: 136324K->4K(153344K), 0.0028897 secs] 619700K->483380K(902508K), 0.0029454 secs] [Times: user=0.00 sys=0.00, real=0.00 secs] 
2020-10-28T10:43:17.910+0000: [GC (Allocation Failure) 2020-10-28T10:43:17.910+0000: [ParNew: 136324K->4K(153344K), 0.0027877 secs] 619700K->483380K(902508K), 0.0028428 secs] [Times: user=0.01 sys=0.00, real=0.00 secs] 
2020-10-28T10:43:18.031+0000: [GC (Allocation Failure) 2020-10-28T10:43:18.031+0000: [ParNew: 136324K->4K(153344K), 0.0027700 secs] 619700K->483381K(902508K), 0.0028260 secs] [Times: user=0.00 sys=0.00, real=0.00 secs] 
2020-10-28T10:43:18.151+0000: [GC (Allocation Failure) 2020-10-28T10:43:18.151+0000: [ParNew: 136324K->4K(153344K), 0.0027700 secs] 619701K->483381K(902508K), 0.0028259 secs] [Times: user=0.01 sys=0.00, real=0.00 secs] 
2020-10-28T10:43:18.271+0000: [GC (Allocation Failure) 2020-10-28T10:43:18.271+0000: [ParNew: 136324K->4K(153344K), 0.0027896 secs] 619701K->483381K(902508K), 0.0028455 secs] [Times: user=0.01 sys=0.00, real=0.00 secs] 
2020-10-28T10:43:18.391+0000: [GC (Allocation Failure) 2020-10-28T10:43:18.391+0000: [ParNew: 136324K->4K(153344K), 0.0028279 secs] 619701K->483381K(902508K), 0.0028747 secs] [Times: user=0.00 sys=0.00, real=0.00 secs] 
2020-10-28T10:43:18.515+0000: [GC (Allocation Failure) 2020-10-28T10:43:18.515+0000: [ParNew: 136324K->4K(153344K), 0.0027648 secs] 619701K->483381K(902508K), 0.0028129 secs] [Times: user=0.01 sys=0.00, real=0.00 secs] 
2020-10-28T10:43:18.634+0000: [GC (Allocation Failure) 2020-10-28T10:43:18.634+0000: [ParNew: 136324K->4K(153344K), 0.0027653 secs] 619701K->483381K(902508K), 0.0028214 secs] [Times: user=0.00 sys=0.00, real=0.01 secs] 
2020-10-28T10:43:18.753+0000: [GC (Allocation Failure) 2020-10-28T10:43:18.753+0000: [ParNew: 136324K->4K(153344K), 0.0027911 secs] 619701K->483381K(902508K), 0.0028470 secs] [Times: user=0.01 sys=0.00, real=0.01 secs] 
2020-10-28T10:43:18.875+0000: [GC (Allocation Failure) 2020-10-28T10:43:18.875+0000: [ParNew: 136324K->4K(153344K), 0.0027486 secs] 619701K->483381K(902508K), 0.0027963 secs] [Times: user=0.00 sys=0.00, real=0.00 secs] 
2020-10-28T10:43:18.993+0000: [GC (Allocation Failure) 2020-10-28T10:43:18.994+0000: [ParNew: 136324K->4K(153344K), 0.0028177 secs] 619701K->483381K(902508K), 0.0028832 secs] [Times: user=0.00 sys=0.00, real=0.01 secs] 
2020-10-28T10:43:19.119+0000: [GC (Allocation Failure) 2020-10-28T10:43:19.119+0000: [ParNew: 136324K->4K(153344K), 0.0027796 secs] 619701K->483381K(902508K), 0.0028363 secs] [Times: user=0.01 sys=0.00, real=0.00 secs] 
2020-10-28T10:43:19.243+0000: [GC (Allocation Failure) 2020-10-28T10:43:19.243+0000: [ParNew: 136324K->4K(153344K), 0.0028051 secs] 619701K->483381K(902508K), 0.0028620 secs] [Times: user=0.00 sys=0.00, real=0.01 secs] 
2020-10-28T10:43:19.363+0000: [GC (Allocation Failure) 2020-10-28T10:43:19.363+0000: [ParNew: 136324K->4K(153344K), 0.0028628 secs] 619701K->483381K(902508K), 0.0029170 secs] [Times: user=0.00 sys=0.00, real=0.00 secs] 
2020-10-28T10:43:19.481+0000: [GC (Allocation Failure) 2020-10-28T10:43:19.481+0000: [ParNew: 136324K->4K(153344K), 0.0027755 secs] 619701K->483381K(902508K), 0.0028307 secs] [Times: user=0.01 sys=0.00, real=0.01 secs] 
2020-10-28T10:43:19.603+0000: [GC (Allocation Failure) 2020-10-28T10:43:19.603+0000: [ParNew: 136324K->4K(153344K), 0.0027484 secs] 619701K->483381K(902508K), 0.0028023 secs] [Times: user=0.00 sys=0.00, real=0.00 secs] 
2020-10-28T10:43:19.723+0000: [GC (Allocation Failure) 2020-10-28T10:43:19.723+0000: [ParNew: 136324K->4K(153344K), 0.0027588 secs] 619701K->483381K(902508K), 0.0028145 secs] [Times: user=0.00 sys=0.00, real=0.00 secs] 
2020-10-28T10:43:19.847+0000: [GC (Allocation Failure) 2020-10-28T10:43:19.847+0000: [ParNew: 136324K->4K(153344K), 0.0028076 secs] 619701K->483381K(902508K), 0.0028644 secs] [Times: user=0.01 sys=0.00, real=0.00 secs] 
2020-10-28T10:43:19.971+0000: [GC (Allocation Failure) 2020-10-28T10:43:19.971+0000: [ParNew: 136324K->4K(153344K), 0.0027716 secs] 619701K->483382K(902508K), 0.0028282 secs] [Times: user=0.00 sys=0.00, real=0.00 secs] 
2020-10-28T10:43:20.091+0000: [GC (Allocation Failure) 2020-10-28T10:43:20.091+0000: [ParNew: 136324K->4K(153344K), 0.0027721 secs] 619702K->483382K(902508K), 0.0028280 secs] [Times: user=0.00 sys=0.00, real=0.00 secs] 
2020-10-28T10:43:20.211+0000: [GC (Allocation Failure) 2020-10-28T10:43:20.211+0000: [ParNew: 136324K->4K(153344K), 0.0027925 secs] 619702K->483382K(902508K), 0.0028485 secs] [Times: user=0.01 sys=0.00, real=0.00 secs] 
2020-10-28T10:43:20.330+0000: [GC (Allocation Failure) 2020-10-28T10:43:20.330+0000: [ParNew: 136324K->4K(153344K), 0.0028348 secs] 619702K->483382K(902508K), 0.0028900 secs] [Times: user=0.00 sys=0.00, real=0.00 secs] 
2020-10-28T10:43:20.459+0000: [GC (Allocation Failure) 2020-10-28T10:43:20.459+0000: [ParNew: 136324K->4K(153344K), 0.0027784 secs] 619702K->483382K(902508K), 0.0028331 secs] [Times: user=0.00 sys=0.00, real=0.00 secs] 
2020-10-28T10:43:20.583+0000: [GC (Allocation Failure) 2020-10-28T10:43:20.583+0000: [ParNew: 136324K->4K(153344K), 0.0027924 secs] 619702K->483382K(902508K), 0.0028488 secs] [Times: user=0.01 sys=0.00, real=0.01 secs] 
2020-10-28T10:43:20.755+0000: [GC (Allocation Failure) 2020-10-28T10:43:20.755+0000: [ParNew: 136324K->4K(153344K), 0.0027699 secs] 619702K->483382K(902508K), 0.0028257 secs] [Times: user=0.01 sys=0.00, real=0.00 secs] 
2020-10-28T10:43:21.667+0000: [GC (Allocation Failure) 2020-10-28T10:43:21.667+0000: [ParNew: 136324K->4K(153344K), 0.0028030 secs] 619702K->483382K(902508K), 0.0028616 secs] [Times: user=0.00 sys=0.00, real=0.00 secs] 
2020-10-28T10:43:21.803+0000: [GC (Allocation Failure) 2020-10-28T10:43:21.803+0000: [ParNew: 136324K->4K(153344K), 0.0027723 secs] 619702K->483382K(902508K), 0.0028283 secs] [Times: user=0.00 sys=0.00, real=0.01 secs] 
2020-10-28T10:43:21.938+0000: [GC (Allocation Failure) 2020-10-28T10:43:21.938+0000: [ParNew: 136324K->4K(153344K), 0.0027838 secs] 619702K->483382K(902508K), 0.0028403 secs] [Times: user=0.01 sys=0.00, real=0.00 secs] 
2020-10-28T10:43:22.073+0000: [GC (Allocation Failure) 2020-10-28T10:43:22.073+0000: [ParNew: 136324K->4K(153344K), 0.0027711 secs] 619702K->483382K(902508K), 0.0028263 secs] [Times: user=0.01 sys=0.00, real=0.01 secs] 
2020-10-28T10:43:22.237+0000: [GC (Allocation Failure) 2020-10-28T10:43:22.237+0000: [ParNew: 136324K->4K(153344K), 0.0027774 secs] 619702K->483382K(902508K), 0.0028352 secs] [Times: user=0.01 sys=0.00, real=0.00 secs] 
2020-10-28T10:43:22.388+0000: [GC (Allocation Failure) 2020-10-28T10:43:22.388+0000: [ParNew: 136324K->6K(153344K), 0.0032923 secs] 619702K->483385K(902508K), 0.0033611 secs] [Times: user=0.01 sys=0.00, real=0.00 secs] 
2020-10-28T10:43:25.530+0000: [GC (Allocation Failure) 2020-10-28T10:43:25.530+0000: [ParNew: 136326K->3337K(153344K), 0.0080910 secs] 619705K->503101K(902508K), 0.0081792 secs] [Times: user=0.01 sys=0.00, real=0.01 secs] 
2020-10-28T10:43:25.819+0000: [GC (Allocation Failure) 2020-10-28T10:43:25.819+0000: [ParNew: 139657K->4348K(153344K), 0.0054045 secs] 639421K->504112K(902508K), 0.0054609 secs] [Times: user=0.01 sys=0.00, real=0.01 secs] 
2020-10-28T10:43:25.963+0000: [GC (Allocation Failure) 2020-10-28T10:43:25.963+0000: [ParNew: 140668K->7112K(153344K), 0.0053241 secs] 640432K->506876K(902508K), 0.0053835 secs] [Times: user=0.01 sys=0.00, real=0.00 secs] 
2020-10-28T10:43:26.147+0000: [GC (Allocation Failure) 2020-10-28T10:43:26.147+0000: [ParNew: 143432K->6996K(153344K), 0.0087335 secs] 643196K->506760K(902508K), 0.0088066 secs] [Times: user=0.02 sys=0.00, real=0.01 secs] 
2020-10-28T10:43:26.362+0000: [GC (Allocation Failure) 2020-10-28T10:43:26.363+0000: [ParNew: 143316K->11252K(153344K), 0.0059182 secs] 643080K->511016K(902508K), 0.0059976 secs] [Times: user=0.01 sys=0.00, real=0.01 secs] 
2020-10-28T10:43:26.531+0000: [GC (Allocation Failure) 2020-10-28T10:43:26.531+0000: [ParNew: 147572K->10258K(153344K), 0.0089275 secs] 647336K->512105K(902508K), 0.0089876 secs] [Times: user=0.01 sys=0.00, real=0.01 secs] 
2020-10-28T10:43:26.655+0000: [GC (Allocation Failure) 2020-10-28T10:43:26.655+0000: [ParNew: 146578K->8709K(153344K), 0.0039148 secs] 648425K->510555K(902508K), 0.0039732 secs] [Times: user=0.01 sys=0.00, real=0.01 secs] 
2020-10-28T10:43:26.775+0000: [GC (Allocation Failure) 2020-10-28T10:43:26.775+0000: [ParNew: 145029K->8321K(153344K), 0.0038470 secs] 646875K->510168K(902508K), 0.0039051 secs] [Times: user=0.00 sys=0.00, real=0.00 secs] 
2020-10-28T10:43:26.899+0000: [GC (Allocation Failure) 2020-10-28T10:43:26.899+0000: [ParNew: 144641K->32K(153344K), 0.0027591 secs] 646488K->501879K(902508K), 0.0028145 secs] [Times: user=0.01 sys=0.00, real=0.00 secs] 
2020-10-28T10:43:27.017+0000: [GC (Allocation Failure) 2020-10-28T10:43:27.017+0000: [ParNew: 136352K->8K(153344K), 0.0027813 secs] 638199K->501855K(902508K), 0.0028375 secs] [Times: user=0.00 sys=0.00, real=0.00 secs] 
2020-10-28T10:43:27.136+0000: [GC (Allocation Failure) 2020-10-28T10:43:27.136+0000: [ParNew: 136328K->4K(153344K), 0.0027870 secs] 638175K->501851K(902508K), 0.0028447 secs] [Times: user=0.01 sys=0.00, real=0.00 secs] 
2020-10-28T10:43:27.255+0000: [GC (Allocation Failure) 2020-10-28T10:43:27.255+0000: [ParNew: 136324K->4K(153344K), 0.0027472 secs] 638171K->501851K(902508K), 0.0028016 secs] [Times: user=0.00 sys=0.00, real=0.00 secs] 
2020-10-28T10:43:27.379+0000: [GC (Allocation Failure) 2020-10-28T10:43:27.379+0000: [ParNew: 136324K->4K(153344K), 0.0027425 secs] 638171K->501851K(902508K), 0.0027978 secs] [Times: user=0.00 sys=0.00, real=0.00 secs] 
2020-10-28T10:43:27.498+0000: [GC (Allocation Failure) 2020-10-28T10:43:27.498+0000: [ParNew: 136324K->4K(153344K), 0.0027725 secs] 638171K->501851K(902508K), 0.0028276 secs] [Times: user=0.01 sys=0.00, real=0.00 secs] 
2020-10-28T10:43:27.617+0000: [GC (Allocation Failure) 2020-10-28T10:43:27.617+0000: [ParNew: 136324K->4K(153344K), 0.0027974 secs] 638171K->501851K(902508K), 0.0028538 secs] [Times: user=0.01 sys=0.00, real=0.00 secs] 
2020-10-28T10:43:27.736+0000: [GC (Allocation Failure) 2020-10-28T10:43:27.736+0000: [ParNew: 136324K->4K(153344K), 0.0027556 secs] 638171K->501851K(902508K), 0.0028122 secs] [Times: user=0.00 sys=0.00, real=0.00 secs] 
2020-10-28T10:43:27.862+0000: [GC (Allocation Failure) 2020-10-28T10:43:27.862+0000: [ParNew: 136324K->4K(153344K), 0.0027780 secs] 638171K->501851K(902508K), 0.0028332 secs] [Times: user=0.00 sys=0.00, real=0.01 secs] 
2020-10-28T10:43:27.981+0000: [GC (Allocation Failure) 2020-10-28T10:43:27.981+0000: [ParNew: 136324K->4K(153344K), 0.0027701 secs] 638171K->501851K(902508K), 0.0028260 secs] [Times: user=0.01 sys=0.00, real=0.01 secs] 
2020-10-28T10:43:28.103+0000: [GC (Allocation Failure) 2020-10-28T10:43:28.103+0000: [ParNew: 136324K->4K(153344K), 0.0027567 secs] 638171K->501851K(902508K), 0.0028110 secs] [Times: user=0.01 sys=0.00, real=0.00 secs] 
2020-10-28T10:43:28.239+0000: [GC (Allocation Failure) 2020-10-28T10:43:28.239+0000: [ParNew: 136324K->4K(153344K), 0.0027934 secs] 638171K->501851K(902508K), 0.0028500 secs] [Times: user=0.01 sys=0.00, real=0.00 secs] 
2020-10-28T10:43:28.359+0000: [GC (Allocation Failure) 2020-10-28T10:43:28.359+0000: [ParNew: 136324K->4K(153344K), 0.0027705 secs] 638171K->501851K(902508K), 0.0028265 secs] [Times: user=0.01 sys=0.00, real=0.00 secs] 
2020-10-28T10:43:28.479+0000: [GC (Allocation Failure) 2020-10-28T10:43:28.479+0000: [ParNew: 136324K->4K(153344K), 0.0027783 secs] 638171K->501851K(902508K), 0.0028422 secs] [Times: user=0.01 sys=0.00, real=0.00 secs] 
2020-10-28T10:43:28.603+0000: [GC (Allocation Failure) 2020-10-28T10:43:28.603+0000: [ParNew: 136324K->4K(153344K), 0.0027512 secs] 638171K->501852K(902508K), 0.0028082 secs] [Times: user=0.00 sys=0.00, real=0.00 secs] 
2020-10-28T10:43:28.722+0000: [GC (Allocation Failure) 2020-10-28T10:43:28.722+0000: [ParNew: 136324K->4K(153344K), 0.0027649 secs] 638172K->501852K(902508K), 0.0028199 secs] [Times: user=0.01 sys=0.00, real=0.01 secs] 
2020-10-28T10:43:28.845+0000: [GC (Allocation Failure) 2020-10-28T10:43:28.845+0000: [ParNew: 136324K->4K(153344K), 0.0027548 secs] 638172K->501852K(902508K), 0.0028101 secs] [Times: user=0.01 sys=0.00, real=0.00 secs] 
2020-10-28T10:43:28.962+0000: [GC (Allocation Failure) 2020-10-28T10:43:28.962+0000: [ParNew: 136324K->4K(153344K), 0.0027957 secs] 638172K->501852K(902508K), 0.0028511 secs] [Times: user=0.00 sys=0.00, real=0.01 secs] 
2020-10-28T10:43:29.083+0000: [GC (Allocation Failure) 2020-10-28T10:43:29.083+0000: [ParNew: 136324K->4K(153344K), 0.0027391 secs] 638172K->501852K(902508K), 0.0027946 secs] [Times: user=0.00 sys=0.00, real=0.00 secs] 
2020-10-28T10:43:29.203+0000: [GC (Allocation Failure) 2020-10-28T10:43:29.203+0000: [ParNew: 136324K->4K(153344K), 0.0027417 secs] 638172K->501852K(902508K), 0.0027981 secs] [Times: user=0.00 sys=0.00, real=0.00 secs] 
2020-10-28T10:43:29.322+0000: [GC (Allocation Failure) 2020-10-28T10:43:29.322+0000: [ParNew: 136324K->4K(153344K), 0.0027960 secs] 638172K->501852K(902508K), 0.0028524 secs] [Times: user=0.01 sys=0.00, real=0.01 secs] 
2020-10-28T10:43:29.443+0000: [GC (Allocation Failure) 2020-10-28T10:43:29.443+0000: [ParNew: 136324K->4K(153344K), 0.0028023 secs] 638172K->501852K(902508K), 0.0028571 secs] [Times: user=0.01 sys=0.00, real=0.00 secs] 
2020-10-28T10:43:29.561+0000: [GC (Allocation Failure) 2020-10-28T10:43:29.561+0000: [ParNew: 136324K->4K(153344K), 0.0027853 secs] 638172K->501852K(902508K), 0.0028483 secs] [Times: user=0.01 sys=0.00, real=0.01 secs] 
2020-10-28T10:43:29.682+0000: [GC (Allocation Failure) 2020-10-28T10:43:29.682+0000: [ParNew: 136324K->4K(153344K), 0.0027938 secs] 638172K->501852K(902508K), 0.0028492 secs] [Times: user=0.01 sys=0.00, real=0.01 secs] 
2020-10-28T10:43:29.819+0000: [GC (Allocation Failure) 2020-10-28T10:43:29.819+0000: [ParNew: 136324K->4K(153344K), 0.0027712 secs] 638172K->501852K(902508K), 0.0028364 secs] [Times: user=0.00 sys=0.00, real=0.00 secs] 
2020-10-28T10:43:29.938+0000: [GC (Allocation Failure) 2020-10-28T10:43:29.938+0000: [ParNew: 136324K->4K(153344K), 0.0027688 secs] 638172K->501852K(902508K), 0.0028245 secs] [Times: user=0.01 sys=0.00, real=0.00 secs] 
2020-10-28T10:43:30.059+0000: [GC (Allocation Failure) 2020-10-28T10:43:30.059+0000: [ParNew: 136324K->4K(153344K), 0.0027499 secs] 638172K->501852K(902508K), 0.0028047 secs] [Times: user=0.00 sys=0.00, real=0.00 secs] 
2020-10-28T10:43:30.179+0000: [GC (Allocation Failure) 2020-10-28T10:43:30.179+0000: [ParNew: 136324K->4K(153344K), 0.0028046 secs] 638172K->501852K(902508K), 0.0028606 secs] [Times: user=0.01 sys=0.00, real=0.00 secs] 
2020-10-28T10:43:30.298+0000: [GC (Allocation Failure) 2020-10-28T10:43:30.298+0000: [ParNew: 136324K->4K(153344K), 0.0027964 secs] 638172K->501852K(902508K), 0.0028513 secs] [Times: user=0.01 sys=0.00, real=0.00 secs] 
2020-10-28T10:43:30.417+0000: [GC (Allocation Failure) 2020-10-28T10:43:30.417+0000: [ParNew: 136324K->4K(153344K), 0.0028250 secs] 638172K->501853K(902508K), 0.0028789 secs] [Times: user=0.00 sys=0.00, real=0.00 secs] 
2020-10-28T10:43:30.535+0000: [GC (Allocation Failure) 2020-10-28T10:43:30.535+0000: [ParNew: 136324K->4K(153344K), 0.0027542 secs] 638173K->501853K(902508K), 0.0028102 secs] [Times: user=0.01 sys=0.00, real=0.00 secs] 
2020-10-28T10:43:30.655+0000: [GC (Allocation Failure) 2020-10-28T10:43:30.655+0000: [ParNew: 136324K->4K(153344K), 0.0027346 secs] 638173K->501853K(902508K), 0.0027896 secs] [Times: user=0.01 sys=0.00, real=0.00 secs] 
2020-10-28T10:43:30.775+0000: [GC (Allocation Failure) 2020-10-28T10:43:30.775+0000: [ParNew: 136324K->4K(153344K), 0.0027631 secs] 638173K->501853K(902508K), 0.0028191 secs] [Times: user=0.00 sys=0.00, real=0.01 secs] 
2020-10-28T10:43:30.895+0000: [GC (Allocation Failure) 2020-10-28T10:43:30.895+0000: [ParNew: 136324K->4K(153344K), 0.0028107 secs] 638173K->501853K(902508K), 0.0028679 secs] [Times: user=0.01 sys=0.00, real=0.00 secs] 
2020-10-28T10:43:31.015+0000: [GC (Allocation Failure) 2020-10-28T10:43:31.015+0000: [ParNew: 136324K->4K(153344K), 0.0027864 secs] 638173K->501853K(902508K), 0.0028646 secs] [Times: user=0.01 sys=0.00, real=0.01 secs] 
2020-10-28T10:43:31.136+0000: [GC (Allocation Failure) 2020-10-28T10:43:31.136+0000: [ParNew: 136324K->4K(153344K), 0.0027421 secs] 638173K->501853K(902508K), 0.0027980 secs] [Times: user=0.00 sys=0.00, real=0.00 secs] 
2020-10-28T10:43:31.259+0000: [GC (Allocation Failure) 2020-10-28T10:43:31.259+0000: [ParNew: 136324K->4K(153344K), 0.0027583 secs] 638173K->501853K(902508K), 0.0028154 secs] [Times: user=0.00 sys=0.00, real=0.00 secs] 
2020-10-28T10:43:31.378+0000: [GC (Allocation Failure) 2020-10-28T10:43:31.378+0000: [ParNew: 136324K->4K(153344K), 0.0027649 secs] 638173K->501853K(902508K), 0.0028204 secs] [Times: user=0.00 sys=0.00, real=0.00 secs] 
2020-10-28T10:43:31.497+0000: [GC (Allocation Failure) 2020-10-28T10:43:31.497+0000: [ParNew: 136324K->4K(153344K), 0.0027717 secs] 638173K->501853K(902508K), 0.0028273 secs] [Times: user=0.01 sys=0.00, real=0.00 secs] 
2020-10-28T10:43:31.617+0000: [GC (Allocation Failure) 2020-10-28T10:43:31.617+0000: [ParNew: 136324K->4K(153344K), 0.0027807 secs] 638173K->501853K(902508K), 0.0028372 secs] [Times: user=0.00 sys=0.00, real=0.00 secs] 
2020-10-28T10:43:31.736+0000: [GC (Allocation Failure) 2020-10-28T10:43:31.736+0000: [ParNew: 136324K->4K(153344K), 0.0027523 secs] 638173K->501853K(902508K), 0.0028085 secs] [Times: user=0.00 sys=0.00, real=0.00 secs] 
2020-10-28T10:43:31.859+0000: [GC (Allocation Failure) 2020-10-28T10:43:31.859+0000: [ParNew: 136324K->4K(153344K), 0.0027520 secs] 638173K->501853K(902508K), 0.0028078 secs] [Times: user=0.00 sys=0.00, real=0.00 secs] 
2020-10-28T10:43:31.978+0000: [GC (Allocation Failure) 2020-10-28T10:43:31.978+0000: [ParNew: 136324K->4K(153344K), 0.0027638 secs] 638173K->501853K(902508K), 0.0028204 secs] [Times: user=0.00 sys=0.00, real=0.00 secs] 
2020-10-28T10:43:32.099+0000: [GC (Allocation Failure) 2020-10-28T10:43:32.099+0000: [ParNew: 136324K->4K(153344K), 0.0027520 secs] 638173K->501853K(902508K), 0.0028066 secs] [Times: user=0.00 sys=0.00, real=0.00 secs] 
2020-10-28T10:43:32.218+0000: [GC (Allocation Failure) 2020-10-28T10:43:32.218+0000: [ParNew: 136324K->4K(153344K), 0.0027595 secs] 638173K->501853K(902508K), 0.0028158 secs] [Times: user=0.00 sys=0.00, real=0.00 secs] 
2020-10-28T10:43:32.339+0000: [GC (Allocation Failure) 2020-10-28T10:43:32.339+0000: [ParNew: 136324K->4K(153344K), 0.0027773 secs] 638173K->501853K(902508K), 0.0028302 secs] [Times: user=0.00 sys=0.00, real=0.00 secs] 
2020-10-28T10:43:32.463+0000: [GC (Allocation Failure) 2020-10-28T10:43:32.463+0000: [ParNew: 136324K->4K(153344K), 0.0027846 secs] 638173K->501853K(902508K), 0.0028512 secs] [Times: user=0.00 sys=0.00, real=0.01 secs] 
2020-10-28T10:43:32.582+0000: [GC (Allocation Failure) 2020-10-28T10:43:32.582+0000: [ParNew: 136324K->4K(153344K), 0.0028572 secs] 638173K->501853K(902508K), 0.0029132 secs] [Times: user=0.00 sys=0.00, real=0.01 secs] 
2020-10-28T10:43:32.775+0000: [GC (Allocation Failure) 2020-10-28T10:43:32.775+0000: [ParNew: 136324K->8K(153344K), 0.0028600 secs] 638173K->501857K(902508K), 0.0029173 secs] [Times: user=0.01 sys=0.00, real=0.00 secs] 
2020-10-28T10:43:36.809+0000: [GC (Allocation Failure) 2020-10-28T10:43:36.809+0000: [ParNew: 136328K->2854K(153344K), 0.0076909 secs] 638177K->521088K(902508K), 0.0077532 secs] [Times: user=0.01 sys=0.00, real=0.01 secs] 
2020-10-28T10:43:36.998+0000: [GC (Allocation Failure) 2020-10-28T10:43:36.998+0000: [ParNew: 139174K->4161K(153344K), 0.0048868 secs] 657408K->522395K(902508K), 0.0049623 secs] [Times: user=0.01 sys=0.00, real=0.00 secs] 
2020-10-28T10:43:37.147+0000: [GC (Allocation Failure) 2020-10-28T10:43:37.147+0000: [ParNew: 140481K->6869K(153344K), 0.0049566 secs] 658715K->525103K(902508K), 0.0050152 secs] [Times: user=0.01 sys=0.00, real=0.00 secs] 
2020-10-28T10:43:37.332+0000: [GC (Allocation Failure) 2020-10-28T10:43:37.332+0000: [ParNew: 143189K->6607K(153344K), 0.0050474 secs] 661423K->524841K(902508K), 0.0051284 secs] [Times: user=0.01 sys=0.00, real=0.01 secs] 
2020-10-28T10:43:37.575+0000: [GC (Allocation Failure) 2020-10-28T10:43:37.575+0000: [ParNew: 142927K->8763K(153344K), 0.0054239 secs] 661161K->526997K(902508K), 0.0055044 secs] [Times: user=0.01 sys=0.00, real=0.00 secs] 
2020-10-28T10:43:37.729+0000: [GC (Allocation Failure) 2020-10-28T10:43:37.729+0000: [ParNew: 145083K->10838K(153344K), 0.0057439 secs] 663317K->529076K(902508K), 0.0058045 secs] [Times: user=0.01 sys=0.00, real=0.00 secs] 
2020-10-28T10:43:37.851+0000: [GC (Allocation Failure) 2020-10-28T10:43:37.851+0000: [ParNew: 147158K->9957K(153344K), 0.0087810 secs] 665396K->529966K(902508K), 0.0088406 secs] [Times: user=0.02 sys=0.00, real=0.01 secs] 
2020-10-28T10:43:37.975+0000: [GC (Allocation Failure) 2020-10-28T10:43:37.975+0000: [ParNew: 146277K->8633K(153344K), 0.0040740 secs] 666286K->528642K(902508K), 0.0041330 secs] [Times: user=0.01 sys=0.00, real=0.01 secs] 
2020-10-28T10:43:38.094+0000: [GC (Allocation Failure) 2020-10-28T10:43:38.094+0000: [ParNew: 144953K->111K(153344K), 0.0028134 secs] 664962K->520119K(902508K), 0.0028706 secs] [Times: user=0.00 sys=0.00, real=0.01 secs] 
2020-10-28T10:43:38.211+0000: [GC (Allocation Failure) 2020-10-28T10:43:38.211+0000: [ParNew: 136431K->28K(153344K), 0.0027608 secs] 656439K->520036K(902508K), 0.0028178 secs] [Times: user=0.01 sys=0.00, real=0.00 secs] 
2020-10-28T10:43:38.331+0000: [GC (Allocation Failure) 2020-10-28T10:43:38.331+0000: [ParNew: 136348K->7K(153344K), 0.0027993 secs] 656356K->520016K(902508K), 0.0028561 secs] [Times: user=0.00 sys=0.00, real=0.00 secs] 
2020-10-28T10:43:38.449+0000: [GC (Allocation Failure) 2020-10-28T10:43:38.449+0000: [ParNew: 136327K->4K(153344K), 0.0028058 secs] 656336K->520012K(902508K), 0.0028636 secs] [Times: user=0.00 sys=0.00, real=0.00 secs] 
2020-10-28T10:43:38.571+0000: [GC (Allocation Failure) 2020-10-28T10:43:38.571+0000: [ParNew: 136324K->4K(153344K), 0.0027780 secs] 656332K->520012K(902508K), 0.0028357 secs] [Times: user=0.00 sys=0.00, real=0.00 secs] 
2020-10-28T10:43:38.688+0000: [GC (Allocation Failure) 2020-10-28T10:43:38.688+0000: [ParNew: 136324K->4K(153344K), 0.0027699 secs] 656332K->520012K(902508K), 0.0028280 secs] [Times: user=0.01 sys=0.00, real=0.00 secs] 
2020-10-28T10:43:38.807+0000: [GC (Allocation Failure) 2020-10-28T10:43:38.807+0000: [ParNew: 136324K->4K(153344K), 0.0027862 secs] 656332K->520013K(902508K), 0.0028436 secs] [Times: user=0.00 sys=0.00, real=0.00 secs] 
2020-10-28T10:43:38.927+0000: [GC (Allocation Failure) 2020-10-28T10:43:38.927+0000: [ParNew: 136324K->4K(153344K), 0.0027666 secs] 656333K->520013K(902508K), 0.0028250 secs] [Times: user=0.01 sys=0.00, real=0.00 secs] 
2020-10-28T10:43:39.045+0000: [GC (Allocation Failure) 2020-10-28T10:43:39.045+0000: [ParNew: 136324K->4K(153344K), 0.0028168 secs] 656333K->520013K(902508K), 0.0028754 secs] [Times: user=0.00 sys=0.00, real=0.00 secs] 
2020-10-28T10:43:39.163+0000: [GC (Allocation Failure) 2020-10-28T10:43:39.163+0000: [ParNew: 136324K->4K(153344K), 0.0027664 secs] 656333K->520013K(902508K), 0.0028226 secs] [Times: user=0.01 sys=0.00, real=0.00 secs] 
2020-10-28T10:43:39.280+0000: [GC (Allocation Failure) 2020-10-28T10:43:39.280+0000: [ParNew: 136324K->4K(153344K), 0.0027783 secs] 656333K->520013K(902508K), 0.0028355 secs] [Times: user=0.01 sys=0.00, real=0.00 secs] 
2020-10-28T10:43:39.399+0000: [GC (Allocation Failure) 2020-10-28T10:43:39.399+0000: [ParNew: 136324K->4K(153344K), 0.0028167 secs] 656333K->520013K(902508K), 0.0028734 secs] [Times: user=0.00 sys=0.00, real=0.00 secs] 
2020-10-28T10:43:39.519+0000: [GC (Allocation Failure) 2020-10-28T10:43:39.519+0000: [ParNew: 136324K->4K(153344K), 0.0027763 secs] 656333K->520013K(902508K), 0.0028406 secs] [Times: user=0.01 sys=0.00, real=0.00 secs] 
2020-10-28T10:43:39.641+0000: [GC (Allocation Failure) 2020-10-28T10:43:39.641+0000: [ParNew: 136324K->4K(153344K), 0.0027792 secs] 656333K->520013K(902508K), 0.0028374 secs] [Times: user=0.01 sys=0.00, real=0.01 secs] 
2020-10-28T10:43:39.763+0000: [GC (Allocation Failure) 2020-10-28T10:43:39.763+0000: [ParNew: 136324K->4K(153344K), 0.0028053 secs] 656333K->520013K(902508K), 0.0028644 secs] [Times: user=0.01 sys=0.00, real=0.01 secs] 
2020-10-28T10:43:39.883+0000: [GC (Allocation Failure) 2020-10-28T10:43:39.883+0000: [ParNew: 136324K->4K(153344K), 0.0027718 secs] 656333K->520013K(902508K), 0.0028295 secs] [Times: user=0.00 sys=0.00, real=0.00 secs] 
2020-10-28T10:43:40.003+0000: [GC (Allocation Failure) 2020-10-28T10:43:40.003+0000: [ParNew: 136324K->4K(153344K), 0.0027895 secs] 656333K->520013K(902508K), 0.0028465 secs] [Times: user=0.01 sys=0.00, real=0.00 secs] 
2020-10-28T10:43:40.120+0000: [GC (Allocation Failure) 2020-10-28T10:43:40.120+0000: [ParNew: 136324K->4K(153344K), 0.0027836 secs] 656333K->520014K(902508K), 0.0028499 secs] [Times: user=0.00 sys=0.00, real=0.00 secs] 
2020-10-28T10:43:40.263+0000: [GC (Allocation Failure) 2020-10-28T10:43:40.263+0000: [ParNew: 136324K->4K(153344K), 0.0027767 secs] 656334K->520014K(902508K), 0.0028534 secs] [Times: user=0.01 sys=0.00, real=0.01 secs] 
2020-10-28T10:43:40.382+0000: [GC (Allocation Failure) 2020-10-28T10:43:40.382+0000: [ParNew: 136324K->4K(153344K), 0.0027865 secs] 656334K->520014K(902508K), 0.0028434 secs] [Times: user=0.01 sys=0.00, real=0.01 secs] 
2020-10-28T10:43:40.500+0000: [GC (Allocation Failure) 2020-10-28T10:43:40.500+0000: [ParNew: 136324K->4K(153344K), 0.0027553 secs] 656334K->520014K(902508K), 0.0028130 secs] [Times: user=0.01 sys=0.00, real=0.00 secs] 
2020-10-28T10:43:40.617+0000: [GC (Allocation Failure) 2020-10-28T10:43:40.617+0000: [ParNew: 136324K->4K(153344K), 0.0028404 secs] 656334K->520014K(902508K), 0.0028973 secs] [Times: user=0.01 sys=0.00, real=0.00 secs] 
2020-10-28T10:43:40.735+0000: [GC (Allocation Failure) 2020-10-28T10:43:40.735+0000: [ParNew: 136324K->4K(153344K), 0.0027596 secs] 656334K->520014K(902508K), 0.0028161 secs] [Times: user=0.00 sys=0.00, real=0.00 secs] 
2020-10-28T10:43:40.858+0000: [GC (Allocation Failure) 2020-10-28T10:43:40.859+0000: [ParNew: 136324K->4K(153344K), 0.0027935 secs] 656334K->520014K(902508K), 0.0028501 secs] [Times: user=0.01 sys=0.00, real=0.00 secs] 
2020-10-28T10:43:40.975+0000: [GC (Allocation Failure) 2020-10-28T10:43:40.975+0000: [ParNew: 136324K->4K(153344K), 0.0027902 secs] 656334K->520014K(902508K), 0.0028647 secs] [Times: user=0.01 sys=0.00, real=0.00 secs] 
2020-10-28T10:43:41.094+0000: [GC (Allocation Failure) 2020-10-28T10:43:41.094+0000: [ParNew: 136324K->4K(153344K), 0.0027957 secs] 656334K->520014K(902508K), 0.0028529 secs] [Times: user=0.00 sys=0.00, real=0.01 secs] 
2020-10-28T10:43:41.210+0000: [GC (Allocation Failure) 2020-10-28T10:43:41.210+0000: [ParNew: 136324K->4K(153344K), 0.0027877 secs] 656334K->520014K(902508K), 0.0028567 secs] [Times: user=0.01 sys=0.00, real=0.00 secs] 
2020-10-28T10:43:41.327+0000: [GC (Allocation Failure) 2020-10-28T10:43:41.327+0000: [ParNew: 136324K->4K(153344K), 0.0027724 secs] 656334K->520014K(902508K), 0.0028285 secs] [Times: user=0.00 sys=0.00, real=0.00 secs] 
2020-10-28T10:43:41.447+0000: [GC (Allocation Failure) 2020-10-28T10:43:41.447+0000: [ParNew: 136324K->4K(153344K), 0.0027565 secs] 656334K->520014K(902508K), 0.0028145 secs] [Times: user=0.01 sys=0.00, real=0.00 secs] 
2020-10-28T10:43:41.567+0000: [GC (Allocation Failure) 2020-10-28T10:43:41.567+0000: [ParNew: 136324K->4K(153344K), 0.0027853 secs] 656334K->520014K(902508K), 0.0028406 secs] [Times: user=0.00 sys=0.00, real=0.00 secs] 
2020-10-28T10:43:41.683+0000: [GC (Allocation Failure) 2020-10-28T10:43:41.683+0000: [ParNew: 136324K->4K(153344K), 0.0028027 secs] 656334K->520015K(902508K), 0.0028596 secs] [Times: user=0.00 sys=0.00, real=0.01 secs] 
2020-10-28T10:43:41.799+0000: [GC (Allocation Failure) 2020-10-28T10:43:41.799+0000: [ParNew: 136324K->4K(153344K), 0.0027776 secs] 656335K->520015K(902508K), 0.0028381 secs] [Times: user=0.00 sys=0.00, real=0.00 secs] 
2020-10-28T10:43:41.916+0000: [GC (Allocation Failure) 2020-10-28T10:43:41.916+0000: [ParNew: 136324K->4K(153344K), 0.0027595 secs] 656335K->520015K(902508K), 0.0028159 secs] [Times: user=0.00 sys=0.00, real=0.00 secs] 
2020-10-28T10:43:42.035+0000: [GC (Allocation Failure) 2020-10-28T10:43:42.035+0000: [ParNew: 136324K->4K(153344K), 0.0027604 secs] 656335K->520015K(902508K), 0.0028170 secs] [Times: user=0.01 sys=0.00, real=0.00 secs] 
2020-10-28T10:43:42.151+0000: [GC (Allocation Failure) 2020-10-28T10:43:42.151+0000: [ParNew: 136324K->4K(153344K), 0.0027564 secs] 656335K->520015K(902508K), 0.0028142 secs] [Times: user=0.01 sys=0.00, real=0.00 secs] 
2020-10-28T10:43:42.267+0000: [GC (Allocation Failure) 2020-10-28T10:43:42.268+0000: [ParNew: 136324K->4K(153344K), 0.0027885 secs] 656335K->520015K(902508K), 0.0028521 secs] [Times: user=0.01 sys=0.00, real=0.00 secs] 
2020-10-28T10:43:42.386+0000: [GC (Allocation Failure) 2020-10-28T10:43:42.386+0000: [ParNew: 136324K->4K(153344K), 0.0028207 secs] 656335K->520015K(902508K), 0.0028816 secs] [Times: user=0.00 sys=0.00, real=0.00 secs] 
2020-10-28T10:43:42.507+0000: [GC (Allocation Failure) 2020-10-28T10:43:42.507+0000: [ParNew: 136324K->4K(153344K), 0.0027650 secs] 656335K->520015K(902508K), 0.0028223 secs] [Times: user=0.00 sys=0.00, real=0.00 secs] 
2020-10-28T10:43:42.631+0000: [GC (Allocation Failure) 2020-10-28T10:43:42.631+0000: [ParNew: 136324K->4K(153344K), 0.0027738 secs] 656335K->520015K(902508K), 0.0028309 secs] [Times: user=0.00 sys=0.00, real=0.00 secs] 
2020-10-28T10:43:42.761+0000: [GC (Allocation Failure) 2020-10-28T10:43:42.761+0000: [ParNew: 136324K->6K(153344K), 0.0028552 secs] 656335K->520017K(902508K), 0.0029134 secs] [Times: user=0.00 sys=0.00, real=0.01 secs] 
2020-10-28T10:43:42.880+0000: [GC (Allocation Failure) 2020-10-28T10:43:42.880+0000: [ParNew: 136326K->8K(153344K), 0.0027723 secs] 656337K->520019K(902508K), 0.0028295 secs] [Times: user=0.01 sys=0.00, real=0.00 secs] 
2020-10-28T10:43:42.996+0000: [GC (Allocation Failure) 2020-10-28T10:43:42.996+0000: [ParNew: 136328K->7K(153344K), 0.0028474 secs] 656339K->520018K(902508K), 0.0029098 secs] [Times: user=0.00 sys=0.00, real=0.00 secs] 
2020-10-28T10:43:43.112+0000: [GC (Allocation Failure) 2020-10-28T10:43:43.112+0000: [ParNew: 136327K->7K(153344K), 0.0028313 secs] 656338K->520018K(902508K), 0.0028878 secs] [Times: user=0.01 sys=0.00, real=0.00 secs] 
2020-10-28T10:43:43.232+0000: [GC (Allocation Failure) 2020-10-28T10:43:43.232+0000: [ParNew: 136327K->7K(153344K), 0.0027735 secs] 656338K->520018K(902508K), 0.0028305 secs] [Times: user=0.01 sys=0.00, real=0.00 secs] 
2020-10-28T10:43:43.348+0000: [GC (Allocation Failure) 2020-10-28T10:43:43.348+0000: [ParNew: 136327K->7K(153344K), 0.0028053 secs] 656338K->520018K(902508K), 0.0028629 secs] [Times: user=0.01 sys=0.00, real=0.00 secs] 
2020-10-28T10:43:43.467+0000: [GC (Allocation Failure) 2020-10-28T10:43:43.467+0000: [ParNew: 136327K->4K(153344K), 0.0028272 secs] 656338K->520019K(902508K), 0.0028848 secs] [Times: user=0.00 sys=0.00, real=0.00 secs] 
2020-10-28T10:43:43.650+0000: [GC (Allocation Failure) 2020-10-28T10:43:43.650+0000: [ParNew: 136324K->4K(153344K), 0.0029617 secs] 656339K->520018K(902508K), 0.0030346 secs] [Times: user=0.01 sys=0.00, real=0.00 secs] 
2020-10-28T10:43:44.481+0000: [GC (Allocation Failure) 2020-10-28T10:43:44.481+0000: [ParNew: 136324K->6K(153344K), 0.0027982 secs] 656338K->520020K(902508K), 0.0028568 secs] [Times: user=0.01 sys=0.00, real=0.01 secs] 
2020-10-28T10:43:45.091+0000: [GC (Allocation Failure) 2020-10-28T10:43:45.091+0000: [ParNew: 136326K->8K(153344K), 0.0028140 secs] 656340K->520022K(902508K), 0.0028752 secs] [Times: user=0.00 sys=0.00, real=0.00 secs] 
2020-10-28T10:43:50.899+0000: [GC (Allocation Failure) 2020-10-28T10:43:50.899+0000: [ParNew: 136328K->7030K(153344K), 0.0104656 secs] 656342K->527044K(902508K), 0.0105309 secs] [Times: user=0.02 sys=0.00, real=0.01 secs] 
Heap
 par new generation   total 153344K, used 114477K [0x00000000c0000000, 0x00000000ca660000, 0x00000000ca660000)
  eden space 136320K,  78% used [0x00000000c0000000, 0x00000000c68ede08, 0x00000000c8520000)
  from space 17024K,  41% used [0x00000000c95c0000, 0x00000000c9c9d9c0, 0x00000000ca660000)
  to   space 17024K,   0% used [0x00000000c8520000, 0x00000000c8520000, 0x00000000c95c0000)
 concurrent mark-sweep generation total 749164K, used 520014K [0x00000000ca660000, 0x00000000f81fb000, 0x0000000100000000)
 Metaspace       used 78757K, capacity 80174K, committed 80224K, reserved 1118208K
  class space    used 10628K, capacity 10875K, committed 10880K, reserved 1048576K
End of LogType:stdout

