

Container: container_1603878260995_0001_01_000005 on ip-10-0-32-164.ec2.internal_8041
=======================================================================================
LogType:stderr
Log Upload Time:mer ott 28 09:49:22 +0000 2020
LogLength:15770
Log Contents:
SLF4J: Class path contains multiple SLF4J bindings.
SLF4J: Found binding in [jar:file:/mnt/yarn/usercache/hadoop/filecache/11/__spark_libs__139615002368585453.zip/slf4j-log4j12-1.7.16.jar!/org/slf4j/impl/StaticLoggerBinder.class]
SLF4J: Found binding in [jar:file:/usr/lib/hadoop/lib/slf4j-log4j12-1.7.10.jar!/org/slf4j/impl/StaticLoggerBinder.class]
SLF4J: See http://www.slf4j.org/codes.html#multiple_bindings for an explanation.
SLF4J: Actual binding is of type [org.slf4j.impl.Log4jLoggerFactory]
20/10/28 09:48:03 INFO CoarseGrainedExecutorBackend: Started daemon with process name: 23763@ip-10-0-32-164
20/10/28 09:48:03 INFO SignalUtils: Registered signal handler for TERM
20/10/28 09:48:03 INFO SignalUtils: Registered signal handler for HUP
20/10/28 09:48:03 INFO SignalUtils: Registered signal handler for INT
20/10/28 09:48:04 INFO SecurityManager: Changing view acls to: yarn,hadoop
20/10/28 09:48:04 INFO SecurityManager: Changing modify acls to: yarn,hadoop
20/10/28 09:48:04 INFO SecurityManager: Changing view acls groups to: 
20/10/28 09:48:04 INFO SecurityManager: Changing modify acls groups to: 
20/10/28 09:48:04 INFO SecurityManager: SecurityManager: authentication disabled; ui acls disabled; users  with view permissions: Set(yarn, hadoop); groups with view permissions: Set(); users  with modify permissions: Set(yarn, hadoop); groups with modify permissions: Set()
20/10/28 09:48:05 INFO TransportClientFactory: Successfully created connection to ip-10-0-47-187.ec2.internal/10.0.47.187:45497 after 93 ms (0 ms spent in bootstraps)
20/10/28 09:48:05 INFO SecurityManager: Changing view acls to: yarn,hadoop
20/10/28 09:48:05 INFO SecurityManager: Changing modify acls to: yarn,hadoop
20/10/28 09:48:05 INFO SecurityManager: Changing view acls groups to: 
20/10/28 09:48:05 INFO SecurityManager: Changing modify acls groups to: 
20/10/28 09:48:05 INFO SecurityManager: SecurityManager: authentication disabled; ui acls disabled; users  with view permissions: Set(yarn, hadoop); groups with view permissions: Set(); users  with modify permissions: Set(yarn, hadoop); groups with modify permissions: Set()
20/10/28 09:48:05 INFO TransportClientFactory: Successfully created connection to ip-10-0-47-187.ec2.internal/10.0.47.187:45497 after 2 ms (0 ms spent in bootstraps)
20/10/28 09:48:05 INFO DiskBlockManager: Created local directory at /mnt/yarn/usercache/hadoop/appcache/application_1603878260995_0001/blockmgr-689e0a41-3332-40f1-8445-671964821935
20/10/28 09:48:05 INFO MemoryStore: MemoryStore started with capacity 424.4 MB
20/10/28 09:48:05 INFO CoarseGrainedExecutorBackend: Connecting to driver: spark://CoarseGrainedScheduler@ip-10-0-47-187.ec2.internal:45497
20/10/28 09:48:05 INFO CoarseGrainedExecutorBackend: Successfully registered with driver
20/10/28 09:48:05 INFO Executor: Starting executor ID 2 on host ip-10-0-32-164.ec2.internal
20/10/28 09:48:05 INFO Utils: Successfully started service 'org.apache.spark.network.netty.NettyBlockTransferService' on port 44409.
20/10/28 09:48:05 INFO NettyBlockTransferService: Server created on ip-10-0-32-164.ec2.internal:44409
20/10/28 09:48:05 INFO BlockManager: Using org.apache.spark.storage.RandomBlockReplicationPolicy for block replication policy
20/10/28 09:48:06 INFO BlockManagerMaster: Registering BlockManager BlockManagerId(2, ip-10-0-32-164.ec2.internal, 44409, None)
20/10/28 09:48:06 INFO BlockManagerMaster: Registered BlockManager BlockManagerId(2, ip-10-0-32-164.ec2.internal, 44409, None)
20/10/28 09:48:06 INFO BlockManager: external shuffle service port = 7337
20/10/28 09:48:06 INFO BlockManager: Registering executor with local external shuffle service.
20/10/28 09:48:06 INFO TransportClientFactory: Successfully created connection to ip-10-0-32-164.ec2.internal/10.0.32.164:7337 after 10 ms (0 ms spent in bootstraps)
20/10/28 09:48:06 INFO BlockManager: Initialized BlockManager: BlockManagerId(2, ip-10-0-32-164.ec2.internal, 44409, None)
20/10/28 09:48:06 INFO CoarseGrainedExecutorBackend: Got assigned task 3
20/10/28 09:48:06 INFO Executor: Running task 2.0 in stage 1.0 (TID 3)
20/10/28 09:48:06 INFO TorrentBroadcast: Started reading broadcast variable 4
20/10/28 09:48:06 INFO TransportClientFactory: Successfully created connection to ip-10-0-50-126.ec2.internal/10.0.50.126:38651 after 1 ms (0 ms spent in bootstraps)
20/10/28 09:48:06 INFO MemoryStore: Block broadcast_4_piece0 stored as bytes in memory (estimated size 15.5 KB, free 424.4 MB)
20/10/28 09:48:06 INFO TorrentBroadcast: Reading broadcast variable 4 took 245 ms
20/10/28 09:48:06 INFO MemoryStore: Block broadcast_4 stored as values in memory (estimated size 36.6 KB, free 424.4 MB)
20/10/28 09:48:07 INFO CodeGenerator: Code generated in 362.400955 ms
20/10/28 09:48:08 INFO CodeGenerator: Code generated in 92.912715 ms
20/10/28 09:48:08 INFO CodeGenerator: Code generated in 21.300121 ms
20/10/28 09:48:09 INFO CodeGenerator: Code generated in 25.026132 ms
20/10/28 09:48:09 INFO FileScanRDD: Reading File path: s3://spectral-regression-spark-bucket/spectral_data_class.csv, range: 268435456-319010350, partition values: [empty row]
20/10/28 09:48:09 INFO CodeGenerator: Code generated in 16.040587 ms
20/10/28 09:48:09 INFO TorrentBroadcast: Started reading broadcast variable 2
20/10/28 09:48:09 INFO TransportClientFactory: Successfully created connection to ip-10-0-47-187.ec2.internal/10.0.47.187:44171 after 7 ms (0 ms spent in bootstraps)
20/10/28 09:48:09 INFO MemoryStore: Block broadcast_2_piece0 stored as bytes in memory (estimated size 36.7 KB, free 424.3 MB)
20/10/28 09:48:09 INFO TorrentBroadcast: Reading broadcast variable 2 took 57 ms
20/10/28 09:48:09 INFO MemoryStore: Block broadcast_2 stored as values in memory (estimated size 576.5 KB, free 423.7 MB)
20/10/28 09:48:12 INFO S3NativeFileSystem: Opening 's3://spectral-regression-spark-bucket/spectral_data_class.csv' for reading
20/10/28 09:48:12 INFO GPLNativeCodeLoader: Loaded native gpl library
20/10/28 09:48:12 INFO LzoCodec: Successfully loaded & initialized native-lzo library [hadoop-lzo rev 1546b8dc0ca6f1ffd26a812d52bd7b80915e0a25]
20/10/28 09:48:17 INFO JniLoader: successfully loaded /mnt/yarn/usercache/hadoop/appcache/application_1603878260995_0001/container_1603878260995_0001_01_000005/tmp/jniloader7861482757760306034netlib-native_system-linux-x86_64.so
20/10/28 09:48:18 INFO Executor: Finished task 2.0 in stage 1.0 (TID 3). 2356 bytes result sent to driver
20/10/28 09:48:24 INFO CoarseGrainedExecutorBackend: Got assigned task 4
20/10/28 09:48:24 INFO Executor: Running task 0.0 in stage 2.0 (TID 4)
20/10/28 09:48:24 INFO CoarseGrainedExecutorBackend: Got assigned task 6
20/10/28 09:48:24 INFO Executor: Running task 2.0 in stage 2.0 (TID 6)
20/10/28 09:48:24 INFO TorrentBroadcast: Started reading broadcast variable 6
20/10/28 09:48:24 INFO MemoryStore: Block broadcast_6_piece0 stored as bytes in memory (estimated size 17.2 KB, free 423.8 MB)
20/10/28 09:48:24 INFO TorrentBroadcast: Reading broadcast variable 6 took 16 ms
20/10/28 09:48:24 INFO MemoryStore: Block broadcast_6 stored as values in memory (estimated size 38.2 KB, free 423.8 MB)
20/10/28 09:48:25 INFO CodeGenerator: Code generated in 105.65845 ms
20/10/28 09:48:25 INFO CodeGenerator: Code generated in 37.44552 ms
20/10/28 09:48:25 INFO FileScanRDD: Reading File path: s3://spectral-regression-spark-bucket/spectral_data_class.csv, range: 0-80801163, partition values: [empty row]
20/10/28 09:48:25 INFO FileScanRDD: Reading File path: s3://spectral-regression-spark-bucket/spectral_data_class.csv, range: 161602326-242403489, partition values: [empty row]
20/10/28 09:48:25 INFO TorrentBroadcast: Started reading broadcast variable 5
20/10/28 09:48:25 INFO MemoryStore: Block broadcast_5_piece0 stored as bytes in memory (estimated size 36.7 KB, free 423.6 MB)
20/10/28 09:48:25 INFO TorrentBroadcast: Reading broadcast variable 5 took 13 ms
20/10/28 09:48:25 INFO MemoryStore: Block broadcast_5 stored as values in memory (estimated size 576.5 KB, free 423.0 MB)
20/10/28 09:48:25 INFO S3NativeFileSystem: Opening 's3://spectral-regression-spark-bucket/spectral_data_class.csv' for reading
20/10/28 09:48:25 INFO S3NativeFileSystem: Opening 's3://spectral-regression-spark-bucket/spectral_data_class.csv' for reading
20/10/28 09:48:38 INFO Executor: Finished task 2.0 in stage 2.0 (TID 6). 2386 bytes result sent to driver
20/10/28 09:48:38 INFO Executor: Finished task 0.0 in stage 2.0 (TID 4). 2386 bytes result sent to driver
20/10/28 09:48:38 INFO CoarseGrainedExecutorBackend: Got assigned task 8
20/10/28 09:48:38 INFO CoarseGrainedExecutorBackend: Got assigned task 10
20/10/28 09:48:38 INFO Executor: Running task 0.0 in stage 3.0 (TID 8)
20/10/28 09:48:38 INFO Executor: Running task 2.0 in stage 3.0 (TID 10)
20/10/28 09:48:38 INFO TorrentBroadcast: Started reading broadcast variable 7
20/10/28 09:48:38 INFO MemoryStore: Block broadcast_7_piece0 stored as bytes in memory (estimated size 16.9 KB, free 423.2 MB)
20/10/28 09:48:38 INFO TorrentBroadcast: Reading broadcast variable 7 took 11 ms
20/10/28 09:48:38 INFO MemoryStore: Block broadcast_7 stored as values in memory (estimated size 37.3 KB, free 423.2 MB)
20/10/28 09:48:38 INFO FileScanRDD: Reading File path: s3://spectral-regression-spark-bucket/spectral_data_class.csv, range: 0-80801163, partition values: [empty row]
20/10/28 09:48:38 INFO FileScanRDD: Reading File path: s3://spectral-regression-spark-bucket/spectral_data_class.csv, range: 161602326-242403489, partition values: [empty row]
20/10/28 09:48:38 INFO S3NativeFileSystem: Opening 's3://spectral-regression-spark-bucket/spectral_data_class.csv' for reading
20/10/28 09:48:38 INFO S3NativeFileSystem: Opening 's3://spectral-regression-spark-bucket/spectral_data_class.csv' for reading
20/10/28 09:48:48 INFO Executor: Finished task 2.0 in stage 3.0 (TID 10). 1860 bytes result sent to driver
20/10/28 09:48:49 INFO Executor: Finished task 0.0 in stage 3.0 (TID 8). 1860 bytes result sent to driver
20/10/28 09:48:50 INFO CoarseGrainedExecutorBackend: Got assigned task 12
20/10/28 09:48:50 INFO Executor: Running task 0.0 in stage 4.0 (TID 12)
20/10/28 09:48:50 INFO CoarseGrainedExecutorBackend: Got assigned task 14
20/10/28 09:48:50 INFO Executor: Running task 2.0 in stage 4.0 (TID 14)
20/10/28 09:48:50 INFO TorrentBroadcast: Started reading broadcast variable 9
20/10/28 09:48:50 INFO MemoryStore: Block broadcast_9_piece0 stored as bytes in memory (estimated size 15.1 KB, free 423.2 MB)
20/10/28 09:48:50 INFO TorrentBroadcast: Reading broadcast variable 9 took 9 ms
20/10/28 09:48:50 INFO MemoryStore: Block broadcast_9 stored as values in memory (estimated size 33.2 KB, free 423.2 MB)
20/10/28 09:48:51 INFO CodeGenerator: Code generated in 43.865052 ms
20/10/28 09:48:51 INFO FileScanRDD: Reading File path: s3://spectral-regression-spark-bucket/spectral_data_class.csv, range: 161602326-242403489, partition values: [empty row]
20/10/28 09:48:51 INFO FileScanRDD: Reading File path: s3://spectral-regression-spark-bucket/spectral_data_class.csv, range: 0-80801163, partition values: [empty row]
20/10/28 09:48:51 INFO TorrentBroadcast: Started reading broadcast variable 8
20/10/28 09:48:51 INFO MemoryStore: Block broadcast_8_piece0 stored as bytes in memory (estimated size 36.7 KB, free 423.0 MB)
20/10/28 09:48:51 INFO TorrentBroadcast: Reading broadcast variable 8 took 14 ms
20/10/28 09:48:51 INFO MemoryStore: Block broadcast_8 stored as values in memory (estimated size 576.5 KB, free 422.5 MB)
20/10/28 09:48:51 INFO S3NativeFileSystem: Opening 's3://spectral-regression-spark-bucket/spectral_data_class.csv' for reading
20/10/28 09:48:51 INFO S3NativeFileSystem: Opening 's3://spectral-regression-spark-bucket/spectral_data_class.csv' for reading
20/10/28 09:49:00 INFO Executor: Finished task 2.0 in stage 4.0 (TID 14). 2589 bytes result sent to driver
20/10/28 09:49:00 INFO Executor: Finished task 0.0 in stage 4.0 (TID 12). 2546 bytes result sent to driver
20/10/28 09:49:02 INFO CoarseGrainedExecutorBackend: Got assigned task 16
20/10/28 09:49:02 INFO Executor: Running task 0.0 in stage 5.0 (TID 16)
20/10/28 09:49:02 INFO MapOutputTrackerWorker: Updating epoch to 1 and clearing cache
20/10/28 09:49:02 INFO TorrentBroadcast: Started reading broadcast variable 10
20/10/28 09:49:02 INFO MemoryStore: Block broadcast_10_piece0 stored as bytes in memory (estimated size 3.8 KB, free 422.6 MB)
20/10/28 09:49:02 INFO TorrentBroadcast: Reading broadcast variable 10 took 10 ms
20/10/28 09:49:02 INFO MemoryStore: Block broadcast_10 stored as values in memory (estimated size 7.1 KB, free 422.6 MB)
20/10/28 09:49:02 INFO MapOutputTrackerWorker: Don't have map outputs for shuffle 0, fetching them
20/10/28 09:49:02 INFO MapOutputTrackerWorker: Doing the fetch; tracker endpoint = NettyRpcEndpointRef(spark://MapOutputTracker@ip-10-0-47-187.ec2.internal:45497)
20/10/28 09:49:02 INFO MapOutputTrackerWorker: Got the output locations
20/10/28 09:49:02 INFO ShuffleBlockFetcherIterator: Getting 4 non-empty blocks including 2 local blocks and 2 remote blocks
20/10/28 09:49:02 INFO TransportClientFactory: Successfully created connection to ip-10-0-50-126.ec2.internal/10.0.50.126:7337 after 4 ms (0 ms spent in bootstraps)
20/10/28 09:49:02 INFO ShuffleBlockFetcherIterator: Started 1 remote fetches in 28 ms
20/10/28 09:49:02 INFO CodeGenerator: Code generated in 13.769777 ms
20/10/28 09:49:02 INFO Executor: Finished task 0.0 in stage 5.0 (TID 16). 1825 bytes result sent to driver
20/10/28 09:49:02 INFO CoarseGrainedExecutorBackend: Got assigned task 18
20/10/28 09:49:02 INFO CoarseGrainedExecutorBackend: Got assigned task 20
20/10/28 09:49:02 INFO Executor: Running task 1.0 in stage 6.0 (TID 18)
20/10/28 09:49:02 INFO TorrentBroadcast: Started reading broadcast variable 12
20/10/28 09:49:02 INFO Executor: Running task 3.0 in stage 6.0 (TID 20)
20/10/28 09:49:02 INFO MemoryStore: Block broadcast_12_piece0 stored as bytes in memory (estimated size 17.7 KB, free 423.2 MB)
20/10/28 09:49:02 INFO TorrentBroadcast: Reading broadcast variable 12 took 9 ms
20/10/28 09:49:02 INFO MemoryStore: Block broadcast_12 stored as values in memory (estimated size 38.9 KB, free 423.2 MB)
20/10/28 09:49:02 INFO CodeGenerator: Code generated in 64.778703 ms
20/10/28 09:49:02 INFO FileScanRDD: Reading File path: s3://spectral-regression-spark-bucket/spectral_data_class.csv, range: 80801163-161602326, partition values: [empty row]
20/10/28 09:49:02 INFO TorrentBroadcast: Started reading broadcast variable 11
20/10/28 09:49:02 INFO FileScanRDD: Reading File path: s3://spectral-regression-spark-bucket/spectral_data_class.csv, range: 242403489-319010350, partition values: [empty row]
20/10/28 09:49:02 INFO MemoryStore: Block broadcast_11_piece0 stored as bytes in memory (estimated size 36.7 KB, free 423.0 MB)
20/10/28 09:49:02 INFO TorrentBroadcast: Reading broadcast variable 11 took 17 ms
20/10/28 09:49:02 INFO MemoryStore: Block broadcast_11 stored as values in memory (estimated size 576.5 KB, free 422.4 MB)
20/10/28 09:49:02 INFO S3NativeFileSystem: Opening 's3://spectral-regression-spark-bucket/spectral_data_class.csv' for reading
20/10/28 09:49:02 INFO S3NativeFileSystem: Opening 's3://spectral-regression-spark-bucket/spectral_data_class.csv' for reading
20/10/28 09:49:12 INFO Executor: Finished task 3.0 in stage 6.0 (TID 20). 2343 bytes result sent to driver
20/10/28 09:49:12 INFO Executor: Finished task 1.0 in stage 6.0 (TID 18). 2343 bytes result sent to driver
20/10/28 09:49:19 INFO CoarseGrainedExecutorBackend: Driver commanded a shutdown
20/10/28 09:49:19 INFO MemoryStore: MemoryStore cleared
20/10/28 09:49:19 INFO BlockManager: BlockManager stopped
20/10/28 09:49:19 INFO ShutdownHookManager: Shutdown hook called
End of LogType:stderr

LogType:stdout
Log Upload Time:mer ott 28 09:49:22 +0000 2020
LogLength:341764
Log Contents:
2020-10-28T09:48:02.893+0000: [GC (Allocation Failure) 2020-10-28T09:48:02.893+0000: [ParNew: 16384K->2048K(18432K), 0.0051884 secs] 16384K->2385K(59392K), 0.0052752 secs] [Times: user=0.00 sys=0.00, real=0.01 secs] 
2020-10-28T09:48:03.026+0000: [GC (Allocation Failure) 2020-10-28T09:48:03.026+0000: [ParNew: 18432K->1940K(18432K), 0.0063377 secs] 18769K->3630K(59392K), 0.0063958 secs] [Times: user=0.01 sys=0.00, real=0.00 secs] 
2020-10-28T09:48:03.163+0000: [GC (Allocation Failure) 2020-10-28T09:48:03.163+0000: [ParNew: 18324K->1455K(18432K), 0.0014069 secs] 20014K->3145K(59392K), 0.0014521 secs] [Times: user=0.00 sys=0.00, real=0.00 secs] 
2020-10-28T09:48:03.315+0000: [GC (Allocation Failure) 2020-10-28T09:48:03.315+0000: [ParNew: 17839K->1967K(18432K), 0.0041036 secs] 19529K->4037K(59392K), 0.0041527 secs] [Times: user=0.00 sys=0.00, real=0.00 secs] 
2020-10-28T09:48:03.446+0000: [GC (Allocation Failure) 2020-10-28T09:48:03.446+0000: [ParNew: 18351K->1187K(18432K), 0.0063530 secs] 20421K->3805K(59392K), 0.0064075 secs] [Times: user=0.02 sys=0.00, real=0.00 secs] 
2020-10-28T09:48:03.572+0000: [GC (Allocation Failure) 2020-10-28T09:48:03.572+0000: [ParNew: 17571K->1467K(18432K), 0.0037720 secs] 20189K->4085K(59392K), 0.0038355 secs] [Times: user=0.01 sys=0.00, real=0.01 secs] 
2020-10-28T09:48:03.680+0000: [GC (Allocation Failure) 2020-10-28T09:48:03.680+0000: [ParNew: 17851K->858K(18432K), 0.0078560 secs] 20469K->4014K(59392K), 0.0079191 secs] [Times: user=0.01 sys=0.00, real=0.01 secs] 
2020-10-28T09:48:03.746+0000: [GC (Allocation Failure) 2020-10-28T09:48:03.746+0000: [ParNew: 17242K->992K(18432K), 0.0025692 secs] 20398K->4148K(59392K), 0.0026257 secs] [Times: user=0.01 sys=0.00, real=0.00 secs] 
2020-10-28T09:48:03.813+0000: [GC (Allocation Failure) 2020-10-28T09:48:03.813+0000: [ParNew: 17376K->856K(18432K), 0.0025588 secs] 20532K->4011K(59392K), 0.0026124 secs] [Times: user=0.01 sys=0.00, real=0.01 secs] 
2020-10-28T09:48:03.920+0000: [GC (Allocation Failure) 2020-10-28T09:48:03.920+0000: [ParNew: 17240K->1550K(18432K), 0.0018706 secs] 20395K->4706K(59392K), 0.0019257 secs] [Times: user=0.00 sys=0.00, real=0.01 secs] 
2020-10-28T09:48:04.013+0000: [GC (Allocation Failure) 2020-10-28T09:48:04.013+0000: [ParNew: 17934K->879K(18432K), 0.0042774 secs] 21090K->4345K(59392K), 0.0043302 secs] [Times: user=0.00 sys=0.00, real=0.01 secs] 
2020-10-28T09:48:04.209+0000: [GC (Allocation Failure) 2020-10-28T09:48:04.209+0000: [ParNew: 17263K->1140K(18432K), 0.0021028 secs] 20729K->4606K(59392K), 0.0021447 secs] [Times: user=0.01 sys=0.00, real=0.00 secs] 
2020-10-28T09:48:04.337+0000: [GC (Allocation Failure) 2020-10-28T09:48:04.337+0000: [ParNew: 17524K->1543K(18432K), 0.0039657 secs] 20990K->5083K(59392K), 0.0040133 secs] [Times: user=0.00 sys=0.00, real=0.01 secs] 
2020-10-28T09:48:04.445+0000: [GC (Allocation Failure) 2020-10-28T09:48:04.445+0000: [ParNew: 17927K->1118K(18432K), 0.0056775 secs] 21467K->5268K(59392K), 0.0057347 secs] [Times: user=0.01 sys=0.00, real=0.00 secs] 
2020-10-28T09:48:04.533+0000: [GC (Allocation Failure) 2020-10-28T09:48:04.533+0000: [ParNew: 17502K->932K(18432K), 0.0037791 secs] 21652K->5082K(59392K), 0.0038583 secs] [Times: user=0.00 sys=0.00, real=0.01 secs] 
2020-10-28T09:48:04.625+0000: [GC (Allocation Failure) 2020-10-28T09:48:04.625+0000: [ParNew: 17316K->1315K(18432K), 0.0030454 secs] 21466K->5465K(59392K), 0.0031030 secs] [Times: user=0.01 sys=0.00, real=0.00 secs] 
2020-10-28T09:48:04.714+0000: [GC (Allocation Failure) 2020-10-28T09:48:04.714+0000: [ParNew: 17699K->1300K(18432K), 0.0030950 secs] 21849K->5450K(59392K), 0.0031576 secs] [Times: user=0.00 sys=0.00, real=0.00 secs] 
2020-10-28T09:48:04.776+0000: [GC (Allocation Failure) 2020-10-28T09:48:04.776+0000: [ParNew: 17684K->991K(18432K), 0.0028508 secs] 21834K->5485K(59392K), 0.0028989 secs] [Times: user=0.01 sys=0.00, real=0.00 secs] 
2020-10-28T09:48:04.844+0000: [GC (Allocation Failure) 2020-10-28T09:48:04.844+0000: [ParNew: 17375K->1493K(18432K), 0.0021636 secs] 21869K->5988K(59392K), 0.0022292 secs] [Times: user=0.01 sys=0.00, real=0.00 secs] 
2020-10-28T09:48:04.997+0000: [GC (Allocation Failure) 2020-10-28T09:48:04.997+0000: [ParNew: 17877K->1525K(18432K), 0.0031446 secs] 22372K->6239K(59392K), 0.0031942 secs] [Times: user=0.00 sys=0.00, real=0.00 secs] 
2020-10-28T09:48:05.063+0000: [GC (Allocation Failure) 2020-10-28T09:48:05.063+0000: [ParNew: 17909K->1161K(18432K), 0.0030855 secs] 22623K->6337K(59392K), 0.0031350 secs] [Times: user=0.01 sys=0.00, real=0.00 secs] 
2020-10-28T09:48:05.160+0000: [GC (Allocation Failure) 2020-10-28T09:48:05.160+0000: [ParNew: 17545K->1224K(18432K), 0.0019307 secs] 39105K->22784K(59392K), 0.0019775 secs] [Times: user=0.01 sys=0.00, real=0.01 secs] 
2020-10-28T09:48:05.162+0000: [GC (CMS Initial Mark) [1 CMS-initial-mark: 21559K(40960K)] 22784K(59392K), 0.0008732 secs] [Times: user=0.00 sys=0.00, real=0.00 secs] 
2020-10-28T09:48:05.163+0000: [CMS-concurrent-mark-start]
2020-10-28T09:48:05.177+0000: [CMS-concurrent-mark: 0.014/0.014 secs] [Times: user=0.02 sys=0.00, real=0.01 secs] 
2020-10-28T09:48:05.177+0000: [CMS-concurrent-preclean-start]
2020-10-28T09:48:05.177+0000: [CMS-concurrent-preclean: 0.000/0.000 secs] [Times: user=0.00 sys=0.00, real=0.00 secs] 
2020-10-28T09:48:05.177+0000: [GC (CMS Final Remark) [YG occupancy: 2940 K (18432 K)]2020-10-28T09:48:05.177+0000: [Rescan (parallel) , 0.0008411 secs]2020-10-28T09:48:05.178+0000: [weak refs processing, 0.0000287 secs]2020-10-28T09:48:05.178+0000: [class unloading, 0.0021529 secs]2020-10-28T09:48:05.180+0000: [scrub symbol table, 0.0023020 secs]2020-10-28T09:48:05.183+0000: [scrub string table, 0.0002332 secs][1 CMS-remark: 21559K(40960K)] 24500K(59392K), 0.0056566 secs] [Times: user=0.00 sys=0.00, real=0.01 secs] 
2020-10-28T09:48:05.183+0000: [CMS-concurrent-sweep-start]
2020-10-28T09:48:05.185+0000: [CMS-concurrent-sweep: 0.002/0.002 secs] [Times: user=0.01 sys=0.00, real=0.00 secs] 
2020-10-28T09:48:05.185+0000: [CMS-concurrent-reset-start]
2020-10-28T09:48:05.211+0000: [CMS-concurrent-reset: 0.026/0.026 secs] [Times: user=0.03 sys=0.02, real=0.02 secs] 
2020-10-28T09:48:05.262+0000: [GC (Allocation Failure) 2020-10-28T09:48:05.262+0000: [ParNew: 17608K->1015K(18432K), 0.0028816 secs] 38751K->22388K(59392K), 0.0029337 secs] [Times: user=0.00 sys=0.01, real=0.00 secs] 
2020-10-28T09:48:05.386+0000: [GC (Allocation Failure) 2020-10-28T09:48:05.387+0000: [ParNew: 17399K->1743K(18432K), 0.0021302 secs] 55156K->39500K(59392K), 0.0021806 secs] [Times: user=0.01 sys=0.00, real=0.00 secs] 
2020-10-28T09:48:05.389+0000: [GC (CMS Initial Mark) [1 CMS-initial-mark: 37756K(40960K)] 39768K(59392K), 0.0007924 secs] [Times: user=0.00 sys=0.00, real=0.00 secs] 
2020-10-28T09:48:05.390+0000: [CMS-concurrent-mark-start]
2020-10-28T09:48:05.403+0000: [CMS-concurrent-mark: 0.013/0.013 secs] [Times: user=0.02 sys=0.00, real=0.02 secs] 
2020-10-28T09:48:05.403+0000: [CMS-concurrent-preclean-start]
2020-10-28T09:48:05.403+0000: [CMS-concurrent-preclean: 0.001/0.001 secs] [Times: user=0.00 sys=0.00, real=0.00 secs] 
2020-10-28T09:48:05.403+0000: [CMS-concurrent-abortable-preclean-start]
2020-10-28T09:48:05.460+0000: [GC (Allocation Failure) 2020-10-28T09:48:05.460+0000: [ParNew: 18127K->1523K(18432K), 0.0044444 secs] 55884K->39650K(59392K), 0.0044931 secs] [Times: user=0.01 sys=0.00, real=0.01 secs] 
2020-10-28T09:48:05.556+0000: [GC (Allocation Failure) 2020-10-28T09:48:05.556+0000: [ParNew: 17907K->804K(18432K), 0.0034431 secs] 56034K->38931K(59392K), 0.0034933 secs] [Times: user=0.01 sys=0.00, real=0.00 secs] 
2020-10-28T09:48:05.631+0000: [GC (Allocation Failure) 2020-10-28T09:48:05.631+0000: [ParNew: 17188K->1728K(18432K), 0.0028409 secs] 55315K->39855K(59392K), 0.0028923 secs] [Times: user=0.01 sys=0.00, real=0.01 secs] 
2020-10-28T09:48:05.695+0000: [GC (Allocation Failure) 2020-10-28T09:48:05.695+0000: [ParNew: 18112K->1233K(18432K), 0.0025198 secs] 56239K->39695K(59392K), 0.0025699 secs] [Times: user=0.01 sys=0.00, real=0.00 secs] 
2020-10-28T09:48:05.740+0000: [GC (Allocation Failure) 2020-10-28T09:48:05.740+0000: [ParNew: 17617K->1261K(18432K), 0.0016658 secs] 56079K->39724K(59392K), 0.0017248 secs] [Times: user=0.01 sys=0.00, real=0.01 secs] 
2020-10-28T09:48:05.834+0000: [GC (Allocation Failure) 2020-10-28T09:48:05.834+0000: [ParNew: 17645K->1269K(18432K), 0.0054561 secs] 56108K->39861K(59392K), 0.0055126 secs] [Times: user=0.01 sys=0.00, real=0.00 secs] 
2020-10-28T09:48:06.013+0000: [GC (Allocation Failure) 2020-10-28T09:48:06.013+0000: [ParNew: 17653K->1780K(18432K), 0.0030411 secs] 56245K->40373K(59392K), 0.0030998 secs] [Times: user=0.01 sys=0.00, real=0.01 secs] 
2020-10-28T09:48:06.090+0000: [GC (Allocation Failure) 2020-10-28T09:48:06.090+0000: [ParNew: 9120K->1098K(18432K), 0.0172844 secs]2020-10-28T09:48:06.107+0000: [CMS2020-10-28T09:48:06.107+0000: [CMS-concurrent-abortable-preclean: 0.106/0.704 secs] [Times: user=1.19 sys=0.04, real=0.70 secs] 
 (concurrent mode failure): 39856K->39955K(40960K), 0.0690397 secs] 47712K->39955K(59392K), [Metaspace: 27770K->27770K(1073152K)], 0.0865345 secs] [Times: user=0.11 sys=0.00, real=0.09 secs] 
2020-10-28T09:48:06.341+0000: [GC (Allocation Failure) 2020-10-28T09:48:06.341+0000: [ParNew: 26688K->762K(30016K), 0.0274469 secs] 66643K->57104K(96612K), 0.0275217 secs] [Times: user=0.05 sys=0.01, real=0.03 secs] 
2020-10-28T09:48:06.375+0000: [GC (CMS Initial Mark) [1 CMS-initial-mark: 56342K(66596K)] 57567K(96612K), 0.0016236 secs] [Times: user=0.00 sys=0.00, real=0.00 secs] 
2020-10-28T09:48:06.376+0000: [CMS-concurrent-mark-start]
2020-10-28T09:48:06.404+0000: [CMS-concurrent-mark: 0.027/0.027 secs] [Times: user=0.06 sys=0.00, real=0.03 secs] 
2020-10-28T09:48:06.404+0000: [CMS-concurrent-preclean-start]
2020-10-28T09:48:06.405+0000: [CMS-concurrent-preclean: 0.001/0.001 secs] [Times: user=0.00 sys=0.00, real=0.00 secs] 
2020-10-28T09:48:06.414+0000: [GC (CMS Final Remark) [YG occupancy: 3474 K (30016 K)]2020-10-28T09:48:06.414+0000: [Rescan (parallel) , 0.0025160 secs]2020-10-28T09:48:06.416+0000: [weak refs processing, 0.0000322 secs]2020-10-28T09:48:06.416+0000: [class unloading, 0.0040810 secs]2020-10-28T09:48:06.420+0000: [scrub symbol table, 0.0041757 secs]2020-10-28T09:48:06.425+0000: [scrub string table, 0.0004380 secs][1 CMS-remark: 56342K(66596K)] 59816K(96612K), 0.0113687 secs] [Times: user=0.02 sys=0.00, real=0.01 secs] 
2020-10-28T09:48:06.430+0000: [CMS-concurrent-sweep-start]
2020-10-28T09:48:06.432+0000: [CMS-concurrent-sweep: 0.002/0.002 secs] [Times: user=0.00 sys=0.00, real=0.00 secs] 
2020-10-28T09:48:06.433+0000: [CMS-concurrent-reset-start]
2020-10-28T09:48:06.434+0000: [CMS-concurrent-reset: 0.002/0.002 secs] [Times: user=0.00 sys=0.00, real=0.01 secs] 
2020-10-28T09:48:06.598+0000: [GC (Allocation Failure) 2020-10-28T09:48:06.598+0000: [ParNew: 26175K->1381K(30016K), 0.0030983 secs] 82296K->57502K(123552K), 0.0031423 secs] [Times: user=0.01 sys=0.00, real=0.00 secs] 
2020-10-28T09:48:06.760+0000: [GC (Allocation Failure) 2020-10-28T09:48:06.760+0000: [ParNew: 28069K->1204K(30016K), 0.0136152 secs] 84190K->73711K(123552K), 0.0136594 secs] [Times: user=0.01 sys=0.01, real=0.02 secs] 
2020-10-28T09:48:06.781+0000: [GC (CMS Initial Mark) [1 CMS-initial-mark: 72507K(93536K)] 74664K(123552K), 0.0012081 secs] [Times: user=0.00 sys=0.00, real=0.00 secs] 
2020-10-28T09:48:06.783+0000: [CMS-concurrent-mark-start]
2020-10-28T09:48:06.799+0000: [CMS-concurrent-mark: 0.016/0.016 secs] [Times: user=0.03 sys=0.00, real=0.01 secs] 
2020-10-28T09:48:06.799+0000: [CMS-concurrent-preclean-start]
2020-10-28T09:48:06.800+0000: [CMS-concurrent-preclean: 0.001/0.001 secs] [Times: user=0.00 sys=0.00, real=0.00 secs] 
2020-10-28T09:48:06.800+0000: [CMS-concurrent-abortable-preclean-start]
2020-10-28T09:48:07.004+0000: [GC (Allocation Failure) 2020-10-28T09:48:07.004+0000: [ParNew: 27892K->2588K(30016K), 0.0065055 secs] 100399K->75095K(123552K), 0.0065586 secs] [Times: user=0.01 sys=0.00, real=0.00 secs] 
2020-10-28T09:48:07.177+0000: [CMS-concurrent-abortable-preclean: 0.082/0.378 secs] [Times: user=0.71 sys=0.01, real=0.38 secs] 
2020-10-28T09:48:07.182+0000: [GC (CMS Final Remark) [YG occupancy: 22744 K (30016 K)]2020-10-28T09:48:07.182+0000: [Rescan (parallel) , 0.0102709 secs]2020-10-28T09:48:07.193+0000: [weak refs processing, 0.0000607 secs]2020-10-28T09:48:07.193+0000: [class unloading, 0.0066648 secs]2020-10-28T09:48:07.199+0000: [scrub symbol table, 0.0062637 secs]2020-10-28T09:48:07.206+0000: [scrub string table, 0.0005681 secs][1 CMS-remark: 72507K(93536K)] 95252K(123552K), 0.0240254 secs] [Times: user=0.04 sys=0.00, real=0.02 secs] 
2020-10-28T09:48:07.216+0000: [CMS-concurrent-sweep-start]
2020-10-28T09:48:07.219+0000: [CMS-concurrent-sweep: 0.004/0.004 secs] [Times: user=0.01 sys=0.00, real=0.00 secs] 
2020-10-28T09:48:07.219+0000: [CMS-concurrent-reset-start]
2020-10-28T09:48:07.222+0000: [CMS-concurrent-reset: 0.003/0.003 secs] [Times: user=0.00 sys=0.00, real=0.01 secs] 
2020-10-28T09:48:07.238+0000: [GC (Allocation Failure) 2020-10-28T09:48:07.238+0000: [ParNew: 29276K->2380K(30016K), 0.0126950 secs] 101777K->75517K(150852K), 0.0127583 secs] [Times: user=0.03 sys=0.00, real=0.01 secs] 
2020-10-28T09:48:07.509+0000: [GC (Allocation Failure) 2020-10-28T09:48:07.509+0000: [ParNew: 29068K->2608K(30016K), 0.0060205 secs] 102205K->76311K(150852K), 0.0060680 secs] [Times: user=0.01 sys=0.00, real=0.01 secs] 
2020-10-28T09:48:07.650+0000: [GC (Allocation Failure) 2020-10-28T09:48:07.650+0000: [ParNew: 29296K->2044K(30016K), 0.0064645 secs] 102999K->77125K(150852K), 0.0065182 secs] [Times: user=0.01 sys=0.00, real=0.01 secs] 
2020-10-28T09:48:07.873+0000: [GC (Allocation Failure) 2020-10-28T09:48:07.873+0000: [ParNew: 28732K->2138K(30016K), 0.0038574 secs] 103813K->77219K(150852K), 0.0039202 secs] [Times: user=0.01 sys=0.00, real=0.01 secs] 
2020-10-28T09:48:07.998+0000: [GC (Allocation Failure) 2020-10-28T09:48:07.998+0000: [ParNew: 28826K->1828K(30016K), 0.0035289 secs] 103907K->77189K(150852K), 0.0035798 secs] [Times: user=0.01 sys=0.00, real=0.01 secs] 
2020-10-28T09:48:08.184+0000: [GC (Allocation Failure) 2020-10-28T09:48:08.184+0000: [ParNew: 28516K->1313K(30016K), 0.0027472 secs] 103877K->76674K(150852K), 0.0027974 secs] [Times: user=0.01 sys=0.00, real=0.00 secs] 
2020-10-28T09:48:08.293+0000: [GC (Allocation Failure) 2020-10-28T09:48:08.293+0000: [ParNew: 28001K->2011K(30016K), 0.0034958 secs] 103362K->77372K(150852K), 0.0035549 secs] [Times: user=0.01 sys=0.00, real=0.01 secs] 
2020-10-28T09:48:08.399+0000: [GC (Allocation Failure) 2020-10-28T09:48:08.399+0000: [ParNew: 28699K->1890K(30016K), 0.0039793 secs] 104060K->77680K(150852K), 0.0040365 secs] [Times: user=0.01 sys=0.00, real=0.01 secs] 
2020-10-28T09:48:08.490+0000: [GC (Allocation Failure) 2020-10-28T09:48:08.490+0000: [ParNew: 28578K->1612K(30016K), 0.0026542 secs] 104368K->77402K(150852K), 0.0027052 secs] [Times: user=0.01 sys=0.00, real=0.00 secs] 
2020-10-28T09:48:08.577+0000: [GC (Allocation Failure) 2020-10-28T09:48:08.577+0000: [ParNew: 28300K->2533K(30016K), 0.0028469 secs] 104090K->78323K(150852K), 0.0028970 secs] [Times: user=0.00 sys=0.00, real=0.00 secs] 
2020-10-28T09:48:08.667+0000: [GC (Allocation Failure) 2020-10-28T09:48:08.667+0000: [ParNew: 29221K->2053K(30016K), 0.0037208 secs] 105011K->78198K(150852K), 0.0037727 secs] [Times: user=0.01 sys=0.00, real=0.00 secs] 
2020-10-28T09:48:08.778+0000: [GC (Allocation Failure) 2020-10-28T09:48:08.778+0000: [ParNew: 28741K->1755K(30016K), 0.0026651 secs] 104886K->77901K(150852K), 0.0027163 secs] [Times: user=0.01 sys=0.00, real=0.00 secs] 
2020-10-28T09:48:08.889+0000: [GC (Allocation Failure) 2020-10-28T09:48:08.889+0000: [ParNew: 28443K->2023K(30016K), 0.0034663 secs] 104589K->78334K(150852K), 0.0035173 secs] [Times: user=0.01 sys=0.00, real=0.00 secs] 
2020-10-28T09:48:09.028+0000: [GC (Allocation Failure) 2020-10-28T09:48:09.028+0000: [ParNew: 28711K->1565K(30016K), 0.0030871 secs] 105022K->77933K(150852K), 0.0031381 secs] [Times: user=0.00 sys=0.00, real=0.00 secs] 
2020-10-28T09:48:09.209+0000: [GC (Allocation Failure) 2020-10-28T09:48:09.209+0000: [ParNew: 28253K->2423K(30016K), 0.0046100 secs] 104621K->78851K(150852K), 0.0046684 secs] [Times: user=0.00 sys=0.00, real=0.01 secs] 
2020-10-28T09:48:09.385+0000: [GC (Allocation Failure) 2020-10-28T09:48:09.385+0000: [ParNew: 29111K->2607K(30016K), 0.0062588 secs] 105539K->79609K(150852K), 0.0063133 secs] [Times: user=0.01 sys=0.00, real=0.00 secs] 
2020-10-28T09:48:09.658+0000: [GC (Allocation Failure) 2020-10-28T09:48:09.658+0000: [ParNew: 29295K->3328K(30016K), 0.0198008 secs] 106297K->81285K(150852K), 0.0198671 secs] [Times: user=0.02 sys=0.00, real=0.02 secs] 
2020-10-28T09:48:09.797+0000: [GC (Allocation Failure) 2020-10-28T09:48:09.797+0000: [ParNew: 20750K->2958K(30016K), 0.0222237 secs] 98707K->84409K(150852K), 0.0222800 secs] [Times: user=0.04 sys=0.00, real=0.02 secs] 
2020-10-28T09:48:09.959+0000: [GC (Allocation Failure) 2020-10-28T09:48:09.959+0000: [ParNew: 29646K->1291K(30016K), 0.0140069 secs] 111097K->99126K(150852K), 0.0140533 secs] [Times: user=0.01 sys=0.01, real=0.02 secs] 
2020-10-28T09:48:09.974+0000: [GC (CMS Initial Mark) [1 CMS-initial-mark: 97835K(120836K)] 99539K(150852K), 0.0025226 secs] [Times: user=0.00 sys=0.00, real=0.00 secs] 
2020-10-28T09:48:09.977+0000: [CMS-concurrent-mark-start]
2020-10-28T09:48:10.015+0000: [CMS-concurrent-mark: 0.036/0.038 secs] [Times: user=0.07 sys=0.00, real=0.04 secs] 
2020-10-28T09:48:10.015+0000: [CMS-concurrent-preclean-start]
2020-10-28T09:48:10.016+0000: [CMS-concurrent-preclean: 0.001/0.001 secs] [Times: user=0.00 sys=0.00, real=0.00 secs] 
2020-10-28T09:48:10.016+0000: [CMS-concurrent-abortable-preclean-start]
2020-10-28T09:48:10.109+0000: [GC (Allocation Failure) 2020-10-28T09:48:10.109+0000: [ParNew: 27979K->2634K(30016K), 0.0036314 secs] 125814K->100470K(150852K), 0.0036859 secs] [Times: user=0.01 sys=0.00, real=0.00 secs] 
2020-10-28T09:48:10.213+0000: [GC (Allocation Failure) 2020-10-28T09:48:10.213+0000: [ParNew: 29322K->1992K(30016K), 0.0049578 secs] 127158K->100503K(150852K), 0.0050060 secs] [Times: user=0.01 sys=0.00, real=0.00 secs] 
2020-10-28T09:48:10.334+0000: [GC (Allocation Failure) 2020-10-28T09:48:10.334+0000: [ParNew: 28680K->1976K(30016K), 0.0045105 secs] 127191K->100487K(150852K), 0.0045739 secs] [Times: user=0.01 sys=0.00, real=0.00 secs] 
2020-10-28T09:48:10.446+0000: [GC (Allocation Failure) 2020-10-28T09:48:10.446+0000: [ParNew2020-10-28T09:48:10.450+0000: [CMS-concurrent-abortable-preclean: 0.062/0.433 secs] [Times: user=0.74 sys=0.03, real=0.43 secs] 
: 28664K->1703K(30016K), 0.0042605 secs] 127175K->100694K(150852K), 0.0043245 secs] [Times: user=0.01 sys=0.00, real=0.00 secs] 
2020-10-28T09:48:10.451+0000: [GC (CMS Final Remark) [YG occupancy: 1703 K (30016 K)]2020-10-28T09:48:10.451+0000: [Rescan (parallel) , 0.0024536 secs]2020-10-28T09:48:10.453+0000: [weak refs processing, 0.0000400 secs]2020-10-28T09:48:10.453+0000: [class unloading, 0.0076811 secs]2020-10-28T09:48:10.461+0000: [scrub symbol table, 0.0077136 secs]2020-10-28T09:48:10.469+0000: [scrub string table, 0.0006366 secs][1 CMS-remark: 98991K(120836K)] 100694K(150852K), 0.0186444 secs] [Times: user=0.03 sys=0.00, real=0.02 secs] 
2020-10-28T09:48:10.477+0000: [CMS-concurrent-sweep-start]
2020-10-28T09:48:10.485+0000: [CMS-concurrent-sweep: 0.007/0.007 secs] [Times: user=0.01 sys=0.00, real=0.01 secs] 
2020-10-28T09:48:10.485+0000: [CMS-concurrent-reset-start]
2020-10-28T09:48:10.486+0000: [CMS-concurrent-reset: 0.002/0.002 secs] [Times: user=0.01 sys=0.00, real=0.00 secs] 
2020-10-28T09:48:10.623+0000: [GC (Allocation Failure) 2020-10-28T09:48:10.623+0000: [ParNew: 28391K->1900K(30016K), 0.0062734 secs] 126308K->99818K(193212K), 0.0063442 secs] [Times: user=0.02 sys=0.00, real=0.00 secs] 
2020-10-28T09:48:10.827+0000: [GC (Allocation Failure) 2020-10-28T09:48:10.827+0000: [ParNew: 28588K->2048K(30016K), 0.0045932 secs] 126506K->100297K(193212K), 0.0046459 secs] [Times: user=0.01 sys=0.00, real=0.00 secs] 
2020-10-28T09:48:10.965+0000: [GC (Allocation Failure) 2020-10-28T09:48:10.965+0000: [ParNew: 28736K->2540K(30016K), 0.0046023 secs] 126985K->101130K(193212K), 0.0046716 secs] [Times: user=0.01 sys=0.00, real=0.00 secs] 
2020-10-28T09:48:11.051+0000: [GC (Allocation Failure) 2020-10-28T09:48:11.051+0000: [ParNew: 29228K->2115K(30016K), 0.0045053 secs] 127818K->101312K(193212K), 0.0045580 secs] [Times: user=0.01 sys=0.00, real=0.01 secs] 
2020-10-28T09:48:11.347+0000: [GC (Allocation Failure) 2020-10-28T09:48:11.347+0000: [ParNew: 28803K->2827K(30016K), 0.0111172 secs] 128000K->102024K(193212K), 0.0111878 secs] [Times: user=0.02 sys=0.00, real=0.01 secs] 
2020-10-28T09:48:11.550+0000: [GC (Allocation Failure) 2020-10-28T09:48:11.550+0000: [ParNew: 29515K->2855K(30016K), 0.0139523 secs] 128712K->103891K(193212K), 0.0140203 secs] [Times: user=0.02 sys=0.00, real=0.02 secs] 
2020-10-28T09:48:11.693+0000: [GC (Allocation Failure) 2020-10-28T09:48:11.693+0000: [ParNew: 29543K->1816K(30016K), 0.0060104 secs] 130579K->104069K(193212K), 0.0060759 secs] [Times: user=0.01 sys=0.00, real=0.00 secs] 
2020-10-28T09:48:11.867+0000: [GC (Allocation Failure) 2020-10-28T09:48:11.867+0000: [ParNew: 28504K->1070K(30016K), 0.0029791 secs] 130757K->103323K(193212K), 0.0030581 secs] [Times: user=0.00 sys=0.00, real=0.00 secs] 
2020-10-28T09:48:12.011+0000: [GC (Allocation Failure) 2020-10-28T09:48:12.011+0000: [ParNew: 27758K->1159K(30016K), 0.0058206 secs] 130011K->103412K(193212K), 0.0059050 secs] [Times: user=0.01 sys=0.00, real=0.01 secs] 
2020-10-28T09:48:12.133+0000: [GC (Allocation Failure) 2020-10-28T09:48:12.133+0000: [ParNew: 27847K->1430K(30016K), 0.0035437 secs] 130100K->103683K(193212K), 0.0036069 secs] [Times: user=0.01 sys=0.00, real=0.01 secs] 
2020-10-28T09:48:12.368+0000: [GC (Allocation Failure) 2020-10-28T09:48:12.368+0000: [ParNew: 28118K->2721K(30016K), 0.0075213 secs] 130371K->104973K(193212K), 0.0075883 secs] [Times: user=0.02 sys=0.00, real=0.01 secs] 
2020-10-28T09:48:12.848+0000: [GC (Allocation Failure) 2020-10-28T09:48:12.848+0000: [ParNew: 29409K->2337K(30016K), 0.0075604 secs] 131661K->105979K(193212K), 0.0076284 secs] [Times: user=0.02 sys=0.00, real=0.01 secs] 
2020-10-28T09:48:13.162+0000: [GC (Allocation Failure) 2020-10-28T09:48:13.162+0000: [ParNew: 29025K->1245K(30016K), 0.0117826 secs] 132667K->113080K(193212K), 0.0118381 secs] [Times: user=0.01 sys=0.00, real=0.01 secs] 
2020-10-28T09:48:13.426+0000: [GC (Allocation Failure) 2020-10-28T09:48:13.426+0000: [ParNew: 27933K->1125K(30016K), 0.0057075 secs] 139768K->112960K(193212K), 0.0057626 secs] [Times: user=0.01 sys=0.00, real=0.00 secs] 
2020-10-28T09:48:13.598+0000: [GC (Allocation Failure) 2020-10-28T09:48:13.598+0000: [ParNew: 27813K->1516K(30016K), 0.0027381 secs] 139648K->113351K(193212K), 0.0027908 secs] [Times: user=0.01 sys=0.00, real=0.00 secs] 
2020-10-28T09:48:13.707+0000: [GC (Allocation Failure) 2020-10-28T09:48:13.708+0000: [ParNew: 28204K->3207K(30016K), 0.0030606 secs] 140039K->115042K(193212K), 0.0031425 secs] [Times: user=0.01 sys=0.00, real=0.00 secs] 
2020-10-28T09:48:13.801+0000: [GC (Allocation Failure) 2020-10-28T09:48:13.801+0000: [ParNew: 29895K->565K(30016K), 0.0039731 secs] 141730K->114240K(193212K), 0.0040259 secs] [Times: user=0.01 sys=0.00, real=0.01 secs] 
2020-10-28T09:48:13.877+0000: [GC (Allocation Failure) 2020-10-28T09:48:13.877+0000: [ParNew: 27253K->2119K(30016K), 0.0028706 secs] 140928K->115794K(193212K), 0.0029252 secs] [Times: user=0.01 sys=0.00, real=0.00 secs] 
2020-10-28T09:48:13.944+0000: [GC (Allocation Failure) 2020-10-28T09:48:13.944+0000: [ParNew: 28807K->37K(30016K), 0.0026658 secs] 142482K->115767K(193212K), 0.0027344 secs] [Times: user=0.00 sys=0.00, real=0.00 secs] 
2020-10-28T09:48:13.947+0000: [GC (CMS Initial Mark) [1 CMS-initial-mark: 115730K(163196K)] 115767K(193212K), 0.0010837 secs] [Times: user=0.01 sys=0.00, real=0.00 secs] 
2020-10-28T09:48:13.948+0000: [CMS-concurrent-mark-start]
2020-10-28T09:48:14.025+0000: [CMS-concurrent-mark: 0.077/0.077 secs] [Times: user=0.15 sys=0.00, real=0.08 secs] 
2020-10-28T09:48:14.025+0000: [GC (Allocation Failure) 2020-10-28T09:48:14.025+0000: [ParNew: 26725K->9K(30016K), 0.0014003 secs] 142455K->115740K(193212K), 0.0014447 secs] [Times: user=0.00 sys=0.00, real=0.00 secs] 
2020-10-28T09:48:14.027+0000: [CMS-concurrent-preclean-start]
2020-10-28T09:48:14.027+0000: [CMS-concurrent-preclean: 0.001/0.001 secs] [Times: user=0.00 sys=0.00, real=0.00 secs] 
2020-10-28T09:48:14.032+0000: [GC (CMS Final Remark) [YG occupancy: 543 K (30016 K)]2020-10-28T09:48:14.032+0000: [Rescan (parallel) , 0.0009214 secs]2020-10-28T09:48:14.033+0000: [weak refs processing, 0.0000653 secs]2020-10-28T09:48:14.033+0000: [class unloading, 0.0072998 secs]2020-10-28T09:48:14.041+0000: [scrub symbol table, 0.0086932 secs]2020-10-28T09:48:14.050+0000: [scrub string table, 0.0005464 secs][1 CMS-remark: 115730K(163196K)] 116273K(193212K), 0.0176759 secs] [Times: user=0.02 sys=0.00, real=0.02 secs] 
2020-10-28T09:48:14.050+0000: [CMS-concurrent-sweep-start]
2020-10-28T09:48:14.065+0000: [CMS-concurrent-sweep: 0.014/0.014 secs] [Times: user=0.02 sys=0.00, real=0.02 secs] 
2020-10-28T09:48:14.065+0000: [CMS-concurrent-reset-start]
2020-10-28T09:48:14.067+0000: [CMS-concurrent-reset: 0.002/0.002 secs] [Times: user=0.01 sys=0.00, real=0.00 secs] 
2020-10-28T09:48:14.097+0000: [GC (Allocation Failure) 2020-10-28T09:48:14.097+0000: [ParNew: 26697K->8K(30016K), 0.0017155 secs] 141031K->114341K(220576K), 0.0017693 secs] [Times: user=0.01 sys=0.00, real=0.00 secs] 
2020-10-28T09:48:14.129+0000: [GC (Allocation Failure) 2020-10-28T09:48:14.129+0000: [ParNew: 26696K->9K(30016K), 0.0120918 secs] 141029K->122534K(220576K), 0.0121469 secs] [Times: user=0.01 sys=0.00, real=0.02 secs] 
2020-10-28T09:48:14.184+0000: [GC (Allocation Failure) 2020-10-28T09:48:14.184+0000: [ParNew: 26697K->8K(30016K), 0.0015600 secs] 149222K->122533K(220576K), 0.0016153 secs] [Times: user=0.01 sys=0.00, real=0.00 secs] 
2020-10-28T09:48:14.215+0000: [GC (Allocation Failure) 2020-10-28T09:48:14.215+0000: [ParNew: 26696K->7K(30016K), 0.0038773 secs] 149221K->126628K(220576K), 0.0039311 secs] [Times: user=0.01 sys=0.00, real=0.00 secs] 
2020-10-28T09:48:14.259+0000: [GC (Allocation Failure) 2020-10-28T09:48:14.259+0000: [ParNew: 26695K->8K(30016K), 0.0015338 secs] 153316K->126630K(220576K), 0.0015866 secs] [Times: user=0.00 sys=0.00, real=0.00 secs] 
2020-10-28T09:48:14.317+0000: [GC (Allocation Failure) 2020-10-28T09:48:14.317+0000: [ParNew: 26696K->5K(30016K), 0.0031711 secs] 153318K->126629K(220576K), 0.0032241 secs] [Times: user=0.01 sys=0.00, real=0.00 secs] 
2020-10-28T09:48:14.362+0000: [GC (Allocation Failure) 2020-10-28T09:48:14.362+0000: [ParNew: 26693K->4K(30016K), 0.0015351 secs] 153317K->126629K(220576K), 0.0015878 secs] [Times: user=0.01 sys=0.00, real=0.00 secs] 
2020-10-28T09:48:14.392+0000: [GC (Allocation Failure) 2020-10-28T09:48:14.392+0000: [ParNew: 26692K->4K(30016K), 0.0016376 secs] 153317K->126630K(220576K), 0.0016911 secs] [Times: user=0.00 sys=0.00, real=0.01 secs] 
2020-10-28T09:48:14.422+0000: [GC (Allocation Failure) 2020-10-28T09:48:14.422+0000: [ParNew: 26692K->4K(30016K), 0.0015511 secs] 153318K->126630K(220576K), 0.0016029 secs] [Times: user=0.00 sys=0.00, real=0.00 secs] 
2020-10-28T09:48:14.446+0000: [GC (Allocation Failure) 2020-10-28T09:48:14.446+0000: [ParNew: 26692K->4K(30016K), 0.0068658 secs] 153318K->134822K(220576K), 0.0069199 secs] [Times: user=0.01 sys=0.01, real=0.00 secs] 
2020-10-28T09:48:14.456+0000: [GC (CMS Initial Mark) [1 CMS-initial-mark: 134818K(190560K)] 135356K(220576K), 0.0011987 secs] [Times: user=0.01 sys=0.00, real=0.00 secs] 
2020-10-28T09:48:14.458+0000: [CMS-concurrent-mark-start]
2020-10-28T09:48:14.504+0000: [CMS-concurrent-mark: 0.047/0.047 secs] [Times: user=0.09 sys=0.00, real=0.05 secs] 
2020-10-28T09:48:14.505+0000: [GC (Allocation Failure) 2020-10-28T09:48:14.505+0000: [ParNew: 26692K->4K(30016K), 0.0014557 secs] 161510K->134822K(220576K), 0.0014920 secs] [Times: user=0.00 sys=0.00, real=0.00 secs] 
2020-10-28T09:48:14.506+0000: [CMS-concurrent-preclean-start]
2020-10-28T09:48:14.507+0000: [CMS-concurrent-preclean: 0.001/0.001 secs] [Times: user=0.00 sys=0.00, real=0.00 secs] 
2020-10-28T09:48:14.507+0000: [GC (CMS Final Remark) [YG occupancy: 537 K (30016 K)]2020-10-28T09:48:14.507+0000: [Rescan (parallel) , 0.0010381 secs]2020-10-28T09:48:14.508+0000: [weak refs processing, 0.0000266 secs]2020-10-28T09:48:14.508+0000: [class unloading, 0.0071645 secs]2020-10-28T09:48:14.515+0000: [scrub symbol table, 0.0086124 secs]2020-10-28T09:48:14.524+0000: [scrub string table, 0.0005429 secs][1 CMS-remark: 134818K(190560K)] 135356K(220576K), 0.0175151 secs] [Times: user=0.02 sys=0.00, real=0.02 secs] 
2020-10-28T09:48:14.525+0000: [CMS-concurrent-sweep-start]
2020-10-28T09:48:14.536+0000: [CMS-concurrent-sweep: 0.011/0.011 secs] [Times: user=0.02 sys=0.00, real=0.01 secs] 
2020-10-28T09:48:14.536+0000: [CMS-concurrent-reset-start]
2020-10-28T09:48:14.538+0000: [CMS-concurrent-reset: 0.002/0.002 secs] [Times: user=0.01 sys=0.00, real=0.00 secs] 
2020-10-28T09:48:14.557+0000: [GC (Allocation Failure) 2020-10-28T09:48:14.557+0000: [ParNew: 26692K->4K(30016K), 0.0016349 secs] 159400K->132712K(251200K), 0.0016853 secs] [Times: user=0.00 sys=0.00, real=0.00 secs] 
2020-10-28T09:48:14.592+0000: [GC (Allocation Failure) 2020-10-28T09:48:14.592+0000: [ParNew: 26692K->4K(30016K), 0.0016313 secs] 159400K->132712K(251200K), 0.0016934 secs] [Times: user=0.00 sys=0.00, real=0.01 secs] 
2020-10-28T09:48:14.616+0000: [GC (Allocation Failure) 2020-10-28T09:48:14.616+0000: [ParNew: 26692K->4K(30016K), 0.0073900 secs] 159400K->140904K(251200K), 0.0074453 secs] [Times: user=0.01 sys=0.00, real=0.01 secs] 
2020-10-28T09:48:14.652+0000: [GC (Allocation Failure) 2020-10-28T09:48:14.652+0000: [ParNew: 26692K->8K(30016K), 0.0016530 secs] 167592K->140908K(251200K), 0.0017055 secs] [Times: user=0.01 sys=0.00, real=0.01 secs] 
2020-10-28T09:48:14.683+0000: [GC (Allocation Failure) 2020-10-28T09:48:14.683+0000: [ParNew: 26696K->8K(30016K), 0.0016477 secs] 167596K->140908K(251200K), 0.0017089 secs] [Times: user=0.01 sys=0.00, real=0.00 secs] 
2020-10-28T09:48:14.712+0000: [GC (Allocation Failure) 2020-10-28T09:48:14.712+0000: [ParNew: 26696K->9K(30016K), 0.0016898 secs] 167596K->140910K(251200K), 0.0017423 secs] [Times: user=0.01 sys=0.00, real=0.01 secs] 
2020-10-28T09:48:14.743+0000: [GC (Allocation Failure) 2020-10-28T09:48:14.743+0000: [ParNew: 26697K->8K(30016K), 0.0015928 secs] 167598K->140909K(251200K), 0.0016461 secs] [Times: user=0.00 sys=0.00, real=0.00 secs] 
2020-10-28T09:48:14.765+0000: [GC (Allocation Failure) 2020-10-28T09:48:14.765+0000: [ParNew: 26696K->9K(30016K), 0.0072313 secs] 167597K->149101K(251200K), 0.0072847 secs] [Times: user=0.01 sys=0.00, real=0.00 secs] 
2020-10-28T09:48:14.807+0000: [GC (Allocation Failure) 2020-10-28T09:48:14.807+0000: [ParNew: 26697K->9K(30016K), 0.0015931 secs] 175789K->149102K(251200K), 0.0016452 secs] [Times: user=0.01 sys=0.00, real=0.00 secs] 
2020-10-28T09:48:14.837+0000: [GC (Allocation Failure) 2020-10-28T09:48:14.837+0000: [ParNew: 26697K->6K(30016K), 0.0016077 secs] 175790K->149103K(251200K), 0.0016601 secs] [Times: user=0.00 sys=0.00, real=0.00 secs] 
2020-10-28T09:48:14.867+0000: [GC (Allocation Failure) 2020-10-28T09:48:14.867+0000: [ParNew: 26694K->6K(30016K), 0.0016085 secs] 175791K->149103K(251200K), 0.0016599 secs] [Times: user=0.00 sys=0.00, real=0.00 secs] 
2020-10-28T09:48:14.899+0000: [GC (Allocation Failure) 2020-10-28T09:48:14.899+0000: [ParNew: 26694K->4K(30016K), 0.0016142 secs] 175791K->149101K(251200K), 0.0016669 secs] [Times: user=0.00 sys=0.00, real=0.00 secs] 
2020-10-28T09:48:14.928+0000: [GC (Allocation Failure) 2020-10-28T09:48:14.928+0000: [ParNew: 26692K->4K(30016K), 0.0016331 secs] 175789K->149102K(251200K), 0.0016999 secs] [Times: user=0.01 sys=0.00, real=0.00 secs] 
2020-10-28T09:48:14.958+0000: [GC (Allocation Failure) 2020-10-28T09:48:14.958+0000: [ParNew: 26692K->4K(30016K), 0.0015861 secs] 175790K->149102K(251200K), 0.0016374 secs] [Times: user=0.00 sys=0.00, real=0.00 secs] 
2020-10-28T09:48:14.990+0000: [GC (Allocation Failure) 2020-10-28T09:48:14.990+0000: [ParNew: 26692K->4K(30016K), 0.0016304 secs] 175790K->149102K(251200K), 0.0016839 secs] [Times: user=0.00 sys=0.00, real=0.00 secs] 
2020-10-28T09:48:15.015+0000: [GC (Allocation Failure) 2020-10-28T09:48:15.015+0000: [ParNew: 26692K->4K(30016K), 0.0069316 secs] 175790K->157294K(251200K), 0.0069855 secs] [Times: user=0.00 sys=0.01, real=0.01 secs] 
2020-10-28T09:48:15.025+0000: [GC (CMS Initial Mark) [1 CMS-initial-mark: 157290K(221184K)] 157828K(251200K), 0.0011344 secs] [Times: user=0.00 sys=0.00, real=0.00 secs] 
2020-10-28T09:48:15.026+0000: [CMS-concurrent-mark-start]
2020-10-28T09:48:15.073+0000: [CMS-concurrent-mark: 0.047/0.047 secs] [Times: user=0.09 sys=0.00, real=0.04 secs] 
2020-10-28T09:48:15.073+0000: [GC (Allocation Failure) 2020-10-28T09:48:15.073+0000: [ParNew: 26692K->4K(30016K), 0.0015098 secs] 183982K->157294K(251200K), 0.0015469 secs] [Times: user=0.00 sys=0.00, real=0.01 secs] 
2020-10-28T09:48:15.075+0000: [CMS-concurrent-preclean-start]
2020-10-28T09:48:15.075+0000: [CMS-concurrent-preclean: 0.001/0.001 secs] [Times: user=0.00 sys=0.00, real=0.00 secs] 
2020-10-28T09:48:15.077+0000: [GC (CMS Final Remark) [YG occupancy: 1071 K (30016 K)]2020-10-28T09:48:15.077+0000: [Rescan (parallel) , 0.0011823 secs]2020-10-28T09:48:15.078+0000: [weak refs processing, 0.0000248 secs]2020-10-28T09:48:15.078+0000: [class unloading, 0.0071897 secs]2020-10-28T09:48:15.086+0000: [scrub symbol table, 0.0085885 secs]2020-10-28T09:48:15.094+0000: [scrub string table, 0.0005479 secs][1 CMS-remark: 157290K(221184K)] 158362K(251200K), 0.0176419 secs] [Times: user=0.02 sys=0.00, real=0.02 secs] 
2020-10-28T09:48:15.097+0000: [CMS-concurrent-sweep-start]
2020-10-28T09:48:15.109+0000: [CMS-concurrent-sweep: 0.012/0.012 secs] [Times: user=0.02 sys=0.00, real=0.01 secs] 
2020-10-28T09:48:15.109+0000: [CMS-concurrent-reset-start]
2020-10-28T09:48:15.111+0000: [CMS-concurrent-reset: 0.002/0.002 secs] [Times: user=0.01 sys=0.00, real=0.00 secs] 
2020-10-28T09:48:15.128+0000: [GC (Allocation Failure) 2020-10-28T09:48:15.128+0000: [ParNew: 26692K->4K(30016K), 0.0016703 secs] 179886K->153198K(285340K), 0.0017240 secs] [Times: user=0.00 sys=0.00, real=0.00 secs] 
2020-10-28T09:48:15.157+0000: [GC (Allocation Failure) 2020-10-28T09:48:15.157+0000: [ParNew: 26692K->4K(30016K), 0.0016560 secs] 179886K->153198K(285340K), 0.0017080 secs] [Times: user=0.00 sys=0.00, real=0.00 secs] 
2020-10-28T09:48:15.187+0000: [GC (Allocation Failure) 2020-10-28T09:48:15.187+0000: [ParNew: 26692K->4K(30016K), 0.0016635 secs] 179886K->153198K(285340K), 0.0017171 secs] [Times: user=0.00 sys=0.00, real=0.00 secs] 
2020-10-28T09:48:15.218+0000: [GC (Allocation Failure) 2020-10-28T09:48:15.218+0000: [ParNew: 26692K->4K(30016K), 0.0016748 secs] 179886K->153198K(285340K), 0.0017358 secs] [Times: user=0.01 sys=0.00, real=0.00 secs] 
2020-10-28T09:48:15.247+0000: [GC (Allocation Failure) 2020-10-28T09:48:15.247+0000: [ParNew: 26692K->4K(30016K), 0.0016604 secs] 179886K->153198K(285340K), 0.0017147 secs] [Times: user=0.00 sys=0.00, real=0.00 secs] 
2020-10-28T09:48:15.268+0000: [GC (Allocation Failure) 2020-10-28T09:48:15.268+0000: [ParNew: 14949K->2K(30016K), 0.0033314 secs] 168143K->153196K(285340K), 0.0033804 secs] [Times: user=0.01 sys=0.00, real=0.00 secs] 
2020-10-28T09:48:15.285+0000: [GC (Allocation Failure) 2020-10-28T09:48:15.285+0000: [ParNew: 26690K->4K(30016K), 0.0132921 secs] 179884K->169582K(285340K), 0.0133471 secs] [Times: user=0.02 sys=0.01, real=0.01 secs] 
2020-10-28T09:48:15.326+0000: [GC (Allocation Failure) 2020-10-28T09:48:15.326+0000: [ParNew: 26692K->4K(30016K), 0.0017363 secs] 196270K->169582K(285340K), 0.0017875 secs] [Times: user=0.00 sys=0.00, real=0.00 secs] 
2020-10-28T09:48:15.357+0000: [GC (Allocation Failure) 2020-10-28T09:48:15.357+0000: [ParNew: 26692K->6K(30016K), 0.0016885 secs] 196270K->169584K(285340K), 0.0017403 secs] [Times: user=0.01 sys=0.00, real=0.00 secs] 
2020-10-28T09:48:15.406+0000: [GC (Allocation Failure) 2020-10-28T09:48:15.406+0000: [ParNew: 26694K->10K(30016K), 0.0016509 secs] 196272K->169588K(285340K), 0.0017171 secs] [Times: user=0.00 sys=0.00, real=0.00 secs] 
2020-10-28T09:48:15.439+0000: [GC (Allocation Failure) 2020-10-28T09:48:15.439+0000: [ParNew: 26698K->11K(30016K), 0.0016436 secs] 196276K->169590K(285340K), 0.0016966 secs] [Times: user=0.00 sys=0.00, real=0.00 secs] 
2020-10-28T09:48:15.468+0000: [GC (Allocation Failure) 2020-10-28T09:48:15.468+0000: [ParNew: 26699K->10K(30016K), 0.0016964 secs] 196278K->169589K(285340K), 0.0017607 secs] [Times: user=0.01 sys=0.00, real=0.00 secs] 
2020-10-28T09:48:15.498+0000: [GC (Allocation Failure) 2020-10-28T09:48:15.498+0000: [ParNew: 26698K->10K(30016K), 0.0016580 secs] 196277K->169589K(285340K), 0.0017247 secs] [Times: user=0.00 sys=0.00, real=0.00 secs] 
2020-10-28T09:48:15.529+0000: [GC (Allocation Failure) 2020-10-28T09:48:15.529+0000: [ParNew: 26698K->10K(30016K), 0.0016571 secs] 196277K->169589K(285340K), 0.0017024 secs] [Times: user=0.00 sys=0.00, real=0.00 secs] 
2020-10-28T09:48:15.560+0000: [GC (Allocation Failure) 2020-10-28T09:48:15.560+0000: [ParNew: 26698K->10K(30016K), 0.0016703 secs] 196277K->169591K(285340K), 0.0017226 secs] [Times: user=0.00 sys=0.00, real=0.01 secs] 
2020-10-28T09:48:15.589+0000: [GC (Allocation Failure) 2020-10-28T09:48:15.589+0000: [ParNew: 26698K->4K(30016K), 0.0032055 secs] 196279K->169588K(285340K), 0.0032578 secs] [Times: user=0.00 sys=0.00, real=0.00 secs] 
2020-10-28T09:48:15.613+0000: [GC (Allocation Failure) 2020-10-28T09:48:15.613+0000: [ParNew: 26692K->4K(30016K), 0.0073868 secs] 196276K->177781K(285340K), 0.0074397 secs] [Times: user=0.01 sys=0.00, real=0.01 secs] 
2020-10-28T09:48:15.651+0000: [GC (Allocation Failure) 2020-10-28T09:48:15.651+0000: [ParNew: 26692K->4K(30016K), 0.0017046 secs] 204469K->177781K(285340K), 0.0017597 secs] [Times: user=0.00 sys=0.00, real=0.00 secs] 
2020-10-28T09:48:15.681+0000: [GC (Allocation Failure) 2020-10-28T09:48:15.681+0000: [ParNew: 26692K->4K(30016K), 0.0016895 secs] 204469K->177781K(285340K), 0.0017634 secs] [Times: user=0.01 sys=0.00, real=0.01 secs] 
2020-10-28T09:48:15.719+0000: [GC (Allocation Failure) 2020-10-28T09:48:15.719+0000: [ParNew: 26692K->4K(30016K), 0.0017002 secs] 204469K->177781K(285340K), 0.0017570 secs] [Times: user=0.01 sys=0.00, real=0.00 secs] 
2020-10-28T09:48:15.748+0000: [GC (Allocation Failure) 2020-10-28T09:48:15.748+0000: [ParNew: 26692K->4K(30016K), 0.0016898 secs] 204469K->177781K(285340K), 0.0017402 secs] [Times: user=0.01 sys=0.00, real=0.00 secs] 
2020-10-28T09:48:15.777+0000: [GC (Allocation Failure) 2020-10-28T09:48:15.777+0000: [ParNew: 26692K->4K(30016K), 0.0016689 secs] 204469K->177781K(285340K), 0.0017195 secs] [Times: user=0.01 sys=0.00, real=0.00 secs] 
2020-10-28T09:48:15.806+0000: [GC (Allocation Failure) 2020-10-28T09:48:15.806+0000: [ParNew: 26692K->4K(30016K), 0.0016456 secs] 204469K->177781K(285340K), 0.0016969 secs] [Times: user=0.01 sys=0.00, real=0.00 secs] 
2020-10-28T09:48:15.842+0000: [GC (Allocation Failure) 2020-10-28T09:48:15.842+0000: [ParNew: 26692K->4K(30016K), 0.0016549 secs] 204469K->177781K(285340K), 0.0017041 secs] [Times: user=0.01 sys=0.00, real=0.00 secs] 
2020-10-28T09:48:15.864+0000: [GC (Allocation Failure) 2020-10-28T09:48:15.864+0000: [ParNew: 26692K->4K(30016K), 0.0140751 secs] 204469K->185973K(285340K), 0.0141307 secs] [Times: user=0.01 sys=0.00, real=0.01 secs] 
2020-10-28T09:48:15.881+0000: [GC (CMS Initial Mark) [1 CMS-initial-mark: 185969K(255324K)] 188107K(285340K), 0.0025236 secs] [Times: user=0.01 sys=0.00, real=0.01 secs] 
2020-10-28T09:48:15.883+0000: [CMS-concurrent-mark-start]
2020-10-28T09:48:15.926+0000: [CMS-concurrent-mark: 0.043/0.043 secs] [Times: user=0.08 sys=0.00, real=0.04 secs] 
2020-10-28T09:48:15.926+0000: [GC (Allocation Failure) 2020-10-28T09:48:15.926+0000: [ParNew: 26692K->4K(30016K), 0.0015585 secs] 212661K->185973K(285340K), 0.0015947 secs] [Times: user=0.01 sys=0.00, real=0.00 secs] 
2020-10-28T09:48:15.928+0000: [CMS-concurrent-preclean-start]
2020-10-28T09:48:15.929+0000: [CMS-concurrent-preclean: 0.001/0.001 secs] [Times: user=0.00 sys=0.00, real=0.00 secs] 
2020-10-28T09:48:15.933+0000: [GC (CMS Final Remark) [YG occupancy: 1071 K (30016 K)]2020-10-28T09:48:15.933+0000: [Rescan (parallel) , 0.0012300 secs]2020-10-28T09:48:15.934+0000: [weak refs processing, 0.0000248 secs]2020-10-28T09:48:15.934+0000: [class unloading, 0.0071128 secs]2020-10-28T09:48:15.941+0000: [scrub symbol table, 0.0085189 secs]2020-10-28T09:48:15.950+0000: [scrub string table, 0.0005340 secs][1 CMS-remark: 185969K(255324K)] 187040K(285340K), 0.0175177 secs] [Times: user=0.02 sys=0.00, real=0.02 secs] 
2020-10-28T09:48:15.951+0000: [CMS-concurrent-sweep-start]
2020-10-28T09:48:15.962+0000: [CMS-concurrent-sweep: 0.011/0.011 secs] [Times: user=0.02 sys=0.00, real=0.02 secs] 
2020-10-28T09:48:15.962+0000: [CMS-concurrent-reset-start]
2020-10-28T09:48:15.964+0000: [CMS-concurrent-reset: 0.002/0.002 secs] [Times: user=0.00 sys=0.00, real=0.00 secs] 
2020-10-28T09:48:15.983+0000: [GC (Allocation Failure) 2020-10-28T09:48:15.983+0000: [ParNew: 26692K->4K(30016K), 0.0017775 secs] 212660K->185972K(339968K), 0.0018260 secs] [Times: user=0.01 sys=0.00, real=0.00 secs] 
2020-10-28T09:48:16.012+0000: [GC (Allocation Failure) 2020-10-28T09:48:16.012+0000: [ParNew: 26692K->4K(30016K), 0.0018423 secs] 212660K->185972K(339968K), 0.0018959 secs] [Times: user=0.01 sys=0.00, real=0.01 secs] 
2020-10-28T09:48:16.041+0000: [GC (Allocation Failure) 2020-10-28T09:48:16.041+0000: [ParNew: 26692K->4K(30016K), 0.0017711 secs] 212660K->185972K(339968K), 0.0018235 secs] [Times: user=0.01 sys=0.00, real=0.01 secs] 
2020-10-28T09:48:16.070+0000: [GC (Allocation Failure) 2020-10-28T09:48:16.070+0000: [ParNew: 26692K->4K(30016K), 0.0017703 secs] 212660K->185972K(339968K), 0.0018233 secs] [Times: user=0.01 sys=0.00, real=0.00 secs] 
2020-10-28T09:48:16.100+0000: [GC (Allocation Failure) 2020-10-28T09:48:16.100+0000: [ParNew: 26692K->4K(30016K), 0.0017683 secs] 212660K->185972K(339968K), 0.0018211 secs] [Times: user=0.00 sys=0.00, real=0.01 secs] 
2020-10-28T09:48:16.130+0000: [GC (Allocation Failure) 2020-10-28T09:48:16.130+0000: [ParNew: 26691K->4K(30016K), 0.0017788 secs] 212660K->185972K(339968K), 0.0018335 secs] [Times: user=0.00 sys=0.00, real=0.00 secs] 
2020-10-28T09:48:16.153+0000: [GC (Allocation Failure) 2020-10-28T09:48:16.153+0000: [ParNew: 20690K->4K(30016K), 0.0017782 secs] 206659K->185972K(339968K), 0.0018303 secs] [Times: user=0.01 sys=0.00, real=0.01 secs] 
2020-10-28T09:48:16.175+0000: [GC (Allocation Failure) 2020-10-28T09:48:16.175+0000: [ParNew: 26692K->4K(30016K), 0.0071580 secs] 212660K->194164K(339968K), 0.0072097 secs] [Times: user=0.01 sys=0.00, real=0.01 secs] 
2020-10-28T09:48:16.210+0000: [GC (Allocation Failure) 2020-10-28T09:48:16.210+0000: [ParNew: 26692K->4K(30016K), 0.0017991 secs] 220852K->194164K(339968K), 0.0018450 secs] [Times: user=0.00 sys=0.00, real=0.00 secs] 
2020-10-28T09:48:16.240+0000: [GC (Allocation Failure) 2020-10-28T09:48:16.240+0000: [ParNew: 26692K->4K(30016K), 0.0017618 secs] 220852K->194164K(339968K), 0.0018148 secs] [Times: user=0.01 sys=0.00, real=0.01 secs] 
2020-10-28T09:48:16.280+0000: [GC (Allocation Failure) 2020-10-28T09:48:16.280+0000: [ParNew: 26692K->4K(30016K), 0.0017537 secs] 220852K->194164K(339968K), 0.0018274 secs] [Times: user=0.00 sys=0.00, real=0.01 secs] 
2020-10-28T09:48:16.329+0000: [GC (Allocation Failure) 2020-10-28T09:48:16.329+0000: [ParNew: 26692K->4K(30016K), 0.0017834 secs] 220852K->194164K(339968K), 0.0018465 secs] [Times: user=0.01 sys=0.00, real=0.00 secs] 
2020-10-28T09:48:16.358+0000: [GC (Allocation Failure) 2020-10-28T09:48:16.358+0000: [ParNew: 26692K->4K(30016K), 0.0017444 secs] 220852K->194164K(339968K), 0.0017963 secs] [Times: user=0.00 sys=0.00, real=0.00 secs] 
2020-10-28T09:48:16.387+0000: [GC (Allocation Failure) 2020-10-28T09:48:16.387+0000: [ParNew: 26692K->4K(30016K), 0.0017470 secs] 220852K->194165K(339968K), 0.0017989 secs] [Times: user=0.00 sys=0.00, real=0.00 secs] 
2020-10-28T09:48:16.416+0000: [GC (Allocation Failure) 2020-10-28T09:48:16.416+0000: [ParNew: 26692K->4K(30016K), 0.0017933 secs] 220853K->194165K(339968K), 0.0018469 secs] [Times: user=0.01 sys=0.00, real=0.00 secs] 
2020-10-28T09:48:16.438+0000: [GC (Allocation Failure) 2020-10-28T09:48:16.438+0000: [ParNew: 26692K->4K(30016K), 0.0074217 secs] 220853K->202357K(339968K), 0.0074845 secs] [Times: user=0.01 sys=0.01, real=0.01 secs] 
2020-10-28T09:48:16.473+0000: [GC (Allocation Failure) 2020-10-28T09:48:16.473+0000: [ParNew: 26692K->4K(30016K), 0.0017853 secs] 229045K->202357K(339968K), 0.0018455 secs] [Times: user=0.00 sys=0.00, real=0.01 secs] 
2020-10-28T09:48:16.502+0000: [GC (Allocation Failure) 2020-10-28T09:48:16.502+0000: [ParNew: 26692K->4K(30016K), 0.0017498 secs] 229045K->202357K(339968K), 0.0018006 secs] [Times: user=0.00 sys=0.00, real=0.00 secs] 
2020-10-28T09:48:16.531+0000: [GC (Allocation Failure) 2020-10-28T09:48:16.531+0000: [ParNew: 26692K->4K(30016K), 0.0017625 secs] 229045K->202357K(339968K), 0.0018147 secs] [Times: user=0.00 sys=0.00, real=0.00 secs] 
2020-10-28T09:48:16.561+0000: [GC (Allocation Failure) 2020-10-28T09:48:16.561+0000: [ParNew: 26692K->4K(30016K), 0.0017813 secs] 229045K->202357K(339968K), 0.0018338 secs] [Times: user=0.00 sys=0.00, real=0.01 secs] 
2020-10-28T09:48:16.614+0000: [GC (Allocation Failure) 2020-10-28T09:48:16.614+0000: [ParNew: 26692K->4K(30016K), 0.0017306 secs] 261813K->235125K(339968K), 0.0017824 secs] [Times: user=0.01 sys=0.00, real=0.00 secs] 
2020-10-28T09:48:16.617+0000: [GC (CMS Initial Mark) [1 CMS-initial-mark: 235121K(309952K)] 235659K(339968K), 0.0010737 secs] [Times: user=0.00 sys=0.00, real=0.00 secs] 
2020-10-28T09:48:16.618+0000: [CMS-concurrent-mark-start]
2020-10-28T09:48:16.660+0000: [CMS-concurrent-mark: 0.042/0.042 secs] [Times: user=0.08 sys=0.00, real=0.04 secs] 
2020-10-28T09:48:16.660+0000: [CMS-concurrent-preclean-start]
2020-10-28T09:48:16.662+0000: [CMS-concurrent-preclean: 0.002/0.002 secs] [Times: user=0.00 sys=0.00, real=0.01 secs] 
2020-10-28T09:48:16.662+0000: [CMS-concurrent-abortable-preclean-start]
2020-10-28T09:48:16.667+0000: [GC (Allocation Failure) 2020-10-28T09:48:16.667+0000: [ParNew: 26692K->4K(30016K), 0.0013876 secs] 261813K->235125K(339968K), 0.0014242 secs] [Times: user=0.00 sys=0.00, real=0.00 secs] 
2020-10-28T09:48:16.696+0000: [GC (Allocation Failure) 2020-10-28T09:48:16.696+0000: [ParNew: 26692K->4K(30016K), 0.0017482 secs] 261813K->235125K(339968K), 0.0018014 secs] [Times: user=0.00 sys=0.00, real=0.00 secs] 
2020-10-28T09:48:16.717+0000: [GC (Allocation Failure) 2020-10-28T09:48:16.717+0000: [ParNew: 18682K->4K(30016K), 0.0014987 secs] 253804K->235125K(339968K), 0.0015464 secs] [Times: user=0.01 sys=0.00, real=0.00 secs] 
2020-10-28T09:48:16.739+0000: [GC (Allocation Failure) 2020-10-28T09:48:16.739+0000: [ParNew: 26692K->4K(30016K), 0.0073061 secs] 261813K->243317K(339968K), 0.0073588 secs] [Times: user=0.01 sys=0.00, real=0.01 secs] 
2020-10-28T09:48:16.774+0000: [GC (Allocation Failure) 2020-10-28T09:48:16.774+0000: [ParNew: 26692K->4K(30016K), 0.0017434 secs] 270005K->243317K(339968K), 0.0017953 secs] [Times: user=0.01 sys=0.00, real=0.00 secs] 
2020-10-28T09:48:16.804+0000: [GC (Allocation Failure) 2020-10-28T09:48:16.804+0000: [ParNew: 26692K->4K(30016K), 0.0017579 secs] 270005K->243317K(339968K), 0.0018105 secs] [Times: user=0.01 sys=0.00, real=0.00 secs] 
2020-10-28T09:48:16.851+0000: [GC (Allocation Failure) 2020-10-28T09:48:16.851+0000: [ParNew: 26692K->2K(30016K), 0.0035713 secs] 270005K->243315K(339968K), 0.0036239 secs] [Times: user=0.01 sys=0.00, real=0.01 secs] 
2020-10-28T09:48:16.888+0000: [GC (Allocation Failure) 2020-10-28T09:48:16.888+0000: [ParNew: 26690K->4K(30016K), 0.0017641 secs] 270003K->243317K(339968K), 0.0018169 secs] [Times: user=0.00 sys=0.00, real=0.00 secs] 
2020-10-28T09:48:16.923+0000: [GC (Allocation Failure) 2020-10-28T09:48:16.923+0000: [ParNew: 26692K->8K(30016K), 0.0017635 secs] 270005K->243321K(339968K), 0.0018182 secs] [Times: user=0.00 sys=0.00, real=0.00 secs] 
2020-10-28T09:48:16.951+0000: [GC (Allocation Failure) 2020-10-28T09:48:16.951+0000: [ParNew: 26696K->8K(30016K), 0.0017486 secs] 270009K->243321K(339968K), 0.0018014 secs] [Times: user=0.00 sys=0.00, real=0.00 secs] 
2020-10-28T09:48:16.991+0000: [GC (Allocation Failure) 2020-10-28T09:48:16.991+0000: [ParNew: 26696K->8K(30016K), 0.0017420 secs] 270009K->243321K(339968K), 0.0017942 secs] [Times: user=0.00 sys=0.00, real=0.00 secs] 
2020-10-28T09:48:17.012+0000: [GC (Allocation Failure) 2020-10-28T09:48:17.012+0000: [ParNew: 26696K->9K(30016K), 0.0073775 secs] 270009K->251514K(339968K), 0.0074280 secs] [Times: user=0.01 sys=0.01, real=0.01 secs] 
2020-10-28T09:48:17.045+0000: [GC (Allocation Failure) 2020-10-28T09:48:17.045+0000: [ParNew: 26697K->8K(30016K), 0.0017415 secs] 278202K->251513K(339968K), 0.0017905 secs] [Times: user=0.01 sys=0.00, real=0.00 secs] 
2020-10-28T09:48:17.462+0000: [CMS-concurrent-abortable-preclean: 0.019/0.800 secs] [Times: user=1.32 sys=0.02, real=0.80 secs] 
2020-10-28T09:48:17.465+0000: [GC (CMS Final Remark) [YG occupancy: 16568 K (30016 K)]2020-10-28T09:48:17.465+0000: [Rescan (parallel) , 0.0130678 secs]2020-10-28T09:48:17.478+0000: [weak refs processing, 0.0000334 secs]2020-10-28T09:48:17.478+0000: [class unloading, 0.0073188 secs]2020-10-28T09:48:17.486+0000: [scrub symbol table, 0.0085328 secs]2020-10-28T09:48:17.494+0000: [scrub string table, 0.0005477 secs][1 CMS-remark: 251505K(309952K)] 268074K(339968K), 0.0296317 secs] [Times: user=0.04 sys=0.00, real=0.03 secs] 
2020-10-28T09:48:17.501+0000: [CMS-concurrent-sweep-start]
2020-10-28T09:48:17.512+0000: [CMS-concurrent-sweep: 0.011/0.011 secs] [Times: user=0.02 sys=0.00, real=0.00 secs] 
2020-10-28T09:48:17.512+0000: [CMS-concurrent-reset-start]
2020-10-28T09:48:17.522+0000: [CMS-concurrent-reset: 0.010/0.010 secs] [Times: user=0.01 sys=0.00, real=0.02 secs] 
2020-10-28T09:48:17.738+0000: [GC (Allocation Failure) 2020-10-28T09:48:17.738+0000: [ParNew: 26696K->83K(30016K), 0.0034648 secs] 278168K->251555K(449140K), 0.0035177 secs] [Times: user=0.01 sys=0.00, real=0.01 secs] 
2020-10-28T09:48:18.002+0000: [GC (Allocation Failure) 2020-10-28T09:48:18.002+0000: [ParNew: 26771K->181K(30016K), 0.0022788 secs] 278243K->251657K(449140K), 0.0023603 secs] [Times: user=0.00 sys=0.00, real=0.00 secs] 
2020-10-28T09:48:18.097+0000: [GC (Allocation Failure) 2020-10-28T09:48:18.097+0000: [ParNew: 26869K->56K(30016K), 0.0022210 secs] 278345K->251532K(449140K), 0.0022752 secs] [Times: user=0.01 sys=0.00, real=0.00 secs] 
2020-10-28T09:48:18.176+0000: [GC (Allocation Failure) 2020-10-28T09:48:18.176+0000: [ParNew: 26744K->62K(30016K), 0.0041074 secs] 278220K->251538K(449140K), 0.0041633 secs] [Times: user=0.01 sys=0.00, real=0.00 secs] 
2020-10-28T09:48:18.251+0000: [GC (Allocation Failure) 2020-10-28T09:48:18.251+0000: [ParNew: 26750K->59K(30016K), 0.0022370 secs] 278226K->251536K(449140K), 0.0022933 secs] [Times: user=0.00 sys=0.00, real=0.01 secs] 
2020-10-28T09:48:18.323+0000: [GC (Allocation Failure) 2020-10-28T09:48:18.323+0000: [ParNew: 26747K->63K(30016K), 0.0022059 secs] 278224K->251540K(449140K), 0.0022801 secs] [Times: user=0.01 sys=0.00, real=0.00 secs] 
2020-10-28T09:48:18.381+0000: [GC (Allocation Failure) 2020-10-28T09:48:18.381+0000: [ParNew: 26751K->43K(30016K), 0.0022765 secs] 278228K->251534K(449140K), 0.0023332 secs] [Times: user=0.00 sys=0.00, real=0.01 secs] 
2020-10-28T09:48:18.418+0000: [GC (Allocation Failure) 2020-10-28T09:48:18.418+0000: [ParNew: 26731K->33K(30016K), 0.0022177 secs] 278222K->251554K(449140K), 0.0022756 secs] [Times: user=0.01 sys=0.00, real=0.00 secs] 
2020-10-28T09:48:18.452+0000: [GC (Allocation Failure) 2020-10-28T09:48:18.452+0000: [ParNew: 26721K->8K(30016K), 0.0020343 secs] 278242K->251529K(449140K), 0.0020888 secs] [Times: user=0.00 sys=0.00, real=0.01 secs] 
2020-10-28T09:48:18.485+0000: [GC (Allocation Failure) 2020-10-28T09:48:18.485+0000: [ParNew: 26696K->4K(30016K), 0.0020127 secs] 278217K->251524K(449140K), 0.0020659 secs] [Times: user=0.01 sys=0.00, real=0.00 secs] 
2020-10-28T09:48:18.519+0000: [GC (Allocation Failure) 2020-10-28T09:48:18.519+0000: [ParNew: 26692K->4K(30016K), 0.0020337 secs] 278212K->251524K(449140K), 0.0020906 secs] [Times: user=0.00 sys=0.00, real=0.01 secs] 
2020-10-28T09:48:18.553+0000: [GC (Allocation Failure) 2020-10-28T09:48:18.553+0000: [ParNew: 26692K->4K(30016K), 0.0020100 secs] 278212K->251524K(449140K), 0.0020644 secs] [Times: user=0.00 sys=0.00, real=0.01 secs] 
2020-10-28T09:48:18.586+0000: [GC (Allocation Failure) 2020-10-28T09:48:18.586+0000: [ParNew: 26692K->4K(30016K), 0.0020473 secs] 278212K->251524K(449140K), 0.0021014 secs] [Times: user=0.00 sys=0.00, real=0.00 secs] 
2020-10-28T09:48:18.621+0000: [GC (Allocation Failure) 2020-10-28T09:48:18.621+0000: [ParNew: 26692K->4K(30016K), 0.0020220 secs] 278212K->251524K(449140K), 0.0020768 secs] [Times: user=0.01 sys=0.00, real=0.01 secs] 
2020-10-28T09:48:18.654+0000: [GC (Allocation Failure) 2020-10-28T09:48:18.654+0000: [ParNew: 26692K->4K(30016K), 0.0020022 secs] 278212K->251524K(449140K), 0.0020569 secs] [Times: user=0.00 sys=0.00, real=0.00 secs] 
2020-10-28T09:48:18.689+0000: [GC (Allocation Failure) 2020-10-28T09:48:18.689+0000: [ParNew: 26692K->4K(30016K), 0.0021267 secs] 278212K->251524K(449140K), 0.0021800 secs] [Times: user=0.01 sys=0.00, real=0.00 secs] 
2020-10-28T09:48:18.728+0000: [GC (Allocation Failure) 2020-10-28T09:48:18.728+0000: [ParNew: 26692K->4K(30016K), 0.0020258 secs] 278212K->251524K(449140K), 0.0020811 secs] [Times: user=0.00 sys=0.00, real=0.00 secs] 
2020-10-28T09:48:18.762+0000: [GC (Allocation Failure) 2020-10-28T09:48:18.762+0000: [ParNew: 26692K->4K(30016K), 0.0020039 secs] 278212K->251524K(449140K), 0.0020582 secs] [Times: user=0.00 sys=0.00, real=0.00 secs] 
2020-10-28T09:48:18.796+0000: [GC (Allocation Failure) 2020-10-28T09:48:18.796+0000: [ParNew: 26692K->4K(30016K), 0.0020796 secs] 278212K->251524K(449140K), 0.0021353 secs] [Times: user=0.00 sys=0.00, real=0.00 secs] 
2020-10-28T09:48:18.830+0000: [GC (Allocation Failure) 2020-10-28T09:48:18.830+0000: [ParNew: 26692K->4K(30016K), 0.0020110 secs] 278212K->251524K(449140K), 0.0020687 secs] [Times: user=0.01 sys=0.00, real=0.00 secs] 
2020-10-28T09:48:18.863+0000: [GC (Allocation Failure) 2020-10-28T09:48:18.864+0000: [ParNew: 26692K->4K(30016K), 0.0020169 secs] 278212K->251524K(449140K), 0.0020718 secs] [Times: user=0.00 sys=0.00, real=0.00 secs] 
2020-10-28T09:48:18.897+0000: [GC (Allocation Failure) 2020-10-28T09:48:18.897+0000: [ParNew: 26692K->4K(30016K), 0.0020054 secs] 278212K->251524K(449140K), 0.0020859 secs] [Times: user=0.01 sys=0.00, real=0.00 secs] 
2020-10-28T09:48:18.934+0000: [GC (Allocation Failure) 2020-10-28T09:48:18.935+0000: [ParNew: 26692K->8K(30016K), 0.0020643 secs] 278212K->251529K(449140K), 0.0021155 secs] [Times: user=0.00 sys=0.00, real=0.00 secs] 
2020-10-28T09:48:24.909+0000: [GC (Allocation Failure) 2020-10-28T09:48:24.909+0000: [ParNew: 26696K->1197K(30016K), 0.0036096 secs] 278217K->252718K(449140K), 0.0036875 secs] [Times: user=0.00 sys=0.00, real=0.00 secs] 
2020-10-28T09:48:25.227+0000: [GC (Allocation Failure) 2020-10-28T09:48:25.228+0000: [ParNew: 27885K->1387K(30016K), 0.0039061 secs] 279406K->252908K(449140K), 0.0039829 secs] [Times: user=0.01 sys=0.00, real=0.00 secs] 
2020-10-28T09:48:25.491+0000: [GC (Allocation Failure) 2020-10-28T09:48:25.491+0000: [ParNew: 28075K->2761K(30016K), 0.0068430 secs] 279596K->254282K(449140K), 0.0069218 secs] [Times: user=0.02 sys=0.00, real=0.01 secs] 
2020-10-28T09:48:25.609+0000: [GC (Allocation Failure) 2020-10-28T09:48:25.609+0000: [ParNew: 29449K->1892K(30016K), 0.0106677 secs] 280970K->255532K(449140K), 0.0107328 secs] [Times: user=0.02 sys=0.00, real=0.01 secs] 
2020-10-28T09:48:25.677+0000: [GC (Allocation Failure) 2020-10-28T09:48:25.677+0000: [ParNew: 28580K->1085K(30016K), 0.0022484 secs] 282220K->254725K(449140K), 0.0023187 secs] [Times: user=0.01 sys=0.00, real=0.00 secs] 
2020-10-28T09:48:25.756+0000: [GC (Allocation Failure) 2020-10-28T09:48:25.756+0000: [ParNew: 27773K->1781K(30016K), 0.0023752 secs] 281413K->255421K(449140K), 0.0024440 secs] [Times: user=0.01 sys=0.00, real=0.00 secs] 
2020-10-28T09:48:25.816+0000: [GC (Allocation Failure) 2020-10-28T09:48:25.816+0000: [ParNew: 28469K->1088K(30016K), 0.0023104 secs] 282109K->254728K(449140K), 0.0023668 secs] [Times: user=0.01 sys=0.00, real=0.00 secs] 
2020-10-28T09:48:25.868+0000: [GC (Allocation Failure) 2020-10-28T09:48:25.868+0000: [ParNew: 27776K->2068K(30016K), 0.0030347 secs] 281416K->255708K(449140K), 0.0031031 secs] [Times: user=0.01 sys=0.00, real=0.00 secs] 
2020-10-28T09:48:25.933+0000: [GC (Allocation Failure) 2020-10-28T09:48:25.933+0000: [ParNew: 28756K->18K(30016K), 0.0047111 secs] 282396K->255721K(449140K), 0.0048038 secs] [Times: user=0.01 sys=0.00, real=0.00 secs] 
2020-10-28T09:48:25.985+0000: [GC (Allocation Failure) 2020-10-28T09:48:25.985+0000: [ParNew: 26706K->4K(30016K), 0.0020734 secs] 282409K->255708K(449140K), 0.0021284 secs] [Times: user=0.01 sys=0.00, real=0.00 secs] 
2020-10-28T09:48:26.014+0000: [GC (Allocation Failure) 2020-10-28T09:48:26.014+0000: [ParNew: 26692K->4K(30016K), 0.0020226 secs] 282396K->255707K(449140K), 0.0020759 secs] [Times: user=0.00 sys=0.00, real=0.00 secs] 
2020-10-28T09:48:26.046+0000: [GC (Allocation Failure) 2020-10-28T09:48:26.046+0000: [ParNew: 26692K->2052K(30016K), 0.0026622 secs] 282395K->259803K(449140K), 0.0027196 secs] [Times: user=0.01 sys=0.00, real=0.00 secs] 
2020-10-28T09:48:26.076+0000: [GC (Allocation Failure) 2020-10-28T09:48:26.076+0000: [ParNew: 28740K->4K(30016K), 0.0020877 secs] 286491K->257755K(449140K), 0.0021473 secs] [Times: user=0.00 sys=0.00, real=0.00 secs] 
2020-10-28T09:48:26.105+0000: [GC (Allocation Failure) 2020-10-28T09:48:26.105+0000: [ParNew: 26692K->2052K(30016K), 0.0033347 secs] 284443K->261851K(449140K), 0.0033915 secs] [Times: user=0.00 sys=0.00, real=0.00 secs] 
2020-10-28T09:48:26.143+0000: [GC (Allocation Failure) 2020-10-28T09:48:26.143+0000: [ParNew: 28740K->4K(30016K), 0.0020879 secs] 288539K->259804K(449140K), 0.0021436 secs] [Times: user=0.00 sys=0.00, real=0.00 secs] 
2020-10-28T09:48:26.181+0000: [GC (Allocation Failure) 2020-10-28T09:48:26.181+0000: [ParNew: 26692K->4K(30016K), 0.0039526 secs] 286492K->259804K(449140K), 0.0040074 secs] [Times: user=0.00 sys=0.00, real=0.00 secs] 
2020-10-28T09:48:26.225+0000: [GC (Allocation Failure) 2020-10-28T09:48:26.225+0000: [ParNew: 26692K->4K(30016K), 0.0020927 secs] 286492K->259804K(449140K), 0.0021657 secs] [Times: user=0.00 sys=0.00, real=0.00 secs] 
2020-10-28T09:48:26.279+0000: [GC (Allocation Failure) 2020-10-28T09:48:26.279+0000: [ParNew: 26692K->4K(30016K), 0.0020990 secs] 286492K->259804K(449140K), 0.0021547 secs] [Times: user=0.00 sys=0.00, real=0.01 secs] 
2020-10-28T09:48:26.313+0000: [GC (Allocation Failure) 2020-10-28T09:48:26.313+0000: [ParNew: 26692K->4K(30016K), 0.0020234 secs] 286492K->259804K(449140K), 0.0020768 secs] [Times: user=0.00 sys=0.00, real=0.00 secs] 
2020-10-28T09:48:26.354+0000: [GC (Allocation Failure) 2020-10-28T09:48:26.354+0000: [ParNew: 26692K->4K(30016K), 0.0021312 secs] 286492K->259804K(449140K), 0.0021872 secs] [Times: user=0.00 sys=0.00, real=0.00 secs] 
2020-10-28T09:48:26.385+0000: [GC (Allocation Failure) 2020-10-28T09:48:26.385+0000: [ParNew: 26692K->6K(30016K), 0.0044565 secs] 286492K->263902K(449140K), 0.0045123 secs] [Times: user=0.01 sys=0.01, real=0.00 secs] 
2020-10-28T09:48:26.413+0000: [GC (Allocation Failure) 2020-10-28T09:48:26.413+0000: [ParNew: 26694K->4K(30016K), 0.0021187 secs] 290590K->263900K(449140K), 0.0021722 secs] [Times: user=0.00 sys=0.00, real=0.01 secs] 
2020-10-28T09:48:26.441+0000: [GC (Allocation Failure) 2020-10-28T09:48:26.441+0000: [ParNew: 26692K->6K(30016K), 0.0020643 secs] 290588K->263902K(449140K), 0.0021179 secs] [Times: user=0.00 sys=0.00, real=0.00 secs] 
2020-10-28T09:48:26.478+0000: [GC (Allocation Failure) 2020-10-28T09:48:26.478+0000: [ParNew: 26694K->4K(30016K), 0.0020728 secs] 290590K->263900K(449140K), 0.0021287 secs] [Times: user=0.01 sys=0.00, real=0.00 secs] 
2020-10-28T09:48:26.509+0000: [GC (Allocation Failure) 2020-10-28T09:48:26.509+0000: [ParNew: 26692K->6K(30016K), 0.0043946 secs] 290588K->267998K(449140K), 0.0044506 secs] [Times: user=0.01 sys=0.00, real=0.00 secs] 
2020-10-28T09:48:26.544+0000: [GC (Allocation Failure) 2020-10-28T09:48:26.544+0000: [ParNew: 26694K->4K(30016K), 0.0020803 secs] 294686K->267997K(449140K), 0.0021363 secs] [Times: user=0.00 sys=0.00, real=0.00 secs] 
2020-10-28T09:48:26.580+0000: [GC (Allocation Failure) 2020-10-28T09:48:26.580+0000: [ParNew: 26692K->4K(30016K), 0.0020963 secs] 294685K->267997K(449140K), 0.0021722 secs] [Times: user=0.00 sys=0.00, real=0.01 secs] 
2020-10-28T09:48:26.611+0000: [GC (Allocation Failure) 2020-10-28T09:48:26.611+0000: [ParNew: 26692K->4K(30016K), 0.0020550 secs] 294685K->267997K(449140K), 0.0021279 secs] [Times: user=0.01 sys=0.00, real=0.00 secs] 
2020-10-28T09:48:26.647+0000: [GC (Allocation Failure) 2020-10-28T09:48:26.647+0000: [ParNew: 26692K->4K(30016K), 0.0020641 secs] 294685K->267997K(449140K), 0.0021401 secs] [Times: user=0.00 sys=0.00, real=0.00 secs] 
2020-10-28T09:48:26.685+0000: [GC (Allocation Failure) 2020-10-28T09:48:26.685+0000: [ParNew: 26692K->4K(30016K), 0.0021099 secs] 294685K->267997K(449140K), 0.0021858 secs] [Times: user=0.01 sys=0.00, real=0.00 secs] 
2020-10-28T09:48:26.728+0000: [GC (Allocation Failure) 2020-10-28T09:48:26.728+0000: [ParNew: 26692K->4K(30016K), 0.0020962 secs] 294685K->267997K(449140K), 0.0021732 secs] [Times: user=0.00 sys=0.00, real=0.00 secs] 
2020-10-28T09:48:26.764+0000: [GC (Allocation Failure) 2020-10-28T09:48:26.764+0000: [ParNew: 26692K->4K(30016K), 0.0020574 secs] 294685K->267997K(449140K), 0.0021322 secs] [Times: user=0.00 sys=0.00, real=0.00 secs] 
2020-10-28T09:48:26.798+0000: [GC (Allocation Failure) 2020-10-28T09:48:26.798+0000: [ParNew: 26692K->4K(30016K), 0.0020519 secs] 294685K->267997K(449140K), 0.0021245 secs] [Times: user=0.00 sys=0.00, real=0.00 secs] 
2020-10-28T09:48:26.845+0000: [GC (Allocation Failure) 2020-10-28T09:48:26.845+0000: [ParNew: 26692K->4K(30016K), 0.0020932 secs] 294685K->267997K(449140K), 0.0021702 secs] [Times: user=0.01 sys=0.00, real=0.00 secs] 
2020-10-28T09:48:26.898+0000: [GC (Allocation Failure) 2020-10-28T09:48:26.898+0000: [ParNew: 26692K->4K(30016K), 0.0021142 secs] 294685K->267997K(449140K), 0.0021859 secs] [Times: user=0.00 sys=0.00, real=0.00 secs] 
2020-10-28T09:48:26.952+0000: [GC (Allocation Failure) 2020-10-28T09:48:26.952+0000: [ParNew: 26692K->4K(30016K), 0.0027536 secs] 294685K->267997K(449140K), 0.0028218 secs] [Times: user=0.01 sys=0.00, real=0.01 secs] 
2020-10-28T09:48:26.986+0000: [GC (Allocation Failure) 2020-10-28T09:48:26.986+0000: [ParNew: 26692K->4K(30016K), 0.0020832 secs] 294685K->267997K(449140K), 0.0021395 secs] [Times: user=0.00 sys=0.00, real=0.00 secs] 
2020-10-28T09:48:27.019+0000: [GC (Allocation Failure) 2020-10-28T09:48:27.019+0000: [ParNew: 26692K->4K(30016K), 0.0020667 secs] 294685K->267997K(449140K), 0.0021225 secs] [Times: user=0.00 sys=0.00, real=0.01 secs] 
2020-10-28T09:48:27.053+0000: [GC (Allocation Failure) 2020-10-28T09:48:27.053+0000: [ParNew: 26692K->4K(30016K), 0.0020422 secs] 294685K->267997K(449140K), 0.0021182 secs] [Times: user=0.00 sys=0.00, real=0.00 secs] 
2020-10-28T09:48:27.109+0000: [GC (Allocation Failure) 2020-10-28T09:48:27.109+0000: [ParNew: 26692K->4K(30016K), 0.0020815 secs] 294685K->267997K(449140K), 0.0021575 secs] [Times: user=0.01 sys=0.00, real=0.00 secs] 
2020-10-28T09:48:27.160+0000: [GC (Allocation Failure) 2020-10-28T09:48:27.160+0000: [ParNew: 26692K->4K(30016K), 0.0020864 secs] 294685K->267997K(449140K), 0.0021602 secs] [Times: user=0.00 sys=0.00, real=0.01 secs] 
2020-10-28T09:48:27.209+0000: [GC (Allocation Failure) 2020-10-28T09:48:27.209+0000: [ParNew: 26692K->4K(30016K), 0.0020495 secs] 294685K->267997K(449140K), 0.0021052 secs] [Times: user=0.00 sys=0.00, real=0.00 secs] 
2020-10-28T09:48:27.238+0000: [GC (Allocation Failure) 2020-10-28T09:48:27.238+0000: [ParNew: 26692K->4K(30016K), 0.0020896 secs] 294685K->267997K(449140K), 0.0021474 secs] [Times: user=0.01 sys=0.00, real=0.00 secs] 
2020-10-28T09:48:27.263+0000: [GC (Allocation Failure) 2020-10-28T09:48:27.263+0000: [ParNew: 26692K->4K(30016K), 0.0021038 secs] 294685K->267997K(449140K), 0.0021586 secs] [Times: user=0.01 sys=0.00, real=0.00 secs] 
2020-10-28T09:48:27.289+0000: [GC (Allocation Failure) 2020-10-28T09:48:27.289+0000: [ParNew: 26692K->4K(30016K), 0.0020969 secs] 294685K->267997K(449140K), 0.0021572 secs] [Times: user=0.01 sys=0.00, real=0.00 secs] 
2020-10-28T09:48:27.316+0000: [GC (Allocation Failure) 2020-10-28T09:48:27.316+0000: [ParNew: 26692K->4K(30016K), 0.0020540 secs] 294685K->267997K(449140K), 0.0021190 secs] [Times: user=0.00 sys=0.00, real=0.00 secs] 
2020-10-28T09:48:27.345+0000: [GC (Allocation Failure) 2020-10-28T09:48:27.345+0000: [ParNew: 26692K->4K(30016K), 0.0020700 secs] 294685K->267997K(449140K), 0.0021255 secs] [Times: user=0.00 sys=0.00, real=0.00 secs] 
2020-10-28T09:48:27.373+0000: [GC (Allocation Failure) 2020-10-28T09:48:27.373+0000: [ParNew: 26692K->4K(30016K), 0.0020432 secs] 294685K->267998K(449140K), 0.0020963 secs] [Times: user=0.01 sys=0.00, real=0.00 secs] 
2020-10-28T09:48:27.399+0000: [GC (Allocation Failure) 2020-10-28T09:48:27.399+0000: [ParNew: 26692K->4K(30016K), 0.0020525 secs] 294686K->267998K(449140K), 0.0020988 secs] [Times: user=0.01 sys=0.00, real=0.00 secs] 
2020-10-28T09:48:27.425+0000: [GC (Allocation Failure) 2020-10-28T09:48:27.426+0000: [ParNew: 26692K->4K(30016K), 0.0020215 secs] 294686K->267998K(449140K), 0.0020691 secs] [Times: user=0.01 sys=0.00, real=0.00 secs] 
2020-10-28T09:48:27.451+0000: [GC (Allocation Failure) 2020-10-28T09:48:27.451+0000: [ParNew: 26692K->4K(30016K), 0.0020263 secs] 294686K->267998K(449140K), 0.0020796 secs] [Times: user=0.00 sys=0.00, real=0.01 secs] 
2020-10-28T09:48:27.483+0000: [GC (Allocation Failure) 2020-10-28T09:48:27.483+0000: [ParNew: 26692K->4K(30016K), 0.0020692 secs] 294686K->267998K(449140K), 0.0021278 secs] [Times: user=0.01 sys=0.00, real=0.00 secs] 
2020-10-28T09:48:27.510+0000: [GC (Allocation Failure) 2020-10-28T09:48:27.510+0000: [ParNew: 26692K->4K(30016K), 0.0020433 secs] 294686K->267998K(449140K), 0.0020984 secs] [Times: user=0.00 sys=0.00, real=0.00 secs] 
2020-10-28T09:48:27.537+0000: [GC (Allocation Failure) 2020-10-28T09:48:27.537+0000: [ParNew: 26692K->4K(30016K), 0.0020173 secs] 294686K->267998K(449140K), 0.0020707 secs] [Times: user=0.01 sys=0.00, real=0.00 secs] 
2020-10-28T09:48:27.563+0000: [GC (Allocation Failure) 2020-10-28T09:48:27.563+0000: [ParNew: 26692K->4K(30016K), 0.0019874 secs] 294686K->267998K(449140K), 0.0020391 secs] [Times: user=0.01 sys=0.00, real=0.00 secs] 
2020-10-28T09:48:27.588+0000: [GC (Allocation Failure) 2020-10-28T09:48:27.588+0000: [ParNew: 26692K->4K(30016K), 0.0020489 secs] 294686K->267998K(449140K), 0.0021019 secs] [Times: user=0.01 sys=0.00, real=0.00 secs] 
2020-10-28T09:48:27.613+0000: [GC (Allocation Failure) 2020-10-28T09:48:27.613+0000: [ParNew: 26692K->4K(30016K), 0.0020886 secs] 294686K->267998K(449140K), 0.0021513 secs] [Times: user=0.01 sys=0.00, real=0.00 secs] 
2020-10-28T09:48:27.645+0000: [GC (Allocation Failure) 2020-10-28T09:48:27.645+0000: [ParNew: 26692K->4K(30016K), 0.0020229 secs] 294686K->267998K(449140K), 0.0020780 secs] [Times: user=0.00 sys=0.00, real=0.00 secs] 
2020-10-28T09:48:27.674+0000: [GC (Allocation Failure) 2020-10-28T09:48:27.674+0000: [ParNew: 26692K->4K(30016K), 0.0020353 secs] 294686K->267998K(449140K), 0.0020880 secs] [Times: user=0.01 sys=0.00, real=0.00 secs] 
2020-10-28T09:48:27.699+0000: [GC (Allocation Failure) 2020-10-28T09:48:27.699+0000: [ParNew: 26692K->4K(30016K), 0.0020459 secs] 294686K->267998K(449140K), 0.0020988 secs] [Times: user=0.01 sys=0.00, real=0.00 secs] 
2020-10-28T09:48:27.724+0000: [GC (Allocation Failure) 2020-10-28T09:48:27.724+0000: [ParNew: 26692K->4K(30016K), 0.0020234 secs] 294686K->267998K(449140K), 0.0020768 secs] [Times: user=0.01 sys=0.00, real=0.00 secs] 
2020-10-28T09:48:27.759+0000: [GC (Allocation Failure) 2020-10-28T09:48:27.759+0000: [ParNew: 26692K->4K(30016K), 0.0020466 secs] 294686K->267998K(449140K), 0.0021027 secs] [Times: user=0.00 sys=0.00, real=0.00 secs] 
2020-10-28T09:48:27.785+0000: [GC (Allocation Failure) 2020-10-28T09:48:27.785+0000: [ParNew: 26692K->4K(30016K), 0.0020548 secs] 294686K->267998K(449140K), 0.0021099 secs] [Times: user=0.00 sys=0.00, real=0.00 secs] 
2020-10-28T09:48:27.811+0000: [GC (Allocation Failure) 2020-10-28T09:48:27.811+0000: [ParNew: 26692K->4K(30016K), 0.0020375 secs] 294686K->267998K(449140K), 0.0020921 secs] [Times: user=0.00 sys=0.00, real=0.00 secs] 
2020-10-28T09:48:27.837+0000: [GC (Allocation Failure) 2020-10-28T09:48:27.837+0000: [ParNew: 26692K->4K(30016K), 0.0020539 secs] 294686K->267998K(449140K), 0.0021093 secs] [Times: user=0.00 sys=0.00, real=0.00 secs] 
2020-10-28T09:48:27.862+0000: [GC (Allocation Failure) 2020-10-28T09:48:27.862+0000: [ParNew: 26692K->4K(30016K), 0.0020558 secs] 294686K->267998K(449140K), 0.0021086 secs] [Times: user=0.00 sys=0.00, real=0.00 secs] 
2020-10-28T09:48:27.889+0000: [GC (Allocation Failure) 2020-10-28T09:48:27.889+0000: [ParNew: 26692K->4K(30016K), 0.0019811 secs] 294686K->267998K(449140K), 0.0020329 secs] [Times: user=0.00 sys=0.00, real=0.00 secs] 
2020-10-28T09:48:27.921+0000: [GC (Allocation Failure) 2020-10-28T09:48:27.921+0000: [ParNew: 26692K->4K(30016K), 0.0020725 secs] 294686K->267999K(449140K), 0.0021270 secs] [Times: user=0.01 sys=0.00, real=0.01 secs] 
2020-10-28T09:48:27.949+0000: [GC (Allocation Failure) 2020-10-28T09:48:27.949+0000: [ParNew: 26692K->4K(30016K), 0.0020242 secs] 294687K->267999K(449140K), 0.0020786 secs] [Times: user=0.01 sys=0.00, real=0.00 secs] 
2020-10-28T09:48:27.975+0000: [GC (Allocation Failure) 2020-10-28T09:48:27.975+0000: [ParNew: 26692K->4K(30016K), 0.0019810 secs] 294687K->267999K(449140K), 0.0020318 secs] [Times: user=0.00 sys=0.00, real=0.00 secs] 
2020-10-28T09:48:28.000+0000: [GC (Allocation Failure) 2020-10-28T09:48:28.000+0000: [ParNew: 26692K->4K(30016K), 0.0020025 secs] 294687K->267999K(449140K), 0.0020537 secs] [Times: user=0.00 sys=0.00, real=0.01 secs] 
2020-10-28T09:48:28.025+0000: [GC (Allocation Failure) 2020-10-28T09:48:28.025+0000: [ParNew: 26692K->4K(30016K), 0.0019966 secs] 294687K->267999K(449140K), 0.0020483 secs] [Times: user=0.00 sys=0.00, real=0.00 secs] 
2020-10-28T09:48:28.050+0000: [GC (Allocation Failure) 2020-10-28T09:48:28.051+0000: [ParNew: 26692K->4K(30016K), 0.0020245 secs] 294687K->267999K(449140K), 0.0020773 secs] [Times: user=0.00 sys=0.00, real=0.00 secs] 
2020-10-28T09:48:28.077+0000: [GC (Allocation Failure) 2020-10-28T09:48:28.077+0000: [ParNew: 26692K->4K(30016K), 0.0020156 secs] 294687K->267999K(449140K), 0.0020685 secs] [Times: user=0.01 sys=0.00, real=0.00 secs] 
2020-10-28T09:48:28.105+0000: [GC (Allocation Failure) 2020-10-28T09:48:28.105+0000: [ParNew: 26692K->4K(30016K), 0.0020079 secs] 294687K->267999K(449140K), 0.0020604 secs] [Times: user=0.01 sys=0.00, real=0.00 secs] 
2020-10-28T09:48:28.139+0000: [GC (Allocation Failure) 2020-10-28T09:48:28.139+0000: [ParNew: 26692K->4K(30016K), 0.0020372 secs] 294687K->267999K(449140K), 0.0021018 secs] [Times: user=0.01 sys=0.00, real=0.00 secs] 
2020-10-28T09:48:28.164+0000: [GC (Allocation Failure) 2020-10-28T09:48:28.164+0000: [ParNew: 26692K->4K(30016K), 0.0020557 secs] 294687K->267999K(449140K), 0.0021115 secs] [Times: user=0.01 sys=0.00, real=0.00 secs] 
2020-10-28T09:48:28.193+0000: [GC (Allocation Failure) 2020-10-28T09:48:28.193+0000: [ParNew: 26692K->4K(30016K), 0.0023283 secs] 294687K->267999K(449140K), 0.0023818 secs] [Times: user=0.00 sys=0.00, real=0.00 secs] 
2020-10-28T09:48:28.221+0000: [GC (Allocation Failure) 2020-10-28T09:48:28.221+0000: [ParNew: 26692K->4K(30016K), 0.0020185 secs] 294687K->267999K(449140K), 0.0020677 secs] [Times: user=0.00 sys=0.00, real=0.00 secs] 
2020-10-28T09:48:28.247+0000: [GC (Allocation Failure) 2020-10-28T09:48:28.247+0000: [ParNew: 26692K->4K(30016K), 0.0020039 secs] 294687K->267999K(449140K), 0.0020556 secs] [Times: user=0.01 sys=0.00, real=0.00 secs] 
2020-10-28T09:48:28.277+0000: [GC (Allocation Failure) 2020-10-28T09:48:28.277+0000: [ParNew: 26692K->4K(30016K), 0.0020487 secs] 294687K->267999K(449140K), 0.0021057 secs] [Times: user=0.00 sys=0.00, real=0.00 secs] 
2020-10-28T09:48:28.307+0000: [GC (Allocation Failure) 2020-10-28T09:48:28.307+0000: [ParNew: 26692K->4K(30016K), 0.0136385 secs] 294687K->284383K(449140K), 0.0137078 secs] [Times: user=0.02 sys=0.01, real=0.01 secs] 
2020-10-28T09:48:28.326+0000: [GC (CMS Initial Mark) [1 CMS-initial-mark: 284379K(419124K)] 286805K(449140K), 0.0027757 secs] [Times: user=0.00 sys=0.00, real=0.00 secs] 
2020-10-28T09:48:28.329+0000: [CMS-concurrent-mark-start]
2020-10-28T09:48:28.360+0000: [GC (Allocation Failure) 2020-10-28T09:48:28.360+0000: [ParNew: 26692K->4K(30016K), 0.0020884 secs] 311071K->284383K(449140K), 0.0021539 secs] [Times: user=0.00 sys=0.00, real=0.01 secs] 
2020-10-28T09:48:28.392+0000: [CMS-concurrent-mark: 0.060/0.063 secs] [Times: user=0.12 sys=0.00, real=0.06 secs] 
2020-10-28T09:48:28.392+0000: [CMS-concurrent-preclean-start]
2020-10-28T09:48:28.394+0000: [CMS-concurrent-preclean: 0.002/0.002 secs] [Times: user=0.00 sys=0.00, real=0.01 secs] 
2020-10-28T09:48:28.394+0000: [CMS-concurrent-abortable-preclean-start]
2020-10-28T09:48:28.401+0000: [GC (Allocation Failure) 2020-10-28T09:48:28.401+0000: [ParNew: 26642K->4K(30016K), 0.0016436 secs] 311022K->284383K(449140K), 0.0016845 secs] [Times: user=0.00 sys=0.00, real=0.00 secs] 
2020-10-28T09:48:28.429+0000: [GC (Allocation Failure) 2020-10-28T09:48:28.429+0000: [ParNew: 26692K->4K(30016K), 0.0020338 secs] 311071K->284383K(449140K), 0.0020865 secs] [Times: user=0.01 sys=0.00, real=0.00 secs] 
2020-10-28T09:48:28.457+0000: [GC (Allocation Failure) 2020-10-28T09:48:28.457+0000: [ParNew: 26692K->4K(30016K), 0.0020168 secs] 311071K->284383K(449140K), 0.0020714 secs] [Times: user=0.00 sys=0.00, real=0.00 secs] 
2020-10-28T09:48:28.485+0000: [GC (Allocation Failure) 2020-10-28T09:48:28.485+0000: [ParNew: 26692K->4K(30016K), 0.0020356 secs] 311071K->284383K(449140K), 0.0020892 secs] [Times: user=0.01 sys=0.00, real=0.00 secs] 
2020-10-28T09:48:28.512+0000: [GC (Allocation Failure) 2020-10-28T09:48:28.512+0000: [ParNew: 26692K->4K(30016K), 0.0020515 secs] 311071K->284383K(449140K), 0.0021065 secs] [Times: user=0.01 sys=0.00, real=0.01 secs] 
2020-10-28T09:48:28.541+0000: [GC (Allocation Failure) 2020-10-28T09:48:28.541+0000: [ParNew: 26692K->4K(30016K), 0.0020587 secs] 311071K->284383K(449140K), 0.0021141 secs] [Times: user=0.00 sys=0.00, real=0.00 secs] 
2020-10-28T09:48:28.567+0000: [GC (Allocation Failure) 2020-10-28T09:48:28.567+0000: [ParNew: 26692K->4K(30016K), 0.0020832 secs] 311071K->284383K(449140K), 0.0021381 secs] [Times: user=0.00 sys=0.00, real=0.00 secs] 
2020-10-28T09:48:28.597+0000: [GC (Allocation Failure) 2020-10-28T09:48:28.597+0000: [ParNew: 26692K->4K(30016K), 0.0020605 secs] 311071K->284383K(449140K), 0.0021172 secs] [Times: user=0.00 sys=0.00, real=0.00 secs] 
2020-10-28T09:48:28.629+0000: [GC (Allocation Failure) 2020-10-28T09:48:28.629+0000: [ParNew: 26692K->4K(30016K), 0.0020313 secs] 311071K->284383K(449140K), 0.0020873 secs] [Times: user=0.00 sys=0.00, real=0.00 secs] 
2020-10-28T09:48:28.657+0000: [GC (Allocation Failure) 2020-10-28T09:48:28.657+0000: [ParNew: 26692K->4K(30016K), 0.0021354 secs] 311071K->284383K(449140K), 0.0022030 secs] [Times: user=0.01 sys=0.00, real=0.00 secs] 
2020-10-28T09:48:28.685+0000: [GC (Allocation Failure) 2020-10-28T09:48:28.685+0000: [ParNew: 26692K->4K(30016K), 0.0020203 secs] 311071K->284383K(449140K), 0.0020757 secs] [Times: user=0.00 sys=0.00, real=0.00 secs] 
2020-10-28T09:48:28.713+0000: [GC (Allocation Failure) 2020-10-28T09:48:28.713+0000: [ParNew: 26692K->4K(30016K), 0.0020135 secs] 311071K->284383K(449140K), 0.0020684 secs] [Times: user=0.00 sys=0.00, real=0.00 secs] 
2020-10-28T09:48:28.741+0000: [GC (Allocation Failure) 2020-10-28T09:48:28.741+0000: [ParNew: 26692K->4K(30016K), 0.0020138 secs] 311071K->284383K(449140K), 0.0020698 secs] [Times: user=0.00 sys=0.00, real=0.00 secs] 
2020-10-28T09:48:28.767+0000: [GC (Allocation Failure) 2020-10-28T09:48:28.767+0000: [ParNew: 26692K->4K(30016K), 0.0020327 secs] 311071K->284383K(449140K), 0.0020873 secs] [Times: user=0.01 sys=0.00, real=0.00 secs] 
2020-10-28T09:48:28.797+0000: [GC (Allocation Failure) 2020-10-28T09:48:28.797+0000: [ParNew: 26692K->4K(30016K), 0.0020421 secs] 311071K->284383K(449140K), 0.0020967 secs] [Times: user=0.00 sys=0.00, real=0.00 secs] 
2020-10-28T09:48:28.823+0000: [GC (Allocation Failure) 2020-10-28T09:48:28.823+0000: [ParNew: 26692K->4K(30016K), 0.0019976 secs] 311071K->284383K(449140K), 0.0020520 secs] [Times: user=0.00 sys=0.00, real=0.00 secs] 
2020-10-28T09:48:28.843+0000: [GC (Allocation Failure) 2020-10-28T09:48:28.843+0000: [ParNew: 20027K->4K(30016K), 0.0020182 secs] 304406K->284383K(449140K), 0.0020978 secs] [Times: user=0.00 sys=0.00, real=0.00 secs] 
2020-10-28T09:48:28.865+0000: [GC (Allocation Failure) 2020-10-28T09:48:28.865+0000: [ParNew: 26692K->4K(30016K), 0.0076727 secs] 311071K->292575K(449140K), 0.0077283 secs] [Times: user=0.01 sys=0.00, real=0.00 secs] 
2020-10-28T09:48:28.893+0000: [GC (Allocation Failure) 2020-10-28T09:48:28.893+0000: [ParNew: 26692K->4K(30016K), 0.0078054 secs] 319263K->300767K(449140K), 0.0078623 secs] [Times: user=0.01 sys=0.00, real=0.00 secs] 
2020-10-28T09:48:28.929+0000: [GC (Allocation Failure) 2020-10-28T09:48:28.929+0000: [ParNew: 26692K->4K(30016K), 0.0020393 secs] 327455K->300767K(449140K), 0.0020943 secs] [Times: user=0.00 sys=0.00, real=0.00 secs] 
2020-10-28T09:48:28.955+0000: [GC (Allocation Failure) 2020-10-28T09:48:28.955+0000: [ParNew: 26692K->4K(30016K), 0.0019981 secs] 327455K->300767K(449140K), 0.0020538 secs] [Times: user=0.00 sys=0.00, real=0.00 secs] 
2020-10-28T09:48:28.981+0000: [GC (Allocation Failure) 2020-10-28T09:48:28.981+0000: [ParNew: 26692K->4K(30016K), 0.0019946 secs] 327455K->300767K(449140K), 0.0020478 secs] [Times: user=0.00 sys=0.00, real=0.00 secs] 
2020-10-28T09:48:29.009+0000: [GC (Allocation Failure) 2020-10-28T09:48:29.009+0000: [ParNew: 26692K->4K(30016K), 0.0020016 secs] 327455K->300767K(449140K), 0.0020572 secs] [Times: user=0.01 sys=0.00, real=0.00 secs] 
2020-10-28T09:48:29.036+0000: [GC (Allocation Failure) 2020-10-28T09:48:29.036+0000: [ParNew: 26692K->4K(30016K), 0.0020465 secs] 327455K->300767K(449140K), 0.0021032 secs] [Times: user=0.00 sys=0.00, real=0.00 secs] 
2020-10-28T09:48:29.065+0000: [GC (Allocation Failure) 2020-10-28T09:48:29.065+0000: [ParNew: 26692K->4K(30016K), 0.0020115 secs] 327455K->300767K(449140K), 0.0020684 secs] [Times: user=0.01 sys=0.00, real=0.00 secs] 
2020-10-28T09:48:29.092+0000: [GC (Allocation Failure) 2020-10-28T09:48:29.092+0000: [ParNew: 26692K->4K(30016K), 0.0020728 secs] 327455K->300767K(449140K), 0.0021297 secs] [Times: user=0.00 sys=0.00, real=0.01 secs] 
2020-10-28T09:48:29.125+0000: [GC (Allocation Failure) 2020-10-28T09:48:29.125+0000: [ParNew: 26692K->4K(30016K), 0.0020341 secs] 327455K->300767K(449140K), 0.0020935 secs] [Times: user=0.00 sys=0.00, real=0.00 secs] 
2020-10-28T09:48:29.157+0000: [GC (Allocation Failure) 2020-10-28T09:48:29.157+0000: [ParNew: 26692K->4K(30016K), 0.0020338 secs] 327455K->300767K(449140K), 0.0020896 secs] [Times: user=0.00 sys=0.00, real=0.00 secs] 
2020-10-28T09:48:29.182+0000: [GC (Allocation Failure) 2020-10-28T09:48:29.182+0000: [ParNew: 26692K->4K(30016K), 0.0020376 secs] 327455K->300767K(449140K), 0.0020933 secs] [Times: user=0.00 sys=0.00, real=0.00 secs] 
2020-10-28T09:48:29.209+0000: [GC (Allocation Failure) 2020-10-28T09:48:29.209+0000: [ParNew: 26692K->4K(30016K), 0.0020213 secs] 327455K->300767K(449140K), 0.0020771 secs] [Times: user=0.00 sys=0.00, real=0.00 secs] 
2020-10-28T09:48:29.237+0000: [GC (Allocation Failure) 2020-10-28T09:48:29.237+0000: [ParNew: 26692K->4K(30016K), 0.0020144 secs] 327455K->300767K(449140K), 0.0020711 secs] [Times: user=0.00 sys=0.00, real=0.00 secs] 
2020-10-28T09:48:29.263+0000: [GC (Allocation Failure) 2020-10-28T09:48:29.263+0000: [ParNew: 26692K->4K(30016K), 0.0020933 secs] 327455K->300767K(449140K), 0.0021492 secs] [Times: user=0.00 sys=0.00, real=0.00 secs] 
2020-10-28T09:48:29.289+0000: [GC (Allocation Failure) 2020-10-28T09:48:29.289+0000: [ParNew: 26692K->4K(30016K), 0.0020052 secs] 327455K->300767K(449140K), 0.0020607 secs] [Times: user=0.00 sys=0.00, real=0.00 secs] 
2020-10-28T09:48:29.310+0000: [GC (Allocation Failure) 2020-10-28T09:48:29.310+0000: [ParNew: 20543K->4K(30016K), 0.0018483 secs] 321307K->300767K(449140K), 0.0019001 secs] [Times: user=0.01 sys=0.00, real=0.00 secs] 
2020-10-28T09:48:29.333+0000: [GC (Allocation Failure) 2020-10-28T09:48:29.333+0000: [ParNew: 26692K->4K(30016K), 0.0075796 secs] 327455K->308960K(449140K), 0.0076348 secs] [Times: user=0.01 sys=0.01, real=0.01 secs] 
2020-10-28T09:48:29.358+0000: [GC (Allocation Failure) 2020-10-28T09:48:29.358+0000: [ParNew: 26692K->4K(30016K), 0.0077768 secs] 335648K->317152K(449140K), 0.0078470 secs] [Times: user=0.01 sys=0.00, real=0.01 secs] 
2020-10-28T09:48:29.395+0000: [GC (Allocation Failure) 2020-10-28T09:48:29.395+0000: [ParNew: 26692K->4K(30016K), 0.0020384 secs] 343840K->317152K(449140K), 0.0020939 secs] [Times: user=0.01 sys=0.00, real=0.00 secs] 
2020-10-28T09:48:29.421+0000: [GC (Allocation Failure) 2020-10-28T09:48:29.421+0000: [ParNew: 26692K->4K(30016K), 0.0020890 secs] 343840K->317152K(449140K), 0.0021361 secs] [Times: user=0.00 sys=0.00, real=0.00 secs] 
2020-10-28T09:48:29.448+0000: [GC (Allocation Failure) 2020-10-28T09:48:29.448+0000: [ParNew: 26692K->4K(30016K), 0.0020114 secs] 343840K->317152K(449140K), 0.0020653 secs] [Times: user=0.00 sys=0.00, real=0.00 secs] 
2020-10-28T09:48:29.474+0000: [GC (Allocation Failure) 2020-10-28T09:48:29.474+0000: [ParNew: 26692K->4K(30016K), 0.0019851 secs] 343840K->317152K(449140K), 0.0020395 secs] [Times: user=0.00 sys=0.00, real=0.00 secs] 
2020-10-28T09:48:29.500+0000: [GC (Allocation Failure) 2020-10-28T09:48:29.500+0000: [ParNew: 26692K->4K(30016K), 0.0020101 secs] 343840K->317152K(449140K), 0.0020632 secs] [Times: user=0.00 sys=0.00, real=0.01 secs] 
2020-10-28T09:48:29.526+0000: [GC (Allocation Failure) 2020-10-28T09:48:29.526+0000: [ParNew: 26692K->4K(30016K), 0.0020007 secs] 343840K->317152K(449140K), 0.0020551 secs] [Times: user=0.01 sys=0.00, real=0.00 secs] 
2020-10-28T09:48:29.553+0000: [GC (Allocation Failure) 2020-10-28T09:48:29.553+0000: [ParNew: 26692K->4K(30016K), 0.0019534 secs] 343840K->317152K(449140K), 0.0020063 secs] [Times: user=0.00 sys=0.00, real=0.00 secs] 
2020-10-28T09:48:29.581+0000: [GC (Allocation Failure) 2020-10-28T09:48:29.581+0000: [ParNew: 26692K->4K(30016K), 0.0019223 secs] 343840K->317152K(449140K), 0.0019748 secs] [Times: user=0.00 sys=0.00, real=0.00 secs] 
2020-10-28T09:48:29.607+0000: [GC (Allocation Failure) 2020-10-28T09:48:29.607+0000: [ParNew: 26692K->4K(30016K), 0.0020110 secs] 343840K->317152K(449140K), 0.0020642 secs] [Times: user=0.00 sys=0.00, real=0.00 secs] 
2020-10-28T09:48:29.634+0000: [GC (Allocation Failure) 2020-10-28T09:48:29.634+0000: [ParNew: 26692K->4K(30016K), 0.0020318 secs] 343840K->317152K(449140K), 0.0020861 secs] [Times: user=0.01 sys=0.00, real=0.00 secs] 
2020-10-28T09:48:29.661+0000: [GC (Allocation Failure) 2020-10-28T09:48:29.661+0000: [ParNew: 26692K->4K(30016K), 0.0021437 secs] 343840K->317152K(449140K), 0.0022079 secs] [Times: user=0.00 sys=0.00, real=0.00 secs] 
2020-10-28T09:48:29.688+0000: [GC (Allocation Failure) 2020-10-28T09:48:29.688+0000: [ParNew: 26692K->4K(30016K), 0.0019994 secs] 343840K->317152K(449140K), 0.0020515 secs] [Times: user=0.01 sys=0.00, real=0.00 secs] 
2020-10-28T09:48:29.714+0000: [GC (Allocation Failure) 2020-10-28T09:48:29.714+0000: [ParNew: 26692K->2K(30016K), 0.0032871 secs] 343840K->317150K(449140K), 0.0033418 secs] [Times: user=0.01 sys=0.00, real=0.00 secs] 
2020-10-28T09:48:29.745+0000: [GC (Allocation Failure) 2020-10-28T09:48:29.745+0000: [ParNew: 26690K->4K(30016K), 0.0018845 secs] 343838K->317152K(449140K), 0.0019364 secs] [Times: user=0.01 sys=0.00, real=0.00 secs] 
2020-10-28T09:48:29.765+0000: [GC (Allocation Failure) 2020-10-28T09:48:29.765+0000: [ParNew: 26692K->4K(30016K), 0.0077210 secs] 343840K->325344K(449140K), 0.0077763 secs] [Times: user=0.01 sys=0.01, real=0.00 secs] 
2020-10-28T09:48:29.797+0000: [GC (Allocation Failure) 2020-10-28T09:48:29.797+0000: [ParNew: 26692K->4K(30016K), 0.0019703 secs] 352032K->325344K(449140K), 0.0020252 secs] [Times: user=0.01 sys=0.00, real=0.00 secs] 
2020-10-28T09:48:29.818+0000: [GC (Allocation Failure) 2020-10-28T09:48:29.818+0000: [ParNew: 19027K->4K(30016K), 0.0019987 secs] 344367K->325344K(449140K), 0.0020532 secs] [Times: user=0.00 sys=0.00, real=0.00 secs] 
2020-10-28T09:48:29.841+0000: [GC (Allocation Failure) 2020-10-28T09:48:29.841+0000: [ParNew: 26692K->4K(30016K), 0.0076674 secs] 352032K->333536K(449140K), 0.0077238 secs] [Times: user=0.00 sys=0.00, real=0.00 secs] 
2020-10-28T09:48:29.877+0000: [GC (Allocation Failure) 2020-10-28T09:48:29.877+0000: [ParNew: 26692K->4K(30016K), 0.0019947 secs] 360224K->333536K(449140K), 0.0020491 secs] [Times: user=0.00 sys=0.00, real=0.00 secs] 
2020-10-28T09:48:29.905+0000: [GC (Allocation Failure) 2020-10-28T09:48:29.905+0000: [ParNew: 26692K->4K(30016K), 0.0019976 secs] 360224K->333536K(449140K), 0.0020534 secs] [Times: user=0.01 sys=0.00, real=0.00 secs] 
2020-10-28T09:48:29.933+0000: [GC (Allocation Failure) 2020-10-28T09:48:29.933+0000: [ParNew: 26692K->4K(30016K), 0.0019841 secs] 360224K->333536K(449140K), 0.0020373 secs] [Times: user=0.01 sys=0.00, real=0.00 secs] 
2020-10-28T09:48:29.959+0000: [GC (Allocation Failure) 2020-10-28T09:48:29.959+0000: [ParNew: 26692K->4K(30016K), 0.0020151 secs] 360224K->333536K(449140K), 0.0020704 secs] [Times: user=0.01 sys=0.00, real=0.01 secs] 
2020-10-28T09:48:29.985+0000: [GC (Allocation Failure) 2020-10-28T09:48:29.985+0000: [ParNew: 26692K->4K(30016K), 0.0019872 secs] 360224K->333536K(449140K), 0.0020411 secs] [Times: user=0.01 sys=0.00, real=0.00 secs] 
2020-10-28T09:48:30.013+0000: [GC (Allocation Failure) 2020-10-28T09:48:30.013+0000: [ParNew: 26692K->4K(30016K), 0.0019661 secs] 360224K->333536K(449140K), 0.0020206 secs] [Times: user=0.01 sys=0.00, real=0.00 secs] 
2020-10-28T09:48:30.041+0000: [GC (Allocation Failure) 2020-10-28T09:48:30.041+0000: [ParNew: 26692K->4K(30016K), 0.0019813 secs] 360224K->333536K(449140K), 0.0020365 secs] [Times: user=0.00 sys=0.00, real=0.00 secs] 
2020-10-28T09:48:30.069+0000: [GC (Allocation Failure) 2020-10-28T09:48:30.069+0000: [ParNew: 26692K->4K(30016K), 0.0019221 secs] 360224K->333536K(449140K), 0.0019834 secs] [Times: user=0.00 sys=0.00, real=0.00 secs] 
2020-10-28T09:48:30.096+0000: [GC (Allocation Failure) 2020-10-28T09:48:30.096+0000: [ParNew: 26692K->4K(30016K), 0.0019762 secs] 360224K->333536K(449140K), 0.0020302 secs] [Times: user=0.01 sys=0.00, real=0.00 secs] 
2020-10-28T09:48:30.125+0000: [GC (Allocation Failure) 2020-10-28T09:48:30.125+0000: [ParNew: 26692K->4K(30016K), 0.0019544 secs] 360224K->333536K(449140K), 0.0020081 secs] [Times: user=0.01 sys=0.00, real=0.00 secs] 
2020-10-28T09:48:30.151+0000: [GC (Allocation Failure) 2020-10-28T09:48:30.151+0000: [ParNew: 26692K->4K(30016K), 0.0019892 secs] 360224K->333536K(449140K), 0.0020458 secs] [Times: user=0.01 sys=0.00, real=0.01 secs] 
2020-10-28T09:48:30.177+0000: [GC (Allocation Failure) 2020-10-28T09:48:30.177+0000: [ParNew: 26692K->4K(30016K), 0.0018890 secs] 360224K->333536K(449140K), 0.0019573 secs] [Times: user=0.01 sys=0.00, real=0.00 secs] 
2020-10-28T09:48:30.204+0000: [GC (Allocation Failure) 2020-10-28T09:48:30.204+0000: [ParNew: 26692K->4K(30016K), 0.0020036 secs] 360224K->333536K(449140K), 0.0020501 secs] [Times: user=0.00 sys=0.00, real=0.00 secs] 
2020-10-28T09:48:30.225+0000: [GC (Allocation Failure) 2020-10-28T09:48:30.225+0000: [ParNew: 26692K->4K(30016K), 0.0077951 secs] 360224K->341728K(449140K), 0.0078677 secs] [Times: user=0.00 sys=0.01, real=0.01 secs] 
2020-10-28T09:48:30.261+0000: [GC (Allocation Failure) 2020-10-28T09:48:30.261+0000: [ParNew: 26692K->4K(30016K), 0.0019292 secs] 368416K->341728K(449140K), 0.0019817 secs] [Times: user=0.01 sys=0.00, real=0.00 secs] 
2020-10-28T09:48:30.283+0000: [GC (Allocation Failure) 2020-10-28T09:48:30.283+0000: [ParNew: 19720K->4K(30016K), 0.0018650 secs] 361444K->341728K(449140K), 0.0019174 secs] [Times: user=0.01 sys=0.00, real=0.00 secs] 
2020-10-28T09:48:30.302+0000: [GC (Allocation Failure) 2020-10-28T09:48:30.302+0000: [ParNew: 26692K->4K(30016K), 0.0072742 secs] 368416K->349920K(449140K), 0.0073270 secs] [Times: user=0.01 sys=0.00, real=0.00 secs] 
2020-10-28T09:48:30.333+0000: [GC (Allocation Failure) 2020-10-28T09:48:30.333+0000: [ParNew: 26692K->4K(30016K), 0.0019858 secs] 376608K->349920K(449140K), 0.0020386 secs] [Times: user=0.00 sys=0.00, real=0.01 secs] 
2020-10-28T09:48:30.361+0000: [GC (Allocation Failure) 2020-10-28T09:48:30.361+0000: [ParNew: 26692K->4K(30016K), 0.0019514 secs] 376608K->349920K(449140K), 0.0020127 secs] [Times: user=0.00 sys=0.00, real=0.00 secs] 
2020-10-28T09:48:30.389+0000: [GC (Allocation Failure) 2020-10-28T09:48:30.389+0000: [ParNew: 26692K->4K(30016K), 0.0020020 secs] 376608K->349920K(449140K), 0.0020550 secs] [Times: user=0.00 sys=0.00, real=0.00 secs] 
2020-10-28T09:48:30.449+0000: [GC (Allocation Failure) 2020-10-28T09:48:30.449+0000: [ParNew: 26692K->96K(30016K), 0.0044967 secs] 376608K->350013K(449140K), 0.0045529 secs] [Times: user=0.01 sys=0.00, real=0.01 secs] 
2020-10-28T09:48:30.453+0000: [CMS-concurrent-abortable-preclean: 0.084/2.059 secs] [Times: user=3.71 sys=0.19, real=2.06 secs] 
2020-10-28T09:48:30.454+0000: [GC (CMS Final Remark) [YG occupancy: 382 K (30016 K)]2020-10-28T09:48:30.454+0000: [Rescan (parallel) , 0.0026091 secs]2020-10-28T09:48:30.456+0000: [weak refs processing, 0.0000590 secs]2020-10-28T09:48:30.456+0000: [class unloading, 0.0139264 secs]2020-10-28T09:48:30.470+0000: [scrub symbol table, 0.0102866 secs]2020-10-28T09:48:30.481+0000: [scrub string table, 0.0008469 secs][1 CMS-remark: 349916K(419124K)] 350299K(449140K), 0.0278690 secs] [Times: user=0.06 sys=0.00, real=0.03 secs] 
2020-10-28T09:48:30.485+0000: [CMS-concurrent-sweep-start]
2020-10-28T09:48:30.507+0000: [CMS-concurrent-sweep: 0.022/0.022 secs] [Times: user=0.04 sys=0.00, real=0.02 secs] 
2020-10-28T09:48:30.508+0000: [CMS-concurrent-reset-start]
2020-10-28T09:48:30.509+0000: [CMS-concurrent-reset: 0.002/0.002 secs] [Times: user=0.01 sys=0.00, real=0.00 secs] 
2020-10-28T09:48:30.521+0000: [GC (Allocation Failure) 2020-10-28T09:48:30.521+0000: [ParNew: 26784K->62K(30016K), 0.0032307 secs] 328900K->302178K(533544K), 0.0032826 secs] [Times: user=0.01 sys=0.00, real=0.00 secs] 
2020-10-28T09:48:30.552+0000: [GC (Allocation Failure) 2020-10-28T09:48:30.552+0000: [ParNew: 26750K->57K(30016K), 0.0023162 secs] 328866K->302173K(533544K), 0.0023724 secs] [Times: user=0.00 sys=0.00, real=0.01 secs] 
2020-10-28T09:48:30.578+0000: [GC (Allocation Failure) 2020-10-28T09:48:30.578+0000: [ParNew: 26745K->61K(30016K), 0.0023762 secs] 328861K->302177K(533544K), 0.0024310 secs] [Times: user=0.00 sys=0.00, real=0.00 secs] 
2020-10-28T09:48:30.608+0000: [GC (Allocation Failure) 2020-10-28T09:48:30.608+0000: [ParNew: 26749K->61K(30016K), 0.0023666 secs] 361633K->334945K(533544K), 0.0024233 secs] [Times: user=0.00 sys=0.00, real=0.00 secs] 
2020-10-28T09:48:30.611+0000: [GC (CMS Initial Mark) [1 CMS-initial-mark: 334884K(503528K)] 335303K(533544K), 0.0011835 secs] [Times: user=0.01 sys=0.00, real=0.00 secs] 
2020-10-28T09:48:30.612+0000: [CMS-concurrent-mark-start]
2020-10-28T09:48:30.656+0000: [CMS-concurrent-mark: 0.045/0.045 secs] [Times: user=0.08 sys=0.00, real=0.05 secs] 
2020-10-28T09:48:30.657+0000: [GC (Allocation Failure) 2020-10-28T09:48:30.657+0000: [ParNew: 26749K->61K(30016K), 0.0022812 secs] 361633K->334945K(533544K), 0.0023213 secs] [Times: user=0.01 sys=0.00, real=0.00 secs] 
2020-10-28T09:48:30.659+0000: [CMS-concurrent-preclean-start]
2020-10-28T09:48:30.660+0000: [CMS-concurrent-preclean: 0.001/0.002 secs] [Times: user=0.00 sys=0.00, real=0.00 secs] 
2020-10-28T09:48:30.661+0000: [GC (CMS Final Remark) [YG occupancy: 1026 K (30016 K)]2020-10-28T09:48:30.661+0000: [Rescan (parallel) , 0.0017574 secs]2020-10-28T09:48:30.662+0000: [weak refs processing, 0.0000244 secs]2020-10-28T09:48:30.662+0000: [class unloading, 0.0080756 secs]2020-10-28T09:48:30.671+0000: [scrub symbol table, 0.0086909 secs]2020-10-28T09:48:30.679+0000: [scrub string table, 0.0005604 secs][1 CMS-remark: 334884K(503528K)] 335910K(533544K), 0.0192105 secs] [Times: user=0.02 sys=0.00, real=0.02 secs] 
2020-10-28T09:48:30.680+0000: [CMS-concurrent-sweep-start]
2020-10-28T09:48:30.692+0000: [CMS-concurrent-sweep: 0.012/0.012 secs] [Times: user=0.02 sys=0.00, real=0.01 secs] 
2020-10-28T09:48:30.692+0000: [CMS-concurrent-reset-start]
2020-10-28T09:48:30.694+0000: [CMS-concurrent-reset: 0.002/0.002 secs] [Times: user=0.01 sys=0.00, real=0.01 secs] 
2020-10-28T09:48:30.710+0000: [GC (Allocation Failure) 2020-10-28T09:48:30.710+0000: [ParNew: 26749K->41K(30016K), 0.0025654 secs] 361540K->334871K(588004K), 0.0026151 secs] [Times: user=0.00 sys=0.00, real=0.00 secs] 
2020-10-28T09:48:30.762+0000: [GC (Allocation Failure) 2020-10-28T09:48:30.762+0000: [ParNew: 26729K->10K(30016K), 0.0023667 secs] 394327K->367609K(588004K), 0.0024474 secs] [Times: user=0.00 sys=0.00, real=0.00 secs] 
2020-10-28T09:48:30.768+0000: [GC (CMS Initial Mark) [1 CMS-initial-mark: 367598K(557988K)] 368800K(588004K), 0.0023434 secs] [Times: user=0.00 sys=0.00, real=0.00 secs] 
2020-10-28T09:48:30.770+0000: [CMS-concurrent-mark-start]
2020-10-28T09:48:30.802+0000: [GC (Allocation Failure) 2020-10-28T09:48:30.802+0000: [ParNew: 26698K->4K(30016K), 0.0022642 secs] 394297K->367602K(588004K), 0.0023346 secs] [Times: user=0.01 sys=0.00, real=0.00 secs] 
2020-10-28T09:48:30.837+0000: [GC (Allocation Failure) 2020-10-28T09:48:30.837+0000: [ParNew: 26692K->4K(30016K), 0.0022417 secs] 394290K->367602K(588004K), 0.0022963 secs] [Times: user=0.00 sys=0.00, real=0.00 secs] 
2020-10-28T09:48:30.860+0000: [CMS-concurrent-mark: 0.076/0.090 secs] [Times: user=0.17 sys=0.00, real=0.09 secs] 
2020-10-28T09:48:30.860+0000: [CMS-concurrent-preclean-start]
2020-10-28T09:48:30.866+0000: [CMS-concurrent-preclean: 0.006/0.006 secs] [Times: user=0.00 sys=0.01, real=0.01 secs] 
2020-10-28T09:48:30.866+0000: [GC (Allocation Failure) 2020-10-28T09:48:30.866+0000: [ParNew: 23034K->4K(30016K), 0.0019810 secs] 390632K->367602K(588004K), 0.0020519 secs] [Times: user=0.01 sys=0.00, real=0.00 secs] 
2020-10-28T09:48:30.874+0000: [CMS-concurrent-abortable-preclean-start]
2020-10-28T09:48:30.886+0000: [GC (Allocation Failure) 2020-10-28T09:48:30.886+0000: [ParNew: 26692K->4K(30016K), 0.0029470 secs] 394290K->375794K(588004K), 0.0029927 secs] [Times: user=0.01 sys=0.00, real=0.00 secs] 
2020-10-28T09:48:30.889+0000: [CMS-concurrent-abortable-preclean: 0.002/0.015 secs] [Times: user=0.03 sys=0.00, real=0.01 secs] 
2020-10-28T09:48:30.893+0000: [GC (CMS Final Remark) [YG occupancy: 554 K (30016 K)]2020-10-28T09:48:30.893+0000: [Rescan (parallel) , 0.0013844 secs]2020-10-28T09:48:30.894+0000: [weak refs processing, 0.0000250 secs]2020-10-28T09:48:30.894+0000: [class unloading, 0.0076996 secs]2020-10-28T09:48:30.902+0000: [scrub symbol table, 0.0087362 secs]2020-10-28T09:48:30.911+0000: [scrub string table, 0.0005593 secs][1 CMS-remark: 375790K(557988K)] 376345K(588004K), 0.0185066 secs] [Times: user=0.02 sys=0.00, real=0.02 secs] 
2020-10-28T09:48:30.917+0000: [CMS-concurrent-sweep-start]
2020-10-28T09:48:30.934+0000: [GC (Allocation Failure) 2020-10-28T09:48:30.934+0000: [ParNew: 26692K->4K(30016K), 0.0079781 secs] 402482K->383986K(588004K), 0.0080334 secs] [Times: user=0.01 sys=0.00, real=0.01 secs] 
2020-10-28T09:48:30.945+0000: [CMS-concurrent-sweep: 0.019/0.027 secs] [Times: user=0.05 sys=0.00, real=0.03 secs] 
2020-10-28T09:48:30.945+0000: [CMS-concurrent-reset-start]
2020-10-28T09:48:30.947+0000: [CMS-concurrent-reset: 0.002/0.002 secs] [Times: user=0.00 sys=0.00, real=0.00 secs] 
2020-10-28T09:48:30.968+0000: [GC (Allocation Failure) 2020-10-28T09:48:30.969+0000: [ParNew: 26692K->4K(30016K), 0.0025912 secs] 410674K->383986K(669988K), 0.0026449 secs] [Times: user=0.01 sys=0.00, real=0.00 secs] 
2020-10-28T09:48:30.997+0000: [GC (Allocation Failure) 2020-10-28T09:48:30.997+0000: [ParNew: 26692K->4K(30016K), 0.0025287 secs] 410674K->383986K(669988K), 0.0025828 secs] [Times: user=0.01 sys=0.00, real=0.00 secs] 
2020-10-28T09:48:31.023+0000: [GC (Allocation Failure) 2020-10-28T09:48:31.023+0000: [ParNew: 26692K->4K(30016K), 0.0025841 secs] 410674K->383986K(669988K), 0.0026375 secs] [Times: user=0.00 sys=0.00, real=0.00 secs] 
2020-10-28T09:48:31.049+0000: [GC (Allocation Failure) 2020-10-28T09:48:31.049+0000: [ParNew: 26692K->4K(30016K), 0.0025746 secs] 410674K->383986K(669988K), 0.0026296 secs] [Times: user=0.00 sys=0.00, real=0.00 secs] 
2020-10-28T09:48:31.075+0000: [GC (Allocation Failure) 2020-10-28T09:48:31.075+0000: [ParNew: 26692K->4K(30016K), 0.0025935 secs] 410674K->383986K(669988K), 0.0026476 secs] [Times: user=0.00 sys=0.00, real=0.00 secs] 
2020-10-28T09:48:31.102+0000: [GC (Allocation Failure) 2020-10-28T09:48:31.102+0000: [ParNew: 26692K->4K(30016K), 0.0025303 secs] 410674K->383986K(669988K), 0.0025843 secs] [Times: user=0.01 sys=0.00, real=0.00 secs] 
2020-10-28T09:48:31.133+0000: [GC (Allocation Failure) 2020-10-28T09:48:31.133+0000: [ParNew: 26692K->4K(30016K), 0.0025632 secs] 410674K->383986K(669988K), 0.0026177 secs] [Times: user=0.01 sys=0.00, real=0.00 secs] 
2020-10-28T09:48:31.161+0000: [GC (Allocation Failure) 2020-10-28T09:48:31.161+0000: [ParNew: 26692K->4K(30016K), 0.0042785 secs] 410674K->383986K(669988K), 0.0043481 secs] [Times: user=0.01 sys=0.00, real=0.01 secs] 
2020-10-28T09:48:31.189+0000: [GC (Allocation Failure) 2020-10-28T09:48:31.189+0000: [ParNew: 26692K->4K(30016K), 0.0025862 secs] 410674K->383986K(669988K), 0.0026411 secs] [Times: user=0.00 sys=0.00, real=0.00 secs] 
2020-10-28T09:48:31.217+0000: [GC (Allocation Failure) 2020-10-28T09:48:31.217+0000: [ParNew: 26692K->4K(30016K), 0.0025513 secs] 410674K->383986K(669988K), 0.0026059 secs] [Times: user=0.01 sys=0.00, real=0.00 secs] 
2020-10-28T09:48:31.243+0000: [GC (Allocation Failure) 2020-10-28T09:48:31.243+0000: [ParNew: 26692K->4K(30016K), 0.0025916 secs] 410674K->383986K(669988K), 0.0026463 secs] [Times: user=0.01 sys=0.00, real=0.00 secs] 
2020-10-28T09:48:31.273+0000: [GC (Allocation Failure) 2020-10-28T09:48:31.273+0000: [ParNew: 26692K->4K(30016K), 0.0025553 secs] 410674K->383986K(669988K), 0.0026099 secs] [Times: user=0.01 sys=0.00, real=0.00 secs] 
2020-10-28T09:48:31.301+0000: [GC (Allocation Failure) 2020-10-28T09:48:31.301+0000: [ParNew: 26692K->4K(30016K), 0.0025680 secs] 410674K->383987K(669988K), 0.0026236 secs] [Times: user=0.01 sys=0.00, real=0.00 secs] 
2020-10-28T09:48:31.327+0000: [GC (Allocation Failure) 2020-10-28T09:48:31.327+0000: [ParNew: 26692K->4K(30016K), 0.0026164 secs] 410675K->383987K(669988K), 0.0026700 secs] [Times: user=0.00 sys=0.00, real=0.00 secs] 
2020-10-28T09:48:31.349+0000: [GC (Allocation Failure) 2020-10-28T09:48:31.349+0000: [ParNew: 26692K->4K(30016K), 0.0082825 secs] 410675K->392179K(669988K), 0.0083408 secs] [Times: user=0.01 sys=0.01, real=0.01 secs] 
2020-10-28T09:48:31.381+0000: [GC (Allocation Failure) 2020-10-28T09:48:31.381+0000: [ParNew: 26692K->4K(30016K), 0.0026391 secs] 418867K->392179K(669988K), 0.0026953 secs] [Times: user=0.00 sys=0.00, real=0.00 secs] 
2020-10-28T09:48:31.401+0000: [GC (Allocation Failure) 2020-10-28T09:48:31.401+0000: [ParNew: 26692K->4K(30016K), 0.0081900 secs] 418867K->400371K(669988K), 0.0082463 secs] [Times: user=0.00 sys=0.01, real=0.01 secs] 
2020-10-28T09:48:31.437+0000: [GC (Allocation Failure) 2020-10-28T09:48:31.437+0000: [ParNew: 26692K->4K(30016K), 0.0025689 secs] 427059K->400371K(669988K), 0.0026161 secs] [Times: user=0.01 sys=0.00, real=0.00 secs] 
2020-10-28T09:48:31.465+0000: [GC (Allocation Failure) 2020-10-28T09:48:31.465+0000: [ParNew: 26692K->4K(30016K), 0.0025617 secs] 427059K->400371K(669988K), 0.0026155 secs] [Times: user=0.01 sys=0.00, real=0.00 secs] 
2020-10-28T09:48:31.493+0000: [GC (Allocation Failure) 2020-10-28T09:48:31.493+0000: [ParNew: 26692K->4K(30016K), 0.0025599 secs] 427059K->400371K(669988K), 0.0026149 secs] [Times: user=0.01 sys=0.00, real=0.00 secs] 
2020-10-28T09:48:31.521+0000: [GC (Allocation Failure) 2020-10-28T09:48:31.521+0000: [ParNew: 26692K->4K(30016K), 0.0025423 secs] 427059K->400371K(669988K), 0.0025952 secs] [Times: user=0.00 sys=0.00, real=0.00 secs] 
2020-10-28T09:48:31.547+0000: [GC (Allocation Failure) 2020-10-28T09:48:31.547+0000: [ParNew: 26692K->4K(30016K), 0.0025625 secs] 427059K->400371K(669988K), 0.0026182 secs] [Times: user=0.01 sys=0.00, real=0.00 secs] 
2020-10-28T09:48:31.573+0000: [GC (Allocation Failure) 2020-10-28T09:48:31.573+0000: [ParNew: 26692K->4K(30016K), 0.0025716 secs] 427059K->400371K(669988K), 0.0026258 secs] [Times: user=0.01 sys=0.00, real=0.01 secs] 
2020-10-28T09:48:31.601+0000: [GC (Allocation Failure) 2020-10-28T09:48:31.601+0000: [ParNew: 26692K->4K(30016K), 0.0025734 secs] 427059K->400371K(669988K), 0.0026363 secs] [Times: user=0.00 sys=0.00, real=0.00 secs] 
2020-10-28T09:48:31.628+0000: [GC (Allocation Failure) 2020-10-28T09:48:31.628+0000: [ParNew: 26692K->4K(30016K), 0.0025633 secs] 427059K->400371K(669988K), 0.0026288 secs] [Times: user=0.01 sys=0.00, real=0.00 secs] 
2020-10-28T09:48:31.654+0000: [GC (Allocation Failure) 2020-10-28T09:48:31.654+0000: [ParNew: 26692K->4K(30016K), 0.0025464 secs] 427059K->400371K(669988K), 0.0026008 secs] [Times: user=0.01 sys=0.00, real=0.00 secs] 
2020-10-28T09:48:31.680+0000: [GC (Allocation Failure) 2020-10-28T09:48:31.680+0000: [ParNew: 26692K->4K(30016K), 0.0025756 secs] 427059K->400371K(669988K), 0.0026300 secs] [Times: user=0.01 sys=0.00, real=0.01 secs] 
2020-10-28T09:48:31.708+0000: [GC (Allocation Failure) 2020-10-28T09:48:31.708+0000: [ParNew: 26692K->4K(30016K), 0.0025616 secs] 427059K->400371K(669988K), 0.0026160 secs] [Times: user=0.00 sys=0.00, real=0.00 secs] 
2020-10-28T09:48:31.737+0000: [GC (Allocation Failure) 2020-10-28T09:48:31.737+0000: [ParNew: 26692K->4K(30016K), 0.0025458 secs] 427059K->400371K(669988K), 0.0026016 secs] [Times: user=0.00 sys=0.00, real=0.00 secs] 
2020-10-28T09:48:31.763+0000: [GC (Allocation Failure) 2020-10-28T09:48:31.763+0000: [ParNew: 26692K->4K(30016K), 0.0025576 secs] 427059K->400371K(669988K), 0.0026134 secs] [Times: user=0.00 sys=0.00, real=0.00 secs] 
2020-10-28T09:48:31.793+0000: [GC (Allocation Failure) 2020-10-28T09:48:31.793+0000: [ParNew: 26692K->4K(30016K), 0.0025532 secs] 427059K->400371K(669988K), 0.0026084 secs] [Times: user=0.00 sys=0.00, real=0.01 secs] 
2020-10-28T09:48:31.817+0000: [GC (Allocation Failure) 2020-10-28T09:48:31.817+0000: [ParNew: 26692K->4K(30016K), 0.0080239 secs] 427059K->408563K(669988K), 0.0080820 secs] [Times: user=0.01 sys=0.01, real=0.01 secs] 
2020-10-28T09:48:31.845+0000: [GC (Allocation Failure) 2020-10-28T09:48:31.845+0000: [ParNew: 22059K->4K(30016K), 0.0025699 secs] 430619K->408563K(669988K), 0.0026247 secs] [Times: user=0.01 sys=0.00, real=0.00 secs] 
2020-10-28T09:48:31.865+0000: [GC (Allocation Failure) 2020-10-28T09:48:31.865+0000: [ParNew: 26692K->4K(30016K), 0.0081723 secs] 435251K->416755K(669988K), 0.0082270 secs] [Times: user=0.02 sys=0.00, real=0.01 secs] 
2020-10-28T09:48:31.897+0000: [GC (Allocation Failure) 2020-10-28T09:48:31.897+0000: [ParNew: 26692K->4K(30016K), 0.0026072 secs] 443443K->416755K(669988K), 0.0026624 secs] [Times: user=0.00 sys=0.01, real=0.00 secs] 
2020-10-28T09:48:31.925+0000: [GC (Allocation Failure) 2020-10-28T09:48:31.925+0000: [ParNew: 26692K->4K(30016K), 0.0025291 secs] 443443K->416755K(669988K), 0.0025836 secs] [Times: user=0.01 sys=0.00, real=0.00 secs] 
2020-10-28T09:48:31.953+0000: [GC (Allocation Failure) 2020-10-28T09:48:31.953+0000: [ParNew: 26692K->4K(30016K), 0.0025241 secs] 443443K->416755K(669988K), 0.0025787 secs] [Times: user=0.01 sys=0.00, real=0.00 secs] 
2020-10-28T09:48:31.985+0000: [GC (Allocation Failure) 2020-10-28T09:48:31.985+0000: [ParNew: 26692K->4K(30016K), 0.0025702 secs] 443443K->416755K(669988K), 0.0026273 secs] [Times: user=0.00 sys=0.00, real=0.00 secs] 
2020-10-28T09:48:32.013+0000: [GC (Allocation Failure) 2020-10-28T09:48:32.013+0000: [ParNew: 26692K->4K(30016K), 0.0025249 secs] 443443K->416755K(669988K), 0.0025804 secs] [Times: user=0.00 sys=0.00, real=0.00 secs] 
2020-10-28T09:48:32.039+0000: [GC (Allocation Failure) 2020-10-28T09:48:32.039+0000: [ParNew: 26692K->4K(30016K), 0.0025357 secs] 443443K->416755K(669988K), 0.0025903 secs] [Times: user=0.00 sys=0.00, real=0.01 secs] 
2020-10-28T09:48:32.065+0000: [GC (Allocation Failure) 2020-10-28T09:48:32.065+0000: [ParNew: 26692K->4K(30016K), 0.0025262 secs] 443443K->416755K(669988K), 0.0025814 secs] [Times: user=0.00 sys=0.00, real=0.00 secs] 
2020-10-28T09:48:32.090+0000: [GC (Allocation Failure) 2020-10-28T09:48:32.090+0000: [ParNew: 26692K->4K(30016K), 0.0025309 secs] 443443K->416755K(669988K), 0.0025840 secs] [Times: user=0.00 sys=0.00, real=0.00 secs] 
2020-10-28T09:48:32.116+0000: [GC (Allocation Failure) 2020-10-28T09:48:32.116+0000: [ParNew: 26692K->4K(30016K), 0.0025671 secs] 443443K->416755K(669988K), 0.0026214 secs] [Times: user=0.00 sys=0.00, real=0.00 secs] 
2020-10-28T09:48:32.142+0000: [GC (Allocation Failure) 2020-10-28T09:48:32.142+0000: [ParNew: 26692K->4K(30016K), 0.0025203 secs] 443443K->416755K(669988K), 0.0025739 secs] [Times: user=0.00 sys=0.00, real=0.00 secs] 
2020-10-28T09:48:32.169+0000: [GC (Allocation Failure) 2020-10-28T09:48:32.169+0000: [ParNew: 26692K->4K(30016K), 0.0025165 secs] 443443K->416755K(669988K), 0.0025715 secs] [Times: user=0.00 sys=0.00, real=0.00 secs] 
2020-10-28T09:48:32.197+0000: [GC (Allocation Failure) 2020-10-28T09:48:32.197+0000: [ParNew: 26692K->4K(30016K), 0.0025036 secs] 443443K->416755K(669988K), 0.0025560 secs] [Times: user=0.00 sys=0.00, real=0.00 secs] 
2020-10-28T09:48:32.223+0000: [GC (Allocation Failure) 2020-10-28T09:48:32.223+0000: [ParNew: 26692K->4K(30016K), 0.0025461 secs] 443443K->416755K(669988K), 0.0025985 secs] [Times: user=0.00 sys=0.00, real=0.00 secs] 
2020-10-28T09:48:32.253+0000: [GC (Allocation Failure) 2020-10-28T09:48:32.253+0000: [ParNew: 22656K->4K(30016K), 0.0025603 secs] 439407K->416755K(669988K), 0.0026153 secs] [Times: user=0.00 sys=0.00, real=0.00 secs] 
2020-10-28T09:48:32.273+0000: [GC (Allocation Failure) 2020-10-28T09:48:32.273+0000: [ParNew: 26692K->4K(30016K), 0.0081860 secs] 443443K->424947K(669988K), 0.0082435 secs] [Times: user=0.02 sys=0.00, real=0.01 secs] 
2020-10-28T09:48:32.304+0000: [GC (Allocation Failure) 2020-10-28T09:48:32.304+0000: [ParNew: 26692K->4K(30016K), 0.0025707 secs] 451635K->424947K(669988K), 0.0026260 secs] [Times: user=0.01 sys=0.00, real=0.00 secs] 
2020-10-28T09:48:32.324+0000: [GC (Allocation Failure) 2020-10-28T09:48:32.324+0000: [ParNew: 26692K->4K(30016K), 0.0124876 secs] 451635K->433139K(669988K), 0.0125447 secs] [Times: user=0.02 sys=0.01, real=0.01 secs] 
2020-10-28T09:48:32.361+0000: [GC (Allocation Failure) 2020-10-28T09:48:32.361+0000: [ParNew: 26692K->4K(30016K), 0.0025956 secs] 459827K->433139K(669988K), 0.0026519 secs] [Times: user=0.01 sys=0.00, real=0.00 secs] 
2020-10-28T09:48:32.389+0000: [GC (Allocation Failure) 2020-10-28T09:48:32.389+0000: [ParNew: 26692K->4K(30016K), 0.0025193 secs] 459827K->433139K(669988K), 0.0025759 secs] [Times: user=0.00 sys=0.00, real=0.00 secs] 
2020-10-28T09:48:32.417+0000: [GC (Allocation Failure) 2020-10-28T09:48:32.417+0000: [ParNew: 26692K->4K(30016K), 0.0025134 secs] 459827K->433139K(669988K), 0.0025676 secs] [Times: user=0.01 sys=0.00, real=0.00 secs] 
2020-10-28T09:48:32.443+0000: [GC (Allocation Failure) 2020-10-28T09:48:32.443+0000: [ParNew: 26692K->4K(30016K), 0.0025081 secs] 459827K->433139K(669988K), 0.0025535 secs] [Times: user=0.00 sys=0.00, real=0.00 secs] 
2020-10-28T09:48:32.474+0000: [GC (Allocation Failure) 2020-10-28T09:48:32.474+0000: [ParNew: 26692K->4K(30016K), 0.0025037 secs] 459827K->433139K(669988K), 0.0025513 secs] [Times: user=0.00 sys=0.00, real=0.00 secs] 
2020-10-28T09:48:32.501+0000: [GC (Allocation Failure) 2020-10-28T09:48:32.501+0000: [ParNew: 26692K->4K(30016K), 0.0024967 secs] 459827K->433139K(669988K), 0.0025487 secs] [Times: user=0.00 sys=0.00, real=0.00 secs] 
2020-10-28T09:48:32.527+0000: [GC (Allocation Failure) 2020-10-28T09:48:32.527+0000: [ParNew: 26692K->4K(30016K), 0.0025009 secs] 459827K->433139K(669988K), 0.0025544 secs] [Times: user=0.01 sys=0.00, real=0.00 secs] 
2020-10-28T09:48:32.557+0000: [GC (Allocation Failure) 2020-10-28T09:48:32.557+0000: [ParNew: 26692K->4K(30016K), 0.0025161 secs] 459827K->433139K(669988K), 0.0025704 secs] [Times: user=0.01 sys=0.00, real=0.00 secs] 
2020-10-28T09:48:32.583+0000: [GC (Allocation Failure) 2020-10-28T09:48:32.583+0000: [ParNew: 26692K->4K(30016K), 0.0024853 secs] 459827K->433139K(669988K), 0.0025383 secs] [Times: user=0.01 sys=0.00, real=0.00 secs] 
2020-10-28T09:48:32.609+0000: [GC (Allocation Failure) 2020-10-28T09:48:32.609+0000: [ParNew: 26692K->4K(30016K), 0.0025410 secs] 459827K->433139K(669988K), 0.0026009 secs] [Times: user=0.01 sys=0.00, real=0.00 secs] 
2020-10-28T09:48:32.635+0000: [GC (Allocation Failure) 2020-10-28T09:48:32.635+0000: [ParNew: 26692K->4K(30016K), 0.0025065 secs] 459827K->433139K(669988K), 0.0025688 secs] [Times: user=0.00 sys=0.00, real=0.00 secs] 
2020-10-28T09:48:32.661+0000: [GC (Allocation Failure) 2020-10-28T09:48:32.661+0000: [ParNew: 26692K->4K(30016K), 0.0026623 secs] 459827K->433139K(669988K), 0.0027270 secs] [Times: user=0.01 sys=0.00, real=0.00 secs] 
2020-10-28T09:48:32.689+0000: [GC (Allocation Failure) 2020-10-28T09:48:32.689+0000: [ParNew: 26692K->4K(30016K), 0.0025689 secs] 459827K->433139K(669988K), 0.0026234 secs] [Times: user=0.01 sys=0.00, real=0.00 secs] 
2020-10-28T09:48:32.711+0000: [GC (Allocation Failure) 2020-10-28T09:48:32.711+0000: [ParNew: 26692K->4K(30016K), 0.0080742 secs] 459827K->441331K(669988K), 0.0081293 secs] [Times: user=0.01 sys=0.00, real=0.01 secs] 
2020-10-28T09:48:32.745+0000: [GC (Allocation Failure) 2020-10-28T09:48:32.745+0000: [ParNew: 26692K->4K(30016K), 0.0025761 secs] 468019K->441331K(669988K), 0.0026319 secs] [Times: user=0.01 sys=0.00, real=0.00 secs] 
2020-10-28T09:48:32.773+0000: [GC (Allocation Failure) 2020-10-28T09:48:32.773+0000: [ParNew: 26692K->4K(30016K), 0.0024854 secs] 468019K->441331K(669988K), 0.0025392 secs] [Times: user=0.01 sys=0.00, real=0.00 secs] 
2020-10-28T09:48:32.794+0000: [GC (Allocation Failure) 2020-10-28T09:48:32.794+0000: [ParNew: 26692K->4K(30016K), 0.0085674 secs] 468019K->449524K(669988K), 0.0086551 secs] [Times: user=0.01 sys=0.01, real=0.01 secs] 
2020-10-28T09:48:32.804+0000: [GC (CMS Initial Mark) [1 CMS-initial-mark: 449519K(639972K)] 450055K(669988K), 0.0014067 secs] [Times: user=0.01 sys=0.00, real=0.00 secs] 
2020-10-28T09:48:32.813+0000: [CMS-concurrent-mark-start]
2020-10-28T09:48:32.836+0000: [GC (Allocation Failure) 2020-10-28T09:48:32.836+0000: [ParNew: 26692K->4K(30016K), 0.0027178 secs] 476212K->449524K(669988K), 0.0027692 secs] [Times: user=0.00 sys=0.00, real=0.00 secs] 
2020-10-28T09:48:32.868+0000: [CMS-concurrent-mark: 0.052/0.055 secs] [Times: user=0.11 sys=0.00, real=0.05 secs] 
2020-10-28T09:48:32.868+0000: [CMS-concurrent-preclean-start]
2020-10-28T09:48:32.871+0000: [CMS-concurrent-preclean: 0.002/0.002 secs] [Times: user=0.00 sys=0.00, real=0.00 secs] 
2020-10-28T09:48:32.871+0000: [CMS-concurrent-abortable-preclean-start]
2020-10-28T09:48:32.878+0000: [GC (Allocation Failure) 2020-10-28T09:48:32.878+0000: [ParNew: 26692K->4K(30016K), 0.0021264 secs] 476212K->449524K(669988K), 0.0021700 secs] [Times: user=0.00 sys=0.00, real=0.00 secs] 
2020-10-28T09:48:32.905+0000: [GC (Allocation Failure) 2020-10-28T09:48:32.905+0000: [ParNew: 26692K->4K(30016K), 0.0024521 secs] 476212K->449524K(669988K), 0.0025068 secs] [Times: user=0.00 sys=0.00, real=0.00 secs] 
2020-10-28T09:48:32.932+0000: [GC (Allocation Failure) 2020-10-28T09:48:32.932+0000: [ParNew: 26692K->4K(30016K), 0.0025177 secs] 476212K->449524K(669988K), 0.0025735 secs] [Times: user=0.00 sys=0.00, real=0.01 secs] 
2020-10-28T09:48:32.958+0000: [GC (Allocation Failure) 2020-10-28T09:48:32.958+0000: [ParNew: 26692K->4K(30016K), 0.0024527 secs] 476212K->449524K(669988K), 0.0025069 secs] [Times: user=0.01 sys=0.00, real=0.00 secs] 
2020-10-28T09:48:32.985+0000: [GC (Allocation Failure) 2020-10-28T09:48:32.985+0000: [ParNew: 26692K->4K(30016K), 0.0024936 secs] 476212K->449524K(669988K), 0.0025479 secs] [Times: user=0.01 sys=0.00, real=0.00 secs] 
2020-10-28T09:48:33.012+0000: [GC (Allocation Failure) 2020-10-28T09:48:33.012+0000: [ParNew: 26692K->4K(30016K), 0.0048238 secs] 476212K->449524K(669988K), 0.0048824 secs] [Times: user=0.01 sys=0.00, real=0.01 secs] 
2020-10-28T09:48:33.043+0000: [GC (Allocation Failure) 2020-10-28T09:48:33.043+0000: [ParNew: 26692K->4K(30016K), 0.0030493 secs] 476212K->449524K(669988K), 0.0031002 secs] [Times: user=0.00 sys=0.00, real=0.00 secs] 
2020-10-28T09:48:33.073+0000: [GC (Allocation Failure) 2020-10-28T09:48:33.073+0000: [ParNew: 26692K->4K(30016K), 0.0026198 secs] 476212K->449524K(669988K), 0.0026840 secs] [Times: user=0.01 sys=0.00, real=0.01 secs] 
2020-10-28T09:48:33.105+0000: [GC (Allocation Failure) 2020-10-28T09:48:33.105+0000: [ParNew: 26692K->4K(30016K), 0.0029878 secs] 476212K->449524K(669988K), 0.0030539 secs] [Times: user=0.01 sys=0.00, real=0.00 secs] 
2020-10-28T09:48:33.136+0000: [GC (Allocation Failure) 2020-10-28T09:48:33.136+0000: [ParNew: 26692K->4K(30016K), 0.0026982 secs] 476212K->449524K(669988K), 0.0027546 secs] [Times: user=0.00 sys=0.00, real=0.00 secs] 
2020-10-28T09:48:33.165+0000: [GC (Allocation Failure) 2020-10-28T09:48:33.165+0000: [ParNew: 26692K->4K(30016K), 0.0026449 secs] 476212K->449524K(669988K), 0.0026970 secs] [Times: user=0.01 sys=0.00, real=0.00 secs] 
2020-10-28T09:48:33.187+0000: [GC (Allocation Failure) 2020-10-28T09:48:33.187+0000: [ParNew: 26692K->4K(30016K), 0.0130494 secs] 476212K->457716K(669988K), 0.0131007 secs] [Times: user=0.02 sys=0.00, real=0.01 secs] 
2020-10-28T09:48:33.224+0000: [GC (Allocation Failure) 2020-10-28T09:48:33.224+0000: [ParNew: 26692K->4K(30016K), 0.0025247 secs] 484404K->457716K(669988K), 0.0025803 secs] [Times: user=0.01 sys=0.00, real=0.00 secs] 
2020-10-28T09:48:33.251+0000: [GC (Allocation Failure) 2020-10-28T09:48:33.251+0000: [ParNew: 26692K->4K(30016K), 0.0025533 secs] 484404K->457716K(669988K), 0.0026077 secs] [Times: user=0.01 sys=0.00, real=0.01 secs] 
2020-10-28T09:48:33.281+0000: [GC (Allocation Failure) 2020-10-28T09:48:33.281+0000: [ParNew: 26692K->4K(30016K), 0.0066028 secs] 484404K->457716K(669988K), 0.0066661 secs] [Times: user=0.00 sys=0.00, real=0.00 secs] 
2020-10-28T09:48:33.314+0000: [GC (Allocation Failure) 2020-10-28T09:48:33.314+0000: [ParNew: 26692K->4K(30016K), 0.0080549 secs] 484404K->465908K(669988K), 0.0081151 secs] [Times: user=0.01 sys=0.00, real=0.01 secs] 
2020-10-28T09:48:33.347+0000: [GC (Allocation Failure) 2020-10-28T09:48:33.347+0000: [ParNew: 26692K->4K(30016K), 0.0025385 secs] 492596K->465908K(669988K), 0.0025910 secs] [Times: user=0.00 sys=0.00, real=0.00 secs] 
2020-10-28T09:48:33.377+0000: [GC (Allocation Failure) 2020-10-28T09:48:33.377+0000: [ParNew: 26692K->4K(30016K), 0.0025210 secs] 492596K->465908K(669988K), 0.0025740 secs] [Times: user=0.01 sys=0.00, real=0.00 secs] 
2020-10-28T09:48:33.405+0000: [GC (Allocation Failure) 2020-10-28T09:48:33.405+0000: [ParNew: 26692K->4K(30016K), 0.0025160 secs] 492596K->465908K(669988K), 0.0025709 secs] [Times: user=0.00 sys=0.00, real=0.00 secs] 
2020-10-28T09:48:33.433+0000: [GC (Allocation Failure) 2020-10-28T09:48:33.433+0000: [ParNew: 26692K->4K(30016K), 0.0031586 secs] 492596K->465908K(669988K), 0.0032116 secs] [Times: user=0.00 sys=0.00, real=0.00 secs] 
2020-10-28T09:48:33.461+0000: [GC (Allocation Failure) 2020-10-28T09:48:33.461+0000: [ParNew: 26692K->4K(30016K), 0.0025095 secs] 492596K->465908K(669988K), 0.0025632 secs] [Times: user=0.01 sys=0.00, real=0.01 secs] 
2020-10-28T09:48:33.488+0000: [GC (Allocation Failure) 2020-10-28T09:48:33.488+0000: [ParNew: 26692K->4K(30016K), 0.0024938 secs] 492596K->465908K(669988K), 0.0025469 secs] [Times: user=0.00 sys=0.00, real=0.00 secs] 
2020-10-28T09:48:33.515+0000: [GC (Allocation Failure) 2020-10-28T09:48:33.515+0000: [ParNew: 26692K->4K(30016K), 0.0025152 secs] 492596K->465908K(669988K), 0.0025700 secs] [Times: user=0.01 sys=0.00, real=0.00 secs] 
2020-10-28T09:48:33.545+0000: [GC (Allocation Failure) 2020-10-28T09:48:33.545+0000: [ParNew: 26692K->4K(30016K), 0.0024856 secs] 492596K->465908K(669988K), 0.0025398 secs] [Times: user=0.00 sys=0.00, real=0.00 secs] 
2020-10-28T09:48:33.573+0000: [GC (Allocation Failure) 2020-10-28T09:48:33.573+0000: [ParNew: 26692K->4K(30016K), 0.0024884 secs] 492596K->465908K(669988K), 0.0025396 secs] [Times: user=0.00 sys=0.00, real=0.00 secs] 
2020-10-28T09:48:33.601+0000: [GC (Allocation Failure) 2020-10-28T09:48:33.601+0000: [ParNew: 26692K->4K(30016K), 0.0025259 secs] 492596K->465908K(669988K), 0.0025764 secs] [Times: user=0.01 sys=0.00, real=0.00 secs] 
2020-10-28T09:48:33.629+0000: [GC (Allocation Failure) 2020-10-28T09:48:33.629+0000: [ParNew: 26692K->4K(30016K), 0.0025097 secs] 492596K->465908K(669988K), 0.0025620 secs] [Times: user=0.01 sys=0.00, real=0.00 secs] 
2020-10-28T09:48:33.651+0000: [GC (Allocation Failure) 2020-10-28T09:48:33.652+0000: [ParNew: 21003K->4K(30016K), 0.0024593 secs] 486908K->465908K(669988K), 0.0025145 secs] [Times: user=0.00 sys=0.00, real=0.01 secs] 
2020-10-28T09:48:33.673+0000: [GC (Allocation Failure) 2020-10-28T09:48:33.673+0000: [ParNew: 26692K->4K(30016K), 0.0082598 secs] 492596K->474100K(669988K), 0.0083181 secs] [Times: user=0.01 sys=0.01, real=0.01 secs] 
2020-10-28T09:48:33.710+0000: [GC (Allocation Failure) 2020-10-28T09:48:33.710+0000: [ParNew: 26692K->4K(30016K), 0.0025567 secs] 500788K->474100K(669988K), 0.0026292 secs] [Times: user=0.00 sys=0.00, real=0.00 secs] 
2020-10-28T09:48:33.741+0000: [GC (Allocation Failure) 2020-10-28T09:48:33.741+0000: [ParNew: 26692K->4K(30016K), 0.0024983 secs] 500788K->474100K(669988K), 0.0025545 secs] [Times: user=0.00 sys=0.00, real=0.00 secs] 
2020-10-28T09:48:33.777+0000: [GC (Allocation Failure) 2020-10-28T09:48:33.777+0000: [ParNew: 26692K->4K(30016K), 0.0027993 secs] 500788K->474100K(669988K), 0.0028677 secs] [Times: user=0.00 sys=0.00, real=0.00 secs] 
2020-10-28T09:48:33.798+0000: [GC (Allocation Failure) 2020-10-28T09:48:33.798+0000: [ParNew: 26692K->4K(30016K), 0.0081681 secs] 500788K->482292K(669988K), 0.0082257 secs] [Times: user=0.01 sys=0.01, real=0.01 secs] 
2020-10-28T09:48:33.831+0000: [GC (Allocation Failure) 2020-10-28T09:48:33.831+0000: [ParNew: 26692K->4K(30016K), 0.0025206 secs] 508980K->482292K(669988K), 0.0025727 secs] [Times: user=0.00 sys=0.00, real=0.01 secs] 
2020-10-28T09:48:33.861+0000: [GC (Allocation Failure) 2020-10-28T09:48:33.861+0000: [ParNew: 26692K->4K(30016K), 0.0025271 secs] 508980K->482292K(669988K), 0.0025831 secs] [Times: user=0.01 sys=0.00, real=0.00 secs] 
2020-10-28T09:48:33.888+0000: [GC (Allocation Failure) 2020-10-28T09:48:33.888+0000: [ParNew: 26692K->4K(30016K), 0.0024716 secs] 508980K->482292K(669988K), 0.0025224 secs] [Times: user=0.01 sys=0.00, real=0.00 secs] 
2020-10-28T09:48:33.917+0000: [GC (Allocation Failure) 2020-10-28T09:48:33.917+0000: [ParNew: 26692K->4K(30016K), 0.0024696 secs] 508980K->482292K(669988K), 0.0025749 secs] [Times: user=0.01 sys=0.00, real=0.00 secs] 
2020-10-28T09:48:33.945+0000: [GC (Allocation Failure) 2020-10-28T09:48:33.945+0000: [ParNew: 26692K->4K(30016K), 0.0024545 secs] 508980K->482292K(669988K), 0.0025088 secs] [Times: user=0.00 sys=0.00, real=0.00 secs] 
2020-10-28T09:48:33.973+0000: [GC (Allocation Failure) 2020-10-28T09:48:33.973+0000: [ParNew: 26692K->4K(30016K), 0.0025006 secs] 508980K->482292K(669988K), 0.0025547 secs] [Times: user=0.00 sys=0.00, real=0.01 secs] 
2020-10-28T09:48:34.001+0000: [GC (Allocation Failure) 2020-10-28T09:48:34.001+0000: [ParNew: 26692K->4K(30016K), 0.0025058 secs] 508980K->482292K(669988K), 0.0025594 secs] [Times: user=0.00 sys=0.00, real=0.00 secs] 
2020-10-28T09:48:34.028+0000: [GC (Allocation Failure) 2020-10-28T09:48:34.028+0000: [ParNew: 26692K->4K(30016K), 0.0024646 secs] 508980K->482292K(669988K), 0.0025204 secs] [Times: user=0.01 sys=0.00, real=0.00 secs] 
2020-10-28T09:48:34.055+0000: [GC (Allocation Failure) 2020-10-28T09:48:34.055+0000: [ParNew: 26692K->4K(30016K), 0.0025025 secs] 508980K->482292K(669988K), 0.0025562 secs] [Times: user=0.01 sys=0.00, real=0.00 secs] 
2020-10-28T09:48:34.082+0000: [GC (Allocation Failure) 2020-10-28T09:48:34.082+0000: [ParNew: 26692K->4K(30016K), 0.0025286 secs] 508980K->482292K(669988K), 0.0025857 secs] [Times: user=0.01 sys=0.00, real=0.00 secs] 
2020-10-28T09:48:34.109+0000: [GC (Allocation Failure) 2020-10-28T09:48:34.109+0000: [ParNew: 26692K->4K(30016K), 0.0024927 secs] 508980K->482292K(669988K), 0.0025440 secs] [Times: user=0.00 sys=0.00, real=0.00 secs] 
2020-10-28T09:48:34.133+0000: [GC (Allocation Failure) 2020-10-28T09:48:34.133+0000: [ParNew: 21290K->4K(30016K), 0.0023947 secs] 503579K->482292K(669988K), 0.0024506 secs] [Times: user=0.01 sys=0.00, real=0.00 secs] 
2020-10-28T09:48:34.154+0000: [GC (Allocation Failure) 2020-10-28T09:48:34.154+0000: [ParNew: 26692K->4K(30016K), 0.0084281 secs] 508980K->490484K(669988K), 0.0084837 secs] [Times: user=0.01 sys=0.00, real=0.01 secs] 
2020-10-28T09:48:34.193+0000: [GC (Allocation Failure) 2020-10-28T09:48:34.193+0000: [ParNew: 26692K->4K(30016K), 0.0024751 secs] 517172K->490484K(669988K), 0.0025264 secs] [Times: user=0.01 sys=0.00, real=0.00 secs] 
2020-10-28T09:48:34.221+0000: [GC (Allocation Failure) 2020-10-28T09:48:34.221+0000: [ParNew: 26692K->4K(30016K), 0.0024804 secs] 517172K->490484K(669988K), 0.0025387 secs] [Times: user=0.00 sys=0.00, real=0.00 secs] 
2020-10-28T09:48:34.248+0000: [GC (Allocation Failure) 2020-10-28T09:48:34.248+0000: [ParNew: 26692K->4K(30016K), 0.0025428 secs] 517172K->490484K(669988K), 0.0026006 secs] [Times: user=0.00 sys=0.00, real=0.00 secs] 
2020-10-28T09:48:34.268+0000: [GC (Allocation Failure) 2020-10-28T09:48:34.268+0000: [ParNew: 26692K->4K(30016K), 0.0079484 secs] 517172K->498676K(669988K), 0.0080029 secs] [Times: user=0.01 sys=0.00, real=0.01 secs] 
2020-10-28T09:48:34.300+0000: [GC (Allocation Failure) 2020-10-28T09:48:34.300+0000: [ParNew: 26692K->4K(30016K), 0.0024832 secs] 525364K->498676K(669988K), 0.0025395 secs] [Times: user=0.00 sys=0.00, real=0.01 secs] 
2020-10-28T09:48:34.329+0000: [GC (Allocation Failure) 2020-10-28T09:48:34.329+0000: [ParNew: 26692K->4K(30016K), 0.0024400 secs] 525364K->498676K(669988K), 0.0024955 secs] [Times: user=0.00 sys=0.00, real=0.00 secs] 
2020-10-28T09:48:34.356+0000: [GC (Allocation Failure) 2020-10-28T09:48:34.356+0000: [ParNew: 26692K->4K(30016K), 0.0024856 secs] 525364K->498676K(669988K), 0.0025430 secs] [Times: user=0.00 sys=0.00, real=0.00 secs] 
2020-10-28T09:48:34.383+0000: [GC (Allocation Failure) 2020-10-28T09:48:34.383+0000: [ParNew: 26692K->4K(30016K), 0.0024753 secs] 525364K->498676K(669988K), 0.0025305 secs] [Times: user=0.00 sys=0.00, real=0.00 secs] 
2020-10-28T09:48:34.410+0000: [GC (Allocation Failure) 2020-10-28T09:48:34.410+0000: [ParNew: 26692K->4K(30016K), 0.0024812 secs] 525364K->498676K(669988K), 0.0025338 secs] [Times: user=0.01 sys=0.00, real=0.00 secs] 
2020-10-28T09:48:34.437+0000: [GC (Allocation Failure) 2020-10-28T09:48:34.437+0000: [ParNew: 26692K->4K(30016K), 0.0024730 secs] 525364K->498676K(669988K), 0.0025304 secs] [Times: user=0.01 sys=0.00, real=0.00 secs] 
2020-10-28T09:48:34.465+0000: [GC (Allocation Failure) 2020-10-28T09:48:34.465+0000: [ParNew: 26692K->4K(30016K), 0.0024220 secs] 525364K->498676K(669988K), 0.0024748 secs] [Times: user=0.01 sys=0.00, real=0.00 secs] 
2020-10-28T09:48:34.492+0000: [GC (Allocation Failure) 2020-10-28T09:48:34.492+0000: [ParNew: 26692K->4K(30016K), 0.0024533 secs] 525364K->498676K(669988K), 0.0025101 secs] [Times: user=0.01 sys=0.00, real=0.01 secs] 
2020-10-28T09:48:34.538+0000: [GC (Allocation Failure) 2020-10-28T09:48:34.539+0000: [ParNew: 26692K->4K(30016K), 0.0025246 secs] 525364K->498676K(669988K), 0.0025811 secs] [Times: user=0.01 sys=0.00, real=0.00 secs] 
2020-10-28T09:48:34.590+0000: [GC (Allocation Failure) 2020-10-28T09:48:34.590+0000: [ParNew: 26692K->4K(30016K), 0.0024545 secs] 525364K->498676K(669988K), 0.0025131 secs] [Times: user=0.00 sys=0.00, real=0.00 secs] 
2020-10-28T09:48:34.637+0000: [GC (Allocation Failure) 2020-10-28T09:48:34.637+0000: [ParNew: 26692K->4K(30016K), 0.0024538 secs] 525364K->498676K(669988K), 0.0025112 secs] [Times: user=0.00 sys=0.00, real=0.00 secs] 
2020-10-28T09:48:34.843+0000: [CMS-concurrent-abortable-preclean: 0.090/1.973 secs] [Times: user=3.62 sys=0.09, real=1.98 secs] 
2020-10-28T09:48:34.848+0000: [GC (CMS Final Remark) [YG occupancy: 26499 K (30016 K)]2020-10-28T09:48:34.848+0000: [Rescan (parallel) , 0.0176367 secs]2020-10-28T09:48:34.865+0000: [weak refs processing, 0.0000329 secs]2020-10-28T09:48:34.865+0000: [class unloading, 0.0076983 secs]2020-10-28T09:48:34.873+0000: [scrub symbol table, 0.0088308 secs]2020-10-28T09:48:34.882+0000: [scrub string table, 0.0005658 secs][1 CMS-remark: 498672K(639972K)] 525172K(669988K), 0.0348974 secs] [Times: user=0.05 sys=0.00, real=0.04 secs] 
2020-10-28T09:48:34.889+0000: [CMS-concurrent-sweep-start]
2020-10-28T09:48:34.900+0000: [CMS-concurrent-sweep: 0.011/0.011 secs] [Times: user=0.03 sys=0.00, real=0.01 secs] 
2020-10-28T09:48:34.901+0000: [CMS-concurrent-reset-start]
2020-10-28T09:48:34.910+0000: [CMS-concurrent-reset: 0.010/0.010 secs] [Times: user=0.02 sys=0.00, real=0.01 secs] 
2020-10-28T09:48:34.926+0000: [GC (Allocation Failure) 2020-10-28T09:48:34.926+0000: [ParNew: 26692K->4K(30016K), 0.0029183 secs] 492596K->465908K(806524K), 0.0029775 secs] [Times: user=0.01 sys=0.00, real=0.00 secs] 
2020-10-28T09:48:35.710+0000: [GC (Allocation Failure) 2020-10-28T09:48:35.710+0000: [ParNew: 26692K->6K(30016K), 0.0037059 secs] 492596K->465910K(806524K), 0.0037827 secs] [Times: user=0.01 sys=0.00, real=0.01 secs] 
2020-10-28T09:48:36.030+0000: [GC (Allocation Failure) 2020-10-28T09:48:36.030+0000: [ParNew: 26694K->145K(30016K), 0.0030103 secs] 492598K->466049K(806524K), 0.0030867 secs] [Times: user=0.01 sys=0.00, real=0.01 secs] 
2020-10-28T09:48:36.298+0000: [GC (Allocation Failure) 2020-10-28T09:48:36.298+0000: [ParNew: 26833K->26K(30016K), 0.0029302 secs] 492737K->465932K(806524K), 0.0030044 secs] [Times: user=0.01 sys=0.00, real=0.00 secs] 
2020-10-28T09:48:36.565+0000: [GC (Allocation Failure) 2020-10-28T09:48:36.565+0000: [ParNew: 26714K->17K(30016K), 0.0029372 secs] 492620K->465922K(806524K), 0.0030102 secs] [Times: user=0.00 sys=0.00, real=0.00 secs] 
2020-10-28T09:48:36.692+0000: [GC (Allocation Failure) 2020-10-28T09:48:36.692+0000: [ParNew: 26705K->25K(30016K), 0.0029127 secs] 492610K->465931K(806524K), 0.0029891 secs] [Times: user=0.01 sys=0.00, real=0.01 secs] 
2020-10-28T09:48:36.748+0000: [GC (Allocation Failure) 2020-10-28T09:48:36.748+0000: [ParNew: 26713K->17K(30016K), 0.0029415 secs] 492619K->465923K(806524K), 0.0030168 secs] [Times: user=0.01 sys=0.00, real=0.00 secs] 
2020-10-28T09:48:36.827+0000: [GC (Allocation Failure) 2020-10-28T09:48:36.828+0000: [ParNew: 26705K->24K(30016K), 0.0032230 secs] 492611K->465930K(806524K), 0.0033039 secs] [Times: user=0.01 sys=0.00, real=0.00 secs] 
2020-10-28T09:48:36.863+0000: [GC (Allocation Failure) 2020-10-28T09:48:36.863+0000: [ParNew: 26712K->8K(30016K), 0.0135449 secs] 492618K->465927K(806524K), 0.0136245 secs] [Times: user=0.01 sys=0.00, real=0.01 secs] 
2020-10-28T09:48:36.911+0000: [GC (Allocation Failure) 2020-10-28T09:48:36.911+0000: [ParNew: 26696K->2K(30016K), 0.0170346 secs] 492615K->465921K(806524K), 0.0171212 secs] [Times: user=0.01 sys=0.00, real=0.02 secs] 
2020-10-28T09:48:36.968+0000: [GC (Allocation Failure) 2020-10-28T09:48:36.968+0000: [ParNew: 26690K->4K(30016K), 0.0083452 secs] 492609K->465923K(806524K), 0.0084232 secs] [Times: user=0.01 sys=0.00, real=0.01 secs] 
2020-10-28T09:48:37.036+0000: [GC (Allocation Failure) 2020-10-28T09:48:37.036+0000: [ParNew: 26692K->4K(30016K), 0.0072327 secs] 492611K->465924K(806524K), 0.0073090 secs] [Times: user=0.01 sys=0.00, real=0.01 secs] 
2020-10-28T09:48:37.105+0000: [GC (Allocation Failure) 2020-10-28T09:48:37.105+0000: [ParNew: 26692K->4K(30016K), 0.0028244 secs] 492612K->465924K(806524K), 0.0028976 secs] [Times: user=0.00 sys=0.00, real=0.00 secs] 
2020-10-28T09:48:37.139+0000: [GC (Allocation Failure) 2020-10-28T09:48:37.139+0000: [ParNew: 26692K->4K(30016K), 0.0028342 secs] 492612K->465924K(806524K), 0.0028842 secs] [Times: user=0.00 sys=0.00, real=0.01 secs] 
2020-10-28T09:48:37.166+0000: [GC (Allocation Failure) 2020-10-28T09:48:37.166+0000: [ParNew: 26692K->4K(30016K), 0.0028219 secs] 492612K->465924K(806524K), 0.0028737 secs] [Times: user=0.01 sys=0.00, real=0.00 secs] 
2020-10-28T09:48:37.193+0000: [GC (Allocation Failure) 2020-10-28T09:48:37.193+0000: [ParNew: 26692K->4K(30016K), 0.0028597 secs] 492612K->465924K(806524K), 0.0029146 secs] [Times: user=0.01 sys=0.00, real=0.00 secs] 
2020-10-28T09:48:37.218+0000: [GC (Allocation Failure) 2020-10-28T09:48:37.218+0000: [ParNew: 26692K->4K(30016K), 0.0028676 secs] 492612K->465924K(806524K), 0.0029240 secs] [Times: user=0.01 sys=0.00, real=0.01 secs] 
2020-10-28T09:48:37.243+0000: [GC (Allocation Failure) 2020-10-28T09:48:37.243+0000: [ParNew: 26692K->4K(30016K), 0.0028587 secs] 492612K->465924K(806524K), 0.0029243 secs] [Times: user=0.01 sys=0.00, real=0.00 secs] 
2020-10-28T09:48:37.269+0000: [GC (Allocation Failure) 2020-10-28T09:48:37.269+0000: [ParNew: 26692K->4K(30016K), 0.0028294 secs] 492612K->465924K(806524K), 0.0028848 secs] [Times: user=0.00 sys=0.00, real=0.00 secs] 
2020-10-28T09:48:37.297+0000: [GC (Allocation Failure) 2020-10-28T09:48:37.297+0000: [ParNew: 26692K->4K(30016K), 0.0028154 secs] 492612K->465924K(806524K), 0.0028704 secs] [Times: user=0.00 sys=0.00, real=0.00 secs] 
2020-10-28T09:48:37.322+0000: [GC (Allocation Failure) 2020-10-28T09:48:37.322+0000: [ParNew: 26692K->2K(30016K), 0.0028960 secs] 492612K->465922K(806524K), 0.0029535 secs] [Times: user=0.00 sys=0.00, real=0.00 secs] 
2020-10-28T09:48:37.347+0000: [GC (Allocation Failure) 2020-10-28T09:48:37.347+0000: [ParNew: 26690K->4K(30016K), 0.0028481 secs] 492610K->465924K(806524K), 0.0029046 secs] [Times: user=0.00 sys=0.00, real=0.00 secs] 
2020-10-28T09:48:37.372+0000: [GC (Allocation Failure) 2020-10-28T09:48:37.372+0000: [ParNew: 26692K->4K(30016K), 0.0028305 secs] 492612K->465924K(806524K), 0.0028826 secs] [Times: user=0.00 sys=0.00, real=0.01 secs] 
2020-10-28T09:48:37.397+0000: [GC (Allocation Failure) 2020-10-28T09:48:37.397+0000: [ParNew: 26692K->4K(30016K), 0.0028294 secs] 492612K->465924K(806524K), 0.0028855 secs] [Times: user=0.01 sys=0.00, real=0.00 secs] 
2020-10-28T09:48:37.422+0000: [GC (Allocation Failure) 2020-10-28T09:48:37.422+0000: [ParNew: 26692K->4K(30016K), 0.0028510 secs] 492612K->465924K(806524K), 0.0029047 secs] [Times: user=0.01 sys=0.00, real=0.00 secs] 
2020-10-28T09:48:37.447+0000: [GC (Allocation Failure) 2020-10-28T09:48:37.447+0000: [ParNew: 26692K->4K(30016K), 0.0028415 secs] 492612K->465924K(806524K), 0.0028981 secs] [Times: user=0.01 sys=0.00, real=0.00 secs] 
2020-10-28T09:48:37.481+0000: [GC (Allocation Failure) 2020-10-28T09:48:37.481+0000: [ParNew: 26692K->4K(30016K), 0.0028817 secs] 492612K->465924K(806524K), 0.0029597 secs] [Times: user=0.00 sys=0.00, real=0.00 secs] 
2020-10-28T09:48:37.507+0000: [GC (Allocation Failure) 2020-10-28T09:48:37.507+0000: [ParNew: 26692K->4K(30016K), 0.0028263 secs] 492612K->465924K(806524K), 0.0028812 secs] [Times: user=0.00 sys=0.00, real=0.00 secs] 
2020-10-28T09:48:37.533+0000: [GC (Allocation Failure) 2020-10-28T09:48:37.533+0000: [ParNew: 26692K->4K(30016K), 0.0027983 secs] 492612K->465924K(806524K), 0.0028523 secs] [Times: user=0.00 sys=0.00, real=0.00 secs] 
2020-10-28T09:48:37.558+0000: [GC (Allocation Failure) 2020-10-28T09:48:37.558+0000: [ParNew: 26692K->4K(30016K), 0.0028122 secs] 492612K->465924K(806524K), 0.0028663 secs] [Times: user=0.00 sys=0.00, real=0.00 secs] 
2020-10-28T09:48:37.585+0000: [GC (Allocation Failure) 2020-10-28T09:48:37.585+0000: [ParNew: 26692K->4K(30016K), 0.0028363 secs] 492612K->465924K(806524K), 0.0028916 secs] [Times: user=0.00 sys=0.00, real=0.00 secs] 
2020-10-28T09:48:37.611+0000: [GC (Allocation Failure) 2020-10-28T09:48:37.611+0000: [ParNew: 26692K->4K(30016K), 0.0028588 secs] 492612K->465924K(806524K), 0.0029148 secs] [Times: user=0.00 sys=0.00, real=0.01 secs] 
2020-10-28T09:48:37.637+0000: [GC (Allocation Failure) 2020-10-28T09:48:37.637+0000: [ParNew: 26692K->4K(30016K), 0.0028543 secs] 492612K->465924K(806524K), 0.0029115 secs] [Times: user=0.00 sys=0.00, real=0.00 secs] 
2020-10-28T09:48:37.665+0000: [GC (Allocation Failure) 2020-10-28T09:48:37.665+0000: [ParNew: 26692K->4K(30016K), 0.0034061 secs] 492612K->465924K(806524K), 0.0034611 secs] [Times: user=0.01 sys=0.00, real=0.00 secs] 
2020-10-28T09:48:37.691+0000: [GC (Allocation Failure) 2020-10-28T09:48:37.691+0000: [ParNew: 26692K->4K(30016K), 0.0028928 secs] 492612K->465924K(806524K), 0.0029471 secs] [Times: user=0.01 sys=0.00, real=0.01 secs] 
2020-10-28T09:48:37.716+0000: [GC (Allocation Failure) 2020-10-28T09:48:37.716+0000: [ParNew: 26692K->2K(30016K), 0.0044742 secs] 492612K->465922K(806524K), 0.0045302 secs] [Times: user=0.01 sys=0.00, real=0.00 secs] 
2020-10-28T09:48:37.745+0000: [GC (Allocation Failure) 2020-10-28T09:48:37.745+0000: [ParNew: 26690K->4K(30016K), 0.0028355 secs] 492610K->465924K(806524K), 0.0028927 secs] [Times: user=0.00 sys=0.00, real=0.00 secs] 
2020-10-28T09:48:37.770+0000: [GC (Allocation Failure) 2020-10-28T09:48:37.770+0000: [ParNew: 26692K->4K(30016K), 0.0028550 secs] 492612K->465924K(806524K), 0.0029115 secs] [Times: user=0.00 sys=0.00, real=0.01 secs] 
2020-10-28T09:48:37.795+0000: [GC (Allocation Failure) 2020-10-28T09:48:37.795+0000: [ParNew: 26692K->4K(30016K), 0.0028367 secs] 492612K->465924K(806524K), 0.0028928 secs] [Times: user=0.00 sys=0.00, real=0.00 secs] 
2020-10-28T09:48:37.821+0000: [GC (Allocation Failure) 2020-10-28T09:48:37.821+0000: [ParNew: 26692K->4K(30016K), 0.0028224 secs] 492612K->465924K(806524K), 0.0028766 secs] [Times: user=0.01 sys=0.00, real=0.00 secs] 
2020-10-28T09:48:37.849+0000: [GC (Allocation Failure) 2020-10-28T09:48:37.849+0000: [ParNew: 26692K->4K(30016K), 0.0028210 secs] 492612K->465924K(806524K), 0.0028778 secs] [Times: user=0.00 sys=0.00, real=0.00 secs] 
2020-10-28T09:48:37.874+0000: [GC (Allocation Failure) 2020-10-28T09:48:37.874+0000: [ParNew: 26692K->4K(30016K), 0.0029372 secs] 492612K->465924K(806524K), 0.0029934 secs] [Times: user=0.00 sys=0.00, real=0.00 secs] 
2020-10-28T09:48:37.900+0000: [GC (Allocation Failure) 2020-10-28T09:48:37.900+0000: [ParNew: 26692K->4K(30016K), 0.0028549 secs] 492612K->465924K(806524K), 0.0029120 secs] [Times: user=0.01 sys=0.00, real=0.01 secs] 
2020-10-28T09:48:37.925+0000: [GC (Allocation Failure) 2020-10-28T09:48:37.925+0000: [ParNew: 26692K->4K(30016K), 0.0028690 secs] 492612K->465924K(806524K), 0.0029387 secs] [Times: user=0.01 sys=0.00, real=0.00 secs] 
2020-10-28T09:48:37.953+0000: [GC (Allocation Failure) 2020-10-28T09:48:37.953+0000: [ParNew: 26692K->4K(30016K), 0.0028226 secs] 492612K->465924K(806524K), 0.0028791 secs] [Times: user=0.01 sys=0.00, real=0.00 secs] 
2020-10-28T09:48:37.978+0000: [GC (Allocation Failure) 2020-10-28T09:48:37.978+0000: [ParNew: 26692K->4K(30016K), 0.0028328 secs] 492612K->465924K(806524K), 0.0028873 secs] [Times: user=0.01 sys=0.00, real=0.00 secs] 
2020-10-28T09:48:38.004+0000: [GC (Allocation Failure) 2020-10-28T09:48:38.004+0000: [ParNew: 26692K->4K(30016K), 0.0028476 secs] 492612K->465924K(806524K), 0.0029043 secs] [Times: user=0.01 sys=0.00, real=0.00 secs] 
2020-10-28T09:48:38.032+0000: [GC (Allocation Failure) 2020-10-28T09:48:38.032+0000: [ParNew: 26692K->2K(30016K), 0.0028614 secs] 492612K->465922K(806524K), 0.0029302 secs] [Times: user=0.00 sys=0.00, real=0.01 secs] 
2020-10-28T09:48:38.090+0000: [GC (Allocation Failure) 2020-10-28T09:48:38.090+0000: [ParNew: 26690K->4K(30016K), 0.0029069 secs] 492610K->465924K(806524K), 0.0029844 secs] [Times: user=0.00 sys=0.00, real=0.00 secs] 
2020-10-28T09:48:38.137+0000: [GC (Allocation Failure) 2020-10-28T09:48:38.138+0000: [ParNew: 26692K->4K(30016K), 0.0028368 secs] 492612K->465924K(806524K), 0.0028950 secs] [Times: user=0.01 sys=0.00, real=0.00 secs] 
2020-10-28T09:48:38.313+0000: [GC (Allocation Failure) 2020-10-28T09:48:38.313+0000: [ParNew: 26655K->836K(30016K), 0.0058264 secs] 492576K->466756K(806524K), 0.0058949 secs] [Times: user=0.01 sys=0.00, real=0.01 secs] 
2020-10-28T09:48:38.470+0000: [GC (Allocation Failure) 2020-10-28T09:48:38.471+0000: [ParNew: 27524K->1568K(30016K), 0.0038212 secs] 493444K->467488K(806524K), 0.0038800 secs] [Times: user=0.01 sys=0.00, real=0.01 secs] 
2020-10-28T09:48:38.521+0000: [GC (Allocation Failure) 2020-10-28T09:48:38.521+0000: [ParNew: 28256K->1892K(30016K), 0.0038794 secs] 494176K->467813K(806524K), 0.0039397 secs] [Times: user=0.00 sys=0.00, real=0.00 secs] 
2020-10-28T09:48:38.567+0000: [GC (Allocation Failure) 2020-10-28T09:48:38.567+0000: [ParNew: 28580K->1650K(30016K), 0.0041221 secs] 494501K->468146K(806524K), 0.0041792 secs] [Times: user=0.00 sys=0.00, real=0.00 secs] 
2020-10-28T09:48:38.617+0000: [GC (Allocation Failure) 2020-10-28T09:48:38.617+0000: [ParNew: 28338K->1858K(30016K), 0.0033790 secs] 494834K->468354K(806524K), 0.0034595 secs] [Times: user=0.01 sys=0.00, real=0.00 secs] 
2020-10-28T09:48:38.660+0000: [GC (Allocation Failure) 2020-10-28T09:48:38.660+0000: [ParNew: 28546K->1965K(30016K), 0.0036271 secs] 495042K->468982K(806524K), 0.0037038 secs] [Times: user=0.00 sys=0.00, real=0.01 secs] 
2020-10-28T09:48:38.696+0000: [GC (Allocation Failure) 2020-10-28T09:48:38.696+0000: [ParNew: 28653K->2667K(30016K), 0.0031767 secs] 495670K->469684K(806524K), 0.0032316 secs] [Times: user=0.00 sys=0.00, real=0.00 secs] 
2020-10-28T09:48:38.740+0000: [GC (Allocation Failure) 2020-10-28T09:48:38.740+0000: [ParNew: 29355K->1051K(30016K), 0.0032404 secs] 496372K->469092K(806524K), 0.0033001 secs] [Times: user=0.01 sys=0.00, real=0.01 secs] 
2020-10-28T09:48:38.798+0000: [GC (Allocation Failure) 2020-10-28T09:48:38.798+0000: [ParNew: 27739K->2055K(30016K), 0.0032920 secs] 495780K->470095K(806524K), 0.0033710 secs] [Times: user=0.01 sys=0.00, real=0.01 secs] 
2020-10-28T09:48:38.855+0000: [GC (Allocation Failure) 2020-10-28T09:48:38.855+0000: [ParNew: 28743K->2052K(30016K), 0.0036572 secs] 496783K->473164K(806524K), 0.0037468 secs] [Times: user=0.01 sys=0.00, real=0.00 secs] 
2020-10-28T09:48:38.918+0000: [GC (Allocation Failure) 2020-10-28T09:48:38.919+0000: [ParNew: 28740K->4K(30016K), 0.0028677 secs] 499852K->471117K(806524K), 0.0029446 secs] [Times: user=0.00 sys=0.00, real=0.01 secs] 
2020-10-28T09:48:38.980+0000: [GC (Allocation Failure) 2020-10-28T09:48:38.980+0000: [ParNew: 26692K->4K(30016K), 0.0028666 secs] 497805K->471117K(806524K), 0.0029404 secs] [Times: user=0.01 sys=0.00, real=0.01 secs] 
2020-10-28T09:48:39.045+0000: [GC (Allocation Failure) 2020-10-28T09:48:39.045+0000: [ParNew: 26692K->4K(30016K), 0.0028432 secs] 497805K->471117K(806524K), 0.0029002 secs] [Times: user=0.01 sys=0.00, real=0.00 secs] 
2020-10-28T09:48:39.102+0000: [GC (Allocation Failure) 2020-10-28T09:48:39.102+0000: [ParNew: 26692K->2052K(30016K), 0.0034599 secs] 497805K->475213K(806524K), 0.0035179 secs] [Times: user=0.01 sys=0.00, real=0.00 secs] 
2020-10-28T09:48:39.142+0000: [GC (Allocation Failure) 2020-10-28T09:48:39.142+0000: [ParNew: 28740K->4K(30016K), 0.0028752 secs] 501901K->473165K(806524K), 0.0029746 secs] [Times: user=0.00 sys=0.00, real=0.00 secs] 
2020-10-28T09:48:39.177+0000: [GC (Allocation Failure) 2020-10-28T09:48:39.177+0000: [ParNew: 26692K->4K(30016K), 0.0028637 secs] 499853K->473165K(806524K), 0.0029496 secs] [Times: user=0.01 sys=0.00, real=0.00 secs] 
2020-10-28T09:48:39.213+0000: [GC (Allocation Failure) 2020-10-28T09:48:39.213+0000: [ParNew: 26692K->4K(30016K), 0.0028410 secs] 499853K->473165K(806524K), 0.0029112 secs] [Times: user=0.01 sys=0.00, real=0.00 secs] 
2020-10-28T09:48:39.249+0000: [GC (Allocation Failure) 2020-10-28T09:48:39.249+0000: [ParNew: 23747K->4K(30016K), 0.0028469 secs] 496909K->473165K(806524K), 0.0029225 secs] [Times: user=0.00 sys=0.00, real=0.00 secs] 
2020-10-28T09:48:39.301+0000: [GC (Allocation Failure) 2020-10-28T09:48:39.301+0000: [ParNew: 26692K->4K(30016K), 0.0035780 secs] 499853K->477261K(806524K), 0.0036421 secs] [Times: user=0.01 sys=0.00, real=0.00 secs] 
2020-10-28T09:48:39.335+0000: [GC (Allocation Failure) 2020-10-28T09:48:39.335+0000: [ParNew: 26692K->4K(30016K), 0.0028618 secs] 503949K->477261K(806524K), 0.0029364 secs] [Times: user=0.01 sys=0.00, real=0.00 secs] 
2020-10-28T09:48:39.369+0000: [GC (Allocation Failure) 2020-10-28T09:48:39.369+0000: [ParNew: 26692K->4K(30016K), 0.0028431 secs] 503949K->477261K(806524K), 0.0029167 secs] [Times: user=0.00 sys=0.00, real=0.00 secs] 
2020-10-28T09:48:39.419+0000: [GC (Allocation Failure) 2020-10-28T09:48:39.419+0000: [ParNew: 26692K->4K(30016K), 0.0028626 secs] 503949K->477261K(806524K), 0.0029370 secs] [Times: user=0.00 sys=0.00, real=0.01 secs] 
2020-10-28T09:48:39.453+0000: [GC (Allocation Failure) 2020-10-28T09:48:39.453+0000: [ParNew: 26692K->4K(30016K), 0.0028711 secs] 503949K->477261K(806524K), 0.0029298 secs] [Times: user=0.01 sys=0.00, real=0.00 secs] 
2020-10-28T09:48:39.478+0000: [GC (Allocation Failure) 2020-10-28T09:48:39.478+0000: [ParNew: 26692K->4K(30016K), 0.0035832 secs] 503949K->481357K(806524K), 0.0036408 secs] [Times: user=0.01 sys=0.00, real=0.01 secs] 
2020-10-28T09:48:39.505+0000: [GC (Allocation Failure) 2020-10-28T09:48:39.506+0000: [ParNew: 26692K->4K(30016K), 0.0028863 secs] 508045K->481357K(806524K), 0.0029423 secs] [Times: user=0.00 sys=0.00, real=0.00 secs] 
2020-10-28T09:48:39.533+0000: [GC (Allocation Failure) 2020-10-28T09:48:39.533+0000: [ParNew: 26692K->4K(30016K), 0.0028574 secs] 508045K->481357K(806524K), 0.0029133 secs] [Times: user=0.01 sys=0.00, real=0.01 secs] 
2020-10-28T09:48:39.561+0000: [GC (Allocation Failure) 2020-10-28T09:48:39.561+0000: [ParNew: 26692K->4K(30016K), 0.0028454 secs] 508045K->481357K(806524K), 0.0029030 secs] [Times: user=0.01 sys=0.00, real=0.00 secs] 
2020-10-28T09:48:39.588+0000: [GC (Allocation Failure) 2020-10-28T09:48:39.588+0000: [ParNew: 26692K->4K(30016K), 0.0028737 secs] 508045K->481357K(806524K), 0.0029303 secs] [Times: user=0.01 sys=0.00, real=0.00 secs] 
2020-10-28T09:48:39.615+0000: [GC (Allocation Failure) 2020-10-28T09:48:39.615+0000: [ParNew: 26692K->4K(30016K), 0.0029273 secs] 508045K->481357K(806524K), 0.0029865 secs] [Times: user=0.00 sys=0.00, real=0.00 secs] 
2020-10-28T09:48:39.642+0000: [GC (Allocation Failure) 2020-10-28T09:48:39.642+0000: [ParNew: 26692K->4K(30016K), 0.0028407 secs] 508045K->481357K(806524K), 0.0028977 secs] [Times: user=0.00 sys=0.00, real=0.00 secs] 
2020-10-28T09:48:39.669+0000: [GC (Allocation Failure) 2020-10-28T09:48:39.669+0000: [ParNew: 26692K->4K(30016K), 0.0028421 secs] 508045K->481358K(806524K), 0.0028981 secs] [Times: user=0.00 sys=0.00, real=0.00 secs] 
2020-10-28T09:48:39.696+0000: [GC (Allocation Failure) 2020-10-28T09:48:39.696+0000: [ParNew: 26692K->6K(30016K), 0.0028728 secs] 508046K->481360K(806524K), 0.0029286 secs] [Times: user=0.01 sys=0.00, real=0.00 secs] 
2020-10-28T09:48:39.726+0000: [GC (Allocation Failure) 2020-10-28T09:48:39.726+0000: [ParNew: 26694K->6K(30016K), 0.0041180 secs] 508048K->481360K(806524K), 0.0041864 secs] [Times: user=0.00 sys=0.00, real=0.00 secs] 
2020-10-28T09:48:39.754+0000: [GC (Allocation Failure) 2020-10-28T09:48:39.754+0000: [ParNew: 26694K->6K(30016K), 0.0028579 secs] 508048K->481360K(806524K), 0.0029146 secs] [Times: user=0.01 sys=0.00, real=0.00 secs] 
2020-10-28T09:48:39.781+0000: [GC (Allocation Failure) 2020-10-28T09:48:39.781+0000: [ParNew: 26694K->6K(30016K), 0.0028658 secs] 508048K->481360K(806524K), 0.0029224 secs] [Times: user=0.01 sys=0.00, real=0.00 secs] 
2020-10-28T09:48:39.809+0000: [GC (Allocation Failure) 2020-10-28T09:48:39.809+0000: [ParNew: 26694K->6K(30016K), 0.0028498 secs] 508048K->481360K(806524K), 0.0029061 secs] [Times: user=0.00 sys=0.00, real=0.00 secs] 
2020-10-28T09:48:39.849+0000: [GC (Allocation Failure) 2020-10-28T09:48:39.849+0000: [ParNew: 26694K->6K(30016K), 0.0028749 secs] 508048K->481360K(806524K), 0.0029322 secs] [Times: user=0.01 sys=0.00, real=0.00 secs] 
2020-10-28T09:48:39.875+0000: [GC (Allocation Failure) 2020-10-28T09:48:39.875+0000: [ParNew: 26694K->4K(30016K), 0.0029099 secs] 508048K->481360K(806524K), 0.0029705 secs] [Times: user=0.01 sys=0.00, real=0.00 secs] 
2020-10-28T09:48:39.909+0000: [GC (Allocation Failure) 2020-10-28T09:48:39.909+0000: [ParNew: 26692K->4K(30016K), 0.0028640 secs] 508048K->481360K(806524K), 0.0029213 secs] [Times: user=0.00 sys=0.00, real=0.00 secs] 
2020-10-28T09:48:39.936+0000: [GC (Allocation Failure) 2020-10-28T09:48:39.936+0000: [ParNew: 26692K->4K(30016K), 0.0029597 secs] 508048K->481360K(806524K), 0.0030180 secs] [Times: user=0.00 sys=0.00, real=0.00 secs] 
2020-10-28T09:48:39.965+0000: [GC (Allocation Failure) 2020-10-28T09:48:39.965+0000: [ParNew: 26692K->4K(30016K), 0.0028589 secs] 508048K->481360K(806524K), 0.0029162 secs] [Times: user=0.00 sys=0.00, real=0.00 secs] 
2020-10-28T09:48:39.992+0000: [GC (Allocation Failure) 2020-10-28T09:48:39.992+0000: [ParNew: 26692K->4K(30016K), 0.0028688 secs] 508048K->481360K(806524K), 0.0029252 secs] [Times: user=0.00 sys=0.00, real=0.01 secs] 
2020-10-28T09:48:40.018+0000: [GC (Allocation Failure) 2020-10-28T09:48:40.018+0000: [ParNew: 26692K->4K(30016K), 0.0028474 secs] 508048K->481360K(806524K), 0.0029040 secs] [Times: user=0.00 sys=0.00, real=0.00 secs] 
2020-10-28T09:48:40.045+0000: [GC (Allocation Failure) 2020-10-28T09:48:40.045+0000: [ParNew: 26692K->4K(30016K), 0.0029190 secs] 508048K->481360K(806524K), 0.0029764 secs] [Times: user=0.01 sys=0.00, real=0.00 secs] 
2020-10-28T09:48:40.073+0000: [GC (Allocation Failure) 2020-10-28T09:48:40.073+0000: [ParNew: 26692K->4K(30016K), 0.0028572 secs] 508048K->481360K(806524K), 0.0029136 secs] [Times: user=0.00 sys=0.00, real=0.00 secs] 
2020-10-28T09:48:40.101+0000: [GC (Allocation Failure) 2020-10-28T09:48:40.101+0000: [ParNew: 26692K->4K(30016K), 0.0029015 secs] 508048K->481360K(806524K), 0.0029585 secs] [Times: user=0.00 sys=0.00, real=0.00 secs] 
2020-10-28T09:48:40.128+0000: [GC (Allocation Failure) 2020-10-28T09:48:40.128+0000: [ParNew: 26692K->4K(30016K), 0.0029840 secs] 508048K->481360K(806524K), 0.0030478 secs] [Times: user=0.01 sys=0.00, real=0.00 secs] 
2020-10-28T09:48:40.157+0000: [GC (Allocation Failure) 2020-10-28T09:48:40.157+0000: [ParNew: 26692K->4K(30016K), 0.0028383 secs] 508048K->481360K(806524K), 0.0028947 secs] [Times: user=0.01 sys=0.00, real=0.00 secs] 
2020-10-28T09:48:40.188+0000: [GC (Allocation Failure) 2020-10-28T09:48:40.188+0000: [ParNew: 26692K->4K(30016K), 0.0029268 secs] 508048K->481360K(806524K), 0.0029838 secs] [Times: user=0.00 sys=0.00, real=0.00 secs] 
2020-10-28T09:48:40.215+0000: [GC (Allocation Failure) 2020-10-28T09:48:40.215+0000: [ParNew: 26692K->4K(30016K), 0.0028877 secs] 508048K->481360K(806524K), 0.0029416 secs] [Times: user=0.01 sys=0.00, real=0.00 secs] 
2020-10-28T09:48:40.241+0000: [GC (Allocation Failure) 2020-10-28T09:48:40.241+0000: [ParNew: 26692K->4K(30016K), 0.0028970 secs] 508048K->481360K(806524K), 0.0029553 secs] [Times: user=0.00 sys=0.00, real=0.00 secs] 
2020-10-28T09:48:40.268+0000: [GC (Allocation Failure) 2020-10-28T09:48:40.268+0000: [ParNew: 26692K->4K(30016K), 0.0028628 secs] 508048K->481360K(806524K), 0.0029206 secs] [Times: user=0.01 sys=0.00, real=0.00 secs] 
2020-10-28T09:48:40.297+0000: [GC (Allocation Failure) 2020-10-28T09:48:40.297+0000: [ParNew: 26692K->4K(30016K), 0.0028584 secs] 508048K->481360K(806524K), 0.0029157 secs] [Times: user=0.00 sys=0.00, real=0.00 secs] 
2020-10-28T09:48:40.325+0000: [GC (Allocation Failure) 2020-10-28T09:48:40.325+0000: [ParNew: 26692K->4K(30016K), 0.0028589 secs] 508048K->481360K(806524K), 0.0029155 secs] [Times: user=0.00 sys=0.00, real=0.00 secs] 
2020-10-28T09:48:40.352+0000: [GC (Allocation Failure) 2020-10-28T09:48:40.352+0000: [ParNew: 26692K->4K(30016K), 0.0028968 secs] 508048K->481360K(806524K), 0.0029528 secs] [Times: user=0.01 sys=0.00, real=0.01 secs] 
2020-10-28T09:48:40.381+0000: [GC (Allocation Failure) 2020-10-28T09:48:40.381+0000: [ParNew: 26692K->4K(30016K), 0.0028536 secs] 508048K->481360K(806524K), 0.0029109 secs] [Times: user=0.00 sys=0.00, real=0.00 secs] 
2020-10-28T09:48:40.417+0000: [GC (Allocation Failure) 2020-10-28T09:48:40.417+0000: [ParNew: 26692K->6K(30016K), 0.0028974 secs] 508048K->481362K(806524K), 0.0029547 secs] [Times: user=0.01 sys=0.00, real=0.00 secs] 
2020-10-28T09:48:40.445+0000: [GC (Allocation Failure) 2020-10-28T09:48:40.445+0000: [ParNew: 26694K->8K(30016K), 0.0028538 secs] 508050K->481364K(806524K), 0.0029094 secs] [Times: user=0.01 sys=0.00, real=0.00 secs] 
2020-10-28T09:48:40.472+0000: [GC (Allocation Failure) 2020-10-28T09:48:40.472+0000: [ParNew: 26696K->7K(30016K), 0.0028951 secs] 508052K->481363K(806524K), 0.0029524 secs] [Times: user=0.01 sys=0.00, real=0.01 secs] 
2020-10-28T09:48:40.498+0000: [GC (Allocation Failure) 2020-10-28T09:48:40.498+0000: [ParNew: 26695K->7K(30016K), 0.0028565 secs] 508051K->481363K(806524K), 0.0029119 secs] [Times: user=0.00 sys=0.00, real=0.00 secs] 
2020-10-28T09:48:40.525+0000: [GC (Allocation Failure) 2020-10-28T09:48:40.525+0000: [ParNew: 26695K->7K(30016K), 0.0028438 secs] 508051K->481364K(806524K), 0.0029005 secs] [Times: user=0.01 sys=0.01, real=0.00 secs] 
2020-10-28T09:48:40.552+0000: [GC (Allocation Failure) 2020-10-28T09:48:40.552+0000: [ParNew: 26695K->7K(30016K), 0.0029022 secs] 508052K->481364K(806524K), 0.0029576 secs] [Times: user=0.01 sys=0.00, real=0.01 secs] 
2020-10-28T09:48:40.578+0000: [GC (Allocation Failure) 2020-10-28T09:48:40.578+0000: [ParNew: 26695K->4K(30016K), 0.0029131 secs] 508052K->481364K(806524K), 0.0029684 secs] [Times: user=0.01 sys=0.00, real=0.01 secs] 
2020-10-28T09:48:40.605+0000: [GC (Allocation Failure) 2020-10-28T09:48:40.605+0000: [ParNew: 26692K->4K(30016K), 0.0040810 secs] 508052K->481363K(806524K), 0.0041378 secs] [Times: user=0.00 sys=0.00, real=0.00 secs] 
2020-10-28T09:48:40.633+0000: [GC (Allocation Failure) 2020-10-28T09:48:40.633+0000: [ParNew: 26692K->4K(30016K), 0.0028465 secs] 508051K->481363K(806524K), 0.0029034 secs] [Times: user=0.00 sys=0.00, real=0.01 secs] 
2020-10-28T09:48:40.661+0000: [GC (Allocation Failure) 2020-10-28T09:48:40.661+0000: [ParNew: 26692K->4K(30016K), 0.0028666 secs] 508051K->481363K(806524K), 0.0029315 secs] [Times: user=0.00 sys=0.00, real=0.00 secs] 
2020-10-28T09:48:40.688+0000: [GC (Allocation Failure) 2020-10-28T09:48:40.688+0000: [ParNew: 26692K->4K(30016K), 0.0028405 secs] 508051K->481363K(806524K), 0.0028949 secs] [Times: user=0.00 sys=0.00, real=0.00 secs] 
2020-10-28T09:48:40.717+0000: [GC (Allocation Failure) 2020-10-28T09:48:40.717+0000: [ParNew: 26692K->4K(30016K), 0.0028312 secs] 508051K->481363K(806524K), 0.0028872 secs] [Times: user=0.00 sys=0.00, real=0.00 secs] 
2020-10-28T09:48:40.746+0000: [GC (Allocation Failure) 2020-10-28T09:48:40.746+0000: [ParNew: 26692K->4K(30016K), 0.0028175 secs] 508051K->481363K(806524K), 0.0028734 secs] [Times: user=0.00 sys=0.00, real=0.00 secs] 
2020-10-28T09:48:40.773+0000: [GC (Allocation Failure) 2020-10-28T09:48:40.773+0000: [ParNew: 26692K->4K(30016K), 0.0028429 secs] 508051K->481363K(806524K), 0.0029006 secs] [Times: user=0.00 sys=0.00, real=0.00 secs] 
2020-10-28T09:48:40.800+0000: [GC (Allocation Failure) 2020-10-28T09:48:40.800+0000: [ParNew: 26692K->4K(30016K), 0.0028807 secs] 508051K->481363K(806524K), 0.0029366 secs] [Times: user=0.00 sys=0.00, real=0.01 secs] 
2020-10-28T09:48:40.827+0000: [GC (Allocation Failure) 2020-10-28T09:48:40.827+0000: [ParNew: 26692K->4K(30016K), 0.0028225 secs] 508051K->481363K(806524K), 0.0028770 secs] [Times: user=0.01 sys=0.00, real=0.00 secs] 
2020-10-28T09:48:40.857+0000: [GC (Allocation Failure) 2020-10-28T09:48:40.857+0000: [ParNew: 26692K->4K(30016K), 0.0028341 secs] 508051K->481363K(806524K), 0.0028882 secs] [Times: user=0.01 sys=0.00, real=0.00 secs] 
2020-10-28T09:48:40.883+0000: [GC (Allocation Failure) 2020-10-28T09:48:40.884+0000: [ParNew: 26692K->4K(30016K), 0.0028770 secs] 508051K->481363K(806524K), 0.0029406 secs] [Times: user=0.00 sys=0.00, real=0.00 secs] 
2020-10-28T09:48:40.910+0000: [GC (Allocation Failure) 2020-10-28T09:48:40.910+0000: [ParNew: 26692K->4K(30016K), 0.0028294 secs] 508051K->481363K(806524K), 0.0028843 secs] [Times: user=0.00 sys=0.00, real=0.00 secs] 
2020-10-28T09:48:40.940+0000: [GC (Allocation Failure) 2020-10-28T09:48:40.940+0000: [ParNew: 26692K->4K(30016K), 0.0029224 secs] 508051K->481363K(806524K), 0.0029789 secs] [Times: user=0.01 sys=0.00, real=0.01 secs] 
2020-10-28T09:48:40.966+0000: [GC (Allocation Failure) 2020-10-28T09:48:40.966+0000: [ParNew: 26692K->4K(30016K), 0.0028091 secs] 508051K->481363K(806524K), 0.0028666 secs] [Times: user=0.00 sys=0.00, real=0.00 secs] 
2020-10-28T09:48:40.992+0000: [GC (Allocation Failure) 2020-10-28T09:48:40.993+0000: [ParNew: 26692K->4K(30016K), 0.0028138 secs] 508051K->481363K(806524K), 0.0028667 secs] [Times: user=0.01 sys=0.00, real=0.01 secs] 
2020-10-28T09:48:41.006+0000: [GC (Allocation Failure) 2020-10-28T09:48:41.006+0000: [ParNew: 26692K->4K(30016K), 0.0037318 secs] 508051K->497747K(806524K), 0.0037859 secs] [Times: user=0.00 sys=0.00, real=0.00 secs] 
2020-10-28T09:48:41.013+0000: [GC (CMS Initial Mark) [1 CMS-initial-mark: 497743K(776508K)] 497958K(806524K), 0.0012844 secs] [Times: user=0.00 sys=0.00, real=0.01 secs] 
2020-10-28T09:48:41.014+0000: [CMS-concurrent-mark-start]
2020-10-28T09:48:41.049+0000: [GC (Allocation Failure) 2020-10-28T09:48:41.049+0000: [ParNew: 26692K->4K(30016K), 0.0027831 secs] 524435K->497747K(806524K), 0.0028603 secs] [Times: user=0.00 sys=0.00, real=0.00 secs] 
2020-10-28T09:48:41.085+0000: [GC (Allocation Failure) 2020-10-28T09:48:41.085+0000: [ParNew: 26692K->4K(30016K), 0.0028085 secs] 524435K->497747K(806524K), 0.0028643 secs] [Times: user=0.01 sys=0.00, real=0.00 secs] 
2020-10-28T09:48:41.109+0000: [CMS-concurrent-mark: 0.085/0.095 secs] [Times: user=0.18 sys=0.01, real=0.09 secs] 
2020-10-28T09:48:41.110+0000: [CMS-concurrent-preclean-start]
2020-10-28T09:48:41.112+0000: [CMS-concurrent-preclean: 0.003/0.003 secs] [Times: user=0.00 sys=0.00, real=0.00 secs] 
2020-10-28T09:48:41.112+0000: [CMS-concurrent-abortable-preclean-start]
2020-10-28T09:48:41.119+0000: [GC (Allocation Failure) 2020-10-28T09:48:41.119+0000: [ParNew: 26692K->4K(30016K), 0.0024785 secs] 524435K->497747K(806524K), 0.0025197 secs] [Times: user=0.00 sys=0.00, real=0.01 secs] 
2020-10-28T09:48:41.133+0000: [GC (Allocation Failure) 2020-10-28T09:48:41.133+0000: [ParNew: 12371K->4K(30016K), 0.0022102 secs] 510115K->497747K(806524K), 0.0022538 secs] [Times: user=0.01 sys=0.00, real=0.01 secs] 
2020-10-28T09:48:41.149+0000: [GC (Allocation Failure) 2020-10-28T09:48:41.149+0000: [ParNew: 26692K->4K(30016K), 0.0142784 secs] 524435K->514131K(806524K), 0.0143366 secs] [Times: user=0.03 sys=0.01, real=0.02 secs] 
2020-10-28T09:48:41.163+0000: [CMS-concurrent-abortable-preclean: 0.010/0.051 secs] [Times: user=0.10 sys=0.01, real=0.06 secs] 
2020-10-28T09:48:41.174+0000: [GC (CMS Final Remark) [YG occupancy: 7355 K (30016 K)]2020-10-28T09:48:41.174+0000: [Rescan (parallel) , 0.0087483 secs]2020-10-28T09:48:41.182+0000: [weak refs processing, 0.0000563 secs]2020-10-28T09:48:41.182+0000: [class unloading, 0.0079424 secs]2020-10-28T09:48:41.190+0000: [scrub symbol table, 0.0089046 secs]2020-10-28T09:48:41.199+0000: [scrub string table, 0.0005626 secs][1 CMS-remark: 514127K(776508K)] 521483K(806524K), 0.0263377 secs] [Times: user=0.03 sys=0.00, real=0.02 secs] 
2020-10-28T09:48:41.209+0000: [CMS-concurrent-sweep-start]
2020-10-28T09:48:41.221+0000: [CMS-concurrent-sweep: 0.012/0.012 secs] [Times: user=0.02 sys=0.00, real=0.01 secs] 
2020-10-28T09:48:41.225+0000: [GC (Allocation Failure) 2020-10-28T09:48:41.225+0000: [ParNew: 26692K->4K(30016K), 0.0027466 secs] 271580K->244892K(806524K), 0.0027856 secs] [Times: user=0.00 sys=0.00, real=0.00 secs] 
2020-10-28T09:48:41.228+0000: [CMS-concurrent-reset-start]
2020-10-28T09:48:41.230+0000: [CMS-concurrent-reset: 0.002/0.002 secs] [Times: user=0.00 sys=0.00, real=0.00 secs] 
2020-10-28T09:48:41.254+0000: [GC (Allocation Failure) 2020-10-28T09:48:41.254+0000: [ParNew: 26692K->4K(30016K), 0.0028408 secs] 271580K->244892K(806524K), 0.0028962 secs] [Times: user=0.01 sys=0.00, real=0.00 secs] 
2020-10-28T09:48:41.281+0000: [GC (Allocation Failure) 2020-10-28T09:48:41.281+0000: [ParNew: 26692K->4K(30016K), 0.0028714 secs] 271580K->244892K(806524K), 0.0029247 secs] [Times: user=0.01 sys=0.00, real=0.00 secs] 
2020-10-28T09:48:41.308+0000: [GC (Allocation Failure) 2020-10-28T09:48:41.308+0000: [ParNew: 26692K->4K(30016K), 0.0028604 secs] 271580K->244892K(806524K), 0.0029169 secs] [Times: user=0.01 sys=0.00, real=0.00 secs] 
2020-10-28T09:48:41.334+0000: [GC (Allocation Failure) 2020-10-28T09:48:41.334+0000: [ParNew: 26692K->4K(30016K), 0.0028698 secs] 271580K->244892K(806524K), 0.0029263 secs] [Times: user=0.01 sys=0.00, real=0.00 secs] 
2020-10-28T09:48:41.360+0000: [GC (Allocation Failure) 2020-10-28T09:48:41.360+0000: [ParNew: 26692K->4K(30016K), 0.0028738 secs] 271580K->244892K(806524K), 0.0029282 secs] [Times: user=0.00 sys=0.00, real=0.01 secs] 
2020-10-28T09:48:41.387+0000: [GC (Allocation Failure) 2020-10-28T09:48:41.387+0000: [ParNew: 26692K->4K(30016K), 0.0028679 secs] 271580K->244892K(806524K), 0.0029253 secs] [Times: user=0.01 sys=0.00, real=0.00 secs] 
2020-10-28T09:48:41.417+0000: [GC (Allocation Failure) 2020-10-28T09:48:41.417+0000: [ParNew: 26692K->4K(30016K), 0.0028588 secs] 271580K->244892K(806524K), 0.0029149 secs] [Times: user=0.01 sys=0.00, real=0.00 secs] 
2020-10-28T09:48:41.443+0000: [GC (Allocation Failure) 2020-10-28T09:48:41.443+0000: [ParNew: 26692K->4K(30016K), 0.0028455 secs] 271580K->244892K(806524K), 0.0028994 secs] [Times: user=0.00 sys=0.00, real=0.00 secs] 
2020-10-28T09:48:41.469+0000: [GC (Allocation Failure) 2020-10-28T09:48:41.469+0000: [ParNew: 26692K->4K(30016K), 0.0028265 secs] 271580K->244892K(806524K), 0.0028819 secs] [Times: user=0.00 sys=0.00, real=0.00 secs] 
2020-10-28T09:48:41.497+0000: [GC (Allocation Failure) 2020-10-28T09:48:41.497+0000: [ParNew: 26692K->4K(30016K), 0.0027956 secs] 271580K->244892K(806524K), 0.0028494 secs] [Times: user=0.01 sys=0.00, real=0.00 secs] 
2020-10-28T09:48:41.525+0000: [GC (Allocation Failure) 2020-10-28T09:48:41.525+0000: [ParNew: 26692K->4K(30016K), 0.0028212 secs] 271580K->244892K(806524K), 0.0028772 secs] [Times: user=0.01 sys=0.00, real=0.00 secs] 
2020-10-28T09:48:41.552+0000: [GC (Allocation Failure) 2020-10-28T09:48:41.552+0000: [ParNew: 26692K->4K(30016K), 0.0028908 secs] 271580K->244892K(806524K), 0.0029455 secs] [Times: user=0.01 sys=0.00, real=0.01 secs] 
2020-10-28T09:48:41.581+0000: [GC (Allocation Failure) 2020-10-28T09:48:41.581+0000: [ParNew: 26692K->4K(30016K), 0.0027969 secs] 271580K->244892K(806524K), 0.0028510 secs] [Times: user=0.00 sys=0.00, real=0.00 secs] 
2020-10-28T09:48:41.609+0000: [GC (Allocation Failure) 2020-10-28T09:48:41.609+0000: [ParNew: 26692K->4K(30016K), 0.0027943 secs] 271580K->244892K(806524K), 0.0028496 secs] [Times: user=0.01 sys=0.01, real=0.00 secs] 
2020-10-28T09:48:41.636+0000: [GC (Allocation Failure) 2020-10-28T09:48:41.636+0000: [ParNew: 26692K->4K(30016K), 0.0028418 secs] 271580K->244892K(806524K), 0.0028977 secs] [Times: user=0.01 sys=0.00, real=0.00 secs] 
2020-10-28T09:48:41.665+0000: [GC (Allocation Failure) 2020-10-28T09:48:41.665+0000: [ParNew: 26692K->4K(30016K), 0.0028499 secs] 271580K->244892K(806524K), 0.0029053 secs] [Times: user=0.00 sys=0.00, real=0.00 secs] 
2020-10-28T09:48:41.686+0000: [GC (Allocation Failure) 2020-10-28T09:48:41.686+0000: [ParNew: 21070K->4K(30016K), 0.0026914 secs] 265958K->244892K(806524K), 0.0027410 secs] [Times: user=0.01 sys=0.00, real=0.00 secs] 
2020-10-28T09:48:41.706+0000: [GC (Allocation Failure) 2020-10-28T09:48:41.706+0000: [ParNew: 26692K->4K(30016K), 0.0038067 secs] 271580K->253084K(806524K), 0.0038619 secs] [Times: user=0.01 sys=0.00, real=0.00 secs] 
2020-10-28T09:48:41.734+0000: [GC (Allocation Failure) 2020-10-28T09:48:41.734+0000: [ParNew: 26692K->4K(30016K), 0.0028986 secs] 279772K->253084K(806524K), 0.0029614 secs] [Times: user=0.00 sys=0.00, real=0.00 secs] 
2020-10-28T09:48:41.761+0000: [GC (Allocation Failure) 2020-10-28T09:48:41.761+0000: [ParNew: 26692K->4K(30016K), 0.0028186 secs] 279772K->253084K(806524K), 0.0028721 secs] [Times: user=0.01 sys=0.00, real=0.01 secs] 
2020-10-28T09:48:41.787+0000: [GC (Allocation Failure) 2020-10-28T09:48:41.787+0000: [ParNew: 26692K->4K(30016K), 0.0028329 secs] 279772K->253084K(806524K), 0.0028858 secs] [Times: user=0.00 sys=0.00, real=0.00 secs] 
2020-10-28T09:48:41.817+0000: [GC (Allocation Failure) 2020-10-28T09:48:41.817+0000: [ParNew: 26692K->4K(30016K), 0.0028286 secs] 279772K->253084K(806524K), 0.0028845 secs] [Times: user=0.00 sys=0.01, real=0.00 secs] 
2020-10-28T09:48:41.843+0000: [GC (Allocation Failure) 2020-10-28T09:48:41.843+0000: [ParNew: 26692K->4K(30016K), 0.0028688 secs] 279772K->253084K(806524K), 0.0029370 secs] [Times: user=0.00 sys=0.00, real=0.00 secs] 
2020-10-28T09:48:41.870+0000: [GC (Allocation Failure) 2020-10-28T09:48:41.870+0000: [ParNew: 26692K->4K(30016K), 0.0028007 secs] 279772K->253085K(806524K), 0.0028549 secs] [Times: user=0.01 sys=0.00, real=0.00 secs] 
2020-10-28T09:48:41.897+0000: [GC (Allocation Failure) 2020-10-28T09:48:41.897+0000: [ParNew: 26692K->4K(30016K), 0.0028845 secs] 279773K->253085K(806524K), 0.0029415 secs] [Times: user=0.01 sys=0.00, real=0.00 secs] 
2020-10-28T09:48:41.924+0000: [GC (Allocation Failure) 2020-10-28T09:48:41.924+0000: [ParNew: 26692K->4K(30016K), 0.0028534 secs] 279773K->253085K(806524K), 0.0029290 secs] [Times: user=0.01 sys=0.00, real=0.00 secs] 
2020-10-28T09:48:41.950+0000: [GC (Allocation Failure) 2020-10-28T09:48:41.950+0000: [ParNew: 26692K->4K(30016K), 0.0029022 secs] 279773K->253085K(806524K), 0.0029559 secs] [Times: user=0.01 sys=0.00, real=0.00 secs] 
2020-10-28T09:48:41.977+0000: [GC (Allocation Failure) 2020-10-28T09:48:41.977+0000: [ParNew: 26692K->4K(30016K), 0.0028079 secs] 279773K->253085K(806524K), 0.0028624 secs] [Times: user=0.00 sys=0.00, real=0.00 secs] 
2020-10-28T09:48:42.004+0000: [GC (Allocation Failure) 2020-10-28T09:48:42.004+0000: [ParNew: 26692K->4K(30016K), 0.0028350 secs] 279773K->253085K(806524K), 0.0028895 secs] [Times: user=0.00 sys=0.00, real=0.00 secs] 
2020-10-28T09:48:42.033+0000: [GC (Allocation Failure) 2020-10-28T09:48:42.033+0000: [ParNew: 26692K->4K(30016K), 0.0028082 secs] 279773K->253085K(806524K), 0.0028635 secs] [Times: user=0.00 sys=0.00, real=0.00 secs] 
2020-10-28T09:48:42.060+0000: [GC (Allocation Failure) 2020-10-28T09:48:42.060+0000: [ParNew: 26692K->4K(30016K), 0.0029424 secs] 279773K->253085K(806524K), 0.0029987 secs] [Times: user=0.01 sys=0.00, real=0.01 secs] 
2020-10-28T09:48:42.081+0000: [GC (Allocation Failure) 2020-10-28T09:48:42.081+0000: [ParNew: 20620K->4K(30016K), 0.0027427 secs] 273701K->253085K(806524K), 0.0027957 secs] [Times: user=0.01 sys=0.00, real=0.01 secs] 
2020-10-28T09:48:42.100+0000: [GC (Allocation Failure) 2020-10-28T09:48:42.100+0000: [ParNew: 26692K->4K(30016K), 0.0038528 secs] 279773K->261277K(806524K), 0.0039080 secs] [Times: user=0.01 sys=0.00, real=0.01 secs] 
2020-10-28T09:48:42.121+0000: [GC (Allocation Failure) 2020-10-28T09:48:42.121+0000: [ParNew: 26692K->4K(30016K), 0.0036210 secs] 287965K->269469K(806524K), 0.0036776 secs] [Times: user=0.01 sys=0.01, real=0.01 secs] 
2020-10-28T09:48:42.148+0000: [GC (Allocation Failure) 2020-10-28T09:48:42.148+0000: [ParNew: 26692K->4K(30016K), 0.0028500 secs] 296157K->269469K(806524K), 0.0029045 secs] [Times: user=0.01 sys=0.00, real=0.00 secs] 
2020-10-28T09:48:42.177+0000: [GC (Allocation Failure) 2020-10-28T09:48:42.177+0000: [ParNew: 26692K->4K(30016K), 0.0028083 secs] 296157K->269469K(806524K), 0.0028623 secs] [Times: user=0.01 sys=0.00, real=0.00 secs] 
2020-10-28T09:48:42.204+0000: [GC (Allocation Failure) 2020-10-28T09:48:42.204+0000: [ParNew: 26692K->4K(30016K), 0.0028578 secs] 296157K->269469K(806524K), 0.0029149 secs] [Times: user=0.00 sys=0.00, real=0.00 secs] 
2020-10-28T09:48:42.233+0000: [GC (Allocation Failure) 2020-10-28T09:48:42.233+0000: [ParNew: 26692K->4K(30016K), 0.0028890 secs] 296157K->269469K(806524K), 0.0029436 secs] [Times: user=0.01 sys=0.00, real=0.00 secs] 
2020-10-28T09:48:42.260+0000: [GC (Allocation Failure) 2020-10-28T09:48:42.260+0000: [ParNew: 26692K->4K(30016K), 0.0028684 secs] 296157K->269469K(806524K), 0.0029244 secs] [Times: user=0.01 sys=0.00, real=0.01 secs] 
2020-10-28T09:48:42.289+0000: [GC (Allocation Failure) 2020-10-28T09:48:42.289+0000: [ParNew: 26692K->4K(30016K), 0.0028486 secs] 296157K->269469K(806524K), 0.0029061 secs] [Times: user=0.00 sys=0.00, real=0.00 secs] 
2020-10-28T09:48:42.317+0000: [GC (Allocation Failure) 2020-10-28T09:48:42.317+0000: [ParNew: 26692K->4K(30016K), 0.0028248 secs] 296157K->269469K(806524K), 0.0028815 secs] [Times: user=0.01 sys=0.00, real=0.00 secs] 
2020-10-28T09:48:42.345+0000: [GC (Allocation Failure) 2020-10-28T09:48:42.345+0000: [ParNew: 26692K->4K(30016K), 0.0028223 secs] 296157K->269469K(806524K), 0.0028774 secs] [Times: user=0.01 sys=0.00, real=0.00 secs] 
2020-10-28T09:48:42.372+0000: [GC (Allocation Failure) 2020-10-28T09:48:42.372+0000: [ParNew: 26692K->4K(30016K), 0.0029470 secs] 296157K->269469K(806524K), 0.0030047 secs] [Times: user=0.00 sys=0.00, real=0.01 secs] 
2020-10-28T09:48:42.398+0000: [GC (Allocation Failure) 2020-10-28T09:48:42.398+0000: [ParNew: 26692K->4K(30016K), 0.0028454 secs] 296157K->269469K(806524K), 0.0029012 secs] [Times: user=0.00 sys=0.00, real=0.00 secs] 
2020-10-28T09:48:42.424+0000: [GC (Allocation Failure) 2020-10-28T09:48:42.424+0000: [ParNew: 26692K->4K(30016K), 0.0029250 secs] 296157K->269469K(806524K), 0.0029846 secs] [Times: user=0.00 sys=0.00, real=0.00 secs] 
2020-10-28T09:48:42.453+0000: [GC (Allocation Failure) 2020-10-28T09:48:42.453+0000: [ParNew: 26692K->4K(30016K), 0.0029016 secs] 296157K->269469K(806524K), 0.0029592 secs] [Times: user=0.00 sys=0.00, real=0.00 secs] 
2020-10-28T09:48:42.485+0000: [GC (Allocation Failure) 2020-10-28T09:48:42.485+0000: [ParNew: 26692K->4K(30016K), 0.0028400 secs] 296157K->269469K(806524K), 0.0028945 secs] [Times: user=0.01 sys=0.00, real=0.00 secs] 
2020-10-28T09:48:42.512+0000: [GC (Allocation Failure) 2020-10-28T09:48:42.512+0000: [ParNew: 26692K->4K(30016K), 0.0028844 secs] 296157K->269469K(806524K), 0.0029443 secs] [Times: user=0.01 sys=0.00, real=0.01 secs] 
2020-10-28T09:48:42.541+0000: [GC (Allocation Failure) 2020-10-28T09:48:42.541+0000: [ParNew: 26394K->4K(30016K), 0.0028646 secs] 295859K->269469K(806524K), 0.0029221 secs] [Times: user=0.00 sys=0.00, real=0.00 secs] 
2020-10-28T09:48:42.561+0000: [GC (Allocation Failure) 2020-10-28T09:48:42.561+0000: [ParNew: 26692K->4K(30016K), 0.0038238 secs] 296157K->277661K(806524K), 0.0038818 secs] [Times: user=0.01 sys=0.00, real=0.00 secs] 
2020-10-28T09:48:42.585+0000: [GC (Allocation Failure) 2020-10-28T09:48:42.585+0000: [ParNew: 26692K->4K(30016K), 0.0038524 secs] 304349K->285853K(806524K), 0.0039086 secs] [Times: user=0.00 sys=0.00, real=0.00 secs] 
2020-10-28T09:48:42.613+0000: [GC (Allocation Failure) 2020-10-28T09:48:42.613+0000: [ParNew: 26692K->4K(30016K), 0.0028490 secs] 312541K->285853K(806524K), 0.0029024 secs] [Times: user=0.00 sys=0.00, real=0.01 secs] 
2020-10-28T09:48:42.641+0000: [GC (Allocation Failure) 2020-10-28T09:48:42.641+0000: [ParNew: 26692K->4K(30016K), 0.0028575 secs] 312541K->285853K(806524K), 0.0029143 secs] [Times: user=0.01 sys=0.00, real=0.00 secs] 
2020-10-28T09:48:42.668+0000: [GC (Allocation Failure) 2020-10-28T09:48:42.668+0000: [ParNew: 26692K->4K(30016K), 0.0033217 secs] 312541K->285853K(806524K), 0.0033775 secs] [Times: user=0.00 sys=0.00, real=0.00 secs] 
2020-10-28T09:48:42.695+0000: [GC (Allocation Failure) 2020-10-28T09:48:42.695+0000: [ParNew: 26692K->4K(30016K), 0.0028436 secs] 312541K->285853K(806524K), 0.0028983 secs] [Times: user=0.01 sys=0.00, real=0.00 secs] 
2020-10-28T09:48:42.721+0000: [GC (Allocation Failure) 2020-10-28T09:48:42.721+0000: [ParNew: 26692K->4K(30016K), 0.0028456 secs] 312541K->285853K(806524K), 0.0029019 secs] [Times: user=0.01 sys=0.00, real=0.00 secs] 
2020-10-28T09:48:42.749+0000: [GC (Allocation Failure) 2020-10-28T09:48:42.749+0000: [ParNew: 26692K->4K(30016K), 0.0028510 secs] 312541K->285853K(806524K), 0.0029075 secs] [Times: user=0.01 sys=0.00, real=0.00 secs] 
2020-10-28T09:48:42.775+0000: [GC (Allocation Failure) 2020-10-28T09:48:42.775+0000: [ParNew: 26692K->4K(30016K), 0.0028286 secs] 312541K->285853K(806524K), 0.0028840 secs] [Times: user=0.01 sys=0.00, real=0.00 secs] 
2020-10-28T09:48:42.801+0000: [GC (Allocation Failure) 2020-10-28T09:48:42.801+0000: [ParNew: 26692K->4K(30016K), 0.0028441 secs] 312541K->285853K(806524K), 0.0028997 secs] [Times: user=0.01 sys=0.00, real=0.00 secs] 
2020-10-28T09:48:42.828+0000: [GC (Allocation Failure) 2020-10-28T09:48:42.828+0000: [ParNew: 26692K->4K(30016K), 0.0028988 secs] 312541K->285853K(806524K), 0.0029555 secs] [Times: user=0.01 sys=0.00, real=0.00 secs] 
2020-10-28T09:48:42.865+0000: [GC (Allocation Failure) 2020-10-28T09:48:42.865+0000: [ParNew: 26692K->4K(30016K), 0.0028483 secs] 312541K->285853K(806524K), 0.0029196 secs] [Times: user=0.01 sys=0.00, real=0.00 secs] 
2020-10-28T09:48:42.892+0000: [GC (Allocation Failure) 2020-10-28T09:48:42.892+0000: [ParNew: 26692K->4K(30016K), 0.0029100 secs] 312541K->285853K(806524K), 0.0029670 secs] [Times: user=0.01 sys=0.00, real=0.01 secs] 
2020-10-28T09:48:42.919+0000: [GC (Allocation Failure) 2020-10-28T09:48:42.919+0000: [ParNew: 26692K->4K(30016K), 0.0028516 secs] 312541K->285853K(806524K), 0.0029091 secs] [Times: user=0.00 sys=0.00, real=0.01 secs] 
2020-10-28T09:48:42.945+0000: [GC (Allocation Failure) 2020-10-28T09:48:42.945+0000: [ParNew: 26692K->4K(30016K), 0.0028807 secs] 312541K->285853K(806524K), 0.0029465 secs] [Times: user=0.00 sys=0.00, real=0.00 secs] 
2020-10-28T09:48:42.971+0000: [GC (Allocation Failure) 2020-10-28T09:48:42.971+0000: [ParNew: 26692K->4K(30016K), 0.0028334 secs] 312541K->285853K(806524K), 0.0028900 secs] [Times: user=0.01 sys=0.00, real=0.01 secs] 
2020-10-28T09:48:42.993+0000: [GC (Allocation Failure) 2020-10-28T09:48:42.993+0000: [ParNew: 26692K->4K(30016K), 0.0035819 secs] 312541K->294045K(806524K), 0.0036379 secs] [Times: user=0.01 sys=0.00, real=0.00 secs] 
2020-10-28T09:48:43.021+0000: [GC (Allocation Failure) 2020-10-28T09:48:43.021+0000: [ParNew: 26692K->4K(30016K), 0.0028401 secs] 320733K->294045K(806524K), 0.0028959 secs] [Times: user=0.01 sys=0.00, real=0.00 secs] 
2020-10-28T09:48:43.045+0000: [GC (Allocation Failure) 2020-10-28T09:48:43.045+0000: [ParNew: 26692K->4K(30016K), 0.0037828 secs] 320733K->302237K(806524K), 0.0038401 secs] [Times: user=0.01 sys=0.00, real=0.00 secs] 
2020-10-28T09:48:43.073+0000: [GC (Allocation Failure) 2020-10-28T09:48:43.073+0000: [ParNew: 26692K->4K(30016K), 0.0028534 secs] 328925K->302237K(806524K), 0.0029077 secs] [Times: user=0.00 sys=0.00, real=0.01 secs] 
2020-10-28T09:48:43.099+0000: [GC (Allocation Failure) 2020-10-28T09:48:43.099+0000: [ParNew: 26692K->4K(30016K), 0.0028360 secs] 328925K->302237K(806524K), 0.0028899 secs] [Times: user=0.01 sys=0.00, real=0.01 secs] 
2020-10-28T09:48:43.125+0000: [GC (Allocation Failure) 2020-10-28T09:48:43.125+0000: [ParNew: 26692K->4K(30016K), 0.0028931 secs] 328925K->302237K(806524K), 0.0029485 secs] [Times: user=0.01 sys=0.00, real=0.00 secs] 
2020-10-28T09:48:43.152+0000: [GC (Allocation Failure) 2020-10-28T09:48:43.152+0000: [ParNew: 26692K->4K(30016K), 0.0029194 secs] 328925K->302237K(806524K), 0.0029888 secs] [Times: user=0.00 sys=0.00, real=0.01 secs] 
2020-10-28T09:48:43.181+0000: [GC (Allocation Failure) 2020-10-28T09:48:43.181+0000: [ParNew: 26692K->4K(30016K), 0.0029319 secs] 328925K->302237K(806524K), 0.0029870 secs] [Times: user=0.00 sys=0.00, real=0.00 secs] 
2020-10-28T09:48:43.209+0000: [GC (Allocation Failure) 2020-10-28T09:48:43.209+0000: [ParNew: 26692K->4K(30016K), 0.0028542 secs] 328925K->302237K(806524K), 0.0029115 secs] [Times: user=0.01 sys=0.00, real=0.00 secs] 
2020-10-28T09:48:43.237+0000: [GC (Allocation Failure) 2020-10-28T09:48:43.237+0000: [ParNew: 26692K->4K(30016K), 0.0028469 secs] 328925K->302237K(806524K), 0.0029019 secs] [Times: user=0.01 sys=0.00, real=0.00 secs] 
2020-10-28T09:48:43.265+0000: [GC (Allocation Failure) 2020-10-28T09:48:43.265+0000: [ParNew: 26692K->4K(30016K), 0.0028252 secs] 328925K->302237K(806524K), 0.0028805 secs] [Times: user=0.00 sys=0.00, real=0.00 secs] 
2020-10-28T09:48:43.303+0000: [GC (Allocation Failure) 2020-10-28T09:48:43.304+0000: [ParNew: 26692K->4K(30016K), 0.0028845 secs] 361693K->335005K(806524K), 0.0029664 secs] [Times: user=0.01 sys=0.00, real=0.00 secs] 
2020-10-28T09:48:43.337+0000: [GC (Allocation Failure) 2020-10-28T09:48:43.337+0000: [ParNew: 26692K->4K(30016K), 0.0028661 secs] 361693K->335005K(806524K), 0.0029248 secs] [Times: user=0.01 sys=0.00, real=0.00 secs] 
2020-10-28T09:48:43.369+0000: [GC (Allocation Failure) 2020-10-28T09:48:43.369+0000: [ParNew: 26692K->4K(30016K), 0.0028929 secs] 394461K->367773K(806524K), 0.0029507 secs] [Times: user=0.01 sys=0.00, real=0.00 secs] 
2020-10-28T09:48:43.372+0000: [GC (CMS Initial Mark) [1 CMS-initial-mark: 367769K(776508K)] 368117K(806524K), 0.0011720 secs] [Times: user=0.00 sys=0.00, real=0.01 secs] 
2020-10-28T09:48:43.373+0000: [CMS-concurrent-mark-start]
2020-10-28T09:48:43.405+0000: [GC (Allocation Failure) 2020-10-28T09:48:43.405+0000: [ParNew: 26692K->4K(30016K), 0.0027939 secs] 394461K->367773K(806524K), 0.0028497 secs] [Times: user=0.00 sys=0.00, real=0.00 secs] 
2020-10-28T09:48:43.439+0000: [GC (Allocation Failure) 2020-10-28T09:48:43.440+0000: [ParNew: 26692K->4K(30016K), 0.0027932 secs] 394461K->367773K(806524K), 0.0028602 secs] [Times: user=0.01 sys=0.00, real=0.01 secs] 
2020-10-28T09:48:43.464+0000: [CMS-concurrent-mark: 0.075/0.091 secs] [Times: user=0.17 sys=0.01, real=0.09 secs] 
2020-10-28T09:48:43.464+0000: [GC (Allocation Failure) 2020-10-28T09:48:43.464+0000: [ParNew: 26692K->4K(30016K), 0.0038220 secs] 394461K->375965K(806524K), 0.0038621 secs] [Times: user=0.01 sys=0.00, real=0.00 secs] 
2020-10-28T09:48:43.477+0000: [CMS-concurrent-preclean-start]
2020-10-28T09:48:43.480+0000: [CMS-concurrent-preclean: 0.003/0.003 secs] [Times: user=0.00 sys=0.00, real=0.00 secs] 
2020-10-28T09:48:43.480+0000: [CMS-concurrent-abortable-preclean-start]
2020-10-28T09:48:43.497+0000: [GC (Allocation Failure) 2020-10-28T09:48:43.497+0000: [ParNew: 26692K->4K(30016K), 0.0025901 secs] 402653K->375965K(806524K), 0.0026361 secs] [Times: user=0.01 sys=0.00, real=0.00 secs] 
2020-10-28T09:48:43.524+0000: [GC (Allocation Failure) 2020-10-28T09:48:43.524+0000: [ParNew: 26692K->4K(30016K), 0.0028942 secs] 402653K->375966K(806524K), 0.0029498 secs] [Times: user=0.01 sys=0.00, real=0.00 secs] 
2020-10-28T09:48:43.553+0000: [GC (Allocation Failure) 2020-10-28T09:48:43.553+0000: [ParNew: 26692K->4K(30016K), 0.0028143 secs] 402654K->375966K(806524K), 0.0028686 secs] [Times: user=0.00 sys=0.00, real=0.00 secs] 
2020-10-28T09:48:43.577+0000: [GC (Allocation Failure) 2020-10-28T09:48:43.577+0000: [ParNew: 26692K->4K(30016K), 0.0038136 secs] 402654K->384158K(806524K), 0.0038720 secs] [Times: user=0.01 sys=0.00, real=0.00 secs] 
2020-10-28T09:48:43.610+0000: [GC (Allocation Failure) 2020-10-28T09:48:43.610+0000: [ParNew: 26692K->4K(30016K), 0.0028429 secs] 410846K->384158K(806524K), 0.0028978 secs] [Times: user=0.01 sys=0.00, real=0.00 secs] 
2020-10-28T09:48:43.637+0000: [GC (Allocation Failure) 2020-10-28T09:48:43.637+0000: [ParNew: 26692K->4K(30016K), 0.0028420 secs] 410846K->384158K(806524K), 0.0028980 secs] [Times: user=0.01 sys=0.00, real=0.00 secs] 
2020-10-28T09:48:43.665+0000: [GC (Allocation Failure) 2020-10-28T09:48:43.665+0000: [ParNew: 26692K->4K(30016K), 0.0028580 secs] 410846K->384158K(806524K), 0.0029162 secs] [Times: user=0.01 sys=0.00, real=0.00 secs] 
2020-10-28T09:48:43.693+0000: [GC (Allocation Failure) 2020-10-28T09:48:43.693+0000: [ParNew: 26692K->4K(30016K), 0.0027843 secs] 410846K->384158K(806524K), 0.0028398 secs] [Times: user=0.01 sys=0.00, real=0.01 secs] 
2020-10-28T09:48:43.721+0000: [GC (Allocation Failure) 2020-10-28T09:48:43.721+0000: [ParNew: 26692K->4K(30016K), 0.0027737 secs] 410846K->384158K(806524K), 0.0028277 secs] [Times: user=0.00 sys=0.00, real=0.00 secs] 
2020-10-28T09:48:43.753+0000: [GC (Allocation Failure) 2020-10-28T09:48:43.753+0000: [ParNew: 26692K->4K(30016K), 0.0028369 secs] 410846K->384158K(806524K), 0.0028922 secs] [Times: user=0.01 sys=0.00, real=0.00 secs] 
2020-10-28T09:48:43.781+0000: [GC (Allocation Failure) 2020-10-28T09:48:43.781+0000: [ParNew: 26692K->4K(30016K), 0.0027445 secs] 410846K->384158K(806524K), 0.0027989 secs] [Times: user=0.00 sys=0.00, real=0.00 secs] 
2020-10-28T09:48:43.808+0000: [GC (Allocation Failure) 2020-10-28T09:48:43.809+0000: [ParNew: 26692K->4K(30016K), 0.0028441 secs] 410846K->384158K(806524K), 0.0028994 secs] [Times: user=0.01 sys=0.00, real=0.00 secs] 
2020-10-28T09:48:43.836+0000: [GC (Allocation Failure) 2020-10-28T09:48:43.836+0000: [ParNew: 26692K->4K(30016K), 0.0034440 secs] 410846K->384158K(806524K), 0.0034997 secs] [Times: user=0.00 sys=0.00, real=0.00 secs] 
2020-10-28T09:48:43.864+0000: [GC (Allocation Failure) 2020-10-28T09:48:43.864+0000: [ParNew: 26692K->4K(30016K), 0.0028519 secs] 410846K->384158K(806524K), 0.0029130 secs] [Times: user=0.01 sys=0.00, real=0.00 secs] 
2020-10-28T09:48:43.891+0000: [GC (Allocation Failure) 2020-10-28T09:48:43.891+0000: [ParNew: 26692K->4K(30016K), 0.0028598 secs] 410846K->384158K(806524K), 0.0029172 secs] [Times: user=0.01 sys=0.00, real=0.01 secs] 
2020-10-28T09:48:43.912+0000: [GC (Allocation Failure) 2020-10-28T09:48:43.912+0000: [ParNew: 26692K->4K(30016K), 0.0037448 secs] 410846K->392350K(806524K), 0.0038006 secs] [Times: user=0.01 sys=0.00, real=0.01 secs] 
2020-10-28T09:48:43.940+0000: [GC (Allocation Failure) 2020-10-28T09:48:43.940+0000: [ParNew: 26692K->4K(30016K), 0.0028720 secs] 419038K->392350K(806524K), 0.0029285 secs] [Times: user=0.00 sys=0.00, real=0.01 secs] 
2020-10-28T09:48:43.969+0000: [GC (Allocation Failure) 2020-10-28T09:48:43.969+0000: [ParNew: 26692K->4K(30016K), 0.0028289 secs] 419038K->392350K(806524K), 0.0028845 secs] [Times: user=0.00 sys=0.00, real=0.00 secs] 
2020-10-28T09:48:43.997+0000: [GC (Allocation Failure) 2020-10-28T09:48:43.997+0000: [ParNew: 26692K->4K(30016K), 0.0028104 secs] 419038K->392350K(806524K), 0.0028662 secs] [Times: user=0.01 sys=0.00, real=0.00 secs] 
2020-10-28T09:48:44.025+0000: [GC (Allocation Failure) 2020-10-28T09:48:44.025+0000: [ParNew: 26692K->4K(30016K), 0.0028257 secs] 419038K->392350K(806524K), 0.0028813 secs] [Times: user=0.00 sys=0.00, real=0.00 secs] 
2020-10-28T09:48:44.049+0000: [GC (Allocation Failure) 2020-10-28T09:48:44.049+0000: [ParNew: 22505K->4K(30016K), 0.0027559 secs] 414852K->392350K(806524K), 0.0028091 secs] [Times: user=0.01 sys=0.00, real=0.00 secs] 
2020-10-28T09:48:44.070+0000: [GC (Allocation Failure) 2020-10-28T09:48:44.070+0000: [ParNew: 26692K->4K(30016K), 0.0037779 secs] 419038K->400542K(806524K), 0.0038346 secs] [Times: user=0.01 sys=0.01, real=0.01 secs] 
2020-10-28T09:48:44.101+0000: [GC (Allocation Failure) 2020-10-28T09:48:44.101+0000: [ParNew: 26692K->4K(30016K), 0.0028045 secs] 427230K->400542K(806524K), 0.0028688 secs] [Times: user=0.00 sys=0.00, real=0.00 secs] 
2020-10-28T09:48:44.131+0000: [GC (Allocation Failure) 2020-10-28T09:48:44.131+0000: [ParNew: 26692K->4K(30016K), 0.0028217 secs] 427230K->400542K(806524K), 0.0028781 secs] [Times: user=0.01 sys=0.00, real=0.01 secs] 
2020-10-28T09:48:44.161+0000: [GC (Allocation Failure) 2020-10-28T09:48:44.161+0000: [ParNew: 26692K->4K(30016K), 0.0028239 secs] 427230K->400542K(806524K), 0.0028792 secs] [Times: user=0.00 sys=0.00, real=0.00 secs] 
2020-10-28T09:48:44.189+0000: [GC (Allocation Failure) 2020-10-28T09:48:44.189+0000: [ParNew: 26692K->4K(30016K), 0.0028583 secs] 427230K->400542K(806524K), 0.0029148 secs] [Times: user=0.01 sys=0.00, real=0.00 secs] 
2020-10-28T09:48:44.217+0000: [GC (Allocation Failure) 2020-10-28T09:48:44.217+0000: [ParNew: 26692K->4K(30016K), 0.0028566 secs] 427230K->400542K(806524K), 0.0029056 secs] [Times: user=0.01 sys=0.00, real=0.00 secs] 
2020-10-28T09:48:44.245+0000: [GC (Allocation Failure) 2020-10-28T09:48:44.245+0000: [ParNew: 26692K->4K(30016K), 0.0028785 secs] 427230K->400542K(806524K), 0.0029348 secs] [Times: user=0.00 sys=0.00, real=0.00 secs] 
2020-10-28T09:48:44.273+0000: [GC (Allocation Failure) 2020-10-28T09:48:44.273+0000: [ParNew: 26692K->4K(30016K), 0.0028906 secs] 427230K->400542K(806524K), 0.0029468 secs] [Times: user=0.00 sys=0.00, real=0.01 secs] 
2020-10-28T09:48:44.301+0000: [GC (Allocation Failure) 2020-10-28T09:48:44.301+0000: [ParNew: 26692K->4K(30016K), 0.0028548 secs] 427230K->400542K(806524K), 0.0029119 secs] [Times: user=0.00 sys=0.01, real=0.01 secs] 
2020-10-28T09:48:44.329+0000: [GC (Allocation Failure) 2020-10-28T09:48:44.329+0000: [ParNew: 26692K->4K(30016K), 0.0028346 secs] 427230K->400542K(806524K), 0.0028907 secs] [Times: user=0.00 sys=0.00, real=0.00 secs] 
2020-10-28T09:48:44.352+0000: [GC (Allocation Failure) 2020-10-28T09:48:44.352+0000: [ParNew: 22686K->4K(30016K), 0.0028814 secs] 423224K->400542K(806524K), 0.0029376 secs] [Times: user=0.01 sys=0.00, real=0.01 secs] 
2020-10-28T09:48:44.373+0000: [GC (Allocation Failure) 2020-10-28T09:48:44.373+0000: [ParNew: 26692K->4K(30016K), 0.0037762 secs] 427230K->408734K(806524K), 0.0038427 secs] [Times: user=0.01 sys=0.00, real=0.01 secs] 
2020-10-28T09:48:44.401+0000: [GC (Allocation Failure) 2020-10-28T09:48:44.401+0000: [ParNew: 26692K->4K(30016K), 0.0028321 secs] 435422K->408734K(806524K), 0.0028790 secs] [Times: user=0.01 sys=0.00, real=0.00 secs] 
2020-10-28T09:48:44.429+0000: [GC (Allocation Failure) 2020-10-28T09:48:44.429+0000: [ParNew: 26692K->4K(30016K), 0.0028571 secs] 435422K->408734K(806524K), 0.0029130 secs] [Times: user=0.01 sys=0.00, real=0.00 secs] 
2020-10-28T09:48:44.456+0000: [GC (Allocation Failure) 2020-10-28T09:48:44.456+0000: [ParNew: 26692K->4K(30016K), 0.0028384 secs] 435422K->408734K(806524K), 0.0028937 secs] [Times: user=0.01 sys=0.00, real=0.00 secs] 
2020-10-28T09:48:44.484+0000: [GC (Allocation Failure) 2020-10-28T09:48:44.484+0000: [ParNew: 26692K->4K(30016K), 0.0028553 secs] 435422K->408734K(806524K), 0.0029246 secs] [Times: user=0.01 sys=0.00, real=0.00 secs] 
2020-10-28T09:48:44.513+0000: [GC (Allocation Failure) 2020-10-28T09:48:44.513+0000: [ParNew: 26692K->4K(30016K), 0.0028468 secs] 435422K->408734K(806524K), 0.0029028 secs] [Times: user=0.00 sys=0.00, real=0.00 secs] 
2020-10-28T09:48:44.535+0000: [GC (Allocation Failure) 2020-10-28T09:48:44.535+0000: [ParNew: 26692K->4K(30016K), 0.0037606 secs] 435422K->416926K(806524K), 0.0038156 secs] [Times: user=0.01 sys=0.00, real=0.00 secs] 
2020-10-28T09:48:44.563+0000: [GC (Allocation Failure) 2020-10-28T09:48:44.563+0000: [ParNew: 26692K->4K(30016K), 0.0028614 secs] 443614K->416926K(806524K), 0.0029195 secs] [Times: user=0.00 sys=0.00, real=0.00 secs] 
2020-10-28T09:48:44.593+0000: [GC (Allocation Failure) 2020-10-28T09:48:44.593+0000: [ParNew: 26692K->4K(30016K), 0.0028376 secs] 443614K->416926K(806524K), 0.0028928 secs] [Times: user=0.00 sys=0.00, real=0.00 secs] 
2020-10-28T09:48:44.621+0000: [GC (Allocation Failure) 2020-10-28T09:48:44.621+0000: [ParNew: 26692K->4K(30016K), 0.0028717 secs] 443614K->416926K(806524K), 0.0029274 secs] [Times: user=0.00 sys=0.00, real=0.01 secs] 
2020-10-28T09:48:44.648+0000: [GC (Allocation Failure) 2020-10-28T09:48:44.648+0000: [ParNew: 26692K->4K(30016K), 0.0028930 secs] 443614K->416926K(806524K), 0.0029489 secs] [Times: user=0.01 sys=0.00, real=0.00 secs] 
2020-10-28T09:48:44.676+0000: [GC (Allocation Failure) 2020-10-28T09:48:44.676+0000: [ParNew: 26692K->4K(30016K), 0.0028533 secs] 443614K->416926K(806524K), 0.0029114 secs] [Times: user=0.00 sys=0.00, real=0.00 secs] 
2020-10-28T09:48:44.705+0000: [GC (Allocation Failure) 2020-10-28T09:48:44.705+0000: [ParNew: 26692K->4K(30016K), 0.0028453 secs] 443614K->416926K(806524K), 0.0029001 secs] [Times: user=0.01 sys=0.00, real=0.00 secs] 
2020-10-28T09:48:44.733+0000: [GC (Allocation Failure) 2020-10-28T09:48:44.733+0000: [ParNew: 26692K->4K(30016K), 0.0028156 secs] 443614K->416926K(806524K), 0.0028714 secs] [Times: user=0.00 sys=0.00, real=0.00 secs] 
2020-10-28T09:48:44.765+0000: [GC (Allocation Failure) 2020-10-28T09:48:44.765+0000: [ParNew: 26692K->4K(30016K), 0.0028425 secs] 443614K->416926K(806524K), 0.0028995 secs] [Times: user=0.00 sys=0.00, real=0.00 secs] 
2020-10-28T09:48:44.793+0000: [GC (Allocation Failure) 2020-10-28T09:48:44.793+0000: [ParNew: 26692K->4K(30016K), 0.0028065 secs] 443614K->416926K(806524K), 0.0028623 secs] [Times: user=0.00 sys=0.00, real=0.01 secs] 
2020-10-28T09:48:44.814+0000: [GC (Allocation Failure) 2020-10-28T09:48:44.814+0000: [ParNew: 26692K->4K(30016K), 0.0035887 secs] 443614K->425118K(806524K), 0.0036414 secs] [Times: user=0.00 sys=0.00, real=0.00 secs] 
2020-10-28T09:48:44.841+0000: [GC (Allocation Failure) 2020-10-28T09:48:44.841+0000: [ParNew: 26692K->4K(30016K), 0.0028604 secs] 451806K->425118K(806524K), 0.0029160 secs] [Times: user=0.01 sys=0.00, real=0.00 secs] 
2020-10-28T09:48:44.869+0000: [GC (Allocation Failure) 2020-10-28T09:48:44.869+0000: [ParNew: 26692K->4K(30016K), 0.0028515 secs] 451806K->425118K(806524K), 0.0029060 secs] [Times: user=0.01 sys=0.00, real=0.00 secs] 
2020-10-28T09:48:44.897+0000: [GC (Allocation Failure) 2020-10-28T09:48:44.897+0000: [ParNew: 26692K->4K(30016K), 0.0028004 secs] 451806K->425118K(806524K), 0.0028559 secs] [Times: user=0.00 sys=0.00, real=0.00 secs] 
2020-10-28T09:48:44.925+0000: [GC (Allocation Failure) 2020-10-28T09:48:44.925+0000: [ParNew: 26692K->4K(30016K), 0.0028384 secs] 451806K->425118K(806524K), 0.0028942 secs] [Times: user=0.00 sys=0.00, real=0.00 secs] 
2020-10-28T09:48:44.953+0000: [GC (Allocation Failure) 2020-10-28T09:48:44.953+0000: [ParNew: 26692K->4K(30016K), 0.0028057 secs] 451806K->425118K(806524K), 0.0028705 secs] [Times: user=0.00 sys=0.00, real=0.01 secs] 
2020-10-28T09:48:44.980+0000: [GC (Allocation Failure) 2020-10-28T09:48:44.980+0000: [ParNew: 26692K->4K(30016K), 0.0028164 secs] 451806K->425118K(806524K), 0.0028772 secs] [Times: user=0.01 sys=0.00, real=0.01 secs] 
2020-10-28T09:48:45.001+0000: [GC (Allocation Failure) 2020-10-28T09:48:45.001+0000: [ParNew: 19949K->4K(30016K), 0.0026447 secs] 445064K->425118K(806524K), 0.0026961 secs] [Times: user=0.01 sys=0.00, real=0.01 secs] 
2020-10-28T09:48:45.025+0000: [GC (Allocation Failure) 2020-10-28T09:48:45.025+0000: [ParNew: 26692K->4K(30016K), 0.0036766 secs] 451806K->433310K(806524K), 0.0037318 secs] [Times: user=0.01 sys=0.00, real=0.00 secs] 
2020-10-28T09:48:45.054+0000: [GC (Allocation Failure) 2020-10-28T09:48:45.054+0000: [ParNew: 26692K->4K(30016K), 0.0028418 secs] 459998K->433310K(806524K), 0.0028973 secs] [Times: user=0.01 sys=0.00, real=0.00 secs] 
2020-10-28T09:48:45.083+0000: [GC (Allocation Failure) 2020-10-28T09:48:45.083+0000: [ParNew: 26692K->4K(30016K), 0.0027808 secs] 459998K->433310K(806524K), 0.0028375 secs] [Times: user=0.00 sys=0.00, real=0.00 secs] 
2020-10-28T09:48:45.110+0000: [GC (Allocation Failure) 2020-10-28T09:48:45.110+0000: [ParNew: 26692K->4K(30016K), 0.0028318 secs] 459998K->433310K(806524K), 0.0028872 secs] [Times: user=0.01 sys=0.00, real=0.00 secs] 
2020-10-28T09:48:45.141+0000: [GC (Allocation Failure) 2020-10-28T09:48:45.141+0000: [ParNew: 26692K->4K(30016K), 0.0028081 secs] 459998K->433310K(806524K), 0.0028562 secs] [Times: user=0.01 sys=0.00, real=0.00 secs] 
2020-10-28T09:48:45.169+0000: [GC (Allocation Failure) 2020-10-28T09:48:45.169+0000: [ParNew: 26692K->4K(30016K), 0.0028447 secs] 459998K->433310K(806524K), 0.0029004 secs] [Times: user=0.00 sys=0.00, real=0.00 secs] 
2020-10-28T09:48:45.201+0000: [GC (Allocation Failure) 2020-10-28T09:48:45.201+0000: [ParNew: 26692K->4K(30016K), 0.0028322 secs] 459998K->433310K(806524K), 0.0028881 secs] [Times: user=0.00 sys=0.00, real=0.00 secs] 
2020-10-28T09:48:45.229+0000: [GC (Allocation Failure) 2020-10-28T09:48:45.229+0000: [ParNew: 26692K->4K(30016K), 0.0028620 secs] 459998K->433310K(806524K), 0.0029192 secs] [Times: user=0.01 sys=0.00, real=0.00 secs] 
2020-10-28T09:48:45.257+0000: [GC (Allocation Failure) 2020-10-28T09:48:45.257+0000: [ParNew: 26692K->4K(30016K), 0.0029049 secs] 459998K->433310K(806524K), 0.0029611 secs] [Times: user=0.00 sys=0.00, real=0.00 secs] 
2020-10-28T09:48:45.281+0000: [GC (Allocation Failure) 2020-10-28T09:48:45.281+0000: [ParNew: 26692K->4K(30016K), 0.0037843 secs] 459998K->441502K(806524K), 0.0038416 secs] [Times: user=0.00 sys=0.01, real=0.00 secs] 
2020-10-28T09:48:45.313+0000: [GC (Allocation Failure) 2020-10-28T09:48:45.313+0000: [ParNew: 26692K->4K(30016K), 0.0028208 secs] 468190K->441502K(806524K), 0.0028761 secs] [Times: user=0.00 sys=0.00, real=0.00 secs] 
2020-10-28T09:48:45.345+0000: [GC (Allocation Failure) 2020-10-28T09:48:45.345+0000: [ParNew: 26692K->4K(30016K), 0.0028033 secs] 468190K->441502K(806524K), 0.0028604 secs] [Times: user=0.00 sys=0.00, real=0.00 secs] 
2020-10-28T09:48:45.373+0000: [GC (Allocation Failure) 2020-10-28T09:48:45.373+0000: [ParNew: 26692K->4K(30016K), 0.0028707 secs] 468190K->441502K(806524K), 0.0029269 secs] [Times: user=0.00 sys=0.00, real=0.01 secs] 
2020-10-28T09:48:45.401+0000: [GC (Allocation Failure) 2020-10-28T09:48:45.401+0000: [ParNew: 26692K->4K(30016K), 0.0028447 secs] 468190K->441502K(806524K), 0.0029007 secs] [Times: user=0.00 sys=0.00, real=0.00 secs] 
2020-10-28T09:48:45.429+0000: [GC (Allocation Failure) 2020-10-28T09:48:45.429+0000: [ParNew: 26692K->4K(30016K), 0.0028350 secs] 468190K->441502K(806524K), 0.0028914 secs] [Times: user=0.01 sys=0.00, real=0.00 secs] 
2020-10-28T09:48:45.459+0000: [GC (Allocation Failure) 2020-10-28T09:48:45.459+0000: [ParNew: 26692K->4K(30016K), 0.0029112 secs] 468190K->441503K(806524K), 0.0029887 secs] [Times: user=0.01 sys=0.00, real=0.01 secs] 
2020-10-28T09:48:45.485+0000: [GC (Allocation Failure) 2020-10-28T09:48:45.485+0000: [ParNew: 26692K->4K(30016K), 0.0037294 secs] 468191K->449695K(806524K), 0.0037802 secs] [Times: user=0.01 sys=0.00, real=0.00 secs] 
2020-10-28T09:48:45.515+0000: [GC (Allocation Failure) 2020-10-28T09:48:45.515+0000: [ParNew: 26692K->4K(30016K), 0.0028408 secs] 476383K->449695K(806524K), 0.0028974 secs] [Times: user=0.01 sys=0.00, real=0.00 secs] 
2020-10-28T09:48:45.543+0000: [GC (Allocation Failure) 2020-10-28T09:48:45.543+0000: [ParNew: 26692K->4K(30016K), 0.0028567 secs] 476383K->449695K(806524K), 0.0029139 secs] [Times: user=0.01 sys=0.00, real=0.00 secs] 
2020-10-28T09:48:45.573+0000: [GC (Allocation Failure) 2020-10-28T09:48:45.573+0000: [ParNew: 26692K->4K(30016K), 0.0027890 secs] 476383K->449695K(806524K), 0.0028447 secs] [Times: user=0.00 sys=0.00, real=0.00 secs] 
2020-10-28T09:48:45.601+0000: [GC (Allocation Failure) 2020-10-28T09:48:45.601+0000: [ParNew: 26692K->4K(30016K), 0.0028784 secs] 476383K->449695K(806524K), 0.0029343 secs] [Times: user=0.00 sys=0.00, real=0.01 secs] 
2020-10-28T09:48:45.628+0000: [GC (Allocation Failure) 2020-10-28T09:48:45.628+0000: [ParNew: 26692K->4K(30016K), 0.0028531 secs] 476383K->449695K(806524K), 0.0029084 secs] [Times: user=0.01 sys=0.00, real=0.00 secs] 
2020-10-28T09:48:45.656+0000: [GC (Allocation Failure) 2020-10-28T09:48:45.656+0000: [ParNew: 26692K->4K(30016K), 0.0028561 secs] 476383K->449695K(806524K), 0.0029113 secs] [Times: user=0.01 sys=0.00, real=0.00 secs] 
2020-10-28T09:48:45.685+0000: [GC (Allocation Failure) 2020-10-28T09:48:45.685+0000: [ParNew: 26692K->4K(30016K), 0.0028124 secs] 476383K->449695K(806524K), 0.0028691 secs] [Times: user=0.00 sys=0.00, real=0.00 secs] 
2020-10-28T09:48:45.713+0000: [GC (Allocation Failure) 2020-10-28T09:48:45.713+0000: [ParNew: 26692K->4K(30016K), 0.0028279 secs] 476383K->449695K(806524K), 0.0028846 secs] [Times: user=0.01 sys=0.00, real=0.00 secs] 
2020-10-28T09:48:45.740+0000: [GC (Allocation Failure) 2020-10-28T09:48:45.740+0000: [ParNew: 26692K->4K(30016K), 0.0029057 secs] 476383K->449695K(806524K), 0.0029774 secs] [Times: user=0.01 sys=0.00, real=0.01 secs] 
2020-10-28T09:48:45.765+0000: [GC (Allocation Failure) 2020-10-28T09:48:45.765+0000: [ParNew: 26692K->4K(30016K), 0.0038251 secs] 476383K->457887K(806524K), 0.0038854 secs] [Times: user=0.01 sys=0.00, real=0.00 secs] 
2020-10-28T09:48:45.794+0000: [GC (Allocation Failure) 2020-10-28T09:48:45.794+0000: [ParNew: 26692K->4K(30016K), 0.0027976 secs] 484575K->457887K(806524K), 0.0028517 secs] [Times: user=0.00 sys=0.00, real=0.00 secs] 
2020-10-28T09:48:45.821+0000: [GC (Allocation Failure) 2020-10-28T09:48:45.821+0000: [ParNew: 26692K->4K(30016K), 0.0028536 secs] 484575K->457887K(806524K), 0.0029255 secs] [Times: user=0.00 sys=0.00, real=0.01 secs] 
2020-10-28T09:48:45.848+0000: [GC (Allocation Failure) 2020-10-28T09:48:45.848+0000: [ParNew: 26692K->4K(30016K), 0.0028269 secs] 484575K->457887K(806524K), 0.0028819 secs] [Times: user=0.00 sys=0.00, real=0.00 secs] 
2020-10-28T09:48:45.885+0000: [GC (Allocation Failure) 2020-10-28T09:48:45.885+0000: [ParNew: 26692K->4K(30016K), 0.0028196 secs] 484575K->457887K(806524K), 0.0028754 secs] [Times: user=0.01 sys=0.00, real=0.00 secs] 
2020-10-28T09:48:45.913+0000: [GC (Allocation Failure) 2020-10-28T09:48:45.913+0000: [ParNew: 26692K->4K(30016K), 0.0028505 secs] 484575K->457887K(806524K), 0.0029300 secs] [Times: user=0.00 sys=0.00, real=0.01 secs] 
2020-10-28T09:48:45.944+0000: [GC (Allocation Failure) 2020-10-28T09:48:45.944+0000: [ParNew: 26692K->4K(30016K), 0.0030510 secs] 484575K->457887K(806524K), 0.0031054 secs] [Times: user=0.01 sys=0.00, real=0.00 secs] 
2020-10-28T09:48:45.975+0000: [GC (Allocation Failure) 2020-10-28T09:48:45.975+0000: [ParNew: 26692K->4K(30016K), 0.0028215 secs] 484575K->457887K(806524K), 0.0028774 secs] [Times: user=0.00 sys=0.00, real=0.00 secs] 
2020-10-28T09:48:45.997+0000: [GC (Allocation Failure) 2020-10-28T09:48:45.997+0000: [ParNew: 26692K->4K(30016K), 0.0038333 secs] 484575K->466079K(806524K), 0.0038924 secs] [Times: user=0.00 sys=0.00, real=0.01 secs] 
2020-10-28T09:48:46.028+0000: [GC (Allocation Failure) 2020-10-28T09:48:46.028+0000: [ParNew: 26692K->4K(30016K), 0.0028552 secs] 492767K->466079K(806524K), 0.0029224 secs] [Times: user=0.01 sys=0.00, real=0.00 secs] 
2020-10-28T09:48:46.055+0000: [GC (Allocation Failure) 2020-10-28T09:48:46.055+0000: [ParNew: 26692K->4K(30016K), 0.0029373 secs] 492767K->466079K(806524K), 0.0029944 secs] [Times: user=0.00 sys=0.00, real=0.00 secs] 
2020-10-28T09:48:46.084+0000: [GC (Allocation Failure) 2020-10-28T09:48:46.084+0000: [ParNew: 26692K->4K(30016K), 0.0028491 secs] 492767K->466079K(806524K), 0.0029067 secs] [Times: user=0.01 sys=0.00, real=0.00 secs] 
2020-10-28T09:48:46.113+0000: [GC (Allocation Failure) 2020-10-28T09:48:46.113+0000: [ParNew: 26692K->4K(30016K), 0.0028658 secs] 492767K->466079K(806524K), 0.0029467 secs] [Times: user=0.01 sys=0.00, real=0.00 secs] 
2020-10-28T09:48:46.141+0000: [GC (Allocation Failure) 2020-10-28T09:48:46.141+0000: [ParNew: 26692K->4K(30016K), 0.0028101 secs] 492767K->466079K(806524K), 0.0028670 secs] [Times: user=0.00 sys=0.00, real=0.00 secs] 
2020-10-28T09:48:46.168+0000: [GC (Allocation Failure) 2020-10-28T09:48:46.168+0000: [ParNew: 26692K->4K(30016K), 0.0028461 secs] 492767K->466079K(806524K), 0.0029020 secs] [Times: user=0.01 sys=0.00, real=0.00 secs] 
2020-10-28T09:48:46.189+0000: [GC (Allocation Failure) 2020-10-28T09:48:46.189+0000: [ParNew: 26692K->4K(30016K), 0.0035966 secs] 492767K->474271K(806524K), 0.0036659 secs] [Times: user=0.01 sys=0.00, real=0.00 secs] 
2020-10-28T09:48:46.221+0000: [GC (Allocation Failure) 2020-10-28T09:48:46.221+0000: [ParNew: 26692K->4K(30016K), 0.0046421 secs] 500959K->474271K(806524K), 0.0046900 secs] [Times: user=0.00 sys=0.00, real=0.00 secs] 
2020-10-28T09:48:46.253+0000: [GC (Allocation Failure) 2020-10-28T09:48:46.253+0000: [ParNew: 26692K->4K(30016K), 0.0028290 secs] 500959K->474271K(806524K), 0.0028854 secs] [Times: user=0.01 sys=0.00, real=0.00 secs] 
2020-10-28T09:48:46.281+0000: [GC (Allocation Failure) 2020-10-28T09:48:46.281+0000: [ParNew: 26692K->4K(30016K), 0.0028761 secs] 500959K->474271K(806524K), 0.0029329 secs] [Times: user=0.00 sys=0.00, real=0.01 secs] 
2020-10-28T09:48:46.309+0000: [GC (Allocation Failure) 2020-10-28T09:48:46.309+0000: [ParNew: 26692K->4K(30016K), 0.0028277 secs] 500959K->474271K(806524K), 0.0028829 secs] [Times: user=0.00 sys=0.00, real=0.00 secs] 
2020-10-28T09:48:46.337+0000: [GC (Allocation Failure) 2020-10-28T09:48:46.337+0000: [ParNew: 26692K->4K(30016K), 0.0028195 secs] 500959K->474271K(806524K), 0.0028769 secs] [Times: user=0.01 sys=0.00, real=0.00 secs] 
2020-10-28T09:48:46.365+0000: [GC (Allocation Failure) 2020-10-28T09:48:46.365+0000: [ParNew: 26692K->4K(30016K), 0.0028393 secs] 500959K->474271K(806524K), 0.0028951 secs] [Times: user=0.01 sys=0.00, real=0.00 secs] 
2020-10-28T09:48:46.393+0000: [GC (Allocation Failure) 2020-10-28T09:48:46.393+0000: [ParNew: 26692K->4K(30016K), 0.0028232 secs] 500959K->474271K(806524K), 0.0028793 secs] [Times: user=0.01 sys=0.00, real=0.01 secs] 
2020-10-28T09:48:46.420+0000: [GC (Allocation Failure) 2020-10-28T09:48:46.420+0000: [ParNew: 26692K->4K(30016K), 0.0028203 secs] 500959K->474271K(806524K), 0.0028803 secs] [Times: user=0.01 sys=0.00, real=0.01 secs] 
2020-10-28T09:48:46.447+0000: [GC (Allocation Failure) 2020-10-28T09:48:46.447+0000: [ParNew: 26692K->4K(30016K), 0.0028523 secs] 500959K->474271K(806524K), 0.0029081 secs] [Times: user=0.00 sys=0.00, real=0.00 secs] 
2020-10-28T09:48:46.468+0000: [GC (Allocation Failure) 2020-10-28T09:48:46.468+0000: [ParNew: 26692K->4K(30016K), 0.0034052 secs] 500959K->482463K(806524K), 0.0034547 secs] [Times: user=0.00 sys=0.00, real=0.00 secs] 
2020-10-28T09:48:46.497+0000: [GC (Allocation Failure) 2020-10-28T09:48:46.497+0000: [ParNew: 26692K->4K(30016K), 0.0028165 secs] 509151K->482463K(806524K), 0.0028740 secs] [Times: user=0.00 sys=0.00, real=0.00 secs] 
2020-10-28T09:48:46.524+0000: [GC (Allocation Failure) 2020-10-28T09:48:46.524+0000: [ParNew: 26692K->4K(30016K), 0.0028019 secs] 509151K->482463K(806524K), 0.0028581 secs] [Times: user=0.00 sys=0.00, real=0.00 secs] 
2020-10-28T09:48:46.553+0000: [GC (Allocation Failure) 2020-10-28T09:48:46.553+0000: [ParNew: 26692K->4K(30016K), 0.0027994 secs] 509151K->482463K(806524K), 0.0028613 secs] [Times: user=0.01 sys=0.00, real=0.00 secs] 
2020-10-28T09:48:46.581+0000: [GC (Allocation Failure) 2020-10-28T09:48:46.581+0000: [ParNew: 26692K->4K(30016K), 0.0027236 secs] 509151K->482463K(806524K), 0.0027773 secs] [Times: user=0.00 sys=0.00, real=0.01 secs] 
2020-10-28T09:48:46.608+0000: [GC (Allocation Failure) 2020-10-28T09:48:46.608+0000: [ParNew: 26692K->4K(30016K), 0.0033297 secs] 509151K->482463K(806524K), 0.0033921 secs] [Times: user=0.00 sys=0.00, real=0.00 secs] 
2020-10-28T09:48:46.633+0000: [GC (Allocation Failure) 2020-10-28T09:48:46.633+0000: [ParNew: 20960K->4K(30016K), 0.0028721 secs] 503420K->482463K(806524K), 0.0029311 secs] [Times: user=0.01 sys=0.00, real=0.00 secs] 
2020-10-28T09:48:46.654+0000: [GC (Allocation Failure) 2020-10-28T09:48:46.654+0000: [ParNew: 26692K->4K(30016K), 0.0043105 secs] 509151K->490655K(806524K), 0.0043681 secs] [Times: user=0.00 sys=0.00, real=0.00 secs] 
2020-10-28T09:48:46.684+0000: [GC (Allocation Failure) 2020-10-28T09:48:46.684+0000: [ParNew: 26692K->4K(30016K), 0.0028953 secs] 517343K->490655K(806524K), 0.0029513 secs] [Times: user=0.01 sys=0.00, real=0.00 secs] 
2020-10-28T09:48:46.713+0000: [GC (Allocation Failure) 2020-10-28T09:48:46.713+0000: [ParNew: 26692K->4K(30016K), 0.0028219 secs] 517343K->490655K(806524K), 0.0028779 secs] [Times: user=0.01 sys=0.00, real=0.00 secs] 
2020-10-28T09:48:46.741+0000: [GC (Allocation Failure) 2020-10-28T09:48:46.741+0000: [ParNew: 26692K->4K(30016K), 0.0028887 secs] 517343K->490655K(806524K), 0.0029445 secs] [Times: user=0.00 sys=0.00, real=0.01 secs] 
2020-10-28T09:48:46.769+0000: [GC (Allocation Failure) 2020-10-28T09:48:46.769+0000: [ParNew: 26692K->4K(30016K), 0.0028405 secs] 517343K->490655K(806524K), 0.0028976 secs] [Times: user=0.01 sys=0.00, real=0.00 secs] 
2020-10-28T09:48:46.797+0000: [GC (Allocation Failure) 2020-10-28T09:48:46.797+0000: [ParNew: 26692K->4K(30016K), 0.0028330 secs] 517343K->490655K(806524K), 0.0028897 secs] [Times: user=0.01 sys=0.00, real=0.00 secs] 
2020-10-28T09:48:46.824+0000: [GC (Allocation Failure) 2020-10-28T09:48:46.824+0000: [ParNew: 26692K->4K(30016K), 0.0028257 secs] 517343K->490655K(806524K), 0.0028815 secs] [Times: user=0.00 sys=0.00, real=0.00 secs] 
2020-10-28T09:48:46.852+0000: [GC (Allocation Failure) 2020-10-28T09:48:46.852+0000: [ParNew: 26692K->4K(30016K), 0.0028461 secs] 517343K->490655K(806524K), 0.0029151 secs] [Times: user=0.01 sys=0.00, real=0.01 secs] 
2020-10-28T09:48:46.879+0000: [GC (Allocation Failure) 2020-10-28T09:48:46.879+0000: [ParNew: 26692K->4K(30016K), 0.0028787 secs] 517343K->490655K(806524K), 0.0029476 secs] [Times: user=0.01 sys=0.00, real=0.01 secs] 
2020-10-28T09:48:46.907+0000: [GC (Allocation Failure) 2020-10-28T09:48:46.907+0000: [ParNew: 26692K->4K(30016K), 0.0028959 secs] 517343K->490655K(806524K), 0.0029525 secs] [Times: user=0.00 sys=0.00, real=0.00 secs] 
2020-10-28T09:48:46.933+0000: [GC (Allocation Failure) 2020-10-28T09:48:46.933+0000: [ParNew: 23695K->4K(30016K), 0.0027268 secs] 514347K->490655K(806524K), 0.0027808 secs] [Times: user=0.01 sys=0.00, real=0.00 secs] 
2020-10-28T09:48:46.954+0000: [GC (Allocation Failure) 2020-10-28T09:48:46.954+0000: [ParNew: 26692K->4K(30016K), 0.0037996 secs] 517343K->498847K(806524K), 0.0038572 secs] [Times: user=0.01 sys=0.00, real=0.00 secs] 
2020-10-28T09:48:46.983+0000: [GC (Allocation Failure) 2020-10-28T09:48:46.983+0000: [ParNew: 26692K->4K(30016K), 0.0028149 secs] 525535K->498847K(806524K), 0.0028868 secs] [Times: user=0.00 sys=0.00, real=0.00 secs] 
2020-10-28T09:48:47.017+0000: [GC (Allocation Failure) 2020-10-28T09:48:47.017+0000: [ParNew: 26692K->4K(30016K), 0.0028215 secs] 525535K->498847K(806524K), 0.0028758 secs] [Times: user=0.01 sys=0.00, real=0.00 secs] 
2020-10-28T09:48:47.065+0000: [GC (Allocation Failure) 2020-10-28T09:48:47.065+0000: [ParNew: 26692K->4K(30016K), 0.0028262 secs] 525535K->498847K(806524K), 0.0029169 secs] [Times: user=0.00 sys=0.00, real=0.00 secs] 
2020-10-28T09:48:47.121+0000: [GC (Allocation Failure) 2020-10-28T09:48:47.121+0000: [ParNew: 26692K->4K(30016K), 0.0028184 secs] 525535K->498847K(806524K), 0.0028749 secs] [Times: user=0.01 sys=0.00, real=0.00 secs] 
2020-10-28T09:48:47.170+0000: [GC (Allocation Failure) 2020-10-28T09:48:47.170+0000: [ParNew: 26692K->4K(30016K), 0.0028088 secs] 525535K->498847K(806524K), 0.0028643 secs] [Times: user=0.00 sys=0.00, real=0.00 secs] 
2020-10-28T09:48:47.221+0000: [GC (Allocation Failure) 2020-10-28T09:48:47.221+0000: [ParNew: 26692K->4K(30016K), 0.0028419 secs] 525535K->498847K(806524K), 0.0028969 secs] [Times: user=0.00 sys=0.00, real=0.01 secs] 
2020-10-28T09:48:47.273+0000: [GC (Allocation Failure) 2020-10-28T09:48:47.273+0000: [ParNew: 26692K->6K(30016K), 0.0028399 secs] 525535K->498849K(806524K), 0.0028962 secs] [Times: user=0.00 sys=0.00, real=0.00 secs] 
2020-10-28T09:48:47.325+0000: [GC (Allocation Failure) 2020-10-28T09:48:47.325+0000: [ParNew: 26694K->4K(30016K), 0.0029143 secs] 525537K->498849K(806524K), 0.0029698 secs] [Times: user=0.00 sys=0.00, real=0.00 secs] 
2020-10-28T09:48:47.738+0000: [CMS-concurrent-abortable-preclean: 0.218/4.258 secs] [Times: user=7.75 sys=0.23, real=4.26 secs] 
2020-10-28T09:48:47.742+0000: [GC (CMS Final Remark) [YG occupancy: 16187 K (30016 K)]2020-10-28T09:48:47.742+0000: [Rescan (parallel) , 0.0139546 secs]2020-10-28T09:48:47.756+0000: [weak refs processing, 0.0000321 secs]2020-10-28T09:48:47.756+0000: [class unloading, 0.0079979 secs]2020-10-28T09:48:47.764+0000: [scrub symbol table, 0.0087246 secs]2020-10-28T09:48:47.773+0000: [scrub string table, 0.0005912 secs][1 CMS-remark: 498845K(776508K)] 515032K(806524K), 0.0314510 secs] [Times: user=0.04 sys=0.00, real=0.03 secs] 
2020-10-28T09:48:47.774+0000: [CMS-concurrent-sweep-start]
2020-10-28T09:48:47.785+0000: [CMS-concurrent-sweep: 0.011/0.011 secs] [Times: user=0.02 sys=0.00, real=0.01 secs] 
2020-10-28T09:48:47.785+0000: [CMS-concurrent-reset-start]
2020-10-28T09:48:47.787+0000: [CMS-concurrent-reset: 0.002/0.002 secs] [Times: user=0.01 sys=0.00, real=0.00 secs] 
2020-10-28T09:48:47.976+0000: [GC (Allocation Failure) 2020-10-28T09:48:47.976+0000: [ParNew: 26692K->4K(30016K), 0.0030499 secs] 525444K->498756K(861272K), 0.0031102 secs] [Times: user=0.01 sys=0.00, real=0.00 secs] 
2020-10-28T09:48:48.112+0000: [GC (Allocation Failure) 2020-10-28T09:48:48.112+0000: [ParNew: 26692K->4K(30016K), 0.0030082 secs] 525444K->498756K(861272K), 0.0030723 secs] [Times: user=0.01 sys=0.00, real=0.01 secs] 
2020-10-28T09:48:48.169+0000: [GC (Allocation Failure) 2020-10-28T09:48:48.169+0000: [ParNew: 26692K->4K(30016K), 0.0030107 secs] 525444K->498756K(861272K), 0.0030689 secs] [Times: user=0.01 sys=0.00, real=0.00 secs] 
2020-10-28T09:48:48.221+0000: [GC (Allocation Failure) 2020-10-28T09:48:48.221+0000: [ParNew: 26692K->4K(30016K), 0.0029984 secs] 525444K->498756K(861272K), 0.0030505 secs] [Times: user=0.01 sys=0.00, real=0.01 secs] 
2020-10-28T09:48:48.269+0000: [GC (Allocation Failure) 2020-10-28T09:48:48.269+0000: [ParNew: 26692K->4K(30016K), 0.0029777 secs] 525444K->498756K(861272K), 0.0030342 secs] [Times: user=0.01 sys=0.00, real=0.00 secs] 
2020-10-28T09:48:48.317+0000: [GC (Allocation Failure) 2020-10-28T09:48:48.317+0000: [ParNew: 26692K->4K(30016K), 0.0030052 secs] 525444K->498756K(861272K), 0.0030651 secs] [Times: user=0.01 sys=0.00, real=0.00 secs] 
2020-10-28T09:48:48.346+0000: [GC (Allocation Failure) 2020-10-28T09:48:48.346+0000: [ParNew: 26692K->4K(30016K), 0.0029994 secs] 525444K->498757K(861272K), 0.0030562 secs] [Times: user=0.00 sys=0.00, real=0.00 secs] 
2020-10-28T09:48:48.377+0000: [GC (Allocation Failure) 2020-10-28T09:48:48.377+0000: [ParNew: 26692K->4K(30016K), 0.0029882 secs] 525445K->498757K(861272K), 0.0030460 secs] [Times: user=0.01 sys=0.00, real=0.00 secs] 
2020-10-28T09:48:48.409+0000: [GC (Allocation Failure) 2020-10-28T09:48:48.409+0000: [ParNew: 26692K->4K(30016K), 0.0029888 secs] 525445K->498757K(861272K), 0.0030491 secs] [Times: user=0.00 sys=0.00, real=0.00 secs] 
2020-10-28T09:48:48.441+0000: [GC (Allocation Failure) 2020-10-28T09:48:48.441+0000: [ParNew: 26692K->4K(30016K), 0.0029866 secs] 525445K->498757K(861272K), 0.0030419 secs] [Times: user=0.00 sys=0.00, real=0.00 secs] 
2020-10-28T09:48:48.470+0000: [GC (Allocation Failure) 2020-10-28T09:48:48.470+0000: [ParNew: 26692K->4K(30016K), 0.0033084 secs] 525445K->498757K(861272K), 0.0033681 secs] [Times: user=0.01 sys=0.00, real=0.01 secs] 
2020-10-28T09:48:48.500+0000: [GC (Allocation Failure) 2020-10-28T09:48:48.500+0000: [ParNew: 26692K->4K(30016K), 0.0029882 secs] 525445K->498757K(861272K), 0.0030433 secs] [Times: user=0.01 sys=0.00, real=0.01 secs] 
2020-10-28T09:48:48.529+0000: [GC (Allocation Failure) 2020-10-28T09:48:48.529+0000: [ParNew: 26692K->4K(30016K), 0.0030364 secs] 525445K->498757K(861272K), 0.0030932 secs] [Times: user=0.00 sys=0.00, real=0.00 secs] 
2020-10-28T09:48:48.561+0000: [GC (Allocation Failure) 2020-10-28T09:48:48.561+0000: [ParNew: 26692K->4K(30016K), 0.0029760 secs] 525445K->498757K(861272K), 0.0030320 secs] [Times: user=0.00 sys=0.00, real=0.00 secs] 
2020-10-28T09:48:48.593+0000: [GC (Allocation Failure) 2020-10-28T09:48:48.593+0000: [ParNew: 26692K->4K(30016K), 0.0029949 secs] 525445K->498757K(861272K), 0.0030511 secs] [Times: user=0.00 sys=0.00, real=0.00 secs] 
2020-10-28T09:48:48.622+0000: [GC (Allocation Failure) 2020-10-28T09:48:48.622+0000: [ParNew: 26692K->4K(30016K), 0.0030691 secs] 525445K->498757K(861272K), 0.0031241 secs] [Times: user=0.01 sys=0.00, real=0.00 secs] 
2020-10-28T09:48:48.653+0000: [GC (Allocation Failure) 2020-10-28T09:48:48.653+0000: [ParNew: 26692K->4K(30016K), 0.0029740 secs] 525445K->498757K(861272K), 0.0030304 secs] [Times: user=0.01 sys=0.01, real=0.00 secs] 
2020-10-28T09:48:48.683+0000: [GC (Allocation Failure) 2020-10-28T09:48:48.683+0000: [ParNew: 26692K->4K(30016K), 0.0029908 secs] 525445K->498757K(861272K), 0.0030470 secs] [Times: user=0.01 sys=0.00, real=0.00 secs] 
2020-10-28T09:48:48.713+0000: [GC (Allocation Failure) 2020-10-28T09:48:48.713+0000: [ParNew: 26692K->4K(30016K), 0.0029756 secs] 525445K->498757K(861272K), 0.0030317 secs] [Times: user=0.01 sys=0.00, real=0.00 secs] 
2020-10-28T09:48:48.745+0000: [GC (Allocation Failure) 2020-10-28T09:48:48.745+0000: [ParNew: 26692K->4K(30016K), 0.0029868 secs] 525445K->498757K(861272K), 0.0030414 secs] [Times: user=0.01 sys=0.00, real=0.00 secs] 
2020-10-28T09:48:48.777+0000: [GC (Allocation Failure) 2020-10-28T09:48:48.777+0000: [ParNew: 26692K->4K(30016K), 0.0029712 secs] 525445K->498757K(861272K), 0.0030292 secs] [Times: user=0.01 sys=0.00, real=0.00 secs] 
2020-10-28T09:48:48.806+0000: [GC (Allocation Failure) 2020-10-28T09:48:48.806+0000: [ParNew: 26692K->4K(30016K), 0.0030147 secs] 525445K->498757K(861272K), 0.0030719 secs] [Times: user=0.00 sys=0.00, real=0.00 secs] 
2020-10-28T09:48:48.837+0000: [GC (Allocation Failure) 2020-10-28T09:48:48.837+0000: [ParNew: 26692K->4K(30016K), 0.0029708 secs] 525445K->498757K(861272K), 0.0030272 secs] [Times: user=0.00 sys=0.00, real=0.00 secs] 
2020-10-28T09:48:48.869+0000: [GC (Allocation Failure) 2020-10-28T09:48:48.869+0000: [ParNew: 26692K->4K(30016K), 0.0052881 secs] 525445K->498757K(861272K), 0.0053441 secs] [Times: user=0.01 sys=0.00, real=0.01 secs] 
2020-10-28T09:48:48.901+0000: [GC (Allocation Failure) 2020-10-28T09:48:48.901+0000: [ParNew: 26692K->4K(30016K), 0.0030341 secs] 525445K->498757K(861272K), 0.0030988 secs] [Times: user=0.00 sys=0.00, real=0.00 secs] 
2020-10-28T09:48:48.931+0000: [GC (Allocation Failure) 2020-10-28T09:48:48.931+0000: [ParNew: 26692K->4K(30016K), 0.0030348 secs] 525445K->498757K(861272K), 0.0030908 secs] [Times: user=0.00 sys=0.00, real=0.01 secs] 
2020-10-28T09:48:48.960+0000: [GC (Allocation Failure) 2020-10-28T09:48:48.960+0000: [ParNew: 26692K->4K(30016K), 0.0029981 secs] 525445K->498757K(861272K), 0.0030535 secs] [Times: user=0.01 sys=0.00, real=0.01 secs] 
2020-10-28T09:48:49.003+0000: [GC (Allocation Failure) 2020-10-28T09:48:49.003+0000: [ParNew: 26692K->4K(30016K), 0.0030103 secs] 525445K->498757K(861272K), 0.0030883 secs] [Times: user=0.01 sys=0.00, real=0.00 secs] 
2020-10-28T09:48:49.040+0000: [GC (Allocation Failure) 2020-10-28T09:48:49.040+0000: [ParNew: 26692K->4K(30016K), 0.0029993 secs] 525445K->498757K(861272K), 0.0030581 secs] [Times: user=0.01 sys=0.00, real=0.01 secs] 
2020-10-28T09:48:49.073+0000: [GC (Allocation Failure) 2020-10-28T09:48:49.073+0000: [ParNew: 26692K->4K(30016K), 0.0030043 secs] 525445K->498757K(861272K), 0.0030605 secs] [Times: user=0.00 sys=0.00, real=0.00 secs] 
2020-10-28T09:48:49.107+0000: [GC (Allocation Failure) 2020-10-28T09:48:49.107+0000: [ParNew: 26692K->4K(30016K), 0.0030003 secs] 525445K->498757K(861272K), 0.0030576 secs] [Times: user=0.01 sys=0.00, real=0.00 secs] 
2020-10-28T09:48:49.141+0000: [GC (Allocation Failure) 2020-10-28T09:48:49.141+0000: [ParNew: 26692K->4K(30016K), 0.0030098 secs] 525445K->498757K(861272K), 0.0030674 secs] [Times: user=0.01 sys=0.00, real=0.01 secs] 
2020-10-28T09:48:51.076+0000: [GC (Allocation Failure) 2020-10-28T09:48:51.076+0000: [ParNew: 26692K->989K(30016K), 0.0085092 secs] 525445K->499742K(861272K), 0.0085698 secs] [Times: user=0.02 sys=0.00, real=0.01 secs] 
2020-10-28T09:48:51.263+0000: [GC (Allocation Failure) 2020-10-28T09:48:51.263+0000: [ParNew: 27677K->2636K(30016K), 0.0062545 secs] 526430K->501391K(861272K), 0.0063352 secs] [Times: user=0.01 sys=0.00, real=0.00 secs] 
2020-10-28T09:48:51.326+0000: [GC (Allocation Failure) 2020-10-28T09:48:51.326+0000: [ParNew: 29324K->1200K(30016K), 0.0088787 secs] 528079K->502155K(861272K), 0.0089372 secs] [Times: user=0.02 sys=0.00, real=0.01 secs] 
2020-10-28T09:48:51.380+0000: [GC (Allocation Failure) 2020-10-28T09:48:51.380+0000: [ParNew: 27888K->1350K(30016K), 0.0031958 secs] 528843K->502306K(861272K), 0.0032553 secs] [Times: user=0.01 sys=0.00, real=0.01 secs] 
2020-10-28T09:48:51.417+0000: [GC (Allocation Failure) 2020-10-28T09:48:51.417+0000: [ParNew: 28038K->1620K(30016K), 0.0032492 secs] 528994K->502575K(861272K), 0.0033066 secs] [Times: user=0.01 sys=0.00, real=0.00 secs] 
2020-10-28T09:48:51.454+0000: [GC (Allocation Failure) 2020-10-28T09:48:51.454+0000: [ParNew: 28308K->2079K(30016K), 0.0033800 secs] 529263K->503035K(861272K), 0.0034527 secs] [Times: user=0.01 sys=0.00, real=0.00 secs] 
2020-10-28T09:48:51.502+0000: [GC (Allocation Failure) 2020-10-28T09:48:51.502+0000: [ParNew: 28767K->1031K(30016K), 0.0033326 secs] 529723K->502510K(861272K), 0.0034137 secs] [Times: user=0.01 sys=0.00, real=0.00 secs] 
2020-10-28T09:48:51.541+0000: [GC (Allocation Failure) 2020-10-28T09:48:51.542+0000: [ParNew: 27719K->3076K(30016K), 0.0035039 secs] 529198K->504555K(861272K), 0.0035622 secs] [Times: user=0.01 sys=0.00, real=0.00 secs] 
2020-10-28T09:48:51.594+0000: [GC (Allocation Failure) 2020-10-28T09:48:51.594+0000: [ParNew: 29764K->2052K(30016K), 0.0035156 secs] 531243K->504555K(861272K), 0.0035724 secs] [Times: user=0.01 sys=0.00, real=0.00 secs] 
2020-10-28T09:48:51.625+0000: [GC (Allocation Failure) 2020-10-28T09:48:51.625+0000: [ParNew: 28740K->4K(30016K), 0.0032872 secs] 531243K->503531K(861272K), 0.0033458 secs] [Times: user=0.01 sys=0.00, real=0.00 secs] 
2020-10-28T09:48:51.654+0000: [GC (Allocation Failure) 2020-10-28T09:48:51.654+0000: [ParNew: 26692K->2052K(30016K), 0.0035545 secs] 530219K->507627K(861272K), 0.0036099 secs] [Times: user=0.01 sys=0.00, real=0.00 secs] 
2020-10-28T09:48:51.689+0000: [GC (Allocation Failure) 2020-10-28T09:48:51.689+0000: [ParNew: 28740K->4K(30016K), 0.0030386 secs] 534315K->505580K(861272K), 0.0030963 secs] [Times: user=0.01 sys=0.00, real=0.00 secs] 
2020-10-28T09:48:51.720+0000: [GC (Allocation Failure) 2020-10-28T09:48:51.720+0000: [ParNew: 26692K->2052K(30016K), 0.0035910 secs] 532268K->509676K(861272K), 0.0036494 secs] [Times: user=0.01 sys=0.00, real=0.01 secs] 
2020-10-28T09:48:51.757+0000: [GC (Allocation Failure) 2020-10-28T09:48:51.757+0000: [ParNew: 28740K->4K(30016K), 0.0037866 secs] 536364K->507628K(861272K), 0.0038784 secs] [Times: user=0.01 sys=0.00, real=0.00 secs] 
2020-10-28T09:48:51.799+0000: [GC (Allocation Failure) 2020-10-28T09:48:51.799+0000: [ParNew: 26692K->4K(30016K), 0.0030223 secs] 534316K->507628K(861272K), 0.0030798 secs] [Times: user=0.01 sys=0.00, real=0.01 secs] 
2020-10-28T09:48:51.853+0000: [GC (Allocation Failure) 2020-10-28T09:48:51.853+0000: [ParNew: 26692K->4K(30016K), 0.0047577 secs] 534316K->507628K(861272K), 0.0048161 secs] [Times: user=0.01 sys=0.00, real=0.01 secs] 
2020-10-28T09:48:51.920+0000: [GC (Allocation Failure) 2020-10-28T09:48:51.920+0000: [ParNew: 26692K->4K(30016K), 0.0030903 secs] 534316K->507628K(861272K), 0.0031797 secs] [Times: user=0.01 sys=0.00, real=0.01 secs] 
2020-10-28T09:48:51.983+0000: [GC (Allocation Failure) 2020-10-28T09:48:51.983+0000: [ParNew: 26692K->4K(30016K), 0.0063558 secs] 534316K->507628K(861272K), 0.0064299 secs] [Times: user=0.02 sys=0.00, real=0.00 secs] 
2020-10-28T09:48:52.046+0000: [GC (Allocation Failure) 2020-10-28T09:48:52.046+0000: [ParNew: 26692K->4K(30016K), 0.0063343 secs] 534316K->507628K(861272K), 0.0064110 secs] [Times: user=0.01 sys=0.00, real=0.00 secs] 
2020-10-28T09:48:52.090+0000: [GC (Allocation Failure) 2020-10-28T09:48:52.090+0000: [ParNew: 25269K->4K(30016K), 0.0030132 secs] 532893K->507628K(861272K), 0.0030700 secs] [Times: user=0.01 sys=0.00, real=0.00 secs] 
2020-10-28T09:48:52.116+0000: [GC (Allocation Failure) 2020-10-28T09:48:52.116+0000: [ParNew: 26692K->4K(30016K), 0.0037978 secs] 534316K->511724K(861272K), 0.0038549 secs] [Times: user=0.01 sys=0.00, real=0.00 secs] 
2020-10-28T09:48:52.149+0000: [GC (Allocation Failure) 2020-10-28T09:48:52.149+0000: [ParNew: 26692K->4K(30016K), 0.0030188 secs] 538412K->511724K(861272K), 0.0030906 secs] [Times: user=0.01 sys=0.00, real=0.00 secs] 
2020-10-28T09:48:52.177+0000: [GC (Allocation Failure) 2020-10-28T09:48:52.177+0000: [ParNew: 26692K->4K(30016K), 0.0035524 secs] 538412K->515820K(861272K), 0.0036086 secs] [Times: user=0.01 sys=0.00, real=0.00 secs] 
2020-10-28T09:48:52.205+0000: [GC (Allocation Failure) 2020-10-28T09:48:52.205+0000: [ParNew: 26692K->4K(30016K), 0.0030108 secs] 542508K->515820K(861272K), 0.0030661 secs] [Times: user=0.01 sys=0.00, real=0.00 secs] 
2020-10-28T09:48:52.232+0000: [GC (Allocation Failure) 2020-10-28T09:48:52.232+0000: [ParNew: 26692K->4K(30016K), 0.0030090 secs] 542508K->515820K(861272K), 0.0030628 secs] [Times: user=0.00 sys=0.00, real=0.01 secs] 
2020-10-28T09:48:52.261+0000: [GC (Allocation Failure) 2020-10-28T09:48:52.261+0000: [ParNew: 26692K->4K(30016K), 0.0030367 secs] 542508K->515820K(861272K), 0.0031068 secs] [Times: user=0.01 sys=0.00, real=0.01 secs] 
2020-10-28T09:48:52.288+0000: [GC (Allocation Failure) 2020-10-28T09:48:52.288+0000: [ParNew: 26692K->4K(30016K), 0.0030451 secs] 542508K->515820K(861272K), 0.0031010 secs] [Times: user=0.01 sys=0.00, real=0.00 secs] 
2020-10-28T09:48:52.315+0000: [GC (Allocation Failure) 2020-10-28T09:48:52.315+0000: [ParNew: 26692K->4K(30016K), 0.0030347 secs] 542508K->515820K(861272K), 0.0030918 secs] [Times: user=0.00 sys=0.00, real=0.00 secs] 
2020-10-28T09:48:52.344+0000: [GC (Allocation Failure) 2020-10-28T09:48:52.344+0000: [ParNew: 26692K->4K(30016K), 0.0030183 secs] 542508K->515820K(861272K), 0.0030733 secs] [Times: user=0.01 sys=0.00, real=0.00 secs] 
2020-10-28T09:48:52.371+0000: [GC (Allocation Failure) 2020-10-28T09:48:52.371+0000: [ParNew: 26692K->4K(30016K), 0.0030061 secs] 542508K->515820K(861272K), 0.0030621 secs] [Times: user=0.01 sys=0.00, real=0.01 secs] 
2020-10-28T09:48:52.400+0000: [GC (Allocation Failure) 2020-10-28T09:48:52.400+0000: [ParNew: 26692K->4K(30016K), 0.0030236 secs] 542508K->515820K(861272K), 0.0030801 secs] [Times: user=0.00 sys=0.00, real=0.01 secs] 
2020-10-28T09:48:52.427+0000: [GC (Allocation Failure) 2020-10-28T09:48:52.427+0000: [ParNew: 26692K->4K(30016K), 0.0030380 secs] 542508K->515820K(861272K), 0.0030950 secs] [Times: user=0.00 sys=0.00, real=0.00 secs] 
2020-10-28T09:48:52.457+0000: [GC (Allocation Failure) 2020-10-28T09:48:52.457+0000: [ParNew: 26692K->4K(30016K), 0.0029910 secs] 542508K->515820K(861272K), 0.0030460 secs] [Times: user=0.01 sys=0.00, real=0.00 secs] 
2020-10-28T09:48:52.489+0000: [GC (Allocation Failure) 2020-10-28T09:48:52.489+0000: [ParNew: 26692K->4K(30016K), 0.0030261 secs] 542508K->515820K(861272K), 0.0030909 secs] [Times: user=0.01 sys=0.00, real=0.00 secs] 
2020-10-28T09:48:52.516+0000: [GC (Allocation Failure) 2020-10-28T09:48:52.516+0000: [ParNew: 26692K->4K(30016K), 0.0030250 secs] 542508K->515820K(861272K), 0.0030815 secs] [Times: user=0.01 sys=0.00, real=0.00 secs] 
2020-10-28T09:48:52.543+0000: [GC (Allocation Failure) 2020-10-28T09:48:52.543+0000: [ParNew: 26692K->4K(30016K), 0.0030508 secs] 542508K->515820K(861272K), 0.0031067 secs] [Times: user=0.00 sys=0.00, real=0.00 secs] 
2020-10-28T09:48:52.570+0000: [GC (Allocation Failure) 2020-10-28T09:48:52.570+0000: [ParNew: 26692K->4K(30016K), 0.0029497 secs] 542508K->515820K(861272K), 0.0030052 secs] [Times: user=0.00 sys=0.00, real=0.00 secs] 
2020-10-28T09:48:52.596+0000: [GC (Allocation Failure) 2020-10-28T09:48:52.596+0000: [ParNew: 26692K->4K(30016K), 0.0030162 secs] 542508K->515820K(861272K), 0.0030692 secs] [Times: user=0.00 sys=0.00, real=0.00 secs] 
2020-10-28T09:48:52.623+0000: [GC (Allocation Failure) 2020-10-28T09:48:52.623+0000: [ParNew: 26692K->4K(30016K), 0.0030210 secs] 542508K->515820K(861272K), 0.0030756 secs] [Times: user=0.00 sys=0.00, real=0.00 secs] 
2020-10-28T09:48:52.651+0000: [GC (Allocation Failure) 2020-10-28T09:48:52.651+0000: [ParNew: 26692K->4K(30016K), 0.0030440 secs] 542508K->515820K(861272K), 0.0031002 secs] [Times: user=0.01 sys=0.00, real=0.01 secs] 
2020-10-28T09:48:52.681+0000: [GC (Allocation Failure) 2020-10-28T09:48:52.681+0000: [ParNew: 26692K->4K(30016K), 0.0030054 secs] 542508K->515820K(861272K), 0.0030615 secs] [Times: user=0.01 sys=0.00, real=0.00 secs] 
2020-10-28T09:48:52.709+0000: [GC (Allocation Failure) 2020-10-28T09:48:52.709+0000: [ParNew: 26692K->4K(30016K), 0.0030054 secs] 542508K->515821K(861272K), 0.0030615 secs] [Times: user=0.00 sys=0.00, real=0.00 secs] 
2020-10-28T09:48:52.737+0000: [GC (Allocation Failure) 2020-10-28T09:48:52.737+0000: [ParNew: 26692K->4K(30016K), 0.0030353 secs] 542509K->515821K(861272K), 0.0030933 secs] [Times: user=0.01 sys=0.00, real=0.00 secs] 
2020-10-28T09:48:52.764+0000: [GC (Allocation Failure) 2020-10-28T09:48:52.764+0000: [ParNew: 26692K->4K(30016K), 0.0030103 secs] 542509K->515821K(861272K), 0.0030664 secs] [Times: user=0.01 sys=0.00, real=0.00 secs] 
2020-10-28T09:48:52.793+0000: [GC (Allocation Failure) 2020-10-28T09:48:52.793+0000: [ParNew: 26692K->4K(30016K), 0.0030133 secs] 542509K->515821K(861272K), 0.0030693 secs] [Times: user=0.00 sys=0.00, real=0.00 secs] 
2020-10-28T09:48:52.821+0000: [GC (Allocation Failure) 2020-10-28T09:48:52.821+0000: [ParNew: 26692K->4K(30016K), 0.0030167 secs] 542509K->515821K(861272K), 0.0030723 secs] [Times: user=0.01 sys=0.00, real=0.00 secs] 
2020-10-28T09:48:52.848+0000: [GC (Allocation Failure) 2020-10-28T09:48:52.848+0000: [ParNew: 26692K->4K(30016K), 0.0030468 secs] 542509K->515821K(861272K), 0.0031022 secs] [Times: user=0.01 sys=0.00, real=0.00 secs] 
2020-10-28T09:48:52.879+0000: [GC (Allocation Failure) 2020-10-28T09:48:52.879+0000: [ParNew: 26692K->4K(30016K), 0.0030307 secs] 542509K->515821K(861272K), 0.0031055 secs] [Times: user=0.01 sys=0.00, real=0.01 secs] 
2020-10-28T09:48:52.909+0000: [GC (Allocation Failure) 2020-10-28T09:48:52.909+0000: [ParNew: 26506K->4K(30016K), 0.0030053 secs] 542324K->515821K(861272K), 0.0030630 secs] [Times: user=0.00 sys=0.00, real=0.00 secs] 
2020-10-28T09:48:52.937+0000: [GC (Allocation Failure) 2020-10-28T09:48:52.937+0000: [ParNew: 26692K->4K(30016K), 0.0030065 secs] 542509K->515821K(861272K), 0.0030634 secs] [Times: user=0.00 sys=0.00, real=0.00 secs] 
2020-10-28T09:48:52.964+0000: [GC (Allocation Failure) 2020-10-28T09:48:52.964+0000: [ParNew: 26692K->4K(30016K), 0.0030483 secs] 542509K->515821K(861272K), 0.0031046 secs] [Times: user=0.01 sys=0.00, real=0.00 secs] 
2020-10-28T09:48:52.993+0000: [GC (Allocation Failure) 2020-10-28T09:48:52.993+0000: [ParNew: 26692K->4K(30016K), 0.0031095 secs] 542509K->515821K(861272K), 0.0031662 secs] [Times: user=0.01 sys=0.00, real=0.00 secs] 
2020-10-28T09:48:53.021+0000: [GC (Allocation Failure) 2020-10-28T09:48:53.021+0000: [ParNew: 26692K->4K(30016K), 0.0029986 secs] 542509K->515821K(861272K), 0.0030548 secs] [Times: user=0.01 sys=0.00, real=0.00 secs] 
2020-10-28T09:48:53.048+0000: [GC (Allocation Failure) 2020-10-28T09:48:53.048+0000: [ParNew: 26692K->4K(30016K), 0.0030460 secs] 542509K->515821K(861272K), 0.0031051 secs] [Times: user=0.01 sys=0.00, real=0.00 secs] 
2020-10-28T09:48:53.074+0000: [GC (Allocation Failure) 2020-10-28T09:48:53.075+0000: [ParNew: 26692K->4K(30016K), 0.0030444 secs] 542509K->515821K(861272K), 0.0030996 secs] [Times: user=0.00 sys=0.00, real=0.00 secs] 
2020-10-28T09:48:53.101+0000: [GC (Allocation Failure) 2020-10-28T09:48:53.101+0000: [ParNew: 26692K->4K(30016K), 0.0030696 secs] 542509K->515821K(861272K), 0.0031259 secs] [Times: user=0.00 sys=0.00, real=0.01 secs] 
2020-10-28T09:48:53.128+0000: [GC (Allocation Failure) 2020-10-28T09:48:53.128+0000: [ParNew: 26692K->4K(30016K), 0.0030118 secs] 542509K->515821K(861272K), 0.0030693 secs] [Times: user=0.01 sys=0.00, real=0.00 secs] 
2020-10-28T09:48:53.155+0000: [GC (Allocation Failure) 2020-10-28T09:48:53.155+0000: [ParNew: 26692K->4K(30016K), 0.0030391 secs] 542509K->515821K(861272K), 0.0031022 secs] [Times: user=0.01 sys=0.00, real=0.00 secs] 
2020-10-28T09:48:53.181+0000: [GC (Allocation Failure) 2020-10-28T09:48:53.181+0000: [ParNew: 26692K->4K(30016K), 0.0030029 secs] 542509K->515821K(861272K), 0.0030568 secs] [Times: user=0.01 sys=0.00, real=0.01 secs] 
2020-10-28T09:48:53.209+0000: [GC (Allocation Failure) 2020-10-28T09:48:53.209+0000: [ParNew: 26692K->4K(30016K), 0.0030808 secs] 542509K->515821K(861272K), 0.0031383 secs] [Times: user=0.01 sys=0.00, real=0.00 secs] 
2020-10-28T09:48:53.236+0000: [GC (Allocation Failure) 2020-10-28T09:48:53.236+0000: [ParNew: 26692K->4K(30016K), 0.0031019 secs] 542509K->515821K(861272K), 0.0031595 secs] [Times: user=0.01 sys=0.00, real=0.00 secs] 
2020-10-28T09:48:53.265+0000: [GC (Allocation Failure) 2020-10-28T09:48:53.265+0000: [ParNew: 26692K->4K(30016K), 0.0030132 secs] 542509K->515821K(861272K), 0.0030682 secs] [Times: user=0.00 sys=0.00, real=0.00 secs] 
2020-10-28T09:48:53.299+0000: [GC (Allocation Failure) 2020-10-28T09:48:53.299+0000: [ParNew: 26692K->4K(30016K), 0.0030186 secs] 542509K->515821K(861272K), 0.0030760 secs] [Times: user=0.01 sys=0.00, real=0.01 secs] 
2020-10-28T09:48:53.329+0000: [GC (Allocation Failure) 2020-10-28T09:48:53.329+0000: [ParNew: 26692K->4K(30016K), 0.0030234 secs] 542509K->515821K(861272K), 0.0030811 secs] [Times: user=0.01 sys=0.00, real=0.00 secs] 
2020-10-28T09:48:53.357+0000: [GC (Allocation Failure) 2020-10-28T09:48:53.357+0000: [ParNew: 26692K->4K(30016K), 0.0030006 secs] 542509K->515821K(861272K), 0.0030575 secs] [Times: user=0.00 sys=0.00, real=0.00 secs] 
2020-10-28T09:48:53.385+0000: [GC (Allocation Failure) 2020-10-28T09:48:53.385+0000: [ParNew: 26692K->4K(30016K), 0.0030353 secs] 542509K->515821K(861272K), 0.0030933 secs] [Times: user=0.00 sys=0.00, real=0.00 secs] 
2020-10-28T09:48:53.413+0000: [GC (Allocation Failure) 2020-10-28T09:48:53.413+0000: [ParNew: 26692K->4K(30016K), 0.0030860 secs] 542509K->515821K(861272K), 0.0031433 secs] [Times: user=0.00 sys=0.00, real=0.00 secs] 
2020-10-28T09:48:53.441+0000: [GC (Allocation Failure) 2020-10-28T09:48:53.441+0000: [ParNew: 26692K->4K(30016K), 0.0030193 secs] 542509K->515821K(861272K), 0.0030758 secs] [Times: user=0.01 sys=0.00, real=0.00 secs] 
2020-10-28T09:48:53.468+0000: [GC (Allocation Failure) 2020-10-28T09:48:53.468+0000: [ParNew: 26692K->4K(30016K), 0.0030900 secs] 542509K->515821K(861272K), 0.0031478 secs] [Times: user=0.00 sys=0.00, real=0.00 secs] 
2020-10-28T09:48:53.494+0000: [GC (Allocation Failure) 2020-10-28T09:48:53.495+0000: [ParNew: 26692K->4K(30016K), 0.0030594 secs] 542509K->515821K(861272K), 0.0031161 secs] [Times: user=0.01 sys=0.00, real=0.00 secs] 
2020-10-28T09:48:53.521+0000: [GC (Allocation Failure) 2020-10-28T09:48:53.521+0000: [ParNew: 26692K->4K(30016K), 0.0030317 secs] 542509K->515821K(861272K), 0.0030964 secs] [Times: user=0.01 sys=0.00, real=0.01 secs] 
2020-10-28T09:48:53.547+0000: [GC (Allocation Failure) 2020-10-28T09:48:53.547+0000: [ParNew: 26692K->4K(30016K), 0.0030227 secs] 542509K->515821K(861272K), 0.0030943 secs] [Times: user=0.01 sys=0.00, real=0.00 secs] 
2020-10-28T09:48:53.574+0000: [GC (Allocation Failure) 2020-10-28T09:48:53.574+0000: [ParNew: 26692K->4K(30016K), 0.0030003 secs] 542509K->515821K(861272K), 0.0030557 secs] [Times: user=0.00 sys=0.00, real=0.00 secs] 
2020-10-28T09:48:53.601+0000: [GC (Allocation Failure) 2020-10-28T09:48:53.601+0000: [ParNew: 26692K->4K(30016K), 0.0030202 secs] 542509K->515821K(861272K), 0.0030775 secs] [Times: user=0.01 sys=0.00, real=0.00 secs] 
2020-10-28T09:48:53.629+0000: [GC (Allocation Failure) 2020-10-28T09:48:53.629+0000: [ParNew: 26692K->4K(30016K), 0.0029999 secs] 542509K->515821K(861272K), 0.0030563 secs] [Times: user=0.01 sys=0.00, real=0.00 secs] 
2020-10-28T09:48:53.656+0000: [GC (Allocation Failure) 2020-10-28T09:48:53.656+0000: [ParNew: 26692K->4K(30016K), 0.0030116 secs] 542509K->515821K(861272K), 0.0030679 secs] [Times: user=0.01 sys=0.00, real=0.00 secs] 
2020-10-28T09:48:53.683+0000: [GC (Allocation Failure) 2020-10-28T09:48:53.683+0000: [ParNew: 26692K->4K(30016K), 0.0030151 secs] 542509K->515821K(861272K), 0.0030727 secs] [Times: user=0.01 sys=0.00, real=0.00 secs] 
2020-10-28T09:48:53.709+0000: [GC (Allocation Failure) 2020-10-28T09:48:53.709+0000: [ParNew: 26692K->4K(30016K), 0.0030467 secs] 542509K->515821K(861272K), 0.0031025 secs] [Times: user=0.00 sys=0.00, real=0.00 secs] 
2020-10-28T09:48:53.736+0000: [GC (Allocation Failure) 2020-10-28T09:48:53.736+0000: [ParNew: 26692K->4K(30016K), 0.0030331 secs] 542509K->515821K(861272K), 0.0030902 secs] [Times: user=0.01 sys=0.00, real=0.00 secs] 
2020-10-28T09:48:53.765+0000: [GC (Allocation Failure) 2020-10-28T09:48:53.765+0000: [ParNew: 26692K->4K(30016K), 0.0030233 secs] 542509K->515821K(861272K), 0.0030792 secs] [Times: user=0.01 sys=0.00, real=0.00 secs] 
2020-10-28T09:48:53.797+0000: [GC (Allocation Failure) 2020-10-28T09:48:53.797+0000: [ParNew: 26692K->4K(30016K), 0.0030368 secs] 542509K->515821K(861272K), 0.0030929 secs] [Times: user=0.00 sys=0.00, real=0.00 secs] 
2020-10-28T09:48:53.823+0000: [GC (Allocation Failure) 2020-10-28T09:48:53.823+0000: [ParNew: 26692K->4K(30016K), 0.0030326 secs] 542509K->515821K(861272K), 0.0030897 secs] [Times: user=0.01 sys=0.00, real=0.00 secs] 
2020-10-28T09:48:53.850+0000: [GC (Allocation Failure) 2020-10-28T09:48:53.850+0000: [ParNew: 26692K->4K(30016K), 0.0029960 secs] 542509K->515821K(861272K), 0.0030520 secs] [Times: user=0.01 sys=0.00, real=0.00 secs] 
2020-10-28T09:48:53.877+0000: [GC (Allocation Failure) 2020-10-28T09:48:53.877+0000: [ParNew: 26692K->4K(30016K), 0.0030037 secs] 542509K->515821K(861272K), 0.0030596 secs] [Times: user=0.01 sys=0.00, real=0.00 secs] 
2020-10-28T09:48:53.903+0000: [GC (Allocation Failure) 2020-10-28T09:48:53.903+0000: [ParNew: 26692K->4K(30016K), 0.0030986 secs] 542509K->515821K(861272K), 0.0031556 secs] [Times: user=0.01 sys=0.00, real=0.00 secs] 
2020-10-28T09:48:53.930+0000: [GC (Allocation Failure) 2020-10-28T09:48:53.930+0000: [ParNew: 26692K->4K(30016K), 0.0030651 secs] 542509K->515821K(861272K), 0.0031224 secs] [Times: user=0.00 sys=0.00, real=0.00 secs] 
2020-10-28T09:48:53.957+0000: [GC (Allocation Failure) 2020-10-28T09:48:53.957+0000: [ParNew: 26692K->4K(30016K), 0.0030179 secs] 542509K->515822K(861272K), 0.0030754 secs] [Times: user=0.00 sys=0.00, real=0.00 secs] 
2020-10-28T09:48:53.984+0000: [GC (Allocation Failure) 2020-10-28T09:48:53.984+0000: [ParNew: 26692K->4K(30016K), 0.0030953 secs] 542510K->515822K(861272K), 0.0031531 secs] [Times: user=0.01 sys=0.00, real=0.00 secs] 
2020-10-28T09:48:54.014+0000: [GC (Allocation Failure) 2020-10-28T09:48:54.014+0000: [ParNew: 26692K->4K(30016K), 0.0069717 secs] 542510K->515822K(861272K), 0.0070330 secs] [Times: user=0.01 sys=0.00, real=0.01 secs] 
2020-10-28T09:48:54.057+0000: [GC (Allocation Failure) 2020-10-28T09:48:54.057+0000: [ParNew: 26692K->4K(30016K), 0.0031072 secs] 542510K->515822K(861272K), 0.0031834 secs] [Times: user=0.00 sys=0.00, real=0.00 secs] 
2020-10-28T09:48:54.087+0000: [GC (Allocation Failure) 2020-10-28T09:48:54.087+0000: [ParNew: 26692K->4K(30016K), 0.0030116 secs] 542510K->515822K(861272K), 0.0030671 secs] [Times: user=0.01 sys=0.00, real=0.00 secs] 
2020-10-28T09:48:54.117+0000: [GC (Allocation Failure) 2020-10-28T09:48:54.117+0000: [ParNew: 26692K->4K(30016K), 0.0030001 secs] 542510K->515822K(861272K), 0.0030542 secs] [Times: user=0.01 sys=0.00, real=0.00 secs] 
2020-10-28T09:48:54.145+0000: [GC (Allocation Failure) 2020-10-28T09:48:54.145+0000: [ParNew: 26692K->4K(30016K), 0.0030300 secs] 542510K->515822K(861272K), 0.0030872 secs] [Times: user=0.01 sys=0.00, real=0.00 secs] 
2020-10-28T09:48:54.172+0000: [GC (Allocation Failure) 2020-10-28T09:48:54.172+0000: [ParNew: 26692K->4K(30016K), 0.0030570 secs] 542510K->515822K(861272K), 0.0031118 secs] [Times: user=0.01 sys=0.00, real=0.01 secs] 
2020-10-28T09:48:54.199+0000: [GC (Allocation Failure) 2020-10-28T09:48:54.199+0000: [ParNew: 26692K->4K(30016K), 0.0030020 secs] 542510K->515822K(861272K), 0.0030567 secs] [Times: user=0.00 sys=0.00, real=0.01 secs] 
2020-10-28T09:48:54.226+0000: [GC (Allocation Failure) 2020-10-28T09:48:54.226+0000: [ParNew: 26692K->4K(30016K), 0.0030371 secs] 542510K->515822K(861272K), 0.0030891 secs] [Times: user=0.00 sys=0.00, real=0.00 secs] 
2020-10-28T09:48:54.253+0000: [GC (Allocation Failure) 2020-10-28T09:48:54.253+0000: [ParNew: 26692K->4K(30016K), 0.0029985 secs] 542510K->515822K(861272K), 0.0030549 secs] [Times: user=0.00 sys=0.00, real=0.00 secs] 
2020-10-28T09:48:54.281+0000: [GC (Allocation Failure) 2020-10-28T09:48:54.281+0000: [ParNew: 26692K->4K(30016K), 0.0030456 secs] 542510K->515822K(861272K), 0.0031029 secs] [Times: user=0.01 sys=0.00, real=0.00 secs] 
2020-10-28T09:48:54.309+0000: [GC (Allocation Failure) 2020-10-28T09:48:54.309+0000: [ParNew: 26692K->4K(30016K), 0.0029973 secs] 542510K->515822K(861272K), 0.0030537 secs] [Times: user=0.00 sys=0.00, real=0.00 secs] 
2020-10-28T09:48:54.336+0000: [GC (Allocation Failure) 2020-10-28T09:48:54.336+0000: [ParNew: 26692K->4K(30016K), 0.0030225 secs] 542510K->515822K(861272K), 0.0030801 secs] [Times: user=0.00 sys=0.00, real=0.00 secs] 
2020-10-28T09:48:54.363+0000: [GC (Allocation Failure) 2020-10-28T09:48:54.363+0000: [ParNew: 26692K->4K(30016K), 0.0030052 secs] 542510K->515822K(861272K), 0.0030596 secs] [Times: user=0.00 sys=0.00, real=0.00 secs] 
2020-10-28T09:48:54.389+0000: [GC (Allocation Failure) 2020-10-28T09:48:54.389+0000: [ParNew: 26692K->4K(30016K), 0.0030315 secs] 542510K->515822K(861272K), 0.0030881 secs] [Times: user=0.00 sys=0.00, real=0.00 secs] 
2020-10-28T09:48:54.416+0000: [GC (Allocation Failure) 2020-10-28T09:48:54.416+0000: [ParNew: 26692K->4K(30016K), 0.0030410 secs] 542510K->515822K(861272K), 0.0030918 secs] [Times: user=0.01 sys=0.00, real=0.00 secs] 
2020-10-28T09:48:54.442+0000: [GC (Allocation Failure) 2020-10-28T09:48:54.442+0000: [ParNew: 26692K->4K(30016K), 0.0030173 secs] 542510K->515822K(861272K), 0.0030880 secs] [Times: user=0.01 sys=0.00, real=0.00 secs] 
2020-10-28T09:48:54.468+0000: [GC (Allocation Failure) 2020-10-28T09:48:54.468+0000: [ParNew: 26692K->4K(30016K), 0.0029820 secs] 542510K->515822K(861272K), 0.0030342 secs] [Times: user=0.01 sys=0.00, real=0.00 secs] 
2020-10-28T09:48:54.497+0000: [GC (Allocation Failure) 2020-10-28T09:48:54.497+0000: [ParNew: 26692K->4K(30016K), 0.0035998 secs] 542510K->515822K(861272K), 0.0036551 secs] [Times: user=0.01 sys=0.00, real=0.00 secs] 
2020-10-28T09:48:54.525+0000: [GC (Allocation Failure) 2020-10-28T09:48:54.525+0000: [ParNew: 26692K->4K(30016K), 0.0029962 secs] 542510K->515822K(861272K), 0.0030501 secs] [Times: user=0.01 sys=0.00, real=0.00 secs] 
2020-10-28T09:48:54.553+0000: [GC (Allocation Failure) 2020-10-28T09:48:54.553+0000: [ParNew: 26692K->4K(30016K), 0.0029715 secs] 542510K->515822K(861272K), 0.0030271 secs] [Times: user=0.00 sys=0.00, real=0.00 secs] 
2020-10-28T09:48:54.580+0000: [GC (Allocation Failure) 2020-10-28T09:48:54.580+0000: [ParNew: 26692K->4K(30016K), 0.0030208 secs] 542510K->515822K(861272K), 0.0030852 secs] [Times: user=0.00 sys=0.00, real=0.01 secs] 
2020-10-28T09:48:54.606+0000: [GC (Allocation Failure) 2020-10-28T09:48:54.606+0000: [ParNew: 26692K->4K(30016K), 0.0029897 secs] 542510K->515822K(861272K), 0.0030443 secs] [Times: user=0.00 sys=0.00, real=0.00 secs] 
2020-10-28T09:48:54.633+0000: [GC (Allocation Failure) 2020-10-28T09:48:54.633+0000: [ParNew: 26692K->4K(30016K), 0.0030526 secs] 542510K->515822K(861272K), 0.0031089 secs] [Times: user=0.01 sys=0.00, real=0.01 secs] 
2020-10-28T09:48:54.661+0000: [GC (Allocation Failure) 2020-10-28T09:48:54.661+0000: [ParNew: 26692K->4K(30016K), 0.0029844 secs] 542510K->515822K(861272K), 0.0030375 secs] [Times: user=0.00 sys=0.00, real=0.00 secs] 
2020-10-28T09:48:54.688+0000: [GC (Allocation Failure) 2020-10-28T09:48:54.688+0000: [ParNew: 26692K->4K(30016K), 0.0030135 secs] 542510K->515822K(861272K), 0.0030699 secs] [Times: user=0.00 sys=0.00, real=0.00 secs] 
2020-10-28T09:48:54.715+0000: [GC (Allocation Failure) 2020-10-28T09:48:54.715+0000: [ParNew: 26692K->4K(30016K), 0.0030230 secs] 542510K->515822K(861272K), 0.0030771 secs] [Times: user=0.01 sys=0.00, real=0.00 secs] 
2020-10-28T09:48:54.741+0000: [GC (Allocation Failure) 2020-10-28T09:48:54.741+0000: [ParNew: 26692K->4K(30016K), 0.0030502 secs] 542510K->515822K(861272K), 0.0031077 secs] [Times: user=0.01 sys=0.00, real=0.00 secs] 
2020-10-28T09:48:54.768+0000: [GC (Allocation Failure) 2020-10-28T09:48:54.768+0000: [ParNew: 26692K->4K(30016K), 0.0030243 secs] 542510K->515822K(861272K), 0.0030800 secs] [Times: user=0.00 sys=0.00, real=0.00 secs] 
2020-10-28T09:48:54.797+0000: [GC (Allocation Failure) 2020-10-28T09:48:54.797+0000: [ParNew: 26692K->4K(30016K), 0.0029425 secs] 542510K->515822K(861272K), 0.0029960 secs] [Times: user=0.01 sys=0.00, real=0.00 secs] 
2020-10-28T09:48:54.824+0000: [GC (Allocation Failure) 2020-10-28T09:48:54.824+0000: [ParNew: 26692K->4K(30016K), 0.0029850 secs] 542510K->515822K(861272K), 0.0030400 secs] [Times: user=0.00 sys=0.00, real=0.00 secs] 
2020-10-28T09:48:54.851+0000: [GC (Allocation Failure) 2020-10-28T09:48:54.851+0000: [ParNew: 26692K->4K(30016K), 0.0030383 secs] 542510K->515822K(861272K), 0.0030946 secs] [Times: user=0.00 sys=0.00, real=0.01 secs] 
2020-10-28T09:48:54.878+0000: [GC (Allocation Failure) 2020-10-28T09:48:54.878+0000: [ParNew: 26692K->4K(30016K), 0.0029992 secs] 542510K->515822K(861272K), 0.0030542 secs] [Times: user=0.01 sys=0.00, real=0.00 secs] 
2020-10-28T09:48:54.909+0000: [GC (Allocation Failure) 2020-10-28T09:48:54.909+0000: [ParNew: 26692K->4K(30016K), 0.0030325 secs] 542510K->515822K(861272K), 0.0030891 secs] [Times: user=0.00 sys=0.00, real=0.00 secs] 
2020-10-28T09:48:54.936+0000: [GC (Allocation Failure) 2020-10-28T09:48:54.936+0000: [ParNew: 26692K->4K(30016K), 0.0030117 secs] 542510K->515822K(861272K), 0.0030663 secs] [Times: user=0.01 sys=0.00, real=0.00 secs] 
2020-10-28T09:48:54.965+0000: [GC (Allocation Failure) 2020-10-28T09:48:54.965+0000: [ParNew: 26692K->4K(30016K), 0.0029637 secs] 542510K->515822K(861272K), 0.0030180 secs] [Times: user=0.00 sys=0.00, real=0.00 secs] 
2020-10-28T09:48:54.993+0000: [GC (Allocation Failure) 2020-10-28T09:48:54.993+0000: [ParNew: 26692K->4K(30016K), 0.0029519 secs] 542510K->515822K(861272K), 0.0030058 secs] [Times: user=0.01 sys=0.00, real=0.00 secs] 
2020-10-28T09:48:55.020+0000: [GC (Allocation Failure) 2020-10-28T09:48:55.020+0000: [ParNew: 26692K->4K(30016K), 0.0029946 secs] 542510K->515822K(861272K), 0.0030482 secs] [Times: user=0.01 sys=0.00, real=0.01 secs] 
2020-10-28T09:48:55.049+0000: [GC (Allocation Failure) 2020-10-28T09:48:55.049+0000: [ParNew: 26692K->4K(30016K), 0.0029423 secs] 542510K->515822K(861272K), 0.0029955 secs] [Times: user=0.01 sys=0.00, real=0.00 secs] 
2020-10-28T09:48:55.076+0000: [GC (Allocation Failure) 2020-10-28T09:48:55.076+0000: [ParNew: 26692K->4K(30016K), 0.0029423 secs] 542510K->515822K(861272K), 0.0029945 secs] [Times: user=0.01 sys=0.00, real=0.00 secs] 
2020-10-28T09:48:55.105+0000: [GC (Allocation Failure) 2020-10-28T09:48:55.105+0000: [ParNew: 26692K->4K(30016K), 0.0029745 secs] 542510K->515822K(861272K), 0.0030370 secs] [Times: user=0.00 sys=0.00, real=0.00 secs] 
2020-10-28T09:48:55.132+0000: [GC (Allocation Failure) 2020-10-28T09:48:55.132+0000: [ParNew: 26692K->4K(30016K), 0.0030566 secs] 542510K->515822K(861272K), 0.0031121 secs] [Times: user=0.01 sys=0.00, real=0.01 secs] 
2020-10-28T09:48:55.158+0000: [GC (Allocation Failure) 2020-10-28T09:48:55.158+0000: [ParNew: 26692K->4K(30016K), 0.0030251 secs] 542510K->515822K(861272K), 0.0030882 secs] [Times: user=0.00 sys=0.00, real=0.01 secs] 
2020-10-28T09:48:55.185+0000: [GC (Allocation Failure) 2020-10-28T09:48:55.185+0000: [ParNew: 26692K->4K(30016K), 0.0029639 secs] 542510K->515822K(861272K), 0.0030187 secs] [Times: user=0.00 sys=0.00, real=0.00 secs] 
2020-10-28T09:48:55.216+0000: [GC (Allocation Failure) 2020-10-28T09:48:55.216+0000: [ParNew: 26692K->4K(30016K), 0.0030158 secs] 542510K->515822K(861272K), 0.0030726 secs] [Times: user=0.00 sys=0.00, real=0.00 secs] 
2020-10-28T09:48:55.243+0000: [GC (Allocation Failure) 2020-10-28T09:48:55.243+0000: [ParNew: 26692K->4K(30016K), 0.0030332 secs] 542510K->515822K(861272K), 0.0031077 secs] [Times: user=0.01 sys=0.00, real=0.00 secs] 
2020-10-28T09:48:55.273+0000: [GC (Allocation Failure) 2020-10-28T09:48:55.273+0000: [ParNew: 26692K->4K(30016K), 0.0030202 secs] 542510K->515822K(861272K), 0.0030757 secs] [Times: user=0.00 sys=0.01, real=0.01 secs] 
2020-10-28T09:48:55.301+0000: [GC (Allocation Failure) 2020-10-28T09:48:55.301+0000: [ParNew: 26692K->4K(30016K), 0.0030444 secs] 542510K->515822K(861272K), 0.0031029 secs] [Times: user=0.00 sys=0.00, real=0.00 secs] 
2020-10-28T09:48:55.329+0000: [GC (Allocation Failure) 2020-10-28T09:48:55.329+0000: [ParNew: 26692K->4K(30016K), 0.0029891 secs] 542510K->515822K(861272K), 0.0030448 secs] [Times: user=0.01 sys=0.00, real=0.00 secs] 
2020-10-28T09:48:55.356+0000: [GC (Allocation Failure) 2020-10-28T09:48:55.356+0000: [ParNew: 26692K->4K(30016K), 0.0030174 secs] 542510K->515822K(861272K), 0.0030725 secs] [Times: user=0.00 sys=0.00, real=0.00 secs] 
2020-10-28T09:48:55.385+0000: [GC (Allocation Failure) 2020-10-28T09:48:55.385+0000: [ParNew: 26692K->4K(30016K), 0.0030025 secs] 542510K->515822K(861272K), 0.0030588 secs] [Times: user=0.01 sys=0.00, real=0.00 secs] 
2020-10-28T09:48:55.413+0000: [GC (Allocation Failure) 2020-10-28T09:48:55.413+0000: [ParNew: 26692K->4K(30016K), 0.0029976 secs] 542510K->515822K(861272K), 0.0030532 secs] [Times: user=0.01 sys=0.00, real=0.00 secs] 
2020-10-28T09:48:55.440+0000: [GC (Allocation Failure) 2020-10-28T09:48:55.440+0000: [ParNew: 26692K->4K(30016K), 0.0030447 secs] 542510K->515822K(861272K), 0.0031013 secs] [Times: user=0.01 sys=0.00, real=0.01 secs] 
2020-10-28T09:48:55.469+0000: [GC (Allocation Failure) 2020-10-28T09:48:55.469+0000: [ParNew: 26692K->4K(30016K), 0.0029968 secs] 542510K->515822K(861272K), 0.0030511 secs] [Times: user=0.00 sys=0.00, real=0.00 secs] 
2020-10-28T09:48:55.496+0000: [GC (Allocation Failure) 2020-10-28T09:48:55.496+0000: [ParNew: 26692K->4K(30016K), 0.0030268 secs] 542510K->515822K(861272K), 0.0030837 secs] [Times: user=0.00 sys=0.00, real=0.00 secs] 
2020-10-28T09:48:55.522+0000: [GC (Allocation Failure) 2020-10-28T09:48:55.523+0000: [ParNew: 26692K->4K(30016K), 0.0030492 secs] 542510K->515822K(861272K), 0.0031090 secs] [Times: user=0.01 sys=0.00, real=0.00 secs] 
2020-10-28T09:48:55.549+0000: [GC (Allocation Failure) 2020-10-28T09:48:55.549+0000: [ParNew: 26692K->4K(30016K), 0.0030633 secs] 542510K->515822K(861272K), 0.0031202 secs] [Times: user=0.01 sys=0.00, real=0.00 secs] 
2020-10-28T09:48:55.575+0000: [GC (Allocation Failure) 2020-10-28T09:48:55.575+0000: [ParNew: 26692K->4K(30016K), 0.0030323 secs] 542510K->515822K(861272K), 0.0030884 secs] [Times: user=0.00 sys=0.00, real=0.00 secs] 
2020-10-28T09:48:55.602+0000: [GC (Allocation Failure) 2020-10-28T09:48:55.602+0000: [ParNew: 26692K->4K(30016K), 0.0030216 secs] 542510K->515822K(861272K), 0.0031029 secs] [Times: user=0.00 sys=0.00, real=0.00 secs] 
2020-10-28T09:48:55.633+0000: [GC (Allocation Failure) 2020-10-28T09:48:55.633+0000: [ParNew: 26692K->4K(30016K), 0.0030164 secs] 542510K->515822K(861272K), 0.0030744 secs] [Times: user=0.01 sys=0.00, real=0.01 secs] 
2020-10-28T09:48:55.660+0000: [GC (Allocation Failure) 2020-10-28T09:48:55.660+0000: [ParNew: 26692K->4K(30016K), 0.0030582 secs] 542510K->515822K(861272K), 0.0031215 secs] [Times: user=0.01 sys=0.00, real=0.01 secs] 
2020-10-28T09:48:55.689+0000: [GC (Allocation Failure) 2020-10-28T09:48:55.689+0000: [ParNew: 26692K->4K(30016K), 0.0030072 secs] 542510K->515822K(861272K), 0.0030622 secs] [Times: user=0.00 sys=0.00, real=0.00 secs] 
2020-10-28T09:48:55.716+0000: [GC (Allocation Failure) 2020-10-28T09:48:55.716+0000: [ParNew: 26692K->4K(30016K), 0.0030610 secs] 542510K->515822K(861272K), 0.0031189 secs] [Times: user=0.00 sys=0.00, real=0.00 secs] 
2020-10-28T09:48:55.745+0000: [GC (Allocation Failure) 2020-10-28T09:48:55.745+0000: [ParNew: 26692K->4K(30016K), 0.0030275 secs] 542510K->515822K(861272K), 0.0030845 secs] [Times: user=0.01 sys=0.00, real=0.00 secs] 
2020-10-28T09:48:55.775+0000: [GC (Allocation Failure) 2020-10-28T09:48:55.775+0000: [ParNew: 26692K->4K(30016K), 0.0030447 secs] 542510K->515822K(861272K), 0.0031012 secs] [Times: user=0.01 sys=0.00, real=0.00 secs] 
2020-10-28T09:48:55.805+0000: [GC (Allocation Failure) 2020-10-28T09:48:55.805+0000: [ParNew: 26692K->4K(30016K), 0.0030422 secs] 542510K->515822K(861272K), 0.0031022 secs] [Times: user=0.00 sys=0.00, real=0.00 secs] 
2020-10-28T09:48:55.833+0000: [GC (Allocation Failure) 2020-10-28T09:48:55.833+0000: [ParNew: 26692K->4K(30016K), 0.0030141 secs] 542510K->515822K(861272K), 0.0030705 secs] [Times: user=0.01 sys=0.00, real=0.00 secs] 
2020-10-28T09:48:55.860+0000: [GC (Allocation Failure) 2020-10-28T09:48:55.860+0000: [ParNew: 26692K->4K(30016K), 0.0030373 secs] 542510K->515822K(861272K), 0.0030945 secs] [Times: user=0.01 sys=0.00, real=0.01 secs] 
2020-10-28T09:48:55.887+0000: [GC (Allocation Failure) 2020-10-28T09:48:55.887+0000: [ParNew: 26692K->4K(30016K), 0.0030006 secs] 542510K->515822K(861272K), 0.0030575 secs] [Times: user=0.01 sys=0.00, real=0.00 secs] 
2020-10-28T09:48:55.917+0000: [GC (Allocation Failure) 2020-10-28T09:48:55.917+0000: [ParNew: 26692K->4K(30016K), 0.0030357 secs] 542510K->515822K(861272K), 0.0030974 secs] [Times: user=0.00 sys=0.00, real=0.00 secs] 
2020-10-28T09:48:55.950+0000: [GC (Allocation Failure) 2020-10-28T09:48:55.950+0000: [ParNew: 26692K->4K(30016K), 0.0029996 secs] 542510K->515822K(861272K), 0.0030543 secs] [Times: user=0.00 sys=0.00, real=0.00 secs] 
2020-10-28T09:48:55.978+0000: [GC (Allocation Failure) 2020-10-28T09:48:55.978+0000: [ParNew: 26612K->4K(30016K), 0.0030387 secs] 542431K->515822K(861272K), 0.0030956 secs] [Times: user=0.01 sys=0.00, real=0.00 secs] 
2020-10-28T09:48:56.004+0000: [GC (Allocation Failure) 2020-10-28T09:48:56.004+0000: [ParNew: 26692K->4K(30016K), 0.0030159 secs] 542510K->515822K(861272K), 0.0030728 secs] [Times: user=0.01 sys=0.00, real=0.00 secs] 
2020-10-28T09:48:56.033+0000: [GC (Allocation Failure) 2020-10-28T09:48:56.033+0000: [ParNew: 26692K->4K(30016K), 0.0030015 secs] 542510K->515822K(861272K), 0.0030578 secs] [Times: user=0.01 sys=0.00, real=0.00 secs] 
2020-10-28T09:48:56.061+0000: [GC (Allocation Failure) 2020-10-28T09:48:56.061+0000: [ParNew: 26692K->4K(30016K), 0.0030583 secs] 542510K->515822K(861272K), 0.0031151 secs] [Times: user=0.00 sys=0.00, real=0.00 secs] 
2020-10-28T09:48:56.089+0000: [GC (Allocation Failure) 2020-10-28T09:48:56.089+0000: [ParNew: 26692K->4K(30016K), 0.0029965 secs] 542510K->515822K(861272K), 0.0030519 secs] [Times: user=0.00 sys=0.00, real=0.00 secs] 
2020-10-28T09:48:56.117+0000: [GC (Allocation Failure) 2020-10-28T09:48:56.117+0000: [ParNew: 26692K->4K(30016K), 0.0030840 secs] 542510K->515823K(861272K), 0.0031461 secs] [Times: user=0.00 sys=0.00, real=0.00 secs] 
2020-10-28T09:48:56.145+0000: [GC (Allocation Failure) 2020-10-28T09:48:56.145+0000: [ParNew: 26692K->4K(30016K), 0.0030168 secs] 542511K->515823K(861272K), 0.0030810 secs] [Times: user=0.00 sys=0.00, real=0.00 secs] 
2020-10-28T09:48:56.173+0000: [GC (Allocation Failure) 2020-10-28T09:48:56.173+0000: [ParNew: 26692K->4K(30016K), 0.0030063 secs] 542511K->515823K(861272K), 0.0030637 secs] [Times: user=0.01 sys=0.00, real=0.00 secs] 
2020-10-28T09:48:56.200+0000: [GC (Allocation Failure) 2020-10-28T09:48:56.200+0000: [ParNew: 26692K->4K(30016K), 0.0033488 secs] 542511K->515823K(861272K), 0.0034043 secs] [Times: user=0.01 sys=0.00, real=0.01 secs] 
2020-10-28T09:48:56.229+0000: [GC (Allocation Failure) 2020-10-28T09:48:56.229+0000: [ParNew: 26692K->4K(30016K), 0.0030233 secs] 542511K->515823K(861272K), 0.0030830 secs] [Times: user=0.00 sys=0.00, real=0.00 secs] 
2020-10-28T09:48:56.257+0000: [GC (Allocation Failure) 2020-10-28T09:48:56.257+0000: [ParNew: 26692K->4K(30016K), 0.0030133 secs] 542511K->515823K(861272K), 0.0030689 secs] [Times: user=0.01 sys=0.00, real=0.00 secs] 
2020-10-28T09:48:56.284+0000: [GC (Allocation Failure) 2020-10-28T09:48:56.284+0000: [ParNew: 26692K->4K(30016K), 0.0030771 secs] 542511K->515823K(861272K), 0.0031332 secs] [Times: user=0.00 sys=0.00, real=0.00 secs] 
2020-10-28T09:48:56.313+0000: [GC (Allocation Failure) 2020-10-28T09:48:56.313+0000: [ParNew: 26692K->4K(30016K), 0.0029856 secs] 542511K->515823K(861272K), 0.0030405 secs] [Times: user=0.01 sys=0.00, real=0.00 secs] 
2020-10-28T09:48:56.340+0000: [GC (Allocation Failure) 2020-10-28T09:48:56.340+0000: [ParNew: 26692K->4K(30016K), 0.0030263 secs] 542511K->515823K(861272K), 0.0030845 secs] [Times: user=0.01 sys=0.00, real=0.01 secs] 
2020-10-28T09:48:56.366+0000: [GC (Allocation Failure) 2020-10-28T09:48:56.366+0000: [ParNew: 26692K->4K(30016K), 0.0030205 secs] 542511K->515823K(861272K), 0.0030916 secs] [Times: user=0.00 sys=0.00, real=0.00 secs] 
2020-10-28T09:48:56.393+0000: [GC (Allocation Failure) 2020-10-28T09:48:56.393+0000: [ParNew: 26692K->4K(30016K), 0.0030214 secs] 542511K->515823K(861272K), 0.0030790 secs] [Times: user=0.00 sys=0.00, real=0.01 secs] 
2020-10-28T09:48:56.419+0000: [GC (Allocation Failure) 2020-10-28T09:48:56.419+0000: [ParNew: 26692K->4K(30016K), 0.0030325 secs] 542511K->515823K(861272K), 0.0030951 secs] [Times: user=0.01 sys=0.00, real=0.01 secs] 
2020-10-28T09:48:56.445+0000: [GC (Allocation Failure) 2020-10-28T09:48:56.446+0000: [ParNew: 26692K->4K(30016K), 0.0030545 secs] 542511K->515823K(861272K), 0.0031095 secs] [Times: user=0.01 sys=0.00, real=0.00 secs] 
2020-10-28T09:48:56.472+0000: [GC (Allocation Failure) 2020-10-28T09:48:56.472+0000: [ParNew: 26692K->4K(30016K), 0.0030075 secs] 542511K->515823K(861272K), 0.0030647 secs] [Times: user=0.00 sys=0.00, real=0.01 secs] 
2020-10-28T09:48:56.501+0000: [GC (Allocation Failure) 2020-10-28T09:48:56.501+0000: [ParNew: 26692K->4K(30016K), 0.0029781 secs] 542511K->515823K(861272K), 0.0030330 secs] [Times: user=0.00 sys=0.00, real=0.00 secs] 
2020-10-28T09:48:56.529+0000: [GC (Allocation Failure) 2020-10-28T09:48:56.529+0000: [ParNew: 26692K->4K(30016K), 0.0029464 secs] 542511K->515823K(861272K), 0.0030017 secs] [Times: user=0.01 sys=0.00, real=0.00 secs] 
2020-10-28T09:48:56.557+0000: [GC (Allocation Failure) 2020-10-28T09:48:56.557+0000: [ParNew: 26692K->4K(30016K), 0.0030108 secs] 542511K->515823K(861272K), 0.0030661 secs] [Times: user=0.01 sys=0.00, real=0.00 secs] 
2020-10-28T09:48:56.584+0000: [GC (Allocation Failure) 2020-10-28T09:48:56.584+0000: [ParNew: 26692K->4K(30016K), 0.0029583 secs] 542511K->515823K(861272K), 0.0030127 secs] [Times: user=0.01 sys=0.00, real=0.00 secs] 
2020-10-28T09:48:56.613+0000: [GC (Allocation Failure) 2020-10-28T09:48:56.613+0000: [ParNew: 26692K->4K(30016K), 0.0029494 secs] 542511K->515823K(861272K), 0.0030026 secs] [Times: user=0.01 sys=0.00, real=0.00 secs] 
2020-10-28T09:48:56.641+0000: [GC (Allocation Failure) 2020-10-28T09:48:56.641+0000: [ParNew: 26692K->4K(30016K), 0.0029535 secs] 542511K->515823K(861272K), 0.0030073 secs] [Times: user=0.00 sys=0.00, real=0.00 secs] 
2020-10-28T09:48:56.668+0000: [GC (Allocation Failure) 2020-10-28T09:48:56.668+0000: [ParNew: 26692K->4K(30016K), 0.0030177 secs] 542511K->515823K(861272K), 0.0030720 secs] [Times: user=0.01 sys=0.00, real=0.00 secs] 
2020-10-28T09:48:56.695+0000: [GC (Allocation Failure) 2020-10-28T09:48:56.695+0000: [ParNew: 26692K->4K(30016K), 0.0030743 secs] 542511K->515823K(861272K), 0.0031293 secs] [Times: user=0.01 sys=0.00, real=0.00 secs] 
2020-10-28T09:48:56.721+0000: [GC (Allocation Failure) 2020-10-28T09:48:56.721+0000: [ParNew: 26692K->4K(30016K), 0.0029891 secs] 542511K->515823K(861272K), 0.0030526 secs] [Times: user=0.01 sys=0.00, real=0.00 secs] 
2020-10-28T09:48:56.748+0000: [GC (Allocation Failure) 2020-10-28T09:48:56.748+0000: [ParNew: 26692K->4K(30016K), 0.0029931 secs] 542511K->515823K(861272K), 0.0030470 secs] [Times: user=0.01 sys=0.00, real=0.00 secs] 
2020-10-28T09:48:56.775+0000: [GC (Allocation Failure) 2020-10-28T09:48:56.775+0000: [ParNew: 26692K->4K(30016K), 0.0030117 secs] 542511K->515823K(861272K), 0.0030667 secs] [Times: user=0.00 sys=0.00, real=0.00 secs] 
2020-10-28T09:48:56.801+0000: [GC (Allocation Failure) 2020-10-28T09:48:56.801+0000: [ParNew: 26692K->4K(30016K), 0.0029663 secs] 542511K->515823K(861272K), 0.0030214 secs] [Times: user=0.01 sys=0.00, real=0.00 secs] 
2020-10-28T09:48:56.828+0000: [GC (Allocation Failure) 2020-10-28T09:48:56.828+0000: [ParNew: 26692K->4K(30016K), 0.0030348 secs] 542511K->515823K(861272K), 0.0030882 secs] [Times: user=0.01 sys=0.00, real=0.00 secs] 
2020-10-28T09:48:56.857+0000: [GC (Allocation Failure) 2020-10-28T09:48:56.857+0000: [ParNew: 26692K->4K(30016K), 0.0029847 secs] 542511K->515823K(861272K), 0.0030409 secs] [Times: user=0.01 sys=0.00, real=0.00 secs] 
2020-10-28T09:48:56.884+0000: [GC (Allocation Failure) 2020-10-28T09:48:56.884+0000: [ParNew: 26692K->4K(30016K), 0.0030581 secs] 542511K->515823K(861272K), 0.0031146 secs] [Times: user=0.00 sys=0.00, real=0.00 secs] 
2020-10-28T09:48:56.913+0000: [GC (Allocation Failure) 2020-10-28T09:48:56.913+0000: [ParNew: 26692K->4K(30016K), 0.0029909 secs] 542511K->515823K(861272K), 0.0030465 secs] [Times: user=0.01 sys=0.00, real=0.00 secs] 
2020-10-28T09:48:56.941+0000: [GC (Allocation Failure) 2020-10-28T09:48:56.941+0000: [ParNew: 26692K->4K(30016K), 0.0029393 secs] 542511K->515823K(861272K), 0.0029919 secs] [Times: user=0.01 sys=0.00, real=0.00 secs] 
2020-10-28T09:48:56.968+0000: [GC (Allocation Failure) 2020-10-28T09:48:56.968+0000: [ParNew: 26692K->4K(30016K), 0.0029738 secs] 542511K->515823K(861272K), 0.0030275 secs] [Times: user=0.01 sys=0.00, real=0.00 secs] 
2020-10-28T09:48:56.997+0000: [GC (Allocation Failure) 2020-10-28T09:48:56.997+0000: [ParNew: 26692K->4K(30016K), 0.0029438 secs] 542511K->515823K(861272K), 0.0029968 secs] [Times: user=0.01 sys=0.00, real=0.00 secs] 
2020-10-28T09:48:57.024+0000: [GC (Allocation Failure) 2020-10-28T09:48:57.024+0000: [ParNew: 26692K->4K(30016K), 0.0029573 secs] 542511K->515823K(861272K), 0.0030103 secs] [Times: user=0.01 sys=0.00, real=0.00 secs] 
2020-10-28T09:48:57.053+0000: [GC (Allocation Failure) 2020-10-28T09:48:57.053+0000: [ParNew: 26692K->4K(30016K), 0.0029594 secs] 542511K->515823K(861272K), 0.0030131 secs] [Times: user=0.01 sys=0.00, real=0.00 secs] 
2020-10-28T09:48:57.080+0000: [GC (Allocation Failure) 2020-10-28T09:48:57.080+0000: [ParNew: 26692K->4K(30016K), 0.0030320 secs] 542511K->515823K(861272K), 0.0030916 secs] [Times: user=0.01 sys=0.00, real=0.01 secs] 
2020-10-28T09:48:57.106+0000: [GC (Allocation Failure) 2020-10-28T09:48:57.106+0000: [ParNew: 26692K->4K(30016K), 0.0029532 secs] 542511K->515823K(861272K), 0.0030142 secs] [Times: user=0.01 sys=0.00, real=0.00 secs] 
2020-10-28T09:48:57.133+0000: [GC (Allocation Failure) 2020-10-28T09:48:57.133+0000: [ParNew: 26692K->4K(30016K), 0.0030614 secs] 542511K->515823K(861272K), 0.0031154 secs] [Times: user=0.00 sys=0.00, real=0.01 secs] 
2020-10-28T09:48:57.159+0000: [GC (Allocation Failure) 2020-10-28T09:48:57.159+0000: [ParNew: 26692K->4K(30016K), 0.0030216 secs] 542511K->515823K(861272K), 0.0030761 secs] [Times: user=0.00 sys=0.00, real=0.01 secs] 
2020-10-28T09:48:57.186+0000: [GC (Allocation Failure) 2020-10-28T09:48:57.186+0000: [ParNew: 26692K->4K(30016K), 0.0029947 secs] 542511K->515823K(861272K), 0.0030574 secs] [Times: user=0.01 sys=0.00, real=0.00 secs] 
2020-10-28T09:48:57.213+0000: [GC (Allocation Failure) 2020-10-28T09:48:57.213+0000: [ParNew: 26692K->4K(30016K), 0.0029442 secs] 542511K->515823K(861272K), 0.0029985 secs] [Times: user=0.00 sys=0.00, real=0.00 secs] 
2020-10-28T09:48:57.240+0000: [GC (Allocation Failure) 2020-10-28T09:48:57.240+0000: [ParNew: 26692K->4K(30016K), 0.0029778 secs] 542511K->515823K(861272K), 0.0030314 secs] [Times: user=0.00 sys=0.00, real=0.01 secs] 
2020-10-28T09:48:57.266+0000: [GC (Allocation Failure) 2020-10-28T09:48:57.266+0000: [ParNew: 26692K->4K(30016K), 0.0029406 secs] 542511K->515823K(861272K), 0.0029930 secs] [Times: user=0.00 sys=0.00, real=0.00 secs] 
2020-10-28T09:48:57.292+0000: [GC (Allocation Failure) 2020-10-28T09:48:57.292+0000: [ParNew: 26692K->4K(30016K), 0.0029884 secs] 542511K->515823K(861272K), 0.0030428 secs] [Times: user=0.00 sys=0.00, real=0.01 secs] 
2020-10-28T09:48:57.319+0000: [GC (Allocation Failure) 2020-10-28T09:48:57.319+0000: [ParNew: 26692K->4K(30016K), 0.0029605 secs] 542511K->515823K(861272K), 0.0030135 secs] [Times: user=0.01 sys=0.00, real=0.01 secs] 
2020-10-28T09:48:57.346+0000: [GC (Allocation Failure) 2020-10-28T09:48:57.346+0000: [ParNew: 26692K->4K(30016K), 0.0029681 secs] 542511K->515823K(861272K), 0.0030225 secs] [Times: user=0.01 sys=0.00, real=0.00 secs] 
2020-10-28T09:48:57.373+0000: [GC (Allocation Failure) 2020-10-28T09:48:57.373+0000: [ParNew: 26692K->4K(30016K), 0.0029423 secs] 542511K->515823K(861272K), 0.0029913 secs] [Times: user=0.01 sys=0.00, real=0.00 secs] 
2020-10-28T09:48:57.401+0000: [GC (Allocation Failure) 2020-10-28T09:48:57.401+0000: [ParNew: 26692K->4K(30016K), 0.0029533 secs] 542511K->515823K(861272K), 0.0030073 secs] [Times: user=0.00 sys=0.00, real=0.00 secs] 
2020-10-28T09:48:57.428+0000: [GC (Allocation Failure) 2020-10-28T09:48:57.428+0000: [ParNew: 26692K->4K(30016K), 0.0030089 secs] 542511K->515823K(861272K), 0.0030627 secs] [Times: user=0.01 sys=0.00, real=0.00 secs] 
2020-10-28T09:48:57.454+0000: [GC (Allocation Failure) 2020-10-28T09:48:57.454+0000: [ParNew: 26692K->4K(30016K), 0.0032305 secs] 542511K->515823K(861272K), 0.0032940 secs] [Times: user=0.01 sys=0.00, real=0.00 secs] 
2020-10-28T09:48:57.489+0000: [GC (Allocation Failure) 2020-10-28T09:48:57.489+0000: [ParNew: 26692K->4K(30016K), 0.0030385 secs] 542511K->515823K(861272K), 0.0030969 secs] [Times: user=0.01 sys=0.00, real=0.00 secs] 
2020-10-28T09:48:57.516+0000: [GC (Allocation Failure) 2020-10-28T09:48:57.516+0000: [ParNew: 26692K->4K(30016K), 0.0030283 secs] 542511K->515823K(861272K), 0.0030858 secs] [Times: user=0.00 sys=0.00, real=0.00 secs] 
2020-10-28T09:48:57.545+0000: [GC (Allocation Failure) 2020-10-28T09:48:57.545+0000: [ParNew: 26692K->4K(30016K), 0.0030010 secs] 542511K->515823K(861272K), 0.0030559 secs] [Times: user=0.01 sys=0.00, real=0.00 secs] 
2020-10-28T09:48:57.573+0000: [GC (Allocation Failure) 2020-10-28T09:48:57.573+0000: [ParNew: 26692K->4K(30016K), 0.0029770 secs] 542511K->515823K(861272K), 0.0030320 secs] [Times: user=0.00 sys=0.00, real=0.00 secs] 
2020-10-28T09:48:57.601+0000: [GC (Allocation Failure) 2020-10-28T09:48:57.601+0000: [ParNew: 26692K->4K(30016K), 0.0030028 secs] 542511K->515823K(861272K), 0.0030584 secs] [Times: user=0.01 sys=0.00, real=0.00 secs] 
2020-10-28T09:48:57.628+0000: [GC (Allocation Failure) 2020-10-28T09:48:57.628+0000: [ParNew: 26692K->4K(30016K), 0.0030362 secs] 542511K->515823K(861272K), 0.0030915 secs] [Times: user=0.01 sys=0.00, real=0.00 secs] 
2020-10-28T09:48:57.655+0000: [GC (Allocation Failure) 2020-10-28T09:48:57.655+0000: [ParNew: 26692K->4K(30016K), 0.0030789 secs] 542511K->515823K(861272K), 0.0031350 secs] [Times: user=0.01 sys=0.00, real=0.00 secs] 
2020-10-28T09:48:57.682+0000: [GC (Allocation Failure) 2020-10-28T09:48:57.682+0000: [ParNew: 26692K->4K(30016K), 0.0029964 secs] 542511K->515823K(861272K), 0.0030534 secs] [Times: user=0.00 sys=0.00, real=0.00 secs] 
2020-10-28T09:48:57.709+0000: [GC (Allocation Failure) 2020-10-28T09:48:57.709+0000: [ParNew: 26692K->4K(30016K), 0.0030100 secs] 542511K->515823K(861272K), 0.0030681 secs] [Times: user=0.01 sys=0.00, real=0.00 secs] 
2020-10-28T09:48:57.735+0000: [GC (Allocation Failure) 2020-10-28T09:48:57.735+0000: [ParNew: 26692K->4K(30016K), 0.0030358 secs] 542511K->515823K(861272K), 0.0030916 secs] [Times: user=0.00 sys=0.00, real=0.00 secs] 
2020-10-28T09:48:57.765+0000: [GC (Allocation Failure) 2020-10-28T09:48:57.765+0000: [ParNew: 26692K->4K(30016K), 0.0029959 secs] 542511K->515823K(861272K), 0.0030532 secs] [Times: user=0.01 sys=0.00, real=0.00 secs] 
2020-10-28T09:48:57.793+0000: [GC (Allocation Failure) 2020-10-28T09:48:57.793+0000: [ParNew: 26692K->4K(30016K), 0.0029963 secs] 542511K->515823K(861272K), 0.0030542 secs] [Times: user=0.01 sys=0.00, real=0.00 secs] 
2020-10-28T09:48:57.821+0000: [GC (Allocation Failure) 2020-10-28T09:48:57.821+0000: [ParNew: 26692K->4K(30016K), 0.0029791 secs] 542511K->515823K(861272K), 0.0030350 secs] [Times: user=0.01 sys=0.00, real=0.00 secs] 
2020-10-28T09:48:57.849+0000: [GC (Allocation Failure) 2020-10-28T09:48:57.849+0000: [ParNew: 26692K->4K(30016K), 0.0029588 secs] 542511K->515823K(861272K), 0.0030129 secs] [Times: user=0.00 sys=0.00, real=0.00 secs] 
2020-10-28T09:48:57.885+0000: [GC (Allocation Failure) 2020-10-28T09:48:57.885+0000: [ParNew: 26692K->4K(30016K), 0.0030678 secs] 542511K->515823K(861272K), 0.0031461 secs] [Times: user=0.01 sys=0.00, real=0.00 secs] 
2020-10-28T09:48:57.925+0000: [GC (Allocation Failure) 2020-10-28T09:48:57.925+0000: [ParNew: 26692K->4K(30016K), 0.0030431 secs] 542511K->515823K(861272K), 0.0031418 secs] [Times: user=0.00 sys=0.00, real=0.00 secs] 
2020-10-28T09:48:57.957+0000: [GC (Allocation Failure) 2020-10-28T09:48:57.957+0000: [ParNew: 26692K->4K(30016K), 0.0030108 secs] 542511K->515823K(861272K), 0.0030687 secs] [Times: user=0.01 sys=0.00, real=0.00 secs] 
2020-10-28T09:48:57.984+0000: [GC (Allocation Failure) 2020-10-28T09:48:57.984+0000: [ParNew: 26692K->4K(30016K), 0.0030155 secs] 542511K->515823K(861272K), 0.0030882 secs] [Times: user=0.01 sys=0.00, real=0.00 secs] 
2020-10-28T09:48:58.010+0000: [GC (Allocation Failure) 2020-10-28T09:48:58.010+0000: [ParNew: 26692K->4K(30016K), 0.0030342 secs] 542511K->515823K(861272K), 0.0030912 secs] [Times: user=0.00 sys=0.00, real=0.01 secs] 
2020-10-28T09:48:58.037+0000: [GC (Allocation Failure) 2020-10-28T09:48:58.037+0000: [ParNew: 26692K->4K(30016K), 0.0030350 secs] 542511K->515823K(861272K), 0.0030907 secs] [Times: user=0.00 sys=0.00, real=0.00 secs] 
2020-10-28T09:48:58.064+0000: [GC (Allocation Failure) 2020-10-28T09:48:58.064+0000: [ParNew: 26692K->4K(30016K), 0.0030510 secs] 542511K->515824K(861272K), 0.0031067 secs] [Times: user=0.00 sys=0.00, real=0.00 secs] 
2020-10-28T09:48:58.093+0000: [GC (Allocation Failure) 2020-10-28T09:48:58.093+0000: [ParNew: 26692K->4K(30016K), 0.0030029 secs] 542512K->515824K(861272K), 0.0030596 secs] [Times: user=0.01 sys=0.00, real=0.00 secs] 
2020-10-28T09:48:58.119+0000: [GC (Allocation Failure) 2020-10-28T09:48:58.119+0000: [ParNew: 26692K->4K(30016K), 0.0030855 secs] 542512K->515824K(861272K), 0.0031431 secs] [Times: user=0.01 sys=0.00, real=0.01 secs] 
2020-10-28T09:48:58.149+0000: [GC (Allocation Failure) 2020-10-28T09:48:58.149+0000: [ParNew: 26692K->4K(30016K), 0.0030097 secs] 542512K->515824K(861272K), 0.0030656 secs] [Times: user=0.01 sys=0.00, real=0.00 secs] 
2020-10-28T09:48:58.177+0000: [GC (Allocation Failure) 2020-10-28T09:48:58.177+0000: [ParNew: 26692K->4K(30016K), 0.0029782 secs] 542512K->515824K(861272K), 0.0030330 secs] [Times: user=0.01 sys=0.00, real=0.00 secs] 
2020-10-28T09:48:58.204+0000: [GC (Allocation Failure) 2020-10-28T09:48:58.204+0000: [ParNew: 26692K->4K(30016K), 0.0030030 secs] 542512K->515824K(861272K), 0.0030584 secs] [Times: user=0.01 sys=0.00, real=0.00 secs] 
2020-10-28T09:48:58.233+0000: [GC (Allocation Failure) 2020-10-28T09:48:58.233+0000: [ParNew: 26692K->4K(30016K), 0.0030040 secs] 542512K->515824K(861272K), 0.0030574 secs] [Times: user=0.01 sys=0.00, real=0.00 secs] 
2020-10-28T09:48:58.261+0000: [GC (Allocation Failure) 2020-10-28T09:48:58.261+0000: [ParNew: 26692K->4K(30016K), 0.0030767 secs] 542512K->515824K(861272K), 0.0031337 secs] [Times: user=0.01 sys=0.00, real=0.00 secs] 
2020-10-28T09:48:58.297+0000: [GC (Allocation Failure) 2020-10-28T09:48:58.297+0000: [ParNew: 26692K->4K(30016K), 0.0030132 secs] 542512K->515824K(861272K), 0.0030904 secs] [Times: user=0.00 sys=0.00, real=0.00 secs] 
2020-10-28T09:48:58.324+0000: [GC (Allocation Failure) 2020-10-28T09:48:58.324+0000: [ParNew: 26692K->4K(30016K), 0.0030150 secs] 542512K->515824K(861272K), 0.0030728 secs] [Times: user=0.01 sys=0.00, real=0.00 secs] 
2020-10-28T09:48:58.351+0000: [GC (Allocation Failure) 2020-10-28T09:48:58.351+0000: [ParNew: 26692K->4K(30016K), 0.0030553 secs] 542512K->515824K(861272K), 0.0031232 secs] [Times: user=0.01 sys=0.00, real=0.01 secs] 
2020-10-28T09:48:58.381+0000: [GC (Allocation Failure) 2020-10-28T09:48:58.381+0000: [ParNew: 26692K->4K(30016K), 0.0030062 secs] 542512K->515824K(861272K), 0.0030647 secs] [Times: user=0.00 sys=0.00, real=0.00 secs] 
2020-10-28T09:48:58.409+0000: [GC (Allocation Failure) 2020-10-28T09:48:58.409+0000: [ParNew: 26692K->4K(30016K), 0.0030371 secs] 542512K->515824K(861272K), 0.0030954 secs] [Times: user=0.00 sys=0.00, real=0.00 secs] 
2020-10-28T09:48:58.436+0000: [GC (Allocation Failure) 2020-10-28T09:48:58.436+0000: [ParNew: 26692K->4K(30016K), 0.0030511 secs] 542512K->515824K(861272K), 0.0031083 secs] [Times: user=0.00 sys=0.00, real=0.00 secs] 
2020-10-28T09:48:58.463+0000: [GC (Allocation Failure) 2020-10-28T09:48:58.463+0000: [ParNew: 26692K->4K(30016K), 0.0030796 secs] 542512K->515824K(861272K), 0.0031394 secs] [Times: user=0.00 sys=0.00, real=0.00 secs] 
2020-10-28T09:48:58.493+0000: [GC (Allocation Failure) 2020-10-28T09:48:58.493+0000: [ParNew: 26692K->4K(30016K), 0.0030112 secs] 542512K->515824K(861272K), 0.0030686 secs] [Times: user=0.01 sys=0.00, real=0.01 secs] 
2020-10-28T09:48:58.520+0000: [GC (Allocation Failure) 2020-10-28T09:48:58.520+0000: [ParNew: 26692K->4K(30016K), 0.0030751 secs] 542512K->515824K(861272K), 0.0031316 secs] [Times: user=0.01 sys=0.00, real=0.01 secs] 
2020-10-28T09:48:58.549+0000: [GC (Allocation Failure) 2020-10-28T09:48:58.549+0000: [ParNew: 26692K->4K(30016K), 0.0029913 secs] 542512K->515824K(861272K), 0.0030482 secs] [Times: user=0.01 sys=0.00, real=0.00 secs] 
2020-10-28T09:48:58.576+0000: [GC (Allocation Failure) 2020-10-28T09:48:58.576+0000: [ParNew: 26692K->4K(30016K), 0.0029966 secs] 542512K->515824K(861272K), 0.0030514 secs] [Times: user=0.00 sys=0.00, real=0.00 secs] 
2020-10-28T09:48:58.602+0000: [GC (Allocation Failure) 2020-10-28T09:48:58.603+0000: [ParNew: 26692K->4K(30016K), 0.0030461 secs] 542512K->515824K(861272K), 0.0031012 secs] [Times: user=0.00 sys=0.00, real=0.00 secs] 
2020-10-28T09:48:58.633+0000: [GC (Allocation Failure) 2020-10-28T09:48:58.633+0000: [ParNew: 26692K->4K(30016K), 0.0029881 secs] 542512K->515824K(861272K), 0.0030441 secs] [Times: user=0.01 sys=0.00, real=0.00 secs] 
2020-10-28T09:48:58.661+0000: [GC (Allocation Failure) 2020-10-28T09:48:58.661+0000: [ParNew: 26692K->4K(30016K), 0.0030132 secs] 542512K->515824K(861272K), 0.0030699 secs] [Times: user=0.00 sys=0.00, real=0.00 secs] 
2020-10-28T09:48:58.689+0000: [GC (Allocation Failure) 2020-10-28T09:48:58.689+0000: [ParNew: 26692K->4K(30016K), 0.0030103 secs] 542512K->515824K(861272K), 0.0030822 secs] [Times: user=0.01 sys=0.00, real=0.00 secs] 
2020-10-28T09:48:58.717+0000: [GC (Allocation Failure) 2020-10-28T09:48:58.717+0000: [ParNew: 26692K->4K(30016K), 0.0029724 secs] 542512K->515824K(861272K), 0.0030283 secs] [Times: user=0.01 sys=0.00, real=0.00 secs] 
2020-10-28T09:48:58.745+0000: [GC (Allocation Failure) 2020-10-28T09:48:58.745+0000: [ParNew: 26692K->4K(30016K), 0.0029742 secs] 542512K->515824K(861272K), 0.0030285 secs] [Times: user=0.01 sys=0.00, real=0.00 secs] 
2020-10-28T09:48:58.772+0000: [GC (Allocation Failure) 2020-10-28T09:48:58.772+0000: [ParNew: 26692K->4K(30016K), 0.0041873 secs] 542512K->515824K(861272K), 0.0042583 secs] [Times: user=0.00 sys=0.00, real=0.01 secs] 
2020-10-28T09:48:58.800+0000: [GC (Allocation Failure) 2020-10-28T09:48:58.800+0000: [ParNew: 26692K->4K(30016K), 0.0030427 secs] 542512K->515824K(861272K), 0.0030998 secs] [Times: user=0.01 sys=0.00, real=0.01 secs] 
2020-10-28T09:48:58.829+0000: [GC (Allocation Failure) 2020-10-28T09:48:58.829+0000: [ParNew: 26692K->4K(30016K), 0.0029663 secs] 542512K->515824K(861272K), 0.0030222 secs] [Times: user=0.01 sys=0.00, real=0.00 secs] 
2020-10-28T09:48:58.857+0000: [GC (Allocation Failure) 2020-10-28T09:48:58.857+0000: [ParNew: 26692K->4K(30016K), 0.0029398 secs] 542512K->515824K(861272K), 0.0029930 secs] [Times: user=0.01 sys=0.00, real=0.00 secs] 
2020-10-28T09:48:58.885+0000: [GC (Allocation Failure) 2020-10-28T09:48:58.885+0000: [ParNew: 26692K->4K(30016K), 0.0029637 secs] 542512K->515824K(861272K), 0.0030192 secs] [Times: user=0.00 sys=0.00, real=0.00 secs] 
2020-10-28T09:48:58.912+0000: [GC (Allocation Failure) 2020-10-28T09:48:58.912+0000: [ParNew: 26692K->4K(30016K), 0.0030193 secs] 542512K->515824K(861272K), 0.0030748 secs] [Times: user=0.00 sys=0.00, real=0.01 secs] 
2020-10-28T09:48:58.938+0000: [GC (Allocation Failure) 2020-10-28T09:48:58.938+0000: [ParNew: 26692K->4K(30016K), 0.0030311 secs] 542512K->515824K(861272K), 0.0030889 secs] [Times: user=0.00 sys=0.00, real=0.01 secs] 
2020-10-28T09:48:58.969+0000: [GC (Allocation Failure) 2020-10-28T09:48:58.969+0000: [ParNew: 26691K->4K(30016K), 0.0030178 secs] 542511K->515824K(861272K), 0.0030742 secs] [Times: user=0.00 sys=0.00, real=0.00 secs] 
2020-10-28T09:48:58.996+0000: [GC (Allocation Failure) 2020-10-28T09:48:58.996+0000: [ParNew: 26692K->4K(30016K), 0.0029901 secs] 542512K->515824K(861272K), 0.0030452 secs] [Times: user=0.01 sys=0.00, real=0.00 secs] 
2020-10-28T09:48:59.022+0000: [GC (Allocation Failure) 2020-10-28T09:48:59.022+0000: [ParNew: 26692K->4K(30016K), 0.0030093 secs] 542512K->515824K(861272K), 0.0030643 secs] [Times: user=0.01 sys=0.00, real=0.00 secs] 
2020-10-28T09:48:59.049+0000: [GC (Allocation Failure) 2020-10-28T09:48:59.049+0000: [ParNew: 26692K->4K(30016K), 0.0030215 secs] 542512K->515824K(861272K), 0.0030785 secs] [Times: user=0.00 sys=0.00, real=0.00 secs] 
2020-10-28T09:48:59.076+0000: [GC (Allocation Failure) 2020-10-28T09:48:59.076+0000: [ParNew: 26692K->4K(30016K), 0.0030004 secs] 542512K->515824K(861272K), 0.0030564 secs] [Times: user=0.01 sys=0.00, real=0.00 secs] 
2020-10-28T09:48:59.105+0000: [GC (Allocation Failure) 2020-10-28T09:48:59.105+0000: [ParNew: 26692K->4K(30016K), 0.0030075 secs] 542512K->515824K(861272K), 0.0030621 secs] [Times: user=0.00 sys=0.00, real=0.00 secs] 
2020-10-28T09:48:59.133+0000: [GC (Allocation Failure) 2020-10-28T09:48:59.133+0000: [ParNew: 26692K->4K(30016K), 0.0047388 secs] 542512K->515824K(861272K), 0.0047966 secs] [Times: user=0.00 sys=0.00, real=0.00 secs] 
2020-10-28T09:48:59.162+0000: [GC (Allocation Failure) 2020-10-28T09:48:59.162+0000: [ParNew: 26692K->4K(30016K), 0.0030783 secs] 542512K->515824K(861272K), 0.0031377 secs] [Times: user=0.00 sys=0.00, real=0.00 secs] 
2020-10-28T09:48:59.188+0000: [GC (Allocation Failure) 2020-10-28T09:48:59.188+0000: [ParNew: 26692K->4K(30016K), 0.0034926 secs] 542512K->515824K(861272K), 0.0035495 secs] [Times: user=0.01 sys=0.00, real=0.00 secs] 
2020-10-28T09:48:59.217+0000: [GC (Allocation Failure) 2020-10-28T09:48:59.217+0000: [ParNew: 26692K->4K(30016K), 0.0029941 secs] 542512K->515824K(861272K), 0.0030506 secs] [Times: user=0.01 sys=0.00, real=0.00 secs] 
2020-10-28T09:48:59.244+0000: [GC (Allocation Failure) 2020-10-28T09:48:59.244+0000: [ParNew: 26692K->4K(30016K), 0.0030564 secs] 542512K->515824K(861272K), 0.0031145 secs] [Times: user=0.00 sys=0.00, real=0.00 secs] 
2020-10-28T09:48:59.271+0000: [GC (Allocation Failure) 2020-10-28T09:48:59.271+0000: [ParNew: 26692K->4K(30016K), 0.0029948 secs] 542512K->515824K(861272K), 0.0030514 secs] [Times: user=0.01 sys=0.00, real=0.01 secs] 
2020-10-28T09:48:59.297+0000: [GC (Allocation Failure) 2020-10-28T09:48:59.297+0000: [ParNew: 26692K->4K(30016K), 0.0030134 secs] 542512K->515824K(861272K), 0.0030669 secs] [Times: user=0.01 sys=0.00, real=0.00 secs] 
2020-10-28T09:48:59.325+0000: [GC (Allocation Failure) 2020-10-28T09:48:59.325+0000: [ParNew: 26692K->4K(30016K), 0.0030202 secs] 542512K->515824K(861272K), 0.0030776 secs] [Times: user=0.01 sys=0.00, real=0.00 secs] 
2020-10-28T09:48:59.353+0000: [GC (Allocation Failure) 2020-10-28T09:48:59.353+0000: [ParNew: 26692K->4K(30016K), 0.0030215 secs] 542512K->515824K(861272K), 0.0030779 secs] [Times: user=0.00 sys=0.00, real=0.00 secs] 
2020-10-28T09:48:59.381+0000: [GC (Allocation Failure) 2020-10-28T09:48:59.381+0000: [ParNew: 26692K->4K(30016K), 0.0029520 secs] 542512K->515824K(861272K), 0.0030057 secs] [Times: user=0.01 sys=0.00, real=0.00 secs] 
2020-10-28T09:48:59.408+0000: [GC (Allocation Failure) 2020-10-28T09:48:59.408+0000: [ParNew: 26692K->4K(30016K), 0.0029818 secs] 542512K->515824K(861272K), 0.0030362 secs] [Times: user=0.01 sys=0.00, real=0.00 secs] 
2020-10-28T09:48:59.437+0000: [GC (Allocation Failure) 2020-10-28T09:48:59.437+0000: [ParNew: 26692K->4K(30016K), 0.0029739 secs] 542512K->515824K(861272K), 0.0030290 secs] [Times: user=0.01 sys=0.00, real=0.00 secs] 
2020-10-28T09:48:59.465+0000: [GC (Allocation Failure) 2020-10-28T09:48:59.465+0000: [ParNew: 26692K->4K(30016K), 0.0029946 secs] 542512K->515824K(861272K), 0.0030495 secs] [Times: user=0.00 sys=0.00, real=0.00 secs] 
2020-10-28T09:48:59.493+0000: [GC (Allocation Failure) 2020-10-28T09:48:59.493+0000: [ParNew: 26692K->4K(30016K), 0.0029950 secs] 542512K->515824K(861272K), 0.0030498 secs] [Times: user=0.00 sys=0.00, real=0.00 secs] 
2020-10-28T09:48:59.520+0000: [GC (Allocation Failure) 2020-10-28T09:48:59.520+0000: [ParNew: 26692K->4K(30016K), 0.0030889 secs] 542512K->515824K(861272K), 0.0031460 secs] [Times: user=0.01 sys=0.00, real=0.01 secs] 
2020-10-28T09:48:59.549+0000: [GC (Allocation Failure) 2020-10-28T09:48:59.549+0000: [ParNew: 26692K->4K(30016K), 0.0030718 secs] 542512K->515824K(861272K), 0.0031279 secs] [Times: user=0.00 sys=0.00, real=0.00 secs] 
2020-10-28T09:48:59.578+0000: [GC (Allocation Failure) 2020-10-28T09:48:59.578+0000: [ParNew: 26692K->4K(30016K), 0.0030565 secs] 542512K->515824K(861272K), 0.0031140 secs] [Times: user=0.00 sys=0.01, real=0.01 secs] 
2020-10-28T09:48:59.629+0000: [GC (Allocation Failure) 2020-10-28T09:48:59.629+0000: [ParNew: 26692K->4K(30016K), 0.0031174 secs] 542512K->515824K(861272K), 0.0031743 secs] [Times: user=0.00 sys=0.00, real=0.00 secs] 
2020-10-28T09:48:59.678+0000: [GC (Allocation Failure) 2020-10-28T09:48:59.678+0000: [ParNew: 26692K->4K(30016K), 0.0030622 secs] 542512K->515824K(861272K), 0.0031208 secs] [Times: user=0.01 sys=0.00, real=0.00 secs] 
2020-10-28T09:48:59.757+0000: [GC (Allocation Failure) 2020-10-28T09:48:59.757+0000: [ParNew: 26692K->4K(30016K), 0.0031228 secs] 542512K->515824K(861272K), 0.0031813 secs] [Times: user=0.00 sys=0.00, real=0.00 secs] 
2020-10-28T09:49:00.417+0000: [GC (Allocation Failure) 2020-10-28T09:49:00.417+0000: [ParNew: 26692K->8K(30016K), 0.0030845 secs] 542512K->515828K(861272K), 0.0031448 secs] [Times: user=0.00 sys=0.00, real=0.00 secs] 
2020-10-28T09:49:02.096+0000: [GC (Allocation Failure) 2020-10-28T09:49:02.096+0000: [ParNew: 22893K->551K(30016K), 0.0038431 secs] 538713K->516371K(861272K), 0.0038937 secs] [Times: user=0.01 sys=0.00, real=0.00 secs] 
2020-10-28T09:49:02.262+0000: [GC (Allocation Failure) 2020-10-28T09:49:02.262+0000: [ParNew: 27239K->450K(30016K), 0.0151268 secs] 543059K->532655K(861272K), 0.0151868 secs] [Times: user=0.02 sys=0.01, real=0.01 secs] 
2020-10-28T09:49:02.917+0000: [GC (Allocation Failure) 2020-10-28T09:49:02.917+0000: [ParNew: 27138K->2355K(30016K), 0.0064044 secs] 559343K->534561K(861272K), 0.0065115 secs] [Times: user=0.01 sys=0.01, real=0.01 secs] 
2020-10-28T09:49:02.995+0000: [GC (Allocation Failure) 2020-10-28T09:49:02.995+0000: [ParNew: 29043K->1096K(30016K), 0.0086862 secs] 561249K->535161K(861272K), 0.0087475 secs] [Times: user=0.01 sys=0.00, real=0.01 secs] 
2020-10-28T09:49:03.045+0000: [GC (Allocation Failure) 2020-10-28T09:49:03.045+0000: [ParNew: 27784K->1138K(30016K), 0.0032647 secs] 561849K->535203K(861272K), 0.0033335 secs] [Times: user=0.00 sys=0.00, real=0.00 secs] 
2020-10-28T09:49:03.084+0000: [GC (Allocation Failure) 2020-10-28T09:49:03.084+0000: [ParNew: 27826K->1629K(30016K), 0.0033095 secs] 561891K->535694K(861272K), 0.0033701 secs] [Times: user=0.01 sys=0.00, real=0.00 secs] 
2020-10-28T09:49:03.121+0000: [GC (Allocation Failure) 2020-10-28T09:49:03.121+0000: [ParNew: 28317K->1559K(30016K), 0.0032369 secs] 562382K->535624K(861272K), 0.0032961 secs] [Times: user=0.01 sys=0.00, real=0.00 secs] 
2020-10-28T09:49:03.161+0000: [GC (Allocation Failure) 2020-10-28T09:49:03.161+0000: [ParNew: 28247K->6K(30016K), 0.0030682 secs] 562312K->534071K(861272K), 0.0031264 secs] [Times: user=0.00 sys=0.00, real=0.00 secs] 
2020-10-28T09:49:03.198+0000: [GC (Allocation Failure) 2020-10-28T09:49:03.198+0000: [ParNew: 26694K->4K(30016K), 0.0030381 secs] 560759K->534068K(861272K), 0.0031120 secs] [Times: user=0.00 sys=0.00, real=0.00 secs] 
2020-10-28T09:49:03.236+0000: [GC (Allocation Failure) 2020-10-28T09:49:03.236+0000: [ParNew: 26692K->4K(30016K), 0.0038309 secs] 560756K->534068K(861272K), 0.0038900 secs] [Times: user=0.01 sys=0.00, real=0.00 secs] 
2020-10-28T09:49:03.271+0000: [GC (Allocation Failure) 2020-10-28T09:49:03.271+0000: [ParNew: 26692K->4K(30016K), 0.0030590 secs] 560756K->534068K(861272K), 0.0031209 secs] [Times: user=0.01 sys=0.00, real=0.01 secs] 
2020-10-28T09:49:03.309+0000: [GC (Allocation Failure) 2020-10-28T09:49:03.309+0000: [ParNew: 26692K->4K(30016K), 0.0030212 secs] 560756K->534068K(861272K), 0.0030805 secs] [Times: user=0.01 sys=0.00, real=0.00 secs] 
2020-10-28T09:49:03.339+0000: [GC (Allocation Failure) 2020-10-28T09:49:03.339+0000: [ParNew: 26692K->4K(30016K), 0.0030724 secs] 560756K->534068K(861272K), 0.0031334 secs] [Times: user=0.00 sys=0.00, real=0.01 secs] 
2020-10-28T09:49:03.369+0000: [GC (Allocation Failure) 2020-10-28T09:49:03.369+0000: [ParNew: 26692K->4K(30016K), 0.0030128 secs] 560756K->534068K(861272K), 0.0030715 secs] [Times: user=0.01 sys=0.00, real=0.00 secs] 
2020-10-28T09:49:03.405+0000: [GC (Allocation Failure) 2020-10-28T09:49:03.405+0000: [ParNew: 26692K->4K(30016K), 0.0030301 secs] 560756K->534068K(861272K), 0.0030884 secs] [Times: user=0.01 sys=0.00, real=0.00 secs] 
2020-10-28T09:49:03.461+0000: [GC (Allocation Failure) 2020-10-28T09:49:03.461+0000: [ParNew: 26692K->4K(30016K), 0.0058921 secs] 560756K->534068K(861272K), 0.0059742 secs] [Times: user=0.01 sys=0.00, real=0.01 secs] 
2020-10-28T09:49:03.508+0000: [GC (Allocation Failure) 2020-10-28T09:49:03.508+0000: [ParNew: 26692K->6K(30016K), 0.0083543 secs] 560756K->534071K(861272K), 0.0084310 secs] [Times: user=0.01 sys=0.00, real=0.01 secs] 
2020-10-28T09:49:03.556+0000: [GC (Allocation Failure) 2020-10-28T09:49:03.556+0000: [ParNew: 26694K->4K(30016K), 0.0052886 secs] 560759K->534068K(861272K), 0.0053501 secs] [Times: user=0.01 sys=0.00, real=0.01 secs] 
2020-10-28T09:49:03.614+0000: [GC (Allocation Failure) 2020-10-28T09:49:03.614+0000: [ParNew: 26692K->4K(30016K), 0.0065280 secs] 560756K->534069K(861272K), 0.0065884 secs] [Times: user=0.02 sys=0.00, real=0.00 secs] 
2020-10-28T09:49:03.672+0000: [GC (Allocation Failure) 2020-10-28T09:49:03.672+0000: [ParNew: 26692K->4K(30016K), 0.0066430 secs] 560757K->534069K(861272K), 0.0067241 secs] [Times: user=0.01 sys=0.00, real=0.01 secs] 
2020-10-28T09:49:03.718+0000: [GC (Allocation Failure) 2020-10-28T09:49:03.718+0000: [ParNew: 26692K->4K(30016K), 0.0030430 secs] 560757K->534069K(861272K), 0.0031032 secs] [Times: user=0.01 sys=0.00, real=0.00 secs] 
2020-10-28T09:49:03.747+0000: [GC (Allocation Failure) 2020-10-28T09:49:03.747+0000: [ParNew: 26692K->4K(30016K), 0.0030180 secs] 560757K->534069K(861272K), 0.0030764 secs] [Times: user=0.01 sys=0.00, real=0.00 secs] 
2020-10-28T09:49:03.777+0000: [GC (Allocation Failure) 2020-10-28T09:49:03.777+0000: [ParNew: 26692K->4K(30016K), 0.0030363 secs] 560757K->534069K(861272K), 0.0030945 secs] [Times: user=0.01 sys=0.00, real=0.00 secs] 
2020-10-28T09:49:03.805+0000: [GC (Allocation Failure) 2020-10-28T09:49:03.805+0000: [ParNew: 26692K->4K(30016K), 0.0030541 secs] 560757K->534069K(861272K), 0.0031133 secs] [Times: user=0.01 sys=0.00, real=0.00 secs] 
2020-10-28T09:49:03.831+0000: [GC (Allocation Failure) 2020-10-28T09:49:03.831+0000: [ParNew: 26692K->4K(30016K), 0.0030375 secs] 560757K->534069K(861272K), 0.0030950 secs] [Times: user=0.01 sys=0.00, real=0.01 secs] 
2020-10-28T09:49:03.861+0000: [GC (Allocation Failure) 2020-10-28T09:49:03.861+0000: [ParNew: 26692K->4K(30016K), 0.0030204 secs] 560757K->534069K(861272K), 0.0030787 secs] [Times: user=0.00 sys=0.00, real=0.01 secs] 
2020-10-28T09:49:03.887+0000: [GC (Allocation Failure) 2020-10-28T09:49:03.887+0000: [ParNew: 26692K->4K(30016K), 0.0030304 secs] 560757K->534069K(861272K), 0.0030873 secs] [Times: user=0.01 sys=0.00, real=0.00 secs] 
2020-10-28T09:49:03.917+0000: [GC (Allocation Failure) 2020-10-28T09:49:03.917+0000: [ParNew: 26692K->4K(30016K), 0.0080942 secs] 560757K->534069K(861272K), 0.0081608 secs] [Times: user=0.00 sys=0.01, real=0.01 secs] 
2020-10-28T09:49:03.973+0000: [GC (Allocation Failure) 2020-10-28T09:49:03.973+0000: [ParNew: 26692K->4K(30016K), 0.0030599 secs] 560757K->534069K(861272K), 0.0031385 secs] [Times: user=0.01 sys=0.00, real=0.00 secs] 
2020-10-28T09:49:04.001+0000: [GC (Allocation Failure) 2020-10-28T09:49:04.001+0000: [ParNew: 26692K->4K(30016K), 0.0030371 secs] 560757K->534069K(861272K), 0.0030939 secs] [Times: user=0.01 sys=0.00, real=0.01 secs] 
2020-10-28T09:49:04.027+0000: [GC (Allocation Failure) 2020-10-28T09:49:04.027+0000: [ParNew: 26692K->4K(30016K), 0.0030164 secs] 560757K->534069K(861272K), 0.0030738 secs] [Times: user=0.01 sys=0.00, real=0.00 secs] 
2020-10-28T09:49:04.057+0000: [GC (Allocation Failure) 2020-10-28T09:49:04.057+0000: [ParNew: 26692K->4K(30016K), 0.0030956 secs] 560757K->534069K(861272K), 0.0031536 secs] [Times: user=0.00 sys=0.01, real=0.00 secs] 
2020-10-28T09:49:04.083+0000: [GC (Allocation Failure) 2020-10-28T09:49:04.083+0000: [ParNew: 26692K->4K(30016K), 0.0030339 secs] 560757K->534069K(861272K), 0.0030917 secs] [Times: user=0.00 sys=0.00, real=0.00 secs] 
2020-10-28T09:49:04.113+0000: [GC (Allocation Failure) 2020-10-28T09:49:04.113+0000: [ParNew: 26692K->4K(30016K), 0.0029953 secs] 560757K->534069K(861272K), 0.0030530 secs] [Times: user=0.00 sys=0.00, real=0.01 secs] 
2020-10-28T09:49:04.141+0000: [GC (Allocation Failure) 2020-10-28T09:49:04.141+0000: [ParNew: 26692K->4K(30016K), 0.0030835 secs] 560757K->534069K(861272K), 0.0031422 secs] [Times: user=0.00 sys=0.00, real=0.00 secs] 
2020-10-28T09:49:04.167+0000: [GC (Allocation Failure) 2020-10-28T09:49:04.168+0000: [ParNew: 26692K->4K(30016K), 0.0030458 secs] 560757K->534069K(861272K), 0.0031047 secs] [Times: user=0.00 sys=0.00, real=0.00 secs] 
2020-10-28T09:49:04.193+0000: [GC (Allocation Failure) 2020-10-28T09:49:04.193+0000: [ParNew: 26692K->4K(30016K), 0.0030324 secs] 560757K->534069K(861272K), 0.0030905 secs] [Times: user=0.01 sys=0.00, real=0.00 secs] 
2020-10-28T09:49:04.224+0000: [GC (Allocation Failure) 2020-10-28T09:49:04.224+0000: [ParNew: 26692K->4K(30016K), 0.0031150 secs] 560757K->534069K(861272K), 0.0031645 secs] [Times: user=0.01 sys=0.00, real=0.00 secs] 
2020-10-28T09:49:04.252+0000: [GC (Allocation Failure) 2020-10-28T09:49:04.252+0000: [ParNew: 26692K->4K(30016K), 0.0030343 secs] 560757K->534069K(861272K), 0.0030924 secs] [Times: user=0.01 sys=0.00, real=0.01 secs] 
2020-10-28T09:49:04.281+0000: [GC (Allocation Failure) 2020-10-28T09:49:04.281+0000: [ParNew: 26692K->4K(30016K), 0.0030295 secs] 560757K->534069K(861272K), 0.0030872 secs] [Times: user=0.01 sys=0.00, real=0.00 secs] 
2020-10-28T09:49:04.307+0000: [GC (Allocation Failure) 2020-10-28T09:49:04.307+0000: [ParNew: 26692K->4K(30016K), 0.0030637 secs] 560757K->534069K(861272K), 0.0031231 secs] [Times: user=0.00 sys=0.00, real=0.00 secs] 
2020-10-28T09:49:04.337+0000: [GC (Allocation Failure) 2020-10-28T09:49:04.337+0000: [ParNew: 26692K->4K(30016K), 0.0030324 secs] 560757K->534069K(861272K), 0.0030989 secs] [Times: user=0.01 sys=0.00, real=0.00 secs] 
2020-10-28T09:49:04.365+0000: [GC (Allocation Failure) 2020-10-28T09:49:04.365+0000: [ParNew: 26692K->4K(30016K), 0.0029941 secs] 560757K->534069K(861272K), 0.0030523 secs] [Times: user=0.01 sys=0.00, real=0.00 secs] 
2020-10-28T09:49:04.391+0000: [GC (Allocation Failure) 2020-10-28T09:49:04.391+0000: [ParNew: 26692K->4K(30016K), 0.0030722 secs] 560757K->534069K(861272K), 0.0031487 secs] [Times: user=0.01 sys=0.00, real=0.01 secs] 
2020-10-28T09:49:04.417+0000: [GC (Allocation Failure) 2020-10-28T09:49:04.418+0000: [ParNew: 26692K->4K(30016K), 0.0030249 secs] 560757K->534069K(861272K), 0.0030826 secs] [Times: user=0.01 sys=0.00, real=0.00 secs] 
2020-10-28T09:49:04.443+0000: [GC (Allocation Failure) 2020-10-28T09:49:04.443+0000: [ParNew: 26692K->4K(30016K), 0.0030617 secs] 560757K->534069K(861272K), 0.0031189 secs] [Times: user=0.01 sys=0.00, real=0.00 secs] 
2020-10-28T09:49:04.473+0000: [GC (Allocation Failure) 2020-10-28T09:49:04.473+0000: [ParNew: 26692K->4K(30016K), 0.0030058 secs] 560757K->534069K(861272K), 0.0030628 secs] [Times: user=0.00 sys=0.00, real=0.00 secs] 
2020-10-28T09:49:04.499+0000: [GC (Allocation Failure) 2020-10-28T09:49:04.499+0000: [ParNew: 26692K->4K(30016K), 0.0031386 secs] 560757K->534070K(861272K), 0.0031975 secs] [Times: user=0.01 sys=0.00, real=0.01 secs] 
2020-10-28T09:49:04.525+0000: [GC (Allocation Failure) 2020-10-28T09:49:04.525+0000: [ParNew: 26692K->4K(30016K), 0.0030338 secs] 560758K->534070K(861272K), 0.0031067 secs] [Times: user=0.01 sys=0.00, real=0.00 secs] 
2020-10-28T09:49:04.553+0000: [GC (Allocation Failure) 2020-10-28T09:49:04.553+0000: [ParNew: 26692K->4K(30016K), 0.0030180 secs] 560758K->534070K(861272K), 0.0030758 secs] [Times: user=0.00 sys=0.00, real=0.00 secs] 
2020-10-28T09:49:04.579+0000: [GC (Allocation Failure) 2020-10-28T09:49:04.579+0000: [ParNew: 26692K->4K(30016K), 0.0030545 secs] 560758K->534070K(861272K), 0.0031142 secs] [Times: user=0.00 sys=0.00, real=0.01 secs] 
2020-10-28T09:49:04.605+0000: [GC (Allocation Failure) 2020-10-28T09:49:04.605+0000: [ParNew: 26692K->4K(30016K), 0.0030220 secs] 560758K->534070K(861272K), 0.0030812 secs] [Times: user=0.00 sys=0.00, real=0.00 secs] 
2020-10-28T09:49:04.633+0000: [GC (Allocation Failure) 2020-10-28T09:49:04.633+0000: [ParNew: 26692K->4K(30016K), 0.0030308 secs] 560758K->534070K(861272K), 0.0030909 secs] [Times: user=0.01 sys=0.00, real=0.00 secs] 
2020-10-28T09:49:04.659+0000: [GC (Allocation Failure) 2020-10-28T09:49:04.659+0000: [ParNew: 26692K->4K(30016K), 0.0030539 secs] 560758K->534070K(861272K), 0.0031117 secs] [Times: user=0.01 sys=0.00, real=0.01 secs] 
2020-10-28T09:49:04.686+0000: [GC (Allocation Failure) 2020-10-28T09:49:04.686+0000: [ParNew: 26692K->4K(30016K), 0.0029925 secs] 560758K->534070K(861272K), 0.0030496 secs] [Times: user=0.01 sys=0.00, real=0.00 secs] 
2020-10-28T09:49:04.712+0000: [GC (Allocation Failure) 2020-10-28T09:49:04.712+0000: [ParNew: 26692K->4K(30016K), 0.0030500 secs] 560758K->534070K(861272K), 0.0031354 secs] [Times: user=0.01 sys=0.00, real=0.01 secs] 
2020-10-28T09:49:04.738+0000: [GC (Allocation Failure) 2020-10-28T09:49:04.738+0000: [ParNew: 26692K->4K(30016K), 0.0030131 secs] 560758K->534070K(861272K), 0.0030745 secs] [Times: user=0.01 sys=0.00, real=0.00 secs] 
2020-10-28T09:49:04.765+0000: [GC (Allocation Failure) 2020-10-28T09:49:04.765+0000: [ParNew: 26692K->4K(30016K), 0.0030436 secs] 560758K->534070K(861272K), 0.0031009 secs] [Times: user=0.01 sys=0.00, real=0.00 secs] 
2020-10-28T09:49:04.792+0000: [GC (Allocation Failure) 2020-10-28T09:49:04.792+0000: [ParNew: 26692K->4K(30016K), 0.0030218 secs] 560758K->534070K(861272K), 0.0030762 secs] [Times: user=0.01 sys=0.00, real=0.01 secs] 
2020-10-28T09:49:04.821+0000: [GC (Allocation Failure) 2020-10-28T09:49:04.821+0000: [ParNew: 26692K->4K(30016K), 0.0030252 secs] 560758K->534070K(861272K), 0.0030835 secs] [Times: user=0.00 sys=0.00, real=0.00 secs] 
2020-10-28T09:49:04.849+0000: [GC (Allocation Failure) 2020-10-28T09:49:04.849+0000: [ParNew: 26692K->4K(30016K), 0.0030245 secs] 560758K->534070K(861272K), 0.0030826 secs] [Times: user=0.01 sys=0.00, real=0.00 secs] 
2020-10-28T09:49:04.877+0000: [GC (Allocation Failure) 2020-10-28T09:49:04.877+0000: [ParNew: 26692K->4K(30016K), 0.0030656 secs] 560758K->534070K(861272K), 0.0031239 secs] [Times: user=0.01 sys=0.00, real=0.00 secs] 
2020-10-28T09:49:04.905+0000: [GC (Allocation Failure) 2020-10-28T09:49:04.905+0000: [ParNew: 26692K->4K(30016K), 0.0030856 secs] 560758K->534070K(861272K), 0.0031427 secs] [Times: user=0.01 sys=0.00, real=0.00 secs] 
2020-10-28T09:49:04.933+0000: [GC (Allocation Failure) 2020-10-28T09:49:04.933+0000: [ParNew: 26692K->4K(30016K), 0.0030095 secs] 560758K->534070K(861272K), 0.0030677 secs] [Times: user=0.01 sys=0.00, real=0.00 secs] 
2020-10-28T09:49:04.959+0000: [GC (Allocation Failure) 2020-10-28T09:49:04.959+0000: [ParNew: 26692K->4K(30016K), 0.0030424 secs] 560758K->534070K(861272K), 0.0031001 secs] [Times: user=0.01 sys=0.00, real=0.01 secs] 
2020-10-28T09:49:04.989+0000: [GC (Allocation Failure) 2020-10-28T09:49:04.989+0000: [ParNew: 26692K->4K(30016K), 0.0029703 secs] 560758K->534070K(861272K), 0.0030259 secs] [Times: user=0.00 sys=0.00, real=0.00 secs] 
2020-10-28T09:49:05.017+0000: [GC (Allocation Failure) 2020-10-28T09:49:05.017+0000: [ParNew: 26692K->4K(30016K), 0.0030038 secs] 560758K->534070K(861272K), 0.0030600 secs] [Times: user=0.01 sys=0.00, real=0.00 secs] 
2020-10-28T09:49:05.043+0000: [GC (Allocation Failure) 2020-10-28T09:49:05.043+0000: [ParNew: 26692K->4K(30016K), 0.0030259 secs] 560758K->534070K(861272K), 0.0030832 secs] [Times: user=0.01 sys=0.00, real=0.00 secs] 
2020-10-28T09:49:05.073+0000: [GC (Allocation Failure) 2020-10-28T09:49:05.073+0000: [ParNew: 26692K->4K(30016K), 0.0030333 secs] 560758K->534070K(861272K), 0.0031135 secs] [Times: user=0.01 sys=0.00, real=0.01 secs] 
2020-10-28T09:49:05.101+0000: [GC (Allocation Failure) 2020-10-28T09:49:05.101+0000: [ParNew: 26692K->4K(30016K), 0.0030082 secs] 560758K->534070K(861272K), 0.0030644 secs] [Times: user=0.01 sys=0.00, real=0.00 secs] 
2020-10-28T09:49:05.127+0000: [GC (Allocation Failure) 2020-10-28T09:49:05.127+0000: [ParNew: 26692K->4K(30016K), 0.0030330 secs] 560758K->534070K(861272K), 0.0030924 secs] [Times: user=0.01 sys=0.00, real=0.00 secs] 
2020-10-28T09:49:05.157+0000: [GC (Allocation Failure) 2020-10-28T09:49:05.157+0000: [ParNew: 26692K->4K(30016K), 0.0030340 secs] 560758K->534070K(861272K), 0.0030916 secs] [Times: user=0.01 sys=0.00, real=0.00 secs] 
2020-10-28T09:49:05.185+0000: [GC (Allocation Failure) 2020-10-28T09:49:05.185+0000: [ParNew: 26692K->4K(30016K), 0.0030074 secs] 560758K->534070K(861272K), 0.0030646 secs] [Times: user=0.01 sys=0.00, real=0.00 secs] 
2020-10-28T09:49:05.211+0000: [GC (Allocation Failure) 2020-10-28T09:49:05.211+0000: [ParNew: 26692K->4K(30016K), 0.0031135 secs] 560758K->534070K(861272K), 0.0031725 secs] [Times: user=0.01 sys=0.00, real=0.01 secs] 
2020-10-28T09:49:05.237+0000: [GC (Allocation Failure) 2020-10-28T09:49:05.237+0000: [ParNew: 26692K->4K(30016K), 0.0030172 secs] 560758K->534070K(861272K), 0.0030744 secs] [Times: user=0.01 sys=0.00, real=0.00 secs] 
2020-10-28T09:49:05.263+0000: [GC (Allocation Failure) 2020-10-28T09:49:05.263+0000: [ParNew: 26692K->4K(30016K), 0.0031153 secs] 560758K->534070K(861272K), 0.0031741 secs] [Times: user=0.00 sys=0.00, real=0.00 secs] 
2020-10-28T09:49:05.293+0000: [GC (Allocation Failure) 2020-10-28T09:49:05.293+0000: [ParNew: 26692K->4K(30016K), 0.0030231 secs] 560758K->534070K(861272K), 0.0030795 secs] [Times: user=0.00 sys=0.00, real=0.01 secs] 
2020-10-28T09:49:05.319+0000: [GC (Allocation Failure) 2020-10-28T09:49:05.319+0000: [ParNew: 26692K->4K(30016K), 0.0029918 secs] 560758K->534070K(861272K), 0.0030480 secs] [Times: user=0.00 sys=0.00, real=0.01 secs] 
2020-10-28T09:49:05.345+0000: [GC (Allocation Failure) 2020-10-28T09:49:05.345+0000: [ParNew: 26692K->4K(30016K), 0.0030638 secs] 560758K->534070K(861272K), 0.0031244 secs] [Times: user=0.01 sys=0.00, real=0.00 secs] 
2020-10-28T09:49:05.371+0000: [GC (Allocation Failure) 2020-10-28T09:49:05.371+0000: [ParNew: 26692K->4K(30016K), 0.0030048 secs] 560758K->534070K(861272K), 0.0030718 secs] [Times: user=0.00 sys=0.00, real=0.01 secs] 
2020-10-28T09:49:05.401+0000: [GC (Allocation Failure) 2020-10-28T09:49:05.401+0000: [ParNew: 26692K->4K(30016K), 0.0030209 secs] 560758K->534070K(861272K), 0.0030803 secs] [Times: user=0.01 sys=0.00, real=0.00 secs] 
2020-10-28T09:49:05.429+0000: [GC (Allocation Failure) 2020-10-28T09:49:05.429+0000: [ParNew: 26692K->4K(30016K), 0.0030717 secs] 560758K->534070K(861272K), 0.0031315 secs] [Times: user=0.00 sys=0.00, real=0.00 secs] 
2020-10-28T09:49:05.455+0000: [GC (Allocation Failure) 2020-10-28T09:49:05.455+0000: [ParNew: 26692K->4K(30016K), 0.0030510 secs] 560758K->534070K(861272K), 0.0031086 secs] [Times: user=0.01 sys=0.00, real=0.00 secs] 
2020-10-28T09:49:05.485+0000: [GC (Allocation Failure) 2020-10-28T09:49:05.485+0000: [ParNew: 26692K->4K(30016K), 0.0030195 secs] 560758K->534070K(861272K), 0.0030772 secs] [Times: user=0.00 sys=0.00, real=0.00 secs] 
2020-10-28T09:49:05.511+0000: [GC (Allocation Failure) 2020-10-28T09:49:05.511+0000: [ParNew: 26692K->4K(30016K), 0.0030638 secs] 560758K->534070K(861272K), 0.0031226 secs] [Times: user=0.00 sys=0.00, real=0.01 secs] 
2020-10-28T09:49:05.541+0000: [GC (Allocation Failure) 2020-10-28T09:49:05.541+0000: [ParNew: 26692K->4K(30016K), 0.0031233 secs] 560758K->534070K(861272K), 0.0032000 secs] [Times: user=0.01 sys=0.00, real=0.01 secs] 
2020-10-28T09:49:05.567+0000: [GC (Allocation Failure) 2020-10-28T09:49:05.567+0000: [ParNew: 26692K->4K(30016K), 0.0031561 secs] 560758K->534070K(861272K), 0.0032260 secs] [Times: user=0.01 sys=0.00, real=0.00 secs] 
2020-10-28T09:49:05.593+0000: [GC (Allocation Failure) 2020-10-28T09:49:05.593+0000: [ParNew: 26692K->4K(30016K), 0.0030579 secs] 560758K->534070K(861272K), 0.0031183 secs] [Times: user=0.01 sys=0.00, real=0.00 secs] 
2020-10-28T09:49:05.619+0000: [GC (Allocation Failure) 2020-10-28T09:49:05.619+0000: [ParNew: 26692K->4K(30016K), 0.0031326 secs] 560758K->534070K(861272K), 0.0031915 secs] [Times: user=0.01 sys=0.00, real=0.01 secs] 
2020-10-28T09:49:05.649+0000: [GC (Allocation Failure) 2020-10-28T09:49:05.649+0000: [ParNew: 26692K->4K(30016K), 0.0030485 secs] 560758K->534071K(861272K), 0.0031080 secs] [Times: user=0.01 sys=0.00, real=0.00 secs] 
2020-10-28T09:49:05.677+0000: [GC (Allocation Failure) 2020-10-28T09:49:05.677+0000: [ParNew: 26692K->4K(30016K), 0.0033928 secs] 560759K->534071K(861272K), 0.0034537 secs] [Times: user=0.00 sys=0.00, real=0.00 secs] 
2020-10-28T09:49:05.705+0000: [GC (Allocation Failure) 2020-10-28T09:49:05.705+0000: [ParNew: 26692K->4K(30016K), 0.0030469 secs] 560759K->534071K(861272K), 0.0031061 secs] [Times: user=0.01 sys=0.00, real=0.00 secs] 
2020-10-28T09:49:05.731+0000: [GC (Allocation Failure) 2020-10-28T09:49:05.731+0000: [ParNew: 26692K->4K(30016K), 0.0031266 secs] 560759K->534071K(861272K), 0.0031865 secs] [Times: user=0.01 sys=0.00, real=0.01 secs] 
2020-10-28T09:49:05.757+0000: [GC (Allocation Failure) 2020-10-28T09:49:05.757+0000: [ParNew: 26692K->4K(30016K), 0.0030379 secs] 560759K->534071K(861272K), 0.0030973 secs] [Times: user=0.01 sys=0.00, real=0.00 secs] 
2020-10-28T09:49:05.783+0000: [GC (Allocation Failure) 2020-10-28T09:49:05.783+0000: [ParNew: 26692K->4K(30016K), 0.0030525 secs] 560759K->534071K(861272K), 0.0031109 secs] [Times: user=0.01 sys=0.00, real=0.00 secs] 
2020-10-28T09:49:05.809+0000: [GC (Allocation Failure) 2020-10-28T09:49:05.809+0000: [ParNew: 26692K->2K(30016K), 0.0048181 secs] 560759K->534069K(861272K), 0.0048933 secs] [Times: user=0.01 sys=0.00, real=0.01 secs] 
2020-10-28T09:49:05.837+0000: [GC (Allocation Failure) 2020-10-28T09:49:05.837+0000: [ParNew: 26690K->4K(30016K), 0.0030619 secs] 560757K->534071K(861272K), 0.0031216 secs] [Times: user=0.01 sys=0.00, real=0.00 secs] 
2020-10-28T09:49:05.865+0000: [GC (Allocation Failure) 2020-10-28T09:49:05.865+0000: [ParNew: 26692K->4K(30016K), 0.0030754 secs] 560759K->534071K(861272K), 0.0031349 secs] [Times: user=0.00 sys=0.00, real=0.00 secs] 
2020-10-28T09:49:05.891+0000: [GC (Allocation Failure) 2020-10-28T09:49:05.891+0000: [ParNew: 26692K->4K(30016K), 0.0031564 secs] 560759K->534071K(861272K), 0.0032169 secs] [Times: user=0.00 sys=0.00, real=0.01 secs] 
2020-10-28T09:49:05.917+0000: [GC (Allocation Failure) 2020-10-28T09:49:05.917+0000: [ParNew: 26692K->4K(30016K), 0.0030690 secs] 560759K->534071K(861272K), 0.0031293 secs] [Times: user=0.01 sys=0.00, real=0.00 secs] 
2020-10-28T09:49:05.943+0000: [GC (Allocation Failure) 2020-10-28T09:49:05.943+0000: [ParNew: 26692K->4K(30016K), 0.0030678 secs] 560759K->534071K(861272K), 0.0031300 secs] [Times: user=0.01 sys=0.00, real=0.00 secs] 
2020-10-28T09:49:05.970+0000: [GC (Allocation Failure) 2020-10-28T09:49:05.970+0000: [ParNew: 26692K->2K(30016K), 0.0054025 secs] 560759K->534069K(861272K), 0.0054591 secs] [Times: user=0.00 sys=0.00, real=0.01 secs] 
2020-10-28T09:49:06.001+0000: [GC (Allocation Failure) 2020-10-28T09:49:06.001+0000: [ParNew: 26690K->4K(30016K), 0.0030316 secs] 560757K->534071K(861272K), 0.0030902 secs] [Times: user=0.00 sys=0.00, real=0.00 secs] 
2020-10-28T09:49:06.029+0000: [GC (Allocation Failure) 2020-10-28T09:49:06.029+0000: [ParNew: 26692K->4K(30016K), 0.0030385 secs] 560759K->534071K(861272K), 0.0030980 secs] [Times: user=0.01 sys=0.00, real=0.00 secs] 
2020-10-28T09:49:06.057+0000: [GC (Allocation Failure) 2020-10-28T09:49:06.057+0000: [ParNew: 26692K->6K(30016K), 0.0030265 secs] 560759K->534073K(861272K), 0.0030858 secs] [Times: user=0.00 sys=0.00, real=0.00 secs] 
2020-10-28T09:49:06.083+0000: [GC (Allocation Failure) 2020-10-28T09:49:06.083+0000: [ParNew: 26694K->4K(30016K), 0.0030735 secs] 560761K->534071K(861272K), 0.0031323 secs] [Times: user=0.00 sys=0.00, real=0.00 secs] 
2020-10-28T09:49:06.113+0000: [GC (Allocation Failure) 2020-10-28T09:49:06.113+0000: [ParNew: 26692K->4K(30016K), 0.0030546 secs] 560759K->534071K(861272K), 0.0031133 secs] [Times: user=0.01 sys=0.00, real=0.01 secs] 
2020-10-28T09:49:06.140+0000: [GC (Allocation Failure) 2020-10-28T09:49:06.140+0000: [ParNew: 26692K->4K(30016K), 0.0030471 secs] 560759K->534071K(861272K), 0.0031063 secs] [Times: user=0.01 sys=0.00, real=0.01 secs] 
2020-10-28T09:49:06.166+0000: [GC (Allocation Failure) 2020-10-28T09:49:06.166+0000: [ParNew: 26692K->4K(30016K), 0.0030897 secs] 560759K->534071K(861272K), 0.0031499 secs] [Times: user=0.00 sys=0.00, real=0.00 secs] 
2020-10-28T09:49:06.192+0000: [GC (Allocation Failure) 2020-10-28T09:49:06.192+0000: [ParNew: 26692K->4K(30016K), 0.0030391 secs] 560759K->534071K(861272K), 0.0030969 secs] [Times: user=0.00 sys=0.00, real=0.01 secs] 
2020-10-28T09:49:06.218+0000: [GC (Allocation Failure) 2020-10-28T09:49:06.218+0000: [ParNew: 26692K->4K(30016K), 0.0036018 secs] 560759K->534071K(861272K), 0.0036646 secs] [Times: user=0.00 sys=0.00, real=0.01 secs] 
2020-10-28T09:49:06.245+0000: [GC (Allocation Failure) 2020-10-28T09:49:06.245+0000: [ParNew: 26692K->4K(30016K), 0.0030402 secs] 560759K->534071K(861272K), 0.0030979 secs] [Times: user=0.00 sys=0.00, real=0.00 secs] 
2020-10-28T09:49:06.271+0000: [GC (Allocation Failure) 2020-10-28T09:49:06.271+0000: [ParNew: 26692K->4K(30016K), 0.0030892 secs] 560759K->534071K(861272K), 0.0031557 secs] [Times: user=0.00 sys=0.00, real=0.01 secs] 
2020-10-28T09:49:06.297+0000: [GC (Allocation Failure) 2020-10-28T09:49:06.297+0000: [ParNew: 26692K->4K(30016K), 0.0030316 secs] 560759K->534071K(861272K), 0.0030883 secs] [Times: user=0.01 sys=0.00, real=0.00 secs] 
2020-10-28T09:49:06.325+0000: [GC (Allocation Failure) 2020-10-28T09:49:06.325+0000: [ParNew: 26692K->4K(30016K), 0.0030612 secs] 560759K->534071K(861272K), 0.0031204 secs] [Times: user=0.01 sys=0.00, real=0.00 secs] 
2020-10-28T09:49:06.357+0000: [GC (Allocation Failure) 2020-10-28T09:49:06.357+0000: [ParNew: 26692K->4K(30016K), 0.0030354 secs] 560759K->534071K(861272K), 0.0030948 secs] [Times: user=0.01 sys=0.00, real=0.00 secs] 
2020-10-28T09:49:06.385+0000: [GC (Allocation Failure) 2020-10-28T09:49:06.385+0000: [ParNew: 26692K->4K(30016K), 0.0030470 secs] 560759K->534071K(861272K), 0.0031054 secs] [Times: user=0.01 sys=0.00, real=0.00 secs] 
2020-10-28T09:49:06.413+0000: [GC (Allocation Failure) 2020-10-28T09:49:06.413+0000: [ParNew: 26692K->4K(30016K), 0.0030092 secs] 560759K->534071K(861272K), 0.0030677 secs] [Times: user=0.00 sys=0.00, real=0.00 secs] 
2020-10-28T09:49:06.439+0000: [GC (Allocation Failure) 2020-10-28T09:49:06.439+0000: [ParNew: 26692K->4K(30016K), 0.0030089 secs] 560759K->534071K(861272K), 0.0030641 secs] [Times: user=0.00 sys=0.00, real=0.01 secs] 
2020-10-28T09:49:06.469+0000: [GC (Allocation Failure) 2020-10-28T09:49:06.469+0000: [ParNew: 26692K->4K(30016K), 0.0030715 secs] 560759K->534071K(861272K), 0.0031306 secs] [Times: user=0.01 sys=0.00, real=0.00 secs] 
2020-10-28T09:49:06.495+0000: [GC (Allocation Failure) 2020-10-28T09:49:06.495+0000: [ParNew: 26692K->4K(30016K), 0.0030656 secs] 560759K->534071K(861272K), 0.0031263 secs] [Times: user=0.01 sys=0.00, real=0.00 secs] 
2020-10-28T09:49:06.525+0000: [GC (Allocation Failure) 2020-10-28T09:49:06.525+0000: [ParNew: 26692K->4K(30016K), 0.0030674 secs] 560759K->534071K(861272K), 0.0031274 secs] [Times: user=0.00 sys=0.00, real=0.00 secs] 
2020-10-28T09:49:06.553+0000: [GC (Allocation Failure) 2020-10-28T09:49:06.553+0000: [ParNew: 26692K->4K(30016K), 0.0030891 secs] 560759K->534071K(861272K), 0.0031489 secs] [Times: user=0.00 sys=0.00, real=0.00 secs] 
2020-10-28T09:49:06.579+0000: [GC (Allocation Failure) 2020-10-28T09:49:06.579+0000: [ParNew: 26692K->4K(30016K), 0.0030798 secs] 560759K->534071K(861272K), 0.0031385 secs] [Times: user=0.00 sys=0.00, real=0.01 secs] 
2020-10-28T09:49:06.609+0000: [GC (Allocation Failure) 2020-10-28T09:49:06.609+0000: [ParNew: 26692K->4K(30016K), 0.0032730 secs] 560759K->534071K(861272K), 0.0033332 secs] [Times: user=0.01 sys=0.00, real=0.00 secs] 
2020-10-28T09:49:06.635+0000: [GC (Allocation Failure) 2020-10-28T09:49:06.636+0000: [ParNew: 26692K->4K(30016K), 0.0030675 secs] 560759K->534071K(861272K), 0.0031289 secs] [Times: user=0.01 sys=0.00, real=0.00 secs] 
2020-10-28T09:49:06.665+0000: [GC (Allocation Failure) 2020-10-28T09:49:06.665+0000: [ParNew: 26692K->4K(30016K), 0.0030430 secs] 560759K->534071K(861272K), 0.0031033 secs] [Times: user=0.01 sys=0.00, real=0.00 secs] 
2020-10-28T09:49:06.692+0000: [GC (Allocation Failure) 2020-10-28T09:49:06.692+0000: [ParNew: 26692K->4K(30016K), 0.0030721 secs] 560759K->534071K(861272K), 0.0031336 secs] [Times: user=0.01 sys=0.00, real=0.01 secs] 
2020-10-28T09:49:06.737+0000: [GC (Allocation Failure) 2020-10-28T09:49:06.737+0000: [ParNew: 26692K->4K(30016K), 0.0030857 secs] 560759K->534071K(861272K), 0.0031730 secs] [Times: user=0.00 sys=0.00, real=0.00 secs] 
2020-10-28T09:49:06.793+0000: [GC (Allocation Failure) 2020-10-28T09:49:06.793+0000: [ParNew: 26692K->4K(30016K), 0.0030558 secs] 560759K->534071K(861272K), 0.0031380 secs] [Times: user=0.01 sys=0.00, real=0.01 secs] 
2020-10-28T09:49:06.839+0000: [GC (Allocation Failure) 2020-10-28T09:49:06.839+0000: [ParNew: 26692K->4K(30016K), 0.0030872 secs] 560759K->534071K(861272K), 0.0031492 secs] [Times: user=0.01 sys=0.00, real=0.01 secs] 
2020-10-28T09:49:06.865+0000: [GC (Allocation Failure) 2020-10-28T09:49:06.865+0000: [ParNew: 26692K->4K(30016K), 0.0030745 secs] 560759K->534071K(861272K), 0.0031338 secs] [Times: user=0.01 sys=0.00, real=0.00 secs] 
2020-10-28T09:49:06.893+0000: [GC (Allocation Failure) 2020-10-28T09:49:06.893+0000: [ParNew: 26692K->4K(30016K), 0.0030887 secs] 560759K->534071K(861272K), 0.0031483 secs] [Times: user=0.01 sys=0.00, real=0.00 secs] 
2020-10-28T09:49:06.921+0000: [GC (Allocation Failure) 2020-10-28T09:49:06.921+0000: [ParNew: 26692K->4K(30016K), 0.0030919 secs] 560759K->534071K(861272K), 0.0031519 secs] [Times: user=0.01 sys=0.00, real=0.00 secs] 
2020-10-28T09:49:06.964+0000: [GC (Allocation Failure) 2020-10-28T09:49:06.964+0000: [ParNew: 26692K->4K(30016K), 0.0031108 secs] 560759K->534071K(861272K), 0.0031924 secs] [Times: user=0.01 sys=0.00, real=0.00 secs] 
2020-10-28T09:49:06.993+0000: [GC (Allocation Failure) 2020-10-28T09:49:06.993+0000: [ParNew: 26692K->4K(30016K), 0.0030941 secs] 560759K->534071K(861272K), 0.0031679 secs] [Times: user=0.00 sys=0.00, real=0.01 secs] 
2020-10-28T09:49:07.021+0000: [GC (Allocation Failure) 2020-10-28T09:49:07.021+0000: [ParNew: 26692K->4K(30016K), 0.0045950 secs] 560759K->534071K(861272K), 0.0046547 secs] [Times: user=0.01 sys=0.00, real=0.00 secs] 
2020-10-28T09:49:07.049+0000: [GC (Allocation Failure) 2020-10-28T09:49:07.049+0000: [ParNew: 26692K->4K(30016K), 0.0030002 secs] 560759K->534071K(861272K), 0.0030585 secs] [Times: user=0.01 sys=0.00, real=0.00 secs] 
2020-10-28T09:49:07.077+0000: [GC (Allocation Failure) 2020-10-28T09:49:07.077+0000: [ParNew: 26692K->4K(30016K), 0.0030362 secs] 560759K->534071K(861272K), 0.0030930 secs] [Times: user=0.00 sys=0.00, real=0.00 secs] 
2020-10-28T09:49:07.103+0000: [GC (Allocation Failure) 2020-10-28T09:49:07.103+0000: [ParNew: 26692K->4K(30016K), 0.0030299 secs] 560759K->534071K(861272K), 0.0030875 secs] [Times: user=0.01 sys=0.00, real=0.00 secs] 
2020-10-28T09:49:07.129+0000: [GC (Allocation Failure) 2020-10-28T09:49:07.129+0000: [ParNew: 26692K->4K(30016K), 0.0030229 secs] 560759K->534071K(861272K), 0.0030980 secs] [Times: user=0.00 sys=0.00, real=0.00 secs] 
2020-10-28T09:49:07.155+0000: [GC (Allocation Failure) 2020-10-28T09:49:07.155+0000: [ParNew: 26692K->4K(30016K), 0.0030205 secs] 560759K->534071K(861272K), 0.0030773 secs] [Times: user=0.00 sys=0.00, real=0.00 secs] 
2020-10-28T09:49:07.181+0000: [GC (Allocation Failure) 2020-10-28T09:49:07.181+0000: [ParNew: 26692K->4K(30016K), 0.0030829 secs] 560759K->534071K(861272K), 0.0031409 secs] [Times: user=0.00 sys=0.00, real=0.00 secs] 
2020-10-28T09:49:07.209+0000: [GC (Allocation Failure) 2020-10-28T09:49:07.209+0000: [ParNew: 26692K->4K(30016K), 0.0030254 secs] 560759K->534071K(861272K), 0.0030849 secs] [Times: user=0.00 sys=0.00, real=0.00 secs] 
2020-10-28T09:49:07.237+0000: [GC (Allocation Failure) 2020-10-28T09:49:07.237+0000: [ParNew: 26692K->4K(30016K), 0.0029942 secs] 560759K->534071K(861272K), 0.0030513 secs] [Times: user=0.00 sys=0.00, real=0.00 secs] 
2020-10-28T09:49:07.265+0000: [GC (Allocation Failure) 2020-10-28T09:49:07.265+0000: [ParNew: 26692K->4K(30016K), 0.0030276 secs] 560759K->534071K(861272K), 0.0030854 secs] [Times: user=0.01 sys=0.00, real=0.00 secs] 
2020-10-28T09:49:07.291+0000: [GC (Allocation Failure) 2020-10-28T09:49:07.291+0000: [ParNew: 26692K->4K(30016K), 0.0030321 secs] 560759K->534071K(861272K), 0.0030884 secs] [Times: user=0.01 sys=0.00, real=0.01 secs] 
2020-10-28T09:49:07.321+0000: [GC (Allocation Failure) 2020-10-28T09:49:07.321+0000: [ParNew: 26692K->4K(30016K), 0.0029999 secs] 560759K->534071K(861272K), 0.0030553 secs] [Times: user=0.01 sys=0.00, real=0.01 secs] 
2020-10-28T09:49:07.349+0000: [GC (Allocation Failure) 2020-10-28T09:49:07.349+0000: [ParNew: 26692K->4K(30016K), 0.0030675 secs] 560759K->534071K(861272K), 0.0031332 secs] [Times: user=0.01 sys=0.00, real=0.00 secs] 
2020-10-28T09:49:07.377+0000: [GC (Allocation Failure) 2020-10-28T09:49:07.377+0000: [ParNew: 26692K->4K(30016K), 0.0029947 secs] 560759K->534071K(861272K), 0.0030500 secs] [Times: user=0.00 sys=0.00, real=0.00 secs] 
2020-10-28T09:49:07.403+0000: [GC (Allocation Failure) 2020-10-28T09:49:07.403+0000: [ParNew: 26692K->4K(30016K), 0.0030759 secs] 560759K->534071K(861272K), 0.0031337 secs] [Times: user=0.01 sys=0.00, real=0.00 secs] 
2020-10-28T09:49:07.429+0000: [GC (Allocation Failure) 2020-10-28T09:49:07.429+0000: [ParNew: 26692K->4K(30016K), 0.0030155 secs] 560759K->534071K(861272K), 0.0030727 secs] [Times: user=0.01 sys=0.00, real=0.00 secs] 
2020-10-28T09:49:07.457+0000: [GC (Allocation Failure) 2020-10-28T09:49:07.457+0000: [ParNew: 26692K->4K(30016K), 0.0030125 secs] 560759K->534071K(861272K), 0.0030703 secs] [Times: user=0.01 sys=0.00, real=0.00 secs] 
2020-10-28T09:49:07.489+0000: [GC (Allocation Failure) 2020-10-28T09:49:07.489+0000: [ParNew: 26692K->4K(30016K), 0.0030147 secs] 560759K->534071K(861272K), 0.0030730 secs] [Times: user=0.00 sys=0.00, real=0.00 secs] 
2020-10-28T09:49:07.517+0000: [GC (Allocation Failure) 2020-10-28T09:49:07.517+0000: [ParNew: 26692K->4K(30016K), 0.0029860 secs] 560759K->534071K(861272K), 0.0030412 secs] [Times: user=0.00 sys=0.00, real=0.00 secs] 
2020-10-28T09:49:07.543+0000: [GC (Allocation Failure) 2020-10-28T09:49:07.543+0000: [ParNew: 26692K->4K(30016K), 0.0030456 secs] 560759K->534071K(861272K), 0.0031026 secs] [Times: user=0.00 sys=0.00, real=0.00 secs] 
2020-10-28T09:49:07.569+0000: [GC (Allocation Failure) 2020-10-28T09:49:07.569+0000: [ParNew: 26692K->4K(30016K), 0.0030249 secs] 560759K->534071K(861272K), 0.0030861 secs] [Times: user=0.00 sys=0.00, real=0.00 secs] 
2020-10-28T09:49:07.595+0000: [GC (Allocation Failure) 2020-10-28T09:49:07.595+0000: [ParNew: 26692K->4K(30016K), 0.0030363 secs] 560759K->534071K(861272K), 0.0030939 secs] [Times: user=0.01 sys=0.00, real=0.00 secs] 
2020-10-28T09:49:07.623+0000: [GC (Allocation Failure) 2020-10-28T09:49:07.623+0000: [ParNew: 26692K->4K(30016K), 0.0030556 secs] 560759K->534071K(861272K), 0.0031333 secs] [Times: user=0.00 sys=0.00, real=0.00 secs] 
2020-10-28T09:49:07.650+0000: [GC (Allocation Failure) 2020-10-28T09:49:07.650+0000: [ParNew: 26692K->4K(30016K), 0.0030383 secs] 560759K->534071K(861272K), 0.0030977 secs] [Times: user=0.01 sys=0.00, real=0.01 secs] 
2020-10-28T09:49:07.677+0000: [GC (Allocation Failure) 2020-10-28T09:49:07.677+0000: [ParNew: 26692K->4K(30016K), 0.0033467 secs] 560759K->534071K(861272K), 0.0034155 secs] [Times: user=0.00 sys=0.00, real=0.00 secs] 
2020-10-28T09:49:07.705+0000: [GC (Allocation Failure) 2020-10-28T09:49:07.705+0000: [ParNew: 26692K->4K(30016K), 0.0030083 secs] 560759K->534071K(861272K), 0.0030647 secs] [Times: user=0.01 sys=0.00, real=0.00 secs] 
2020-10-28T09:49:07.731+0000: [GC (Allocation Failure) 2020-10-28T09:49:07.731+0000: [ParNew: 26692K->4K(30016K), 0.0030694 secs] 560759K->534071K(861272K), 0.0031279 secs] [Times: user=0.00 sys=0.00, real=0.01 secs] 
2020-10-28T09:49:07.757+0000: [GC (Allocation Failure) 2020-10-28T09:49:07.757+0000: [ParNew: 26692K->4K(30016K), 0.0030354 secs] 560759K->534071K(861272K), 0.0030929 secs] [Times: user=0.01 sys=0.00, real=0.00 secs] 
2020-10-28T09:49:07.783+0000: [GC (Allocation Failure) 2020-10-28T09:49:07.783+0000: [ParNew: 26692K->4K(30016K), 0.0030467 secs] 560759K->534072K(861272K), 0.0031053 secs] [Times: user=0.01 sys=0.00, real=0.00 secs] 
2020-10-28T09:49:07.809+0000: [GC (Allocation Failure) 2020-10-28T09:49:07.809+0000: [ParNew: 26692K->4K(30016K), 0.0030593 secs] 560760K->534072K(861272K), 0.0031191 secs] [Times: user=0.00 sys=0.00, real=0.00 secs] 
2020-10-28T09:49:07.837+0000: [GC (Allocation Failure) 2020-10-28T09:49:07.837+0000: [ParNew: 26692K->4K(30016K), 0.0030199 secs] 560760K->534072K(861272K), 0.0030781 secs] [Times: user=0.00 sys=0.00, real=0.00 secs] 
2020-10-28T09:49:07.863+0000: [GC (Allocation Failure) 2020-10-28T09:49:07.863+0000: [ParNew: 26692K->4K(30016K), 0.0030574 secs] 560760K->534072K(861272K), 0.0031159 secs] [Times: user=0.01 sys=0.00, real=0.00 secs] 
2020-10-28T09:49:07.893+0000: [GC (Allocation Failure) 2020-10-28T09:49:07.893+0000: [ParNew: 26692K->4K(30016K), 0.0030168 secs] 560760K->534072K(861272K), 0.0030743 secs] [Times: user=0.01 sys=0.00, real=0.01 secs] 
2020-10-28T09:49:07.921+0000: [GC (Allocation Failure) 2020-10-28T09:49:07.921+0000: [ParNew: 26692K->4K(30016K), 0.0030383 secs] 560760K->534072K(861272K), 0.0030969 secs] [Times: user=0.01 sys=0.00, real=0.00 secs] 
2020-10-28T09:49:07.949+0000: [GC (Allocation Failure) 2020-10-28T09:49:07.949+0000: [ParNew: 26692K->4K(30016K), 0.0030199 secs] 560760K->534072K(861272K), 0.0030785 secs] [Times: user=0.01 sys=0.00, real=0.00 secs] 
2020-10-28T09:49:07.977+0000: [GC (Allocation Failure) 2020-10-28T09:49:07.977+0000: [ParNew: 26692K->4K(30016K), 0.0030103 secs] 560760K->534072K(861272K), 0.0030694 secs] [Times: user=0.00 sys=0.00, real=0.00 secs] 
2020-10-28T09:49:08.003+0000: [GC (Allocation Failure) 2020-10-28T09:49:08.003+0000: [ParNew: 26692K->4K(30016K), 0.0030474 secs] 560760K->534072K(861272K), 0.0031064 secs] [Times: user=0.01 sys=0.00, real=0.00 secs] 
2020-10-28T09:49:08.029+0000: [GC (Allocation Failure) 2020-10-28T09:49:08.029+0000: [ParNew: 26692K->4K(30016K), 0.0030336 secs] 560760K->534072K(861272K), 0.0031008 secs] [Times: user=0.01 sys=0.00, real=0.00 secs] 
2020-10-28T09:49:08.055+0000: [GC (Allocation Failure) 2020-10-28T09:49:08.055+0000: [ParNew: 26692K->4K(30016K), 0.0030464 secs] 560760K->534072K(861272K), 0.0031047 secs] [Times: user=0.01 sys=0.00, real=0.00 secs] 
2020-10-28T09:49:08.081+0000: [GC (Allocation Failure) 2020-10-28T09:49:08.081+0000: [ParNew: 26692K->4K(30016K), 0.0030804 secs] 560760K->534072K(861272K), 0.0031388 secs] [Times: user=0.00 sys=0.00, real=0.01 secs] 
2020-10-28T09:49:08.107+0000: [GC (Allocation Failure) 2020-10-28T09:49:08.107+0000: [ParNew: 26692K->4K(30016K), 0.0030575 secs] 560760K->534072K(861272K), 0.0031157 secs] [Times: user=0.00 sys=0.00, real=0.00 secs] 
2020-10-28T09:49:08.133+0000: [GC (Allocation Failure) 2020-10-28T09:49:08.133+0000: [ParNew: 26692K->4K(30016K), 0.0030297 secs] 560760K->534072K(861272K), 0.0030947 secs] [Times: user=0.00 sys=0.00, real=0.01 secs] 
2020-10-28T09:49:08.161+0000: [GC (Allocation Failure) 2020-10-28T09:49:08.161+0000: [ParNew: 26692K->4K(30016K), 0.0030315 secs] 560760K->534072K(861272K), 0.0030886 secs] [Times: user=0.01 sys=0.00, real=0.00 secs] 
2020-10-28T09:49:08.187+0000: [GC (Allocation Failure) 2020-10-28T09:49:08.187+0000: [ParNew: 26692K->4K(30016K), 0.0030296 secs] 560760K->534072K(861272K), 0.0030892 secs] [Times: user=0.01 sys=0.00, real=0.00 secs] 
2020-10-28T09:49:08.217+0000: [GC (Allocation Failure) 2020-10-28T09:49:08.217+0000: [ParNew: 26692K->4K(30016K), 0.0030422 secs] 560760K->534072K(861272K), 0.0031008 secs] [Times: user=0.00 sys=0.00, real=0.00 secs] 
2020-10-28T09:49:08.250+0000: [GC (Allocation Failure) 2020-10-28T09:49:08.250+0000: [ParNew: 26692K->4K(30016K), 0.0030240 secs] 560760K->534072K(861272K), 0.0031122 secs] [Times: user=0.01 sys=0.00, real=0.00 secs] 
2020-10-28T09:49:08.285+0000: [GC (Allocation Failure) 2020-10-28T09:49:08.285+0000: [ParNew: 26692K->4K(30016K), 0.0130542 secs] 560760K->534072K(861272K), 0.0131343 secs] [Times: user=0.01 sys=0.00, real=0.01 secs] 
2020-10-28T09:49:08.328+0000: [GC (Allocation Failure) 2020-10-28T09:49:08.328+0000: [ParNew: 26692K->4K(30016K), 0.0030323 secs] 560760K->534072K(861272K), 0.0030909 secs] [Times: user=0.01 sys=0.00, real=0.00 secs] 
2020-10-28T09:49:08.357+0000: [GC (Allocation Failure) 2020-10-28T09:49:08.357+0000: [ParNew: 26692K->4K(30016K), 0.0030301 secs] 560760K->534072K(861272K), 0.0030896 secs] [Times: user=0.01 sys=0.00, real=0.00 secs] 
2020-10-28T09:49:08.385+0000: [GC (Allocation Failure) 2020-10-28T09:49:08.385+0000: [ParNew: 26692K->4K(30016K), 0.0030678 secs] 560760K->534072K(861272K), 0.0031281 secs] [Times: user=0.00 sys=0.00, real=0.00 secs] 
2020-10-28T09:49:08.411+0000: [GC (Allocation Failure) 2020-10-28T09:49:08.411+0000: [ParNew: 26692K->4K(30016K), 0.0044574 secs] 560760K->534072K(861272K), 0.0045239 secs] [Times: user=0.01 sys=0.00, real=0.01 secs] 
2020-10-28T09:49:08.438+0000: [GC (Allocation Failure) 2020-10-28T09:49:08.438+0000: [ParNew: 26692K->4K(30016K), 0.0029991 secs] 560760K->534072K(861272K), 0.0030575 secs] [Times: user=0.00 sys=0.00, real=0.00 secs] 
2020-10-28T09:49:08.468+0000: [GC (Allocation Failure) 2020-10-28T09:49:08.468+0000: [ParNew: 26692K->4K(30016K), 0.0030172 secs] 560760K->534072K(861272K), 0.0030759 secs] [Times: user=0.01 sys=0.00, real=0.00 secs] 
2020-10-28T09:49:08.497+0000: [GC (Allocation Failure) 2020-10-28T09:49:08.497+0000: [ParNew: 26692K->4K(30016K), 0.0030098 secs] 560760K->534072K(861272K), 0.0030682 secs] [Times: user=0.01 sys=0.00, real=0.00 secs] 
2020-10-28T09:49:08.525+0000: [GC (Allocation Failure) 2020-10-28T09:49:08.525+0000: [ParNew: 26692K->4K(30016K), 0.0030080 secs] 560760K->534072K(861272K), 0.0030657 secs] [Times: user=0.00 sys=0.00, real=0.00 secs] 
2020-10-28T09:49:08.553+0000: [GC (Allocation Failure) 2020-10-28T09:49:08.553+0000: [ParNew: 26692K->4K(30016K), 0.0030676 secs] 560760K->534072K(861272K), 0.0031257 secs] [Times: user=0.01 sys=0.00, real=0.00 secs] 
2020-10-28T09:49:08.581+0000: [GC (Allocation Failure) 2020-10-28T09:49:08.581+0000: [ParNew: 26692K->4K(30016K), 0.0030315 secs] 560760K->534072K(861272K), 0.0030902 secs] [Times: user=0.01 sys=0.00, real=0.00 secs] 
2020-10-28T09:49:08.607+0000: [GC (Allocation Failure) 2020-10-28T09:49:08.607+0000: [ParNew: 26692K->4K(30016K), 0.0030558 secs] 560760K->534072K(861272K), 0.0031142 secs] [Times: user=0.00 sys=0.00, real=0.00 secs] 
2020-10-28T09:49:08.633+0000: [GC (Allocation Failure) 2020-10-28T09:49:08.633+0000: [ParNew: 26692K->4K(30016K), 0.0030982 secs] 560760K->534072K(861272K), 0.0031574 secs] [Times: user=0.01 sys=0.00, real=0.01 secs] 
2020-10-28T09:49:08.659+0000: [GC (Allocation Failure) 2020-10-28T09:49:08.659+0000: [ParNew: 26692K->4K(30016K), 0.0030294 secs] 560760K->534072K(861272K), 0.0030878 secs] [Times: user=0.00 sys=0.00, real=0.01 secs] 
2020-10-28T09:49:08.689+0000: [GC (Allocation Failure) 2020-10-28T09:49:08.689+0000: [ParNew: 26692K->4K(30016K), 0.0030520 secs] 560760K->534072K(861272K), 0.0031116 secs] [Times: user=0.00 sys=0.00, real=0.00 secs] 
2020-10-28T09:49:08.717+0000: [GC (Allocation Failure) 2020-10-28T09:49:08.717+0000: [ParNew: 26692K->4K(30016K), 0.0030238 secs] 560760K->534072K(861272K), 0.0030829 secs] [Times: user=0.00 sys=0.00, real=0.00 secs] 
2020-10-28T09:49:08.743+0000: [GC (Allocation Failure) 2020-10-28T09:49:08.743+0000: [ParNew: 26692K->4K(30016K), 0.0031163 secs] 560760K->534072K(861272K), 0.0031753 secs] [Times: user=0.01 sys=0.00, real=0.00 secs] 
2020-10-28T09:49:08.772+0000: [GC (Allocation Failure) 2020-10-28T09:49:08.772+0000: [ParNew: 26692K->4K(30016K), 0.0031139 secs] 560760K->534072K(861272K), 0.0031718 secs] [Times: user=0.00 sys=0.00, real=0.01 secs] 
2020-10-28T09:49:08.799+0000: [GC (Allocation Failure) 2020-10-28T09:49:08.799+0000: [ParNew: 26692K->4K(30016K), 0.0030851 secs] 560760K->534072K(861272K), 0.0031438 secs] [Times: user=0.00 sys=0.00, real=0.01 secs] 
2020-10-28T09:49:08.825+0000: [GC (Allocation Failure) 2020-10-28T09:49:08.825+0000: [ParNew: 26692K->4K(30016K), 0.0030327 secs] 560760K->534072K(861272K), 0.0030905 secs] [Times: user=0.00 sys=0.00, real=0.00 secs] 
2020-10-28T09:49:08.851+0000: [GC (Allocation Failure) 2020-10-28T09:49:08.851+0000: [ParNew: 26692K->4K(30016K), 0.0030566 secs] 560760K->534072K(861272K), 0.0031143 secs] [Times: user=0.00 sys=0.00, real=0.01 secs] 
2020-10-28T09:49:08.877+0000: [GC (Allocation Failure) 2020-10-28T09:49:08.877+0000: [ParNew: 26692K->4K(30016K), 0.0030411 secs] 560760K->534072K(861272K), 0.0030994 secs] [Times: user=0.01 sys=0.00, real=0.00 secs] 
2020-10-28T09:49:08.905+0000: [GC (Allocation Failure) 2020-10-28T09:49:08.905+0000: [ParNew: 26692K->4K(30016K), 0.0030867 secs] 560760K->534072K(861272K), 0.0031428 secs] [Times: user=0.01 sys=0.00, real=0.00 secs] 
2020-10-28T09:49:08.931+0000: [GC (Allocation Failure) 2020-10-28T09:49:08.931+0000: [ParNew: 26692K->4K(30016K), 0.0030091 secs] 560760K->534072K(861272K), 0.0030670 secs] [Times: user=0.00 sys=0.00, real=0.01 secs] 
2020-10-28T09:49:08.957+0000: [GC (Allocation Failure) 2020-10-28T09:49:08.957+0000: [ParNew: 26692K->4K(30016K), 0.0030191 secs] 560760K->534072K(861272K), 0.0030760 secs] [Times: user=0.01 sys=0.00, real=0.00 secs] 
2020-10-28T09:49:08.985+0000: [GC (Allocation Failure) 2020-10-28T09:49:08.985+0000: [ParNew: 26692K->4K(30016K), 0.0030039 secs] 560760K->534072K(861272K), 0.0030625 secs] [Times: user=0.01 sys=0.00, real=0.00 secs] 
2020-10-28T09:49:09.011+0000: [GC (Allocation Failure) 2020-10-28T09:49:09.011+0000: [ParNew: 26692K->4K(30016K), 0.0029998 secs] 560760K->534072K(861272K), 0.0030558 secs] [Times: user=0.01 sys=0.00, real=0.01 secs] 
2020-10-28T09:49:09.040+0000: [GC (Allocation Failure) 2020-10-28T09:49:09.040+0000: [ParNew: 26692K->4K(30016K), 0.0030176 secs] 560760K->534072K(861272K), 0.0030762 secs] [Times: user=0.00 sys=0.00, real=0.01 secs] 
2020-10-28T09:49:09.067+0000: [GC (Allocation Failure) 2020-10-28T09:49:09.067+0000: [ParNew: 26692K->4K(30016K), 0.0030019 secs] 560760K->534072K(861272K), 0.0030671 secs] [Times: user=0.01 sys=0.00, real=0.00 secs] 
2020-10-28T09:49:09.093+0000: [GC (Allocation Failure) 2020-10-28T09:49:09.093+0000: [ParNew: 26692K->4K(30016K), 0.0029949 secs] 560760K->534072K(861272K), 0.0030524 secs] [Times: user=0.01 sys=0.01, real=0.01 secs] 
2020-10-28T09:49:09.121+0000: [GC (Allocation Failure) 2020-10-28T09:49:09.121+0000: [ParNew: 26572K->4K(30016K), 0.0030394 secs] 560641K->534072K(861272K), 0.0030958 secs] [Times: user=0.00 sys=0.00, real=0.00 secs] 
2020-10-28T09:49:09.151+0000: [GC (Allocation Failure) 2020-10-28T09:49:09.151+0000: [ParNew: 26692K->4K(30016K), 0.0030081 secs] 560760K->534072K(861272K), 0.0030642 secs] [Times: user=0.01 sys=0.00, real=0.01 secs] 
2020-10-28T09:49:09.180+0000: [GC (Allocation Failure) 2020-10-28T09:49:09.180+0000: [ParNew: 26692K->4K(30016K), 0.0029997 secs] 560760K->534072K(861272K), 0.0030555 secs] [Times: user=0.01 sys=0.00, real=0.01 secs] 
2020-10-28T09:49:09.209+0000: [GC (Allocation Failure) 2020-10-28T09:49:09.209+0000: [ParNew: 26692K->4K(30016K), 0.0030189 secs] 560760K->534072K(861272K), 0.0030774 secs] [Times: user=0.01 sys=0.00, real=0.00 secs] 
2020-10-28T09:49:09.235+0000: [GC (Allocation Failure) 2020-10-28T09:49:09.235+0000: [ParNew: 26692K->4K(30016K), 0.0030541 secs] 560760K->534072K(861272K), 0.0031142 secs] [Times: user=0.01 sys=0.00, real=0.00 secs] 
2020-10-28T09:49:09.261+0000: [GC (Allocation Failure) 2020-10-28T09:49:09.261+0000: [ParNew: 26692K->4K(30016K), 0.0030736 secs] 560760K->534072K(861272K), 0.0031310 secs] [Times: user=0.01 sys=0.00, real=0.01 secs] 
2020-10-28T09:49:09.287+0000: [GC (Allocation Failure) 2020-10-28T09:49:09.287+0000: [ParNew: 26692K->4K(30016K), 0.0030310 secs] 560760K->534072K(861272K), 0.0030928 secs] [Times: user=0.01 sys=0.00, real=0.00 secs] 
2020-10-28T09:49:09.313+0000: [GC (Allocation Failure) 2020-10-28T09:49:09.313+0000: [ParNew: 26692K->4K(30016K), 0.0029866 secs] 560760K->534072K(861272K), 0.0030421 secs] [Times: user=0.01 sys=0.00, real=0.01 secs] 
2020-10-28T09:49:09.338+0000: [GC (Allocation Failure) 2020-10-28T09:49:09.339+0000: [ParNew: 26692K->4K(30016K), 0.0030204 secs] 560760K->534072K(861272K), 0.0030778 secs] [Times: user=0.01 sys=0.00, real=0.01 secs] 
2020-10-28T09:49:09.365+0000: [GC (Allocation Failure) 2020-10-28T09:49:09.365+0000: [ParNew: 26692K->4K(30016K), 0.0030387 secs] 560760K->534072K(861272K), 0.0030957 secs] [Times: user=0.01 sys=0.00, real=0.00 secs] 
2020-10-28T09:49:09.391+0000: [GC (Allocation Failure) 2020-10-28T09:49:09.391+0000: [ParNew: 26692K->4K(30016K), 0.0030435 secs] 560760K->534072K(861272K), 0.0031006 secs] [Times: user=0.01 sys=0.00, real=0.01 secs] 
2020-10-28T09:49:09.417+0000: [GC (Allocation Failure) 2020-10-28T09:49:09.417+0000: [ParNew: 26692K->4K(30016K), 0.0030634 secs] 560760K->534072K(861272K), 0.0031223 secs] [Times: user=0.00 sys=0.00, real=0.00 secs] 
2020-10-28T09:49:09.445+0000: [GC (Allocation Failure) 2020-10-28T09:49:09.445+0000: [ParNew: 26692K->4K(30016K), 0.0030762 secs] 560760K->534072K(861272K), 0.0031365 secs] [Times: user=0.00 sys=0.00, real=0.00 secs] 
2020-10-28T09:49:09.473+0000: [GC (Allocation Failure) 2020-10-28T09:49:09.473+0000: [ParNew: 26692K->4K(30016K), 0.0030370 secs] 560760K->534072K(861272K), 0.0030950 secs] [Times: user=0.01 sys=0.00, real=0.00 secs] 
2020-10-28T09:49:09.501+0000: [GC (Allocation Failure) 2020-10-28T09:49:09.501+0000: [ParNew: 26692K->4K(30016K), 0.0036887 secs] 560760K->534072K(861272K), 0.0037471 secs] [Times: user=0.01 sys=0.00, real=0.00 secs] 
2020-10-28T09:49:09.528+0000: [GC (Allocation Failure) 2020-10-28T09:49:09.528+0000: [ParNew: 26692K->4K(30016K), 0.0030591 secs] 560760K->534072K(861272K), 0.0031189 secs] [Times: user=0.01 sys=0.00, real=0.00 secs] 
2020-10-28T09:49:09.557+0000: [GC (Allocation Failure) 2020-10-28T09:49:09.557+0000: [ParNew: 26692K->4K(30016K), 0.0030187 secs] 560760K->534072K(861272K), 0.0030758 secs] [Times: user=0.00 sys=0.00, real=0.00 secs] 
2020-10-28T09:49:09.585+0000: [GC (Allocation Failure) 2020-10-28T09:49:09.585+0000: [ParNew: 26692K->4K(30016K), 0.0030332 secs] 560760K->534072K(861272K), 0.0030926 secs] [Times: user=0.00 sys=0.00, real=0.00 secs] 
2020-10-28T09:49:09.611+0000: [GC (Allocation Failure) 2020-10-28T09:49:09.611+0000: [ParNew: 26692K->4K(30016K), 0.0030465 secs] 560760K->534072K(861272K), 0.0031056 secs] [Times: user=0.01 sys=0.00, real=0.01 secs] 
2020-10-28T09:49:09.637+0000: [GC (Allocation Failure) 2020-10-28T09:49:09.637+0000: [ParNew: 26692K->4K(30016K), 0.0030344 secs] 560760K->534072K(861272K), 0.0030922 secs] [Times: user=0.01 sys=0.00, real=0.00 secs] 
2020-10-28T09:49:09.665+0000: [GC (Allocation Failure) 2020-10-28T09:49:09.665+0000: [ParNew: 26692K->4K(30016K), 0.0029944 secs] 560760K->534072K(861272K), 0.0030509 secs] [Times: user=0.01 sys=0.00, real=0.00 secs] 
2020-10-28T09:49:09.693+0000: [GC (Allocation Failure) 2020-10-28T09:49:09.693+0000: [ParNew: 26692K->4K(30016K), 0.0030629 secs] 560760K->534072K(861272K), 0.0031219 secs] [Times: user=0.01 sys=0.00, real=0.00 secs] 
2020-10-28T09:49:09.721+0000: [GC (Allocation Failure) 2020-10-28T09:49:09.721+0000: [ParNew: 26692K->4K(30016K), 0.0030322 secs] 560760K->534072K(861272K), 0.0030908 secs] [Times: user=0.01 sys=0.00, real=0.00 secs] 
2020-10-28T09:49:09.749+0000: [GC (Allocation Failure) 2020-10-28T09:49:09.749+0000: [ParNew: 26692K->4K(30016K), 0.0029814 secs] 560760K->534072K(861272K), 0.0030383 secs] [Times: user=0.00 sys=0.00, real=0.00 secs] 
2020-10-28T09:49:09.775+0000: [GC (Allocation Failure) 2020-10-28T09:49:09.775+0000: [ParNew: 26692K->4K(30016K), 0.0031007 secs] 560760K->534073K(861272K), 0.0031581 secs] [Times: user=0.01 sys=0.00, real=0.00 secs] 
2020-10-28T09:49:09.802+0000: [GC (Allocation Failure) 2020-10-28T09:49:09.802+0000: [ParNew: 26692K->4K(30016K), 0.0029737 secs] 560761K->534073K(861272K), 0.0030306 secs] [Times: user=0.01 sys=0.00, real=0.00 secs] 
2020-10-28T09:49:09.829+0000: [GC (Allocation Failure) 2020-10-28T09:49:09.829+0000: [ParNew: 26692K->4K(30016K), 0.0029375 secs] 560761K->534073K(861272K), 0.0029922 secs] [Times: user=0.01 sys=0.00, real=0.00 secs] 
2020-10-28T09:49:09.857+0000: [GC (Allocation Failure) 2020-10-28T09:49:09.857+0000: [ParNew: 26692K->4K(30016K), 0.0029433 secs] 560761K->534073K(861272K), 0.0029981 secs] [Times: user=0.00 sys=0.00, real=0.00 secs] 
2020-10-28T09:49:09.885+0000: [GC (Allocation Failure) 2020-10-28T09:49:09.885+0000: [ParNew: 26692K->4K(30016K), 0.0030072 secs] 560761K->534073K(861272K), 0.0030578 secs] [Times: user=0.00 sys=0.00, real=0.00 secs] 
2020-10-28T09:49:09.913+0000: [GC (Allocation Failure) 2020-10-28T09:49:09.913+0000: [ParNew: 26692K->4K(30016K), 0.0029862 secs] 560761K->534073K(861272K), 0.0030369 secs] [Times: user=0.01 sys=0.00, real=0.00 secs] 
2020-10-28T09:49:09.941+0000: [GC (Allocation Failure) 2020-10-28T09:49:09.941+0000: [ParNew: 26692K->4K(30016K), 0.0029877 secs] 560761K->534073K(861272K), 0.0030477 secs] [Times: user=0.00 sys=0.00, real=0.00 secs] 
2020-10-28T09:49:09.990+0000: [GC (Allocation Failure) 2020-10-28T09:49:09.990+0000: [ParNew: 26692K->4K(30016K), 0.0030502 secs] 560761K->534073K(861272K), 0.0031295 secs] [Times: user=0.00 sys=0.00, real=0.00 secs] 
2020-10-28T09:49:10.039+0000: [GC (Allocation Failure) 2020-10-28T09:49:10.039+0000: [ParNew: 26692K->4K(30016K), 0.0030621 secs] 560761K->534073K(861272K), 0.0031397 secs] [Times: user=0.01 sys=0.00, real=0.01 secs] 
2020-10-28T09:49:10.073+0000: [GC (Allocation Failure) 2020-10-28T09:49:10.073+0000: [ParNew: 26692K->4K(30016K), 0.0030239 secs] 560761K->534073K(861272K), 0.0031019 secs] [Times: user=0.01 sys=0.00, real=0.00 secs] 
2020-10-28T09:49:10.109+0000: [GC (Allocation Failure) 2020-10-28T09:49:10.109+0000: [ParNew: 26692K->4K(30016K), 0.0030246 secs] 560761K->534073K(861272K), 0.0031023 secs] [Times: user=0.00 sys=0.00, real=0.00 secs] 
2020-10-28T09:49:10.139+0000: [GC (Allocation Failure) 2020-10-28T09:49:10.139+0000: [ParNew: 26692K->4K(30016K), 0.0030736 secs] 560761K->534073K(861272K), 0.0031306 secs] [Times: user=0.00 sys=0.00, real=0.01 secs] 
2020-10-28T09:49:10.165+0000: [GC (Allocation Failure) 2020-10-28T09:49:10.165+0000: [ParNew: 26692K->4K(30016K), 0.0030449 secs] 560761K->534073K(861272K), 0.0031079 secs] [Times: user=0.01 sys=0.00, real=0.00 secs] 
2020-10-28T09:49:10.191+0000: [GC (Allocation Failure) 2020-10-28T09:49:10.191+0000: [ParNew: 26692K->4K(30016K), 0.0030427 secs] 560761K->534073K(861272K), 0.0031013 secs] [Times: user=0.00 sys=0.00, real=0.01 secs] 
2020-10-28T09:49:10.217+0000: [GC (Allocation Failure) 2020-10-28T09:49:10.217+0000: [ParNew: 26692K->4K(30016K), 0.0030341 secs] 560761K->534073K(861272K), 0.0030910 secs] [Times: user=0.00 sys=0.00, real=0.00 secs] 
2020-10-28T09:49:10.243+0000: [GC (Allocation Failure) 2020-10-28T09:49:10.243+0000: [ParNew: 26692K->4K(30016K), 0.0030352 secs] 560761K->534073K(861272K), 0.0030908 secs] [Times: user=0.00 sys=0.00, real=0.00 secs] 
2020-10-28T09:49:10.269+0000: [GC (Allocation Failure) 2020-10-28T09:49:10.269+0000: [ParNew: 26692K->4K(30016K), 0.0030964 secs] 560761K->534073K(861272K), 0.0031563 secs] [Times: user=0.01 sys=0.01, real=0.00 secs] 
2020-10-28T09:49:10.297+0000: [GC (Allocation Failure) 2020-10-28T09:49:10.297+0000: [ParNew: 26692K->4K(30016K), 0.0030548 secs] 560761K->534073K(861272K), 0.0031149 secs] [Times: user=0.01 sys=0.00, real=0.00 secs] 
2020-10-28T09:49:10.323+0000: [GC (Allocation Failure) 2020-10-28T09:49:10.323+0000: [ParNew: 26692K->4K(30016K), 0.0030610 secs] 560761K->534073K(861272K), 0.0031198 secs] [Times: user=0.01 sys=0.00, real=0.00 secs] 
2020-10-28T09:49:10.349+0000: [GC (Allocation Failure) 2020-10-28T09:49:10.349+0000: [ParNew: 26692K->4K(30016K), 0.0030423 secs] 560761K->534073K(861272K), 0.0031013 secs] [Times: user=0.01 sys=0.00, real=0.00 secs] 
2020-10-28T09:49:10.377+0000: [GC (Allocation Failure) 2020-10-28T09:49:10.377+0000: [ParNew: 26692K->4K(30016K), 0.0030220 secs] 560761K->534073K(861272K), 0.0030796 secs] [Times: user=0.01 sys=0.00, real=0.00 secs] 
2020-10-28T09:49:10.410+0000: [GC (Allocation Failure) 2020-10-28T09:49:10.410+0000: [ParNew: 26692K->8K(30016K), 0.0030626 secs] 560761K->534077K(861272K), 0.0031223 secs] [Times: user=0.00 sys=0.00, real=0.01 secs] 
2020-10-28T09:49:10.437+0000: [GC (Allocation Failure) 2020-10-28T09:49:10.437+0000: [ParNew: 26696K->8K(30016K), 0.0031006 secs] 560765K->534077K(861272K), 0.0031716 secs] [Times: user=0.00 sys=0.00, real=0.00 secs] 
2020-10-28T09:49:10.463+0000: [GC (Allocation Failure) 2020-10-28T09:49:10.463+0000: [ParNew: 26696K->7K(30016K), 0.0030703 secs] 560765K->534076K(861272K), 0.0031455 secs] [Times: user=0.00 sys=0.00, real=0.00 secs] 
2020-10-28T09:49:10.489+0000: [GC (Allocation Failure) 2020-10-28T09:49:10.489+0000: [ParNew: 26695K->7K(30016K), 0.0030546 secs] 560764K->534076K(861272K), 0.0031139 secs] [Times: user=0.00 sys=0.00, real=0.00 secs] 
2020-10-28T09:49:10.515+0000: [GC (Allocation Failure) 2020-10-28T09:49:10.515+0000: [ParNew: 26695K->7K(30016K), 0.0030444 secs] 560764K->534076K(861272K), 0.0031030 secs] [Times: user=0.00 sys=0.00, real=0.00 secs] 
2020-10-28T09:49:10.545+0000: [GC (Allocation Failure) 2020-10-28T09:49:10.545+0000: [ParNew: 26695K->7K(30016K), 0.0030401 secs] 560764K->534076K(861272K), 0.0030984 secs] [Times: user=0.01 sys=0.00, real=0.00 secs] 
2020-10-28T09:49:10.571+0000: [GC (Allocation Failure) 2020-10-28T09:49:10.571+0000: [ParNew: 26695K->5K(30016K), 0.0035581 secs] 560764K->534077K(861272K), 0.0036186 secs] [Times: user=0.01 sys=0.00, real=0.01 secs] 
2020-10-28T09:49:10.601+0000: [GC (Allocation Failure) 2020-10-28T09:49:10.601+0000: [ParNew: 26693K->4K(30016K), 0.0030687 secs] 560765K->534076K(861272K), 0.0031282 secs] [Times: user=0.00 sys=0.00, real=0.00 secs] 
2020-10-28T09:49:10.629+0000: [GC (Allocation Failure) 2020-10-28T09:49:10.629+0000: [ParNew: 26692K->4K(30016K), 0.0030405 secs] 560764K->534076K(861272K), 0.0030991 secs] [Times: user=0.00 sys=0.00, real=0.00 secs] 
2020-10-28T09:49:10.657+0000: [GC (Allocation Failure) 2020-10-28T09:49:10.657+0000: [ParNew: 26692K->4K(30016K), 0.0030835 secs] 560764K->534076K(861272K), 0.0031423 secs] [Times: user=0.01 sys=0.00, real=0.00 secs] 
2020-10-28T09:49:10.684+0000: [GC (Allocation Failure) 2020-10-28T09:49:10.684+0000: [ParNew: 26692K->4K(30016K), 0.0030835 secs] 560764K->534076K(861272K), 0.0031530 secs] [Times: user=0.00 sys=0.00, real=0.00 secs] 
2020-10-28T09:49:10.710+0000: [GC (Allocation Failure) 2020-10-28T09:49:10.710+0000: [ParNew: 26692K->4K(30016K), 0.0030376 secs] 560764K->534076K(861272K), 0.0030963 secs] [Times: user=0.00 sys=0.00, real=0.00 secs] 
2020-10-28T09:49:10.737+0000: [GC (Allocation Failure) 2020-10-28T09:49:10.737+0000: [ParNew: 26692K->4K(30016K), 0.0030142 secs] 560764K->534076K(861272K), 0.0030737 secs] [Times: user=0.01 sys=0.00, real=0.00 secs] 
2020-10-28T09:49:10.763+0000: [GC (Allocation Failure) 2020-10-28T09:49:10.763+0000: [ParNew: 26692K->4K(30016K), 0.0030363 secs] 560764K->534076K(861272K), 0.0030960 secs] [Times: user=0.01 sys=0.00, real=0.00 secs] 
2020-10-28T09:49:10.789+0000: [GC (Allocation Failure) 2020-10-28T09:49:10.789+0000: [ParNew: 26692K->4K(30016K), 0.0030280 secs] 560764K->534076K(861272K), 0.0031031 secs] [Times: user=0.01 sys=0.00, real=0.00 secs] 
2020-10-28T09:49:10.817+0000: [GC (Allocation Failure) 2020-10-28T09:49:10.817+0000: [ParNew: 26692K->4K(30016K), 0.0030425 secs] 560764K->534076K(861272K), 0.0031024 secs] [Times: user=0.01 sys=0.00, real=0.00 secs] 
2020-10-28T09:49:10.843+0000: [GC (Allocation Failure) 2020-10-28T09:49:10.843+0000: [ParNew: 26692K->4K(30016K), 0.0030385 secs] 560764K->534076K(861272K), 0.0030997 secs] [Times: user=0.01 sys=0.00, real=0.00 secs] 
2020-10-28T09:49:10.873+0000: [GC (Allocation Failure) 2020-10-28T09:49:10.873+0000: [ParNew: 26692K->4K(30016K), 0.0030402 secs] 560764K->534076K(861272K), 0.0030999 secs] [Times: user=0.00 sys=0.00, real=0.01 secs] 
2020-10-28T09:49:10.901+0000: [GC (Allocation Failure) 2020-10-28T09:49:10.901+0000: [ParNew: 26692K->4K(30016K), 0.0030405 secs] 560764K->534076K(861272K), 0.0031008 secs] [Times: user=0.00 sys=0.01, real=0.00 secs] 
2020-10-28T09:49:10.928+0000: [GC (Allocation Failure) 2020-10-28T09:49:10.928+0000: [ParNew: 26692K->4K(30016K), 0.0030487 secs] 560764K->534076K(861272K), 0.0031082 secs] [Times: user=0.01 sys=0.00, real=0.00 secs] 
2020-10-28T09:49:10.954+0000: [GC (Allocation Failure) 2020-10-28T09:49:10.954+0000: [ParNew: 26692K->4K(30016K), 0.0030586 secs] 560764K->534076K(861272K), 0.0031178 secs] [Times: user=0.01 sys=0.00, real=0.00 secs] 
2020-10-28T09:49:10.981+0000: [GC (Allocation Failure) 2020-10-28T09:49:10.981+0000: [ParNew: 26692K->4K(30016K), 0.0030107 secs] 560764K->534076K(861272K), 0.0030673 secs] [Times: user=0.01 sys=0.00, real=0.00 secs] 
2020-10-28T09:49:11.009+0000: [GC (Allocation Failure) 2020-10-28T09:49:11.009+0000: [ParNew: 26692K->4K(30016K), 0.0030107 secs] 560764K->534076K(861272K), 0.0030692 secs] [Times: user=0.00 sys=0.00, real=0.00 secs] 
2020-10-28T09:49:11.037+0000: [GC (Allocation Failure) 2020-10-28T09:49:11.037+0000: [ParNew: 26692K->4K(30016K), 0.0030389 secs] 560764K->534076K(861272K), 0.0030962 secs] [Times: user=0.01 sys=0.00, real=0.00 secs] 
2020-10-28T09:49:11.078+0000: [GC (Allocation Failure) 2020-10-28T09:49:11.078+0000: [ParNew: 26692K->4K(30016K), 0.0031074 secs] 560764K->534076K(861272K), 0.0031667 secs] [Times: user=0.00 sys=0.00, real=0.01 secs] 
2020-10-28T09:49:11.131+0000: [GC (Allocation Failure) 2020-10-28T09:49:11.131+0000: [ParNew: 26692K->4K(30016K), 0.0030942 secs] 560764K->534076K(861272K), 0.0031557 secs] [Times: user=0.00 sys=0.00, real=0.01 secs] 
2020-10-28T09:49:11.181+0000: [GC (Allocation Failure) 2020-10-28T09:49:11.181+0000: [ParNew: 26692K->4K(30016K), 0.0030425 secs] 560764K->534076K(861272K), 0.0031028 secs] [Times: user=0.01 sys=0.00, real=0.00 secs] 
2020-10-28T09:49:11.660+0000: [GC (Allocation Failure) 2020-10-28T09:49:11.660+0000: [ParNew: 26692K->6K(30016K), 0.0030697 secs] 560764K->534078K(861272K), 0.0031308 secs] [Times: user=0.01 sys=0.00, real=0.01 secs] 
2020-10-28T09:49:12.064+0000: [GC (Allocation Failure) 2020-10-28T09:49:12.064+0000: [ParNew: 26694K->10K(30016K), 0.0031174 secs] 560766K->534082K(861272K), 0.0031915 secs] [Times: user=0.01 sys=0.00, real=0.00 secs] 
2020-10-28T09:49:12.185+0000: [GC (Allocation Failure) 2020-10-28T09:49:12.185+0000: [ParNew: 26698K->6K(30016K), 0.0030937 secs] 560770K->534078K(861272K), 0.0031568 secs] [Times: user=0.01 sys=0.00, real=0.00 secs] 
2020-10-28T09:49:12.245+0000: [GC (Allocation Failure) 2020-10-28T09:49:12.245+0000: [ParNew: 26694K->4K(30016K), 0.0030485 secs] 560766K->534078K(861272K), 0.0031066 secs] [Times: user=0.00 sys=0.00, real=0.00 secs] 
2020-10-28T09:49:12.301+0000: [GC (Allocation Failure) 2020-10-28T09:49:12.301+0000: [ParNew: 26692K->4K(30016K), 0.0030449 secs] 560766K->534078K(861272K), 0.0031047 secs] [Times: user=0.01 sys=0.00, real=0.01 secs] 
2020-10-28T09:49:12.355+0000: [GC (Allocation Failure) 2020-10-28T09:49:12.355+0000: [ParNew: 26692K->4K(30016K), 0.0030620 secs] 560766K->534078K(861272K), 0.0031209 secs] [Times: user=0.00 sys=0.00, real=0.00 secs] 
2020-10-28T09:49:19.824+0000: [GC (Allocation Failure) 2020-10-28T09:49:19.824+0000: [ParNew: 26692K->55K(30016K), 0.0033632 secs] 560766K->534130K(861272K), 0.0034488 secs] [Times: user=0.01 sys=0.00, real=0.00 secs] 
Heap
 par new generation   total 30016K, used 11013K [0x00000000c0000000, 0x00000000c2090000, 0x00000000ca660000)
  eden space 26688K,  41% used [0x00000000c0000000, 0x00000000c0ab3758, 0x00000000c1a10000)
  from space 3328K,   1% used [0x00000000c1a10000, 0x00000000c1a1df20, 0x00000000c1d50000)
  to   space 3328K,   0% used [0x00000000c1d50000, 0x00000000c1d50000, 0x00000000c2090000)
 concurrent mark-sweep generation total 831256K, used 534075K [0x00000000ca660000, 0x00000000fd226000, 0x0000000100000000)
 Metaspace       used 70208K, capacity 71476K, committed 71624K, reserved 1112064K
  class space    used 9470K, capacity 9723K, committed 9728K, reserved 1048576K
End of LogType:stdout



Container: container_1603878260995_0001_01_000001 on ip-10-0-47-187.ec2.internal_8041
=======================================================================================
LogType:stderr
Log Upload Time:mer ott 28 09:49:22 +0000 2020
LogLength:12186
Log Contents:
SLF4J: Class path contains multiple SLF4J bindings.
SLF4J: Found binding in [jar:file:/mnt/yarn/usercache/hadoop/filecache/11/__spark_libs__139615002368585453.zip/slf4j-log4j12-1.7.16.jar!/org/slf4j/impl/StaticLoggerBinder.class]
SLF4J: Found binding in [jar:file:/usr/lib/hadoop/lib/slf4j-log4j12-1.7.10.jar!/org/slf4j/impl/StaticLoggerBinder.class]
SLF4J: See http://www.slf4j.org/codes.html#multiple_bindings for an explanation.
SLF4J: Actual binding is of type [org.slf4j.impl.Log4jLoggerFactory]
20/10/28 09:47:13 INFO SignalUtils: Registered signal handler for TERM
20/10/28 09:47:13 INFO SignalUtils: Registered signal handler for HUP
20/10/28 09:47:13 INFO SignalUtils: Registered signal handler for INT
20/10/28 09:47:13 INFO SecurityManager: Changing view acls to: yarn,hadoop
20/10/28 09:47:13 INFO SecurityManager: Changing modify acls to: yarn,hadoop
20/10/28 09:47:13 INFO SecurityManager: Changing view acls groups to: 
20/10/28 09:47:13 INFO SecurityManager: Changing modify acls groups to: 
20/10/28 09:47:13 INFO SecurityManager: SecurityManager: authentication disabled; ui acls disabled; users  with view permissions: Set(yarn, hadoop); groups with view permissions: Set(); users  with modify permissions: Set(yarn, hadoop); groups with modify permissions: Set()
20/10/28 09:47:14 INFO ApplicationMaster: Preparing Local resources
20/10/28 09:47:15 INFO ApplicationMaster: ApplicationAttemptId: appattempt_1603878260995_0001_000001
20/10/28 09:47:15 INFO ApplicationMaster: Starting the user application in a separate Thread
20/10/28 09:47:15 INFO ApplicationMaster: Waiting for spark context initialization...
20/10/28 09:47:16 INFO SparkContext: Running Spark version 2.4.0
20/10/28 09:47:16 INFO SparkContext: Submitted application: SpectralRegressionSpark.py
20/10/28 09:47:16 INFO SecurityManager: Changing view acls to: yarn,hadoop
20/10/28 09:47:16 INFO SecurityManager: Changing modify acls to: yarn,hadoop
20/10/28 09:47:16 INFO SecurityManager: Changing view acls groups to: 
20/10/28 09:47:16 INFO SecurityManager: Changing modify acls groups to: 
20/10/28 09:47:16 INFO SecurityManager: SecurityManager: authentication disabled; ui acls disabled; users  with view permissions: Set(yarn, hadoop); groups with view permissions: Set(); users  with modify permissions: Set(yarn, hadoop); groups with modify permissions: Set()
20/10/28 09:47:17 INFO Utils: Successfully started service 'sparkDriver' on port 45497.
20/10/28 09:47:17 INFO SparkEnv: Registering MapOutputTracker
20/10/28 09:47:17 INFO SparkEnv: Registering BlockManagerMaster
20/10/28 09:47:17 INFO BlockManagerMasterEndpoint: Using org.apache.spark.storage.DefaultTopologyMapper for getting topology information
20/10/28 09:47:17 INFO BlockManagerMasterEndpoint: BlockManagerMasterEndpoint up
20/10/28 09:47:17 INFO DiskBlockManager: Created local directory at /mnt/yarn/usercache/hadoop/appcache/application_1603878260995_0001/blockmgr-de33fb9c-cd25-433a-bbda-c95667bcafa1
20/10/28 09:47:17 INFO MemoryStore: MemoryStore started with capacity 424.4 MB
20/10/28 09:47:17 INFO SparkEnv: Registering OutputCommitCoordinator
20/10/28 09:47:17 INFO JettyUtils: Adding filter org.apache.hadoop.yarn.server.webproxy.amfilter.AmIpFilter to /jobs, /jobs/json, /jobs/job, /jobs/job/json, /stages, /stages/json, /stages/stage, /stages/stage/json, /stages/pool, /stages/pool/json, /storage, /storage/json, /storage/rdd, /storage/rdd/json, /environment, /environment/json, /executors, /executors/json, /executors/threadDump, /executors/threadDump/json, /static, /, /api, /jobs/job/kill, /stages/stage/kill.
20/10/28 09:47:17 INFO Utils: Successfully started service 'SparkUI' on port 38153.
20/10/28 09:47:17 INFO SparkUI: Bound SparkUI to 0.0.0.0, and started at http://ip-10-0-47-187.ec2.internal:38153
20/10/28 09:47:17 INFO YarnClusterScheduler: Created YarnClusterScheduler
20/10/28 09:47:17 INFO SchedulerExtensionServices: Starting Yarn extension services with app application_1603878260995_0001 and attemptId Some(appattempt_1603878260995_0001_000001)
20/10/28 09:47:17 INFO Utils: Using initial executors = 0, max of spark.dynamicAllocation.initialExecutors, spark.dynamicAllocation.minExecutors and spark.executor.instances
20/10/28 09:47:17 INFO Utils: Successfully started service 'org.apache.spark.network.netty.NettyBlockTransferService' on port 44171.
20/10/28 09:47:17 INFO NettyBlockTransferService: Server created on ip-10-0-47-187.ec2.internal:44171
20/10/28 09:47:17 INFO BlockManager: Using org.apache.spark.storage.RandomBlockReplicationPolicy for block replication policy
20/10/28 09:47:17 INFO BlockManagerMaster: Registering BlockManager BlockManagerId(driver, ip-10-0-47-187.ec2.internal, 44171, None)
20/10/28 09:47:17 INFO BlockManagerMasterEndpoint: Registering block manager ip-10-0-47-187.ec2.internal:44171 with 424.4 MB RAM, BlockManagerId(driver, ip-10-0-47-187.ec2.internal, 44171, None)
20/10/28 09:47:17 INFO BlockManagerMaster: Registered BlockManager BlockManagerId(driver, ip-10-0-47-187.ec2.internal, 44171, None)
20/10/28 09:47:17 INFO BlockManager: external shuffle service port = 7337
20/10/28 09:47:17 INFO BlockManager: Initialized BlockManager: BlockManagerId(driver, ip-10-0-47-187.ec2.internal, 44171, None)
20/10/28 09:47:18 INFO JettyUtils: Adding filter org.apache.hadoop.yarn.server.webproxy.amfilter.AmIpFilter to /metrics/json.
20/10/28 09:47:18 INFO EventLoggingListener: Logging events to hdfs:/var/log/spark/apps/application_1603878260995_0001_1
20/10/28 09:47:18 INFO Utils: Using initial executors = 0, max of spark.dynamicAllocation.initialExecutors, spark.dynamicAllocation.minExecutors and spark.executor.instances
20/10/28 09:47:18 WARN YarnSchedulerBackend$YarnSchedulerEndpoint: Attempted to request executors before the AM has registered!
20/10/28 09:47:18 INFO RMProxy: Connecting to ResourceManager at ip-10-0-43-198.ec2.internal/10.0.43.198:8030
20/10/28 09:47:18 INFO YarnRMClient: Registering the ApplicationMaster
20/10/28 09:47:19 INFO ApplicationMaster: 
===============================================================================
YARN executor launch context:
  env:
    CLASSPATH -> /usr/lib/hadoop-lzo/lib/*:/usr/lib/hadoop/hadoop-aws.jar:/usr/share/aws/aws-java-sdk/*:/usr/share/aws/emr/emrfs/conf:/usr/share/aws/emr/emrfs/lib/*:/usr/share/aws/emr/emrfs/auxlib/*:/usr/share/aws/emr/goodies/lib/emr-spark-goodies.jar:/usr/share/aws/emr/security/conf:/usr/share/aws/emr/security/lib/*:/usr/share/aws/hmclient/lib/aws-glue-datacatalog-spark-client.jar:/usr/share/java/Hive-JSON-Serde/hive-openx-serde.jar:/usr/share/aws/sagemaker-spark-sdk/lib/sagemaker-spark-sdk.jar:/usr/share/aws/emr/s3select/lib/emr-s3-select-spark-connector.jar<CPS>{{PWD}}<CPS>{{PWD}}/__spark_conf__<CPS>{{PWD}}/__spark_libs__/*<CPS>$HADOOP_CONF_DIR<CPS>$HADOOP_COMMON_HOME/*<CPS>$HADOOP_COMMON_HOME/lib/*<CPS>$HADOOP_HDFS_HOME/*<CPS>$HADOOP_HDFS_HOME/lib/*<CPS>$HADOOP_MAPRED_HOME/*<CPS>$HADOOP_MAPRED_HOME/lib/*<CPS>$HADOOP_YARN_HOME/*<CPS>$HADOOP_YARN_HOME/lib/*<CPS>/usr/lib/hadoop-lzo/lib/*<CPS>/usr/share/aws/emr/emrfs/conf<CPS>/usr/share/aws/emr/emrfs/lib/*<CPS>/usr/share/aws/emr/emrfs/auxlib/*<CPS>/usr/share/aws/emr/lib/*<CPS>/usr/share/aws/emr/ddb/lib/emr-ddb-hadoop.jar<CPS>/usr/share/aws/emr/goodies/lib/emr-hadoop-goodies.jar<CPS>/usr/share/aws/emr/cloudwatch-sink/lib/*<CPS>/usr/share/aws/aws-java-sdk/*<CPS>$HADOOP_MAPRED_HOME/share/hadoop/mapreduce/*<CPS>$HADOOP_MAPRED_HOME/share/hadoop/mapreduce/lib/*<CPS>/usr/lib/hadoop-lzo/lib/*<CPS>/usr/share/aws/emr/emrfs/conf<CPS>/usr/share/aws/emr/emrfs/lib/*<CPS>/usr/share/aws/emr/emrfs/auxlib/*<CPS>/usr/share/aws/emr/lib/*<CPS>/usr/share/aws/emr/ddb/lib/emr-ddb-hadoop.jar<CPS>/usr/share/aws/emr/goodies/lib/emr-hadoop-goodies.jar<CPS>/usr/share/aws/emr/cloudwatch-sink/lib/*<CPS>/usr/share/aws/aws-java-sdk/*<CPS>{{PWD}}/__spark_conf__/__hadoop_conf__
    SPARK_YARN_STAGING_DIR -> hdfs://ip-10-0-43-198.ec2.internal:8020/user/hadoop/.sparkStaging/application_1603878260995_0001
    SPARK_USER -> hadoop
    PYTHONPATH -> {{PWD}}/pyspark.zip<CPS>{{PWD}}/py4j-0.10.7-src.zip
    SPARK_PUBLIC_DNS -> ip-10-0-47-187.ec2.internal

  command:
    LD_LIBRARY_PATH=\"/usr/lib/hadoop/lib/native:/usr/lib/hadoop-lzo/lib/native:$LD_LIBRARY_PATH\" \ 
      {{JAVA_HOME}}/bin/java \ 
      -server \ 
      -Xmx1024m \ 
      '-verbose:gc' \ 
      '-XX:+PrintGCDetails' \ 
      '-XX:+PrintGCDateStamps' \ 
      '-XX:+UseConcMarkSweepGC' \ 
      '-XX:CMSInitiatingOccupancyFraction=70' \ 
      '-XX:MaxHeapFreeRatio=70' \ 
      '-XX:+CMSClassUnloadingEnabled' \ 
      '-XX:OnOutOfMemoryError=kill -9 %p' \ 
      -Djava.io.tmpdir={{PWD}}/tmp \ 
      '-Dspark.driver.port=45497' \ 
      '-Dspark.history.ui.port=18080' \ 
      '-Dspark.ui.port=0' \ 
      -Dspark.yarn.app.container.log.dir=<LOG_DIR> \ 
      org.apache.spark.executor.CoarseGrainedExecutorBackend \ 
      --driver-url \ 
      spark://CoarseGrainedScheduler@ip-10-0-47-187.ec2.internal:45497 \ 
      --executor-id \ 
      <executorId> \ 
      --hostname \ 
      <hostname> \ 
      --cores \ 
      2 \ 
      --app-id \ 
      application_1603878260995_0001 \ 
      --user-class-path \ 
      file:$PWD/__app__.jar \ 
      1><LOG_DIR>/stdout \ 
      2><LOG_DIR>/stderr

  resources:
    pyspark.zip -> resource { scheme: "hdfs" host: "ip-10-0-43-198.ec2.internal" port: 8020 file: "/user/hadoop/.sparkStaging/application_1603878260995_0001/pyspark.zip" } size: 589684 timestamp: 1603878425395 type: FILE visibility: PRIVATE
    py4j-0.10.7-src.zip -> resource { scheme: "hdfs" host: "ip-10-0-43-198.ec2.internal" port: 8020 file: "/user/hadoop/.sparkStaging/application_1603878260995_0001/py4j-0.10.7-src.zip" } size: 42437 timestamp: 1603878425445 type: FILE visibility: PRIVATE
    __spark_libs__ -> resource { scheme: "hdfs" host: "ip-10-0-43-198.ec2.internal" port: 8020 file: "/user/hadoop/.sparkStaging/application_1603878260995_0001/__spark_libs__139615002368585453.zip" } size: 229091301 timestamp: 1603878425165 type: ARCHIVE visibility: PRIVATE
    __spark_conf__ -> resource { scheme: "hdfs" host: "ip-10-0-43-198.ec2.internal" port: 8020 file: "/user/hadoop/.sparkStaging/application_1603878260995_0001/__spark_conf__.zip" } size: 210444 timestamp: 1603878425667 type: ARCHIVE visibility: PRIVATE

===============================================================================
20/10/28 09:47:19 INFO Utils: Using initial executors = 0, max of spark.dynamicAllocation.initialExecutors, spark.dynamicAllocation.minExecutors and spark.executor.instances
20/10/28 09:47:19 INFO YarnSchedulerBackend$YarnSchedulerEndpoint: ApplicationMaster registered as NettyRpcEndpointRef(spark://YarnAM@ip-10-0-47-187.ec2.internal:45497)
20/10/28 09:47:19 INFO ApplicationMaster: Started progress reporter thread with (heartbeat : 3000, initial allocation : 200) intervals
20/10/28 09:47:19 INFO YarnClusterSchedulerBackend: SchedulerBackend is ready for scheduling beginning after reached minRegisteredResourcesRatio: 0.8
20/10/28 09:47:19 INFO YarnClusterScheduler: YarnClusterScheduler.postStartHook done
20/10/28 09:47:19 INFO SharedState: loading hive config file: file:/mnt/yarn/usercache/hadoop/filecache/12/__spark_conf__.zip/__hadoop_conf__/hive-site.xml
20/10/28 09:47:19 INFO SharedState: Setting hive.metastore.warehouse.dir ('null') to the value of spark.sql.warehouse.dir ('hdfs:///user/spark/warehouse').
20/10/28 09:47:19 INFO SharedState: Warehouse path is 'hdfs:///user/spark/warehouse'.
20/10/28 09:47:19 INFO JettyUtils: Adding filter org.apache.hadoop.yarn.server.webproxy.amfilter.AmIpFilter to /SQL.
20/10/28 09:47:19 INFO JettyUtils: Adding filter org.apache.hadoop.yarn.server.webproxy.amfilter.AmIpFilter to /SQL/json.
20/10/28 09:47:19 INFO JettyUtils: Adding filter org.apache.hadoop.yarn.server.webproxy.amfilter.AmIpFilter to /SQL/execution.
20/10/28 09:47:19 INFO JettyUtils: Adding filter org.apache.hadoop.yarn.server.webproxy.amfilter.AmIpFilter to /SQL/execution/json.
20/10/28 09:47:19 INFO JettyUtils: Adding filter org.apache.hadoop.yarn.server.webproxy.amfilter.AmIpFilter to /static/sql.
20/10/28 09:47:20 INFO StateStoreCoordinatorRef: Registered StateStoreCoordinator endpoint
End of LogType:stderr

LogType:stdout
Log Upload Time:mer ott 28 09:49:22 +0000 2020
LogLength:1080
Log Contents:



 *******



 BEGIN



 *******



s3://spectral-regression-spark-bucket/spectral_data_class.csv
Loading DataFrame from file...

Schema of original DataFrame:
root
 |-- spectroFlux_u: double (nullable = true)
 |-- spectroFlux_g: double (nullable = true)
 |-- spectroFlux_r: double (nullable = true)
 |-- spectroFlux_i: double (nullable = true)
 |-- spectroFlux_z: double (nullable = true)
 |-- source_class: string (nullable = true)
 |-- redshift: double (nullable = true)


Schema of DataFrame with differences between spectral classes:
root
 |-- redshift: double (nullable = true)
 |-- u_g: double (nullable = true)
 |-- g_r: double (nullable = true)
 |-- r_i: double (nullable = true)
 |-- i_z: double (nullable = true)


Schema of DataFrame ready for regression models:
root
 |-- redshift: double (nullable = true)
 |-- features: vector (nullable = true)


Training Linear Regressor on training data...
...done.


Evaluating model on test data...


Root Mean Squared Error (RMSE) on test data = 0.842415202876

Time elapsed: 107.944901943



 *******



 END



 *******



End of LogType:stdout



Container: container_1603878260995_0001_01_000003 on ip-10-0-50-126.ec2.internal_8041
=======================================================================================
LogType:stderr
Log Upload Time:mer ott 28 09:49:22 +0000 2020
LogLength:17913
Log Contents:
SLF4J: Class path contains multiple SLF4J bindings.
SLF4J: Found binding in [jar:file:/mnt/yarn/usercache/hadoop/filecache/11/__spark_libs__139615002368585453.zip/slf4j-log4j12-1.7.16.jar!/org/slf4j/impl/StaticLoggerBinder.class]
SLF4J: Found binding in [jar:file:/usr/lib/hadoop/lib/slf4j-log4j12-1.7.10.jar!/org/slf4j/impl/StaticLoggerBinder.class]
SLF4J: See http://www.slf4j.org/codes.html#multiple_bindings for an explanation.
SLF4J: Actual binding is of type [org.slf4j.impl.Log4jLoggerFactory]
20/10/28 09:47:36 INFO CoarseGrainedExecutorBackend: Started daemon with process name: 23470@ip-10-0-50-126
20/10/28 09:47:36 INFO SignalUtils: Registered signal handler for TERM
20/10/28 09:47:36 INFO SignalUtils: Registered signal handler for HUP
20/10/28 09:47:36 INFO SignalUtils: Registered signal handler for INT
20/10/28 09:47:37 INFO SecurityManager: Changing view acls to: yarn,hadoop
20/10/28 09:47:37 INFO SecurityManager: Changing modify acls to: yarn,hadoop
20/10/28 09:47:37 INFO SecurityManager: Changing view acls groups to: 
20/10/28 09:47:37 INFO SecurityManager: Changing modify acls groups to: 
20/10/28 09:47:37 INFO SecurityManager: SecurityManager: authentication disabled; ui acls disabled; users  with view permissions: Set(yarn, hadoop); groups with view permissions: Set(); users  with modify permissions: Set(yarn, hadoop); groups with modify permissions: Set()
20/10/28 09:47:37 INFO TransportClientFactory: Successfully created connection to ip-10-0-47-187.ec2.internal/10.0.47.187:45497 after 102 ms (0 ms spent in bootstraps)
20/10/28 09:47:38 INFO SecurityManager: Changing view acls to: yarn,hadoop
20/10/28 09:47:38 INFO SecurityManager: Changing modify acls to: yarn,hadoop
20/10/28 09:47:38 INFO SecurityManager: Changing view acls groups to: 
20/10/28 09:47:38 INFO SecurityManager: Changing modify acls groups to: 
20/10/28 09:47:38 INFO SecurityManager: SecurityManager: authentication disabled; ui acls disabled; users  with view permissions: Set(yarn, hadoop); groups with view permissions: Set(); users  with modify permissions: Set(yarn, hadoop); groups with modify permissions: Set()
20/10/28 09:47:38 INFO TransportClientFactory: Successfully created connection to ip-10-0-47-187.ec2.internal/10.0.47.187:45497 after 1 ms (0 ms spent in bootstraps)
20/10/28 09:47:38 INFO DiskBlockManager: Created local directory at /mnt/yarn/usercache/hadoop/appcache/application_1603878260995_0001/blockmgr-4dcb62ef-f536-45fe-975b-eb54edd0150a
20/10/28 09:47:38 INFO MemoryStore: MemoryStore started with capacity 424.4 MB
20/10/28 09:47:38 INFO CoarseGrainedExecutorBackend: Connecting to driver: spark://CoarseGrainedScheduler@ip-10-0-47-187.ec2.internal:45497
20/10/28 09:47:38 INFO CoarseGrainedExecutorBackend: Successfully registered with driver
20/10/28 09:47:38 INFO Executor: Starting executor ID 1 on host ip-10-0-50-126.ec2.internal
20/10/28 09:47:38 INFO Utils: Successfully started service 'org.apache.spark.network.netty.NettyBlockTransferService' on port 38651.
20/10/28 09:47:38 INFO NettyBlockTransferService: Server created on ip-10-0-50-126.ec2.internal:38651
20/10/28 09:47:38 INFO BlockManager: Using org.apache.spark.storage.RandomBlockReplicationPolicy for block replication policy
20/10/28 09:47:38 INFO BlockManagerMaster: Registering BlockManager BlockManagerId(1, ip-10-0-50-126.ec2.internal, 38651, None)
20/10/28 09:47:38 INFO BlockManagerMaster: Registered BlockManager BlockManagerId(1, ip-10-0-50-126.ec2.internal, 38651, None)
20/10/28 09:47:38 INFO BlockManager: external shuffle service port = 7337
20/10/28 09:47:38 INFO BlockManager: Registering executor with local external shuffle service.
20/10/28 09:47:38 INFO TransportClientFactory: Successfully created connection to ip-10-0-50-126.ec2.internal/10.0.50.126:7337 after 2 ms (0 ms spent in bootstraps)
20/10/28 09:47:38 INFO BlockManager: Initialized BlockManager: BlockManagerId(1, ip-10-0-50-126.ec2.internal, 38651, None)
20/10/28 09:47:39 INFO CoarseGrainedExecutorBackend: Got assigned task 0
20/10/28 09:47:39 INFO Executor: Running task 0.0 in stage 0.0 (TID 0)
20/10/28 09:47:39 INFO TorrentBroadcast: Started reading broadcast variable 1
20/10/28 09:47:39 INFO TransportClientFactory: Successfully created connection to ip-10-0-47-187.ec2.internal/10.0.47.187:44171 after 3 ms (0 ms spent in bootstraps)
20/10/28 09:47:39 INFO MemoryStore: Block broadcast_1_piece0 stored as bytes in memory (estimated size 14.0 KB, free 424.4 MB)
20/10/28 09:47:39 INFO TorrentBroadcast: Reading broadcast variable 1 took 140 ms
20/10/28 09:47:39 INFO MemoryStore: Block broadcast_1 stored as values in memory (estimated size 33.5 KB, free 424.4 MB)
20/10/28 09:47:40 INFO CodeGenerator: Code generated in 528.57745 ms
20/10/28 09:47:40 INFO CodeGenerator: Code generated in 79.879103 ms
20/10/28 09:47:40 INFO CodeGenerator: Code generated in 36.099511 ms
20/10/28 09:47:40 INFO FileScanRDD: Reading File path: s3://spectral-regression-spark-bucket/spectral_data_class.csv, range: 0-134217728, partition values: [empty row]
20/10/28 09:47:41 INFO CodeGenerator: Code generated in 38.960209 ms
20/10/28 09:47:41 INFO TorrentBroadcast: Started reading broadcast variable 0
20/10/28 09:47:41 INFO MemoryStore: Block broadcast_0_piece0 stored as bytes in memory (estimated size 36.7 KB, free 424.3 MB)
20/10/28 09:47:41 INFO TorrentBroadcast: Reading broadcast variable 0 took 13 ms
20/10/28 09:47:41 INFO MemoryStore: Block broadcast_0 stored as values in memory (estimated size 576.5 KB, free 423.7 MB)
20/10/28 09:47:43 INFO S3NativeFileSystem: Opening 's3://spectral-regression-spark-bucket/spectral_data_class.csv' for reading
20/10/28 09:47:44 INFO GPLNativeCodeLoader: Loaded native gpl library
20/10/28 09:47:44 INFO LzoCodec: Successfully loaded & initialized native-lzo library [hadoop-lzo rev 1546b8dc0ca6f1ffd26a812d52bd7b80915e0a25]
20/10/28 09:47:55 INFO Executor: Finished task 0.0 in stage 0.0 (TID 0). 1965 bytes result sent to driver
20/10/28 09:47:56 INFO CoarseGrainedExecutorBackend: Got assigned task 1
20/10/28 09:47:56 INFO Executor: Running task 0.0 in stage 1.0 (TID 1)
20/10/28 09:47:56 INFO CoarseGrainedExecutorBackend: Got assigned task 2
20/10/28 09:47:56 INFO Executor: Running task 1.0 in stage 1.0 (TID 2)
20/10/28 09:47:56 INFO TorrentBroadcast: Started reading broadcast variable 4
20/10/28 09:47:56 INFO MemoryStore: Block broadcast_4_piece0 stored as bytes in memory (estimated size 15.5 KB, free 423.8 MB)
20/10/28 09:47:56 INFO TorrentBroadcast: Reading broadcast variable 4 took 17 ms
20/10/28 09:47:56 INFO MemoryStore: Block broadcast_4 stored as values in memory (estimated size 36.6 KB, free 423.7 MB)
20/10/28 09:47:57 INFO CodeGenerator: Code generated in 111.572886 ms
20/10/28 09:47:58 INFO CodeGenerator: Code generated in 22.669492 ms
20/10/28 09:47:58 INFO FileScanRDD: Reading File path: s3://spectral-regression-spark-bucket/spectral_data_class.csv, range: 0-134217728, partition values: [empty row]
20/10/28 09:47:58 INFO FileScanRDD: Reading File path: s3://spectral-regression-spark-bucket/spectral_data_class.csv, range: 134217728-268435456, partition values: [empty row]
20/10/28 09:47:58 INFO TorrentBroadcast: Started reading broadcast variable 2
20/10/28 09:47:58 INFO MemoryStore: Block broadcast_2_piece0 stored as bytes in memory (estimated size 36.7 KB, free 423.6 MB)
20/10/28 09:47:58 INFO TorrentBroadcast: Reading broadcast variable 2 took 17 ms
20/10/28 09:47:58 INFO MemoryStore: Block broadcast_2 stored as values in memory (estimated size 576.5 KB, free 423.0 MB)
20/10/28 09:47:58 INFO S3NativeFileSystem: Opening 's3://spectral-regression-spark-bucket/spectral_data_class.csv' for reading
20/10/28 09:47:58 INFO S3NativeFileSystem: Opening 's3://spectral-regression-spark-bucket/spectral_data_class.csv' for reading
20/10/28 09:48:10 INFO UnsafeExternalSorter: Thread 37 spilling sort data of 192.0 MB to disk (0  time so far)
20/10/28 09:48:10 INFO UnsafeExternalSorter: Thread 28 spilling sort data of 192.0 MB to disk (0  time so far)
20/10/28 09:48:18 INFO JniLoader: successfully loaded /mnt/yarn/usercache/hadoop/appcache/application_1603878260995_0001/container_1603878260995_0001_01_000003/tmp/jniloader574544951371603734netlib-native_system-linux-x86_64.so
20/10/28 09:48:23 INFO Executor: Finished task 1.0 in stage 1.0 (TID 2). 2442 bytes result sent to driver
20/10/28 09:48:23 INFO Executor: Finished task 0.0 in stage 1.0 (TID 1). 2399 bytes result sent to driver
20/10/28 09:48:24 INFO CoarseGrainedExecutorBackend: Got assigned task 5
20/10/28 09:48:24 INFO Executor: Running task 1.0 in stage 2.0 (TID 5)
20/10/28 09:48:24 INFO TorrentBroadcast: Started reading broadcast variable 6
20/10/28 09:48:24 INFO CoarseGrainedExecutorBackend: Got assigned task 7
20/10/28 09:48:24 INFO Executor: Running task 3.0 in stage 2.0 (TID 7)
20/10/28 09:48:24 INFO MemoryStore: Block broadcast_6_piece0 stored as bytes in memory (estimated size 17.2 KB, free 423.8 MB)
20/10/28 09:48:24 INFO TorrentBroadcast: Reading broadcast variable 6 took 11 ms
20/10/28 09:48:24 INFO MemoryStore: Block broadcast_6 stored as values in memory (estimated size 38.2 KB, free 423.8 MB)
20/10/28 09:48:24 INFO CodeGenerator: Code generated in 42.985061 ms
20/10/28 09:48:25 INFO CodeGenerator: Code generated in 16.094289 ms
20/10/28 09:48:25 INFO FileScanRDD: Reading File path: s3://spectral-regression-spark-bucket/spectral_data_class.csv, range: 242403489-319010350, partition values: [empty row]
20/10/28 09:48:25 INFO TorrentBroadcast: Started reading broadcast variable 5
20/10/28 09:48:25 INFO FileScanRDD: Reading File path: s3://spectral-regression-spark-bucket/spectral_data_class.csv, range: 80801163-161602326, partition values: [empty row]
20/10/28 09:48:25 INFO MemoryStore: Block broadcast_5_piece0 stored as bytes in memory (estimated size 36.7 KB, free 423.6 MB)
20/10/28 09:48:25 INFO TorrentBroadcast: Reading broadcast variable 5 took 11 ms
20/10/28 09:48:25 INFO MemoryStore: Block broadcast_5 stored as values in memory (estimated size 576.5 KB, free 423.0 MB)
20/10/28 09:48:25 INFO S3NativeFileSystem: Opening 's3://spectral-regression-spark-bucket/spectral_data_class.csv' for reading
20/10/28 09:48:25 INFO S3NativeFileSystem: Opening 's3://spectral-regression-spark-bucket/spectral_data_class.csv' for reading
20/10/28 09:48:37 INFO Executor: Finished task 3.0 in stage 2.0 (TID 7). 2386 bytes result sent to driver
20/10/28 09:48:37 INFO Executor: Finished task 1.0 in stage 2.0 (TID 5). 2343 bytes result sent to driver
20/10/28 09:48:38 INFO CoarseGrainedExecutorBackend: Got assigned task 9
20/10/28 09:48:38 INFO Executor: Running task 1.0 in stage 3.0 (TID 9)
20/10/28 09:48:38 INFO CoarseGrainedExecutorBackend: Got assigned task 11
20/10/28 09:48:38 INFO Executor: Running task 3.0 in stage 3.0 (TID 11)
20/10/28 09:48:38 INFO TorrentBroadcast: Started reading broadcast variable 7
20/10/28 09:48:38 INFO MemoryStore: Block broadcast_7_piece0 stored as bytes in memory (estimated size 16.9 KB, free 423.2 MB)
20/10/28 09:48:38 INFO TorrentBroadcast: Reading broadcast variable 7 took 11 ms
20/10/28 09:48:38 INFO MemoryStore: Block broadcast_7 stored as values in memory (estimated size 37.3 KB, free 423.2 MB)
20/10/28 09:48:38 INFO FileScanRDD: Reading File path: s3://spectral-regression-spark-bucket/spectral_data_class.csv, range: 80801163-161602326, partition values: [empty row]
20/10/28 09:48:38 INFO FileScanRDD: Reading File path: s3://spectral-regression-spark-bucket/spectral_data_class.csv, range: 242403489-319010350, partition values: [empty row]
20/10/28 09:48:38 INFO S3NativeFileSystem: Opening 's3://spectral-regression-spark-bucket/spectral_data_class.csv' for reading
20/10/28 09:48:38 INFO S3NativeFileSystem: Opening 's3://spectral-regression-spark-bucket/spectral_data_class.csv' for reading
20/10/28 09:48:50 INFO Executor: Finished task 3.0 in stage 3.0 (TID 11). 1860 bytes result sent to driver
20/10/28 09:48:50 INFO Executor: Finished task 1.0 in stage 3.0 (TID 9). 1860 bytes result sent to driver
20/10/28 09:48:50 INFO CoarseGrainedExecutorBackend: Got assigned task 13
20/10/28 09:48:50 INFO Executor: Running task 1.0 in stage 4.0 (TID 13)
20/10/28 09:48:50 INFO CoarseGrainedExecutorBackend: Got assigned task 15
20/10/28 09:48:50 INFO Executor: Running task 3.0 in stage 4.0 (TID 15)
20/10/28 09:48:50 INFO TorrentBroadcast: Started reading broadcast variable 9
20/10/28 09:48:50 INFO MemoryStore: Block broadcast_9_piece0 stored as bytes in memory (estimated size 15.1 KB, free 423.2 MB)
20/10/28 09:48:50 INFO TorrentBroadcast: Reading broadcast variable 9 took 13 ms
20/10/28 09:48:50 INFO MemoryStore: Block broadcast_9 stored as values in memory (estimated size 33.2 KB, free 423.2 MB)
20/10/28 09:48:51 INFO CodeGenerator: Code generated in 40.403777 ms
20/10/28 09:48:51 INFO FileScanRDD: Reading File path: s3://spectral-regression-spark-bucket/spectral_data_class.csv, range: 80801163-161602326, partition values: [empty row]
20/10/28 09:48:51 INFO TorrentBroadcast: Started reading broadcast variable 8
20/10/28 09:48:51 INFO FileScanRDD: Reading File path: s3://spectral-regression-spark-bucket/spectral_data_class.csv, range: 242403489-319010350, partition values: [empty row]
20/10/28 09:48:51 INFO MemoryStore: Block broadcast_8_piece0 stored as bytes in memory (estimated size 36.7 KB, free 423.0 MB)
20/10/28 09:48:51 INFO TorrentBroadcast: Reading broadcast variable 8 took 15 ms
20/10/28 09:48:51 INFO MemoryStore: Block broadcast_8 stored as values in memory (estimated size 576.5 KB, free 422.5 MB)
20/10/28 09:48:51 INFO S3NativeFileSystem: Opening 's3://spectral-regression-spark-bucket/spectral_data_class.csv' for reading
20/10/28 09:48:51 INFO S3NativeFileSystem: Opening 's3://spectral-regression-spark-bucket/spectral_data_class.csv' for reading
20/10/28 09:49:01 INFO Executor: Finished task 3.0 in stage 4.0 (TID 15). 2589 bytes result sent to driver
20/10/28 09:49:01 INFO Executor: Finished task 1.0 in stage 4.0 (TID 13). 2546 bytes result sent to driver
20/10/28 09:49:02 INFO CoarseGrainedExecutorBackend: Got assigned task 17
20/10/28 09:49:02 INFO Executor: Running task 0.0 in stage 6.0 (TID 17)
20/10/28 09:49:02 INFO CoarseGrainedExecutorBackend: Got assigned task 19
20/10/28 09:49:02 INFO Executor: Running task 2.0 in stage 6.0 (TID 19)
20/10/28 09:49:02 INFO MapOutputTrackerWorker: Updating epoch to 1 and clearing cache
20/10/28 09:49:02 INFO TorrentBroadcast: Started reading broadcast variable 12
20/10/28 09:49:02 INFO MemoryStore: Block broadcast_12_piece0 stored as bytes in memory (estimated size 17.7 KB, free 423.2 MB)
20/10/28 09:49:02 INFO TorrentBroadcast: Reading broadcast variable 12 took 11 ms
20/10/28 09:49:02 INFO MemoryStore: Block broadcast_12 stored as values in memory (estimated size 38.9 KB, free 423.2 MB)
20/10/28 09:49:02 INFO CodeGenerator: Code generated in 53.111481 ms
20/10/28 09:49:02 INFO FileScanRDD: Reading File path: s3://spectral-regression-spark-bucket/spectral_data_class.csv, range: 0-80801163, partition values: [empty row]
20/10/28 09:49:02 INFO FileScanRDD: Reading File path: s3://spectral-regression-spark-bucket/spectral_data_class.csv, range: 161602326-242403489, partition values: [empty row]
20/10/28 09:49:02 INFO TorrentBroadcast: Started reading broadcast variable 11
20/10/28 09:49:02 INFO MemoryStore: Block broadcast_11_piece0 stored as bytes in memory (estimated size 36.7 KB, free 423.0 MB)
20/10/28 09:49:02 INFO TorrentBroadcast: Reading broadcast variable 11 took 23 ms
20/10/28 09:49:02 INFO MemoryStore: Block broadcast_11 stored as values in memory (estimated size 576.5 KB, free 422.4 MB)
20/10/28 09:49:02 INFO S3NativeFileSystem: Opening 's3://spectral-regression-spark-bucket/spectral_data_class.csv' for reading
20/10/28 09:49:02 INFO S3NativeFileSystem: Opening 's3://spectral-regression-spark-bucket/spectral_data_class.csv' for reading
20/10/28 09:49:14 INFO Executor: Finished task 2.0 in stage 6.0 (TID 19). 2343 bytes result sent to driver
20/10/28 09:49:14 INFO Executor: Finished task 0.0 in stage 6.0 (TID 17). 2343 bytes result sent to driver
20/10/28 09:49:15 INFO CoarseGrainedExecutorBackend: Got assigned task 21
20/10/28 09:49:15 INFO Executor: Running task 0.0 in stage 7.0 (TID 21)
20/10/28 09:49:15 INFO TorrentBroadcast: Started reading broadcast variable 13
20/10/28 09:49:15 INFO MemoryStore: Block broadcast_13_piece0 stored as bytes in memory (estimated size 38.1 KB, free 423.2 MB)
20/10/28 09:49:15 INFO TorrentBroadcast: Reading broadcast variable 13 took 9 ms
20/10/28 09:49:15 INFO MemoryStore: Block broadcast_13 stored as values in memory (estimated size 127.6 KB, free 423.1 MB)
20/10/28 09:49:16 INFO HadoopMapRedCommitProtocol: Using output committer class org.apache.hadoop.mapred.DirectFileOutputCommitter
20/10/28 09:49:17 INFO FileOutputCommitter: File Output Committer Algorithm version is 1
20/10/28 09:49:17 INFO FileOutputCommitter: FileOutputCommitter skip cleanup _temporary folders under output directory:false, ignore cleanup failures: false
20/10/28 09:49:17 INFO DirectFileOutputCommitter: Direct Write: DISABLED
20/10/28 09:49:17 INFO PythonRunner: Times: total = 547, boot = 481, init = 66, finish = 0
20/10/28 09:49:18 INFO FileOutputCommitter: Saved output of task 'attempt_20201028094915_0039_m_000000_0' to s3a://spectral-regression-spark-bucket/results_4xc4large_linear_281020-094914/_temporary/0/task_20201028094915_0039_m_000000
20/10/28 09:49:18 INFO SparkHadoopMapRedUtil: attempt_20201028094915_0039_m_000000_0: Committed
20/10/28 09:49:18 INFO Executor: Finished task 0.0 in stage 7.0 (TID 21). 1723 bytes result sent to driver
20/10/28 09:49:19 INFO CoarseGrainedExecutorBackend: Driver commanded a shutdown
20/10/28 09:49:19 INFO MemoryStore: MemoryStore cleared
20/10/28 09:49:19 INFO BlockManager: BlockManager stopped
20/10/28 09:49:19 INFO ShutdownHookManager: Shutdown hook called
End of LogType:stderr

LogType:stdout
Log Upload Time:mer ott 28 09:49:22 +0000 2020
LogLength:793594
Log Contents:
2020-10-28T09:47:35.474+0000: [GC (Allocation Failure) 2020-10-28T09:47:35.474+0000: [ParNew: 16384K->2048K(18432K), 0.0055539 secs] 16384K->2376K(59392K), 0.0056173 secs] [Times: user=0.00 sys=0.01, real=0.01 secs] 
2020-10-28T09:47:35.612+0000: [GC (Allocation Failure) 2020-10-28T09:47:35.612+0000: [ParNew: 18432K->1940K(18432K), 0.0066444 secs] 18760K->3622K(59392K), 0.0066928 secs] [Times: user=0.01 sys=0.00, real=0.01 secs] 
2020-10-28T09:47:35.761+0000: [GC (Allocation Failure) 2020-10-28T09:47:35.761+0000: [ParNew: 18324K->1455K(18432K), 0.0014035 secs] 20006K->3136K(59392K), 0.0014509 secs] [Times: user=0.01 sys=0.00, real=0.00 secs] 
2020-10-28T09:47:35.927+0000: [GC (Allocation Failure) 2020-10-28T09:47:35.927+0000: [ParNew: 17839K->1967K(18432K), 0.0089700 secs] 19520K->4030K(59392K), 0.0090368 secs] [Times: user=0.01 sys=0.01, real=0.02 secs] 
2020-10-28T09:47:36.091+0000: [GC (Allocation Failure) 2020-10-28T09:47:36.091+0000: [ParNew: 18351K->1187K(18432K), 0.0067073 secs] 20414K->3798K(59392K), 0.0067731 secs] [Times: user=0.01 sys=0.00, real=0.01 secs] 
2020-10-28T09:47:36.213+0000: [GC (Allocation Failure) 2020-10-28T09:47:36.213+0000: [ParNew: 17571K->1740K(18432K), 0.0032890 secs] 20182K->4351K(59392K), 0.0033530 secs] [Times: user=0.01 sys=0.00, real=0.01 secs] 
2020-10-28T09:47:36.301+0000: [GC (Allocation Failure) 2020-10-28T09:47:36.301+0000: [ParNew: 18124K->1211K(18432K), 0.0029150 secs] 20735K->4358K(59392K), 0.0029778 secs] [Times: user=0.01 sys=0.00, real=0.00 secs] 
2020-10-28T09:47:36.361+0000: [GC (Allocation Failure) 2020-10-28T09:47:36.361+0000: [ParNew: 17595K->956K(18432K), 0.0016139 secs] 20742K->4103K(59392K), 0.0016620 secs] [Times: user=0.00 sys=0.00, real=0.00 secs] 
2020-10-28T09:47:36.426+0000: [GC (Allocation Failure) 2020-10-28T09:47:36.426+0000: [ParNew: 17340K->813K(18432K), 0.0013260 secs] 20487K->3961K(59392K), 0.0013849 secs] [Times: user=0.01 sys=0.00, real=0.00 secs] 
2020-10-28T09:47:36.574+0000: [GC (Allocation Failure) 2020-10-28T09:47:36.574+0000: [ParNew: 17197K->1541K(18432K), 0.0023259 secs] 20345K->4689K(59392K), 0.0023845 secs] [Times: user=0.00 sys=0.00, real=0.01 secs] 
2020-10-28T09:47:36.663+0000: [GC (Allocation Failure) 2020-10-28T09:47:36.663+0000: [ParNew: 17925K->875K(18432K), 0.0043325 secs] 21073K->4335K(59392K), 0.0043957 secs] [Times: user=0.01 sys=0.00, real=0.00 secs] 
2020-10-28T09:47:36.823+0000: [GC (Allocation Failure) 2020-10-28T09:47:36.823+0000: [ParNew: 17259K->1135K(18432K), 0.0023345 secs] 20719K->4595K(59392K), 0.0023801 secs] [Times: user=0.00 sys=0.00, real=0.00 secs] 
2020-10-28T09:47:36.963+0000: [GC (Allocation Failure) 2020-10-28T09:47:36.963+0000: [ParNew: 17519K->1858K(18432K), 0.0031366 secs] 20979K->5393K(59392K), 0.0031846 secs] [Times: user=0.00 sys=0.00, real=0.00 secs] 
2020-10-28T09:47:37.084+0000: [GC (Allocation Failure) 2020-10-28T09:47:37.084+0000: [ParNew: 18242K->1133K(18432K), 0.0049444 secs] 21777K->5279K(59392K), 0.0050035 secs] [Times: user=0.01 sys=0.00, real=0.01 secs] 
2020-10-28T09:47:37.177+0000: [GC (Allocation Failure) 2020-10-28T09:47:37.177+0000: [ParNew: 17517K->928K(18432K), 0.0038043 secs] 21663K->5073K(59392K), 0.0038581 secs] [Times: user=0.00 sys=0.00, real=0.00 secs] 
2020-10-28T09:47:37.256+0000: [GC (Allocation Failure) 2020-10-28T09:47:37.256+0000: [ParNew: 17312K->1045K(18432K), 0.0019235 secs] 21457K->5190K(59392K), 0.0019819 secs] [Times: user=0.01 sys=0.00, real=0.00 secs] 
2020-10-28T09:47:37.334+0000: [GC (Allocation Failure) 2020-10-28T09:47:37.334+0000: [ParNew: 17429K->1785K(18432K), 0.0022162 secs] 21574K->5930K(59392K), 0.0022838 secs] [Times: user=0.01 sys=0.00, real=0.01 secs] 
2020-10-28T09:47:37.389+0000: [GC (Allocation Failure) 2020-10-28T09:47:37.389+0000: [ParNew: 18169K->979K(18432K), 0.0033531 secs] 22314K->5483K(59392K), 0.0034027 secs] [Times: user=0.00 sys=0.00, real=0.00 secs] 
2020-10-28T09:47:37.462+0000: [GC (Allocation Failure) 2020-10-28T09:47:37.462+0000: [ParNew: 17363K->1382K(18432K), 0.0019751 secs] 21867K->5886K(59392K), 0.0020242 secs] [Times: user=0.00 sys=0.00, real=0.00 secs] 
2020-10-28T09:47:37.621+0000: [GC (Allocation Failure) 2020-10-28T09:47:37.621+0000: [ParNew: 17766K->1510K(18432K), 0.0037290 secs] 22270K->6218K(59392K), 0.0037775 secs] [Times: user=0.00 sys=0.00, real=0.00 secs] 
2020-10-28T09:47:37.690+0000: [GC (Allocation Failure) 2020-10-28T09:47:37.690+0000: [ParNew: 17894K->1145K(18432K), 0.0032331 secs] 22602K->6314K(59392K), 0.0032940 secs] [Times: user=0.01 sys=0.00, real=0.00 secs] 
2020-10-28T09:47:37.986+0000: [GC (Allocation Failure) 2020-10-28T09:47:37.986+0000: [ParNew: 17529K->1209K(18432K), 0.0018834 secs] 39082K->22762K(59392K), 0.0019297 secs] [Times: user=0.01 sys=0.00, real=0.01 secs] 
2020-10-28T09:47:37.988+0000: [GC (CMS Initial Mark) [1 CMS-initial-mark: 21553K(40960K)] 22762K(59392K), 0.0008856 secs] [Times: user=0.00 sys=0.00, real=0.00 secs] 
2020-10-28T09:47:37.989+0000: [CMS-concurrent-mark-start]
2020-10-28T09:47:38.004+0000: [CMS-concurrent-mark: 0.015/0.015 secs] [Times: user=0.02 sys=0.00, real=0.01 secs] 
2020-10-28T09:47:38.004+0000: [CMS-concurrent-preclean-start]
2020-10-28T09:47:38.004+0000: [CMS-concurrent-preclean: 0.000/0.000 secs] [Times: user=0.00 sys=0.00, real=0.00 secs] 
2020-10-28T09:47:38.004+0000: [GC (CMS Final Remark) [YG occupancy: 2180 K (18432 K)]2020-10-28T09:47:38.004+0000: [Rescan (parallel) , 0.0007532 secs]2020-10-28T09:47:38.005+0000: [weak refs processing, 0.0000307 secs]2020-10-28T09:47:38.005+0000: [class unloading, 0.0021805 secs]2020-10-28T09:47:38.007+0000: [scrub symbol table, 0.0023695 secs]2020-10-28T09:47:38.010+0000: [scrub string table, 0.0002298 secs][1 CMS-remark: 21553K(40960K)] 23734K(59392K), 0.0056398 secs] [Times: user=0.01 sys=0.00, real=0.01 secs] 
2020-10-28T09:47:38.010+0000: [CMS-concurrent-sweep-start]
2020-10-28T09:47:38.013+0000: [CMS-concurrent-sweep: 0.002/0.002 secs] [Times: user=0.01 sys=0.00, real=0.00 secs] 
2020-10-28T09:47:38.013+0000: [CMS-concurrent-reset-start]
2020-10-28T09:47:38.042+0000: [CMS-concurrent-reset: 0.030/0.030 secs] [Times: user=0.03 sys=0.03, real=0.03 secs] 
2020-10-28T09:47:38.098+0000: [GC (Allocation Failure) 2020-10-28T09:47:38.098+0000: [ParNew: 17593K->1010K(18432K), 0.0041115 secs] 38737K->22387K(59392K), 0.0041709 secs] [Times: user=0.01 sys=0.00, real=0.00 secs] 
2020-10-28T09:47:38.231+0000: [GC (Allocation Failure) 2020-10-28T09:47:38.231+0000: [ParNew: 17394K->1332K(18432K), 0.0039556 secs] 55155K->39094K(59392K), 0.0040150 secs] [Times: user=0.00 sys=0.00, real=0.00 secs] 
2020-10-28T09:47:38.235+0000: [GC (CMS Initial Mark) [1 CMS-initial-mark: 37761K(40960K)] 39094K(59392K), 0.0008493 secs] [Times: user=0.01 sys=0.00, real=0.01 secs] 
2020-10-28T09:47:38.236+0000: [CMS-concurrent-mark-start]
2020-10-28T09:47:38.249+0000: [CMS-concurrent-mark: 0.013/0.013 secs] [Times: user=0.02 sys=0.00, real=0.01 secs] 
2020-10-28T09:47:38.249+0000: [CMS-concurrent-preclean-start]
2020-10-28T09:47:38.250+0000: [CMS-concurrent-preclean: 0.000/0.000 secs] [Times: user=0.00 sys=0.00, real=0.00 secs] 
2020-10-28T09:47:38.250+0000: [GC (CMS Final Remark) [YG occupancy: 2955 K (18432 K)]2020-10-28T09:47:38.250+0000: [Rescan (parallel) , 0.0010465 secs]2020-10-28T09:47:38.251+0000: [weak refs processing, 0.0000265 secs]2020-10-28T09:47:38.251+0000: [class unloading, 0.0022568 secs]2020-10-28T09:47:38.254+0000: [scrub symbol table, 0.0025633 secs]2020-10-28T09:47:38.256+0000: [scrub string table, 0.0002456 secs][1 CMS-remark: 37761K(40960K)] 40716K(59392K), 0.0062380 secs] [Times: user=0.01 sys=0.00, real=0.01 secs] 
2020-10-28T09:47:38.257+0000: [CMS-concurrent-sweep-start]
2020-10-28T09:47:38.259+0000: [CMS-concurrent-sweep: 0.002/0.002 secs] [Times: user=0.00 sys=0.00, real=0.00 secs] 
2020-10-28T09:47:38.259+0000: [CMS-concurrent-reset-start]
2020-10-28T09:47:38.261+0000: [CMS-concurrent-reset: 0.002/0.002 secs] [Times: user=0.01 sys=0.00, real=0.00 secs] 
2020-10-28T09:47:38.334+0000: [GC (Allocation Failure) 2020-10-28T09:47:38.334+0000: [ParNew: 17716K->1391K(18432K), 0.0030516 secs] 55429K->39474K(81288K), 0.0031105 secs] [Times: user=0.00 sys=0.00, real=0.01 secs] 
2020-10-28T09:47:38.429+0000: [GC (Allocation Failure) 2020-10-28T09:47:38.429+0000: [ParNew: 17775K->903K(18432K), 0.0019690 secs] 55858K->39052K(81288K), 0.0020363 secs] [Times: user=0.01 sys=0.00, real=0.00 secs] 
2020-10-28T09:47:38.491+0000: [GC (Allocation Failure) 2020-10-28T09:47:38.491+0000: [ParNew: 17287K->1570K(18432K), 0.0019359 secs] 55436K->39718K(81288K), 0.0019867 secs] [Times: user=0.00 sys=0.00, real=0.00 secs] 
2020-10-28T09:47:38.548+0000: [GC (Allocation Failure) 2020-10-28T09:47:38.548+0000: [ParNew: 17954K->1175K(18432K), 0.0025320 secs] 56102K->39720K(81288K), 0.0025818 secs] [Times: user=0.01 sys=0.01, real=0.00 secs] 
2020-10-28T09:47:38.592+0000: [GC (Allocation Failure) 2020-10-28T09:47:38.592+0000: [ParNew: 17559K->935K(18432K), 0.0015958 secs] 56104K->39480K(81288K), 0.0016456 secs] [Times: user=0.00 sys=0.00, real=0.00 secs] 
2020-10-28T09:47:38.746+0000: [GC (Allocation Failure) 2020-10-28T09:47:38.746+0000: [ParNew: 17319K->1108K(18432K), 0.0021939 secs] 55864K->39653K(81288K), 0.0022373 secs] [Times: user=0.00 sys=0.00, real=0.01 secs] 
2020-10-28T09:47:38.858+0000: [GC (Allocation Failure) 2020-10-28T09:47:38.858+0000: [ParNew: 17492K->1899K(18432K), 0.0032381 secs] 56037K->40444K(81288K), 0.0032876 secs] [Times: user=0.00 sys=0.00, real=0.00 secs] 
2020-10-28T09:47:39.053+0000: [GC (Allocation Failure) 2020-10-28T09:47:39.053+0000: [ParNew: 18283K->1513K(18432K), 0.0057769 secs] 73212K->57689K(81288K), 0.0058298 secs] [Times: user=0.01 sys=0.00, real=0.01 secs] 
2020-10-28T09:47:39.059+0000: [GC (CMS Initial Mark) [1 CMS-initial-mark: 56176K(62856K)] 57689K(81288K), 0.0011875 secs] [Times: user=0.00 sys=0.00, real=0.00 secs] 
2020-10-28T09:47:39.061+0000: [CMS-concurrent-mark-start]
2020-10-28T09:47:39.075+0000: [CMS-concurrent-mark: 0.015/0.015 secs] [Times: user=0.02 sys=0.00, real=0.01 secs] 
2020-10-28T09:47:39.075+0000: [CMS-concurrent-preclean-start]
2020-10-28T09:47:39.076+0000: [CMS-concurrent-preclean: 0.001/0.001 secs] [Times: user=0.00 sys=0.00, real=0.00 secs] 
2020-10-28T09:47:39.076+0000: [GC (CMS Final Remark) [YG occupancy: 2424 K (18432 K)]2020-10-28T09:47:39.076+0000: [Rescan (parallel) , 0.0008841 secs]2020-10-28T09:47:39.077+0000: [weak refs processing, 0.0000378 secs]2020-10-28T09:47:39.077+0000: [class unloading, 0.0027823 secs]2020-10-28T09:47:39.080+0000: [scrub symbol table, 0.0034597 secs]2020-10-28T09:47:39.084+0000: [scrub string table, 0.0002864 secs][1 CMS-remark: 56176K(62856K)] 58600K(81288K), 0.0075532 secs] [Times: user=0.01 sys=0.00, real=0.00 secs] 
2020-10-28T09:47:39.084+0000: [CMS-concurrent-sweep-start]
2020-10-28T09:47:39.087+0000: [CMS-concurrent-sweep: 0.003/0.003 secs] [Times: user=0.00 sys=0.00, real=0.00 secs] 
2020-10-28T09:47:39.087+0000: [CMS-concurrent-reset-start]
2020-10-28T09:47:39.091+0000: [CMS-concurrent-reset: 0.004/0.004 secs] [Times: user=0.01 sys=0.00, real=0.01 secs] 
2020-10-28T09:47:39.190+0000: [GC (Allocation Failure) 2020-10-28T09:47:39.190+0000: [ParNew: 17897K->1378K(18432K), 0.0025079 secs] 73975K->57456K(111896K), 0.0025605 secs] [Times: user=0.00 sys=0.00, real=0.00 secs] 
2020-10-28T09:47:39.319+0000: [GC (Allocation Failure) 2020-10-28T09:47:39.319+0000: [ParNew: 17762K->949K(18432K), 0.0036195 secs] 90224K->73811K(111896K), 0.0036767 secs] [Times: user=0.01 sys=0.00, real=0.00 secs] 
2020-10-28T09:47:39.324+0000: [GC (CMS Initial Mark) [1 CMS-initial-mark: 72861K(93464K)] 74262K(111896K), 0.0013593 secs] [Times: user=0.01 sys=0.00, real=0.00 secs] 
2020-10-28T09:47:39.326+0000: [CMS-concurrent-mark-start]
2020-10-28T09:47:39.343+0000: [CMS-concurrent-mark: 0.017/0.017 secs] [Times: user=0.03 sys=0.00, real=0.02 secs] 
2020-10-28T09:47:39.343+0000: [CMS-concurrent-preclean-start]
2020-10-28T09:47:39.344+0000: [CMS-concurrent-preclean: 0.001/0.001 secs] [Times: user=0.00 sys=0.00, real=0.00 secs] 
2020-10-28T09:47:39.344+0000: [GC (CMS Final Remark) [YG occupancy: 2531 K (18432 K)]2020-10-28T09:47:39.344+0000: [Rescan (parallel) , 0.0009489 secs]2020-10-28T09:47:39.345+0000: [weak refs processing, 0.0000286 secs]2020-10-28T09:47:39.345+0000: [class unloading, 0.0029645 secs]2020-10-28T09:47:39.348+0000: [scrub symbol table, 0.0035317 secs]2020-10-28T09:47:39.351+0000: [scrub string table, 0.0003245 secs][1 CMS-remark: 72861K(93464K)] 75393K(111896K), 0.0079148 secs] [Times: user=0.01 sys=0.00, real=0.01 secs] 
2020-10-28T09:47:39.352+0000: [CMS-concurrent-sweep-start]
2020-10-28T09:47:39.355+0000: [CMS-concurrent-sweep: 0.003/0.003 secs] [Times: user=0.01 sys=0.00, real=0.00 secs] 
2020-10-28T09:47:39.355+0000: [CMS-concurrent-reset-start]
2020-10-28T09:47:39.357+0000: [CMS-concurrent-reset: 0.002/0.002 secs] [Times: user=0.00 sys=0.00, real=0.01 secs] 
2020-10-28T09:47:39.468+0000: [GC (Allocation Failure) 2020-10-28T09:47:39.468+0000: [ParNew: 17333K->1376K(18432K), 0.0037960 secs] 90180K->74223K(139848K), 0.0038480 secs] [Times: user=0.00 sys=0.00, real=0.00 secs] 
2020-10-28T09:47:39.600+0000: [GC (Allocation Failure) 2020-10-28T09:47:39.600+0000: [ParNew: 17760K->1440K(18432K), 0.0062200 secs] 90607K->74526K(139848K), 0.0062910 secs] [Times: user=0.01 sys=0.00, real=0.00 secs] 
2020-10-28T09:47:39.705+0000: [GC (Allocation Failure) 2020-10-28T09:47:39.705+0000: [ParNew: 17824K->1335K(18432K), 0.0061684 secs] 90910K->74787K(139848K), 0.0062386 secs] [Times: user=0.01 sys=0.00, real=0.01 secs] 
2020-10-28T09:47:39.807+0000: [GC (Allocation Failure) 2020-10-28T09:47:39.807+0000: [ParNew: 17719K->1293K(18432K), 0.0073044 secs] 91171K->75084K(139848K), 0.0073784 secs] [Times: user=0.02 sys=0.00, real=0.01 secs] 
2020-10-28T09:47:40.013+0000: [GC (Allocation Failure) 2020-10-28T09:47:40.013+0000: [ParNew: 17677K->1928K(18432K), 0.0045551 secs] 91468K->75719K(139848K), 0.0046188 secs] [Times: user=0.01 sys=0.00, real=0.01 secs] 
2020-10-28T09:47:40.159+0000: [GC (Allocation Failure) 2020-10-28T09:47:40.160+0000: [ParNew: 18312K->1433K(18432K), 0.0078986 secs] 92103K->76484K(139848K), 0.0079749 secs] [Times: user=0.02 sys=0.00, real=0.00 secs] 
2020-10-28T09:47:40.329+0000: [GC (Allocation Failure) 2020-10-28T09:47:40.329+0000: [ParNew: 17817K->1425K(18432K), 0.0025285 secs] 92868K->76477K(139848K), 0.0026052 secs] [Times: user=0.00 sys=0.00, real=0.00 secs] 
2020-10-28T09:47:40.517+0000: [GC (Allocation Failure) 2020-10-28T09:47:40.517+0000: [ParNew: 17809K->1663K(18432K), 0.0068610 secs] 92861K->76917K(139848K), 0.0069275 secs] [Times: user=0.01 sys=0.00, real=0.00 secs] 
2020-10-28T09:47:40.631+0000: [GC (Allocation Failure) 2020-10-28T09:47:40.631+0000: [ParNew: 18047K->1426K(18432K), 0.0077475 secs] 93301K->76881K(139848K), 0.0078159 secs] [Times: user=0.01 sys=0.00, real=0.01 secs] 
2020-10-28T09:47:40.706+0000: [GC (Allocation Failure) 2020-10-28T09:47:40.706+0000: [ParNew: 17810K->975K(18432K), 0.0047756 secs] 93265K->76430K(139848K), 0.0048497 secs] [Times: user=0.00 sys=0.00, real=0.01 secs] 
2020-10-28T09:47:40.857+0000: [GC (Allocation Failure) 2020-10-28T09:47:40.857+0000: [ParNew: 17359K->888K(18432K), 0.0046689 secs] 92814K->76343K(139848K), 0.0047174 secs] [Times: user=0.01 sys=0.00, real=0.00 secs] 
2020-10-28T09:47:40.949+0000: [GC (Allocation Failure) 2020-10-28T09:47:40.949+0000: [ParNew: 17272K->1044K(18432K), 0.0048458 secs] 92727K->76499K(139848K), 0.0048957 secs] [Times: user=0.01 sys=0.00, real=0.00 secs] 
2020-10-28T09:47:41.155+0000: [GC (Allocation Failure) 2020-10-28T09:47:41.155+0000: [ParNew: 17428K->1992K(18432K), 0.0044642 secs] 92883K->77447K(139848K), 0.0045319 secs] [Times: user=0.01 sys=0.00, real=0.01 secs] 
2020-10-28T09:47:41.275+0000: [GC (Allocation Failure) 2020-10-28T09:47:41.275+0000: [ParNew: 18376K->1598K(18432K), 0.0108351 secs] 93831K->78466K(139848K), 0.0108814 secs] [Times: user=0.02 sys=0.00, real=0.01 secs] 
2020-10-28T09:47:41.376+0000: [GC (Allocation Failure) 2020-10-28T09:47:41.376+0000: [ParNew: 17982K->1631K(18432K), 0.0026771 secs] 94850K->78499K(139848K), 0.0027263 secs] [Times: user=0.01 sys=0.00, real=0.00 secs] 
2020-10-28T09:47:41.453+0000: [GC (Allocation Failure) 2020-10-28T09:47:41.454+0000: [ParNew: 18015K->1003K(18432K), 0.0040290 secs] 94883K->78384K(139848K), 0.0040883 secs] [Times: user=0.00 sys=0.00, real=0.01 secs] 
2020-10-28T09:47:41.522+0000: [GC (Allocation Failure) 2020-10-28T09:47:41.522+0000: [ParNew: 17387K->553K(18432K), 0.0017548 secs] 94768K->77934K(139848K), 0.0018254 secs] [Times: user=0.01 sys=0.00, real=0.00 secs] 
2020-10-28T09:47:41.588+0000: [GC (Allocation Failure) 2020-10-28T09:47:41.588+0000: [ParNew: 16937K->696K(18432K), 0.0019592 secs] 94318K->78078K(139848K), 0.0020207 secs] [Times: user=0.00 sys=0.00, real=0.00 secs] 
2020-10-28T09:47:41.653+0000: [GC (Allocation Failure) 2020-10-28T09:47:41.653+0000: [ParNew: 17080K->1086K(18432K), 0.0022943 secs] 94462K->78468K(139848K), 0.0023986 secs] [Times: user=0.00 sys=0.00, real=0.01 secs] 
2020-10-28T09:47:41.731+0000: [GC (Allocation Failure) 2020-10-28T09:47:41.731+0000: [ParNew: 17470K->1541K(18432K), 0.0027800 secs] 94852K->78922K(139848K), 0.0028465 secs] [Times: user=0.01 sys=0.00, real=0.00 secs] 
2020-10-28T09:47:41.816+0000: [GC (Allocation Failure) 2020-10-28T09:47:41.816+0000: [ParNew: 17925K->1525K(18432K), 0.0043343 secs] 95306K->79264K(139848K), 0.0043946 secs] [Times: user=0.00 sys=0.00, real=0.00 secs] 
2020-10-28T09:47:41.902+0000: [GC (Allocation Failure) 2020-10-28T09:47:41.902+0000: [ParNew: 17909K->1191K(18432K), 0.0033203 secs] 95648K->79082K(139848K), 0.0033887 secs] [Times: user=0.01 sys=0.00, real=0.00 secs] 
2020-10-28T09:47:42.025+0000: [GC (Allocation Failure) 2020-10-28T09:47:42.025+0000: [ParNew: 17575K->1243K(18432K), 0.0032159 secs] 95466K->79310K(139848K), 0.0032884 secs] [Times: user=0.00 sys=0.00, real=0.01 secs] 
2020-10-28T09:47:42.106+0000: [GC (Allocation Failure) 2020-10-28T09:47:42.106+0000: [ParNew: 17627K->1741K(18432K), 0.0060746 secs] 95694K->79808K(139848K), 0.0061444 secs] [Times: user=0.01 sys=0.00, real=0.01 secs] 
2020-10-28T09:47:42.186+0000: [GC (Allocation Failure) 2020-10-28T09:47:42.186+0000: [ParNew: 18125K->1448K(18432K), 0.0038721 secs] 96192K->80084K(139848K), 0.0039314 secs] [Times: user=0.01 sys=0.00, real=0.01 secs] 
2020-10-28T09:47:42.259+0000: [GC (Allocation Failure) 2020-10-28T09:47:42.259+0000: [ParNew: 17832K->1174K(18432K), 0.0023587 secs] 96468K->79889K(139848K), 0.0024227 secs] [Times: user=0.01 sys=0.00, real=0.00 secs] 
2020-10-28T09:47:42.433+0000: [GC (Allocation Failure) 2020-10-28T09:47:42.434+0000: [ParNew: 17558K->1116K(18432K), 0.0101960 secs] 96273K->80015K(139848K), 0.0102470 secs] [Times: user=0.02 sys=0.00, real=0.01 secs] 
2020-10-28T09:47:42.616+0000: [GC (Allocation Failure) 2020-10-28T09:47:42.616+0000: [ParNew: 17500K->2048K(18432K), 0.0174992 secs] 96399K->82256K(139848K), 0.0175511 secs] [Times: user=0.04 sys=0.00, real=0.01 secs] 
2020-10-28T09:47:42.733+0000: [GC (Allocation Failure) 2020-10-28T09:47:42.733+0000: [ParNew: 18432K->2048K(18432K), 0.0084453 secs] 98640K->84476K(139848K), 0.0084984 secs] [Times: user=0.01 sys=0.00, real=0.01 secs] 
2020-10-28T09:47:42.826+0000: [GC (Allocation Failure) 2020-10-28T09:47:42.826+0000: [ParNew: 18432K->1240K(18432K), 0.0025291 secs] 100860K->83668K(139848K), 0.0025873 secs] [Times: user=0.01 sys=0.00, real=0.01 secs] 
2020-10-28T09:47:42.890+0000: [GC (Allocation Failure) 2020-10-28T09:47:42.890+0000: [ParNew: 17624K->1189K(18432K), 0.0023652 secs] 100052K->83618K(139848K), 0.0024182 secs] [Times: user=0.01 sys=0.00, real=0.00 secs] 
2020-10-28T09:47:42.896+0000: [GC (CMS Initial Mark) [1 CMS-initial-mark: 82428K(121416K)] 83946K(139848K), 0.0012771 secs] [Times: user=0.00 sys=0.00, real=0.00 secs] 
2020-10-28T09:47:42.897+0000: [CMS-concurrent-mark-start]
2020-10-28T09:47:42.969+0000: [CMS-concurrent-mark: 0.070/0.072 secs] [Times: user=0.14 sys=0.01, real=0.07 secs] 
2020-10-28T09:47:42.969+0000: [CMS-concurrent-preclean-start]
2020-10-28T09:47:42.971+0000: [CMS-concurrent-preclean: 0.002/0.002 secs] [Times: user=0.00 sys=0.00, real=0.00 secs] 
2020-10-28T09:47:42.971+0000: [CMS-concurrent-abortable-preclean-start]
2020-10-28T09:47:42.992+0000: [GC (Allocation Failure) 2020-10-28T09:47:42.992+0000: [ParNew: 17573K->1055K(18432K), 0.0033413 secs] 100002K->83787K(139848K), 0.0034011 secs] [Times: user=0.00 sys=0.00, real=0.00 secs] 
2020-10-28T09:47:43.098+0000: [GC (Allocation Failure) 2020-10-28T09:47:43.098+0000: [ParNew: 17439K->773K(18432K), 0.0026449 secs] 100171K->83505K(139848K), 0.0027138 secs] [Times: user=0.01 sys=0.00, real=0.00 secs] 
2020-10-28T09:47:43.204+0000: [CMS-concurrent-abortable-preclean: 0.040/0.233 secs] [Times: user=0.41 sys=0.01, real=0.23 secs] 
2020-10-28T09:47:43.216+0000: [GC (CMS Final Remark) [YG occupancy: 15842 K (18432 K)]2020-10-28T09:47:43.216+0000: [Rescan (parallel) , 0.0031872 secs]2020-10-28T09:47:43.219+0000: [weak refs processing, 0.0001314 secs]2020-10-28T09:47:43.219+0000: [class unloading, 0.0075050 secs]2020-10-28T09:47:43.226+0000: [scrub symbol table, 0.0086135 secs]2020-10-28T09:47:43.235+0000: [scrub string table, 0.0006920 secs][1 CMS-remark: 82731K(121416K)] 98574K(139848K), 0.0202890 secs] [Times: user=0.04 sys=0.00, real=0.02 secs] 
2020-10-28T09:47:43.243+0000: [CMS-concurrent-sweep-start]
2020-10-28T09:47:43.243+0000: [GC (Allocation Failure) 2020-10-28T09:47:43.243+0000: [ParNew: 17157K->1202K(18432K), 0.0051649 secs] 99884K->83929K(139848K), 0.0052154 secs] [Times: user=0.01 sys=0.00, real=0.01 secs] 
2020-10-28T09:47:43.267+0000: [CMS-concurrent-sweep: 0.009/0.024 secs] [Times: user=0.05 sys=0.01, real=0.02 secs] 
2020-10-28T09:47:43.267+0000: [CMS-concurrent-reset-start]
2020-10-28T09:47:43.269+0000: [CMS-concurrent-reset: 0.002/0.002 secs] [Times: user=0.00 sys=0.00, real=0.01 secs] 
2020-10-28T09:47:43.319+0000: [GC (Allocation Failure) 2020-10-28T09:47:43.319+0000: [ParNew: 17586K->1174K(18432K), 0.0071074 secs] 99474K->83137K(154912K), 0.0071770 secs] [Times: user=0.01 sys=0.00, real=0.00 secs] 
2020-10-28T09:47:43.400+0000: [GC (Allocation Failure) 2020-10-28T09:47:43.400+0000: [ParNew: 17558K->1235K(18432K), 0.0031562 secs] 99521K->83198K(154912K), 0.0032119 secs] [Times: user=0.00 sys=0.00, real=0.00 secs] 
2020-10-28T09:47:43.490+0000: [GC (Allocation Failure) 2020-10-28T09:47:43.490+0000: [ParNew: 17619K->1491K(18432K), 0.0068545 secs] 99582K->83529K(154912K), 0.0069096 secs] [Times: user=0.01 sys=0.00, real=0.01 secs] 
2020-10-28T09:47:43.796+0000: [GC (Allocation Failure) 2020-10-28T09:47:43.796+0000: [ParNew: 17875K->2048K(18432K), 0.0051852 secs] 99913K->84733K(154912K), 0.0052364 secs] [Times: user=0.01 sys=0.00, real=0.00 secs] 
2020-10-28T09:47:44.019+0000: [GC (Allocation Failure) 2020-10-28T09:47:44.019+0000: [ParNew: 18432K->1705K(18432K), 0.0087659 secs] 101117K->85861K(154912K), 0.0088216 secs] [Times: user=0.01 sys=0.00, real=0.01 secs] 
2020-10-28T09:47:44.114+0000: [GC (Allocation Failure) 2020-10-28T09:47:44.114+0000: [ParNew: 15546K->869K(18432K), 0.0045896 secs] 99702K->85025K(154912K), 0.0046431 secs] [Times: user=0.01 sys=0.00, real=0.01 secs] 
2020-10-28T09:47:44.428+0000: [GC (Allocation Failure) 2020-10-28T09:47:44.428+0000: [ParNew: 17253K->467K(18432K), 0.0083168 secs] 101409K->92815K(154912K), 0.0083740 secs] [Times: user=0.00 sys=0.00, real=0.01 secs] 
2020-10-28T09:47:44.596+0000: [GC (Allocation Failure) 2020-10-28T09:47:44.596+0000: [ParNew: 16851K->640K(18432K), 0.0035336 secs] 109199K->92988K(154912K), 0.0035877 secs] [Times: user=0.00 sys=0.00, real=0.00 secs] 
2020-10-28T09:47:44.718+0000: [GC (Allocation Failure) 2020-10-28T09:47:44.718+0000: [ParNew: 17024K->936K(18432K), 0.0022083 secs] 109372K->93284K(154912K), 0.0022809 secs] [Times: user=0.01 sys=0.00, real=0.00 secs] 
2020-10-28T09:47:44.823+0000: [GC (Allocation Failure) 2020-10-28T09:47:44.823+0000: [ParNew: 17320K->968K(18432K), 0.0022357 secs] 109668K->93316K(154912K), 0.0022902 secs] [Times: user=0.01 sys=0.00, real=0.00 secs] 
2020-10-28T09:47:44.911+0000: [GC (Allocation Failure) 2020-10-28T09:47:44.911+0000: [ParNew: 17352K->780K(18432K), 0.0023724 secs] 109700K->93325K(154912K), 0.0024449 secs] [Times: user=0.01 sys=0.00, real=0.00 secs] 
2020-10-28T09:47:44.988+0000: [GC (Allocation Failure) 2020-10-28T09:47:44.988+0000: [ParNew: 17164K->1143K(18432K), 0.0019341 secs] 109709K->93818K(154912K), 0.0019890 secs] [Times: user=0.00 sys=0.00, real=0.00 secs] 
2020-10-28T09:47:45.066+0000: [GC (Allocation Failure) 2020-10-28T09:47:45.066+0000: [ParNew: 17527K->32K(18432K), 0.0020860 secs] 110202K->93742K(154912K), 0.0021574 secs] [Times: user=0.01 sys=0.00, real=0.01 secs] 
2020-10-28T09:47:45.137+0000: [GC (Allocation Failure) 2020-10-28T09:47:45.137+0000: [ParNew: 16416K->8K(18432K), 0.0023099 secs] 110126K->93718K(154912K), 0.0023622 secs] [Times: user=0.01 sys=0.00, real=0.00 secs] 
2020-10-28T09:47:45.198+0000: [GC (Allocation Failure) 2020-10-28T09:47:45.198+0000: [ParNew: 16392K->8K(18432K), 0.0013136 secs] 110102K->93718K(154912K), 0.0013849 secs] [Times: user=0.00 sys=0.00, real=0.00 secs] 
2020-10-28T09:47:45.261+0000: [GC (Allocation Failure) 2020-10-28T09:47:45.261+0000: [ParNew: 16392K->14K(18432K), 0.0024987 secs] 110102K->95773K(154912K), 0.0025684 secs] [Times: user=0.01 sys=0.00, real=0.00 secs] 
2020-10-28T09:47:45.263+0000: [GC (CMS Initial Mark) [1 CMS-initial-mark: 95758K(136480K)] 95773K(154912K), 0.0010917 secs] [Times: user=0.00 sys=0.00, real=0.00 secs] 
2020-10-28T09:47:45.264+0000: [CMS-concurrent-mark-start]
2020-10-28T09:47:45.300+0000: [CMS-concurrent-mark: 0.036/0.036 secs] [Times: user=0.07 sys=0.00, real=0.04 secs] 
2020-10-28T09:47:45.300+0000: [CMS-concurrent-preclean-start]
2020-10-28T09:47:45.302+0000: [CMS-concurrent-preclean: 0.001/0.001 secs] [Times: user=0.00 sys=0.00, real=0.00 secs] 
2020-10-28T09:47:45.302+0000: [CMS-concurrent-abortable-preclean-start]
2020-10-28T09:47:45.341+0000: [GC (Allocation Failure) 2020-10-28T09:47:45.341+0000: [ParNew: 16398K->18K(18432K), 0.0013684 secs] 112157K->95777K(154912K), 0.0014209 secs] [Times: user=0.00 sys=0.00, real=0.00 secs] 
2020-10-28T09:47:45.401+0000: [GC (Allocation Failure) 2020-10-28T09:47:45.401+0000: [ParNew: 16402K->21K(18432K), 0.0013403 secs] 112161K->95780K(154912K), 0.0014060 secs] [Times: user=0.00 sys=0.00, real=0.00 secs] 
2020-10-28T09:47:45.451+0000: [GC (Allocation Failure) 2020-10-28T09:47:45.451+0000: [ParNew: 16405K->22K(18432K), 0.0013654 secs] 112164K->95781K(154912K), 0.0014321 secs] [Times: user=0.00 sys=0.00, real=0.00 secs] 
2020-10-28T09:47:45.483+0000: [GC (Allocation Failure) 2020-10-28T09:47:45.483+0000: [ParNew: 16406K->24K(18432K), 0.0013994 secs] 112165K->95786K(154912K), 0.0014542 secs] [Times: user=0.00 sys=0.00, real=0.00 secs] 
2020-10-28T09:47:45.505+0000: [GC (Allocation Failure) 2020-10-28T09:47:45.505+0000: [ParNew: 10867K->18K(18432K), 0.0012984 secs] 106629K->95781K(154912K), 0.0013499 secs] [Times: user=0.00 sys=0.00, real=0.00 secs] 
2020-10-28T09:47:45.521+0000: [GC (Allocation Failure) 2020-10-28T09:47:45.521+0000: [ParNew: 16402K->17K(18432K), 0.0071743 secs] 112165K->103977K(154912K), 0.0072381 secs] [Times: user=0.01 sys=0.01, real=0.01 secs] 
2020-10-28T09:47:45.528+0000: [CMS-concurrent-abortable-preclean: 0.005/0.227 secs] [Times: user=0.41 sys=0.02, real=0.23 secs] 
2020-10-28T09:47:45.529+0000: [GC (CMS Final Remark) [YG occupancy: 343 K (18432 K)]2020-10-28T09:47:45.529+0000: [Rescan (parallel) , 0.0013964 secs]2020-10-28T09:47:45.530+0000: [weak refs processing, 0.0000748 secs]2020-10-28T09:47:45.530+0000: [class unloading, 0.0076735 secs]2020-10-28T09:47:45.538+0000: [scrub symbol table, 0.0089620 secs]2020-10-28T09:47:45.547+0000: [scrub string table, 0.0005180 secs][1 CMS-remark: 103960K(136480K)] 104303K(154912K), 0.0188016 secs] [Times: user=0.02 sys=0.00, real=0.01 secs] 
2020-10-28T09:47:45.548+0000: [CMS-concurrent-sweep-start]
2020-10-28T09:47:45.558+0000: [CMS-concurrent-sweep: 0.010/0.010 secs] [Times: user=0.02 sys=0.00, real=0.01 secs] 
2020-10-28T09:47:45.558+0000: [CMS-concurrent-reset-start]
2020-10-28T09:47:45.560+0000: [CMS-concurrent-reset: 0.002/0.002 secs] [Times: user=0.01 sys=0.00, real=0.00 secs] 
2020-10-28T09:47:45.585+0000: [GC (Allocation Failure) 2020-10-28T09:47:45.585+0000: [ParNew: 16401K->12K(18432K), 0.0029468 secs] 119341K->102952K(190000K), 0.0030013 secs] [Times: user=0.01 sys=0.00, real=0.01 secs] 
2020-10-28T09:47:45.612+0000: [GC (Allocation Failure) 2020-10-28T09:47:45.612+0000: [ParNew: 16396K->7K(18432K), 0.0014497 secs] 119336K->102953K(190000K), 0.0015174 secs] [Times: user=0.00 sys=0.00, real=0.00 secs] 
2020-10-28T09:47:45.633+0000: [GC (Allocation Failure) 2020-10-28T09:47:45.633+0000: [ParNew: 16391K->6K(18432K), 0.0038400 secs] 119337K->107048K(190000K), 0.0038934 secs] [Times: user=0.01 sys=0.00, real=0.01 secs] 
2020-10-28T09:47:45.662+0000: [GC (Allocation Failure) 2020-10-28T09:47:45.662+0000: [ParNew: 16390K->6K(18432K), 0.0013931 secs] 123432K->107048K(190000K), 0.0014467 secs] [Times: user=0.00 sys=0.00, real=0.00 secs] 
2020-10-28T09:47:45.687+0000: [GC (Allocation Failure) 2020-10-28T09:47:45.687+0000: [ParNew: 16390K->4K(18432K), 0.0013832 secs] 123432K->107046K(190000K), 0.0014603 secs] [Times: user=0.00 sys=0.00, real=0.01 secs] 
2020-10-28T09:47:45.734+0000: [GC (Allocation Failure) 2020-10-28T09:47:45.735+0000: [ParNew: 16388K->4K(18432K), 0.0028085 secs] 123430K->107046K(190000K), 0.0028628 secs] [Times: user=0.01 sys=0.00, real=0.01 secs] 
2020-10-28T09:47:45.767+0000: [GC (Allocation Failure) 2020-10-28T09:47:45.767+0000: [ParNew: 16388K->4K(18432K), 0.0014047 secs] 123430K->107048K(190000K), 0.0014581 secs] [Times: user=0.00 sys=0.00, real=0.01 secs] 
2020-10-28T09:47:45.794+0000: [GC (Allocation Failure) 2020-10-28T09:47:45.794+0000: [ParNew: 16388K->4K(18432K), 0.0014051 secs] 123432K->107048K(190000K), 0.0014578 secs] [Times: user=0.00 sys=0.00, real=0.00 secs] 
2020-10-28T09:47:45.816+0000: [GC (Allocation Failure) 2020-10-28T09:47:45.816+0000: [ParNew: 16388K->4K(18432K), 0.0014041 secs] 123432K->107048K(190000K), 0.0014576 secs] [Times: user=0.01 sys=0.00, real=0.00 secs] 
2020-10-28T09:47:45.838+0000: [GC (Allocation Failure) 2020-10-28T09:47:45.838+0000: [ParNew: 16388K->4K(18432K), 0.0014458 secs] 123432K->107048K(190000K), 0.0014996 secs] [Times: user=0.00 sys=0.00, real=0.00 secs] 
2020-10-28T09:47:45.859+0000: [GC (Allocation Failure) 2020-10-28T09:47:45.859+0000: [ParNew: 16386K->4K(18432K), 0.0013863 secs] 123430K->107048K(190000K), 0.0014382 secs] [Times: user=0.00 sys=0.00, real=0.00 secs] 
2020-10-28T09:47:45.880+0000: [GC (Allocation Failure) 2020-10-28T09:47:45.880+0000: [ParNew: 16388K->4K(18432K), 0.0013745 secs] 123432K->107048K(190000K), 0.0014260 secs] [Times: user=0.00 sys=0.00, real=0.00 secs] 
2020-10-28T09:47:45.901+0000: [GC (Allocation Failure) 2020-10-28T09:47:45.901+0000: [ParNew: 12741K->4K(18432K), 0.0013971 secs] 119786K->107048K(190000K), 0.0014485 secs] [Times: user=0.01 sys=0.00, real=0.00 secs] 
2020-10-28T09:47:45.913+0000: [GC (Allocation Failure) 2020-10-28T09:47:45.913+0000: [ParNew: 16388K->4K(18432K), 0.0120015 secs] 123432K->115240K(190000K), 0.0120510 secs] [Times: user=0.01 sys=0.00, real=0.01 secs] 
2020-10-28T09:47:45.928+0000: [GC (CMS Initial Mark) [1 CMS-initial-mark: 115236K(171568K)] 115565K(190000K), 0.0011595 secs] [Times: user=0.00 sys=0.00, real=0.00 secs] 
2020-10-28T09:47:45.929+0000: [CMS-concurrent-mark-start]
2020-10-28T09:47:45.961+0000: [GC (Allocation Failure) 2020-10-28T09:47:45.961+0000: [ParNew: 16388K->4K(18432K), 0.0013435 secs] 131624K->115240K(190000K), 0.0013969 secs] [Times: user=0.00 sys=0.00, real=0.00 secs] 
2020-10-28T09:47:45.967+0000: [CMS-concurrent-mark: 0.036/0.038 secs] [Times: user=0.07 sys=0.00, real=0.03 secs] 
2020-10-28T09:47:45.967+0000: [CMS-concurrent-preclean-start]
2020-10-28T09:47:45.968+0000: [CMS-concurrent-preclean: 0.001/0.001 secs] [Times: user=0.01 sys=0.00, real=0.01 secs] 
2020-10-28T09:47:45.968+0000: [CMS-concurrent-abortable-preclean-start]
2020-10-28T09:47:45.984+0000: [GC (Allocation Failure) 2020-10-28T09:47:45.984+0000: [ParNew: 16388K->4K(18432K), 0.0013236 secs] 131624K->115240K(190000K), 0.0013750 secs] [Times: user=0.00 sys=0.00, real=0.00 secs] 
2020-10-28T09:47:46.006+0000: [GC (Allocation Failure) 2020-10-28T09:47:46.006+0000: [ParNew: 16388K->4K(18432K), 0.0013276 secs] 131624K->115240K(190000K), 0.0013800 secs] [Times: user=0.00 sys=0.00, real=0.01 secs] 
2020-10-28T09:47:46.028+0000: [GC (Allocation Failure) 2020-10-28T09:47:46.028+0000: [ParNew: 16388K->4K(18432K), 0.0014635 secs] 131624K->115240K(190000K), 0.0015360 secs] [Times: user=0.00 sys=0.00, real=0.00 secs] 
2020-10-28T09:47:46.048+0000: [GC (Allocation Failure) 2020-10-28T09:47:46.048+0000: [ParNew: 14391K->4K(18432K), 0.0013164 secs] 129628K->115240K(190000K), 0.0013674 secs] [Times: user=0.01 sys=0.00, real=0.00 secs] 
2020-10-28T09:47:46.062+0000: [GC (Allocation Failure) 2020-10-28T09:47:46.062+0000: [ParNew: 16388K->4K(18432K), 0.0072571 secs] 131624K->123432K(190000K), 0.0073133 secs] [Times: user=0.01 sys=0.01, real=0.01 secs] 
2020-10-28T09:47:46.069+0000: [CMS-concurrent-abortable-preclean: 0.003/0.101 secs] [Times: user=0.11 sys=0.01, real=0.10 secs] 
2020-10-28T09:47:46.071+0000: [GC (CMS Final Remark) [YG occupancy: 329 K (18432 K)]2020-10-28T09:47:46.071+0000: [Rescan (parallel) , 0.0011332 secs]2020-10-28T09:47:46.072+0000: [weak refs processing, 0.0000254 secs]2020-10-28T09:47:46.072+0000: [class unloading, 0.0060749 secs]2020-10-28T09:47:46.078+0000: [scrub symbol table, 0.0078577 secs]2020-10-28T09:47:46.086+0000: [scrub string table, 0.0005160 secs][1 CMS-remark: 123428K(171568K)] 123758K(190000K), 0.0157134 secs] [Times: user=0.02 sys=0.00, real=0.01 secs] 
2020-10-28T09:47:46.087+0000: [CMS-concurrent-sweep-start]
2020-10-28T09:47:46.096+0000: [CMS-concurrent-sweep: 0.010/0.010 secs] [Times: user=0.02 sys=0.00, real=0.02 secs] 
2020-10-28T09:47:46.096+0000: [CMS-concurrent-reset-start]
2020-10-28T09:47:46.098+0000: [CMS-concurrent-reset: 0.002/0.002 secs] [Times: user=0.00 sys=0.00, real=0.00 secs] 
2020-10-28T09:47:46.112+0000: [GC (Allocation Failure) 2020-10-28T09:47:46.112+0000: [ParNew: 16388K->4K(18432K), 0.0014166 secs] 136740K->120356K(219024K), 0.0014670 secs] [Times: user=0.00 sys=0.00, real=0.00 secs] 
2020-10-28T09:47:46.139+0000: [GC (Allocation Failure) 2020-10-28T09:47:46.139+0000: [ParNew: 16388K->8K(18432K), 0.0019119 secs] 136740K->120361K(219024K), 0.0019685 secs] [Times: user=0.00 sys=0.00, real=0.00 secs] 
2020-10-28T09:47:46.161+0000: [GC (Allocation Failure) 2020-10-28T09:47:46.161+0000: [ParNew: 16392K->8K(18432K), 0.0014127 secs] 136745K->120361K(219024K), 0.0014651 secs] [Times: user=0.01 sys=0.00, real=0.00 secs] 
2020-10-28T09:47:46.184+0000: [GC (Allocation Failure) 2020-10-28T09:47:46.184+0000: [ParNew: 16392K->7K(18432K), 0.0014195 secs] 136745K->120360K(219024K), 0.0014740 secs] [Times: user=0.00 sys=0.00, real=0.00 secs] 
2020-10-28T09:47:46.205+0000: [GC (Allocation Failure) 2020-10-28T09:47:46.205+0000: [ParNew: 16391K->7K(18432K), 0.0014244 secs] 136744K->120360K(219024K), 0.0014791 secs] [Times: user=0.01 sys=0.00, real=0.00 secs] 
2020-10-28T09:47:46.226+0000: [GC (Allocation Failure) 2020-10-28T09:47:46.226+0000: [ParNew: 16391K->7K(18432K), 0.0014361 secs] 136744K->120361K(219024K), 0.0014885 secs] [Times: user=0.00 sys=0.00, real=0.01 secs] 
2020-10-28T09:47:46.248+0000: [GC (Allocation Failure) 2020-10-28T09:47:46.248+0000: [ParNew: 16391K->7K(18432K), 0.0014306 secs] 136745K->120360K(219024K), 0.0014831 secs] [Times: user=0.00 sys=0.00, real=0.00 secs] 
2020-10-28T09:47:46.261+0000: [GC (Allocation Failure) 2020-10-28T09:47:46.261+0000: [ParNew: 16391K->4K(18432K), 0.0070275 secs] 136744K->128554K(219024K), 0.0070866 secs] [Times: user=0.00 sys=0.00, real=0.01 secs] 
2020-10-28T09:47:46.271+0000: [GC (CMS Initial Mark) [1 CMS-initial-mark: 128549K(200592K)] 128881K(219024K), 0.0012457 secs] [Times: user=0.00 sys=0.00, real=0.00 secs] 
2020-10-28T09:47:46.273+0000: [CMS-concurrent-mark-start]
2020-10-28T09:47:46.304+0000: [GC (Allocation Failure) 2020-10-28T09:47:46.304+0000: [ParNew: 16388K->4K(18432K), 0.0013759 secs] 144938K->128553K(219024K), 0.0014295 secs] [Times: user=0.00 sys=0.00, real=0.00 secs] 
2020-10-28T09:47:46.312+0000: [CMS-concurrent-mark: 0.037/0.039 secs] [Times: user=0.08 sys=0.00, real=0.04 secs] 
2020-10-28T09:47:46.312+0000: [CMS-concurrent-preclean-start]
2020-10-28T09:47:46.313+0000: [CMS-concurrent-preclean: 0.001/0.001 secs] [Times: user=0.00 sys=0.00, real=0.00 secs] 
2020-10-28T09:47:46.313+0000: [CMS-concurrent-abortable-preclean-start]
2020-10-28T09:47:46.328+0000: [GC (Allocation Failure) 2020-10-28T09:47:46.328+0000: [ParNew: 16388K->4K(18432K), 0.0014497 secs] 144937K->128553K(219024K), 0.0015020 secs] [Times: user=0.00 sys=0.00, real=0.00 secs] 
2020-10-28T09:47:46.352+0000: [GC (Allocation Failure) 2020-10-28T09:47:46.352+0000: [ParNew: 16388K->4K(18432K), 0.0013849 secs] 144937K->128553K(219024K), 0.0014366 secs] [Times: user=0.01 sys=0.00, real=0.00 secs] 
2020-10-28T09:47:46.373+0000: [GC (Allocation Failure) 2020-10-28T09:47:46.373+0000: [ParNew: 16388K->4K(18432K), 0.0013605 secs] 144937K->128553K(219024K), 0.0014114 secs] [Times: user=0.00 sys=0.00, real=0.00 secs] 
2020-10-28T09:47:46.397+0000: [GC (Allocation Failure) 2020-10-28T09:47:46.397+0000: [ParNew: 16388K->4K(18432K), 0.0014278 secs] 144937K->128553K(219024K), 0.0014808 secs] [Times: user=0.00 sys=0.00, real=0.00 secs] 
2020-10-28T09:47:46.419+0000: [GC (Allocation Failure) 2020-10-28T09:47:46.419+0000: [ParNew: 16388K->4K(18432K), 0.0014504 secs] 144937K->128553K(219024K), 0.0015038 secs] [Times: user=0.00 sys=0.00, real=0.00 secs] 
2020-10-28T09:47:46.443+0000: [GC (Allocation Failure) 2020-10-28T09:47:46.443+0000: [ParNew: 16388K->4K(18432K), 0.0015489 secs] 144937K->128553K(219024K), 0.0016033 secs] [Times: user=0.00 sys=0.00, real=0.00 secs] 
2020-10-28T09:47:46.464+0000: [GC (Allocation Failure) 2020-10-28T09:47:46.464+0000: [ParNew: 16388K->4K(18432K), 0.0014246 secs] 144937K->128553K(219024K), 0.0014701 secs] [Times: user=0.00 sys=0.00, real=0.00 secs] 
2020-10-28T09:47:46.485+0000: [GC (Allocation Failure) 2020-10-28T09:47:46.486+0000: [ParNew: 16388K->4K(18432K), 0.0014163 secs] 144937K->128553K(219024K), 0.0014664 secs] [Times: user=0.01 sys=0.00, real=0.00 secs] 
2020-10-28T09:47:46.507+0000: [GC (Allocation Failure) 2020-10-28T09:47:46.507+0000: [ParNew: 16388K->4K(18432K), 0.0014278 secs] 144937K->128553K(219024K), 0.0014807 secs] [Times: user=0.00 sys=0.00, real=0.01 secs] 
2020-10-28T09:47:46.528+0000: [GC (Allocation Failure) 2020-10-28T09:47:46.528+0000: [ParNew: 16388K->4K(18432K), 0.0013595 secs] 144937K->128553K(219024K), 0.0014103 secs] [Times: user=0.00 sys=0.00, real=0.00 secs] 
2020-10-28T09:47:46.552+0000: [GC (Allocation Failure) 2020-10-28T09:47:46.552+0000: [ParNew: 16388K->4K(18432K), 0.0013847 secs] 144937K->128553K(219024K), 0.0014359 secs] [Times: user=0.01 sys=0.00, real=0.00 secs] 
2020-10-28T09:47:46.571+0000: [GC (Allocation Failure) 2020-10-28T09:47:46.571+0000: [ParNew: 9194K->4K(18432K), 0.0014330 secs] 137743K->128554K(219024K), 0.0014861 secs] [Times: user=0.00 sys=0.00, real=0.00 secs] 
2020-10-28T09:47:46.585+0000: [GC (Allocation Failure) 2020-10-28T09:47:46.585+0000: [ParNew: 16388K->4K(18432K), 0.0126351 secs] 144938K->136746K(219024K), 0.0126872 secs] [Times: user=0.01 sys=0.00, real=0.02 secs] 
2020-10-28T09:47:46.598+0000: [CMS-concurrent-abortable-preclean: 0.010/0.284 secs] [Times: user=0.35 sys=0.01, real=0.29 secs] 
2020-10-28T09:47:46.600+0000: [GC (CMS Final Remark) [YG occupancy: 329 K (18432 K)]2020-10-28T09:47:46.600+0000: [Rescan (parallel) , 0.0011262 secs]2020-10-28T09:47:46.601+0000: [weak refs processing, 0.0000256 secs]2020-10-28T09:47:46.601+0000: [class unloading, 0.0061541 secs]2020-10-28T09:47:46.607+0000: [scrub symbol table, 0.0091337 secs]2020-10-28T09:47:46.616+0000: [scrub string table, 0.0005171 secs][1 CMS-remark: 136742K(200592K)] 137071K(219024K), 0.0170670 secs] [Times: user=0.02 sys=0.00, real=0.02 secs] 
2020-10-28T09:47:46.620+0000: [CMS-concurrent-sweep-start]
2020-10-28T09:47:46.629+0000: [CMS-concurrent-sweep: 0.009/0.009 secs] [Times: user=0.01 sys=0.01, real=0.01 secs] 
2020-10-28T09:47:46.629+0000: [CMS-concurrent-reset-start]
2020-10-28T09:47:46.631+0000: [CMS-concurrent-reset: 0.002/0.002 secs] [Times: user=0.00 sys=0.00, real=0.00 secs] 
2020-10-28T09:47:46.642+0000: [GC (Allocation Failure) 2020-10-28T09:47:46.642+0000: [ParNew: 16388K->4K(18432K), 0.0014716 secs] 149033K->132649K(239512K), 0.0015466 secs] [Times: user=0.00 sys=0.00, real=0.00 secs] 
2020-10-28T09:47:46.663+0000: [GC (Allocation Failure) 2020-10-28T09:47:46.663+0000: [ParNew: 16388K->4K(18432K), 0.0014577 secs] 149033K->132649K(239512K), 0.0015074 secs] [Times: user=0.00 sys=0.00, real=0.00 secs] 
2020-10-28T09:47:46.688+0000: [GC (Allocation Failure) 2020-10-28T09:47:46.688+0000: [ParNew: 16388K->4K(18432K), 0.0014441 secs] 149033K->132649K(239512K), 0.0014957 secs] [Times: user=0.00 sys=0.00, real=0.00 secs] 
2020-10-28T09:47:46.709+0000: [GC (Allocation Failure) 2020-10-28T09:47:46.709+0000: [ParNew: 16388K->4K(18432K), 0.0014380 secs] 149033K->132649K(239512K), 0.0014908 secs] [Times: user=0.00 sys=0.00, real=0.00 secs] 
2020-10-28T09:47:46.730+0000: [GC (Allocation Failure) 2020-10-28T09:47:46.730+0000: [ParNew: 16388K->4K(18432K), 0.0014898 secs] 149033K->132649K(239512K), 0.0015411 secs] [Times: user=0.00 sys=0.00, real=0.00 secs] 
2020-10-28T09:47:46.751+0000: [GC (Allocation Failure) 2020-10-28T09:47:46.751+0000: [ParNew: 16388K->4K(18432K), 0.0014814 secs] 149033K->132650K(239512K), 0.0015336 secs] [Times: user=0.00 sys=0.00, real=0.00 secs] 
2020-10-28T09:47:46.775+0000: [GC (Allocation Failure) 2020-10-28T09:47:46.776+0000: [ParNew: 16388K->4K(18432K), 0.0014695 secs] 149034K->132650K(239512K), 0.0015592 secs] [Times: user=0.00 sys=0.00, real=0.01 secs] 
2020-10-28T09:47:46.805+0000: [GC (Allocation Failure) 2020-10-28T09:47:46.805+0000: [ParNew: 16388K->4K(18432K), 0.0014600 secs] 149034K->132650K(239512K), 0.0015131 secs] [Times: user=0.00 sys=0.00, real=0.00 secs] 
2020-10-28T09:47:46.826+0000: [GC (Allocation Failure) 2020-10-28T09:47:46.826+0000: [ParNew: 16388K->4K(18432K), 0.0014364 secs] 149034K->132650K(239512K), 0.0014864 secs] [Times: user=0.00 sys=0.00, real=0.00 secs] 
2020-10-28T09:47:46.847+0000: [GC (Allocation Failure) 2020-10-28T09:47:46.847+0000: [ParNew: 16388K->4K(18432K), 0.0014751 secs] 149034K->132650K(239512K), 0.0015272 secs] [Times: user=0.01 sys=0.00, real=0.01 secs] 
2020-10-28T09:47:46.882+0000: [GC (Allocation Failure) 2020-10-28T09:47:46.882+0000: [ParNew: 16388K->4K(18432K), 0.0015296 secs] 165418K->149034K(239512K), 0.0016217 secs] [Times: user=0.00 sys=0.00, real=0.00 secs] 
2020-10-28T09:47:46.888+0000: [GC (CMS Initial Mark) [1 CMS-initial-mark: 149030K(221080K)] 149362K(239512K), 0.0012275 secs] [Times: user=0.00 sys=0.00, real=0.00 secs] 
2020-10-28T09:47:46.889+0000: [CMS-concurrent-mark-start]
2020-10-28T09:47:46.926+0000: [CMS-concurrent-mark: 0.037/0.037 secs] [Times: user=0.07 sys=0.00, real=0.03 secs] 
2020-10-28T09:47:46.926+0000: [GC (Allocation Failure) 2020-10-28T09:47:46.926+0000: [ParNew: 16388K->4K(18432K), 0.0014803 secs] 165418K->149034K(239512K), 0.0015173 secs] [Times: user=0.00 sys=0.00, real=0.01 secs] 
2020-10-28T09:47:46.928+0000: [CMS-concurrent-preclean-start]
2020-10-28T09:47:46.929+0000: [CMS-concurrent-preclean: 0.001/0.001 secs] [Times: user=0.00 sys=0.00, real=0.00 secs] 
2020-10-28T09:47:46.929+0000: [GC (CMS Final Remark) [YG occupancy: 675 K (18432 K)]2020-10-28T09:47:46.929+0000: [Rescan (parallel) , 0.0010345 secs]2020-10-28T09:47:46.930+0000: [weak refs processing, 0.0000295 secs]2020-10-28T09:47:46.930+0000: [class unloading, 0.0060469 secs]2020-10-28T09:47:46.936+0000: [scrub symbol table, 0.0078670 secs]2020-10-28T09:47:46.944+0000: [scrub string table, 0.0005380 secs][1 CMS-remark: 149030K(221080K)] 149705K(239512K), 0.0156192 secs] [Times: user=0.02 sys=0.00, real=0.01 secs] 
2020-10-28T09:47:46.944+0000: [CMS-concurrent-sweep-start]
2020-10-28T09:47:46.954+0000: [CMS-concurrent-sweep: 0.009/0.009 secs] [Times: user=0.02 sys=0.00, real=0.01 secs] 
2020-10-28T09:47:46.954+0000: [CMS-concurrent-reset-start]
2020-10-28T09:47:46.956+0000: [CMS-concurrent-reset: 0.002/0.002 secs] [Times: user=0.00 sys=0.00, real=0.01 secs] 
2020-10-28T09:47:46.969+0000: [GC (Allocation Failure) 2020-10-28T09:47:46.969+0000: [ParNew: 16388K->4K(18432K), 0.0015316 secs] 165418K->149034K(266816K), 0.0015761 secs] [Times: user=0.00 sys=0.00, real=0.00 secs] 
2020-10-28T09:47:46.990+0000: [GC (Allocation Failure) 2020-10-28T09:47:46.990+0000: [ParNew: 16388K->4K(18432K), 0.0015197 secs] 165418K->149034K(266816K), 0.0015831 secs] [Times: user=0.00 sys=0.00, real=0.00 secs] 
2020-10-28T09:47:47.014+0000: [GC (Allocation Failure) 2020-10-28T09:47:47.014+0000: [ParNew: 16388K->4K(18432K), 0.0015093 secs] 165418K->149034K(266816K), 0.0015616 secs] [Times: user=0.00 sys=0.00, real=0.00 secs] 
2020-10-28T09:47:47.035+0000: [GC (Allocation Failure) 2020-10-28T09:47:47.035+0000: [ParNew: 16388K->4K(18432K), 0.0015374 secs] 165418K->149034K(266816K), 0.0015890 secs] [Times: user=0.00 sys=0.00, real=0.01 secs] 
2020-10-28T09:47:47.057+0000: [GC (Allocation Failure) 2020-10-28T09:47:47.057+0000: [ParNew: 16388K->4K(18432K), 0.0015129 secs] 165418K->149035K(266816K), 0.0015638 secs] [Times: user=0.00 sys=0.00, real=0.00 secs] 
2020-10-28T09:47:47.078+0000: [GC (Allocation Failure) 2020-10-28T09:47:47.078+0000: [ParNew: 16388K->4K(18432K), 0.0015469 secs] 165419K->149035K(266816K), 0.0016050 secs] [Times: user=0.00 sys=0.00, real=0.00 secs] 
2020-10-28T09:47:47.099+0000: [GC (Allocation Failure) 2020-10-28T09:47:47.099+0000: [ParNew: 16388K->4K(18432K), 0.0015216 secs] 165419K->149035K(266816K), 0.0015825 secs] [Times: user=0.01 sys=0.00, real=0.00 secs] 
2020-10-28T09:47:47.121+0000: [GC (Allocation Failure) 2020-10-28T09:47:47.121+0000: [ParNew: 16388K->4K(18432K), 0.0015488 secs] 165419K->149035K(266816K), 0.0016017 secs] [Times: user=0.00 sys=0.00, real=0.00 secs] 
2020-10-28T09:47:47.142+0000: [GC (Allocation Failure) 2020-10-28T09:47:47.142+0000: [ParNew: 16388K->4K(18432K), 0.0015233 secs] 165419K->149035K(266816K), 0.0015747 secs] [Times: user=0.00 sys=0.00, real=0.00 secs] 
2020-10-28T09:47:47.163+0000: [GC (Allocation Failure) 2020-10-28T09:47:47.163+0000: [ParNew: 16388K->4K(18432K), 0.0015256 secs] 165419K->149035K(266816K), 0.0015758 secs] [Times: user=0.00 sys=0.00, real=0.00 secs] 
2020-10-28T09:47:47.184+0000: [GC (Allocation Failure) 2020-10-28T09:47:47.184+0000: [ParNew: 16388K->4K(18432K), 0.0015190 secs] 165419K->149035K(266816K), 0.0015716 secs] [Times: user=0.00 sys=0.00, real=0.00 secs] 
2020-10-28T09:47:47.205+0000: [GC (Allocation Failure) 2020-10-28T09:47:47.205+0000: [ParNew: 16388K->4K(18432K), 0.0014930 secs] 165419K->149035K(266816K), 0.0015434 secs] [Times: user=0.00 sys=0.00, real=0.00 secs] 
2020-10-28T09:47:47.226+0000: [GC (Allocation Failure) 2020-10-28T09:47:47.226+0000: [ParNew: 16388K->4K(18432K), 0.0015098 secs] 165419K->149035K(266816K), 0.0015619 secs] [Times: user=0.01 sys=0.00, real=0.00 secs] 
2020-10-28T09:47:47.238+0000: [GC (Allocation Failure) 2020-10-28T09:47:47.238+0000: [ParNew: 16388K->4K(18432K), 0.0128649 secs] 165419K->157227K(266816K), 0.0129191 secs] [Times: user=0.02 sys=0.00, real=0.01 secs] 
2020-10-28T09:47:47.271+0000: [GC (Allocation Failure) 2020-10-28T09:47:47.271+0000: [ParNew: 16388K->4K(18432K), 0.0015386 secs] 173611K->157227K(266816K), 0.0015911 secs] [Times: user=0.00 sys=0.00, real=0.00 secs] 
2020-10-28T09:47:47.294+0000: [GC (Allocation Failure) 2020-10-28T09:47:47.294+0000: [ParNew: 16388K->4K(18432K), 0.0015468 secs] 173611K->157227K(266816K), 0.0015947 secs] [Times: user=0.00 sys=0.00, real=0.00 secs] 
2020-10-28T09:47:47.315+0000: [GC (Allocation Failure) 2020-10-28T09:47:47.315+0000: [ParNew: 16388K->4K(18432K), 0.0015476 secs] 173611K->157227K(266816K), 0.0015988 secs] [Times: user=0.00 sys=0.00, real=0.01 secs] 
2020-10-28T09:47:47.336+0000: [GC (Allocation Failure) 2020-10-28T09:47:47.336+0000: [ParNew: 16388K->4K(18432K), 0.0015390 secs] 173611K->157227K(266816K), 0.0015937 secs] [Times: user=0.01 sys=0.00, real=0.00 secs] 
2020-10-28T09:47:47.357+0000: [GC (Allocation Failure) 2020-10-28T09:47:47.357+0000: [ParNew: 16388K->4K(18432K), 0.0015496 secs] 173611K->157227K(266816K), 0.0016034 secs] [Times: user=0.01 sys=0.00, real=0.00 secs] 
2020-10-28T09:47:47.378+0000: [GC (Allocation Failure) 2020-10-28T09:47:47.378+0000: [ParNew: 16388K->4K(18432K), 0.0015125 secs] 173611K->157227K(266816K), 0.0015639 secs] [Times: user=0.01 sys=0.00, real=0.00 secs] 
2020-10-28T09:47:47.405+0000: [GC (Allocation Failure) 2020-10-28T09:47:47.405+0000: [ParNew: 16388K->4K(18432K), 0.0014832 secs] 173611K->157227K(266816K), 0.0015434 secs] [Times: user=0.00 sys=0.00, real=0.00 secs] 
2020-10-28T09:47:47.425+0000: [GC (Allocation Failure) 2020-10-28T09:47:47.425+0000: [ParNew: 16388K->4K(18432K), 0.0014798 secs] 173611K->157227K(266816K), 0.0015300 secs] [Times: user=0.00 sys=0.00, real=0.00 secs] 
2020-10-28T09:47:47.447+0000: [GC (Allocation Failure) 2020-10-28T09:47:47.447+0000: [ParNew: 16388K->4K(18432K), 0.0014976 secs] 173611K->157227K(266816K), 0.0015456 secs] [Times: user=0.00 sys=0.00, real=0.01 secs] 
2020-10-28T09:47:47.468+0000: [GC (Allocation Failure) 2020-10-28T09:47:47.468+0000: [ParNew: 16388K->4K(18432K), 0.0014861 secs] 173611K->157227K(266816K), 0.0015343 secs] [Times: user=0.00 sys=0.00, real=0.00 secs] 
2020-10-28T09:47:47.489+0000: [GC (Allocation Failure) 2020-10-28T09:47:47.489+0000: [ParNew: 16388K->4K(18432K), 0.0014919 secs] 173611K->157227K(266816K), 0.0015400 secs] [Times: user=0.00 sys=0.00, real=0.00 secs] 
2020-10-28T09:47:47.516+0000: [GC (Allocation Failure) 2020-10-28T09:47:47.516+0000: [ParNew: 16388K->6K(18432K), 0.0015297 secs] 173611K->157229K(266816K), 0.0015789 secs] [Times: user=0.00 sys=0.00, real=0.00 secs] 
2020-10-28T09:47:47.546+0000: [GC (Allocation Failure) 2020-10-28T09:47:47.546+0000: [ParNew: 15424K->6K(18432K), 0.0015065 secs] 172647K->157229K(266816K), 0.0015656 secs] [Times: user=0.00 sys=0.00, real=0.01 secs] 
2020-10-28T09:47:47.559+0000: [GC (Allocation Failure) 2020-10-28T09:47:47.559+0000: [ParNew: 16390K->4K(18432K), 0.0070838 secs] 173613K->165419K(266816K), 0.0071325 secs] [Times: user=0.01 sys=0.00, real=0.00 secs] 
2020-10-28T09:47:47.585+0000: [GC (Allocation Failure) 2020-10-28T09:47:47.585+0000: [ParNew: 16388K->4K(18432K), 0.0015224 secs] 181803K->165419K(266816K), 0.0015741 secs] [Times: user=0.00 sys=0.00, real=0.00 secs] 
2020-10-28T09:47:47.606+0000: [GC (Allocation Failure) 2020-10-28T09:47:47.606+0000: [ParNew: 16388K->6K(18432K), 0.0015490 secs] 181803K->165421K(266816K), 0.0015979 secs] [Times: user=0.01 sys=0.00, real=0.01 secs] 
2020-10-28T09:47:47.627+0000: [GC (Allocation Failure) 2020-10-28T09:47:47.627+0000: [ParNew: 16390K->6K(18432K), 0.0015253 secs] 181805K->165421K(266816K), 0.0015751 secs] [Times: user=0.01 sys=0.00, real=0.01 secs] 
2020-10-28T09:47:47.648+0000: [GC (Allocation Failure) 2020-10-28T09:47:47.648+0000: [ParNew: 16390K->4K(18432K), 0.0015477 secs] 181805K->165420K(266816K), 0.0016063 secs] [Times: user=0.00 sys=0.00, real=0.00 secs] 
2020-10-28T09:47:47.669+0000: [GC (Allocation Failure) 2020-10-28T09:47:47.669+0000: [ParNew: 16388K->4K(18432K), 0.0015104 secs] 181804K->165420K(266816K), 0.0015615 secs] [Times: user=0.00 sys=0.00, real=0.00 secs] 
2020-10-28T09:47:47.690+0000: [GC (Allocation Failure) 2020-10-28T09:47:47.690+0000: [ParNew: 16388K->4K(18432K), 0.0015340 secs] 181804K->165420K(266816K), 0.0015930 secs] [Times: user=0.00 sys=0.00, real=0.00 secs] 
2020-10-28T09:47:47.711+0000: [GC (Allocation Failure) 2020-10-28T09:47:47.711+0000: [ParNew: 16381K->4K(18432K), 0.0015501 secs] 181798K->165420K(266816K), 0.0016019 secs] [Times: user=0.01 sys=0.00, real=0.00 secs] 
2020-10-28T09:47:47.732+0000: [GC (Allocation Failure) 2020-10-28T09:47:47.732+0000: [ParNew: 16388K->4K(18432K), 0.0014766 secs] 181804K->165420K(266816K), 0.0015237 secs] [Times: user=0.00 sys=0.00, real=0.00 secs] 
2020-10-28T09:47:47.753+0000: [GC (Allocation Failure) 2020-10-28T09:47:47.753+0000: [ParNew: 16388K->4K(18432K), 0.0015202 secs] 181804K->165420K(266816K), 0.0015707 secs] [Times: user=0.00 sys=0.00, real=0.00 secs] 
2020-10-28T09:47:47.774+0000: [GC (Allocation Failure) 2020-10-28T09:47:47.774+0000: [ParNew: 16388K->4K(18432K), 0.0014712 secs] 181804K->165420K(266816K), 0.0015210 secs] [Times: user=0.00 sys=0.00, real=0.00 secs] 
2020-10-28T09:47:47.795+0000: [GC (Allocation Failure) 2020-10-28T09:47:47.795+0000: [ParNew: 16388K->4K(18432K), 0.0015151 secs] 181804K->165420K(266816K), 0.0015640 secs] [Times: user=0.01 sys=0.00, real=0.01 secs] 
2020-10-28T09:47:47.821+0000: [GC (Allocation Failure) 2020-10-28T09:47:47.821+0000: [ParNew: 16388K->4K(18432K), 0.0014783 secs] 181804K->165420K(266816K), 0.0015296 secs] [Times: user=0.00 sys=0.00, real=0.00 secs] 
2020-10-28T09:47:47.834+0000: [GC (Allocation Failure) 2020-10-28T09:47:47.834+0000: [ParNew: 16388K->4K(18432K), 0.0070388 secs] 181804K->173612K(266816K), 0.0070930 secs] [Times: user=0.01 sys=0.01, real=0.01 secs] 
2020-10-28T09:47:47.861+0000: [GC (Allocation Failure) 2020-10-28T09:47:47.861+0000: [ParNew: 16388K->4K(18432K), 0.0014982 secs] 189996K->173612K(266816K), 0.0015499 secs] [Times: user=0.00 sys=0.00, real=0.00 secs] 
2020-10-28T09:47:47.882+0000: [GC (Allocation Failure) 2020-10-28T09:47:47.882+0000: [ParNew: 16388K->4K(18432K), 0.0015112 secs] 189996K->173612K(266816K), 0.0015623 secs] [Times: user=0.00 sys=0.00, real=0.00 secs] 
2020-10-28T09:47:47.903+0000: [GC (Allocation Failure) 2020-10-28T09:47:47.903+0000: [ParNew: 16388K->4K(18432K), 0.0014953 secs] 189996K->173612K(266816K), 0.0015459 secs] [Times: user=0.00 sys=0.00, real=0.00 secs] 
2020-10-28T09:47:47.924+0000: [GC (Allocation Failure) 2020-10-28T09:47:47.924+0000: [ParNew: 16388K->4K(18432K), 0.0015144 secs] 189996K->173612K(266816K), 0.0015641 secs] [Times: user=0.00 sys=0.00, real=0.00 secs] 
2020-10-28T09:47:47.945+0000: [GC (Allocation Failure) 2020-10-28T09:47:47.945+0000: [ParNew: 16388K->4K(18432K), 0.0015040 secs] 189996K->173612K(266816K), 0.0015561 secs] [Times: user=0.01 sys=0.00, real=0.00 secs] 
2020-10-28T09:47:47.966+0000: [GC (Allocation Failure) 2020-10-28T09:47:47.966+0000: [ParNew: 16388K->4K(18432K), 0.0015040 secs] 189996K->173612K(266816K), 0.0015613 secs] [Times: user=0.01 sys=0.00, real=0.01 secs] 
2020-10-28T09:47:47.987+0000: [GC (Allocation Failure) 2020-10-28T09:47:47.987+0000: [ParNew: 16388K->4K(18432K), 0.0014883 secs] 189996K->173612K(266816K), 0.0015372 secs] [Times: user=0.00 sys=0.00, real=0.01 secs] 
2020-10-28T09:47:48.008+0000: [GC (Allocation Failure) 2020-10-28T09:47:48.008+0000: [ParNew: 16388K->4K(18432K), 0.0014787 secs] 189996K->173612K(266816K), 0.0015294 secs] [Times: user=0.00 sys=0.00, real=0.00 secs] 
2020-10-28T09:47:48.029+0000: [GC (Allocation Failure) 2020-10-28T09:47:48.029+0000: [ParNew: 16388K->4K(18432K), 0.0015345 secs] 189996K->173612K(266816K), 0.0015968 secs] [Times: user=0.00 sys=0.00, real=0.00 secs] 
2020-10-28T09:47:48.050+0000: [GC (Allocation Failure) 2020-10-28T09:47:48.050+0000: [ParNew: 16388K->4K(18432K), 0.0015310 secs] 189996K->173612K(266816K), 0.0015835 secs] [Times: user=0.00 sys=0.00, real=0.00 secs] 
2020-10-28T09:47:48.071+0000: [GC (Allocation Failure) 2020-10-28T09:47:48.072+0000: [ParNew: 16388K->4K(18432K), 0.0015064 secs] 189996K->173612K(266816K), 0.0015583 secs] [Times: user=0.01 sys=0.00, real=0.00 secs] 
2020-10-28T09:47:48.096+0000: [GC (Allocation Failure) 2020-10-28T09:47:48.096+0000: [ParNew: 16388K->8K(18432K), 0.0016285 secs] 189996K->173616K(266816K), 0.0016952 secs] [Times: user=0.00 sys=0.00, real=0.00 secs] 
2020-10-28T09:47:48.129+0000: [GC (Allocation Failure) 2020-10-28T09:47:48.129+0000: [ParNew: 15425K->8K(18432K), 0.0014713 secs] 189034K->173617K(266816K), 0.0015376 secs] [Times: user=0.01 sys=0.00, real=0.00 secs] 
2020-10-28T09:47:48.143+0000: [GC (Allocation Failure) 2020-10-28T09:47:48.143+0000: [ParNew: 16392K->7K(18432K), 0.0120844 secs] 190001K->181808K(266816K), 0.0121329 secs] [Times: user=0.01 sys=0.00, real=0.02 secs] 
2020-10-28T09:47:48.160+0000: [GC (CMS Initial Mark) [1 CMS-initial-mark: 181800K(248384K)] 185396K(266816K), 0.0029775 secs] [Times: user=0.01 sys=0.00, real=0.00 secs] 
2020-10-28T09:47:48.163+0000: [CMS-concurrent-mark-start]
2020-10-28T09:47:48.187+0000: [GC (Allocation Failure) 2020-10-28T09:47:48.187+0000: [ParNew: 16391K->8K(18432K), 0.0014416 secs] 198192K->181809K(266816K), 0.0014926 secs] [Times: user=0.00 sys=0.00, real=0.01 secs] 
2020-10-28T09:47:48.200+0000: [CMS-concurrent-mark: 0.035/0.037 secs] [Times: user=0.07 sys=0.00, real=0.04 secs] 
2020-10-28T09:47:48.200+0000: [CMS-concurrent-preclean-start]
2020-10-28T09:47:48.201+0000: [CMS-concurrent-preclean: 0.001/0.001 secs] [Times: user=0.00 sys=0.00, real=0.00 secs] 
2020-10-28T09:47:48.201+0000: [CMS-concurrent-abortable-preclean-start]
2020-10-28T09:47:48.213+0000: [GC (Allocation Failure) 2020-10-28T09:47:48.213+0000: [ParNew: 16392K->8K(18432K), 0.0012401 secs] 198193K->181809K(266816K), 0.0012791 secs] [Times: user=0.00 sys=0.00, real=0.00 secs] 
2020-10-28T09:47:48.234+0000: [GC (Allocation Failure) 2020-10-28T09:47:48.234+0000: [ParNew: 16392K->8K(18432K), 0.0013398 secs] 198193K->181809K(266816K), 0.0013866 secs] [Times: user=0.00 sys=0.00, real=0.00 secs] 
2020-10-28T09:47:48.255+0000: [GC (Allocation Failure) 2020-10-28T09:47:48.255+0000: [ParNew: 16392K->5K(18432K), 0.0014318 secs] 198193K->181811K(266816K), 0.0014786 secs] [Times: user=0.01 sys=0.00, real=0.01 secs] 
2020-10-28T09:47:48.276+0000: [GC (Allocation Failure) 2020-10-28T09:47:48.276+0000: [ParNew: 16389K->4K(18432K), 0.0013307 secs] 198195K->181809K(266816K), 0.0013782 secs] [Times: user=0.00 sys=0.00, real=0.00 secs] 
2020-10-28T09:47:48.298+0000: [GC (Allocation Failure) 2020-10-28T09:47:48.298+0000: [ParNew: 16388K->4K(18432K), 0.0013183 secs] 198193K->181809K(266816K), 0.0013656 secs] [Times: user=0.00 sys=0.00, real=0.00 secs] 
2020-10-28T09:47:48.319+0000: [GC (Allocation Failure) 2020-10-28T09:47:48.319+0000: [ParNew: 16388K->4K(18432K), 0.0014232 secs] 198193K->181809K(266816K), 0.0014741 secs] [Times: user=0.01 sys=0.00, real=0.00 secs] 
2020-10-28T09:47:48.349+0000: [GC (Allocation Failure) 2020-10-28T09:47:48.349+0000: [ParNew: 16388K->4K(18432K), 0.0014864 secs] 198193K->181809K(266816K), 0.0015401 secs] [Times: user=0.00 sys=0.00, real=0.00 secs] 
2020-10-28T09:47:48.400+0000: [GC (Allocation Failure) 2020-10-28T09:47:48.400+0000: [ParNew: 16388K->4K(18432K), 0.0015637 secs] 230961K->214577K(266816K), 0.0016263 secs] [Times: user=0.01 sys=0.00, real=0.00 secs] 
2020-10-28T09:47:48.421+0000: [GC (Allocation Failure) 2020-10-28T09:47:48.421+0000: [ParNew: 16388K->4K(18432K), 0.0014978 secs] 230961K->214577K(266816K), 0.0015498 secs] [Times: user=0.00 sys=0.00, real=0.00 secs] 
2020-10-28T09:47:48.442+0000: [GC (Allocation Failure) 2020-10-28T09:47:48.442+0000: [ParNew: 16388K->4K(18432K), 0.0015222 secs] 230961K->214577K(266816K), 0.0015757 secs] [Times: user=0.00 sys=0.00, real=0.00 secs] 
2020-10-28T09:47:48.465+0000: [GC (Allocation Failure) 2020-10-28T09:47:48.465+0000: [ParNew: 16388K->4K(18432K), 0.0015057 secs] 230961K->214577K(266816K), 0.0015494 secs] [Times: user=0.00 sys=0.00, real=0.00 secs] 
2020-10-28T09:47:48.478+0000: [GC (Allocation Failure) 2020-10-28T09:47:48.478+0000: [ParNew: 16388K->4K(18432K), 0.0072702 secs] 230961K->222769K(266816K), 0.0073236 secs] [Times: user=0.01 sys=0.00, real=0.00 secs] 
2020-10-28T09:47:48.505+0000: [GC (Allocation Failure) 2020-10-28T09:47:48.505+0000: [ParNew: 16388K->4K(18432K), 0.0015317 secs] 239153K->222769K(266816K), 0.0015846 secs] [Times: user=0.01 sys=0.00, real=0.00 secs] 
2020-10-28T09:47:48.526+0000: [GC (Allocation Failure) 2020-10-28T09:47:48.526+0000: [ParNew: 16388K->4K(18432K), 0.0015054 secs] 239153K->222769K(266816K), 0.0015569 secs] [Times: user=0.01 sys=0.00, real=0.01 secs] 
2020-10-28T09:47:48.548+0000: [GC (Allocation Failure) 2020-10-28T09:47:48.548+0000: [ParNew: 16388K->4K(18432K), 0.0014967 secs] 239153K->222769K(266816K), 0.0015492 secs] [Times: user=0.00 sys=0.00, real=0.00 secs] 
2020-10-28T09:47:48.570+0000: [GC (Allocation Failure) 2020-10-28T09:47:48.570+0000: [ParNew: 16388K->4K(18432K), 0.0015267 secs] 239153K->222769K(266816K), 0.0015797 secs] [Times: user=0.00 sys=0.00, real=0.00 secs] 
2020-10-28T09:47:48.591+0000: [GC (Allocation Failure) 2020-10-28T09:47:48.591+0000: [ParNew: 16388K->4K(18432K), 0.0017368 secs] 239153K->222769K(266816K), 0.0018001 secs] [Times: user=0.01 sys=0.00, real=0.00 secs] 
2020-10-28T09:47:48.616+0000: [GC (Allocation Failure) 2020-10-28T09:47:48.616+0000: [ParNew: 16388K->4K(18432K), 0.0014930 secs] 239153K->222770K(266816K), 0.0015557 secs] [Times: user=0.00 sys=0.00, real=0.00 secs] 
2020-10-28T09:47:48.637+0000: [GC (Allocation Failure) 2020-10-28T09:47:48.637+0000: [ParNew: 16388K->4K(18432K), 0.0014932 secs] 239154K->222770K(266816K), 0.0015461 secs] [Times: user=0.00 sys=0.00, real=0.00 secs] 
2020-10-28T09:47:48.675+0000: [GC (Allocation Failure) 2020-10-28T09:47:48.675+0000: [ParNew: 16388K->4K(18432K), 0.0015045 secs] 239154K->222770K(266816K), 0.0015757 secs] [Times: user=0.00 sys=0.00, real=0.01 secs] 
2020-10-28T09:47:48.709+0000: [GC (Allocation Failure) 2020-10-28T09:47:48.709+0000: [ParNew: 16388K->4K(18432K), 0.0014873 secs] 239154K->222770K(266816K), 0.0015583 secs] [Times: user=0.00 sys=0.00, real=0.00 secs] 
2020-10-28T09:47:48.738+0000: [GC (Allocation Failure) 2020-10-28T09:47:48.738+0000: [ParNew: 16388K->4K(18432K), 0.0015224 secs] 239154K->222770K(266816K), 0.0015765 secs] [Times: user=0.01 sys=0.00, real=0.00 secs] 
2020-10-28T09:47:48.761+0000: [GC (Allocation Failure) 2020-10-28T09:47:48.761+0000: [ParNew: 16388K->4K(18432K), 0.0014970 secs] 239154K->222770K(266816K), 0.0015537 secs] [Times: user=0.00 sys=0.00, real=0.00 secs] 
2020-10-28T09:47:48.792+0000: [GC (Allocation Failure) 2020-10-28T09:47:48.792+0000: [ParNew: 16388K->2K(18432K), 0.0030441 secs] 239154K->222768K(266816K), 0.0030963 secs] [Times: user=0.01 sys=0.00, real=0.00 secs] 
2020-10-28T09:47:48.818+0000: [GC (Allocation Failure) 2020-10-28T09:47:48.818+0000: [ParNew: 15403K->4K(18432K), 0.0014890 secs] 238169K->222770K(266816K), 0.0015423 secs] [Times: user=0.00 sys=0.00, real=0.00 secs] 
2020-10-28T09:47:48.830+0000: [GC (Allocation Failure) 2020-10-28T09:47:48.830+0000: [ParNew: 16388K->4K(18432K), 0.0070168 secs] 239154K->230962K(266816K), 0.0070682 secs] [Times: user=0.01 sys=0.01, real=0.01 secs] 
2020-10-28T09:47:48.837+0000: [CMS-concurrent-abortable-preclean: 0.023/0.636 secs] [Times: user=0.73 sys=0.05, real=0.64 secs] 
2020-10-28T09:47:48.840+0000: [GC (CMS Final Remark) [YG occupancy: 330 K (18432 K)]2020-10-28T09:47:48.840+0000: [Rescan (parallel) , 0.0010380 secs]2020-10-28T09:47:48.841+0000: [weak refs processing, 0.0000291 secs]2020-10-28T09:47:48.841+0000: [class unloading, 0.0060157 secs]2020-10-28T09:47:48.847+0000: [scrub symbol table, 0.0077669 secs]2020-10-28T09:47:48.855+0000: [scrub string table, 0.0005190 secs][1 CMS-remark: 230958K(248384K)] 231288K(266816K), 0.0154712 secs] [Times: user=0.02 sys=0.00, real=0.01 secs] 
2020-10-28T09:47:48.859+0000: [CMS-concurrent-sweep-start]
2020-10-28T09:47:48.869+0000: [CMS-concurrent-sweep: 0.010/0.010 secs] [Times: user=0.02 sys=0.00, real=0.01 secs] 
2020-10-28T09:47:48.870+0000: [CMS-concurrent-reset-start]
2020-10-28T09:47:48.871+0000: [CMS-concurrent-reset: 0.002/0.002 secs] [Times: user=0.00 sys=0.00, real=0.00 secs] 
2020-10-28T09:47:48.879+0000: [GC (Allocation Failure) 2020-10-28T09:47:48.880+0000: [ParNew: 16388K->4K(18432K), 0.0018113 secs] 247312K->230929K(403308K), 0.0018700 secs] [Times: user=0.00 sys=0.00, real=0.00 secs] 
2020-10-28T09:47:48.901+0000: [GC (Allocation Failure) 2020-10-28T09:47:48.901+0000: [ParNew: 16388K->4K(18432K), 0.0017870 secs] 247313K->230929K(403308K), 0.0018379 secs] [Times: user=0.00 sys=0.00, real=0.00 secs] 
2020-10-28T09:47:48.922+0000: [GC (Allocation Failure) 2020-10-28T09:47:48.922+0000: [ParNew: 16388K->4K(18432K), 0.0018229 secs] 247313K->230929K(403308K), 0.0018876 secs] [Times: user=0.00 sys=0.00, real=0.00 secs] 
2020-10-28T09:47:48.943+0000: [GC (Allocation Failure) 2020-10-28T09:47:48.943+0000: [ParNew: 16388K->4K(18432K), 0.0018534 secs] 247313K->230929K(403308K), 0.0019041 secs] [Times: user=0.00 sys=0.00, real=0.00 secs] 
2020-10-28T09:47:48.964+0000: [GC (Allocation Failure) 2020-10-28T09:47:48.964+0000: [ParNew: 16388K->4K(18432K), 0.0017879 secs] 247313K->230929K(403308K), 0.0018396 secs] [Times: user=0.01 sys=0.00, real=0.00 secs] 
2020-10-28T09:47:48.985+0000: [GC (Allocation Failure) 2020-10-28T09:47:48.985+0000: [ParNew: 16388K->4K(18432K), 0.0017747 secs] 247313K->230929K(403308K), 0.0018253 secs] [Times: user=0.00 sys=0.00, real=0.00 secs] 
2020-10-28T09:47:49.006+0000: [GC (Allocation Failure) 2020-10-28T09:47:49.007+0000: [ParNew: 16388K->4K(18432K), 0.0017918 secs] 247313K->230929K(403308K), 0.0018428 secs] [Times: user=0.00 sys=0.00, real=0.01 secs] 
2020-10-28T09:47:49.027+0000: [GC (Allocation Failure) 2020-10-28T09:47:49.027+0000: [ParNew: 16388K->4K(18432K), 0.0017582 secs] 247313K->230929K(403308K), 0.0018238 secs] [Times: user=0.01 sys=0.00, real=0.01 secs] 
2020-10-28T09:47:49.049+0000: [GC (Allocation Failure) 2020-10-28T09:47:49.049+0000: [ParNew: 16388K->4K(18432K), 0.0018768 secs] 247313K->230929K(403308K), 0.0019271 secs] [Times: user=0.01 sys=0.00, real=0.00 secs] 
2020-10-28T09:47:49.070+0000: [GC (Allocation Failure) 2020-10-28T09:47:49.070+0000: [ParNew: 16388K->4K(18432K), 0.0018462 secs] 247313K->230929K(403308K), 0.0018996 secs] [Times: user=0.00 sys=0.00, real=0.00 secs] 
2020-10-28T09:47:49.091+0000: [GC (Allocation Failure) 2020-10-28T09:47:49.091+0000: [ParNew: 16388K->4K(18432K), 0.0017999 secs] 247313K->230929K(403308K), 0.0018516 secs] [Times: user=0.00 sys=0.00, real=0.00 secs] 
2020-10-28T09:47:49.112+0000: [GC (Allocation Failure) 2020-10-28T09:47:49.112+0000: [ParNew: 16388K->4K(18432K), 0.0017677 secs] 247313K->230929K(403308K), 0.0018174 secs] [Times: user=0.01 sys=0.00, real=0.00 secs] 
2020-10-28T09:47:49.126+0000: [GC (Allocation Failure) 2020-10-28T09:47:49.126+0000: [ParNew: 16388K->4K(18432K), 0.0075032 secs] 247313K->239121K(403308K), 0.0075605 secs] [Times: user=0.01 sys=0.01, real=0.01 secs] 
2020-10-28T09:47:49.162+0000: [GC (Allocation Failure) 2020-10-28T09:47:49.162+0000: [ParNew: 16388K->4K(18432K), 0.0018050 secs] 255505K->239121K(403308K), 0.0018574 secs] [Times: user=0.01 sys=0.00, real=0.00 secs] 
2020-10-28T09:47:49.183+0000: [GC (Allocation Failure) 2020-10-28T09:47:49.183+0000: [ParNew: 16388K->4K(18432K), 0.0018514 secs] 255505K->239121K(403308K), 0.0019043 secs] [Times: user=0.00 sys=0.00, real=0.00 secs] 
2020-10-28T09:47:49.204+0000: [GC (Allocation Failure) 2020-10-28T09:47:49.204+0000: [ParNew: 16388K->4K(18432K), 0.0017761 secs] 255505K->239121K(403308K), 0.0018283 secs] [Times: user=0.00 sys=0.00, real=0.00 secs] 
2020-10-28T09:47:49.225+0000: [GC (Allocation Failure) 2020-10-28T09:47:49.225+0000: [ParNew: 16388K->4K(18432K), 0.0017880 secs] 255505K->239121K(403308K), 0.0018400 secs] [Times: user=0.00 sys=0.00, real=0.00 secs] 
2020-10-28T09:47:49.252+0000: [GC (Allocation Failure) 2020-10-28T09:47:49.252+0000: [ParNew: 16388K->4K(18432K), 0.0017587 secs] 255505K->239121K(403308K), 0.0018057 secs] [Times: user=0.01 sys=0.00, real=0.00 secs] 
2020-10-28T09:47:49.273+0000: [GC (Allocation Failure) 2020-10-28T09:47:49.273+0000: [ParNew: 16388K->4K(18432K), 0.0017067 secs] 255505K->239122K(403308K), 0.0017527 secs] [Times: user=0.00 sys=0.00, real=0.00 secs] 
2020-10-28T09:47:49.294+0000: [GC (Allocation Failure) 2020-10-28T09:47:49.294+0000: [ParNew: 16388K->4K(18432K), 0.0047854 secs] 255506K->239122K(403308K), 0.0048377 secs] [Times: user=0.00 sys=0.00, real=0.01 secs] 
2020-10-28T09:47:49.320+0000: [GC (Allocation Failure) 2020-10-28T09:47:49.320+0000: [ParNew: 16388K->4K(18432K), 0.0017705 secs] 255506K->239122K(403308K), 0.0018189 secs] [Times: user=0.00 sys=0.00, real=0.00 secs] 
2020-10-28T09:47:49.346+0000: [GC (Allocation Failure) 2020-10-28T09:47:49.346+0000: [ParNew: 16388K->4K(18432K), 0.0017864 secs] 255506K->239122K(403308K), 0.0018382 secs] [Times: user=0.00 sys=0.00, real=0.01 secs] 
2020-10-28T09:47:49.367+0000: [GC (Allocation Failure) 2020-10-28T09:47:49.367+0000: [ParNew: 16388K->4K(18432K), 0.0017551 secs] 255506K->239122K(403308K), 0.0018042 secs] [Times: user=0.01 sys=0.00, real=0.01 secs] 
2020-10-28T09:47:49.388+0000: [GC (Allocation Failure) 2020-10-28T09:47:49.388+0000: [ParNew: 16388K->4K(18432K), 0.0017786 secs] 255506K->239122K(403308K), 0.0018277 secs] [Times: user=0.01 sys=0.00, real=0.00 secs] 
2020-10-28T09:47:49.411+0000: [GC (Allocation Failure) 2020-10-28T09:47:49.411+0000: [ParNew: 16388K->4K(18432K), 0.0017888 secs] 255506K->239122K(403308K), 0.0018475 secs] [Times: user=0.01 sys=0.00, real=0.00 secs] 
2020-10-28T09:47:49.431+0000: [GC (Allocation Failure) 2020-10-28T09:47:49.431+0000: [ParNew: 15762K->4K(18432K), 0.0017658 secs] 254880K->239122K(403308K), 0.0018143 secs] [Times: user=0.01 sys=0.00, real=0.00 secs] 
2020-10-28T09:47:49.444+0000: [GC (Allocation Failure) 2020-10-28T09:47:49.444+0000: [ParNew: 16388K->4K(18432K), 0.0074602 secs] 255506K->247314K(403308K), 0.0075109 secs] [Times: user=0.01 sys=0.00, real=0.01 secs] 
2020-10-28T09:47:49.470+0000: [GC (Allocation Failure) 2020-10-28T09:47:49.470+0000: [ParNew: 16388K->4K(18432K), 0.0018162 secs] 263698K->247314K(403308K), 0.0018645 secs] [Times: user=0.00 sys=0.00, real=0.00 secs] 
2020-10-28T09:47:49.491+0000: [GC (Allocation Failure) 2020-10-28T09:47:49.491+0000: [ParNew: 16388K->4K(18432K), 0.0017778 secs] 263698K->247314K(403308K), 0.0018276 secs] [Times: user=0.01 sys=0.00, real=0.00 secs] 
2020-10-28T09:47:49.527+0000: [GC (Allocation Failure) 2020-10-28T09:47:49.527+0000: [ParNew: 16388K->70K(18432K), 0.0019896 secs] 263698K->247381K(403308K), 0.0020389 secs] [Times: user=0.00 sys=0.00, real=0.01 secs] 
2020-10-28T09:47:49.561+0000: [GC (Allocation Failure) 2020-10-28T09:47:49.562+0000: [ParNew: 16454K->133K(18432K), 0.0042575 secs] 263765K->247444K(403308K), 0.0043231 secs] [Times: user=0.01 sys=0.00, real=0.00 secs] 
2020-10-28T09:47:49.602+0000: [GC (Allocation Failure) 2020-10-28T09:47:49.602+0000: [ParNew: 16517K->78K(18432K), 0.0041016 secs] 263828K->247389K(403308K), 0.0041572 secs] [Times: user=0.01 sys=0.00, real=0.00 secs] 
2020-10-28T09:47:49.641+0000: [GC (Allocation Failure) 2020-10-28T09:47:49.641+0000: [ParNew: 16462K->91K(18432K), 0.0029587 secs] 263773K->247402K(403308K), 0.0030024 secs] [Times: user=0.01 sys=0.00, real=0.00 secs] 
2020-10-28T09:47:49.668+0000: [GC (Allocation Failure) 2020-10-28T09:47:49.668+0000: [ParNew: 16475K->99K(18432K), 0.0019966 secs] 263786K->247410K(403308K), 0.0020523 secs] [Times: user=0.00 sys=0.00, real=0.00 secs] 
2020-10-28T09:47:49.689+0000: [GC (Allocation Failure) 2020-10-28T09:47:49.689+0000: [ParNew: 16483K->101K(18432K), 0.0019421 secs] 263794K->247412K(403308K), 0.0019960 secs] [Times: user=0.01 sys=0.00, real=0.00 secs] 
2020-10-28T09:47:49.711+0000: [GC (Allocation Failure) 2020-10-28T09:47:49.711+0000: [ParNew: 16485K->101K(18432K), 0.0023422 secs] 263796K->247423K(403308K), 0.0024043 secs] [Times: user=0.00 sys=0.00, real=0.00 secs] 
2020-10-28T09:47:49.733+0000: [GC (Allocation Failure) 2020-10-28T09:47:49.733+0000: [ParNew: 16485K->38K(18432K), 0.0020529 secs] 263807K->247406K(403308K), 0.0020999 secs] [Times: user=0.01 sys=0.00, real=0.00 secs] 
2020-10-28T09:47:49.758+0000: [GC (Allocation Failure) 2020-10-28T09:47:49.758+0000: [ParNew: 16422K->12K(18432K), 0.0018424 secs] 263790K->247386K(403308K), 0.0019001 secs] [Times: user=0.01 sys=0.00, real=0.00 secs] 
2020-10-28T09:47:49.793+0000: [GC (Allocation Failure) 2020-10-28T09:47:49.793+0000: [ParNew: 16396K->5K(18432K), 0.0017875 secs] 263770K->247384K(403308K), 0.0018537 secs] [Times: user=0.01 sys=0.00, real=0.00 secs] 
2020-10-28T09:47:49.817+0000: [GC (Allocation Failure) 2020-10-28T09:47:49.817+0000: [ParNew: 12134K->4K(18432K), 0.0016965 secs] 259514K->247383K(403308K), 0.0017407 secs] [Times: user=0.00 sys=0.00, real=0.00 secs] 
2020-10-28T09:47:49.830+0000: [GC (Allocation Failure) 2020-10-28T09:47:49.830+0000: [ParNew: 16388K->4K(18432K), 0.0076345 secs] 263767K->255575K(403308K), 0.0076924 secs] [Times: user=0.01 sys=0.00, real=0.01 secs] 
2020-10-28T09:47:49.860+0000: [GC (Allocation Failure) 2020-10-28T09:47:49.860+0000: [ParNew: 16388K->4K(18432K), 0.0017578 secs] 271959K->255575K(403308K), 0.0018074 secs] [Times: user=0.01 sys=0.00, real=0.00 secs] 
2020-10-28T09:47:49.881+0000: [GC (Allocation Failure) 2020-10-28T09:47:49.881+0000: [ParNew: 16388K->4K(18432K), 0.0016961 secs] 271959K->255575K(403308K), 0.0017418 secs] [Times: user=0.00 sys=0.00, real=0.00 secs] 
2020-10-28T09:47:49.902+0000: [GC (Allocation Failure) 2020-10-28T09:47:49.902+0000: [ParNew: 16388K->4K(18432K), 0.0017516 secs] 271959K->255575K(403308K), 0.0017964 secs] [Times: user=0.00 sys=0.00, real=0.00 secs] 
2020-10-28T09:47:49.923+0000: [GC (Allocation Failure) 2020-10-28T09:47:49.923+0000: [ParNew: 16388K->4K(18432K), 0.0017565 secs] 271959K->255575K(403308K), 0.0018045 secs] [Times: user=0.01 sys=0.00, real=0.00 secs] 
2020-10-28T09:47:49.948+0000: [GC (Allocation Failure) 2020-10-28T09:47:49.948+0000: [ParNew: 16388K->4K(18432K), 0.0019485 secs] 271959K->255575K(403308K), 0.0019984 secs] [Times: user=0.00 sys=0.00, real=0.00 secs] 
2020-10-28T09:47:49.970+0000: [GC (Allocation Failure) 2020-10-28T09:47:49.970+0000: [ParNew: 16388K->4K(18432K), 0.0018102 secs] 271959K->255575K(403308K), 0.0018672 secs] [Times: user=0.01 sys=0.00, real=0.00 secs] 
2020-10-28T09:47:49.991+0000: [GC (Allocation Failure) 2020-10-28T09:47:49.991+0000: [ParNew: 16388K->4K(18432K), 0.0017816 secs] 271959K->255575K(403308K), 0.0018313 secs] [Times: user=0.00 sys=0.00, real=0.00 secs] 
2020-10-28T09:47:50.012+0000: [GC (Allocation Failure) 2020-10-28T09:47:50.012+0000: [ParNew: 16388K->4K(18432K), 0.0017587 secs] 271959K->255575K(403308K), 0.0018103 secs] [Times: user=0.00 sys=0.00, real=0.00 secs] 
2020-10-28T09:47:50.033+0000: [GC (Allocation Failure) 2020-10-28T09:47:50.033+0000: [ParNew: 16388K->4K(18432K), 0.0017551 secs] 271959K->255575K(403308K), 0.0018060 secs] [Times: user=0.01 sys=0.00, real=0.00 secs] 
2020-10-28T09:47:50.054+0000: [GC (Allocation Failure) 2020-10-28T09:47:50.054+0000: [ParNew: 16388K->4K(18432K), 0.0017867 secs] 271959K->255575K(403308K), 0.0018354 secs] [Times: user=0.00 sys=0.00, real=0.01 secs] 
2020-10-28T09:47:50.075+0000: [GC (Allocation Failure) 2020-10-28T09:47:50.075+0000: [ParNew: 16388K->4K(18432K), 0.0017562 secs] 271959K->255575K(403308K), 0.0018292 secs] [Times: user=0.00 sys=0.00, real=0.01 secs] 
2020-10-28T09:47:50.097+0000: [GC (Allocation Failure) 2020-10-28T09:47:50.097+0000: [ParNew: 16388K->4K(18432K), 0.0017540 secs] 271959K->255575K(403308K), 0.0018045 secs] [Times: user=0.00 sys=0.00, real=0.00 secs] 
2020-10-28T09:47:50.109+0000: [GC (Allocation Failure) 2020-10-28T09:47:50.110+0000: [ParNew: 8850K->4K(18432K), 0.0016845 secs] 264422K->255575K(403308K), 0.0017314 secs] [Times: user=0.01 sys=0.00, real=0.00 secs] 
2020-10-28T09:47:50.123+0000: [GC (Allocation Failure) 2020-10-28T09:47:50.123+0000: [ParNew: 16388K->4K(18432K), 0.0073657 secs] 271959K->263767K(403308K), 0.0074214 secs] [Times: user=0.01 sys=0.01, real=0.01 secs] 
2020-10-28T09:47:50.132+0000: [GC (CMS Initial Mark) [1 CMS-initial-mark: 263763K(384876K)] 265392K(403308K), 0.0019039 secs] [Times: user=0.00 sys=0.00, real=0.00 secs] 
2020-10-28T09:47:50.134+0000: [CMS-concurrent-mark-start]
2020-10-28T09:47:50.162+0000: [GC (Allocation Failure) 2020-10-28T09:47:50.162+0000: [ParNew: 16388K->4K(18432K), 0.0017528 secs] 280151K->263767K(403308K), 0.0018043 secs] [Times: user=0.00 sys=0.00, real=0.00 secs] 
2020-10-28T09:47:50.172+0000: [CMS-concurrent-mark: 0.036/0.038 secs] [Times: user=0.08 sys=0.00, real=0.04 secs] 
2020-10-28T09:47:50.172+0000: [CMS-concurrent-preclean-start]
2020-10-28T09:47:50.174+0000: [CMS-concurrent-preclean: 0.002/0.002 secs] [Times: user=0.00 sys=0.00, real=0.00 secs] 
2020-10-28T09:47:50.174+0000: [CMS-concurrent-abortable-preclean-start]
2020-10-28T09:47:50.187+0000: [GC (Allocation Failure) 2020-10-28T09:47:50.187+0000: [ParNew: 16388K->4K(18432K), 0.0017794 secs] 280151K->263767K(403308K), 0.0018317 secs] [Times: user=0.00 sys=0.00, real=0.01 secs] 
2020-10-28T09:47:50.209+0000: [GC (Allocation Failure) 2020-10-28T09:47:50.209+0000: [ParNew: 16388K->4K(18432K), 0.0017782 secs] 280151K->263767K(403308K), 0.0018309 secs] [Times: user=0.01 sys=0.00, real=0.00 secs] 
2020-10-28T09:47:50.230+0000: [GC (Allocation Failure) 2020-10-28T09:47:50.230+0000: [ParNew: 16388K->4K(18432K), 0.0018210 secs] 280151K->263767K(403308K), 0.0018744 secs] [Times: user=0.00 sys=0.00, real=0.00 secs] 
2020-10-28T09:47:50.252+0000: [GC (Allocation Failure) 2020-10-28T09:47:50.252+0000: [ParNew: 16388K->4K(18432K), 0.0018562 secs] 280151K->263767K(403308K), 0.0019084 secs] [Times: user=0.00 sys=0.00, real=0.00 secs] 
2020-10-28T09:47:50.273+0000: [GC (Allocation Failure) 2020-10-28T09:47:50.273+0000: [ParNew: 16388K->4K(18432K), 0.0017772 secs] 280151K->263767K(403308K), 0.0018286 secs] [Times: user=0.00 sys=0.00, real=0.00 secs] 
2020-10-28T09:47:50.295+0000: [GC (Allocation Failure) 2020-10-28T09:47:50.295+0000: [ParNew: 16388K->4K(18432K), 0.0017814 secs] 280151K->263767K(403308K), 0.0018339 secs] [Times: user=0.00 sys=0.00, real=0.01 secs] 
2020-10-28T09:47:50.317+0000: [GC (Allocation Failure) 2020-10-28T09:47:50.317+0000: [ParNew: 16388K->4K(18432K), 0.0017648 secs] 280151K->263767K(403308K), 0.0018162 secs] [Times: user=0.01 sys=0.00, real=0.00 secs] 
2020-10-28T09:47:50.338+0000: [GC (Allocation Failure) 2020-10-28T09:47:50.338+0000: [ParNew: 16388K->4K(18432K), 0.0018090 secs] 280151K->263767K(403308K), 0.0018617 secs] [Times: user=0.01 sys=0.00, real=0.00 secs] 
2020-10-28T09:47:50.360+0000: [GC (Allocation Failure) 2020-10-28T09:47:50.360+0000: [ParNew: 16388K->4K(18432K), 0.0017967 secs] 280151K->263767K(403308K), 0.0018490 secs] [Times: user=0.00 sys=0.00, real=0.00 secs] 
2020-10-28T09:47:50.388+0000: [GC (Allocation Failure) 2020-10-28T09:47:50.388+0000: [ParNew: 16388K->8K(18432K), 0.0017584 secs] 280151K->263771K(403308K), 0.0018133 secs] [Times: user=0.00 sys=0.00, real=0.00 secs] 
2020-10-28T09:47:50.415+0000: [GC (Allocation Failure) 2020-10-28T09:47:50.415+0000: [ParNew: 16392K->8K(18432K), 0.0017882 secs] 280155K->263771K(403308K), 0.0018418 secs] [Times: user=0.00 sys=0.00, real=0.01 secs] 
2020-10-28T09:47:50.427+0000: [GC (Allocation Failure) 2020-10-28T09:47:50.427+0000: [ParNew: 9177K->6K(18432K), 0.0014390 secs] 272940K->263770K(403308K), 0.0014827 secs] [Times: user=0.01 sys=0.00, real=0.01 secs] 
2020-10-28T09:47:50.439+0000: [GC (Allocation Failure) 2020-10-28T09:47:50.439+0000: [ParNew: 16390K->7K(18432K), 0.0073138 secs] 280154K->271962K(403308K), 0.0073777 secs] [Times: user=0.01 sys=0.00, real=0.00 secs] 
2020-10-28T09:47:50.446+0000: [CMS-concurrent-abortable-preclean: 0.014/0.273 secs] [Times: user=0.34 sys=0.00, real=0.27 secs] 
2020-10-28T09:47:50.448+0000: [GC (CMS Final Remark) [YG occupancy: 332 K (18432 K)]2020-10-28T09:47:50.448+0000: [Rescan (parallel) , 0.0012169 secs]2020-10-28T09:47:50.449+0000: [weak refs processing, 0.0000261 secs]2020-10-28T09:47:50.449+0000: [class unloading, 0.0061497 secs]2020-10-28T09:47:50.455+0000: [scrub symbol table, 0.0078331 secs]2020-10-28T09:47:50.463+0000: [scrub string table, 0.0006636 secs][1 CMS-remark: 271955K(384876K)] 272287K(403308K), 0.0159970 secs] [Times: user=0.02 sys=0.00, real=0.01 secs] 
2020-10-28T09:47:50.464+0000: [CMS-concurrent-sweep-start]
2020-10-28T09:47:50.473+0000: [CMS-concurrent-sweep: 0.009/0.009 secs] [Times: user=0.02 sys=0.00, real=0.01 secs] 
2020-10-28T09:47:50.473+0000: [CMS-concurrent-reset-start]
2020-10-28T09:47:50.475+0000: [CMS-concurrent-reset: 0.002/0.002 secs] [Times: user=0.00 sys=0.00, real=0.00 secs] 
2020-10-28T09:47:50.487+0000: [GC (Allocation Failure) 2020-10-28T09:47:50.487+0000: [ParNew: 16391K->7K(18432K), 0.0019364 secs] 271961K->255577K(444384K), 0.0019826 secs] [Times: user=0.01 sys=0.00, real=0.01 secs] 
2020-10-28T09:47:50.507+0000: [GC (Allocation Failure) 2020-10-28T09:47:50.507+0000: [ParNew: 16391K->7K(18432K), 0.0018869 secs] 271961K->255577K(444384K), 0.0019371 secs] [Times: user=0.01 sys=0.00, real=0.01 secs] 
2020-10-28T09:47:50.527+0000: [GC (Allocation Failure) 2020-10-28T09:47:50.527+0000: [ParNew: 16391K->4K(18432K), 0.0018683 secs] 271961K->255579K(444384K), 0.0019177 secs] [Times: user=0.00 sys=0.00, real=0.01 secs] 
2020-10-28T09:47:50.547+0000: [GC (Allocation Failure) 2020-10-28T09:47:50.547+0000: [ParNew: 16388K->4K(18432K), 0.0018674 secs] 271963K->255578K(444384K), 0.0019166 secs] [Times: user=0.00 sys=0.00, real=0.01 secs] 
2020-10-28T09:47:50.569+0000: [GC (Allocation Failure) 2020-10-28T09:47:50.569+0000: [ParNew: 16388K->4K(18432K), 0.0018881 secs] 271962K->255578K(444384K), 0.0019491 secs] [Times: user=0.01 sys=0.00, real=0.00 secs] 
2020-10-28T09:47:50.590+0000: [GC (Allocation Failure) 2020-10-28T09:47:50.590+0000: [ParNew: 16388K->4K(18432K), 0.0019132 secs] 271962K->255578K(444384K), 0.0019669 secs] [Times: user=0.01 sys=0.00, real=0.00 secs] 
2020-10-28T09:47:50.610+0000: [GC (Allocation Failure) 2020-10-28T09:47:50.610+0000: [ParNew: 16388K->4K(18432K), 0.0018870 secs] 271962K->255578K(444384K), 0.0019382 secs] [Times: user=0.00 sys=0.00, real=0.00 secs] 
2020-10-28T09:47:50.630+0000: [GC (Allocation Failure) 2020-10-28T09:47:50.630+0000: [ParNew: 16388K->4K(18432K), 0.0018900 secs] 271962K->255578K(444384K), 0.0019407 secs] [Times: user=0.00 sys=0.00, real=0.00 secs] 
2020-10-28T09:47:50.650+0000: [GC (Allocation Failure) 2020-10-28T09:47:50.650+0000: [ParNew: 16388K->4K(18432K), 0.0018616 secs] 271962K->255578K(444384K), 0.0019102 secs] [Times: user=0.00 sys=0.00, real=0.00 secs] 
2020-10-28T09:47:50.670+0000: [GC (Allocation Failure) 2020-10-28T09:47:50.670+0000: [ParNew: 16388K->4K(18432K), 0.0018697 secs] 271962K->255578K(444384K), 0.0019197 secs] [Times: user=0.00 sys=0.00, real=0.00 secs] 
2020-10-28T09:47:50.690+0000: [GC (Allocation Failure) 2020-10-28T09:47:50.690+0000: [ParNew: 16388K->4K(18432K), 0.0018937 secs] 271962K->255578K(444384K), 0.0019456 secs] [Times: user=0.00 sys=0.00, real=0.00 secs] 
2020-10-28T09:47:50.711+0000: [GC (Allocation Failure) 2020-10-28T09:47:50.711+0000: [ParNew: 16388K->4K(18432K), 0.0018787 secs] 271962K->255578K(444384K), 0.0019300 secs] [Times: user=0.01 sys=0.00, real=0.00 secs] 
2020-10-28T09:47:50.723+0000: [GC (Allocation Failure) 2020-10-28T09:47:50.723+0000: [ParNew: 8850K->4K(18432K), 0.0018366 secs] 264425K->255578K(444384K), 0.0018830 secs] [Times: user=0.00 sys=0.00, real=0.00 secs] 
2020-10-28T09:47:50.735+0000: [GC (Allocation Failure) 2020-10-28T09:47:50.735+0000: [ParNew: 16388K->4K(18432K), 0.0028042 secs] 271962K->263770K(444384K), 0.0028527 secs] [Times: user=0.01 sys=0.00, real=0.01 secs] 
2020-10-28T09:47:50.756+0000: [GC (Allocation Failure) 2020-10-28T09:47:50.756+0000: [ParNew: 16388K->4K(18432K), 0.0018737 secs] 280154K->263770K(444384K), 0.0019241 secs] [Times: user=0.01 sys=0.00, real=0.00 secs] 
2020-10-28T09:47:50.776+0000: [GC (Allocation Failure) 2020-10-28T09:47:50.776+0000: [ParNew: 16388K->4K(18432K), 0.0018979 secs] 280154K->263770K(444384K), 0.0019501 secs] [Times: user=0.00 sys=0.00, real=0.00 secs] 
2020-10-28T09:47:50.796+0000: [GC (Allocation Failure) 2020-10-28T09:47:50.796+0000: [ParNew: 16388K->4K(18432K), 0.0018879 secs] 280154K->263770K(444384K), 0.0019394 secs] [Times: user=0.00 sys=0.00, real=0.00 secs] 
2020-10-28T09:47:50.817+0000: [GC (Allocation Failure) 2020-10-28T09:47:50.817+0000: [ParNew: 16388K->4K(18432K), 0.0018894 secs] 280154K->263770K(444384K), 0.0019423 secs] [Times: user=0.00 sys=0.00, real=0.00 secs] 
2020-10-28T09:47:50.837+0000: [GC (Allocation Failure) 2020-10-28T09:47:50.837+0000: [ParNew: 16388K->4K(18432K), 0.0018874 secs] 280154K->263770K(444384K), 0.0019412 secs] [Times: user=0.01 sys=0.00, real=0.00 secs] 
2020-10-28T09:47:50.857+0000: [GC (Allocation Failure) 2020-10-28T09:47:50.857+0000: [ParNew: 16388K->4K(18432K), 0.0018624 secs] 280154K->263770K(444384K), 0.0019136 secs] [Times: user=0.00 sys=0.00, real=0.00 secs] 
2020-10-28T09:47:50.878+0000: [GC (Allocation Failure) 2020-10-28T09:47:50.878+0000: [ParNew: 16388K->4K(18432K), 0.0018406 secs] 280154K->263770K(444384K), 0.0019081 secs] [Times: user=0.00 sys=0.00, real=0.00 secs] 
2020-10-28T09:47:50.898+0000: [GC (Allocation Failure) 2020-10-28T09:47:50.898+0000: [ParNew: 16388K->4K(18432K), 0.0019024 secs] 280154K->263770K(444384K), 0.0019543 secs] [Times: user=0.00 sys=0.00, real=0.00 secs] 
2020-10-28T09:47:50.919+0000: [GC (Allocation Failure) 2020-10-28T09:47:50.919+0000: [ParNew: 16388K->4K(18432K), 0.0018561 secs] 280154K->263770K(444384K), 0.0019077 secs] [Times: user=0.00 sys=0.00, real=0.00 secs] 
2020-10-28T09:47:50.939+0000: [GC (Allocation Failure) 2020-10-28T09:47:50.939+0000: [ParNew: 16388K->4K(18432K), 0.0018877 secs] 280154K->263770K(444384K), 0.0019394 secs] [Times: user=0.01 sys=0.00, real=0.00 secs] 
2020-10-28T09:47:50.959+0000: [GC (Allocation Failure) 2020-10-28T09:47:50.959+0000: [ParNew: 16388K->4K(18432K), 0.0019108 secs] 280154K->263770K(444384K), 0.0019630 secs] [Times: user=0.01 sys=0.00, real=0.00 secs] 
2020-10-28T09:47:50.979+0000: [GC (Allocation Failure) 2020-10-28T09:47:50.979+0000: [ParNew: 16388K->4K(18432K), 0.0018722 secs] 280154K->263770K(444384K), 0.0019225 secs] [Times: user=0.00 sys=0.00, real=0.00 secs] 
2020-10-28T09:47:50.991+0000: [GC (Allocation Failure) 2020-10-28T09:47:50.991+0000: [ParNew: 9178K->4K(18432K), 0.0017510 secs] 272945K->263770K(444384K), 0.0017929 secs] [Times: user=0.00 sys=0.00, real=0.00 secs] 
2020-10-28T09:47:51.003+0000: [GC (Allocation Failure) 2020-10-28T09:47:51.003+0000: [ParNew: 16388K->4K(18432K), 0.0139799 secs] 280154K->271962K(444384K), 0.0140338 secs] [Times: user=0.02 sys=0.00, real=0.02 secs] 
2020-10-28T09:47:51.037+0000: [GC (Allocation Failure) 2020-10-28T09:47:51.037+0000: [ParNew: 16388K->4K(18432K), 0.0022689 secs] 288346K->271962K(444384K), 0.0023360 secs] [Times: user=0.01 sys=0.00, real=0.00 secs] 
2020-10-28T09:47:51.059+0000: [GC (Allocation Failure) 2020-10-28T09:47:51.059+0000: [ParNew: 16388K->4K(18432K), 0.0019171 secs] 288346K->271962K(444384K), 0.0019782 secs] [Times: user=0.00 sys=0.00, real=0.00 secs] 
2020-10-28T09:47:51.079+0000: [GC (Allocation Failure) 2020-10-28T09:47:51.079+0000: [ParNew: 16388K->4K(18432K), 0.0018946 secs] 288346K->271962K(444384K), 0.0019450 secs] [Times: user=0.00 sys=0.00, real=0.00 secs] 
2020-10-28T09:47:51.099+0000: [GC (Allocation Failure) 2020-10-28T09:47:51.099+0000: [ParNew: 16388K->4K(18432K), 0.0018529 secs] 288346K->271962K(444384K), 0.0019030 secs] [Times: user=0.00 sys=0.00, real=0.00 secs] 
2020-10-28T09:47:51.120+0000: [GC (Allocation Failure) 2020-10-28T09:47:51.120+0000: [ParNew: 16388K->4K(18432K), 0.0018612 secs] 288346K->271962K(444384K), 0.0019108 secs] [Times: user=0.01 sys=0.00, real=0.00 secs] 
2020-10-28T09:47:51.140+0000: [GC (Allocation Failure) 2020-10-28T09:47:51.141+0000: [ParNew: 16388K->4K(18432K), 0.0018607 secs] 288346K->271962K(444384K), 0.0019123 secs] [Times: user=0.01 sys=0.00, real=0.00 secs] 
2020-10-28T09:47:51.161+0000: [GC (Allocation Failure) 2020-10-28T09:47:51.161+0000: [ParNew: 16388K->4K(18432K), 0.0018783 secs] 288346K->271962K(444384K), 0.0019290 secs] [Times: user=0.00 sys=0.00, real=0.00 secs] 
2020-10-28T09:47:51.181+0000: [GC (Allocation Failure) 2020-10-28T09:47:51.181+0000: [ParNew: 16388K->4K(18432K), 0.0018602 secs] 288346K->271962K(444384K), 0.0019111 secs] [Times: user=0.00 sys=0.00, real=0.00 secs] 
2020-10-28T09:47:51.201+0000: [GC (Allocation Failure) 2020-10-28T09:47:51.201+0000: [ParNew: 16388K->4K(18432K), 0.0018941 secs] 288346K->271962K(444384K), 0.0019462 secs] [Times: user=0.00 sys=0.01, real=0.00 secs] 
2020-10-28T09:47:51.221+0000: [GC (Allocation Failure) 2020-10-28T09:47:51.221+0000: [ParNew: 16388K->4K(18432K), 0.0018526 secs] 288346K->271962K(444384K), 0.0019196 secs] [Times: user=0.00 sys=0.00, real=0.00 secs] 
2020-10-28T09:47:51.241+0000: [GC (Allocation Failure) 2020-10-28T09:47:51.241+0000: [ParNew: 16388K->4K(18432K), 0.0018923 secs] 288346K->271962K(444384K), 0.0019449 secs] [Times: user=0.01 sys=0.00, real=0.00 secs] 
2020-10-28T09:47:51.261+0000: [GC (Allocation Failure) 2020-10-28T09:47:51.262+0000: [ParNew: 16388K->4K(18432K), 0.0019054 secs] 288346K->271962K(444384K), 0.0019583 secs] [Times: user=0.01 sys=0.00, real=0.00 secs] 
2020-10-28T09:47:51.274+0000: [GC (Allocation Failure) 2020-10-28T09:47:51.274+0000: [ParNew: 8812K->4K(18432K), 0.0018495 secs] 280771K->271962K(444384K), 0.0018998 secs] [Times: user=0.00 sys=0.00, real=0.01 secs] 
2020-10-28T09:47:51.286+0000: [GC (Allocation Failure) 2020-10-28T09:47:51.286+0000: [ParNew: 16388K->4K(18432K), 0.0074101 secs] 288346K->280154K(444384K), 0.0074556 secs] [Times: user=0.01 sys=0.00, real=0.01 secs] 
2020-10-28T09:47:51.311+0000: [GC (Allocation Failure) 2020-10-28T09:47:51.311+0000: [ParNew: 16388K->4K(18432K), 0.0018514 secs] 296538K->280154K(444384K), 0.0019069 secs] [Times: user=0.00 sys=0.00, real=0.00 secs] 
2020-10-28T09:47:51.331+0000: [GC (Allocation Failure) 2020-10-28T09:47:51.331+0000: [ParNew: 16388K->4K(18432K), 0.0018317 secs] 296538K->280154K(444384K), 0.0018796 secs] [Times: user=0.00 sys=0.00, real=0.00 secs] 
2020-10-28T09:47:51.352+0000: [GC (Allocation Failure) 2020-10-28T09:47:51.352+0000: [ParNew: 16388K->4K(18432K), 0.0017798 secs] 296538K->280154K(444384K), 0.0018264 secs] [Times: user=0.00 sys=0.00, real=0.00 secs] 
2020-10-28T09:47:51.413+0000: [GC (Allocation Failure) 2020-10-28T09:47:51.414+0000: [ParNew: 16388K->4K(18432K), 0.0018555 secs] 362074K->345690K(444384K), 0.0019072 secs] [Times: user=0.00 sys=0.00, real=0.00 secs] 
2020-10-28T09:47:51.419+0000: [GC (CMS Initial Mark) [1 CMS-initial-mark: 345686K(425952K)] 346017K(444384K), 0.0012088 secs] [Times: user=0.01 sys=0.00, real=0.00 secs] 
2020-10-28T09:47:51.421+0000: [CMS-concurrent-mark-start]
2020-10-28T09:47:51.450+0000: [GC (Allocation Failure) 2020-10-28T09:47:51.450+0000: [ParNew: 16388K->4K(18432K), 0.0018271 secs] 362074K->345690K(444384K), 0.0018794 secs] [Times: user=0.01 sys=0.00, real=0.00 secs] 
2020-10-28T09:47:51.462+0000: [CMS-concurrent-mark: 0.040/0.042 secs] [Times: user=0.08 sys=0.00, real=0.04 secs] 
2020-10-28T09:47:51.462+0000: [CMS-concurrent-preclean-start]
2020-10-28T09:47:51.464+0000: [CMS-concurrent-preclean: 0.002/0.002 secs] [Times: user=0.00 sys=0.00, real=0.00 secs] 
2020-10-28T09:47:51.464+0000: [CMS-concurrent-abortable-preclean-start]
2020-10-28T09:47:51.475+0000: [GC (Allocation Failure) 2020-10-28T09:47:51.475+0000: [ParNew: 16388K->4K(18432K), 0.0016107 secs] 362074K->345690K(444384K), 0.0016521 secs] [Times: user=0.00 sys=0.00, real=0.01 secs] 
2020-10-28T09:47:51.496+0000: [GC (Allocation Failure) 2020-10-28T09:47:51.496+0000: [ParNew: 16388K->4K(18432K), 0.0016584 secs] 362074K->345690K(444384K), 0.0017090 secs] [Times: user=0.00 sys=0.00, real=0.00 secs] 
2020-10-28T09:47:51.516+0000: [GC (Allocation Failure) 2020-10-28T09:47:51.516+0000: [ParNew: 16388K->4K(18432K), 0.0017782 secs] 362074K->345690K(444384K), 0.0018278 secs] [Times: user=0.01 sys=0.00, real=0.00 secs] 
2020-10-28T09:47:51.537+0000: [GC (Allocation Failure) 2020-10-28T09:47:51.537+0000: [ParNew: 16388K->4K(18432K), 0.0016978 secs] 362074K->345690K(444384K), 0.0017446 secs] [Times: user=0.01 sys=0.00, real=0.00 secs] 
2020-10-28T09:47:51.558+0000: [GC (Allocation Failure) 2020-10-28T09:47:51.558+0000: [ParNew: 16388K->4K(18432K), 0.0017514 secs] 362074K->345691K(444384K), 0.0017991 secs] [Times: user=0.00 sys=0.00, real=0.00 secs] 
2020-10-28T09:47:51.578+0000: [GC (Allocation Failure) 2020-10-28T09:47:51.578+0000: [ParNew: 16388K->4K(18432K), 0.0016965 secs] 362075K->345691K(444384K), 0.0017434 secs] [Times: user=0.01 sys=0.00, real=0.00 secs] 
2020-10-28T09:47:51.599+0000: [GC (Allocation Failure) 2020-10-28T09:47:51.599+0000: [ParNew: 16388K->4K(18432K), 0.0017926 secs] 362075K->345691K(444384K), 0.0018422 secs] [Times: user=0.00 sys=0.00, real=0.00 secs] 
2020-10-28T09:47:51.611+0000: [GC (Allocation Failure) 2020-10-28T09:47:51.611+0000: [ParNew: 8851K->4K(18432K), 0.0015411 secs] 354538K->345691K(444384K), 0.0015840 secs] [Times: user=0.00 sys=0.00, real=0.00 secs] 
2020-10-28T09:47:51.623+0000: [GC (Allocation Failure) 2020-10-28T09:47:51.623+0000: [ParNew: 16388K->4K(18432K), 0.0075365 secs] 362075K->353883K(444384K), 0.0075811 secs] [Times: user=0.01 sys=0.01, real=0.01 secs] 
2020-10-28T09:47:51.631+0000: [CMS-concurrent-abortable-preclean: 0.010/0.166 secs] [Times: user=0.20 sys=0.01, real=0.17 secs] 
2020-10-28T09:47:51.632+0000: [GC (CMS Final Remark) [YG occupancy: 328 K (18432 K)]2020-10-28T09:47:51.632+0000: [Rescan (parallel) , 0.0012137 secs]2020-10-28T09:47:51.633+0000: [weak refs processing, 0.0000248 secs]2020-10-28T09:47:51.633+0000: [class unloading, 0.0059484 secs]2020-10-28T09:47:51.639+0000: [scrub symbol table, 0.0076712 secs]2020-10-28T09:47:51.646+0000: [scrub string table, 0.0005155 secs][1 CMS-remark: 353879K(425952K)] 354208K(444384K), 0.0154593 secs] [Times: user=0.01 sys=0.00, real=0.01 secs] 
2020-10-28T09:47:51.647+0000: [CMS-concurrent-sweep-start]
2020-10-28T09:47:51.656+0000: [CMS-concurrent-sweep: 0.009/0.009 secs] [Times: user=0.02 sys=0.00, real=0.02 secs] 
2020-10-28T09:47:51.657+0000: [CMS-concurrent-reset-start]
2020-10-28T09:47:51.659+0000: [CMS-concurrent-reset: 0.002/0.002 secs] [Times: user=0.00 sys=0.00, real=0.00 secs] 
2020-10-28T09:47:51.671+0000: [GC (Allocation Failure) 2020-10-28T09:47:51.671+0000: [ParNew: 16388K->4K(18432K), 0.0022559 secs] 370266K->353882K(608232K), 0.0023076 secs] [Times: user=0.00 sys=0.00, real=0.00 secs] 
2020-10-28T09:47:51.691+0000: [GC (Allocation Failure) 2020-10-28T09:47:51.691+0000: [ParNew: 16388K->4K(18432K), 0.0021697 secs] 370266K->353882K(608232K), 0.0022146 secs] [Times: user=0.00 sys=0.00, real=0.00 secs] 
2020-10-28T09:47:51.712+0000: [GC (Allocation Failure) 2020-10-28T09:47:51.712+0000: [ParNew: 16388K->4K(18432K), 0.0022028 secs] 370266K->353882K(608232K), 0.0022489 secs] [Times: user=0.01 sys=0.00, real=0.00 secs] 
2020-10-28T09:47:51.732+0000: [GC (Allocation Failure) 2020-10-28T09:47:51.732+0000: [ParNew: 16388K->4K(18432K), 0.0021302 secs] 370266K->353882K(608232K), 0.0021756 secs] [Times: user=0.01 sys=0.00, real=0.00 secs] 
2020-10-28T09:47:51.753+0000: [GC (Allocation Failure) 2020-10-28T09:47:51.753+0000: [ParNew: 16388K->4K(18432K), 0.0022045 secs] 370266K->353882K(608232K), 0.0022519 secs] [Times: user=0.00 sys=0.00, real=0.00 secs] 
2020-10-28T09:47:51.774+0000: [GC (Allocation Failure) 2020-10-28T09:47:51.774+0000: [ParNew: 16388K->4K(18432K), 0.0022923 secs] 370266K->353883K(608232K), 0.0023502 secs] [Times: user=0.00 sys=0.00, real=0.01 secs] 
2020-10-28T09:47:51.794+0000: [GC (Allocation Failure) 2020-10-28T09:47:51.794+0000: [ParNew: 16388K->4K(18432K), 0.0022619 secs] 370267K->353883K(608232K), 0.0023130 secs] [Times: user=0.01 sys=0.00, real=0.01 secs] 
2020-10-28T09:47:51.815+0000: [GC (Allocation Failure) 2020-10-28T09:47:51.815+0000: [ParNew: 16388K->4K(18432K), 0.0022736 secs] 370267K->353883K(608232K), 0.0023236 secs] [Times: user=0.01 sys=0.00, real=0.01 secs] 
2020-10-28T09:47:51.835+0000: [GC (Allocation Failure) 2020-10-28T09:47:51.835+0000: [ParNew: 16388K->2K(18432K), 0.0037398 secs] 370267K->353881K(608232K), 0.0038173 secs] [Times: user=0.01 sys=0.00, real=0.01 secs] 
2020-10-28T09:47:51.857+0000: [GC (Allocation Failure) 2020-10-28T09:47:51.858+0000: [ParNew: 16386K->4K(18432K), 0.0022628 secs] 370265K->353883K(608232K), 0.0023140 secs] [Times: user=0.00 sys=0.00, real=0.00 secs] 
2020-10-28T09:47:51.878+0000: [GC (Allocation Failure) 2020-10-28T09:47:51.878+0000: [ParNew: 16388K->4K(18432K), 0.0022372 secs] 370267K->353883K(608232K), 0.0022866 secs] [Times: user=0.00 sys=0.00, real=0.00 secs] 
2020-10-28T09:47:51.898+0000: [GC (Allocation Failure) 2020-10-28T09:47:51.899+0000: [ParNew: 16388K->4K(18432K), 0.0022383 secs] 370267K->353883K(608232K), 0.0022880 secs] [Times: user=0.00 sys=0.00, real=0.00 secs] 
2020-10-28T09:47:51.911+0000: [GC (Allocation Failure) 2020-10-28T09:47:51.911+0000: [ParNew: 8867K->4K(18432K), 0.0019942 secs] 362746K->353883K(608232K), 0.0020364 secs] [Times: user=0.01 sys=0.00, real=0.00 secs] 
2020-10-28T09:47:51.924+0000: [GC (Allocation Failure) 2020-10-28T09:47:51.924+0000: [ParNew: 16388K->4K(18432K), 0.0080697 secs] 370267K->362075K(608232K), 0.0081204 secs] [Times: user=0.01 sys=0.00, real=0.01 secs] 
2020-10-28T09:47:51.950+0000: [GC (Allocation Failure) 2020-10-28T09:47:51.951+0000: [ParNew: 16388K->4K(18432K), 0.0022572 secs] 378459K->362075K(608232K), 0.0023061 secs] [Times: user=0.01 sys=0.00, real=0.00 secs] 
2020-10-28T09:47:51.971+0000: [GC (Allocation Failure) 2020-10-28T09:47:51.971+0000: [ParNew: 16388K->4K(18432K), 0.0022779 secs] 378459K->362075K(608232K), 0.0023268 secs] [Times: user=0.00 sys=0.00, real=0.00 secs] 
2020-10-28T09:47:51.992+0000: [GC (Allocation Failure) 2020-10-28T09:47:51.992+0000: [ParNew: 16388K->4K(18432K), 0.0022346 secs] 378459K->362075K(608232K), 0.0022855 secs] [Times: user=0.00 sys=0.00, real=0.00 secs] 
2020-10-28T09:47:52.013+0000: [GC (Allocation Failure) 2020-10-28T09:47:52.013+0000: [ParNew: 16388K->4K(18432K), 0.0022502 secs] 378459K->362075K(608232K), 0.0023010 secs] [Times: user=0.01 sys=0.00, real=0.01 secs] 
2020-10-28T09:47:52.034+0000: [GC (Allocation Failure) 2020-10-28T09:47:52.034+0000: [ParNew: 16388K->4K(18432K), 0.0022517 secs] 378459K->362075K(608232K), 0.0023008 secs] [Times: user=0.01 sys=0.00, real=0.01 secs] 
2020-10-28T09:47:52.055+0000: [GC (Allocation Failure) 2020-10-28T09:47:52.055+0000: [ParNew: 16388K->4K(18432K), 0.0023770 secs] 378459K->362075K(608232K), 0.0024281 secs] [Times: user=0.00 sys=0.00, real=0.01 secs] 
2020-10-28T09:47:52.076+0000: [GC (Allocation Failure) 2020-10-28T09:47:52.076+0000: [ParNew: 16388K->4K(18432K), 0.0022282 secs] 378459K->362075K(608232K), 0.0022797 secs] [Times: user=0.00 sys=0.00, real=0.00 secs] 
2020-10-28T09:47:52.096+0000: [GC (Allocation Failure) 2020-10-28T09:47:52.096+0000: [ParNew: 16388K->4K(18432K), 0.0022416 secs] 378459K->362075K(608232K), 0.0022913 secs] [Times: user=0.01 sys=0.00, real=0.00 secs] 
2020-10-28T09:47:52.121+0000: [GC (Allocation Failure) 2020-10-28T09:47:52.121+0000: [ParNew: 16388K->4K(18432K), 0.0022305 secs] 378459K->362075K(608232K), 0.0022805 secs] [Times: user=0.00 sys=0.00, real=0.00 secs] 
2020-10-28T09:47:52.142+0000: [GC (Allocation Failure) 2020-10-28T09:47:52.142+0000: [ParNew: 16388K->4K(18432K), 0.0023364 secs] 378459K->362075K(608232K), 0.0023928 secs] [Times: user=0.01 sys=0.00, real=0.00 secs] 
2020-10-28T09:47:52.168+0000: [GC (Allocation Failure) 2020-10-28T09:47:52.168+0000: [ParNew: 16388K->4K(18432K), 0.0022471 secs] 378459K->362075K(608232K), 0.0023061 secs] [Times: user=0.01 sys=0.00, real=0.00 secs] 
2020-10-28T09:47:52.189+0000: [GC (Allocation Failure) 2020-10-28T09:47:52.189+0000: [ParNew: 16388K->4K(18432K), 0.0022457 secs] 378459K->362075K(608232K), 0.0022986 secs] [Times: user=0.00 sys=0.00, real=0.00 secs] 
2020-10-28T09:47:52.202+0000: [GC (Allocation Failure) 2020-10-28T09:47:52.202+0000: [ParNew: 9178K->4K(18432K), 0.0021596 secs] 371249K->362075K(608232K), 0.0022038 secs] [Times: user=0.01 sys=0.00, real=0.00 secs] 
2020-10-28T09:47:52.214+0000: [GC (Allocation Failure) 2020-10-28T09:47:52.214+0000: [ParNew: 16388K->4K(18432K), 0.0078540 secs] 378459K->370267K(608232K), 0.0079026 secs] [Times: user=0.01 sys=0.00, real=0.01 secs] 
2020-10-28T09:47:52.240+0000: [GC (Allocation Failure) 2020-10-28T09:47:52.240+0000: [ParNew: 16388K->4K(18432K), 0.0022006 secs] 386651K->370267K(608232K), 0.0022467 secs] [Times: user=0.00 sys=0.00, real=0.00 secs] 
2020-10-28T09:47:52.261+0000: [GC (Allocation Failure) 2020-10-28T09:47:52.261+0000: [ParNew: 16388K->4K(18432K), 0.0021687 secs] 386651K->370267K(608232K), 0.0022164 secs] [Times: user=0.00 sys=0.00, real=0.00 secs] 
2020-10-28T09:47:52.281+0000: [GC (Allocation Failure) 2020-10-28T09:47:52.281+0000: [ParNew: 16388K->4K(18432K), 0.0022111 secs] 386651K->370267K(608232K), 0.0022578 secs] [Times: user=0.01 sys=0.00, real=0.00 secs] 
2020-10-28T09:47:52.304+0000: [GC (Allocation Failure) 2020-10-28T09:47:52.304+0000: [ParNew: 16388K->4K(18432K), 0.0021934 secs] 386651K->370267K(608232K), 0.0022431 secs] [Times: user=0.01 sys=0.00, real=0.00 secs] 
2020-10-28T09:47:52.324+0000: [GC (Allocation Failure) 2020-10-28T09:47:52.324+0000: [ParNew: 16388K->4K(18432K), 0.0022144 secs] 386651K->370267K(608232K), 0.0022641 secs] [Times: user=0.00 sys=0.00, real=0.00 secs] 
2020-10-28T09:47:52.345+0000: [GC (Allocation Failure) 2020-10-28T09:47:52.345+0000: [ParNew: 16388K->4K(18432K), 0.0021882 secs] 386651K->370267K(608232K), 0.0022351 secs] [Times: user=0.00 sys=0.00, real=0.00 secs] 
2020-10-28T09:47:52.366+0000: [GC (Allocation Failure) 2020-10-28T09:47:52.366+0000: [ParNew: 16388K->4K(18432K), 0.0021798 secs] 386651K->370267K(608232K), 0.0022273 secs] [Times: user=0.01 sys=0.00, real=0.01 secs] 
2020-10-28T09:47:52.386+0000: [GC (Allocation Failure) 2020-10-28T09:47:52.386+0000: [ParNew: 16388K->4K(18432K), 0.0021947 secs] 386651K->370267K(608232K), 0.0022518 secs] [Times: user=0.01 sys=0.00, real=0.01 secs] 
2020-10-28T09:47:52.407+0000: [GC (Allocation Failure) 2020-10-28T09:47:52.407+0000: [ParNew: 16388K->4K(18432K), 0.0021951 secs] 386651K->370267K(608232K), 0.0022471 secs] [Times: user=0.00 sys=0.00, real=0.01 secs] 
2020-10-28T09:47:52.427+0000: [GC (Allocation Failure) 2020-10-28T09:47:52.427+0000: [ParNew: 16388K->4K(18432K), 0.0021802 secs] 386651K->370267K(608232K), 0.0022280 secs] [Times: user=0.00 sys=0.00, real=0.01 secs] 
2020-10-28T09:47:52.449+0000: [GC (Allocation Failure) 2020-10-28T09:47:52.449+0000: [ParNew: 16388K->4K(18432K), 0.0022386 secs] 386651K->370267K(608232K), 0.0022884 secs] [Times: user=0.00 sys=0.00, real=0.00 secs] 
2020-10-28T09:47:52.470+0000: [GC (Allocation Failure) 2020-10-28T09:47:52.470+0000: [ParNew: 16388K->4K(18432K), 0.0022820 secs] 386651K->370267K(608232K), 0.0023281 secs] [Times: user=0.01 sys=0.00, real=0.00 secs] 
2020-10-28T09:47:52.484+0000: [GC (Allocation Failure) 2020-10-28T09:47:52.484+0000: [ParNew: 10138K->4K(18432K), 0.0021519 secs] 380402K->370267K(608232K), 0.0022003 secs] [Times: user=0.00 sys=0.00, real=0.00 secs] 
2020-10-28T09:47:52.496+0000: [GC (Allocation Failure) 2020-10-28T09:47:52.496+0000: [ParNew: 16388K->4K(18432K), 0.0080614 secs] 386651K->378459K(608232K), 0.0081162 secs] [Times: user=0.02 sys=0.01, real=0.00 secs] 
2020-10-28T09:47:52.523+0000: [GC (Allocation Failure) 2020-10-28T09:47:52.523+0000: [ParNew: 16388K->4K(18432K), 0.0022935 secs] 394843K->378459K(608232K), 0.0023458 secs] [Times: user=0.01 sys=0.00, real=0.00 secs] 
2020-10-28T09:47:52.545+0000: [GC (Allocation Failure) 2020-10-28T09:47:52.545+0000: [ParNew: 16388K->4K(18432K), 0.0022502 secs] 394843K->378459K(608232K), 0.0023034 secs] [Times: user=0.00 sys=0.00, real=0.00 secs] 
2020-10-28T09:47:52.567+0000: [GC (Allocation Failure) 2020-10-28T09:47:52.567+0000: [ParNew: 16388K->4K(18432K), 0.0022754 secs] 394843K->378459K(608232K), 0.0023281 secs] [Times: user=0.01 sys=0.00, real=0.01 secs] 
2020-10-28T09:47:52.587+0000: [GC (Allocation Failure) 2020-10-28T09:47:52.587+0000: [ParNew: 16388K->4K(18432K), 0.0022576 secs] 394843K->378459K(608232K), 0.0023084 secs] [Times: user=0.01 sys=0.00, real=0.01 secs] 
2020-10-28T09:47:52.609+0000: [GC (Allocation Failure) 2020-10-28T09:47:52.609+0000: [ParNew: 16388K->4K(18432K), 0.0026503 secs] 394843K->378459K(608232K), 0.0027018 secs] [Times: user=0.01 sys=0.00, real=0.00 secs] 
2020-10-28T09:47:52.630+0000: [GC (Allocation Failure) 2020-10-28T09:47:52.630+0000: [ParNew: 16388K->4K(18432K), 0.0022847 secs] 394843K->378459K(608232K), 0.0023371 secs] [Times: user=0.00 sys=0.00, real=0.00 secs] 
2020-10-28T09:47:52.651+0000: [GC (Allocation Failure) 2020-10-28T09:47:52.651+0000: [ParNew: 16388K->4K(18432K), 0.0022586 secs] 394843K->378459K(608232K), 0.0023099 secs] [Times: user=0.00 sys=0.00, real=0.00 secs] 
2020-10-28T09:47:52.672+0000: [GC (Allocation Failure) 2020-10-28T09:47:52.672+0000: [ParNew: 16388K->4K(18432K), 0.0022354 secs] 394843K->378459K(608232K), 0.0022860 secs] [Times: user=0.01 sys=0.00, real=0.00 secs] 
2020-10-28T09:47:52.692+0000: [GC (Allocation Failure) 2020-10-28T09:47:52.692+0000: [ParNew: 16388K->4K(18432K), 0.0022262 secs] 394843K->378459K(608232K), 0.0022773 secs] [Times: user=0.00 sys=0.00, real=0.00 secs] 
2020-10-28T09:47:52.713+0000: [GC (Allocation Failure) 2020-10-28T09:47:52.713+0000: [ParNew: 16388K->4K(18432K), 0.0022026 secs] 394843K->378459K(608232K), 0.0022530 secs] [Times: user=0.00 sys=0.00, real=0.00 secs] 
2020-10-28T09:47:52.733+0000: [GC (Allocation Failure) 2020-10-28T09:47:52.733+0000: [ParNew: 16388K->4K(18432K), 0.0022702 secs] 394843K->378459K(608232K), 0.0023242 secs] [Times: user=0.01 sys=0.00, real=0.00 secs] 
2020-10-28T09:47:52.754+0000: [GC (Allocation Failure) 2020-10-28T09:47:52.754+0000: [ParNew: 16388K->4K(18432K), 0.0022639 secs] 394843K->378459K(608232K), 0.0023157 secs] [Times: user=0.01 sys=0.00, real=0.01 secs] 
2020-10-28T09:47:52.768+0000: [GC (Allocation Failure) 2020-10-28T09:47:52.768+0000: [ParNew: 9833K->4K(18432K), 0.0021475 secs] 388289K->378459K(608232K), 0.0022012 secs] [Times: user=0.00 sys=0.00, real=0.00 secs] 
2020-10-28T09:47:52.780+0000: [GC (Allocation Failure) 2020-10-28T09:47:52.780+0000: [ParNew: 16388K->4K(18432K), 0.0136241 secs] 394843K->386651K(608232K), 0.0136930 secs] [Times: user=0.02 sys=0.01, real=0.01 secs] 
2020-10-28T09:47:52.812+0000: [GC (Allocation Failure) 2020-10-28T09:47:52.813+0000: [ParNew: 16388K->4K(18432K), 0.0022050 secs] 403035K->386651K(608232K), 0.0022696 secs] [Times: user=0.00 sys=0.00, real=0.00 secs] 
2020-10-28T09:47:52.833+0000: [GC (Allocation Failure) 2020-10-28T09:47:52.833+0000: [ParNew: 16388K->4K(18432K), 0.0022606 secs] 403035K->386651K(608232K), 0.0023211 secs] [Times: user=0.01 sys=0.00, real=0.00 secs] 
2020-10-28T09:47:52.854+0000: [GC (Allocation Failure) 2020-10-28T09:47:52.854+0000: [ParNew: 16388K->4K(18432K), 0.0022866 secs] 403035K->386651K(608232K), 0.0023402 secs] [Times: user=0.00 sys=0.00, real=0.01 secs] 
2020-10-28T09:47:52.875+0000: [GC (Allocation Failure) 2020-10-28T09:47:52.875+0000: [ParNew: 16388K->4K(18432K), 0.0022756 secs] 403035K->386651K(608232K), 0.0023367 secs] [Times: user=0.00 sys=0.00, real=0.01 secs] 
2020-10-28T09:47:52.897+0000: [GC (Allocation Failure) 2020-10-28T09:47:52.897+0000: [ParNew: 16388K->4K(18432K), 0.0022316 secs] 403035K->386651K(608232K), 0.0023003 secs] [Times: user=0.00 sys=0.00, real=0.00 secs] 
2020-10-28T09:47:52.917+0000: [GC (Allocation Failure) 2020-10-28T09:47:52.917+0000: [ParNew: 16388K->4K(18432K), 0.0023618 secs] 403035K->386651K(608232K), 0.0024151 secs] [Times: user=0.00 sys=0.00, real=0.00 secs] 
2020-10-28T09:47:52.938+0000: [GC (Allocation Failure) 2020-10-28T09:47:52.938+0000: [ParNew: 16388K->4K(18432K), 0.0022718 secs] 403035K->386651K(608232K), 0.0023246 secs] [Times: user=0.01 sys=0.00, real=0.00 secs] 
2020-10-28T09:47:52.959+0000: [GC (Allocation Failure) 2020-10-28T09:47:52.959+0000: [ParNew: 16388K->4K(18432K), 0.0022681 secs] 403035K->386651K(608232K), 0.0023250 secs] [Times: user=0.01 sys=0.00, real=0.00 secs] 
2020-10-28T09:47:52.980+0000: [GC (Allocation Failure) 2020-10-28T09:47:52.980+0000: [ParNew: 16388K->4K(18432K), 0.0022343 secs] 403035K->386651K(608232K), 0.0022853 secs] [Times: user=0.01 sys=0.00, real=0.00 secs] 
2020-10-28T09:47:53.000+0000: [GC (Allocation Failure) 2020-10-28T09:47:53.000+0000: [ParNew: 16388K->4K(18432K), 0.0022526 secs] 403035K->386651K(608232K), 0.0023034 secs] [Times: user=0.01 sys=0.00, real=0.00 secs] 
2020-10-28T09:47:53.021+0000: [GC (Allocation Failure) 2020-10-28T09:47:53.021+0000: [ParNew: 16388K->4K(18432K), 0.0022299 secs] 403035K->386651K(608232K), 0.0022823 secs] [Times: user=0.00 sys=0.00, real=0.00 secs] 
2020-10-28T09:47:53.042+0000: [GC (Allocation Failure) 2020-10-28T09:47:53.042+0000: [ParNew: 16388K->4K(18432K), 0.0022370 secs] 403035K->386651K(608232K), 0.0022889 secs] [Times: user=0.00 sys=0.00, real=0.00 secs] 
2020-10-28T09:47:53.055+0000: [GC (Allocation Failure) 2020-10-28T09:47:53.055+0000: [ParNew: 9834K->4K(18432K), 0.0020329 secs] 396481K->386651K(608232K), 0.0020765 secs] [Times: user=0.01 sys=0.00, real=0.01 secs] 
2020-10-28T09:47:53.067+0000: [GC (Allocation Failure) 2020-10-28T09:47:53.067+0000: [ParNew: 16388K->4K(18432K), 0.0078643 secs] 403035K->394843K(608232K), 0.0079113 secs] [Times: user=0.01 sys=0.00, real=0.01 secs] 
2020-10-28T09:47:53.094+0000: [GC (Allocation Failure) 2020-10-28T09:47:53.094+0000: [ParNew: 16388K->4K(18432K), 0.0022315 secs] 411227K->394843K(608232K), 0.0022814 secs] [Times: user=0.00 sys=0.00, real=0.01 secs] 
2020-10-28T09:47:53.115+0000: [GC (Allocation Failure) 2020-10-28T09:47:53.115+0000: [ParNew: 16388K->4K(18432K), 0.0025965 secs] 411227K->394843K(608232K), 0.0026484 secs] [Times: user=0.01 sys=0.00, real=0.01 secs] 
2020-10-28T09:47:53.135+0000: [GC (Allocation Failure) 2020-10-28T09:47:53.136+0000: [ParNew: 16388K->4K(18432K), 0.0022208 secs] 411227K->394843K(608232K), 0.0022859 secs] [Times: user=0.00 sys=0.00, real=0.01 secs] 
2020-10-28T09:47:53.156+0000: [GC (Allocation Failure) 2020-10-28T09:47:53.156+0000: [ParNew: 16388K->4K(18432K), 0.0022048 secs] 411227K->394843K(608232K), 0.0022557 secs] [Times: user=0.01 sys=0.00, real=0.00 secs] 
2020-10-28T09:47:53.177+0000: [GC (Allocation Failure) 2020-10-28T09:47:53.177+0000: [ParNew: 16388K->4K(18432K), 0.0022247 secs] 411227K->394843K(608232K), 0.0022765 secs] [Times: user=0.00 sys=0.00, real=0.00 secs] 
2020-10-28T09:47:53.197+0000: [GC (Allocation Failure) 2020-10-28T09:47:53.197+0000: [ParNew: 16388K->4K(18432K), 0.0022260 secs] 411227K->394843K(608232K), 0.0022769 secs] [Times: user=0.00 sys=0.01, real=0.00 secs] 
2020-10-28T09:47:53.218+0000: [GC (Allocation Failure) 2020-10-28T09:47:53.218+0000: [ParNew: 16388K->4K(18432K), 0.0022968 secs] 411227K->394843K(608232K), 0.0023486 secs] [Times: user=0.00 sys=0.00, real=0.00 secs] 
2020-10-28T09:47:53.238+0000: [GC (Allocation Failure) 2020-10-28T09:47:53.238+0000: [ParNew: 16388K->4K(18432K), 0.0022594 secs] 411227K->394843K(608232K), 0.0023126 secs] [Times: user=0.00 sys=0.00, real=0.00 secs] 
2020-10-28T09:47:53.260+0000: [GC (Allocation Failure) 2020-10-28T09:47:53.260+0000: [ParNew: 16388K->4K(18432K), 0.0022375 secs] 411227K->394843K(608232K), 0.0022913 secs] [Times: user=0.00 sys=0.00, real=0.00 secs] 
2020-10-28T09:47:53.280+0000: [GC (Allocation Failure) 2020-10-28T09:47:53.280+0000: [ParNew: 16388K->4K(18432K), 0.0022051 secs] 411227K->394843K(608232K), 0.0022555 secs] [Times: user=0.00 sys=0.00, real=0.00 secs] 
2020-10-28T09:47:53.301+0000: [GC (Allocation Failure) 2020-10-28T09:47:53.301+0000: [ParNew: 16388K->4K(18432K), 0.0022512 secs] 411227K->394843K(608232K), 0.0023027 secs] [Times: user=0.01 sys=0.00, real=0.00 secs] 
2020-10-28T09:47:53.322+0000: [GC (Allocation Failure) 2020-10-28T09:47:53.322+0000: [ParNew: 16388K->4K(18432K), 0.0022625 secs] 411227K->394843K(608232K), 0.0023159 secs] [Times: user=0.01 sys=0.00, real=0.00 secs] 
2020-10-28T09:47:53.336+0000: [GC (Allocation Failure) 2020-10-28T09:47:53.336+0000: [ParNew: 10161K->4K(18432K), 0.0022390 secs] 405001K->394843K(608232K), 0.0023042 secs] [Times: user=0.00 sys=0.00, real=0.00 secs] 
2020-10-28T09:47:53.348+0000: [GC (Allocation Failure) 2020-10-28T09:47:53.348+0000: [ParNew: 16388K->4K(18432K), 0.0079277 secs] 411227K->403035K(608232K), 0.0079800 secs] [Times: user=0.02 sys=0.00, real=0.01 secs] 
2020-10-28T09:47:53.374+0000: [GC (Allocation Failure) 2020-10-28T09:47:53.374+0000: [ParNew: 16388K->4K(18432K), 0.0022235 secs] 419419K->403035K(608232K), 0.0022713 secs] [Times: user=0.00 sys=0.00, real=0.01 secs] 
2020-10-28T09:47:53.398+0000: [GC (Allocation Failure) 2020-10-28T09:47:53.398+0000: [ParNew: 16388K->4K(18432K), 0.0021957 secs] 419419K->403035K(608232K), 0.0022447 secs] [Times: user=0.00 sys=0.00, real=0.00 secs] 
2020-10-28T09:47:53.419+0000: [GC (Allocation Failure) 2020-10-28T09:47:53.419+0000: [ParNew: 16388K->4K(18432K), 0.0021830 secs] 419419K->403035K(608232K), 0.0022296 secs] [Times: user=0.01 sys=0.00, real=0.00 secs] 
2020-10-28T09:47:53.439+0000: [GC (Allocation Failure) 2020-10-28T09:47:53.439+0000: [ParNew: 16388K->4K(18432K), 0.0021607 secs] 419419K->403035K(608232K), 0.0022078 secs] [Times: user=0.00 sys=0.00, real=0.00 secs] 
2020-10-28T09:47:53.460+0000: [GC (Allocation Failure) 2020-10-28T09:47:53.460+0000: [ParNew: 16388K->4K(18432K), 0.0021309 secs] 419419K->403035K(608232K), 0.0021802 secs] [Times: user=0.00 sys=0.00, real=0.00 secs] 
2020-10-28T09:47:53.480+0000: [GC (Allocation Failure) 2020-10-28T09:47:53.480+0000: [ParNew: 16388K->4K(18432K), 0.0021453 secs] 419419K->403035K(608232K), 0.0021992 secs] [Times: user=0.01 sys=0.00, real=0.00 secs] 
2020-10-28T09:47:53.501+0000: [GC (Allocation Failure) 2020-10-28T09:47:53.501+0000: [ParNew: 16388K->4K(18432K), 0.0020771 secs] 419419K->403035K(608232K), 0.0021209 secs] [Times: user=0.01 sys=0.00, real=0.00 secs] 
2020-10-28T09:47:53.521+0000: [GC (Allocation Failure) 2020-10-28T09:47:53.521+0000: [ParNew: 16388K->4K(18432K), 0.0021308 secs] 419419K->403035K(608232K), 0.0021846 secs] [Times: user=0.00 sys=0.00, real=0.00 secs] 
2020-10-28T09:47:53.541+0000: [GC (Allocation Failure) 2020-10-28T09:47:53.541+0000: [ParNew: 16388K->4K(18432K), 0.0021183 secs] 419419K->403035K(608232K), 0.0021719 secs] [Times: user=0.00 sys=0.01, real=0.00 secs] 
2020-10-28T09:47:53.577+0000: [GC (Allocation Failure) 2020-10-28T09:47:53.577+0000: [ParNew: 16388K->4K(18432K), 0.0022441 secs] 419419K->403035K(608232K), 0.0022958 secs] [Times: user=0.01 sys=0.00, real=0.00 secs] 
2020-10-28T09:47:53.597+0000: [GC (Allocation Failure) 2020-10-28T09:47:53.597+0000: [ParNew: 16388K->4K(18432K), 0.0022484 secs] 419419K->403035K(608232K), 0.0022990 secs] [Times: user=0.00 sys=0.00, real=0.00 secs] 
2020-10-28T09:47:53.618+0000: [GC (Allocation Failure) 2020-10-28T09:47:53.618+0000: [ParNew: 16388K->4K(18432K), 0.0022584 secs] 419419K->403035K(608232K), 0.0023105 secs] [Times: user=0.01 sys=0.00, real=0.00 secs] 
2020-10-28T09:47:53.632+0000: [GC (Allocation Failure) 2020-10-28T09:47:53.632+0000: [ParNew: 10161K->4K(18432K), 0.0021163 secs] 413193K->403035K(608232K), 0.0021577 secs] [Times: user=0.00 sys=0.00, real=0.00 secs] 
2020-10-28T09:47:53.650+0000: [GC (Allocation Failure) 2020-10-28T09:47:53.650+0000: [ParNew: 16388K->4K(18432K), 0.0091550 secs] 419419K->411227K(608232K), 0.0092252 secs] [Times: user=0.01 sys=0.00, real=0.01 secs] 
2020-10-28T09:47:53.689+0000: [GC (Allocation Failure) 2020-10-28T09:47:53.689+0000: [ParNew: 16388K->4K(18432K), 0.0022287 secs] 427611K->411227K(608232K), 0.0022808 secs] [Times: user=0.01 sys=0.00, real=0.00 secs] 
2020-10-28T09:47:53.710+0000: [GC (Allocation Failure) 2020-10-28T09:47:53.710+0000: [ParNew: 16388K->4K(18432K), 0.0022140 secs] 427611K->411227K(608232K), 0.0022614 secs] [Times: user=0.00 sys=0.00, real=0.00 secs] 
2020-10-28T09:47:53.730+0000: [GC (Allocation Failure) 2020-10-28T09:47:53.730+0000: [ParNew: 16388K->4K(18432K), 0.0021149 secs] 427611K->411227K(608232K), 0.0021762 secs] [Times: user=0.00 sys=0.00, real=0.00 secs] 
2020-10-28T09:47:53.754+0000: [GC (Allocation Failure) 2020-10-28T09:47:53.754+0000: [ParNew: 16388K->4K(18432K), 0.0022005 secs] 427611K->411227K(608232K), 0.0022487 secs] [Times: user=0.01 sys=0.00, real=0.01 secs] 
2020-10-28T09:47:53.774+0000: [GC (Allocation Failure) 2020-10-28T09:47:53.774+0000: [ParNew: 16388K->4K(18432K), 0.0021502 secs] 427611K->411227K(608232K), 0.0021967 secs] [Times: user=0.00 sys=0.00, real=0.01 secs] 
2020-10-28T09:47:53.795+0000: [GC (Allocation Failure) 2020-10-28T09:47:53.795+0000: [ParNew: 16388K->4K(18432K), 0.0022079 secs] 427611K->411227K(608232K), 0.0022561 secs] [Times: user=0.00 sys=0.00, real=0.01 secs] 
2020-10-28T09:47:53.815+0000: [GC (Allocation Failure) 2020-10-28T09:47:53.815+0000: [ParNew: 16388K->4K(18432K), 0.0022281 secs] 427611K->411227K(608232K), 0.0022891 secs] [Times: user=0.01 sys=0.00, real=0.01 secs] 
2020-10-28T09:47:53.838+0000: [GC (Allocation Failure) 2020-10-28T09:47:53.838+0000: [ParNew: 16388K->4K(18432K), 0.0023376 secs] 427611K->411227K(608232K), 0.0024244 secs] [Times: user=0.00 sys=0.00, real=0.00 secs] 
2020-10-28T09:47:53.858+0000: [GC (Allocation Failure) 2020-10-28T09:47:53.858+0000: [ParNew: 16388K->4K(18432K), 0.0022410 secs] 427611K->411227K(608232K), 0.0022934 secs] [Times: user=0.01 sys=0.00, real=0.00 secs] 
2020-10-28T09:47:53.879+0000: [GC (Allocation Failure) 2020-10-28T09:47:53.879+0000: [ParNew: 16388K->4K(18432K), 0.0022631 secs] 427611K->411227K(608232K), 0.0023142 secs] [Times: user=0.00 sys=0.00, real=0.00 secs] 
2020-10-28T09:47:53.899+0000: [GC (Allocation Failure) 2020-10-28T09:47:53.899+0000: [ParNew: 16388K->4K(18432K), 0.0022221 secs] 427611K->411227K(608232K), 0.0022735 secs] [Times: user=0.00 sys=0.00, real=0.00 secs] 
2020-10-28T09:47:53.920+0000: [GC (Allocation Failure) 2020-10-28T09:47:53.920+0000: [ParNew: 16388K->4K(18432K), 0.0022203 secs] 427611K->411227K(608232K), 0.0022753 secs] [Times: user=0.00 sys=0.00, real=0.00 secs] 
2020-10-28T09:47:53.934+0000: [GC (Allocation Failure) 2020-10-28T09:47:53.934+0000: [ParNew: 10133K->4K(18432K), 0.0021924 secs] 421357K->411227K(608232K), 0.0022405 secs] [Times: user=0.01 sys=0.00, real=0.01 secs] 
2020-10-28T09:47:53.946+0000: [GC (Allocation Failure) 2020-10-28T09:47:53.946+0000: [ParNew: 16388K->4K(18432K), 0.0079671 secs] 427611K->419419K(608232K), 0.0080209 secs] [Times: user=0.01 sys=0.00, real=0.01 secs] 
2020-10-28T09:47:53.956+0000: [GC (CMS Initial Mark) [1 CMS-initial-mark: 419415K(589800K)] 419744K(608232K), 0.0011973 secs] [Times: user=0.00 sys=0.00, real=0.00 secs] 
2020-10-28T09:47:53.957+0000: [CMS-concurrent-mark-start]
2020-10-28T09:47:53.989+0000: [GC (Allocation Failure) 2020-10-28T09:47:53.989+0000: [ParNew: 16388K->4K(18432K), 0.0021695 secs] 435803K->419419K(608232K), 0.0022216 secs] [Times: user=0.00 sys=0.00, real=0.00 secs] 
2020-10-28T09:47:53.994+0000: [CMS-concurrent-mark: 0.035/0.037 secs] [Times: user=0.07 sys=0.00, real=0.03 secs] 
2020-10-28T09:47:53.994+0000: [CMS-concurrent-preclean-start]
2020-10-28T09:47:53.996+0000: [CMS-concurrent-preclean: 0.002/0.002 secs] [Times: user=0.00 sys=0.00, real=0.01 secs] 
2020-10-28T09:47:53.996+0000: [CMS-concurrent-abortable-preclean-start]
2020-10-28T09:47:54.012+0000: [GC (Allocation Failure) 2020-10-28T09:47:54.012+0000: [ParNew: 16388K->4K(18432K), 0.0022432 secs] 435803K->419419K(608232K), 0.0022954 secs] [Times: user=0.01 sys=0.00, real=0.00 secs] 
2020-10-28T09:47:54.033+0000: [GC (Allocation Failure) 2020-10-28T09:47:54.033+0000: [ParNew: 16388K->4K(18432K), 0.0022411 secs] 435803K->419419K(608232K), 0.0022933 secs] [Times: user=0.00 sys=0.00, real=0.00 secs] 
2020-10-28T09:47:54.054+0000: [GC (Allocation Failure) 2020-10-28T09:47:54.054+0000: [ParNew: 16388K->4K(18432K), 0.0022473 secs] 435803K->419419K(608232K), 0.0022991 secs] [Times: user=0.00 sys=0.00, real=0.01 secs] 
2020-10-28T09:47:54.075+0000: [GC (Allocation Failure) 2020-10-28T09:47:54.075+0000: [ParNew: 16388K->4K(18432K), 0.0022010 secs] 435803K->419419K(608232K), 0.0022524 secs] [Times: user=0.01 sys=0.00, real=0.01 secs] 
2020-10-28T09:47:54.096+0000: [GC (Allocation Failure) 2020-10-28T09:47:54.096+0000: [ParNew: 16388K->4K(18432K), 0.0022038 secs] 435803K->419419K(608232K), 0.0022559 secs] [Times: user=0.00 sys=0.00, real=0.00 secs] 
2020-10-28T09:47:54.118+0000: [GC (Allocation Failure) 2020-10-28T09:47:54.118+0000: [ParNew: 16388K->4K(18432K), 0.0022190 secs] 435803K->419419K(608232K), 0.0022690 secs] [Times: user=0.00 sys=0.00, real=0.00 secs] 
2020-10-28T09:47:54.140+0000: [GC (Allocation Failure) 2020-10-28T09:47:54.140+0000: [ParNew: 16388K->4K(18432K), 0.0021688 secs] 435803K->419419K(608232K), 0.0022191 secs] [Times: user=0.01 sys=0.00, real=0.00 secs] 
2020-10-28T09:47:54.160+0000: [GC (Allocation Failure) 2020-10-28T09:47:54.161+0000: [ParNew: 16388K->4K(18432K), 0.0021977 secs] 435803K->419419K(608232K), 0.0022500 secs] [Times: user=0.00 sys=0.00, real=0.00 secs] 
2020-10-28T09:47:54.182+0000: [GC (Allocation Failure) 2020-10-28T09:47:54.182+0000: [ParNew: 16388K->4K(18432K), 0.0021954 secs] 435803K->419419K(608232K), 0.0022460 secs] [Times: user=0.01 sys=0.00, real=0.00 secs] 
2020-10-28T09:47:54.202+0000: [GC (Allocation Failure) 2020-10-28T09:47:54.202+0000: [ParNew: 16388K->4K(18432K), 0.0021802 secs] 435803K->419419K(608232K), 0.0022297 secs] [Times: user=0.00 sys=0.00, real=0.00 secs] 
2020-10-28T09:47:54.224+0000: [GC (Allocation Failure) 2020-10-28T09:47:54.224+0000: [ParNew: 16388K->4K(18432K), 0.0022011 secs] 435803K->419419K(608232K), 0.0022533 secs] [Times: user=0.01 sys=0.00, real=0.00 secs] 
2020-10-28T09:47:54.238+0000: [GC (Allocation Failure) 2020-10-28T09:47:54.238+0000: [ParNew: 10193K->4K(18432K), 0.0019232 secs] 429609K->419419K(608232K), 0.0019701 secs] [Times: user=0.00 sys=0.00, real=0.00 secs] 
2020-10-28T09:47:54.250+0000: [GC (Allocation Failure) 2020-10-28T09:47:54.250+0000: [ParNew: 16388K->4K(18432K), 0.0079360 secs] 435803K->427612K(608232K), 0.0079925 secs] [Times: user=0.01 sys=0.01, real=0.01 secs] 
2020-10-28T09:47:54.258+0000: [CMS-concurrent-abortable-preclean: 0.019/0.262 secs] [Times: user=0.31 sys=0.01, real=0.26 secs] 
2020-10-28T09:47:54.258+0000: [GC (CMS Final Remark) [YG occupancy: 329 K (18432 K)]2020-10-28T09:47:54.258+0000: [Rescan (parallel) , 0.0016777 secs]2020-10-28T09:47:54.260+0000: [weak refs processing, 0.0000313 secs]2020-10-28T09:47:54.260+0000: [class unloading, 0.0062505 secs]2020-10-28T09:47:54.266+0000: [scrub symbol table, 0.0084470 secs]2020-10-28T09:47:54.275+0000: [scrub string table, 0.0005298 secs][1 CMS-remark: 427607K(589800K)] 427937K(608232K), 0.0170555 secs] [Times: user=0.02 sys=0.00, real=0.01 secs] 
2020-10-28T09:47:54.276+0000: [CMS-concurrent-sweep-start]
2020-10-28T09:47:54.285+0000: [CMS-concurrent-sweep: 0.009/0.009 secs] [Times: user=0.01 sys=0.00, real=0.00 secs] 
2020-10-28T09:47:54.285+0000: [CMS-concurrent-reset-start]
2020-10-28T09:47:54.287+0000: [CMS-concurrent-reset: 0.002/0.002 secs] [Times: user=0.01 sys=0.00, real=0.00 secs] 
2020-10-28T09:47:54.299+0000: [GC (Allocation Failure) 2020-10-28T09:47:54.299+0000: [ParNew: 16388K->4K(18432K), 0.0024293 secs] 411194K->394810K(676444K), 0.0024808 secs] [Times: user=0.01 sys=0.00, real=0.00 secs] 
2020-10-28T09:47:54.320+0000: [GC (Allocation Failure) 2020-10-28T09:47:54.320+0000: [ParNew: 16388K->4K(18432K), 0.0023658 secs] 411194K->394810K(676444K), 0.0024149 secs] [Times: user=0.00 sys=0.00, real=0.00 secs] 
2020-10-28T09:47:54.340+0000: [GC (Allocation Failure) 2020-10-28T09:47:54.340+0000: [ParNew: 16388K->4K(18432K), 0.0023170 secs] 411194K->394810K(676444K), 0.0023662 secs] [Times: user=0.00 sys=0.00, real=0.00 secs] 
2020-10-28T09:47:54.361+0000: [GC (Allocation Failure) 2020-10-28T09:47:54.361+0000: [ParNew: 16388K->4K(18432K), 0.0023011 secs] 411194K->394810K(676444K), 0.0023481 secs] [Times: user=0.01 sys=0.00, real=0.00 secs] 
2020-10-28T09:47:54.382+0000: [GC (Allocation Failure) 2020-10-28T09:47:54.382+0000: [ParNew: 16388K->4K(18432K), 0.0023381 secs] 411194K->394810K(676444K), 0.0023853 secs] [Times: user=0.01 sys=0.00, real=0.00 secs] 
2020-10-28T09:47:54.402+0000: [GC (Allocation Failure) 2020-10-28T09:47:54.402+0000: [ParNew: 16388K->4K(18432K), 0.0023281 secs] 411194K->394810K(676444K), 0.0023742 secs] [Times: user=0.00 sys=0.00, real=0.00 secs] 
2020-10-28T09:47:54.423+0000: [GC (Allocation Failure) 2020-10-28T09:47:54.423+0000: [ParNew: 16388K->4K(18432K), 0.0023403 secs] 411194K->394810K(676444K), 0.0023877 secs] [Times: user=0.00 sys=0.00, real=0.00 secs] 
2020-10-28T09:47:54.443+0000: [GC (Allocation Failure) 2020-10-28T09:47:54.443+0000: [ParNew: 16388K->4K(18432K), 0.0022538 secs] 411194K->394810K(676444K), 0.0022993 secs] [Times: user=0.01 sys=0.00, real=0.00 secs] 
2020-10-28T09:47:54.876+0000: [GC (Allocation Failure) 2020-10-28T09:47:54.876+0000: [ParNew: 16388K->42K(18432K), 0.0025710 secs] 411194K->394848K(676444K), 0.0026438 secs] [Times: user=0.00 sys=0.00, real=0.00 secs] 
2020-10-28T09:47:55.855+0000: [GC (Allocation Failure) 2020-10-28T09:47:55.855+0000: [ParNew: 16426K->25K(18432K), 0.0026594 secs] 411232K->394831K(676444K), 0.0027108 secs] [Times: user=0.01 sys=0.00, real=0.01 secs] 
2020-10-28T09:47:56.845+0000: [GC (Allocation Failure) 2020-10-28T09:47:56.845+0000: [ParNew: 16409K->445K(18432K), 0.0036626 secs] 411215K->395251K(676444K), 0.0037258 secs] [Times: user=0.00 sys=0.00, real=0.01 secs] 
2020-10-28T09:47:57.047+0000: [GC (Allocation Failure) 2020-10-28T09:47:57.047+0000: [ParNew: 16829K->1368K(18432K), 0.0047821 secs] 411635K->396174K(676444K), 0.0048575 secs] [Times: user=0.01 sys=0.00, real=0.01 secs] 
2020-10-28T09:47:57.155+0000: [GC (Allocation Failure) 2020-10-28T09:47:57.155+0000: [ParNew: 17752K->2026K(18432K), 0.0092817 secs] 412558K->397091K(676444K), 0.0093560 secs] [Times: user=0.02 sys=0.00, real=0.01 secs] 
2020-10-28T09:47:57.239+0000: [GC (Allocation Failure) 2020-10-28T09:47:57.239+0000: [ParNew: 18410K->1250K(18432K), 0.0083850 secs] 413475K->396634K(676444K), 0.0084512 secs] [Times: user=0.01 sys=0.00, real=0.00 secs] 
2020-10-28T09:47:57.313+0000: [GC (Allocation Failure) 2020-10-28T09:47:57.313+0000: [ParNew: 17634K->721K(18432K), 0.0040346 secs] 413018K->396105K(676444K), 0.0040983 secs] [Times: user=0.01 sys=0.00, real=0.01 secs] 
2020-10-28T09:47:57.393+0000: [GC (Allocation Failure) 2020-10-28T09:47:57.393+0000: [ParNew: 17105K->846K(18432K), 0.0032324 secs] 412489K->396230K(676444K), 0.0032851 secs] [Times: user=0.00 sys=0.00, real=0.01 secs] 
2020-10-28T09:47:57.449+0000: [GC (Allocation Failure) 2020-10-28T09:47:57.449+0000: [ParNew: 17230K->1480K(18432K), 0.0036307 secs] 412614K->396865K(676444K), 0.0036831 secs] [Times: user=0.01 sys=0.00, real=0.00 secs] 
2020-10-28T09:47:57.513+0000: [GC (Allocation Failure) 2020-10-28T09:47:57.513+0000: [ParNew: 17864K->643K(18432K), 0.0042522 secs] 413249K->396889K(676444K), 0.0043042 secs] [Times: user=0.01 sys=0.00, real=0.01 secs] 
2020-10-28T09:47:57.567+0000: [GC (Allocation Failure) 2020-10-28T09:47:57.567+0000: [ParNew: 17027K->642K(18432K), 0.0047852 secs] 413273K->396888K(676444K), 0.0048508 secs] [Times: user=0.01 sys=0.00, real=0.01 secs] 
2020-10-28T09:47:57.635+0000: [GC (Allocation Failure) 2020-10-28T09:47:57.635+0000: [ParNew: 17026K->603K(18432K), 0.0032199 secs] 413272K->396849K(676444K), 0.0032714 secs] [Times: user=0.00 sys=0.00, real=0.01 secs] 
2020-10-28T09:47:57.715+0000: [GC (Allocation Failure) 2020-10-28T09:47:57.715+0000: [ParNew: 16987K->661K(18432K), 0.0035371 secs] 413233K->396907K(676444K), 0.0036072 secs] [Times: user=0.01 sys=0.00, real=0.01 secs] 
2020-10-28T09:47:57.798+0000: [GC (Allocation Failure) 2020-10-28T09:47:57.798+0000: [ParNew: 17045K->823K(18432K), 0.0038137 secs] 413291K->397069K(676444K), 0.0038650 secs] [Times: user=0.01 sys=0.00, real=0.00 secs] 
2020-10-28T09:47:57.879+0000: [GC (Allocation Failure) 2020-10-28T09:47:57.879+0000: [ParNew: 17207K->555K(18432K), 0.0035321 secs] 413453K->396801K(676444K), 0.0036024 secs] [Times: user=0.01 sys=0.00, real=0.00 secs] 
2020-10-28T09:47:57.989+0000: [GC (Allocation Failure) 2020-10-28T09:47:57.989+0000: [ParNew: 16939K->853K(18432K), 0.0042770 secs] 413185K->397193K(676444K), 0.0043467 secs] [Times: user=0.00 sys=0.00, real=0.00 secs] 
2020-10-28T09:47:58.134+0000: [GC (Allocation Failure) 2020-10-28T09:47:58.134+0000: [ParNew: 17237K->1393K(18432K), 0.0047817 secs] 413577K->397769K(676444K), 0.0048352 secs] [Times: user=0.01 sys=0.00, real=0.01 secs] 
2020-10-28T09:47:58.191+0000: [GC (Allocation Failure) 2020-10-28T09:47:58.191+0000: [ParNew: 17777K->1357K(18432K), 0.0075553 secs] 414153K->397889K(676444K), 0.0076221 secs] [Times: user=0.01 sys=0.00, real=0.01 secs] 
2020-10-28T09:47:58.313+0000: [GC (Allocation Failure) 2020-10-28T09:47:58.313+0000: [ParNew: 17741K->1758K(18432K), 0.0047159 secs] 414273K->398290K(676444K), 0.0047683 secs] [Times: user=0.01 sys=0.00, real=0.01 secs] 
2020-10-28T09:47:58.472+0000: [GC (Allocation Failure) 2020-10-28T09:47:58.472+0000: [ParNew: 18142K->1848K(18432K), 0.0086467 secs] 414674K->399000K(676444K), 0.0086991 secs] [Times: user=0.01 sys=0.00, real=0.01 secs] 
2020-10-28T09:47:58.639+0000: [GC (Allocation Failure) 2020-10-28T09:47:58.639+0000: [ParNew: 18232K->2006K(18432K), 0.0179745 secs] 415384K->400649K(676444K), 0.0180429 secs] [Times: user=0.02 sys=0.00, real=0.02 secs] 
2020-10-28T09:47:58.781+0000: [GC (Allocation Failure) 2020-10-28T09:47:58.781+0000: [ParNew: 18390K->857K(18432K), 0.0064174 secs] 417033K->400265K(676444K), 0.0064726 secs] [Times: user=0.01 sys=0.00, real=0.00 secs] 
2020-10-28T09:47:58.995+0000: [GC (Allocation Failure) 2020-10-28T09:47:58.995+0000: [ParNew: 17241K->2017K(18432K), 0.0056697 secs] 416649K->401424K(676444K), 0.0057428 secs] [Times: user=0.01 sys=0.00, real=0.01 secs] 
2020-10-28T09:47:59.051+0000: [GC (Allocation Failure) 2020-10-28T09:47:59.051+0000: [ParNew: 18401K->847K(18432K), 0.0057405 secs] 417808K->401838K(676444K), 0.0057944 secs] [Times: user=0.02 sys=0.00, real=0.01 secs] 
2020-10-28T09:47:59.117+0000: [GC (Allocation Failure) 2020-10-28T09:47:59.117+0000: [ParNew: 17204K->532K(18432K), 0.0032850 secs] 418195K->401523K(676444K), 0.0033593 secs] [Times: user=0.00 sys=0.00, real=0.00 secs] 
2020-10-28T09:47:59.174+0000: [GC (Allocation Failure) 2020-10-28T09:47:59.174+0000: [ParNew: 16916K->1224K(18432K), 0.0027734 secs] 417907K->402215K(676444K), 0.0028539 secs] [Times: user=0.01 sys=0.00, real=0.01 secs] 
2020-10-28T09:47:59.226+0000: [GC (Allocation Failure) 2020-10-28T09:47:59.226+0000: [ParNew: 17608K->278K(18432K), 0.0026918 secs] 418599K->401796K(676444K), 0.0027629 secs] [Times: user=0.01 sys=0.00, real=0.01 secs] 
2020-10-28T09:47:59.256+0000: [GC (Allocation Failure) 2020-10-28T09:47:59.256+0000: [ParNew: 16662K->518K(18432K), 0.0025421 secs] 418180K->402035K(676444K), 0.0025954 secs] [Times: user=0.00 sys=0.00, real=0.00 secs] 
2020-10-28T09:47:59.284+0000: [GC (Allocation Failure) 2020-10-28T09:47:59.284+0000: [ParNew: 16902K->1028K(18432K), 0.0025999 secs] 418419K->402545K(676444K), 0.0026524 secs] [Times: user=0.01 sys=0.00, real=0.00 secs] 
2020-10-28T09:47:59.312+0000: [GC (Allocation Failure) 2020-10-28T09:47:59.312+0000: [ParNew: 17412K->1028K(18432K), 0.0028925 secs] 418929K->404081K(676444K), 0.0029452 secs] [Times: user=0.01 sys=0.00, real=0.00 secs] 
2020-10-28T09:47:59.338+0000: [GC (Allocation Failure) 2020-10-28T09:47:59.338+0000: [ParNew: 17412K->4K(18432K), 0.0025750 secs] 420465K->403057K(676444K), 0.0026258 secs] [Times: user=0.01 sys=0.00, real=0.00 secs] 
2020-10-28T09:47:59.368+0000: [GC (Allocation Failure) 2020-10-28T09:47:59.368+0000: [ParNew: 16388K->4K(18432K), 0.0024843 secs] 419441K->403057K(676444K), 0.0025357 secs] [Times: user=0.01 sys=0.00, real=0.00 secs] 
2020-10-28T09:47:59.396+0000: [GC (Allocation Failure) 2020-10-28T09:47:59.396+0000: [ParNew: 16388K->1028K(18432K), 0.0028309 secs] 419441K->405106K(676444K), 0.0028858 secs] [Times: user=0.00 sys=0.00, real=0.00 secs] 
2020-10-28T09:47:59.428+0000: [GC (Allocation Failure) 2020-10-28T09:47:59.428+0000: [ParNew: 17412K->4K(18432K), 0.0026000 secs] 421490K->404082K(676444K), 0.0026597 secs] [Times: user=0.00 sys=0.00, real=0.00 secs] 
2020-10-28T09:47:59.461+0000: [GC (Allocation Failure) 2020-10-28T09:47:59.461+0000: [ParNew: 16388K->4K(18432K), 0.0025736 secs] 420466K->404082K(676444K), 0.0026329 secs] [Times: user=0.01 sys=0.00, real=0.00 secs] 
2020-10-28T09:47:59.490+0000: [GC (Allocation Failure) 2020-10-28T09:47:59.490+0000: [ParNew: 16388K->4K(18432K), 0.0025604 secs] 420466K->404082K(676444K), 0.0026162 secs] [Times: user=0.00 sys=0.00, real=0.00 secs] 
2020-10-28T09:47:59.528+0000: [GC (Allocation Failure) 2020-10-28T09:47:59.528+0000: [ParNew: 16388K->15K(18432K), 0.0025466 secs] 420466K->404093K(676444K), 0.0025998 secs] [Times: user=0.00 sys=0.00, real=0.00 secs] 
2020-10-28T09:47:59.552+0000: [GC (Allocation Failure) 2020-10-28T09:47:59.552+0000: [ParNew: 16399K->5K(18432K), 0.0025394 secs] 420477K->404083K(676444K), 0.0025930 secs] [Times: user=0.01 sys=0.00, real=0.00 secs] 
2020-10-28T09:47:59.575+0000: [GC (Allocation Failure) 2020-10-28T09:47:59.575+0000: [ParNew: 16389K->7K(18432K), 0.0028703 secs] 420467K->406133K(676444K), 0.0029230 secs] [Times: user=0.01 sys=0.00, real=0.01 secs] 
2020-10-28T09:47:59.598+0000: [GC (Allocation Failure) 2020-10-28T09:47:59.598+0000: [ParNew: 16391K->7K(18432K), 0.0028852 secs] 422517K->408181K(676444K), 0.0029392 secs] [Times: user=0.00 sys=0.00, real=0.00 secs] 
2020-10-28T09:47:59.620+0000: [GC (Allocation Failure) 2020-10-28T09:47:59.620+0000: [ParNew: 16391K->8K(18432K), 0.0025141 secs] 424565K->408182K(676444K), 0.0025668 secs] [Times: user=0.00 sys=0.00, real=0.00 secs] 
2020-10-28T09:47:59.644+0000: [GC (Allocation Failure) 2020-10-28T09:47:59.644+0000: [ParNew: 16392K->7K(18432K), 0.0025557 secs] 424566K->408181K(676444K), 0.0026017 secs] [Times: user=0.01 sys=0.00, real=0.00 secs] 
2020-10-28T09:47:59.676+0000: [GC (Allocation Failure) 2020-10-28T09:47:59.676+0000: [ParNew: 16391K->5K(18432K), 0.0042319 secs] 424565K->408182K(676444K), 0.0042891 secs] [Times: user=0.01 sys=0.00, real=0.00 secs] 
2020-10-28T09:47:59.706+0000: [GC (Allocation Failure) 2020-10-28T09:47:59.706+0000: [ParNew: 16389K->4K(18432K), 0.0025226 secs] 424566K->408181K(676444K), 0.0025769 secs] [Times: user=0.00 sys=0.00, real=0.01 secs] 
2020-10-28T09:47:59.750+0000: [GC (Allocation Failure) 2020-10-28T09:47:59.750+0000: [ParNew: 16388K->4K(18432K), 0.0025272 secs] 424565K->408181K(676444K), 0.0025789 secs] [Times: user=0.00 sys=0.00, real=0.00 secs] 
2020-10-28T09:47:59.787+0000: [GC (Allocation Failure) 2020-10-28T09:47:59.787+0000: [ParNew: 16388K->4K(18432K), 0.0053552 secs] 424565K->408181K(676444K), 0.0054084 secs] [Times: user=0.01 sys=0.00, real=0.01 secs] 
2020-10-28T09:47:59.830+0000: [GC (Allocation Failure) 2020-10-28T09:47:59.830+0000: [ParNew: 16388K->4K(18432K), 0.0053804 secs] 424565K->408181K(676444K), 0.0054535 secs] [Times: user=0.02 sys=0.00, real=0.01 secs] 
2020-10-28T09:47:59.877+0000: [GC (Allocation Failure) 2020-10-28T09:47:59.877+0000: [ParNew: 16388K->4K(18432K), 0.0052015 secs] 424565K->408181K(676444K), 0.0052715 secs] [Times: user=0.01 sys=0.00, real=0.00 secs] 
2020-10-28T09:47:59.920+0000: [GC (Allocation Failure) 2020-10-28T09:47:59.920+0000: [ParNew: 16388K->2K(18432K), 0.0050968 secs] 424565K->408179K(676444K), 0.0051666 secs] [Times: user=0.01 sys=0.00, real=0.00 secs] 
2020-10-28T09:47:59.959+0000: [GC (Allocation Failure) 2020-10-28T09:47:59.959+0000: [ParNew: 16386K->4K(18432K), 0.0080759 secs] 424563K->408181K(676444K), 0.0081496 secs] [Times: user=0.01 sys=0.00, real=0.00 secs] 
2020-10-28T09:47:59.993+0000: [GC (Allocation Failure) 2020-10-28T09:47:59.993+0000: [ParNew: 16388K->4K(18432K), 0.0052131 secs] 424565K->408181K(676444K), 0.0052842 secs] [Times: user=0.00 sys=0.00, real=0.01 secs] 
2020-10-28T09:48:00.024+0000: [GC (Allocation Failure) 2020-10-28T09:48:00.024+0000: [ParNew: 16388K->4K(18432K), 0.0062313 secs] 424565K->408181K(676444K), 0.0062877 secs] [Times: user=0.02 sys=0.00, real=0.01 secs] 
2020-10-28T09:48:00.066+0000: [GC (Allocation Failure) 2020-10-28T09:48:00.066+0000: [ParNew: 16388K->4K(18432K), 0.0078153 secs] 424565K->408181K(676444K), 0.0078901 secs] [Times: user=0.01 sys=0.00, real=0.01 secs] 
2020-10-28T09:48:00.110+0000: [GC (Allocation Failure) 2020-10-28T09:48:00.110+0000: [ParNew: 16388K->4K(18432K), 0.0036567 secs] 424565K->408181K(676444K), 0.0037226 secs] [Times: user=0.01 sys=0.00, real=0.00 secs] 
2020-10-28T09:48:00.135+0000: [GC (Allocation Failure) 2020-10-28T09:48:00.135+0000: [ParNew: 16388K->4K(18432K), 0.0035944 secs] 424565K->412278K(676444K), 0.0036625 secs] [Times: user=0.01 sys=0.00, real=0.01 secs] 
2020-10-28T09:48:00.157+0000: [GC (Allocation Failure) 2020-10-28T09:48:00.157+0000: [ParNew: 16388K->4K(18432K), 0.0034114 secs] 428662K->416374K(676444K), 0.0034679 secs] [Times: user=0.01 sys=0.00, real=0.00 secs] 
2020-10-28T09:48:00.184+0000: [GC (Allocation Failure) 2020-10-28T09:48:00.184+0000: [ParNew: 16388K->4K(18432K), 0.0025113 secs] 432758K->416374K(676444K), 0.0025649 secs] [Times: user=0.01 sys=0.00, real=0.00 secs] 
2020-10-28T09:48:00.208+0000: [GC (Allocation Failure) 2020-10-28T09:48:00.208+0000: [ParNew: 16388K->4K(18432K), 0.0025195 secs] 432758K->416374K(676444K), 0.0025726 secs] [Times: user=0.01 sys=0.00, real=0.00 secs] 
2020-10-28T09:48:00.229+0000: [GC (Allocation Failure) 2020-10-28T09:48:00.229+0000: [ParNew: 16388K->4K(18432K), 0.0025693 secs] 432758K->416374K(676444K), 0.0026249 secs] [Times: user=0.01 sys=0.00, real=0.00 secs] 
2020-10-28T09:48:00.252+0000: [GC (Allocation Failure) 2020-10-28T09:48:00.252+0000: [ParNew: 16388K->4K(18432K), 0.0025593 secs] 432758K->416374K(676444K), 0.0026114 secs] [Times: user=0.01 sys=0.00, real=0.00 secs] 
2020-10-28T09:48:00.272+0000: [GC (Allocation Failure) 2020-10-28T09:48:00.272+0000: [ParNew: 16388K->4K(18432K), 0.0025092 secs] 432758K->416374K(676444K), 0.0025615 secs] [Times: user=0.01 sys=0.00, real=0.00 secs] 
2020-10-28T09:48:00.291+0000: [GC (Allocation Failure) 2020-10-28T09:48:00.291+0000: [ParNew: 16388K->4K(18432K), 0.0025267 secs] 432758K->416374K(676444K), 0.0025888 secs] [Times: user=0.00 sys=0.00, real=0.00 secs] 
2020-10-28T09:48:00.310+0000: [GC (Allocation Failure) 2020-10-28T09:48:00.310+0000: [ParNew: 16388K->4K(18432K), 0.0025733 secs] 432758K->416374K(676444K), 0.0026359 secs] [Times: user=0.00 sys=0.00, real=0.00 secs] 
2020-10-28T09:48:00.329+0000: [GC (Allocation Failure) 2020-10-28T09:48:00.329+0000: [ParNew: 16388K->4K(18432K), 0.0025505 secs] 432758K->416374K(676444K), 0.0026232 secs] [Times: user=0.01 sys=0.00, real=0.00 secs] 
2020-10-28T09:48:00.352+0000: [GC (Allocation Failure) 2020-10-28T09:48:00.352+0000: [ParNew: 16388K->4K(18432K), 0.0025216 secs] 432758K->416374K(676444K), 0.0025755 secs] [Times: user=0.01 sys=0.00, real=0.00 secs] 
2020-10-28T09:48:00.371+0000: [GC (Allocation Failure) 2020-10-28T09:48:00.371+0000: [ParNew: 16388K->4K(18432K), 0.0025216 secs] 432758K->416374K(676444K), 0.0025735 secs] [Times: user=0.00 sys=0.00, real=0.00 secs] 
2020-10-28T09:48:00.390+0000: [GC (Allocation Failure) 2020-10-28T09:48:00.390+0000: [ParNew: 16388K->4K(18432K), 0.0025261 secs] 432758K->416374K(676444K), 0.0025780 secs] [Times: user=0.01 sys=0.00, real=0.00 secs] 
2020-10-28T09:48:00.409+0000: [GC (Allocation Failure) 2020-10-28T09:48:00.409+0000: [ParNew: 16388K->4K(18432K), 0.0025082 secs] 432758K->416374K(676444K), 0.0025620 secs] [Times: user=0.01 sys=0.00, real=0.00 secs] 
2020-10-28T09:48:00.431+0000: [GC (Allocation Failure) 2020-10-28T09:48:00.431+0000: [ParNew: 16388K->4K(18432K), 0.0025776 secs] 432758K->416374K(676444K), 0.0026300 secs] [Times: user=0.01 sys=0.00, real=0.00 secs] 
2020-10-28T09:48:00.450+0000: [GC (Allocation Failure) 2020-10-28T09:48:00.450+0000: [ParNew: 16388K->4K(18432K), 0.0025316 secs] 432758K->416374K(676444K), 0.0025852 secs] [Times: user=0.01 sys=0.00, real=0.00 secs] 
2020-10-28T09:48:00.470+0000: [GC (Allocation Failure) 2020-10-28T09:48:00.470+0000: [ParNew: 16388K->4K(18432K), 0.0025162 secs] 432758K->416374K(676444K), 0.0025621 secs] [Times: user=0.00 sys=0.00, real=0.00 secs] 
2020-10-28T09:48:00.489+0000: [GC (Allocation Failure) 2020-10-28T09:48:00.489+0000: [ParNew: 16388K->4K(18432K), 0.0025170 secs] 432758K->416374K(676444K), 0.0025703 secs] [Times: user=0.00 sys=0.00, real=0.00 secs] 
2020-10-28T09:48:00.511+0000: [GC (Allocation Failure) 2020-10-28T09:48:00.511+0000: [ParNew: 16388K->4K(18432K), 0.0025353 secs] 432758K->416374K(676444K), 0.0026042 secs] [Times: user=0.00 sys=0.00, real=0.00 secs] 
2020-10-28T09:48:00.530+0000: [GC (Allocation Failure) 2020-10-28T09:48:00.530+0000: [ParNew: 16378K->4K(18432K), 0.0025626 secs] 432748K->416374K(676444K), 0.0026176 secs] [Times: user=0.00 sys=0.00, real=0.00 secs] 
2020-10-28T09:48:00.552+0000: [GC (Allocation Failure) 2020-10-28T09:48:00.552+0000: [ParNew: 16388K->4K(18432K), 0.0025418 secs] 432758K->416374K(676444K), 0.0025956 secs] [Times: user=0.01 sys=0.00, real=0.00 secs] 
2020-10-28T09:48:00.578+0000: [GC (Allocation Failure) 2020-10-28T09:48:00.578+0000: [ParNew: 16388K->4K(18432K), 0.0044588 secs] 432758K->416374K(676444K), 0.0045227 secs] [Times: user=0.01 sys=0.00, real=0.00 secs] 
2020-10-28T09:48:00.600+0000: [GC (Allocation Failure) 2020-10-28T09:48:00.600+0000: [ParNew: 16388K->4K(18432K), 0.0024878 secs] 432758K->416374K(676444K), 0.0025411 secs] [Times: user=0.01 sys=0.00, real=0.00 secs] 
2020-10-28T09:48:00.620+0000: [GC (Allocation Failure) 2020-10-28T09:48:00.620+0000: [ParNew: 16388K->4K(18432K), 0.0025782 secs] 432758K->416374K(676444K), 0.0026336 secs] [Times: user=0.00 sys=0.00, real=0.00 secs] 
2020-10-28T09:48:00.640+0000: [GC (Allocation Failure) 2020-10-28T09:48:00.640+0000: [ParNew: 16388K->4K(18432K), 0.0025419 secs] 432758K->416374K(676444K), 0.0025960 secs] [Times: user=0.01 sys=0.00, real=0.00 secs] 
2020-10-28T09:48:00.658+0000: [GC (Allocation Failure) 2020-10-28T09:48:00.658+0000: [ParNew: 16388K->6K(18432K), 0.0026942 secs] 432758K->416376K(676444K), 0.0027489 secs] [Times: user=0.00 sys=0.00, real=0.00 secs] 
2020-10-28T09:48:00.680+0000: [GC (Allocation Failure) 2020-10-28T09:48:00.680+0000: [ParNew: 16390K->4K(18432K), 0.0025579 secs] 432760K->416374K(676444K), 0.0026126 secs] [Times: user=0.00 sys=0.00, real=0.00 secs] 
2020-10-28T09:48:00.700+0000: [GC (Allocation Failure) 2020-10-28T09:48:00.700+0000: [ParNew: 16388K->4K(18432K), 0.0026323 secs] 432758K->416374K(676444K), 0.0026889 secs] [Times: user=0.01 sys=0.00, real=0.00 secs] 
2020-10-28T09:48:00.719+0000: [GC (Allocation Failure) 2020-10-28T09:48:00.719+0000: [ParNew: 16388K->4K(18432K), 0.0025650 secs] 432758K->416374K(676444K), 0.0026199 secs] [Times: user=0.00 sys=0.00, real=0.00 secs] 
2020-10-28T09:48:00.740+0000: [GC (Allocation Failure) 2020-10-28T09:48:00.740+0000: [ParNew: 16388K->4K(18432K), 0.0025379 secs] 432758K->416374K(676444K), 0.0025933 secs] [Times: user=0.00 sys=0.00, real=0.00 secs] 
2020-10-28T09:48:00.759+0000: [GC (Allocation Failure) 2020-10-28T09:48:00.759+0000: [ParNew: 16388K->4K(18432K), 0.0025190 secs] 432758K->416374K(676444K), 0.0025726 secs] [Times: user=0.01 sys=0.00, real=0.00 secs] 
2020-10-28T09:48:00.780+0000: [GC (Allocation Failure) 2020-10-28T09:48:00.780+0000: [ParNew: 16388K->4K(18432K), 0.0024981 secs] 432758K->416374K(676444K), 0.0025498 secs] [Times: user=0.00 sys=0.00, real=0.00 secs] 
2020-10-28T09:48:00.799+0000: [GC (Allocation Failure) 2020-10-28T09:48:00.799+0000: [ParNew: 16388K->4K(18432K), 0.0025316 secs] 432758K->416374K(676444K), 0.0025857 secs] [Times: user=0.00 sys=0.00, real=0.00 secs] 
2020-10-28T09:48:00.822+0000: [GC (Allocation Failure) 2020-10-28T09:48:00.822+0000: [ParNew: 16388K->4K(18432K), 0.0025286 secs] 432758K->416374K(676444K), 0.0025825 secs] [Times: user=0.00 sys=0.00, real=0.00 secs] 
2020-10-28T09:48:00.847+0000: [GC (Allocation Failure) 2020-10-28T09:48:00.847+0000: [ParNew: 16388K->4K(18432K), 0.0025124 secs] 432758K->416374K(676444K), 0.0025662 secs] [Times: user=0.01 sys=0.00, real=0.01 secs] 
2020-10-28T09:48:00.868+0000: [GC (Allocation Failure) 2020-10-28T09:48:00.868+0000: [ParNew: 16388K->4K(18432K), 0.0026704 secs] 432758K->416374K(676444K), 0.0027262 secs] [Times: user=0.01 sys=0.00, real=0.00 secs] 
2020-10-28T09:48:00.887+0000: [GC (Allocation Failure) 2020-10-28T09:48:00.887+0000: [ParNew: 16388K->4K(18432K), 0.0025077 secs] 432758K->416374K(676444K), 0.0025614 secs] [Times: user=0.01 sys=0.00, real=0.01 secs] 
2020-10-28T09:48:00.906+0000: [GC (Allocation Failure) 2020-10-28T09:48:00.906+0000: [ParNew: 16388K->4K(18432K), 0.0025388 secs] 432758K->416374K(676444K), 0.0025921 secs] [Times: user=0.00 sys=0.00, real=0.01 secs] 
2020-10-28T09:48:00.928+0000: [GC (Allocation Failure) 2020-10-28T09:48:00.928+0000: [ParNew: 16388K->4K(18432K), 0.0025151 secs] 432758K->416375K(676444K), 0.0025684 secs] [Times: user=0.01 sys=0.00, real=0.00 secs] 
2020-10-28T09:48:00.948+0000: [GC (Allocation Failure) 2020-10-28T09:48:00.948+0000: [ParNew: 16388K->4K(18432K), 0.0025211 secs] 432759K->416375K(676444K), 0.0025739 secs] [Times: user=0.01 sys=0.00, real=0.00 secs] 
2020-10-28T09:48:00.967+0000: [GC (Allocation Failure) 2020-10-28T09:48:00.967+0000: [ParNew: 16388K->4K(18432K), 0.0025860 secs] 432759K->416375K(676444K), 0.0026415 secs] [Times: user=0.00 sys=0.00, real=0.01 secs] 
2020-10-28T09:48:00.986+0000: [GC (Allocation Failure) 2020-10-28T09:48:00.986+0000: [ParNew: 16388K->4K(18432K), 0.0025179 secs] 432759K->416375K(676444K), 0.0025706 secs] [Times: user=0.01 sys=0.00, real=0.01 secs] 
2020-10-28T09:48:01.008+0000: [GC (Allocation Failure) 2020-10-28T09:48:01.008+0000: [ParNew: 16388K->4K(18432K), 0.0024865 secs] 432759K->416375K(676444K), 0.0025390 secs] [Times: user=0.00 sys=0.00, real=0.00 secs] 
2020-10-28T09:48:01.027+0000: [GC (Allocation Failure) 2020-10-28T09:48:01.027+0000: [ParNew: 16388K->4K(18432K), 0.0025068 secs] 432759K->416375K(676444K), 0.0025609 secs] [Times: user=0.01 sys=0.00, real=0.01 secs] 
2020-10-28T09:48:01.046+0000: [GC (Allocation Failure) 2020-10-28T09:48:01.046+0000: [ParNew: 16388K->4K(18432K), 0.0045473 secs] 432759K->416375K(676444K), 0.0046139 secs] [Times: user=0.01 sys=0.00, real=0.01 secs] 
2020-10-28T09:48:01.067+0000: [GC (Allocation Failure) 2020-10-28T09:48:01.067+0000: [ParNew: 16388K->4K(18432K), 0.0024948 secs] 432759K->416375K(676444K), 0.0025489 secs] [Times: user=0.00 sys=0.00, real=0.01 secs] 
2020-10-28T09:48:01.090+0000: [GC (Allocation Failure) 2020-10-28T09:48:01.090+0000: [ParNew: 16388K->4K(18432K), 0.0026228 secs] 432759K->416375K(676444K), 0.0027065 secs] [Times: user=0.01 sys=0.00, real=0.00 secs] 
2020-10-28T09:48:01.117+0000: [GC (Allocation Failure) 2020-10-28T09:48:01.117+0000: [ParNew: 16388K->4K(18432K), 0.0025177 secs] 432759K->416375K(676444K), 0.0025725 secs] [Times: user=0.00 sys=0.00, real=0.00 secs] 
2020-10-28T09:48:01.139+0000: [GC (Allocation Failure) 2020-10-28T09:48:01.139+0000: [ParNew: 16388K->4K(18432K), 0.0025941 secs] 432759K->416375K(676444K), 0.0026551 secs] [Times: user=0.01 sys=0.00, real=0.00 secs] 
2020-10-28T09:48:01.159+0000: [GC (Allocation Failure) 2020-10-28T09:48:01.159+0000: [ParNew: 16388K->4K(18432K), 0.0025109 secs] 432759K->416375K(676444K), 0.0025652 secs] [Times: user=0.00 sys=0.00, real=0.00 secs] 
2020-10-28T09:48:01.180+0000: [GC (Allocation Failure) 2020-10-28T09:48:01.180+0000: [ParNew: 16388K->4K(18432K), 0.0025011 secs] 432759K->416375K(676444K), 0.0025561 secs] [Times: user=0.01 sys=0.00, real=0.00 secs] 
2020-10-28T09:48:01.208+0000: [GC (Allocation Failure) 2020-10-28T09:48:01.208+0000: [ParNew: 16388K->4K(18432K), 0.0025189 secs] 432759K->416375K(676444K), 0.0025941 secs] [Times: user=0.01 sys=0.00, real=0.00 secs] 
2020-10-28T09:48:01.232+0000: [GC (Allocation Failure) 2020-10-28T09:48:01.232+0000: [ParNew: 16388K->4K(18432K), 0.0025110 secs] 432759K->416375K(676444K), 0.0025645 secs] [Times: user=0.01 sys=0.00, real=0.00 secs] 
2020-10-28T09:48:01.251+0000: [GC (Allocation Failure) 2020-10-28T09:48:01.251+0000: [ParNew: 16388K->4K(18432K), 0.0025327 secs] 432759K->416375K(676444K), 0.0025869 secs] [Times: user=0.00 sys=0.00, real=0.00 secs] 
2020-10-28T09:48:01.272+0000: [GC (Allocation Failure) 2020-10-28T09:48:01.272+0000: [ParNew: 16388K->4K(18432K), 0.0024922 secs] 432759K->416375K(676444K), 0.0025527 secs] [Times: user=0.00 sys=0.00, real=0.00 secs] 
2020-10-28T09:48:01.291+0000: [GC (Allocation Failure) 2020-10-28T09:48:01.291+0000: [ParNew: 16388K->4K(18432K), 0.0025323 secs] 432759K->416375K(676444K), 0.0025869 secs] [Times: user=0.01 sys=0.00, real=0.00 secs] 
2020-10-28T09:48:01.312+0000: [GC (Allocation Failure) 2020-10-28T09:48:01.312+0000: [ParNew: 16388K->4K(18432K), 0.0025361 secs] 432759K->416375K(676444K), 0.0025913 secs] [Times: user=0.01 sys=0.00, real=0.00 secs] 
2020-10-28T09:48:01.331+0000: [GC (Allocation Failure) 2020-10-28T09:48:01.331+0000: [ParNew: 16388K->4K(18432K), 0.0025390 secs] 432759K->416375K(676444K), 0.0025929 secs] [Times: user=0.00 sys=0.00, real=0.00 secs] 
2020-10-28T09:48:01.350+0000: [GC (Allocation Failure) 2020-10-28T09:48:01.350+0000: [ParNew: 16388K->4K(18432K), 0.0025371 secs] 432759K->416375K(676444K), 0.0025919 secs] [Times: user=0.01 sys=0.00, real=0.00 secs] 
2020-10-28T09:48:01.368+0000: [GC (Allocation Failure) 2020-10-28T09:48:01.368+0000: [ParNew: 16388K->4K(18432K), 0.0025067 secs] 432759K->416375K(676444K), 0.0025597 secs] [Times: user=0.00 sys=0.00, real=0.00 secs] 
2020-10-28T09:48:01.388+0000: [GC (Allocation Failure) 2020-10-28T09:48:01.388+0000: [ParNew: 16388K->4K(18432K), 0.0024976 secs] 432759K->416375K(676444K), 0.0025501 secs] [Times: user=0.01 sys=0.00, real=0.00 secs] 
2020-10-28T09:48:01.406+0000: [GC (Allocation Failure) 2020-10-28T09:48:01.407+0000: [ParNew: 16388K->4K(18432K), 0.0024876 secs] 432759K->416375K(676444K), 0.0025376 secs] [Times: user=0.00 sys=0.00, real=0.01 secs] 
2020-10-28T09:48:01.425+0000: [GC (Allocation Failure) 2020-10-28T09:48:01.425+0000: [ParNew: 16388K->4K(18432K), 0.0025220 secs] 432759K->416375K(676444K), 0.0025752 secs] [Times: user=0.01 sys=0.00, real=0.01 secs] 
2020-10-28T09:48:01.444+0000: [GC (Allocation Failure) 2020-10-28T09:48:01.444+0000: [ParNew: 16388K->4K(18432K), 0.0025643 secs] 432759K->416375K(676444K), 0.0026162 secs] [Times: user=0.01 sys=0.00, real=0.00 secs] 
2020-10-28T09:48:01.463+0000: [GC (Allocation Failure) 2020-10-28T09:48:01.463+0000: [ParNew: 16388K->4K(18432K), 0.0025024 secs] 432759K->416375K(676444K), 0.0025549 secs] [Times: user=0.00 sys=0.00, real=0.00 secs] 
2020-10-28T09:48:01.481+0000: [GC (Allocation Failure) 2020-10-28T09:48:01.481+0000: [ParNew: 16388K->4K(18432K), 0.0025140 secs] 432759K->416375K(676444K), 0.0025770 secs] [Times: user=0.00 sys=0.00, real=0.00 secs] 
2020-10-28T09:48:01.505+0000: [GC (Allocation Failure) 2020-10-28T09:48:01.505+0000: [ParNew: 16388K->4K(18432K), 0.0024817 secs] 432759K->416375K(676444K), 0.0025351 secs] [Times: user=0.01 sys=0.00, real=0.00 secs] 
2020-10-28T09:48:01.528+0000: [GC (Allocation Failure) 2020-10-28T09:48:01.528+0000: [ParNew: 16388K->4K(18432K), 0.0024893 secs] 432759K->416375K(676444K), 0.0025566 secs] [Times: user=0.00 sys=0.00, real=0.01 secs] 
2020-10-28T09:48:01.547+0000: [GC (Allocation Failure) 2020-10-28T09:48:01.547+0000: [ParNew: 16388K->4K(18432K), 0.0025036 secs] 432759K->416375K(676444K), 0.0025561 secs] [Times: user=0.01 sys=0.00, real=0.01 secs] 
2020-10-28T09:48:01.568+0000: [GC (Allocation Failure) 2020-10-28T09:48:01.568+0000: [ParNew: 16388K->4K(18432K), 0.0024799 secs] 432759K->416375K(676444K), 0.0025316 secs] [Times: user=0.01 sys=0.00, real=0.00 secs] 
2020-10-28T09:48:01.592+0000: [GC (Allocation Failure) 2020-10-28T09:48:01.592+0000: [ParNew: 16388K->4K(18432K), 0.0024948 secs] 432759K->416375K(676444K), 0.0025470 secs] [Times: user=0.01 sys=0.00, real=0.00 secs] 
2020-10-28T09:48:01.611+0000: [GC (Allocation Failure) 2020-10-28T09:48:01.611+0000: [ParNew: 16388K->4K(18432K), 0.0024933 secs] 432759K->416375K(676444K), 0.0025452 secs] [Times: user=0.00 sys=0.00, real=0.00 secs] 
2020-10-28T09:48:01.630+0000: [GC (Allocation Failure) 2020-10-28T09:48:01.630+0000: [ParNew: 16388K->4K(18432K), 0.0025176 secs] 432759K->416375K(676444K), 0.0025712 secs] [Times: user=0.01 sys=0.00, real=0.00 secs] 
2020-10-28T09:48:01.649+0000: [GC (Allocation Failure) 2020-10-28T09:48:01.649+0000: [ParNew: 16388K->4K(18432K), 0.0025326 secs] 432759K->416375K(676444K), 0.0025864 secs] [Times: user=0.01 sys=0.00, real=0.00 secs] 
2020-10-28T09:48:01.672+0000: [GC (Allocation Failure) 2020-10-28T09:48:01.672+0000: [ParNew: 16388K->4K(18432K), 0.0025159 secs] 432759K->416375K(676444K), 0.0025710 secs] [Times: user=0.00 sys=0.00, real=0.00 secs] 
2020-10-28T09:48:01.692+0000: [GC (Allocation Failure) 2020-10-28T09:48:01.692+0000: [ParNew: 16388K->4K(18432K), 0.0025191 secs] 432759K->416375K(676444K), 0.0025746 secs] [Times: user=0.00 sys=0.00, real=0.00 secs] 
2020-10-28T09:48:01.710+0000: [GC (Allocation Failure) 2020-10-28T09:48:01.710+0000: [ParNew: 16388K->4K(18432K), 0.0025299 secs] 432759K->416375K(676444K), 0.0025834 secs] [Times: user=0.00 sys=0.00, real=0.00 secs] 
2020-10-28T09:48:01.730+0000: [GC (Allocation Failure) 2020-10-28T09:48:01.730+0000: [ParNew: 16388K->4K(18432K), 0.0025281 secs] 432759K->416375K(676444K), 0.0025814 secs] [Times: user=0.01 sys=0.00, real=0.00 secs] 
2020-10-28T09:48:01.749+0000: [GC (Allocation Failure) 2020-10-28T09:48:01.749+0000: [ParNew: 16388K->4K(18432K), 0.0025419 secs] 432759K->416375K(676444K), 0.0025951 secs] [Times: user=0.00 sys=0.00, real=0.00 secs] 
2020-10-28T09:48:01.768+0000: [GC (Allocation Failure) 2020-10-28T09:48:01.768+0000: [ParNew: 16388K->4K(18432K), 0.0025507 secs] 432759K->416375K(676444K), 0.0026040 secs] [Times: user=0.00 sys=0.00, real=0.00 secs] 
2020-10-28T09:48:01.788+0000: [GC (Allocation Failure) 2020-10-28T09:48:01.788+0000: [ParNew: 16388K->4K(18432K), 0.0025497 secs] 432759K->416375K(676444K), 0.0026036 secs] [Times: user=0.00 sys=0.00, real=0.00 secs] 
2020-10-28T09:48:01.808+0000: [GC (Allocation Failure) 2020-10-28T09:48:01.808+0000: [ParNew: 16388K->4K(18432K), 0.0025089 secs] 432759K->416375K(676444K), 0.0025621 secs] [Times: user=0.00 sys=0.00, real=0.00 secs] 
2020-10-28T09:48:01.828+0000: [GC (Allocation Failure) 2020-10-28T09:48:01.828+0000: [ParNew: 16388K->4K(18432K), 0.0024837 secs] 432759K->416375K(676444K), 0.0025361 secs] [Times: user=0.01 sys=0.00, real=0.00 secs] 
2020-10-28T09:48:01.848+0000: [GC (Allocation Failure) 2020-10-28T09:48:01.848+0000: [ParNew: 16388K->4K(18432K), 0.0025410 secs] 432759K->416375K(676444K), 0.0025932 secs] [Times: user=0.01 sys=0.00, real=0.00 secs] 
2020-10-28T09:48:01.867+0000: [GC (Allocation Failure) 2020-10-28T09:48:01.867+0000: [ParNew: 16388K->4K(18432K), 0.0025284 secs] 432759K->416375K(676444K), 0.0025831 secs] [Times: user=0.00 sys=0.00, real=0.01 secs] 
2020-10-28T09:48:01.890+0000: [GC (Allocation Failure) 2020-10-28T09:48:01.890+0000: [ParNew: 16388K->4K(18432K), 0.0025333 secs] 432759K->416375K(676444K), 0.0025874 secs] [Times: user=0.00 sys=0.00, real=0.00 secs] 
2020-10-28T09:48:01.908+0000: [GC (Allocation Failure) 2020-10-28T09:48:01.908+0000: [ParNew: 16388K->4K(18432K), 0.0025199 secs] 432759K->416375K(676444K), 0.0025746 secs] [Times: user=0.00 sys=0.00, real=0.00 secs] 
2020-10-28T09:48:01.932+0000: [GC (Allocation Failure) 2020-10-28T09:48:01.932+0000: [ParNew: 16388K->4K(18432K), 0.0025076 secs] 432759K->416375K(676444K), 0.0025614 secs] [Times: user=0.01 sys=0.00, real=0.00 secs] 
2020-10-28T09:48:01.951+0000: [GC (Allocation Failure) 2020-10-28T09:48:01.951+0000: [ParNew: 16388K->4K(18432K), 0.0025670 secs] 432759K->416375K(676444K), 0.0026204 secs] [Times: user=0.00 sys=0.00, real=0.00 secs] 
2020-10-28T09:48:01.972+0000: [GC (Allocation Failure) 2020-10-28T09:48:01.972+0000: [ParNew: 16388K->4K(18432K), 0.0024870 secs] 432759K->416375K(676444K), 0.0025401 secs] [Times: user=0.00 sys=0.00, real=0.00 secs] 
2020-10-28T09:48:01.991+0000: [GC (Allocation Failure) 2020-10-28T09:48:01.991+0000: [ParNew: 16388K->4K(18432K), 0.0024965 secs] 432759K->416375K(676444K), 0.0025471 secs] [Times: user=0.01 sys=0.00, real=0.00 secs] 
2020-10-28T09:48:02.009+0000: [GC (Allocation Failure) 2020-10-28T09:48:02.009+0000: [ParNew: 16388K->4K(18432K), 0.0025338 secs] 432759K->416375K(676444K), 0.0025871 secs] [Times: user=0.01 sys=0.00, real=0.00 secs] 
2020-10-28T09:48:02.028+0000: [GC (Allocation Failure) 2020-10-28T09:48:02.028+0000: [ParNew: 16388K->4K(18432K), 0.0025258 secs] 432759K->416375K(676444K), 0.0025854 secs] [Times: user=0.00 sys=0.00, real=0.00 secs] 
2020-10-28T09:48:02.048+0000: [GC (Allocation Failure) 2020-10-28T09:48:02.048+0000: [ParNew: 16388K->4K(18432K), 0.0025444 secs] 432759K->416375K(676444K), 0.0025991 secs] [Times: user=0.00 sys=0.00, real=0.00 secs] 
2020-10-28T09:48:02.067+0000: [GC (Allocation Failure) 2020-10-28T09:48:02.067+0000: [ParNew: 16349K->4K(18432K), 0.0025535 secs] 432721K->416375K(676444K), 0.0026249 secs] [Times: user=0.01 sys=0.00, real=0.01 secs] 
2020-10-28T09:48:02.086+0000: [GC (Allocation Failure) 2020-10-28T09:48:02.086+0000: [ParNew: 16388K->4K(18432K), 0.0026566 secs] 432759K->416375K(676444K), 0.0027105 secs] [Times: user=0.01 sys=0.00, real=0.01 secs] 
2020-10-28T09:48:02.119+0000: [GC (Allocation Failure) 2020-10-28T09:48:02.119+0000: [ParNew: 16388K->4K(18432K), 0.0028907 secs] 465527K->449143K(676444K), 0.0029609 secs] [Times: user=0.01 sys=0.00, real=0.00 secs] 
2020-10-28T09:48:02.122+0000: [GC (CMS Initial Mark) [1 CMS-initial-mark: 449139K(658012K)] 449143K(676444K), 0.0012162 secs] [Times: user=0.00 sys=0.00, real=0.00 secs] 
2020-10-28T09:48:02.123+0000: [CMS-concurrent-mark-start]
2020-10-28T09:48:02.154+0000: [GC (Allocation Failure) 2020-10-28T09:48:02.155+0000: [ParNew: 16388K->4K(18432K), 0.0025558 secs] 465527K->449143K(676444K), 0.0026105 secs] [Times: user=0.01 sys=0.00, real=0.01 secs] 
2020-10-28T09:48:02.180+0000: [GC (Allocation Failure) 2020-10-28T09:48:02.180+0000: [ParNew: 16388K->4K(18432K), 0.0042886 secs] 465527K->449143K(676444K), 0.0043462 secs] [Times: user=0.01 sys=0.00, real=0.00 secs] 
2020-10-28T09:48:02.230+0000: [CMS-concurrent-mark: 0.099/0.106 secs] [Times: user=0.19 sys=0.00, real=0.11 secs] 
2020-10-28T09:48:02.230+0000: [GC (Allocation Failure) 2020-10-28T09:48:02.230+0000: [ParNew: 16388K->4K(18432K), 0.0025372 secs] 465527K->449143K(676444K), 0.0025902 secs] [Times: user=0.01 sys=0.00, real=0.00 secs] 
2020-10-28T09:48:02.239+0000: [CMS-concurrent-preclean-start]
2020-10-28T09:48:02.242+0000: [CMS-concurrent-preclean: 0.002/0.003 secs] [Times: user=0.00 sys=0.00, real=0.00 secs] 
2020-10-28T09:48:02.242+0000: [CMS-concurrent-abortable-preclean-start]
2020-10-28T09:48:02.255+0000: [GC (Allocation Failure) 2020-10-28T09:48:02.255+0000: [ParNew: 16388K->4K(18432K), 0.0025937 secs] 465527K->449143K(676444K), 0.0026628 secs] [Times: user=0.00 sys=0.00, real=0.01 secs] 
2020-10-28T09:48:02.284+0000: [GC (Allocation Failure) 2020-10-28T09:48:02.284+0000: [ParNew: 16388K->4K(18432K), 0.0025083 secs] 465527K->449143K(676444K), 0.0025784 secs] [Times: user=0.00 sys=0.00, real=0.00 secs] 
2020-10-28T09:48:02.312+0000: [GC (Allocation Failure) 2020-10-28T09:48:02.312+0000: [ParNew: 16388K->4K(18432K), 0.0052409 secs] 465527K->449143K(676444K), 0.0053123 secs] [Times: user=0.01 sys=0.00, real=0.01 secs] 
2020-10-28T09:48:02.347+0000: [GC (Allocation Failure) 2020-10-28T09:48:02.347+0000: [ParNew: 16388K->2K(18432K), 0.0053343 secs] 465527K->449141K(676444K), 0.0053898 secs] [Times: user=0.01 sys=0.00, real=0.01 secs] 
2020-10-28T09:48:02.377+0000: [GC (Allocation Failure) 2020-10-28T09:48:02.377+0000: [ParNew: 16386K->4K(18432K), 0.0025015 secs] 465525K->449143K(676444K), 0.0025557 secs] [Times: user=0.01 sys=0.00, real=0.00 secs] 
2020-10-28T09:48:02.400+0000: [GC (Allocation Failure) 2020-10-28T09:48:02.400+0000: [ParNew: 16388K->4K(18432K), 0.0024972 secs] 465527K->449144K(676444K), 0.0025496 secs] [Times: user=0.00 sys=0.00, real=0.00 secs] 
2020-10-28T09:48:02.419+0000: [GC (Allocation Failure) 2020-10-28T09:48:02.420+0000: [ParNew: 16388K->4K(18432K), 0.0025859 secs] 465528K->449144K(676444K), 0.0026736 secs] [Times: user=0.00 sys=0.00, real=0.00 secs] 
2020-10-28T09:48:02.444+0000: [GC (Allocation Failure) 2020-10-28T09:48:02.444+0000: [ParNew: 16388K->4K(18432K), 0.0025044 secs] 465528K->449144K(676444K), 0.0025578 secs] [Times: user=0.01 sys=0.00, real=0.00 secs] 
2020-10-28T09:48:02.464+0000: [GC (Allocation Failure) 2020-10-28T09:48:02.464+0000: [ParNew: 16388K->4K(18432K), 0.0024824 secs] 465528K->449144K(676444K), 0.0025359 secs] [Times: user=0.01 sys=0.00, real=0.00 secs] 
2020-10-28T09:48:02.484+0000: [GC (Allocation Failure) 2020-10-28T09:48:02.485+0000: [ParNew: 16388K->4K(18432K), 0.0024767 secs] 465528K->449144K(676444K), 0.0025297 secs] [Times: user=0.00 sys=0.00, real=0.00 secs] 
2020-10-28T09:48:02.504+0000: [GC (Allocation Failure) 2020-10-28T09:48:02.505+0000: [ParNew: 16388K->4K(18432K), 0.0025363 secs] 465528K->449144K(676444K), 0.0025893 secs] [Times: user=0.01 sys=0.00, real=0.00 secs] 
2020-10-28T09:48:02.528+0000: [GC (Allocation Failure) 2020-10-28T09:48:02.528+0000: [ParNew: 16388K->4K(18432K), 0.0025019 secs] 465528K->449144K(676444K), 0.0025565 secs] [Times: user=0.01 sys=0.00, real=0.00 secs] 
2020-10-28T09:48:02.552+0000: [GC (Allocation Failure) 2020-10-28T09:48:02.552+0000: [ParNew: 16388K->4K(18432K), 0.0026153 secs] 465528K->449144K(676444K), 0.0026717 secs] [Times: user=0.01 sys=0.00, real=0.00 secs] 
2020-10-28T09:48:02.571+0000: [GC (Allocation Failure) 2020-10-28T09:48:02.572+0000: [ParNew: 16388K->4K(18432K), 0.0025232 secs] 465528K->449144K(676444K), 0.0025940 secs] [Times: user=0.01 sys=0.00, real=0.00 secs] 
2020-10-28T09:48:02.596+0000: [GC (Allocation Failure) 2020-10-28T09:48:02.596+0000: [ParNew: 16388K->4K(18432K), 0.0025670 secs] 465528K->449144K(676444K), 0.0026231 secs] [Times: user=0.00 sys=0.00, real=0.00 secs] 
2020-10-28T09:48:02.616+0000: [GC (Allocation Failure) 2020-10-28T09:48:02.616+0000: [ParNew: 16388K->4K(18432K), 0.0025479 secs] 465528K->449144K(676444K), 0.0026033 secs] [Times: user=0.00 sys=0.00, real=0.00 secs] 
2020-10-28T09:48:02.636+0000: [GC (Allocation Failure) 2020-10-28T09:48:02.636+0000: [ParNew: 16388K->4K(18432K), 0.0025853 secs] 465528K->449144K(676444K), 0.0026405 secs] [Times: user=0.00 sys=0.00, real=0.00 secs] 
2020-10-28T09:48:02.656+0000: [GC (Allocation Failure) 2020-10-28T09:48:02.656+0000: [ParNew: 16388K->4K(18432K), 0.0025116 secs] 465528K->449144K(676444K), 0.0025668 secs] [Times: user=0.00 sys=0.00, real=0.00 secs] 
2020-10-28T09:48:02.680+0000: [GC (Allocation Failure) 2020-10-28T09:48:02.680+0000: [ParNew: 16388K->4K(18432K), 0.0025155 secs] 465528K->449144K(676444K), 0.0025790 secs] [Times: user=0.01 sys=0.00, real=0.00 secs] 
2020-10-28T09:48:02.700+0000: [GC (Allocation Failure) 2020-10-28T09:48:02.700+0000: [ParNew: 16388K->4K(18432K), 0.0025187 secs] 465528K->449144K(676444K), 0.0025725 secs] [Times: user=0.01 sys=0.00, real=0.00 secs] 
2020-10-28T09:48:02.724+0000: [GC (Allocation Failure) 2020-10-28T09:48:02.724+0000: [ParNew: 16388K->4K(18432K), 0.0024933 secs] 465528K->449144K(676444K), 0.0025549 secs] [Times: user=0.01 sys=0.00, real=0.00 secs] 
2020-10-28T09:48:02.744+0000: [GC (Allocation Failure) 2020-10-28T09:48:02.744+0000: [ParNew: 16388K->4K(18432K), 0.0025211 secs] 465528K->449144K(676444K), 0.0025761 secs] [Times: user=0.00 sys=0.00, real=0.00 secs] 
2020-10-28T09:48:02.764+0000: [GC (Allocation Failure) 2020-10-28T09:48:02.764+0000: [ParNew: 16388K->4K(18432K), 0.0024927 secs] 465528K->449144K(676444K), 0.0025464 secs] [Times: user=0.00 sys=0.00, real=0.00 secs] 
2020-10-28T09:48:02.784+0000: [GC (Allocation Failure) 2020-10-28T09:48:02.784+0000: [ParNew: 16388K->4K(18432K), 0.0025038 secs] 465528K->449144K(676444K), 0.0025571 secs] [Times: user=0.00 sys=0.00, real=0.00 secs] 
2020-10-28T09:48:02.809+0000: [GC (Allocation Failure) 2020-10-28T09:48:02.809+0000: [ParNew: 16388K->4K(18432K), 0.0025434 secs] 465528K->449144K(676444K), 0.0025972 secs] [Times: user=0.00 sys=0.00, real=0.00 secs] 
2020-10-28T09:48:02.837+0000: [GC (Allocation Failure) 2020-10-28T09:48:02.837+0000: [ParNew: 16388K->4K(18432K), 0.0055907 secs] 465528K->449144K(676444K), 0.0056877 secs] [Times: user=0.01 sys=0.00, real=0.00 secs] 
2020-10-28T09:48:02.868+0000: [GC (Allocation Failure) 2020-10-28T09:48:02.868+0000: [ParNew: 16388K->4K(18432K), 0.0026105 secs] 465528K->449144K(676444K), 0.0026655 secs] [Times: user=0.00 sys=0.00, real=0.00 secs] 
2020-10-28T09:48:02.889+0000: [GC (Allocation Failure) 2020-10-28T09:48:02.889+0000: [ParNew: 16388K->4K(18432K), 0.0025235 secs] 465528K->449144K(676444K), 0.0025766 secs] [Times: user=0.00 sys=0.00, real=0.00 secs] 
2020-10-28T09:48:02.909+0000: [GC (Allocation Failure) 2020-10-28T09:48:02.909+0000: [ParNew: 16388K->4K(18432K), 0.0025319 secs] 465528K->449144K(676444K), 0.0025855 secs] [Times: user=0.00 sys=0.00, real=0.00 secs] 
2020-10-28T09:48:02.928+0000: [GC (Allocation Failure) 2020-10-28T09:48:02.928+0000: [ParNew: 16388K->4K(18432K), 0.0025069 secs] 465528K->449144K(676444K), 0.0025594 secs] [Times: user=0.00 sys=0.00, real=0.00 secs] 
2020-10-28T09:48:02.953+0000: [GC (Allocation Failure) 2020-10-28T09:48:02.953+0000: [ParNew: 16388K->4K(18432K), 0.0025014 secs] 465528K->449144K(676444K), 0.0025539 secs] [Times: user=0.00 sys=0.00, real=0.01 secs] 
2020-10-28T09:48:02.973+0000: [GC (Allocation Failure) 2020-10-28T09:48:02.973+0000: [ParNew: 16388K->4K(18432K), 0.0025357 secs] 465528K->449144K(676444K), 0.0025900 secs] [Times: user=0.01 sys=0.00, real=0.00 secs] 
2020-10-28T09:48:02.992+0000: [GC (Allocation Failure) 2020-10-28T09:48:02.992+0000: [ParNew: 16388K->4K(18432K), 0.0025200 secs] 465528K->449144K(676444K), 0.0025817 secs] [Times: user=0.00 sys=0.00, real=0.00 secs] 
2020-10-28T09:48:03.016+0000: [GC (Allocation Failure) 2020-10-28T09:48:03.016+0000: [ParNew: 16388K->4K(18432K), 0.0025157 secs] 465528K->449144K(676444K), 0.0025762 secs] [Times: user=0.01 sys=0.00, real=0.00 secs] 
2020-10-28T09:48:03.036+0000: [GC (Allocation Failure) 2020-10-28T09:48:03.036+0000: [ParNew: 16388K->4K(18432K), 0.0025583 secs] 465528K->449144K(676444K), 0.0026162 secs] [Times: user=0.00 sys=0.00, real=0.00 secs] 
2020-10-28T09:48:03.060+0000: [GC (Allocation Failure) 2020-10-28T09:48:03.060+0000: [ParNew: 16388K->4K(18432K), 0.0025322 secs] 465528K->449144K(676444K), 0.0025861 secs] [Times: user=0.00 sys=0.00, real=0.00 secs] 
2020-10-28T09:48:03.079+0000: [GC (Allocation Failure) 2020-10-28T09:48:03.079+0000: [ParNew: 16388K->4K(18432K), 0.0025899 secs] 465528K->449144K(676444K), 0.0026438 secs] [Times: user=0.01 sys=0.00, real=0.00 secs] 
2020-10-28T09:48:03.099+0000: [GC (Allocation Failure) 2020-10-28T09:48:03.099+0000: [ParNew: 16388K->4K(18432K), 0.0025748 secs] 465528K->449144K(676444K), 0.0026284 secs] [Times: user=0.00 sys=0.00, real=0.00 secs] 
2020-10-28T09:48:03.120+0000: [GC (Allocation Failure) 2020-10-28T09:48:03.120+0000: [ParNew: 16388K->4K(18432K), 0.0027283 secs] 465528K->449144K(676444K), 0.0027985 secs] [Times: user=0.01 sys=0.00, real=0.00 secs] 
2020-10-28T09:48:03.140+0000: [GC (Allocation Failure) 2020-10-28T09:48:03.140+0000: [ParNew: 16388K->4K(18432K), 0.0025151 secs] 465528K->449144K(676444K), 0.0025591 secs] [Times: user=0.01 sys=0.00, real=0.00 secs] 
2020-10-28T09:48:03.162+0000: [GC (Allocation Failure) 2020-10-28T09:48:03.162+0000: [ParNew: 16388K->4K(18432K), 0.0025533 secs] 465528K->449144K(676444K), 0.0026074 secs] [Times: user=0.00 sys=0.00, real=0.00 secs] 
2020-10-28T09:48:03.182+0000: [GC (Allocation Failure) 2020-10-28T09:48:03.182+0000: [ParNew: 16388K->4K(18432K), 0.0025079 secs] 465528K->449144K(676444K), 0.0025622 secs] [Times: user=0.01 sys=0.00, real=0.00 secs] 
2020-10-28T09:48:03.202+0000: [GC (Allocation Failure) 2020-10-28T09:48:03.202+0000: [ParNew: 16388K->4K(18432K), 0.0025547 secs] 465528K->449144K(676444K), 0.0026070 secs] [Times: user=0.01 sys=0.00, real=0.00 secs] 
2020-10-28T09:48:03.222+0000: [GC (Allocation Failure) 2020-10-28T09:48:03.222+0000: [ParNew: 16388K->4K(18432K), 0.0025711 secs] 465528K->449144K(676444K), 0.0026259 secs] [Times: user=0.00 sys=0.00, real=0.00 secs] 
2020-10-28T09:48:03.243+0000: [GC (Allocation Failure) 2020-10-28T09:48:03.243+0000: [ParNew: 16388K->4K(18432K), 0.0025209 secs] 465528K->449144K(676444K), 0.0025757 secs] [Times: user=0.00 sys=0.00, real=0.00 secs] 
2020-10-28T09:48:03.264+0000: [GC (Allocation Failure) 2020-10-28T09:48:03.264+0000: [ParNew: 16388K->4K(18432K), 0.0025032 secs] 465528K->449144K(676444K), 0.0025572 secs] [Times: user=0.00 sys=0.00, real=0.00 secs] 
2020-10-28T09:48:03.284+0000: [GC (Allocation Failure) 2020-10-28T09:48:03.284+0000: [ParNew: 16388K->4K(18432K), 0.0025228 secs] 465528K->449144K(676444K), 0.0025763 secs] [Times: user=0.01 sys=0.00, real=0.00 secs] 
2020-10-28T09:48:03.304+0000: [GC (Allocation Failure) 2020-10-28T09:48:03.304+0000: [ParNew: 16388K->4K(18432K), 0.0024791 secs] 465528K->449144K(676444K), 0.0025323 secs] [Times: user=0.01 sys=0.00, real=0.00 secs] 
2020-10-28T09:48:03.327+0000: [GC (Allocation Failure) 2020-10-28T09:48:03.327+0000: [ParNew: 16388K->4K(18432K), 0.0024983 secs] 465528K->449144K(676444K), 0.0025655 secs] [Times: user=0.01 sys=0.00, real=0.01 secs] 
2020-10-28T09:48:03.348+0000: [GC (Allocation Failure) 2020-10-28T09:48:03.348+0000: [ParNew: 16388K->4K(18432K), 0.0025119 secs] 465528K->449144K(676444K), 0.0025656 secs] [Times: user=0.00 sys=0.00, real=0.00 secs] 
2020-10-28T09:48:03.369+0000: [GC (Allocation Failure) 2020-10-28T09:48:03.369+0000: [ParNew: 16388K->4K(18432K), 0.0025102 secs] 465528K->449144K(676444K), 0.0025645 secs] [Times: user=0.00 sys=0.00, real=0.00 secs] 
2020-10-28T09:48:03.399+0000: [GC (Allocation Failure) 2020-10-28T09:48:03.399+0000: [ParNew: 16388K->4K(18432K), 0.0025041 secs] 465528K->449144K(676444K), 0.0025545 secs] [Times: user=0.01 sys=0.00, real=0.00 secs] 
2020-10-28T09:48:03.419+0000: [GC (Allocation Failure) 2020-10-28T09:48:03.419+0000: [ParNew: 16388K->4K(18432K), 0.0024671 secs] 465528K->449144K(676444K), 0.0025179 secs] [Times: user=0.01 sys=0.00, real=0.00 secs] 
2020-10-28T09:48:03.439+0000: [GC (Allocation Failure) 2020-10-28T09:48:03.439+0000: [ParNew: 16388K->4K(18432K), 0.0024856 secs] 465528K->449144K(676444K), 0.0025377 secs] [Times: user=0.00 sys=0.00, real=0.00 secs] 
2020-10-28T09:48:03.460+0000: [GC (Allocation Failure) 2020-10-28T09:48:03.460+0000: [ParNew: 16388K->4K(18432K), 0.0024837 secs] 465528K->449144K(676444K), 0.0025350 secs] [Times: user=0.00 sys=0.00, real=0.00 secs] 
2020-10-28T09:48:03.479+0000: [GC (Allocation Failure) 2020-10-28T09:48:03.479+0000: [ParNew: 16388K->4K(18432K), 0.0025093 secs] 465528K->449144K(676444K), 0.0025615 secs] [Times: user=0.01 sys=0.00, real=0.00 secs] 
2020-10-28T09:48:03.504+0000: [GC (Allocation Failure) 2020-10-28T09:48:03.504+0000: [ParNew: 16388K->4K(18432K), 0.0024741 secs] 465528K->449144K(676444K), 0.0025335 secs] [Times: user=0.01 sys=0.00, real=0.00 secs] 
2020-10-28T09:48:03.523+0000: [GC (Allocation Failure) 2020-10-28T09:48:03.523+0000: [ParNew: 16388K->4K(18432K), 0.0025093 secs] 465528K->449144K(676444K), 0.0025784 secs] [Times: user=0.00 sys=0.00, real=0.00 secs] 
2020-10-28T09:48:03.544+0000: [GC (Allocation Failure) 2020-10-28T09:48:03.544+0000: [ParNew: 16388K->4K(18432K), 0.0025457 secs] 465528K->449144K(676444K), 0.0026028 secs] [Times: user=0.01 sys=0.00, real=0.00 secs] 
2020-10-28T09:48:03.563+0000: [GC (Allocation Failure) 2020-10-28T09:48:03.563+0000: [ParNew: 16388K->4K(18432K), 0.0025530 secs] 465528K->449144K(676444K), 0.0026062 secs] [Times: user=0.01 sys=0.00, real=0.00 secs] 
2020-10-28T09:48:03.588+0000: [GC (Allocation Failure) 2020-10-28T09:48:03.588+0000: [ParNew: 16388K->4K(18432K), 0.0025150 secs] 465528K->449144K(676444K), 0.0025675 secs] [Times: user=0.00 sys=0.00, real=0.00 secs] 
2020-10-28T09:48:03.608+0000: [GC (Allocation Failure) 2020-10-28T09:48:03.608+0000: [ParNew: 16388K->4K(18432K), 0.0024883 secs] 465528K->449144K(676444K), 0.0025426 secs] [Times: user=0.01 sys=0.00, real=0.00 secs] 
2020-10-28T09:48:03.631+0000: [GC (Allocation Failure) 2020-10-28T09:48:03.631+0000: [ParNew: 16388K->4K(18432K), 0.0024905 secs] 465528K->449144K(676444K), 0.0025438 secs] [Times: user=0.00 sys=0.00, real=0.00 secs] 
2020-10-28T09:48:03.660+0000: [GC (Allocation Failure) 2020-10-28T09:48:03.660+0000: [ParNew: 16388K->4K(18432K), 0.0026484 secs] 465528K->449144K(676444K), 0.0027053 secs] [Times: user=0.01 sys=0.00, real=0.00 secs] 
2020-10-28T09:48:03.680+0000: [GC (Allocation Failure) 2020-10-28T09:48:03.680+0000: [ParNew: 16388K->4K(18432K), 0.0024820 secs] 465528K->449144K(676444K), 0.0025362 secs] [Times: user=0.01 sys=0.00, real=0.00 secs] 
2020-10-28T09:48:03.699+0000: [GC (Allocation Failure) 2020-10-28T09:48:03.699+0000: [ParNew: 16388K->4K(18432K), 0.0025492 secs] 465528K->449144K(676444K), 0.0026065 secs] [Times: user=0.01 sys=0.00, real=0.00 secs] 
2020-10-28T09:48:03.723+0000: [GC (Allocation Failure) 2020-10-28T09:48:03.723+0000: [ParNew: 16388K->4K(18432K), 0.0025361 secs] 465528K->449144K(676444K), 0.0025904 secs] [Times: user=0.01 sys=0.00, real=0.00 secs] 
2020-10-28T09:48:03.743+0000: [GC (Allocation Failure) 2020-10-28T09:48:03.743+0000: [ParNew: 16388K->4K(18432K), 0.0025481 secs] 465528K->449144K(676444K), 0.0026019 secs] [Times: user=0.01 sys=0.00, real=0.00 secs] 
2020-10-28T09:48:03.763+0000: [GC (Allocation Failure) 2020-10-28T09:48:03.763+0000: [ParNew: 16388K->4K(18432K), 0.0025059 secs] 465528K->449144K(676444K), 0.0025767 secs] [Times: user=0.01 sys=0.00, real=0.00 secs] 
2020-10-28T09:48:03.786+0000: [GC (Allocation Failure) 2020-10-28T09:48:03.786+0000: [ParNew: 16388K->4K(18432K), 0.0025113 secs] 465528K->449144K(676444K), 0.0025706 secs] [Times: user=0.00 sys=0.00, real=0.01 secs] 
2020-10-28T09:48:03.811+0000: [GC (Allocation Failure) 2020-10-28T09:48:03.811+0000: [ParNew: 16388K->4K(18432K), 0.0025301 secs] 465528K->449144K(676444K), 0.0025836 secs] [Times: user=0.00 sys=0.00, real=0.00 secs] 
2020-10-28T09:48:03.832+0000: [GC (Allocation Failure) 2020-10-28T09:48:03.832+0000: [ParNew: 16388K->4K(18432K), 0.0024995 secs] 465528K->449144K(676444K), 0.0025529 secs] [Times: user=0.00 sys=0.00, real=0.00 secs] 
2020-10-28T09:48:03.851+0000: [GC (Allocation Failure) 2020-10-28T09:48:03.851+0000: [ParNew: 16388K->4K(18432K), 0.0025657 secs] 465528K->449144K(676444K), 0.0026358 secs] [Times: user=0.00 sys=0.01, real=0.00 secs] 
2020-10-28T09:48:03.874+0000: [GC (Allocation Failure) 2020-10-28T09:48:03.874+0000: [ParNew: 16388K->4K(18432K), 0.0025567 secs] 465528K->449144K(676444K), 0.0026105 secs] [Times: user=0.01 sys=0.00, real=0.01 secs] 
2020-10-28T09:48:03.896+0000: [GC (Allocation Failure) 2020-10-28T09:48:03.896+0000: [ParNew: 16388K->4K(18432K), 0.0025425 secs] 465528K->449144K(676444K), 0.0025971 secs] [Times: user=0.00 sys=0.00, real=0.00 secs] 
2020-10-28T09:48:03.915+0000: [GC (Allocation Failure) 2020-10-28T09:48:03.915+0000: [ParNew: 16388K->4K(18432K), 0.0025267 secs] 465528K->449144K(676444K), 0.0025881 secs] [Times: user=0.01 sys=0.00, real=0.01 secs] 
2020-10-28T09:48:03.935+0000: [GC (Allocation Failure) 2020-10-28T09:48:03.935+0000: [ParNew: 16388K->4K(18432K), 0.0025579 secs] 465528K->449144K(676444K), 0.0026163 secs] [Times: user=0.00 sys=0.00, real=0.01 secs] 
2020-10-28T09:48:03.960+0000: [GC (Allocation Failure) 2020-10-28T09:48:03.960+0000: [ParNew: 16388K->4K(18432K), 0.0025204 secs] 465528K->449144K(676444K), 0.0025734 secs] [Times: user=0.01 sys=0.00, real=0.00 secs] 
2020-10-28T09:48:03.980+0000: [GC (Allocation Failure) 2020-10-28T09:48:03.980+0000: [ParNew: 16388K->4K(18432K), 0.0025000 secs] 465528K->449144K(676444K), 0.0025530 secs] [Times: user=0.01 sys=0.00, real=0.00 secs] 
2020-10-28T09:48:04.000+0000: [GC (Allocation Failure) 2020-10-28T09:48:04.000+0000: [ParNew: 16388K->4K(18432K), 0.0025190 secs] 465528K->449144K(676444K), 0.0025712 secs] [Times: user=0.00 sys=0.00, real=0.00 secs] 
2020-10-28T09:48:04.023+0000: [GC (Allocation Failure) 2020-10-28T09:48:04.023+0000: [ParNew: 16388K->4K(18432K), 0.0024858 secs] 465528K->449144K(676444K), 0.0025529 secs] [Times: user=0.01 sys=0.00, real=0.00 secs] 
2020-10-28T09:48:04.043+0000: [GC (Allocation Failure) 2020-10-28T09:48:04.044+0000: [ParNew: 16388K->4K(18432K), 0.0024477 secs] 465528K->449144K(676444K), 0.0025228 secs] [Times: user=0.00 sys=0.00, real=0.00 secs] 
2020-10-28T09:48:04.063+0000: [GC (Allocation Failure) 2020-10-28T09:48:04.063+0000: [ParNew: 16388K->4K(18432K), 0.0024708 secs] 465528K->449144K(676444K), 0.0025210 secs] [Times: user=0.01 sys=0.00, real=0.00 secs] 
2020-10-28T09:48:04.083+0000: [GC (Allocation Failure) 2020-10-28T09:48:04.083+0000: [ParNew: 16388K->4K(18432K), 0.0025216 secs] 465528K->449144K(676444K), 0.0025742 secs] [Times: user=0.01 sys=0.00, real=0.00 secs] 
2020-10-28T09:48:04.103+0000: [GC (Allocation Failure) 2020-10-28T09:48:04.103+0000: [ParNew: 16388K->4K(18432K), 0.0025058 secs] 465528K->449144K(676444K), 0.0025579 secs] [Times: user=0.01 sys=0.00, real=0.00 secs] 
2020-10-28T09:48:04.123+0000: [GC (Allocation Failure) 2020-10-28T09:48:04.123+0000: [ParNew: 16388K->4K(18432K), 0.0025194 secs] 465528K->449144K(676444K), 0.0025796 secs] [Times: user=0.01 sys=0.00, real=0.00 secs] 
2020-10-28T09:48:04.143+0000: [GC (Allocation Failure) 2020-10-28T09:48:04.143+0000: [ParNew: 16388K->4K(18432K), 0.0025001 secs] 465528K->449144K(676444K), 0.0025533 secs] [Times: user=0.01 sys=0.00, real=0.00 secs] 
2020-10-28T09:48:04.167+0000: [GC (Allocation Failure) 2020-10-28T09:48:04.167+0000: [ParNew: 16388K->4K(18432K), 0.0025531 secs] 465528K->449144K(676444K), 0.0026083 secs] [Times: user=0.00 sys=0.00, real=0.01 secs] 
2020-10-28T09:48:04.187+0000: [GC (Allocation Failure) 2020-10-28T09:48:04.187+0000: [ParNew: 16388K->4K(18432K), 0.0025937 secs] 465528K->449144K(676444K), 0.0026479 secs] [Times: user=0.01 sys=0.00, real=0.01 secs] 
2020-10-28T09:48:04.208+0000: [GC (Allocation Failure) 2020-10-28T09:48:04.208+0000: [ParNew: 16388K->4K(18432K), 0.0024860 secs] 465528K->449144K(676444K), 0.0025390 secs] [Times: user=0.00 sys=0.00, real=0.00 secs] 
2020-10-28T09:48:04.232+0000: [GC (Allocation Failure) 2020-10-28T09:48:04.232+0000: [ParNew: 16388K->4K(18432K), 0.0025060 secs] 465528K->449144K(676444K), 0.0026051 secs] [Times: user=0.00 sys=0.00, real=0.00 secs] 
2020-10-28T09:48:04.252+0000: [GC (Allocation Failure) 2020-10-28T09:48:04.252+0000: [ParNew: 16388K->4K(18432K), 0.0024914 secs] 465528K->449144K(676444K), 0.0025453 secs] [Times: user=0.00 sys=0.00, real=0.00 secs] 
2020-10-28T09:48:04.272+0000: [GC (Allocation Failure) 2020-10-28T09:48:04.272+0000: [ParNew: 16388K->4K(18432K), 0.0024990 secs] 465528K->449144K(676444K), 0.0025509 secs] [Times: user=0.00 sys=0.00, real=0.00 secs] 
2020-10-28T09:48:04.292+0000: [GC (Allocation Failure) 2020-10-28T09:48:04.292+0000: [ParNew: 16388K->4K(18432K), 0.0024905 secs] 465528K->449144K(676444K), 0.0025436 secs] [Times: user=0.00 sys=0.00, real=0.00 secs] 
2020-10-28T09:48:04.316+0000: [GC (Allocation Failure) 2020-10-28T09:48:04.316+0000: [ParNew: 16388K->4K(18432K), 0.0024903 secs] 465528K->449144K(676444K), 0.0025437 secs] [Times: user=0.00 sys=0.00, real=0.00 secs] 
2020-10-28T09:48:04.336+0000: [GC (Allocation Failure) 2020-10-28T09:48:04.336+0000: [ParNew: 16388K->4K(18432K), 0.0024943 secs] 465528K->449144K(676444K), 0.0025508 secs] [Times: user=0.01 sys=0.00, real=0.00 secs] 
2020-10-28T09:48:04.356+0000: [GC (Allocation Failure) 2020-10-28T09:48:04.356+0000: [ParNew: 16388K->4K(18432K), 0.0024919 secs] 465528K->449144K(676444K), 0.0025440 secs] [Times: user=0.00 sys=0.00, real=0.00 secs] 
2020-10-28T09:48:04.376+0000: [GC (Allocation Failure) 2020-10-28T09:48:04.376+0000: [ParNew: 16388K->4K(18432K), 0.0024809 secs] 465528K->449144K(676444K), 0.0025331 secs] [Times: user=0.01 sys=0.00, real=0.00 secs] 
2020-10-28T09:48:04.396+0000: [GC (Allocation Failure) 2020-10-28T09:48:04.396+0000: [ParNew: 16388K->4K(18432K), 0.0025208 secs] 465528K->449144K(676444K), 0.0025820 secs] [Times: user=0.00 sys=0.00, real=0.00 secs] 
2020-10-28T09:48:04.420+0000: [GC (Allocation Failure) 2020-10-28T09:48:04.420+0000: [ParNew: 16388K->4K(18432K), 0.0025064 secs] 465528K->449144K(676444K), 0.0025606 secs] [Times: user=0.00 sys=0.00, real=0.00 secs] 
2020-10-28T09:48:04.439+0000: [GC (Allocation Failure) 2020-10-28T09:48:04.439+0000: [ParNew: 16388K->4K(18432K), 0.0024946 secs] 465528K->449144K(676444K), 0.0025472 secs] [Times: user=0.00 sys=0.00, real=0.00 secs] 
2020-10-28T09:48:04.459+0000: [GC (Allocation Failure) 2020-10-28T09:48:04.459+0000: [ParNew: 16388K->4K(18432K), 0.0025138 secs] 465528K->449144K(676444K), 0.0025664 secs] [Times: user=0.00 sys=0.00, real=0.00 secs] 
2020-10-28T09:48:04.480+0000: [GC (Allocation Failure) 2020-10-28T09:48:04.480+0000: [ParNew: 16388K->4K(18432K), 0.0025173 secs] 465528K->449144K(676444K), 0.0025863 secs] [Times: user=0.00 sys=0.00, real=0.00 secs] 
2020-10-28T09:48:04.500+0000: [GC (Allocation Failure) 2020-10-28T09:48:04.500+0000: [ParNew: 16388K->4K(18432K), 0.0025605 secs] 465528K->449144K(676444K), 0.0026149 secs] [Times: user=0.01 sys=0.00, real=0.00 secs] 
2020-10-28T09:48:04.521+0000: [GC (Allocation Failure) 2020-10-28T09:48:04.521+0000: [ParNew: 16388K->4K(18432K), 0.0025417 secs] 465528K->449144K(676444K), 0.0025946 secs] [Times: user=0.00 sys=0.00, real=0.00 secs] 
2020-10-28T09:48:04.544+0000: [GC (Allocation Failure) 2020-10-28T09:48:04.544+0000: [ParNew: 16388K->4K(18432K), 0.0025171 secs] 465528K->449144K(676444K), 0.0025721 secs] [Times: user=0.00 sys=0.00, real=0.00 secs] 
2020-10-28T09:48:04.563+0000: [GC (Allocation Failure) 2020-10-28T09:48:04.563+0000: [ParNew: 16388K->4K(18432K), 0.0024995 secs] 465528K->449144K(676444K), 0.0025536 secs] [Times: user=0.00 sys=0.00, real=0.00 secs] 
2020-10-28T09:48:04.588+0000: [GC (Allocation Failure) 2020-10-28T09:48:04.588+0000: [ParNew: 16388K->4K(18432K), 0.0025058 secs] 465528K->449144K(676444K), 0.0025605 secs] [Times: user=0.01 sys=0.00, real=0.00 secs] 
2020-10-28T09:48:04.609+0000: [GC (Allocation Failure) 2020-10-28T09:48:04.609+0000: [ParNew: 16388K->4K(18432K), 0.0025494 secs] 465528K->449144K(676444K), 0.0026085 secs] [Times: user=0.01 sys=0.00, real=0.00 secs] 
2020-10-28T09:48:04.632+0000: [GC (Allocation Failure) 2020-10-28T09:48:04.632+0000: [ParNew: 16388K->4K(18432K), 0.0025096 secs] 465528K->449144K(676444K), 0.0025653 secs] [Times: user=0.00 sys=0.00, real=0.00 secs] 
2020-10-28T09:48:04.655+0000: [GC (Allocation Failure) 2020-10-28T09:48:04.655+0000: [ParNew: 16388K->4K(18432K), 0.0025187 secs] 465528K->449144K(676444K), 0.0025736 secs] [Times: user=0.01 sys=0.00, real=0.01 secs] 
2020-10-28T09:48:04.675+0000: [GC (Allocation Failure) 2020-10-28T09:48:04.675+0000: [ParNew: 16388K->4K(18432K), 0.0024880 secs] 465528K->449144K(676444K), 0.0025401 secs] [Times: user=0.00 sys=0.00, real=0.01 secs] 
2020-10-28T09:48:04.695+0000: [GC (Allocation Failure) 2020-10-28T09:48:04.695+0000: [ParNew: 16388K->4K(18432K), 0.0025189 secs] 465528K->449144K(676444K), 0.0025792 secs] [Times: user=0.00 sys=0.00, real=0.01 secs] 
2020-10-28T09:48:04.716+0000: [GC (Allocation Failure) 2020-10-28T09:48:04.716+0000: [ParNew: 16388K->4K(18432K), 0.0025171 secs] 465528K->449144K(676444K), 0.0025703 secs] [Times: user=0.00 sys=0.00, real=0.00 secs] 
2020-10-28T09:48:04.740+0000: [GC (Allocation Failure) 2020-10-28T09:48:04.740+0000: [ParNew: 16388K->4K(18432K), 0.0025048 secs] 465528K->449144K(676444K), 0.0025588 secs] [Times: user=0.00 sys=0.00, real=0.00 secs] 
2020-10-28T09:48:04.759+0000: [GC (Allocation Failure) 2020-10-28T09:48:04.759+0000: [ParNew: 16388K->4K(18432K), 0.0024848 secs] 465528K->449144K(676444K), 0.0025392 secs] [Times: user=0.00 sys=0.00, real=0.00 secs] 
2020-10-28T09:48:04.780+0000: [GC (Allocation Failure) 2020-10-28T09:48:04.780+0000: [ParNew: 16388K->4K(18432K), 0.0024865 secs] 465528K->449144K(676444K), 0.0025393 secs] [Times: user=0.01 sys=0.00, real=0.00 secs] 
2020-10-28T09:48:04.800+0000: [GC (Allocation Failure) 2020-10-28T09:48:04.800+0000: [ParNew: 16388K->4K(18432K), 0.0025292 secs] 465528K->449144K(676444K), 0.0026105 secs] [Times: user=0.00 sys=0.00, real=0.00 secs] 
2020-10-28T09:48:04.820+0000: [GC (Allocation Failure) 2020-10-28T09:48:04.820+0000: [ParNew: 16388K->4K(18432K), 0.0024790 secs] 465528K->449144K(676444K), 0.0025301 secs] [Times: user=0.00 sys=0.00, real=0.00 secs] 
2020-10-28T09:48:04.856+0000: [GC (Allocation Failure) 2020-10-28T09:48:04.856+0000: [ParNew: 16388K->4K(18432K), 0.0024991 secs] 498296K->481912K(676444K), 0.0025523 secs] [Times: user=0.01 sys=0.00, real=0.00 secs] 
2020-10-28T09:48:04.879+0000: [GC (Allocation Failure) 2020-10-28T09:48:04.880+0000: [ParNew: 16388K->4K(18432K), 0.0024825 secs] 498296K->481912K(676444K), 0.0025642 secs] [Times: user=0.00 sys=0.01, real=0.00 secs] 
2020-10-28T09:48:04.899+0000: [GC (Allocation Failure) 2020-10-28T09:48:04.899+0000: [ParNew: 16388K->4K(18432K), 0.0025062 secs] 498296K->481912K(676444K), 0.0025769 secs] [Times: user=0.01 sys=0.00, real=0.00 secs] 
2020-10-28T09:48:04.920+0000: [GC (Allocation Failure) 2020-10-28T09:48:04.920+0000: [ParNew: 16388K->4K(18432K), 0.0024711 secs] 498296K->481912K(676444K), 0.0025227 secs] [Times: user=0.00 sys=0.00, real=0.00 secs] 
2020-10-28T09:48:04.939+0000: [GC (Allocation Failure) 2020-10-28T09:48:04.939+0000: [ParNew: 16388K->4K(18432K), 0.0024936 secs] 498296K->481912K(676444K), 0.0025474 secs] [Times: user=0.00 sys=0.00, real=0.00 secs] 
2020-10-28T09:48:04.960+0000: [GC (Allocation Failure) 2020-10-28T09:48:04.960+0000: [ParNew: 16388K->4K(18432K), 0.0024815 secs] 498296K->481912K(676444K), 0.0025338 secs] [Times: user=0.00 sys=0.00, real=0.00 secs] 
2020-10-28T09:48:04.983+0000: [GC (Allocation Failure) 2020-10-28T09:48:04.983+0000: [ParNew: 16388K->4K(18432K), 0.0025133 secs] 498296K->481913K(676444K), 0.0025667 secs] [Times: user=0.00 sys=0.00, real=0.00 secs] 
2020-10-28T09:48:05.021+0000: [GC (Allocation Failure) 2020-10-28T09:48:05.021+0000: [ParNew: 16388K->4K(18432K), 0.0025055 secs] 531065K->514681K(676444K), 0.0025751 secs] [Times: user=0.00 sys=0.00, real=0.00 secs] 
2020-10-28T09:48:05.048+0000: [GC (Allocation Failure) 2020-10-28T09:48:05.048+0000: [ParNew: 16388K->4K(18432K), 0.0024691 secs] 531065K->514681K(676444K), 0.0025217 secs] [Times: user=0.01 sys=0.00, real=0.00 secs] 
2020-10-28T09:48:05.068+0000: [GC (Allocation Failure) 2020-10-28T09:48:05.068+0000: [ParNew: 16388K->4K(18432K), 0.0024578 secs] 531065K->514681K(676444K), 0.0025108 secs] [Times: user=0.00 sys=0.00, real=0.00 secs] 
2020-10-28T09:48:05.088+0000: [GC (Allocation Failure) 2020-10-28T09:48:05.088+0000: [ParNew: 16388K->4K(18432K), 0.0024656 secs] 531065K->514681K(676444K), 0.0025192 secs] [Times: user=0.00 sys=0.00, real=0.00 secs] 
2020-10-28T09:48:05.108+0000: [GC (Allocation Failure) 2020-10-28T09:48:05.108+0000: [ParNew: 16388K->4K(18432K), 0.0024583 secs] 531065K->514681K(676444K), 0.0025101 secs] [Times: user=0.01 sys=0.00, real=0.00 secs] 
2020-10-28T09:48:05.128+0000: [GC (Allocation Failure) 2020-10-28T09:48:05.128+0000: [ParNew: 16388K->4K(18432K), 0.0024627 secs] 531065K->514681K(676444K), 0.0025165 secs] [Times: user=0.00 sys=0.00, real=0.00 secs] 
2020-10-28T09:48:05.152+0000: [GC (Allocation Failure) 2020-10-28T09:48:05.152+0000: [ParNew: 16301K->4K(18432K), 0.0059436 secs] 530979K->514681K(676444K), 0.0060048 secs] [Times: user=0.01 sys=0.00, real=0.01 secs] 
2020-10-28T09:48:05.224+0000: [GC (Allocation Failure) 2020-10-28T09:48:05.224+0000: [ParNew: 16388K->4K(18432K), 0.0025344 secs] 531065K->514681K(676444K), 0.0025919 secs] [Times: user=0.00 sys=0.00, real=0.00 secs] 
2020-10-28T09:48:05.245+0000: [GC (Allocation Failure) 2020-10-28T09:48:05.245+0000: [ParNew: 16388K->4K(18432K), 0.0024865 secs] 531065K->514681K(676444K), 0.0025398 secs] [Times: user=0.00 sys=0.00, real=0.01 secs] 
2020-10-28T09:48:05.268+0000: [GC (Allocation Failure) 2020-10-28T09:48:05.268+0000: [ParNew: 16388K->4K(18432K), 0.0024380 secs] 531065K->514681K(676444K), 0.0024906 secs] [Times: user=0.00 sys=0.00, real=0.00 secs] 
2020-10-28T09:48:05.292+0000: [GC (Allocation Failure) 2020-10-28T09:48:05.292+0000: [ParNew: 16388K->6K(18432K), 0.0024587 secs] 531065K->514683K(676444K), 0.0025099 secs] [Times: user=0.01 sys=0.00, real=0.00 secs] 
2020-10-28T09:48:05.311+0000: [GC (Allocation Failure) 2020-10-28T09:48:05.311+0000: [ParNew: 16390K->6K(18432K), 0.0024590 secs] 531067K->514683K(676444K), 0.0025114 secs] [Times: user=0.01 sys=0.00, real=0.00 secs] 
2020-10-28T09:48:05.332+0000: [GC (Allocation Failure) 2020-10-28T09:48:05.332+0000: [ParNew: 16390K->4K(18432K), 0.0024579 secs] 531067K->514681K(676444K), 0.0025103 secs] [Times: user=0.01 sys=0.00, real=0.00 secs] 
2020-10-28T09:48:05.352+0000: [GC (Allocation Failure) 2020-10-28T09:48:05.352+0000: [ParNew: 16388K->6K(18432K), 0.0024632 secs] 531065K->514683K(676444K), 0.0025166 secs] [Times: user=0.00 sys=0.00, real=0.00 secs] 
2020-10-28T09:48:05.371+0000: [GC (Allocation Failure) 2020-10-28T09:48:05.371+0000: [ParNew: 16390K->4K(18432K), 0.0024668 secs] 531067K->514682K(676444K), 0.0025190 secs] [Times: user=0.00 sys=0.00, real=0.00 secs] 
2020-10-28T09:48:05.391+0000: [GC (Allocation Failure) 2020-10-28T09:48:05.391+0000: [ParNew: 16388K->4K(18432K), 0.0024873 secs] 531066K->514682K(676444K), 0.0025405 secs] [Times: user=0.01 sys=0.00, real=0.00 secs] 
2020-10-28T09:48:05.411+0000: [GC (Allocation Failure) 2020-10-28T09:48:05.411+0000: [ParNew: 16388K->4K(18432K), 0.0024885 secs] 531066K->514682K(676444K), 0.0025400 secs] [Times: user=0.01 sys=0.00, real=0.00 secs] 
2020-10-28T09:48:05.432+0000: [GC (Allocation Failure) 2020-10-28T09:48:05.432+0000: [ParNew: 16388K->4K(18432K), 0.0024467 secs] 531066K->514682K(676444K), 0.0024993 secs] [Times: user=0.00 sys=0.00, real=0.00 secs] 
2020-10-28T09:48:05.451+0000: [GC (Allocation Failure) 2020-10-28T09:48:05.452+0000: [ParNew: 16388K->4K(18432K), 0.0024412 secs] 531066K->514682K(676444K), 0.0024927 secs] [Times: user=0.00 sys=0.00, real=0.00 secs] 
2020-10-28T09:48:05.472+0000: [GC (Allocation Failure) 2020-10-28T09:48:05.472+0000: [ParNew: 16388K->4K(18432K), 0.0024500 secs] 531066K->514682K(676444K), 0.0025023 secs] [Times: user=0.01 sys=0.01, real=0.00 secs] 
2020-10-28T09:48:05.502+0000: [GC (Allocation Failure) 2020-10-28T09:48:05.502+0000: [ParNew: 16388K->4K(18432K), 0.0038870 secs] 531066K->514682K(676444K), 0.0039598 secs] [Times: user=0.01 sys=0.00, real=0.00 secs] 
2020-10-28T09:48:05.527+0000: [GC (Allocation Failure) 2020-10-28T09:48:05.528+0000: [ParNew: 16388K->4K(18432K), 0.0024265 secs] 531066K->514682K(676444K), 0.0024921 secs] [Times: user=0.00 sys=0.00, real=0.01 secs] 
2020-10-28T09:48:05.547+0000: [GC (Allocation Failure) 2020-10-28T09:48:05.547+0000: [ParNew: 16388K->4K(18432K), 0.0025514 secs] 531066K->514682K(676444K), 0.0026042 secs] [Times: user=0.01 sys=0.00, real=0.01 secs] 
2020-10-28T09:48:05.568+0000: [GC (Allocation Failure) 2020-10-28T09:48:05.568+0000: [ParNew: 16388K->4K(18432K), 0.0024406 secs] 531066K->514682K(676444K), 0.0024930 secs] [Times: user=0.00 sys=0.00, real=0.00 secs] 
2020-10-28T09:48:05.592+0000: [GC (Allocation Failure) 2020-10-28T09:48:05.592+0000: [ParNew: 16388K->4K(18432K), 0.0024755 secs] 531066K->514682K(676444K), 0.0025381 secs] [Times: user=0.00 sys=0.00, real=0.00 secs] 
2020-10-28T09:48:05.611+0000: [GC (Allocation Failure) 2020-10-28T09:48:05.611+0000: [ParNew: 16388K->4K(18432K), 0.0024726 secs] 531066K->514682K(676444K), 0.0025254 secs] [Times: user=0.01 sys=0.00, real=0.00 secs] 
2020-10-28T09:48:05.631+0000: [GC (Allocation Failure) 2020-10-28T09:48:05.631+0000: [ParNew: 16388K->4K(18432K), 0.0024613 secs] 531066K->514682K(676444K), 0.0025139 secs] [Times: user=0.01 sys=0.00, real=0.00 secs] 
2020-10-28T09:48:05.656+0000: [GC (Allocation Failure) 2020-10-28T09:48:05.656+0000: [ParNew: 16388K->4K(18432K), 0.0024940 secs] 531066K->514682K(676444K), 0.0025765 secs] [Times: user=0.00 sys=0.01, real=0.01 secs] 
2020-10-28T09:48:05.675+0000: [GC (Allocation Failure) 2020-10-28T09:48:05.676+0000: [ParNew: 16388K->4K(18432K), 0.0024690 secs] 531066K->514682K(676444K), 0.0025391 secs] [Times: user=0.00 sys=0.00, real=0.01 secs] 
2020-10-28T09:48:05.696+0000: [GC (Allocation Failure) 2020-10-28T09:48:05.696+0000: [ParNew: 16388K->4K(18432K), 0.0024601 secs] 531066K->514682K(676444K), 0.0025136 secs] [Times: user=0.01 sys=0.00, real=0.00 secs] 
2020-10-28T09:48:05.715+0000: [GC (Allocation Failure) 2020-10-28T09:48:05.715+0000: [ParNew: 16388K->4K(18432K), 0.0025012 secs] 531066K->514682K(676444K), 0.0025536 secs] [Times: user=0.01 sys=0.00, real=0.01 secs] 
2020-10-28T09:48:05.736+0000: [GC (Allocation Failure) 2020-10-28T09:48:05.736+0000: [ParNew: 16388K->4K(18432K), 0.0024513 secs] 531066K->514682K(676444K), 0.0025037 secs] [Times: user=0.00 sys=0.00, real=0.00 secs] 
2020-10-28T09:48:05.756+0000: [GC (Allocation Failure) 2020-10-28T09:48:05.756+0000: [ParNew: 16388K->4K(18432K), 0.0024733 secs] 531066K->514682K(676444K), 0.0025273 secs] [Times: user=0.00 sys=0.00, real=0.00 secs] 
2020-10-28T09:48:05.778+0000: [GC (Allocation Failure) 2020-10-28T09:48:05.778+0000: [ParNew: 16388K->4K(18432K), 0.0024545 secs] 531066K->514682K(676444K), 0.0025072 secs] [Times: user=0.01 sys=0.00, real=0.00 secs] 
2020-10-28T09:48:05.798+0000: [GC (Allocation Failure) 2020-10-28T09:48:05.798+0000: [ParNew: 16388K->4K(18432K), 0.0024631 secs] 531066K->514682K(676444K), 0.0025152 secs] [Times: user=0.00 sys=0.00, real=0.00 secs] 
2020-10-28T09:48:05.818+0000: [GC (Allocation Failure) 2020-10-28T09:48:05.818+0000: [ParNew: 16388K->4K(18432K), 0.0024612 secs] 531066K->514682K(676444K), 0.0025134 secs] [Times: user=0.00 sys=0.00, real=0.00 secs] 
2020-10-28T09:48:05.838+0000: [GC (Allocation Failure) 2020-10-28T09:48:05.838+0000: [ParNew: 16388K->4K(18432K), 0.0024412 secs] 531066K->514682K(676444K), 0.0024988 secs] [Times: user=0.00 sys=0.00, real=0.00 secs] 
2020-10-28T09:48:05.858+0000: [GC (Allocation Failure) 2020-10-28T09:48:05.858+0000: [ParNew: 16388K->4K(18432K), 0.0024930 secs] 531066K->514682K(676444K), 0.0025467 secs] [Times: user=0.00 sys=0.00, real=0.00 secs] 
2020-10-28T09:48:05.878+0000: [GC (Allocation Failure) 2020-10-28T09:48:05.878+0000: [ParNew: 16388K->4K(18432K), 0.0024666 secs] 531066K->514682K(676444K), 0.0025199 secs] [Times: user=0.01 sys=0.00, real=0.00 secs] 
2020-10-28T09:48:05.897+0000: [GC (Allocation Failure) 2020-10-28T09:48:05.897+0000: [ParNew: 16388K->4K(18432K), 0.0024464 secs] 531066K->514682K(676444K), 0.0024969 secs] [Times: user=0.01 sys=0.00, real=0.00 secs] 
2020-10-28T09:48:05.920+0000: [GC (Allocation Failure) 2020-10-28T09:48:05.920+0000: [ParNew: 16388K->4K(18432K), 0.0024277 secs] 531066K->514682K(676444K), 0.0024783 secs] [Times: user=0.00 sys=0.00, real=0.00 secs] 
2020-10-28T09:48:05.939+0000: [GC (Allocation Failure) 2020-10-28T09:48:05.940+0000: [ParNew: 16388K->4K(18432K), 0.0025335 secs] 531066K->514682K(676444K), 0.0026076 secs] [Times: user=0.00 sys=0.01, real=0.00 secs] 
2020-10-28T09:48:05.961+0000: [GC (Allocation Failure) 2020-10-28T09:48:05.961+0000: [ParNew: 16388K->4K(18432K), 0.0024751 secs] 531066K->514682K(676444K), 0.0025278 secs] [Times: user=0.00 sys=0.00, real=0.00 secs] 
2020-10-28T09:48:05.984+0000: [GC (Allocation Failure) 2020-10-28T09:48:05.984+0000: [ParNew: 16388K->4K(18432K), 0.0025038 secs] 531066K->514682K(676444K), 0.0025578 secs] [Times: user=0.00 sys=0.00, real=0.00 secs] 
2020-10-28T09:48:06.003+0000: [GC (Allocation Failure) 2020-10-28T09:48:06.003+0000: [ParNew: 16388K->4K(18432K), 0.0024951 secs] 531066K->514682K(676444K), 0.0025485 secs] [Times: user=0.01 sys=0.00, real=0.00 secs] 
2020-10-28T09:48:06.023+0000: [GC (Allocation Failure) 2020-10-28T09:48:06.023+0000: [ParNew: 16388K->4K(18432K), 0.0024855 secs] 531066K->514682K(676444K), 0.0025392 secs] [Times: user=0.01 sys=0.00, real=0.00 secs] 
2020-10-28T09:48:06.044+0000: [GC (Allocation Failure) 2020-10-28T09:48:06.044+0000: [ParNew: 16388K->4K(18432K), 0.0024880 secs] 531066K->514682K(676444K), 0.0025424 secs] [Times: user=0.00 sys=0.00, real=0.00 secs] 
2020-10-28T09:48:06.064+0000: [GC (Allocation Failure) 2020-10-28T09:48:06.064+0000: [ParNew: 16388K->4K(18432K), 0.0024403 secs] 531066K->514682K(676444K), 0.0024949 secs] [Times: user=0.00 sys=0.00, real=0.00 secs] 
2020-10-28T09:48:06.083+0000: [GC (Allocation Failure) 2020-10-28T09:48:06.083+0000: [ParNew: 16388K->4K(18432K), 0.0025395 secs] 531066K->514682K(676444K), 0.0025944 secs] [Times: user=0.01 sys=0.00, real=0.00 secs] 
2020-10-28T09:48:06.104+0000: [GC (Allocation Failure) 2020-10-28T09:48:06.104+0000: [ParNew: 16388K->4K(18432K), 0.0024788 secs] 531066K->514682K(676444K), 0.0025328 secs] [Times: user=0.00 sys=0.00, real=0.00 secs] 
2020-10-28T09:48:06.124+0000: [GC (Allocation Failure) 2020-10-28T09:48:06.124+0000: [ParNew: 16388K->4K(18432K), 0.0026721 secs] 531066K->514682K(676444K), 0.0027321 secs] [Times: user=0.01 sys=0.00, real=0.00 secs] 
2020-10-28T09:48:06.144+0000: [GC (Allocation Failure) 2020-10-28T09:48:06.144+0000: [ParNew: 16388K->4K(18432K), 0.0024625 secs] 531066K->514682K(676444K), 0.0025167 secs] [Times: user=0.00 sys=0.00, real=0.00 secs] 
2020-10-28T09:48:06.167+0000: [GC (Allocation Failure) 2020-10-28T09:48:06.168+0000: [ParNew: 16388K->4K(18432K), 0.0024763 secs] 531066K->514682K(676444K), 0.0025454 secs] [Times: user=0.00 sys=0.00, real=0.01 secs] 
2020-10-28T09:48:06.188+0000: [GC (Allocation Failure) 2020-10-28T09:48:06.188+0000: [ParNew: 16388K->4K(18432K), 0.0025194 secs] 531066K->514682K(676444K), 0.0025758 secs] [Times: user=0.01 sys=0.00, real=0.00 secs] 
2020-10-28T09:48:06.212+0000: [GC (Allocation Failure) 2020-10-28T09:48:06.212+0000: [ParNew: 16388K->4K(18432K), 0.0025298 secs] 531066K->514682K(676444K), 0.0025870 secs] [Times: user=0.00 sys=0.00, real=0.00 secs] 
2020-10-28T09:48:06.232+0000: [GC (Allocation Failure) 2020-10-28T09:48:06.232+0000: [ParNew: 16388K->4K(18432K), 0.0024282 secs] 531066K->514682K(676444K), 0.0024803 secs] [Times: user=0.01 sys=0.00, real=0.00 secs] 
2020-10-28T09:48:06.255+0000: [GC (Allocation Failure) 2020-10-28T09:48:06.256+0000: [ParNew: 16388K->4K(18432K), 0.0024319 secs] 531066K->514682K(676444K), 0.0024857 secs] [Times: user=0.01 sys=0.00, real=0.00 secs] 
2020-10-28T09:48:06.280+0000: [GC (Allocation Failure) 2020-10-28T09:48:06.280+0000: [ParNew: 16388K->4K(18432K), 0.0024338 secs] 531066K->514682K(676444K), 0.0024875 secs] [Times: user=0.00 sys=0.00, real=0.00 secs] 
2020-10-28T09:48:06.300+0000: [GC (Allocation Failure) 2020-10-28T09:48:06.300+0000: [ParNew: 16388K->4K(18432K), 0.0025774 secs] 531066K->514682K(676444K), 0.0026359 secs] [Times: user=0.00 sys=0.00, real=0.00 secs] 
2020-10-28T09:48:06.319+0000: [GC (Allocation Failure) 2020-10-28T09:48:06.319+0000: [ParNew: 16388K->4K(18432K), 0.0025096 secs] 531066K->514682K(676444K), 0.0025791 secs] [Times: user=0.00 sys=0.00, real=0.00 secs] 
2020-10-28T09:48:06.339+0000: [GC (Allocation Failure) 2020-10-28T09:48:06.339+0000: [ParNew: 16388K->4K(18432K), 0.0024819 secs] 531066K->514682K(676444K), 0.0025351 secs] [Times: user=0.01 sys=0.00, real=0.00 secs] 
2020-10-28T09:48:06.359+0000: [GC (Allocation Failure) 2020-10-28T09:48:06.359+0000: [ParNew: 16388K->4K(18432K), 0.0025135 secs] 531066K->514682K(676444K), 0.0025679 secs] [Times: user=0.01 sys=0.00, real=0.00 secs] 
2020-10-28T09:48:06.378+0000: [GC (Allocation Failure) 2020-10-28T09:48:06.378+0000: [ParNew: 16388K->4K(18432K), 0.0024650 secs] 531066K->514682K(676444K), 0.0025194 secs] [Times: user=0.01 sys=0.00, real=0.00 secs] 
2020-10-28T09:48:06.400+0000: [GC (Allocation Failure) 2020-10-28T09:48:06.400+0000: [ParNew: 16388K->4K(18432K), 0.0024306 secs] 531066K->514682K(676444K), 0.0024835 secs] [Times: user=0.00 sys=0.00, real=0.00 secs] 
2020-10-28T09:48:06.422+0000: [GC (Allocation Failure) 2020-10-28T09:48:06.422+0000: [ParNew: 16388K->4K(18432K), 0.0024680 secs] 531066K->514682K(676444K), 0.0025217 secs] [Times: user=0.00 sys=0.00, real=0.00 secs] 
2020-10-28T09:48:06.442+0000: [GC (Allocation Failure) 2020-10-28T09:48:06.442+0000: [ParNew: 16388K->4K(18432K), 0.0024726 secs] 531066K->514682K(676444K), 0.0025421 secs] [Times: user=0.01 sys=0.00, real=0.00 secs] 
2020-10-28T09:48:06.461+0000: [GC (Allocation Failure) 2020-10-28T09:48:06.461+0000: [ParNew: 16388K->4K(18432K), 0.0024885 secs] 531066K->514682K(676444K), 0.0025407 secs] [Times: user=0.01 sys=0.00, real=0.00 secs] 
2020-10-28T09:48:06.481+0000: [GC (Allocation Failure) 2020-10-28T09:48:06.481+0000: [ParNew: 16388K->4K(18432K), 0.0025072 secs] 531066K->514682K(676444K), 0.0025582 secs] [Times: user=0.01 sys=0.00, real=0.00 secs] 
2020-10-28T09:48:06.503+0000: [GC (Allocation Failure) 2020-10-28T09:48:06.503+0000: [ParNew: 16388K->4K(18432K), 0.0027479 secs] 531066K->514682K(676444K), 0.0028084 secs] [Times: user=0.01 sys=0.00, real=0.00 secs] 
2020-10-28T09:48:06.527+0000: [GC (Allocation Failure) 2020-10-28T09:48:06.527+0000: [ParNew: 16388K->4K(18432K), 0.0024642 secs] 531066K->514682K(676444K), 0.0025170 secs] [Times: user=0.00 sys=0.00, real=0.01 secs] 
2020-10-28T09:48:06.548+0000: [GC (Allocation Failure) 2020-10-28T09:48:06.548+0000: [ParNew: 16388K->4K(18432K), 0.0024384 secs] 531066K->514682K(676444K), 0.0024917 secs] [Times: user=0.00 sys=0.00, real=0.00 secs] 
2020-10-28T09:48:06.568+0000: [GC (Allocation Failure) 2020-10-28T09:48:06.568+0000: [ParNew: 16388K->4K(18432K), 0.0026888 secs] 531066K->514682K(676444K), 0.0027589 secs] [Times: user=0.00 sys=0.00, real=0.00 secs] 
2020-10-28T09:48:06.609+0000: [CMS-concurrent-abortable-preclean: 0.339/4.367 secs] [Times: user=7.72 sys=0.38, real=4.37 secs] 
2020-10-28T09:48:06.609+0000: [GC (CMS Final Remark) [YG occupancy: 15091 K (18432 K)]2020-10-28T09:48:06.609+0000: [Rescan (parallel) , 0.0109173 secs]2020-10-28T09:48:06.620+0000: [weak refs processing, 0.0000605 secs]2020-10-28T09:48:06.620+0000: [class unloading, 0.0098021 secs]2020-10-28T09:48:06.630+0000: [scrub symbol table, 0.0091807 secs]2020-10-28T09:48:06.639+0000: [scrub string table, 0.0005592 secs][1 CMS-remark: 514678K(658012K)] 529770K(676444K), 0.0306604 secs] [Times: user=0.04 sys=0.00, real=0.03 secs] 
2020-10-28T09:48:06.642+0000: [CMS-concurrent-sweep-start]
2020-10-28T09:48:06.642+0000: [GC (Allocation Failure) 2020-10-28T09:48:06.642+0000: [ParNew: 16388K->23K(18432K), 0.0024503 secs] 531066K->514701K(676444K), 0.0024881 secs] [Times: user=0.01 sys=0.00, real=0.00 secs] 
2020-10-28T09:48:06.677+0000: [CMS-concurrent-sweep: 0.025/0.035 secs] [Times: user=0.07 sys=0.00, real=0.04 secs] 
2020-10-28T09:48:06.677+0000: [CMS-concurrent-reset-start]
2020-10-28T09:48:06.679+0000: [CMS-concurrent-reset: 0.003/0.003 secs] [Times: user=0.00 sys=0.01, real=0.00 secs] 
2020-10-28T09:48:06.682+0000: [GC (Allocation Failure) 2020-10-28T09:48:06.682+0000: [ParNew: 16407K->480K(18432K), 0.0032430 secs] 449299K->433372K(712612K), 0.0032804 secs] [Times: user=0.01 sys=0.00, real=0.00 secs] 
2020-10-28T09:48:06.706+0000: [GC (Allocation Failure) 2020-10-28T09:48:06.706+0000: [ParNew: 16864K->314K(18432K), 0.0030546 secs] 449756K->433206K(712612K), 0.0031070 secs] [Times: user=0.00 sys=0.00, real=0.01 secs] 
2020-10-28T09:48:06.709+0000: [GC (CMS Initial Mark) [1 CMS-initial-mark: 432891K(694180K)] 433206K(712612K), 0.0014486 secs] [Times: user=0.01 sys=0.00, real=0.00 secs] 
2020-10-28T09:48:06.710+0000: [CMS-concurrent-mark-start]
2020-10-28T09:48:06.736+0000: [GC (Allocation Failure) 2020-10-28T09:48:06.736+0000: [ParNew: 16698K->382K(18432K), 0.0028865 secs] 449590K->433274K(712612K), 0.0029407 secs] [Times: user=0.01 sys=0.00, real=0.00 secs] 
2020-10-28T09:48:06.764+0000: [GC (Allocation Failure) 2020-10-28T09:48:06.764+0000: [ParNew: 16766K->520K(18432K), 0.0029737 secs] 449658K->433412K(712612K), 0.0030298 secs] [Times: user=0.00 sys=0.00, real=0.00 secs] 
2020-10-28T09:48:06.790+0000: [GC (Allocation Failure) 2020-10-28T09:48:06.790+0000: [ParNew: 16904K->344K(18432K), 0.0029073 secs] 449796K->433236K(712612K), 0.0029602 secs] [Times: user=0.00 sys=0.00, real=0.00 secs] 
2020-10-28T09:48:06.803+0000: [CMS-concurrent-mark: 0.080/0.093 secs] [Times: user=0.17 sys=0.00, real=0.09 secs] 
2020-10-28T09:48:06.803+0000: [CMS-concurrent-preclean-start]
2020-10-28T09:48:06.807+0000: [CMS-concurrent-preclean: 0.003/0.003 secs] [Times: user=0.01 sys=0.00, real=0.00 secs] 
2020-10-28T09:48:06.807+0000: [CMS-concurrent-abortable-preclean-start]
2020-10-28T09:48:06.813+0000: [GC (Allocation Failure) 2020-10-28T09:48:06.813+0000: [ParNew: 16728K->514K(18432K), 0.0027011 secs] 449620K->433413K(712612K), 0.0027466 secs] [Times: user=0.01 sys=0.00, real=0.01 secs] 
2020-10-28T09:48:06.834+0000: [GC (Allocation Failure) 2020-10-28T09:48:06.834+0000: [ParNew: 16898K->168K(18432K), 0.0032001 secs] 449797K->433321K(712612K), 0.0032549 secs] [Times: user=0.01 sys=0.00, real=0.01 secs] 
2020-10-28T09:48:06.857+0000: [GC (Allocation Failure) 2020-10-28T09:48:06.857+0000: [ParNew: 16552K->47K(18432K), 0.0026881 secs] 449705K->433219K(712612K), 0.0027652 secs] [Times: user=0.00 sys=0.00, real=0.00 secs] 
2020-10-28T09:48:06.879+0000: [GC (Allocation Failure) 2020-10-28T09:48:06.879+0000: [ParNew: 16431K->13K(18432K), 0.0025798 secs] 449603K->433189K(712612K), 0.0026496 secs] [Times: user=0.01 sys=0.00, real=0.00 secs] 
2020-10-28T09:48:06.900+0000: [GC (Allocation Failure) 2020-10-28T09:48:06.900+0000: [ParNew: 16397K->4K(18432K), 0.0025165 secs] 449573K->433180K(712612K), 0.0025689 secs] [Times: user=0.00 sys=0.00, real=0.00 secs] 
2020-10-28T09:48:06.919+0000: [GC (Allocation Failure) 2020-10-28T09:48:06.920+0000: [ParNew: 16388K->4K(18432K), 0.0025129 secs] 449564K->433180K(712612K), 0.0025871 secs] [Times: user=0.00 sys=0.01, real=0.00 secs] 
2020-10-28T09:48:06.939+0000: [GC (Allocation Failure) 2020-10-28T09:48:06.939+0000: [ParNew: 16388K->4K(18432K), 0.0025465 secs] 449564K->433180K(712612K), 0.0025990 secs] [Times: user=0.01 sys=0.00, real=0.00 secs] 
2020-10-28T09:48:06.959+0000: [GC (Allocation Failure) 2020-10-28T09:48:06.959+0000: [ParNew: 16388K->4K(18432K), 0.0025639 secs] 449564K->433180K(712612K), 0.0026252 secs] [Times: user=0.01 sys=0.00, real=0.00 secs] 
2020-10-28T09:48:06.980+0000: [GC (Allocation Failure) 2020-10-28T09:48:06.980+0000: [ParNew: 16388K->4K(18432K), 0.0025614 secs] 449564K->433180K(712612K), 0.0026167 secs] [Times: user=0.00 sys=0.00, real=0.00 secs] 
2020-10-28T09:48:06.999+0000: [GC (Allocation Failure) 2020-10-28T09:48:06.999+0000: [ParNew: 16388K->4K(18432K), 0.0025729 secs] 449564K->433180K(712612K), 0.0026269 secs] [Times: user=0.00 sys=0.00, real=0.00 secs] 
2020-10-28T09:48:07.023+0000: [GC (Allocation Failure) 2020-10-28T09:48:07.023+0000: [ParNew: 16388K->4K(18432K), 0.0025677 secs] 449564K->433180K(712612K), 0.0026213 secs] [Times: user=0.00 sys=0.00, real=0.00 secs] 
2020-10-28T09:48:07.043+0000: [GC (Allocation Failure) 2020-10-28T09:48:07.043+0000: [ParNew: 16388K->4K(18432K), 0.0025783 secs] 449564K->433180K(712612K), 0.0026326 secs] [Times: user=0.01 sys=0.00, real=0.00 secs] 
2020-10-28T09:48:07.064+0000: [GC (Allocation Failure) 2020-10-28T09:48:07.064+0000: [ParNew: 16388K->4K(18432K), 0.0025174 secs] 449564K->433180K(712612K), 0.0025707 secs] [Times: user=0.01 sys=0.00, real=0.00 secs] 
2020-10-28T09:48:07.084+0000: [GC (Allocation Failure) 2020-10-28T09:48:07.084+0000: [ParNew: 16388K->4K(18432K), 0.0025696 secs] 449564K->433180K(712612K), 0.0026254 secs] [Times: user=0.00 sys=0.00, real=0.00 secs] 
2020-10-28T09:48:07.106+0000: [GC (Allocation Failure) 2020-10-28T09:48:07.106+0000: [ParNew: 16388K->4K(18432K), 0.0025680 secs] 449564K->433180K(712612K), 0.0026219 secs] [Times: user=0.00 sys=0.00, real=0.01 secs] 
2020-10-28T09:48:07.127+0000: [GC (Allocation Failure) 2020-10-28T09:48:07.127+0000: [ParNew: 16388K->4K(18432K), 0.0026094 secs] 449564K->433180K(712612K), 0.0026651 secs] [Times: user=0.00 sys=0.00, real=0.01 secs] 
2020-10-28T09:48:07.156+0000: [GC (Allocation Failure) 2020-10-28T09:48:07.156+0000: [ParNew: 16388K->4K(18432K), 0.0025416 secs] 449564K->433180K(712612K), 0.0025953 secs] [Times: user=0.01 sys=0.00, real=0.00 secs] 
2020-10-28T09:48:07.179+0000: [GC (Allocation Failure) 2020-10-28T09:48:07.179+0000: [ParNew: 16388K->4K(18432K), 0.0025377 secs] 449564K->433180K(712612K), 0.0025909 secs] [Times: user=0.01 sys=0.00, real=0.00 secs] 
2020-10-28T09:48:07.199+0000: [GC (Allocation Failure) 2020-10-28T09:48:07.199+0000: [ParNew: 16388K->4K(18432K), 0.0025556 secs] 449564K->433180K(712612K), 0.0026085 secs] [Times: user=0.01 sys=0.00, real=0.00 secs] 
2020-10-28T09:48:07.220+0000: [GC (Allocation Failure) 2020-10-28T09:48:07.220+0000: [ParNew: 16388K->4K(18432K), 0.0025525 secs] 449564K->433180K(712612K), 0.0026067 secs] [Times: user=0.00 sys=0.00, real=0.00 secs] 
2020-10-28T09:48:07.244+0000: [GC (Allocation Failure) 2020-10-28T09:48:07.244+0000: [ParNew: 16388K->4K(18432K), 0.0047070 secs] 449564K->433180K(712612K), 0.0047607 secs] [Times: user=0.01 sys=0.00, real=0.01 secs] 
2020-10-28T09:48:07.265+0000: [GC (Allocation Failure) 2020-10-28T09:48:07.265+0000: [ParNew: 16388K->4K(18432K), 0.0026265 secs] 449564K->433180K(712612K), 0.0026802 secs] [Times: user=0.00 sys=0.00, real=0.01 secs] 
2020-10-28T09:48:07.288+0000: [GC (Allocation Failure) 2020-10-28T09:48:07.288+0000: [ParNew: 16388K->4K(18432K), 0.0025152 secs] 449564K->433180K(712612K), 0.0025680 secs] [Times: user=0.01 sys=0.00, real=0.00 secs] 
2020-10-28T09:48:07.311+0000: [GC (Allocation Failure) 2020-10-28T09:48:07.312+0000: [ParNew: 16388K->4K(18432K), 0.0025356 secs] 449564K->433180K(712612K), 0.0026047 secs] [Times: user=0.00 sys=0.00, real=0.00 secs] 
2020-10-28T09:48:07.327+0000: [GC (Allocation Failure) 2020-10-28T09:48:07.327+0000: [ParNew: 16388K->4K(18432K), 0.0033940 secs] 449564K->441373K(712612K), 0.0034476 secs] [Times: user=0.01 sys=0.00, real=0.01 secs] 
2020-10-28T09:48:07.349+0000: [GC (Allocation Failure) 2020-10-28T09:48:07.349+0000: [ParNew: 16388K->4K(18432K), 0.0025300 secs] 457757K->441373K(712612K), 0.0025848 secs] [Times: user=0.00 sys=0.00, real=0.00 secs] 
2020-10-28T09:48:07.368+0000: [GC (Allocation Failure) 2020-10-28T09:48:07.369+0000: [ParNew: 16388K->4K(18432K), 0.0025393 secs] 457757K->441373K(712612K), 0.0025924 secs] [Times: user=0.01 sys=0.00, real=0.00 secs] 
2020-10-28T09:48:07.392+0000: [GC (Allocation Failure) 2020-10-28T09:48:07.392+0000: [ParNew: 16388K->4K(18432K), 0.0025842 secs] 457757K->441373K(712612K), 0.0026389 secs] [Times: user=0.01 sys=0.00, real=0.00 secs] 
2020-10-28T09:48:07.415+0000: [GC (Allocation Failure) 2020-10-28T09:48:07.415+0000: [ParNew: 16388K->4K(18432K), 0.0025486 secs] 457757K->441373K(712612K), 0.0026003 secs] [Times: user=0.01 sys=0.00, real=0.01 secs] 
2020-10-28T09:48:07.435+0000: [GC (Allocation Failure) 2020-10-28T09:48:07.435+0000: [ParNew: 16388K->4K(18432K), 0.0026239 secs] 457757K->441373K(712612K), 0.0026786 secs] [Times: user=0.01 sys=0.00, real=0.01 secs] 
2020-10-28T09:48:07.455+0000: [GC (Allocation Failure) 2020-10-28T09:48:07.455+0000: [ParNew: 16388K->4K(18432K), 0.0025572 secs] 457757K->441373K(712612K), 0.0026103 secs] [Times: user=0.00 sys=0.00, real=0.01 secs] 
2020-10-28T09:48:07.474+0000: [GC (Allocation Failure) 2020-10-28T09:48:07.474+0000: [ParNew: 16388K->4K(18432K), 0.0026209 secs] 457757K->441373K(712612K), 0.0026741 secs] [Times: user=0.00 sys=0.00, real=0.01 secs] 
2020-10-28T09:48:07.494+0000: [GC (Allocation Failure) 2020-10-28T09:48:07.494+0000: [ParNew: 16388K->4K(18432K), 0.0025761 secs] 457757K->441373K(712612K), 0.0026379 secs] [Times: user=0.00 sys=0.00, real=0.01 secs] 
2020-10-28T09:48:07.513+0000: [GC (Allocation Failure) 2020-10-28T09:48:07.513+0000: [ParNew: 16388K->4K(18432K), 0.0025226 secs] 457757K->441373K(712612K), 0.0025758 secs] [Times: user=0.01 sys=0.00, real=0.01 secs] 
2020-10-28T09:48:07.536+0000: [GC (Allocation Failure) 2020-10-28T09:48:07.536+0000: [ParNew: 16388K->4K(18432K), 0.0025302 secs] 457757K->441373K(712612K), 0.0025825 secs] [Times: user=0.00 sys=0.00, real=0.00 secs] 
2020-10-28T09:48:07.560+0000: [GC (Allocation Failure) 2020-10-28T09:48:07.560+0000: [ParNew: 16388K->4K(18432K), 0.0025164 secs] 457757K->441373K(712612K), 0.0025825 secs] [Times: user=0.00 sys=0.00, real=0.00 secs] 
2020-10-28T09:48:07.579+0000: [GC (Allocation Failure) 2020-10-28T09:48:07.579+0000: [ParNew: 16388K->4K(18432K), 0.0025563 secs] 457757K->441373K(712612K), 0.0026087 secs] [Times: user=0.01 sys=0.00, real=0.00 secs] 
2020-10-28T09:48:07.600+0000: [GC (Allocation Failure) 2020-10-28T09:48:07.600+0000: [ParNew: 16388K->4K(18432K), 0.0025251 secs] 457757K->441373K(712612K), 0.0025773 secs] [Times: user=0.01 sys=0.00, real=0.00 secs] 
2020-10-28T09:48:07.621+0000: [GC (Allocation Failure) 2020-10-28T09:48:07.621+0000: [ParNew: 16388K->4K(18432K), 0.0025447 secs] 457757K->441373K(712612K), 0.0025976 secs] [Times: user=0.00 sys=0.00, real=0.00 secs] 
2020-10-28T09:48:07.644+0000: [GC (Allocation Failure) 2020-10-28T09:48:07.644+0000: [ParNew: 16388K->4K(18432K), 0.0025317 secs] 457757K->441373K(712612K), 0.0025858 secs] [Times: user=0.01 sys=0.00, real=0.00 secs] 
2020-10-28T09:48:07.663+0000: [GC (Allocation Failure) 2020-10-28T09:48:07.664+0000: [ParNew: 16388K->4K(18432K), 0.0025119 secs] 457757K->441373K(712612K), 0.0025916 secs] [Times: user=0.00 sys=0.00, real=0.00 secs] 
2020-10-28T09:48:07.683+0000: [GC (Allocation Failure) 2020-10-28T09:48:07.683+0000: [ParNew: 16388K->4K(18432K), 0.0025443 secs] 457757K->441373K(712612K), 0.0025973 secs] [Times: user=0.01 sys=0.00, real=0.00 secs] 
2020-10-28T09:48:07.704+0000: [GC (Allocation Failure) 2020-10-28T09:48:07.704+0000: [ParNew: 16388K->4K(18432K), 0.0025243 secs] 457757K->441373K(712612K), 0.0025769 secs] [Times: user=0.01 sys=0.00, real=0.00 secs] 
2020-10-28T09:48:07.720+0000: [GC (Allocation Failure) 2020-10-28T09:48:07.720+0000: [ParNew: 16388K->4K(18432K), 0.0035777 secs] 457757K->449565K(712612K), 0.0036354 secs] [Times: user=0.01 sys=0.00, real=0.00 secs] 
2020-10-28T09:48:07.744+0000: [GC (Allocation Failure) 2020-10-28T09:48:07.744+0000: [ParNew: 16388K->4K(18432K), 0.0025843 secs] 465949K->449565K(712612K), 0.0026392 secs] [Times: user=0.00 sys=0.00, real=0.00 secs] 
2020-10-28T09:48:07.768+0000: [GC (Allocation Failure) 2020-10-28T09:48:07.768+0000: [ParNew: 16388K->4K(18432K), 0.0026246 secs] 465949K->449565K(712612K), 0.0026810 secs] [Times: user=0.00 sys=0.00, real=0.00 secs] 
2020-10-28T09:48:07.792+0000: [GC (Allocation Failure) 2020-10-28T09:48:07.792+0000: [ParNew: 16388K->4K(18432K), 0.0025666 secs] 465949K->449565K(712612K), 0.0026210 secs] [Times: user=0.00 sys=0.00, real=0.00 secs] 
2020-10-28T09:48:07.815+0000: [GC (Allocation Failure) 2020-10-28T09:48:07.815+0000: [ParNew: 16388K->4K(18432K), 0.0025699 secs] 465949K->449565K(712612K), 0.0026245 secs] [Times: user=0.01 sys=0.00, real=0.01 secs] 
2020-10-28T09:48:07.836+0000: [GC (Allocation Failure) 2020-10-28T09:48:07.836+0000: [ParNew: 16388K->4K(18432K), 0.0025571 secs] 465949K->449565K(712612K), 0.0026118 secs] [Times: user=0.00 sys=0.00, real=0.00 secs] 
2020-10-28T09:48:07.856+0000: [GC (Allocation Failure) 2020-10-28T09:48:07.856+0000: [ParNew: 16388K->4K(18432K), 0.0025856 secs] 465949K->449565K(712612K), 0.0026416 secs] [Times: user=0.01 sys=0.00, real=0.00 secs] 
2020-10-28T09:48:07.872+0000: [GC (Allocation Failure) 2020-10-28T09:48:07.872+0000: [ParNew: 11793K->4K(18432K), 0.0025613 secs] 461355K->449565K(712612K), 0.0026145 secs] [Times: user=0.01 sys=0.00, real=0.00 secs] 
2020-10-28T09:48:07.885+0000: [GC (Allocation Failure) 2020-10-28T09:48:07.885+0000: [ParNew: 16388K->4K(18432K), 0.0036898 secs] 465949K->457757K(712612K), 0.0037467 secs] [Times: user=0.01 sys=0.00, real=0.01 secs] 
2020-10-28T09:48:07.889+0000: [CMS-concurrent-abortable-preclean: 0.094/1.082 secs] [Times: user=1.94 sys=0.06, real=1.09 secs] 
2020-10-28T09:48:07.892+0000: [GC (CMS Final Remark) [YG occupancy: 329 K (18432 K)]2020-10-28T09:48:07.892+0000: [Rescan (parallel) , 0.0019671 secs]2020-10-28T09:48:07.894+0000: [weak refs processing, 0.0000301 secs]2020-10-28T09:48:07.894+0000: [class unloading, 0.0077743 secs]2020-10-28T09:48:07.901+0000: [scrub symbol table, 0.0125730 secs]2020-10-28T09:48:07.914+0000: [scrub string table, 0.0005609 secs][1 CMS-remark: 457753K(694180K)] 458082K(712612K), 0.0230346 secs] [Times: user=0.02 sys=0.00, real=0.02 secs] 
2020-10-28T09:48:07.919+0000: [CMS-concurrent-sweep-start]
2020-10-28T09:48:07.936+0000: [GC (Allocation Failure) 2020-10-28T09:48:07.936+0000: [ParNew: 16388K->4K(18432K), 0.0025207 secs] 474119K->457735K(712612K), 0.0025745 secs] [Times: user=0.01 sys=0.00, real=0.00 secs] 
2020-10-28T09:48:07.941+0000: [CMS-concurrent-sweep: 0.019/0.022 secs] [Times: user=0.04 sys=0.00, real=0.02 secs] 
2020-10-28T09:48:07.941+0000: [CMS-concurrent-reset-start]
2020-10-28T09:48:07.943+0000: [CMS-concurrent-reset: 0.002/0.002 secs] [Times: user=0.00 sys=0.00, real=0.00 secs] 
2020-10-28T09:48:07.958+0000: [GC (Allocation Failure) 2020-10-28T09:48:07.958+0000: [ParNew: 16388K->4K(18432K), 0.0026124 secs] 441277K->424893K(726584K), 0.0026601 secs] [Times: user=0.00 sys=0.00, real=0.00 secs] 
2020-10-28T09:48:07.978+0000: [GC (Allocation Failure) 2020-10-28T09:48:07.978+0000: [ParNew: 16388K->4K(18432K), 0.0026102 secs] 441277K->424893K(726584K), 0.0026568 secs] [Times: user=0.01 sys=0.00, real=0.00 secs] 
2020-10-28T09:48:07.997+0000: [GC (Allocation Failure) 2020-10-28T09:48:07.997+0000: [ParNew: 16388K->4K(18432K), 0.0026071 secs] 441277K->424893K(726584K), 0.0026621 secs] [Times: user=0.00 sys=0.00, real=0.00 secs] 
2020-10-28T09:48:08.016+0000: [GC (Allocation Failure) 2020-10-28T09:48:08.016+0000: [ParNew: 16388K->4K(18432K), 0.0026201 secs] 441277K->424893K(726584K), 0.0026744 secs] [Times: user=0.01 sys=0.00, real=0.00 secs] 
2020-10-28T09:48:08.035+0000: [GC (Allocation Failure) 2020-10-28T09:48:08.035+0000: [ParNew: 16388K->4K(18432K), 0.0025738 secs] 441277K->424893K(726584K), 0.0026280 secs] [Times: user=0.01 sys=0.00, real=0.01 secs] 
2020-10-28T09:48:08.054+0000: [GC (Allocation Failure) 2020-10-28T09:48:08.054+0000: [ParNew: 16388K->4K(18432K), 0.0025862 secs] 441277K->424893K(726584K), 0.0026395 secs] [Times: user=0.00 sys=0.00, real=0.01 secs] 
2020-10-28T09:48:08.072+0000: [GC (Allocation Failure) 2020-10-28T09:48:08.072+0000: [ParNew: 16388K->4K(18432K), 0.0025570 secs] 441277K->424893K(726584K), 0.0026096 secs] [Times: user=0.00 sys=0.00, real=0.00 secs] 
2020-10-28T09:48:08.091+0000: [GC (Allocation Failure) 2020-10-28T09:48:08.091+0000: [ParNew: 16388K->4K(18432K), 0.0026230 secs] 441277K->424893K(726584K), 0.0026807 secs] [Times: user=0.00 sys=0.01, real=0.00 secs] 
2020-10-28T09:48:08.110+0000: [GC (Allocation Failure) 2020-10-28T09:48:08.110+0000: [ParNew: 16388K->4K(18432K), 0.0026639 secs] 441277K->424893K(726584K), 0.0027172 secs] [Times: user=0.00 sys=0.00, real=0.00 secs] 
2020-10-28T09:48:08.132+0000: [GC (Allocation Failure) 2020-10-28T09:48:08.132+0000: [ParNew: 16388K->4K(18432K), 0.0025768 secs] 441277K->424893K(726584K), 0.0026307 secs] [Times: user=0.00 sys=0.00, real=0.00 secs] 
2020-10-28T09:48:08.152+0000: [GC (Allocation Failure) 2020-10-28T09:48:08.152+0000: [ParNew: 16388K->4K(18432K), 0.0025667 secs] 441277K->424893K(726584K), 0.0026196 secs] [Times: user=0.01 sys=0.00, real=0.00 secs] 
2020-10-28T09:48:08.170+0000: [GC (Allocation Failure) 2020-10-28T09:48:08.170+0000: [ParNew: 16388K->4K(18432K), 0.0026001 secs] 441277K->424893K(726584K), 0.0026550 secs] [Times: user=0.01 sys=0.00, real=0.00 secs] 
2020-10-28T09:48:08.192+0000: [GC (Allocation Failure) 2020-10-28T09:48:08.192+0000: [ParNew: 16388K->4K(18432K), 0.0025591 secs] 441277K->424893K(726584K), 0.0026206 secs] [Times: user=0.00 sys=0.00, real=0.00 secs] 
2020-10-28T09:48:08.212+0000: [GC (Allocation Failure) 2020-10-28T09:48:08.212+0000: [ParNew: 16388K->4K(18432K), 0.0025678 secs] 441277K->424893K(726584K), 0.0026209 secs] [Times: user=0.00 sys=0.00, real=0.00 secs] 
2020-10-28T09:48:08.232+0000: [GC (Allocation Failure) 2020-10-28T09:48:08.232+0000: [ParNew: 16388K->4K(18432K), 0.0026023 secs] 441277K->424893K(726584K), 0.0026565 secs] [Times: user=0.01 sys=0.00, real=0.00 secs] 
2020-10-28T09:48:08.250+0000: [GC (Allocation Failure) 2020-10-28T09:48:08.251+0000: [ParNew: 16388K->4K(18432K), 0.0025937 secs] 441277K->424893K(726584K), 0.0026514 secs] [Times: user=0.00 sys=0.00, real=0.00 secs] 
2020-10-28T09:48:08.272+0000: [GC (Allocation Failure) 2020-10-28T09:48:08.272+0000: [ParNew: 16388K->4K(18432K), 0.0025735 secs] 441277K->424893K(726584K), 0.0026269 secs] [Times: user=0.00 sys=0.00, real=0.00 secs] 
2020-10-28T09:48:08.288+0000: [GC (Allocation Failure) 2020-10-28T09:48:08.288+0000: [ParNew: 16386K->4K(18432K), 0.0035547 secs] 441276K->433085K(726584K), 0.0036118 secs] [Times: user=0.00 sys=0.00, real=0.00 secs] 
2020-10-28T09:48:08.291+0000: [GC (CMS Initial Mark) [1 CMS-initial-mark: 433081K(708152K)] 433298K(726584K), 0.0013749 secs] [Times: user=0.01 sys=0.00, real=0.00 secs] 
2020-10-28T09:48:08.293+0000: [CMS-concurrent-mark-start]
2020-10-28T09:48:08.314+0000: [GC (Allocation Failure) 2020-10-28T09:48:08.314+0000: [ParNew: 16388K->4K(18432K), 0.0025570 secs] 449469K->433085K(726584K), 0.0026268 secs] [Times: user=0.00 sys=0.00, real=0.01 secs] 
2020-10-28T09:48:08.339+0000: [GC (Allocation Failure) 2020-10-28T09:48:08.339+0000: [ParNew: 16388K->4K(18432K), 0.0025883 secs] 449469K->433085K(726584K), 0.0026428 secs] [Times: user=0.00 sys=0.00, real=0.00 secs] 
2020-10-28T09:48:08.364+0000: [GC (Allocation Failure) 2020-10-28T09:48:08.364+0000: [ParNew: 16388K->4K(18432K), 0.0026040 secs] 449469K->433085K(726584K), 0.0026580 secs] [Times: user=0.01 sys=0.00, real=0.00 secs] 
2020-10-28T09:48:08.392+0000: [CMS-concurrent-mark: 0.081/0.099 secs] [Times: user=0.18 sys=0.00, real=0.10 secs] 
2020-10-28T09:48:08.392+0000: [CMS-concurrent-preclean-start]
2020-10-28T09:48:08.394+0000: [CMS-concurrent-preclean: 0.002/0.002 secs] [Times: user=0.00 sys=0.00, real=0.00 secs] 
2020-10-28T09:48:08.394+0000: [CMS-concurrent-abortable-preclean-start]
2020-10-28T09:48:08.395+0000: [GC (Allocation Failure) 2020-10-28T09:48:08.395+0000: [ParNew: 16388K->4K(18432K), 0.0022326 secs] 449469K->433085K(726584K), 0.0022717 secs] [Times: user=0.00 sys=0.01, real=0.01 secs] 
2020-10-28T09:48:08.416+0000: [GC (Allocation Failure) 2020-10-28T09:48:08.416+0000: [ParNew: 16388K->4K(18432K), 0.0025802 secs] 449469K->433085K(726584K), 0.0026343 secs] [Times: user=0.00 sys=0.00, real=0.00 secs] 
2020-10-28T09:48:08.436+0000: [GC (Allocation Failure) 2020-10-28T09:48:08.436+0000: [ParNew: 16388K->4K(18432K), 0.0025995 secs] 449469K->433085K(726584K), 0.0026546 secs] [Times: user=0.00 sys=0.00, real=0.00 secs] 
2020-10-28T09:48:08.456+0000: [GC (Allocation Failure) 2020-10-28T09:48:08.456+0000: [ParNew: 16388K->4K(18432K), 0.0026009 secs] 449469K->433085K(726584K), 0.0026562 secs] [Times: user=0.01 sys=0.00, real=0.00 secs] 
2020-10-28T09:48:08.476+0000: [GC (Allocation Failure) 2020-10-28T09:48:08.476+0000: [ParNew: 16388K->4K(18432K), 0.0026747 secs] 449469K->433085K(726584K), 0.0027286 secs] [Times: user=0.01 sys=0.00, real=0.00 secs] 
2020-10-28T09:48:08.497+0000: [GC (Allocation Failure) 2020-10-28T09:48:08.497+0000: [ParNew: 15303K->4K(18432K), 0.0026103 secs] 448384K->433085K(726584K), 0.0026655 secs] [Times: user=0.01 sys=0.00, real=0.00 secs] 
2020-10-28T09:48:08.509+0000: [GC (Allocation Failure) 2020-10-28T09:48:08.509+0000: [ParNew: 16388K->4K(18432K), 0.0035902 secs] 449469K->441277K(726584K), 0.0036460 secs] [Times: user=0.00 sys=0.00, real=0.00 secs] 
2020-10-28T09:48:08.513+0000: [CMS-concurrent-abortable-preclean: 0.013/0.119 secs] [Times: user=0.21 sys=0.01, real=0.12 secs] 
2020-10-28T09:48:08.516+0000: [GC (CMS Final Remark) [YG occupancy: 2075 K (18432 K)]2020-10-28T09:48:08.516+0000: [Rescan (parallel) , 0.0031365 secs]2020-10-28T09:48:08.519+0000: [weak refs processing, 0.0000281 secs]2020-10-28T09:48:08.519+0000: [class unloading, 0.0077396 secs]2020-10-28T09:48:08.527+0000: [scrub symbol table, 0.0093559 secs]2020-10-28T09:48:08.536+0000: [scrub string table, 0.0005620 secs][1 CMS-remark: 441273K(708152K)] 443348K(726584K), 0.0209534 secs] [Times: user=0.02 sys=0.00, real=0.02 secs] 
2020-10-28T09:48:08.543+0000: [CMS-concurrent-sweep-start]
2020-10-28T09:48:08.555+0000: [CMS-concurrent-sweep: 0.012/0.012 secs] [Times: user=0.01 sys=0.01, real=0.01 secs] 
2020-10-28T09:48:08.556+0000: [GC (Allocation Failure) 2020-10-28T09:48:08.556+0000: [ParNew: 16388K->4K(18432K), 0.0025655 secs] 457660K->441276K(726584K), 0.0026092 secs] [Times: user=0.00 sys=0.00, real=0.00 secs] 
2020-10-28T09:48:08.559+0000: [CMS-concurrent-reset-start]
2020-10-28T09:48:08.561+0000: [CMS-concurrent-reset: 0.002/0.002 secs] [Times: user=0.00 sys=0.00, real=0.00 secs] 
2020-10-28T09:48:08.579+0000: [GC (Allocation Failure) 2020-10-28T09:48:08.579+0000: [ParNew: 16388K->4K(18432K), 0.0027354 secs] 457660K->441276K(753888K), 0.0027914 secs] [Times: user=0.00 sys=0.00, real=0.00 secs] 
2020-10-28T09:48:08.599+0000: [GC (Allocation Failure) 2020-10-28T09:48:08.599+0000: [ParNew: 16388K->4K(18432K), 0.0027332 secs] 457660K->441276K(753888K), 0.0027901 secs] [Times: user=0.01 sys=0.00, real=0.00 secs] 
2020-10-28T09:48:08.618+0000: [GC (Allocation Failure) 2020-10-28T09:48:08.618+0000: [ParNew: 16388K->4K(18432K), 0.0033506 secs] 457660K->441276K(753888K), 0.0034044 secs] [Times: user=0.00 sys=0.00, real=0.00 secs] 
2020-10-28T09:48:08.638+0000: [GC (Allocation Failure) 2020-10-28T09:48:08.638+0000: [ParNew: 16388K->4K(18432K), 0.0072122 secs] 457660K->441276K(753888K), 0.0072787 secs] [Times: user=0.00 sys=0.00, real=0.00 secs] 
2020-10-28T09:48:08.667+0000: [GC (Allocation Failure) 2020-10-28T09:48:08.667+0000: [ParNew: 16388K->4K(18432K), 0.0026603 secs] 457660K->441276K(753888K), 0.0027164 secs] [Times: user=0.01 sys=0.00, real=0.01 secs] 
2020-10-28T09:48:08.686+0000: [GC (Allocation Failure) 2020-10-28T09:48:08.686+0000: [ParNew: 16388K->4K(18432K), 0.0026868 secs] 457660K->441276K(753888K), 0.0027419 secs] [Times: user=0.00 sys=0.00, real=0.01 secs] 
2020-10-28T09:48:08.705+0000: [GC (Allocation Failure) 2020-10-28T09:48:08.705+0000: [ParNew: 16388K->4K(18432K), 0.0026694 secs] 457660K->441276K(753888K), 0.0027235 secs] [Times: user=0.01 sys=0.00, real=0.01 secs] 
2020-10-28T09:48:08.728+0000: [GC (Allocation Failure) 2020-10-28T09:48:08.728+0000: [ParNew: 16388K->4K(18432K), 0.0026962 secs] 457660K->441276K(753888K), 0.0027516 secs] [Times: user=0.00 sys=0.00, real=0.00 secs] 
2020-10-28T09:48:08.748+0000: [GC (Allocation Failure) 2020-10-28T09:48:08.748+0000: [ParNew: 16388K->4K(18432K), 0.0026634 secs] 457660K->441276K(753888K), 0.0027183 secs] [Times: user=0.00 sys=0.00, real=0.00 secs] 
2020-10-28T09:48:08.768+0000: [GC (Allocation Failure) 2020-10-28T09:48:08.768+0000: [ParNew: 16388K->4K(18432K), 0.0026488 secs] 457660K->441276K(753888K), 0.0027035 secs] [Times: user=0.01 sys=0.00, real=0.00 secs] 
2020-10-28T09:48:08.787+0000: [GC (Allocation Failure) 2020-10-28T09:48:08.787+0000: [ParNew: 16388K->4K(18432K), 0.0026512 secs] 457660K->441276K(753888K), 0.0027053 secs] [Times: user=0.01 sys=0.00, real=0.01 secs] 
2020-10-28T09:48:08.806+0000: [GC (Allocation Failure) 2020-10-28T09:48:08.806+0000: [ParNew: 16388K->4K(18432K), 0.0026710 secs] 457660K->441276K(753888K), 0.0027236 secs] [Times: user=0.00 sys=0.00, real=0.01 secs] 
2020-10-28T09:48:08.825+0000: [GC (Allocation Failure) 2020-10-28T09:48:08.825+0000: [ParNew: 16388K->4K(18432K), 0.0027213 secs] 457660K->441276K(753888K), 0.0027743 secs] [Times: user=0.00 sys=0.00, real=0.01 secs] 
2020-10-28T09:48:08.844+0000: [GC (Allocation Failure) 2020-10-28T09:48:08.844+0000: [ParNew: 16388K->4K(18432K), 0.0026623 secs] 457660K->441276K(753888K), 0.0027171 secs] [Times: user=0.00 sys=0.00, real=0.00 secs] 
2020-10-28T09:48:08.857+0000: [GC (Allocation Failure) 2020-10-28T09:48:08.857+0000: [ParNew: 16388K->4K(18432K), 0.0036647 secs] 457660K->449468K(753888K), 0.0037194 secs] [Times: user=0.01 sys=0.00, real=0.00 secs] 
2020-10-28T09:48:08.867+0000: [GC (CMS Initial Mark) [1 CMS-initial-mark: 449464K(735456K)] 451929K(753888K), 0.0026515 secs] [Times: user=0.01 sys=0.00, real=0.01 secs] 
2020-10-28T09:48:08.870+0000: [CMS-concurrent-mark-start]
2020-10-28T09:48:08.890+0000: [GC (Allocation Failure) 2020-10-28T09:48:08.890+0000: [ParNew: 16388K->4K(18432K), 0.0026333 secs] 465852K->449468K(753888K), 0.0026869 secs] [Times: user=0.00 sys=0.00, real=0.00 secs] 
2020-10-28T09:48:08.912+0000: [GC (Allocation Failure) 2020-10-28T09:48:08.912+0000: [ParNew: 16388K->4K(18432K), 0.0026270 secs] 465852K->449468K(753888K), 0.0026792 secs] [Times: user=0.01 sys=0.00, real=0.00 secs] 
2020-10-28T09:48:08.939+0000: [GC (Allocation Failure) 2020-10-28T09:48:08.939+0000: [ParNew: 16388K->4K(18432K), 0.0026131 secs] 465852K->449468K(753888K), 0.0026679 secs] [Times: user=0.00 sys=0.00, real=0.00 secs] 
2020-10-28T09:48:08.964+0000: [GC (Allocation Failure) 2020-10-28T09:48:08.964+0000: [ParNew: 16388K->4K(18432K), 0.0026034 secs] 465852K->449468K(753888K), 0.0026580 secs] [Times: user=0.01 sys=0.00, real=0.00 secs] 
2020-10-28T09:48:08.969+0000: [CMS-concurrent-mark: 0.075/0.100 secs] [Times: user=0.19 sys=0.00, real=0.10 secs] 
2020-10-28T09:48:08.969+0000: [CMS-concurrent-preclean-start]
2020-10-28T09:48:08.972+0000: [CMS-concurrent-preclean: 0.003/0.003 secs] [Times: user=0.01 sys=0.00, real=0.00 secs] 
2020-10-28T09:48:08.972+0000: [CMS-concurrent-abortable-preclean-start]
2020-10-28T09:48:08.986+0000: [GC (Allocation Failure) 2020-10-28T09:48:08.986+0000: [ParNew: 16388K->4K(18432K), 0.0025989 secs] 465852K->449468K(753888K), 0.0026491 secs] [Times: user=0.00 sys=0.00, real=0.01 secs] 
2020-10-28T09:48:08.989+0000: [CMS-concurrent-abortable-preclean: 0.010/0.017 secs] [Times: user=0.03 sys=0.00, real=0.02 secs] 
2020-10-28T09:48:08.992+0000: [GC (CMS Final Remark) [YG occupancy: 331 K (18432 K)]2020-10-28T09:48:08.992+0000: [Rescan (parallel) , 0.0016474 secs]2020-10-28T09:48:08.993+0000: [weak refs processing, 0.0000298 secs]2020-10-28T09:48:08.993+0000: [class unloading, 0.0075078 secs]2020-10-28T09:48:09.001+0000: [scrub symbol table, 0.0090082 secs]2020-10-28T09:48:09.010+0000: [scrub string table, 0.0005531 secs][1 CMS-remark: 449464K(735456K)] 449796K(753888K), 0.0188548 secs] [Times: user=0.02 sys=0.00, real=0.02 secs] 
2020-10-28T09:48:09.014+0000: [CMS-concurrent-sweep-start]
2020-10-28T09:48:09.031+0000: [GC (Allocation Failure) 2020-10-28T09:48:09.031+0000: [ParNew: 16388K->4K(18432K), 0.0026986 secs] 465852K->449469K(753888K), 0.0027613 secs] [Times: user=0.00 sys=0.00, real=0.00 secs] 
2020-10-28T09:48:09.036+0000: [CMS-concurrent-sweep: 0.019/0.022 secs] [Times: user=0.04 sys=0.00, real=0.03 secs] 
2020-10-28T09:48:09.037+0000: [CMS-concurrent-reset-start]
2020-10-28T09:48:09.038+0000: [CMS-concurrent-reset: 0.002/0.002 secs] [Times: user=0.01 sys=0.00, real=0.00 secs] 
2020-10-28T09:48:09.053+0000: [GC (Allocation Failure) 2020-10-28T09:48:09.053+0000: [ParNew: 16388K->4K(18432K), 0.0026885 secs] 465853K->449469K(767544K), 0.0027494 secs] [Times: user=0.00 sys=0.00, real=0.00 secs] 
2020-10-28T09:48:09.075+0000: [GC (Allocation Failure) 2020-10-28T09:48:09.075+0000: [ParNew: 16388K->4K(18432K), 0.0027361 secs] 465853K->449469K(767544K), 0.0027885 secs] [Times: user=0.01 sys=0.00, real=0.01 secs] 
2020-10-28T09:48:09.095+0000: [GC (Allocation Failure) 2020-10-28T09:48:09.095+0000: [ParNew: 16388K->4K(18432K), 0.0026858 secs] 465853K->449469K(767544K), 0.0027573 secs] [Times: user=0.01 sys=0.00, real=0.01 secs] 
2020-10-28T09:48:09.112+0000: [GC (Allocation Failure) 2020-10-28T09:48:09.112+0000: [ParNew: 13886K->4K(18432K), 0.0030328 secs] 463351K->449469K(767544K), 0.0030848 secs] [Times: user=0.01 sys=0.00, real=0.00 secs] 
2020-10-28T09:48:09.125+0000: [GC (Allocation Failure) 2020-10-28T09:48:09.125+0000: [ParNew: 16388K->4K(18432K), 0.0037317 secs] 465853K->457661K(767544K), 0.0037803 secs] [Times: user=0.01 sys=0.00, real=0.01 secs] 
2020-10-28T09:48:09.144+0000: [GC (Allocation Failure) 2020-10-28T09:48:09.144+0000: [ParNew: 16388K->4K(18432K), 0.0026512 secs] 474045K->457661K(767544K), 0.0027044 secs] [Times: user=0.00 sys=0.00, real=0.00 secs] 
2020-10-28T09:48:09.163+0000: [GC (Allocation Failure) 2020-10-28T09:48:09.163+0000: [ParNew: 16388K->4K(18432K), 0.0026730 secs] 474045K->457661K(767544K), 0.0027242 secs] [Times: user=0.01 sys=0.00, real=0.00 secs] 
2020-10-28T09:48:09.182+0000: [GC (Allocation Failure) 2020-10-28T09:48:09.182+0000: [ParNew: 16388K->4K(18432K), 0.0027121 secs] 474045K->457661K(767544K), 0.0027646 secs] [Times: user=0.01 sys=0.00, real=0.00 secs] 
2020-10-28T09:48:09.204+0000: [GC (Allocation Failure) 2020-10-28T09:48:09.204+0000: [ParNew: 16388K->4K(18432K), 0.0026685 secs] 474045K->457661K(767544K), 0.0027205 secs] [Times: user=0.00 sys=0.00, real=0.00 secs] 
2020-10-28T09:48:09.222+0000: [GC (Allocation Failure) 2020-10-28T09:48:09.222+0000: [ParNew: 16388K->4K(18432K), 0.0026738 secs] 474045K->457661K(767544K), 0.0027256 secs] [Times: user=0.00 sys=0.00, real=0.00 secs] 
2020-10-28T09:48:09.241+0000: [GC (Allocation Failure) 2020-10-28T09:48:09.241+0000: [ParNew: 16388K->4K(18432K), 0.0026748 secs] 474045K->457661K(767544K), 0.0027283 secs] [Times: user=0.01 sys=0.00, real=0.00 secs] 
2020-10-28T09:48:09.264+0000: [GC (Allocation Failure) 2020-10-28T09:48:09.264+0000: [ParNew: 16388K->4K(18432K), 0.0026454 secs] 474045K->457661K(767544K), 0.0026963 secs] [Times: user=0.01 sys=0.00, real=0.00 secs] 
2020-10-28T09:48:09.283+0000: [GC (Allocation Failure) 2020-10-28T09:48:09.283+0000: [ParNew: 16388K->4K(18432K), 0.0026582 secs] 474045K->457661K(767544K), 0.0027268 secs] [Times: user=0.00 sys=0.00, real=0.00 secs] 
2020-10-28T09:48:09.301+0000: [GC (Allocation Failure) 2020-10-28T09:48:09.301+0000: [ParNew: 16388K->4K(18432K), 0.0027145 secs] 474045K->457661K(767544K), 0.0027735 secs] [Times: user=0.01 sys=0.00, real=0.00 secs] 
2020-10-28T09:48:09.320+0000: [GC (Allocation Failure) 2020-10-28T09:48:09.320+0000: [ParNew: 16388K->4K(18432K), 0.0026171 secs] 474045K->457661K(767544K), 0.0026681 secs] [Times: user=0.01 sys=0.00, real=0.00 secs] 
2020-10-28T09:48:09.339+0000: [GC (Allocation Failure) 2020-10-28T09:48:09.339+0000: [ParNew: 16388K->4K(18432K), 0.0026317 secs] 474045K->457661K(767544K), 0.0026809 secs] [Times: user=0.00 sys=0.00, real=0.00 secs] 
2020-10-28T09:48:09.360+0000: [GC (Allocation Failure) 2020-10-28T09:48:09.360+0000: [ParNew: 16388K->4K(18432K), 0.0026196 secs] 474045K->457661K(767544K), 0.0026692 secs] [Times: user=0.01 sys=0.00, real=0.00 secs] 
2020-10-28T09:48:09.379+0000: [GC (Allocation Failure) 2020-10-28T09:48:09.379+0000: [ParNew: 16388K->4K(18432K), 0.0027326 secs] 474045K->457661K(767544K), 0.0027849 secs] [Times: user=0.01 sys=0.00, real=0.00 secs] 
2020-10-28T09:48:09.398+0000: [GC (Allocation Failure) 2020-10-28T09:48:09.398+0000: [ParNew: 16388K->4K(18432K), 0.0026916 secs] 474045K->457661K(767544K), 0.0027429 secs] [Times: user=0.00 sys=0.00, real=0.00 secs] 
2020-10-28T09:48:09.417+0000: [GC (Allocation Failure) 2020-10-28T09:48:09.417+0000: [ParNew: 16388K->4K(18432K), 0.0026544 secs] 474045K->457661K(767544K), 0.0027057 secs] [Times: user=0.01 sys=0.00, real=0.00 secs] 
2020-10-28T09:48:09.436+0000: [GC (Allocation Failure) 2020-10-28T09:48:09.436+0000: [ParNew: 16388K->4K(18432K), 0.0026497 secs] 474045K->457661K(767544K), 0.0027013 secs] [Times: user=0.01 sys=0.00, real=0.00 secs] 
2020-10-28T09:48:09.453+0000: [GC (Allocation Failure) 2020-10-28T09:48:09.453+0000: [ParNew: 16388K->4K(18432K), 0.0036507 secs] 474045K->465853K(767544K), 0.0037067 secs] [Times: user=0.01 sys=0.00, real=0.01 secs] 
2020-10-28T09:48:09.482+0000: [GC (Allocation Failure) 2020-10-28T09:48:09.482+0000: [ParNew: 16388K->4K(18432K), 0.0027484 secs] 482237K->465853K(767544K), 0.0028233 secs] [Times: user=0.01 sys=0.00, real=0.00 secs] 
2020-10-28T09:48:09.506+0000: [GC (Allocation Failure) 2020-10-28T09:48:09.506+0000: [ParNew: 16388K->4K(18432K), 0.0027404 secs] 482237K->465853K(767544K), 0.0028053 secs] [Times: user=0.00 sys=0.00, real=0.01 secs] 
2020-10-28T09:48:09.540+0000: [GC (Allocation Failure) 2020-10-28T09:48:09.540+0000: [ParNew: 16388K->4K(18432K), 0.0027237 secs] 482237K->465853K(767544K), 0.0027768 secs] [Times: user=0.00 sys=0.00, real=0.00 secs] 
2020-10-28T09:48:09.560+0000: [GC (Allocation Failure) 2020-10-28T09:48:09.560+0000: [ParNew: 16388K->4K(18432K), 0.0026659 secs] 482237K->465853K(767544K), 0.0027183 secs] [Times: user=0.01 sys=0.00, real=0.00 secs] 
2020-10-28T09:48:09.579+0000: [GC (Allocation Failure) 2020-10-28T09:48:09.579+0000: [ParNew: 16388K->4K(18432K), 0.0026997 secs] 482237K->465853K(767544K), 0.0027625 secs] [Times: user=0.01 sys=0.00, real=0.00 secs] 
2020-10-28T09:48:09.603+0000: [GC (Allocation Failure) 2020-10-28T09:48:09.603+0000: [ParNew: 16388K->4K(18432K), 0.0027408 secs] 482237K->465853K(767544K), 0.0027959 secs] [Times: user=0.01 sys=0.00, real=0.00 secs] 
2020-10-28T09:48:09.623+0000: [GC (Allocation Failure) 2020-10-28T09:48:09.623+0000: [ParNew: 16388K->4K(18432K), 0.0027137 secs] 482237K->465853K(767544K), 0.0027680 secs] [Times: user=0.00 sys=0.00, real=0.00 secs] 
2020-10-28T09:48:09.644+0000: [GC (Allocation Failure) 2020-10-28T09:48:09.644+0000: [ParNew: 16388K->4K(18432K), 0.0026902 secs] 482237K->465853K(767544K), 0.0027350 secs] [Times: user=0.01 sys=0.00, real=0.00 secs] 
2020-10-28T09:48:09.660+0000: [GC (Allocation Failure) 2020-10-28T09:48:09.660+0000: [ParNew: 11632K->4K(18432K), 0.0027148 secs] 477481K->465853K(767544K), 0.0027681 secs] [Times: user=0.01 sys=0.00, real=0.00 secs] 
2020-10-28T09:48:09.675+0000: [GC (Allocation Failure) 2020-10-28T09:48:09.675+0000: [ParNew: 16388K->4K(18432K), 0.0038495 secs] 482237K->474045K(767544K), 0.0039030 secs] [Times: user=0.01 sys=0.00, real=0.01 secs] 
2020-10-28T09:48:09.699+0000: [GC (Allocation Failure) 2020-10-28T09:48:09.699+0000: [ParNew: 16388K->4K(18432K), 0.0026896 secs] 490429K->474045K(767544K), 0.0027399 secs] [Times: user=0.01 sys=0.00, real=0.00 secs] 
2020-10-28T09:48:09.720+0000: [GC (Allocation Failure) 2020-10-28T09:48:09.720+0000: [ParNew: 16388K->4K(18432K), 0.0026455 secs] 490429K->474045K(767544K), 0.0026980 secs] [Times: user=0.00 sys=0.00, real=0.00 secs] 
2020-10-28T09:48:09.739+0000: [GC (Allocation Failure) 2020-10-28T09:48:09.739+0000: [ParNew: 16388K->4K(18432K), 0.0026885 secs] 490429K->474045K(767544K), 0.0027427 secs] [Times: user=0.00 sys=0.00, real=0.00 secs] 
2020-10-28T09:48:09.760+0000: [GC (Allocation Failure) 2020-10-28T09:48:09.760+0000: [ParNew: 16388K->4K(18432K), 0.0026673 secs] 490429K->474045K(767544K), 0.0027193 secs] [Times: user=0.00 sys=0.00, real=0.00 secs] 
2020-10-28T09:48:09.778+0000: [GC (Allocation Failure) 2020-10-28T09:48:09.778+0000: [ParNew: 16388K->4K(18432K), 0.0027185 secs] 490429K->474045K(767544K), 0.0027701 secs] [Times: user=0.00 sys=0.00, real=0.00 secs] 
2020-10-28T09:48:09.800+0000: [GC (Allocation Failure) 2020-10-28T09:48:09.800+0000: [ParNew: 16388K->4K(18432K), 0.0026488 secs] 490429K->474045K(767544K), 0.0027009 secs] [Times: user=0.01 sys=0.00, real=0.00 secs] 
2020-10-28T09:48:09.819+0000: [GC (Allocation Failure) 2020-10-28T09:48:09.819+0000: [ParNew: 16388K->4K(18432K), 0.0026541 secs] 490429K->474045K(767544K), 0.0027043 secs] [Times: user=0.00 sys=0.00, real=0.00 secs] 
2020-10-28T09:48:09.840+0000: [GC (Allocation Failure) 2020-10-28T09:48:09.840+0000: [ParNew: 16388K->4K(18432K), 0.0026613 secs] 490429K->474045K(767544K), 0.0027131 secs] [Times: user=0.01 sys=0.00, real=0.00 secs] 
2020-10-28T09:48:09.860+0000: [GC (Allocation Failure) 2020-10-28T09:48:09.860+0000: [ParNew: 16388K->4K(18432K), 0.0026387 secs] 490429K->474045K(767544K), 0.0026932 secs] [Times: user=0.00 sys=0.00, real=0.00 secs] 
2020-10-28T09:48:09.879+0000: [GC (Allocation Failure) 2020-10-28T09:48:09.879+0000: [ParNew: 16388K->4K(18432K), 0.0027843 secs] 490429K->474045K(767544K), 0.0028371 secs] [Times: user=0.01 sys=0.00, real=0.00 secs] 
2020-10-28T09:48:09.900+0000: [GC (Allocation Failure) 2020-10-28T09:48:09.900+0000: [ParNew: 16388K->4K(18432K), 0.0026702 secs] 490429K->474045K(767544K), 0.0027239 secs] [Times: user=0.00 sys=0.00, real=0.00 secs] 
2020-10-28T09:48:09.919+0000: [GC (Allocation Failure) 2020-10-28T09:48:09.919+0000: [ParNew: 16388K->4K(18432K), 0.0026594 secs] 490429K->474045K(767544K), 0.0027115 secs] [Times: user=0.00 sys=0.00, real=0.00 secs] 
2020-10-28T09:48:09.940+0000: [GC (Allocation Failure) 2020-10-28T09:48:09.940+0000: [ParNew: 16388K->4K(18432K), 0.0026632 secs] 490429K->474045K(767544K), 0.0027179 secs] [Times: user=0.00 sys=0.00, real=0.00 secs] 
2020-10-28T09:48:09.959+0000: [GC (Allocation Failure) 2020-10-28T09:48:09.959+0000: [ParNew: 16388K->4K(18432K), 0.0026578 secs] 490429K->474045K(767544K), 0.0027267 secs] [Times: user=0.01 sys=0.00, real=0.00 secs] 
2020-10-28T09:48:09.978+0000: [GC (Allocation Failure) 2020-10-28T09:48:09.978+0000: [ParNew: 16388K->4K(18432K), 0.0027147 secs] 490429K->474045K(767544K), 0.0027701 secs] [Times: user=0.00 sys=0.00, real=0.00 secs] 
2020-10-28T09:48:10.000+0000: [GC (Allocation Failure) 2020-10-28T09:48:10.000+0000: [ParNew: 16388K->4K(18432K), 0.0026924 secs] 490429K->474045K(767544K), 0.0027455 secs] [Times: user=0.01 sys=0.00, real=0.00 secs] 
2020-10-28T09:48:10.020+0000: [GC (Allocation Failure) 2020-10-28T09:48:10.020+0000: [ParNew: 16388K->4K(18432K), 0.0026703 secs] 490429K->474045K(767544K), 0.0027238 secs] [Times: user=0.00 sys=0.00, real=0.00 secs] 
2020-10-28T09:48:10.035+0000: [GC (Allocation Failure) 2020-10-28T09:48:10.036+0000: [ParNew: 16388K->4K(18432K), 0.0036958 secs] 490429K->482237K(767544K), 0.0037672 secs] [Times: user=0.00 sys=0.00, real=0.01 secs] 
2020-10-28T09:48:10.056+0000: [GC (Allocation Failure) 2020-10-28T09:48:10.056+0000: [ParNew: 16388K->4K(18432K), 0.0027165 secs] 498621K->482237K(767544K), 0.0027713 secs] [Times: user=0.01 sys=0.00, real=0.00 secs] 
2020-10-28T09:48:10.076+0000: [GC (Allocation Failure) 2020-10-28T09:48:10.076+0000: [ParNew: 16388K->4K(18432K), 0.0026942 secs] 498621K->482237K(767544K), 0.0027475 secs] [Times: user=0.00 sys=0.00, real=0.00 secs] 
2020-10-28T09:48:10.095+0000: [GC (Allocation Failure) 2020-10-28T09:48:10.095+0000: [ParNew: 16388K->4K(18432K), 0.0027103 secs] 498621K->482237K(767544K), 0.0027646 secs] [Times: user=0.01 sys=0.00, real=0.01 secs] 
2020-10-28T09:48:10.114+0000: [GC (Allocation Failure) 2020-10-28T09:48:10.114+0000: [ParNew: 16388K->4K(18432K), 0.0032983 secs] 498621K->482237K(767544K), 0.0033799 secs] [Times: user=0.00 sys=0.00, real=0.01 secs] 
2020-10-28T09:48:10.134+0000: [GC (Allocation Failure) 2020-10-28T09:48:10.134+0000: [ParNew: 16388K->4K(18432K), 0.0026785 secs] 498621K->482237K(767544K), 0.0027323 secs] [Times: user=0.00 sys=0.00, real=0.01 secs] 
2020-10-28T09:48:10.153+0000: [GC (Allocation Failure) 2020-10-28T09:48:10.153+0000: [ParNew: 16388K->4K(18432K), 0.0027131 secs] 498621K->482237K(767544K), 0.0027670 secs] [Times: user=0.01 sys=0.00, real=0.01 secs] 
2020-10-28T09:48:10.172+0000: [GC (Allocation Failure) 2020-10-28T09:48:10.172+0000: [ParNew: 16388K->4K(18432K), 0.0026775 secs] 498621K->482237K(767544K), 0.0027304 secs] [Times: user=0.01 sys=0.00, real=0.00 secs] 
2020-10-28T09:48:10.191+0000: [GC (Allocation Failure) 2020-10-28T09:48:10.191+0000: [ParNew: 16388K->4K(18432K), 0.0026804 secs] 498621K->482237K(767544K), 0.0027337 secs] [Times: user=0.00 sys=0.00, real=0.00 secs] 
2020-10-28T09:48:10.204+0000: [GC (Allocation Failure) 2020-10-28T09:48:10.204+0000: [ParNew: 16388K->4K(18432K), 0.0036969 secs] 498621K->490429K(767544K), 0.0037553 secs] [Times: user=0.01 sys=0.00, real=0.00 secs] 
2020-10-28T09:48:10.224+0000: [GC (Allocation Failure) 2020-10-28T09:48:10.224+0000: [ParNew: 16388K->4K(18432K), 0.0027001 secs] 506813K->490429K(767544K), 0.0027542 secs] [Times: user=0.01 sys=0.00, real=0.00 secs] 
2020-10-28T09:48:10.243+0000: [GC (Allocation Failure) 2020-10-28T09:48:10.243+0000: [ParNew: 16388K->4K(18432K), 0.0026877 secs] 506813K->490429K(767544K), 0.0027414 secs] [Times: user=0.00 sys=0.00, real=0.00 secs] 
2020-10-28T09:48:10.267+0000: [GC (Allocation Failure) 2020-10-28T09:48:10.267+0000: [ParNew: 16388K->4K(18432K), 0.0027356 secs] 506813K->490429K(767544K), 0.0027899 secs] [Times: user=0.00 sys=0.00, real=0.01 secs] 
2020-10-28T09:48:10.287+0000: [GC (Allocation Failure) 2020-10-28T09:48:10.287+0000: [ParNew: 16388K->4K(18432K), 0.0026681 secs] 506813K->490429K(767544K), 0.0027212 secs] [Times: user=0.01 sys=0.00, real=0.01 secs] 
2020-10-28T09:48:10.305+0000: [GC (Allocation Failure) 2020-10-28T09:48:10.305+0000: [ParNew: 16388K->4K(18432K), 0.0026762 secs] 506813K->490429K(767544K), 0.0027287 secs] [Times: user=0.00 sys=0.00, real=0.01 secs] 
2020-10-28T09:48:10.324+0000: [GC (Allocation Failure) 2020-10-28T09:48:10.324+0000: [ParNew: 16388K->4K(18432K), 0.0026703 secs] 506813K->490429K(767544K), 0.0027235 secs] [Times: user=0.01 sys=0.00, real=0.00 secs] 
2020-10-28T09:48:10.343+0000: [GC (Allocation Failure) 2020-10-28T09:48:10.343+0000: [ParNew: 16388K->4K(18432K), 0.0026458 secs] 506813K->490429K(767544K), 0.0026971 secs] [Times: user=0.00 sys=0.00, real=0.00 secs] 
2020-10-28T09:48:10.366+0000: [GC (Allocation Failure) 2020-10-28T09:48:10.366+0000: [ParNew: 16388K->1066K(18432K), 0.0029534 secs] 506813K->491492K(767544K), 0.0029990 secs] [Times: user=0.01 sys=0.00, real=0.01 secs] 
2020-10-28T09:48:10.400+0000: [GC (Allocation Failure) 2020-10-28T09:48:10.400+0000: [ParNew: 17450K->110K(18432K), 0.0029733 secs] 507876K->491565K(767544K), 0.0030271 secs] [Times: user=0.00 sys=0.00, real=0.00 secs] 
2020-10-28T09:48:10.436+0000: [GC (Allocation Failure) 2020-10-28T09:48:10.436+0000: [ParNew: 16494K->100K(18432K), 0.0026943 secs] 507949K->491555K(767544K), 0.0027469 secs] [Times: user=0.01 sys=0.00, real=0.00 secs] 
2020-10-28T09:48:10.470+0000: [GC (Allocation Failure) 2020-10-28T09:48:10.470+0000: [ParNew: 16484K->100K(18432K), 0.0027246 secs] 507939K->491555K(767544K), 0.0027853 secs] [Times: user=0.01 sys=0.00, real=0.00 secs] 
2020-10-28T09:48:10.506+0000: [GC (Allocation Failure) 2020-10-28T09:48:10.506+0000: [ParNew: 16484K->100K(18432K), 0.0027005 secs] 507939K->491555K(767544K), 0.0027525 secs] [Times: user=0.00 sys=0.00, real=0.01 secs] 
2020-10-28T09:48:10.540+0000: [GC (Allocation Failure) 2020-10-28T09:48:10.540+0000: [ParNew: 15267K->100K(18432K), 0.0026950 secs] 506723K->491555K(767544K), 0.0027497 secs] [Times: user=0.00 sys=0.00, real=0.00 secs] 
2020-10-28T09:48:10.559+0000: [GC (Allocation Failure) 2020-10-28T09:48:10.559+0000: [ParNew: 16484K->100K(18432K), 0.0084864 secs] 507939K->499747K(767544K), 0.0085451 secs] [Times: user=0.01 sys=0.01, real=0.01 secs] 
2020-10-28T09:48:10.604+0000: [GC (Allocation Failure) 2020-10-28T09:48:10.604+0000: [ParNew: 16484K->4K(18432K), 0.0027549 secs] 516131K->499749K(767544K), 0.0028093 secs] [Times: user=0.01 sys=0.00, real=0.00 secs] 
2020-10-28T09:48:10.640+0000: [GC (Allocation Failure) 2020-10-28T09:48:10.640+0000: [ParNew: 16388K->4K(18432K), 0.0026559 secs] 516133K->499749K(767544K), 0.0027104 secs] [Times: user=0.01 sys=0.00, real=0.00 secs] 
2020-10-28T09:48:10.675+0000: [GC (Allocation Failure) 2020-10-28T09:48:10.675+0000: [ParNew: 16388K->4K(18432K), 0.0026599 secs] 516133K->499749K(767544K), 0.0027139 secs] [Times: user=0.00 sys=0.00, real=0.01 secs] 
2020-10-28T09:48:10.841+0000: [GC (Allocation Failure) 2020-10-28T09:48:10.841+0000: [ParNew: 16388K->1126K(18432K), 0.0028732 secs] 516133K->500872K(767544K), 0.0029289 secs] [Times: user=0.00 sys=0.00, real=0.00 secs] 
2020-10-28T09:48:11.364+0000: [GC (Allocation Failure) 2020-10-28T09:48:11.364+0000: [ParNew: 17510K->2K(18432K), 0.0057897 secs] 517256K->500871K(767544K), 0.0058644 secs] [Times: user=0.01 sys=0.00, real=0.01 secs] 
2020-10-28T09:48:12.385+0000: [GC (Allocation Failure) 2020-10-28T09:48:12.385+0000: [ParNew: 16386K->88K(18432K), 0.0027939 secs] 582791K->566494K(767544K), 0.0028379 secs] [Times: user=0.00 sys=0.00, real=0.01 secs] 
2020-10-28T09:48:12.388+0000: [GC (CMS Initial Mark) [1 CMS-initial-mark: 566405K(749112K)] 566494K(767544K), 0.0012245 secs] [Times: user=0.00 sys=0.00, real=0.00 secs] 
2020-10-28T09:48:12.390+0000: [CMS-concurrent-mark-start]
2020-10-28T09:48:12.431+0000: [CMS-concurrent-mark: 0.041/0.041 secs] [Times: user=0.08 sys=0.00, real=0.04 secs] 
2020-10-28T09:48:12.431+0000: [CMS-concurrent-preclean-start]
2020-10-28T09:48:12.433+0000: [CMS-concurrent-preclean: 0.002/0.002 secs] [Times: user=0.01 sys=0.00, real=0.00 secs] 
2020-10-28T09:48:12.433+0000: [CMS-concurrent-abortable-preclean-start]
2020-10-28T09:48:12.445+0000: [GC (Allocation Failure) 2020-10-28T09:48:12.445+0000: [ParNew: 16472K->520K(18432K), 0.0027772 secs] 582878K->566925K(767544K), 0.0028206 secs] [Times: user=0.01 sys=0.00, real=0.01 secs] 
2020-10-28T09:48:12.477+0000: [GC (Allocation Failure) 2020-10-28T09:48:12.477+0000: [ParNew: 16904K->1033K(18432K), 0.0034026 secs] 583309K->567439K(767544K), 0.0034486 secs] [Times: user=0.00 sys=0.00, real=0.00 secs] 
2020-10-28T09:48:12.511+0000: [GC (Allocation Failure) 2020-10-28T09:48:12.511+0000: [ParNew: 17417K->6K(18432K), 0.0027862 secs] 583823K->566930K(767544K), 0.0028304 secs] [Times: user=0.00 sys=0.00, real=0.00 secs] 
2020-10-28T09:48:12.549+0000: [GC (Allocation Failure) 2020-10-28T09:48:12.550+0000: [ParNew: 16390K->1028K(18432K), 0.0025935 secs] 583314K->568975K(767544K), 0.0026420 secs] [Times: user=0.01 sys=0.00, real=0.00 secs] 
2020-10-28T09:48:12.552+0000: [CMS-concurrent-abortable-preclean: 0.011/0.119 secs] [Times: user=0.21 sys=0.01, real=0.12 secs] 
2020-10-28T09:48:12.555+0000: [GC (CMS Final Remark) [YG occupancy: 1327 K (18432 K)]2020-10-28T09:48:12.555+0000: [Rescan (parallel) , 0.0017211 secs]2020-10-28T09:48:12.557+0000: [weak refs processing, 0.0000278 secs]2020-10-28T09:48:12.557+0000: [class unloading, 0.0076406 secs]2020-10-28T09:48:12.565+0000: [scrub symbol table, 0.0094792 secs]2020-10-28T09:48:12.574+0000: [scrub string table, 0.0005620 secs][1 CMS-remark: 567947K(749112K)] 569275K(767544K), 0.0195444 secs] [Times: user=0.02 sys=0.00, real=0.02 secs] 
2020-10-28T09:48:12.580+0000: [CMS-concurrent-sweep-start]
2020-10-28T09:48:12.599+0000: [CMS-concurrent-sweep: 0.019/0.019 secs] [Times: user=0.04 sys=0.00, real=0.02 secs] 
2020-10-28T09:48:12.599+0000: [CMS-concurrent-reset-start]
2020-10-28T09:48:12.601+0000: [CMS-concurrent-reset: 0.002/0.002 secs] [Times: user=0.00 sys=0.00, real=0.00 secs] 
2020-10-28T09:48:12.609+0000: [GC (Allocation Failure) 2020-10-28T09:48:12.609+0000: [ParNew: 17412K->2K(18432K), 0.0030815 secs] 584235K->566824K(896640K), 0.0031271 secs] [Times: user=0.01 sys=0.00, real=0.00 secs] 
2020-10-28T09:48:12.640+0000: [GC (Allocation Failure) 2020-10-28T09:48:12.640+0000: [ParNew: 16386K->4K(18432K), 0.0030536 secs] 583208K->566826K(896640K), 0.0030967 secs] [Times: user=0.01 sys=0.00, real=0.00 secs] 
2020-10-28T09:48:12.676+0000: [GC (Allocation Failure) 2020-10-28T09:48:12.676+0000: [ParNew: 16388K->134K(18432K), 0.0030345 secs] 583210K->566956K(896640K), 0.0030961 secs] [Times: user=0.00 sys=0.00, real=0.00 secs] 
2020-10-28T09:48:12.698+0000: [GC (Allocation Failure) 2020-10-28T09:48:12.698+0000: [ParNew: 16518K->262K(18432K), 0.0030310 secs] 583340K->567084K(896640K), 0.0030837 secs] [Times: user=0.00 sys=0.00, real=0.00 secs] 
2020-10-28T09:48:12.718+0000: [GC (Allocation Failure) 2020-10-28T09:48:12.718+0000: [ParNew: 16384K->518K(18432K), 0.0030970 secs] 583207K->567340K(896640K), 0.0031494 secs] [Times: user=0.00 sys=0.00, real=0.00 secs] 
2020-10-28T09:48:12.740+0000: [GC (Allocation Failure) 2020-10-28T09:48:12.740+0000: [ParNew: 16902K->262K(18432K), 0.0034039 secs] 583724K->569132K(896640K), 0.0034570 secs] [Times: user=0.01 sys=0.00, real=0.00 secs] 
2020-10-28T09:48:12.760+0000: [GC (Allocation Failure) 2020-10-28T09:48:12.760+0000: [ParNew: 16646K->1028K(18432K), 0.0031990 secs] 585516K->569898K(896640K), 0.0032577 secs] [Times: user=0.01 sys=0.00, real=0.00 secs] 
2020-10-28T09:48:12.783+0000: [GC (Allocation Failure) 2020-10-28T09:48:12.783+0000: [ParNew: 17412K->4K(18432K), 0.0031396 secs] 586282K->569388K(896640K), 0.0031947 secs] [Times: user=0.01 sys=0.00, real=0.00 secs] 
2020-10-28T09:48:12.803+0000: [GC (Allocation Failure) 2020-10-28T09:48:12.803+0000: [ParNew: 16388K->4K(18432K), 0.0030146 secs] 585772K->569388K(896640K), 0.0030676 secs] [Times: user=0.01 sys=0.00, real=0.00 secs] 
2020-10-28T09:48:12.824+0000: [GC (Allocation Failure) 2020-10-28T09:48:12.824+0000: [ParNew: 16388K->4K(18432K), 0.0029818 secs] 585772K->569388K(896640K), 0.0030347 secs] [Times: user=0.00 sys=0.00, real=0.00 secs] 
2020-10-28T09:48:12.847+0000: [GC (Allocation Failure) 2020-10-28T09:48:12.847+0000: [ParNew: 16388K->4K(18432K), 0.0030075 secs] 585772K->569388K(896640K), 0.0030615 secs] [Times: user=0.00 sys=0.00, real=0.01 secs] 
2020-10-28T09:48:12.868+0000: [GC (Allocation Failure) 2020-10-28T09:48:12.868+0000: [ParNew: 16388K->4K(18432K), 0.0030325 secs] 585772K->569388K(896640K), 0.0030861 secs] [Times: user=0.00 sys=0.00, real=0.00 secs] 
2020-10-28T09:48:12.887+0000: [GC (Allocation Failure) 2020-10-28T09:48:12.887+0000: [ParNew: 16388K->4K(18432K), 0.0031069 secs] 585772K->569388K(896640K), 0.0031606 secs] [Times: user=0.00 sys=0.00, real=0.01 secs] 
2020-10-28T09:48:12.908+0000: [GC (Allocation Failure) 2020-10-28T09:48:12.908+0000: [ParNew: 16388K->4K(18432K), 0.0029730 secs] 585772K->569388K(896640K), 0.0030261 secs] [Times: user=0.01 sys=0.00, real=0.00 secs] 
2020-10-28T09:48:12.928+0000: [GC (Allocation Failure) 2020-10-28T09:48:12.928+0000: [ParNew: 16388K->4K(18432K), 0.0029895 secs] 585772K->569388K(896640K), 0.0030421 secs] [Times: user=0.01 sys=0.00, real=0.00 secs] 
2020-10-28T09:48:12.947+0000: [GC (Allocation Failure) 2020-10-28T09:48:12.947+0000: [ParNew: 16388K->4K(18432K), 0.0029853 secs] 585772K->569388K(896640K), 0.0030382 secs] [Times: user=0.00 sys=0.00, real=0.01 secs] 
2020-10-28T09:48:12.968+0000: [GC (Allocation Failure) 2020-10-28T09:48:12.968+0000: [ParNew: 16388K->4K(18432K), 0.0029877 secs] 585772K->569388K(896640K), 0.0030408 secs] [Times: user=0.01 sys=0.00, real=0.00 secs] 
2020-10-28T09:48:12.987+0000: [GC (Allocation Failure) 2020-10-28T09:48:12.987+0000: [ParNew: 16388K->4K(18432K), 0.0030714 secs] 585772K->569388K(896640K), 0.0031245 secs] [Times: user=0.01 sys=0.00, real=0.01 secs] 
2020-10-28T09:48:13.008+0000: [GC (Allocation Failure) 2020-10-28T09:48:13.008+0000: [ParNew: 16388K->4K(18432K), 0.0033427 secs] 585772K->571436K(896640K), 0.0033957 secs] [Times: user=0.00 sys=0.00, real=0.00 secs] 
2020-10-28T09:48:13.031+0000: [GC (Allocation Failure) 2020-10-28T09:48:13.031+0000: [ParNew: 16388K->4K(18432K), 0.0030063 secs] 587820K->571436K(896640K), 0.0030629 secs] [Times: user=0.00 sys=0.00, real=0.00 secs] 
2020-10-28T09:48:13.047+0000: [GC (Allocation Failure) 2020-10-28T09:48:13.047+0000: [ParNew: 12477K->4K(18432K), 0.0030449 secs] 583910K->571436K(896640K), 0.0030992 secs] [Times: user=0.00 sys=0.00, real=0.01 secs] 
2020-10-28T09:48:13.063+0000: [GC (Allocation Failure) 2020-10-28T09:48:13.063+0000: [ParNew: 16388K->4K(18432K), 0.0038216 secs] 587820K->575532K(896640K), 0.0038775 secs] [Times: user=0.01 sys=0.00, real=0.00 secs] 
2020-10-28T09:48:13.084+0000: [GC (Allocation Failure) 2020-10-28T09:48:13.084+0000: [ParNew: 16388K->4K(18432K), 0.0029839 secs] 591916K->575532K(896640K), 0.0030354 secs] [Times: user=0.01 sys=0.00, real=0.00 secs] 
2020-10-28T09:48:13.103+0000: [GC (Allocation Failure) 2020-10-28T09:48:13.103+0000: [ParNew: 16388K->4K(18432K), 0.0029718 secs] 591916K->575532K(896640K), 0.0030276 secs] [Times: user=0.00 sys=0.00, real=0.00 secs] 
2020-10-28T09:48:13.123+0000: [GC (Allocation Failure) 2020-10-28T09:48:13.123+0000: [ParNew: 16388K->4K(18432K), 0.0031986 secs] 591916K->575532K(896640K), 0.0032536 secs] [Times: user=0.01 sys=0.00, real=0.00 secs] 
2020-10-28T09:48:13.142+0000: [GC (Allocation Failure) 2020-10-28T09:48:13.142+0000: [ParNew: 16388K->4K(18432K), 0.0036174 secs] 591916K->575532K(896640K), 0.0036633 secs] [Times: user=0.00 sys=0.00, real=0.00 secs] 
2020-10-28T09:48:13.164+0000: [GC (Allocation Failure) 2020-10-28T09:48:13.164+0000: [ParNew: 16388K->4K(18432K), 0.0030084 secs] 591916K->575532K(896640K), 0.0030723 secs] [Times: user=0.01 sys=0.00, real=0.00 secs] 
2020-10-28T09:48:13.183+0000: [GC (Allocation Failure) 2020-10-28T09:48:13.183+0000: [ParNew: 16388K->4K(18432K), 0.0030334 secs] 591916K->575533K(896640K), 0.0030891 secs] [Times: user=0.01 sys=0.00, real=0.00 secs] 
2020-10-28T09:48:13.202+0000: [GC (Allocation Failure) 2020-10-28T09:48:13.202+0000: [ParNew: 16388K->4K(18432K), 0.0029872 secs] 591917K->575533K(896640K), 0.0030400 secs] [Times: user=0.01 sys=0.00, real=0.00 secs] 
2020-10-28T09:48:13.222+0000: [GC (Allocation Failure) 2020-10-28T09:48:13.222+0000: [ParNew: 16388K->4K(18432K), 0.0029592 secs] 591917K->575533K(896640K), 0.0030116 secs] [Times: user=0.01 sys=0.00, real=0.00 secs] 
2020-10-28T09:48:13.242+0000: [GC (Allocation Failure) 2020-10-28T09:48:13.242+0000: [ParNew: 16388K->4K(18432K), 0.0029601 secs] 591917K->575533K(896640K), 0.0030108 secs] [Times: user=0.00 sys=0.00, real=0.00 secs] 
2020-10-28T09:48:13.261+0000: [GC (Allocation Failure) 2020-10-28T09:48:13.261+0000: [ParNew: 16388K->4K(18432K), 0.0029964 secs] 591917K->575533K(896640K), 0.0030454 secs] [Times: user=0.00 sys=0.00, real=0.00 secs] 
2020-10-28T09:48:13.290+0000: [GC (Allocation Failure) 2020-10-28T09:48:13.290+0000: [ParNew: 16388K->4K(18432K), 0.0030064 secs] 591917K->575533K(896640K), 0.0030585 secs] [Times: user=0.01 sys=0.00, real=0.00 secs] 
2020-10-28T09:48:13.310+0000: [GC (Allocation Failure) 2020-10-28T09:48:13.310+0000: [ParNew: 16388K->4K(18432K), 0.0029144 secs] 591917K->575533K(896640K), 0.0029631 secs] [Times: user=0.00 sys=0.00, real=0.00 secs] 
2020-10-28T09:48:13.326+0000: [GC (Allocation Failure) 2020-10-28T09:48:13.326+0000: [ParNew: 13549K->4K(18432K), 0.0029380 secs] 589078K->575533K(896640K), 0.0029883 secs] [Times: user=0.01 sys=0.00, real=0.01 secs] 
2020-10-28T09:48:13.349+0000: [GC (Allocation Failure) 2020-10-28T09:48:13.349+0000: [ParNew: 16388K->4K(18432K), 0.0036870 secs] 591917K->579629K(896640K), 0.0037410 secs] [Times: user=0.01 sys=0.00, real=0.00 secs] 
2020-10-28T09:48:13.372+0000: [GC (Allocation Failure) 2020-10-28T09:48:13.372+0000: [ParNew: 16388K->4K(18432K), 0.0029401 secs] 596013K->579629K(896640K), 0.0029890 secs] [Times: user=0.00 sys=0.00, real=0.00 secs] 
2020-10-28T09:48:13.398+0000: [GC (Allocation Failure) 2020-10-28T09:48:13.399+0000: [ParNew: 16388K->4K(18432K), 0.0029698 secs] 596013K->579629K(896640K), 0.0030187 secs] [Times: user=0.00 sys=0.00, real=0.00 secs] 
2020-10-28T09:48:13.420+0000: [GC (Allocation Failure) 2020-10-28T09:48:13.420+0000: [ParNew: 16388K->4K(18432K), 0.0029168 secs] 596013K->579629K(896640K), 0.0029660 secs] [Times: user=0.00 sys=0.00, real=0.00 secs] 
2020-10-28T09:48:13.440+0000: [GC (Allocation Failure) 2020-10-28T09:48:13.440+0000: [ParNew: 16388K->4K(18432K), 0.0029739 secs] 596013K->579629K(896640K), 0.0030229 secs] [Times: user=0.01 sys=0.00, real=0.00 secs] 
2020-10-28T09:48:13.460+0000: [GC (Allocation Failure) 2020-10-28T09:48:13.460+0000: [ParNew: 16388K->4K(18432K), 0.0028877 secs] 596013K->579629K(896640K), 0.0029387 secs] [Times: user=0.00 sys=0.00, real=0.00 secs] 
2020-10-28T09:48:13.479+0000: [GC (Allocation Failure) 2020-10-28T09:48:13.479+0000: [ParNew: 16388K->4K(18432K), 0.0030219 secs] 596013K->579629K(896640K), 0.0030749 secs] [Times: user=0.00 sys=0.00, real=0.00 secs] 
2020-10-28T09:48:13.498+0000: [GC (Allocation Failure) 2020-10-28T09:48:13.498+0000: [ParNew: 16388K->4K(18432K), 0.0029928 secs] 596013K->579629K(896640K), 0.0030453 secs] [Times: user=0.01 sys=0.00, real=0.00 secs] 
2020-10-28T09:48:13.518+0000: [GC (Allocation Failure) 2020-10-28T09:48:13.518+0000: [ParNew: 16388K->4K(18432K), 0.0030112 secs] 596013K->579629K(896640K), 0.0030642 secs] [Times: user=0.01 sys=0.00, real=0.00 secs] 
2020-10-28T09:48:13.540+0000: [GC (Allocation Failure) 2020-10-28T09:48:13.540+0000: [ParNew: 16388K->4K(18432K), 0.0030051 secs] 596013K->579629K(896640K), 0.0030613 secs] [Times: user=0.00 sys=0.00, real=0.00 secs] 
2020-10-28T09:48:13.560+0000: [GC (Allocation Failure) 2020-10-28T09:48:13.560+0000: [ParNew: 16388K->4K(18432K), 0.0030180 secs] 596013K->579629K(896640K), 0.0030715 secs] [Times: user=0.01 sys=0.00, real=0.00 secs] 
2020-10-28T09:48:13.580+0000: [GC (Allocation Failure) 2020-10-28T09:48:13.580+0000: [ParNew: 16388K->4K(18432K), 0.0029959 secs] 596013K->579629K(896640K), 0.0030486 secs] [Times: user=0.01 sys=0.00, real=0.00 secs] 
2020-10-28T09:48:13.599+0000: [GC (Allocation Failure) 2020-10-28T09:48:13.599+0000: [ParNew: 16388K->4K(18432K), 0.0030119 secs] 596013K->579629K(896640K), 0.0030659 secs] [Times: user=0.01 sys=0.00, real=0.00 secs] 
2020-10-28T09:48:13.624+0000: [GC (Allocation Failure) 2020-10-28T09:48:13.624+0000: [ParNew: 16388K->4K(18432K), 0.0030030 secs] 596013K->579629K(896640K), 0.0030586 secs] [Times: user=0.00 sys=0.00, real=0.00 secs] 
2020-10-28T09:48:13.655+0000: [GC (Allocation Failure) 2020-10-28T09:48:13.655+0000: [ParNew: 16388K->4K(18432K), 0.0030290 secs] 596013K->579629K(896640K), 0.0030764 secs] [Times: user=0.01 sys=0.00, real=0.01 secs] 
2020-10-28T09:48:13.676+0000: [GC (Allocation Failure) 2020-10-28T09:48:13.676+0000: [ParNew: 16388K->4K(18432K), 0.0029564 secs] 596013K->579629K(896640K), 0.0030062 secs] [Times: user=0.01 sys=0.00, real=0.00 secs] 
2020-10-28T09:48:13.695+0000: [GC (Allocation Failure) 2020-10-28T09:48:13.695+0000: [ParNew: 16388K->4K(18432K), 0.0030109 secs] 596013K->579629K(896640K), 0.0030908 secs] [Times: user=0.01 sys=0.00, real=0.01 secs] 
2020-10-28T09:48:13.714+0000: [GC (Allocation Failure) 2020-10-28T09:48:13.714+0000: [ParNew: 16388K->4K(18432K), 0.0029663 secs] 596013K->579629K(896640K), 0.0030176 secs] [Times: user=0.00 sys=0.00, real=0.01 secs] 
2020-10-28T09:48:13.734+0000: [GC (Allocation Failure) 2020-10-28T09:48:13.734+0000: [ParNew: 16388K->4K(18432K), 0.0030061 secs] 596013K->579629K(896640K), 0.0030656 secs] [Times: user=0.00 sys=0.00, real=0.01 secs] 
2020-10-28T09:48:13.756+0000: [GC (Allocation Failure) 2020-10-28T09:48:13.756+0000: [ParNew: 16388K->4K(18432K), 0.0030337 secs] 596013K->579629K(896640K), 0.0030888 secs] [Times: user=0.01 sys=0.00, real=0.00 secs] 
2020-10-28T09:48:13.776+0000: [GC (Allocation Failure) 2020-10-28T09:48:13.776+0000: [ParNew: 16388K->4K(18432K), 0.0030021 secs] 596013K->579629K(896640K), 0.0030544 secs] [Times: user=0.00 sys=0.00, real=0.00 secs] 
2020-10-28T09:48:13.798+0000: [GC (Allocation Failure) 2020-10-28T09:48:13.798+0000: [ParNew: 16388K->4K(18432K), 0.0030573 secs] 596013K->579629K(896640K), 0.0031278 secs] [Times: user=0.00 sys=0.00, real=0.00 secs] 
2020-10-28T09:48:13.819+0000: [GC (Allocation Failure) 2020-10-28T09:48:13.819+0000: [ParNew: 16388K->4K(18432K), 0.0034553 secs] 596013K->579629K(896640K), 0.0035072 secs] [Times: user=0.00 sys=0.00, real=0.00 secs] 
2020-10-28T09:48:13.840+0000: [GC (Allocation Failure) 2020-10-28T09:48:13.840+0000: [ParNew: 16388K->4K(18432K), 0.0029735 secs] 596013K->579629K(896640K), 0.0030254 secs] [Times: user=0.00 sys=0.00, real=0.00 secs] 
2020-10-28T09:48:13.859+0000: [GC (Allocation Failure) 2020-10-28T09:48:13.859+0000: [ParNew: 16388K->4K(18432K), 0.0030534 secs] 596013K->579629K(896640K), 0.0031067 secs] [Times: user=0.01 sys=0.00, real=0.00 secs] 
2020-10-28T09:48:13.880+0000: [GC (Allocation Failure) 2020-10-28T09:48:13.880+0000: [ParNew: 16388K->4K(18432K), 0.0030289 secs] 596013K->579629K(896640K), 0.0030848 secs] [Times: user=0.01 sys=0.00, real=0.00 secs] 
2020-10-28T09:48:13.899+0000: [GC (Allocation Failure) 2020-10-28T09:48:13.899+0000: [ParNew: 16388K->4K(18432K), 0.0030523 secs] 596013K->579629K(896640K), 0.0031068 secs] [Times: user=0.01 sys=0.00, real=0.00 secs] 
2020-10-28T09:48:13.920+0000: [GC (Allocation Failure) 2020-10-28T09:48:13.920+0000: [ParNew: 16388K->4K(18432K), 0.0029922 secs] 596013K->579629K(896640K), 0.0030444 secs] [Times: user=0.01 sys=0.00, real=0.00 secs] 
2020-10-28T09:48:13.940+0000: [GC (Allocation Failure) 2020-10-28T09:48:13.940+0000: [ParNew: 16388K->4K(18432K), 0.0028925 secs] 596013K->579629K(896640K), 0.0029433 secs] [Times: user=0.00 sys=0.00, real=0.00 secs] 
2020-10-28T09:48:13.960+0000: [GC (Allocation Failure) 2020-10-28T09:48:13.960+0000: [ParNew: 16388K->4K(18432K), 0.0029432 secs] 596013K->579629K(896640K), 0.0030074 secs] [Times: user=0.01 sys=0.00, real=0.00 secs] 
2020-10-28T09:48:13.980+0000: [GC (Allocation Failure) 2020-10-28T09:48:13.980+0000: [ParNew: 16388K->4K(18432K), 0.0029293 secs] 596013K->579629K(896640K), 0.0029798 secs] [Times: user=0.00 sys=0.00, real=0.00 secs] 
2020-10-28T09:48:14.000+0000: [GC (Allocation Failure) 2020-10-28T09:48:14.000+0000: [ParNew: 16388K->4K(18432K), 0.0028983 secs] 596013K->579629K(896640K), 0.0029465 secs] [Times: user=0.00 sys=0.00, real=0.00 secs] 
2020-10-28T09:48:14.024+0000: [GC (Allocation Failure) 2020-10-28T09:48:14.024+0000: [ParNew: 16388K->4K(18432K), 0.0028804 secs] 596013K->579629K(896640K), 0.0029311 secs] [Times: user=0.01 sys=0.00, real=0.00 secs] 
2020-10-28T09:48:14.043+0000: [GC (Allocation Failure) 2020-10-28T09:48:14.043+0000: [ParNew: 16388K->4K(18432K), 0.0029779 secs] 596013K->579629K(896640K), 0.0030277 secs] [Times: user=0.01 sys=0.00, real=0.00 secs] 
2020-10-28T09:48:14.063+0000: [GC (Allocation Failure) 2020-10-28T09:48:14.063+0000: [ParNew: 16388K->4K(18432K), 0.0029470 secs] 596013K->579629K(896640K), 0.0029982 secs] [Times: user=0.01 sys=0.00, real=0.00 secs] 
2020-10-28T09:48:14.082+0000: [GC (Allocation Failure) 2020-10-28T09:48:14.082+0000: [ParNew: 16388K->4K(18432K), 0.0029243 secs] 596013K->579629K(896640K), 0.0029732 secs] [Times: user=0.01 sys=0.00, real=0.00 secs] 
2020-10-28T09:48:14.104+0000: [GC (Allocation Failure) 2020-10-28T09:48:14.104+0000: [ParNew: 16388K->4K(18432K), 0.0028349 secs] 596013K->579629K(896640K), 0.0028822 secs] [Times: user=0.00 sys=0.00, real=0.00 secs] 
2020-10-28T09:48:14.123+0000: [GC (Allocation Failure) 2020-10-28T09:48:14.123+0000: [ParNew: 16388K->4K(18432K), 0.0030810 secs] 596013K->579629K(896640K), 0.0031297 secs] [Times: user=0.01 sys=0.00, real=0.00 secs] 
2020-10-28T09:48:14.142+0000: [GC (Allocation Failure) 2020-10-28T09:48:14.142+0000: [ParNew: 16388K->4K(18432K), 0.0028521 secs] 596013K->579629K(896640K), 0.0028988 secs] [Times: user=0.01 sys=0.00, real=0.00 secs] 
2020-10-28T09:48:14.161+0000: [GC (Allocation Failure) 2020-10-28T09:48:14.161+0000: [ParNew: 16388K->4K(18432K), 0.0030116 secs] 596013K->579630K(896640K), 0.0030613 secs] [Times: user=0.00 sys=0.00, real=0.00 secs] 
2020-10-28T09:48:14.188+0000: [GC (Allocation Failure) 2020-10-28T09:48:14.188+0000: [ParNew: 16388K->4K(18432K), 0.0029975 secs] 596014K->579630K(896640K), 0.0030528 secs] [Times: user=0.01 sys=0.00, real=0.00 secs] 
2020-10-28T09:48:14.207+0000: [GC (Allocation Failure) 2020-10-28T09:48:14.207+0000: [ParNew: 16388K->4K(18432K), 0.0029468 secs] 596014K->579630K(896640K), 0.0030049 secs] [Times: user=0.01 sys=0.00, real=0.01 secs] 
2020-10-28T09:48:14.226+0000: [GC (Allocation Failure) 2020-10-28T09:48:14.226+0000: [ParNew: 16388K->4K(18432K), 0.0029014 secs] 596014K->579630K(896640K), 0.0029483 secs] [Times: user=0.00 sys=0.00, real=0.01 secs] 
2020-10-28T09:48:14.245+0000: [GC (Allocation Failure) 2020-10-28T09:48:14.245+0000: [ParNew: 16388K->4K(18432K), 0.0029507 secs] 596014K->579630K(896640K), 0.0029983 secs] [Times: user=0.01 sys=0.00, real=0.01 secs] 
2020-10-28T09:48:14.264+0000: [GC (Allocation Failure) 2020-10-28T09:48:14.264+0000: [ParNew: 16388K->4K(18432K), 0.0029125 secs] 596014K->579630K(896640K), 0.0029615 secs] [Times: user=0.01 sys=0.00, real=0.00 secs] 
2020-10-28T09:48:14.283+0000: [GC (Allocation Failure) 2020-10-28T09:48:14.283+0000: [ParNew: 16388K->4K(18432K), 0.0029436 secs] 596014K->579630K(896640K), 0.0029942 secs] [Times: user=0.00 sys=0.00, real=0.00 secs] 
2020-10-28T09:48:14.303+0000: [GC (Allocation Failure) 2020-10-28T09:48:14.303+0000: [ParNew: 16388K->4K(18432K), 0.0029429 secs] 596014K->579630K(896640K), 0.0029902 secs] [Times: user=0.00 sys=0.00, real=0.00 secs] 
2020-10-28T09:48:14.324+0000: [GC (Allocation Failure) 2020-10-28T09:48:14.324+0000: [ParNew: 16388K->4K(18432K), 0.0029093 secs] 596014K->579630K(896640K), 0.0029585 secs] [Times: user=0.00 sys=0.00, real=0.00 secs] 
2020-10-28T09:48:14.343+0000: [GC (Allocation Failure) 2020-10-28T09:48:14.343+0000: [ParNew: 16388K->4K(18432K), 0.0029146 secs] 596014K->579630K(896640K), 0.0029786 secs] [Times: user=0.01 sys=0.00, real=0.00 secs] 
2020-10-28T09:48:14.362+0000: [GC (Allocation Failure) 2020-10-28T09:48:14.362+0000: [ParNew: 16388K->4K(18432K), 0.0029609 secs] 596014K->579630K(896640K), 0.0030098 secs] [Times: user=0.01 sys=0.00, real=0.00 secs] 
2020-10-28T09:48:14.384+0000: [GC (Allocation Failure) 2020-10-28T09:48:14.384+0000: [ParNew: 16388K->4K(18432K), 0.0029653 secs] 596014K->579630K(896640K), 0.0030169 secs] [Times: user=0.01 sys=0.00, real=0.00 secs] 
2020-10-28T09:48:14.403+0000: [GC (Allocation Failure) 2020-10-28T09:48:14.403+0000: [ParNew: 16388K->4K(18432K), 0.0029821 secs] 596014K->579630K(896640K), 0.0030334 secs] [Times: user=0.00 sys=0.00, real=0.00 secs] 
2020-10-28T09:48:14.424+0000: [GC (Allocation Failure) 2020-10-28T09:48:14.424+0000: [ParNew: 16388K->4K(18432K), 0.0029868 secs] 596014K->579630K(896640K), 0.0030379 secs] [Times: user=0.00 sys=0.00, real=0.00 secs] 
2020-10-28T09:48:14.443+0000: [GC (Allocation Failure) 2020-10-28T09:48:14.443+0000: [ParNew: 16388K->4K(18432K), 0.0029683 secs] 596014K->579630K(896640K), 0.0030361 secs] [Times: user=0.01 sys=0.00, real=0.00 secs] 
2020-10-28T09:48:14.462+0000: [GC (Allocation Failure) 2020-10-28T09:48:14.462+0000: [ParNew: 16388K->4K(18432K), 0.0030193 secs] 596014K->579630K(896640K), 0.0030711 secs] [Times: user=0.01 sys=0.00, real=0.00 secs] 
2020-10-28T09:48:14.482+0000: [GC (Allocation Failure) 2020-10-28T09:48:14.482+0000: [ParNew: 16388K->4K(18432K), 0.0030076 secs] 596014K->579630K(896640K), 0.0030536 secs] [Times: user=0.00 sys=0.00, real=0.00 secs] 
2020-10-28T09:48:14.501+0000: [GC (Allocation Failure) 2020-10-28T09:48:14.501+0000: [ParNew: 16388K->4K(18432K), 0.0030667 secs] 596014K->579630K(896640K), 0.0031223 secs] [Times: user=0.01 sys=0.00, real=0.00 secs] 
2020-10-28T09:48:14.520+0000: [GC (Allocation Failure) 2020-10-28T09:48:14.520+0000: [ParNew: 16388K->4K(18432K), 0.0030179 secs] 596014K->579630K(896640K), 0.0030722 secs] [Times: user=0.01 sys=0.00, real=0.00 secs] 
2020-10-28T09:48:14.539+0000: [GC (Allocation Failure) 2020-10-28T09:48:14.540+0000: [ParNew: 16388K->4K(18432K), 0.0029995 secs] 596014K->579630K(896640K), 0.0030586 secs] [Times: user=0.00 sys=0.00, real=0.00 secs] 
2020-10-28T09:48:14.564+0000: [GC (Allocation Failure) 2020-10-28T09:48:14.564+0000: [ParNew: 16388K->4K(18432K), 0.0029995 secs] 596014K->579630K(896640K), 0.0030553 secs] [Times: user=0.01 sys=0.00, real=0.00 secs] 
2020-10-28T09:48:14.583+0000: [GC (Allocation Failure) 2020-10-28T09:48:14.583+0000: [ParNew: 16388K->4K(18432K), 0.0030189 secs] 596014K->579630K(896640K), 0.0030720 secs] [Times: user=0.00 sys=0.00, real=0.00 secs] 
2020-10-28T09:48:14.602+0000: [GC (Allocation Failure) 2020-10-28T09:48:14.602+0000: [ParNew: 16388K->4K(18432K), 0.0030000 secs] 596014K->579630K(896640K), 0.0030541 secs] [Times: user=0.00 sys=0.00, real=0.00 secs] 
2020-10-28T09:48:14.627+0000: [GC (Allocation Failure) 2020-10-28T09:48:14.628+0000: [ParNew: 16388K->4K(18432K), 0.0030057 secs] 596014K->579630K(896640K), 0.0030886 secs] [Times: user=0.00 sys=0.00, real=0.01 secs] 
2020-10-28T09:48:14.648+0000: [GC (Allocation Failure) 2020-10-28T09:48:14.648+0000: [ParNew: 16388K->4K(18432K), 0.0030539 secs] 596014K->579630K(896640K), 0.0031084 secs] [Times: user=0.01 sys=0.00, real=0.00 secs] 
2020-10-28T09:48:14.668+0000: [GC (Allocation Failure) 2020-10-28T09:48:14.668+0000: [ParNew: 16388K->4K(18432K), 0.0029986 secs] 596014K->579630K(896640K), 0.0030513 secs] [Times: user=0.00 sys=0.00, real=0.00 secs] 
2020-10-28T09:48:14.687+0000: [GC (Allocation Failure) 2020-10-28T09:48:14.687+0000: [ParNew: 16388K->4K(18432K), 0.0030087 secs] 596014K->579630K(896640K), 0.0030611 secs] [Times: user=0.00 sys=0.00, real=0.01 secs] 
2020-10-28T09:48:14.708+0000: [GC (Allocation Failure) 2020-10-28T09:48:14.708+0000: [ParNew: 16388K->4K(18432K), 0.0029846 secs] 596014K->579630K(896640K), 0.0030358 secs] [Times: user=0.01 sys=0.00, real=0.00 secs] 
2020-10-28T09:48:14.728+0000: [GC (Allocation Failure) 2020-10-28T09:48:14.728+0000: [ParNew: 16388K->4K(18432K), 0.0030053 secs] 596014K->579630K(896640K), 0.0030592 secs] [Times: user=0.01 sys=0.00, real=0.00 secs] 
2020-10-28T09:48:14.747+0000: [GC (Allocation Failure) 2020-10-28T09:48:14.747+0000: [ParNew: 16388K->4K(18432K), 0.0030253 secs] 596014K->579630K(896640K), 0.0030785 secs] [Times: user=0.00 sys=0.00, real=0.01 secs] 
2020-10-28T09:48:14.766+0000: [GC (Allocation Failure) 2020-10-28T09:48:14.766+0000: [ParNew: 16388K->4K(18432K), 0.0030336 secs] 596014K->579630K(896640K), 0.0030878 secs] [Times: user=0.00 sys=0.00, real=0.01 secs] 
2020-10-28T09:48:14.788+0000: [GC (Allocation Failure) 2020-10-28T09:48:14.788+0000: [ParNew: 16388K->4K(18432K), 0.0030017 secs] 596014K->579630K(896640K), 0.0030554 secs] [Times: user=0.01 sys=0.00, real=0.00 secs] 
2020-10-28T09:48:14.807+0000: [GC (Allocation Failure) 2020-10-28T09:48:14.807+0000: [ParNew: 16388K->4K(18432K), 0.0030145 secs] 596014K->579630K(896640K), 0.0030676 secs] [Times: user=0.00 sys=0.00, real=0.01 secs] 
2020-10-28T09:48:14.827+0000: [GC (Allocation Failure) 2020-10-28T09:48:14.827+0000: [ParNew: 16388K->4K(18432K), 0.0030139 secs] 596014K->579630K(896640K), 0.0030670 secs] [Times: user=0.00 sys=0.00, real=0.01 secs] 
2020-10-28T09:48:14.848+0000: [GC (Allocation Failure) 2020-10-28T09:48:14.848+0000: [ParNew: 16388K->4K(18432K), 0.0030521 secs] 596014K->579630K(896640K), 0.0031100 secs] [Times: user=0.00 sys=0.00, real=0.00 secs] 
2020-10-28T09:48:14.872+0000: [GC (Allocation Failure) 2020-10-28T09:48:14.872+0000: [ParNew: 16388K->4K(18432K), 0.0030355 secs] 596014K->579630K(896640K), 0.0030921 secs] [Times: user=0.01 sys=0.00, real=0.00 secs] 
2020-10-28T09:48:14.891+0000: [GC (Allocation Failure) 2020-10-28T09:48:14.891+0000: [ParNew: 16388K->4K(18432K), 0.0030499 secs] 596014K->579630K(896640K), 0.0031058 secs] [Times: user=0.00 sys=0.00, real=0.00 secs] 
2020-10-28T09:48:14.912+0000: [GC (Allocation Failure) 2020-10-28T09:48:14.912+0000: [ParNew: 16388K->4K(18432K), 0.0030016 secs] 596014K->579630K(896640K), 0.0030559 secs] [Times: user=0.01 sys=0.00, real=0.00 secs] 
2020-10-28T09:48:14.932+0000: [GC (Allocation Failure) 2020-10-28T09:48:14.932+0000: [ParNew: 16388K->4K(18432K), 0.0030171 secs] 596014K->579630K(896640K), 0.0030711 secs] [Times: user=0.01 sys=0.00, real=0.00 secs] 
2020-10-28T09:48:14.952+0000: [GC (Allocation Failure) 2020-10-28T09:48:14.952+0000: [ParNew: 16388K->4K(18432K), 0.0030073 secs] 596014K->579630K(896640K), 0.0030615 secs] [Times: user=0.00 sys=0.00, real=0.00 secs] 
2020-10-28T09:48:14.972+0000: [GC (Allocation Failure) 2020-10-28T09:48:14.972+0000: [ParNew: 16388K->4K(18432K), 0.0029923 secs] 596014K->579630K(896640K), 0.0030451 secs] [Times: user=0.00 sys=0.00, real=0.00 secs] 
2020-10-28T09:48:14.997+0000: [GC (Allocation Failure) 2020-10-28T09:48:14.997+0000: [ParNew: 16388K->6K(18432K), 0.0030699 secs] 612398K->596016K(896640K), 0.0031240 secs] [Times: user=0.01 sys=0.00, real=0.00 secs] 
2020-10-28T09:48:15.017+0000: [GC (Allocation Failure) 2020-10-28T09:48:15.017+0000: [ParNew: 16390K->6K(18432K), 0.0030022 secs] 612400K->596016K(896640K), 0.0030552 secs] [Times: user=0.01 sys=0.00, real=0.00 secs] 
2020-10-28T09:48:15.036+0000: [GC (Allocation Failure) 2020-10-28T09:48:15.036+0000: [ParNew: 16390K->6K(18432K), 0.0030526 secs] 612400K->596016K(896640K), 0.0031149 secs] [Times: user=0.00 sys=0.00, real=0.00 secs] 
2020-10-28T09:48:15.060+0000: [GC (Allocation Failure) 2020-10-28T09:48:15.060+0000: [ParNew: 16390K->6K(18432K), 0.0030050 secs] 612400K->596016K(896640K), 0.0030589 secs] [Times: user=0.01 sys=0.00, real=0.00 secs] 
2020-10-28T09:48:15.080+0000: [GC (Allocation Failure) 2020-10-28T09:48:15.080+0000: [ParNew: 16390K->6K(18432K), 0.0029857 secs] 612400K->596016K(896640K), 0.0030381 secs] [Times: user=0.00 sys=0.00, real=0.00 secs] 
2020-10-28T09:48:15.099+0000: [GC (Allocation Failure) 2020-10-28T09:48:15.099+0000: [ParNew: 16390K->6K(18432K), 0.0030873 secs] 612400K->596016K(896640K), 0.0031405 secs] [Times: user=0.01 sys=0.00, real=0.00 secs] 
2020-10-28T09:48:15.119+0000: [GC (Allocation Failure) 2020-10-28T09:48:15.119+0000: [ParNew: 16390K->4K(18432K), 0.0030244 secs] 612400K->596016K(896640K), 0.0030782 secs] [Times: user=0.01 sys=0.00, real=0.00 secs] 
2020-10-28T09:48:15.142+0000: [GC (Allocation Failure) 2020-10-28T09:48:15.142+0000: [ParNew: 16388K->4K(18432K), 0.0030255 secs] 612400K->596016K(896640K), 0.0030808 secs] [Times: user=0.01 sys=0.00, real=0.00 secs] 
2020-10-28T09:48:15.162+0000: [GC (Allocation Failure) 2020-10-28T09:48:15.162+0000: [ParNew: 16388K->4K(18432K), 0.0030352 secs] 612400K->596016K(896640K), 0.0030895 secs] [Times: user=0.01 sys=0.00, real=0.00 secs] 
2020-10-28T09:48:15.184+0000: [GC (Allocation Failure) 2020-10-28T09:48:15.184+0000: [ParNew: 16388K->4K(18432K), 0.0029769 secs] 612400K->596016K(896640K), 0.0030304 secs] [Times: user=0.01 sys=0.00, real=0.00 secs] 
2020-10-28T09:48:15.203+0000: [GC (Allocation Failure) 2020-10-28T09:48:15.203+0000: [ParNew: 16388K->4K(18432K), 0.0029758 secs] 612400K->596016K(896640K), 0.0030265 secs] [Times: user=0.00 sys=0.00, real=0.00 secs] 
2020-10-28T09:48:15.222+0000: [GC (Allocation Failure) 2020-10-28T09:48:15.222+0000: [ParNew: 16388K->4K(18432K), 0.0029694 secs] 612400K->596016K(896640K), 0.0030359 secs] [Times: user=0.01 sys=0.00, real=0.00 secs] 
2020-10-28T09:48:15.244+0000: [GC (Allocation Failure) 2020-10-28T09:48:15.244+0000: [ParNew: 16388K->4K(18432K), 0.0029573 secs] 612400K->596016K(896640K), 0.0030088 secs] [Times: user=0.01 sys=0.00, real=0.00 secs] 
2020-10-28T09:48:15.263+0000: [GC (Allocation Failure) 2020-10-28T09:48:15.263+0000: [ParNew: 16388K->4K(18432K), 0.0030178 secs] 612400K->596016K(896640K), 0.0030721 secs] [Times: user=0.01 sys=0.00, real=0.00 secs] 
2020-10-28T09:48:15.284+0000: [GC (Allocation Failure) 2020-10-28T09:48:15.284+0000: [ParNew: 16388K->4K(18432K), 0.0029740 secs] 612400K->596016K(896640K), 0.0030281 secs] [Times: user=0.00 sys=0.00, real=0.00 secs] 
2020-10-28T09:48:15.303+0000: [GC (Allocation Failure) 2020-10-28T09:48:15.303+0000: [ParNew: 16388K->4K(18432K), 0.0029874 secs] 612400K->596016K(896640K), 0.0030394 secs] [Times: user=0.01 sys=0.00, real=0.00 secs] 
2020-10-28T09:48:15.336+0000: [GC (Allocation Failure) 2020-10-28T09:48:15.336+0000: [ParNew: 16388K->4K(18432K), 0.0029497 secs] 628784K->612400K(896640K), 0.0030030 secs] [Times: user=0.01 sys=0.00, real=0.00 secs] 
2020-10-28T09:48:15.355+0000: [GC (Allocation Failure) 2020-10-28T09:48:15.355+0000: [ParNew: 16388K->4K(18432K), 0.0030212 secs] 628784K->612400K(896640K), 0.0030762 secs] [Times: user=0.01 sys=0.00, real=0.01 secs] 
2020-10-28T09:48:15.374+0000: [GC (Allocation Failure) 2020-10-28T09:48:15.374+0000: [ParNew: 16388K->4K(18432K), 0.0029834 secs] 628784K->612400K(896640K), 0.0030371 secs] [Times: user=0.01 sys=0.00, real=0.01 secs] 
2020-10-28T09:48:15.394+0000: [GC (Allocation Failure) 2020-10-28T09:48:15.394+0000: [ParNew: 16388K->4K(18432K), 0.0029738 secs] 628784K->612400K(896640K), 0.0030263 secs] [Times: user=0.01 sys=0.00, real=0.01 secs] 
2020-10-28T09:48:15.416+0000: [GC (Allocation Failure) 2020-10-28T09:48:15.416+0000: [ParNew: 16388K->4K(18432K), 0.0029611 secs] 628784K->612400K(896640K), 0.0030144 secs] [Times: user=0.00 sys=0.00, real=0.00 secs] 
2020-10-28T09:48:15.436+0000: [GC (Allocation Failure) 2020-10-28T09:48:15.436+0000: [ParNew: 16388K->4K(18432K), 0.0029598 secs] 628784K->612400K(896640K), 0.0030118 secs] [Times: user=0.01 sys=0.00, real=0.00 secs] 
2020-10-28T09:48:15.455+0000: [GC (Allocation Failure) 2020-10-28T09:48:15.455+0000: [ParNew: 16388K->4K(18432K), 0.0030177 secs] 628784K->612400K(896640K), 0.0030727 secs] [Times: user=0.01 sys=0.00, real=0.01 secs] 
2020-10-28T09:48:15.474+0000: [GC (Allocation Failure) 2020-10-28T09:48:15.474+0000: [ParNew: 16388K->4K(18432K), 0.0030240 secs] 628784K->612400K(896640K), 0.0030784 secs] [Times: user=0.01 sys=0.00, real=0.01 secs] 
2020-10-28T09:48:15.494+0000: [GC (Allocation Failure) 2020-10-28T09:48:15.494+0000: [ParNew: 16388K->4K(18432K), 0.0030002 secs] 628784K->612400K(896640K), 0.0030537 secs] [Times: user=0.01 sys=0.00, real=0.01 secs] 
2020-10-28T09:48:15.516+0000: [GC (Allocation Failure) 2020-10-28T09:48:15.516+0000: [ParNew: 16388K->4K(18432K), 0.0029371 secs] 628784K->612400K(896640K), 0.0029896 secs] [Times: user=0.00 sys=0.00, real=0.00 secs] 
2020-10-28T09:48:15.536+0000: [GC (Allocation Failure) 2020-10-28T09:48:15.536+0000: [ParNew: 16388K->4K(18432K), 0.0029714 secs] 628784K->612400K(896640K), 0.0030248 secs] [Times: user=0.01 sys=0.00, real=0.00 secs] 
2020-10-28T09:48:15.556+0000: [GC (Allocation Failure) 2020-10-28T09:48:15.556+0000: [ParNew: 16388K->4K(18432K), 0.0029470 secs] 628784K->612400K(896640K), 0.0029997 secs] [Times: user=0.01 sys=0.00, real=0.00 secs] 
2020-10-28T09:48:15.575+0000: [GC (Allocation Failure) 2020-10-28T09:48:15.575+0000: [ParNew: 16388K->4K(18432K), 0.0029826 secs] 628784K->612400K(896640K), 0.0030371 secs] [Times: user=0.01 sys=0.00, real=0.01 secs] 
2020-10-28T09:48:15.594+0000: [GC (Allocation Failure) 2020-10-28T09:48:15.594+0000: [ParNew: 16388K->4K(18432K), 0.0029692 secs] 628784K->612400K(896640K), 0.0030282 secs] [Times: user=0.00 sys=0.00, real=0.01 secs] 
2020-10-28T09:48:15.615+0000: [GC (Allocation Failure) 2020-10-28T09:48:15.615+0000: [ParNew: 16388K->4K(18432K), 0.0029685 secs] 628784K->612400K(896640K), 0.0030216 secs] [Times: user=0.01 sys=0.00, real=0.01 secs] 
2020-10-28T09:48:15.634+0000: [GC (Allocation Failure) 2020-10-28T09:48:15.634+0000: [ParNew: 16388K->4K(18432K), 0.0029483 secs] 628784K->612400K(896640K), 0.0030008 secs] [Times: user=0.01 sys=0.00, real=0.01 secs] 
2020-10-28T09:48:15.656+0000: [GC (Allocation Failure) 2020-10-28T09:48:15.656+0000: [ParNew: 16388K->4K(18432K), 0.0029303 secs] 628784K->612400K(896640K), 0.0029823 secs] [Times: user=0.00 sys=0.00, real=0.00 secs] 
2020-10-28T09:48:15.675+0000: [GC (Allocation Failure) 2020-10-28T09:48:15.675+0000: [ParNew: 16388K->4K(18432K), 0.0029432 secs] 628784K->612400K(896640K), 0.0029951 secs] [Times: user=0.01 sys=0.00, real=0.01 secs] 
2020-10-28T09:48:15.696+0000: [GC (Allocation Failure) 2020-10-28T09:48:15.696+0000: [ParNew: 16388K->4K(18432K), 0.0029226 secs] 628784K->612400K(896640K), 0.0029752 secs] [Times: user=0.01 sys=0.00, real=0.00 secs] 
2020-10-28T09:48:15.715+0000: [GC (Allocation Failure) 2020-10-28T09:48:15.715+0000: [ParNew: 16388K->4K(18432K), 0.0029763 secs] 628784K->612400K(896640K), 0.0030300 secs] [Times: user=0.00 sys=0.00, real=0.01 secs] 
2020-10-28T09:48:15.734+0000: [GC (Allocation Failure) 2020-10-28T09:48:15.734+0000: [ParNew: 16388K->4K(18432K), 0.0029641 secs] 628784K->612400K(896640K), 0.0030175 secs] [Times: user=0.00 sys=0.00, real=0.01 secs] 
2020-10-28T09:48:15.753+0000: [GC (Allocation Failure) 2020-10-28T09:48:15.753+0000: [ParNew: 16388K->4K(18432K), 0.0029705 secs] 628784K->612400K(896640K), 0.0030280 secs] [Times: user=0.01 sys=0.00, real=0.01 secs] 
2020-10-28T09:48:15.772+0000: [GC (Allocation Failure) 2020-10-28T09:48:15.772+0000: [ParNew: 16388K->4K(18432K), 0.0029687 secs] 628784K->612400K(896640K), 0.0030413 secs] [Times: user=0.00 sys=0.00, real=0.01 secs] 
2020-10-28T09:48:15.792+0000: [GC (Allocation Failure) 2020-10-28T09:48:15.792+0000: [ParNew: 16388K->4K(18432K), 0.0029429 secs] 628784K->612400K(896640K), 0.0029967 secs] [Times: user=0.01 sys=0.00, real=0.00 secs] 
2020-10-28T09:48:15.811+0000: [GC (Allocation Failure) 2020-10-28T09:48:15.811+0000: [ParNew: 16388K->4K(18432K), 0.0030114 secs] 628784K->612400K(896640K), 0.0030811 secs] [Times: user=0.00 sys=0.00, real=0.00 secs] 
2020-10-28T09:48:15.832+0000: [GC (Allocation Failure) 2020-10-28T09:48:15.832+0000: [ParNew: 16388K->4K(18432K), 0.0029386 secs] 628784K->612400K(896640K), 0.0029920 secs] [Times: user=0.01 sys=0.00, real=0.00 secs] 
2020-10-28T09:48:15.852+0000: [GC (Allocation Failure) 2020-10-28T09:48:15.852+0000: [ParNew: 16388K->4K(18432K), 0.0030097 secs] 628784K->612400K(896640K), 0.0030629 secs] [Times: user=0.01 sys=0.00, real=0.00 secs] 
2020-10-28T09:48:15.872+0000: [GC (Allocation Failure) 2020-10-28T09:48:15.872+0000: [ParNew: 16388K->4K(18432K), 0.0029330 secs] 628784K->612400K(896640K), 0.0029967 secs] [Times: user=0.00 sys=0.00, real=0.00 secs] 
2020-10-28T09:48:15.891+0000: [GC (Allocation Failure) 2020-10-28T09:48:15.891+0000: [ParNew: 16388K->4K(18432K), 0.0029238 secs] 628784K->612400K(896640K), 0.0029760 secs] [Times: user=0.00 sys=0.00, real=0.00 secs] 
2020-10-28T09:48:15.912+0000: [GC (Allocation Failure) 2020-10-28T09:48:15.912+0000: [ParNew: 16388K->4K(18432K), 0.0029830 secs] 628784K->612400K(896640K), 0.0030378 secs] [Times: user=0.01 sys=0.00, real=0.00 secs] 
2020-10-28T09:48:15.931+0000: [GC (Allocation Failure) 2020-10-28T09:48:15.931+0000: [ParNew: 16388K->4K(18432K), 0.0029847 secs] 628784K->612400K(896640K), 0.0030387 secs] [Times: user=0.00 sys=0.00, real=0.00 secs] 
2020-10-28T09:48:15.951+0000: [GC (Allocation Failure) 2020-10-28T09:48:15.951+0000: [ParNew: 16388K->4K(18432K), 0.0029830 secs] 628784K->612400K(896640K), 0.0030389 secs] [Times: user=0.00 sys=0.00, real=0.00 secs] 
2020-10-28T09:48:15.971+0000: [GC (Allocation Failure) 2020-10-28T09:48:15.971+0000: [ParNew: 16388K->4K(18432K), 0.0029432 secs] 628784K->612400K(896640K), 0.0029957 secs] [Times: user=0.00 sys=0.00, real=0.00 secs] 
2020-10-28T09:48:15.990+0000: [GC (Allocation Failure) 2020-10-28T09:48:15.990+0000: [ParNew: 16388K->4K(18432K), 0.0028561 secs] 628784K->612400K(896640K), 0.0029042 secs] [Times: user=0.01 sys=0.00, real=0.00 secs] 
2020-10-28T09:48:16.009+0000: [GC (Allocation Failure) 2020-10-28T09:48:16.009+0000: [ParNew: 16388K->4K(18432K), 0.0028619 secs] 628784K->612400K(896640K), 0.0029110 secs] [Times: user=0.01 sys=0.00, real=0.00 secs] 
2020-10-28T09:48:16.032+0000: [GC (Allocation Failure) 2020-10-28T09:48:16.032+0000: [ParNew: 16388K->4K(18432K), 0.0028101 secs] 628784K->612400K(896640K), 0.0028582 secs] [Times: user=0.01 sys=0.00, real=0.00 secs] 
2020-10-28T09:48:16.052+0000: [GC (Allocation Failure) 2020-10-28T09:48:16.052+0000: [ParNew: 16388K->4K(18432K), 0.0028984 secs] 628784K->612400K(896640K), 0.0029493 secs] [Times: user=0.00 sys=0.00, real=0.00 secs] 
2020-10-28T09:48:16.071+0000: [GC (Allocation Failure) 2020-10-28T09:48:16.071+0000: [ParNew: 16388K->4K(18432K), 0.0030507 secs] 628784K->612401K(896640K), 0.0031042 secs] [Times: user=0.01 sys=0.00, real=0.00 secs] 
2020-10-28T09:48:16.092+0000: [GC (Allocation Failure) 2020-10-28T09:48:16.092+0000: [ParNew: 16388K->4K(18432K), 0.0029491 secs] 628785K->612401K(896640K), 0.0030029 secs] [Times: user=0.00 sys=0.00, real=0.00 secs] 
2020-10-28T09:48:16.111+0000: [GC (Allocation Failure) 2020-10-28T09:48:16.111+0000: [ParNew: 16388K->4K(18432K), 0.0028761 secs] 628785K->612401K(896640K), 0.0029249 secs] [Times: user=0.01 sys=0.00, real=0.00 secs] 
2020-10-28T09:48:16.131+0000: [GC (Allocation Failure) 2020-10-28T09:48:16.131+0000: [ParNew: 16388K->4K(18432K), 0.0029227 secs] 628785K->612401K(896640K), 0.0029743 secs] [Times: user=0.01 sys=0.00, real=0.00 secs] 
2020-10-28T09:48:16.150+0000: [GC (Allocation Failure) 2020-10-28T09:48:16.150+0000: [ParNew: 16388K->4K(18432K), 0.0029222 secs] 628785K->612401K(896640K), 0.0029735 secs] [Times: user=0.01 sys=0.00, real=0.00 secs] 
2020-10-28T09:48:16.169+0000: [GC (Allocation Failure) 2020-10-28T09:48:16.169+0000: [ParNew: 16388K->4K(18432K), 0.0029295 secs] 628785K->612401K(896640K), 0.0030066 secs] [Times: user=0.00 sys=0.00, real=0.00 secs] 
2020-10-28T09:48:16.188+0000: [GC (Allocation Failure) 2020-10-28T09:48:16.188+0000: [ParNew: 16388K->4K(18432K), 0.0028785 secs] 628785K->612401K(896640K), 0.0029292 secs] [Times: user=0.00 sys=0.00, real=0.00 secs] 
2020-10-28T09:48:16.208+0000: [GC (Allocation Failure) 2020-10-28T09:48:16.208+0000: [ParNew: 16388K->4K(18432K), 0.0029196 secs] 628785K->612401K(896640K), 0.0029709 secs] [Times: user=0.01 sys=0.00, real=0.00 secs] 
2020-10-28T09:48:16.227+0000: [GC (Allocation Failure) 2020-10-28T09:48:16.227+0000: [ParNew: 16388K->4K(18432K), 0.0029108 secs] 628785K->612401K(896640K), 0.0029684 secs] [Times: user=0.00 sys=0.00, real=0.01 secs] 
2020-10-28T09:48:16.246+0000: [GC (Allocation Failure) 2020-10-28T09:48:16.246+0000: [ParNew: 16388K->4K(18432K), 0.0029044 secs] 628785K->612401K(896640K), 0.0029545 secs] [Times: user=0.00 sys=0.00, real=0.01 secs] 
2020-10-28T09:48:16.265+0000: [GC (Allocation Failure) 2020-10-28T09:48:16.265+0000: [ParNew: 16388K->4K(18432K), 0.0028962 secs] 628785K->612401K(896640K), 0.0029460 secs] [Times: user=0.01 sys=0.00, real=0.01 secs] 
2020-10-28T09:48:16.288+0000: [GC (Allocation Failure) 2020-10-28T09:48:16.288+0000: [ParNew: 16388K->4K(18432K), 0.0094559 secs] 628785K->612401K(896640K), 0.0095373 secs] [Times: user=0.00 sys=0.00, real=0.01 secs] 
2020-10-28T09:48:16.313+0000: [GC (Allocation Failure) 2020-10-28T09:48:16.313+0000: [ParNew: 16388K->4K(18432K), 0.0029756 secs] 628785K->612401K(896640K), 0.0030294 secs] [Times: user=0.01 sys=0.00, real=0.01 secs] 
2020-10-28T09:48:16.336+0000: [GC (Allocation Failure) 2020-10-28T09:48:16.336+0000: [ParNew: 16388K->4K(18432K), 0.0029198 secs] 628785K->612401K(896640K), 0.0029730 secs] [Times: user=0.01 sys=0.00, real=0.00 secs] 
2020-10-28T09:48:16.356+0000: [GC (Allocation Failure) 2020-10-28T09:48:16.356+0000: [ParNew: 16388K->4K(18432K), 0.0029326 secs] 628785K->612401K(896640K), 0.0029903 secs] [Times: user=0.01 sys=0.00, real=0.00 secs] 
2020-10-28T09:48:16.375+0000: [GC (Allocation Failure) 2020-10-28T09:48:16.375+0000: [ParNew: 16388K->4K(18432K), 0.0029448 secs] 628785K->612401K(896640K), 0.0030035 secs] [Times: user=0.00 sys=0.00, real=0.01 secs] 
2020-10-28T09:48:16.396+0000: [GC (Allocation Failure) 2020-10-28T09:48:16.396+0000: [ParNew: 16388K->4K(18432K), 0.0029481 secs] 628785K->612401K(896640K), 0.0029995 secs] [Times: user=0.00 sys=0.00, real=0.00 secs] 
2020-10-28T09:48:16.415+0000: [GC (Allocation Failure) 2020-10-28T09:48:16.415+0000: [ParNew: 16388K->4K(18432K), 0.0028927 secs] 628785K->612401K(896640K), 0.0029423 secs] [Times: user=0.01 sys=0.00, real=0.01 secs] 
2020-10-28T09:48:16.436+0000: [GC (Allocation Failure) 2020-10-28T09:48:16.436+0000: [ParNew: 16388K->4K(18432K), 0.0028834 secs] 628785K->612401K(896640K), 0.0029326 secs] [Times: user=0.01 sys=0.00, real=0.00 secs] 
2020-10-28T09:48:16.455+0000: [GC (Allocation Failure) 2020-10-28T09:48:16.455+0000: [ParNew: 16388K->4K(18432K), 0.0029179 secs] 628785K->612401K(896640K), 0.0029678 secs] [Times: user=0.01 sys=0.00, real=0.01 secs] 
2020-10-28T09:48:16.478+0000: [GC (Allocation Failure) 2020-10-28T09:48:16.478+0000: [ParNew: 16388K->4K(18432K), 0.0029304 secs] 628785K->612401K(896640K), 0.0029739 secs] [Times: user=0.01 sys=0.00, real=0.00 secs] 
2020-10-28T09:48:16.500+0000: [GC (Allocation Failure) 2020-10-28T09:48:16.500+0000: [ParNew: 16388K->4K(18432K), 0.0028589 secs] 628785K->612401K(896640K), 0.0029085 secs] [Times: user=0.01 sys=0.00, real=0.00 secs] 
2020-10-28T09:48:16.519+0000: [GC (Allocation Failure) 2020-10-28T09:48:16.519+0000: [ParNew: 16388K->4K(18432K), 0.0029396 secs] 628785K->612401K(896640K), 0.0029920 secs] [Times: user=0.00 sys=0.00, real=0.00 secs] 
2020-10-28T09:48:16.540+0000: [GC (Allocation Failure) 2020-10-28T09:48:16.540+0000: [ParNew: 16388K->4K(18432K), 0.0029550 secs] 628785K->612401K(896640K), 0.0030066 secs] [Times: user=0.00 sys=0.00, real=0.00 secs] 
2020-10-28T09:48:16.560+0000: [GC (Allocation Failure) 2020-10-28T09:48:16.560+0000: [ParNew: 16388K->4K(18432K), 0.0029760 secs] 628785K->612401K(896640K), 0.0030304 secs] [Times: user=0.00 sys=0.00, real=0.00 secs] 
2020-10-28T09:48:16.580+0000: [GC (Allocation Failure) 2020-10-28T09:48:16.580+0000: [ParNew: 16388K->4K(18432K), 0.0029495 secs] 628785K->612401K(896640K), 0.0030027 secs] [Times: user=0.01 sys=0.00, real=0.00 secs] 
2020-10-28T09:48:16.599+0000: [GC (Allocation Failure) 2020-10-28T09:48:16.599+0000: [ParNew: 16388K->4K(18432K), 0.0029320 secs] 628785K->612401K(896640K), 0.0029829 secs] [Times: user=0.01 sys=0.00, real=0.00 secs] 
2020-10-28T09:48:16.624+0000: [GC (Allocation Failure) 2020-10-28T09:48:16.624+0000: [ParNew: 16388K->4K(18432K), 0.0029466 secs] 628785K->612401K(896640K), 0.0030080 secs] [Times: user=0.01 sys=0.00, real=0.00 secs] 
2020-10-28T09:48:16.643+0000: [GC (Allocation Failure) 2020-10-28T09:48:16.643+0000: [ParNew: 16388K->4K(18432K), 0.0029424 secs] 628785K->612401K(896640K), 0.0029955 secs] [Times: user=0.00 sys=0.00, real=0.00 secs] 
2020-10-28T09:48:16.663+0000: [GC (Allocation Failure) 2020-10-28T09:48:16.663+0000: [ParNew: 16388K->4K(18432K), 0.0029971 secs] 628785K->612401K(896640K), 0.0030509 secs] [Times: user=0.00 sys=0.00, real=0.00 secs] 
2020-10-28T09:48:16.682+0000: [GC (Allocation Failure) 2020-10-28T09:48:16.682+0000: [ParNew: 16388K->4K(18432K), 0.0029638 secs] 628785K->612401K(896640K), 0.0030163 secs] [Times: user=0.01 sys=0.00, real=0.00 secs] 
2020-10-28T09:48:16.701+0000: [GC (Allocation Failure) 2020-10-28T09:48:16.701+0000: [ParNew: 16388K->4K(18432K), 0.0029656 secs] 628785K->612401K(896640K), 0.0030190 secs] [Times: user=0.00 sys=0.00, real=0.00 secs] 
2020-10-28T09:48:16.721+0000: [GC (Allocation Failure) 2020-10-28T09:48:16.721+0000: [ParNew: 16388K->4K(18432K), 0.0029719 secs] 628785K->612401K(896640K), 0.0030269 secs] [Times: user=0.00 sys=0.00, real=0.00 secs] 
2020-10-28T09:48:16.744+0000: [GC (Allocation Failure) 2020-10-28T09:48:16.744+0000: [ParNew: 16388K->4K(18432K), 0.0029320 secs] 628785K->612401K(896640K), 0.0029846 secs] [Times: user=0.01 sys=0.00, real=0.00 secs] 
2020-10-28T09:48:16.763+0000: [GC (Allocation Failure) 2020-10-28T09:48:16.763+0000: [ParNew: 16388K->4K(18432K), 0.0029521 secs] 628785K->612401K(896640K), 0.0030043 secs] [Times: user=0.01 sys=0.00, real=0.00 secs] 
2020-10-28T09:48:16.782+0000: [GC (Allocation Failure) 2020-10-28T09:48:16.782+0000: [ParNew: 16388K->4K(18432K), 0.0029528 secs] 628785K->612401K(896640K), 0.0030055 secs] [Times: user=0.01 sys=0.00, real=0.00 secs] 
2020-10-28T09:48:16.804+0000: [GC (Allocation Failure) 2020-10-28T09:48:16.804+0000: [ParNew: 16388K->4K(18432K), 0.0029956 secs] 628785K->612401K(896640K), 0.0030503 secs] [Times: user=0.00 sys=0.00, real=0.00 secs] 
2020-10-28T09:48:16.824+0000: [GC (Allocation Failure) 2020-10-28T09:48:16.824+0000: [ParNew: 16388K->4K(18432K), 0.0029576 secs] 628785K->612401K(896640K), 0.0030114 secs] [Times: user=0.00 sys=0.00, real=0.00 secs] 
2020-10-28T09:48:16.843+0000: [GC (Allocation Failure) 2020-10-28T09:48:16.843+0000: [ParNew: 16388K->4K(18432K), 0.0029306 secs] 628785K->612401K(896640K), 0.0029825 secs] [Times: user=0.01 sys=0.00, real=0.00 secs] 
2020-10-28T09:48:16.862+0000: [GC (Allocation Failure) 2020-10-28T09:48:16.862+0000: [ParNew: 16388K->4K(18432K), 0.0029345 secs] 628785K->612401K(896640K), 0.0029801 secs] [Times: user=0.01 sys=0.00, real=0.00 secs] 
2020-10-28T09:48:16.881+0000: [GC (Allocation Failure) 2020-10-28T09:48:16.881+0000: [ParNew: 16388K->4K(18432K), 0.0029592 secs] 628785K->612401K(896640K), 0.0030104 secs] [Times: user=0.00 sys=0.00, real=0.00 secs] 
2020-10-28T09:48:16.904+0000: [GC (Allocation Failure) 2020-10-28T09:48:16.904+0000: [ParNew: 16388K->4K(18432K), 0.0029803 secs] 628785K->612401K(896640K), 0.0030341 secs] [Times: user=0.00 sys=0.00, real=0.00 secs] 
2020-10-28T09:48:16.923+0000: [GC (Allocation Failure) 2020-10-28T09:48:16.923+0000: [ParNew: 16388K->4K(18432K), 0.0029808 secs] 628785K->612401K(896640K), 0.0030440 secs] [Times: user=0.01 sys=0.00, real=0.00 secs] 
2020-10-28T09:48:16.944+0000: [GC (Allocation Failure) 2020-10-28T09:48:16.944+0000: [ParNew: 16388K->4K(18432K), 0.0030600 secs] 628785K->612401K(896640K), 0.0031134 secs] [Times: user=0.00 sys=0.00, real=0.00 secs] 
2020-10-28T09:48:16.963+0000: [GC (Allocation Failure) 2020-10-28T09:48:16.963+0000: [ParNew: 16388K->4K(18432K), 0.0029544 secs] 628785K->612401K(896640K), 0.0030069 secs] [Times: user=0.01 sys=0.00, real=0.00 secs] 
2020-10-28T09:48:16.984+0000: [GC (Allocation Failure) 2020-10-28T09:48:16.984+0000: [ParNew: 16388K->4K(18432K), 0.0029456 secs] 628785K->612401K(896640K), 0.0029984 secs] [Times: user=0.00 sys=0.00, real=0.00 secs] 
2020-10-28T09:48:17.003+0000: [GC (Allocation Failure) 2020-10-28T09:48:17.003+0000: [ParNew: 16388K->4K(18432K), 0.0029998 secs] 628785K->612401K(896640K), 0.0030509 secs] [Times: user=0.01 sys=0.00, real=0.00 secs] 
2020-10-28T09:48:17.024+0000: [GC (Allocation Failure) 2020-10-28T09:48:17.024+0000: [ParNew: 16388K->4K(18432K), 0.0029292 secs] 628785K->612401K(896640K), 0.0029822 secs] [Times: user=0.01 sys=0.00, real=0.00 secs] 
2020-10-28T09:48:17.047+0000: [GC (Allocation Failure) 2020-10-28T09:48:17.047+0000: [ParNew: 16388K->4K(18432K), 0.0029281 secs] 628785K->612401K(896640K), 0.0029840 secs] [Times: user=0.00 sys=0.00, real=0.01 secs] 
2020-10-28T09:48:17.066+0000: [GC (Allocation Failure) 2020-10-28T09:48:17.066+0000: [ParNew: 16388K->4K(18432K), 0.0029339 secs] 628785K->612401K(896640K), 0.0029867 secs] [Times: user=0.01 sys=0.00, real=0.01 secs] 
2020-10-28T09:48:17.088+0000: [GC (Allocation Failure) 2020-10-28T09:48:17.088+0000: [ParNew: 16388K->4K(18432K), 0.0029208 secs] 628785K->612401K(896640K), 0.0029701 secs] [Times: user=0.00 sys=0.00, real=0.00 secs] 
2020-10-28T09:48:17.107+0000: [GC (Allocation Failure) 2020-10-28T09:48:17.107+0000: [ParNew: 16388K->4K(18432K), 0.0028906 secs] 628785K->612401K(896640K), 0.0029397 secs] [Times: user=0.00 sys=0.00, real=0.01 secs] 
2020-10-28T09:48:17.130+0000: [GC (Allocation Failure) 2020-10-28T09:48:17.130+0000: [ParNew: 16388K->4K(18432K), 0.0029514 secs] 628785K->612401K(896640K), 0.0030041 secs] [Times: user=0.01 sys=0.00, real=0.00 secs] 
2020-10-28T09:48:17.149+0000: [GC (Allocation Failure) 2020-10-28T09:48:17.149+0000: [ParNew: 16388K->4K(18432K), 0.0029455 secs] 628785K->612401K(896640K), 0.0029972 secs] [Times: user=0.00 sys=0.00, real=0.00 secs] 
2020-10-28T09:48:17.172+0000: [GC (Allocation Failure) 2020-10-28T09:48:17.172+0000: [ParNew: 16388K->4K(18432K), 0.0029329 secs] 628785K->612401K(896640K), 0.0029853 secs] [Times: user=0.00 sys=0.00, real=0.00 secs] 
2020-10-28T09:48:17.191+0000: [GC (Allocation Failure) 2020-10-28T09:48:17.191+0000: [ParNew: 16388K->4K(18432K), 0.0029732 secs] 628785K->612401K(896640K), 0.0030275 secs] [Times: user=0.01 sys=0.00, real=0.00 secs] 
2020-10-28T09:48:17.210+0000: [GC (Allocation Failure) 2020-10-28T09:48:17.210+0000: [ParNew: 16388K->4K(18432K), 0.0029754 secs] 628785K->612401K(896640K), 0.0030287 secs] [Times: user=0.01 sys=0.00, real=0.00 secs] 
2020-10-28T09:48:17.229+0000: [GC (Allocation Failure) 2020-10-28T09:48:17.229+0000: [ParNew: 16388K->4K(18432K), 0.0029602 secs] 628785K->612401K(896640K), 0.0030120 secs] [Times: user=0.00 sys=0.00, real=0.00 secs] 
2020-10-28T09:48:17.252+0000: [GC (Allocation Failure) 2020-10-28T09:48:17.252+0000: [ParNew: 16388K->4K(18432K), 0.0029416 secs] 628785K->612401K(896640K), 0.0029945 secs] [Times: user=0.00 sys=0.00, real=0.00 secs] 
2020-10-28T09:48:17.272+0000: [GC (Allocation Failure) 2020-10-28T09:48:17.272+0000: [ParNew: 16388K->4K(18432K), 0.0029626 secs] 628785K->612401K(896640K), 0.0030160 secs] [Times: user=0.00 sys=0.01, real=0.00 secs] 
2020-10-28T09:48:17.291+0000: [GC (Allocation Failure) 2020-10-28T09:48:17.291+0000: [ParNew: 16388K->4K(18432K), 0.0029489 secs] 628785K->612401K(896640K), 0.0030107 secs] [Times: user=0.01 sys=0.00, real=0.00 secs] 
2020-10-28T09:48:17.310+0000: [GC (Allocation Failure) 2020-10-28T09:48:17.310+0000: [ParNew: 16388K->4K(18432K), 0.0029805 secs] 628785K->612401K(896640K), 0.0030335 secs] [Times: user=0.01 sys=0.00, real=0.00 secs] 
2020-10-28T09:48:17.329+0000: [GC (Allocation Failure) 2020-10-28T09:48:17.329+0000: [ParNew: 16388K->4K(18432K), 0.0029813 secs] 628785K->612401K(896640K), 0.0030346 secs] [Times: user=0.01 sys=0.00, real=0.00 secs] 
2020-10-28T09:48:17.352+0000: [GC (Allocation Failure) 2020-10-28T09:48:17.352+0000: [ParNew: 16388K->4K(18432K), 0.0029806 secs] 628785K->612401K(896640K), 0.0030352 secs] [Times: user=0.00 sys=0.00, real=0.00 secs] 
2020-10-28T09:48:17.371+0000: [GC (Allocation Failure) 2020-10-28T09:48:17.371+0000: [ParNew: 16388K->4K(18432K), 0.0029711 secs] 628785K->612401K(896640K), 0.0030251 secs] [Times: user=0.01 sys=0.00, real=0.00 secs] 
2020-10-28T09:48:17.390+0000: [GC (Allocation Failure) 2020-10-28T09:48:17.390+0000: [ParNew: 16388K->4K(18432K), 0.0029991 secs] 628785K->612401K(896640K), 0.0030618 secs] [Times: user=0.00 sys=0.00, real=0.00 secs] 
2020-10-28T09:48:17.409+0000: [GC (Allocation Failure) 2020-10-28T09:48:17.409+0000: [ParNew: 16388K->4K(18432K), 0.0029895 secs] 628785K->612401K(896640K), 0.0030609 secs] [Times: user=0.00 sys=0.00, real=0.00 secs] 
2020-10-28T09:48:17.428+0000: [GC (Allocation Failure) 2020-10-28T09:48:17.428+0000: [ParNew: 16388K->4K(18432K), 0.0029507 secs] 628785K->612401K(896640K), 0.0030043 secs] [Times: user=0.01 sys=0.00, real=0.00 secs] 
2020-10-28T09:48:17.452+0000: [GC (Allocation Failure) 2020-10-28T09:48:17.452+0000: [ParNew: 16388K->4K(18432K), 0.0029523 secs] 628785K->612401K(896640K), 0.0030190 secs] [Times: user=0.00 sys=0.01, real=0.00 secs] 
2020-10-28T09:48:17.471+0000: [GC (Allocation Failure) 2020-10-28T09:48:17.471+0000: [ParNew: 16388K->4K(18432K), 0.0029671 secs] 628785K->612401K(896640K), 0.0030220 secs] [Times: user=0.01 sys=0.00, real=0.00 secs] 
2020-10-28T09:48:17.490+0000: [GC (Allocation Failure) 2020-10-28T09:48:17.490+0000: [ParNew: 16388K->4K(18432K), 0.0029323 secs] 628785K->612401K(896640K), 0.0029848 secs] [Times: user=0.01 sys=0.00, real=0.00 secs] 
2020-10-28T09:48:17.515+0000: [GC (Allocation Failure) 2020-10-28T09:48:17.515+0000: [ParNew: 16388K->6K(18432K), 0.0049739 secs] 628785K->612403K(896640K), 0.0050303 secs] [Times: user=0.01 sys=0.00, real=0.01 secs] 
2020-10-28T09:48:17.537+0000: [GC (Allocation Failure) 2020-10-28T09:48:17.537+0000: [ParNew: 16390K->4K(18432K), 0.0030435 secs] 628787K->612401K(896640K), 0.0030982 secs] [Times: user=0.00 sys=0.00, real=0.00 secs] 
2020-10-28T09:48:17.560+0000: [GC (Allocation Failure) 2020-10-28T09:48:17.560+0000: [ParNew: 16388K->4K(18432K), 0.0030204 secs] 628785K->612401K(896640K), 0.0030723 secs] [Times: user=0.01 sys=0.00, real=0.00 secs] 
2020-10-28T09:48:17.579+0000: [GC (Allocation Failure) 2020-10-28T09:48:17.579+0000: [ParNew: 16388K->4K(18432K), 0.0029469 secs] 628785K->612401K(896640K), 0.0029982 secs] [Times: user=0.00 sys=0.00, real=0.00 secs] 
2020-10-28T09:48:17.598+0000: [GC (Allocation Failure) 2020-10-28T09:48:17.598+0000: [ParNew: 16388K->4K(18432K), 0.0029962 secs] 628785K->612401K(896640K), 0.0030497 secs] [Times: user=0.00 sys=0.00, real=0.00 secs] 
2020-10-28T09:48:17.618+0000: [GC (Allocation Failure) 2020-10-28T09:48:17.618+0000: [ParNew: 16388K->4K(18432K), 0.0029796 secs] 628785K->612401K(896640K), 0.0030319 secs] [Times: user=0.01 sys=0.00, real=0.00 secs] 
2020-10-28T09:48:17.638+0000: [GC (Allocation Failure) 2020-10-28T09:48:17.638+0000: [ParNew: 16388K->4K(18432K), 0.0030227 secs] 628785K->612401K(896640K), 0.0030767 secs] [Times: user=0.01 sys=0.00, real=0.00 secs] 
2020-10-28T09:48:17.660+0000: [GC (Allocation Failure) 2020-10-28T09:48:17.660+0000: [ParNew: 16388K->4K(18432K), 0.0029838 secs] 628785K->612401K(896640K), 0.0030378 secs] [Times: user=0.01 sys=0.00, real=0.00 secs] 
2020-10-28T09:48:17.679+0000: [GC (Allocation Failure) 2020-10-28T09:48:17.679+0000: [ParNew: 16388K->4K(18432K), 0.0029670 secs] 628785K->612401K(896640K), 0.0030204 secs] [Times: user=0.00 sys=0.00, real=0.00 secs] 
2020-10-28T09:48:17.698+0000: [GC (Allocation Failure) 2020-10-28T09:48:17.698+0000: [ParNew: 16388K->4K(18432K), 0.0029870 secs] 628785K->612401K(896640K), 0.0030403 secs] [Times: user=0.00 sys=0.00, real=0.00 secs] 
2020-10-28T09:48:17.718+0000: [GC (Allocation Failure) 2020-10-28T09:48:17.718+0000: [ParNew: 16388K->4K(18432K), 0.0029860 secs] 628785K->612401K(896640K), 0.0030400 secs] [Times: user=0.01 sys=0.00, real=0.00 secs] 
2020-10-28T09:48:17.737+0000: [GC (Allocation Failure) 2020-10-28T09:48:17.737+0000: [ParNew: 16388K->4K(18432K), 0.0029829 secs] 628785K->612401K(896640K), 0.0030370 secs] [Times: user=0.00 sys=0.00, real=0.00 secs] 
2020-10-28T09:48:17.756+0000: [GC (Allocation Failure) 2020-10-28T09:48:17.756+0000: [ParNew: 16388K->4K(18432K), 0.0029612 secs] 628785K->612401K(896640K), 0.0030131 secs] [Times: user=0.01 sys=0.00, real=0.00 secs] 
2020-10-28T09:48:17.775+0000: [GC (Allocation Failure) 2020-10-28T09:48:17.775+0000: [ParNew: 16388K->4K(18432K), 0.0029364 secs] 628785K->612401K(896640K), 0.0029980 secs] [Times: user=0.01 sys=0.00, real=0.01 secs] 
2020-10-28T09:48:17.796+0000: [GC (Allocation Failure) 2020-10-28T09:48:17.796+0000: [ParNew: 16388K->4K(18432K), 0.0029455 secs] 628785K->612401K(896640K), 0.0029973 secs] [Times: user=0.01 sys=0.00, real=0.00 secs] 
2020-10-28T09:48:17.815+0000: [GC (Allocation Failure) 2020-10-28T09:48:17.815+0000: [ParNew: 16388K->4K(18432K), 0.0029818 secs] 628785K->612401K(896640K), 0.0030332 secs] [Times: user=0.00 sys=0.00, real=0.01 secs] 
2020-10-28T09:48:17.834+0000: [GC (Allocation Failure) 2020-10-28T09:48:17.834+0000: [ParNew: 16388K->4K(18432K), 0.0029291 secs] 628785K->612401K(896640K), 0.0029804 secs] [Times: user=0.01 sys=0.00, real=0.01 secs] 
2020-10-28T09:48:17.854+0000: [GC (Allocation Failure) 2020-10-28T09:48:17.854+0000: [ParNew: 16388K->6K(18432K), 0.0029847 secs] 628785K->612403K(896640K), 0.0030341 secs] [Times: user=0.00 sys=0.00, real=0.01 secs] 
2020-10-28T09:48:17.882+0000: [GC (Allocation Failure) 2020-10-28T09:48:17.882+0000: [ParNew: 16390K->1172K(18432K), 0.0036308 secs] 628787K->615617K(896640K), 0.0036827 secs] [Times: user=0.01 sys=0.00, real=0.00 secs] 
2020-10-28T09:48:17.919+0000: [GC (Allocation Failure) 2020-10-28T09:48:17.919+0000: [ParNew: 17556K->16K(18432K), 0.0033450 secs] 632001K->615558K(896640K), 0.0033990 secs] [Times: user=0.00 sys=0.00, real=0.00 secs] 
2020-10-28T09:48:17.924+0000: [GC (CMS Initial Mark) [1 CMS-initial-mark: 615542K(878208K)] 615653K(896640K), 0.0011959 secs] [Times: user=0.00 sys=0.00, real=0.00 secs] 
2020-10-28T09:48:17.925+0000: [CMS-concurrent-mark-start]
2020-10-28T09:48:18.002+0000: [CMS-concurrent-mark: 0.077/0.077 secs] [Times: user=0.15 sys=0.00, real=0.08 secs] 
2020-10-28T09:48:18.002+0000: [GC (Allocation Failure) 2020-10-28T09:48:18.002+0000: [ParNew: 16400K->4K(18432K), 0.0029931 secs] 631942K->615547K(896640K), 0.0030315 secs] [Times: user=0.01 sys=0.00, real=0.00 secs] 
2020-10-28T09:48:18.013+0000: [CMS-concurrent-preclean-start]
2020-10-28T09:48:18.016+0000: [CMS-concurrent-preclean: 0.003/0.003 secs] [Times: user=0.01 sys=0.00, real=0.01 secs] 
2020-10-28T09:48:18.016+0000: [CMS-concurrent-abortable-preclean-start]
2020-10-28T09:48:18.041+0000: [GC (Allocation Failure) 2020-10-28T09:48:18.042+0000: [ParNew: 16388K->4K(18432K), 0.0029798 secs] 631931K->615546K(896640K), 0.0030346 secs] [Times: user=0.01 sys=0.00, real=0.00 secs] 
2020-10-28T09:48:18.080+0000: [GC (Allocation Failure) 2020-10-28T09:48:18.080+0000: [ParNew: 16388K->4K(18432K), 0.0029469 secs] 631930K->615546K(896640K), 0.0030007 secs] [Times: user=0.01 sys=0.00, real=0.00 secs] 
2020-10-28T09:48:18.115+0000: [GC (Allocation Failure) 2020-10-28T09:48:18.115+0000: [ParNew: 16388K->4K(18432K), 0.0031135 secs] 631930K->615546K(896640K), 0.0031765 secs] [Times: user=0.01 sys=0.00, real=0.01 secs] 
2020-10-28T09:48:18.148+0000: [GC (Allocation Failure) 2020-10-28T09:48:18.148+0000: [ParNew: 16388K->4K(18432K), 0.0029317 secs] 631930K->615546K(896640K), 0.0029868 secs] [Times: user=0.00 sys=0.00, real=0.00 secs] 
2020-10-28T09:48:18.184+0000: [GC (Allocation Failure) 2020-10-28T09:48:18.184+0000: [ParNew: 16388K->4K(18432K), 0.0029918 secs] 631930K->615546K(896640K), 0.0030430 secs] [Times: user=0.01 sys=0.00, real=0.00 secs] 
2020-10-28T09:48:18.218+0000: [GC (Allocation Failure) 2020-10-28T09:48:18.218+0000: [ParNew: 16388K->4K(18432K), 0.0029567 secs] 631930K->615547K(896640K), 0.0030086 secs] [Times: user=0.01 sys=0.00, real=0.00 secs] 
2020-10-28T09:48:18.255+0000: [GC (Allocation Failure) 2020-10-28T09:48:18.255+0000: [ParNew: 16388K->4K(18432K), 0.0029507 secs] 631931K->615547K(896640K), 0.0030039 secs] [Times: user=0.00 sys=0.00, real=0.01 secs] 
2020-10-28T09:48:18.289+0000: [GC (Allocation Failure) 2020-10-28T09:48:18.289+0000: [ParNew: 16388K->4K(18432K), 0.0029842 secs] 631931K->615547K(896640K), 0.0030360 secs] [Times: user=0.00 sys=0.00, real=0.00 secs] 
2020-10-28T09:48:18.318+0000: [GC (Allocation Failure) 2020-10-28T09:48:18.318+0000: [ParNew: 15726K->1028K(18432K), 0.0032713 secs] 631269K->617595K(896640K), 0.0033317 secs] [Times: user=0.00 sys=0.00, real=0.00 secs] 
2020-10-28T09:48:18.699+0000: [CMS-concurrent-abortable-preclean: 0.031/0.683 secs] [Times: user=1.26 sys=0.03, real=0.68 secs] 
2020-10-28T09:48:18.705+0000: [GC (CMS Final Remark) [YG occupancy: 14340 K (18432 K)]2020-10-28T09:48:18.705+0000: [Rescan (parallel) , 0.0094123 secs]2020-10-28T09:48:18.714+0000: [weak refs processing, 0.0000598 secs]2020-10-28T09:48:18.714+0000: [class unloading, 0.0078990 secs]2020-10-28T09:48:18.722+0000: [scrub symbol table, 0.0089716 secs]2020-10-28T09:48:18.731+0000: [scrub string table, 0.0005771 secs][1 CMS-remark: 616567K(878208K)] 630907K(896640K), 0.0270966 secs] [Times: user=0.04 sys=0.00, real=0.03 secs] 
2020-10-28T09:48:18.748+0000: [CMS-concurrent-sweep-start]
2020-10-28T09:48:18.758+0000: [CMS-concurrent-sweep: 0.011/0.011 secs] [Times: user=0.02 sys=0.00, real=0.01 secs] 
2020-10-28T09:48:18.758+0000: [CMS-concurrent-reset-start]
2020-10-28T09:48:18.766+0000: [CMS-concurrent-reset: 0.008/0.008 secs] [Times: user=0.02 sys=0.00, real=0.00 secs] 
2020-10-28T09:48:18.779+0000: [GC (Allocation Failure) 2020-10-28T09:48:18.779+0000: [ParNew: 17412K->1257K(18432K), 0.0035809 secs] 405363K->390236K(896640K), 0.0036301 secs] [Times: user=0.01 sys=0.00, real=0.00 secs] 
2020-10-28T09:48:18.944+0000: [GC (Allocation Failure) 2020-10-28T09:48:18.944+0000: [ParNew: 17641K->23K(18432K), 0.0034161 secs] 406620K->390112K(896640K), 0.0034736 secs] [Times: user=0.00 sys=0.00, real=0.00 secs] 
2020-10-28T09:48:19.074+0000: [GC (Allocation Failure) 2020-10-28T09:48:19.074+0000: [ParNew: 16407K->6K(18432K), 0.0029929 secs] 406496K->390095K(896640K), 0.0030673 secs] [Times: user=0.00 sys=0.00, real=0.01 secs] 
2020-10-28T09:48:19.171+0000: [GC (Allocation Failure) 2020-10-28T09:48:19.171+0000: [ParNew: 16390K->6K(18432K), 0.0029903 secs] 406479K->390095K(896640K), 0.0030491 secs] [Times: user=0.01 sys=0.00, real=0.00 secs] 
2020-10-28T09:48:19.245+0000: [GC (Allocation Failure) 2020-10-28T09:48:19.245+0000: [ParNew: 16390K->6K(18432K), 0.0038205 secs] 406479K->390095K(896640K), 0.0038779 secs] [Times: user=0.01 sys=0.00, real=0.01 secs] 
2020-10-28T09:48:19.316+0000: [GC (Allocation Failure) 2020-10-28T09:48:19.316+0000: [ParNew: 16390K->6K(18432K), 0.0030288 secs] 406479K->390095K(896640K), 0.0031019 secs] [Times: user=0.00 sys=0.00, real=0.00 secs] 
2020-10-28T09:48:19.356+0000: [GC (Allocation Failure) 2020-10-28T09:48:19.356+0000: [ParNew: 16390K->6K(18432K), 0.0047368 secs] 406479K->390095K(896640K), 0.0047939 secs] [Times: user=0.00 sys=0.00, real=0.00 secs] 
2020-10-28T09:48:19.412+0000: [GC (Allocation Failure) 2020-10-28T09:48:19.412+0000: [ParNew: 16390K->4K(18432K), 0.0029948 secs] 406479K->390094K(896640K), 0.0030719 secs] [Times: user=0.01 sys=0.00, real=0.00 secs] 
2020-10-28T09:48:19.450+0000: [GC (Allocation Failure) 2020-10-28T09:48:19.450+0000: [ParNew: 16388K->4K(18432K), 0.0030372 secs] 406478K->390095K(896640K), 0.0030949 secs] [Times: user=0.01 sys=0.00, real=0.00 secs] 
2020-10-28T09:48:19.482+0000: [GC (Allocation Failure) 2020-10-28T09:48:19.482+0000: [ParNew: 16388K->4K(18432K), 0.0030037 secs] 406479K->390095K(896640K), 0.0030785 secs] [Times: user=0.01 sys=0.00, real=0.00 secs] 
2020-10-28T09:48:19.517+0000: [GC (Allocation Failure) 2020-10-28T09:48:19.517+0000: [ParNew: 16388K->13K(18432K), 0.0031287 secs] 406479K->390104K(896640K), 0.0031820 secs] [Times: user=0.00 sys=0.00, real=0.00 secs] 
2020-10-28T09:48:19.551+0000: [GC (Allocation Failure) 2020-10-28T09:48:19.551+0000: [ParNew: 16397K->4K(18432K), 0.0031763 secs] 406488K->390095K(896640K), 0.0032454 secs] [Times: user=0.01 sys=0.00, real=0.00 secs] 
2020-10-28T09:48:19.580+0000: [GC (Allocation Failure) 2020-10-28T09:48:19.580+0000: [ParNew: 16388K->4K(18432K), 0.0030123 secs] 406479K->390095K(896640K), 0.0030887 secs] [Times: user=0.00 sys=0.00, real=0.00 secs] 
2020-10-28T09:48:19.616+0000: [GC (Allocation Failure) 2020-10-28T09:48:19.616+0000: [ParNew: 16388K->4K(18432K), 0.0034455 secs] 406479K->390095K(896640K), 0.0035213 secs] [Times: user=0.01 sys=0.00, real=0.00 secs] 
2020-10-28T09:48:19.668+0000: [GC (Allocation Failure) 2020-10-28T09:48:19.668+0000: [ParNew: 16388K->4K(18432K), 0.0030412 secs] 406479K->390095K(896640K), 0.0031156 secs] [Times: user=0.01 sys=0.00, real=0.00 secs] 
2020-10-28T09:48:19.704+0000: [GC (Allocation Failure) 2020-10-28T09:48:19.704+0000: [ParNew: 16388K->4K(18432K), 0.0029595 secs] 406479K->390095K(896640K), 0.0030173 secs] [Times: user=0.00 sys=0.00, real=0.00 secs] 
2020-10-28T09:48:19.736+0000: [GC (Allocation Failure) 2020-10-28T09:48:19.736+0000: [ParNew: 16388K->4K(18432K), 0.0029553 secs] 406479K->390096K(896640K), 0.0030118 secs] [Times: user=0.01 sys=0.00, real=0.00 secs] 
2020-10-28T09:48:19.761+0000: [GC (Allocation Failure) 2020-10-28T09:48:19.761+0000: [ParNew: 16388K->4K(18432K), 0.0029856 secs] 406480K->390096K(896640K), 0.0030608 secs] [Times: user=0.01 sys=0.00, real=0.00 secs] 
2020-10-28T09:48:19.791+0000: [GC (Allocation Failure) 2020-10-28T09:48:19.791+0000: [ParNew: 16388K->4K(18432K), 0.0031242 secs] 406480K->390096K(896640K), 0.0031994 secs] [Times: user=0.01 sys=0.00, real=0.00 secs] 
2020-10-28T09:48:19.825+0000: [GC (Allocation Failure) 2020-10-28T09:48:19.825+0000: [ParNew: 16388K->4K(18432K), 0.0029647 secs] 406480K->390096K(896640K), 0.0030194 secs] [Times: user=0.01 sys=0.00, real=0.01 secs] 
2020-10-28T09:48:19.854+0000: [GC (Allocation Failure) 2020-10-28T09:48:19.854+0000: [ParNew: 16388K->4K(18432K), 0.0029469 secs] 406480K->390096K(896640K), 0.0030037 secs] [Times: user=0.00 sys=0.00, real=0.01 secs] 
2020-10-28T09:48:19.896+0000: [GC (Allocation Failure) 2020-10-28T09:48:19.896+0000: [ParNew: 16388K->4K(18432K), 0.0029731 secs] 406480K->390096K(896640K), 0.0030470 secs] [Times: user=0.00 sys=0.00, real=0.00 secs] 
2020-10-28T09:48:19.924+0000: [GC (Allocation Failure) 2020-10-28T09:48:19.924+0000: [ParNew: 16388K->4K(18432K), 0.0029298 secs] 406480K->390096K(896640K), 0.0029866 secs] [Times: user=0.01 sys=0.00, real=0.00 secs] 
2020-10-28T09:48:19.955+0000: [GC (Allocation Failure) 2020-10-28T09:48:19.955+0000: [ParNew: 16388K->4K(18432K), 0.0029990 secs] 406480K->390096K(896640K), 0.0030554 secs] [Times: user=0.01 sys=0.00, real=0.01 secs] 
2020-10-28T09:48:19.987+0000: [GC (Allocation Failure) 2020-10-28T09:48:19.987+0000: [ParNew: 16388K->4K(18432K), 0.0029609 secs] 406480K->390096K(896640K), 0.0030167 secs] [Times: user=0.01 sys=0.00, real=0.01 secs] 
2020-10-28T09:48:20.012+0000: [GC (Allocation Failure) 2020-10-28T09:48:20.012+0000: [ParNew: 16388K->4K(18432K), 0.0029673 secs] 406480K->390096K(896640K), 0.0030247 secs] [Times: user=0.00 sys=0.00, real=0.00 secs] 
2020-10-28T09:48:20.034+0000: [GC (Allocation Failure) 2020-10-28T09:48:20.034+0000: [ParNew: 16388K->4K(18432K), 0.0030651 secs] 406480K->390096K(896640K), 0.0031277 secs] [Times: user=0.01 sys=0.00, real=0.01 secs] 
2020-10-28T09:48:20.056+0000: [GC (Allocation Failure) 2020-10-28T09:48:20.056+0000: [ParNew: 16388K->4K(18432K), 0.0030179 secs] 406480K->390096K(896640K), 0.0030796 secs] [Times: user=0.01 sys=0.00, real=0.00 secs] 
2020-10-28T09:48:20.079+0000: [GC (Allocation Failure) 2020-10-28T09:48:20.079+0000: [ParNew: 16388K->4K(18432K), 0.0029786 secs] 406480K->390096K(896640K), 0.0030318 secs] [Times: user=0.01 sys=0.00, real=0.00 secs] 
2020-10-28T09:48:20.100+0000: [GC (Allocation Failure) 2020-10-28T09:48:20.100+0000: [ParNew: 16388K->4K(18432K), 0.0029204 secs] 406480K->390096K(896640K), 0.0029728 secs] [Times: user=0.00 sys=0.00, real=0.00 secs] 
2020-10-28T09:48:20.122+0000: [GC (Allocation Failure) 2020-10-28T09:48:20.122+0000: [ParNew: 16388K->4K(18432K), 0.0029953 secs] 406480K->390096K(896640K), 0.0030499 secs] [Times: user=0.00 sys=0.00, real=0.00 secs] 
2020-10-28T09:48:20.144+0000: [GC (Allocation Failure) 2020-10-28T09:48:20.144+0000: [ParNew: 16388K->4K(18432K), 0.0029660 secs] 406480K->390096K(896640K), 0.0030200 secs] [Times: user=0.01 sys=0.00, real=0.00 secs] 
2020-10-28T09:48:20.172+0000: [GC (Allocation Failure) 2020-10-28T09:48:20.172+0000: [ParNew: 16388K->4K(18432K), 0.0029671 secs] 406480K->390096K(896640K), 0.0030238 secs] [Times: user=0.01 sys=0.00, real=0.00 secs] 
2020-10-28T09:48:20.196+0000: [GC (Allocation Failure) 2020-10-28T09:48:20.196+0000: [ParNew: 16388K->4K(18432K), 0.0029590 secs] 406480K->390096K(896640K), 0.0030146 secs] [Times: user=0.00 sys=0.00, real=0.00 secs] 
2020-10-28T09:48:20.218+0000: [GC (Allocation Failure) 2020-10-28T09:48:20.218+0000: [ParNew: 16388K->4K(18432K), 0.0029899 secs] 406480K->390096K(896640K), 0.0030445 secs] [Times: user=0.01 sys=0.00, real=0.00 secs] 
2020-10-28T09:48:20.240+0000: [GC (Allocation Failure) 2020-10-28T09:48:20.240+0000: [ParNew: 16388K->4K(18432K), 0.0029803 secs] 406480K->390096K(896640K), 0.0030453 secs] [Times: user=0.01 sys=0.00, real=0.00 secs] 
2020-10-28T09:48:20.262+0000: [GC (Allocation Failure) 2020-10-28T09:48:20.262+0000: [ParNew: 16388K->4K(18432K), 0.0035163 secs] 406480K->390096K(896640K), 0.0035730 secs] [Times: user=0.00 sys=0.00, real=0.00 secs] 
2020-10-28T09:48:20.285+0000: [GC (Allocation Failure) 2020-10-28T09:48:20.285+0000: [ParNew: 16388K->4K(18432K), 0.0029585 secs] 406480K->390096K(896640K), 0.0030134 secs] [Times: user=0.01 sys=0.00, real=0.01 secs] 
2020-10-28T09:48:20.312+0000: [GC (Allocation Failure) 2020-10-28T09:48:20.312+0000: [ParNew: 16388K->4K(18432K), 0.0029413 secs] 406480K->390096K(896640K), 0.0029976 secs] [Times: user=0.01 sys=0.00, real=0.00 secs] 
2020-10-28T09:48:20.336+0000: [GC (Allocation Failure) 2020-10-28T09:48:20.336+0000: [ParNew: 16388K->4K(18432K), 0.0029345 secs] 406480K->390096K(896640K), 0.0029886 secs] [Times: user=0.01 sys=0.00, real=0.00 secs] 
2020-10-28T09:48:20.357+0000: [GC (Allocation Failure) 2020-10-28T09:48:20.357+0000: [ParNew: 16388K->4K(18432K), 0.0029656 secs] 406480K->390096K(896640K), 0.0030203 secs] [Times: user=0.01 sys=0.00, real=0.00 secs] 
2020-10-28T09:48:20.379+0000: [GC (Allocation Failure) 2020-10-28T09:48:20.379+0000: [ParNew: 16388K->4K(18432K), 0.0029690 secs] 406480K->390096K(896640K), 0.0030240 secs] [Times: user=0.00 sys=0.00, real=0.00 secs] 
2020-10-28T09:48:20.400+0000: [GC (Allocation Failure) 2020-10-28T09:48:20.400+0000: [ParNew: 16388K->4K(18432K), 0.0029195 secs] 406480K->390096K(896640K), 0.0029731 secs] [Times: user=0.00 sys=0.00, real=0.00 secs] 
2020-10-28T09:48:20.424+0000: [GC (Allocation Failure) 2020-10-28T09:48:20.424+0000: [ParNew: 16388K->4K(18432K), 0.0029529 secs] 406480K->390096K(896640K), 0.0030103 secs] [Times: user=0.01 sys=0.00, real=0.00 secs] 
2020-10-28T09:48:20.445+0000: [GC (Allocation Failure) 2020-10-28T09:48:20.446+0000: [ParNew: 16388K->4K(18432K), 0.0030014 secs] 406480K->390096K(896640K), 0.0030567 secs] [Times: user=0.01 sys=0.00, real=0.01 secs] 
2020-10-28T09:48:20.468+0000: [GC (Allocation Failure) 2020-10-28T09:48:20.468+0000: [ParNew: 16388K->4K(18432K), 0.0029440 secs] 406480K->390096K(896640K), 0.0030003 secs] [Times: user=0.01 sys=0.00, real=0.00 secs] 
2020-10-28T09:48:20.492+0000: [GC (Allocation Failure) 2020-10-28T09:48:20.492+0000: [ParNew: 16388K->4K(18432K), 0.0029287 secs] 406480K->390096K(896640K), 0.0029873 secs] [Times: user=0.01 sys=0.00, real=0.00 secs] 
2020-10-28T09:48:20.514+0000: [GC (GCLocker Initiated GC) 2020-10-28T09:48:20.514+0000: [ParNew: 16388K->4K(18432K), 0.0030054 secs] 406480K->390096K(896640K), 0.0030614 secs] [Times: user=0.00 sys=0.00, real=0.01 secs] 
2020-10-28T09:48:20.541+0000: [GC (Allocation Failure) 2020-10-28T09:48:20.541+0000: [ParNew: 16388K->4K(18432K), 0.0029805 secs] 406480K->390096K(896640K), 0.0030386 secs] [Times: user=0.01 sys=0.00, real=0.00 secs] 
2020-10-28T09:48:20.567+0000: [GC (Allocation Failure) 2020-10-28T09:48:20.567+0000: [ParNew: 16388K->4K(18432K), 0.0029568 secs] 406480K->390096K(896640K), 0.0030109 secs] [Times: user=0.01 sys=0.00, real=0.01 secs] 
2020-10-28T09:48:20.589+0000: [GC (Allocation Failure) 2020-10-28T09:48:20.589+0000: [ParNew: 16388K->4K(18432K), 0.0029319 secs] 406480K->390096K(896640K), 0.0029842 secs] [Times: user=0.01 sys=0.00, real=0.00 secs] 
2020-10-28T09:48:20.612+0000: [GC (Allocation Failure) 2020-10-28T09:48:20.612+0000: [ParNew: 16388K->4K(18432K), 0.0029219 secs] 406480K->390096K(896640K), 0.0029766 secs] [Times: user=0.01 sys=0.00, real=0.00 secs] 
2020-10-28T09:48:20.640+0000: [GC (Allocation Failure) 2020-10-28T09:48:20.640+0000: [ParNew: 16388K->4K(18432K), 0.0029631 secs] 406480K->390096K(896640K), 0.0030163 secs] [Times: user=0.00 sys=0.00, real=0.00 secs] 
2020-10-28T09:48:20.664+0000: [GC (Allocation Failure) 2020-10-28T09:48:20.664+0000: [ParNew: 16388K->4K(18432K), 0.0029641 secs] 406480K->390096K(896640K), 0.0030199 secs] [Times: user=0.01 sys=0.00, real=0.00 secs] 
2020-10-28T09:48:20.687+0000: [GC (Allocation Failure) 2020-10-28T09:48:20.687+0000: [ParNew: 16388K->4K(18432K), 0.0029612 secs] 406480K->390096K(896640K), 0.0030155 secs] [Times: user=0.00 sys=0.00, real=0.01 secs] 
2020-10-28T09:48:20.708+0000: [GC (Allocation Failure) 2020-10-28T09:48:20.708+0000: [ParNew: 16388K->4K(18432K), 0.0029577 secs] 406480K->390096K(896640K), 0.0030141 secs] [Times: user=0.01 sys=0.00, real=0.00 secs] 
2020-10-28T09:48:20.730+0000: [GC (Allocation Failure) 2020-10-28T09:48:20.730+0000: [ParNew: 16388K->4K(18432K), 0.0029613 secs] 406480K->390096K(896640K), 0.0030168 secs] [Times: user=0.01 sys=0.00, real=0.00 secs] 
2020-10-28T09:48:20.752+0000: [GC (Allocation Failure) 2020-10-28T09:48:20.752+0000: [ParNew: 16388K->4K(18432K), 0.0029369 secs] 406480K->390096K(896640K), 0.0029917 secs] [Times: user=0.01 sys=0.00, real=0.00 secs] 
2020-10-28T09:48:20.774+0000: [GC (GCLocker Initiated GC) 2020-10-28T09:48:20.774+0000: [ParNew: 16388K->4K(18432K), 0.0029385 secs] 406480K->390096K(896640K), 0.0029921 secs] [Times: user=0.00 sys=0.00, real=0.01 secs] 
2020-10-28T09:48:20.796+0000: [GC (Allocation Failure) 2020-10-28T09:48:20.796+0000: [ParNew: 16388K->4K(18432K), 0.0029387 secs] 406480K->390096K(896640K), 0.0029911 secs] [Times: user=0.01 sys=0.00, real=0.00 secs] 
2020-10-28T09:48:20.817+0000: [GC (Allocation Failure) 2020-10-28T09:48:20.817+0000: [ParNew: 16388K->4K(18432K), 0.0029871 secs] 406480K->390096K(896640K), 0.0030408 secs] [Times: user=0.01 sys=0.00, real=0.00 secs] 
2020-10-28T09:48:20.839+0000: [GC (Allocation Failure) 2020-10-28T09:48:20.839+0000: [ParNew: 16388K->4K(18432K), 0.0029428 secs] 406480K->390096K(896640K), 0.0029974 secs] [Times: user=0.01 sys=0.00, real=0.00 secs] 
2020-10-28T09:48:20.861+0000: [GC (Allocation Failure) 2020-10-28T09:48:20.861+0000: [ParNew: 16388K->4K(18432K), 0.0029711 secs] 406480K->390096K(896640K), 0.0030259 secs] [Times: user=0.00 sys=0.00, real=0.00 secs] 
2020-10-28T09:48:20.882+0000: [GC (Allocation Failure) 2020-10-28T09:48:20.882+0000: [ParNew: 16388K->4K(18432K), 0.0029644 secs] 406480K->390096K(896640K), 0.0030190 secs] [Times: user=0.01 sys=0.00, real=0.00 secs] 
2020-10-28T09:48:20.908+0000: [GC (Allocation Failure) 2020-10-28T09:48:20.908+0000: [ParNew: 16388K->4K(18432K), 0.0030003 secs] 406480K->390096K(896640K), 0.0030552 secs] [Times: user=0.00 sys=0.00, real=0.00 secs] 
2020-10-28T09:48:20.930+0000: [GC (Allocation Failure) 2020-10-28T09:48:20.930+0000: [ParNew: 16388K->4K(18432K), 0.0029930 secs] 406480K->390096K(896640K), 0.0030578 secs] [Times: user=0.01 sys=0.00, real=0.00 secs] 
2020-10-28T09:48:20.952+0000: [GC (Allocation Failure) 2020-10-28T09:48:20.952+0000: [ParNew: 16388K->4K(18432K), 0.0029444 secs] 406480K->390096K(896640K), 0.0029972 secs] [Times: user=0.00 sys=0.00, real=0.00 secs] 
2020-10-28T09:48:20.973+0000: [GC (Allocation Failure) 2020-10-28T09:48:20.973+0000: [ParNew: 16388K->4K(18432K), 0.0029638 secs] 406480K->390096K(896640K), 0.0030175 secs] [Times: user=0.00 sys=0.00, real=0.01 secs] 
2020-10-28T09:48:20.998+0000: [GC (Allocation Failure) 2020-10-28T09:48:20.998+0000: [ParNew: 16388K->4K(18432K), 0.0029609 secs] 406480K->390096K(896640K), 0.0030175 secs] [Times: user=0.00 sys=0.00, real=0.00 secs] 
2020-10-28T09:48:21.020+0000: [GC (Allocation Failure) 2020-10-28T09:48:21.020+0000: [ParNew: 16388K->4K(18432K), 0.0030106 secs] 406480K->390096K(896640K), 0.0030791 secs] [Times: user=0.01 sys=0.00, real=0.00 secs] 
2020-10-28T09:48:21.050+0000: [GC (Allocation Failure) 2020-10-28T09:48:21.050+0000: [ParNew: 16388K->4K(18432K), 0.0029860 secs] 406480K->390096K(896640K), 0.0030432 secs] [Times: user=0.01 sys=0.00, real=0.00 secs] 
2020-10-28T09:48:21.073+0000: [GC (Allocation Failure) 2020-10-28T09:48:21.073+0000: [ParNew: 16388K->4K(18432K), 0.0030102 secs] 406480K->390096K(896640K), 0.0030680 secs] [Times: user=0.00 sys=0.00, real=0.01 secs] 
2020-10-28T09:48:21.096+0000: [GC (Allocation Failure) 2020-10-28T09:48:21.096+0000: [ParNew: 16388K->4K(18432K), 0.0055313 secs] 406480K->390096K(896640K), 0.0056078 secs] [Times: user=0.01 sys=0.00, real=0.00 secs] 
2020-10-28T09:48:21.120+0000: [GC (Allocation Failure) 2020-10-28T09:48:21.120+0000: [ParNew: 16388K->4K(18432K), 0.0030363 secs] 406480K->390096K(896640K), 0.0031003 secs] [Times: user=0.01 sys=0.00, real=0.00 secs] 
2020-10-28T09:48:21.143+0000: [GC (Allocation Failure) 2020-10-28T09:48:21.143+0000: [ParNew: 16388K->4K(18432K), 0.0030172 secs] 406480K->390096K(896640K), 0.0030712 secs] [Times: user=0.01 sys=0.00, real=0.00 secs] 
2020-10-28T09:48:21.165+0000: [GC (Allocation Failure) 2020-10-28T09:48:21.166+0000: [ParNew: 16388K->4K(18432K), 0.0029917 secs] 406480K->390096K(896640K), 0.0030486 secs] [Times: user=0.00 sys=0.00, real=0.01 secs] 
2020-10-28T09:48:21.188+0000: [GC (Allocation Failure) 2020-10-28T09:48:21.188+0000: [ParNew: 16388K->4K(18432K), 0.0029486 secs] 406480K->390096K(896640K), 0.0030020 secs] [Times: user=0.00 sys=0.00, real=0.00 secs] 
2020-10-28T09:48:21.209+0000: [GC (Allocation Failure) 2020-10-28T09:48:21.210+0000: [ParNew: 16388K->4K(18432K), 0.0029939 secs] 406480K->390096K(896640K), 0.0030476 secs] [Times: user=0.01 sys=0.00, real=0.00 secs] 
2020-10-28T09:48:21.232+0000: [GC (Allocation Failure) 2020-10-28T09:48:21.232+0000: [ParNew: 16388K->4K(18432K), 0.0030591 secs] 406480K->390096K(896640K), 0.0031129 secs] [Times: user=0.01 sys=0.00, real=0.00 secs] 
2020-10-28T09:48:21.253+0000: [GC (Allocation Failure) 2020-10-28T09:48:21.253+0000: [ParNew: 16388K->4K(18432K), 0.0029637 secs] 406480K->390096K(896640K), 0.0030175 secs] [Times: user=0.01 sys=0.00, real=0.01 secs] 
2020-10-28T09:48:21.276+0000: [GC (Allocation Failure) 2020-10-28T09:48:21.276+0000: [ParNew: 16388K->4K(18432K), 0.0029408 secs] 406480K->390096K(896640K), 0.0029952 secs] [Times: user=0.01 sys=0.00, real=0.00 secs] 
2020-10-28T09:48:21.298+0000: [GC (Allocation Failure) 2020-10-28T09:48:21.298+0000: [ParNew: 16388K->4K(18432K), 0.0029901 secs] 406480K->390096K(896640K), 0.0030437 secs] [Times: user=0.00 sys=0.00, real=0.00 secs] 
2020-10-28T09:48:21.323+0000: [GC (Allocation Failure) 2020-10-28T09:48:21.323+0000: [ParNew: 16388K->4K(18432K), 0.0029704 secs] 406480K->390096K(896640K), 0.0030242 secs] [Times: user=0.01 sys=0.00, real=0.00 secs] 
2020-10-28T09:48:21.347+0000: [GC (Allocation Failure) 2020-10-28T09:48:21.347+0000: [ParNew: 16388K->4K(18432K), 0.0029886 secs] 406480K->390096K(896640K), 0.0030499 secs] [Times: user=0.01 sys=0.00, real=0.01 secs] 
2020-10-28T09:48:21.372+0000: [GC (Allocation Failure) 2020-10-28T09:48:21.372+0000: [ParNew: 16388K->4K(18432K), 0.0029553 secs] 406480K->390096K(896640K), 0.0030107 secs] [Times: user=0.00 sys=0.00, real=0.00 secs] 
2020-10-28T09:48:21.395+0000: [GC (Allocation Failure) 2020-10-28T09:48:21.395+0000: [ParNew: 16388K->4K(18432K), 0.0029700 secs] 406481K->390096K(896640K), 0.0030244 secs] [Times: user=0.01 sys=0.00, real=0.01 secs] 
2020-10-28T09:48:21.416+0000: [GC (Allocation Failure) 2020-10-28T09:48:21.416+0000: [ParNew: 16388K->4K(18432K), 0.0029847 secs] 406480K->390096K(896640K), 0.0030412 secs] [Times: user=0.01 sys=0.00, real=0.00 secs] 
2020-10-28T09:48:21.437+0000: [GC (Allocation Failure) 2020-10-28T09:48:21.438+0000: [ParNew: 16388K->4K(18432K), 0.0029777 secs] 406480K->390096K(896640K), 0.0030330 secs] [Times: user=0.00 sys=0.00, real=0.00 secs] 
2020-10-28T09:48:21.460+0000: [GC (Allocation Failure) 2020-10-28T09:48:21.460+0000: [ParNew: 16388K->4K(18432K), 0.0030259 secs] 406480K->390096K(896640K), 0.0030831 secs] [Times: user=0.01 sys=0.00, real=0.00 secs] 
2020-10-28T09:48:21.481+0000: [GC (Allocation Failure) 2020-10-28T09:48:21.481+0000: [ParNew: 16388K->4K(18432K), 0.0030092 secs] 406480K->390096K(896640K), 0.0030666 secs] [Times: user=0.01 sys=0.00, real=0.00 secs] 
2020-10-28T09:48:21.503+0000: [GC (Allocation Failure) 2020-10-28T09:48:21.503+0000: [ParNew: 16388K->4K(18432K), 0.0029727 secs] 406480K->390096K(896640K), 0.0030265 secs] [Times: user=0.00 sys=0.00, real=0.00 secs] 
2020-10-28T09:48:21.525+0000: [GC (Allocation Failure) 2020-10-28T09:48:21.525+0000: [ParNew: 16388K->4K(18432K), 0.0029696 secs] 406480K->390097K(896640K), 0.0030229 secs] [Times: user=0.01 sys=0.00, real=0.01 secs] 
2020-10-28T09:48:21.547+0000: [GC (Allocation Failure) 2020-10-28T09:48:21.547+0000: [ParNew: 16388K->4K(18432K), 0.0029562 secs] 406481K->390097K(896640K), 0.0030098 secs] [Times: user=0.01 sys=0.00, real=0.01 secs] 
2020-10-28T09:48:21.572+0000: [GC (Allocation Failure) 2020-10-28T09:48:21.572+0000: [ParNew: 16388K->4K(18432K), 0.0047311 secs] 406481K->390097K(896640K), 0.0047847 secs] [Times: user=0.01 sys=0.00, real=0.01 secs] 
2020-10-28T09:48:21.599+0000: [GC (Allocation Failure) 2020-10-28T09:48:21.599+0000: [ParNew: 16388K->4K(18432K), 0.0029309 secs] 406481K->390097K(896640K), 0.0029828 secs] [Times: user=0.01 sys=0.00, real=0.00 secs] 
2020-10-28T09:48:21.621+0000: [GC (Allocation Failure) 2020-10-28T09:48:21.621+0000: [ParNew: 16388K->4K(18432K), 0.0029549 secs] 406481K->390097K(896640K), 0.0030150 secs] [Times: user=0.01 sys=0.00, real=0.00 secs] 
2020-10-28T09:48:21.643+0000: [GC (Allocation Failure) 2020-10-28T09:48:21.643+0000: [ParNew: 16388K->4K(18432K), 0.0029343 secs] 406481K->390097K(896640K), 0.0029863 secs] [Times: user=0.00 sys=0.00, real=0.00 secs] 
2020-10-28T09:48:21.666+0000: [GC (Allocation Failure) 2020-10-28T09:48:21.667+0000: [ParNew: 16388K->4K(18432K), 0.0030257 secs] 406481K->390097K(896640K), 0.0030773 secs] [Times: user=0.01 sys=0.00, real=0.01 secs] 
2020-10-28T09:48:21.688+0000: [GC (Allocation Failure) 2020-10-28T09:48:21.688+0000: [ParNew: 16388K->4K(18432K), 0.0029466 secs] 406481K->390097K(896640K), 0.0030024 secs] [Times: user=0.01 sys=0.00, real=0.00 secs] 
2020-10-28T09:48:21.712+0000: [GC (Allocation Failure) 2020-10-28T09:48:21.712+0000: [ParNew: 16388K->4K(18432K), 0.0029747 secs] 406481K->390097K(896640K), 0.0030290 secs] [Times: user=0.01 sys=0.00, real=0.00 secs] 
2020-10-28T09:48:21.734+0000: [GC (Allocation Failure) 2020-10-28T09:48:21.734+0000: [ParNew: 16388K->4K(18432K), 0.0029959 secs] 406481K->390097K(896640K), 0.0030556 secs] [Times: user=0.00 sys=0.00, real=0.01 secs] 
2020-10-28T09:48:21.755+0000: [GC (Allocation Failure) 2020-10-28T09:48:21.755+0000: [ParNew: 16388K->4K(18432K), 0.0029675 secs] 406481K->390097K(896640K), 0.0030206 secs] [Times: user=0.00 sys=0.00, real=0.01 secs] 
2020-10-28T09:48:21.777+0000: [GC (Allocation Failure) 2020-10-28T09:48:21.777+0000: [ParNew: 16388K->4K(18432K), 0.0029699 secs] 406481K->390097K(896640K), 0.0030243 secs] [Times: user=0.00 sys=0.00, real=0.00 secs] 
2020-10-28T09:48:21.803+0000: [GC (Allocation Failure) 2020-10-28T09:48:21.803+0000: [ParNew: 16388K->4K(18432K), 0.0029884 secs] 406481K->390097K(896640K), 0.0030436 secs] [Times: user=0.01 sys=0.00, real=0.00 secs] 
2020-10-28T09:48:21.825+0000: [GC (Allocation Failure) 2020-10-28T09:48:21.825+0000: [ParNew: 16388K->4K(18432K), 0.0029672 secs] 406481K->390097K(896640K), 0.0030212 secs] [Times: user=0.00 sys=0.00, real=0.01 secs] 
2020-10-28T09:48:21.847+0000: [GC (Allocation Failure) 2020-10-28T09:48:21.847+0000: [ParNew: 16388K->4K(18432K), 0.0029841 secs] 406481K->390097K(896640K), 0.0030455 secs] [Times: user=0.01 sys=0.00, real=0.01 secs] 
2020-10-28T09:48:21.869+0000: [GC (Allocation Failure) 2020-10-28T09:48:21.869+0000: [ParNew: 16388K->4K(18432K), 0.0029755 secs] 406481K->390097K(896640K), 0.0030299 secs] [Times: user=0.00 sys=0.00, real=0.00 secs] 
2020-10-28T09:48:21.892+0000: [GC (Allocation Failure) 2020-10-28T09:48:21.892+0000: [ParNew: 16388K->4K(18432K), 0.0029420 secs] 406481K->390097K(896640K), 0.0030071 secs] [Times: user=0.00 sys=0.00, real=0.00 secs] 
2020-10-28T09:48:21.914+0000: [GC (Allocation Failure) 2020-10-28T09:48:21.914+0000: [ParNew: 16388K->4K(18432K), 0.0029651 secs] 406481K->390097K(896640K), 0.0030173 secs] [Times: user=0.01 sys=0.00, real=0.01 secs] 
2020-10-28T09:48:21.936+0000: [GC (Allocation Failure) 2020-10-28T09:48:21.936+0000: [ParNew: 16388K->4K(18432K), 0.0029778 secs] 406481K->390097K(896640K), 0.0030384 secs] [Times: user=0.01 sys=0.00, real=0.00 secs] 
2020-10-28T09:48:21.959+0000: [GC (Allocation Failure) 2020-10-28T09:48:21.959+0000: [ParNew: 16388K->4K(18432K), 0.0029452 secs] 406481K->390097K(896640K), 0.0029981 secs] [Times: user=0.01 sys=0.00, real=0.00 secs] 
2020-10-28T09:48:21.984+0000: [GC (Allocation Failure) 2020-10-28T09:48:21.984+0000: [ParNew: 16388K->4K(18432K), 0.0029333 secs] 406481K->390097K(896640K), 0.0029900 secs] [Times: user=0.01 sys=0.00, real=0.00 secs] 
2020-10-28T09:48:22.005+0000: [GC (Allocation Failure) 2020-10-28T09:48:22.006+0000: [ParNew: 16388K->4K(18432K), 0.0029916 secs] 406481K->390097K(896640K), 0.0030471 secs] [Times: user=0.01 sys=0.00, real=0.01 secs] 
2020-10-28T09:48:22.027+0000: [GC (Allocation Failure) 2020-10-28T09:48:22.028+0000: [ParNew: 16388K->4K(18432K), 0.0029813 secs] 406481K->390097K(896640K), 0.0030378 secs] [Times: user=0.01 sys=0.00, real=0.00 secs] 
2020-10-28T09:48:22.050+0000: [GC (Allocation Failure) 2020-10-28T09:48:22.050+0000: [ParNew: 16388K->4K(18432K), 0.0029765 secs] 406481K->390097K(896640K), 0.0030401 secs] [Times: user=0.01 sys=0.00, real=0.00 secs] 
2020-10-28T09:48:22.075+0000: [GC (Allocation Failure) 2020-10-28T09:48:22.075+0000: [ParNew: 16388K->4K(18432K), 0.0030023 secs] 406481K->390097K(896640K), 0.0030598 secs] [Times: user=0.00 sys=0.00, real=0.01 secs] 
2020-10-28T09:48:22.097+0000: [GC (Allocation Failure) 2020-10-28T09:48:22.097+0000: [ParNew: 16388K->4K(18432K), 0.0030553 secs] 406481K->390097K(896640K), 0.0031139 secs] [Times: user=0.01 sys=0.00, real=0.00 secs] 
2020-10-28T09:48:22.120+0000: [GC (Allocation Failure) 2020-10-28T09:48:22.121+0000: [ParNew: 16388K->4K(18432K), 0.0031521 secs] 406481K->390097K(896640K), 0.0032100 secs] [Times: user=0.00 sys=0.00, real=0.00 secs] 
2020-10-28T09:48:22.144+0000: [GC (Allocation Failure) 2020-10-28T09:48:22.144+0000: [ParNew: 16388K->4K(18432K), 0.0029674 secs] 406481K->390097K(896640K), 0.0030217 secs] [Times: user=0.00 sys=0.00, real=0.00 secs] 
2020-10-28T09:48:22.170+0000: [GC (Allocation Failure) 2020-10-28T09:48:22.170+0000: [ParNew: 16388K->4K(18432K), 0.0032212 secs] 406481K->390097K(896640K), 0.0032814 secs] [Times: user=0.01 sys=0.00, real=0.00 secs] 
2020-10-28T09:48:22.195+0000: [GC (Allocation Failure) 2020-10-28T09:48:22.195+0000: [ParNew: 16388K->4K(18432K), 0.0029659 secs] 406481K->390097K(896640K), 0.0030378 secs] [Times: user=0.01 sys=0.00, real=0.01 secs] 
2020-10-28T09:48:22.217+0000: [GC (Allocation Failure) 2020-10-28T09:48:22.217+0000: [ParNew: 16388K->4K(18432K), 0.0029643 secs] 406481K->390097K(896640K), 0.0030167 secs] [Times: user=0.00 sys=0.00, real=0.00 secs] 
2020-10-28T09:48:22.239+0000: [GC (Allocation Failure) 2020-10-28T09:48:22.239+0000: [ParNew: 16388K->4K(18432K), 0.0029797 secs] 406481K->390097K(896640K), 0.0030358 secs] [Times: user=0.01 sys=0.00, real=0.00 secs] 
2020-10-28T09:48:22.264+0000: [GC (Allocation Failure) 2020-10-28T09:48:22.264+0000: [ParNew: 16388K->4K(18432K), 0.0029361 secs] 406481K->390097K(896640K), 0.0029920 secs] [Times: user=0.01 sys=0.00, real=0.00 secs] 
2020-10-28T09:48:22.288+0000: [GC (Allocation Failure) 2020-10-28T09:48:22.288+0000: [ParNew: 16388K->4K(18432K), 0.0030387 secs] 406481K->390097K(896640K), 0.0030958 secs] [Times: user=0.01 sys=0.00, real=0.00 secs] 
2020-10-28T09:48:22.312+0000: [GC (Allocation Failure) 2020-10-28T09:48:22.312+0000: [ParNew: 16388K->4K(18432K), 0.0084612 secs] 406481K->390097K(896640K), 0.0085237 secs] [Times: user=0.00 sys=0.00, real=0.01 secs] 
2020-10-28T09:48:22.343+0000: [GC (Allocation Failure) 2020-10-28T09:48:22.343+0000: [ParNew: 16388K->4K(18432K), 0.0030075 secs] 406481K->390097K(896640K), 0.0030648 secs] [Times: user=0.00 sys=0.00, real=0.00 secs] 
2020-10-28T09:48:22.364+0000: [GC (Allocation Failure) 2020-10-28T09:48:22.364+0000: [ParNew: 16388K->4K(18432K), 0.0029785 secs] 406481K->390097K(896640K), 0.0030358 secs] [Times: user=0.01 sys=0.00, real=0.00 secs] 
2020-10-28T09:48:22.386+0000: [GC (Allocation Failure) 2020-10-28T09:48:22.386+0000: [ParNew: 16388K->4K(18432K), 0.0029986 secs] 406481K->390097K(896640K), 0.0030538 secs] [Times: user=0.01 sys=0.00, real=0.01 secs] 
2020-10-28T09:48:22.408+0000: [GC (Allocation Failure) 2020-10-28T09:48:22.408+0000: [ParNew: 16388K->4K(18432K), 0.0029528 secs] 406481K->390097K(896640K), 0.0030077 secs] [Times: user=0.00 sys=0.00, real=0.00 secs] 
2020-10-28T09:48:22.429+0000: [GC (Allocation Failure) 2020-10-28T09:48:22.429+0000: [ParNew: 16388K->4K(18432K), 0.0029680 secs] 406481K->390097K(896640K), 0.0030208 secs] [Times: user=0.01 sys=0.00, real=0.00 secs] 
2020-10-28T09:48:22.451+0000: [GC (Allocation Failure) 2020-10-28T09:48:22.451+0000: [ParNew: 16388K->4K(18432K), 0.0029609 secs] 406481K->390097K(896640K), 0.0030153 secs] [Times: user=0.01 sys=0.00, real=0.00 secs] 
2020-10-28T09:48:22.473+0000: [GC (Allocation Failure) 2020-10-28T09:48:22.473+0000: [ParNew: 16388K->4K(18432K), 0.0029815 secs] 406481K->390097K(896640K), 0.0030357 secs] [Times: user=0.00 sys=0.00, real=0.01 secs] 
2020-10-28T09:48:22.495+0000: [GC (Allocation Failure) 2020-10-28T09:48:22.495+0000: [ParNew: 16388K->4K(18432K), 0.0029550 secs] 406481K->390097K(896640K), 0.0030052 secs] [Times: user=0.00 sys=0.00, real=0.01 secs] 
2020-10-28T09:48:22.517+0000: [GC (Allocation Failure) 2020-10-28T09:48:22.517+0000: [ParNew: 16388K->4K(18432K), 0.0029625 secs] 406481K->390097K(896640K), 0.0030162 secs] [Times: user=0.01 sys=0.00, real=0.00 secs] 
2020-10-28T09:48:22.538+0000: [GC (Allocation Failure) 2020-10-28T09:48:22.538+0000: [ParNew: 16388K->4K(18432K), 0.0030505 secs] 406481K->390097K(896640K), 0.0031032 secs] [Times: user=0.01 sys=0.00, real=0.00 secs] 
2020-10-28T09:48:22.560+0000: [GC (Allocation Failure) 2020-10-28T09:48:22.560+0000: [ParNew: 16388K->4K(18432K), 0.0029454 secs] 406481K->390097K(896640K), 0.0029990 secs] [Times: user=0.00 sys=0.00, real=0.00 secs] 
2020-10-28T09:48:22.581+0000: [GC (Allocation Failure) 2020-10-28T09:48:22.581+0000: [ParNew: 16388K->4K(18432K), 0.0029866 secs] 406481K->390097K(896640K), 0.0030395 secs] [Times: user=0.00 sys=0.00, real=0.00 secs] 
2020-10-28T09:48:22.604+0000: [GC (Allocation Failure) 2020-10-28T09:48:22.604+0000: [ParNew: 16388K->4K(18432K), 0.0029266 secs] 406481K->390097K(896640K), 0.0029793 secs] [Times: user=0.01 sys=0.00, real=0.00 secs] 
2020-10-28T09:48:22.626+0000: [GC (Allocation Failure) 2020-10-28T09:48:22.626+0000: [ParNew: 16388K->4K(18432K), 0.0032110 secs] 406481K->390097K(896640K), 0.0032863 secs] [Times: user=0.01 sys=0.00, real=0.01 secs] 
2020-10-28T09:48:22.648+0000: [GC (Allocation Failure) 2020-10-28T09:48:22.648+0000: [ParNew: 16388K->4K(18432K), 0.0029294 secs] 406481K->390097K(896640K), 0.0029822 secs] [Times: user=0.00 sys=0.00, real=0.00 secs] 
2020-10-28T09:48:22.672+0000: [GC (Allocation Failure) 2020-10-28T09:48:22.672+0000: [ParNew: 16388K->4K(18432K), 0.0029451 secs] 406481K->390097K(896640K), 0.0029976 secs] [Times: user=0.00 sys=0.00, real=0.00 secs] 
2020-10-28T09:48:22.693+0000: [GC (Allocation Failure) 2020-10-28T09:48:22.693+0000: [ParNew: 16388K->4K(18432K), 0.0029650 secs] 406481K->390097K(896640K), 0.0030203 secs] [Times: user=0.01 sys=0.00, real=0.01 secs] 
2020-10-28T09:48:22.714+0000: [GC (Allocation Failure) 2020-10-28T09:48:22.714+0000: [ParNew: 16388K->4K(18432K), 0.0029730 secs] 406481K->390097K(896640K), 0.0030271 secs] [Times: user=0.01 sys=0.00, real=0.01 secs] 
2020-10-28T09:48:22.740+0000: [GC (Allocation Failure) 2020-10-28T09:48:22.740+0000: [ParNew: 16388K->4K(18432K), 0.0030304 secs] 406481K->390097K(896640K), 0.0030957 secs] [Times: user=0.00 sys=0.00, real=0.00 secs] 
2020-10-28T09:48:22.761+0000: [GC (Allocation Failure) 2020-10-28T09:48:22.761+0000: [ParNew: 16388K->4K(18432K), 0.0029693 secs] 406481K->390097K(896640K), 0.0030242 secs] [Times: user=0.01 sys=0.00, real=0.00 secs] 
2020-10-28T09:48:22.783+0000: [GC (Allocation Failure) 2020-10-28T09:48:22.783+0000: [ParNew: 16388K->4K(18432K), 0.0030170 secs] 406481K->390097K(896640K), 0.0030724 secs] [Times: user=0.01 sys=0.00, real=0.00 secs] 
2020-10-28T09:48:22.804+0000: [GC (Allocation Failure) 2020-10-28T09:48:22.804+0000: [ParNew: 16388K->4K(18432K), 0.0029598 secs] 406481K->390097K(896640K), 0.0030148 secs] [Times: user=0.00 sys=0.00, real=0.00 secs] 
2020-10-28T09:48:22.826+0000: [GC (Allocation Failure) 2020-10-28T09:48:22.826+0000: [ParNew: 16388K->4K(18432K), 0.0029826 secs] 406481K->390097K(896640K), 0.0030367 secs] [Times: user=0.01 sys=0.00, real=0.01 secs] 
2020-10-28T09:48:22.847+0000: [GC (Allocation Failure) 2020-10-28T09:48:22.847+0000: [ParNew: 16388K->4K(18432K), 0.0029612 secs] 406481K->390097K(896640K), 0.0030153 secs] [Times: user=0.01 sys=0.00, real=0.01 secs] 
2020-10-28T09:48:22.868+0000: [GC (Allocation Failure) 2020-10-28T09:48:22.868+0000: [ParNew: 16388K->4K(18432K), 0.0029652 secs] 406481K->390097K(896640K), 0.0030187 secs] [Times: user=0.01 sys=0.00, real=0.00 secs] 
2020-10-28T09:48:22.892+0000: [GC (Allocation Failure) 2020-10-28T09:48:22.892+0000: [ParNew: 16388K->4K(18432K), 0.0030274 secs] 406481K->390097K(896640K), 0.0030814 secs] [Times: user=0.00 sys=0.00, real=0.00 secs] 
2020-10-28T09:48:22.913+0000: [GC (Allocation Failure) 2020-10-28T09:48:22.913+0000: [ParNew: 16388K->4K(18432K), 0.0029799 secs] 406481K->390097K(896640K), 0.0030323 secs] [Times: user=0.01 sys=0.00, real=0.01 secs] 
2020-10-28T09:48:22.936+0000: [GC (Allocation Failure) 2020-10-28T09:48:22.936+0000: [ParNew: 16388K->4K(18432K), 0.0029576 secs] 406481K->390097K(896640K), 0.0030117 secs] [Times: user=0.01 sys=0.00, real=0.00 secs] 
2020-10-28T09:48:22.957+0000: [GC (Allocation Failure) 2020-10-28T09:48:22.957+0000: [ParNew: 16388K->4K(18432K), 0.0029899 secs] 406481K->390097K(896640K), 0.0030432 secs] [Times: user=0.01 sys=0.00, real=0.00 secs] 
2020-10-28T09:48:22.979+0000: [GC (Allocation Failure) 2020-10-28T09:48:22.979+0000: [ParNew: 16388K->4K(18432K), 0.0029704 secs] 406481K->390097K(896640K), 0.0030239 secs] [Times: user=0.01 sys=0.00, real=0.00 secs] 
2020-10-28T09:48:23.001+0000: [GC (Allocation Failure) 2020-10-28T09:48:23.001+0000: [ParNew: 16388K->4K(18432K), 0.0029787 secs] 406481K->390097K(896640K), 0.0030341 secs] [Times: user=0.00 sys=0.00, real=0.00 secs] 
2020-10-28T09:48:23.022+0000: [GC (Allocation Failure) 2020-10-28T09:48:23.022+0000: [ParNew: 16388K->4K(18432K), 0.0029541 secs] 406481K->390097K(896640K), 0.0030075 secs] [Times: user=0.01 sys=0.00, real=0.00 secs] 
2020-10-28T09:48:23.048+0000: [GC (Allocation Failure) 2020-10-28T09:48:23.048+0000: [ParNew: 16388K->4K(18432K), 0.0029811 secs] 406481K->390097K(896640K), 0.0030362 secs] [Times: user=0.01 sys=0.00, real=0.00 secs] 
2020-10-28T09:48:23.071+0000: [GC (Allocation Failure) 2020-10-28T09:48:23.071+0000: [ParNew: 16388K->4K(18432K), 0.0029603 secs] 406481K->390097K(896640K), 0.0030294 secs] [Times: user=0.01 sys=0.00, real=0.00 secs] 
2020-10-28T09:48:23.093+0000: [GC (Allocation Failure) 2020-10-28T09:48:23.093+0000: [ParNew: 16388K->4K(18432K), 0.0030763 secs] 406481K->390097K(896640K), 0.0031326 secs] [Times: user=0.01 sys=0.00, real=0.01 secs] 
2020-10-28T09:48:23.114+0000: [GC (Allocation Failure) 2020-10-28T09:48:23.114+0000: [ParNew: 16388K->4K(18432K), 0.0029865 secs] 406481K->390097K(896640K), 0.0030420 secs] [Times: user=0.01 sys=0.00, real=0.01 secs] 
2020-10-28T09:48:23.139+0000: [GC (Allocation Failure) 2020-10-28T09:48:23.139+0000: [ParNew: 16388K->4K(18432K), 0.0029982 secs] 406481K->390097K(896640K), 0.0030610 secs] [Times: user=0.00 sys=0.00, real=0.00 secs] 
2020-10-28T09:48:23.164+0000: [GC (Allocation Failure) 2020-10-28T09:48:23.164+0000: [ParNew: 16388K->4K(18432K), 0.0029590 secs] 406481K->390097K(896640K), 0.0030139 secs] [Times: user=0.00 sys=0.00, real=0.00 secs] 
2020-10-28T09:48:23.188+0000: [GC (Allocation Failure) 2020-10-28T09:48:23.188+0000: [ParNew: 16388K->4K(18432K), 0.0029958 secs] 406481K->390097K(896640K), 0.0030512 secs] [Times: user=0.01 sys=0.00, real=0.00 secs] 
2020-10-28T09:48:23.209+0000: [GC (Allocation Failure) 2020-10-28T09:48:23.209+0000: [ParNew: 16388K->4K(18432K), 0.0029683 secs] 406481K->390097K(896640K), 0.0030237 secs] [Times: user=0.01 sys=0.00, real=0.00 secs] 
2020-10-28T09:48:23.231+0000: [GC (Allocation Failure) 2020-10-28T09:48:23.231+0000: [ParNew: 16388K->4K(18432K), 0.0029376 secs] 406481K->390097K(896640K), 0.0029899 secs] [Times: user=0.01 sys=0.00, real=0.00 secs] 
2020-10-28T09:48:23.252+0000: [GC (Allocation Failure) 2020-10-28T09:48:23.252+0000: [ParNew: 16388K->4K(18432K), 0.0029344 secs] 406481K->390097K(896640K), 0.0029866 secs] [Times: user=0.01 sys=0.00, real=0.00 secs] 
2020-10-28T09:48:23.274+0000: [GC (Allocation Failure) 2020-10-28T09:48:23.274+0000: [ParNew: 16388K->4K(18432K), 0.0029659 secs] 406481K->390097K(896640K), 0.0030207 secs] [Times: user=0.01 sys=0.00, real=0.01 secs] 
2020-10-28T09:48:23.299+0000: [GC (Allocation Failure) 2020-10-28T09:48:23.299+0000: [ParNew: 16388K->4K(18432K), 0.0029873 secs] 406481K->390097K(896640K), 0.0030412 secs] [Times: user=0.00 sys=0.00, real=0.00 secs] 
2020-10-28T09:48:23.324+0000: [GC (Allocation Failure) 2020-10-28T09:48:23.324+0000: [ParNew: 16388K->4K(18432K), 0.0029475 secs] 406481K->390097K(896640K), 0.0030024 secs] [Times: user=0.01 sys=0.00, real=0.00 secs] 
2020-10-28T09:48:23.345+0000: [GC (Allocation Failure) 2020-10-28T09:48:23.345+0000: [ParNew: 16388K->4K(18432K), 0.0030067 secs] 406481K->390097K(896640K), 0.0030611 secs] [Times: user=0.01 sys=0.00, real=0.01 secs] 
2020-10-28T09:48:23.367+0000: [GC (Allocation Failure) 2020-10-28T09:48:23.367+0000: [ParNew: 16388K->4K(18432K), 0.0029459 secs] 406481K->390097K(896640K), 0.0029992 secs] [Times: user=0.01 sys=0.00, real=0.01 secs] 
2020-10-28T09:48:23.396+0000: [GC (Allocation Failure) 2020-10-28T09:48:23.396+0000: [ParNew: 16388K->4K(18432K), 0.0030399 secs] 406481K->390097K(896640K), 0.0031151 secs] [Times: user=0.00 sys=0.00, real=0.00 secs] 
2020-10-28T09:48:23.420+0000: [GC (Allocation Failure) 2020-10-28T09:48:23.420+0000: [ParNew: 16388K->4K(18432K), 0.0029747 secs] 406481K->390097K(896640K), 0.0030300 secs] [Times: user=0.01 sys=0.00, real=0.00 secs] 
2020-10-28T09:48:23.441+0000: [GC (Allocation Failure) 2020-10-28T09:48:23.441+0000: [ParNew: 16388K->4K(18432K), 0.0029681 secs] 406481K->390097K(896640K), 0.0030237 secs] [Times: user=0.00 sys=0.00, real=0.00 secs] 
2020-10-28T09:48:23.464+0000: [GC (Allocation Failure) 2020-10-28T09:48:23.464+0000: [ParNew: 16388K->4K(18432K), 0.0029394 secs] 406481K->390097K(896640K), 0.0029942 secs] [Times: user=0.00 sys=0.00, real=0.00 secs] 
2020-10-28T09:48:23.488+0000: [GC (Allocation Failure) 2020-10-28T09:48:23.488+0000: [ParNew: 16388K->4K(18432K), 0.0030348 secs] 406481K->390097K(896640K), 0.0030899 secs] [Times: user=0.01 sys=0.00, real=0.00 secs] 
2020-10-28T09:48:23.512+0000: [GC (Allocation Failure) 2020-10-28T09:48:23.512+0000: [ParNew: 16388K->4K(18432K), 0.0029639 secs] 406481K->390097K(896640K), 0.0030192 secs] [Times: user=0.01 sys=0.00, real=0.00 secs] 
2020-10-28T09:48:23.536+0000: [GC (Allocation Failure) 2020-10-28T09:48:23.536+0000: [ParNew: 16388K->4K(18432K), 0.0029544 secs] 406481K->390097K(896640K), 0.0030069 secs] [Times: user=0.01 sys=0.00, real=0.00 secs] 
2020-10-28T09:48:23.558+0000: [GC (Allocation Failure) 2020-10-28T09:48:23.558+0000: [ParNew: 16388K->4K(18432K), 0.0029874 secs] 406481K->390097K(896640K), 0.0030404 secs] [Times: user=0.01 sys=0.00, real=0.00 secs] 
2020-10-28T09:48:23.579+0000: [GC (Allocation Failure) 2020-10-28T09:48:23.579+0000: [ParNew: 16388K->4K(18432K), 0.0030362 secs] 406481K->390097K(896640K), 0.0030917 secs] [Times: user=0.01 sys=0.00, real=0.00 secs] 
2020-10-28T09:48:23.601+0000: [GC (Allocation Failure) 2020-10-28T09:48:23.601+0000: [ParNew: 16388K->4K(18432K), 0.0029873 secs] 406481K->390097K(896640K), 0.0030427 secs] [Times: user=0.00 sys=0.00, real=0.00 secs] 
2020-10-28T09:48:23.624+0000: [GC (Allocation Failure) 2020-10-28T09:48:23.624+0000: [ParNew: 16388K->4K(18432K), 0.0029488 secs] 406481K->390097K(896640K), 0.0030029 secs] [Times: user=0.00 sys=0.00, real=0.00 secs] 
2020-10-28T09:48:23.661+0000: [GC (Allocation Failure) 2020-10-28T09:48:23.661+0000: [ParNew: 16388K->4K(18432K), 0.0029915 secs] 406481K->390097K(896640K), 0.0030648 secs] [Times: user=0.01 sys=0.00, real=0.00 secs] 
2020-10-28T09:48:23.685+0000: [GC (Allocation Failure) 2020-10-28T09:48:23.685+0000: [ParNew: 16388K->4K(18432K), 0.0030223 secs] 406481K->390097K(896640K), 0.0030808 secs] [Times: user=0.01 sys=0.00, real=0.01 secs] 
2020-10-28T09:48:23.738+0000: [GC (Allocation Failure) 2020-10-28T09:48:23.738+0000: [ParNew: 16388K->8K(18432K), 0.0056734 secs] 406481K->390102K(896640K), 0.0057419 secs] [Times: user=0.01 sys=0.00, real=0.00 secs] 
2020-10-28T09:48:23.880+0000: [GC (Allocation Failure) 2020-10-28T09:48:23.880+0000: [ParNew: 16392K->36K(18432K), 0.0031413 secs] 406486K->390130K(896640K), 0.0031951 secs] [Times: user=0.00 sys=0.00, real=0.00 secs] 
2020-10-28T09:48:24.918+0000: [GC (Allocation Failure) 2020-10-28T09:48:24.918+0000: [ParNew: 16420K->848K(18432K), 0.0040446 secs] 406514K->390941K(896640K), 0.0041021 secs] [Times: user=0.01 sys=0.00, real=0.00 secs] 
2020-10-28T09:48:25.040+0000: [GC (Allocation Failure) 2020-10-28T09:48:25.040+0000: [ParNew: 17232K->1481K(18432K), 0.0081770 secs] 407325K->391574K(896640K), 0.0082552 secs] [Times: user=0.02 sys=0.00, real=0.01 secs] 
2020-10-28T09:48:25.295+0000: [GC (Allocation Failure) 2020-10-28T09:48:25.295+0000: [ParNew: 17865K->2048K(18432K), 0.0058206 secs] 407958K->392697K(896640K), 0.0058829 secs] [Times: user=0.01 sys=0.00, real=0.01 secs] 
2020-10-28T09:48:25.346+0000: [GC (Allocation Failure) 2020-10-28T09:48:25.346+0000: [ParNew: 18432K->1656K(18432K), 0.0072132 secs] 409081K->392758K(896640K), 0.0072886 secs] [Times: user=0.01 sys=0.00, real=0.01 secs] 
2020-10-28T09:48:25.403+0000: [GC (Allocation Failure) 2020-10-28T09:48:25.403+0000: [ParNew: 18040K->1131K(18432K), 0.0042966 secs] 409142K->393115K(896640K), 0.0043774 secs] [Times: user=0.01 sys=0.00, real=0.00 secs] 
2020-10-28T09:48:25.432+0000: [GC (Allocation Failure) 2020-10-28T09:48:25.432+0000: [ParNew: 17515K->1243K(18432K), 0.0030892 secs] 409499K->393227K(896640K), 0.0031464 secs] [Times: user=0.00 sys=0.00, real=0.00 secs] 
2020-10-28T09:48:25.457+0000: [GC (Allocation Failure) 2020-10-28T09:48:25.457+0000: [ParNew: 17627K->1655K(18432K), 0.0032316 secs] 409611K->393639K(896640K), 0.0032895 secs] [Times: user=0.00 sys=0.00, real=0.00 secs] 
2020-10-28T09:48:25.484+0000: [GC (Allocation Failure) 2020-10-28T09:48:25.484+0000: [ParNew: 18039K->30K(18432K), 0.0031158 secs] 410023K->393038K(896640K), 0.0031706 secs] [Times: user=0.00 sys=0.00, real=0.00 secs] 
2020-10-28T09:48:25.509+0000: [GC (Allocation Failure) 2020-10-28T09:48:25.510+0000: [ParNew: 16414K->7K(18432K), 0.0030142 secs] 409422K->393016K(896640K), 0.0030714 secs] [Times: user=0.00 sys=0.00, real=0.00 secs] 
2020-10-28T09:48:25.536+0000: [GC (Allocation Failure) 2020-10-28T09:48:25.536+0000: [ParNew: 16391K->4K(18432K), 0.0029685 secs] 409400K->393012K(896640K), 0.0030245 secs] [Times: user=0.01 sys=0.00, real=0.00 secs] 
2020-10-28T09:48:25.559+0000: [GC (Allocation Failure) 2020-10-28T09:48:25.559+0000: [ParNew: 16388K->1028K(18432K), 0.0033616 secs] 409396K->395060K(896640K), 0.0034182 secs] [Times: user=0.01 sys=0.00, real=0.00 secs] 
2020-10-28T09:48:25.585+0000: [GC (Allocation Failure) 2020-10-28T09:48:25.585+0000: [ParNew: 17412K->4K(18432K), 0.0031768 secs] 411444K->395060K(896640K), 0.0032336 secs] [Times: user=0.01 sys=0.00, real=0.01 secs] 
2020-10-28T09:48:25.611+0000: [GC (Allocation Failure) 2020-10-28T09:48:25.611+0000: [ParNew: 16388K->4K(18432K), 0.0031987 secs] 411444K->395060K(896640K), 0.0032594 secs] [Times: user=0.01 sys=0.00, real=0.00 secs] 
2020-10-28T09:48:25.637+0000: [GC (Allocation Failure) 2020-10-28T09:48:25.637+0000: [ParNew: 16388K->4K(18432K), 0.0034978 secs] 411444K->395060K(896640K), 0.0035632 secs] [Times: user=0.01 sys=0.00, real=0.00 secs] 
2020-10-28T09:48:25.672+0000: [GC (Allocation Failure) 2020-10-28T09:48:25.672+0000: [ParNew: 16388K->4K(18432K), 0.0029584 secs] 411444K->395060K(896640K), 0.0030155 secs] [Times: user=0.00 sys=0.00, real=0.00 secs] 
2020-10-28T09:48:25.700+0000: [GC (Allocation Failure) 2020-10-28T09:48:25.700+0000: [ParNew: 16388K->4K(18432K), 0.0029765 secs] 411444K->395060K(896640K), 0.0030334 secs] [Times: user=0.01 sys=0.00, real=0.00 secs] 
2020-10-28T09:48:25.721+0000: [GC (Allocation Failure) 2020-10-28T09:48:25.721+0000: [ParNew: 16388K->4K(18432K), 0.0029682 secs] 411444K->395060K(896640K), 0.0030231 secs] [Times: user=0.01 sys=0.00, real=0.00 secs] 
2020-10-28T09:48:25.742+0000: [GC (Allocation Failure) 2020-10-28T09:48:25.742+0000: [ParNew: 16388K->4K(18432K), 0.0030086 secs] 411444K->395060K(896640K), 0.0030656 secs] [Times: user=0.01 sys=0.00, real=0.00 secs] 
2020-10-28T09:48:25.764+0000: [GC (Allocation Failure) 2020-10-28T09:48:25.764+0000: [ParNew: 16388K->4K(18432K), 0.0035877 secs] 411444K->399156K(896640K), 0.0036471 secs] [Times: user=0.00 sys=0.00, real=0.00 secs] 
2020-10-28T09:48:25.788+0000: [GC (Allocation Failure) 2020-10-28T09:48:25.788+0000: [ParNew: 16388K->4K(18432K), 0.0029750 secs] 415540K->399156K(896640K), 0.0030313 secs] [Times: user=0.01 sys=0.00, real=0.00 secs] 
2020-10-28T09:48:25.812+0000: [GC (Allocation Failure) 2020-10-28T09:48:25.812+0000: [ParNew: 16388K->4K(18432K), 0.0029752 secs] 415540K->399156K(896640K), 0.0030309 secs] [Times: user=0.01 sys=0.00, real=0.00 secs] 
2020-10-28T09:48:25.835+0000: [GC (Allocation Failure) 2020-10-28T09:48:25.835+0000: [ParNew: 16388K->4K(18432K), 0.0030091 secs] 415540K->399156K(896640K), 0.0030646 secs] [Times: user=0.00 sys=0.00, real=0.01 secs] 
2020-10-28T09:48:25.862+0000: [GC (Allocation Failure) 2020-10-28T09:48:25.862+0000: [ParNew: 16388K->4K(18432K), 0.0030053 secs] 415540K->399156K(896640K), 0.0030630 secs] [Times: user=0.01 sys=0.00, real=0.00 secs] 
2020-10-28T09:48:25.891+0000: [GC (Allocation Failure) 2020-10-28T09:48:25.891+0000: [ParNew: 16388K->4K(18432K), 0.0030187 secs] 415540K->399156K(896640K), 0.0030758 secs] [Times: user=0.00 sys=0.00, real=0.00 secs] 
2020-10-28T09:48:25.918+0000: [GC (Allocation Failure) 2020-10-28T09:48:25.919+0000: [ParNew: 16388K->4K(18432K), 0.0030014 secs] 415540K->399157K(896640K), 0.0030569 secs] [Times: user=0.01 sys=0.00, real=0.00 secs] 
2020-10-28T09:48:25.944+0000: [GC (Allocation Failure) 2020-10-28T09:48:25.944+0000: [ParNew: 16388K->4K(18432K), 0.0060185 secs] 415541K->399157K(896640K), 0.0060933 secs] [Times: user=0.01 sys=0.00, real=0.01 secs] 
2020-10-28T09:48:25.985+0000: [GC (Allocation Failure) 2020-10-28T09:48:25.985+0000: [ParNew: 16388K->4K(18432K), 0.0066101 secs] 415541K->399157K(896640K), 0.0066678 secs] [Times: user=0.01 sys=0.00, real=0.01 secs] 
2020-10-28T09:48:26.027+0000: [GC (Allocation Failure) 2020-10-28T09:48:26.027+0000: [ParNew: 16388K->4K(18432K), 0.0044080 secs] 415541K->399157K(896640K), 0.0044803 secs] [Times: user=0.01 sys=0.00, real=0.01 secs] 
2020-10-28T09:48:26.056+0000: [GC (Allocation Failure) 2020-10-28T09:48:26.056+0000: [ParNew: 16388K->4K(18432K), 0.0030993 secs] 415541K->399157K(896640K), 0.0031767 secs] [Times: user=0.00 sys=0.00, real=0.00 secs] 
2020-10-28T09:48:26.095+0000: [GC (Allocation Failure) 2020-10-28T09:48:26.095+0000: [ParNew: 16388K->4K(18432K), 0.0030135 secs] 415541K->399157K(896640K), 0.0030913 secs] [Times: user=0.01 sys=0.00, real=0.01 secs] 
2020-10-28T09:48:26.133+0000: [GC (Allocation Failure) 2020-10-28T09:48:26.133+0000: [ParNew: 16388K->4K(18432K), 0.0030181 secs] 415541K->399157K(896640K), 0.0030932 secs] [Times: user=0.01 sys=0.00, real=0.01 secs] 
2020-10-28T09:48:26.164+0000: [GC (Allocation Failure) 2020-10-28T09:48:26.164+0000: [ParNew: 16388K->4K(18432K), 0.0030003 secs] 415541K->399157K(896640K), 0.0030752 secs] [Times: user=0.01 sys=0.00, real=0.00 secs] 
2020-10-28T09:48:26.196+0000: [GC (Allocation Failure) 2020-10-28T09:48:26.196+0000: [ParNew: 16388K->2K(18432K), 0.0063062 secs] 415541K->399155K(896640K), 0.0063862 secs] [Times: user=0.01 sys=0.00, real=0.00 secs] 
2020-10-28T09:48:26.228+0000: [GC (Allocation Failure) 2020-10-28T09:48:26.228+0000: [ParNew: 16386K->2K(18432K), 0.0061817 secs] 415539K->399155K(896640K), 0.0062595 secs] [Times: user=0.01 sys=0.00, real=0.00 secs] 
2020-10-28T09:48:26.265+0000: [GC (Allocation Failure) 2020-10-28T09:48:26.265+0000: [ParNew: 16386K->6K(18432K), 0.0221842 secs] 415539K->403255K(896640K), 0.0222635 secs] [Times: user=0.04 sys=0.00, real=0.02 secs] 
2020-10-28T09:48:26.314+0000: [GC (Allocation Failure) 2020-10-28T09:48:26.315+0000: [ParNew: 16390K->4K(18432K), 0.0082786 secs] 419639K->407349K(896640K), 0.0083564 secs] [Times: user=0.02 sys=0.00, real=0.01 secs] 
2020-10-28T09:48:26.356+0000: [GC (Allocation Failure) 2020-10-28T09:48:26.356+0000: [ParNew: 16388K->4K(18432K), 0.0064849 secs] 423733K->407349K(896640K), 0.0065590 secs] [Times: user=0.01 sys=0.00, real=0.00 secs] 
2020-10-28T09:48:26.385+0000: [GC (Allocation Failure) 2020-10-28T09:48:26.385+0000: [ParNew: 16388K->4K(18432K), 0.0029578 secs] 423733K->407349K(896640K), 0.0030125 secs] [Times: user=0.00 sys=0.00, real=0.01 secs] 
2020-10-28T09:48:26.416+0000: [GC (Allocation Failure) 2020-10-28T09:48:26.416+0000: [ParNew: 16388K->4K(18432K), 0.0029422 secs] 423733K->407349K(896640K), 0.0030091 secs] [Times: user=0.01 sys=0.00, real=0.01 secs] 
2020-10-28T09:48:26.440+0000: [GC (Allocation Failure) 2020-10-28T09:48:26.440+0000: [ParNew: 16388K->4K(18432K), 0.0029626 secs] 423733K->407349K(896640K), 0.0030180 secs] [Times: user=0.01 sys=0.00, real=0.00 secs] 
2020-10-28T09:48:26.460+0000: [GC (Allocation Failure) 2020-10-28T09:48:26.460+0000: [ParNew: 16388K->4K(18432K), 0.0029981 secs] 423733K->407349K(896640K), 0.0030506 secs] [Times: user=0.01 sys=0.00, real=0.00 secs] 
2020-10-28T09:48:26.480+0000: [GC (Allocation Failure) 2020-10-28T09:48:26.480+0000: [ParNew: 16388K->4K(18432K), 0.0029236 secs] 423733K->407349K(896640K), 0.0029736 secs] [Times: user=0.01 sys=0.00, real=0.00 secs] 
2020-10-28T09:48:26.500+0000: [GC (Allocation Failure) 2020-10-28T09:48:26.500+0000: [ParNew: 16388K->4K(18432K), 0.0028575 secs] 423733K->407349K(896640K), 0.0029072 secs] [Times: user=0.01 sys=0.00, real=0.00 secs] 
2020-10-28T09:48:26.523+0000: [GC (Allocation Failure) 2020-10-28T09:48:26.523+0000: [ParNew: 16388K->4K(18432K), 0.0028627 secs] 423733K->407349K(896640K), 0.0029124 secs] [Times: user=0.01 sys=0.00, real=0.00 secs] 
2020-10-28T09:48:26.542+0000: [GC (Allocation Failure) 2020-10-28T09:48:26.542+0000: [ParNew: 16388K->4K(18432K), 0.0028856 secs] 423733K->407349K(896640K), 0.0029356 secs] [Times: user=0.01 sys=0.00, real=0.00 secs] 
2020-10-28T09:48:26.561+0000: [GC (Allocation Failure) 2020-10-28T09:48:26.561+0000: [ParNew: 16388K->4K(18432K), 0.0030154 secs] 423733K->407349K(896640K), 0.0030679 secs] [Times: user=0.00 sys=0.00, real=0.00 secs] 
2020-10-28T09:48:26.580+0000: [GC (Allocation Failure) 2020-10-28T09:48:26.580+0000: [ParNew: 16388K->4K(18432K), 0.0028866 secs] 423733K->407349K(896640K), 0.0029366 secs] [Times: user=0.00 sys=0.00, real=0.00 secs] 
2020-10-28T09:48:26.599+0000: [GC (Allocation Failure) 2020-10-28T09:48:26.599+0000: [ParNew: 16388K->4K(18432K), 0.0028887 secs] 423733K->407349K(896640K), 0.0029392 secs] [Times: user=0.01 sys=0.00, real=0.00 secs] 
2020-10-28T09:48:26.620+0000: [GC (Allocation Failure) 2020-10-28T09:48:26.620+0000: [ParNew: 16388K->4K(18432K), 0.0028617 secs] 423733K->407349K(896640K), 0.0029101 secs] [Times: user=0.00 sys=0.00, real=0.00 secs] 
2020-10-28T09:48:26.640+0000: [GC (Allocation Failure) 2020-10-28T09:48:26.640+0000: [ParNew: 16388K->4K(18432K), 0.0028338 secs] 423733K->407349K(896640K), 0.0028814 secs] [Times: user=0.00 sys=0.00, real=0.00 secs] 
2020-10-28T09:48:26.660+0000: [GC (Allocation Failure) 2020-10-28T09:48:26.660+0000: [ParNew: 16388K->4K(18432K), 0.0028726 secs] 423733K->407349K(896640K), 0.0029316 secs] [Times: user=0.00 sys=0.00, real=0.00 secs] 
2020-10-28T09:48:26.679+0000: [GC (Allocation Failure) 2020-10-28T09:48:26.679+0000: [ParNew: 16388K->4K(18432K), 0.0027902 secs] 423733K->407349K(896640K), 0.0028367 secs] [Times: user=0.00 sys=0.00, real=0.00 secs] 
2020-10-28T09:48:26.700+0000: [GC (Allocation Failure) 2020-10-28T09:48:26.700+0000: [ParNew: 16388K->4K(18432K), 0.0028976 secs] 423733K->407349K(896640K), 0.0029485 secs] [Times: user=0.00 sys=0.00, real=0.00 secs] 
2020-10-28T09:48:26.720+0000: [GC (Allocation Failure) 2020-10-28T09:48:26.720+0000: [ParNew: 16388K->4K(18432K), 0.0028916 secs] 423733K->407349K(896640K), 0.0029425 secs] [Times: user=0.01 sys=0.00, real=0.00 secs] 
2020-10-28T09:48:26.739+0000: [GC (Allocation Failure) 2020-10-28T09:48:26.740+0000: [ParNew: 16388K->4K(18432K), 0.0028732 secs] 423733K->407349K(896640K), 0.0029410 secs] [Times: user=0.01 sys=0.00, real=0.00 secs] 
2020-10-28T09:48:26.758+0000: [GC (Allocation Failure) 2020-10-28T09:48:26.758+0000: [ParNew: 16388K->4K(18432K), 0.0028818 secs] 423733K->407349K(896640K), 0.0029302 secs] [Times: user=0.01 sys=0.00, real=0.00 secs] 
2020-10-28T09:48:26.777+0000: [GC (Allocation Failure) 2020-10-28T09:48:26.777+0000: [ParNew: 16388K->4K(18432K), 0.0029057 secs] 423733K->407349K(896640K), 0.0029551 secs] [Times: user=0.00 sys=0.00, real=0.00 secs] 
2020-10-28T09:48:26.796+0000: [GC (Allocation Failure) 2020-10-28T09:48:26.796+0000: [ParNew: 16388K->4K(18432K), 0.0029353 secs] 423733K->407349K(896640K), 0.0029890 secs] [Times: user=0.01 sys=0.00, real=0.00 secs] 
2020-10-28T09:48:26.816+0000: [GC (Allocation Failure) 2020-10-28T09:48:26.816+0000: [ParNew: 16388K->4K(18432K), 0.0029300 secs] 423733K->407349K(896640K), 0.0029833 secs] [Times: user=0.01 sys=0.00, real=0.00 secs] 
2020-10-28T09:48:26.836+0000: [GC (Allocation Failure) 2020-10-28T09:48:26.836+0000: [ParNew: 16388K->4K(18432K), 0.0029830 secs] 423733K->407349K(896640K), 0.0030373 secs] [Times: user=0.00 sys=0.00, real=0.00 secs] 
2020-10-28T09:48:26.855+0000: [GC (Allocation Failure) 2020-10-28T09:48:26.855+0000: [ParNew: 16388K->4K(18432K), 0.0030473 secs] 423733K->407349K(896640K), 0.0031019 secs] [Times: user=0.01 sys=0.00, real=0.01 secs] 
2020-10-28T09:48:26.874+0000: [GC (Allocation Failure) 2020-10-28T09:48:26.874+0000: [ParNew: 16388K->4K(18432K), 0.0030017 secs] 423733K->407349K(896640K), 0.0030560 secs] [Times: user=0.01 sys=0.00, real=0.01 secs] 
2020-10-28T09:48:26.893+0000: [GC (Allocation Failure) 2020-10-28T09:48:26.893+0000: [ParNew: 16388K->4K(18432K), 0.0029577 secs] 423733K->407349K(896640K), 0.0030106 secs] [Times: user=0.00 sys=0.00, real=0.01 secs] 
2020-10-28T09:48:26.914+0000: [GC (Allocation Failure) 2020-10-28T09:48:26.914+0000: [ParNew: 16388K->4K(18432K), 0.0030068 secs] 423733K->407350K(896640K), 0.0030592 secs] [Times: user=0.00 sys=0.00, real=0.01 secs] 
2020-10-28T09:48:26.933+0000: [GC (Allocation Failure) 2020-10-28T09:48:26.933+0000: [ParNew: 16388K->4K(18432K), 0.0030395 secs] 423734K->407350K(896640K), 0.0030933 secs] [Times: user=0.00 sys=0.00, real=0.01 secs] 
2020-10-28T09:48:26.956+0000: [GC (Allocation Failure) 2020-10-28T09:48:26.956+0000: [ParNew: 16388K->4K(18432K), 0.0029744 secs] 423734K->407350K(896640K), 0.0030301 secs] [Times: user=0.00 sys=0.00, real=0.00 secs] 
2020-10-28T09:48:26.976+0000: [GC (Allocation Failure) 2020-10-28T09:48:26.976+0000: [ParNew: 16388K->4K(18432K), 0.0029260 secs] 423734K->407350K(896640K), 0.0029791 secs] [Times: user=0.01 sys=0.00, real=0.00 secs] 
2020-10-28T09:48:26.996+0000: [GC (Allocation Failure) 2020-10-28T09:48:26.996+0000: [ParNew: 16388K->4K(18432K), 0.0029997 secs] 423734K->407350K(896640K), 0.0030557 secs] [Times: user=0.01 sys=0.00, real=0.00 secs] 
2020-10-28T09:48:27.015+0000: [GC (Allocation Failure) 2020-10-28T09:48:27.015+0000: [ParNew: 16388K->4K(18432K), 0.0029536 secs] 423734K->407350K(896640K), 0.0030059 secs] [Times: user=0.01 sys=0.00, real=0.01 secs] 
2020-10-28T09:48:27.034+0000: [GC (Allocation Failure) 2020-10-28T09:48:27.034+0000: [ParNew: 16388K->4K(18432K), 0.0030312 secs] 423734K->407350K(896640K), 0.0030852 secs] [Times: user=0.00 sys=0.00, real=0.01 secs] 
2020-10-28T09:48:27.056+0000: [GC (Allocation Failure) 2020-10-28T09:48:27.056+0000: [ParNew: 16388K->4K(18432K), 0.0029458 secs] 423734K->407350K(896640K), 0.0030010 secs] [Times: user=0.00 sys=0.00, real=0.00 secs] 
2020-10-28T09:48:27.076+0000: [GC (Allocation Failure) 2020-10-28T09:48:27.076+0000: [ParNew: 16388K->4K(18432K), 0.0030278 secs] 423734K->407350K(896640K), 0.0030844 secs] [Times: user=0.01 sys=0.00, real=0.00 secs] 
2020-10-28T09:48:27.095+0000: [GC (Allocation Failure) 2020-10-28T09:48:27.095+0000: [ParNew: 16388K->4K(18432K), 0.0030025 secs] 423734K->407350K(896640K), 0.0030593 secs] [Times: user=0.01 sys=0.00, real=0.01 secs] 
2020-10-28T09:48:27.116+0000: [GC (Allocation Failure) 2020-10-28T09:48:27.116+0000: [ParNew: 16388K->4K(18432K), 0.0030094 secs] 423734K->407350K(896640K), 0.0030658 secs] [Times: user=0.00 sys=0.00, real=0.00 secs] 
2020-10-28T09:48:27.140+0000: [GC (Allocation Failure) 2020-10-28T09:48:27.140+0000: [ParNew: 16388K->4K(18432K), 0.0029867 secs] 423734K->407350K(896640K), 0.0030427 secs] [Times: user=0.00 sys=0.00, real=0.00 secs] 
2020-10-28T09:48:27.159+0000: [GC (Allocation Failure) 2020-10-28T09:48:27.159+0000: [ParNew: 16388K->4K(18432K), 0.0029824 secs] 423734K->407350K(896640K), 0.0030364 secs] [Times: user=0.01 sys=0.00, real=0.00 secs] 
2020-10-28T09:48:27.180+0000: [GC (Allocation Failure) 2020-10-28T09:48:27.180+0000: [ParNew: 16388K->4K(18432K), 0.0030434 secs] 423734K->407350K(896640K), 0.0031003 secs] [Times: user=0.01 sys=0.00, real=0.00 secs] 
2020-10-28T09:48:27.199+0000: [GC (Allocation Failure) 2020-10-28T09:48:27.199+0000: [ParNew: 16388K->4K(18432K), 0.0030244 secs] 423734K->407350K(896640K), 0.0030798 secs] [Times: user=0.00 sys=0.00, real=0.00 secs] 
2020-10-28T09:48:27.218+0000: [GC (Allocation Failure) 2020-10-28T09:48:27.218+0000: [ParNew: 16388K->4K(18432K), 0.0030492 secs] 423734K->407350K(896640K), 0.0031054 secs] [Times: user=0.00 sys=0.00, real=0.00 secs] 
2020-10-28T09:48:27.240+0000: [GC (Allocation Failure) 2020-10-28T09:48:27.240+0000: [ParNew: 16388K->4K(18432K), 0.0029349 secs] 423734K->407350K(896640K), 0.0029887 secs] [Times: user=0.00 sys=0.00, real=0.00 secs] 
2020-10-28T09:48:27.260+0000: [GC (Allocation Failure) 2020-10-28T09:48:27.260+0000: [ParNew: 16388K->4K(18432K), 0.0028742 secs] 423734K->407350K(896640K), 0.0029238 secs] [Times: user=0.00 sys=0.00, real=0.00 secs] 
2020-10-28T09:48:27.280+0000: [GC (Allocation Failure) 2020-10-28T09:48:27.280+0000: [ParNew: 16388K->4K(18432K), 0.0028616 secs] 423734K->407350K(896640K), 0.0029116 secs] [Times: user=0.01 sys=0.00, real=0.00 secs] 
2020-10-28T09:48:27.299+0000: [GC (Allocation Failure) 2020-10-28T09:48:27.299+0000: [ParNew: 16388K->4K(18432K), 0.0028738 secs] 423734K->407350K(896640K), 0.0029224 secs] [Times: user=0.01 sys=0.00, real=0.00 secs] 
2020-10-28T09:48:27.318+0000: [GC (Allocation Failure) 2020-10-28T09:48:27.318+0000: [ParNew: 16388K->4K(18432K), 0.0028603 secs] 423734K->407350K(896640K), 0.0029266 secs] [Times: user=0.01 sys=0.00, real=0.00 secs] 
2020-10-28T09:48:27.340+0000: [GC (Allocation Failure) 2020-10-28T09:48:27.340+0000: [ParNew: 16388K->4K(18432K), 0.0028331 secs] 423734K->407350K(896640K), 0.0028825 secs] [Times: user=0.00 sys=0.00, real=0.00 secs] 
2020-10-28T09:48:27.358+0000: [GC (Allocation Failure) 2020-10-28T09:48:27.358+0000: [ParNew: 16388K->4K(18432K), 0.0028962 secs] 423734K->407350K(896640K), 0.0029526 secs] [Times: user=0.00 sys=0.00, real=0.00 secs] 
2020-10-28T09:48:27.377+0000: [GC (Allocation Failure) 2020-10-28T09:48:27.377+0000: [ParNew: 16388K->4K(18432K), 0.0028862 secs] 423734K->407350K(896640K), 0.0029403 secs] [Times: user=0.01 sys=0.00, real=0.00 secs] 
2020-10-28T09:48:27.400+0000: [GC (Allocation Failure) 2020-10-28T09:48:27.400+0000: [ParNew: 16388K->4K(18432K), 0.0028399 secs] 423734K->407350K(896640K), 0.0028896 secs] [Times: user=0.01 sys=0.00, real=0.00 secs] 
2020-10-28T09:48:27.418+0000: [GC (Allocation Failure) 2020-10-28T09:48:27.418+0000: [ParNew: 16388K->4K(18432K), 0.0030782 secs] 423734K->407350K(896640K), 0.0031423 secs] [Times: user=0.00 sys=0.01, real=0.00 secs] 
2020-10-28T09:48:27.440+0000: [GC (Allocation Failure) 2020-10-28T09:48:27.440+0000: [ParNew: 16388K->4K(18432K), 0.0029798 secs] 423734K->407350K(896640K), 0.0030347 secs] [Times: user=0.01 sys=0.00, real=0.00 secs] 
2020-10-28T09:48:27.460+0000: [GC (Allocation Failure) 2020-10-28T09:48:27.460+0000: [ParNew: 16388K->4K(18432K), 0.0029774 secs] 423734K->407350K(896640K), 0.0030317 secs] [Times: user=0.01 sys=0.00, real=0.00 secs] 
2020-10-28T09:48:27.480+0000: [GC (Allocation Failure) 2020-10-28T09:48:27.480+0000: [ParNew: 16388K->4K(18432K), 0.0029462 secs] 423734K->407350K(896640K), 0.0029995 secs] [Times: user=0.01 sys=0.00, real=0.00 secs] 
2020-10-28T09:48:27.499+0000: [GC (Allocation Failure) 2020-10-28T09:48:27.499+0000: [ParNew: 16388K->4K(18432K), 0.0029337 secs] 423734K->407350K(896640K), 0.0029860 secs] [Times: user=0.01 sys=0.00, real=0.00 secs] 
2020-10-28T09:48:27.520+0000: [GC (Allocation Failure) 2020-10-28T09:48:27.520+0000: [ParNew: 16388K->4K(18432K), 0.0029801 secs] 423734K->407350K(896640K), 0.0030338 secs] [Times: user=0.01 sys=0.00, real=0.00 secs] 
2020-10-28T09:48:27.539+0000: [GC (Allocation Failure) 2020-10-28T09:48:27.539+0000: [ParNew: 16388K->4K(18432K), 0.0029722 secs] 423734K->407350K(896640K), 0.0030251 secs] [Times: user=0.00 sys=0.00, real=0.00 secs] 
2020-10-28T09:48:27.560+0000: [GC (Allocation Failure) 2020-10-28T09:48:27.560+0000: [ParNew: 16388K->4K(18432K), 0.0030544 secs] 423734K->407350K(896640K), 0.0031103 secs] [Times: user=0.01 sys=0.00, real=0.00 secs] 
2020-10-28T09:48:27.580+0000: [GC (Allocation Failure) 2020-10-28T09:48:27.580+0000: [ParNew: 16388K->4K(18432K), 0.0029237 secs] 423734K->407350K(896640K), 0.0029768 secs] [Times: user=0.01 sys=0.00, real=0.00 secs] 
2020-10-28T09:48:27.600+0000: [GC (Allocation Failure) 2020-10-28T09:48:27.600+0000: [ParNew: 16388K->4K(18432K), 0.0029661 secs] 423734K->407350K(896640K), 0.0030186 secs] [Times: user=0.00 sys=0.00, real=0.00 secs] 
2020-10-28T09:48:27.619+0000: [GC (Allocation Failure) 2020-10-28T09:48:27.619+0000: [ParNew: 16388K->4K(18432K), 0.0029724 secs] 423734K->407350K(896640K), 0.0030254 secs] [Times: user=0.01 sys=0.00, real=0.00 secs] 
2020-10-28T09:48:27.640+0000: [GC (Allocation Failure) 2020-10-28T09:48:27.640+0000: [ParNew: 16388K->4K(18432K), 0.0029428 secs] 423734K->407350K(896640K), 0.0029960 secs] [Times: user=0.01 sys=0.00, real=0.00 secs] 
2020-10-28T09:48:27.660+0000: [GC (Allocation Failure) 2020-10-28T09:48:27.660+0000: [ParNew: 16388K->4K(18432K), 0.0029559 secs] 423734K->407350K(896640K), 0.0030106 secs] [Times: user=0.01 sys=0.00, real=0.00 secs] 
2020-10-28T09:48:27.680+0000: [GC (Allocation Failure) 2020-10-28T09:48:27.680+0000: [ParNew: 16388K->4K(18432K), 0.0029243 secs] 423734K->407350K(896640K), 0.0029769 secs] [Times: user=0.01 sys=0.00, real=0.00 secs] 
2020-10-28T09:48:27.698+0000: [GC (Allocation Failure) 2020-10-28T09:48:27.698+0000: [ParNew: 16388K->4K(18432K), 0.0030319 secs] 423734K->407350K(896640K), 0.0030877 secs] [Times: user=0.00 sys=0.00, real=0.00 secs] 
2020-10-28T09:48:27.717+0000: [GC (Allocation Failure) 2020-10-28T09:48:27.717+0000: [ParNew: 16388K->4K(18432K), 0.0030041 secs] 423734K->407350K(896640K), 0.0030575 secs] [Times: user=0.01 sys=0.00, real=0.00 secs] 
2020-10-28T09:48:27.740+0000: [GC (Allocation Failure) 2020-10-28T09:48:27.740+0000: [ParNew: 16388K->4K(18432K), 0.0029660 secs] 423734K->407350K(896640K), 0.0030204 secs] [Times: user=0.00 sys=0.00, real=0.00 secs] 
2020-10-28T09:48:27.759+0000: [GC (Allocation Failure) 2020-10-28T09:48:27.759+0000: [ParNew: 16388K->4K(18432K), 0.0029051 secs] 423734K->407350K(896640K), 0.0029715 secs] [Times: user=0.01 sys=0.00, real=0.00 secs] 
2020-10-28T09:48:27.778+0000: [GC (Allocation Failure) 2020-10-28T09:48:27.778+0000: [ParNew: 16388K->4K(18432K), 0.0029346 secs] 423734K->407350K(896640K), 0.0029934 secs] [Times: user=0.01 sys=0.00, real=0.00 secs] 
2020-10-28T09:48:27.796+0000: [GC (Allocation Failure) 2020-10-28T09:48:27.797+0000: [ParNew: 16388K->4K(18432K), 0.0030629 secs] 423734K->407350K(896640K), 0.0031201 secs] [Times: user=0.00 sys=0.00, real=0.00 secs] 
2020-10-28T09:48:27.817+0000: [GC (Allocation Failure) 2020-10-28T09:48:27.817+0000: [ParNew: 16388K->4K(18432K), 0.0030099 secs] 423734K->407350K(896640K), 0.0030660 secs] [Times: user=0.01 sys=0.00, real=0.00 secs] 
2020-10-28T09:48:27.840+0000: [GC (Allocation Failure) 2020-10-28T09:48:27.840+0000: [ParNew: 16388K->4K(18432K), 0.0029592 secs] 423734K->407350K(896640K), 0.0030148 secs] [Times: user=0.01 sys=0.00, real=0.00 secs] 
2020-10-28T09:48:27.859+0000: [GC (Allocation Failure) 2020-10-28T09:48:27.859+0000: [ParNew: 16388K->4K(18432K), 0.0030694 secs] 423734K->407350K(896640K), 0.0031249 secs] [Times: user=0.01 sys=0.00, real=0.00 secs] 
2020-10-28T09:48:27.878+0000: [GC (Allocation Failure) 2020-10-28T09:48:27.878+0000: [ParNew: 16388K->4K(18432K), 0.0030374 secs] 423734K->407350K(896640K), 0.0030911 secs] [Times: user=0.00 sys=0.00, real=0.00 secs] 
2020-10-28T09:48:27.900+0000: [GC (Allocation Failure) 2020-10-28T09:48:27.900+0000: [ParNew: 16388K->4K(18432K), 0.0029167 secs] 423734K->407350K(896640K), 0.0029682 secs] [Times: user=0.01 sys=0.00, real=0.00 secs] 
2020-10-28T09:48:27.918+0000: [GC (Allocation Failure) 2020-10-28T09:48:27.918+0000: [ParNew: 16388K->4K(18432K), 0.0029793 secs] 423734K->407350K(896640K), 0.0030302 secs] [Times: user=0.00 sys=0.00, real=0.00 secs] 
2020-10-28T09:48:27.940+0000: [GC (Allocation Failure) 2020-10-28T09:48:27.940+0000: [ParNew: 16388K->4K(18432K), 0.0029402 secs] 423734K->407350K(896640K), 0.0029924 secs] [Times: user=0.01 sys=0.00, real=0.00 secs] 
2020-10-28T09:48:27.959+0000: [GC (Allocation Failure) 2020-10-28T09:48:27.959+0000: [ParNew: 16388K->4K(18432K), 0.0029551 secs] 423734K->407350K(896640K), 0.0030057 secs] [Times: user=0.00 sys=0.00, real=0.00 secs] 
2020-10-28T09:48:27.980+0000: [GC (Allocation Failure) 2020-10-28T09:48:27.980+0000: [ParNew: 16388K->4K(18432K), 0.0028892 secs] 423734K->407350K(896640K), 0.0029388 secs] [Times: user=0.00 sys=0.00, real=0.00 secs] 
2020-10-28T09:48:28.000+0000: [GC (Allocation Failure) 2020-10-28T09:48:28.000+0000: [ParNew: 16388K->4K(18432K), 0.0028682 secs] 423734K->407350K(896640K), 0.0029174 secs] [Times: user=0.01 sys=0.00, real=0.00 secs] 
2020-10-28T09:48:28.020+0000: [GC (Allocation Failure) 2020-10-28T09:48:28.020+0000: [ParNew: 16388K->4K(18432K), 0.0028567 secs] 423734K->407350K(896640K), 0.0029057 secs] [Times: user=0.00 sys=0.00, real=0.00 secs] 
2020-10-28T09:48:28.039+0000: [GC (Allocation Failure) 2020-10-28T09:48:28.039+0000: [ParNew: 16388K->4K(18432K), 0.0030173 secs] 423734K->407350K(896640K), 0.0030787 secs] [Times: user=0.01 sys=0.00, real=0.00 secs] 
2020-10-28T09:48:28.060+0000: [GC (Allocation Failure) 2020-10-28T09:48:28.060+0000: [ParNew: 16388K->4K(18432K), 0.0029187 secs] 423734K->407350K(896640K), 0.0029696 secs] [Times: user=0.01 sys=0.00, real=0.00 secs] 
2020-10-28T09:48:28.080+0000: [GC (Allocation Failure) 2020-10-28T09:48:28.080+0000: [ParNew: 16388K->4K(18432K), 0.0028924 secs] 423734K->407350K(896640K), 0.0029425 secs] [Times: user=0.00 sys=0.00, real=0.00 secs] 
2020-10-28T09:48:28.100+0000: [GC (Allocation Failure) 2020-10-28T09:48:28.100+0000: [ParNew: 16388K->4K(18432K), 0.0029079 secs] 423734K->407350K(896640K), 0.0029600 secs] [Times: user=0.01 sys=0.00, real=0.00 secs] 
2020-10-28T09:48:28.120+0000: [GC (Allocation Failure) 2020-10-28T09:48:28.120+0000: [ParNew: 16388K->4K(18432K), 0.0028687 secs] 423734K->407350K(896640K), 0.0029188 secs] [Times: user=0.01 sys=0.00, real=0.00 secs] 
2020-10-28T09:48:28.139+0000: [GC (Allocation Failure) 2020-10-28T09:48:28.139+0000: [ParNew: 16388K->4K(18432K), 0.0029933 secs] 423734K->407350K(896640K), 0.0030470 secs] [Times: user=0.01 sys=0.00, real=0.00 secs] 
2020-10-28T09:48:28.158+0000: [GC (Allocation Failure) 2020-10-28T09:48:28.158+0000: [ParNew: 16388K->4K(18432K), 0.0029789 secs] 423734K->407350K(896640K), 0.0030435 secs] [Times: user=0.00 sys=0.00, real=0.00 secs] 
2020-10-28T09:48:28.177+0000: [GC (Allocation Failure) 2020-10-28T09:48:28.177+0000: [ParNew: 16388K->4K(18432K), 0.0029539 secs] 423734K->407350K(896640K), 0.0030091 secs] [Times: user=0.01 sys=0.00, real=0.00 secs] 
2020-10-28T09:48:28.200+0000: [GC (Allocation Failure) 2020-10-28T09:48:28.200+0000: [ParNew: 16388K->4K(18432K), 0.0029814 secs] 423734K->407350K(896640K), 0.0030492 secs] [Times: user=0.00 sys=0.00, real=0.00 secs] 
2020-10-28T09:48:28.220+0000: [GC (Allocation Failure) 2020-10-28T09:48:28.220+0000: [ParNew: 16388K->4K(18432K), 0.0029616 secs] 423734K->407350K(896640K), 0.0030157 secs] [Times: user=0.01 sys=0.00, real=0.00 secs] 
2020-10-28T09:48:28.239+0000: [GC (Allocation Failure) 2020-10-28T09:48:28.239+0000: [ParNew: 16388K->4K(18432K), 0.0030433 secs] 423734K->407350K(896640K), 0.0031015 secs] [Times: user=0.00 sys=0.00, real=0.00 secs] 
2020-10-28T09:48:28.261+0000: [GC (Allocation Failure) 2020-10-28T09:48:28.261+0000: [ParNew: 16388K->4K(18432K), 0.0030416 secs] 440118K->423734K(896640K), 0.0031000 secs] [Times: user=0.01 sys=0.00, real=0.00 secs] 
2020-10-28T09:48:28.284+0000: [GC (Allocation Failure) 2020-10-28T09:48:28.284+0000: [ParNew: 16388K->4K(18432K), 0.0030171 secs] 440118K->423734K(896640K), 0.0030737 secs] [Times: user=0.00 sys=0.00, real=0.00 secs] 
2020-10-28T09:48:28.303+0000: [GC (Allocation Failure) 2020-10-28T09:48:28.303+0000: [ParNew: 16388K->4K(18432K), 0.0029738 secs] 440118K->423734K(896640K), 0.0030277 secs] [Times: user=0.01 sys=0.00, real=0.00 secs] 
2020-10-28T09:48:28.324+0000: [GC (Allocation Failure) 2020-10-28T09:48:28.324+0000: [ParNew: 16388K->4K(18432K), 0.0029401 secs] 440118K->423734K(896640K), 0.0029927 secs] [Times: user=0.01 sys=0.00, real=0.00 secs] 
2020-10-28T09:48:28.344+0000: [GC (Allocation Failure) 2020-10-28T09:48:28.344+0000: [ParNew: 16388K->4K(18432K), 0.0030449 secs] 440118K->423734K(896640K), 0.0030963 secs] [Times: user=0.01 sys=0.00, real=0.00 secs] 
2020-10-28T09:48:28.364+0000: [GC (Allocation Failure) 2020-10-28T09:48:28.364+0000: [ParNew: 16388K->4K(18432K), 0.0029730 secs] 440118K->423735K(896640K), 0.0030263 secs] [Times: user=0.01 sys=0.00, real=0.00 secs] 
2020-10-28T09:48:28.397+0000: [GC (Allocation Failure) 2020-10-28T09:48:28.398+0000: [ParNew: 16388K->4K(18432K), 0.0030578 secs] 440119K->423735K(896640K), 0.0031388 secs] [Times: user=0.00 sys=0.00, real=0.00 secs] 
2020-10-28T09:48:28.419+0000: [GC (Allocation Failure) 2020-10-28T09:48:28.419+0000: [ParNew: 16388K->4K(18432K), 0.0030228 secs] 440119K->423735K(896640K), 0.0030790 secs] [Times: user=0.01 sys=0.00, real=0.00 secs] 
2020-10-28T09:48:28.438+0000: [GC (Allocation Failure) 2020-10-28T09:48:28.438+0000: [ParNew: 16388K->4K(18432K), 0.0030025 secs] 440119K->423735K(896640K), 0.0030556 secs] [Times: user=0.00 sys=0.00, real=0.00 secs] 
2020-10-28T09:48:28.457+0000: [GC (Allocation Failure) 2020-10-28T09:48:28.457+0000: [ParNew: 16388K->4K(18432K), 0.0030400 secs] 440119K->423735K(896640K), 0.0030957 secs] [Times: user=0.01 sys=0.00, real=0.00 secs] 
2020-10-28T09:48:28.475+0000: [GC (Allocation Failure) 2020-10-28T09:48:28.475+0000: [ParNew: 16388K->4K(18432K), 0.0030046 secs] 440119K->423735K(896640K), 0.0030582 secs] [Times: user=0.01 sys=0.01, real=0.01 secs] 
2020-10-28T09:48:28.496+0000: [GC (Allocation Failure) 2020-10-28T09:48:28.496+0000: [ParNew: 16388K->4K(18432K), 0.0030001 secs] 440119K->423735K(896640K), 0.0030556 secs] [Times: user=0.01 sys=0.01, real=0.00 secs] 
2020-10-28T09:48:28.515+0000: [GC (Allocation Failure) 2020-10-28T09:48:28.515+0000: [ParNew: 16388K->4K(18432K), 0.0030388 secs] 440119K->423735K(896640K), 0.0030940 secs] [Times: user=0.01 sys=0.00, real=0.01 secs] 
2020-10-28T09:48:28.536+0000: [GC (Allocation Failure) 2020-10-28T09:48:28.536+0000: [ParNew: 16388K->4K(18432K), 0.0029597 secs] 440119K->423735K(896640K), 0.0030143 secs] [Times: user=0.01 sys=0.00, real=0.00 secs] 
2020-10-28T09:48:28.555+0000: [GC (Allocation Failure) 2020-10-28T09:48:28.555+0000: [ParNew: 16388K->4K(18432K), 0.0029918 secs] 440119K->423735K(896640K), 0.0030462 secs] [Times: user=0.01 sys=0.00, real=0.01 secs] 
2020-10-28T09:48:28.574+0000: [GC (Allocation Failure) 2020-10-28T09:48:28.574+0000: [ParNew: 16388K->4K(18432K), 0.0029915 secs] 440119K->423735K(896640K), 0.0030463 secs] [Times: user=0.00 sys=0.00, real=0.01 secs] 
2020-10-28T09:48:28.596+0000: [GC (Allocation Failure) 2020-10-28T09:48:28.596+0000: [ParNew: 16388K->4K(18432K), 0.0029751 secs] 440119K->423735K(896640K), 0.0030293 secs] [Times: user=0.01 sys=0.00, real=0.00 secs] 
2020-10-28T09:48:28.620+0000: [GC (Allocation Failure) 2020-10-28T09:48:28.620+0000: [ParNew: 16388K->4K(18432K), 0.0029648 secs] 440119K->423735K(896640K), 0.0030188 secs] [Times: user=0.01 sys=0.00, real=0.00 secs] 
2020-10-28T09:48:28.640+0000: [GC (Allocation Failure) 2020-10-28T09:48:28.640+0000: [ParNew: 16388K->4K(18432K), 0.0030270 secs] 440119K->423735K(896640K), 0.0030904 secs] [Times: user=0.01 sys=0.00, real=0.00 secs] 
2020-10-28T09:48:28.677+0000: [GC (Allocation Failure) 2020-10-28T09:48:28.677+0000: [ParNew: 16388K->4K(18432K), 0.0030340 secs] 440119K->423735K(896640K), 0.0030909 secs] [Times: user=0.00 sys=0.00, real=0.00 secs] 
2020-10-28T09:48:28.700+0000: [GC (Allocation Failure) 2020-10-28T09:48:28.700+0000: [ParNew: 16388K->4K(18432K), 0.0029763 secs] 440119K->423735K(896640K), 0.0030329 secs] [Times: user=0.00 sys=0.00, real=0.00 secs] 
2020-10-28T09:48:28.720+0000: [GC (Allocation Failure) 2020-10-28T09:48:28.720+0000: [ParNew: 16388K->4K(18432K), 0.0029797 secs] 440119K->423735K(896640K), 0.0030344 secs] [Times: user=0.00 sys=0.00, real=0.00 secs] 
2020-10-28T09:48:28.740+0000: [GC (Allocation Failure) 2020-10-28T09:48:28.740+0000: [ParNew: 16388K->4K(18432K), 0.0029731 secs] 440119K->423735K(896640K), 0.0030289 secs] [Times: user=0.01 sys=0.00, real=0.00 secs] 
2020-10-28T09:48:28.760+0000: [GC (Allocation Failure) 2020-10-28T09:48:28.760+0000: [ParNew: 16388K->4K(18432K), 0.0029518 secs] 440119K->423735K(896640K), 0.0030063 secs] [Times: user=0.00 sys=0.00, real=0.00 secs] 
2020-10-28T09:48:28.779+0000: [GC (Allocation Failure) 2020-10-28T09:48:28.779+0000: [ParNew: 16388K->4K(18432K), 0.0029688 secs] 440119K->423735K(896640K), 0.0030211 secs] [Times: user=0.01 sys=0.00, real=0.00 secs] 
2020-10-28T09:48:28.800+0000: [GC (Allocation Failure) 2020-10-28T09:48:28.800+0000: [ParNew: 16388K->4K(18432K), 0.0030238 secs] 440119K->423735K(896640K), 0.0030803 secs] [Times: user=0.00 sys=0.00, real=0.00 secs] 
2020-10-28T09:48:28.820+0000: [GC (Allocation Failure) 2020-10-28T09:48:28.820+0000: [ParNew: 16388K->4K(18432K), 0.0030211 secs] 440119K->423735K(896640K), 0.0030789 secs] [Times: user=0.01 sys=0.00, real=0.00 secs] 
2020-10-28T09:48:28.839+0000: [GC (Allocation Failure) 2020-10-28T09:48:28.839+0000: [ParNew: 16388K->4K(18432K), 0.0029826 secs] 440119K->423735K(896640K), 0.0030379 secs] [Times: user=0.01 sys=0.00, real=0.00 secs] 
2020-10-28T09:48:28.858+0000: [GC (Allocation Failure) 2020-10-28T09:48:28.858+0000: [ParNew: 16388K->4K(18432K), 0.0030609 secs] 440119K->423735K(896640K), 0.0031185 secs] [Times: user=0.01 sys=0.00, real=0.00 secs] 
2020-10-28T09:48:28.880+0000: [GC (Allocation Failure) 2020-10-28T09:48:28.880+0000: [ParNew: 16388K->4K(18432K), 0.0030474 secs] 440119K->423735K(896640K), 0.0031025 secs] [Times: user=0.01 sys=0.00, real=0.00 secs] 
2020-10-28T09:48:28.900+0000: [GC (Allocation Failure) 2020-10-28T09:48:28.900+0000: [ParNew: 16388K->4K(18432K), 0.0029693 secs] 440119K->423735K(896640K), 0.0030235 secs] [Times: user=0.01 sys=0.00, real=0.00 secs] 
2020-10-28T09:48:28.919+0000: [GC (Allocation Failure) 2020-10-28T09:48:28.919+0000: [ParNew: 16388K->4K(18432K), 0.0029893 secs] 440119K->423735K(896640K), 0.0030444 secs] [Times: user=0.00 sys=0.00, real=0.00 secs] 
2020-10-28T09:48:28.940+0000: [GC (Allocation Failure) 2020-10-28T09:48:28.940+0000: [ParNew: 16388K->4K(18432K), 0.0029751 secs] 440119K->423735K(896640K), 0.0030294 secs] [Times: user=0.01 sys=0.00, real=0.00 secs] 
2020-10-28T09:48:28.958+0000: [GC (Allocation Failure) 2020-10-28T09:48:28.959+0000: [ParNew: 16388K->4K(18432K), 0.0030231 secs] 440119K->423735K(896640K), 0.0030781 secs] [Times: user=0.00 sys=0.00, real=0.00 secs] 
2020-10-28T09:48:28.978+0000: [GC (Allocation Failure) 2020-10-28T09:48:28.978+0000: [ParNew: 16388K->4K(18432K), 0.0029835 secs] 440119K->423735K(896640K), 0.0030363 secs] [Times: user=0.01 sys=0.00, real=0.00 secs] 
2020-10-28T09:48:28.996+0000: [GC (Allocation Failure) 2020-10-28T09:48:28.997+0000: [ParNew: 16388K->4K(18432K), 0.0029662 secs] 440119K->423735K(896640K), 0.0030278 secs] [Times: user=0.00 sys=0.00, real=0.00 secs] 
2020-10-28T09:48:29.015+0000: [GC (Allocation Failure) 2020-10-28T09:48:29.015+0000: [ParNew: 16388K->4K(18432K), 0.0030023 secs] 440119K->423735K(896640K), 0.0030662 secs] [Times: user=0.00 sys=0.00, real=0.01 secs] 
2020-10-28T09:48:29.034+0000: [GC (Allocation Failure) 2020-10-28T09:48:29.034+0000: [ParNew: 16388K->4K(18432K), 0.0029923 secs] 440119K->423735K(896640K), 0.0030471 secs] [Times: user=0.01 sys=0.00, real=0.01 secs] 
2020-10-28T09:48:29.056+0000: [GC (Allocation Failure) 2020-10-28T09:48:29.056+0000: [ParNew: 16388K->4K(18432K), 0.0029624 secs] 440119K->423735K(896640K), 0.0030142 secs] [Times: user=0.00 sys=0.00, real=0.00 secs] 
2020-10-28T09:48:29.075+0000: [GC (Allocation Failure) 2020-10-28T09:48:29.075+0000: [ParNew: 16388K->4K(18432K), 0.0029646 secs] 440119K->423735K(896640K), 0.0030179 secs] [Times: user=0.01 sys=0.00, real=0.01 secs] 
2020-10-28T09:48:29.094+0000: [GC (Allocation Failure) 2020-10-28T09:48:29.094+0000: [ParNew: 16388K->4K(18432K), 0.0030221 secs] 440119K->423735K(896640K), 0.0030767 secs] [Times: user=0.01 sys=0.00, real=0.01 secs] 
2020-10-28T09:48:29.112+0000: [GC (Allocation Failure) 2020-10-28T09:48:29.113+0000: [ParNew: 16388K->4K(18432K), 0.0029722 secs] 440119K->423735K(896640K), 0.0030264 secs] [Times: user=0.00 sys=0.00, real=0.01 secs] 
2020-10-28T09:48:29.132+0000: [GC (Allocation Failure) 2020-10-28T09:48:29.132+0000: [ParNew: 16388K->4K(18432K), 0.0030282 secs] 440119K->423735K(896640K), 0.0030824 secs] [Times: user=0.01 sys=0.00, real=0.00 secs] 
2020-10-28T09:48:29.151+0000: [GC (Allocation Failure) 2020-10-28T09:48:29.151+0000: [ParNew: 16388K->4K(18432K), 0.0029946 secs] 440119K->423735K(896640K), 0.0030490 secs] [Times: user=0.01 sys=0.00, real=0.00 secs] 
2020-10-28T09:48:29.170+0000: [GC (Allocation Failure) 2020-10-28T09:48:29.170+0000: [ParNew: 16388K->4K(18432K), 0.0029769 secs] 440119K->423735K(896640K), 0.0030323 secs] [Times: user=0.00 sys=0.00, real=0.00 secs] 
2020-10-28T09:48:29.188+0000: [GC (Allocation Failure) 2020-10-28T09:48:29.188+0000: [ParNew: 16388K->4K(18432K), 0.0029448 secs] 440119K->423735K(896640K), 0.0030140 secs] [Times: user=0.01 sys=0.00, real=0.00 secs] 
2020-10-28T09:48:29.211+0000: [GC (Allocation Failure) 2020-10-28T09:48:29.211+0000: [ParNew: 16388K->4K(18432K), 0.0029549 secs] 440119K->423735K(896640K), 0.0030051 secs] [Times: user=0.01 sys=0.00, real=0.00 secs] 
2020-10-28T09:48:29.230+0000: [GC (Allocation Failure) 2020-10-28T09:48:29.230+0000: [ParNew: 16388K->4K(18432K), 0.0030099 secs] 440119K->423735K(896640K), 0.0030655 secs] [Times: user=0.00 sys=0.00, real=0.00 secs] 
2020-10-28T09:48:29.252+0000: [GC (Allocation Failure) 2020-10-28T09:48:29.252+0000: [ParNew: 16388K->4K(18432K), 0.0030091 secs] 440119K->423735K(896640K), 0.0030651 secs] [Times: user=0.01 sys=0.00, real=0.00 secs] 
2020-10-28T09:48:29.272+0000: [GC (Allocation Failure) 2020-10-28T09:48:29.272+0000: [ParNew: 16388K->4K(18432K), 0.0030458 secs] 440119K->423735K(896640K), 0.0031010 secs] [Times: user=0.00 sys=0.00, real=0.00 secs] 
2020-10-28T09:48:29.292+0000: [GC (Allocation Failure) 2020-10-28T09:48:29.292+0000: [ParNew: 16388K->4K(18432K), 0.0029757 secs] 440119K->423735K(896640K), 0.0030291 secs] [Times: user=0.00 sys=0.00, real=0.00 secs] 
2020-10-28T09:48:29.312+0000: [GC (Allocation Failure) 2020-10-28T09:48:29.312+0000: [ParNew: 16388K->4K(18432K), 0.0028253 secs] 440119K->423735K(896640K), 0.0028736 secs] [Times: user=0.01 sys=0.00, real=0.00 secs] 
2020-10-28T09:48:29.332+0000: [GC (Allocation Failure) 2020-10-28T09:48:29.332+0000: [ParNew: 16388K->4K(18432K), 0.0028007 secs] 440119K->423735K(896640K), 0.0028590 secs] [Times: user=0.00 sys=0.00, real=0.00 secs] 
2020-10-28T09:48:29.350+0000: [GC (Allocation Failure) 2020-10-28T09:48:29.350+0000: [ParNew: 16388K->4K(18432K), 0.0028898 secs] 440119K->423735K(896640K), 0.0029547 secs] [Times: user=0.01 sys=0.00, real=0.00 secs] 
2020-10-28T09:48:29.369+0000: [GC (Allocation Failure) 2020-10-28T09:48:29.369+0000: [ParNew: 16388K->4K(18432K), 0.0029010 secs] 440119K->423735K(896640K), 0.0029495 secs] [Times: user=0.00 sys=0.00, real=0.00 secs] 
2020-10-28T09:48:29.388+0000: [GC (Allocation Failure) 2020-10-28T09:48:29.388+0000: [ParNew: 16388K->4K(18432K), 0.0028307 secs] 440119K->423735K(896640K), 0.0028797 secs] [Times: user=0.01 sys=0.00, real=0.00 secs] 
2020-10-28T09:48:29.407+0000: [GC (Allocation Failure) 2020-10-28T09:48:29.407+0000: [ParNew: 16388K->4K(18432K), 0.0028145 secs] 440119K->423735K(896640K), 0.0028622 secs] [Times: user=0.00 sys=0.00, real=0.01 secs] 
2020-10-28T09:48:29.428+0000: [GC (Allocation Failure) 2020-10-28T09:48:29.428+0000: [ParNew: 16388K->4K(18432K), 0.0028605 secs] 440119K->423735K(896640K), 0.0029110 secs] [Times: user=0.01 sys=0.00, real=0.00 secs] 
2020-10-28T09:48:29.446+0000: [GC (Allocation Failure) 2020-10-28T09:48:29.446+0000: [ParNew: 16388K->4K(18432K), 0.0029589 secs] 440119K->423735K(896640K), 0.0030133 secs] [Times: user=0.00 sys=0.00, real=0.01 secs] 
2020-10-28T09:48:29.468+0000: [GC (Allocation Failure) 2020-10-28T09:48:29.468+0000: [ParNew: 16388K->4K(18432K), 0.0029685 secs] 440119K->423735K(896640K), 0.0030222 secs] [Times: user=0.01 sys=0.00, real=0.00 secs] 
2020-10-28T09:48:29.488+0000: [GC (Allocation Failure) 2020-10-28T09:48:29.488+0000: [ParNew: 16388K->4K(18432K), 0.0029417 secs] 440119K->423735K(896640K), 0.0029960 secs] [Times: user=0.00 sys=0.00, real=0.00 secs] 
2020-10-28T09:48:29.507+0000: [GC (Allocation Failure) 2020-10-28T09:48:29.507+0000: [ParNew: 16388K->4K(18432K), 0.0029894 secs] 440119K->423735K(896640K), 0.0030434 secs] [Times: user=0.01 sys=0.00, real=0.01 secs] 
2020-10-28T09:48:29.544+0000: [GC (Allocation Failure) 2020-10-28T09:48:29.544+0000: [ParNew: 16388K->6K(18432K), 0.0030311 secs] 440119K->423737K(896640K), 0.0030882 secs] [Times: user=0.01 sys=0.00, real=0.00 secs] 
2020-10-28T09:48:29.568+0000: [GC (Allocation Failure) 2020-10-28T09:48:29.568+0000: [ParNew: 16390K->8K(18432K), 0.0029784 secs] 440121K->423739K(896640K), 0.0030329 secs] [Times: user=0.00 sys=0.00, real=0.00 secs] 
2020-10-28T09:48:29.587+0000: [GC (Allocation Failure) 2020-10-28T09:48:29.587+0000: [ParNew: 16392K->6K(18432K), 0.0029530 secs] 440123K->423737K(896640K), 0.0030055 secs] [Times: user=0.00 sys=0.00, real=0.01 secs] 
2020-10-28T09:48:29.605+0000: [GC (Allocation Failure) 2020-10-28T09:48:29.605+0000: [ParNew: 16390K->6K(18432K), 0.0030164 secs] 440121K->423738K(896640K), 0.0030699 secs] [Times: user=0.01 sys=0.00, real=0.01 secs] 
2020-10-28T09:48:29.628+0000: [GC (Allocation Failure) 2020-10-28T09:48:29.628+0000: [ParNew: 16390K->6K(18432K), 0.0029912 secs] 440122K->423738K(896640K), 0.0030471 secs] [Times: user=0.01 sys=0.00, real=0.00 secs] 
2020-10-28T09:48:29.648+0000: [GC (Allocation Failure) 2020-10-28T09:48:29.648+0000: [ParNew: 16390K->7K(18432K), 0.0030051 secs] 440122K->423739K(896640K), 0.0030625 secs] [Times: user=0.01 sys=0.00, real=0.00 secs] 
2020-10-28T09:48:29.670+0000: [GC (Allocation Failure) 2020-10-28T09:48:29.670+0000: [ParNew: 16391K->4K(18432K), 0.0030082 secs] 440123K->423739K(896640K), 0.0030654 secs] [Times: user=0.01 sys=0.00, real=0.00 secs] 
2020-10-28T09:48:29.689+0000: [GC (Allocation Failure) 2020-10-28T09:48:29.689+0000: [ParNew: 16388K->4K(18432K), 0.0030081 secs] 440123K->423738K(896640K), 0.0030634 secs] [Times: user=0.00 sys=0.00, real=0.00 secs] 
2020-10-28T09:48:29.712+0000: [GC (Allocation Failure) 2020-10-28T09:48:29.712+0000: [ParNew: 16388K->4K(18432K), 0.0030014 secs] 440122K->423738K(896640K), 0.0030565 secs] [Times: user=0.01 sys=0.00, real=0.00 secs] 
2020-10-28T09:48:29.732+0000: [GC (Allocation Failure) 2020-10-28T09:48:29.732+0000: [ParNew: 16388K->4K(18432K), 0.0029777 secs] 440122K->423738K(896640K), 0.0030331 secs] [Times: user=0.01 sys=0.00, real=0.00 secs] 
2020-10-28T09:48:29.752+0000: [GC (Allocation Failure) 2020-10-28T09:48:29.752+0000: [ParNew: 16388K->4K(18432K), 0.0030572 secs] 440122K->423738K(896640K), 0.0031125 secs] [Times: user=0.01 sys=0.00, real=0.00 secs] 
2020-10-28T09:48:29.772+0000: [GC (Allocation Failure) 2020-10-28T09:48:29.772+0000: [ParNew: 16388K->4K(18432K), 0.0029870 secs] 440122K->423738K(896640K), 0.0030439 secs] [Times: user=0.01 sys=0.00, real=0.00 secs] 
2020-10-28T09:48:29.791+0000: [GC (Allocation Failure) 2020-10-28T09:48:29.791+0000: [ParNew: 16388K->4K(18432K), 0.0029836 secs] 440122K->423738K(896640K), 0.0030394 secs] [Times: user=0.00 sys=0.00, real=0.00 secs] 
2020-10-28T09:48:29.809+0000: [GC (Allocation Failure) 2020-10-28T09:48:29.809+0000: [ParNew: 16388K->4K(18432K), 0.0029870 secs] 440122K->423738K(896640K), 0.0030420 secs] [Times: user=0.00 sys=0.00, real=0.00 secs] 
2020-10-28T09:48:29.828+0000: [GC (Allocation Failure) 2020-10-28T09:48:29.828+0000: [ParNew: 16388K->4K(18432K), 0.0029590 secs] 440122K->423738K(896640K), 0.0030117 secs] [Times: user=0.01 sys=0.00, real=0.00 secs] 
2020-10-28T09:48:29.851+0000: [GC (Allocation Failure) 2020-10-28T09:48:29.851+0000: [ParNew: 16388K->4K(18432K), 0.0030335 secs] 440122K->423738K(896640K), 0.0030877 secs] [Times: user=0.01 sys=0.00, real=0.00 secs] 
2020-10-28T09:48:29.870+0000: [GC (Allocation Failure) 2020-10-28T09:48:29.870+0000: [ParNew: 16388K->4K(18432K), 0.0029863 secs] 440122K->423738K(896640K), 0.0030412 secs] [Times: user=0.00 sys=0.00, real=0.00 secs] 
2020-10-28T09:48:29.889+0000: [GC (Allocation Failure) 2020-10-28T09:48:29.889+0000: [ParNew: 16388K->4K(18432K), 0.0029980 secs] 440122K->423738K(896640K), 0.0030608 secs] [Times: user=0.01 sys=0.00, real=0.00 secs] 
2020-10-28T09:48:29.908+0000: [GC (Allocation Failure) 2020-10-28T09:48:29.908+0000: [ParNew: 16388K->4K(18432K), 0.0030415 secs] 440122K->423738K(896640K), 0.0030988 secs] [Times: user=0.00 sys=0.00, real=0.00 secs] 
2020-10-28T09:48:29.927+0000: [GC (Allocation Failure) 2020-10-28T09:48:29.927+0000: [ParNew: 16388K->4K(18432K), 0.0030425 secs] 440122K->423738K(896640K), 0.0031000 secs] [Times: user=0.01 sys=0.00, real=0.01 secs] 
2020-10-28T09:48:29.946+0000: [GC (Allocation Failure) 2020-10-28T09:48:29.946+0000: [ParNew: 16388K->4K(18432K), 0.0030775 secs] 440122K->423738K(896640K), 0.0031346 secs] [Times: user=0.01 sys=0.00, real=0.01 secs] 
2020-10-28T09:48:29.968+0000: [GC (Allocation Failure) 2020-10-28T09:48:29.968+0000: [ParNew: 16388K->4K(18432K), 0.0029806 secs] 440122K->423738K(896640K), 0.0030352 secs] [Times: user=0.01 sys=0.00, real=0.00 secs] 
2020-10-28T09:48:29.988+0000: [GC (Allocation Failure) 2020-10-28T09:48:29.988+0000: [ParNew: 16388K->4K(18432K), 0.0029972 secs] 440122K->423738K(896640K), 0.0030527 secs] [Times: user=0.00 sys=0.00, real=0.00 secs] 
2020-10-28T09:48:30.007+0000: [GC (Allocation Failure) 2020-10-28T09:48:30.007+0000: [ParNew: 16388K->4K(18432K), 0.0029809 secs] 440122K->423738K(896640K), 0.0030366 secs] [Times: user=0.00 sys=0.00, real=0.01 secs] 
2020-10-28T09:48:30.026+0000: [GC (Allocation Failure) 2020-10-28T09:48:30.026+0000: [ParNew: 16388K->4K(18432K), 0.0030382 secs] 440122K->423738K(896640K), 0.0030936 secs] [Times: user=0.01 sys=0.00, real=0.01 secs] 
2020-10-28T09:48:30.048+0000: [GC (Allocation Failure) 2020-10-28T09:48:30.048+0000: [ParNew: 16388K->4K(18432K), 0.0030264 secs] 440122K->423738K(896640K), 0.0030812 secs] [Times: user=0.00 sys=0.00, real=0.00 secs] 
2020-10-28T09:48:30.067+0000: [GC (Allocation Failure) 2020-10-28T09:48:30.067+0000: [ParNew: 16388K->4K(18432K), 0.0030037 secs] 440122K->423738K(896640K), 0.0030585 secs] [Times: user=0.01 sys=0.00, real=0.01 secs] 
2020-10-28T09:48:30.088+0000: [GC (Allocation Failure) 2020-10-28T09:48:30.088+0000: [ParNew: 16388K->4K(18432K), 0.0029765 secs] 440122K->423739K(896640K), 0.0030400 secs] [Times: user=0.01 sys=0.00, real=0.00 secs] 
2020-10-28T09:48:30.112+0000: [GC (Allocation Failure) 2020-10-28T09:48:30.112+0000: [ParNew: 16388K->4K(18432K), 0.0029669 secs] 440123K->423739K(896640K), 0.0030209 secs] [Times: user=0.01 sys=0.00, real=0.00 secs] 
2020-10-28T09:48:30.132+0000: [GC (Allocation Failure) 2020-10-28T09:48:30.132+0000: [ParNew: 16388K->4K(18432K), 0.0029396 secs] 440123K->423739K(896640K), 0.0029937 secs] [Times: user=0.01 sys=0.00, real=0.00 secs] 
2020-10-28T09:48:30.155+0000: [GC (Allocation Failure) 2020-10-28T09:48:30.155+0000: [ParNew: 16388K->4K(18432K), 0.0029757 secs] 440123K->423739K(896640K), 0.0030296 secs] [Times: user=0.00 sys=0.00, real=0.01 secs] 
2020-10-28T09:48:30.174+0000: [GC (Allocation Failure) 2020-10-28T09:48:30.174+0000: [ParNew: 16388K->4K(18432K), 0.0029993 secs] 440123K->423739K(896640K), 0.0030536 secs] [Times: user=0.01 sys=0.00, real=0.01 secs] 
2020-10-28T09:48:30.193+0000: [GC (Allocation Failure) 2020-10-28T09:48:30.193+0000: [ParNew: 16388K->4K(18432K), 0.0029565 secs] 440123K->423739K(896640K), 0.0030104 secs] [Times: user=0.00 sys=0.01, real=0.01 secs] 
2020-10-28T09:48:30.215+0000: [GC (Allocation Failure) 2020-10-28T09:48:30.215+0000: [ParNew: 16388K->4K(18432K), 0.0029861 secs] 440123K->423739K(896640K), 0.0030459 secs] [Times: user=0.01 sys=0.00, real=0.01 secs] 
2020-10-28T09:48:30.234+0000: [GC (Allocation Failure) 2020-10-28T09:48:30.234+0000: [ParNew: 16388K->4K(18432K), 0.0030426 secs] 440123K->423739K(896640K), 0.0030989 secs] [Times: user=0.01 sys=0.00, real=0.01 secs] 
2020-10-28T09:48:30.256+0000: [GC (Allocation Failure) 2020-10-28T09:48:30.256+0000: [ParNew: 16388K->4K(18432K), 0.0029644 secs] 440123K->423739K(896640K), 0.0030189 secs] [Times: user=0.00 sys=0.00, real=0.00 secs] 
2020-10-28T09:48:30.275+0000: [GC (Allocation Failure) 2020-10-28T09:48:30.275+0000: [ParNew: 16388K->4K(18432K), 0.0030251 secs] 440123K->423739K(896640K), 0.0030879 secs] [Times: user=0.01 sys=0.00, real=0.01 secs] 
2020-10-28T09:48:30.296+0000: [GC (Allocation Failure) 2020-10-28T09:48:30.296+0000: [ParNew: 16388K->4K(18432K), 0.0029787 secs] 440123K->423739K(896640K), 0.0030365 secs] [Times: user=0.00 sys=0.00, real=0.00 secs] 
2020-10-28T09:48:30.319+0000: [GC (Allocation Failure) 2020-10-28T09:48:30.319+0000: [ParNew: 16388K->4K(18432K), 0.0030122 secs] 440123K->423739K(896640K), 0.0030684 secs] [Times: user=0.01 sys=0.00, real=0.00 secs] 
2020-10-28T09:48:30.340+0000: [GC (Allocation Failure) 2020-10-28T09:48:30.340+0000: [ParNew: 16388K->4K(18432K), 0.0029882 secs] 440123K->423739K(896640K), 0.0030453 secs] [Times: user=0.01 sys=0.00, real=0.00 secs] 
2020-10-28T09:48:30.359+0000: [GC (Allocation Failure) 2020-10-28T09:48:30.359+0000: [ParNew: 16388K->4K(18432K), 0.0029651 secs] 440123K->423739K(896640K), 0.0030180 secs] [Times: user=0.00 sys=0.00, real=0.00 secs] 
2020-10-28T09:48:30.377+0000: [GC (Allocation Failure) 2020-10-28T09:48:30.377+0000: [ParNew: 16388K->4K(18432K), 0.0030235 secs] 440123K->423739K(896640K), 0.0030794 secs] [Times: user=0.01 sys=0.00, real=0.00 secs] 
2020-10-28T09:48:30.396+0000: [GC (Allocation Failure) 2020-10-28T09:48:30.396+0000: [ParNew: 16388K->4K(18432K), 0.0029353 secs] 440123K->423739K(896640K), 0.0029880 secs] [Times: user=0.01 sys=0.00, real=0.00 secs] 
2020-10-28T09:48:30.415+0000: [GC (Allocation Failure) 2020-10-28T09:48:30.415+0000: [ParNew: 16388K->4K(18432K), 0.0029946 secs] 440123K->423739K(896640K), 0.0030507 secs] [Times: user=0.00 sys=0.00, real=0.01 secs] 
2020-10-28T09:48:30.434+0000: [GC (Allocation Failure) 2020-10-28T09:48:30.434+0000: [ParNew: 16388K->4K(18432K), 0.0030174 secs] 440123K->423739K(896640K), 0.0030744 secs] [Times: user=0.01 sys=0.00, real=0.01 secs] 
2020-10-28T09:48:30.456+0000: [GC (Allocation Failure) 2020-10-28T09:48:30.456+0000: [ParNew: 16388K->4K(18432K), 0.0030246 secs] 440123K->423739K(896640K), 0.0030819 secs] [Times: user=0.01 sys=0.00, real=0.00 secs] 
2020-10-28T09:48:30.475+0000: [GC (Allocation Failure) 2020-10-28T09:48:30.475+0000: [ParNew: 16388K->4K(18432K), 0.0030164 secs] 440123K->423739K(896640K), 0.0030742 secs] [Times: user=0.00 sys=0.00, real=0.01 secs] 
2020-10-28T09:48:30.494+0000: [GC (Allocation Failure) 2020-10-28T09:48:30.494+0000: [ParNew: 16388K->4K(18432K), 0.0030513 secs] 440123K->423739K(896640K), 0.0031076 secs] [Times: user=0.00 sys=0.00, real=0.01 secs] 
2020-10-28T09:48:30.513+0000: [GC (Allocation Failure) 2020-10-28T09:48:30.513+0000: [ParNew: 16388K->4K(18432K), 0.0030234 secs] 440123K->423739K(896640K), 0.0030802 secs] [Times: user=0.01 sys=0.00, real=0.01 secs] 
2020-10-28T09:48:30.532+0000: [GC (Allocation Failure) 2020-10-28T09:48:30.532+0000: [ParNew: 16388K->4K(18432K), 0.0029847 secs] 440123K->423739K(896640K), 0.0030407 secs] [Times: user=0.01 sys=0.00, real=0.00 secs] 
2020-10-28T09:48:30.551+0000: [GC (Allocation Failure) 2020-10-28T09:48:30.551+0000: [ParNew: 16388K->4K(18432K), 0.0030728 secs] 440123K->423739K(896640K), 0.0031273 secs] [Times: user=0.01 sys=0.00, real=0.00 secs] 
2020-10-28T09:48:30.574+0000: [GC (Allocation Failure) 2020-10-28T09:48:30.574+0000: [ParNew: 16388K->4K(18432K), 0.0029965 secs] 440123K->423739K(896640K), 0.0030520 secs] [Times: user=0.01 sys=0.00, real=0.01 secs] 
2020-10-28T09:48:30.593+0000: [GC (Allocation Failure) 2020-10-28T09:48:30.593+0000: [ParNew: 16388K->4K(18432K), 0.0030580 secs] 440123K->423739K(896640K), 0.0031163 secs] [Times: user=0.01 sys=0.00, real=0.01 secs] 
2020-10-28T09:48:30.612+0000: [GC (Allocation Failure) 2020-10-28T09:48:30.612+0000: [ParNew: 16388K->4K(18432K), 0.0030236 secs] 440123K->423739K(896640K), 0.0030808 secs] [Times: user=0.01 sys=0.00, real=0.00 secs] 
2020-10-28T09:48:30.631+0000: [GC (Allocation Failure) 2020-10-28T09:48:30.631+0000: [ParNew: 16388K->4K(18432K), 0.0030862 secs] 440123K->423739K(896640K), 0.0031461 secs] [Times: user=0.00 sys=0.00, real=0.00 secs] 
2020-10-28T09:48:30.650+0000: [GC (Allocation Failure) 2020-10-28T09:48:30.650+0000: [ParNew: 16388K->4K(18432K), 0.0029905 secs] 440123K->423739K(896640K), 0.0030461 secs] [Times: user=0.01 sys=0.00, real=0.00 secs] 
2020-10-28T09:48:30.672+0000: [GC (Allocation Failure) 2020-10-28T09:48:30.672+0000: [ParNew: 16388K->4K(18432K), 0.0029798 secs] 440123K->423739K(896640K), 0.0030355 secs] [Times: user=0.01 sys=0.00, real=0.00 secs] 
2020-10-28T09:48:30.691+0000: [GC (Allocation Failure) 2020-10-28T09:48:30.691+0000: [ParNew: 16388K->4K(18432K), 0.0029653 secs] 440123K->423739K(896640K), 0.0030201 secs] [Times: user=0.00 sys=0.00, real=0.00 secs] 
2020-10-28T09:48:30.712+0000: [GC (Allocation Failure) 2020-10-28T09:48:30.712+0000: [ParNew: 16388K->4K(18432K), 0.0029962 secs] 440123K->423739K(896640K), 0.0030520 secs] [Times: user=0.00 sys=0.00, real=0.00 secs] 
2020-10-28T09:48:30.732+0000: [GC (Allocation Failure) 2020-10-28T09:48:30.732+0000: [ParNew: 16388K->4K(18432K), 0.0029936 secs] 440123K->423739K(896640K), 0.0030548 secs] [Times: user=0.00 sys=0.00, real=0.00 secs] 
2020-10-28T09:48:30.751+0000: [GC (Allocation Failure) 2020-10-28T09:48:30.751+0000: [ParNew: 16388K->4K(18432K), 0.0030207 secs] 440123K->423739K(896640K), 0.0030764 secs] [Times: user=0.01 sys=0.00, real=0.00 secs] 
2020-10-28T09:48:30.769+0000: [GC (Allocation Failure) 2020-10-28T09:48:30.769+0000: [ParNew: 16388K->4K(18432K), 0.0030310 secs] 440123K->423739K(896640K), 0.0030858 secs] [Times: user=0.01 sys=0.00, real=0.00 secs] 
2020-10-28T09:48:30.792+0000: [GC (Allocation Failure) 2020-10-28T09:48:30.792+0000: [ParNew: 16388K->4K(18432K), 0.0029903 secs] 440123K->423739K(896640K), 0.0030470 secs] [Times: user=0.00 sys=0.00, real=0.00 secs] 
2020-10-28T09:48:30.812+0000: [GC (Allocation Failure) 2020-10-28T09:48:30.812+0000: [ParNew: 16388K->4K(18432K), 0.0029907 secs] 440123K->423739K(896640K), 0.0030465 secs] [Times: user=0.01 sys=0.00, real=0.00 secs] 
2020-10-28T09:48:30.839+0000: [GC (Allocation Failure) 2020-10-28T09:48:30.839+0000: [ParNew: 16388K->4K(18432K), 0.0030087 secs] 440123K->423739K(896640K), 0.0030651 secs] [Times: user=0.00 sys=0.00, real=0.00 secs] 
2020-10-28T09:48:30.860+0000: [GC (Allocation Failure) 2020-10-28T09:48:30.860+0000: [ParNew: 16388K->4K(18432K), 0.0029852 secs] 440123K->423739K(896640K), 0.0030557 secs] [Times: user=0.00 sys=0.00, real=0.00 secs] 
2020-10-28T09:48:30.879+0000: [GC (Allocation Failure) 2020-10-28T09:48:30.879+0000: [ParNew: 16388K->4K(18432K), 0.0030799 secs] 440123K->423739K(896640K), 0.0031371 secs] [Times: user=0.01 sys=0.00, real=0.00 secs] 
2020-10-28T09:48:30.898+0000: [GC (Allocation Failure) 2020-10-28T09:48:30.898+0000: [ParNew: 16388K->4K(18432K), 0.0030185 secs] 440123K->423739K(896640K), 0.0030754 secs] [Times: user=0.00 sys=0.00, real=0.00 secs] 
2020-10-28T09:48:30.917+0000: [GC (Allocation Failure) 2020-10-28T09:48:30.917+0000: [ParNew: 16388K->4K(18432K), 0.0031170 secs] 440123K->423739K(896640K), 0.0031746 secs] [Times: user=0.00 sys=0.00, real=0.00 secs] 
2020-10-28T09:48:30.939+0000: [GC (Allocation Failure) 2020-10-28T09:48:30.939+0000: [ParNew: 16246K->4K(18432K), 0.0030073 secs] 439981K->423739K(896640K), 0.0030634 secs] [Times: user=0.01 sys=0.00, real=0.00 secs] 
2020-10-28T09:48:30.958+0000: [GC (Allocation Failure) 2020-10-28T09:48:30.958+0000: [ParNew: 16388K->4K(18432K), 0.0033208 secs] 440123K->423739K(896640K), 0.0033788 secs] [Times: user=0.00 sys=0.00, real=0.00 secs] 
2020-10-28T09:48:30.977+0000: [GC (Allocation Failure) 2020-10-28T09:48:30.978+0000: [ParNew: 16388K->4K(18432K), 0.0030066 secs] 440123K->423739K(896640K), 0.0030638 secs] [Times: user=0.00 sys=0.00, real=0.00 secs] 
2020-10-28T09:48:31.000+0000: [GC (Allocation Failure) 2020-10-28T09:48:31.000+0000: [ParNew: 16388K->4K(18432K), 0.0029695 secs] 440123K->423739K(896640K), 0.0030235 secs] [Times: user=0.01 sys=0.00, real=0.00 secs] 
2020-10-28T09:48:31.019+0000: [GC (Allocation Failure) 2020-10-28T09:48:31.019+0000: [ParNew: 16388K->4K(18432K), 0.0029880 secs] 440123K->423739K(896640K), 0.0030448 secs] [Times: user=0.01 sys=0.00, real=0.00 secs] 
2020-10-28T09:48:31.038+0000: [GC (Allocation Failure) 2020-10-28T09:48:31.039+0000: [ParNew: 16388K->4K(18432K), 0.0029897 secs] 440123K->423739K(896640K), 0.0030461 secs] [Times: user=0.01 sys=0.00, real=0.00 secs] 
2020-10-28T09:48:31.060+0000: [GC (Allocation Failure) 2020-10-28T09:48:31.060+0000: [ParNew: 16388K->4K(18432K), 0.0029986 secs] 440123K->423739K(896640K), 0.0030590 secs] [Times: user=0.00 sys=0.00, real=0.00 secs] 
2020-10-28T09:48:31.079+0000: [GC (Allocation Failure) 2020-10-28T09:48:31.079+0000: [ParNew: 16388K->4K(18432K), 0.0030298 secs] 440123K->423739K(896640K), 0.0030989 secs] [Times: user=0.01 sys=0.00, real=0.00 secs] 
2020-10-28T09:48:31.100+0000: [GC (Allocation Failure) 2020-10-28T09:48:31.100+0000: [ParNew: 16388K->4K(18432K), 0.0029406 secs] 440123K->423739K(896640K), 0.0029977 secs] [Times: user=0.01 sys=0.00, real=0.00 secs] 
2020-10-28T09:48:31.119+0000: [GC (Allocation Failure) 2020-10-28T09:48:31.119+0000: [ParNew: 16388K->4K(18432K), 0.0032425 secs] 440123K->423739K(896640K), 0.0033212 secs] [Times: user=0.00 sys=0.00, real=0.00 secs] 
2020-10-28T09:48:31.140+0000: [GC (Allocation Failure) 2020-10-28T09:48:31.140+0000: [ParNew: 16388K->4K(18432K), 0.0030434 secs] 440123K->423739K(896640K), 0.0030993 secs] [Times: user=0.00 sys=0.00, real=0.00 secs] 
2020-10-28T09:48:31.163+0000: [GC (Allocation Failure) 2020-10-28T09:48:31.163+0000: [ParNew: 16388K->4K(18432K), 0.0030706 secs] 440123K->423739K(896640K), 0.0031268 secs] [Times: user=0.00 sys=0.00, real=0.00 secs] 
2020-10-28T09:48:31.182+0000: [GC (Allocation Failure) 2020-10-28T09:48:31.182+0000: [ParNew: 16388K->4K(18432K), 0.0030105 secs] 440123K->423739K(896640K), 0.0030805 secs] [Times: user=0.01 sys=0.00, real=0.00 secs] 
2020-10-28T09:48:31.201+0000: [GC (Allocation Failure) 2020-10-28T09:48:31.201+0000: [ParNew: 16388K->4K(18432K), 0.0029906 secs] 440123K->423739K(896640K), 0.0030461 secs] [Times: user=0.01 sys=0.00, real=0.00 secs] 
2020-10-28T09:48:31.224+0000: [GC (Allocation Failure) 2020-10-28T09:48:31.224+0000: [ParNew: 16388K->4K(18432K), 0.0029724 secs] 440123K->423739K(896640K), 0.0030284 secs] [Times: user=0.01 sys=0.00, real=0.00 secs] 
2020-10-28T09:48:31.244+0000: [GC (Allocation Failure) 2020-10-28T09:48:31.244+0000: [ParNew: 16388K->4K(18432K), 0.0029968 secs] 440123K->423739K(896640K), 0.0030533 secs] [Times: user=0.00 sys=0.00, real=0.00 secs] 
2020-10-28T09:48:31.264+0000: [GC (Allocation Failure) 2020-10-28T09:48:31.264+0000: [ParNew: 16388K->4K(18432K), 0.0029700 secs] 440123K->423739K(896640K), 0.0030251 secs] [Times: user=0.00 sys=0.00, real=0.00 secs] 
2020-10-28T09:48:31.283+0000: [GC (Allocation Failure) 2020-10-28T09:48:31.283+0000: [ParNew: 16388K->4K(18432K), 0.0029912 secs] 440123K->423739K(896640K), 0.0030630 secs] [Times: user=0.01 sys=0.00, real=0.00 secs] 
2020-10-28T09:48:31.301+0000: [GC (Allocation Failure) 2020-10-28T09:48:31.301+0000: [ParNew: 16388K->4K(18432K), 0.0030068 secs] 440123K->423739K(896640K), 0.0030618 secs] [Times: user=0.01 sys=0.00, real=0.00 secs] 
2020-10-28T09:48:31.320+0000: [GC (Allocation Failure) 2020-10-28T09:48:31.320+0000: [ParNew: 16388K->4K(18432K), 0.0030346 secs] 440123K->423739K(896640K), 0.0030905 secs] [Times: user=0.01 sys=0.00, real=0.00 secs] 
2020-10-28T09:48:31.343+0000: [GC (Allocation Failure) 2020-10-28T09:48:31.343+0000: [ParNew: 16388K->4K(18432K), 0.0029975 secs] 440123K->423739K(896640K), 0.0030531 secs] [Times: user=0.01 sys=0.00, real=0.00 secs] 
2020-10-28T09:48:31.364+0000: [GC (Allocation Failure) 2020-10-28T09:48:31.364+0000: [ParNew: 16388K->4K(18432K), 0.0029733 secs] 440123K->423739K(896640K), 0.0030285 secs] [Times: user=0.00 sys=0.00, real=0.00 secs] 
2020-10-28T09:48:31.383+0000: [GC (Allocation Failure) 2020-10-28T09:48:31.383+0000: [ParNew: 16388K->4K(18432K), 0.0030034 secs] 440123K->423739K(896640K), 0.0030786 secs] [Times: user=0.01 sys=0.00, real=0.00 secs] 
2020-10-28T09:48:31.402+0000: [GC (Allocation Failure) 2020-10-28T09:48:31.402+0000: [ParNew: 16388K->4K(18432K), 0.0104861 secs] 440123K->423739K(896640K), 0.0105605 secs] [Times: user=0.00 sys=0.00, real=0.01 secs] 
2020-10-28T09:48:31.432+0000: [GC (Allocation Failure) 2020-10-28T09:48:31.432+0000: [ParNew: 16388K->4K(18432K), 0.0030288 secs] 440123K->423739K(896640K), 0.0030867 secs] [Times: user=0.01 sys=0.00, real=0.00 secs] 
2020-10-28T09:48:31.451+0000: [GC (Allocation Failure) 2020-10-28T09:48:31.451+0000: [ParNew: 16388K->4K(18432K), 0.0030284 secs] 440123K->423739K(896640K), 0.0030868 secs] [Times: user=0.01 sys=0.00, real=0.00 secs] 
2020-10-28T09:48:31.470+0000: [GC (Allocation Failure) 2020-10-28T09:48:31.470+0000: [ParNew: 16388K->4K(18432K), 0.0030305 secs] 440123K->423739K(896640K), 0.0030874 secs] [Times: user=0.00 sys=0.00, real=0.00 secs] 
2020-10-28T09:48:31.492+0000: [GC (Allocation Failure) 2020-10-28T09:48:31.492+0000: [ParNew: 16388K->4K(18432K), 0.0029638 secs] 440123K->423739K(896640K), 0.0030190 secs] [Times: user=0.01 sys=0.00, real=0.00 secs] 
2020-10-28T09:48:31.510+0000: [GC (Allocation Failure) 2020-10-28T09:48:31.510+0000: [ParNew: 16388K->4K(18432K), 0.0034837 secs] 440123K->423739K(896640K), 0.0035398 secs] [Times: user=0.01 sys=0.00, real=0.00 secs] 
2020-10-28T09:48:31.532+0000: [GC (Allocation Failure) 2020-10-28T09:48:31.532+0000: [ParNew: 16388K->4K(18432K), 0.0029759 secs] 440123K->423739K(896640K), 0.0030322 secs] [Times: user=0.00 sys=0.00, real=0.00 secs] 
2020-10-28T09:48:31.551+0000: [GC (Allocation Failure) 2020-10-28T09:48:31.551+0000: [ParNew: 16388K->4K(18432K), 0.0029988 secs] 440123K->423739K(896640K), 0.0030567 secs] [Times: user=0.01 sys=0.00, real=0.00 secs] 
2020-10-28T09:48:31.570+0000: [GC (Allocation Failure) 2020-10-28T09:48:31.570+0000: [ParNew: 16388K->4K(18432K), 0.0029940 secs] 440123K->423739K(896640K), 0.0030499 secs] [Times: user=0.01 sys=0.00, real=0.00 secs] 
2020-10-28T09:48:31.592+0000: [GC (Allocation Failure) 2020-10-28T09:48:31.592+0000: [ParNew: 16388K->4K(18432K), 0.0029799 secs] 440123K->423739K(896640K), 0.0030383 secs] [Times: user=0.01 sys=0.00, real=0.00 secs] 
2020-10-28T09:48:31.611+0000: [GC (Allocation Failure) 2020-10-28T09:48:31.611+0000: [ParNew: 16388K->4K(18432K), 0.0037389 secs] 440123K->423739K(896640K), 0.0038009 secs] [Times: user=0.01 sys=0.00, real=0.00 secs] 
2020-10-28T09:48:31.630+0000: [GC (Allocation Failure) 2020-10-28T09:48:31.631+0000: [ParNew: 16388K->4K(18432K), 0.0030458 secs] 440123K->423739K(896640K), 0.0031031 secs] [Times: user=0.00 sys=0.00, real=0.00 secs] 
2020-10-28T09:48:31.652+0000: [GC (Allocation Failure) 2020-10-28T09:48:31.652+0000: [ParNew: 16388K->4K(18432K), 0.0029778 secs] 440123K->423739K(896640K), 0.0030337 secs] [Times: user=0.00 sys=0.00, real=0.00 secs] 
2020-10-28T09:48:31.671+0000: [GC (Allocation Failure) 2020-10-28T09:48:31.671+0000: [ParNew: 16388K->4K(18432K), 0.0030127 secs] 440123K->423739K(896640K), 0.0030699 secs] [Times: user=0.01 sys=0.00, real=0.00 secs] 
2020-10-28T09:48:31.692+0000: [GC (Allocation Failure) 2020-10-28T09:48:31.692+0000: [ParNew: 16388K->4K(18432K), 0.0029871 secs] 440123K->423739K(896640K), 0.0030418 secs] [Times: user=0.01 sys=0.00, real=0.00 secs] 
2020-10-28T09:48:31.710+0000: [GC (Allocation Failure) 2020-10-28T09:48:31.710+0000: [ParNew: 16388K->4K(18432K), 0.0029917 secs] 440123K->423739K(896640K), 0.0030475 secs] [Times: user=0.01 sys=0.00, real=0.00 secs] 
2020-10-28T09:48:31.730+0000: [GC (Allocation Failure) 2020-10-28T09:48:31.730+0000: [ParNew: 16388K->4K(18432K), 0.0029654 secs] 440123K->423739K(896640K), 0.0030204 secs] [Times: user=0.00 sys=0.00, real=0.00 secs] 
2020-10-28T09:48:31.749+0000: [GC (Allocation Failure) 2020-10-28T09:48:31.749+0000: [ParNew: 16388K->4K(18432K), 0.0030140 secs] 440123K->423739K(896640K), 0.0030667 secs] [Times: user=0.00 sys=0.00, real=0.00 secs] 
2020-10-28T09:48:31.768+0000: [GC (Allocation Failure) 2020-10-28T09:48:31.768+0000: [ParNew: 16388K->4K(18432K), 0.0030692 secs] 440123K->423739K(896640K), 0.0031244 secs] [Times: user=0.01 sys=0.00, real=0.00 secs] 
2020-10-28T09:48:31.787+0000: [GC (Allocation Failure) 2020-10-28T09:48:31.787+0000: [ParNew: 16388K->4K(18432K), 0.0030184 secs] 440123K->423739K(896640K), 0.0030719 secs] [Times: user=0.01 sys=0.00, real=0.01 secs] 
2020-10-28T09:48:31.806+0000: [GC (Allocation Failure) 2020-10-28T09:48:31.806+0000: [ParNew: 16388K->4K(18432K), 0.0030010 secs] 440123K->423739K(896640K), 0.0030538 secs] [Times: user=0.00 sys=0.00, real=0.01 secs] 
2020-10-28T09:48:31.824+0000: [GC (Allocation Failure) 2020-10-28T09:48:31.824+0000: [ParNew: 16388K->4K(18432K), 0.0029449 secs] 440123K->423739K(896640K), 0.0029988 secs] [Times: user=0.01 sys=0.00, real=0.00 secs] 
2020-10-28T09:48:31.843+0000: [GC (Allocation Failure) 2020-10-28T09:48:31.843+0000: [ParNew: 16388K->4K(18432K), 0.0029616 secs] 440123K->423739K(896640K), 0.0030157 secs] [Times: user=0.01 sys=0.00, real=0.00 secs] 
2020-10-28T09:48:31.862+0000: [GC (Allocation Failure) 2020-10-28T09:48:31.862+0000: [ParNew: 16388K->4K(18432K), 0.0029487 secs] 440123K->423739K(896640K), 0.0030010 secs] [Times: user=0.01 sys=0.00, real=0.00 secs] 
2020-10-28T09:48:31.881+0000: [GC (Allocation Failure) 2020-10-28T09:48:31.881+0000: [ParNew: 16388K->4K(18432K), 0.0030222 secs] 440123K->423739K(896640K), 0.0030786 secs] [Times: user=0.00 sys=0.00, real=0.00 secs] 
2020-10-28T09:48:31.900+0000: [GC (Allocation Failure) 2020-10-28T09:48:31.900+0000: [ParNew: 16388K->4K(18432K), 0.0029685 secs] 440123K->423739K(896640K), 0.0030245 secs] [Times: user=0.01 sys=0.00, real=0.00 secs] 
2020-10-28T09:48:31.919+0000: [GC (Allocation Failure) 2020-10-28T09:48:31.919+0000: [ParNew: 16388K->4K(18432K), 0.0029709 secs] 440123K->423739K(896640K), 0.0030438 secs] [Times: user=0.00 sys=0.00, real=0.00 secs] 
2020-10-28T09:48:31.940+0000: [GC (Allocation Failure) 2020-10-28T09:48:31.940+0000: [ParNew: 16388K->4K(18432K), 0.0029897 secs] 440123K->423739K(896640K), 0.0030479 secs] [Times: user=0.01 sys=0.00, real=0.00 secs] 
2020-10-28T09:48:31.960+0000: [GC (Allocation Failure) 2020-10-28T09:48:31.960+0000: [ParNew: 16388K->4K(18432K), 0.0030630 secs] 440123K->423739K(896640K), 0.0031218 secs] [Times: user=0.01 sys=0.00, real=0.00 secs] 
2020-10-28T09:48:31.980+0000: [GC (Allocation Failure) 2020-10-28T09:48:31.980+0000: [ParNew: 16388K->4K(18432K), 0.0030006 secs] 440123K->423739K(896640K), 0.0030655 secs] [Times: user=0.01 sys=0.00, real=0.00 secs] 
2020-10-28T09:48:32.000+0000: [GC (Allocation Failure) 2020-10-28T09:48:32.000+0000: [ParNew: 16388K->4K(18432K), 0.0029784 secs] 440123K->423739K(896640K), 0.0030350 secs] [Times: user=0.01 sys=0.00, real=0.00 secs] 
2020-10-28T09:48:32.020+0000: [GC (Allocation Failure) 2020-10-28T09:48:32.020+0000: [ParNew: 16388K->4K(18432K), 0.0030041 secs] 440123K->423739K(896640K), 0.0030600 secs] [Times: user=0.01 sys=0.00, real=0.00 secs] 
2020-10-28T09:48:32.038+0000: [GC (Allocation Failure) 2020-10-28T09:48:32.038+0000: [ParNew: 15575K->4K(18432K), 0.0031026 secs] 439311K->423739K(896640K), 0.0031586 secs] [Times: user=0.00 sys=0.00, real=0.00 secs] 
2020-10-28T09:48:32.050+0000: [GC (Allocation Failure) 2020-10-28T09:48:32.050+0000: [ParNew: 16388K->4K(18432K), 0.0040276 secs] 440123K->431931K(896640K), 0.0040840 secs] [Times: user=0.01 sys=0.00, real=0.00 secs] 
2020-10-28T09:48:32.070+0000: [GC (Allocation Failure) 2020-10-28T09:48:32.070+0000: [ParNew: 16388K->4K(18432K), 0.0030055 secs] 448315K->431931K(896640K), 0.0030602 secs] [Times: user=0.01 sys=0.00, real=0.00 secs] 
2020-10-28T09:48:32.091+0000: [GC (Allocation Failure) 2020-10-28T09:48:32.091+0000: [ParNew: 16388K->4K(18432K), 0.0029840 secs] 448315K->431931K(896640K), 0.0030386 secs] [Times: user=0.01 sys=0.00, real=0.00 secs] 
2020-10-28T09:48:32.103+0000: [GC (Allocation Failure) 2020-10-28T09:48:32.103+0000: [ParNew: 16388K->4K(18432K), 0.0040356 secs] 448315K->440123K(896640K), 0.0041079 secs] [Times: user=0.00 sys=0.00, real=0.00 secs] 
2020-10-28T09:48:32.128+0000: [GC (Allocation Failure) 2020-10-28T09:48:32.128+0000: [ParNew: 16388K->4K(18432K), 0.0041685 secs] 456507K->440123K(896640K), 0.0042313 secs] [Times: user=0.01 sys=0.00, real=0.00 secs] 
2020-10-28T09:48:32.160+0000: [GC (Allocation Failure) 2020-10-28T09:48:32.160+0000: [ParNew: 16388K->4K(18432K), 0.0029764 secs] 456507K->440124K(896640K), 0.0030341 secs] [Times: user=0.01 sys=0.00, real=0.00 secs] 
2020-10-28T09:48:32.180+0000: [GC (Allocation Failure) 2020-10-28T09:48:32.180+0000: [ParNew: 16388K->4K(18432K), 0.0030092 secs] 456508K->440124K(896640K), 0.0030663 secs] [Times: user=0.01 sys=0.00, real=0.00 secs] 
2020-10-28T09:48:32.199+0000: [GC (Allocation Failure) 2020-10-28T09:48:32.199+0000: [ParNew: 16388K->4K(18432K), 0.0062155 secs] 456508K->440124K(896640K), 0.0062835 secs] [Times: user=0.00 sys=0.00, real=0.00 secs] 
2020-10-28T09:48:32.221+0000: [GC (Allocation Failure) 2020-10-28T09:48:32.221+0000: [ParNew: 16388K->4K(18432K), 0.0030160 secs] 456508K->440124K(896640K), 0.0030736 secs] [Times: user=0.01 sys=0.00, real=0.00 secs] 
2020-10-28T09:48:32.241+0000: [GC (Allocation Failure) 2020-10-28T09:48:32.242+0000: [ParNew: 16388K->4K(18432K), 0.0030678 secs] 456508K->440124K(896640K), 0.0031259 secs] [Times: user=0.00 sys=0.00, real=0.00 secs] 
2020-10-28T09:48:32.261+0000: [GC (Allocation Failure) 2020-10-28T09:48:32.261+0000: [ParNew: 16388K->4K(18432K), 0.0030724 secs] 456508K->440124K(896640K), 0.0031308 secs] [Times: user=0.00 sys=0.00, real=0.00 secs] 
2020-10-28T09:48:32.284+0000: [GC (Allocation Failure) 2020-10-28T09:48:32.284+0000: [ParNew: 16388K->4K(18432K), 0.0030159 secs] 456508K->440124K(896640K), 0.0030725 secs] [Times: user=0.01 sys=0.00, real=0.00 secs] 
2020-10-28T09:48:32.303+0000: [GC (Allocation Failure) 2020-10-28T09:48:32.303+0000: [ParNew: 16388K->4K(18432K), 0.0030060 secs] 456508K->440124K(896640K), 0.0030612 secs] [Times: user=0.00 sys=0.00, real=0.00 secs] 
2020-10-28T09:48:32.322+0000: [GC (Allocation Failure) 2020-10-28T09:48:32.322+0000: [ParNew: 16388K->4K(18432K), 0.0030026 secs] 456508K->440124K(896640K), 0.0030652 secs] [Times: user=0.01 sys=0.00, real=0.00 secs] 
2020-10-28T09:48:32.340+0000: [GC (Allocation Failure) 2020-10-28T09:48:32.340+0000: [ParNew: 16388K->4K(18432K), 0.0029784 secs] 456508K->440124K(896640K), 0.0030320 secs] [Times: user=0.01 sys=0.00, real=0.00 secs] 
2020-10-28T09:48:32.359+0000: [GC (Allocation Failure) 2020-10-28T09:48:32.359+0000: [ParNew: 16388K->4K(18432K), 0.0030258 secs] 456508K->440124K(896640K), 0.0030792 secs] [Times: user=0.00 sys=0.01, real=0.00 secs] 
2020-10-28T09:48:32.378+0000: [GC (Allocation Failure) 2020-10-28T09:48:32.378+0000: [ParNew: 16388K->4K(18432K), 0.0030711 secs] 456508K->440124K(896640K), 0.0031279 secs] [Times: user=0.01 sys=0.00, real=0.00 secs] 
2020-10-28T09:48:32.397+0000: [GC (Allocation Failure) 2020-10-28T09:48:32.397+0000: [ParNew: 16388K->4K(18432K), 0.0030176 secs] 456508K->440124K(896640K), 0.0030730 secs] [Times: user=0.00 sys=0.00, real=0.00 secs] 
2020-10-28T09:48:32.420+0000: [GC (Allocation Failure) 2020-10-28T09:48:32.420+0000: [ParNew: 16388K->4K(18432K), 0.0030280 secs] 456508K->440124K(896640K), 0.0030858 secs] [Times: user=0.00 sys=0.00, real=0.00 secs] 
2020-10-28T09:48:32.440+0000: [GC (Allocation Failure) 2020-10-28T09:48:32.440+0000: [ParNew: 16388K->4K(18432K), 0.0030168 secs] 456508K->440124K(896640K), 0.0030742 secs] [Times: user=0.00 sys=0.00, real=0.00 secs] 
2020-10-28T09:48:32.459+0000: [GC (Allocation Failure) 2020-10-28T09:48:32.459+0000: [ParNew: 16388K->4K(18432K), 0.0030160 secs] 456508K->440124K(896640K), 0.0030722 secs] [Times: user=0.00 sys=0.00, real=0.00 secs] 
2020-10-28T09:48:32.478+0000: [GC (Allocation Failure) 2020-10-28T09:48:32.478+0000: [ParNew: 16388K->4K(18432K), 0.0030400 secs] 456508K->440124K(896640K), 0.0030946 secs] [Times: user=0.01 sys=0.00, real=0.00 secs] 
2020-10-28T09:48:32.497+0000: [GC (Allocation Failure) 2020-10-28T09:48:32.497+0000: [ParNew: 16388K->4K(18432K), 0.0030383 secs] 456508K->440124K(896640K), 0.0030924 secs] [Times: user=0.01 sys=0.00, real=0.00 secs] 
2020-10-28T09:48:32.516+0000: [GC (Allocation Failure) 2020-10-28T09:48:32.516+0000: [ParNew: 16388K->4K(18432K), 0.0029836 secs] 456508K->440124K(896640K), 0.0030394 secs] [Times: user=0.01 sys=0.00, real=0.00 secs] 
2020-10-28T09:48:32.535+0000: [GC (Allocation Failure) 2020-10-28T09:48:32.535+0000: [ParNew: 16388K->4K(18432K), 0.0029761 secs] 456508K->440124K(896640K), 0.0030298 secs] [Times: user=0.00 sys=0.00, real=0.01 secs] 
2020-10-28T09:48:32.556+0000: [GC (Allocation Failure) 2020-10-28T09:48:32.556+0000: [ParNew: 16388K->4K(18432K), 0.0029554 secs] 456508K->440124K(896640K), 0.0030079 secs] [Times: user=0.01 sys=0.00, real=0.00 secs] 
2020-10-28T09:48:32.577+0000: [GC (Allocation Failure) 2020-10-28T09:48:32.577+0000: [ParNew: 11612K->4K(18432K), 0.0029229 secs] 451732K->440124K(896640K), 0.0029769 secs] [Times: user=0.00 sys=0.00, real=0.00 secs] 
2020-10-28T09:48:32.592+0000: [GC (Allocation Failure) 2020-10-28T09:48:32.592+0000: [ParNew: 16388K->4K(18432K), 0.0038784 secs] 456508K->448316K(896640K), 0.0039321 secs] [Times: user=0.00 sys=0.00, real=0.01 secs] 
2020-10-28T09:48:32.620+0000: [GC (Allocation Failure) 2020-10-28T09:48:32.620+0000: [ParNew: 16388K->4K(18432K), 0.0029854 secs] 464700K->448316K(896640K), 0.0030416 secs] [Times: user=0.00 sys=0.00, real=0.00 secs] 
2020-10-28T09:48:32.639+0000: [GC (Allocation Failure) 2020-10-28T09:48:32.639+0000: [ParNew: 16388K->4K(18432K), 0.0029998 secs] 464700K->448316K(896640K), 0.0030537 secs] [Times: user=0.01 sys=0.00, real=0.00 secs] 
2020-10-28T09:48:32.661+0000: [GC (Allocation Failure) 2020-10-28T09:48:32.661+0000: [ParNew: 16388K->4K(18432K), 0.0031214 secs] 464700K->448316K(896640K), 0.0031774 secs] [Times: user=0.01 sys=0.00, real=0.00 secs] 
2020-10-28T09:48:32.676+0000: [GC (Allocation Failure) 2020-10-28T09:48:32.676+0000: [ParNew: 16388K->4K(18432K), 0.0038597 secs] 464700K->456508K(896640K), 0.0039276 secs] [Times: user=0.01 sys=0.00, real=0.00 secs] 
2020-10-28T09:48:32.696+0000: [GC (Allocation Failure) 2020-10-28T09:48:32.696+0000: [ParNew: 16388K->4K(18432K), 0.0030206 secs] 472892K->456508K(896640K), 0.0030763 secs] [Times: user=0.00 sys=0.00, real=0.00 secs] 
2020-10-28T09:48:32.716+0000: [GC (Allocation Failure) 2020-10-28T09:48:32.716+0000: [ParNew: 16388K->4K(18432K), 0.0029718 secs] 472892K->456508K(896640K), 0.0030251 secs] [Times: user=0.01 sys=0.00, real=0.00 secs] 
2020-10-28T09:48:32.736+0000: [GC (Allocation Failure) 2020-10-28T09:48:32.736+0000: [ParNew: 16388K->4K(18432K), 0.0030543 secs] 472892K->456508K(896640K), 0.0031368 secs] [Times: user=0.00 sys=0.00, real=0.00 secs] 
2020-10-28T09:48:32.756+0000: [GC (Allocation Failure) 2020-10-28T09:48:32.756+0000: [ParNew: 16388K->4K(18432K), 0.0030194 secs] 472892K->456508K(896640K), 0.0030840 secs] [Times: user=0.00 sys=0.00, real=0.00 secs] 
2020-10-28T09:48:32.776+0000: [GC (Allocation Failure) 2020-10-28T09:48:32.776+0000: [ParNew: 16388K->4K(18432K), 0.0029893 secs] 472892K->456508K(896640K), 0.0030443 secs] [Times: user=0.01 sys=0.00, real=0.00 secs] 
2020-10-28T09:48:32.794+0000: [GC (Allocation Failure) 2020-10-28T09:48:32.795+0000: [ParNew: 16388K->4K(18432K), 0.0029469 secs] 472892K->456508K(896640K), 0.0029998 secs] [Times: user=0.01 sys=0.00, real=0.01 secs] 
2020-10-28T09:48:32.813+0000: [GC (Allocation Failure) 2020-10-28T09:48:32.813+0000: [ParNew: 16388K->4K(18432K), 0.0029705 secs] 472892K->456508K(896640K), 0.0030211 secs] [Times: user=0.00 sys=0.00, real=0.01 secs] 
2020-10-28T09:48:32.836+0000: [GC (Allocation Failure) 2020-10-28T09:48:32.836+0000: [ParNew: 16388K->4K(18432K), 0.0029569 secs] 472892K->456508K(896640K), 0.0030117 secs] [Times: user=0.00 sys=0.00, real=0.00 secs] 
2020-10-28T09:48:32.856+0000: [GC (Allocation Failure) 2020-10-28T09:48:32.856+0000: [ParNew: 16388K->4K(18432K), 0.0029954 secs] 472892K->456508K(896640K), 0.0030503 secs] [Times: user=0.01 sys=0.00, real=0.00 secs] 
2020-10-28T09:48:32.876+0000: [GC (Allocation Failure) 2020-10-28T09:48:32.876+0000: [ParNew: 16388K->4K(18432K), 0.0029698 secs] 472892K->456508K(896640K), 0.0030238 secs] [Times: user=0.00 sys=0.00, real=0.00 secs] 
2020-10-28T09:48:32.896+0000: [GC (Allocation Failure) 2020-10-28T09:48:32.896+0000: [ParNew: 16388K->4K(18432K), 0.0029840 secs] 472892K->456508K(896640K), 0.0030379 secs] [Times: user=0.01 sys=0.00, real=0.00 secs] 
2020-10-28T09:48:32.915+0000: [GC (Allocation Failure) 2020-10-28T09:48:32.915+0000: [ParNew: 16388K->4K(18432K), 0.0030189 secs] 472892K->456508K(896640K), 0.0030742 secs] [Times: user=0.01 sys=0.00, real=0.01 secs] 
2020-10-28T09:48:32.933+0000: [GC (Allocation Failure) 2020-10-28T09:48:32.933+0000: [ParNew: 16388K->4K(18432K), 0.0029635 secs] 472892K->456508K(896640K), 0.0030161 secs] [Times: user=0.00 sys=0.00, real=0.01 secs] 
2020-10-28T09:48:32.952+0000: [GC (Allocation Failure) 2020-10-28T09:48:32.952+0000: [ParNew: 16388K->4K(18432K), 0.0029523 secs] 472892K->456508K(896640K), 0.0030074 secs] [Times: user=0.00 sys=0.00, real=0.00 secs] 
2020-10-28T09:48:32.973+0000: [GC (Allocation Failure) 2020-10-28T09:48:32.973+0000: [ParNew: 16388K->4K(18432K), 0.0030167 secs] 472892K->456508K(896640K), 0.0030722 secs] [Times: user=0.01 sys=0.00, real=0.01 secs] 
2020-10-28T09:48:32.992+0000: [GC (Allocation Failure) 2020-10-28T09:48:32.992+0000: [ParNew: 16388K->4K(18432K), 0.0029978 secs] 472892K->456508K(896640K), 0.0030509 secs] [Times: user=0.01 sys=0.00, real=0.00 secs] 
2020-10-28T09:48:33.012+0000: [GC (Allocation Failure) 2020-10-28T09:48:33.012+0000: [ParNew: 16388K->4K(18432K), 0.0029786 secs] 472892K->456508K(896640K), 0.0030340 secs] [Times: user=0.01 sys=0.00, real=0.00 secs] 
2020-10-28T09:48:33.031+0000: [GC (Allocation Failure) 2020-10-28T09:48:33.031+0000: [ParNew: 16388K->4K(18432K), 0.0029655 secs] 472892K->456508K(896640K), 0.0030345 secs] [Times: user=0.00 sys=0.00, real=0.00 secs] 
2020-10-28T09:48:33.052+0000: [GC (Allocation Failure) 2020-10-28T09:48:33.052+0000: [ParNew: 16388K->4K(18432K), 0.0029446 secs] 472892K->456508K(896640K), 0.0029980 secs] [Times: user=0.01 sys=0.00, real=0.00 secs] 
2020-10-28T09:48:33.072+0000: [GC (Allocation Failure) 2020-10-28T09:48:33.072+0000: [ParNew: 16388K->4K(18432K), 0.0029512 secs] 472892K->456508K(896640K), 0.0030048 secs] [Times: user=0.00 sys=0.00, real=0.00 secs] 
2020-10-28T09:48:33.092+0000: [GC (Allocation Failure) 2020-10-28T09:48:33.092+0000: [ParNew: 16388K->4K(18432K), 0.0030007 secs] 472892K->456508K(896640K), 0.0030548 secs] [Times: user=0.01 sys=0.00, real=0.00 secs] 
2020-10-28T09:48:33.112+0000: [GC (Allocation Failure) 2020-10-28T09:48:33.112+0000: [ParNew: 16388K->4K(18432K), 0.0029370 secs] 472892K->456508K(896640K), 0.0029914 secs] [Times: user=0.00 sys=0.00, real=0.00 secs] 
2020-10-28T09:48:33.128+0000: [GC (Allocation Failure) 2020-10-28T09:48:33.128+0000: [ParNew: 16388K->4K(18432K), 0.0037208 secs] 472892K->464700K(896640K), 0.0037741 secs] [Times: user=0.01 sys=0.00, real=0.00 secs] 
2020-10-28T09:48:33.151+0000: [GC (Allocation Failure) 2020-10-28T09:48:33.151+0000: [ParNew: 16388K->4K(18432K), 0.0029643 secs] 481084K->464700K(896640K), 0.0030127 secs] [Times: user=0.00 sys=0.00, real=0.00 secs] 
2020-10-28T09:48:33.170+0000: [GC (Allocation Failure) 2020-10-28T09:48:33.170+0000: [ParNew: 16388K->4K(18432K), 0.0029744 secs] 481084K->464700K(896640K), 0.0030289 secs] [Times: user=0.00 sys=0.00, real=0.00 secs] 
2020-10-28T09:48:33.189+0000: [GC (Allocation Failure) 2020-10-28T09:48:33.189+0000: [ParNew: 16388K->4K(18432K), 0.0030447 secs] 481084K->464700K(896640K), 0.0030996 secs] [Times: user=0.01 sys=0.00, real=0.00 secs] 
2020-10-28T09:48:33.201+0000: [GC (Allocation Failure) 2020-10-28T09:48:33.201+0000: [ParNew: 16388K->4K(18432K), 0.0038608 secs] 481084K->472892K(896640K), 0.0039112 secs] [Times: user=0.00 sys=0.00, real=0.00 secs] 
2020-10-28T09:48:33.221+0000: [GC (Allocation Failure) 2020-10-28T09:48:33.221+0000: [ParNew: 16388K->4K(18432K), 0.0029742 secs] 489276K->472892K(896640K), 0.0030259 secs] [Times: user=0.00 sys=0.00, real=0.00 secs] 
2020-10-28T09:48:33.240+0000: [GC (Allocation Failure) 2020-10-28T09:48:33.240+0000: [ParNew: 16388K->4K(18432K), 0.0029879 secs] 489276K->472892K(896640K), 0.0030406 secs] [Times: user=0.01 sys=0.00, real=0.00 secs] 
2020-10-28T09:48:33.260+0000: [GC (Allocation Failure) 2020-10-28T09:48:33.260+0000: [ParNew: 16388K->4K(18432K), 0.0029624 secs] 489276K->472892K(896640K), 0.0030158 secs] [Times: user=0.00 sys=0.00, real=0.00 secs] 
2020-10-28T09:48:33.278+0000: [GC (Allocation Failure) 2020-10-28T09:48:33.279+0000: [ParNew: 16388K->4K(18432K), 0.0029977 secs] 489276K->472892K(896640K), 0.0030506 secs] [Times: user=0.01 sys=0.00, real=0.00 secs] 
2020-10-28T09:48:33.300+0000: [GC (Allocation Failure) 2020-10-28T09:48:33.300+0000: [ParNew: 16388K->4K(18432K), 0.0029863 secs] 489276K->472892K(896640K), 0.0030416 secs] [Times: user=0.00 sys=0.00, real=0.00 secs] 
2020-10-28T09:48:33.318+0000: [GC (Allocation Failure) 2020-10-28T09:48:33.318+0000: [ParNew: 16388K->4K(18432K), 0.0029948 secs] 489276K->472892K(896640K), 0.0030496 secs] [Times: user=0.00 sys=0.00, real=0.00 secs] 
2020-10-28T09:48:33.340+0000: [GC (Allocation Failure) 2020-10-28T09:48:33.340+0000: [ParNew: 16388K->4K(18432K), 0.0030587 secs] 489276K->472892K(896640K), 0.0031159 secs] [Times: user=0.00 sys=0.00, real=0.00 secs] 
2020-10-28T09:48:33.359+0000: [GC (Allocation Failure) 2020-10-28T09:48:33.359+0000: [ParNew: 16388K->4K(18432K), 0.0030507 secs] 489276K->472892K(896640K), 0.0031088 secs] [Times: user=0.01 sys=0.00, real=0.00 secs] 
2020-10-28T09:48:33.380+0000: [GC (Allocation Failure) 2020-10-28T09:48:33.380+0000: [ParNew: 16388K->4K(18432K), 0.0044812 secs] 489276K->472892K(896640K), 0.0045395 secs] [Times: user=0.01 sys=0.00, real=0.00 secs] 
2020-10-28T09:48:33.408+0000: [GC (Allocation Failure) 2020-10-28T09:48:33.408+0000: [ParNew: 16388K->4K(18432K), 0.0030133 secs] 489276K->472892K(896640K), 0.0030724 secs] [Times: user=0.00 sys=0.00, real=0.00 secs] 
2020-10-28T09:48:33.428+0000: [GC (Allocation Failure) 2020-10-28T09:48:33.428+0000: [ParNew: 16388K->4K(18432K), 0.0029839 secs] 489276K->472892K(896640K), 0.0030396 secs] [Times: user=0.00 sys=0.00, real=0.00 secs] 
2020-10-28T09:48:33.446+0000: [GC (Allocation Failure) 2020-10-28T09:48:33.446+0000: [ParNew: 16388K->4K(18432K), 0.0029364 secs] 489276K->472892K(896640K), 0.0029894 secs] [Times: user=0.01 sys=0.00, real=0.01 secs] 
2020-10-28T09:48:33.465+0000: [GC (Allocation Failure) 2020-10-28T09:48:33.465+0000: [ParNew: 16388K->4K(18432K), 0.0029549 secs] 489276K->472892K(896640K), 0.0030084 secs] [Times: user=0.01 sys=0.00, real=0.01 secs] 
2020-10-28T09:48:33.484+0000: [GC (Allocation Failure) 2020-10-28T09:48:33.484+0000: [ParNew: 16388K->4K(18432K), 0.0030411 secs] 489276K->472892K(896640K), 0.0030984 secs] [Times: user=0.00 sys=0.00, real=0.00 secs] 
2020-10-28T09:48:33.504+0000: [GC (Allocation Failure) 2020-10-28T09:48:33.504+0000: [ParNew: 16388K->4K(18432K), 0.0030748 secs] 489276K->472892K(896640K), 0.0031309 secs] [Times: user=0.01 sys=0.00, real=0.00 secs] 
2020-10-28T09:48:33.523+0000: [GC (Allocation Failure) 2020-10-28T09:48:33.523+0000: [ParNew: 16388K->4K(18432K), 0.0030315 secs] 489276K->472892K(896640K), 0.0030882 secs] [Times: user=0.01 sys=0.00, real=0.00 secs] 
2020-10-28T09:48:33.542+0000: [GC (Allocation Failure) 2020-10-28T09:48:33.542+0000: [ParNew: 16242K->4K(18432K), 0.0030599 secs] 489130K->472892K(896640K), 0.0031170 secs] [Times: user=0.00 sys=0.00, real=0.00 secs] 
2020-10-28T09:48:33.560+0000: [GC (Allocation Failure) 2020-10-28T09:48:33.561+0000: [ParNew: 16388K->4K(18432K), 0.0030280 secs] 489276K->472892K(896640K), 0.0030849 secs] [Times: user=0.01 sys=0.00, real=0.00 secs] 
2020-10-28T09:48:33.583+0000: [GC (Allocation Failure) 2020-10-28T09:48:33.583+0000: [ParNew: 16388K->4K(18432K), 0.0030054 secs] 489276K->472892K(896640K), 0.0030612 secs] [Times: user=0.01 sys=0.00, real=0.00 secs] 
2020-10-28T09:48:33.602+0000: [GC (Allocation Failure) 2020-10-28T09:48:33.602+0000: [ParNew: 16388K->4K(18432K), 0.0030031 secs] 489276K->472892K(896640K), 0.0030597 secs] [Times: user=0.01 sys=0.00, real=0.00 secs] 
2020-10-28T09:48:33.621+0000: [GC (Allocation Failure) 2020-10-28T09:48:33.621+0000: [ParNew: 16388K->4K(18432K), 0.0030074 secs] 489276K->472892K(896640K), 0.0030632 secs] [Times: user=0.00 sys=0.00, real=0.00 secs] 
2020-10-28T09:48:33.645+0000: [GC (Allocation Failure) 2020-10-28T09:48:33.645+0000: [ParNew: 16388K->4K(18432K), 0.0072176 secs] 489276K->472892K(896640K), 0.0072946 secs] [Times: user=0.00 sys=0.00, real=0.01 secs] 
2020-10-28T09:48:33.692+0000: [GC (Allocation Failure) 2020-10-28T09:48:33.692+0000: [ParNew: 13203K->4K(18432K), 0.0029989 secs] 486092K->472892K(896640K), 0.0030790 secs] [Times: user=0.00 sys=0.00, real=0.00 secs] 
2020-10-28T09:48:33.707+0000: [GC (Allocation Failure) 2020-10-28T09:48:33.707+0000: [ParNew: 16388K->4K(18432K), 0.0038887 secs] 489276K->481084K(896640K), 0.0039624 secs] [Times: user=0.01 sys=0.01, real=0.01 secs] 
2020-10-28T09:48:33.728+0000: [GC (Allocation Failure) 2020-10-28T09:48:33.728+0000: [ParNew: 16388K->4K(18432K), 0.0030033 secs] 497468K->481084K(896640K), 0.0030569 secs] [Times: user=0.00 sys=0.00, real=0.00 secs] 
2020-10-28T09:48:33.747+0000: [GC (Allocation Failure) 2020-10-28T09:48:33.747+0000: [ParNew: 16388K->4K(18432K), 0.0030063 secs] 497468K->481084K(896640K), 0.0030790 secs] [Times: user=0.01 sys=0.00, real=0.01 secs] 
2020-10-28T09:48:33.763+0000: [GC (Allocation Failure) 2020-10-28T09:48:33.763+0000: [ParNew: 9191K->4K(18432K), 0.0029325 secs] 490272K->481084K(896640K), 0.0029858 secs] [Times: user=0.00 sys=0.00, real=0.00 secs] 
2020-10-28T09:48:33.775+0000: [GC (Allocation Failure) 2020-10-28T09:48:33.775+0000: [ParNew: 16388K->4K(18432K), 0.0038932 secs] 497468K->489276K(896640K), 0.0039488 secs] [Times: user=0.01 sys=0.00, real=0.01 secs] 
2020-10-28T09:48:33.795+0000: [GC (Allocation Failure) 2020-10-28T09:48:33.795+0000: [ParNew: 16388K->4K(18432K), 0.0030353 secs] 505660K->489276K(896640K), 0.0030988 secs] [Times: user=0.00 sys=0.00, real=0.01 secs] 
2020-10-28T09:48:33.814+0000: [GC (Allocation Failure) 2020-10-28T09:48:33.814+0000: [ParNew: 16388K->4K(18432K), 0.0029912 secs] 505660K->489276K(896640K), 0.0030464 secs] [Times: user=0.01 sys=0.00, real=0.01 secs] 
2020-10-28T09:48:33.836+0000: [GC (Allocation Failure) 2020-10-28T09:48:33.836+0000: [ParNew: 16388K->2K(18432K), 0.0046878 secs] 505660K->489274K(896640K), 0.0047410 secs] [Times: user=0.01 sys=0.00, real=0.00 secs] 
2020-10-28T09:48:33.857+0000: [GC (Allocation Failure) 2020-10-28T09:48:33.857+0000: [ParNew: 16386K->4K(18432K), 0.0030265 secs] 505658K->489276K(896640K), 0.0031007 secs] [Times: user=0.00 sys=0.00, real=0.00 secs] 
2020-10-28T09:48:33.880+0000: [GC (Allocation Failure) 2020-10-28T09:48:33.880+0000: [ParNew: 16388K->4K(18432K), 0.0030114 secs] 505660K->489276K(896640K), 0.0030675 secs] [Times: user=0.00 sys=0.00, real=0.00 secs] 
2020-10-28T09:48:33.900+0000: [GC (Allocation Failure) 2020-10-28T09:48:33.900+0000: [ParNew: 16388K->4K(18432K), 0.0030083 secs] 505660K->489276K(896640K), 0.0030656 secs] [Times: user=0.00 sys=0.00, real=0.00 secs] 
2020-10-28T09:48:33.919+0000: [GC (Allocation Failure) 2020-10-28T09:48:33.919+0000: [ParNew: 16388K->4K(18432K), 0.0030009 secs] 505660K->489276K(896640K), 0.0030573 secs] [Times: user=0.01 sys=0.00, real=0.00 secs] 
2020-10-28T09:48:33.937+0000: [GC (Allocation Failure) 2020-10-28T09:48:33.937+0000: [ParNew: 16388K->4K(18432K), 0.0030427 secs] 505660K->489276K(896640K), 0.0030976 secs] [Times: user=0.01 sys=0.00, real=0.00 secs] 
2020-10-28T09:48:33.956+0000: [GC (Allocation Failure) 2020-10-28T09:48:33.956+0000: [ParNew: 16388K->4K(18432K), 0.0036650 secs] 505660K->489276K(896640K), 0.0037215 secs] [Times: user=0.00 sys=0.00, real=0.00 secs] 
2020-10-28T09:48:33.976+0000: [GC (Allocation Failure) 2020-10-28T09:48:33.976+0000: [ParNew: 16388K->4K(18432K), 0.0030056 secs] 505660K->489276K(896640K), 0.0030613 secs] [Times: user=0.00 sys=0.00, real=0.00 secs] 
2020-10-28T09:48:33.995+0000: [GC (Allocation Failure) 2020-10-28T09:48:33.995+0000: [ParNew: 16388K->4K(18432K), 0.0030012 secs] 505660K->489276K(896640K), 0.0030573 secs] [Times: user=0.01 sys=0.00, real=0.01 secs] 
2020-10-28T09:48:34.016+0000: [GC (Allocation Failure) 2020-10-28T09:48:34.016+0000: [ParNew: 16388K->4K(18432K), 0.0029650 secs] 505660K->489276K(896640K), 0.0030199 secs] [Times: user=0.00 sys=0.00, real=0.00 secs] 
2020-10-28T09:48:34.035+0000: [GC (Allocation Failure) 2020-10-28T09:48:34.035+0000: [ParNew: 16388K->4K(18432K), 0.0029898 secs] 505660K->489276K(896640K), 0.0030456 secs] [Times: user=0.01 sys=0.00, real=0.01 secs] 
2020-10-28T09:48:34.056+0000: [GC (Allocation Failure) 2020-10-28T09:48:34.056+0000: [ParNew: 16388K->4K(18432K), 0.0030274 secs] 505660K->489276K(896640K), 0.0030846 secs] [Times: user=0.00 sys=0.00, real=0.00 secs] 
2020-10-28T09:48:34.075+0000: [GC (Allocation Failure) 2020-10-28T09:48:34.075+0000: [ParNew: 16388K->4K(18432K), 0.0030121 secs] 505660K->489276K(896640K), 0.0030689 secs] [Times: user=0.01 sys=0.00, real=0.01 secs] 
2020-10-28T09:48:34.096+0000: [GC (Allocation Failure) 2020-10-28T09:48:34.096+0000: [ParNew: 16388K->4K(18432K), 0.0030786 secs] 505660K->489276K(896640K), 0.0031349 secs] [Times: user=0.00 sys=0.00, real=0.00 secs] 
2020-10-28T09:48:34.116+0000: [GC (Allocation Failure) 2020-10-28T09:48:34.116+0000: [ParNew: 16388K->4K(18432K), 0.0029552 secs] 505660K->489276K(896640K), 0.0030096 secs] [Times: user=0.00 sys=0.00, real=0.00 secs] 
2020-10-28T09:48:34.135+0000: [GC (Allocation Failure) 2020-10-28T09:48:34.135+0000: [ParNew: 16388K->4K(18432K), 0.0029742 secs] 505660K->489276K(896640K), 0.0030293 secs] [Times: user=0.01 sys=0.00, real=0.01 secs] 
2020-10-28T09:48:34.154+0000: [GC (Allocation Failure) 2020-10-28T09:48:34.154+0000: [ParNew: 16388K->4K(18432K), 0.0029703 secs] 505660K->489276K(896640K), 0.0030243 secs] [Times: user=0.01 sys=0.00, real=0.01 secs] 
2020-10-28T09:48:34.176+0000: [GC (Allocation Failure) 2020-10-28T09:48:34.176+0000: [ParNew: 16388K->4K(18432K), 0.0029593 secs] 505660K->489276K(896640K), 0.0030134 secs] [Times: user=0.01 sys=0.00, real=0.00 secs] 
2020-10-28T09:48:34.195+0000: [GC (Allocation Failure) 2020-10-28T09:48:34.195+0000: [ParNew: 16388K->4K(18432K), 0.0029762 secs] 505660K->489276K(896640K), 0.0030317 secs] [Times: user=0.00 sys=0.00, real=0.01 secs] 
2020-10-28T09:48:34.213+0000: [GC (Allocation Failure) 2020-10-28T09:48:34.213+0000: [ParNew: 16388K->4K(18432K), 0.0031346 secs] 505660K->489276K(896640K), 0.0031914 secs] [Times: user=0.01 sys=0.00, real=0.01 secs] 
2020-10-28T09:48:34.236+0000: [GC (Allocation Failure) 2020-10-28T09:48:34.236+0000: [ParNew: 16388K->4K(18432K), 0.0029792 secs] 505660K->489276K(896640K), 0.0030346 secs] [Times: user=0.01 sys=0.00, real=0.00 secs] 
2020-10-28T09:48:34.248+0000: [GC (Allocation Failure) 2020-10-28T09:48:34.248+0000: [ParNew: 16388K->4K(18432K), 0.0040506 secs] 505660K->497468K(896640K), 0.0041067 secs] [Times: user=0.00 sys=0.00, real=0.00 secs] 
2020-10-28T09:48:34.268+0000: [GC (Allocation Failure) 2020-10-28T09:48:34.268+0000: [ParNew: 16388K->4K(18432K), 0.0030082 secs] 513852K->497468K(896640K), 0.0030636 secs] [Times: user=0.01 sys=0.00, real=0.00 secs] 
2020-10-28T09:48:34.286+0000: [GC (Allocation Failure) 2020-10-28T09:48:34.286+0000: [ParNew: 16187K->4K(18432K), 0.0030020 secs] 513652K->497468K(896640K), 0.0030573 secs] [Times: user=0.00 sys=0.00, real=0.01 secs] 
2020-10-28T09:48:34.298+0000: [GC (Allocation Failure) 2020-10-28T09:48:34.298+0000: [ParNew: 16388K->4K(18432K), 0.0039255 secs] 513852K->505660K(896640K), 0.0039782 secs] [Times: user=0.01 sys=0.00, real=0.00 secs] 
2020-10-28T09:48:34.318+0000: [GC (Allocation Failure) 2020-10-28T09:48:34.318+0000: [ParNew: 16388K->4K(18432K), 0.0029982 secs] 522044K->505660K(896640K), 0.0030499 secs] [Times: user=0.01 sys=0.00, real=0.00 secs] 
2020-10-28T09:48:34.340+0000: [GC (Allocation Failure) 2020-10-28T09:48:34.340+0000: [ParNew: 16388K->4K(18432K), 0.0029685 secs] 522044K->505660K(896640K), 0.0030217 secs] [Times: user=0.01 sys=0.00, real=0.00 secs] 
2020-10-28T09:48:34.360+0000: [GC (Allocation Failure) 2020-10-28T09:48:34.360+0000: [ParNew: 16388K->4K(18432K), 0.0029813 secs] 522044K->505660K(896640K), 0.0030355 secs] [Times: user=0.00 sys=0.00, real=0.00 secs] 
2020-10-28T09:48:34.380+0000: [GC (Allocation Failure) 2020-10-28T09:48:34.380+0000: [ParNew: 16388K->4K(18432K), 0.0029656 secs] 522044K->505660K(896640K), 0.0030187 secs] [Times: user=0.01 sys=0.00, real=0.00 secs] 
2020-10-28T09:48:34.400+0000: [GC (Allocation Failure) 2020-10-28T09:48:34.400+0000: [ParNew: 16388K->4K(18432K), 0.0030600 secs] 522044K->505660K(896640K), 0.0031170 secs] [Times: user=0.01 sys=0.00, real=0.00 secs] 
2020-10-28T09:48:34.423+0000: [GC (Allocation Failure) 2020-10-28T09:48:34.423+0000: [ParNew: 16388K->4K(18432K), 0.0052044 secs] 522044K->505661K(896640K), 0.0052988 secs] [Times: user=0.00 sys=0.00, real=0.01 secs] 
2020-10-28T09:48:34.445+0000: [GC (Allocation Failure) 2020-10-28T09:48:34.445+0000: [ParNew: 16388K->4K(18432K), 0.0030023 secs] 522045K->505661K(896640K), 0.0030585 secs] [Times: user=0.01 sys=0.00, real=0.01 secs] 
2020-10-28T09:48:34.464+0000: [GC (Allocation Failure) 2020-10-28T09:48:34.464+0000: [ParNew: 16388K->4K(18432K), 0.0029213 secs] 522045K->505661K(896640K), 0.0029748 secs] [Times: user=0.01 sys=0.00, real=0.00 secs] 
2020-10-28T09:48:34.487+0000: [GC (Allocation Failure) 2020-10-28T09:48:34.487+0000: [ParNew: 16388K->4K(18432K), 0.0029853 secs] 522045K->505661K(896640K), 0.0030319 secs] [Times: user=0.00 sys=0.00, real=0.01 secs] 
2020-10-28T09:48:34.506+0000: [GC (Allocation Failure) 2020-10-28T09:48:34.506+0000: [ParNew: 16388K->4K(18432K), 0.0030125 secs] 522045K->505661K(896640K), 0.0030899 secs] [Times: user=0.01 sys=0.00, real=0.01 secs] 
2020-10-28T09:48:34.525+0000: [GC (Allocation Failure) 2020-10-28T09:48:34.525+0000: [ParNew: 16388K->4K(18432K), 0.0030409 secs] 522045K->505661K(896640K), 0.0030985 secs] [Times: user=0.01 sys=0.00, real=0.01 secs] 
2020-10-28T09:48:34.548+0000: [GC (Allocation Failure) 2020-10-28T09:48:34.548+0000: [ParNew: 16388K->4K(18432K), 0.0029724 secs] 522045K->505661K(896640K), 0.0030283 secs] [Times: user=0.01 sys=0.00, real=0.00 secs] 
2020-10-28T09:48:34.568+0000: [GC (Allocation Failure) 2020-10-28T09:48:34.568+0000: [ParNew: 16388K->4K(18432K), 0.0029706 secs] 522045K->505661K(896640K), 0.0030267 secs] [Times: user=0.01 sys=0.00, real=0.00 secs] 
2020-10-28T09:48:34.587+0000: [GC (Allocation Failure) 2020-10-28T09:48:34.587+0000: [ParNew: 16388K->4K(18432K), 0.0029034 secs] 522045K->505661K(896640K), 0.0029531 secs] [Times: user=0.01 sys=0.00, real=0.01 secs] 
2020-10-28T09:48:34.608+0000: [GC (Allocation Failure) 2020-10-28T09:48:34.608+0000: [ParNew: 16388K->4K(18432K), 0.0028267 secs] 522045K->505661K(896640K), 0.0028843 secs] [Times: user=0.01 sys=0.00, real=0.00 secs] 
2020-10-28T09:48:34.627+0000: [GC (Allocation Failure) 2020-10-28T09:48:34.627+0000: [ParNew: 16388K->4K(18432K), 0.0028649 secs] 522045K->505661K(896640K), 0.0029142 secs] [Times: user=0.00 sys=0.00, real=0.01 secs] 
2020-10-28T09:48:34.648+0000: [GC (Allocation Failure) 2020-10-28T09:48:34.648+0000: [ParNew: 16388K->4K(18432K), 0.0029053 secs] 522045K->505661K(896640K), 0.0029564 secs] [Times: user=0.01 sys=0.00, real=0.00 secs] 
2020-10-28T09:48:34.666+0000: [GC (Allocation Failure) 2020-10-28T09:48:34.667+0000: [ParNew: 16388K->4K(18432K), 0.0029136 secs] 522045K->505661K(896640K), 0.0029631 secs] [Times: user=0.01 sys=0.00, real=0.01 secs] 
2020-10-28T09:48:34.688+0000: [GC (Allocation Failure) 2020-10-28T09:48:34.688+0000: [ParNew: 16388K->4K(18432K), 0.0028336 secs] 522045K->505661K(896640K), 0.0028830 secs] [Times: user=0.01 sys=0.00, real=0.00 secs] 
2020-10-28T09:48:34.708+0000: [GC (Allocation Failure) 2020-10-28T09:48:34.708+0000: [ParNew: 16388K->4K(18432K), 0.0028830 secs] 522045K->505661K(896640K), 0.0029333 secs] [Times: user=0.01 sys=0.00, real=0.00 secs] 
2020-10-28T09:48:34.728+0000: [GC (Allocation Failure) 2020-10-28T09:48:34.728+0000: [ParNew: 16388K->4K(18432K), 0.0029449 secs] 522045K->505661K(896640K), 0.0030049 secs] [Times: user=0.01 sys=0.00, real=0.00 secs] 
2020-10-28T09:48:34.747+0000: [GC (Allocation Failure) 2020-10-28T09:48:34.747+0000: [ParNew: 16388K->4K(18432K), 0.0028694 secs] 522045K->505661K(896640K), 0.0029191 secs] [Times: user=0.01 sys=0.00, real=0.01 secs] 
2020-10-28T09:48:34.766+0000: [GC (Allocation Failure) 2020-10-28T09:48:34.766+0000: [ParNew: 16388K->4K(18432K), 0.0028438 secs] 522045K->505661K(896640K), 0.0028910 secs] [Times: user=0.01 sys=0.00, real=0.01 secs] 
2020-10-28T09:48:34.781+0000: [GC (Allocation Failure) 2020-10-28T09:48:34.781+0000: [ParNew: 12294K->4K(18432K), 0.0027831 secs] 517951K->505661K(896640K), 0.0028274 secs] [Times: user=0.00 sys=0.00, real=0.00 secs] 
2020-10-28T09:48:34.796+0000: [GC (Allocation Failure) 2020-10-28T09:48:34.796+0000: [ParNew: 16388K->4K(18432K), 0.0037813 secs] 522045K->513853K(896640K), 0.0038324 secs] [Times: user=0.01 sys=0.00, real=0.00 secs] 
2020-10-28T09:48:34.815+0000: [GC (Allocation Failure) 2020-10-28T09:48:34.815+0000: [ParNew: 16388K->4K(18432K), 0.0029596 secs] 530237K->513853K(896640K), 0.0030111 secs] [Times: user=0.01 sys=0.00, real=0.01 secs] 
2020-10-28T09:48:34.827+0000: [GC (Allocation Failure) 2020-10-28T09:48:34.827+0000: [ParNew: 16388K->4K(18432K), 0.0037154 secs] 530237K->522045K(896640K), 0.0037656 secs] [Times: user=0.00 sys=0.00, real=0.01 secs] 
2020-10-28T09:48:34.847+0000: [GC (Allocation Failure) 2020-10-28T09:48:34.847+0000: [ParNew: 16388K->4K(18432K), 0.0030024 secs] 538429K->522045K(896640K), 0.0030557 secs] [Times: user=0.00 sys=0.00, real=0.01 secs] 
2020-10-28T09:48:34.894+0000: [GC (Allocation Failure) 2020-10-28T09:48:34.894+0000: [ParNew: 16374K->4K(18432K), 0.0031110 secs] 538415K->522045K(896640K), 0.0031682 secs] [Times: user=0.01 sys=0.00, real=0.01 secs] 
2020-10-28T09:48:34.928+0000: [GC (Allocation Failure) 2020-10-28T09:48:34.928+0000: [ParNew: 16388K->4K(18432K), 0.0030046 secs] 538429K->522045K(896640K), 0.0030601 secs] [Times: user=0.00 sys=0.00, real=0.00 secs] 
2020-10-28T09:48:34.963+0000: [GC (Allocation Failure) 2020-10-28T09:48:34.963+0000: [ParNew: 16388K->4K(18432K), 0.0029749 secs] 538429K->522045K(896640K), 0.0030355 secs] [Times: user=0.01 sys=0.00, real=0.00 secs] 
2020-10-28T09:48:34.995+0000: [GC (Allocation Failure) 2020-10-28T09:48:34.995+0000: [ParNew: 16388K->4K(18432K), 0.0029501 secs] 538429K->522045K(896640K), 0.0030045 secs] [Times: user=0.00 sys=0.00, real=0.01 secs] 
2020-10-28T09:48:35.028+0000: [GC (Allocation Failure) 2020-10-28T09:48:35.028+0000: [ParNew: 16375K->4K(18432K), 0.0030372 secs] 538416K->522045K(896640K), 0.0030948 secs] [Times: user=0.00 sys=0.00, real=0.00 secs] 
2020-10-28T09:48:35.059+0000: [GC (Allocation Failure) 2020-10-28T09:48:35.059+0000: [ParNew: 16388K->4K(18432K), 0.0030054 secs] 538429K->522045K(896640K), 0.0030615 secs] [Times: user=0.00 sys=0.00, real=0.00 secs] 
2020-10-28T09:48:35.091+0000: [GC (Allocation Failure) 2020-10-28T09:48:35.091+0000: [ParNew: 16388K->4K(18432K), 0.0030265 secs] 538429K->522046K(896640K), 0.0030803 secs] [Times: user=0.01 sys=0.00, real=0.00 secs] 
2020-10-28T09:48:35.128+0000: [GC (Allocation Failure) 2020-10-28T09:48:35.128+0000: [ParNew: 16388K->4K(18432K), 0.0029803 secs] 538430K->522046K(896640K), 0.0030378 secs] [Times: user=0.00 sys=0.00, real=0.00 secs] 
2020-10-28T09:48:35.540+0000: [GC (Allocation Failure) 2020-10-28T09:48:35.540+0000: [ParNew: 16388K->4K(18432K), 0.0029811 secs] 538430K->522046K(896640K), 0.0030379 secs] [Times: user=0.01 sys=0.00, real=0.00 secs] 
2020-10-28T09:48:35.805+0000: [GC (Allocation Failure) 2020-10-28T09:48:35.805+0000: [ParNew: 16388K->142K(18432K), 0.0031061 secs] 538430K->522185K(896640K), 0.0031647 secs] [Times: user=0.01 sys=0.00, real=0.01 secs] 
2020-10-28T09:48:35.941+0000: [GC (Allocation Failure) 2020-10-28T09:48:35.941+0000: [ParNew: 16526K->18K(18432K), 0.0030487 secs] 538569K->522061K(896640K), 0.0031258 secs] [Times: user=0.01 sys=0.00, real=0.00 secs] 
2020-10-28T09:48:36.031+0000: [GC (Allocation Failure) 2020-10-28T09:48:36.031+0000: [ParNew: 16402K->20K(18432K), 0.0030455 secs] 538445K->522063K(896640K), 0.0031042 secs] [Times: user=0.01 sys=0.00, real=0.00 secs] 
2020-10-28T09:48:36.080+0000: [GC (Allocation Failure) 2020-10-28T09:48:36.080+0000: [ParNew: 16404K->21K(18432K), 0.0030396 secs] 538447K->522063K(896640K), 0.0030982 secs] [Times: user=0.01 sys=0.00, real=0.00 secs] 
2020-10-28T09:48:36.131+0000: [GC (Allocation Failure) 2020-10-28T09:48:36.131+0000: [ParNew: 16405K->21K(18432K), 0.0032758 secs] 538447K->522063K(896640K), 0.0033345 secs] [Times: user=0.01 sys=0.00, real=0.00 secs] 
2020-10-28T09:48:36.182+0000: [GC (Allocation Failure) 2020-10-28T09:48:36.182+0000: [ParNew: 16405K->21K(18432K), 0.0030573 secs] 538447K->522065K(896640K), 0.0031151 secs] [Times: user=0.01 sys=0.00, real=0.00 secs] 
2020-10-28T09:48:36.215+0000: [GC (Allocation Failure) 2020-10-28T09:48:36.215+0000: [ParNew: 16405K->13K(18432K), 0.0034072 secs] 538449K->522070K(896640K), 0.0034667 secs] [Times: user=0.01 sys=0.00, real=0.01 secs] 
2020-10-28T09:48:36.242+0000: [GC (Allocation Failure) 2020-10-28T09:48:36.243+0000: [ParNew: 16397K->4K(18432K), 0.0029761 secs] 538454K->522060K(896640K), 0.0030336 secs] [Times: user=0.01 sys=0.00, real=0.00 secs] 
2020-10-28T09:48:36.286+0000: [GC (Allocation Failure) 2020-10-28T09:48:36.286+0000: [ParNew: 16388K->4K(18432K), 0.0029896 secs] 538444K->522061K(896640K), 0.0030482 secs] [Times: user=0.01 sys=0.00, real=0.01 secs] 
2020-10-28T09:48:36.328+0000: [GC (Allocation Failure) 2020-10-28T09:48:36.328+0000: [ParNew: 16388K->4K(18432K), 0.0029769 secs] 538445K->522061K(896640K), 0.0030350 secs] [Times: user=0.01 sys=0.00, real=0.00 secs] 
2020-10-28T09:48:36.349+0000: [GC (Allocation Failure) 2020-10-28T09:48:36.349+0000: [ParNew: 16388K->4K(18432K), 0.0042562 secs] 538445K->522061K(896640K), 0.0043268 secs] [Times: user=0.00 sys=0.00, real=0.00 secs] 
2020-10-28T09:48:36.376+0000: [GC (Allocation Failure) 2020-10-28T09:48:36.376+0000: [ParNew: 16388K->4K(18432K), 0.0030078 secs] 538445K->522061K(896640K), 0.0030663 secs] [Times: user=0.01 sys=0.00, real=0.00 secs] 
2020-10-28T09:48:36.396+0000: [GC (Allocation Failure) 2020-10-28T09:48:36.396+0000: [ParNew: 16388K->4K(18432K), 0.0029616 secs] 538445K->522061K(896640K), 0.0030179 secs] [Times: user=0.00 sys=0.00, real=0.00 secs] 
2020-10-28T09:48:36.413+0000: [GC (Allocation Failure) 2020-10-28T09:48:36.413+0000: [ParNew: 16388K->4K(18432K), 0.0029580 secs] 538445K->522061K(896640K), 0.0030129 secs] [Times: user=0.01 sys=0.00, real=0.01 secs] 
2020-10-28T09:48:36.432+0000: [GC (Allocation Failure) 2020-10-28T09:48:36.432+0000: [ParNew: 16388K->4K(18432K), 0.0029334 secs] 538445K->522061K(896640K), 0.0029990 secs] [Times: user=0.00 sys=0.00, real=0.00 secs] 
2020-10-28T09:48:36.449+0000: [GC (Allocation Failure) 2020-10-28T09:48:36.449+0000: [ParNew: 16388K->4K(18432K), 0.0029597 secs] 538445K->522061K(896640K), 0.0030139 secs] [Times: user=0.01 sys=0.00, real=0.00 secs] 
2020-10-28T09:48:36.472+0000: [GC (Allocation Failure) 2020-10-28T09:48:36.472+0000: [ParNew: 16388K->4K(18432K), 0.0029777 secs] 538445K->522061K(896640K), 0.0030344 secs] [Times: user=0.01 sys=0.00, real=0.00 secs] 
2020-10-28T09:48:36.492+0000: [GC (Allocation Failure) 2020-10-28T09:48:36.492+0000: [ParNew: 16388K->4K(18432K), 0.0029768 secs] 538445K->522061K(896640K), 0.0030278 secs] [Times: user=0.01 sys=0.00, real=0.00 secs] 
2020-10-28T09:48:36.509+0000: [GC (Allocation Failure) 2020-10-28T09:48:36.509+0000: [ParNew: 16388K->4K(18432K), 0.0030665 secs] 538445K->522061K(896640K), 0.0031218 secs] [Times: user=0.01 sys=0.00, real=0.00 secs] 
2020-10-28T09:48:36.528+0000: [GC (Allocation Failure) 2020-10-28T09:48:36.528+0000: [ParNew: 16388K->4K(18432K), 0.0029050 secs] 538445K->522061K(896640K), 0.0029569 secs] [Times: user=0.00 sys=0.00, real=0.00 secs] 
2020-10-28T09:48:36.545+0000: [GC (Allocation Failure) 2020-10-28T09:48:36.545+0000: [ParNew: 16388K->4K(18432K), 0.0028174 secs] 538445K->522061K(896640K), 0.0028639 secs] [Times: user=0.01 sys=0.00, real=0.01 secs] 
2020-10-28T09:48:36.562+0000: [GC (Allocation Failure) 2020-10-28T09:48:36.562+0000: [ParNew: 16388K->4K(18432K), 0.0028904 secs] 538445K->522061K(896640K), 0.0029413 secs] [Times: user=0.01 sys=0.00, real=0.00 secs] 
2020-10-28T09:48:36.584+0000: [GC (Allocation Failure) 2020-10-28T09:48:36.584+0000: [ParNew: 16388K->4K(18432K), 0.0028603 secs] 538445K->522061K(896640K), 0.0029108 secs] [Times: user=0.01 sys=0.00, real=0.00 secs] 
2020-10-28T09:48:36.601+0000: [GC (Allocation Failure) 2020-10-28T09:48:36.601+0000: [ParNew: 16388K->2K(18432K), 0.0028589 secs] 538445K->522059K(896640K), 0.0029059 secs] [Times: user=0.00 sys=0.00, real=0.00 secs] 
2020-10-28T09:48:36.618+0000: [GC (Allocation Failure) 2020-10-28T09:48:36.618+0000: [ParNew: 16386K->4K(18432K), 0.0028254 secs] 538443K->522061K(896640K), 0.0028754 secs] [Times: user=0.01 sys=0.00, real=0.00 secs] 
2020-10-28T09:48:36.640+0000: [GC (Allocation Failure) 2020-10-28T09:48:36.640+0000: [ParNew: 16388K->4K(18432K), 0.0028678 secs] 538445K->522061K(896640K), 0.0029184 secs] [Times: user=0.01 sys=0.00, real=0.00 secs] 
2020-10-28T09:48:36.657+0000: [GC (Allocation Failure) 2020-10-28T09:48:36.657+0000: [ParNew: 16388K->4K(18432K), 0.0028699 secs] 538445K->522061K(896640K), 0.0029199 secs] [Times: user=0.00 sys=0.00, real=0.00 secs] 
2020-10-28T09:48:36.674+0000: [GC (Allocation Failure) 2020-10-28T09:48:36.674+0000: [ParNew: 16388K->4K(18432K), 0.0028687 secs] 538445K->522061K(896640K), 0.0029190 secs] [Times: user=0.01 sys=0.00, real=0.01 secs] 
2020-10-28T09:48:36.692+0000: [GC (Allocation Failure) 2020-10-28T09:48:36.692+0000: [ParNew: 16388K->4K(18432K), 0.0028142 secs] 538445K->522061K(896640K), 0.0028610 secs] [Times: user=0.00 sys=0.00, real=0.00 secs] 
2020-10-28T09:48:36.712+0000: [GC (Allocation Failure) 2020-10-28T09:48:36.712+0000: [ParNew: 16388K->4K(18432K), 0.0028629 secs] 538445K->522061K(896640K), 0.0029129 secs] [Times: user=0.00 sys=0.00, real=0.00 secs] 
2020-10-28T09:48:36.729+0000: [GC (Allocation Failure) 2020-10-28T09:48:36.729+0000: [ParNew: 16388K->4K(18432K), 0.0028573 secs] 538445K->522061K(896640K), 0.0029073 secs] [Times: user=0.01 sys=0.00, real=0.00 secs] 
2020-10-28T09:48:36.748+0000: [GC (Allocation Failure) 2020-10-28T09:48:36.748+0000: [ParNew: 16388K->4K(18432K), 0.0028907 secs] 538445K->522061K(896640K), 0.0029423 secs] [Times: user=0.00 sys=0.00, real=0.00 secs] 
2020-10-28T09:48:36.765+0000: [GC (Allocation Failure) 2020-10-28T09:48:36.765+0000: [ParNew: 16388K->4K(18432K), 0.0028944 secs] 538445K->522061K(896640K), 0.0029464 secs] [Times: user=0.01 sys=0.00, real=0.01 secs] 
2020-10-28T09:48:36.783+0000: [GC (Allocation Failure) 2020-10-28T09:48:36.783+0000: [ParNew: 16388K->4K(18432K), 0.0028753 secs] 538445K->522061K(896640K), 0.0029270 secs] [Times: user=0.01 sys=0.00, real=0.00 secs] 
2020-10-28T09:48:36.800+0000: [GC (Allocation Failure) 2020-10-28T09:48:36.800+0000: [ParNew: 16388K->4K(18432K), 0.0029021 secs] 538445K->522061K(896640K), 0.0029538 secs] [Times: user=0.00 sys=0.00, real=0.00 secs] 
2020-10-28T09:48:36.820+0000: [GC (Allocation Failure) 2020-10-28T09:48:36.820+0000: [ParNew: 16388K->4K(18432K), 0.0028817 secs] 538445K->522061K(896640K), 0.0029321 secs] [Times: user=0.01 sys=0.00, real=0.00 secs] 
2020-10-28T09:48:36.837+0000: [GC (Allocation Failure) 2020-10-28T09:48:36.837+0000: [ParNew: 16388K->4K(18432K), 0.0029091 secs] 538445K->522061K(896640K), 0.0029614 secs] [Times: user=0.00 sys=0.00, real=0.00 secs] 
2020-10-28T09:48:36.855+0000: [GC (Allocation Failure) 2020-10-28T09:48:36.855+0000: [ParNew: 16388K->4K(18432K), 0.0029289 secs] 538445K->522061K(896640K), 0.0029771 secs] [Times: user=0.01 sys=0.00, real=0.01 secs] 
2020-10-28T09:48:36.872+0000: [GC (Allocation Failure) 2020-10-28T09:48:36.872+0000: [ParNew: 16388K->4K(18432K), 0.0028232 secs] 538445K->522061K(896640K), 0.0028726 secs] [Times: user=0.01 sys=0.00, real=0.00 secs] 
2020-10-28T09:48:36.889+0000: [GC (Allocation Failure) 2020-10-28T09:48:36.889+0000: [ParNew: 16388K->4K(18432K), 0.0029427 secs] 538445K->522061K(896640K), 0.0029965 secs] [Times: user=0.01 sys=0.00, real=0.00 secs] 
2020-10-28T09:48:36.911+0000: [GC (Allocation Failure) 2020-10-28T09:48:36.911+0000: [ParNew: 16388K->4K(18432K), 0.0028508 secs] 538445K->522061K(896640K), 0.0029009 secs] [Times: user=0.01 sys=0.00, real=0.00 secs] 
2020-10-28T09:48:36.928+0000: [GC (Allocation Failure) 2020-10-28T09:48:36.928+0000: [ParNew: 16388K->4K(18432K), 0.0029047 secs] 538445K->522061K(896640K), 0.0029578 secs] [Times: user=0.00 sys=0.00, real=0.00 secs] 
2020-10-28T09:48:36.946+0000: [GC (Allocation Failure) 2020-10-28T09:48:36.946+0000: [ParNew: 16388K->4K(18432K), 0.0028866 secs] 538445K->522061K(896640K), 0.0029383 secs] [Times: user=0.01 sys=0.00, real=0.01 secs] 
2020-10-28T09:48:36.967+0000: [GC (Allocation Failure) 2020-10-28T09:48:36.967+0000: [ParNew: 16388K->4K(18432K), 0.0028668 secs] 538445K->522061K(896640K), 0.0029194 secs] [Times: user=0.01 sys=0.00, real=0.01 secs] 
2020-10-28T09:48:36.985+0000: [GC (Allocation Failure) 2020-10-28T09:48:36.985+0000: [ParNew: 16388K->4K(18432K), 0.0028685 secs] 538445K->522061K(896640K), 0.0029184 secs] [Times: user=0.01 sys=0.00, real=0.01 secs] 
2020-10-28T09:48:37.002+0000: [GC (Allocation Failure) 2020-10-28T09:48:37.002+0000: [ParNew: 16388K->4K(18432K), 0.0029606 secs] 538445K->522061K(896640K), 0.0030118 secs] [Times: user=0.00 sys=0.00, real=0.00 secs] 
2020-10-28T09:48:37.020+0000: [GC (Allocation Failure) 2020-10-28T09:48:37.020+0000: [ParNew: 16388K->4K(18432K), 0.0029132 secs] 538445K->522061K(896640K), 0.0029649 secs] [Times: user=0.01 sys=0.00, real=0.00 secs] 
2020-10-28T09:48:37.037+0000: [GC (Allocation Failure) 2020-10-28T09:48:37.037+0000: [ParNew: 16388K->4K(18432K), 0.0029508 secs] 538445K->522061K(896640K), 0.0030044 secs] [Times: user=0.00 sys=0.00, real=0.00 secs] 
2020-10-28T09:48:37.055+0000: [GC (Allocation Failure) 2020-10-28T09:48:37.055+0000: [ParNew: 16388K->4K(18432K), 0.0029136 secs] 538445K->522061K(896640K), 0.0029755 secs] [Times: user=0.01 sys=0.00, real=0.01 secs] 
2020-10-28T09:48:37.076+0000: [GC (Allocation Failure) 2020-10-28T09:48:37.076+0000: [ParNew: 16388K->2K(18432K), 0.0029244 secs] 538445K->522059K(896640K), 0.0029786 secs] [Times: user=0.00 sys=0.00, real=0.00 secs] 
2020-10-28T09:48:37.096+0000: [GC (Allocation Failure) 2020-10-28T09:48:37.096+0000: [ParNew: 16386K->4K(18432K), 0.0029224 secs] 538443K->522061K(896640K), 0.0029758 secs] [Times: user=0.00 sys=0.00, real=0.00 secs] 
2020-10-28T09:48:37.116+0000: [GC (Allocation Failure) 2020-10-28T09:48:37.116+0000: [ParNew: 16388K->4K(18432K), 0.0029284 secs] 538445K->522061K(896640K), 0.0029827 secs] [Times: user=0.00 sys=0.00, real=0.00 secs] 
2020-10-28T09:48:37.134+0000: [GC (Allocation Failure) 2020-10-28T09:48:37.134+0000: [ParNew: 16388K->4K(18432K), 0.0031596 secs] 538445K->522061K(896640K), 0.0032216 secs] [Times: user=0.01 sys=0.00, real=0.01 secs] 
2020-10-28T09:48:37.155+0000: [GC (Allocation Failure) 2020-10-28T09:48:37.155+0000: [ParNew: 16388K->4K(18432K), 0.0030792 secs] 538445K->522061K(896640K), 0.0031337 secs] [Times: user=0.01 sys=0.00, real=0.01 secs] 
2020-10-28T09:48:37.173+0000: [GC (Allocation Failure) 2020-10-28T09:48:37.173+0000: [ParNew: 16388K->4K(18432K), 0.0029656 secs] 538445K->522061K(896640K), 0.0030182 secs] [Times: user=0.00 sys=0.00, real=0.01 secs] 
2020-10-28T09:48:37.192+0000: [GC (Allocation Failure) 2020-10-28T09:48:37.192+0000: [ParNew: 16388K->4K(18432K), 0.0029640 secs] 538445K->522061K(896640K), 0.0030186 secs] [Times: user=0.01 sys=0.00, real=0.00 secs] 
2020-10-28T09:48:37.212+0000: [GC (Allocation Failure) 2020-10-28T09:48:37.212+0000: [ParNew: 16388K->4K(18432K), 0.0029450 secs] 538445K->522061K(896640K), 0.0030009 secs] [Times: user=0.01 sys=0.00, real=0.00 secs] 
2020-10-28T09:48:37.232+0000: [GC (Allocation Failure) 2020-10-28T09:48:37.232+0000: [ParNew: 16388K->4K(18432K), 0.0029342 secs] 538445K->522061K(896640K), 0.0029868 secs] [Times: user=0.00 sys=0.00, real=0.00 secs] 
2020-10-28T09:48:37.249+0000: [GC (Allocation Failure) 2020-10-28T09:48:37.249+0000: [ParNew: 16388K->4K(18432K), 0.0029629 secs] 538445K->522061K(896640K), 0.0030171 secs] [Times: user=0.01 sys=0.00, real=0.00 secs] 
2020-10-28T09:48:37.268+0000: [GC (Allocation Failure) 2020-10-28T09:48:37.268+0000: [ParNew: 16388K->4K(18432K), 0.0029800 secs] 538445K->522061K(896640K), 0.0030365 secs] [Times: user=0.01 sys=0.00, real=0.00 secs] 
2020-10-28T09:48:37.288+0000: [GC (Allocation Failure) 2020-10-28T09:48:37.288+0000: [ParNew: 16388K->4K(18432K), 0.0029487 secs] 538445K->522061K(896640K), 0.0030044 secs] [Times: user=0.01 sys=0.00, real=0.00 secs] 
2020-10-28T09:48:37.308+0000: [GC (Allocation Failure) 2020-10-28T09:48:37.308+0000: [ParNew: 16388K->4K(18432K), 0.0030646 secs] 538445K->522061K(896640K), 0.0031197 secs] [Times: user=0.00 sys=0.00, real=0.00 secs] 
2020-10-28T09:48:37.325+0000: [GC (Allocation Failure) 2020-10-28T09:48:37.325+0000: [ParNew: 16388K->4K(18432K), 0.0029533 secs] 538445K->522061K(896640K), 0.0030089 secs] [Times: user=0.01 sys=0.00, real=0.01 secs] 
2020-10-28T09:48:37.343+0000: [GC (Allocation Failure) 2020-10-28T09:48:37.343+0000: [ParNew: 16388K->4K(18432K), 0.0029472 secs] 538445K->522061K(896640K), 0.0030010 secs] [Times: user=0.00 sys=0.00, real=0.00 secs] 
2020-10-28T09:48:37.364+0000: [GC (Allocation Failure) 2020-10-28T09:48:37.364+0000: [ParNew: 16388K->4K(18432K), 0.0030183 secs] 538445K->522061K(896640K), 0.0030765 secs] [Times: user=0.01 sys=0.00, real=0.00 secs] 
2020-10-28T09:48:37.382+0000: [GC (Allocation Failure) 2020-10-28T09:48:37.382+0000: [ParNew: 16388K->4K(18432K), 0.0029708 secs] 538445K->522061K(896640K), 0.0030308 secs] [Times: user=0.00 sys=0.00, real=0.00 secs] 
2020-10-28T09:48:37.403+0000: [GC (Allocation Failure) 2020-10-28T09:48:37.403+0000: [ParNew: 16388K->4K(18432K), 0.0029489 secs] 538445K->522061K(896640K), 0.0030034 secs] [Times: user=0.00 sys=0.00, real=0.00 secs] 
2020-10-28T09:48:37.421+0000: [GC (Allocation Failure) 2020-10-28T09:48:37.421+0000: [ParNew: 16388K->4K(18432K), 0.0029635 secs] 538445K->522061K(896640K), 0.0030185 secs] [Times: user=0.01 sys=0.00, real=0.00 secs] 
2020-10-28T09:48:37.448+0000: [GC (Allocation Failure) 2020-10-28T09:48:37.448+0000: [ParNew: 16388K->4K(18432K), 0.0062893 secs] 538445K->522061K(896640K), 0.0063462 secs] [Times: user=0.01 sys=0.00, real=0.00 secs] 
2020-10-28T09:48:37.478+0000: [GC (Allocation Failure) 2020-10-28T09:48:37.478+0000: [ParNew: 16388K->4K(18432K), 0.0097566 secs] 538445K->522061K(896640K), 0.0098364 secs] [Times: user=0.01 sys=0.00, real=0.01 secs] 
2020-10-28T09:48:37.511+0000: [GC (Allocation Failure) 2020-10-28T09:48:37.511+0000: [ParNew: 16388K->4K(18432K), 0.0079887 secs] 538445K->522061K(896640K), 0.0080580 secs] [Times: user=0.01 sys=0.00, real=0.01 secs] 
2020-10-28T09:48:37.533+0000: [GC (Allocation Failure) 2020-10-28T09:48:37.533+0000: [ParNew: 16388K->2K(18432K), 0.0029477 secs] 538445K->522059K(896640K), 0.0030095 secs] [Times: user=0.01 sys=0.00, real=0.01 secs] 
2020-10-28T09:48:37.552+0000: [GC (Allocation Failure) 2020-10-28T09:48:37.552+0000: [ParNew: 16386K->4K(18432K), 0.0029155 secs] 538443K->522061K(896640K), 0.0029662 secs] [Times: user=0.00 sys=0.00, real=0.00 secs] 
2020-10-28T09:48:37.572+0000: [GC (Allocation Failure) 2020-10-28T09:48:37.572+0000: [ParNew: 16388K->4K(18432K), 0.0029274 secs] 538445K->522061K(896640K), 0.0029800 secs] [Times: user=0.01 sys=0.00, real=0.00 secs] 
2020-10-28T09:48:37.589+0000: [GC (Allocation Failure) 2020-10-28T09:48:37.589+0000: [ParNew: 16388K->4K(18432K), 0.0029484 secs] 538445K->522061K(896640K), 0.0030026 secs] [Times: user=0.00 sys=0.00, real=0.00 secs] 
2020-10-28T09:48:37.623+0000: [GC (Allocation Failure) 2020-10-28T09:48:37.623+0000: [ParNew: 16388K->4K(18432K), 0.0030387 secs] 538445K->522061K(896640K), 0.0031054 secs] [Times: user=0.00 sys=0.00, real=0.00 secs] 
2020-10-28T09:48:37.657+0000: [GC (Allocation Failure) 2020-10-28T09:48:37.657+0000: [ParNew: 16388K->4K(18432K), 0.0029951 secs] 538445K->522061K(896640K), 0.0030518 secs] [Times: user=0.01 sys=0.00, real=0.00 secs] 
2020-10-28T09:48:38.254+0000: [GC (Allocation Failure) 2020-10-28T09:48:38.254+0000: [ParNew: 16388K->263K(18432K), 0.0032905 secs] 538445K->522320K(896640K), 0.0033548 secs] [Times: user=0.01 sys=0.00, real=0.01 secs] 
2020-10-28T09:48:38.496+0000: [GC (Allocation Failure) 2020-10-28T09:48:38.496+0000: [ParNew: 16647K->1337K(18432K), 0.0042016 secs] 538704K->523395K(896640K), 0.0042697 secs] [Times: user=0.01 sys=0.00, real=0.00 secs] 
2020-10-28T09:48:38.544+0000: [GC (Allocation Failure) 2020-10-28T09:48:38.544+0000: [ParNew: 17721K->455K(18432K), 0.0046624 secs] 539779K->523610K(896640K), 0.0047404 secs] [Times: user=0.01 sys=0.00, real=0.01 secs] 
2020-10-28T09:48:38.600+0000: [GC (Allocation Failure) 2020-10-28T09:48:38.600+0000: [ParNew: 16839K->537K(18432K), 0.0061512 secs] 539994K->523692K(896640K), 0.0062283 secs] [Times: user=0.01 sys=0.00, real=0.00 secs] 
2020-10-28T09:48:38.652+0000: [GC (Allocation Failure) 2020-10-28T09:48:38.652+0000: [ParNew: 16921K->518K(18432K), 0.0062885 secs] 540076K->523673K(896640K), 0.0063665 secs] [Times: user=0.01 sys=0.00, real=0.01 secs] 
2020-10-28T09:48:38.696+0000: [GC (Allocation Failure) 2020-10-28T09:48:38.696+0000: [ParNew: 16902K->1028K(18432K), 0.0064774 secs] 540057K->524183K(896640K), 0.0065552 secs] [Times: user=0.01 sys=0.00, real=0.00 secs] 
2020-10-28T09:48:38.736+0000: [GC (Allocation Failure) 2020-10-28T09:48:38.736+0000: [ParNew: 17412K->4K(18432K), 0.0065404 secs] 540567K->524183K(896640K), 0.0066188 secs] [Times: user=0.00 sys=0.00, real=0.00 secs] 
2020-10-28T09:48:38.772+0000: [GC (Allocation Failure) 2020-10-28T09:48:38.772+0000: [ParNew: 16388K->4K(18432K), 0.0061867 secs] 540567K->524183K(896640K), 0.0062620 secs] [Times: user=0.01 sys=0.00, real=0.01 secs] 
2020-10-28T09:48:38.821+0000: [GC (Allocation Failure) 2020-10-28T09:48:38.821+0000: [ParNew: 16388K->2K(18432K), 0.0060816 secs] 540567K->524181K(896640K), 0.0061810 secs] [Times: user=0.01 sys=0.00, real=0.00 secs] 
2020-10-28T09:48:38.874+0000: [GC (Allocation Failure) 2020-10-28T09:48:38.874+0000: [ParNew: 16386K->4K(18432K), 0.0081885 secs] 540565K->524183K(896640K), 0.0082667 secs] [Times: user=0.02 sys=0.00, real=0.01 secs] 
2020-10-28T09:48:38.922+0000: [GC (Allocation Failure) 2020-10-28T09:48:38.922+0000: [ParNew: 16388K->4K(18432K), 0.0030113 secs] 540567K->524183K(896640K), 0.0030707 secs] [Times: user=0.01 sys=0.00, real=0.00 secs] 
2020-10-28T09:48:38.952+0000: [GC (Allocation Failure) 2020-10-28T09:48:38.952+0000: [ParNew: 16388K->4K(18432K), 0.0029705 secs] 540567K->524183K(896640K), 0.0030273 secs] [Times: user=0.00 sys=0.00, real=0.00 secs] 
2020-10-28T09:48:38.979+0000: [GC (Allocation Failure) 2020-10-28T09:48:38.979+0000: [ParNew: 16388K->4K(18432K), 0.0029545 secs] 540567K->524183K(896640K), 0.0030094 secs] [Times: user=0.01 sys=0.00, real=0.00 secs] 
2020-10-28T09:48:39.009+0000: [GC (Allocation Failure) 2020-10-28T09:48:39.009+0000: [ParNew: 16388K->4K(18432K), 0.0029601 secs] 540567K->524183K(896640K), 0.0030151 secs] [Times: user=0.01 sys=0.00, real=0.00 secs] 
2020-10-28T09:48:39.049+0000: [GC (Allocation Failure) 2020-10-28T09:48:39.049+0000: [ParNew: 16388K->4K(18432K), 0.0044666 secs] 540567K->524183K(896640K), 0.0045234 secs] [Times: user=0.01 sys=0.00, real=0.00 secs] 
2020-10-28T09:48:39.089+0000: [GC (Allocation Failure) 2020-10-28T09:48:39.089+0000: [ParNew: 16388K->4K(18432K), 0.0029778 secs] 540567K->524184K(896640K), 0.0030381 secs] [Times: user=0.01 sys=0.00, real=0.00 secs] 
2020-10-28T09:48:39.114+0000: [GC (Allocation Failure) 2020-10-28T09:48:39.114+0000: [ParNew: 16388K->4K(18432K), 0.0029906 secs] 540568K->524184K(896640K), 0.0030474 secs] [Times: user=0.00 sys=0.00, real=0.01 secs] 
2020-10-28T09:48:39.144+0000: [GC (Allocation Failure) 2020-10-28T09:48:39.144+0000: [ParNew: 16388K->4K(18432K), 0.0029821 secs] 540568K->524184K(896640K), 0.0030385 secs] [Times: user=0.01 sys=0.00, real=0.00 secs] 
2020-10-28T09:48:39.172+0000: [GC (Allocation Failure) 2020-10-28T09:48:39.172+0000: [ParNew: 16388K->4K(18432K), 0.0029765 secs] 540568K->524184K(896640K), 0.0030311 secs] [Times: user=0.00 sys=0.00, real=0.00 secs] 
2020-10-28T09:48:39.201+0000: [GC (Allocation Failure) 2020-10-28T09:48:39.201+0000: [ParNew: 16388K->2K(18432K), 0.0053622 secs] 540568K->524182K(896640K), 0.0054342 secs] [Times: user=0.01 sys=0.00, real=0.00 secs] 
2020-10-28T09:48:39.236+0000: [GC (Allocation Failure) 2020-10-28T09:48:39.236+0000: [ParNew: 16386K->4K(18432K), 0.0030356 secs] 540566K->524184K(896640K), 0.0031134 secs] [Times: user=0.00 sys=0.00, real=0.00 secs] 
2020-10-28T09:48:39.264+0000: [GC (Allocation Failure) 2020-10-28T09:48:39.264+0000: [ParNew: 16388K->4K(18432K), 0.0029937 secs] 540568K->524184K(896640K), 0.0030721 secs] [Times: user=0.01 sys=0.00, real=0.00 secs] 
2020-10-28T09:48:39.292+0000: [GC (Allocation Failure) 2020-10-28T09:48:39.292+0000: [ParNew: 16388K->4K(18432K), 0.0030514 secs] 540568K->524184K(896640K), 0.0031085 secs] [Times: user=0.00 sys=0.00, real=0.00 secs] 
2020-10-28T09:48:39.320+0000: [GC (Allocation Failure) 2020-10-28T09:48:39.320+0000: [ParNew: 16388K->4K(18432K), 0.0029956 secs] 540568K->524184K(896640K), 0.0030527 secs] [Times: user=0.01 sys=0.00, real=0.00 secs] 
2020-10-28T09:48:39.348+0000: [GC (Allocation Failure) 2020-10-28T09:48:39.348+0000: [ParNew: 16388K->4K(18432K), 0.0030285 secs] 540568K->524184K(896640K), 0.0031106 secs] [Times: user=0.01 sys=0.00, real=0.00 secs] 
2020-10-28T09:48:39.387+0000: [GC (Allocation Failure) 2020-10-28T09:48:39.387+0000: [ParNew: 16388K->4K(18432K), 0.0030088 secs] 540568K->524184K(896640K), 0.0030856 secs] [Times: user=0.01 sys=0.00, real=0.01 secs] 
2020-10-28T09:48:39.433+0000: [GC (Allocation Failure) 2020-10-28T09:48:39.433+0000: [ParNew: 16388K->4K(18432K), 0.0029954 secs] 540568K->524184K(896640K), 0.0030722 secs] [Times: user=0.01 sys=0.00, real=0.01 secs] 
2020-10-28T09:48:39.464+0000: [GC (Allocation Failure) 2020-10-28T09:48:39.464+0000: [ParNew: 16388K->4K(18432K), 0.0029579 secs] 540568K->524184K(896640K), 0.0030315 secs] [Times: user=0.01 sys=0.00, real=0.00 secs] 
2020-10-28T09:48:39.502+0000: [GC (Allocation Failure) 2020-10-28T09:48:39.502+0000: [ParNew: 16388K->4K(18432K), 0.0030055 secs] 540568K->524184K(896640K), 0.0030840 secs] [Times: user=0.01 sys=0.00, real=0.00 secs] 
2020-10-28T09:48:39.553+0000: [GC (Allocation Failure) 2020-10-28T09:48:39.553+0000: [ParNew: 16388K->6K(18432K), 0.0030951 secs] 540568K->524186K(896640K), 0.0031748 secs] [Times: user=0.01 sys=0.00, real=0.01 secs] 
2020-10-28T09:48:39.592+0000: [GC (Allocation Failure) 2020-10-28T09:48:39.592+0000: [ParNew: 16390K->6K(18432K), 0.0029951 secs] 540570K->524186K(896640K), 0.0030688 secs] [Times: user=0.01 sys=0.00, real=0.00 secs] 
2020-10-28T09:48:39.630+0000: [GC (Allocation Failure) 2020-10-28T09:48:39.630+0000: [ParNew: 16390K->9K(18432K), 0.0030391 secs] 540570K->524189K(896640K), 0.0031289 secs] [Times: user=0.00 sys=0.00, real=0.00 secs] 
2020-10-28T09:48:39.664+0000: [GC (Allocation Failure) 2020-10-28T09:48:39.664+0000: [ParNew: 16393K->6K(18432K), 0.0030331 secs] 540573K->524186K(896640K), 0.0030920 secs] [Times: user=0.01 sys=0.00, real=0.00 secs] 
2020-10-28T09:48:39.704+0000: [GC (Allocation Failure) 2020-10-28T09:48:39.704+0000: [ParNew: 16390K->6K(18432K), 0.0030279 secs] 540570K->524187K(896640K), 0.0030846 secs] [Times: user=0.00 sys=0.00, real=0.00 secs] 
2020-10-28T09:48:39.740+0000: [GC (Allocation Failure) 2020-10-28T09:48:39.740+0000: [ParNew: 16390K->7K(18432K), 0.0058200 secs] 540571K->524187K(896640K), 0.0058958 secs] [Times: user=0.00 sys=0.00, real=0.00 secs] 
2020-10-28T09:48:39.780+0000: [GC (Allocation Failure) 2020-10-28T09:48:39.780+0000: [ParNew: 16391K->5K(18432K), 0.0031327 secs] 540571K->524188K(896640K), 0.0032103 secs] [Times: user=0.01 sys=0.00, real=0.00 secs] 
2020-10-28T09:48:39.824+0000: [GC (Allocation Failure) 2020-10-28T09:48:39.824+0000: [ParNew: 16389K->4K(18432K), 0.0030166 secs] 540572K->524187K(896640K), 0.0030736 secs] [Times: user=0.01 sys=0.00, real=0.00 secs] 
2020-10-28T09:48:39.857+0000: [GC (Allocation Failure) 2020-10-28T09:48:39.857+0000: [ParNew: 16388K->2K(18432K), 0.0050363 secs] 540571K->524185K(896640K), 0.0051042 secs] [Times: user=0.01 sys=0.00, real=0.00 secs] 
2020-10-28T09:48:39.892+0000: [GC (Allocation Failure) 2020-10-28T09:48:39.892+0000: [ParNew: 16386K->4K(18432K), 0.0063947 secs] 540569K->524187K(896640K), 0.0064539 secs] [Times: user=0.02 sys=0.00, real=0.01 secs] 
2020-10-28T09:48:39.936+0000: [GC (Allocation Failure) 2020-10-28T09:48:39.936+0000: [ParNew: 16388K->2K(18432K), 0.0067874 secs] 540571K->524185K(896640K), 0.0068729 secs] [Times: user=0.01 sys=0.00, real=0.00 secs] 
2020-10-28T09:48:39.968+0000: [GC (Allocation Failure) 2020-10-28T09:48:39.968+0000: [ParNew: 16386K->4K(18432K), 0.0062314 secs] 540569K->524187K(896640K), 0.0063060 secs] [Times: user=0.01 sys=0.00, real=0.00 secs] 
2020-10-28T09:48:40.004+0000: [GC (Allocation Failure) 2020-10-28T09:48:40.004+0000: [ParNew: 16388K->4K(18432K), 0.0062352 secs] 540571K->524187K(896640K), 0.0063120 secs] [Times: user=0.01 sys=0.00, real=0.01 secs] 
2020-10-28T09:48:40.046+0000: [GC (Allocation Failure) 2020-10-28T09:48:40.046+0000: [ParNew: 16388K->4K(18432K), 0.0099742 secs] 540571K->524187K(896640K), 0.0100558 secs] [Times: user=0.02 sys=0.00, real=0.02 secs] 
2020-10-28T09:48:40.085+0000: [GC (Allocation Failure) 2020-10-28T09:48:40.086+0000: [ParNew: 16388K->4K(18432K), 0.0038254 secs] 540571K->524187K(896640K), 0.0038953 secs] [Times: user=0.01 sys=0.00, real=0.01 secs] 
2020-10-28T09:48:40.112+0000: [GC (Allocation Failure) 2020-10-28T09:48:40.112+0000: [ParNew: 16388K->4K(18432K), 0.0029408 secs] 540571K->524187K(896640K), 0.0029968 secs] [Times: user=0.00 sys=0.00, real=0.00 secs] 
2020-10-28T09:48:40.131+0000: [GC (Allocation Failure) 2020-10-28T09:48:40.131+0000: [ParNew: 16388K->4K(18432K), 0.0030167 secs] 540571K->524187K(896640K), 0.0030716 secs] [Times: user=0.01 sys=0.00, real=0.00 secs] 
2020-10-28T09:48:40.152+0000: [GC (Allocation Failure) 2020-10-28T09:48:40.152+0000: [ParNew: 16388K->4K(18432K), 0.0028703 secs] 540571K->524187K(896640K), 0.0029209 secs] [Times: user=0.01 sys=0.00, real=0.00 secs] 
2020-10-28T09:48:40.170+0000: [GC (Allocation Failure) 2020-10-28T09:48:40.170+0000: [ParNew: 16388K->4K(18432K), 0.0029578 secs] 540571K->524187K(896640K), 0.0030181 secs] [Times: user=0.01 sys=0.00, real=0.00 secs] 
2020-10-28T09:48:40.189+0000: [GC (Allocation Failure) 2020-10-28T09:48:40.189+0000: [ParNew: 16388K->4K(18432K), 0.0029838 secs] 540571K->524187K(896640K), 0.0030388 secs] [Times: user=0.00 sys=0.00, real=0.00 secs] 
2020-10-28T09:48:40.208+0000: [GC (Allocation Failure) 2020-10-28T09:48:40.208+0000: [ParNew: 16388K->4K(18432K), 0.0029835 secs] 540571K->524187K(896640K), 0.0030402 secs] [Times: user=0.00 sys=0.00, real=0.00 secs] 
2020-10-28T09:48:40.226+0000: [GC (Allocation Failure) 2020-10-28T09:48:40.226+0000: [ParNew: 16388K->4K(18432K), 0.0029833 secs] 540571K->524187K(896640K), 0.0030363 secs] [Times: user=0.01 sys=0.00, real=0.01 secs] 
2020-10-28T09:48:40.245+0000: [GC (Allocation Failure) 2020-10-28T09:48:40.245+0000: [ParNew: 16388K->4K(18432K), 0.0029867 secs] 540571K->524187K(896640K), 0.0030406 secs] [Times: user=0.01 sys=0.00, real=0.01 secs] 
2020-10-28T09:48:40.265+0000: [GC (Allocation Failure) 2020-10-28T09:48:40.265+0000: [ParNew: 16388K->4K(18432K), 0.0030892 secs] 540571K->524187K(896640K), 0.0031453 secs] [Times: user=0.00 sys=0.00, real=0.01 secs] 
2020-10-28T09:48:40.287+0000: [GC (Allocation Failure) 2020-10-28T09:48:40.287+0000: [ParNew: 16388K->4K(18432K), 0.0030355 secs] 540571K->524187K(896640K), 0.0030907 secs] [Times: user=0.00 sys=0.00, real=0.01 secs] 
2020-10-28T09:48:40.306+0000: [GC (Allocation Failure) 2020-10-28T09:48:40.306+0000: [ParNew: 16388K->4K(18432K), 0.0030005 secs] 540571K->524187K(896640K), 0.0030555 secs] [Times: user=0.01 sys=0.00, real=0.01 secs] 
2020-10-28T09:48:40.328+0000: [GC (Allocation Failure) 2020-10-28T09:48:40.328+0000: [ParNew: 16388K->4K(18432K), 0.0029916 secs] 540571K->524187K(896640K), 0.0030477 secs] [Times: user=0.01 sys=0.00, real=0.00 secs] 
2020-10-28T09:48:40.348+0000: [GC (Allocation Failure) 2020-10-28T09:48:40.348+0000: [ParNew: 16388K->4K(18432K), 0.0030076 secs] 540571K->524187K(896640K), 0.0030641 secs] [Times: user=0.01 sys=0.00, real=0.00 secs] 
2020-10-28T09:48:40.367+0000: [GC (Allocation Failure) 2020-10-28T09:48:40.367+0000: [ParNew: 16388K->4K(18432K), 0.0030729 secs] 540571K->524187K(896640K), 0.0031284 secs] [Times: user=0.01 sys=0.00, real=0.01 secs] 
2020-10-28T09:48:40.387+0000: [GC (Allocation Failure) 2020-10-28T09:48:40.387+0000: [ParNew: 16388K->4K(18432K), 0.0030156 secs] 540571K->524187K(896640K), 0.0030762 secs] [Times: user=0.01 sys=0.00, real=0.01 secs] 
2020-10-28T09:48:40.405+0000: [GC (Allocation Failure) 2020-10-28T09:48:40.405+0000: [ParNew: 16388K->4K(18432K), 0.0029814 secs] 540571K->524187K(896640K), 0.0030369 secs] [Times: user=0.00 sys=0.00, real=0.01 secs] 
2020-10-28T09:48:40.428+0000: [GC (Allocation Failure) 2020-10-28T09:48:40.428+0000: [ParNew: 16388K->4K(18432K), 0.0029790 secs] 540571K->524187K(896640K), 0.0030330 secs] [Times: user=0.00 sys=0.00, real=0.00 secs] 
2020-10-28T09:48:40.456+0000: [GC (Allocation Failure) 2020-10-28T09:48:40.456+0000: [ParNew: 16388K->4K(18432K), 0.0030107 secs] 540571K->524187K(896640K), 0.0030847 secs] [Times: user=0.00 sys=0.00, real=0.00 secs] 
2020-10-28T09:48:40.485+0000: [GC (Allocation Failure) 2020-10-28T09:48:40.485+0000: [ParNew: 16388K->4K(18432K), 0.0030389 secs] 540571K->524187K(896640K), 0.0031174 secs] [Times: user=0.01 sys=0.00, real=0.01 secs] 
2020-10-28T09:48:40.508+0000: [GC (Allocation Failure) 2020-10-28T09:48:40.508+0000: [ParNew: 16388K->4K(18432K), 0.0030150 secs] 540571K->524187K(896640K), 0.0031087 secs] [Times: user=0.01 sys=0.00, real=0.00 secs] 
2020-10-28T09:48:40.532+0000: [GC (Allocation Failure) 2020-10-28T09:48:40.533+0000: [ParNew: 16388K->4K(18432K), 0.0029975 secs] 540571K->524187K(896640K), 0.0030716 secs] [Times: user=0.01 sys=0.00, real=0.01 secs] 
2020-10-28T09:48:40.559+0000: [GC (Allocation Failure) 2020-10-28T09:48:40.559+0000: [ParNew: 16388K->4K(18432K), 0.0030120 secs] 540571K->524187K(896640K), 0.0030864 secs] [Times: user=0.01 sys=0.00, real=0.00 secs] 
2020-10-28T09:48:40.587+0000: [GC (Allocation Failure) 2020-10-28T09:48:40.587+0000: [ParNew: 16388K->4K(18432K), 0.0030145 secs] 540571K->524187K(896640K), 0.0030709 secs] [Times: user=0.00 sys=0.00, real=0.01 secs] 
2020-10-28T09:48:40.606+0000: [GC (Allocation Failure) 2020-10-28T09:48:40.606+0000: [ParNew: 16388K->4K(18432K), 0.0030453 secs] 540571K->524187K(896640K), 0.0031114 secs] [Times: user=0.01 sys=0.00, real=0.01 secs] 
2020-10-28T09:48:40.628+0000: [GC (Allocation Failure) 2020-10-28T09:48:40.628+0000: [ParNew: 16388K->4K(18432K), 0.0030248 secs] 540571K->524188K(896640K), 0.0030883 secs] [Times: user=0.00 sys=0.00, real=0.00 secs] 
2020-10-28T09:48:40.648+0000: [GC (Allocation Failure) 2020-10-28T09:48:40.648+0000: [ParNew: 16388K->4K(18432K), 0.0029804 secs] 540572K->524188K(896640K), 0.0030436 secs] [Times: user=0.01 sys=0.00, real=0.00 secs] 
2020-10-28T09:48:40.668+0000: [GC (Allocation Failure) 2020-10-28T09:48:40.668+0000: [ParNew: 16388K->4K(18432K), 0.0028553 secs] 540572K->524188K(896640K), 0.0029047 secs] [Times: user=0.01 sys=0.00, real=0.00 secs] 
2020-10-28T09:48:40.686+0000: [GC (Allocation Failure) 2020-10-28T09:48:40.686+0000: [ParNew: 16388K->4K(18432K), 0.0029693 secs] 540572K->524188K(896640K), 0.0030217 secs] [Times: user=0.01 sys=0.00, real=0.01 secs] 
2020-10-28T09:48:40.708+0000: [GC (Allocation Failure) 2020-10-28T09:48:40.708+0000: [ParNew: 16388K->4K(18432K), 0.0029048 secs] 540572K->524188K(896640K), 0.0029566 secs] [Times: user=0.00 sys=0.00, real=0.00 secs] 
2020-10-28T09:48:40.726+0000: [GC (Allocation Failure) 2020-10-28T09:48:40.726+0000: [ParNew: 16388K->4K(18432K), 0.0028283 secs] 540572K->524188K(896640K), 0.0028789 secs] [Times: user=0.00 sys=0.00, real=0.01 secs] 
2020-10-28T09:48:40.747+0000: [GC (Allocation Failure) 2020-10-28T09:48:40.747+0000: [ParNew: 16388K->4K(18432K), 0.0029976 secs] 540572K->524188K(896640K), 0.0030538 secs] [Times: user=0.00 sys=0.00, real=0.01 secs] 
2020-10-28T09:48:40.768+0000: [GC (Allocation Failure) 2020-10-28T09:48:40.768+0000: [ParNew: 16388K->4K(18432K), 0.0029614 secs] 540572K->524188K(896640K), 0.0030570 secs] [Times: user=0.00 sys=0.01, real=0.00 secs] 
2020-10-28T09:48:40.790+0000: [GC (Allocation Failure) 2020-10-28T09:48:40.790+0000: [ParNew: 16388K->4K(18432K), 0.0029460 secs] 540572K->524188K(896640K), 0.0029891 secs] [Times: user=0.01 sys=0.00, real=0.00 secs] 
2020-10-28T09:48:40.812+0000: [GC (Allocation Failure) 2020-10-28T09:48:40.812+0000: [ParNew: 16388K->4K(18432K), 0.0028836 secs] 540572K->524188K(896640K), 0.0029332 secs] [Times: user=0.01 sys=0.00, real=0.00 secs] 
2020-10-28T09:48:40.831+0000: [GC (Allocation Failure) 2020-10-28T09:48:40.831+0000: [ParNew: 16388K->4K(18432K), 0.0030386 secs] 540572K->524188K(896640K), 0.0030953 secs] [Times: user=0.01 sys=0.00, real=0.00 secs] 
2020-10-28T09:48:40.852+0000: [GC (Allocation Failure) 2020-10-28T09:48:40.852+0000: [ParNew: 16388K->4K(18432K), 0.0028755 secs] 540572K->524188K(896640K), 0.0029283 secs] [Times: user=0.00 sys=0.00, real=0.00 secs] 
2020-10-28T09:48:40.872+0000: [GC (Allocation Failure) 2020-10-28T09:48:40.872+0000: [ParNew: 16388K->6K(18432K), 0.0029955 secs] 540572K->524190K(896640K), 0.0030470 secs] [Times: user=0.00 sys=0.00, real=0.00 secs] 
2020-10-28T09:48:40.892+0000: [GC (Allocation Failure) 2020-10-28T09:48:40.892+0000: [ParNew: 16390K->4K(18432K), 0.0029040 secs] 540574K->524188K(896640K), 0.0029575 secs] [Times: user=0.00 sys=0.00, real=0.00 secs] 
2020-10-28T09:48:40.912+0000: [GC (Allocation Failure) 2020-10-28T09:48:40.912+0000: [ParNew: 16388K->4K(18432K), 0.0029027 secs] 540572K->524188K(896640K), 0.0029542 secs] [Times: user=0.01 sys=0.00, real=0.00 secs] 
2020-10-28T09:48:40.932+0000: [GC (Allocation Failure) 2020-10-28T09:48:40.932+0000: [ParNew: 16388K->4K(18432K), 0.0027638 secs] 540572K->524188K(896640K), 0.0028124 secs] [Times: user=0.00 sys=0.00, real=0.00 secs] 
2020-10-28T09:48:40.952+0000: [GC (Allocation Failure) 2020-10-28T09:48:40.952+0000: [ParNew: 16388K->4K(18432K), 0.0029617 secs] 540572K->524188K(896640K), 0.0030160 secs] [Times: user=0.01 sys=0.00, real=0.00 secs] 
2020-10-28T09:48:40.970+0000: [GC (Allocation Failure) 2020-10-28T09:48:40.970+0000: [ParNew: 16388K->4K(18432K), 0.0031421 secs] 540572K->524188K(896640K), 0.0031961 secs] [Times: user=0.00 sys=0.00, real=0.00 secs] 
2020-10-28T09:48:40.990+0000: [GC (Allocation Failure) 2020-10-28T09:48:40.990+0000: [ParNew: 16388K->4K(18432K), 0.0028185 secs] 540572K->524188K(896640K), 0.0028672 secs] [Times: user=0.01 sys=0.00, real=0.00 secs] 
2020-10-28T09:48:41.012+0000: [GC (Allocation Failure) 2020-10-28T09:48:41.012+0000: [ParNew: 16388K->4K(18432K), 0.0029087 secs] 540572K->524188K(896640K), 0.0029617 secs] [Times: user=0.01 sys=0.00, real=0.00 secs] 
2020-10-28T09:48:41.031+0000: [GC (Allocation Failure) 2020-10-28T09:48:41.031+0000: [ParNew: 16388K->4K(18432K), 0.0029401 secs] 540572K->524188K(896640K), 0.0029952 secs] [Times: user=0.01 sys=0.00, real=0.00 secs] 
2020-10-28T09:48:41.049+0000: [GC (Allocation Failure) 2020-10-28T09:48:41.049+0000: [ParNew: 16388K->4K(18432K), 0.0029442 secs] 540572K->524188K(896640K), 0.0029968 secs] [Times: user=0.00 sys=0.00, real=0.00 secs] 
2020-10-28T09:48:41.068+0000: [GC (Allocation Failure) 2020-10-28T09:48:41.068+0000: [ParNew: 16388K->4K(18432K), 0.0029131 secs] 540572K->524188K(896640K), 0.0029648 secs] [Times: user=0.01 sys=0.00, real=0.00 secs] 
2020-10-28T09:48:41.087+0000: [GC (Allocation Failure) 2020-10-28T09:48:41.087+0000: [ParNew: 16388K->4K(18432K), 0.0029267 secs] 540572K->524188K(896640K), 0.0029866 secs] [Times: user=0.01 sys=0.00, real=0.01 secs] 
2020-10-28T09:48:41.108+0000: [GC (Allocation Failure) 2020-10-28T09:48:41.108+0000: [ParNew: 16388K->4K(18432K), 0.0029480 secs] 540572K->524188K(896640K), 0.0029982 secs] [Times: user=0.00 sys=0.00, real=0.00 secs] 
2020-10-28T09:48:41.127+0000: [GC (Allocation Failure) 2020-10-28T09:48:41.127+0000: [ParNew: 16388K->4K(18432K), 0.0029507 secs] 540572K->524188K(896640K), 0.0030031 secs] [Times: user=0.01 sys=0.00, real=0.01 secs] 
2020-10-28T09:48:41.146+0000: [GC (Allocation Failure) 2020-10-28T09:48:41.146+0000: [ParNew: 16388K->4K(18432K), 0.0028922 secs] 540572K->524188K(896640K), 0.0029437 secs] [Times: user=0.01 sys=0.00, real=0.01 secs] 
2020-10-28T09:48:41.169+0000: [GC (Allocation Failure) 2020-10-28T09:48:41.169+0000: [ParNew: 16388K->4K(18432K), 0.0029827 secs] 540572K->524188K(896640K), 0.0030477 secs] [Times: user=0.00 sys=0.00, real=0.00 secs] 
2020-10-28T09:48:41.189+0000: [GC (Allocation Failure) 2020-10-28T09:48:41.189+0000: [ParNew: 16388K->4K(18432K), 0.0029822 secs] 540572K->524188K(896640K), 0.0030349 secs] [Times: user=0.01 sys=0.00, real=0.00 secs] 
2020-10-28T09:48:41.211+0000: [GC (Allocation Failure) 2020-10-28T09:48:41.211+0000: [ParNew: 16388K->4K(18432K), 0.0030171 secs] 540572K->524188K(896640K), 0.0030719 secs] [Times: user=0.01 sys=0.00, real=0.00 secs] 
2020-10-28T09:48:41.230+0000: [GC (Allocation Failure) 2020-10-28T09:48:41.230+0000: [ParNew: 16388K->4K(18432K), 0.0030010 secs] 540572K->524188K(896640K), 0.0030561 secs] [Times: user=0.00 sys=0.00, real=0.00 secs] 
2020-10-28T09:48:41.249+0000: [GC (Allocation Failure) 2020-10-28T09:48:41.249+0000: [ParNew: 16388K->4K(18432K), 0.0029989 secs] 540572K->524188K(896640K), 0.0030538 secs] [Times: user=0.01 sys=0.00, real=0.00 secs] 
2020-10-28T09:48:41.268+0000: [GC (Allocation Failure) 2020-10-28T09:48:41.268+0000: [ParNew: 16388K->4K(18432K), 0.0029932 secs] 540572K->524188K(896640K), 0.0030485 secs] [Times: user=0.00 sys=0.00, real=0.00 secs] 
2020-10-28T09:48:41.288+0000: [GC (Allocation Failure) 2020-10-28T09:48:41.288+0000: [ParNew: 16388K->4K(18432K), 0.0030110 secs] 540572K->524188K(896640K), 0.0030666 secs] [Times: user=0.01 sys=0.00, real=0.00 secs] 
2020-10-28T09:48:41.306+0000: [GC (Allocation Failure) 2020-10-28T09:48:41.306+0000: [ParNew: 16388K->4K(18432K), 0.0030443 secs] 540572K->524188K(896640K), 0.0031030 secs] [Times: user=0.00 sys=0.00, real=0.01 secs] 
2020-10-28T09:48:41.325+0000: [GC (Allocation Failure) 2020-10-28T09:48:41.325+0000: [ParNew: 16388K->4K(18432K), 0.0030112 secs] 540572K->524188K(896640K), 0.0030791 secs] [Times: user=0.01 sys=0.00, real=0.01 secs] 
2020-10-28T09:48:41.348+0000: [GC (Allocation Failure) 2020-10-28T09:48:41.348+0000: [ParNew: 16388K->4K(18432K), 0.0030193 secs] 540572K->524188K(896640K), 0.0030759 secs] [Times: user=0.01 sys=0.00, real=0.00 secs] 
2020-10-28T09:48:41.366+0000: [GC (Allocation Failure) 2020-10-28T09:48:41.366+0000: [ParNew: 16388K->4K(18432K), 0.0029919 secs] 540572K->524188K(896640K), 0.0030462 secs] [Times: user=0.01 sys=0.00, real=0.01 secs] 
2020-10-28T09:48:41.385+0000: [GC (Allocation Failure) 2020-10-28T09:48:41.385+0000: [ParNew: 16388K->4K(18432K), 0.0029627 secs] 540572K->524188K(896640K), 0.0030291 secs] [Times: user=0.01 sys=0.00, real=0.01 secs] 
2020-10-28T09:48:41.404+0000: [GC (Allocation Failure) 2020-10-28T09:48:41.404+0000: [ParNew: 16388K->4K(18432K), 0.0030060 secs] 540572K->524188K(896640K), 0.0030599 secs] [Times: user=0.00 sys=0.00, real=0.00 secs] 
2020-10-28T09:48:41.423+0000: [GC (Allocation Failure) 2020-10-28T09:48:41.423+0000: [ParNew: 16388K->4K(18432K), 0.0031057 secs] 540572K->524188K(896640K), 0.0031603 secs] [Times: user=0.01 sys=0.00, real=0.00 secs] 
2020-10-28T09:48:41.442+0000: [GC (Allocation Failure) 2020-10-28T09:48:41.442+0000: [ParNew: 16388K->4K(18432K), 0.0030156 secs] 540572K->524188K(896640K), 0.0030715 secs] [Times: user=0.01 sys=0.00, real=0.00 secs] 
2020-10-28T09:48:41.464+0000: [GC (Allocation Failure) 2020-10-28T09:48:41.464+0000: [ParNew: 16388K->4K(18432K), 0.0029739 secs] 540572K->524188K(896640K), 0.0030290 secs] [Times: user=0.00 sys=0.00, real=0.00 secs] 
2020-10-28T09:48:41.484+0000: [GC (Allocation Failure) 2020-10-28T09:48:41.484+0000: [ParNew: 16388K->4K(18432K), 0.0029447 secs] 540572K->524188K(896640K), 0.0029984 secs] [Times: user=0.01 sys=0.00, real=0.00 secs] 
2020-10-28T09:48:41.504+0000: [GC (Allocation Failure) 2020-10-28T09:48:41.504+0000: [ParNew: 16388K->4K(18432K), 0.0030146 secs] 540572K->524188K(896640K), 0.0030800 secs] [Times: user=0.01 sys=0.00, real=0.00 secs] 
2020-10-28T09:48:41.523+0000: [GC (Allocation Failure) 2020-10-28T09:48:41.523+0000: [ParNew: 16388K->4K(18432K), 0.0030383 secs] 540572K->524188K(896640K), 0.0031025 secs] [Times: user=0.01 sys=0.00, real=0.00 secs] 
2020-10-28T09:48:41.541+0000: [GC (Allocation Failure) 2020-10-28T09:48:41.541+0000: [ParNew: 16388K->4K(18432K), 0.0029840 secs] 540572K->524188K(896640K), 0.0030378 secs] [Times: user=0.01 sys=0.00, real=0.00 secs] 
2020-10-28T09:48:41.560+0000: [GC (Allocation Failure) 2020-10-28T09:48:41.560+0000: [ParNew: 16388K->4K(18432K), 0.0029436 secs] 540572K->524188K(896640K), 0.0029977 secs] [Times: user=0.00 sys=0.00, real=0.00 secs] 
2020-10-28T09:48:41.579+0000: [GC (Allocation Failure) 2020-10-28T09:48:41.579+0000: [ParNew: 16388K->4K(18432K), 0.0029381 secs] 540572K->524188K(896640K), 0.0029894 secs] [Times: user=0.01 sys=0.00, real=0.00 secs] 
2020-10-28T09:48:41.600+0000: [GC (Allocation Failure) 2020-10-28T09:48:41.600+0000: [ParNew: 16388K->4K(18432K), 0.0029960 secs] 540572K->524188K(896640K), 0.0030530 secs] [Times: user=0.01 sys=0.00, real=0.00 secs] 
2020-10-28T09:48:41.618+0000: [GC (Allocation Failure) 2020-10-28T09:48:41.619+0000: [ParNew: 16388K->4K(18432K), 0.0030280 secs] 540572K->524188K(896640K), 0.0030844 secs] [Times: user=0.01 sys=0.00, real=0.00 secs] 
2020-10-28T09:48:41.640+0000: [GC (Allocation Failure) 2020-10-28T09:48:41.640+0000: [ParNew: 16388K->4K(18432K), 0.0029763 secs] 540572K->524188K(896640K), 0.0030324 secs] [Times: user=0.01 sys=0.00, real=0.00 secs] 
2020-10-28T09:48:41.662+0000: [GC (Allocation Failure) 2020-10-28T09:48:41.662+0000: [ParNew: 16388K->4K(18432K), 0.0028668 secs] 540572K->524188K(896640K), 0.0029188 secs] [Times: user=0.01 sys=0.00, real=0.00 secs] 
2020-10-28T09:48:41.691+0000: [GC (Allocation Failure) 2020-10-28T09:48:41.691+0000: [ParNew: 16388K->4K(18432K), 0.0029873 secs] 540572K->524188K(896640K), 0.0030430 secs] [Times: user=0.01 sys=0.00, real=0.00 secs] 
2020-10-28T09:48:41.716+0000: [GC (Allocation Failure) 2020-10-28T09:48:41.716+0000: [ParNew: 16388K->4K(18432K), 0.0029473 secs] 540572K->524188K(896640K), 0.0030023 secs] [Times: user=0.00 sys=0.00, real=0.00 secs] 
2020-10-28T09:48:41.736+0000: [GC (Allocation Failure) 2020-10-28T09:48:41.736+0000: [ParNew: 16388K->4K(18432K), 0.0029281 secs] 540572K->524188K(896640K), 0.0029815 secs] [Times: user=0.00 sys=0.00, real=0.00 secs] 
2020-10-28T09:48:41.755+0000: [GC (Allocation Failure) 2020-10-28T09:48:41.755+0000: [ParNew: 16388K->4K(18432K), 0.0029611 secs] 540572K->524188K(896640K), 0.0030221 secs] [Times: user=0.01 sys=0.00, real=0.01 secs] 
2020-10-28T09:48:41.776+0000: [GC (Allocation Failure) 2020-10-28T09:48:41.776+0000: [ParNew: 16388K->4K(18432K), 0.0030077 secs] 540572K->524188K(896640K), 0.0030665 secs] [Times: user=0.01 sys=0.00, real=0.00 secs] 
2020-10-28T09:48:41.800+0000: [GC (Allocation Failure) 2020-10-28T09:48:41.800+0000: [ParNew: 16388K->4K(18432K), 0.0029796 secs] 540572K->524188K(896640K), 0.0030488 secs] [Times: user=0.00 sys=0.00, real=0.00 secs] 
2020-10-28T09:48:41.818+0000: [GC (Allocation Failure) 2020-10-28T09:48:41.818+0000: [ParNew: 16388K->4K(18432K), 0.0029958 secs] 540572K->524188K(896640K), 0.0030665 secs] [Times: user=0.01 sys=0.00, real=0.00 secs] 
2020-10-28T09:48:41.840+0000: [GC (Allocation Failure) 2020-10-28T09:48:41.840+0000: [ParNew: 16388K->4K(18432K), 0.0029795 secs] 540572K->524188K(896640K), 0.0030342 secs] [Times: user=0.01 sys=0.00, real=0.00 secs] 
2020-10-28T09:48:41.859+0000: [GC (Allocation Failure) 2020-10-28T09:48:41.859+0000: [ParNew: 16388K->4K(18432K), 0.0029713 secs] 540572K->524188K(896640K), 0.0030255 secs] [Times: user=0.01 sys=0.00, real=0.00 secs] 
2020-10-28T09:48:41.883+0000: [GC (Allocation Failure) 2020-10-28T09:48:41.883+0000: [ParNew: 16388K->4K(18432K), 0.0029896 secs] 540572K->524188K(896640K), 0.0030463 secs] [Times: user=0.00 sys=0.00, real=0.00 secs] 
2020-10-28T09:48:41.904+0000: [GC (Allocation Failure) 2020-10-28T09:48:41.904+0000: [ParNew: 16388K->4K(18432K), 0.0030045 secs] 540572K->524188K(896640K), 0.0030801 secs] [Times: user=0.01 sys=0.00, real=0.00 secs] 
2020-10-28T09:48:41.924+0000: [GC (Allocation Failure) 2020-10-28T09:48:41.924+0000: [ParNew: 16388K->4K(18432K), 0.0029831 secs] 540572K->524188K(896640K), 0.0030381 secs] [Times: user=0.00 sys=0.00, real=0.00 secs] 
2020-10-28T09:48:41.944+0000: [GC (Allocation Failure) 2020-10-28T09:48:41.944+0000: [ParNew: 16388K->4K(18432K), 0.0029813 secs] 540572K->524188K(896640K), 0.0030358 secs] [Times: user=0.00 sys=0.00, real=0.00 secs] 
2020-10-28T09:48:41.962+0000: [GC (Allocation Failure) 2020-10-28T09:48:41.963+0000: [ParNew: 16388K->4K(18432K), 0.0030165 secs] 540572K->524188K(896640K), 0.0030749 secs] [Times: user=0.01 sys=0.00, real=0.00 secs] 
2020-10-28T09:48:41.981+0000: [GC (Allocation Failure) 2020-10-28T09:48:41.981+0000: [ParNew: 16388K->4K(18432K), 0.0030533 secs] 540572K->524188K(896640K), 0.0031087 secs] [Times: user=0.01 sys=0.00, real=0.00 secs] 
2020-10-28T09:48:42.004+0000: [GC (Allocation Failure) 2020-10-28T09:48:42.004+0000: [ParNew: 16388K->4K(18432K), 0.0030037 secs] 540572K->524189K(896640K), 0.0030591 secs] [Times: user=0.01 sys=0.00, real=0.00 secs] 
2020-10-28T09:48:42.022+0000: [GC (Allocation Failure) 2020-10-28T09:48:42.022+0000: [ParNew: 16388K->4K(18432K), 0.0029834 secs] 540573K->524189K(896640K), 0.0030380 secs] [Times: user=0.00 sys=0.00, real=0.00 secs] 
2020-10-28T09:48:42.044+0000: [GC (Allocation Failure) 2020-10-28T09:48:42.044+0000: [ParNew: 16388K->4K(18432K), 0.0030233 secs] 540573K->524189K(896640K), 0.0030789 secs] [Times: user=0.00 sys=0.00, real=0.00 secs] 
2020-10-28T09:48:42.064+0000: [GC (Allocation Failure) 2020-10-28T09:48:42.064+0000: [ParNew: 16388K->4K(18432K), 0.0030536 secs] 540573K->524189K(896640K), 0.0031070 secs] [Times: user=0.01 sys=0.00, real=0.00 secs] 
2020-10-28T09:48:42.084+0000: [GC (Allocation Failure) 2020-10-28T09:48:42.084+0000: [ParNew: 16388K->4K(18432K), 0.0029695 secs] 540573K->524189K(896640K), 0.0030239 secs] [Times: user=0.00 sys=0.00, real=0.00 secs] 
2020-10-28T09:48:42.102+0000: [GC (Allocation Failure) 2020-10-28T09:48:42.102+0000: [ParNew: 16388K->4K(18432K), 0.0029817 secs] 540573K->524189K(896640K), 0.0030339 secs] [Times: user=0.01 sys=0.00, real=0.00 secs] 
2020-10-28T09:48:42.124+0000: [GC (Allocation Failure) 2020-10-28T09:48:42.124+0000: [ParNew: 16388K->4K(18432K), 0.0030652 secs] 540573K->524189K(896640K), 0.0031190 secs] [Times: user=0.01 sys=0.00, real=0.00 secs] 
2020-10-28T09:48:42.144+0000: [GC (Allocation Failure) 2020-10-28T09:48:42.144+0000: [ParNew: 16388K->4K(18432K), 0.0029744 secs] 540573K->524189K(896640K), 0.0030289 secs] [Times: user=0.01 sys=0.00, real=0.00 secs] 
2020-10-28T09:48:42.162+0000: [GC (Allocation Failure) 2020-10-28T09:48:42.163+0000: [ParNew: 16388K->4K(18432K), 0.0029775 secs] 540573K->524189K(896640K), 0.0030442 secs] [Times: user=0.00 sys=0.00, real=0.00 secs] 
2020-10-28T09:48:42.181+0000: [GC (Allocation Failure) 2020-10-28T09:48:42.181+0000: [ParNew: 16388K->4K(18432K), 0.0029999 secs] 540573K->524189K(896640K), 0.0030552 secs] [Times: user=0.01 sys=0.00, real=0.00 secs] 
2020-10-28T09:48:42.204+0000: [GC (Allocation Failure) 2020-10-28T09:48:42.204+0000: [ParNew: 16388K->4K(18432K), 0.0030997 secs] 540573K->524189K(896640K), 0.0031607 secs] [Times: user=0.00 sys=0.00, real=0.00 secs] 
2020-10-28T09:48:42.228+0000: [GC (Allocation Failure) 2020-10-28T09:48:42.228+0000: [ParNew: 16388K->4K(18432K), 0.0030359 secs] 540573K->524189K(896640K), 0.0030951 secs] [Times: user=0.00 sys=0.00, real=0.00 secs] 
2020-10-28T09:48:42.246+0000: [GC (Allocation Failure) 2020-10-28T09:48:42.246+0000: [ParNew: 16388K->4K(18432K), 0.0029813 secs] 540573K->524189K(896640K), 0.0030371 secs] [Times: user=0.00 sys=0.00, real=0.01 secs] 
2020-10-28T09:48:42.265+0000: [GC (Allocation Failure) 2020-10-28T09:48:42.265+0000: [ParNew: 16388K->4K(18432K), 0.0030422 secs] 540573K->524189K(896640K), 0.0030978 secs] [Times: user=0.00 sys=0.00, real=0.01 secs] 
2020-10-28T09:48:42.288+0000: [GC (Allocation Failure) 2020-10-28T09:48:42.288+0000: [ParNew: 16388K->4K(18432K), 0.0029966 secs] 540573K->524189K(896640K), 0.0030534 secs] [Times: user=0.01 sys=0.00, real=0.00 secs] 
2020-10-28T09:48:42.306+0000: [GC (Allocation Failure) 2020-10-28T09:48:42.306+0000: [ParNew: 16388K->4K(18432K), 0.0030825 secs] 540573K->524189K(896640K), 0.0031415 secs] [Times: user=0.00 sys=0.00, real=0.01 secs] 
2020-10-28T09:48:42.325+0000: [GC (Allocation Failure) 2020-10-28T09:48:42.325+0000: [ParNew: 16388K->4K(18432K), 0.0030798 secs] 540573K->524189K(896640K), 0.0031357 secs] [Times: user=0.00 sys=0.00, real=0.01 secs] 
2020-10-28T09:48:42.344+0000: [GC (Allocation Failure) 2020-10-28T09:48:42.344+0000: [ParNew: 16388K->4K(18432K), 0.0030575 secs] 540573K->524189K(896640K), 0.0031135 secs] [Times: user=0.00 sys=0.00, real=0.00 secs] 
2020-10-28T09:48:42.363+0000: [GC (Allocation Failure) 2020-10-28T09:48:42.363+0000: [ParNew: 16388K->4K(18432K), 0.0030146 secs] 540573K->524189K(896640K), 0.0030717 secs] [Times: user=0.01 sys=0.00, real=0.00 secs] 
2020-10-28T09:48:42.382+0000: [GC (Allocation Failure) 2020-10-28T09:48:42.382+0000: [ParNew: 16388K->4K(18432K), 0.0030366 secs] 540573K->524189K(896640K), 0.0030925 secs] [Times: user=0.01 sys=0.00, real=0.00 secs] 
2020-10-28T09:48:42.400+0000: [GC (Allocation Failure) 2020-10-28T09:48:42.400+0000: [ParNew: 16388K->4K(18432K), 0.0030289 secs] 540573K->524189K(896640K), 0.0030868 secs] [Times: user=0.00 sys=0.00, real=0.00 secs] 
2020-10-28T09:48:42.420+0000: [GC (Allocation Failure) 2020-10-28T09:48:42.420+0000: [ParNew: 16388K->4K(18432K), 0.0030332 secs] 540573K->524189K(896640K), 0.0031061 secs] [Times: user=0.00 sys=0.00, real=0.00 secs] 
2020-10-28T09:48:42.440+0000: [GC (Allocation Failure) 2020-10-28T09:48:42.440+0000: [ParNew: 16388K->4K(18432K), 0.0030153 secs] 540573K->524189K(896640K), 0.0030708 secs] [Times: user=0.01 sys=0.00, real=0.00 secs] 
2020-10-28T09:48:42.460+0000: [GC (Allocation Failure) 2020-10-28T09:48:42.460+0000: [ParNew: 16388K->4K(18432K), 0.0029589 secs] 540573K->524189K(896640K), 0.0030132 secs] [Times: user=0.01 sys=0.00, real=0.00 secs] 
2020-10-28T09:48:42.478+0000: [GC (Allocation Failure) 2020-10-28T09:48:42.478+0000: [ParNew: 16388K->4K(18432K), 0.0030649 secs] 540573K->524189K(896640K), 0.0031181 secs] [Times: user=0.00 sys=0.00, real=0.00 secs] 
2020-10-28T09:48:42.498+0000: [GC (Allocation Failure) 2020-10-28T09:48:42.498+0000: [ParNew: 16388K->4K(18432K), 0.0030311 secs] 540573K->524189K(896640K), 0.0030806 secs] [Times: user=0.00 sys=0.00, real=0.00 secs] 
2020-10-28T09:48:42.516+0000: [GC (Allocation Failure) 2020-10-28T09:48:42.517+0000: [ParNew: 16388K->4K(18432K), 0.0031421 secs] 540573K->524189K(896640K), 0.0031999 secs] [Times: user=0.01 sys=0.00, real=0.00 secs] 
2020-10-28T09:48:42.535+0000: [GC (Allocation Failure) 2020-10-28T09:48:42.535+0000: [ParNew: 16388K->4K(18432K), 0.0030535 secs] 540573K->524189K(896640K), 0.0031228 secs] [Times: user=0.01 sys=0.00, real=0.01 secs] 
2020-10-28T09:48:42.554+0000: [GC (Allocation Failure) 2020-10-28T09:48:42.554+0000: [ParNew: 16388K->4K(18432K), 0.0030611 secs] 540573K->524189K(896640K), 0.0031181 secs] [Times: user=0.01 sys=0.00, real=0.01 secs] 
2020-10-28T09:48:42.576+0000: [GC (Allocation Failure) 2020-10-28T09:48:42.576+0000: [ParNew: 16388K->4K(18432K), 0.0030956 secs] 540573K->524189K(896640K), 0.0031521 secs] [Times: user=0.01 sys=0.00, real=0.00 secs] 
2020-10-28T09:48:42.595+0000: [GC (Allocation Failure) 2020-10-28T09:48:42.595+0000: [ParNew: 16388K->4K(18432K), 0.0031044 secs] 540573K->524189K(896640K), 0.0031630 secs] [Times: user=0.00 sys=0.00, real=0.01 secs] 
2020-10-28T09:48:42.616+0000: [GC (Allocation Failure) 2020-10-28T09:48:42.616+0000: [ParNew: 16388K->4K(18432K), 0.0029943 secs] 540573K->524189K(896640K), 0.0030501 secs] [Times: user=0.00 sys=0.00, real=0.00 secs] 
2020-10-28T09:48:42.634+0000: [GC (Allocation Failure) 2020-10-28T09:48:42.634+0000: [ParNew: 16388K->4K(18432K), 0.0029855 secs] 540573K->524189K(896640K), 0.0030416 secs] [Times: user=0.01 sys=0.00, real=0.01 secs] 
2020-10-28T09:48:42.653+0000: [GC (Allocation Failure) 2020-10-28T09:48:42.653+0000: [ParNew: 16388K->4K(18432K), 0.0029978 secs] 540573K->524189K(896640K), 0.0030540 secs] [Times: user=0.00 sys=0.00, real=0.01 secs] 
2020-10-28T09:48:42.672+0000: [GC (Allocation Failure) 2020-10-28T09:48:42.672+0000: [ParNew: 16388K->4K(18432K), 0.0030048 secs] 540573K->524189K(896640K), 0.0030595 secs] [Times: user=0.01 sys=0.00, real=0.00 secs] 
2020-10-28T09:48:42.691+0000: [GC (Allocation Failure) 2020-10-28T09:48:42.691+0000: [ParNew: 16388K->4K(18432K), 0.0030442 secs] 540573K->524189K(896640K), 0.0030987 secs] [Times: user=0.01 sys=0.00, real=0.00 secs] 
2020-10-28T09:48:42.710+0000: [GC (Allocation Failure) 2020-10-28T09:48:42.710+0000: [ParNew: 16388K->4K(18432K), 0.0030065 secs] 540573K->524189K(896640K), 0.0030789 secs] [Times: user=0.01 sys=0.00, real=0.00 secs] 
2020-10-28T09:48:42.728+0000: [GC (Allocation Failure) 2020-10-28T09:48:42.728+0000: [ParNew: 16388K->4K(18432K), 0.0029412 secs] 540573K->524189K(896640K), 0.0029934 secs] [Times: user=0.00 sys=0.00, real=0.00 secs] 
2020-10-28T09:48:42.748+0000: [GC (Allocation Failure) 2020-10-28T09:48:42.748+0000: [ParNew: 16388K->4K(18432K), 0.0030639 secs] 540573K->524189K(896640K), 0.0031208 secs] [Times: user=0.00 sys=0.00, real=0.00 secs] 
2020-10-28T09:48:42.773+0000: [GC (Allocation Failure) 2020-10-28T09:48:42.773+0000: [ParNew: 16388K->4K(18432K), 0.0035294 secs] 540573K->524189K(896640K), 0.0036000 secs] [Times: user=0.00 sys=0.00, real=0.01 secs] 
2020-10-28T09:48:42.793+0000: [GC (Allocation Failure) 2020-10-28T09:48:42.793+0000: [ParNew: 16388K->4K(18432K), 0.0029942 secs] 540573K->524189K(896640K), 0.0030537 secs] [Times: user=0.01 sys=0.00, real=0.01 secs] 
2020-10-28T09:48:42.811+0000: [GC (Allocation Failure) 2020-10-28T09:48:42.811+0000: [ParNew: 16388K->4K(18432K), 0.0030028 secs] 540573K->524189K(896640K), 0.0030623 secs] [Times: user=0.01 sys=0.00, real=0.00 secs] 
2020-10-28T09:48:42.830+0000: [GC (Allocation Failure) 2020-10-28T09:48:42.830+0000: [ParNew: 16388K->4K(18432K), 0.0030166 secs] 540573K->524189K(896640K), 0.0030697 secs] [Times: user=0.00 sys=0.00, real=0.00 secs] 
2020-10-28T09:48:42.849+0000: [GC (Allocation Failure) 2020-10-28T09:48:42.849+0000: [ParNew: 16388K->4K(18432K), 0.0029927 secs] 540573K->524189K(896640K), 0.0030459 secs] [Times: user=0.01 sys=0.00, real=0.00 secs] 
2020-10-28T09:48:42.871+0000: [GC (Allocation Failure) 2020-10-28T09:48:42.871+0000: [ParNew: 16388K->4K(18432K), 0.0029659 secs] 540573K->524189K(896640K), 0.0030193 secs] [Times: user=0.00 sys=0.01, real=0.00 secs] 
2020-10-28T09:48:42.892+0000: [GC (Allocation Failure) 2020-10-28T09:48:42.892+0000: [ParNew: 16388K->4K(18432K), 0.0029805 secs] 540573K->524189K(896640K), 0.0030342 secs] [Times: user=0.00 sys=0.00, real=0.00 secs] 
2020-10-28T09:48:42.911+0000: [GC (Allocation Failure) 2020-10-28T09:48:42.911+0000: [ParNew: 16388K->4K(18432K), 0.0030259 secs] 540573K->524189K(896640K), 0.0030805 secs] [Times: user=0.01 sys=0.00, real=0.00 secs] 
2020-10-28T09:48:42.930+0000: [GC (Allocation Failure) 2020-10-28T09:48:42.930+0000: [ParNew: 16388K->4K(18432K), 0.0029920 secs] 540573K->524189K(896640K), 0.0030478 secs] [Times: user=0.01 sys=0.00, real=0.00 secs] 
2020-10-28T09:48:42.948+0000: [GC (Allocation Failure) 2020-10-28T09:48:42.948+0000: [ParNew: 16388K->4K(18432K), 0.0029695 secs] 540573K->524189K(896640K), 0.0030233 secs] [Times: user=0.00 sys=0.00, real=0.00 secs] 
2020-10-28T09:48:42.967+0000: [GC (Allocation Failure) 2020-10-28T09:48:42.967+0000: [ParNew: 16388K->4K(18432K), 0.0030517 secs] 540573K->524189K(896640K), 0.0031073 secs] [Times: user=0.01 sys=0.00, real=0.01 secs] 
2020-10-28T09:48:42.988+0000: [GC (Allocation Failure) 2020-10-28T09:48:42.988+0000: [ParNew: 16388K->4K(18432K), 0.0030092 secs] 540573K->524189K(896640K), 0.0030651 secs] [Times: user=0.01 sys=0.00, real=0.00 secs] 
2020-10-28T09:48:43.006+0000: [GC (Allocation Failure) 2020-10-28T09:48:43.006+0000: [ParNew: 16388K->4K(18432K), 0.0029525 secs] 540573K->524189K(896640K), 0.0030043 secs] [Times: user=0.01 sys=0.00, real=0.01 secs] 
2020-10-28T09:48:43.028+0000: [GC (Allocation Failure) 2020-10-28T09:48:43.028+0000: [ParNew: 16388K->4K(18432K), 0.0029538 secs] 540573K->524189K(896640K), 0.0030078 secs] [Times: user=0.01 sys=0.00, real=0.00 secs] 
2020-10-28T09:48:43.046+0000: [GC (Allocation Failure) 2020-10-28T09:48:43.047+0000: [ParNew: 16388K->4K(18432K), 0.0034889 secs] 540573K->524189K(896640K), 0.0035431 secs] [Times: user=0.01 sys=0.00, real=0.01 secs] 
2020-10-28T09:48:43.066+0000: [GC (Allocation Failure) 2020-10-28T09:48:43.066+0000: [ParNew: 16388K->4K(18432K), 0.0030536 secs] 540573K->524189K(896640K), 0.0031113 secs] [Times: user=0.01 sys=0.00, real=0.01 secs] 
2020-10-28T09:48:43.085+0000: [GC (Allocation Failure) 2020-10-28T09:48:43.085+0000: [ParNew: 16388K->4K(18432K), 0.0030736 secs] 540573K->524189K(896640K), 0.0031300 secs] [Times: user=0.01 sys=0.00, real=0.01 secs] 
2020-10-28T09:48:43.104+0000: [GC (Allocation Failure) 2020-10-28T09:48:43.104+0000: [ParNew: 16388K->4K(18432K), 0.0030229 secs] 540573K->524189K(896640K), 0.0030877 secs] [Times: user=0.00 sys=0.00, real=0.00 secs] 
2020-10-28T09:48:43.123+0000: [GC (Allocation Failure) 2020-10-28T09:48:43.123+0000: [ParNew: 16388K->4K(18432K), 0.0032143 secs] 540573K->524189K(896640K), 0.0032801 secs] [Times: user=0.00 sys=0.00, real=0.00 secs] 
2020-10-28T09:48:43.142+0000: [GC (Allocation Failure) 2020-10-28T09:48:43.142+0000: [ParNew: 16388K->4K(18432K), 0.0029211 secs] 540573K->524189K(896640K), 0.0029659 secs] [Times: user=0.00 sys=0.00, real=0.00 secs] 
2020-10-28T09:48:43.161+0000: [GC (Allocation Failure) 2020-10-28T09:48:43.161+0000: [ParNew: 16388K->4K(18432K), 0.0029149 secs] 540573K->524189K(896640K), 0.0029635 secs] [Times: user=0.01 sys=0.00, real=0.00 secs] 
2020-10-28T09:48:43.179+0000: [GC (Allocation Failure) 2020-10-28T09:48:43.179+0000: [ParNew: 16388K->4K(18432K), 0.0028657 secs] 540573K->524189K(896640K), 0.0029151 secs] [Times: user=0.00 sys=0.00, real=0.00 secs] 
2020-10-28T09:48:43.198+0000: [GC (Allocation Failure) 2020-10-28T09:48:43.198+0000: [ParNew: 16388K->4K(18432K), 0.0029476 secs] 540573K->524189K(896640K), 0.0029999 secs] [Times: user=0.01 sys=0.00, real=0.00 secs] 
2020-10-28T09:48:43.220+0000: [GC (Allocation Failure) 2020-10-28T09:48:43.220+0000: [ParNew: 16388K->4K(18432K), 0.0028940 secs] 540573K->524189K(896640K), 0.0029469 secs] [Times: user=0.00 sys=0.00, real=0.00 secs] 
2020-10-28T09:48:43.238+0000: [GC (Allocation Failure) 2020-10-28T09:48:43.238+0000: [ParNew: 16388K->4K(18432K), 0.0028915 secs] 540573K->524189K(896640K), 0.0029414 secs] [Times: user=0.00 sys=0.00, real=0.00 secs] 
2020-10-28T09:48:43.257+0000: [GC (Allocation Failure) 2020-10-28T09:48:43.257+0000: [ParNew: 16388K->4K(18432K), 0.0029367 secs] 540573K->524189K(896640K), 0.0029998 secs] [Times: user=0.00 sys=0.00, real=0.00 secs] 
2020-10-28T09:48:43.276+0000: [GC (Allocation Failure) 2020-10-28T09:48:43.276+0000: [ParNew: 16388K->8K(18432K), 0.0029915 secs] 540573K->524194K(896640K), 0.0030453 secs] [Times: user=0.01 sys=0.00, real=0.00 secs] 
2020-10-28T09:48:43.296+0000: [GC (Allocation Failure) 2020-10-28T09:48:43.296+0000: [ParNew: 16392K->6K(18432K), 0.0030543 secs] 540578K->524191K(896640K), 0.0031117 secs] [Times: user=0.01 sys=0.00, real=0.00 secs] 
2020-10-28T09:48:43.315+0000: [GC (Allocation Failure) 2020-10-28T09:48:43.315+0000: [ParNew: 16390K->6K(18432K), 0.0030631 secs] 540575K->524191K(896640K), 0.0031192 secs] [Times: user=0.00 sys=0.00, real=0.01 secs] 
2020-10-28T09:48:43.333+0000: [GC (Allocation Failure) 2020-10-28T09:48:43.333+0000: [ParNew: 16390K->4K(18432K), 0.0030832 secs] 540575K->524189K(896640K), 0.0031414 secs] [Times: user=0.00 sys=0.00, real=0.01 secs] 
2020-10-28T09:48:43.352+0000: [GC (Allocation Failure) 2020-10-28T09:48:43.352+0000: [ParNew: 16388K->4K(18432K), 0.0030399 secs] 540573K->524189K(896640K), 0.0030967 secs] [Times: user=0.01 sys=0.00, real=0.00 secs] 
2020-10-28T09:48:43.371+0000: [GC (Allocation Failure) 2020-10-28T09:48:43.371+0000: [ParNew: 16388K->4K(18432K), 0.0030609 secs] 540573K->524189K(896640K), 0.0031235 secs] [Times: user=0.00 sys=0.00, real=0.00 secs] 
2020-10-28T09:48:43.398+0000: [GC (Allocation Failure) 2020-10-28T09:48:43.398+0000: [ParNew: 16388K->4K(18432K), 0.0095198 secs] 540573K->524190K(896640K), 0.0095906 secs] [Times: user=0.01 sys=0.00, real=0.01 secs] 
2020-10-28T09:48:43.428+0000: [GC (Allocation Failure) 2020-10-28T09:48:43.428+0000: [ParNew: 16388K->4K(18432K), 0.0029935 secs] 540574K->524190K(896640K), 0.0030507 secs] [Times: user=0.01 sys=0.00, real=0.00 secs] 
2020-10-28T09:48:43.446+0000: [GC (Allocation Failure) 2020-10-28T09:48:43.446+0000: [ParNew: 16388K->4K(18432K), 0.0030224 secs] 540574K->524190K(896640K), 0.0030786 secs] [Times: user=0.00 sys=0.00, real=0.01 secs] 
2020-10-28T09:48:43.472+0000: [GC (Allocation Failure) 2020-10-28T09:48:43.472+0000: [ParNew: 16388K->4K(18432K), 0.0030156 secs] 540574K->524190K(896640K), 0.0030730 secs] [Times: user=0.00 sys=0.00, real=0.00 secs] 
2020-10-28T09:48:43.490+0000: [GC (Allocation Failure) 2020-10-28T09:48:43.491+0000: [ParNew: 16388K->4K(18432K), 0.0029863 secs] 540574K->524190K(896640K), 0.0030421 secs] [Times: user=0.01 sys=0.00, real=0.00 secs] 
2020-10-28T09:48:43.512+0000: [GC (Allocation Failure) 2020-10-28T09:48:43.512+0000: [ParNew: 16388K->4K(18432K), 0.0029681 secs] 540574K->524190K(896640K), 0.0030238 secs] [Times: user=0.01 sys=0.00, real=0.00 secs] 
2020-10-28T09:48:43.530+0000: [GC (Allocation Failure) 2020-10-28T09:48:43.530+0000: [ParNew: 16388K->4K(18432K), 0.0029995 secs] 540574K->524190K(896640K), 0.0030550 secs] [Times: user=0.01 sys=0.00, real=0.00 secs] 
2020-10-28T09:48:43.549+0000: [GC (Allocation Failure) 2020-10-28T09:48:43.549+0000: [ParNew: 16388K->4K(18432K), 0.0030913 secs] 540574K->524190K(896640K), 0.0031459 secs] [Times: user=0.00 sys=0.00, real=0.00 secs] 
2020-10-28T09:48:43.572+0000: [GC (Allocation Failure) 2020-10-28T09:48:43.572+0000: [ParNew: 16388K->4K(18432K), 0.0029956 secs] 540574K->524190K(896640K), 0.0030509 secs] [Times: user=0.00 sys=0.00, real=0.00 secs] 
2020-10-28T09:48:43.592+0000: [GC (Allocation Failure) 2020-10-28T09:48:43.592+0000: [ParNew: 16388K->4K(18432K), 0.0029728 secs] 540574K->524190K(896640K), 0.0030271 secs] [Times: user=0.00 sys=0.00, real=0.00 secs] 
2020-10-28T09:48:43.612+0000: [GC (Allocation Failure) 2020-10-28T09:48:43.612+0000: [ParNew: 16388K->4K(18432K), 0.0043800 secs] 540574K->524190K(896640K), 0.0044364 secs] [Times: user=0.01 sys=0.00, real=0.01 secs] 
2020-10-28T09:48:43.636+0000: [GC (Allocation Failure) 2020-10-28T09:48:43.636+0000: [ParNew: 16388K->4K(18432K), 0.0030440 secs] 540574K->524190K(896640K), 0.0031015 secs] [Times: user=0.01 sys=0.00, real=0.00 secs] 
2020-10-28T09:48:43.661+0000: [GC (Allocation Failure) 2020-10-28T09:48:43.661+0000: [ParNew: 16388K->4K(18432K), 0.0030256 secs] 540574K->524190K(896640K), 0.0030838 secs] [Times: user=0.00 sys=0.00, real=0.00 secs] 
2020-10-28T09:48:43.683+0000: [GC (Allocation Failure) 2020-10-28T09:48:43.683+0000: [ParNew: 16388K->4K(18432K), 0.0030104 secs] 540574K->524190K(896640K), 0.0030852 secs] [Times: user=0.00 sys=0.00, real=0.00 secs] 
2020-10-28T09:48:43.703+0000: [GC (Allocation Failure) 2020-10-28T09:48:43.703+0000: [ParNew: 16388K->4K(18432K), 0.0030614 secs] 540574K->524190K(896640K), 0.0031167 secs] [Times: user=0.01 sys=0.00, real=0.00 secs] 
2020-10-28T09:48:43.724+0000: [GC (Allocation Failure) 2020-10-28T09:48:43.724+0000: [ParNew: 16388K->4K(18432K), 0.0029726 secs] 540574K->524190K(896640K), 0.0030272 secs] [Times: user=0.00 sys=0.00, real=0.00 secs] 
2020-10-28T09:48:43.744+0000: [GC (Allocation Failure) 2020-10-28T09:48:43.744+0000: [ParNew: 16388K->4K(18432K), 0.0029731 secs] 540574K->524190K(896640K), 0.0030285 secs] [Times: user=0.00 sys=0.00, real=0.00 secs] 
2020-10-28T09:48:43.763+0000: [GC (Allocation Failure) 2020-10-28T09:48:43.763+0000: [ParNew: 16388K->4K(18432K), 0.0030397 secs] 540574K->524190K(896640K), 0.0030982 secs] [Times: user=0.01 sys=0.00, real=0.00 secs] 
2020-10-28T09:48:43.782+0000: [GC (Allocation Failure) 2020-10-28T09:48:43.782+0000: [ParNew: 16388K->4K(18432K), 0.0030895 secs] 540574K->524190K(896640K), 0.0031483 secs] [Times: user=0.00 sys=0.00, real=0.00 secs] 
2020-10-28T09:48:43.802+0000: [GC (Allocation Failure) 2020-10-28T09:48:43.802+0000: [ParNew: 16388K->4K(18432K), 0.0030597 secs] 540574K->524190K(896640K), 0.0031223 secs] [Times: user=0.01 sys=0.00, real=0.00 secs] 
2020-10-28T09:48:43.821+0000: [GC (Allocation Failure) 2020-10-28T09:48:43.821+0000: [ParNew: 16388K->4K(18432K), 0.0030417 secs] 540574K->524190K(896640K), 0.0030978 secs] [Times: user=0.01 sys=0.00, real=0.00 secs] 
2020-10-28T09:48:43.840+0000: [GC (Allocation Failure) 2020-10-28T09:48:43.840+0000: [ParNew: 16388K->2K(18432K), 0.0055377 secs] 540574K->524188K(896640K), 0.0056043 secs] [Times: user=0.00 sys=0.00, real=0.00 secs] 
2020-10-28T09:48:43.864+0000: [GC (Allocation Failure) 2020-10-28T09:48:43.864+0000: [ParNew: 16386K->4K(18432K), 0.0029964 secs] 540572K->524190K(896640K), 0.0030541 secs] [Times: user=0.00 sys=0.00, real=0.00 secs] 
2020-10-28T09:48:43.882+0000: [GC (Allocation Failure) 2020-10-28T09:48:43.882+0000: [ParNew: 16388K->4K(18432K), 0.0030457 secs] 540574K->524190K(896640K), 0.0031238 secs] [Times: user=0.01 sys=0.00, real=0.00 secs] 
2020-10-28T09:48:43.901+0000: [GC (Allocation Failure) 2020-10-28T09:48:43.901+0000: [ParNew: 16388K->4K(18432K), 0.0030611 secs] 540574K->524190K(896640K), 0.0031173 secs] [Times: user=0.01 sys=0.00, real=0.00 secs] 
2020-10-28T09:48:43.924+0000: [GC (Allocation Failure) 2020-10-28T09:48:43.924+0000: [ParNew: 16388K->4K(18432K), 0.0030057 secs] 540574K->524190K(896640K), 0.0030613 secs] [Times: user=0.00 sys=0.00, real=0.00 secs] 
2020-10-28T09:48:43.942+0000: [GC (Allocation Failure) 2020-10-28T09:48:43.942+0000: [ParNew: 16388K->4K(18432K), 0.0030042 secs] 540574K->524190K(896640K), 0.0030595 secs] [Times: user=0.00 sys=0.00, real=0.00 secs] 
2020-10-28T09:48:43.961+0000: [GC (Allocation Failure) 2020-10-28T09:48:43.961+0000: [ParNew: 16388K->4K(18432K), 0.0030351 secs] 540574K->524190K(896640K), 0.0030910 secs] [Times: user=0.01 sys=0.00, real=0.00 secs] 
2020-10-28T09:48:43.980+0000: [GC (Allocation Failure) 2020-10-28T09:48:43.980+0000: [ParNew: 16388K->4K(18432K), 0.0030023 secs] 540574K->524190K(896640K), 0.0030583 secs] [Times: user=0.01 sys=0.00, real=0.00 secs] 
2020-10-28T09:48:44.000+0000: [GC (Allocation Failure) 2020-10-28T09:48:44.000+0000: [ParNew: 16268K->4K(18432K), 0.0030120 secs] 540454K->524190K(896640K), 0.0030677 secs] [Times: user=0.00 sys=0.00, real=0.00 secs] 
2020-10-28T09:48:44.018+0000: [GC (Allocation Failure) 2020-10-28T09:48:44.018+0000: [ParNew: 16388K->4K(18432K), 0.0030867 secs] 540574K->524190K(896640K), 0.0031418 secs] [Times: user=0.01 sys=0.00, real=0.00 secs] 
2020-10-28T09:48:44.037+0000: [GC (Allocation Failure) 2020-10-28T09:48:44.037+0000: [ParNew: 16388K->4K(18432K), 0.0030942 secs] 540574K->524190K(896640K), 0.0031618 secs] [Times: user=0.01 sys=0.00, real=0.00 secs] 
2020-10-28T09:48:44.056+0000: [GC (Allocation Failure) 2020-10-28T09:48:44.056+0000: [ParNew: 16388K->4K(18432K), 0.0030018 secs] 540574K->524190K(896640K), 0.0030590 secs] [Times: user=0.00 sys=0.00, real=0.00 secs] 
2020-10-28T09:48:44.076+0000: [GC (Allocation Failure) 2020-10-28T09:48:44.076+0000: [ParNew: 16388K->4K(18432K), 0.0030063 secs] 540574K->524190K(896640K), 0.0030607 secs] [Times: user=0.00 sys=0.00, real=0.00 secs] 
2020-10-28T09:48:44.096+0000: [GC (Allocation Failure) 2020-10-28T09:48:44.096+0000: [ParNew: 16388K->4K(18432K), 0.0029990 secs] 540574K->524190K(896640K), 0.0030552 secs] [Times: user=0.01 sys=0.00, real=0.00 secs] 
2020-10-28T09:48:44.116+0000: [GC (Allocation Failure) 2020-10-28T09:48:44.116+0000: [ParNew: 16388K->4K(18432K), 0.0029742 secs] 540574K->524190K(896640K), 0.0030280 secs] [Times: user=0.00 sys=0.00, real=0.00 secs] 
2020-10-28T09:48:44.135+0000: [GC (Allocation Failure) 2020-10-28T09:48:44.135+0000: [ParNew: 16388K->4K(18432K), 0.0031159 secs] 540574K->524190K(896640K), 0.0031826 secs] [Times: user=0.01 sys=0.00, real=0.01 secs] 
2020-10-28T09:48:44.154+0000: [GC (Allocation Failure) 2020-10-28T09:48:44.154+0000: [ParNew: 16388K->4K(18432K), 0.0029681 secs] 540574K->524190K(896640K), 0.0030215 secs] [Times: user=0.01 sys=0.00, real=0.01 secs] 
2020-10-28T09:48:44.176+0000: [GC (Allocation Failure) 2020-10-28T09:48:44.176+0000: [ParNew: 16388K->4K(18432K), 0.0029445 secs] 540574K->524190K(896640K), 0.0029984 secs] [Times: user=0.01 sys=0.00, real=0.00 secs] 
2020-10-28T09:48:44.196+0000: [GC (Allocation Failure) 2020-10-28T09:48:44.196+0000: [ParNew: 16388K->4K(18432K), 0.0029799 secs] 540574K->524190K(896640K), 0.0030333 secs] [Times: user=0.00 sys=0.00, real=0.00 secs] 
2020-10-28T09:48:44.216+0000: [GC (Allocation Failure) 2020-10-28T09:48:44.216+0000: [ParNew: 16388K->4K(18432K), 0.0029509 secs] 540574K->524190K(896640K), 0.0030050 secs] [Times: user=0.01 sys=0.00, real=0.00 secs] 
2020-10-28T09:48:44.236+0000: [GC (Allocation Failure) 2020-10-28T09:48:44.236+0000: [ParNew: 16388K->4K(18432K), 0.0029543 secs] 540574K->524190K(896640K), 0.0030086 secs] [Times: user=0.00 sys=0.00, real=0.00 secs] 
2020-10-28T09:48:44.256+0000: [GC (Allocation Failure) 2020-10-28T09:48:44.256+0000: [ParNew: 16388K->4K(18432K), 0.0029616 secs] 540574K->524190K(896640K), 0.0030168 secs] [Times: user=0.00 sys=0.00, real=0.00 secs] 
2020-10-28T09:48:44.274+0000: [GC (Allocation Failure) 2020-10-28T09:48:44.274+0000: [ParNew: 16388K->4K(18432K), 0.0029208 secs] 540574K->524190K(896640K), 0.0029741 secs] [Times: user=0.01 sys=0.00, real=0.01 secs] 
2020-10-28T09:48:44.293+0000: [GC (Allocation Failure) 2020-10-28T09:48:44.293+0000: [ParNew: 16388K->4K(18432K), 0.0029559 secs] 540574K->524190K(896640K), 0.0030079 secs] [Times: user=0.00 sys=0.00, real=0.01 secs] 
2020-10-28T09:48:44.316+0000: [GC (Allocation Failure) 2020-10-28T09:48:44.316+0000: [ParNew: 16388K->4K(18432K), 0.0030051 secs] 540574K->524190K(896640K), 0.0030603 secs] [Times: user=0.01 sys=0.00, real=0.00 secs] 
2020-10-28T09:48:44.334+0000: [GC (Allocation Failure) 2020-10-28T09:48:44.334+0000: [ParNew: 16388K->4K(18432K), 0.0029908 secs] 540574K->524190K(896640K), 0.0030466 secs] [Times: user=0.00 sys=0.00, real=0.01 secs] 
2020-10-28T09:48:44.353+0000: [GC (Allocation Failure) 2020-10-28T09:48:44.353+0000: [ParNew: 16388K->4K(18432K), 0.0030182 secs] 540574K->524190K(896640K), 0.0030742 secs] [Times: user=0.01 sys=0.00, real=0.01 secs] 
2020-10-28T09:48:44.372+0000: [GC (Allocation Failure) 2020-10-28T09:48:44.372+0000: [ParNew: 16388K->4K(18432K), 0.0044429 secs] 540574K->524190K(896640K), 0.0044985 secs] [Times: user=0.01 sys=0.00, real=0.01 secs] 
2020-10-28T09:48:44.396+0000: [GC (Allocation Failure) 2020-10-28T09:48:44.396+0000: [ParNew: 16388K->4K(18432K), 0.0029691 secs] 540574K->524190K(896640K), 0.0030238 secs] [Times: user=0.01 sys=0.00, real=0.00 secs] 
2020-10-28T09:48:44.416+0000: [GC (Allocation Failure) 2020-10-28T09:48:44.416+0000: [ParNew: 16388K->4K(18432K), 0.0029842 secs] 540574K->524190K(896640K), 0.0030389 secs] [Times: user=0.00 sys=0.00, real=0.00 secs] 
2020-10-28T09:48:44.434+0000: [GC (Allocation Failure) 2020-10-28T09:48:44.435+0000: [ParNew: 16388K->4K(18432K), 0.0030266 secs] 540574K->524191K(896640K), 0.0030837 secs] [Times: user=0.00 sys=0.00, real=0.01 secs] 
2020-10-28T09:48:44.455+0000: [GC (Allocation Failure) 2020-10-28T09:48:44.455+0000: [ParNew: 16388K->4K(18432K), 0.0030039 secs] 540575K->524191K(896640K), 0.0030603 secs] [Times: user=0.01 sys=0.00, real=0.01 secs] 
2020-10-28T09:48:44.474+0000: [GC (Allocation Failure) 2020-10-28T09:48:44.474+0000: [ParNew: 16388K->4K(18432K), 0.0030064 secs] 540575K->524191K(896640K), 0.0030618 secs] [Times: user=0.01 sys=0.00, real=0.01 secs] 
2020-10-28T09:48:44.493+0000: [GC (Allocation Failure) 2020-10-28T09:48:44.493+0000: [ParNew: 16388K->4K(18432K), 0.0030044 secs] 540575K->524191K(896640K), 0.0030532 secs] [Times: user=0.00 sys=0.00, real=0.01 secs] 
2020-10-28T09:48:44.511+0000: [GC (Allocation Failure) 2020-10-28T09:48:44.511+0000: [ParNew: 16388K->4K(18432K), 0.0029299 secs] 540575K->524191K(896640K), 0.0029960 secs] [Times: user=0.01 sys=0.00, real=0.00 secs] 
2020-10-28T09:48:44.532+0000: [GC (Allocation Failure) 2020-10-28T09:48:44.532+0000: [ParNew: 16388K->4K(18432K), 0.0029676 secs] 540575K->524191K(896640K), 0.0030218 secs] [Times: user=0.01 sys=0.00, real=0.00 secs] 
2020-10-28T09:48:44.550+0000: [GC (Allocation Failure) 2020-10-28T09:48:44.550+0000: [ParNew: 16388K->4K(18432K), 0.0030038 secs] 540575K->524191K(896640K), 0.0030599 secs] [Times: user=0.01 sys=0.00, real=0.00 secs] 
2020-10-28T09:48:44.569+0000: [GC (Allocation Failure) 2020-10-28T09:48:44.569+0000: [ParNew: 16385K->4K(18432K), 0.0030806 secs] 540572K->524191K(896640K), 0.0031359 secs] [Times: user=0.00 sys=0.00, real=0.00 secs] 
2020-10-28T09:48:44.592+0000: [GC (Allocation Failure) 2020-10-28T09:48:44.592+0000: [ParNew: 16388K->4K(18432K), 0.0030497 secs] 540575K->524191K(896640K), 0.0031078 secs] [Times: user=0.01 sys=0.00, real=0.00 secs] 
2020-10-28T09:48:44.611+0000: [GC (Allocation Failure) 2020-10-28T09:48:44.611+0000: [ParNew: 16388K->4K(18432K), 0.0031076 secs] 540575K->524191K(896640K), 0.0031663 secs] [Times: user=0.01 sys=0.00, real=0.00 secs] 
2020-10-28T09:48:44.629+0000: [GC (Allocation Failure) 2020-10-28T09:48:44.629+0000: [ParNew: 16388K->4K(18432K), 0.0030721 secs] 540575K->524191K(896640K), 0.0031298 secs] [Times: user=0.00 sys=0.00, real=0.00 secs] 
2020-10-28T09:48:44.652+0000: [GC (Allocation Failure) 2020-10-28T09:48:44.652+0000: [ParNew: 16388K->4K(18432K), 0.0030294 secs] 540575K->524191K(896640K), 0.0030861 secs] [Times: user=0.01 sys=0.00, real=0.00 secs] 
2020-10-28T09:48:44.670+0000: [GC (Allocation Failure) 2020-10-28T09:48:44.671+0000: [ParNew: 16388K->4K(18432K), 0.0031792 secs] 540575K->524191K(896640K), 0.0032412 secs] [Times: user=0.00 sys=0.00, real=0.00 secs] 
2020-10-28T09:48:44.689+0000: [GC (Allocation Failure) 2020-10-28T09:48:44.689+0000: [ParNew: 16388K->4K(18432K), 0.0031381 secs] 540575K->524191K(896640K), 0.0031963 secs] [Times: user=0.00 sys=0.00, real=0.00 secs] 
2020-10-28T09:48:44.708+0000: [GC (Allocation Failure) 2020-10-28T09:48:44.708+0000: [ParNew: 16388K->4K(18432K), 0.0030263 secs] 540575K->524191K(896640K), 0.0030819 secs] [Times: user=0.00 sys=0.00, real=0.00 secs] 
2020-10-28T09:48:44.727+0000: [GC (Allocation Failure) 2020-10-28T09:48:44.727+0000: [ParNew: 16388K->4K(18432K), 0.0032781 secs] 540575K->524191K(896640K), 0.0033349 secs] [Times: user=0.01 sys=0.00, real=0.01 secs] 
2020-10-28T09:48:44.748+0000: [GC (Allocation Failure) 2020-10-28T09:48:44.748+0000: [ParNew: 16388K->4K(18432K), 0.0030299 secs] 540575K->524191K(896640K), 0.0030931 secs] [Times: user=0.01 sys=0.00, real=0.00 secs] 
2020-10-28T09:48:44.768+0000: [GC (Allocation Failure) 2020-10-28T09:48:44.768+0000: [ParNew: 16388K->4K(18432K), 0.0030681 secs] 540575K->524191K(896640K), 0.0031248 secs] [Times: user=0.01 sys=0.00, real=0.00 secs] 
2020-10-28T09:48:44.786+0000: [GC (Allocation Failure) 2020-10-28T09:48:44.786+0000: [ParNew: 16388K->4K(18432K), 0.0029820 secs] 540575K->524191K(896640K), 0.0030397 secs] [Times: user=0.01 sys=0.00, real=0.01 secs] 
2020-10-28T09:48:44.808+0000: [GC (Allocation Failure) 2020-10-28T09:48:44.808+0000: [ParNew: 16388K->4K(18432K), 0.0030263 secs] 540575K->524191K(896640K), 0.0030859 secs] [Times: user=0.01 sys=0.00, real=0.00 secs] 
2020-10-28T09:48:44.826+0000: [GC (Allocation Failure) 2020-10-28T09:48:44.827+0000: [ParNew: 16388K->4K(18432K), 0.0030470 secs] 540575K->524191K(896640K), 0.0031058 secs] [Times: user=0.01 sys=0.00, real=0.01 secs] 
2020-10-28T09:48:44.848+0000: [GC (Allocation Failure) 2020-10-28T09:48:44.848+0000: [ParNew: 16388K->4K(18432K), 0.0029834 secs] 540575K->524191K(896640K), 0.0030380 secs] [Times: user=0.01 sys=0.00, real=0.00 secs] 
2020-10-28T09:48:44.868+0000: [GC (Allocation Failure) 2020-10-28T09:48:44.868+0000: [ParNew: 16388K->4K(18432K), 0.0028899 secs] 540575K->524191K(896640K), 0.0029396 secs] [Times: user=0.00 sys=0.00, real=0.00 secs] 
2020-10-28T09:48:44.888+0000: [GC (Allocation Failure) 2020-10-28T09:48:44.888+0000: [ParNew: 16388K->4K(18432K), 0.0028115 secs] 540575K->524191K(896640K), 0.0028599 secs] [Times: user=0.00 sys=0.00, real=0.00 secs] 
2020-10-28T09:48:44.906+0000: [GC (Allocation Failure) 2020-10-28T09:48:44.906+0000: [ParNew: 16388K->4K(18432K), 0.0028436 secs] 540575K->524191K(896640K), 0.0028921 secs] [Times: user=0.01 sys=0.00, real=0.01 secs] 
2020-10-28T09:48:44.925+0000: [GC (Allocation Failure) 2020-10-28T09:48:44.925+0000: [ParNew: 16388K->4K(18432K), 0.0028205 secs] 540575K->524191K(896640K), 0.0028695 secs] [Times: user=0.01 sys=0.00, real=0.01 secs] 
2020-10-28T09:48:44.943+0000: [GC (Allocation Failure) 2020-10-28T09:48:44.943+0000: [ParNew: 16388K->4K(18432K), 0.0028989 secs] 540575K->524191K(896640K), 0.0029640 secs] [Times: user=0.01 sys=0.00, real=0.00 secs] 
2020-10-28T09:48:44.962+0000: [GC (Allocation Failure) 2020-10-28T09:48:44.962+0000: [ParNew: 16388K->4K(18432K), 0.0028597 secs] 540575K->524191K(896640K), 0.0029083 secs] [Times: user=0.01 sys=0.00, real=0.00 secs] 
2020-10-28T09:48:44.980+0000: [GC (Allocation Failure) 2020-10-28T09:48:44.980+0000: [ParNew: 16388K->4K(18432K), 0.0029024 secs] 540575K->524191K(896640K), 0.0029536 secs] [Times: user=0.00 sys=0.00, real=0.00 secs] 
2020-10-28T09:48:44.999+0000: [GC (Allocation Failure) 2020-10-28T09:48:44.999+0000: [ParNew: 16388K->4K(18432K), 0.0029543 secs] 540575K->524191K(896640K), 0.0030065 secs] [Times: user=0.01 sys=0.00, real=0.00 secs] 
2020-10-28T09:48:45.020+0000: [GC (Allocation Failure) 2020-10-28T09:48:45.020+0000: [ParNew: 16388K->4K(18432K), 0.0029416 secs] 540575K->524191K(896640K), 0.0029937 secs] [Times: user=0.01 sys=0.00, real=0.00 secs] 
2020-10-28T09:48:45.038+0000: [GC (Allocation Failure) 2020-10-28T09:48:45.038+0000: [ParNew: 16388K->4K(18432K), 0.0029100 secs] 540575K->524191K(896640K), 0.0029687 secs] [Times: user=0.00 sys=0.00, real=0.00 secs] 
2020-10-28T09:48:45.068+0000: [GC (Allocation Failure) 2020-10-28T09:48:45.068+0000: [ParNew: 16388K->4K(18432K), 0.0050821 secs] 540575K->524191K(896640K), 0.0051383 secs] [Times: user=0.01 sys=0.00, real=0.00 secs] 
2020-10-28T09:48:45.092+0000: [GC (Allocation Failure) 2020-10-28T09:48:45.092+0000: [ParNew: 16388K->4K(18432K), 0.0030708 secs] 540575K->524191K(896640K), 0.0031262 secs] [Times: user=0.00 sys=0.00, real=0.00 secs] 
2020-10-28T09:48:45.112+0000: [GC (Allocation Failure) 2020-10-28T09:48:45.112+0000: [ParNew: 16388K->4K(18432K), 0.0028643 secs] 540575K->524191K(896640K), 0.0029151 secs] [Times: user=0.00 sys=0.00, real=0.00 secs] 
2020-10-28T09:48:45.132+0000: [GC (Allocation Failure) 2020-10-28T09:48:45.132+0000: [ParNew: 16388K->6K(18432K), 0.0029764 secs] 540575K->524193K(896640K), 0.0030278 secs] [Times: user=0.01 sys=0.00, real=0.00 secs] 
2020-10-28T09:48:45.150+0000: [GC (Allocation Failure) 2020-10-28T09:48:45.151+0000: [ParNew: 16390K->4K(18432K), 0.0028515 secs] 540577K->524191K(896640K), 0.0029111 secs] [Times: user=0.01 sys=0.00, real=0.00 secs] 
2020-10-28T09:48:45.169+0000: [GC (Allocation Failure) 2020-10-28T09:48:45.169+0000: [ParNew: 16388K->4K(18432K), 0.0029385 secs] 540575K->524191K(896640K), 0.0029919 secs] [Times: user=0.00 sys=0.00, real=0.00 secs] 
2020-10-28T09:48:45.192+0000: [GC (Allocation Failure) 2020-10-28T09:48:45.192+0000: [ParNew: 16388K->4K(18432K), 0.0029290 secs] 540575K->524191K(896640K), 0.0029821 secs] [Times: user=0.00 sys=0.00, real=0.00 secs] 
2020-10-28T09:48:45.212+0000: [GC (Allocation Failure) 2020-10-28T09:48:45.212+0000: [ParNew: 16376K->4K(18432K), 0.0029512 secs] 540564K->524191K(896640K), 0.0030040 secs] [Times: user=0.01 sys=0.00, real=0.00 secs] 
2020-10-28T09:48:45.232+0000: [GC (Allocation Failure) 2020-10-28T09:48:45.232+0000: [ParNew: 16388K->4K(18432K), 0.0028727 secs] 540575K->524191K(896640K), 0.0029239 secs] [Times: user=0.00 sys=0.00, real=0.00 secs] 
2020-10-28T09:48:45.252+0000: [GC (Allocation Failure) 2020-10-28T09:48:45.252+0000: [ParNew: 16388K->4K(18432K), 0.0028598 secs] 540575K->524191K(896640K), 0.0029090 secs] [Times: user=0.00 sys=0.00, real=0.00 secs] 
2020-10-28T09:48:45.272+0000: [GC (Allocation Failure) 2020-10-28T09:48:45.272+0000: [ParNew: 16388K->4K(18432K), 0.0030347 secs] 540575K->524191K(896640K), 0.0030892 secs] [Times: user=0.01 sys=0.00, real=0.00 secs] 
2020-10-28T09:48:45.292+0000: [GC (Allocation Failure) 2020-10-28T09:48:45.292+0000: [ParNew: 16388K->4K(18432K), 0.0029373 secs] 540575K->524191K(896640K), 0.0029897 secs] [Times: user=0.01 sys=0.00, real=0.00 secs] 
2020-10-28T09:48:45.312+0000: [GC (Allocation Failure) 2020-10-28T09:48:45.312+0000: [ParNew: 16388K->4K(18432K), 0.0029610 secs] 540575K->524191K(896640K), 0.0030140 secs] [Times: user=0.00 sys=0.00, real=0.00 secs] 
2020-10-28T09:48:45.330+0000: [GC (Allocation Failure) 2020-10-28T09:48:45.330+0000: [ParNew: 16388K->4K(18432K), 0.0029919 secs] 540575K->524191K(896640K), 0.0030457 secs] [Times: user=0.01 sys=0.00, real=0.00 secs] 
2020-10-28T09:48:45.349+0000: [GC (Allocation Failure) 2020-10-28T09:48:45.349+0000: [ParNew: 16388K->4K(18432K), 0.0029519 secs] 540575K->524191K(896640K), 0.0030052 secs] [Times: user=0.01 sys=0.00, real=0.00 secs] 
2020-10-28T09:48:45.371+0000: [GC (Allocation Failure) 2020-10-28T09:48:45.371+0000: [ParNew: 16388K->4K(18432K), 0.0029531 secs] 540575K->524191K(896640K), 0.0030215 secs] [Times: user=0.00 sys=0.00, real=0.00 secs] 
2020-10-28T09:48:45.390+0000: [GC (Allocation Failure) 2020-10-28T09:48:45.390+0000: [ParNew: 16388K->4K(18432K), 0.0029701 secs] 540575K->524191K(896640K), 0.0030233 secs] [Times: user=0.00 sys=0.00, real=0.00 secs] 
2020-10-28T09:48:45.409+0000: [GC (Allocation Failure) 2020-10-28T09:48:45.409+0000: [ParNew: 16388K->4K(18432K), 0.0030265 secs] 540575K->524191K(896640K), 0.0030813 secs] [Times: user=0.01 sys=0.00, real=0.00 secs] 
2020-10-28T09:48:45.432+0000: [GC (Allocation Failure) 2020-10-28T09:48:45.432+0000: [ParNew: 16388K->4K(18432K), 0.0029826 secs] 540575K->524191K(896640K), 0.0030366 secs] [Times: user=0.01 sys=0.00, real=0.00 secs] 
2020-10-28T09:48:45.452+0000: [GC (Allocation Failure) 2020-10-28T09:48:45.452+0000: [ParNew: 16388K->4K(18432K), 0.0029860 secs] 540575K->524191K(896640K), 0.0030401 secs] [Times: user=0.01 sys=0.00, real=0.00 secs] 
2020-10-28T09:48:45.470+0000: [GC (Allocation Failure) 2020-10-28T09:48:45.470+0000: [ParNew: 16388K->4K(18432K), 0.0030121 secs] 540575K->524191K(896640K), 0.0030683 secs] [Times: user=0.00 sys=0.00, real=0.00 secs] 
2020-10-28T09:48:45.489+0000: [GC (Allocation Failure) 2020-10-28T09:48:45.489+0000: [ParNew: 16388K->4K(18432K), 0.0029610 secs] 540575K->524191K(896640K), 0.0030142 secs] [Times: user=0.00 sys=0.00, real=0.00 secs] 
2020-10-28T09:48:45.508+0000: [GC (Allocation Failure) 2020-10-28T09:48:45.508+0000: [ParNew: 16388K->4K(18432K), 0.0029961 secs] 540575K->524191K(896640K), 0.0030489 secs] [Times: user=0.01 sys=0.00, real=0.00 secs] 
2020-10-28T09:48:45.528+0000: [GC (Allocation Failure) 2020-10-28T09:48:45.528+0000: [ParNew: 16388K->4K(18432K), 0.0029890 secs] 540575K->524191K(896640K), 0.0030413 secs] [Times: user=0.01 sys=0.00, real=0.00 secs] 
2020-10-28T09:48:45.547+0000: [GC (Allocation Failure) 2020-10-28T09:48:45.547+0000: [ParNew: 16388K->4K(18432K), 0.0029991 secs] 540575K->524191K(896640K), 0.0030543 secs] [Times: user=0.01 sys=0.00, real=0.01 secs] 
2020-10-28T09:48:45.568+0000: [GC (Allocation Failure) 2020-10-28T09:48:45.568+0000: [ParNew: 16388K->4K(18432K), 0.0029727 secs] 540575K->524191K(896640K), 0.0030270 secs] [Times: user=0.00 sys=0.00, real=0.00 secs] 
2020-10-28T09:48:45.586+0000: [GC (Allocation Failure) 2020-10-28T09:48:45.586+0000: [ParNew: 16388K->4K(18432K), 0.0029159 secs] 540575K->524191K(896640K), 0.0029681 secs] [Times: user=0.00 sys=0.00, real=0.01 secs] 
2020-10-28T09:48:45.605+0000: [GC (Allocation Failure) 2020-10-28T09:48:45.605+0000: [ParNew: 16388K->4K(18432K), 0.0030101 secs] 540575K->524191K(896640K), 0.0030931 secs] [Times: user=0.00 sys=0.00, real=0.01 secs] 
2020-10-28T09:48:45.624+0000: [GC (Allocation Failure) 2020-10-28T09:48:45.624+0000: [ParNew: 16388K->4K(18432K), 0.0029995 secs] 540575K->524191K(896640K), 0.0030515 secs] [Times: user=0.01 sys=0.00, real=0.00 secs] 
2020-10-28T09:48:45.642+0000: [GC (Allocation Failure) 2020-10-28T09:48:45.642+0000: [ParNew: 16388K->4K(18432K), 0.0030754 secs] 540575K->524191K(896640K), 0.0031296 secs] [Times: user=0.01 sys=0.00, real=0.00 secs] 
2020-10-28T09:48:45.661+0000: [GC (Allocation Failure) 2020-10-28T09:48:45.661+0000: [ParNew: 16388K->4K(18432K), 0.0029747 secs] 540575K->524191K(896640K), 0.0030283 secs] [Times: user=0.00 sys=0.00, real=0.00 secs] 
2020-10-28T09:48:45.684+0000: [GC (Allocation Failure) 2020-10-28T09:48:45.684+0000: [ParNew: 16388K->4K(18432K), 0.0029960 secs] 540575K->524191K(896640K), 0.0030511 secs] [Times: user=0.00 sys=0.00, real=0.00 secs] 
2020-10-28T09:48:45.704+0000: [GC (Allocation Failure) 2020-10-28T09:48:45.704+0000: [ParNew: 16388K->4K(18432K), 0.0030514 secs] 540575K->524191K(896640K), 0.0031095 secs] [Times: user=0.01 sys=0.00, real=0.00 secs] 
2020-10-28T09:48:45.724+0000: [GC (Allocation Failure) 2020-10-28T09:48:45.724+0000: [ParNew: 16388K->4K(18432K), 0.0030243 secs] 540575K->524191K(896640K), 0.0030805 secs] [Times: user=0.00 sys=0.00, real=0.00 secs] 
2020-10-28T09:48:45.742+0000: [GC (Allocation Failure) 2020-10-28T09:48:45.742+0000: [ParNew: 16388K->4K(18432K), 0.0030616 secs] 540575K->524191K(896640K), 0.0031175 secs] [Times: user=0.01 sys=0.00, real=0.00 secs] 
2020-10-28T09:48:45.764+0000: [GC (Allocation Failure) 2020-10-28T09:48:45.764+0000: [ParNew: 16388K->4K(18432K), 0.0029168 secs] 540575K->524191K(896640K), 0.0029698 secs] [Times: user=0.00 sys=0.00, real=0.00 secs] 
2020-10-28T09:48:45.782+0000: [GC (Allocation Failure) 2020-10-28T09:48:45.782+0000: [ParNew: 16388K->4K(18432K), 0.0028500 secs] 540575K->524191K(896640K), 0.0028996 secs] [Times: user=0.01 sys=0.00, real=0.00 secs] 
2020-10-28T09:48:45.801+0000: [GC (Allocation Failure) 2020-10-28T09:48:45.801+0000: [ParNew: 16388K->4K(18432K), 0.0028683 secs] 540575K->524191K(896640K), 0.0029186 secs] [Times: user=0.00 sys=0.00, real=0.00 secs] 
2020-10-28T09:48:45.819+0000: [GC (Allocation Failure) 2020-10-28T09:48:45.819+0000: [ParNew: 16388K->4K(18432K), 0.0028218 secs] 540575K->524191K(896640K), 0.0028684 secs] [Times: user=0.01 sys=0.00, real=0.00 secs] 
2020-10-28T09:48:45.838+0000: [GC (Allocation Failure) 2020-10-28T09:48:45.838+0000: [ParNew: 16388K->4K(18432K), 0.0028378 secs] 540575K->524191K(896640K), 0.0028857 secs] [Times: user=0.01 sys=0.00, real=0.00 secs] 
2020-10-28T09:48:45.860+0000: [GC (Allocation Failure) 2020-10-28T09:48:45.860+0000: [ParNew: 16388K->4K(18432K), 0.0046924 secs] 540575K->524191K(896640K), 0.0047438 secs] [Times: user=0.01 sys=0.00, real=0.00 secs] 
2020-10-28T09:48:45.880+0000: [GC (Allocation Failure) 2020-10-28T09:48:45.880+0000: [ParNew: 16388K->4K(18432K), 0.0028787 secs] 540575K->524191K(896640K), 0.0029291 secs] [Times: user=0.00 sys=0.00, real=0.00 secs] 
2020-10-28T09:48:45.900+0000: [GC (Allocation Failure) 2020-10-28T09:48:45.900+0000: [ParNew: 16388K->4K(18432K), 0.0028343 secs] 540575K->524191K(896640K), 0.0028943 secs] [Times: user=0.00 sys=0.00, real=0.00 secs] 
2020-10-28T09:48:45.920+0000: [GC (Allocation Failure) 2020-10-28T09:48:45.920+0000: [ParNew: 16388K->4K(18432K), 0.0029928 secs] 540575K->524191K(896640K), 0.0030480 secs] [Times: user=0.00 sys=0.00, real=0.00 secs] 
2020-10-28T09:48:45.940+0000: [GC (Allocation Failure) 2020-10-28T09:48:45.940+0000: [ParNew: 16388K->4K(18432K), 0.0029872 secs] 540575K->524191K(896640K), 0.0030435 secs] [Times: user=0.01 sys=0.00, real=0.00 secs] 
2020-10-28T09:48:45.958+0000: [GC (Allocation Failure) 2020-10-28T09:48:45.959+0000: [ParNew: 16388K->4K(18432K), 0.0029685 secs] 540575K->524191K(896640K), 0.0030229 secs] [Times: user=0.01 sys=0.00, real=0.00 secs] 
2020-10-28T09:48:45.980+0000: [GC (Allocation Failure) 2020-10-28T09:48:45.980+0000: [ParNew: 16388K->4K(18432K), 0.0030164 secs] 540575K->524191K(896640K), 0.0030713 secs] [Times: user=0.00 sys=0.00, real=0.00 secs] 
2020-10-28T09:48:46.000+0000: [GC (Allocation Failure) 2020-10-28T09:48:46.000+0000: [ParNew: 16388K->4K(18432K), 0.0030084 secs] 540575K->524191K(896640K), 0.0030646 secs] [Times: user=0.00 sys=0.00, real=0.00 secs] 
2020-10-28T09:48:46.018+0000: [GC (Allocation Failure) 2020-10-28T09:48:46.018+0000: [ParNew: 16388K->4K(18432K), 0.0029545 secs] 540575K->524191K(896640K), 0.0030085 secs] [Times: user=0.01 sys=0.00, real=0.00 secs] 
2020-10-28T09:48:46.037+0000: [GC (Allocation Failure) 2020-10-28T09:48:46.037+0000: [ParNew: 16388K->4K(18432K), 0.0030072 secs] 540575K->524191K(896640K), 0.0030615 secs] [Times: user=0.01 sys=0.00, real=0.00 secs] 
2020-10-28T09:48:46.060+0000: [GC (Allocation Failure) 2020-10-28T09:48:46.060+0000: [ParNew: 16388K->4K(18432K), 0.0029625 secs] 540575K->524191K(896640K), 0.0030164 secs] [Times: user=0.00 sys=0.01, real=0.00 secs] 
2020-10-28T09:48:46.078+0000: [GC (Allocation Failure) 2020-10-28T09:48:46.078+0000: [ParNew: 16388K->4K(18432K), 0.0029988 secs] 540575K->524191K(896640K), 0.0030528 secs] [Times: user=0.00 sys=0.00, real=0.00 secs] 
2020-10-28T09:48:46.097+0000: [GC (Allocation Failure) 2020-10-28T09:48:46.097+0000: [ParNew: 16388K->4K(18432K), 0.0030167 secs] 540575K->524191K(896640K), 0.0030727 secs] [Times: user=0.01 sys=0.00, real=0.00 secs] 
2020-10-28T09:48:46.116+0000: [GC (Allocation Failure) 2020-10-28T09:48:46.116+0000: [ParNew: 16388K->4K(18432K), 0.0029697 secs] 540575K->524191K(896640K), 0.0030236 secs] [Times: user=0.00 sys=0.00, real=0.00 secs] 
2020-10-28T09:48:46.136+0000: [GC (Allocation Failure) 2020-10-28T09:48:46.136+0000: [ParNew: 16388K->4K(18432K), 0.0032602 secs] 540575K->524191K(896640K), 0.0033144 secs] [Times: user=0.01 sys=0.00, real=0.00 secs] 
2020-10-28T09:48:46.155+0000: [GC (Allocation Failure) 2020-10-28T09:48:46.155+0000: [ParNew: 16388K->4K(18432K), 0.0029715 secs] 540575K->524191K(896640K), 0.0030252 secs] [Times: user=0.00 sys=0.00, real=0.01 secs] 
2020-10-28T09:48:46.173+0000: [GC (Allocation Failure) 2020-10-28T09:48:46.173+0000: [ParNew: 16388K->4K(18432K), 0.0029927 secs] 540575K->524191K(896640K), 0.0030472 secs] [Times: user=0.01 sys=0.00, real=0.01 secs] 
2020-10-28T09:48:46.192+0000: [GC (Allocation Failure) 2020-10-28T09:48:46.192+0000: [ParNew: 16388K->4K(18432K), 0.0029108 secs] 540575K->524191K(896640K), 0.0029613 secs] [Times: user=0.00 sys=0.00, real=0.00 secs] 
2020-10-28T09:48:46.212+0000: [GC (Allocation Failure) 2020-10-28T09:48:46.212+0000: [ParNew: 16388K->4K(18432K), 0.0029974 secs] 540575K->524191K(896640K), 0.0030531 secs] [Times: user=0.01 sys=0.00, real=0.00 secs] 
2020-10-28T09:48:46.230+0000: [GC (Allocation Failure) 2020-10-28T09:48:46.230+0000: [ParNew: 16388K->4K(18432K), 0.0030116 secs] 540575K->524191K(896640K), 0.0030659 secs] [Times: user=0.00 sys=0.00, real=0.00 secs] 
2020-10-28T09:48:46.252+0000: [GC (Allocation Failure) 2020-10-28T09:48:46.252+0000: [ParNew: 16388K->4K(18432K), 0.0029580 secs] 540575K->524191K(896640K), 0.0030123 secs] [Times: user=0.01 sys=0.00, real=0.00 secs] 
2020-10-28T09:48:46.270+0000: [GC (Allocation Failure) 2020-10-28T09:48:46.270+0000: [ParNew: 16388K->4K(18432K), 0.0029967 secs] 540575K->524191K(896640K), 0.0030528 secs] [Times: user=0.01 sys=0.00, real=0.00 secs] 
2020-10-28T09:48:46.289+0000: [GC (Allocation Failure) 2020-10-28T09:48:46.289+0000: [ParNew: 16388K->4K(18432K), 0.0030356 secs] 540575K->524191K(896640K), 0.0030880 secs] [Times: user=0.00 sys=0.00, real=0.00 secs] 
2020-10-28T09:48:46.308+0000: [GC (Allocation Failure) 2020-10-28T09:48:46.308+0000: [ParNew: 16388K->4K(18432K), 0.0030369 secs] 540575K->524191K(896640K), 0.0030934 secs] [Times: user=0.01 sys=0.00, real=0.00 secs] 
2020-10-28T09:48:46.327+0000: [GC (Allocation Failure) 2020-10-28T09:48:46.327+0000: [ParNew: 16388K->4K(18432K), 0.0030295 secs] 540575K->524191K(896640K), 0.0030862 secs] [Times: user=0.01 sys=0.00, real=0.01 secs] 
2020-10-28T09:48:46.345+0000: [GC (Allocation Failure) 2020-10-28T09:48:46.345+0000: [ParNew: 16388K->4K(18432K), 0.0030829 secs] 540575K->524191K(896640K), 0.0031468 secs] [Times: user=0.00 sys=0.00, real=0.01 secs] 
2020-10-28T09:48:46.364+0000: [GC (Allocation Failure) 2020-10-28T09:48:46.364+0000: [ParNew: 16388K->4K(18432K), 0.0030206 secs] 540575K->524191K(896640K), 0.0030761 secs] [Times: user=0.00 sys=0.00, real=0.00 secs] 
2020-10-28T09:48:46.383+0000: [GC (Allocation Failure) 2020-10-28T09:48:46.383+0000: [ParNew: 16388K->4K(18432K), 0.0029281 secs] 540575K->524191K(896640K), 0.0029942 secs] [Times: user=0.00 sys=0.00, real=0.00 secs] 
2020-10-28T09:48:46.402+0000: [GC (Allocation Failure) 2020-10-28T09:48:46.402+0000: [ParNew: 16388K->4K(18432K), 0.0030025 secs] 540575K->524191K(896640K), 0.0030557 secs] [Times: user=0.00 sys=0.00, real=0.00 secs] 
2020-10-28T09:48:46.420+0000: [GC (Allocation Failure) 2020-10-28T09:48:46.420+0000: [ParNew: 16388K->4K(18432K), 0.0029538 secs] 540575K->524191K(896640K), 0.0030073 secs] [Times: user=0.01 sys=0.00, real=0.00 secs] 
2020-10-28T09:48:46.439+0000: [GC (Allocation Failure) 2020-10-28T09:48:46.439+0000: [ParNew: 16388K->4K(18432K), 0.0029828 secs] 540575K->524191K(896640K), 0.0030375 secs] [Times: user=0.01 sys=0.00, real=0.00 secs] 
2020-10-28T09:48:46.458+0000: [GC (Allocation Failure) 2020-10-28T09:48:46.458+0000: [ParNew: 16388K->4K(18432K), 0.0029807 secs] 540575K->524191K(896640K), 0.0030343 secs] [Times: user=0.01 sys=0.00, real=0.00 secs] 
2020-10-28T09:48:46.481+0000: [GC (Allocation Failure) 2020-10-28T09:48:46.481+0000: [ParNew: 16388K->4K(18432K), 0.0030393 secs] 540575K->524191K(896640K), 0.0030960 secs] [Times: user=0.00 sys=0.00, real=0.00 secs] 
2020-10-28T09:48:46.504+0000: [GC (Allocation Failure) 2020-10-28T09:48:46.504+0000: [ParNew: 16388K->4K(18432K), 0.0029793 secs] 540575K->524191K(896640K), 0.0030289 secs] [Times: user=0.01 sys=0.00, real=0.00 secs] 
2020-10-28T09:48:46.522+0000: [GC (Allocation Failure) 2020-10-28T09:48:46.522+0000: [ParNew: 16388K->4K(18432K), 0.0029750 secs] 540575K->524191K(896640K), 0.0030354 secs] [Times: user=0.00 sys=0.00, real=0.00 secs] 
2020-10-28T09:48:46.544+0000: [GC (Allocation Failure) 2020-10-28T09:48:46.544+0000: [ParNew: 16388K->4K(18432K), 0.0029517 secs] 540575K->524191K(896640K), 0.0030038 secs] [Times: user=0.00 sys=0.00, real=0.00 secs] 
2020-10-28T09:48:46.564+0000: [GC (Allocation Failure) 2020-10-28T09:48:46.564+0000: [ParNew: 16388K->4K(18432K), 0.0029726 secs] 540575K->524191K(896640K), 0.0030268 secs] [Times: user=0.01 sys=0.00, real=0.00 secs] 
2020-10-28T09:48:46.583+0000: [GC (Allocation Failure) 2020-10-28T09:48:46.583+0000: [ParNew: 16388K->4K(18432K), 0.0029714 secs] 540575K->524191K(896640K), 0.0030253 secs] [Times: user=0.01 sys=0.00, real=0.00 secs] 
2020-10-28T09:48:46.602+0000: [GC (Allocation Failure) 2020-10-28T09:48:46.602+0000: [ParNew: 16388K->4K(18432K), 0.0029577 secs] 540575K->524191K(896640K), 0.0030127 secs] [Times: user=0.00 sys=0.00, real=0.00 secs] 
2020-10-28T09:48:46.621+0000: [GC (Allocation Failure) 2020-10-28T09:48:46.621+0000: [ParNew: 16388K->4K(18432K), 0.0029588 secs] 540575K->524191K(896640K), 0.0030123 secs] [Times: user=0.01 sys=0.00, real=0.00 secs] 
2020-10-28T09:48:46.642+0000: [GC (Allocation Failure) 2020-10-28T09:48:46.642+0000: [ParNew: 16388K->4K(18432K), 0.0029821 secs] 540575K->524191K(896640K), 0.0030373 secs] [Times: user=0.01 sys=0.00, real=0.00 secs] 
2020-10-28T09:48:46.664+0000: [GC (Allocation Failure) 2020-10-28T09:48:46.664+0000: [ParNew: 16388K->4K(18432K), 0.0029762 secs] 540575K->524191K(896640K), 0.0030309 secs] [Times: user=0.01 sys=0.00, real=0.00 secs] 
2020-10-28T09:48:46.683+0000: [GC (Allocation Failure) 2020-10-28T09:48:46.683+0000: [ParNew: 16388K->4K(18432K), 0.0030576 secs] 540575K->524191K(896640K), 0.0031124 secs] [Times: user=0.01 sys=0.00, real=0.00 secs] 
2020-10-28T09:48:46.702+0000: [GC (Allocation Failure) 2020-10-28T09:48:46.702+0000: [ParNew: 16388K->4K(18432K), 0.0030518 secs] 540575K->524191K(896640K), 0.0031072 secs] [Times: user=0.00 sys=0.00, real=0.00 secs] 
2020-10-28T09:48:46.721+0000: [GC (Allocation Failure) 2020-10-28T09:48:46.721+0000: [ParNew: 16388K->4K(18432K), 0.0029954 secs] 540575K->524191K(896640K), 0.0030499 secs] [Times: user=0.01 sys=0.00, real=0.00 secs] 
2020-10-28T09:48:46.740+0000: [GC (Allocation Failure) 2020-10-28T09:48:46.740+0000: [ParNew: 16388K->4K(18432K), 0.0029653 secs] 540575K->524191K(896640K), 0.0030367 secs] [Times: user=0.00 sys=0.00, real=0.00 secs] 
2020-10-28T09:48:46.764+0000: [GC (Allocation Failure) 2020-10-28T09:48:46.764+0000: [ParNew: 16388K->4K(18432K), 0.0029861 secs] 540575K->524191K(896640K), 0.0030403 secs] [Times: user=0.01 sys=0.00, real=0.00 secs] 
2020-10-28T09:48:46.796+0000: [GC (Allocation Failure) 2020-10-28T09:48:46.796+0000: [ParNew: 16388K->4K(18432K), 0.0031080 secs] 540575K->524191K(896640K), 0.0031656 secs] [Times: user=0.01 sys=0.00, real=0.00 secs] 
2020-10-28T09:48:46.815+0000: [GC (Allocation Failure) 2020-10-28T09:48:46.815+0000: [ParNew: 16388K->4K(18432K), 0.0030458 secs] 540575K->524191K(896640K), 0.0031030 secs] [Times: user=0.00 sys=0.00, real=0.01 secs] 
2020-10-28T09:48:46.836+0000: [GC (Allocation Failure) 2020-10-28T09:48:46.836+0000: [ParNew: 16388K->4K(18432K), 0.0029677 secs] 540575K->524192K(896640K), 0.0030226 secs] [Times: user=0.01 sys=0.00, real=0.00 secs] 
2020-10-28T09:48:46.856+0000: [GC (Allocation Failure) 2020-10-28T09:48:46.856+0000: [ParNew: 16388K->4K(18432K), 0.0028421 secs] 540576K->524192K(896640K), 0.0029054 secs] [Times: user=0.01 sys=0.00, real=0.00 secs] 
2020-10-28T09:48:46.884+0000: [GC (Allocation Failure) 2020-10-28T09:48:46.884+0000: [ParNew: 16388K->4K(18432K), 0.0029500 secs] 540576K->524192K(896640K), 0.0030351 secs] [Times: user=0.01 sys=0.00, real=0.00 secs] 
2020-10-28T09:48:46.914+0000: [GC (Allocation Failure) 2020-10-28T09:48:46.914+0000: [ParNew: 16388K->4K(18432K), 0.0063100 secs] 540576K->524192K(896640K), 0.0063820 secs] [Times: user=0.00 sys=0.00, real=0.01 secs] 
2020-10-28T09:48:46.945+0000: [GC (Allocation Failure) 2020-10-28T09:48:46.945+0000: [ParNew: 16388K->4K(18432K), 0.0029761 secs] 540576K->524192K(896640K), 0.0030322 secs] [Times: user=0.01 sys=0.00, real=0.01 secs] 
2020-10-28T09:48:46.967+0000: [GC (Allocation Failure) 2020-10-28T09:48:46.967+0000: [ParNew: 16388K->4K(18432K), 0.0029183 secs] 540576K->524192K(896640K), 0.0029696 secs] [Times: user=0.00 sys=0.00, real=0.01 secs] 
2020-10-28T09:48:46.986+0000: [GC (Allocation Failure) 2020-10-28T09:48:46.986+0000: [ParNew: 16388K->4K(18432K), 0.0029539 secs] 540576K->524192K(896640K), 0.0030047 secs] [Times: user=0.00 sys=0.00, real=0.01 secs] 
2020-10-28T09:48:47.005+0000: [GC (Allocation Failure) 2020-10-28T09:48:47.005+0000: [ParNew: 16388K->4K(18432K), 0.0030625 secs] 540576K->524192K(896640K), 0.0031174 secs] [Times: user=0.01 sys=0.00, real=0.01 secs] 
2020-10-28T09:48:47.027+0000: [GC (Allocation Failure) 2020-10-28T09:48:47.027+0000: [ParNew: 16388K->4K(18432K), 0.0028777 secs] 540576K->524192K(896640K), 0.0029294 secs] [Times: user=0.01 sys=0.00, real=0.01 secs] 
2020-10-28T09:48:47.046+0000: [GC (Allocation Failure) 2020-10-28T09:48:47.046+0000: [ParNew: 16388K->4K(18432K), 0.0029801 secs] 540576K->524192K(896640K), 0.0030323 secs] [Times: user=0.00 sys=0.00, real=0.01 secs] 
2020-10-28T09:48:47.068+0000: [GC (Allocation Failure) 2020-10-28T09:48:47.068+0000: [ParNew: 16388K->4K(18432K), 0.0028482 secs] 540576K->524192K(896640K), 0.0028984 secs] [Times: user=0.00 sys=0.00, real=0.00 secs] 
2020-10-28T09:48:47.086+0000: [GC (Allocation Failure) 2020-10-28T09:48:47.086+0000: [ParNew: 16388K->4K(18432K), 0.0028510 secs] 540576K->524192K(896640K), 0.0029004 secs] [Times: user=0.00 sys=0.00, real=0.01 secs] 
2020-10-28T09:48:47.108+0000: [GC (Allocation Failure) 2020-10-28T09:48:47.108+0000: [ParNew: 16388K->4K(18432K), 0.0028782 secs] 540576K->524192K(896640K), 0.0029287 secs] [Times: user=0.01 sys=0.00, real=0.00 secs] 
2020-10-28T09:48:47.128+0000: [GC (Allocation Failure) 2020-10-28T09:48:47.128+0000: [ParNew: 16388K->4K(18432K), 0.0028958 secs] 540576K->524192K(896640K), 0.0029461 secs] [Times: user=0.00 sys=0.00, real=0.00 secs] 
2020-10-28T09:48:47.148+0000: [GC (Allocation Failure) 2020-10-28T09:48:47.148+0000: [ParNew: 16388K->4K(18432K), 0.0029121 secs] 540576K->524192K(896640K), 0.0029618 secs] [Times: user=0.01 sys=0.00, real=0.00 secs] 
2020-10-28T09:48:47.168+0000: [GC (Allocation Failure) 2020-10-28T09:48:47.168+0000: [ParNew: 16388K->4K(18432K), 0.0028553 secs] 540576K->524192K(896640K), 0.0029039 secs] [Times: user=0.01 sys=0.00, real=0.00 secs] 
2020-10-28T09:48:47.188+0000: [GC (Allocation Failure) 2020-10-28T09:48:47.188+0000: [ParNew: 16388K->6K(18432K), 0.0028897 secs] 540576K->524194K(896640K), 0.0029400 secs] [Times: user=0.00 sys=0.00, real=0.00 secs] 
2020-10-28T09:48:47.206+0000: [GC (Allocation Failure) 2020-10-28T09:48:47.206+0000: [ParNew: 16390K->4K(18432K), 0.0029797 secs] 540578K->524192K(896640K), 0.0030335 secs] [Times: user=0.00 sys=0.00, real=0.01 secs] 
2020-10-28T09:48:47.228+0000: [GC (Allocation Failure) 2020-10-28T09:48:47.228+0000: [ParNew: 16388K->4K(18432K), 0.0029082 secs] 540576K->524192K(896640K), 0.0029601 secs] [Times: user=0.01 sys=0.00, real=0.00 secs] 
2020-10-28T09:48:47.246+0000: [GC (Allocation Failure) 2020-10-28T09:48:47.246+0000: [ParNew: 16388K->4K(18432K), 0.0029079 secs] 540576K->524192K(896640K), 0.0029582 secs] [Times: user=0.01 sys=0.00, real=0.01 secs] 
2020-10-28T09:48:47.268+0000: [GC (Allocation Failure) 2020-10-28T09:48:47.268+0000: [ParNew: 16388K->4K(18432K), 0.0030358 secs] 540576K->524192K(896640K), 0.0030905 secs] [Times: user=0.00 sys=0.00, real=0.00 secs] 
2020-10-28T09:48:47.286+0000: [GC (Allocation Failure) 2020-10-28T09:48:47.286+0000: [ParNew: 16388K->4K(18432K), 0.0029803 secs] 540576K->524192K(896640K), 0.0030323 secs] [Times: user=0.01 sys=0.00, real=0.01 secs] 
2020-10-28T09:48:47.307+0000: [GC (Allocation Failure) 2020-10-28T09:48:47.307+0000: [ParNew: 16388K->4K(18432K), 0.0030148 secs] 540576K->524192K(896640K), 0.0030706 secs] [Times: user=0.00 sys=0.01, real=0.01 secs] 
2020-10-28T09:48:47.326+0000: [GC (Allocation Failure) 2020-10-28T09:48:47.326+0000: [ParNew: 16388K->4K(18432K), 0.0028836 secs] 540576K->524192K(896640K), 0.0029350 secs] [Times: user=0.01 sys=0.00, real=0.01 secs] 
2020-10-28T09:48:47.348+0000: [GC (Allocation Failure) 2020-10-28T09:48:47.348+0000: [ParNew: 16388K->6K(18432K), 0.0028215 secs] 540576K->524194K(896640K), 0.0028704 secs] [Times: user=0.00 sys=0.00, real=0.00 secs] 
2020-10-28T09:48:47.366+0000: [GC (Allocation Failure) 2020-10-28T09:48:47.366+0000: [ParNew: 16390K->4K(18432K), 0.0028996 secs] 540578K->524192K(896640K), 0.0029501 secs] [Times: user=0.01 sys=0.00, real=0.01 secs] 
2020-10-28T09:48:47.385+0000: [GC (Allocation Failure) 2020-10-28T09:48:47.385+0000: [ParNew: 16388K->4K(18432K), 0.0029923 secs] 540576K->524192K(896640K), 0.0030458 secs] [Times: user=0.00 sys=0.00, real=0.01 secs] 
2020-10-28T09:48:47.404+0000: [GC (Allocation Failure) 2020-10-28T09:48:47.404+0000: [ParNew: 16388K->4K(18432K), 0.0029701 secs] 540576K->524192K(896640K), 0.0030240 secs] [Times: user=0.00 sys=0.00, real=0.00 secs] 
2020-10-28T09:48:47.422+0000: [GC (Allocation Failure) 2020-10-28T09:48:47.422+0000: [ParNew: 16388K->4K(18432K), 0.0029599 secs] 540576K->524192K(896640K), 0.0030134 secs] [Times: user=0.01 sys=0.00, real=0.00 secs] 
2020-10-28T09:48:47.444+0000: [GC (Allocation Failure) 2020-10-28T09:48:47.444+0000: [ParNew: 16388K->4K(18432K), 0.0029754 secs] 540576K->524192K(896640K), 0.0030295 secs] [Times: user=0.01 sys=0.00, real=0.00 secs] 
2020-10-28T09:48:47.462+0000: [GC (Allocation Failure) 2020-10-28T09:48:47.463+0000: [ParNew: 16388K->4K(18432K), 0.0029808 secs] 540576K->524192K(896640K), 0.0030363 secs] [Times: user=0.00 sys=0.00, real=0.00 secs] 
2020-10-28T09:48:47.481+0000: [GC (Allocation Failure) 2020-10-28T09:48:47.481+0000: [ParNew: 16388K->4K(18432K), 0.0029936 secs] 540576K->524192K(896640K), 0.0030564 secs] [Times: user=0.00 sys=0.00, real=0.00 secs] 
2020-10-28T09:48:47.500+0000: [GC (Allocation Failure) 2020-10-28T09:48:47.500+0000: [ParNew: 16388K->4K(18432K), 0.0030269 secs] 540576K->524192K(896640K), 0.0030904 secs] [Times: user=0.01 sys=0.00, real=0.00 secs] 
2020-10-28T09:48:47.519+0000: [GC (Allocation Failure) 2020-10-28T09:48:47.519+0000: [ParNew: 16388K->4K(18432K), 0.0029479 secs] 540576K->524192K(896640K), 0.0030008 secs] [Times: user=0.01 sys=0.00, real=0.00 secs] 
2020-10-28T09:48:47.537+0000: [GC (Allocation Failure) 2020-10-28T09:48:47.538+0000: [ParNew: 16388K->4K(18432K), 0.0029844 secs] 540576K->524192K(896640K), 0.0030379 secs] [Times: user=0.00 sys=0.00, real=0.00 secs] 
2020-10-28T09:48:47.556+0000: [GC (Allocation Failure) 2020-10-28T09:48:47.556+0000: [ParNew: 16388K->4K(18432K), 0.0030315 secs] 540576K->524192K(896640K), 0.0030854 secs] [Times: user=0.01 sys=0.00, real=0.00 secs] 
2020-10-28T09:48:47.575+0000: [GC (Allocation Failure) 2020-10-28T09:48:47.575+0000: [ParNew: 16388K->4K(18432K), 0.0029622 secs] 540576K->524192K(896640K), 0.0030153 secs] [Times: user=0.01 sys=0.00, real=0.01 secs] 
2020-10-28T09:48:47.596+0000: [GC (Allocation Failure) 2020-10-28T09:48:47.596+0000: [ParNew: 16388K->4K(18432K), 0.0029792 secs] 540576K->524192K(896640K), 0.0030339 secs] [Times: user=0.01 sys=0.00, real=0.00 secs] 
2020-10-28T09:48:47.616+0000: [GC (Allocation Failure) 2020-10-28T09:48:47.616+0000: [ParNew: 16388K->4K(18432K), 0.0029736 secs] 540576K->524192K(896640K), 0.0030271 secs] [Times: user=0.00 sys=0.00, real=0.00 secs] 
2020-10-28T09:48:47.634+0000: [GC (Allocation Failure) 2020-10-28T09:48:47.634+0000: [ParNew: 16388K->4K(18432K), 0.0029849 secs] 540576K->524192K(896640K), 0.0030395 secs] [Times: user=0.00 sys=0.00, real=0.01 secs] 
2020-10-28T09:48:47.653+0000: [GC (Allocation Failure) 2020-10-28T09:48:47.653+0000: [ParNew: 16388K->4K(18432K), 0.0029592 secs] 540576K->524192K(896640K), 0.0030162 secs] [Times: user=0.01 sys=0.00, real=0.01 secs] 
2020-10-28T09:48:47.672+0000: [GC (Allocation Failure) 2020-10-28T09:48:47.672+0000: [ParNew: 16388K->4K(18432K), 0.0031588 secs] 540576K->524192K(896640K), 0.0032145 secs] [Times: user=0.00 sys=0.00, real=0.00 secs] 
2020-10-28T09:48:47.696+0000: [GC (Allocation Failure) 2020-10-28T09:48:47.696+0000: [ParNew: 16388K->4K(18432K), 0.0029843 secs] 540576K->524192K(896640K), 0.0030405 secs] [Times: user=0.01 sys=0.00, real=0.00 secs] 
2020-10-28T09:48:47.716+0000: [GC (Allocation Failure) 2020-10-28T09:48:47.716+0000: [ParNew: 16388K->4K(18432K), 0.0029585 secs] 540576K->524192K(896640K), 0.0030124 secs] [Times: user=0.00 sys=0.00, real=0.00 secs] 
2020-10-28T09:48:47.735+0000: [GC (Allocation Failure) 2020-10-28T09:48:47.735+0000: [ParNew: 16388K->4K(18432K), 0.0029967 secs] 540576K->524192K(896640K), 0.0030607 secs] [Times: user=0.01 sys=0.00, real=0.01 secs] 
2020-10-28T09:48:47.753+0000: [GC (Allocation Failure) 2020-10-28T09:48:47.753+0000: [ParNew: 16388K->4K(18432K), 0.0030016 secs] 540576K->524192K(896640K), 0.0030538 secs] [Times: user=0.01 sys=0.00, real=0.01 secs] 
2020-10-28T09:48:47.772+0000: [GC (Allocation Failure) 2020-10-28T09:48:47.772+0000: [ParNew: 16388K->4K(18432K), 0.0031241 secs] 540576K->524192K(896640K), 0.0031858 secs] [Times: user=0.00 sys=0.00, real=0.01 secs] 
2020-10-28T09:48:47.791+0000: [GC (Allocation Failure) 2020-10-28T09:48:47.792+0000: [ParNew: 16388K->4K(18432K), 0.0030405 secs] 540576K->524192K(896640K), 0.0031412 secs] [Times: user=0.00 sys=0.00, real=0.00 secs] 
2020-10-28T09:48:47.810+0000: [GC (Allocation Failure) 2020-10-28T09:48:47.810+0000: [ParNew: 16388K->4K(18432K), 0.0030141 secs] 540576K->524192K(896640K), 0.0030871 secs] [Times: user=0.01 sys=0.00, real=0.00 secs] 
2020-10-28T09:48:47.832+0000: [GC (Allocation Failure) 2020-10-28T09:48:47.832+0000: [ParNew: 16388K->4K(18432K), 0.0029612 secs] 540576K->524192K(896640K), 0.0030202 secs] [Times: user=0.00 sys=0.00, real=0.00 secs] 
2020-10-28T09:48:47.852+0000: [GC (Allocation Failure) 2020-10-28T09:48:47.852+0000: [ParNew: 16376K->4K(18432K), 0.0027894 secs] 540564K->524192K(896640K), 0.0028372 secs] [Times: user=0.01 sys=0.00, real=0.00 secs] 
2020-10-28T09:48:47.872+0000: [GC (Allocation Failure) 2020-10-28T09:48:47.872+0000: [ParNew: 16388K->4K(18432K), 0.0027990 secs] 540576K->524192K(896640K), 0.0028479 secs] [Times: user=0.01 sys=0.00, real=0.00 secs] 
2020-10-28T09:48:47.890+0000: [GC (Allocation Failure) 2020-10-28T09:48:47.890+0000: [ParNew: 16388K->4K(18432K), 0.0027782 secs] 540576K->524192K(896640K), 0.0028295 secs] [Times: user=0.00 sys=0.00, real=0.00 secs] 
2020-10-28T09:48:47.912+0000: [GC (Allocation Failure) 2020-10-28T09:48:47.912+0000: [ParNew: 16388K->4K(18432K), 0.0028193 secs] 540576K->524192K(896640K), 0.0028675 secs] [Times: user=0.01 sys=0.00, real=0.00 secs] 
2020-10-28T09:48:47.930+0000: [GC (Allocation Failure) 2020-10-28T09:48:47.930+0000: [ParNew: 16388K->4K(18432K), 0.0029003 secs] 540576K->524192K(896640K), 0.0029506 secs] [Times: user=0.00 sys=0.00, real=0.00 secs] 
2020-10-28T09:48:47.949+0000: [GC (Allocation Failure) 2020-10-28T09:48:47.949+0000: [ParNew: 16388K->4K(18432K), 0.0029064 secs] 540576K->524192K(896640K), 0.0029563 secs] [Times: user=0.01 sys=0.00, real=0.00 secs] 
2020-10-28T09:48:47.967+0000: [GC (Allocation Failure) 2020-10-28T09:48:47.967+0000: [ParNew: 16388K->4K(18432K), 0.0028043 secs] 540576K->524192K(896640K), 0.0028529 secs] [Times: user=0.00 sys=0.00, real=0.01 secs] 
2020-10-28T09:48:47.986+0000: [GC (Allocation Failure) 2020-10-28T09:48:47.986+0000: [ParNew: 16388K->4K(18432K), 0.0029700 secs] 540576K->524192K(896640K), 0.0030247 secs] [Times: user=0.01 sys=0.00, real=0.01 secs] 
2020-10-28T09:48:48.005+0000: [GC (Allocation Failure) 2020-10-28T09:48:48.005+0000: [ParNew: 16388K->4K(18432K), 0.0030211 secs] 540576K->524192K(896640K), 0.0030782 secs] [Times: user=0.01 sys=0.00, real=0.01 secs] 
2020-10-28T09:48:48.027+0000: [GC (Allocation Failure) 2020-10-28T09:48:48.027+0000: [ParNew: 16388K->4K(18432K), 0.0029882 secs] 540576K->524192K(896640K), 0.0030432 secs] [Times: user=0.01 sys=0.00, real=0.01 secs] 
2020-10-28T09:48:48.046+0000: [GC (Allocation Failure) 2020-10-28T09:48:48.046+0000: [ParNew: 16388K->4K(18432K), 0.0030224 secs] 540576K->524192K(896640K), 0.0030757 secs] [Times: user=0.00 sys=0.00, real=0.01 secs] 
2020-10-28T09:48:48.065+0000: [GC (Allocation Failure) 2020-10-28T09:48:48.065+0000: [ParNew: 16388K->4K(18432K), 0.0029566 secs] 540576K->524192K(896640K), 0.0030083 secs] [Times: user=0.01 sys=0.00, real=0.01 secs] 
2020-10-28T09:48:48.083+0000: [GC (Allocation Failure) 2020-10-28T09:48:48.083+0000: [ParNew: 16388K->4K(18432K), 0.0029877 secs] 540576K->524192K(896640K), 0.0030425 secs] [Times: user=0.01 sys=0.00, real=0.00 secs] 
2020-10-28T09:48:48.104+0000: [GC (Allocation Failure) 2020-10-28T09:48:48.104+0000: [ParNew: 16388K->4K(18432K), 0.0029478 secs] 540576K->524192K(896640K), 0.0030019 secs] [Times: user=0.01 sys=0.00, real=0.00 secs] 
2020-10-28T09:48:48.122+0000: [GC (Allocation Failure) 2020-10-28T09:48:48.122+0000: [ParNew: 16388K->4K(18432K), 0.0029548 secs] 540576K->524192K(896640K), 0.0030076 secs] [Times: user=0.00 sys=0.00, real=0.00 secs] 
2020-10-28T09:48:48.144+0000: [GC (Allocation Failure) 2020-10-28T09:48:48.144+0000: [ParNew: 16388K->4K(18432K), 0.0029401 secs] 540576K->524192K(896640K), 0.0029935 secs] [Times: user=0.01 sys=0.00, real=0.00 secs] 
2020-10-28T09:48:48.164+0000: [GC (Allocation Failure) 2020-10-28T09:48:48.164+0000: [ParNew: 16388K->4K(18432K), 0.0029294 secs] 540576K->524192K(896640K), 0.0029831 secs] [Times: user=0.01 sys=0.00, real=0.00 secs] 
2020-10-28T09:48:48.184+0000: [GC (Allocation Failure) 2020-10-28T09:48:48.184+0000: [ParNew: 16388K->4K(18432K), 0.0029925 secs] 540576K->524192K(896640K), 0.0030457 secs] [Times: user=0.01 sys=0.00, real=0.00 secs] 
2020-10-28T09:48:48.206+0000: [GC (Allocation Failure) 2020-10-28T09:48:48.206+0000: [ParNew: 16388K->4K(18432K), 0.0031126 secs] 540576K->524192K(896640K), 0.0031904 secs] [Times: user=0.01 sys=0.00, real=0.01 secs] 
2020-10-28T09:48:48.244+0000: [GC (Allocation Failure) 2020-10-28T09:48:48.244+0000: [ParNew: 16388K->6K(18432K), 0.0030073 secs] 540576K->524194K(896640K), 0.0030625 secs] [Times: user=0.01 sys=0.00, real=0.00 secs] 
2020-10-28T09:48:48.280+0000: [GC (Allocation Failure) 2020-10-28T09:48:48.280+0000: [ParNew: 16390K->4K(18432K), 0.0029829 secs] 540578K->524192K(896640K), 0.0030454 secs] [Times: user=0.01 sys=0.00, real=0.00 secs] 
2020-10-28T09:48:48.312+0000: [GC (Allocation Failure) 2020-10-28T09:48:48.312+0000: [ParNew: 16388K->4K(18432K), 0.0030561 secs] 540576K->524192K(896640K), 0.0031131 secs] [Times: user=0.00 sys=0.00, real=0.00 secs] 
2020-10-28T09:48:48.348+0000: [GC (Allocation Failure) 2020-10-28T09:48:48.348+0000: [ParNew: 16388K->6K(18432K), 0.0029896 secs] 540576K->524194K(896640K), 0.0030447 secs] [Times: user=0.01 sys=0.00, real=0.00 secs] 
2020-10-28T09:48:48.383+0000: [GC (Allocation Failure) 2020-10-28T09:48:48.383+0000: [ParNew: 16390K->6K(18432K), 0.0057779 secs] 540578K->524194K(896640K), 0.0058531 secs] [Times: user=0.00 sys=0.00, real=0.01 secs] 
2020-10-28T09:48:48.424+0000: [GC (Allocation Failure) 2020-10-28T09:48:48.424+0000: [ParNew: 16390K->6K(18432K), 0.0029861 secs] 540578K->524194K(896640K), 0.0030420 secs] [Times: user=0.01 sys=0.00, real=0.00 secs] 
2020-10-28T09:48:48.456+0000: [GC (Allocation Failure) 2020-10-28T09:48:48.456+0000: [ParNew: 16390K->4K(18432K), 0.0030057 secs] 540578K->524193K(896640K), 0.0030674 secs] [Times: user=0.00 sys=0.00, real=0.00 secs] 
2020-10-28T09:48:48.492+0000: [GC (Allocation Failure) 2020-10-28T09:48:48.492+0000: [ParNew: 16388K->4K(18432K), 0.0035628 secs] 540577K->524193K(896640K), 0.0036193 secs] [Times: user=0.01 sys=0.00, real=0.00 secs] 
2020-10-28T09:48:48.528+0000: [GC (Allocation Failure) 2020-10-28T09:48:48.528+0000: [ParNew: 16388K->4K(18432K), 0.0030187 secs] 540577K->524194K(896640K), 0.0030744 secs] [Times: user=0.01 sys=0.00, real=0.00 secs] 
2020-10-28T09:48:48.561+0000: [GC (Allocation Failure) 2020-10-28T09:48:48.561+0000: [ParNew: 16388K->4K(18432K), 0.0030667 secs] 540578K->524194K(896640K), 0.0031238 secs] [Times: user=0.00 sys=0.00, real=0.00 secs] 
2020-10-28T09:48:48.596+0000: [GC (Allocation Failure) 2020-10-28T09:48:48.596+0000: [ParNew: 16388K->4K(18432K), 0.0029919 secs] 540578K->524194K(896640K), 0.0030482 secs] [Times: user=0.00 sys=0.00, real=0.00 secs] 
2020-10-28T09:48:48.627+0000: [GC (Allocation Failure) 2020-10-28T09:48:48.627+0000: [ParNew: 16388K->4K(18432K), 0.0029973 secs] 540578K->524194K(896640K), 0.0030521 secs] [Times: user=0.01 sys=0.00, real=0.01 secs] 
2020-10-28T09:48:48.842+0000: [GC (Allocation Failure) 2020-10-28T09:48:48.842+0000: [ParNew: 16388K->4K(18432K), 0.0030644 secs] 540578K->524194K(896640K), 0.0031254 secs] [Times: user=0.01 sys=0.00, real=0.00 secs] 
2020-10-28T09:48:49.136+0000: [GC (Allocation Failure) 2020-10-28T09:48:49.136+0000: [ParNew: 16388K->4K(18432K), 0.0032875 secs] 540578K->524194K(896640K), 0.0033475 secs] [Times: user=0.01 sys=0.00, real=0.00 secs] 
2020-10-28T09:48:49.199+0000: [GC (Allocation Failure) 2020-10-28T09:48:49.199+0000: [ParNew: 16388K->4K(18432K), 0.0029971 secs] 540578K->524194K(896640K), 0.0030556 secs] [Times: user=0.00 sys=0.00, real=0.00 secs] 
2020-10-28T09:48:49.238+0000: [GC (Allocation Failure) 2020-10-28T09:48:49.238+0000: [ParNew: 16388K->4K(18432K), 0.0030878 secs] 540578K->524194K(896640K), 0.0031574 secs] [Times: user=0.01 sys=0.00, real=0.00 secs] 
2020-10-28T09:48:49.276+0000: [GC (Allocation Failure) 2020-10-28T09:48:49.276+0000: [ParNew: 16388K->4K(18432K), 0.0030141 secs] 540578K->524194K(896640K), 0.0030738 secs] [Times: user=0.01 sys=0.00, real=0.00 secs] 
2020-10-28T09:48:49.326+0000: [GC (Allocation Failure) 2020-10-28T09:48:49.326+0000: [ParNew: 16388K->4K(18432K), 0.0029860 secs] 540578K->524194K(896640K), 0.0030447 secs] [Times: user=0.01 sys=0.00, real=0.01 secs] 
2020-10-28T09:48:49.364+0000: [GC (Allocation Failure) 2020-10-28T09:48:49.364+0000: [ParNew: 16388K->4K(18432K), 0.0029979 secs] 540578K->524195K(896640K), 0.0030535 secs] [Times: user=0.01 sys=0.00, real=0.00 secs] 
2020-10-28T09:48:49.400+0000: [GC (Allocation Failure) 2020-10-28T09:48:49.400+0000: [ParNew: 16388K->2K(18432K), 0.0030244 secs] 540579K->524193K(896640K), 0.0030838 secs] [Times: user=0.01 sys=0.00, real=0.00 secs] 
2020-10-28T09:48:49.435+0000: [GC (Allocation Failure) 2020-10-28T09:48:49.435+0000: [ParNew: 16386K->4K(18432K), 0.0030096 secs] 540577K->524195K(896640K), 0.0030682 secs] [Times: user=0.01 sys=0.00, real=0.01 secs] 
2020-10-28T09:48:49.469+0000: [GC (Allocation Failure) 2020-10-28T09:48:49.469+0000: [ParNew: 16388K->4K(18432K), 0.0029748 secs] 540579K->524195K(896640K), 0.0030300 secs] [Times: user=0.00 sys=0.00, real=0.00 secs] 
2020-10-28T09:48:49.521+0000: [GC (Allocation Failure) 2020-10-28T09:48:49.521+0000: [ParNew: 16388K->11K(18432K), 0.0030179 secs] 540579K->524202K(896640K), 0.0030727 secs] [Times: user=0.01 sys=0.00, real=0.00 secs] 
2020-10-28T09:48:49.553+0000: [GC (Allocation Failure) 2020-10-28T09:48:49.553+0000: [ParNew: 16395K->4K(18432K), 0.0030091 secs] 540586K->524195K(896640K), 0.0030682 secs] [Times: user=0.00 sys=0.00, real=0.01 secs] 
2020-10-28T09:48:49.576+0000: [GC (Allocation Failure) 2020-10-28T09:48:49.576+0000: [ParNew: 16388K->4K(18432K), 0.0029779 secs] 540579K->524195K(896640K), 0.0030353 secs] [Times: user=0.01 sys=0.00, real=0.00 secs] 
2020-10-28T09:48:49.596+0000: [GC (Allocation Failure) 2020-10-28T09:48:49.596+0000: [ParNew: 16388K->4K(18432K), 0.0029585 secs] 540579K->524195K(896640K), 0.0030138 secs] [Times: user=0.01 sys=0.00, real=0.00 secs] 
2020-10-28T09:48:49.616+0000: [GC (Allocation Failure) 2020-10-28T09:48:49.616+0000: [ParNew: 16388K->4K(18432K), 0.0029875 secs] 540579K->524195K(896640K), 0.0030603 secs] [Times: user=0.01 sys=0.00, real=0.00 secs] 
2020-10-28T09:48:49.636+0000: [GC (Allocation Failure) 2020-10-28T09:48:49.636+0000: [ParNew: 16388K->4K(18432K), 0.0029514 secs] 540579K->524195K(896640K), 0.0030077 secs] [Times: user=0.00 sys=0.00, real=0.00 secs] 
2020-10-28T09:48:49.656+0000: [GC (Allocation Failure) 2020-10-28T09:48:49.656+0000: [ParNew: 16388K->4K(18432K), 0.0029402 secs] 540579K->524195K(896640K), 0.0029942 secs] [Times: user=0.00 sys=0.00, real=0.00 secs] 
2020-10-28T09:48:49.675+0000: [GC (Allocation Failure) 2020-10-28T09:48:49.675+0000: [ParNew: 16388K->4K(18432K), 0.0029858 secs] 540579K->524195K(896640K), 0.0030414 secs] [Times: user=0.00 sys=0.00, real=0.01 secs] 
2020-10-28T09:48:49.696+0000: [GC (Allocation Failure) 2020-10-28T09:48:49.696+0000: [ParNew: 16388K->4K(18432K), 0.0029546 secs] 540579K->524195K(896640K), 0.0030105 secs] [Times: user=0.01 sys=0.00, real=0.00 secs] 
2020-10-28T09:48:49.715+0000: [GC (Allocation Failure) 2020-10-28T09:48:49.715+0000: [ParNew: 16388K->4K(18432K), 0.0029725 secs] 540579K->524195K(896640K), 0.0030272 secs] [Times: user=0.00 sys=0.00, real=0.01 secs] 
2020-10-28T09:48:49.736+0000: [GC (Allocation Failure) 2020-10-28T09:48:49.736+0000: [ParNew: 16388K->4K(18432K), 0.0029465 secs] 540579K->524195K(896640K), 0.0030009 secs] [Times: user=0.01 sys=0.00, real=0.00 secs] 
2020-10-28T09:48:49.756+0000: [GC (Allocation Failure) 2020-10-28T09:48:49.756+0000: [ParNew: 16388K->4K(18432K), 0.0029347 secs] 540579K->524195K(896640K), 0.0029891 secs] [Times: user=0.00 sys=0.00, real=0.00 secs] 
2020-10-28T09:48:49.780+0000: [GC (Allocation Failure) 2020-10-28T09:48:49.780+0000: [ParNew: 16388K->4K(18432K), 0.0030223 secs] 540579K->524195K(896640K), 0.0030801 secs] [Times: user=0.01 sys=0.00, real=0.00 secs] 
2020-10-28T09:48:49.799+0000: [GC (Allocation Failure) 2020-10-28T09:48:49.799+0000: [ParNew: 16388K->4K(18432K), 0.0030149 secs] 540579K->524195K(896640K), 0.0030721 secs] [Times: user=0.00 sys=0.00, real=0.00 secs] 
2020-10-28T09:48:49.820+0000: [GC (Allocation Failure) 2020-10-28T09:48:49.820+0000: [ParNew: 16388K->4K(18432K), 0.0029681 secs] 540579K->524195K(896640K), 0.0030250 secs] [Times: user=0.00 sys=0.00, real=0.00 secs] 
2020-10-28T09:48:49.839+0000: [GC (Allocation Failure) 2020-10-28T09:48:49.839+0000: [ParNew: 16388K->4K(18432K), 0.0029723 secs] 540579K->524195K(896640K), 0.0030277 secs] [Times: user=0.00 sys=0.00, real=0.00 secs] 
2020-10-28T09:48:49.859+0000: [GC (Allocation Failure) 2020-10-28T09:48:49.859+0000: [ParNew: 16388K->4K(18432K), 0.0029963 secs] 540579K->524195K(896640K), 0.0030518 secs] [Times: user=0.01 sys=0.00, real=0.00 secs] 
2020-10-28T09:48:49.880+0000: [GC (Allocation Failure) 2020-10-28T09:48:49.880+0000: [ParNew: 16388K->2K(18432K), 0.0029456 secs] 540579K->524193K(896640K), 0.0030007 secs] [Times: user=0.01 sys=0.00, real=0.00 secs] 
2020-10-28T09:48:49.899+0000: [GC (Allocation Failure) 2020-10-28T09:48:49.899+0000: [ParNew: 16386K->2K(18432K), 0.0029788 secs] 540577K->524193K(896640K), 0.0030356 secs] [Times: user=0.01 sys=0.00, real=0.00 secs] 
2020-10-28T09:48:49.919+0000: [GC (Allocation Failure) 2020-10-28T09:48:49.919+0000: [ParNew: 16386K->4K(18432K), 0.0030150 secs] 540577K->524195K(896640K), 0.0030693 secs] [Times: user=0.01 sys=0.00, real=0.00 secs] 
2020-10-28T09:48:49.940+0000: [GC (Allocation Failure) 2020-10-28T09:48:49.940+0000: [ParNew: 16388K->2K(18432K), 0.0030003 secs] 540579K->524193K(896640K), 0.0030555 secs] [Times: user=0.01 sys=0.00, real=0.00 secs] 
2020-10-28T09:48:49.959+0000: [GC (Allocation Failure) 2020-10-28T09:48:49.959+0000: [ParNew: 16386K->4K(18432K), 0.0030362 secs] 540577K->524195K(896640K), 0.0030961 secs] [Times: user=0.00 sys=0.00, real=0.00 secs] 
2020-10-28T09:48:49.979+0000: [GC (Allocation Failure) 2020-10-28T09:48:49.980+0000: [ParNew: 16388K->4K(18432K), 0.0029988 secs] 540579K->524195K(896640K), 0.0030868 secs] [Times: user=0.00 sys=0.00, real=0.00 secs] 
2020-10-28T09:48:49.999+0000: [GC (Allocation Failure) 2020-10-28T09:48:49.999+0000: [ParNew: 16388K->4K(18432K), 0.0030561 secs] 540579K->524195K(896640K), 0.0031124 secs] [Times: user=0.00 sys=0.00, real=0.00 secs] 
2020-10-28T09:48:50.019+0000: [GC (Allocation Failure) 2020-10-28T09:48:50.019+0000: [ParNew: 16388K->4K(18432K), 0.0030447 secs] 540579K->524195K(896640K), 0.0030999 secs] [Times: user=0.01 sys=0.00, real=0.00 secs] 
2020-10-28T09:48:50.039+0000: [GC (Allocation Failure) 2020-10-28T09:48:50.039+0000: [ParNew: 16388K->2K(18432K), 0.0029675 secs] 540579K->524193K(896640K), 0.0030218 secs] [Times: user=0.01 sys=0.00, real=0.00 secs] 
2020-10-28T09:48:50.060+0000: [GC (Allocation Failure) 2020-10-28T09:48:50.060+0000: [ParNew: 16386K->4K(18432K), 0.0030390 secs] 540577K->524195K(896640K), 0.0030944 secs] [Times: user=0.01 sys=0.00, real=0.00 secs] 
2020-10-28T09:48:50.083+0000: [GC (Allocation Failure) 2020-10-28T09:48:50.083+0000: [ParNew: 16388K->2K(18432K), 0.0029713 secs] 540579K->524193K(896640K), 0.0030274 secs] [Times: user=0.00 sys=0.00, real=0.00 secs] 
2020-10-28T09:48:50.104+0000: [GC (Allocation Failure) 2020-10-28T09:48:50.104+0000: [ParNew: 16386K->2K(18432K), 0.0029596 secs] 540577K->524193K(896640K), 0.0030147 secs] [Times: user=0.01 sys=0.00, real=0.00 secs] 
2020-10-28T09:48:50.123+0000: [GC (Allocation Failure) 2020-10-28T09:48:50.123+0000: [ParNew: 16386K->4K(18432K), 0.0029679 secs] 540577K->524195K(896640K), 0.0030236 secs] [Times: user=0.01 sys=0.00, real=0.00 secs] 
2020-10-28T09:48:50.150+0000: [GC (Allocation Failure) 2020-10-28T09:48:50.150+0000: [ParNew: 16388K->4K(18432K), 0.0030051 secs] 540579K->524195K(896640K), 0.0030594 secs] [Times: user=0.01 sys=0.00, real=0.00 secs] 
2020-10-28T09:48:50.172+0000: [GC (Allocation Failure) 2020-10-28T09:48:50.172+0000: [ParNew: 16388K->4K(18432K), 0.0030632 secs] 540579K->524195K(896640K), 0.0031285 secs] [Times: user=0.00 sys=0.00, real=0.00 secs] 
2020-10-28T09:48:50.194+0000: [GC (Allocation Failure) 2020-10-28T09:48:50.194+0000: [ParNew: 16388K->4K(18432K), 0.0030340 secs] 540579K->524195K(896640K), 0.0030919 secs] [Times: user=0.01 sys=0.00, real=0.01 secs] 
2020-10-28T09:48:50.215+0000: [GC (Allocation Failure) 2020-10-28T09:48:50.215+0000: [ParNew: 16388K->4K(18432K), 0.0029836 secs] 540579K->524195K(896640K), 0.0030555 secs] [Times: user=0.00 sys=0.00, real=0.01 secs] 
2020-10-28T09:48:50.237+0000: [GC (Allocation Failure) 2020-10-28T09:48:50.237+0000: [ParNew: 16388K->4K(18432K), 0.0030007 secs] 540579K->524195K(896640K), 0.0030559 secs] [Times: user=0.01 sys=0.00, real=0.00 secs] 
2020-10-28T09:48:50.259+0000: [GC (Allocation Failure) 2020-10-28T09:48:50.259+0000: [ParNew: 16388K->4K(18432K), 0.0030100 secs] 540579K->524195K(896640K), 0.0030653 secs] [Times: user=0.00 sys=0.00, real=0.00 secs] 
2020-10-28T09:48:50.281+0000: [GC (Allocation Failure) 2020-10-28T09:48:50.281+0000: [ParNew: 16388K->4K(18432K), 0.0030014 secs] 540579K->524197K(896640K), 0.0030583 secs] [Times: user=0.01 sys=0.00, real=0.00 secs] 
2020-10-28T09:48:50.303+0000: [GC (Allocation Failure) 2020-10-28T09:48:50.303+0000: [ParNew: 16388K->4K(18432K), 0.0029681 secs] 540581K->524197K(896640K), 0.0030242 secs] [Times: user=0.00 sys=0.00, real=0.00 secs] 
2020-10-28T09:48:50.325+0000: [GC (Allocation Failure) 2020-10-28T09:48:50.325+0000: [ParNew: 16388K->4K(18432K), 0.0030484 secs] 540581K->524197K(896640K), 0.0031071 secs] [Times: user=0.01 sys=0.00, real=0.01 secs] 
2020-10-28T09:48:50.347+0000: [GC (Allocation Failure) 2020-10-28T09:48:50.347+0000: [ParNew: 16388K->4K(18432K), 0.0030030 secs] 540581K->524197K(896640K), 0.0030599 secs] [Times: user=0.00 sys=0.00, real=0.01 secs] 
2020-10-28T09:48:50.928+0000: [GC (Allocation Failure) 2020-10-28T09:48:50.928+0000: [ParNew: 16388K->9K(18432K), 0.0031444 secs] 540581K->524202K(896640K), 0.0032032 secs] [Times: user=0.01 sys=0.00, real=0.00 secs] 
2020-10-28T09:48:51.064+0000: [GC (Allocation Failure) 2020-10-28T09:48:51.064+0000: [ParNew: 16393K->750K(18432K), 0.0040651 secs] 540586K->524943K(896640K), 0.0041416 secs] [Times: user=0.01 sys=0.00, real=0.01 secs] 
2020-10-28T09:48:51.290+0000: [GC (Allocation Failure) 2020-10-28T09:48:51.290+0000: [ParNew: 17134K->2048K(18432K), 0.0158939 secs] 541327K->526807K(896640K), 0.0159675 secs] [Times: user=0.03 sys=0.00, real=0.01 secs] 
2020-10-28T09:48:51.360+0000: [GC (Allocation Failure) 2020-10-28T09:48:51.360+0000: [ParNew: 18432K->1107K(18432K), 0.0078676 secs] 543191K->527817K(896640K), 0.0079260 secs] [Times: user=0.01 sys=0.00, real=0.01 secs] 
2020-10-28T09:48:51.399+0000: [GC (Allocation Failure) 2020-10-28T09:48:51.399+0000: [ParNew: 17491K->588K(18432K), 0.0033391 secs] 544201K->527299K(896640K), 0.0033966 secs] [Times: user=0.01 sys=0.00, real=0.00 secs] 
2020-10-28T09:48:51.428+0000: [GC (Allocation Failure) 2020-10-28T09:48:51.428+0000: [ParNew: 16972K->846K(18432K), 0.0032083 secs] 543683K->527556K(896640K), 0.0032655 secs] [Times: user=0.00 sys=0.00, real=0.00 secs] 
2020-10-28T09:48:51.453+0000: [GC (Allocation Failure) 2020-10-28T09:48:51.454+0000: [ParNew: 17230K->921K(18432K), 0.0032690 secs] 543940K->527632K(896640K), 0.0033224 secs] [Times: user=0.00 sys=0.00, real=0.01 secs] 
2020-10-28T09:48:51.480+0000: [GC (Allocation Failure) 2020-10-28T09:48:51.480+0000: [ParNew: 17305K->885K(18432K), 0.0030953 secs] 544016K->527596K(896640K), 0.0031447 secs] [Times: user=0.01 sys=0.00, real=0.00 secs] 
2020-10-28T09:48:51.508+0000: [GC (Allocation Failure) 2020-10-28T09:48:51.508+0000: [ParNew: 17269K->1162K(18432K), 0.0032360 secs] 543980K->527873K(896640K), 0.0032914 secs] [Times: user=0.01 sys=0.00, real=0.00 secs] 
2020-10-28T09:48:51.533+0000: [GC (Allocation Failure) 2020-10-28T09:48:51.533+0000: [ParNew: 17546K->581K(18432K), 0.0032437 secs] 544257K->527399K(896640K), 0.0032978 secs] [Times: user=0.01 sys=0.00, real=0.01 secs] 
2020-10-28T09:48:51.559+0000: [GC (Allocation Failure) 2020-10-28T09:48:51.559+0000: [ParNew: 16965K->529K(18432K), 0.0031791 secs] 543783K->527347K(896640K), 0.0032353 secs] [Times: user=0.01 sys=0.00, real=0.00 secs] 
2020-10-28T09:48:51.588+0000: [GC (Allocation Failure) 2020-10-28T09:48:51.588+0000: [ParNew: 16913K->516K(18432K), 0.0031156 secs] 543731K->527334K(896640K), 0.0031719 secs] [Times: user=0.01 sys=0.00, real=0.00 secs] 
2020-10-28T09:48:51.615+0000: [GC (Allocation Failure) 2020-10-28T09:48:51.615+0000: [ParNew: 16900K->4K(18432K), 0.0030990 secs] 543718K->526821K(896640K), 0.0031563 secs] [Times: user=0.01 sys=0.00, real=0.01 secs] 
2020-10-28T09:48:51.641+0000: [GC (Allocation Failure) 2020-10-28T09:48:51.641+0000: [ParNew: 16388K->4K(18432K), 0.0030068 secs] 543205K->526821K(896640K), 0.0030640 secs] [Times: user=0.00 sys=0.00, real=0.00 secs] 
2020-10-28T09:48:51.672+0000: [GC (Allocation Failure) 2020-10-28T09:48:51.672+0000: [ParNew: 16388K->4K(18432K), 0.0031263 secs] 543205K->526821K(896640K), 0.0031834 secs] [Times: user=0.01 sys=0.00, real=0.00 secs] 
2020-10-28T09:48:51.696+0000: [GC (Allocation Failure) 2020-10-28T09:48:51.696+0000: [ParNew: 16388K->4K(18432K), 0.0029879 secs] 543205K->526822K(896640K), 0.0030438 secs] [Times: user=0.00 sys=0.00, real=0.00 secs] 
2020-10-28T09:48:51.717+0000: [GC (Allocation Failure) 2020-10-28T09:48:51.717+0000: [ParNew: 16388K->4K(18432K), 0.0030376 secs] 543206K->526822K(896640K), 0.0030929 secs] [Times: user=0.01 sys=0.00, real=0.00 secs] 
2020-10-28T09:48:51.740+0000: [GC (Allocation Failure) 2020-10-28T09:48:51.740+0000: [ParNew: 16388K->4K(18432K), 0.0030381 secs] 543206K->526822K(896640K), 0.0030940 secs] [Times: user=0.00 sys=0.00, real=0.00 secs] 
2020-10-28T09:48:51.761+0000: [GC (Allocation Failure) 2020-10-28T09:48:51.761+0000: [ParNew: 16388K->4K(18432K), 0.0030961 secs] 543206K->526822K(896640K), 0.0031506 secs] [Times: user=0.00 sys=0.00, real=0.00 secs] 
2020-10-28T09:48:51.783+0000: [GC (Allocation Failure) 2020-10-28T09:48:51.783+0000: [ParNew: 16388K->4K(18432K), 0.0030518 secs] 543206K->526822K(896640K), 0.0031091 secs] [Times: user=0.01 sys=0.00, real=0.00 secs] 
2020-10-28T09:48:51.804+0000: [GC (Allocation Failure) 2020-10-28T09:48:51.805+0000: [ParNew: 16388K->4K(18432K), 0.0030233 secs] 543206K->526822K(896640K), 0.0030802 secs] [Times: user=0.01 sys=0.00, real=0.01 secs] 
2020-10-28T09:48:51.830+0000: [GC (Allocation Failure) 2020-10-28T09:48:51.830+0000: [ParNew: 16388K->4K(18432K), 0.0030368 secs] 543206K->526822K(896640K), 0.0030922 secs] [Times: user=0.00 sys=0.00, real=0.00 secs] 
2020-10-28T09:48:51.863+0000: [GC (Allocation Failure) 2020-10-28T09:48:51.863+0000: [ParNew: 16388K->4K(18432K), 0.0030099 secs] 543206K->526822K(896640K), 0.0030663 secs] [Times: user=0.01 sys=0.00, real=0.00 secs] 
2020-10-28T09:48:51.892+0000: [GC (Allocation Failure) 2020-10-28T09:48:51.892+0000: [ParNew: 16388K->4K(18432K), 0.0031853 secs] 543206K->526822K(896640K), 0.0032436 secs] [Times: user=0.01 sys=0.00, real=0.00 secs] 
2020-10-28T09:48:51.933+0000: [GC (Allocation Failure) 2020-10-28T09:48:51.933+0000: [ParNew: 16388K->4K(18432K), 0.0031634 secs] 543206K->526822K(896640K), 0.0032234 secs] [Times: user=0.01 sys=0.00, real=0.01 secs] 
2020-10-28T09:48:51.964+0000: [GC (Allocation Failure) 2020-10-28T09:48:51.964+0000: [ParNew: 16388K->4K(18432K), 0.0031178 secs] 543206K->526822K(896640K), 0.0031994 secs] [Times: user=0.01 sys=0.00, real=0.00 secs] 
2020-10-28T09:48:51.992+0000: [GC (Allocation Failure) 2020-10-28T09:48:51.992+0000: [ParNew: 16388K->4K(18432K), 0.0030235 secs] 543206K->526822K(896640K), 0.0031033 secs] [Times: user=0.01 sys=0.00, real=0.00 secs] 
2020-10-28T09:48:52.021+0000: [GC (Allocation Failure) 2020-10-28T09:48:52.021+0000: [ParNew: 16388K->4K(18432K), 0.0030369 secs] 543206K->526822K(896640K), 0.0031152 secs] [Times: user=0.01 sys=0.00, real=0.00 secs] 
2020-10-28T09:48:52.052+0000: [GC (Allocation Failure) 2020-10-28T09:48:52.052+0000: [ParNew: 16388K->4K(18432K), 0.0030222 secs] 543206K->526822K(896640K), 0.0030925 secs] [Times: user=0.00 sys=0.00, real=0.00 secs] 
2020-10-28T09:48:52.083+0000: [GC (Allocation Failure) 2020-10-28T09:48:52.083+0000: [ParNew: 16388K->4K(18432K), 0.0030500 secs] 543206K->526822K(896640K), 0.0031262 secs] [Times: user=0.01 sys=0.00, real=0.00 secs] 
2020-10-28T09:48:52.112+0000: [GC (Allocation Failure) 2020-10-28T09:48:52.112+0000: [ParNew: 16388K->4K(18432K), 0.0030204 secs] 543206K->526822K(896640K), 0.0030779 secs] [Times: user=0.00 sys=0.00, real=0.00 secs] 
2020-10-28T09:48:52.150+0000: [GC (Allocation Failure) 2020-10-28T09:48:52.150+0000: [ParNew: 16388K->4K(18432K), 0.0094743 secs] 543206K->526822K(896640K), 0.0095368 secs] [Times: user=0.02 sys=0.00, real=0.01 secs] 
2020-10-28T09:48:52.193+0000: [GC (Allocation Failure) 2020-10-28T09:48:52.193+0000: [ParNew: 16388K->4K(18432K), 0.0061266 secs] 543206K->526822K(896640K), 0.0062051 secs] [Times: user=0.01 sys=0.00, real=0.01 secs] 
2020-10-28T09:48:52.240+0000: [GC (Allocation Failure) 2020-10-28T09:48:52.240+0000: [ParNew: 16388K->4K(18432K), 0.0063125 secs] 543206K->526822K(896640K), 0.0063882 secs] [Times: user=0.01 sys=0.00, real=0.00 secs] 
2020-10-28T09:48:52.280+0000: [GC (Allocation Failure) 2020-10-28T09:48:52.280+0000: [ParNew: 16388K->4K(18432K), 0.0098557 secs] 543206K->526822K(896640K), 0.0099361 secs] [Times: user=0.02 sys=0.00, real=0.01 secs] 
2020-10-28T09:48:52.324+0000: [GC (Allocation Failure) 2020-10-28T09:48:52.324+0000: [ParNew: 16388K->4K(18432K), 0.0030151 secs] 543206K->526822K(896640K), 0.0030720 secs] [Times: user=0.01 sys=0.00, real=0.00 secs] 
2020-10-28T09:48:52.352+0000: [GC (Allocation Failure) 2020-10-28T09:48:52.352+0000: [ParNew: 16388K->4K(18432K), 0.0030580 secs] 543206K->526822K(896640K), 0.0031165 secs] [Times: user=0.01 sys=0.00, real=0.00 secs] 
2020-10-28T09:48:52.376+0000: [GC (Allocation Failure) 2020-10-28T09:48:52.376+0000: [ParNew: 16388K->4K(18432K), 0.0031278 secs] 543206K->526822K(896640K), 0.0031844 secs] [Times: user=0.00 sys=0.00, real=0.00 secs] 
2020-10-28T09:48:52.396+0000: [GC (Allocation Failure) 2020-10-28T09:48:52.396+0000: [ParNew: 16388K->4K(18432K), 0.0032667 secs] 543206K->526822K(896640K), 0.0033244 secs] [Times: user=0.00 sys=0.00, real=0.00 secs] 
2020-10-28T09:48:52.416+0000: [GC (Allocation Failure) 2020-10-28T09:48:52.416+0000: [ParNew: 16388K->4K(18432K), 0.0030904 secs] 543206K->526822K(896640K), 0.0031476 secs] [Times: user=0.00 sys=0.00, real=0.00 secs] 
2020-10-28T09:48:52.440+0000: [GC (Allocation Failure) 2020-10-28T09:48:52.440+0000: [ParNew: 16388K->4K(18432K), 0.0030180 secs] 543206K->526822K(896640K), 0.0030756 secs] [Times: user=0.00 sys=0.01, real=0.00 secs] 
2020-10-28T09:48:52.459+0000: [GC (Allocation Failure) 2020-10-28T09:48:52.459+0000: [ParNew: 16388K->4K(18432K), 0.0030005 secs] 543206K->526822K(896640K), 0.0030566 secs] [Times: user=0.01 sys=0.00, real=0.00 secs] 
2020-10-28T09:48:52.478+0000: [GC (Allocation Failure) 2020-10-28T09:48:52.478+0000: [ParNew: 16388K->4K(18432K), 0.0030409 secs] 543206K->526822K(896640K), 0.0030955 secs] [Times: user=0.01 sys=0.00, real=0.00 secs] 
2020-10-28T09:48:52.506+0000: [GC (Allocation Failure) 2020-10-28T09:48:52.506+0000: [ParNew: 16388K->4K(18432K), 0.0030315 secs] 543206K->526822K(896640K), 0.0030840 secs] [Times: user=0.00 sys=0.00, real=0.01 secs] 
2020-10-28T09:48:52.528+0000: [GC (Allocation Failure) 2020-10-28T09:48:52.528+0000: [ParNew: 16388K->4K(18432K), 0.0029610 secs] 543206K->526822K(896640K), 0.0030156 secs] [Times: user=0.01 sys=0.00, real=0.00 secs] 
2020-10-28T09:48:52.548+0000: [GC (Allocation Failure) 2020-10-28T09:48:52.548+0000: [ParNew: 16388K->4K(18432K), 0.0030245 secs] 543206K->526822K(896640K), 0.0030822 secs] [Times: user=0.01 sys=0.00, real=0.00 secs] 
2020-10-28T09:48:52.567+0000: [GC (Allocation Failure) 2020-10-28T09:48:52.567+0000: [ParNew: 16388K->4K(18432K), 0.0030405 secs] 543206K->526822K(896640K), 0.0031003 secs] [Times: user=0.01 sys=0.00, real=0.01 secs] 
2020-10-28T09:48:52.588+0000: [GC (Allocation Failure) 2020-10-28T09:48:52.588+0000: [ParNew: 16388K->4K(18432K), 0.0030195 secs] 543206K->526822K(896640K), 0.0030762 secs] [Times: user=0.00 sys=0.00, real=0.00 secs] 
2020-10-28T09:48:52.607+0000: [GC (Allocation Failure) 2020-10-28T09:48:52.607+0000: [ParNew: 16388K->4K(18432K), 0.0030612 secs] 543206K->526822K(896640K), 0.0031167 secs] [Times: user=0.00 sys=0.00, real=0.01 secs] 
2020-10-28T09:48:52.626+0000: [GC (Allocation Failure) 2020-10-28T09:48:52.626+0000: [ParNew: 16388K->4K(18432K), 0.0030062 secs] 543206K->526822K(896640K), 0.0030630 secs] [Times: user=0.00 sys=0.00, real=0.01 secs] 
2020-10-28T09:48:52.648+0000: [GC (Allocation Failure) 2020-10-28T09:48:52.648+0000: [ParNew: 16388K->4K(18432K), 0.0030193 secs] 543206K->526822K(896640K), 0.0030748 secs] [Times: user=0.01 sys=0.00, real=0.00 secs] 
2020-10-28T09:48:52.668+0000: [GC (Allocation Failure) 2020-10-28T09:48:52.668+0000: [ParNew: 16388K->4K(18432K), 0.0029858 secs] 543206K->526822K(896640K), 0.0030411 secs] [Times: user=0.01 sys=0.00, real=0.00 secs] 
2020-10-28T09:48:52.687+0000: [GC (Allocation Failure) 2020-10-28T09:48:52.687+0000: [ParNew: 16388K->4K(18432K), 0.0031096 secs] 543206K->526822K(896640K), 0.0031694 secs] [Times: user=0.00 sys=0.00, real=0.01 secs] 
2020-10-28T09:48:52.706+0000: [GC (Allocation Failure) 2020-10-28T09:48:52.706+0000: [ParNew: 16388K->4K(18432K), 0.0030655 secs] 543206K->526822K(896640K), 0.0031231 secs] [Times: user=0.01 sys=0.00, real=0.01 secs] 
2020-10-28T09:48:52.725+0000: [GC (Allocation Failure) 2020-10-28T09:48:52.726+0000: [ParNew: 16388K->4K(18432K), 0.0030492 secs] 543206K->526822K(896640K), 0.0031069 secs] [Times: user=0.01 sys=0.00, real=0.01 secs] 
2020-10-28T09:48:52.745+0000: [GC (Allocation Failure) 2020-10-28T09:48:52.745+0000: [ParNew: 16388K->4K(18432K), 0.0030810 secs] 543206K->526822K(896640K), 0.0031557 secs] [Times: user=0.00 sys=0.00, real=0.01 secs] 
2020-10-28T09:48:52.764+0000: [GC (Allocation Failure) 2020-10-28T09:48:52.764+0000: [ParNew: 16388K->4K(18432K), 0.0028812 secs] 543206K->526822K(896640K), 0.0029460 secs] [Times: user=0.00 sys=0.01, real=0.00 secs] 
2020-10-28T09:48:52.784+0000: [GC (Allocation Failure) 2020-10-28T09:48:52.784+0000: [ParNew: 16388K->4K(18432K), 0.0029491 secs] 543206K->526822K(896640K), 0.0029998 secs] [Times: user=0.00 sys=0.00, real=0.00 secs] 
2020-10-28T09:48:52.802+0000: [GC (Allocation Failure) 2020-10-28T09:48:52.802+0000: [ParNew: 16388K->4K(18432K), 0.0028851 secs] 543206K->526822K(896640K), 0.0029365 secs] [Times: user=0.00 sys=0.00, real=0.00 secs] 
2020-10-28T09:48:52.821+0000: [GC (Allocation Failure) 2020-10-28T09:48:52.821+0000: [ParNew: 16388K->4K(18432K), 0.0028893 secs] 543206K->526822K(896640K), 0.0029400 secs] [Times: user=0.00 sys=0.00, real=0.00 secs] 
2020-10-28T09:48:52.840+0000: [GC (Allocation Failure) 2020-10-28T09:48:52.840+0000: [ParNew: 16388K->4K(18432K), 0.0028268 secs] 543206K->526822K(896640K), 0.0028758 secs] [Times: user=0.00 sys=0.00, real=0.00 secs] 
2020-10-28T09:48:52.859+0000: [GC (Allocation Failure) 2020-10-28T09:48:52.859+0000: [ParNew: 16388K->4K(18432K), 0.0029898 secs] 543206K->526823K(896640K), 0.0030454 secs] [Times: user=0.01 sys=0.00, real=0.00 secs] 
2020-10-28T09:48:52.878+0000: [GC (Allocation Failure) 2020-10-28T09:48:52.878+0000: [ParNew: 16388K->4K(18432K), 0.0029706 secs] 543207K->526823K(896640K), 0.0030241 secs] [Times: user=0.00 sys=0.00, real=0.00 secs] 
2020-10-28T09:48:52.897+0000: [GC (Allocation Failure) 2020-10-28T09:48:52.897+0000: [ParNew: 16388K->4K(18432K), 0.0030187 secs] 543207K->526823K(896640K), 0.0030745 secs] [Times: user=0.01 sys=0.00, real=0.00 secs] 
2020-10-28T09:48:52.920+0000: [GC (Allocation Failure) 2020-10-28T09:48:52.920+0000: [ParNew: 16388K->4K(18432K), 0.0030486 secs] 543207K->526823K(896640K), 0.0031084 secs] [Times: user=0.00 sys=0.00, real=0.00 secs] 
2020-10-28T09:48:52.943+0000: [GC (Allocation Failure) 2020-10-28T09:48:52.943+0000: [ParNew: 16388K->4K(18432K), 0.0030391 secs] 543207K->526823K(896640K), 0.0030948 secs] [Times: user=0.00 sys=0.00, real=0.00 secs] 
2020-10-28T09:48:52.964+0000: [GC (Allocation Failure) 2020-10-28T09:48:52.964+0000: [ParNew: 16388K->4K(18432K), 0.0030772 secs] 543207K->526823K(896640K), 0.0031316 secs] [Times: user=0.00 sys=0.00, real=0.00 secs] 
2020-10-28T09:48:52.983+0000: [GC (Allocation Failure) 2020-10-28T09:48:52.983+0000: [ParNew: 16388K->4K(18432K), 0.0031254 secs] 543207K->526823K(896640K), 0.0031814 secs] [Times: user=0.00 sys=0.00, real=0.00 secs] 
2020-10-28T09:48:53.004+0000: [GC (Allocation Failure) 2020-10-28T09:48:53.004+0000: [ParNew: 16388K->4K(18432K), 0.0029844 secs] 543207K->526823K(896640K), 0.0030392 secs] [Times: user=0.01 sys=0.00, real=0.00 secs] 
2020-10-28T09:48:53.023+0000: [GC (Allocation Failure) 2020-10-28T09:48:53.023+0000: [ParNew: 16388K->4K(18432K), 0.0030639 secs] 543207K->526823K(896640K), 0.0031211 secs] [Times: user=0.01 sys=0.00, real=0.00 secs] 
2020-10-28T09:48:53.042+0000: [GC (Allocation Failure) 2020-10-28T09:48:53.042+0000: [ParNew: 16388K->4K(18432K), 0.0031253 secs] 543207K->526823K(896640K), 0.0031839 secs] [Times: user=0.01 sys=0.00, real=0.00 secs] 
2020-10-28T09:48:53.061+0000: [GC (Allocation Failure) 2020-10-28T09:48:53.061+0000: [ParNew: 16388K->4K(18432K), 0.0030169 secs] 543207K->526823K(896640K), 0.0030721 secs] [Times: user=0.00 sys=0.00, real=0.00 secs] 
2020-10-28T09:48:53.082+0000: [GC (Allocation Failure) 2020-10-28T09:48:53.082+0000: [ParNew: 16388K->4K(18432K), 0.0030144 secs] 543207K->526823K(896640K), 0.0030701 secs] [Times: user=0.00 sys=0.00, real=0.00 secs] 
2020-10-28T09:48:53.101+0000: [GC (Allocation Failure) 2020-10-28T09:48:53.101+0000: [ParNew: 16388K->4K(18432K), 0.0031225 secs] 543207K->526823K(896640K), 0.0031820 secs] [Times: user=0.01 sys=0.00, real=0.00 secs] 
2020-10-28T09:48:53.124+0000: [GC (Allocation Failure) 2020-10-28T09:48:53.124+0000: [ParNew: 16388K->4K(18432K), 0.0030769 secs] 543207K->526823K(896640K), 0.0031355 secs] [Times: user=0.01 sys=0.00, real=0.00 secs] 
2020-10-28T09:48:53.144+0000: [GC (Allocation Failure) 2020-10-28T09:48:53.144+0000: [ParNew: 16388K->4K(18432K), 0.0030332 secs] 543207K->526823K(896640K), 0.0030879 secs] [Times: user=0.01 sys=0.00, real=0.00 secs] 
2020-10-28T09:48:53.163+0000: [GC (Allocation Failure) 2020-10-28T09:48:53.163+0000: [ParNew: 16388K->4K(18432K), 0.0031100 secs] 543207K->526823K(896640K), 0.0031766 secs] [Times: user=0.00 sys=0.00, real=0.00 secs] 
2020-10-28T09:48:53.184+0000: [GC (Allocation Failure) 2020-10-28T09:48:53.184+0000: [ParNew: 16388K->4K(18432K), 0.0030230 secs] 543207K->526823K(896640K), 0.0030802 secs] [Times: user=0.01 sys=0.00, real=0.00 secs] 
2020-10-28T09:48:53.204+0000: [GC (Allocation Failure) 2020-10-28T09:48:53.204+0000: [ParNew: 16388K->4K(18432K), 0.0030294 secs] 543207K->526823K(896640K), 0.0030862 secs] [Times: user=0.01 sys=0.01, real=0.00 secs] 
2020-10-28T09:48:53.223+0000: [GC (Allocation Failure) 2020-10-28T09:48:53.223+0000: [ParNew: 16388K->4K(18432K), 0.0030791 secs] 543207K->526823K(896640K), 0.0031353 secs] [Times: user=0.01 sys=0.00, real=0.00 secs] 
2020-10-28T09:48:53.242+0000: [GC (Allocation Failure) 2020-10-28T09:48:53.242+0000: [ParNew: 16388K->4K(18432K), 0.0030590 secs] 543207K->526823K(896640K), 0.0031248 secs] [Times: user=0.01 sys=0.00, real=0.00 secs] 
2020-10-28T09:48:53.261+0000: [GC (Allocation Failure) 2020-10-28T09:48:53.261+0000: [ParNew: 16388K->4K(18432K), 0.0031058 secs] 543207K->526823K(896640K), 0.0031650 secs] [Times: user=0.00 sys=0.00, real=0.00 secs] 
2020-10-28T09:48:53.280+0000: [GC (Allocation Failure) 2020-10-28T09:48:53.280+0000: [ParNew: 16388K->4K(18432K), 0.0030873 secs] 543207K->526823K(896640K), 0.0031440 secs] [Times: user=0.00 sys=0.00, real=0.00 secs] 
2020-10-28T09:48:53.300+0000: [GC (Allocation Failure) 2020-10-28T09:48:53.300+0000: [ParNew: 16388K->4K(18432K), 0.0030538 secs] 543207K->526823K(896640K), 0.0031117 secs] [Times: user=0.01 sys=0.00, real=0.00 secs] 
2020-10-28T09:48:53.319+0000: [GC (Allocation Failure) 2020-10-28T09:48:53.319+0000: [ParNew: 16388K->4K(18432K), 0.0032058 secs] 543207K->526823K(896640K), 0.0032676 secs] [Times: user=0.01 sys=0.00, real=0.00 secs] 
2020-10-28T09:48:53.338+0000: [GC (Allocation Failure) 2020-10-28T09:48:53.338+0000: [ParNew: 16388K->4K(18432K), 0.0030417 secs] 543207K->526823K(896640K), 0.0031102 secs] [Times: user=0.01 sys=0.00, real=0.00 secs] 
2020-10-28T09:48:53.360+0000: [GC (Allocation Failure) 2020-10-28T09:48:53.360+0000: [ParNew: 16388K->4K(18432K), 0.0030341 secs] 543207K->526823K(896640K), 0.0030916 secs] [Times: user=0.01 sys=0.00, real=0.00 secs] 
2020-10-28T09:48:53.379+0000: [GC (Allocation Failure) 2020-10-28T09:48:53.379+0000: [ParNew: 16388K->4K(18432K), 0.0031106 secs] 543207K->526823K(896640K), 0.0031782 secs] [Times: user=0.00 sys=0.00, real=0.00 secs] 
2020-10-28T09:48:53.404+0000: [GC (Allocation Failure) 2020-10-28T09:48:53.404+0000: [ParNew: 16388K->4K(18432K), 0.0031321 secs] 543207K->526823K(896640K), 0.0031932 secs] [Times: user=0.01 sys=0.00, real=0.00 secs] 
2020-10-28T09:48:53.427+0000: [GC (Allocation Failure) 2020-10-28T09:48:53.427+0000: [ParNew: 16388K->4K(18432K), 0.0030761 secs] 543207K->526823K(896640K), 0.0031356 secs] [Times: user=0.01 sys=0.00, real=0.01 secs] 
2020-10-28T09:48:53.446+0000: [GC (Allocation Failure) 2020-10-28T09:48:53.446+0000: [ParNew: 16388K->4K(18432K), 0.0031016 secs] 543207K->526823K(896640K), 0.0031620 secs] [Times: user=0.01 sys=0.00, real=0.01 secs] 
2020-10-28T09:48:53.468+0000: [GC (Allocation Failure) 2020-10-28T09:48:53.468+0000: [ParNew: 16388K->4K(18432K), 0.0030548 secs] 543207K->526823K(896640K), 0.0031148 secs] [Times: user=0.01 sys=0.00, real=0.00 secs] 
2020-10-28T09:48:53.487+0000: [GC (Allocation Failure) 2020-10-28T09:48:53.487+0000: [ParNew: 16388K->4K(18432K), 0.0030530 secs] 543207K->526823K(896640K), 0.0031096 secs] [Times: user=0.01 sys=0.00, real=0.01 secs] 
2020-10-28T09:48:53.506+0000: [GC (Allocation Failure) 2020-10-28T09:48:53.506+0000: [ParNew: 16388K->4K(18432K), 0.0030425 secs] 543207K->526823K(896640K), 0.0030982 secs] [Times: user=0.00 sys=0.00, real=0.01 secs] 
2020-10-28T09:48:53.525+0000: [GC (Allocation Failure) 2020-10-28T09:48:53.525+0000: [ParNew: 16388K->4K(18432K), 0.0030567 secs] 543207K->526823K(896640K), 0.0031143 secs] [Times: user=0.01 sys=0.00, real=0.01 secs] 
2020-10-28T09:48:53.544+0000: [GC (Allocation Failure) 2020-10-28T09:48:53.544+0000: [ParNew: 16388K->4K(18432K), 0.0030621 secs] 543207K->526823K(896640K), 0.0031208 secs] [Times: user=0.00 sys=0.00, real=0.01 secs] 
2020-10-28T09:48:53.567+0000: [GC (Allocation Failure) 2020-10-28T09:48:53.567+0000: [ParNew: 16388K->4K(18432K), 0.0030415 secs] 543207K->526823K(896640K), 0.0030988 secs] [Times: user=0.01 sys=0.00, real=0.01 secs] 
2020-10-28T09:48:53.588+0000: [GC (Allocation Failure) 2020-10-28T09:48:53.588+0000: [ParNew: 16388K->4K(18432K), 0.0030337 secs] 543207K->526823K(896640K), 0.0030902 secs] [Times: user=0.00 sys=0.00, real=0.00 secs] 
2020-10-28T09:48:53.607+0000: [GC (Allocation Failure) 2020-10-28T09:48:53.607+0000: [ParNew: 16388K->4K(18432K), 0.0031258 secs] 543207K->526823K(896640K), 0.0031831 secs] [Times: user=0.00 sys=0.00, real=0.01 secs] 
2020-10-28T09:48:53.628+0000: [GC (Allocation Failure) 2020-10-28T09:48:53.628+0000: [ParNew: 16388K->4K(18432K), 0.0030321 secs] 543207K->526823K(896640K), 0.0030903 secs] [Times: user=0.01 sys=0.00, real=0.00 secs] 
2020-10-28T09:48:53.657+0000: [GC (Allocation Failure) 2020-10-28T09:48:53.657+0000: [ParNew: 16388K->4K(18432K), 0.0030925 secs] 543207K->526823K(896640K), 0.0031666 secs] [Times: user=0.00 sys=0.00, real=0.00 secs] 
2020-10-28T09:48:53.677+0000: [GC (Allocation Failure) 2020-10-28T09:48:53.677+0000: [ParNew: 16388K->4K(18432K), 0.0030626 secs] 543207K->526823K(896640K), 0.0031214 secs] [Times: user=0.00 sys=0.00, real=0.00 secs] 
2020-10-28T09:48:53.700+0000: [GC (Allocation Failure) 2020-10-28T09:48:53.700+0000: [ParNew: 16388K->4K(18432K), 0.0031345 secs] 543207K->526823K(896640K), 0.0031966 secs] [Times: user=0.01 sys=0.00, real=0.00 secs] 
2020-10-28T09:48:53.720+0000: [GC (Allocation Failure) 2020-10-28T09:48:53.720+0000: [ParNew: 16388K->4K(18432K), 0.0030460 secs] 543207K->526823K(896640K), 0.0031050 secs] [Times: user=0.00 sys=0.00, real=0.00 secs] 
2020-10-28T09:48:53.740+0000: [GC (Allocation Failure) 2020-10-28T09:48:53.740+0000: [ParNew: 16388K->4K(18432K), 0.0030821 secs] 543207K->526823K(896640K), 0.0031378 secs] [Times: user=0.00 sys=0.00, real=0.00 secs] 
2020-10-28T09:48:53.759+0000: [GC (Allocation Failure) 2020-10-28T09:48:53.759+0000: [ParNew: 16388K->4K(18432K), 0.0031467 secs] 543207K->526823K(896640K), 0.0032065 secs] [Times: user=0.01 sys=0.00, real=0.00 secs] 
2020-10-28T09:48:53.778+0000: [GC (Allocation Failure) 2020-10-28T09:48:53.778+0000: [ParNew: 16388K->4K(18432K), 0.0031729 secs] 543207K->526823K(896640K), 0.0032315 secs] [Times: user=0.01 sys=0.00, real=0.00 secs] 
2020-10-28T09:48:53.800+0000: [GC (Allocation Failure) 2020-10-28T09:48:53.800+0000: [ParNew: 16388K->4K(18432K), 0.0031593 secs] 543207K->526823K(896640K), 0.0032173 secs] [Times: user=0.00 sys=0.00, real=0.00 secs] 
2020-10-28T09:48:53.819+0000: [GC (Allocation Failure) 2020-10-28T09:48:53.819+0000: [ParNew: 16388K->4K(18432K), 0.0030779 secs] 543207K->526823K(896640K), 0.0031346 secs] [Times: user=0.00 sys=0.00, real=0.00 secs] 
2020-10-28T09:48:53.838+0000: [GC (Allocation Failure) 2020-10-28T09:48:53.838+0000: [ParNew: 16388K->4K(18432K), 0.0030509 secs] 543207K->526823K(896640K), 0.0031074 secs] [Times: user=0.01 sys=0.00, real=0.00 secs] 
2020-10-28T09:48:53.857+0000: [GC (Allocation Failure) 2020-10-28T09:48:53.857+0000: [ParNew: 16388K->4K(18432K), 0.0030915 secs] 543207K->526823K(896640K), 0.0031502 secs] [Times: user=0.01 sys=0.00, real=0.00 secs] 
2020-10-28T09:48:53.876+0000: [GC (Allocation Failure) 2020-10-28T09:48:53.876+0000: [ParNew: 16388K->6K(18432K), 0.0031373 secs] 543207K->526825K(896640K), 0.0032157 secs] [Times: user=0.00 sys=0.00, real=0.00 secs] 
2020-10-28T09:48:53.899+0000: [GC (Allocation Failure) 2020-10-28T09:48:53.899+0000: [ParNew: 16390K->4K(18432K), 0.0031665 secs] 543209K->526823K(896640K), 0.0032235 secs] [Times: user=0.00 sys=0.00, real=0.00 secs] 
2020-10-28T09:48:53.918+0000: [GC (Allocation Failure) 2020-10-28T09:48:53.918+0000: [ParNew: 16388K->4K(18432K), 0.0031769 secs] 543207K->526823K(896640K), 0.0032342 secs] [Times: user=0.01 sys=0.00, real=0.00 secs] 
2020-10-28T09:48:53.940+0000: [GC (Allocation Failure) 2020-10-28T09:48:53.940+0000: [ParNew: 16388K->4K(18432K), 0.0030955 secs] 543207K->526823K(896640K), 0.0031542 secs] [Times: user=0.01 sys=0.00, real=0.00 secs] 
2020-10-28T09:48:53.959+0000: [GC (Allocation Failure) 2020-10-28T09:48:53.959+0000: [ParNew: 16388K->4K(18432K), 0.0031011 secs] 543207K->526823K(896640K), 0.0031585 secs] [Times: user=0.01 sys=0.00, real=0.00 secs] 
2020-10-28T09:48:53.980+0000: [GC (Allocation Failure) 2020-10-28T09:48:53.980+0000: [ParNew: 16388K->4K(18432K), 0.0030702 secs] 543207K->526823K(896640K), 0.0031266 secs] [Times: user=0.01 sys=0.00, real=0.00 secs] 
2020-10-28T09:48:54.000+0000: [GC (Allocation Failure) 2020-10-28T09:48:54.000+0000: [ParNew: 16388K->4K(18432K), 0.0030591 secs] 543207K->526823K(896640K), 0.0031153 secs] [Times: user=0.01 sys=0.00, real=0.00 secs] 
2020-10-28T09:48:54.020+0000: [GC (Allocation Failure) 2020-10-28T09:48:54.020+0000: [ParNew: 16388K->4K(18432K), 0.0030907 secs] 543207K->526823K(896640K), 0.0031511 secs] [Times: user=0.01 sys=0.00, real=0.00 secs] 
2020-10-28T09:48:54.039+0000: [GC (Allocation Failure) 2020-10-28T09:48:54.039+0000: [ParNew: 16388K->4K(18432K), 0.0030830 secs] 543207K->526823K(896640K), 0.0031411 secs] [Times: user=0.01 sys=0.00, real=0.00 secs] 
2020-10-28T09:48:54.060+0000: [GC (Allocation Failure) 2020-10-28T09:48:54.060+0000: [ParNew: 16388K->4K(18432K), 0.0030456 secs] 543207K->526823K(896640K), 0.0031022 secs] [Times: user=0.01 sys=0.00, real=0.00 secs] 
2020-10-28T09:48:54.079+0000: [GC (Allocation Failure) 2020-10-28T09:48:54.079+0000: [ParNew: 16388K->4K(18432K), 0.0030723 secs] 543207K->526823K(896640K), 0.0031308 secs] [Times: user=0.00 sys=0.00, real=0.00 secs] 
2020-10-28T09:48:54.098+0000: [GC (Allocation Failure) 2020-10-28T09:48:54.098+0000: [ParNew: 16388K->4K(18432K), 0.0031012 secs] 543207K->526823K(896640K), 0.0031675 secs] [Times: user=0.01 sys=0.00, real=0.00 secs] 
2020-10-28T09:48:54.117+0000: [GC (Allocation Failure) 2020-10-28T09:48:54.117+0000: [ParNew: 16388K->4K(18432K), 0.0030340 secs] 543207K->526823K(896640K), 0.0030909 secs] [Times: user=0.01 sys=0.00, real=0.00 secs] 
2020-10-28T09:48:54.136+0000: [GC (Allocation Failure) 2020-10-28T09:48:54.136+0000: [ParNew: 16388K->4K(18432K), 0.0034431 secs] 543207K->526823K(896640K), 0.0035037 secs] [Times: user=0.01 sys=0.00, real=0.00 secs] 
2020-10-28T09:48:54.156+0000: [GC (Allocation Failure) 2020-10-28T09:48:54.156+0000: [ParNew: 16388K->4K(18432K), 0.0031269 secs] 543207K->526823K(896640K), 0.0031859 secs] [Times: user=0.00 sys=0.00, real=0.00 secs] 
2020-10-28T09:48:54.176+0000: [GC (Allocation Failure) 2020-10-28T09:48:54.176+0000: [ParNew: 16388K->4K(18432K), 0.0030217 secs] 543207K->526823K(896640K), 0.0030786 secs] [Times: user=0.00 sys=0.00, real=0.00 secs] 
2020-10-28T09:48:54.195+0000: [GC (Allocation Failure) 2020-10-28T09:48:54.195+0000: [ParNew: 16388K->4K(18432K), 0.0031167 secs] 543207K->526823K(896640K), 0.0031723 secs] [Times: user=0.01 sys=0.00, real=0.01 secs] 
2020-10-28T09:48:54.216+0000: [GC (Allocation Failure) 2020-10-28T09:48:54.216+0000: [ParNew: 16388K->4K(18432K), 0.0030518 secs] 543207K->526823K(896640K), 0.0031082 secs] [Times: user=0.00 sys=0.00, real=0.00 secs] 
2020-10-28T09:48:54.239+0000: [GC (Allocation Failure) 2020-10-28T09:48:54.239+0000: [ParNew: 16388K->4K(18432K), 0.0030477 secs] 543207K->526823K(896640K), 0.0031034 secs] [Times: user=0.01 sys=0.00, real=0.00 secs] 
2020-10-28T09:48:54.258+0000: [GC (Allocation Failure) 2020-10-28T09:48:54.258+0000: [ParNew: 16388K->4K(18432K), 0.0030553 secs] 543207K->526823K(896640K), 0.0031106 secs] [Times: user=0.00 sys=0.00, real=0.00 secs] 
2020-10-28T09:48:54.278+0000: [GC (Allocation Failure) 2020-10-28T09:48:54.278+0000: [ParNew: 16388K->4K(18432K), 0.0030172 secs] 543207K->526823K(896640K), 0.0030890 secs] [Times: user=0.01 sys=0.00, real=0.00 secs] 
2020-10-28T09:48:54.300+0000: [GC (Allocation Failure) 2020-10-28T09:48:54.300+0000: [ParNew: 16388K->4K(18432K), 0.0029893 secs] 543207K->526823K(896640K), 0.0030447 secs] [Times: user=0.01 sys=0.00, real=0.00 secs] 
2020-10-28T09:48:54.320+0000: [GC (Allocation Failure) 2020-10-28T09:48:54.320+0000: [ParNew: 16388K->4K(18432K), 0.0030134 secs] 543207K->526823K(896640K), 0.0030696 secs] [Times: user=0.00 sys=0.00, real=0.00 secs] 
2020-10-28T09:48:54.340+0000: [GC (Allocation Failure) 2020-10-28T09:48:54.340+0000: [ParNew: 16388K->4K(18432K), 0.0030439 secs] 543207K->526823K(896640K), 0.0031034 secs] [Times: user=0.01 sys=0.00, real=0.00 secs] 
2020-10-28T09:48:54.359+0000: [GC (Allocation Failure) 2020-10-28T09:48:54.359+0000: [ParNew: 16388K->4K(18432K), 0.0030822 secs] 543207K->526824K(896640K), 0.0031371 secs] [Times: user=0.01 sys=0.00, real=0.00 secs] 
2020-10-28T09:48:54.378+0000: [GC (Allocation Failure) 2020-10-28T09:48:54.378+0000: [ParNew: 16388K->4K(18432K), 0.0030163 secs] 543208K->526824K(896640K), 0.0030717 secs] [Times: user=0.00 sys=0.00, real=0.00 secs] 
2020-10-28T09:48:54.397+0000: [GC (Allocation Failure) 2020-10-28T09:48:54.397+0000: [ParNew: 16388K->4K(18432K), 0.0029505 secs] 543208K->526824K(896640K), 0.0030030 secs] [Times: user=0.01 sys=0.00, real=0.00 secs] 
2020-10-28T09:48:54.416+0000: [GC (Allocation Failure) 2020-10-28T09:48:54.416+0000: [ParNew: 16388K->4K(18432K), 0.0029995 secs] 543208K->526824K(896640K), 0.0030534 secs] [Times: user=0.01 sys=0.00, real=0.00 secs] 
2020-10-28T09:48:54.439+0000: [GC (Allocation Failure) 2020-10-28T09:48:54.439+0000: [ParNew: 16388K->6K(18432K), 0.0030067 secs] 543208K->526826K(896640K), 0.0030616 secs] [Times: user=0.00 sys=0.00, real=0.00 secs] 
2020-10-28T09:48:54.460+0000: [GC (Allocation Failure) 2020-10-28T09:48:54.460+0000: [ParNew: 16390K->4K(18432K), 0.0030195 secs] 543210K->526824K(896640K), 0.0030776 secs] [Times: user=0.01 sys=0.00, real=0.00 secs] 
2020-10-28T09:48:54.480+0000: [GC (Allocation Failure) 2020-10-28T09:48:54.480+0000: [ParNew: 16388K->4K(18432K), 0.0030946 secs] 543208K->526824K(896640K), 0.0031595 secs] [Times: user=0.01 sys=0.00, real=0.00 secs] 
2020-10-28T09:48:54.499+0000: [GC (Allocation Failure) 2020-10-28T09:48:54.499+0000: [ParNew: 16388K->4K(18432K), 0.0030041 secs] 543208K->526824K(896640K), 0.0030524 secs] [Times: user=0.00 sys=0.00, real=0.00 secs] 
2020-10-28T09:48:54.520+0000: [GC (Allocation Failure) 2020-10-28T09:48:54.520+0000: [ParNew: 16388K->4K(18432K), 0.0030716 secs] 543208K->526824K(896640K), 0.0031287 secs] [Times: user=0.01 sys=0.00, real=0.00 secs] 
2020-10-28T09:48:54.540+0000: [GC (Allocation Failure) 2020-10-28T09:48:54.540+0000: [ParNew: 16388K->4K(18432K), 0.0030072 secs] 543208K->526824K(896640K), 0.0030635 secs] [Times: user=0.00 sys=0.00, real=0.00 secs] 
2020-10-28T09:48:54.559+0000: [GC (Allocation Failure) 2020-10-28T09:48:54.559+0000: [ParNew: 16388K->4K(18432K), 0.0030650 secs] 543208K->526824K(896640K), 0.0031346 secs] [Times: user=0.01 sys=0.00, real=0.00 secs] 
2020-10-28T09:48:54.580+0000: [GC (Allocation Failure) 2020-10-28T09:48:54.580+0000: [ParNew: 16388K->4K(18432K), 0.0030488 secs] 543208K->526824K(896640K), 0.0031068 secs] [Times: user=0.00 sys=0.01, real=0.00 secs] 
2020-10-28T09:48:54.600+0000: [GC (Allocation Failure) 2020-10-28T09:48:54.600+0000: [ParNew: 16388K->4K(18432K), 0.0030284 secs] 543208K->526824K(896640K), 0.0030856 secs] [Times: user=0.00 sys=0.00, real=0.00 secs] 
2020-10-28T09:48:54.620+0000: [GC (Allocation Failure) 2020-10-28T09:48:54.620+0000: [ParNew: 16388K->4K(18432K), 0.0030245 secs] 543208K->526824K(896640K), 0.0030827 secs] [Times: user=0.01 sys=0.00, real=0.00 secs] 
2020-10-28T09:48:54.639+0000: [GC (Allocation Failure) 2020-10-28T09:48:54.639+0000: [ParNew: 16388K->4K(18432K), 0.0030725 secs] 543208K->526824K(896640K), 0.0031369 secs] [Times: user=0.00 sys=0.00, real=0.00 secs] 
2020-10-28T09:48:54.658+0000: [GC (Allocation Failure) 2020-10-28T09:48:54.658+0000: [ParNew: 16388K->4K(18432K), 0.0031200 secs] 543208K->526824K(896640K), 0.0031763 secs] [Times: user=0.01 sys=0.00, real=0.00 secs] 
2020-10-28T09:48:54.677+0000: [GC (Allocation Failure) 2020-10-28T09:48:54.677+0000: [ParNew: 16388K->4K(18432K), 0.0030263 secs] 543208K->526824K(896640K), 0.0030815 secs] [Times: user=0.01 sys=0.00, real=0.00 secs] 
2020-10-28T09:48:54.700+0000: [GC (Allocation Failure) 2020-10-28T09:48:54.700+0000: [ParNew: 16388K->4K(18432K), 0.0030346 secs] 543208K->526824K(896640K), 0.0031042 secs] [Times: user=0.01 sys=0.00, real=0.00 secs] 
2020-10-28T09:48:54.720+0000: [GC (Allocation Failure) 2020-10-28T09:48:54.720+0000: [ParNew: 16388K->4K(18432K), 0.0030367 secs] 543208K->526824K(896640K), 0.0030927 secs] [Times: user=0.01 sys=0.00, real=0.00 secs] 
2020-10-28T09:48:54.739+0000: [GC (Allocation Failure) 2020-10-28T09:48:54.739+0000: [ParNew: 16388K->4K(18432K), 0.0030117 secs] 543208K->526824K(896640K), 0.0030683 secs] [Times: user=0.00 sys=0.00, real=0.00 secs] 
2020-10-28T09:48:54.760+0000: [GC (Allocation Failure) 2020-10-28T09:48:54.760+0000: [ParNew: 16388K->4K(18432K), 0.0030326 secs] 543208K->526824K(896640K), 0.0030897 secs] [Times: user=0.00 sys=0.00, real=0.00 secs] 
2020-10-28T09:48:54.784+0000: [GC (Allocation Failure) 2020-10-28T09:48:54.784+0000: [ParNew: 16388K->4K(18432K), 0.0031572 secs] 543208K->526824K(896640K), 0.0032150 secs] [Times: user=0.00 sys=0.00, real=0.00 secs] 
2020-10-28T09:48:54.804+0000: [GC (Allocation Failure) 2020-10-28T09:48:54.804+0000: [ParNew: 16388K->4K(18432K), 0.0030345 secs] 543208K->526824K(896640K), 0.0030951 secs] [Times: user=0.01 sys=0.00, real=0.00 secs] 
2020-10-28T09:48:54.823+0000: [GC (Allocation Failure) 2020-10-28T09:48:54.823+0000: [ParNew: 16388K->4K(18432K), 0.0030893 secs] 543208K->526824K(896640K), 0.0031474 secs] [Times: user=0.00 sys=0.00, real=0.00 secs] 
2020-10-28T09:48:54.844+0000: [GC (Allocation Failure) 2020-10-28T09:48:54.844+0000: [ParNew: 16388K->4K(18432K), 0.0030178 secs] 543208K->526824K(896640K), 0.0030748 secs] [Times: user=0.00 sys=0.00, real=0.00 secs] 
2020-10-28T09:48:54.863+0000: [GC (Allocation Failure) 2020-10-28T09:48:54.863+0000: [ParNew: 16388K->4K(18432K), 0.0031217 secs] 543208K->526824K(896640K), 0.0031910 secs] [Times: user=0.01 sys=0.00, real=0.00 secs] 
2020-10-28T09:48:54.882+0000: [GC (Allocation Failure) 2020-10-28T09:48:54.882+0000: [ParNew: 16388K->4K(18432K), 0.0030842 secs] 543208K->526824K(896640K), 0.0031423 secs] [Times: user=0.01 sys=0.00, real=0.00 secs] 
2020-10-28T09:48:54.901+0000: [GC (Allocation Failure) 2020-10-28T09:48:54.901+0000: [ParNew: 16388K->4K(18432K), 0.0030609 secs] 543208K->526824K(896640K), 0.0031186 secs] [Times: user=0.01 sys=0.00, real=0.00 secs] 
2020-10-28T09:48:54.920+0000: [GC (Allocation Failure) 2020-10-28T09:48:54.920+0000: [ParNew: 16388K->4K(18432K), 0.0031000 secs] 543208K->526824K(896640K), 0.0031564 secs] [Times: user=0.00 sys=0.00, real=0.00 secs] 
2020-10-28T09:48:54.939+0000: [GC (Allocation Failure) 2020-10-28T09:48:54.939+0000: [ParNew: 16388K->4K(18432K), 0.0030221 secs] 543208K->526824K(896640K), 0.0030787 secs] [Times: user=0.01 sys=0.00, real=0.00 secs] 
2020-10-28T09:48:54.960+0000: [GC (Allocation Failure) 2020-10-28T09:48:54.960+0000: [ParNew: 16388K->4K(18432K), 0.0029882 secs] 543208K->526824K(896640K), 0.0030439 secs] [Times: user=0.01 sys=0.00, real=0.00 secs] 
2020-10-28T09:48:54.979+0000: [GC (Allocation Failure) 2020-10-28T09:48:54.979+0000: [ParNew: 16388K->4K(18432K), 0.0030238 secs] 543208K->526824K(896640K), 0.0030797 secs] [Times: user=0.00 sys=0.00, real=0.00 secs] 
2020-10-28T09:48:54.998+0000: [GC (Allocation Failure) 2020-10-28T09:48:54.998+0000: [ParNew: 16388K->4K(18432K), 0.0030443 secs] 543208K->526824K(896640K), 0.0031011 secs] [Times: user=0.01 sys=0.00, real=0.00 secs] 
2020-10-28T09:48:55.020+0000: [GC (Allocation Failure) 2020-10-28T09:48:55.020+0000: [ParNew: 16388K->4K(18432K), 0.0029970 secs] 543208K->526824K(896640K), 0.0030543 secs] [Times: user=0.01 sys=0.00, real=0.00 secs] 
2020-10-28T09:48:55.040+0000: [GC (Allocation Failure) 2020-10-28T09:48:55.040+0000: [ParNew: 16388K->4K(18432K), 0.0030087 secs] 543208K->526824K(896640K), 0.0030650 secs] [Times: user=0.01 sys=0.00, real=0.00 secs] 
2020-10-28T09:48:55.059+0000: [GC (Allocation Failure) 2020-10-28T09:48:55.059+0000: [ParNew: 16388K->4K(18432K), 0.0030359 secs] 543208K->526824K(896640K), 0.0030930 secs] [Times: user=0.00 sys=0.00, real=0.00 secs] 
2020-10-28T09:48:55.080+0000: [GC (Allocation Failure) 2020-10-28T09:48:55.080+0000: [ParNew: 16388K->4K(18432K), 0.0030169 secs] 543208K->526824K(896640K), 0.0030737 secs] [Times: user=0.00 sys=0.00, real=0.00 secs] 
2020-10-28T09:48:55.100+0000: [GC (Allocation Failure) 2020-10-28T09:48:55.100+0000: [ParNew: 16388K->4K(18432K), 0.0029929 secs] 543208K->526824K(896640K), 0.0030472 secs] [Times: user=0.01 sys=0.00, real=0.00 secs] 
2020-10-28T09:48:55.119+0000: [GC (Allocation Failure) 2020-10-28T09:48:55.119+0000: [ParNew: 16388K->4K(18432K), 0.0029653 secs] 543208K->526824K(896640K), 0.0030196 secs] [Times: user=0.01 sys=0.00, real=0.00 secs] 
2020-10-28T09:48:55.138+0000: [GC (Allocation Failure) 2020-10-28T09:48:55.138+0000: [ParNew: 16388K->4K(18432K), 0.0032170 secs] 543208K->526824K(896640K), 0.0032728 secs] [Times: user=0.01 sys=0.00, real=0.00 secs] 
2020-10-28T09:48:55.157+0000: [GC (Allocation Failure) 2020-10-28T09:48:55.157+0000: [ParNew: 16388K->4K(18432K), 0.0030053 secs] 543208K->526824K(896640K), 0.0030730 secs] [Times: user=0.00 sys=0.00, real=0.00 secs] 
2020-10-28T09:48:55.180+0000: [GC (Allocation Failure) 2020-10-28T09:48:55.180+0000: [ParNew: 16388K->4K(18432K), 0.0030142 secs] 543208K->526824K(896640K), 0.0030705 secs] [Times: user=0.01 sys=0.00, real=0.00 secs] 
2020-10-28T09:48:55.200+0000: [GC (Allocation Failure) 2020-10-28T09:48:55.200+0000: [ParNew: 16388K->6K(18432K), 0.0029979 secs] 543208K->526826K(896640K), 0.0030536 secs] [Times: user=0.01 sys=0.00, real=0.00 secs] 
2020-10-28T09:48:55.219+0000: [GC (Allocation Failure) 2020-10-28T09:48:55.219+0000: [ParNew: 16390K->4K(18432K), 0.0030167 secs] 543210K->526824K(896640K), 0.0030752 secs] [Times: user=0.00 sys=0.00, real=0.00 secs] 
2020-10-28T09:48:55.237+0000: [GC (Allocation Failure) 2020-10-28T09:48:55.238+0000: [ParNew: 16388K->4K(18432K), 0.0029972 secs] 543208K->526824K(896640K), 0.0030818 secs] [Times: user=0.00 sys=0.00, real=0.00 secs] 
2020-10-28T09:48:55.256+0000: [GC (Allocation Failure) 2020-10-28T09:48:55.256+0000: [ParNew: 16388K->4K(18432K), 0.0029822 secs] 543208K->526824K(896640K), 0.0030380 secs] [Times: user=0.01 sys=0.00, real=0.00 secs] 
2020-10-28T09:48:55.279+0000: [GC (Allocation Failure) 2020-10-28T09:48:55.279+0000: [ParNew: 16388K->4K(18432K), 0.0029624 secs] 543208K->526824K(896640K), 0.0030169 secs] [Times: user=0.01 sys=0.00, real=0.00 secs] 
2020-10-28T09:48:55.300+0000: [GC (Allocation Failure) 2020-10-28T09:48:55.300+0000: [ParNew: 16388K->4K(18432K), 0.0029924 secs] 543208K->526824K(896640K), 0.0030483 secs] [Times: user=0.00 sys=0.00, real=0.00 secs] 
2020-10-28T09:48:55.319+0000: [GC (Allocation Failure) 2020-10-28T09:48:55.319+0000: [ParNew: 16388K->4K(18432K), 0.0030458 secs] 543208K->526824K(896640K), 0.0031046 secs] [Times: user=0.01 sys=0.00, real=0.00 secs] 
2020-10-28T09:48:55.338+0000: [GC (Allocation Failure) 2020-10-28T09:48:55.338+0000: [ParNew: 16388K->4K(18432K), 0.0031069 secs] 543208K->526824K(896640K), 0.0031641 secs] [Times: user=0.00 sys=0.00, real=0.00 secs] 
2020-10-28T09:48:55.360+0000: [GC (Allocation Failure) 2020-10-28T09:48:55.360+0000: [ParNew: 16388K->4K(18432K), 0.0030124 secs] 543208K->526824K(896640K), 0.0030703 secs] [Times: user=0.00 sys=0.00, real=0.00 secs] 
2020-10-28T09:48:55.379+0000: [GC (Allocation Failure) 2020-10-28T09:48:55.379+0000: [ParNew: 16388K->4K(18432K), 0.0030398 secs] 543208K->526824K(896640K), 0.0030967 secs] [Times: user=0.00 sys=0.00, real=0.00 secs] 
2020-10-28T09:48:55.402+0000: [GC (Allocation Failure) 2020-10-28T09:48:55.402+0000: [ParNew: 16388K->4K(18432K), 0.0030557 secs] 543208K->526824K(896640K), 0.0031124 secs] [Times: user=0.01 sys=0.00, real=0.00 secs] 
2020-10-28T09:48:55.424+0000: [GC (Allocation Failure) 2020-10-28T09:48:55.424+0000: [ParNew: 16388K->4K(18432K), 0.0030347 secs] 543208K->526824K(896640K), 0.0030908 secs] [Times: user=0.01 sys=0.00, real=0.00 secs] 
2020-10-28T09:48:55.444+0000: [GC (Allocation Failure) 2020-10-28T09:48:55.444+0000: [ParNew: 16388K->4K(18432K), 0.0030158 secs] 543208K->526824K(896640K), 0.0030716 secs] [Times: user=0.00 sys=0.00, real=0.00 secs] 
2020-10-28T09:48:55.462+0000: [GC (Allocation Failure) 2020-10-28T09:48:55.462+0000: [ParNew: 16388K->4K(18432K), 0.0030235 secs] 543208K->526824K(896640K), 0.0030792 secs] [Times: user=0.01 sys=0.00, real=0.00 secs] 
2020-10-28T09:48:55.481+0000: [GC (Allocation Failure) 2020-10-28T09:48:55.481+0000: [ParNew: 16388K->4K(18432K), 0.0030578 secs] 543208K->526824K(896640K), 0.0031158 secs] [Times: user=0.01 sys=0.00, real=0.00 secs] 
2020-10-28T09:48:55.506+0000: [GC (Allocation Failure) 2020-10-28T09:48:55.506+0000: [ParNew: 16388K->4K(18432K), 0.0030622 secs] 543208K->526824K(896640K), 0.0031284 secs] [Times: user=0.01 sys=0.00, real=0.01 secs] 
2020-10-28T09:48:55.529+0000: [GC (Allocation Failure) 2020-10-28T09:48:55.529+0000: [ParNew: 16388K->4K(18432K), 0.0030926 secs] 543208K->526824K(896640K), 0.0031490 secs] [Times: user=0.01 sys=0.00, real=0.00 secs] 
2020-10-28T09:48:55.548+0000: [GC (Allocation Failure) 2020-10-28T09:48:55.548+0000: [ParNew: 16388K->4K(18432K), 0.0030083 secs] 543208K->526824K(896640K), 0.0030650 secs] [Times: user=0.00 sys=0.00, real=0.00 secs] 
2020-10-28T09:48:55.566+0000: [GC (Allocation Failure) 2020-10-28T09:48:55.567+0000: [ParNew: 16388K->4K(18432K), 0.0030133 secs] 543208K->526824K(896640K), 0.0030699 secs] [Times: user=0.00 sys=0.00, real=0.01 secs] 
2020-10-28T09:48:55.585+0000: [GC (Allocation Failure) 2020-10-28T09:48:55.586+0000: [ParNew: 16388K->4K(18432K), 0.0029761 secs] 543208K->526824K(896640K), 0.0030296 secs] [Times: user=0.01 sys=0.00, real=0.01 secs] 
2020-10-28T09:48:55.604+0000: [GC (Allocation Failure) 2020-10-28T09:48:55.604+0000: [ParNew: 16388K->4K(18432K), 0.0030347 secs] 543208K->526824K(896640K), 0.0031132 secs] [Times: user=0.00 sys=0.01, real=0.01 secs] 
2020-10-28T09:48:55.628+0000: [GC (Allocation Failure) 2020-10-28T09:48:55.628+0000: [ParNew: 16388K->4K(18432K), 0.0030187 secs] 543208K->526824K(896640K), 0.0030754 secs] [Times: user=0.00 sys=0.00, real=0.00 secs] 
2020-10-28T09:48:55.647+0000: [GC (Allocation Failure) 2020-10-28T09:48:55.647+0000: [ParNew: 16388K->4K(18432K), 0.0030640 secs] 543208K->526824K(896640K), 0.0031187 secs] [Times: user=0.00 sys=0.00, real=0.01 secs] 
2020-10-28T09:48:55.668+0000: [GC (Allocation Failure) 2020-10-28T09:48:55.668+0000: [ParNew: 16388K->6K(18432K), 0.0030648 secs] 543208K->526826K(896640K), 0.0031348 secs] [Times: user=0.01 sys=0.00, real=0.00 secs] 
2020-10-28T09:48:55.687+0000: [GC (Allocation Failure) 2020-10-28T09:48:55.687+0000: [ParNew: 16390K->4K(18432K), 0.0031310 secs] 543210K->526824K(896640K), 0.0031862 secs] [Times: user=0.00 sys=0.00, real=0.01 secs] 
2020-10-28T09:48:55.708+0000: [GC (Allocation Failure) 2020-10-28T09:48:55.708+0000: [ParNew: 16388K->4K(18432K), 0.0031067 secs] 543208K->526824K(896640K), 0.0031605 secs] [Times: user=0.01 sys=0.00, real=0.00 secs] 
2020-10-28T09:48:55.726+0000: [GC (Allocation Failure) 2020-10-28T09:48:55.727+0000: [ParNew: 16388K->4K(18432K), 0.0031284 secs] 543208K->526824K(896640K), 0.0031938 secs] [Times: user=0.00 sys=0.00, real=0.01 secs] 
2020-10-28T09:48:55.745+0000: [GC (Allocation Failure) 2020-10-28T09:48:55.745+0000: [ParNew: 16347K->4K(18432K), 0.0030820 secs] 543168K->526824K(896640K), 0.0031393 secs] [Times: user=0.01 sys=0.00, real=0.01 secs] 
2020-10-28T09:48:55.768+0000: [GC (Allocation Failure) 2020-10-28T09:48:55.768+0000: [ParNew: 16388K->4K(18432K), 0.0032018 secs] 543208K->526824K(896640K), 0.0032673 secs] [Times: user=0.00 sys=0.00, real=0.00 secs] 
2020-10-28T09:48:55.787+0000: [GC (Allocation Failure) 2020-10-28T09:48:55.787+0000: [ParNew: 16388K->4K(18432K), 0.0031709 secs] 543208K->526824K(896640K), 0.0032341 secs] [Times: user=0.01 sys=0.00, real=0.01 secs] 
2020-10-28T09:48:55.808+0000: [GC (Allocation Failure) 2020-10-28T09:48:55.808+0000: [ParNew: 16388K->4K(18432K), 0.0030916 secs] 543208K->526824K(896640K), 0.0031487 secs] [Times: user=0.01 sys=0.00, real=0.00 secs] 
2020-10-28T09:48:55.827+0000: [GC (Allocation Failure) 2020-10-28T09:48:55.827+0000: [ParNew: 16388K->4K(18432K), 0.0030974 secs] 543208K->526824K(896640K), 0.0031544 secs] [Times: user=0.01 sys=0.00, real=0.01 secs] 
2020-10-28T09:48:55.848+0000: [GC (Allocation Failure) 2020-10-28T09:48:55.848+0000: [ParNew: 16388K->4K(18432K), 0.0030955 secs] 543208K->526824K(896640K), 0.0031525 secs] [Times: user=0.01 sys=0.00, real=0.00 secs] 
2020-10-28T09:48:55.868+0000: [GC (Allocation Failure) 2020-10-28T09:48:55.868+0000: [ParNew: 16388K->4K(18432K), 0.0030571 secs] 543208K->526824K(896640K), 0.0031152 secs] [Times: user=0.00 sys=0.00, real=0.00 secs] 
2020-10-28T09:48:55.887+0000: [GC (Allocation Failure) 2020-10-28T09:48:55.887+0000: [ParNew: 16388K->4K(18432K), 0.0030383 secs] 543208K->526824K(896640K), 0.0030967 secs] [Times: user=0.00 sys=0.00, real=0.01 secs] 
2020-10-28T09:48:55.906+0000: [GC (Allocation Failure) 2020-10-28T09:48:55.906+0000: [ParNew: 16388K->4K(18432K), 0.0030485 secs] 543208K->526824K(896640K), 0.0031033 secs] [Times: user=0.01 sys=0.00, real=0.01 secs] 
2020-10-28T09:48:55.925+0000: [GC (Allocation Failure) 2020-10-28T09:48:55.925+0000: [ParNew: 16388K->4K(18432K), 0.0030617 secs] 543208K->526824K(896640K), 0.0031156 secs] [Times: user=0.00 sys=0.00, real=0.01 secs] 
2020-10-28T09:48:55.948+0000: [GC (Allocation Failure) 2020-10-28T09:48:55.948+0000: [ParNew: 16388K->4K(18432K), 0.0030450 secs] 543208K->526824K(896640K), 0.0030997 secs] [Times: user=0.00 sys=0.00, real=0.00 secs] 
2020-10-28T09:48:55.967+0000: [GC (Allocation Failure) 2020-10-28T09:48:55.967+0000: [ParNew: 16388K->4K(18432K), 0.0031438 secs] 543208K->526824K(896640K), 0.0031991 secs] [Times: user=0.01 sys=0.00, real=0.01 secs] 
2020-10-28T09:48:55.988+0000: [GC (Allocation Failure) 2020-10-28T09:48:55.988+0000: [ParNew: 16388K->4K(18432K), 0.0031367 secs] 543208K->526824K(896640K), 0.0032106 secs] [Times: user=0.01 sys=0.01, real=0.00 secs] 
2020-10-28T09:48:56.007+0000: [GC (Allocation Failure) 2020-10-28T09:48:56.007+0000: [ParNew: 16388K->4K(18432K), 0.0030358 secs] 543208K->526824K(896640K), 0.0030932 secs] [Times: user=0.01 sys=0.00, real=0.01 secs] 
2020-10-28T09:48:56.028+0000: [GC (Allocation Failure) 2020-10-28T09:48:56.028+0000: [ParNew: 16388K->4K(18432K), 0.0029996 secs] 543208K->526824K(896640K), 0.0030552 secs] [Times: user=0.00 sys=0.00, real=0.00 secs] 
2020-10-28T09:48:56.048+0000: [GC (Allocation Failure) 2020-10-28T09:48:56.048+0000: [ParNew: 16388K->4K(18432K), 0.0030734 secs] 543208K->526825K(896640K), 0.0031362 secs] [Times: user=0.01 sys=0.00, real=0.00 secs] 
2020-10-28T09:48:56.067+0000: [GC (Allocation Failure) 2020-10-28T09:48:56.067+0000: [ParNew: 16388K->4K(18432K), 0.0031345 secs] 543209K->526825K(896640K), 0.0031938 secs] [Times: user=0.00 sys=0.00, real=0.01 secs] 
2020-10-28T09:48:56.086+0000: [GC (Allocation Failure) 2020-10-28T09:48:56.086+0000: [ParNew: 16388K->4K(18432K), 0.0031179 secs] 543209K->526825K(896640K), 0.0031757 secs] [Times: user=0.01 sys=0.00, real=0.01 secs] 
2020-10-28T09:48:56.108+0000: [GC (Allocation Failure) 2020-10-28T09:48:56.108+0000: [ParNew: 16388K->4K(18432K), 0.0030212 secs] 543209K->526825K(896640K), 0.0030789 secs] [Times: user=0.01 sys=0.00, real=0.00 secs] 
2020-10-28T09:48:56.131+0000: [GC (Allocation Failure) 2020-10-28T09:48:56.131+0000: [ParNew: 16388K->4K(18432K), 0.0030513 secs] 543209K->526825K(896640K), 0.0031087 secs] [Times: user=0.01 sys=0.00, real=0.00 secs] 
2020-10-28T09:48:56.150+0000: [GC (Allocation Failure) 2020-10-28T09:48:56.150+0000: [ParNew: 16388K->4K(18432K), 0.0031114 secs] 543209K->526825K(896640K), 0.0031692 secs] [Times: user=0.01 sys=0.00, real=0.00 secs] 
2020-10-28T09:48:56.172+0000: [GC (Allocation Failure) 2020-10-28T09:48:56.172+0000: [ParNew: 16388K->4K(18432K), 0.0030689 secs] 543209K->526825K(896640K), 0.0031271 secs] [Times: user=0.01 sys=0.00, real=0.00 secs] 
2020-10-28T09:48:56.192+0000: [GC (Allocation Failure) 2020-10-28T09:48:56.192+0000: [ParNew: 16388K->4K(18432K), 0.0030523 secs] 543209K->526825K(896640K), 0.0031097 secs] [Times: user=0.01 sys=0.00, real=0.00 secs] 
2020-10-28T09:48:56.211+0000: [GC (Allocation Failure) 2020-10-28T09:48:56.211+0000: [ParNew: 16388K->4K(18432K), 0.0030612 secs] 543209K->526825K(896640K), 0.0031193 secs] [Times: user=0.01 sys=0.00, real=0.00 secs] 
2020-10-28T09:48:56.230+0000: [GC (Allocation Failure) 2020-10-28T09:48:56.230+0000: [ParNew: 16388K->4K(18432K), 0.0030479 secs] 543209K->526825K(896640K), 0.0031062 secs] [Times: user=0.01 sys=0.00, real=0.00 secs] 
2020-10-28T09:48:56.252+0000: [GC (Allocation Failure) 2020-10-28T09:48:56.252+0000: [ParNew: 16388K->4K(18432K), 0.0030427 secs] 543209K->526825K(896640K), 0.0030973 secs] [Times: user=0.00 sys=0.00, real=0.00 secs] 
2020-10-28T09:48:56.271+0000: [GC (Allocation Failure) 2020-10-28T09:48:56.271+0000: [ParNew: 16388K->4K(18432K), 0.0030810 secs] 543209K->526825K(896640K), 0.0031366 secs] [Times: user=0.00 sys=0.00, real=0.00 secs] 
2020-10-28T09:48:56.292+0000: [GC (Allocation Failure) 2020-10-28T09:48:56.292+0000: [ParNew: 16388K->4K(18432K), 0.0030712 secs] 543209K->526825K(896640K), 0.0031265 secs] [Times: user=0.00 sys=0.00, real=0.00 secs] 
2020-10-28T09:48:56.312+0000: [GC (Allocation Failure) 2020-10-28T09:48:56.312+0000: [ParNew: 16388K->4K(18432K), 0.0030129 secs] 543209K->526825K(896640K), 0.0030696 secs] [Times: user=0.00 sys=0.00, real=0.00 secs] 
2020-10-28T09:48:56.331+0000: [GC (Allocation Failure) 2020-10-28T09:48:56.331+0000: [ParNew: 16388K->4K(18432K), 0.0031209 secs] 543209K->526825K(896640K), 0.0031746 secs] [Times: user=0.01 sys=0.00, real=0.00 secs] 
2020-10-28T09:48:56.350+0000: [GC (Allocation Failure) 2020-10-28T09:48:56.350+0000: [ParNew: 16388K->4K(18432K), 0.0030354 secs] 543209K->526825K(896640K), 0.0030894 secs] [Times: user=0.01 sys=0.00, real=0.00 secs] 
2020-10-28T09:48:56.372+0000: [GC (Allocation Failure) 2020-10-28T09:48:56.372+0000: [ParNew: 16388K->4K(18432K), 0.0030475 secs] 543209K->526825K(896640K), 0.0031051 secs] [Times: user=0.01 sys=0.00, real=0.00 secs] 
2020-10-28T09:48:56.391+0000: [GC (Allocation Failure) 2020-10-28T09:48:56.391+0000: [ParNew: 16388K->4K(18432K), 0.0031159 secs] 543209K->526825K(896640K), 0.0031801 secs] [Times: user=0.00 sys=0.00, real=0.00 secs] 
2020-10-28T09:48:56.412+0000: [GC (Allocation Failure) 2020-10-28T09:48:56.412+0000: [ParNew: 16388K->4K(18432K), 0.0030569 secs] 543209K->526825K(896640K), 0.0031141 secs] [Times: user=0.01 sys=0.00, real=0.00 secs] 
2020-10-28T09:48:56.432+0000: [GC (Allocation Failure) 2020-10-28T09:48:56.432+0000: [ParNew: 16388K->4K(18432K), 0.0030047 secs] 543209K->526825K(896640K), 0.0030602 secs] [Times: user=0.00 sys=0.00, real=0.00 secs] 
2020-10-28T09:48:56.451+0000: [GC (Allocation Failure) 2020-10-28T09:48:56.451+0000: [ParNew: 16388K->4K(18432K), 0.0030125 secs] 543209K->526825K(896640K), 0.0030692 secs] [Times: user=0.01 sys=0.00, real=0.00 secs] 
2020-10-28T09:48:56.470+0000: [GC (Allocation Failure) 2020-10-28T09:48:56.470+0000: [ParNew: 16388K->4K(18432K), 0.0030605 secs] 543209K->526825K(896640K), 0.0031149 secs] [Times: user=0.01 sys=0.00, real=0.00 secs] 
2020-10-28T09:48:56.489+0000: [GC (Allocation Failure) 2020-10-28T09:48:56.489+0000: [ParNew: 16388K->4K(18432K), 0.0030598 secs] 543209K->526825K(896640K), 0.0031147 secs] [Times: user=0.01 sys=0.00, real=0.00 secs] 
2020-10-28T09:48:56.512+0000: [GC (Allocation Failure) 2020-10-28T09:48:56.512+0000: [ParNew: 16388K->4K(18432K), 0.0030522 secs] 543209K->526825K(896640K), 0.0031043 secs] [Times: user=0.00 sys=0.00, real=0.00 secs] 
2020-10-28T09:48:56.531+0000: [GC (Allocation Failure) 2020-10-28T09:48:56.531+0000: [ParNew: 16388K->4K(18432K), 0.0031411 secs] 543209K->526825K(896640K), 0.0031989 secs] [Times: user=0.01 sys=0.00, real=0.00 secs] 
2020-10-28T09:48:56.552+0000: [GC (Allocation Failure) 2020-10-28T09:48:56.552+0000: [ParNew: 16388K->4K(18432K), 0.0031751 secs] 543209K->526825K(896640K), 0.0032321 secs] [Times: user=0.01 sys=0.00, real=0.00 secs] 
2020-10-28T09:48:56.571+0000: [GC (Allocation Failure) 2020-10-28T09:48:56.571+0000: [ParNew: 16388K->4K(18432K), 0.0031380 secs] 543209K->526825K(896640K), 0.0031965 secs] [Times: user=0.01 sys=0.00, real=0.00 secs] 
2020-10-28T09:48:56.590+0000: [GC (Allocation Failure) 2020-10-28T09:48:56.590+0000: [ParNew: 16388K->4K(18432K), 0.0030678 secs] 543209K->526825K(896640K), 0.0031449 secs] [Times: user=0.01 sys=0.00, real=0.00 secs] 
2020-10-28T09:48:56.609+0000: [GC (Allocation Failure) 2020-10-28T09:48:56.609+0000: [ParNew: 16388K->4K(18432K), 0.0030308 secs] 543209K->526825K(896640K), 0.0030875 secs] [Times: user=0.00 sys=0.00, real=0.00 secs] 
2020-10-28T09:48:56.628+0000: [GC (Allocation Failure) 2020-10-28T09:48:56.628+0000: [ParNew: 16388K->4K(18432K), 0.0030410 secs] 543209K->526825K(896640K), 0.0030995 secs] [Times: user=0.01 sys=0.00, real=0.00 secs] 
2020-10-28T09:48:56.648+0000: [GC (Allocation Failure) 2020-10-28T09:48:56.648+0000: [ParNew: 16388K->4K(18432K), 0.0030305 secs] 543209K->526825K(896640K), 0.0030877 secs] [Times: user=0.01 sys=0.00, real=0.00 secs] 
2020-10-28T09:48:56.667+0000: [GC (Allocation Failure) 2020-10-28T09:48:56.667+0000: [ParNew: 16388K->4K(18432K), 0.0030204 secs] 543209K->526825K(896640K), 0.0030754 secs] [Times: user=0.01 sys=0.00, real=0.01 secs] 
2020-10-28T09:48:56.688+0000: [GC (Allocation Failure) 2020-10-28T09:48:56.688+0000: [ParNew: 16388K->4K(18432K), 0.0030367 secs] 543209K->526825K(896640K), 0.0030939 secs] [Times: user=0.01 sys=0.00, real=0.00 secs] 
2020-10-28T09:48:56.707+0000: [GC (Allocation Failure) 2020-10-28T09:48:56.707+0000: [ParNew: 16388K->4K(18432K), 0.0030166 secs] 543209K->526825K(896640K), 0.0030719 secs] [Times: user=0.00 sys=0.00, real=0.01 secs] 
2020-10-28T09:48:56.726+0000: [GC (Allocation Failure) 2020-10-28T09:48:56.726+0000: [ParNew: 16388K->4K(18432K), 0.0030169 secs] 543209K->526825K(896640K), 0.0030757 secs] [Times: user=0.01 sys=0.00, real=0.01 secs] 
2020-10-28T09:48:56.745+0000: [GC (Allocation Failure) 2020-10-28T09:48:56.745+0000: [ParNew: 16388K->4K(18432K), 0.0030633 secs] 543209K->526825K(896640K), 0.0031357 secs] [Times: user=0.01 sys=0.00, real=0.01 secs] 
2020-10-28T09:48:56.763+0000: [GC (Allocation Failure) 2020-10-28T09:48:56.764+0000: [ParNew: 16388K->4K(18432K), 0.0030880 secs] 543209K->526825K(896640K), 0.0031573 secs] [Times: user=0.01 sys=0.00, real=0.00 secs] 
2020-10-28T09:48:56.784+0000: [GC (Allocation Failure) 2020-10-28T09:48:56.785+0000: [ParNew: 16388K->4K(18432K), 0.0031131 secs] 543209K->526825K(896640K), 0.0031721 secs] [Times: user=0.00 sys=0.00, real=0.01 secs] 
2020-10-28T09:48:56.806+0000: [GC (Allocation Failure) 2020-10-28T09:48:56.806+0000: [ParNew: 16388K->4K(18432K), 0.0031652 secs] 543209K->526825K(896640K), 0.0032247 secs] [Times: user=0.01 sys=0.00, real=0.01 secs] 
2020-10-28T09:48:56.825+0000: [GC (Allocation Failure) 2020-10-28T09:48:56.825+0000: [ParNew: 16388K->4K(18432K), 0.0030570 secs] 543209K->526825K(896640K), 0.0031136 secs] [Times: user=0.00 sys=0.00, real=0.01 secs] 
2020-10-28T09:48:56.848+0000: [GC (Allocation Failure) 2020-10-28T09:48:56.848+0000: [ParNew: 16388K->4K(18432K), 0.0030077 secs] 543209K->526825K(896640K), 0.0030646 secs] [Times: user=0.01 sys=0.00, real=0.00 secs] 
2020-10-28T09:48:56.867+0000: [GC (Allocation Failure) 2020-10-28T09:48:56.867+0000: [ParNew: 16388K->4K(18432K), 0.0029976 secs] 543209K->526825K(896640K), 0.0030526 secs] [Times: user=0.01 sys=0.00, real=0.01 secs] 
2020-10-28T09:48:56.886+0000: [GC (Allocation Failure) 2020-10-28T09:48:56.886+0000: [ParNew: 16388K->4K(18432K), 0.0030183 secs] 543209K->526825K(896640K), 0.0030755 secs] [Times: user=0.00 sys=0.00, real=0.01 secs] 
2020-10-28T09:48:56.905+0000: [GC (Allocation Failure) 2020-10-28T09:48:56.905+0000: [ParNew: 16388K->4K(18432K), 0.0030090 secs] 543209K->526825K(896640K), 0.0030659 secs] [Times: user=0.00 sys=0.00, real=0.01 secs] 
2020-10-28T09:48:56.928+0000: [GC (Allocation Failure) 2020-10-28T09:48:56.928+0000: [ParNew: 16388K->4K(18432K), 0.0030684 secs] 543209K->526825K(896640K), 0.0031256 secs] [Times: user=0.00 sys=0.00, real=0.00 secs] 
2020-10-28T09:48:56.947+0000: [GC (Allocation Failure) 2020-10-28T09:48:56.947+0000: [ParNew: 16388K->4K(18432K), 0.0030160 secs] 543209K->526825K(896640K), 0.0030741 secs] [Times: user=0.01 sys=0.00, real=0.01 secs] 
2020-10-28T09:48:56.966+0000: [GC (Allocation Failure) 2020-10-28T09:48:56.966+0000: [ParNew: 16388K->4K(18432K), 0.0029575 secs] 543209K->526825K(896640K), 0.0030118 secs] [Times: user=0.00 sys=0.00, real=0.01 secs] 
2020-10-28T09:48:56.985+0000: [GC (Allocation Failure) 2020-10-28T09:48:56.985+0000: [ParNew: 16388K->4K(18432K), 0.0031199 secs] 543209K->526825K(896640K), 0.0031745 secs] [Times: user=0.01 sys=0.00, real=0.01 secs] 
2020-10-28T09:48:57.008+0000: [GC (Allocation Failure) 2020-10-28T09:48:57.008+0000: [ParNew: 16388K->4K(18432K), 0.0030130 secs] 543209K->526825K(896640K), 0.0030773 secs] [Times: user=0.01 sys=0.00, real=0.00 secs] 
2020-10-28T09:48:57.027+0000: [GC (Allocation Failure) 2020-10-28T09:48:57.027+0000: [ParNew: 16388K->4K(18432K), 0.0030084 secs] 543209K->526825K(896640K), 0.0030633 secs] [Times: user=0.00 sys=0.00, real=0.01 secs] 
2020-10-28T09:48:57.045+0000: [GC (Allocation Failure) 2020-10-28T09:48:57.045+0000: [ParNew: 16388K->4K(18432K), 0.0031698 secs] 543209K->526825K(896640K), 0.0032282 secs] [Times: user=0.01 sys=0.00, real=0.01 secs] 
2020-10-28T09:48:57.065+0000: [GC (Allocation Failure) 2020-10-28T09:48:57.065+0000: [ParNew: 16388K->4K(18432K), 0.0031260 secs] 543209K->526825K(896640K), 0.0031841 secs] [Times: user=0.00 sys=0.00, real=0.01 secs] 
2020-10-28T09:48:57.084+0000: [GC (Allocation Failure) 2020-10-28T09:48:57.084+0000: [ParNew: 16388K->4K(18432K), 0.0030349 secs] 543209K->526825K(896640K), 0.0031048 secs] [Times: user=0.00 sys=0.00, real=0.00 secs] 
2020-10-28T09:48:57.103+0000: [GC (Allocation Failure) 2020-10-28T09:48:57.103+0000: [ParNew: 16388K->4K(18432K), 0.0030761 secs] 543209K->526825K(896640K), 0.0031347 secs] [Times: user=0.01 sys=0.00, real=0.00 secs] 
2020-10-28T09:48:57.124+0000: [GC (Allocation Failure) 2020-10-28T09:48:57.124+0000: [ParNew: 16388K->4K(18432K), 0.0030622 secs] 543209K->526825K(896640K), 0.0031202 secs] [Times: user=0.00 sys=0.00, real=0.00 secs] 
2020-10-28T09:48:57.144+0000: [GC (Allocation Failure) 2020-10-28T09:48:57.144+0000: [ParNew: 16388K->4K(18432K), 0.0031943 secs] 543209K->526825K(896640K), 0.0032528 secs] [Times: user=0.00 sys=0.00, real=0.00 secs] 
2020-10-28T09:48:57.164+0000: [GC (Allocation Failure) 2020-10-28T09:48:57.164+0000: [ParNew: 16360K->4K(18432K), 0.0030318 secs] 543181K->526825K(896640K), 0.0030889 secs] [Times: user=0.00 sys=0.00, real=0.00 secs] 
2020-10-28T09:48:57.183+0000: [GC (Allocation Failure) 2020-10-28T09:48:57.183+0000: [ParNew: 16388K->4K(18432K), 0.0030586 secs] 543209K->526825K(896640K), 0.0031164 secs] [Times: user=0.01 sys=0.00, real=0.00 secs] 
2020-10-28T09:48:57.204+0000: [GC (Allocation Failure) 2020-10-28T09:48:57.204+0000: [ParNew: 16388K->4K(18432K), 0.0030403 secs] 543209K->526825K(896640K), 0.0030972 secs] [Times: user=0.01 sys=0.00, real=0.00 secs] 
2020-10-28T09:48:57.223+0000: [GC (Allocation Failure) 2020-10-28T09:48:57.223+0000: [ParNew: 16388K->4K(18432K), 0.0030450 secs] 543209K->526825K(896640K), 0.0031029 secs] [Times: user=0.01 sys=0.00, real=0.00 secs] 
2020-10-28T09:48:57.241+0000: [GC (Allocation Failure) 2020-10-28T09:48:57.241+0000: [ParNew: 16388K->4K(18432K), 0.0030324 secs] 543209K->526825K(896640K), 0.0030885 secs] [Times: user=0.00 sys=0.00, real=0.00 secs] 
2020-10-28T09:48:57.264+0000: [GC (Allocation Failure) 2020-10-28T09:48:57.264+0000: [ParNew: 16388K->4K(18432K), 0.0030158 secs] 543209K->526825K(896640K), 0.0030720 secs] [Times: user=0.01 sys=0.00, real=0.00 secs] 
2020-10-28T09:48:57.283+0000: [GC (Allocation Failure) 2020-10-28T09:48:57.283+0000: [ParNew: 16388K->4K(18432K), 0.0030225 secs] 543209K->526825K(896640K), 0.0030785 secs] [Times: user=0.01 sys=0.00, real=0.00 secs] 
2020-10-28T09:48:57.302+0000: [GC (Allocation Failure) 2020-10-28T09:48:57.302+0000: [ParNew: 16388K->4K(18432K), 0.0030805 secs] 543209K->526825K(896640K), 0.0031381 secs] [Times: user=0.01 sys=0.00, real=0.00 secs] 
2020-10-28T09:48:57.320+0000: [GC (Allocation Failure) 2020-10-28T09:48:57.321+0000: [ParNew: 16388K->4K(18432K), 0.0030430 secs] 543209K->526825K(896640K), 0.0031009 secs] [Times: user=0.01 sys=0.00, real=0.00 secs] 
2020-10-28T09:48:57.343+0000: [GC (Allocation Failure) 2020-10-28T09:48:57.343+0000: [ParNew: 16388K->4K(18432K), 0.0030695 secs] 543209K->526825K(896640K), 0.0031255 secs] [Times: user=0.01 sys=0.00, real=0.00 secs] 
2020-10-28T09:48:57.363+0000: [GC (Allocation Failure) 2020-10-28T09:48:57.363+0000: [ParNew: 16388K->4K(18432K), 0.0030209 secs] 543209K->526825K(896640K), 0.0030775 secs] [Times: user=0.00 sys=0.00, real=0.00 secs] 
2020-10-28T09:48:57.382+0000: [GC (Allocation Failure) 2020-10-28T09:48:57.382+0000: [ParNew: 16388K->4K(18432K), 0.0030571 secs] 543209K->526825K(896640K), 0.0031137 secs] [Times: user=0.01 sys=0.00, real=0.00 secs] 
2020-10-28T09:48:57.404+0000: [GC (Allocation Failure) 2020-10-28T09:48:57.404+0000: [ParNew: 16388K->4K(18432K), 0.0029933 secs] 543209K->526825K(896640K), 0.0030495 secs] [Times: user=0.01 sys=0.00, real=0.00 secs] 
2020-10-28T09:48:57.423+0000: [GC (Allocation Failure) 2020-10-28T09:48:57.423+0000: [ParNew: 16388K->4K(18432K), 0.0030419 secs] 543209K->526825K(896640K), 0.0030986 secs] [Times: user=0.00 sys=0.00, real=0.00 secs] 
2020-10-28T09:48:57.444+0000: [GC (Allocation Failure) 2020-10-28T09:48:57.444+0000: [ParNew: 16388K->6K(18432K), 0.0029878 secs] 543209K->526827K(896640K), 0.0030451 secs] [Times: user=0.01 sys=0.00, real=0.00 secs] 
2020-10-28T09:48:57.463+0000: [GC (Allocation Failure) 2020-10-28T09:48:57.463+0000: [ParNew: 16390K->4K(18432K), 0.0030390 secs] 543211K->526825K(896640K), 0.0030961 secs] [Times: user=0.01 sys=0.00, real=0.00 secs] 
2020-10-28T09:48:57.482+0000: [GC (Allocation Failure) 2020-10-28T09:48:57.482+0000: [ParNew: 16388K->4K(18432K), 0.0030100 secs] 543209K->526825K(896640K), 0.0030663 secs] [Times: user=0.01 sys=0.00, real=0.00 secs] 
2020-10-28T09:48:57.501+0000: [GC (Allocation Failure) 2020-10-28T09:48:57.501+0000: [ParNew: 16388K->4K(18432K), 0.0030465 secs] 543209K->526825K(896640K), 0.0031019 secs] [Times: user=0.01 sys=0.00, real=0.00 secs] 
2020-10-28T09:48:57.520+0000: [GC (Allocation Failure) 2020-10-28T09:48:57.520+0000: [ParNew: 16388K->4K(18432K), 0.0029980 secs] 543209K->526825K(896640K), 0.0030535 secs] [Times: user=0.00 sys=0.00, real=0.00 secs] 
2020-10-28T09:48:57.543+0000: [GC (Allocation Failure) 2020-10-28T09:48:57.543+0000: [ParNew: 16388K->4K(18432K), 0.0030509 secs] 543209K->526825K(896640K), 0.0031078 secs] [Times: user=0.00 sys=0.00, real=0.00 secs] 
2020-10-28T09:48:57.564+0000: [GC (Allocation Failure) 2020-10-28T09:48:57.564+0000: [ParNew: 16388K->4K(18432K), 0.0030406 secs] 543209K->526825K(896640K), 0.0030976 secs] [Times: user=0.00 sys=0.00, real=0.00 secs] 
2020-10-28T09:48:57.583+0000: [GC (Allocation Failure) 2020-10-28T09:48:57.583+0000: [ParNew: 16388K->4K(18432K), 0.0030733 secs] 543209K->526825K(896640K), 0.0031307 secs] [Times: user=0.01 sys=0.00, real=0.00 secs] 
2020-10-28T09:48:57.604+0000: [GC (Allocation Failure) 2020-10-28T09:48:57.604+0000: [ParNew: 16388K->4K(18432K), 0.0030404 secs] 543209K->526825K(896640K), 0.0030980 secs] [Times: user=0.01 sys=0.00, real=0.00 secs] 
2020-10-28T09:48:57.623+0000: [GC (Allocation Failure) 2020-10-28T09:48:57.623+0000: [ParNew: 16388K->4K(18432K), 0.0029946 secs] 543209K->526825K(896640K), 0.0030506 secs] [Times: user=0.01 sys=0.00, real=0.00 secs] 
2020-10-28T09:48:57.642+0000: [GC (Allocation Failure) 2020-10-28T09:48:57.642+0000: [ParNew: 16388K->4K(18432K), 0.0030432 secs] 543209K->526825K(896640K), 0.0030994 secs] [Times: user=0.00 sys=0.00, real=0.00 secs] 
2020-10-28T09:48:57.661+0000: [GC (Allocation Failure) 2020-10-28T09:48:57.661+0000: [ParNew: 16388K->4K(18432K), 0.0030589 secs] 543209K->526825K(896640K), 0.0031149 secs] [Times: user=0.01 sys=0.00, real=0.00 secs] 
2020-10-28T09:48:57.680+0000: [GC (Allocation Failure) 2020-10-28T09:48:57.680+0000: [ParNew: 16388K->4K(18432K), 0.0030160 secs] 543209K->526825K(896640K), 0.0030713 secs] [Times: user=0.01 sys=0.00, real=0.00 secs] 
2020-10-28T09:48:57.699+0000: [GC (Allocation Failure) 2020-10-28T09:48:57.699+0000: [ParNew: 16388K->4K(18432K), 0.0030715 secs] 543209K->526825K(896640K), 0.0031274 secs] [Times: user=0.00 sys=0.00, real=0.00 secs] 
2020-10-28T09:48:57.720+0000: [GC (Allocation Failure) 2020-10-28T09:48:57.720+0000: [ParNew: 16388K->4K(18432K), 0.0029908 secs] 543209K->526825K(896640K), 0.0030458 secs] [Times: user=0.00 sys=0.00, real=0.00 secs] 
2020-10-28T09:48:57.739+0000: [GC (Allocation Failure) 2020-10-28T09:48:57.739+0000: [ParNew: 16388K->4K(18432K), 0.0030597 secs] 543209K->526825K(896640K), 0.0031145 secs] [Times: user=0.01 sys=0.00, real=0.00 secs] 
2020-10-28T09:48:57.760+0000: [GC (Allocation Failure) 2020-10-28T09:48:57.760+0000: [ParNew: 16388K->4K(18432K), 0.0030195 secs] 543209K->526825K(896640K), 0.0030762 secs] [Times: user=0.01 sys=0.00, real=0.00 secs] 
2020-10-28T09:48:57.779+0000: [GC (Allocation Failure) 2020-10-28T09:48:57.779+0000: [ParNew: 16388K->4K(18432K), 0.0030433 secs] 543209K->526825K(896640K), 0.0031008 secs] [Times: user=0.01 sys=0.00, real=0.00 secs] 
2020-10-28T09:48:57.798+0000: [GC (Allocation Failure) 2020-10-28T09:48:57.798+0000: [ParNew: 16388K->4K(18432K), 0.0030475 secs] 543209K->526825K(896640K), 0.0031055 secs] [Times: user=0.00 sys=0.00, real=0.00 secs] 
2020-10-28T09:48:57.817+0000: [GC (Allocation Failure) 2020-10-28T09:48:57.817+0000: [ParNew: 16388K->4K(18432K), 0.0030608 secs] 543209K->526825K(896640K), 0.0031188 secs] [Times: user=0.00 sys=0.00, real=0.00 secs] 
2020-10-28T09:48:57.840+0000: [GC (Allocation Failure) 2020-10-28T09:48:57.840+0000: [ParNew: 16388K->4K(18432K), 0.0030020 secs] 543209K->526825K(896640K), 0.0030593 secs] [Times: user=0.01 sys=0.00, real=0.00 secs] 
2020-10-28T09:48:57.860+0000: [GC (Allocation Failure) 2020-10-28T09:48:57.860+0000: [ParNew: 16388K->4K(18432K), 0.0029752 secs] 543209K->526825K(896640K), 0.0030419 secs] [Times: user=0.00 sys=0.00, real=0.00 secs] 
2020-10-28T09:48:57.879+0000: [GC (Allocation Failure) 2020-10-28T09:48:57.879+0000: [ParNew: 16388K->4K(18432K), 0.0030192 secs] 543209K->526825K(896640K), 0.0030745 secs] [Times: user=0.01 sys=0.00, real=0.00 secs] 
2020-10-28T09:48:57.898+0000: [GC (Allocation Failure) 2020-10-28T09:48:57.898+0000: [ParNew: 16388K->4K(18432K), 0.0031012 secs] 543209K->526825K(896640K), 0.0031564 secs] [Times: user=0.01 sys=0.00, real=0.00 secs] 
2020-10-28T09:48:57.920+0000: [GC (Allocation Failure) 2020-10-28T09:48:57.920+0000: [ParNew: 16388K->4K(18432K), 0.0029966 secs] 543209K->526825K(896640K), 0.0030530 secs] [Times: user=0.01 sys=0.00, real=0.00 secs] 
2020-10-28T09:48:57.940+0000: [GC (Allocation Failure) 2020-10-28T09:48:57.940+0000: [ParNew: 16388K->4K(18432K), 0.0029937 secs] 543209K->526825K(896640K), 0.0030480 secs] [Times: user=0.01 sys=0.00, real=0.00 secs] 
2020-10-28T09:48:57.959+0000: [GC (Allocation Failure) 2020-10-28T09:48:57.959+0000: [ParNew: 16388K->4K(18432K), 0.0029490 secs] 543209K->526825K(896640K), 0.0030007 secs] [Times: user=0.00 sys=0.00, real=0.00 secs] 
2020-10-28T09:48:57.978+0000: [GC (Allocation Failure) 2020-10-28T09:48:57.978+0000: [ParNew: 16388K->4K(18432K), 0.0029028 secs] 543209K->526825K(896640K), 0.0029535 secs] [Times: user=0.01 sys=0.00, real=0.00 secs] 
2020-10-28T09:48:58.000+0000: [GC (Allocation Failure) 2020-10-28T09:48:58.000+0000: [ParNew: 16388K->4K(18432K), 0.0029230 secs] 543209K->526825K(896640K), 0.0029741 secs] [Times: user=0.00 sys=0.00, real=0.00 secs] 
2020-10-28T09:48:58.020+0000: [GC (Allocation Failure) 2020-10-28T09:48:58.020+0000: [ParNew: 16388K->4K(18432K), 0.0028987 secs] 543209K->526825K(896640K), 0.0029494 secs] [Times: user=0.00 sys=0.00, real=0.00 secs] 
2020-10-28T09:48:58.038+0000: [GC (Allocation Failure) 2020-10-28T09:48:58.039+0000: [ParNew: 16388K->4K(18432K), 0.0029583 secs] 543209K->526825K(896640K), 0.0030127 secs] [Times: user=0.01 sys=0.00, real=0.00 secs] 
2020-10-28T09:48:58.058+0000: [GC (Allocation Failure) 2020-10-28T09:48:58.058+0000: [ParNew: 16388K->4K(18432K), 0.0029494 secs] 543209K->526825K(896640K), 0.0030021 secs] [Times: user=0.01 sys=0.00, real=0.00 secs] 
2020-10-28T09:48:58.077+0000: [GC (Allocation Failure) 2020-10-28T09:48:58.077+0000: [ParNew: 16388K->4K(18432K), 0.0030009 secs] 543209K->526825K(896640K), 0.0030548 secs] [Times: user=0.00 sys=0.00, real=0.00 secs] 
2020-10-28T09:48:58.096+0000: [GC (Allocation Failure) 2020-10-28T09:48:58.096+0000: [ParNew: 16388K->4K(18432K), 0.0029725 secs] 543209K->526825K(896640K), 0.0030257 secs] [Times: user=0.01 sys=0.00, real=0.00 secs] 
2020-10-28T09:48:58.115+0000: [GC (Allocation Failure) 2020-10-28T09:48:58.115+0000: [ParNew: 16388K->4K(18432K), 0.0029410 secs] 543209K->526825K(896640K), 0.0029923 secs] [Times: user=0.00 sys=0.00, real=0.01 secs] 
2020-10-28T09:48:58.138+0000: [GC (Allocation Failure) 2020-10-28T09:48:58.138+0000: [ParNew: 16388K->4K(18432K), 0.0029313 secs] 543209K->526826K(896640K), 0.0029836 secs] [Times: user=0.01 sys=0.00, real=0.00 secs] 
2020-10-28T09:48:58.160+0000: [GC (Allocation Failure) 2020-10-28T09:48:58.160+0000: [ParNew: 16388K->4K(18432K), 0.0028468 secs] 543210K->526826K(896640K), 0.0028957 secs] [Times: user=0.00 sys=0.00, real=0.00 secs] 
2020-10-28T09:48:58.178+0000: [GC (Allocation Failure) 2020-10-28T09:48:58.178+0000: [ParNew: 16388K->4K(18432K), 0.0029050 secs] 543210K->526826K(896640K), 0.0029560 secs] [Times: user=0.00 sys=0.00, real=0.00 secs] 
2020-10-28T09:48:58.200+0000: [GC (Allocation Failure) 2020-10-28T09:48:58.200+0000: [ParNew: 16388K->4K(18432K), 0.0029850 secs] 543210K->526826K(896640K), 0.0030407 secs] [Times: user=0.01 sys=0.00, real=0.00 secs] 
2020-10-28T09:48:58.219+0000: [GC (Allocation Failure) 2020-10-28T09:48:58.219+0000: [ParNew: 16388K->4K(18432K), 0.0029737 secs] 543210K->526826K(896640K), 0.0030280 secs] [Times: user=0.01 sys=0.00, real=0.00 secs] 
2020-10-28T09:48:58.240+0000: [GC (Allocation Failure) 2020-10-28T09:48:58.240+0000: [ParNew: 16388K->4K(18432K), 0.0029009 secs] 543210K->526826K(896640K), 0.0029525 secs] [Times: user=0.00 sys=0.00, real=0.00 secs] 
2020-10-28T09:48:58.260+0000: [GC (Allocation Failure) 2020-10-28T09:48:58.260+0000: [ParNew: 16388K->4K(18432K), 0.0029513 secs] 543210K->526826K(896640K), 0.0030056 secs] [Times: user=0.01 sys=0.01, real=0.00 secs] 
2020-10-28T09:48:58.278+0000: [GC (Allocation Failure) 2020-10-28T09:48:58.278+0000: [ParNew: 16388K->4K(18432K), 0.0030845 secs] 543210K->526826K(896640K), 0.0031387 secs] [Times: user=0.00 sys=0.00, real=0.00 secs] 
2020-10-28T09:48:58.300+0000: [GC (Allocation Failure) 2020-10-28T09:48:58.300+0000: [ParNew: 16388K->4K(18432K), 0.0029662 secs] 543210K->526826K(896640K), 0.0030200 secs] [Times: user=0.00 sys=0.00, real=0.00 secs] 
2020-10-28T09:48:58.319+0000: [GC (Allocation Failure) 2020-10-28T09:48:58.319+0000: [ParNew: 16388K->4K(18432K), 0.0030091 secs] 543210K->526826K(896640K), 0.0030648 secs] [Times: user=0.00 sys=0.00, real=0.00 secs] 
2020-10-28T09:48:58.337+0000: [GC (Allocation Failure) 2020-10-28T09:48:58.337+0000: [ParNew: 16388K->4K(18432K), 0.0029244 secs] 543210K->526826K(896640K), 0.0029775 secs] [Times: user=0.01 sys=0.00, real=0.00 secs] 
2020-10-28T09:48:58.360+0000: [GC (Allocation Failure) 2020-10-28T09:48:58.360+0000: [ParNew: 16388K->4K(18432K), 0.0029601 secs] 543210K->526826K(896640K), 0.0030148 secs] [Times: user=0.01 sys=0.00, real=0.00 secs] 
2020-10-28T09:48:58.382+0000: [GC (Allocation Failure) 2020-10-28T09:48:58.383+0000: [ParNew: 16388K->4K(18432K), 0.0051399 secs] 543210K->526826K(896640K), 0.0052071 secs] [Times: user=0.01 sys=0.00, real=0.01 secs] 
2020-10-28T09:48:58.407+0000: [GC (Allocation Failure) 2020-10-28T09:48:58.407+0000: [ParNew: 16388K->4K(18432K), 0.0030229 secs] 543210K->526826K(896640K), 0.0030800 secs] [Times: user=0.01 sys=0.00, real=0.01 secs] 
2020-10-28T09:48:58.426+0000: [GC (Allocation Failure) 2020-10-28T09:48:58.426+0000: [ParNew: 16388K->4K(18432K), 0.0030191 secs] 543210K->526826K(896640K), 0.0030742 secs] [Times: user=0.01 sys=0.00, real=0.01 secs] 
2020-10-28T09:48:58.445+0000: [GC (Allocation Failure) 2020-10-28T09:48:58.445+0000: [ParNew: 16388K->4K(18432K), 0.0029651 secs] 543210K->526826K(896640K), 0.0030188 secs] [Times: user=0.00 sys=0.00, real=0.01 secs] 
2020-10-28T09:48:58.468+0000: [GC (Allocation Failure) 2020-10-28T09:48:58.468+0000: [ParNew: 16388K->4K(18432K), 0.0029730 secs] 543210K->526826K(896640K), 0.0030278 secs] [Times: user=0.00 sys=0.00, real=0.00 secs] 
2020-10-28T09:48:58.486+0000: [GC (Allocation Failure) 2020-10-28T09:48:58.486+0000: [ParNew: 16388K->4K(18432K), 0.0029787 secs] 543210K->526826K(896640K), 0.0030336 secs] [Times: user=0.01 sys=0.00, real=0.01 secs] 
2020-10-28T09:48:58.510+0000: [GC (Allocation Failure) 2020-10-28T09:48:58.510+0000: [ParNew: 16388K->4K(18432K), 0.0030686 secs] 543210K->526826K(896640K), 0.0031241 secs] [Times: user=0.01 sys=0.00, real=0.00 secs] 
2020-10-28T09:48:58.529+0000: [GC (Allocation Failure) 2020-10-28T09:48:58.529+0000: [ParNew: 16388K->4K(18432K), 0.0031162 secs] 543210K->526826K(896640K), 0.0031834 secs] [Times: user=0.01 sys=0.00, real=0.00 secs] 
2020-10-28T09:48:58.552+0000: [GC (Allocation Failure) 2020-10-28T09:48:58.552+0000: [ParNew: 16388K->4K(18432K), 0.0031855 secs] 543210K->526826K(896640K), 0.0032447 secs] [Times: user=0.01 sys=0.00, real=0.00 secs] 
2020-10-28T09:48:58.572+0000: [GC (Allocation Failure) 2020-10-28T09:48:58.572+0000: [ParNew: 16388K->4K(18432K), 0.0030351 secs] 543210K->526826K(896640K), 0.0030931 secs] [Times: user=0.00 sys=0.00, real=0.00 secs] 
2020-10-28T09:48:58.592+0000: [GC (Allocation Failure) 2020-10-28T09:48:58.592+0000: [ParNew: 16388K->4K(18432K), 0.0030469 secs] 543210K->526826K(896640K), 0.0031040 secs] [Times: user=0.01 sys=0.00, real=0.00 secs] 
2020-10-28T09:48:58.612+0000: [GC (Allocation Failure) 2020-10-28T09:48:58.612+0000: [ParNew: 16388K->4K(18432K), 0.0039878 secs] 543210K->526826K(896640K), 0.0040445 secs] [Times: user=0.00 sys=0.00, real=0.01 secs] 
2020-10-28T09:48:58.631+0000: [GC (Allocation Failure) 2020-10-28T09:48:58.631+0000: [ParNew: 16388K->4K(18432K), 0.0030746 secs] 543210K->526826K(896640K), 0.0031450 secs] [Times: user=0.00 sys=0.01, real=0.00 secs] 
2020-10-28T09:48:58.655+0000: [GC (Allocation Failure) 2020-10-28T09:48:58.655+0000: [ParNew: 16388K->4K(18432K), 0.0032654 secs] 543210K->526826K(896640K), 0.0033388 secs] [Times: user=0.00 sys=0.00, real=0.01 secs] 
2020-10-28T09:48:58.674+0000: [GC (Allocation Failure) 2020-10-28T09:48:58.674+0000: [ParNew: 16388K->4K(18432K), 0.0031692 secs] 543210K->526826K(896640K), 0.0032366 secs] [Times: user=0.01 sys=0.00, real=0.01 secs] 
2020-10-28T09:48:58.694+0000: [GC (Allocation Failure) 2020-10-28T09:48:58.694+0000: [ParNew: 16388K->4K(18432K), 0.0030986 secs] 543210K->526826K(896640K), 0.0031648 secs] [Times: user=0.00 sys=0.00, real=0.01 secs] 
2020-10-28T09:48:58.716+0000: [GC (Allocation Failure) 2020-10-28T09:48:58.716+0000: [ParNew: 16388K->4K(18432K), 0.0030119 secs] 543210K->526826K(896640K), 0.0030696 secs] [Times: user=0.00 sys=0.00, real=0.00 secs] 
2020-10-28T09:48:58.735+0000: [GC (Allocation Failure) 2020-10-28T09:48:58.735+0000: [ParNew: 16388K->4K(18432K), 0.0030501 secs] 543210K->526826K(896640K), 0.0031057 secs] [Times: user=0.01 sys=0.00, real=0.01 secs] 
2020-10-28T09:48:58.756+0000: [GC (Allocation Failure) 2020-10-28T09:48:58.756+0000: [ParNew: 16388K->4K(18432K), 0.0030255 secs] 543210K->526826K(896640K), 0.0030826 secs] [Times: user=0.01 sys=0.00, real=0.00 secs] 
2020-10-28T09:48:58.776+0000: [GC (Allocation Failure) 2020-10-28T09:48:58.776+0000: [ParNew: 16388K->6K(18432K), 0.0038302 secs] 543210K->526828K(896640K), 0.0038885 secs] [Times: user=0.01 sys=0.00, real=0.00 secs] 
2020-10-28T09:48:58.796+0000: [GC (Allocation Failure) 2020-10-28T09:48:58.796+0000: [ParNew: 16390K->4K(18432K), 0.0030144 secs] 543212K->526826K(896640K), 0.0030716 secs] [Times: user=0.01 sys=0.00, real=0.00 secs] 
2020-10-28T09:48:58.815+0000: [GC (Allocation Failure) 2020-10-28T09:48:58.815+0000: [ParNew: 16388K->4K(18432K), 0.0030302 secs] 543210K->526826K(896640K), 0.0030877 secs] [Times: user=0.00 sys=0.00, real=0.01 secs] 
2020-10-28T09:48:58.834+0000: [GC (Allocation Failure) 2020-10-28T09:48:58.834+0000: [ParNew: 16388K->4K(18432K), 0.0030947 secs] 543210K->526826K(896640K), 0.0031513 secs] [Times: user=0.00 sys=0.00, real=0.01 secs] 
2020-10-28T09:48:58.853+0000: [GC (Allocation Failure) 2020-10-28T09:48:58.853+0000: [ParNew: 16388K->4K(18432K), 0.0030685 secs] 543210K->526826K(896640K), 0.0031378 secs] [Times: user=0.01 sys=0.00, real=0.01 secs] 
2020-10-28T09:48:58.872+0000: [GC (Allocation Failure) 2020-10-28T09:48:58.872+0000: [ParNew: 16388K->4K(18432K), 0.0030798 secs] 543210K->526826K(896640K), 0.0031363 secs] [Times: user=0.00 sys=0.00, real=0.00 secs] 
2020-10-28T09:48:58.891+0000: [GC (Allocation Failure) 2020-10-28T09:48:58.891+0000: [ParNew: 16388K->4K(18432K), 0.0030773 secs] 543210K->526826K(896640K), 0.0031334 secs] [Times: user=0.01 sys=0.00, real=0.00 secs] 
2020-10-28T09:48:58.912+0000: [GC (Allocation Failure) 2020-10-28T09:48:58.912+0000: [ParNew: 16388K->4K(18432K), 0.0029705 secs] 543210K->526826K(896640K), 0.0030260 secs] [Times: user=0.01 sys=0.00, real=0.00 secs] 
2020-10-28T09:48:58.930+0000: [GC (Allocation Failure) 2020-10-28T09:48:58.930+0000: [ParNew: 16388K->4K(18432K), 0.0030173 secs] 543210K->526826K(896640K), 0.0030721 secs] [Times: user=0.00 sys=0.00, real=0.00 secs] 
2020-10-28T09:48:58.952+0000: [GC (Allocation Failure) 2020-10-28T09:48:58.952+0000: [ParNew: 16388K->4K(18432K), 0.0030235 secs] 543210K->526826K(896640K), 0.0030810 secs] [Times: user=0.00 sys=0.00, real=0.00 secs] 
2020-10-28T09:48:58.972+0000: [GC (Allocation Failure) 2020-10-28T09:48:58.972+0000: [ParNew: 16388K->4K(18432K), 0.0030365 secs] 543210K->526826K(896640K), 0.0030908 secs] [Times: user=0.01 sys=0.00, real=0.00 secs] 
2020-10-28T09:48:58.992+0000: [GC (Allocation Failure) 2020-10-28T09:48:58.992+0000: [ParNew: 16388K->4K(18432K), 0.0029782 secs] 543210K->526826K(896640K), 0.0030344 secs] [Times: user=0.00 sys=0.00, real=0.00 secs] 
2020-10-28T09:48:59.011+0000: [GC (Allocation Failure) 2020-10-28T09:48:59.011+0000: [ParNew: 16388K->4K(18432K), 0.0030558 secs] 543210K->526826K(896640K), 0.0031147 secs] [Times: user=0.00 sys=0.00, real=0.00 secs] 
2020-10-28T09:48:59.029+0000: [GC (Allocation Failure) 2020-10-28T09:48:59.029+0000: [ParNew: 16388K->4K(18432K), 0.0030160 secs] 543210K->526826K(896640K), 0.0030730 secs] [Times: user=0.01 sys=0.00, real=0.00 secs] 
2020-10-28T09:48:59.048+0000: [GC (Allocation Failure) 2020-10-28T09:48:59.048+0000: [ParNew: 16388K->4K(18432K), 0.0030662 secs] 543210K->526826K(896640K), 0.0031225 secs] [Times: user=0.00 sys=0.01, real=0.00 secs] 
2020-10-28T09:48:59.071+0000: [GC (Allocation Failure) 2020-10-28T09:48:59.071+0000: [ParNew: 16388K->4K(18432K), 0.0029974 secs] 543210K->526826K(896640K), 0.0030518 secs] [Times: user=0.00 sys=0.00, real=0.00 secs] 
2020-10-28T09:48:59.091+0000: [GC (Allocation Failure) 2020-10-28T09:48:59.091+0000: [ParNew: 16388K->4K(18432K), 0.0030851 secs] 543210K->526826K(896640K), 0.0031450 secs] [Times: user=0.01 sys=0.00, real=0.00 secs] 
2020-10-28T09:48:59.111+0000: [GC (Allocation Failure) 2020-10-28T09:48:59.111+0000: [ParNew: 16388K->4K(18432K), 0.0030369 secs] 543210K->526826K(896640K), 0.0030941 secs] [Times: user=0.01 sys=0.00, real=0.00 secs] 
2020-10-28T09:48:59.130+0000: [GC (Allocation Failure) 2020-10-28T09:48:59.130+0000: [ParNew: 16388K->4K(18432K), 0.0030402 secs] 543210K->526826K(896640K), 0.0030965 secs] [Times: user=0.01 sys=0.00, real=0.00 secs] 
2020-10-28T09:48:59.149+0000: [GC (Allocation Failure) 2020-10-28T09:48:59.149+0000: [ParNew: 16388K->4K(18432K), 0.0030817 secs] 543210K->526826K(896640K), 0.0031387 secs] [Times: user=0.01 sys=0.00, real=0.00 secs] 
2020-10-28T09:48:59.172+0000: [GC (Allocation Failure) 2020-10-28T09:48:59.172+0000: [ParNew: 16388K->4K(18432K), 0.0030064 secs] 543210K->526826K(896640K), 0.0030622 secs] [Times: user=0.01 sys=0.00, real=0.00 secs] 
2020-10-28T09:48:59.191+0000: [GC (Allocation Failure) 2020-10-28T09:48:59.191+0000: [ParNew: 16388K->4K(18432K), 0.0030988 secs] 543210K->526826K(896640K), 0.0031541 secs] [Times: user=0.00 sys=0.00, real=0.00 secs] 
2020-10-28T09:48:59.212+0000: [GC (Allocation Failure) 2020-10-28T09:48:59.212+0000: [ParNew: 16388K->4K(18432K), 0.0030651 secs] 543210K->526826K(896640K), 0.0031220 secs] [Times: user=0.01 sys=0.00, real=0.00 secs] 
2020-10-28T09:48:59.232+0000: [GC (Allocation Failure) 2020-10-28T09:48:59.232+0000: [ParNew: 16388K->4K(18432K), 0.0030156 secs] 543210K->526826K(896640K), 0.0030716 secs] [Times: user=0.01 sys=0.00, real=0.00 secs] 
2020-10-28T09:48:59.252+0000: [GC (Allocation Failure) 2020-10-28T09:48:59.252+0000: [ParNew: 16388K->4K(18432K), 0.0029684 secs] 543210K->526826K(896640K), 0.0030244 secs] [Times: user=0.00 sys=0.00, real=0.00 secs] 
2020-10-28T09:48:59.271+0000: [GC (Allocation Failure) 2020-10-28T09:48:59.271+0000: [ParNew: 16388K->4K(18432K), 0.0030966 secs] 543210K->526826K(896640K), 0.0031544 secs] [Times: user=0.01 sys=0.00, real=0.00 secs] 
2020-10-28T09:48:59.290+0000: [GC (Allocation Failure) 2020-10-28T09:48:59.290+0000: [ParNew: 16388K->4K(18432K), 0.0030902 secs] 543210K->526826K(896640K), 0.0031467 secs] [Times: user=0.01 sys=0.00, real=0.00 secs] 
2020-10-28T09:48:59.312+0000: [GC (Allocation Failure) 2020-10-28T09:48:59.312+0000: [ParNew: 16388K->4K(18432K), 0.0030332 secs] 543210K->526826K(896640K), 0.0030911 secs] [Times: user=0.01 sys=0.00, real=0.00 secs] 
2020-10-28T09:48:59.331+0000: [GC (Allocation Failure) 2020-10-28T09:48:59.331+0000: [ParNew: 16388K->4K(18432K), 0.0030421 secs] 543210K->526826K(896640K), 0.0030992 secs] [Times: user=0.01 sys=0.00, real=0.00 secs] 
2020-10-28T09:48:59.350+0000: [GC (Allocation Failure) 2020-10-28T09:48:59.350+0000: [ParNew: 16388K->4K(18432K), 0.0030118 secs] 543210K->526826K(896640K), 0.0030671 secs] [Times: user=0.01 sys=0.00, real=0.00 secs] 
2020-10-28T09:48:59.369+0000: [GC (Allocation Failure) 2020-10-28T09:48:59.369+0000: [ParNew: 16388K->4K(18432K), 0.0030330 secs] 543210K->526826K(896640K), 0.0030958 secs] [Times: user=0.01 sys=0.00, real=0.00 secs] 
2020-10-28T09:48:59.388+0000: [GC (Allocation Failure) 2020-10-28T09:48:59.388+0000: [ParNew: 16388K->4K(18432K), 0.0031129 secs] 543210K->526826K(896640K), 0.0031687 secs] [Times: user=0.01 sys=0.00, real=0.00 secs] 
2020-10-28T09:48:59.407+0000: [GC (Allocation Failure) 2020-10-28T09:48:59.407+0000: [ParNew: 16388K->4K(18432K), 0.0030289 secs] 543210K->526826K(896640K), 0.0030835 secs] [Times: user=0.01 sys=0.00, real=0.01 secs] 
2020-10-28T09:48:59.426+0000: [GC (Allocation Failure) 2020-10-28T09:48:59.426+0000: [ParNew: 16388K->4K(18432K), 0.0030484 secs] 543210K->526826K(896640K), 0.0031054 secs] [Times: user=0.00 sys=0.00, real=0.01 secs] 
2020-10-28T09:48:59.445+0000: [GC (Allocation Failure) 2020-10-28T09:48:59.445+0000: [ParNew: 16388K->4K(18432K), 0.0030492 secs] 543210K->526826K(896640K), 0.0031043 secs] [Times: user=0.00 sys=0.00, real=0.01 secs] 
2020-10-28T09:48:59.468+0000: [GC (Allocation Failure) 2020-10-28T09:48:59.468+0000: [ParNew: 16388K->4K(18432K), 0.0029689 secs] 543210K->526826K(896640K), 0.0030241 secs] [Times: user=0.01 sys=0.00, real=0.00 secs] 
2020-10-28T09:48:59.488+0000: [GC (Allocation Failure) 2020-10-28T09:48:59.488+0000: [ParNew: 16388K->4K(18432K), 0.0030101 secs] 543210K->526826K(896640K), 0.0030726 secs] [Times: user=0.01 sys=0.00, real=0.00 secs] 
2020-10-28T09:48:59.507+0000: [GC (Allocation Failure) 2020-10-28T09:48:59.507+0000: [ParNew: 16388K->4K(18432K), 0.0030232 secs] 543210K->526826K(896640K), 0.0030803 secs] [Times: user=0.00 sys=0.00, real=0.01 secs] 
2020-10-28T09:48:59.538+0000: [GC (Allocation Failure) 2020-10-28T09:48:59.538+0000: [ParNew: 16388K->6K(18432K), 0.0030478 secs] 543210K->526828K(896640K), 0.0031047 secs] [Times: user=0.00 sys=0.00, real=0.00 secs] 
2020-10-28T09:48:59.560+0000: [GC (Allocation Failure) 2020-10-28T09:48:59.560+0000: [ParNew: 16390K->8K(18432K), 0.0029943 secs] 543212K->526830K(896640K), 0.0030481 secs] [Times: user=0.01 sys=0.00, real=0.00 secs] 
2020-10-28T09:48:59.578+0000: [GC (Allocation Failure) 2020-10-28T09:48:59.578+0000: [ParNew: 16392K->6K(18432K), 0.0030568 secs] 543214K->526829K(896640K), 0.0031130 secs] [Times: user=0.00 sys=0.00, real=0.00 secs] 
2020-10-28T09:48:59.600+0000: [GC (Allocation Failure) 2020-10-28T09:48:59.600+0000: [ParNew: 16390K->7K(18432K), 0.0030091 secs] 543213K->526829K(896640K), 0.0030656 secs] [Times: user=0.01 sys=0.00, real=0.00 secs] 
2020-10-28T09:48:59.619+0000: [GC (Allocation Failure) 2020-10-28T09:48:59.619+0000: [ParNew: 16391K->7K(18432K), 0.0030155 secs] 543213K->526829K(896640K), 0.0030711 secs] [Times: user=0.01 sys=0.00, real=0.00 secs] 
2020-10-28T09:48:59.638+0000: [GC (Allocation Failure) 2020-10-28T09:48:59.638+0000: [ParNew: 16391K->7K(18432K), 0.0029914 secs] 543213K->526830K(896640K), 0.0030632 secs] [Times: user=0.00 sys=0.00, real=0.00 secs] 
2020-10-28T09:48:59.657+0000: [GC (Allocation Failure) 2020-10-28T09:48:59.657+0000: [ParNew: 16391K->5K(18432K), 0.0030048 secs] 543214K->526830K(896640K), 0.0030536 secs] [Times: user=0.01 sys=0.00, real=0.00 secs] 
2020-10-28T09:48:59.676+0000: [GC (Allocation Failure) 2020-10-28T09:48:59.676+0000: [ParNew: 16389K->4K(18432K), 0.0030188 secs] 543214K->526829K(896640K), 0.0030925 secs] [Times: user=0.00 sys=0.00, real=0.00 secs] 
2020-10-28T09:48:59.695+0000: [GC (Allocation Failure) 2020-10-28T09:48:59.695+0000: [ParNew: 16388K->4K(18432K), 0.0030427 secs] 543213K->526829K(896640K), 0.0030974 secs] [Times: user=0.00 sys=0.00, real=0.01 secs] 
2020-10-28T09:48:59.716+0000: [GC (Allocation Failure) 2020-10-28T09:48:59.716+0000: [ParNew: 16388K->4K(18432K), 0.0030698 secs] 543213K->526829K(896640K), 0.0031264 secs] [Times: user=0.01 sys=0.00, real=0.00 secs] 
2020-10-28T09:48:59.736+0000: [GC (Allocation Failure) 2020-10-28T09:48:59.736+0000: [ParNew: 16388K->4K(18432K), 0.0030702 secs] 543213K->526829K(896640K), 0.0031261 secs] [Times: user=0.01 sys=0.00, real=0.00 secs] 
2020-10-28T09:48:59.756+0000: [GC (Allocation Failure) 2020-10-28T09:48:59.756+0000: [ParNew: 16388K->4K(18432K), 0.0031129 secs] 543213K->526829K(896640K), 0.0031770 secs] [Times: user=0.00 sys=0.00, real=0.00 secs] 
2020-10-28T09:48:59.775+0000: [GC (Allocation Failure) 2020-10-28T09:48:59.775+0000: [ParNew: 16388K->4K(18432K), 0.0030011 secs] 543213K->526829K(896640K), 0.0030560 secs] [Times: user=0.01 sys=0.00, real=0.01 secs] 
2020-10-28T09:48:59.795+0000: [GC (Allocation Failure) 2020-10-28T09:48:59.795+0000: [ParNew: 16388K->4K(18432K), 0.0030760 secs] 543213K->526829K(896640K), 0.0031328 secs] [Times: user=0.01 sys=0.00, real=0.01 secs] 
2020-10-28T09:48:59.816+0000: [GC (Allocation Failure) 2020-10-28T09:48:59.816+0000: [ParNew: 16388K->4K(18432K), 0.0029942 secs] 543213K->526829K(896640K), 0.0030494 secs] [Times: user=0.01 sys=0.00, real=0.00 secs] 
2020-10-28T09:48:59.835+0000: [GC (Allocation Failure) 2020-10-28T09:48:59.835+0000: [ParNew: 16388K->4K(18432K), 0.0030302 secs] 543213K->526829K(896640K), 0.0030855 secs] [Times: user=0.00 sys=0.00, real=0.01 secs] 
2020-10-28T09:48:59.856+0000: [GC (Allocation Failure) 2020-10-28T09:48:59.856+0000: [ParNew: 16388K->4K(18432K), 0.0029565 secs] 543213K->526829K(896640K), 0.0030119 secs] [Times: user=0.00 sys=0.00, real=0.00 secs] 
2020-10-28T09:48:59.876+0000: [GC (Allocation Failure) 2020-10-28T09:48:59.876+0000: [ParNew: 16388K->4K(18432K), 0.0030142 secs] 543213K->526829K(896640K), 0.0030683 secs] [Times: user=0.01 sys=0.00, real=0.00 secs] 
2020-10-28T09:48:59.895+0000: [GC (Allocation Failure) 2020-10-28T09:48:59.895+0000: [ParNew: 16388K->4K(18432K), 0.0029875 secs] 543213K->526829K(896640K), 0.0030490 secs] [Times: user=0.01 sys=0.00, real=0.01 secs] 
2020-10-28T09:48:59.916+0000: [GC (Allocation Failure) 2020-10-28T09:48:59.916+0000: [ParNew: 16388K->4K(18432K), 0.0030471 secs] 543213K->526829K(896640K), 0.0031063 secs] [Times: user=0.01 sys=0.00, real=0.00 secs] 
2020-10-28T09:48:59.934+0000: [GC (Allocation Failure) 2020-10-28T09:48:59.935+0000: [ParNew: 16388K->4K(18432K), 0.0030046 secs] 543213K->526829K(896640K), 0.0030583 secs] [Times: user=0.00 sys=0.00, real=0.01 secs] 
2020-10-28T09:48:59.953+0000: [GC (Allocation Failure) 2020-10-28T09:48:59.953+0000: [ParNew: 16388K->4K(18432K), 0.0030079 secs] 543213K->526829K(896640K), 0.0030630 secs] [Times: user=0.01 sys=0.00, real=0.01 secs] 
2020-10-28T09:48:59.972+0000: [GC (Allocation Failure) 2020-10-28T09:48:59.972+0000: [ParNew: 16388K->4K(18432K), 0.0030825 secs] 543213K->526829K(896640K), 0.0031519 secs] [Times: user=0.01 sys=0.00, real=0.01 secs] 
2020-10-28T09:48:59.991+0000: [GC (Allocation Failure) 2020-10-28T09:48:59.991+0000: [ParNew: 16388K->4K(18432K), 0.0029656 secs] 543213K->526829K(896640K), 0.0030176 secs] [Times: user=0.00 sys=0.00, real=0.00 secs] 
2020-10-28T09:49:00.012+0000: [GC (Allocation Failure) 2020-10-28T09:49:00.012+0000: [ParNew: 16388K->4K(18432K), 0.0030341 secs] 543213K->526829K(896640K), 0.0030911 secs] [Times: user=0.01 sys=0.01, real=0.00 secs] 
2020-10-28T09:49:00.031+0000: [GC (Allocation Failure) 2020-10-28T09:49:00.031+0000: [ParNew: 16388K->4K(18432K), 0.0030315 secs] 543213K->526829K(896640K), 0.0030892 secs] [Times: user=0.00 sys=0.00, real=0.00 secs] 
2020-10-28T09:49:00.050+0000: [GC (Allocation Failure) 2020-10-28T09:49:00.050+0000: [ParNew: 16388K->4K(18432K), 0.0031100 secs] 543213K->526829K(896640K), 0.0031662 secs] [Times: user=0.01 sys=0.00, real=0.00 secs] 
2020-10-28T09:49:00.069+0000: [GC (Allocation Failure) 2020-10-28T09:49:00.069+0000: [ParNew: 16388K->4K(18432K), 0.0031166 secs] 543213K->526829K(896640K), 0.0031773 secs] [Times: user=0.01 sys=0.00, real=0.00 secs] 
2020-10-28T09:49:00.091+0000: [GC (Allocation Failure) 2020-10-28T09:49:00.091+0000: [ParNew: 16388K->4K(18432K), 0.0031013 secs] 543213K->526829K(896640K), 0.0031690 secs] [Times: user=0.01 sys=0.00, real=0.00 secs] 
2020-10-28T09:49:00.111+0000: [GC (Allocation Failure) 2020-10-28T09:49:00.111+0000: [ParNew: 16388K->4K(18432K), 0.0031201 secs] 543213K->526829K(896640K), 0.0031802 secs] [Times: user=0.00 sys=0.00, real=0.00 secs] 
2020-10-28T09:49:00.130+0000: [GC (Allocation Failure) 2020-10-28T09:49:00.130+0000: [ParNew: 16388K->4K(18432K), 0.0031669 secs] 543213K->526829K(896640K), 0.0032257 secs] [Times: user=0.01 sys=0.00, real=0.00 secs] 
2020-10-28T09:49:00.150+0000: [GC (Allocation Failure) 2020-10-28T09:49:00.150+0000: [ParNew: 16388K->4K(18432K), 0.0031572 secs] 543213K->526829K(896640K), 0.0032310 secs] [Times: user=0.01 sys=0.00, real=0.00 secs] 
2020-10-28T09:49:00.169+0000: [GC (Allocation Failure) 2020-10-28T09:49:00.169+0000: [ParNew: 16388K->4K(18432K), 0.0030808 secs] 543213K->526829K(896640K), 0.0031386 secs] [Times: user=0.00 sys=0.00, real=0.00 secs] 
2020-10-28T09:49:00.192+0000: [GC (Allocation Failure) 2020-10-28T09:49:00.192+0000: [ParNew: 16388K->4K(18432K), 0.0031232 secs] 543213K->526829K(896640K), 0.0031807 secs] [Times: user=0.00 sys=0.00, real=0.00 secs] 
2020-10-28T09:49:00.211+0000: [GC (Allocation Failure) 2020-10-28T09:49:00.211+0000: [ParNew: 16388K->4K(18432K), 0.0031267 secs] 543213K->526829K(896640K), 0.0031845 secs] [Times: user=0.00 sys=0.00, real=0.00 secs] 
2020-10-28T09:49:00.230+0000: [GC (Allocation Failure) 2020-10-28T09:49:00.230+0000: [ParNew: 16388K->4K(18432K), 0.0030732 secs] 543213K->526829K(896640K), 0.0031293 secs] [Times: user=0.01 sys=0.00, real=0.00 secs] 
2020-10-28T09:49:00.249+0000: [GC (Allocation Failure) 2020-10-28T09:49:00.249+0000: [ParNew: 16388K->4K(18432K), 0.0030805 secs] 543213K->526829K(896640K), 0.0031371 secs] [Times: user=0.00 sys=0.00, real=0.00 secs] 
2020-10-28T09:49:00.268+0000: [GC (Allocation Failure) 2020-10-28T09:49:00.268+0000: [ParNew: 16388K->4K(18432K), 0.0031047 secs] 543213K->526829K(896640K), 0.0031610 secs] [Times: user=0.00 sys=0.00, real=0.00 secs] 
2020-10-28T09:49:00.287+0000: [GC (Allocation Failure) 2020-10-28T09:49:00.287+0000: [ParNew: 16388K->4K(18432K), 0.0031699 secs] 543213K->526829K(896640K), 0.0032251 secs] [Times: user=0.00 sys=0.00, real=0.01 secs] 
2020-10-28T09:49:00.308+0000: [GC (Allocation Failure) 2020-10-28T09:49:00.308+0000: [ParNew: 16388K->4K(18432K), 0.0030754 secs] 543213K->526829K(896640K), 0.0031309 secs] [Times: user=0.00 sys=0.00, real=0.00 secs] 
2020-10-28T09:49:00.328+0000: [GC (Allocation Failure) 2020-10-28T09:49:00.328+0000: [ParNew: 16388K->4K(18432K), 0.0029910 secs] 543213K->526829K(896640K), 0.0030476 secs] [Times: user=0.00 sys=0.00, real=0.00 secs] 
2020-10-28T09:49:00.347+0000: [GC (Allocation Failure) 2020-10-28T09:49:00.347+0000: [ParNew: 16388K->4K(18432K), 0.0030479 secs] 543213K->526829K(896640K), 0.0031045 secs] [Times: user=0.01 sys=0.00, real=0.01 secs] 
2020-10-28T09:49:00.368+0000: [GC (Allocation Failure) 2020-10-28T09:49:00.368+0000: [ParNew: 16388K->4K(18432K), 0.0030032 secs] 543213K->526829K(896640K), 0.0030596 secs] [Times: user=0.01 sys=0.00, real=0.00 secs] 
2020-10-28T09:49:00.388+0000: [GC (Allocation Failure) 2020-10-28T09:49:00.388+0000: [ParNew: 16388K->4K(18432K), 0.0030781 secs] 543213K->526829K(896640K), 0.0031360 secs] [Times: user=0.00 sys=0.00, real=0.00 secs] 
2020-10-28T09:49:00.408+0000: [GC (Allocation Failure) 2020-10-28T09:49:00.408+0000: [ParNew: 16388K->4K(18432K), 0.0031640 secs] 543213K->526829K(896640K), 0.0032265 secs] [Times: user=0.01 sys=0.00, real=0.00 secs] 
2020-10-28T09:49:00.427+0000: [GC (Allocation Failure) 2020-10-28T09:49:00.427+0000: [ParNew: 16388K->4K(18432K), 0.0030246 secs] 543213K->526829K(896640K), 0.0030813 secs] [Times: user=0.01 sys=0.00, real=0.01 secs] 
2020-10-28T09:49:00.446+0000: [GC (Allocation Failure) 2020-10-28T09:49:00.446+0000: [ParNew: 16388K->4K(18432K), 0.0030795 secs] 543213K->526829K(896640K), 0.0031365 secs] [Times: user=0.00 sys=0.00, real=0.01 secs] 
2020-10-28T09:49:00.468+0000: [GC (Allocation Failure) 2020-10-28T09:49:00.468+0000: [ParNew: 16388K->4K(18432K), 0.0030240 secs] 543213K->526829K(896640K), 0.0030806 secs] [Times: user=0.01 sys=0.00, real=0.00 secs] 
2020-10-28T09:49:00.487+0000: [GC (Allocation Failure) 2020-10-28T09:49:00.487+0000: [ParNew: 16388K->4K(18432K), 0.0030852 secs] 543213K->526829K(896640K), 0.0031419 secs] [Times: user=0.01 sys=0.00, real=0.01 secs] 
2020-10-28T09:49:00.510+0000: [GC (Allocation Failure) 2020-10-28T09:49:00.510+0000: [ParNew: 16388K->4K(18432K), 0.0031690 secs] 543213K->526829K(896640K), 0.0032306 secs] [Times: user=0.01 sys=0.00, real=0.00 secs] 
2020-10-28T09:49:00.529+0000: [GC (Allocation Failure) 2020-10-28T09:49:00.529+0000: [ParNew: 16388K->4K(18432K), 0.0030529 secs] 543213K->526829K(896640K), 0.0031082 secs] [Times: user=0.00 sys=0.00, real=0.00 secs] 
2020-10-28T09:49:00.548+0000: [GC (Allocation Failure) 2020-10-28T09:49:00.548+0000: [ParNew: 16388K->4K(18432K), 0.0030444 secs] 543213K->526829K(896640K), 0.0031099 secs] [Times: user=0.01 sys=0.00, real=0.00 secs] 
2020-10-28T09:49:00.567+0000: [GC (Allocation Failure) 2020-10-28T09:49:00.567+0000: [ParNew: 16388K->4K(18432K), 0.0030658 secs] 543213K->526829K(896640K), 0.0031227 secs] [Times: user=0.01 sys=0.00, real=0.01 secs] 
2020-10-28T09:49:00.587+0000: [GC (Allocation Failure) 2020-10-28T09:49:00.587+0000: [ParNew: 16388K->4K(18432K), 0.0031229 secs] 543213K->526829K(896640K), 0.0031811 secs] [Times: user=0.01 sys=0.00, real=0.01 secs] 
2020-10-28T09:49:00.608+0000: [GC (Allocation Failure) 2020-10-28T09:49:00.608+0000: [ParNew: 16388K->4K(18432K), 0.0030117 secs] 543213K->526829K(896640K), 0.0030685 secs] [Times: user=0.00 sys=0.00, real=0.00 secs] 
2020-10-28T09:49:00.627+0000: [GC (Allocation Failure) 2020-10-28T09:49:00.627+0000: [ParNew: 16388K->4K(18432K), 0.0030798 secs] 543213K->526829K(896640K), 0.0031442 secs] [Times: user=0.00 sys=0.00, real=0.01 secs] 
2020-10-28T09:49:00.645+0000: [GC (Allocation Failure) 2020-10-28T09:49:00.646+0000: [ParNew: 16388K->4K(18432K), 0.0031376 secs] 543213K->526829K(896640K), 0.0031949 secs] [Times: user=0.01 sys=0.00, real=0.01 secs] 
2020-10-28T09:49:00.668+0000: [GC (Allocation Failure) 2020-10-28T09:49:00.668+0000: [ParNew: 16388K->4K(18432K), 0.0031245 secs] 543213K->526829K(896640K), 0.0031841 secs] [Times: user=0.01 sys=0.00, real=0.00 secs] 
2020-10-28T09:49:00.692+0000: [GC (Allocation Failure) 2020-10-28T09:49:00.692+0000: [ParNew: 16388K->4K(18432K), 0.0030802 secs] 543213K->526829K(896640K), 0.0031399 secs] [Times: user=0.01 sys=0.00, real=0.00 secs] 
2020-10-28T09:49:00.719+0000: [GC (Allocation Failure) 2020-10-28T09:49:00.719+0000: [ParNew: 16388K->4K(18432K), 0.0031467 secs] 543213K->526829K(896640K), 0.0032059 secs] [Times: user=0.01 sys=0.00, real=0.00 secs] 
2020-10-28T09:49:00.756+0000: [GC (Allocation Failure) 2020-10-28T09:49:00.756+0000: [ParNew: 16388K->4K(18432K), 0.0030747 secs] 543213K->526829K(896640K), 0.0031316 secs] [Times: user=0.01 sys=0.00, real=0.00 secs] 
2020-10-28T09:49:00.788+0000: [GC (Allocation Failure) 2020-10-28T09:49:00.788+0000: [ParNew: 16388K->4K(18432K), 0.0030724 secs] 543213K->526829K(896640K), 0.0031296 secs] [Times: user=0.01 sys=0.00, real=0.00 secs] 
2020-10-28T09:49:00.825+0000: [GC (Allocation Failure) 2020-10-28T09:49:00.825+0000: [ParNew: 16388K->4K(18432K), 0.0030967 secs] 543213K->526829K(896640K), 0.0031544 secs] [Times: user=0.00 sys=0.00, real=0.01 secs] 
2020-10-28T09:49:00.861+0000: [GC (Allocation Failure) 2020-10-28T09:49:00.861+0000: [ParNew: 16388K->6K(18432K), 0.0031824 secs] 543213K->526831K(896640K), 0.0032393 secs] [Times: user=0.00 sys=0.00, real=0.00 secs] 
2020-10-28T09:49:00.896+0000: [GC (Allocation Failure) 2020-10-28T09:49:00.896+0000: [ParNew: 16390K->6K(18432K), 0.0031554 secs] 543215K->526832K(896640K), 0.0032134 secs] [Times: user=0.00 sys=0.00, real=0.00 secs] 
2020-10-28T09:49:00.929+0000: [GC (Allocation Failure) 2020-10-28T09:49:00.929+0000: [ParNew: 16390K->2K(18432K), 0.0031307 secs] 543216K->526829K(896640K), 0.0031884 secs] [Times: user=0.01 sys=0.00, real=0.00 secs] 
2020-10-28T09:49:00.961+0000: [GC (Allocation Failure) 2020-10-28T09:49:00.961+0000: [ParNew: 16386K->2K(18432K), 0.0031513 secs] 543213K->526829K(896640K), 0.0032074 secs] [Times: user=0.00 sys=0.00, real=0.00 secs] 
2020-10-28T09:49:00.996+0000: [GC (Allocation Failure) 2020-10-28T09:49:00.996+0000: [ParNew: 16386K->4K(18432K), 0.0030399 secs] 543213K->526831K(896640K), 0.0030990 secs] [Times: user=0.01 sys=0.00, real=0.00 secs] 
2020-10-28T09:49:01.027+0000: [GC (Allocation Failure) 2020-10-28T09:49:01.027+0000: [ParNew: 16388K->4K(18432K), 0.0030242 secs] 543215K->526831K(896640K), 0.0030830 secs] [Times: user=0.00 sys=0.00, real=0.01 secs] 
2020-10-28T09:49:01.501+0000: [GC (Allocation Failure) 2020-10-28T09:49:01.501+0000: [ParNew: 16388K->2K(18432K), 0.0030349 secs] 543215K->526829K(896640K), 0.0030929 secs] [Times: user=0.00 sys=0.00, real=0.00 secs] 
2020-10-28T09:49:02.638+0000: [GC (Allocation Failure) 2020-10-28T09:49:02.638+0000: [ParNew: 16386K->333K(18432K), 0.0052025 secs] 543213K->527161K(896640K), 0.0052715 secs] [Times: user=0.02 sys=0.00, real=0.00 secs] 
2020-10-28T09:49:02.783+0000: [GC (Allocation Failure) 2020-10-28T09:49:02.783+0000: [ParNew: 16717K->1924K(18432K), 0.0088215 secs] 543545K->528752K(896640K), 0.0088879 secs] [Times: user=0.01 sys=0.00, real=0.01 secs] 
2020-10-28T09:49:02.902+0000: [GC (Allocation Failure) 2020-10-28T09:49:02.902+0000: [ParNew: 18308K->708K(18432K), 0.0088839 secs] 545136K->529098K(896640K), 0.0089500 secs] [Times: user=0.02 sys=0.00, real=0.01 secs] 
2020-10-28T09:49:02.948+0000: [GC (Allocation Failure) 2020-10-28T09:49:02.948+0000: [ParNew: 17092K->769K(18432K), 0.0033508 secs] 545482K->529159K(896640K), 0.0034172 secs] [Times: user=0.00 sys=0.00, real=0.00 secs] 
2020-10-28T09:49:02.984+0000: [GC (Allocation Failure) 2020-10-28T09:49:02.984+0000: [ParNew: 17153K->1031K(18432K), 0.0073942 secs] 545543K->529421K(896640K), 0.0074603 secs] [Times: user=0.01 sys=0.00, real=0.01 secs] 
2020-10-28T09:49:03.028+0000: [GC (Allocation Failure) 2020-10-28T09:49:03.028+0000: [ParNew: 17415K->1180K(18432K), 0.0069315 secs] 545805K->529570K(896640K), 0.0070129 secs] [Times: user=0.01 sys=0.00, real=0.00 secs] 
2020-10-28T09:49:03.069+0000: [GC (Allocation Failure) 2020-10-28T09:49:03.069+0000: [ParNew: 17564K->1208K(18432K), 0.0046047 secs] 545954K->529598K(896640K), 0.0046796 secs] [Times: user=0.00 sys=0.00, real=0.00 secs] 
2020-10-28T09:49:03.122+0000: [GC (Allocation Failure) 2020-10-28T09:49:03.122+0000: [ParNew: 17592K->519K(18432K), 0.0111585 secs] 545982K->529271K(896640K), 0.0112223 secs] [Times: user=0.02 sys=0.00, real=0.01 secs] 
2020-10-28T09:49:03.177+0000: [GC (Allocation Failure) 2020-10-28T09:49:03.177+0000: [ParNew: 16903K->546K(18432K), 0.0063894 secs] 545655K->529298K(896640K), 0.0064754 secs] [Times: user=0.01 sys=0.00, real=0.00 secs] 
2020-10-28T09:49:03.234+0000: [GC (Allocation Failure) 2020-10-28T09:49:03.235+0000: [ParNew: 16930K->534K(18432K), 0.0031775 secs] 545682K->529298K(896640K), 0.0032381 secs] [Times: user=0.01 sys=0.00, real=0.01 secs] 
2020-10-28T09:49:03.270+0000: [GC (Allocation Failure) 2020-10-28T09:49:03.270+0000: [ParNew: 16918K->517K(18432K), 0.0031299 secs] 545682K->529281K(896640K), 0.0031896 secs] [Times: user=0.01 sys=0.00, real=0.00 secs] 
2020-10-28T09:49:03.307+0000: [GC (Allocation Failure) 2020-10-28T09:49:03.308+0000: [ParNew: 16901K->518K(18432K), 0.0031896 secs] 545665K->529281K(896640K), 0.0032517 secs] [Times: user=0.01 sys=0.00, real=0.00 secs] 
2020-10-28T09:49:03.334+0000: [GC (Allocation Failure) 2020-10-28T09:49:03.334+0000: [ParNew: 16902K->6K(18432K), 0.0030705 secs] 545665K->528769K(896640K), 0.0031297 secs] [Times: user=0.00 sys=0.00, real=0.01 secs] 
2020-10-28T09:49:03.365+0000: [GC (Allocation Failure) 2020-10-28T09:49:03.365+0000: [ParNew: 16390K->4K(18432K), 0.0031175 secs] 545153K->528767K(896640K), 0.0031789 secs] [Times: user=0.00 sys=0.00, real=0.01 secs] 
2020-10-28T09:49:03.390+0000: [GC (Allocation Failure) 2020-10-28T09:49:03.390+0000: [ParNew: 16388K->4K(18432K), 0.0030540 secs] 545151K->528767K(896640K), 0.0031197 secs] [Times: user=0.00 sys=0.00, real=0.00 secs] 
2020-10-28T09:49:03.416+0000: [GC (Allocation Failure) 2020-10-28T09:49:03.416+0000: [ParNew: 16388K->4K(18432K), 0.0031462 secs] 545151K->528767K(896640K), 0.0032082 secs] [Times: user=0.00 sys=0.00, real=0.00 secs] 
2020-10-28T09:49:03.440+0000: [GC (Allocation Failure) 2020-10-28T09:49:03.440+0000: [ParNew: 16388K->4K(18432K), 0.0030633 secs] 545151K->528767K(896640K), 0.0031251 secs] [Times: user=0.01 sys=0.00, real=0.00 secs] 
2020-10-28T09:49:03.462+0000: [GC (Allocation Failure) 2020-10-28T09:49:03.462+0000: [ParNew: 16388K->4K(18432K), 0.0030995 secs] 545151K->528767K(896640K), 0.0031598 secs] [Times: user=0.01 sys=0.00, real=0.00 secs] 
2020-10-28T09:49:03.487+0000: [GC (Allocation Failure) 2020-10-28T09:49:03.487+0000: [ParNew: 16388K->4K(18432K), 0.0030246 secs] 545151K->528768K(896640K), 0.0030828 secs] [Times: user=0.00 sys=0.01, real=0.01 secs] 
2020-10-28T09:49:03.511+0000: [GC (Allocation Failure) 2020-10-28T09:49:03.511+0000: [ParNew: 16388K->4K(18432K), 0.0030406 secs] 545152K->528768K(896640K), 0.0030982 secs] [Times: user=0.01 sys=0.00, real=0.00 secs] 
2020-10-28T09:49:03.536+0000: [GC (Allocation Failure) 2020-10-28T09:49:03.536+0000: [ParNew: 16388K->4K(18432K), 0.0030517 secs] 545152K->528768K(896640K), 0.0031084 secs] [Times: user=0.01 sys=0.00, real=0.00 secs] 
2020-10-28T09:49:03.564+0000: [GC (Allocation Failure) 2020-10-28T09:49:03.564+0000: [ParNew: 16388K->4K(18432K), 0.0030337 secs] 545152K->528768K(896640K), 0.0030934 secs] [Times: user=0.00 sys=0.00, real=0.00 secs] 
2020-10-28T09:49:03.591+0000: [GC (Allocation Failure) 2020-10-28T09:49:03.591+0000: [ParNew: 16388K->4K(18432K), 0.0030664 secs] 545152K->528768K(896640K), 0.0031263 secs] [Times: user=0.00 sys=0.00, real=0.00 secs] 
2020-10-28T09:49:03.624+0000: [GC (Allocation Failure) 2020-10-28T09:49:03.624+0000: [ParNew: 16388K->4K(18432K), 0.0030244 secs] 545152K->528768K(896640K), 0.0031026 secs] [Times: user=0.01 sys=0.00, real=0.00 secs] 
2020-10-28T09:49:03.654+0000: [GC (Allocation Failure) 2020-10-28T09:49:03.654+0000: [ParNew: 16388K->4K(18432K), 0.0030795 secs] 545152K->528768K(896640K), 0.0031392 secs] [Times: user=0.01 sys=0.00, real=0.01 secs] 
2020-10-28T09:49:03.688+0000: [GC (Allocation Failure) 2020-10-28T09:49:03.688+0000: [ParNew: 16388K->4K(18432K), 0.0047168 secs] 545152K->528768K(896640K), 0.0047886 secs] [Times: user=0.00 sys=0.00, real=0.00 secs] 
2020-10-28T09:49:03.719+0000: [GC (Allocation Failure) 2020-10-28T09:49:03.719+0000: [ParNew: 16388K->4K(18432K), 0.0054516 secs] 545152K->528768K(896640K), 0.0055238 secs] [Times: user=0.01 sys=0.00, real=0.00 secs] 
2020-10-28T09:49:03.765+0000: [GC (Allocation Failure) 2020-10-28T09:49:03.766+0000: [ParNew: 16388K->4K(18432K), 0.0038748 secs] 545152K->528768K(896640K), 0.0039455 secs] [Times: user=0.00 sys=0.00, real=0.01 secs] 
2020-10-28T09:49:03.799+0000: [GC (Allocation Failure) 2020-10-28T09:49:03.799+0000: [ParNew: 16388K->4K(18432K), 0.0030217 secs] 545152K->528768K(896640K), 0.0030799 secs] [Times: user=0.00 sys=0.00, real=0.00 secs] 
2020-10-28T09:49:03.827+0000: [GC (Allocation Failure) 2020-10-28T09:49:03.827+0000: [ParNew: 16388K->4K(18432K), 0.0041785 secs] 545152K->528768K(896640K), 0.0042512 secs] [Times: user=0.01 sys=0.00, real=0.01 secs] 
2020-10-28T09:49:03.867+0000: [GC (Allocation Failure) 2020-10-28T09:49:03.867+0000: [ParNew: 16388K->4K(18432K), 0.0031398 secs] 545152K->528768K(896640K), 0.0032191 secs] [Times: user=0.01 sys=0.00, real=0.01 secs] 
2020-10-28T09:49:03.911+0000: [GC (Allocation Failure) 2020-10-28T09:49:03.911+0000: [ParNew: 16388K->4K(18432K), 0.0080034 secs] 545152K->528768K(896640K), 0.0080871 secs] [Times: user=0.02 sys=0.00, real=0.01 secs] 
2020-10-28T09:49:03.954+0000: [GC (Allocation Failure) 2020-10-28T09:49:03.954+0000: [ParNew: 16388K->4K(18432K), 0.0064378 secs] 545152K->528768K(896640K), 0.0065000 secs] [Times: user=0.01 sys=0.00, real=0.01 secs] 
2020-10-28T09:49:03.997+0000: [GC (Allocation Failure) 2020-10-28T09:49:03.997+0000: [ParNew: 16388K->2K(18432K), 0.0066301 secs] 545152K->528766K(896640K), 0.0067129 secs] [Times: user=0.01 sys=0.00, real=0.00 secs] 
2020-10-28T09:49:04.029+0000: [GC (Allocation Failure) 2020-10-28T09:49:04.029+0000: [ParNew: 16386K->4K(18432K), 0.0030587 secs] 545150K->528768K(896640K), 0.0031194 secs] [Times: user=0.01 sys=0.00, real=0.00 secs] 
2020-10-28T09:49:04.052+0000: [GC (Allocation Failure) 2020-10-28T09:49:04.052+0000: [ParNew: 16388K->4K(18432K), 0.0030808 secs] 545152K->528768K(896640K), 0.0031437 secs] [Times: user=0.01 sys=0.00, real=0.00 secs] 
2020-10-28T09:49:04.076+0000: [GC (Allocation Failure) 2020-10-28T09:49:04.076+0000: [ParNew: 16388K->4K(18432K), 0.0030440 secs] 545152K->528768K(896640K), 0.0031041 secs] [Times: user=0.00 sys=0.00, real=0.00 secs] 
2020-10-28T09:49:04.099+0000: [GC (Allocation Failure) 2020-10-28T09:49:04.099+0000: [ParNew: 16388K->4K(18432K), 0.0030251 secs] 545152K->528768K(896640K), 0.0030840 secs] [Times: user=0.01 sys=0.00, real=0.00 secs] 
2020-10-28T09:49:04.124+0000: [GC (Allocation Failure) 2020-10-28T09:49:04.124+0000: [ParNew: 16388K->4K(18432K), 0.0030797 secs] 545152K->528768K(896640K), 0.0031422 secs] [Times: user=0.00 sys=0.00, real=0.00 secs] 
2020-10-28T09:49:04.148+0000: [GC (Allocation Failure) 2020-10-28T09:49:04.148+0000: [ParNew: 16388K->4K(18432K), 0.0030346 secs] 545152K->528768K(896640K), 0.0030925 secs] [Times: user=0.01 sys=0.00, real=0.00 secs] 
2020-10-28T09:49:04.168+0000: [GC (Allocation Failure) 2020-10-28T09:49:04.168+0000: [ParNew: 16388K->4K(18432K), 0.0029981 secs] 545152K->528768K(896640K), 0.0030528 secs] [Times: user=0.00 sys=0.00, real=0.00 secs] 
2020-10-28T09:49:04.187+0000: [GC (Allocation Failure) 2020-10-28T09:49:04.187+0000: [ParNew: 16388K->4K(18432K), 0.0030007 secs] 545152K->528768K(896640K), 0.0030582 secs] [Times: user=0.01 sys=0.00, real=0.01 secs] 
2020-10-28T09:49:04.208+0000: [GC (Allocation Failure) 2020-10-28T09:49:04.208+0000: [ParNew: 16388K->4K(18432K), 0.0030252 secs] 545152K->528768K(896640K), 0.0030827 secs] [Times: user=0.01 sys=0.00, real=0.00 secs] 
2020-10-28T09:49:04.227+0000: [GC (Allocation Failure) 2020-10-28T09:49:04.227+0000: [ParNew: 16388K->4K(18432K), 0.0050141 secs] 545152K->528768K(896640K), 0.0050736 secs] [Times: user=0.00 sys=0.01, real=0.01 secs] 
2020-10-28T09:49:04.249+0000: [GC (Allocation Failure) 2020-10-28T09:49:04.249+0000: [ParNew: 16388K->4K(18432K), 0.0030901 secs] 545152K->528768K(896640K), 0.0031494 secs] [Times: user=0.00 sys=0.00, real=0.00 secs] 
2020-10-28T09:49:04.271+0000: [GC (Allocation Failure) 2020-10-28T09:49:04.271+0000: [ParNew: 16388K->4K(18432K), 0.0030643 secs] 545152K->528768K(896640K), 0.0031237 secs] [Times: user=0.00 sys=0.00, real=0.00 secs] 
2020-10-28T09:49:04.291+0000: [GC (Allocation Failure) 2020-10-28T09:49:04.291+0000: [ParNew: 16388K->4K(18432K), 0.0030511 secs] 545152K->528768K(896640K), 0.0031098 secs] [Times: user=0.00 sys=0.00, real=0.00 secs] 
2020-10-28T09:49:04.312+0000: [GC (Allocation Failure) 2020-10-28T09:49:04.312+0000: [ParNew: 16388K->4K(18432K), 0.0029430 secs] 545152K->528768K(896640K), 0.0029985 secs] [Times: user=0.00 sys=0.00, real=0.00 secs] 
2020-10-28T09:49:04.332+0000: [GC (Allocation Failure) 2020-10-28T09:49:04.332+0000: [ParNew: 16388K->4K(18432K), 0.0029524 secs] 545152K->528768K(896640K), 0.0030077 secs] [Times: user=0.01 sys=0.00, real=0.00 secs] 
2020-10-28T09:49:04.351+0000: [GC (Allocation Failure) 2020-10-28T09:49:04.351+0000: [ParNew: 16388K->4K(18432K), 0.0029951 secs] 545152K->528768K(896640K), 0.0030504 secs] [Times: user=0.01 sys=0.00, real=0.00 secs] 
2020-10-28T09:49:04.372+0000: [GC (Allocation Failure) 2020-10-28T09:49:04.372+0000: [ParNew: 16388K->4K(18432K), 0.0029854 secs] 545152K->528768K(896640K), 0.0030411 secs] [Times: user=0.01 sys=0.00, real=0.00 secs] 
2020-10-28T09:49:04.391+0000: [GC (Allocation Failure) 2020-10-28T09:49:04.391+0000: [ParNew: 16388K->4K(18432K), 0.0030558 secs] 545152K->528768K(896640K), 0.0031108 secs] [Times: user=0.01 sys=0.00, real=0.00 secs] 
2020-10-28T09:49:04.411+0000: [GC (Allocation Failure) 2020-10-28T09:49:04.411+0000: [ParNew: 16388K->4K(18432K), 0.0029086 secs] 545152K->528768K(896640K), 0.0029738 secs] [Times: user=0.01 sys=0.00, real=0.00 secs] 
2020-10-28T09:49:04.432+0000: [GC (Allocation Failure) 2020-10-28T09:49:04.432+0000: [ParNew: 16388K->4K(18432K), 0.0030524 secs] 545152K->528768K(896640K), 0.0031103 secs] [Times: user=0.01 sys=0.00, real=0.00 secs] 
2020-10-28T09:49:04.451+0000: [GC (Allocation Failure) 2020-10-28T09:49:04.451+0000: [ParNew: 16388K->4K(18432K), 0.0030196 secs] 545152K->528768K(896640K), 0.0030870 secs] [Times: user=0.00 sys=0.00, real=0.00 secs] 
2020-10-28T09:49:04.472+0000: [GC (Allocation Failure) 2020-10-28T09:49:04.472+0000: [ParNew: 16388K->4K(18432K), 0.0030232 secs] 545152K->528768K(896640K), 0.0030818 secs] [Times: user=0.01 sys=0.00, real=0.00 secs] 
2020-10-28T09:49:04.491+0000: [GC (Allocation Failure) 2020-10-28T09:49:04.491+0000: [ParNew: 16388K->4K(18432K), 0.0030543 secs] 545152K->528768K(896640K), 0.0031306 secs] [Times: user=0.01 sys=0.00, real=0.00 secs] 
2020-10-28T09:49:04.511+0000: [GC (Allocation Failure) 2020-10-28T09:49:04.511+0000: [ParNew: 16388K->4K(18432K), 0.0030263 secs] 545152K->528768K(896640K), 0.0030776 secs] [Times: user=0.01 sys=0.00, real=0.00 secs] 
2020-10-28T09:49:04.536+0000: [GC (Allocation Failure) 2020-10-28T09:49:04.536+0000: [ParNew: 16388K->4K(18432K), 0.0030471 secs] 545152K->528768K(896640K), 0.0031066 secs] [Times: user=0.01 sys=0.00, real=0.00 secs] 
2020-10-28T09:49:04.559+0000: [GC (Allocation Failure) 2020-10-28T09:49:04.560+0000: [ParNew: 16388K->4K(18432K), 0.0030115 secs] 545152K->528768K(896640K), 0.0030693 secs] [Times: user=0.01 sys=0.00, real=0.00 secs] 
2020-10-28T09:49:04.580+0000: [GC (Allocation Failure) 2020-10-28T09:49:04.580+0000: [ParNew: 16388K->4K(18432K), 0.0030111 secs] 545152K->528768K(896640K), 0.0030688 secs] [Times: user=0.01 sys=0.00, real=0.00 secs] 
2020-10-28T09:49:04.600+0000: [GC (Allocation Failure) 2020-10-28T09:49:04.600+0000: [ParNew: 16388K->4K(18432K), 0.0030359 secs] 545152K->528768K(896640K), 0.0030960 secs] [Times: user=0.00 sys=0.00, real=0.00 secs] 
2020-10-28T09:49:04.620+0000: [GC (Allocation Failure) 2020-10-28T09:49:04.620+0000: [ParNew: 16388K->4K(18432K), 0.0030612 secs] 545152K->528768K(896640K), 0.0031510 secs] [Times: user=0.01 sys=0.00, real=0.00 secs] 
2020-10-28T09:49:04.640+0000: [GC (Allocation Failure) 2020-10-28T09:49:04.640+0000: [ParNew: 16388K->4K(18432K), 0.0030579 secs] 545152K->528769K(896640K), 0.0031359 secs] [Times: user=0.01 sys=0.00, real=0.00 secs] 
2020-10-28T09:49:04.660+0000: [GC (Allocation Failure) 2020-10-28T09:49:04.660+0000: [ParNew: 16388K->4K(18432K), 0.0030767 secs] 545153K->528769K(896640K), 0.0031346 secs] [Times: user=0.01 sys=0.00, real=0.00 secs] 
2020-10-28T09:49:04.683+0000: [GC (Allocation Failure) 2020-10-28T09:49:04.683+0000: [ParNew: 16388K->4K(18432K), 0.0030187 secs] 545153K->528769K(896640K), 0.0030766 secs] [Times: user=0.00 sys=0.01, real=0.00 secs] 
2020-10-28T09:49:04.703+0000: [GC (Allocation Failure) 2020-10-28T09:49:04.703+0000: [ParNew: 16388K->4K(18432K), 0.0030418 secs] 545153K->528769K(896640K), 0.0031009 secs] [Times: user=0.00 sys=0.00, real=0.00 secs] 
2020-10-28T09:49:04.722+0000: [GC (Allocation Failure) 2020-10-28T09:49:04.723+0000: [ParNew: 16388K->4K(18432K), 0.0030500 secs] 545153K->528769K(896640K), 0.0031078 secs] [Times: user=0.01 sys=0.00, real=0.00 secs] 
2020-10-28T09:49:04.742+0000: [GC (Allocation Failure) 2020-10-28T09:49:04.742+0000: [ParNew: 16388K->4K(18432K), 0.0030435 secs] 545153K->528769K(896640K), 0.0031012 secs] [Times: user=0.01 sys=0.00, real=0.00 secs] 
2020-10-28T09:49:04.762+0000: [GC (Allocation Failure) 2020-10-28T09:49:04.762+0000: [ParNew: 16388K->4K(18432K), 0.0030487 secs] 545153K->528769K(896640K), 0.0031085 secs] [Times: user=0.00 sys=0.00, real=0.00 secs] 
2020-10-28T09:49:04.782+0000: [GC (Allocation Failure) 2020-10-28T09:49:04.782+0000: [ParNew: 16388K->4K(18432K), 0.0030256 secs] 545153K->528769K(896640K), 0.0030827 secs] [Times: user=0.00 sys=0.00, real=0.00 secs] 
2020-10-28T09:49:04.804+0000: [GC (Allocation Failure) 2020-10-28T09:49:04.804+0000: [ParNew: 16388K->4K(18432K), 0.0030336 secs] 545153K->528769K(896640K), 0.0030933 secs] [Times: user=0.01 sys=0.00, real=0.00 secs] 
2020-10-28T09:49:04.824+0000: [GC (Allocation Failure) 2020-10-28T09:49:04.824+0000: [ParNew: 16388K->4K(18432K), 0.0030210 secs] 545153K->528769K(896640K), 0.0030801 secs] [Times: user=0.01 sys=0.00, real=0.00 secs] 
2020-10-28T09:49:04.843+0000: [GC (Allocation Failure) 2020-10-28T09:49:04.843+0000: [ParNew: 16388K->4K(18432K), 0.0031321 secs] 545153K->528769K(896640K), 0.0031928 secs] [Times: user=0.00 sys=0.00, real=0.00 secs] 
2020-10-28T09:49:04.864+0000: [GC (Allocation Failure) 2020-10-28T09:49:04.864+0000: [ParNew: 16388K->4K(18432K), 0.0030953 secs] 545153K->528769K(896640K), 0.0031550 secs] [Times: user=0.00 sys=0.00, real=0.00 secs] 
2020-10-28T09:49:04.884+0000: [GC (Allocation Failure) 2020-10-28T09:49:04.884+0000: [ParNew: 16388K->4K(18432K), 0.0030462 secs] 545153K->528769K(896640K), 0.0031057 secs] [Times: user=0.01 sys=0.00, real=0.00 secs] 
2020-10-28T09:49:04.904+0000: [GC (Allocation Failure) 2020-10-28T09:49:04.904+0000: [ParNew: 16388K->4K(18432K), 0.0030370 secs] 545153K->528769K(896640K), 0.0030965 secs] [Times: user=0.01 sys=0.00, real=0.00 secs] 
2020-10-28T09:49:04.923+0000: [GC (Allocation Failure) 2020-10-28T09:49:04.923+0000: [ParNew: 16388K->4K(18432K), 0.0030708 secs] 545153K->528769K(896640K), 0.0031316 secs] [Times: user=0.00 sys=0.00, real=0.00 secs] 
2020-10-28T09:49:04.944+0000: [GC (Allocation Failure) 2020-10-28T09:49:04.944+0000: [ParNew: 16388K->4K(18432K), 0.0030299 secs] 545153K->528769K(896640K), 0.0030882 secs] [Times: user=0.00 sys=0.00, real=0.00 secs] 
2020-10-28T09:49:04.963+0000: [GC (Allocation Failure) 2020-10-28T09:49:04.963+0000: [ParNew: 16388K->4K(18432K), 0.0030287 secs] 545153K->528769K(896640K), 0.0030864 secs] [Times: user=0.00 sys=0.00, real=0.00 secs] 
2020-10-28T09:49:04.984+0000: [GC (Allocation Failure) 2020-10-28T09:49:04.984+0000: [ParNew: 16388K->4K(18432K), 0.0030135 secs] 545153K->528769K(896640K), 0.0030935 secs] [Times: user=0.00 sys=0.00, real=0.00 secs] 
2020-10-28T09:49:05.007+0000: [GC (Allocation Failure) 2020-10-28T09:49:05.007+0000: [ParNew: 16388K->4K(18432K), 0.0030368 secs] 545153K->528769K(896640K), 0.0030953 secs] [Times: user=0.00 sys=0.00, real=0.01 secs] 
2020-10-28T09:49:05.027+0000: [GC (Allocation Failure) 2020-10-28T09:49:05.027+0000: [ParNew: 16388K->4K(18432K), 0.0030938 secs] 545153K->528769K(896640K), 0.0031512 secs] [Times: user=0.00 sys=0.00, real=0.01 secs] 
2020-10-28T09:49:05.048+0000: [GC (Allocation Failure) 2020-10-28T09:49:05.048+0000: [ParNew: 16388K->4K(18432K), 0.0030177 secs] 545153K->528769K(896640K), 0.0030767 secs] [Times: user=0.00 sys=0.00, real=0.00 secs] 
2020-10-28T09:49:05.067+0000: [GC (Allocation Failure) 2020-10-28T09:49:05.067+0000: [ParNew: 16388K->4K(18432K), 0.0030267 secs] 545153K->528769K(896640K), 0.0030836 secs] [Times: user=0.01 sys=0.00, real=0.01 secs] 
2020-10-28T09:49:05.087+0000: [GC (Allocation Failure) 2020-10-28T09:49:05.087+0000: [ParNew: 16388K->4K(18432K), 0.0030350 secs] 545153K->528769K(896640K), 0.0030963 secs] [Times: user=0.00 sys=0.00, real=0.01 secs] 
2020-10-28T09:49:05.108+0000: [GC (Allocation Failure) 2020-10-28T09:49:05.108+0000: [ParNew: 16388K->4K(18432K), 0.0030270 secs] 545153K->528769K(896640K), 0.0030852 secs] [Times: user=0.01 sys=0.00, real=0.00 secs] 
2020-10-28T09:49:05.128+0000: [GC (Allocation Failure) 2020-10-28T09:49:05.128+0000: [ParNew: 16388K->4K(18432K), 0.0036182 secs] 545153K->528769K(896640K), 0.0036796 secs] [Times: user=0.01 sys=0.00, real=0.00 secs] 
2020-10-28T09:49:05.152+0000: [GC (Allocation Failure) 2020-10-28T09:49:05.152+0000: [ParNew: 16388K->4K(18432K), 0.0030436 secs] 545153K->528769K(896640K), 0.0031026 secs] [Times: user=0.01 sys=0.00, real=0.00 secs] 
2020-10-28T09:49:05.175+0000: [GC (Allocation Failure) 2020-10-28T09:49:05.175+0000: [ParNew: 16388K->4K(18432K), 0.0030647 secs] 545153K->528769K(896640K), 0.0031257 secs] [Times: user=0.01 sys=0.00, real=0.01 secs] 
2020-10-28T09:49:05.196+0000: [GC (Allocation Failure) 2020-10-28T09:49:05.196+0000: [ParNew: 16388K->4K(18432K), 0.0030925 secs] 545153K->528769K(896640K), 0.0031543 secs] [Times: user=0.01 sys=0.00, real=0.00 secs] 
2020-10-28T09:49:05.215+0000: [GC (Allocation Failure) 2020-10-28T09:49:05.215+0000: [ParNew: 16388K->4K(18432K), 0.0049574 secs] 545153K->528769K(896640K), 0.0050283 secs] [Times: user=0.01 sys=0.00, real=0.01 secs] 
2020-10-28T09:49:05.237+0000: [GC (Allocation Failure) 2020-10-28T09:49:05.237+0000: [ParNew: 16388K->4K(18432K), 0.0030471 secs] 545153K->528769K(896640K), 0.0031202 secs] [Times: user=0.01 sys=0.00, real=0.00 secs] 
2020-10-28T09:49:05.260+0000: [GC (Allocation Failure) 2020-10-28T09:49:05.260+0000: [ParNew: 16388K->4K(18432K), 0.0030109 secs] 545153K->528769K(896640K), 0.0030687 secs] [Times: user=0.00 sys=0.00, real=0.00 secs] 
2020-10-28T09:49:05.279+0000: [GC (Allocation Failure) 2020-10-28T09:49:05.279+0000: [ParNew: 16388K->4K(18432K), 0.0031178 secs] 545153K->528769K(896640K), 0.0031779 secs] [Times: user=0.00 sys=0.00, real=0.00 secs] 
2020-10-28T09:49:05.299+0000: [GC (Allocation Failure) 2020-10-28T09:49:05.299+0000: [ParNew: 16388K->4K(18432K), 0.0030896 secs] 545153K->528769K(896640K), 0.0031553 secs] [Times: user=0.01 sys=0.00, real=0.00 secs] 
2020-10-28T09:49:05.319+0000: [GC (Allocation Failure) 2020-10-28T09:49:05.319+0000: [ParNew: 16388K->4K(18432K), 0.0030487 secs] 545153K->528769K(896640K), 0.0031064 secs] [Times: user=0.01 sys=0.00, real=0.00 secs] 
2020-10-28T09:49:05.340+0000: [GC (Allocation Failure) 2020-10-28T09:49:05.340+0000: [ParNew: 16388K->4K(18432K), 0.0030324 secs] 545153K->528769K(896640K), 0.0030907 secs] [Times: user=0.00 sys=0.00, real=0.00 secs] 
2020-10-28T09:49:05.359+0000: [GC (Allocation Failure) 2020-10-28T09:49:05.359+0000: [ParNew: 16388K->4K(18432K), 0.0030592 secs] 545153K->528769K(896640K), 0.0031191 secs] [Times: user=0.00 sys=0.00, real=0.00 secs] 
2020-10-28T09:49:05.379+0000: [GC (Allocation Failure) 2020-10-28T09:49:05.379+0000: [ParNew: 16388K->4K(18432K), 0.0030845 secs] 545153K->528769K(896640K), 0.0031456 secs] [Times: user=0.01 sys=0.00, real=0.00 secs] 
2020-10-28T09:49:05.400+0000: [GC (Allocation Failure) 2020-10-28T09:49:05.400+0000: [ParNew: 16388K->4K(18432K), 0.0030209 secs] 545153K->528769K(896640K), 0.0030801 secs] [Times: user=0.01 sys=0.00, real=0.00 secs] 
2020-10-28T09:49:05.419+0000: [GC (Allocation Failure) 2020-10-28T09:49:05.419+0000: [ParNew: 16388K->4K(18432K), 0.0030479 secs] 545153K->528769K(896640K), 0.0031066 secs] [Times: user=0.00 sys=0.00, real=0.00 secs] 
2020-10-28T09:49:05.439+0000: [GC (Allocation Failure) 2020-10-28T09:49:05.439+0000: [ParNew: 16388K->4K(18432K), 0.0030120 secs] 545153K->528769K(896640K), 0.0030698 secs] [Times: user=0.00 sys=0.00, real=0.00 secs] 
2020-10-28T09:49:05.460+0000: [GC (Allocation Failure) 2020-10-28T09:49:05.460+0000: [ParNew: 16388K->4K(18432K), 0.0030116 secs] 545153K->528769K(896640K), 0.0030688 secs] [Times: user=0.01 sys=0.00, real=0.00 secs] 
2020-10-28T09:49:05.479+0000: [GC (Allocation Failure) 2020-10-28T09:49:05.479+0000: [ParNew: 16388K->4K(18432K), 0.0032391 secs] 545153K->528769K(896640K), 0.0033005 secs] [Times: user=0.01 sys=0.00, real=0.00 secs] 
2020-10-28T09:49:05.499+0000: [GC (Allocation Failure) 2020-10-28T09:49:05.499+0000: [ParNew: 16388K->4K(18432K), 0.0031057 secs] 545153K->528769K(896640K), 0.0031643 secs] [Times: user=0.01 sys=0.00, real=0.00 secs] 
2020-10-28T09:49:05.519+0000: [GC (Allocation Failure) 2020-10-28T09:49:05.519+0000: [ParNew: 16388K->4K(18432K), 0.0030923 secs] 545153K->528769K(896640K), 0.0031511 secs] [Times: user=0.00 sys=0.00, real=0.00 secs] 
2020-10-28T09:49:05.538+0000: [GC (Allocation Failure) 2020-10-28T09:49:05.538+0000: [ParNew: 16388K->4K(18432K), 0.0030556 secs] 545153K->528769K(896640K), 0.0031255 secs] [Times: user=0.00 sys=0.00, real=0.00 secs] 
2020-10-28T09:49:05.558+0000: [GC (Allocation Failure) 2020-10-28T09:49:05.558+0000: [ParNew: 16388K->4K(18432K), 0.0030399 secs] 545153K->528769K(896640K), 0.0030985 secs] [Times: user=0.00 sys=0.00, real=0.00 secs] 
2020-10-28T09:49:05.580+0000: [GC (Allocation Failure) 2020-10-28T09:49:05.580+0000: [ParNew: 16388K->4K(18432K), 0.0030047 secs] 545153K->528769K(896640K), 0.0030638 secs] [Times: user=0.00 sys=0.00, real=0.00 secs] 
2020-10-28T09:49:05.599+0000: [GC (Allocation Failure) 2020-10-28T09:49:05.599+0000: [ParNew: 16388K->4K(18432K), 0.0030758 secs] 545153K->528769K(896640K), 0.0031346 secs] [Times: user=0.01 sys=0.00, real=0.00 secs] 
2020-10-28T09:49:05.619+0000: [GC (Allocation Failure) 2020-10-28T09:49:05.619+0000: [ParNew: 16388K->4K(18432K), 0.0030795 secs] 545153K->528769K(896640K), 0.0031387 secs] [Times: user=0.01 sys=0.00, real=0.00 secs] 
2020-10-28T09:49:05.640+0000: [GC (Allocation Failure) 2020-10-28T09:49:05.640+0000: [ParNew: 16388K->4K(18432K), 0.0030973 secs] 545153K->528769K(896640K), 0.0031589 secs] [Times: user=0.00 sys=0.00, real=0.00 secs] 
2020-10-28T09:49:05.660+0000: [GC (Allocation Failure) 2020-10-28T09:49:05.660+0000: [ParNew: 16388K->4K(18432K), 0.0030788 secs] 545153K->528769K(896640K), 0.0031399 secs] [Times: user=0.01 sys=0.00, real=0.00 secs] 
2020-10-28T09:49:05.679+0000: [GC (Allocation Failure) 2020-10-28T09:49:05.679+0000: [ParNew: 16388K->4K(18432K), 0.0032113 secs] 545153K->528769K(896640K), 0.0032721 secs] [Times: user=0.01 sys=0.00, real=0.00 secs] 
2020-10-28T09:49:05.699+0000: [GC (Allocation Failure) 2020-10-28T09:49:05.699+0000: [ParNew: 16388K->4K(18432K), 0.0030400 secs] 545153K->528769K(896640K), 0.0030981 secs] [Times: user=0.01 sys=0.00, real=0.00 secs] 
2020-10-28T09:49:05.719+0000: [GC (Allocation Failure) 2020-10-28T09:49:05.719+0000: [ParNew: 16388K->4K(18432K), 0.0030247 secs] 545153K->528769K(896640K), 0.0030820 secs] [Times: user=0.01 sys=0.00, real=0.00 secs] 
2020-10-28T09:49:05.738+0000: [GC (Allocation Failure) 2020-10-28T09:49:05.738+0000: [ParNew: 16388K->4K(18432K), 0.0030227 secs] 545153K->528769K(896640K), 0.0030963 secs] [Times: user=0.00 sys=0.00, real=0.00 secs] 
2020-10-28T09:49:05.757+0000: [GC (Allocation Failure) 2020-10-28T09:49:05.758+0000: [ParNew: 16388K->4K(18432K), 0.0038983 secs] 545153K->528769K(896640K), 0.0039582 secs] [Times: user=0.00 sys=0.00, real=0.00 secs] 
2020-10-28T09:49:05.778+0000: [GC (Allocation Failure) 2020-10-28T09:49:05.778+0000: [ParNew: 16388K->4K(18432K), 0.0030271 secs] 545153K->528769K(896640K), 0.0030846 secs] [Times: user=0.01 sys=0.00, real=0.00 secs] 
2020-10-28T09:49:05.798+0000: [GC (Allocation Failure) 2020-10-28T09:49:05.798+0000: [ParNew: 16388K->4K(18432K), 0.0030042 secs] 545153K->528769K(896640K), 0.0030606 secs] [Times: user=0.01 sys=0.00, real=0.00 secs] 
2020-10-28T09:49:05.817+0000: [GC (Allocation Failure) 2020-10-28T09:49:05.818+0000: [ParNew: 16388K->4K(18432K), 0.0030159 secs] 545153K->528769K(896640K), 0.0030699 secs] [Times: user=0.00 sys=0.00, real=0.00 secs] 
2020-10-28T09:49:05.840+0000: [GC (Allocation Failure) 2020-10-28T09:49:05.840+0000: [ParNew: 16388K->4K(18432K), 0.0030008 secs] 545153K->528769K(896640K), 0.0030574 secs] [Times: user=0.01 sys=0.00, real=0.00 secs] 
2020-10-28T09:49:05.860+0000: [GC (Allocation Failure) 2020-10-28T09:49:05.860+0000: [ParNew: 16388K->4K(18432K), 0.0029381 secs] 545153K->528769K(896640K), 0.0029935 secs] [Times: user=0.01 sys=0.00, real=0.00 secs] 
2020-10-28T09:49:05.883+0000: [GC (Allocation Failure) 2020-10-28T09:49:05.883+0000: [ParNew: 16388K->4K(18432K), 0.0030021 secs] 545153K->528769K(896640K), 0.0030594 secs] [Times: user=0.01 sys=0.00, real=0.00 secs] 
2020-10-28T09:49:05.904+0000: [GC (Allocation Failure) 2020-10-28T09:49:05.904+0000: [ParNew: 16388K->4K(18432K), 0.0030088 secs] 545153K->528769K(896640K), 0.0030673 secs] [Times: user=0.01 sys=0.00, real=0.00 secs] 
2020-10-28T09:49:05.924+0000: [GC (Allocation Failure) 2020-10-28T09:49:05.924+0000: [ParNew: 16388K->4K(18432K), 0.0030355 secs] 545153K->528769K(896640K), 0.0030950 secs] [Times: user=0.01 sys=0.00, real=0.00 secs] 
2020-10-28T09:49:05.948+0000: [GC (Allocation Failure) 2020-10-28T09:49:05.948+0000: [ParNew: 16388K->4K(18432K), 0.0030187 secs] 545153K->528769K(896640K), 0.0030772 secs] [Times: user=0.01 sys=0.00, real=0.00 secs] 
2020-10-28T09:49:05.968+0000: [GC (Allocation Failure) 2020-10-28T09:49:05.968+0000: [ParNew: 16388K->4K(18432K), 0.0030803 secs] 545153K->528769K(896640K), 0.0031382 secs] [Times: user=0.01 sys=0.00, real=0.00 secs] 
2020-10-28T09:49:05.991+0000: [GC (Allocation Failure) 2020-10-28T09:49:05.991+0000: [ParNew: 16388K->4K(18432K), 0.0030294 secs] 545153K->528769K(896640K), 0.0030980 secs] [Times: user=0.01 sys=0.00, real=0.00 secs] 
2020-10-28T09:49:06.011+0000: [GC (Allocation Failure) 2020-10-28T09:49:06.011+0000: [ParNew: 16388K->4K(18432K), 0.0030200 secs] 545153K->528769K(896640K), 0.0030775 secs] [Times: user=0.01 sys=0.00, real=0.00 secs] 
2020-10-28T09:49:06.031+0000: [GC (Allocation Failure) 2020-10-28T09:49:06.031+0000: [ParNew: 16388K->4K(18432K), 0.0031092 secs] 545153K->528769K(896640K), 0.0031686 secs] [Times: user=0.01 sys=0.00, real=0.00 secs] 
2020-10-28T09:49:06.051+0000: [GC (Allocation Failure) 2020-10-28T09:49:06.051+0000: [ParNew: 16388K->4K(18432K), 0.0030239 secs] 545153K->528769K(896640K), 0.0030955 secs] [Times: user=0.00 sys=0.01, real=0.00 secs] 
2020-10-28T09:49:06.071+0000: [GC (Allocation Failure) 2020-10-28T09:49:06.071+0000: [ParNew: 16388K->4K(18432K), 0.0030581 secs] 545153K->528769K(896640K), 0.0031154 secs] [Times: user=0.01 sys=0.00, real=0.00 secs] 
2020-10-28T09:49:06.090+0000: [GC (Allocation Failure) 2020-10-28T09:49:06.091+0000: [ParNew: 16388K->4K(18432K), 0.0030896 secs] 545153K->528769K(896640K), 0.0031470 secs] [Times: user=0.00 sys=0.00, real=0.00 secs] 
2020-10-28T09:49:06.110+0000: [GC (Allocation Failure) 2020-10-28T09:49:06.110+0000: [ParNew: 16388K->4K(18432K), 0.0030394 secs] 545153K->528769K(896640K), 0.0030990 secs] [Times: user=0.00 sys=0.00, real=0.00 secs] 
2020-10-28T09:49:06.132+0000: [GC (Allocation Failure) 2020-10-28T09:49:06.132+0000: [ParNew: 16388K->4K(18432K), 0.0031088 secs] 545153K->528769K(896640K), 0.0031682 secs] [Times: user=0.01 sys=0.00, real=0.00 secs] 
2020-10-28T09:49:06.152+0000: [GC (Allocation Failure) 2020-10-28T09:49:06.152+0000: [ParNew: 16388K->4K(18432K), 0.0030752 secs] 545153K->528769K(896640K), 0.0031347 secs] [Times: user=0.00 sys=0.00, real=0.00 secs] 
2020-10-28T09:49:06.172+0000: [GC (Allocation Failure) 2020-10-28T09:49:06.172+0000: [ParNew: 16388K->4K(18432K), 0.0030541 secs] 545153K->528770K(896640K), 0.0031107 secs] [Times: user=0.00 sys=0.00, real=0.00 secs] 
2020-10-28T09:49:06.191+0000: [GC (Allocation Failure) 2020-10-28T09:49:06.191+0000: [ParNew: 16388K->4K(18432K), 0.0030599 secs] 545154K->528770K(896640K), 0.0031355 secs] [Times: user=0.01 sys=0.00, real=0.00 secs] 
2020-10-28T09:49:06.211+0000: [GC (Allocation Failure) 2020-10-28T09:49:06.211+0000: [ParNew: 16388K->4K(18432K), 0.0031051 secs] 545154K->528770K(896640K), 0.0031673 secs] [Times: user=0.01 sys=0.00, real=0.00 secs] 
2020-10-28T09:49:06.231+0000: [GC (Allocation Failure) 2020-10-28T09:49:06.231+0000: [ParNew: 16388K->4K(18432K), 0.0030899 secs] 545154K->528770K(896640K), 0.0031497 secs] [Times: user=0.01 sys=0.00, real=0.00 secs] 
2020-10-28T09:49:06.250+0000: [GC (Allocation Failure) 2020-10-28T09:49:06.250+0000: [ParNew: 16388K->4K(18432K), 0.0031277 secs] 545154K->528770K(896640K), 0.0031880 secs] [Times: user=0.00 sys=0.00, real=0.00 secs] 
2020-10-28T09:49:06.270+0000: [GC (Allocation Failure) 2020-10-28T09:49:06.270+0000: [ParNew: 16388K->4K(18432K), 0.0031190 secs] 545154K->528770K(896640K), 0.0031792 secs] [Times: user=0.00 sys=0.00, real=0.00 secs] 
2020-10-28T09:49:06.292+0000: [GC (Allocation Failure) 2020-10-28T09:49:06.292+0000: [ParNew: 16388K->4K(18432K), 0.0030485 secs] 545154K->528770K(896640K), 0.0031090 secs] [Times: user=0.00 sys=0.00, real=0.00 secs] 
2020-10-28T09:49:06.311+0000: [GC (Allocation Failure) 2020-10-28T09:49:06.311+0000: [ParNew: 16388K->4K(18432K), 0.0030976 secs] 545154K->528770K(896640K), 0.0031587 secs] [Times: user=0.00 sys=0.00, real=0.00 secs] 
2020-10-28T09:49:06.331+0000: [GC (Allocation Failure) 2020-10-28T09:49:06.331+0000: [ParNew: 16388K->4K(18432K), 0.0030331 secs] 545154K->528770K(896640K), 0.0030916 secs] [Times: user=0.01 sys=0.00, real=0.00 secs] 
2020-10-28T09:49:06.350+0000: [GC (Allocation Failure) 2020-10-28T09:49:06.350+0000: [ParNew: 16388K->4K(18432K), 0.0030810 secs] 545154K->528770K(896640K), 0.0031465 secs] [Times: user=0.01 sys=0.00, real=0.00 secs] 
2020-10-28T09:49:06.370+0000: [GC (Allocation Failure) 2020-10-28T09:49:06.370+0000: [ParNew: 16388K->4K(18432K), 0.0030917 secs] 545154K->528770K(896640K), 0.0031626 secs] [Times: user=0.01 sys=0.00, real=0.00 secs] 
2020-10-28T09:49:06.390+0000: [GC (Allocation Failure) 2020-10-28T09:49:06.390+0000: [ParNew: 16388K->4K(18432K), 0.0031158 secs] 545154K->528770K(896640K), 0.0031751 secs] [Times: user=0.01 sys=0.00, real=0.00 secs] 
2020-10-28T09:49:06.412+0000: [GC (Allocation Failure) 2020-10-28T09:49:06.412+0000: [ParNew: 16388K->4K(18432K), 0.0030555 secs] 545154K->528770K(896640K), 0.0031149 secs] [Times: user=0.01 sys=0.00, real=0.00 secs] 
2020-10-28T09:49:06.431+0000: [GC (Allocation Failure) 2020-10-28T09:49:06.431+0000: [ParNew: 16388K->4K(18432K), 0.0030750 secs] 545154K->528770K(896640K), 0.0031359 secs] [Times: user=0.01 sys=0.00, real=0.00 secs] 
2020-10-28T09:49:06.451+0000: [GC (Allocation Failure) 2020-10-28T09:49:06.451+0000: [ParNew: 16388K->4K(18432K), 0.0030892 secs] 545154K->528770K(896640K), 0.0031505 secs] [Times: user=0.00 sys=0.00, real=0.00 secs] 
2020-10-28T09:49:06.472+0000: [GC (Allocation Failure) 2020-10-28T09:49:06.472+0000: [ParNew: 16388K->4K(18432K), 0.0030829 secs] 545154K->528770K(896640K), 0.0031416 secs] [Times: user=0.00 sys=0.00, real=0.00 secs] 
2020-10-28T09:49:06.491+0000: [GC (Allocation Failure) 2020-10-28T09:49:06.491+0000: [ParNew: 16388K->4K(18432K), 0.0030569 secs] 545154K->528770K(896640K), 0.0031139 secs] [Times: user=0.00 sys=0.00, real=0.00 secs] 
2020-10-28T09:49:06.515+0000: [GC (Allocation Failure) 2020-10-28T09:49:06.515+0000: [ParNew: 16388K->4K(18432K), 0.0030394 secs] 545154K->528770K(896640K), 0.0030908 secs] [Times: user=0.01 sys=0.00, real=0.01 secs] 
2020-10-28T09:49:06.537+0000: [GC (Allocation Failure) 2020-10-28T09:49:06.537+0000: [ParNew: 16388K->4K(18432K), 0.0030355 secs] 545154K->528770K(896640K), 0.0030932 secs] [Times: user=0.01 sys=0.00, real=0.00 secs] 
2020-10-28T09:49:06.560+0000: [GC (Allocation Failure) 2020-10-28T09:49:06.560+0000: [ParNew: 16388K->4K(18432K), 0.0030213 secs] 545154K->528770K(896640K), 0.0030791 secs] [Times: user=0.00 sys=0.00, real=0.00 secs] 
2020-10-28T09:49:06.583+0000: [GC (Allocation Failure) 2020-10-28T09:49:06.583+0000: [ParNew: 16388K->4K(18432K), 0.0030528 secs] 545154K->528770K(896640K), 0.0031106 secs] [Times: user=0.01 sys=0.00, real=0.00 secs] 
2020-10-28T09:49:06.604+0000: [GC (Allocation Failure) 2020-10-28T09:49:06.604+0000: [ParNew: 16388K->4K(18432K), 0.0030117 secs] 545154K->528770K(896640K), 0.0030692 secs] [Times: user=0.00 sys=0.00, real=0.00 secs] 
2020-10-28T09:49:06.625+0000: [GC (Allocation Failure) 2020-10-28T09:49:06.625+0000: [ParNew: 16388K->4K(18432K), 0.0030318 secs] 545154K->528770K(896640K), 0.0030901 secs] [Times: user=0.00 sys=0.00, real=0.01 secs] 
2020-10-28T09:49:06.650+0000: [GC (Allocation Failure) 2020-10-28T09:49:06.650+0000: [ParNew: 16388K->4K(18432K), 0.0030974 secs] 545154K->528770K(896640K), 0.0031701 secs] [Times: user=0.01 sys=0.00, real=0.00 secs] 
2020-10-28T09:49:06.679+0000: [GC (Allocation Failure) 2020-10-28T09:49:06.679+0000: [ParNew: 16388K->4K(18432K), 0.0080128 secs] 545154K->528770K(896640K), 0.0080936 secs] [Times: user=0.01 sys=0.00, real=0.00 secs] 
2020-10-28T09:49:06.705+0000: [GC (Allocation Failure) 2020-10-28T09:49:06.705+0000: [ParNew: 16388K->4K(18432K), 0.0030381 secs] 545154K->528770K(896640K), 0.0030976 secs] [Times: user=0.01 sys=0.00, real=0.01 secs] 
2020-10-28T09:49:06.724+0000: [GC (Allocation Failure) 2020-10-28T09:49:06.724+0000: [ParNew: 16388K->4K(18432K), 0.0030658 secs] 545154K->528770K(896640K), 0.0031229 secs] [Times: user=0.01 sys=0.00, real=0.00 secs] 
2020-10-28T09:49:06.744+0000: [GC (Allocation Failure) 2020-10-28T09:49:06.744+0000: [ParNew: 16388K->4K(18432K), 0.0030006 secs] 545154K->528770K(896640K), 0.0030585 secs] [Times: user=0.01 sys=0.00, real=0.00 secs] 
2020-10-28T09:49:06.767+0000: [GC (Allocation Failure) 2020-10-28T09:49:06.767+0000: [ParNew: 16388K->4K(18432K), 0.0030178 secs] 545154K->528770K(896640K), 0.0031040 secs] [Times: user=0.00 sys=0.00, real=0.01 secs] 
2020-10-28T09:49:06.787+0000: [GC (Allocation Failure) 2020-10-28T09:49:06.787+0000: [ParNew: 16388K->4K(18432K), 0.0036813 secs] 545154K->528770K(896640K), 0.0037542 secs] [Times: user=0.01 sys=0.00, real=0.01 secs] 
2020-10-28T09:49:06.808+0000: [GC (Allocation Failure) 2020-10-28T09:49:06.808+0000: [ParNew: 16388K->4K(18432K), 0.0030251 secs] 545154K->528770K(896640K), 0.0030834 secs] [Times: user=0.01 sys=0.00, real=0.00 secs] 
2020-10-28T09:49:06.827+0000: [GC (Allocation Failure) 2020-10-28T09:49:06.827+0000: [ParNew: 16388K->4K(18432K), 0.0030445 secs] 545154K->528770K(896640K), 0.0031176 secs] [Times: user=0.00 sys=0.00, real=0.01 secs] 
2020-10-28T09:49:06.847+0000: [GC (Allocation Failure) 2020-10-28T09:49:06.847+0000: [ParNew: 16388K->4K(18432K), 0.0033957 secs] 545154K->528770K(896640K), 0.0034547 secs] [Times: user=0.01 sys=0.00, real=0.01 secs] 
2020-10-28T09:49:06.867+0000: [GC (Allocation Failure) 2020-10-28T09:49:06.867+0000: [ParNew: 16388K->4K(18432K), 0.0030016 secs] 545154K->528770K(896640K), 0.0030668 secs] [Times: user=0.01 sys=0.00, real=0.01 secs] 
2020-10-28T09:49:06.888+0000: [GC (Allocation Failure) 2020-10-28T09:49:06.888+0000: [ParNew: 16388K->4K(18432K), 0.0031163 secs] 545154K->528770K(896640K), 0.0031742 secs] [Times: user=0.00 sys=0.00, real=0.00 secs] 
2020-10-28T09:49:06.911+0000: [GC (Allocation Failure) 2020-10-28T09:49:06.911+0000: [ParNew: 16388K->4K(18432K), 0.0030440 secs] 545154K->528770K(896640K), 0.0031032 secs] [Times: user=0.01 sys=0.00, real=0.00 secs] 
2020-10-28T09:49:06.932+0000: [GC (Allocation Failure) 2020-10-28T09:49:06.932+0000: [ParNew: 16388K->4K(18432K), 0.0030036 secs] 545154K->528770K(896640K), 0.0030612 secs] [Times: user=0.01 sys=0.00, real=0.00 secs] 
2020-10-28T09:49:06.951+0000: [GC (Allocation Failure) 2020-10-28T09:49:06.951+0000: [ParNew: 16388K->4K(18432K), 0.0029915 secs] 545154K->528770K(896640K), 0.0030479 secs] [Times: user=0.00 sys=0.00, real=0.00 secs] 
2020-10-28T09:49:06.971+0000: [GC (Allocation Failure) 2020-10-28T09:49:06.971+0000: [ParNew: 16388K->4K(18432K), 0.0030031 secs] 545154K->528770K(896640K), 0.0030592 secs] [Times: user=0.00 sys=0.00, real=0.00 secs] 
2020-10-28T09:49:06.991+0000: [GC (Allocation Failure) 2020-10-28T09:49:06.991+0000: [ParNew: 16388K->4K(18432K), 0.0030319 secs] 545154K->528770K(896640K), 0.0031080 secs] [Times: user=0.01 sys=0.00, real=0.00 secs] 
2020-10-28T09:49:07.010+0000: [GC (Allocation Failure) 2020-10-28T09:49:07.010+0000: [ParNew: 16388K->4K(18432K), 0.0031419 secs] 545154K->528770K(896640K), 0.0032024 secs] [Times: user=0.01 sys=0.00, real=0.00 secs] 
2020-10-28T09:49:07.032+0000: [GC (Allocation Failure) 2020-10-28T09:49:07.032+0000: [ParNew: 16388K->4K(18432K), 0.0030915 secs] 545154K->528770K(896640K), 0.0031515 secs] [Times: user=0.01 sys=0.00, real=0.00 secs] 
2020-10-28T09:49:07.051+0000: [GC (Allocation Failure) 2020-10-28T09:49:07.051+0000: [ParNew: 16388K->4K(18432K), 0.0031118 secs] 545154K->528770K(896640K), 0.0031708 secs] [Times: user=0.01 sys=0.00, real=0.00 secs] 
2020-10-28T09:49:07.072+0000: [GC (Allocation Failure) 2020-10-28T09:49:07.072+0000: [ParNew: 16388K->4K(18432K), 0.0030554 secs] 545154K->528770K(896640K), 0.0031159 secs] [Times: user=0.01 sys=0.00, real=0.00 secs] 
2020-10-28T09:49:07.095+0000: [GC (Allocation Failure) 2020-10-28T09:49:07.095+0000: [ParNew: 16388K->4K(18432K), 0.0031346 secs] 545154K->528770K(896640K), 0.0032112 secs] [Times: user=0.00 sys=0.00, real=0.01 secs] 
2020-10-28T09:49:07.115+0000: [GC (Allocation Failure) 2020-10-28T09:49:07.115+0000: [ParNew: 16388K->4K(18432K), 0.0031011 secs] 545154K->528770K(896640K), 0.0031615 secs] [Times: user=0.00 sys=0.01, real=0.01 secs] 
2020-10-28T09:49:07.135+0000: [GC (Allocation Failure) 2020-10-28T09:49:07.135+0000: [ParNew: 16388K->4K(18432K), 0.0032303 secs] 545154K->528770K(896640K), 0.0033039 secs] [Times: user=0.01 sys=0.00, real=0.01 secs] 
2020-10-28T09:49:07.155+0000: [GC (Allocation Failure) 2020-10-28T09:49:07.155+0000: [ParNew: 16388K->4K(18432K), 0.0030637 secs] 545154K->528770K(896640K), 0.0031319 secs] [Times: user=0.01 sys=0.00, real=0.01 secs] 
2020-10-28T09:49:07.175+0000: [GC (Allocation Failure) 2020-10-28T09:49:07.175+0000: [ParNew: 16388K->4K(18432K), 0.0030527 secs] 545154K->528770K(896640K), 0.0031240 secs] [Times: user=0.00 sys=0.00, real=0.01 secs] 
2020-10-28T09:49:07.195+0000: [GC (Allocation Failure) 2020-10-28T09:49:07.195+0000: [ParNew: 16388K->4K(18432K), 0.0030332 secs] 545154K->528770K(896640K), 0.0030908 secs] [Times: user=0.00 sys=0.00, real=0.01 secs] 
2020-10-28T09:49:07.214+0000: [GC (Allocation Failure) 2020-10-28T09:49:07.214+0000: [ParNew: 16388K->4K(18432K), 0.0030795 secs] 545154K->528770K(896640K), 0.0031464 secs] [Times: user=0.01 sys=0.00, real=0.01 secs] 
2020-10-28T09:49:07.236+0000: [GC (Allocation Failure) 2020-10-28T09:49:07.236+0000: [ParNew: 16388K->4K(18432K), 0.0030302 secs] 545154K->528770K(896640K), 0.0030872 secs] [Times: user=0.01 sys=0.00, real=0.00 secs] 
2020-10-28T09:49:07.255+0000: [GC (Allocation Failure) 2020-10-28T09:49:07.255+0000: [ParNew: 16388K->4K(18432K), 0.0030977 secs] 545154K->528770K(896640K), 0.0031565 secs] [Times: user=0.01 sys=0.00, real=0.01 secs] 
2020-10-28T09:49:07.276+0000: [GC (Allocation Failure) 2020-10-28T09:49:07.276+0000: [ParNew: 16388K->4K(18432K), 0.0030298 secs] 545154K->528770K(896640K), 0.0030862 secs] [Times: user=0.01 sys=0.00, real=0.00 secs] 
2020-10-28T09:49:07.299+0000: [GC (Allocation Failure) 2020-10-28T09:49:07.299+0000: [ParNew: 16388K->4K(18432K), 0.0030684 secs] 545154K->528770K(896640K), 0.0031288 secs] [Times: user=0.00 sys=0.00, real=0.00 secs] 
2020-10-28T09:49:07.319+0000: [GC (Allocation Failure) 2020-10-28T09:49:07.319+0000: [ParNew: 16388K->4K(18432K), 0.0030850 secs] 545154K->528770K(896640K), 0.0031477 secs] [Times: user=0.01 sys=0.00, real=0.00 secs] 
2020-10-28T09:49:07.339+0000: [GC (Allocation Failure) 2020-10-28T09:49:07.339+0000: [ParNew: 16388K->4K(18432K), 0.0031255 secs] 545154K->528770K(896640K), 0.0031841 secs] [Times: user=0.01 sys=0.00, real=0.00 secs] 
2020-10-28T09:49:07.359+0000: [GC (Allocation Failure) 2020-10-28T09:49:07.359+0000: [ParNew: 16388K->4K(18432K), 0.0030966 secs] 545154K->528770K(896640K), 0.0031737 secs] [Times: user=0.00 sys=0.00, real=0.00 secs] 
2020-10-28T09:49:07.378+0000: [GC (Allocation Failure) 2020-10-28T09:49:07.378+0000: [ParNew: 16388K->4K(18432K), 0.0031031 secs] 545154K->528770K(896640K), 0.0031629 secs] [Times: user=0.00 sys=0.00, real=0.00 secs] 
2020-10-28T09:49:07.398+0000: [GC (Allocation Failure) 2020-10-28T09:49:07.398+0000: [ParNew: 16388K->4K(18432K), 0.0031458 secs] 545154K->528770K(896640K), 0.0032064 secs] [Times: user=0.00 sys=0.00, real=0.00 secs] 
2020-10-28T09:49:07.420+0000: [GC (Allocation Failure) 2020-10-28T09:49:07.420+0000: [ParNew: 16388K->4K(18432K), 0.0030911 secs] 545154K->528770K(896640K), 0.0031523 secs] [Times: user=0.00 sys=0.00, real=0.00 secs] 
2020-10-28T09:49:07.439+0000: [GC (Allocation Failure) 2020-10-28T09:49:07.439+0000: [ParNew: 16388K->4K(18432K), 0.0031183 secs] 545154K->528770K(896640K), 0.0031793 secs] [Times: user=0.00 sys=0.00, real=0.00 secs] 
2020-10-28T09:49:07.460+0000: [GC (Allocation Failure) 2020-10-28T09:49:07.460+0000: [ParNew: 16388K->4K(18432K), 0.0030233 secs] 545154K->528770K(896640K), 0.0030822 secs] [Times: user=0.01 sys=0.00, real=0.00 secs] 
2020-10-28T09:49:07.483+0000: [GC (Allocation Failure) 2020-10-28T09:49:07.483+0000: [ParNew: 16388K->4K(18432K), 0.0030313 secs] 545154K->528770K(896640K), 0.0030889 secs] [Times: user=0.00 sys=0.00, real=0.00 secs] 
2020-10-28T09:49:07.503+0000: [GC (Allocation Failure) 2020-10-28T09:49:07.503+0000: [ParNew: 16388K->4K(18432K), 0.0030417 secs] 545154K->528770K(896640K), 0.0031002 secs] [Times: user=0.00 sys=0.00, real=0.00 secs] 
2020-10-28T09:49:07.522+0000: [GC (Allocation Failure) 2020-10-28T09:49:07.522+0000: [ParNew: 16388K->4K(18432K), 0.0030613 secs] 545154K->528770K(896640K), 0.0031198 secs] [Times: user=0.01 sys=0.00, real=0.00 secs] 
2020-10-28T09:49:07.550+0000: [GC (Allocation Failure) 2020-10-28T09:49:07.550+0000: [ParNew: 16388K->4K(18432K), 0.0032223 secs] 545154K->528770K(896640K), 0.0032859 secs] [Times: user=0.01 sys=0.00, real=0.00 secs] 
2020-10-28T09:49:07.572+0000: [GC (Allocation Failure) 2020-10-28T09:49:07.572+0000: [ParNew: 16388K->4K(18432K), 0.0030222 secs] 545154K->528770K(896640K), 0.0030822 secs] [Times: user=0.01 sys=0.00, real=0.00 secs] 
2020-10-28T09:49:07.591+0000: [GC (Allocation Failure) 2020-10-28T09:49:07.591+0000: [ParNew: 16388K->4K(18432K), 0.0030613 secs] 545154K->528770K(896640K), 0.0031171 secs] [Times: user=0.01 sys=0.00, real=0.00 secs] 
2020-10-28T09:49:07.611+0000: [GC (Allocation Failure) 2020-10-28T09:49:07.611+0000: [ParNew: 16388K->4K(18432K), 0.0030567 secs] 545154K->528770K(896640K), 0.0031164 secs] [Times: user=0.01 sys=0.00, real=0.00 secs] 
2020-10-28T09:49:07.631+0000: [GC (Allocation Failure) 2020-10-28T09:49:07.631+0000: [ParNew: 16388K->4K(18432K), 0.0030470 secs] 545154K->528770K(896640K), 0.0031054 secs] [Times: user=0.00 sys=0.00, real=0.00 secs] 
2020-10-28T09:49:07.652+0000: [GC (Allocation Failure) 2020-10-28T09:49:07.652+0000: [ParNew: 16388K->4K(18432K), 0.0030199 secs] 545154K->528770K(896640K), 0.0030788 secs] [Times: user=0.00 sys=0.00, real=0.00 secs] 
2020-10-28T09:49:07.671+0000: [GC (Allocation Failure) 2020-10-28T09:49:07.671+0000: [ParNew: 16388K->4K(18432K), 0.0030392 secs] 545154K->528770K(896640K), 0.0030960 secs] [Times: user=0.00 sys=0.00, real=0.00 secs] 
2020-10-28T09:49:07.691+0000: [GC (Allocation Failure) 2020-10-28T09:49:07.691+0000: [ParNew: 16388K->4K(18432K), 0.0030145 secs] 545154K->528770K(896640K), 0.0030712 secs] [Times: user=0.00 sys=0.00, real=0.00 secs] 
2020-10-28T09:49:07.710+0000: [GC (Allocation Failure) 2020-10-28T09:49:07.710+0000: [ParNew: 16388K->4K(18432K), 0.0031940 secs] 545154K->528770K(896640K), 0.0032563 secs] [Times: user=0.01 sys=0.00, real=0.00 secs] 
2020-10-28T09:49:07.730+0000: [GC (Allocation Failure) 2020-10-28T09:49:07.730+0000: [ParNew: 16388K->4K(18432K), 0.0031257 secs] 545154K->528770K(896640K), 0.0031876 secs] [Times: user=0.01 sys=0.00, real=0.00 secs] 
2020-10-28T09:49:07.750+0000: [GC (Allocation Failure) 2020-10-28T09:49:07.750+0000: [ParNew: 16388K->4K(18432K), 0.0030823 secs] 545154K->528770K(896640K), 0.0031598 secs] [Times: user=0.01 sys=0.00, real=0.00 secs] 
2020-10-28T09:49:07.772+0000: [GC (Allocation Failure) 2020-10-28T09:49:07.772+0000: [ParNew: 16388K->4K(18432K), 0.0030536 secs] 545154K->528770K(896640K), 0.0031145 secs] [Times: user=0.01 sys=0.00, real=0.00 secs] 
2020-10-28T09:49:07.792+0000: [GC (Allocation Failure) 2020-10-28T09:49:07.792+0000: [ParNew: 16388K->4K(18432K), 0.0033169 secs] 545154K->528770K(896640K), 0.0033949 secs] [Times: user=0.00 sys=0.00, real=0.01 secs] 
2020-10-28T09:49:07.812+0000: [GC (Allocation Failure) 2020-10-28T09:49:07.813+0000: [ParNew: 16388K->4K(18432K), 0.0030581 secs] 545154K->528770K(896640K), 0.0031257 secs] [Times: user=0.01 sys=0.00, real=0.01 secs] 
2020-10-28T09:49:07.836+0000: [GC (Allocation Failure) 2020-10-28T09:49:07.836+0000: [ParNew: 16388K->4K(18432K), 0.0029966 secs] 545154K->528770K(896640K), 0.0030526 secs] [Times: user=0.01 sys=0.00, real=0.00 secs] 
2020-10-28T09:49:07.859+0000: [GC (Allocation Failure) 2020-10-28T09:49:07.859+0000: [ParNew: 16388K->4K(18432K), 0.0030187 secs] 545154K->528770K(896640K), 0.0030756 secs] [Times: user=0.01 sys=0.00, real=0.00 secs] 
2020-10-28T09:49:07.879+0000: [GC (Allocation Failure) 2020-10-28T09:49:07.879+0000: [ParNew: 16388K->4K(18432K), 0.0030095 secs] 545154K->528770K(896640K), 0.0030673 secs] [Times: user=0.00 sys=0.00, real=0.00 secs] 
2020-10-28T09:49:07.899+0000: [GC (Allocation Failure) 2020-10-28T09:49:07.899+0000: [ParNew: 16388K->4K(18432K), 0.0030823 secs] 545154K->528770K(896640K), 0.0031431 secs] [Times: user=0.00 sys=0.00, real=0.00 secs] 
2020-10-28T09:49:07.920+0000: [GC (Allocation Failure) 2020-10-28T09:49:07.920+0000: [ParNew: 16388K->4K(18432K), 0.0030457 secs] 545154K->528770K(896640K), 0.0031052 secs] [Times: user=0.00 sys=0.00, real=0.00 secs] 
2020-10-28T09:49:07.939+0000: [GC (Allocation Failure) 2020-10-28T09:49:07.939+0000: [ParNew: 16388K->4K(18432K), 0.0030861 secs] 545154K->528770K(896640K), 0.0031551 secs] [Times: user=0.01 sys=0.00, real=0.00 secs] 
2020-10-28T09:49:07.959+0000: [GC (Allocation Failure) 2020-10-28T09:49:07.959+0000: [ParNew: 16388K->4K(18432K), 0.0030786 secs] 545154K->528770K(896640K), 0.0031378 secs] [Times: user=0.01 sys=0.00, real=0.00 secs] 
2020-10-28T09:49:07.979+0000: [GC (Allocation Failure) 2020-10-28T09:49:07.979+0000: [ParNew: 16388K->4K(18432K), 0.0030904 secs] 545154K->528770K(896640K), 0.0031690 secs] [Times: user=0.01 sys=0.00, real=0.00 secs] 
2020-10-28T09:49:08.000+0000: [GC (Allocation Failure) 2020-10-28T09:49:08.000+0000: [ParNew: 16388K->4K(18432K), 0.0030287 secs] 545154K->528770K(896640K), 0.0030880 secs] [Times: user=0.00 sys=0.00, real=0.00 secs] 
2020-10-28T09:49:08.023+0000: [GC (Allocation Failure) 2020-10-28T09:49:08.023+0000: [ParNew: 16388K->4K(18432K), 0.0030644 secs] 545154K->528770K(896640K), 0.0031237 secs] [Times: user=0.01 sys=0.00, real=0.00 secs] 
2020-10-28T09:49:08.044+0000: [GC (Allocation Failure) 2020-10-28T09:49:08.044+0000: [ParNew: 16388K->4K(18432K), 0.0031418 secs] 545154K->528770K(896640K), 0.0032010 secs] [Times: user=0.00 sys=0.00, real=0.00 secs] 
2020-10-28T09:49:08.067+0000: [GC (Allocation Failure) 2020-10-28T09:49:08.068+0000: [ParNew: 16388K->4K(18432K), 0.0030364 secs] 545154K->528770K(896640K), 0.0030964 secs] [Times: user=0.00 sys=0.01, real=0.00 secs] 
2020-10-28T09:49:08.087+0000: [GC (Allocation Failure) 2020-10-28T09:49:08.087+0000: [ParNew: 16388K->4K(18432K), 0.0030283 secs] 545154K->528770K(896640K), 0.0030869 secs] [Times: user=0.01 sys=0.00, real=0.01 secs] 
2020-10-28T09:49:08.107+0000: [GC (Allocation Failure) 2020-10-28T09:49:08.107+0000: [ParNew: 16388K->4K(18432K), 0.0030579 secs] 545154K->528770K(896640K), 0.0031169 secs] [Times: user=0.01 sys=0.00, real=0.01 secs] 
2020-10-28T09:49:08.128+0000: [GC (Allocation Failure) 2020-10-28T09:49:08.128+0000: [ParNew: 16388K->4K(18432K), 0.0033168 secs] 545154K->528770K(896640K), 0.0033883 secs] [Times: user=0.01 sys=0.00, real=0.00 secs] 
2020-10-28T09:49:08.152+0000: [GC (Allocation Failure) 2020-10-28T09:49:08.152+0000: [ParNew: 16388K->4K(18432K), 0.0030557 secs] 545154K->528770K(896640K), 0.0031174 secs] [Times: user=0.01 sys=0.00, real=0.00 secs] 
2020-10-28T09:49:08.171+0000: [GC (Allocation Failure) 2020-10-28T09:49:08.171+0000: [ParNew: 16388K->4K(18432K), 0.0030411 secs] 545154K->528770K(896640K), 0.0030995 secs] [Times: user=0.01 sys=0.00, real=0.00 secs] 
2020-10-28T09:49:08.191+0000: [GC (Allocation Failure) 2020-10-28T09:49:08.191+0000: [ParNew: 16388K->4K(18432K), 0.0030288 secs] 545154K->528770K(896640K), 0.0030837 secs] [Times: user=0.00 sys=0.00, real=0.00 secs] 
2020-10-28T09:49:08.212+0000: [GC (Allocation Failure) 2020-10-28T09:49:08.212+0000: [ParNew: 16388K->4K(18432K), 0.0030262 secs] 545154K->528770K(896640K), 0.0030842 secs] [Times: user=0.01 sys=0.00, real=0.00 secs] 
2020-10-28T09:49:08.231+0000: [GC (Allocation Failure) 2020-10-28T09:49:08.231+0000: [ParNew: 16388K->4K(18432K), 0.0030510 secs] 545154K->528770K(896640K), 0.0031087 secs] [Times: user=0.01 sys=0.00, real=0.00 secs] 
2020-10-28T09:49:08.251+0000: [GC (Allocation Failure) 2020-10-28T09:49:08.251+0000: [ParNew: 16388K->4K(18432K), 0.0030508 secs] 545154K->528770K(896640K), 0.0031086 secs] [Times: user=0.00 sys=0.00, real=0.00 secs] 
2020-10-28T09:49:08.272+0000: [GC (Allocation Failure) 2020-10-28T09:49:08.272+0000: [ParNew: 16388K->4K(18432K), 0.0030297 secs] 545154K->528770K(896640K), 0.0030885 secs] [Times: user=0.01 sys=0.00, real=0.00 secs] 
2020-10-28T09:49:08.291+0000: [GC (Allocation Failure) 2020-10-28T09:49:08.291+0000: [ParNew: 16388K->4K(18432K), 0.0030940 secs] 545154K->528770K(896640K), 0.0031529 secs] [Times: user=0.01 sys=0.00, real=0.00 secs] 
2020-10-28T09:49:08.312+0000: [GC (Allocation Failure) 2020-10-28T09:49:08.312+0000: [ParNew: 16388K->4K(18432K), 0.0030267 secs] 545154K->528770K(896640K), 0.0030859 secs] [Times: user=0.01 sys=0.00, real=0.00 secs] 
2020-10-28T09:49:08.331+0000: [GC (Allocation Failure) 2020-10-28T09:49:08.331+0000: [ParNew: 16388K->4K(18432K), 0.0030538 secs] 545154K->528770K(896640K), 0.0031137 secs] [Times: user=0.01 sys=0.00, real=0.00 secs] 
2020-10-28T09:49:08.351+0000: [GC (Allocation Failure) 2020-10-28T09:49:08.351+0000: [ParNew: 16388K->4K(18432K), 0.0030381 secs] 545154K->528770K(896640K), 0.0030967 secs] [Times: user=0.00 sys=0.00, real=0.00 secs] 
2020-10-28T09:49:08.372+0000: [GC (Allocation Failure) 2020-10-28T09:49:08.372+0000: [ParNew: 16388K->4K(18432K), 0.0030536 secs] 545154K->528770K(896640K), 0.0031138 secs] [Times: user=0.00 sys=0.00, real=0.00 secs] 
2020-10-28T09:49:08.404+0000: [GC (Allocation Failure) 2020-10-28T09:49:08.404+0000: [ParNew: 16388K->4K(18432K), 0.0031557 secs] 545154K->528770K(896640K), 0.0032410 secs] [Times: user=0.00 sys=0.00, real=0.00 secs] 
2020-10-28T09:49:08.424+0000: [GC (Allocation Failure) 2020-10-28T09:49:08.424+0000: [ParNew: 16388K->4K(18432K), 0.0030770 secs] 545154K->528770K(896640K), 0.0031389 secs] [Times: user=0.00 sys=0.00, real=0.00 secs] 
2020-10-28T09:49:08.444+0000: [GC (Allocation Failure) 2020-10-28T09:49:08.444+0000: [ParNew: 16388K->4K(18432K), 0.0031125 secs] 545154K->528770K(896640K), 0.0031739 secs] [Times: user=0.01 sys=0.00, real=0.00 secs] 
2020-10-28T09:49:08.463+0000: [GC (Allocation Failure) 2020-10-28T09:49:08.463+0000: [ParNew: 16388K->4K(18432K), 0.0030618 secs] 545154K->528770K(896640K), 0.0031546 secs] [Times: user=0.01 sys=0.00, real=0.00 secs] 
2020-10-28T09:49:08.483+0000: [GC (Allocation Failure) 2020-10-28T09:49:08.483+0000: [ParNew: 16388K->4K(18432K), 0.0030874 secs] 545154K->528770K(896640K), 0.0031529 secs] [Times: user=0.01 sys=0.00, real=0.00 secs] 
2020-10-28T09:49:08.503+0000: [GC (Allocation Failure) 2020-10-28T09:49:08.503+0000: [ParNew: 16388K->4K(18432K), 0.0030512 secs] 545154K->528770K(896640K), 0.0031100 secs] [Times: user=0.01 sys=0.00, real=0.00 secs] 
2020-10-28T09:49:08.523+0000: [GC (Allocation Failure) 2020-10-28T09:49:08.523+0000: [ParNew: 16388K->4K(18432K), 0.0030716 secs] 545154K->528770K(896640K), 0.0031319 secs] [Times: user=0.01 sys=0.00, real=0.00 secs] 
2020-10-28T09:49:08.543+0000: [GC (Allocation Failure) 2020-10-28T09:49:08.543+0000: [ParNew: 16388K->4K(18432K), 0.0030488 secs] 545154K->528770K(896640K), 0.0031073 secs] [Times: user=0.01 sys=0.00, real=0.00 secs] 
2020-10-28T09:49:08.564+0000: [GC (Allocation Failure) 2020-10-28T09:49:08.564+0000: [ParNew: 16388K->4K(18432K), 0.0030236 secs] 545154K->528770K(896640K), 0.0030830 secs] [Times: user=0.01 sys=0.00, real=0.00 secs] 
2020-10-28T09:49:08.583+0000: [GC (Allocation Failure) 2020-10-28T09:49:08.583+0000: [ParNew: 16388K->4K(18432K), 0.0030651 secs] 545154K->528770K(896640K), 0.0031238 secs] [Times: user=0.00 sys=0.00, real=0.00 secs] 
2020-10-28T09:49:08.603+0000: [GC (Allocation Failure) 2020-10-28T09:49:08.603+0000: [ParNew: 16388K->4K(18432K), 0.0031113 secs] 545154K->528770K(896640K), 0.0031722 secs] [Times: user=0.00 sys=0.00, real=0.00 secs] 
2020-10-28T09:49:08.628+0000: [GC (Allocation Failure) 2020-10-28T09:49:08.628+0000: [ParNew: 16388K->4K(18432K), 0.0030435 secs] 545154K->528770K(896640K), 0.0031036 secs] [Times: user=0.01 sys=0.00, real=0.00 secs] 
2020-10-28T09:49:08.660+0000: [GC (Allocation Failure) 2020-10-28T09:49:08.660+0000: [ParNew: 16388K->4K(18432K), 0.0030655 secs] 545154K->528770K(896640K), 0.0031493 secs] [Times: user=0.01 sys=0.00, real=0.00 secs] 
2020-10-28T09:49:08.680+0000: [GC (Allocation Failure) 2020-10-28T09:49:08.680+0000: [ParNew: 16388K->4K(18432K), 0.0032349 secs] 545154K->528770K(896640K), 0.0033073 secs] [Times: user=0.01 sys=0.00, real=0.00 secs] 
2020-10-28T09:49:08.700+0000: [GC (Allocation Failure) 2020-10-28T09:49:08.700+0000: [ParNew: 16388K->4K(18432K), 0.0030214 secs] 545154K->528770K(896640K), 0.0030804 secs] [Times: user=0.00 sys=0.00, real=0.00 secs] 
2020-10-28T09:49:08.719+0000: [GC (Allocation Failure) 2020-10-28T09:49:08.719+0000: [ParNew: 16388K->4K(18432K), 0.0030356 secs] 545154K->528770K(896640K), 0.0031100 secs] [Times: user=0.00 sys=0.00, real=0.00 secs] 
2020-10-28T09:49:08.740+0000: [GC (Allocation Failure) 2020-10-28T09:49:08.740+0000: [ParNew: 16388K->4K(18432K), 0.0030554 secs] 545154K->528770K(896640K), 0.0031147 secs] [Times: user=0.01 sys=0.00, real=0.00 secs] 
2020-10-28T09:49:08.763+0000: [GC (Allocation Failure) 2020-10-28T09:49:08.763+0000: [ParNew: 16388K->4K(18432K), 0.0030499 secs] 545154K->528770K(896640K), 0.0031112 secs] [Times: user=0.01 sys=0.00, real=0.00 secs] 
2020-10-28T09:49:08.783+0000: [GC (Allocation Failure) 2020-10-28T09:49:08.783+0000: [ParNew: 16388K->4K(18432K), 0.0030830 secs] 545154K->528771K(896640K), 0.0031493 secs] [Times: user=0.01 sys=0.00, real=0.00 secs] 
2020-10-28T09:49:08.803+0000: [GC (Allocation Failure) 2020-10-28T09:49:08.803+0000: [ParNew: 16388K->4K(18432K), 0.0030802 secs] 545155K->528771K(896640K), 0.0031487 secs] [Times: user=0.01 sys=0.00, real=0.00 secs] 
2020-10-28T09:49:08.824+0000: [GC (Allocation Failure) 2020-10-28T09:49:08.824+0000: [ParNew: 16388K->4K(18432K), 0.0030335 secs] 545155K->528771K(896640K), 0.0030943 secs] [Times: user=0.01 sys=0.00, real=0.00 secs] 
2020-10-28T09:49:08.843+0000: [GC (Allocation Failure) 2020-10-28T09:49:08.843+0000: [ParNew: 16388K->4K(18432K), 0.0030403 secs] 545155K->528771K(896640K), 0.0030990 secs] [Times: user=0.01 sys=0.00, real=0.00 secs] 
2020-10-28T09:49:08.864+0000: [GC (Allocation Failure) 2020-10-28T09:49:08.864+0000: [ParNew: 16388K->4K(18432K), 0.0031314 secs] 545155K->528771K(896640K), 0.0031934 secs] [Times: user=0.01 sys=0.00, real=0.00 secs] 
2020-10-28T09:49:08.883+0000: [GC (Allocation Failure) 2020-10-28T09:49:08.883+0000: [ParNew: 16388K->4K(18432K), 0.0030715 secs] 545155K->528771K(896640K), 0.0031305 secs] [Times: user=0.00 sys=0.00, real=0.00 secs] 
2020-10-28T09:49:08.903+0000: [GC (Allocation Failure) 2020-10-28T09:49:08.903+0000: [ParNew: 16388K->4K(18432K), 0.0030368 secs] 545155K->528771K(896640K), 0.0030967 secs] [Times: user=0.00 sys=0.00, real=0.00 secs] 
2020-10-28T09:49:08.924+0000: [GC (Allocation Failure) 2020-10-28T09:49:08.924+0000: [ParNew: 16388K->4K(18432K), 0.0030525 secs] 545155K->528771K(896640K), 0.0031123 secs] [Times: user=0.01 sys=0.00, real=0.00 secs] 
2020-10-28T09:49:08.943+0000: [GC (Allocation Failure) 2020-10-28T09:49:08.943+0000: [ParNew: 16388K->4K(18432K), 0.0030595 secs] 545155K->528771K(896640K), 0.0031203 secs] [Times: user=0.01 sys=0.00, real=0.00 secs] 
2020-10-28T09:49:08.963+0000: [GC (Allocation Failure) 2020-10-28T09:49:08.963+0000: [ParNew: 16388K->4K(18432K), 0.0031043 secs] 545155K->528771K(896640K), 0.0031698 secs] [Times: user=0.01 sys=0.00, real=0.00 secs] 
2020-10-28T09:49:08.984+0000: [GC (Allocation Failure) 2020-10-28T09:49:08.984+0000: [ParNew: 16388K->4K(18432K), 0.0030803 secs] 545155K->528771K(896640K), 0.0031383 secs] [Times: user=0.01 sys=0.00, real=0.00 secs] 
2020-10-28T09:49:09.007+0000: [GC (Allocation Failure) 2020-10-28T09:49:09.007+0000: [ParNew: 16388K->4K(18432K), 0.0030857 secs] 545155K->528771K(896640K), 0.0031471 secs] [Times: user=0.01 sys=0.00, real=0.01 secs] 
2020-10-28T09:49:09.027+0000: [GC (Allocation Failure) 2020-10-28T09:49:09.027+0000: [ParNew: 16388K->4K(18432K), 0.0029911 secs] 545155K->528771K(896640K), 0.0030477 secs] [Times: user=0.01 sys=0.00, real=0.01 secs] 
2020-10-28T09:49:09.048+0000: [GC (Allocation Failure) 2020-10-28T09:49:09.048+0000: [ParNew: 16388K->4K(18432K), 0.0031178 secs] 545155K->528771K(896640K), 0.0031772 secs] [Times: user=0.00 sys=0.00, real=0.00 secs] 
2020-10-28T09:49:09.071+0000: [GC (Allocation Failure) 2020-10-28T09:49:09.071+0000: [ParNew: 16388K->4K(18432K), 0.0030758 secs] 545155K->528771K(896640K), 0.0031362 secs] [Times: user=0.01 sys=0.00, real=0.00 secs] 
2020-10-28T09:49:09.091+0000: [GC (Allocation Failure) 2020-10-28T09:49:09.091+0000: [ParNew: 16388K->4K(18432K), 0.0030934 secs] 545155K->528771K(896640K), 0.0031528 secs] [Times: user=0.00 sys=0.00, real=0.00 secs] 
2020-10-28T09:49:09.111+0000: [GC (Allocation Failure) 2020-10-28T09:49:09.111+0000: [ParNew: 16388K->4K(18432K), 0.0030548 secs] 545155K->528771K(896640K), 0.0031248 secs] [Times: user=0.01 sys=0.00, real=0.00 secs] 
2020-10-28T09:49:09.131+0000: [GC (Allocation Failure) 2020-10-28T09:49:09.131+0000: [ParNew: 16388K->4K(18432K), 0.0033864 secs] 545155K->528771K(896640K), 0.0034788 secs] [Times: user=0.01 sys=0.00, real=0.00 secs] 
2020-10-28T09:49:09.151+0000: [GC (Allocation Failure) 2020-10-28T09:49:09.151+0000: [ParNew: 16388K->4K(18432K), 0.0030275 secs] 545155K->528771K(896640K), 0.0031000 secs] [Times: user=0.01 sys=0.00, real=0.00 secs] 
2020-10-28T09:49:09.171+0000: [GC (Allocation Failure) 2020-10-28T09:49:09.171+0000: [ParNew: 16388K->4K(18432K), 0.0030642 secs] 545155K->528771K(896640K), 0.0031255 secs] [Times: user=0.01 sys=0.00, real=0.00 secs] 
2020-10-28T09:49:09.192+0000: [GC (Allocation Failure) 2020-10-28T09:49:09.192+0000: [ParNew: 16388K->4K(18432K), 0.0030782 secs] 545155K->528771K(896640K), 0.0031388 secs] [Times: user=0.00 sys=0.00, real=0.00 secs] 
2020-10-28T09:49:09.211+0000: [GC (Allocation Failure) 2020-10-28T09:49:09.211+0000: [ParNew: 16388K->4K(18432K), 0.0030656 secs] 545155K->528771K(896640K), 0.0031248 secs] [Times: user=0.01 sys=0.00, real=0.00 secs] 
2020-10-28T09:49:09.232+0000: [GC (Allocation Failure) 2020-10-28T09:49:09.232+0000: [ParNew: 16388K->4K(18432K), 0.0030275 secs] 545155K->528771K(896640K), 0.0030885 secs] [Times: user=0.01 sys=0.00, real=0.00 secs] 
2020-10-28T09:49:09.251+0000: [GC (Allocation Failure) 2020-10-28T09:49:09.251+0000: [ParNew: 16388K->4K(18432K), 0.0030633 secs] 545155K->528771K(896640K), 0.0031392 secs] [Times: user=0.00 sys=0.01, real=0.00 secs] 
2020-10-28T09:49:09.271+0000: [GC (Allocation Failure) 2020-10-28T09:49:09.271+0000: [ParNew: 16388K->4K(18432K), 0.0030317 secs] 545155K->528771K(896640K), 0.0030902 secs] [Times: user=0.01 sys=0.00, real=0.00 secs] 
2020-10-28T09:49:09.290+0000: [GC (Allocation Failure) 2020-10-28T09:49:09.290+0000: [ParNew: 16388K->4K(18432K), 0.0031104 secs] 545155K->528771K(896640K), 0.0031768 secs] [Times: user=0.01 sys=0.00, real=0.00 secs] 
2020-10-28T09:49:09.312+0000: [GC (Allocation Failure) 2020-10-28T09:49:09.312+0000: [ParNew: 16388K->4K(18432K), 0.0030588 secs] 545155K->528771K(896640K), 0.0031185 secs] [Times: user=0.00 sys=0.00, real=0.00 secs] 
2020-10-28T09:49:09.335+0000: [GC (Allocation Failure) 2020-10-28T09:49:09.335+0000: [ParNew: 16388K->4K(18432K), 0.0030778 secs] 545155K->528771K(896640K), 0.0031382 secs] [Times: user=0.00 sys=0.00, real=0.01 secs] 
2020-10-28T09:49:09.355+0000: [GC (Allocation Failure) 2020-10-28T09:49:09.355+0000: [ParNew: 16388K->4K(18432K), 0.0030441 secs] 545155K->528771K(896640K), 0.0031019 secs] [Times: user=0.00 sys=0.00, real=0.01 secs] 
2020-10-28T09:49:09.374+0000: [GC (Allocation Failure) 2020-10-28T09:49:09.374+0000: [ParNew: 16388K->4K(18432K), 0.0030913 secs] 545155K->528771K(896640K), 0.0031546 secs] [Times: user=0.00 sys=0.00, real=0.01 secs] 
2020-10-28T09:49:09.394+0000: [GC (Allocation Failure) 2020-10-28T09:49:09.394+0000: [ParNew: 16388K->4K(18432K), 0.0030741 secs] 545155K->528771K(896640K), 0.0031299 secs] [Times: user=0.01 sys=0.00, real=0.01 secs] 
2020-10-28T09:49:09.414+0000: [GC (Allocation Failure) 2020-10-28T09:49:09.414+0000: [ParNew: 16388K->4K(18432K), 0.0030300 secs] 545155K->528771K(896640K), 0.0030857 secs] [Times: user=0.01 sys=0.00, real=0.01 secs] 
2020-10-28T09:49:09.434+0000: [GC (Allocation Failure) 2020-10-28T09:49:09.434+0000: [ParNew: 16388K->4K(18432K), 0.0030992 secs] 545155K->528771K(896640K), 0.0031595 secs] [Times: user=0.01 sys=0.00, real=0.01 secs] 
2020-10-28T09:49:09.453+0000: [GC (Allocation Failure) 2020-10-28T09:49:09.453+0000: [ParNew: 16388K->4K(18432K), 0.0030908 secs] 545155K->528771K(896640K), 0.0031581 secs] [Times: user=0.00 sys=0.00, real=0.01 secs] 
2020-10-28T09:49:09.473+0000: [GC (Allocation Failure) 2020-10-28T09:49:09.473+0000: [ParNew: 16388K->4K(18432K), 0.0030321 secs] 545155K->528771K(896640K), 0.0030886 secs] [Times: user=0.00 sys=0.00, real=0.01 secs] 
2020-10-28T09:49:09.492+0000: [GC (Allocation Failure) 2020-10-28T09:49:09.492+0000: [ParNew: 16388K->4K(18432K), 0.0030909 secs] 545155K->528771K(896640K), 0.0031609 secs] [Times: user=0.01 sys=0.00, real=0.01 secs] 
2020-10-28T09:49:09.531+0000: [GC (Allocation Failure) 2020-10-28T09:49:09.531+0000: [ParNew: 16388K->10K(18432K), 0.0030975 secs] 545155K->528777K(896640K), 0.0031575 secs] [Times: user=0.01 sys=0.00, real=0.00 secs] 
2020-10-28T09:49:09.556+0000: [GC (Allocation Failure) 2020-10-28T09:49:09.556+0000: [ParNew: 16394K->11K(18432K), 0.0030766 secs] 545161K->528779K(896640K), 0.0031370 secs] [Times: user=0.01 sys=0.00, real=0.00 secs] 
2020-10-28T09:49:09.575+0000: [GC (Allocation Failure) 2020-10-28T09:49:09.575+0000: [ParNew: 16395K->11K(18432K), 0.0031285 secs] 545163K->528778K(896640K), 0.0031890 secs] [Times: user=0.00 sys=0.00, real=0.01 secs] 
2020-10-28T09:49:09.595+0000: [GC (Allocation Failure) 2020-10-28T09:49:09.595+0000: [ParNew: 16395K->11K(18432K), 0.0030496 secs] 545162K->528778K(896640K), 0.0031093 secs] [Times: user=0.00 sys=0.00, real=0.01 secs] 
2020-10-28T09:49:09.615+0000: [GC (Allocation Failure) 2020-10-28T09:49:09.615+0000: [ParNew: 16395K->11K(18432K), 0.0030716 secs] 545162K->528778K(896640K), 0.0031297 secs] [Times: user=0.01 sys=0.00, real=0.01 secs] 
2020-10-28T09:49:09.636+0000: [GC (Allocation Failure) 2020-10-28T09:49:09.636+0000: [ParNew: 16395K->11K(18432K), 0.0030886 secs] 545162K->528778K(896640K), 0.0031517 secs] [Times: user=0.00 sys=0.00, real=0.00 secs] 
2020-10-28T09:49:09.656+0000: [GC (Allocation Failure) 2020-10-28T09:49:09.656+0000: [ParNew: 16395K->7K(18432K), 0.0031062 secs] 545162K->528780K(896640K), 0.0031664 secs] [Times: user=0.00 sys=0.00, real=0.00 secs] 
2020-10-28T09:49:09.675+0000: [GC (Allocation Failure) 2020-10-28T09:49:09.675+0000: [ParNew: 16391K->4K(18432K), 0.0030631 secs] 545164K->528777K(896640K), 0.0031250 secs] [Times: user=0.01 sys=0.00, real=0.01 secs] 
2020-10-28T09:49:09.695+0000: [GC (Allocation Failure) 2020-10-28T09:49:09.695+0000: [ParNew: 16388K->4K(18432K), 0.0030889 secs] 545161K->528777K(896640K), 0.0031505 secs] [Times: user=0.01 sys=0.00, real=0.01 secs] 
2020-10-28T09:49:09.715+0000: [GC (Allocation Failure) 2020-10-28T09:49:09.715+0000: [ParNew: 16388K->4K(18432K), 0.0031439 secs] 545161K->528777K(896640K), 0.0032234 secs] [Times: user=0.01 sys=0.00, real=0.01 secs] 
2020-10-28T09:49:09.734+0000: [GC (Allocation Failure) 2020-10-28T09:49:09.734+0000: [ParNew: 16388K->4K(18432K), 0.0030503 secs] 545161K->528777K(896640K), 0.0031086 secs] [Times: user=0.01 sys=0.00, real=0.01 secs] 
2020-10-28T09:49:09.754+0000: [GC (Allocation Failure) 2020-10-28T09:49:09.754+0000: [ParNew: 16388K->4K(18432K), 0.0030582 secs] 545161K->528777K(896640K), 0.0031157 secs] [Times: user=0.01 sys=0.00, real=0.01 secs] 
2020-10-28T09:49:09.776+0000: [GC (Allocation Failure) 2020-10-28T09:49:09.776+0000: [ParNew: 16388K->4K(18432K), 0.0030387 secs] 545161K->528777K(896640K), 0.0030976 secs] [Times: user=0.01 sys=0.00, real=0.00 secs] 
2020-10-28T09:49:09.799+0000: [GC (Allocation Failure) 2020-10-28T09:49:09.799+0000: [ParNew: 16388K->4K(18432K), 0.0032334 secs] 545161K->528777K(896640K), 0.0032985 secs] [Times: user=0.00 sys=0.00, real=0.00 secs] 
2020-10-28T09:49:09.820+0000: [GC (Allocation Failure) 2020-10-28T09:49:09.820+0000: [ParNew: 16388K->4K(18432K), 0.0030365 secs] 545161K->528777K(896640K), 0.0030948 secs] [Times: user=0.01 sys=0.00, real=0.00 secs] 
2020-10-28T09:49:09.839+0000: [GC (Allocation Failure) 2020-10-28T09:49:09.839+0000: [ParNew: 16388K->4K(18432K), 0.0030877 secs] 545161K->528777K(896640K), 0.0031506 secs] [Times: user=0.01 sys=0.00, real=0.00 secs] 
2020-10-28T09:49:09.859+0000: [GC (Allocation Failure) 2020-10-28T09:49:09.859+0000: [ParNew: 16388K->4K(18432K), 0.0030603 secs] 545161K->528777K(896640K), 0.0031179 secs] [Times: user=0.00 sys=0.00, real=0.00 secs] 
2020-10-28T09:49:09.878+0000: [GC (Allocation Failure) 2020-10-28T09:49:09.878+0000: [ParNew: 16388K->4K(18432K), 0.0030624 secs] 545161K->528777K(896640K), 0.0031220 secs] [Times: user=0.01 sys=0.00, real=0.00 secs] 
2020-10-28T09:49:09.900+0000: [GC (Allocation Failure) 2020-10-28T09:49:09.900+0000: [ParNew: 16388K->4K(18432K), 0.0031271 secs] 545161K->528777K(896640K), 0.0031991 secs] [Times: user=0.01 sys=0.00, real=0.00 secs] 
2020-10-28T09:49:09.923+0000: [GC (Allocation Failure) 2020-10-28T09:49:09.923+0000: [ParNew: 16388K->4K(18432K), 0.0030490 secs] 545161K->528777K(896640K), 0.0031063 secs] [Times: user=0.00 sys=0.00, real=0.00 secs] 
2020-10-28T09:49:09.943+0000: [GC (Allocation Failure) 2020-10-28T09:49:09.943+0000: [ParNew: 16388K->4K(18432K), 0.0030557 secs] 545161K->528777K(896640K), 0.0031146 secs] [Times: user=0.01 sys=0.00, real=0.00 secs] 
2020-10-28T09:49:09.964+0000: [GC (Allocation Failure) 2020-10-28T09:49:09.964+0000: [ParNew: 16388K->4K(18432K), 0.0029672 secs] 545161K->528777K(896640K), 0.0030209 secs] [Times: user=0.01 sys=0.00, real=0.00 secs] 
2020-10-28T09:49:09.984+0000: [GC (Allocation Failure) 2020-10-28T09:49:09.984+0000: [ParNew: 16388K->4K(18432K), 0.0030363 secs] 545161K->528777K(896640K), 0.0030968 secs] [Times: user=0.01 sys=0.00, real=0.00 secs] 
2020-10-28T09:49:10.007+0000: [GC (Allocation Failure) 2020-10-28T09:49:10.007+0000: [ParNew: 16388K->4K(18432K), 0.0030595 secs] 545161K->528777K(896640K), 0.0031193 secs] [Times: user=0.00 sys=0.00, real=0.01 secs] 
2020-10-28T09:49:10.028+0000: [GC (Allocation Failure) 2020-10-28T09:49:10.028+0000: [ParNew: 16388K->4K(18432K), 0.0030285 secs] 545161K->528777K(896640K), 0.0030874 secs] [Times: user=0.01 sys=0.00, real=0.00 secs] 
2020-10-28T09:49:10.048+0000: [GC (Allocation Failure) 2020-10-28T09:49:10.048+0000: [ParNew: 16388K->4K(18432K), 0.0030245 secs] 545161K->528777K(896640K), 0.0030828 secs] [Times: user=0.01 sys=0.00, real=0.00 secs] 
2020-10-28T09:49:10.071+0000: [GC (Allocation Failure) 2020-10-28T09:49:10.071+0000: [ParNew: 16388K->4K(18432K), 0.0030789 secs] 545161K->528777K(896640K), 0.0031409 secs] [Times: user=0.01 sys=0.00, real=0.00 secs] 
2020-10-28T09:49:10.092+0000: [GC (Allocation Failure) 2020-10-28T09:49:10.092+0000: [ParNew: 16388K->4K(18432K), 0.0030599 secs] 545161K->528777K(896640K), 0.0031178 secs] [Times: user=0.01 sys=0.00, real=0.00 secs] 
2020-10-28T09:49:10.115+0000: [GC (Allocation Failure) 2020-10-28T09:49:10.115+0000: [ParNew: 16388K->4K(18432K), 0.0030452 secs] 545161K->528777K(896640K), 0.0031105 secs] [Times: user=0.01 sys=0.00, real=0.01 secs] 
2020-10-28T09:49:10.137+0000: [GC (Allocation Failure) 2020-10-28T09:49:10.137+0000: [ParNew: 16388K->4K(18432K), 0.0031845 secs] 545161K->528777K(896640K), 0.0032452 secs] [Times: user=0.01 sys=0.00, real=0.00 secs] 
2020-10-28T09:49:10.157+0000: [GC (Allocation Failure) 2020-10-28T09:49:10.157+0000: [ParNew: 16388K->4K(18432K), 0.0031211 secs] 545161K->528777K(896640K), 0.0031812 secs] [Times: user=0.01 sys=0.00, real=0.00 secs] 
2020-10-28T09:49:10.180+0000: [GC (Allocation Failure) 2020-10-28T09:49:10.180+0000: [ParNew: 16388K->4K(18432K), 0.0030499 secs] 545161K->528777K(896640K), 0.0031096 secs] [Times: user=0.01 sys=0.00, real=0.00 secs] 
2020-10-28T09:49:10.199+0000: [GC (Allocation Failure) 2020-10-28T09:49:10.199+0000: [ParNew: 16388K->4K(18432K), 0.0030871 secs] 545161K->528777K(896640K), 0.0031458 secs] [Times: user=0.01 sys=0.00, real=0.00 secs] 
2020-10-28T09:49:10.220+0000: [GC (Allocation Failure) 2020-10-28T09:49:10.220+0000: [ParNew: 16388K->4K(18432K), 0.0030319 secs] 545161K->528777K(896640K), 0.0030914 secs] [Times: user=0.00 sys=0.00, real=0.00 secs] 
2020-10-28T09:49:10.239+0000: [GC (Allocation Failure) 2020-10-28T09:49:10.239+0000: [ParNew: 16388K->4K(18432K), 0.0031209 secs] 545161K->528777K(896640K), 0.0031809 secs] [Times: user=0.00 sys=0.00, real=0.00 secs] 
2020-10-28T09:49:10.259+0000: [GC (Allocation Failure) 2020-10-28T09:49:10.259+0000: [ParNew: 16388K->4K(18432K), 0.0030735 secs] 545161K->528777K(896640K), 0.0031343 secs] [Times: user=0.01 sys=0.00, real=0.00 secs] 
2020-10-28T09:49:10.280+0000: [GC (Allocation Failure) 2020-10-28T09:49:10.280+0000: [ParNew: 16388K->4K(18432K), 0.0030807 secs] 545161K->528777K(896640K), 0.0031398 secs] [Times: user=0.01 sys=0.00, real=0.00 secs] 
2020-10-28T09:49:10.299+0000: [GC (Allocation Failure) 2020-10-28T09:49:10.299+0000: [ParNew: 16388K->4K(18432K), 0.0030862 secs] 545161K->528777K(896640K), 0.0031464 secs] [Times: user=0.01 sys=0.00, real=0.00 secs] 
2020-10-28T09:49:10.323+0000: [GC (Allocation Failure) 2020-10-28T09:49:10.323+0000: [ParNew: 16388K->4K(18432K), 0.0030640 secs] 545161K->528777K(896640K), 0.0031227 secs] [Times: user=0.01 sys=0.00, real=0.00 secs] 
2020-10-28T09:49:10.344+0000: [GC (Allocation Failure) 2020-10-28T09:49:10.344+0000: [ParNew: 16388K->4K(18432K), 0.0030153 secs] 545161K->528777K(896640K), 0.0030745 secs] [Times: user=0.01 sys=0.00, real=0.00 secs] 
2020-10-28T09:49:10.363+0000: [GC (Allocation Failure) 2020-10-28T09:49:10.363+0000: [ParNew: 16388K->4K(18432K), 0.0030430 secs] 545161K->528777K(896640K), 0.0031025 secs] [Times: user=0.01 sys=0.00, real=0.00 secs] 
2020-10-28T09:49:10.384+0000: [GC (Allocation Failure) 2020-10-28T09:49:10.384+0000: [ParNew: 16388K->4K(18432K), 0.0030799 secs] 545161K->528777K(896640K), 0.0031419 secs] [Times: user=0.00 sys=0.00, real=0.00 secs] 
2020-10-28T09:49:10.404+0000: [GC (Allocation Failure) 2020-10-28T09:49:10.404+0000: [ParNew: 16388K->4K(18432K), 0.0031030 secs] 545161K->528777K(896640K), 0.0031649 secs] [Times: user=0.00 sys=0.00, real=0.00 secs] 
2020-10-28T09:49:10.423+0000: [GC (Allocation Failure) 2020-10-28T09:49:10.423+0000: [ParNew: 16388K->4K(18432K), 0.0031136 secs] 545161K->528777K(896640K), 0.0031753 secs] [Times: user=0.00 sys=0.00, real=0.00 secs] 
2020-10-28T09:49:10.443+0000: [GC (Allocation Failure) 2020-10-28T09:49:10.443+0000: [ParNew: 16388K->4K(18432K), 0.0031937 secs] 545161K->528777K(896640K), 0.0032577 secs] [Times: user=0.01 sys=0.00, real=0.00 secs] 
2020-10-28T09:49:10.464+0000: [GC (Allocation Failure) 2020-10-28T09:49:10.464+0000: [ParNew: 16388K->4K(18432K), 0.0031105 secs] 545161K->528777K(896640K), 0.0031729 secs] [Times: user=0.01 sys=0.00, real=0.00 secs] 
2020-10-28T09:49:10.483+0000: [GC (Allocation Failure) 2020-10-28T09:49:10.483+0000: [ParNew: 16388K->4K(18432K), 0.0030870 secs] 545161K->528777K(896640K), 0.0031483 secs] [Times: user=0.01 sys=0.00, real=0.00 secs] 
2020-10-28T09:49:10.507+0000: [GC (Allocation Failure) 2020-10-28T09:49:10.507+0000: [ParNew: 16388K->4K(18432K), 0.0036651 secs] 545161K->528777K(896640K), 0.0037285 secs] [Times: user=0.01 sys=0.00, real=0.01 secs] 
2020-10-28T09:49:10.528+0000: [GC (Allocation Failure) 2020-10-28T09:49:10.528+0000: [ParNew: 16388K->4K(18432K), 0.0030908 secs] 545161K->528777K(896640K), 0.0031505 secs] [Times: user=0.00 sys=0.00, real=0.00 secs] 
2020-10-28T09:49:10.552+0000: [GC (Allocation Failure) 2020-10-28T09:49:10.552+0000: [ParNew: 16388K->4K(18432K), 0.0030591 secs] 545161K->528777K(896640K), 0.0031189 secs] [Times: user=0.00 sys=0.00, real=0.00 secs] 
2020-10-28T09:49:10.572+0000: [GC (Allocation Failure) 2020-10-28T09:49:10.572+0000: [ParNew: 16388K->4K(18432K), 0.0030591 secs] 545161K->528777K(896640K), 0.0031181 secs] [Times: user=0.01 sys=0.00, real=0.00 secs] 
2020-10-28T09:49:10.593+0000: [GC (Allocation Failure) 2020-10-28T09:49:10.593+0000: [ParNew: 16388K->4K(18432K), 0.0030942 secs] 545161K->528777K(896640K), 0.0031563 secs] [Times: user=0.01 sys=0.00, real=0.01 secs] 
2020-10-28T09:49:10.617+0000: [GC (Allocation Failure) 2020-10-28T09:49:10.617+0000: [ParNew: 16388K->4K(18432K), 0.0031998 secs] 545161K->528777K(896640K), 0.0032516 secs] [Times: user=0.01 sys=0.00, real=0.00 secs] 
2020-10-28T09:49:10.636+0000: [GC (Allocation Failure) 2020-10-28T09:49:10.636+0000: [ParNew: 16388K->4K(18432K), 0.0030410 secs] 545161K->528777K(896640K), 0.0030991 secs] [Times: user=0.01 sys=0.00, real=0.00 secs] 
2020-10-28T09:49:10.656+0000: [GC (Allocation Failure) 2020-10-28T09:49:10.656+0000: [ParNew: 16388K->4K(18432K), 0.0030532 secs] 545161K->528777K(896640K), 0.0031131 secs] [Times: user=0.01 sys=0.00, real=0.00 secs] 
2020-10-28T09:49:10.675+0000: [GC (Allocation Failure) 2020-10-28T09:49:10.676+0000: [ParNew: 16388K->4K(18432K), 0.0030572 secs] 545161K->528777K(896640K), 0.0031269 secs] [Times: user=0.00 sys=0.01, real=0.00 secs] 
2020-10-28T09:49:10.695+0000: [GC (Allocation Failure) 2020-10-28T09:49:10.695+0000: [ParNew: 16388K->4K(18432K), 0.0031121 secs] 545161K->528777K(896640K), 0.0031702 secs] [Times: user=0.00 sys=0.00, real=0.01 secs] 
2020-10-28T09:49:10.719+0000: [GC (Allocation Failure) 2020-10-28T09:49:10.719+0000: [ParNew: 16388K->4K(18432K), 0.0031154 secs] 545161K->528777K(896640K), 0.0031771 secs] [Times: user=0.00 sys=0.00, real=0.00 secs] 
2020-10-28T09:49:10.739+0000: [GC (Allocation Failure) 2020-10-28T09:49:10.739+0000: [ParNew: 16388K->4K(18432K), 0.0030598 secs] 545161K->528777K(896640K), 0.0031225 secs] [Times: user=0.01 sys=0.00, real=0.00 secs] 
2020-10-28T09:49:10.760+0000: [GC (Allocation Failure) 2020-10-28T09:49:10.760+0000: [ParNew: 16388K->4K(18432K), 0.0029950 secs] 545161K->528777K(896640K), 0.0030522 secs] [Times: user=0.01 sys=0.00, real=0.00 secs] 
2020-10-28T09:49:10.779+0000: [GC (Allocation Failure) 2020-10-28T09:49:10.779+0000: [ParNew: 16388K->4K(18432K), 0.0030221 secs] 545161K->528777K(896640K), 0.0030805 secs] [Times: user=0.00 sys=0.00, real=0.00 secs] 
2020-10-28T09:49:10.800+0000: [GC (Allocation Failure) 2020-10-28T09:49:10.800+0000: [ParNew: 16388K->4K(18432K), 0.0030148 secs] 545161K->528777K(896640K), 0.0030717 secs] [Times: user=0.00 sys=0.00, real=0.00 secs] 
2020-10-28T09:49:10.824+0000: [GC (Allocation Failure) 2020-10-28T09:49:10.824+0000: [ParNew: 16388K->4K(18432K), 0.0030108 secs] 545161K->528777K(896640K), 0.0030694 secs] [Times: user=0.01 sys=0.00, real=0.00 secs] 
2020-10-28T09:49:10.847+0000: [GC (Allocation Failure) 2020-10-28T09:49:10.847+0000: [ParNew: 16388K->4K(18432K), 0.0030342 secs] 545161K->528777K(896640K), 0.0030928 secs] [Times: user=0.01 sys=0.00, real=0.01 secs] 
2020-10-28T09:49:10.868+0000: [GC (Allocation Failure) 2020-10-28T09:49:10.868+0000: [ParNew: 16388K->4K(18432K), 0.0029937 secs] 545161K->528777K(896640K), 0.0030526 secs] [Times: user=0.01 sys=0.00, real=0.00 secs] 
2020-10-28T09:49:10.887+0000: [GC (Allocation Failure) 2020-10-28T09:49:10.887+0000: [ParNew: 16388K->4K(18432K), 0.0030342 secs] 545161K->528777K(896640K), 0.0030917 secs] [Times: user=0.01 sys=0.00, real=0.01 secs] 
2020-10-28T09:49:10.912+0000: [GC (Allocation Failure) 2020-10-28T09:49:10.912+0000: [ParNew: 16388K->4K(18432K), 0.0030121 secs] 545161K->528777K(896640K), 0.0030629 secs] [Times: user=0.00 sys=0.00, real=0.00 secs] 
2020-10-28T09:49:10.931+0000: [GC (Allocation Failure) 2020-10-28T09:49:10.931+0000: [ParNew: 16388K->4K(18432K), 0.0030438 secs] 545161K->528777K(896640K), 0.0031002 secs] [Times: user=0.01 sys=0.00, real=0.00 secs] 
2020-10-28T09:49:10.951+0000: [GC (Allocation Failure) 2020-10-28T09:49:10.951+0000: [ParNew: 16388K->4K(18432K), 0.0030299 secs] 545161K->528777K(896640K), 0.0030892 secs] [Times: user=0.01 sys=0.00, real=0.00 secs] 
2020-10-28T09:49:10.971+0000: [GC (Allocation Failure) 2020-10-28T09:49:10.971+0000: [ParNew: 16388K->4K(18432K), 0.0031263 secs] 545161K->528777K(896640K), 0.0031843 secs] [Times: user=0.01 sys=0.00, real=0.00 secs] 
2020-10-28T09:49:10.990+0000: [GC (Allocation Failure) 2020-10-28T09:49:10.990+0000: [ParNew: 16388K->4K(18432K), 0.0030698 secs] 545161K->528777K(896640K), 0.0031288 secs] [Times: user=0.01 sys=0.00, real=0.00 secs] 
2020-10-28T09:49:11.012+0000: [GC (Allocation Failure) 2020-10-28T09:49:11.012+0000: [ParNew: 16388K->4K(18432K), 0.0030703 secs] 545161K->528777K(896640K), 0.0031300 secs] [Times: user=0.01 sys=0.00, real=0.00 secs] 
2020-10-28T09:49:11.035+0000: [GC (Allocation Failure) 2020-10-28T09:49:11.035+0000: [ParNew: 16388K->4K(18432K), 0.0030836 secs] 545161K->528777K(896640K), 0.0031430 secs] [Times: user=0.00 sys=0.00, real=0.01 secs] 
2020-10-28T09:49:11.056+0000: [GC (Allocation Failure) 2020-10-28T09:49:11.056+0000: [ParNew: 16388K->4K(18432K), 0.0030789 secs] 545161K->528777K(896640K), 0.0031381 secs] [Times: user=0.01 sys=0.00, real=0.00 secs] 
2020-10-28T09:49:11.075+0000: [GC (Allocation Failure) 2020-10-28T09:49:11.076+0000: [ParNew: 16388K->4K(18432K), 0.0030850 secs] 545161K->528777K(896640K), 0.0031800 secs] [Times: user=0.01 sys=0.00, real=0.01 secs] 
2020-10-28T09:49:11.095+0000: [GC (Allocation Failure) 2020-10-28T09:49:11.095+0000: [ParNew: 16388K->4K(18432K), 0.0030455 secs] 545161K->528777K(896640K), 0.0031015 secs] [Times: user=0.00 sys=0.00, real=0.01 secs] 
2020-10-28T09:49:11.116+0000: [GC (Allocation Failure) 2020-10-28T09:49:11.116+0000: [ParNew: 16388K->4K(18432K), 0.0030266 secs] 545161K->528777K(896640K), 0.0030837 secs] [Times: user=0.00 sys=0.00, real=0.00 secs] 
2020-10-28T09:49:11.136+0000: [GC (Allocation Failure) 2020-10-28T09:49:11.136+0000: [ParNew: 16388K->4K(18432K), 0.0030291 secs] 545161K->528777K(896640K), 0.0030877 secs] [Times: user=0.01 sys=0.00, real=0.00 secs] 
2020-10-28T09:49:11.156+0000: [GC (Allocation Failure) 2020-10-28T09:49:11.156+0000: [ParNew: 16388K->4K(18432K), 0.0031306 secs] 545161K->528777K(896640K), 0.0031899 secs] [Times: user=0.01 sys=0.00, real=0.00 secs] 
2020-10-28T09:49:11.176+0000: [GC (Allocation Failure) 2020-10-28T09:49:11.176+0000: [ParNew: 16388K->4K(18432K), 0.0030629 secs] 545161K->528777K(896640K), 0.0031241 secs] [Times: user=0.01 sys=0.00, real=0.00 secs] 
2020-10-28T09:49:11.199+0000: [GC (Allocation Failure) 2020-10-28T09:49:11.199+0000: [ParNew: 16388K->4K(18432K), 0.0030696 secs] 545161K->528777K(896640K), 0.0031270 secs] [Times: user=0.01 sys=0.00, real=0.00 secs] 
2020-10-28T09:49:11.219+0000: [GC (Allocation Failure) 2020-10-28T09:49:11.219+0000: [ParNew: 16388K->4K(18432K), 0.0030412 secs] 545161K->528777K(896640K), 0.0031011 secs] [Times: user=0.01 sys=0.00, real=0.00 secs] 
2020-10-28T09:49:11.239+0000: [GC (Allocation Failure) 2020-10-28T09:49:11.239+0000: [ParNew: 16388K->4K(18432K), 0.0069721 secs] 545161K->528777K(896640K), 0.0070480 secs] [Times: user=0.01 sys=0.00, real=0.00 secs] 
2020-10-28T09:49:11.264+0000: [GC (Allocation Failure) 2020-10-28T09:49:11.264+0000: [ParNew: 16388K->4K(18432K), 0.0030143 secs] 545161K->528777K(896640K), 0.0030731 secs] [Times: user=0.01 sys=0.00, real=0.00 secs] 
2020-10-28T09:49:11.284+0000: [GC (Allocation Failure) 2020-10-28T09:49:11.284+0000: [ParNew: 16388K->4K(18432K), 0.0030151 secs] 545161K->528777K(896640K), 0.0030722 secs] [Times: user=0.00 sys=0.00, real=0.00 secs] 
2020-10-28T09:49:11.304+0000: [GC (Allocation Failure) 2020-10-28T09:49:11.304+0000: [ParNew: 16388K->4K(18432K), 0.0030107 secs] 545161K->528777K(896640K), 0.0030682 secs] [Times: user=0.00 sys=0.00, real=0.00 secs] 
2020-10-28T09:49:11.327+0000: [GC (Allocation Failure) 2020-10-28T09:49:11.327+0000: [ParNew: 16388K->4K(18432K), 0.0030393 secs] 545161K->528777K(896640K), 0.0030973 secs] [Times: user=0.01 sys=0.00, real=0.01 secs] 
2020-10-28T09:49:11.347+0000: [GC (Allocation Failure) 2020-10-28T09:49:11.347+0000: [ParNew: 16388K->4K(18432K), 0.0030668 secs] 545161K->528777K(896640K), 0.0031263 secs] [Times: user=0.00 sys=0.00, real=0.01 secs] 
2020-10-28T09:49:11.367+0000: [GC (Allocation Failure) 2020-10-28T09:49:11.367+0000: [ParNew: 16388K->4K(18432K), 0.0030573 secs] 545161K->528777K(896640K), 0.0031173 secs] [Times: user=0.01 sys=0.00, real=0.01 secs] 
2020-10-28T09:49:11.386+0000: [GC (Allocation Failure) 2020-10-28T09:49:11.386+0000: [ParNew: 16388K->4K(18432K), 0.0030465 secs] 545161K->528777K(896640K), 0.0031136 secs] [Times: user=0.01 sys=0.00, real=0.01 secs] 
2020-10-28T09:49:11.406+0000: [GC (Allocation Failure) 2020-10-28T09:49:11.406+0000: [ParNew: 16388K->4K(18432K), 0.0030895 secs] 545161K->528777K(896640K), 0.0031489 secs] [Times: user=0.01 sys=0.00, real=0.01 secs] 
2020-10-28T09:49:11.428+0000: [GC (Allocation Failure) 2020-10-28T09:49:11.428+0000: [ParNew: 16388K->4K(18432K), 0.0030317 secs] 545161K->528777K(896640K), 0.0030926 secs] [Times: user=0.01 sys=0.00, real=0.00 secs] 
2020-10-28T09:49:11.451+0000: [GC (Allocation Failure) 2020-10-28T09:49:11.451+0000: [ParNew: 16388K->4K(18432K), 0.0030666 secs] 545161K->528777K(896640K), 0.0031274 secs] [Times: user=0.01 sys=0.00, real=0.00 secs] 
2020-10-28T09:49:11.471+0000: [GC (Allocation Failure) 2020-10-28T09:49:11.471+0000: [ParNew: 16388K->4K(18432K), 0.0030540 secs] 545161K->528777K(896640K), 0.0031142 secs] [Times: user=0.01 sys=0.00, real=0.00 secs] 
2020-10-28T09:49:11.492+0000: [GC (Allocation Failure) 2020-10-28T09:49:11.492+0000: [ParNew: 16388K->4K(18432K), 0.0030435 secs] 545161K->528777K(896640K), 0.0031020 secs] [Times: user=0.01 sys=0.00, real=0.00 secs] 
2020-10-28T09:49:11.512+0000: [GC (Allocation Failure) 2020-10-28T09:49:11.512+0000: [ParNew: 16388K->4K(18432K), 0.0030155 secs] 545161K->528777K(896640K), 0.0030736 secs] [Times: user=0.01 sys=0.00, real=0.00 secs] 
2020-10-28T09:49:11.531+0000: [GC (Allocation Failure) 2020-10-28T09:49:11.531+0000: [ParNew: 16388K->4K(18432K), 0.0030047 secs] 545161K->528777K(896640K), 0.0030615 secs] [Times: user=0.00 sys=0.00, real=0.00 secs] 
2020-10-28T09:49:11.551+0000: [GC (Allocation Failure) 2020-10-28T09:49:11.551+0000: [ParNew: 16388K->4K(18432K), 0.0030473 secs] 545161K->528777K(896640K), 0.0031040 secs] [Times: user=0.00 sys=0.00, real=0.00 secs] 
2020-10-28T09:49:11.572+0000: [GC (Allocation Failure) 2020-10-28T09:49:11.572+0000: [ParNew: 16388K->4K(18432K), 0.0029832 secs] 545161K->528777K(896640K), 0.0030401 secs] [Times: user=0.00 sys=0.00, real=0.00 secs] 
2020-10-28T09:49:11.591+0000: [GC (Allocation Failure) 2020-10-28T09:49:11.591+0000: [ParNew: 16388K->4K(18432K), 0.0029904 secs] 545161K->528777K(896640K), 0.0030463 secs] [Times: user=0.00 sys=0.00, real=0.00 secs] 
2020-10-28T09:49:11.612+0000: [GC (Allocation Failure) 2020-10-28T09:49:11.612+0000: [ParNew: 16388K->4K(18432K), 0.0029657 secs] 545161K->528777K(896640K), 0.0030198 secs] [Times: user=0.00 sys=0.00, real=0.00 secs] 
2020-10-28T09:49:11.632+0000: [GC (Allocation Failure) 2020-10-28T09:49:11.632+0000: [ParNew: 16388K->4K(18432K), 0.0029467 secs] 545161K->528777K(896640K), 0.0030002 secs] [Times: user=0.01 sys=0.00, real=0.00 secs] 
2020-10-28T09:49:11.655+0000: [GC (Allocation Failure) 2020-10-28T09:49:11.655+0000: [ParNew: 16388K->4K(18432K), 0.0029779 secs] 545161K->528777K(896640K), 0.0030332 secs] [Times: user=0.00 sys=0.00, real=0.01 secs] 
2020-10-28T09:49:11.675+0000: [GC (Allocation Failure) 2020-10-28T09:49:11.675+0000: [ParNew: 16388K->4K(18432K), 0.0029886 secs] 545161K->528777K(896640K), 0.0030435 secs] [Times: user=0.01 sys=0.00, real=0.01 secs] 
2020-10-28T09:49:11.696+0000: [GC (Allocation Failure) 2020-10-28T09:49:11.696+0000: [ParNew: 16388K->4K(18432K), 0.0029161 secs] 545161K->528777K(896640K), 0.0029671 secs] [Times: user=0.01 sys=0.00, real=0.00 secs] 
2020-10-28T09:49:11.716+0000: [GC (Allocation Failure) 2020-10-28T09:49:11.716+0000: [ParNew: 16388K->4K(18432K), 0.0028882 secs] 545161K->528777K(896640K), 0.0029403 secs] [Times: user=0.01 sys=0.00, real=0.00 secs] 
2020-10-28T09:49:11.736+0000: [GC (Allocation Failure) 2020-10-28T09:49:11.736+0000: [ParNew: 16388K->4K(18432K), 0.0029177 secs] 545161K->528777K(896640K), 0.0029708 secs] [Times: user=0.01 sys=0.00, real=0.00 secs] 
2020-10-28T09:49:11.755+0000: [GC (Allocation Failure) 2020-10-28T09:49:11.755+0000: [ParNew: 16388K->4K(18432K), 0.0029183 secs] 545161K->528778K(896640K), 0.0029703 secs] [Times: user=0.00 sys=0.00, real=0.01 secs] 
2020-10-28T09:49:11.775+0000: [GC (Allocation Failure) 2020-10-28T09:49:11.775+0000: [ParNew: 16388K->4K(18432K), 0.0028755 secs] 545162K->528778K(896640K), 0.0029268 secs] [Times: user=0.00 sys=0.00, real=0.01 secs] 
2020-10-28T09:49:11.796+0000: [GC (Allocation Failure) 2020-10-28T09:49:11.796+0000: [ParNew: 16388K->4K(18432K), 0.0031104 secs] 545162K->528778K(896640K), 0.0031621 secs] [Times: user=0.00 sys=0.00, real=0.00 secs] 
2020-10-28T09:49:11.816+0000: [GC (Allocation Failure) 2020-10-28T09:49:11.816+0000: [ParNew: 16388K->4K(18432K), 0.0030313 secs] 545162K->528778K(896640K), 0.0030904 secs] [Times: user=0.00 sys=0.00, real=0.00 secs] 
2020-10-28T09:49:11.835+0000: [GC (Allocation Failure) 2020-10-28T09:49:11.835+0000: [ParNew: 16388K->4K(18432K), 0.0029842 secs] 545162K->528778K(896640K), 0.0030405 secs] [Times: user=0.01 sys=0.00, real=0.01 secs] 
2020-10-28T09:49:11.856+0000: [GC (Allocation Failure) 2020-10-28T09:49:11.856+0000: [ParNew: 16388K->4K(18432K), 0.0030192 secs] 545162K->528778K(896640K), 0.0030879 secs] [Times: user=0.00 sys=0.00, real=0.00 secs] 
2020-10-28T09:49:11.875+0000: [GC (Allocation Failure) 2020-10-28T09:49:11.875+0000: [ParNew: 16388K->4K(18432K), 0.0031004 secs] 545162K->528778K(896640K), 0.0031544 secs] [Times: user=0.00 sys=0.00, real=0.01 secs] 
2020-10-28T09:49:11.895+0000: [GC (Allocation Failure) 2020-10-28T09:49:11.895+0000: [ParNew: 16388K->4K(18432K), 0.0030318 secs] 545162K->528778K(896640K), 0.0030883 secs] [Times: user=0.00 sys=0.00, real=0.01 secs] 
2020-10-28T09:49:11.914+0000: [GC (Allocation Failure) 2020-10-28T09:49:11.915+0000: [ParNew: 16388K->4K(18432K), 0.0030296 secs] 545162K->528778K(896640K), 0.0030877 secs] [Times: user=0.01 sys=0.00, real=0.01 secs] 
2020-10-28T09:49:11.934+0000: [GC (Allocation Failure) 2020-10-28T09:49:11.934+0000: [ParNew: 16388K->4K(18432K), 0.0029979 secs] 545162K->528778K(896640K), 0.0030542 secs] [Times: user=0.00 sys=0.00, real=0.01 secs] 
2020-10-28T09:49:11.956+0000: [GC (Allocation Failure) 2020-10-28T09:49:11.956+0000: [ParNew: 16388K->4K(18432K), 0.0030510 secs] 545162K->528778K(896640K), 0.0031071 secs] [Times: user=0.01 sys=0.00, real=0.00 secs] 
2020-10-28T09:49:11.975+0000: [GC (Allocation Failure) 2020-10-28T09:49:11.975+0000: [ParNew: 16388K->4K(18432K), 0.0030283 secs] 545162K->528778K(896640K), 0.0030831 secs] [Times: user=0.00 sys=0.00, real=0.01 secs] 
2020-10-28T09:49:11.995+0000: [GC (Allocation Failure) 2020-10-28T09:49:11.995+0000: [ParNew: 16388K->4K(18432K), 0.0029965 secs] 545162K->528778K(896640K), 0.0030511 secs] [Times: user=0.00 sys=0.00, real=0.01 secs] 
2020-10-28T09:49:12.015+0000: [GC (Allocation Failure) 2020-10-28T09:49:12.015+0000: [ParNew: 16388K->4K(18432K), 0.0030058 secs] 545162K->528778K(896640K), 0.0030641 secs] [Times: user=0.01 sys=0.00, real=0.01 secs] 
2020-10-28T09:49:12.036+0000: [GC (Allocation Failure) 2020-10-28T09:49:12.036+0000: [ParNew: 16388K->4K(18432K), 0.0030687 secs] 545162K->528778K(896640K), 0.0031232 secs] [Times: user=0.00 sys=0.00, real=0.00 secs] 
2020-10-28T09:49:12.055+0000: [GC (Allocation Failure) 2020-10-28T09:49:12.055+0000: [ParNew: 16388K->4K(18432K), 0.0030569 secs] 545162K->528778K(896640K), 0.0031148 secs] [Times: user=0.00 sys=0.00, real=0.01 secs] 
2020-10-28T09:49:12.075+0000: [GC (Allocation Failure) 2020-10-28T09:49:12.075+0000: [ParNew: 16388K->4K(18432K), 0.0030392 secs] 545162K->528778K(896640K), 0.0030964 secs] [Times: user=0.01 sys=0.00, real=0.01 secs] 
2020-10-28T09:49:12.096+0000: [GC (Allocation Failure) 2020-10-28T09:49:12.096+0000: [ParNew: 16388K->4K(18432K), 0.0030653 secs] 545162K->528778K(896640K), 0.0031246 secs] [Times: user=0.01 sys=0.00, real=0.00 secs] 
2020-10-28T09:49:12.119+0000: [GC (Allocation Failure) 2020-10-28T09:49:12.119+0000: [ParNew: 16388K->4K(18432K), 0.0030773 secs] 545162K->528778K(896640K), 0.0031523 secs] [Times: user=0.00 sys=0.00, real=0.00 secs] 
2020-10-28T09:49:12.140+0000: [GC (Allocation Failure) 2020-10-28T09:49:12.140+0000: [ParNew: 16388K->4K(18432K), 0.0033914 secs] 545162K->528778K(896640K), 0.0034538 secs] [Times: user=0.01 sys=0.00, real=0.00 secs] 
2020-10-28T09:49:12.164+0000: [GC (Allocation Failure) 2020-10-28T09:49:12.164+0000: [ParNew: 16388K->4K(18432K), 0.0030628 secs] 545162K->528778K(896640K), 0.0031233 secs] [Times: user=0.01 sys=0.00, real=0.00 secs] 
2020-10-28T09:49:12.183+0000: [GC (Allocation Failure) 2020-10-28T09:49:12.183+0000: [ParNew: 16388K->4K(18432K), 0.0030846 secs] 545162K->528778K(896640K), 0.0031459 secs] [Times: user=0.01 sys=0.00, real=0.00 secs] 
2020-10-28T09:49:12.203+0000: [GC (Allocation Failure) 2020-10-28T09:49:12.203+0000: [ParNew: 16388K->4K(18432K), 0.0030970 secs] 545162K->528778K(896640K), 0.0031577 secs] [Times: user=0.00 sys=0.00, real=0.00 secs] 
2020-10-28T09:49:12.224+0000: [GC (Allocation Failure) 2020-10-28T09:49:12.224+0000: [ParNew: 16388K->4K(18432K), 0.0030180 secs] 545162K->528778K(896640K), 0.0030768 secs] [Times: user=0.01 sys=0.00, real=0.00 secs] 
2020-10-28T09:49:12.249+0000: [GC (Allocation Failure) 2020-10-28T09:49:12.249+0000: [ParNew: 16388K->4K(18432K), 0.0053999 secs] 545162K->528778K(896640K), 0.0054744 secs] [Times: user=0.00 sys=0.00, real=0.00 secs] 
2020-10-28T09:49:12.272+0000: [GC (Allocation Failure) 2020-10-28T09:49:12.272+0000: [ParNew: 16388K->4K(18432K), 0.0030836 secs] 545162K->528778K(896640K), 0.0031450 secs] [Times: user=0.00 sys=0.00, real=0.00 secs] 
2020-10-28T09:49:12.294+0000: [GC (Allocation Failure) 2020-10-28T09:49:12.294+0000: [ParNew: 16388K->4K(18432K), 0.0030725 secs] 545162K->528778K(896640K), 0.0031338 secs] [Times: user=0.00 sys=0.00, real=0.01 secs] 
2020-10-28T09:49:12.316+0000: [GC (Allocation Failure) 2020-10-28T09:49:12.316+0000: [ParNew: 16388K->4K(18432K), 0.0030862 secs] 545162K->528778K(896640K), 0.0031465 secs] [Times: user=0.01 sys=0.01, real=0.00 secs] 
2020-10-28T09:49:12.335+0000: [GC (Allocation Failure) 2020-10-28T09:49:12.335+0000: [ParNew: 16388K->4K(18432K), 0.0031165 secs] 545162K->528778K(896640K), 0.0031790 secs] [Times: user=0.01 sys=0.00, real=0.01 secs] 
2020-10-28T09:49:12.355+0000: [GC (Allocation Failure) 2020-10-28T09:49:12.355+0000: [ParNew: 16388K->4K(18432K), 0.0031089 secs] 545162K->528778K(896640K), 0.0031969 secs] [Times: user=0.00 sys=0.00, real=0.01 secs] 
2020-10-28T09:49:12.375+0000: [GC (Allocation Failure) 2020-10-28T09:49:12.375+0000: [ParNew: 16388K->4K(18432K), 0.0030994 secs] 545162K->528778K(896640K), 0.0031607 secs] [Times: user=0.00 sys=0.00, real=0.01 secs] 
2020-10-28T09:49:12.396+0000: [GC (Allocation Failure) 2020-10-28T09:49:12.396+0000: [ParNew: 16388K->4K(18432K), 0.0032287 secs] 545162K->528778K(896640K), 0.0032896 secs] [Times: user=0.00 sys=0.00, real=0.00 secs] 
2020-10-28T09:49:12.420+0000: [GC (Allocation Failure) 2020-10-28T09:49:12.420+0000: [ParNew: 16388K->4K(18432K), 0.0030156 secs] 545162K->528778K(896640K), 0.0030750 secs] [Times: user=0.01 sys=0.00, real=0.00 secs] 
2020-10-28T09:49:12.439+0000: [GC (Allocation Failure) 2020-10-28T09:49:12.439+0000: [ParNew: 16388K->4K(18432K), 0.0030507 secs] 545162K->528778K(896640K), 0.0031108 secs] [Times: user=0.01 sys=0.00, real=0.00 secs] 
2020-10-28T09:49:12.459+0000: [GC (Allocation Failure) 2020-10-28T09:49:12.459+0000: [ParNew: 16388K->4K(18432K), 0.0031604 secs] 545162K->528778K(896640K), 0.0032209 secs] [Times: user=0.01 sys=0.00, real=0.00 secs] 
2020-10-28T09:49:12.478+0000: [GC (Allocation Failure) 2020-10-28T09:49:12.478+0000: [ParNew: 16388K->4K(18432K), 0.0030721 secs] 545162K->528778K(896640K), 0.0031315 secs] [Times: user=0.01 sys=0.00, real=0.00 secs] 
2020-10-28T09:49:12.500+0000: [GC (Allocation Failure) 2020-10-28T09:49:12.500+0000: [ParNew: 16388K->4K(18432K), 0.0030191 secs] 545162K->528778K(896640K), 0.0030776 secs] [Times: user=0.01 sys=0.00, real=0.00 secs] 
2020-10-28T09:49:12.520+0000: [GC (Allocation Failure) 2020-10-28T09:49:12.520+0000: [ParNew: 16388K->4K(18432K), 0.0030165 secs] 545162K->528778K(896640K), 0.0030688 secs] [Times: user=0.00 sys=0.00, real=0.00 secs] 
2020-10-28T09:49:12.540+0000: [GC (Allocation Failure) 2020-10-28T09:49:12.540+0000: [ParNew: 16388K->4K(18432K), 0.0030228 secs] 545162K->528778K(896640K), 0.0030796 secs] [Times: user=0.00 sys=0.00, real=0.00 secs] 
2020-10-28T09:49:12.559+0000: [GC (Allocation Failure) 2020-10-28T09:49:12.560+0000: [ParNew: 16388K->4K(18432K), 0.0032327 secs] 545162K->528778K(896640K), 0.0033115 secs] [Times: user=0.00 sys=0.01, real=0.00 secs] 
2020-10-28T09:49:12.583+0000: [GC (Allocation Failure) 2020-10-28T09:49:12.583+0000: [ParNew: 16388K->4K(18432K), 0.0030548 secs] 545162K->528778K(896640K), 0.0031138 secs] [Times: user=0.01 sys=0.00, real=0.00 secs] 
2020-10-28T09:49:12.604+0000: [GC (Allocation Failure) 2020-10-28T09:49:12.604+0000: [ParNew: 16388K->4K(18432K), 0.0030240 secs] 545162K->528778K(896640K), 0.0030819 secs] [Times: user=0.00 sys=0.00, real=0.00 secs] 
2020-10-28T09:49:12.623+0000: [GC (Allocation Failure) 2020-10-28T09:49:12.623+0000: [ParNew: 16388K->4K(18432K), 0.0030475 secs] 545162K->528778K(896640K), 0.0031176 secs] [Times: user=0.00 sys=0.00, real=0.00 secs] 
2020-10-28T09:49:12.644+0000: [GC (Allocation Failure) 2020-10-28T09:49:12.644+0000: [ParNew: 16388K->4K(18432K), 0.0030091 secs] 545162K->528778K(896640K), 0.0030653 secs] [Times: user=0.00 sys=0.00, real=0.00 secs] 
2020-10-28T09:49:12.667+0000: [GC (Allocation Failure) 2020-10-28T09:49:12.667+0000: [ParNew: 16388K->4K(18432K), 0.0030591 secs] 545162K->528778K(896640K), 0.0031239 secs] [Times: user=0.00 sys=0.00, real=0.01 secs] 
2020-10-28T09:49:12.687+0000: [GC (Allocation Failure) 2020-10-28T09:49:12.687+0000: [ParNew: 16388K->4K(18432K), 0.0030493 secs] 545162K->528778K(896640K), 0.0031074 secs] [Times: user=0.00 sys=0.00, real=0.01 secs] 
2020-10-28T09:49:12.707+0000: [GC (Allocation Failure) 2020-10-28T09:49:12.707+0000: [ParNew: 16388K->4K(18432K), 0.0030415 secs] 545162K->528778K(896640K), 0.0031004 secs] [Times: user=0.00 sys=0.00, real=0.01 secs] 
2020-10-28T09:49:12.726+0000: [GC (Allocation Failure) 2020-10-28T09:49:12.727+0000: [ParNew: 16388K->4K(18432K), 0.0030863 secs] 545162K->528778K(896640K), 0.0031437 secs] [Times: user=0.01 sys=0.00, real=0.01 secs] 
2020-10-28T09:49:12.748+0000: [GC (Allocation Failure) 2020-10-28T09:49:12.748+0000: [ParNew: 16388K->4K(18432K), 0.0030459 secs] 545162K->528778K(896640K), 0.0031029 secs] [Times: user=0.01 sys=0.00, real=0.00 secs] 
2020-10-28T09:49:12.768+0000: [GC (Allocation Failure) 2020-10-28T09:49:12.768+0000: [ParNew: 16388K->4K(18432K), 0.0030132 secs] 545162K->528778K(896640K), 0.0030694 secs] [Times: user=0.00 sys=0.00, real=0.00 secs] 
2020-10-28T09:49:12.787+0000: [GC (Allocation Failure) 2020-10-28T09:49:12.787+0000: [ParNew: 16388K->4K(18432K), 0.0031081 secs] 545162K->528778K(896640K), 0.0031667 secs] [Times: user=0.00 sys=0.00, real=0.01 secs] 
2020-10-28T09:49:12.807+0000: [GC (Allocation Failure) 2020-10-28T09:49:12.807+0000: [ParNew: 16388K->4K(18432K), 0.0030240 secs] 545162K->528778K(896640K), 0.0030807 secs] [Times: user=0.00 sys=0.00, real=0.01 secs] 
2020-10-28T09:49:12.827+0000: [GC (Allocation Failure) 2020-10-28T09:49:12.827+0000: [ParNew: 16388K->4K(18432K), 0.0030507 secs] 545162K->528778K(896640K), 0.0031101 secs] [Times: user=0.00 sys=0.00, real=0.01 secs] 
2020-10-28T09:49:12.847+0000: [GC (Allocation Failure) 2020-10-28T09:49:12.847+0000: [ParNew: 16388K->4K(18432K), 0.0030187 secs] 545162K->528778K(896640K), 0.0030761 secs] [Times: user=0.01 sys=0.00, real=0.01 secs] 
2020-10-28T09:49:12.866+0000: [GC (Allocation Failure) 2020-10-28T09:49:12.866+0000: [ParNew: 16388K->4K(18432K), 0.0029859 secs] 545162K->528778K(896640K), 0.0030401 secs] [Times: user=0.01 sys=0.00, real=0.01 secs] 
2020-10-28T09:49:12.888+0000: [GC (Allocation Failure) 2020-10-28T09:49:12.888+0000: [ParNew: 16388K->4K(18432K), 0.0029506 secs] 545162K->528778K(896640K), 0.0030050 secs] [Times: user=0.00 sys=0.00, real=0.00 secs] 
2020-10-28T09:49:12.907+0000: [GC (Allocation Failure) 2020-10-28T09:49:12.907+0000: [ParNew: 16388K->4K(18432K), 0.0030341 secs] 545162K->528778K(896640K), 0.0030927 secs] [Times: user=0.01 sys=0.00, real=0.01 secs] 
2020-10-28T09:49:12.927+0000: [GC (Allocation Failure) 2020-10-28T09:49:12.927+0000: [ParNew: 16388K->4K(18432K), 0.0030503 secs] 545162K->528778K(896640K), 0.0031090 secs] [Times: user=0.00 sys=0.00, real=0.01 secs] 
2020-10-28T09:49:12.946+0000: [GC (Allocation Failure) 2020-10-28T09:49:12.947+0000: [ParNew: 16388K->4K(18432K), 0.0030521 secs] 545162K->528778K(896640K), 0.0031104 secs] [Times: user=0.00 sys=0.00, real=0.01 secs] 
2020-10-28T09:49:12.966+0000: [GC (Allocation Failure) 2020-10-28T09:49:12.966+0000: [ParNew: 16388K->4K(18432K), 0.0036131 secs] 545162K->528778K(896640K), 0.0036715 secs] [Times: user=0.00 sys=0.00, real=0.01 secs] 
2020-10-28T09:49:12.988+0000: [GC (Allocation Failure) 2020-10-28T09:49:12.988+0000: [ParNew: 16388K->4K(18432K), 0.0030514 secs] 545162K->528778K(896640K), 0.0031104 secs] [Times: user=0.00 sys=0.00, real=0.00 secs] 
2020-10-28T09:49:13.024+0000: [GC (Allocation Failure) 2020-10-28T09:49:13.024+0000: [ParNew: 16388K->4K(18432K), 0.0031082 secs] 545162K->528778K(896640K), 0.0031683 secs] [Times: user=0.01 sys=0.00, real=0.00 secs] 
2020-10-28T09:49:13.059+0000: [GC (Allocation Failure) 2020-10-28T09:49:13.059+0000: [ParNew: 16388K->4K(18432K), 0.0030674 secs] 545162K->528778K(896640K), 0.0031280 secs] [Times: user=0.01 sys=0.00, real=0.00 secs] 
2020-10-28T09:49:13.093+0000: [GC (Allocation Failure) 2020-10-28T09:49:13.093+0000: [ParNew: 16388K->6K(18432K), 0.0030638 secs] 545162K->528780K(896640K), 0.0031235 secs] [Times: user=0.01 sys=0.00, real=0.01 secs] 
2020-10-28T09:49:13.131+0000: [GC (Allocation Failure) 2020-10-28T09:49:13.131+0000: [ParNew: 16390K->4K(18432K), 0.0033830 secs] 545164K->528778K(896640K), 0.0034567 secs] [Times: user=0.01 sys=0.00, real=0.00 secs] 
2020-10-28T09:49:13.166+0000: [GC (Allocation Failure) 2020-10-28T09:49:13.166+0000: [ParNew: 16388K->4K(18432K), 0.0030446 secs] 545162K->528778K(896640K), 0.0031029 secs] [Times: user=0.00 sys=0.00, real=0.01 secs] 
2020-10-28T09:49:13.204+0000: [GC (Allocation Failure) 2020-10-28T09:49:13.204+0000: [ParNew: 16388K->4K(18432K), 0.0030348 secs] 545162K->528778K(896640K), 0.0030948 secs] [Times: user=0.00 sys=0.00, real=0.00 secs] 
2020-10-28T09:49:13.741+0000: [GC (Allocation Failure) 2020-10-28T09:49:13.741+0000: [ParNew: 16388K->4K(18432K), 0.0030520 secs] 545162K->528779K(896640K), 0.0031143 secs] [Times: user=0.01 sys=0.00, real=0.00 secs] 
2020-10-28T09:49:14.007+0000: [GC (Allocation Failure) 2020-10-28T09:49:14.007+0000: [ParNew: 16388K->4K(18432K), 0.0030155 secs] 545163K->528779K(896640K), 0.0031017 secs] [Times: user=0.01 sys=0.01, real=0.01 secs] 
2020-10-28T09:49:14.090+0000: [GC (Allocation Failure) 2020-10-28T09:49:14.090+0000: [ParNew: 16388K->4K(18432K), 0.0030917 secs] 545163K->528779K(896640K), 0.0031553 secs] [Times: user=0.01 sys=0.00, real=0.00 secs] 
2020-10-28T09:49:14.139+0000: [GC (Allocation Failure) 2020-10-28T09:49:14.139+0000: [ParNew: 16388K->4K(18432K), 0.0030158 secs] 545163K->528779K(896640K), 0.0030779 secs] [Times: user=0.00 sys=0.00, real=0.00 secs] 
2020-10-28T09:49:14.180+0000: [GC (Allocation Failure) 2020-10-28T09:49:14.180+0000: [ParNew: 16388K->4K(18432K), 0.0030456 secs] 545163K->528779K(896640K), 0.0031061 secs] [Times: user=0.00 sys=0.00, real=0.00 secs] 
2020-10-28T09:49:14.217+0000: [GC (Allocation Failure) 2020-10-28T09:49:14.217+0000: [ParNew: 16388K->4K(18432K), 0.0030667 secs] 545163K->528779K(896640K), 0.0031284 secs] [Times: user=0.01 sys=0.00, real=0.00 secs] 
2020-10-28T09:49:14.259+0000: [GC (Allocation Failure) 2020-10-28T09:49:14.259+0000: [ParNew: 16388K->4K(18432K), 0.0030502 secs] 545163K->528780K(896640K), 0.0031102 secs] [Times: user=0.01 sys=0.00, real=0.00 secs] 
2020-10-28T09:49:14.300+0000: [GC (Allocation Failure) 2020-10-28T09:49:14.300+0000: [ParNew: 16388K->4K(18432K), 0.0030097 secs] 545164K->528781K(896640K), 0.0030700 secs] [Times: user=0.01 sys=0.00, real=0.00 secs] 
2020-10-28T09:49:14.340+0000: [GC (Allocation Failure) 2020-10-28T09:49:14.340+0000: [ParNew: 16388K->4K(18432K), 0.0030214 secs] 545165K->528781K(896640K), 0.0030804 secs] [Times: user=0.01 sys=0.00, real=0.00 secs] 
2020-10-28T09:49:14.379+0000: [GC (Allocation Failure) 2020-10-28T09:49:14.379+0000: [ParNew: 16388K->4K(18432K), 0.0030170 secs] 545165K->528781K(896640K), 0.0030756 secs] [Times: user=0.00 sys=0.00, real=0.00 secs] 
2020-10-28T09:49:15.811+0000: [GC (Allocation Failure) 2020-10-28T09:49:15.811+0000: [ParNew: 16388K->694K(18432K), 0.0036909 secs] 545165K->529471K(896640K), 0.0037630 secs] [Times: user=0.00 sys=0.01, real=0.00 secs] 
2020-10-28T09:49:16.336+0000: [GC (Allocation Failure) 2020-10-28T09:49:16.336+0000: [ParNew: 17078K->1687K(18432K), 0.0053632 secs] 545855K->530464K(896640K), 0.0054265 secs] [Times: user=0.01 sys=0.00, real=0.00 secs] 
2020-10-28T09:49:16.427+0000: [GC (Allocation Failure) 2020-10-28T09:49:16.427+0000: [ParNew: 18071K->1395K(18432K), 0.0082536 secs] 546848K->531202K(896640K), 0.0083182 secs] [Times: user=0.02 sys=0.00, real=0.02 secs] 
2020-10-28T09:49:16.517+0000: [GC (Allocation Failure) 2020-10-28T09:49:16.517+0000: [ParNew: 17779K->800K(18432K), 0.0041598 secs] 547586K->530607K(896640K), 0.0042432 secs] [Times: user=0.01 sys=0.00, real=0.00 secs] 
2020-10-28T09:49:16.627+0000: [GC (Allocation Failure) 2020-10-28T09:49:16.628+0000: [ParNew: 17184K->1499K(18432K), 0.0047185 secs] 546991K->531306K(896640K), 0.0047827 secs] [Times: user=0.01 sys=0.00, real=0.00 secs] 
2020-10-28T09:49:16.693+0000: [GC (Allocation Failure) 2020-10-28T09:49:16.693+0000: [ParNew: 17883K->1618K(18432K), 0.0068837 secs] 547690K->531808K(896640K), 0.0069439 secs] [Times: user=0.02 sys=0.00, real=0.01 secs] 
2020-10-28T09:49:16.779+0000: [GC (Allocation Failure) 2020-10-28T09:49:16.779+0000: [ParNew: 18002K->1491K(18432K), 0.0075149 secs] 548192K->532686K(896640K), 0.0075793 secs] [Times: user=0.01 sys=0.00, real=0.00 secs] 
2020-10-28T09:49:16.860+0000: [GC (Allocation Failure) 2020-10-28T09:49:16.860+0000: [ParNew: 17875K->960K(18432K), 0.0045104 secs] 549070K->532156K(896640K), 0.0045738 secs] [Times: user=0.01 sys=0.00, real=0.00 secs] 
2020-10-28T09:49:17.035+0000: [GC (Allocation Failure) 2020-10-28T09:49:17.035+0000: [ParNew: 17344K->1479K(18432K), 0.0052028 secs] 548540K->532674K(896640K), 0.0052576 secs] [Times: user=0.01 sys=0.00, real=0.01 secs] 
2020-10-28T09:49:17.274+0000: [GC (Allocation Failure) 2020-10-28T09:49:17.274+0000: [ParNew: 17863K->1238K(18432K), 0.0070537 secs] 549058K->533382K(896640K), 0.0071181 secs] [Times: user=0.01 sys=0.00, real=0.01 secs] 
2020-10-28T09:49:17.330+0000: [GC (Allocation Failure) 2020-10-28T09:49:17.330+0000: [ParNew: 17622K->812K(18432K), 0.0042698 secs] 549766K->532956K(896640K), 0.0043332 secs] [Times: user=0.01 sys=0.00, real=0.00 secs] 
2020-10-28T09:49:17.565+0000: [GC (Allocation Failure) 2020-10-28T09:49:17.565+0000: [ParNew: 17196K->788K(18432K), 0.0046451 secs] 549340K->532932K(896640K), 0.0047097 secs] [Times: user=0.01 sys=0.00, real=0.01 secs] 
2020-10-28T09:49:18.248+0000: [GC (Allocation Failure) 2020-10-28T09:49:18.248+0000: [ParNew: 17172K->1113K(18432K), 0.0047478 secs] 549316K->533257K(896640K), 0.0048240 secs] [Times: user=0.01 sys=0.00, real=0.00 secs] 
2020-10-28T09:49:19.842+0000: [GC (Allocation Failure) 2020-10-28T09:49:19.842+0000: [ParNew: 17497K->877K(18432K), 0.0052750 secs] 549641K->533230K(896640K), 0.0053574 secs] [Times: user=0.01 sys=0.00, real=0.01 secs] 
Heap
 par new generation   total 18432K, used 3638K [0x00000000c0000000, 0x00000000c1400000, 0x00000000ca660000)
  eden space 16384K,  16% used [0x00000000c0000000, 0x00000000c02b20c0, 0x00000000c1000000)
  from space 2048K,  42% used [0x00000000c1200000, 0x00000000c12db7c8, 0x00000000c1400000)
  to   space 2048K,   0% used [0x00000000c1000000, 0x00000000c1000000, 0x00000000c1200000)
 concurrent mark-sweep generation total 878208K, used 532352K [0x00000000ca660000, 0x0000000100000000, 0x0000000100000000)
 Metaspace       used 78416K, capacity 79832K, committed 79944K, reserved 1118208K
  class space    used 10554K, capacity 10803K, committed 10880K, reserved 1048576K
End of LogType:stdout

