

Container: container_1603959726485_0002_01_000001 on ip-10-0-45-238.ec2.internal_8041
=======================================================================================
LogType:stderr
Log Upload Time:gio ott 29 08:54:17 +0000 2020
LogLength:12188
Log Contents:
SLF4J: Class path contains multiple SLF4J bindings.
SLF4J: Found binding in [jar:file:/mnt/yarn/usercache/hadoop/filecache/15/__spark_libs__2889493207819615076.zip/slf4j-log4j12-1.7.16.jar!/org/slf4j/impl/StaticLoggerBinder.class]
SLF4J: Found binding in [jar:file:/usr/lib/hadoop/lib/slf4j-log4j12-1.7.10.jar!/org/slf4j/impl/StaticLoggerBinder.class]
SLF4J: See http://www.slf4j.org/codes.html#multiple_bindings for an explanation.
SLF4J: Actual binding is of type [org.slf4j.impl.Log4jLoggerFactory]
20/10/29 08:52:12 INFO SignalUtils: Registered signal handler for TERM
20/10/29 08:52:12 INFO SignalUtils: Registered signal handler for HUP
20/10/29 08:52:12 INFO SignalUtils: Registered signal handler for INT
20/10/29 08:52:12 INFO SecurityManager: Changing view acls to: yarn,hadoop
20/10/29 08:52:12 INFO SecurityManager: Changing modify acls to: yarn,hadoop
20/10/29 08:52:12 INFO SecurityManager: Changing view acls groups to: 
20/10/29 08:52:12 INFO SecurityManager: Changing modify acls groups to: 
20/10/29 08:52:12 INFO SecurityManager: SecurityManager: authentication disabled; ui acls disabled; users  with view permissions: Set(yarn, hadoop); groups with view permissions: Set(); users  with modify permissions: Set(yarn, hadoop); groups with modify permissions: Set()
20/10/29 08:52:13 INFO ApplicationMaster: Preparing Local resources
20/10/29 08:52:14 INFO ApplicationMaster: ApplicationAttemptId: appattempt_1603959726485_0002_000001
20/10/29 08:52:14 INFO ApplicationMaster: Starting the user application in a separate Thread
20/10/29 08:52:14 INFO ApplicationMaster: Waiting for spark context initialization...
20/10/29 08:52:15 INFO SparkContext: Running Spark version 2.4.0
20/10/29 08:52:15 INFO SparkContext: Submitted application: SpectralRegressionSpark.py
20/10/29 08:52:15 INFO SecurityManager: Changing view acls to: yarn,hadoop
20/10/29 08:52:15 INFO SecurityManager: Changing modify acls to: yarn,hadoop
20/10/29 08:52:15 INFO SecurityManager: Changing view acls groups to: 
20/10/29 08:52:15 INFO SecurityManager: Changing modify acls groups to: 
20/10/29 08:52:15 INFO SecurityManager: SecurityManager: authentication disabled; ui acls disabled; users  with view permissions: Set(yarn, hadoop); groups with view permissions: Set(); users  with modify permissions: Set(yarn, hadoop); groups with modify permissions: Set()
20/10/29 08:52:16 INFO Utils: Successfully started service 'sparkDriver' on port 37893.
20/10/29 08:52:16 INFO SparkEnv: Registering MapOutputTracker
20/10/29 08:52:16 INFO SparkEnv: Registering BlockManagerMaster
20/10/29 08:52:16 INFO BlockManagerMasterEndpoint: Using org.apache.spark.storage.DefaultTopologyMapper for getting topology information
20/10/29 08:52:16 INFO BlockManagerMasterEndpoint: BlockManagerMasterEndpoint up
20/10/29 08:52:16 INFO DiskBlockManager: Created local directory at /mnt/yarn/usercache/hadoop/appcache/application_1603959726485_0002/blockmgr-4cfcc38a-0343-42a1-89e5-73041121ffc0
20/10/29 08:52:16 INFO MemoryStore: MemoryStore started with capacity 424.4 MB
20/10/29 08:52:16 INFO SparkEnv: Registering OutputCommitCoordinator
20/10/29 08:52:16 INFO JettyUtils: Adding filter org.apache.hadoop.yarn.server.webproxy.amfilter.AmIpFilter to /jobs, /jobs/json, /jobs/job, /jobs/job/json, /stages, /stages/json, /stages/stage, /stages/stage/json, /stages/pool, /stages/pool/json, /storage, /storage/json, /storage/rdd, /storage/rdd/json, /environment, /environment/json, /executors, /executors/json, /executors/threadDump, /executors/threadDump/json, /static, /, /api, /jobs/job/kill, /stages/stage/kill.
20/10/29 08:52:16 INFO Utils: Successfully started service 'SparkUI' on port 38363.
20/10/29 08:52:16 INFO SparkUI: Bound SparkUI to 0.0.0.0, and started at http://ip-10-0-45-238.ec2.internal:38363
20/10/29 08:52:17 INFO YarnClusterScheduler: Created YarnClusterScheduler
20/10/29 08:52:17 INFO SchedulerExtensionServices: Starting Yarn extension services with app application_1603959726485_0002 and attemptId Some(appattempt_1603959726485_0002_000001)
20/10/29 08:52:17 INFO Utils: Using initial executors = 0, max of spark.dynamicAllocation.initialExecutors, spark.dynamicAllocation.minExecutors and spark.executor.instances
20/10/29 08:52:17 INFO Utils: Successfully started service 'org.apache.spark.network.netty.NettyBlockTransferService' on port 37939.
20/10/29 08:52:17 INFO NettyBlockTransferService: Server created on ip-10-0-45-238.ec2.internal:37939
20/10/29 08:52:17 INFO BlockManager: Using org.apache.spark.storage.RandomBlockReplicationPolicy for block replication policy
20/10/29 08:52:17 INFO BlockManagerMaster: Registering BlockManager BlockManagerId(driver, ip-10-0-45-238.ec2.internal, 37939, None)
20/10/29 08:52:17 INFO BlockManagerMasterEndpoint: Registering block manager ip-10-0-45-238.ec2.internal:37939 with 424.4 MB RAM, BlockManagerId(driver, ip-10-0-45-238.ec2.internal, 37939, None)
20/10/29 08:52:17 INFO BlockManagerMaster: Registered BlockManager BlockManagerId(driver, ip-10-0-45-238.ec2.internal, 37939, None)
20/10/29 08:52:17 INFO BlockManager: external shuffle service port = 7337
20/10/29 08:52:17 INFO BlockManager: Initialized BlockManager: BlockManagerId(driver, ip-10-0-45-238.ec2.internal, 37939, None)
20/10/29 08:52:17 INFO JettyUtils: Adding filter org.apache.hadoop.yarn.server.webproxy.amfilter.AmIpFilter to /metrics/json.
20/10/29 08:52:17 INFO EventLoggingListener: Logging events to hdfs:/var/log/spark/apps/application_1603959726485_0002_1
20/10/29 08:52:17 INFO Utils: Using initial executors = 0, max of spark.dynamicAllocation.initialExecutors, spark.dynamicAllocation.minExecutors and spark.executor.instances
20/10/29 08:52:17 WARN YarnSchedulerBackend$YarnSchedulerEndpoint: Attempted to request executors before the AM has registered!
20/10/29 08:52:18 INFO RMProxy: Connecting to ResourceManager at ip-10-0-51-133.ec2.internal/10.0.51.133:8030
20/10/29 08:52:18 INFO YarnRMClient: Registering the ApplicationMaster
20/10/29 08:52:18 INFO ApplicationMaster: 
===============================================================================
YARN executor launch context:
  env:
    CLASSPATH -> /usr/lib/hadoop-lzo/lib/*:/usr/lib/hadoop/hadoop-aws.jar:/usr/share/aws/aws-java-sdk/*:/usr/share/aws/emr/emrfs/conf:/usr/share/aws/emr/emrfs/lib/*:/usr/share/aws/emr/emrfs/auxlib/*:/usr/share/aws/emr/goodies/lib/emr-spark-goodies.jar:/usr/share/aws/emr/security/conf:/usr/share/aws/emr/security/lib/*:/usr/share/aws/hmclient/lib/aws-glue-datacatalog-spark-client.jar:/usr/share/java/Hive-JSON-Serde/hive-openx-serde.jar:/usr/share/aws/sagemaker-spark-sdk/lib/sagemaker-spark-sdk.jar:/usr/share/aws/emr/s3select/lib/emr-s3-select-spark-connector.jar<CPS>{{PWD}}<CPS>{{PWD}}/__spark_conf__<CPS>{{PWD}}/__spark_libs__/*<CPS>$HADOOP_CONF_DIR<CPS>$HADOOP_COMMON_HOME/*<CPS>$HADOOP_COMMON_HOME/lib/*<CPS>$HADOOP_HDFS_HOME/*<CPS>$HADOOP_HDFS_HOME/lib/*<CPS>$HADOOP_MAPRED_HOME/*<CPS>$HADOOP_MAPRED_HOME/lib/*<CPS>$HADOOP_YARN_HOME/*<CPS>$HADOOP_YARN_HOME/lib/*<CPS>/usr/lib/hadoop-lzo/lib/*<CPS>/usr/share/aws/emr/emrfs/conf<CPS>/usr/share/aws/emr/emrfs/lib/*<CPS>/usr/share/aws/emr/emrfs/auxlib/*<CPS>/usr/share/aws/emr/lib/*<CPS>/usr/share/aws/emr/ddb/lib/emr-ddb-hadoop.jar<CPS>/usr/share/aws/emr/goodies/lib/emr-hadoop-goodies.jar<CPS>/usr/share/aws/emr/cloudwatch-sink/lib/*<CPS>/usr/share/aws/aws-java-sdk/*<CPS>$HADOOP_MAPRED_HOME/share/hadoop/mapreduce/*<CPS>$HADOOP_MAPRED_HOME/share/hadoop/mapreduce/lib/*<CPS>/usr/lib/hadoop-lzo/lib/*<CPS>/usr/share/aws/emr/emrfs/conf<CPS>/usr/share/aws/emr/emrfs/lib/*<CPS>/usr/share/aws/emr/emrfs/auxlib/*<CPS>/usr/share/aws/emr/lib/*<CPS>/usr/share/aws/emr/ddb/lib/emr-ddb-hadoop.jar<CPS>/usr/share/aws/emr/goodies/lib/emr-hadoop-goodies.jar<CPS>/usr/share/aws/emr/cloudwatch-sink/lib/*<CPS>/usr/share/aws/aws-java-sdk/*<CPS>{{PWD}}/__spark_conf__/__hadoop_conf__
    SPARK_YARN_STAGING_DIR -> hdfs://ip-10-0-51-133.ec2.internal:8020/user/hadoop/.sparkStaging/application_1603959726485_0002
    SPARK_USER -> hadoop
    PYTHONPATH -> {{PWD}}/pyspark.zip<CPS>{{PWD}}/py4j-0.10.7-src.zip
    SPARK_PUBLIC_DNS -> ip-10-0-45-238.ec2.internal

  command:
    LD_LIBRARY_PATH=\"/usr/lib/hadoop/lib/native:/usr/lib/hadoop-lzo/lib/native:$LD_LIBRARY_PATH\" \ 
      {{JAVA_HOME}}/bin/java \ 
      -server \ 
      -Xmx1024m \ 
      '-verbose:gc' \ 
      '-XX:+PrintGCDetails' \ 
      '-XX:+PrintGCDateStamps' \ 
      '-XX:+UseConcMarkSweepGC' \ 
      '-XX:CMSInitiatingOccupancyFraction=70' \ 
      '-XX:MaxHeapFreeRatio=70' \ 
      '-XX:+CMSClassUnloadingEnabled' \ 
      '-XX:OnOutOfMemoryError=kill -9 %p' \ 
      -Djava.io.tmpdir={{PWD}}/tmp \ 
      '-Dspark.driver.port=37893' \ 
      '-Dspark.history.ui.port=18080' \ 
      '-Dspark.ui.port=0' \ 
      -Dspark.yarn.app.container.log.dir=<LOG_DIR> \ 
      org.apache.spark.executor.CoarseGrainedExecutorBackend \ 
      --driver-url \ 
      spark://CoarseGrainedScheduler@ip-10-0-45-238.ec2.internal:37893 \ 
      --executor-id \ 
      <executorId> \ 
      --hostname \ 
      <hostname> \ 
      --cores \ 
      2 \ 
      --app-id \ 
      application_1603959726485_0002 \ 
      --user-class-path \ 
      file:$PWD/__app__.jar \ 
      1><LOG_DIR>/stdout \ 
      2><LOG_DIR>/stderr

  resources:
    pyspark.zip -> resource { scheme: "hdfs" host: "ip-10-0-51-133.ec2.internal" port: 8020 file: "/user/hadoop/.sparkStaging/application_1603959726485_0002/pyspark.zip" } size: 589684 timestamp: 1603961525751 type: FILE visibility: PRIVATE
    py4j-0.10.7-src.zip -> resource { scheme: "hdfs" host: "ip-10-0-51-133.ec2.internal" port: 8020 file: "/user/hadoop/.sparkStaging/application_1603959726485_0002/py4j-0.10.7-src.zip" } size: 42437 timestamp: 1603961525785 type: FILE visibility: PRIVATE
    __spark_libs__ -> resource { scheme: "hdfs" host: "ip-10-0-51-133.ec2.internal" port: 8020 file: "/user/hadoop/.sparkStaging/application_1603959726485_0002/__spark_libs__2889493207819615076.zip" } size: 229091301 timestamp: 1603961525534 type: ARCHIVE visibility: PRIVATE
    __spark_conf__ -> resource { scheme: "hdfs" host: "ip-10-0-51-133.ec2.internal" port: 8020 file: "/user/hadoop/.sparkStaging/application_1603959726485_0002/__spark_conf__.zip" } size: 210445 timestamp: 1603961525992 type: ARCHIVE visibility: PRIVATE

===============================================================================
20/10/29 08:52:18 INFO Utils: Using initial executors = 0, max of spark.dynamicAllocation.initialExecutors, spark.dynamicAllocation.minExecutors and spark.executor.instances
20/10/29 08:52:18 INFO YarnSchedulerBackend$YarnSchedulerEndpoint: ApplicationMaster registered as NettyRpcEndpointRef(spark://YarnAM@ip-10-0-45-238.ec2.internal:37893)
20/10/29 08:52:18 INFO ApplicationMaster: Started progress reporter thread with (heartbeat : 3000, initial allocation : 200) intervals
20/10/29 08:52:18 INFO YarnClusterSchedulerBackend: SchedulerBackend is ready for scheduling beginning after reached minRegisteredResourcesRatio: 0.8
20/10/29 08:52:18 INFO YarnClusterScheduler: YarnClusterScheduler.postStartHook done
20/10/29 08:52:18 INFO SharedState: loading hive config file: file:/mnt/yarn/usercache/hadoop/filecache/16/__spark_conf__.zip/__hadoop_conf__/hive-site.xml
20/10/29 08:52:18 INFO SharedState: Setting hive.metastore.warehouse.dir ('null') to the value of spark.sql.warehouse.dir ('hdfs:///user/spark/warehouse').
20/10/29 08:52:18 INFO SharedState: Warehouse path is 'hdfs:///user/spark/warehouse'.
20/10/29 08:52:18 INFO JettyUtils: Adding filter org.apache.hadoop.yarn.server.webproxy.amfilter.AmIpFilter to /SQL.
20/10/29 08:52:18 INFO JettyUtils: Adding filter org.apache.hadoop.yarn.server.webproxy.amfilter.AmIpFilter to /SQL/json.
20/10/29 08:52:18 INFO JettyUtils: Adding filter org.apache.hadoop.yarn.server.webproxy.amfilter.AmIpFilter to /SQL/execution.
20/10/29 08:52:18 INFO JettyUtils: Adding filter org.apache.hadoop.yarn.server.webproxy.amfilter.AmIpFilter to /SQL/execution/json.
20/10/29 08:52:18 INFO JettyUtils: Adding filter org.apache.hadoop.yarn.server.webproxy.amfilter.AmIpFilter to /static/sql.
20/10/29 08:52:19 INFO StateStoreCoordinatorRef: Registered StateStoreCoordinator endpoint
End of LogType:stderr

LogType:stdout
Log Upload Time:gio ott 29 08:54:17 +0000 2020
LogLength:1296
Log Contents:



 *******



 BEGIN



 *******



s3://spectral-regression-spark-bucket/spectral_data_class.csv
Loading DataFrame from file...

Schema of original DataFrame:
root
 |-- spectroFlux_u: double (nullable = true)
 |-- spectroFlux_g: double (nullable = true)
 |-- spectroFlux_r: double (nullable = true)
 |-- spectroFlux_i: double (nullable = true)
 |-- spectroFlux_z: double (nullable = true)
 |-- source_class: string (nullable = true)
 |-- redshift: double (nullable = true)


Schema of DataFrame with differences between spectral classes:
root
 |-- source_class: string (nullable = true)
 |-- redshift: double (nullable = true)
 |-- u_g: double (nullable = true)
 |-- g_r: double (nullable = true)
 |-- r_i: double (nullable = true)
 |-- i_z: double (nullable = true)


Schema of DataFrame without old columns:
root
 |-- source_class: string (nullable = true)
 |-- redshift: double (nullable = true)
 |-- features: vector (nullable = true)


Schema of DataFrame ready for regression models:
root
 |-- redshift: double (nullable = true)
 |-- features: vector (nullable = true)


Training Linear Regressor on training data...
...done.


Evaluating model on test data...


Root Mean Squared Error (RMSE) on test data = 0.311319206913

Time elapsed: 104.193132877



 *******



 END



 *******



End of LogType:stdout



Container: container_1603959726485_0002_01_000005 on ip-10-0-47-24.ec2.internal_8041
======================================================================================
LogType:stderr
Log Upload Time:gio ott 29 08:54:16 +0000 2020
LogLength:17315
Log Contents:
SLF4J: Class path contains multiple SLF4J bindings.
SLF4J: Found binding in [jar:file:/mnt/yarn/usercache/hadoop/filecache/16/__spark_libs__2889493207819615076.zip/slf4j-log4j12-1.7.16.jar!/org/slf4j/impl/StaticLoggerBinder.class]
SLF4J: Found binding in [jar:file:/usr/lib/hadoop/lib/slf4j-log4j12-1.7.10.jar!/org/slf4j/impl/StaticLoggerBinder.class]
SLF4J: See http://www.slf4j.org/codes.html#multiple_bindings for an explanation.
SLF4J: Actual binding is of type [org.slf4j.impl.Log4jLoggerFactory]
20/10/29 08:52:59 INFO CoarseGrainedExecutorBackend: Started daemon with process name: 26229@ip-10-0-47-24
20/10/29 08:52:59 INFO SignalUtils: Registered signal handler for TERM
20/10/29 08:52:59 INFO SignalUtils: Registered signal handler for HUP
20/10/29 08:52:59 INFO SignalUtils: Registered signal handler for INT
20/10/29 08:53:00 INFO SecurityManager: Changing view acls to: yarn,hadoop
20/10/29 08:53:00 INFO SecurityManager: Changing modify acls to: yarn,hadoop
20/10/29 08:53:00 INFO SecurityManager: Changing view acls groups to: 
20/10/29 08:53:00 INFO SecurityManager: Changing modify acls groups to: 
20/10/29 08:53:00 INFO SecurityManager: SecurityManager: authentication disabled; ui acls disabled; users  with view permissions: Set(yarn, hadoop); groups with view permissions: Set(); users  with modify permissions: Set(yarn, hadoop); groups with modify permissions: Set()
20/10/29 08:53:01 INFO TransportClientFactory: Successfully created connection to ip-10-0-45-238.ec2.internal/10.0.45.238:37893 after 91 ms (0 ms spent in bootstraps)
20/10/29 08:53:01 INFO SecurityManager: Changing view acls to: yarn,hadoop
20/10/29 08:53:01 INFO SecurityManager: Changing modify acls to: yarn,hadoop
20/10/29 08:53:01 INFO SecurityManager: Changing view acls groups to: 
20/10/29 08:53:01 INFO SecurityManager: Changing modify acls groups to: 
20/10/29 08:53:01 INFO SecurityManager: SecurityManager: authentication disabled; ui acls disabled; users  with view permissions: Set(yarn, hadoop); groups with view permissions: Set(); users  with modify permissions: Set(yarn, hadoop); groups with modify permissions: Set()
20/10/29 08:53:01 INFO TransportClientFactory: Successfully created connection to ip-10-0-45-238.ec2.internal/10.0.45.238:37893 after 1 ms (0 ms spent in bootstraps)
20/10/29 08:53:01 INFO DiskBlockManager: Created local directory at /mnt/yarn/usercache/hadoop/appcache/application_1603959726485_0002/blockmgr-aba0b279-f67b-4a7e-8969-c9c5fc7e31f1
20/10/29 08:53:01 INFO MemoryStore: MemoryStore started with capacity 424.4 MB
20/10/29 08:53:01 INFO CoarseGrainedExecutorBackend: Connecting to driver: spark://CoarseGrainedScheduler@ip-10-0-45-238.ec2.internal:37893
20/10/29 08:53:01 INFO CoarseGrainedExecutorBackend: Successfully registered with driver
20/10/29 08:53:01 INFO Executor: Starting executor ID 2 on host ip-10-0-47-24.ec2.internal
20/10/29 08:53:01 INFO Utils: Successfully started service 'org.apache.spark.network.netty.NettyBlockTransferService' on port 34055.
20/10/29 08:53:01 INFO NettyBlockTransferService: Server created on ip-10-0-47-24.ec2.internal:34055
20/10/29 08:53:01 INFO BlockManager: Using org.apache.spark.storage.RandomBlockReplicationPolicy for block replication policy
20/10/29 08:53:02 INFO BlockManagerMaster: Registering BlockManager BlockManagerId(2, ip-10-0-47-24.ec2.internal, 34055, None)
20/10/29 08:53:02 INFO BlockManagerMaster: Registered BlockManager BlockManagerId(2, ip-10-0-47-24.ec2.internal, 34055, None)
20/10/29 08:53:02 INFO BlockManager: external shuffle service port = 7337
20/10/29 08:53:02 INFO BlockManager: Registering executor with local external shuffle service.
20/10/29 08:53:02 INFO TransportClientFactory: Successfully created connection to ip-10-0-47-24.ec2.internal/10.0.47.24:7337 after 3 ms (0 ms spent in bootstraps)
20/10/29 08:53:02 INFO BlockManager: Initialized BlockManager: BlockManagerId(2, ip-10-0-47-24.ec2.internal, 34055, None)
20/10/29 08:53:02 INFO CoarseGrainedExecutorBackend: Got assigned task 3
20/10/29 08:53:02 INFO Executor: Running task 2.0 in stage 1.0 (TID 3)
20/10/29 08:53:02 INFO TorrentBroadcast: Started reading broadcast variable 4
20/10/29 08:53:02 INFO TransportClientFactory: Successfully created connection to ip-10-0-45-238.ec2.internal/10.0.45.238:37939 after 2 ms (0 ms spent in bootstraps)
20/10/29 08:53:02 INFO MemoryStore: Block broadcast_4_piece0 stored as bytes in memory (estimated size 17.1 KB, free 424.4 MB)
20/10/29 08:53:02 INFO TorrentBroadcast: Reading broadcast variable 4 took 104 ms
20/10/29 08:53:02 INFO MemoryStore: Block broadcast_4 stored as values in memory (estimated size 43.4 KB, free 424.4 MB)
20/10/29 08:53:03 INFO CodeGenerator: Code generated in 422.662098 ms
20/10/29 08:53:03 INFO CodeGenerator: Code generated in 72.284131 ms
20/10/29 08:53:03 INFO CodeGenerator: Code generated in 21.159685 ms
20/10/29 08:53:05 INFO CodeGenerator: Code generated in 14.080458 ms
20/10/29 08:53:05 INFO FileScanRDD: Reading File path: s3://spectral-regression-spark-bucket/spectral_data_class.csv, range: 268435456-319010350, partition values: [empty row]
20/10/29 08:53:05 INFO CodeGenerator: Code generated in 15.761448 ms
20/10/29 08:53:05 INFO TorrentBroadcast: Started reading broadcast variable 2
20/10/29 08:53:05 INFO TransportClientFactory: Successfully created connection to ip-10-0-63-237.ec2.internal/10.0.63.237:37945 after 6 ms (0 ms spent in bootstraps)
20/10/29 08:53:05 INFO MemoryStore: Block broadcast_2_piece0 stored as bytes in memory (estimated size 36.8 KB, free 424.3 MB)
20/10/29 08:53:05 INFO TorrentBroadcast: Reading broadcast variable 2 took 155 ms
20/10/29 08:53:05 INFO MemoryStore: Block broadcast_2 stored as values in memory (estimated size 576.5 KB, free 423.7 MB)
20/10/29 08:53:08 INFO S3NativeFileSystem: Opening 's3://spectral-regression-spark-bucket/spectral_data_class.csv' for reading
20/10/29 08:53:08 INFO GPLNativeCodeLoader: Loaded native gpl library
20/10/29 08:53:08 INFO LzoCodec: Successfully loaded & initialized native-lzo library [hadoop-lzo rev 1546b8dc0ca6f1ffd26a812d52bd7b80915e0a25]
20/10/29 08:53:13 INFO JniLoader: successfully loaded /mnt/yarn/usercache/hadoop/appcache/application_1603959726485_0002/container_1603959726485_0002_01_000005/tmp/jniloader1704198719548166320netlib-native_system-linux-x86_64.so
20/10/29 08:53:14 INFO Executor: Finished task 2.0 in stage 1.0 (TID 3). 2418 bytes result sent to driver
20/10/29 08:53:20 INFO CoarseGrainedExecutorBackend: Got assigned task 5
20/10/29 08:53:20 INFO Executor: Running task 1.0 in stage 2.0 (TID 5)
20/10/29 08:53:20 INFO CoarseGrainedExecutorBackend: Got assigned task 7
20/10/29 08:53:20 INFO Executor: Running task 3.0 in stage 2.0 (TID 7)
20/10/29 08:53:20 INFO TorrentBroadcast: Started reading broadcast variable 6
20/10/29 08:53:20 INFO MemoryStore: Block broadcast_6_piece0 stored as bytes in memory (estimated size 18.7 KB, free 423.8 MB)
20/10/29 08:53:20 INFO TorrentBroadcast: Reading broadcast variable 6 took 20 ms
20/10/29 08:53:20 INFO MemoryStore: Block broadcast_6 stored as values in memory (estimated size 44.9 KB, free 423.8 MB)
20/10/29 08:53:20 INFO CodeGenerator: Code generated in 97.500525 ms
20/10/29 08:53:20 INFO CodeGenerator: Code generated in 21.026679 ms
20/10/29 08:53:20 INFO FileScanRDD: Reading File path: s3://spectral-regression-spark-bucket/spectral_data_class.csv, range: 80801163-161602326, partition values: [empty row]
20/10/29 08:53:20 INFO TorrentBroadcast: Started reading broadcast variable 5
20/10/29 08:53:20 INFO FileScanRDD: Reading File path: s3://spectral-regression-spark-bucket/spectral_data_class.csv, range: 242403489-319010350, partition values: [empty row]
20/10/29 08:53:20 INFO MemoryStore: Block broadcast_5_piece0 stored as bytes in memory (estimated size 36.8 KB, free 423.6 MB)
20/10/29 08:53:20 INFO TorrentBroadcast: Reading broadcast variable 5 took 19 ms
20/10/29 08:53:20 INFO MemoryStore: Block broadcast_5 stored as values in memory (estimated size 576.5 KB, free 423.0 MB)
20/10/29 08:53:20 INFO S3NativeFileSystem: Opening 's3://spectral-regression-spark-bucket/spectral_data_class.csv' for reading
20/10/29 08:53:20 INFO S3NativeFileSystem: Opening 's3://spectral-regression-spark-bucket/spectral_data_class.csv' for reading
20/10/29 08:53:33 INFO Executor: Finished task 3.0 in stage 2.0 (TID 7). 2405 bytes result sent to driver
20/10/29 08:53:33 INFO Executor: Finished task 1.0 in stage 2.0 (TID 5). 2405 bytes result sent to driver
20/10/29 08:53:33 INFO CoarseGrainedExecutorBackend: Got assigned task 9
20/10/29 08:53:33 INFO Executor: Running task 1.0 in stage 3.0 (TID 9)
20/10/29 08:53:33 INFO CoarseGrainedExecutorBackend: Got assigned task 11
20/10/29 08:53:33 INFO Executor: Running task 3.0 in stage 3.0 (TID 11)
20/10/29 08:53:33 INFO TorrentBroadcast: Started reading broadcast variable 7
20/10/29 08:53:33 INFO MemoryStore: Block broadcast_7_piece0 stored as bytes in memory (estimated size 18.5 KB, free 423.2 MB)
20/10/29 08:53:33 INFO TorrentBroadcast: Reading broadcast variable 7 took 14 ms
20/10/29 08:53:33 INFO MemoryStore: Block broadcast_7 stored as values in memory (estimated size 44.1 KB, free 423.2 MB)
20/10/29 08:53:33 INFO FileScanRDD: Reading File path: s3://spectral-regression-spark-bucket/spectral_data_class.csv, range: 80801163-161602326, partition values: [empty row]
20/10/29 08:53:33 INFO S3NativeFileSystem: Opening 's3://spectral-regression-spark-bucket/spectral_data_class.csv' for reading
20/10/29 08:53:33 INFO FileScanRDD: Reading File path: s3://spectral-regression-spark-bucket/spectral_data_class.csv, range: 242403489-319010350, partition values: [empty row]
20/10/29 08:53:33 INFO S3NativeFileSystem: Opening 's3://spectral-regression-spark-bucket/spectral_data_class.csv' for reading
20/10/29 08:53:44 INFO Executor: Finished task 3.0 in stage 3.0 (TID 11). 1922 bytes result sent to driver
20/10/29 08:53:45 INFO Executor: Finished task 1.0 in stage 3.0 (TID 9). 1922 bytes result sent to driver
20/10/29 08:53:46 INFO CoarseGrainedExecutorBackend: Got assigned task 12
20/10/29 08:53:46 INFO Executor: Running task 0.0 in stage 4.0 (TID 12)
20/10/29 08:53:46 INFO CoarseGrainedExecutorBackend: Got assigned task 14
20/10/29 08:53:46 INFO Executor: Running task 2.0 in stage 4.0 (TID 14)
20/10/29 08:53:46 INFO TorrentBroadcast: Started reading broadcast variable 9
20/10/29 08:53:46 INFO MemoryStore: Block broadcast_9_piece0 stored as bytes in memory (estimated size 17.1 KB, free 423.2 MB)
20/10/29 08:53:46 INFO TorrentBroadcast: Reading broadcast variable 9 took 10 ms
20/10/29 08:53:46 INFO MemoryStore: Block broadcast_9 stored as values in memory (estimated size 40.0 KB, free 423.2 MB)
20/10/29 08:53:46 INFO CodeGenerator: Code generated in 87.12348 ms
20/10/29 08:53:46 INFO FileScanRDD: Reading File path: s3://spectral-regression-spark-bucket/spectral_data_class.csv, range: 0-80801163, partition values: [empty row]
20/10/29 08:53:46 INFO FileScanRDD: Reading File path: s3://spectral-regression-spark-bucket/spectral_data_class.csv, range: 161602326-242403489, partition values: [empty row]
20/10/29 08:53:46 INFO TorrentBroadcast: Started reading broadcast variable 8
20/10/29 08:53:46 INFO MemoryStore: Block broadcast_8_piece0 stored as bytes in memory (estimated size 36.8 KB, free 423.0 MB)
20/10/29 08:53:46 INFO TorrentBroadcast: Reading broadcast variable 8 took 27 ms
20/10/29 08:53:46 INFO MemoryStore: Block broadcast_8 stored as values in memory (estimated size 576.5 KB, free 422.4 MB)
20/10/29 08:53:46 INFO S3NativeFileSystem: Opening 's3://spectral-regression-spark-bucket/spectral_data_class.csv' for reading
20/10/29 08:53:46 INFO S3NativeFileSystem: Opening 's3://spectral-regression-spark-bucket/spectral_data_class.csv' for reading
20/10/29 08:53:57 INFO Executor: Finished task 2.0 in stage 4.0 (TID 14). 2650 bytes result sent to driver
20/10/29 08:53:57 INFO Executor: Finished task 0.0 in stage 4.0 (TID 12). 2607 bytes result sent to driver
20/10/29 08:53:57 INFO CoarseGrainedExecutorBackend: Got assigned task 16
20/10/29 08:53:57 INFO Executor: Running task 0.0 in stage 5.0 (TID 16)
20/10/29 08:53:57 INFO MapOutputTrackerWorker: Updating epoch to 1 and clearing cache
20/10/29 08:53:57 INFO TorrentBroadcast: Started reading broadcast variable 10
20/10/29 08:53:57 INFO MemoryStore: Block broadcast_10_piece0 stored as bytes in memory (estimated size 3.8 KB, free 422.6 MB)
20/10/29 08:53:57 INFO TorrentBroadcast: Reading broadcast variable 10 took 7 ms
20/10/29 08:53:57 INFO MemoryStore: Block broadcast_10 stored as values in memory (estimated size 7.1 KB, free 422.6 MB)
20/10/29 08:53:57 INFO MapOutputTrackerWorker: Don't have map outputs for shuffle 0, fetching them
20/10/29 08:53:57 INFO MapOutputTrackerWorker: Doing the fetch; tracker endpoint = NettyRpcEndpointRef(spark://MapOutputTracker@ip-10-0-45-238.ec2.internal:37893)
20/10/29 08:53:57 INFO MapOutputTrackerWorker: Got the output locations
20/10/29 08:53:57 INFO ShuffleBlockFetcherIterator: Getting 4 non-empty blocks including 2 local blocks and 2 remote blocks
20/10/29 08:53:57 INFO TransportClientFactory: Successfully created connection to ip-10-0-63-237.ec2.internal/10.0.63.237:7337 after 2 ms (0 ms spent in bootstraps)
20/10/29 08:53:57 INFO ShuffleBlockFetcherIterator: Started 1 remote fetches in 19 ms
20/10/29 08:53:58 INFO CodeGenerator: Code generated in 18.194639 ms
20/10/29 08:53:58 INFO Executor: Finished task 0.0 in stage 5.0 (TID 16). 1868 bytes result sent to driver
20/10/29 08:53:58 INFO CoarseGrainedExecutorBackend: Got assigned task 17
20/10/29 08:53:58 INFO CoarseGrainedExecutorBackend: Got assigned task 19
20/10/29 08:53:58 INFO Executor: Running task 0.0 in stage 6.0 (TID 17)
20/10/29 08:53:58 INFO Executor: Running task 2.0 in stage 6.0 (TID 19)
20/10/29 08:53:58 INFO TorrentBroadcast: Started reading broadcast variable 12
20/10/29 08:53:58 INFO MemoryStore: Block broadcast_12_piece0 stored as bytes in memory (estimated size 19.1 KB, free 423.2 MB)
20/10/29 08:53:58 INFO TorrentBroadcast: Reading broadcast variable 12 took 8 ms
20/10/29 08:53:58 INFO MemoryStore: Block broadcast_12 stored as values in memory (estimated size 45.6 KB, free 423.2 MB)
20/10/29 08:53:58 INFO CodeGenerator: Code generated in 66.0155 ms
20/10/29 08:53:58 INFO FileScanRDD: Reading File path: s3://spectral-regression-spark-bucket/spectral_data_class.csv, range: 161602326-242403489, partition values: [empty row]
20/10/29 08:53:58 INFO FileScanRDD: Reading File path: s3://spectral-regression-spark-bucket/spectral_data_class.csv, range: 0-80801163, partition values: [empty row]
20/10/29 08:53:58 INFO TorrentBroadcast: Started reading broadcast variable 11
20/10/29 08:53:58 INFO MemoryStore: Block broadcast_11_piece0 stored as bytes in memory (estimated size 36.8 KB, free 423.0 MB)
20/10/29 08:53:58 INFO TorrentBroadcast: Reading broadcast variable 11 took 9 ms
20/10/29 08:53:58 INFO MemoryStore: Block broadcast_11 stored as values in memory (estimated size 576.5 KB, free 422.4 MB)
20/10/29 08:53:58 INFO S3NativeFileSystem: Opening 's3://spectral-regression-spark-bucket/spectral_data_class.csv' for reading
20/10/29 08:53:58 INFO S3NativeFileSystem: Opening 's3://spectral-regression-spark-bucket/spectral_data_class.csv' for reading
20/10/29 08:54:09 INFO Executor: Finished task 2.0 in stage 6.0 (TID 19). 2448 bytes result sent to driver
20/10/29 08:54:09 INFO Executor: Finished task 0.0 in stage 6.0 (TID 17). 2405 bytes result sent to driver
20/10/29 08:54:11 INFO CoarseGrainedExecutorBackend: Got assigned task 21
20/10/29 08:54:11 INFO Executor: Running task 0.0 in stage 7.0 (TID 21)
20/10/29 08:54:11 INFO TorrentBroadcast: Started reading broadcast variable 13
20/10/29 08:54:11 INFO MemoryStore: Block broadcast_13_piece0 stored as bytes in memory (estimated size 38.2 KB, free 422.5 MB)
20/10/29 08:54:11 INFO TorrentBroadcast: Reading broadcast variable 13 took 8 ms
20/10/29 08:54:11 INFO MemoryStore: Block broadcast_13 stored as values in memory (estimated size 127.7 KB, free 422.4 MB)
20/10/29 08:54:11 INFO HadoopMapRedCommitProtocol: Using output committer class org.apache.hadoop.mapred.DirectFileOutputCommitter
20/10/29 08:54:12 INFO FileOutputCommitter: File Output Committer Algorithm version is 1
20/10/29 08:54:12 INFO FileOutputCommitter: FileOutputCommitter skip cleanup _temporary folders under output directory:false, ignore cleanup failures: false
20/10/29 08:54:12 INFO DirectFileOutputCommitter: Direct Write: DISABLED
20/10/29 08:54:12 INFO PythonRunner: Times: total = 525, boot = 452, init = 73, finish = 0
20/10/29 08:54:13 INFO FileOutputCommitter: Saved output of task 'attempt_20201029085410_0039_m_000000_0' to s3a://spectral-regression-spark-bucket/results_4xm4large_linear_291020-085409_star-galaxy/_temporary/0/task_20201029085410_0039_m_000000
20/10/29 08:54:13 INFO SparkHadoopMapRedUtil: attempt_20201029085410_0039_m_000000_0: Committed
20/10/29 08:54:13 INFO Executor: Finished task 0.0 in stage 7.0 (TID 21). 1766 bytes result sent to driver
20/10/29 08:54:14 INFO CoarseGrainedExecutorBackend: Driver commanded a shutdown
20/10/29 08:54:14 INFO MemoryStore: MemoryStore cleared
20/10/29 08:54:14 INFO BlockManager: BlockManager stopped
20/10/29 08:54:14 INFO ShutdownHookManager: Shutdown hook called
End of LogType:stderr

LogType:stdout
Log Upload Time:gio ott 29 08:54:16 +0000 2020
LogLength:534615
Log Contents:
2020-10-29T08:52:59.018+0000: [GC (Allocation Failure) 2020-10-29T08:52:59.018+0000: [ParNew: 16384K->2048K(18432K), 0.0034896 secs] 16384K->2383K(59392K), 0.0035690 secs] [Times: user=0.01 sys=0.00, real=0.00 secs] 
2020-10-29T08:52:59.163+0000: [GC (Allocation Failure) 2020-10-29T08:52:59.163+0000: [ParNew: 18432K->1950K(18432K), 0.0072817 secs] 18767K->3639K(59392K), 0.0073290 secs] [Times: user=0.01 sys=0.00, real=0.01 secs] 
2020-10-29T08:52:59.302+0000: [GC (Allocation Failure) 2020-10-29T08:52:59.302+0000: [ParNew: 18334K->1461K(18432K), 0.0014237 secs] 20023K->3150K(59392K), 0.0014672 secs] [Times: user=0.00 sys=0.00, real=0.00 secs] 
2020-10-29T08:52:59.456+0000: [GC (Allocation Failure) 2020-10-29T08:52:59.456+0000: [ParNew: 17845K->1960K(18432K), 0.0033470 secs] 19534K->4030K(59392K), 0.0034083 secs] [Times: user=0.01 sys=0.00, real=0.00 secs] 
2020-10-29T08:52:59.602+0000: [GC (Allocation Failure) 2020-10-29T08:52:59.602+0000: [ParNew: 18344K->1189K(18432K), 0.0042680 secs] 20414K->3802K(59392K), 0.0043169 secs] [Times: user=0.00 sys=0.00, real=0.01 secs] 
2020-10-29T08:52:59.749+0000: [GC (Allocation Failure) 2020-10-29T08:52:59.749+0000: [ParNew: 17573K->1742K(18432K), 0.0020050 secs] 20186K->4355K(59392K), 0.0020733 secs] [Times: user=0.00 sys=0.00, real=0.00 secs] 
2020-10-29T08:52:59.827+0000: [GC (Allocation Failure) 2020-10-29T08:52:59.827+0000: [ParNew: 18126K->1216K(18432K), 0.0029317 secs] 20739K->4371K(59392K), 0.0029763 secs] [Times: user=0.00 sys=0.00, real=0.00 secs] 
2020-10-29T08:52:59.893+0000: [GC (Allocation Failure) 2020-10-29T08:52:59.893+0000: [ParNew: 17600K->812K(18432K), 0.0015690 secs] 20755K->3967K(59392K), 0.0016217 secs] [Times: user=0.01 sys=0.00, real=0.00 secs] 
2020-10-29T08:52:59.948+0000: [GC (Allocation Failure) 2020-10-29T08:52:59.948+0000: [ParNew: 17196K->825K(18432K), 0.0015887 secs] 20351K->3980K(59392K), 0.0016347 secs] [Times: user=0.00 sys=0.00, real=0.00 secs] 
2020-10-29T08:53:00.043+0000: [GC (Allocation Failure) 2020-10-29T08:53:00.043+0000: [ParNew: 17209K->1331K(18432K), 0.0025618 secs] 20364K->4486K(59392K), 0.0026093 secs] [Times: user=0.00 sys=0.01, real=0.01 secs] 
2020-10-29T08:53:00.137+0000: [GC (Allocation Failure) 2020-10-29T08:53:00.137+0000: [ParNew: 17715K->878K(18432K), 0.0044966 secs] 20870K->4345K(59392K), 0.0045615 secs] [Times: user=0.01 sys=0.00, real=0.00 secs] 
2020-10-29T08:53:00.315+0000: [GC (Allocation Failure) 2020-10-29T08:53:00.315+0000: [ParNew: 17262K->1139K(18432K), 0.0024579 secs] 20729K->4605K(59392K), 0.0025033 secs] [Times: user=0.01 sys=0.00, real=0.00 secs] 
2020-10-29T08:53:00.429+0000: [GC (Allocation Failure) 2020-10-29T08:53:00.429+0000: [ParNew: 17523K->1836K(18432K), 0.0040115 secs] 20989K->5377K(59392K), 0.0040586 secs] [Times: user=0.01 sys=0.00, real=0.01 secs] 
2020-10-29T08:53:00.570+0000: [GC (Allocation Failure) 2020-10-29T08:53:00.570+0000: [ParNew: 18220K->1130K(18432K), 0.0047196 secs] 21761K->5273K(59392K), 0.0047778 secs] [Times: user=0.00 sys=0.00, real=0.01 secs] 
2020-10-29T08:53:00.666+0000: [GC (Allocation Failure) 2020-10-29T08:53:00.666+0000: [ParNew: 17514K->1136K(18432K), 0.0019125 secs] 21657K->5280K(59392K), 0.0019603 secs] [Times: user=0.01 sys=0.00, real=0.00 secs] 
2020-10-29T08:53:00.746+0000: [GC (Allocation Failure) 2020-10-29T08:53:00.746+0000: [ParNew: 17520K->1325K(18432K), 0.0018770 secs] 21664K->5468K(59392K), 0.0019232 secs] [Times: user=0.00 sys=0.00, real=0.00 secs] 
2020-10-29T08:53:00.813+0000: [GC (Allocation Failure) 2020-10-29T08:53:00.813+0000: [ParNew: 17709K->1314K(18432K), 0.0040218 secs] 21852K->5458K(59392K), 0.0040685 secs] [Times: user=0.00 sys=0.01, real=0.00 secs] 
2020-10-29T08:53:00.876+0000: [GC (Allocation Failure) 2020-10-29T08:53:00.876+0000: [ParNew: 17698K->994K(18432K), 0.0028754 secs] 21842K->5499K(59392K), 0.0029225 secs] [Times: user=0.01 sys=0.00, real=0.00 secs] 
2020-10-29T08:53:00.946+0000: [GC (Allocation Failure) 2020-10-29T08:53:00.946+0000: [ParNew: 17378K->1274K(18432K), 0.0040098 secs] 21883K->5779K(59392K), 0.0040573 secs] [Times: user=0.01 sys=0.00, real=0.00 secs] 
2020-10-29T08:53:01.041+0000: [GC (Allocation Failure) 2020-10-29T08:53:01.041+0000: [ParNew: 17658K->1476K(18432K), 0.0031378 secs] 22163K->6190K(59392K), 0.0031857 secs] [Times: user=0.00 sys=0.00, real=0.01 secs] 
2020-10-29T08:53:01.105+0000: [GC (Allocation Failure) 2020-10-29T08:53:01.105+0000: [ParNew: 17860K->1143K(18432K), 0.0031757 secs] 22574K->6319K(59392K), 0.0032225 secs] [Times: user=0.01 sys=0.00, real=0.00 secs] 
2020-10-29T08:53:01.201+0000: [GC (Allocation Failure) 2020-10-29T08:53:01.202+0000: [ParNew: 17527K->1219K(18432K), 0.0022663 secs] 39087K->22779K(59392K), 0.0023152 secs] [Times: user=0.00 sys=0.00, real=0.00 secs] 
2020-10-29T08:53:01.204+0000: [GC (CMS Initial Mark) [1 CMS-initial-mark: 21560K(40960K)] 22779K(59392K), 0.0009470 secs] [Times: user=0.00 sys=0.00, real=0.01 secs] 
2020-10-29T08:53:01.205+0000: [CMS-concurrent-mark-start]
2020-10-29T08:53:01.222+0000: [CMS-concurrent-mark: 0.016/0.016 secs] [Times: user=0.02 sys=0.01, real=0.01 secs] 
2020-10-29T08:53:01.222+0000: [CMS-concurrent-preclean-start]
2020-10-29T08:53:01.222+0000: [CMS-concurrent-preclean: 0.000/0.000 secs] [Times: user=0.00 sys=0.00, real=0.00 secs] 
2020-10-29T08:53:01.224+0000: [GC (CMS Final Remark) [YG occupancy: 3488 K (18432 K)]2020-10-29T08:53:01.224+0000: [Rescan (parallel) , 0.0009317 secs]2020-10-29T08:53:01.225+0000: [weak refs processing, 0.0000298 secs]2020-10-29T08:53:01.225+0000: [class unloading, 0.0021722 secs]2020-10-29T08:53:01.228+0000: [scrub symbol table, 0.0023044 secs]2020-10-29T08:53:01.230+0000: [scrub string table, 0.0002380 secs][1 CMS-remark: 21560K(40960K)] 25048K(59392K), 0.0057544 secs] [Times: user=0.00 sys=0.00, real=0.00 secs] 
2020-10-29T08:53:01.230+0000: [CMS-concurrent-sweep-start]
2020-10-29T08:53:01.233+0000: [CMS-concurrent-sweep: 0.002/0.002 secs] [Times: user=0.01 sys=0.00, real=0.01 secs] 
2020-10-29T08:53:01.233+0000: [CMS-concurrent-reset-start]
2020-10-29T08:53:01.261+0000: [CMS-concurrent-reset: 0.029/0.029 secs] [Times: user=0.03 sys=0.03, real=0.02 secs] 
2020-10-29T08:53:01.328+0000: [GC (Allocation Failure) 2020-10-29T08:53:01.328+0000: [ParNew: 17603K->1019K(18432K), 0.0028812 secs] 38749K->22394K(59392K), 0.0029471 secs] [Times: user=0.01 sys=0.00, real=0.00 secs] 
2020-10-29T08:53:01.422+0000: [GC (Allocation Failure) 2020-10-29T08:53:01.422+0000: [ParNew: 17403K->1557K(18432K), 0.0021206 secs] 55162K->39317K(59392K), 0.0021685 secs] [Times: user=0.01 sys=0.00, real=0.01 secs] 
2020-10-29T08:53:01.426+0000: [GC (CMS Initial Mark) [1 CMS-initial-mark: 37759K(40960K)] 39585K(59392K), 0.0007849 secs] [Times: user=0.00 sys=0.00, real=0.00 secs] 
2020-10-29T08:53:01.427+0000: [CMS-concurrent-mark-start]
2020-10-29T08:53:01.440+0000: [CMS-concurrent-mark: 0.013/0.013 secs] [Times: user=0.02 sys=0.00, real=0.01 secs] 
2020-10-29T08:53:01.440+0000: [CMS-concurrent-preclean-start]
2020-10-29T08:53:01.441+0000: [CMS-concurrent-preclean: 0.000/0.001 secs] [Times: user=0.01 sys=0.00, real=0.00 secs] 
2020-10-29T08:53:01.441+0000: [CMS-concurrent-abortable-preclean-start]
2020-10-29T08:53:01.497+0000: [GC (Allocation Failure) 2020-10-29T08:53:01.497+0000: [ParNew: 17941K->1394K(18432K), 0.0032214 secs] 55701K->39522K(59392K), 0.0033066 secs] [Times: user=0.01 sys=0.00, real=0.00 secs] 
2020-10-29T08:53:01.571+0000: [GC (Allocation Failure) 2020-10-29T08:53:01.571+0000: [ParNew: 17778K->994K(18432K), 0.0018792 secs] 55906K->39122K(59392K), 0.0019457 secs] [Times: user=0.01 sys=0.00, real=0.01 secs] 
2020-10-29T08:53:01.644+0000: [GC (Allocation Failure) 2020-10-29T08:53:01.644+0000: [ParNew: 17378K->1708K(18432K), 0.0020632 secs] 55506K->39835K(59392K), 0.0021446 secs] [Times: user=0.01 sys=0.00, real=0.01 secs] 
2020-10-29T08:53:01.710+0000: [GC (Allocation Failure) 2020-10-29T08:53:01.710+0000: [ParNew: 18092K->1219K(18432K), 0.0028809 secs] 56219K->39814K(59392K), 0.0029293 secs] [Times: user=0.00 sys=0.00, real=0.01 secs] 
2020-10-29T08:53:01.754+0000: [GC (Allocation Failure) 2020-10-29T08:53:01.754+0000: [ParNew: 17603K->918K(18432K), 0.0015972 secs] 56198K->39513K(59392K), 0.0016548 secs] [Times: user=0.01 sys=0.00, real=0.00 secs] 
2020-10-29T08:53:01.839+0000: [GC (Allocation Failure) 2020-10-29T08:53:01.839+0000: [ParNew: 17302K->1056K(18432K), 0.0044572 secs] 55897K->39651K(59392K), 0.0045010 secs] [Times: user=0.01 sys=0.00, real=0.00 secs] 
2020-10-29T08:53:01.969+0000: [CMS-concurrent-abortable-preclean: 0.085/0.528 secs] [Times: user=0.90 sys=0.04, real=0.53 secs] 
2020-10-29T08:53:01.969+0000: [GC (CMS Final Remark) [YG occupancy: 13065 K (18432 K)]2020-10-29T08:53:01.969+0000: [Rescan (parallel) , 0.0030798 secs]2020-10-29T08:53:01.972+0000: [weak refs processing, 0.0000250 secs]2020-10-29T08:53:01.972+0000: [class unloading, 0.0025878 secs]2020-10-29T08:53:01.975+0000: [scrub symbol table, 0.0032744 secs]2020-10-29T08:53:01.978+0000: [scrub string table, 0.0002842 secs][1 CMS-remark: 38595K(40960K)] 51660K(59392K), 0.0093412 secs] [Times: user=0.01 sys=0.00, real=0.01 secs] 
2020-10-29T08:53:01.979+0000: [CMS-concurrent-sweep-start]
2020-10-29T08:53:01.981+0000: [CMS-concurrent-sweep: 0.003/0.003 secs] [Times: user=0.01 sys=0.00, real=0.00 secs] 
2020-10-29T08:53:01.982+0000: [CMS-concurrent-reset-start]
2020-10-29T08:53:01.983+0000: [CMS-concurrent-reset: 0.002/0.002 secs] [Times: user=0.00 sys=0.00, real=0.00 secs] 
2020-10-29T08:53:01.993+0000: [GC (Allocation Failure) 2020-10-29T08:53:01.993+0000: [ParNew: 17440K->1704K(18432K), 0.0029205 secs] 55989K->40252K(82680K), 0.0029576 secs] [Times: user=0.01 sys=0.00, real=0.00 secs] 
2020-10-29T08:53:02.188+0000: [GC (Allocation Failure) 2020-10-29T08:53:02.188+0000: [ParNew: 18088K->1552K(18432K), 0.0064741 secs] 73020K->57745K(82680K), 0.0065253 secs] [Times: user=0.01 sys=0.00, real=0.01 secs] 
2020-10-29T08:53:02.194+0000: [GC (CMS Initial Mark) [1 CMS-initial-mark: 56193K(64248K)] 57745K(82680K), 0.0012976 secs] [Times: user=0.00 sys=0.00, real=0.00 secs] 
2020-10-29T08:53:02.196+0000: [CMS-concurrent-mark-start]
2020-10-29T08:53:02.225+0000: [CMS-concurrent-mark: 0.029/0.029 secs] [Times: user=0.06 sys=0.00, real=0.03 secs] 
2020-10-29T08:53:02.225+0000: [CMS-concurrent-preclean-start]
2020-10-29T08:53:02.225+0000: [CMS-concurrent-preclean: 0.001/0.001 secs] [Times: user=0.00 sys=0.00, real=0.00 secs] 
2020-10-29T08:53:02.226+0000: [GC (CMS Final Remark) [YG occupancy: 2983 K (18432 K)]2020-10-29T08:53:02.226+0000: [Rescan (parallel) , 0.0010272 secs]2020-10-29T08:53:02.227+0000: [weak refs processing, 0.0000323 secs]2020-10-29T08:53:02.227+0000: [class unloading, 0.0026991 secs]2020-10-29T08:53:02.229+0000: [scrub symbol table, 0.0033461 secs]2020-10-29T08:53:02.233+0000: [scrub string table, 0.0002832 secs][1 CMS-remark: 56193K(64248K)] 59176K(82680K), 0.0074721 secs] [Times: user=0.01 sys=0.00, real=0.01 secs] 
2020-10-29T08:53:02.233+0000: [CMS-concurrent-sweep-start]
2020-10-29T08:53:02.237+0000: [CMS-concurrent-sweep: 0.003/0.003 secs] [Times: user=0.01 sys=0.00, real=0.00 secs] 
2020-10-29T08:53:02.237+0000: [CMS-concurrent-reset-start]
2020-10-29T08:53:02.238+0000: [CMS-concurrent-reset: 0.002/0.002 secs] [Times: user=0.00 sys=0.00, real=0.00 secs] 
2020-10-29T08:53:02.321+0000: [GC (Allocation Failure) 2020-10-29T08:53:02.321+0000: [ParNew: 17936K->1152K(18432K), 0.0025204 secs] 74030K->57246K(111924K), 0.0025670 secs] [Times: user=0.00 sys=0.00, real=0.00 secs] 
2020-10-29T08:53:02.412+0000: [GC (Allocation Failure) 2020-10-29T08:53:02.412+0000: [ParNew: 17536K->1169K(18432K), 0.0028522 secs] 90014K->73940K(111924K), 0.0028947 secs] [Times: user=0.00 sys=0.00, real=0.01 secs] 
2020-10-29T08:53:02.415+0000: [GC (CMS Initial Mark) [1 CMS-initial-mark: 72770K(93492K)] 73940K(111924K), 0.0008402 secs] [Times: user=0.00 sys=0.00, real=0.00 secs] 
2020-10-29T08:53:02.416+0000: [CMS-concurrent-mark-start]
2020-10-29T08:53:02.432+0000: [CMS-concurrent-mark: 0.017/0.017 secs] [Times: user=0.04 sys=0.00, real=0.02 secs] 
2020-10-29T08:53:02.432+0000: [CMS-concurrent-preclean-start]
2020-10-29T08:53:02.433+0000: [CMS-concurrent-preclean: 0.001/0.001 secs] [Times: user=0.00 sys=0.00, real=0.00 secs] 
2020-10-29T08:53:02.434+0000: [GC (CMS Final Remark) [YG occupancy: 1826 K (18432 K)]2020-10-29T08:53:02.434+0000: [Rescan (parallel) , 0.0012180 secs]2020-10-29T08:53:02.435+0000: [weak refs processing, 0.0000257 secs]2020-10-29T08:53:02.435+0000: [class unloading, 0.0029320 secs]2020-10-29T08:53:02.438+0000: [scrub symbol table, 0.0035501 secs]2020-10-29T08:53:02.442+0000: [scrub string table, 0.0002935 secs][1 CMS-remark: 72770K(93492K)] 74596K(111924K), 0.0081153 secs] [Times: user=0.01 sys=0.00, real=0.00 secs] 
2020-10-29T08:53:02.447+0000: [CMS-concurrent-sweep-start]
2020-10-29T08:53:02.456+0000: [CMS-concurrent-sweep: 0.009/0.009 secs] [Times: user=0.01 sys=0.01, real=0.01 secs] 
2020-10-29T08:53:02.456+0000: [CMS-concurrent-reset-start]
2020-10-29T08:53:02.458+0000: [CMS-concurrent-reset: 0.002/0.002 secs] [Times: user=0.00 sys=0.00, real=0.00 secs] 
2020-10-29T08:53:02.554+0000: [GC (Allocation Failure) 2020-10-29T08:53:02.554+0000: [ParNew: 17553K->1422K(18432K), 0.0051512 secs] 90307K->74176K(139688K), 0.0052175 secs] [Times: user=0.00 sys=0.00, real=0.00 secs] 
2020-10-29T08:53:02.680+0000: [GC (Allocation Failure) 2020-10-29T08:53:02.680+0000: [ParNew: 17806K->1799K(18432K), 0.0040131 secs] 90560K->74831K(139688K), 0.0040939 secs] [Times: user=0.01 sys=0.00, real=0.00 secs] 
2020-10-29T08:53:02.777+0000: [GC (Allocation Failure) 2020-10-29T08:53:02.777+0000: [ParNew: 18183K->1494K(18432K), 0.0061847 secs] 91215K->74887K(139688K), 0.0062528 secs] [Times: user=0.01 sys=0.00, real=0.00 secs] 
2020-10-29T08:53:02.888+0000: [GC (Allocation Failure) 2020-10-29T08:53:02.888+0000: [ParNew: 17878K->928K(18432K), 0.0077967 secs] 91271K->75041K(139688K), 0.0078662 secs] [Times: user=0.02 sys=0.00, real=0.01 secs] 
2020-10-29T08:53:03.001+0000: [GC (Allocation Failure) 2020-10-29T08:53:03.001+0000: [ParNew: 17312K->1244K(18432K), 0.0044367 secs] 91425K->75357K(139688K), 0.0045053 secs] [Times: user=0.01 sys=0.00, real=0.01 secs] 
2020-10-29T08:53:03.189+0000: [GC (Allocation Failure) 2020-10-29T08:53:03.189+0000: [ParNew: 17628K->1815K(18432K), 0.0045658 secs] 91741K->76262K(139688K), 0.0046315 secs] [Times: user=0.01 sys=0.00, real=0.01 secs] 
2020-10-29T08:53:03.279+0000: [GC (Allocation Failure) 2020-10-29T08:53:03.279+0000: [ParNew: 18199K->1302K(18432K), 0.0046229 secs] 92646K->76670K(139688K), 0.0046737 secs] [Times: user=0.01 sys=0.00, real=0.00 secs] 
2020-10-29T08:53:03.443+0000: [GC (Allocation Failure) 2020-10-29T08:53:03.443+0000: [ParNew: 17686K->1158K(18432K), 0.0030040 secs] 93054K->76525K(139688K), 0.0030515 secs] [Times: user=0.01 sys=0.00, real=0.01 secs] 
2020-10-29T08:53:03.599+0000: [GC (Allocation Failure) 2020-10-29T08:53:03.599+0000: [ParNew: 17542K->1405K(18432K), 0.0026463 secs] 92909K->76773K(139688K), 0.0026914 secs] [Times: user=0.00 sys=0.00, real=0.00 secs] 
2020-10-29T08:53:03.646+0000: [GC (Allocation Failure) 2020-10-29T08:53:03.646+0000: [ParNew: 17789K->1317K(18432K), 0.0029369 secs] 93157K->76828K(139688K), 0.0029859 secs] [Times: user=0.00 sys=0.00, real=0.00 secs] 
2020-10-29T08:53:03.711+0000: [GC (Allocation Failure) 2020-10-29T08:53:03.712+0000: [ParNew: 17701K->1207K(18432K), 0.0024647 secs] 93212K->76717K(139688K), 0.0025320 secs] [Times: user=0.00 sys=0.00, real=0.01 secs] 
2020-10-29T08:53:03.833+0000: [GC (Allocation Failure) 2020-10-29T08:53:03.834+0000: [ParNew: 17591K->1158K(18432K), 0.0052697 secs] 93101K->76669K(139688K), 0.0053248 secs] [Times: user=0.01 sys=0.00, real=0.00 secs] 
2020-10-29T08:53:03.912+0000: [GC (Allocation Failure) 2020-10-29T08:53:03.912+0000: [ParNew: 17542K->1690K(18432K), 0.0041901 secs] 93053K->77201K(139688K), 0.0042507 secs] [Times: user=0.01 sys=0.00, real=0.01 secs] 
2020-10-29T08:53:03.982+0000: [GC (Allocation Failure) 2020-10-29T08:53:03.982+0000: [ParNew: 18074K->2047K(18432K), 0.0036424 secs] 93585K->78075K(139688K), 0.0037097 secs] [Times: user=0.01 sys=0.00, real=0.01 secs] 
2020-10-29T08:53:04.049+0000: [GC (Allocation Failure) 2020-10-29T08:53:04.049+0000: [ParNew: 18431K->1496K(18432K), 0.0037258 secs] 94459K->78095K(139688K), 0.0037755 secs] [Times: user=0.01 sys=0.00, real=0.01 secs] 
2020-10-29T08:53:04.120+0000: [GC (Allocation Failure) 2020-10-29T08:53:04.120+0000: [ParNew: 17880K->724K(18432K), 0.0031425 secs] 94479K->77323K(139688K), 0.0031928 secs] [Times: user=0.00 sys=0.00, real=0.00 secs] 
2020-10-29T08:53:04.191+0000: [GC (Allocation Failure) 2020-10-29T08:53:04.191+0000: [ParNew: 17108K->1396K(18432K), 0.0022689 secs] 93707K->77995K(139688K), 0.0023375 secs] [Times: user=0.01 sys=0.00, real=0.01 secs] 
2020-10-29T08:53:04.263+0000: [GC (Allocation Failure) 2020-10-29T08:53:04.263+0000: [ParNew: 17780K->698K(18432K), 0.0029473 secs] 94379K->78097K(139688K), 0.0030118 secs] [Times: user=0.00 sys=0.01, real=0.01 secs] 
2020-10-29T08:53:04.360+0000: [GC (Allocation Failure) 2020-10-29T08:53:04.360+0000: [ParNew: 17082K->590K(18432K), 0.0017725 secs] 94481K->77988K(139688K), 0.0018371 secs] [Times: user=0.00 sys=0.00, real=0.00 secs] 
2020-10-29T08:53:04.414+0000: [GC (Allocation Failure) 2020-10-29T08:53:04.414+0000: [ParNew: 16974K->583K(18432K), 0.0017875 secs] 94372K->77982K(139688K), 0.0018456 secs] [Times: user=0.00 sys=0.00, real=0.00 secs] 
2020-10-29T08:53:04.520+0000: [GC (Allocation Failure) 2020-10-29T08:53:04.520+0000: [ParNew: 16967K->780K(18432K), 0.0019873 secs] 94366K->78179K(139688K), 0.0020509 secs] [Times: user=0.01 sys=0.00, real=0.00 secs] 
2020-10-29T08:53:04.595+0000: [GC (Allocation Failure) 2020-10-29T08:53:04.595+0000: [ParNew: 17164K->663K(18432K), 0.0022098 secs] 94563K->78061K(139688K), 0.0022731 secs] [Times: user=0.01 sys=0.00, real=0.00 secs] 
2020-10-29T08:53:04.716+0000: [GC (Allocation Failure) 2020-10-29T08:53:04.717+0000: [ParNew: 17047K->917K(18432K), 0.0025990 secs] 94445K->78316K(139688K), 0.0026646 secs] [Times: user=0.01 sys=0.00, real=0.00 secs] 
2020-10-29T08:53:04.792+0000: [GC (Allocation Failure) 2020-10-29T08:53:04.792+0000: [ParNew: 17301K->645K(18432K), 0.0023137 secs] 94700K->78083K(139688K), 0.0023626 secs] [Times: user=0.00 sys=0.00, real=0.01 secs] 
2020-10-29T08:53:04.959+0000: [GC (Allocation Failure) 2020-10-29T08:53:04.959+0000: [ParNew: 17029K->1197K(18432K), 0.0038252 secs] 94467K->78728K(139688K), 0.0038859 secs] [Times: user=0.01 sys=0.00, real=0.00 secs] 
2020-10-29T08:53:05.033+0000: [GC (Allocation Failure) 2020-10-29T08:53:05.033+0000: [ParNew: 17581K->1830K(18432K), 0.0031994 secs] 95112K->79394K(139688K), 0.0032485 secs] [Times: user=0.01 sys=0.00, real=0.00 secs] 
2020-10-29T08:53:05.126+0000: [GC (Allocation Failure) 2020-10-29T08:53:05.126+0000: [ParNew: 18214K->1499K(18432K), 0.0113127 secs] 95778K->79307K(139688K), 0.0113632 secs] [Times: user=0.02 sys=0.00, real=0.01 secs] 
2020-10-29T08:53:05.256+0000: [GC (Allocation Failure) 2020-10-29T08:53:05.256+0000: [ParNew: 17883K->799K(18432K), 0.0044200 secs] 95691K->79135K(139688K), 0.0044709 secs] [Times: user=0.01 sys=0.00, real=0.00 secs] 
2020-10-29T08:53:05.430+0000: [GC (Allocation Failure) 2020-10-29T08:53:05.430+0000: [ParNew: 17183K->2048K(18432K), 0.0060245 secs] 95519K->81145K(139688K), 0.0060847 secs] [Times: user=0.01 sys=0.00, real=0.01 secs] 
2020-10-29T08:53:05.561+0000: [GC (Allocation Failure) 2020-10-29T08:53:05.561+0000: [ParNew: 18432K->1975K(18432K), 0.0077610 secs] 97529K->83251K(139688K), 0.0078107 secs] [Times: user=0.02 sys=0.00, real=0.01 secs] 
2020-10-29T08:53:05.838+0000: [GC (Allocation Failure) 2020-10-29T08:53:05.838+0000: [ParNew: 18359K->1181K(18432K), 0.0067099 secs] 116019K->98841K(139688K), 0.0067818 secs] [Times: user=0.01 sys=0.00, real=0.01 secs] 
2020-10-29T08:53:05.846+0000: [GC (CMS Initial Mark) [1 CMS-initial-mark: 97659K(121256K)] 98841K(139688K), 0.0026141 secs] [Times: user=0.01 sys=0.00, real=0.00 secs] 
2020-10-29T08:53:05.848+0000: [CMS-concurrent-mark-start]
2020-10-29T08:53:05.926+0000: [CMS-concurrent-mark: 0.064/0.078 secs] [Times: user=0.15 sys=0.00, real=0.08 secs] 
2020-10-29T08:53:05.926+0000: [CMS-concurrent-preclean-start]
2020-10-29T08:53:05.928+0000: [CMS-concurrent-preclean: 0.001/0.001 secs] [Times: user=0.00 sys=0.00, real=0.00 secs] 
2020-10-29T08:53:05.928+0000: [CMS-concurrent-abortable-preclean-start]
2020-10-29T08:53:05.989+0000: [GC (Allocation Failure) 2020-10-29T08:53:05.989+0000: [ParNew: 17565K->1881K(18432K), 0.0035851 secs] 115225K->99792K(139688K), 0.0036301 secs] [Times: user=0.01 sys=0.00, real=0.01 secs] 
2020-10-29T08:53:06.083+0000: [GC (Allocation Failure) 2020-10-29T08:53:06.083+0000: [ParNew: 18265K->1751K(18432K), 0.0081875 secs] 116176K->100220K(139688K), 0.0082474 secs] [Times: user=0.02 sys=0.00, real=0.01 secs] 
2020-10-29T08:53:06.155+0000: [GC (Allocation Failure) 2020-10-29T08:53:06.155+0000: [ParNew: 18135K->1284K(18432K), 0.0035549 secs] 116604K->100327K(139688K), 0.0036049 secs] [Times: user=0.01 sys=0.00, real=0.00 secs] 
2020-10-29T08:53:06.202+0000: [GC (Allocation Failure) 2020-10-29T08:53:06.202+0000: [ParNew: 17668K->553K(18432K), 0.0017629 secs] 116711K->99595K(139688K), 0.0018130 secs] [Times: user=0.00 sys=0.00, real=0.00 secs] 
2020-10-29T08:53:06.256+0000: [CMS-concurrent-abortable-preclean: 0.062/0.328 secs] [Times: user=0.48 sys=0.03, real=0.33 secs] 
2020-10-29T08:53:06.256+0000: [GC (CMS Final Remark) [YG occupancy: 15226 K (18432 K)]2020-10-29T08:53:06.256+0000: [Rescan (parallel) , 0.0028702 secs]2020-10-29T08:53:06.259+0000: [weak refs processing, 0.0000355 secs]2020-10-29T08:53:06.259+0000: [class unloading, 0.0053699 secs]2020-10-29T08:53:06.264+0000: [scrub symbol table, 0.0062989 secs]2020-10-29T08:53:06.271+0000: [scrub string table, 0.0004182 secs][1 CMS-remark: 99042K(121256K)] 114269K(139688K), 0.0150894 secs] [Times: user=0.02 sys=0.00, real=0.01 secs] 
2020-10-29T08:53:06.271+0000: [CMS-concurrent-sweep-start]
2020-10-29T08:53:06.285+0000: [CMS-concurrent-sweep: 0.014/0.014 secs] [Times: user=0.03 sys=0.00, real=0.02 secs] 
2020-10-29T08:53:06.285+0000: [GC (Allocation Failure) 2020-10-29T08:53:06.285+0000: [ParNew: 16937K->775K(18432K), 0.0019513 secs] 114784K->98622K(139688K), 0.0019976 secs] [Times: user=0.00 sys=0.00, real=0.00 secs] 
2020-10-29T08:53:06.289+0000: [CMS-concurrent-reset-start]
2020-10-29T08:53:06.291+0000: [CMS-concurrent-reset: 0.002/0.002 secs] [Times: user=0.00 sys=0.00, real=0.00 secs] 
2020-10-29T08:53:06.353+0000: [GC (Allocation Failure) 2020-10-29T08:53:06.353+0000: [ParNew: 17159K->872K(18432K), 0.0024820 secs] 115006K->98720K(181512K), 0.0025506 secs] [Times: user=0.01 sys=0.00, real=0.00 secs] 
2020-10-29T08:53:06.418+0000: [GC (Allocation Failure) 2020-10-29T08:53:06.418+0000: [ParNew: 17256K->1550K(18432K), 0.0027743 secs] 115104K->99397K(181512K), 0.0028252 secs] [Times: user=0.01 sys=0.00, real=0.00 secs] 
2020-10-29T08:53:06.491+0000: [GC (Allocation Failure) 2020-10-29T08:53:06.491+0000: [ParNew: 17934K->1136K(18432K), 0.0038555 secs] 115781K->99496K(181512K), 0.0039177 secs] [Times: user=0.01 sys=0.00, real=0.01 secs] 
2020-10-29T08:53:06.593+0000: [GC (Allocation Failure) 2020-10-29T08:53:06.593+0000: [ParNew: 17520K->1239K(18432K), 0.0029418 secs] 115880K->99599K(181512K), 0.0030101 secs] [Times: user=0.00 sys=0.00, real=0.00 secs] 
2020-10-29T08:53:06.714+0000: [GC (Allocation Failure) 2020-10-29T08:53:06.714+0000: [ParNew: 17623K->1608K(18432K), 0.0035238 secs] 115983K->100142K(181512K), 0.0035926 secs] [Times: user=0.01 sys=0.00, real=0.00 secs] 
2020-10-29T08:53:06.831+0000: [GC (Allocation Failure) 2020-10-29T08:53:06.831+0000: [ParNew: 17992K->1461K(18432K), 0.0035734 secs] 116526K->100297K(181512K), 0.0036424 secs] [Times: user=0.01 sys=0.00, real=0.01 secs] 
2020-10-29T08:53:06.918+0000: [GC (Allocation Failure) 2020-10-29T08:53:06.918+0000: [ParNew: 17845K->1262K(18432K), 0.0026998 secs] 116681K->100235K(181512K), 0.0027601 secs] [Times: user=0.01 sys=0.00, real=0.00 secs] 
2020-10-29T08:53:06.981+0000: [GC (Allocation Failure) 2020-10-29T08:53:06.981+0000: [ParNew: 17646K->1285K(18432K), 0.0026962 secs] 116619K->100348K(181512K), 0.0027456 secs] [Times: user=0.01 sys=0.00, real=0.00 secs] 
2020-10-29T08:53:07.068+0000: [GC (Allocation Failure) 2020-10-29T08:53:07.068+0000: [ParNew: 17669K->945K(18432K), 0.0029784 secs] 116732K->100100K(181512K), 0.0030397 secs] [Times: user=0.01 sys=0.00, real=0.00 secs] 
2020-10-29T08:53:07.288+0000: [GC (Allocation Failure) 2020-10-29T08:53:07.288+0000: [ParNew: 17329K->2048K(18432K), 0.0052958 secs] 116484K->101537K(181512K), 0.0053478 secs] [Times: user=0.01 sys=0.00, real=0.01 secs] 
2020-10-29T08:53:07.452+0000: [GC (Allocation Failure) 2020-10-29T08:53:07.452+0000: [ParNew: 18432K->2047K(18432K), 0.0105391 secs] 117921K->103526K(181512K), 0.0105935 secs] [Times: user=0.02 sys=0.01, real=0.01 secs] 
2020-10-29T08:53:07.535+0000: [GC (Allocation Failure) 2020-10-29T08:53:07.535+0000: [ParNew: 18431K->1813K(18432K), 0.0088204 secs] 119910K->104571K(181512K), 0.0088725 secs] [Times: user=0.01 sys=0.00, real=0.00 secs] 
2020-10-29T08:53:07.622+0000: [GC (Allocation Failure) 2020-10-29T08:53:07.622+0000: [ParNew: 18197K->931K(18432K), 0.0021834 secs] 120955K->103689K(181512K), 0.0022342 secs] [Times: user=0.00 sys=0.00, real=0.00 secs] 
2020-10-29T08:53:07.699+0000: [GC (Allocation Failure) 2020-10-29T08:53:07.699+0000: [ParNew: 17315K->892K(18432K), 0.0024196 secs] 120073K->103650K(181512K), 0.0024799 secs] [Times: user=0.01 sys=0.00, real=0.00 secs] 
2020-10-29T08:53:07.769+0000: [GC (Allocation Failure) 2020-10-29T08:53:07.769+0000: [ParNew: 17275K->1265K(18432K), 0.0033278 secs] 120033K->104024K(181512K), 0.0033933 secs] [Times: user=0.00 sys=0.00, real=0.00 secs] 
2020-10-29T08:53:07.854+0000: [GC (Allocation Failure) 2020-10-29T08:53:07.854+0000: [ParNew: 17649K->1146K(18432K), 0.0032032 secs] 120408K->104225K(181512K), 0.0032540 secs] [Times: user=0.01 sys=0.00, real=0.00 secs] 
2020-10-29T08:53:07.924+0000: [GC (Allocation Failure) 2020-10-29T08:53:07.924+0000: [ParNew: 17530K->753K(18432K), 0.0024531 secs] 120609K->103833K(181512K), 0.0025045 secs] [Times: user=0.00 sys=0.00, real=0.01 secs] 
2020-10-29T08:53:07.985+0000: [GC (Allocation Failure) 2020-10-29T08:53:07.985+0000: [ParNew: 17137K->850K(18432K), 0.0025234 secs] 120217K->103929K(181512K), 0.0025753 secs] [Times: user=0.01 sys=0.00, real=0.00 secs] 
2020-10-29T08:53:08.070+0000: [GC (Allocation Failure) 2020-10-29T08:53:08.070+0000: [ParNew: 17234K->1353K(18432K), 0.0059534 secs] 120313K->104432K(181512K), 0.0060041 secs] [Times: user=0.02 sys=0.00, real=0.01 secs] 
2020-10-29T08:53:08.317+0000: [GC (Allocation Failure) 2020-10-29T08:53:08.317+0000: [ParNew: 17737K->2047K(18432K), 0.0051242 secs] 120816K->105378K(181512K), 0.0051722 secs] [Times: user=0.00 sys=0.00, real=0.00 secs] 
2020-10-29T08:53:08.438+0000: [GC (Allocation Failure) 2020-10-29T08:53:08.438+0000: [ParNew: 18431K->1451K(18432K), 0.0081765 secs] 121762K->106227K(181512K), 0.0082237 secs] [Times: user=0.01 sys=0.00, real=0.01 secs] 
2020-10-29T08:53:08.642+0000: [GC (Allocation Failure) 2020-10-29T08:53:08.642+0000: [ParNew: 17835K->1145K(18432K), 0.0026401 secs] 122611K->105920K(181512K), 0.0026992 secs] [Times: user=0.00 sys=0.00, real=0.01 secs] 
2020-10-29T08:53:08.899+0000: [GC (Allocation Failure) 2020-10-29T08:53:08.899+0000: [ParNew: 17529K->567K(18432K), 0.0076043 secs] 122304K->113535K(181512K), 0.0076580 secs] [Times: user=0.01 sys=0.00, real=0.01 secs] 
2020-10-29T08:53:09.079+0000: [GC (Allocation Failure) 2020-10-29T08:53:09.079+0000: [ParNew: 16951K->700K(18432K), 0.0029871 secs] 129919K->113668K(181512K), 0.0030405 secs] [Times: user=0.00 sys=0.00, real=0.00 secs] 
2020-10-29T08:53:09.207+0000: [GC (Allocation Failure) 2020-10-29T08:53:09.207+0000: [ParNew: 17084K->856K(18432K), 0.0022803 secs] 130052K->113824K(181512K), 0.0023503 secs] [Times: user=0.00 sys=0.00, real=0.00 secs] 
2020-10-29T08:53:09.313+0000: [GC (Allocation Failure) 2020-10-29T08:53:09.313+0000: [ParNew: 17240K->863K(18432K), 0.0023381 secs] 130208K->113831K(181512K), 0.0023911 secs] [Times: user=0.01 sys=0.00, real=0.00 secs] 
2020-10-29T08:53:09.395+0000: [GC (Allocation Failure) 2020-10-29T08:53:09.395+0000: [ParNew: 17247K->1061K(18432K), 0.0026224 secs] 130215K->114160K(181512K), 0.0026952 secs] [Times: user=0.01 sys=0.00, real=0.00 secs] 
2020-10-29T08:53:09.467+0000: [GC (Allocation Failure) 2020-10-29T08:53:09.467+0000: [ParNew: 17445K->717K(18432K), 0.0024069 secs] 130544K->114106K(181512K), 0.0024789 secs] [Times: user=0.00 sys=0.00, real=0.00 secs] 
2020-10-29T08:53:09.530+0000: [GC (Allocation Failure) 2020-10-29T08:53:09.530+0000: [ParNew: 17101K->1078K(18432K), 0.0017512 secs] 130490K->114475K(181512K), 0.0018212 secs] [Times: user=0.01 sys=0.00, real=0.00 secs] 
2020-10-29T08:53:09.602+0000: [GC (Allocation Failure) 2020-10-29T08:53:09.602+0000: [ParNew: 17462K->15K(18432K), 0.0018520 secs] 130859K->113932K(181512K), 0.0019227 secs] [Times: user=0.00 sys=0.00, real=0.00 secs] 
2020-10-29T08:53:09.655+0000: [GC (Allocation Failure) 2020-10-29T08:53:09.655+0000: [ParNew: 16399K->1031K(18432K), 0.0016693 secs] 130316K->114948K(181512K), 0.0017224 secs] [Times: user=0.00 sys=0.00, real=0.00 secs] 
2020-10-29T08:53:09.709+0000: [GC (Allocation Failure) 2020-10-29T08:53:09.709+0000: [ParNew: 17415K->5K(18432K), 0.0077670 secs] 131332K->114950K(181512K), 0.0078259 secs] [Times: user=0.01 sys=0.00, real=0.01 secs] 
2020-10-29T08:53:09.721+0000: [GC (CMS Initial Mark) [1 CMS-initial-mark: 114945K(163080K)] 116260K(181512K), 0.0020030 secs] [Times: user=0.00 sys=0.00, real=0.00 secs] 
2020-10-29T08:53:09.723+0000: [CMS-concurrent-mark-start]
2020-10-29T08:53:09.793+0000: [CMS-concurrent-mark: 0.070/0.070 secs] [Times: user=0.16 sys=0.00, real=0.09 secs] 
2020-10-29T08:53:09.805+0000: [GC (Allocation Failure) 2020-10-29T08:53:09.805+0000: [ParNew: 16389K->10K(18432K), 0.0014614 secs] 131334K->114955K(181512K), 0.0015107 secs] [Times: user=0.00 sys=0.00, real=0.00 secs] 
2020-10-29T08:53:09.808+0000: [CMS-concurrent-preclean-start]
2020-10-29T08:53:09.809+0000: [CMS-concurrent-preclean: 0.001/0.001 secs] [Times: user=0.01 sys=0.00, real=0.00 secs] 
2020-10-29T08:53:09.809+0000: [GC (CMS Final Remark) [YG occupancy: 1648 K (18432 K)]2020-10-29T08:53:09.809+0000: [Rescan (parallel) , 0.0016105 secs]2020-10-29T08:53:09.811+0000: [weak refs processing, 0.0000897 secs]2020-10-29T08:53:09.811+0000: [class unloading, 0.0075588 secs]2020-10-29T08:53:09.819+0000: [scrub symbol table, 0.0089924 secs]2020-10-29T08:53:09.828+0000: [scrub string table, 0.0005481 secs][1 CMS-remark: 114945K(163080K)] 116593K(181512K), 0.0189660 secs] [Times: user=0.02 sys=0.00, real=0.02 secs] 
2020-10-29T08:53:09.829+0000: [CMS-concurrent-sweep-start]
2020-10-29T08:53:09.846+0000: [CMS-concurrent-sweep: 0.017/0.017 secs] [Times: user=0.03 sys=0.00, real=0.02 secs] 
2020-10-29T08:53:09.846+0000: [CMS-concurrent-reset-start]
2020-10-29T08:53:09.848+0000: [CMS-concurrent-reset: 0.002/0.002 secs] [Times: user=0.00 sys=0.00, real=0.00 secs] 
2020-10-29T08:53:09.870+0000: [GC (Allocation Failure) 2020-10-29T08:53:09.870+0000: [ParNew: 16394K->11K(18432K), 0.0032427 secs] 129650K->113267K(207192K), 0.0032958 secs] [Times: user=0.00 sys=0.00, real=0.01 secs] 
2020-10-29T08:53:09.912+0000: [GC (Allocation Failure) 2020-10-29T08:53:09.912+0000: [ParNew: 16395K->13K(18432K), 0.0015772 secs] 129651K->113269K(207192K), 0.0016303 secs] [Times: user=0.00 sys=0.00, real=0.01 secs] 
2020-10-29T08:53:09.945+0000: [GC (Allocation Failure) 2020-10-29T08:53:09.945+0000: [ParNew: 16397K->10K(18432K), 0.0015506 secs] 129653K->113266K(207192K), 0.0016015 secs] [Times: user=0.00 sys=0.00, real=0.00 secs] 
2020-10-29T08:53:09.973+0000: [GC (Allocation Failure) 2020-10-29T08:53:09.973+0000: [ParNew: 16394K->12K(18432K), 0.0015741 secs] 129650K->113268K(207192K), 0.0016235 secs] [Times: user=0.00 sys=0.00, real=0.00 secs] 
2020-10-29T08:53:09.995+0000: [GC (Allocation Failure) 2020-10-29T08:53:09.995+0000: [ParNew: 16396K->11K(18432K), 0.0026264 secs] 129652K->115315K(207192K), 0.0026753 secs] [Times: user=0.00 sys=0.00, real=0.00 secs] 
2020-10-29T08:53:10.018+0000: [GC (Allocation Failure) 2020-10-29T08:53:10.018+0000: [ParNew: 16395K->7K(18432K), 0.0015226 secs] 131699K->115317K(207192K), 0.0015717 secs] [Times: user=0.01 sys=0.00, real=0.00 secs] 
2020-10-29T08:53:10.040+0000: [GC (Allocation Failure) 2020-10-29T08:53:10.040+0000: [ParNew: 16391K->4K(18432K), 0.0015149 secs] 131701K->115314K(207192K), 0.0015736 secs] [Times: user=0.00 sys=0.00, real=0.00 secs] 
2020-10-29T08:53:10.061+0000: [GC (Allocation Failure) 2020-10-29T08:53:10.061+0000: [ParNew: 16388K->6K(18432K), 0.0015185 secs] 131698K->115316K(207192K), 0.0015672 secs] [Times: user=0.00 sys=0.00, real=0.00 secs] 
2020-10-29T08:53:10.089+0000: [GC (Allocation Failure) 2020-10-29T08:53:10.089+0000: [ParNew: 16390K->6K(18432K), 0.0015585 secs] 131700K->115316K(207192K), 0.0016072 secs] [Times: user=0.01 sys=0.00, real=0.00 secs] 
2020-10-29T08:53:10.126+0000: [GC (Allocation Failure) 2020-10-29T08:53:10.126+0000: [ParNew: 16390K->4K(18432K), 0.0020216 secs] 131700K->115314K(207192K), 0.0020741 secs] [Times: user=0.00 sys=0.00, real=0.00 secs] 
2020-10-29T08:53:10.165+0000: [GC (Allocation Failure) 2020-10-29T08:53:10.165+0000: [ParNew: 16388K->4K(18432K), 0.0015749 secs] 131698K->115316K(207192K), 0.0016443 secs] [Times: user=0.00 sys=0.00, real=0.00 secs] 
2020-10-29T08:53:10.199+0000: [GC (Allocation Failure) 2020-10-29T08:53:10.199+0000: [ParNew: 16388K->4K(18432K), 0.0015879 secs] 131700K->115316K(207192K), 0.0016410 secs] [Times: user=0.00 sys=0.00, real=0.00 secs] 
2020-10-29T08:53:10.211+0000: [GC (Allocation Failure) 2020-10-29T08:53:10.211+0000: [ParNew: 16388K->4K(18432K), 0.0072092 secs] 131700K->123508K(207192K), 0.0072627 secs] [Times: user=0.01 sys=0.01, real=0.01 secs] 
2020-10-29T08:53:10.238+0000: [GC (Allocation Failure) 2020-10-29T08:53:10.238+0000: [ParNew: 16388K->4K(18432K), 0.0015924 secs] 139892K->123508K(207192K), 0.0016440 secs] [Times: user=0.00 sys=0.00, real=0.00 secs] 
2020-10-29T08:53:10.268+0000: [GC (Allocation Failure) 2020-10-29T08:53:10.268+0000: [ParNew: 16388K->4K(18432K), 0.0016228 secs] 139892K->123508K(207192K), 0.0016770 secs] [Times: user=0.00 sys=0.00, real=0.00 secs] 
2020-10-29T08:53:10.288+0000: [GC (Allocation Failure) 2020-10-29T08:53:10.288+0000: [ParNew: 16388K->4K(18432K), 0.0015968 secs] 139892K->123508K(207192K), 0.0016490 secs] [Times: user=0.00 sys=0.00, real=0.00 secs] 
2020-10-29T08:53:10.307+0000: [GC (Allocation Failure) 2020-10-29T08:53:10.307+0000: [ParNew: 14421K->4K(18432K), 0.0021315 secs] 137925K->123508K(207192K), 0.0021810 secs] [Times: user=0.00 sys=0.00, real=0.00 secs] 
2020-10-29T08:53:10.324+0000: [GC (Allocation Failure) 2020-10-29T08:53:10.324+0000: [ParNew: 16388K->4K(18432K), 0.0037899 secs] 139892K->127604K(207192K), 0.0038392 secs] [Times: user=0.01 sys=0.00, real=0.01 secs] 
2020-10-29T08:53:10.349+0000: [GC (Allocation Failure) 2020-10-29T08:53:10.350+0000: [ParNew: 16388K->4K(18432K), 0.0015788 secs] 143988K->127604K(207192K), 0.0016307 secs] [Times: user=0.00 sys=0.00, real=0.00 secs] 
2020-10-29T08:53:10.369+0000: [GC (Allocation Failure) 2020-10-29T08:53:10.369+0000: [ParNew: 16388K->4K(18432K), 0.0015372 secs] 143988K->127604K(207192K), 0.0015906 secs] [Times: user=0.01 sys=0.00, real=0.00 secs] 
2020-10-29T08:53:10.389+0000: [GC (Allocation Failure) 2020-10-29T08:53:10.389+0000: [ParNew: 16388K->4K(18432K), 0.0015284 secs] 143988K->127604K(207192K), 0.0015911 secs] [Times: user=0.01 sys=0.00, real=0.00 secs] 
2020-10-29T08:53:10.408+0000: [GC (Allocation Failure) 2020-10-29T08:53:10.408+0000: [ParNew: 16388K->4K(18432K), 0.0015243 secs] 143988K->127604K(207192K), 0.0015647 secs] [Times: user=0.01 sys=0.00, real=0.00 secs] 
2020-10-29T08:53:10.434+0000: [GC (Allocation Failure) 2020-10-29T08:53:10.434+0000: [ParNew: 16388K->4K(18432K), 0.0015472 secs] 143988K->127604K(207192K), 0.0016000 secs] [Times: user=0.00 sys=0.00, real=0.00 secs] 
2020-10-29T08:53:10.453+0000: [GC (Allocation Failure) 2020-10-29T08:53:10.453+0000: [ParNew: 16388K->4K(18432K), 0.0015141 secs] 143988K->127604K(207192K), 0.0015637 secs] [Times: user=0.00 sys=0.00, real=0.00 secs] 
2020-10-29T08:53:10.474+0000: [GC (Allocation Failure) 2020-10-29T08:53:10.474+0000: [ParNew: 16388K->6K(18432K), 0.0015082 secs] 143988K->127606K(207192K), 0.0015561 secs] [Times: user=0.01 sys=0.00, real=0.00 secs] 
2020-10-29T08:53:10.495+0000: [GC (Allocation Failure) 2020-10-29T08:53:10.495+0000: [ParNew: 16390K->8K(18432K), 0.0015468 secs] 143990K->127608K(207192K), 0.0015993 secs] [Times: user=0.00 sys=0.00, real=0.00 secs] 
2020-10-29T08:53:10.514+0000: [GC (Allocation Failure) 2020-10-29T08:53:10.514+0000: [ParNew: 16392K->9K(18432K), 0.0015571 secs] 143992K->127609K(207192K), 0.0016079 secs] [Times: user=0.00 sys=0.00, real=0.00 secs] 
2020-10-29T08:53:10.534+0000: [GC (Allocation Failure) 2020-10-29T08:53:10.534+0000: [ParNew: 16393K->8K(18432K), 0.0015339 secs] 143993K->127608K(207192K), 0.0015803 secs] [Times: user=0.01 sys=0.00, real=0.00 secs] 
2020-10-29T08:53:10.554+0000: [GC (Allocation Failure) 2020-10-29T08:53:10.554+0000: [ParNew: 16392K->9K(18432K), 0.0015394 secs] 143992K->127610K(207192K), 0.0015864 secs] [Times: user=0.01 sys=0.00, real=0.00 secs] 
2020-10-29T08:53:10.575+0000: [GC (Allocation Failure) 2020-10-29T08:53:10.575+0000: [ParNew: 16393K->8K(18432K), 0.0015456 secs] 143994K->127608K(207192K), 0.0015951 secs] [Times: user=0.00 sys=0.00, real=0.00 secs] 
2020-10-29T08:53:10.594+0000: [GC (Allocation Failure) 2020-10-29T08:53:10.594+0000: [ParNew: 16392K->5K(18432K), 0.0015101 secs] 143992K->127610K(207192K), 0.0015581 secs] [Times: user=0.00 sys=0.00, real=0.00 secs] 
2020-10-29T08:53:10.614+0000: [GC (Allocation Failure) 2020-10-29T08:53:10.614+0000: [ParNew: 16389K->4K(18432K), 0.0014889 secs] 143994K->127608K(207192K), 0.0015367 secs] [Times: user=0.00 sys=0.00, real=0.00 secs] 
2020-10-29T08:53:10.628+0000: [GC (Allocation Failure) 2020-10-29T08:53:10.628+0000: [ParNew: 10161K->4K(18432K), 0.0014683 secs] 137766K->127608K(207192K), 0.0015120 secs] [Times: user=0.00 sys=0.00, real=0.00 secs] 
2020-10-29T08:53:10.639+0000: [GC (Allocation Failure) 2020-10-29T08:53:10.639+0000: [ParNew: 16388K->4K(18432K), 0.0070788 secs] 143992K->135801K(207192K), 0.0071315 secs] [Times: user=0.02 sys=0.00, real=0.01 secs] 
2020-10-29T08:53:10.647+0000: [GC (CMS Initial Mark) [1 CMS-initial-mark: 135797K(188760K)] 136126K(207192K), 0.0013860 secs] [Times: user=0.00 sys=0.00, real=0.00 secs] 
2020-10-29T08:53:10.652+0000: [CMS-concurrent-mark-start]
2020-10-29T08:53:10.676+0000: [GC (Allocation Failure) 2020-10-29T08:53:10.676+0000: [ParNew: 16388K->4K(18432K), 0.0014680 secs] 152185K->135801K(207192K), 0.0015216 secs] [Times: user=0.00 sys=0.00, real=0.00 secs] 
2020-10-29T08:53:10.703+0000: [CMS-concurrent-mark: 0.049/0.051 secs] [Times: user=0.10 sys=0.00, real=0.04 secs] 
2020-10-29T08:53:10.703+0000: [CMS-concurrent-preclean-start]
2020-10-29T08:53:10.705+0000: [CMS-concurrent-preclean: 0.001/0.002 secs] [Times: user=0.00 sys=0.00, real=0.01 secs] 
2020-10-29T08:53:10.705+0000: [CMS-concurrent-abortable-preclean-start]
2020-10-29T08:53:10.707+0000: [GC (Allocation Failure) 2020-10-29T08:53:10.707+0000: [ParNew: 16388K->4K(18432K), 0.0011810 secs] 152185K->135801K(207192K), 0.0012177 secs] [Times: user=0.01 sys=0.00, real=0.00 secs] 
2020-10-29T08:53:10.730+0000: [GC (Allocation Failure) 2020-10-29T08:53:10.730+0000: [ParNew: 16388K->4K(18432K), 0.0015423 secs] 152185K->135801K(207192K), 0.0015943 secs] [Times: user=0.01 sys=0.00, real=0.00 secs] 
2020-10-29T08:53:10.753+0000: [GC (Allocation Failure) 2020-10-29T08:53:10.753+0000: [ParNew: 16388K->4K(18432K), 0.0016162 secs] 152185K->135801K(207192K), 0.0016694 secs] [Times: user=0.00 sys=0.00, real=0.00 secs] 
2020-10-29T08:53:10.775+0000: [GC (Allocation Failure) 2020-10-29T08:53:10.775+0000: [ParNew: 16388K->4K(18432K), 0.0015336 secs] 152185K->135801K(207192K), 0.0015850 secs] [Times: user=0.01 sys=0.00, real=0.00 secs] 
2020-10-29T08:53:10.795+0000: [GC (Allocation Failure) 2020-10-29T08:53:10.795+0000: [ParNew: 16388K->4K(18432K), 0.0015443 secs] 152185K->135802K(207192K), 0.0015955 secs] [Times: user=0.01 sys=0.00, real=0.00 secs] 
2020-10-29T08:53:10.815+0000: [GC (Allocation Failure) 2020-10-29T08:53:10.815+0000: [ParNew: 16388K->4K(18432K), 0.0015182 secs] 152186K->135802K(207192K), 0.0015694 secs] [Times: user=0.00 sys=0.00, real=0.00 secs] 
2020-10-29T08:53:10.828+0000: [GC (Allocation Failure) 2020-10-29T08:53:10.828+0000: [ParNew: 16388K->4K(18432K), 0.0070888 secs] 152186K->143994K(207192K), 0.0071403 secs] [Times: user=0.02 sys=0.00, real=0.01 secs] 
2020-10-29T08:53:10.853+0000: [GC (Allocation Failure) 2020-10-29T08:53:10.853+0000: [ParNew: 16388K->4K(18432K), 0.0015336 secs] 160378K->143994K(207192K), 0.0015827 secs] [Times: user=0.00 sys=0.00, real=0.00 secs] 
2020-10-29T08:53:10.874+0000: [GC (Allocation Failure) 2020-10-29T08:53:10.874+0000: [ParNew: 16388K->4K(18432K), 0.0013429 secs] 160378K->143994K(207192K), 0.0013908 secs] [Times: user=0.00 sys=0.00, real=0.00 secs] 
2020-10-29T08:53:10.900+0000: [GC (Allocation Failure) 2020-10-29T08:53:10.900+0000: [ParNew: 16388K->4K(18432K), 0.0015006 secs] 160378K->143994K(207192K), 0.0015679 secs] [Times: user=0.01 sys=0.00, real=0.00 secs] 
2020-10-29T08:53:10.919+0000: [GC (Allocation Failure) 2020-10-29T08:53:10.919+0000: [ParNew: 16388K->4K(18432K), 0.0013510 secs] 160378K->143994K(207192K), 0.0014020 secs] [Times: user=0.01 sys=0.00, real=0.00 secs] 
2020-10-29T08:53:10.939+0000: [GC (Allocation Failure) 2020-10-29T08:53:10.939+0000: [ParNew: 16388K->4K(18432K), 0.0014311 secs] 160378K->143994K(207192K), 0.0014973 secs] [Times: user=0.00 sys=0.00, real=0.00 secs] 
2020-10-29T08:53:10.964+0000: [GC (Allocation Failure) 2020-10-29T08:53:10.964+0000: [ParNew: 16388K->4K(18432K), 0.0013685 secs] 160378K->143994K(207192K), 0.0014152 secs] [Times: user=0.01 sys=0.00, real=0.01 secs] 
2020-10-29T08:53:10.983+0000: [GC (Allocation Failure) 2020-10-29T08:53:10.984+0000: [ParNew: 16388K->4K(18432K), 0.0015902 secs] 160378K->143994K(207192K), 0.0016440 secs] [Times: user=0.00 sys=0.00, real=0.01 secs] 
2020-10-29T08:53:11.003+0000: [GC (Allocation Failure) 2020-10-29T08:53:11.003+0000: [ParNew: 16388K->4K(18432K), 0.0014469 secs] 160378K->143994K(207192K), 0.0014953 secs] [Times: user=0.00 sys=0.00, real=0.01 secs] 
2020-10-29T08:53:11.023+0000: [GC (Allocation Failure) 2020-10-29T08:53:11.023+0000: [ParNew: 16388K->4K(18432K), 0.0013203 secs] 160378K->143994K(207192K), 0.0013658 secs] [Times: user=0.00 sys=0.00, real=0.00 secs] 
2020-10-29T08:53:11.042+0000: [GC (Allocation Failure) 2020-10-29T08:53:11.042+0000: [ParNew: 16388K->4K(18432K), 0.0013540 secs] 160378K->143994K(207192K), 0.0014029 secs] [Times: user=0.00 sys=0.00, real=0.00 secs] 
2020-10-29T08:53:11.063+0000: [GC (Allocation Failure) 2020-10-29T08:53:11.063+0000: [ParNew: 16388K->4K(18432K), 0.0014113 secs] 160378K->143994K(207192K), 0.0014593 secs] [Times: user=0.01 sys=0.00, real=0.00 secs] 
2020-10-29T08:53:11.074+0000: [GC (Allocation Failure) 2020-10-29T08:53:11.074+0000: [ParNew: 16388K->4K(18432K), 0.0068618 secs] 160378K->152186K(207192K), 0.0069072 secs] [Times: user=0.01 sys=0.00, real=0.00 secs] 
2020-10-29T08:53:11.105+0000: [GC (Allocation Failure) 2020-10-29T08:53:11.105+0000: [ParNew: 16388K->4K(18432K), 0.0014241 secs] 168570K->152186K(207192K), 0.0014734 secs] [Times: user=0.01 sys=0.00, real=0.00 secs] 
2020-10-29T08:53:11.127+0000: [GC (Allocation Failure) 2020-10-29T08:53:11.127+0000: [ParNew: 16388K->4K(18432K), 0.0014715 secs] 168570K->152186K(207192K), 0.0015222 secs] [Times: user=0.00 sys=0.00, real=0.00 secs] 
2020-10-29T08:53:11.152+0000: [GC (Allocation Failure) 2020-10-29T08:53:11.152+0000: [ParNew: 16388K->4K(18432K), 0.0014893 secs] 168570K->152186K(207192K), 0.0015405 secs] [Times: user=0.00 sys=0.00, real=0.01 secs] 
2020-10-29T08:53:11.172+0000: [GC (Allocation Failure) 2020-10-29T08:53:11.172+0000: [ParNew: 16388K->4K(18432K), 0.0012885 secs] 168570K->152186K(207192K), 0.0013353 secs] [Times: user=0.01 sys=0.00, real=0.01 secs] 
2020-10-29T08:53:11.192+0000: [GC (Allocation Failure) 2020-10-29T08:53:11.192+0000: [ParNew: 16388K->4K(18432K), 0.0012634 secs] 168570K->152186K(207192K), 0.0013070 secs] [Times: user=0.01 sys=0.00, real=0.01 secs] 
2020-10-29T08:53:11.214+0000: [GC (Allocation Failure) 2020-10-29T08:53:11.214+0000: [ParNew: 16388K->4K(18432K), 0.0012457 secs] 168570K->152186K(207192K), 0.0012924 secs] [Times: user=0.00 sys=0.00, real=0.00 secs] 
2020-10-29T08:53:11.243+0000: [GC (Allocation Failure) 2020-10-29T08:53:11.243+0000: [ParNew: 16388K->10K(18432K), 0.0014990 secs] 168570K->152192K(207192K), 0.0015503 secs] [Times: user=0.01 sys=0.00, real=0.01 secs] 
2020-10-29T08:53:11.275+0000: [GC (Allocation Failure) 2020-10-29T08:53:11.275+0000: [ParNew: 16394K->10K(18432K), 0.0015044 secs] 168576K->152193K(207192K), 0.0015720 secs] [Times: user=0.01 sys=0.00, real=0.00 secs] 
2020-10-29T08:53:11.304+0000: [GC (Allocation Failure) 2020-10-29T08:53:11.304+0000: [ParNew: 16394K->13K(18432K), 0.0013950 secs] 168577K->152195K(207192K), 0.0014435 secs] [Times: user=0.00 sys=0.01, real=0.01 secs] 
2020-10-29T08:53:11.324+0000: [GC (Allocation Failure) 2020-10-29T08:53:11.324+0000: [ParNew: 16397K->10K(18432K), 0.0015138 secs] 168579K->152193K(207192K), 0.0015630 secs] [Times: user=0.01 sys=0.00, real=0.01 secs] 
2020-10-29T08:53:11.344+0000: [GC (Allocation Failure) 2020-10-29T08:53:11.344+0000: [ParNew: 16394K->12K(18432K), 0.0014364 secs] 168577K->152195K(207192K), 0.0014858 secs] [Times: user=0.01 sys=0.00, real=0.01 secs] 
2020-10-29T08:53:11.363+0000: [GC (Allocation Failure) 2020-10-29T08:53:11.363+0000: [ParNew: 16396K->10K(18432K), 0.0013480 secs] 168579K->152193K(207192K), 0.0013945 secs] [Times: user=0.00 sys=0.00, real=0.01 secs] 
2020-10-29T08:53:11.383+0000: [GC (Allocation Failure) 2020-10-29T08:53:11.383+0000: [ParNew: 16394K->6K(18432K), 0.0013640 secs] 168577K->152195K(207192K), 0.0014100 secs] [Times: user=0.00 sys=0.00, real=0.00 secs] 
2020-10-29T08:53:11.402+0000: [GC (Allocation Failure) 2020-10-29T08:53:11.402+0000: [ParNew: 16390K->4K(18432K), 0.0011854 secs] 168579K->152192K(207192K), 0.0012447 secs] [Times: user=0.00 sys=0.00, real=0.00 secs] 
2020-10-29T08:53:11.421+0000: [GC (Allocation Failure) 2020-10-29T08:53:11.421+0000: [ParNew: 16388K->4K(18432K), 0.0012630 secs] 168576K->152192K(207192K), 0.0013083 secs] [Times: user=0.00 sys=0.00, real=0.00 secs] 
2020-10-29T08:53:11.441+0000: [GC (Allocation Failure) 2020-10-29T08:53:11.441+0000: [ParNew: 16388K->4K(18432K), 0.0013278 secs] 168576K->152192K(207192K), 0.0013762 secs] [Times: user=0.00 sys=0.00, real=0.00 secs] 
2020-10-29T08:53:11.460+0000: [GC (Allocation Failure) 2020-10-29T08:53:11.460+0000: [ParNew: 16388K->4K(18432K), 0.0014445 secs] 168576K->152192K(207192K), 0.0014947 secs] [Times: user=0.01 sys=0.00, real=0.00 secs] 
2020-10-29T08:53:11.480+0000: [GC (Allocation Failure) 2020-10-29T08:53:11.480+0000: [ParNew: 16388K->4K(18432K), 0.0012860 secs] 168576K->152192K(207192K), 0.0013296 secs] [Times: user=0.01 sys=0.00, real=0.00 secs] 
2020-10-29T08:53:11.499+0000: [GC (Allocation Failure) 2020-10-29T08:53:11.499+0000: [ParNew: 16388K->4K(18432K), 0.0016035 secs] 168576K->152192K(207192K), 0.0016549 secs] [Times: user=0.00 sys=0.00, real=0.00 secs] 
2020-10-29T08:53:11.523+0000: [GC (Allocation Failure) 2020-10-29T08:53:11.523+0000: [ParNew: 16388K->4K(18432K), 0.0016228 secs] 168576K->152192K(207192K), 0.0016770 secs] [Times: user=0.01 sys=0.00, real=0.01 secs] 
2020-10-29T08:53:11.536+0000: [GC (Allocation Failure) 2020-10-29T08:53:11.536+0000: [ParNew: 16388K->4K(18432K), 0.0073102 secs] 168576K->160384K(207192K), 0.0073933 secs] [Times: user=0.01 sys=0.00, real=0.00 secs] 
2020-10-29T08:53:11.562+0000: [GC (Allocation Failure) 2020-10-29T08:53:11.562+0000: [ParNew: 16388K->4K(18432K), 0.0015970 secs] 176768K->160384K(207192K), 0.0016508 secs] [Times: user=0.00 sys=0.00, real=0.00 secs] 
2020-10-29T08:53:11.582+0000: [GC (Allocation Failure) 2020-10-29T08:53:11.582+0000: [ParNew: 16388K->4K(18432K), 0.0016061 secs] 176768K->160384K(207192K), 0.0016595 secs] [Times: user=0.01 sys=0.00, real=0.00 secs] 
2020-10-29T08:53:11.601+0000: [GC (Allocation Failure) 2020-10-29T08:53:11.601+0000: [ParNew: 16388K->4K(18432K), 0.0015834 secs] 176768K->160384K(207192K), 0.0016493 secs] [Times: user=0.00 sys=0.00, real=0.00 secs] 
2020-10-29T08:53:11.658+0000: [GC (Allocation Failure) 2020-10-29T08:53:11.658+0000: [ParNew: 16388K->4K(18432K), 0.0015949 secs] 176768K->160384K(207192K), 0.0016656 secs] [Times: user=0.00 sys=0.00, real=0.00 secs] 
2020-10-29T08:53:11.681+0000: [GC (Allocation Failure) 2020-10-29T08:53:11.681+0000: [ParNew: 16388K->4K(18432K), 0.0014431 secs] 176768K->160384K(207192K), 0.0015169 secs] [Times: user=0.00 sys=0.00, real=0.00 secs] 
2020-10-29T08:53:11.700+0000: [GC (Allocation Failure) 2020-10-29T08:53:11.701+0000: [ParNew: 16388K->4K(18432K), 0.0013153 secs] 176768K->160384K(207192K), 0.0013616 secs] [Times: user=0.01 sys=0.00, real=0.00 secs] 
2020-10-29T08:53:11.720+0000: [GC (Allocation Failure) 2020-10-29T08:53:11.720+0000: [ParNew: 16388K->4K(18432K), 0.0012154 secs] 176768K->160384K(207192K), 0.0012588 secs] [Times: user=0.01 sys=0.00, real=0.00 secs] 
2020-10-29T08:53:11.739+0000: [GC (Allocation Failure) 2020-10-29T08:53:11.739+0000: [ParNew: 16388K->4K(18432K), 0.0011629 secs] 176768K->160384K(207192K), 0.0012034 secs] [Times: user=0.00 sys=0.00, real=0.00 secs] 
2020-10-29T08:53:11.761+0000: [GC (Allocation Failure) 2020-10-29T08:53:11.761+0000: [ParNew: 16388K->4K(18432K), 0.0012255 secs] 176768K->160384K(207192K), 0.0012690 secs] [Times: user=0.00 sys=0.00, real=0.00 secs] 
2020-10-29T08:53:11.782+0000: [GC (Allocation Failure) 2020-10-29T08:53:11.782+0000: [ParNew: 16388K->4K(18432K), 0.0013203 secs] 176768K->160384K(207192K), 0.0013669 secs] [Times: user=0.00 sys=0.00, real=0.00 secs] 
2020-10-29T08:53:11.801+0000: [GC (Allocation Failure) 2020-10-29T08:53:11.801+0000: [ParNew: 16388K->4K(18432K), 0.0012135 secs] 176768K->160384K(207192K), 0.0012565 secs] [Times: user=0.00 sys=0.00, real=0.00 secs] 
2020-10-29T08:53:11.820+0000: [GC (Allocation Failure) 2020-10-29T08:53:11.820+0000: [ParNew: 16388K->4K(18432K), 0.0012152 secs] 176768K->160384K(207192K), 0.0012602 secs] [Times: user=0.00 sys=0.00, real=0.00 secs] 
2020-10-29T08:53:11.839+0000: [GC (Allocation Failure) 2020-10-29T08:53:11.840+0000: [ParNew: 16388K->4K(18432K), 0.0012122 secs] 176768K->160384K(207192K), 0.0012549 secs] [Times: user=0.00 sys=0.00, real=0.00 secs] 
2020-10-29T08:53:11.859+0000: [GC (Allocation Failure) 2020-10-29T08:53:11.859+0000: [ParNew: 16388K->4K(18432K), 0.0012471 secs] 176768K->160384K(207192K), 0.0012924 secs] [Times: user=0.00 sys=0.00, real=0.00 secs] 
2020-10-29T08:53:11.878+0000: [GC (Allocation Failure) 2020-10-29T08:53:11.878+0000: [ParNew: 16388K->4K(18432K), 0.0015796 secs] 176768K->160384K(207192K), 0.0016332 secs] [Times: user=0.01 sys=0.00, real=0.00 secs] 
2020-10-29T08:53:11.897+0000: [GC (Allocation Failure) 2020-10-29T08:53:11.897+0000: [ParNew: 16388K->4K(18432K), 0.0015688 secs] 176768K->160384K(207192K), 0.0016203 secs] [Times: user=0.01 sys=0.00, real=0.00 secs] 
2020-10-29T08:53:11.927+0000: [GC (Allocation Failure) 2020-10-29T08:53:11.927+0000: [ParNew: 16388K->4K(18432K), 0.0015544 secs] 193152K->176768K(207192K), 0.0016062 secs] [Times: user=0.00 sys=0.00, real=0.00 secs] 
2020-10-29T08:53:11.946+0000: [GC (Allocation Failure) 2020-10-29T08:53:11.946+0000: [ParNew: 16388K->4K(18432K), 0.0015032 secs] 193152K->176768K(207192K), 0.0015531 secs] [Times: user=0.00 sys=0.00, real=0.00 secs] 
2020-10-29T08:53:11.966+0000: [GC (Allocation Failure) 2020-10-29T08:53:11.966+0000: [ParNew: 16388K->4K(18432K), 0.0013921 secs] 193152K->176768K(207192K), 0.0014402 secs] [Times: user=0.00 sys=0.00, real=0.00 secs] 
2020-10-29T08:53:11.986+0000: [GC (Allocation Failure) 2020-10-29T08:53:11.986+0000: [ParNew: 16388K->4K(18432K), 0.0013531 secs] 193152K->176768K(207192K), 0.0014018 secs] [Times: user=0.00 sys=0.00, real=0.00 secs] 
2020-10-29T08:53:12.006+0000: [GC (Allocation Failure) 2020-10-29T08:53:12.006+0000: [ParNew: 16388K->4K(18432K), 0.0012401 secs] 193152K->176768K(207192K), 0.0012843 secs] [Times: user=0.01 sys=0.00, real=0.00 secs] 
2020-10-29T08:53:12.026+0000: [GC (Allocation Failure) 2020-10-29T08:53:12.026+0000: [ParNew: 16388K->4K(18432K), 0.0015705 secs] 193152K->176768K(207192K), 0.0016237 secs] [Times: user=0.00 sys=0.00, real=0.00 secs] 
2020-10-29T08:53:12.045+0000: [GC (Allocation Failure) 2020-10-29T08:53:12.045+0000: [ParNew: 16388K->4K(18432K), 0.0015172 secs] 193152K->176769K(207192K), 0.0015683 secs] [Times: user=0.01 sys=0.00, real=0.00 secs] 
2020-10-29T08:53:12.065+0000: [GC (Allocation Failure) 2020-10-29T08:53:12.065+0000: [ParNew: 16388K->4K(18432K), 0.0013848 secs] 193153K->176769K(207192K), 0.0014334 secs] [Times: user=0.01 sys=0.00, real=0.00 secs] 
2020-10-29T08:53:12.084+0000: [GC (Allocation Failure) 2020-10-29T08:53:12.084+0000: [ParNew: 16388K->4K(18432K), 0.0013118 secs] 193153K->176769K(207192K), 0.0013573 secs] [Times: user=0.00 sys=0.00, real=0.01 secs] 
2020-10-29T08:53:12.103+0000: [GC (Allocation Failure) 2020-10-29T08:53:12.103+0000: [ParNew: 16388K->4K(18432K), 0.0012342 secs] 193153K->176769K(207192K), 0.0012858 secs] [Times: user=0.00 sys=0.00, real=0.01 secs] 
2020-10-29T08:53:12.122+0000: [GC (Allocation Failure) 2020-10-29T08:53:12.122+0000: [ParNew: 16388K->4K(18432K), 0.0012475 secs] 193153K->176769K(207192K), 0.0012924 secs] [Times: user=0.00 sys=0.00, real=0.00 secs] 
2020-10-29T08:53:12.143+0000: [GC (Allocation Failure) 2020-10-29T08:53:12.144+0000: [ParNew: 16388K->4K(18432K), 0.0012817 secs] 193153K->176769K(207192K), 0.0013308 secs] [Times: user=0.00 sys=0.00, real=0.01 secs] 
2020-10-29T08:53:12.145+0000: [CMS-concurrent-abortable-preclean: 0.053/1.440 secs] [Times: user=1.69 sys=0.04, real=1.44 secs] 
2020-10-29T08:53:12.148+0000: [GC (CMS Final Remark) [YG occupancy: 329 K (18432 K)]2020-10-29T08:53:12.148+0000: [Rescan (parallel) , 0.0011105 secs]2020-10-29T08:53:12.150+0000: [weak refs processing, 0.0000260 secs]2020-10-29T08:53:12.150+0000: [class unloading, 0.0071648 secs]2020-10-29T08:53:12.157+0000: [scrub symbol table, 0.0087902 secs]2020-10-29T08:53:12.166+0000: [scrub string table, 0.0005386 secs][1 CMS-remark: 176765K(188760K)] 177094K(207192K), 0.0177285 secs] [Times: user=0.02 sys=0.00, real=0.02 secs] 
2020-10-29T08:53:12.166+0000: [CMS-concurrent-sweep-start]
2020-10-29T08:53:12.178+0000: [CMS-concurrent-sweep: 0.011/0.011 secs] [Times: user=0.01 sys=0.01, real=0.01 secs] 
2020-10-29T08:53:12.178+0000: [CMS-concurrent-reset-start]
2020-10-29T08:53:12.180+0000: [CMS-concurrent-reset: 0.002/0.002 secs] [Times: user=0.01 sys=0.00, real=0.00 secs] 
2020-10-29T08:53:12.190+0000: [GC (Allocation Failure) 2020-10-29T08:53:12.190+0000: [ParNew: 16388K->4K(18432K), 0.0017125 secs] 190020K->173636K(307820K), 0.0017510 secs] [Times: user=0.00 sys=0.00, real=0.00 secs] 
2020-10-29T08:53:12.209+0000: [GC (Allocation Failure) 2020-10-29T08:53:12.209+0000: [ParNew: 16388K->4K(18432K), 0.0017034 secs] 190020K->173636K(307820K), 0.0017455 secs] [Times: user=0.00 sys=0.00, real=0.00 secs] 
2020-10-29T08:53:12.228+0000: [GC (Allocation Failure) 2020-10-29T08:53:12.228+0000: [ParNew: 16388K->4K(18432K), 0.0017128 secs] 190020K->173636K(307820K), 0.0017561 secs] [Times: user=0.00 sys=0.00, real=0.00 secs] 
2020-10-29T08:53:12.247+0000: [GC (Allocation Failure) 2020-10-29T08:53:12.247+0000: [ParNew: 16388K->4K(18432K), 0.0017394 secs] 190020K->173636K(307820K), 0.0017937 secs] [Times: user=0.00 sys=0.00, real=0.00 secs] 
2020-10-29T08:53:12.267+0000: [GC (Allocation Failure) 2020-10-29T08:53:12.267+0000: [ParNew: 16388K->4K(18432K), 0.0017262 secs] 190020K->173636K(307820K), 0.0017710 secs] [Times: user=0.00 sys=0.00, real=0.00 secs] 
2020-10-29T08:53:12.286+0000: [GC (Allocation Failure) 2020-10-29T08:53:12.286+0000: [ParNew: 16388K->4K(18432K), 0.0017409 secs] 190020K->173636K(307820K), 0.0017897 secs] [Times: user=0.00 sys=0.00, real=0.00 secs] 
2020-10-29T08:53:12.306+0000: [GC (Allocation Failure) 2020-10-29T08:53:12.306+0000: [ParNew: 16388K->4K(18432K), 0.0016630 secs] 190020K->173636K(307820K), 0.0017061 secs] [Times: user=0.00 sys=0.00, real=0.00 secs] 
2020-10-29T08:53:12.325+0000: [GC (Allocation Failure) 2020-10-29T08:53:12.325+0000: [ParNew: 16388K->4K(18432K), 0.0016090 secs] 190020K->173636K(307820K), 0.0016528 secs] [Times: user=0.00 sys=0.00, real=0.00 secs] 
2020-10-29T08:53:12.344+0000: [GC (Allocation Failure) 2020-10-29T08:53:12.344+0000: [ParNew: 16388K->4K(18432K), 0.0016549 secs] 190020K->173636K(307820K), 0.0016972 secs] [Times: user=0.00 sys=0.00, real=0.01 secs] 
2020-10-29T08:53:12.364+0000: [GC (Allocation Failure) 2020-10-29T08:53:12.364+0000: [ParNew: 16388K->4K(18432K), 0.0016926 secs] 190020K->173636K(307820K), 0.0017464 secs] [Times: user=0.00 sys=0.00, real=0.01 secs] 
2020-10-29T08:53:12.383+0000: [GC (Allocation Failure) 2020-10-29T08:53:12.383+0000: [ParNew: 16388K->4K(18432K), 0.0017442 secs] 190020K->173636K(307820K), 0.0017902 secs] [Times: user=0.01 sys=0.00, real=0.01 secs] 
2020-10-29T08:53:12.403+0000: [GC (Allocation Failure) 2020-10-29T08:53:12.403+0000: [ParNew: 16388K->4K(18432K), 0.0018124 secs] 190020K->173636K(307820K), 0.0018620 secs] [Times: user=0.01 sys=0.00, real=0.01 secs] 
2020-10-29T08:53:12.422+0000: [GC (Allocation Failure) 2020-10-29T08:53:12.422+0000: [ParNew: 16388K->4K(18432K), 0.0017299 secs] 190020K->173636K(307820K), 0.0017790 secs] [Times: user=0.01 sys=0.00, real=0.00 secs] 
2020-10-29T08:53:12.442+0000: [GC (Allocation Failure) 2020-10-29T08:53:12.442+0000: [ParNew: 16388K->4K(18432K), 0.0017682 secs] 190020K->173636K(307820K), 0.0018177 secs] [Times: user=0.00 sys=0.00, real=0.00 secs] 
2020-10-29T08:53:12.457+0000: [GC (Allocation Failure) 2020-10-29T08:53:12.458+0000: [ParNew: 12798K->4K(18432K), 0.0017222 secs] 186431K->173636K(307820K), 0.0017706 secs] [Times: user=0.01 sys=0.00, real=0.00 secs] 
2020-10-29T08:53:12.469+0000: [GC (Allocation Failure) 2020-10-29T08:53:12.469+0000: [ParNew: 16388K->4K(18432K), 0.0071888 secs] 190020K->181828K(307820K), 0.0072360 secs] [Times: user=0.01 sys=0.00, real=0.01 secs] 
2020-10-29T08:53:12.479+0000: [GC (CMS Initial Mark) [1 CMS-initial-mark: 181824K(289388K)] 182154K(307820K), 0.0011533 secs] [Times: user=0.00 sys=0.00, real=0.00 secs] 
2020-10-29T08:53:12.480+0000: [CMS-concurrent-mark-start]
2020-10-29T08:53:12.510+0000: [GC (Allocation Failure) 2020-10-29T08:53:12.510+0000: [ParNew: 16388K->4K(18432K), 0.0015563 secs] 198212K->181828K(307820K), 0.0016057 secs] [Times: user=0.00 sys=0.00, real=0.00 secs] 
2020-10-29T08:53:12.527+0000: [CMS-concurrent-mark: 0.045/0.046 secs] [Times: user=0.09 sys=0.00, real=0.05 secs] 
2020-10-29T08:53:12.527+0000: [CMS-concurrent-preclean-start]
2020-10-29T08:53:12.529+0000: [CMS-concurrent-preclean: 0.002/0.002 secs] [Times: user=0.00 sys=0.00, real=0.00 secs] 
2020-10-29T08:53:12.529+0000: [CMS-concurrent-abortable-preclean-start]
2020-10-29T08:53:12.536+0000: [GC (Allocation Failure) 2020-10-29T08:53:12.536+0000: [ParNew: 16388K->4K(18432K), 0.0013587 secs] 198212K->181828K(307820K), 0.0014121 secs] [Times: user=0.00 sys=0.01, real=0.00 secs] 
2020-10-29T08:53:12.557+0000: [GC (Allocation Failure) 2020-10-29T08:53:12.557+0000: [ParNew: 16388K->4K(18432K), 0.0014519 secs] 198212K->181828K(307820K), 0.0014965 secs] [Times: user=0.00 sys=0.00, real=0.00 secs] 
2020-10-29T08:53:12.576+0000: [GC (Allocation Failure) 2020-10-29T08:53:12.576+0000: [ParNew: 16388K->4K(18432K), 0.0017261 secs] 198212K->181828K(307820K), 0.0017783 secs] [Times: user=0.01 sys=0.00, real=0.00 secs] 
2020-10-29T08:53:12.596+0000: [GC (Allocation Failure) 2020-10-29T08:53:12.596+0000: [ParNew: 16388K->4K(18432K), 0.0017033 secs] 198212K->181828K(307820K), 0.0017526 secs] [Times: user=0.01 sys=0.00, real=0.00 secs] 
2020-10-29T08:53:12.616+0000: [GC (Allocation Failure) 2020-10-29T08:53:12.616+0000: [ParNew: 16388K->4K(18432K), 0.0015990 secs] 198212K->181828K(307820K), 0.0016473 secs] [Times: user=0.00 sys=0.00, real=0.00 secs] 
2020-10-29T08:53:12.635+0000: [GC (Allocation Failure) 2020-10-29T08:53:12.635+0000: [ParNew: 16388K->4K(18432K), 0.0015194 secs] 198212K->181828K(307820K), 0.0015640 secs] [Times: user=0.01 sys=0.00, real=0.00 secs] 
2020-10-29T08:53:12.655+0000: [GC (Allocation Failure) 2020-10-29T08:53:12.655+0000: [ParNew: 16388K->4K(18432K), 0.0014215 secs] 198212K->181828K(307820K), 0.0014657 secs] [Times: user=0.01 sys=0.00, real=0.00 secs] 
2020-10-29T08:53:12.674+0000: [GC (Allocation Failure) 2020-10-29T08:53:12.674+0000: [ParNew: 16388K->4K(18432K), 0.0013542 secs] 198212K->181828K(307820K), 0.0013964 secs] [Times: user=0.01 sys=0.00, real=0.00 secs] 
2020-10-29T08:53:12.693+0000: [GC (Allocation Failure) 2020-10-29T08:53:12.693+0000: [ParNew: 16388K->4K(18432K), 0.0014285 secs] 198212K->181828K(307820K), 0.0014831 secs] [Times: user=0.00 sys=0.00, real=0.00 secs] 
2020-10-29T08:53:12.713+0000: [GC (Allocation Failure) 2020-10-29T08:53:12.713+0000: [ParNew: 16388K->4K(18432K), 0.0013585 secs] 198212K->181828K(307820K), 0.0014000 secs] [Times: user=0.01 sys=0.00, real=0.00 secs] 
2020-10-29T08:53:12.733+0000: [GC (Allocation Failure) 2020-10-29T08:53:12.733+0000: [ParNew: 16388K->4K(18432K), 0.0013701 secs] 198212K->181828K(307820K), 0.0014130 secs] [Times: user=0.00 sys=0.00, real=0.00 secs] 
2020-10-29T08:53:12.752+0000: [GC (Allocation Failure) 2020-10-29T08:53:12.753+0000: [ParNew: 16388K->4K(18432K), 0.0015327 secs] 198212K->181828K(307820K), 0.0015808 secs] [Times: user=0.00 sys=0.00, real=0.00 secs] 
2020-10-29T08:53:12.772+0000: [GC (Allocation Failure) 2020-10-29T08:53:12.772+0000: [ParNew: 16388K->4K(18432K), 0.0014478 secs] 198212K->181828K(307820K), 0.0014991 secs] [Times: user=0.00 sys=0.00, real=0.00 secs] 
2020-10-29T08:53:12.804+0000: [GC (Allocation Failure) 2020-10-29T08:53:12.804+0000: [ParNew: 16388K->4K(18432K), 0.0016992 secs] 198212K->181828K(307820K), 0.0017669 secs] [Times: user=0.01 sys=0.00, real=0.01 secs] 
2020-10-29T08:53:12.829+0000: [GC (Allocation Failure) 2020-10-29T08:53:12.829+0000: [ParNew: 16388K->4K(18432K), 0.0016598 secs] 198212K->181828K(307820K), 0.0017256 secs] [Times: user=0.00 sys=0.00, real=0.00 secs] 
2020-10-29T08:53:12.857+0000: [GC (Allocation Failure) 2020-10-29T08:53:12.857+0000: [ParNew: 16388K->4K(18432K), 0.0016654 secs] 198212K->181828K(307820K), 0.0017082 secs] [Times: user=0.00 sys=0.00, real=0.00 secs] 
2020-10-29T08:53:12.877+0000: [GC (Allocation Failure) 2020-10-29T08:53:12.877+0000: [ParNew: 16388K->4K(18432K), 0.0014984 secs] 198212K->181829K(307820K), 0.0015417 secs] [Times: user=0.00 sys=0.00, real=0.00 secs] 
2020-10-29T08:53:12.897+0000: [GC (Allocation Failure) 2020-10-29T08:53:12.897+0000: [ParNew: 16388K->4K(18432K), 0.0014247 secs] 198213K->181829K(307820K), 0.0014676 secs] [Times: user=0.01 sys=0.00, real=0.00 secs] 
2020-10-29T08:53:12.916+0000: [GC (Allocation Failure) 2020-10-29T08:53:12.916+0000: [ParNew: 16388K->4K(18432K), 0.0014904 secs] 198213K->181829K(307820K), 0.0015378 secs] [Times: user=0.01 sys=0.00, real=0.00 secs] 
2020-10-29T08:53:12.933+0000: [GC (Allocation Failure) 2020-10-29T08:53:12.933+0000: [ParNew: 14749K->4K(18432K), 0.0013950 secs] 196575K->181829K(307820K), 0.0014402 secs] [Times: user=0.01 sys=0.00, real=0.00 secs] 
2020-10-29T08:53:12.945+0000: [GC (Allocation Failure) 2020-10-29T08:53:12.945+0000: [ParNew: 16388K->4K(18432K), 0.0068339 secs] 198213K->190021K(307820K), 0.0068804 secs] [Times: user=0.01 sys=0.00, real=0.00 secs] 
2020-10-29T08:53:12.951+0000: [CMS-concurrent-abortable-preclean: 0.019/0.423 secs] [Times: user=0.49 sys=0.03, real=0.42 secs] 
2020-10-29T08:53:12.952+0000: [GC (CMS Final Remark) [YG occupancy: 330 K (18432 K)]2020-10-29T08:53:12.952+0000: [Rescan (parallel) , 0.0010531 secs]2020-10-29T08:53:12.954+0000: [weak refs processing, 0.0000291 secs]2020-10-29T08:53:12.954+0000: [class unloading, 0.0072288 secs]2020-10-29T08:53:12.961+0000: [scrub symbol table, 0.0088003 secs]2020-10-29T08:53:12.970+0000: [scrub string table, 0.0005412 secs][1 CMS-remark: 190017K(289388K)] 190347K(307820K), 0.0177497 secs] [Times: user=0.01 sys=0.01, real=0.01 secs] 
2020-10-29T08:53:12.970+0000: [CMS-concurrent-sweep-start]
2020-10-29T08:53:12.981+0000: [CMS-concurrent-sweep: 0.011/0.011 secs] [Times: user=0.03 sys=0.00, real=0.01 secs] 
2020-10-29T08:53:12.982+0000: [CMS-concurrent-reset-start]
2020-10-29T08:53:12.983+0000: [CMS-concurrent-reset: 0.002/0.002 secs] [Times: user=0.00 sys=0.00, real=0.00 secs] 
2020-10-29T08:53:13.129+0000: [GC (Allocation Failure) 2020-10-29T08:53:13.129+0000: [ParNew: 16388K->42K(18432K), 0.0018932 secs] 202276K->185930K(328248K), 0.0019646 secs] [Times: user=0.01 sys=0.00, real=0.00 secs] 
2020-10-29T08:53:13.604+0000: [GC (Allocation Failure) 2020-10-29T08:53:13.604+0000: [ParNew: 16426K->195K(18432K), 0.0020189 secs] 202314K->186083K(328248K), 0.0021130 secs] [Times: user=0.01 sys=0.00, real=0.01 secs] 
2020-10-29T08:53:13.696+0000: [GC (Allocation Failure) 2020-10-29T08:53:13.696+0000: [ParNew: 16579K->62K(18432K), 0.0019832 secs] 202467K->185950K(328248K), 0.0020374 secs] [Times: user=0.01 sys=0.00, real=0.00 secs] 
2020-10-29T08:53:13.760+0000: [GC (Allocation Failure) 2020-10-29T08:53:13.760+0000: [ParNew: 16446K->80K(18432K), 0.0019304 secs] 202334K->185969K(328248K), 0.0020022 secs] [Times: user=0.00 sys=0.00, real=0.00 secs] 
2020-10-29T08:53:13.814+0000: [GC (Allocation Failure) 2020-10-29T08:53:13.814+0000: [ParNew: 16464K->52K(18432K), 0.0019044 secs] 202353K->185940K(328248K), 0.0019712 secs] [Times: user=0.00 sys=0.00, real=0.00 secs] 
2020-10-29T08:53:13.865+0000: [GC (Allocation Failure) 2020-10-29T08:53:13.865+0000: [ParNew: 16436K->62K(18432K), 0.0019287 secs] 202324K->185950K(328248K), 0.0019823 secs] [Times: user=0.00 sys=0.00, real=0.00 secs] 
2020-10-29T08:53:13.901+0000: [GC (Allocation Failure) 2020-10-29T08:53:13.901+0000: [ParNew: 16446K->58K(18432K), 0.0040039 secs] 202334K->185951K(328248K), 0.0040550 secs] [Times: user=0.01 sys=0.00, real=0.01 secs] 
2020-10-29T08:53:13.939+0000: [GC (Allocation Failure) 2020-10-29T08:53:13.939+0000: [ParNew: 16442K->39K(18432K), 0.0024993 secs] 202335K->185970K(328248K), 0.0025507 secs] [Times: user=0.00 sys=0.00, real=0.00 secs] 
2020-10-29T08:53:13.976+0000: [GC (Allocation Failure) 2020-10-29T08:53:13.976+0000: [ParNew: 16423K->5K(18432K), 0.0030116 secs] 202354K->185936K(328248K), 0.0030611 secs] [Times: user=0.00 sys=0.00, real=0.00 secs] 
2020-10-29T08:53:14.014+0000: [GC (Allocation Failure) 2020-10-29T08:53:14.014+0000: [ParNew: 16389K->4K(18432K), 0.0017459 secs] 202320K->185935K(328248K), 0.0017957 secs] [Times: user=0.00 sys=0.00, real=0.00 secs] 
2020-10-29T08:53:14.049+0000: [GC (Allocation Failure) 2020-10-29T08:53:14.049+0000: [ParNew: 16388K->4K(18432K), 0.0033140 secs] 202319K->185935K(328248K), 0.0033661 secs] [Times: user=0.01 sys=0.00, real=0.01 secs] 
2020-10-29T08:53:14.083+0000: [GC (Allocation Failure) 2020-10-29T08:53:14.083+0000: [ParNew: 16388K->4K(18432K), 0.0017746 secs] 202319K->185935K(328248K), 0.0018283 secs] [Times: user=0.01 sys=0.00, real=0.01 secs] 
2020-10-29T08:53:14.103+0000: [GC (Allocation Failure) 2020-10-29T08:53:14.103+0000: [ParNew: 16388K->4K(18432K), 0.0018280 secs] 202319K->185935K(328248K), 0.0018804 secs] [Times: user=0.00 sys=0.00, real=0.01 secs] 
2020-10-29T08:53:14.124+0000: [GC (Allocation Failure) 2020-10-29T08:53:14.124+0000: [ParNew: 16388K->4K(18432K), 0.0017620 secs] 202319K->185935K(328248K), 0.0018105 secs] [Times: user=0.00 sys=0.00, real=0.01 secs] 
2020-10-29T08:53:14.145+0000: [GC (Allocation Failure) 2020-10-29T08:53:14.145+0000: [ParNew: 16388K->4K(18432K), 0.0017670 secs] 202319K->185935K(328248K), 0.0018152 secs] [Times: user=0.01 sys=0.00, real=0.00 secs] 
2020-10-29T08:53:14.166+0000: [GC (Allocation Failure) 2020-10-29T08:53:14.166+0000: [ParNew: 16388K->4K(18432K), 0.0017628 secs] 202319K->185936K(328248K), 0.0018123 secs] [Times: user=0.01 sys=0.00, real=0.00 secs] 
2020-10-29T08:53:14.186+0000: [GC (Allocation Failure) 2020-10-29T08:53:14.186+0000: [ParNew: 16388K->4K(18432K), 0.0017292 secs] 202320K->185936K(328248K), 0.0017761 secs] [Times: user=0.00 sys=0.00, real=0.00 secs] 
2020-10-29T08:53:14.207+0000: [GC (Allocation Failure) 2020-10-29T08:53:14.207+0000: [ParNew: 16388K->4K(18432K), 0.0017190 secs] 202320K->185936K(328248K), 0.0017648 secs] [Times: user=0.00 sys=0.00, real=0.00 secs] 
2020-10-29T08:53:14.228+0000: [GC (Allocation Failure) 2020-10-29T08:53:14.228+0000: [ParNew: 16388K->4K(18432K), 0.0017276 secs] 202320K->185936K(328248K), 0.0017738 secs] [Times: user=0.00 sys=0.00, real=0.00 secs] 
2020-10-29T08:53:14.248+0000: [GC (Allocation Failure) 2020-10-29T08:53:14.248+0000: [ParNew: 16388K->4K(18432K), 0.0018188 secs] 202320K->185936K(328248K), 0.0018663 secs] [Times: user=0.01 sys=0.00, real=0.00 secs] 
2020-10-29T08:53:14.269+0000: [GC (Allocation Failure) 2020-10-29T08:53:14.269+0000: [ParNew: 16388K->4K(18432K), 0.0017373 secs] 202320K->185936K(328248K), 0.0017861 secs] [Times: user=0.00 sys=0.00, real=0.00 secs] 
2020-10-29T08:53:14.290+0000: [GC (Allocation Failure) 2020-10-29T08:53:14.290+0000: [ParNew: 16388K->4K(18432K), 0.0017388 secs] 202320K->185936K(328248K), 0.0017847 secs] [Times: user=0.00 sys=0.00, real=0.00 secs] 
2020-10-29T08:53:14.311+0000: [GC (Allocation Failure) 2020-10-29T08:53:14.311+0000: [ParNew: 16388K->4K(18432K), 0.0016909 secs] 202320K->185936K(328248K), 0.0017342 secs] [Times: user=0.00 sys=0.00, real=0.00 secs] 
2020-10-29T08:53:14.331+0000: [GC (Allocation Failure) 2020-10-29T08:53:14.331+0000: [ParNew: 16388K->4K(18432K), 0.0017406 secs] 202320K->185936K(328248K), 0.0017823 secs] [Times: user=0.01 sys=0.00, real=0.01 secs] 
2020-10-29T08:53:19.329+0000: [GC (Allocation Failure) 2020-10-29T08:53:19.329+0000: [ParNew: 16388K->243K(18432K), 0.0021579 secs] 202320K->186176K(328248K), 0.0022088 secs] [Times: user=0.01 sys=0.00, real=0.00 secs] 
2020-10-29T08:53:20.393+0000: [GC (Allocation Failure) 2020-10-29T08:53:20.393+0000: [ParNew: 16627K->516K(18432K), 0.0031914 secs] 202560K->186448K(328248K), 0.0032552 secs] [Times: user=0.01 sys=0.00, real=0.00 secs] 
2020-10-29T08:53:20.541+0000: [GC (Allocation Failure) 2020-10-29T08:53:20.541+0000: [ParNew: 16900K->1282K(18432K), 0.0040371 secs] 202832K->187214K(328248K), 0.0040919 secs] [Times: user=0.01 sys=0.00, real=0.01 secs] 
2020-10-29T08:53:20.721+0000: [GC (Allocation Failure) 2020-10-29T08:53:20.721+0000: [ParNew: 17666K->2029K(18432K), 0.0108063 secs] 203598K->188280K(328248K), 0.0108661 secs] [Times: user=0.02 sys=0.00, real=0.01 secs] 
2020-10-29T08:53:20.949+0000: [GC (Allocation Failure) 2020-10-29T08:53:20.949+0000: [ParNew: 18413K->1214K(18432K), 0.0055186 secs] 204664K->188811K(328248K), 0.0055768 secs] [Times: user=0.02 sys=0.00, real=0.01 secs] 
2020-10-29T08:53:21.007+0000: [GC (Allocation Failure) 2020-10-29T08:53:21.007+0000: [ParNew: 17598K->1015K(18432K), 0.0048660 secs] 205195K->188612K(328248K), 0.0049387 secs] [Times: user=0.01 sys=0.00, real=0.00 secs] 
2020-10-29T08:53:21.068+0000: [GC (Allocation Failure) 2020-10-29T08:53:21.069+0000: [ParNew: 17399K->1115K(18432K), 0.0023301 secs] 204996K->188713K(328248K), 0.0023854 secs] [Times: user=0.00 sys=0.00, real=0.00 secs] 
2020-10-29T08:53:21.116+0000: [GC (Allocation Failure) 2020-10-29T08:53:21.117+0000: [ParNew: 17499K->1300K(18432K), 0.0022957 secs] 205097K->188898K(328248K), 0.0023712 secs] [Times: user=0.01 sys=0.00, real=0.00 secs] 
2020-10-29T08:53:21.155+0000: [GC (Allocation Failure) 2020-10-29T08:53:21.155+0000: [ParNew: 17684K->1292K(18432K), 0.0025389 secs] 205282K->189516K(328248K), 0.0025953 secs] [Times: user=0.00 sys=0.00, real=0.00 secs] 
2020-10-29T08:53:21.196+0000: [GC (Allocation Failure) 2020-10-29T08:53:21.196+0000: [ParNew: 17676K->1028K(18432K), 0.0018935 secs] 205900K->189252K(328248K), 0.0019481 secs] [Times: user=0.01 sys=0.00, real=0.00 secs] 
2020-10-29T08:53:21.248+0000: [GC (Allocation Failure) 2020-10-29T08:53:21.248+0000: [ParNew: 17412K->834K(18432K), 0.0028150 secs] 205636K->189057K(328248K), 0.0028711 secs] [Times: user=0.00 sys=0.00, real=0.00 secs] 
2020-10-29T08:53:21.297+0000: [GC (Allocation Failure) 2020-10-29T08:53:21.297+0000: [ParNew: 17218K->1041K(18432K), 0.0024259 secs] 205441K->189265K(328248K), 0.0024827 secs] [Times: user=0.00 sys=0.00, real=0.00 secs] 
2020-10-29T08:53:21.348+0000: [GC (Allocation Failure) 2020-10-29T08:53:21.348+0000: [ParNew: 17425K->1541K(18432K), 0.0033026 secs] 205649K->189768K(328248K), 0.0033702 secs] [Times: user=0.00 sys=0.00, real=0.00 secs] 
2020-10-29T08:53:21.384+0000: [GC (Allocation Failure) 2020-10-29T08:53:21.384+0000: [ParNew: 17925K->4K(18432K), 0.0021341 secs] 206152K->189767K(328248K), 0.0021893 secs] [Times: user=0.01 sys=0.00, real=0.00 secs] 
2020-10-29T08:53:21.420+0000: [GC (Allocation Failure) 2020-10-29T08:53:21.421+0000: [ParNew: 16388K->4K(18432K), 0.0018618 secs] 206151K->189767K(328248K), 0.0019394 secs] [Times: user=0.01 sys=0.00, real=0.00 secs] 
2020-10-29T08:53:21.471+0000: [GC (Allocation Failure) 2020-10-29T08:53:21.471+0000: [ParNew: 16388K->4K(18432K), 0.0037398 secs] 206151K->189767K(328248K), 0.0038172 secs] [Times: user=0.01 sys=0.00, real=0.01 secs] 
2020-10-29T08:53:21.500+0000: [GC (Allocation Failure) 2020-10-29T08:53:21.501+0000: [ParNew: 16388K->20K(18432K), 0.0018330 secs] 206151K->189783K(328248K), 0.0018902 secs] [Times: user=0.01 sys=0.00, real=0.00 secs] 
2020-10-29T08:53:21.521+0000: [GC (Allocation Failure) 2020-10-29T08:53:21.521+0000: [ParNew: 16404K->4K(18432K), 0.0017701 secs] 206167K->189767K(328248K), 0.0018230 secs] [Times: user=0.00 sys=0.00, real=0.00 secs] 
2020-10-29T08:53:21.547+0000: [GC (Allocation Failure) 2020-10-29T08:53:21.547+0000: [ParNew: 16388K->4K(18432K), 0.0017946 secs] 206151K->189767K(328248K), 0.0018471 secs] [Times: user=0.00 sys=0.00, real=0.00 secs] 
2020-10-29T08:53:21.572+0000: [GC (Allocation Failure) 2020-10-29T08:53:21.572+0000: [ParNew: 16388K->1028K(18432K), 0.0020548 secs] 206151K->191815K(328248K), 0.0021074 secs] [Times: user=0.00 sys=0.00, real=0.00 secs] 
2020-10-29T08:53:21.593+0000: [GC (Allocation Failure) 2020-10-29T08:53:21.593+0000: [ParNew: 17412K->4K(18432K), 0.0017822 secs] 208199K->190792K(328248K), 0.0018342 secs] [Times: user=0.00 sys=0.00, real=0.00 secs] 
2020-10-29T08:53:21.614+0000: [GC (Allocation Failure) 2020-10-29T08:53:21.614+0000: [ParNew: 16388K->4K(18432K), 0.0021687 secs] 207176K->192840K(328248K), 0.0022226 secs] [Times: user=0.01 sys=0.00, real=0.00 secs] 
2020-10-29T08:53:21.640+0000: [GC (Allocation Failure) 2020-10-29T08:53:21.641+0000: [ParNew: 16388K->4K(18432K), 0.0017765 secs] 209224K->192840K(328248K), 0.0018304 secs] [Times: user=0.00 sys=0.00, real=0.00 secs] 
2020-10-29T08:53:21.665+0000: [GC (Allocation Failure) 2020-10-29T08:53:21.665+0000: [ParNew: 16388K->4K(18432K), 0.0017606 secs] 209224K->192840K(328248K), 0.0018195 secs] [Times: user=0.00 sys=0.00, real=0.00 secs] 
2020-10-29T08:53:21.694+0000: [GC (Allocation Failure) 2020-10-29T08:53:21.694+0000: [ParNew: 16388K->4K(18432K), 0.0017670 secs] 209224K->192840K(328248K), 0.0018355 secs] [Times: user=0.01 sys=0.00, real=0.00 secs] 
2020-10-29T08:53:21.724+0000: [GC (Allocation Failure) 2020-10-29T08:53:21.724+0000: [ParNew: 16388K->4K(18432K), 0.0017928 secs] 209224K->192840K(328248K), 0.0018440 secs] [Times: user=0.01 sys=0.00, real=0.01 secs] 
2020-10-29T08:53:21.750+0000: [GC (Allocation Failure) 2020-10-29T08:53:21.750+0000: [ParNew: 16388K->20K(18432K), 0.0017548 secs] 209224K->192856K(328248K), 0.0018239 secs] [Times: user=0.00 sys=0.00, real=0.00 secs] 
2020-10-29T08:53:21.780+0000: [GC (Allocation Failure) 2020-10-29T08:53:21.780+0000: [ParNew: 16404K->4K(18432K), 0.0018120 secs] 209240K->192840K(328248K), 0.0018787 secs] [Times: user=0.01 sys=0.00, real=0.00 secs] 
2020-10-29T08:53:21.808+0000: [GC (Allocation Failure) 2020-10-29T08:53:21.808+0000: [ParNew: 16388K->4K(18432K), 0.0018051 secs] 209224K->192840K(328248K), 0.0018724 secs] [Times: user=0.01 sys=0.00, real=0.00 secs] 
2020-10-29T08:53:21.847+0000: [GC (Allocation Failure) 2020-10-29T08:53:21.847+0000: [ParNew: 16388K->4K(18432K), 0.0018091 secs] 209224K->192840K(328248K), 0.0018659 secs] [Times: user=0.00 sys=0.00, real=0.00 secs] 
2020-10-29T08:53:21.872+0000: [GC (Allocation Failure) 2020-10-29T08:53:21.873+0000: [ParNew: 16374K->4K(18432K), 0.0017753 secs] 209210K->192840K(328248K), 0.0018256 secs] [Times: user=0.01 sys=0.00, real=0.00 secs] 
2020-10-29T08:53:21.892+0000: [GC (Allocation Failure) 2020-10-29T08:53:21.893+0000: [ParNew: 16388K->4K(18432K), 0.0017759 secs] 209224K->192840K(328248K), 0.0018252 secs] [Times: user=0.00 sys=0.00, real=0.00 secs] 
2020-10-29T08:53:21.912+0000: [GC (Allocation Failure) 2020-10-29T08:53:21.912+0000: [ParNew: 16388K->4K(18432K), 0.0029403 secs] 209224K->194888K(328248K), 0.0030010 secs] [Times: user=0.00 sys=0.00, real=0.01 secs] 
2020-10-29T08:53:21.932+0000: [GC (Allocation Failure) 2020-10-29T08:53:21.932+0000: [ParNew: 16388K->4K(18432K), 0.0018306 secs] 211272K->194888K(328248K), 0.0018843 secs] [Times: user=0.00 sys=0.00, real=0.01 secs] 
2020-10-29T08:53:21.952+0000: [GC (Allocation Failure) 2020-10-29T08:53:21.952+0000: [ParNew: 16388K->4K(18432K), 0.0017948 secs] 211272K->194888K(328248K), 0.0018460 secs] [Times: user=0.01 sys=0.00, real=0.00 secs] 
2020-10-29T08:53:21.972+0000: [GC (Allocation Failure) 2020-10-29T08:53:21.972+0000: [ParNew: 16388K->4K(18432K), 0.0018211 secs] 211272K->194888K(328248K), 0.0018756 secs] [Times: user=0.00 sys=0.00, real=0.01 secs] 
2020-10-29T08:53:21.990+0000: [GC (Allocation Failure) 2020-10-29T08:53:21.990+0000: [ParNew: 16388K->6K(18432K), 0.0017768 secs] 211272K->194890K(328248K), 0.0018278 secs] [Times: user=0.01 sys=0.00, real=0.00 secs] 
2020-10-29T08:53:22.012+0000: [GC (Allocation Failure) 2020-10-29T08:53:22.012+0000: [ParNew: 16390K->6K(18432K), 0.0017507 secs] 211274K->194890K(328248K), 0.0018009 secs] [Times: user=0.01 sys=0.00, real=0.00 secs] 
2020-10-29T08:53:22.037+0000: [GC (Allocation Failure) 2020-10-29T08:53:22.037+0000: [ParNew: 16390K->4K(18432K), 0.0017655 secs] 211274K->194888K(328248K), 0.0018192 secs] [Times: user=0.00 sys=0.00, real=0.00 secs] 
2020-10-29T08:53:22.061+0000: [GC (Allocation Failure) 2020-10-29T08:53:22.061+0000: [ParNew: 16388K->6K(18432K), 0.0040755 secs] 211272K->198986K(328248K), 0.0041318 secs] [Times: user=0.01 sys=0.00, real=0.01 secs] 
2020-10-29T08:53:22.088+0000: [GC (Allocation Failure) 2020-10-29T08:53:22.089+0000: [ParNew: 16390K->6K(18432K), 0.0018802 secs] 215370K->198986K(328248K), 0.0019351 secs] [Times: user=0.01 sys=0.00, real=0.00 secs] 
2020-10-29T08:53:22.112+0000: [GC (Allocation Failure) 2020-10-29T08:53:22.112+0000: [ParNew: 16390K->4K(18432K), 0.0018394 secs] 215370K->198984K(328248K), 0.0018942 secs] [Times: user=0.00 sys=0.00, real=0.01 secs] 
2020-10-29T08:53:22.139+0000: [GC (Allocation Failure) 2020-10-29T08:53:22.139+0000: [ParNew: 16388K->4K(18432K), 0.0018209 secs] 215368K->198984K(328248K), 0.0018756 secs] [Times: user=0.00 sys=0.00, real=0.00 secs] 
2020-10-29T08:53:22.165+0000: [GC (Allocation Failure) 2020-10-29T08:53:22.165+0000: [ParNew: 16388K->4K(18432K), 0.0037957 secs] 215368K->198984K(328248K), 0.0038544 secs] [Times: user=0.01 sys=0.00, real=0.00 secs] 
2020-10-29T08:53:22.190+0000: [GC (Allocation Failure) 2020-10-29T08:53:22.191+0000: [ParNew: 16388K->20K(18432K), 0.0018389 secs] 215368K->199000K(328248K), 0.0019238 secs] [Times: user=0.00 sys=0.00, real=0.01 secs] 
2020-10-29T08:53:22.224+0000: [GC (Allocation Failure) 2020-10-29T08:53:22.224+0000: [ParNew: 16404K->4K(18432K), 0.0039657 secs] 215384K->198985K(328248K), 0.0040208 secs] [Times: user=0.00 sys=0.00, real=0.01 secs] 
2020-10-29T08:53:22.260+0000: [GC (Allocation Failure) 2020-10-29T08:53:22.260+0000: [ParNew: 16388K->2K(18432K), 0.0036914 secs] 215369K->198982K(328248K), 0.0037622 secs] [Times: user=0.00 sys=0.00, real=0.00 secs] 
2020-10-29T08:53:22.303+0000: [GC (Allocation Failure) 2020-10-29T08:53:22.303+0000: [ParNew: 16386K->2K(18432K), 0.0038330 secs] 215366K->198982K(328248K), 0.0039185 secs] [Times: user=0.01 sys=0.00, real=0.01 secs] 
2020-10-29T08:53:22.344+0000: [GC (Allocation Failure) 2020-10-29T08:53:22.344+0000: [ParNew: 16386K->18K(18432K), 0.0037319 secs] 215366K->198999K(328248K), 0.0038057 secs] [Times: user=0.01 sys=0.00, real=0.01 secs] 
2020-10-29T08:53:22.379+0000: [GC (Allocation Failure) 2020-10-29T08:53:22.379+0000: [ParNew: 16402K->4K(18432K), 0.0024111 secs] 215383K->198985K(328248K), 0.0024838 secs] [Times: user=0.01 sys=0.00, real=0.00 secs] 
2020-10-29T08:53:22.421+0000: [GC (Allocation Failure) 2020-10-29T08:53:22.421+0000: [ParNew: 16388K->4K(18432K), 0.0018593 secs] 215369K->198985K(328248K), 0.0019307 secs] [Times: user=0.01 sys=0.00, real=0.00 secs] 
2020-10-29T08:53:22.455+0000: [GC (Allocation Failure) 2020-10-29T08:53:22.455+0000: [ParNew: 16388K->4K(18432K), 0.0018304 secs] 215369K->198985K(328248K), 0.0019094 secs] [Times: user=0.00 sys=0.00, real=0.00 secs] 
2020-10-29T08:53:22.488+0000: [GC (Allocation Failure) 2020-10-29T08:53:22.488+0000: [ParNew: 16388K->4K(18432K), 0.0018152 secs] 215369K->198985K(328248K), 0.0018926 secs] [Times: user=0.01 sys=0.00, real=0.00 secs] 
2020-10-29T08:53:22.526+0000: [GC (Allocation Failure) 2020-10-29T08:53:22.526+0000: [ParNew: 16388K->4K(18432K), 0.0018260 secs] 215369K->198985K(328248K), 0.0019002 secs] [Times: user=0.01 sys=0.00, real=0.00 secs] 
2020-10-29T08:53:22.567+0000: [GC (Allocation Failure) 2020-10-29T08:53:22.567+0000: [ParNew: 16388K->4K(18432K), 0.0018948 secs] 215369K->198985K(328248K), 0.0019675 secs] [Times: user=0.00 sys=0.00, real=0.00 secs] 
2020-10-29T08:53:22.591+0000: [GC (Allocation Failure) 2020-10-29T08:53:22.591+0000: [ParNew: 16388K->4K(18432K), 0.0018745 secs] 215369K->198985K(328248K), 0.0019468 secs] [Times: user=0.00 sys=0.00, real=0.01 secs] 
2020-10-29T08:53:22.616+0000: [GC (Allocation Failure) 2020-10-29T08:53:22.616+0000: [ParNew: 16388K->4K(18432K), 0.0018565 secs] 215369K->198985K(328248K), 0.0019270 secs] [Times: user=0.01 sys=0.00, real=0.00 secs] 
2020-10-29T08:53:22.639+0000: [GC (Allocation Failure) 2020-10-29T08:53:22.639+0000: [ParNew: 16388K->4K(18432K), 0.0018582 secs] 215369K->198985K(328248K), 0.0019310 secs] [Times: user=0.00 sys=0.00, real=0.00 secs] 
2020-10-29T08:53:22.665+0000: [GC (Allocation Failure) 2020-10-29T08:53:22.665+0000: [ParNew: 16388K->4K(18432K), 0.0017784 secs] 215369K->198985K(328248K), 0.0018476 secs] [Times: user=0.00 sys=0.00, real=0.00 secs] 
2020-10-29T08:53:22.692+0000: [GC (Allocation Failure) 2020-10-29T08:53:22.693+0000: [ParNew: 16388K->4K(18432K), 0.0031418 secs] 215369K->198985K(328248K), 0.0032107 secs] [Times: user=0.00 sys=0.00, real=0.00 secs] 
2020-10-29T08:53:22.720+0000: [GC (Allocation Failure) 2020-10-29T08:53:22.721+0000: [ParNew: 16388K->4K(18432K), 0.0018718 secs] 215369K->198985K(328248K), 0.0019398 secs] [Times: user=0.01 sys=0.00, real=0.00 secs] 
2020-10-29T08:53:22.742+0000: [GC (Allocation Failure) 2020-10-29T08:53:22.742+0000: [ParNew: 16388K->4K(18432K), 0.0018648 secs] 215369K->198985K(328248K), 0.0019299 secs] [Times: user=0.01 sys=0.00, real=0.01 secs] 
2020-10-29T08:53:22.764+0000: [GC (Allocation Failure) 2020-10-29T08:53:22.765+0000: [ParNew: 16388K->4K(18432K), 0.0019390 secs] 215369K->198985K(328248K), 0.0020132 secs] [Times: user=0.00 sys=0.00, real=0.00 secs] 
2020-10-29T08:53:22.800+0000: [GC (Allocation Failure) 2020-10-29T08:53:22.800+0000: [ParNew: 16388K->4K(18432K), 0.0041300 secs] 215369K->203081K(328248K), 0.0041857 secs] [Times: user=0.01 sys=0.00, real=0.00 secs] 
2020-10-29T08:53:22.820+0000: [GC (Allocation Failure) 2020-10-29T08:53:22.820+0000: [ParNew: 16388K->20K(18432K), 0.0018401 secs] 219465K->203097K(328248K), 0.0018917 secs] [Times: user=0.00 sys=0.00, real=0.00 secs] 
2020-10-29T08:53:22.845+0000: [GC (Allocation Failure) 2020-10-29T08:53:22.845+0000: [ParNew: 16404K->8K(18432K), 0.0017873 secs] 219481K->203085K(328248K), 0.0018378 secs] [Times: user=0.00 sys=0.00, real=0.00 secs] 
2020-10-29T08:53:22.879+0000: [GC (Allocation Failure) 2020-10-29T08:53:22.879+0000: [ParNew: 16392K->9K(18432K), 0.0018309 secs] 219469K->203086K(328248K), 0.0018868 secs] [Times: user=0.01 sys=0.00, real=0.00 secs] 
2020-10-29T08:53:22.897+0000: [GC (Allocation Failure) 2020-10-29T08:53:22.897+0000: [ParNew: 16393K->11K(18432K), 0.0017990 secs] 219470K->203088K(328248K), 0.0018506 secs] [Times: user=0.00 sys=0.00, real=0.00 secs] 
2020-10-29T08:53:22.917+0000: [GC (Allocation Failure) 2020-10-29T08:53:22.917+0000: [ParNew: 16395K->8K(18432K), 0.0017970 secs] 219472K->203085K(328248K), 0.0018517 secs] [Times: user=0.00 sys=0.00, real=0.00 secs] 
2020-10-29T08:53:22.939+0000: [GC (Allocation Failure) 2020-10-29T08:53:22.939+0000: [ParNew: 16392K->8K(18432K), 0.0018400 secs] 219469K->203085K(328248K), 0.0018938 secs] [Times: user=0.00 sys=0.00, real=0.00 secs] 
2020-10-29T08:53:22.960+0000: [GC (Allocation Failure) 2020-10-29T08:53:22.960+0000: [ParNew: 16392K->8K(18432K), 0.0017811 secs] 219469K->203085K(328248K), 0.0018357 secs] [Times: user=0.00 sys=0.00, real=0.00 secs] 
2020-10-29T08:53:22.978+0000: [GC (Allocation Failure) 2020-10-29T08:53:22.978+0000: [ParNew: 16392K->5K(18432K), 0.0018286 secs] 219469K->203086K(328248K), 0.0018907 secs] [Times: user=0.00 sys=0.01, real=0.00 secs] 
2020-10-29T08:53:22.997+0000: [GC (Allocation Failure) 2020-10-29T08:53:22.997+0000: [ParNew: 16389K->4K(18432K), 0.0018661 secs] 219470K->203085K(328248K), 0.0019162 secs] [Times: user=0.00 sys=0.00, real=0.00 secs] 
2020-10-29T08:53:23.020+0000: [GC (Allocation Failure) 2020-10-29T08:53:23.020+0000: [ParNew: 16388K->4K(18432K), 0.0017974 secs] 219469K->203085K(328248K), 0.0018509 secs] [Times: user=0.00 sys=0.00, real=0.00 secs] 
2020-10-29T08:53:23.038+0000: [GC (Allocation Failure) 2020-10-29T08:53:23.038+0000: [ParNew: 16388K->6K(18432K), 0.0017415 secs] 219469K->203087K(328248K), 0.0017895 secs] [Times: user=0.01 sys=0.00, real=0.00 secs] 
2020-10-29T08:53:23.056+0000: [GC (Allocation Failure) 2020-10-29T08:53:23.056+0000: [ParNew: 16390K->6K(18432K), 0.0017220 secs] 219471K->203087K(328248K), 0.0017699 secs] [Times: user=0.00 sys=0.00, real=0.00 secs] 
2020-10-29T08:53:23.073+0000: [GC (Allocation Failure) 2020-10-29T08:53:23.073+0000: [ParNew: 16390K->6K(18432K), 0.0016417 secs] 219471K->203087K(328248K), 0.0016850 secs] [Times: user=0.01 sys=0.00, real=0.00 secs] 
2020-10-29T08:53:23.090+0000: [GC (Allocation Failure) 2020-10-29T08:53:23.090+0000: [ParNew: 16390K->6K(18432K), 0.0017282 secs] 219471K->203087K(328248K), 0.0017862 secs] [Times: user=0.00 sys=0.00, real=0.00 secs] 
2020-10-29T08:53:23.112+0000: [GC (Allocation Failure) 2020-10-29T08:53:23.112+0000: [ParNew: 16390K->6K(18432K), 0.0016656 secs] 219471K->203087K(328248K), 0.0017116 secs] [Times: user=0.00 sys=0.00, real=0.00 secs] 
2020-10-29T08:53:23.130+0000: [GC (Allocation Failure) 2020-10-29T08:53:23.130+0000: [ParNew: 16390K->4K(18432K), 0.0016849 secs] 219471K->203085K(328248K), 0.0017288 secs] [Times: user=0.00 sys=0.00, real=0.00 secs] 
2020-10-29T08:53:23.147+0000: [GC (Allocation Failure) 2020-10-29T08:53:23.147+0000: [ParNew: 16388K->4K(18432K), 0.0017557 secs] 219469K->203085K(328248K), 0.0018040 secs] [Times: user=0.01 sys=0.00, real=0.00 secs] 
2020-10-29T08:53:23.165+0000: [GC (Allocation Failure) 2020-10-29T08:53:23.165+0000: [ParNew: 16388K->4K(18432K), 0.0017196 secs] 219469K->203085K(328248K), 0.0017683 secs] [Times: user=0.01 sys=0.00, real=0.00 secs] 
2020-10-29T08:53:23.182+0000: [GC (Allocation Failure) 2020-10-29T08:53:23.182+0000: [ParNew: 16388K->4K(18432K), 0.0016786 secs] 219469K->203085K(328248K), 0.0017229 secs] [Times: user=0.00 sys=0.00, real=0.00 secs] 
2020-10-29T08:53:23.199+0000: [GC (Allocation Failure) 2020-10-29T08:53:23.199+0000: [ParNew: 16388K->4K(18432K), 0.0018274 secs] 219469K->203085K(328248K), 0.0018822 secs] [Times: user=0.00 sys=0.00, real=0.00 secs] 
2020-10-29T08:53:23.217+0000: [GC (Allocation Failure) 2020-10-29T08:53:23.217+0000: [ParNew: 16388K->4K(18432K), 0.0018726 secs] 219469K->203085K(328248K), 0.0019274 secs] [Times: user=0.00 sys=0.00, real=0.00 secs] 
2020-10-29T08:53:23.236+0000: [GC (Allocation Failure) 2020-10-29T08:53:23.237+0000: [ParNew: 16388K->4K(18432K), 0.0017794 secs] 219469K->203085K(328248K), 0.0018294 secs] [Times: user=0.00 sys=0.00, real=0.00 secs] 
2020-10-29T08:53:23.254+0000: [GC (Allocation Failure) 2020-10-29T08:53:23.254+0000: [ParNew: 16388K->4K(18432K), 0.0017974 secs] 219469K->203085K(328248K), 0.0018520 secs] [Times: user=0.00 sys=0.00, real=0.00 secs] 
2020-10-29T08:53:23.272+0000: [GC (Allocation Failure) 2020-10-29T08:53:23.273+0000: [ParNew: 16388K->4K(18432K), 0.0017757 secs] 219469K->203085K(328248K), 0.0018279 secs] [Times: user=0.01 sys=0.00, real=0.00 secs] 
2020-10-29T08:53:23.290+0000: [GC (Allocation Failure) 2020-10-29T08:53:23.290+0000: [ParNew: 16388K->4K(18432K), 0.0017622 secs] 219469K->203085K(328248K), 0.0018119 secs] [Times: user=0.01 sys=0.00, real=0.00 secs] 
2020-10-29T08:53:23.312+0000: [GC (Allocation Failure) 2020-10-29T08:53:23.313+0000: [ParNew: 16388K->4K(18432K), 0.0017672 secs] 219469K->203085K(328248K), 0.0018208 secs] [Times: user=0.00 sys=0.00, real=0.00 secs] 
2020-10-29T08:53:23.330+0000: [GC (Allocation Failure) 2020-10-29T08:53:23.330+0000: [ParNew: 16388K->4K(18432K), 0.0017377 secs] 219469K->203085K(328248K), 0.0017835 secs] [Times: user=0.00 sys=0.00, real=0.00 secs] 
2020-10-29T08:53:23.352+0000: [GC (Allocation Failure) 2020-10-29T08:53:23.352+0000: [ParNew: 16388K->6K(18432K), 0.0017105 secs] 219469K->203087K(328248K), 0.0017591 secs] [Times: user=0.00 sys=0.00, real=0.00 secs] 
2020-10-29T08:53:23.370+0000: [GC (Allocation Failure) 2020-10-29T08:53:23.370+0000: [ParNew: 16390K->6K(18432K), 0.0016917 secs] 219471K->203087K(328248K), 0.0017361 secs] [Times: user=0.00 sys=0.00, real=0.00 secs] 
2020-10-29T08:53:23.388+0000: [GC (Allocation Failure) 2020-10-29T08:53:23.388+0000: [ParNew: 16390K->2K(18432K), 0.0026762 secs] 219471K->203084K(328248K), 0.0027186 secs] [Times: user=0.00 sys=0.00, real=0.00 secs] 
2020-10-29T08:53:23.407+0000: [GC (Allocation Failure) 2020-10-29T08:53:23.407+0000: [ParNew: 16386K->6K(18432K), 0.0015506 secs] 219468K->203087K(328248K), 0.0015922 secs] [Times: user=0.01 sys=0.00, real=0.00 secs] 
2020-10-29T08:53:23.423+0000: [GC (Allocation Failure) 2020-10-29T08:53:23.424+0000: [ParNew: 16390K->6K(18432K), 0.0015743 secs] 219471K->203087K(328248K), 0.0016156 secs] [Times: user=0.00 sys=0.00, real=0.01 secs] 
2020-10-29T08:53:23.444+0000: [GC (Allocation Failure) 2020-10-29T08:53:23.444+0000: [ParNew: 16390K->6K(18432K), 0.0015653 secs] 219471K->203087K(328248K), 0.0016085 secs] [Times: user=0.01 sys=0.00, real=0.00 secs] 
2020-10-29T08:53:23.462+0000: [GC (Allocation Failure) 2020-10-29T08:53:23.462+0000: [ParNew: 16390K->4K(18432K), 0.0015980 secs] 219471K->203086K(328248K), 0.0016406 secs] [Times: user=0.00 sys=0.00, real=0.00 secs] 
2020-10-29T08:53:23.484+0000: [GC (Allocation Failure) 2020-10-29T08:53:23.484+0000: [ParNew: 16388K->4K(18432K), 0.0016765 secs] 219470K->203086K(328248K), 0.0017237 secs] [Times: user=0.01 sys=0.00, real=0.01 secs] 
2020-10-29T08:53:23.504+0000: [GC (Allocation Failure) 2020-10-29T08:53:23.504+0000: [ParNew: 16388K->6K(18432K), 0.0016877 secs] 219470K->203088K(328248K), 0.0017347 secs] [Times: user=0.00 sys=0.00, real=0.00 secs] 
2020-10-29T08:53:23.524+0000: [GC (Allocation Failure) 2020-10-29T08:53:23.524+0000: [ParNew: 16390K->4K(18432K), 0.0016864 secs] 219472K->203086K(328248K), 0.0017325 secs] [Times: user=0.01 sys=0.00, real=0.00 secs] 
2020-10-29T08:53:23.544+0000: [GC (Allocation Failure) 2020-10-29T08:53:23.545+0000: [ParNew: 16388K->4K(18432K), 0.0030901 secs] 219470K->203086K(328248K), 0.0031643 secs] [Times: user=0.00 sys=0.00, real=0.00 secs] 
2020-10-29T08:53:23.564+0000: [GC (Allocation Failure) 2020-10-29T08:53:23.564+0000: [ParNew: 16388K->6K(18432K), 0.0018236 secs] 219470K->203088K(328248K), 0.0018798 secs] [Times: user=0.00 sys=0.00, real=0.01 secs] 
2020-10-29T08:53:23.584+0000: [GC (Allocation Failure) 2020-10-29T08:53:23.584+0000: [ParNew: 16390K->4K(18432K), 0.0016616 secs] 219472K->203086K(328248K), 0.0017075 secs] [Times: user=0.00 sys=0.00, real=0.00 secs] 
2020-10-29T08:53:23.602+0000: [GC (Allocation Failure) 2020-10-29T08:53:23.602+0000: [ParNew: 16388K->4K(18432K), 0.0017145 secs] 219470K->203086K(328248K), 0.0017585 secs] [Times: user=0.00 sys=0.00, real=0.00 secs] 
2020-10-29T08:53:23.619+0000: [GC (Allocation Failure) 2020-10-29T08:53:23.619+0000: [ParNew: 16388K->4K(18432K), 0.0016224 secs] 219470K->203086K(328248K), 0.0016653 secs] [Times: user=0.00 sys=0.00, real=0.00 secs] 
2020-10-29T08:53:23.636+0000: [GC (Allocation Failure) 2020-10-29T08:53:23.637+0000: [ParNew: 16388K->6K(18432K), 0.0016559 secs] 219470K->203088K(328248K), 0.0017016 secs] [Times: user=0.01 sys=0.00, real=0.00 secs] 
2020-10-29T08:53:23.654+0000: [GC (Allocation Failure) 2020-10-29T08:53:23.654+0000: [ParNew: 16390K->4K(18432K), 0.0017001 secs] 219472K->203086K(328248K), 0.0017466 secs] [Times: user=0.01 sys=0.00, real=0.00 secs] 
2020-10-29T08:53:23.689+0000: [GC (Allocation Failure) 2020-10-29T08:53:23.689+0000: [ParNew: 16388K->4K(18432K), 0.0057424 secs] 219470K->203086K(328248K), 0.0058227 secs] [Times: user=0.01 sys=0.00, real=0.01 secs] 
2020-10-29T08:53:23.725+0000: [GC (Allocation Failure) 2020-10-29T08:53:23.725+0000: [ParNew: 16388K->4K(18432K), 0.0029775 secs] 219470K->203086K(328248K), 0.0030373 secs] [Times: user=0.01 sys=0.00, real=0.00 secs] 
2020-10-29T08:53:23.744+0000: [GC (Allocation Failure) 2020-10-29T08:53:23.744+0000: [ParNew: 16388K->4K(18432K), 0.0017553 secs] 219470K->203086K(328248K), 0.0018018 secs] [Times: user=0.00 sys=0.00, real=0.01 secs] 
2020-10-29T08:53:23.761+0000: [GC (Allocation Failure) 2020-10-29T08:53:23.761+0000: [ParNew: 16388K->4K(18432K), 0.0016884 secs] 219470K->203086K(328248K), 0.0017332 secs] [Times: user=0.00 sys=0.00, real=0.00 secs] 
2020-10-29T08:53:23.778+0000: [GC (Allocation Failure) 2020-10-29T08:53:23.779+0000: [ParNew: 16388K->4K(18432K), 0.0016448 secs] 219470K->203086K(328248K), 0.0016870 secs] [Times: user=0.01 sys=0.00, real=0.00 secs] 
2020-10-29T08:53:23.796+0000: [GC (Allocation Failure) 2020-10-29T08:53:23.796+0000: [ParNew: 16388K->4K(18432K), 0.0017322 secs] 219470K->203086K(328248K), 0.0017772 secs] [Times: user=0.00 sys=0.00, real=0.00 secs] 
2020-10-29T08:53:23.814+0000: [GC (Allocation Failure) 2020-10-29T08:53:23.814+0000: [ParNew: 16388K->4K(18432K), 0.0016107 secs] 219470K->203086K(328248K), 0.0016532 secs] [Times: user=0.00 sys=0.00, real=0.00 secs] 
2020-10-29T08:53:23.831+0000: [GC (Allocation Failure) 2020-10-29T08:53:23.831+0000: [ParNew: 16388K->4K(18432K), 0.0017425 secs] 219470K->203086K(328248K), 0.0017922 secs] [Times: user=0.01 sys=0.00, real=0.01 secs] 
2020-10-29T08:53:23.848+0000: [GC (Allocation Failure) 2020-10-29T08:53:23.848+0000: [ParNew: 16388K->4K(18432K), 0.0016868 secs] 219470K->203086K(328248K), 0.0017306 secs] [Times: user=0.00 sys=0.00, real=0.00 secs] 
2020-10-29T08:53:23.865+0000: [GC (Allocation Failure) 2020-10-29T08:53:23.865+0000: [ParNew: 16388K->4K(18432K), 0.0017008 secs] 219470K->203086K(328248K), 0.0017660 secs] [Times: user=0.01 sys=0.00, real=0.00 secs] 
2020-10-29T08:53:23.875+0000: [GC (Allocation Failure) 2020-10-29T08:53:23.875+0000: [ParNew: 16388K->4K(18432K), 0.0072328 secs] 219470K->211278K(328248K), 0.0072757 secs] [Times: user=0.01 sys=0.01, real=0.00 secs] 
2020-10-29T08:53:23.883+0000: [GC (CMS Initial Mark) [1 CMS-initial-mark: 211274K(309816K)] 211415K(328248K), 0.0012657 secs] [Times: user=0.00 sys=0.00, real=0.00 secs] 
2020-10-29T08:53:23.884+0000: [CMS-concurrent-mark-start]
2020-10-29T08:53:23.905+0000: [GC (Allocation Failure) 2020-10-29T08:53:23.905+0000: [ParNew: 16388K->4K(18432K), 0.0016846 secs] 227662K->211278K(328248K), 0.0017388 secs] [Times: user=0.00 sys=0.00, real=0.00 secs] 
2020-10-29T08:53:23.923+0000: [GC (Allocation Failure) 2020-10-29T08:53:23.923+0000: [ParNew: 12181K->4K(18432K), 0.0016061 secs] 223456K->211278K(328248K), 0.0016510 secs] [Times: user=0.01 sys=0.00, real=0.01 secs] 
2020-10-29T08:53:23.936+0000: [GC (Allocation Failure) 2020-10-29T08:53:23.936+0000: [ParNew: 16388K->4K(18432K), 0.0075630 secs] 227662K->219470K(328248K), 0.0076167 secs] [Times: user=0.01 sys=0.00, real=0.00 secs] 
2020-10-29T08:53:23.963+0000: [GC (Allocation Failure) 2020-10-29T08:53:23.963+0000: [ParNew: 16388K->4K(18432K), 0.0017908 secs] 235854K->219470K(328248K), 0.0018436 secs] [Times: user=0.01 sys=0.00, real=0.01 secs] 
2020-10-29T08:53:23.987+0000: [CMS-concurrent-mark: 0.080/0.103 secs] [Times: user=0.20 sys=0.00, real=0.11 secs] 
2020-10-29T08:53:23.987+0000: [GC (Allocation Failure) 2020-10-29T08:53:23.987+0000: [ParNew: 16388K->4K(18432K), 0.0017791 secs] 235854K->219470K(328248K), 0.0018185 secs] [Times: user=0.00 sys=0.00, real=0.00 secs] 
2020-10-29T08:53:23.991+0000: [CMS-concurrent-preclean-start]
2020-10-29T08:53:23.992+0000: [CMS-concurrent-preclean: 0.001/0.001 secs] [Times: user=0.00 sys=0.00, real=0.00 secs] 
2020-10-29T08:53:23.992+0000: [CMS-concurrent-abortable-preclean-start]
2020-10-29T08:53:24.008+0000: [GC (Allocation Failure) 2020-10-29T08:53:24.008+0000: [ParNew: 16388K->4K(18432K), 0.0013367 secs] 235854K->219470K(328248K), 0.0013873 secs] [Times: user=0.00 sys=0.00, real=0.00 secs] 
2020-10-29T08:53:24.027+0000: [GC (Allocation Failure) 2020-10-29T08:53:24.027+0000: [ParNew: 16388K->4K(18432K), 0.0014935 secs] 235854K->219470K(328248K), 0.0015400 secs] [Times: user=0.00 sys=0.00, real=0.00 secs] 
2020-10-29T08:53:24.048+0000: [GC (Allocation Failure) 2020-10-29T08:53:24.048+0000: [ParNew: 16388K->4K(18432K), 0.0014486 secs] 235854K->219470K(328248K), 0.0014948 secs] [Times: user=0.00 sys=0.00, real=0.00 secs] 
2020-10-29T08:53:24.068+0000: [GC (Allocation Failure) 2020-10-29T08:53:24.068+0000: [ParNew: 16388K->4K(18432K), 0.0014114 secs] 235854K->219470K(328248K), 0.0014557 secs] [Times: user=0.01 sys=0.00, real=0.00 secs] 
2020-10-29T08:53:24.086+0000: [GC (Allocation Failure) 2020-10-29T08:53:24.086+0000: [ParNew: 16388K->4K(18432K), 0.0013342 secs] 235854K->219470K(328248K), 0.0013765 secs] [Times: user=0.00 sys=0.00, real=0.00 secs] 
2020-10-29T08:53:24.104+0000: [GC (Allocation Failure) 2020-10-29T08:53:24.104+0000: [ParNew: 16388K->4K(18432K), 0.0014185 secs] 235854K->219470K(328248K), 0.0014634 secs] [Times: user=0.00 sys=0.00, real=0.00 secs] 
2020-10-29T08:53:24.124+0000: [GC (Allocation Failure) 2020-10-29T08:53:24.124+0000: [ParNew: 16388K->4K(18432K), 0.0014333 secs] 235854K->219470K(328248K), 0.0014766 secs] [Times: user=0.01 sys=0.00, real=0.00 secs] 
2020-10-29T08:53:24.142+0000: [GC (Allocation Failure) 2020-10-29T08:53:24.142+0000: [ParNew: 16388K->4K(18432K), 0.0013369 secs] 235854K->219470K(328248K), 0.0013794 secs] [Times: user=0.00 sys=0.00, real=0.00 secs] 
2020-10-29T08:53:24.160+0000: [GC (Allocation Failure) 2020-10-29T08:53:24.160+0000: [ParNew: 16388K->4K(18432K), 0.0014000 secs] 235854K->219470K(328248K), 0.0014455 secs] [Times: user=0.00 sys=0.00, real=0.00 secs] 
2020-10-29T08:53:24.178+0000: [GC (Allocation Failure) 2020-10-29T08:53:24.178+0000: [ParNew: 16388K->4K(18432K), 0.0014089 secs] 235854K->219470K(328248K), 0.0014539 secs] [Times: user=0.00 sys=0.00, real=0.00 secs] 
2020-10-29T08:53:24.195+0000: [GC (Allocation Failure) 2020-10-29T08:53:24.195+0000: [ParNew: 16388K->4K(18432K), 0.0014831 secs] 235854K->219470K(328248K), 0.0015293 secs] [Times: user=0.00 sys=0.00, real=0.00 secs] 
2020-10-29T08:53:24.216+0000: [GC (Allocation Failure) 2020-10-29T08:53:24.216+0000: [ParNew: 16388K->4K(18432K), 0.0014543 secs] 235854K->219470K(328248K), 0.0015015 secs] [Times: user=0.00 sys=0.00, real=0.00 secs] 
2020-10-29T08:53:24.235+0000: [GC (Allocation Failure) 2020-10-29T08:53:24.235+0000: [ParNew: 16388K->4K(18432K), 0.0015448 secs] 235854K->219470K(328248K), 0.0015935 secs] [Times: user=0.00 sys=0.00, real=0.00 secs] 
2020-10-29T08:53:24.252+0000: [GC (Allocation Failure) 2020-10-29T08:53:24.252+0000: [ParNew: 16388K->4K(18432K), 0.0015878 secs] 235854K->219470K(328248K), 0.0016369 secs] [Times: user=0.00 sys=0.00, real=0.01 secs] 
2020-10-29T08:53:24.270+0000: [GC (Allocation Failure) 2020-10-29T08:53:24.270+0000: [ParNew: 16388K->4K(18432K), 0.0016173 secs] 235854K->219470K(328248K), 0.0016683 secs] [Times: user=0.00 sys=0.00, real=0.00 secs] 
2020-10-29T08:53:24.288+0000: [GC (Allocation Failure) 2020-10-29T08:53:24.288+0000: [ParNew: 16388K->4K(18432K), 0.0014337 secs] 235854K->219470K(328248K), 0.0014783 secs] [Times: user=0.01 sys=0.00, real=0.00 secs] 
2020-10-29T08:53:24.307+0000: [GC (Allocation Failure) 2020-10-29T08:53:24.307+0000: [ParNew: 16388K->4K(18432K), 0.0013996 secs] 235854K->219470K(328248K), 0.0014449 secs] [Times: user=0.00 sys=0.00, real=0.00 secs] 
2020-10-29T08:53:24.324+0000: [GC (Allocation Failure) 2020-10-29T08:53:24.324+0000: [ParNew: 16388K->4K(18432K), 0.0015190 secs] 235854K->219470K(328248K), 0.0015661 secs] [Times: user=0.00 sys=0.00, real=0.00 secs] 
2020-10-29T08:53:24.342+0000: [GC (Allocation Failure) 2020-10-29T08:53:24.342+0000: [ParNew: 16388K->4K(18432K), 0.0016462 secs] 235854K->219470K(328248K), 0.0016957 secs] [Times: user=0.00 sys=0.00, real=0.00 secs] 
2020-10-29T08:53:24.360+0000: [GC (Allocation Failure) 2020-10-29T08:53:24.360+0000: [ParNew: 16388K->4K(18432K), 0.0015217 secs] 235854K->219470K(328248K), 0.0015682 secs] [Times: user=0.00 sys=0.00, real=0.00 secs] 
2020-10-29T08:53:24.377+0000: [GC (Allocation Failure) 2020-10-29T08:53:24.377+0000: [ParNew: 16388K->4K(18432K), 0.0015432 secs] 235854K->219470K(328248K), 0.0015915 secs] [Times: user=0.00 sys=0.00, real=0.00 secs] 
2020-10-29T08:53:24.395+0000: [GC (Allocation Failure) 2020-10-29T08:53:24.395+0000: [ParNew: 16388K->4K(18432K), 0.0015382 secs] 235854K->219470K(328248K), 0.0015863 secs] [Times: user=0.00 sys=0.00, real=0.00 secs] 
2020-10-29T08:53:24.416+0000: [GC (Allocation Failure) 2020-10-29T08:53:24.417+0000: [ParNew: 16388K->4K(18432K), 0.0017292 secs] 235854K->219470K(328248K), 0.0017774 secs] [Times: user=0.00 sys=0.00, real=0.00 secs] 
2020-10-29T08:53:24.436+0000: [GC (Allocation Failure) 2020-10-29T08:53:24.436+0000: [ParNew: 16388K->4K(18432K), 0.0017098 secs] 235854K->219470K(328248K), 0.0017608 secs] [Times: user=0.00 sys=0.00, real=0.00 secs] 
2020-10-29T08:53:24.456+0000: [GC (Allocation Failure) 2020-10-29T08:53:24.456+0000: [ParNew: 16388K->4K(18432K), 0.0015681 secs] 235854K->219470K(328248K), 0.0016168 secs] [Times: user=0.01 sys=0.00, real=0.00 secs] 
2020-10-29T08:53:24.478+0000: [GC (Allocation Failure) 2020-10-29T08:53:24.478+0000: [ParNew: 16388K->4K(18432K), 0.0017754 secs] 235854K->219470K(328248K), 0.0018289 secs] [Times: user=0.00 sys=0.00, real=0.00 secs] 
2020-10-29T08:53:24.497+0000: [GC (Allocation Failure) 2020-10-29T08:53:24.497+0000: [ParNew: 16388K->4K(18432K), 0.0016995 secs] 235854K->219470K(328248K), 0.0017514 secs] [Times: user=0.01 sys=0.00, real=0.00 secs] 
2020-10-29T08:53:24.520+0000: [GC (Allocation Failure) 2020-10-29T08:53:24.520+0000: [ParNew: 16388K->4K(18432K), 0.0016790 secs] 235854K->219470K(328248K), 0.0017314 secs] [Times: user=0.01 sys=0.00, real=0.00 secs] 
2020-10-29T08:53:24.532+0000: [GC (Allocation Failure) 2020-10-29T08:53:24.532+0000: [ParNew: 16388K->4K(18432K), 0.0071675 secs] 235854K->227663K(328248K), 0.0072163 secs] [Times: user=0.01 sys=0.01, real=0.00 secs] 
2020-10-29T08:53:24.556+0000: [GC (Allocation Failure) 2020-10-29T08:53:24.556+0000: [ParNew: 16388K->4K(18432K), 0.0017574 secs] 244047K->227663K(328248K), 0.0018112 secs] [Times: user=0.01 sys=0.00, real=0.00 secs] 
2020-10-29T08:53:24.576+0000: [GC (Allocation Failure) 2020-10-29T08:53:24.576+0000: [ParNew: 16388K->4K(18432K), 0.0016637 secs] 244047K->227663K(328248K), 0.0017146 secs] [Times: user=0.00 sys=0.00, real=0.00 secs] 
2020-10-29T08:53:24.594+0000: [GC (Allocation Failure) 2020-10-29T08:53:24.594+0000: [ParNew: 16388K->4K(18432K), 0.0015412 secs] 244047K->227663K(328248K), 0.0015883 secs] [Times: user=0.01 sys=0.00, real=0.00 secs] 
2020-10-29T08:53:24.616+0000: [GC (Allocation Failure) 2020-10-29T08:53:24.616+0000: [ParNew: 16388K->4K(18432K), 0.0015078 secs] 244047K->227663K(328248K), 0.0015545 secs] [Times: user=0.00 sys=0.00, real=0.00 secs] 
2020-10-29T08:53:24.633+0000: [GC (Allocation Failure) 2020-10-29T08:53:24.633+0000: [ParNew: 16388K->4K(18432K), 0.0014467 secs] 244047K->227663K(328248K), 0.0014925 secs] [Times: user=0.01 sys=0.00, real=0.00 secs] 
2020-10-29T08:53:24.652+0000: [GC (Allocation Failure) 2020-10-29T08:53:24.652+0000: [ParNew: 16388K->4K(18432K), 0.0014433 secs] 244047K->227663K(328248K), 0.0014890 secs] [Times: user=0.00 sys=0.00, real=0.00 secs] 
2020-10-29T08:53:24.670+0000: [GC (Allocation Failure) 2020-10-29T08:53:24.670+0000: [ParNew: 16388K->4K(18432K), 0.0014921 secs] 244047K->227663K(328248K), 0.0015391 secs] [Times: user=0.00 sys=0.00, real=0.00 secs] 
2020-10-29T08:53:24.687+0000: [GC (Allocation Failure) 2020-10-29T08:53:24.687+0000: [ParNew: 16388K->4K(18432K), 0.0013986 secs] 244047K->227663K(328248K), 0.0014410 secs] [Times: user=0.01 sys=0.00, real=0.00 secs] 
2020-10-29T08:53:24.704+0000: [GC (Allocation Failure) 2020-10-29T08:53:24.704+0000: [ParNew: 16388K->4K(18432K), 0.0016107 secs] 244047K->227663K(328248K), 0.0016625 secs] [Times: user=0.00 sys=0.00, real=0.01 secs] 
2020-10-29T08:53:24.723+0000: [GC (Allocation Failure) 2020-10-29T08:53:24.723+0000: [ParNew: 16388K->4K(18432K), 0.0015281 secs] 244047K->227663K(328248K), 0.0015854 secs] [Times: user=0.01 sys=0.00, real=0.00 secs] 
2020-10-29T08:53:24.740+0000: [GC (Allocation Failure) 2020-10-29T08:53:24.740+0000: [ParNew: 16388K->4K(18432K), 0.0015312 secs] 244047K->227663K(328248K), 0.0015788 secs] [Times: user=0.00 sys=0.00, real=0.00 secs] 
2020-10-29T08:53:24.758+0000: [GC (Allocation Failure) 2020-10-29T08:53:24.758+0000: [ParNew: 16388K->4K(18432K), 0.0017737 secs] 244047K->227663K(328248K), 0.0018289 secs] [Times: user=0.01 sys=0.00, real=0.00 secs] 
2020-10-29T08:53:24.776+0000: [GC (Allocation Failure) 2020-10-29T08:53:24.776+0000: [ParNew: 16388K->4K(18432K), 0.0017393 secs] 244047K->227663K(328248K), 0.0017915 secs] [Times: user=0.00 sys=0.00, real=0.00 secs] 
2020-10-29T08:53:24.794+0000: [GC (Allocation Failure) 2020-10-29T08:53:24.794+0000: [ParNew: 16388K->4K(18432K), 0.0015840 secs] 244047K->227663K(328248K), 0.0016319 secs] [Times: user=0.01 sys=0.00, real=0.00 secs] 
2020-10-29T08:53:24.816+0000: [GC (Allocation Failure) 2020-10-29T08:53:24.816+0000: [ParNew: 16388K->4K(18432K), 0.0014955 secs] 244047K->227663K(328248K), 0.0015401 secs] [Times: user=0.00 sys=0.00, real=0.00 secs] 
2020-10-29T08:53:24.833+0000: [GC (Allocation Failure) 2020-10-29T08:53:24.834+0000: [ParNew: 16388K->4K(18432K), 0.0014355 secs] 244047K->227663K(328248K), 0.0014805 secs] [Times: user=0.00 sys=0.00, real=0.00 secs] 
2020-10-29T08:53:24.852+0000: [GC (Allocation Failure) 2020-10-29T08:53:24.853+0000: [ParNew: 16388K->4K(18432K), 0.0015311 secs] 244047K->227663K(328248K), 0.0015804 secs] [Times: user=0.00 sys=0.00, real=0.00 secs] 
2020-10-29T08:53:24.870+0000: [GC (Allocation Failure) 2020-10-29T08:53:24.870+0000: [ParNew: 16388K->4K(18432K), 0.0015616 secs] 244047K->227663K(328248K), 0.0016093 secs] [Times: user=0.00 sys=0.00, real=0.00 secs] 
2020-10-29T08:53:24.889+0000: [GC (Allocation Failure) 2020-10-29T08:53:24.890+0000: [ParNew: 16388K->4K(18432K), 0.0017254 secs] 244047K->227663K(328248K), 0.0017792 secs] [Times: user=0.01 sys=0.00, real=0.00 secs] 
2020-10-29T08:53:24.907+0000: [GC (Allocation Failure) 2020-10-29T08:53:24.907+0000: [ParNew: 16388K->4K(18432K), 0.0016350 secs] 244047K->227663K(328248K), 0.0016854 secs] [Times: user=0.00 sys=0.00, real=0.00 secs] 
2020-10-29T08:53:24.926+0000: [GC (Allocation Failure) 2020-10-29T08:53:24.926+0000: [ParNew: 16388K->4K(18432K), 0.0017424 secs] 244047K->227663K(328248K), 0.0017968 secs] [Times: user=0.01 sys=0.00, real=0.00 secs] 
2020-10-29T08:53:24.948+0000: [GC (Allocation Failure) 2020-10-29T08:53:24.948+0000: [ParNew: 16388K->4K(18432K), 0.0017690 secs] 244047K->227663K(328248K), 0.0018225 secs] [Times: user=0.00 sys=0.00, real=0.00 secs] 
2020-10-29T08:53:24.968+0000: [GC (Allocation Failure) 2020-10-29T08:53:24.968+0000: [ParNew: 16388K->4K(18432K), 0.0015939 secs] 244047K->227663K(328248K), 0.0016440 secs] [Times: user=0.00 sys=0.00, real=0.00 secs] 
2020-10-29T08:53:24.986+0000: [GC (Allocation Failure) 2020-10-29T08:53:24.986+0000: [ParNew: 16388K->4K(18432K), 0.0014044 secs] 244047K->227663K(328248K), 0.0014474 secs] [Times: user=0.00 sys=0.00, real=0.00 secs] 
2020-10-29T08:53:25.006+0000: [GC (Allocation Failure) 2020-10-29T08:53:25.006+0000: [ParNew: 16388K->4K(18432K), 0.0014849 secs] 244047K->227663K(328248K), 0.0015331 secs] [Times: user=0.00 sys=0.00, real=0.00 secs] 
2020-10-29T08:53:25.024+0000: [GC (Allocation Failure) 2020-10-29T08:53:25.024+0000: [ParNew: 16388K->4K(18432K), 0.0015003 secs] 244047K->227663K(328248K), 0.0015482 secs] [Times: user=0.00 sys=0.00, real=0.00 secs] 
2020-10-29T08:53:25.042+0000: [GC (Allocation Failure) 2020-10-29T08:53:25.042+0000: [ParNew: 16388K->4K(18432K), 0.0014962 secs] 244047K->227663K(328248K), 0.0015441 secs] [Times: user=0.00 sys=0.00, real=0.00 secs] 
2020-10-29T08:53:25.060+0000: [GC (Allocation Failure) 2020-10-29T08:53:25.060+0000: [ParNew: 16388K->4K(18432K), 0.0016797 secs] 244047K->227663K(328248K), 0.0017324 secs] [Times: user=0.00 sys=0.00, real=0.00 secs] 
2020-10-29T08:53:25.080+0000: [GC (Allocation Failure) 2020-10-29T08:53:25.080+0000: [ParNew: 16388K->4K(18432K), 0.0016228 secs] 244047K->227663K(328248K), 0.0016725 secs] [Times: user=0.01 sys=0.00, real=0.00 secs] 
2020-10-29T08:53:25.100+0000: [GC (Allocation Failure) 2020-10-29T08:53:25.101+0000: [ParNew: 16388K->4K(18432K), 0.0017324 secs] 244047K->227663K(328248K), 0.0017851 secs] [Times: user=0.00 sys=0.00, real=0.00 secs] 
2020-10-29T08:53:25.120+0000: [GC (Allocation Failure) 2020-10-29T08:53:25.121+0000: [ParNew: 16388K->4K(18432K), 0.0017330 secs] 244047K->227663K(328248K), 0.0017863 secs] [Times: user=0.01 sys=0.00, real=0.00 secs] 
2020-10-29T08:53:25.138+0000: [GC (Allocation Failure) 2020-10-29T08:53:25.138+0000: [ParNew: 16388K->4K(18432K), 0.0014656 secs] 244047K->227663K(328248K), 0.0015108 secs] [Times: user=0.00 sys=0.00, real=0.00 secs] 
2020-10-29T08:53:25.156+0000: [GC (Allocation Failure) 2020-10-29T08:53:25.156+0000: [ParNew: 16388K->4K(18432K), 0.0013871 secs] 244047K->227663K(328248K), 0.0014310 secs] [Times: user=0.00 sys=0.00, real=0.00 secs] 
2020-10-29T08:53:25.172+0000: [GC (Allocation Failure) 2020-10-29T08:53:25.172+0000: [ParNew: 13828K->4K(18432K), 0.0014268 secs] 241487K->227663K(328248K), 0.0014717 secs] [Times: user=0.00 sys=0.00, real=0.01 secs] 
2020-10-29T08:53:25.184+0000: [GC (Allocation Failure) 2020-10-29T08:53:25.184+0000: [ParNew: 16388K->4K(18432K), 0.0070294 secs] 244047K->235855K(328248K), 0.0070726 secs] [Times: user=0.01 sys=0.00, real=0.00 secs] 
2020-10-29T08:53:25.192+0000: [CMS-concurrent-abortable-preclean: 0.054/1.200 secs] [Times: user=2.16 sys=0.09, real=1.20 secs] 
2020-10-29T08:53:25.192+0000: [GC (CMS Final Remark) [YG occupancy: 330 K (18432 K)]2020-10-29T08:53:25.192+0000: [Rescan (parallel) , 0.0011165 secs]2020-10-29T08:53:25.193+0000: [weak refs processing, 0.0000558 secs]2020-10-29T08:53:25.193+0000: [class unloading, 0.0076366 secs]2020-10-29T08:53:25.201+0000: [scrub symbol table, 0.0088900 secs]2020-10-29T08:53:25.210+0000: [scrub string table, 0.0005503 secs][1 CMS-remark: 235851K(309816K)] 236182K(328248K), 0.0183434 secs] [Times: user=0.02 sys=0.00, real=0.02 secs] 
2020-10-29T08:53:25.212+0000: [CMS-concurrent-sweep-start]
2020-10-29T08:53:25.232+0000: [CMS-concurrent-sweep: 0.019/0.019 secs] [Times: user=0.04 sys=0.00, real=0.01 secs] 
2020-10-29T08:53:25.232+0000: [CMS-concurrent-reset-start]
2020-10-29T08:53:25.234+0000: [CMS-concurrent-reset: 0.002/0.002 secs] [Times: user=0.00 sys=0.00, real=0.01 secs] 
2020-10-29T08:53:25.235+0000: [GC (Allocation Failure) 2020-10-29T08:53:25.235+0000: [ParNew: 16388K->4K(18432K), 0.0019791 secs] 240654K->224270K(392212K), 0.0020344 secs] [Times: user=0.00 sys=0.00, real=0.00 secs] 
2020-10-29T08:53:25.253+0000: [GC (Allocation Failure) 2020-10-29T08:53:25.253+0000: [ParNew: 16388K->4K(18432K), 0.0018229 secs] 240654K->224270K(392212K), 0.0018639 secs] [Times: user=0.01 sys=0.00, real=0.00 secs] 
2020-10-29T08:53:25.270+0000: [GC (Allocation Failure) 2020-10-29T08:53:25.270+0000: [ParNew: 16388K->4K(18432K), 0.0018416 secs] 240654K->224270K(392212K), 0.0018919 secs] [Times: user=0.00 sys=0.00, real=0.00 secs] 
2020-10-29T08:53:25.288+0000: [GC (Allocation Failure) 2020-10-29T08:53:25.288+0000: [ParNew: 16388K->4K(18432K), 0.0018109 secs] 240654K->224270K(392212K), 0.0018551 secs] [Times: user=0.01 sys=0.00, real=0.00 secs] 
2020-10-29T08:53:25.306+0000: [GC (Allocation Failure) 2020-10-29T08:53:25.306+0000: [ParNew: 16388K->4K(18432K), 0.0018021 secs] 240654K->224270K(392212K), 0.0018475 secs] [Times: user=0.00 sys=0.00, real=0.00 secs] 
2020-10-29T08:53:25.324+0000: [GC (Allocation Failure) 2020-10-29T08:53:25.325+0000: [ParNew: 16388K->4K(18432K), 0.0018142 secs] 240654K->224270K(392212K), 0.0018602 secs] [Times: user=0.01 sys=0.00, real=0.00 secs] 
2020-10-29T08:53:25.342+0000: [GC (Allocation Failure) 2020-10-29T08:53:25.342+0000: [ParNew: 16388K->4K(18432K), 0.0018435 secs] 240654K->224270K(392212K), 0.0018961 secs] [Times: user=0.00 sys=0.00, real=0.00 secs] 
2020-10-29T08:53:25.360+0000: [GC (Allocation Failure) 2020-10-29T08:53:25.360+0000: [ParNew: 16388K->4K(18432K), 0.0018199 secs] 240654K->224270K(392212K), 0.0018736 secs] [Times: user=0.01 sys=0.00, real=0.00 secs] 
2020-10-29T08:53:25.380+0000: [GC (Allocation Failure) 2020-10-29T08:53:25.380+0000: [ParNew: 16388K->4K(18432K), 0.0018344 secs] 240654K->224270K(392212K), 0.0018815 secs] [Times: user=0.01 sys=0.00, real=0.00 secs] 
2020-10-29T08:53:25.396+0000: [GC (Allocation Failure) 2020-10-29T08:53:25.396+0000: [ParNew: 14547K->4K(18432K), 0.0018744 secs] 238814K->224270K(392212K), 0.0019204 secs] [Times: user=0.01 sys=0.00, real=0.00 secs] 
2020-10-29T08:53:25.407+0000: [GC (Allocation Failure) 2020-10-29T08:53:25.407+0000: [ParNew: 16388K->4K(18432K), 0.0096901 secs] 240654K->232462K(392212K), 0.0097391 secs] [Times: user=0.01 sys=0.00, real=0.01 secs] 
2020-10-29T08:53:25.425+0000: [GC (CMS Initial Mark) [1 CMS-initial-mark: 232458K(373780K)] 238547K(392212K), 0.0045586 secs] [Times: user=0.01 sys=0.00, real=0.00 secs] 
2020-10-29T08:53:25.429+0000: [CMS-concurrent-mark-start]
2020-10-29T08:53:25.452+0000: [GC (Allocation Failure) 2020-10-29T08:53:25.453+0000: [ParNew: 16388K->4K(18432K), 0.0018670 secs] 248846K->232462K(392212K), 0.0019209 secs] [Times: user=0.00 sys=0.00, real=0.00 secs] 
2020-10-29T08:53:25.475+0000: [GC (Allocation Failure) 2020-10-29T08:53:25.475+0000: [ParNew: 16388K->4K(18432K), 0.0018910 secs] 248846K->232462K(392212K), 0.0019446 secs] [Times: user=0.00 sys=0.00, real=0.00 secs] 
2020-10-29T08:53:25.498+0000: [CMS-concurrent-mark: 0.056/0.069 secs] [Times: user=0.13 sys=0.00, real=0.07 secs] 
2020-10-29T08:53:25.499+0000: [GC (Allocation Failure) 2020-10-29T08:53:25.499+0000: [ParNew: 16388K->4K(18432K), 0.0019717 secs] 248846K->232462K(392212K), 0.0020107 secs] [Times: user=0.00 sys=0.00, real=0.00 secs] 
2020-10-29T08:53:25.508+0000: [CMS-concurrent-preclean-start]
2020-10-29T08:53:25.510+0000: [CMS-concurrent-preclean: 0.002/0.002 secs] [Times: user=0.00 sys=0.00, real=0.00 secs] 
2020-10-29T08:53:25.510+0000: [CMS-concurrent-abortable-preclean-start]
2020-10-29T08:53:25.517+0000: [GC (Allocation Failure) 2020-10-29T08:53:25.517+0000: [ParNew: 16388K->4K(18432K), 0.0016686 secs] 248846K->232462K(392212K), 0.0017126 secs] [Times: user=0.01 sys=0.00, real=0.00 secs] 
2020-10-29T08:53:25.535+0000: [GC (Allocation Failure) 2020-10-29T08:53:25.535+0000: [ParNew: 16388K->4K(18432K), 0.0018884 secs] 248846K->232462K(392212K), 0.0019410 secs] [Times: user=0.00 sys=0.00, real=0.00 secs] 
2020-10-29T08:53:25.554+0000: [GC (Allocation Failure) 2020-10-29T08:53:25.554+0000: [ParNew: 16388K->4K(18432K), 0.0017963 secs] 248846K->232462K(392212K), 0.0018468 secs] [Times: user=0.01 sys=0.00, real=0.00 secs] 
2020-10-29T08:53:25.572+0000: [GC (Allocation Failure) 2020-10-29T08:53:25.573+0000: [ParNew: 16388K->4K(18432K), 0.0017801 secs] 248846K->232462K(392212K), 0.0018293 secs] [Times: user=0.01 sys=0.00, real=0.00 secs] 
2020-10-29T08:53:25.591+0000: [GC (Allocation Failure) 2020-10-29T08:53:25.591+0000: [ParNew: 16388K->4K(18432K), 0.0019410 secs] 248846K->232462K(392212K), 0.0019948 secs] [Times: user=0.00 sys=0.00, real=0.01 secs] 
2020-10-29T08:53:25.609+0000: [GC (Allocation Failure) 2020-10-29T08:53:25.609+0000: [ParNew: 16388K->4K(18432K), 0.0018768 secs] 248846K->232462K(392212K), 0.0019294 secs] [Times: user=0.00 sys=0.00, real=0.00 secs] 
2020-10-29T08:53:25.627+0000: [GC (Allocation Failure) 2020-10-29T08:53:25.627+0000: [ParNew: 16388K->4K(18432K), 0.0017342 secs] 248846K->232462K(392212K), 0.0017836 secs] [Times: user=0.00 sys=0.00, real=0.00 secs] 
2020-10-29T08:53:25.645+0000: [GC (Allocation Failure) 2020-10-29T08:53:25.645+0000: [ParNew: 16388K->4K(18432K), 0.0018026 secs] 248846K->232462K(392212K), 0.0018624 secs] [Times: user=0.00 sys=0.00, real=0.00 secs] 
2020-10-29T08:53:25.662+0000: [GC (Allocation Failure) 2020-10-29T08:53:25.662+0000: [ParNew: 16388K->4K(18432K), 0.0015611 secs] 248846K->232462K(392212K), 0.0016043 secs] [Times: user=0.00 sys=0.00, real=0.00 secs] 
2020-10-29T08:53:25.680+0000: [GC (Allocation Failure) 2020-10-29T08:53:25.680+0000: [ParNew: 16388K->4K(18432K), 0.0015641 secs] 248846K->232462K(392212K), 0.0016160 secs] [Times: user=0.00 sys=0.00, real=0.00 secs] 
2020-10-29T08:53:25.700+0000: [GC (Allocation Failure) 2020-10-29T08:53:25.700+0000: [ParNew: 16388K->4K(18432K), 0.0016269 secs] 248846K->232462K(392212K), 0.0016739 secs] [Times: user=0.00 sys=0.00, real=0.00 secs] 
2020-10-29T08:53:25.732+0000: [GC (Allocation Failure) 2020-10-29T08:53:25.733+0000: [ParNew: 16388K->4K(18432K), 0.0056753 secs] 248846K->232462K(392212K), 0.0057462 secs] [Times: user=0.01 sys=0.00, real=0.00 secs] 
2020-10-29T08:53:25.772+0000: [GC (Allocation Failure) 2020-10-29T08:53:25.773+0000: [ParNew: 16388K->2K(18432K), 0.0039754 secs] 248846K->232460K(392212K), 0.0040495 secs] [Times: user=0.00 sys=0.00, real=0.00 secs] 
2020-10-29T08:53:25.796+0000: [GC (Allocation Failure) 2020-10-29T08:53:25.797+0000: [ParNew: 16386K->4K(18432K), 0.0037258 secs] 248844K->232462K(392212K), 0.0037779 secs] [Times: user=0.01 sys=0.00, real=0.00 secs] 
2020-10-29T08:53:25.800+0000: [CMS-concurrent-abortable-preclean: 0.019/0.290 secs] [Times: user=0.46 sys=0.03, real=0.29 secs] 
2020-10-29T08:53:25.805+0000: [GC (CMS Final Remark) [YG occupancy: 2426 K (18432 K)]2020-10-29T08:53:25.805+0000: [Rescan (parallel) , 0.0050446 secs]2020-10-29T08:53:25.810+0000: [weak refs processing, 0.0000280 secs]2020-10-29T08:53:25.810+0000: [class unloading, 0.0095232 secs]2020-10-29T08:53:25.819+0000: [scrub symbol table, 0.0105960 secs]2020-10-29T08:53:25.830+0000: [scrub string table, 0.0008188 secs][1 CMS-remark: 232458K(373780K)] 234885K(392212K), 0.0261352 secs] [Times: user=0.03 sys=0.00, real=0.02 secs] 
2020-10-29T08:53:25.836+0000: [CMS-concurrent-sweep-start]
2020-10-29T08:53:25.860+0000: [GC (Allocation Failure) 2020-10-29T08:53:25.860+0000: [ParNew: 16388K->4K(18432K), 0.0038818 secs] 248819K->232435K(392212K), 0.0039428 secs] [Times: user=0.00 sys=0.00, real=0.00 secs] 
2020-10-29T08:53:25.866+0000: [CMS-concurrent-sweep: 0.021/0.029 secs] [Times: user=0.03 sys=0.00, real=0.03 secs] 
2020-10-29T08:53:25.866+0000: [CMS-concurrent-reset-start]
2020-10-29T08:53:25.867+0000: [CMS-concurrent-reset: 0.002/0.002 secs] [Times: user=0.01 sys=0.00, real=0.00 secs] 
2020-10-29T08:53:25.896+0000: [GC (Allocation Failure) 2020-10-29T08:53:25.897+0000: [ParNew: 16388K->4K(18432K), 0.0019446 secs] 244657K->228273K(398884K), 0.0019958 secs] [Times: user=0.01 sys=0.00, real=0.00 secs] 
2020-10-29T08:53:25.916+0000: [GC (Allocation Failure) 2020-10-29T08:53:25.916+0000: [ParNew: 16388K->4K(18432K), 0.0018753 secs] 244657K->228273K(398884K), 0.0019231 secs] [Times: user=0.00 sys=0.00, real=0.00 secs] 
2020-10-29T08:53:25.934+0000: [GC (Allocation Failure) 2020-10-29T08:53:25.934+0000: [ParNew: 16388K->4K(18432K), 0.0018676 secs] 244657K->228273K(398884K), 0.0019173 secs] [Times: user=0.00 sys=0.00, real=0.00 secs] 
2020-10-29T08:53:25.945+0000: [GC (Allocation Failure) 2020-10-29T08:53:25.945+0000: [ParNew: 16388K->4K(18432K), 0.0024975 secs] 244657K->236465K(398884K), 0.0025441 secs] [Times: user=0.00 sys=0.00, real=0.00 secs] 
2020-10-29T08:53:25.952+0000: [GC (CMS Initial Mark) [1 CMS-initial-mark: 236461K(380452K)] 237473K(398884K), 0.0017800 secs] [Times: user=0.00 sys=0.00, real=0.01 secs] 
2020-10-29T08:53:25.954+0000: [CMS-concurrent-mark-start]
2020-10-29T08:53:25.980+0000: [GC (Allocation Failure) 2020-10-29T08:53:25.980+0000: [ParNew: 16388K->4K(18432K), 0.0018327 secs] 252849K->236465K(398884K), 0.0018841 secs] [Times: user=0.00 sys=0.00, real=0.00 secs] 
2020-10-29T08:53:26.003+0000: [GC (Allocation Failure) 2020-10-29T08:53:26.003+0000: [ParNew: 16388K->4K(18432K), 0.0018660 secs] 252849K->236465K(398884K), 0.0019178 secs] [Times: user=0.01 sys=0.00, real=0.01 secs] 
2020-10-29T08:53:26.028+0000: [GC (Allocation Failure) 2020-10-29T08:53:26.028+0000: [ParNew: 16388K->4K(18432K), 0.0018130 secs] 252849K->236465K(398884K), 0.0018637 secs] [Times: user=0.00 sys=0.00, real=0.00 secs] 
2020-10-29T08:53:26.051+0000: [CMS-concurrent-mark: 0.074/0.097 secs] [Times: user=0.18 sys=0.00, real=0.09 secs] 
2020-10-29T08:53:26.051+0000: [GC (Allocation Failure) 2020-10-29T08:53:26.051+0000: [ParNew: 16388K->4K(18432K), 0.0019356 secs] 252849K->236465K(398884K), 0.0019748 secs] [Times: user=0.00 sys=0.00, real=0.01 secs] 
2020-10-29T08:53:26.053+0000: [CMS-concurrent-preclean-start]
2020-10-29T08:53:26.054+0000: [CMS-concurrent-preclean: 0.001/0.001 secs] [Times: user=0.00 sys=0.00, real=0.00 secs] 
2020-10-29T08:53:26.054+0000: [GC (CMS Final Remark) [YG occupancy: 827 K (18432 K)]2020-10-29T08:53:26.055+0000: [Rescan (parallel) , 0.0015298 secs]2020-10-29T08:53:26.056+0000: [weak refs processing, 0.0000244 secs]2020-10-29T08:53:26.056+0000: [class unloading, 0.0076055 secs]2020-10-29T08:53:26.064+0000: [scrub symbol table, 0.0090402 secs]2020-10-29T08:53:26.073+0000: [scrub string table, 0.0005596 secs][1 CMS-remark: 236461K(380452K)] 237289K(398884K), 0.0188614 secs] [Times: user=0.02 sys=0.00, real=0.02 secs] 
2020-10-29T08:53:26.073+0000: [CMS-concurrent-sweep-start]
2020-10-29T08:53:26.085+0000: [CMS-concurrent-sweep: 0.012/0.012 secs] [Times: user=0.03 sys=0.00, real=0.01 secs] 
2020-10-29T08:53:26.085+0000: [CMS-concurrent-reset-start]
2020-10-29T08:53:26.087+0000: [CMS-concurrent-reset: 0.002/0.002 secs] [Times: user=0.00 sys=0.00, real=0.00 secs] 
2020-10-29T08:53:26.096+0000: [GC (Allocation Failure) 2020-10-29T08:53:26.096+0000: [ParNew: 16388K->4K(18432K), 0.0019854 secs] 252849K->236465K(412536K), 0.0020338 secs] [Times: user=0.00 sys=0.00, real=0.00 secs] 
2020-10-29T08:53:26.116+0000: [GC (Allocation Failure) 2020-10-29T08:53:26.117+0000: [ParNew: 16388K->4K(18432K), 0.0019605 secs] 252849K->236465K(412536K), 0.0020122 secs] [Times: user=0.00 sys=0.00, real=0.00 secs] 
2020-10-29T08:53:26.134+0000: [GC (Allocation Failure) 2020-10-29T08:53:26.134+0000: [ParNew: 16374K->4K(18432K), 0.0018791 secs] 252836K->236465K(412536K), 0.0019267 secs] [Times: user=0.00 sys=0.00, real=0.00 secs] 
2020-10-29T08:53:26.151+0000: [GC (Allocation Failure) 2020-10-29T08:53:26.151+0000: [ParNew: 16388K->4K(18432K), 0.0018781 secs] 252849K->236465K(412536K), 0.0019230 secs] [Times: user=0.01 sys=0.00, real=0.01 secs] 
2020-10-29T08:53:26.172+0000: [GC (Allocation Failure) 2020-10-29T08:53:26.172+0000: [ParNew: 16388K->4K(18432K), 0.0019275 secs] 252849K->236465K(412536K), 0.0019806 secs] [Times: user=0.01 sys=0.00, real=0.00 secs] 
2020-10-29T08:53:26.190+0000: [GC (Allocation Failure) 2020-10-29T08:53:26.190+0000: [ParNew: 16388K->4K(18432K), 0.0019337 secs] 252849K->236465K(412536K), 0.0019805 secs] [Times: user=0.00 sys=0.00, real=0.00 secs] 
2020-10-29T08:53:26.215+0000: [GC (Allocation Failure) 2020-10-29T08:53:26.215+0000: [ParNew: 16388K->4K(18432K), 0.0020142 secs] 269233K->252849K(412536K), 0.0020790 secs] [Times: user=0.00 sys=0.00, real=0.00 secs] 
2020-10-29T08:53:26.220+0000: [GC (CMS Initial Mark) [1 CMS-initial-mark: 252845K(394104K)] 253246K(412536K), 0.0011682 secs] [Times: user=0.00 sys=0.00, real=0.00 secs] 
2020-10-29T08:53:26.222+0000: [CMS-concurrent-mark-start]
2020-10-29T08:53:26.248+0000: [GC (Allocation Failure) 2020-10-29T08:53:26.248+0000: [ParNew: 16388K->4K(18432K), 0.0018622 secs] 269233K->252849K(412536K), 0.0019162 secs] [Times: user=0.00 sys=0.00, real=0.00 secs] 
2020-10-29T08:53:26.275+0000: [CMS-concurrent-mark: 0.051/0.054 secs] [Times: user=0.10 sys=0.00, real=0.06 secs] 
2020-10-29T08:53:26.275+0000: [CMS-concurrent-preclean-start]
2020-10-29T08:53:26.277+0000: [CMS-concurrent-preclean: 0.002/0.002 secs] [Times: user=0.01 sys=0.00, real=0.00 secs] 
2020-10-29T08:53:26.277+0000: [CMS-concurrent-abortable-preclean-start]
2020-10-29T08:53:26.278+0000: [GC (Allocation Failure) 2020-10-29T08:53:26.278+0000: [ParNew: 16388K->4K(18432K), 0.0015753 secs] 269233K->252849K(412536K), 0.0016145 secs] [Times: user=0.00 sys=0.00, real=0.00 secs] 
2020-10-29T08:53:26.296+0000: [GC (Allocation Failure) 2020-10-29T08:53:26.297+0000: [ParNew: 16388K->4K(18432K), 0.0016645 secs] 269233K->252849K(412536K), 0.0017107 secs] [Times: user=0.01 sys=0.00, real=0.00 secs] 
2020-10-29T08:53:26.316+0000: [GC (Allocation Failure) 2020-10-29T08:53:26.317+0000: [ParNew: 16388K->4K(18432K), 0.0016570 secs] 269233K->252849K(412536K), 0.0017034 secs] [Times: user=0.01 sys=0.00, real=0.00 secs] 
2020-10-29T08:53:26.334+0000: [GC (Allocation Failure) 2020-10-29T08:53:26.334+0000: [ParNew: 16388K->4K(18432K), 0.0018074 secs] 269233K->252849K(412536K), 0.0018899 secs] [Times: user=0.00 sys=0.00, real=0.00 secs] 
2020-10-29T08:53:26.352+0000: [GC (Allocation Failure) 2020-10-29T08:53:26.352+0000: [ParNew: 16388K->4K(18432K), 0.0019092 secs] 269233K->252849K(412536K), 0.0019620 secs] [Times: user=0.01 sys=0.00, real=0.01 secs] 
2020-10-29T08:53:26.371+0000: [GC (Allocation Failure) 2020-10-29T08:53:26.371+0000: [ParNew: 16388K->4K(18432K), 0.0019624 secs] 269233K->252849K(412536K), 0.0020168 secs] [Times: user=0.00 sys=0.00, real=0.01 secs] 
2020-10-29T08:53:26.388+0000: [GC (Allocation Failure) 2020-10-29T08:53:26.388+0000: [ParNew: 16388K->4K(18432K), 0.0018532 secs] 269233K->252849K(412536K), 0.0019041 secs] [Times: user=0.01 sys=0.00, real=0.00 secs] 
2020-10-29T08:53:26.406+0000: [GC (Allocation Failure) 2020-10-29T08:53:26.406+0000: [ParNew: 16388K->4K(18432K), 0.0017708 secs] 269233K->252849K(412536K), 0.0018257 secs] [Times: user=0.01 sys=0.00, real=0.00 secs] 
2020-10-29T08:53:26.424+0000: [GC (Allocation Failure) 2020-10-29T08:53:26.424+0000: [ParNew: 16388K->4K(18432K), 0.0016831 secs] 269233K->252849K(412536K), 0.0017284 secs] [Times: user=0.01 sys=0.00, real=0.00 secs] 
2020-10-29T08:53:26.442+0000: [GC (Allocation Failure) 2020-10-29T08:53:26.442+0000: [ParNew: 16388K->4K(18432K), 0.0016918 secs] 269233K->252849K(412536K), 0.0017384 secs] [Times: user=0.01 sys=0.00, real=0.00 secs] 
2020-10-29T08:53:26.464+0000: [GC (Allocation Failure) 2020-10-29T08:53:26.464+0000: [ParNew: 16388K->4K(18432K), 0.0016812 secs] 269233K->252849K(412536K), 0.0017270 secs] [Times: user=0.00 sys=0.00, real=0.00 secs] 
2020-10-29T08:53:26.483+0000: [GC (Allocation Failure) 2020-10-29T08:53:26.483+0000: [ParNew: 16388K->4K(18432K), 0.0018327 secs] 269233K->252850K(412536K), 0.0018993 secs] [Times: user=0.00 sys=0.00, real=0.01 secs] 
2020-10-29T08:53:26.501+0000: [GC (Allocation Failure) 2020-10-29T08:53:26.501+0000: [ParNew: 16388K->4K(18432K), 0.0017536 secs] 269234K->252850K(412536K), 0.0018012 secs] [Times: user=0.00 sys=0.00, real=0.00 secs] 
2020-10-29T08:53:26.520+0000: [GC (Allocation Failure) 2020-10-29T08:53:26.521+0000: [ParNew: 16388K->4K(18432K), 0.0016651 secs] 269234K->252850K(412536K), 0.0017120 secs] [Times: user=0.01 sys=0.00, real=0.00 secs] 
2020-10-29T08:53:26.540+0000: [GC (Allocation Failure) 2020-10-29T08:53:26.540+0000: [ParNew: 16388K->4K(18432K), 0.0016785 secs] 269234K->252850K(412536K), 0.0017236 secs] [Times: user=0.00 sys=0.00, real=0.00 secs] 
2020-10-29T08:53:26.560+0000: [GC (Allocation Failure) 2020-10-29T08:53:26.560+0000: [ParNew: 16388K->4K(18432K), 0.0016409 secs] 269234K->252850K(412536K), 0.0016873 secs] [Times: user=0.00 sys=0.00, real=0.00 secs] 
2020-10-29T08:53:26.579+0000: [GC (Allocation Failure) 2020-10-29T08:53:26.579+0000: [ParNew: 16388K->4K(18432K), 0.0017252 secs] 269234K->252850K(412536K), 0.0017856 secs] [Times: user=0.00 sys=0.00, real=0.00 secs] 
2020-10-29T08:53:26.596+0000: [GC (Allocation Failure) 2020-10-29T08:53:26.597+0000: [ParNew: 16388K->4K(18432K), 0.0017117 secs] 269234K->252850K(412536K), 0.0017587 secs] [Times: user=0.00 sys=0.00, real=0.00 secs] 
2020-10-29T08:53:26.620+0000: [GC (Allocation Failure) 2020-10-29T08:53:26.620+0000: [ParNew: 16388K->4K(18432K), 0.0018472 secs] 269234K->252850K(412536K), 0.0018992 secs] [Times: user=0.01 sys=0.00, real=0.00 secs] 
2020-10-29T08:53:26.639+0000: [GC (Allocation Failure) 2020-10-29T08:53:26.639+0000: [ParNew: 16388K->4K(18432K), 0.0019234 secs] 269234K->252850K(412536K), 0.0019759 secs] [Times: user=0.00 sys=0.00, real=0.00 secs] 
2020-10-29T08:53:26.657+0000: [GC (Allocation Failure) 2020-10-29T08:53:26.657+0000: [ParNew: 16388K->4K(18432K), 0.0016990 secs] 269234K->252850K(412536K), 0.0017466 secs] [Times: user=0.00 sys=0.00, real=0.00 secs] 
2020-10-29T08:53:26.675+0000: [GC (Allocation Failure) 2020-10-29T08:53:26.675+0000: [ParNew: 16388K->4K(18432K), 0.0018372 secs] 269234K->252850K(412536K), 0.0018883 secs] [Times: user=0.00 sys=0.00, real=0.00 secs] 
2020-10-29T08:53:26.688+0000: [GC (Allocation Failure) 2020-10-29T08:53:26.689+0000: [ParNew: 16388K->4K(18432K), 0.0076533 secs] 269234K->261042K(412536K), 0.0077089 secs] [Times: user=0.01 sys=0.00, real=0.01 secs] 
2020-10-29T08:53:26.716+0000: [GC (Allocation Failure) 2020-10-29T08:53:26.716+0000: [ParNew: 16388K->4K(18432K), 0.0019527 secs] 277426K->261042K(412536K), 0.0020079 secs] [Times: user=0.00 sys=0.00, real=0.00 secs] 
2020-10-29T08:53:26.743+0000: [GC (Allocation Failure) 2020-10-29T08:53:26.743+0000: [ParNew: 16388K->4K(18432K), 0.0020124 secs] 277426K->261042K(412536K), 0.0020679 secs] [Times: user=0.00 sys=0.00, real=0.01 secs] 
2020-10-29T08:53:26.764+0000: [GC (Allocation Failure) 2020-10-29T08:53:26.765+0000: [ParNew: 16388K->4K(18432K), 0.0019783 secs] 277426K->261042K(412536K), 0.0020329 secs] [Times: user=0.00 sys=0.00, real=0.00 secs] 
2020-10-29T08:53:26.783+0000: [GC (Allocation Failure) 2020-10-29T08:53:26.783+0000: [ParNew: 16388K->4K(18432K), 0.0020229 secs] 277426K->261042K(412536K), 0.0020776 secs] [Times: user=0.01 sys=0.00, real=0.01 secs] 
2020-10-29T08:53:26.802+0000: [GC (Allocation Failure) 2020-10-29T08:53:26.802+0000: [ParNew: 16388K->4K(18432K), 0.0017867 secs] 277426K->261042K(412536K), 0.0018364 secs] [Times: user=0.00 sys=0.00, real=0.00 secs] 
2020-10-29T08:53:26.819+0000: [GC (Allocation Failure) 2020-10-29T08:53:26.819+0000: [ParNew: 16388K->4K(18432K), 0.0017384 secs] 277426K->261042K(412536K), 0.0017880 secs] [Times: user=0.01 sys=0.00, real=0.00 secs] 
2020-10-29T08:53:26.837+0000: [GC (Allocation Failure) 2020-10-29T08:53:26.837+0000: [ParNew: 16388K->4K(18432K), 0.0017378 secs] 277426K->261042K(412536K), 0.0017864 secs] [Times: user=0.00 sys=0.00, real=0.00 secs] 
2020-10-29T08:53:26.856+0000: [GC (Allocation Failure) 2020-10-29T08:53:26.856+0000: [ParNew: 16388K->4K(18432K), 0.0016965 secs] 277426K->261042K(412536K), 0.0017439 secs] [Times: user=0.01 sys=0.00, real=0.00 secs] 
2020-10-29T08:53:26.876+0000: [GC (Allocation Failure) 2020-10-29T08:53:26.876+0000: [ParNew: 16388K->4K(18432K), 0.0016668 secs] 277426K->261042K(412536K), 0.0017133 secs] [Times: user=0.01 sys=0.00, real=0.00 secs] 
2020-10-29T08:53:26.896+0000: [GC (Allocation Failure) 2020-10-29T08:53:26.896+0000: [ParNew: 16388K->4K(18432K), 0.0016515 secs] 277426K->261042K(412536K), 0.0016963 secs] [Times: user=0.00 sys=0.00, real=0.00 secs] 
2020-10-29T08:53:26.918+0000: [GC (Allocation Failure) 2020-10-29T08:53:26.918+0000: [ParNew: 16388K->4K(18432K), 0.0018284 secs] 277426K->261042K(412536K), 0.0018977 secs] [Times: user=0.01 sys=0.00, real=0.00 secs] 
2020-10-29T08:53:26.938+0000: [GC (Allocation Failure) 2020-10-29T08:53:26.938+0000: [ParNew: 16388K->4K(18432K), 0.0018041 secs] 277426K->261042K(412536K), 0.0018720 secs] [Times: user=0.00 sys=0.00, real=0.00 secs] 
2020-10-29T08:53:26.956+0000: [GC (Allocation Failure) 2020-10-29T08:53:26.956+0000: [ParNew: 16388K->4K(18432K), 0.0018039 secs] 277426K->261042K(412536K), 0.0018528 secs] [Times: user=0.01 sys=0.00, real=0.00 secs] 
2020-10-29T08:53:26.974+0000: [GC (Allocation Failure) 2020-10-29T08:53:26.974+0000: [ParNew: 16388K->4K(18432K), 0.0018444 secs] 277426K->261042K(412536K), 0.0018958 secs] [Times: user=0.00 sys=0.00, real=0.00 secs] 
2020-10-29T08:53:26.995+0000: [GC (Allocation Failure) 2020-10-29T08:53:26.995+0000: [ParNew: 16388K->4K(18432K), 0.0018906 secs] 277426K->261042K(412536K), 0.0019418 secs] [Times: user=0.01 sys=0.00, real=0.00 secs] 
2020-10-29T08:53:27.016+0000: [GC (Allocation Failure) 2020-10-29T08:53:27.016+0000: [ParNew: 16388K->4K(18432K), 0.0018173 secs] 277426K->261042K(412536K), 0.0018680 secs] [Times: user=0.01 sys=0.00, real=0.00 secs] 
2020-10-29T08:53:27.036+0000: [GC (Allocation Failure) 2020-10-29T08:53:27.036+0000: [ParNew: 16388K->4K(18432K), 0.0017852 secs] 277426K->261042K(412536K), 0.0018440 secs] [Times: user=0.01 sys=0.00, real=0.00 secs] 
2020-10-29T08:53:27.054+0000: [GC (Allocation Failure) 2020-10-29T08:53:27.054+0000: [ParNew: 16388K->4K(18432K), 0.0016948 secs] 277426K->261042K(412536K), 0.0017414 secs] [Times: user=0.00 sys=0.01, real=0.00 secs] 
2020-10-29T08:53:27.072+0000: [GC (Allocation Failure) 2020-10-29T08:53:27.072+0000: [ParNew: 16388K->4K(18432K), 0.0017716 secs] 277426K->261042K(412536K), 0.0018216 secs] [Times: user=0.01 sys=0.00, real=0.01 secs] 
2020-10-29T08:53:27.084+0000: [GC (Allocation Failure) 2020-10-29T08:53:27.084+0000: [ParNew: 10188K->4K(18432K), 0.0015136 secs] 271226K->261042K(412536K), 0.0015574 secs] [Times: user=0.00 sys=0.00, real=0.01 secs] 
2020-10-29T08:53:27.095+0000: [GC (Allocation Failure) 2020-10-29T08:53:27.095+0000: [ParNew: 16388K->4K(18432K), 0.0073979 secs] 277426K->269234K(412536K), 0.0074624 secs] [Times: user=0.01 sys=0.00, real=0.00 secs] 
2020-10-29T08:53:27.103+0000: [CMS-concurrent-abortable-preclean: 0.042/0.825 secs] [Times: user=1.42 sys=0.10, real=0.82 secs] 
2020-10-29T08:53:27.107+0000: [GC (CMS Final Remark) [YG occupancy: 1674 K (18432 K)]2020-10-29T08:53:27.107+0000: [Rescan (parallel) , 0.0021586 secs]2020-10-29T08:53:27.109+0000: [weak refs processing, 0.0000250 secs]2020-10-29T08:53:27.109+0000: [class unloading, 0.0076905 secs]2020-10-29T08:53:27.117+0000: [scrub symbol table, 0.0089042 secs]2020-10-29T08:53:27.126+0000: [scrub string table, 0.0005542 secs][1 CMS-remark: 269230K(394104K)] 270904K(412536K), 0.0194336 secs] [Times: user=0.02 sys=0.00, real=0.02 secs] 
2020-10-29T08:53:27.132+0000: [CMS-concurrent-sweep-start]
2020-10-29T08:53:27.148+0000: [GC (Allocation Failure) 2020-10-29T08:53:27.148+0000: [ParNew: 16388K->4K(18432K), 0.0019196 secs] 285617K->269233K(412536K), 0.0019688 secs] [Times: user=0.00 sys=0.00, real=0.00 secs] 
2020-10-29T08:53:27.155+0000: [CMS-concurrent-sweep: 0.015/0.022 secs] [Times: user=0.04 sys=0.00, real=0.02 secs] 
2020-10-29T08:53:27.155+0000: [CMS-concurrent-reset-start]
2020-10-29T08:53:27.157+0000: [CMS-concurrent-reset: 0.002/0.002 secs] [Times: user=0.00 sys=0.00, real=0.00 secs] 
2020-10-29T08:53:27.168+0000: [GC (Allocation Failure) 2020-10-29T08:53:27.168+0000: [ParNew: 16388K->4K(18432K), 0.0020983 secs] 285617K->269233K(467152K), 0.0021459 secs] [Times: user=0.00 sys=0.00, real=0.00 secs] 
2020-10-29T08:53:27.200+0000: [GC (Allocation Failure) 2020-10-29T08:53:27.201+0000: [ParNew: 16388K->2K(18432K), 0.0043139 secs] 285617K->269231K(467152K), 0.0043900 secs] [Times: user=0.00 sys=0.00, real=0.01 secs] 
2020-10-29T08:53:27.220+0000: [GC (Allocation Failure) 2020-10-29T08:53:27.220+0000: [ParNew: 16386K->4K(18432K), 0.0020645 secs] 285615K->269233K(467152K), 0.0021161 secs] [Times: user=0.00 sys=0.00, real=0.00 secs] 
2020-10-29T08:53:27.238+0000: [GC (Allocation Failure) 2020-10-29T08:53:27.238+0000: [ParNew: 16388K->4K(18432K), 0.0021072 secs] 285617K->269233K(467152K), 0.0021559 secs] [Times: user=0.01 sys=0.00, real=0.00 secs] 
2020-10-29T08:53:27.256+0000: [GC (Allocation Failure) 2020-10-29T08:53:27.256+0000: [ParNew: 16388K->4K(18432K), 0.0019445 secs] 285617K->269234K(467152K), 0.0019884 secs] [Times: user=0.00 sys=0.00, real=0.00 secs] 
2020-10-29T08:53:27.276+0000: [GC (Allocation Failure) 2020-10-29T08:53:27.276+0000: [ParNew: 16388K->4K(18432K), 0.0019758 secs] 285618K->269234K(467152K), 0.0020248 secs] [Times: user=0.00 sys=0.00, real=0.00 secs] 
2020-10-29T08:53:27.294+0000: [GC (Allocation Failure) 2020-10-29T08:53:27.294+0000: [ParNew: 16388K->4K(18432K), 0.0020141 secs] 285618K->269234K(467152K), 0.0020602 secs] [Times: user=0.01 sys=0.00, real=0.00 secs] 
2020-10-29T08:53:27.312+0000: [GC (Allocation Failure) 2020-10-29T08:53:27.312+0000: [ParNew: 16388K->4K(18432K), 0.0019538 secs] 285618K->269234K(467152K), 0.0019997 secs] [Times: user=0.01 sys=0.00, real=0.00 secs] 
2020-10-29T08:53:27.330+0000: [GC (Allocation Failure) 2020-10-29T08:53:27.330+0000: [ParNew: 16388K->4K(18432K), 0.0018888 secs] 285618K->269234K(467152K), 0.0019321 secs] [Times: user=0.00 sys=0.00, real=0.00 secs] 
2020-10-29T08:53:27.348+0000: [GC (Allocation Failure) 2020-10-29T08:53:27.348+0000: [ParNew: 16388K->4K(18432K), 0.0019724 secs] 285618K->269234K(467152K), 0.0020255 secs] [Times: user=0.01 sys=0.00, real=0.00 secs] 
2020-10-29T08:53:27.364+0000: [GC (Allocation Failure) 2020-10-29T08:53:27.364+0000: [ParNew: 14268K->4K(18432K), 0.0019066 secs] 283498K->269234K(467152K), 0.0019503 secs] [Times: user=0.01 sys=0.00, real=0.01 secs] 
2020-10-29T08:53:27.376+0000: [GC (Allocation Failure) 2020-10-29T08:53:27.376+0000: [ParNew: 16388K->4K(18432K), 0.0112057 secs] 285618K->277426K(467152K), 0.0112495 secs] [Times: user=0.01 sys=0.01, real=0.01 secs] 
2020-10-29T08:53:27.400+0000: [GC (CMS Initial Mark) [1 CMS-initial-mark: 277422K(448720K)] 286639K(467152K), 0.0062591 secs] [Times: user=0.01 sys=0.00, real=0.01 secs] 
2020-10-29T08:53:27.406+0000: [CMS-concurrent-mark-start]
2020-10-29T08:53:27.419+0000: [GC (Allocation Failure) 2020-10-29T08:53:27.419+0000: [ParNew: 16388K->4K(18432K), 0.0019547 secs] 293810K->277426K(467152K), 0.0020012 secs] [Times: user=0.00 sys=0.00, real=0.00 secs] 
2020-10-29T08:53:27.447+0000: [GC (Allocation Failure) 2020-10-29T08:53:27.447+0000: [ParNew: 16388K->4K(18432K), 0.0019908 secs] 293810K->277426K(467152K), 0.0020421 secs] [Times: user=0.01 sys=0.00, real=0.00 secs] 
2020-10-29T08:53:27.470+0000: [CMS-concurrent-mark: 0.048/0.064 secs] [Times: user=0.13 sys=0.00, real=0.06 secs] 
2020-10-29T08:53:27.470+0000: [GC (Allocation Failure) 2020-10-29T08:53:27.470+0000: [ParNew: 16388K->4K(18432K), 0.0020389 secs] 293810K->277426K(467152K), 0.0020780 secs] [Times: user=0.00 sys=0.00, real=0.00 secs] 
2020-10-29T08:53:27.472+0000: [CMS-concurrent-preclean-start]
2020-10-29T08:53:27.473+0000: [CMS-concurrent-preclean: 0.001/0.001 secs] [Times: user=0.00 sys=0.00, real=0.01 secs] 
2020-10-29T08:53:27.477+0000: [GC (CMS Final Remark) [YG occupancy: 987 K (18432 K)]2020-10-29T08:53:27.477+0000: [Rescan (parallel) , 0.0016421 secs]2020-10-29T08:53:27.479+0000: [weak refs processing, 0.0000273 secs]2020-10-29T08:53:27.479+0000: [class unloading, 0.0075752 secs]2020-10-29T08:53:27.486+0000: [scrub symbol table, 0.0089594 secs]2020-10-29T08:53:27.495+0000: [scrub string table, 0.0005509 secs][1 CMS-remark: 277422K(448720K)] 278409K(467152K), 0.0188574 secs] [Times: user=0.02 sys=0.00, real=0.02 secs] 
2020-10-29T08:53:27.501+0000: [CMS-concurrent-sweep-start]
2020-10-29T08:53:27.517+0000: [GC (Allocation Failure) 2020-10-29T08:53:27.517+0000: [ParNew: 16388K->4K(18432K), 0.0020636 secs] 293809K->277425K(467152K), 0.0021162 secs] [Times: user=0.00 sys=0.00, real=0.00 secs] 
2020-10-29T08:53:27.520+0000: [CMS-concurrent-sweep: 0.017/0.019 secs] [Times: user=0.03 sys=0.00, real=0.02 secs] 
2020-10-29T08:53:27.520+0000: [CMS-concurrent-reset-start]
2020-10-29T08:53:27.522+0000: [CMS-concurrent-reset: 0.002/0.002 secs] [Times: user=0.00 sys=0.00, real=0.00 secs] 
2020-10-29T08:53:27.536+0000: [GC (Allocation Failure) 2020-10-29T08:53:27.536+0000: [ParNew: 16388K->4K(18432K), 0.0021305 secs] 293809K->277425K(480804K), 0.0021769 secs] [Times: user=0.01 sys=0.00, real=0.00 secs] 
2020-10-29T08:53:27.554+0000: [GC (Allocation Failure) 2020-10-29T08:53:27.554+0000: [ParNew: 16388K->4K(18432K), 0.0021476 secs] 293809K->277425K(480804K), 0.0021991 secs] [Times: user=0.00 sys=0.00, real=0.00 secs] 
2020-10-29T08:53:27.572+0000: [GC (Allocation Failure) 2020-10-29T08:53:27.573+0000: [ParNew: 16388K->4K(18432K), 0.0020301 secs] 293809K->277425K(480804K), 0.0020785 secs] [Times: user=0.01 sys=0.00, real=0.00 secs] 
2020-10-29T08:53:27.592+0000: [GC (Allocation Failure) 2020-10-29T08:53:27.592+0000: [ParNew: 16388K->4K(18432K), 0.0020292 secs] 293809K->277425K(480804K), 0.0020755 secs] [Times: user=0.00 sys=0.00, real=0.00 secs] 
2020-10-29T08:53:27.610+0000: [GC (Allocation Failure) 2020-10-29T08:53:27.610+0000: [ParNew: 16388K->4K(18432K), 0.0020480 secs] 293809K->277425K(480804K), 0.0020956 secs] [Times: user=0.01 sys=0.00, real=0.00 secs] 
2020-10-29T08:53:27.628+0000: [GC (Allocation Failure) 2020-10-29T08:53:27.628+0000: [ParNew: 16388K->4K(18432K), 0.0020549 secs] 293809K->277425K(480804K), 0.0021128 secs] [Times: user=0.00 sys=0.00, real=0.00 secs] 
2020-10-29T08:53:27.648+0000: [GC (Allocation Failure) 2020-10-29T08:53:27.648+0000: [ParNew: 16388K->4K(18432K), 0.0020790 secs] 293809K->277425K(480804K), 0.0021303 secs] [Times: user=0.01 sys=0.00, real=0.00 secs] 
2020-10-29T08:53:27.668+0000: [GC (Allocation Failure) 2020-10-29T08:53:27.668+0000: [ParNew: 16388K->4K(18432K), 0.0020840 secs] 293809K->277425K(480804K), 0.0021359 secs] [Times: user=0.00 sys=0.00, real=0.00 secs] 
2020-10-29T08:53:27.688+0000: [GC (Allocation Failure) 2020-10-29T08:53:27.688+0000: [ParNew: 16388K->4K(18432K), 0.0021244 secs] 293809K->277425K(480804K), 0.0021774 secs] [Times: user=0.00 sys=0.00, real=0.00 secs] 
2020-10-29T08:53:27.707+0000: [GC (Allocation Failure) 2020-10-29T08:53:27.707+0000: [ParNew: 16388K->4K(18432K), 0.0021092 secs] 293809K->277425K(480804K), 0.0021629 secs] [Times: user=0.00 sys=0.00, real=0.00 secs] 
2020-10-29T08:53:27.726+0000: [GC (Allocation Failure) 2020-10-29T08:53:27.726+0000: [ParNew: 16388K->4K(18432K), 0.0020902 secs] 293809K->277425K(480804K), 0.0021366 secs] [Times: user=0.00 sys=0.00, real=0.00 secs] 
2020-10-29T08:53:27.744+0000: [GC (Allocation Failure) 2020-10-29T08:53:27.744+0000: [ParNew: 16388K->4K(18432K), 0.0020894 secs] 293809K->277425K(480804K), 0.0021375 secs] [Times: user=0.01 sys=0.00, real=0.01 secs] 
2020-10-29T08:53:27.764+0000: [GC (Allocation Failure) 2020-10-29T08:53:27.765+0000: [ParNew: 16388K->4K(18432K), 0.0020902 secs] 293809K->277425K(480804K), 0.0021450 secs] [Times: user=0.00 sys=0.00, real=0.00 secs] 
2020-10-29T08:53:27.784+0000: [GC (Allocation Failure) 2020-10-29T08:53:27.785+0000: [ParNew: 16388K->4K(18432K), 0.0021749 secs] 293809K->277425K(480804K), 0.0022285 secs] [Times: user=0.01 sys=0.00, real=0.00 secs] 
2020-10-29T08:53:27.803+0000: [GC (Allocation Failure) 2020-10-29T08:53:27.803+0000: [ParNew: 16388K->4K(18432K), 0.0020378 secs] 293809K->277425K(480804K), 0.0020859 secs] [Times: user=0.00 sys=0.00, real=0.01 secs] 
2020-10-29T08:53:27.821+0000: [GC (Allocation Failure) 2020-10-29T08:53:27.821+0000: [ParNew: 16388K->4K(18432K), 0.0020202 secs] 293809K->277425K(480804K), 0.0020664 secs] [Times: user=0.00 sys=0.00, real=0.00 secs] 
2020-10-29T08:53:27.854+0000: [GC (Allocation Failure) 2020-10-29T08:53:27.854+0000: [ParNew: 16388K->4K(18432K), 0.0021054 secs] 326577K->310193K(480804K), 0.0021774 secs] [Times: user=0.01 sys=0.00, real=0.00 secs] 
2020-10-29T08:53:27.856+0000: [GC (CMS Initial Mark) [1 CMS-initial-mark: 310189K(462372K)] 310385K(480804K), 0.0011723 secs] [Times: user=0.00 sys=0.00, real=0.00 secs] 
2020-10-29T08:53:27.858+0000: [CMS-concurrent-mark-start]
2020-10-29T08:53:27.879+0000: [GC (Allocation Failure) 2020-10-29T08:53:27.879+0000: [ParNew: 16388K->4K(18432K), 0.0020837 secs] 326577K->310193K(480804K), 0.0021426 secs] [Times: user=0.01 sys=0.00, real=0.00 secs] 
2020-10-29T08:53:27.912+0000: [CMS-concurrent-mark: 0.052/0.055 secs] [Times: user=0.11 sys=0.00, real=0.05 secs] 
2020-10-29T08:53:27.912+0000: [GC (Allocation Failure) 2020-10-29T08:53:27.912+0000: [ParNew: 16388K->4K(18432K), 0.0020572 secs] 326577K->310193K(480804K), 0.0020965 secs] [Times: user=0.00 sys=0.00, real=0.00 secs] 
2020-10-29T08:53:27.915+0000: [CMS-concurrent-preclean-start]
2020-10-29T08:53:27.916+0000: [CMS-concurrent-preclean: 0.001/0.001 secs] [Times: user=0.00 sys=0.00, real=0.00 secs] 
2020-10-29T08:53:27.920+0000: [GC (CMS Final Remark) [YG occupancy: 1050 K (18432 K)]2020-10-29T08:53:27.920+0000: [Rescan (parallel) , 0.0017000 secs]2020-10-29T08:53:27.922+0000: [weak refs processing, 0.0000260 secs]2020-10-29T08:53:27.922+0000: [class unloading, 0.0076569 secs]2020-10-29T08:53:27.930+0000: [scrub symbol table, 0.0090176 secs]2020-10-29T08:53:27.939+0000: [scrub string table, 0.0005565 secs][1 CMS-remark: 310189K(462372K)] 311240K(480804K), 0.0190647 secs] [Times: user=0.02 sys=0.00, real=0.02 secs] 
2020-10-29T08:53:27.944+0000: [CMS-concurrent-sweep-start]
2020-10-29T08:53:27.959+0000: [GC (Allocation Failure) 2020-10-29T08:53:27.959+0000: [ParNew: 16388K->4K(18432K), 0.0021876 secs] 326577K->310193K(480804K), 0.0022420 secs] [Times: user=0.00 sys=0.00, real=0.00 secs] 
2020-10-29T08:53:27.967+0000: [CMS-concurrent-sweep: 0.015/0.022 secs] [Times: user=0.04 sys=0.00, real=0.02 secs] 
2020-10-29T08:53:27.967+0000: [CMS-concurrent-reset-start]
2020-10-29T08:53:27.969+0000: [CMS-concurrent-reset: 0.002/0.002 secs] [Times: user=0.01 sys=0.00, real=0.00 secs] 
2020-10-29T08:53:27.979+0000: [GC (Allocation Failure) 2020-10-29T08:53:27.979+0000: [ParNew: 16388K->4K(18432K), 0.0022750 secs] 326577K->310193K(535416K), 0.0023205 secs] [Times: user=0.00 sys=0.00, real=0.00 secs] 
2020-10-29T08:53:28.000+0000: [GC (Allocation Failure) 2020-10-29T08:53:28.000+0000: [ParNew: 16388K->4K(18432K), 0.0021953 secs] 326577K->310193K(535416K), 0.0022438 secs] [Times: user=0.01 sys=0.00, real=0.00 secs] 
2020-10-29T08:53:28.020+0000: [GC (Allocation Failure) 2020-10-29T08:53:28.020+0000: [ParNew: 15525K->4K(18432K), 0.0021438 secs] 325715K->310194K(535416K), 0.0021919 secs] [Times: user=0.01 sys=0.00, real=0.00 secs] 
2020-10-29T08:53:28.031+0000: [GC (Allocation Failure) 2020-10-29T08:53:28.031+0000: [ParNew: 16388K->4K(18432K), 0.0076364 secs] 326578K->318386K(535416K), 0.0076812 secs] [Times: user=0.01 sys=0.00, real=0.01 secs] 
2020-10-29T08:53:28.054+0000: [GC (Allocation Failure) 2020-10-29T08:53:28.055+0000: [ParNew: 16388K->4K(18432K), 0.0021346 secs] 334770K->318386K(535416K), 0.0021800 secs] [Times: user=0.00 sys=0.00, real=0.00 secs] 
2020-10-29T08:53:28.076+0000: [GC (Allocation Failure) 2020-10-29T08:53:28.076+0000: [ParNew: 16388K->4K(18432K), 0.0022077 secs] 334770K->318386K(535416K), 0.0022585 secs] [Times: user=0.00 sys=0.00, real=0.00 secs] 
2020-10-29T08:53:28.096+0000: [GC (Allocation Failure) 2020-10-29T08:53:28.096+0000: [ParNew: 16388K->4K(18432K), 0.0022312 secs] 334770K->318386K(535416K), 0.0022819 secs] [Times: user=0.00 sys=0.00, real=0.00 secs] 
2020-10-29T08:53:28.116+0000: [GC (Allocation Failure) 2020-10-29T08:53:28.116+0000: [ParNew: 16388K->4K(18432K), 0.0021300 secs] 334770K->318386K(535416K), 0.0021795 secs] [Times: user=0.00 sys=0.00, real=0.00 secs] 
2020-10-29T08:53:28.132+0000: [GC (Allocation Failure) 2020-10-29T08:53:28.133+0000: [ParNew: 13190K->4K(18432K), 0.0022238 secs] 331572K->318386K(535416K), 0.0023013 secs] [Times: user=0.00 sys=0.00, real=0.00 secs] 
2020-10-29T08:53:28.144+0000: [GC (Allocation Failure) 2020-10-29T08:53:28.145+0000: [ParNew: 16388K->4K(18432K), 0.0079504 secs] 334770K->326578K(535416K), 0.0080013 secs] [Times: user=0.00 sys=0.01, real=0.01 secs] 
2020-10-29T08:53:28.168+0000: [GC (Allocation Failure) 2020-10-29T08:53:28.168+0000: [ParNew: 16388K->4K(18432K), 0.0021437 secs] 342962K->326578K(535416K), 0.0021892 secs] [Times: user=0.00 sys=0.00, real=0.00 secs] 
2020-10-29T08:53:28.186+0000: [GC (Allocation Failure) 2020-10-29T08:53:28.186+0000: [ParNew: 16388K->4K(18432K), 0.0021734 secs] 342962K->326578K(535416K), 0.0022251 secs] [Times: user=0.00 sys=0.00, real=0.00 secs] 
2020-10-29T08:53:28.204+0000: [GC (Allocation Failure) 2020-10-29T08:53:28.204+0000: [ParNew: 16388K->6K(18432K), 0.0021580 secs] 342962K->326580K(535416K), 0.0022045 secs] [Times: user=0.01 sys=0.00, real=0.01 secs] 
2020-10-29T08:53:28.224+0000: [GC (Allocation Failure) 2020-10-29T08:53:28.224+0000: [ParNew: 16390K->4K(18432K), 0.0021496 secs] 342964K->326578K(535416K), 0.0021997 secs] [Times: user=0.00 sys=0.00, real=0.00 secs] 
2020-10-29T08:53:28.244+0000: [GC (Allocation Failure) 2020-10-29T08:53:28.244+0000: [ParNew: 16388K->4K(18432K), 0.0021303 secs] 342962K->326578K(535416K), 0.0021798 secs] [Times: user=0.00 sys=0.00, real=0.00 secs] 
2020-10-29T08:53:28.264+0000: [GC (Allocation Failure) 2020-10-29T08:53:28.264+0000: [ParNew: 16388K->4K(18432K), 0.0020738 secs] 342962K->326578K(535416K), 0.0021190 secs] [Times: user=0.01 sys=0.00, real=0.00 secs] 
2020-10-29T08:53:28.282+0000: [GC (Allocation Failure) 2020-10-29T08:53:28.282+0000: [ParNew: 16388K->4K(18432K), 0.0021594 secs] 342962K->326578K(535416K), 0.0022338 secs] [Times: user=0.00 sys=0.00, real=0.01 secs] 
2020-10-29T08:53:28.300+0000: [GC (Allocation Failure) 2020-10-29T08:53:28.300+0000: [ParNew: 16388K->4K(18432K), 0.0022466 secs] 342962K->326578K(535416K), 0.0022990 secs] [Times: user=0.00 sys=0.00, real=0.00 secs] 
2020-10-29T08:53:28.318+0000: [GC (Allocation Failure) 2020-10-29T08:53:28.318+0000: [ParNew: 16388K->4K(18432K), 0.0021689 secs] 342962K->326578K(535416K), 0.0022338 secs] [Times: user=0.00 sys=0.00, real=0.00 secs] 
2020-10-29T08:53:28.336+0000: [GC (Allocation Failure) 2020-10-29T08:53:28.336+0000: [ParNew: 16388K->4K(18432K), 0.0021615 secs] 342962K->326578K(535416K), 0.0022133 secs] [Times: user=0.01 sys=0.00, real=0.00 secs] 
2020-10-29T08:53:28.354+0000: [GC (Allocation Failure) 2020-10-29T08:53:28.354+0000: [ParNew: 16388K->4K(18432K), 0.0022164 secs] 342962K->326578K(535416K), 0.0022646 secs] [Times: user=0.00 sys=0.00, real=0.00 secs] 
2020-10-29T08:53:28.372+0000: [GC (Allocation Failure) 2020-10-29T08:53:28.372+0000: [ParNew: 16388K->4K(18432K), 0.0021292 secs] 342962K->326578K(535416K), 0.0021768 secs] [Times: user=0.01 sys=0.00, real=0.01 secs] 
2020-10-29T08:53:28.394+0000: [GC (Allocation Failure) 2020-10-29T08:53:28.394+0000: [ParNew: 16388K->4K(18432K), 0.0021498 secs] 342962K->326578K(535416K), 0.0021991 secs] [Times: user=0.01 sys=0.00, real=0.00 secs] 
2020-10-29T08:53:28.412+0000: [GC (Allocation Failure) 2020-10-29T08:53:28.412+0000: [ParNew: 16388K->4K(18432K), 0.0021635 secs] 342962K->326578K(535416K), 0.0022073 secs] [Times: user=0.00 sys=0.00, real=0.01 secs] 
2020-10-29T08:53:28.430+0000: [GC (Allocation Failure) 2020-10-29T08:53:28.430+0000: [ParNew: 16388K->4K(18432K), 0.0021255 secs] 342962K->326578K(535416K), 0.0021720 secs] [Times: user=0.01 sys=0.00, real=0.00 secs] 
2020-10-29T08:53:28.447+0000: [GC (Allocation Failure) 2020-10-29T08:53:28.447+0000: [ParNew: 16388K->4K(18432K), 0.0020869 secs] 342962K->326578K(535416K), 0.0021316 secs] [Times: user=0.01 sys=0.00, real=0.00 secs] 
2020-10-29T08:53:28.468+0000: [GC (Allocation Failure) 2020-10-29T08:53:28.469+0000: [ParNew: 16388K->4K(18432K), 0.0022290 secs] 342962K->326578K(535416K), 0.0022837 secs] [Times: user=0.01 sys=0.00, real=0.00 secs] 
2020-10-29T08:53:28.488+0000: [GC (Allocation Failure) 2020-10-29T08:53:28.488+0000: [ParNew: 16388K->4K(18432K), 0.0021913 secs] 342962K->326578K(535416K), 0.0022428 secs] [Times: user=0.00 sys=0.00, real=0.00 secs] 
2020-10-29T08:53:28.506+0000: [GC (Allocation Failure) 2020-10-29T08:53:28.506+0000: [ParNew: 16388K->4K(18432K), 0.0022192 secs] 342962K->326578K(535416K), 0.0022789 secs] [Times: user=0.01 sys=0.00, real=0.00 secs] 
2020-10-29T08:53:28.524+0000: [GC (Allocation Failure) 2020-10-29T08:53:28.524+0000: [ParNew: 16388K->4K(18432K), 0.0021708 secs] 342962K->326578K(535416K), 0.0022205 secs] [Times: user=0.00 sys=0.00, real=0.00 secs] 
2020-10-29T08:53:28.544+0000: [GC (Allocation Failure) 2020-10-29T08:53:28.544+0000: [ParNew: 16388K->4K(18432K), 0.0025467 secs] 342962K->326578K(535416K), 0.0026024 secs] [Times: user=0.01 sys=0.00, real=0.00 secs] 
2020-10-29T08:53:28.564+0000: [GC (Allocation Failure) 2020-10-29T08:53:28.565+0000: [ParNew: 16388K->4K(18432K), 0.0022181 secs] 342962K->326578K(535416K), 0.0022724 secs] [Times: user=0.01 sys=0.00, real=0.00 secs] 
2020-10-29T08:53:28.591+0000: [GC (Allocation Failure) 2020-10-29T08:53:28.591+0000: [ParNew: 16388K->96K(18432K), 0.0026712 secs] 342962K->326670K(535416K), 0.0027239 secs] [Times: user=0.01 sys=0.00, real=0.01 secs] 
2020-10-29T08:53:28.616+0000: [GC (Allocation Failure) 2020-10-29T08:53:28.616+0000: [ParNew: 16480K->57K(18432K), 0.0023225 secs] 343054K->326631K(535416K), 0.0023756 secs] [Times: user=0.00 sys=0.00, real=0.00 secs] 
2020-10-29T08:53:28.636+0000: [GC (Allocation Failure) 2020-10-29T08:53:28.636+0000: [ParNew: 16441K->58K(18432K), 0.0022700 secs] 343015K->326632K(535416K), 0.0023201 secs] [Times: user=0.01 sys=0.00, real=0.00 secs] 
2020-10-29T08:53:28.656+0000: [GC (Allocation Failure) 2020-10-29T08:53:28.657+0000: [ParNew: 16442K->62K(18432K), 0.0022358 secs] 343016K->326636K(535416K), 0.0022962 secs] [Times: user=0.00 sys=0.00, real=0.00 secs] 
2020-10-29T08:53:28.676+0000: [GC (Allocation Failure) 2020-10-29T08:53:28.676+0000: [ParNew: 16446K->63K(18432K), 0.0022128 secs] 343020K->326637K(535416K), 0.0022625 secs] [Times: user=0.01 sys=0.00, real=0.00 secs] 
2020-10-29T08:53:28.703+0000: [GC (Allocation Failure) 2020-10-29T08:53:28.703+0000: [ParNew: 16447K->63K(18432K), 0.0022432 secs] 343021K->326637K(535416K), 0.0022925 secs] [Times: user=0.00 sys=0.00, real=0.01 secs] 
2020-10-29T08:53:28.724+0000: [GC (Allocation Failure) 2020-10-29T08:53:28.725+0000: [ParNew: 16447K->42K(18432K), 0.0022816 secs] 343021K->326650K(535416K), 0.0023300 secs] [Times: user=0.01 sys=0.00, real=0.00 secs] 
2020-10-29T08:53:28.742+0000: [GC (Allocation Failure) 2020-10-29T08:53:28.742+0000: [ParNew: 16426K->13K(18432K), 0.0023453 secs] 343034K->326628K(535416K), 0.0023983 secs] [Times: user=0.00 sys=0.00, real=0.01 secs] 
2020-10-29T08:53:28.764+0000: [GC (Allocation Failure) 2020-10-29T08:53:28.764+0000: [ParNew: 16397K->4K(18432K), 0.0022137 secs] 343012K->326619K(535416K), 0.0022665 secs] [Times: user=0.00 sys=0.00, real=0.01 secs] 
2020-10-29T08:53:28.776+0000: [GC (Allocation Failure) 2020-10-29T08:53:28.776+0000: [ParNew: 10111K->4K(18432K), 0.0021416 secs] 336727K->326619K(535416K), 0.0021881 secs] [Times: user=0.00 sys=0.00, real=0.00 secs] 
2020-10-29T08:53:28.787+0000: [GC (Allocation Failure) 2020-10-29T08:53:28.787+0000: [ParNew: 16388K->4K(18432K), 0.0078392 secs] 343003K->334811K(535416K), 0.0078870 secs] [Times: user=0.01 sys=0.01, real=0.01 secs] 
2020-10-29T08:53:28.812+0000: [GC (Allocation Failure) 2020-10-29T08:53:28.812+0000: [ParNew: 16388K->4K(18432K), 0.0022326 secs] 351195K->334811K(535416K), 0.0022840 secs] [Times: user=0.01 sys=0.00, real=0.00 secs] 
2020-10-29T08:53:28.831+0000: [GC (Allocation Failure) 2020-10-29T08:53:28.831+0000: [ParNew: 16388K->4K(18432K), 0.0022404 secs] 351195K->334811K(535416K), 0.0022919 secs] [Times: user=0.01 sys=0.00, real=0.01 secs] 
2020-10-29T08:53:28.848+0000: [GC (Allocation Failure) 2020-10-29T08:53:28.849+0000: [ParNew: 16388K->4K(18432K), 0.0022726 secs] 351195K->334811K(535416K), 0.0023270 secs] [Times: user=0.01 sys=0.00, real=0.00 secs] 
2020-10-29T08:53:28.870+0000: [GC (Allocation Failure) 2020-10-29T08:53:28.871+0000: [ParNew: 16388K->4K(18432K), 0.0022601 secs] 351195K->334811K(535416K), 0.0023374 secs] [Times: user=0.00 sys=0.00, real=0.01 secs] 
2020-10-29T08:53:28.884+0000: [GC (Allocation Failure) 2020-10-29T08:53:28.884+0000: [ParNew: 16388K->4K(18432K), 0.0081918 secs] 351195K->343003K(535416K), 0.0082513 secs] [Times: user=0.01 sys=0.00, real=0.01 secs] 
2020-10-29T08:53:28.908+0000: [GC (Allocation Failure) 2020-10-29T08:53:28.909+0000: [ParNew: 16388K->4K(18432K), 0.0022735 secs] 359387K->343003K(535416K), 0.0023245 secs] [Times: user=0.00 sys=0.00, real=0.00 secs] 
2020-10-29T08:53:28.926+0000: [GC (Allocation Failure) 2020-10-29T08:53:28.927+0000: [ParNew: 16388K->4K(18432K), 0.0029760 secs] 359387K->343003K(535416K), 0.0030472 secs] [Times: user=0.00 sys=0.00, real=0.00 secs] 
2020-10-29T08:53:28.949+0000: [GC (Allocation Failure) 2020-10-29T08:53:28.949+0000: [ParNew: 16388K->4K(18432K), 0.0022430 secs] 359387K->343003K(535416K), 0.0023014 secs] [Times: user=0.01 sys=0.00, real=0.00 secs] 
2020-10-29T08:53:28.967+0000: [GC (Allocation Failure) 2020-10-29T08:53:28.967+0000: [ParNew: 16388K->4K(18432K), 0.0022861 secs] 359387K->343003K(535416K), 0.0023398 secs] [Times: user=0.00 sys=0.00, real=0.00 secs] 
2020-10-29T08:53:28.984+0000: [GC (Allocation Failure) 2020-10-29T08:53:28.984+0000: [ParNew: 16388K->4K(18432K), 0.0022340 secs] 359387K->343003K(535416K), 0.0022866 secs] [Times: user=0.01 sys=0.00, real=0.00 secs] 
2020-10-29T08:53:29.004+0000: [GC (Allocation Failure) 2020-10-29T08:53:29.005+0000: [ParNew: 16388K->4K(18432K), 0.0022668 secs] 359387K->343003K(535416K), 0.0023219 secs] [Times: user=0.01 sys=0.00, real=0.00 secs] 
2020-10-29T08:53:29.024+0000: [GC (Allocation Failure) 2020-10-29T08:53:29.025+0000: [ParNew: 16388K->4K(18432K), 0.0022959 secs] 359387K->343003K(535416K), 0.0023524 secs] [Times: user=0.00 sys=0.00, real=0.00 secs] 
2020-10-29T08:53:29.044+0000: [GC (Allocation Failure) 2020-10-29T08:53:29.045+0000: [ParNew: 16388K->4K(18432K), 0.0022235 secs] 359387K->343003K(535416K), 0.0022783 secs] [Times: user=0.00 sys=0.00, real=0.00 secs] 
2020-10-29T08:53:29.064+0000: [GC (Allocation Failure) 2020-10-29T08:53:29.065+0000: [ParNew: 16388K->4K(18432K), 0.0022068 secs] 359387K->343003K(535416K), 0.0022609 secs] [Times: user=0.01 sys=0.00, real=0.00 secs] 
2020-10-29T08:53:29.084+0000: [GC (Allocation Failure) 2020-10-29T08:53:29.085+0000: [ParNew: 16388K->4K(18432K), 0.0021854 secs] 359387K->343003K(535416K), 0.0022384 secs] [Times: user=0.01 sys=0.00, real=0.00 secs] 
2020-10-29T08:53:29.102+0000: [GC (Allocation Failure) 2020-10-29T08:53:29.102+0000: [ParNew: 16388K->4K(18432K), 0.0022684 secs] 359387K->343003K(535416K), 0.0023207 secs] [Times: user=0.01 sys=0.00, real=0.01 secs] 
2020-10-29T08:53:29.124+0000: [GC (Allocation Failure) 2020-10-29T08:53:29.124+0000: [ParNew: 16388K->4K(18432K), 0.0022855 secs] 359387K->343003K(535416K), 0.0023411 secs] [Times: user=0.01 sys=0.00, real=0.01 secs] 
2020-10-29T08:53:29.144+0000: [GC (Allocation Failure) 2020-10-29T08:53:29.144+0000: [ParNew: 16388K->4K(18432K), 0.0022259 secs] 359387K->343003K(535416K), 0.0022805 secs] [Times: user=0.01 sys=0.00, real=0.00 secs] 
2020-10-29T08:53:29.162+0000: [GC (Allocation Failure) 2020-10-29T08:53:29.163+0000: [ParNew: 16388K->4K(18432K), 0.0022655 secs] 359387K->343003K(535416K), 0.0023191 secs] [Times: user=0.00 sys=0.00, real=0.01 secs] 
2020-10-29T08:53:29.180+0000: [GC (Allocation Failure) 2020-10-29T08:53:29.180+0000: [ParNew: 16388K->4K(18432K), 0.0022524 secs] 359387K->343003K(535416K), 0.0023067 secs] [Times: user=0.01 sys=0.00, real=0.00 secs] 
2020-10-29T08:53:29.201+0000: [GC (Allocation Failure) 2020-10-29T08:53:29.201+0000: [ParNew: 16388K->4K(18432K), 0.0023442 secs] 359387K->343003K(535416K), 0.0023936 secs] [Times: user=0.00 sys=0.00, real=0.00 secs] 
2020-10-29T08:53:29.220+0000: [GC (Allocation Failure) 2020-10-29T08:53:29.221+0000: [ParNew: 16388K->4K(18432K), 0.0022956 secs] 359387K->343003K(535416K), 0.0023465 secs] [Times: user=0.01 sys=0.00, real=0.00 secs] 
2020-10-29T08:53:29.240+0000: [GC (Allocation Failure) 2020-10-29T08:53:29.241+0000: [ParNew: 16388K->4K(18432K), 0.0022655 secs] 359387K->343003K(535416K), 0.0023216 secs] [Times: user=0.00 sys=0.00, real=0.00 secs] 
2020-10-29T08:53:29.260+0000: [GC (Allocation Failure) 2020-10-29T08:53:29.260+0000: [ParNew: 16388K->4K(18432K), 0.0023037 secs] 359387K->343003K(535416K), 0.0023638 secs] [Times: user=0.00 sys=0.00, real=0.00 secs] 
2020-10-29T08:53:29.278+0000: [GC (Allocation Failure) 2020-10-29T08:53:29.278+0000: [ParNew: 16388K->4K(18432K), 0.0021831 secs] 359387K->343003K(535416K), 0.0022275 secs] [Times: user=0.01 sys=0.00, real=0.00 secs] 
2020-10-29T08:53:29.297+0000: [GC (Allocation Failure) 2020-10-29T08:53:29.297+0000: [ParNew: 16388K->4K(18432K), 0.0022863 secs] 359387K->343003K(535416K), 0.0023355 secs] [Times: user=0.01 sys=0.00, real=0.00 secs] 
2020-10-29T08:53:29.316+0000: [GC (Allocation Failure) 2020-10-29T08:53:29.316+0000: [ParNew: 16388K->4K(18432K), 0.0022507 secs] 359387K->343003K(535416K), 0.0023043 secs] [Times: user=0.00 sys=0.00, real=0.00 secs] 
2020-10-29T08:53:29.336+0000: [GC (Allocation Failure) 2020-10-29T08:53:29.337+0000: [ParNew: 16388K->4K(18432K), 0.0022319 secs] 359387K->343003K(535416K), 0.0022883 secs] [Times: user=0.00 sys=0.00, real=0.00 secs] 
2020-10-29T08:53:29.355+0000: [GC (Allocation Failure) 2020-10-29T08:53:29.355+0000: [ParNew: 16388K->4K(18432K), 0.0023490 secs] 359387K->343003K(535416K), 0.0024098 secs] [Times: user=0.00 sys=0.00, real=0.00 secs] 
2020-10-29T08:53:29.374+0000: [GC (Allocation Failure) 2020-10-29T08:53:29.374+0000: [ParNew: 16388K->4K(18432K), 0.0038988 secs] 359387K->343003K(535416K), 0.0039784 secs] [Times: user=0.01 sys=0.00, real=0.00 secs] 
2020-10-29T08:53:29.394+0000: [GC (Allocation Failure) 2020-10-29T08:53:29.394+0000: [ParNew: 16388K->4K(18432K), 0.0026618 secs] 359387K->343003K(535416K), 0.0027129 secs] [Times: user=0.00 sys=0.00, real=0.00 secs] 
2020-10-29T08:53:29.413+0000: [GC (Allocation Failure) 2020-10-29T08:53:29.413+0000: [ParNew: 16388K->4K(18432K), 0.0024691 secs] 359387K->343003K(535416K), 0.0025181 secs] [Times: user=0.01 sys=0.00, real=0.00 secs] 
2020-10-29T08:53:29.432+0000: [GC (Allocation Failure) 2020-10-29T08:53:29.433+0000: [ParNew: 16388K->4K(18432K), 0.0023576 secs] 359387K->343003K(535416K), 0.0024275 secs] [Times: user=0.00 sys=0.00, real=0.00 secs] 
2020-10-29T08:53:29.448+0000: [GC (Allocation Failure) 2020-10-29T08:53:29.448+0000: [ParNew: 16388K->4K(18432K), 0.0114148 secs] 359387K->351195K(535416K), 0.0114663 secs] [Times: user=0.00 sys=0.01, real=0.01 secs] 
2020-10-29T08:53:29.476+0000: [GC (Allocation Failure) 2020-10-29T08:53:29.476+0000: [ParNew: 16388K->4K(18432K), 0.0023044 secs] 367579K->351195K(535416K), 0.0023550 secs] [Times: user=0.01 sys=0.00, real=0.00 secs] 
2020-10-29T08:53:29.496+0000: [GC (Allocation Failure) 2020-10-29T08:53:29.497+0000: [ParNew: 16388K->4K(18432K), 0.0022323 secs] 367579K->351195K(535416K), 0.0022819 secs] [Times: user=0.01 sys=0.00, real=0.00 secs] 
2020-10-29T08:53:29.515+0000: [GC (Allocation Failure) 2020-10-29T08:53:29.515+0000: [ParNew: 16388K->4K(18432K), 0.0022352 secs] 367579K->351195K(535416K), 0.0022849 secs] [Times: user=0.00 sys=0.00, real=0.00 secs] 
2020-10-29T08:53:29.532+0000: [GC (Allocation Failure) 2020-10-29T08:53:29.532+0000: [ParNew: 16388K->4K(18432K), 0.0022411 secs] 367579K->351195K(535416K), 0.0022935 secs] [Times: user=0.01 sys=0.00, real=0.00 secs] 
2020-10-29T08:53:29.552+0000: [GC (Allocation Failure) 2020-10-29T08:53:29.552+0000: [ParNew: 16388K->4K(18432K), 0.0022730 secs] 367579K->351195K(535416K), 0.0023227 secs] [Times: user=0.00 sys=0.00, real=0.00 secs] 
2020-10-29T08:53:29.570+0000: [GC (Allocation Failure) 2020-10-29T08:53:29.570+0000: [ParNew: 16388K->4K(18432K), 0.0022766 secs] 367579K->351195K(535416K), 0.0023293 secs] [Times: user=0.01 sys=0.00, real=0.01 secs] 
2020-10-29T08:53:29.588+0000: [GC (Allocation Failure) 2020-10-29T08:53:29.588+0000: [ParNew: 16388K->4K(18432K), 0.0022083 secs] 367579K->351195K(535416K), 0.0022602 secs] [Times: user=0.00 sys=0.00, real=0.00 secs] 
2020-10-29T08:53:29.608+0000: [GC (Allocation Failure) 2020-10-29T08:53:29.609+0000: [ParNew: 16388K->4K(18432K), 0.0022836 secs] 367579K->351195K(535416K), 0.0023378 secs] [Times: user=0.00 sys=0.00, real=0.00 secs] 
2020-10-29T08:53:29.628+0000: [GC (Allocation Failure) 2020-10-29T08:53:29.628+0000: [ParNew: 16388K->4K(18432K), 0.0022126 secs] 367579K->351195K(535416K), 0.0022620 secs] [Times: user=0.01 sys=0.00, real=0.00 secs] 
2020-10-29T08:53:29.646+0000: [GC (Allocation Failure) 2020-10-29T08:53:29.646+0000: [ParNew: 16388K->4K(18432K), 0.0022098 secs] 367579K->351195K(535416K), 0.0022904 secs] [Times: user=0.00 sys=0.00, real=0.00 secs] 
2020-10-29T08:53:29.664+0000: [GC (Allocation Failure) 2020-10-29T08:53:29.664+0000: [ParNew: 16388K->4K(18432K), 0.0021782 secs] 367579K->351195K(535416K), 0.0022277 secs] [Times: user=0.00 sys=0.00, real=0.00 secs] 
2020-10-29T08:53:29.684+0000: [GC (Allocation Failure) 2020-10-29T08:53:29.684+0000: [ParNew: 16388K->4K(18432K), 0.0022240 secs] 367579K->351195K(535416K), 0.0022753 secs] [Times: user=0.00 sys=0.00, real=0.00 secs] 
2020-10-29T08:53:29.703+0000: [GC (Allocation Failure) 2020-10-29T08:53:29.703+0000: [ParNew: 16388K->4K(18432K), 0.0022735 secs] 367579K->351195K(535416K), 0.0023360 secs] [Times: user=0.01 sys=0.00, real=0.01 secs] 
2020-10-29T08:53:29.721+0000: [GC (Allocation Failure) 2020-10-29T08:53:29.721+0000: [ParNew: 16388K->4K(18432K), 0.0022371 secs] 367579K->351195K(535416K), 0.0022913 secs] [Times: user=0.00 sys=0.00, real=0.00 secs] 
2020-10-29T08:53:29.744+0000: [GC (Allocation Failure) 2020-10-29T08:53:29.745+0000: [ParNew: 16388K->4K(18432K), 0.0165008 secs] 367579K->359387K(535416K), 0.0165711 secs] [Times: user=0.01 sys=0.01, real=0.01 secs] 
2020-10-29T08:53:29.777+0000: [GC (Allocation Failure) 2020-10-29T08:53:29.777+0000: [ParNew: 16388K->4K(18432K), 0.0022201 secs] 375771K->359387K(535416K), 0.0022716 secs] [Times: user=0.00 sys=0.00, real=0.00 secs] 
2020-10-29T08:53:29.796+0000: [GC (Allocation Failure) 2020-10-29T08:53:29.797+0000: [ParNew: 16388K->4K(18432K), 0.0022401 secs] 375771K->359387K(535416K), 0.0022881 secs] [Times: user=0.00 sys=0.01, real=0.00 secs] 
2020-10-29T08:53:29.816+0000: [GC (Allocation Failure) 2020-10-29T08:53:29.816+0000: [ParNew: 16388K->4K(18432K), 0.0021744 secs] 375771K->359387K(535416K), 0.0022259 secs] [Times: user=0.01 sys=0.00, real=0.00 secs] 
2020-10-29T08:53:29.836+0000: [GC (Allocation Failure) 2020-10-29T08:53:29.836+0000: [ParNew: 16388K->4K(18432K), 0.0021319 secs] 375771K->359387K(535416K), 0.0021780 secs] [Times: user=0.00 sys=0.00, real=0.00 secs] 
2020-10-29T08:53:29.856+0000: [GC (Allocation Failure) 2020-10-29T08:53:29.857+0000: [ParNew: 16388K->4K(18432K), 0.0021673 secs] 375771K->359387K(535416K), 0.0022190 secs] [Times: user=0.01 sys=0.00, real=0.00 secs] 
2020-10-29T08:53:29.874+0000: [GC (Allocation Failure) 2020-10-29T08:53:29.874+0000: [ParNew: 16388K->4K(18432K), 0.0021973 secs] 375771K->359387K(535416K), 0.0022490 secs] [Times: user=0.00 sys=0.00, real=0.00 secs] 
2020-10-29T08:53:29.896+0000: [GC (Allocation Failure) 2020-10-29T08:53:29.896+0000: [ParNew: 16388K->4K(18432K), 0.0022414 secs] 375771K->359387K(535416K), 0.0022919 secs] [Times: user=0.00 sys=0.00, real=0.00 secs] 
2020-10-29T08:53:29.916+0000: [GC (Allocation Failure) 2020-10-29T08:53:29.917+0000: [ParNew: 16388K->4K(18432K), 0.0022246 secs] 375771K->359387K(535416K), 0.0022748 secs] [Times: user=0.00 sys=0.00, real=0.00 secs] 
2020-10-29T08:53:29.935+0000: [GC (Allocation Failure) 2020-10-29T08:53:29.935+0000: [ParNew: 16388K->4K(18432K), 0.0022152 secs] 375771K->359387K(535416K), 0.0022634 secs] [Times: user=0.00 sys=0.00, real=0.00 secs] 
2020-10-29T08:53:29.956+0000: [GC (Allocation Failure) 2020-10-29T08:53:29.956+0000: [ParNew: 16388K->4K(18432K), 0.0022293 secs] 375771K->359387K(535416K), 0.0022897 secs] [Times: user=0.01 sys=0.00, real=0.00 secs] 
2020-10-29T08:53:29.976+0000: [GC (Allocation Failure) 2020-10-29T08:53:29.977+0000: [ParNew: 16388K->4K(18432K), 0.0022372 secs] 375771K->359387K(535416K), 0.0022973 secs] [Times: user=0.00 sys=0.00, real=0.00 secs] 
2020-10-29T08:53:29.996+0000: [GC (Allocation Failure) 2020-10-29T08:53:29.997+0000: [ParNew: 16388K->4K(18432K), 0.0022490 secs] 375771K->359387K(535416K), 0.0023021 secs] [Times: user=0.01 sys=0.00, real=0.00 secs] 
2020-10-29T08:53:30.016+0000: [GC (Allocation Failure) 2020-10-29T08:53:30.017+0000: [ParNew: 16388K->4K(18432K), 0.0022346 secs] 375771K->359387K(535416K), 0.0022867 secs] [Times: user=0.00 sys=0.00, real=0.00 secs] 
2020-10-29T08:53:30.035+0000: [GC (Allocation Failure) 2020-10-29T08:53:30.035+0000: [ParNew: 16388K->4K(18432K), 0.0022212 secs] 375771K->359387K(535416K), 0.0022721 secs] [Times: user=0.00 sys=0.00, real=0.00 secs] 
2020-10-29T08:53:30.056+0000: [GC (Allocation Failure) 2020-10-29T08:53:30.056+0000: [ParNew: 16388K->4K(18432K), 0.0021858 secs] 375771K->359387K(535416K), 0.0022461 secs] [Times: user=0.00 sys=0.00, real=0.00 secs] 
2020-10-29T08:53:30.074+0000: [GC (Allocation Failure) 2020-10-29T08:53:30.074+0000: [ParNew: 16388K->4K(18432K), 0.0022241 secs] 375771K->359387K(535416K), 0.0022782 secs] [Times: user=0.01 sys=0.00, real=0.00 secs] 
2020-10-29T08:53:30.093+0000: [GC (Allocation Failure) 2020-10-29T08:53:30.093+0000: [ParNew: 16388K->4K(18432K), 0.0021815 secs] 375771K->359387K(535416K), 0.0022343 secs] [Times: user=0.00 sys=0.00, real=0.00 secs] 
2020-10-29T08:53:30.112+0000: [GC (Allocation Failure) 2020-10-29T08:53:30.112+0000: [ParNew: 16388K->4K(18432K), 0.0022506 secs] 375771K->359387K(535416K), 0.0023022 secs] [Times: user=0.01 sys=0.00, real=0.01 secs] 
2020-10-29T08:53:30.123+0000: [GC (Allocation Failure) 2020-10-29T08:53:30.123+0000: [ParNew: 16388K->4K(18432K), 0.0078273 secs] 375771K->367579K(535416K), 0.0078906 secs] [Times: user=0.01 sys=0.01, real=0.01 secs] 
2020-10-29T08:53:30.132+0000: [GC (CMS Initial Mark) [1 CMS-initial-mark: 367575K(516984K)] 367712K(535416K), 0.0013327 secs] [Times: user=0.00 sys=0.00, real=0.00 secs] 
2020-10-29T08:53:30.134+0000: [CMS-concurrent-mark-start]
2020-10-29T08:53:30.159+0000: [GC (Allocation Failure) 2020-10-29T08:53:30.159+0000: [ParNew: 16388K->4K(18432K), 0.0021413 secs] 383963K->367579K(535416K), 0.0021949 secs] [Times: user=0.00 sys=0.00, real=0.00 secs] 
2020-10-29T08:53:30.181+0000: [GC (Allocation Failure) 2020-10-29T08:53:30.181+0000: [ParNew: 16388K->4K(18432K), 0.0021550 secs] 383963K->367579K(535416K), 0.0022088 secs] [Times: user=0.00 sys=0.00, real=0.00 secs] 
2020-10-29T08:53:30.204+0000: [GC (Allocation Failure) 2020-10-29T08:53:30.204+0000: [ParNew: 16388K->4K(18432K), 0.0021960 secs] 383963K->367579K(535416K), 0.0022502 secs] [Times: user=0.01 sys=0.00, real=0.01 secs] 
2020-10-29T08:53:30.225+0000: [GC (Allocation Failure) 2020-10-29T08:53:30.225+0000: [ParNew: 16388K->4K(18432K), 0.0021186 secs] 383963K->367579K(535416K), 0.0021710 secs] [Times: user=0.00 sys=0.00, real=0.00 secs] 
2020-10-29T08:53:30.243+0000: [CMS-concurrent-mark: 0.068/0.109 secs] [Times: user=0.20 sys=0.01, real=0.10 secs] 
2020-10-29T08:53:30.243+0000: [CMS-concurrent-preclean-start]
2020-10-29T08:53:30.245+0000: [CMS-concurrent-preclean: 0.002/0.002 secs] [Times: user=0.01 sys=0.00, real=0.01 secs] 
2020-10-29T08:53:30.245+0000: [CMS-concurrent-abortable-preclean-start]
2020-10-29T08:53:30.248+0000: [GC (Allocation Failure) 2020-10-29T08:53:30.248+0000: [ParNew: 16352K->4K(18432K), 0.0017999 secs] 383928K->367579K(535416K), 0.0018402 secs] [Times: user=0.00 sys=0.00, real=0.00 secs] 
2020-10-29T08:53:30.268+0000: [GC (Allocation Failure) 2020-10-29T08:53:30.269+0000: [ParNew: 16388K->4K(18432K), 0.0020686 secs] 383963K->367580K(535416K), 0.0021216 secs] [Times: user=0.00 sys=0.00, real=0.00 secs] 
2020-10-29T08:53:30.288+0000: [GC (Allocation Failure) 2020-10-29T08:53:30.289+0000: [ParNew: 16388K->4K(18432K), 0.0021794 secs] 383964K->367580K(535416K), 0.0022341 secs] [Times: user=0.00 sys=0.00, real=0.00 secs] 
2020-10-29T08:53:30.307+0000: [GC (Allocation Failure) 2020-10-29T08:53:30.307+0000: [ParNew: 16388K->4K(18432K), 0.0022092 secs] 383964K->367580K(535416K), 0.0022619 secs] [Times: user=0.01 sys=0.00, real=0.00 secs] 
2020-10-29T08:53:30.339+0000: [GC (Allocation Failure) 2020-10-29T08:53:30.339+0000: [ParNew: 16388K->4K(18432K), 0.0022472 secs] 416732K->400348K(535416K), 0.0023039 secs] [Times: user=0.00 sys=0.00, real=0.00 secs] 
2020-10-29T08:53:30.358+0000: [GC (Allocation Failure) 2020-10-29T08:53:30.358+0000: [ParNew: 16388K->4K(18432K), 0.0022529 secs] 416732K->400348K(535416K), 0.0023074 secs] [Times: user=0.01 sys=0.00, real=0.00 secs] 
2020-10-29T08:53:30.377+0000: [GC (Allocation Failure) 2020-10-29T08:53:30.377+0000: [ParNew: 16388K->4K(18432K), 0.0022581 secs] 416732K->400348K(535416K), 0.0023142 secs] [Times: user=0.00 sys=0.00, real=0.00 secs] 
2020-10-29T08:53:30.396+0000: [GC (Allocation Failure) 2020-10-29T08:53:30.396+0000: [ParNew: 16388K->4K(18432K), 0.0022003 secs] 416732K->400348K(535416K), 0.0022539 secs] [Times: user=0.01 sys=0.00, real=0.00 secs] 
2020-10-29T08:53:30.416+0000: [GC (Allocation Failure) 2020-10-29T08:53:30.416+0000: [ParNew: 16388K->4K(18432K), 0.0022399 secs] 416732K->400348K(535416K), 0.0022864 secs] [Times: user=0.01 sys=0.00, real=0.00 secs] 
2020-10-29T08:53:30.435+0000: [GC (Allocation Failure) 2020-10-29T08:53:30.435+0000: [ParNew: 16388K->4K(18432K), 0.0021907 secs] 416732K->400348K(535416K), 0.0022452 secs] [Times: user=0.00 sys=0.00, real=0.00 secs] 
2020-10-29T08:53:30.453+0000: [GC (Allocation Failure) 2020-10-29T08:53:30.453+0000: [ParNew: 16388K->4K(18432K), 0.0021979 secs] 416732K->400348K(535416K), 0.0022517 secs] [Times: user=0.01 sys=0.00, real=0.00 secs] 
2020-10-29T08:53:30.473+0000: [GC (Allocation Failure) 2020-10-29T08:53:30.473+0000: [ParNew: 16388K->4K(18432K), 0.0021394 secs] 416732K->400348K(535416K), 0.0022107 secs] [Times: user=0.00 sys=0.00, real=0.00 secs] 
2020-10-29T08:53:30.492+0000: [GC (Allocation Failure) 2020-10-29T08:53:30.493+0000: [ParNew: 16388K->4K(18432K), 0.0021958 secs] 416732K->400348K(535416K), 0.0022509 secs] [Times: user=0.01 sys=0.00, real=0.00 secs] 
2020-10-29T08:53:30.511+0000: [GC (Allocation Failure) 2020-10-29T08:53:30.511+0000: [ParNew: 16388K->4K(18432K), 0.0022415 secs] 416732K->400348K(535416K), 0.0022945 secs] [Times: user=0.00 sys=0.00, real=0.01 secs] 
2020-10-29T08:53:30.530+0000: [GC (Allocation Failure) 2020-10-29T08:53:30.530+0000: [ParNew: 16388K->4K(18432K), 0.0021586 secs] 416732K->400348K(535416K), 0.0022119 secs] [Times: user=0.01 sys=0.00, real=0.00 secs] 
2020-10-29T08:53:30.552+0000: [GC (Allocation Failure) 2020-10-29T08:53:30.552+0000: [ParNew: 16388K->4K(18432K), 0.0021680 secs] 416732K->400348K(535416K), 0.0022212 secs] [Times: user=0.01 sys=0.00, real=0.01 secs] 
2020-10-29T08:53:30.571+0000: [GC (Allocation Failure) 2020-10-29T08:53:30.571+0000: [ParNew: 16388K->4K(18432K), 0.0021717 secs] 416732K->400348K(535416K), 0.0022241 secs] [Times: user=0.01 sys=0.00, real=0.01 secs] 
2020-10-29T08:53:30.589+0000: [GC (Allocation Failure) 2020-10-29T08:53:30.589+0000: [ParNew: 16388K->4K(18432K), 0.0020126 secs] 416732K->400348K(535416K), 0.0020630 secs] [Times: user=0.00 sys=0.00, real=0.00 secs] 
2020-10-29T08:53:30.608+0000: [GC (Allocation Failure) 2020-10-29T08:53:30.608+0000: [ParNew: 16388K->4K(18432K), 0.0021076 secs] 416732K->400348K(535416K), 0.0021606 secs] [Times: user=0.01 sys=0.00, real=0.00 secs] 
2020-10-29T08:53:30.628+0000: [GC (Allocation Failure) 2020-10-29T08:53:30.629+0000: [ParNew: 16388K->4K(18432K), 0.0021286 secs] 416732K->400348K(535416K), 0.0021828 secs] [Times: user=0.00 sys=0.00, real=0.00 secs] 
2020-10-29T08:53:30.644+0000: [GC (Allocation Failure) 2020-10-29T08:53:30.645+0000: [ParNew: 16388K->4K(18432K), 0.0075138 secs] 416732K->408540K(535416K), 0.0075700 secs] [Times: user=0.01 sys=0.01, real=0.00 secs] 
2020-10-29T08:53:30.669+0000: [GC (Allocation Failure) 2020-10-29T08:53:30.669+0000: [ParNew: 16388K->4K(18432K), 0.0022015 secs] 424924K->408540K(535416K), 0.0022594 secs] [Times: user=0.00 sys=0.00, real=0.00 secs] 
2020-10-29T08:53:30.687+0000: [GC (Allocation Failure) 2020-10-29T08:53:30.687+0000: [ParNew: 16388K->4K(18432K), 0.0021888 secs] 424924K->408540K(535416K), 0.0022433 secs] [Times: user=0.01 sys=0.00, real=0.00 secs] 
2020-10-29T08:53:30.706+0000: [GC (Allocation Failure) 2020-10-29T08:53:30.706+0000: [ParNew: 16388K->4K(18432K), 0.0021763 secs] 424924K->408540K(535416K), 0.0022298 secs] [Times: user=0.00 sys=0.00, real=0.00 secs] 
2020-10-29T08:53:30.732+0000: [GC (Allocation Failure) 2020-10-29T08:53:30.733+0000: [ParNew: 16388K->4K(18432K), 0.0022030 secs] 424924K->408540K(535416K), 0.0022593 secs] [Times: user=0.00 sys=0.00, real=0.00 secs] 
2020-10-29T08:53:30.752+0000: [GC (Allocation Failure) 2020-10-29T08:53:30.753+0000: [ParNew: 16388K->4K(18432K), 0.0021994 secs] 424924K->408540K(535416K), 0.0022552 secs] [Times: user=0.01 sys=0.00, real=0.00 secs] 
2020-10-29T08:53:30.771+0000: [GC (Allocation Failure) 2020-10-29T08:53:30.771+0000: [ParNew: 16388K->4K(18432K), 0.0020572 secs] 424924K->408540K(535416K), 0.0021084 secs] [Times: user=0.00 sys=0.00, real=0.01 secs] 
2020-10-29T08:53:30.792+0000: [GC (Allocation Failure) 2020-10-29T08:53:30.792+0000: [ParNew: 16388K->4K(18432K), 0.0022202 secs] 424924K->408540K(535416K), 0.0022749 secs] [Times: user=0.00 sys=0.00, real=0.01 secs] 
2020-10-29T08:53:30.812+0000: [GC (Allocation Failure) 2020-10-29T08:53:30.812+0000: [ParNew: 16388K->4K(18432K), 0.0087346 secs] 424924K->416732K(535416K), 0.0088058 secs] [Times: user=0.01 sys=0.00, real=0.01 secs] 
2020-10-29T08:53:30.840+0000: [GC (Allocation Failure) 2020-10-29T08:53:30.841+0000: [ParNew: 16388K->4K(18432K), 0.0021867 secs] 433116K->416732K(535416K), 0.0022414 secs] [Times: user=0.00 sys=0.00, real=0.00 secs] 
2020-10-29T08:53:30.859+0000: [GC (Allocation Failure) 2020-10-29T08:53:30.859+0000: [ParNew: 16388K->4K(18432K), 0.0022038 secs] 433116K->416732K(535416K), 0.0022581 secs] [Times: user=0.01 sys=0.00, real=0.00 secs] 
2020-10-29T08:53:30.924+0000: [GC (Allocation Failure) 2020-10-29T08:53:30.924+0000: [ParNew: 16388K->6K(18432K), 0.0023083 secs] 433116K->416734K(535416K), 0.0023650 secs] [Times: user=0.01 sys=0.00, real=0.01 secs] 
2020-10-29T08:53:30.990+0000: [GC (Allocation Failure) 2020-10-29T08:53:30.990+0000: [ParNew: 16390K->6K(18432K), 0.0022214 secs] 433118K->416734K(535416K), 0.0022988 secs] [Times: user=0.00 sys=0.00, real=0.01 secs] 
2020-10-29T08:53:31.044+0000: [GC (Allocation Failure) 2020-10-29T08:53:31.045+0000: [ParNew: 16390K->4K(18432K), 0.0045372 secs] 433118K->416732K(535416K), 0.0046147 secs] [Times: user=0.01 sys=0.00, real=0.00 secs] 
2020-10-29T08:53:31.084+0000: [GC (Allocation Failure) 2020-10-29T08:53:31.084+0000: [ParNew: 16388K->6K(18432K), 0.0022776 secs] 433116K->416734K(535416K), 0.0023347 secs] [Times: user=0.00 sys=0.00, real=0.01 secs] 
2020-10-29T08:53:31.118+0000: [GC (Allocation Failure) 2020-10-29T08:53:31.118+0000: [ParNew: 16390K->6K(18432K), 0.0022349 secs] 433118K->416734K(535416K), 0.0023065 secs] [Times: user=0.01 sys=0.00, real=0.00 secs] 
2020-10-29T08:53:31.184+0000: [GC (Allocation Failure) 2020-10-29T08:53:31.184+0000: [ParNew: 16390K->6K(18432K), 0.0022858 secs] 433118K->416734K(535416K), 0.0023595 secs] [Times: user=0.01 sys=0.00, real=0.01 secs] 
2020-10-29T08:53:31.240+0000: [GC (Allocation Failure) 2020-10-29T08:53:31.240+0000: [ParNew: 16390K->4K(18432K), 0.0022186 secs] 433118K->416734K(535416K), 0.0022740 secs] [Times: user=0.01 sys=0.00, real=0.00 secs] 
2020-10-29T08:53:31.302+0000: [GC (Allocation Failure) 2020-10-29T08:53:31.302+0000: [ParNew: 16388K->2K(18432K), 0.0045128 secs] 433118K->416732K(535416K), 0.0045703 secs] [Times: user=0.00 sys=0.00, real=0.01 secs] 
2020-10-29T08:53:31.356+0000: [GC (Allocation Failure) 2020-10-29T08:53:31.356+0000: [ParNew: 16386K->4K(18432K), 0.0022181 secs] 433116K->416734K(535416K), 0.0022739 secs] [Times: user=0.01 sys=0.00, real=0.00 secs] 
2020-10-29T08:53:31.396+0000: [GC (Allocation Failure) 2020-10-29T08:53:31.397+0000: [ParNew: 16388K->4K(18432K), 0.0021699 secs] 433118K->416734K(535416K), 0.0022257 secs] [Times: user=0.01 sys=0.00, real=0.00 secs] 
2020-10-29T08:53:31.432+0000: [GC (Allocation Failure) 2020-10-29T08:53:31.433+0000: [ParNew: 16388K->4K(18432K), 0.0021666 secs] 433118K->416734K(535416K), 0.0022225 secs] [Times: user=0.01 sys=0.00, real=0.00 secs] 
2020-10-29T08:53:31.464+0000: [GC (Allocation Failure) 2020-10-29T08:53:31.464+0000: [ParNew: 16388K->4K(18432K), 0.0021912 secs] 433118K->416734K(535416K), 0.0022465 secs] [Times: user=0.01 sys=0.00, real=0.01 secs] 
2020-10-29T08:53:31.500+0000: [GC (Allocation Failure) 2020-10-29T08:53:31.500+0000: [ParNew: 16388K->4K(18432K), 0.0022228 secs] 433118K->416734K(535416K), 0.0022846 secs] [Times: user=0.00 sys=0.00, real=0.00 secs] 
2020-10-29T08:53:31.707+0000: [GC (Allocation Failure) 2020-10-29T08:53:31.707+0000: [ParNew: 16388K->112K(18432K), 0.0020386 secs] 433118K->416843K(535416K), 0.0020920 secs] [Times: user=0.01 sys=0.00, real=0.00 secs] 
2020-10-29T08:53:31.709+0000: [CMS-concurrent-abortable-preclean: 0.064/1.463 secs] [Times: user=2.71 sys=0.08, real=1.46 secs] 
2020-10-29T08:53:31.710+0000: [GC (CMS Final Remark) [YG occupancy: 368 K (18432 K)]2020-10-29T08:53:31.710+0000: [Rescan (parallel) , 0.0013493 secs]2020-10-29T08:53:31.712+0000: [weak refs processing, 0.0000262 secs]2020-10-29T08:53:31.712+0000: [class unloading, 0.0078891 secs]2020-10-29T08:53:31.720+0000: [scrub symbol table, 0.0089833 secs]2020-10-29T08:53:31.729+0000: [scrub string table, 0.0005601 secs][1 CMS-remark: 416730K(516984K)] 417099K(535416K), 0.0189211 secs] [Times: user=0.02 sys=0.00, real=0.02 secs] 
2020-10-29T08:53:31.749+0000: [CMS-concurrent-sweep-start]
2020-10-29T08:53:31.759+0000: [CMS-concurrent-sweep: 0.010/0.010 secs] [Times: user=0.01 sys=0.00, real=0.01 secs] 
2020-10-29T08:53:31.760+0000: [CMS-concurrent-reset-start]
2020-10-29T08:53:31.769+0000: [CMS-concurrent-reset: 0.009/0.009 secs] [Times: user=0.03 sys=0.00, real=0.01 secs] 
2020-10-29T08:53:31.877+0000: [GC (Allocation Failure) 2020-10-29T08:53:31.877+0000: [ParNew: 16496K->48K(18432K), 0.0059647 secs] 416842K->400394K(685676K), 0.0060314 secs] [Times: user=0.01 sys=0.00, real=0.00 secs] 
2020-10-29T08:53:32.027+0000: [GC (Allocation Failure) 2020-10-29T08:53:32.027+0000: [ParNew: 16432K->20K(18432K), 0.0026509 secs] 416778K->400366K(685676K), 0.0027074 secs] [Times: user=0.01 sys=0.00, real=0.00 secs] 
2020-10-29T08:53:32.087+0000: [GC (Allocation Failure) 2020-10-29T08:53:32.087+0000: [ParNew: 16404K->20K(18432K), 0.0026498 secs] 416750K->400367K(685676K), 0.0027057 secs] [Times: user=0.01 sys=0.00, real=0.00 secs] 
2020-10-29T08:53:32.184+0000: [GC (Allocation Failure) 2020-10-29T08:53:32.185+0000: [ParNew: 16404K->21K(18432K), 0.0027420 secs] 416751K->400367K(685676K), 0.0028021 secs] [Times: user=0.00 sys=0.00, real=0.00 secs] 
2020-10-29T08:53:32.278+0000: [GC (Allocation Failure) 2020-10-29T08:53:32.278+0000: [ParNew: 16405K->21K(18432K), 0.0036526 secs] 416751K->400367K(685676K), 0.0037203 secs] [Times: user=0.01 sys=0.00, real=0.00 secs] 
2020-10-29T08:53:32.371+0000: [GC (Allocation Failure) 2020-10-29T08:53:32.372+0000: [ParNew: 16405K->14K(18432K), 0.0026980 secs] 416751K->400370K(685676K), 0.0027553 secs] [Times: user=0.00 sys=0.00, real=0.01 secs] 
2020-10-29T08:53:32.419+0000: [GC (Allocation Failure) 2020-10-29T08:53:32.419+0000: [ParNew: 16398K->4K(18432K), 0.0027341 secs] 416754K->400365K(685676K), 0.0027826 secs] [Times: user=0.01 sys=0.00, real=0.00 secs] 
2020-10-29T08:53:32.476+0000: [GC (Allocation Failure) 2020-10-29T08:53:32.477+0000: [ParNew: 16388K->2K(18432K), 0.0025520 secs] 416749K->400362K(685676K), 0.0026095 secs] [Times: user=0.01 sys=0.00, real=0.00 secs] 
2020-10-29T08:53:32.509+0000: [GC (Allocation Failure) 2020-10-29T08:53:32.509+0000: [ParNew: 16386K->2K(18432K), 0.0025912 secs] 416746K->400362K(685676K), 0.0026497 secs] [Times: user=0.01 sys=0.00, real=0.00 secs] 
2020-10-29T08:53:32.552+0000: [GC (Allocation Failure) 2020-10-29T08:53:32.552+0000: [ParNew: 16386K->4K(18432K), 0.0026055 secs] 416746K->400364K(685676K), 0.0026635 secs] [Times: user=0.01 sys=0.00, real=0.01 secs] 
2020-10-29T08:53:32.592+0000: [GC (Allocation Failure) 2020-10-29T08:53:32.592+0000: [ParNew: 16388K->2K(18432K), 0.0025922 secs] 416748K->400362K(685676K), 0.0026497 secs] [Times: user=0.01 sys=0.00, real=0.01 secs] 
2020-10-29T08:53:32.620+0000: [GC (Allocation Failure) 2020-10-29T08:53:32.620+0000: [ParNew: 16386K->4K(18432K), 0.0026673 secs] 416746K->400365K(685676K), 0.0027231 secs] [Times: user=0.01 sys=0.00, real=0.00 secs] 
2020-10-29T08:53:32.648+0000: [GC (Allocation Failure) 2020-10-29T08:53:32.649+0000: [ParNew: 16388K->4K(18432K), 0.0025677 secs] 416749K->400365K(685676K), 0.0026227 secs] [Times: user=0.00 sys=0.00, real=0.00 secs] 
2020-10-29T08:53:32.674+0000: [GC (Allocation Failure) 2020-10-29T08:53:32.674+0000: [ParNew: 16388K->4K(18432K), 0.0025936 secs] 416749K->400365K(685676K), 0.0026485 secs] [Times: user=0.00 sys=0.00, real=0.00 secs] 
2020-10-29T08:53:32.701+0000: [GC (Allocation Failure) 2020-10-29T08:53:32.702+0000: [ParNew: 16388K->4K(18432K), 0.0026057 secs] 416749K->400365K(685676K), 0.0026642 secs] [Times: user=0.00 sys=0.00, real=0.00 secs] 
2020-10-29T08:53:32.728+0000: [GC (Allocation Failure) 2020-10-29T08:53:32.729+0000: [ParNew: 16388K->4K(18432K), 0.0025873 secs] 416749K->400365K(685676K), 0.0026592 secs] [Times: user=0.01 sys=0.00, real=0.00 secs] 
2020-10-29T08:53:32.751+0000: [GC (Allocation Failure) 2020-10-29T08:53:32.751+0000: [ParNew: 16388K->4K(18432K), 0.0026522 secs] 416749K->400365K(685676K), 0.0027176 secs] [Times: user=0.01 sys=0.00, real=0.01 secs] 
2020-10-29T08:53:32.768+0000: [GC (Allocation Failure) 2020-10-29T08:53:32.768+0000: [ParNew: 16388K->4K(18432K), 0.0026366 secs] 416749K->400365K(685676K), 0.0026911 secs] [Times: user=0.01 sys=0.00, real=0.00 secs] 
2020-10-29T08:53:32.785+0000: [GC (Allocation Failure) 2020-10-29T08:53:32.785+0000: [ParNew: 16388K->4K(18432K), 0.0025577 secs] 416749K->400365K(685676K), 0.0026099 secs] [Times: user=0.01 sys=0.00, real=0.00 secs] 
2020-10-29T08:53:32.804+0000: [GC (Allocation Failure) 2020-10-29T08:53:32.805+0000: [ParNew: 16388K->4K(18432K), 0.0025511 secs] 416749K->400365K(685676K), 0.0026046 secs] [Times: user=0.01 sys=0.00, real=0.00 secs] 
2020-10-29T08:53:32.821+0000: [GC (Allocation Failure) 2020-10-29T08:53:32.821+0000: [ParNew: 16388K->2K(18432K), 0.0025315 secs] 416749K->400363K(685676K), 0.0025818 secs] [Times: user=0.00 sys=0.00, real=0.00 secs] 
2020-10-29T08:53:32.837+0000: [GC (Allocation Failure) 2020-10-29T08:53:32.837+0000: [ParNew: 16386K->2K(18432K), 0.0024585 secs] 416747K->400363K(685676K), 0.0025072 secs] [Times: user=0.00 sys=0.00, real=0.00 secs] 
2020-10-29T08:53:32.853+0000: [GC (Allocation Failure) 2020-10-29T08:53:32.853+0000: [ParNew: 16386K->2K(18432K), 0.0025568 secs] 416747K->400363K(685676K), 0.0026106 secs] [Times: user=0.01 sys=0.00, real=0.00 secs] 
2020-10-29T08:53:32.872+0000: [GC (Allocation Failure) 2020-10-29T08:53:32.872+0000: [ParNew: 16386K->2K(18432K), 0.0025380 secs] 416747K->400363K(685676K), 0.0025871 secs] [Times: user=0.01 sys=0.00, real=0.00 secs] 
2020-10-29T08:53:32.892+0000: [GC (Allocation Failure) 2020-10-29T08:53:32.893+0000: [ParNew: 16386K->2K(18432K), 0.0025829 secs] 416747K->400363K(685676K), 0.0026371 secs] [Times: user=0.01 sys=0.00, real=0.00 secs] 
2020-10-29T08:53:32.912+0000: [GC (Allocation Failure) 2020-10-29T08:53:32.913+0000: [ParNew: 16386K->2K(18432K), 0.0025233 secs] 416747K->400363K(685676K), 0.0025751 secs] [Times: user=0.01 sys=0.00, real=0.00 secs] 
2020-10-29T08:53:32.929+0000: [GC (Allocation Failure) 2020-10-29T08:53:32.930+0000: [ParNew: 16386K->2K(18432K), 0.0025357 secs] 416747K->400363K(685676K), 0.0025893 secs] [Times: user=0.00 sys=0.00, real=0.00 secs] 
2020-10-29T08:53:32.946+0000: [GC (Allocation Failure) 2020-10-29T08:53:32.946+0000: [ParNew: 16386K->2K(18432K), 0.0025833 secs] 416747K->400363K(685676K), 0.0026386 secs] [Times: user=0.00 sys=0.01, real=0.00 secs] 
2020-10-29T08:53:32.962+0000: [GC (Allocation Failure) 2020-10-29T08:53:32.962+0000: [ParNew: 16386K->4K(18432K), 0.0026355 secs] 416747K->400365K(685676K), 0.0026964 secs] [Times: user=0.00 sys=0.00, real=0.01 secs] 
2020-10-29T08:53:32.980+0000: [GC (Allocation Failure) 2020-10-29T08:53:32.981+0000: [ParNew: 16388K->2K(18432K), 0.0025785 secs] 416749K->400363K(685676K), 0.0026332 secs] [Times: user=0.01 sys=0.00, real=0.00 secs] 
2020-10-29T08:53:32.997+0000: [GC (Allocation Failure) 2020-10-29T08:53:32.997+0000: [ParNew: 16386K->2K(18432K), 0.0025747 secs] 416747K->400363K(685676K), 0.0026300 secs] [Times: user=0.01 sys=0.00, real=0.00 secs] 
2020-10-29T08:53:33.013+0000: [GC (Allocation Failure) 2020-10-29T08:53:33.013+0000: [ParNew: 16386K->2K(18432K), 0.0025688 secs] 416747K->400363K(685676K), 0.0026237 secs] [Times: user=0.01 sys=0.00, real=0.00 secs] 
2020-10-29T08:53:33.032+0000: [GC (Allocation Failure) 2020-10-29T08:53:33.033+0000: [ParNew: 16386K->2K(18432K), 0.0025250 secs] 416747K->400363K(685676K), 0.0025767 secs] [Times: user=0.00 sys=0.00, real=0.00 secs] 
2020-10-29T08:53:33.052+0000: [GC (Allocation Failure) 2020-10-29T08:53:33.052+0000: [ParNew: 16386K->2K(18432K), 0.0025454 secs] 416747K->400363K(685676K), 0.0025983 secs] [Times: user=0.00 sys=0.00, real=0.00 secs] 
2020-10-29T08:53:33.069+0000: [GC (Allocation Failure) 2020-10-29T08:53:33.069+0000: [ParNew: 16386K->2K(18432K), 0.0026141 secs] 416747K->400363K(685676K), 0.0026671 secs] [Times: user=0.01 sys=0.00, real=0.00 secs] 
2020-10-29T08:53:33.104+0000: [GC (Allocation Failure) 2020-10-29T08:53:33.104+0000: [ParNew: 16386K->4K(18432K), 0.0027109 secs] 416747K->400365K(685676K), 0.0027664 secs] [Times: user=0.00 sys=0.00, real=0.01 secs] 
2020-10-29T08:53:33.146+0000: [GC (Allocation Failure) 2020-10-29T08:53:33.146+0000: [ParNew: 16388K->4K(18432K), 0.0034491 secs] 416749K->400365K(685676K), 0.0035182 secs] [Times: user=0.01 sys=0.00, real=0.00 secs] 
2020-10-29T08:53:33.170+0000: [GC (Allocation Failure) 2020-10-29T08:53:33.170+0000: [ParNew: 16388K->4K(18432K), 0.0026666 secs] 416749K->400365K(685676K), 0.0027255 secs] [Times: user=0.00 sys=0.00, real=0.01 secs] 
2020-10-29T08:53:33.189+0000: [GC (Allocation Failure) 2020-10-29T08:53:33.189+0000: [ParNew: 16388K->4K(18432K), 0.0025835 secs] 416749K->400365K(685676K), 0.0026403 secs] [Times: user=0.00 sys=0.00, real=0.00 secs] 
2020-10-29T08:53:33.209+0000: [GC (Allocation Failure) 2020-10-29T08:53:33.209+0000: [ParNew: 16388K->4K(18432K), 0.0026247 secs] 416749K->400365K(685676K), 0.0026815 secs] [Times: user=0.00 sys=0.00, real=0.00 secs] 
2020-10-29T08:53:33.228+0000: [GC (Allocation Failure) 2020-10-29T08:53:33.228+0000: [ParNew: 16388K->4K(18432K), 0.0026132 secs] 416749K->400365K(685676K), 0.0026692 secs] [Times: user=0.01 sys=0.00, real=0.00 secs] 
2020-10-29T08:53:33.247+0000: [GC (Allocation Failure) 2020-10-29T08:53:33.247+0000: [ParNew: 16388K->2K(18432K), 0.0025873 secs] 416749K->400365K(685676K), 0.0026401 secs] [Times: user=0.01 sys=0.00, real=0.00 secs] 
2020-10-29T08:53:33.266+0000: [GC (Allocation Failure) 2020-10-29T08:53:33.266+0000: [ParNew: 16386K->2K(18432K), 0.0025876 secs] 416749K->400366K(685676K), 0.0026419 secs] [Times: user=0.01 sys=0.00, real=0.00 secs] 
2020-10-29T08:53:33.285+0000: [GC (Allocation Failure) 2020-10-29T08:53:33.285+0000: [ParNew: 16386K->4K(18432K), 0.0025378 secs] 416750K->400368K(685676K), 0.0025907 secs] [Times: user=0.00 sys=0.00, real=0.00 secs] 
2020-10-29T08:53:33.304+0000: [GC (Allocation Failure) 2020-10-29T08:53:33.304+0000: [ParNew: 16388K->2K(18432K), 0.0025926 secs] 416752K->400366K(685676K), 0.0026487 secs] [Times: user=0.00 sys=0.00, real=0.01 secs] 
2020-10-29T08:53:33.323+0000: [GC (Allocation Failure) 2020-10-29T08:53:33.323+0000: [ParNew: 16386K->4K(18432K), 0.0026117 secs] 416750K->400368K(685676K), 0.0026774 secs] [Times: user=0.00 sys=0.00, real=0.01 secs] 
2020-10-29T08:53:33.342+0000: [GC (Allocation Failure) 2020-10-29T08:53:33.342+0000: [ParNew: 16388K->4K(18432K), 0.0025928 secs] 416752K->400368K(685676K), 0.0026512 secs] [Times: user=0.01 sys=0.00, real=0.01 secs] 
2020-10-29T08:53:33.361+0000: [GC (Allocation Failure) 2020-10-29T08:53:33.361+0000: [ParNew: 16388K->2K(18432K), 0.0025741 secs] 416752K->400366K(685676K), 0.0026298 secs] [Times: user=0.01 sys=0.00, real=0.00 secs] 
2020-10-29T08:53:33.380+0000: [GC (Allocation Failure) 2020-10-29T08:53:33.380+0000: [ParNew: 16386K->2K(18432K), 0.0025718 secs] 416750K->400366K(685676K), 0.0026406 secs] [Times: user=0.01 sys=0.00, real=0.00 secs] 
2020-10-29T08:53:33.399+0000: [GC (Allocation Failure) 2020-10-29T08:53:33.399+0000: [ParNew: 16386K->2K(18432K), 0.0025831 secs] 416750K->400366K(685676K), 0.0026379 secs] [Times: user=0.01 sys=0.00, real=0.00 secs] 
2020-10-29T08:53:33.418+0000: [GC (Allocation Failure) 2020-10-29T08:53:33.418+0000: [ParNew: 16386K->4K(18432K), 0.0025859 secs] 416750K->400368K(685676K), 0.0026415 secs] [Times: user=0.00 sys=0.00, real=0.00 secs] 
2020-10-29T08:53:33.437+0000: [GC (Allocation Failure) 2020-10-29T08:53:33.437+0000: [ParNew: 16388K->2K(18432K), 0.0025703 secs] 416752K->400366K(685676K), 0.0026259 secs] [Times: user=0.00 sys=0.00, real=0.00 secs] 
2020-10-29T08:53:33.456+0000: [GC (Allocation Failure) 2020-10-29T08:53:33.456+0000: [ParNew: 16386K->2K(18432K), 0.0025730 secs] 416750K->400366K(685676K), 0.0026254 secs] [Times: user=0.00 sys=0.01, real=0.00 secs] 
2020-10-29T08:53:33.475+0000: [GC (Allocation Failure) 2020-10-29T08:53:33.475+0000: [ParNew: 16386K->2K(18432K), 0.0025846 secs] 416750K->400366K(685676K), 0.0026362 secs] [Times: user=0.00 sys=0.00, real=0.00 secs] 
2020-10-29T08:53:33.494+0000: [GC (Allocation Failure) 2020-10-29T08:53:33.494+0000: [ParNew: 16386K->4K(18432K), 0.0025905 secs] 416750K->400368K(685676K), 0.0026450 secs] [Times: user=0.00 sys=0.00, real=0.00 secs] 
2020-10-29T08:53:33.513+0000: [GC (Allocation Failure) 2020-10-29T08:53:33.513+0000: [ParNew: 16388K->2K(18432K), 0.0026019 secs] 416752K->400366K(685676K), 0.0026574 secs] [Times: user=0.00 sys=0.00, real=0.00 secs] 
2020-10-29T08:53:33.534+0000: [GC (Allocation Failure) 2020-10-29T08:53:33.534+0000: [ParNew: 16386K->2K(18432K), 0.0025625 secs] 416750K->400366K(685676K), 0.0026193 secs] [Times: user=0.01 sys=0.00, real=0.00 secs] 
2020-10-29T08:53:33.796+0000: [GC (Allocation Failure) 2020-10-29T08:53:33.797+0000: [ParNew: 16386K->1364K(18432K), 0.0042013 secs] 416750K->401728K(685676K), 0.0042594 secs] [Times: user=0.00 sys=0.00, real=0.00 secs] 
2020-10-29T08:53:33.836+0000: [GC (Allocation Failure) 2020-10-29T08:53:33.836+0000: [ParNew: 17748K->179K(18432K), 0.0039827 secs] 418112K->401739K(685676K), 0.0040406 secs] [Times: user=0.01 sys=0.00, real=0.00 secs] 
2020-10-29T08:53:33.882+0000: [GC (Allocation Failure) 2020-10-29T08:53:33.882+0000: [ParNew: 16563K->269K(18432K), 0.0055327 secs] 418123K->401828K(685676K), 0.0055886 secs] [Times: user=0.01 sys=0.00, real=0.01 secs] 
2020-10-29T08:53:33.928+0000: [GC (Allocation Failure) 2020-10-29T08:53:33.928+0000: [ParNew: 16653K->519K(18432K), 0.0048965 secs] 418212K->402078K(685676K), 0.0049666 secs] [Times: user=0.01 sys=0.00, real=0.01 secs] 
2020-10-29T08:53:33.956+0000: [GC (Allocation Failure) 2020-10-29T08:53:33.957+0000: [ParNew: 16903K->516K(18432K), 0.0045019 secs] 418462K->402075K(685676K), 0.0045580 secs] [Times: user=0.01 sys=0.00, real=0.00 secs] 
2020-10-29T08:53:34.003+0000: [GC (Allocation Failure) 2020-10-29T08:53:34.004+0000: [ParNew: 16900K->772K(18432K), 0.0027225 secs] 418459K->402331K(685676K), 0.0027795 secs] [Times: user=0.00 sys=0.00, real=0.01 secs] 
2020-10-29T08:53:34.028+0000: [GC (Allocation Failure) 2020-10-29T08:53:34.028+0000: [ParNew: 17156K->772K(18432K), 0.0027546 secs] 418715K->402331K(685676K), 0.0028092 secs] [Times: user=0.01 sys=0.00, real=0.00 secs] 
2020-10-29T08:53:34.048+0000: [GC (Allocation Failure) 2020-10-29T08:53:34.048+0000: [ParNew: 17156K->1028K(18432K), 0.0027083 secs] 418715K->402587K(685676K), 0.0027597 secs] [Times: user=0.01 sys=0.00, real=0.00 secs] 
2020-10-29T08:53:34.068+0000: [GC (Allocation Failure) 2020-10-29T08:53:34.068+0000: [ParNew: 17412K->516K(18432K), 0.0028336 secs] 418971K->402587K(685676K), 0.0028908 secs] [Times: user=0.00 sys=0.00, real=0.00 secs] 
2020-10-29T08:53:34.092+0000: [GC (Allocation Failure) 2020-10-29T08:53:34.092+0000: [ParNew: 16900K->516K(18432K), 0.0026676 secs] 418971K->402587K(685676K), 0.0027233 secs] [Times: user=0.01 sys=0.00, real=0.01 secs] 
2020-10-29T08:53:34.120+0000: [GC (Allocation Failure) 2020-10-29T08:53:34.120+0000: [ParNew: 16900K->1540K(18432K), 0.0029086 secs] 418971K->403611K(685676K), 0.0029641 secs] [Times: user=0.01 sys=0.01, real=0.00 secs] 
2020-10-29T08:53:34.148+0000: [GC (Allocation Failure) 2020-10-29T08:53:34.149+0000: [ParNew: 17924K->4K(18432K), 0.0028352 secs] 419995K->403612K(685676K), 0.0028913 secs] [Times: user=0.01 sys=0.00, real=0.00 secs] 
2020-10-29T08:53:34.174+0000: [GC (Allocation Failure) 2020-10-29T08:53:34.174+0000: [ParNew: 16388K->4K(18432K), 0.0026236 secs] 419996K->403612K(685676K), 0.0026770 secs] [Times: user=0.00 sys=0.00, real=0.00 secs] 
2020-10-29T08:53:34.204+0000: [GC (Allocation Failure) 2020-10-29T08:53:34.205+0000: [ParNew: 16388K->4K(18432K), 0.0025766 secs] 419996K->403612K(685676K), 0.0026513 secs] [Times: user=0.00 sys=0.00, real=0.00 secs] 
2020-10-29T08:53:34.228+0000: [GC (Allocation Failure) 2020-10-29T08:53:34.228+0000: [ParNew: 16388K->4K(18432K), 0.0026007 secs] 419996K->403612K(685676K), 0.0026623 secs] [Times: user=0.01 sys=0.00, real=0.00 secs] 
2020-10-29T08:53:34.264+0000: [GC (Allocation Failure) 2020-10-29T08:53:34.264+0000: [ParNew: 16388K->1028K(18432K), 0.0030944 secs] 419996K->404636K(685676K), 0.0031503 secs] [Times: user=0.01 sys=0.00, real=0.01 secs] 
2020-10-29T08:53:34.294+0000: [GC (Allocation Failure) 2020-10-29T08:53:34.294+0000: [ParNew: 17412K->4K(18432K), 0.0028234 secs] 421020K->404636K(685676K), 0.0028789 secs] [Times: user=0.01 sys=0.00, real=0.00 secs] 
2020-10-29T08:53:34.321+0000: [GC (Allocation Failure) 2020-10-29T08:53:34.321+0000: [ParNew: 16388K->4K(18432K), 0.0029445 secs] 421020K->406684K(685676K), 0.0030300 secs] [Times: user=0.00 sys=0.00, real=0.00 secs] 
2020-10-29T08:53:34.355+0000: [GC (Allocation Failure) 2020-10-29T08:53:34.355+0000: [ParNew: 16388K->4K(18432K), 0.0026137 secs] 423068K->406684K(685676K), 0.0026937 secs] [Times: user=0.01 sys=0.00, real=0.00 secs] 
2020-10-29T08:53:34.392+0000: [GC (Allocation Failure) 2020-10-29T08:53:34.392+0000: [ParNew: 16388K->4K(18432K), 0.0025733 secs] 423068K->406684K(685676K), 0.0026439 secs] [Times: user=0.00 sys=0.00, real=0.00 secs] 
2020-10-29T08:53:34.436+0000: [GC (Allocation Failure) 2020-10-29T08:53:34.436+0000: [ParNew: 16388K->4K(18432K), 0.0026542 secs] 423068K->406684K(685676K), 0.0027231 secs] [Times: user=0.01 sys=0.00, real=0.00 secs] 
2020-10-29T08:53:34.476+0000: [GC (Allocation Failure) 2020-10-29T08:53:34.477+0000: [ParNew: 16388K->4K(18432K), 0.0026362 secs] 423068K->406684K(685676K), 0.0027093 secs] [Times: user=0.01 sys=0.00, real=0.00 secs] 
2020-10-29T08:53:34.503+0000: [GC (Allocation Failure) 2020-10-29T08:53:34.503+0000: [ParNew: 16388K->4K(18432K), 0.0026646 secs] 423068K->406684K(685676K), 0.0027359 secs] [Times: user=0.01 sys=0.00, real=0.01 secs] 
2020-10-29T08:53:34.540+0000: [GC (Allocation Failure) 2020-10-29T08:53:34.540+0000: [ParNew: 16388K->4K(18432K), 0.0026070 secs] 423068K->406684K(685676K), 0.0026815 secs] [Times: user=0.01 sys=0.00, real=0.00 secs] 
2020-10-29T08:53:34.577+0000: [GC (Allocation Failure) 2020-10-29T08:53:34.577+0000: [ParNew: 16388K->4K(18432K), 0.0026329 secs] 423068K->406684K(685676K), 0.0027083 secs] [Times: user=0.00 sys=0.00, real=0.00 secs] 
2020-10-29T08:53:34.610+0000: [GC (Allocation Failure) 2020-10-29T08:53:34.610+0000: [ParNew: 16388K->4K(18432K), 0.0025630 secs] 423068K->406684K(685676K), 0.0026172 secs] [Times: user=0.00 sys=0.00, real=0.00 secs] 
2020-10-29T08:53:34.645+0000: [GC (Allocation Failure) 2020-10-29T08:53:34.645+0000: [ParNew: 16388K->2K(18432K), 0.0054850 secs] 423068K->406682K(685676K), 0.0055398 secs] [Times: user=0.01 sys=0.00, real=0.00 secs] 
2020-10-29T08:53:34.678+0000: [GC (Allocation Failure) 2020-10-29T08:53:34.678+0000: [ParNew: 16386K->4K(18432K), 0.0026050 secs] 423066K->406684K(685676K), 0.0026579 secs] [Times: user=0.01 sys=0.00, real=0.00 secs] 
2020-10-29T08:53:34.708+0000: [GC (Allocation Failure) 2020-10-29T08:53:34.708+0000: [ParNew: 16388K->4K(18432K), 0.0025728 secs] 423068K->406684K(685676K), 0.0026462 secs] [Times: user=0.00 sys=0.00, real=0.00 secs] 
2020-10-29T08:53:34.749+0000: [GC (Allocation Failure) 2020-10-29T08:53:34.749+0000: [ParNew: 16388K->4K(18432K), 0.0025979 secs] 423068K->406684K(685676K), 0.0026538 secs] [Times: user=0.01 sys=0.00, real=0.00 secs] 
2020-10-29T08:53:34.777+0000: [GC (Allocation Failure) 2020-10-29T08:53:34.777+0000: [ParNew: 16388K->4K(18432K), 0.0047871 secs] 423068K->408732K(685676K), 0.0048559 secs] [Times: user=0.01 sys=0.00, real=0.00 secs] 
2020-10-29T08:53:34.820+0000: [GC (Allocation Failure) 2020-10-29T08:53:34.820+0000: [ParNew: 16388K->4K(18432K), 0.0026206 secs] 425116K->408732K(685676K), 0.0026999 secs] [Times: user=0.01 sys=0.00, real=0.00 secs] 
2020-10-29T08:53:34.859+0000: [GC (Allocation Failure) 2020-10-29T08:53:34.859+0000: [ParNew: 16388K->4K(18432K), 0.0026209 secs] 425116K->408732K(685676K), 0.0026974 secs] [Times: user=0.01 sys=0.00, real=0.00 secs] 
2020-10-29T08:53:34.903+0000: [GC (Allocation Failure) 2020-10-29T08:53:34.903+0000: [ParNew: 16388K->4K(18432K), 0.0026321 secs] 425116K->408732K(685676K), 0.0027036 secs] [Times: user=0.01 sys=0.00, real=0.01 secs] 
2020-10-29T08:53:34.943+0000: [GC (Allocation Failure) 2020-10-29T08:53:34.943+0000: [ParNew: 16388K->4K(18432K), 0.0033889 secs] 425116K->412828K(685676K), 0.0034639 secs] [Times: user=0.01 sys=0.00, real=0.01 secs] 
2020-10-29T08:53:34.982+0000: [GC (Allocation Failure) 2020-10-29T08:53:34.982+0000: [ParNew: 16388K->4K(18432K), 0.0099593 secs] 429212K->412828K(685676K), 0.0100314 secs] [Times: user=0.00 sys=0.00, real=0.02 secs] 
2020-10-29T08:53:35.020+0000: [GC (Allocation Failure) 2020-10-29T08:53:35.021+0000: [ParNew: 16388K->4K(18432K), 0.0025837 secs] 429212K->412828K(685676K), 0.0026382 secs] [Times: user=0.00 sys=0.00, real=0.00 secs] 
2020-10-29T08:53:35.040+0000: [GC (Allocation Failure) 2020-10-29T08:53:35.041+0000: [ParNew: 16388K->4K(18432K), 0.0027027 secs] 429212K->412828K(685676K), 0.0027638 secs] [Times: user=0.01 sys=0.00, real=0.00 secs] 
2020-10-29T08:53:35.060+0000: [GC (Allocation Failure) 2020-10-29T08:53:35.061+0000: [ParNew: 16388K->4K(18432K), 0.0026114 secs] 429212K->412828K(685676K), 0.0026672 secs] [Times: user=0.01 sys=0.00, real=0.00 secs] 
2020-10-29T08:53:35.079+0000: [GC (Allocation Failure) 2020-10-29T08:53:35.079+0000: [ParNew: 16388K->4K(18432K), 0.0025803 secs] 429212K->412828K(685676K), 0.0026299 secs] [Times: user=0.00 sys=0.00, real=0.00 secs] 
2020-10-29T08:53:35.097+0000: [GC (Allocation Failure) 2020-10-29T08:53:35.097+0000: [ParNew: 16388K->4K(18432K), 0.0025331 secs] 429212K->412829K(685676K), 0.0025811 secs] [Times: user=0.01 sys=0.00, real=0.00 secs] 
2020-10-29T08:53:35.115+0000: [GC (Allocation Failure) 2020-10-29T08:53:35.115+0000: [ParNew: 16388K->4K(18432K), 0.0027336 secs] 429213K->412829K(685676K), 0.0027932 secs] [Times: user=0.01 sys=0.00, real=0.00 secs] 
2020-10-29T08:53:35.136+0000: [GC (Allocation Failure) 2020-10-29T08:53:35.136+0000: [ParNew: 16388K->4K(18432K), 0.0025831 secs] 429213K->412829K(685676K), 0.0026378 secs] [Times: user=0.01 sys=0.00, real=0.00 secs] 
2020-10-29T08:53:35.156+0000: [GC (Allocation Failure) 2020-10-29T08:53:35.156+0000: [ParNew: 16388K->4K(18432K), 0.0024136 secs] 429213K->412829K(685676K), 0.0024622 secs] [Times: user=0.01 sys=0.00, real=0.00 secs] 
2020-10-29T08:53:35.176+0000: [GC (Allocation Failure) 2020-10-29T08:53:35.176+0000: [ParNew: 16388K->4K(18432K), 0.0024742 secs] 429213K->412829K(685676K), 0.0025228 secs] [Times: user=0.00 sys=0.00, real=0.00 secs] 
2020-10-29T08:53:35.196+0000: [GC (Allocation Failure) 2020-10-29T08:53:35.197+0000: [ParNew: 16388K->4K(18432K), 0.0025347 secs] 429213K->412829K(685676K), 0.0025886 secs] [Times: user=0.00 sys=0.00, real=0.00 secs] 
2020-10-29T08:53:35.216+0000: [GC (Allocation Failure) 2020-10-29T08:53:35.217+0000: [ParNew: 16388K->4K(18432K), 0.0025636 secs] 429213K->412829K(685676K), 0.0026181 secs] [Times: user=0.01 sys=0.00, real=0.00 secs] 
2020-10-29T08:53:35.235+0000: [GC (Allocation Failure) 2020-10-29T08:53:35.235+0000: [ParNew: 16388K->4K(18432K), 0.0026384 secs] 429213K->412829K(685676K), 0.0027089 secs] [Times: user=0.01 sys=0.00, real=0.00 secs] 
2020-10-29T08:53:35.253+0000: [GC (Allocation Failure) 2020-10-29T08:53:35.253+0000: [ParNew: 16388K->2K(18432K), 0.0048793 secs] 429213K->412827K(685676K), 0.0049439 secs] [Times: user=0.00 sys=0.00, real=0.00 secs] 
2020-10-29T08:53:35.280+0000: [GC (Allocation Failure) 2020-10-29T08:53:35.280+0000: [ParNew: 16386K->4K(18432K), 0.0026313 secs] 429211K->412829K(685676K), 0.0026866 secs] [Times: user=0.00 sys=0.00, real=0.00 secs] 
2020-10-29T08:53:35.298+0000: [GC (Allocation Failure) 2020-10-29T08:53:35.298+0000: [ParNew: 16388K->4K(18432K), 0.0024306 secs] 429213K->412829K(685676K), 0.0024778 secs] [Times: user=0.01 sys=0.00, real=0.00 secs] 
2020-10-29T08:53:35.316+0000: [GC (Allocation Failure) 2020-10-29T08:53:35.316+0000: [ParNew: 16388K->4K(18432K), 0.0025194 secs] 429213K->412829K(685676K), 0.0025699 secs] [Times: user=0.00 sys=0.00, real=0.00 secs] 
2020-10-29T08:53:35.334+0000: [GC (Allocation Failure) 2020-10-29T08:53:35.334+0000: [ParNew: 16388K->4K(18432K), 0.0025831 secs] 429213K->412829K(685676K), 0.0026350 secs] [Times: user=0.01 sys=0.00, real=0.00 secs] 
2020-10-29T08:53:35.353+0000: [GC (Allocation Failure) 2020-10-29T08:53:35.353+0000: [ParNew: 16388K->4K(18432K), 0.0025212 secs] 429213K->412829K(685676K), 0.0025751 secs] [Times: user=0.00 sys=0.00, real=0.00 secs] 
2020-10-29T08:53:35.370+0000: [GC (Allocation Failure) 2020-10-29T08:53:35.370+0000: [ParNew: 16388K->4K(18432K), 0.0024899 secs] 429213K->412829K(685676K), 0.0025465 secs] [Times: user=0.01 sys=0.00, real=0.01 secs] 
2020-10-29T08:53:35.388+0000: [GC (Allocation Failure) 2020-10-29T08:53:35.388+0000: [ParNew: 16388K->4K(18432K), 0.0025268 secs] 429213K->412829K(685676K), 0.0025757 secs] [Times: user=0.00 sys=0.00, real=0.00 secs] 
2020-10-29T08:53:35.408+0000: [GC (Allocation Failure) 2020-10-29T08:53:35.408+0000: [ParNew: 16388K->4K(18432K), 0.0024814 secs] 429213K->412829K(685676K), 0.0025298 secs] [Times: user=0.01 sys=0.00, real=0.00 secs] 
2020-10-29T08:53:35.426+0000: [GC (Allocation Failure) 2020-10-29T08:53:35.426+0000: [ParNew: 16388K->4K(18432K), 0.0025940 secs] 429213K->412829K(685676K), 0.0026478 secs] [Times: user=0.00 sys=0.00, real=0.00 secs] 
2020-10-29T08:53:35.448+0000: [GC (Allocation Failure) 2020-10-29T08:53:35.449+0000: [ParNew: 15455K->4K(18432K), 0.0025917 secs] 428280K->412829K(685676K), 0.0026478 secs] [Times: user=0.01 sys=0.00, real=0.00 secs] 
2020-10-29T08:53:35.466+0000: [GC (Allocation Failure) 2020-10-29T08:53:35.466+0000: [ParNew: 16388K->4K(18432K), 0.0033325 secs] 429213K->416925K(685676K), 0.0033866 secs] [Times: user=0.01 sys=0.00, real=0.00 secs] 
2020-10-29T08:53:35.485+0000: [GC (Allocation Failure) 2020-10-29T08:53:35.485+0000: [ParNew: 16388K->4K(18432K), 0.0026013 secs] 433309K->416925K(685676K), 0.0026573 secs] [Times: user=0.01 sys=0.00, real=0.00 secs] 
2020-10-29T08:53:35.504+0000: [GC (Allocation Failure) 2020-10-29T08:53:35.504+0000: [ParNew: 16388K->4K(18432K), 0.0025840 secs] 433309K->416925K(685676K), 0.0026392 secs] [Times: user=0.01 sys=0.00, real=0.00 secs] 
2020-10-29T08:53:35.522+0000: [GC (Allocation Failure) 2020-10-29T08:53:35.522+0000: [ParNew: 16388K->4K(18432K), 0.0024383 secs] 433309K->416925K(685676K), 0.0024840 secs] [Times: user=0.00 sys=0.00, real=0.01 secs] 
2020-10-29T08:53:35.540+0000: [GC (Allocation Failure) 2020-10-29T08:53:35.540+0000: [ParNew: 16388K->4K(18432K), 0.0025345 secs] 433309K->416925K(685676K), 0.0025843 secs] [Times: user=0.00 sys=0.00, real=0.00 secs] 
2020-10-29T08:53:35.560+0000: [GC (Allocation Failure) 2020-10-29T08:53:35.560+0000: [ParNew: 16388K->4K(18432K), 0.0024559 secs] 433309K->416925K(685676K), 0.0025045 secs] [Times: user=0.01 sys=0.00, real=0.00 secs] 
2020-10-29T08:53:35.578+0000: [GC (Allocation Failure) 2020-10-29T08:53:35.578+0000: [ParNew: 16388K->4K(18432K), 0.0026179 secs] 433309K->416925K(685676K), 0.0026684 secs] [Times: user=0.00 sys=0.00, real=0.00 secs] 
2020-10-29T08:53:35.600+0000: [GC (Allocation Failure) 2020-10-29T08:53:35.600+0000: [ParNew: 16388K->4K(18432K), 0.0024969 secs] 433309K->416925K(685676K), 0.0025457 secs] [Times: user=0.00 sys=0.00, real=0.00 secs] 
2020-10-29T08:53:35.618+0000: [GC (Allocation Failure) 2020-10-29T08:53:35.618+0000: [ParNew: 16388K->4K(18432K), 0.0025037 secs] 433309K->416925K(685676K), 0.0025546 secs] [Times: user=0.01 sys=0.00, real=0.00 secs] 
2020-10-29T08:53:35.636+0000: [GC (Allocation Failure) 2020-10-29T08:53:35.636+0000: [ParNew: 16388K->4K(18432K), 0.0025530 secs] 433309K->416925K(685676K), 0.0026028 secs] [Times: user=0.00 sys=0.00, real=0.00 secs] 
2020-10-29T08:53:35.656+0000: [GC (Allocation Failure) 2020-10-29T08:53:35.657+0000: [ParNew: 16388K->4K(18432K), 0.0025867 secs] 433309K->416925K(685676K), 0.0026411 secs] [Times: user=0.00 sys=0.00, real=0.00 secs] 
2020-10-29T08:53:35.676+0000: [GC (Allocation Failure) 2020-10-29T08:53:35.677+0000: [ParNew: 16388K->4K(18432K), 0.0024953 secs] 433309K->416925K(685676K), 0.0025457 secs] [Times: user=0.00 sys=0.00, real=0.00 secs] 
2020-10-29T08:53:35.695+0000: [GC (Allocation Failure) 2020-10-29T08:53:35.695+0000: [ParNew: 16388K->4K(18432K), 0.0024913 secs] 433309K->416925K(685676K), 0.0025399 secs] [Times: user=0.01 sys=0.00, real=0.00 secs] 
2020-10-29T08:53:35.717+0000: [GC (Allocation Failure) 2020-10-29T08:53:35.717+0000: [ParNew: 16388K->4K(18432K), 0.0026382 secs] 433309K->416925K(685676K), 0.0026940 secs] [Times: user=0.00 sys=0.00, real=0.00 secs] 
2020-10-29T08:53:35.736+0000: [GC (Allocation Failure) 2020-10-29T08:53:35.736+0000: [ParNew: 16388K->4K(18432K), 0.0025846 secs] 433309K->416925K(685676K), 0.0026415 secs] [Times: user=0.01 sys=0.00, real=0.00 secs] 
2020-10-29T08:53:35.757+0000: [GC (Allocation Failure) 2020-10-29T08:53:35.757+0000: [ParNew: 16388K->4K(18432K), 0.0048078 secs] 433309K->416925K(685676K), 0.0048619 secs] [Times: user=0.00 sys=0.00, real=0.00 secs] 
2020-10-29T08:53:35.777+0000: [GC (Allocation Failure) 2020-10-29T08:53:35.777+0000: [ParNew: 16388K->4K(18432K), 0.0025744 secs] 433309K->416925K(685676K), 0.0026285 secs] [Times: user=0.01 sys=0.00, real=0.00 secs] 
2020-10-29T08:53:35.796+0000: [GC (Allocation Failure) 2020-10-29T08:53:35.796+0000: [ParNew: 16388K->4K(18432K), 0.0026148 secs] 433309K->416925K(685676K), 0.0026748 secs] [Times: user=0.00 sys=0.00, real=0.00 secs] 
2020-10-29T08:53:35.816+0000: [GC (Allocation Failure) 2020-10-29T08:53:35.816+0000: [ParNew: 16388K->4K(18432K), 0.0026065 secs] 433309K->416925K(685676K), 0.0026666 secs] [Times: user=0.01 sys=0.00, real=0.00 secs] 
2020-10-29T08:53:35.834+0000: [GC (Allocation Failure) 2020-10-29T08:53:35.834+0000: [ParNew: 16388K->4K(18432K), 0.0026360 secs] 433309K->416925K(685676K), 0.0026907 secs] [Times: user=0.00 sys=0.00, real=0.00 secs] 
2020-10-29T08:53:35.852+0000: [GC (Allocation Failure) 2020-10-29T08:53:35.852+0000: [ParNew: 16388K->4K(18432K), 0.0025657 secs] 433309K->416925K(685676K), 0.0026187 secs] [Times: user=0.00 sys=0.00, real=0.01 secs] 
2020-10-29T08:53:35.870+0000: [GC (Allocation Failure) 2020-10-29T08:53:35.870+0000: [ParNew: 16388K->4K(18432K), 0.0025756 secs] 433309K->416925K(685676K), 0.0026434 secs] [Times: user=0.00 sys=0.00, real=0.01 secs] 
2020-10-29T08:53:35.888+0000: [GC (Allocation Failure) 2020-10-29T08:53:35.888+0000: [ParNew: 16388K->4K(18432K), 0.0026396 secs] 433309K->416925K(685676K), 0.0026911 secs] [Times: user=0.01 sys=0.00, real=0.00 secs] 
2020-10-29T08:53:35.908+0000: [GC (Allocation Failure) 2020-10-29T08:53:35.908+0000: [ParNew: 16388K->4K(18432K), 0.0024724 secs] 433309K->416925K(685676K), 0.0025220 secs] [Times: user=0.00 sys=0.00, real=0.00 secs] 
2020-10-29T08:53:35.926+0000: [GC (Allocation Failure) 2020-10-29T08:53:35.927+0000: [ParNew: 16388K->4K(18432K), 0.0024622 secs] 433309K->416925K(685676K), 0.0025120 secs] [Times: user=0.00 sys=0.00, real=0.00 secs] 
2020-10-29T08:53:35.948+0000: [GC (Allocation Failure) 2020-10-29T08:53:35.948+0000: [ParNew: 16388K->4K(18432K), 0.0025460 secs] 433309K->416925K(685676K), 0.0025985 secs] [Times: user=0.00 sys=0.00, real=0.00 secs] 
2020-10-29T08:53:35.967+0000: [GC (Allocation Failure) 2020-10-29T08:53:35.967+0000: [ParNew: 16388K->4K(18432K), 0.0025102 secs] 433309K->416925K(685676K), 0.0025609 secs] [Times: user=0.01 sys=0.00, real=0.00 secs] 
2020-10-29T08:53:35.985+0000: [GC (Allocation Failure) 2020-10-29T08:53:35.985+0000: [ParNew: 16388K->4K(18432K), 0.0024659 secs] 433309K->416925K(685676K), 0.0025131 secs] [Times: user=0.00 sys=0.00, real=0.00 secs] 
2020-10-29T08:53:36.003+0000: [GC (Allocation Failure) 2020-10-29T08:53:36.003+0000: [ParNew: 16388K->4K(18432K), 0.0023764 secs] 433309K->416925K(685676K), 0.0024208 secs] [Times: user=0.01 sys=0.00, real=0.01 secs] 
2020-10-29T08:53:36.024+0000: [GC (Allocation Failure) 2020-10-29T08:53:36.024+0000: [ParNew: 16388K->4K(18432K), 0.0024467 secs] 433309K->416925K(685676K), 0.0024956 secs] [Times: user=0.01 sys=0.00, real=0.01 secs] 
2020-10-29T08:53:36.042+0000: [GC (Allocation Failure) 2020-10-29T08:53:36.042+0000: [ParNew: 16388K->4K(18432K), 0.0025369 secs] 433309K->416925K(685676K), 0.0025872 secs] [Times: user=0.00 sys=0.00, real=0.01 secs] 
2020-10-29T08:53:36.060+0000: [GC (Allocation Failure) 2020-10-29T08:53:36.060+0000: [ParNew: 16388K->4K(18432K), 0.0024053 secs] 433309K->416925K(685676K), 0.0024514 secs] [Times: user=0.01 sys=0.00, real=0.00 secs] 
2020-10-29T08:53:36.078+0000: [GC (Allocation Failure) 2020-10-29T08:53:36.078+0000: [ParNew: 16383K->4K(18432K), 0.0025070 secs] 433305K->416925K(685676K), 0.0025531 secs] [Times: user=0.00 sys=0.00, real=0.00 secs] 
2020-10-29T08:53:36.096+0000: [GC (Allocation Failure) 2020-10-29T08:53:36.096+0000: [ParNew: 16388K->4K(18432K), 0.0024228 secs] 433309K->416925K(685676K), 0.0024686 secs] [Times: user=0.01 sys=0.00, real=0.00 secs] 
2020-10-29T08:53:36.114+0000: [GC (Allocation Failure) 2020-10-29T08:53:36.114+0000: [ParNew: 16388K->4K(18432K), 0.0024483 secs] 433309K->416925K(685676K), 0.0024962 secs] [Times: user=0.00 sys=0.00, real=0.00 secs] 
2020-10-29T08:53:36.132+0000: [GC (Allocation Failure) 2020-10-29T08:53:36.132+0000: [ParNew: 16388K->4K(18432K), 0.0025355 secs] 433309K->416925K(685676K), 0.0025865 secs] [Times: user=0.01 sys=0.00, real=0.00 secs] 
2020-10-29T08:53:36.151+0000: [GC (Allocation Failure) 2020-10-29T08:53:36.151+0000: [ParNew: 16388K->4K(18432K), 0.0024732 secs] 433309K->416925K(685676K), 0.0025184 secs] [Times: user=0.01 sys=0.00, real=0.01 secs] 
2020-10-29T08:53:36.172+0000: [GC (Allocation Failure) 2020-10-29T08:53:36.172+0000: [ParNew: 16388K->4K(18432K), 0.0024250 secs] 433309K->416925K(685676K), 0.0024722 secs] [Times: user=0.01 sys=0.01, real=0.01 secs] 
2020-10-29T08:53:36.190+0000: [GC (Allocation Failure) 2020-10-29T08:53:36.190+0000: [ParNew: 16388K->4K(18432K), 0.0024723 secs] 433309K->416925K(685676K), 0.0025197 secs] [Times: user=0.00 sys=0.00, real=0.01 secs] 
2020-10-29T08:53:36.212+0000: [GC (Allocation Failure) 2020-10-29T08:53:36.212+0000: [ParNew: 16388K->4K(18432K), 0.0025001 secs] 433309K->416925K(685676K), 0.0025608 secs] [Times: user=0.01 sys=0.00, real=0.01 secs] 
2020-10-29T08:53:36.230+0000: [GC (Allocation Failure) 2020-10-29T08:53:36.230+0000: [ParNew: 16388K->4K(18432K), 0.0026768 secs] 433309K->416925K(685676K), 0.0027344 secs] [Times: user=0.00 sys=0.00, real=0.01 secs] 
2020-10-29T08:53:36.252+0000: [GC (Allocation Failure) 2020-10-29T08:53:36.252+0000: [ParNew: 16388K->4K(18432K), 0.0026660 secs] 433309K->416925K(685676K), 0.0027236 secs] [Times: user=0.00 sys=0.00, real=0.01 secs] 
2020-10-29T08:53:36.270+0000: [GC (Allocation Failure) 2020-10-29T08:53:36.270+0000: [ParNew: 16388K->4K(18432K), 0.0026864 secs] 433309K->416925K(685676K), 0.0027455 secs] [Times: user=0.00 sys=0.00, real=0.01 secs] 
2020-10-29T08:53:36.291+0000: [GC (Allocation Failure) 2020-10-29T08:53:36.291+0000: [ParNew: 16388K->4K(18432K), 0.0026086 secs] 433309K->416925K(685676K), 0.0026642 secs] [Times: user=0.00 sys=0.00, real=0.01 secs] 
2020-10-29T08:53:36.312+0000: [GC (Allocation Failure) 2020-10-29T08:53:36.312+0000: [ParNew: 16388K->4K(18432K), 0.0025899 secs] 433309K->416925K(685676K), 0.0026438 secs] [Times: user=0.00 sys=0.00, real=0.01 secs] 
2020-10-29T08:53:36.330+0000: [GC (Allocation Failure) 2020-10-29T08:53:36.330+0000: [ParNew: 16388K->4K(18432K), 0.0025070 secs] 433309K->416925K(685676K), 0.0025578 secs] [Times: user=0.01 sys=0.00, real=0.01 secs] 
2020-10-29T08:53:36.352+0000: [GC (Allocation Failure) 2020-10-29T08:53:36.352+0000: [ParNew: 16388K->4K(18432K), 0.0025844 secs] 433309K->416925K(685676K), 0.0026361 secs] [Times: user=0.00 sys=0.00, real=0.01 secs] 
2020-10-29T08:53:36.372+0000: [GC (Allocation Failure) 2020-10-29T08:53:36.372+0000: [ParNew: 16388K->4K(18432K), 0.0025166 secs] 433309K->416925K(685676K), 0.0025666 secs] [Times: user=0.00 sys=0.00, real=0.00 secs] 
2020-10-29T08:53:36.392+0000: [GC (Allocation Failure) 2020-10-29T08:53:36.392+0000: [ParNew: 16388K->4K(18432K), 0.0024181 secs] 433309K->416925K(685676K), 0.0024632 secs] [Times: user=0.00 sys=0.00, real=0.00 secs] 
2020-10-29T08:53:36.410+0000: [GC (Allocation Failure) 2020-10-29T08:53:36.410+0000: [ParNew: 16388K->4K(18432K), 0.0031410 secs] 433309K->416925K(685676K), 0.0031952 secs] [Times: user=0.00 sys=0.00, real=0.01 secs] 
2020-10-29T08:53:36.429+0000: [GC (Allocation Failure) 2020-10-29T08:53:36.429+0000: [ParNew: 16388K->4K(18432K), 0.0024531 secs] 433309K->416925K(685676K), 0.0024987 secs] [Times: user=0.01 sys=0.00, real=0.00 secs] 
2020-10-29T08:53:36.446+0000: [GC (Allocation Failure) 2020-10-29T08:53:36.446+0000: [ParNew: 16388K->4K(18432K), 0.0025147 secs] 433309K->416925K(685676K), 0.0025656 secs] [Times: user=0.00 sys=0.00, real=0.00 secs] 
2020-10-29T08:53:36.468+0000: [GC (Allocation Failure) 2020-10-29T08:53:36.468+0000: [ParNew: 16388K->4K(18432K), 0.0024188 secs] 433309K->416925K(685676K), 0.0024755 secs] [Times: user=0.01 sys=0.00, real=0.00 secs] 
2020-10-29T08:53:36.488+0000: [GC (Allocation Failure) 2020-10-29T08:53:36.489+0000: [ParNew: 16388K->4K(18432K), 0.0023556 secs] 433309K->416925K(685676K), 0.0024395 secs] [Times: user=0.00 sys=0.00, real=0.00 secs] 
2020-10-29T08:53:36.506+0000: [GC (Allocation Failure) 2020-10-29T08:53:36.506+0000: [ParNew: 16388K->4K(18432K), 0.0025371 secs] 433309K->416925K(685676K), 0.0025868 secs] [Times: user=0.01 sys=0.00, real=0.00 secs] 
2020-10-29T08:53:36.525+0000: [GC (Allocation Failure) 2020-10-29T08:53:36.525+0000: [ParNew: 16388K->4K(18432K), 0.0024939 secs] 433309K->416925K(685676K), 0.0025432 secs] [Times: user=0.00 sys=0.00, real=0.00 secs] 
2020-10-29T08:53:36.543+0000: [GC (Allocation Failure) 2020-10-29T08:53:36.543+0000: [ParNew: 16388K->4K(18432K), 0.0025384 secs] 433309K->416925K(685676K), 0.0025853 secs] [Times: user=0.01 sys=0.00, real=0.01 secs] 
2020-10-29T08:53:36.561+0000: [GC (Allocation Failure) 2020-10-29T08:53:36.561+0000: [ParNew: 16388K->4K(18432K), 0.0025075 secs] 433309K->416925K(685676K), 0.0025576 secs] [Times: user=0.00 sys=0.00, real=0.00 secs] 
2020-10-29T08:53:36.579+0000: [GC (Allocation Failure) 2020-10-29T08:53:36.579+0000: [ParNew: 16388K->4K(18432K), 0.0025147 secs] 433309K->416925K(685676K), 0.0025639 secs] [Times: user=0.01 sys=0.00, real=0.00 secs] 
2020-10-29T08:53:36.600+0000: [GC (Allocation Failure) 2020-10-29T08:53:36.600+0000: [ParNew: 16388K->4K(18432K), 0.0025334 secs] 433309K->416925K(685676K), 0.0025852 secs] [Times: user=0.01 sys=0.00, real=0.00 secs] 
2020-10-29T08:53:36.620+0000: [GC (Allocation Failure) 2020-10-29T08:53:36.620+0000: [ParNew: 16388K->4K(18432K), 0.0025504 secs] 433309K->416925K(685676K), 0.0026021 secs] [Times: user=0.01 sys=0.00, real=0.00 secs] 
2020-10-29T08:53:36.640+0000: [GC (Allocation Failure) 2020-10-29T08:53:36.640+0000: [ParNew: 16388K->4K(18432K), 0.0024832 secs] 433309K->416926K(685676K), 0.0025300 secs] [Times: user=0.01 sys=0.00, real=0.00 secs] 
2020-10-29T08:53:36.661+0000: [GC (Allocation Failure) 2020-10-29T08:53:36.661+0000: [ParNew: 16388K->4K(18432K), 0.0024090 secs] 433310K->416926K(685676K), 0.0024547 secs] [Times: user=0.00 sys=0.00, real=0.00 secs] 
2020-10-29T08:53:36.678+0000: [GC (Allocation Failure) 2020-10-29T08:53:36.678+0000: [ParNew: 16388K->4K(18432K), 0.0024907 secs] 433310K->416926K(685676K), 0.0025387 secs] [Times: user=0.01 sys=0.00, real=0.00 secs] 
2020-10-29T08:53:36.696+0000: [GC (Allocation Failure) 2020-10-29T08:53:36.696+0000: [ParNew: 16388K->2K(18432K), 0.0041912 secs] 433310K->416924K(685676K), 0.0042376 secs] [Times: user=0.00 sys=0.00, real=0.00 secs] 
2020-10-29T08:53:36.716+0000: [GC (Allocation Failure) 2020-10-29T08:53:36.717+0000: [ParNew: 16386K->4K(18432K), 0.0025806 secs] 433308K->416926K(685676K), 0.0026348 secs] [Times: user=0.01 sys=0.00, real=0.00 secs] 
2020-10-29T08:53:36.736+0000: [GC (Allocation Failure) 2020-10-29T08:53:36.736+0000: [ParNew: 16388K->4K(18432K), 0.0024615 secs] 433310K->416926K(685676K), 0.0025113 secs] [Times: user=0.00 sys=0.00, real=0.00 secs] 
2020-10-29T08:53:36.756+0000: [GC (Allocation Failure) 2020-10-29T08:53:36.756+0000: [ParNew: 16388K->4K(18432K), 0.0024685 secs] 433310K->416926K(685676K), 0.0025171 secs] [Times: user=0.01 sys=0.00, real=0.00 secs] 
2020-10-29T08:53:36.774+0000: [GC (Allocation Failure) 2020-10-29T08:53:36.774+0000: [ParNew: 16388K->4K(18432K), 0.0024593 secs] 433310K->416926K(685676K), 0.0025054 secs] [Times: user=0.00 sys=0.00, real=0.00 secs] 
2020-10-29T08:53:36.792+0000: [GC (Allocation Failure) 2020-10-29T08:53:36.792+0000: [ParNew: 16388K->4K(18432K), 0.0023927 secs] 433310K->416926K(685676K), 0.0024374 secs] [Times: user=0.01 sys=0.00, real=0.01 secs] 
2020-10-29T08:53:36.810+0000: [GC (Allocation Failure) 2020-10-29T08:53:36.810+0000: [ParNew: 16388K->4K(18432K), 0.0024060 secs] 433310K->416926K(685676K), 0.0024710 secs] [Times: user=0.00 sys=0.00, real=0.01 secs] 
2020-10-29T08:53:36.828+0000: [GC (Allocation Failure) 2020-10-29T08:53:36.828+0000: [ParNew: 16388K->4K(18432K), 0.0025430 secs] 433310K->416926K(685676K), 0.0025940 secs] [Times: user=0.01 sys=0.00, real=0.00 secs] 
2020-10-29T08:53:36.846+0000: [GC (Allocation Failure) 2020-10-29T08:53:36.846+0000: [ParNew: 16388K->4K(18432K), 0.0026520 secs] 433310K->416926K(685676K), 0.0027072 secs] [Times: user=0.00 sys=0.00, real=0.00 secs] 
2020-10-29T08:53:36.864+0000: [GC (Allocation Failure) 2020-10-29T08:53:36.864+0000: [ParNew: 16388K->4K(18432K), 0.0025799 secs] 433310K->416926K(685676K), 0.0026326 secs] [Times: user=0.01 sys=0.00, real=0.00 secs] 
2020-10-29T08:53:36.883+0000: [GC (Allocation Failure) 2020-10-29T08:53:36.883+0000: [ParNew: 16388K->4K(18432K), 0.0026611 secs] 433310K->416926K(685676K), 0.0027174 secs] [Times: user=0.01 sys=0.00, real=0.01 secs] 
2020-10-29T08:53:36.904+0000: [GC (Allocation Failure) 2020-10-29T08:53:36.904+0000: [ParNew: 16388K->4K(18432K), 0.0025975 secs] 433310K->416926K(685676K), 0.0026531 secs] [Times: user=0.01 sys=0.01, real=0.00 secs] 
2020-10-29T08:53:36.924+0000: [GC (Allocation Failure) 2020-10-29T08:53:36.925+0000: [ParNew: 16388K->4K(18432K), 0.0026105 secs] 433310K->416926K(685676K), 0.0026663 secs] [Times: user=0.00 sys=0.00, real=0.00 secs] 
2020-10-29T08:53:36.946+0000: [GC (Allocation Failure) 2020-10-29T08:53:36.947+0000: [ParNew: 16388K->4K(18432K), 0.0026660 secs] 433310K->416926K(685676K), 0.0027413 secs] [Times: user=0.00 sys=0.00, real=0.00 secs] 
2020-10-29T08:53:36.966+0000: [GC (Allocation Failure) 2020-10-29T08:53:36.966+0000: [ParNew: 16388K->4K(18432K), 0.0026559 secs] 433310K->416926K(685676K), 0.0027331 secs] [Times: user=0.01 sys=0.00, real=0.00 secs] 
2020-10-29T08:53:36.984+0000: [GC (Allocation Failure) 2020-10-29T08:53:36.984+0000: [ParNew: 16388K->4K(18432K), 0.0026406 secs] 433310K->416926K(685676K), 0.0026952 secs] [Times: user=0.00 sys=0.00, real=0.01 secs] 
2020-10-29T08:53:37.004+0000: [GC (Allocation Failure) 2020-10-29T08:53:37.005+0000: [ParNew: 16388K->4K(18432K), 0.0025684 secs] 433310K->416926K(685676K), 0.0026216 secs] [Times: user=0.01 sys=0.00, real=0.00 secs] 
2020-10-29T08:53:37.024+0000: [GC (Allocation Failure) 2020-10-29T08:53:37.025+0000: [ParNew: 16388K->4K(18432K), 0.0025655 secs] 433310K->416926K(685676K), 0.0026189 secs] [Times: user=0.01 sys=0.00, real=0.00 secs] 
2020-10-29T08:53:37.046+0000: [GC (Allocation Failure) 2020-10-29T08:53:37.046+0000: [ParNew: 16388K->4K(18432K), 0.0025847 secs] 433310K->416926K(685676K), 0.0026400 secs] [Times: user=0.01 sys=0.00, real=0.00 secs] 
2020-10-29T08:53:37.064+0000: [GC (Allocation Failure) 2020-10-29T08:53:37.064+0000: [ParNew: 16388K->4K(18432K), 0.0024736 secs] 433310K->416926K(685676K), 0.0025237 secs] [Times: user=0.00 sys=0.00, real=0.00 secs] 
2020-10-29T08:53:37.082+0000: [GC (Allocation Failure) 2020-10-29T08:53:37.082+0000: [ParNew: 16388K->4K(18432K), 0.0025832 secs] 433310K->416926K(685676K), 0.0026430 secs] [Times: user=0.01 sys=0.00, real=0.01 secs] 
2020-10-29T08:53:37.100+0000: [GC (Allocation Failure) 2020-10-29T08:53:37.100+0000: [ParNew: 16388K->4K(18432K), 0.0025953 secs] 433310K->416926K(685676K), 0.0026461 secs] [Times: user=0.00 sys=0.00, real=0.00 secs] 
2020-10-29T08:53:37.118+0000: [GC (Allocation Failure) 2020-10-29T08:53:37.118+0000: [ParNew: 16388K->4K(18432K), 0.0025488 secs] 433310K->416926K(685676K), 0.0026004 secs] [Times: user=0.01 sys=0.00, real=0.00 secs] 
2020-10-29T08:53:37.136+0000: [GC (Allocation Failure) 2020-10-29T08:53:37.137+0000: [ParNew: 16388K->4K(18432K), 0.0025714 secs] 433310K->416926K(685676K), 0.0026257 secs] [Times: user=0.01 sys=0.00, real=0.00 secs] 
2020-10-29T08:53:37.156+0000: [GC (Allocation Failure) 2020-10-29T08:53:37.157+0000: [ParNew: 16388K->4K(18432K), 0.0025624 secs] 433310K->416926K(685676K), 0.0026134 secs] [Times: user=0.00 sys=0.00, real=0.00 secs] 
2020-10-29T08:53:37.180+0000: [GC (Allocation Failure) 2020-10-29T08:53:37.180+0000: [ParNew: 16388K->4K(18432K), 0.0026344 secs] 433310K->416926K(685676K), 0.0026992 secs] [Times: user=0.00 sys=0.00, real=0.00 secs] 
2020-10-29T08:53:37.200+0000: [GC (Allocation Failure) 2020-10-29T08:53:37.201+0000: [ParNew: 16388K->4K(18432K), 0.0026233 secs] 433310K->416926K(685676K), 0.0026775 secs] [Times: user=0.00 sys=0.00, real=0.00 secs] 
2020-10-29T08:53:37.218+0000: [GC (Allocation Failure) 2020-10-29T08:53:37.218+0000: [ParNew: 16388K->4K(18432K), 0.0025416 secs] 433310K->416926K(685676K), 0.0025930 secs] [Times: user=0.01 sys=0.00, real=0.00 secs] 
2020-10-29T08:53:37.236+0000: [GC (Allocation Failure) 2020-10-29T08:53:37.237+0000: [ParNew: 16388K->4K(18432K), 0.0025711 secs] 433310K->416926K(685676K), 0.0026234 secs] [Times: user=0.00 sys=0.00, real=0.00 secs] 
2020-10-29T08:53:37.254+0000: [GC (Allocation Failure) 2020-10-29T08:53:37.254+0000: [ParNew: 16388K->4K(18432K), 0.0024989 secs] 433310K->416926K(685676K), 0.0025490 secs] [Times: user=0.01 sys=0.00, real=0.00 secs] 
2020-10-29T08:53:37.276+0000: [GC (Allocation Failure) 2020-10-29T08:53:37.276+0000: [ParNew: 16388K->4K(18432K), 0.0025564 secs] 433310K->416926K(685676K), 0.0026095 secs] [Times: user=0.01 sys=0.00, real=0.00 secs] 
2020-10-29T08:53:37.294+0000: [GC (Allocation Failure) 2020-10-29T08:53:37.294+0000: [ParNew: 16388K->4K(18432K), 0.0026125 secs] 433310K->416926K(685676K), 0.0026663 secs] [Times: user=0.00 sys=0.00, real=0.00 secs] 
2020-10-29T08:53:37.312+0000: [GC (Allocation Failure) 2020-10-29T08:53:37.312+0000: [ParNew: 16388K->4K(18432K), 0.0026451 secs] 433310K->416926K(685676K), 0.0026993 secs] [Times: user=0.01 sys=0.00, real=0.01 secs] 
2020-10-29T08:53:37.334+0000: [GC (Allocation Failure) 2020-10-29T08:53:37.334+0000: [ParNew: 16388K->4K(18432K), 0.0026722 secs] 433310K->416926K(685676K), 0.0027298 secs] [Times: user=0.00 sys=0.00, real=0.00 secs] 
2020-10-29T08:53:37.352+0000: [GC (Allocation Failure) 2020-10-29T08:53:37.352+0000: [ParNew: 16388K->4K(18432K), 0.0026655 secs] 433310K->416926K(685676K), 0.0027192 secs] [Times: user=0.00 sys=0.00, real=0.01 secs] 
2020-10-29T08:53:37.372+0000: [GC (Allocation Failure) 2020-10-29T08:53:37.373+0000: [ParNew: 16388K->4K(18432K), 0.0025537 secs] 433310K->416926K(685676K), 0.0026079 secs] [Times: user=0.01 sys=0.00, real=0.00 secs] 
2020-10-29T08:53:37.390+0000: [GC (Allocation Failure) 2020-10-29T08:53:37.390+0000: [ParNew: 16388K->4K(18432K), 0.0025706 secs] 433310K->416926K(685676K), 0.0026234 secs] [Times: user=0.00 sys=0.00, real=0.01 secs] 
2020-10-29T08:53:37.408+0000: [GC (Allocation Failure) 2020-10-29T08:53:37.408+0000: [ParNew: 16388K->4K(18432K), 0.0025249 secs] 433310K->416926K(685676K), 0.0025754 secs] [Times: user=0.01 sys=0.00, real=0.00 secs] 
2020-10-29T08:53:37.426+0000: [GC (Allocation Failure) 2020-10-29T08:53:37.426+0000: [ParNew: 16388K->4K(18432K), 0.0024604 secs] 433310K->416926K(685676K), 0.0025086 secs] [Times: user=0.00 sys=0.00, real=0.00 secs] 
2020-10-29T08:53:37.444+0000: [GC (Allocation Failure) 2020-10-29T08:53:37.444+0000: [ParNew: 16388K->4K(18432K), 0.0024694 secs] 433310K->416926K(685676K), 0.0025191 secs] [Times: user=0.00 sys=0.00, real=0.00 secs] 
2020-10-29T08:53:37.464+0000: [GC (Allocation Failure) 2020-10-29T08:53:37.464+0000: [ParNew: 16388K->4K(18432K), 0.0054113 secs] 433310K->416926K(685676K), 0.0054642 secs] [Times: user=0.01 sys=0.00, real=0.00 secs] 
2020-10-29T08:53:37.500+0000: [GC (Allocation Failure) 2020-10-29T08:53:37.500+0000: [ParNew: 16388K->4K(18432K), 0.0072612 secs] 433310K->416926K(685676K), 0.0073163 secs] [Times: user=0.01 sys=0.00, real=0.01 secs] 
2020-10-29T08:53:37.532+0000: [GC (Allocation Failure) 2020-10-29T08:53:37.533+0000: [ParNew: 16388K->4K(18432K), 0.0057213 secs] 433310K->416926K(685676K), 0.0057960 secs] [Times: user=0.00 sys=0.00, real=0.00 secs] 
2020-10-29T08:53:37.562+0000: [GC (Allocation Failure) 2020-10-29T08:53:37.562+0000: [ParNew: 16388K->2K(18432K), 0.0054323 secs] 433310K->416924K(685676K), 0.0055035 secs] [Times: user=0.01 sys=0.00, real=0.01 secs] 
2020-10-29T08:53:37.588+0000: [GC (Allocation Failure) 2020-10-29T08:53:37.589+0000: [ParNew: 16386K->4K(18432K), 0.0058016 secs] 433308K->416926K(685676K), 0.0058748 secs] [Times: user=0.01 sys=0.00, real=0.01 secs] 
2020-10-29T08:53:37.621+0000: [GC (Allocation Failure) 2020-10-29T08:53:37.621+0000: [ParNew: 16388K->4K(18432K), 0.0026205 secs] 433310K->416926K(685676K), 0.0026957 secs] [Times: user=0.01 sys=0.00, real=0.00 secs] 
2020-10-29T08:53:37.648+0000: [GC (Allocation Failure) 2020-10-29T08:53:37.649+0000: [ParNew: 16388K->4K(18432K), 0.0059071 secs] 433310K->416926K(685676K), 0.0059867 secs] [Times: user=0.01 sys=0.00, real=0.01 secs] 
2020-10-29T08:53:37.684+0000: [GC (Allocation Failure) 2020-10-29T08:53:37.684+0000: [ParNew: 16388K->4K(18432K), 0.0071382 secs] 433310K->416926K(685676K), 0.0072179 secs] [Times: user=0.00 sys=0.00, real=0.01 secs] 
2020-10-29T08:53:37.729+0000: [GC (Allocation Failure) 2020-10-29T08:53:37.729+0000: [ParNew: 16388K->4K(18432K), 0.0066271 secs] 433310K->416926K(685676K), 0.0066934 secs] [Times: user=0.00 sys=0.00, real=0.01 secs] 
2020-10-29T08:53:37.758+0000: [GC (Allocation Failure) 2020-10-29T08:53:37.758+0000: [ParNew: 16388K->4K(18432K), 0.0056569 secs] 433310K->416926K(685676K), 0.0057418 secs] [Times: user=0.01 sys=0.00, real=0.00 secs] 
2020-10-29T08:53:37.784+0000: [GC (Allocation Failure) 2020-10-29T08:53:37.785+0000: [ParNew: 16388K->4K(18432K), 0.0057848 secs] 433310K->416926K(685676K), 0.0058580 secs] [Times: user=0.01 sys=0.00, real=0.00 secs] 
2020-10-29T08:53:37.828+0000: [GC (Allocation Failure) 2020-10-29T08:53:37.828+0000: [ParNew: 16388K->4K(18432K), 0.0026182 secs] 433310K->416926K(685676K), 0.0026939 secs] [Times: user=0.01 sys=0.00, real=0.00 secs] 
2020-10-29T08:53:37.859+0000: [GC (Allocation Failure) 2020-10-29T08:53:37.859+0000: [ParNew: 16388K->4K(18432K), 0.0026055 secs] 433310K->416926K(685676K), 0.0026826 secs] [Times: user=0.00 sys=0.00, real=0.00 secs] 
2020-10-29T08:53:37.900+0000: [GC (Allocation Failure) 2020-10-29T08:53:37.900+0000: [ParNew: 16388K->4K(18432K), 0.0026130 secs] 433310K->416926K(685676K), 0.0026874 secs] [Times: user=0.00 sys=0.00, real=0.00 secs] 
2020-10-29T08:53:37.932+0000: [GC (Allocation Failure) 2020-10-29T08:53:37.932+0000: [ParNew: 16388K->4K(18432K), 0.0055458 secs] 433310K->416926K(685676K), 0.0056057 secs] [Times: user=0.01 sys=0.00, real=0.01 secs] 
2020-10-29T08:53:37.966+0000: [GC (Allocation Failure) 2020-10-29T08:53:37.966+0000: [ParNew: 16388K->2K(18432K), 0.0054532 secs] 433310K->416924K(685676K), 0.0055102 secs] [Times: user=0.01 sys=0.00, real=0.00 secs] 
2020-10-29T08:53:38.000+0000: [GC (Allocation Failure) 2020-10-29T08:53:38.000+0000: [ParNew: 16386K->4K(18432K), 0.0026097 secs] 433308K->416926K(685676K), 0.0026657 secs] [Times: user=0.00 sys=0.00, real=0.00 secs] 
2020-10-29T08:53:38.018+0000: [GC (Allocation Failure) 2020-10-29T08:53:38.018+0000: [ParNew: 16388K->4K(18432K), 0.0025219 secs] 433310K->416926K(685676K), 0.0025894 secs] [Times: user=0.01 sys=0.00, real=0.00 secs] 
2020-10-29T08:53:38.040+0000: [GC (Allocation Failure) 2020-10-29T08:53:38.040+0000: [ParNew: 16388K->4K(18432K), 0.0025171 secs] 433310K->416926K(685676K), 0.0025672 secs] [Times: user=0.00 sys=0.00, real=0.00 secs] 
2020-10-29T08:53:38.058+0000: [GC (Allocation Failure) 2020-10-29T08:53:38.058+0000: [ParNew: 16388K->4K(18432K), 0.0025094 secs] 433310K->416926K(685676K), 0.0025591 secs] [Times: user=0.01 sys=0.00, real=0.00 secs] 
2020-10-29T08:53:38.076+0000: [GC (Allocation Failure) 2020-10-29T08:53:38.076+0000: [ParNew: 16388K->4K(18432K), 0.0024447 secs] 433310K->416926K(685676K), 0.0024935 secs] [Times: user=0.00 sys=0.00, real=0.00 secs] 
2020-10-29T08:53:38.096+0000: [GC (Allocation Failure) 2020-10-29T08:53:38.097+0000: [ParNew: 16388K->4K(18432K), 0.0025094 secs] 433310K->416926K(685676K), 0.0025597 secs] [Times: user=0.01 sys=0.00, real=0.00 secs] 
2020-10-29T08:53:38.114+0000: [GC (Allocation Failure) 2020-10-29T08:53:38.114+0000: [ParNew: 16388K->4K(18432K), 0.0025570 secs] 433310K->416926K(685676K), 0.0026101 secs] [Times: user=0.01 sys=0.00, real=0.00 secs] 
2020-10-29T08:53:38.132+0000: [GC (Allocation Failure) 2020-10-29T08:53:38.132+0000: [ParNew: 16388K->4K(18432K), 0.0025608 secs] 433310K->416926K(685676K), 0.0026124 secs] [Times: user=0.01 sys=0.00, real=0.01 secs] 
2020-10-29T08:53:38.150+0000: [GC (Allocation Failure) 2020-10-29T08:53:38.150+0000: [ParNew: 16388K->4K(18432K), 0.0024727 secs] 433310K->416926K(685676K), 0.0025215 secs] [Times: user=0.00 sys=0.00, real=0.01 secs] 
2020-10-29T08:53:38.168+0000: [GC (Allocation Failure) 2020-10-29T08:53:38.168+0000: [ParNew: 16388K->4K(18432K), 0.0025546 secs] 433310K->416926K(685676K), 0.0026073 secs] [Times: user=0.01 sys=0.00, real=0.00 secs] 
2020-10-29T08:53:38.186+0000: [GC (Allocation Failure) 2020-10-29T08:53:38.186+0000: [ParNew: 16388K->4K(18432K), 0.0026054 secs] 433310K->416926K(685676K), 0.0026613 secs] [Times: user=0.00 sys=0.00, real=0.00 secs] 
2020-10-29T08:53:38.204+0000: [GC (Allocation Failure) 2020-10-29T08:53:38.204+0000: [ParNew: 16388K->4K(18432K), 0.0025819 secs] 433310K->416926K(685676K), 0.0026343 secs] [Times: user=0.01 sys=0.00, real=0.01 secs] 
2020-10-29T08:53:38.221+0000: [GC (Allocation Failure) 2020-10-29T08:53:38.221+0000: [ParNew: 16388K->4K(18432K), 0.0025172 secs] 433310K->416926K(685676K), 0.0025691 secs] [Times: user=0.00 sys=0.00, real=0.00 secs] 
2020-10-29T08:53:38.239+0000: [GC (Allocation Failure) 2020-10-29T08:53:38.239+0000: [ParNew: 16388K->4K(18432K), 0.0025935 secs] 433310K->416926K(685676K), 0.0026480 secs] [Times: user=0.01 sys=0.00, real=0.00 secs] 
2020-10-29T08:53:38.257+0000: [GC (Allocation Failure) 2020-10-29T08:53:38.257+0000: [ParNew: 16388K->4K(18432K), 0.0025674 secs] 433310K->416926K(685676K), 0.0026216 secs] [Times: user=0.00 sys=0.00, real=0.00 secs] 
2020-10-29T08:53:38.276+0000: [GC (Allocation Failure) 2020-10-29T08:53:38.276+0000: [ParNew: 16388K->4K(18432K), 0.0026003 secs] 433310K->416926K(685676K), 0.0026546 secs] [Times: user=0.01 sys=0.00, real=0.00 secs] 
2020-10-29T08:53:38.294+0000: [GC (Allocation Failure) 2020-10-29T08:53:38.294+0000: [ParNew: 16388K->4K(18432K), 0.0026479 secs] 433310K->416926K(685676K), 0.0027033 secs] [Times: user=0.01 sys=0.00, real=0.00 secs] 
2020-10-29T08:53:38.313+0000: [GC (Allocation Failure) 2020-10-29T08:53:38.313+0000: [ParNew: 16388K->4K(18432K), 0.0026256 secs] 433310K->416926K(685676K), 0.0026817 secs] [Times: user=0.01 sys=0.00, real=0.00 secs] 
2020-10-29T08:53:38.331+0000: [GC (Allocation Failure) 2020-10-29T08:53:38.331+0000: [ParNew: 16388K->4K(18432K), 0.0026092 secs] 433310K->416926K(685676K), 0.0026645 secs] [Times: user=0.00 sys=0.00, real=0.01 secs] 
2020-10-29T08:53:38.349+0000: [GC (Allocation Failure) 2020-10-29T08:53:38.349+0000: [ParNew: 16388K->4K(18432K), 0.0025792 secs] 433310K->416926K(685676K), 0.0026335 secs] [Times: user=0.01 sys=0.00, real=0.00 secs] 
2020-10-29T08:53:38.368+0000: [GC (Allocation Failure) 2020-10-29T08:53:38.369+0000: [ParNew: 16388K->4K(18432K), 0.0025970 secs] 433310K->416926K(685676K), 0.0026522 secs] [Times: user=0.01 sys=0.00, real=0.00 secs] 
2020-10-29T08:53:38.386+0000: [GC (Allocation Failure) 2020-10-29T08:53:38.386+0000: [ParNew: 16388K->4K(18432K), 0.0033673 secs] 433310K->416926K(685676K), 0.0034213 secs] [Times: user=0.00 sys=0.00, real=0.00 secs] 
2020-10-29T08:53:38.405+0000: [GC (Allocation Failure) 2020-10-29T08:53:38.405+0000: [ParNew: 16388K->4K(18432K), 0.0026395 secs] 433310K->416926K(685676K), 0.0026929 secs] [Times: user=0.00 sys=0.00, real=0.00 secs] 
2020-10-29T08:53:38.427+0000: [GC (Allocation Failure) 2020-10-29T08:53:38.427+0000: [ParNew: 16388K->4K(18432K), 0.0025740 secs] 433310K->416926K(685676K), 0.0026232 secs] [Times: user=0.00 sys=0.00, real=0.00 secs] 
2020-10-29T08:53:38.448+0000: [GC (Allocation Failure) 2020-10-29T08:53:38.448+0000: [ParNew: 16388K->4K(18432K), 0.0025844 secs] 433310K->416926K(685676K), 0.0026392 secs] [Times: user=0.01 sys=0.00, real=0.00 secs] 
2020-10-29T08:53:38.466+0000: [GC (Allocation Failure) 2020-10-29T08:53:38.466+0000: [ParNew: 16388K->4K(18432K), 0.0025830 secs] 433310K->416926K(685676K), 0.0026356 secs] [Times: user=0.00 sys=0.00, real=0.00 secs] 
2020-10-29T08:53:38.484+0000: [GC (Allocation Failure) 2020-10-29T08:53:38.484+0000: [ParNew: 16388K->4K(18432K), 0.0025903 secs] 433310K->416926K(685676K), 0.0026538 secs] [Times: user=0.00 sys=0.00, real=0.01 secs] 
2020-10-29T08:53:38.502+0000: [GC (Allocation Failure) 2020-10-29T08:53:38.502+0000: [ParNew: 16388K->4K(18432K), 0.0025304 secs] 433310K->416926K(685676K), 0.0025883 secs] [Times: user=0.00 sys=0.00, real=0.00 secs] 
2020-10-29T08:53:38.520+0000: [GC (Allocation Failure) 2020-10-29T08:53:38.520+0000: [ParNew: 16388K->4K(18432K), 0.0025806 secs] 433310K->416926K(685676K), 0.0026349 secs] [Times: user=0.00 sys=0.00, real=0.00 secs] 
2020-10-29T08:53:38.540+0000: [GC (Allocation Failure) 2020-10-29T08:53:38.540+0000: [ParNew: 16388K->4K(18432K), 0.0025861 secs] 433310K->416926K(685676K), 0.0026402 secs] [Times: user=0.01 sys=0.00, real=0.00 secs] 
2020-10-29T08:53:38.559+0000: [GC (Allocation Failure) 2020-10-29T08:53:38.559+0000: [ParNew: 16388K->4K(18432K), 0.0026344 secs] 433310K->416926K(685676K), 0.0026977 secs] [Times: user=0.00 sys=0.00, real=0.00 secs] 
2020-10-29T08:53:38.583+0000: [GC (Allocation Failure) 2020-10-29T08:53:38.583+0000: [ParNew: 16388K->6K(18432K), 0.0026524 secs] 433310K->416928K(685676K), 0.0027069 secs] [Times: user=0.01 sys=0.00, real=0.01 secs] 
2020-10-29T08:53:38.605+0000: [GC (Allocation Failure) 2020-10-29T08:53:38.605+0000: [ParNew: 16390K->8K(18432K), 0.0026585 secs] 433312K->416930K(685676K), 0.0027144 secs] [Times: user=0.00 sys=0.00, real=0.00 secs] 
2020-10-29T08:53:38.623+0000: [GC (Allocation Failure) 2020-10-29T08:53:38.623+0000: [ParNew: 16392K->6K(18432K), 0.0026402 secs] 433314K->416929K(685676K), 0.0026971 secs] [Times: user=0.01 sys=0.00, real=0.01 secs] 
2020-10-29T08:53:38.645+0000: [GC (Allocation Failure) 2020-10-29T08:53:38.645+0000: [ParNew: 16390K->7K(18432K), 0.0025786 secs] 433313K->416930K(685676K), 0.0026338 secs] [Times: user=0.00 sys=0.00, real=0.00 secs] 
2020-10-29T08:53:38.663+0000: [GC (Allocation Failure) 2020-10-29T08:53:38.663+0000: [ParNew: 16391K->7K(18432K), 0.0026808 secs] 433314K->416930K(685676K), 0.0027387 secs] [Times: user=0.01 sys=0.00, real=0.01 secs] 
2020-10-29T08:53:38.685+0000: [GC (Allocation Failure) 2020-10-29T08:53:38.685+0000: [ParNew: 16391K->7K(18432K), 0.0026300 secs] 433314K->416929K(685676K), 0.0026880 secs] [Times: user=0.01 sys=0.00, real=0.00 secs] 
2020-10-29T08:53:38.703+0000: [GC (Allocation Failure) 2020-10-29T08:53:38.703+0000: [ParNew: 16391K->6K(18432K), 0.0026733 secs] 433313K->416930K(685676K), 0.0027336 secs] [Times: user=0.01 sys=0.00, real=0.01 secs] 
2020-10-29T08:53:38.724+0000: [GC (Allocation Failure) 2020-10-29T08:53:38.725+0000: [ParNew: 16390K->4K(18432K), 0.0026251 secs] 433314K->416929K(685676K), 0.0026808 secs] [Times: user=0.00 sys=0.00, real=0.00 secs] 
2020-10-29T08:53:38.743+0000: [GC (Allocation Failure) 2020-10-29T08:53:38.743+0000: [ParNew: 16388K->4K(18432K), 0.0026347 secs] 433313K->416929K(685676K), 0.0027010 secs] [Times: user=0.01 sys=0.00, real=0.01 secs] 
2020-10-29T08:53:38.761+0000: [GC (Allocation Failure) 2020-10-29T08:53:38.761+0000: [ParNew: 16388K->4K(18432K), 0.0026307 secs] 433313K->416929K(685676K), 0.0027075 secs] [Times: user=0.00 sys=0.00, real=0.00 secs] 
2020-10-29T08:53:38.785+0000: [GC (Allocation Failure) 2020-10-29T08:53:38.785+0000: [ParNew: 16388K->4K(18432K), 0.0025857 secs] 433313K->416929K(685676K), 0.0026401 secs] [Times: user=0.01 sys=0.00, real=0.00 secs] 
2020-10-29T08:53:38.803+0000: [GC (Allocation Failure) 2020-10-29T08:53:38.803+0000: [ParNew: 16388K->4K(18432K), 0.0025920 secs] 433313K->416929K(685676K), 0.0026471 secs] [Times: user=0.00 sys=0.00, real=0.01 secs] 
2020-10-29T08:53:38.821+0000: [GC (Allocation Failure) 2020-10-29T08:53:38.821+0000: [ParNew: 16388K->4K(18432K), 0.0025616 secs] 433313K->416929K(685676K), 0.0026141 secs] [Times: user=0.01 sys=0.00, real=0.00 secs] 
2020-10-29T08:53:38.840+0000: [GC (Allocation Failure) 2020-10-29T08:53:38.840+0000: [ParNew: 16388K->4K(18432K), 0.0025179 secs] 433313K->416929K(685676K), 0.0025689 secs] [Times: user=0.00 sys=0.00, real=0.00 secs] 
2020-10-29T08:53:38.858+0000: [GC (Allocation Failure) 2020-10-29T08:53:38.858+0000: [ParNew: 16388K->4K(18432K), 0.0026086 secs] 433313K->416929K(685676K), 0.0026618 secs] [Times: user=0.01 sys=0.00, real=0.00 secs] 
2020-10-29T08:53:38.876+0000: [GC (Allocation Failure) 2020-10-29T08:53:38.876+0000: [ParNew: 16388K->4K(18432K), 0.0025933 secs] 433313K->416929K(685676K), 0.0026461 secs] [Times: user=0.00 sys=0.00, real=0.00 secs] 
2020-10-29T08:53:38.904+0000: [GC (Allocation Failure) 2020-10-29T08:53:38.904+0000: [ParNew: 16388K->4K(18432K), 0.0026197 secs] 449697K->433313K(685676K), 0.0026769 secs] [Times: user=0.00 sys=0.00, real=0.01 secs] 
2020-10-29T08:53:38.908+0000: [GC (CMS Initial Mark) [1 CMS-initial-mark: 433309K(667244K)] 434945K(685676K), 0.0022558 secs] [Times: user=0.01 sys=0.00, real=0.00 secs] 
2020-10-29T08:53:38.911+0000: [CMS-concurrent-mark-start]
2020-10-29T08:53:38.944+0000: [GC (Allocation Failure) 2020-10-29T08:53:38.945+0000: [ParNew: 16388K->4K(18432K), 0.0025337 secs] 449697K->433313K(685676K), 0.0025897 secs] [Times: user=0.01 sys=0.00, real=0.00 secs] 
2020-10-29T08:53:38.966+0000: [CMS-concurrent-mark: 0.046/0.055 secs] [Times: user=0.09 sys=0.00, real=0.06 secs] 
2020-10-29T08:53:38.966+0000: [CMS-concurrent-preclean-start]
2020-10-29T08:53:38.968+0000: [CMS-concurrent-preclean: 0.002/0.002 secs] [Times: user=0.01 sys=0.00, real=0.00 secs] 
2020-10-29T08:53:38.968+0000: [CMS-concurrent-abortable-preclean-start]
2020-10-29T08:53:38.974+0000: [GC (Allocation Failure) 2020-10-29T08:53:38.974+0000: [ParNew: 16388K->4K(18432K), 0.0022372 secs] 449697K->433313K(685676K), 0.0022798 secs] [Times: user=0.00 sys=0.00, real=0.00 secs] 
2020-10-29T08:53:38.992+0000: [GC (Allocation Failure) 2020-10-29T08:53:38.992+0000: [ParNew: 16388K->4K(18432K), 0.0026842 secs] 449697K->433313K(685676K), 0.0027549 secs] [Times: user=0.01 sys=0.00, real=0.01 secs] 
2020-10-29T08:53:39.011+0000: [GC (Allocation Failure) 2020-10-29T08:53:39.011+0000: [ParNew: 16388K->4K(18432K), 0.0026475 secs] 449697K->433313K(685676K), 0.0027024 secs] [Times: user=0.00 sys=0.00, real=0.01 secs] 
2020-10-29T08:53:39.032+0000: [GC (Allocation Failure) 2020-10-29T08:53:39.033+0000: [ParNew: 16388K->4K(18432K), 0.0025449 secs] 449697K->433313K(685676K), 0.0025996 secs] [Times: user=0.00 sys=0.00, real=0.00 secs] 
2020-10-29T08:53:39.051+0000: [GC (Allocation Failure) 2020-10-29T08:53:39.051+0000: [ParNew: 16388K->4K(18432K), 0.0026136 secs] 449697K->433314K(685676K), 0.0026675 secs] [Times: user=0.01 sys=0.00, real=0.01 secs] 
2020-10-29T08:53:39.071+0000: [GC (Allocation Failure) 2020-10-29T08:53:39.071+0000: [ParNew: 16388K->4K(18432K), 0.0024124 secs] 449698K->433314K(685676K), 0.0024632 secs] [Times: user=0.01 sys=0.00, real=0.01 secs] 
2020-10-29T08:53:39.092+0000: [GC (Allocation Failure) 2020-10-29T08:53:39.093+0000: [ParNew: 16388K->4K(18432K), 0.0024539 secs] 449698K->433314K(685676K), 0.0025072 secs] [Times: user=0.01 sys=0.00, real=0.00 secs] 
2020-10-29T08:53:39.111+0000: [GC (Allocation Failure) 2020-10-29T08:53:39.111+0000: [ParNew: 16388K->4K(18432K), 0.0024441 secs] 449698K->433314K(685676K), 0.0024933 secs] [Times: user=0.00 sys=0.00, real=0.01 secs] 
2020-10-29T08:53:39.132+0000: [GC (Allocation Failure) 2020-10-29T08:53:39.132+0000: [ParNew: 16388K->4K(18432K), 0.0024397 secs] 449698K->433314K(685676K), 0.0024922 secs] [Times: user=0.01 sys=0.00, real=0.00 secs] 
2020-10-29T08:53:39.151+0000: [GC (Allocation Failure) 2020-10-29T08:53:39.151+0000: [ParNew: 16388K->4K(18432K), 0.0025211 secs] 449698K->433314K(685676K), 0.0025749 secs] [Times: user=0.00 sys=0.00, real=0.01 secs] 
2020-10-29T08:53:39.170+0000: [GC (Allocation Failure) 2020-10-29T08:53:39.170+0000: [ParNew: 16388K->4K(18432K), 0.0025466 secs] 449698K->433314K(685676K), 0.0026005 secs] [Times: user=0.01 sys=0.00, real=0.01 secs] 
2020-10-29T08:53:39.189+0000: [GC (Allocation Failure) 2020-10-29T08:53:39.189+0000: [ParNew: 16388K->4K(18432K), 0.0025823 secs] 449698K->433314K(685676K), 0.0026358 secs] [Times: user=0.00 sys=0.00, real=0.00 secs] 
2020-10-29T08:53:39.208+0000: [GC (Allocation Failure) 2020-10-29T08:53:39.208+0000: [ParNew: 16388K->4K(18432K), 0.0025244 secs] 449698K->433314K(685676K), 0.0025823 secs] [Times: user=0.00 sys=0.00, real=0.00 secs] 
2020-10-29T08:53:39.227+0000: [GC (Allocation Failure) 2020-10-29T08:53:39.227+0000: [ParNew: 16388K->4K(18432K), 0.0025455 secs] 449698K->433314K(685676K), 0.0025988 secs] [Times: user=0.01 sys=0.00, real=0.00 secs] 
2020-10-29T08:53:39.245+0000: [GC (Allocation Failure) 2020-10-29T08:53:39.245+0000: [ParNew: 16388K->4K(18432K), 0.0025152 secs] 449698K->433314K(685676K), 0.0025737 secs] [Times: user=0.00 sys=0.00, real=0.00 secs] 
2020-10-29T08:53:39.264+0000: [GC (Allocation Failure) 2020-10-29T08:53:39.264+0000: [ParNew: 16388K->4K(18432K), 0.0024807 secs] 449698K->433314K(685676K), 0.0025346 secs] [Times: user=0.01 sys=0.00, real=0.00 secs] 
2020-10-29T08:53:39.284+0000: [GC (Allocation Failure) 2020-10-29T08:53:39.284+0000: [ParNew: 16388K->4K(18432K), 0.0022441 secs] 449698K->433314K(685676K), 0.0022934 secs] [Times: user=0.00 sys=0.00, real=0.00 secs] 
2020-10-29T08:53:39.304+0000: [GC (Allocation Failure) 2020-10-29T08:53:39.304+0000: [ParNew: 16388K->4K(18432K), 0.0022720 secs] 449698K->433314K(685676K), 0.0023204 secs] [Times: user=0.00 sys=0.00, real=0.00 secs] 
2020-10-29T08:53:39.323+0000: [GC (Allocation Failure) 2020-10-29T08:53:39.323+0000: [ParNew: 16388K->4K(18432K), 0.0024529 secs] 449698K->433314K(685676K), 0.0025054 secs] [Times: user=0.01 sys=0.00, real=0.01 secs] 
2020-10-29T08:53:39.344+0000: [GC (Allocation Failure) 2020-10-29T08:53:39.345+0000: [ParNew: 16388K->4K(18432K), 0.0023859 secs] 449698K->433314K(685676K), 0.0024359 secs] [Times: user=0.01 sys=0.00, real=0.00 secs] 
2020-10-29T08:53:39.364+0000: [GC (Allocation Failure) 2020-10-29T08:53:39.364+0000: [ParNew: 16388K->4K(18432K), 0.0024111 secs] 449698K->433314K(685676K), 0.0024625 secs] [Times: user=0.01 sys=0.00, real=0.00 secs] 
2020-10-29T08:53:39.383+0000: [GC (Allocation Failure) 2020-10-29T08:53:39.383+0000: [ParNew: 16388K->4K(18432K), 0.0024643 secs] 449698K->433314K(685676K), 0.0025175 secs] [Times: user=0.00 sys=0.00, real=0.01 secs] 
2020-10-29T08:53:39.402+0000: [GC (Allocation Failure) 2020-10-29T08:53:39.402+0000: [ParNew: 16388K->4K(18432K), 0.0022329 secs] 449698K->433314K(685676K), 0.0022794 secs] [Times: user=0.01 sys=0.00, real=0.00 secs] 
2020-10-29T08:53:39.424+0000: [GC (Allocation Failure) 2020-10-29T08:53:39.424+0000: [ParNew: 16388K->4K(18432K), 0.0024539 secs] 449698K->433314K(685676K), 0.0025070 secs] [Times: user=0.01 sys=0.00, real=0.01 secs] 
2020-10-29T08:53:39.442+0000: [GC (Allocation Failure) 2020-10-29T08:53:39.442+0000: [ParNew: 16388K->4K(18432K), 0.0024000 secs] 449698K->433314K(685676K), 0.0024517 secs] [Times: user=0.00 sys=0.00, real=0.01 secs] 
2020-10-29T08:53:39.464+0000: [GC (Allocation Failure) 2020-10-29T08:53:39.465+0000: [ParNew: 16388K->4K(18432K), 0.0024803 secs] 449698K->433314K(685676K), 0.0025581 secs] [Times: user=0.00 sys=0.00, real=0.00 secs] 
2020-10-29T08:53:39.484+0000: [GC (Allocation Failure) 2020-10-29T08:53:39.485+0000: [ParNew: 16388K->4K(18432K), 0.0023486 secs] 449698K->433314K(685676K), 0.0023967 secs] [Times: user=0.00 sys=0.00, real=0.00 secs] 
2020-10-29T08:53:39.505+0000: [GC (Allocation Failure) 2020-10-29T08:53:39.505+0000: [ParNew: 16388K->4K(18432K), 0.0023242 secs] 449698K->433314K(685676K), 0.0023741 secs] [Times: user=0.00 sys=0.00, real=0.00 secs] 
2020-10-29T08:53:39.523+0000: [GC (Allocation Failure) 2020-10-29T08:53:39.523+0000: [ParNew: 16388K->4K(18432K), 0.0022987 secs] 449698K->433314K(685676K), 0.0023480 secs] [Times: user=0.00 sys=0.00, real=0.01 secs] 
2020-10-29T08:53:39.544+0000: [GC (Allocation Failure) 2020-10-29T08:53:39.544+0000: [ParNew: 16388K->4K(18432K), 0.0022519 secs] 449698K->433314K(685676K), 0.0023007 secs] [Times: user=0.01 sys=0.00, real=0.00 secs] 
2020-10-29T08:53:39.564+0000: [GC (Allocation Failure) 2020-10-29T08:53:39.564+0000: [ParNew: 16388K->4K(18432K), 0.0024105 secs] 449698K->433314K(685676K), 0.0024738 secs] [Times: user=0.00 sys=0.00, real=0.01 secs] 
2020-10-29T08:53:39.584+0000: [GC (Allocation Failure) 2020-10-29T08:53:39.585+0000: [ParNew: 16388K->4K(18432K), 0.0023847 secs] 449698K->433314K(685676K), 0.0024344 secs] [Times: user=0.00 sys=0.00, real=0.00 secs] 
2020-10-29T08:53:39.603+0000: [GC (Allocation Failure) 2020-10-29T08:53:39.603+0000: [ParNew: 16388K->4K(18432K), 0.0026029 secs] 449698K->433314K(685676K), 0.0026589 secs] [Times: user=0.01 sys=0.00, real=0.01 secs] 
2020-10-29T08:53:39.622+0000: [GC (Allocation Failure) 2020-10-29T08:53:39.623+0000: [ParNew: 16388K->4K(18432K), 0.0025852 secs] 449698K->433314K(685676K), 0.0026391 secs] [Times: user=0.00 sys=0.00, real=0.01 secs] 
2020-10-29T08:53:39.641+0000: [GC (Allocation Failure) 2020-10-29T08:53:39.641+0000: [ParNew: 16388K->4K(18432K), 0.0026048 secs] 449698K->433314K(685676K), 0.0026600 secs] [Times: user=0.00 sys=0.00, real=0.00 secs] 
2020-10-29T08:53:39.664+0000: [GC (Allocation Failure) 2020-10-29T08:53:39.664+0000: [ParNew: 16388K->4K(18432K), 0.0024827 secs] 449698K->433314K(685676K), 0.0025334 secs] [Times: user=0.01 sys=0.00, real=0.01 secs] 
2020-10-29T08:53:39.684+0000: [GC (Allocation Failure) 2020-10-29T08:53:39.685+0000: [ParNew: 16388K->4K(18432K), 0.0025456 secs] 449698K->433314K(685676K), 0.0026003 secs] [Times: user=0.00 sys=0.00, real=0.00 secs] 
2020-10-29T08:53:39.703+0000: [GC (Allocation Failure) 2020-10-29T08:53:39.703+0000: [ParNew: 16388K->4K(18432K), 0.0025548 secs] 449698K->433314K(685676K), 0.0026098 secs] [Times: user=0.01 sys=0.00, real=0.01 secs] 
2020-10-29T08:53:39.722+0000: [GC (Allocation Failure) 2020-10-29T08:53:39.722+0000: [ParNew: 16388K->4K(18432K), 0.0026434 secs] 449698K->433314K(685676K), 0.0026984 secs] [Times: user=0.00 sys=0.00, real=0.01 secs] 
2020-10-29T08:53:39.744+0000: [GC (Allocation Failure) 2020-10-29T08:53:39.744+0000: [ParNew: 16388K->4K(18432K), 0.0022956 secs] 449698K->433314K(685676K), 0.0023504 secs] [Times: user=0.00 sys=0.00, real=0.00 secs] 
2020-10-29T08:53:39.767+0000: [GC (Allocation Failure) 2020-10-29T08:53:39.767+0000: [ParNew: 16388K->4K(18432K), 0.0024326 secs] 449698K->433314K(685676K), 0.0024834 secs] [Times: user=0.00 sys=0.00, real=0.00 secs] 
2020-10-29T08:53:39.786+0000: [GC (Allocation Failure) 2020-10-29T08:53:39.786+0000: [ParNew: 16388K->4K(18432K), 0.0025855 secs] 449698K->433314K(685676K), 0.0026431 secs] [Times: user=0.00 sys=0.00, real=0.00 secs] 
2020-10-29T08:53:39.804+0000: [GC (Allocation Failure) 2020-10-29T08:53:39.804+0000: [ParNew: 16388K->4K(18432K), 0.0025962 secs] 449698K->433314K(685676K), 0.0026592 secs] [Times: user=0.01 sys=0.00, real=0.00 secs] 
2020-10-29T08:53:39.824+0000: [GC (Allocation Failure) 2020-10-29T08:53:39.824+0000: [ParNew: 16388K->4K(18432K), 0.0025754 secs] 449698K->433314K(685676K), 0.0026295 secs] [Times: user=0.00 sys=0.00, real=0.01 secs] 
2020-10-29T08:53:39.842+0000: [GC (Allocation Failure) 2020-10-29T08:53:39.842+0000: [ParNew: 16388K->4K(18432K), 0.0021516 secs] 449698K->433314K(685676K), 0.0021969 secs] [Times: user=0.01 sys=0.00, real=0.01 secs] 
2020-10-29T08:53:39.861+0000: [GC (Allocation Failure) 2020-10-29T08:53:39.861+0000: [ParNew: 16388K->4K(18432K), 0.0022146 secs] 449698K->433314K(685676K), 0.0022632 secs] [Times: user=0.00 sys=0.00, real=0.00 secs] 
2020-10-29T08:53:39.880+0000: [GC (Allocation Failure) 2020-10-29T08:53:39.881+0000: [ParNew: 16388K->4K(18432K), 0.0025354 secs] 449698K->433314K(685676K), 0.0025890 secs] [Times: user=0.01 sys=0.00, real=0.00 secs] 
2020-10-29T08:53:39.900+0000: [GC (Allocation Failure) 2020-10-29T08:53:39.901+0000: [ParNew: 16388K->4K(18432K), 0.0026137 secs] 449698K->433314K(685676K), 0.0026710 secs] [Times: user=0.00 sys=0.00, real=0.00 secs] 
2020-10-29T08:53:39.920+0000: [GC (Allocation Failure) 2020-10-29T08:53:39.921+0000: [ParNew: 16388K->4K(18432K), 0.0026183 secs] 449698K->433314K(685676K), 0.0026736 secs] [Times: user=0.00 sys=0.00, real=0.00 secs] 
2020-10-29T08:53:39.940+0000: [GC (Allocation Failure) 2020-10-29T08:53:39.940+0000: [ParNew: 16388K->4K(18432K), 0.0023343 secs] 449698K->433314K(685676K), 0.0023843 secs] [Times: user=0.01 sys=0.00, real=0.00 secs] 
2020-10-29T08:53:39.959+0000: [GC (Allocation Failure) 2020-10-29T08:53:39.959+0000: [ParNew: 16388K->4K(18432K), 0.0022694 secs] 449698K->433314K(685676K), 0.0023172 secs] [Times: user=0.00 sys=0.00, real=0.00 secs] 
2020-10-29T08:53:39.978+0000: [GC (Allocation Failure) 2020-10-29T08:53:39.978+0000: [ParNew: 16388K->4K(18432K), 0.0026142 secs] 449698K->433314K(685676K), 0.0026862 secs] [Times: user=0.01 sys=0.00, real=0.00 secs] 
2020-10-29T08:53:40.000+0000: [GC (Allocation Failure) 2020-10-29T08:53:40.001+0000: [ParNew: 16388K->4K(18432K), 0.0025956 secs] 449698K->433314K(685676K), 0.0026501 secs] [Times: user=0.01 sys=0.00, real=0.00 secs] 
2020-10-29T08:53:40.020+0000: [GC (Allocation Failure) 2020-10-29T08:53:40.020+0000: [ParNew: 16388K->4K(18432K), 0.0024971 secs] 449698K->433314K(685676K), 0.0025501 secs] [Times: user=0.00 sys=0.00, real=0.00 secs] 
2020-10-29T08:53:40.039+0000: [GC (Allocation Failure) 2020-10-29T08:53:40.039+0000: [ParNew: 16388K->4K(18432K), 0.0024379 secs] 449698K->433314K(685676K), 0.0024892 secs] [Times: user=0.01 sys=0.00, real=0.00 secs] 
2020-10-29T08:53:40.058+0000: [GC (Allocation Failure) 2020-10-29T08:53:40.058+0000: [ParNew: 16388K->4K(18432K), 0.0023609 secs] 449698K->433314K(685676K), 0.0024105 secs] [Times: user=0.00 sys=0.00, real=0.00 secs] 
2020-10-29T08:53:40.077+0000: [GC (Allocation Failure) 2020-10-29T08:53:40.077+0000: [ParNew: 16388K->4K(18432K), 0.0023939 secs] 449698K->433314K(685676K), 0.0024451 secs] [Times: user=0.01 sys=0.00, real=0.00 secs] 
2020-10-29T08:53:40.096+0000: [GC (Allocation Failure) 2020-10-29T08:53:40.097+0000: [ParNew: 16388K->4K(18432K), 0.0025157 secs] 449698K->433314K(685676K), 0.0025690 secs] [Times: user=0.01 sys=0.00, real=0.00 secs] 
2020-10-29T08:53:40.116+0000: [GC (Allocation Failure) 2020-10-29T08:53:40.116+0000: [ParNew: 16388K->4K(18432K), 0.0024497 secs] 449698K->433314K(685676K), 0.0025019 secs] [Times: user=0.00 sys=0.00, real=0.00 secs] 
2020-10-29T08:53:40.135+0000: [GC (Allocation Failure) 2020-10-29T08:53:40.135+0000: [ParNew: 16388K->4K(18432K), 0.0024138 secs] 449698K->433314K(685676K), 0.0024650 secs] [Times: user=0.01 sys=0.00, real=0.00 secs] 
2020-10-29T08:53:40.156+0000: [GC (Allocation Failure) 2020-10-29T08:53:40.156+0000: [ParNew: 16388K->4K(18432K), 0.0023157 secs] 449698K->433314K(685676K), 0.0023647 secs] [Times: user=0.00 sys=0.00, real=0.00 secs] 
2020-10-29T08:53:40.175+0000: [GC (Allocation Failure) 2020-10-29T08:53:40.175+0000: [ParNew: 16388K->4K(18432K), 0.0021812 secs] 449698K->433314K(685676K), 0.0022265 secs] [Times: user=0.01 sys=0.00, real=0.00 secs] 
2020-10-29T08:53:40.194+0000: [GC (Allocation Failure) 2020-10-29T08:53:40.194+0000: [ParNew: 16388K->4K(18432K), 0.0022907 secs] 449698K->433314K(685676K), 0.0023413 secs] [Times: user=0.01 sys=0.00, real=0.00 secs] 
2020-10-29T08:53:40.212+0000: [GC (Allocation Failure) 2020-10-29T08:53:40.212+0000: [ParNew: 16388K->4K(18432K), 0.0022035 secs] 449698K->433314K(685676K), 0.0022494 secs] [Times: user=0.00 sys=0.00, real=0.01 secs] 
2020-10-29T08:53:40.232+0000: [GC (Allocation Failure) 2020-10-29T08:53:40.232+0000: [ParNew: 16388K->4K(18432K), 0.0022957 secs] 449698K->433314K(685676K), 0.0023465 secs] [Times: user=0.01 sys=0.00, real=0.00 secs] 
2020-10-29T08:53:40.252+0000: [GC (Allocation Failure) 2020-10-29T08:53:40.253+0000: [ParNew: 16388K->4K(18432K), 0.0024319 secs] 449698K->433314K(685676K), 0.0024837 secs] [Times: user=0.00 sys=0.00, real=0.00 secs] 
2020-10-29T08:53:40.271+0000: [GC (Allocation Failure) 2020-10-29T08:53:40.271+0000: [ParNew: 16388K->4K(18432K), 0.0024844 secs] 449698K->433314K(685676K), 0.0025372 secs] [Times: user=0.00 sys=0.00, real=0.01 secs] 
2020-10-29T08:53:40.292+0000: [GC (Allocation Failure) 2020-10-29T08:53:40.292+0000: [ParNew: 16388K->4K(18432K), 0.0025783 secs] 449698K->433314K(685676K), 0.0026338 secs] [Times: user=0.01 sys=0.00, real=0.01 secs] 
2020-10-29T08:53:40.310+0000: [GC (Allocation Failure) 2020-10-29T08:53:40.310+0000: [ParNew: 16388K->4K(18432K), 0.0026396 secs] 449698K->433314K(685676K), 0.0026937 secs] [Times: user=0.01 sys=0.00, real=0.01 secs] 
2020-10-29T08:53:40.332+0000: [GC (Allocation Failure) 2020-10-29T08:53:40.333+0000: [ParNew: 16388K->4K(18432K), 0.0026249 secs] 449698K->433314K(685676K), 0.0026806 secs] [Times: user=0.01 sys=0.00, real=0.00 secs] 
2020-10-29T08:53:40.353+0000: [GC (Allocation Failure) 2020-10-29T08:53:40.353+0000: [ParNew: 16388K->4K(18432K), 0.0026864 secs] 449698K->433314K(685676K), 0.0027420 secs] [Times: user=0.00 sys=0.00, real=0.00 secs] 
2020-10-29T08:53:40.371+0000: [GC (Allocation Failure) 2020-10-29T08:53:40.371+0000: [ParNew: 16388K->4K(18432K), 0.0024277 secs] 449698K->433314K(685676K), 0.0024797 secs] [Times: user=0.01 sys=0.00, real=0.01 secs] 
2020-10-29T08:53:40.391+0000: [GC (Allocation Failure) 2020-10-29T08:53:40.391+0000: [ParNew: 16388K->4K(18432K), 0.0026607 secs] 449698K->433314K(685676K), 0.0027173 secs] [Times: user=0.01 sys=0.00, real=0.01 secs] 
2020-10-29T08:53:40.412+0000: [GC (Allocation Failure) 2020-10-29T08:53:40.412+0000: [ParNew: 16388K->4K(18432K), 0.0023246 secs] 449698K->433314K(685676K), 0.0023778 secs] [Times: user=0.01 sys=0.00, real=0.00 secs] 
2020-10-29T08:53:40.432+0000: [GC (Allocation Failure) 2020-10-29T08:53:40.433+0000: [ParNew: 16388K->4K(18432K), 0.0023581 secs] 449698K->433314K(685676K), 0.0024053 secs] [Times: user=0.01 sys=0.00, real=0.00 secs] 
2020-10-29T08:53:40.451+0000: [GC (Allocation Failure) 2020-10-29T08:53:40.451+0000: [ParNew: 16388K->4K(18432K), 0.0023813 secs] 449698K->433314K(685676K), 0.0024295 secs] [Times: user=0.01 sys=0.00, real=0.01 secs] 
2020-10-29T08:53:40.469+0000: [GC (Allocation Failure) 2020-10-29T08:53:40.469+0000: [ParNew: 16388K->4K(18432K), 0.0024276 secs] 449698K->433314K(685676K), 0.0024795 secs] [Times: user=0.01 sys=0.00, real=0.00 secs] 
2020-10-29T08:53:40.488+0000: [GC (Allocation Failure) 2020-10-29T08:53:40.488+0000: [ParNew: 16388K->4K(18432K), 0.0025556 secs] 449698K->433314K(685676K), 0.0026096 secs] [Times: user=0.00 sys=0.00, real=0.00 secs] 
2020-10-29T08:53:40.508+0000: [GC (Allocation Failure) 2020-10-29T08:53:40.509+0000: [ParNew: 16388K->4K(18432K), 0.0025533 secs] 449698K->433314K(685676K), 0.0026071 secs] [Times: user=0.00 sys=0.00, real=0.00 secs] 
2020-10-29T08:53:40.528+0000: [GC (Allocation Failure) 2020-10-29T08:53:40.529+0000: [ParNew: 16388K->4K(18432K), 0.0025464 secs] 449698K->433314K(685676K), 0.0026012 secs] [Times: user=0.01 sys=0.00, real=0.00 secs] 
2020-10-29T08:53:40.547+0000: [GC (Allocation Failure) 2020-10-29T08:53:40.547+0000: [ParNew: 16388K->4K(18432K), 0.0033032 secs] 449698K->433314K(685676K), 0.0033658 secs] [Times: user=0.00 sys=0.00, real=0.00 secs] 
2020-10-29T08:53:40.568+0000: [GC (Allocation Failure) 2020-10-29T08:53:40.569+0000: [ParNew: 16388K->4K(18432K), 0.0025964 secs] 449698K->433314K(685676K), 0.0026526 secs] [Times: user=0.00 sys=0.00, real=0.00 secs] 
2020-10-29T08:53:40.587+0000: [GC (Allocation Failure) 2020-10-29T08:53:40.587+0000: [ParNew: 16388K->4K(18432K), 0.0025267 secs] 449698K->433314K(685676K), 0.0025847 secs] [Times: user=0.01 sys=0.00, real=0.00 secs] 
2020-10-29T08:53:40.608+0000: [GC (Allocation Failure) 2020-10-29T08:53:40.608+0000: [ParNew: 16388K->4K(18432K), 0.0025738 secs] 449698K->433314K(685676K), 0.0026286 secs] [Times: user=0.01 sys=0.00, real=0.00 secs] 
2020-10-29T08:53:40.633+0000: [GC (Allocation Failure) 2020-10-29T08:53:40.633+0000: [ParNew: 16388K->4K(18432K), 0.0025839 secs] 449698K->433314K(685676K), 0.0026395 secs] [Times: user=0.01 sys=0.00, real=0.00 secs] 
2020-10-29T08:53:40.652+0000: [GC (Allocation Failure) 2020-10-29T08:53:40.653+0000: [ParNew: 16388K->4K(18432K), 0.0025404 secs] 449698K->433314K(685676K), 0.0025945 secs] [Times: user=0.01 sys=0.00, real=0.00 secs] 
2020-10-29T08:53:40.675+0000: [GC (Allocation Failure) 2020-10-29T08:53:40.675+0000: [ParNew: 16388K->4K(18432K), 0.0026117 secs] 449698K->433314K(685676K), 0.0026688 secs] [Times: user=0.01 sys=0.00, real=0.00 secs] 
2020-10-29T08:53:40.696+0000: [GC (Allocation Failure) 2020-10-29T08:53:40.697+0000: [ParNew: 16388K->4K(18432K), 0.0025812 secs] 449698K->433314K(685676K), 0.0026477 secs] [Times: user=0.00 sys=0.00, real=0.00 secs] 
2020-10-29T08:53:40.719+0000: [GC (Allocation Failure) 2020-10-29T08:53:40.719+0000: [ParNew: 16388K->4K(18432K), 0.0030491 secs] 449698K->433314K(685676K), 0.0031262 secs] [Times: user=0.01 sys=0.00, real=0.00 secs] 
2020-10-29T08:53:40.740+0000: [GC (Allocation Failure) 2020-10-29T08:53:40.741+0000: [ParNew: 16388K->4K(18432K), 0.0026065 secs] 449698K->433314K(685676K), 0.0026616 secs] [Times: user=0.01 sys=0.00, real=0.00 secs] 
2020-10-29T08:53:40.760+0000: [GC (Allocation Failure) 2020-10-29T08:53:40.761+0000: [ParNew: 16388K->4K(18432K), 0.0025973 secs] 449698K->433314K(685676K), 0.0026526 secs] [Times: user=0.01 sys=0.00, real=0.00 secs] 
2020-10-29T08:53:40.780+0000: [GC (Allocation Failure) 2020-10-29T08:53:40.781+0000: [ParNew: 16388K->4K(18432K), 0.0025681 secs] 449698K->433314K(685676K), 0.0026230 secs] [Times: user=0.01 sys=0.00, real=0.00 secs] 
2020-10-29T08:53:40.800+0000: [GC (Allocation Failure) 2020-10-29T08:53:40.801+0000: [ParNew: 16388K->4K(18432K), 0.0025322 secs] 449698K->433314K(685676K), 0.0025865 secs] [Times: user=0.00 sys=0.00, real=0.00 secs] 
2020-10-29T08:53:40.819+0000: [GC (Allocation Failure) 2020-10-29T08:53:40.819+0000: [ParNew: 16388K->4K(18432K), 0.0025396 secs] 449698K->433314K(685676K), 0.0025940 secs] [Times: user=0.00 sys=0.00, real=0.00 secs] 
2020-10-29T08:53:40.838+0000: [GC (Allocation Failure) 2020-10-29T08:53:40.838+0000: [ParNew: 16388K->4K(18432K), 0.0025959 secs] 449698K->433314K(685676K), 0.0026555 secs] [Times: user=0.01 sys=0.00, real=0.00 secs] 
2020-10-29T08:53:40.860+0000: [GC (Allocation Failure) 2020-10-29T08:53:40.861+0000: [ParNew: 16388K->4K(18432K), 0.0026182 secs] 449698K->433314K(685676K), 0.0026748 secs] [Times: user=0.01 sys=0.00, real=0.00 secs] 
2020-10-29T08:53:40.884+0000: [GC (Allocation Failure) 2020-10-29T08:53:40.884+0000: [ParNew: 16388K->4K(18432K), 0.0026144 secs] 449698K->433314K(685676K), 0.0026713 secs] [Times: user=0.00 sys=0.00, real=0.01 secs] 
2020-10-29T08:53:40.903+0000: [GC (Allocation Failure) 2020-10-29T08:53:40.903+0000: [ParNew: 16388K->4K(18432K), 0.0026060 secs] 449698K->433314K(685676K), 0.0026614 secs] [Times: user=0.00 sys=0.00, real=0.01 secs] 
2020-10-29T08:53:40.921+0000: [GC (Allocation Failure) 2020-10-29T08:53:40.921+0000: [ParNew: 16388K->4K(18432K), 0.0025730 secs] 449698K->433314K(685676K), 0.0026297 secs] [Times: user=0.01 sys=0.00, real=0.00 secs] 
2020-10-29T08:53:40.940+0000: [GC (Allocation Failure) 2020-10-29T08:53:40.940+0000: [ParNew: 16388K->4K(18432K), 0.0025569 secs] 449698K->433314K(685676K), 0.0026116 secs] [Times: user=0.00 sys=0.00, real=0.00 secs] 
2020-10-29T08:53:40.959+0000: [GC (Allocation Failure) 2020-10-29T08:53:40.959+0000: [ParNew: 16388K->4K(18432K), 0.0025649 secs] 449698K->433314K(685676K), 0.0026191 secs] [Times: user=0.00 sys=0.00, real=0.00 secs] 
2020-10-29T08:53:40.980+0000: [GC (Allocation Failure) 2020-10-29T08:53:40.981+0000: [ParNew: 16388K->4K(18432K), 0.0025544 secs] 449698K->433314K(685676K), 0.0026084 secs] [Times: user=0.01 sys=0.00, real=0.00 secs] 
2020-10-29T08:53:40.999+0000: [GC (Allocation Failure) 2020-10-29T08:53:40.999+0000: [ParNew: 16388K->4K(18432K), 0.0025827 secs] 449698K->433314K(685676K), 0.0026378 secs] [Times: user=0.00 sys=0.00, real=0.00 secs] 
2020-10-29T08:53:41.018+0000: [GC (Allocation Failure) 2020-10-29T08:53:41.018+0000: [ParNew: 16388K->4K(18432K), 0.0025898 secs] 449698K->433314K(685676K), 0.0026468 secs] [Times: user=0.01 sys=0.00, real=0.00 secs] 
2020-10-29T08:53:41.037+0000: [GC (Allocation Failure) 2020-10-29T08:53:41.037+0000: [ParNew: 16388K->4K(18432K), 0.0024969 secs] 449698K->433314K(685676K), 0.0025494 secs] [Times: user=0.01 sys=0.00, real=0.00 secs] 
2020-10-29T08:53:41.060+0000: [GC (Allocation Failure) 2020-10-29T08:53:41.060+0000: [ParNew: 16388K->4K(18432K), 0.0025123 secs] 449698K->433314K(685676K), 0.0025651 secs] [Times: user=0.01 sys=0.00, real=0.00 secs] 
2020-10-29T08:53:41.079+0000: [GC (Allocation Failure) 2020-10-29T08:53:41.079+0000: [ParNew: 16388K->4K(18432K), 0.0024163 secs] 449698K->433314K(685676K), 0.0024671 secs] [Times: user=0.00 sys=0.00, real=0.00 secs] 
2020-10-29T08:53:41.098+0000: [GC (Allocation Failure) 2020-10-29T08:53:41.098+0000: [ParNew: 16388K->4K(18432K), 0.0024705 secs] 449698K->433314K(685676K), 0.0025236 secs] [Times: user=0.01 sys=0.00, real=0.00 secs] 
2020-10-29T08:53:41.119+0000: [GC (Allocation Failure) 2020-10-29T08:53:41.119+0000: [ParNew: 16388K->4K(18432K), 0.0025927 secs] 449698K->433314K(685676K), 0.0026467 secs] [Times: user=0.01 sys=0.00, real=0.00 secs] 
2020-10-29T08:53:41.137+0000: [GC (Allocation Failure) 2020-10-29T08:53:41.137+0000: [ParNew: 16388K->4K(18432K), 0.0025783 secs] 449698K->433314K(685676K), 0.0026342 secs] [Times: user=0.01 sys=0.00, real=0.00 secs] 
2020-10-29T08:53:41.156+0000: [GC (Allocation Failure) 2020-10-29T08:53:41.156+0000: [ParNew: 16388K->4K(18432K), 0.0026484 secs] 449698K->433314K(685676K), 0.0027057 secs] [Times: user=0.00 sys=0.00, real=0.00 secs] 
2020-10-29T08:53:41.175+0000: [GC (Allocation Failure) 2020-10-29T08:53:41.175+0000: [ParNew: 16388K->4K(18432K), 0.0026273 secs] 449698K->433314K(685676K), 0.0026875 secs] [Times: user=0.00 sys=0.00, real=0.00 secs] 
2020-10-29T08:53:41.195+0000: [GC (Allocation Failure) 2020-10-29T08:53:41.195+0000: [ParNew: 16388K->4K(18432K), 0.0025687 secs] 449698K->433314K(685676K), 0.0026241 secs] [Times: user=0.01 sys=0.00, real=0.00 secs] 
2020-10-29T08:53:41.214+0000: [GC (Allocation Failure) 2020-10-29T08:53:41.214+0000: [ParNew: 16388K->4K(18432K), 0.0025697 secs] 449698K->433314K(685676K), 0.0026246 secs] [Times: user=0.01 sys=0.00, real=0.00 secs] 
2020-10-29T08:53:41.236+0000: [GC (Allocation Failure) 2020-10-29T08:53:41.236+0000: [ParNew: 16388K->4K(18432K), 0.0026056 secs] 449698K->433314K(685676K), 0.0026621 secs] [Times: user=0.00 sys=0.00, real=0.00 secs] 
2020-10-29T08:53:41.255+0000: [GC (Allocation Failure) 2020-10-29T08:53:41.255+0000: [ParNew: 16388K->4K(18432K), 0.0026325 secs] 449698K->433314K(685676K), 0.0026893 secs] [Times: user=0.00 sys=0.00, real=0.00 secs] 
2020-10-29T08:53:41.274+0000: [GC (Allocation Failure) 2020-10-29T08:53:41.274+0000: [ParNew: 16388K->4K(18432K), 0.0026040 secs] 449698K->433314K(685676K), 0.0026601 secs] [Times: user=0.01 sys=0.00, real=0.00 secs] 
2020-10-29T08:53:41.293+0000: [GC (Allocation Failure) 2020-10-29T08:53:41.293+0000: [ParNew: 16388K->4K(18432K), 0.0025873 secs] 449698K->433314K(685676K), 0.0026436 secs] [Times: user=0.01 sys=0.00, real=0.00 secs] 
2020-10-29T08:53:41.312+0000: [GC (Allocation Failure) 2020-10-29T08:53:41.312+0000: [ParNew: 16388K->4K(18432K), 0.0025574 secs] 449698K->433314K(685676K), 0.0026117 secs] [Times: user=0.00 sys=0.00, real=0.01 secs] 
2020-10-29T08:53:41.332+0000: [GC (Allocation Failure) 2020-10-29T08:53:41.333+0000: [ParNew: 16388K->4K(18432K), 0.0025876 secs] 449698K->433314K(685676K), 0.0026420 secs] [Times: user=0.00 sys=0.00, real=0.00 secs] 
2020-10-29T08:53:41.351+0000: [GC (Allocation Failure) 2020-10-29T08:53:41.351+0000: [ParNew: 16388K->4K(18432K), 0.0026205 secs] 449698K->433314K(685676K), 0.0026755 secs] [Times: user=0.01 sys=0.00, real=0.01 secs] 
2020-10-29T08:53:41.370+0000: [GC (Allocation Failure) 2020-10-29T08:53:41.370+0000: [ParNew: 16388K->4K(18432K), 0.0026063 secs] 449698K->433315K(685676K), 0.0026619 secs] [Times: user=0.01 sys=0.00, real=0.01 secs] 
2020-10-29T08:53:41.389+0000: [GC (Allocation Failure) 2020-10-29T08:53:41.389+0000: [ParNew: 16388K->4K(18432K), 0.0024974 secs] 449699K->433315K(685676K), 0.0025506 secs] [Times: user=0.00 sys=0.00, real=0.00 secs] 
2020-10-29T08:53:41.408+0000: [GC (Allocation Failure) 2020-10-29T08:53:41.409+0000: [ParNew: 16388K->4K(18432K), 0.0025107 secs] 449699K->433315K(685676K), 0.0025641 secs] [Times: user=0.00 sys=0.00, real=0.00 secs] 
2020-10-29T08:53:41.431+0000: [GC (Allocation Failure) 2020-10-29T08:53:41.431+0000: [ParNew: 16388K->4K(18432K), 0.0024468 secs] 449699K->433315K(685676K), 0.0025057 secs] [Times: user=0.01 sys=0.00, real=0.01 secs] 
2020-10-29T08:53:41.450+0000: [GC (Allocation Failure) 2020-10-29T08:53:41.450+0000: [ParNew: 16388K->4K(18432K), 0.0023157 secs] 449699K->433315K(685676K), 0.0023639 secs] [Times: user=0.01 sys=0.00, real=0.00 secs] 
2020-10-29T08:53:41.468+0000: [GC (Allocation Failure) 2020-10-29T08:53:41.468+0000: [ParNew: 16388K->4K(18432K), 0.0024415 secs] 449699K->433315K(685676K), 0.0024896 secs] [Times: user=0.00 sys=0.00, real=0.00 secs] 
2020-10-29T08:53:41.488+0000: [GC (Allocation Failure) 2020-10-29T08:53:41.488+0000: [ParNew: 16388K->4K(18432K), 0.0023782 secs] 449699K->433315K(685676K), 0.0024294 secs] [Times: user=0.01 sys=0.00, real=0.00 secs] 
2020-10-29T08:53:41.508+0000: [GC (Allocation Failure) 2020-10-29T08:53:41.508+0000: [ParNew: 16388K->4K(18432K), 0.0023238 secs] 449699K->433315K(685676K), 0.0023729 secs] [Times: user=0.00 sys=0.00, real=0.00 secs] 
2020-10-29T08:53:41.527+0000: [GC (Allocation Failure) 2020-10-29T08:53:41.527+0000: [ParNew: 16388K->4K(18432K), 0.0024039 secs] 449699K->433315K(685676K), 0.0024532 secs] [Times: user=0.01 sys=0.00, real=0.00 secs] 
2020-10-29T08:53:41.546+0000: [GC (Allocation Failure) 2020-10-29T08:53:41.546+0000: [ParNew: 16388K->4K(18432K), 0.0023391 secs] 449699K->433315K(685676K), 0.0023900 secs] [Times: user=0.00 sys=0.00, real=0.00 secs] 
2020-10-29T08:53:41.568+0000: [GC (Allocation Failure) 2020-10-29T08:53:41.569+0000: [ParNew: 16388K->4K(18432K), 0.0025053 secs] 449699K->433315K(685676K), 0.0025588 secs] [Times: user=0.01 sys=0.00, real=0.00 secs] 
2020-10-29T08:53:41.587+0000: [GC (Allocation Failure) 2020-10-29T08:53:41.587+0000: [ParNew: 16388K->4K(18432K), 0.0023991 secs] 449699K->433315K(685676K), 0.0024501 secs] [Times: user=0.01 sys=0.00, real=0.00 secs] 
2020-10-29T08:53:41.608+0000: [GC (Allocation Failure) 2020-10-29T08:53:41.609+0000: [ParNew: 16388K->4K(18432K), 0.0042748 secs] 449699K->433315K(685676K), 0.0043283 secs] [Times: user=0.01 sys=0.00, real=0.01 secs] 
2020-10-29T08:53:41.629+0000: [GC (Allocation Failure) 2020-10-29T08:53:41.629+0000: [ParNew: 16388K->4K(18432K), 0.0025806 secs] 449699K->433315K(685676K), 0.0026343 secs] [Times: user=0.00 sys=0.00, real=0.00 secs] 
2020-10-29T08:53:41.649+0000: [GC (Allocation Failure) 2020-10-29T08:53:41.649+0000: [ParNew: 16388K->4K(18432K), 0.0025435 secs] 449699K->433315K(685676K), 0.0025988 secs] [Times: user=0.00 sys=0.00, real=0.00 secs] 
2020-10-29T08:53:41.668+0000: [GC (Allocation Failure) 2020-10-29T08:53:41.668+0000: [ParNew: 16388K->4K(18432K), 0.0026314 secs] 449699K->433315K(685676K), 0.0026896 secs] [Times: user=0.01 sys=0.00, real=0.00 secs] 
2020-10-29T08:53:41.688+0000: [GC (Allocation Failure) 2020-10-29T08:53:41.689+0000: [ParNew: 16388K->4K(18432K), 0.0025848 secs] 449699K->433315K(685676K), 0.0026406 secs] [Times: user=0.01 sys=0.00, real=0.00 secs] 
2020-10-29T08:53:41.708+0000: [GC (Allocation Failure) 2020-10-29T08:53:41.709+0000: [ParNew: 16388K->4K(18432K), 0.0025694 secs] 449699K->433315K(685676K), 0.0026232 secs] [Times: user=0.00 sys=0.00, real=0.00 secs] 
2020-10-29T08:53:41.727+0000: [GC (Allocation Failure) 2020-10-29T08:53:41.727+0000: [ParNew: 16388K->4K(18432K), 0.0025368 secs] 449699K->433315K(685676K), 0.0025905 secs] [Times: user=0.00 sys=0.00, real=0.00 secs] 
2020-10-29T08:53:41.748+0000: [GC (Allocation Failure) 2020-10-29T08:53:41.748+0000: [ParNew: 16388K->4K(18432K), 0.0024082 secs] 449699K->433315K(685676K), 0.0024601 secs] [Times: user=0.01 sys=0.00, real=0.00 secs] 
2020-10-29T08:53:41.767+0000: [GC (Allocation Failure) 2020-10-29T08:53:41.767+0000: [ParNew: 16388K->4K(18432K), 0.0023544 secs] 449699K->433315K(685676K), 0.0024055 secs] [Times: user=0.00 sys=0.00, real=0.00 secs] 
2020-10-29T08:53:41.796+0000: [GC (Allocation Failure) 2020-10-29T08:53:41.796+0000: [ParNew: 16388K->4K(18432K), 0.0025566 secs] 449699K->433315K(685676K), 0.0026118 secs] [Times: user=0.01 sys=0.00, real=0.00 secs] 
2020-10-29T08:53:41.816+0000: [GC (Allocation Failure) 2020-10-29T08:53:41.816+0000: [ParNew: 16388K->4K(18432K), 0.0026018 secs] 449699K->433315K(685676K), 0.0026578 secs] [Times: user=0.00 sys=0.00, real=0.00 secs] 
2020-10-29T08:53:41.836+0000: [GC (Allocation Failure) 2020-10-29T08:53:41.837+0000: [ParNew: 16388K->4K(18432K), 0.0025706 secs] 449699K->433315K(685676K), 0.0026262 secs] [Times: user=0.00 sys=0.00, real=0.00 secs] 
2020-10-29T08:53:41.859+0000: [GC (Allocation Failure) 2020-10-29T08:53:41.859+0000: [ParNew: 16388K->4K(18432K), 0.0026258 secs] 449699K->433315K(685676K), 0.0026819 secs] [Times: user=0.00 sys=0.00, real=0.00 secs] 
2020-10-29T08:53:41.878+0000: [GC (Allocation Failure) 2020-10-29T08:53:41.878+0000: [ParNew: 16388K->4K(18432K), 0.0026112 secs] 449699K->433315K(685676K), 0.0026683 secs] [Times: user=0.00 sys=0.00, real=0.00 secs] 
2020-10-29T08:53:41.900+0000: [GC (Allocation Failure) 2020-10-29T08:53:41.901+0000: [ParNew: 16388K->4K(18432K), 0.0025371 secs] 449699K->433315K(685676K), 0.0025935 secs] [Times: user=0.00 sys=0.00, real=0.00 secs] 
2020-10-29T08:53:41.919+0000: [GC (Allocation Failure) 2020-10-29T08:53:41.919+0000: [ParNew: 16388K->4K(18432K), 0.0024659 secs] 449699K->433315K(685676K), 0.0025186 secs] [Times: user=0.00 sys=0.00, real=0.00 secs] 
2020-10-29T08:53:41.938+0000: [GC (Allocation Failure) 2020-10-29T08:53:41.939+0000: [ParNew: 16388K->4K(18432K), 0.0025662 secs] 449699K->433315K(685676K), 0.0026289 secs] [Times: user=0.00 sys=0.00, real=0.00 secs] 
2020-10-29T08:53:41.957+0000: [GC (Allocation Failure) 2020-10-29T08:53:41.957+0000: [ParNew: 16388K->4K(18432K), 0.0026056 secs] 449699K->433315K(685676K), 0.0026611 secs] [Times: user=0.01 sys=0.00, real=0.00 secs] 
2020-10-29T08:53:41.976+0000: [GC (Allocation Failure) 2020-10-29T08:53:41.976+0000: [ParNew: 16388K->4K(18432K), 0.0025923 secs] 449699K->433315K(685676K), 0.0026481 secs] [Times: user=0.00 sys=0.00, real=0.00 secs] 
2020-10-29T08:53:41.995+0000: [GC (Allocation Failure) 2020-10-29T08:53:41.995+0000: [ParNew: 16388K->4K(18432K), 0.0026468 secs] 449699K->433315K(685676K), 0.0027035 secs] [Times: user=0.01 sys=0.00, real=0.00 secs] 
2020-10-29T08:53:42.016+0000: [GC (Allocation Failure) 2020-10-29T08:53:42.017+0000: [ParNew: 16388K->4K(18432K), 0.0026980 secs] 449699K->433315K(685676K), 0.0027581 secs] [Times: user=0.01 sys=0.00, real=0.00 secs] 
2020-10-29T08:53:42.040+0000: [GC (Allocation Failure) 2020-10-29T08:53:42.040+0000: [ParNew: 16388K->4K(18432K), 0.0026303 secs] 449699K->433315K(685676K), 0.0026875 secs] [Times: user=0.01 sys=0.00, real=0.00 secs] 
2020-10-29T08:53:42.060+0000: [GC (Allocation Failure) 2020-10-29T08:53:42.060+0000: [ParNew: 16388K->4K(18432K), 0.0026692 secs] 449699K->433315K(685676K), 0.0027247 secs] [Times: user=0.00 sys=0.00, real=0.00 secs] 
2020-10-29T08:53:42.078+0000: [GC (Allocation Failure) 2020-10-29T08:53:42.078+0000: [ParNew: 16388K->4K(18432K), 0.0026109 secs] 449699K->433315K(685676K), 0.0026676 secs] [Times: user=0.01 sys=0.00, real=0.00 secs] 
2020-10-29T08:53:42.097+0000: [GC (Allocation Failure) 2020-10-29T08:53:42.097+0000: [ParNew: 16388K->4K(18432K), 0.0025850 secs] 449699K->433315K(685676K), 0.0026417 secs] [Times: user=0.00 sys=0.00, real=0.00 secs] 
2020-10-29T08:53:42.116+0000: [GC (Allocation Failure) 2020-10-29T08:53:42.116+0000: [ParNew: 16388K->4K(18432K), 0.0025633 secs] 449699K->433315K(685676K), 0.0026232 secs] [Times: user=0.01 sys=0.00, real=0.00 secs] 
2020-10-29T08:53:42.136+0000: [GC (Allocation Failure) 2020-10-29T08:53:42.137+0000: [ParNew: 16388K->4K(18432K), 0.0025827 secs] 449699K->433315K(685676K), 0.0026370 secs] [Times: user=0.00 sys=0.00, real=0.00 secs] 
2020-10-29T08:53:42.156+0000: [GC (Allocation Failure) 2020-10-29T08:53:42.157+0000: [ParNew: 16388K->4K(18432K), 0.0025407 secs] 449699K->433315K(685676K), 0.0025953 secs] [Times: user=0.00 sys=0.00, real=0.00 secs] 
2020-10-29T08:53:42.175+0000: [GC (Allocation Failure) 2020-10-29T08:53:42.175+0000: [ParNew: 16388K->4K(18432K), 0.0023759 secs] 449699K->433315K(685676K), 0.0024250 secs] [Times: user=0.01 sys=0.00, real=0.00 secs] 
2020-10-29T08:53:42.197+0000: [GC (Allocation Failure) 2020-10-29T08:53:42.197+0000: [ParNew: 16388K->4K(18432K), 0.0024717 secs] 449699K->433315K(685676K), 0.0025359 secs] [Times: user=0.01 sys=0.00, real=0.00 secs] 
2020-10-29T08:53:42.216+0000: [GC (Allocation Failure) 2020-10-29T08:53:42.216+0000: [ParNew: 16388K->4K(18432K), 0.0022455 secs] 449699K->433315K(685676K), 0.0022938 secs] [Times: user=0.00 sys=0.00, real=0.00 secs] 
2020-10-29T08:53:42.236+0000: [GC (Allocation Failure) 2020-10-29T08:53:42.237+0000: [ParNew: 16388K->4K(18432K), 0.0026052 secs] 449699K->433315K(685676K), 0.0026604 secs] [Times: user=0.01 sys=0.00, real=0.00 secs] 
2020-10-29T08:53:42.256+0000: [GC (Allocation Failure) 2020-10-29T08:53:42.257+0000: [ParNew: 16388K->4K(18432K), 0.0023831 secs] 449699K->433315K(685676K), 0.0024351 secs] [Times: user=0.00 sys=0.00, real=0.00 secs] 
2020-10-29T08:53:42.275+0000: [GC (Allocation Failure) 2020-10-29T08:53:42.275+0000: [ParNew: 16388K->4K(18432K), 0.0023561 secs] 449699K->433315K(685676K), 0.0024065 secs] [Times: user=0.01 sys=0.00, real=0.00 secs] 
2020-10-29T08:53:42.293+0000: [GC (Allocation Failure) 2020-10-29T08:53:42.293+0000: [ParNew: 16388K->4K(18432K), 0.0024188 secs] 449699K->433315K(685676K), 0.0024706 secs] [Times: user=0.01 sys=0.00, real=0.00 secs] 
2020-10-29T08:53:42.311+0000: [GC (Allocation Failure) 2020-10-29T08:53:42.311+0000: [ParNew: 16388K->4K(18432K), 0.0024172 secs] 449699K->433315K(685676K), 0.0024681 secs] [Times: user=0.00 sys=0.00, real=0.01 secs] 
2020-10-29T08:53:42.330+0000: [GC (Allocation Failure) 2020-10-29T08:53:42.330+0000: [ParNew: 16388K->4K(18432K), 0.0025736 secs] 449699K->433315K(685676K), 0.0026613 secs] [Times: user=0.01 sys=0.00, real=0.01 secs] 
2020-10-29T08:53:42.349+0000: [GC (Allocation Failure) 2020-10-29T08:53:42.349+0000: [ParNew: 16388K->4K(18432K), 0.0025887 secs] 449699K->433315K(685676K), 0.0026446 secs] [Times: user=0.01 sys=0.00, real=0.00 secs] 
2020-10-29T08:53:42.372+0000: [GC (Allocation Failure) 2020-10-29T08:53:42.372+0000: [ParNew: 16388K->4K(18432K), 0.0025132 secs] 449699K->433315K(685676K), 0.0025664 secs] [Times: user=0.00 sys=0.00, real=0.01 secs] 
2020-10-29T08:53:42.392+0000: [GC (Allocation Failure) 2020-10-29T08:53:42.393+0000: [ParNew: 16388K->4K(18432K), 0.0023379 secs] 449699K->433315K(685676K), 0.0023876 secs] [Times: user=0.00 sys=0.00, real=0.00 secs] 
2020-10-29T08:53:42.412+0000: [GC (Allocation Failure) 2020-10-29T08:53:42.413+0000: [ParNew: 16388K->4K(18432K), 0.0025296 secs] 449699K->433315K(685676K), 0.0025840 secs] [Times: user=0.01 sys=0.00, real=0.00 secs] 
2020-10-29T08:53:42.432+0000: [GC (Allocation Failure) 2020-10-29T08:53:42.432+0000: [ParNew: 16388K->4K(18432K), 0.0024017 secs] 449699K->433315K(685676K), 0.0024504 secs] [Times: user=0.01 sys=0.00, real=0.01 secs] 
2020-10-29T08:53:42.452+0000: [GC (Allocation Failure) 2020-10-29T08:53:42.453+0000: [ParNew: 16388K->4K(18432K), 0.0025272 secs] 449699K->433315K(685676K), 0.0025809 secs] [Times: user=0.01 sys=0.00, real=0.00 secs] 
2020-10-29T08:53:42.471+0000: [GC (Allocation Failure) 2020-10-29T08:53:42.471+0000: [ParNew: 16388K->4K(18432K), 0.0025526 secs] 449699K->433315K(685676K), 0.0026288 secs] [Times: user=0.00 sys=0.00, real=0.01 secs] 
2020-10-29T08:53:42.492+0000: [GC (Allocation Failure) 2020-10-29T08:53:42.492+0000: [ParNew: 16388K->4K(18432K), 0.0022128 secs] 449699K->433315K(685676K), 0.0022602 secs] [Times: user=0.00 sys=0.00, real=0.00 secs] 
2020-10-29T08:53:42.511+0000: [GC (Allocation Failure) 2020-10-29T08:53:42.511+0000: [ParNew: 16388K->4K(18432K), 0.0023442 secs] 449699K->433315K(685676K), 0.0023953 secs] [Times: user=0.00 sys=0.00, real=0.01 secs] 
2020-10-29T08:53:42.529+0000: [GC (Allocation Failure) 2020-10-29T08:53:42.529+0000: [ParNew: 16388K->4K(18432K), 0.0023178 secs] 449699K->433315K(685676K), 0.0023677 secs] [Times: user=0.01 sys=0.00, real=0.00 secs] 
2020-10-29T08:53:42.548+0000: [GC (Allocation Failure) 2020-10-29T08:53:42.548+0000: [ParNew: 16388K->4K(18432K), 0.0023285 secs] 449699K->433315K(685676K), 0.0023771 secs] [Times: user=0.00 sys=0.00, real=0.00 secs] 
2020-10-29T08:53:42.566+0000: [GC (Allocation Failure) 2020-10-29T08:53:42.566+0000: [ParNew: 16388K->4K(18432K), 0.0023955 secs] 449699K->433315K(685676K), 0.0024538 secs] [Times: user=0.01 sys=0.00, real=0.00 secs] 
2020-10-29T08:53:42.589+0000: [GC (Allocation Failure) 2020-10-29T08:53:42.589+0000: [ParNew: 16388K->4K(18432K), 0.0023518 secs] 449699K->433315K(685676K), 0.0024024 secs] [Times: user=0.00 sys=0.00, real=0.00 secs] 
2020-10-29T08:53:42.608+0000: [GC (Allocation Failure) 2020-10-29T08:53:42.608+0000: [ParNew: 16388K->4K(18432K), 0.0023033 secs] 449699K->433315K(685676K), 0.0023526 secs] [Times: user=0.00 sys=0.00, real=0.00 secs] 
2020-10-29T08:53:42.627+0000: [GC (Allocation Failure) 2020-10-29T08:53:42.627+0000: [ParNew: 16388K->4K(18432K), 0.0021587 secs] 449699K->433315K(685676K), 0.0022037 secs] [Times: user=0.00 sys=0.00, real=0.00 secs] 
2020-10-29T08:53:42.645+0000: [GC (Allocation Failure) 2020-10-29T08:53:42.645+0000: [ParNew: 16388K->4K(18432K), 0.0024692 secs] 449699K->433315K(685676K), 0.0025225 secs] [Times: user=0.01 sys=0.00, real=0.00 secs] 
2020-10-29T08:53:42.668+0000: [GC (Allocation Failure) 2020-10-29T08:53:42.668+0000: [ParNew: 16388K->4K(18432K), 0.0023659 secs] 449699K->433315K(685676K), 0.0024174 secs] [Times: user=0.01 sys=0.00, real=0.00 secs] 
2020-10-29T08:53:42.687+0000: [GC (Allocation Failure) 2020-10-29T08:53:42.687+0000: [ParNew: 16388K->4K(18432K), 0.0024477 secs] 449699K->433315K(685676K), 0.0025007 secs] [Times: user=0.01 sys=0.00, real=0.00 secs] 
2020-10-29T08:53:42.708+0000: [GC (Allocation Failure) 2020-10-29T08:53:42.709+0000: [ParNew: 16388K->4K(18432K), 0.0024194 secs] 449699K->433315K(685676K), 0.0024722 secs] [Times: user=0.00 sys=0.00, real=0.00 secs] 
2020-10-29T08:53:42.728+0000: [GC (Allocation Failure) 2020-10-29T08:53:42.729+0000: [ParNew: 16388K->4K(18432K), 0.0024612 secs] 449699K->433315K(685676K), 0.0025147 secs] [Times: user=0.01 sys=0.00, real=0.00 secs] 
2020-10-29T08:53:42.747+0000: [GC (Allocation Failure) 2020-10-29T08:53:42.747+0000: [ParNew: 16388K->4K(18432K), 0.0022599 secs] 449699K->433315K(685676K), 0.0023069 secs] [Times: user=0.00 sys=0.00, real=0.00 secs] 
2020-10-29T08:53:42.765+0000: [GC (Allocation Failure) 2020-10-29T08:53:42.765+0000: [ParNew: 16388K->4K(18432K), 0.0022983 secs] 449699K->433315K(685676K), 0.0023476 secs] [Times: user=0.00 sys=0.00, real=0.00 secs] 
2020-10-29T08:53:42.784+0000: [GC (Allocation Failure) 2020-10-29T08:53:42.784+0000: [ParNew: 16388K->4K(18432K), 0.0023162 secs] 449699K->433315K(685676K), 0.0023645 secs] [Times: user=0.00 sys=0.00, real=0.01 secs] 
2020-10-29T08:53:42.804+0000: [GC (Allocation Failure) 2020-10-29T08:53:42.804+0000: [ParNew: 16388K->4K(18432K), 0.0023575 secs] 449699K->433315K(685676K), 0.0024126 secs] [Times: user=0.00 sys=0.00, real=0.00 secs] 
2020-10-29T08:53:42.823+0000: [GC (Allocation Failure) 2020-10-29T08:53:42.824+0000: [ParNew: 16388K->4K(18432K), 0.0025536 secs] 449699K->433315K(685676K), 0.0026080 secs] [Times: user=0.01 sys=0.00, real=0.01 secs] 
2020-10-29T08:53:42.844+0000: [GC (Allocation Failure) 2020-10-29T08:53:42.845+0000: [ParNew: 16388K->4K(18432K), 0.0025097 secs] 449699K->433315K(685676K), 0.0025639 secs] [Times: user=0.01 sys=0.00, real=0.00 secs] 
2020-10-29T08:53:42.863+0000: [GC (Allocation Failure) 2020-10-29T08:53:42.863+0000: [ParNew: 16388K->4K(18432K), 0.0025567 secs] 449699K->433315K(685676K), 0.0026117 secs] [Times: user=0.00 sys=0.00, real=0.01 secs] 
2020-10-29T08:53:42.882+0000: [GC (Allocation Failure) 2020-10-29T08:53:42.882+0000: [ParNew: 16388K->4K(18432K), 0.0023904 secs] 449699K->433315K(685676K), 0.0024420 secs] [Times: user=0.01 sys=0.00, real=0.00 secs] 
2020-10-29T08:53:42.904+0000: [GC (Allocation Failure) 2020-10-29T08:53:42.905+0000: [ParNew: 16388K->4K(18432K), 0.0026191 secs] 449699K->433315K(685676K), 0.0026765 secs] [Times: user=0.01 sys=0.00, real=0.00 secs] 
2020-10-29T08:53:42.924+0000: [GC (Allocation Failure) 2020-10-29T08:53:42.924+0000: [ParNew: 16388K->4K(18432K), 0.0025741 secs] 449699K->433315K(685676K), 0.0026298 secs] [Times: user=0.01 sys=0.00, real=0.00 secs] 
2020-10-29T08:53:42.943+0000: [GC (Allocation Failure) 2020-10-29T08:53:42.943+0000: [ParNew: 16388K->4K(18432K), 0.0023686 secs] 449699K->433315K(685676K), 0.0024194 secs] [Times: user=0.00 sys=0.00, real=0.01 secs] 
2020-10-29T08:53:42.961+0000: [GC (Allocation Failure) 2020-10-29T08:53:42.961+0000: [ParNew: 16388K->4K(18432K), 0.0023313 secs] 449699K->433315K(685676K), 0.0023869 secs] [Times: user=0.01 sys=0.00, real=0.00 secs] 
2020-10-29T08:53:42.980+0000: [GC (Allocation Failure) 2020-10-29T08:53:42.980+0000: [ParNew: 16388K->4K(18432K), 0.0022937 secs] 449699K->433315K(685676K), 0.0023418 secs] [Times: user=0.00 sys=0.00, real=0.00 secs] 
2020-10-29T08:53:43.000+0000: [GC (Allocation Failure) 2020-10-29T08:53:43.000+0000: [ParNew: 16388K->4K(18432K), 0.0023740 secs] 449699K->433315K(685676K), 0.0024243 secs] [Times: user=0.00 sys=0.00, real=0.00 secs] 
2020-10-29T08:53:43.020+0000: [GC (Allocation Failure) 2020-10-29T08:53:43.020+0000: [ParNew: 16388K->4K(18432K), 0.0023449 secs] 449699K->433315K(685676K), 0.0023955 secs] [Times: user=0.01 sys=0.00, real=0.00 secs] 
2020-10-29T08:53:43.040+0000: [GC (Allocation Failure) 2020-10-29T08:53:43.041+0000: [ParNew: 16388K->4K(18432K), 0.0024616 secs] 449699K->433315K(685676K), 0.0025147 secs] [Times: user=0.00 sys=0.00, real=0.00 secs] 
2020-10-29T08:53:43.059+0000: [GC (Allocation Failure) 2020-10-29T08:53:43.059+0000: [ParNew: 16388K->4K(18432K), 0.0025711 secs] 449699K->433315K(685676K), 0.0026260 secs] [Times: user=0.01 sys=0.00, real=0.00 secs] 
2020-10-29T08:53:43.080+0000: [GC (Allocation Failure) 2020-10-29T08:53:43.080+0000: [ParNew: 16388K->4K(18432K), 0.0023211 secs] 449699K->433315K(685676K), 0.0023691 secs] [Times: user=0.01 sys=0.00, real=0.00 secs] 
2020-10-29T08:53:43.099+0000: [GC (Allocation Failure) 2020-10-29T08:53:43.099+0000: [ParNew: 16388K->4K(18432K), 0.0023782 secs] 449699K->433315K(685676K), 0.0024292 secs] [Times: user=0.00 sys=0.00, real=0.00 secs] 
2020-10-29T08:53:43.120+0000: [GC (Allocation Failure) 2020-10-29T08:53:43.121+0000: [ParNew: 16388K->4K(18432K), 0.0025702 secs] 449699K->433315K(685676K), 0.0026264 secs] [Times: user=0.00 sys=0.00, real=0.00 secs] 
2020-10-29T08:53:43.139+0000: [GC (Allocation Failure) 2020-10-29T08:53:43.140+0000: [ParNew: 16388K->4K(18432K), 0.0025893 secs] 449699K->433315K(685676K), 0.0026626 secs] [Times: user=0.01 sys=0.00, real=0.00 secs] 
2020-10-29T08:53:43.158+0000: [GC (Allocation Failure) 2020-10-29T08:53:43.158+0000: [ParNew: 16388K->4K(18432K), 0.0024624 secs] 449699K->433315K(685676K), 0.0025139 secs] [Times: user=0.00 sys=0.00, real=0.00 secs] 
2020-10-29T08:53:43.177+0000: [GC (Allocation Failure) 2020-10-29T08:53:43.177+0000: [ParNew: 16388K->4K(18432K), 0.0026014 secs] 449699K->433315K(685676K), 0.0026575 secs] [Times: user=0.00 sys=0.00, real=0.00 secs] 
2020-10-29T08:53:43.196+0000: [GC (Allocation Failure) 2020-10-29T08:53:43.197+0000: [ParNew: 16388K->4K(18432K), 0.0025880 secs] 449699K->433315K(685676K), 0.0026429 secs] [Times: user=0.01 sys=0.00, real=0.00 secs] 
2020-10-29T08:53:43.219+0000: [GC (Allocation Failure) 2020-10-29T08:53:43.219+0000: [ParNew: 16388K->4K(18432K), 0.0026027 secs] 449699K->433315K(685676K), 0.0026592 secs] [Times: user=0.00 sys=0.00, real=0.00 secs] 
2020-10-29T08:53:43.238+0000: [GC (Allocation Failure) 2020-10-29T08:53:43.238+0000: [ParNew: 16388K->4K(18432K), 0.0025022 secs] 449699K->433315K(685676K), 0.0025549 secs] [Times: user=0.01 sys=0.00, real=0.00 secs] 
2020-10-29T08:53:43.260+0000: [GC (Allocation Failure) 2020-10-29T08:53:43.260+0000: [ParNew: 16388K->4K(18432K), 0.0023275 secs] 449699K->433315K(685676K), 0.0023764 secs] [Times: user=0.00 sys=0.00, real=0.00 secs] 
2020-10-29T08:53:43.279+0000: [GC (Allocation Failure) 2020-10-29T08:53:43.279+0000: [ParNew: 16388K->4K(18432K), 0.0023548 secs] 449699K->433315K(685676K), 0.0024051 secs] [Times: user=0.00 sys=0.00, real=0.00 secs] 
2020-10-29T08:53:43.300+0000: [GC (Allocation Failure) 2020-10-29T08:53:43.301+0000: [ParNew: 16388K->4K(18432K), 0.0024152 secs] 449699K->433315K(685676K), 0.0024765 secs] [Times: user=0.01 sys=0.00, real=0.00 secs] 
2020-10-29T08:53:43.319+0000: [GC (Allocation Failure) 2020-10-29T08:53:43.319+0000: [ParNew: 16388K->4K(18432K), 0.0023854 secs] 449699K->433315K(685676K), 0.0024361 secs] [Times: user=0.00 sys=0.00, real=0.00 secs] 
2020-10-29T08:53:43.337+0000: [GC (Allocation Failure) 2020-10-29T08:53:43.337+0000: [ParNew: 16388K->4K(18432K), 0.0025883 secs] 449699K->433315K(685676K), 0.0026435 secs] [Times: user=0.01 sys=0.00, real=0.00 secs] 
2020-10-29T08:53:43.356+0000: [GC (Allocation Failure) 2020-10-29T08:53:43.356+0000: [ParNew: 16388K->4K(18432K), 0.0025672 secs] 449699K->433315K(685676K), 0.0026228 secs] [Times: user=0.00 sys=0.00, real=0.00 secs] 
2020-10-29T08:53:43.375+0000: [GC (Allocation Failure) 2020-10-29T08:53:43.375+0000: [ParNew: 16388K->4K(18432K), 0.0022967 secs] 449699K->433315K(685676K), 0.0023455 secs] [Times: user=0.01 sys=0.00, real=0.00 secs] 
2020-10-29T08:53:43.404+0000: [GC (Allocation Failure) 2020-10-29T08:53:43.404+0000: [ParNew: 16388K->4K(18432K), 0.0025255 secs] 449699K->433315K(685676K), 0.0025825 secs] [Times: user=0.01 sys=0.00, real=0.01 secs] 
2020-10-29T08:53:43.435+0000: [GC (Allocation Failure) 2020-10-29T08:53:43.435+0000: [ParNew: 16388K->6K(18432K), 0.0026712 secs] 449699K->433317K(685676K), 0.0027253 secs] [Times: user=0.00 sys=0.00, real=0.00 secs] 
2020-10-29T08:53:43.466+0000: [GC (Allocation Failure) 2020-10-29T08:53:43.466+0000: [ParNew: 16390K->4K(18432K), 0.0025977 secs] 449701K->433315K(685676K), 0.0026527 secs] [Times: user=0.00 sys=0.00, real=0.00 secs] 
2020-10-29T08:53:43.508+0000: [GC (Allocation Failure) 2020-10-29T08:53:43.509+0000: [ParNew: 16388K->4K(18432K), 0.0025550 secs] 449699K->433315K(685676K), 0.0026120 secs] [Times: user=0.00 sys=0.00, real=0.00 secs] 
2020-10-29T08:53:43.538+0000: [GC (Allocation Failure) 2020-10-29T08:53:43.538+0000: [ParNew: 16388K->4K(18432K), 0.0023762 secs] 449699K->433315K(685676K), 0.0024259 secs] [Times: user=0.01 sys=0.00, real=0.00 secs] 
2020-10-29T08:53:43.572+0000: [GC (Allocation Failure) 2020-10-29T08:53:43.572+0000: [ParNew: 16388K->4K(18432K), 0.0025873 secs] 449699K->433315K(685676K), 0.0026431 secs] [Times: user=0.00 sys=0.00, real=0.01 secs] 
2020-10-29T08:53:43.609+0000: [GC (Allocation Failure) 2020-10-29T08:53:43.610+0000: [ParNew: 16388K->4K(18432K), 0.0025823 secs] 449699K->433317K(685676K), 0.0026385 secs] [Times: user=0.00 sys=0.00, real=0.00 secs] 
2020-10-29T08:53:43.642+0000: [GC (Allocation Failure) 2020-10-29T08:53:43.642+0000: [ParNew: 16388K->4K(18432K), 0.0025878 secs] 449701K->433317K(685676K), 0.0026446 secs] [Times: user=0.01 sys=0.00, real=0.01 secs] 
2020-10-29T08:53:43.676+0000: [GC (Allocation Failure) 2020-10-29T08:53:43.677+0000: [ParNew: 16388K->4K(18432K), 0.0024522 secs] 449701K->433317K(685676K), 0.0025052 secs] [Times: user=0.01 sys=0.00, real=0.00 secs] 
2020-10-29T08:53:43.711+0000: [GC (Allocation Failure) 2020-10-29T08:53:43.711+0000: [ParNew: 16388K->4K(18432K), 0.0025347 secs] 449701K->433317K(685676K), 0.0025892 secs] [Times: user=0.00 sys=0.00, real=0.01 secs] 
 CMS: abort preclean due to time 2020-10-29T08:53:44.022+0000: [CMS-concurrent-abortable-preclean: 0.359/5.054 secs] [Times: user=9.24 sys=0.26, real=5.05 secs] 
2020-10-29T08:53:44.023+0000: [GC (CMS Final Remark) [YG occupancy: 15366 K (18432 K)]2020-10-29T08:53:44.023+0000: [Rescan (parallel) , 0.0109933 secs]2020-10-29T08:53:44.034+0000: [weak refs processing, 0.0000572 secs]2020-10-29T08:53:44.034+0000: [class unloading, 0.0103739 secs]2020-10-29T08:53:44.044+0000: [scrub symbol table, 0.0089819 secs]2020-10-29T08:53:44.053+0000: [scrub string table, 0.0005603 secs][1 CMS-remark: 433313K(667244K)] 448679K(685676K), 0.0310915 secs] [Times: user=0.05 sys=0.00, real=0.04 secs] 
2020-10-29T08:53:44.054+0000: [CMS-concurrent-sweep-start]
2020-10-29T08:53:44.065+0000: [CMS-concurrent-sweep: 0.011/0.011 secs] [Times: user=0.02 sys=0.00, real=0.01 secs] 
2020-10-29T08:53:44.066+0000: [GC (Allocation Failure) 2020-10-29T08:53:44.066+0000: [ParNew: 16388K->4K(18432K), 0.0025117 secs] 433300K->416916K(685676K), 0.0025679 secs] [Times: user=0.00 sys=0.00, real=0.00 secs] 
2020-10-29T08:53:44.076+0000: [CMS-concurrent-reset-start]
2020-10-29T08:53:44.084+0000: [CMS-concurrent-reset: 0.008/0.008 secs] [Times: user=0.02 sys=0.00, real=0.01 secs] 
2020-10-29T08:53:44.115+0000: [GC (Allocation Failure) 2020-10-29T08:53:44.115+0000: [ParNew: 16388K->4K(18432K), 0.0026953 secs] 433300K->416916K(713288K), 0.0027563 secs] [Times: user=0.00 sys=0.00, real=0.00 secs] 
2020-10-29T08:53:44.173+0000: [GC (Allocation Failure) 2020-10-29T08:53:44.173+0000: [ParNew: 16388K->4K(18432K), 0.0026692 secs] 433300K->416916K(713288K), 0.0027286 secs] [Times: user=0.00 sys=0.00, real=0.00 secs] 
2020-10-29T08:53:44.208+0000: [GC (Allocation Failure) 2020-10-29T08:53:44.208+0000: [ParNew: 16388K->4K(18432K), 0.0026280 secs] 433300K->416916K(713288K), 0.0026838 secs] [Times: user=0.01 sys=0.00, real=0.00 secs] 
2020-10-29T08:53:44.242+0000: [GC (Allocation Failure) 2020-10-29T08:53:44.242+0000: [ParNew: 16388K->4K(18432K), 0.0026404 secs] 433300K->416916K(713288K), 0.0026939 secs] [Times: user=0.00 sys=0.01, real=0.01 secs] 
2020-10-29T08:53:44.276+0000: [GC (Allocation Failure) 2020-10-29T08:53:44.276+0000: [ParNew: 16388K->4K(18432K), 0.0025914 secs] 433300K->416916K(713288K), 0.0026435 secs] [Times: user=0.00 sys=0.00, real=0.00 secs] 
2020-10-29T08:53:44.312+0000: [GC (Allocation Failure) 2020-10-29T08:53:44.312+0000: [ParNew: 16388K->4K(18432K), 0.0025814 secs] 433300K->416918K(713288K), 0.0026333 secs] [Times: user=0.01 sys=0.00, real=0.01 secs] 
2020-10-29T08:53:44.344+0000: [GC (Allocation Failure) 2020-10-29T08:53:44.344+0000: [ParNew: 16388K->4K(18432K), 0.0026675 secs] 433302K->416918K(713288K), 0.0027234 secs] [Times: user=0.00 sys=0.00, real=0.01 secs] 
2020-10-29T08:53:44.380+0000: [GC (Allocation Failure) 2020-10-29T08:53:44.380+0000: [ParNew: 16388K->4K(18432K), 0.0026374 secs] 433302K->416918K(713288K), 0.0026917 secs] [Times: user=0.01 sys=0.00, real=0.00 secs] 
2020-10-29T08:53:44.416+0000: [GC (Allocation Failure) 2020-10-29T08:53:44.417+0000: [ParNew: 16388K->4K(18432K), 0.0031680 secs] 433302K->416918K(713288K), 0.0032239 secs] [Times: user=0.00 sys=0.00, real=0.00 secs] 
2020-10-29T08:53:44.450+0000: [GC (Allocation Failure) 2020-10-29T08:53:44.450+0000: [ParNew: 16388K->4K(18432K), 0.0026550 secs] 433302K->416918K(713288K), 0.0027107 secs] [Times: user=0.01 sys=0.00, real=0.01 secs] 
2020-10-29T08:53:44.483+0000: [GC (Allocation Failure) 2020-10-29T08:53:44.483+0000: [ParNew: 16388K->4K(18432K), 0.0026710 secs] 433302K->416918K(713288K), 0.0027267 secs] [Times: user=0.01 sys=0.00, real=0.01 secs] 
2020-10-29T08:53:44.514+0000: [GC (Allocation Failure) 2020-10-29T08:53:44.514+0000: [ParNew: 16388K->4K(18432K), 0.0027034 secs] 433302K->416918K(713288K), 0.0027601 secs] [Times: user=0.01 sys=0.00, real=0.00 secs] 
2020-10-29T08:53:44.543+0000: [GC (Allocation Failure) 2020-10-29T08:53:44.543+0000: [ParNew: 16388K->4K(18432K), 0.0026833 secs] 433302K->416918K(713288K), 0.0027408 secs] [Times: user=0.01 sys=0.00, real=0.01 secs] 
2020-10-29T08:53:44.562+0000: [GC (Allocation Failure) 2020-10-29T08:53:44.562+0000: [ParNew: 16388K->4K(18432K), 0.0026402 secs] 433302K->416918K(713288K), 0.0026944 secs] [Times: user=0.00 sys=0.00, real=0.01 secs] 
2020-10-29T08:53:44.581+0000: [GC (Allocation Failure) 2020-10-29T08:53:44.581+0000: [ParNew: 16388K->4K(18432K), 0.0026030 secs] 433302K->416918K(713288K), 0.0026556 secs] [Times: user=0.00 sys=0.00, real=0.00 secs] 
2020-10-29T08:53:44.604+0000: [GC (Allocation Failure) 2020-10-29T08:53:44.604+0000: [ParNew: 16388K->4K(18432K), 0.0026456 secs] 433302K->416918K(713288K), 0.0027010 secs] [Times: user=0.00 sys=0.00, real=0.01 secs] 
2020-10-29T08:53:44.624+0000: [GC (Allocation Failure) 2020-10-29T08:53:44.624+0000: [ParNew: 16388K->4K(18432K), 0.0025392 secs] 433302K->416918K(713288K), 0.0025890 secs] [Times: user=0.01 sys=0.00, real=0.00 secs] 
2020-10-29T08:53:44.653+0000: [GC (Allocation Failure) 2020-10-29T08:53:44.653+0000: [ParNew: 16388K->4K(18432K), 0.0027017 secs] 433302K->416918K(713288K), 0.0027604 secs] [Times: user=0.00 sys=0.00, real=0.00 secs] 
2020-10-29T08:53:44.674+0000: [GC (Allocation Failure) 2020-10-29T08:53:44.674+0000: [ParNew: 16388K->4K(18432K), 0.0026317 secs] 433302K->416918K(713288K), 0.0026837 secs] [Times: user=0.00 sys=0.00, real=0.00 secs] 
2020-10-29T08:53:44.695+0000: [GC (Allocation Failure) 2020-10-29T08:53:44.695+0000: [ParNew: 16388K->4K(18432K), 0.0026082 secs] 433302K->416918K(713288K), 0.0026597 secs] [Times: user=0.01 sys=0.00, real=0.00 secs] 
2020-10-29T08:53:44.715+0000: [GC (Allocation Failure) 2020-10-29T08:53:44.715+0000: [ParNew: 16388K->4K(18432K), 0.0026144 secs] 433302K->416918K(713288K), 0.0026671 secs] [Times: user=0.00 sys=0.00, real=0.00 secs] 
2020-10-29T08:53:44.736+0000: [GC (Allocation Failure) 2020-10-29T08:53:44.736+0000: [ParNew: 16388K->4K(18432K), 0.0025954 secs] 433302K->416918K(713288K), 0.0026463 secs] [Times: user=0.00 sys=0.00, real=0.00 secs] 
2020-10-29T08:53:44.756+0000: [GC (Allocation Failure) 2020-10-29T08:53:44.756+0000: [ParNew: 16388K->4K(18432K), 0.0026326 secs] 433302K->416918K(713288K), 0.0026847 secs] [Times: user=0.01 sys=0.00, real=0.00 secs] 
2020-10-29T08:53:44.776+0000: [GC (Allocation Failure) 2020-10-29T08:53:44.776+0000: [ParNew: 16388K->2K(18432K), 0.0025992 secs] 433302K->416917K(713288K), 0.0026500 secs] [Times: user=0.01 sys=0.00, real=0.00 secs] 
2020-10-29T08:53:44.802+0000: [GC (Allocation Failure) 2020-10-29T08:53:44.802+0000: [ParNew: 16386K->4K(18432K), 0.0026508 secs] 433301K->416919K(713288K), 0.0027070 secs] [Times: user=0.01 sys=0.00, real=0.01 secs] 
2020-10-29T08:53:44.823+0000: [GC (Allocation Failure) 2020-10-29T08:53:44.823+0000: [ParNew: 16388K->4K(18432K), 0.0026477 secs] 433303K->416919K(713288K), 0.0027031 secs] [Times: user=0.00 sys=0.00, real=0.01 secs] 
2020-10-29T08:53:44.843+0000: [GC (Allocation Failure) 2020-10-29T08:53:44.843+0000: [ParNew: 16388K->4K(18432K), 0.0025831 secs] 433303K->416919K(713288K), 0.0026310 secs] [Times: user=0.00 sys=0.00, real=0.01 secs] 
2020-10-29T08:53:44.864+0000: [GC (Allocation Failure) 2020-10-29T08:53:44.864+0000: [ParNew: 16388K->4K(18432K), 0.0026335 secs] 433303K->416919K(713288K), 0.0026877 secs] [Times: user=0.01 sys=0.00, real=0.01 secs] 
2020-10-29T08:53:44.884+0000: [GC (Allocation Failure) 2020-10-29T08:53:44.884+0000: [ParNew: 16388K->4K(18432K), 0.0027359 secs] 433303K->416919K(713288K), 0.0027902 secs] [Times: user=0.01 sys=0.00, real=0.00 secs] 
2020-10-29T08:53:44.905+0000: [GC (Allocation Failure) 2020-10-29T08:53:44.905+0000: [ParNew: 16388K->4K(18432K), 0.0026457 secs] 433303K->416919K(713288K), 0.0027014 secs] [Times: user=0.00 sys=0.00, real=0.00 secs] 
2020-10-29T08:53:44.926+0000: [GC (Allocation Failure) 2020-10-29T08:53:44.926+0000: [ParNew: 16388K->4K(18432K), 0.0026261 secs] 433303K->416919K(713288K), 0.0026816 secs] [Times: user=0.00 sys=0.01, real=0.00 secs] 
2020-10-29T08:53:44.946+0000: [GC (Allocation Failure) 2020-10-29T08:53:44.946+0000: [ParNew: 16388K->4K(18432K), 0.0026876 secs] 433303K->416919K(713288K), 0.0027444 secs] [Times: user=0.00 sys=0.00, real=0.00 secs] 
2020-10-29T08:53:44.967+0000: [GC (Allocation Failure) 2020-10-29T08:53:44.967+0000: [ParNew: 16388K->2K(18432K), 0.0026280 secs] 433303K->416917K(713288K), 0.0026830 secs] [Times: user=0.00 sys=0.00, real=0.00 secs] 
2020-10-29T08:53:44.988+0000: [GC (Allocation Failure) 2020-10-29T08:53:44.988+0000: [ParNew: 16386K->4K(18432K), 0.0026811 secs] 433301K->416919K(713288K), 0.0027372 secs] [Times: user=0.01 sys=0.00, real=0.00 secs] 
2020-10-29T08:53:45.009+0000: [GC (Allocation Failure) 2020-10-29T08:53:45.009+0000: [ParNew: 16388K->4K(18432K), 0.0026199 secs] 433303K->416919K(713288K), 0.0026735 secs] [Times: user=0.00 sys=0.00, real=0.00 secs] 
2020-10-29T08:53:46.421+0000: [GC (Allocation Failure) 2020-10-29T08:53:46.421+0000: [ParNew: 16388K->619K(18432K), 0.0033623 secs] 433303K->417534K(713288K), 0.0034277 secs] [Times: user=0.00 sys=0.00, real=0.00 secs] 
2020-10-29T08:53:46.571+0000: [GC (Allocation Failure) 2020-10-29T08:53:46.571+0000: [ParNew: 17003K->912K(18432K), 0.0034385 secs] 433918K->417827K(713288K), 0.0034992 secs] [Times: user=0.01 sys=0.00, real=0.01 secs] 
2020-10-29T08:53:46.760+0000: [GC (Allocation Failure) 2020-10-29T08:53:46.760+0000: [ParNew: 17296K->2048K(18432K), 0.0077394 secs] 434211K->419455K(713288K), 0.0077976 secs] [Times: user=0.01 sys=0.01, real=0.01 secs] 
2020-10-29T08:53:46.802+0000: [GC (Allocation Failure) 2020-10-29T08:53:46.802+0000: [ParNew: 18432K->1330K(18432K), 0.0063466 secs] 435839K->420680K(713288K), 0.0064035 secs] [Times: user=0.01 sys=0.00, real=0.01 secs] 
2020-10-29T08:53:46.848+0000: [GC (Allocation Failure) 2020-10-29T08:53:46.848+0000: [ParNew: 17714K->656K(18432K), 0.0027629 secs] 437064K->420006K(713288K), 0.0028191 secs] [Times: user=0.01 sys=0.00, real=0.00 secs] 
2020-10-29T08:53:46.889+0000: [GC (Allocation Failure) 2020-10-29T08:53:46.889+0000: [ParNew: 17040K->647K(18432K), 0.0028883 secs] 436390K->419997K(713288K), 0.0029637 secs] [Times: user=0.01 sys=0.00, real=0.00 secs] 
2020-10-29T08:53:46.919+0000: [GC (Allocation Failure) 2020-10-29T08:53:46.919+0000: [ParNew: 17031K->804K(18432K), 0.0027448 secs] 436381K->420154K(713288K), 0.0028167 secs] [Times: user=0.01 sys=0.00, real=0.00 secs] 
2020-10-29T08:53:46.951+0000: [GC (Allocation Failure) 2020-10-29T08:53:46.951+0000: [ParNew: 17188K->788K(18432K), 0.0028215 secs] 436538K->420138K(713288K), 0.0028784 secs] [Times: user=0.00 sys=0.00, real=0.01 secs] 
2020-10-29T08:53:46.981+0000: [GC (Allocation Failure) 2020-10-29T08:53:46.981+0000: [ParNew: 17172K->1040K(18432K), 0.0028763 secs] 436522K->420390K(713288K), 0.0029835 secs] [Times: user=0.01 sys=0.00, real=0.01 secs] 
2020-10-29T08:53:47.008+0000: [GC (Allocation Failure) 2020-10-29T08:53:47.009+0000: [ParNew: 17424K->517K(18432K), 0.0028530 secs] 436774K->420391K(713288K), 0.0029059 secs] [Times: user=0.00 sys=0.00, real=0.00 secs] 
2020-10-29T08:53:47.036+0000: [GC (Allocation Failure) 2020-10-29T08:53:47.037+0000: [ParNew: 16901K->516K(18432K), 0.0026771 secs] 436775K->420390K(713288K), 0.0027308 secs] [Times: user=0.01 sys=0.00, real=0.00 secs] 
2020-10-29T08:53:47.061+0000: [GC (Allocation Failure) 2020-10-29T08:53:47.061+0000: [ParNew: 16900K->1540K(18432K), 0.0029170 secs] 436774K->421414K(713288K), 0.0029702 secs] [Times: user=0.00 sys=0.00, real=0.00 secs] 
2020-10-29T08:53:47.086+0000: [GC (Allocation Failure) 2020-10-29T08:53:47.086+0000: [ParNew: 17924K->4K(18432K), 0.0028737 secs] 437798K->421414K(713288K), 0.0029270 secs] [Times: user=0.01 sys=0.00, real=0.00 secs] 
2020-10-29T08:53:47.112+0000: [GC (Allocation Failure) 2020-10-29T08:53:47.112+0000: [ParNew: 16388K->1030K(18432K), 0.0027861 secs] 437798K->422440K(713288K), 0.0028368 secs] [Times: user=0.01 sys=0.00, real=0.00 secs] 
2020-10-29T08:53:47.140+0000: [GC (Allocation Failure) 2020-10-29T08:53:47.140+0000: [ParNew: 17414K->4K(18432K), 0.0028181 secs] 438824K->422440K(713288K), 0.0028698 secs] [Times: user=0.00 sys=0.00, real=0.00 secs] 
2020-10-29T08:53:47.165+0000: [GC (Allocation Failure) 2020-10-29T08:53:47.165+0000: [ParNew: 16388K->4K(18432K), 0.0025920 secs] 438824K->422440K(713288K), 0.0026453 secs] [Times: user=0.01 sys=0.00, real=0.00 secs] 
2020-10-29T08:53:47.186+0000: [GC (Allocation Failure) 2020-10-29T08:53:47.186+0000: [ParNew: 16388K->4K(18432K), 0.0025957 secs] 438824K->422440K(713288K), 0.0026486 secs] [Times: user=0.01 sys=0.00, real=0.00 secs] 
2020-10-29T08:53:47.206+0000: [GC (Allocation Failure) 2020-10-29T08:53:47.206+0000: [ParNew: 16388K->4K(18432K), 0.0025868 secs] 438824K->422440K(713288K), 0.0026368 secs] [Times: user=0.01 sys=0.00, real=0.00 secs] 
2020-10-29T08:53:47.226+0000: [GC (Allocation Failure) 2020-10-29T08:53:47.226+0000: [ParNew: 16388K->4K(18432K), 0.0026386 secs] 438824K->422440K(713288K), 0.0026925 secs] [Times: user=0.01 sys=0.00, real=0.00 secs] 
2020-10-29T08:53:47.247+0000: [GC (Allocation Failure) 2020-10-29T08:53:47.247+0000: [ParNew: 16388K->4K(18432K), 0.0026270 secs] 438824K->422440K(713288K), 0.0027001 secs] [Times: user=0.01 sys=0.00, real=0.00 secs] 
2020-10-29T08:53:47.265+0000: [GC (Allocation Failure) 2020-10-29T08:53:47.265+0000: [ParNew: 16388K->4K(18432K), 0.0028271 secs] 438824K->424488K(713288K), 0.0028771 secs] [Times: user=0.01 sys=0.00, real=0.00 secs] 
2020-10-29T08:53:47.286+0000: [GC (Allocation Failure) 2020-10-29T08:53:47.286+0000: [ParNew: 16388K->4K(18432K), 0.0025455 secs] 440872K->424488K(713288K), 0.0025940 secs] [Times: user=0.01 sys=0.00, real=0.00 secs] 
2020-10-29T08:53:47.317+0000: [GC (Allocation Failure) 2020-10-29T08:53:47.317+0000: [ParNew: 16388K->4K(18432K), 0.0026340 secs] 440872K->424488K(713288K), 0.0026903 secs] [Times: user=0.00 sys=0.00, real=0.00 secs] 
2020-10-29T08:53:47.340+0000: [GC (Allocation Failure) 2020-10-29T08:53:47.340+0000: [ParNew: 16388K->4K(18432K), 0.0029662 secs] 440872K->426536K(713288K), 0.0030220 secs] [Times: user=0.01 sys=0.00, real=0.00 secs] 
2020-10-29T08:53:47.369+0000: [GC (Allocation Failure) 2020-10-29T08:53:47.369+0000: [ParNew: 16388K->4K(18432K), 0.0027001 secs] 442920K->426536K(713288K), 0.0027789 secs] [Times: user=0.01 sys=0.00, real=0.00 secs] 
2020-10-29T08:53:47.396+0000: [GC (Allocation Failure) 2020-10-29T08:53:47.396+0000: [ParNew: 16388K->4K(18432K), 0.0026489 secs] 442920K->426536K(713288K), 0.0027043 secs] [Times: user=0.00 sys=0.01, real=0.00 secs] 
2020-10-29T08:53:47.424+0000: [GC (Allocation Failure) 2020-10-29T08:53:47.425+0000: [ParNew: 16388K->2K(18432K), 0.0057420 secs] 442920K->426534K(713288K), 0.0057956 secs] [Times: user=0.01 sys=0.00, real=0.00 secs] 
2020-10-29T08:53:47.465+0000: [GC (Allocation Failure) 2020-10-29T08:53:47.465+0000: [ParNew: 16386K->4K(18432K), 0.0040652 secs] 442918K->426536K(713288K), 0.0041343 secs] [Times: user=0.01 sys=0.00, real=0.00 secs] 
2020-10-29T08:53:47.500+0000: [GC (Allocation Failure) 2020-10-29T08:53:47.500+0000: [ParNew: 16388K->4K(18432K), 0.0026815 secs] 442920K->426536K(713288K), 0.0027363 secs] [Times: user=0.00 sys=0.00, real=0.00 secs] 
2020-10-29T08:53:47.530+0000: [GC (Allocation Failure) 2020-10-29T08:53:47.530+0000: [ParNew: 16388K->4K(18432K), 0.0040246 secs] 442920K->426537K(713288K), 0.0040904 secs] [Times: user=0.01 sys=0.00, real=0.01 secs] 
2020-10-29T08:53:47.557+0000: [GC (Allocation Failure) 2020-10-29T08:53:47.557+0000: [ParNew: 16388K->4K(18432K), 0.0026628 secs] 442921K->426537K(713288K), 0.0027368 secs] [Times: user=0.00 sys=0.00, real=0.00 secs] 
2020-10-29T08:53:47.583+0000: [GC (Allocation Failure) 2020-10-29T08:53:47.583+0000: [ParNew: 16388K->4K(18432K), 0.0026858 secs] 442921K->426537K(713288K), 0.0027573 secs] [Times: user=0.01 sys=0.00, real=0.01 secs] 
2020-10-29T08:53:47.609+0000: [GC (Allocation Failure) 2020-10-29T08:53:47.609+0000: [ParNew: 16388K->4K(18432K), 0.0026896 secs] 442921K->426537K(713288K), 0.0027456 secs] [Times: user=0.01 sys=0.00, real=0.00 secs] 
2020-10-29T08:53:47.638+0000: [GC (Allocation Failure) 2020-10-29T08:53:47.638+0000: [ParNew: 16388K->2K(18432K), 0.0056755 secs] 442921K->426535K(713288K), 0.0057314 secs] [Times: user=0.01 sys=0.00, real=0.00 secs] 
2020-10-29T08:53:47.668+0000: [GC (Allocation Failure) 2020-10-29T08:53:47.669+0000: [ParNew: 16386K->2K(18432K), 0.0055132 secs] 442919K->426535K(713288K), 0.0055885 secs] [Times: user=0.01 sys=0.00, real=0.01 secs] 
2020-10-29T08:53:47.714+0000: [GC (Allocation Failure) 2020-10-29T08:53:47.714+0000: [ParNew: 16386K->4K(18432K), 0.0056606 secs] 442919K->426537K(713288K), 0.0057366 secs] [Times: user=0.01 sys=0.00, real=0.00 secs] 
2020-10-29T08:53:47.750+0000: [GC (Allocation Failure) 2020-10-29T08:53:47.750+0000: [ParNew: 16388K->6K(18432K), 0.0087401 secs] 442921K->426539K(713288K), 0.0088161 secs] [Times: user=0.02 sys=0.00, real=0.01 secs] 
2020-10-29T08:53:47.780+0000: [GC (Allocation Failure) 2020-10-29T08:53:47.781+0000: [ParNew: 16390K->4K(18432K), 0.0064553 secs] 442923K->430633K(713288K), 0.0065311 secs] [Times: user=0.01 sys=0.00, real=0.01 secs] 
2020-10-29T08:53:47.815+0000: [GC (Allocation Failure) 2020-10-29T08:53:47.815+0000: [ParNew: 16388K->6K(18432K), 0.0080776 secs] 447017K->430635K(713288K), 0.0081673 secs] [Times: user=0.00 sys=0.00, real=0.00 secs] 
2020-10-29T08:53:47.862+0000: [GC (Allocation Failure) 2020-10-29T08:53:47.862+0000: [ParNew: 16390K->4K(18432K), 0.0027055 secs] 447019K->430633K(713288K), 0.0027627 secs] [Times: user=0.01 sys=0.00, real=0.01 secs] 
2020-10-29T08:53:47.887+0000: [GC (Allocation Failure) 2020-10-29T08:53:47.887+0000: [ParNew: 16388K->4K(18432K), 0.0026584 secs] 447017K->430633K(713288K), 0.0027144 secs] [Times: user=0.01 sys=0.00, real=0.00 secs] 
2020-10-29T08:53:47.908+0000: [GC (Allocation Failure) 2020-10-29T08:53:47.908+0000: [ParNew: 16388K->4K(18432K), 0.0025515 secs] 447017K->430633K(713288K), 0.0026016 secs] [Times: user=0.01 sys=0.00, real=0.00 secs] 
2020-10-29T08:53:47.928+0000: [GC (Allocation Failure) 2020-10-29T08:53:47.928+0000: [ParNew: 16388K->4K(18432K), 0.0025736 secs] 447017K->430633K(713288K), 0.0026246 secs] [Times: user=0.01 sys=0.00, real=0.00 secs] 
2020-10-29T08:53:47.948+0000: [GC (Allocation Failure) 2020-10-29T08:53:47.948+0000: [ParNew: 16388K->4K(18432K), 0.0025878 secs] 447017K->430633K(713288K), 0.0026375 secs] [Times: user=0.01 sys=0.00, real=0.00 secs] 
2020-10-29T08:53:47.966+0000: [GC (Allocation Failure) 2020-10-29T08:53:47.966+0000: [ParNew: 16388K->4K(18432K), 0.0031973 secs] 447017K->434729K(713288K), 0.0032482 secs] [Times: user=0.00 sys=0.00, real=0.00 secs] 
2020-10-29T08:53:47.970+0000: [GC (CMS Initial Mark) [1 CMS-initial-mark: 434725K(694856K)] 434917K(713288K), 0.0012764 secs] [Times: user=0.01 sys=0.00, real=0.00 secs] 
2020-10-29T08:53:47.971+0000: [CMS-concurrent-mark-start]
2020-10-29T08:53:47.993+0000: [GC (Allocation Failure) 2020-10-29T08:53:47.993+0000: [ParNew: 16388K->4K(18432K), 0.0025232 secs] 451113K->434729K(713288K), 0.0025750 secs] [Times: user=0.01 sys=0.00, real=0.00 secs] 
2020-10-29T08:53:48.014+0000: [GC (Allocation Failure) 2020-10-29T08:53:48.014+0000: [ParNew: 16388K->4K(18432K), 0.0027415 secs] 451113K->434729K(713288K), 0.0027986 secs] [Times: user=0.01 sys=0.00, real=0.00 secs] 
2020-10-29T08:53:48.038+0000: [GC (Allocation Failure) 2020-10-29T08:53:48.039+0000: [ParNew: 16388K->4K(18432K), 0.0026577 secs] 451113K->434729K(713288K), 0.0027143 secs] [Times: user=0.01 sys=0.00, real=0.00 secs] 
2020-10-29T08:53:48.062+0000: [CMS-concurrent-mark: 0.078/0.091 secs] [Times: user=0.17 sys=0.01, real=0.09 secs] 
2020-10-29T08:53:48.062+0000: [CMS-concurrent-preclean-start]
2020-10-29T08:53:48.064+0000: [CMS-concurrent-preclean: 0.003/0.003 secs] [Times: user=0.00 sys=0.00, real=0.00 secs] 
2020-10-29T08:53:48.064+0000: [CMS-concurrent-abortable-preclean-start]
2020-10-29T08:53:48.066+0000: [GC (Allocation Failure) 2020-10-29T08:53:48.066+0000: [ParNew: 16388K->4K(18432K), 0.0024166 secs] 451113K->434729K(713288K), 0.0024608 secs] [Times: user=0.00 sys=0.00, real=0.00 secs] 
2020-10-29T08:53:48.088+0000: [GC (Allocation Failure) 2020-10-29T08:53:48.089+0000: [ParNew: 16388K->4K(18432K), 0.0027224 secs] 451113K->434729K(713288K), 0.0027812 secs] [Times: user=0.00 sys=0.00, real=0.00 secs] 
2020-10-29T08:53:48.108+0000: [GC (Allocation Failure) 2020-10-29T08:53:48.108+0000: [ParNew: 16388K->4K(18432K), 0.0027290 secs] 451113K->434729K(713288K), 0.0028229 secs] [Times: user=0.00 sys=0.00, real=0.00 secs] 
2020-10-29T08:53:48.128+0000: [GC (Allocation Failure) 2020-10-29T08:53:48.129+0000: [ParNew: 16388K->4K(18432K), 0.0025464 secs] 451113K->434729K(713288K), 0.0025988 secs] [Times: user=0.01 sys=0.00, real=0.00 secs] 
2020-10-29T08:53:48.148+0000: [GC (Allocation Failure) 2020-10-29T08:53:48.148+0000: [ParNew: 16388K->4K(18432K), 0.0026825 secs] 451113K->434729K(713288K), 0.0027391 secs] [Times: user=0.00 sys=0.00, real=0.00 secs] 
2020-10-29T08:53:48.168+0000: [GC (Allocation Failure) 2020-10-29T08:53:48.169+0000: [ParNew: 16388K->4K(18432K), 0.0025881 secs] 451113K->434729K(713288K), 0.0026411 secs] [Times: user=0.01 sys=0.00, real=0.00 secs] 
2020-10-29T08:53:48.188+0000: [GC (Allocation Failure) 2020-10-29T08:53:48.188+0000: [ParNew: 16388K->4K(18432K), 0.0025388 secs] 451113K->434729K(713288K), 0.0026150 secs] [Times: user=0.01 sys=0.00, real=0.00 secs] 
2020-10-29T08:53:48.207+0000: [GC (Allocation Failure) 2020-10-29T08:53:48.207+0000: [ParNew: 16388K->4K(18432K), 0.0024689 secs] 451113K->434729K(713288K), 0.0025198 secs] [Times: user=0.00 sys=0.00, real=0.00 secs] 
2020-10-29T08:53:48.226+0000: [GC (Allocation Failure) 2020-10-29T08:53:48.226+0000: [ParNew: 16388K->4K(18432K), 0.0026448 secs] 451113K->434729K(713288K), 0.0026995 secs] [Times: user=0.01 sys=0.00, real=0.00 secs] 
2020-10-29T08:53:48.246+0000: [GC (Allocation Failure) 2020-10-29T08:53:48.246+0000: [ParNew: 16388K->4K(18432K), 0.0024792 secs] 451113K->434729K(713288K), 0.0025319 secs] [Times: user=0.01 sys=0.00, real=0.00 secs] 
2020-10-29T08:53:48.266+0000: [GC (Allocation Failure) 2020-10-29T08:53:48.266+0000: [ParNew: 16388K->4K(18432K), 0.0025540 secs] 451113K->434729K(713288K), 0.0026079 secs] [Times: user=0.00 sys=0.00, real=0.00 secs] 
2020-10-29T08:53:48.288+0000: [GC (Allocation Failure) 2020-10-29T08:53:48.288+0000: [ParNew: 16388K->4K(18432K), 0.0024510 secs] 451113K->434729K(713288K), 0.0025019 secs] [Times: user=0.01 sys=0.00, real=0.00 secs] 
2020-10-29T08:53:48.308+0000: [GC (Allocation Failure) 2020-10-29T08:53:48.309+0000: [ParNew: 16388K->4K(18432K), 0.0025174 secs] 451113K->434729K(713288K), 0.0025701 secs] [Times: user=0.00 sys=0.01, real=0.00 secs] 
2020-10-29T08:53:48.328+0000: [GC (Allocation Failure) 2020-10-29T08:53:48.328+0000: [ParNew: 16388K->4K(18432K), 0.0024800 secs] 451113K->434729K(713288K), 0.0025332 secs] [Times: user=0.00 sys=0.00, real=0.00 secs] 
2020-10-29T08:53:48.348+0000: [GC (Allocation Failure) 2020-10-29T08:53:48.348+0000: [ParNew: 16388K->4K(18432K), 0.0025102 secs] 451113K->434729K(713288K), 0.0025633 secs] [Times: user=0.00 sys=0.00, real=0.00 secs] 
2020-10-29T08:53:48.367+0000: [GC (Allocation Failure) 2020-10-29T08:53:48.367+0000: [ParNew: 16388K->4K(18432K), 0.0025063 secs] 451113K->434729K(713288K), 0.0025662 secs] [Times: user=0.01 sys=0.00, real=0.00 secs] 
2020-10-29T08:53:48.387+0000: [GC (Allocation Failure) 2020-10-29T08:53:48.387+0000: [ParNew: 16388K->4K(18432K), 0.0025470 secs] 451113K->434729K(713288K), 0.0025995 secs] [Times: user=0.01 sys=0.00, real=0.00 secs] 
2020-10-29T08:53:48.408+0000: [GC (Allocation Failure) 2020-10-29T08:53:48.408+0000: [ParNew: 16388K->4K(18432K), 0.0024892 secs] 451113K->434729K(713288K), 0.0025398 secs] [Times: user=0.01 sys=0.00, real=0.00 secs] 
2020-10-29T08:53:48.428+0000: [GC (Allocation Failure) 2020-10-29T08:53:48.428+0000: [ParNew: 16388K->4K(18432K), 0.0025049 secs] 451113K->434729K(713288K), 0.0025522 secs] [Times: user=0.00 sys=0.00, real=0.00 secs] 
2020-10-29T08:53:48.448+0000: [GC (Allocation Failure) 2020-10-29T08:53:48.448+0000: [ParNew: 16388K->4K(18432K), 0.0023673 secs] 451113K->434729K(713288K), 0.0024154 secs] [Times: user=0.01 sys=0.00, real=0.00 secs] 
2020-10-29T08:53:48.467+0000: [GC (Allocation Failure) 2020-10-29T08:53:48.467+0000: [ParNew: 16388K->4K(18432K), 0.0024790 secs] 451113K->434729K(713288K), 0.0025298 secs] [Times: user=0.01 sys=0.00, real=0.00 secs] 
2020-10-29T08:53:48.488+0000: [GC (Allocation Failure) 2020-10-29T08:53:48.489+0000: [ParNew: 16388K->4K(18432K), 0.0025565 secs] 451113K->434729K(713288K), 0.0026112 secs] [Times: user=0.01 sys=0.00, real=0.00 secs] 
2020-10-29T08:53:48.512+0000: [GC (Allocation Failure) 2020-10-29T08:53:48.512+0000: [ParNew: 16388K->4K(18432K), 0.0025850 secs] 451113K->434729K(713288K), 0.0026372 secs] [Times: user=0.00 sys=0.00, real=0.01 secs] 
2020-10-29T08:53:48.531+0000: [GC (Allocation Failure) 2020-10-29T08:53:48.531+0000: [ParNew: 16388K->4K(18432K), 0.0024942 secs] 451113K->434729K(713288K), 0.0025454 secs] [Times: user=0.01 sys=0.00, real=0.01 secs] 
2020-10-29T08:53:48.550+0000: [GC (Allocation Failure) 2020-10-29T08:53:48.550+0000: [ParNew: 16388K->4K(18432K), 0.0032688 secs] 451113K->434729K(713288K), 0.0033182 secs] [Times: user=0.00 sys=0.00, real=0.01 secs] 
2020-10-29T08:53:48.570+0000: [GC (Allocation Failure) 2020-10-29T08:53:48.570+0000: [ParNew: 16388K->4K(18432K), 0.0024917 secs] 451113K->434729K(713288K), 0.0025657 secs] [Times: user=0.01 sys=0.00, real=0.01 secs] 
2020-10-29T08:53:48.598+0000: [GC (Allocation Failure) 2020-10-29T08:53:48.598+0000: [ParNew: 16388K->8K(18432K), 0.0025640 secs] 451113K->434733K(713288K), 0.0026324 secs] [Times: user=0.00 sys=0.00, real=0.00 secs] 
2020-10-29T08:53:48.617+0000: [GC (Allocation Failure) 2020-10-29T08:53:48.617+0000: [ParNew: 16392K->8K(18432K), 0.0025951 secs] 451117K->434734K(713288K), 0.0026496 secs] [Times: user=0.01 sys=0.00, real=0.00 secs] 
2020-10-29T08:53:48.640+0000: [GC (Allocation Failure) 2020-10-29T08:53:48.640+0000: [ParNew: 16392K->9K(18432K), 0.0024121 secs] 451118K->434735K(713288K), 0.0024621 secs] [Times: user=0.01 sys=0.00, real=0.00 secs] 
2020-10-29T08:53:48.660+0000: [GC (Allocation Failure) 2020-10-29T08:53:48.660+0000: [ParNew: 16393K->8K(18432K), 0.0024751 secs] 451119K->434733K(713288K), 0.0025252 secs] [Times: user=0.00 sys=0.00, real=0.00 secs] 
2020-10-29T08:53:48.680+0000: [GC (Allocation Failure) 2020-10-29T08:53:48.681+0000: [ParNew: 16392K->9K(18432K), 0.0023640 secs] 451117K->434734K(713288K), 0.0024127 secs] [Times: user=0.00 sys=0.00, real=0.00 secs] 
2020-10-29T08:53:48.700+0000: [GC (Allocation Failure) 2020-10-29T08:53:48.700+0000: [ParNew: 16393K->8K(18432K), 0.0023568 secs] 451118K->434733K(713288K), 0.0024065 secs] [Times: user=0.00 sys=0.00, real=0.00 secs] 
2020-10-29T08:53:48.719+0000: [GC (Allocation Failure) 2020-10-29T08:53:48.719+0000: [ParNew: 16392K->4K(18432K), 0.0025234 secs] 451117K->434733K(713288K), 0.0025752 secs] [Times: user=0.00 sys=0.00, real=0.00 secs] 
2020-10-29T08:53:48.739+0000: [GC (Allocation Failure) 2020-10-29T08:53:48.739+0000: [ParNew: 16388K->4K(18432K), 0.0023711 secs] 451117K->434733K(713288K), 0.0024276 secs] [Times: user=0.01 sys=0.00, real=0.00 secs] 
2020-10-29T08:53:48.759+0000: [GC (Allocation Failure) 2020-10-29T08:53:48.759+0000: [ParNew: 16388K->4K(18432K), 0.0032313 secs] 451117K->434733K(713288K), 0.0033012 secs] [Times: user=0.01 sys=0.00, real=0.00 secs] 
2020-10-29T08:53:48.779+0000: [GC (Allocation Failure) 2020-10-29T08:53:48.779+0000: [ParNew: 16388K->4K(18432K), 0.0023304 secs] 451117K->434733K(713288K), 0.0023779 secs] [Times: user=0.00 sys=0.00, real=0.00 secs] 
2020-10-29T08:53:48.798+0000: [GC (Allocation Failure) 2020-10-29T08:53:48.798+0000: [ParNew: 16388K->4K(18432K), 0.0023220 secs] 451117K->434733K(713288K), 0.0023686 secs] [Times: user=0.01 sys=0.00, real=0.00 secs] 
2020-10-29T08:53:48.817+0000: [GC (Allocation Failure) 2020-10-29T08:53:48.817+0000: [ParNew: 16388K->4K(18432K), 0.0026946 secs] 451117K->434733K(713288K), 0.0027543 secs] [Times: user=0.00 sys=0.00, real=0.00 secs] 
2020-10-29T08:53:48.837+0000: [GC (Allocation Failure) 2020-10-29T08:53:48.837+0000: [ParNew: 16388K->4K(18432K), 0.0023738 secs] 451117K->434733K(713288K), 0.0024227 secs] [Times: user=0.00 sys=0.00, real=0.00 secs] 
2020-10-29T08:53:48.855+0000: [GC (Allocation Failure) 2020-10-29T08:53:48.855+0000: [ParNew: 16388K->4K(18432K), 0.0023930 secs] 451117K->434733K(713288K), 0.0024408 secs] [Times: user=0.01 sys=0.00, real=0.00 secs] 
2020-10-29T08:53:48.875+0000: [GC (Allocation Failure) 2020-10-29T08:53:48.875+0000: [ParNew: 16388K->4K(18432K), 0.0023606 secs] 451117K->434733K(713288K), 0.0024099 secs] [Times: user=0.00 sys=0.00, real=0.00 secs] 
2020-10-29T08:53:48.894+0000: [GC (Allocation Failure) 2020-10-29T08:53:48.894+0000: [ParNew: 16388K->4K(18432K), 0.0023379 secs] 451117K->434733K(713288K), 0.0023879 secs] [Times: user=0.01 sys=0.00, real=0.00 secs] 
2020-10-29T08:53:48.913+0000: [GC (Allocation Failure) 2020-10-29T08:53:48.913+0000: [ParNew: 16388K->4K(18432K), 0.0022846 secs] 451117K->434733K(713288K), 0.0023390 secs] [Times: user=0.00 sys=0.00, real=0.00 secs] 
2020-10-29T08:53:48.932+0000: [GC (Allocation Failure) 2020-10-29T08:53:48.932+0000: [ParNew: 16388K->4K(18432K), 0.0022958 secs] 451117K->434733K(713288K), 0.0023436 secs] [Times: user=0.01 sys=0.00, real=0.00 secs] 
2020-10-29T08:53:48.953+0000: [GC (Allocation Failure) 2020-10-29T08:53:48.953+0000: [ParNew: 16388K->4K(18432K), 0.0024787 secs] 451117K->434733K(713288K), 0.0025348 secs] [Times: user=0.01 sys=0.00, real=0.00 secs] 
2020-10-29T08:53:48.972+0000: [GC (Allocation Failure) 2020-10-29T08:53:48.972+0000: [ParNew: 16388K->4K(18432K), 0.0023130 secs] 451117K->434733K(713288K), 0.0023593 secs] [Times: user=0.00 sys=0.00, real=0.01 secs] 
2020-10-29T08:53:48.991+0000: [GC (Allocation Failure) 2020-10-29T08:53:48.991+0000: [ParNew: 16388K->4K(18432K), 0.0022979 secs] 451117K->434733K(713288K), 0.0023452 secs] [Times: user=0.00 sys=0.00, real=0.01 secs] 
2020-10-29T08:53:49.010+0000: [GC (Allocation Failure) 2020-10-29T08:53:49.010+0000: [ParNew: 16388K->4K(18432K), 0.0025483 secs] 451117K->434733K(713288K), 0.0026005 secs] [Times: user=0.01 sys=0.00, real=0.01 secs] 
2020-10-29T08:53:49.032+0000: [GC (Allocation Failure) 2020-10-29T08:53:49.033+0000: [ParNew: 16388K->4K(18432K), 0.0023702 secs] 451117K->434733K(713288K), 0.0024187 secs] [Times: user=0.01 sys=0.00, real=0.00 secs] 
2020-10-29T08:53:49.052+0000: [GC (Allocation Failure) 2020-10-29T08:53:49.052+0000: [ParNew: 16388K->4K(18432K), 0.0026877 secs] 451117K->434733K(713288K), 0.0027439 secs] [Times: user=0.01 sys=0.00, real=0.01 secs] 
2020-10-29T08:53:49.072+0000: [GC (Allocation Failure) 2020-10-29T08:53:49.072+0000: [ParNew: 16388K->4K(18432K), 0.0026251 secs] 451117K->434733K(713288K), 0.0026787 secs] [Times: user=0.00 sys=0.00, real=0.00 secs] 
2020-10-29T08:53:49.092+0000: [GC (Allocation Failure) 2020-10-29T08:53:49.092+0000: [ParNew: 16388K->4K(18432K), 0.0024016 secs] 451117K->434733K(713288K), 0.0024513 secs] [Times: user=0.01 sys=0.00, real=0.00 secs] 
2020-10-29T08:53:49.112+0000: [GC (Allocation Failure) 2020-10-29T08:53:49.112+0000: [ParNew: 16388K->4K(18432K), 0.0023692 secs] 451117K->434733K(713288K), 0.0024179 secs] [Times: user=0.01 sys=0.00, real=0.00 secs] 
2020-10-29T08:53:49.133+0000: [GC (Allocation Failure) 2020-10-29T08:53:49.133+0000: [ParNew: 16388K->4K(18432K), 0.0024270 secs] 451117K->434733K(713288K), 0.0024783 secs] [Times: user=0.00 sys=0.00, real=0.00 secs] 
2020-10-29T08:53:49.152+0000: [GC (Allocation Failure) 2020-10-29T08:53:49.152+0000: [ParNew: 16388K->4K(18432K), 0.0026425 secs] 451117K->434733K(713288K), 0.0026975 secs] [Times: user=0.01 sys=0.00, real=0.01 secs] 
2020-10-29T08:53:49.171+0000: [GC (Allocation Failure) 2020-10-29T08:53:49.171+0000: [ParNew: 16388K->4K(18432K), 0.0024739 secs] 451117K->434733K(713288K), 0.0025264 secs] [Times: user=0.01 sys=0.00, real=0.01 secs] 
2020-10-29T08:53:49.190+0000: [GC (Allocation Failure) 2020-10-29T08:53:49.190+0000: [ParNew: 16388K->4K(18432K), 0.0026218 secs] 451117K->434733K(713288K), 0.0026775 secs] [Times: user=0.01 sys=0.00, real=0.01 secs] 
2020-10-29T08:53:49.209+0000: [GC (Allocation Failure) 2020-10-29T08:53:49.209+0000: [ParNew: 16388K->4K(18432K), 0.0023142 secs] 451117K->434733K(713288K), 0.0023625 secs] [Times: user=0.00 sys=0.00, real=0.00 secs] 
2020-10-29T08:53:49.229+0000: [GC (Allocation Failure) 2020-10-29T08:53:49.229+0000: [ParNew: 16388K->4K(18432K), 0.0023879 secs] 451117K->434733K(713288K), 0.0024376 secs] [Times: user=0.00 sys=0.00, real=0.00 secs] 
2020-10-29T08:53:49.248+0000: [GC (Allocation Failure) 2020-10-29T08:53:49.248+0000: [ParNew: 16388K->4K(18432K), 0.0024550 secs] 451117K->434733K(713288K), 0.0025081 secs] [Times: user=0.01 sys=0.00, real=0.00 secs] 
2020-10-29T08:53:49.267+0000: [GC (Allocation Failure) 2020-10-29T08:53:49.267+0000: [ParNew: 16388K->4K(18432K), 0.0024646 secs] 451117K->434733K(713288K), 0.0025173 secs] [Times: user=0.00 sys=0.00, real=0.00 secs] 
2020-10-29T08:53:49.288+0000: [GC (Allocation Failure) 2020-10-29T08:53:49.289+0000: [ParNew: 16388K->4K(18432K), 0.0025038 secs] 451117K->434733K(713288K), 0.0025557 secs] [Times: user=0.00 sys=0.00, real=0.00 secs] 
2020-10-29T08:53:49.308+0000: [GC (Allocation Failure) 2020-10-29T08:53:49.308+0000: [ParNew: 16388K->4K(18432K), 0.0027001 secs] 451117K->434733K(713288K), 0.0027567 secs] [Times: user=0.01 sys=0.00, real=0.00 secs] 
2020-10-29T08:53:49.328+0000: [GC (Allocation Failure) 2020-10-29T08:53:49.328+0000: [ParNew: 16388K->4K(18432K), 0.0025301 secs] 451117K->434733K(713288K), 0.0025892 secs] [Times: user=0.01 sys=0.00, real=0.00 secs] 
2020-10-29T08:53:49.347+0000: [GC (Allocation Failure) 2020-10-29T08:53:49.347+0000: [ParNew: 16388K->4K(18432K), 0.0024758 secs] 451117K->434733K(713288K), 0.0025275 secs] [Times: user=0.01 sys=0.00, real=0.00 secs] 
2020-10-29T08:53:49.369+0000: [GC (Allocation Failure) 2020-10-29T08:53:49.369+0000: [ParNew: 16388K->4K(18432K), 0.0025294 secs] 451117K->434733K(713288K), 0.0025825 secs] [Times: user=0.00 sys=0.00, real=0.00 secs] 
2020-10-29T08:53:49.388+0000: [GC (Allocation Failure) 2020-10-29T08:53:49.388+0000: [ParNew: 16388K->4K(18432K), 0.0024419 secs] 451117K->434733K(713288K), 0.0024917 secs] [Times: user=0.01 sys=0.00, real=0.00 secs] 
2020-10-29T08:53:49.407+0000: [GC (Allocation Failure) 2020-10-29T08:53:49.407+0000: [ParNew: 16388K->4K(18432K), 0.0022676 secs] 451117K->434733K(713288K), 0.0023157 secs] [Times: user=0.01 sys=0.00, real=0.00 secs] 
2020-10-29T08:53:49.425+0000: [GC (Allocation Failure) 2020-10-29T08:53:49.426+0000: [ParNew: 16388K->4K(18432K), 0.0024841 secs] 451117K->434733K(713288K), 0.0025368 secs] [Times: user=0.01 sys=0.00, real=0.00 secs] 
2020-10-29T08:53:49.445+0000: [GC (Allocation Failure) 2020-10-29T08:53:49.445+0000: [ParNew: 16388K->4K(18432K), 0.0023958 secs] 451117K->434733K(713288K), 0.0024462 secs] [Times: user=0.00 sys=0.00, real=0.00 secs] 
2020-10-29T08:53:49.465+0000: [GC (Allocation Failure) 2020-10-29T08:53:49.465+0000: [ParNew: 16388K->4K(18432K), 0.0025628 secs] 451117K->434733K(713288K), 0.0026173 secs] [Times: user=0.01 sys=0.00, real=0.00 secs] 
2020-10-29T08:53:49.488+0000: [GC (Allocation Failure) 2020-10-29T08:53:49.488+0000: [ParNew: 16388K->4K(18432K), 0.0024323 secs] 451117K->434733K(713288K), 0.0024833 secs] [Times: user=0.00 sys=0.00, real=0.00 secs] 
2020-10-29T08:53:49.511+0000: [GC (Allocation Failure) 2020-10-29T08:53:49.511+0000: [ParNew: 16388K->4K(18432K), 0.0023986 secs] 451117K->434733K(713288K), 0.0024492 secs] [Times: user=0.00 sys=0.00, real=0.01 secs] 
2020-10-29T08:53:49.530+0000: [GC (Allocation Failure) 2020-10-29T08:53:49.530+0000: [ParNew: 16388K->4K(18432K), 0.0023780 secs] 451117K->434733K(713288K), 0.0024275 secs] [Times: user=0.01 sys=0.00, real=0.01 secs] 
2020-10-29T08:53:49.552+0000: [GC (Allocation Failure) 2020-10-29T08:53:49.552+0000: [ParNew: 16388K->4K(18432K), 0.0023911 secs] 451117K->434733K(713288K), 0.0024469 secs] [Times: user=0.01 sys=0.00, real=0.01 secs] 
2020-10-29T08:53:49.571+0000: [GC (Allocation Failure) 2020-10-29T08:53:49.571+0000: [ParNew: 16388K->4K(18432K), 0.0023869 secs] 451117K->434733K(713288K), 0.0024355 secs] [Times: user=0.01 sys=0.00, real=0.01 secs] 
2020-10-29T08:53:49.592+0000: [GC (Allocation Failure) 2020-10-29T08:53:49.593+0000: [ParNew: 16388K->4K(18432K), 0.0023963 secs] 451117K->434733K(713288K), 0.0024472 secs] [Times: user=0.00 sys=0.00, real=0.00 secs] 
2020-10-29T08:53:49.616+0000: [GC (Allocation Failure) 2020-10-29T08:53:49.616+0000: [ParNew: 16388K->4K(18432K), 0.0024369 secs] 451117K->434733K(713288K), 0.0024842 secs] [Times: user=0.01 sys=0.00, real=0.00 secs] 
2020-10-29T08:53:49.636+0000: [GC (Allocation Failure) 2020-10-29T08:53:49.637+0000: [ParNew: 16388K->4K(18432K), 0.0024642 secs] 451117K->434733K(713288K), 0.0025145 secs] [Times: user=0.00 sys=0.00, real=0.00 secs] 
2020-10-29T08:53:49.656+0000: [GC (Allocation Failure) 2020-10-29T08:53:49.656+0000: [ParNew: 16388K->4K(18432K), 0.0024685 secs] 451117K->434733K(713288K), 0.0025207 secs] [Times: user=0.00 sys=0.00, real=0.00 secs] 
2020-10-29T08:53:49.676+0000: [GC (Allocation Failure) 2020-10-29T08:53:49.676+0000: [ParNew: 16388K->4K(18432K), 0.0024835 secs] 451117K->434733K(713288K), 0.0025358 secs] [Times: user=0.01 sys=0.00, real=0.00 secs] 
2020-10-29T08:53:49.695+0000: [GC (Allocation Failure) 2020-10-29T08:53:49.696+0000: [ParNew: 16388K->4K(18432K), 0.0024061 secs] 451117K->434733K(713288K), 0.0024569 secs] [Times: user=0.01 sys=0.00, real=0.00 secs] 
2020-10-29T08:53:49.714+0000: [GC (Allocation Failure) 2020-10-29T08:53:49.714+0000: [ParNew: 16388K->4K(18432K), 0.0025559 secs] 451117K->434733K(713288K), 0.0026084 secs] [Times: user=0.00 sys=0.00, real=0.00 secs] 
2020-10-29T08:53:49.736+0000: [GC (Allocation Failure) 2020-10-29T08:53:49.737+0000: [ParNew: 16388K->4K(18432K), 0.0026083 secs] 451117K->434733K(713288K), 0.0026619 secs] [Times: user=0.01 sys=0.00, real=0.00 secs] 
2020-10-29T08:53:49.756+0000: [GC (Allocation Failure) 2020-10-29T08:53:49.756+0000: [ParNew: 16388K->4K(18432K), 0.0025154 secs] 451117K->434733K(713288K), 0.0025659 secs] [Times: user=0.01 sys=0.00, real=0.00 secs] 
2020-10-29T08:53:49.776+0000: [GC (Allocation Failure) 2020-10-29T08:53:49.776+0000: [ParNew: 16388K->4K(18432K), 0.0026204 secs] 451117K->434733K(713288K), 0.0026987 secs] [Times: user=0.01 sys=0.00, real=0.00 secs] 
2020-10-29T08:53:49.796+0000: [GC (Allocation Failure) 2020-10-29T08:53:49.796+0000: [ParNew: 16388K->4K(18432K), 0.0025709 secs] 451117K->434733K(713288K), 0.0026451 secs] [Times: user=0.00 sys=0.00, real=0.00 secs] 
2020-10-29T08:53:49.816+0000: [GC (Allocation Failure) 2020-10-29T08:53:49.816+0000: [ParNew: 16388K->4K(18432K), 0.0027964 secs] 451117K->434733K(713288K), 0.0028535 secs] [Times: user=0.00 sys=0.00, real=0.00 secs] 
2020-10-29T08:53:49.836+0000: [GC (Allocation Failure) 2020-10-29T08:53:49.836+0000: [ParNew: 16388K->4K(18432K), 0.0026116 secs] 451117K->434733K(713288K), 0.0026808 secs] [Times: user=0.01 sys=0.00, real=0.00 secs] 
2020-10-29T08:53:49.856+0000: [GC (Allocation Failure) 2020-10-29T08:53:49.856+0000: [ParNew: 16388K->4K(18432K), 0.0024670 secs] 451117K->434733K(713288K), 0.0025179 secs] [Times: user=0.01 sys=0.00, real=0.00 secs] 
2020-10-29T08:53:49.875+0000: [GC (Allocation Failure) 2020-10-29T08:53:49.875+0000: [ParNew: 16388K->4K(18432K), 0.0024866 secs] 451117K->434733K(713288K), 0.0025373 secs] [Times: user=0.00 sys=0.00, real=0.00 secs] 
2020-10-29T08:53:49.895+0000: [GC (Allocation Failure) 2020-10-29T08:53:49.895+0000: [ParNew: 16388K->4K(18432K), 0.0025893 secs] 451117K->434733K(713288K), 0.0026433 secs] [Times: user=0.00 sys=0.00, real=0.00 secs] 
2020-10-29T08:53:49.914+0000: [GC (Allocation Failure) 2020-10-29T08:53:49.914+0000: [ParNew: 16388K->4K(18432K), 0.0023645 secs] 451117K->434733K(713288K), 0.0024133 secs] [Times: user=0.00 sys=0.00, real=0.00 secs] 
2020-10-29T08:53:49.933+0000: [GC (Allocation Failure) 2020-10-29T08:53:49.933+0000: [ParNew: 16388K->4K(18432K), 0.0023403 secs] 451117K->434733K(713288K), 0.0023894 secs] [Times: user=0.00 sys=0.00, real=0.00 secs] 
2020-10-29T08:53:49.952+0000: [GC (Allocation Failure) 2020-10-29T08:53:49.952+0000: [ParNew: 16388K->4K(18432K), 0.0023515 secs] 451117K->434733K(713288K), 0.0023987 secs] [Times: user=0.01 sys=0.00, real=0.01 secs] 
2020-10-29T08:53:49.972+0000: [GC (Allocation Failure) 2020-10-29T08:53:49.973+0000: [ParNew: 16388K->4K(18432K), 0.0025970 secs] 451117K->434733K(713288K), 0.0026516 secs] [Times: user=0.01 sys=0.00, real=0.00 secs] 
2020-10-29T08:53:49.992+0000: [GC (Allocation Failure) 2020-10-29T08:53:49.992+0000: [ParNew: 16388K->4K(18432K), 0.0024931 secs] 451117K->434733K(713288K), 0.0025449 secs] [Times: user=0.00 sys=0.00, real=0.01 secs] 
2020-10-29T08:53:50.015+0000: [GC (Allocation Failure) 2020-10-29T08:53:50.015+0000: [ParNew: 16388K->4K(18432K), 0.0027038 secs] 451117K->434733K(713288K), 0.0027605 secs] [Times: user=0.00 sys=0.00, real=0.00 secs] 
2020-10-29T08:53:50.036+0000: [GC (Allocation Failure) 2020-10-29T08:53:50.037+0000: [ParNew: 16388K->4K(18432K), 0.0026764 secs] 451117K->434733K(713288K), 0.0027321 secs] [Times: user=0.01 sys=0.00, real=0.00 secs] 
2020-10-29T08:53:50.056+0000: [GC (Allocation Failure) 2020-10-29T08:53:50.056+0000: [ParNew: 16388K->4K(18432K), 0.0025257 secs] 451117K->434733K(713288K), 0.0025770 secs] [Times: user=0.00 sys=0.00, real=0.00 secs] 
2020-10-29T08:53:50.077+0000: [GC (Allocation Failure) 2020-10-29T08:53:50.077+0000: [ParNew: 16388K->4K(18432K), 0.0027422 secs] 451117K->434733K(713288K), 0.0028137 secs] [Times: user=0.01 sys=0.00, real=0.00 secs] 
2020-10-29T08:53:50.096+0000: [GC (Allocation Failure) 2020-10-29T08:53:50.096+0000: [ParNew: 16388K->4K(18432K), 0.0026019 secs] 451117K->434733K(713288K), 0.0026733 secs] [Times: user=0.00 sys=0.00, real=0.00 secs] 
2020-10-29T08:53:50.116+0000: [GC (Allocation Failure) 2020-10-29T08:53:50.116+0000: [ParNew: 16388K->4K(18432K), 0.0024614 secs] 451117K->434733K(713288K), 0.0025109 secs] [Times: user=0.00 sys=0.00, real=0.00 secs] 
2020-10-29T08:53:50.135+0000: [GC (Allocation Failure) 2020-10-29T08:53:50.135+0000: [ParNew: 16388K->4K(18432K), 0.0025309 secs] 451117K->434733K(713288K), 0.0025822 secs] [Times: user=0.01 sys=0.00, real=0.00 secs] 
2020-10-29T08:53:50.155+0000: [GC (Allocation Failure) 2020-10-29T08:53:50.155+0000: [ParNew: 16388K->4K(18432K), 0.0024298 secs] 451117K->434733K(713288K), 0.0024874 secs] [Times: user=0.00 sys=0.00, real=0.00 secs] 
2020-10-29T08:53:50.174+0000: [GC (Allocation Failure) 2020-10-29T08:53:50.174+0000: [ParNew: 16388K->4K(18432K), 0.0025747 secs] 451117K->434733K(713288K), 0.0026286 secs] [Times: user=0.00 sys=0.00, real=0.00 secs] 
2020-10-29T08:53:50.193+0000: [GC (Allocation Failure) 2020-10-29T08:53:50.193+0000: [ParNew: 16388K->4K(18432K), 0.0024671 secs] 451117K->434733K(713288K), 0.0025192 secs] [Times: user=0.00 sys=0.00, real=0.00 secs] 
2020-10-29T08:53:50.212+0000: [GC (Allocation Failure) 2020-10-29T08:53:50.213+0000: [ParNew: 16388K->4K(18432K), 0.0024221 secs] 451117K->434733K(713288K), 0.0024713 secs] [Times: user=0.01 sys=0.00, real=0.00 secs] 
2020-10-29T08:53:50.232+0000: [GC (Allocation Failure) 2020-10-29T08:53:50.232+0000: [ParNew: 16388K->4K(18432K), 0.0026775 secs] 451117K->434733K(713288K), 0.0027340 secs] [Times: user=0.00 sys=0.00, real=0.01 secs] 
2020-10-29T08:53:50.252+0000: [GC (Allocation Failure) 2020-10-29T08:53:50.252+0000: [ParNew: 16388K->4K(18432K), 0.0023665 secs] 451117K->434733K(713288K), 0.0024150 secs] [Times: user=0.01 sys=0.00, real=0.00 secs] 
2020-10-29T08:53:50.272+0000: [GC (Allocation Failure) 2020-10-29T08:53:50.272+0000: [ParNew: 16388K->4K(18432K), 0.0024066 secs] 451117K->434733K(713288K), 0.0024590 secs] [Times: user=0.00 sys=0.00, real=0.00 secs] 
2020-10-29T08:53:50.291+0000: [GC (Allocation Failure) 2020-10-29T08:53:50.291+0000: [ParNew: 16388K->4K(18432K), 0.0022353 secs] 451117K->434733K(713288K), 0.0022816 secs] [Times: user=0.01 sys=0.00, real=0.01 secs] 
2020-10-29T08:53:50.311+0000: [GC (Allocation Failure) 2020-10-29T08:53:50.311+0000: [ParNew: 16388K->4K(18432K), 0.0025170 secs] 451117K->434733K(713288K), 0.0025699 secs] [Times: user=0.01 sys=0.00, real=0.01 secs] 
2020-10-29T08:53:50.332+0000: [GC (Allocation Failure) 2020-10-29T08:53:50.332+0000: [ParNew: 16388K->4K(18432K), 0.0024287 secs] 451117K->434733K(713288K), 0.0024789 secs] [Times: user=0.00 sys=0.00, real=0.00 secs] 
2020-10-29T08:53:50.352+0000: [GC (Allocation Failure) 2020-10-29T08:53:50.352+0000: [ParNew: 16388K->4K(18432K), 0.0024566 secs] 451117K->434733K(713288K), 0.0025086 secs] [Times: user=0.01 sys=0.00, real=0.01 secs] 
2020-10-29T08:53:50.371+0000: [GC (Allocation Failure) 2020-10-29T08:53:50.371+0000: [ParNew: 16388K->4K(18432K), 0.0025570 secs] 451117K->434733K(713288K), 0.0026105 secs] [Times: user=0.00 sys=0.00, real=0.01 secs] 
2020-10-29T08:53:50.390+0000: [GC (Allocation Failure) 2020-10-29T08:53:50.390+0000: [ParNew: 16388K->4K(18432K), 0.0024208 secs] 451117K->434733K(713288K), 0.0024709 secs] [Times: user=0.01 sys=0.00, real=0.01 secs] 
2020-10-29T08:53:50.409+0000: [GC (Allocation Failure) 2020-10-29T08:53:50.409+0000: [ParNew: 16388K->4K(18432K), 0.0025250 secs] 451117K->434733K(713288K), 0.0025750 secs] [Times: user=0.00 sys=0.00, real=0.00 secs] 
2020-10-29T08:53:50.432+0000: [GC (Allocation Failure) 2020-10-29T08:53:50.432+0000: [ParNew: 16388K->4K(18432K), 0.0027349 secs] 451117K->434734K(713288K), 0.0027851 secs] [Times: user=0.00 sys=0.00, real=0.00 secs] 
2020-10-29T08:53:50.452+0000: [GC (Allocation Failure) 2020-10-29T08:53:50.452+0000: [ParNew: 16388K->4K(18432K), 0.0026325 secs] 451118K->434734K(713288K), 0.0026860 secs] [Times: user=0.00 sys=0.00, real=0.01 secs] 
2020-10-29T08:53:50.472+0000: [GC (Allocation Failure) 2020-10-29T08:53:50.472+0000: [ParNew: 16388K->4K(18432K), 0.0027187 secs] 451118K->434734K(713288K), 0.0027751 secs] [Times: user=0.00 sys=0.00, real=0.01 secs] 
2020-10-29T08:53:50.496+0000: [GC (Allocation Failure) 2020-10-29T08:53:50.496+0000: [ParNew: 16388K->4K(18432K), 0.0026850 secs] 451118K->434734K(713288K), 0.0027409 secs] [Times: user=0.00 sys=0.00, real=0.00 secs] 
2020-10-29T08:53:50.516+0000: [GC (Allocation Failure) 2020-10-29T08:53:50.516+0000: [ParNew: 16388K->4K(18432K), 0.0023463 secs] 451118K->434734K(713288K), 0.0023944 secs] [Times: user=0.00 sys=0.00, real=0.00 secs] 
2020-10-29T08:53:50.536+0000: [GC (Allocation Failure) 2020-10-29T08:53:50.536+0000: [ParNew: 16388K->4K(18432K), 0.0022821 secs] 451118K->434734K(713288K), 0.0023304 secs] [Times: user=0.01 sys=0.00, real=0.00 secs] 
2020-10-29T08:53:50.556+0000: [GC (Allocation Failure) 2020-10-29T08:53:50.556+0000: [ParNew: 16388K->4K(18432K), 0.0023208 secs] 451118K->434734K(713288K), 0.0023676 secs] [Times: user=0.00 sys=0.00, real=0.00 secs] 
2020-10-29T08:53:50.575+0000: [GC (Allocation Failure) 2020-10-29T08:53:50.575+0000: [ParNew: 16388K->4K(18432K), 0.0023664 secs] 451118K->434734K(713288K), 0.0024138 secs] [Times: user=0.00 sys=0.00, real=0.00 secs] 
2020-10-29T08:53:50.594+0000: [GC (Allocation Failure) 2020-10-29T08:53:50.594+0000: [ParNew: 16388K->4K(18432K), 0.0024164 secs] 451118K->434734K(713288K), 0.0024669 secs] [Times: user=0.00 sys=0.00, real=0.00 secs] 
2020-10-29T08:53:50.616+0000: [GC (Allocation Failure) 2020-10-29T08:53:50.616+0000: [ParNew: 16388K->4K(18432K), 0.0025909 secs] 451118K->434734K(713288K), 0.0026465 secs] [Times: user=0.01 sys=0.00, real=0.00 secs] 
2020-10-29T08:53:50.636+0000: [GC (Allocation Failure) 2020-10-29T08:53:50.637+0000: [ParNew: 16388K->4K(18432K), 0.0025667 secs] 451118K->434734K(713288K), 0.0026192 secs] [Times: user=0.01 sys=0.00, real=0.00 secs] 
2020-10-29T08:53:50.660+0000: [GC (Allocation Failure) 2020-10-29T08:53:50.660+0000: [ParNew: 16388K->4K(18432K), 0.0024689 secs] 451118K->434734K(713288K), 0.0025196 secs] [Times: user=0.00 sys=0.00, real=0.00 secs] 
2020-10-29T08:53:50.679+0000: [GC (Allocation Failure) 2020-10-29T08:53:50.679+0000: [ParNew: 16388K->4K(18432K), 0.0024658 secs] 451118K->434734K(713288K), 0.0025157 secs] [Times: user=0.01 sys=0.00, real=0.00 secs] 
2020-10-29T08:53:50.698+0000: [GC (Allocation Failure) 2020-10-29T08:53:50.698+0000: [ParNew: 16388K->4K(18432K), 0.0025652 secs] 451118K->434734K(713288K), 0.0026187 secs] [Times: user=0.00 sys=0.00, real=0.00 secs] 
2020-10-29T08:53:50.721+0000: [GC (Allocation Failure) 2020-10-29T08:53:50.721+0000: [ParNew: 16388K->4K(18432K), 0.0041181 secs] 451118K->434734K(713288K), 0.0041823 secs] [Times: user=0.01 sys=0.00, real=0.01 secs] 
2020-10-29T08:53:50.742+0000: [GC (Allocation Failure) 2020-10-29T08:53:50.742+0000: [ParNew: 16388K->4K(18432K), 0.0026559 secs] 451118K->434734K(713288K), 0.0027110 secs] [Times: user=0.01 sys=0.00, real=0.01 secs] 
2020-10-29T08:53:50.761+0000: [GC (Allocation Failure) 2020-10-29T08:53:50.761+0000: [ParNew: 16388K->4K(18432K), 0.0025259 secs] 451118K->434734K(713288K), 0.0025782 secs] [Times: user=0.01 sys=0.00, real=0.00 secs] 
2020-10-29T08:53:50.781+0000: [GC (Allocation Failure) 2020-10-29T08:53:50.781+0000: [ParNew: 16388K->4K(18432K), 0.0024282 secs] 451118K->434734K(713288K), 0.0024775 secs] [Times: user=0.00 sys=0.00, real=0.00 secs] 
2020-10-29T08:53:50.800+0000: [GC (Allocation Failure) 2020-10-29T08:53:50.800+0000: [ParNew: 16388K->4K(18432K), 0.0023185 secs] 451118K->434734K(713288K), 0.0023661 secs] [Times: user=0.00 sys=0.00, real=0.00 secs] 
2020-10-29T08:53:50.819+0000: [GC (Allocation Failure) 2020-10-29T08:53:50.819+0000: [ParNew: 16388K->4K(18432K), 0.0023279 secs] 451118K->434734K(713288K), 0.0023807 secs] [Times: user=0.00 sys=0.00, real=0.00 secs] 
2020-10-29T08:53:50.852+0000: [GC (Allocation Failure) 2020-10-29T08:53:50.853+0000: [ParNew: 16388K->4K(18432K), 0.0025384 secs] 451118K->434734K(713288K), 0.0026007 secs] [Times: user=0.00 sys=0.00, real=0.00 secs] 
2020-10-29T08:53:50.872+0000: [GC (Allocation Failure) 2020-10-29T08:53:50.872+0000: [ParNew: 16388K->4K(18432K), 0.0025138 secs] 451118K->434734K(713288K), 0.0025677 secs] [Times: user=0.00 sys=0.00, real=0.01 secs] 
2020-10-29T08:53:50.895+0000: [GC (Allocation Failure) 2020-10-29T08:53:50.895+0000: [ParNew: 16388K->4K(18432K), 0.0026516 secs] 451118K->434734K(713288K), 0.0027071 secs] [Times: user=0.01 sys=0.00, real=0.00 secs] 
2020-10-29T08:53:50.915+0000: [GC (Allocation Failure) 2020-10-29T08:53:50.915+0000: [ParNew: 16388K->4K(18432K), 0.0026610 secs] 451118K->434734K(713288K), 0.0027161 secs] [Times: user=0.01 sys=0.00, real=0.00 secs] 
2020-10-29T08:53:50.936+0000: [GC (Allocation Failure) 2020-10-29T08:53:50.937+0000: [ParNew: 16388K->4K(18432K), 0.0025170 secs] 451118K->434734K(713288K), 0.0025690 secs] [Times: user=0.01 sys=0.00, real=0.00 secs] 
2020-10-29T08:53:50.956+0000: [GC (Allocation Failure) 2020-10-29T08:53:50.956+0000: [ParNew: 16388K->4K(18432K), 0.0025478 secs] 451118K->434734K(713288K), 0.0025996 secs] [Times: user=0.01 sys=0.00, real=0.00 secs] 
2020-10-29T08:53:50.976+0000: [GC (Allocation Failure) 2020-10-29T08:53:50.977+0000: [ParNew: 16388K->4K(18432K), 0.0026089 secs] 451118K->434734K(713288K), 0.0026636 secs] [Times: user=0.01 sys=0.00, real=0.00 secs] 
2020-10-29T08:53:50.996+0000: [GC (Allocation Failure) 2020-10-29T08:53:50.996+0000: [ParNew: 16388K->4K(18432K), 0.0025397 secs] 451118K->434734K(713288K), 0.0025927 secs] [Times: user=0.01 sys=0.00, real=0.00 secs] 
2020-10-29T08:53:51.016+0000: [GC (Allocation Failure) 2020-10-29T08:53:51.017+0000: [ParNew: 16388K->4K(18432K), 0.0027154 secs] 451118K->434734K(713288K), 0.0027709 secs] [Times: user=0.00 sys=0.00, real=0.00 secs] 
2020-10-29T08:53:51.036+0000: [GC (Allocation Failure) 2020-10-29T08:53:51.036+0000: [ParNew: 16388K->4K(18432K), 0.0023126 secs] 451118K->434734K(713288K), 0.0023609 secs] [Times: user=0.01 sys=0.00, real=0.00 secs] 
2020-10-29T08:53:51.056+0000: [GC (Allocation Failure) 2020-10-29T08:53:51.056+0000: [ParNew: 16388K->4K(18432K), 0.0023602 secs] 451118K->434734K(713288K), 0.0024087 secs] [Times: user=0.01 sys=0.00, real=0.00 secs] 
2020-10-29T08:53:51.080+0000: [GC (Allocation Failure) 2020-10-29T08:53:51.080+0000: [ParNew: 16388K->4K(18432K), 0.0023599 secs] 451118K->434734K(713288K), 0.0024095 secs] [Times: user=0.01 sys=0.00, real=0.00 secs] 
2020-10-29T08:53:51.099+0000: [GC (Allocation Failure) 2020-10-29T08:53:51.099+0000: [ParNew: 16388K->4K(18432K), 0.0023444 secs] 451118K->434734K(713288K), 0.0023941 secs] [Times: user=0.00 sys=0.00, real=0.00 secs] 
2020-10-29T08:53:51.120+0000: [GC (Allocation Failure) 2020-10-29T08:53:51.120+0000: [ParNew: 16388K->4K(18432K), 0.0023433 secs] 451118K->434734K(713288K), 0.0023924 secs] [Times: user=0.00 sys=0.00, real=0.00 secs] 
2020-10-29T08:53:51.139+0000: [GC (Allocation Failure) 2020-10-29T08:53:51.139+0000: [ParNew: 16388K->4K(18432K), 0.0024021 secs] 451118K->434734K(713288K), 0.0024527 secs] [Times: user=0.01 sys=0.00, real=0.00 secs] 
2020-10-29T08:53:51.158+0000: [GC (Allocation Failure) 2020-10-29T08:53:51.158+0000: [ParNew: 16388K->4K(18432K), 0.0025322 secs] 451118K->434734K(713288K), 0.0025845 secs] [Times: user=0.00 sys=0.00, real=0.00 secs] 
2020-10-29T08:53:51.178+0000: [GC (Allocation Failure) 2020-10-29T08:53:51.178+0000: [ParNew: 16388K->4K(18432K), 0.0024289 secs] 451118K->434734K(713288K), 0.0024794 secs] [Times: user=0.01 sys=0.00, real=0.00 secs] 
2020-10-29T08:53:51.197+0000: [GC (Allocation Failure) 2020-10-29T08:53:51.197+0000: [ParNew: 16388K->4K(18432K), 0.0023487 secs] 451118K->434734K(713288K), 0.0023991 secs] [Times: user=0.01 sys=0.00, real=0.00 secs] 
2020-10-29T08:53:51.216+0000: [GC (Allocation Failure) 2020-10-29T08:53:51.216+0000: [ParNew: 16388K->4K(18432K), 0.0023756 secs] 451118K->434734K(713288K), 0.0024341 secs] [Times: user=0.01 sys=0.00, real=0.00 secs] 
2020-10-29T08:53:51.235+0000: [GC (Allocation Failure) 2020-10-29T08:53:51.235+0000: [ParNew: 16388K->4K(18432K), 0.0023507 secs] 451118K->434734K(713288K), 0.0023974 secs] [Times: user=0.00 sys=0.00, real=0.00 secs] 
2020-10-29T08:53:51.254+0000: [GC (Allocation Failure) 2020-10-29T08:53:51.254+0000: [ParNew: 16388K->4K(18432K), 0.0023780 secs] 451118K->434734K(713288K), 0.0024273 secs] [Times: user=0.01 sys=0.00, real=0.00 secs] 
2020-10-29T08:53:51.276+0000: [GC (Allocation Failure) 2020-10-29T08:53:51.276+0000: [ParNew: 16259K->4K(18432K), 0.0024274 secs] 450990K->434734K(713288K), 0.0024761 secs] [Times: user=0.01 sys=0.00, real=0.00 secs] 
2020-10-29T08:53:51.296+0000: [GC (Allocation Failure) 2020-10-29T08:53:51.296+0000: [ParNew: 16388K->4K(18432K), 0.0024235 secs] 451118K->434734K(713288K), 0.0024734 secs] [Times: user=0.00 sys=0.00, real=0.00 secs] 
2020-10-29T08:53:51.315+0000: [GC (Allocation Failure) 2020-10-29T08:53:51.315+0000: [ParNew: 16388K->4K(18432K), 0.0022952 secs] 451118K->434734K(713288K), 0.0023428 secs] [Times: user=0.01 sys=0.00, real=0.00 secs] 
2020-10-29T08:53:51.336+0000: [GC (Allocation Failure) 2020-10-29T08:53:51.337+0000: [ParNew: 16388K->4K(18432K), 0.0022982 secs] 451118K->434734K(713288K), 0.0023472 secs] [Times: user=0.01 sys=0.00, real=0.00 secs] 
2020-10-29T08:53:51.356+0000: [GC (Allocation Failure) 2020-10-29T08:53:51.357+0000: [ParNew: 16388K->4K(18432K), 0.0024432 secs] 451118K->434734K(713288K), 0.0025222 secs] [Times: user=0.00 sys=0.00, real=0.00 secs] 
2020-10-29T08:53:51.376+0000: [GC (Allocation Failure) 2020-10-29T08:53:51.376+0000: [ParNew: 16388K->4K(18432K), 0.0025597 secs] 451118K->434734K(713288K), 0.0026102 secs] [Times: user=0.01 sys=0.00, real=0.00 secs] 
2020-10-29T08:53:51.396+0000: [GC (Allocation Failure) 2020-10-29T08:53:51.396+0000: [ParNew: 16388K->4K(18432K), 0.0024574 secs] 451118K->434734K(713288K), 0.0025083 secs] [Times: user=0.01 sys=0.00, real=0.00 secs] 
2020-10-29T08:53:51.416+0000: [GC (Allocation Failure) 2020-10-29T08:53:51.416+0000: [ParNew: 16388K->4K(18432K), 0.0023422 secs] 451118K->434734K(713288K), 0.0023963 secs] [Times: user=0.01 sys=0.00, real=0.00 secs] 
2020-10-29T08:53:51.436+0000: [GC (Allocation Failure) 2020-10-29T08:53:51.436+0000: [ParNew: 16388K->4K(18432K), 0.0024272 secs] 451118K->434734K(713288K), 0.0024775 secs] [Times: user=0.00 sys=0.00, real=0.00 secs] 
2020-10-29T08:53:51.460+0000: [GC (Allocation Failure) 2020-10-29T08:53:51.460+0000: [ParNew: 16388K->4K(18432K), 0.0024200 secs] 451118K->434734K(713288K), 0.0024691 secs] [Times: user=0.01 sys=0.00, real=0.00 secs] 
2020-10-29T08:53:51.480+0000: [GC (Allocation Failure) 2020-10-29T08:53:51.481+0000: [ParNew: 16388K->4K(18432K), 0.0026102 secs] 451118K->434734K(713288K), 0.0026648 secs] [Times: user=0.01 sys=0.00, real=0.00 secs] 
2020-10-29T08:53:51.499+0000: [GC (Allocation Failure) 2020-10-29T08:53:51.499+0000: [ParNew: 16388K->4K(18432K), 0.0024139 secs] 451118K->434734K(713288K), 0.0024655 secs] [Times: user=0.00 sys=0.00, real=0.00 secs] 
2020-10-29T08:53:51.518+0000: [GC (Allocation Failure) 2020-10-29T08:53:51.519+0000: [ParNew: 16388K->4K(18432K), 0.0023717 secs] 451118K->434734K(713288K), 0.0024357 secs] [Times: user=0.00 sys=0.00, real=0.00 secs] 
2020-10-29T08:53:51.540+0000: [GC (Allocation Failure) 2020-10-29T08:53:51.540+0000: [ParNew: 16388K->4K(18432K), 0.0023570 secs] 451118K->434734K(713288K), 0.0024055 secs] [Times: user=0.01 sys=0.00, real=0.00 secs] 
2020-10-29T08:53:51.560+0000: [GC (Allocation Failure) 2020-10-29T08:53:51.560+0000: [ParNew: 16388K->4K(18432K), 0.0024187 secs] 451118K->434734K(713288K), 0.0024683 secs] [Times: user=0.00 sys=0.00, real=0.00 secs] 
2020-10-29T08:53:51.579+0000: [GC (Allocation Failure) 2020-10-29T08:53:51.579+0000: [ParNew: 16388K->4K(18432K), 0.0024380 secs] 451118K->434734K(713288K), 0.0024891 secs] [Times: user=0.01 sys=0.00, real=0.00 secs] 
2020-10-29T08:53:51.599+0000: [GC (Allocation Failure) 2020-10-29T08:53:51.599+0000: [ParNew: 16388K->4K(18432K), 0.0024292 secs] 451118K->434734K(713288K), 0.0024795 secs] [Times: user=0.00 sys=0.00, real=0.00 secs] 
2020-10-29T08:53:51.621+0000: [GC (Allocation Failure) 2020-10-29T08:53:51.621+0000: [ParNew: 16388K->4K(18432K), 0.0024716 secs] 451118K->434734K(713288K), 0.0025239 secs] [Times: user=0.00 sys=0.00, real=0.00 secs] 
2020-10-29T08:53:51.644+0000: [GC (Allocation Failure) 2020-10-29T08:53:51.644+0000: [ParNew: 16388K->4K(18432K), 0.0024174 secs] 451118K->434734K(713288K), 0.0024675 secs] [Times: user=0.01 sys=0.00, real=0.01 secs] 
2020-10-29T08:53:51.664+0000: [GC (Allocation Failure) 2020-10-29T08:53:51.664+0000: [ParNew: 16388K->4K(18432K), 0.0023059 secs] 451118K->434734K(713288K), 0.0023536 secs] [Times: user=0.01 sys=0.00, real=0.00 secs] 
2020-10-29T08:53:51.684+0000: [GC (Allocation Failure) 2020-10-29T08:53:51.685+0000: [ParNew: 16388K->4K(18432K), 0.0022918 secs] 451118K->434734K(713288K), 0.0023403 secs] [Times: user=0.00 sys=0.00, real=0.00 secs] 
2020-10-29T08:53:51.703+0000: [GC (Allocation Failure) 2020-10-29T08:53:51.703+0000: [ParNew: 16388K->4K(18432K), 0.0023942 secs] 451118K->434734K(713288K), 0.0024426 secs] [Times: user=0.00 sys=0.00, real=0.01 secs] 
2020-10-29T08:53:51.722+0000: [GC (Allocation Failure) 2020-10-29T08:53:51.722+0000: [ParNew: 16388K->4K(18432K), 0.0025114 secs] 451118K->434734K(713288K), 0.0025627 secs] [Times: user=0.00 sys=0.00, real=0.01 secs] 
2020-10-29T08:53:51.744+0000: [GC (Allocation Failure) 2020-10-29T08:53:51.745+0000: [ParNew: 16388K->4K(18432K), 0.0023910 secs] 451118K->434734K(713288K), 0.0024407 secs] [Times: user=0.01 sys=0.00, real=0.00 secs] 
2020-10-29T08:53:51.764+0000: [GC (Allocation Failure) 2020-10-29T08:53:51.765+0000: [ParNew: 16388K->4K(18432K), 0.0025893 secs] 451118K->434734K(713288K), 0.0026437 secs] [Times: user=0.01 sys=0.00, real=0.00 secs] 
2020-10-29T08:53:51.784+0000: [GC (Allocation Failure) 2020-10-29T08:53:51.784+0000: [ParNew: 16388K->4K(18432K), 0.0023601 secs] 451118K->434734K(713288K), 0.0024100 secs] [Times: user=0.01 sys=0.00, real=0.01 secs] 
2020-10-29T08:53:51.803+0000: [GC (Allocation Failure) 2020-10-29T08:53:51.803+0000: [ParNew: 16388K->4K(18432K), 0.0026907 secs] 451118K->434734K(713288K), 0.0027467 secs] [Times: user=0.01 sys=0.00, real=0.01 secs] 
2020-10-29T08:53:51.823+0000: [GC (Allocation Failure) 2020-10-29T08:53:51.823+0000: [ParNew: 16388K->4K(18432K), 0.0031702 secs] 451118K->434734K(713288K), 0.0032241 secs] [Times: user=0.01 sys=0.00, real=0.01 secs] 
2020-10-29T08:53:51.843+0000: [GC (Allocation Failure) 2020-10-29T08:53:51.843+0000: [ParNew: 16388K->4K(18432K), 0.0024401 secs] 451118K->434734K(713288K), 0.0024905 secs] [Times: user=0.00 sys=0.00, real=0.01 secs] 
2020-10-29T08:53:51.864+0000: [GC (Allocation Failure) 2020-10-29T08:53:51.864+0000: [ParNew: 16388K->4K(18432K), 0.0023049 secs] 451118K->434734K(713288K), 0.0023516 secs] [Times: user=0.00 sys=0.00, real=0.00 secs] 
2020-10-29T08:53:51.884+0000: [GC (Allocation Failure) 2020-10-29T08:53:51.884+0000: [ParNew: 16388K->4K(18432K), 0.0022727 secs] 451118K->434734K(713288K), 0.0023192 secs] [Times: user=0.01 sys=0.00, real=0.01 secs] 
2020-10-29T08:53:51.903+0000: [GC (Allocation Failure) 2020-10-29T08:53:51.903+0000: [ParNew: 16388K->4K(18432K), 0.0025269 secs] 451118K->434734K(713288K), 0.0025789 secs] [Times: user=0.00 sys=0.00, real=0.01 secs] 
2020-10-29T08:53:51.922+0000: [GC (Allocation Failure) 2020-10-29T08:53:51.922+0000: [ParNew: 16388K->4K(18432K), 0.0024229 secs] 451118K->434734K(713288K), 0.0024726 secs] [Times: user=0.00 sys=0.00, real=0.01 secs] 
2020-10-29T08:53:51.941+0000: [GC (Allocation Failure) 2020-10-29T08:53:51.941+0000: [ParNew: 16388K->4K(18432K), 0.0023750 secs] 451118K->434734K(713288K), 0.0024244 secs] [Times: user=0.01 sys=0.00, real=0.00 secs] 
2020-10-29T08:53:51.964+0000: [GC (Allocation Failure) 2020-10-29T08:53:51.965+0000: [ParNew: 16388K->4K(18432K), 0.0024216 secs] 451118K->434734K(713288K), 0.0024697 secs] [Times: user=0.00 sys=0.00, real=0.00 secs] 
2020-10-29T08:53:51.984+0000: [GC (Allocation Failure) 2020-10-29T08:53:51.984+0000: [ParNew: 16388K->4K(18432K), 0.0023621 secs] 451118K->434734K(713288K), 0.0024194 secs] [Times: user=0.01 sys=0.00, real=0.00 secs] 
2020-10-29T08:53:52.003+0000: [GC (Allocation Failure) 2020-10-29T08:53:52.003+0000: [ParNew: 16388K->4K(18432K), 0.0024775 secs] 451118K->434734K(713288K), 0.0025291 secs] [Times: user=0.01 sys=0.00, real=0.01 secs] 
2020-10-29T08:53:52.022+0000: [GC (Allocation Failure) 2020-10-29T08:53:52.022+0000: [ParNew: 16388K->4K(18432K), 0.0024109 secs] 451118K->434734K(713288K), 0.0024610 secs] [Times: user=0.01 sys=0.00, real=0.01 secs] 
2020-10-29T08:53:52.042+0000: [GC (Allocation Failure) 2020-10-29T08:53:52.042+0000: [ParNew: 16388K->4K(18432K), 0.0025171 secs] 451118K->434734K(713288K), 0.0025688 secs] [Times: user=0.00 sys=0.00, real=0.01 secs] 
2020-10-29T08:53:52.061+0000: [GC (Allocation Failure) 2020-10-29T08:53:52.061+0000: [ParNew: 16388K->4K(18432K), 0.0022683 secs] 451118K->434734K(713288K), 0.0023152 secs] [Times: user=0.01 sys=0.00, real=0.00 secs] 
2020-10-29T08:53:52.084+0000: [GC (Allocation Failure) 2020-10-29T08:53:52.084+0000: [ParNew: 16388K->4K(18432K), 0.0022793 secs] 451118K->434734K(713288K), 0.0023256 secs] [Times: user=0.01 sys=0.00, real=0.01 secs] 
2020-10-29T08:53:52.103+0000: [GC (Allocation Failure) 2020-10-29T08:53:52.103+0000: [ParNew: 16388K->4K(18432K), 0.0027420 secs] 451118K->434734K(713288K), 0.0027901 secs] [Times: user=0.00 sys=0.00, real=0.01 secs] 
2020-10-29T08:53:52.123+0000: [GC (Allocation Failure) 2020-10-29T08:53:52.123+0000: [ParNew: 16388K->4K(18432K), 0.0024536 secs] 451118K->434734K(713288K), 0.0025048 secs] [Times: user=0.01 sys=0.00, real=0.01 secs] 
2020-10-29T08:53:52.142+0000: [GC (Allocation Failure) 2020-10-29T08:53:52.142+0000: [ParNew: 16388K->4K(18432K), 0.0023230 secs] 451118K->434734K(713288K), 0.0023714 secs] [Times: user=0.01 sys=0.00, real=0.01 secs] 
2020-10-29T08:53:52.161+0000: [GC (Allocation Failure) 2020-10-29T08:53:52.161+0000: [ParNew: 16388K->4K(18432K), 0.0023871 secs] 451118K->434734K(713288K), 0.0024381 secs] [Times: user=0.00 sys=0.00, real=0.00 secs] 
2020-10-29T08:53:52.184+0000: [GC (Allocation Failure) 2020-10-29T08:53:52.185+0000: [ParNew: 16388K->4K(18432K), 0.0025237 secs] 451118K->434734K(713288K), 0.0025763 secs] [Times: user=0.01 sys=0.00, real=0.00 secs] 
2020-10-29T08:53:52.208+0000: [GC (Allocation Failure) 2020-10-29T08:53:52.208+0000: [ParNew: 16388K->4K(18432K), 0.0024631 secs] 451118K->434734K(713288K), 0.0025153 secs] [Times: user=0.01 sys=0.00, real=0.00 secs] 
2020-10-29T08:53:52.228+0000: [GC (Allocation Failure) 2020-10-29T08:53:52.228+0000: [ParNew: 16388K->4K(18432K), 0.0024503 secs] 451118K->434734K(713288K), 0.0024992 secs] [Times: user=0.01 sys=0.00, real=0.00 secs] 
2020-10-29T08:53:52.247+0000: [GC (Allocation Failure) 2020-10-29T08:53:52.247+0000: [ParNew: 16388K->4K(18432K), 0.0023274 secs] 451118K->434734K(713288K), 0.0023819 secs] [Times: user=0.00 sys=0.00, real=0.00 secs] 
2020-10-29T08:53:52.266+0000: [GC (Allocation Failure) 2020-10-29T08:53:52.266+0000: [ParNew: 16388K->4K(18432K), 0.0023586 secs] 451118K->434734K(713288K), 0.0024077 secs] [Times: user=0.01 sys=0.00, real=0.00 secs] 
2020-10-29T08:53:52.285+0000: [GC (Allocation Failure) 2020-10-29T08:53:52.285+0000: [ParNew: 16388K->4K(18432K), 0.0023143 secs] 451118K->434734K(713288K), 0.0023623 secs] [Times: user=0.00 sys=0.00, real=0.00 secs] 
2020-10-29T08:53:52.308+0000: [GC (Allocation Failure) 2020-10-29T08:53:52.308+0000: [ParNew: 16388K->4K(18432K), 0.0023474 secs] 451118K->434734K(713288K), 0.0023953 secs] [Times: user=0.00 sys=0.00, real=0.00 secs] 
2020-10-29T08:53:52.328+0000: [GC (Allocation Failure) 2020-10-29T08:53:52.328+0000: [ParNew: 16388K->4K(18432K), 0.0023743 secs] 451118K->434734K(713288K), 0.0024471 secs] [Times: user=0.01 sys=0.00, real=0.00 secs] 
2020-10-29T08:53:52.348+0000: [GC (Allocation Failure) 2020-10-29T08:53:52.348+0000: [ParNew: 16388K->4K(18432K), 0.0023003 secs] 451118K->434734K(713288K), 0.0023484 secs] [Times: user=0.01 sys=0.00, real=0.00 secs] 
2020-10-29T08:53:52.367+0000: [GC (Allocation Failure) 2020-10-29T08:53:52.368+0000: [ParNew: 16388K->4K(18432K), 0.0023604 secs] 451118K->434734K(713288K), 0.0024082 secs] [Times: user=0.00 sys=0.00, real=0.00 secs] 
2020-10-29T08:53:52.386+0000: [GC (Allocation Failure) 2020-10-29T08:53:52.386+0000: [ParNew: 16388K->4K(18432K), 0.0023406 secs] 451118K->434734K(713288K), 0.0023873 secs] [Times: user=0.00 sys=0.00, real=0.00 secs] 
2020-10-29T08:53:52.405+0000: [GC (Allocation Failure) 2020-10-29T08:53:52.405+0000: [ParNew: 16388K->4K(18432K), 0.0023760 secs] 451118K->434734K(713288K), 0.0024247 secs] [Times: user=0.01 sys=0.00, real=0.00 secs] 
2020-10-29T08:53:52.425+0000: [GC (Allocation Failure) 2020-10-29T08:53:52.425+0000: [ParNew: 16388K->4K(18432K), 0.0024283 secs] 451118K->434734K(713288K), 0.0024733 secs] [Times: user=0.01 sys=0.00, real=0.00 secs] 
2020-10-29T08:53:52.448+0000: [GC (Allocation Failure) 2020-10-29T08:53:52.449+0000: [ParNew: 16388K->4K(18432K), 0.0024431 secs] 451118K->434734K(713288K), 0.0024930 secs] [Times: user=0.01 sys=0.00, real=0.00 secs] 
2020-10-29T08:53:52.468+0000: [GC (Allocation Failure) 2020-10-29T08:53:52.468+0000: [ParNew: 16388K->4K(18432K), 0.0024221 secs] 451118K->434734K(713288K), 0.0024721 secs] [Times: user=0.00 sys=0.00, real=0.00 secs] 
2020-10-29T08:53:52.488+0000: [GC (Allocation Failure) 2020-10-29T08:53:52.489+0000: [ParNew: 16388K->4K(18432K), 0.0025477 secs] 451118K->434734K(713288K), 0.0026018 secs] [Times: user=0.01 sys=0.00, real=0.00 secs] 
2020-10-29T08:53:52.508+0000: [GC (Allocation Failure) 2020-10-29T08:53:52.508+0000: [ParNew: 16388K->4K(18432K), 0.0023555 secs] 451118K->434734K(713288K), 0.0024039 secs] [Times: user=0.00 sys=0.00, real=0.00 secs] 
2020-10-29T08:53:52.527+0000: [GC (Allocation Failure) 2020-10-29T08:53:52.527+0000: [ParNew: 16388K->4K(18432K), 0.0023327 secs] 451118K->434734K(713288K), 0.0023811 secs] [Times: user=0.00 sys=0.00, real=0.00 secs] 
2020-10-29T08:53:52.546+0000: [GC (Allocation Failure) 2020-10-29T08:53:52.546+0000: [ParNew: 16388K->4K(18432K), 0.0023938 secs] 451118K->434734K(713288K), 0.0024440 secs] [Times: user=0.01 sys=0.00, real=0.00 secs] 
2020-10-29T08:53:52.568+0000: [GC (Allocation Failure) 2020-10-29T08:53:52.569+0000: [ParNew: 16388K->4K(18432K), 0.0024409 secs] 451118K->434734K(713288K), 0.0024928 secs] [Times: user=0.01 sys=0.00, real=0.00 secs] 
2020-10-29T08:53:52.588+0000: [GC (Allocation Failure) 2020-10-29T08:53:52.588+0000: [ParNew: 16388K->4K(18432K), 0.0024277 secs] 451118K->434734K(713288K), 0.0024766 secs] [Times: user=0.00 sys=0.00, real=0.00 secs] 
2020-10-29T08:53:52.608+0000: [GC (Allocation Failure) 2020-10-29T08:53:52.608+0000: [ParNew: 16388K->4K(18432K), 0.0023412 secs] 451118K->434734K(713288K), 0.0023894 secs] [Times: user=0.01 sys=0.00, real=0.00 secs] 
2020-10-29T08:53:52.627+0000: [GC (Allocation Failure) 2020-10-29T08:53:52.627+0000: [ParNew: 16388K->4K(18432K), 0.0023167 secs] 451118K->434734K(713288K), 0.0023619 secs] [Times: user=0.01 sys=0.00, real=0.00 secs] 
2020-10-29T08:53:52.646+0000: [GC (Allocation Failure) 2020-10-29T08:53:52.646+0000: [ParNew: 16388K->4K(18432K), 0.0023133 secs] 451118K->434734K(713288K), 0.0023608 secs] [Times: user=0.00 sys=0.00, real=0.00 secs] 
2020-10-29T08:53:52.665+0000: [GC (Allocation Failure) 2020-10-29T08:53:52.665+0000: [ParNew: 16388K->4K(18432K), 0.0022661 secs] 451118K->434734K(713288K), 0.0023125 secs] [Times: user=0.01 sys=0.00, real=0.00 secs] 
2020-10-29T08:53:52.683+0000: [GC (Allocation Failure) 2020-10-29T08:53:52.684+0000: [ParNew: 16388K->4K(18432K), 0.0022772 secs] 451118K->434734K(713288K), 0.0023231 secs] [Times: user=0.00 sys=0.00, real=0.01 secs] 
2020-10-29T08:53:52.702+0000: [GC (Allocation Failure) 2020-10-29T08:53:52.702+0000: [ParNew: 16375K->4K(18432K), 0.0023265 secs] 451106K->434734K(713288K), 0.0023730 secs] [Times: user=0.01 sys=0.00, real=0.01 secs] 
2020-10-29T08:53:52.724+0000: [GC (Allocation Failure) 2020-10-29T08:53:52.724+0000: [ParNew: 16388K->4K(18432K), 0.0022955 secs] 451118K->434734K(713288K), 0.0023425 secs] [Times: user=0.00 sys=0.00, real=0.00 secs] 
2020-10-29T08:53:52.744+0000: [GC (Allocation Failure) 2020-10-29T08:53:52.744+0000: [ParNew: 16388K->4K(18432K), 0.0023183 secs] 451118K->434734K(713288K), 0.0023730 secs] [Times: user=0.01 sys=0.00, real=0.00 secs] 
2020-10-29T08:53:52.764+0000: [GC (Allocation Failure) 2020-10-29T08:53:52.764+0000: [ParNew: 16388K->4K(18432K), 0.0022683 secs] 451118K->434734K(713288K), 0.0023154 secs] [Times: user=0.00 sys=0.00, real=0.00 secs] 
2020-10-29T08:53:52.784+0000: [GC (Allocation Failure) 2020-10-29T08:53:52.784+0000: [ParNew: 16388K->4K(18432K), 0.0023835 secs] 451118K->434734K(713288K), 0.0024322 secs] [Times: user=0.00 sys=0.00, real=0.00 secs] 
2020-10-29T08:53:52.806+0000: [GC (Allocation Failure) 2020-10-29T08:53:52.806+0000: [ParNew: 16388K->4K(18432K), 0.0023742 secs] 451118K->434734K(713288K), 0.0024248 secs] [Times: user=0.00 sys=0.01, real=0.00 secs] 
2020-10-29T08:53:52.828+0000: [GC (Allocation Failure) 2020-10-29T08:53:52.828+0000: [ParNew: 16388K->4K(18432K), 0.0022988 secs] 451118K->434734K(713288K), 0.0023468 secs] [Times: user=0.01 sys=0.00, real=0.00 secs] 
2020-10-29T08:53:52.848+0000: [GC (Allocation Failure) 2020-10-29T08:53:52.848+0000: [ParNew: 16388K->4K(18432K), 0.0023412 secs] 451118K->434734K(713288K), 0.0023896 secs] [Times: user=0.00 sys=0.00, real=0.00 secs] 
2020-10-29T08:53:52.866+0000: [GC (Allocation Failure) 2020-10-29T08:53:52.866+0000: [ParNew: 16388K->4K(18432K), 0.0024770 secs] 451118K->434734K(713288K), 0.0025278 secs] [Times: user=0.01 sys=0.00, real=0.00 secs] 
2020-10-29T08:53:52.886+0000: [GC (Allocation Failure) 2020-10-29T08:53:52.886+0000: [ParNew: 16388K->4K(18432K), 0.0026174 secs] 451118K->434734K(713288K), 0.0026721 secs] [Times: user=0.01 sys=0.00, real=0.00 secs] 
2020-10-29T08:53:52.908+0000: [GC (Allocation Failure) 2020-10-29T08:53:52.909+0000: [ParNew: 16388K->4K(18432K), 0.0025832 secs] 451118K->434734K(713288K), 0.0026370 secs] [Times: user=0.01 sys=0.00, real=0.00 secs] 
2020-10-29T08:53:52.931+0000: [GC (Allocation Failure) 2020-10-29T08:53:52.931+0000: [ParNew: 16388K->4K(18432K), 0.0024401 secs] 451118K->434735K(713288K), 0.0024918 secs] [Times: user=0.01 sys=0.00, real=0.01 secs] 
2020-10-29T08:53:52.952+0000: [GC (Allocation Failure) 2020-10-29T08:53:52.952+0000: [ParNew: 16388K->4K(18432K), 0.0026763 secs] 451119K->434735K(713288K), 0.0027313 secs] [Times: user=0.01 sys=0.00, real=0.01 secs] 
2020-10-29T08:53:52.971+0000: [GC (Allocation Failure) 2020-10-29T08:53:52.971+0000: [ParNew: 16388K->4K(18432K), 0.0024699 secs] 451119K->434735K(713288K), 0.0025198 secs] [Times: user=0.01 sys=0.00, real=0.01 secs] 
2020-10-29T08:53:52.990+0000: [GC (Allocation Failure) 2020-10-29T08:53:52.990+0000: [ParNew: 16388K->4K(18432K), 0.0024010 secs] 451119K->434735K(713288K), 0.0024493 secs] [Times: user=0.00 sys=0.00, real=0.01 secs] 
2020-10-29T08:53:53.012+0000: [GC (Allocation Failure) 2020-10-29T08:53:53.012+0000: [ParNew: 16388K->4K(18432K), 0.0024717 secs] 451119K->434735K(713288K), 0.0025249 secs] [Times: user=0.00 sys=0.00, real=0.00 secs] 
2020-10-29T08:53:53.032+0000: [GC (Allocation Failure) 2020-10-29T08:53:53.032+0000: [ParNew: 16388K->4K(18432K), 0.0022895 secs] 451119K->434735K(713288K), 0.0023376 secs] [Times: user=0.00 sys=0.00, real=0.00 secs] 
2020-10-29T08:53:53.052+0000: [GC (Allocation Failure) 2020-10-29T08:53:53.053+0000: [ParNew: 16388K->4K(18432K), 0.0027220 secs] 451119K->434735K(713288K), 0.0027788 secs] [Times: user=0.01 sys=0.00, real=0.00 secs] 
2020-10-29T08:53:53.072+0000: [GC (Allocation Failure) 2020-10-29T08:53:53.072+0000: [ParNew: 16388K->4K(18432K), 0.0024911 secs] 451119K->434735K(713288K), 0.0025569 secs] [Times: user=0.00 sys=0.00, real=0.01 secs] 
 CMS: abort preclean due to time 2020-10-29T08:53:53.077+0000: [CMS-concurrent-abortable-preclean: 0.365/5.012 secs] [Times: user=9.06 sys=0.36, real=5.02 secs] 
2020-10-29T08:53:53.080+0000: [GC (CMS Final Remark) [YG occupancy: 1294 K (18432 K)]2020-10-29T08:53:53.080+0000: [Rescan (parallel) , 0.0021345 secs]2020-10-29T08:53:53.083+0000: [weak refs processing, 0.0002501 secs]2020-10-29T08:53:53.083+0000: [class unloading, 0.0081519 secs]2020-10-29T08:53:53.091+0000: [scrub symbol table, 0.0090097 secs]2020-10-29T08:53:53.100+0000: [scrub string table, 0.0005734 secs][1 CMS-remark: 434731K(694856K)] 436026K(713288K), 0.0202654 secs] [Times: user=0.02 sys=0.00, real=0.02 secs] 
2020-10-29T08:53:53.101+0000: [CMS-concurrent-sweep-start]
2020-10-29T08:53:53.128+0000: [GC (Allocation Failure) 2020-10-29T08:53:53.129+0000: [ParNew: 16388K->4K(18432K), 0.0027806 secs] 448659K->432275K(713288K), 0.0028390 secs] [Times: user=0.00 sys=0.00, real=0.00 secs] 
2020-10-29T08:53:53.132+0000: [CMS-concurrent-sweep: 0.025/0.032 secs] [Times: user=0.06 sys=0.00, real=0.04 secs] 
2020-10-29T08:53:53.132+0000: [CMS-concurrent-reset-start]
2020-10-29T08:53:53.134+0000: [CMS-concurrent-reset: 0.002/0.002 secs] [Times: user=0.00 sys=0.00, real=0.00 secs] 
2020-10-29T08:53:53.149+0000: [GC (Allocation Failure) 2020-10-29T08:53:53.149+0000: [ParNew: 16388K->4K(18432K), 0.0026493 secs] 379026K->362642K(713288K), 0.0027000 secs] [Times: user=0.00 sys=0.00, real=0.00 secs] 
2020-10-29T08:53:53.167+0000: [GC (Allocation Failure) 2020-10-29T08:53:53.167+0000: [ParNew: 16388K->4K(18432K), 0.0026026 secs] 379026K->362642K(713288K), 0.0026523 secs] [Times: user=0.01 sys=0.00, real=0.00 secs] 
2020-10-29T08:53:53.185+0000: [GC (Allocation Failure) 2020-10-29T08:53:53.186+0000: [ParNew: 16388K->4K(18432K), 0.0025018 secs] 379026K->362643K(713288K), 0.0025464 secs] [Times: user=0.00 sys=0.00, real=0.00 secs] 
2020-10-29T08:53:53.204+0000: [GC (Allocation Failure) 2020-10-29T08:53:53.204+0000: [ParNew: 16388K->4K(18432K), 0.0026072 secs] 379027K->362643K(713288K), 0.0026575 secs] [Times: user=0.01 sys=0.00, real=0.01 secs] 
2020-10-29T08:53:53.222+0000: [GC (Allocation Failure) 2020-10-29T08:53:53.222+0000: [ParNew: 16388K->4K(18432K), 0.0025230 secs] 379027K->362643K(713288K), 0.0025708 secs] [Times: user=0.00 sys=0.00, real=0.01 secs] 
2020-10-29T08:53:53.244+0000: [GC (Allocation Failure) 2020-10-29T08:53:53.244+0000: [ParNew: 16388K->4K(18432K), 0.0025887 secs] 379027K->362643K(713288K), 0.0026428 secs] [Times: user=0.00 sys=0.00, real=0.00 secs] 
2020-10-29T08:53:53.263+0000: [GC (Allocation Failure) 2020-10-29T08:53:53.263+0000: [ParNew: 16388K->4K(18432K), 0.0025389 secs] 379027K->362643K(713288K), 0.0025854 secs] [Times: user=0.01 sys=0.00, real=0.01 secs] 
2020-10-29T08:53:53.281+0000: [GC (Allocation Failure) 2020-10-29T08:53:53.281+0000: [ParNew: 16388K->4K(18432K), 0.0025268 secs] 379027K->362643K(713288K), 0.0025757 secs] [Times: user=0.00 sys=0.00, real=0.00 secs] 
2020-10-29T08:53:53.300+0000: [GC (Allocation Failure) 2020-10-29T08:53:53.300+0000: [ParNew: 16388K->4K(18432K), 0.0025729 secs] 379027K->362643K(713288K), 0.0026227 secs] [Times: user=0.00 sys=0.00, real=0.00 secs] 
2020-10-29T08:53:53.319+0000: [GC (Allocation Failure) 2020-10-29T08:53:53.319+0000: [ParNew: 16388K->4K(18432K), 0.0026063 secs] 379027K->362643K(713288K), 0.0026570 secs] [Times: user=0.01 sys=0.00, real=0.00 secs] 
2020-10-29T08:53:53.340+0000: [GC (Allocation Failure) 2020-10-29T08:53:53.340+0000: [ParNew: 16388K->4K(18432K), 0.0025975 secs] 379027K->362643K(713288K), 0.0026490 secs] [Times: user=0.01 sys=0.00, real=0.00 secs] 
2020-10-29T08:53:53.360+0000: [GC (Allocation Failure) 2020-10-29T08:53:53.360+0000: [ParNew: 16388K->4K(18432K), 0.0025683 secs] 379027K->362643K(713288K), 0.0026196 secs] [Times: user=0.00 sys=0.00, real=0.00 secs] 
2020-10-29T08:53:53.379+0000: [GC (Allocation Failure) 2020-10-29T08:53:53.379+0000: [ParNew: 16388K->4K(18432K), 0.0025886 secs] 379027K->362643K(713288K), 0.0026408 secs] [Times: user=0.01 sys=0.00, real=0.00 secs] 
2020-10-29T08:53:53.400+0000: [GC (Allocation Failure) 2020-10-29T08:53:53.400+0000: [ParNew: 16388K->4K(18432K), 0.0025609 secs] 379027K->362643K(713288K), 0.0026114 secs] [Times: user=0.00 sys=0.00, real=0.00 secs] 
2020-10-29T08:53:53.419+0000: [GC (Allocation Failure) 2020-10-29T08:53:53.419+0000: [ParNew: 16388K->4K(18432K), 0.0025211 secs] 379027K->362643K(713288K), 0.0025685 secs] [Times: user=0.01 sys=0.00, real=0.00 secs] 
2020-10-29T08:53:53.437+0000: [GC (Allocation Failure) 2020-10-29T08:53:53.437+0000: [ParNew: 16388K->4K(18432K), 0.0024978 secs] 379027K->362643K(713288K), 0.0025435 secs] [Times: user=0.00 sys=0.00, real=0.00 secs] 
2020-10-29T08:53:53.456+0000: [GC (Allocation Failure) 2020-10-29T08:53:53.456+0000: [ParNew: 16388K->4K(18432K), 0.0026649 secs] 379027K->362643K(713288K), 0.0027213 secs] [Times: user=0.00 sys=0.00, real=0.00 secs] 
2020-10-29T08:53:53.474+0000: [GC (Allocation Failure) 2020-10-29T08:53:53.474+0000: [ParNew: 16388K->4K(18432K), 0.0025740 secs] 379027K->362643K(713288K), 0.0026244 secs] [Times: user=0.01 sys=0.00, real=0.00 secs] 
2020-10-29T08:53:53.500+0000: [GC (Allocation Failure) 2020-10-29T08:53:53.501+0000: [ParNew: 16388K->4K(18432K), 0.0027089 secs] 411795K->395411K(713288K), 0.0027668 secs] [Times: user=0.00 sys=0.00, real=0.00 secs] 
2020-10-29T08:53:53.509+0000: [GC (CMS Initial Mark) [1 CMS-initial-mark: 395407K(694856K)] 400352K(713288K), 0.0041375 secs] [Times: user=0.01 sys=0.00, real=0.01 secs] 
2020-10-29T08:53:53.513+0000: [CMS-concurrent-mark-start]
2020-10-29T08:53:53.537+0000: [GC (Allocation Failure) 2020-10-29T08:53:53.537+0000: [ParNew: 16388K->4K(18432K), 0.0025964 secs] 411795K->395411K(713288K), 0.0026508 secs] [Times: user=0.00 sys=0.00, real=0.00 secs] 
2020-10-29T08:53:53.562+0000: [CMS-concurrent-mark: 0.047/0.050 secs] [Times: user=0.09 sys=0.00, real=0.04 secs] 
2020-10-29T08:53:53.562+0000: [CMS-concurrent-preclean-start]
2020-10-29T08:53:53.565+0000: [CMS-concurrent-preclean: 0.002/0.002 secs] [Times: user=0.00 sys=0.00, real=0.01 secs] 
2020-10-29T08:53:53.565+0000: [CMS-concurrent-abortable-preclean-start]
2020-10-29T08:53:53.567+0000: [GC (Allocation Failure) 2020-10-29T08:53:53.567+0000: [ParNew: 16388K->4K(18432K), 0.0022793 secs] 411795K->395411K(713288K), 0.0023203 secs] [Times: user=0.00 sys=0.00, real=0.00 secs] 
2020-10-29T08:53:53.586+0000: [GC (Allocation Failure) 2020-10-29T08:53:53.586+0000: [ParNew: 16388K->4K(18432K), 0.0024438 secs] 411795K->395411K(713288K), 0.0024939 secs] [Times: user=0.00 sys=0.00, real=0.00 secs] 
2020-10-29T08:53:53.608+0000: [GC (Allocation Failure) 2020-10-29T08:53:53.609+0000: [ParNew: 16388K->4K(18432K), 0.0024103 secs] 411795K->395411K(713288K), 0.0024608 secs] [Times: user=0.01 sys=0.00, real=0.00 secs] 
2020-10-29T08:53:53.628+0000: [GC (Allocation Failure) 2020-10-29T08:53:53.629+0000: [ParNew: 16374K->4K(18432K), 0.0025730 secs] 411782K->395411K(713288K), 0.0026270 secs] [Times: user=0.01 sys=0.00, real=0.00 secs] 
2020-10-29T08:53:53.648+0000: [GC (Allocation Failure) 2020-10-29T08:53:53.649+0000: [ParNew: 16388K->4K(18432K), 0.0023928 secs] 411795K->395411K(713288K), 0.0024420 secs] [Times: user=0.01 sys=0.00, real=0.00 secs] 
2020-10-29T08:53:53.668+0000: [GC (Allocation Failure) 2020-10-29T08:53:53.668+0000: [ParNew: 16388K->4K(18432K), 0.0024286 secs] 411795K->395411K(713288K), 0.0024801 secs] [Times: user=0.00 sys=0.00, real=0.00 secs] 
2020-10-29T08:53:53.687+0000: [GC (Allocation Failure) 2020-10-29T08:53:53.687+0000: [ParNew: 16388K->4K(18432K), 0.0023527 secs] 411795K->395411K(713288K), 0.0024008 secs] [Times: user=0.01 sys=0.00, real=0.00 secs] 
2020-10-29T08:53:53.708+0000: [GC (Allocation Failure) 2020-10-29T08:53:53.708+0000: [ParNew: 16388K->4K(18432K), 0.0024541 secs] 411795K->395411K(713288K), 0.0025061 secs] [Times: user=0.01 sys=0.00, real=0.00 secs] 
2020-10-29T08:53:53.728+0000: [GC (Allocation Failure) 2020-10-29T08:53:53.729+0000: [ParNew: 16388K->4K(18432K), 0.0026387 secs] 411795K->395411K(713288K), 0.0026952 secs] [Times: user=0.00 sys=0.00, real=0.00 secs] 
2020-10-29T08:53:53.752+0000: [GC (Allocation Failure) 2020-10-29T08:53:53.753+0000: [ParNew: 16388K->4K(18432K), 0.0024673 secs] 411795K->395411K(713288K), 0.0025202 secs] [Times: user=0.01 sys=0.00, real=0.00 secs] 
2020-10-29T08:53:53.772+0000: [GC (Allocation Failure) 2020-10-29T08:53:53.772+0000: [ParNew: 16388K->4K(18432K), 0.0026629 secs] 411795K->395411K(713288K), 0.0027174 secs] [Times: user=0.01 sys=0.00, real=0.01 secs] 
2020-10-29T08:53:53.785+0000: [GC (Allocation Failure) 2020-10-29T08:53:53.785+0000: [ParNew: 16388K->4K(18432K), 0.0035052 secs] 411795K->403603K(713288K), 0.0035661 secs] [Times: user=0.00 sys=0.00, real=0.00 secs] 
2020-10-29T08:53:53.805+0000: [GC (Allocation Failure) 2020-10-29T08:53:53.805+0000: [ParNew: 16388K->4K(18432K), 0.0024441 secs] 419987K->403603K(713288K), 0.0024923 secs] [Times: user=0.01 sys=0.00, real=0.00 secs] 
2020-10-29T08:53:53.829+0000: [GC (Allocation Failure) 2020-10-29T08:53:53.829+0000: [ParNew: 16388K->4K(18432K), 0.0024683 secs] 419987K->403603K(713288K), 0.0025350 secs] [Times: user=0.00 sys=0.00, real=0.00 secs] 
2020-10-29T08:53:53.852+0000: [GC (Allocation Failure) 2020-10-29T08:53:53.852+0000: [ParNew: 16388K->4K(18432K), 0.0024776 secs] 419987K->403603K(713288K), 0.0025286 secs] [Times: user=0.01 sys=0.00, real=0.01 secs] 
2020-10-29T08:53:53.871+0000: [GC (Allocation Failure) 2020-10-29T08:53:53.871+0000: [ParNew: 16388K->4K(18432K), 0.0024283 secs] 419987K->403603K(713288K), 0.0024784 secs] [Times: user=0.01 sys=0.00, real=0.01 secs] 
2020-10-29T08:53:53.892+0000: [GC (Allocation Failure) 2020-10-29T08:53:53.892+0000: [ParNew: 16388K->4K(18432K), 0.0023983 secs] 419987K->403603K(713288K), 0.0024475 secs] [Times: user=0.01 sys=0.00, real=0.00 secs] 
2020-10-29T08:53:53.911+0000: [GC (Allocation Failure) 2020-10-29T08:53:53.911+0000: [ParNew: 16388K->4K(18432K), 0.0023478 secs] 419987K->403603K(713288K), 0.0024041 secs] [Times: user=0.00 sys=0.00, real=0.01 secs] 
2020-10-29T08:53:53.930+0000: [GC (Allocation Failure) 2020-10-29T08:53:53.931+0000: [ParNew: 16388K->4K(18432K), 0.0022963 secs] 419987K->403603K(713288K), 0.0023597 secs] [Times: user=0.00 sys=0.00, real=0.01 secs] 
2020-10-29T08:53:53.952+0000: [GC (Allocation Failure) 2020-10-29T08:53:53.952+0000: [ParNew: 16388K->4K(18432K), 0.0023157 secs] 419987K->403603K(713288K), 0.0023643 secs] [Times: user=0.00 sys=0.00, real=0.00 secs] 
2020-10-29T08:53:53.972+0000: [GC (Allocation Failure) 2020-10-29T08:53:53.972+0000: [ParNew: 16388K->4K(18432K), 0.0023775 secs] 419987K->403603K(713288K), 0.0024264 secs] [Times: user=0.00 sys=0.00, real=0.00 secs] 
2020-10-29T08:53:53.991+0000: [GC (Allocation Failure) 2020-10-29T08:53:53.991+0000: [ParNew: 16388K->4K(18432K), 0.0024980 secs] 419987K->403603K(713288K), 0.0025487 secs] [Times: user=0.00 sys=0.00, real=0.01 secs] 
2020-10-29T08:53:54.012+0000: [GC (Allocation Failure) 2020-10-29T08:53:54.013+0000: [ParNew: 16388K->4K(18432K), 0.0024350 secs] 419987K->403603K(713288K), 0.0024864 secs] [Times: user=0.00 sys=0.00, real=0.00 secs] 
2020-10-29T08:53:54.036+0000: [GC (Allocation Failure) 2020-10-29T08:53:54.036+0000: [ParNew: 16388K->4K(18432K), 0.0025725 secs] 419987K->403603K(713288K), 0.0026268 secs] [Times: user=0.00 sys=0.00, real=0.00 secs] 
2020-10-29T08:53:54.055+0000: [GC (Allocation Failure) 2020-10-29T08:53:54.055+0000: [ParNew: 16388K->4K(18432K), 0.0024024 secs] 419987K->403603K(713288K), 0.0024534 secs] [Times: user=0.00 sys=0.00, real=0.00 secs] 
2020-10-29T08:53:54.076+0000: [GC (Allocation Failure) 2020-10-29T08:53:54.077+0000: [ParNew: 16388K->4K(18432K), 0.0025302 secs] 419987K->403603K(713288K), 0.0025834 secs] [Times: user=0.01 sys=0.00, real=0.00 secs] 
2020-10-29T08:53:54.100+0000: [GC (Allocation Failure) 2020-10-29T08:53:54.100+0000: [ParNew: 16388K->4K(18432K), 0.0026631 secs] 419987K->403603K(713288K), 0.0027175 secs] [Times: user=0.01 sys=0.00, real=0.00 secs] 
2020-10-29T08:53:54.120+0000: [GC (Allocation Failure) 2020-10-29T08:53:54.120+0000: [ParNew: 16388K->4K(18432K), 0.0024681 secs] 419987K->403603K(713288K), 0.0025188 secs] [Times: user=0.00 sys=0.00, real=0.00 secs] 
2020-10-29T08:53:54.140+0000: [GC (Allocation Failure) 2020-10-29T08:53:54.141+0000: [ParNew: 16388K->4K(18432K), 0.0024646 secs] 419987K->403603K(713288K), 0.0025158 secs] [Times: user=0.00 sys=0.00, real=0.00 secs] 
2020-10-29T08:53:54.160+0000: [GC (Allocation Failure) 2020-10-29T08:53:54.161+0000: [ParNew: 16388K->4K(18432K), 0.0023136 secs] 419987K->403603K(713288K), 0.0023612 secs] [Times: user=0.00 sys=0.00, real=0.00 secs] 
2020-10-29T08:53:54.180+0000: [GC (Allocation Failure) 2020-10-29T08:53:54.180+0000: [ParNew: 16388K->4K(18432K), 0.0023784 secs] 419987K->403603K(713288K), 0.0024284 secs] [Times: user=0.01 sys=0.00, real=0.00 secs] 
2020-10-29T08:53:54.198+0000: [GC (Allocation Failure) 2020-10-29T08:53:54.198+0000: [ParNew: 16388K->4K(18432K), 0.0022634 secs] 419987K->403603K(713288K), 0.0023107 secs] [Times: user=0.01 sys=0.00, real=0.00 secs] 
2020-10-29T08:53:54.220+0000: [GC (Allocation Failure) 2020-10-29T08:53:54.220+0000: [ParNew: 16388K->4K(18432K), 0.0023085 secs] 419987K->403603K(713288K), 0.0023570 secs] [Times: user=0.00 sys=0.00, real=0.00 secs] 
2020-10-29T08:53:54.239+0000: [GC (Allocation Failure) 2020-10-29T08:53:54.239+0000: [ParNew: 16388K->4K(18432K), 0.0023449 secs] 419987K->403603K(713288K), 0.0024105 secs] [Times: user=0.00 sys=0.00, real=0.00 secs] 
2020-10-29T08:53:54.260+0000: [GC (Allocation Failure) 2020-10-29T08:53:54.261+0000: [ParNew: 16388K->4K(18432K), 0.0025943 secs] 419987K->403603K(713288K), 0.0026491 secs] [Times: user=0.01 sys=0.00, real=0.00 secs] 
2020-10-29T08:53:54.280+0000: [GC (Allocation Failure) 2020-10-29T08:53:54.280+0000: [ParNew: 16388K->4K(18432K), 0.0026092 secs] 419987K->403603K(713288K), 0.0026640 secs] [Times: user=0.00 sys=0.00, real=0.00 secs] 
2020-10-29T08:53:54.299+0000: [GC (Allocation Failure) 2020-10-29T08:53:54.299+0000: [ParNew: 16388K->4K(18432K), 0.0026632 secs] 419987K->403603K(713288K), 0.0027180 secs] [Times: user=0.00 sys=0.00, real=0.00 secs] 
2020-10-29T08:53:54.318+0000: [GC (Allocation Failure) 2020-10-29T08:53:54.318+0000: [ParNew: 16388K->4K(18432K), 0.0026634 secs] 419987K->403603K(713288K), 0.0027180 secs] [Times: user=0.00 sys=0.00, real=0.00 secs] 
2020-10-29T08:53:54.338+0000: [GC (Allocation Failure) 2020-10-29T08:53:54.338+0000: [ParNew: 16388K->4K(18432K), 0.0022932 secs] 419987K->403603K(713288K), 0.0023485 secs] [Times: user=0.01 sys=0.00, real=0.00 secs] 
2020-10-29T08:53:54.357+0000: [GC (Allocation Failure) 2020-10-29T08:53:54.357+0000: [ParNew: 16388K->4K(18432K), 0.0024244 secs] 419987K->403603K(713288K), 0.0024766 secs] [Times: user=0.00 sys=0.00, real=0.00 secs] 
2020-10-29T08:53:54.380+0000: [GC (Allocation Failure) 2020-10-29T08:53:54.380+0000: [ParNew: 16388K->4K(18432K), 0.0024894 secs] 419987K->403603K(713288K), 0.0025415 secs] [Times: user=0.00 sys=0.00, real=0.00 secs] 
2020-10-29T08:53:54.394+0000: [GC (Allocation Failure) 2020-10-29T08:53:54.394+0000: [ParNew: 10664K->4K(18432K), 0.0020981 secs] 414263K->403603K(713288K), 0.0021407 secs] [Times: user=0.01 sys=0.00, real=0.00 secs] 
2020-10-29T08:53:54.405+0000: [GC (Allocation Failure) 2020-10-29T08:53:54.405+0000: [ParNew: 16388K->4K(18432K), 0.0029242 secs] 419987K->411795K(713288K), 0.0029688 secs] [Times: user=0.00 sys=0.00, real=0.00 secs] 
2020-10-29T08:53:54.408+0000: [CMS-concurrent-abortable-preclean: 0.066/0.843 secs] [Times: user=1.52 sys=0.04, real=0.84 secs] 
2020-10-29T08:53:54.412+0000: [GC (CMS Final Remark) [YG occupancy: 328 K (18432 K)]2020-10-29T08:53:54.412+0000: [Rescan (parallel) , 0.0016120 secs]2020-10-29T08:53:54.414+0000: [weak refs processing, 0.0000298 secs]2020-10-29T08:53:54.414+0000: [class unloading, 0.0080972 secs]2020-10-29T08:53:54.422+0000: [scrub symbol table, 0.0091908 secs]2020-10-29T08:53:54.431+0000: [scrub string table, 0.0005638 secs][1 CMS-remark: 411791K(694856K)] 412120K(713288K), 0.0195982 secs] [Times: user=0.02 sys=0.00, real=0.02 secs] 
2020-10-29T08:53:54.432+0000: [CMS-concurrent-sweep-start]
2020-10-29T08:53:54.444+0000: [CMS-concurrent-sweep: 0.013/0.013 secs] [Times: user=0.02 sys=0.00, real=0.02 secs] 
2020-10-29T08:53:54.444+0000: [CMS-concurrent-reset-start]
2020-10-29T08:53:54.446+0000: [CMS-concurrent-reset: 0.002/0.002 secs] [Times: user=0.01 sys=0.00, real=0.00 secs] 
2020-10-29T08:53:54.456+0000: [GC (Allocation Failure) 2020-10-29T08:53:54.457+0000: [ParNew: 16388K->4K(18432K), 0.0026806 secs] 401179K->384795K(713288K), 0.0027260 secs] [Times: user=0.01 sys=0.00, real=0.00 secs] 
2020-10-29T08:53:54.472+0000: [GC (Allocation Failure) 2020-10-29T08:53:54.472+0000: [ParNew: 10775K->4K(18432K), 0.0024903 secs] 395567K->384795K(713288K), 0.0025323 secs] [Times: user=0.00 sys=0.00, real=0.00 secs] 
2020-10-29T08:53:54.483+0000: [GC (Allocation Failure) 2020-10-29T08:53:54.484+0000: [ParNew: 16388K->4K(18432K), 0.0033363 secs] 401179K->392987K(713288K), 0.0033844 secs] [Times: user=0.01 sys=0.00, real=0.01 secs] 
2020-10-29T08:53:54.487+0000: [GC (CMS Initial Mark) [1 CMS-initial-mark: 392983K(694856K)] 393128K(713288K), 0.0013310 secs] [Times: user=0.00 sys=0.00, real=0.00 secs] 
2020-10-29T08:53:54.488+0000: [CMS-concurrent-mark-start]
2020-10-29T08:53:54.524+0000: [GC (Allocation Failure) 2020-10-29T08:53:54.524+0000: [ParNew: 16388K->4K(18432K), 0.0026005 secs] 409371K->392987K(713288K), 0.0026558 secs] [Times: user=0.01 sys=0.00, real=0.00 secs] 
2020-10-29T08:53:54.548+0000: [GC (Allocation Failure) 2020-10-29T08:53:54.549+0000: [ParNew: 16388K->4K(18432K), 0.0026137 secs] 409371K->392987K(713288K), 0.0026678 secs] [Times: user=0.00 sys=0.00, real=0.00 secs] 
2020-10-29T08:53:54.558+0000: [CMS-concurrent-mark: 0.060/0.070 secs] [Times: user=0.13 sys=0.00, real=0.07 secs] 
2020-10-29T08:53:54.558+0000: [CMS-concurrent-preclean-start]
2020-10-29T08:53:54.561+0000: [CMS-concurrent-preclean: 0.002/0.002 secs] [Times: user=0.00 sys=0.00, real=0.00 secs] 
2020-10-29T08:53:54.561+0000: [CMS-concurrent-abortable-preclean-start]
2020-10-29T08:53:54.571+0000: [GC (Allocation Failure) 2020-10-29T08:53:54.571+0000: [ParNew: 16388K->4K(18432K), 0.0022695 secs] 409371K->392987K(713288K), 0.0023114 secs] [Times: user=0.01 sys=0.00, real=0.01 secs] 
2020-10-29T08:53:54.590+0000: [GC (Allocation Failure) 2020-10-29T08:53:54.590+0000: [ParNew: 16388K->4K(18432K), 0.0024018 secs] 409371K->392987K(713288K), 0.0024519 secs] [Times: user=0.00 sys=0.00, real=0.00 secs] 
2020-10-29T08:53:54.612+0000: [GC (Allocation Failure) 2020-10-29T08:53:54.613+0000: [ParNew: 16388K->4K(18432K), 0.0025266 secs] 409371K->392987K(713288K), 0.0025794 secs] [Times: user=0.01 sys=0.00, real=0.00 secs] 
2020-10-29T08:53:54.636+0000: [GC (Allocation Failure) 2020-10-29T08:53:54.636+0000: [ParNew: 16388K->4K(18432K), 0.0026155 secs] 409371K->392987K(713288K), 0.0026693 secs] [Times: user=0.01 sys=0.00, real=0.00 secs] 
2020-10-29T08:53:54.655+0000: [GC (Allocation Failure) 2020-10-29T08:53:54.655+0000: [ParNew: 16388K->4K(18432K), 0.0024237 secs] 409371K->392987K(713288K), 0.0024728 secs] [Times: user=0.01 sys=0.00, real=0.00 secs] 
2020-10-29T08:53:54.676+0000: [GC (Allocation Failure) 2020-10-29T08:53:54.676+0000: [ParNew: 16388K->4K(18432K), 0.0023948 secs] 409371K->392987K(713288K), 0.0024447 secs] [Times: user=0.00 sys=0.00, real=0.00 secs] 
2020-10-29T08:53:54.696+0000: [GC (Allocation Failure) 2020-10-29T08:53:54.696+0000: [ParNew: 16388K->4K(18432K), 0.0023179 secs] 409371K->392987K(713288K), 0.0023652 secs] [Times: user=0.00 sys=0.00, real=0.00 secs] 
2020-10-29T08:53:54.715+0000: [GC (Allocation Failure) 2020-10-29T08:53:54.715+0000: [ParNew: 16388K->4K(18432K), 0.0024069 secs] 409371K->392987K(713288K), 0.0024571 secs] [Times: user=0.00 sys=0.00, real=0.00 secs] 
2020-10-29T08:53:54.736+0000: [GC (Allocation Failure) 2020-10-29T08:53:54.736+0000: [ParNew: 16388K->4K(18432K), 0.0024278 secs] 409371K->392987K(713288K), 0.0024837 secs] [Times: user=0.01 sys=0.00, real=0.00 secs] 
2020-10-29T08:53:54.756+0000: [GC (Allocation Failure) 2020-10-29T08:53:54.757+0000: [ParNew: 16388K->4K(18432K), 0.0026569 secs] 409371K->392987K(713288K), 0.0027207 secs] [Times: user=0.01 sys=0.00, real=0.00 secs] 
2020-10-29T08:53:54.776+0000: [GC (Allocation Failure) 2020-10-29T08:53:54.777+0000: [ParNew: 16388K->4K(18432K), 0.0024236 secs] 409371K->392987K(713288K), 0.0024740 secs] [Times: user=0.01 sys=0.00, real=0.00 secs] 
2020-10-29T08:53:54.796+0000: [GC (Allocation Failure) 2020-10-29T08:53:54.797+0000: [ParNew: 16388K->4K(18432K), 0.0026590 secs] 409371K->392987K(713288K), 0.0027146 secs] [Times: user=0.00 sys=0.00, real=0.00 secs] 
2020-10-29T08:53:54.816+0000: [GC (Allocation Failure) 2020-10-29T08:53:54.816+0000: [ParNew: 16388K->4K(18432K), 0.0026796 secs] 409371K->392987K(713288K), 0.0027436 secs] [Times: user=0.00 sys=0.00, real=0.00 secs] 
2020-10-29T08:53:54.836+0000: [GC (Allocation Failure) 2020-10-29T08:53:54.836+0000: [ParNew: 16388K->4K(18432K), 0.0024427 secs] 409371K->392987K(713288K), 0.0024912 secs] [Times: user=0.01 sys=0.00, real=0.00 secs] 
2020-10-29T08:53:54.856+0000: [GC (Allocation Failure) 2020-10-29T08:53:54.856+0000: [ParNew: 16388K->4K(18432K), 0.0024239 secs] 409371K->392987K(713288K), 0.0024760 secs] [Times: user=0.00 sys=0.00, real=0.00 secs] 
2020-10-29T08:53:54.876+0000: [GC (Allocation Failure) 2020-10-29T08:53:54.876+0000: [ParNew: 16388K->4K(18432K), 0.0025209 secs] 409371K->392987K(713288K), 0.0025732 secs] [Times: user=0.01 sys=0.00, real=0.00 secs] 
2020-10-29T08:53:54.895+0000: [GC (Allocation Failure) 2020-10-29T08:53:54.895+0000: [ParNew: 16388K->4K(18432K), 0.0023592 secs] 409371K->392987K(713288K), 0.0024087 secs] [Times: user=0.01 sys=0.00, real=0.00 secs] 
2020-10-29T08:53:54.914+0000: [GC (Allocation Failure) 2020-10-29T08:53:54.914+0000: [ParNew: 16388K->4K(18432K), 0.0024467 secs] 409371K->392987K(713288K), 0.0024980 secs] [Times: user=0.01 sys=0.00, real=0.00 secs] 
2020-10-29T08:53:54.936+0000: [GC (Allocation Failure) 2020-10-29T08:53:54.936+0000: [ParNew: 16388K->4K(18432K), 0.0023506 secs] 409371K->392987K(713288K), 0.0023982 secs] [Times: user=0.00 sys=0.00, real=0.00 secs] 
2020-10-29T08:53:54.956+0000: [GC (Allocation Failure) 2020-10-29T08:53:54.956+0000: [ParNew: 16388K->4K(18432K), 0.0023713 secs] 409371K->392987K(713288K), 0.0024198 secs] [Times: user=0.01 sys=0.00, real=0.00 secs] 
2020-10-29T08:53:54.974+0000: [GC (Allocation Failure) 2020-10-29T08:53:54.974+0000: [ParNew: 16388K->4K(18432K), 0.0023488 secs] 409371K->392987K(713288K), 0.0023975 secs] [Times: user=0.01 sys=0.00, real=0.00 secs] 
2020-10-29T08:53:54.994+0000: [GC (Allocation Failure) 2020-10-29T08:53:54.994+0000: [ParNew: 16388K->4K(18432K), 0.0024310 secs] 409371K->392987K(713288K), 0.0024848 secs] [Times: user=0.01 sys=0.00, real=0.00 secs] 
2020-10-29T08:53:55.013+0000: [GC (Allocation Failure) 2020-10-29T08:53:55.013+0000: [ParNew: 16388K->4K(18432K), 0.0025604 secs] 409371K->392987K(713288K), 0.0026155 secs] [Times: user=0.00 sys=0.00, real=0.00 secs] 
2020-10-29T08:53:55.032+0000: [GC (Allocation Failure) 2020-10-29T08:53:55.032+0000: [ParNew: 16388K->4K(18432K), 0.0024150 secs] 409371K->392987K(713288K), 0.0024655 secs] [Times: user=0.01 sys=0.00, real=0.00 secs] 
2020-10-29T08:53:55.045+0000: [GC (Allocation Failure) 2020-10-29T08:53:55.045+0000: [ParNew: 16388K->4K(18432K), 0.0028608 secs] 409371K->401179K(713288K), 0.0029115 secs] [Times: user=0.00 sys=0.00, real=0.00 secs] 
2020-10-29T08:53:55.065+0000: [GC (Allocation Failure) 2020-10-29T08:53:55.065+0000: [ParNew: 16388K->4K(18432K), 0.0026718 secs] 417563K->401179K(713288K), 0.0027294 secs] [Times: user=0.01 sys=0.00, real=0.00 secs] 
2020-10-29T08:53:55.085+0000: [GC (Allocation Failure) 2020-10-29T08:53:55.085+0000: [ParNew: 16388K->4K(18432K), 0.0025859 secs] 417563K->401179K(713288K), 0.0026405 secs] [Times: user=0.00 sys=0.00, real=0.00 secs] 
2020-10-29T08:53:55.105+0000: [GC (Allocation Failure) 2020-10-29T08:53:55.105+0000: [ParNew: 16388K->4K(18432K), 0.0023065 secs] 417563K->401179K(713288K), 0.0023628 secs] [Times: user=0.00 sys=0.00, real=0.00 secs] 
2020-10-29T08:53:55.124+0000: [GC (Allocation Failure) 2020-10-29T08:53:55.124+0000: [ParNew: 16388K->4K(18432K), 0.0023820 secs] 417563K->401179K(713288K), 0.0024294 secs] [Times: user=0.00 sys=0.00, real=0.01 secs] 
2020-10-29T08:53:55.144+0000: [GC (Allocation Failure) 2020-10-29T08:53:55.144+0000: [ParNew: 16388K->4K(18432K), 0.0023475 secs] 417563K->401179K(713288K), 0.0023947 secs] [Times: user=0.01 sys=0.00, real=0.00 secs] 
2020-10-29T08:53:55.164+0000: [GC (Allocation Failure) 2020-10-29T08:53:55.164+0000: [ParNew: 16388K->4K(18432K), 0.0024210 secs] 417563K->401179K(713288K), 0.0024711 secs] [Times: user=0.00 sys=0.00, real=0.01 secs] 
2020-10-29T08:53:55.181+0000: [GC (Allocation Failure) 2020-10-29T08:53:55.182+0000: [ParNew: 14740K->4K(18432K), 0.0024327 secs] 415916K->401179K(713288K), 0.0024828 secs] [Times: user=0.01 sys=0.00, real=0.00 secs] 
2020-10-29T08:53:55.193+0000: [GC (Allocation Failure) 2020-10-29T08:53:55.193+0000: [ParNew: 16388K->4K(18432K), 0.0032019 secs] 417563K->409371K(713288K), 0.0032511 secs] [Times: user=0.01 sys=0.00, real=0.00 secs] 
2020-10-29T08:53:55.197+0000: [CMS-concurrent-abortable-preclean: 0.050/0.636 secs] [Times: user=1.14 sys=0.04, real=0.64 secs] 
2020-10-29T08:53:55.199+0000: [GC (CMS Final Remark) [YG occupancy: 2220 K (18432 K)]2020-10-29T08:53:55.199+0000: [Rescan (parallel) , 0.0029619 secs]2020-10-29T08:53:55.202+0000: [weak refs processing, 0.0000271 secs]2020-10-29T08:53:55.202+0000: [class unloading, 0.0081479 secs]2020-10-29T08:53:55.210+0000: [scrub symbol table, 0.0091141 secs]2020-10-29T08:53:55.219+0000: [scrub string table, 0.0005672 secs][1 CMS-remark: 409367K(694856K)] 411588K(713288K), 0.0209260 secs] [Times: user=0.03 sys=0.00, real=0.02 secs] 
2020-10-29T08:53:55.220+0000: [CMS-concurrent-sweep-start]
2020-10-29T08:53:55.239+0000: [CMS-concurrent-sweep: 0.019/0.019 secs] [Times: user=0.03 sys=0.00, real=0.02 secs] 
2020-10-29T08:53:55.239+0000: [CMS-concurrent-reset-start]
2020-10-29T08:53:55.244+0000: [GC (Allocation Failure) 2020-10-29T08:53:55.244+0000: [ParNew: 16388K->4K(18432K), 0.0026742 secs] 409371K->392987K(713288K), 0.0027241 secs] [Times: user=0.01 sys=0.00, real=0.00 secs] 
2020-10-29T08:53:55.249+0000: [CMS-concurrent-reset: 0.002/0.010 secs] [Times: user=0.02 sys=0.00, real=0.01 secs] 
2020-10-29T08:53:55.264+0000: [GC (Allocation Failure) 2020-10-29T08:53:55.265+0000: [ParNew: 16388K->4K(18432K), 0.0026239 secs] 409371K->392987K(713288K), 0.0026744 secs] [Times: user=0.00 sys=0.00, real=0.00 secs] 
2020-10-29T08:53:55.283+0000: [GC (Allocation Failure) 2020-10-29T08:53:55.283+0000: [ParNew: 16388K->2K(18432K), 0.0045107 secs] 409371K->392985K(713288K), 0.0045632 secs] [Times: user=0.01 sys=0.00, real=0.01 secs] 
2020-10-29T08:53:55.310+0000: [GC (Allocation Failure) 2020-10-29T08:53:55.310+0000: [ParNew: 16386K->4K(18432K), 0.0026333 secs] 409369K->392987K(713288K), 0.0026856 secs] [Times: user=0.01 sys=0.00, real=0.01 secs] 
2020-10-29T08:53:55.329+0000: [GC (Allocation Failure) 2020-10-29T08:53:55.329+0000: [ParNew: 16388K->4K(18432K), 0.0026006 secs] 409371K->392987K(713288K), 0.0026510 secs] [Times: user=0.01 sys=0.00, real=0.00 secs] 
2020-10-29T08:53:55.348+0000: [GC (Allocation Failure) 2020-10-29T08:53:55.348+0000: [ParNew: 16388K->4K(18432K), 0.0026392 secs] 409371K->392987K(713288K), 0.0026905 secs] [Times: user=0.00 sys=0.00, real=0.00 secs] 
2020-10-29T08:53:55.367+0000: [GC (Allocation Failure) 2020-10-29T08:53:55.367+0000: [ParNew: 16388K->4K(18432K), 0.0025261 secs] 409371K->392987K(713288K), 0.0025728 secs] [Times: user=0.01 sys=0.00, real=0.00 secs] 
2020-10-29T08:53:55.385+0000: [GC (Allocation Failure) 2020-10-29T08:53:55.385+0000: [ParNew: 16388K->4K(18432K), 0.0025937 secs] 409371K->392987K(713288K), 0.0026431 secs] [Times: user=0.00 sys=0.00, real=0.00 secs] 
2020-10-29T08:53:55.404+0000: [GC (Allocation Failure) 2020-10-29T08:53:55.404+0000: [ParNew: 16388K->4K(18432K), 0.0024876 secs] 409371K->392987K(713288K), 0.0025323 secs] [Times: user=0.00 sys=0.00, real=0.00 secs] 
2020-10-29T08:53:55.423+0000: [GC (Allocation Failure) 2020-10-29T08:53:55.423+0000: [ParNew: 16388K->4K(18432K), 0.0025267 secs] 409371K->392987K(713288K), 0.0025755 secs] [Times: user=0.01 sys=0.00, real=0.01 secs] 
2020-10-29T08:53:55.441+0000: [GC (Allocation Failure) 2020-10-29T08:53:55.441+0000: [ParNew: 16388K->4K(18432K), 0.0024771 secs] 409371K->392987K(713288K), 0.0025222 secs] [Times: user=0.00 sys=0.00, real=0.00 secs] 
2020-10-29T08:53:55.460+0000: [GC (Allocation Failure) 2020-10-29T08:53:55.460+0000: [ParNew: 16388K->4K(18432K), 0.0024789 secs] 409371K->392987K(713288K), 0.0025247 secs] [Times: user=0.00 sys=0.00, real=0.00 secs] 
2020-10-29T08:53:55.480+0000: [GC (Allocation Failure) 2020-10-29T08:53:55.480+0000: [ParNew: 16388K->4K(18432K), 0.0024985 secs] 409371K->392987K(713288K), 0.0025531 secs] [Times: user=0.00 sys=0.00, real=0.00 secs] 
2020-10-29T08:53:55.499+0000: [GC (Allocation Failure) 2020-10-29T08:53:55.499+0000: [ParNew: 16388K->4K(18432K), 0.0025119 secs] 409371K->392987K(713288K), 0.0025572 secs] [Times: user=0.01 sys=0.00, real=0.00 secs] 
2020-10-29T08:53:55.517+0000: [GC (Allocation Failure) 2020-10-29T08:53:55.517+0000: [ParNew: 16388K->4K(18432K), 0.0025830 secs] 409371K->392987K(713288K), 0.0026350 secs] [Times: user=0.01 sys=0.00, real=0.00 secs] 
2020-10-29T08:53:55.536+0000: [GC (Allocation Failure) 2020-10-29T08:53:55.536+0000: [ParNew: 16388K->4K(18432K), 0.0025214 secs] 409371K->392987K(713288K), 0.0025677 secs] [Times: user=0.01 sys=0.00, real=0.00 secs] 
2020-10-29T08:53:55.554+0000: [GC (Allocation Failure) 2020-10-29T08:53:55.554+0000: [ParNew: 16388K->4K(18432K), 0.0032816 secs] 409371K->392987K(713288K), 0.0033333 secs] [Times: user=0.00 sys=0.00, real=0.00 secs] 
2020-10-29T08:53:55.573+0000: [GC (Allocation Failure) 2020-10-29T08:53:55.573+0000: [ParNew: 16388K->4K(18432K), 0.0024887 secs] 409371K->392987K(713288K), 0.0025340 secs] [Times: user=0.01 sys=0.01, real=0.00 secs] 
2020-10-29T08:53:55.592+0000: [GC (Allocation Failure) 2020-10-29T08:53:55.592+0000: [ParNew: 16388K->4K(18432K), 0.0026873 secs] 409371K->392987K(713288K), 0.0027422 secs] [Times: user=0.00 sys=0.00, real=0.01 secs] 
2020-10-29T08:53:55.610+0000: [GC (Allocation Failure) 2020-10-29T08:53:55.610+0000: [ParNew: 16388K->4K(18432K), 0.0027023 secs] 409371K->392987K(713288K), 0.0027580 secs] [Times: user=0.01 sys=0.00, real=0.01 secs] 
2020-10-29T08:53:55.629+0000: [GC (Allocation Failure) 2020-10-29T08:53:55.629+0000: [ParNew: 16388K->4K(18432K), 0.0025902 secs] 409371K->392987K(713288K), 0.0026406 secs] [Times: user=0.01 sys=0.00, real=0.00 secs] 
2020-10-29T08:53:55.640+0000: [GC (Allocation Failure) 2020-10-29T08:53:55.640+0000: [ParNew: 16388K->4K(18432K), 0.0033807 secs] 409371K->401179K(713288K), 0.0034333 secs] [Times: user=0.01 sys=0.00, real=0.00 secs] 
2020-10-29T08:53:55.644+0000: [GC (CMS Initial Mark) [1 CMS-initial-mark: 401175K(694856K)] 401317K(713288K), 0.0013776 secs] [Times: user=0.00 sys=0.00, real=0.01 secs] 
2020-10-29T08:53:55.645+0000: [CMS-concurrent-mark-start]
2020-10-29T08:53:55.669+0000: [GC (Allocation Failure) 2020-10-29T08:53:55.669+0000: [ParNew: 16388K->4K(18432K), 0.0025801 secs] 417563K->401179K(713288K), 0.0026363 secs] [Times: user=0.00 sys=0.00, real=0.00 secs] 
2020-10-29T08:53:55.690+0000: [GC (Allocation Failure) 2020-10-29T08:53:55.690+0000: [ParNew: 16388K->4K(18432K), 0.0025757 secs] 417563K->401179K(713288K), 0.0026279 secs] [Times: user=0.00 sys=0.00, real=0.01 secs] 
2020-10-29T08:53:55.715+0000: [GC (Allocation Failure) 2020-10-29T08:53:55.715+0000: [ParNew: 16388K->4K(18432K), 0.0029149 secs] 417563K->401179K(713288K), 0.0029740 secs] [Times: user=0.00 sys=0.00, real=0.00 secs] 
2020-10-29T08:53:55.740+0000: [CMS-concurrent-mark: 0.086/0.095 secs] [Times: user=0.18 sys=0.00, real=0.09 secs] 
2020-10-29T08:53:55.740+0000: [GC (Allocation Failure) 2020-10-29T08:53:55.740+0000: [ParNew: 16388K->4K(18432K), 0.0026433 secs] 417563K->401179K(713288K), 0.0026849 secs] [Times: user=0.01 sys=0.00, real=0.00 secs] 
2020-10-29T08:53:55.743+0000: [CMS-concurrent-preclean-start]
2020-10-29T08:53:55.745+0000: [CMS-concurrent-preclean: 0.002/0.002 secs] [Times: user=0.00 sys=0.00, real=0.01 secs] 
2020-10-29T08:53:55.748+0000: [GC (CMS Final Remark) [YG occupancy: 1125 K (18432 K)]2020-10-29T08:53:55.748+0000: [Rescan (parallel) , 0.0021181 secs]2020-10-29T08:53:55.751+0000: [weak refs processing, 0.0000279 secs]2020-10-29T08:53:55.751+0000: [class unloading, 0.0081438 secs]2020-10-29T08:53:55.759+0000: [scrub symbol table, 0.0089643 secs]2020-10-29T08:53:55.768+0000: [scrub string table, 0.0005599 secs][1 CMS-remark: 401175K(694856K)] 402301K(713288K), 0.0199227 secs] [Times: user=0.02 sys=0.00, real=0.02 secs] 
2020-10-29T08:53:55.780+0000: [CMS-concurrent-sweep-start]
2020-10-29T08:53:55.786+0000: [GC (Allocation Failure) 2020-10-29T08:53:55.786+0000: [ParNew: 16388K->4K(18432K), 0.0027080 secs] 417563K->401179K(713288K), 0.0027544 secs] [Times: user=0.00 sys=0.00, real=0.00 secs] 
2020-10-29T08:53:55.795+0000: [CMS-concurrent-sweep: 0.012/0.015 secs] [Times: user=0.02 sys=0.00, real=0.02 secs] 
2020-10-29T08:53:55.795+0000: [CMS-concurrent-reset-start]
2020-10-29T08:53:55.808+0000: [CMS-concurrent-reset: 0.013/0.013 secs] [Times: user=0.03 sys=0.00, real=0.01 secs] 
2020-10-29T08:53:55.812+0000: [GC (Allocation Failure) 2020-10-29T08:53:55.813+0000: [ParNew: 16388K->4K(18432K), 0.0026959 secs] 417563K->401179K(713288K), 0.0027415 secs] [Times: user=0.00 sys=0.00, real=0.00 secs] 
2020-10-29T08:53:55.831+0000: [GC (Allocation Failure) 2020-10-29T08:53:55.831+0000: [ParNew: 16388K->4K(18432K), 0.0026194 secs] 417563K->401179K(713288K), 0.0026699 secs] [Times: user=0.01 sys=0.00, real=0.01 secs] 
2020-10-29T08:53:55.850+0000: [GC (Allocation Failure) 2020-10-29T08:53:55.850+0000: [ParNew: 16388K->4K(18432K), 0.0026574 secs] 417563K->401179K(713288K), 0.0027078 secs] [Times: user=0.01 sys=0.00, real=0.01 secs] 
2020-10-29T08:53:55.872+0000: [GC (Allocation Failure) 2020-10-29T08:53:55.872+0000: [ParNew: 16388K->4K(18432K), 0.0026974 secs] 417563K->401179K(713288K), 0.0027548 secs] [Times: user=0.01 sys=0.00, real=0.01 secs] 
2020-10-29T08:53:55.892+0000: [GC (Allocation Failure) 2020-10-29T08:53:55.893+0000: [ParNew: 16388K->4K(18432K), 0.0026675 secs] 417563K->401179K(713288K), 0.0027216 secs] [Times: user=0.00 sys=0.00, real=0.00 secs] 
2020-10-29T08:53:55.911+0000: [GC (Allocation Failure) 2020-10-29T08:53:55.911+0000: [ParNew: 16388K->4K(18432K), 0.0025816 secs] 417563K->401179K(713288K), 0.0026313 secs] [Times: user=0.01 sys=0.00, real=0.01 secs] 
2020-10-29T08:53:55.924+0000: [GC (Allocation Failure) 2020-10-29T08:53:55.925+0000: [ParNew: 16388K->4K(18432K), 0.0036513 secs] 417563K->409371K(713288K), 0.0037084 secs] [Times: user=0.01 sys=0.00, real=0.00 secs] 
2020-10-29T08:53:55.944+0000: [GC (Allocation Failure) 2020-10-29T08:53:55.944+0000: [ParNew: 16388K->4K(18432K), 0.0026998 secs] 425755K->409371K(713288K), 0.0027528 secs] [Times: user=0.00 sys=0.00, real=0.01 secs] 
2020-10-29T08:53:55.963+0000: [GC (Allocation Failure) 2020-10-29T08:53:55.963+0000: [ParNew: 16388K->4K(18432K), 0.0026099 secs] 425755K->409371K(713288K), 0.0026616 secs] [Times: user=0.01 sys=0.00, real=0.01 secs] 
2020-10-29T08:53:55.984+0000: [GC (Allocation Failure) 2020-10-29T08:53:55.985+0000: [ParNew: 16388K->4K(18432K), 0.0027243 secs] 425755K->409371K(713288K), 0.0027799 secs] [Times: user=0.01 sys=0.00, real=0.00 secs] 
2020-10-29T08:53:56.003+0000: [GC (Allocation Failure) 2020-10-29T08:53:56.003+0000: [ParNew: 16388K->4K(18432K), 0.0026034 secs] 425755K->409371K(713288K), 0.0026526 secs] [Times: user=0.00 sys=0.00, real=0.01 secs] 
2020-10-29T08:53:56.021+0000: [GC (Allocation Failure) 2020-10-29T08:53:56.022+0000: [ParNew: 16388K->4K(18432K), 0.0025926 secs] 425755K->409371K(713288K), 0.0026433 secs] [Times: user=0.01 sys=0.00, real=0.00 secs] 
2020-10-29T08:53:56.040+0000: [GC (Allocation Failure) 2020-10-29T08:53:56.040+0000: [ParNew: 16388K->4K(18432K), 0.0025453 secs] 425755K->409371K(713288K), 0.0025951 secs] [Times: user=0.00 sys=0.00, real=0.00 secs] 
2020-10-29T08:53:56.060+0000: [GC (Allocation Failure) 2020-10-29T08:53:56.060+0000: [ParNew: 16388K->4K(18432K), 0.0025574 secs] 425755K->409371K(713288K), 0.0026065 secs] [Times: user=0.00 sys=0.00, real=0.00 secs] 
2020-10-29T08:53:56.079+0000: [GC (Allocation Failure) 2020-10-29T08:53:56.079+0000: [ParNew: 16388K->4K(18432K), 0.0027078 secs] 425755K->409371K(713288K), 0.0027637 secs] [Times: user=0.01 sys=0.00, real=0.00 secs] 
2020-10-29T08:53:56.098+0000: [GC (Allocation Failure) 2020-10-29T08:53:56.098+0000: [ParNew: 16388K->4K(18432K), 0.0026982 secs] 425755K->409371K(713288K), 0.0027520 secs] [Times: user=0.00 sys=0.00, real=0.00 secs] 
2020-10-29T08:53:56.120+0000: [GC (Allocation Failure) 2020-10-29T08:53:56.120+0000: [ParNew: 16388K->4K(18432K), 0.0025985 secs] 425755K->409371K(713288K), 0.0026821 secs] [Times: user=0.00 sys=0.00, real=0.00 secs] 
2020-10-29T08:53:56.140+0000: [GC (Allocation Failure) 2020-10-29T08:53:56.140+0000: [ParNew: 16388K->4K(18432K), 0.0025084 secs] 425755K->409371K(713288K), 0.0025582 secs] [Times: user=0.01 sys=0.00, real=0.00 secs] 
2020-10-29T08:53:56.159+0000: [GC (Allocation Failure) 2020-10-29T08:53:56.159+0000: [ParNew: 16388K->4K(18432K), 0.0025354 secs] 425755K->409371K(713288K), 0.0025843 secs] [Times: user=0.00 sys=0.00, real=0.00 secs] 
2020-10-29T08:53:56.180+0000: [GC (Allocation Failure) 2020-10-29T08:53:56.180+0000: [ParNew: 16388K->4K(18432K), 0.0024737 secs] 425755K->409371K(713288K), 0.0025195 secs] [Times: user=0.00 sys=0.00, real=0.00 secs] 
2020-10-29T08:53:56.200+0000: [GC (Allocation Failure) 2020-10-29T08:53:56.200+0000: [ParNew: 16388K->4K(18432K), 0.0024472 secs] 425755K->409371K(713288K), 0.0024922 secs] [Times: user=0.00 sys=0.00, real=0.00 secs] 
2020-10-29T08:53:56.219+0000: [GC (Allocation Failure) 2020-10-29T08:53:56.219+0000: [ParNew: 16388K->4K(18432K), 0.0024779 secs] 425755K->409371K(713288K), 0.0025241 secs] [Times: user=0.01 sys=0.00, real=0.00 secs] 
2020-10-29T08:53:56.238+0000: [GC (Allocation Failure) 2020-10-29T08:53:56.238+0000: [ParNew: 16388K->4K(18432K), 0.0024480 secs] 425755K->409371K(713288K), 0.0024927 secs] [Times: user=0.01 sys=0.00, real=0.00 secs] 
2020-10-29T08:53:56.256+0000: [GC (Allocation Failure) 2020-10-29T08:53:56.256+0000: [ParNew: 16388K->4K(18432K), 0.0024397 secs] 425755K->409371K(713288K), 0.0024853 secs] [Times: user=0.00 sys=0.00, real=0.00 secs] 
2020-10-29T08:53:56.275+0000: [GC (Allocation Failure) 2020-10-29T08:53:56.275+0000: [ParNew: 16388K->4K(18432K), 0.0024969 secs] 425755K->409371K(713288K), 0.0025436 secs] [Times: user=0.01 sys=0.00, real=0.00 secs] 
2020-10-29T08:53:56.288+0000: [GC (Allocation Failure) 2020-10-29T08:53:56.288+0000: [ParNew: 16388K->4K(18432K), 0.0031005 secs] 425755K->417563K(713288K), 0.0031462 secs] [Times: user=0.01 sys=0.00, real=0.00 secs] 
2020-10-29T08:53:56.307+0000: [GC (Allocation Failure) 2020-10-29T08:53:56.307+0000: [ParNew: 16388K->4K(18432K), 0.0024795 secs] 433947K->417563K(713288K), 0.0025259 secs] [Times: user=0.00 sys=0.00, real=0.00 secs] 
2020-10-29T08:53:56.325+0000: [GC (Allocation Failure) 2020-10-29T08:53:56.325+0000: [ParNew: 16388K->4K(18432K), 0.0024628 secs] 433947K->417563K(713288K), 0.0025103 secs] [Times: user=0.01 sys=0.00, real=0.00 secs] 
2020-10-29T08:53:56.344+0000: [GC (Allocation Failure) 2020-10-29T08:53:56.344+0000: [ParNew: 16388K->4K(18432K), 0.0025278 secs] 433947K->417563K(713288K), 0.0025766 secs] [Times: user=0.01 sys=0.00, real=0.01 secs] 
2020-10-29T08:53:56.364+0000: [GC (Allocation Failure) 2020-10-29T08:53:56.364+0000: [ParNew: 16388K->4K(18432K), 0.0025018 secs] 433947K->417563K(713288K), 0.0025517 secs] [Times: user=0.00 sys=0.00, real=0.00 secs] 
2020-10-29T08:53:56.384+0000: [GC (Allocation Failure) 2020-10-29T08:53:56.384+0000: [ParNew: 16388K->4K(18432K), 0.0025566 secs] 433947K->417563K(713288K), 0.0026089 secs] [Times: user=0.01 sys=0.00, real=0.00 secs] 
2020-10-29T08:53:56.403+0000: [GC (Allocation Failure) 2020-10-29T08:53:56.403+0000: [ParNew: 16388K->4K(18432K), 0.0027309 secs] 433947K->417563K(713288K), 0.0027857 secs] [Times: user=0.00 sys=0.00, real=0.01 secs] 
2020-10-29T08:53:56.421+0000: [GC (Allocation Failure) 2020-10-29T08:53:56.421+0000: [ParNew: 16388K->4K(18432K), 0.0025193 secs] 433947K->417563K(713288K), 0.0025698 secs] [Times: user=0.01 sys=0.00, real=0.00 secs] 
2020-10-29T08:53:56.440+0000: [GC (Allocation Failure) 2020-10-29T08:53:56.440+0000: [ParNew: 16388K->4K(18432K), 0.0025297 secs] 433947K->417563K(713288K), 0.0025923 secs] [Times: user=0.00 sys=0.00, real=0.00 secs] 
2020-10-29T08:53:56.460+0000: [GC (Allocation Failure) 2020-10-29T08:53:56.460+0000: [ParNew: 16388K->4K(18432K), 0.0026093 secs] 433947K->417563K(713288K), 0.0026627 secs] [Times: user=0.01 sys=0.00, real=0.00 secs] 
2020-10-29T08:53:56.480+0000: [GC (Allocation Failure) 2020-10-29T08:53:56.480+0000: [ParNew: 16388K->4K(18432K), 0.0025496 secs] 433947K->417563K(713288K), 0.0026001 secs] [Times: user=0.01 sys=0.00, real=0.00 secs] 
2020-10-29T08:53:56.500+0000: [GC (Allocation Failure) 2020-10-29T08:53:56.500+0000: [ParNew: 16388K->4K(18432K), 0.0025745 secs] 433947K->417563K(713288K), 0.0026254 secs] [Times: user=0.00 sys=0.00, real=0.00 secs] 
2020-10-29T08:53:56.519+0000: [GC (Allocation Failure) 2020-10-29T08:53:56.519+0000: [ParNew: 16388K->4K(18432K), 0.0026568 secs] 433947K->417563K(713288K), 0.0027118 secs] [Times: user=0.01 sys=0.00, real=0.00 secs] 
2020-10-29T08:53:56.537+0000: [GC (Allocation Failure) 2020-10-29T08:53:56.538+0000: [ParNew: 16388K->4K(18432K), 0.0025683 secs] 433947K->417563K(713288K), 0.0026186 secs] [Times: user=0.01 sys=0.00, real=0.00 secs] 
2020-10-29T08:53:56.556+0000: [GC (Allocation Failure) 2020-10-29T08:53:56.556+0000: [ParNew: 16388K->4K(18432K), 0.0030785 secs] 433947K->417563K(713288K), 0.0031629 secs] [Times: user=0.00 sys=0.00, real=0.00 secs] 
2020-10-29T08:53:56.575+0000: [GC (Allocation Failure) 2020-10-29T08:53:56.575+0000: [ParNew: 16388K->4K(18432K), 0.0026611 secs] 433947K->417563K(713288K), 0.0027140 secs] [Times: user=0.00 sys=0.00, real=0.00 secs] 
2020-10-29T08:53:56.616+0000: [GC (Allocation Failure) 2020-10-29T08:53:56.616+0000: [ParNew: 16388K->4K(18432K), 0.0027138 secs] 433947K->417563K(713288K), 0.0027863 secs] [Times: user=0.00 sys=0.00, real=0.00 secs] 
2020-10-29T08:53:56.650+0000: [GC (Allocation Failure) 2020-10-29T08:53:56.650+0000: [ParNew: 16388K->6K(18432K), 0.0026029 secs] 433947K->417565K(713288K), 0.0026555 secs] [Times: user=0.01 sys=0.00, real=0.00 secs] 
2020-10-29T08:53:56.684+0000: [GC (Allocation Failure) 2020-10-29T08:53:56.685+0000: [ParNew: 16390K->6K(18432K), 0.0025815 secs] 433949K->417565K(713288K), 0.0026330 secs] [Times: user=0.00 sys=0.00, real=0.00 secs] 
2020-10-29T08:53:56.720+0000: [GC (Allocation Failure) 2020-10-29T08:53:56.721+0000: [ParNew: 16390K->6K(18432K), 0.0025838 secs] 433949K->417565K(713288K), 0.0026355 secs] [Times: user=0.00 sys=0.00, real=0.00 secs] 
2020-10-29T08:53:56.753+0000: [GC (Allocation Failure) 2020-10-29T08:53:56.753+0000: [ParNew: 16390K->6K(18432K), 0.0026005 secs] 433949K->417565K(713288K), 0.0026528 secs] [Times: user=0.01 sys=0.00, real=0.00 secs] 
2020-10-29T08:53:56.786+0000: [GC (Allocation Failure) 2020-10-29T08:53:56.786+0000: [ParNew: 16390K->6K(18432K), 0.0026112 secs] 433949K->417565K(713288K), 0.0026638 secs] [Times: user=0.01 sys=0.00, real=0.00 secs] 
2020-10-29T08:53:56.817+0000: [GC (Allocation Failure) 2020-10-29T08:53:56.817+0000: [ParNew: 14924K->4K(18432K), 0.0025919 secs] 432484K->417565K(713288K), 0.0026423 secs] [Times: user=0.00 sys=0.00, real=0.00 secs] 
2020-10-29T08:53:56.836+0000: [GC (Allocation Failure) 2020-10-29T08:53:56.837+0000: [ParNew: 16388K->4K(18432K), 0.0153091 secs] 433949K->425757K(713288K), 0.0153611 secs] [Times: user=0.02 sys=0.01, real=0.01 secs] 
2020-10-29T08:53:56.884+0000: [GC (Allocation Failure) 2020-10-29T08:53:56.885+0000: [ParNew: 16388K->4K(18432K), 0.0026680 secs] 442141K->425757K(713288K), 0.0027246 secs] [Times: user=0.00 sys=0.00, real=0.00 secs] 
2020-10-29T08:53:56.918+0000: [GC (Allocation Failure) 2020-10-29T08:53:56.919+0000: [ParNew: 16388K->4K(18432K), 0.0026363 secs] 442141K->425757K(713288K), 0.0026908 secs] [Times: user=0.01 sys=0.00, real=0.00 secs] 
2020-10-29T08:53:56.950+0000: [GC (Allocation Failure) 2020-10-29T08:53:56.950+0000: [ParNew: 16388K->4K(18432K), 0.0026731 secs] 442141K->425757K(713288K), 0.0027276 secs] [Times: user=0.00 sys=0.00, real=0.01 secs] 
2020-10-29T08:53:56.982+0000: [GC (Allocation Failure) 2020-10-29T08:53:56.982+0000: [ParNew: 16388K->4K(18432K), 0.0026703 secs] 442141K->425757K(713288K), 0.0027249 secs] [Times: user=0.01 sys=0.00, real=0.01 secs] 
2020-10-29T08:53:57.020+0000: [GC (Allocation Failure) 2020-10-29T08:53:57.020+0000: [ParNew: 16388K->4K(18432K), 0.0042706 secs] 442141K->425757K(713288K), 0.0043250 secs] [Times: user=0.01 sys=0.00, real=0.01 secs] 
2020-10-29T08:53:57.148+0000: [GC (Allocation Failure) 2020-10-29T08:53:57.148+0000: [ParNew: 16388K->4K(18432K), 0.0026912 secs] 442141K->425757K(713288K), 0.0027488 secs] [Times: user=0.01 sys=0.00, real=0.00 secs] 
2020-10-29T08:53:57.553+0000: [GC (Allocation Failure) 2020-10-29T08:53:57.553+0000: [ParNew: 16388K->4K(18432K), 0.0026477 secs] 442141K->425757K(713288K), 0.0027074 secs] [Times: user=0.01 sys=0.00, real=0.00 secs] 
2020-10-29T08:53:57.882+0000: [GC (Allocation Failure) 2020-10-29T08:53:57.882+0000: [ParNew: 16388K->154K(18432K), 0.0029680 secs] 442141K->425907K(713288K), 0.0030309 secs] [Times: user=0.00 sys=0.00, real=0.01 secs] 
2020-10-29T08:53:58.030+0000: [GC (Allocation Failure) 2020-10-29T08:53:58.030+0000: [ParNew: 16538K->714K(18432K), 0.0046007 secs] 458675K->442852K(713288K), 0.0046556 secs] [Times: user=0.01 sys=0.00, real=0.01 secs] 
2020-10-29T08:53:58.692+0000: [GC (Allocation Failure) 2020-10-29T08:53:58.693+0000: [ParNew: 17098K->852K(18432K), 0.0038009 secs] 459236K->442990K(713288K), 0.0038998 secs] [Times: user=0.01 sys=0.00, real=0.00 secs] 
2020-10-29T08:53:58.826+0000: [GC (Allocation Failure) 2020-10-29T08:53:58.826+0000: [ParNew: 17236K->2048K(18432K), 0.0080644 secs] 459374K->445012K(713288K), 0.0081260 secs] [Times: user=0.02 sys=0.00, real=0.01 secs] 
2020-10-29T08:53:58.888+0000: [GC (Allocation Failure) 2020-10-29T08:53:58.889+0000: [ParNew: 18432K->1383K(18432K), 0.0067191 secs] 477780K->462687K(713288K), 0.0067789 secs] [Times: user=0.01 sys=0.00, real=0.01 secs] 
2020-10-29T08:53:58.931+0000: [GC (Allocation Failure) 2020-10-29T08:53:58.931+0000: [ParNew: 17767K->631K(18432K), 0.0033477 secs] 479071K->461934K(713288K), 0.0034089 secs] [Times: user=0.00 sys=0.00, real=0.01 secs] 
2020-10-29T08:53:58.974+0000: [GC (Allocation Failure) 2020-10-29T08:53:58.974+0000: [ParNew: 17015K->483K(18432K), 0.0029641 secs] 478318K->461787K(713288K), 0.0030164 secs] [Times: user=0.00 sys=0.00, real=0.00 secs] 
2020-10-29T08:53:59.004+0000: [GC (Allocation Failure) 2020-10-29T08:53:59.004+0000: [ParNew: 16867K->843K(18432K), 0.0029411 secs] 478171K->462147K(713288K), 0.0030004 secs] [Times: user=0.01 sys=0.00, real=0.01 secs] 
2020-10-29T08:53:59.037+0000: [GC (Allocation Failure) 2020-10-29T08:53:59.037+0000: [ParNew: 17227K->829K(18432K), 0.0028434 secs] 478531K->462132K(713288K), 0.0029008 secs] [Times: user=0.00 sys=0.00, real=0.00 secs] 
2020-10-29T08:53:59.061+0000: [GC (Allocation Failure) 2020-10-29T08:53:59.062+0000: [ParNew: 17213K->1114K(18432K), 0.0030533 secs] 478516K->462417K(713288K), 0.0031083 secs] [Times: user=0.00 sys=0.00, real=0.01 secs] 
2020-10-29T08:53:59.087+0000: [GC (Allocation Failure) 2020-10-29T08:53:59.087+0000: [ParNew: 17498K->537K(18432K), 0.0029320 secs] 478801K->462404K(713288K), 0.0029870 secs] [Times: user=0.00 sys=0.00, real=0.00 secs] 
2020-10-29T08:53:59.112+0000: [GC (Allocation Failure) 2020-10-29T08:53:59.112+0000: [ParNew: 16921K->1030K(18432K), 0.0028501 secs] 478788K->462898K(713288K), 0.0029041 secs] [Times: user=0.01 sys=0.00, real=0.01 secs] 
2020-10-29T08:53:59.136+0000: [GC (Allocation Failure) 2020-10-29T08:53:59.137+0000: [ParNew: 17414K->1028K(18432K), 0.0030816 secs] 479282K->464431K(713288K), 0.0031351 secs] [Times: user=0.01 sys=0.00, real=0.00 secs] 
2020-10-29T08:53:59.166+0000: [GC (Allocation Failure) 2020-10-29T08:53:59.166+0000: [ParNew: 17412K->4K(18432K), 0.0026385 secs] 480815K->463407K(713288K), 0.0026906 secs] [Times: user=0.01 sys=0.00, real=0.00 secs] 
2020-10-29T08:53:59.190+0000: [GC (Allocation Failure) 2020-10-29T08:53:59.190+0000: [ParNew: 16388K->1028K(18432K), 0.0027282 secs] 479791K->465455K(713288K), 0.0027759 secs] [Times: user=0.00 sys=0.00, real=0.01 secs] 
2020-10-29T08:53:59.221+0000: [GC (Allocation Failure) 2020-10-29T08:53:59.221+0000: [ParNew: 17412K->4K(18432K), 0.0026385 secs] 481839K->464432K(713288K), 0.0026945 secs] [Times: user=0.01 sys=0.00, real=0.00 secs] 
2020-10-29T08:53:59.244+0000: [GC (Allocation Failure) 2020-10-29T08:53:59.245+0000: [ParNew: 16388K->4K(18432K), 0.0026204 secs] 480816K->464432K(713288K), 0.0026749 secs] [Times: user=0.00 sys=0.00, real=0.00 secs] 
2020-10-29T08:53:59.268+0000: [GC (Allocation Failure) 2020-10-29T08:53:59.269+0000: [ParNew: 16388K->4K(18432K), 0.0025037 secs] 480816K->464432K(713288K), 0.0025547 secs] [Times: user=0.00 sys=0.00, real=0.00 secs] 
2020-10-29T08:53:59.289+0000: [GC (Allocation Failure) 2020-10-29T08:53:59.289+0000: [ParNew: 16388K->4K(18432K), 0.0024890 secs] 480816K->464432K(713288K), 0.0025374 secs] [Times: user=0.00 sys=0.00, real=0.00 secs] 
2020-10-29T08:53:59.309+0000: [GC (Allocation Failure) 2020-10-29T08:53:59.309+0000: [ParNew: 16388K->4K(18432K), 0.0025513 secs] 480816K->464432K(713288K), 0.0026055 secs] [Times: user=0.00 sys=0.00, real=0.00 secs] 
2020-10-29T08:53:59.332+0000: [GC (Allocation Failure) 2020-10-29T08:53:59.333+0000: [ParNew: 16388K->4K(18432K), 0.0025426 secs] 480816K->464432K(713288K), 0.0025954 secs] [Times: user=0.01 sys=0.00, real=0.00 secs] 
2020-10-29T08:53:59.360+0000: [GC (Allocation Failure) 2020-10-29T08:53:59.361+0000: [ParNew: 16388K->4K(18432K), 0.0029089 secs] 480816K->466480K(713288K), 0.0029651 secs] [Times: user=0.01 sys=0.00, real=0.00 secs] 
2020-10-29T08:53:59.385+0000: [GC (Allocation Failure) 2020-10-29T08:53:59.385+0000: [ParNew: 16388K->4K(18432K), 0.0025929 secs] 482864K->466480K(713288K), 0.0026479 secs] [Times: user=0.01 sys=0.00, real=0.00 secs] 
2020-10-29T08:53:59.409+0000: [GC (Allocation Failure) 2020-10-29T08:53:59.409+0000: [ParNew: 16388K->4K(18432K), 0.0025967 secs] 482864K->466480K(713288K), 0.0026542 secs] [Times: user=0.00 sys=0.00, real=0.00 secs] 
2020-10-29T08:53:59.435+0000: [GC (Allocation Failure) 2020-10-29T08:53:59.435+0000: [ParNew: 16388K->4K(18432K), 0.0026036 secs] 482864K->466480K(713288K), 0.0026593 secs] [Times: user=0.01 sys=0.00, real=0.00 secs] 
2020-10-29T08:53:59.461+0000: [GC (Allocation Failure) 2020-10-29T08:53:59.461+0000: [ParNew: 16388K->4K(18432K), 0.0026054 secs] 482864K->466480K(713288K), 0.0026596 secs] [Times: user=0.01 sys=0.00, real=0.00 secs] 
2020-10-29T08:53:59.501+0000: [GC (Allocation Failure) 2020-10-29T08:53:59.501+0000: [ParNew: 16388K->4K(18432K), 0.0046919 secs] 482864K->468528K(713288K), 0.0047511 secs] [Times: user=0.01 sys=0.00, real=0.01 secs] 
2020-10-29T08:53:59.532+0000: [GC (Allocation Failure) 2020-10-29T08:53:59.532+0000: [ParNew: 16388K->4K(18432K), 0.0027142 secs] 484912K->468528K(713288K), 0.0027928 secs] [Times: user=0.00 sys=0.00, real=0.01 secs] 
2020-10-29T08:53:59.558+0000: [GC (Allocation Failure) 2020-10-29T08:53:59.558+0000: [ParNew: 16388K->4K(18432K), 0.0035108 secs] 484912K->468528K(713288K), 0.0035927 secs] [Times: user=0.00 sys=0.00, real=0.00 secs] 
2020-10-29T08:53:59.584+0000: [GC (Allocation Failure) 2020-10-29T08:53:59.584+0000: [ParNew: 16388K->4K(18432K), 0.0032275 secs] 484912K->468528K(713288K), 0.0033010 secs] [Times: user=0.00 sys=0.00, real=0.00 secs] 
2020-10-29T08:53:59.624+0000: [GC (Allocation Failure) 2020-10-29T08:53:59.624+0000: [ParNew: 16388K->4K(18432K), 0.0027173 secs] 484912K->468528K(713288K), 0.0027986 secs] [Times: user=0.01 sys=0.00, real=0.01 secs] 
2020-10-29T08:53:59.669+0000: [GC (Allocation Failure) 2020-10-29T08:53:59.669+0000: [ParNew: 16388K->4K(18432K), 0.0026497 secs] 484912K->468528K(713288K), 0.0027080 secs] [Times: user=0.01 sys=0.00, real=0.00 secs] 
2020-10-29T08:53:59.701+0000: [GC (Allocation Failure) 2020-10-29T08:53:59.701+0000: [ParNew: 16388K->4K(18432K), 0.0026401 secs] 484912K->468528K(713288K), 0.0027125 secs] [Times: user=0.01 sys=0.00, real=0.00 secs] 
2020-10-29T08:53:59.728+0000: [GC (Allocation Failure) 2020-10-29T08:53:59.729+0000: [ParNew: 16388K->4K(18432K), 0.0025862 secs] 484912K->468528K(713288K), 0.0026606 secs] [Times: user=0.01 sys=0.00, real=0.00 secs] 
2020-10-29T08:53:59.769+0000: [GC (Allocation Failure) 2020-10-29T08:53:59.769+0000: [ParNew: 16388K->4K(18432K), 0.0026889 secs] 484912K->468528K(713288K), 0.0027660 secs] [Times: user=0.01 sys=0.00, real=0.00 secs] 
2020-10-29T08:53:59.793+0000: [GC (Allocation Failure) 2020-10-29T08:53:59.793+0000: [ParNew: 14294K->4K(18432K), 0.0026380 secs] 482818K->468528K(713288K), 0.0027217 secs] [Times: user=0.00 sys=0.00, real=0.00 secs] 
2020-10-29T08:53:59.812+0000: [GC (Allocation Failure) 2020-10-29T08:53:59.812+0000: [ParNew: 16388K->4K(18432K), 0.0035420 secs] 484912K->472624K(713288K), 0.0036136 secs] [Times: user=0.01 sys=0.00, real=0.00 secs] 
2020-10-29T08:53:59.839+0000: [GC (Allocation Failure) 2020-10-29T08:53:59.839+0000: [ParNew: 16388K->4K(18432K), 0.0026934 secs] 489008K->472624K(713288K), 0.0027657 secs] [Times: user=0.01 sys=0.00, real=0.00 secs] 
2020-10-29T08:53:59.885+0000: [GC (Allocation Failure) 2020-10-29T08:53:59.885+0000: [ParNew: 16388K->4K(18432K), 0.0026940 secs] 489008K->472624K(713288K), 0.0027728 secs] [Times: user=0.00 sys=0.00, real=0.00 secs] 
2020-10-29T08:53:59.926+0000: [GC (Allocation Failure) 2020-10-29T08:53:59.926+0000: [ParNew: 16388K->4K(18432K), 0.0027162 secs] 489008K->472624K(713288K), 0.0027936 secs] [Times: user=0.00 sys=0.00, real=0.00 secs] 
2020-10-29T08:53:59.967+0000: [GC (Allocation Failure) 2020-10-29T08:53:59.967+0000: [ParNew: 16388K->4K(18432K), 0.0091420 secs] 489008K->472624K(713288K), 0.0092213 secs] [Times: user=0.02 sys=0.00, real=0.01 secs] 
2020-10-29T08:54:00.000+0000: [GC (Allocation Failure) 2020-10-29T08:54:00.001+0000: [ParNew: 16388K->4K(18432K), 0.0026438 secs] 489008K->472624K(713288K), 0.0027007 secs] [Times: user=0.00 sys=0.00, real=0.00 secs] 
2020-10-29T08:54:00.021+0000: [GC (Allocation Failure) 2020-10-29T08:54:00.021+0000: [ParNew: 16388K->4K(18432K), 0.0025464 secs] 489008K->472624K(713288K), 0.0025968 secs] [Times: user=0.01 sys=0.00, real=0.00 secs] 
2020-10-29T08:54:00.041+0000: [GC (Allocation Failure) 2020-10-29T08:54:00.041+0000: [ParNew: 16388K->4K(18432K), 0.0024041 secs] 489008K->472624K(713288K), 0.0024513 secs] [Times: user=0.00 sys=0.00, real=0.00 secs] 
2020-10-29T08:54:00.064+0000: [GC (Allocation Failure) 2020-10-29T08:54:00.064+0000: [ParNew: 16388K->4K(18432K), 0.0025330 secs] 489008K->472624K(713288K), 0.0025916 secs] [Times: user=0.00 sys=0.00, real=0.01 secs] 
2020-10-29T08:54:00.084+0000: [GC (Allocation Failure) 2020-10-29T08:54:00.084+0000: [ParNew: 16388K->2K(18432K), 0.0041081 secs] 489008K->472622K(713288K), 0.0041565 secs] [Times: user=0.00 sys=0.00, real=0.01 secs] 
2020-10-29T08:54:00.104+0000: [GC (Allocation Failure) 2020-10-29T08:54:00.104+0000: [ParNew: 16386K->4K(18432K), 0.0025035 secs] 489006K->472624K(713288K), 0.0025577 secs] [Times: user=0.00 sys=0.00, real=0.01 secs] 
2020-10-29T08:54:00.122+0000: [GC (Allocation Failure) 2020-10-29T08:54:00.122+0000: [ParNew: 16388K->4K(18432K), 0.0025798 secs] 489008K->472624K(713288K), 0.0026297 secs] [Times: user=0.01 sys=0.00, real=0.01 secs] 
2020-10-29T08:54:00.140+0000: [GC (Allocation Failure) 2020-10-29T08:54:00.140+0000: [ParNew: 15754K->4K(18432K), 0.0026122 secs] 488375K->472624K(713288K), 0.0026666 secs] [Times: user=0.00 sys=0.00, real=0.00 secs] 
2020-10-29T08:54:00.156+0000: [GC (Allocation Failure) 2020-10-29T08:54:00.157+0000: [ParNew: 16388K->4K(18432K), 0.0050203 secs] 489008K->476721K(713288K), 0.0050785 secs] [Times: user=0.00 sys=0.00, real=0.00 secs] 
2020-10-29T08:54:00.181+0000: [GC (Allocation Failure) 2020-10-29T08:54:00.181+0000: [ParNew: 16388K->4K(18432K), 0.0026642 secs] 493105K->476721K(713288K), 0.0027222 secs] [Times: user=0.00 sys=0.00, real=0.00 secs] 
2020-10-29T08:54:00.201+0000: [GC (Allocation Failure) 2020-10-29T08:54:00.201+0000: [ParNew: 16388K->4K(18432K), 0.0026643 secs] 493105K->476721K(713288K), 0.0027208 secs] [Times: user=0.00 sys=0.00, real=0.00 secs] 
2020-10-29T08:54:00.221+0000: [GC (Allocation Failure) 2020-10-29T08:54:00.221+0000: [ParNew: 16388K->4K(18432K), 0.0026538 secs] 493105K->476721K(713288K), 0.0027111 secs] [Times: user=0.01 sys=0.00, real=0.00 secs] 
2020-10-29T08:54:00.239+0000: [GC (Allocation Failure) 2020-10-29T08:54:00.239+0000: [ParNew: 16388K->4K(18432K), 0.0025824 secs] 493105K->476721K(713288K), 0.0026361 secs] [Times: user=0.00 sys=0.00, real=0.00 secs] 
2020-10-29T08:54:00.260+0000: [GC (Allocation Failure) 2020-10-29T08:54:00.261+0000: [ParNew: 16388K->4K(18432K), 0.0025147 secs] 493105K->476721K(713288K), 0.0025661 secs] [Times: user=0.00 sys=0.00, real=0.00 secs] 
2020-10-29T08:54:00.280+0000: [GC (Allocation Failure) 2020-10-29T08:54:00.281+0000: [ParNew: 16388K->4K(18432K), 0.0025629 secs] 493105K->476721K(713288K), 0.0026167 secs] [Times: user=0.00 sys=0.00, real=0.00 secs] 
2020-10-29T08:54:00.299+0000: [GC (Allocation Failure) 2020-10-29T08:54:00.299+0000: [ParNew: 16388K->4K(18432K), 0.0025516 secs] 493105K->476721K(713288K), 0.0026043 secs] [Times: user=0.01 sys=0.00, real=0.00 secs] 
2020-10-29T08:54:00.317+0000: [GC (Allocation Failure) 2020-10-29T08:54:00.317+0000: [ParNew: 16388K->4K(18432K), 0.0025066 secs] 493105K->476721K(713288K), 0.0025569 secs] [Times: user=0.01 sys=0.00, real=0.00 secs] 
2020-10-29T08:54:00.336+0000: [GC (Allocation Failure) 2020-10-29T08:54:00.337+0000: [ParNew: 16388K->4K(18432K), 0.0025866 secs] 493105K->476721K(713288K), 0.0026399 secs] [Times: user=0.00 sys=0.00, real=0.00 secs] 
2020-10-29T08:54:00.356+0000: [GC (Allocation Failure) 2020-10-29T08:54:00.357+0000: [ParNew: 16388K->4K(18432K), 0.0025424 secs] 493105K->476721K(713288K), 0.0025910 secs] [Times: user=0.01 sys=0.00, real=0.00 secs] 
2020-10-29T08:54:00.375+0000: [GC (Allocation Failure) 2020-10-29T08:54:00.375+0000: [ParNew: 16388K->4K(18432K), 0.0024763 secs] 493105K->476721K(713288K), 0.0025264 secs] [Times: user=0.01 sys=0.00, real=0.00 secs] 
2020-10-29T08:54:00.396+0000: [GC (Allocation Failure) 2020-10-29T08:54:00.397+0000: [ParNew: 16388K->4K(18432K), 0.0026272 secs] 493105K->476721K(713288K), 0.0026783 secs] [Times: user=0.00 sys=0.00, real=0.00 secs] 
2020-10-29T08:54:00.416+0000: [GC (Allocation Failure) 2020-10-29T08:54:00.417+0000: [ParNew: 16388K->4K(18432K), 0.0024926 secs] 493105K->476721K(713288K), 0.0025435 secs] [Times: user=0.01 sys=0.00, real=0.00 secs] 
2020-10-29T08:54:00.439+0000: [GC (Allocation Failure) 2020-10-29T08:54:00.439+0000: [ParNew: 16388K->4K(18432K), 0.0025041 secs] 493105K->476721K(713288K), 0.0025530 secs] [Times: user=0.01 sys=0.00, real=0.00 secs] 
2020-10-29T08:54:00.460+0000: [GC (Allocation Failure) 2020-10-29T08:54:00.460+0000: [ParNew: 16388K->4K(18432K), 0.0024438 secs] 493105K->476721K(713288K), 0.0024919 secs] [Times: user=0.00 sys=0.00, real=0.00 secs] 
2020-10-29T08:54:00.480+0000: [GC (Allocation Failure) 2020-10-29T08:54:00.481+0000: [ParNew: 16388K->4K(18432K), 0.0024594 secs] 493105K->476721K(713288K), 0.0025095 secs] [Times: user=0.01 sys=0.00, real=0.00 secs] 
2020-10-29T08:54:00.500+0000: [GC (Allocation Failure) 2020-10-29T08:54:00.500+0000: [ParNew: 16388K->4K(18432K), 0.0024468 secs] 493105K->476721K(713288K), 0.0024956 secs] [Times: user=0.00 sys=0.00, real=0.00 secs] 
2020-10-29T08:54:00.520+0000: [GC (Allocation Failure) 2020-10-29T08:54:00.520+0000: [ParNew: 16388K->4K(18432K), 0.0024394 secs] 493105K->476721K(713288K), 0.0024864 secs] [Times: user=0.01 sys=0.00, real=0.00 secs] 
2020-10-29T08:54:00.539+0000: [GC (Allocation Failure) 2020-10-29T08:54:00.539+0000: [ParNew: 16388K->4K(18432K), 0.0025297 secs] 493105K->476721K(713288K), 0.0025808 secs] [Times: user=0.00 sys=0.00, real=0.00 secs] 
2020-10-29T08:54:00.561+0000: [GC (Allocation Failure) 2020-10-29T08:54:00.561+0000: [ParNew: 16388K->4K(18432K), 0.0031786 secs] 493105K->476721K(713288K), 0.0032538 secs] [Times: user=0.01 sys=0.00, real=0.00 secs] 
2020-10-29T08:54:00.581+0000: [GC (Allocation Failure) 2020-10-29T08:54:00.581+0000: [ParNew: 16388K->4K(18432K), 0.0026366 secs] 493105K->476721K(713288K), 0.0026931 secs] [Times: user=0.01 sys=0.00, real=0.00 secs] 
2020-10-29T08:54:00.600+0000: [GC (Allocation Failure) 2020-10-29T08:54:00.601+0000: [ParNew: 16388K->4K(18432K), 0.0025595 secs] 493105K->476721K(713288K), 0.0026119 secs] [Times: user=0.00 sys=0.00, real=0.00 secs] 
2020-10-29T08:54:00.621+0000: [GC (Allocation Failure) 2020-10-29T08:54:00.621+0000: [ParNew: 16388K->4K(18432K), 0.0024778 secs] 493105K->476721K(713288K), 0.0025283 secs] [Times: user=0.00 sys=0.00, real=0.00 secs] 
2020-10-29T08:54:00.640+0000: [GC (Allocation Failure) 2020-10-29T08:54:00.641+0000: [ParNew: 16388K->4K(18432K), 0.0024910 secs] 493105K->476721K(713288K), 0.0025405 secs] [Times: user=0.00 sys=0.00, real=0.00 secs] 
2020-10-29T08:54:00.660+0000: [GC (Allocation Failure) 2020-10-29T08:54:00.661+0000: [ParNew: 16388K->4K(18432K), 0.0025874 secs] 493105K->476721K(713288K), 0.0026407 secs] [Times: user=0.01 sys=0.00, real=0.00 secs] 
2020-10-29T08:54:00.680+0000: [GC (Allocation Failure) 2020-10-29T08:54:00.681+0000: [ParNew: 16388K->4K(18432K), 0.0025649 secs] 493105K->476721K(713288K), 0.0026145 secs] [Times: user=0.00 sys=0.00, real=0.00 secs] 
2020-10-29T08:54:00.699+0000: [GC (Allocation Failure) 2020-10-29T08:54:00.699+0000: [ParNew: 16388K->4K(18432K), 0.0026384 secs] 493105K->476721K(713288K), 0.0026905 secs] [Times: user=0.01 sys=0.00, real=0.00 secs] 
2020-10-29T08:54:00.717+0000: [GC (Allocation Failure) 2020-10-29T08:54:00.717+0000: [ParNew: 16388K->4K(18432K), 0.0024740 secs] 493105K->476721K(713288K), 0.0025267 secs] [Times: user=0.01 sys=0.00, real=0.00 secs] 
2020-10-29T08:54:00.740+0000: [GC (Allocation Failure) 2020-10-29T08:54:00.741+0000: [ParNew: 16388K->4K(18432K), 0.0025756 secs] 493105K->476721K(713288K), 0.0026315 secs] [Times: user=0.01 sys=0.00, real=0.00 secs] 
2020-10-29T08:54:00.760+0000: [GC (Allocation Failure) 2020-10-29T08:54:00.761+0000: [ParNew: 16388K->4K(18432K), 0.0024592 secs] 493105K->476721K(713288K), 0.0025082 secs] [Times: user=0.00 sys=0.00, real=0.00 secs] 
2020-10-29T08:54:00.780+0000: [GC (Allocation Failure) 2020-10-29T08:54:00.781+0000: [ParNew: 16388K->4K(18432K), 0.0024419 secs] 493105K->476721K(713288K), 0.0024919 secs] [Times: user=0.01 sys=0.00, real=0.00 secs] 
2020-10-29T08:54:00.798+0000: [GC (Allocation Failure) 2020-10-29T08:54:00.799+0000: [ParNew: 16388K->4K(18432K), 0.0025142 secs] 493105K->476721K(713288K), 0.0025672 secs] [Times: user=0.00 sys=0.00, real=0.00 secs] 
2020-10-29T08:54:00.817+0000: [GC (Allocation Failure) 2020-10-29T08:54:00.817+0000: [ParNew: 16388K->4K(18432K), 0.0024510 secs] 493105K->476721K(713288K), 0.0024993 secs] [Times: user=0.01 sys=0.00, real=0.00 secs] 
2020-10-29T08:54:00.835+0000: [GC (Allocation Failure) 2020-10-29T08:54:00.835+0000: [ParNew: 16388K->4K(18432K), 0.0025993 secs] 493105K->476721K(713288K), 0.0026537 secs] [Times: user=0.01 sys=0.00, real=0.00 secs] 
2020-10-29T08:54:00.856+0000: [GC (Allocation Failure) 2020-10-29T08:54:00.856+0000: [ParNew: 16388K->4K(18432K), 0.0025897 secs] 493105K->476721K(713288K), 0.0026449 secs] [Times: user=0.00 sys=0.00, real=0.00 secs] 
2020-10-29T08:54:00.876+0000: [GC (Allocation Failure) 2020-10-29T08:54:00.877+0000: [ParNew: 16388K->4K(18432K), 0.0024993 secs] 493105K->476721K(713288K), 0.0025556 secs] [Times: user=0.01 sys=0.00, real=0.00 secs] 
2020-10-29T08:54:00.895+0000: [GC (Allocation Failure) 2020-10-29T08:54:00.895+0000: [ParNew: 16388K->4K(18432K), 0.0026680 secs] 493105K->476721K(713288K), 0.0027261 secs] [Times: user=0.00 sys=0.00, real=0.00 secs] 
2020-10-29T08:54:00.913+0000: [GC (Allocation Failure) 2020-10-29T08:54:00.913+0000: [ParNew: 16388K->4K(18432K), 0.0026385 secs] 493105K->476721K(713288K), 0.0026946 secs] [Times: user=0.01 sys=0.00, real=0.00 secs] 
2020-10-29T08:54:00.931+0000: [GC (Allocation Failure) 2020-10-29T08:54:00.931+0000: [ParNew: 16388K->4K(18432K), 0.0025154 secs] 493105K->476721K(713288K), 0.0025645 secs] [Times: user=0.01 sys=0.00, real=0.01 secs] 
2020-10-29T08:54:00.950+0000: [GC (Allocation Failure) 2020-10-29T08:54:00.950+0000: [ParNew: 16388K->4K(18432K), 0.0026344 secs] 493105K->476721K(713288K), 0.0026917 secs] [Times: user=0.01 sys=0.00, real=0.01 secs] 
2020-10-29T08:54:00.972+0000: [GC (Allocation Failure) 2020-10-29T08:54:00.972+0000: [ParNew: 16388K->4K(18432K), 0.0025870 secs] 493105K->476721K(713288K), 0.0026355 secs] [Times: user=0.00 sys=0.00, real=0.00 secs] 
2020-10-29T08:54:00.992+0000: [GC (Allocation Failure) 2020-10-29T08:54:00.992+0000: [ParNew: 16388K->4K(18432K), 0.0024731 secs] 493105K->476721K(713288K), 0.0025215 secs] [Times: user=0.00 sys=0.00, real=0.00 secs] 
2020-10-29T08:54:01.012+0000: [GC (Allocation Failure) 2020-10-29T08:54:01.013+0000: [ParNew: 16388K->4K(18432K), 0.0025767 secs] 493105K->476721K(713288K), 0.0026324 secs] [Times: user=0.00 sys=0.00, real=0.00 secs] 
2020-10-29T08:54:01.031+0000: [GC (Allocation Failure) 2020-10-29T08:54:01.031+0000: [ParNew: 16388K->4K(18432K), 0.0025159 secs] 493105K->476721K(713288K), 0.0025665 secs] [Times: user=0.01 sys=0.00, real=0.01 secs] 
2020-10-29T08:54:01.049+0000: [GC (Allocation Failure) 2020-10-29T08:54:01.049+0000: [ParNew: 16388K->4K(18432K), 0.0024599 secs] 493105K->476721K(713288K), 0.0025095 secs] [Times: user=0.00 sys=0.00, real=0.00 secs] 
2020-10-29T08:54:01.069+0000: [GC (Allocation Failure) 2020-10-29T08:54:01.069+0000: [ParNew: 16388K->4K(18432K), 0.0026616 secs] 493105K->476721K(713288K), 0.0027200 secs] [Times: user=0.01 sys=0.00, real=0.00 secs] 
2020-10-29T08:54:01.089+0000: [GC (Allocation Failure) 2020-10-29T08:54:01.089+0000: [ParNew: 16388K->4K(18432K), 0.0026664 secs] 493105K->476721K(713288K), 0.0027259 secs] [Times: user=0.01 sys=0.00, real=0.00 secs] 
2020-10-29T08:54:01.107+0000: [GC (Allocation Failure) 2020-10-29T08:54:01.107+0000: [ParNew: 16388K->4K(18432K), 0.0027406 secs] 493105K->476721K(713288K), 0.0028000 secs] [Times: user=0.00 sys=0.00, real=0.00 secs] 
2020-10-29T08:54:01.125+0000: [GC (Allocation Failure) 2020-10-29T08:54:01.125+0000: [ParNew: 16388K->4K(18432K), 0.0027305 secs] 493105K->476721K(713288K), 0.0027888 secs] [Times: user=0.01 sys=0.00, real=0.00 secs] 
2020-10-29T08:54:01.148+0000: [GC (Allocation Failure) 2020-10-29T08:54:01.148+0000: [ParNew: 16388K->4K(18432K), 0.0026303 secs] 493105K->476721K(713288K), 0.0027071 secs] [Times: user=0.01 sys=0.00, real=0.00 secs] 
2020-10-29T08:54:01.168+0000: [GC (Allocation Failure) 2020-10-29T08:54:01.169+0000: [ParNew: 16388K->4K(18432K), 0.0026363 secs] 493105K->476721K(713288K), 0.0026916 secs] [Times: user=0.01 sys=0.00, real=0.00 secs] 
2020-10-29T08:54:01.189+0000: [GC (Allocation Failure) 2020-10-29T08:54:01.189+0000: [ParNew: 16388K->4K(18432K), 0.0027116 secs] 493105K->476721K(713288K), 0.0027721 secs] [Times: user=0.00 sys=0.00, real=0.00 secs] 
2020-10-29T08:54:01.207+0000: [GC (Allocation Failure) 2020-10-29T08:54:01.207+0000: [ParNew: 16388K->4K(18432K), 0.0026847 secs] 493105K->476721K(713288K), 0.0027429 secs] [Times: user=0.01 sys=0.00, real=0.00 secs] 
2020-10-29T08:54:01.225+0000: [GC (Allocation Failure) 2020-10-29T08:54:01.226+0000: [ParNew: 16388K->4K(18432K), 0.0026704 secs] 493105K->476721K(713288K), 0.0027275 secs] [Times: user=0.00 sys=0.00, real=0.00 secs] 
2020-10-29T08:54:01.244+0000: [GC (Allocation Failure) 2020-10-29T08:54:01.245+0000: [ParNew: 16388K->4K(18432K), 0.0026075 secs] 493105K->476721K(713288K), 0.0026638 secs] [Times: user=0.01 sys=0.00, real=0.00 secs] 
2020-10-29T08:54:01.263+0000: [GC (Allocation Failure) 2020-10-29T08:54:01.263+0000: [ParNew: 16388K->4K(18432K), 0.0025917 secs] 493105K->476721K(713288K), 0.0026449 secs] [Times: user=0.00 sys=0.00, real=0.01 secs] 
2020-10-29T08:54:01.284+0000: [GC (Allocation Failure) 2020-10-29T08:54:01.285+0000: [ParNew: 16388K->4K(18432K), 0.0025604 secs] 493105K->476721K(713288K), 0.0026142 secs] [Times: user=0.00 sys=0.00, real=0.00 secs] 
2020-10-29T08:54:01.303+0000: [GC (Allocation Failure) 2020-10-29T08:54:01.303+0000: [ParNew: 16388K->4K(18432K), 0.0025216 secs] 493105K->476721K(713288K), 0.0025731 secs] [Times: user=0.00 sys=0.00, real=0.01 secs] 
2020-10-29T08:54:01.321+0000: [GC (Allocation Failure) 2020-10-29T08:54:01.321+0000: [ParNew: 16388K->4K(18432K), 0.0024925 secs] 493105K->476721K(713288K), 0.0025438 secs] [Times: user=0.00 sys=0.00, real=0.00 secs] 
2020-10-29T08:54:01.341+0000: [GC (Allocation Failure) 2020-10-29T08:54:01.341+0000: [ParNew: 16388K->4K(18432K), 0.0024960 secs] 493105K->476721K(713288K), 0.0025476 secs] [Times: user=0.00 sys=0.00, real=0.00 secs] 
2020-10-29T08:54:01.359+0000: [GC (Allocation Failure) 2020-10-29T08:54:01.359+0000: [ParNew: 16388K->4K(18432K), 0.0027146 secs] 493105K->476721K(713288K), 0.0027712 secs] [Times: user=0.01 sys=0.00, real=0.00 secs] 
2020-10-29T08:54:01.377+0000: [GC (Allocation Failure) 2020-10-29T08:54:01.377+0000: [ParNew: 16388K->4K(18432K), 0.0025638 secs] 493105K->476721K(713288K), 0.0026130 secs] [Times: user=0.00 sys=0.00, real=0.00 secs] 
2020-10-29T08:54:01.395+0000: [GC (Allocation Failure) 2020-10-29T08:54:01.395+0000: [ParNew: 16388K->4K(18432K), 0.0024990 secs] 493105K->476721K(713288K), 0.0025498 secs] [Times: user=0.01 sys=0.00, real=0.00 secs] 
2020-10-29T08:54:01.413+0000: [GC (Allocation Failure) 2020-10-29T08:54:01.413+0000: [ParNew: 16388K->4K(18432K), 0.0025740 secs] 493105K->476721K(713288K), 0.0026288 secs] [Times: user=0.00 sys=0.00, real=0.00 secs] 
2020-10-29T08:54:01.431+0000: [GC (Allocation Failure) 2020-10-29T08:54:01.431+0000: [ParNew: 16388K->4K(18432K), 0.0025792 secs] 493105K->476721K(713288K), 0.0026318 secs] [Times: user=0.01 sys=0.00, real=0.01 secs] 
2020-10-29T08:54:01.450+0000: [GC (Allocation Failure) 2020-10-29T08:54:01.450+0000: [ParNew: 16388K->4K(18432K), 0.0025487 secs] 493105K->476721K(713288K), 0.0025993 secs] [Times: user=0.00 sys=0.00, real=0.00 secs] 
2020-10-29T08:54:01.468+0000: [GC (Allocation Failure) 2020-10-29T08:54:01.468+0000: [ParNew: 16388K->4K(18432K), 0.0026781 secs] 493105K->476721K(713288K), 0.0027498 secs] [Times: user=0.01 sys=0.00, real=0.00 secs] 
2020-10-29T08:54:01.486+0000: [GC (Allocation Failure) 2020-10-29T08:54:01.486+0000: [ParNew: 16388K->4K(18432K), 0.0026805 secs] 493105K->476721K(713288K), 0.0027382 secs] [Times: user=0.01 sys=0.00, real=0.00 secs] 
2020-10-29T08:54:01.505+0000: [GC (Allocation Failure) 2020-10-29T08:54:01.505+0000: [ParNew: 16388K->4K(18432K), 0.0026979 secs] 493105K->476721K(713288K), 0.0027542 secs] [Times: user=0.00 sys=0.00, real=0.00 secs] 
2020-10-29T08:54:01.524+0000: [GC (Allocation Failure) 2020-10-29T08:54:01.525+0000: [ParNew: 16388K->4K(18432K), 0.0025499 secs] 493105K->476721K(713288K), 0.0026017 secs] [Times: user=0.00 sys=0.00, real=0.00 secs] 
2020-10-29T08:54:01.543+0000: [GC (Allocation Failure) 2020-10-29T08:54:01.543+0000: [ParNew: 16388K->4K(18432K), 0.0025872 secs] 493105K->476721K(713288K), 0.0026410 secs] [Times: user=0.01 sys=0.00, real=0.01 secs] 
2020-10-29T08:54:01.564+0000: [GC (Allocation Failure) 2020-10-29T08:54:01.565+0000: [ParNew: 16388K->4K(18432K), 0.0026252 secs] 493105K->476721K(713288K), 0.0026817 secs] [Times: user=0.00 sys=0.00, real=0.00 secs] 
2020-10-29T08:54:01.583+0000: [GC (Allocation Failure) 2020-10-29T08:54:01.583+0000: [ParNew: 16388K->4K(18432K), 0.0026894 secs] 493105K->476721K(713288K), 0.0027462 secs] [Times: user=0.01 sys=0.00, real=0.01 secs] 
2020-10-29T08:54:01.607+0000: [GC (Allocation Failure) 2020-10-29T08:54:01.607+0000: [ParNew: 16388K->2K(18432K), 0.0057205 secs] 493105K->476719K(713288K), 0.0057848 secs] [Times: user=0.01 sys=0.00, real=0.01 secs] 
2020-10-29T08:54:01.628+0000: [GC (Allocation Failure) 2020-10-29T08:54:01.629+0000: [ParNew: 16386K->4K(18432K), 0.0026483 secs] 493103K->476721K(713288K), 0.0027046 secs] [Times: user=0.01 sys=0.00, real=0.00 secs] 
2020-10-29T08:54:01.647+0000: [GC (Allocation Failure) 2020-10-29T08:54:01.647+0000: [ParNew: 16388K->4K(18432K), 0.0026211 secs] 493105K->476721K(713288K), 0.0026752 secs] [Times: user=0.00 sys=0.00, real=0.00 secs] 
2020-10-29T08:54:01.665+0000: [GC (Allocation Failure) 2020-10-29T08:54:01.665+0000: [ParNew: 16388K->4K(18432K), 0.0027108 secs] 493105K->476721K(713288K), 0.0027678 secs] [Times: user=0.01 sys=0.00, real=0.00 secs] 
2020-10-29T08:54:01.684+0000: [GC (Allocation Failure) 2020-10-29T08:54:01.685+0000: [ParNew: 16388K->4K(18432K), 0.0026014 secs] 493105K->476721K(713288K), 0.0026575 secs] [Times: user=0.00 sys=0.00, real=0.00 secs] 
2020-10-29T08:54:01.705+0000: [GC (Allocation Failure) 2020-10-29T08:54:01.705+0000: [ParNew: 16388K->4K(18432K), 0.0025908 secs] 493105K->476721K(713288K), 0.0026451 secs] [Times: user=0.00 sys=0.00, real=0.00 secs] 
2020-10-29T08:54:01.724+0000: [GC (Allocation Failure) 2020-10-29T08:54:01.725+0000: [ParNew: 16388K->4K(18432K), 0.0024629 secs] 493105K->476721K(713288K), 0.0025224 secs] [Times: user=0.01 sys=0.00, real=0.00 secs] 
2020-10-29T08:54:01.743+0000: [GC (Allocation Failure) 2020-10-29T08:54:01.743+0000: [ParNew: 16388K->4K(18432K), 0.0024528 secs] 493105K->476721K(713288K), 0.0025002 secs] [Times: user=0.00 sys=0.00, real=0.01 secs] 
2020-10-29T08:54:01.761+0000: [GC (Allocation Failure) 2020-10-29T08:54:01.761+0000: [ParNew: 16388K->4K(18432K), 0.0026057 secs] 493105K->476721K(713288K), 0.0026611 secs] [Times: user=0.01 sys=0.00, real=0.00 secs] 
2020-10-29T08:54:01.780+0000: [GC (Allocation Failure) 2020-10-29T08:54:01.781+0000: [ParNew: 16388K->4K(18432K), 0.0026225 secs] 493105K->476721K(713288K), 0.0026752 secs] [Times: user=0.00 sys=0.00, real=0.00 secs] 
2020-10-29T08:54:01.799+0000: [GC (Allocation Failure) 2020-10-29T08:54:01.799+0000: [ParNew: 16388K->4K(18432K), 0.0026015 secs] 493105K->476721K(713288K), 0.0026537 secs] [Times: user=0.01 sys=0.00, real=0.00 secs] 
2020-10-29T08:54:01.817+0000: [GC (Allocation Failure) 2020-10-29T08:54:01.817+0000: [ParNew: 16388K->4K(18432K), 0.0026294 secs] 493105K->476721K(713288K), 0.0026863 secs] [Times: user=0.00 sys=0.00, real=0.00 secs] 
2020-10-29T08:54:01.835+0000: [GC (Allocation Failure) 2020-10-29T08:54:01.835+0000: [ParNew: 16388K->4K(18432K), 0.0026547 secs] 493105K->476721K(713288K), 0.0027115 secs] [Times: user=0.01 sys=0.00, real=0.00 secs] 
2020-10-29T08:54:01.856+0000: [GC (Allocation Failure) 2020-10-29T08:54:01.857+0000: [ParNew: 16388K->4K(18432K), 0.0026259 secs] 493105K->476721K(713288K), 0.0026835 secs] [Times: user=0.00 sys=0.00, real=0.00 secs] 
2020-10-29T08:54:01.879+0000: [GC (Allocation Failure) 2020-10-29T08:54:01.879+0000: [ParNew: 16388K->4K(18432K), 0.0026697 secs] 493105K->476721K(713288K), 0.0027278 secs] [Times: user=0.01 sys=0.00, real=0.00 secs] 
2020-10-29T08:54:01.900+0000: [GC (Allocation Failure) 2020-10-29T08:54:01.901+0000: [ParNew: 16388K->4K(18432K), 0.0026769 secs] 493105K->476721K(713288K), 0.0027355 secs] [Times: user=0.00 sys=0.00, real=0.00 secs] 
2020-10-29T08:54:01.919+0000: [GC (Allocation Failure) 2020-10-29T08:54:01.919+0000: [ParNew: 16388K->4K(18432K), 0.0027083 secs] 493105K->476721K(713288K), 0.0027669 secs] [Times: user=0.01 sys=0.00, real=0.00 secs] 
2020-10-29T08:54:01.937+0000: [GC (Allocation Failure) 2020-10-29T08:54:01.937+0000: [ParNew: 16388K->4K(18432K), 0.0026585 secs] 493105K->476721K(713288K), 0.0027178 secs] [Times: user=0.01 sys=0.00, real=0.00 secs] 
2020-10-29T08:54:01.956+0000: [GC (Allocation Failure) 2020-10-29T08:54:01.956+0000: [ParNew: 16388K->4K(18432K), 0.0026965 secs] 493105K->476721K(713288K), 0.0027547 secs] [Times: user=0.01 sys=0.00, real=0.00 secs] 
2020-10-29T08:54:01.975+0000: [GC (Allocation Failure) 2020-10-29T08:54:01.975+0000: [ParNew: 16388K->4K(18432K), 0.0027050 secs] 493105K->476721K(713288K), 0.0027651 secs] [Times: user=0.00 sys=0.00, real=0.00 secs] 
2020-10-29T08:54:02.003+0000: [GC (Allocation Failure) 2020-10-29T08:54:02.003+0000: [ParNew: 16388K->4K(18432K), 0.0027034 secs] 509490K->493106K(713288K), 0.0027634 secs] [Times: user=0.00 sys=0.00, real=0.01 secs] 
2020-10-29T08:54:02.006+0000: [GC (CMS Initial Mark) [1 CMS-initial-mark: 493101K(694856K)] 493326K(713288K), 0.0013489 secs] [Times: user=0.00 sys=0.00, real=0.00 secs] 
2020-10-29T08:54:02.008+0000: [CMS-concurrent-mark-start]
2020-10-29T08:54:02.032+0000: [GC (Allocation Failure) 2020-10-29T08:54:02.033+0000: [ParNew: 16388K->4K(18432K), 0.0026442 secs] 509490K->493106K(713288K), 0.0027050 secs] [Times: user=0.00 sys=0.00, real=0.00 secs] 
2020-10-29T08:54:02.060+0000: [GC (Allocation Failure) 2020-10-29T08:54:02.060+0000: [ParNew: 16388K->4K(18432K), 0.0026739 secs] 509490K->493106K(713288K), 0.0027342 secs] [Times: user=0.01 sys=0.00, real=0.00 secs] 
2020-10-29T08:54:02.085+0000: [GC (Allocation Failure) 2020-10-29T08:54:02.085+0000: [ParNew: 16388K->4K(18432K), 0.0026762 secs] 509490K->493106K(713288K), 0.0027354 secs] [Times: user=0.01 sys=0.00, real=0.00 secs] 
2020-10-29T08:54:02.105+0000: [GC (Allocation Failure) 2020-10-29T08:54:02.105+0000: [ParNew: 16388K->4K(18432K), 0.0026566 secs] 509490K->493106K(713288K), 0.0027173 secs] [Times: user=0.01 sys=0.00, real=0.00 secs] 
2020-10-29T08:54:02.127+0000: [CMS-concurrent-mark: 0.099/0.119 secs] [Times: user=0.22 sys=0.01, real=0.12 secs] 
2020-10-29T08:54:02.127+0000: [GC (Allocation Failure) 2020-10-29T08:54:02.127+0000: [ParNew: 16388K->4K(18432K), 0.0026322 secs] 509490K->493106K(713288K), 0.0026752 secs] [Times: user=0.00 sys=0.00, real=0.00 secs] 
2020-10-29T08:54:02.130+0000: [CMS-concurrent-preclean-start]
2020-10-29T08:54:02.132+0000: [CMS-concurrent-preclean: 0.002/0.002 secs] [Times: user=0.01 sys=0.00, real=0.00 secs] 
2020-10-29T08:54:02.136+0000: [GC (CMS Final Remark) [YG occupancy: 1302 K (18432 K)]2020-10-29T08:54:02.136+0000: [Rescan (parallel) , 0.0021761 secs]2020-10-29T08:54:02.138+0000: [weak refs processing, 0.0002442 secs]2020-10-29T08:54:02.139+0000: [class unloading, 0.0111285 secs]2020-10-29T08:54:02.150+0000: [scrub symbol table, 0.0092155 secs]2020-10-29T08:54:02.159+0000: [scrub string table, 0.0005833 secs][1 CMS-remark: 493102K(694856K)] 494404K(713288K), 0.0235287 secs] [Times: user=0.03 sys=0.00, real=0.02 secs] 
2020-10-29T08:54:02.164+0000: [CMS-concurrent-sweep-start]
2020-10-29T08:54:02.181+0000: [GC (Allocation Failure) 2020-10-29T08:54:02.181+0000: [ParNew: 16388K->4K(18432K), 0.0028730 secs] 509107K->492723K(713288K), 0.0029600 secs] [Times: user=0.01 sys=0.00, real=0.00 secs] 
2020-10-29T08:54:02.185+0000: [CMS-concurrent-sweep: 0.018/0.021 secs] [Times: user=0.04 sys=0.00, real=0.02 secs] 
2020-10-29T08:54:02.186+0000: [CMS-concurrent-reset-start]
2020-10-29T08:54:02.187+0000: [CMS-concurrent-reset: 0.002/0.002 secs] [Times: user=0.00 sys=0.00, real=0.00 secs] 
2020-10-29T08:54:02.201+0000: [GC (Allocation Failure) 2020-10-29T08:54:02.201+0000: [ParNew: 16388K->4K(18432K), 0.0026574 secs] 279167K->262783K(713288K), 0.0027080 secs] [Times: user=0.01 sys=0.00, real=0.00 secs] 
2020-10-29T08:54:02.220+0000: [GC (Allocation Failure) 2020-10-29T08:54:02.220+0000: [ParNew: 16388K->4K(18432K), 0.0026503 secs] 279167K->262783K(713288K), 0.0027049 secs] [Times: user=0.00 sys=0.00, real=0.00 secs] 
2020-10-29T08:54:02.238+0000: [GC (Allocation Failure) 2020-10-29T08:54:02.238+0000: [ParNew: 16388K->4K(18432K), 0.0026061 secs] 279167K->262783K(713288K), 0.0026575 secs] [Times: user=0.01 sys=0.00, real=0.00 secs] 
2020-10-29T08:54:02.257+0000: [GC (Allocation Failure) 2020-10-29T08:54:02.257+0000: [ParNew: 16388K->4K(18432K), 0.0025479 secs] 279167K->262783K(713288K), 0.0026009 secs] [Times: user=0.01 sys=0.00, real=0.00 secs] 
2020-10-29T08:54:02.275+0000: [GC (Allocation Failure) 2020-10-29T08:54:02.275+0000: [ParNew: 16388K->4K(18432K), 0.0025104 secs] 279167K->262783K(713288K), 0.0025596 secs] [Times: user=0.00 sys=0.00, real=0.00 secs] 
2020-10-29T08:54:02.293+0000: [GC (Allocation Failure) 2020-10-29T08:54:02.293+0000: [ParNew: 16388K->4K(18432K), 0.0024934 secs] 279167K->262783K(713288K), 0.0025435 secs] [Times: user=0.01 sys=0.00, real=0.00 secs] 
2020-10-29T08:54:02.311+0000: [GC (Allocation Failure) 2020-10-29T08:54:02.311+0000: [ParNew: 16388K->4K(18432K), 0.0024694 secs] 279167K->262783K(713288K), 0.0025194 secs] [Times: user=0.01 sys=0.00, real=0.01 secs] 
2020-10-29T08:54:02.329+0000: [GC (Allocation Failure) 2020-10-29T08:54:02.329+0000: [ParNew: 16388K->4K(18432K), 0.0023897 secs] 279167K->262783K(713288K), 0.0024454 secs] [Times: user=0.00 sys=0.00, real=0.00 secs] 
2020-10-29T08:54:02.348+0000: [GC (Allocation Failure) 2020-10-29T08:54:02.348+0000: [ParNew: 16388K->4K(18432K), 0.0023487 secs] 279167K->262783K(713288K), 0.0023945 secs] [Times: user=0.00 sys=0.00, real=0.00 secs] 
2020-10-29T08:54:02.367+0000: [GC (Allocation Failure) 2020-10-29T08:54:02.367+0000: [ParNew: 16388K->4K(18432K), 0.0025505 secs] 279167K->262783K(713288K), 0.0025999 secs] [Times: user=0.00 sys=0.00, real=0.00 secs] 
2020-10-29T08:54:02.385+0000: [GC (Allocation Failure) 2020-10-29T08:54:02.385+0000: [ParNew: 16388K->4K(18432K), 0.0024401 secs] 279167K->262783K(713288K), 0.0024983 secs] [Times: user=0.00 sys=0.00, real=0.00 secs] 
2020-10-29T08:54:02.404+0000: [GC (Allocation Failure) 2020-10-29T08:54:02.405+0000: [ParNew: 16388K->4K(18432K), 0.0025752 secs] 279167K->262783K(713288K), 0.0026302 secs] [Times: user=0.01 sys=0.00, real=0.00 secs] 
2020-10-29T08:54:02.423+0000: [GC (Allocation Failure) 2020-10-29T08:54:02.423+0000: [ParNew: 16388K->4K(18432K), 0.0025007 secs] 279167K->262783K(713288K), 0.0025503 secs] [Times: user=0.00 sys=0.00, real=0.01 secs] 
2020-10-29T08:54:02.444+0000: [GC (Allocation Failure) 2020-10-29T08:54:02.445+0000: [ParNew: 16388K->4K(18432K), 0.0024503 secs] 279167K->262783K(713288K), 0.0024953 secs] [Times: user=0.00 sys=0.00, real=0.00 secs] 
2020-10-29T08:54:02.464+0000: [GC (Allocation Failure) 2020-10-29T08:54:02.464+0000: [ParNew: 16388K->4K(18432K), 0.0023634 secs] 279167K->262783K(713288K), 0.0024093 secs] [Times: user=0.01 sys=0.01, real=0.00 secs] 
2020-10-29T08:54:02.484+0000: [GC (Allocation Failure) 2020-10-29T08:54:02.484+0000: [ParNew: 16388K->4K(18432K), 0.0030283 secs] 279167K->262783K(713288K), 0.0030785 secs] [Times: user=0.01 sys=0.00, real=0.00 secs] 
2020-10-29T08:54:02.503+0000: [GC (Allocation Failure) 2020-10-29T08:54:02.503+0000: [ParNew: 16388K->4K(18432K), 0.0025474 secs] 279167K->262783K(713288K), 0.0025987 secs] [Times: user=0.00 sys=0.00, real=0.01 secs] 
2020-10-29T08:54:02.524+0000: [GC (Allocation Failure) 2020-10-29T08:54:02.525+0000: [ParNew: 16388K->4K(18432K), 0.0026663 secs] 295551K->279167K(713288K), 0.0027241 secs] [Times: user=0.00 sys=0.00, real=0.00 secs] 
2020-10-29T08:54:02.543+0000: [GC (Allocation Failure) 2020-10-29T08:54:02.543+0000: [ParNew: 16388K->4K(18432K), 0.0025817 secs] 295551K->279167K(713288K), 0.0026348 secs] [Times: user=0.01 sys=0.00, real=0.01 secs] 
2020-10-29T08:54:02.561+0000: [GC (Allocation Failure) 2020-10-29T08:54:02.561+0000: [ParNew: 16388K->4K(18432K), 0.0031950 secs] 295551K->279167K(713288K), 0.0032490 secs] [Times: user=0.01 sys=0.00, real=0.00 secs] 
2020-10-29T08:54:02.580+0000: [GC (Allocation Failure) 2020-10-29T08:54:02.580+0000: [ParNew: 16388K->4K(18432K), 0.0026887 secs] 295551K->279167K(713288K), 0.0027464 secs] [Times: user=0.00 sys=0.00, real=0.00 secs] 
2020-10-29T08:54:02.598+0000: [GC (Allocation Failure) 2020-10-29T08:54:02.598+0000: [ParNew: 16388K->4K(18432K), 0.0026138 secs] 295551K->279167K(713288K), 0.0026685 secs] [Times: user=0.01 sys=0.00, real=0.00 secs] 
2020-10-29T08:54:02.620+0000: [GC (Allocation Failure) 2020-10-29T08:54:02.621+0000: [ParNew: 16388K->4K(18432K), 0.0026075 secs] 295551K->279167K(713288K), 0.0026618 secs] [Times: user=0.00 sys=0.00, real=0.00 secs] 
2020-10-29T08:54:02.639+0000: [GC (Allocation Failure) 2020-10-29T08:54:02.639+0000: [ParNew: 16388K->4K(18432K), 0.0033086 secs] 295551K->279167K(713288K), 0.0033687 secs] [Times: user=0.01 sys=0.00, real=0.00 secs] 
2020-10-29T08:54:02.661+0000: [GC (Allocation Failure) 2020-10-29T08:54:02.661+0000: [ParNew: 16388K->4K(18432K), 0.0026476 secs] 295551K->279167K(713288K), 0.0027048 secs] [Times: user=0.00 sys=0.00, real=0.00 secs] 
2020-10-29T08:54:02.680+0000: [GC (Allocation Failure) 2020-10-29T08:54:02.681+0000: [ParNew: 16388K->4K(18432K), 0.0026624 secs] 295551K->279167K(713288K), 0.0027206 secs] [Times: user=0.00 sys=0.00, real=0.00 secs] 
2020-10-29T08:54:02.701+0000: [GC (Allocation Failure) 2020-10-29T08:54:02.701+0000: [ParNew: 16388K->4K(18432K), 0.0026089 secs] 295551K->279167K(713288K), 0.0026624 secs] [Times: user=0.01 sys=0.00, real=0.00 secs] 
2020-10-29T08:54:02.719+0000: [GC (Allocation Failure) 2020-10-29T08:54:02.719+0000: [ParNew: 16388K->4K(18432K), 0.0026164 secs] 295551K->279167K(713288K), 0.0026713 secs] [Times: user=0.00 sys=0.00, real=0.00 secs] 
2020-10-29T08:54:02.740+0000: [GC (Allocation Failure) 2020-10-29T08:54:02.741+0000: [ParNew: 16388K->4K(18432K), 0.0025812 secs] 295551K->279167K(713288K), 0.0026344 secs] [Times: user=0.00 sys=0.00, real=0.00 secs] 
2020-10-29T08:54:02.760+0000: [GC (Allocation Failure) 2020-10-29T08:54:02.761+0000: [ParNew: 16388K->4K(18432K), 0.0025182 secs] 295551K->279167K(713288K), 0.0025800 secs] [Times: user=0.01 sys=0.00, real=0.00 secs] 
2020-10-29T08:54:02.780+0000: [GC (Allocation Failure) 2020-10-29T08:54:02.781+0000: [ParNew: 16388K->4K(18432K), 0.0024847 secs] 295551K->279167K(713288K), 0.0025340 secs] [Times: user=0.00 sys=0.00, real=0.00 secs] 
2020-10-29T08:54:02.799+0000: [GC (Allocation Failure) 2020-10-29T08:54:02.799+0000: [ParNew: 16388K->4K(18432K), 0.0026311 secs] 295551K->279167K(713288K), 0.0026862 secs] [Times: user=0.01 sys=0.00, real=0.00 secs] 
2020-10-29T08:54:02.817+0000: [GC (Allocation Failure) 2020-10-29T08:54:02.817+0000: [ParNew: 16388K->4K(18432K), 0.0025880 secs] 295551K->279167K(713288K), 0.0026432 secs] [Times: user=0.01 sys=0.00, real=0.00 secs] 
2020-10-29T08:54:02.836+0000: [GC (Allocation Failure) 2020-10-29T08:54:02.837+0000: [ParNew: 16388K->4K(18432K), 0.0026078 secs] 295551K->279167K(713288K), 0.0026627 secs] [Times: user=0.00 sys=0.00, real=0.00 secs] 
2020-10-29T08:54:02.859+0000: [GC (Allocation Failure) 2020-10-29T08:54:02.859+0000: [ParNew: 16388K->4K(18432K), 0.0026318 secs] 295551K->279167K(713288K), 0.0027117 secs] [Times: user=0.00 sys=0.00, real=0.00 secs] 
2020-10-29T08:54:02.884+0000: [GC (Allocation Failure) 2020-10-29T08:54:02.885+0000: [ParNew: 16388K->4K(18432K), 0.0026176 secs] 295551K->279167K(713288K), 0.0026687 secs] [Times: user=0.00 sys=0.00, real=0.00 secs] 
2020-10-29T08:54:02.904+0000: [GC (Allocation Failure) 2020-10-29T08:54:02.905+0000: [ParNew: 16388K->4K(18432K), 0.0026149 secs] 295551K->279167K(713288K), 0.0026700 secs] [Times: user=0.00 sys=0.00, real=0.00 secs] 
2020-10-29T08:54:02.924+0000: [GC (Allocation Failure) 2020-10-29T08:54:02.924+0000: [ParNew: 16388K->4K(18432K), 0.0026497 secs] 295551K->279167K(713288K), 0.0027219 secs] [Times: user=0.00 sys=0.00, real=0.01 secs] 
2020-10-29T08:54:02.945+0000: [GC (Allocation Failure) 2020-10-29T08:54:02.945+0000: [ParNew: 16388K->4K(18432K), 0.0026446 secs] 295551K->279167K(713288K), 0.0027037 secs] [Times: user=0.00 sys=0.00, real=0.00 secs] 
2020-10-29T08:54:02.964+0000: [GC (Allocation Failure) 2020-10-29T08:54:02.965+0000: [ParNew: 16388K->4K(18432K), 0.0026275 secs] 295551K->279167K(713288K), 0.0026837 secs] [Times: user=0.00 sys=0.00, real=0.00 secs] 
2020-10-29T08:54:02.983+0000: [GC (Allocation Failure) 2020-10-29T08:54:02.983+0000: [ParNew: 16388K->4K(18432K), 0.0026674 secs] 295551K->279167K(713288K), 0.0027249 secs] [Times: user=0.01 sys=0.00, real=0.01 secs] 
2020-10-29T08:54:03.004+0000: [GC (Allocation Failure) 2020-10-29T08:54:03.005+0000: [ParNew: 16388K->4K(18432K), 0.0026486 secs] 295551K->279167K(713288K), 0.0027061 secs] [Times: user=0.01 sys=0.00, real=0.00 secs] 
2020-10-29T08:54:03.023+0000: [GC (Allocation Failure) 2020-10-29T08:54:03.023+0000: [ParNew: 16388K->4K(18432K), 0.0026312 secs] 295551K->279167K(713288K), 0.0026867 secs] [Times: user=0.00 sys=0.00, real=0.01 secs] 
2020-10-29T08:54:03.045+0000: [GC (Allocation Failure) 2020-10-29T08:54:03.045+0000: [ParNew: 16388K->4K(18432K), 0.0026246 secs] 295551K->279167K(713288K), 0.0026806 secs] [Times: user=0.00 sys=0.00, real=0.00 secs] 
2020-10-29T08:54:03.063+0000: [GC (Allocation Failure) 2020-10-29T08:54:03.063+0000: [ParNew: 16388K->4K(18432K), 0.0026289 secs] 295551K->279167K(713288K), 0.0026840 secs] [Times: user=0.01 sys=0.00, real=0.01 secs] 
2020-10-29T08:54:03.081+0000: [GC (Allocation Failure) 2020-10-29T08:54:03.081+0000: [ParNew: 16388K->4K(18432K), 0.0026581 secs] 295551K->279167K(713288K), 0.0027157 secs] [Times: user=0.00 sys=0.00, real=0.00 secs] 
2020-10-29T08:54:03.100+0000: [GC (Allocation Failure) 2020-10-29T08:54:03.101+0000: [ParNew: 16388K->4K(18432K), 0.0026072 secs] 295551K->279167K(713288K), 0.0026624 secs] [Times: user=0.01 sys=0.00, real=0.00 secs] 
2020-10-29T08:54:03.119+0000: [GC (Allocation Failure) 2020-10-29T08:54:03.119+0000: [ParNew: 16388K->4K(18432K), 0.0026056 secs] 295551K->279167K(713288K), 0.0026594 secs] [Times: user=0.01 sys=0.00, real=0.00 secs] 
2020-10-29T08:54:03.140+0000: [GC (Allocation Failure) 2020-10-29T08:54:03.140+0000: [ParNew: 16388K->4K(18432K), 0.0025688 secs] 295551K->279167K(713288K), 0.0026270 secs] [Times: user=0.00 sys=0.00, real=0.00 secs] 
2020-10-29T08:54:03.159+0000: [GC (Allocation Failure) 2020-10-29T08:54:03.159+0000: [ParNew: 16388K->4K(18432K), 0.0026010 secs] 295551K->279167K(713288K), 0.0026551 secs] [Times: user=0.01 sys=0.00, real=0.00 secs] 
2020-10-29T08:54:03.177+0000: [GC (Allocation Failure) 2020-10-29T08:54:03.177+0000: [ParNew: 16388K->4K(18432K), 0.0025898 secs] 295551K->279167K(713288K), 0.0026423 secs] [Times: user=0.00 sys=0.00, real=0.00 secs] 
2020-10-29T08:54:03.195+0000: [GC (Allocation Failure) 2020-10-29T08:54:03.195+0000: [ParNew: 16388K->4K(18432K), 0.0025269 secs] 295551K->279167K(713288K), 0.0025985 secs] [Times: user=0.01 sys=0.00, real=0.00 secs] 
2020-10-29T08:54:03.217+0000: [GC (Allocation Failure) 2020-10-29T08:54:03.217+0000: [ParNew: 16388K->4K(18432K), 0.0025317 secs] 295551K->279167K(713288K), 0.0025843 secs] [Times: user=0.01 sys=0.00, real=0.00 secs] 
2020-10-29T08:54:03.236+0000: [GC (Allocation Failure) 2020-10-29T08:54:03.237+0000: [ParNew: 16388K->4K(18432K), 0.0025413 secs] 295551K->279167K(713288K), 0.0025923 secs] [Times: user=0.00 sys=0.00, real=0.00 secs] 
2020-10-29T08:54:03.256+0000: [GC (Allocation Failure) 2020-10-29T08:54:03.257+0000: [ParNew: 16388K->4K(18432K), 0.0024618 secs] 295551K->279167K(713288K), 0.0025098 secs] [Times: user=0.01 sys=0.00, real=0.00 secs] 
2020-10-29T08:54:03.267+0000: [GC (Allocation Failure) 2020-10-29T08:54:03.267+0000: [ParNew: 8237K->4K(18432K), 0.0021813 secs] 287400K->279167K(713288K), 0.0022224 secs] [Times: user=0.01 sys=0.00, real=0.00 secs] 
2020-10-29T08:54:03.280+0000: [GC (Allocation Failure) 2020-10-29T08:54:03.281+0000: [ParNew: 16388K->4K(18432K), 0.0033933 secs] 295551K->287359K(713288K), 0.0034487 secs] [Times: user=0.01 sys=0.00, real=0.00 secs] 
2020-10-29T08:54:03.300+0000: [GC (Allocation Failure) 2020-10-29T08:54:03.300+0000: [ParNew: 16388K->4K(18432K), 0.0024748 secs] 303743K->287359K(713288K), 0.0025218 secs] [Times: user=0.00 sys=0.00, real=0.00 secs] 
2020-10-29T08:54:03.316+0000: [GC (Allocation Failure) 2020-10-29T08:54:03.316+0000: [ParNew: 14317K->4K(18432K), 0.0023906 secs] 301673K->287359K(713288K), 0.0024366 secs] [Times: user=0.00 sys=0.00, real=0.00 secs] 
2020-10-29T08:54:03.326+0000: [GC (Allocation Failure) 2020-10-29T08:54:03.327+0000: [ParNew: 16388K->4K(18432K), 0.0030776 secs] 303743K->295551K(713288K), 0.0031209 secs] [Times: user=0.00 sys=0.00, real=0.00 secs] 
2020-10-29T08:54:03.348+0000: [GC (Allocation Failure) 2020-10-29T08:54:03.348+0000: [ParNew: 16388K->4K(18432K), 0.0023470 secs] 311935K->295551K(713288K), 0.0023925 secs] [Times: user=0.00 sys=0.00, real=0.00 secs] 
2020-10-29T08:54:03.368+0000: [GC (Allocation Failure) 2020-10-29T08:54:03.368+0000: [ParNew: 16388K->4K(18432K), 0.0023419 secs] 311935K->295551K(713288K), 0.0023867 secs] [Times: user=0.01 sys=0.00, real=0.00 secs] 
2020-10-29T08:54:03.388+0000: [GC (Allocation Failure) 2020-10-29T08:54:03.389+0000: [ParNew: 16388K->4K(18432K), 0.0024864 secs] 311935K->295551K(713288K), 0.0025333 secs] [Times: user=0.00 sys=0.00, real=0.00 secs] 
2020-10-29T08:54:03.407+0000: [GC (Allocation Failure) 2020-10-29T08:54:03.407+0000: [ParNew: 16388K->4K(18432K), 0.0024666 secs] 311935K->295551K(713288K), 0.0025163 secs] [Times: user=0.01 sys=0.00, real=0.00 secs] 
2020-10-29T08:54:03.425+0000: [GC (Allocation Failure) 2020-10-29T08:54:03.425+0000: [ParNew: 16388K->4K(18432K), 0.0024601 secs] 311935K->295551K(713288K), 0.0025081 secs] [Times: user=0.00 sys=0.00, real=0.00 secs] 
2020-10-29T08:54:03.444+0000: [GC (Allocation Failure) 2020-10-29T08:54:03.445+0000: [ParNew: 16388K->4K(18432K), 0.0024997 secs] 311935K->295551K(713288K), 0.0025508 secs] [Times: user=0.01 sys=0.00, real=0.00 secs] 
2020-10-29T08:54:03.464+0000: [GC (Allocation Failure) 2020-10-29T08:54:03.465+0000: [ParNew: 16388K->4K(18432K), 0.0025136 secs] 311935K->295551K(713288K), 0.0025726 secs] [Times: user=0.00 sys=0.00, real=0.00 secs] 
2020-10-29T08:54:03.483+0000: [GC (Allocation Failure) 2020-10-29T08:54:03.483+0000: [ParNew: 16388K->4K(18432K), 0.0025945 secs] 311935K->295551K(713288K), 0.0026477 secs] [Times: user=0.01 sys=0.00, real=0.01 secs] 
2020-10-29T08:54:03.501+0000: [GC (Allocation Failure) 2020-10-29T08:54:03.501+0000: [ParNew: 16388K->4K(18432K), 0.0025033 secs] 311935K->295551K(713288K), 0.0025538 secs] [Times: user=0.00 sys=0.00, real=0.00 secs] 
2020-10-29T08:54:03.520+0000: [GC (Allocation Failure) 2020-10-29T08:54:03.521+0000: [ParNew: 16388K->4K(18432K), 0.0025299 secs] 311935K->295551K(713288K), 0.0025813 secs] [Times: user=0.01 sys=0.00, real=0.00 secs] 
2020-10-29T08:54:03.539+0000: [GC (Allocation Failure) 2020-10-29T08:54:03.539+0000: [ParNew: 16388K->4K(18432K), 0.0026880 secs] 311935K->295551K(713288K), 0.0027414 secs] [Times: user=0.00 sys=0.00, real=0.00 secs] 
2020-10-29T08:54:03.557+0000: [GC (Allocation Failure) 2020-10-29T08:54:03.557+0000: [ParNew: 16388K->4K(18432K), 0.0025616 secs] 311935K->295551K(713288K), 0.0026136 secs] [Times: user=0.01 sys=0.00, real=0.00 secs] 
2020-10-29T08:54:03.576+0000: [GC (Allocation Failure) 2020-10-29T08:54:03.576+0000: [ParNew: 16388K->4K(18432K), 0.0026729 secs] 311935K->295551K(713288K), 0.0027300 secs] [Times: user=0.01 sys=0.00, real=0.00 secs] 
2020-10-29T08:54:03.596+0000: [GC (Allocation Failure) 2020-10-29T08:54:03.597+0000: [ParNew: 16388K->4K(18432K), 0.0025203 secs] 311935K->295551K(713288K), 0.0025697 secs] [Times: user=0.00 sys=0.00, real=0.00 secs] 
2020-10-29T08:54:03.616+0000: [GC (Allocation Failure) 2020-10-29T08:54:03.616+0000: [ParNew: 16388K->4K(18432K), 0.0024675 secs] 311935K->295551K(713288K), 0.0025175 secs] [Times: user=0.00 sys=0.00, real=0.00 secs] 
2020-10-29T08:54:03.635+0000: [GC (Allocation Failure) 2020-10-29T08:54:03.635+0000: [ParNew: 16388K->4K(18432K), 0.0024483 secs] 311935K->295551K(713288K), 0.0024949 secs] [Times: user=0.00 sys=0.00, real=0.00 secs] 
2020-10-29T08:54:03.653+0000: [GC (Allocation Failure) 2020-10-29T08:54:03.653+0000: [ParNew: 16388K->4K(18432K), 0.0024043 secs] 311935K->295551K(713288K), 0.0024515 secs] [Times: user=0.01 sys=0.00, real=0.00 secs] 
2020-10-29T08:54:03.671+0000: [GC (Allocation Failure) 2020-10-29T08:54:03.671+0000: [ParNew: 16388K->4K(18432K), 0.0024815 secs] 311935K->295551K(713288K), 0.0025303 secs] [Times: user=0.00 sys=0.00, real=0.01 secs] 
2020-10-29T08:54:03.689+0000: [GC (Allocation Failure) 2020-10-29T08:54:03.689+0000: [ParNew: 16388K->4K(18432K), 0.0024435 secs] 311935K->295551K(713288K), 0.0024910 secs] [Times: user=0.00 sys=0.00, real=0.00 secs] 
2020-10-29T08:54:03.708+0000: [GC (Allocation Failure) 2020-10-29T08:54:03.709+0000: [ParNew: 16388K->4K(18432K), 0.0024809 secs] 311935K->295551K(713288K), 0.0025311 secs] [Times: user=0.00 sys=0.00, real=0.00 secs] 
2020-10-29T08:54:03.727+0000: [GC (Allocation Failure) 2020-10-29T08:54:03.727+0000: [ParNew: 16388K->4K(18432K), 0.0025538 secs] 311935K->295551K(713288K), 0.0026051 secs] [Times: user=0.01 sys=0.00, real=0.00 secs] 
2020-10-29T08:54:03.748+0000: [GC (Allocation Failure) 2020-10-29T08:54:03.749+0000: [ParNew: 16388K->4K(18432K), 0.0024678 secs] 311935K->295551K(713288K), 0.0025186 secs] [Times: user=0.01 sys=0.00, real=0.00 secs] 
2020-10-29T08:54:03.768+0000: [GC (Allocation Failure) 2020-10-29T08:54:03.768+0000: [ParNew: 16388K->4K(18432K), 0.0023705 secs] 311935K->295551K(713288K), 0.0024163 secs] [Times: user=0.01 sys=0.00, real=0.00 secs] 
2020-10-29T08:54:03.787+0000: [GC (Allocation Failure) 2020-10-29T08:54:03.787+0000: [ParNew: 16388K->4K(18432K), 0.0024037 secs] 311935K->295551K(713288K), 0.0024516 secs] [Times: user=0.00 sys=0.00, real=0.00 secs] 
2020-10-29T08:54:03.805+0000: [GC (Allocation Failure) 2020-10-29T08:54:03.805+0000: [ParNew: 16388K->4K(18432K), 0.0024606 secs] 311935K->295551K(713288K), 0.0025104 secs] [Times: user=0.01 sys=0.00, real=0.00 secs] 
2020-10-29T08:54:03.824+0000: [GC (Allocation Failure) 2020-10-29T08:54:03.825+0000: [ParNew: 16388K->4K(18432K), 0.0025603 secs] 311935K->295551K(713288K), 0.0026137 secs] [Times: user=0.01 sys=0.00, real=0.00 secs] 
2020-10-29T08:54:03.844+0000: [GC (Allocation Failure) 2020-10-29T08:54:03.845+0000: [ParNew: 16388K->4K(18432K), 0.0025356 secs] 311935K->295551K(713288K), 0.0025880 secs] [Times: user=0.01 sys=0.00, real=0.00 secs] 
2020-10-29T08:54:03.864+0000: [GC (Allocation Failure) 2020-10-29T08:54:03.865+0000: [ParNew: 16388K->4K(18432K), 0.0024897 secs] 311935K->295551K(713288K), 0.0025396 secs] [Times: user=0.01 sys=0.00, real=0.00 secs] 
2020-10-29T08:54:03.876+0000: [GC (Allocation Failure) 2020-10-29T08:54:03.876+0000: [ParNew: 9780K->4K(18432K), 0.0024435 secs] 305328K->295551K(713288K), 0.0024891 secs] [Times: user=0.01 sys=0.00, real=0.00 secs] 
2020-10-29T08:54:03.884+0000: [GC (Allocation Failure) 2020-10-29T08:54:03.884+0000: [ParNew: 12119K->4K(18432K), 0.0030248 secs] 307667K->303743K(713288K), 0.0030675 secs] [Times: user=0.00 sys=0.00, real=0.00 secs] 
2020-10-29T08:54:03.896+0000: [GC (Allocation Failure) 2020-10-29T08:54:03.896+0000: [ParNew: 16388K->4K(18432K), 0.0031247 secs] 320127K->311935K(713288K), 0.0031668 secs] [Times: user=0.01 sys=0.00, real=0.00 secs] 
2020-10-29T08:54:03.915+0000: [GC (Allocation Failure) 2020-10-29T08:54:03.915+0000: [ParNew: 16388K->4K(18432K), 0.0024423 secs] 328319K->311935K(713288K), 0.0024891 secs] [Times: user=0.01 sys=0.00, real=0.00 secs] 
2020-10-29T08:54:03.933+0000: [GC (Allocation Failure) 2020-10-29T08:54:03.933+0000: [ParNew: 16388K->4K(18432K), 0.0023550 secs] 328319K->311935K(713288K), 0.0024014 secs] [Times: user=0.00 sys=0.00, real=0.00 secs] 
2020-10-29T08:54:03.952+0000: [GC (Allocation Failure) 2020-10-29T08:54:03.952+0000: [ParNew: 16388K->4K(18432K), 0.0023805 secs] 328319K->311935K(713288K), 0.0024279 secs] [Times: user=0.00 sys=0.00, real=0.00 secs] 
2020-10-29T08:54:03.976+0000: [GC (Allocation Failure) 2020-10-29T08:54:03.977+0000: [ParNew: 16388K->4K(18432K), 0.0026496 secs] 328319K->311935K(713288K), 0.0027060 secs] [Times: user=0.00 sys=0.00, real=0.00 secs] 
2020-10-29T08:54:03.995+0000: [GC (Allocation Failure) 2020-10-29T08:54:03.995+0000: [ParNew: 16388K->4K(18432K), 0.0026363 secs] 328319K->311935K(713288K), 0.0026921 secs] [Times: user=0.01 sys=0.00, real=0.00 secs] 
2020-10-29T08:54:04.016+0000: [GC (Allocation Failure) 2020-10-29T08:54:04.017+0000: [ParNew: 16388K->4K(18432K), 0.0025963 secs] 328319K->311936K(713288K), 0.0026499 secs] [Times: user=0.01 sys=0.00, real=0.00 secs] 
2020-10-29T08:54:04.035+0000: [GC (Allocation Failure) 2020-10-29T08:54:04.035+0000: [ParNew: 16388K->4K(18432K), 0.0025816 secs] 328320K->311936K(713288K), 0.0026380 secs] [Times: user=0.01 sys=0.00, real=0.00 secs] 
2020-10-29T08:54:04.056+0000: [GC (Allocation Failure) 2020-10-29T08:54:04.057+0000: [ParNew: 16388K->4K(18432K), 0.0025532 secs] 328320K->311936K(713288K), 0.0026058 secs] [Times: user=0.01 sys=0.00, real=0.00 secs] 
2020-10-29T08:54:04.075+0000: [GC (Allocation Failure) 2020-10-29T08:54:04.075+0000: [ParNew: 16388K->4K(18432K), 0.0025445 secs] 328320K->311936K(713288K), 0.0025968 secs] [Times: user=0.01 sys=0.00, real=0.00 secs] 
2020-10-29T08:54:04.096+0000: [GC (Allocation Failure) 2020-10-29T08:54:04.097+0000: [ParNew: 16388K->4K(18432K), 0.0025291 secs] 328320K->311936K(713288K), 0.0025823 secs] [Times: user=0.00 sys=0.00, real=0.00 secs] 
2020-10-29T08:54:04.115+0000: [GC (Allocation Failure) 2020-10-29T08:54:04.115+0000: [ParNew: 16388K->4K(18432K), 0.0025916 secs] 328320K->311936K(713288K), 0.0026472 secs] [Times: user=0.01 sys=0.00, real=0.00 secs] 
2020-10-29T08:54:04.133+0000: [GC (Allocation Failure) 2020-10-29T08:54:04.133+0000: [ParNew: 16388K->4K(18432K), 0.0025034 secs] 328320K->311936K(713288K), 0.0025535 secs] [Times: user=0.00 sys=0.00, real=0.00 secs] 
2020-10-29T08:54:04.151+0000: [GC (Allocation Failure) 2020-10-29T08:54:04.151+0000: [ParNew: 16388K->4K(18432K), 0.0025777 secs] 328320K->311936K(713288K), 0.0026328 secs] [Times: user=0.01 sys=0.00, real=0.01 secs] 
2020-10-29T08:54:04.169+0000: [GC (Allocation Failure) 2020-10-29T08:54:04.170+0000: [ParNew: 16388K->4K(18432K), 0.0024969 secs] 328320K->311936K(713288K), 0.0025561 secs] [Times: user=0.01 sys=0.00, real=0.00 secs] 
2020-10-29T08:54:04.188+0000: [GC (Allocation Failure) 2020-10-29T08:54:04.188+0000: [ParNew: 16388K->4K(18432K), 0.0025022 secs] 328320K->311936K(713288K), 0.0025524 secs] [Times: user=0.00 sys=0.00, real=0.00 secs] 
2020-10-29T08:54:04.208+0000: [GC (Allocation Failure) 2020-10-29T08:54:04.209+0000: [ParNew: 16388K->4K(18432K), 0.0024952 secs] 328320K->311936K(713288K), 0.0025455 secs] [Times: user=0.00 sys=0.00, real=0.00 secs] 
2020-10-29T08:54:04.227+0000: [GC (Allocation Failure) 2020-10-29T08:54:04.227+0000: [ParNew: 16388K->4K(18432K), 0.0024953 secs] 328320K->311936K(713288K), 0.0025458 secs] [Times: user=0.01 sys=0.00, real=0.00 secs] 
2020-10-29T08:54:04.245+0000: [GC (Allocation Failure) 2020-10-29T08:54:04.245+0000: [ParNew: 16388K->4K(18432K), 0.0025024 secs] 328320K->311936K(713288K), 0.0025530 secs] [Times: user=0.00 sys=0.00, real=0.00 secs] 
2020-10-29T08:54:04.263+0000: [GC (Allocation Failure) 2020-10-29T08:54:04.263+0000: [ParNew: 16388K->4K(18432K), 0.0024450 secs] 328320K->311936K(713288K), 0.0024927 secs] [Times: user=0.01 sys=0.00, real=0.01 secs] 
2020-10-29T08:54:04.281+0000: [GC (Allocation Failure) 2020-10-29T08:54:04.281+0000: [ParNew: 16388K->4K(18432K), 0.0025103 secs] 328320K->311936K(713288K), 0.0025632 secs] [Times: user=0.00 sys=0.00, real=0.00 secs] 
2020-10-29T08:54:04.300+0000: [GC (Allocation Failure) 2020-10-29T08:54:04.300+0000: [ParNew: 16388K->4K(18432K), 0.0025007 secs] 328320K->311936K(713288K), 0.0025510 secs] [Times: user=0.01 sys=0.00, real=0.00 secs] 
2020-10-29T08:54:04.318+0000: [GC (Allocation Failure) 2020-10-29T08:54:04.318+0000: [ParNew: 16388K->4K(18432K), 0.0024462 secs] 328320K->311936K(713288K), 0.0024948 secs] [Times: user=0.00 sys=0.00, real=0.00 secs] 
2020-10-29T08:54:04.336+0000: [GC (Allocation Failure) 2020-10-29T08:54:04.336+0000: [ParNew: 16388K->4K(18432K), 0.0024086 secs] 328320K->311936K(713288K), 0.0024546 secs] [Times: user=0.00 sys=0.00, real=0.00 secs] 
2020-10-29T08:54:04.357+0000: [GC (Allocation Failure) 2020-10-29T08:54:04.357+0000: [ParNew: 16388K->4K(18432K), 0.0025500 secs] 328320K->311936K(713288K), 0.0026033 secs] [Times: user=0.01 sys=0.00, real=0.00 secs] 
2020-10-29T08:54:04.375+0000: [GC (Allocation Failure) 2020-10-29T08:54:04.375+0000: [ParNew: 16388K->4K(18432K), 0.0026337 secs] 328320K->311936K(713288K), 0.0026872 secs] [Times: user=0.00 sys=0.00, real=0.00 secs] 
2020-10-29T08:54:04.393+0000: [GC (Allocation Failure) 2020-10-29T08:54:04.393+0000: [ParNew: 16388K->4K(18432K), 0.0026144 secs] 328320K->311936K(713288K), 0.0026739 secs] [Times: user=0.01 sys=0.00, real=0.00 secs] 
2020-10-29T08:54:04.413+0000: [GC (Allocation Failure) 2020-10-29T08:54:04.413+0000: [ParNew: 16388K->4K(18432K), 0.0027025 secs] 328320K->311936K(713288K), 0.0027617 secs] [Times: user=0.01 sys=0.00, real=0.00 secs] 
2020-10-29T08:54:04.431+0000: [GC (Allocation Failure) 2020-10-29T08:54:04.431+0000: [ParNew: 16388K->4K(18432K), 0.0026351 secs] 328320K->311936K(713288K), 0.0026854 secs] [Times: user=0.00 sys=0.00, real=0.01 secs] 
2020-10-29T08:54:04.452+0000: [GC (Allocation Failure) 2020-10-29T08:54:04.453+0000: [ParNew: 16388K->4K(18432K), 0.0025162 secs] 328320K->311936K(713288K), 0.0025648 secs] [Times: user=0.01 sys=0.00, real=0.00 secs] 
2020-10-29T08:54:04.464+0000: [GC (Allocation Failure) 2020-10-29T08:54:04.464+0000: [ParNew: 16388K->4K(18432K), 0.0033433 secs] 328320K->320128K(713288K), 0.0033933 secs] [Times: user=0.01 sys=0.00, real=0.00 secs] 
2020-10-29T08:54:04.483+0000: [GC (Allocation Failure) 2020-10-29T08:54:04.483+0000: [ParNew: 16388K->4K(18432K), 0.0025306 secs] 336512K->320128K(713288K), 0.0025798 secs] [Times: user=0.01 sys=0.00, real=0.01 secs] 
2020-10-29T08:54:04.500+0000: [GC (Allocation Failure) 2020-10-29T08:54:04.500+0000: [ParNew: 14264K->4K(18432K), 0.0024819 secs] 334388K->320128K(713288K), 0.0025304 secs] [Times: user=0.01 sys=0.00, real=0.00 secs] 
2020-10-29T08:54:04.511+0000: [GC (Allocation Failure) 2020-10-29T08:54:04.511+0000: [ParNew: 16388K->4K(18432K), 0.0032257 secs] 336512K->328320K(713288K), 0.0032706 secs] [Times: user=0.01 sys=0.00, real=0.01 secs] 
2020-10-29T08:54:04.532+0000: [GC (Allocation Failure) 2020-10-29T08:54:04.533+0000: [ParNew: 16388K->4K(18432K), 0.0025344 secs] 344704K->328320K(713288K), 0.0025858 secs] [Times: user=0.01 sys=0.00, real=0.00 secs] 
2020-10-29T08:54:04.552+0000: [GC (Allocation Failure) 2020-10-29T08:54:04.552+0000: [ParNew: 16388K->4K(18432K), 0.0025280 secs] 344704K->328320K(713288K), 0.0025808 secs] [Times: user=0.00 sys=0.00, real=0.00 secs] 
2020-10-29T08:54:04.571+0000: [GC (Allocation Failure) 2020-10-29T08:54:04.571+0000: [ParNew: 16388K->4K(18432K), 0.0025508 secs] 344704K->328320K(713288K), 0.0026034 secs] [Times: user=0.01 sys=0.00, real=0.01 secs] 
2020-10-29T08:54:04.592+0000: [GC (Allocation Failure) 2020-10-29T08:54:04.593+0000: [ParNew: 16388K->4K(18432K), 0.0025665 secs] 344704K->328320K(713288K), 0.0026205 secs] [Times: user=0.00 sys=0.00, real=0.00 secs] 
2020-10-29T08:54:04.612+0000: [GC (Allocation Failure) 2020-10-29T08:54:04.613+0000: [ParNew: 16388K->4K(18432K), 0.0025741 secs] 344704K->328320K(713288K), 0.0026277 secs] [Times: user=0.00 sys=0.00, real=0.00 secs] 
2020-10-29T08:54:04.631+0000: [GC (Allocation Failure) 2020-10-29T08:54:04.631+0000: [ParNew: 16388K->4K(18432K), 0.0026125 secs] 344704K->328320K(713288K), 0.0026683 secs] [Times: user=0.01 sys=0.00, real=0.01 secs] 
2020-10-29T08:54:04.653+0000: [GC (Allocation Failure) 2020-10-29T08:54:04.653+0000: [ParNew: 16388K->4K(18432K), 0.0026251 secs] 344704K->328320K(713288K), 0.0026817 secs] [Times: user=0.01 sys=0.00, real=0.00 secs] 
2020-10-29T08:54:04.671+0000: [GC (Allocation Failure) 2020-10-29T08:54:04.671+0000: [ParNew: 16388K->4K(18432K), 0.0026132 secs] 344704K->328320K(713288K), 0.0026684 secs] [Times: user=0.00 sys=0.00, real=0.01 secs] 
2020-10-29T08:54:04.689+0000: [GC (Allocation Failure) 2020-10-29T08:54:04.689+0000: [ParNew: 16388K->4K(18432K), 0.0025102 secs] 344704K->328320K(713288K), 0.0025617 secs] [Times: user=0.01 sys=0.00, real=0.00 secs] 
2020-10-29T08:54:04.707+0000: [GC (Allocation Failure) 2020-10-29T08:54:04.707+0000: [ParNew: 16388K->4K(18432K), 0.0025387 secs] 344704K->328320K(713288K), 0.0025909 secs] [Times: user=0.00 sys=0.00, real=0.00 secs] 
2020-10-29T08:54:04.725+0000: [GC (Allocation Failure) 2020-10-29T08:54:04.725+0000: [ParNew: 16388K->4K(18432K), 0.0025811 secs] 344704K->328320K(713288K), 0.0026376 secs] [Times: user=0.01 sys=0.00, real=0.00 secs] 
2020-10-29T08:54:04.743+0000: [GC (Allocation Failure) 2020-10-29T08:54:04.743+0000: [ParNew: 16388K->4K(18432K), 0.0024549 secs] 344704K->328320K(713288K), 0.0025030 secs] [Times: user=0.00 sys=0.00, real=0.01 secs] 
2020-10-29T08:54:04.762+0000: [GC (Allocation Failure) 2020-10-29T08:54:04.762+0000: [ParNew: 16388K->4K(18432K), 0.0024639 secs] 344704K->328320K(713288K), 0.0025148 secs] [Times: user=0.00 sys=0.00, real=0.00 secs] 
2020-10-29T08:54:04.780+0000: [GC (Allocation Failure) 2020-10-29T08:54:04.780+0000: [ParNew: 16388K->4K(18432K), 0.0023686 secs] 344704K->328320K(713288K), 0.0024150 secs] [Times: user=0.00 sys=0.00, real=0.00 secs] 
2020-10-29T08:54:04.799+0000: [GC (Allocation Failure) 2020-10-29T08:54:04.799+0000: [ParNew: 16388K->4K(18432K), 0.0024909 secs] 344704K->328320K(713288K), 0.0025427 secs] [Times: user=0.01 sys=0.00, real=0.00 secs] 
2020-10-29T08:54:04.817+0000: [GC (Allocation Failure) 2020-10-29T08:54:04.817+0000: [ParNew: 16388K->4K(18432K), 0.0024680 secs] 344704K->328320K(713288K), 0.0025175 secs] [Times: user=0.00 sys=0.00, real=0.00 secs] 
2020-10-29T08:54:04.839+0000: [GC (Allocation Failure) 2020-10-29T08:54:04.839+0000: [ParNew: 16388K->4K(18432K), 0.0026721 secs] 377472K->361088K(713288K), 0.0027308 secs] [Times: user=0.01 sys=0.00, real=0.00 secs] 
2020-10-29T08:54:04.842+0000: [GC (CMS Initial Mark) [1 CMS-initial-mark: 361084K(694856K)] 361306K(713288K), 0.0012526 secs] [Times: user=0.00 sys=0.00, real=0.00 secs] 
2020-10-29T08:54:04.843+0000: [CMS-concurrent-mark-start]
2020-10-29T08:54:04.865+0000: [GC (Allocation Failure) 2020-10-29T08:54:04.865+0000: [ParNew: 16388K->4K(18432K), 0.0025076 secs] 377472K->361088K(713288K), 0.0025614 secs] [Times: user=0.01 sys=0.00, real=0.00 secs] 
2020-10-29T08:54:04.888+0000: [GC (Allocation Failure) 2020-10-29T08:54:04.889+0000: [ParNew: 16388K->4K(18432K), 0.0027003 secs] 377472K->361088K(713288K), 0.0027613 secs] [Times: user=0.00 sys=0.00, real=0.00 secs] 
2020-10-29T08:54:04.912+0000: [GC (Allocation Failure) 2020-10-29T08:54:04.912+0000: [ParNew: 16388K->4K(18432K), 0.0026062 secs] 377472K->361088K(713288K), 0.0026625 secs] [Times: user=0.01 sys=0.00, real=0.01 secs] 
2020-10-29T08:54:04.934+0000: [GC (Allocation Failure) 2020-10-29T08:54:04.934+0000: [ParNew: 16388K->4K(18432K), 0.0025009 secs] 377472K->361088K(713288K), 0.0025547 secs] [Times: user=0.01 sys=0.00, real=0.00 secs] 
2020-10-29T08:54:04.944+0000: [CMS-concurrent-mark: 0.078/0.101 secs] [Times: user=0.19 sys=0.00, real=0.10 secs] 
2020-10-29T08:54:04.944+0000: [CMS-concurrent-preclean-start]
2020-10-29T08:54:04.957+0000: [GC (Allocation Failure) 2020-10-29T08:54:04.957+0000: [ParNew: 16388K->4K(18432K), 0.0022905 secs] 377472K->361088K(713288K), 0.0023405 secs] [Times: user=0.01 sys=0.00, real=0.00 secs] 
2020-10-29T08:54:04.960+0000: [CMS-concurrent-preclean: 0.014/0.016 secs] [Times: user=0.03 sys=0.01, real=0.02 secs] 
2020-10-29T08:54:04.964+0000: [GC (CMS Final Remark) [YG occupancy: 962 K (18432 K)]2020-10-29T08:54:04.964+0000: [Rescan (parallel) , 0.0020121 secs]2020-10-29T08:54:04.966+0000: [weak refs processing, 0.0000274 secs]2020-10-29T08:54:04.967+0000: [class unloading, 0.0087255 secs]2020-10-29T08:54:04.975+0000: [scrub symbol table, 0.0091972 secs]2020-10-29T08:54:04.984+0000: [scrub string table, 0.0005741 secs][1 CMS-remark: 361084K(694856K)] 362046K(713288K), 0.0206392 secs] [Times: user=0.02 sys=0.00, real=0.02 secs] 
2020-10-29T08:54:04.985+0000: [CMS-concurrent-sweep-start]
2020-10-29T08:54:05.005+0000: [GC (Allocation Failure) 2020-10-29T08:54:05.005+0000: [ParNew: 16388K->4K(18432K), 0.0026393 secs] 377316K->360932K(713288K), 0.0026987 secs] [Times: user=0.00 sys=0.00, real=0.00 secs] 
2020-10-29T08:54:05.010+0000: [CMS-concurrent-sweep: 0.022/0.025 secs] [Times: user=0.05 sys=0.00, real=0.02 secs] 
2020-10-29T08:54:05.010+0000: [CMS-concurrent-reset-start]
2020-10-29T08:54:05.012+0000: [CMS-concurrent-reset: 0.002/0.002 secs] [Times: user=0.00 sys=0.00, real=0.00 secs] 
2020-10-29T08:54:05.028+0000: [GC (Allocation Failure) 2020-10-29T08:54:05.029+0000: [ParNew: 16388K->4K(18432K), 0.0026532 secs] 377137K->360753K(713288K), 0.0027092 secs] [Times: user=0.01 sys=0.00, real=0.00 secs] 
2020-10-29T08:54:05.048+0000: [GC (Allocation Failure) 2020-10-29T08:54:05.048+0000: [ParNew: 16388K->4K(18432K), 0.0025948 secs] 377137K->360753K(713288K), 0.0026492 secs] [Times: user=0.00 sys=0.00, real=0.00 secs] 
2020-10-29T08:54:05.066+0000: [GC (Allocation Failure) 2020-10-29T08:54:05.066+0000: [ParNew: 16388K->4K(18432K), 0.0025221 secs] 377137K->360753K(713288K), 0.0025725 secs] [Times: user=0.01 sys=0.00, real=0.00 secs] 
2020-10-29T08:54:05.089+0000: [GC (Allocation Failure) 2020-10-29T08:54:05.089+0000: [ParNew: 16388K->4K(18432K), 0.0025457 secs] 377137K->360753K(713288K), 0.0025997 secs] [Times: user=0.00 sys=0.00, real=0.00 secs] 
2020-10-29T08:54:05.107+0000: [GC (Allocation Failure) 2020-10-29T08:54:05.107+0000: [ParNew: 16388K->4K(18432K), 0.0025034 secs] 377137K->360753K(713288K), 0.0025540 secs] [Times: user=0.00 sys=0.00, real=0.00 secs] 
2020-10-29T08:54:05.120+0000: [GC (Allocation Failure) 2020-10-29T08:54:05.121+0000: [ParNew: 16388K->4K(18432K), 0.0035319 secs] 377137K->368945K(713288K), 0.0035887 secs] [Times: user=0.01 sys=0.00, real=0.00 secs] 
2020-10-29T08:54:05.140+0000: [GC (Allocation Failure) 2020-10-29T08:54:05.140+0000: [ParNew: 16388K->4K(18432K), 0.0025635 secs] 385329K->368945K(713288K), 0.0026153 secs] [Times: user=0.00 sys=0.00, real=0.00 secs] 
2020-10-29T08:54:05.158+0000: [GC (Allocation Failure) 2020-10-29T08:54:05.158+0000: [ParNew: 16388K->4K(18432K), 0.0025864 secs] 385329K->368945K(713288K), 0.0026491 secs] [Times: user=0.01 sys=0.00, real=0.00 secs] 
2020-10-29T08:54:05.172+0000: [GC (Allocation Failure) 2020-10-29T08:54:05.173+0000: [ParNew: 16388K->4K(18432K), 0.0033786 secs] 385329K->377137K(713288K), 0.0034304 secs] [Times: user=0.00 sys=0.00, real=0.00 secs] 
2020-10-29T08:54:05.192+0000: [GC (Allocation Failure) 2020-10-29T08:54:05.193+0000: [ParNew: 16388K->4K(18432K), 0.0024761 secs] 393521K->377137K(713288K), 0.0025256 secs] [Times: user=0.01 sys=0.00, real=0.00 secs] 
2020-10-29T08:54:05.211+0000: [GC (Allocation Failure) 2020-10-29T08:54:05.211+0000: [ParNew: 16388K->4K(18432K), 0.0024562 secs] 393521K->377137K(713288K), 0.0025041 secs] [Times: user=0.01 sys=0.00, real=0.01 secs] 
2020-10-29T08:54:05.232+0000: [GC (Allocation Failure) 2020-10-29T08:54:05.232+0000: [ParNew: 16388K->4K(18432K), 0.0024633 secs] 393521K->377138K(713288K), 0.0025121 secs] [Times: user=0.01 sys=0.00, real=0.01 secs] 
2020-10-29T08:54:05.250+0000: [GC (Allocation Failure) 2020-10-29T08:54:05.250+0000: [ParNew: 16388K->4K(18432K), 0.0025538 secs] 393522K->377138K(713288K), 0.0026057 secs] [Times: user=0.01 sys=0.00, real=0.01 secs] 
2020-10-29T08:54:05.272+0000: [GC (Allocation Failure) 2020-10-29T08:54:05.272+0000: [ParNew: 16388K->4K(18432K), 0.0024585 secs] 393522K->377138K(713288K), 0.0025078 secs] [Times: user=0.01 sys=0.00, real=0.01 secs] 
2020-10-29T08:54:05.291+0000: [GC (Allocation Failure) 2020-10-29T08:54:05.291+0000: [ParNew: 16388K->4K(18432K), 0.0032772 secs] 393522K->377138K(713288K), 0.0033319 secs] [Times: user=0.00 sys=0.00, real=0.01 secs] 
2020-10-29T08:54:05.314+0000: [GC (Allocation Failure) 2020-10-29T08:54:05.314+0000: [ParNew: 16388K->4K(18432K), 0.0026515 secs] 393522K->377138K(713288K), 0.0027311 secs] [Times: user=0.00 sys=0.00, real=0.00 secs] 
2020-10-29T08:54:05.334+0000: [GC (Allocation Failure) 2020-10-29T08:54:05.334+0000: [ParNew: 16388K->4K(18432K), 0.0027284 secs] 393522K->377138K(713288K), 0.0027926 secs] [Times: user=0.00 sys=0.00, real=0.00 secs] 
2020-10-29T08:54:05.356+0000: [GC (Allocation Failure) 2020-10-29T08:54:05.357+0000: [ParNew: 16388K->4K(18432K), 0.0026547 secs] 393522K->377138K(713288K), 0.0027134 secs] [Times: user=0.00 sys=0.00, real=0.00 secs] 
2020-10-29T08:54:05.377+0000: [GC (Allocation Failure) 2020-10-29T08:54:05.377+0000: [ParNew: 16388K->4K(18432K), 0.0026228 secs] 393522K->377138K(713288K), 0.0026803 secs] [Times: user=0.01 sys=0.00, real=0.00 secs] 
2020-10-29T08:54:05.396+0000: [GC (Allocation Failure) 2020-10-29T08:54:05.397+0000: [ParNew: 16388K->4K(18432K), 0.0027334 secs] 393522K->377138K(713288K), 0.0027920 secs] [Times: user=0.01 sys=0.00, real=0.00 secs] 
2020-10-29T08:54:05.415+0000: [GC (Allocation Failure) 2020-10-29T08:54:05.415+0000: [ParNew: 16388K->4K(18432K), 0.0026541 secs] 393522K->377138K(713288K), 0.0027113 secs] [Times: user=0.00 sys=0.00, real=0.00 secs] 
2020-10-29T08:54:05.433+0000: [GC (Allocation Failure) 2020-10-29T08:54:05.433+0000: [ParNew: 16388K->4K(18432K), 0.0025850 secs] 393522K->377138K(713288K), 0.0026383 secs] [Times: user=0.01 sys=0.00, real=0.00 secs] 
2020-10-29T08:54:05.452+0000: [GC (Allocation Failure) 2020-10-29T08:54:05.453+0000: [ParNew: 16388K->4K(18432K), 0.0025372 secs] 393522K->377138K(713288K), 0.0025880 secs] [Times: user=0.00 sys=0.00, real=0.00 secs] 
2020-10-29T08:54:05.471+0000: [GC (Allocation Failure) 2020-10-29T08:54:05.471+0000: [ParNew: 16388K->4K(18432K), 0.0026246 secs] 393522K->377138K(713288K), 0.0026803 secs] [Times: user=0.01 sys=0.00, real=0.01 secs] 
2020-10-29T08:54:05.490+0000: [GC (Allocation Failure) 2020-10-29T08:54:05.490+0000: [ParNew: 16388K->4K(18432K), 0.0025117 secs] 393522K->377138K(713288K), 0.0025614 secs] [Times: user=0.00 sys=0.00, real=0.01 secs] 
2020-10-29T08:54:05.512+0000: [GC (Allocation Failure) 2020-10-29T08:54:05.512+0000: [ParNew: 16388K->4K(18432K), 0.0026989 secs] 393522K->377138K(713288K), 0.0027582 secs] [Times: user=0.01 sys=0.00, real=0.01 secs] 
2020-10-29T08:54:05.531+0000: [GC (Allocation Failure) 2020-10-29T08:54:05.531+0000: [ParNew: 16388K->4K(18432K), 0.0026114 secs] 393522K->377138K(713288K), 0.0026657 secs] [Times: user=0.01 sys=0.00, real=0.01 secs] 
2020-10-29T08:54:05.552+0000: [GC (Allocation Failure) 2020-10-29T08:54:05.553+0000: [ParNew: 16388K->4K(18432K), 0.0025165 secs] 393522K->377138K(713288K), 0.0025668 secs] [Times: user=0.01 sys=0.00, real=0.00 secs] 
2020-10-29T08:54:05.571+0000: [GC (Allocation Failure) 2020-10-29T08:54:05.571+0000: [ParNew: 16388K->4K(18432K), 0.0025784 secs] 393522K->377138K(713288K), 0.0026329 secs] [Times: user=0.00 sys=0.00, real=0.01 secs] 
2020-10-29T08:54:05.589+0000: [GC (Allocation Failure) 2020-10-29T08:54:05.589+0000: [ParNew: 16388K->4K(18432K), 0.0039156 secs] 393522K->377138K(713288K), 0.0039695 secs] [Times: user=0.01 sys=0.00, real=0.01 secs] 
2020-10-29T08:54:05.613+0000: [GC (Allocation Failure) 2020-10-29T08:54:05.613+0000: [ParNew: 16388K->4K(18432K), 0.0026624 secs] 426290K->409906K(713288K), 0.0027208 secs] [Times: user=0.00 sys=0.00, real=0.00 secs] 
2020-10-29T08:54:05.620+0000: [GC (CMS Initial Mark) [1 CMS-initial-mark: 409902K(694856K)] 410125K(713288K), 0.0013032 secs] [Times: user=0.00 sys=0.00, real=0.00 secs] 
2020-10-29T08:54:05.621+0000: [CMS-concurrent-mark-start]
2020-10-29T08:54:05.643+0000: [GC (Allocation Failure) 2020-10-29T08:54:05.643+0000: [ParNew: 16388K->4K(18432K), 0.0024972 secs] 426290K->409906K(713288K), 0.0025499 secs] [Times: user=0.01 sys=0.00, real=0.01 secs] 
2020-10-29T08:54:05.668+0000: [GC (Allocation Failure) 2020-10-29T08:54:05.669+0000: [ParNew: 16388K->4K(18432K), 0.0024728 secs] 426290K->409906K(713288K), 0.0025257 secs] [Times: user=0.00 sys=0.00, real=0.00 secs] 
2020-10-29T08:54:05.693+0000: [GC (Allocation Failure) 2020-10-29T08:54:05.693+0000: [ParNew: 16388K->4K(18432K), 0.0024587 secs] 426290K->409906K(713288K), 0.0025126 secs] [Times: user=0.01 sys=0.00, real=0.00 secs] 
2020-10-29T08:54:05.707+0000: [CMS-concurrent-mark: 0.074/0.085 secs] [Times: user=0.16 sys=0.01, real=0.09 secs] 
2020-10-29T08:54:05.707+0000: [CMS-concurrent-preclean-start]
2020-10-29T08:54:05.709+0000: [CMS-concurrent-preclean: 0.002/0.002 secs] [Times: user=0.00 sys=0.00, real=0.00 secs] 
2020-10-29T08:54:05.709+0000: [CMS-concurrent-abortable-preclean-start]
2020-10-29T08:54:05.710+0000: [GC (Allocation Failure) 2020-10-29T08:54:05.710+0000: [ParNew: 16388K->4K(18432K), 0.0031987 secs] 426290K->418098K(713288K), 0.0032424 secs] [Times: user=0.00 sys=0.00, real=0.01 secs] 
2020-10-29T08:54:05.730+0000: [GC (Allocation Failure) 2020-10-29T08:54:05.730+0000: [ParNew: 16388K->4K(18432K), 0.0025321 secs] 434482K->418098K(713288K), 0.0025830 secs] [Times: user=0.01 sys=0.00, real=0.01 secs] 
2020-10-29T08:54:05.749+0000: [GC (Allocation Failure) 2020-10-29T08:54:05.749+0000: [ParNew: 16388K->4K(18432K), 0.0024199 secs] 434482K->418098K(713288K), 0.0024708 secs] [Times: user=0.01 sys=0.00, real=0.00 secs] 
2020-10-29T08:54:05.768+0000: [GC (Allocation Failure) 2020-10-29T08:54:05.768+0000: [ParNew: 16388K->4K(18432K), 0.0024417 secs] 434482K->418098K(713288K), 0.0024947 secs] [Times: user=0.01 sys=0.00, real=0.00 secs] 
2020-10-29T08:54:05.791+0000: [GC (Allocation Failure) 2020-10-29T08:54:05.791+0000: [ParNew: 16388K->4K(18432K), 0.0028221 secs] 434482K->418098K(713288K), 0.0028814 secs] [Times: user=0.01 sys=0.00, real=0.01 secs] 
2020-10-29T08:54:05.813+0000: [GC (Allocation Failure) 2020-10-29T08:54:05.813+0000: [ParNew: 16388K->4K(18432K), 0.0026859 secs] 434482K->418098K(713288K), 0.0027433 secs] [Times: user=0.01 sys=0.00, real=0.00 secs] 
2020-10-29T08:54:05.832+0000: [GC (Allocation Failure) 2020-10-29T08:54:05.832+0000: [ParNew: 16388K->4K(18432K), 0.0026865 secs] 434482K->418098K(713288K), 0.0027474 secs] [Times: user=0.00 sys=0.00, real=0.01 secs] 
2020-10-29T08:54:05.851+0000: [GC (Allocation Failure) 2020-10-29T08:54:05.851+0000: [ParNew: 16388K->4K(18432K), 0.0027040 secs] 434482K->418098K(713288K), 0.0027617 secs] [Times: user=0.00 sys=0.00, real=0.01 secs] 
2020-10-29T08:54:05.871+0000: [GC (Allocation Failure) 2020-10-29T08:54:05.871+0000: [ParNew: 16388K->4K(18432K), 0.0026419 secs] 434482K->418098K(713288K), 0.0027001 secs] [Times: user=0.01 sys=0.00, real=0.01 secs] 
2020-10-29T08:54:05.895+0000: [GC (Allocation Failure) 2020-10-29T08:54:05.895+0000: [ParNew: 13157K->4K(18432K), 0.0026825 secs] 431251K->418098K(713288K), 0.0027540 secs] [Times: user=0.01 sys=0.00, real=0.00 secs] 
2020-10-29T08:54:05.908+0000: [GC (Allocation Failure) 2020-10-29T08:54:05.908+0000: [ParNew: 16388K->4K(18432K), 0.0033267 secs] 434482K->426290K(713288K), 0.0033804 secs] [Times: user=0.01 sys=0.00, real=0.00 secs] 
2020-10-29T08:54:05.911+0000: [CMS-concurrent-abortable-preclean: 0.017/0.202 secs] [Times: user=0.37 sys=0.01, real=0.20 secs] 
2020-10-29T08:54:05.912+0000: [GC (CMS Final Remark) [YG occupancy: 329 K (18432 K)]2020-10-29T08:54:05.912+0000: [Rescan (parallel) , 0.0017533 secs]2020-10-29T08:54:05.914+0000: [weak refs processing, 0.0000269 secs]2020-10-29T08:54:05.914+0000: [class unloading, 0.0085952 secs]2020-10-29T08:54:05.923+0000: [scrub symbol table, 0.0093944 secs]2020-10-29T08:54:05.932+0000: [scrub string table, 0.0005827 secs][1 CMS-remark: 426286K(694856K)] 426615K(713288K), 0.0204887 secs] [Times: user=0.02 sys=0.00, real=0.02 secs] 
2020-10-29T08:54:05.935+0000: [CMS-concurrent-sweep-start]
2020-10-29T08:54:05.953+0000: [GC (Allocation Failure) 2020-10-29T08:54:05.953+0000: [ParNew: 16388K->4K(18432K), 0.0026802 secs] 442674K->426290K(713288K), 0.0027381 secs] [Times: user=0.00 sys=0.00, real=0.00 secs] 
2020-10-29T08:54:05.959+0000: [CMS-concurrent-sweep: 0.021/0.024 secs] [Times: user=0.04 sys=0.00, real=0.02 secs] 
2020-10-29T08:54:05.960+0000: [CMS-concurrent-reset-start]
2020-10-29T08:54:05.961+0000: [CMS-concurrent-reset: 0.002/0.002 secs] [Times: user=0.00 sys=0.00, real=0.00 secs] 
2020-10-29T08:54:05.976+0000: [GC (Allocation Failure) 2020-10-29T08:54:05.977+0000: [ParNew: 16388K->4K(18432K), 0.0026736 secs] 426290K->409906K(713288K), 0.0027224 secs] [Times: user=0.00 sys=0.00, real=0.00 secs] 
2020-10-29T08:54:05.996+0000: [GC (Allocation Failure) 2020-10-29T08:54:05.997+0000: [ParNew: 16388K->4K(18432K), 0.0025576 secs] 426290K->409906K(713288K), 0.0026077 secs] [Times: user=0.00 sys=0.00, real=0.00 secs] 
2020-10-29T08:54:06.015+0000: [GC (Allocation Failure) 2020-10-29T08:54:06.015+0000: [ParNew: 16388K->4K(18432K), 0.0026391 secs] 426290K->409906K(713288K), 0.0026943 secs] [Times: user=0.01 sys=0.00, real=0.00 secs] 
2020-10-29T08:54:06.033+0000: [GC (Allocation Failure) 2020-10-29T08:54:06.033+0000: [ParNew: 16388K->4K(18432K), 0.0026641 secs] 426290K->409906K(713288K), 0.0027212 secs] [Times: user=0.00 sys=0.00, real=0.00 secs] 
2020-10-29T08:54:06.052+0000: [GC (Allocation Failure) 2020-10-29T08:54:06.053+0000: [ParNew: 16388K->4K(18432K), 0.0027255 secs] 426290K->409906K(713288K), 0.0027845 secs] [Times: user=0.01 sys=0.00, real=0.00 secs] 
2020-10-29T08:54:06.071+0000: [GC (Allocation Failure) 2020-10-29T08:54:06.071+0000: [ParNew: 16388K->4K(18432K), 0.0026907 secs] 426290K->409906K(713288K), 0.0027603 secs] [Times: user=0.01 sys=0.00, real=0.01 secs] 
2020-10-29T08:54:06.090+0000: [GC (Allocation Failure) 2020-10-29T08:54:06.090+0000: [ParNew: 16388K->4K(18432K), 0.0025989 secs] 426290K->409906K(713288K), 0.0026520 secs] [Times: user=0.01 sys=0.00, real=0.01 secs] 
2020-10-29T08:54:06.108+0000: [GC (Allocation Failure) 2020-10-29T08:54:06.108+0000: [ParNew: 16388K->4K(18432K), 0.0027247 secs] 426290K->409906K(713288K), 0.0027805 secs] [Times: user=0.01 sys=0.00, real=0.00 secs] 
2020-10-29T08:54:06.128+0000: [GC (Allocation Failure) 2020-10-29T08:54:06.129+0000: [ParNew: 16388K->4K(18432K), 0.0026923 secs] 426290K->409906K(713288K), 0.0027525 secs] [Times: user=0.01 sys=0.01, real=0.00 secs] 
2020-10-29T08:54:06.148+0000: [GC (Allocation Failure) 2020-10-29T08:54:06.149+0000: [ParNew: 16388K->4K(18432K), 0.0026722 secs] 426290K->409906K(713288K), 0.0027293 secs] [Times: user=0.00 sys=0.00, real=0.00 secs] 
2020-10-29T08:54:06.167+0000: [GC (Allocation Failure) 2020-10-29T08:54:06.167+0000: [ParNew: 16388K->4K(18432K), 0.0026692 secs] 426290K->409906K(713288K), 0.0027340 secs] [Times: user=0.01 sys=0.00, real=0.00 secs] 
2020-10-29T08:54:06.188+0000: [GC (Allocation Failure) 2020-10-29T08:54:06.189+0000: [ParNew: 16388K->4K(18432K), 0.0025451 secs] 426290K->409906K(713288K), 0.0025965 secs] [Times: user=0.01 sys=0.00, real=0.00 secs] 
2020-10-29T08:54:06.208+0000: [GC (Allocation Failure) 2020-10-29T08:54:06.209+0000: [ParNew: 16388K->4K(18432K), 0.0026814 secs] 426290K->409906K(713288K), 0.0027396 secs] [Times: user=0.01 sys=0.00, real=0.00 secs] 
2020-10-29T08:54:06.227+0000: [GC (Allocation Failure) 2020-10-29T08:54:06.227+0000: [ParNew: 16388K->4K(18432K), 0.0026916 secs] 426290K->409906K(713288K), 0.0027490 secs] [Times: user=0.00 sys=0.00, real=0.00 secs] 
2020-10-29T08:54:06.245+0000: [GC (Allocation Failure) 2020-10-29T08:54:06.245+0000: [ParNew: 16388K->4K(18432K), 0.0026090 secs] 426290K->409906K(713288K), 0.0026627 secs] [Times: user=0.01 sys=0.00, real=0.00 secs] 
2020-10-29T08:54:06.264+0000: [GC (Allocation Failure) 2020-10-29T08:54:06.265+0000: [ParNew: 16388K->4K(18432K), 0.0025731 secs] 426290K->409906K(713288K), 0.0026260 secs] [Times: user=0.00 sys=0.00, real=0.00 secs] 
2020-10-29T08:54:06.283+0000: [GC (Allocation Failure) 2020-10-29T08:54:06.283+0000: [ParNew: 16388K->4K(18432K), 0.0025506 secs] 426290K->409906K(713288K), 0.0026030 secs] [Times: user=0.01 sys=0.00, real=0.01 secs] 
2020-10-29T08:54:06.294+0000: [GC (Allocation Failure) 2020-10-29T08:54:06.294+0000: [ParNew: 16388K->4K(18432K), 0.0032517 secs] 426290K->418098K(713288K), 0.0033008 secs] [Times: user=0.01 sys=0.00, real=0.00 secs] 
2020-10-29T08:54:06.313+0000: [GC (Allocation Failure) 2020-10-29T08:54:06.313+0000: [ParNew: 16388K->4K(18432K), 0.0025853 secs] 434482K->418098K(713288K), 0.0026391 secs] [Times: user=0.01 sys=0.00, real=0.00 secs] 
2020-10-29T08:54:06.332+0000: [GC (Allocation Failure) 2020-10-29T08:54:06.332+0000: [ParNew: 16388K->4K(18432K), 0.0025920 secs] 434482K->418098K(713288K), 0.0026455 secs] [Times: user=0.01 sys=0.00, real=0.00 secs] 
2020-10-29T08:54:06.351+0000: [GC (Allocation Failure) 2020-10-29T08:54:06.351+0000: [ParNew: 16388K->4K(18432K), 0.0026624 secs] 434482K->418098K(713288K), 0.0027202 secs] [Times: user=0.00 sys=0.00, real=0.01 secs] 
2020-10-29T08:54:06.369+0000: [GC (Allocation Failure) 2020-10-29T08:54:06.369+0000: [ParNew: 16388K->4K(18432K), 0.0025844 secs] 434482K->418098K(713288K), 0.0026380 secs] [Times: user=0.01 sys=0.00, real=0.00 secs] 
2020-10-29T08:54:06.388+0000: [GC (Allocation Failure) 2020-10-29T08:54:06.388+0000: [ParNew: 16388K->4K(18432K), 0.0026723 secs] 434482K->418098K(713288K), 0.0027294 secs] [Times: user=0.00 sys=0.00, real=0.00 secs] 
2020-10-29T08:54:06.408+0000: [GC (Allocation Failure) 2020-10-29T08:54:06.409+0000: [ParNew: 16388K->4K(18432K), 0.0026212 secs] 434482K->418098K(713288K), 0.0026761 secs] [Times: user=0.00 sys=0.00, real=0.00 secs] 
2020-10-29T08:54:06.428+0000: [GC (Allocation Failure) 2020-10-29T08:54:06.429+0000: [ParNew: 16388K->4K(18432K), 0.0031667 secs] 434482K->418098K(713288K), 0.0032238 secs] [Times: user=0.00 sys=0.00, real=0.00 secs] 
2020-10-29T08:54:06.451+0000: [GC (Allocation Failure) 2020-10-29T08:54:06.451+0000: [ParNew: 16388K->4K(18432K), 0.0026670 secs] 434482K->418098K(713288K), 0.0027232 secs] [Times: user=0.01 sys=0.00, real=0.01 secs] 
2020-10-29T08:54:06.472+0000: [GC (Allocation Failure) 2020-10-29T08:54:06.473+0000: [ParNew: 16388K->4K(18432K), 0.0025133 secs] 434482K->418098K(713288K), 0.0025647 secs] [Times: user=0.00 sys=0.00, real=0.00 secs] 
2020-10-29T08:54:06.491+0000: [GC (Allocation Failure) 2020-10-29T08:54:06.491+0000: [ParNew: 16388K->4K(18432K), 0.0025782 secs] 434482K->418098K(713288K), 0.0026312 secs] [Times: user=0.01 sys=0.00, real=0.01 secs] 
2020-10-29T08:54:06.512+0000: [GC (Allocation Failure) 2020-10-29T08:54:06.513+0000: [ParNew: 16388K->4K(18432K), 0.0025330 secs] 434482K->418098K(713288K), 0.0025854 secs] [Times: user=0.00 sys=0.00, real=0.00 secs] 
2020-10-29T08:54:06.531+0000: [GC (Allocation Failure) 2020-10-29T08:54:06.531+0000: [ParNew: 16388K->4K(18432K), 0.0024901 secs] 434482K->418098K(713288K), 0.0025412 secs] [Times: user=0.01 sys=0.00, real=0.01 secs] 
2020-10-29T08:54:06.552+0000: [GC (Allocation Failure) 2020-10-29T08:54:06.552+0000: [ParNew: 16388K->4K(18432K), 0.0023991 secs] 434482K->418098K(713288K), 0.0024460 secs] [Times: user=0.01 sys=0.00, real=0.00 secs] 
2020-10-29T08:54:06.571+0000: [GC (Allocation Failure) 2020-10-29T08:54:06.571+0000: [ParNew: 16388K->4K(18432K), 0.0025318 secs] 434482K->418098K(713288K), 0.0025835 secs] [Times: user=0.00 sys=0.00, real=0.01 secs] 
2020-10-29T08:54:06.590+0000: [GC (Allocation Failure) 2020-10-29T08:54:06.590+0000: [ParNew: 16388K->4K(18432K), 0.0025298 secs] 434482K->418098K(713288K), 0.0025805 secs] [Times: user=0.01 sys=0.00, real=0.00 secs] 
2020-10-29T08:54:06.604+0000: [GC (Allocation Failure) 2020-10-29T08:54:06.604+0000: [ParNew: 12298K->4K(18432K), 0.0045542 secs] 430392K->418098K(713288K), 0.0046150 secs] [Times: user=0.01 sys=0.00, real=0.01 secs] 
2020-10-29T08:54:06.617+0000: [GC (Allocation Failure) 2020-10-29T08:54:06.617+0000: [ParNew: 16388K->4K(18432K), 0.0035713 secs] 434482K->426290K(713288K), 0.0036261 secs] [Times: user=0.00 sys=0.00, real=0.00 secs] 
2020-10-29T08:54:06.637+0000: [GC (Allocation Failure) 2020-10-29T08:54:06.637+0000: [ParNew: 16388K->4K(18432K), 0.0025844 secs] 442674K->426290K(713288K), 0.0026369 secs] [Times: user=0.01 sys=0.00, real=0.00 secs] 
2020-10-29T08:54:06.655+0000: [GC (Allocation Failure) 2020-10-29T08:54:06.655+0000: [ParNew: 16388K->4K(18432K), 0.0026015 secs] 442674K->426290K(713288K), 0.0026538 secs] [Times: user=0.00 sys=0.00, real=0.00 secs] 
2020-10-29T08:54:06.673+0000: [GC (Allocation Failure) 2020-10-29T08:54:06.673+0000: [ParNew: 16388K->4K(18432K), 0.0025424 secs] 442674K->426290K(713288K), 0.0025938 secs] [Times: user=0.01 sys=0.00, real=0.00 secs] 
2020-10-29T08:54:06.691+0000: [GC (Allocation Failure) 2020-10-29T08:54:06.691+0000: [ParNew: 16388K->4K(18432K), 0.0026100 secs] 442674K->426290K(713288K), 0.0026609 secs] [Times: user=0.00 sys=0.00, real=0.01 secs] 
2020-10-29T08:54:06.709+0000: [GC (Allocation Failure) 2020-10-29T08:54:06.709+0000: [ParNew: 16388K->4K(18432K), 0.0023984 secs] 442674K->426290K(713288K), 0.0024456 secs] [Times: user=0.01 sys=0.00, real=0.00 secs] 
2020-10-29T08:54:06.728+0000: [GC (Allocation Failure) 2020-10-29T08:54:06.728+0000: [ParNew: 16388K->4K(18432K), 0.0023769 secs] 442674K->426290K(713288K), 0.0024233 secs] [Times: user=0.00 sys=0.00, real=0.00 secs] 
2020-10-29T08:54:06.748+0000: [GC (Allocation Failure) 2020-10-29T08:54:06.749+0000: [ParNew: 16388K->4K(18432K), 0.0024643 secs] 442674K->426290K(713288K), 0.0025162 secs] [Times: user=0.00 sys=0.00, real=0.00 secs] 
2020-10-29T08:54:06.767+0000: [GC (Allocation Failure) 2020-10-29T08:54:06.767+0000: [ParNew: 16388K->4K(18432K), 0.0024687 secs] 442674K->426290K(713288K), 0.0025180 secs] [Times: user=0.00 sys=0.00, real=0.00 secs] 
2020-10-29T08:54:06.785+0000: [GC (Allocation Failure) 2020-10-29T08:54:06.785+0000: [ParNew: 16388K->4K(18432K), 0.0023911 secs] 442674K->426290K(713288K), 0.0024378 secs] [Times: user=0.00 sys=0.00, real=0.00 secs] 
2020-10-29T08:54:06.803+0000: [GC (Allocation Failure) 2020-10-29T08:54:06.803+0000: [ParNew: 16388K->4K(18432K), 0.0025025 secs] 442674K->426290K(713288K), 0.0025544 secs] [Times: user=0.01 sys=0.00, real=0.01 secs] 
2020-10-29T08:54:06.821+0000: [GC (Allocation Failure) 2020-10-29T08:54:06.821+0000: [ParNew: 16388K->4K(18432K), 0.0024533 secs] 442674K->426290K(713288K), 0.0024987 secs] [Times: user=0.00 sys=0.00, real=0.00 secs] 
2020-10-29T08:54:06.843+0000: [GC (Allocation Failure) 2020-10-29T08:54:06.843+0000: [ParNew: 16388K->4K(18432K), 0.0025549 secs] 442674K->426290K(713288K), 0.0026069 secs] [Times: user=0.00 sys=0.00, real=0.01 secs] 
2020-10-29T08:54:06.856+0000: [GC (Allocation Failure) 2020-10-29T08:54:06.856+0000: [ParNew: 10426K->4K(18432K), 0.0024330 secs] 436713K->426290K(713288K), 0.0024775 secs] [Times: user=0.00 sys=0.00, real=0.00 secs] 
2020-10-29T08:54:06.867+0000: [GC (Allocation Failure) 2020-10-29T08:54:06.867+0000: [ParNew: 16388K->4K(18432K), 0.0032827 secs] 442674K->434482K(713288K), 0.0033302 secs] [Times: user=0.01 sys=0.00, real=0.00 secs] 
2020-10-29T08:54:06.888+0000: [GC (Allocation Failure) 2020-10-29T08:54:06.888+0000: [ParNew: 16388K->4K(18432K), 0.0024611 secs] 450866K->434482K(713288K), 0.0025088 secs] [Times: user=0.01 sys=0.00, real=0.00 secs] 
2020-10-29T08:54:06.907+0000: [GC (Allocation Failure) 2020-10-29T08:54:06.907+0000: [ParNew: 16388K->4K(18432K), 0.0026090 secs] 450866K->434482K(713288K), 0.0026593 secs] [Times: user=0.01 sys=0.00, real=0.00 secs] 
2020-10-29T08:54:06.925+0000: [GC (Allocation Failure) 2020-10-29T08:54:06.925+0000: [ParNew: 16388K->4K(18432K), 0.0025681 secs] 450866K->434482K(713288K), 0.0026223 secs] [Times: user=0.00 sys=0.00, real=0.00 secs] 
2020-10-29T08:54:06.943+0000: [GC (Allocation Failure) 2020-10-29T08:54:06.943+0000: [ParNew: 16388K->4K(18432K), 0.0025015 secs] 450866K->434482K(713288K), 0.0025502 secs] [Times: user=0.01 sys=0.00, real=0.01 secs] 
2020-10-29T08:54:06.964+0000: [GC (Allocation Failure) 2020-10-29T08:54:06.965+0000: [ParNew: 16388K->4K(18432K), 0.0026064 secs] 450866K->434482K(713288K), 0.0026620 secs] [Times: user=0.01 sys=0.00, real=0.00 secs] 
2020-10-29T08:54:06.983+0000: [GC (Allocation Failure) 2020-10-29T08:54:06.983+0000: [ParNew: 16388K->4K(18432K), 0.0026423 secs] 450866K->434482K(713288K), 0.0026973 secs] [Times: user=0.00 sys=0.00, real=0.01 secs] 
2020-10-29T08:54:07.002+0000: [GC (Allocation Failure) 2020-10-29T08:54:07.002+0000: [ParNew: 16388K->4K(18432K), 0.0025468 secs] 450866K->434482K(713288K), 0.0025983 secs] [Times: user=0.00 sys=0.00, real=0.00 secs] 
2020-10-29T08:54:07.020+0000: [GC (Allocation Failure) 2020-10-29T08:54:07.021+0000: [ParNew: 16388K->4K(18432K), 0.0026873 secs] 450866K->434482K(713288K), 0.0027485 secs] [Times: user=0.01 sys=0.00, real=0.00 secs] 
2020-10-29T08:54:07.043+0000: [GC (Allocation Failure) 2020-10-29T08:54:07.043+0000: [ParNew: 16388K->4K(18432K), 0.0027327 secs] 450866K->434482K(713288K), 0.0027916 secs] [Times: user=0.01 sys=0.00, real=0.01 secs] 
2020-10-29T08:54:07.061+0000: [GC (Allocation Failure) 2020-10-29T08:54:07.061+0000: [ParNew: 16388K->4K(18432K), 0.0025633 secs] 450866K->434482K(713288K), 0.0026177 secs] [Times: user=0.01 sys=0.00, real=0.00 secs] 
2020-10-29T08:54:07.080+0000: [GC (Allocation Failure) 2020-10-29T08:54:07.080+0000: [ParNew: 16388K->4K(18432K), 0.0025173 secs] 450866K->434482K(713288K), 0.0025687 secs] [Times: user=0.00 sys=0.00, real=0.00 secs] 
2020-10-29T08:54:07.100+0000: [GC (Allocation Failure) 2020-10-29T08:54:07.101+0000: [ParNew: 16388K->4K(18432K), 0.0024851 secs] 450866K->434482K(713288K), 0.0025365 secs] [Times: user=0.01 sys=0.00, real=0.00 secs] 
2020-10-29T08:54:07.119+0000: [GC (Allocation Failure) 2020-10-29T08:54:07.119+0000: [ParNew: 16388K->4K(18432K), 0.0023877 secs] 450866K->434482K(713288K), 0.0024349 secs] [Times: user=0.00 sys=0.00, real=0.00 secs] 
2020-10-29T08:54:07.137+0000: [GC (Allocation Failure) 2020-10-29T08:54:07.137+0000: [ParNew: 16388K->4K(18432K), 0.0023956 secs] 450866K->434482K(713288K), 0.0024435 secs] [Times: user=0.01 sys=0.00, real=0.00 secs] 
2020-10-29T08:54:07.155+0000: [GC (Allocation Failure) 2020-10-29T08:54:07.155+0000: [ParNew: 16388K->4K(18432K), 0.0025926 secs] 450866K->434482K(713288K), 0.0026463 secs] [Times: user=0.00 sys=0.00, real=0.00 secs] 
2020-10-29T08:54:07.173+0000: [GC (Allocation Failure) 2020-10-29T08:54:07.173+0000: [ParNew: 16388K->4K(18432K), 0.0025676 secs] 450866K->434482K(713288K), 0.0026215 secs] [Times: user=0.01 sys=0.00, real=0.00 secs] 
2020-10-29T08:54:07.191+0000: [GC (Allocation Failure) 2020-10-29T08:54:07.191+0000: [ParNew: 16388K->4K(18432K), 0.0025338 secs] 450866K->434482K(713288K), 0.0025850 secs] [Times: user=0.01 sys=0.00, real=0.01 secs] 
2020-10-29T08:54:07.210+0000: [GC (Allocation Failure) 2020-10-29T08:54:07.210+0000: [ParNew: 16388K->4K(18432K), 0.0025000 secs] 450866K->434482K(713288K), 0.0025558 secs] [Times: user=0.00 sys=0.00, real=0.00 secs] 
2020-10-29T08:54:07.228+0000: [GC (Allocation Failure) 2020-10-29T08:54:07.228+0000: [ParNew: 16388K->4K(18432K), 0.0024350 secs] 450866K->434482K(713288K), 0.0024846 secs] [Times: user=0.01 sys=0.00, real=0.00 secs] 
2020-10-29T08:54:07.248+0000: [GC (Allocation Failure) 2020-10-29T08:54:07.249+0000: [ParNew: 16388K->4K(18432K), 0.0024726 secs] 450866K->434482K(713288K), 0.0025222 secs] [Times: user=0.00 sys=0.00, real=0.00 secs] 
2020-10-29T08:54:07.260+0000: [GC (Allocation Failure) 2020-10-29T08:54:07.260+0000: [ParNew: 16388K->4K(18432K), 0.0033074 secs] 450866K->442674K(713288K), 0.0033545 secs] [Times: user=0.01 sys=0.00, real=0.00 secs] 
2020-10-29T08:54:07.280+0000: [GC (Allocation Failure) 2020-10-29T08:54:07.281+0000: [ParNew: 16388K->4K(18432K), 0.0024583 secs] 459058K->442674K(713288K), 0.0025066 secs] [Times: user=0.01 sys=0.00, real=0.00 secs] 
2020-10-29T08:54:07.300+0000: [GC (Allocation Failure) 2020-10-29T08:54:07.301+0000: [ParNew: 16388K->4K(18432K), 0.0024974 secs] 459058K->442674K(713288K), 0.0025500 secs] [Times: user=0.01 sys=0.00, real=0.00 secs] 
2020-10-29T08:54:07.319+0000: [GC (Allocation Failure) 2020-10-29T08:54:07.319+0000: [ParNew: 16388K->4K(18432K), 0.0025403 secs] 459058K->442674K(713288K), 0.0025951 secs] [Times: user=0.01 sys=0.00, real=0.00 secs] 
2020-10-29T08:54:07.337+0000: [GC (Allocation Failure) 2020-10-29T08:54:07.337+0000: [ParNew: 16388K->4K(18432K), 0.0025652 secs] 459058K->442674K(713288K), 0.0026176 secs] [Times: user=0.00 sys=0.00, real=0.00 secs] 
2020-10-29T08:54:07.356+0000: [GC (Allocation Failure) 2020-10-29T08:54:07.357+0000: [ParNew: 16388K->4K(18432K), 0.0025473 secs] 459058K->442674K(713288K), 0.0025999 secs] [Times: user=0.01 sys=0.00, real=0.00 secs] 
2020-10-29T08:54:07.375+0000: [GC (Allocation Failure) 2020-10-29T08:54:07.375+0000: [ParNew: 16388K->4K(18432K), 0.0025529 secs] 459058K->442674K(713288K), 0.0026054 secs] [Times: user=0.01 sys=0.00, real=0.00 secs] 
2020-10-29T08:54:07.393+0000: [GC (Allocation Failure) 2020-10-29T08:54:07.393+0000: [ParNew: 16388K->4K(18432K), 0.0025950 secs] 459058K->442674K(713288K), 0.0026499 secs] [Times: user=0.01 sys=0.00, real=0.00 secs] 
2020-10-29T08:54:07.405+0000: [GC (Allocation Failure) 2020-10-29T08:54:07.405+0000: [ParNew: 16388K->4K(18432K), 0.0034753 secs] 459058K->450866K(713288K), 0.0035316 secs] [Times: user=0.01 sys=0.00, real=0.00 secs] 
2020-10-29T08:54:07.424+0000: [GC (Allocation Failure) 2020-10-29T08:54:07.424+0000: [ParNew: 16388K->4K(18432K), 0.0026089 secs] 467250K->450866K(713288K), 0.0026647 secs] [Times: user=0.01 sys=0.00, real=0.01 secs] 
2020-10-29T08:54:07.442+0000: [GC (Allocation Failure) 2020-10-29T08:54:07.442+0000: [ParNew: 16388K->4K(18432K), 0.0025141 secs] 467250K->450866K(713288K), 0.0025645 secs] [Times: user=0.00 sys=0.00, real=0.01 secs] 
2020-10-29T08:54:07.464+0000: [GC (Allocation Failure) 2020-10-29T08:54:07.464+0000: [ParNew: 16388K->4K(18432K), 0.0026023 secs] 467250K->450866K(713288K), 0.0026530 secs] [Times: user=0.00 sys=0.00, real=0.01 secs] 
2020-10-29T08:54:07.484+0000: [GC (Allocation Failure) 2020-10-29T08:54:07.485+0000: [ParNew: 16388K->4K(18432K), 0.0025544 secs] 467250K->450866K(713288K), 0.0026077 secs] [Times: user=0.00 sys=0.01, real=0.00 secs] 
2020-10-29T08:54:07.503+0000: [GC (Allocation Failure) 2020-10-29T08:54:07.503+0000: [ParNew: 16388K->4K(18432K), 0.0025050 secs] 467250K->450866K(713288K), 0.0025554 secs] [Times: user=0.01 sys=0.00, real=0.01 secs] 
2020-10-29T08:54:07.524+0000: [GC (Allocation Failure) 2020-10-29T08:54:07.525+0000: [ParNew: 16388K->4K(18432K), 0.0025282 secs] 467250K->450866K(713288K), 0.0025794 secs] [Times: user=0.01 sys=0.00, real=0.00 secs] 
2020-10-29T08:54:07.544+0000: [GC (Allocation Failure) 2020-10-29T08:54:07.545+0000: [ParNew: 16388K->4K(18432K), 0.0025956 secs] 467250K->450866K(713288K), 0.0026517 secs] [Times: user=0.01 sys=0.00, real=0.00 secs] 
2020-10-29T08:54:07.563+0000: [GC (Allocation Failure) 2020-10-29T08:54:07.563+0000: [ParNew: 16388K->4K(18432K), 0.0049191 secs] 467250K->450866K(713288K), 0.0049708 secs] [Times: user=0.00 sys=0.00, real=0.01 secs] 
2020-10-29T08:54:07.583+0000: [GC (Allocation Failure) 2020-10-29T08:54:07.583+0000: [ParNew: 16388K->4K(18432K), 0.0025737 secs] 467250K->450866K(713288K), 0.0026279 secs] [Times: user=0.01 sys=0.00, real=0.01 secs] 
2020-10-29T08:54:07.602+0000: [GC (Allocation Failure) 2020-10-29T08:54:07.602+0000: [ParNew: 16388K->4K(18432K), 0.0025437 secs] 467250K->450866K(713288K), 0.0026191 secs] [Times: user=0.01 sys=0.00, real=0.01 secs] 
2020-10-29T08:54:07.620+0000: [GC (Allocation Failure) 2020-10-29T08:54:07.621+0000: [ParNew: 16388K->4K(18432K), 0.0025606 secs] 467250K->450866K(713288K), 0.0026099 secs] [Times: user=0.00 sys=0.00, real=0.00 secs] 
2020-10-29T08:54:07.640+0000: [GC (Allocation Failure) 2020-10-29T08:54:07.641+0000: [ParNew: 16388K->4K(18432K), 0.0025068 secs] 467250K->450866K(713288K), 0.0025584 secs] [Times: user=0.00 sys=0.00, real=0.00 secs] 
2020-10-29T08:54:07.659+0000: [GC (Allocation Failure) 2020-10-29T08:54:07.659+0000: [ParNew: 16388K->4K(18432K), 0.0025318 secs] 467250K->450866K(713288K), 0.0025834 secs] [Times: user=0.01 sys=0.00, real=0.00 secs] 
2020-10-29T08:54:07.681+0000: [GC (Allocation Failure) 2020-10-29T08:54:07.681+0000: [ParNew: 16388K->4K(18432K), 0.0025851 secs] 467250K->450866K(713288K), 0.0026402 secs] [Times: user=0.01 sys=0.00, real=0.00 secs] 
2020-10-29T08:54:07.699+0000: [GC (Allocation Failure) 2020-10-29T08:54:07.699+0000: [ParNew: 16388K->4K(18432K), 0.0027236 secs] 467250K->450866K(713288K), 0.0027807 secs] [Times: user=0.00 sys=0.00, real=0.00 secs] 
2020-10-29T08:54:07.720+0000: [GC (Allocation Failure) 2020-10-29T08:54:07.721+0000: [ParNew: 16388K->4K(18432K), 0.0026187 secs] 467250K->450866K(713288K), 0.0026746 secs] [Times: user=0.00 sys=0.00, real=0.00 secs] 
2020-10-29T08:54:07.741+0000: [GC (Allocation Failure) 2020-10-29T08:54:07.741+0000: [ParNew: 16388K->4K(18432K), 0.0025485 secs] 467250K->450866K(713288K), 0.0025997 secs] [Times: user=0.01 sys=0.00, real=0.00 secs] 
2020-10-29T08:54:07.759+0000: [GC (Allocation Failure) 2020-10-29T08:54:07.759+0000: [ParNew: 16388K->4K(18432K), 0.0026122 secs] 467250K->450866K(713288K), 0.0026668 secs] [Times: user=0.00 sys=0.00, real=0.00 secs] 
2020-10-29T08:54:07.780+0000: [GC (Allocation Failure) 2020-10-29T08:54:07.781+0000: [ParNew: 16388K->4K(18432K), 0.0025689 secs] 467250K->450866K(713288K), 0.0026206 secs] [Times: user=0.01 sys=0.00, real=0.00 secs] 
2020-10-29T08:54:07.801+0000: [GC (Allocation Failure) 2020-10-29T08:54:07.801+0000: [ParNew: 16388K->4K(18432K), 0.0026684 secs] 467250K->450866K(713288K), 0.0027279 secs] [Times: user=0.01 sys=0.00, real=0.00 secs] 
2020-10-29T08:54:07.823+0000: [GC (Allocation Failure) 2020-10-29T08:54:07.823+0000: [ParNew: 16382K->4K(18432K), 0.0026652 secs] 467245K->450866K(713288K), 0.0027227 secs] [Times: user=0.01 sys=0.00, real=0.01 secs] 
2020-10-29T08:54:07.844+0000: [GC (Allocation Failure) 2020-10-29T08:54:07.845+0000: [ParNew: 16388K->4K(18432K), 0.0025846 secs] 467250K->450866K(713288K), 0.0026410 secs] [Times: user=0.01 sys=0.00, real=0.00 secs] 
2020-10-29T08:54:07.864+0000: [GC (Allocation Failure) 2020-10-29T08:54:07.865+0000: [ParNew: 16388K->4K(18432K), 0.0024960 secs] 467250K->450866K(713288K), 0.0025473 secs] [Times: user=0.00 sys=0.00, real=0.00 secs] 
2020-10-29T08:54:07.883+0000: [GC (Allocation Failure) 2020-10-29T08:54:07.883+0000: [ParNew: 16388K->4K(18432K), 0.0026318 secs] 467250K->450866K(713288K), 0.0026884 secs] [Times: user=0.01 sys=0.00, real=0.01 secs] 
2020-10-29T08:54:07.904+0000: [GC (Allocation Failure) 2020-10-29T08:54:07.905+0000: [ParNew: 16388K->6K(18432K), 0.0026745 secs] 467250K->450868K(713288K), 0.0027319 secs] [Times: user=0.01 sys=0.00, real=0.00 secs] 
2020-10-29T08:54:07.924+0000: [GC (Allocation Failure) 2020-10-29T08:54:07.925+0000: [ParNew: 16390K->6K(18432K), 0.0027035 secs] 467252K->450869K(713288K), 0.0027634 secs] [Times: user=0.01 sys=0.00, real=0.00 secs] 
2020-10-29T08:54:07.943+0000: [GC (Allocation Failure) 2020-10-29T08:54:07.943+0000: [ParNew: 16390K->4K(18432K), 0.0026725 secs] 467253K->450866K(713288K), 0.0027390 secs] [Times: user=0.00 sys=0.00, real=0.01 secs] 
2020-10-29T08:54:07.960+0000: [GC (Allocation Failure) 2020-10-29T08:54:07.961+0000: [ParNew: 10943K->4K(18432K), 0.0025373 secs] 461806K->450866K(713288K), 0.0025893 secs] [Times: user=0.00 sys=0.00, real=0.00 secs] 
2020-10-29T08:54:07.972+0000: [GC (Allocation Failure) 2020-10-29T08:54:07.972+0000: [ParNew: 16388K->4K(18432K), 0.0034543 secs] 467250K->459058K(713288K), 0.0035059 secs] [Times: user=0.00 sys=0.00, real=0.01 secs] 
2020-10-29T08:54:07.984+0000: [GC (Allocation Failure) 2020-10-29T08:54:07.984+0000: [ParNew: 16388K->4K(18432K), 0.0033585 secs] 475442K->467250K(713288K), 0.0034070 secs] [Times: user=0.01 sys=0.00, real=0.00 secs] 
2020-10-29T08:54:08.004+0000: [GC (Allocation Failure) 2020-10-29T08:54:08.005+0000: [ParNew: 16388K->4K(18432K), 0.0026171 secs] 483634K->467251K(713288K), 0.0026712 secs] [Times: user=0.00 sys=0.00, real=0.00 secs] 
2020-10-29T08:54:08.024+0000: [GC (Allocation Failure) 2020-10-29T08:54:08.025+0000: [ParNew: 16388K->4K(18432K), 0.0025738 secs] 483635K->467251K(713288K), 0.0026280 secs] [Times: user=0.00 sys=0.00, real=0.00 secs] 
2020-10-29T08:54:08.043+0000: [GC (Allocation Failure) 2020-10-29T08:54:08.043+0000: [ParNew: 16388K->4K(18432K), 0.0026312 secs] 483635K->467251K(713288K), 0.0026866 secs] [Times: user=0.01 sys=0.00, real=0.01 secs] 
2020-10-29T08:54:08.065+0000: [GC (Allocation Failure) 2020-10-29T08:54:08.065+0000: [ParNew: 16388K->4K(18432K), 0.0025872 secs] 483635K->467251K(713288K), 0.0026412 secs] [Times: user=0.01 sys=0.00, real=0.00 secs] 
2020-10-29T08:54:08.084+0000: [GC (Allocation Failure) 2020-10-29T08:54:08.085+0000: [ParNew: 16388K->4K(18432K), 0.0025813 secs] 483635K->467251K(713288K), 0.0026345 secs] [Times: user=0.00 sys=0.00, real=0.00 secs] 
2020-10-29T08:54:08.104+0000: [GC (Allocation Failure) 2020-10-29T08:54:08.105+0000: [ParNew: 16388K->4K(18432K), 0.0025940 secs] 483635K->467251K(713288K), 0.0026484 secs] [Times: user=0.01 sys=0.01, real=0.00 secs] 
2020-10-29T08:54:08.123+0000: [GC (Allocation Failure) 2020-10-29T08:54:08.123+0000: [ParNew: 16388K->4K(18432K), 0.0026774 secs] 483635K->467251K(713288K), 0.0027357 secs] [Times: user=0.00 sys=0.00, real=0.01 secs] 
2020-10-29T08:54:08.144+0000: [GC (Allocation Failure) 2020-10-29T08:54:08.145+0000: [ParNew: 16388K->4K(18432K), 0.0025391 secs] 483635K->467251K(713288K), 0.0025912 secs] [Times: user=0.01 sys=0.00, real=0.00 secs] 
2020-10-29T08:54:08.164+0000: [GC (Allocation Failure) 2020-10-29T08:54:08.165+0000: [ParNew: 16388K->4K(18432K), 0.0024947 secs] 483635K->467251K(713288K), 0.0025435 secs] [Times: user=0.00 sys=0.00, real=0.00 secs] 
2020-10-29T08:54:08.184+0000: [GC (Allocation Failure) 2020-10-29T08:54:08.185+0000: [ParNew: 16388K->4K(18432K), 0.0025699 secs] 483635K->467251K(713288K), 0.0026239 secs] [Times: user=0.01 sys=0.00, real=0.00 secs] 
2020-10-29T08:54:08.204+0000: [GC (Allocation Failure) 2020-10-29T08:54:08.204+0000: [ParNew: 16388K->4K(18432K), 0.0025775 secs] 483635K->467251K(713288K), 0.0026322 secs] [Times: user=0.01 sys=0.00, real=0.00 secs] 
2020-10-29T08:54:08.224+0000: [GC (Allocation Failure) 2020-10-29T08:54:08.225+0000: [ParNew: 16388K->4K(18432K), 0.0025640 secs] 483635K->467251K(713288K), 0.0026165 secs] [Times: user=0.01 sys=0.00, real=0.00 secs] 
2020-10-29T08:54:08.243+0000: [GC (Allocation Failure) 2020-10-29T08:54:08.243+0000: [ParNew: 16388K->4K(18432K), 0.0025402 secs] 483635K->467251K(713288K), 0.0025919 secs] [Times: user=0.00 sys=0.00, real=0.01 secs] 
2020-10-29T08:54:08.264+0000: [GC (Allocation Failure) 2020-10-29T08:54:08.265+0000: [ParNew: 16388K->4K(18432K), 0.0024801 secs] 483635K->467251K(713288K), 0.0025298 secs] [Times: user=0.01 sys=0.00, real=0.00 secs] 
2020-10-29T08:54:08.284+0000: [GC (Allocation Failure) 2020-10-29T08:54:08.284+0000: [ParNew: 16388K->4K(18432K), 0.0023962 secs] 483635K->467251K(713288K), 0.0024435 secs] [Times: user=0.00 sys=0.00, real=0.00 secs] 
2020-10-29T08:54:08.302+0000: [GC (Allocation Failure) 2020-10-29T08:54:08.303+0000: [ParNew: 16388K->4K(18432K), 0.0024985 secs] 483635K->467251K(713288K), 0.0025465 secs] [Times: user=0.00 sys=0.00, real=0.01 secs] 
2020-10-29T08:54:08.324+0000: [GC (Allocation Failure) 2020-10-29T08:54:08.325+0000: [ParNew: 16388K->4K(18432K), 0.0023836 secs] 483635K->467251K(713288K), 0.0024303 secs] [Times: user=0.01 sys=0.00, real=0.00 secs] 
2020-10-29T08:54:08.343+0000: [GC (Allocation Failure) 2020-10-29T08:54:08.343+0000: [ParNew: 16388K->4K(18432K), 0.0024576 secs] 483635K->467251K(713288K), 0.0025075 secs] [Times: user=0.00 sys=0.00, real=0.01 secs] 
2020-10-29T08:54:08.361+0000: [GC (Allocation Failure) 2020-10-29T08:54:08.361+0000: [ParNew: 16388K->4K(18432K), 0.0023675 secs] 483635K->467251K(713288K), 0.0024149 secs] [Times: user=0.01 sys=0.00, real=0.00 secs] 
2020-10-29T08:54:08.379+0000: [GC (Allocation Failure) 2020-10-29T08:54:08.379+0000: [ParNew: 16388K->4K(18432K), 0.0024133 secs] 483635K->467251K(713288K), 0.0024592 secs] [Times: user=0.00 sys=0.00, real=0.00 secs] 
2020-10-29T08:54:08.397+0000: [GC (Allocation Failure) 2020-10-29T08:54:08.397+0000: [ParNew: 16388K->4K(18432K), 0.0024340 secs] 483635K->467251K(713288K), 0.0024833 secs] [Times: user=0.01 sys=0.00, real=0.00 secs] 
2020-10-29T08:54:08.415+0000: [GC (Allocation Failure) 2020-10-29T08:54:08.415+0000: [ParNew: 16388K->4K(18432K), 0.0025650 secs] 483635K->467251K(713288K), 0.0026180 secs] [Times: user=0.00 sys=0.00, real=0.00 secs] 
2020-10-29T08:54:08.433+0000: [GC (Allocation Failure) 2020-10-29T08:54:08.433+0000: [ParNew: 16388K->4K(18432K), 0.0025811 secs] 483635K->467251K(713288K), 0.0026307 secs] [Times: user=0.01 sys=0.00, real=0.00 secs] 
2020-10-29T08:54:08.452+0000: [GC (Allocation Failure) 2020-10-29T08:54:08.452+0000: [ParNew: 16388K->4K(18432K), 0.0024967 secs] 483635K->467251K(713288K), 0.0025465 secs] [Times: user=0.00 sys=0.00, real=0.01 secs] 
2020-10-29T08:54:08.470+0000: [GC (Allocation Failure) 2020-10-29T08:54:08.470+0000: [ParNew: 16388K->4K(18432K), 0.0025700 secs] 483635K->467251K(713288K), 0.0026237 secs] [Times: user=0.00 sys=0.00, real=0.01 secs] 
2020-10-29T08:54:08.488+0000: [GC (Allocation Failure) 2020-10-29T08:54:08.488+0000: [ParNew: 16388K->2K(18432K), 0.0043202 secs] 483635K->467249K(713288K), 0.0043871 secs] [Times: user=0.00 sys=0.00, real=0.01 secs] 
2020-10-29T08:54:08.509+0000: [GC (Allocation Failure) 2020-10-29T08:54:08.509+0000: [ParNew: 16386K->4K(18432K), 0.0026954 secs] 483633K->467251K(713288K), 0.0027486 secs] [Times: user=0.01 sys=0.00, real=0.00 secs] 
2020-10-29T08:54:08.528+0000: [GC (Allocation Failure) 2020-10-29T08:54:08.529+0000: [ParNew: 15848K->4K(18432K), 0.0025710 secs] 483095K->467251K(713288K), 0.0026246 secs] [Times: user=0.01 sys=0.00, real=0.00 secs] 
2020-10-29T08:54:08.540+0000: [GC (Allocation Failure) 2020-10-29T08:54:08.541+0000: [ParNew: 16388K->4K(18432K), 0.0035357 secs] 483635K->475443K(713288K), 0.0035931 secs] [Times: user=0.00 sys=0.00, real=0.00 secs] 
2020-10-29T08:54:08.560+0000: [GC (Allocation Failure) 2020-10-29T08:54:08.560+0000: [ParNew: 16388K->4K(18432K), 0.0026895 secs] 491827K->475443K(713288K), 0.0027410 secs] [Times: user=0.01 sys=0.00, real=0.00 secs] 
2020-10-29T08:54:08.592+0000: [GC (Allocation Failure) 2020-10-29T08:54:08.593+0000: [ParNew: 16388K->15K(18432K), 0.0026924 secs] 491827K->475454K(713288K), 0.0027498 secs] [Times: user=0.01 sys=0.00, real=0.00 secs] 
2020-10-29T08:54:08.612+0000: [GC (Allocation Failure) 2020-10-29T08:54:08.613+0000: [ParNew: 16399K->8K(18432K), 0.0026631 secs] 491838K->475447K(713288K), 0.0027216 secs] [Times: user=0.00 sys=0.00, real=0.00 secs] 
2020-10-29T08:54:08.631+0000: [GC (Allocation Failure) 2020-10-29T08:54:08.631+0000: [ParNew: 16392K->7K(18432K), 0.0026529 secs] 491831K->475447K(713288K), 0.0027099 secs] [Times: user=0.00 sys=0.00, real=0.01 secs] 
2020-10-29T08:54:08.656+0000: [GC (Allocation Failure) 2020-10-29T08:54:08.657+0000: [ParNew: 16391K->7K(18432K), 0.0026433 secs] 491831K->475447K(713288K), 0.0027073 secs] [Times: user=0.01 sys=0.00, real=0.00 secs] 
2020-10-29T08:54:08.690+0000: [GC (Allocation Failure) 2020-10-29T08:54:08.690+0000: [ParNew: 16391K->8K(18432K), 0.0027085 secs] 491831K->475448K(713288K), 0.0027696 secs] [Times: user=0.01 sys=0.00, real=0.01 secs] 
2020-10-29T08:54:08.725+0000: [GC (Allocation Failure) 2020-10-29T08:54:08.725+0000: [ParNew: 16392K->7K(18432K), 0.0026635 secs] 491832K->475447K(713288K), 0.0027228 secs] [Times: user=0.00 sys=0.00, real=0.00 secs] 
2020-10-29T08:54:08.760+0000: [GC (Allocation Failure) 2020-10-29T08:54:08.760+0000: [ParNew: 16391K->5K(18432K), 0.0026853 secs] 491831K->475447K(713288K), 0.0027421 secs] [Times: user=0.00 sys=0.00, real=0.00 secs] 
2020-10-29T08:54:09.101+0000: [GC (Allocation Failure) 2020-10-29T08:54:09.101+0000: [ParNew: 16389K->4K(18432K), 0.0026897 secs] 491831K->475446K(713288K), 0.0027523 secs] [Times: user=0.01 sys=0.00, real=0.00 secs] 
2020-10-29T08:54:09.326+0000: [GC (Allocation Failure) 2020-10-29T08:54:09.326+0000: [ParNew: 16388K->4K(18432K), 0.0026765 secs] 491830K->475446K(713288K), 0.0027597 secs] [Times: user=0.01 sys=0.00, real=0.00 secs] 
2020-10-29T08:54:09.437+0000: [GC (Allocation Failure) 2020-10-29T08:54:09.437+0000: [ParNew: 16388K->4K(18432K), 0.0026646 secs] 491830K->475447K(713288K), 0.0027485 secs] [Times: user=0.00 sys=0.00, real=0.00 secs] 
2020-10-29T08:54:09.511+0000: [GC (Allocation Failure) 2020-10-29T08:54:09.511+0000: [ParNew: 16388K->4K(18432K), 0.0026657 secs] 491831K->475447K(713288K), 0.0027297 secs] [Times: user=0.00 sys=0.00, real=0.01 secs] 
2020-10-29T08:54:09.569+0000: [GC (Allocation Failure) 2020-10-29T08:54:09.569+0000: [ParNew: 16388K->4K(18432K), 0.0026826 secs] 491831K->475447K(713288K), 0.0027433 secs] [Times: user=0.01 sys=0.00, real=0.00 secs] 
2020-10-29T08:54:09.640+0000: [GC (Allocation Failure) 2020-10-29T08:54:09.640+0000: [ParNew: 16388K->4K(18432K), 0.0034381 secs] 491831K->475447K(713288K), 0.0034983 secs] [Times: user=0.01 sys=0.00, real=0.00 secs] 
2020-10-29T08:54:09.706+0000: [GC (Allocation Failure) 2020-10-29T08:54:09.706+0000: [ParNew: 16388K->4K(18432K), 0.0026564 secs] 491831K->475448K(713288K), 0.0027196 secs] [Times: user=0.00 sys=0.00, real=0.00 secs] 
2020-10-29T08:54:09.754+0000: [GC (Allocation Failure) 2020-10-29T08:54:09.754+0000: [ParNew: 16388K->4K(18432K), 0.0026690 secs] 491832K->475448K(713288K), 0.0027301 secs] [Times: user=0.00 sys=0.00, real=0.00 secs] 
2020-10-29T08:54:09.802+0000: [GC (Allocation Failure) 2020-10-29T08:54:09.802+0000: [ParNew: 16388K->4K(18432K), 0.0026731 secs] 491832K->475448K(713288K), 0.0027323 secs] [Times: user=0.01 sys=0.00, real=0.00 secs] 
2020-10-29T08:54:11.183+0000: [GC (Allocation Failure) 2020-10-29T08:54:11.183+0000: [ParNew: 16388K->517K(18432K), 0.0030063 secs] 491832K->475962K(713288K), 0.0030572 secs] [Times: user=0.01 sys=0.00, real=0.01 secs] 
2020-10-29T08:54:11.689+0000: [GC (Allocation Failure) 2020-10-29T08:54:11.689+0000: [ParNew: 16901K->1504K(18432K), 0.0045958 secs] 492346K->476949K(713288K), 0.0046552 secs] [Times: user=0.01 sys=0.00, real=0.01 secs] 
2020-10-29T08:54:11.776+0000: [GC (Allocation Failure) 2020-10-29T08:54:11.776+0000: [ParNew: 17888K->1355K(18432K), 0.0081608 secs] 493333K->477740K(713288K), 0.0082243 secs] [Times: user=0.02 sys=0.00, real=0.01 secs] 
2020-10-29T08:54:11.843+0000: [GC (Allocation Failure) 2020-10-29T08:54:11.843+0000: [ParNew: 17739K->583K(18432K), 0.0041020 secs] 494124K->477308K(713288K), 0.0041615 secs] [Times: user=0.01 sys=0.00, real=0.01 secs] 
2020-10-29T08:54:11.960+0000: [GC (Allocation Failure) 2020-10-29T08:54:11.960+0000: [ParNew: 16967K->1094K(18432K), 0.0080129 secs] 493692K->477819K(713288K), 0.0080738 secs] [Times: user=0.02 sys=0.00, real=0.01 secs] 
2020-10-29T08:54:12.045+0000: [GC (Allocation Failure) 2020-10-29T08:54:12.045+0000: [ParNew: 17478K->1510K(18432K), 0.0052466 secs] 494203K->478337K(713288K), 0.0053068 secs] [Times: user=0.01 sys=0.00, real=0.00 secs] 
2020-10-29T08:54:12.122+0000: [GC (Allocation Failure) 2020-10-29T08:54:12.122+0000: [ParNew: 17894K->1292K(18432K), 0.0073567 secs] 494721K->478994K(713288K), 0.0074217 secs] [Times: user=0.02 sys=0.00, real=0.01 secs] 
2020-10-29T08:54:12.214+0000: [GC (Allocation Failure) 2020-10-29T08:54:12.214+0000: [ParNew: 17676K->1233K(18432K), 0.0043921 secs] 495378K->478935K(713288K), 0.0044523 secs] [Times: user=0.01 sys=0.00, real=0.00 secs] 
2020-10-29T08:54:12.347+0000: [GC (Allocation Failure) 2020-10-29T08:54:12.347+0000: [ParNew: 17617K->1225K(18432K), 0.0178996 secs] 495319K->479176K(713288K), 0.0179629 secs] [Times: user=0.03 sys=0.00, real=0.02 secs] 
2020-10-29T08:54:12.582+0000: [GC (Allocation Failure) 2020-10-29T08:54:12.582+0000: [ParNew: 17609K->1926K(18432K), 0.0064228 secs] 495560K->480026K(713288K), 0.0064765 secs] [Times: user=0.01 sys=0.00, real=0.01 secs] 
2020-10-29T08:54:12.642+0000: [GC (Allocation Failure) 2020-10-29T08:54:12.642+0000: [ParNew: 18310K->1177K(18432K), 0.0060044 secs] 496410K->480291K(713288K), 0.0060671 secs] [Times: user=0.01 sys=0.00, real=0.01 secs] 
2020-10-29T08:54:12.833+0000: [GC (Allocation Failure) 2020-10-29T08:54:12.833+0000: [ParNew: 17561K->481K(18432K), 0.0036944 secs] 496675K->479595K(713288K), 0.0037549 secs] [Times: user=0.00 sys=0.01, real=0.00 secs] 
2020-10-29T08:54:14.669+0000: [GC (Allocation Failure) 2020-10-29T08:54:14.669+0000: [ParNew: 16865K->643K(18432K), 0.0039066 secs] 495979K->479757K(713288K), 0.0039706 secs] [Times: user=0.01 sys=0.00, real=0.01 secs] 
Heap
 par new generation   total 18432K, used 9833K [0x00000000c0000000, 0x00000000c1400000, 0x00000000ca660000)
  eden space 16384K,  56% used [0x00000000c0000000, 0x00000000c08f98c0, 0x00000000c1000000)
  from space 2048K,  31% used [0x00000000c1000000, 0x00000000c10a0c78, 0x00000000c1200000)
  to   space 2048K,   0% used [0x00000000c1200000, 0x00000000c1200000, 0x00000000c1400000)
 concurrent mark-sweep generation total 694856K, used 479114K [0x00000000ca660000, 0x00000000f4cf2000, 0x0000000100000000)
 Metaspace       used 78618K, capacity 79966K, committed 80276K, reserved 1118208K
  class space    used 10625K, capacity 10872K, committed 10956K, reserved 1048576K
End of LogType:stdout



Container: container_1603959726485_0002_01_000003 on ip-10-0-63-237.ec2.internal_8041
=======================================================================================
LogType:stderr
Log Upload Time:gio ott 29 08:54:17 +0000 2020
LogLength:16539
Log Contents:
SLF4J: Class path contains multiple SLF4J bindings.
SLF4J: Found binding in [jar:file:/mnt/yarn/usercache/hadoop/filecache/11/__spark_libs__2889493207819615076.zip/slf4j-log4j12-1.7.16.jar!/org/slf4j/impl/StaticLoggerBinder.class]
SLF4J: Found binding in [jar:file:/usr/lib/hadoop/lib/slf4j-log4j12-1.7.10.jar!/org/slf4j/impl/StaticLoggerBinder.class]
SLF4J: See http://www.slf4j.org/codes.html#multiple_bindings for an explanation.
SLF4J: Actual binding is of type [org.slf4j.impl.Log4jLoggerFactory]
20/10/29 08:52:34 INFO CoarseGrainedExecutorBackend: Started daemon with process name: 25994@ip-10-0-63-237
20/10/29 08:52:34 INFO SignalUtils: Registered signal handler for TERM
20/10/29 08:52:34 INFO SignalUtils: Registered signal handler for HUP
20/10/29 08:52:34 INFO SignalUtils: Registered signal handler for INT
20/10/29 08:52:36 INFO SecurityManager: Changing view acls to: yarn,hadoop
20/10/29 08:52:36 INFO SecurityManager: Changing modify acls to: yarn,hadoop
20/10/29 08:52:36 INFO SecurityManager: Changing view acls groups to: 
20/10/29 08:52:36 INFO SecurityManager: Changing modify acls groups to: 
20/10/29 08:52:36 INFO SecurityManager: SecurityManager: authentication disabled; ui acls disabled; users  with view permissions: Set(yarn, hadoop); groups with view permissions: Set(); users  with modify permissions: Set(yarn, hadoop); groups with modify permissions: Set()
20/10/29 08:52:36 INFO TransportClientFactory: Successfully created connection to ip-10-0-45-238.ec2.internal/10.0.45.238:37893 after 93 ms (0 ms spent in bootstraps)
20/10/29 08:52:36 INFO SecurityManager: Changing view acls to: yarn,hadoop
20/10/29 08:52:36 INFO SecurityManager: Changing modify acls to: yarn,hadoop
20/10/29 08:52:36 INFO SecurityManager: Changing view acls groups to: 
20/10/29 08:52:36 INFO SecurityManager: Changing modify acls groups to: 
20/10/29 08:52:36 INFO SecurityManager: SecurityManager: authentication disabled; ui acls disabled; users  with view permissions: Set(yarn, hadoop); groups with view permissions: Set(); users  with modify permissions: Set(yarn, hadoop); groups with modify permissions: Set()
20/10/29 08:52:36 INFO TransportClientFactory: Successfully created connection to ip-10-0-45-238.ec2.internal/10.0.45.238:37893 after 2 ms (0 ms spent in bootstraps)
20/10/29 08:52:37 INFO DiskBlockManager: Created local directory at /mnt/yarn/usercache/hadoop/appcache/application_1603959726485_0002/blockmgr-05468c41-7079-4df6-858c-057e95e02361
20/10/29 08:52:37 INFO MemoryStore: MemoryStore started with capacity 424.4 MB
20/10/29 08:52:37 INFO CoarseGrainedExecutorBackend: Connecting to driver: spark://CoarseGrainedScheduler@ip-10-0-45-238.ec2.internal:37893
20/10/29 08:52:37 INFO CoarseGrainedExecutorBackend: Successfully registered with driver
20/10/29 08:52:37 INFO Executor: Starting executor ID 1 on host ip-10-0-63-237.ec2.internal
20/10/29 08:52:37 INFO Utils: Successfully started service 'org.apache.spark.network.netty.NettyBlockTransferService' on port 37945.
20/10/29 08:52:37 INFO NettyBlockTransferService: Server created on ip-10-0-63-237.ec2.internal:37945
20/10/29 08:52:37 INFO BlockManager: Using org.apache.spark.storage.RandomBlockReplicationPolicy for block replication policy
20/10/29 08:52:37 INFO BlockManagerMaster: Registering BlockManager BlockManagerId(1, ip-10-0-63-237.ec2.internal, 37945, None)
20/10/29 08:52:37 INFO BlockManagerMaster: Registered BlockManager BlockManagerId(1, ip-10-0-63-237.ec2.internal, 37945, None)
20/10/29 08:52:37 INFO BlockManager: external shuffle service port = 7337
20/10/29 08:52:37 INFO BlockManager: Registering executor with local external shuffle service.
20/10/29 08:52:37 INFO TransportClientFactory: Successfully created connection to ip-10-0-63-237.ec2.internal/10.0.63.237:7337 after 14 ms (0 ms spent in bootstraps)
20/10/29 08:52:37 INFO BlockManager: Initialized BlockManager: BlockManagerId(1, ip-10-0-63-237.ec2.internal, 37945, None)
20/10/29 08:52:37 INFO CoarseGrainedExecutorBackend: Got assigned task 0
20/10/29 08:52:37 INFO Executor: Running task 0.0 in stage 0.0 (TID 0)
20/10/29 08:52:37 INFO TorrentBroadcast: Started reading broadcast variable 1
20/10/29 08:52:38 INFO TransportClientFactory: Successfully created connection to ip-10-0-45-238.ec2.internal/10.0.45.238:37939 after 1 ms (0 ms spent in bootstraps)
20/10/29 08:52:38 INFO MemoryStore: Block broadcast_1_piece0 stored as bytes in memory (estimated size 15.8 KB, free 424.4 MB)
20/10/29 08:52:38 INFO TorrentBroadcast: Reading broadcast variable 1 took 123 ms
20/10/29 08:52:38 INFO MemoryStore: Block broadcast_1 stored as values in memory (estimated size 40.3 KB, free 424.4 MB)
20/10/29 08:52:39 INFO CodeGenerator: Code generated in 498.112674 ms
20/10/29 08:52:39 INFO CodeGenerator: Code generated in 52.432097 ms
20/10/29 08:52:39 INFO CodeGenerator: Code generated in 29.103351 ms
20/10/29 08:52:39 INFO FileScanRDD: Reading File path: s3://spectral-regression-spark-bucket/spectral_data_class.csv, range: 0-134217728, partition values: [empty row]
20/10/29 08:52:39 INFO CodeGenerator: Code generated in 17.418963 ms
20/10/29 08:52:39 INFO TorrentBroadcast: Started reading broadcast variable 0
20/10/29 08:52:39 INFO MemoryStore: Block broadcast_0_piece0 stored as bytes in memory (estimated size 36.8 KB, free 424.3 MB)
20/10/29 08:52:39 INFO TorrentBroadcast: Reading broadcast variable 0 took 15 ms
20/10/29 08:52:39 INFO MemoryStore: Block broadcast_0 stored as values in memory (estimated size 576.5 KB, free 423.7 MB)
20/10/29 08:52:42 INFO S3NativeFileSystem: Opening 's3://spectral-regression-spark-bucket/spectral_data_class.csv' for reading
20/10/29 08:52:42 INFO GPLNativeCodeLoader: Loaded native gpl library
20/10/29 08:52:42 INFO LzoCodec: Successfully loaded & initialized native-lzo library [hadoop-lzo rev 1546b8dc0ca6f1ffd26a812d52bd7b80915e0a25]
20/10/29 08:52:53 INFO Executor: Finished task 0.0 in stage 0.0 (TID 0). 1984 bytes result sent to driver
20/10/29 08:52:54 INFO CoarseGrainedExecutorBackend: Got assigned task 1
20/10/29 08:52:54 INFO CoarseGrainedExecutorBackend: Got assigned task 2
20/10/29 08:52:54 INFO Executor: Running task 0.0 in stage 1.0 (TID 1)
20/10/29 08:52:54 INFO Executor: Running task 1.0 in stage 1.0 (TID 2)
20/10/29 08:52:54 INFO TorrentBroadcast: Started reading broadcast variable 4
20/10/29 08:52:54 INFO MemoryStore: Block broadcast_4_piece0 stored as bytes in memory (estimated size 17.1 KB, free 423.8 MB)
20/10/29 08:52:54 INFO TorrentBroadcast: Reading broadcast variable 4 took 11 ms
20/10/29 08:52:54 INFO MemoryStore: Block broadcast_4 stored as values in memory (estimated size 43.4 KB, free 423.7 MB)
20/10/29 08:52:54 INFO CodeGenerator: Code generated in 99.502784 ms
20/10/29 08:52:56 INFO CodeGenerator: Code generated in 13.171933 ms
20/10/29 08:52:56 INFO FileScanRDD: Reading File path: s3://spectral-regression-spark-bucket/spectral_data_class.csv, range: 0-134217728, partition values: [empty row]
20/10/29 08:52:56 INFO TorrentBroadcast: Started reading broadcast variable 2
20/10/29 08:52:56 INFO FileScanRDD: Reading File path: s3://spectral-regression-spark-bucket/spectral_data_class.csv, range: 134217728-268435456, partition values: [empty row]
20/10/29 08:52:56 INFO MemoryStore: Block broadcast_2_piece0 stored as bytes in memory (estimated size 36.8 KB, free 423.6 MB)
20/10/29 08:52:56 INFO TorrentBroadcast: Reading broadcast variable 2 took 18 ms
20/10/29 08:52:56 INFO MemoryStore: Block broadcast_2 stored as values in memory (estimated size 576.5 KB, free 423.0 MB)
20/10/29 08:52:56 INFO S3NativeFileSystem: Opening 's3://spectral-regression-spark-bucket/spectral_data_class.csv' for reading
20/10/29 08:52:56 INFO S3NativeFileSystem: Opening 's3://spectral-regression-spark-bucket/spectral_data_class.csv' for reading
20/10/29 08:53:08 INFO UnsafeExternalSorter: Thread 28 spilling sort data of 192.0 MB to disk (0  time so far)
20/10/29 08:53:10 INFO UnsafeExternalSorter: Thread 36 spilling sort data of 192.0 MB to disk (0  time so far)
20/10/29 08:53:14 INFO JniLoader: successfully loaded /mnt/yarn/usercache/hadoop/appcache/application_1603959726485_0002/container_1603959726485_0002_01_000003/tmp/jniloader8622912924121447831netlib-native_system-linux-x86_64.so
20/10/29 08:53:18 INFO Executor: Finished task 1.0 in stage 1.0 (TID 2). 2504 bytes result sent to driver
20/10/29 08:53:19 INFO Executor: Finished task 0.0 in stage 1.0 (TID 1). 2504 bytes result sent to driver
20/10/29 08:53:20 INFO CoarseGrainedExecutorBackend: Got assigned task 4
20/10/29 08:53:20 INFO Executor: Running task 0.0 in stage 2.0 (TID 4)
20/10/29 08:53:20 INFO CoarseGrainedExecutorBackend: Got assigned task 6
20/10/29 08:53:20 INFO Executor: Running task 2.0 in stage 2.0 (TID 6)
20/10/29 08:53:20 INFO TorrentBroadcast: Started reading broadcast variable 6
20/10/29 08:53:20 INFO MemoryStore: Block broadcast_6_piece0 stored as bytes in memory (estimated size 18.7 KB, free 423.8 MB)
20/10/29 08:53:20 INFO TorrentBroadcast: Reading broadcast variable 6 took 10 ms
20/10/29 08:53:20 INFO MemoryStore: Block broadcast_6 stored as values in memory (estimated size 44.9 KB, free 423.8 MB)
20/10/29 08:53:20 INFO CodeGenerator: Code generated in 110.714014 ms
20/10/29 08:53:20 INFO CodeGenerator: Code generated in 14.086001 ms
20/10/29 08:53:20 INFO FileScanRDD: Reading File path: s3://spectral-regression-spark-bucket/spectral_data_class.csv, range: 161602326-242403489, partition values: [empty row]
20/10/29 08:53:20 INFO TorrentBroadcast: Started reading broadcast variable 5
20/10/29 08:53:20 INFO FileScanRDD: Reading File path: s3://spectral-regression-spark-bucket/spectral_data_class.csv, range: 0-80801163, partition values: [empty row]
20/10/29 08:53:20 INFO MemoryStore: Block broadcast_5_piece0 stored as bytes in memory (estimated size 36.8 KB, free 423.6 MB)
20/10/29 08:53:20 INFO TorrentBroadcast: Reading broadcast variable 5 took 11 ms
20/10/29 08:53:20 INFO MemoryStore: Block broadcast_5 stored as values in memory (estimated size 576.5 KB, free 423.0 MB)
20/10/29 08:53:20 INFO S3NativeFileSystem: Opening 's3://spectral-regression-spark-bucket/spectral_data_class.csv' for reading
20/10/29 08:53:20 INFO S3NativeFileSystem: Opening 's3://spectral-regression-spark-bucket/spectral_data_class.csv' for reading
20/10/29 08:53:32 INFO Executor: Finished task 2.0 in stage 2.0 (TID 6). 2448 bytes result sent to driver
20/10/29 08:53:33 INFO Executor: Finished task 0.0 in stage 2.0 (TID 4). 2405 bytes result sent to driver
20/10/29 08:53:33 INFO CoarseGrainedExecutorBackend: Got assigned task 8
20/10/29 08:53:33 INFO Executor: Running task 0.0 in stage 3.0 (TID 8)
20/10/29 08:53:33 INFO CoarseGrainedExecutorBackend: Got assigned task 10
20/10/29 08:53:33 INFO Executor: Running task 2.0 in stage 3.0 (TID 10)
20/10/29 08:53:33 INFO TorrentBroadcast: Started reading broadcast variable 7
20/10/29 08:53:33 INFO MemoryStore: Block broadcast_7_piece0 stored as bytes in memory (estimated size 18.5 KB, free 423.2 MB)
20/10/29 08:53:33 INFO TorrentBroadcast: Reading broadcast variable 7 took 12 ms
20/10/29 08:53:33 INFO MemoryStore: Block broadcast_7 stored as values in memory (estimated size 44.1 KB, free 423.2 MB)
20/10/29 08:53:33 INFO FileScanRDD: Reading File path: s3://spectral-regression-spark-bucket/spectral_data_class.csv, range: 161602326-242403489, partition values: [empty row]
20/10/29 08:53:33 INFO FileScanRDD: Reading File path: s3://spectral-regression-spark-bucket/spectral_data_class.csv, range: 0-80801163, partition values: [empty row]
20/10/29 08:53:33 INFO S3NativeFileSystem: Opening 's3://spectral-regression-spark-bucket/spectral_data_class.csv' for reading
20/10/29 08:53:33 INFO S3NativeFileSystem: Opening 's3://spectral-regression-spark-bucket/spectral_data_class.csv' for reading
20/10/29 08:53:45 INFO Executor: Finished task 2.0 in stage 3.0 (TID 10). 1922 bytes result sent to driver
20/10/29 08:53:45 INFO Executor: Finished task 0.0 in stage 3.0 (TID 8). 1922 bytes result sent to driver
20/10/29 08:53:46 INFO CoarseGrainedExecutorBackend: Got assigned task 13
20/10/29 08:53:46 INFO Executor: Running task 1.0 in stage 4.0 (TID 13)
20/10/29 08:53:46 INFO CoarseGrainedExecutorBackend: Got assigned task 15
20/10/29 08:53:46 INFO Executor: Running task 3.0 in stage 4.0 (TID 15)
20/10/29 08:53:46 INFO TorrentBroadcast: Started reading broadcast variable 9
20/10/29 08:53:46 INFO MemoryStore: Block broadcast_9_piece0 stored as bytes in memory (estimated size 17.1 KB, free 423.2 MB)
20/10/29 08:53:46 INFO TorrentBroadcast: Reading broadcast variable 9 took 10 ms
20/10/29 08:53:46 INFO MemoryStore: Block broadcast_9 stored as values in memory (estimated size 40.0 KB, free 423.2 MB)
20/10/29 08:53:46 INFO CodeGenerator: Code generated in 84.943053 ms
20/10/29 08:53:46 INFO FileScanRDD: Reading File path: s3://spectral-regression-spark-bucket/spectral_data_class.csv, range: 80801163-161602326, partition values: [empty row]
20/10/29 08:53:46 INFO TorrentBroadcast: Started reading broadcast variable 8
20/10/29 08:53:46 INFO FileScanRDD: Reading File path: s3://spectral-regression-spark-bucket/spectral_data_class.csv, range: 242403489-319010350, partition values: [empty row]
20/10/29 08:53:46 INFO MemoryStore: Block broadcast_8_piece0 stored as bytes in memory (estimated size 36.8 KB, free 423.0 MB)
20/10/29 08:53:46 INFO TorrentBroadcast: Reading broadcast variable 8 took 14 ms
20/10/29 08:53:46 INFO MemoryStore: Block broadcast_8 stored as values in memory (estimated size 576.5 KB, free 422.4 MB)
20/10/29 08:53:46 INFO S3NativeFileSystem: Opening 's3://spectral-regression-spark-bucket/spectral_data_class.csv' for reading
20/10/29 08:53:46 INFO S3NativeFileSystem: Opening 's3://spectral-regression-spark-bucket/spectral_data_class.csv' for reading
20/10/29 08:53:56 INFO Executor: Finished task 3.0 in stage 4.0 (TID 15). 2651 bytes result sent to driver
20/10/29 08:53:57 INFO Executor: Finished task 1.0 in stage 4.0 (TID 13). 2608 bytes result sent to driver
20/10/29 08:53:58 INFO CoarseGrainedExecutorBackend: Got assigned task 18
20/10/29 08:53:58 INFO Executor: Running task 1.0 in stage 6.0 (TID 18)
20/10/29 08:53:58 INFO MapOutputTrackerWorker: Updating epoch to 1 and clearing cache
20/10/29 08:53:58 INFO TorrentBroadcast: Started reading broadcast variable 12
20/10/29 08:53:58 INFO CoarseGrainedExecutorBackend: Got assigned task 20
20/10/29 08:53:58 INFO Executor: Running task 3.0 in stage 6.0 (TID 20)
20/10/29 08:53:58 INFO MemoryStore: Block broadcast_12_piece0 stored as bytes in memory (estimated size 19.1 KB, free 423.2 MB)
20/10/29 08:53:58 INFO TorrentBroadcast: Reading broadcast variable 12 took 14 ms
20/10/29 08:53:58 INFO MemoryStore: Block broadcast_12 stored as values in memory (estimated size 45.6 KB, free 423.2 MB)
20/10/29 08:53:58 INFO CodeGenerator: Code generated in 100.552381 ms
20/10/29 08:53:58 INFO FileScanRDD: Reading File path: s3://spectral-regression-spark-bucket/spectral_data_class.csv, range: 80801163-161602326, partition values: [empty row]
20/10/29 08:53:58 INFO TorrentBroadcast: Started reading broadcast variable 11
20/10/29 08:53:58 INFO FileScanRDD: Reading File path: s3://spectral-regression-spark-bucket/spectral_data_class.csv, range: 242403489-319010350, partition values: [empty row]
20/10/29 08:53:58 INFO TransportClientFactory: Successfully created connection to ip-10-0-47-24.ec2.internal/10.0.47.24:34055 after 1 ms (0 ms spent in bootstraps)
20/10/29 08:53:58 INFO MemoryStore: Block broadcast_11_piece0 stored as bytes in memory (estimated size 36.8 KB, free 423.0 MB)
20/10/29 08:53:58 INFO TorrentBroadcast: Reading broadcast variable 11 took 163 ms
20/10/29 08:53:58 INFO MemoryStore: Block broadcast_11 stored as values in memory (estimated size 576.5 KB, free 422.4 MB)
20/10/29 08:53:58 INFO S3NativeFileSystem: Opening 's3://spectral-regression-spark-bucket/spectral_data_class.csv' for reading
20/10/29 08:53:58 INFO S3NativeFileSystem: Opening 's3://spectral-regression-spark-bucket/spectral_data_class.csv' for reading
20/10/29 08:54:09 INFO Executor: Finished task 3.0 in stage 6.0 (TID 20). 2405 bytes result sent to driver
20/10/29 08:54:09 INFO Executor: Finished task 1.0 in stage 6.0 (TID 18). 2405 bytes result sent to driver
20/10/29 08:54:14 INFO CoarseGrainedExecutorBackend: Driver commanded a shutdown
20/10/29 08:54:14 INFO MemoryStore: MemoryStore cleared
20/10/29 08:54:14 INFO BlockManager: BlockManager stopped
20/10/29 08:54:14 INFO ShutdownHookManager: Shutdown hook called
End of LogType:stderr

LogType:stdout
Log Upload Time:gio ott 29 08:54:17 +0000 2020
LogLength:765135
Log Contents:
2020-10-29T08:52:34.409+0000: [GC (Allocation Failure) 2020-10-29T08:52:34.409+0000: [ParNew: 16384K->2048K(18432K), 0.0037795 secs] 16384K->2382K(59392K), 0.0038564 secs] [Times: user=0.01 sys=0.00, real=0.01 secs] 
2020-10-29T08:52:34.532+0000: [GC (Allocation Failure) 2020-10-29T08:52:34.532+0000: [ParNew: 18432K->1944K(18432K), 0.0069827 secs] 18766K->3632K(59392K), 0.0070303 secs] [Times: user=0.01 sys=0.00, real=0.00 secs] 
2020-10-29T08:52:34.663+0000: [GC (Allocation Failure) 2020-10-29T08:52:34.663+0000: [ParNew: 18328K->1310K(18432K), 0.0013670 secs] 20016K->2998K(59392K), 0.0014117 secs] [Times: user=0.01 sys=0.00, real=0.00 secs] 
2020-10-29T08:52:34.816+0000: [GC (Allocation Failure) 2020-10-29T08:52:34.816+0000: [ParNew: 17694K->1960K(18432K), 0.0042251 secs] 19382K->4029K(59392K), 0.0042800 secs] [Times: user=0.01 sys=0.00, real=0.00 secs] 
2020-10-29T08:52:34.946+0000: [GC (Allocation Failure) 2020-10-29T08:52:34.946+0000: [ParNew: 18344K->1189K(18432K), 0.0034296 secs] 20413K->3803K(59392K), 0.0034768 secs] [Times: user=0.00 sys=0.00, real=0.00 secs] 
2020-10-29T08:52:35.084+0000: [GC (Allocation Failure) 2020-10-29T08:52:35.084+0000: [ParNew: 17573K->1741K(18432K), 0.0019707 secs] 20187K->4355K(59392K), 0.0020162 secs] [Times: user=0.00 sys=0.00, real=0.00 secs] 
2020-10-29T08:52:35.169+0000: [GC (Allocation Failure) 2020-10-29T08:52:35.169+0000: [ParNew: 18125K->1209K(18432K), 0.0029262 secs] 20739K->4365K(59392K), 0.0029714 secs] [Times: user=0.01 sys=0.00, real=0.01 secs] 
2020-10-29T08:52:35.237+0000: [GC (Allocation Failure) 2020-10-29T08:52:35.237+0000: [ParNew: 17593K->820K(18432K), 0.0016622 secs] 20749K->3975K(59392K), 0.0017244 secs] [Times: user=0.01 sys=0.00, real=0.00 secs] 
2020-10-29T08:52:35.313+0000: [GC (Allocation Failure) 2020-10-29T08:52:35.313+0000: [ParNew: 17204K->823K(18432K), 0.0012781 secs] 20359K->3979K(59392K), 0.0013251 secs] [Times: user=0.00 sys=0.00, real=0.00 secs] 
2020-10-29T08:52:35.429+0000: [GC (Allocation Failure) 2020-10-29T08:52:35.430+0000: [ParNew: 17207K->1538K(18432K), 0.0019133 secs] 20363K->4693K(59392K), 0.0019600 secs] [Times: user=0.00 sys=0.00, real=0.01 secs] 
2020-10-29T08:52:35.515+0000: [GC (Allocation Failure) 2020-10-29T08:52:35.515+0000: [ParNew: 17922K->1295K(18432K), 0.0034290 secs] 21077K->4761K(59392K), 0.0034856 secs] [Times: user=0.01 sys=0.00, real=0.00 secs] 
2020-10-29T08:52:35.682+0000: [GC (Allocation Failure) 2020-10-29T08:52:35.682+0000: [ParNew: 17679K->1388K(18432K), 0.0025076 secs] 21145K->4854K(59392K), 0.0025519 secs] [Times: user=0.00 sys=0.00, real=0.01 secs] 
2020-10-29T08:52:35.814+0000: [GC (Allocation Failure) 2020-10-29T08:52:35.814+0000: [ParNew: 17772K->1576K(18432K), 0.0050606 secs] 21238K->5117K(59392K), 0.0051072 secs] [Times: user=0.00 sys=0.00, real=0.00 secs] 
2020-10-29T08:52:35.949+0000: [GC (Allocation Failure) 2020-10-29T08:52:35.949+0000: [ParNew: 17960K->1136K(18432K), 0.0050228 secs] 21501K->5288K(59392K), 0.0050750 secs] [Times: user=0.00 sys=0.00, real=0.01 secs] 
2020-10-29T08:52:36.043+0000: [GC (Allocation Failure) 2020-10-29T08:52:36.043+0000: [ParNew: 17520K->1135K(18432K), 0.0018792 secs] 21672K->5287K(59392K), 0.0019355 secs] [Times: user=0.00 sys=0.00, real=0.00 secs] 
2020-10-29T08:52:36.125+0000: [GC (Allocation Failure) 2020-10-29T08:52:36.125+0000: [ParNew: 17519K->1314K(18432K), 0.0019622 secs] 21671K->5466K(59392K), 0.0020079 secs] [Times: user=0.01 sys=0.00, real=0.00 secs] 
2020-10-29T08:52:36.190+0000: [GC (Allocation Failure) 2020-10-29T08:52:36.190+0000: [ParNew: 17698K->1304K(18432K), 0.0031370 secs] 21850K->5456K(59392K), 0.0031829 secs] [Times: user=0.00 sys=0.00, real=0.00 secs] 
2020-10-29T08:52:36.250+0000: [GC (Allocation Failure) 2020-10-29T08:52:36.250+0000: [ParNew: 17688K->987K(18432K), 0.0030822 secs] 21840K->5495K(59392K), 0.0031338 secs] [Times: user=0.01 sys=0.00, real=0.01 secs] 
2020-10-29T08:52:36.320+0000: [GC (Allocation Failure) 2020-10-29T08:52:36.320+0000: [ParNew: 17371K->1480K(18432K), 0.0022430 secs] 21879K->5989K(59392K), 0.0023078 secs] [Times: user=0.00 sys=0.00, real=0.01 secs] 
2020-10-29T08:52:36.416+0000: [GC (Allocation Failure) 2020-10-29T08:52:36.416+0000: [ParNew: 17864K->1830K(18432K), 0.0031470 secs] 22373K->6543K(59392K), 0.0031950 secs] [Times: user=0.00 sys=0.00, real=0.00 secs] 
2020-10-29T08:52:36.482+0000: [GC (Allocation Failure) 2020-10-29T08:52:36.482+0000: [ParNew: 18214K->1089K(18432K), 0.0031315 secs] 22927K->6265K(59392K), 0.0031791 secs] [Times: user=0.01 sys=0.00, real=0.00 secs] 
2020-10-29T08:52:36.640+0000: [GC (Allocation Failure) 2020-10-29T08:52:36.640+0000: [ParNew: 17473K->1165K(18432K), 0.0018850 secs] 39033K->22725K(59392K), 0.0019299 secs] [Times: user=0.01 sys=0.00, real=0.00 secs] 
2020-10-29T08:52:36.642+0000: [GC (CMS Initial Mark) [1 CMS-initial-mark: 21559K(40960K)] 22920K(59392K), 0.0008577 secs] [Times: user=0.00 sys=0.00, real=0.00 secs] 
2020-10-29T08:52:36.643+0000: [CMS-concurrent-mark-start]
2020-10-29T08:52:36.657+0000: [CMS-concurrent-mark: 0.014/0.014 secs] [Times: user=0.02 sys=0.00, real=0.01 secs] 
2020-10-29T08:52:36.657+0000: [CMS-concurrent-preclean-start]
2020-10-29T08:52:36.658+0000: [CMS-concurrent-preclean: 0.000/0.000 secs] [Times: user=0.00 sys=0.00, real=0.00 secs] 
2020-10-29T08:52:36.662+0000: [GC (CMS Final Remark) [YG occupancy: 3169 K (18432 K)]2020-10-29T08:52:36.662+0000: [Rescan (parallel) , 0.0009267 secs]2020-10-29T08:52:36.663+0000: [weak refs processing, 0.0000317 secs]2020-10-29T08:52:36.663+0000: [class unloading, 0.0021764 secs]2020-10-29T08:52:36.665+0000: [scrub symbol table, 0.0022888 secs]2020-10-29T08:52:36.667+0000: [scrub string table, 0.0002294 secs][1 CMS-remark: 21559K(40960K)] 24729K(59392K), 0.0057323 secs] [Times: user=0.00 sys=0.00, real=0.01 secs] 
2020-10-29T08:52:36.670+0000: [CMS-concurrent-sweep-start]
2020-10-29T08:52:36.681+0000: [CMS-concurrent-sweep: 0.011/0.011 secs] [Times: user=0.01 sys=0.00, real=0.00 secs] 
2020-10-29T08:52:36.681+0000: [CMS-concurrent-reset-start]
2020-10-29T08:52:36.741+0000: [GC (Allocation Failure) 2020-10-29T08:52:36.741+0000: [ParNew: 17549K->975K(18432K), 0.0029709 secs] 38695K->22353K(59392K), 0.0030353 secs] [Times: user=0.01 sys=0.00, real=0.01 secs] 
2020-10-29T08:52:36.757+0000: [CMS-concurrent-reset: 0.076/0.076 secs] [Times: user=0.13 sys=0.03, real=0.08 secs] 
2020-10-29T08:52:36.995+0000: [GC (Allocation Failure) 2020-10-29T08:52:36.995+0000: [ParNew: 17359K->1308K(18432K), 0.0020186 secs] 55121K->39070K(59392K), 0.0020671 secs] [Times: user=0.00 sys=0.00, real=0.00 secs] 
2020-10-29T08:52:36.998+0000: [GC (CMS Initial Mark) [1 CMS-initial-mark: 37762K(40960K)] 39340K(59392K), 0.0007853 secs] [Times: user=0.01 sys=0.00, real=0.00 secs] 
2020-10-29T08:52:36.998+0000: [CMS-concurrent-mark-start]
2020-10-29T08:52:37.011+0000: [CMS-concurrent-mark: 0.013/0.013 secs] [Times: user=0.02 sys=0.00, real=0.02 secs] 
2020-10-29T08:52:37.011+0000: [CMS-concurrent-preclean-start]
2020-10-29T08:52:37.012+0000: [CMS-concurrent-preclean: 0.000/0.001 secs] [Times: user=0.00 sys=0.00, real=0.00 secs] 
2020-10-29T08:52:37.012+0000: [CMS-concurrent-abortable-preclean-start]
2020-10-29T08:52:37.106+0000: [GC (Allocation Failure) 2020-10-29T08:52:37.106+0000: [ParNew: 17692K->1382K(18432K), 0.0033574 secs] 55454K->39511K(59392K), 0.0034223 secs] [Times: user=0.01 sys=0.00, real=0.00 secs] 
2020-10-29T08:52:37.180+0000: [GC (Allocation Failure) 2020-10-29T08:52:37.180+0000: [ParNew: 17766K->984K(18432K), 0.0044690 secs] 55895K->39451K(59392K), 0.0045261 secs] [Times: user=0.00 sys=0.01, real=0.01 secs] 
2020-10-29T08:52:37.263+0000: [GC (Allocation Failure) 2020-10-29T08:52:37.263+0000: [ParNew: 17368K->1130K(18432K), 0.0015124 secs] 55835K->39598K(59392K), 0.0015610 secs] [Times: user=0.00 sys=0.00, real=0.00 secs] 
2020-10-29T08:52:37.319+0000: [GC (Allocation Failure) 2020-10-29T08:52:37.319+0000: [ParNew: 17514K->1061K(18432K), 0.0018808 secs] 55982K->39656K(59392K), 0.0019306 secs] [Times: user=0.01 sys=0.00, real=0.00 secs] 
2020-10-29T08:52:37.363+0000: [GC (Allocation Failure) 2020-10-29T08:52:37.363+0000: [ParNew: 17445K->979K(18432K), 0.0014006 secs] 56040K->39574K(59392K), 0.0014614 secs] [Times: user=0.01 sys=0.00, real=0.00 secs] 
2020-10-29T08:52:37.469+0000: [GC (Allocation Failure) 2020-10-29T08:52:37.469+0000: [ParNew2020-10-29T08:52:37.471+0000: [CMS-concurrent-abortable-preclean: 0.050/0.459 secs] [Times: user=0.73 sys=0.03, real=0.46 secs] 
: 17363K->1029K(18432K), 0.0021084 secs] 55958K->39624K(59392K), 0.0021464 secs] [Times: user=0.00 sys=0.00, real=0.01 secs] 
2020-10-29T08:52:37.474+0000: [GC (CMS Final Remark) [YG occupancy: 1080 K (18432 K)]2020-10-29T08:52:37.474+0000: [Rescan (parallel) , 0.0010621 secs]2020-10-29T08:52:37.475+0000: [weak refs processing, 0.0000275 secs]2020-10-29T08:52:37.475+0000: [class unloading, 0.0025143 secs]2020-10-29T08:52:37.477+0000: [scrub symbol table, 0.0029535 secs]2020-10-29T08:52:37.480+0000: [scrub string table, 0.0002372 secs][1 CMS-remark: 38594K(40960K)] 39675K(59392K), 0.0068777 secs] [Times: user=0.01 sys=0.00, real=0.00 secs] 
2020-10-29T08:52:37.481+0000: [CMS-concurrent-sweep-start]
2020-10-29T08:52:37.484+0000: [CMS-concurrent-sweep: 0.003/0.003 secs] [Times: user=0.01 sys=0.00, real=0.01 secs] 
2020-10-29T08:52:37.484+0000: [CMS-concurrent-reset-start]
2020-10-29T08:52:37.486+0000: [CMS-concurrent-reset: 0.002/0.002 secs] [Times: user=0.00 sys=0.00, real=0.00 secs] 
2020-10-29T08:52:37.606+0000: [GC (Allocation Failure) 2020-10-29T08:52:37.606+0000: [ParNew: 17413K->1940K(18432K), 0.0029946 secs] 55961K->40488K(82680K), 0.0030380 secs] [Times: user=0.01 sys=0.00, real=0.00 secs] 
2020-10-29T08:52:37.860+0000: [GC (Allocation Failure) 2020-10-29T08:52:37.860+0000: [ParNew: 18324K->1548K(18432K), 0.0057530 secs] 73256K->57747K(82680K), 0.0058039 secs] [Times: user=0.01 sys=0.00, real=0.01 secs] 
2020-10-29T08:52:37.866+0000: [GC (CMS Initial Mark) [1 CMS-initial-mark: 56199K(64248K)] 57747K(82680K), 0.0007916 secs] [Times: user=0.00 sys=0.00, real=0.00 secs] 
2020-10-29T08:52:37.867+0000: [CMS-concurrent-mark-start]
2020-10-29T08:52:37.883+0000: [CMS-concurrent-mark: 0.016/0.016 secs] [Times: user=0.03 sys=0.00, real=0.02 secs] 
2020-10-29T08:52:37.883+0000: [CMS-concurrent-preclean-start]
2020-10-29T08:52:37.884+0000: [CMS-concurrent-preclean: 0.001/0.001 secs] [Times: user=0.00 sys=0.00, real=0.00 secs] 
2020-10-29T08:52:37.884+0000: [GC (CMS Final Remark) [YG occupancy: 3382 K (18432 K)]2020-10-29T08:52:37.884+0000: [Rescan (parallel) , 0.0016270 secs]2020-10-29T08:52:37.886+0000: [weak refs processing, 0.0000285 secs]2020-10-29T08:52:37.886+0000: [class unloading, 0.0027641 secs]2020-10-29T08:52:37.889+0000: [scrub symbol table, 0.0032742 secs]2020-10-29T08:52:37.892+0000: [scrub string table, 0.0002892 secs][1 CMS-remark: 56199K(64248K)] 59581K(82680K), 0.0080700 secs] [Times: user=0.00 sys=0.00, real=0.01 secs] 
2020-10-29T08:52:37.900+0000: [CMS-concurrent-sweep-start]
2020-10-29T08:52:37.903+0000: [CMS-concurrent-sweep: 0.004/0.004 secs] [Times: user=0.00 sys=0.00, real=0.01 secs] 
2020-10-29T08:52:37.904+0000: [CMS-concurrent-reset-start]
2020-10-29T08:52:37.905+0000: [CMS-concurrent-reset: 0.002/0.002 secs] [Times: user=0.00 sys=0.00, real=0.00 secs] 
2020-10-29T08:52:37.974+0000: [GC (Allocation Failure) 2020-10-29T08:52:37.974+0000: [ParNew: 17932K->1203K(18432K), 0.0024084 secs] 74032K->57303K(111936K), 0.0024513 secs] [Times: user=0.00 sys=0.00, real=0.00 secs] 
2020-10-29T08:52:38.087+0000: [GC (Allocation Failure) 2020-10-29T08:52:38.087+0000: [ParNew: 17587K->930K(18432K), 0.0028627 secs] 90071K->73765K(111936K), 0.0029215 secs] [Times: user=0.00 sys=0.01, real=0.01 secs] 
2020-10-29T08:52:38.090+0000: [GC (CMS Initial Mark) [1 CMS-initial-mark: 72834K(93504K)] 73765K(111936K), 0.0007573 secs] [Times: user=0.00 sys=0.00, real=0.00 secs] 
2020-10-29T08:52:38.091+0000: [CMS-concurrent-mark-start]
2020-10-29T08:52:38.108+0000: [CMS-concurrent-mark: 0.016/0.016 secs] [Times: user=0.03 sys=0.00, real=0.01 secs] 
2020-10-29T08:52:38.108+0000: [CMS-concurrent-preclean-start]
2020-10-29T08:52:38.108+0000: [CMS-concurrent-preclean: 0.001/0.001 secs] [Times: user=0.00 sys=0.00, real=0.00 secs] 
2020-10-29T08:52:38.108+0000: [CMS-concurrent-abortable-preclean-start]
2020-10-29T08:52:38.181+0000: [GC (Allocation Failure) 2020-10-29T08:52:38.181+0000: [ParNew: 17314K->1374K(18432K), 0.0024219 secs] 90149K->74209K(111936K), 0.0024695 secs] [Times: user=0.01 sys=0.00, real=0.01 secs] 
2020-10-29T08:52:38.275+0000: [CMS-concurrent-abortable-preclean: 0.028/0.167 secs] [Times: user=0.29 sys=0.02, real=0.17 secs] 
2020-10-29T08:52:38.286+0000: [GC (CMS Final Remark) [YG occupancy: 17027 K (18432 K)]2020-10-29T08:52:38.286+0000: [Rescan (parallel) , 0.0073363 secs]2020-10-29T08:52:38.294+0000: [weak refs processing, 0.0000299 secs]2020-10-29T08:52:38.294+0000: [class unloading, 0.0033186 secs]2020-10-29T08:52:38.297+0000: [scrub symbol table, 0.0037040 secs]2020-10-29T08:52:38.301+0000: [scrub string table, 0.0003172 secs][1 CMS-remark: 72834K(93504K)] 89862K(111936K), 0.0148244 secs] [Times: user=0.03 sys=0.00, real=0.01 secs] 
2020-10-29T08:52:38.303+0000: [CMS-concurrent-sweep-start]
2020-10-29T08:52:38.306+0000: [CMS-concurrent-sweep: 0.003/0.003 secs] [Times: user=0.00 sys=0.00, real=0.00 secs] 
2020-10-29T08:52:38.306+0000: [GC (Allocation Failure) 2020-10-29T08:52:38.306+0000: [ParNew: 17758K->1756K(18432K), 0.0077402 secs] 90575K->74830K(111936K), 0.0078037 secs] [Times: user=0.01 sys=0.00, real=0.01 secs] 
2020-10-29T08:52:38.320+0000: [CMS-concurrent-reset-start]
2020-10-29T08:52:38.322+0000: [CMS-concurrent-reset: 0.002/0.002 secs] [Times: user=0.01 sys=0.00, real=0.00 secs] 
2020-10-29T08:52:38.418+0000: [GC (Allocation Failure) 2020-10-29T08:52:38.418+0000: [ParNew: 18140K->1695K(18432K), 0.0043357 secs] 91214K->75139K(140224K), 0.0044036 secs] [Times: user=0.01 sys=0.00, real=0.01 secs] 
2020-10-29T08:52:38.522+0000: [GC (Allocation Failure) 2020-10-29T08:52:38.522+0000: [ParNew: 18079K->1353K(18432K), 0.0076522 secs] 91523K->75149K(140224K), 0.0077148 secs] [Times: user=0.01 sys=0.00, real=0.01 secs] 
2020-10-29T08:52:38.764+0000: [GC (Allocation Failure) 2020-10-29T08:52:38.764+0000: [ParNew: 17737K->1943K(18432K), 0.0122022 secs] 91533K->76055K(140224K), 0.0122799 secs] [Times: user=0.02 sys=0.00, real=0.01 secs] 
2020-10-29T08:52:38.911+0000: [GC (Allocation Failure) 2020-10-29T08:52:38.911+0000: [ParNew: 18327K->1308K(18432K), 0.0060420 secs] 92439K->76390K(140224K), 0.0060966 secs] [Times: user=0.01 sys=0.00, real=0.00 secs] 
2020-10-29T08:52:39.083+0000: [GC (Allocation Failure) 2020-10-29T08:52:39.083+0000: [ParNew: 17692K->1204K(18432K), 0.0027223 secs] 92774K->76285K(140224K), 0.0027698 secs] [Times: user=0.00 sys=0.00, real=0.00 secs] 
2020-10-29T08:52:39.240+0000: [GC (Allocation Failure) 2020-10-29T08:52:39.240+0000: [ParNew: 17588K->1453K(18432K), 0.0040485 secs] 92669K->76746K(140224K), 0.0040980 secs] [Times: user=0.01 sys=0.00, real=0.01 secs] 
2020-10-29T08:52:39.364+0000: [GC (Allocation Failure) 2020-10-29T08:52:39.364+0000: [ParNew: 17837K->1196K(18432K), 0.0028781 secs] 93130K->76625K(140224K), 0.0029221 secs] [Times: user=0.01 sys=0.00, real=0.00 secs] 
2020-10-29T08:52:39.418+0000: [GC (Allocation Failure) 2020-10-29T08:52:39.418+0000: [ParNew: 17580K->1064K(18432K), 0.0024163 secs] 93009K->76492K(140224K), 0.0024637 secs] [Times: user=0.00 sys=0.00, real=0.00 secs] 
2020-10-29T08:52:39.501+0000: [GC (Allocation Failure) 2020-10-29T08:52:39.501+0000: [ParNew: 17448K->1542K(18432K), 0.0087157 secs] 92876K->76971K(140224K), 0.0087828 secs] [Times: user=0.02 sys=0.00, real=0.01 secs] 
2020-10-29T08:52:39.583+0000: [GC (Allocation Failure) 2020-10-29T08:52:39.583+0000: [ParNew: 17926K->1066K(18432K), 0.0042133 secs] 93355K->77020K(140224K), 0.0042649 secs] [Times: user=0.01 sys=0.00, real=0.00 secs] 
2020-10-29T08:52:39.725+0000: [GC (Allocation Failure) 2020-10-29T08:52:39.725+0000: [ParNew: 17450K->1405K(18432K), 0.0034930 secs] 93404K->77358K(140224K), 0.0035537 secs] [Times: user=0.01 sys=0.00, real=0.00 secs] 
2020-10-29T08:52:39.831+0000: [GC (Allocation Failure) 2020-10-29T08:52:39.831+0000: [ParNew: 17789K->1220K(18432K), 0.0051327 secs] 93742K->78101K(140224K), 0.0051757 secs] [Times: user=0.01 sys=0.00, real=0.00 secs] 
2020-10-29T08:52:39.916+0000: [GC (Allocation Failure) 2020-10-29T08:52:39.916+0000: [ParNew: 17604K->1544K(18432K), 0.0023113 secs] 94485K->78425K(140224K), 0.0023604 secs] [Times: user=0.00 sys=0.00, real=0.00 secs] 
2020-10-29T08:52:39.992+0000: [GC (Allocation Failure) 2020-10-29T08:52:39.992+0000: [ParNew: 17928K->1042K(18432K), 0.0030770 secs] 94809K->78434K(140224K), 0.0031265 secs] [Times: user=0.01 sys=0.00, real=0.00 secs] 
2020-10-29T08:52:40.037+0000: [GC (Allocation Failure) 2020-10-29T08:52:40.037+0000: [ParNew: 17426K->513K(18432K), 0.0016096 secs] 94818K->77906K(140224K), 0.0016572 secs] [Times: user=0.00 sys=0.00, real=0.00 secs] 
2020-10-29T08:52:40.116+0000: [GC (Allocation Failure) 2020-10-29T08:52:40.116+0000: [ParNew: 16897K->856K(18432K), 0.0020229 secs] 94290K->78249K(140224K), 0.0020904 secs] [Times: user=0.01 sys=0.00, real=0.00 secs] 
2020-10-29T08:52:40.176+0000: [GC (Allocation Failure) 2020-10-29T08:52:40.176+0000: [ParNew: 17240K->977K(18432K), 0.0026567 secs] 94633K->78370K(140224K), 0.0027060 secs] [Times: user=0.01 sys=0.00, real=0.00 secs] 
2020-10-29T08:52:40.254+0000: [GC (Allocation Failure) 2020-10-29T08:52:40.254+0000: [ParNew: 17361K->1527K(18432K), 0.0051093 secs] 94754K->78920K(140224K), 0.0051603 secs] [Times: user=0.01 sys=0.00, real=0.00 secs] 
2020-10-29T08:52:40.336+0000: [GC (Allocation Failure) 2020-10-29T08:52:40.336+0000: [ParNew: 17911K->1122K(18432K), 0.0069090 secs] 95304K->79052K(140224K), 0.0069586 secs] [Times: user=0.01 sys=0.00, real=0.01 secs] 
2020-10-29T08:52:40.445+0000: [GC (Allocation Failure) 2020-10-29T08:52:40.445+0000: [ParNew: 17506K->1156K(18432K), 0.0052758 secs] 95436K->79086K(140224K), 0.0053246 secs] [Times: user=0.01 sys=0.00, real=0.00 secs] 
2020-10-29T08:52:40.570+0000: [GC (Allocation Failure) 2020-10-29T08:52:40.570+0000: [ParNew: 17540K->1217K(18432K), 0.0058124 secs] 95470K->79322K(140224K), 0.0058640 secs] [Times: user=0.00 sys=0.00, real=0.01 secs] 
2020-10-29T08:52:40.678+0000: [GC (Allocation Failure) 2020-10-29T08:52:40.678+0000: [ParNew: 17601K->1602K(18432K), 0.0054339 secs] 95706K->79707K(140224K), 0.0054853 secs] [Times: user=0.01 sys=0.00, real=0.01 secs] 
2020-10-29T08:52:40.766+0000: [GC (Allocation Failure) 2020-10-29T08:52:40.766+0000: [ParNew: 17986K->1144K(18432K), 0.0070956 secs] 96091K->79728K(140224K), 0.0071491 secs] [Times: user=0.02 sys=0.00, real=0.01 secs] 
2020-10-29T08:52:40.836+0000: [GC (Allocation Failure) 2020-10-29T08:52:40.836+0000: [ParNew: 17528K->1253K(18432K), 0.0033310 secs] 96112K->80039K(140224K), 0.0033842 secs] [Times: user=0.00 sys=0.00, real=0.00 secs] 
2020-10-29T08:52:40.949+0000: [GC (Allocation Failure) 2020-10-29T08:52:40.949+0000: [ParNew: 17637K->1080K(18432K), 0.0026470 secs] 96423K->79867K(140224K), 0.0027140 secs] [Times: user=0.01 sys=0.00, real=0.01 secs] 
2020-10-29T08:52:41.222+0000: [GC (Allocation Failure) 2020-10-29T08:52:41.222+0000: [ParNew: 17464K->2048K(18432K), 0.0062830 secs] 96251K->81452K(140224K), 0.0063525 secs] [Times: user=0.02 sys=0.00, real=0.01 secs] 
2020-10-29T08:52:41.369+0000: [GC (Allocation Failure) 2020-10-29T08:52:41.369+0000: [ParNew: 18432K->2048K(18432K), 0.0179637 secs] 97836K->83896K(140224K), 0.0180376 secs] [Times: user=0.04 sys=0.00, real=0.02 secs] 
2020-10-29T08:52:41.467+0000: [GC (Allocation Failure) 2020-10-29T08:52:41.467+0000: [ParNew: 18432K->1323K(18432K), 0.0128940 secs] 100280K->84300K(140224K), 0.0129561 secs] [Times: user=0.02 sys=0.00, real=0.01 secs] 
2020-10-29T08:52:41.551+0000: [GC (Allocation Failure) 2020-10-29T08:52:41.551+0000: [ParNew: 17707K->963K(18432K), 0.0018746 secs] 100684K->83940K(140224K), 0.0019247 secs] [Times: user=0.00 sys=0.00, real=0.00 secs] 
2020-10-29T08:52:41.625+0000: [GC (Allocation Failure) 2020-10-29T08:52:41.625+0000: [ParNew: 17347K->802K(18432K), 0.0024146 secs] 100324K->83779K(140224K), 0.0024780 secs] [Times: user=0.00 sys=0.00, real=0.00 secs] 
2020-10-29T08:52:41.714+0000: [GC (Allocation Failure) 2020-10-29T08:52:41.714+0000: [ParNew: 17186K->1014K(18432K), 0.0027521 secs] 100163K->83991K(140224K), 0.0028145 secs] [Times: user=0.01 sys=0.00, real=0.00 secs] 
2020-10-29T08:52:41.808+0000: [GC (Allocation Failure) 2020-10-29T08:52:41.808+0000: [ParNew: 17398K->1052K(18432K), 0.0026537 secs] 100375K->84029K(140224K), 0.0027210 secs] [Times: user=0.01 sys=0.00, real=0.01 secs] 
2020-10-29T08:52:41.877+0000: [GC (Allocation Failure) 2020-10-29T08:52:41.877+0000: [ParNew: 17436K->1145K(18432K), 0.0055537 secs] 100413K->84122K(140224K), 0.0056044 secs] [Times: user=0.01 sys=0.00, real=0.01 secs] 
2020-10-29T08:52:41.949+0000: [GC (Allocation Failure) 2020-10-29T08:52:41.949+0000: [ParNew: 17529K->1376K(18432K), 0.0031268 secs] 100506K->84439K(140224K), 0.0031713 secs] [Times: user=0.01 sys=0.00, real=0.01 secs] 
2020-10-29T08:52:42.021+0000: [GC (Allocation Failure) 2020-10-29T08:52:42.021+0000: [ParNew: 17760K->1540K(18432K), 0.0035994 secs] 100823K->84679K(140224K), 0.0036496 secs] [Times: user=0.01 sys=0.00, real=0.01 secs] 
2020-10-29T08:52:42.026+0000: [GC (CMS Initial Mark) [1 CMS-initial-mark: 83139K(121792K)] 85006K(140224K), 0.0013851 secs] [Times: user=0.00 sys=0.00, real=0.00 secs] 
2020-10-29T08:52:42.028+0000: [CMS-concurrent-mark-start]
2020-10-29T08:52:42.070+0000: [CMS-concurrent-mark: 0.042/0.042 secs] [Times: user=0.08 sys=0.00, real=0.04 secs] 
2020-10-29T08:52:42.070+0000: [CMS-concurrent-preclean-start]
2020-10-29T08:52:42.071+0000: [CMS-concurrent-preclean: 0.001/0.001 secs] [Times: user=0.00 sys=0.00, real=0.01 secs] 
2020-10-29T08:52:42.071+0000: [CMS-concurrent-abortable-preclean-start]
2020-10-29T08:52:42.357+0000: [GC (Allocation Failure) 2020-10-29T08:52:42.357+0000: [ParNew: 17924K->2048K(18432K), 0.0053177 secs] 101063K->86012K(140224K), 0.0053631 secs] [Times: user=0.01 sys=0.00, real=0.01 secs] 
2020-10-29T08:52:42.417+0000: [CMS-concurrent-abortable-preclean: 0.098/0.346 secs] [Times: user=0.54 sys=0.02, real=0.34 secs] 
2020-10-29T08:52:42.418+0000: [GC (CMS Final Remark) [YG occupancy: 14657 K (18432 K)]2020-10-29T08:52:42.418+0000: [Rescan (parallel) , 0.0030711 secs]2020-10-29T08:52:42.421+0000: [weak refs processing, 0.0000908 secs]2020-10-29T08:52:42.421+0000: [class unloading, 0.0055889 secs]2020-10-29T08:52:42.426+0000: [scrub symbol table, 0.0074214 secs]2020-10-29T08:52:42.434+0000: [scrub string table, 0.0005294 secs][1 CMS-remark: 83964K(121792K)] 98622K(140224K), 0.0168512 secs] [Times: user=0.02 sys=0.00, real=0.02 secs] 
2020-10-29T08:52:42.437+0000: [CMS-concurrent-sweep-start]
2020-10-29T08:52:42.450+0000: [CMS-concurrent-sweep: 0.011/0.013 secs] [Times: user=0.02 sys=0.00, real=0.01 secs] 
2020-10-29T08:52:42.450+0000: [CMS-concurrent-reset-start]
2020-10-29T08:52:42.451+0000: [CMS-concurrent-reset: 0.002/0.002 secs] [Times: user=0.00 sys=0.00, real=0.01 secs] 
2020-10-29T08:52:42.577+0000: [GC (Allocation Failure) 2020-10-29T08:52:42.577+0000: [ParNew: 18432K->1626K(18432K), 0.0058187 secs] 101216K->85731K(156408K), 0.0058677 secs] [Times: user=0.01 sys=0.00, real=0.01 secs] 
2020-10-29T08:52:42.649+0000: [GC (Allocation Failure) 2020-10-29T08:52:42.649+0000: [ParNew: 18010K->940K(18432K), 0.0023673 secs] 102115K->85044K(156408K), 0.0024169 secs] [Times: user=0.00 sys=0.00, real=0.01 secs] 
2020-10-29T08:52:42.911+0000: [GC (Allocation Failure) 2020-10-29T08:52:42.911+0000: [ParNew: 17324K->717K(18432K), 0.0081802 secs] 101428K->93013K(156408K), 0.0082449 secs] [Times: user=0.02 sys=0.00, real=0.00 secs] 
2020-10-29T08:52:43.113+0000: [GC (Allocation Failure) 2020-10-29T08:52:43.113+0000: [ParNew: 17101K->648K(18432K), 0.0028400 secs] 109397K->92944K(156408K), 0.0029028 secs] [Times: user=0.01 sys=0.00, real=0.00 secs] 
2020-10-29T08:52:43.229+0000: [GC (Allocation Failure) 2020-10-29T08:52:43.229+0000: [ParNew: 17032K->751K(18432K), 0.0028469 secs] 109328K->93047K(156408K), 0.0028991 secs] [Times: user=0.00 sys=0.00, real=0.01 secs] 
2020-10-29T08:52:43.318+0000: [GC (Allocation Failure) 2020-10-29T08:52:43.318+0000: [ParNew: 17135K->1051K(18432K), 0.0021505 secs] 109431K->93348K(156408K), 0.0022035 secs] [Times: user=0.01 sys=0.00, real=0.00 secs] 
2020-10-29T08:52:43.425+0000: [GC (Allocation Failure) 2020-10-29T08:52:43.425+0000: [ParNew: 17435K->809K(18432K), 0.0038993 secs] 109732K->93237K(156408K), 0.0039513 secs] [Times: user=0.00 sys=0.00, real=0.00 secs] 
2020-10-29T08:52:43.528+0000: [GC (Allocation Failure) 2020-10-29T08:52:43.528+0000: [ParNew: 17193K->1192K(18432K), 0.0027398 secs] 109621K->94857K(156408K), 0.0028100 secs] [Times: user=0.00 sys=0.00, real=0.01 secs] 
2020-10-29T08:52:43.605+0000: [GC (Allocation Failure) 2020-10-29T08:52:43.605+0000: [ParNew: 17576K->46K(18432K), 0.0016060 secs] 111241K->93737K(156408K), 0.0016779 secs] [Times: user=0.00 sys=0.00, real=0.00 secs] 
2020-10-29T08:52:43.693+0000: [GC (Allocation Failure) 2020-10-29T08:52:43.693+0000: [ParNew: 16430K->18K(18432K), 0.0013080 secs] 110121K->93708K(156408K), 0.0013614 secs] [Times: user=0.00 sys=0.00, real=0.00 secs] 
2020-10-29T08:52:43.756+0000: [GC (Allocation Failure) 2020-10-29T08:52:43.756+0000: [ParNew: 16402K->12K(18432K), 0.0013193 secs] 110092K->93703K(156408K), 0.0013721 secs] [Times: user=0.00 sys=0.00, real=0.00 secs] 
2020-10-29T08:52:43.797+0000: [GC (Allocation Failure) 2020-10-29T08:52:43.797+0000: [ParNew: 16396K->16K(18432K), 0.0024835 secs] 110087K->95755K(156408K), 0.0025358 secs] [Times: user=0.00 sys=0.01, real=0.00 secs] 
2020-10-29T08:52:43.842+0000: [GC (Allocation Failure) 2020-10-29T08:52:43.842+0000: [ParNew: 16400K->21K(18432K), 0.0013461 secs] 112139K->95760K(156408K), 0.0013960 secs] [Times: user=0.00 sys=0.00, real=0.00 secs] 
2020-10-29T08:52:43.875+0000: [GC (Allocation Failure) 2020-10-29T08:52:43.875+0000: [ParNew: 16405K->18K(18432K), 0.0013384 secs] 112144K->95757K(156408K), 0.0013905 secs] [Times: user=0.00 sys=0.00, real=0.00 secs] 
2020-10-29T08:52:43.905+0000: [GC (Allocation Failure) 2020-10-29T08:52:43.905+0000: [ParNew: 16402K->22K(18432K), 0.0013604 secs] 112141K->95762K(156408K), 0.0014101 secs] [Times: user=0.00 sys=0.00, real=0.00 secs] 
2020-10-29T08:52:43.931+0000: [GC (Allocation Failure) 2020-10-29T08:52:43.931+0000: [ParNew: 16406K->11K(18432K), 0.0013733 secs] 112146K->95758K(156408K), 0.0014241 secs] [Times: user=0.00 sys=0.00, real=0.00 secs] 
2020-10-29T08:52:43.955+0000: [GC (Allocation Failure) 2020-10-29T08:52:43.955+0000: [ParNew: 16395K->8K(18432K), 0.0013016 secs] 112142K->95755K(156408K), 0.0013513 secs] [Times: user=0.00 sys=0.00, real=0.00 secs] 
2020-10-29T08:52:43.970+0000: [GC (Allocation Failure) 2020-10-29T08:52:43.970+0000: [ParNew: 16392K->8K(18432K), 0.0069847 secs] 112139K->103950K(156408K), 0.0070363 secs] [Times: user=0.01 sys=0.01, real=0.01 secs] 
2020-10-29T08:52:43.978+0000: [GC (CMS Initial Mark) [1 CMS-initial-mark: 103941K(137976K)] 104277K(156408K), 0.0010904 secs] [Times: user=0.00 sys=0.00, real=0.00 secs] 
2020-10-29T08:52:43.979+0000: [CMS-concurrent-mark-start]
2020-10-29T08:52:44.015+0000: [GC (Allocation Failure) 2020-10-29T08:52:44.015+0000: [ParNew: 16392K->4K(18432K), 0.0012938 secs] 120334K->103946K(156408K), 0.0013451 secs] [Times: user=0.00 sys=0.00, real=0.00 secs] 
2020-10-29T08:52:44.035+0000: [CMS-concurrent-mark: 0.054/0.056 secs] [Times: user=0.11 sys=0.00, real=0.06 secs] 
2020-10-29T08:52:44.035+0000: [CMS-concurrent-preclean-start]
2020-10-29T08:52:44.037+0000: [CMS-concurrent-preclean: 0.001/0.001 secs] [Times: user=0.00 sys=0.00, real=0.00 secs] 
2020-10-29T08:52:44.037+0000: [CMS-concurrent-abortable-preclean-start]
2020-10-29T08:52:44.051+0000: [GC (Allocation Failure) 2020-10-29T08:52:44.051+0000: [ParNew: 16388K->4K(18432K), 0.0011065 secs] 120330K->103946K(156408K), 0.0011546 secs] [Times: user=0.01 sys=0.00, real=0.00 secs] 
2020-10-29T08:52:44.070+0000: [GC (Allocation Failure) 2020-10-29T08:52:44.070+0000: [ParNew: 16388K->4K(18432K), 0.0091131 secs] 120330K->108044K(156408K), 0.0091722 secs] [Times: user=0.01 sys=0.00, real=0.01 secs] 
2020-10-29T08:52:44.108+0000: [GC (Allocation Failure) 2020-10-29T08:52:44.108+0000: [ParNew: 16388K->4K(18432K), 0.0013070 secs] 124428K->108044K(156408K), 0.0013606 secs] [Times: user=0.01 sys=0.00, real=0.00 secs] 
2020-10-29T08:52:44.148+0000: [GC (Allocation Failure) 2020-10-29T08:52:44.148+0000: [ParNew: 16388K->4K(18432K), 0.0012956 secs] 124428K->108044K(156408K), 0.0013664 secs] [Times: user=0.01 sys=0.00, real=0.00 secs] 
2020-10-29T08:52:44.188+0000: [GC (Allocation Failure) 2020-10-29T08:52:44.188+0000: [ParNew: 16388K->4K(18432K), 0.0012815 secs] 124428K->108044K(156408K), 0.0013509 secs] [Times: user=0.01 sys=0.00, real=0.00 secs] 
2020-10-29T08:52:44.228+0000: [GC (Allocation Failure) 2020-10-29T08:52:44.228+0000: [ParNew: 16388K->4K(18432K), 0.0012730 secs] 124428K->108044K(156408K), 0.0013417 secs] [Times: user=0.01 sys=0.00, real=0.00 secs] 
2020-10-29T08:52:44.267+0000: [GC (Allocation Failure) 2020-10-29T08:52:44.267+0000: [ParNew: 16388K->4K(18432K), 0.0012149 secs] 124428K->108044K(156408K), 0.0012653 secs] [Times: user=0.00 sys=0.00, real=0.00 secs] 
2020-10-29T08:52:44.293+0000: [GC (Allocation Failure) 2020-10-29T08:52:44.293+0000: [ParNew: 16388K->4K(18432K), 0.0012168 secs] 124428K->108044K(156408K), 0.0012669 secs] [Times: user=0.00 sys=0.00, real=0.00 secs] 
2020-10-29T08:52:44.314+0000: [GC (Allocation Failure) 2020-10-29T08:52:44.314+0000: [ParNew: 16388K->4K(18432K), 0.0011287 secs] 124428K->108044K(156408K), 0.0011767 secs] [Times: user=0.00 sys=0.00, real=0.00 secs] 
2020-10-29T08:52:44.335+0000: [GC (Allocation Failure) 2020-10-29T08:52:44.335+0000: [ParNew: 16388K->4K(18432K), 0.0010085 secs] 124428K->108044K(156408K), 0.0010521 secs] [Times: user=0.00 sys=0.00, real=0.00 secs] 
2020-10-29T08:52:44.357+0000: [GC (Allocation Failure) 2020-10-29T08:52:44.357+0000: [ParNew: 16388K->4K(18432K), 0.0010401 secs] 124428K->108044K(156408K), 0.0010836 secs] [Times: user=0.00 sys=0.00, real=0.00 secs] 
2020-10-29T08:52:44.383+0000: [GC (Allocation Failure) 2020-10-29T08:52:44.383+0000: [ParNew: 16388K->4K(18432K), 0.0012443 secs] 124428K->108044K(156408K), 0.0012931 secs] [Times: user=0.00 sys=0.00, real=0.00 secs] 
2020-10-29T08:52:44.396+0000: [GC (Allocation Failure) 2020-10-29T08:52:44.396+0000: [ParNew: 16388K->4K(18432K), 0.0066419 secs] 124428K->116236K(156408K), 0.0066859 secs] [Times: user=0.01 sys=0.01, real=0.01 secs] 
2020-10-29T08:52:44.423+0000: [GC (Allocation Failure) 2020-10-29T08:52:44.423+0000: [ParNew: 16388K->4K(18432K), 0.0010238 secs] 132620K->116236K(156408K), 0.0010663 secs] [Times: user=0.00 sys=0.00, real=0.00 secs] 
2020-10-29T08:52:44.445+0000: [GC (Allocation Failure) 2020-10-29T08:52:44.445+0000: [ParNew: 16388K->4K(18432K), 0.0010854 secs] 132620K->116236K(156408K), 0.0011337 secs] [Times: user=0.00 sys=0.00, real=0.00 secs] 
2020-10-29T08:52:44.470+0000: [GC (Allocation Failure) 2020-10-29T08:52:44.470+0000: [ParNew: 16388K->4K(18432K), 0.0011431 secs] 132620K->116236K(156408K), 0.0011911 secs] [Times: user=0.00 sys=0.00, real=0.01 secs] 
2020-10-29T08:52:44.492+0000: [GC (Allocation Failure) 2020-10-29T08:52:44.492+0000: [ParNew: 16388K->4K(18432K), 0.0012896 secs] 132620K->116236K(156408K), 0.0013516 secs] [Times: user=0.00 sys=0.00, real=0.00 secs] 
2020-10-29T08:52:44.513+0000: [GC (Allocation Failure) 2020-10-29T08:52:44.513+0000: [ParNew: 16388K->4K(18432K), 0.0012221 secs] 132620K->116236K(156408K), 0.0012741 secs] [Times: user=0.00 sys=0.00, real=0.00 secs] 
2020-10-29T08:52:44.525+0000: [GC (Allocation Failure) 2020-10-29T08:52:44.525+0000: [ParNew: 8540K->4K(18432K), 0.0009571 secs] 124772K->116236K(156408K), 0.0009991 secs] [Times: user=0.00 sys=0.00, real=0.00 secs] 
2020-10-29T08:52:44.538+0000: [GC (Allocation Failure) 2020-10-29T08:52:44.538+0000: [ParNew: 16388K->4K(18432K), 0.0069624 secs] 132620K->124428K(156408K), 0.0070158 secs] [Times: user=0.01 sys=0.00, real=0.01 secs] 
2020-10-29T08:52:44.545+0000: [CMS-concurrent-abortable-preclean: 0.018/0.508 secs] [Times: user=0.73 sys=0.02, real=0.51 secs] 
2020-10-29T08:52:44.545+0000: [GC (CMS Final Remark) [YG occupancy: 328 K (18432 K)]2020-10-29T08:52:44.545+0000: [Rescan (parallel) , 0.0007734 secs]2020-10-29T08:52:44.546+0000: [weak refs processing, 0.0000283 secs]2020-10-29T08:52:44.546+0000: [class unloading, 0.0061594 secs]2020-10-29T08:52:44.552+0000: [scrub symbol table, 0.0075597 secs]2020-10-29T08:52:44.560+0000: [scrub string table, 0.0005205 secs][1 CMS-remark: 124424K(137976K)] 124753K(156408K), 0.0151354 secs] [Times: user=0.02 sys=0.00, real=0.01 secs] 
2020-10-29T08:52:44.561+0000: [CMS-concurrent-sweep-start]
2020-10-29T08:52:44.571+0000: [CMS-concurrent-sweep: 0.010/0.010 secs] [Times: user=0.02 sys=0.00, real=0.02 secs] 
2020-10-29T08:52:44.572+0000: [CMS-concurrent-reset-start]
2020-10-29T08:52:44.573+0000: [CMS-concurrent-reset: 0.002/0.002 secs] [Times: user=0.01 sys=0.00, real=0.00 secs] 
2020-10-29T08:52:44.585+0000: [GC (Allocation Failure) 2020-10-29T08:52:44.585+0000: [ParNew: 16388K->4K(18432K), 0.0014454 secs] 138886K->122502K(222596K), 0.0014834 secs] [Times: user=0.00 sys=0.00, real=0.00 secs] 
2020-10-29T08:52:44.607+0000: [GC (Allocation Failure) 2020-10-29T08:52:44.607+0000: [ParNew: 16388K->4K(18432K), 0.0013754 secs] 138886K->122502K(222596K), 0.0014283 secs] [Times: user=0.00 sys=0.00, real=0.00 secs] 
2020-10-29T08:52:44.628+0000: [GC (Allocation Failure) 2020-10-29T08:52:44.628+0000: [ParNew: 16388K->4K(18432K), 0.0013252 secs] 138886K->122502K(222596K), 0.0013701 secs] [Times: user=0.01 sys=0.00, real=0.00 secs] 
2020-10-29T08:52:44.652+0000: [GC (Allocation Failure) 2020-10-29T08:52:44.652+0000: [ParNew: 16388K->4K(18432K), 0.0013873 secs] 138886K->122502K(222596K), 0.0014412 secs] [Times: user=0.00 sys=0.00, real=0.00 secs] 
2020-10-29T08:52:44.672+0000: [GC (Allocation Failure) 2020-10-29T08:52:44.672+0000: [ParNew: 16388K->4K(18432K), 0.0013972 secs] 138886K->122502K(222596K), 0.0014448 secs] [Times: user=0.00 sys=0.00, real=0.00 secs] 
2020-10-29T08:52:44.694+0000: [GC (Allocation Failure) 2020-10-29T08:52:44.694+0000: [ParNew: 16388K->4K(18432K), 0.0013759 secs] 138886K->122502K(222596K), 0.0014223 secs] [Times: user=0.00 sys=0.00, real=0.00 secs] 
2020-10-29T08:52:44.716+0000: [GC (Allocation Failure) 2020-10-29T08:52:44.716+0000: [ParNew: 16388K->4K(18432K), 0.0014113 secs] 138886K->122502K(222596K), 0.0014621 secs] [Times: user=0.00 sys=0.00, real=0.00 secs] 
2020-10-29T08:52:44.728+0000: [GC (Allocation Failure) 2020-10-29T08:52:44.728+0000: [ParNew: 8535K->4K(18432K), 0.0013327 secs] 131034K->122503K(222596K), 0.0013773 secs] [Times: user=0.00 sys=0.00, real=0.00 secs] 
2020-10-29T08:52:44.741+0000: [GC (Allocation Failure) 2020-10-29T08:52:44.741+0000: [ParNew: 16388K->4K(18432K), 0.0114573 secs] 138887K->130695K(222596K), 0.0115046 secs] [Times: user=0.02 sys=0.01, real=0.02 secs] 
2020-10-29T08:52:44.752+0000: [GC (CMS Initial Mark) [1 CMS-initial-mark: 130691K(204164K)] 131020K(222596K), 0.0011290 secs] [Times: user=0.00 sys=0.00, real=0.00 secs] 
2020-10-29T08:52:44.754+0000: [CMS-concurrent-mark-start]
2020-10-29T08:52:44.786+0000: [GC (Allocation Failure) 2020-10-29T08:52:44.786+0000: [ParNew: 16388K->4K(18432K), 0.0013238 secs] 147079K->130695K(222596K), 0.0013754 secs] [Times: user=0.00 sys=0.00, real=0.00 secs] 
2020-10-29T08:52:44.794+0000: [CMS-concurrent-mark: 0.039/0.040 secs] [Times: user=0.07 sys=0.00, real=0.04 secs] 
2020-10-29T08:52:44.794+0000: [CMS-concurrent-preclean-start]
2020-10-29T08:52:44.795+0000: [CMS-concurrent-preclean: 0.001/0.001 secs] [Times: user=0.01 sys=0.00, real=0.00 secs] 
2020-10-29T08:52:44.795+0000: [CMS-concurrent-abortable-preclean-start]
2020-10-29T08:52:44.813+0000: [GC (Allocation Failure) 2020-10-29T08:52:44.813+0000: [ParNew: 16388K->6K(18432K), 0.0013453 secs] 147079K->130697K(222596K), 0.0013948 secs] [Times: user=0.00 sys=0.00, real=0.00 secs] 
2020-10-29T08:52:44.837+0000: [GC (Allocation Failure) 2020-10-29T08:52:44.837+0000: [ParNew: 16390K->8K(18432K), 0.0014089 secs] 147081K->130699K(222596K), 0.0014613 secs] [Times: user=0.01 sys=0.00, real=0.00 secs] 
2020-10-29T08:52:44.859+0000: [GC (Allocation Failure) 2020-10-29T08:52:44.859+0000: [ParNew: 16392K->7K(18432K), 0.0013297 secs] 147083K->130698K(222596K), 0.0013783 secs] [Times: user=0.00 sys=0.00, real=0.00 secs] 
2020-10-29T08:52:44.880+0000: [GC (Allocation Failure) 2020-10-29T08:52:44.880+0000: [ParNew: 16391K->7K(18432K), 0.0012932 secs] 147082K->130698K(222596K), 0.0013516 secs] [Times: user=0.00 sys=0.00, real=0.00 secs] 
2020-10-29T08:52:44.902+0000: [GC (Allocation Failure) 2020-10-29T08:52:44.902+0000: [ParNew: 16391K->7K(18432K), 0.0014535 secs] 147082K->130698K(222596K), 0.0015052 secs] [Times: user=0.00 sys=0.00, real=0.01 secs] 
2020-10-29T08:52:44.923+0000: [GC (Allocation Failure) 2020-10-29T08:52:44.923+0000: [ParNew: 16391K->7K(18432K), 0.0014033 secs] 147082K->130698K(222596K), 0.0014542 secs] [Times: user=0.01 sys=0.00, real=0.00 secs] 
2020-10-29T08:52:44.947+0000: [GC (Allocation Failure) 2020-10-29T08:52:44.947+0000: [ParNew: 16391K->4K(18432K), 0.0014082 secs] 147082K->130699K(222596K), 0.0014743 secs] [Times: user=0.00 sys=0.00, real=0.00 secs] 
2020-10-29T08:52:44.973+0000: [GC (Allocation Failure) 2020-10-29T08:52:44.973+0000: [ParNew: 16388K->4K(18432K), 0.0013346 secs] 147083K->130699K(222596K), 0.0013854 secs] [Times: user=0.01 sys=0.00, real=0.00 secs] 
2020-10-29T08:52:44.994+0000: [GC (Allocation Failure) 2020-10-29T08:52:44.994+0000: [ParNew: 16388K->4K(18432K), 0.0011933 secs] 147083K->130699K(222596K), 0.0012407 secs] [Times: user=0.00 sys=0.00, real=0.00 secs] 
2020-10-29T08:52:45.015+0000: [GC (Allocation Failure) 2020-10-29T08:52:45.015+0000: [ParNew: 16388K->4K(18432K), 0.0013780 secs] 147083K->130699K(222596K), 0.0014406 secs] [Times: user=0.00 sys=0.00, real=0.00 secs] 
2020-10-29T08:52:45.036+0000: [GC (Allocation Failure) 2020-10-29T08:52:45.036+0000: [ParNew: 16388K->4K(18432K), 0.0013844 secs] 147083K->130699K(222596K), 0.0014350 secs] [Times: user=0.01 sys=0.00, real=0.00 secs] 
2020-10-29T08:52:45.058+0000: [GC (Allocation Failure) 2020-10-29T08:52:45.058+0000: [ParNew: 16388K->4K(18432K), 0.0012942 secs] 147083K->130699K(222596K), 0.0013426 secs] [Times: user=0.00 sys=0.00, real=0.00 secs] 
2020-10-29T08:52:45.070+0000: [GC (Allocation Failure) 2020-10-29T08:52:45.070+0000: [ParNew: 16388K->4K(18432K), 0.0066707 secs] 147083K->138891K(222596K), 0.0067172 secs] [Times: user=0.01 sys=0.01, real=0.00 secs] 
2020-10-29T08:52:45.097+0000: [GC (Allocation Failure) 2020-10-29T08:52:45.097+0000: [ParNew: 16388K->4K(18432K), 0.0014291 secs] 155275K->138891K(222596K), 0.0014805 secs] [Times: user=0.00 sys=0.00, real=0.00 secs] 
2020-10-29T08:52:45.118+0000: [GC (Allocation Failure) 2020-10-29T08:52:45.118+0000: [ParNew: 16388K->4K(18432K), 0.0012318 secs] 155275K->138891K(222596K), 0.0012770 secs] [Times: user=0.01 sys=0.00, real=0.00 secs] 
2020-10-29T08:52:45.141+0000: [GC (Allocation Failure) 2020-10-29T08:52:45.141+0000: [ParNew: 16388K->4K(18432K), 0.0013871 secs] 155275K->138891K(222596K), 0.0014369 secs] [Times: user=0.01 sys=0.00, real=0.01 secs] 
2020-10-29T08:52:45.167+0000: [GC (Allocation Failure) 2020-10-29T08:52:45.167+0000: [ParNew: 16388K->4K(18432K), 0.0013388 secs] 155275K->138891K(222596K), 0.0014060 secs] [Times: user=0.01 sys=0.00, real=0.00 secs] 
2020-10-29T08:52:45.203+0000: [GC (Allocation Failure) 2020-10-29T08:52:45.203+0000: [ParNew: 16388K->4K(18432K), 0.0014053 secs] 155275K->138891K(222596K), 0.0014746 secs] [Times: user=0.00 sys=0.00, real=0.00 secs] 
2020-10-29T08:52:45.228+0000: [GC (Allocation Failure) 2020-10-29T08:52:45.228+0000: [ParNew: 16388K->4K(18432K), 0.0012605 secs] 155275K->138891K(222596K), 0.0013181 secs] [Times: user=0.01 sys=0.00, real=0.00 secs] 
2020-10-29T08:52:45.249+0000: [GC (Allocation Failure) 2020-10-29T08:52:45.249+0000: [ParNew: 16388K->4K(18432K), 0.0011920 secs] 155275K->138891K(222596K), 0.0012386 secs] [Times: user=0.00 sys=0.00, real=0.00 secs] 
2020-10-29T08:52:45.270+0000: [GC (Allocation Failure) 2020-10-29T08:52:45.270+0000: [ParNew: 16388K->4K(18432K), 0.0012294 secs] 155275K->138891K(222596K), 0.0012805 secs] [Times: user=0.00 sys=0.00, real=0.01 secs] 
2020-10-29T08:52:45.291+0000: [GC (Allocation Failure) 2020-10-29T08:52:45.291+0000: [ParNew: 16388K->4K(18432K), 0.0013684 secs] 155275K->138891K(222596K), 0.0014159 secs] [Times: user=0.01 sys=0.00, real=0.00 secs] 
2020-10-29T08:52:45.322+0000: [GC (Allocation Failure) 2020-10-29T08:52:45.322+0000: [ParNew: 16388K->4K(18432K), 0.0013321 secs] 155275K->138891K(222596K), 0.0013986 secs] [Times: user=0.00 sys=0.00, real=0.01 secs] 
2020-10-29T08:52:45.358+0000: [GC (Allocation Failure) 2020-10-29T08:52:45.358+0000: [ParNew: 16388K->6K(18432K), 0.0012357 secs] 155275K->138893K(222596K), 0.0012956 secs] [Times: user=0.00 sys=0.00, real=0.00 secs] 
2020-10-29T08:52:45.400+0000: [GC (Allocation Failure) 2020-10-29T08:52:45.400+0000: [ParNew: 16390K->4K(18432K), 0.0013962 secs] 171661K->155275K(222596K), 0.0014476 secs] [Times: user=0.01 sys=0.00, real=0.00 secs] 
2020-10-29T08:52:45.421+0000: [GC (Allocation Failure) 2020-10-29T08:52:45.421+0000: [ParNew: 16388K->4K(18432K), 0.0013888 secs] 171659K->155275K(222596K), 0.0014396 secs] [Times: user=0.00 sys=0.00, real=0.01 secs] 
2020-10-29T08:52:45.443+0000: [GC (Allocation Failure) 2020-10-29T08:52:45.443+0000: [ParNew: 16388K->6K(18432K), 0.0011179 secs] 171659K->155277K(222596K), 0.0011793 secs] [Times: user=0.00 sys=0.00, real=0.00 secs] 
2020-10-29T08:52:45.464+0000: [GC (Allocation Failure) 2020-10-29T08:52:45.464+0000: [ParNew: 16390K->6K(18432K), 0.0010640 secs] 171661K->155277K(222596K), 0.0011055 secs] [Times: user=0.01 sys=0.00, real=0.00 secs] 
2020-10-29T08:52:45.484+0000: [GC (Allocation Failure) 2020-10-29T08:52:45.484+0000: [ParNew: 16390K->4K(18432K), 0.0010419 secs] 171661K->155275K(222596K), 0.0010823 secs] [Times: user=0.00 sys=0.00, real=0.00 secs] 
2020-10-29T08:52:45.505+0000: [GC (Allocation Failure) 2020-10-29T08:52:45.505+0000: [ParNew: 16388K->4K(18432K), 0.0014107 secs] 171659K->155277K(222596K), 0.0014586 secs] [Times: user=0.00 sys=0.00, real=0.00 secs] 
2020-10-29T08:52:45.526+0000: [GC (Allocation Failure) 2020-10-29T08:52:45.526+0000: [ParNew: 16388K->4K(18432K), 0.0013789 secs] 171661K->155277K(222596K), 0.0014288 secs] [Times: user=0.00 sys=0.00, real=0.00 secs] 
2020-10-29T08:52:45.547+0000: [GC (Allocation Failure) 2020-10-29T08:52:45.547+0000: [ParNew: 16388K->4K(18432K), 0.0014307 secs] 171661K->155277K(222596K), 0.0014847 secs] [Times: user=0.01 sys=0.00, real=0.00 secs] 
2020-10-29T08:52:45.569+0000: [GC (Allocation Failure) 2020-10-29T08:52:45.569+0000: [ParNew: 16388K->4K(18432K), 0.0014391 secs] 171661K->155277K(222596K), 0.0014924 secs] [Times: user=0.00 sys=0.00, real=0.01 secs] 
2020-10-29T08:52:45.590+0000: [GC (Allocation Failure) 2020-10-29T08:52:45.590+0000: [ParNew: 16388K->4K(18432K), 0.0014098 secs] 171661K->155277K(222596K), 0.0014595 secs] [Times: user=0.01 sys=0.00, real=0.01 secs] 
2020-10-29T08:52:45.611+0000: [GC (Allocation Failure) 2020-10-29T08:52:45.611+0000: [ParNew: 16388K->4K(18432K), 0.0013128 secs] 171661K->155277K(222596K), 0.0013624 secs] [Times: user=0.00 sys=0.00, real=0.00 secs] 
2020-10-29T08:52:45.632+0000: [GC (Allocation Failure) 2020-10-29T08:52:45.632+0000: [ParNew: 16388K->4K(18432K), 0.0013224 secs] 171661K->155277K(222596K), 0.0013717 secs] [Times: user=0.00 sys=0.00, real=0.00 secs] 
2020-10-29T08:52:45.658+0000: [GC (Allocation Failure) 2020-10-29T08:52:45.659+0000: [ParNew: 16388K->8K(18432K), 0.0014066 secs] 171661K->155281K(222596K), 0.0014567 secs] [Times: user=0.00 sys=0.00, real=0.00 secs] 
2020-10-29T08:52:45.679+0000: [GC (Allocation Failure) 2020-10-29T08:52:45.679+0000: [ParNew: 16390K->8K(18432K), 0.0014105 secs] 171664K->155282K(222596K), 0.0014627 secs] [Times: user=0.01 sys=0.00, real=0.00 secs] 
2020-10-29T08:52:45.701+0000: [GC (Allocation Failure) 2020-10-29T08:52:45.701+0000: [ParNew: 16392K->7K(18432K), 0.0014283 secs] 171666K->155281K(222596K), 0.0014810 secs] [Times: user=0.00 sys=0.00, real=0.00 secs] 
2020-10-29T08:52:45.722+0000: [GC (Allocation Failure) 2020-10-29T08:52:45.722+0000: [ParNew: 16391K->8K(18432K), 0.0013882 secs] 171665K->155281K(222596K), 0.0014391 secs] [Times: user=0.00 sys=0.00, real=0.01 secs] 
2020-10-29T08:52:45.737+0000: [GC (Allocation Failure) 2020-10-29T08:52:45.737+0000: [ParNew: 11493K->8K(18432K), 0.0009766 secs] 166766K->155281K(222596K), 0.0010163 secs] [Times: user=0.00 sys=0.00, real=0.00 secs] 
2020-10-29T08:52:45.749+0000: [GC (Allocation Failure) 2020-10-29T08:52:45.749+0000: [ParNew: 16392K->8K(18432K), 0.0070464 secs] 171665K->163474K(222596K), 0.0070971 secs] [Times: user=0.01 sys=0.00, real=0.01 secs] 
2020-10-29T08:52:45.756+0000: [CMS-concurrent-abortable-preclean: 0.030/0.961 secs] [Times: user=1.20 sys=0.02, real=0.96 secs] 
2020-10-29T08:52:45.757+0000: [GC (CMS Final Remark) [YG occupancy: 334 K (18432 K)]2020-10-29T08:52:45.757+0000: [Rescan (parallel) , 0.0013749 secs]2020-10-29T08:52:45.759+0000: [weak refs processing, 0.0000272 secs]2020-10-29T08:52:45.759+0000: [class unloading, 0.0061741 secs]2020-10-29T08:52:45.765+0000: [scrub symbol table, 0.0076323 secs]2020-10-29T08:52:45.772+0000: [scrub string table, 0.0005324 secs][1 CMS-remark: 163465K(204164K)] 163799K(222596K), 0.0158558 secs] [Times: user=0.02 sys=0.00, real=0.02 secs] 
2020-10-29T08:52:45.773+0000: [CMS-concurrent-sweep-start]
2020-10-29T08:52:45.783+0000: [CMS-concurrent-sweep: 0.010/0.010 secs] [Times: user=0.01 sys=0.00, real=0.01 secs] 
2020-10-29T08:52:45.783+0000: [CMS-concurrent-reset-start]
2020-10-29T08:52:45.785+0000: [CMS-concurrent-reset: 0.002/0.002 secs] [Times: user=0.01 sys=0.00, real=0.00 secs] 
2020-10-29T08:52:45.797+0000: [GC (Allocation Failure) 2020-10-29T08:52:45.797+0000: [ParNew: 16392K->5K(18432K), 0.0015747 secs] 173712K->157330K(280636K), 0.0016196 secs] [Times: user=0.00 sys=0.00, real=0.00 secs] 
2020-10-29T08:52:45.818+0000: [GC (Allocation Failure) 2020-10-29T08:52:45.818+0000: [ParNew: 16389K->4K(18432K), 0.0014567 secs] 173714K->157328K(280636K), 0.0015030 secs] [Times: user=0.01 sys=0.00, real=0.00 secs] 
2020-10-29T08:52:45.842+0000: [GC (Allocation Failure) 2020-10-29T08:52:45.842+0000: [ParNew: 16388K->4K(18432K), 0.0015617 secs] 173712K->157328K(280636K), 0.0016238 secs] [Times: user=0.01 sys=0.00, real=0.01 secs] 
2020-10-29T08:52:45.865+0000: [GC (Allocation Failure) 2020-10-29T08:52:45.865+0000: [ParNew: 16388K->4K(18432K), 0.0015436 secs] 173712K->157328K(280636K), 0.0015993 secs] [Times: user=0.01 sys=0.00, real=0.00 secs] 
2020-10-29T08:52:45.886+0000: [GC (Allocation Failure) 2020-10-29T08:52:45.886+0000: [ParNew: 16388K->4K(18432K), 0.0015647 secs] 173712K->157328K(280636K), 0.0016176 secs] [Times: user=0.00 sys=0.00, real=0.00 secs] 
2020-10-29T08:52:45.907+0000: [GC (Allocation Failure) 2020-10-29T08:52:45.907+0000: [ParNew: 16388K->4K(18432K), 0.0015136 secs] 173712K->157329K(280636K), 0.0015611 secs] [Times: user=0.00 sys=0.00, real=0.00 secs] 
2020-10-29T08:52:45.927+0000: [GC (Allocation Failure) 2020-10-29T08:52:45.928+0000: [ParNew: 16388K->4K(18432K), 0.0015040 secs] 173713K->157329K(280636K), 0.0015505 secs] [Times: user=0.00 sys=0.00, real=0.00 secs] 
2020-10-29T08:52:45.948+0000: [GC (Allocation Failure) 2020-10-29T08:52:45.948+0000: [ParNew: 16388K->4K(18432K), 0.0015196 secs] 173713K->157329K(280636K), 0.0015671 secs] [Times: user=0.01 sys=0.00, real=0.00 secs] 
2020-10-29T08:52:45.969+0000: [GC (Allocation Failure) 2020-10-29T08:52:45.969+0000: [ParNew: 16388K->4K(18432K), 0.0015366 secs] 173713K->157329K(280636K), 0.0015876 secs] [Times: user=0.00 sys=0.00, real=0.01 secs] 
2020-10-29T08:52:45.990+0000: [GC (Allocation Failure) 2020-10-29T08:52:45.990+0000: [ParNew: 16388K->4K(18432K), 0.0015458 secs] 173713K->157329K(280636K), 0.0015986 secs] [Times: user=0.00 sys=0.00, real=0.01 secs] 
2020-10-29T08:52:46.014+0000: [GC (Allocation Failure) 2020-10-29T08:52:46.014+0000: [ParNew: 16388K->4K(18432K), 0.0015137 secs] 173713K->157329K(280636K), 0.0015579 secs] [Times: user=0.01 sys=0.00, real=0.00 secs] 
2020-10-29T08:52:46.035+0000: [GC (Allocation Failure) 2020-10-29T08:52:46.035+0000: [ParNew: 16388K->4K(18432K), 0.0014471 secs] 173713K->157329K(280636K), 0.0015013 secs] [Times: user=0.01 sys=0.00, real=0.00 secs] 
2020-10-29T08:52:46.056+0000: [GC (Allocation Failure) 2020-10-29T08:52:46.056+0000: [ParNew: 16388K->4K(18432K), 0.0015300 secs] 173713K->157329K(280636K), 0.0015823 secs] [Times: user=0.00 sys=0.00, real=0.00 secs] 
2020-10-29T08:52:46.069+0000: [GC (Allocation Failure) 2020-10-29T08:52:46.069+0000: [ParNew: 16388K->4K(18432K), 0.0071461 secs] 173713K->165521K(280636K), 0.0071994 secs] [Times: user=0.01 sys=0.01, real=0.01 secs] 
2020-10-29T08:52:46.078+0000: [GC (CMS Initial Mark) [1 CMS-initial-mark: 165517K(262204K)] 167478K(280636K), 0.0020290 secs] [Times: user=0.00 sys=0.00, real=0.00 secs] 
2020-10-29T08:52:46.080+0000: [CMS-concurrent-mark-start]
2020-10-29T08:52:46.110+0000: [GC (Allocation Failure) 2020-10-29T08:52:46.110+0000: [ParNew: 16388K->4K(18432K), 0.0014695 secs] 181905K->165521K(280636K), 0.0015385 secs] [Times: user=0.00 sys=0.00, real=0.01 secs] 
2020-10-29T08:52:46.137+0000: [CMS-concurrent-mark: 0.053/0.057 secs] [Times: user=0.09 sys=0.00, real=0.06 secs] 
2020-10-29T08:52:46.137+0000: [CMS-concurrent-preclean-start]
2020-10-29T08:52:46.139+0000: [CMS-concurrent-preclean: 0.001/0.001 secs] [Times: user=0.00 sys=0.00, real=0.00 secs] 
2020-10-29T08:52:46.139+0000: [CMS-concurrent-abortable-preclean-start]
2020-10-29T08:52:46.141+0000: [GC (Allocation Failure) 2020-10-29T08:52:46.141+0000: [ParNew: 16388K->4K(18432K), 0.0012133 secs] 181905K->165521K(280636K), 0.0012507 secs] [Times: user=0.00 sys=0.00, real=0.01 secs] 
2020-10-29T08:52:46.163+0000: [GC (Allocation Failure) 2020-10-29T08:52:46.163+0000: [ParNew: 16388K->4K(18432K), 0.0015310 secs] 181905K->165521K(280636K), 0.0015827 secs] [Times: user=0.01 sys=0.00, real=0.00 secs] 
2020-10-29T08:52:46.184+0000: [GC (Allocation Failure) 2020-10-29T08:52:46.184+0000: [ParNew: 16388K->4K(18432K), 0.0012597 secs] 181905K->165521K(280636K), 0.0013057 secs] [Times: user=0.00 sys=0.00, real=0.00 secs] 
2020-10-29T08:52:46.207+0000: [GC (Allocation Failure) 2020-10-29T08:52:46.207+0000: [ParNew: 16388K->4K(18432K), 0.0013009 secs] 181905K->165521K(280636K), 0.0013502 secs] [Times: user=0.00 sys=0.00, real=0.00 secs] 
2020-10-29T08:52:46.229+0000: [GC (Allocation Failure) 2020-10-29T08:52:46.229+0000: [ParNew: 16388K->4K(18432K), 0.0014197 secs] 181905K->165521K(280636K), 0.0014700 secs] [Times: user=0.00 sys=0.00, real=0.01 secs] 
2020-10-29T08:52:46.254+0000: [GC (Allocation Failure) 2020-10-29T08:52:46.254+0000: [ParNew: 16388K->4K(18432K), 0.0015347 secs] 181905K->165521K(280636K), 0.0015870 secs] [Times: user=0.00 sys=0.00, real=0.00 secs] 
2020-10-29T08:52:46.275+0000: [GC (Allocation Failure) 2020-10-29T08:52:46.275+0000: [ParNew: 16388K->4K(18432K), 0.0015399 secs] 181905K->165521K(280636K), 0.0016099 secs] [Times: user=0.00 sys=0.00, real=0.00 secs] 
2020-10-29T08:52:46.296+0000: [GC (Allocation Failure) 2020-10-29T08:52:46.296+0000: [ParNew: 16388K->4K(18432K), 0.0012586 secs] 181905K->165521K(280636K), 0.0013109 secs] [Times: user=0.01 sys=0.00, real=0.00 secs] 
2020-10-29T08:52:46.317+0000: [GC (Allocation Failure) 2020-10-29T08:52:46.317+0000: [ParNew: 16388K->4K(18432K), 0.0014786 secs] 181905K->165521K(280636K), 0.0015295 secs] [Times: user=0.00 sys=0.00, real=0.00 secs] 
2020-10-29T08:52:46.339+0000: [GC (Allocation Failure) 2020-10-29T08:52:46.339+0000: [ParNew: 16388K->4K(18432K), 0.0014581 secs] 181905K->165521K(280636K), 0.0015096 secs] [Times: user=0.00 sys=0.00, real=0.00 secs] 
2020-10-29T08:52:46.360+0000: [GC (Allocation Failure) 2020-10-29T08:52:46.360+0000: [ParNew: 16388K->4K(18432K), 0.0014456 secs] 181905K->165521K(280636K), 0.0014977 secs] [Times: user=0.01 sys=0.00, real=0.00 secs] 
2020-10-29T08:52:46.379+0000: [GC (Allocation Failure) 2020-10-29T08:52:46.379+0000: [ParNew: 14421K->4K(18432K), 0.0015115 secs] 179938K->165521K(280636K), 0.0015647 secs] [Times: user=0.01 sys=0.00, real=0.00 secs] 
2020-10-29T08:52:46.392+0000: [GC (Allocation Failure) 2020-10-29T08:52:46.392+0000: [ParNew: 16388K->4K(18432K), 0.0122122 secs] 181905K->173713K(280636K), 0.0122677 secs] [Times: user=0.02 sys=0.00, real=0.01 secs] 
2020-10-29T08:52:46.404+0000: [CMS-concurrent-abortable-preclean: 0.010/0.265 secs] [Times: user=0.31 sys=0.00, real=0.27 secs] 
2020-10-29T08:52:46.405+0000: [GC (CMS Final Remark) [YG occupancy: 1307 K (18432 K)]2020-10-29T08:52:46.405+0000: [Rescan (parallel) , 0.0018644 secs]2020-10-29T08:52:46.407+0000: [weak refs processing, 0.0000298 secs]2020-10-29T08:52:46.407+0000: [class unloading, 0.0061984 secs]2020-10-29T08:52:46.413+0000: [scrub symbol table, 0.0075280 secs]2020-10-29T08:52:46.421+0000: [scrub string table, 0.0005269 secs][1 CMS-remark: 173709K(262204K)] 175017K(280636K), 0.0162551 secs] [Times: user=0.02 sys=0.00, real=0.01 secs] 
2020-10-29T08:52:46.426+0000: [CMS-concurrent-sweep-start]
2020-10-29T08:52:46.436+0000: [CMS-concurrent-sweep: 0.010/0.010 secs] [Times: user=0.02 sys=0.00, real=0.01 secs] 
2020-10-29T08:52:46.436+0000: [CMS-concurrent-reset-start]
2020-10-29T08:52:46.438+0000: [CMS-concurrent-reset: 0.002/0.002 secs] [Times: user=0.00 sys=0.00, real=0.00 secs] 
2020-10-29T08:52:46.445+0000: [GC (Allocation Failure) 2020-10-29T08:52:46.445+0000: [ParNew: 16388K->4K(18432K), 0.0015931 secs] 190063K->173679K(307892K), 0.0016328 secs] [Times: user=0.01 sys=0.00, real=0.00 secs] 
2020-10-29T08:52:46.466+0000: [GC (Allocation Failure) 2020-10-29T08:52:46.466+0000: [ParNew: 16388K->4K(18432K), 0.0016016 secs] 190063K->173679K(307892K), 0.0016525 secs] [Times: user=0.00 sys=0.00, real=0.00 secs] 
2020-10-29T08:52:46.487+0000: [GC (Allocation Failure) 2020-10-29T08:52:46.487+0000: [ParNew: 16388K->4K(18432K), 0.0015492 secs] 190063K->173679K(307892K), 0.0015989 secs] [Times: user=0.00 sys=0.00, real=0.00 secs] 
2020-10-29T08:52:46.508+0000: [GC (Allocation Failure) 2020-10-29T08:52:46.508+0000: [ParNew: 16388K->4K(18432K), 0.0015909 secs] 190063K->173679K(307892K), 0.0016426 secs] [Times: user=0.00 sys=0.00, real=0.00 secs] 
2020-10-29T08:52:46.528+0000: [GC (Allocation Failure) 2020-10-29T08:52:46.528+0000: [ParNew: 16388K->4K(18432K), 0.0015366 secs] 190063K->173679K(307892K), 0.0015853 secs] [Times: user=0.01 sys=0.00, real=0.00 secs] 
2020-10-29T08:52:46.549+0000: [GC (Allocation Failure) 2020-10-29T08:52:46.549+0000: [ParNew: 16388K->4K(18432K), 0.0015618 secs] 190063K->173679K(307892K), 0.0016106 secs] [Times: user=0.00 sys=0.00, real=0.01 secs] 
2020-10-29T08:52:46.570+0000: [GC (Allocation Failure) 2020-10-29T08:52:46.570+0000: [ParNew: 16388K->4K(18432K), 0.0015103 secs] 190063K->173679K(307892K), 0.0015580 secs] [Times: user=0.01 sys=0.00, real=0.00 secs] 
2020-10-29T08:52:46.591+0000: [GC (Allocation Failure) 2020-10-29T08:52:46.591+0000: [ParNew: 16388K->4K(18432K), 0.0015326 secs] 190063K->173679K(307892K), 0.0015840 secs] [Times: user=0.00 sys=0.00, real=0.00 secs] 
2020-10-29T08:52:46.612+0000: [GC (Allocation Failure) 2020-10-29T08:52:46.612+0000: [ParNew: 16388K->4K(18432K), 0.0015821 secs] 190063K->173679K(307892K), 0.0016322 secs] [Times: user=0.00 sys=0.00, real=0.00 secs] 
2020-10-29T08:52:46.633+0000: [GC (Allocation Failure) 2020-10-29T08:52:46.633+0000: [ParNew: 16388K->4K(18432K), 0.0015405 secs] 190063K->173679K(307892K), 0.0015866 secs] [Times: user=0.00 sys=0.00, real=0.00 secs] 
2020-10-29T08:52:46.655+0000: [GC (Allocation Failure) 2020-10-29T08:52:46.655+0000: [ParNew: 16388K->4K(18432K), 0.0015653 secs] 190063K->173679K(307892K), 0.0016180 secs] [Times: user=0.00 sys=0.00, real=0.00 secs] 
2020-10-29T08:52:46.676+0000: [GC (Allocation Failure) 2020-10-29T08:52:46.677+0000: [ParNew: 16388K->4K(18432K), 0.0016127 secs] 190063K->173679K(307892K), 0.0016867 secs] [Times: user=0.00 sys=0.00, real=0.00 secs] 
2020-10-29T08:52:46.698+0000: [GC (Allocation Failure) 2020-10-29T08:52:46.698+0000: [ParNew: 16388K->4K(18432K), 0.0015989 secs] 190063K->173679K(307892K), 0.0016534 secs] [Times: user=0.01 sys=0.00, real=0.00 secs] 
2020-10-29T08:52:46.710+0000: [GC (Allocation Failure) 2020-10-29T08:52:46.710+0000: [ParNew: 16388K->4K(18432K), 0.0072340 secs] 190063K->181871K(307892K), 0.0072917 secs] [Times: user=0.01 sys=0.00, real=0.01 secs] 
2020-10-29T08:52:46.718+0000: [GC (CMS Initial Mark) [1 CMS-initial-mark: 181867K(289460K)] 182199K(307892K), 0.0012513 secs] [Times: user=0.00 sys=0.00, real=0.00 secs] 
2020-10-29T08:52:46.722+0000: [CMS-concurrent-mark-start]
2020-10-29T08:52:46.749+0000: [GC (Allocation Failure) 2020-10-29T08:52:46.749+0000: [ParNew: 16388K->4K(18432K), 0.0015389 secs] 198255K->181871K(307892K), 0.0016024 secs] [Times: user=0.00 sys=0.00, real=0.01 secs] 
2020-10-29T08:52:46.761+0000: [CMS-concurrent-mark: 0.037/0.039 secs] [Times: user=0.07 sys=0.00, real=0.03 secs] 
2020-10-29T08:52:46.761+0000: [CMS-concurrent-preclean-start]
2020-10-29T08:52:46.763+0000: [CMS-concurrent-preclean: 0.002/0.002 secs] [Times: user=0.01 sys=0.00, real=0.01 secs] 
2020-10-29T08:52:46.763+0000: [CMS-concurrent-abortable-preclean-start]
2020-10-29T08:52:46.775+0000: [GC (Allocation Failure) 2020-10-29T08:52:46.775+0000: [ParNew: 16388K->4K(18432K), 0.0013328 secs] 198255K->181871K(307892K), 0.0013766 secs] [Times: user=0.00 sys=0.00, real=0.00 secs] 
2020-10-29T08:52:46.796+0000: [GC (Allocation Failure) 2020-10-29T08:52:46.796+0000: [ParNew: 16388K->4K(18432K), 0.0014439 secs] 198255K->181871K(307892K), 0.0014932 secs] [Times: user=0.00 sys=0.00, real=0.00 secs] 
2020-10-29T08:52:46.818+0000: [GC (Allocation Failure) 2020-10-29T08:52:46.818+0000: [ParNew: 16388K->4K(18432K), 0.0015576 secs] 198255K->181871K(307892K), 0.0016153 secs] [Times: user=0.01 sys=0.00, real=0.00 secs] 
2020-10-29T08:52:46.840+0000: [GC (Allocation Failure) 2020-10-29T08:52:46.840+0000: [ParNew: 16388K->4K(18432K), 0.0013653 secs] 198255K->181871K(307892K), 0.0014106 secs] [Times: user=0.00 sys=0.00, real=0.00 secs] 
2020-10-29T08:52:46.868+0000: [GC (Allocation Failure) 2020-10-29T08:52:46.868+0000: [ParNew: 16388K->4K(18432K), 0.0015654 secs] 198255K->181872K(307892K), 0.0016165 secs] [Times: user=0.00 sys=0.00, real=0.00 secs] 
2020-10-29T08:52:46.889+0000: [GC (Allocation Failure) 2020-10-29T08:52:46.889+0000: [ParNew: 16388K->4K(18432K), 0.0014443 secs] 198256K->181872K(307892K), 0.0014929 secs] [Times: user=0.00 sys=0.00, real=0.01 secs] 
2020-10-29T08:52:46.910+0000: [GC (Allocation Failure) 2020-10-29T08:52:46.910+0000: [ParNew: 16388K->2K(18432K), 0.0024840 secs] 198256K->181870K(307892K), 0.0025345 secs] [Times: user=0.00 sys=0.00, real=0.01 secs] 
2020-10-29T08:52:46.961+0000: [GC (Allocation Failure) 2020-10-29T08:52:46.961+0000: [ParNew: 16386K->2K(18432K), 0.0032712 secs] 231022K->214638K(307892K), 0.0033371 secs] [Times: user=0.01 sys=0.00, real=0.01 secs] 
2020-10-29T08:52:46.989+0000: [GC (Allocation Failure) 2020-10-29T08:52:46.989+0000: [ParNew: 16386K->4K(18432K), 0.0015788 secs] 231022K->214640K(307892K), 0.0016312 secs] [Times: user=0.01 sys=0.00, real=0.01 secs] 
2020-10-29T08:52:47.010+0000: [GC (Allocation Failure) 2020-10-29T08:52:47.010+0000: [ParNew: 16388K->4K(18432K), 0.0015290 secs] 231024K->214640K(307892K), 0.0015785 secs] [Times: user=0.00 sys=0.00, real=0.00 secs] 
2020-10-29T08:52:47.031+0000: [GC (Allocation Failure) 2020-10-29T08:52:47.031+0000: [ParNew: 16388K->4K(18432K), 0.0015602 secs] 231024K->214640K(307892K), 0.0016127 secs] [Times: user=0.01 sys=0.00, real=0.00 secs] 
2020-10-29T08:52:47.052+0000: [GC (Allocation Failure) 2020-10-29T08:52:47.052+0000: [ParNew: 16388K->4K(18432K), 0.0013089 secs] 231024K->214640K(307892K), 0.0013540 secs] [Times: user=0.00 sys=0.00, real=0.00 secs] 
2020-10-29T08:52:47.065+0000: [GC (Allocation Failure) 2020-10-29T08:52:47.065+0000: [ParNew: 16388K->4K(18432K), 0.0071907 secs] 231024K->222832K(307892K), 0.0072405 secs] [Times: user=0.02 sys=0.00, real=0.01 secs] 
2020-10-29T08:52:47.092+0000: [GC (Allocation Failure) 2020-10-29T08:52:47.092+0000: [ParNew: 16388K->4K(18432K), 0.0012483 secs] 239216K->222832K(307892K), 0.0012880 secs] [Times: user=0.00 sys=0.00, real=0.00 secs] 
2020-10-29T08:52:47.113+0000: [GC (Allocation Failure) 2020-10-29T08:52:47.113+0000: [ParNew: 16388K->4K(18432K), 0.0015486 secs] 239216K->222832K(307892K), 0.0015994 secs] [Times: user=0.00 sys=0.00, real=0.00 secs] 
2020-10-29T08:52:47.134+0000: [GC (Allocation Failure) 2020-10-29T08:52:47.134+0000: [ParNew: 16388K->4K(18432K), 0.0014246 secs] 239216K->222832K(307892K), 0.0014725 secs] [Times: user=0.01 sys=0.00, real=0.00 secs] 
2020-10-29T08:52:47.155+0000: [GC (Allocation Failure) 2020-10-29T08:52:47.155+0000: [ParNew: 16388K->4K(18432K), 0.0014289 secs] 239216K->222832K(307892K), 0.0014878 secs] [Times: user=0.00 sys=0.00, real=0.00 secs] 
2020-10-29T08:52:47.176+0000: [GC (Allocation Failure) 2020-10-29T08:52:47.176+0000: [ParNew: 16388K->4K(18432K), 0.0013778 secs] 239216K->222832K(307892K), 0.0014241 secs] [Times: user=0.00 sys=0.00, real=0.00 secs] 
2020-10-29T08:52:47.197+0000: [GC (Allocation Failure) 2020-10-29T08:52:47.197+0000: [ParNew: 16388K->4K(18432K), 0.0013325 secs] 239216K->222833K(307892K), 0.0013795 secs] [Times: user=0.00 sys=0.00, real=0.00 secs] 
2020-10-29T08:52:47.219+0000: [GC (Allocation Failure) 2020-10-29T08:52:47.219+0000: [ParNew: 16388K->4K(18432K), 0.0013527 secs] 239217K->222833K(307892K), 0.0013970 secs] [Times: user=0.01 sys=0.00, real=0.00 secs] 
2020-10-29T08:52:47.240+0000: [GC (Allocation Failure) 2020-10-29T08:52:47.240+0000: [ParNew: 16388K->4K(18432K), 0.0011088 secs] 239217K->222833K(307892K), 0.0011479 secs] [Times: user=0.00 sys=0.00, real=0.00 secs] 
2020-10-29T08:52:47.260+0000: [GC (Allocation Failure) 2020-10-29T08:52:47.260+0000: [ParNew: 16388K->4K(18432K), 0.0013600 secs] 239217K->222833K(307892K), 0.0014077 secs] [Times: user=0.00 sys=0.00, real=0.00 secs] 
2020-10-29T08:52:47.281+0000: [GC (Allocation Failure) 2020-10-29T08:52:47.281+0000: [ParNew: 16388K->4K(18432K), 0.0014439 secs] 239217K->222833K(307892K), 0.0014923 secs] [Times: user=0.00 sys=0.00, real=0.01 secs] 
2020-10-29T08:52:47.302+0000: [GC (Allocation Failure) 2020-10-29T08:52:47.302+0000: [ParNew: 16388K->4K(18432K), 0.0014641 secs] 239217K->222833K(307892K), 0.0015210 secs] [Times: user=0.00 sys=0.00, real=0.01 secs] 
2020-10-29T08:52:47.323+0000: [GC (Allocation Failure) 2020-10-29T08:52:47.323+0000: [ParNew: 16388K->4K(18432K), 0.0014316 secs] 239217K->222833K(307892K), 0.0014812 secs] [Times: user=0.00 sys=0.00, real=0.00 secs] 
2020-10-29T08:52:47.344+0000: [GC (Allocation Failure) 2020-10-29T08:52:47.344+0000: [ParNew: 15749K->4K(18432K), 0.0014757 secs] 238578K->222833K(307892K), 0.0015267 secs] [Times: user=0.00 sys=0.00, real=0.00 secs] 
2020-10-29T08:52:47.356+0000: [GC (Allocation Failure) 2020-10-29T08:52:47.356+0000: [ParNew: 16388K->4K(18432K), 0.0068769 secs] 239217K->231025K(307892K), 0.0069247 secs] [Times: user=0.00 sys=0.01, real=0.01 secs] 
2020-10-29T08:52:47.363+0000: [CMS-concurrent-abortable-preclean: 0.024/0.600 secs] [Times: user=0.65 sys=0.06, real=0.60 secs] 
2020-10-29T08:52:47.363+0000: [GC (CMS Final Remark) [YG occupancy: 330 K (18432 K)]2020-10-29T08:52:47.363+0000: [Rescan (parallel) , 0.0014196 secs]2020-10-29T08:52:47.365+0000: [weak refs processing, 0.0000255 secs]2020-10-29T08:52:47.365+0000: [class unloading, 0.0061932 secs]2020-10-29T08:52:47.371+0000: [scrub symbol table, 0.0075168 secs]2020-10-29T08:52:47.378+0000: [scrub string table, 0.0005250 secs][1 CMS-remark: 231021K(289460K)] 231351K(307892K), 0.0157717 secs] [Times: user=0.02 sys=0.00, real=0.01 secs] 
2020-10-29T08:52:47.379+0000: [CMS-concurrent-sweep-start]
2020-10-29T08:52:47.388+0000: [CMS-concurrent-sweep: 0.009/0.009 secs] [Times: user=0.02 sys=0.00, real=0.01 secs] 
2020-10-29T08:52:47.389+0000: [CMS-concurrent-reset-start]
2020-10-29T08:52:47.390+0000: [CMS-concurrent-reset: 0.002/0.002 secs] [Times: user=0.00 sys=0.00, real=0.01 secs] 
2020-10-29T08:52:47.403+0000: [GC (Allocation Failure) 2020-10-29T08:52:47.403+0000: [ParNew: 16388K->4K(18432K), 0.0017468 secs] 247408K->231024K(403468K), 0.0017855 secs] [Times: user=0.00 sys=0.00, real=0.00 secs] 
2020-10-29T08:52:47.424+0000: [GC (Allocation Failure) 2020-10-29T08:52:47.424+0000: [ParNew: 16388K->4K(18432K), 0.0015241 secs] 247408K->231024K(403468K), 0.0015653 secs] [Times: user=0.00 sys=0.00, real=0.00 secs] 
2020-10-29T08:52:47.451+0000: [GC (Allocation Failure) 2020-10-29T08:52:47.451+0000: [ParNew: 16388K->4K(18432K), 0.0016624 secs] 247408K->231024K(403468K), 0.0017257 secs] [Times: user=0.01 sys=0.00, real=0.00 secs] 
2020-10-29T08:52:47.477+0000: [GC (Allocation Failure) 2020-10-29T08:52:47.477+0000: [ParNew: 16388K->4K(18432K), 0.0017897 secs] 247408K->231024K(403468K), 0.0018392 secs] [Times: user=0.01 sys=0.00, real=0.00 secs] 
2020-10-29T08:52:47.498+0000: [GC (Allocation Failure) 2020-10-29T08:52:47.498+0000: [ParNew: 16388K->4K(18432K), 0.0017272 secs] 247408K->231024K(403468K), 0.0017751 secs] [Times: user=0.01 sys=0.00, real=0.00 secs] 
2020-10-29T08:52:47.520+0000: [GC (Allocation Failure) 2020-10-29T08:52:47.520+0000: [ParNew: 16388K->4K(18432K), 0.0017845 secs] 247408K->231024K(403468K), 0.0018469 secs] [Times: user=0.00 sys=0.00, real=0.00 secs] 
2020-10-29T08:52:47.541+0000: [GC (Allocation Failure) 2020-10-29T08:52:47.541+0000: [ParNew: 16388K->4K(18432K), 0.0017865 secs] 247408K->231024K(403468K), 0.0018536 secs] [Times: user=0.00 sys=0.00, real=0.01 secs] 
2020-10-29T08:52:47.562+0000: [GC (Allocation Failure) 2020-10-29T08:52:47.563+0000: [ParNew: 16388K->4K(18432K), 0.0017668 secs] 247408K->231024K(403468K), 0.0018165 secs] [Times: user=0.01 sys=0.00, real=0.00 secs] 
2020-10-29T08:52:47.583+0000: [GC (Allocation Failure) 2020-10-29T08:52:47.583+0000: [ParNew: 16388K->4K(18432K), 0.0017660 secs] 247408K->231024K(403468K), 0.0018177 secs] [Times: user=0.01 sys=0.00, real=0.00 secs] 
2020-10-29T08:52:47.604+0000: [GC (Allocation Failure) 2020-10-29T08:52:47.604+0000: [ParNew: 16388K->4K(18432K), 0.0018000 secs] 247408K->231024K(403468K), 0.0018527 secs] [Times: user=0.00 sys=0.00, real=0.00 secs] 
2020-10-29T08:52:47.625+0000: [GC (Allocation Failure) 2020-10-29T08:52:47.625+0000: [ParNew: 16388K->4K(18432K), 0.0017963 secs] 247408K->231024K(403468K), 0.0018488 secs] [Times: user=0.00 sys=0.00, real=0.00 secs] 
2020-10-29T08:52:47.646+0000: [GC (Allocation Failure) 2020-10-29T08:52:47.646+0000: [ParNew: 16388K->4K(18432K), 0.0017231 secs] 247408K->231024K(403468K), 0.0017706 secs] [Times: user=0.00 sys=0.00, real=0.00 secs] 
2020-10-29T08:52:47.668+0000: [GC (Allocation Failure) 2020-10-29T08:52:47.668+0000: [ParNew: 16388K->4K(18432K), 0.0016222 secs] 247408K->231024K(403468K), 0.0016671 secs] [Times: user=0.00 sys=0.00, real=0.00 secs] 
2020-10-29T08:52:47.681+0000: [GC (Allocation Failure) 2020-10-29T08:52:47.681+0000: [ParNew: 16388K->4K(18432K), 0.0073984 secs] 247408K->239216K(403468K), 0.0074437 secs] [Times: user=0.01 sys=0.01, real=0.01 secs] 
2020-10-29T08:52:47.690+0000: [GC (CMS Initial Mark) [1 CMS-initial-mark: 239212K(385036K)] 239544K(403468K), 0.0010503 secs] [Times: user=0.00 sys=0.00, real=0.00 secs] 
2020-10-29T08:52:47.691+0000: [CMS-concurrent-mark-start]
2020-10-29T08:52:47.723+0000: [GC (Allocation Failure) 2020-10-29T08:52:47.723+0000: [ParNew: 16388K->4K(18432K), 0.0016612 secs] 255600K->239216K(403468K), 0.0017132 secs] [Times: user=0.00 sys=0.00, real=0.00 secs] 
2020-10-29T08:52:47.729+0000: [CMS-concurrent-mark: 0.036/0.037 secs] [Times: user=0.07 sys=0.00, real=0.03 secs] 
2020-10-29T08:52:47.729+0000: [CMS-concurrent-preclean-start]
2020-10-29T08:52:47.730+0000: [CMS-concurrent-preclean: 0.001/0.001 secs] [Times: user=0.01 sys=0.00, real=0.01 secs] 
2020-10-29T08:52:47.730+0000: [CMS-concurrent-abortable-preclean-start]
2020-10-29T08:52:47.746+0000: [GC (Allocation Failure) 2020-10-29T08:52:47.746+0000: [ParNew: 16388K->4K(18432K), 0.0016028 secs] 255600K->239216K(403468K), 0.0016501 secs] [Times: user=0.00 sys=0.00, real=0.00 secs] 
2020-10-29T08:52:47.768+0000: [GC (Allocation Failure) 2020-10-29T08:52:47.768+0000: [ParNew: 16388K->4K(18432K), 0.0016389 secs] 255600K->239216K(403468K), 0.0016873 secs] [Times: user=0.00 sys=0.00, real=0.00 secs] 
2020-10-29T08:52:47.789+0000: [GC (Allocation Failure) 2020-10-29T08:52:47.789+0000: [ParNew: 16388K->4K(18432K), 0.0016707 secs] 255600K->239216K(403468K), 0.0017186 secs] [Times: user=0.00 sys=0.00, real=0.01 secs] 
2020-10-29T08:52:47.816+0000: [GC (Allocation Failure) 2020-10-29T08:52:47.816+0000: [ParNew: 16388K->4K(18432K), 0.0017321 secs] 255600K->239216K(403468K), 0.0017849 secs] [Times: user=0.00 sys=0.00, real=0.00 secs] 
2020-10-29T08:52:47.837+0000: [GC (Allocation Failure) 2020-10-29T08:52:47.838+0000: [ParNew: 16388K->4K(18432K), 0.0015504 secs] 255600K->239216K(403468K), 0.0015916 secs] [Times: user=0.01 sys=0.00, real=0.00 secs] 
2020-10-29T08:52:47.859+0000: [GC (Allocation Failure) 2020-10-29T08:52:47.859+0000: [ParNew: 16388K->4K(18432K), 0.0016769 secs] 255600K->239216K(403468K), 0.0017261 secs] [Times: user=0.00 sys=0.00, real=0.00 secs] 
2020-10-29T08:52:47.885+0000: [GC (Allocation Failure) 2020-10-29T08:52:47.885+0000: [ParNew: 16388K->4K(18432K), 0.0017621 secs] 255600K->239216K(403468K), 0.0018149 secs] [Times: user=0.01 sys=0.00, real=0.00 secs] 
2020-10-29T08:52:47.920+0000: [GC (Allocation Failure) 2020-10-29T08:52:47.920+0000: [ParNew: 16388K->4K(18432K), 0.0017433 secs] 255600K->239216K(403468K), 0.0018134 secs] [Times: user=0.01 sys=0.00, real=0.00 secs] 
2020-10-29T08:52:47.951+0000: [GC (Allocation Failure) 2020-10-29T08:52:47.951+0000: [ParNew: 16388K->4K(18432K), 0.0017197 secs] 255600K->239216K(403468K), 0.0017721 secs] [Times: user=0.00 sys=0.00, real=0.00 secs] 
2020-10-29T08:52:47.973+0000: [GC (Allocation Failure) 2020-10-29T08:52:47.973+0000: [ParNew: 16388K->4K(18432K), 0.0017506 secs] 255600K->239216K(403468K), 0.0018015 secs] [Times: user=0.01 sys=0.00, real=0.00 secs] 
2020-10-29T08:52:47.994+0000: [GC (Allocation Failure) 2020-10-29T08:52:47.994+0000: [ParNew: 16388K->4K(18432K), 0.0016411 secs] 255600K->239216K(403468K), 0.0016897 secs] [Times: user=0.00 sys=0.00, real=0.00 secs] 
2020-10-29T08:52:48.015+0000: [GC (Allocation Failure) 2020-10-29T08:52:48.015+0000: [ParNew: 16388K->4K(18432K), 0.0016545 secs] 255600K->239216K(403468K), 0.0017095 secs] [Times: user=0.01 sys=0.00, real=0.00 secs] 
2020-10-29T08:52:48.028+0000: [GC (Allocation Failure) 2020-10-29T08:52:48.028+0000: [ParNew: 16387K->4K(18432K), 0.0121392 secs] 255600K->247408K(403468K), 0.0121889 secs] [Times: user=0.01 sys=0.01, real=0.01 secs] 
2020-10-29T08:52:48.067+0000: [GC (Allocation Failure) 2020-10-29T08:52:48.067+0000: [ParNew: 16388K->8K(18432K), 0.0017498 secs] 263792K->247412K(403468K), 0.0018026 secs] [Times: user=0.00 sys=0.00, real=0.00 secs] 
2020-10-29T08:52:48.088+0000: [GC (Allocation Failure) 2020-10-29T08:52:48.088+0000: [ParNew: 16392K->8K(18432K), 0.0017621 secs] 263796K->247412K(403468K), 0.0018185 secs] [Times: user=0.00 sys=0.00, real=0.00 secs] 
2020-10-29T08:52:48.108+0000: [GC (Allocation Failure) 2020-10-29T08:52:48.108+0000: [ParNew: 16392K->7K(18432K), 0.0016098 secs] 263796K->247412K(403468K), 0.0016576 secs] [Times: user=0.01 sys=0.00, real=0.00 secs] 
2020-10-29T08:52:48.129+0000: [GC (Allocation Failure) 2020-10-29T08:52:48.129+0000: [ParNew: 16391K->8K(18432K), 0.0016834 secs] 263796K->247412K(403468K), 0.0017337 secs] [Times: user=0.00 sys=0.00, real=0.01 secs] 
2020-10-29T08:52:48.149+0000: [GC (Allocation Failure) 2020-10-29T08:52:48.149+0000: [ParNew: 16392K->8K(18432K), 0.0017202 secs] 263796K->247412K(403468K), 0.0017781 secs] [Times: user=0.00 sys=0.00, real=0.01 secs] 
2020-10-29T08:52:48.170+0000: [GC (Allocation Failure) 2020-10-29T08:52:48.170+0000: [ParNew: 16392K->8K(18432K), 0.0017084 secs] 263796K->247412K(403468K), 0.0017672 secs] [Times: user=0.01 sys=0.00, real=0.01 secs] 
2020-10-29T08:52:48.191+0000: [GC (Allocation Failure) 2020-10-29T08:52:48.191+0000: [ParNew: 16392K->5K(18432K), 0.0017355 secs] 263796K->247414K(403468K), 0.0017849 secs] [Times: user=0.00 sys=0.00, real=0.00 secs] 
2020-10-29T08:52:48.212+0000: [GC (Allocation Failure) 2020-10-29T08:52:48.212+0000: [ParNew: 16389K->4K(18432K), 0.0017234 secs] 263798K->247413K(403468K), 0.0017765 secs] [Times: user=0.00 sys=0.00, real=0.00 secs] 
2020-10-29T08:52:48.233+0000: [GC (Allocation Failure) 2020-10-29T08:52:48.233+0000: [ParNew: 16388K->4K(18432K), 0.0017149 secs] 263797K->247413K(403468K), 0.0017665 secs] [Times: user=0.00 sys=0.00, real=0.00 secs] 
2020-10-29T08:52:48.253+0000: [GC (Allocation Failure) 2020-10-29T08:52:48.253+0000: [ParNew: 16388K->4K(18432K), 0.0015617 secs] 263797K->247413K(403468K), 0.0016098 secs] [Times: user=0.00 sys=0.00, real=0.00 secs] 
2020-10-29T08:52:48.274+0000: [GC (Allocation Failure) 2020-10-29T08:52:48.274+0000: [ParNew: 16388K->4K(18432K), 0.0014802 secs] 263797K->247413K(403468K), 0.0015319 secs] [Times: user=0.00 sys=0.00, real=0.00 secs] 
2020-10-29T08:52:48.294+0000: [GC (Allocation Failure) 2020-10-29T08:52:48.294+0000: [ParNew: 16388K->4K(18432K), 0.0014560 secs] 263797K->247413K(403468K), 0.0015000 secs] [Times: user=0.01 sys=0.00, real=0.00 secs] 
2020-10-29T08:52:48.310+0000: [GC (Allocation Failure) 2020-10-29T08:52:48.310+0000: [ParNew: 12799K->4K(18432K), 0.0012923 secs] 260208K->247413K(403468K), 0.0013319 secs] [Times: user=0.01 sys=0.00, real=0.00 secs] 
2020-10-29T08:52:48.322+0000: [GC (Allocation Failure) 2020-10-29T08:52:48.322+0000: [ParNew: 16388K->4K(18432K), 0.0071456 secs] 263797K->255605K(403468K), 0.0071885 secs] [Times: user=0.01 sys=0.01, real=0.00 secs] 
2020-10-29T08:52:48.330+0000: [CMS-concurrent-abortable-preclean: 0.029/0.599 secs] [Times: user=0.74 sys=0.04, real=0.59 secs] 
2020-10-29T08:52:48.330+0000: [GC (CMS Final Remark) [YG occupancy: 329 K (18432 K)]2020-10-29T08:52:48.330+0000: [Rescan (parallel) , 0.0010520 secs]2020-10-29T08:52:48.331+0000: [weak refs processing, 0.0000265 secs]2020-10-29T08:52:48.331+0000: [class unloading, 0.0061747 secs]2020-10-29T08:52:48.338+0000: [scrub symbol table, 0.0075245 secs]2020-10-29T08:52:48.345+0000: [scrub string table, 0.0005246 secs][1 CMS-remark: 255601K(385036K)] 255930K(403468K), 0.0154018 secs] [Times: user=0.01 sys=0.00, real=0.01 secs] 
2020-10-29T08:52:48.350+0000: [CMS-concurrent-sweep-start]
2020-10-29T08:52:48.359+0000: [CMS-concurrent-sweep: 0.009/0.009 secs] [Times: user=0.01 sys=0.00, real=0.01 secs] 
2020-10-29T08:52:48.359+0000: [CMS-concurrent-reset-start]
2020-10-29T08:52:48.361+0000: [CMS-concurrent-reset: 0.002/0.002 secs] [Times: user=0.00 sys=0.00, real=0.00 secs] 
2020-10-29T08:52:48.369+0000: [GC (Allocation Failure) 2020-10-29T08:52:48.369+0000: [ParNew: 16388K->4K(18432K), 0.0018016 secs] 255604K->239220K(417128K), 0.0018441 secs] [Times: user=0.00 sys=0.00, real=0.01 secs] 
2020-10-29T08:52:48.390+0000: [GC (Allocation Failure) 2020-10-29T08:52:48.390+0000: [ParNew: 16388K->4K(18432K), 0.0017224 secs] 255604K->239220K(417128K), 0.0017804 secs] [Times: user=0.00 sys=0.00, real=0.01 secs] 
2020-10-29T08:52:48.410+0000: [GC (Allocation Failure) 2020-10-29T08:52:48.410+0000: [ParNew: 16388K->4K(18432K), 0.0017594 secs] 255604K->239220K(417128K), 0.0018073 secs] [Times: user=0.00 sys=0.00, real=0.01 secs] 
2020-10-29T08:52:48.430+0000: [GC (Allocation Failure) 2020-10-29T08:52:48.430+0000: [ParNew: 16388K->4K(18432K), 0.0017316 secs] 255604K->239220K(417128K), 0.0017786 secs] [Times: user=0.00 sys=0.00, real=0.01 secs] 
2020-10-29T08:52:48.450+0000: [GC (Allocation Failure) 2020-10-29T08:52:48.450+0000: [ParNew: 16388K->4K(18432K), 0.0017515 secs] 255604K->239221K(417128K), 0.0018013 secs] [Times: user=0.01 sys=0.00, real=0.00 secs] 
2020-10-29T08:52:48.473+0000: [GC (Allocation Failure) 2020-10-29T08:52:48.473+0000: [ParNew: 16388K->4K(18432K), 0.0016951 secs] 255605K->239221K(417128K), 0.0017399 secs] [Times: user=0.01 sys=0.00, real=0.00 secs] 
2020-10-29T08:52:48.493+0000: [GC (Allocation Failure) 2020-10-29T08:52:48.493+0000: [ParNew: 16388K->4K(18432K), 0.0015856 secs] 255605K->239221K(417128K), 0.0016276 secs] [Times: user=0.01 sys=0.00, real=0.00 secs] 
2020-10-29T08:52:48.513+0000: [GC (Allocation Failure) 2020-10-29T08:52:48.513+0000: [ParNew: 16388K->4K(18432K), 0.0017070 secs] 255605K->239221K(417128K), 0.0017537 secs] [Times: user=0.01 sys=0.00, real=0.00 secs] 
2020-10-29T08:52:48.533+0000: [GC (Allocation Failure) 2020-10-29T08:52:48.533+0000: [ParNew: 16388K->4K(18432K), 0.0017994 secs] 255605K->239221K(417128K), 0.0018505 secs] [Times: user=0.01 sys=0.00, real=0.00 secs] 
2020-10-29T08:52:48.553+0000: [GC (Allocation Failure) 2020-10-29T08:52:48.554+0000: [ParNew: 16388K->4K(18432K), 0.0017353 secs] 255605K->239221K(417128K), 0.0017829 secs] [Times: user=0.00 sys=0.00, real=0.00 secs] 
2020-10-29T08:52:48.574+0000: [GC (Allocation Failure) 2020-10-29T08:52:48.574+0000: [ParNew: 16388K->4K(18432K), 0.0016922 secs] 255605K->239221K(417128K), 0.0017359 secs] [Times: user=0.00 sys=0.00, real=0.00 secs] 
2020-10-29T08:52:48.594+0000: [GC (Allocation Failure) 2020-10-29T08:52:48.594+0000: [ParNew: 16388K->4K(18432K), 0.0016374 secs] 255605K->239221K(417128K), 0.0016796 secs] [Times: user=0.00 sys=0.00, real=0.00 secs] 
2020-10-29T08:52:48.608+0000: [GC (Allocation Failure) 2020-10-29T08:52:48.608+0000: [ParNew: 10816K->4K(18432K), 0.0017210 secs] 250033K->239221K(417128K), 0.0017685 secs] [Times: user=0.01 sys=0.00, real=0.00 secs] 
2020-10-29T08:52:48.620+0000: [GC (Allocation Failure) 2020-10-29T08:52:48.620+0000: [ParNew: 16388K->4K(18432K), 0.0025616 secs] 255605K->247413K(417128K), 0.0026066 secs] [Times: user=0.00 sys=0.00, real=0.01 secs] 
2020-10-29T08:52:48.626+0000: [GC (CMS Initial Mark) [1 CMS-initial-mark: 247409K(398696K)] 247739K(417128K), 0.0010380 secs] [Times: user=0.01 sys=0.00, real=0.00 secs] 
2020-10-29T08:52:48.627+0000: [CMS-concurrent-mark-start]
2020-10-29T08:52:48.661+0000: [CMS-concurrent-mark: 0.034/0.034 secs] [Times: user=0.06 sys=0.00, real=0.03 secs] 
2020-10-29T08:52:48.661+0000: [CMS-concurrent-preclean-start]
2020-10-29T08:52:48.662+0000: [GC (Allocation Failure) 2020-10-29T08:52:48.662+0000: [ParNew: 16388K->4K(18432K), 0.0014677 secs] 263797K->247413K(417128K), 0.0015045 secs] [Times: user=0.00 sys=0.00, real=0.01 secs] 
2020-10-29T08:52:48.664+0000: [CMS-concurrent-preclean: 0.002/0.003 secs] [Times: user=0.00 sys=0.00, real=0.01 secs] 
2020-10-29T08:52:48.664+0000: [GC (CMS Final Remark) [YG occupancy: 656 K (18432 K)]2020-10-29T08:52:48.664+0000: [Rescan (parallel) , 0.0012077 secs]2020-10-29T08:52:48.665+0000: [weak refs processing, 0.0000240 secs]2020-10-29T08:52:48.665+0000: [class unloading, 0.0061959 secs]2020-10-29T08:52:48.672+0000: [scrub symbol table, 0.0076188 secs]2020-10-29T08:52:48.679+0000: [scrub string table, 0.0005314 secs][1 CMS-remark: 247409K(398696K)] 248066K(417128K), 0.0156834 secs] [Times: user=0.01 sys=0.00, real=0.01 secs] 
2020-10-29T08:52:48.680+0000: [CMS-concurrent-sweep-start]
2020-10-29T08:52:48.689+0000: [CMS-concurrent-sweep: 0.009/0.009 secs] [Times: user=0.02 sys=0.00, real=0.01 secs] 
2020-10-29T08:52:48.689+0000: [CMS-concurrent-reset-start]
2020-10-29T08:52:48.691+0000: [CMS-concurrent-reset: 0.002/0.002 secs] [Times: user=0.00 sys=0.00, real=0.01 secs] 
2020-10-29T08:52:48.703+0000: [GC (Allocation Failure) 2020-10-29T08:52:48.703+0000: [ParNew: 16388K->4K(18432K), 0.0018048 secs] 263797K->247413K(430784K), 0.0018453 secs] [Times: user=0.00 sys=0.00, real=0.00 secs] 
2020-10-29T08:52:48.723+0000: [GC (Allocation Failure) 2020-10-29T08:52:48.723+0000: [ParNew: 16388K->4K(18432K), 0.0016003 secs] 263797K->247413K(430784K), 0.0016429 secs] [Times: user=0.00 sys=0.00, real=0.00 secs] 
2020-10-29T08:52:48.743+0000: [GC (Allocation Failure) 2020-10-29T08:52:48.743+0000: [ParNew: 16388K->4K(18432K), 0.0018163 secs] 263797K->247413K(430784K), 0.0018675 secs] [Times: user=0.00 sys=0.00, real=0.00 secs] 
2020-10-29T08:52:48.763+0000: [GC (Allocation Failure) 2020-10-29T08:52:48.763+0000: [ParNew: 16388K->4K(18432K), 0.0018040 secs] 263797K->247413K(430784K), 0.0018563 secs] [Times: user=0.01 sys=0.00, real=0.00 secs] 
2020-10-29T08:52:48.784+0000: [GC (Allocation Failure) 2020-10-29T08:52:48.784+0000: [ParNew: 16388K->4K(18432K), 0.0016710 secs] 263797K->247413K(430784K), 0.0017161 secs] [Times: user=0.01 sys=0.00, real=0.00 secs] 
2020-10-29T08:52:48.804+0000: [GC (Allocation Failure) 2020-10-29T08:52:48.804+0000: [ParNew: 16388K->4K(18432K), 0.0017172 secs] 263797K->247413K(430784K), 0.0017623 secs] [Times: user=0.00 sys=0.00, real=0.00 secs] 
2020-10-29T08:52:48.825+0000: [GC (Allocation Failure) 2020-10-29T08:52:48.825+0000: [ParNew: 16388K->4K(18432K), 0.0018078 secs] 263797K->247413K(430784K), 0.0018577 secs] [Times: user=0.00 sys=0.00, real=0.00 secs] 
2020-10-29T08:52:48.845+0000: [GC (Allocation Failure) 2020-10-29T08:52:48.845+0000: [ParNew: 16388K->4K(18432K), 0.0016503 secs] 263797K->247413K(430784K), 0.0016941 secs] [Times: user=0.00 sys=0.00, real=0.00 secs] 
2020-10-29T08:52:48.865+0000: [GC (Allocation Failure) 2020-10-29T08:52:48.865+0000: [ParNew: 16388K->4K(18432K), 0.0017367 secs] 263797K->247413K(430784K), 0.0017830 secs] [Times: user=0.00 sys=0.00, real=0.00 secs] 
2020-10-29T08:52:48.885+0000: [GC (Allocation Failure) 2020-10-29T08:52:48.885+0000: [ParNew: 16388K->4K(18432K), 0.0018423 secs] 263797K->247413K(430784K), 0.0018996 secs] [Times: user=0.00 sys=0.00, real=0.00 secs] 
2020-10-29T08:52:48.905+0000: [GC (Allocation Failure) 2020-10-29T08:52:48.905+0000: [ParNew: 16388K->4K(18432K), 0.0017594 secs] 263797K->247413K(430784K), 0.0018032 secs] [Times: user=0.00 sys=0.00, real=0.00 secs] 
2020-10-29T08:52:48.920+0000: [GC (Allocation Failure) 2020-10-29T08:52:48.920+0000: [ParNew: 11145K->4K(18432K), 0.0014248 secs] 258555K->247413K(430784K), 0.0014671 secs] [Times: user=0.01 sys=0.00, real=0.00 secs] 
2020-10-29T08:52:48.932+0000: [GC (Allocation Failure) 2020-10-29T08:52:48.932+0000: [ParNew: 16388K->4K(18432K), 0.0070244 secs] 263797K->255605K(430784K), 0.0070681 secs] [Times: user=0.01 sys=0.00, real=0.00 secs] 
2020-10-29T08:52:48.958+0000: [GC (Allocation Failure) 2020-10-29T08:52:48.958+0000: [ParNew: 16388K->4K(18432K), 0.0019104 secs] 271989K->255605K(430784K), 0.0019617 secs] [Times: user=0.00 sys=0.00, real=0.00 secs] 
2020-10-29T08:52:48.978+0000: [GC (Allocation Failure) 2020-10-29T08:52:48.978+0000: [ParNew: 16388K->4K(18432K), 0.0017188 secs] 271989K->255605K(430784K), 0.0017648 secs] [Times: user=0.00 sys=0.00, real=0.00 secs] 
2020-10-29T08:52:48.998+0000: [GC (Allocation Failure) 2020-10-29T08:52:48.998+0000: [ParNew: 16388K->4K(18432K), 0.0017152 secs] 271989K->255605K(430784K), 0.0017622 secs] [Times: user=0.00 sys=0.00, real=0.00 secs] 
2020-10-29T08:52:49.021+0000: [GC (Allocation Failure) 2020-10-29T08:52:49.021+0000: [ParNew: 16388K->4K(18432K), 0.0018068 secs] 271989K->255605K(430784K), 0.0018589 secs] [Times: user=0.00 sys=0.00, real=0.01 secs] 
2020-10-29T08:52:49.041+0000: [GC (Allocation Failure) 2020-10-29T08:52:49.041+0000: [ParNew: 16388K->4K(18432K), 0.0017447 secs] 271989K->255605K(430784K), 0.0017902 secs] [Times: user=0.01 sys=0.00, real=0.01 secs] 
2020-10-29T08:52:49.061+0000: [GC (Allocation Failure) 2020-10-29T08:52:49.061+0000: [ParNew: 16388K->4K(18432K), 0.0017447 secs] 271989K->255605K(430784K), 0.0017899 secs] [Times: user=0.01 sys=0.00, real=0.01 secs] 
2020-10-29T08:52:49.081+0000: [GC (Allocation Failure) 2020-10-29T08:52:49.081+0000: [ParNew: 16388K->4K(18432K), 0.0018072 secs] 271989K->255605K(430784K), 0.0018563 secs] [Times: user=0.00 sys=0.00, real=0.01 secs] 
2020-10-29T08:52:49.101+0000: [GC (Allocation Failure) 2020-10-29T08:52:49.101+0000: [ParNew: 16388K->4K(18432K), 0.0018024 secs] 271989K->255605K(430784K), 0.0018533 secs] [Times: user=0.00 sys=0.00, real=0.01 secs] 
2020-10-29T08:52:49.134+0000: [GC (Allocation Failure) 2020-10-29T08:52:49.134+0000: [ParNew: 16388K->4K(18432K), 0.0017925 secs] 271989K->255605K(430784K), 0.0018606 secs] [Times: user=0.00 sys=0.00, real=0.00 secs] 
2020-10-29T08:52:49.157+0000: [GC (Allocation Failure) 2020-10-29T08:52:49.157+0000: [ParNew: 16388K->4K(18432K), 0.0018269 secs] 271989K->255606K(430784K), 0.0018800 secs] [Times: user=0.00 sys=0.00, real=0.00 secs] 
2020-10-29T08:52:49.177+0000: [GC (Allocation Failure) 2020-10-29T08:52:49.177+0000: [ParNew: 16388K->4K(18432K), 0.0017862 secs] 271990K->255606K(430784K), 0.0018362 secs] [Times: user=0.00 sys=0.00, real=0.00 secs] 
2020-10-29T08:52:49.197+0000: [GC (Allocation Failure) 2020-10-29T08:52:49.197+0000: [ParNew: 16388K->4K(18432K), 0.0018139 secs] 271990K->255606K(430784K), 0.0018585 secs] [Times: user=0.01 sys=0.00, real=0.00 secs] 
2020-10-29T08:52:49.216+0000: [GC (Allocation Failure) 2020-10-29T08:52:49.216+0000: [ParNew: 14109K->4K(18432K), 0.0020317 secs] 269711K->255606K(430784K), 0.0020833 secs] [Times: user=0.01 sys=0.00, real=0.00 secs] 
2020-10-29T08:52:49.229+0000: [GC (Allocation Failure) 2020-10-29T08:52:49.229+0000: [ParNew: 16388K->4K(18432K), 0.0119981 secs] 271990K->263798K(430784K), 0.0120552 secs] [Times: user=0.01 sys=0.00, real=0.01 secs] 
2020-10-29T08:52:49.259+0000: [GC (Allocation Failure) 2020-10-29T08:52:49.259+0000: [ParNew: 16388K->4K(18432K), 0.0018105 secs] 280182K->263798K(430784K), 0.0018753 secs] [Times: user=0.00 sys=0.00, real=0.00 secs] 
2020-10-29T08:52:49.279+0000: [GC (Allocation Failure) 2020-10-29T08:52:49.279+0000: [ParNew: 16388K->4K(18432K), 0.0018317 secs] 280182K->263798K(430784K), 0.0018856 secs] [Times: user=0.01 sys=0.00, real=0.00 secs] 
2020-10-29T08:52:49.299+0000: [GC (Allocation Failure) 2020-10-29T08:52:49.299+0000: [ParNew: 16388K->4K(18432K), 0.0017566 secs] 280182K->263798K(430784K), 0.0018028 secs] [Times: user=0.01 sys=0.00, real=0.00 secs] 
2020-10-29T08:52:49.320+0000: [GC (Allocation Failure) 2020-10-29T08:52:49.320+0000: [ParNew: 16388K->4K(18432K), 0.0017814 secs] 280182K->263798K(430784K), 0.0018313 secs] [Times: user=0.00 sys=0.00, real=0.00 secs] 
2020-10-29T08:52:49.340+0000: [GC (Allocation Failure) 2020-10-29T08:52:49.340+0000: [ParNew: 16388K->4K(18432K), 0.0018018 secs] 280182K->263798K(430784K), 0.0018522 secs] [Times: user=0.00 sys=0.00, real=0.00 secs] 
2020-10-29T08:52:49.360+0000: [GC (Allocation Failure) 2020-10-29T08:52:49.360+0000: [ParNew: 16388K->4K(18432K), 0.0017733 secs] 280182K->263798K(430784K), 0.0018242 secs] [Times: user=0.00 sys=0.00, real=0.00 secs] 
2020-10-29T08:52:49.380+0000: [GC (Allocation Failure) 2020-10-29T08:52:49.380+0000: [ParNew: 16388K->4K(18432K), 0.0017459 secs] 280182K->263798K(430784K), 0.0017929 secs] [Times: user=0.00 sys=0.00, real=0.01 secs] 
2020-10-29T08:52:49.401+0000: [GC (Allocation Failure) 2020-10-29T08:52:49.401+0000: [ParNew: 16388K->4K(18432K), 0.0017399 secs] 280182K->263798K(430784K), 0.0017859 secs] [Times: user=0.00 sys=0.00, real=0.01 secs] 
2020-10-29T08:52:49.421+0000: [GC (Allocation Failure) 2020-10-29T08:52:49.421+0000: [ParNew: 16388K->4K(18432K), 0.0017717 secs] 280182K->263798K(430784K), 0.0018307 secs] [Times: user=0.00 sys=0.00, real=0.01 secs] 
2020-10-29T08:52:49.441+0000: [GC (Allocation Failure) 2020-10-29T08:52:49.441+0000: [ParNew: 16388K->4K(18432K), 0.0016563 secs] 280182K->263798K(430784K), 0.0017003 secs] [Times: user=0.00 sys=0.00, real=0.01 secs] 
2020-10-29T08:52:49.461+0000: [GC (Allocation Failure) 2020-10-29T08:52:49.462+0000: [ParNew: 16388K->4K(18432K), 0.0017256 secs] 280182K->263798K(430784K), 0.0017720 secs] [Times: user=0.01 sys=0.00, real=0.01 secs] 
2020-10-29T08:52:49.482+0000: [GC (Allocation Failure) 2020-10-29T08:52:49.482+0000: [ParNew: 16388K->4K(18432K), 0.0017929 secs] 280182K->263798K(430784K), 0.0018417 secs] [Times: user=0.00 sys=0.00, real=0.01 secs] 
2020-10-29T08:52:49.500+0000: [GC (Allocation Failure) 2020-10-29T08:52:49.500+0000: [ParNew: 14092K->4K(18432K), 0.0017841 secs] 277886K->263798K(430784K), 0.0018364 secs] [Times: user=0.00 sys=0.00, real=0.00 secs] 
2020-10-29T08:52:49.512+0000: [GC (Allocation Failure) 2020-10-29T08:52:49.512+0000: [ParNew: 16388K->4K(18432K), 0.0075444 secs] 280182K->271990K(430784K), 0.0075935 secs] [Times: user=0.01 sys=0.00, real=0.00 secs] 
2020-10-29T08:52:49.538+0000: [GC (Allocation Failure) 2020-10-29T08:52:49.538+0000: [ParNew: 16388K->4K(18432K), 0.0018091 secs] 288374K->271990K(430784K), 0.0018605 secs] [Times: user=0.00 sys=0.00, real=0.00 secs] 
2020-10-29T08:52:49.558+0000: [GC (Allocation Failure) 2020-10-29T08:52:49.558+0000: [ParNew: 16388K->4K(18432K), 0.0017693 secs] 288374K->271990K(430784K), 0.0018154 secs] [Times: user=0.01 sys=0.00, real=0.00 secs] 
2020-10-29T08:52:49.579+0000: [GC (Allocation Failure) 2020-10-29T08:52:49.579+0000: [ParNew: 16388K->4K(18432K), 0.0017777 secs] 288374K->271990K(430784K), 0.0018272 secs] [Times: user=0.01 sys=0.00, real=0.00 secs] 
2020-10-29T08:52:49.600+0000: [GC (Allocation Failure) 2020-10-29T08:52:49.600+0000: [ParNew: 16388K->4K(18432K), 0.0017729 secs] 288374K->271990K(430784K), 0.0018271 secs] [Times: user=0.00 sys=0.00, real=0.01 secs] 
2020-10-29T08:52:49.621+0000: [GC (Allocation Failure) 2020-10-29T08:52:49.621+0000: [ParNew: 16388K->4K(18432K), 0.0018169 secs] 288374K->271990K(430784K), 0.0018678 secs] [Times: user=0.00 sys=0.00, real=0.01 secs] 
2020-10-29T08:52:49.641+0000: [GC (Allocation Failure) 2020-10-29T08:52:49.641+0000: [ParNew: 16388K->4K(18432K), 0.0017687 secs] 288374K->271990K(430784K), 0.0018173 secs] [Times: user=0.00 sys=0.00, real=0.01 secs] 
2020-10-29T08:52:49.662+0000: [GC (Allocation Failure) 2020-10-29T08:52:49.662+0000: [ParNew: 16388K->4K(18432K), 0.0017711 secs] 288374K->271990K(430784K), 0.0018199 secs] [Times: user=0.00 sys=0.00, real=0.01 secs] 
2020-10-29T08:52:49.682+0000: [GC (Allocation Failure) 2020-10-29T08:52:49.682+0000: [ParNew: 16388K->4K(18432K), 0.0017714 secs] 288374K->271990K(430784K), 0.0018206 secs] [Times: user=0.01 sys=0.00, real=0.01 secs] 
2020-10-29T08:52:49.702+0000: [GC (Allocation Failure) 2020-10-29T08:52:49.702+0000: [ParNew: 16388K->4K(18432K), 0.0018339 secs] 288374K->271990K(430784K), 0.0018846 secs] [Times: user=0.01 sys=0.00, real=0.01 secs] 
2020-10-29T08:52:49.723+0000: [GC (Allocation Failure) 2020-10-29T08:52:49.723+0000: [ParNew: 16388K->4K(18432K), 0.0017798 secs] 288374K->271990K(430784K), 0.0018303 secs] [Times: user=0.00 sys=0.00, real=0.00 secs] 
2020-10-29T08:52:49.743+0000: [GC (Allocation Failure) 2020-10-29T08:52:49.743+0000: [ParNew: 16388K->4K(18432K), 0.0017285 secs] 288374K->271990K(430784K), 0.0017782 secs] [Times: user=0.01 sys=0.00, real=0.00 secs] 
2020-10-29T08:52:49.763+0000: [GC (Allocation Failure) 2020-10-29T08:52:49.763+0000: [ParNew: 16388K->4K(18432K), 0.0018046 secs] 288374K->271990K(430784K), 0.0018740 secs] [Times: user=0.00 sys=0.00, real=0.00 secs] 
2020-10-29T08:52:49.781+0000: [GC (Allocation Failure) 2020-10-29T08:52:49.781+0000: [ParNew: 14420K->4K(18432K), 0.0017854 secs] 286406K->271990K(430784K), 0.0018377 secs] [Times: user=0.00 sys=0.00, real=0.01 secs] 
2020-10-29T08:52:49.793+0000: [GC (Allocation Failure) 2020-10-29T08:52:49.794+0000: [ParNew: 16388K->4K(18432K), 0.0074972 secs] 288374K->280182K(430784K), 0.0075608 secs] [Times: user=0.01 sys=0.00, real=0.00 secs] 
2020-10-29T08:52:49.819+0000: [GC (Allocation Failure) 2020-10-29T08:52:49.820+0000: [ParNew: 16388K->4K(18432K), 0.0017613 secs] 296566K->280182K(430784K), 0.0018262 secs] [Times: user=0.00 sys=0.00, real=0.00 secs] 
2020-10-29T08:52:49.840+0000: [GC (Allocation Failure) 2020-10-29T08:52:49.840+0000: [ParNew: 16388K->4K(18432K), 0.0015365 secs] 296566K->280182K(430784K), 0.0015736 secs] [Times: user=0.00 sys=0.00, real=0.00 secs] 
2020-10-29T08:52:49.860+0000: [GC (Allocation Failure) 2020-10-29T08:52:49.860+0000: [ParNew: 16388K->4K(18432K), 0.0013893 secs] 296566K->280182K(430784K), 0.0014280 secs] [Times: user=0.00 sys=0.00, real=0.00 secs] 
2020-10-29T08:52:49.919+0000: [GC (Allocation Failure) 2020-10-29T08:52:49.919+0000: [ParNew: 16388K->4K(18432K), 0.0018081 secs] 362102K->345718K(430784K), 0.0018682 secs] [Times: user=0.00 sys=0.00, real=0.00 secs] 
2020-10-29T08:52:49.922+0000: [GC (CMS Initial Mark) [1 CMS-initial-mark: 345714K(412352K)] 346045K(430784K), 0.0010094 secs] [Times: user=0.00 sys=0.00, real=0.00 secs] 
2020-10-29T08:52:49.923+0000: [CMS-concurrent-mark-start]
2020-10-29T08:52:49.953+0000: [GC (Allocation Failure) 2020-10-29T08:52:49.953+0000: [ParNew: 16388K->4K(18432K), 0.0017383 secs] 362102K->345718K(430784K), 0.0017902 secs] [Times: user=0.01 sys=0.00, real=0.00 secs] 
2020-10-29T08:52:49.961+0000: [CMS-concurrent-mark: 0.036/0.038 secs] [Times: user=0.08 sys=0.00, real=0.03 secs] 
2020-10-29T08:52:49.961+0000: [CMS-concurrent-preclean-start]
2020-10-29T08:52:49.963+0000: [CMS-concurrent-preclean: 0.001/0.001 secs] [Times: user=0.00 sys=0.00, real=0.01 secs] 
2020-10-29T08:52:49.963+0000: [CMS-concurrent-abortable-preclean-start]
2020-10-29T08:52:49.977+0000: [GC (Allocation Failure) 2020-10-29T08:52:49.977+0000: [ParNew: 16388K->4K(18432K), 0.0014434 secs] 362102K->345718K(430784K), 0.0014818 secs] [Times: user=0.00 sys=0.00, real=0.00 secs] 
2020-10-29T08:52:49.998+0000: [GC (Allocation Failure) 2020-10-29T08:52:49.998+0000: [ParNew: 16388K->4K(18432K), 0.0014231 secs] 362102K->345718K(430784K), 0.0014646 secs] [Times: user=0.00 sys=0.00, real=0.00 secs] 
2020-10-29T08:52:50.018+0000: [GC (Allocation Failure) 2020-10-29T08:52:50.018+0000: [ParNew: 16388K->4K(18432K), 0.0014383 secs] 362102K->345718K(430784K), 0.0014810 secs] [Times: user=0.01 sys=0.00, real=0.00 secs] 
2020-10-29T08:52:50.038+0000: [GC (Allocation Failure) 2020-10-29T08:52:50.038+0000: [ParNew: 16388K->4K(18432K), 0.0014583 secs] 362102K->345718K(430784K), 0.0015189 secs] [Times: user=0.00 sys=0.00, real=0.00 secs] 
2020-10-29T08:52:50.059+0000: [GC (Allocation Failure) 2020-10-29T08:52:50.059+0000: [ParNew: 16388K->4K(18432K), 0.0015271 secs] 362102K->345718K(430784K), 0.0015717 secs] [Times: user=0.00 sys=0.00, real=0.00 secs] 
2020-10-29T08:52:50.079+0000: [GC (Allocation Failure) 2020-10-29T08:52:50.079+0000: [ParNew: 16388K->4K(18432K), 0.0015500 secs] 362102K->345718K(430784K), 0.0015959 secs] [Times: user=0.01 sys=0.00, real=0.00 secs] 
2020-10-29T08:52:50.099+0000: [GC (Allocation Failure) 2020-10-29T08:52:50.099+0000: [ParNew: 16388K->4K(18432K), 0.0015935 secs] 362102K->345718K(430784K), 0.0016402 secs] [Times: user=0.00 sys=0.00, real=0.00 secs] 
2020-10-29T08:52:50.112+0000: [GC (Allocation Failure) 2020-10-29T08:52:50.112+0000: [ParNew: 9178K->4K(18432K), 0.0012536 secs] 354892K->345718K(430784K), 0.0012932 secs] [Times: user=0.00 sys=0.00, real=0.00 secs] 
2020-10-29T08:52:50.123+0000: [GC (Allocation Failure) 2020-10-29T08:52:50.123+0000: [ParNew: 16388K->4K(18432K), 0.0072007 secs] 362102K->353910K(430784K), 0.0072468 secs] [Times: user=0.02 sys=0.00, real=0.01 secs] 
2020-10-29T08:52:50.130+0000: [CMS-concurrent-abortable-preclean: 0.010/0.168 secs] [Times: user=0.20 sys=0.00, real=0.17 secs] 
2020-10-29T08:52:50.131+0000: [GC (CMS Final Remark) [YG occupancy: 329 K (18432 K)]2020-10-29T08:52:50.131+0000: [Rescan (parallel) , 0.0011245 secs]2020-10-29T08:52:50.132+0000: [weak refs processing, 0.0000248 secs]2020-10-29T08:52:50.132+0000: [class unloading, 0.0061719 secs]2020-10-29T08:52:50.138+0000: [scrub symbol table, 0.0075081 secs]2020-10-29T08:52:50.146+0000: [scrub string table, 0.0005235 secs][1 CMS-remark: 353906K(412352K)] 354235K(430784K), 0.0154442 secs] [Times: user=0.02 sys=0.00, real=0.01 secs] 
2020-10-29T08:52:50.150+0000: [CMS-concurrent-sweep-start]
2020-10-29T08:52:50.160+0000: [CMS-concurrent-sweep: 0.010/0.010 secs] [Times: user=0.02 sys=0.00, real=0.00 secs] 
2020-10-29T08:52:50.161+0000: [CMS-concurrent-reset-start]
2020-10-29T08:52:50.162+0000: [CMS-concurrent-reset: 0.002/0.002 secs] [Times: user=0.00 sys=0.00, real=0.01 secs] 
2020-10-29T08:52:50.170+0000: [GC (Allocation Failure) 2020-10-29T08:52:50.170+0000: [ParNew: 16388K->4K(18432K), 0.0022074 secs] 370294K->353910K(608276K), 0.0022446 secs] [Times: user=0.01 sys=0.00, real=0.01 secs] 
2020-10-29T08:52:50.190+0000: [GC (Allocation Failure) 2020-10-29T08:52:50.191+0000: [ParNew: 16388K->4K(18432K), 0.0021557 secs] 370294K->353910K(608276K), 0.0022069 secs] [Times: user=0.01 sys=0.00, real=0.00 secs] 
2020-10-29T08:52:50.211+0000: [GC (Allocation Failure) 2020-10-29T08:52:50.211+0000: [ParNew: 16388K->4K(18432K), 0.0021025 secs] 370294K->353910K(608276K), 0.0021507 secs] [Times: user=0.01 sys=0.00, real=0.00 secs] 
2020-10-29T08:52:50.232+0000: [GC (Allocation Failure) 2020-10-29T08:52:50.232+0000: [ParNew: 16388K->4K(18432K), 0.0021215 secs] 370294K->353910K(608276K), 0.0021683 secs] [Times: user=0.00 sys=0.00, real=0.00 secs] 
2020-10-29T08:52:50.253+0000: [GC (Allocation Failure) 2020-10-29T08:52:50.253+0000: [ParNew: 16388K->4K(18432K), 0.0021021 secs] 370294K->353910K(608276K), 0.0021484 secs] [Times: user=0.00 sys=0.00, real=0.00 secs] 
2020-10-29T08:52:50.273+0000: [GC (Allocation Failure) 2020-10-29T08:52:50.273+0000: [ParNew: 16388K->4K(18432K), 0.0021566 secs] 370294K->353910K(608276K), 0.0022046 secs] [Times: user=0.01 sys=0.00, real=0.00 secs] 
2020-10-29T08:52:50.294+0000: [GC (Allocation Failure) 2020-10-29T08:52:50.294+0000: [ParNew: 16388K->4K(18432K), 0.0020798 secs] 370294K->353910K(608276K), 0.0021330 secs] [Times: user=0.01 sys=0.00, real=0.00 secs] 
2020-10-29T08:52:50.315+0000: [GC (Allocation Failure) 2020-10-29T08:52:50.315+0000: [ParNew: 16388K->4K(18432K), 0.0021023 secs] 370294K->353910K(608276K), 0.0021572 secs] [Times: user=0.00 sys=0.00, real=0.00 secs] 
2020-10-29T08:52:50.335+0000: [GC (Allocation Failure) 2020-10-29T08:52:50.335+0000: [ParNew: 16388K->4K(18432K), 0.0020432 secs] 370294K->353910K(608276K), 0.0020884 secs] [Times: user=0.00 sys=0.00, real=0.00 secs] 
2020-10-29T08:52:50.356+0000: [GC (Allocation Failure) 2020-10-29T08:52:50.356+0000: [ParNew: 16388K->4K(18432K), 0.0020383 secs] 370294K->353910K(608276K), 0.0020807 secs] [Times: user=0.00 sys=0.00, real=0.00 secs] 
2020-10-29T08:52:50.376+0000: [GC (Allocation Failure) 2020-10-29T08:52:50.376+0000: [ParNew: 16388K->4K(18432K), 0.0019499 secs] 370294K->353910K(608276K), 0.0019912 secs] [Times: user=0.00 sys=0.00, real=0.00 secs] 
2020-10-29T08:52:50.396+0000: [GC (Allocation Failure) 2020-10-29T08:52:50.396+0000: [ParNew: 16388K->4K(18432K), 0.0019813 secs] 370294K->353910K(608276K), 0.0020223 secs] [Times: user=0.01 sys=0.00, real=0.00 secs] 
2020-10-29T08:52:50.417+0000: [GC (Allocation Failure) 2020-10-29T08:52:50.417+0000: [ParNew: 16388K->4K(18432K), 0.0020927 secs] 370294K->353910K(608276K), 0.0021380 secs] [Times: user=0.01 sys=0.00, real=0.00 secs] 
2020-10-29T08:52:50.437+0000: [GC (Allocation Failure) 2020-10-29T08:52:50.437+0000: [ParNew: 16388K->4K(18432K), 0.0021030 secs] 370294K->353910K(608276K), 0.0021517 secs] [Times: user=0.00 sys=0.00, real=0.00 secs] 
2020-10-29T08:52:50.450+0000: [GC (Allocation Failure) 2020-10-29T08:52:50.450+0000: [ParNew: 16388K->4K(18432K), 0.0075242 secs] 370294K->362102K(608276K), 0.0075667 secs] [Times: user=0.01 sys=0.00, real=0.01 secs] 
2020-10-29T08:52:50.476+0000: [GC (Allocation Failure) 2020-10-29T08:52:50.476+0000: [ParNew: 16388K->4K(18432K), 0.0018419 secs] 378486K->362102K(608276K), 0.0018785 secs] [Times: user=0.00 sys=0.00, real=0.00 secs] 
2020-10-29T08:52:50.496+0000: [GC (Allocation Failure) 2020-10-29T08:52:50.496+0000: [ParNew: 16388K->4K(18432K), 0.0017821 secs] 378486K->362102K(608276K), 0.0018178 secs] [Times: user=0.01 sys=0.00, real=0.00 secs] 
2020-10-29T08:52:50.516+0000: [GC (Allocation Failure) 2020-10-29T08:52:50.516+0000: [ParNew: 16388K->4K(18432K), 0.0020387 secs] 378486K->362102K(608276K), 0.0020846 secs] [Times: user=0.00 sys=0.00, real=0.00 secs] 
2020-10-29T08:52:50.537+0000: [GC (Allocation Failure) 2020-10-29T08:52:50.537+0000: [ParNew: 16388K->4K(18432K), 0.0020474 secs] 378486K->362102K(608276K), 0.0020914 secs] [Times: user=0.01 sys=0.00, real=0.00 secs] 
2020-10-29T08:52:50.557+0000: [GC (Allocation Failure) 2020-10-29T08:52:50.557+0000: [ParNew: 16388K->4K(18432K), 0.0018620 secs] 378486K->362102K(608276K), 0.0019185 secs] [Times: user=0.01 sys=0.00, real=0.00 secs] 
2020-10-29T08:52:50.577+0000: [GC (Allocation Failure) 2020-10-29T08:52:50.577+0000: [ParNew: 16388K->4K(18432K), 0.0020075 secs] 378486K->362102K(608276K), 0.0020489 secs] [Times: user=0.00 sys=0.00, real=0.00 secs] 
2020-10-29T08:52:50.598+0000: [GC (Allocation Failure) 2020-10-29T08:52:50.598+0000: [ParNew: 16388K->4K(18432K), 0.0019370 secs] 378486K->362102K(608276K), 0.0019778 secs] [Times: user=0.00 sys=0.00, real=0.00 secs] 
2020-10-29T08:52:50.618+0000: [GC (Allocation Failure) 2020-10-29T08:52:50.618+0000: [ParNew: 16388K->4K(18432K), 0.0019774 secs] 378486K->362102K(608276K), 0.0020205 secs] [Times: user=0.00 sys=0.00, real=0.00 secs] 
2020-10-29T08:52:50.639+0000: [GC (Allocation Failure) 2020-10-29T08:52:50.639+0000: [ParNew: 16388K->4K(18432K), 0.0019497 secs] 378486K->362102K(608276K), 0.0019925 secs] [Times: user=0.01 sys=0.00, real=0.00 secs] 
2020-10-29T08:52:50.659+0000: [GC (Allocation Failure) 2020-10-29T08:52:50.659+0000: [ParNew: 16388K->4K(18432K), 0.0018846 secs] 378486K->362102K(608276K), 0.0019249 secs] [Times: user=0.01 sys=0.00, real=0.00 secs] 
2020-10-29T08:52:50.679+0000: [GC (Allocation Failure) 2020-10-29T08:52:50.679+0000: [ParNew: 16388K->4K(18432K), 0.0019337 secs] 378486K->362102K(608276K), 0.0019760 secs] [Times: user=0.00 sys=0.00, real=0.00 secs] 
2020-10-29T08:52:50.700+0000: [GC (Allocation Failure) 2020-10-29T08:52:50.700+0000: [ParNew: 16388K->4K(18432K), 0.0021245 secs] 378486K->362102K(608276K), 0.0021733 secs] [Times: user=0.00 sys=0.00, real=0.00 secs] 
2020-10-29T08:52:50.721+0000: [GC (Allocation Failure) 2020-10-29T08:52:50.721+0000: [ParNew: 16388K->4K(18432K), 0.0022063 secs] 378486K->362102K(608276K), 0.0022579 secs] [Times: user=0.01 sys=0.00, real=0.01 secs] 
2020-10-29T08:52:50.742+0000: [GC (Allocation Failure) 2020-10-29T08:52:50.742+0000: [ParNew: 16388K->4K(18432K), 0.0020001 secs] 378486K->362102K(608276K), 0.0020436 secs] [Times: user=0.00 sys=0.00, real=0.01 secs] 
2020-10-29T08:52:50.762+0000: [GC (Allocation Failure) 2020-10-29T08:52:50.762+0000: [ParNew: 16388K->4K(18432K), 0.0020040 secs] 378486K->362102K(608276K), 0.0020474 secs] [Times: user=0.00 sys=0.00, real=0.01 secs] 
2020-10-29T08:52:50.775+0000: [GC (Allocation Failure) 2020-10-29T08:52:50.775+0000: [ParNew: 16388K->4K(18432K), 0.0076093 secs] 378486K->370294K(608276K), 0.0076521 secs] [Times: user=0.01 sys=0.01, real=0.01 secs] 
2020-10-29T08:52:50.802+0000: [GC (Allocation Failure) 2020-10-29T08:52:50.802+0000: [ParNew: 16388K->4K(18432K), 0.0021629 secs] 386678K->370294K(608276K), 0.0022140 secs] [Times: user=0.01 sys=0.00, real=0.01 secs] 
2020-10-29T08:52:50.824+0000: [GC (Allocation Failure) 2020-10-29T08:52:50.824+0000: [ParNew: 16388K->4K(18432K), 0.0020346 secs] 386678K->370294K(608276K), 0.0020796 secs] [Times: user=0.01 sys=0.00, real=0.00 secs] 
2020-10-29T08:52:50.844+0000: [GC (Allocation Failure) 2020-10-29T08:52:50.844+0000: [ParNew: 16388K->4K(18432K), 0.0019939 secs] 386678K->370294K(608276K), 0.0020368 secs] [Times: user=0.01 sys=0.00, real=0.00 secs] 
2020-10-29T08:52:50.865+0000: [GC (Allocation Failure) 2020-10-29T08:52:50.865+0000: [ParNew: 16388K->4K(18432K), 0.0020598 secs] 386678K->370294K(608276K), 0.0021060 secs] [Times: user=0.01 sys=0.00, real=0.00 secs] 
2020-10-29T08:52:50.885+0000: [GC (Allocation Failure) 2020-10-29T08:52:50.885+0000: [ParNew: 16388K->4K(18432K), 0.0021126 secs] 386678K->370294K(608276K), 0.0021601 secs] [Times: user=0.01 sys=0.00, real=0.00 secs] 
2020-10-29T08:52:50.906+0000: [GC (Allocation Failure) 2020-10-29T08:52:50.906+0000: [ParNew: 16388K->4K(18432K), 0.0021649 secs] 386678K->370294K(608276K), 0.0022157 secs] [Times: user=0.00 sys=0.00, real=0.00 secs] 
2020-10-29T08:52:50.926+0000: [GC (Allocation Failure) 2020-10-29T08:52:50.926+0000: [ParNew: 16388K->4K(18432K), 0.0021055 secs] 386678K->370294K(608276K), 0.0021523 secs] [Times: user=0.00 sys=0.00, real=0.00 secs] 
2020-10-29T08:52:50.947+0000: [GC (Allocation Failure) 2020-10-29T08:52:50.947+0000: [ParNew: 16388K->4K(18432K), 0.0021139 secs] 386678K->370294K(608276K), 0.0021764 secs] [Times: user=0.00 sys=0.00, real=0.00 secs] 
2020-10-29T08:52:50.967+0000: [GC (Allocation Failure) 2020-10-29T08:52:50.967+0000: [ParNew: 16388K->4K(18432K), 0.0021513 secs] 386678K->370294K(608276K), 0.0022008 secs] [Times: user=0.00 sys=0.00, real=0.00 secs] 
2020-10-29T08:52:50.988+0000: [GC (Allocation Failure) 2020-10-29T08:52:50.988+0000: [ParNew: 16388K->4K(18432K), 0.0020608 secs] 386678K->370294K(608276K), 0.0021057 secs] [Times: user=0.01 sys=0.00, real=0.00 secs] 
2020-10-29T08:52:51.008+0000: [GC (Allocation Failure) 2020-10-29T08:52:51.008+0000: [ParNew: 16388K->4K(18432K), 0.0021878 secs] 386678K->370294K(608276K), 0.0022401 secs] [Times: user=0.00 sys=0.00, real=0.01 secs] 
2020-10-29T08:52:51.029+0000: [GC (Allocation Failure) 2020-10-29T08:52:51.029+0000: [ParNew: 16388K->4K(18432K), 0.0021871 secs] 386678K->370294K(608276K), 0.0022392 secs] [Times: user=0.00 sys=0.00, real=0.01 secs] 
2020-10-29T08:52:51.050+0000: [GC (Allocation Failure) 2020-10-29T08:52:51.050+0000: [ParNew: 16388K->4K(18432K), 0.0021317 secs] 386678K->370294K(608276K), 0.0021871 secs] [Times: user=0.01 sys=0.00, real=0.00 secs] 
2020-10-29T08:52:51.071+0000: [GC (Allocation Failure) 2020-10-29T08:52:51.071+0000: [ParNew: 16388K->4K(18432K), 0.0021413 secs] 386678K->370294K(608276K), 0.0022000 secs] [Times: user=0.01 sys=0.00, real=0.00 secs] 
2020-10-29T08:52:51.091+0000: [GC (Allocation Failure) 2020-10-29T08:52:51.091+0000: [ParNew: 16388K->4K(18432K), 0.0021083 secs] 386678K->370294K(608276K), 0.0021547 secs] [Times: user=0.00 sys=0.00, real=0.00 secs] 
2020-10-29T08:52:51.104+0000: [GC (Allocation Failure) 2020-10-29T08:52:51.104+0000: [ParNew: 9507K->4K(18432K), 0.0020902 secs] 379798K->370294K(608276K), 0.0021364 secs] [Times: user=0.01 sys=0.00, real=0.00 secs] 
2020-10-29T08:52:51.116+0000: [GC (Allocation Failure) 2020-10-29T08:52:51.117+0000: [ParNew: 16388K->4K(18432K), 0.0125219 secs] 386678K->378486K(608276K), 0.0125737 secs] [Times: user=0.01 sys=0.01, real=0.01 secs] 
2020-10-29T08:52:51.147+0000: [GC (Allocation Failure) 2020-10-29T08:52:51.147+0000: [ParNew: 16388K->4K(18432K), 0.0021668 secs] 394870K->378486K(608276K), 0.0022156 secs] [Times: user=0.01 sys=0.00, real=0.00 secs] 
2020-10-29T08:52:51.169+0000: [GC (Allocation Failure) 2020-10-29T08:52:51.169+0000: [ParNew: 16388K->4K(18432K), 0.0021990 secs] 394870K->378486K(608276K), 0.0022506 secs] [Times: user=0.00 sys=0.00, real=0.01 secs] 
2020-10-29T08:52:51.190+0000: [GC (Allocation Failure) 2020-10-29T08:52:51.190+0000: [ParNew: 16388K->4K(18432K), 0.0021456 secs] 394870K->378486K(608276K), 0.0021958 secs] [Times: user=0.00 sys=0.00, real=0.01 secs] 
2020-10-29T08:52:51.210+0000: [GC (Allocation Failure) 2020-10-29T08:52:51.210+0000: [ParNew: 16388K->4K(18432K), 0.0021277 secs] 394870K->378486K(608276K), 0.0021762 secs] [Times: user=0.00 sys=0.00, real=0.00 secs] 
2020-10-29T08:52:51.232+0000: [GC (Allocation Failure) 2020-10-29T08:52:51.232+0000: [ParNew: 16388K->4K(18432K), 0.0021056 secs] 394870K->378486K(608276K), 0.0021517 secs] [Times: user=0.01 sys=0.00, real=0.00 secs] 
2020-10-29T08:52:51.253+0000: [GC (Allocation Failure) 2020-10-29T08:52:51.253+0000: [ParNew: 16386K->4K(18432K), 0.0022009 secs] 394869K->378486K(608276K), 0.0022506 secs] [Times: user=0.00 sys=0.00, real=0.00 secs] 
2020-10-29T08:52:51.274+0000: [GC (Allocation Failure) 2020-10-29T08:52:51.274+0000: [ParNew: 16388K->4K(18432K), 0.0020663 secs] 394870K->378486K(608276K), 0.0021127 secs] [Times: user=0.00 sys=0.00, real=0.00 secs] 
2020-10-29T08:52:51.294+0000: [GC (Allocation Failure) 2020-10-29T08:52:51.294+0000: [ParNew: 16388K->4K(18432K), 0.0019996 secs] 394870K->378486K(608276K), 0.0020426 secs] [Times: user=0.00 sys=0.00, real=0.00 secs] 
2020-10-29T08:52:51.315+0000: [GC (Allocation Failure) 2020-10-29T08:52:51.315+0000: [ParNew: 16388K->4K(18432K), 0.0020475 secs] 394870K->378486K(608276K), 0.0020938 secs] [Times: user=0.00 sys=0.00, real=0.00 secs] 
2020-10-29T08:52:51.335+0000: [GC (Allocation Failure) 2020-10-29T08:52:51.335+0000: [ParNew: 16388K->4K(18432K), 0.0021444 secs] 394870K->378486K(608276K), 0.0021936 secs] [Times: user=0.01 sys=0.00, real=0.00 secs] 
2020-10-29T08:52:51.356+0000: [GC (Allocation Failure) 2020-10-29T08:52:51.356+0000: [ParNew: 16388K->4K(18432K), 0.0021531 secs] 394870K->378486K(608276K), 0.0022040 secs] [Times: user=0.00 sys=0.00, real=0.00 secs] 
2020-10-29T08:52:51.377+0000: [GC (Allocation Failure) 2020-10-29T08:52:51.377+0000: [ParNew: 16388K->4K(18432K), 0.0021038 secs] 394870K->378486K(608276K), 0.0021501 secs] [Times: user=0.00 sys=0.00, real=0.00 secs] 
2020-10-29T08:52:51.397+0000: [GC (Allocation Failure) 2020-10-29T08:52:51.397+0000: [ParNew: 16388K->4K(18432K), 0.0020457 secs] 394870K->378486K(608276K), 0.0020896 secs] [Times: user=0.01 sys=0.00, real=0.00 secs] 
2020-10-29T08:52:51.418+0000: [GC (Allocation Failure) 2020-10-29T08:52:51.418+0000: [ParNew: 16388K->4K(18432K), 0.0021611 secs] 394870K->378486K(608276K), 0.0022123 secs] [Times: user=0.01 sys=0.00, real=0.00 secs] 
2020-10-29T08:52:51.436+0000: [GC (Allocation Failure) 2020-10-29T08:52:51.436+0000: [ParNew: 13778K->4K(18432K), 0.0021473 secs] 392260K->378486K(608276K), 0.0021991 secs] [Times: user=0.00 sys=0.00, real=0.00 secs] 
2020-10-29T08:52:51.449+0000: [GC (Allocation Failure) 2020-10-29T08:52:51.449+0000: [ParNew: 16388K->4K(18432K), 0.0075983 secs] 394870K->386678K(608276K), 0.0076445 secs] [Times: user=0.01 sys=0.01, real=0.01 secs] 
2020-10-29T08:52:51.475+0000: [GC (Allocation Failure) 2020-10-29T08:52:51.475+0000: [ParNew: 16388K->4K(18432K), 0.0020294 secs] 403062K->386678K(608276K), 0.0020648 secs] [Times: user=0.00 sys=0.00, real=0.00 secs] 
2020-10-29T08:52:51.495+0000: [GC (Allocation Failure) 2020-10-29T08:52:51.495+0000: [ParNew: 16388K->4K(18432K), 0.0020843 secs] 403062K->386678K(608276K), 0.0021304 secs] [Times: user=0.00 sys=0.00, real=0.00 secs] 
2020-10-29T08:52:51.516+0000: [GC (Allocation Failure) 2020-10-29T08:52:51.516+0000: [ParNew: 16388K->4K(18432K), 0.0020597 secs] 403062K->386678K(608276K), 0.0021046 secs] [Times: user=0.00 sys=0.00, real=0.00 secs] 
2020-10-29T08:52:51.536+0000: [GC (Allocation Failure) 2020-10-29T08:52:51.536+0000: [ParNew: 16388K->4K(18432K), 0.0021312 secs] 403062K->386678K(608276K), 0.0021798 secs] [Times: user=0.01 sys=0.00, real=0.00 secs] 
2020-10-29T08:52:51.557+0000: [GC (Allocation Failure) 2020-10-29T08:52:51.557+0000: [ParNew: 16387K->4K(18432K), 0.0021681 secs] 403062K->386678K(608276K), 0.0022350 secs] [Times: user=0.00 sys=0.00, real=0.00 secs] 
2020-10-29T08:52:51.577+0000: [GC (Allocation Failure) 2020-10-29T08:52:51.577+0000: [ParNew: 16388K->4K(18432K), 0.0020261 secs] 403062K->386678K(608276K), 0.0020736 secs] [Times: user=0.00 sys=0.00, real=0.00 secs] 
2020-10-29T08:52:51.598+0000: [GC (Allocation Failure) 2020-10-29T08:52:51.598+0000: [ParNew: 16388K->4K(18432K), 0.0020091 secs] 403062K->386678K(608276K), 0.0020535 secs] [Times: user=0.00 sys=0.00, real=0.00 secs] 
2020-10-29T08:52:51.619+0000: [GC (Allocation Failure) 2020-10-29T08:52:51.619+0000: [ParNew: 16388K->13K(18432K), 0.0022216 secs] 403062K->386688K(608276K), 0.0022700 secs] [Times: user=0.00 sys=0.00, real=0.00 secs] 
2020-10-29T08:52:51.648+0000: [GC (Allocation Failure) 2020-10-29T08:52:51.648+0000: [ParNew: 16397K->189K(18432K), 0.0027575 secs] 403072K->386864K(608276K), 0.0028078 secs] [Times: user=0.01 sys=0.00, real=0.01 secs] 
2020-10-29T08:52:51.682+0000: [GC (Allocation Failure) 2020-10-29T08:52:51.682+0000: [ParNew: 16573K->89K(18432K), 0.0023641 secs] 403248K->386764K(608276K), 0.0024334 secs] [Times: user=0.01 sys=0.00, real=0.01 secs] 
2020-10-29T08:52:51.715+0000: [GC (Allocation Failure) 2020-10-29T08:52:51.715+0000: [ParNew: 16473K->98K(18432K), 0.0023050 secs] 403148K->386773K(608276K), 0.0023746 secs] [Times: user=0.01 sys=0.00, real=0.00 secs] 
2020-10-29T08:52:51.749+0000: [GC (Allocation Failure) 2020-10-29T08:52:51.749+0000: [ParNew: 16482K->101K(18432K), 0.0023239 secs] 403157K->386776K(608276K), 0.0023949 secs] [Times: user=0.00 sys=0.00, real=0.01 secs] 
2020-10-29T08:52:51.770+0000: [GC (Allocation Failure) 2020-10-29T08:52:51.770+0000: [ParNew: 16485K->101K(18432K), 0.0023351 secs] 403160K->386776K(608276K), 0.0023856 secs] [Times: user=0.01 sys=0.00, real=0.00 secs] 
2020-10-29T08:52:51.791+0000: [GC (Allocation Failure) 2020-10-29T08:52:51.791+0000: [ParNew: 16485K->101K(18432K), 0.0022676 secs] 403160K->386778K(608276K), 0.0023153 secs] [Times: user=0.00 sys=0.00, real=0.00 secs] 
2020-10-29T08:52:51.812+0000: [GC (Allocation Failure) 2020-10-29T08:52:51.812+0000: [ParNew: 16485K->66K(18432K), 0.0022106 secs] 403162K->386797K(608276K), 0.0022498 secs] [Times: user=0.00 sys=0.00, real=0.00 secs] 
2020-10-29T08:52:51.828+0000: [GC (Allocation Failure) 2020-10-29T08:52:51.828+0000: [ParNew: 16450K->19K(18432K), 0.0082833 secs] 403181K->394949K(608276K), 0.0083305 secs] [Times: user=0.01 sys=0.01, real=0.01 secs] 
2020-10-29T08:52:51.854+0000: [GC (Allocation Failure) 2020-10-29T08:52:51.854+0000: [ParNew: 16403K->6K(18432K), 0.0021686 secs] 411333K->394941K(608276K), 0.0022159 secs] [Times: user=0.00 sys=0.00, real=0.00 secs] 
2020-10-29T08:52:51.875+0000: [GC (Allocation Failure) 2020-10-29T08:52:51.875+0000: [ParNew: 16390K->4K(18432K), 0.0020975 secs] 411325K->394939K(608276K), 0.0021532 secs] [Times: user=0.01 sys=0.00, real=0.00 secs] 
2020-10-29T08:52:51.896+0000: [GC (Allocation Failure) 2020-10-29T08:52:51.896+0000: [ParNew: 16388K->4K(18432K), 0.0021093 secs] 411323K->394939K(608276K), 0.0021629 secs] [Times: user=0.01 sys=0.00, real=0.00 secs] 
2020-10-29T08:52:51.916+0000: [GC (Allocation Failure) 2020-10-29T08:52:51.916+0000: [ParNew: 16388K->4K(18432K), 0.0021664 secs] 411323K->394939K(608276K), 0.0022175 secs] [Times: user=0.00 sys=0.00, real=0.00 secs] 
2020-10-29T08:52:51.937+0000: [GC (Allocation Failure) 2020-10-29T08:52:51.937+0000: [ParNew: 16388K->4K(18432K), 0.0021673 secs] 411323K->394939K(608276K), 0.0022176 secs] [Times: user=0.00 sys=0.00, real=0.00 secs] 
2020-10-29T08:52:51.959+0000: [GC (Allocation Failure) 2020-10-29T08:52:51.959+0000: [ParNew: 16388K->4K(18432K), 0.0021768 secs] 411323K->394939K(608276K), 0.0022316 secs] [Times: user=0.01 sys=0.00, real=0.00 secs] 
2020-10-29T08:52:51.980+0000: [GC (Allocation Failure) 2020-10-29T08:52:51.980+0000: [ParNew: 16388K->4K(18432K), 0.0021760 secs] 411323K->394939K(608276K), 0.0022263 secs] [Times: user=0.00 sys=0.00, real=0.01 secs] 
2020-10-29T08:52:52.001+0000: [GC (Allocation Failure) 2020-10-29T08:52:52.001+0000: [ParNew: 16388K->4K(18432K), 0.0020927 secs] 411323K->394939K(608276K), 0.0021391 secs] [Times: user=0.00 sys=0.00, real=0.01 secs] 
2020-10-29T08:52:52.021+0000: [GC (Allocation Failure) 2020-10-29T08:52:52.021+0000: [ParNew: 16388K->4K(18432K), 0.0021535 secs] 411323K->394939K(608276K), 0.0022044 secs] [Times: user=0.00 sys=0.00, real=0.01 secs] 
2020-10-29T08:52:52.042+0000: [GC (Allocation Failure) 2020-10-29T08:52:52.042+0000: [ParNew: 16388K->4K(18432K), 0.0021861 secs] 411323K->394939K(608276K), 0.0022378 secs] [Times: user=0.00 sys=0.00, real=0.01 secs] 
2020-10-29T08:52:52.062+0000: [GC (Allocation Failure) 2020-10-29T08:52:52.062+0000: [ParNew: 16388K->4K(18432K), 0.0021689 secs] 411323K->394939K(608276K), 0.0022202 secs] [Times: user=0.01 sys=0.00, real=0.00 secs] 
2020-10-29T08:52:52.083+0000: [GC (Allocation Failure) 2020-10-29T08:52:52.083+0000: [ParNew: 16388K->4K(18432K), 0.0021525 secs] 411323K->394939K(608276K), 0.0022087 secs] [Times: user=0.00 sys=0.00, real=0.00 secs] 
2020-10-29T08:52:52.104+0000: [GC (Allocation Failure) 2020-10-29T08:52:52.104+0000: [ParNew: 16388K->4K(18432K), 0.0021532 secs] 411323K->394939K(608276K), 0.0022052 secs] [Times: user=0.00 sys=0.00, real=0.00 secs] 
2020-10-29T08:52:52.124+0000: [GC (Allocation Failure) 2020-10-29T08:52:52.124+0000: [ParNew: 16388K->2K(18432K), 0.0048978 secs] 411323K->394937K(608276K), 0.0049691 secs] [Times: user=0.01 sys=0.00, real=0.00 secs] 
2020-10-29T08:52:52.142+0000: [GC (Allocation Failure) 2020-10-29T08:52:52.142+0000: [ParNew: 16386K->4K(18432K), 0.0079864 secs] 411321K->403131K(608276K), 0.0080427 secs] [Times: user=0.01 sys=0.01, real=0.01 secs] 
2020-10-29T08:52:52.171+0000: [GC (Allocation Failure) 2020-10-29T08:52:52.171+0000: [ParNew: 16388K->4K(18432K), 0.0021645 secs] 419515K->403131K(608276K), 0.0022149 secs] [Times: user=0.00 sys=0.00, real=0.00 secs] 
2020-10-29T08:52:52.192+0000: [GC (Allocation Failure) 2020-10-29T08:52:52.192+0000: [ParNew: 16388K->4K(18432K), 0.0018465 secs] 419515K->403131K(608276K), 0.0018857 secs] [Times: user=0.00 sys=0.00, real=0.00 secs] 
2020-10-29T08:52:52.212+0000: [GC (Allocation Failure) 2020-10-29T08:52:52.212+0000: [ParNew: 16388K->4K(18432K), 0.0019319 secs] 419515K->403131K(608276K), 0.0019900 secs] [Times: user=0.01 sys=0.00, real=0.00 secs] 
2020-10-29T08:52:52.233+0000: [GC (Allocation Failure) 2020-10-29T08:52:52.233+0000: [ParNew: 16388K->4K(18432K), 0.0020489 secs] 419515K->403131K(608276K), 0.0020950 secs] [Times: user=0.01 sys=0.00, real=0.00 secs] 
2020-10-29T08:52:52.253+0000: [GC (Allocation Failure) 2020-10-29T08:52:52.253+0000: [ParNew: 16388K->4K(18432K), 0.0020296 secs] 419515K->403131K(608276K), 0.0020734 secs] [Times: user=0.00 sys=0.00, real=0.00 secs] 
2020-10-29T08:52:52.273+0000: [GC (Allocation Failure) 2020-10-29T08:52:52.273+0000: [ParNew: 16388K->4K(18432K), 0.0021027 secs] 419515K->403131K(608276K), 0.0021477 secs] [Times: user=0.00 sys=0.00, real=0.00 secs] 
2020-10-29T08:52:53.308+0000: [GC (Allocation Failure) 2020-10-29T08:52:53.308+0000: [ParNew: 16388K->48K(18432K), 0.0023440 secs] 419515K->403175K(608276K), 0.0023983 secs] [Times: user=0.00 sys=0.00, real=0.01 secs] 
2020-10-29T08:52:54.680+0000: [GC (Allocation Failure) 2020-10-29T08:52:54.680+0000: [ParNew: 16432K->336K(18432K), 0.0038566 secs] 419559K->403463K(608276K), 0.0039105 secs] [Times: user=0.01 sys=0.00, real=0.01 secs] 
2020-10-29T08:52:54.789+0000: [GC (Allocation Failure) 2020-10-29T08:52:54.789+0000: [ParNew: 16720K->870K(18432K), 0.0035936 secs] 419847K->403998K(608276K), 0.0036634 secs] [Times: user=0.00 sys=0.00, real=0.01 secs] 
2020-10-29T08:52:54.949+0000: [GC (Allocation Failure) 2020-10-29T08:52:54.949+0000: [ParNew: 17254K->955K(18432K), 0.0035959 secs] 420382K->404083K(608276K), 0.0036628 secs] [Times: user=0.01 sys=0.00, real=0.01 secs] 
2020-10-29T08:52:55.025+0000: [GC (Allocation Failure) 2020-10-29T08:52:55.025+0000: [ParNew: 17339K->1873K(18432K), 0.0038332 secs] 420467K->405000K(608276K), 0.0039007 secs] [Times: user=0.01 sys=0.00, real=0.00 secs] 
2020-10-29T08:52:55.088+0000: [GC (Allocation Failure) 2020-10-29T08:52:55.088+0000: [ParNew: 18257K->1058K(18432K), 0.0051923 secs] 421384K->404787K(608276K), 0.0052619 secs] [Times: user=0.01 sys=0.00, real=0.01 secs] 
2020-10-29T08:52:55.170+0000: [GC (Allocation Failure) 2020-10-29T08:52:55.170+0000: [ParNew: 17442K->956K(18432K), 0.0029523 secs] 421171K->404685K(608276K), 0.0030194 secs] [Times: user=0.01 sys=0.00, real=0.01 secs] 
2020-10-29T08:52:55.236+0000: [GC (Allocation Failure) 2020-10-29T08:52:55.236+0000: [ParNew: 17340K->1294K(18432K), 0.0033503 secs] 421069K->405024K(608276K), 0.0034178 secs] [Times: user=0.01 sys=0.00, real=0.00 secs] 
2020-10-29T08:52:55.311+0000: [GC (Allocation Failure) 2020-10-29T08:52:55.311+0000: [ParNew: 17678K->1296K(18432K), 0.0035652 secs] 421408K->405219K(608276K), 0.0036343 secs] [Times: user=0.01 sys=0.00, real=0.00 secs] 
2020-10-29T08:52:55.396+0000: [GC (Allocation Failure) 2020-10-29T08:52:55.396+0000: [ParNew: 17680K->631K(18432K), 0.0038979 secs] 421603K->405211K(608276K), 0.0039687 secs] [Times: user=0.01 sys=0.00, real=0.00 secs] 
2020-10-29T08:52:55.459+0000: [GC (Allocation Failure) 2020-10-29T08:52:55.459+0000: [ParNew: 17015K->669K(18432K), 0.0029647 secs] 421595K->405249K(608276K), 0.0030345 secs] [Times: user=0.00 sys=0.00, real=0.01 secs] 
2020-10-29T08:52:55.541+0000: [GC (Allocation Failure) 2020-10-29T08:52:55.541+0000: [ParNew: 17053K->729K(18432K), 0.0031399 secs] 421633K->405309K(608276K), 0.0031890 secs] [Times: user=0.00 sys=0.00, real=0.01 secs] 
2020-10-29T08:52:55.596+0000: [GC (Allocation Failure) 2020-10-29T08:52:55.596+0000: [ParNew: 17113K->685K(18432K), 0.0034619 secs] 421693K->405265K(608276K), 0.0035097 secs] [Times: user=0.00 sys=0.00, real=0.00 secs] 
2020-10-29T08:52:55.670+0000: [GC (Allocation Failure) 2020-10-29T08:52:55.671+0000: [ParNew: 17069K->749K(18432K), 0.0033380 secs] 421649K->405329K(608276K), 0.0033872 secs] [Times: user=0.00 sys=0.00, real=0.00 secs] 
2020-10-29T08:52:55.737+0000: [GC (Allocation Failure) 2020-10-29T08:52:55.737+0000: [ParNew: 17133K->774K(18432K), 0.0035483 secs] 421713K->405393K(608276K), 0.0035978 secs] [Times: user=0.00 sys=0.00, real=0.00 secs] 
2020-10-29T08:52:55.914+0000: [GC (Allocation Failure) 2020-10-29T08:52:55.914+0000: [ParNew: 17158K->1178K(18432K), 0.0047318 secs] 421777K->405890K(608276K), 0.0047823 secs] [Times: user=0.00 sys=0.00, real=0.00 secs] 
2020-10-29T08:52:55.976+0000: [GC (Allocation Failure) 2020-10-29T08:52:55.976+0000: [ParNew: 17562K->1676K(18432K), 0.0043861 secs] 422274K->406420K(608276K), 0.0044369 secs] [Times: user=0.01 sys=0.00, real=0.00 secs] 
2020-10-29T08:52:56.075+0000: [GC (Allocation Failure) 2020-10-29T08:52:56.075+0000: [ParNew: 18060K->1598K(18432K), 0.0048296 secs] 422804K->406526K(608276K), 0.0048809 secs] [Times: user=0.01 sys=0.00, real=0.00 secs] 
2020-10-29T08:52:56.164+0000: [GC (Allocation Failure) 2020-10-29T08:52:56.164+0000: [ParNew: 17982K->895K(18432K), 0.0073604 secs] 422910K->406376K(608276K), 0.0074167 secs] [Times: user=0.02 sys=0.00, real=0.01 secs] 
2020-10-29T08:52:56.387+0000: [GC (Allocation Failure) 2020-10-29T08:52:56.387+0000: [ParNew: 17279K->2048K(18432K), 0.0068090 secs] 422760K->408336K(608276K), 0.0068598 secs] [Times: user=0.02 sys=0.00, real=0.01 secs] 
2020-10-29T08:52:56.485+0000: [GC (Allocation Failure) 2020-10-29T08:52:56.485+0000: [ParNew: 18432K->1735K(18432K), 0.0077665 secs] 424720K->409997K(608276K), 0.0078187 secs] [Times: user=0.02 sys=0.00, real=0.01 secs] 
2020-10-29T08:52:56.708+0000: [GC (Allocation Failure) 2020-10-29T08:52:56.708+0000: [ParNew: 18119K->2048K(18432K), 0.0073344 secs] 426381K->410483K(608276K), 0.0073994 secs] [Times: user=0.01 sys=0.00, real=0.01 secs] 
2020-10-29T08:52:56.777+0000: [GC (Allocation Failure) 2020-10-29T08:52:56.778+0000: [ParNew: 18432K->1302K(18432K), 0.0060581 secs] 426867K->411417K(608276K), 0.0061096 secs] [Times: user=0.01 sys=0.00, real=0.01 secs] 
2020-10-29T08:52:56.835+0000: [GC (Allocation Failure) 2020-10-29T08:52:56.835+0000: [ParNew: 17686K->865K(18432K), 0.0033466 secs] 427801K->410980K(608276K), 0.0033964 secs] [Times: user=0.00 sys=0.00, real=0.00 secs] 
2020-10-29T08:52:56.896+0000: [GC (Allocation Failure) 2020-10-29T08:52:56.896+0000: [ParNew: 17249K->911K(18432K), 0.0025231 secs] 427364K->411027K(608276K), 0.0025752 secs] [Times: user=0.00 sys=0.00, real=0.00 secs] 
2020-10-29T08:52:56.933+0000: [GC (Allocation Failure) 2020-10-29T08:52:56.933+0000: [ParNew: 17295K->1319K(18432K), 0.0025243 secs] 427411K->411434K(608276K), 0.0025760 secs] [Times: user=0.00 sys=0.00, real=0.00 secs] 
2020-10-29T08:52:56.986+0000: [GC (Allocation Failure) 2020-10-29T08:52:56.986+0000: [ParNew: 17696K->17K(18432K), 0.0025327 secs] 427811K->410919K(608276K), 0.0026028 secs] [Times: user=0.00 sys=0.00, real=0.00 secs] 
2020-10-29T08:52:57.022+0000: [GC (Allocation Failure) 2020-10-29T08:52:57.022+0000: [ParNew: 16401K->516K(18432K), 0.0022928 secs] 427303K->411418K(608276K), 0.0023435 secs] [Times: user=0.00 sys=0.00, real=0.01 secs] 
2020-10-29T08:52:57.056+0000: [GC (Allocation Failure) 2020-10-29T08:52:57.056+0000: [ParNew: 16900K->516K(18432K), 0.0021668 secs] 427802K->411417K(608276K), 0.0022121 secs] [Times: user=0.00 sys=0.00, real=0.00 secs] 
2020-10-29T08:52:57.092+0000: [GC (Allocation Failure) 2020-10-29T08:52:57.092+0000: [ParNew: 16900K->1540K(18432K), 0.0025505 secs] 427801K->413465K(608276K), 0.0026015 secs] [Times: user=0.00 sys=0.00, real=0.00 secs] 
2020-10-29T08:52:57.121+0000: [GC (Allocation Failure) 2020-10-29T08:52:57.121+0000: [ParNew: 17924K->4K(18432K), 0.0022657 secs] 429849K->412441K(608276K), 0.0023107 secs] [Times: user=0.01 sys=0.00, real=0.01 secs] 
2020-10-29T08:52:57.146+0000: [GC (Allocation Failure) 2020-10-29T08:52:57.146+0000: [ParNew: 16388K->1028K(18432K), 0.0023301 secs] 428825K->413465K(608276K), 0.0023784 secs] [Times: user=0.01 sys=0.00, real=0.00 secs] 
2020-10-29T08:52:57.178+0000: [GC (Allocation Failure) 2020-10-29T08:52:57.178+0000: [ParNew: 17412K->4K(18432K), 0.0024036 secs] 429849K->413466K(608276K), 0.0024525 secs] [Times: user=0.00 sys=0.00, real=0.00 secs] 
2020-10-29T08:52:57.186+0000: [GC (CMS Initial Mark) [1 CMS-initial-mark: 413462K(589844K)] 415737K(608276K), 0.0029034 secs] [Times: user=0.00 sys=0.00, real=0.00 secs] 
2020-10-29T08:52:57.189+0000: [CMS-concurrent-mark-start]
2020-10-29T08:52:57.234+0000: [GC (Allocation Failure) 2020-10-29T08:52:57.234+0000: [ParNew: 16388K->4K(18432K), 0.0022437 secs] 429850K->413466K(608276K), 0.0022961 secs] [Times: user=0.00 sys=0.00, real=0.00 secs] 
2020-10-29T08:52:57.260+0000: [CMS-concurrent-mark: 0.069/0.071 secs] [Times: user=0.14 sys=0.00, real=0.07 secs] 
2020-10-29T08:52:57.261+0000: [CMS-concurrent-preclean-start]
2020-10-29T08:52:57.264+0000: [CMS-concurrent-preclean: 0.004/0.004 secs] [Times: user=0.01 sys=0.00, real=0.01 secs] 
2020-10-29T08:52:57.264+0000: [CMS-concurrent-abortable-preclean-start]
2020-10-29T08:52:57.274+0000: [GC (Allocation Failure) 2020-10-29T08:52:57.274+0000: [ParNew: 16384K->4K(18432K), 0.0022888 secs] 429846K->413466K(608276K), 0.0023498 secs] [Times: user=0.01 sys=0.00, real=0.00 secs] 
2020-10-29T08:52:57.302+0000: [GC (Allocation Failure) 2020-10-29T08:52:57.302+0000: [ParNew: 16388K->4K(18432K), 0.0022576 secs] 429850K->413466K(608276K), 0.0023109 secs] [Times: user=0.01 sys=0.00, real=0.00 secs] 
2020-10-29T08:52:57.324+0000: [GC (Allocation Failure) 2020-10-29T08:52:57.325+0000: [ParNew: 16388K->4K(18432K), 0.0020911 secs] 429850K->413466K(608276K), 0.0021392 secs] [Times: user=0.00 sys=0.00, real=0.00 secs] 
2020-10-29T08:52:57.349+0000: [GC (Allocation Failure) 2020-10-29T08:52:57.349+0000: [ParNew: 16388K->4K(18432K), 0.0021742 secs] 429850K->413466K(608276K), 0.0022237 secs] [Times: user=0.01 sys=0.00, real=0.01 secs] 
2020-10-29T08:52:57.369+0000: [GC (Allocation Failure) 2020-10-29T08:52:57.370+0000: [ParNew: 16388K->4K(18432K), 0.0022658 secs] 429850K->415514K(608276K), 0.0023192 secs] [Times: user=0.01 sys=0.00, real=0.01 secs] 
2020-10-29T08:52:57.394+0000: [GC (Allocation Failure) 2020-10-29T08:52:57.394+0000: [ParNew: 16388K->4K(18432K), 0.0020869 secs] 431898K->415514K(608276K), 0.0021364 secs] [Times: user=0.01 sys=0.00, real=0.00 secs] 
2020-10-29T08:52:57.422+0000: [GC (Allocation Failure) 2020-10-29T08:52:57.422+0000: [ParNew: 16388K->4K(18432K), 0.0020085 secs] 431898K->415514K(608276K), 0.0020545 secs] [Times: user=0.00 sys=0.00, real=0.00 secs] 
2020-10-29T08:52:57.448+0000: [GC (Allocation Failure) 2020-10-29T08:52:57.448+0000: [ParNew: 16388K->4K(18432K), 0.0025658 secs] 431898K->417562K(608276K), 0.0026157 secs] [Times: user=0.00 sys=0.00, real=0.01 secs] 
2020-10-29T08:52:57.480+0000: [GC (Allocation Failure) 2020-10-29T08:52:57.480+0000: [ParNew: 16388K->4K(18432K), 0.0021771 secs] 433946K->417562K(608276K), 0.0022260 secs] [Times: user=0.00 sys=0.00, real=0.01 secs] 
2020-10-29T08:52:57.509+0000: [GC (Allocation Failure) 2020-10-29T08:52:57.509+0000: [ParNew: 16388K->4K(18432K), 0.0027553 secs] 433946K->417562K(608276K), 0.0028200 secs] [Times: user=0.00 sys=0.00, real=0.01 secs] 
2020-10-29T08:52:57.551+0000: [GC (Allocation Failure) 2020-10-29T08:52:57.551+0000: [ParNew: 16388K->4K(18432K), 0.0074655 secs] 433946K->417562K(608276K), 0.0075175 secs] [Times: user=0.02 sys=0.00, real=0.00 secs] 
2020-10-29T08:52:57.598+0000: [GC (Allocation Failure) 2020-10-29T08:52:57.598+0000: [ParNew: 16388K->4K(18432K), 0.0048781 secs] 433946K->417562K(608276K), 0.0049316 secs] [Times: user=0.01 sys=0.00, real=0.01 secs] 
2020-10-29T08:52:57.643+0000: [GC (Allocation Failure) 2020-10-29T08:52:57.643+0000: [ParNew: 16388K->4K(18432K), 0.0058870 secs] 433946K->417562K(608276K), 0.0059398 secs] [Times: user=0.02 sys=0.00, real=0.00 secs] 
2020-10-29T08:52:57.704+0000: [GC (Allocation Failure) 2020-10-29T08:52:57.704+0000: [ParNew: 16388K->4K(18432K), 0.0022998 secs] 433946K->417562K(608276K), 0.0023675 secs] [Times: user=0.01 sys=0.00, real=0.00 secs] 
2020-10-29T08:52:57.745+0000: [GC (Allocation Failure) 2020-10-29T08:52:57.745+0000: [ParNew: 16388K->4K(18432K), 0.0021499 secs] 433946K->417562K(608276K), 0.0022150 secs] [Times: user=0.01 sys=0.00, real=0.00 secs] 
2020-10-29T08:52:57.786+0000: [GC (Allocation Failure) 2020-10-29T08:52:57.786+0000: [ParNew: 16388K->4K(18432K), 0.0022453 secs] 433946K->417562K(608276K), 0.0023144 secs] [Times: user=0.01 sys=0.00, real=0.00 secs] 
2020-10-29T08:52:57.835+0000: [GC (Allocation Failure) 2020-10-29T08:52:57.835+0000: [ParNew: 16388K->4K(18432K), 0.0046135 secs] 433946K->417562K(608276K), 0.0046730 secs] [Times: user=0.01 sys=0.00, real=0.00 secs] 
2020-10-29T08:52:57.879+0000: [GC (Allocation Failure) 2020-10-29T08:52:57.879+0000: [ParNew: 16388K->4K(18432K), 0.0022473 secs] 433946K->417562K(608276K), 0.0022998 secs] [Times: user=0.00 sys=0.00, real=0.00 secs] 
2020-10-29T08:52:57.911+0000: [GC (Allocation Failure) 2020-10-29T08:52:57.911+0000: [ParNew: 16388K->4K(18432K), 0.0022019 secs] 433946K->417562K(608276K), 0.0022525 secs] [Times: user=0.01 sys=0.00, real=0.00 secs] 
2020-10-29T08:52:57.934+0000: [GC (Allocation Failure) 2020-10-29T08:52:57.934+0000: [ParNew: 16388K->4K(18432K), 0.0022249 secs] 433946K->417562K(608276K), 0.0022754 secs] [Times: user=0.01 sys=0.00, real=0.00 secs] 
2020-10-29T08:52:57.955+0000: [GC (Allocation Failure) 2020-10-29T08:52:57.956+0000: [ParNew: 16388K->4K(18432K), 0.0020918 secs] 433946K->417562K(608276K), 0.0021393 secs] [Times: user=0.01 sys=0.00, real=0.00 secs] 
2020-10-29T08:52:57.975+0000: [GC (Allocation Failure) 2020-10-29T08:52:57.975+0000: [ParNew: 16388K->4K(18432K), 0.0019774 secs] 433946K->417562K(608276K), 0.0020221 secs] [Times: user=0.01 sys=0.00, real=0.00 secs] 
2020-10-29T08:52:57.994+0000: [GC (Allocation Failure) 2020-10-29T08:52:57.994+0000: [ParNew: 16388K->4K(18432K), 0.0042065 secs] 433946K->421658K(608276K), 0.0042524 secs] [Times: user=0.00 sys=0.00, real=0.00 secs] 
2020-10-29T08:52:58.016+0000: [GC (Allocation Failure) 2020-10-29T08:52:58.016+0000: [ParNew: 16388K->4K(18432K), 0.0022272 secs] 438042K->421658K(608276K), 0.0022763 secs] [Times: user=0.01 sys=0.00, real=0.00 secs] 
2020-10-29T08:52:58.035+0000: [GC (Allocation Failure) 2020-10-29T08:52:58.035+0000: [ParNew: 16388K->4K(18432K), 0.0019480 secs] 438042K->421658K(608276K), 0.0019927 secs] [Times: user=0.00 sys=0.00, real=0.00 secs] 
2020-10-29T08:52:58.054+0000: [GC (Allocation Failure) 2020-10-29T08:52:58.054+0000: [ParNew: 16388K->4K(18432K), 0.0041835 secs] 438042K->425754K(608276K), 0.0042293 secs] [Times: user=0.00 sys=0.00, real=0.00 secs] 
2020-10-29T08:52:58.078+0000: [GC (Allocation Failure) 2020-10-29T08:52:58.078+0000: [ParNew: 16388K->4K(18432K), 0.0021656 secs] 442138K->425754K(608276K), 0.0022159 secs] [Times: user=0.00 sys=0.00, real=0.00 secs] 
2020-10-29T08:52:58.102+0000: [GC (Allocation Failure) 2020-10-29T08:52:58.102+0000: [ParNew: 16388K->4K(18432K), 0.0021709 secs] 442138K->425754K(608276K), 0.0022204 secs] [Times: user=0.00 sys=0.00, real=0.00 secs] 
2020-10-29T08:52:58.122+0000: [GC (Allocation Failure) 2020-10-29T08:52:58.122+0000: [ParNew: 16388K->4K(18432K), 0.0019281 secs] 442138K->425755K(608276K), 0.0019745 secs] [Times: user=0.00 sys=0.00, real=0.01 secs] 
2020-10-29T08:52:58.141+0000: [GC (Allocation Failure) 2020-10-29T08:52:58.141+0000: [ParNew: 16388K->4K(18432K), 0.0020167 secs] 442139K->425755K(608276K), 0.0020690 secs] [Times: user=0.01 sys=0.00, real=0.01 secs] 
2020-10-29T08:52:58.170+0000: [GC (Allocation Failure) 2020-10-29T08:52:58.170+0000: [ParNew: 16388K->4K(18432K), 0.0022095 secs] 442139K->425755K(608276K), 0.0022603 secs] [Times: user=0.00 sys=0.00, real=0.00 secs] 
2020-10-29T08:52:58.190+0000: [GC (Allocation Failure) 2020-10-29T08:52:58.190+0000: [ParNew: 16388K->4K(18432K), 0.0020492 secs] 442139K->425755K(608276K), 0.0020981 secs] [Times: user=0.00 sys=0.00, real=0.00 secs] 
2020-10-29T08:52:58.210+0000: [GC (Allocation Failure) 2020-10-29T08:52:58.210+0000: [ParNew: 16388K->4K(18432K), 0.0019716 secs] 442139K->425755K(608276K), 0.0020162 secs] [Times: user=0.01 sys=0.00, real=0.01 secs] 
2020-10-29T08:52:58.230+0000: [GC (Allocation Failure) 2020-10-29T08:52:58.230+0000: [ParNew: 16388K->4K(18432K), 0.0020600 secs] 442139K->425755K(608276K), 0.0021063 secs] [Times: user=0.01 sys=0.00, real=0.01 secs] 
2020-10-29T08:52:58.249+0000: [GC (Allocation Failure) 2020-10-29T08:52:58.249+0000: [ParNew: 16388K->4K(18432K), 0.0019546 secs] 442139K->425755K(608276K), 0.0020151 secs] [Times: user=0.00 sys=0.00, real=0.01 secs] 
2020-10-29T08:52:58.268+0000: [GC (Allocation Failure) 2020-10-29T08:52:58.268+0000: [ParNew: 16388K->4K(18432K), 0.0019722 secs] 442139K->425755K(608276K), 0.0020181 secs] [Times: user=0.01 sys=0.00, real=0.01 secs] 
2020-10-29T08:52:58.290+0000: [GC (Allocation Failure) 2020-10-29T08:52:58.290+0000: [ParNew: 16388K->4K(18432K), 0.0019484 secs] 442139K->425755K(608276K), 0.0019938 secs] [Times: user=0.01 sys=0.00, real=0.01 secs] 
2020-10-29T08:52:58.310+0000: [GC (Allocation Failure) 2020-10-29T08:52:58.310+0000: [ParNew: 16388K->4K(18432K), 0.0018264 secs] 442139K->425755K(608276K), 0.0018791 secs] [Times: user=0.00 sys=0.00, real=0.00 secs] 
2020-10-29T08:52:58.329+0000: [GC (Allocation Failure) 2020-10-29T08:52:58.329+0000: [ParNew: 16388K->4K(18432K), 0.0017571 secs] 442139K->425755K(608276K), 0.0017974 secs] [Times: user=0.01 sys=0.00, real=0.01 secs] 
2020-10-29T08:52:58.358+0000: [GC (Allocation Failure) 2020-10-29T08:52:58.358+0000: [ParNew: 16388K->4K(18432K), 0.0019011 secs] 442139K->425755K(608276K), 0.0019458 secs] [Times: user=0.00 sys=0.00, real=0.00 secs] 
2020-10-29T08:52:58.382+0000: [GC (Allocation Failure) 2020-10-29T08:52:58.382+0000: [ParNew: 16388K->4K(18432K), 0.0019200 secs] 442139K->425755K(608276K), 0.0019652 secs] [Times: user=0.01 sys=0.01, real=0.00 secs] 
2020-10-29T08:52:58.402+0000: [GC (Allocation Failure) 2020-10-29T08:52:58.402+0000: [ParNew: 16388K->4K(18432K), 0.0019306 secs] 442139K->425755K(608276K), 0.0019756 secs] [Times: user=0.00 sys=0.00, real=0.00 secs] 
2020-10-29T08:52:58.421+0000: [GC (Allocation Failure) 2020-10-29T08:52:58.421+0000: [ParNew: 16388K->4K(18432K), 0.0018142 secs] 442139K->425755K(608276K), 0.0018564 secs] [Times: user=0.00 sys=0.00, real=0.01 secs] 
2020-10-29T08:52:58.442+0000: [GC (Allocation Failure) 2020-10-29T08:52:58.442+0000: [ParNew: 16388K->4K(18432K), 0.0017001 secs] 442139K->425755K(608276K), 0.0017399 secs] [Times: user=0.00 sys=0.00, real=0.00 secs] 
2020-10-29T08:52:58.462+0000: [GC (Allocation Failure) 2020-10-29T08:52:58.462+0000: [ParNew: 16388K->4K(18432K), 0.0017802 secs] 442139K->425755K(608276K), 0.0018238 secs] [Times: user=0.00 sys=0.00, real=0.00 secs] 
2020-10-29T08:52:58.481+0000: [GC (Allocation Failure) 2020-10-29T08:52:58.481+0000: [ParNew: 16388K->4K(18432K), 0.0020469 secs] 442139K->425755K(608276K), 0.0020944 secs] [Times: user=0.01 sys=0.00, real=0.01 secs] 
2020-10-29T08:52:58.502+0000: [GC (Allocation Failure) 2020-10-29T08:52:58.502+0000: [ParNew: 16388K->4K(18432K), 0.0018953 secs] 442139K->425755K(608276K), 0.0019385 secs] [Times: user=0.00 sys=0.00, real=0.00 secs] 
2020-10-29T08:52:58.521+0000: [GC (Allocation Failure) 2020-10-29T08:52:58.521+0000: [ParNew: 16388K->4K(18432K), 0.0020743 secs] 442139K->425755K(608276K), 0.0021227 secs] [Times: user=0.00 sys=0.00, real=0.01 secs] 
2020-10-29T08:52:58.541+0000: [GC (Allocation Failure) 2020-10-29T08:52:58.541+0000: [ParNew: 16388K->4K(18432K), 0.0020324 secs] 442139K->425755K(608276K), 0.0020796 secs] [Times: user=0.01 sys=0.00, real=0.01 secs] 
2020-10-29T08:52:58.562+0000: [GC (Allocation Failure) 2020-10-29T08:52:58.562+0000: [ParNew: 16388K->4K(18432K), 0.0019607 secs] 442139K->425755K(608276K), 0.0020079 secs] [Times: user=0.00 sys=0.00, real=0.00 secs] 
2020-10-29T08:52:58.590+0000: [GC (Allocation Failure) 2020-10-29T08:52:58.590+0000: [ParNew: 16388K->6K(18432K), 0.0042149 secs] 442139K->425757K(608276K), 0.0042655 secs] [Times: user=0.01 sys=0.00, real=0.00 secs] 
2020-10-29T08:52:58.631+0000: [GC (Allocation Failure) 2020-10-29T08:52:58.632+0000: [ParNew: 16390K->4K(18432K), 0.0045193 secs] 442141K->425755K(608276K), 0.0045870 secs] [Times: user=0.00 sys=0.00, real=0.00 secs] 
2020-10-29T08:52:58.668+0000: [GC (Allocation Failure) 2020-10-29T08:52:58.668+0000: [ParNew: 16388K->2K(18432K), 0.0044894 secs] 442139K->425753K(608276K), 0.0045553 secs] [Times: user=0.00 sys=0.00, real=0.01 secs] 
2020-10-29T08:52:58.705+0000: [GC (Allocation Failure) 2020-10-29T08:52:58.705+0000: [ParNew: 16386K->4K(18432K), 0.0045876 secs] 442137K->425755K(608276K), 0.0046544 secs] [Times: user=0.01 sys=0.00, real=0.00 secs] 
2020-10-29T08:52:58.741+0000: [GC (Allocation Failure) 2020-10-29T08:52:58.741+0000: [ParNew: 16388K->4K(18432K), 0.0026548 secs] 442139K->425755K(608276K), 0.0027156 secs] [Times: user=0.01 sys=0.00, real=0.01 secs] 
2020-10-29T08:52:58.766+0000: [GC (Allocation Failure) 2020-10-29T08:52:58.766+0000: [ParNew: 16388K->4K(18432K), 0.0021973 secs] 442139K->425755K(608276K), 0.0022477 secs] [Times: user=0.01 sys=0.00, real=0.00 secs] 
2020-10-29T08:52:58.786+0000: [GC (Allocation Failure) 2020-10-29T08:52:58.786+0000: [ParNew: 16388K->4K(18432K), 0.0020693 secs] 442139K->425755K(608276K), 0.0021161 secs] [Times: user=0.00 sys=0.00, real=0.00 secs] 
2020-10-29T08:52:58.805+0000: [GC (Allocation Failure) 2020-10-29T08:52:58.805+0000: [ParNew: 16388K->4K(18432K), 0.0022070 secs] 442139K->425755K(608276K), 0.0022557 secs] [Times: user=0.00 sys=0.00, real=0.00 secs] 
2020-10-29T08:52:58.825+0000: [GC (Allocation Failure) 2020-10-29T08:52:58.825+0000: [ParNew: 16388K->4K(18432K), 0.0019005 secs] 442139K->425755K(608276K), 0.0019434 secs] [Times: user=0.01 sys=0.00, real=0.00 secs] 
2020-10-29T08:52:58.846+0000: [GC (Allocation Failure) 2020-10-29T08:52:58.846+0000: [ParNew: 16388K->4K(18432K), 0.0018121 secs] 442139K->425755K(608276K), 0.0018540 secs] [Times: user=0.01 sys=0.00, real=0.00 secs] 
2020-10-29T08:52:58.865+0000: [GC (Allocation Failure) 2020-10-29T08:52:58.865+0000: [ParNew: 16388K->4K(18432K), 0.0020075 secs] 442139K->425755K(608276K), 0.0020532 secs] [Times: user=0.00 sys=0.00, real=0.00 secs] 
2020-10-29T08:52:58.890+0000: [GC (Allocation Failure) 2020-10-29T08:52:58.890+0000: [ParNew: 16388K->4K(18432K), 0.0022112 secs] 442139K->425756K(608276K), 0.0022805 secs] [Times: user=0.00 sys=0.00, real=0.00 secs] 
2020-10-29T08:52:58.925+0000: [GC (Allocation Failure) 2020-10-29T08:52:58.925+0000: [ParNew: 16388K->4K(18432K), 0.0021425 secs] 442140K->425756K(608276K), 0.0022114 secs] [Times: user=0.01 sys=0.00, real=0.00 secs] 
2020-10-29T08:52:58.953+0000: [GC (Allocation Failure) 2020-10-29T08:52:58.953+0000: [ParNew: 16388K->4K(18432K), 0.0022745 secs] 442140K->425756K(608276K), 0.0023319 secs] [Times: user=0.00 sys=0.00, real=0.00 secs] 
2020-10-29T08:52:58.974+0000: [GC (Allocation Failure) 2020-10-29T08:52:58.974+0000: [ParNew: 16388K->4K(18432K), 0.0022060 secs] 442140K->425756K(608276K), 0.0022559 secs] [Times: user=0.00 sys=0.00, real=0.00 secs] 
2020-10-29T08:52:58.993+0000: [GC (Allocation Failure) 2020-10-29T08:52:58.993+0000: [ParNew: 16388K->4K(18432K), 0.0019716 secs] 442140K->425756K(608276K), 0.0020179 secs] [Times: user=0.00 sys=0.00, real=0.00 secs] 
2020-10-29T08:52:59.012+0000: [GC (Allocation Failure) 2020-10-29T08:52:59.012+0000: [ParNew: 16388K->4K(18432K), 0.0022089 secs] 442140K->425756K(608276K), 0.0022607 secs] [Times: user=0.01 sys=0.00, real=0.00 secs] 
2020-10-29T08:52:59.032+0000: [GC (Allocation Failure) 2020-10-29T08:52:59.032+0000: [ParNew: 16388K->4K(18432K), 0.0018339 secs] 442140K->425756K(608276K), 0.0018774 secs] [Times: user=0.00 sys=0.00, real=0.00 secs] 
2020-10-29T08:52:59.051+0000: [GC (Allocation Failure) 2020-10-29T08:52:59.051+0000: [ParNew: 16388K->4K(18432K), 0.0018666 secs] 442140K->425756K(608276K), 0.0019150 secs] [Times: user=0.01 sys=0.00, real=0.00 secs] 
2020-10-29T08:52:59.074+0000: [GC (Allocation Failure) 2020-10-29T08:52:59.074+0000: [ParNew: 16388K->4K(18432K), 0.0018390 secs] 442140K->425756K(608276K), 0.0018818 secs] [Times: user=0.01 sys=0.00, real=0.00 secs] 
2020-10-29T08:52:59.098+0000: [GC (Allocation Failure) 2020-10-29T08:52:59.098+0000: [ParNew: 16388K->4K(18432K), 0.0020621 secs] 442140K->425756K(608276K), 0.0021112 secs] [Times: user=0.00 sys=0.00, real=0.00 secs] 
2020-10-29T08:52:59.118+0000: [GC (Allocation Failure) 2020-10-29T08:52:59.118+0000: [ParNew: 16388K->20K(18432K), 0.0018199 secs] 442140K->425772K(608276K), 0.0018621 secs] [Times: user=0.00 sys=0.00, real=0.00 secs] 
2020-10-29T08:52:59.137+0000: [GC (Allocation Failure) 2020-10-29T08:52:59.137+0000: [ParNew: 16404K->4K(18432K), 0.0019511 secs] 442156K->425756K(608276K), 0.0019968 secs] [Times: user=0.01 sys=0.00, real=0.00 secs] 
2020-10-29T08:52:59.156+0000: [GC (Allocation Failure) 2020-10-29T08:52:59.156+0000: [ParNew: 16388K->4K(18432K), 0.0018336 secs] 442140K->425756K(608276K), 0.0018753 secs] [Times: user=0.00 sys=0.00, real=0.00 secs] 
2020-10-29T08:52:59.176+0000: [GC (Allocation Failure) 2020-10-29T08:52:59.176+0000: [ParNew: 16388K->4K(18432K), 0.0019016 secs] 442140K->425756K(608276K), 0.0019623 secs] [Times: user=0.00 sys=0.00, real=0.00 secs] 
2020-10-29T08:52:59.198+0000: [GC (Allocation Failure) 2020-10-29T08:52:59.198+0000: [ParNew: 16388K->4K(18432K), 0.0019825 secs] 442140K->425756K(608276K), 0.0020410 secs] [Times: user=0.00 sys=0.00, real=0.00 secs] 
2020-10-29T08:52:59.218+0000: [GC (Allocation Failure) 2020-10-29T08:52:59.218+0000: [ParNew: 16388K->4K(18432K), 0.0022163 secs] 442140K->425756K(608276K), 0.0022610 secs] [Times: user=0.01 sys=0.00, real=0.00 secs] 
2020-10-29T08:52:59.242+0000: [GC (Allocation Failure) 2020-10-29T08:52:59.242+0000: [ParNew: 16388K->4K(18432K), 0.0017900 secs] 442140K->425756K(608276K), 0.0018328 secs] [Times: user=0.00 sys=0.00, real=0.01 secs] 
2020-10-29T08:52:59.260+0000: [GC (Allocation Failure) 2020-10-29T08:52:59.260+0000: [ParNew: 16388K->4K(18432K), 0.0020272 secs] 442140K->425756K(608276K), 0.0020754 secs] [Times: user=0.01 sys=0.00, real=0.01 secs] 
2020-10-29T08:52:59.280+0000: [GC (Allocation Failure) 2020-10-29T08:52:59.280+0000: [ParNew: 16388K->4K(18432K), 0.0019381 secs] 442140K->425756K(608276K), 0.0020042 secs] [Times: user=0.00 sys=0.00, real=0.00 secs] 
2020-10-29T08:52:59.299+0000: [GC (Allocation Failure) 2020-10-29T08:52:59.299+0000: [ParNew: 16388K->4K(18432K), 0.0017726 secs] 442140K->425756K(608276K), 0.0018132 secs] [Times: user=0.01 sys=0.00, real=0.00 secs] 
2020-10-29T08:52:59.322+0000: [GC (Allocation Failure) 2020-10-29T08:52:59.322+0000: [ParNew: 16388K->4K(18432K), 0.0021337 secs] 442140K->425756K(608276K), 0.0021852 secs] [Times: user=0.01 sys=0.00, real=0.00 secs] 
2020-10-29T08:52:59.341+0000: [GC (Allocation Failure) 2020-10-29T08:52:59.341+0000: [ParNew: 16388K->4K(18432K), 0.0018109 secs] 442140K->425756K(608276K), 0.0018527 secs] [Times: user=0.00 sys=0.00, real=0.01 secs] 
2020-10-29T08:52:59.362+0000: [GC (Allocation Failure) 2020-10-29T08:52:59.362+0000: [ParNew: 16388K->4K(18432K), 0.0020013 secs] 442140K->425756K(608276K), 0.0020475 secs] [Times: user=0.01 sys=0.01, real=0.00 secs] 
2020-10-29T08:52:59.382+0000: [GC (Allocation Failure) 2020-10-29T08:52:59.382+0000: [ParNew: 16388K->4K(18432K), 0.0019342 secs] 442140K->425756K(608276K), 0.0019796 secs] [Times: user=0.00 sys=0.00, real=0.00 secs] 
2020-10-29T08:52:59.402+0000: [GC (Allocation Failure) 2020-10-29T08:52:59.402+0000: [ParNew: 16388K->4K(18432K), 0.0018173 secs] 442140K->425756K(608276K), 0.0018590 secs] [Times: user=0.00 sys=0.00, real=0.00 secs] 
2020-10-29T08:52:59.422+0000: [GC (Allocation Failure) 2020-10-29T08:52:59.422+0000: [ParNew: 16388K->4K(18432K), 0.0019089 secs] 442140K->425756K(608276K), 0.0019548 secs] [Times: user=0.01 sys=0.00, real=0.00 secs] 
2020-10-29T08:52:59.441+0000: [GC (Allocation Failure) 2020-10-29T08:52:59.441+0000: [ParNew: 16388K->4K(18432K), 0.0019593 secs] 442140K->425756K(608276K), 0.0020056 secs] [Times: user=0.00 sys=0.00, real=0.01 secs] 
2020-10-29T08:52:59.460+0000: [GC (Allocation Failure) 2020-10-29T08:52:59.460+0000: [ParNew: 16388K->4K(18432K), 0.0020097 secs] 442140K->425756K(608276K), 0.0020553 secs] [Times: user=0.00 sys=0.00, real=0.00 secs] 
2020-10-29T08:52:59.482+0000: [GC (Allocation Failure) 2020-10-29T08:52:59.482+0000: [ParNew: 16388K->4K(18432K), 0.0019780 secs] 442140K->425756K(608276K), 0.0020242 secs] [Times: user=0.00 sys=0.00, real=0.00 secs] 
2020-10-29T08:52:59.501+0000: [GC (Allocation Failure) 2020-10-29T08:52:59.501+0000: [ParNew: 16388K->4K(18432K), 0.0021469 secs] 442140K->425756K(608276K), 0.0021965 secs] [Times: user=0.00 sys=0.00, real=0.01 secs] 
2020-10-29T08:52:59.522+0000: [GC (Allocation Failure) 2020-10-29T08:52:59.522+0000: [ParNew: 16388K->4K(18432K), 0.0022317 secs] 442140K->425756K(608276K), 0.0022832 secs] [Times: user=0.00 sys=0.00, real=0.00 secs] 
2020-10-29T08:52:59.541+0000: [GC (Allocation Failure) 2020-10-29T08:52:59.541+0000: [ParNew: 16388K->4K(18432K), 0.0018727 secs] 442140K->425756K(608276K), 0.0019163 secs] [Times: user=0.01 sys=0.00, real=0.01 secs] 
2020-10-29T08:52:59.560+0000: [GC (Allocation Failure) 2020-10-29T08:52:59.560+0000: [ParNew: 16388K->4K(18432K), 0.0018650 secs] 442140K->425756K(608276K), 0.0019087 secs] [Times: user=0.00 sys=0.00, real=0.00 secs] 
2020-10-29T08:52:59.579+0000: [GC (Allocation Failure) 2020-10-29T08:52:59.579+0000: [ParNew: 16388K->4K(18432K), 0.0021958 secs] 442140K->425756K(608276K), 0.0022467 secs] [Times: user=0.01 sys=0.00, real=0.00 secs] 
2020-10-29T08:52:59.598+0000: [GC (Allocation Failure) 2020-10-29T08:52:59.598+0000: [ParNew: 16388K->4K(18432K), 0.0020969 secs] 442140K->425756K(608276K), 0.0021508 secs] [Times: user=0.00 sys=0.00, real=0.00 secs] 
2020-10-29T08:52:59.617+0000: [GC (Allocation Failure) 2020-10-29T08:52:59.617+0000: [ParNew: 16388K->4K(18432K), 0.0021383 secs] 442140K->425756K(608276K), 0.0021873 secs] [Times: user=0.00 sys=0.00, real=0.00 secs] 
2020-10-29T08:52:59.638+0000: [GC (Allocation Failure) 2020-10-29T08:52:59.638+0000: [ParNew: 16388K->4K(18432K), 0.0017948 secs] 442140K->425756K(608276K), 0.0018369 secs] [Times: user=0.00 sys=0.00, real=0.00 secs] 
2020-10-29T08:52:59.657+0000: [GC (Allocation Failure) 2020-10-29T08:52:59.657+0000: [ParNew: 16388K->4K(18432K), 0.0019408 secs] 442140K->425756K(608276K), 0.0019861 secs] [Times: user=0.01 sys=0.00, real=0.00 secs] 
2020-10-29T08:52:59.678+0000: [GC (Allocation Failure) 2020-10-29T08:52:59.678+0000: [ParNew: 16388K->4K(18432K), 0.0020875 secs] 442140K->425756K(608276K), 0.0021354 secs] [Times: user=0.01 sys=0.00, real=0.00 secs] 
2020-10-29T08:52:59.697+0000: [GC (Allocation Failure) 2020-10-29T08:52:59.698+0000: [ParNew: 16388K->4K(18432K), 0.0020644 secs] 442140K->425756K(608276K), 0.0021383 secs] [Times: user=0.00 sys=0.00, real=0.00 secs] 
2020-10-29T08:52:59.717+0000: [GC (Allocation Failure) 2020-10-29T08:52:59.717+0000: [ParNew: 16388K->4K(18432K), 0.0020473 secs] 442140K->425756K(608276K), 0.0020939 secs] [Times: user=0.00 sys=0.00, real=0.00 secs] 
2020-10-29T08:52:59.738+0000: [GC (Allocation Failure) 2020-10-29T08:52:59.738+0000: [ParNew: 16388K->4K(18432K), 0.0018861 secs] 442140K->425756K(608276K), 0.0019303 secs] [Times: user=0.01 sys=0.00, real=0.00 secs] 
2020-10-29T08:52:59.757+0000: [GC (Allocation Failure) 2020-10-29T08:52:59.757+0000: [ParNew: 16388K->4K(18432K), 0.0017905 secs] 442140K->425756K(608276K), 0.0018323 secs] [Times: user=0.00 sys=0.00, real=0.00 secs] 
2020-10-29T08:52:59.778+0000: [GC (Allocation Failure) 2020-10-29T08:52:59.778+0000: [ParNew: 16388K->4K(18432K), 0.0018269 secs] 442140K->425756K(608276K), 0.0018682 secs] [Times: user=0.01 sys=0.00, real=0.00 secs] 
2020-10-29T08:52:59.797+0000: [GC (Allocation Failure) 2020-10-29T08:52:59.797+0000: [ParNew: 16388K->4K(18432K), 0.0020506 secs] 442140K->425756K(608276K), 0.0020977 secs] [Times: user=0.00 sys=0.00, real=0.00 secs] 
2020-10-29T08:52:59.817+0000: [GC (Allocation Failure) 2020-10-29T08:52:59.817+0000: [ParNew: 16388K->4K(18432K), 0.0020318 secs] 442140K->425756K(608276K), 0.0020787 secs] [Times: user=0.01 sys=0.00, real=0.00 secs] 
2020-10-29T08:52:59.842+0000: [GC (Allocation Failure) 2020-10-29T08:52:59.842+0000: [ParNew: 16388K->4K(18432K), 0.0020252 secs] 442140K->425756K(608276K), 0.0020679 secs] [Times: user=0.00 sys=0.00, real=0.00 secs] 
2020-10-29T08:52:59.866+0000: [GC (Allocation Failure) 2020-10-29T08:52:59.866+0000: [ParNew: 16388K->4K(18432K), 0.0019234 secs] 442140K->425756K(608276K), 0.0019674 secs] [Times: user=0.00 sys=0.00, real=0.00 secs] 
2020-10-29T08:52:59.886+0000: [GC (Allocation Failure) 2020-10-29T08:52:59.886+0000: [ParNew: 16388K->4K(18432K), 0.0017239 secs] 442140K->425756K(608276K), 0.0017647 secs] [Times: user=0.00 sys=0.00, real=0.00 secs] 
2020-10-29T08:52:59.914+0000: [GC (Allocation Failure) 2020-10-29T08:52:59.914+0000: [ParNew: 16388K->4K(18432K), 0.0020808 secs] 442140K->425756K(608276K), 0.0021294 secs] [Times: user=0.00 sys=0.00, real=0.00 secs] 
2020-10-29T08:52:59.938+0000: [GC (Allocation Failure) 2020-10-29T08:52:59.938+0000: [ParNew: 16388K->4K(18432K), 0.0020261 secs] 442140K->425756K(608276K), 0.0020899 secs] [Times: user=0.00 sys=0.00, real=0.00 secs] 
2020-10-29T08:52:59.973+0000: [GC (Allocation Failure) 2020-10-29T08:52:59.973+0000: [ParNew: 16388K->4K(18432K), 0.0022015 secs] 442140K->425756K(608276K), 0.0022766 secs] [Times: user=0.00 sys=0.00, real=0.00 secs] 
2020-10-29T08:53:00.012+0000: [GC (Allocation Failure) 2020-10-29T08:53:00.012+0000: [ParNew: 16388K->2K(18432K), 0.0048174 secs] 442140K->425754K(608276K), 0.0048858 secs] [Times: user=0.01 sys=0.00, real=0.00 secs] 
2020-10-29T08:53:00.050+0000: [GC (Allocation Failure) 2020-10-29T08:53:00.050+0000: [ParNew: 16386K->2K(18432K), 0.0046399 secs] 442138K->425754K(608276K), 0.0047088 secs] [Times: user=0.01 sys=0.00, real=0.00 secs] 
2020-10-29T08:53:00.078+0000: [GC (Allocation Failure) 2020-10-29T08:53:00.078+0000: [ParNew: 16386K->2K(18432K), 0.0043870 secs] 442138K->425754K(608276K), 0.0044509 secs] [Times: user=0.01 sys=0.00, real=0.01 secs] 
2020-10-29T08:53:00.106+0000: [GC (Allocation Failure) 2020-10-29T08:53:00.106+0000: [ParNew: 16386K->4K(18432K), 0.0021359 secs] 442138K->425756K(608276K), 0.0021851 secs] [Times: user=0.00 sys=0.00, real=0.00 secs] 
2020-10-29T08:53:00.125+0000: [GC (Allocation Failure) 2020-10-29T08:53:00.125+0000: [ParNew: 16388K->4K(18432K), 0.0018812 secs] 442140K->425756K(608276K), 0.0019293 secs] [Times: user=0.00 sys=0.00, real=0.00 secs] 
2020-10-29T08:53:00.146+0000: [GC (Allocation Failure) 2020-10-29T08:53:00.146+0000: [ParNew: 16388K->4K(18432K), 0.0020247 secs] 442140K->425756K(608276K), 0.0020709 secs] [Times: user=0.00 sys=0.00, real=0.00 secs] 
2020-10-29T08:53:00.166+0000: [GC (Allocation Failure) 2020-10-29T08:53:00.166+0000: [ParNew: 16388K->4K(18432K), 0.0021534 secs] 442140K->425756K(608276K), 0.0022031 secs] [Times: user=0.00 sys=0.00, real=0.00 secs] 
2020-10-29T08:53:00.186+0000: [GC (Allocation Failure) 2020-10-29T08:53:00.186+0000: [ParNew: 16374K->4K(18432K), 0.0018556 secs] 442127K->425756K(608276K), 0.0018980 secs] [Times: user=0.01 sys=0.00, real=0.00 secs] 
2020-10-29T08:53:00.206+0000: [GC (Allocation Failure) 2020-10-29T08:53:00.206+0000: [ParNew: 16388K->4K(18432K), 0.0019505 secs] 442140K->425756K(608276K), 0.0019949 secs] [Times: user=0.00 sys=0.00, real=0.00 secs] 
2020-10-29T08:53:00.226+0000: [GC (Allocation Failure) 2020-10-29T08:53:00.226+0000: [ParNew: 16388K->4K(18432K), 0.0020320 secs] 442140K->425756K(608276K), 0.0020787 secs] [Times: user=0.00 sys=0.00, real=0.00 secs] 
2020-10-29T08:53:00.245+0000: [GC (Allocation Failure) 2020-10-29T08:53:00.245+0000: [ParNew: 16388K->4K(18432K), 0.0019550 secs] 442140K->425756K(608276K), 0.0019995 secs] [Times: user=0.01 sys=0.00, real=0.00 secs] 
2020-10-29T08:53:00.278+0000: [GC (Allocation Failure) 2020-10-29T08:53:00.278+0000: [ParNew: 16388K->4K(18432K), 0.0022876 secs] 458524K->442140K(608276K), 0.0023395 secs] [Times: user=0.00 sys=0.00, real=0.00 secs] 
2020-10-29T08:53:00.298+0000: [GC (Allocation Failure) 2020-10-29T08:53:00.298+0000: [ParNew: 16388K->4K(18432K), 0.0020248 secs] 458524K->442140K(608276K), 0.0020748 secs] [Times: user=0.01 sys=0.00, real=0.00 secs] 
2020-10-29T08:53:00.317+0000: [GC (Allocation Failure) 2020-10-29T08:53:00.317+0000: [ParNew: 16388K->4K(18432K), 0.0021289 secs] 458524K->442140K(608276K), 0.0021762 secs] [Times: user=0.00 sys=0.00, real=0.00 secs] 
2020-10-29T08:53:00.338+0000: [GC (Allocation Failure) 2020-10-29T08:53:00.338+0000: [ParNew: 16388K->4K(18432K), 0.0021692 secs] 458524K->442140K(608276K), 0.0022203 secs] [Times: user=0.00 sys=0.00, real=0.00 secs] 
2020-10-29T08:53:00.358+0000: [GC (Allocation Failure) 2020-10-29T08:53:00.358+0000: [ParNew: 16388K->4K(18432K), 0.0022735 secs] 458524K->442140K(608276K), 0.0023259 secs] [Times: user=0.01 sys=0.00, real=0.00 secs] 
2020-10-29T08:53:00.378+0000: [GC (Allocation Failure) 2020-10-29T08:53:00.378+0000: [ParNew: 16388K->4K(18432K), 0.0022118 secs] 458524K->442140K(608276K), 0.0022629 secs] [Times: user=0.00 sys=0.00, real=0.00 secs] 
2020-10-29T08:53:00.397+0000: [GC (Allocation Failure) 2020-10-29T08:53:00.397+0000: [ParNew: 16388K->4K(18432K), 0.0020928 secs] 458524K->442141K(608276K), 0.0021423 secs] [Times: user=0.01 sys=0.00, real=0.00 secs] 
2020-10-29T08:53:00.418+0000: [GC (Allocation Failure) 2020-10-29T08:53:00.418+0000: [ParNew: 16388K->4K(18432K), 0.0021864 secs] 458525K->442141K(608276K), 0.0022371 secs] [Times: user=0.01 sys=0.00, real=0.00 secs] 
2020-10-29T08:53:00.438+0000: [GC (Allocation Failure) 2020-10-29T08:53:00.438+0000: [ParNew: 16388K->4K(18432K), 0.0022156 secs] 458525K->442141K(608276K), 0.0022664 secs] [Times: user=0.00 sys=0.00, real=0.00 secs] 
2020-10-29T08:53:00.457+0000: [GC (Allocation Failure) 2020-10-29T08:53:00.457+0000: [ParNew: 16388K->4K(18432K), 0.0021606 secs] 458525K->442141K(608276K), 0.0022097 secs] [Times: user=0.01 sys=0.00, real=0.00 secs] 
2020-10-29T08:53:00.477+0000: [GC (Allocation Failure) 2020-10-29T08:53:00.477+0000: [ParNew: 16388K->4K(18432K), 0.0022567 secs] 458525K->442141K(608276K), 0.0023089 secs] [Times: user=0.00 sys=0.00, real=0.00 secs] 
2020-10-29T08:53:00.510+0000: [GC (Allocation Failure) 2020-10-29T08:53:00.510+0000: [ParNew: 16388K->4K(18432K), 0.0022710 secs] 474909K->458525K(608276K), 0.0023415 secs] [Times: user=0.01 sys=0.00, real=0.01 secs] 
2020-10-29T08:53:00.538+0000: [GC (Allocation Failure) 2020-10-29T08:53:00.538+0000: [ParNew: 16388K->4K(18432K), 0.0022192 secs] 474909K->458525K(608276K), 0.0022716 secs] [Times: user=0.00 sys=0.00, real=0.00 secs] 
2020-10-29T08:53:00.562+0000: [GC (Allocation Failure) 2020-10-29T08:53:00.562+0000: [ParNew: 16388K->4K(18432K), 0.0021350 secs] 474909K->458525K(608276K), 0.0022005 secs] [Times: user=0.01 sys=0.00, real=0.00 secs] 
2020-10-29T08:53:00.582+0000: [GC (Allocation Failure) 2020-10-29T08:53:00.582+0000: [ParNew: 16388K->4K(18432K), 0.0021912 secs] 474909K->458525K(608276K), 0.0022516 secs] [Times: user=0.01 sys=0.00, real=0.00 secs] 
2020-10-29T08:53:00.602+0000: [GC (Allocation Failure) 2020-10-29T08:53:00.602+0000: [ParNew: 16388K->4K(18432K), 0.0020722 secs] 474909K->458525K(608276K), 0.0021197 secs] [Times: user=0.00 sys=0.00, real=0.00 secs] 
2020-10-29T08:53:00.621+0000: [GC (Allocation Failure) 2020-10-29T08:53:00.621+0000: [ParNew: 16388K->4K(18432K), 0.0021281 secs] 474909K->458525K(608276K), 0.0021761 secs] [Times: user=0.00 sys=0.00, real=0.01 secs] 
2020-10-29T08:53:00.642+0000: [GC (Allocation Failure) 2020-10-29T08:53:00.642+0000: [ParNew: 16388K->4K(18432K), 0.0018971 secs] 474909K->458525K(608276K), 0.0019417 secs] [Times: user=0.00 sys=0.00, real=0.00 secs] 
2020-10-29T08:53:00.661+0000: [GC (Allocation Failure) 2020-10-29T08:53:00.661+0000: [ParNew: 16388K->4K(18432K), 0.0020623 secs] 474909K->458525K(608276K), 0.0021096 secs] [Times: user=0.01 sys=0.00, real=0.01 secs] 
2020-10-29T08:53:00.681+0000: [GC (Allocation Failure) 2020-10-29T08:53:00.681+0000: [ParNew: 16388K->4K(18432K), 0.0020526 secs] 474909K->458525K(608276K), 0.0021006 secs] [Times: user=0.00 sys=0.00, real=0.01 secs] 
2020-10-29T08:53:00.702+0000: [GC (Allocation Failure) 2020-10-29T08:53:00.702+0000: [ParNew: 16388K->4K(18432K), 0.0019689 secs] 474909K->458525K(608276K), 0.0020151 secs] [Times: user=0.00 sys=0.00, real=0.00 secs] 
2020-10-29T08:53:00.721+0000: [GC (Allocation Failure) 2020-10-29T08:53:00.721+0000: [ParNew: 16388K->4K(18432K), 0.0020552 secs] 474909K->458525K(608276K), 0.0021024 secs] [Times: user=0.01 sys=0.00, real=0.01 secs] 
2020-10-29T08:53:00.740+0000: [GC (Allocation Failure) 2020-10-29T08:53:00.740+0000: [ParNew: 16388K->4K(18432K), 0.0021500 secs] 474909K->458525K(608276K), 0.0022004 secs] [Times: user=0.01 sys=0.00, real=0.01 secs] 
2020-10-29T08:53:00.760+0000: [GC (Allocation Failure) 2020-10-29T08:53:00.760+0000: [ParNew: 16388K->4K(18432K), 0.0019899 secs] 474909K->458525K(608276K), 0.0020364 secs] [Times: user=0.00 sys=0.00, real=0.00 secs] 
2020-10-29T08:53:00.779+0000: [GC (Allocation Failure) 2020-10-29T08:53:00.779+0000: [ParNew: 16388K->4K(18432K), 0.0019691 secs] 474909K->458525K(608276K), 0.0020294 secs] [Times: user=0.01 sys=0.00, real=0.00 secs] 
2020-10-29T08:53:00.798+0000: [GC (Allocation Failure) 2020-10-29T08:53:00.798+0000: [ParNew: 16388K->4K(18432K), 0.0020557 secs] 474909K->458525K(608276K), 0.0021029 secs] [Times: user=0.00 sys=0.00, real=0.00 secs] 
2020-10-29T08:53:00.817+0000: [GC (Allocation Failure) 2020-10-29T08:53:00.817+0000: [ParNew: 16388K->4K(18432K), 0.0021665 secs] 474909K->458525K(608276K), 0.0022161 secs] [Times: user=0.00 sys=0.00, real=0.00 secs] 
2020-10-29T08:53:00.838+0000: [GC (Allocation Failure) 2020-10-29T08:53:00.838+0000: [ParNew: 16388K->4K(18432K), 0.0022603 secs] 474909K->458525K(608276K), 0.0023119 secs] [Times: user=0.01 sys=0.00, real=0.00 secs] 
2020-10-29T08:53:00.858+0000: [GC (Allocation Failure) 2020-10-29T08:53:00.858+0000: [ParNew: 16388K->4K(18432K), 0.0018899 secs] 474909K->458525K(608276K), 0.0019362 secs] [Times: user=0.01 sys=0.00, real=0.00 secs] 
2020-10-29T08:53:00.877+0000: [GC (Allocation Failure) 2020-10-29T08:53:00.877+0000: [ParNew: 16388K->4K(18432K), 0.0020558 secs] 474909K->458525K(608276K), 0.0021048 secs] [Times: user=0.00 sys=0.00, real=0.00 secs] 
2020-10-29T08:53:00.896+0000: [GC (Allocation Failure) 2020-10-29T08:53:00.896+0000: [ParNew: 16388K->4K(18432K), 0.0021321 secs] 474909K->458525K(608276K), 0.0021810 secs] [Times: user=0.01 sys=0.00, real=0.00 secs] 
2020-10-29T08:53:00.918+0000: [GC (Allocation Failure) 2020-10-29T08:53:00.918+0000: [ParNew: 16388K->4K(18432K), 0.0020737 secs] 474909K->458525K(608276K), 0.0021226 secs] [Times: user=0.01 sys=0.00, real=0.00 secs] 
2020-10-29T08:53:00.938+0000: [GC (Allocation Failure) 2020-10-29T08:53:00.938+0000: [ParNew: 16388K->4K(18432K), 0.0019941 secs] 474909K->458525K(608276K), 0.0020395 secs] [Times: user=0.00 sys=0.00, real=0.00 secs] 
2020-10-29T08:53:00.957+0000: [GC (Allocation Failure) 2020-10-29T08:53:00.957+0000: [ParNew: 16388K->4K(18432K), 0.0020661 secs] 474909K->458525K(608276K), 0.0021147 secs] [Times: user=0.00 sys=0.00, real=0.00 secs] 
2020-10-29T08:53:00.976+0000: [GC (Allocation Failure) 2020-10-29T08:53:00.976+0000: [ParNew: 16388K->4K(18432K), 0.0018577 secs] 474909K->458525K(608276K), 0.0019015 secs] [Times: user=0.01 sys=0.00, real=0.00 secs] 
2020-10-29T08:53:00.995+0000: [GC (Allocation Failure) 2020-10-29T08:53:00.995+0000: [ParNew: 16388K->4K(18432K), 0.0020854 secs] 474909K->458525K(608276K), 0.0021361 secs] [Times: user=0.00 sys=0.00, real=0.00 secs] 
2020-10-29T08:53:01.018+0000: [GC (Allocation Failure) 2020-10-29T08:53:01.018+0000: [ParNew: 16388K->4K(18432K), 0.0021015 secs] 474909K->458525K(608276K), 0.0021497 secs] [Times: user=0.01 sys=0.00, real=0.00 secs] 
2020-10-29T08:53:01.038+0000: [GC (Allocation Failure) 2020-10-29T08:53:01.038+0000: [ParNew: 16388K->4K(18432K), 0.0017535 secs] 474909K->458525K(608276K), 0.0017946 secs] [Times: user=0.00 sys=0.00, real=0.00 secs] 
2020-10-29T08:53:01.058+0000: [GC (Allocation Failure) 2020-10-29T08:53:01.058+0000: [ParNew: 16388K->4K(18432K), 0.0018571 secs] 474909K->458525K(608276K), 0.0019021 secs] [Times: user=0.01 sys=0.00, real=0.00 secs] 
2020-10-29T08:53:01.077+0000: [GC (Allocation Failure) 2020-10-29T08:53:01.077+0000: [ParNew: 16388K->4K(18432K), 0.0019493 secs] 474909K->458525K(608276K), 0.0019942 secs] [Times: user=0.00 sys=0.00, real=0.00 secs] 
2020-10-29T08:53:01.098+0000: [GC (Allocation Failure) 2020-10-29T08:53:01.098+0000: [ParNew: 16388K->4K(18432K), 0.0020113 secs] 474909K->458525K(608276K), 0.0020585 secs] [Times: user=0.00 sys=0.00, real=0.00 secs] 
2020-10-29T08:53:01.118+0000: [GC (Allocation Failure) 2020-10-29T08:53:01.118+0000: [ParNew: 16388K->4K(18432K), 0.0020103 secs] 474909K->458525K(608276K), 0.0020566 secs] [Times: user=0.01 sys=0.00, real=0.00 secs] 
2020-10-29T08:53:01.138+0000: [GC (Allocation Failure) 2020-10-29T08:53:01.138+0000: [ParNew: 16388K->4K(18432K), 0.0017863 secs] 474909K->458525K(608276K), 0.0018278 secs] [Times: user=0.00 sys=0.00, real=0.00 secs] 
2020-10-29T08:53:01.158+0000: [GC (Allocation Failure) 2020-10-29T08:53:01.158+0000: [ParNew: 16388K->4K(18432K), 0.0039528 secs] 474909K->458525K(608276K), 0.0040038 secs] [Times: user=0.00 sys=0.00, real=0.01 secs] 
2020-10-29T08:53:01.190+0000: [GC (Allocation Failure) 2020-10-29T08:53:01.190+0000: [ParNew: 16388K->4K(18432K), 0.0021828 secs] 474909K->458525K(608276K), 0.0022343 secs] [Times: user=0.01 sys=0.00, real=0.00 secs] 
2020-10-29T08:53:01.209+0000: [GC (Allocation Failure) 2020-10-29T08:53:01.209+0000: [ParNew: 16388K->4K(18432K), 0.0019421 secs] 474909K->458525K(608276K), 0.0019989 secs] [Times: user=0.01 sys=0.00, real=0.01 secs] 
2020-10-29T08:53:01.229+0000: [GC (Allocation Failure) 2020-10-29T08:53:01.229+0000: [ParNew: 16388K->4K(18432K), 0.0027240 secs] 474909K->458525K(608276K), 0.0027740 secs] [Times: user=0.00 sys=0.00, real=0.01 secs] 
2020-10-29T08:53:01.250+0000: [GC (Allocation Failure) 2020-10-29T08:53:01.250+0000: [ParNew: 16388K->4K(18432K), 0.0021928 secs] 474909K->458525K(608276K), 0.0022416 secs] [Times: user=0.00 sys=0.00, real=0.01 secs] 
2020-10-29T08:53:01.269+0000: [GC (Allocation Failure) 2020-10-29T08:53:01.269+0000: [ParNew: 16388K->4K(18432K), 0.0021303 secs] 474909K->458525K(608276K), 0.0021805 secs] [Times: user=0.01 sys=0.00, real=0.01 secs] 
2020-10-29T08:53:01.288+0000: [GC (Allocation Failure) 2020-10-29T08:53:01.288+0000: [ParNew: 16388K->4K(18432K), 0.0020460 secs] 474909K->458525K(608276K), 0.0020941 secs] [Times: user=0.01 sys=0.00, real=0.00 secs] 
2020-10-29T08:53:01.307+0000: [GC (Allocation Failure) 2020-10-29T08:53:01.308+0000: [ParNew: 16388K->4K(18432K), 0.0020262 secs] 474909K->458525K(608276K), 0.0020753 secs] [Times: user=0.01 sys=0.00, real=0.00 secs] 
2020-10-29T08:53:01.330+0000: [GC (Allocation Failure) 2020-10-29T08:53:01.330+0000: [ParNew: 16388K->4K(18432K), 0.0020484 secs] 474909K->458525K(608276K), 0.0020965 secs] [Times: user=0.00 sys=0.00, real=0.00 secs] 
2020-10-29T08:53:01.350+0000: [GC (Allocation Failure) 2020-10-29T08:53:01.350+0000: [ParNew: 16388K->4K(18432K), 0.0021928 secs] 474909K->458525K(608276K), 0.0022437 secs] [Times: user=0.00 sys=0.00, real=0.00 secs] 
2020-10-29T08:53:01.373+0000: [GC (Allocation Failure) 2020-10-29T08:53:01.373+0000: [ParNew: 16388K->4K(18432K), 0.0022310 secs] 474909K->458525K(608276K), 0.0022829 secs] [Times: user=0.00 sys=0.00, real=0.00 secs] 
2020-10-29T08:53:01.392+0000: [GC (Allocation Failure) 2020-10-29T08:53:01.392+0000: [ParNew: 16388K->4K(18432K), 0.0020893 secs] 474909K->458525K(608276K), 0.0021382 secs] [Times: user=0.01 sys=0.00, real=0.00 secs] 
2020-10-29T08:53:01.414+0000: [GC (Allocation Failure) 2020-10-29T08:53:01.414+0000: [ParNew: 16388K->4K(18432K), 0.0020534 secs] 474909K->458525K(608276K), 0.0021012 secs] [Times: user=0.00 sys=0.00, real=0.00 secs] 
2020-10-29T08:53:01.434+0000: [GC (Allocation Failure) 2020-10-29T08:53:01.434+0000: [ParNew: 16388K->4K(18432K), 0.0020594 secs] 474909K->458525K(608276K), 0.0021079 secs] [Times: user=0.01 sys=0.00, real=0.00 secs] 
2020-10-29T08:53:01.454+0000: [GC (Allocation Failure) 2020-10-29T08:53:01.454+0000: [ParNew: 16388K->4K(18432K), 0.0018768 secs] 474909K->458525K(608276K), 0.0019244 secs] [Times: user=0.01 sys=0.00, real=0.00 secs] 
2020-10-29T08:53:01.473+0000: [GC (Allocation Failure) 2020-10-29T08:53:01.473+0000: [ParNew: 16388K->4K(18432K), 0.0021386 secs] 474909K->458525K(608276K), 0.0021802 secs] [Times: user=0.00 sys=0.00, real=0.00 secs] 
2020-10-29T08:53:01.494+0000: [GC (Allocation Failure) 2020-10-29T08:53:01.494+0000: [ParNew: 16388K->4K(18432K), 0.0020716 secs] 474909K->458525K(608276K), 0.0021194 secs] [Times: user=0.01 sys=0.00, real=0.00 secs] 
2020-10-29T08:53:01.514+0000: [GC (Allocation Failure) 2020-10-29T08:53:01.514+0000: [ParNew: 16388K->4K(18432K), 0.0021115 secs] 474909K->458525K(608276K), 0.0021631 secs] [Times: user=0.01 sys=0.00, real=0.00 secs] 
2020-10-29T08:53:01.533+0000: [GC (Allocation Failure) 2020-10-29T08:53:01.533+0000: [ParNew: 16388K->4K(18432K), 0.0021991 secs] 474909K->458525K(608276K), 0.0022506 secs] [Times: user=0.00 sys=0.00, real=0.00 secs] 
2020-10-29T08:53:01.552+0000: [GC (Allocation Failure) 2020-10-29T08:53:01.552+0000: [ParNew: 16388K->4K(18432K), 0.0022968 secs] 474909K->458525K(608276K), 0.0023478 secs] [Times: user=0.00 sys=0.00, real=0.00 secs] 
2020-10-29T08:53:01.571+0000: [GC (Allocation Failure) 2020-10-29T08:53:01.571+0000: [ParNew: 16388K->4K(18432K), 0.0021970 secs] 474909K->458525K(608276K), 0.0022482 secs] [Times: user=0.01 sys=0.00, real=0.00 secs] 
2020-10-29T08:53:01.590+0000: [GC (Allocation Failure) 2020-10-29T08:53:01.590+0000: [ParNew: 16388K->4K(18432K), 0.0021543 secs] 474909K->458525K(608276K), 0.0022039 secs] [Times: user=0.01 sys=0.00, real=0.00 secs] 
2020-10-29T08:53:01.610+0000: [GC (Allocation Failure) 2020-10-29T08:53:01.610+0000: [ParNew: 16388K->4K(18432K), 0.0022344 secs] 474909K->458525K(608276K), 0.0022859 secs] [Times: user=0.00 sys=0.00, real=0.00 secs] 
2020-10-29T08:53:01.642+0000: [GC (Allocation Failure) 2020-10-29T08:53:01.642+0000: [ParNew: 16388K->6K(18432K), 0.0022756 secs] 474909K->458527K(608276K), 0.0023284 secs] [Times: user=0.01 sys=0.00, real=0.00 secs] 
2020-10-29T08:53:01.662+0000: [GC (Allocation Failure) 2020-10-29T08:53:01.662+0000: [ParNew: 16390K->6K(18432K), 0.0022259 secs] 474911K->458527K(608276K), 0.0022771 secs] [Times: user=0.00 sys=0.00, real=0.00 secs] 
2020-10-29T08:53:01.682+0000: [GC (Allocation Failure) 2020-10-29T08:53:01.682+0000: [ParNew: 16390K->6K(18432K), 0.0023131 secs] 474911K->458528K(608276K), 0.0023634 secs] [Times: user=0.00 sys=0.00, real=0.01 secs] 
2020-10-29T08:53:01.701+0000: [GC (Allocation Failure) 2020-10-29T08:53:01.701+0000: [ParNew: 16390K->7K(18432K), 0.0019173 secs] 474912K->458528K(608276K), 0.0019613 secs] [Times: user=0.00 sys=0.00, real=0.01 secs] 
2020-10-29T08:53:01.720+0000: [GC (Allocation Failure) 2020-10-29T08:53:01.720+0000: [ParNew: 16391K->9K(18432K), 0.0018137 secs] 474912K->458531K(608276K), 0.0018548 secs] [Times: user=0.01 sys=0.00, real=0.00 secs] 
2020-10-29T08:53:01.742+0000: [GC (Allocation Failure) 2020-10-29T08:53:01.742+0000: [ParNew: 16393K->8K(18432K), 0.0020194 secs] 474915K->458529K(608276K), 0.0020676 secs] [Times: user=0.00 sys=0.00, real=0.00 secs] 
2020-10-29T08:53:01.762+0000: [GC (Allocation Failure) 2020-10-29T08:53:01.762+0000: [ParNew: 16392K->4K(18432K), 0.0022366 secs] 474913K->458528K(608276K), 0.0022881 secs] [Times: user=0.00 sys=0.00, real=0.00 secs] 
2020-10-29T08:53:01.782+0000: [GC (Allocation Failure) 2020-10-29T08:53:01.782+0000: [ParNew: 16388K->4K(18432K), 0.0022447 secs] 474912K->458528K(608276K), 0.0022961 secs] [Times: user=0.01 sys=0.00, real=0.00 secs] 
2020-10-29T08:53:01.802+0000: [GC (Allocation Failure) 2020-10-29T08:53:01.802+0000: [ParNew: 16388K->4K(18432K), 0.0020090 secs] 474912K->458528K(608276K), 0.0020571 secs] [Times: user=0.01 sys=0.00, real=0.00 secs] 
2020-10-29T08:53:01.822+0000: [GC (Allocation Failure) 2020-10-29T08:53:01.822+0000: [ParNew: 16388K->4K(18432K), 0.0021541 secs] 474912K->458528K(608276K), 0.0022043 secs] [Times: user=0.00 sys=0.00, real=0.00 secs] 
2020-10-29T08:53:01.842+0000: [GC (Allocation Failure) 2020-10-29T08:53:01.842+0000: [ParNew: 16388K->4K(18432K), 0.0021990 secs] 474912K->458528K(608276K), 0.0022451 secs] [Times: user=0.00 sys=0.00, real=0.01 secs] 
2020-10-29T08:53:01.861+0000: [GC (Allocation Failure) 2020-10-29T08:53:01.861+0000: [ParNew: 16388K->4K(18432K), 0.0022653 secs] 474912K->458528K(608276K), 0.0023193 secs] [Times: user=0.00 sys=0.00, real=0.01 secs] 
2020-10-29T08:53:01.880+0000: [GC (Allocation Failure) 2020-10-29T08:53:01.880+0000: [ParNew: 16388K->4K(18432K), 0.0022556 secs] 474912K->458528K(608276K), 0.0023081 secs] [Times: user=0.01 sys=0.00, real=0.01 secs] 
2020-10-29T08:53:01.902+0000: [GC (Allocation Failure) 2020-10-29T08:53:01.902+0000: [ParNew: 16388K->4K(18432K), 0.0023573 secs] 474912K->458528K(608276K), 0.0024108 secs] [Times: user=0.01 sys=0.00, real=0.01 secs] 
2020-10-29T08:53:01.922+0000: [GC (Allocation Failure) 2020-10-29T08:53:01.922+0000: [ParNew: 16388K->4K(18432K), 0.0022441 secs] 474912K->458528K(608276K), 0.0022988 secs] [Times: user=0.01 sys=0.00, real=0.00 secs] 
2020-10-29T08:53:01.946+0000: [GC (Allocation Failure) 2020-10-29T08:53:01.946+0000: [ParNew: 16388K->4K(18432K), 0.0022891 secs] 474912K->458528K(608276K), 0.0023465 secs] [Times: user=0.01 sys=0.00, real=0.00 secs] 
2020-10-29T08:53:01.966+0000: [GC (Allocation Failure) 2020-10-29T08:53:01.966+0000: [ParNew: 16388K->4K(18432K), 0.0023217 secs] 474912K->458528K(608276K), 0.0023868 secs] [Times: user=0.01 sys=0.00, real=0.00 secs] 
2020-10-29T08:53:01.986+0000: [GC (Allocation Failure) 2020-10-29T08:53:01.986+0000: [ParNew: 16388K->4K(18432K), 0.0022337 secs] 474912K->458528K(608276K), 0.0022872 secs] [Times: user=0.01 sys=0.00, real=0.00 secs] 
2020-10-29T08:53:02.005+0000: [GC (Allocation Failure) 2020-10-29T08:53:02.005+0000: [ParNew: 16388K->4K(18432K), 0.0021806 secs] 474912K->458528K(608276K), 0.0022297 secs] [Times: user=0.01 sys=0.00, real=0.00 secs] 
2020-10-29T08:53:02.025+0000: [GC (Allocation Failure) 2020-10-29T08:53:02.025+0000: [ParNew: 16388K->4K(18432K), 0.0022455 secs] 474912K->458528K(608276K), 0.0022896 secs] [Times: user=0.01 sys=0.00, real=0.00 secs] 
2020-10-29T08:53:02.046+0000: [GC (Allocation Failure) 2020-10-29T08:53:02.046+0000: [ParNew: 16388K->4K(18432K), 0.0022452 secs] 474912K->458528K(608276K), 0.0022981 secs] [Times: user=0.01 sys=0.00, real=0.00 secs] 
2020-10-29T08:53:02.070+0000: [GC (Allocation Failure) 2020-10-29T08:53:02.070+0000: [ParNew: 16388K->4K(18432K), 0.0022449 secs] 474912K->458528K(608276K), 0.0022963 secs] [Times: user=0.01 sys=0.00, real=0.01 secs] 
2020-10-29T08:53:02.090+0000: [GC (Allocation Failure) 2020-10-29T08:53:02.090+0000: [ParNew: 16388K->4K(18432K), 0.0020064 secs] 474912K->458528K(608276K), 0.0020543 secs] [Times: user=0.01 sys=0.00, real=0.00 secs] 
2020-10-29T08:53:02.109+0000: [GC (Allocation Failure) 2020-10-29T08:53:02.109+0000: [ParNew: 16388K->4K(18432K), 0.0020569 secs] 474912K->458528K(608276K), 0.0021055 secs] [Times: user=0.00 sys=0.00, real=0.01 secs] 
2020-10-29T08:53:02.129+0000: [GC (Allocation Failure) 2020-10-29T08:53:02.129+0000: [ParNew: 16388K->4K(18432K), 0.0021160 secs] 474912K->458528K(608276K), 0.0021634 secs] [Times: user=0.00 sys=0.00, real=0.01 secs] 
2020-10-29T08:53:02.150+0000: [GC (Allocation Failure) 2020-10-29T08:53:02.150+0000: [ParNew: 16388K->4K(18432K), 0.0021703 secs] 474912K->458528K(608276K), 0.0022203 secs] [Times: user=0.00 sys=0.00, real=0.00 secs] 
2020-10-29T08:53:02.170+0000: [GC (Allocation Failure) 2020-10-29T08:53:02.170+0000: [ParNew: 16388K->4K(18432K), 0.0022494 secs] 474912K->458528K(608276K), 0.0023018 secs] [Times: user=0.01 sys=0.00, real=0.01 secs] 
2020-10-29T08:53:02.189+0000: [GC (Allocation Failure) 2020-10-29T08:53:02.189+0000: [ParNew: 16388K->4K(18432K), 0.0022213 secs] 474912K->458528K(608276K), 0.0022718 secs] [Times: user=0.00 sys=0.00, real=0.01 secs] 
2020-10-29T08:53:02.208+0000: [GC (Allocation Failure) 2020-10-29T08:53:02.208+0000: [ParNew: 16388K->4K(18432K), 0.0022069 secs] 474912K->458528K(608276K), 0.0022569 secs] [Times: user=0.01 sys=0.00, real=0.00 secs] 
2020-10-29T08:53:02.230+0000: [GC (Allocation Failure) 2020-10-29T08:53:02.230+0000: [ParNew: 16388K->4K(18432K), 0.0021455 secs] 474912K->458528K(608276K), 0.0021952 secs] [Times: user=0.00 sys=0.00, real=0.00 secs] 
2020-10-29T08:53:02.249+0000: [GC (Allocation Failure) 2020-10-29T08:53:02.249+0000: [ParNew: 16388K->4K(18432K), 0.0019805 secs] 474912K->458528K(608276K), 0.0020266 secs] [Times: user=0.00 sys=0.00, real=0.01 secs] 
2020-10-29T08:53:02.270+0000: [GC (Allocation Failure) 2020-10-29T08:53:02.270+0000: [ParNew: 16388K->4K(18432K), 0.0022384 secs] 474912K->458528K(608276K), 0.0022907 secs] [Times: user=0.01 sys=0.00, real=0.00 secs] 
 CMS: abort preclean due to time 2020-10-29T08:53:02.274+0000: [CMS-concurrent-abortable-preclean: 0.282/5.010 secs] [Times: user=9.13 sys=0.31, real=5.01 secs] 
2020-10-29T08:53:02.274+0000: [GC (CMS Final Remark) [YG occupancy: 1204 K (18432 K)]2020-10-29T08:53:02.274+0000: [Rescan (parallel) , 0.0018155 secs]2020-10-29T08:53:02.276+0000: [weak refs processing, 0.0000620 secs]2020-10-29T08:53:02.276+0000: [class unloading, 0.0100181 secs]2020-10-29T08:53:02.286+0000: [scrub symbol table, 0.0087451 secs]2020-10-29T08:53:02.295+0000: [scrub string table, 0.0005598 secs][1 CMS-remark: 458524K(589844K)] 459729K(608276K), 0.0213118 secs] [Times: user=0.02 sys=0.00, real=0.02 secs] 
2020-10-29T08:53:02.298+0000: [CMS-concurrent-sweep-start]
2020-10-29T08:53:02.321+0000: [GC (Allocation Failure) 2020-10-29T08:53:02.321+0000: [ParNew: 16388K->4K(18432K), 0.0022852 secs] 473348K->456964K(608276K), 0.0023459 secs] [Times: user=0.00 sys=0.00, real=0.01 secs] 
2020-10-29T08:53:02.324+0000: [CMS-concurrent-sweep: 0.019/0.026 secs] [Times: user=0.05 sys=0.01, real=0.03 secs] 
2020-10-29T08:53:02.328+0000: [CMS-concurrent-reset-start]
2020-10-29T08:53:02.329+0000: [CMS-concurrent-reset: 0.002/0.002 secs] [Times: user=0.00 sys=0.00, real=0.00 secs] 
2020-10-29T08:53:02.341+0000: [GC (Allocation Failure) 2020-10-29T08:53:02.341+0000: [ParNew: 16388K->4K(18432K), 0.0022792 secs] 308102K->291718K(608276K), 0.0023242 secs] [Times: user=0.00 sys=0.00, real=0.01 secs] 
2020-10-29T08:53:02.359+0000: [GC (Allocation Failure) 2020-10-29T08:53:02.359+0000: [ParNew: 16388K->4K(18432K), 0.0021141 secs] 308102K->291718K(608276K), 0.0021573 secs] [Times: user=0.00 sys=0.00, real=0.00 secs] 
2020-10-29T08:53:02.378+0000: [GC (Allocation Failure) 2020-10-29T08:53:02.378+0000: [ParNew: 16388K->4K(18432K), 0.0022685 secs] 308102K->291718K(608276K), 0.0023186 secs] [Times: user=0.01 sys=0.00, real=0.00 secs] 
2020-10-29T08:53:02.398+0000: [GC (Allocation Failure) 2020-10-29T08:53:02.398+0000: [ParNew: 16388K->4K(18432K), 0.0022049 secs] 308102K->291718K(608276K), 0.0022540 secs] [Times: user=0.01 sys=0.00, real=0.00 secs] 
2020-10-29T08:53:02.418+0000: [GC (Allocation Failure) 2020-10-29T08:53:02.418+0000: [ParNew: 16388K->4K(18432K), 0.0022263 secs] 308102K->291718K(608276K), 0.0022748 secs] [Times: user=0.00 sys=0.00, real=0.00 secs] 
2020-10-29T08:53:02.438+0000: [GC (Allocation Failure) 2020-10-29T08:53:02.438+0000: [ParNew: 16388K->4K(18432K), 0.0022381 secs] 308102K->291718K(608276K), 0.0022895 secs] [Times: user=0.01 sys=0.00, real=0.00 secs] 
2020-10-29T08:53:02.457+0000: [GC (Allocation Failure) 2020-10-29T08:53:02.457+0000: [ParNew: 16388K->4K(18432K), 0.0021904 secs] 308102K->291718K(608276K), 0.0022371 secs] [Times: user=0.00 sys=0.00, real=0.00 secs] 
2020-10-29T08:53:02.478+0000: [GC (Allocation Failure) 2020-10-29T08:53:02.478+0000: [ParNew: 16388K->4K(18432K), 0.0022825 secs] 308102K->291718K(608276K), 0.0023352 secs] [Times: user=0.00 sys=0.00, real=0.00 secs] 
2020-10-29T08:53:02.497+0000: [GC (Allocation Failure) 2020-10-29T08:53:02.497+0000: [ParNew: 16388K->4K(18432K), 0.0022661 secs] 308102K->291718K(608276K), 0.0023228 secs] [Times: user=0.01 sys=0.00, real=0.00 secs] 
2020-10-29T08:53:02.518+0000: [GC (Allocation Failure) 2020-10-29T08:53:02.518+0000: [ParNew: 16388K->4K(18432K), 0.0022394 secs] 308102K->291718K(608276K), 0.0022906 secs] [Times: user=0.00 sys=0.00, real=0.00 secs] 
2020-10-29T08:53:02.538+0000: [GC (Allocation Failure) 2020-10-29T08:53:02.538+0000: [ParNew: 16388K->4K(18432K), 0.0022374 secs] 308102K->291718K(608276K), 0.0022896 secs] [Times: user=0.01 sys=0.00, real=0.00 secs] 
2020-10-29T08:53:02.557+0000: [GC (Allocation Failure) 2020-10-29T08:53:02.557+0000: [ParNew: 16388K->4K(18432K), 0.0021597 secs] 308102K->291718K(608276K), 0.0022051 secs] [Times: user=0.00 sys=0.00, real=0.00 secs] 
2020-10-29T08:53:02.578+0000: [GC (Allocation Failure) 2020-10-29T08:53:02.578+0000: [ParNew: 16388K->4K(18432K), 0.0022669 secs] 308102K->291718K(608276K), 0.0023196 secs] [Times: user=0.00 sys=0.00, real=0.00 secs] 
2020-10-29T08:53:02.598+0000: [GC (Allocation Failure) 2020-10-29T08:53:02.598+0000: [ParNew: 16388K->4K(18432K), 0.0022143 secs] 308102K->291718K(608276K), 0.0022778 secs] [Times: user=0.00 sys=0.00, real=0.00 secs] 
2020-10-29T08:53:02.616+0000: [GC (Allocation Failure) 2020-10-29T08:53:02.616+0000: [ParNew: 16388K->4K(18432K), 0.0022388 secs] 308102K->291718K(608276K), 0.0022884 secs] [Times: user=0.01 sys=0.00, real=0.00 secs] 
2020-10-29T08:53:02.646+0000: [GC (Allocation Failure) 2020-10-29T08:53:02.646+0000: [ParNew: 16388K->4K(18432K), 0.0022678 secs] 308102K->291718K(608276K), 0.0023365 secs] [Times: user=0.01 sys=0.00, real=0.00 secs] 
2020-10-29T08:53:02.666+0000: [GC (Allocation Failure) 2020-10-29T08:53:02.666+0000: [ParNew: 16388K->4K(18432K), 0.0023347 secs] 308102K->291718K(608276K), 0.0023957 secs] [Times: user=0.00 sys=0.00, real=0.00 secs] 
2020-10-29T08:53:02.686+0000: [GC (Allocation Failure) 2020-10-29T08:53:02.686+0000: [ParNew: 16388K->4K(18432K), 0.0022282 secs] 308102K->291718K(608276K), 0.0022769 secs] [Times: user=0.01 sys=0.00, real=0.00 secs] 
2020-10-29T08:53:02.705+0000: [GC (Allocation Failure) 2020-10-29T08:53:02.705+0000: [ParNew: 16388K->4K(18432K), 0.0022658 secs] 308102K->291718K(608276K), 0.0023171 secs] [Times: user=0.01 sys=0.00, real=0.00 secs] 
2020-10-29T08:53:02.725+0000: [GC (Allocation Failure) 2020-10-29T08:53:02.725+0000: [ParNew: 16388K->4K(18432K), 0.0021840 secs] 308102K->291718K(608276K), 0.0022311 secs] [Times: user=0.00 sys=0.00, real=0.00 secs] 
2020-10-29T08:53:02.746+0000: [GC (Allocation Failure) 2020-10-29T08:53:02.746+0000: [ParNew: 16388K->6K(18432K), 0.0019812 secs] 308102K->291720K(608276K), 0.0020216 secs] [Times: user=0.01 sys=0.00, real=0.00 secs] 
2020-10-29T08:53:02.764+0000: [GC (Allocation Failure) 2020-10-29T08:53:02.765+0000: [ParNew: 16390K->4K(18432K), 0.0021830 secs] 308104K->291718K(608276K), 0.0022300 secs] [Times: user=0.00 sys=0.00, real=0.00 secs] 
2020-10-29T08:53:02.783+0000: [GC (Allocation Failure) 2020-10-29T08:53:02.783+0000: [ParNew: 16388K->4K(18432K), 0.0020168 secs] 308102K->291718K(608276K), 0.0020574 secs] [Times: user=0.01 sys=0.00, real=0.00 secs] 
2020-10-29T08:53:02.801+0000: [GC (Allocation Failure) 2020-10-29T08:53:02.801+0000: [ParNew: 16388K->6K(18432K), 0.0020134 secs] 308102K->291720K(608276K), 0.0020540 secs] [Times: user=0.00 sys=0.00, real=0.01 secs] 
2020-10-29T08:53:02.819+0000: [GC (Allocation Failure) 2020-10-29T08:53:02.819+0000: [ParNew: 16390K->4K(18432K), 0.0022695 secs] 308104K->291718K(608276K), 0.0023188 secs] [Times: user=0.01 sys=0.00, real=0.00 secs] 
2020-10-29T08:53:02.838+0000: [GC (Allocation Failure) 2020-10-29T08:53:02.838+0000: [ParNew: 16388K->4K(18432K), 0.0022385 secs] 308102K->291719K(608276K), 0.0022878 secs] [Times: user=0.00 sys=0.00, real=0.00 secs] 
2020-10-29T08:53:02.858+0000: [GC (Allocation Failure) 2020-10-29T08:53:02.858+0000: [ParNew: 16388K->4K(18432K), 0.0022827 secs] 308103K->291719K(608276K), 0.0023343 secs] [Times: user=0.01 sys=0.00, real=0.00 secs] 
2020-10-29T08:53:02.877+0000: [GC (Allocation Failure) 2020-10-29T08:53:02.877+0000: [ParNew: 16388K->4K(18432K), 0.0022662 secs] 308103K->291719K(608276K), 0.0023143 secs] [Times: user=0.01 sys=0.00, real=0.00 secs] 
2020-10-29T08:53:02.895+0000: [GC (Allocation Failure) 2020-10-29T08:53:02.895+0000: [ParNew: 16388K->4K(18432K), 0.0022598 secs] 308103K->291719K(608276K), 0.0023204 secs] [Times: user=0.01 sys=0.00, real=0.00 secs] 
2020-10-29T08:53:02.913+0000: [GC (Allocation Failure) 2020-10-29T08:53:02.914+0000: [ParNew: 16388K->4K(18432K), 0.0022156 secs] 308103K->291719K(608276K), 0.0022635 secs] [Times: user=0.00 sys=0.00, real=0.00 secs] 
2020-10-29T08:53:02.934+0000: [GC (Allocation Failure) 2020-10-29T08:53:02.934+0000: [ParNew: 16388K->4K(18432K), 0.0021552 secs] 308103K->291719K(608276K), 0.0022015 secs] [Times: user=0.00 sys=0.00, real=0.00 secs] 
2020-10-29T08:53:02.954+0000: [GC (Allocation Failure) 2020-10-29T08:53:02.954+0000: [ParNew: 16388K->4K(18432K), 0.0022287 secs] 308103K->291719K(608276K), 0.0022798 secs] [Times: user=0.01 sys=0.00, real=0.00 secs] 
2020-10-29T08:53:02.973+0000: [GC (Allocation Failure) 2020-10-29T08:53:02.973+0000: [ParNew: 16388K->4K(18432K), 0.0023218 secs] 308103K->291719K(608276K), 0.0023733 secs] [Times: user=0.00 sys=0.00, real=0.00 secs] 
2020-10-29T08:53:02.996+0000: [GC (Allocation Failure) 2020-10-29T08:53:02.996+0000: [ParNew: 16388K->4K(18432K), 0.0022681 secs] 340871K->324487K(608276K), 0.0023213 secs] [Times: user=0.01 sys=0.00, real=0.00 secs] 
2020-10-29T08:53:02.998+0000: [GC (CMS Initial Mark) [1 CMS-initial-mark: 324483K(589844K)] 324667K(608276K), 0.0011177 secs] [Times: user=0.00 sys=0.00, real=0.00 secs] 
2020-10-29T08:53:02.999+0000: [CMS-concurrent-mark-start]
2020-10-29T08:53:03.038+0000: [GC (Allocation Failure) 2020-10-29T08:53:03.038+0000: [ParNew: 16388K->4K(18432K), 0.0021761 secs] 340871K->324487K(608276K), 0.0022362 secs] [Times: user=0.00 sys=0.00, real=0.00 secs] 
2020-10-29T08:53:03.052+0000: [CMS-concurrent-mark: 0.043/0.052 secs] [Times: user=0.09 sys=0.00, real=0.06 secs] 
2020-10-29T08:53:03.052+0000: [CMS-concurrent-preclean-start]
2020-10-29T08:53:03.054+0000: [CMS-concurrent-preclean: 0.002/0.002 secs] [Times: user=0.00 sys=0.00, real=0.00 secs] 
2020-10-29T08:53:03.054+0000: [CMS-concurrent-abortable-preclean-start]
2020-10-29T08:53:03.064+0000: [GC (Allocation Failure) 2020-10-29T08:53:03.064+0000: [ParNew: 16388K->4K(18432K), 0.0018763 secs] 340871K->324487K(608276K), 0.0019152 secs] [Times: user=0.00 sys=0.00, real=0.00 secs] 
2020-10-29T08:53:03.083+0000: [GC (Allocation Failure) 2020-10-29T08:53:03.083+0000: [ParNew: 16388K->4K(18432K), 0.0021541 secs] 340871K->324487K(608276K), 0.0022219 secs] [Times: user=0.01 sys=0.01, real=0.00 secs] 
2020-10-29T08:53:03.102+0000: [GC (Allocation Failure) 2020-10-29T08:53:03.102+0000: [ParNew: 16388K->4K(18432K), 0.0021651 secs] 340871K->324487K(608276K), 0.0022152 secs] [Times: user=0.00 sys=0.00, real=0.00 secs] 
2020-10-29T08:53:03.122+0000: [GC (Allocation Failure) 2020-10-29T08:53:03.122+0000: [ParNew: 16310K->4K(18432K), 0.0020386 secs] 340793K->324487K(608276K), 0.0020859 secs] [Times: user=0.01 sys=0.00, real=0.00 secs] 
2020-10-29T08:53:03.141+0000: [GC (Allocation Failure) 2020-10-29T08:53:03.141+0000: [ParNew: 16388K->4K(18432K), 0.0017874 secs] 340871K->324487K(608276K), 0.0018290 secs] [Times: user=0.00 sys=0.00, real=0.01 secs] 
2020-10-29T08:53:03.162+0000: [GC (Allocation Failure) 2020-10-29T08:53:03.162+0000: [ParNew: 16388K->4K(18432K), 0.0017378 secs] 340871K->324487K(608276K), 0.0017791 secs] [Times: user=0.00 sys=0.00, real=0.00 secs] 
2020-10-29T08:53:03.181+0000: [GC (Allocation Failure) 2020-10-29T08:53:03.181+0000: [ParNew: 16388K->4K(18432K), 0.0019274 secs] 340871K->324487K(608276K), 0.0019702 secs] [Times: user=0.01 sys=0.00, real=0.01 secs] 
2020-10-29T08:53:03.198+0000: [GC (Allocation Failure) 2020-10-29T08:53:03.198+0000: [ParNew: 13463K->4K(18432K), 0.0017217 secs] 337946K->324487K(608276K), 0.0017622 secs] [Times: user=0.00 sys=0.00, real=0.00 secs] 
2020-10-29T08:53:03.210+0000: [GC (Allocation Failure) 2020-10-29T08:53:03.210+0000: [ParNew: 16388K->4K(18432K), 0.0073468 secs] 340871K->332679K(608276K), 0.0074115 secs] [Times: user=0.01 sys=0.01, real=0.00 secs] 
2020-10-29T08:53:03.218+0000: [CMS-concurrent-abortable-preclean: 0.013/0.164 secs] [Times: user=0.31 sys=0.02, real=0.16 secs] 
2020-10-29T08:53:03.218+0000: [GC (CMS Final Remark) [YG occupancy: 199 K (18432 K)]2020-10-29T08:53:03.218+0000: [Rescan (parallel) , 0.0014009 secs]2020-10-29T08:53:03.219+0000: [weak refs processing, 0.0000259 secs]2020-10-29T08:53:03.219+0000: [class unloading, 0.0081196 secs]2020-10-29T08:53:03.228+0000: [scrub symbol table, 0.0087441 secs]2020-10-29T08:53:03.236+0000: [scrub string table, 0.0005634 secs][1 CMS-remark: 332675K(589844K)] 332874K(608276K), 0.0189489 secs] [Times: user=0.02 sys=0.00, real=0.02 secs] 
2020-10-29T08:53:03.246+0000: [CMS-concurrent-sweep-start]
2020-10-29T08:53:03.247+0000: [GC (Allocation Failure) 2020-10-29T08:53:03.247+0000: [ParNew: 16388K->4K(18432K), 0.0078081 secs] 349063K->340871K(608276K), 0.0078479 secs] [Times: user=0.01 sys=0.01, real=0.01 secs] 
2020-10-29T08:53:03.266+0000: [CMS-concurrent-sweep: 0.012/0.020 secs] [Times: user=0.03 sys=0.01, real=0.02 secs] 
2020-10-29T08:53:03.266+0000: [CMS-concurrent-reset-start]
2020-10-29T08:53:03.268+0000: [CMS-concurrent-reset: 0.002/0.002 secs] [Times: user=0.00 sys=0.00, real=0.00 secs] 
2020-10-29T08:53:03.277+0000: [GC (Allocation Failure) 2020-10-29T08:53:03.277+0000: [ParNew: 16388K->4K(18432K), 0.0022688 secs] 342817K->326433K(608276K), 0.0023196 secs] [Times: user=0.00 sys=0.00, real=0.00 secs] 
2020-10-29T08:53:03.298+0000: [GC (Allocation Failure) 2020-10-29T08:53:03.298+0000: [ParNew: 16388K->4K(18432K), 0.0021088 secs] 342817K->326433K(608276K), 0.0021636 secs] [Times: user=0.00 sys=0.00, real=0.00 secs] 
2020-10-29T08:53:03.317+0000: [GC (Allocation Failure) 2020-10-29T08:53:03.317+0000: [ParNew: 16388K->4K(18432K), 0.0021072 secs] 342817K->326433K(608276K), 0.0021505 secs] [Times: user=0.01 sys=0.00, real=0.00 secs] 
2020-10-29T08:53:03.335+0000: [GC (Allocation Failure) 2020-10-29T08:53:03.335+0000: [ParNew: 16388K->4K(18432K), 0.0020784 secs] 342817K->326433K(608276K), 0.0021223 secs] [Times: user=0.00 sys=0.00, real=0.00 secs] 
2020-10-29T08:53:03.354+0000: [GC (Allocation Failure) 2020-10-29T08:53:03.354+0000: [ParNew: 16388K->4K(18432K), 0.0019628 secs] 342817K->326433K(608276K), 0.0020027 secs] [Times: user=0.01 sys=0.00, real=0.00 secs] 
2020-10-29T08:53:03.374+0000: [GC (Allocation Failure) 2020-10-29T08:53:03.374+0000: [ParNew: 16388K->4K(18432K), 0.0018960 secs] 342817K->326433K(608276K), 0.0019355 secs] [Times: user=0.00 sys=0.00, real=0.00 secs] 
2020-10-29T08:53:03.392+0000: [GC (Allocation Failure) 2020-10-29T08:53:03.392+0000: [ParNew: 16388K->4K(18432K), 0.0018526 secs] 342817K->326433K(608276K), 0.0018909 secs] [Times: user=0.00 sys=0.00, real=0.00 secs] 
2020-10-29T08:53:03.410+0000: [GC (Allocation Failure) 2020-10-29T08:53:03.410+0000: [ParNew: 16388K->4K(18432K), 0.0021153 secs] 342817K->326433K(608276K), 0.0021611 secs] [Times: user=0.00 sys=0.00, real=0.00 secs] 
2020-10-29T08:53:03.429+0000: [GC (Allocation Failure) 2020-10-29T08:53:03.429+0000: [ParNew: 16388K->4K(18432K), 0.0021083 secs] 342817K->326433K(608276K), 0.0021509 secs] [Times: user=0.01 sys=0.00, real=0.01 secs] 
2020-10-29T08:53:03.450+0000: [GC (Allocation Failure) 2020-10-29T08:53:03.450+0000: [ParNew: 16388K->4K(18432K), 0.0020199 secs] 342817K->326433K(608276K), 0.0020635 secs] [Times: user=0.00 sys=0.00, real=0.00 secs] 
2020-10-29T08:53:03.469+0000: [GC (Allocation Failure) 2020-10-29T08:53:03.469+0000: [ParNew: 16388K->4K(18432K), 0.0019604 secs] 342817K->326433K(608276K), 0.0020007 secs] [Times: user=0.01 sys=0.00, real=0.01 secs] 
2020-10-29T08:53:03.490+0000: [GC (Allocation Failure) 2020-10-29T08:53:03.490+0000: [ParNew: 16388K->4K(18432K), 0.0019823 secs] 342817K->326433K(608276K), 0.0020229 secs] [Times: user=0.00 sys=0.00, real=0.00 secs] 
2020-10-29T08:53:03.508+0000: [GC (Allocation Failure) 2020-10-29T08:53:03.508+0000: [ParNew: 16388K->4K(18432K), 0.0020365 secs] 342817K->326433K(608276K), 0.0020800 secs] [Times: user=0.00 sys=0.00, real=0.01 secs] 
2020-10-29T08:53:03.530+0000: [GC (Allocation Failure) 2020-10-29T08:53:03.530+0000: [ParNew: 16388K->4K(18432K), 0.0020028 secs] 342817K->326433K(608276K), 0.0020429 secs] [Times: user=0.00 sys=0.00, real=0.00 secs] 
2020-10-29T08:53:03.550+0000: [GC (Allocation Failure) 2020-10-29T08:53:03.550+0000: [ParNew: 16388K->4K(18432K), 0.0018835 secs] 342817K->326433K(608276K), 0.0019217 secs] [Times: user=0.01 sys=0.00, real=0.00 secs] 
2020-10-29T08:53:03.568+0000: [GC (Allocation Failure) 2020-10-29T08:53:03.568+0000: [ParNew: 16388K->4K(18432K), 0.0020157 secs] 342817K->326433K(608276K), 0.0020583 secs] [Times: user=0.00 sys=0.00, real=0.01 secs] 
2020-10-29T08:53:03.590+0000: [GC (Allocation Failure) 2020-10-29T08:53:03.590+0000: [ParNew: 16388K->4K(18432K), 0.0020082 secs] 342817K->326433K(608276K), 0.0020469 secs] [Times: user=0.00 sys=0.00, real=0.00 secs] 
2020-10-29T08:53:03.618+0000: [GC (Allocation Failure) 2020-10-29T08:53:03.618+0000: [ParNew: 16274K->4K(18432K), 0.0040572 secs] 342704K->326433K(608276K), 0.0041060 secs] [Times: user=0.00 sys=0.00, real=0.01 secs] 
2020-10-29T08:53:03.642+0000: [GC (Allocation Failure) 2020-10-29T08:53:03.642+0000: [ParNew: 16388K->4K(18432K), 0.0022053 secs] 342817K->326433K(608276K), 0.0022565 secs] [Times: user=0.00 sys=0.00, real=0.01 secs] 
2020-10-29T08:53:03.677+0000: [GC (Allocation Failure) 2020-10-29T08:53:03.677+0000: [ParNew: 16388K->4K(18432K), 0.0022850 secs] 375585K->359201K(608276K), 0.0023391 secs] [Times: user=0.00 sys=0.00, real=0.00 secs] 
2020-10-29T08:53:03.681+0000: [GC (CMS Initial Mark) [1 CMS-initial-mark: 359197K(589844K)] 359387K(608276K), 0.0011351 secs] [Times: user=0.00 sys=0.00, real=0.00 secs] 
2020-10-29T08:53:03.682+0000: [CMS-concurrent-mark-start]
2020-10-29T08:53:03.707+0000: [GC (Allocation Failure) 2020-10-29T08:53:03.707+0000: [ParNew: 16388K->4K(18432K), 0.0021279 secs] 375585K->359201K(608276K), 0.0021803 secs] [Times: user=0.00 sys=0.00, real=0.00 secs] 
2020-10-29T08:53:03.732+0000: [GC (Allocation Failure) 2020-10-29T08:53:03.732+0000: [ParNew: 16388K->4K(18432K), 0.0020099 secs] 375585K->359201K(608276K), 0.0020564 secs] [Times: user=0.00 sys=0.00, real=0.00 secs] 
2020-10-29T08:53:03.752+0000: [GC (Allocation Failure) 2020-10-29T08:53:03.752+0000: [ParNew: 16388K->4K(18432K), 0.0019179 secs] 375585K->359201K(608276K), 0.0019790 secs] [Times: user=0.00 sys=0.00, real=0.00 secs] 
2020-10-29T08:53:03.769+0000: [CMS-concurrent-mark: 0.080/0.087 secs] [Times: user=0.17 sys=0.01, real=0.09 secs] 
2020-10-29T08:53:03.769+0000: [CMS-concurrent-preclean-start]
2020-10-29T08:53:03.771+0000: [CMS-concurrent-preclean: 0.002/0.002 secs] [Times: user=0.01 sys=0.00, real=0.01 secs] 
2020-10-29T08:53:03.771+0000: [CMS-concurrent-abortable-preclean-start]
2020-10-29T08:53:03.778+0000: [GC (Allocation Failure) 2020-10-29T08:53:03.778+0000: [ParNew: 16388K->4K(18432K), 0.0018549 secs] 375585K->359201K(608276K), 0.0018920 secs] [Times: user=0.01 sys=0.00, real=0.00 secs] 
2020-10-29T08:53:03.798+0000: [GC (Allocation Failure) 2020-10-29T08:53:03.798+0000: [ParNew: 16388K->4K(18432K), 0.0017103 secs] 375585K->359201K(608276K), 0.0017520 secs] [Times: user=0.01 sys=0.00, real=0.00 secs] 
2020-10-29T08:53:03.814+0000: [GC (Allocation Failure) 2020-10-29T08:53:03.814+0000: [ParNew: 11885K->4K(18432K), 0.0015837 secs] 371083K->359201K(608276K), 0.0016202 secs] [Times: user=0.00 sys=0.00, real=0.00 secs] 
2020-10-29T08:53:03.826+0000: [GC (Allocation Failure) 2020-10-29T08:53:03.826+0000: [ParNew: 16388K->4K(18432K), 0.0082711 secs] 375585K->367394K(608276K), 0.0083158 secs] [Times: user=0.01 sys=0.00, real=0.01 secs] 
2020-10-29T08:53:03.834+0000: [CMS-concurrent-abortable-preclean: 0.011/0.063 secs] [Times: user=0.10 sys=0.01, real=0.06 secs] 
2020-10-29T08:53:03.836+0000: [GC (CMS Final Remark) [YG occupancy: 334 K (18432 K)]2020-10-29T08:53:03.836+0000: [Rescan (parallel) , 0.0016689 secs]2020-10-29T08:53:03.838+0000: [weak refs processing, 0.0000276 secs]2020-10-29T08:53:03.838+0000: [class unloading, 0.0078642 secs]2020-10-29T08:53:03.846+0000: [scrub symbol table, 0.0087935 secs]2020-10-29T08:53:03.854+0000: [scrub string table, 0.0005701 secs][1 CMS-remark: 367390K(589844K)] 367724K(608276K), 0.0190403 secs] [Times: user=0.02 sys=0.00, real=0.02 secs] 
2020-10-29T08:53:03.862+0000: [CMS-concurrent-sweep-start]
2020-10-29T08:53:03.874+0000: [CMS-concurrent-sweep: 0.012/0.012 secs] [Times: user=0.03 sys=0.00, real=0.02 secs] 
2020-10-29T08:53:03.874+0000: [CMS-concurrent-reset-start]
2020-10-29T08:53:03.877+0000: [GC (Allocation Failure) 2020-10-29T08:53:03.877+0000: [ParNew: 16388K->4K(18432K), 0.0025056 secs] 367393K->351009K(608276K), 0.0025422 secs] [Times: user=0.00 sys=0.00, real=0.00 secs] 
2020-10-29T08:53:03.887+0000: [CMS-concurrent-reset: 0.010/0.013 secs] [Times: user=0.03 sys=0.00, real=0.01 secs] 
2020-10-29T08:53:03.898+0000: [GC (Allocation Failure) 2020-10-29T08:53:03.898+0000: [ParNew: 16388K->4K(18432K), 0.0022202 secs] 367393K->351009K(608276K), 0.0022589 secs] [Times: user=0.01 sys=0.00, real=0.00 secs] 
2020-10-29T08:53:03.917+0000: [GC (Allocation Failure) 2020-10-29T08:53:03.917+0000: [ParNew: 16388K->4K(18432K), 0.0020990 secs] 367393K->351009K(608276K), 0.0021423 secs] [Times: user=0.00 sys=0.00, real=0.00 secs] 
2020-10-29T08:53:03.935+0000: [GC (Allocation Failure) 2020-10-29T08:53:03.935+0000: [ParNew: 16388K->4K(18432K), 0.0021098 secs] 367393K->351009K(608276K), 0.0021533 secs] [Times: user=0.01 sys=0.00, real=0.00 secs] 
2020-10-29T08:53:03.950+0000: [GC (Allocation Failure) 2020-10-29T08:53:03.950+0000: [ParNew: 10805K->4K(18432K), 0.0020454 secs] 361811K->351009K(608276K), 0.0020875 secs] [Times: user=0.00 sys=0.00, real=0.00 secs] 
2020-10-29T08:53:03.962+0000: [GC (Allocation Failure) 2020-10-29T08:53:03.962+0000: [ParNew: 16388K->4K(18432K), 0.0030236 secs] 367393K->359201K(608276K), 0.0030714 secs] [Times: user=0.00 sys=0.00, real=0.00 secs] 
2020-10-29T08:53:03.968+0000: [GC (CMS Initial Mark) [1 CMS-initial-mark: 359197K(589844K)] 359527K(608276K), 0.0011741 secs] [Times: user=0.00 sys=0.00, real=0.00 secs] 
2020-10-29T08:53:03.969+0000: [CMS-concurrent-mark-start]
2020-10-29T08:53:03.991+0000: [GC (Allocation Failure) 2020-10-29T08:53:03.991+0000: [ParNew: 16388K->4K(18432K), 0.0021459 secs] 375585K->359201K(608276K), 0.0021941 secs] [Times: user=0.00 sys=0.00, real=0.00 secs] 
2020-10-29T08:53:04.016+0000: [GC (Allocation Failure) 2020-10-29T08:53:04.017+0000: [ParNew: 16388K->4K(18432K), 0.0021668 secs] 375585K->359201K(608276K), 0.0022153 secs] [Times: user=0.00 sys=0.00, real=0.00 secs] 
2020-10-29T08:53:04.046+0000: [GC (Allocation Failure) 2020-10-29T08:53:04.046+0000: [ParNew: 16388K->4K(18432K), 0.0021475 secs] 375585K->359201K(608276K), 0.0021974 secs] [Times: user=0.00 sys=0.00, real=0.00 secs] 
2020-10-29T08:53:04.065+0000: [CMS-concurrent-mark: 0.073/0.095 secs] [Times: user=0.17 sys=0.00, real=0.10 secs] 
2020-10-29T08:53:04.065+0000: [CMS-concurrent-preclean-start]
2020-10-29T08:53:04.067+0000: [CMS-concurrent-preclean: 0.002/0.002 secs] [Times: user=0.01 sys=0.01, real=0.00 secs] 
2020-10-29T08:53:04.067+0000: [CMS-concurrent-abortable-preclean-start]
2020-10-29T08:53:04.069+0000: [GC (Allocation Failure) 2020-10-29T08:53:04.069+0000: [ParNew: 16388K->4K(18432K), 0.0018158 secs] 375585K->359201K(608276K), 0.0018518 secs] [Times: user=0.01 sys=0.00, real=0.01 secs] 
2020-10-29T08:53:04.090+0000: [GC (Allocation Failure) 2020-10-29T08:53:04.090+0000: [ParNew: 16388K->4K(18432K), 0.0016780 secs] 375585K->359201K(608276K), 0.0017196 secs] [Times: user=0.00 sys=0.00, real=0.00 secs] 
2020-10-29T08:53:04.110+0000: [GC (Allocation Failure) 2020-10-29T08:53:04.110+0000: [ParNew: 16388K->4K(18432K), 0.0019586 secs] 375585K->359201K(608276K), 0.0020038 secs] [Times: user=0.01 sys=0.00, real=0.00 secs] 
2020-10-29T08:53:04.129+0000: [GC (Allocation Failure) 2020-10-29T08:53:04.129+0000: [ParNew: 16388K->4K(18432K), 0.0021228 secs] 375585K->359201K(608276K), 0.0021714 secs] [Times: user=0.01 sys=0.00, real=0.01 secs] 
2020-10-29T08:53:04.150+0000: [GC (Allocation Failure) 2020-10-29T08:53:04.150+0000: [ParNew: 16388K->4K(18432K), 0.0018984 secs] 375585K->359201K(608276K), 0.0019438 secs] [Times: user=0.01 sys=0.00, real=0.00 secs] 
2020-10-29T08:53:04.169+0000: [GC (Allocation Failure) 2020-10-29T08:53:04.169+0000: [ParNew: 16388K->4K(18432K), 0.0022877 secs] 375585K->359201K(608276K), 0.0023311 secs] [Times: user=0.00 sys=0.00, real=0.01 secs] 
2020-10-29T08:53:04.194+0000: [GC (Allocation Failure) 2020-10-29T08:53:04.194+0000: [ParNew: 16388K->4K(18432K), 0.0020626 secs] 375585K->359201K(608276K), 0.0021111 secs] [Times: user=0.01 sys=0.00, real=0.00 secs] 
2020-10-29T08:53:04.214+0000: [GC (Allocation Failure) 2020-10-29T08:53:04.214+0000: [ParNew: 16388K->4K(18432K), 0.0017706 secs] 375585K->359201K(608276K), 0.0018121 secs] [Times: user=0.00 sys=0.00, real=0.00 secs] 
2020-10-29T08:53:04.234+0000: [GC (Allocation Failure) 2020-10-29T08:53:04.234+0000: [ParNew: 16388K->4K(18432K), 0.0018512 secs] 375585K->359201K(608276K), 0.0018955 secs] [Times: user=0.00 sys=0.00, real=0.00 secs] 
2020-10-29T08:53:04.254+0000: [GC (Allocation Failure) 2020-10-29T08:53:04.254+0000: [ParNew: 16388K->4K(18432K), 0.0017574 secs] 375585K->359201K(608276K), 0.0017972 secs] [Times: user=0.00 sys=0.00, real=0.00 secs] 
2020-10-29T08:53:04.273+0000: [GC (Allocation Failure) 2020-10-29T08:53:04.273+0000: [ParNew: 16388K->4K(18432K), 0.0016926 secs] 375585K->359201K(608276K), 0.0017327 secs] [Times: user=0.01 sys=0.00, real=0.00 secs] 
2020-10-29T08:53:04.294+0000: [GC (Allocation Failure) 2020-10-29T08:53:04.294+0000: [ParNew: 16388K->4K(18432K), 0.0017295 secs] 375585K->359201K(608276K), 0.0017700 secs] [Times: user=0.01 sys=0.00, real=0.00 secs] 
2020-10-29T08:53:04.313+0000: [GC (Allocation Failure) 2020-10-29T08:53:04.313+0000: [ParNew: 16388K->4K(18432K), 0.0020261 secs] 375585K->359201K(608276K), 0.0020785 secs] [Times: user=0.00 sys=0.00, real=0.00 secs] 
2020-10-29T08:53:04.331+0000: [GC (Allocation Failure) 2020-10-29T08:53:04.331+0000: [ParNew: 16388K->4K(18432K), 0.0019022 secs] 375585K->359201K(608276K), 0.0019466 secs] [Times: user=0.00 sys=0.00, real=0.00 secs] 
2020-10-29T08:53:04.354+0000: [GC (Allocation Failure) 2020-10-29T08:53:04.354+0000: [ParNew: 16388K->4K(18432K), 0.0017271 secs] 375585K->359201K(608276K), 0.0017675 secs] [Times: user=0.01 sys=0.00, real=0.00 secs] 
2020-10-29T08:53:04.375+0000: [GC (Allocation Failure) 2020-10-29T08:53:04.375+0000: [ParNew: 16388K->4K(18432K), 0.0019682 secs] 375585K->359201K(608276K), 0.0020086 secs] [Times: user=0.01 sys=0.00, real=0.00 secs] 
2020-10-29T08:53:04.396+0000: [GC (Allocation Failure) 2020-10-29T08:53:04.396+0000: [ParNew: 16388K->4K(18432K), 0.0019775 secs] 375585K->359201K(608276K), 0.0020268 secs] [Times: user=0.00 sys=0.00, real=0.00 secs] 
2020-10-29T08:53:04.420+0000: [GC (Allocation Failure) 2020-10-29T08:53:04.420+0000: [ParNew: 16388K->4K(18432K), 0.0020417 secs] 375585K->359201K(608276K), 0.0020898 secs] [Times: user=0.00 sys=0.00, real=0.00 secs] 
2020-10-29T08:53:04.438+0000: [GC (Allocation Failure) 2020-10-29T08:53:04.438+0000: [ParNew: 11638K->4K(18432K), 0.0019186 secs] 370836K->359201K(608276K), 0.0019657 secs] [Times: user=0.00 sys=0.00, real=0.00 secs] 
2020-10-29T08:53:04.454+0000: [GC (Allocation Failure) 2020-10-29T08:53:04.454+0000: [ParNew: 16388K->4K(18432K), 0.0078224 secs] 375585K->367394K(608276K), 0.0078673 secs] [Times: user=0.01 sys=0.00, real=0.00 secs] 
2020-10-29T08:53:04.462+0000: [CMS-concurrent-abortable-preclean: 0.035/0.395 secs] [Times: user=0.68 sys=0.02, real=0.39 secs] 
2020-10-29T08:53:04.465+0000: [GC (CMS Final Remark) [YG occupancy: 329 K (18432 K)]2020-10-29T08:53:04.465+0000: [Rescan (parallel) , 0.0015583 secs]2020-10-29T08:53:04.467+0000: [weak refs processing, 0.0000255 secs]2020-10-29T08:53:04.467+0000: [class unloading, 0.0085720 secs]2020-10-29T08:53:04.475+0000: [scrub symbol table, 0.0093248 secs]2020-10-29T08:53:04.485+0000: [scrub string table, 0.0005750 secs][1 CMS-remark: 367389K(589844K)] 367719K(608276K), 0.0201682 secs] [Times: user=0.02 sys=0.00, real=0.02 secs] 
2020-10-29T08:53:04.490+0000: [CMS-concurrent-sweep-start]
2020-10-29T08:53:04.508+0000: [GC (Allocation Failure) 2020-10-29T08:53:04.508+0000: [ParNew: 16388K->4K(18432K), 0.0023397 secs] 383778K->367394K(608276K), 0.0024096 secs] [Times: user=0.00 sys=0.00, real=0.01 secs] 
2020-10-29T08:53:04.516+0000: [CMS-concurrent-sweep: 0.020/0.026 secs] [Times: user=0.05 sys=0.00, real=0.02 secs] 
2020-10-29T08:53:04.517+0000: [CMS-concurrent-reset-start]
2020-10-29T08:53:04.527+0000: [CMS-concurrent-reset: 0.010/0.010 secs] [Times: user=0.02 sys=0.00, real=0.01 secs] 
2020-10-29T08:53:04.529+0000: [GC (Allocation Failure) 2020-10-29T08:53:04.529+0000: [ParNew: 16388K->4K(18432K), 0.0022754 secs] 367393K->351009K(608276K), 0.0023116 secs] [Times: user=0.01 sys=0.00, real=0.01 secs] 
2020-10-29T08:53:04.548+0000: [GC (Allocation Failure) 2020-10-29T08:53:04.548+0000: [ParNew: 16388K->4K(18432K), 0.0022051 secs] 367393K->351009K(608276K), 0.0022511 secs] [Times: user=0.00 sys=0.00, real=0.01 secs] 
2020-10-29T08:53:04.567+0000: [GC (Allocation Failure) 2020-10-29T08:53:04.567+0000: [ParNew: 16388K->4K(18432K), 0.0022061 secs] 367393K->351009K(608276K), 0.0022735 secs] [Times: user=0.00 sys=0.00, real=0.00 secs] 
2020-10-29T08:53:04.585+0000: [GC (Allocation Failure) 2020-10-29T08:53:04.585+0000: [ParNew: 16388K->4K(18432K), 0.0021790 secs] 367393K->351009K(608276K), 0.0022245 secs] [Times: user=0.01 sys=0.00, real=0.00 secs] 
2020-10-29T08:53:04.606+0000: [GC (Allocation Failure) 2020-10-29T08:53:04.606+0000: [ParNew: 16388K->4K(18432K), 0.0022278 secs] 367393K->351010K(608276K), 0.0022728 secs] [Times: user=0.01 sys=0.00, real=0.00 secs] 
2020-10-29T08:53:04.625+0000: [GC (Allocation Failure) 2020-10-29T08:53:04.625+0000: [ParNew: 16388K->4K(18432K), 0.0020162 secs] 367394K->351010K(608276K), 0.0020646 secs] [Times: user=0.00 sys=0.00, real=0.00 secs] 
2020-10-29T08:53:04.645+0000: [GC (Allocation Failure) 2020-10-29T08:53:04.645+0000: [ParNew: 13898K->4K(18432K), 0.0020772 secs] 364904K->351010K(608276K), 0.0021217 secs] [Times: user=0.00 sys=0.00, real=0.00 secs] 
2020-10-29T08:53:04.657+0000: [GC (Allocation Failure) 2020-10-29T08:53:04.657+0000: [ParNew: 16388K->4K(18432K), 0.0029838 secs] 367394K->359202K(608276K), 0.0030460 secs] [Times: user=0.00 sys=0.00, real=0.00 secs] 
2020-10-29T08:53:04.678+0000: [GC (Allocation Failure) 2020-10-29T08:53:04.678+0000: [ParNew: 16388K->4K(18432K), 0.0021715 secs] 375586K->359202K(608276K), 0.0022138 secs] [Times: user=0.01 sys=0.00, real=0.00 secs] 
2020-10-29T08:53:04.698+0000: [GC (Allocation Failure) 2020-10-29T08:53:04.698+0000: [ParNew: 16388K->4K(18432K), 0.0022533 secs] 375586K->359202K(608276K), 0.0023009 secs] [Times: user=0.00 sys=0.00, real=0.00 secs] 
2020-10-29T08:53:04.717+0000: [GC (Allocation Failure) 2020-10-29T08:53:04.717+0000: [ParNew: 16388K->4K(18432K), 0.0023079 secs] 375586K->359202K(608276K), 0.0023613 secs] [Times: user=0.00 sys=0.00, real=0.00 secs] 
2020-10-29T08:53:04.736+0000: [GC (Allocation Failure) 2020-10-29T08:53:04.736+0000: [ParNew: 16388K->4K(18432K), 0.0021762 secs] 375586K->359202K(608276K), 0.0022379 secs] [Times: user=0.01 sys=0.00, real=0.00 secs] 
2020-10-29T08:53:04.758+0000: [GC (Allocation Failure) 2020-10-29T08:53:04.758+0000: [ParNew: 16388K->4K(18432K), 0.0023487 secs] 375586K->359202K(608276K), 0.0023982 secs] [Times: user=0.00 sys=0.00, real=0.00 secs] 
2020-10-29T08:53:04.778+0000: [GC (Allocation Failure) 2020-10-29T08:53:04.778+0000: [ParNew: 16388K->4K(18432K), 0.0021199 secs] 375586K->359202K(608276K), 0.0021649 secs] [Times: user=0.00 sys=0.00, real=0.00 secs] 
2020-10-29T08:53:04.797+0000: [GC (Allocation Failure) 2020-10-29T08:53:04.797+0000: [ParNew: 16388K->4K(18432K), 0.0020933 secs] 375586K->359202K(608276K), 0.0021390 secs] [Times: user=0.01 sys=0.00, real=0.00 secs] 
2020-10-29T08:53:04.815+0000: [GC (Allocation Failure) 2020-10-29T08:53:04.815+0000: [ParNew: 16388K->4K(18432K), 0.0021172 secs] 375586K->359202K(608276K), 0.0021622 secs] [Times: user=0.00 sys=0.00, real=0.00 secs] 
2020-10-29T08:53:04.834+0000: [GC (Allocation Failure) 2020-10-29T08:53:04.834+0000: [ParNew: 16388K->4K(18432K), 0.0023604 secs] 375586K->359202K(608276K), 0.0024078 secs] [Times: user=0.01 sys=0.00, real=0.00 secs] 
2020-10-29T08:53:04.852+0000: [GC (Allocation Failure) 2020-10-29T08:53:04.852+0000: [ParNew: 16388K->4K(18432K), 0.0022712 secs] 375586K->359202K(608276K), 0.0023207 secs] [Times: user=0.01 sys=0.00, real=0.00 secs] 
2020-10-29T08:53:04.871+0000: [GC (Allocation Failure) 2020-10-29T08:53:04.871+0000: [ParNew: 16388K->4K(18432K), 0.0021923 secs] 375586K->359202K(608276K), 0.0022368 secs] [Times: user=0.01 sys=0.00, real=0.00 secs] 
2020-10-29T08:53:04.889+0000: [GC (Allocation Failure) 2020-10-29T08:53:04.889+0000: [ParNew: 16388K->4K(18432K), 0.0019928 secs] 375586K->359202K(608276K), 0.0020328 secs] [Times: user=0.00 sys=0.00, real=0.01 secs] 
2020-10-29T08:53:04.910+0000: [GC (Allocation Failure) 2020-10-29T08:53:04.910+0000: [ParNew: 16388K->4K(18432K), 0.0020644 secs] 375586K->359202K(608276K), 0.0021059 secs] [Times: user=0.01 sys=0.00, real=0.00 secs] 
2020-10-29T08:53:04.930+0000: [GC (Allocation Failure) 2020-10-29T08:53:04.930+0000: [ParNew: 16388K->4K(18432K), 0.0020119 secs] 375586K->359202K(608276K), 0.0020551 secs] [Times: user=0.01 sys=0.00, real=0.00 secs] 
2020-10-29T08:53:04.949+0000: [GC (Allocation Failure) 2020-10-29T08:53:04.949+0000: [ParNew: 16388K->4K(18432K), 0.0021250 secs] 375586K->359202K(608276K), 0.0021684 secs] [Times: user=0.00 sys=0.00, real=0.01 secs] 
2020-10-29T08:53:04.967+0000: [GC (Allocation Failure) 2020-10-29T08:53:04.967+0000: [ParNew: 16388K->4K(18432K), 0.0021107 secs] 375586K->359202K(608276K), 0.0021539 secs] [Times: user=0.01 sys=0.00, real=0.00 secs] 
2020-10-29T08:53:04.986+0000: [GC (Allocation Failure) 2020-10-29T08:53:04.986+0000: [ParNew: 16388K->4K(18432K), 0.0021968 secs] 375586K->359202K(608276K), 0.0022435 secs] [Times: user=0.01 sys=0.00, real=0.00 secs] 
2020-10-29T08:53:05.006+0000: [GC (Allocation Failure) 2020-10-29T08:53:05.006+0000: [ParNew: 16388K->4K(18432K), 0.0021844 secs] 375586K->359202K(608276K), 0.0022314 secs] [Times: user=0.00 sys=0.00, real=0.00 secs] 
2020-10-29T08:53:05.018+0000: [GC (Allocation Failure) 2020-10-29T08:53:05.018+0000: [ParNew: 16388K->4K(18432K), 0.0074645 secs] 375586K->367394K(608276K), 0.0075086 secs] [Times: user=0.01 sys=0.01, real=0.01 secs] 
2020-10-29T08:53:05.026+0000: [GC (CMS Initial Mark) [1 CMS-initial-mark: 367390K(589844K)] 367721K(608276K), 0.0011600 secs] [Times: user=0.00 sys=0.00, real=0.00 secs] 
2020-10-29T08:53:05.027+0000: [CMS-concurrent-mark-start]
2020-10-29T08:53:05.048+0000: [GC (Allocation Failure) 2020-10-29T08:53:05.048+0000: [ParNew: 16388K->4K(18432K), 0.0020027 secs] 383778K->367394K(608276K), 0.0020461 secs] [Times: user=0.00 sys=0.00, real=0.00 secs] 
2020-10-29T08:53:05.070+0000: [GC (Allocation Failure) 2020-10-29T08:53:05.070+0000: [ParNew: 16388K->4K(18432K), 0.0020995 secs] 383778K->367394K(608276K), 0.0021449 secs] [Times: user=0.00 sys=0.00, real=0.01 secs] 
2020-10-29T08:53:05.096+0000: [GC (Allocation Failure) 2020-10-29T08:53:05.096+0000: [ParNew: 16388K->4K(18432K), 0.0021132 secs] 383778K->367394K(608276K), 0.0021631 secs] [Times: user=0.01 sys=0.00, real=0.00 secs] 
2020-10-29T08:53:05.118+0000: [GC (Allocation Failure) 2020-10-29T08:53:05.118+0000: [ParNew: 16388K->4K(18432K), 0.0022208 secs] 383778K->367394K(608276K), 0.0022718 secs] [Times: user=0.01 sys=0.00, real=0.00 secs] 
2020-10-29T08:53:05.122+0000: [CMS-concurrent-mark: 0.085/0.094 secs] [Times: user=0.18 sys=0.00, real=0.09 secs] 
2020-10-29T08:53:05.122+0000: [CMS-concurrent-preclean-start]
2020-10-29T08:53:05.124+0000: [CMS-concurrent-preclean: 0.002/0.002 secs] [Times: user=0.01 sys=0.00, real=0.01 secs] 
2020-10-29T08:53:05.124+0000: [CMS-concurrent-abortable-preclean-start]
2020-10-29T08:53:05.142+0000: [GC (Allocation Failure) 2020-10-29T08:53:05.142+0000: [ParNew: 16388K->4K(18432K), 0.0021678 secs] 383778K->367394K(608276K), 0.0022182 secs] [Times: user=0.00 sys=0.00, real=0.00 secs] 
2020-10-29T08:53:05.162+0000: [GC (Allocation Failure) 2020-10-29T08:53:05.162+0000: [ParNew: 16388K->4K(18432K), 0.0020324 secs] 383778K->367394K(608276K), 0.0020802 secs] [Times: user=0.01 sys=0.00, real=0.01 secs] 
2020-10-29T08:53:05.182+0000: [GC (Allocation Failure) 2020-10-29T08:53:05.182+0000: [ParNew: 16388K->4K(18432K), 0.0018898 secs] 383778K->367394K(608276K), 0.0019343 secs] [Times: user=0.00 sys=0.00, real=0.00 secs] 
2020-10-29T08:53:05.201+0000: [GC (Allocation Failure) 2020-10-29T08:53:05.201+0000: [ParNew: 16388K->4K(18432K), 0.0017414 secs] 383778K->367394K(608276K), 0.0018046 secs] [Times: user=0.00 sys=0.00, real=0.01 secs] 
2020-10-29T08:53:05.219+0000: [GC (Allocation Failure) 2020-10-29T08:53:05.219+0000: [ParNew: 15626K->4K(18432K), 0.0019979 secs] 383016K->367394K(608276K), 0.0020457 secs] [Times: user=0.01 sys=0.00, real=0.00 secs] 
2020-10-29T08:53:05.234+0000: [GC (Allocation Failure) 2020-10-29T08:53:05.234+0000: [ParNew: 16388K->4K(18432K), 0.0110401 secs] 383778K->375586K(608276K), 0.0110841 secs] [Times: user=0.02 sys=0.00, real=0.01 secs] 
2020-10-29T08:53:05.245+0000: [CMS-concurrent-abortable-preclean: 0.007/0.121 secs] [Times: user=0.21 sys=0.01, real=0.12 secs] 
2020-10-29T08:53:05.246+0000: [GC (CMS Final Remark) [YG occupancy: 128 K (18432 K)]2020-10-29T08:53:05.246+0000: [Rescan (parallel) , 0.0013735 secs]2020-10-29T08:53:05.247+0000: [weak refs processing, 0.0000248 secs]2020-10-29T08:53:05.247+0000: [class unloading, 0.0076871 secs]2020-10-29T08:53:05.255+0000: [scrub symbol table, 0.0086861 secs]2020-10-29T08:53:05.263+0000: [scrub string table, 0.0005595 secs][1 CMS-remark: 375582K(589844K)] 375710K(608276K), 0.0184205 secs] [Times: user=0.02 sys=0.00, real=0.02 secs] 
2020-10-29T08:53:05.270+0000: [CMS-concurrent-sweep-start]
2020-10-29T08:53:05.285+0000: [GC (Allocation Failure) 2020-10-29T08:53:05.285+0000: [ParNew: 16388K->4K(18432K), 0.0022476 secs] 391970K->375586K(608276K), 0.0022989 secs] [Times: user=0.01 sys=0.00, real=0.00 secs] 
2020-10-29T08:53:05.290+0000: [CMS-concurrent-sweep: 0.016/0.019 secs] [Times: user=0.04 sys=0.00, real=0.01 secs] 
2020-10-29T08:53:05.290+0000: [CMS-concurrent-reset-start]
2020-10-29T08:53:05.292+0000: [CMS-concurrent-reset: 0.002/0.002 secs] [Times: user=0.00 sys=0.00, real=0.01 secs] 
2020-10-29T08:53:05.305+0000: [GC (Allocation Failure) 2020-10-29T08:53:05.305+0000: [ParNew: 16388K->4K(18432K), 0.0023374 secs] 391970K->375586K(644404K), 0.0023864 secs] [Times: user=0.00 sys=0.00, real=0.00 secs] 
2020-10-29T08:53:05.324+0000: [GC (Allocation Failure) 2020-10-29T08:53:05.324+0000: [ParNew: 16388K->4K(18432K), 0.0021221 secs] 391970K->375586K(644404K), 0.0021619 secs] [Times: user=0.00 sys=0.00, real=0.00 secs] 
2020-10-29T08:53:05.342+0000: [GC (Allocation Failure) 2020-10-29T08:53:05.342+0000: [ParNew: 16388K->4K(18432K), 0.0024899 secs] 391970K->375586K(644404K), 0.0025535 secs] [Times: user=0.00 sys=0.00, real=0.01 secs] 
2020-10-29T08:53:05.362+0000: [GC (Allocation Failure) 2020-10-29T08:53:05.362+0000: [ParNew: 16388K->4K(18432K), 0.0021356 secs] 391970K->375586K(644404K), 0.0021794 secs] [Times: user=0.01 sys=0.00, real=0.00 secs] 
2020-10-29T08:53:05.381+0000: [GC (Allocation Failure) 2020-10-29T08:53:05.381+0000: [ParNew: 16388K->4K(18432K), 0.0022190 secs] 391970K->375586K(644404K), 0.0022651 secs] [Times: user=0.00 sys=0.00, real=0.01 secs] 
2020-10-29T08:53:05.400+0000: [GC (Allocation Failure) 2020-10-29T08:53:05.400+0000: [ParNew: 16388K->4K(18432K), 0.0021318 secs] 391970K->375586K(644404K), 0.0021757 secs] [Times: user=0.00 sys=0.00, real=0.00 secs] 
2020-10-29T08:53:05.418+0000: [GC (Allocation Failure) 2020-10-29T08:53:05.418+0000: [ParNew: 16388K->4K(18432K), 0.0021616 secs] 391970K->375586K(644404K), 0.0022073 secs] [Times: user=0.00 sys=0.00, real=0.00 secs] 
2020-10-29T08:53:05.437+0000: [GC (Allocation Failure) 2020-10-29T08:53:05.437+0000: [ParNew: 16388K->4K(18432K), 0.0022399 secs] 391970K->375586K(644404K), 0.0023033 secs] [Times: user=0.01 sys=0.00, real=0.00 secs] 
2020-10-29T08:53:05.460+0000: [GC (Allocation Failure) 2020-10-29T08:53:05.460+0000: [ParNew: 16388K->4K(18432K), 0.0022721 secs] 391970K->375586K(644404K), 0.0023179 secs] [Times: user=0.00 sys=0.00, real=0.01 secs] 
2020-10-29T08:53:05.479+0000: [GC (Allocation Failure) 2020-10-29T08:53:05.479+0000: [ParNew: 16388K->4K(18432K), 0.0021344 secs] 391970K->375586K(644404K), 0.0021781 secs] [Times: user=0.01 sys=0.00, real=0.00 secs] 
2020-10-29T08:53:05.497+0000: [GC (Allocation Failure) 2020-10-29T08:53:05.497+0000: [ParNew: 16388K->4K(18432K), 0.0021106 secs] 391970K->375586K(644404K), 0.0021510 secs] [Times: user=0.00 sys=0.00, real=0.00 secs] 
2020-10-29T08:53:05.518+0000: [GC (Allocation Failure) 2020-10-29T08:53:05.518+0000: [ParNew: 16388K->4K(18432K), 0.0021510 secs] 391970K->375586K(644404K), 0.0021961 secs] [Times: user=0.01 sys=0.00, real=0.00 secs] 
2020-10-29T08:53:05.537+0000: [GC (Allocation Failure) 2020-10-29T08:53:05.537+0000: [ParNew: 16388K->4K(18432K), 0.0020772 secs] 391970K->375586K(644404K), 0.0021197 secs] [Times: user=0.00 sys=0.00, real=0.00 secs] 
2020-10-29T08:53:05.555+0000: [GC (Allocation Failure) 2020-10-29T08:53:05.555+0000: [ParNew: 16388K->4K(18432K), 0.0023001 secs] 391970K->375586K(644404K), 0.0023490 secs] [Times: user=0.01 sys=0.00, real=0.00 secs] 
2020-10-29T08:53:05.574+0000: [GC (Allocation Failure) 2020-10-29T08:53:05.574+0000: [ParNew: 16388K->4K(18432K), 0.0022613 secs] 391970K->375586K(644404K), 0.0023098 secs] [Times: user=0.01 sys=0.00, real=0.00 secs] 
2020-10-29T08:53:05.596+0000: [GC (Allocation Failure) 2020-10-29T08:53:05.596+0000: [ParNew: 16388K->4K(18432K), 0.0022266 secs] 391970K->375586K(644404K), 0.0022739 secs] [Times: user=0.00 sys=0.00, real=0.00 secs] 
2020-10-29T08:53:05.618+0000: [GC (Allocation Failure) 2020-10-29T08:53:05.618+0000: [ParNew: 16388K->4K(18432K), 0.0020509 secs] 391970K->375586K(644404K), 0.0020999 secs] [Times: user=0.00 sys=0.00, real=0.00 secs] 
2020-10-29T08:53:05.638+0000: [GC (Allocation Failure) 2020-10-29T08:53:05.638+0000: [ParNew: 16388K->4K(18432K), 0.0020194 secs] 391970K->375586K(644404K), 0.0020591 secs] [Times: user=0.01 sys=0.00, real=0.00 secs] 
2020-10-29T08:53:05.658+0000: [GC (Allocation Failure) 2020-10-29T08:53:05.658+0000: [ParNew: 15197K->12K(18432K), 0.0022428 secs] 390779K->375594K(644404K), 0.0022889 secs] [Times: user=0.01 sys=0.00, real=0.00 secs] 
2020-10-29T08:53:05.670+0000: [GC (Allocation Failure) 2020-10-29T08:53:05.670+0000: [ParNew: 16396K->6K(18432K), 0.0076760 secs] 391978K->383780K(644404K), 0.0077228 secs] [Times: user=0.01 sys=0.00, real=0.00 secs] 
2020-10-29T08:53:05.703+0000: [GC (Allocation Failure) 2020-10-29T08:53:05.703+0000: [ParNew: 16390K->228K(18432K), 0.0026489 secs] 400164K->384002K(644404K), 0.0027016 secs] [Times: user=0.01 sys=0.00, real=0.00 secs] 
2020-10-29T08:53:05.727+0000: [GC (Allocation Failure) 2020-10-29T08:53:05.727+0000: [ParNew: 16612K->346K(18432K), 0.0027527 secs] 400386K->384120K(644404K), 0.0028049 secs] [Times: user=0.01 sys=0.00, real=0.00 secs] 
2020-10-29T08:53:05.766+0000: [GC (Allocation Failure) 2020-10-29T08:53:05.766+0000: [ParNew: 16730K->433K(18432K), 0.0027804 secs] 416888K->400592K(644404K), 0.0028306 secs] [Times: user=0.00 sys=0.00, real=0.00 secs] 
2020-10-29T08:53:05.788+0000: [GC (Allocation Failure) 2020-10-29T08:53:05.788+0000: [ParNew: 16817K->492K(18432K), 0.0027191 secs] 416976K->400650K(644404K), 0.0027683 secs] [Times: user=0.01 sys=0.00, real=0.01 secs] 
2020-10-29T08:53:05.807+0000: [GC (Allocation Failure) 2020-10-29T08:53:05.807+0000: [ParNew: 16876K->547K(18432K), 0.0025670 secs] 417034K->400709K(644404K), 0.0026123 secs] [Times: user=0.00 sys=0.00, real=0.00 secs] 
2020-10-29T08:53:05.830+0000: [GC (Allocation Failure) 2020-10-29T08:53:05.830+0000: [ParNew: 16931K->348K(18432K), 0.0024873 secs] 417093K->400510K(644404K), 0.0025276 secs] [Times: user=0.00 sys=0.00, real=0.01 secs] 
2020-10-29T08:53:05.850+0000: [GC (Allocation Failure) 2020-10-29T08:53:05.850+0000: [ParNew: 16732K->255K(18432K), 0.0027589 secs] 416894K->400617K(644404K), 0.0028019 secs] [Times: user=0.01 sys=0.00, real=0.00 secs] 
2020-10-29T08:53:05.869+0000: [GC (Allocation Failure) 2020-10-29T08:53:05.869+0000: [ParNew: 16639K->84K(18432K), 0.0024939 secs] 417001K->400469K(644404K), 0.0025442 secs] [Times: user=0.00 sys=0.00, real=0.01 secs] 
2020-10-29T08:53:05.888+0000: [GC (Allocation Failure) 2020-10-29T08:53:05.888+0000: [ParNew: 16468K->65K(18432K), 0.0024720 secs] 416853K->400491K(644404K), 0.0025177 secs] [Times: user=0.00 sys=0.00, real=0.01 secs] 
2020-10-29T08:53:05.899+0000: [GC (Allocation Failure) 2020-10-29T08:53:05.899+0000: [ParNew: 16449K->21K(18432K), 0.0079449 secs] 416875K->408656K(644404K), 0.0079935 secs] [Times: user=0.01 sys=0.01, real=0.01 secs] 
2020-10-29T08:53:05.923+0000: [GC (Allocation Failure) 2020-10-29T08:53:05.924+0000: [ParNew: 16405K->5K(18432K), 0.0023094 secs] 425040K->408641K(644404K), 0.0023543 secs] [Times: user=0.01 sys=0.00, real=0.00 secs] 
2020-10-29T08:53:05.942+0000: [GC (Allocation Failure) 2020-10-29T08:53:05.942+0000: [ParNew: 16389K->4K(18432K), 0.0021691 secs] 425025K->408639K(644404K), 0.0022129 secs] [Times: user=0.00 sys=0.00, real=0.01 secs] 
2020-10-29T08:53:05.960+0000: [GC (Allocation Failure) 2020-10-29T08:53:05.960+0000: [ParNew: 16388K->4K(18432K), 0.0022697 secs] 425023K->408639K(644404K), 0.0023183 secs] [Times: user=0.00 sys=0.00, real=0.01 secs] 
2020-10-29T08:53:05.979+0000: [GC (Allocation Failure) 2020-10-29T08:53:05.979+0000: [ParNew: 16388K->4K(18432K), 0.0022088 secs] 425023K->408639K(644404K), 0.0022527 secs] [Times: user=0.01 sys=0.00, real=0.00 secs] 
2020-10-29T08:53:05.998+0000: [GC (Allocation Failure) 2020-10-29T08:53:05.998+0000: [ParNew: 16388K->4K(18432K), 0.0022556 secs] 425023K->408639K(644404K), 0.0023055 secs] [Times: user=0.00 sys=0.00, real=0.00 secs] 
2020-10-29T08:53:06.018+0000: [GC (Allocation Failure) 2020-10-29T08:53:06.018+0000: [ParNew: 16388K->4K(18432K), 0.0022775 secs] 425023K->408639K(644404K), 0.0023267 secs] [Times: user=0.00 sys=0.00, real=0.00 secs] 
2020-10-29T08:53:06.038+0000: [GC (Allocation Failure) 2020-10-29T08:53:06.038+0000: [ParNew: 16388K->4K(18432K), 0.0022596 secs] 425023K->408639K(644404K), 0.0023091 secs] [Times: user=0.00 sys=0.00, real=0.00 secs] 
2020-10-29T08:53:06.061+0000: [GC (Allocation Failure) 2020-10-29T08:53:06.061+0000: [ParNew: 16388K->4K(18432K), 0.0023743 secs] 425023K->408639K(644404K), 0.0024441 secs] [Times: user=0.00 sys=0.00, real=0.01 secs] 
2020-10-29T08:53:06.081+0000: [GC (Allocation Failure) 2020-10-29T08:53:06.081+0000: [ParNew: 16388K->4K(18432K), 0.0022911 secs] 425023K->408639K(644404K), 0.0023392 secs] [Times: user=0.00 sys=0.00, real=0.01 secs] 
2020-10-29T08:53:06.102+0000: [GC (Allocation Failure) 2020-10-29T08:53:06.102+0000: [ParNew: 16388K->4K(18432K), 0.0022848 secs] 425023K->408639K(644404K), 0.0023342 secs] [Times: user=0.00 sys=0.00, real=0.00 secs] 
2020-10-29T08:53:06.122+0000: [GC (Allocation Failure) 2020-10-29T08:53:06.122+0000: [ParNew: 16388K->4K(18432K), 0.0023032 secs] 425023K->408639K(644404K), 0.0023532 secs] [Times: user=0.01 sys=0.00, real=0.00 secs] 
2020-10-29T08:53:06.145+0000: [GC (Allocation Failure) 2020-10-29T08:53:06.145+0000: [ParNew: 16388K->4K(18432K), 0.0023379 secs] 425023K->408639K(644404K), 0.0023892 secs] [Times: user=0.01 sys=0.00, real=0.00 secs] 
2020-10-29T08:53:06.166+0000: [GC (Allocation Failure) 2020-10-29T08:53:06.166+0000: [ParNew: 16388K->4K(18432K), 0.0022661 secs] 425023K->408639K(644404K), 0.0023138 secs] [Times: user=0.00 sys=0.00, real=0.00 secs] 
2020-10-29T08:53:06.186+0000: [GC (Allocation Failure) 2020-10-29T08:53:06.186+0000: [ParNew: 16388K->4K(18432K), 0.0022662 secs] 425023K->408639K(644404K), 0.0023146 secs] [Times: user=0.00 sys=0.00, real=0.00 secs] 
2020-10-29T08:53:06.205+0000: [GC (Allocation Failure) 2020-10-29T08:53:06.205+0000: [ParNew: 16388K->4K(18432K), 0.0023563 secs] 425023K->408639K(644404K), 0.0024082 secs] [Times: user=0.01 sys=0.00, real=0.00 secs] 
2020-10-29T08:53:06.224+0000: [GC (Allocation Failure) 2020-10-29T08:53:06.224+0000: [ParNew: 16388K->4K(18432K), 0.0023475 secs] 425023K->408639K(644404K), 0.0023999 secs] [Times: user=0.01 sys=0.00, real=0.00 secs] 
2020-10-29T08:53:06.244+0000: [GC (Allocation Failure) 2020-10-29T08:53:06.244+0000: [ParNew: 16388K->4K(18432K), 0.0023397 secs] 425023K->408639K(644404K), 0.0023847 secs] [Times: user=0.00 sys=0.00, real=0.00 secs] 
2020-10-29T08:53:06.256+0000: [GC (Allocation Failure) 2020-10-29T08:53:06.256+0000: [ParNew: 16388K->4K(18432K), 0.0078225 secs] 425023K->416831K(644404K), 0.0078688 secs] [Times: user=0.02 sys=0.00, real=0.01 secs] 
2020-10-29T08:53:06.282+0000: [GC (Allocation Failure) 2020-10-29T08:53:06.282+0000: [ParNew: 16388K->4K(18432K), 0.0022358 secs] 433215K->416831K(644404K), 0.0022818 secs] [Times: user=0.00 sys=0.00, real=0.00 secs] 
2020-10-29T08:53:06.302+0000: [GC (Allocation Failure) 2020-10-29T08:53:06.302+0000: [ParNew: 16388K->4K(18432K), 0.0022504 secs] 433215K->416831K(644404K), 0.0022984 secs] [Times: user=0.00 sys=0.00, real=0.00 secs] 
2020-10-29T08:53:06.322+0000: [GC (Allocation Failure) 2020-10-29T08:53:06.322+0000: [ParNew: 16388K->4K(18432K), 0.0022746 secs] 433215K->416831K(644404K), 0.0023236 secs] [Times: user=0.01 sys=0.00, real=0.00 secs] 
2020-10-29T08:53:06.341+0000: [GC (Allocation Failure) 2020-10-29T08:53:06.341+0000: [ParNew: 16388K->4K(18432K), 0.0023643 secs] 433215K->416831K(644404K), 0.0024131 secs] [Times: user=0.00 sys=0.00, real=0.01 secs] 
2020-10-29T08:53:06.359+0000: [GC (Allocation Failure) 2020-10-29T08:53:06.359+0000: [ParNew: 16388K->4K(18432K), 0.0022972 secs] 433215K->416831K(644404K), 0.0023480 secs] [Times: user=0.01 sys=0.00, real=0.00 secs] 
2020-10-29T08:53:06.378+0000: [GC (Allocation Failure) 2020-10-29T08:53:06.378+0000: [ParNew: 16388K->4K(18432K), 0.0023334 secs] 433215K->416831K(644404K), 0.0023997 secs] [Times: user=0.00 sys=0.00, real=0.00 secs] 
2020-10-29T08:53:06.396+0000: [GC (Allocation Failure) 2020-10-29T08:53:06.396+0000: [ParNew: 16388K->4K(18432K), 0.0023450 secs] 433215K->416831K(644404K), 0.0023946 secs] [Times: user=0.00 sys=0.00, real=0.00 secs] 
2020-10-29T08:53:06.418+0000: [GC (Allocation Failure) 2020-10-29T08:53:06.418+0000: [ParNew: 16388K->4K(18432K), 0.0023185 secs] 433215K->416831K(644404K), 0.0023700 secs] [Times: user=0.01 sys=0.00, real=0.00 secs] 
2020-10-29T08:53:06.437+0000: [GC (Allocation Failure) 2020-10-29T08:53:06.437+0000: [ParNew: 16388K->4K(18432K), 0.0023307 secs] 433215K->416831K(644404K), 0.0023820 secs] [Times: user=0.00 sys=0.00, real=0.00 secs] 
2020-10-29T08:53:06.458+0000: [GC (Allocation Failure) 2020-10-29T08:53:06.458+0000: [ParNew: 16388K->4K(18432K), 0.0023363 secs] 433215K->416831K(644404K), 0.0023885 secs] [Times: user=0.01 sys=0.00, real=0.00 secs] 
2020-10-29T08:53:06.478+0000: [GC (Allocation Failure) 2020-10-29T08:53:06.478+0000: [ParNew: 16388K->4K(18432K), 0.0022906 secs] 433215K->416831K(644404K), 0.0023404 secs] [Times: user=0.00 sys=0.00, real=0.00 secs] 
2020-10-29T08:53:06.497+0000: [GC (Allocation Failure) 2020-10-29T08:53:06.497+0000: [ParNew: 16388K->4K(18432K), 0.0022767 secs] 433215K->416831K(644404K), 0.0023244 secs] [Times: user=0.00 sys=0.00, real=0.00 secs] 
2020-10-29T08:53:06.511+0000: [GC (Allocation Failure) 2020-10-29T08:53:06.511+0000: [ParNew: 11197K->4K(18432K), 0.0022635 secs] 428025K->416831K(644404K), 0.0023120 secs] [Times: user=0.01 sys=0.00, real=0.00 secs] 
2020-10-29T08:53:06.522+0000: [GC (Allocation Failure) 2020-10-29T08:53:06.522+0000: [ParNew: 16388K->4K(18432K), 0.0078995 secs] 433215K->425023K(644404K), 0.0079487 secs] [Times: user=0.02 sys=0.00, real=0.01 secs] 
2020-10-29T08:53:06.546+0000: [GC (Allocation Failure) 2020-10-29T08:53:06.546+0000: [ParNew: 16388K->4K(18432K), 0.0023281 secs] 441407K->425023K(644404K), 0.0023775 secs] [Times: user=0.00 sys=0.00, real=0.00 secs] 
2020-10-29T08:53:06.565+0000: [GC (Allocation Failure) 2020-10-29T08:53:06.565+0000: [ParNew: 16388K->4K(18432K), 0.0023226 secs] 441407K->425023K(644404K), 0.0023759 secs] [Times: user=0.01 sys=0.00, real=0.00 secs] 
2020-10-29T08:53:06.586+0000: [GC (Allocation Failure) 2020-10-29T08:53:06.586+0000: [ParNew: 16388K->4K(18432K), 0.0022500 secs] 441407K->425023K(644404K), 0.0022971 secs] [Times: user=0.01 sys=0.00, real=0.00 secs] 
2020-10-29T08:53:06.606+0000: [GC (Allocation Failure) 2020-10-29T08:53:06.606+0000: [ParNew: 16388K->4K(18432K), 0.0022315 secs] 441407K->425023K(644404K), 0.0022800 secs] [Times: user=0.00 sys=0.00, real=0.00 secs] 
2020-10-29T08:53:06.626+0000: [GC (Allocation Failure) 2020-10-29T08:53:06.626+0000: [ParNew: 16388K->4K(18432K), 0.0029333 secs] 441407K->425023K(644404K), 0.0029861 secs] [Times: user=0.01 sys=0.00, real=0.00 secs] 
2020-10-29T08:53:06.646+0000: [GC (Allocation Failure) 2020-10-29T08:53:06.646+0000: [ParNew: 16388K->4K(18432K), 0.0023184 secs] 441407K->425023K(644404K), 0.0023695 secs] [Times: user=0.01 sys=0.00, real=0.00 secs] 
2020-10-29T08:53:06.665+0000: [GC (Allocation Failure) 2020-10-29T08:53:06.665+0000: [ParNew: 16388K->4K(18432K), 0.0023299 secs] 441407K->425023K(644404K), 0.0023809 secs] [Times: user=0.00 sys=0.00, real=0.00 secs] 
2020-10-29T08:53:06.686+0000: [GC (Allocation Failure) 2020-10-29T08:53:06.686+0000: [ParNew: 16388K->4K(18432K), 0.0030881 secs] 441407K->425023K(644404K), 0.0031669 secs] [Times: user=0.00 sys=0.00, real=0.00 secs] 
2020-10-29T08:53:06.706+0000: [GC (Allocation Failure) 2020-10-29T08:53:06.706+0000: [ParNew: 16388K->4K(18432K), 0.0023855 secs] 441407K->425023K(644404K), 0.0024390 secs] [Times: user=0.00 sys=0.00, real=0.00 secs] 
2020-10-29T08:53:06.726+0000: [GC (Allocation Failure) 2020-10-29T08:53:06.726+0000: [ParNew: 16388K->4K(18432K), 0.0023384 secs] 441407K->425023K(644404K), 0.0023897 secs] [Times: user=0.00 sys=0.00, real=0.00 secs] 
2020-10-29T08:53:06.745+0000: [GC (Allocation Failure) 2020-10-29T08:53:06.745+0000: [ParNew: 16388K->4K(18432K), 0.0022559 secs] 441407K->425023K(644404K), 0.0023029 secs] [Times: user=0.01 sys=0.00, real=0.00 secs] 
2020-10-29T08:53:06.766+0000: [GC (Allocation Failure) 2020-10-29T08:53:06.766+0000: [ParNew: 16388K->4K(18432K), 0.0022952 secs] 441407K->425023K(644404K), 0.0023463 secs] [Times: user=0.01 sys=0.00, real=0.00 secs] 
2020-10-29T08:53:06.785+0000: [GC (Allocation Failure) 2020-10-29T08:53:06.785+0000: [ParNew: 16388K->4K(18432K), 0.0022914 secs] 441407K->425023K(644404K), 0.0023405 secs] [Times: user=0.00 sys=0.00, real=0.00 secs] 
2020-10-29T08:53:06.799+0000: [GC (Allocation Failure) 2020-10-29T08:53:06.799+0000: [ParNew: 11832K->4K(18432K), 0.0020223 secs] 436852K->425023K(644404K), 0.0020625 secs] [Times: user=0.01 sys=0.00, real=0.00 secs] 
2020-10-29T08:53:06.814+0000: [GC (Allocation Failure) 2020-10-29T08:53:06.814+0000: [ParNew: 16388K->4K(18432K), 0.0138538 secs] 441407K->433215K(644404K), 0.0139098 secs] [Times: user=0.01 sys=0.00, real=0.01 secs] 
2020-10-29T08:53:06.844+0000: [GC (Allocation Failure) 2020-10-29T08:53:06.844+0000: [ParNew: 16388K->4K(18432K), 0.0023493 secs] 449599K->433215K(644404K), 0.0023988 secs] [Times: user=0.00 sys=0.00, real=0.00 secs] 
2020-10-29T08:53:06.863+0000: [GC (Allocation Failure) 2020-10-29T08:53:06.863+0000: [ParNew: 16388K->4K(18432K), 0.0023204 secs] 449599K->433215K(644404K), 0.0023725 secs] [Times: user=0.01 sys=0.00, real=0.00 secs] 
2020-10-29T08:53:06.881+0000: [GC (Allocation Failure) 2020-10-29T08:53:06.881+0000: [ParNew: 16388K->4K(18432K), 0.0023330 secs] 449599K->433215K(644404K), 0.0023897 secs] [Times: user=0.00 sys=0.00, real=0.01 secs] 
2020-10-29T08:53:06.902+0000: [GC (Allocation Failure) 2020-10-29T08:53:06.902+0000: [ParNew: 16388K->4K(18432K), 0.0022050 secs] 449599K->433215K(644404K), 0.0022522 secs] [Times: user=0.00 sys=0.00, real=0.00 secs] 
2020-10-29T08:53:06.922+0000: [GC (Allocation Failure) 2020-10-29T08:53:06.922+0000: [ParNew: 16388K->4K(18432K), 0.0021830 secs] 449599K->433215K(644404K), 0.0022293 secs] [Times: user=0.01 sys=0.00, real=0.00 secs] 
2020-10-29T08:53:06.941+0000: [GC (Allocation Failure) 2020-10-29T08:53:06.941+0000: [ParNew: 16388K->4K(18432K), 0.0023246 secs] 449599K->433215K(644404K), 0.0023979 secs] [Times: user=0.00 sys=0.00, real=0.01 secs] 
2020-10-29T08:53:06.966+0000: [GC (Allocation Failure) 2020-10-29T08:53:06.966+0000: [ParNew: 16388K->4K(18432K), 0.0023582 secs] 449599K->433215K(644404K), 0.0024124 secs] [Times: user=0.00 sys=0.00, real=0.00 secs] 
2020-10-29T08:53:06.984+0000: [GC (Allocation Failure) 2020-10-29T08:53:06.984+0000: [ParNew: 16388K->4K(18432K), 0.0023215 secs] 449599K->433215K(644404K), 0.0023753 secs] [Times: user=0.01 sys=0.00, real=0.00 secs] 
2020-10-29T08:53:07.003+0000: [GC (Allocation Failure) 2020-10-29T08:53:07.003+0000: [ParNew: 16388K->4K(18432K), 0.0023025 secs] 449599K->433215K(644404K), 0.0023544 secs] [Times: user=0.00 sys=0.00, real=0.00 secs] 
2020-10-29T08:53:07.021+0000: [GC (Allocation Failure) 2020-10-29T08:53:07.021+0000: [ParNew: 16388K->4K(18432K), 0.0023746 secs] 449599K->433215K(644404K), 0.0024256 secs] [Times: user=0.00 sys=0.00, real=0.01 secs] 
2020-10-29T08:53:07.040+0000: [GC (Allocation Failure) 2020-10-29T08:53:07.040+0000: [ParNew: 16388K->4K(18432K), 0.0023379 secs] 449599K->433215K(644404K), 0.0023918 secs] [Times: user=0.01 sys=0.00, real=0.00 secs] 
2020-10-29T08:53:07.062+0000: [GC (Allocation Failure) 2020-10-29T08:53:07.062+0000: [ParNew: 16388K->4K(18432K), 0.0023485 secs] 449599K->433215K(644404K), 0.0024244 secs] [Times: user=0.01 sys=0.00, real=0.01 secs] 
2020-10-29T08:53:07.081+0000: [GC (Allocation Failure) 2020-10-29T08:53:07.081+0000: [ParNew: 16388K->4K(18432K), 0.0023693 secs] 449599K->433215K(644404K), 0.0024229 secs] [Times: user=0.00 sys=0.00, real=0.01 secs] 
2020-10-29T08:53:07.102+0000: [GC (Allocation Failure) 2020-10-29T08:53:07.102+0000: [ParNew: 16388K->4K(18432K), 0.0023407 secs] 449599K->433215K(644404K), 0.0023937 secs] [Times: user=0.00 sys=0.00, real=0.01 secs] 
2020-10-29T08:53:07.121+0000: [GC (Allocation Failure) 2020-10-29T08:53:07.121+0000: [ParNew: 16388K->4K(18432K), 0.0023601 secs] 449599K->433215K(644404K), 0.0024132 secs] [Times: user=0.01 sys=0.00, real=0.01 secs] 
2020-10-29T08:53:07.142+0000: [GC (Allocation Failure) 2020-10-29T08:53:07.142+0000: [ParNew: 16388K->4K(18432K), 0.0023367 secs] 449599K->433215K(644404K), 0.0023896 secs] [Times: user=0.00 sys=0.00, real=0.00 secs] 
2020-10-29T08:53:07.158+0000: [GC (Allocation Failure) 2020-10-29T08:53:07.158+0000: [ParNew: 11763K->4K(18432K), 0.0023185 secs] 444975K->433215K(644404K), 0.0023691 secs] [Times: user=0.00 sys=0.00, real=0.00 secs] 
2020-10-29T08:53:07.174+0000: [GC (Allocation Failure) 2020-10-29T08:53:07.174+0000: [ParNew: 16388K->4K(18432K), 0.0080280 secs] 449599K->441408K(644404K), 0.0080840 secs] [Times: user=0.01 sys=0.00, real=0.01 secs] 
2020-10-29T08:53:07.183+0000: [GC (CMS Initial Mark) [1 CMS-initial-mark: 441403K(625972K)] 441593K(644404K), 0.0013472 secs] [Times: user=0.00 sys=0.00, real=0.00 secs] 
2020-10-29T08:53:07.184+0000: [CMS-concurrent-mark-start]
2020-10-29T08:53:07.209+0000: [GC (Allocation Failure) 2020-10-29T08:53:07.209+0000: [ParNew: 16388K->4K(18432K), 0.0023284 secs] 457792K->441408K(644404K), 0.0023809 secs] [Times: user=0.01 sys=0.00, real=0.01 secs] 
2020-10-29T08:53:07.232+0000: [GC (Allocation Failure) 2020-10-29T08:53:07.232+0000: [ParNew: 16388K->4K(18432K), 0.0022380 secs] 457792K->441408K(644404K), 0.0022895 secs] [Times: user=0.00 sys=0.00, real=0.00 secs] 
2020-10-29T08:53:07.255+0000: [GC (Allocation Failure) 2020-10-29T08:53:07.255+0000: [ParNew: 16388K->4K(18432K), 0.0023086 secs] 457792K->441408K(644404K), 0.0023611 secs] [Times: user=0.00 sys=0.00, real=0.00 secs] 
2020-10-29T08:53:07.280+0000: [GC (Allocation Failure) 2020-10-29T08:53:07.280+0000: [ParNew: 16388K->4K(18432K), 0.0023459 secs] 457792K->441408K(644404K), 0.0024004 secs] [Times: user=0.00 sys=0.00, real=0.01 secs] 
2020-10-29T08:53:07.294+0000: [CMS-concurrent-mark: 0.100/0.110 secs] [Times: user=0.20 sys=0.01, real=0.11 secs] 
2020-10-29T08:53:07.294+0000: [CMS-concurrent-preclean-start]
2020-10-29T08:53:07.297+0000: [CMS-concurrent-preclean: 0.003/0.003 secs] [Times: user=0.01 sys=0.00, real=0.00 secs] 
2020-10-29T08:53:07.297+0000: [CMS-concurrent-abortable-preclean-start]
2020-10-29T08:53:07.302+0000: [GC (Allocation Failure) 2020-10-29T08:53:07.302+0000: [ParNew: 16388K->4K(18432K), 0.0019661 secs] 457792K->441408K(644404K), 0.0020057 secs] [Times: user=0.00 sys=0.01, real=0.01 secs] 
2020-10-29T08:53:07.322+0000: [GC (Allocation Failure) 2020-10-29T08:53:07.322+0000: [ParNew: 16388K->4K(18432K), 0.0021815 secs] 457792K->441408K(644404K), 0.0022334 secs] [Times: user=0.00 sys=0.00, real=0.00 secs] 
2020-10-29T08:53:07.342+0000: [GC (Allocation Failure) 2020-10-29T08:53:07.342+0000: [ParNew: 16388K->4K(18432K), 0.0022496 secs] 457792K->441408K(644404K), 0.0023015 secs] [Times: user=0.00 sys=0.00, real=0.00 secs] 
2020-10-29T08:53:07.362+0000: [GC (Allocation Failure) 2020-10-29T08:53:07.362+0000: [ParNew: 16388K->4K(18432K), 0.0022271 secs] 457792K->441408K(644404K), 0.0022778 secs] [Times: user=0.00 sys=0.00, real=0.00 secs] 
2020-10-29T08:53:07.382+0000: [GC (Allocation Failure) 2020-10-29T08:53:07.382+0000: [ParNew: 16388K->4K(18432K), 0.0022707 secs] 457792K->441408K(644404K), 0.0023231 secs] [Times: user=0.00 sys=0.00, real=0.00 secs] 
2020-10-29T08:53:07.402+0000: [GC (Allocation Failure) 2020-10-29T08:53:07.402+0000: [ParNew: 16388K->4K(18432K), 0.0022851 secs] 457792K->441408K(644404K), 0.0023358 secs] [Times: user=0.00 sys=0.00, real=0.00 secs] 
2020-10-29T08:53:07.421+0000: [GC (Allocation Failure) 2020-10-29T08:53:07.421+0000: [ParNew: 16388K->4K(18432K), 0.0021329 secs] 457792K->441408K(644404K), 0.0021813 secs] [Times: user=0.01 sys=0.00, real=0.01 secs] 
2020-10-29T08:53:07.433+0000: [GC (Allocation Failure) 2020-10-29T08:53:07.433+0000: [ParNew: 8345K->4K(18432K), 0.0019722 secs] 449749K->441408K(644404K), 0.0020160 secs] [Times: user=0.01 sys=0.00, real=0.00 secs] 
2020-10-29T08:53:07.449+0000: [GC (Allocation Failure) 2020-10-29T08:53:07.449+0000: [ParNew: 16388K->4K(18432K), 0.0080166 secs] 457792K->449600K(644404K), 0.0080697 secs] [Times: user=0.02 sys=0.00, real=0.01 secs] 
2020-10-29T08:53:07.457+0000: [CMS-concurrent-abortable-preclean: 0.015/0.160 secs] [Times: user=0.29 sys=0.02, real=0.16 secs] 
2020-10-29T08:53:07.457+0000: [GC (CMS Final Remark) [YG occupancy: 205 K (18432 K)]2020-10-29T08:53:07.457+0000: [Rescan (parallel) , 0.0017070 secs]2020-10-29T08:53:07.459+0000: [weak refs processing, 0.0000260 secs]2020-10-29T08:53:07.459+0000: [class unloading, 0.0077092 secs]2020-10-29T08:53:07.466+0000: [scrub symbol table, 0.0087978 secs]2020-10-29T08:53:07.475+0000: [scrub string table, 0.0005673 secs][1 CMS-remark: 449596K(625972K)] 449801K(644404K), 0.0189097 secs] [Times: user=0.02 sys=0.00, real=0.02 secs] 
2020-10-29T08:53:07.478+0000: [CMS-concurrent-sweep-start]
2020-10-29T08:53:07.495+0000: [CMS-concurrent-sweep: 0.017/0.017 secs] [Times: user=0.03 sys=0.00, real=0.02 secs] 
2020-10-29T08:53:07.495+0000: [CMS-concurrent-reset-start]
2020-10-29T08:53:07.497+0000: [CMS-concurrent-reset: 0.002/0.002 secs] [Times: user=0.00 sys=0.00, real=0.00 secs] 
2020-10-29T08:53:07.499+0000: [GC (Allocation Failure) 2020-10-29T08:53:07.499+0000: [ParNew: 16388K->4K(18432K), 0.0026081 secs] 465982K->449598K(767760K), 0.0026449 secs] [Times: user=0.00 sys=0.00, real=0.00 secs] 
2020-10-29T08:53:07.518+0000: [GC (Allocation Failure) 2020-10-29T08:53:07.518+0000: [ParNew: 16388K->4K(18432K), 0.0025300 secs] 465982K->449598K(767760K), 0.0025764 secs] [Times: user=0.01 sys=0.00, real=0.00 secs] 
2020-10-29T08:53:07.538+0000: [GC (Allocation Failure) 2020-10-29T08:53:07.538+0000: [ParNew: 16388K->4K(18432K), 0.0023031 secs] 465982K->449598K(767760K), 0.0023441 secs] [Times: user=0.01 sys=0.00, real=0.00 secs] 
2020-10-29T08:53:07.557+0000: [GC (Allocation Failure) 2020-10-29T08:53:07.557+0000: [ParNew: 16388K->4K(18432K), 0.0025235 secs] 465982K->449598K(767760K), 0.0025714 secs] [Times: user=0.00 sys=0.00, real=0.00 secs] 
2020-10-29T08:53:07.576+0000: [GC (Allocation Failure) 2020-10-29T08:53:07.576+0000: [ParNew: 16388K->4K(18432K), 0.0025440 secs] 465982K->449598K(767760K), 0.0025925 secs] [Times: user=0.00 sys=0.00, real=0.00 secs] 
2020-10-29T08:53:07.597+0000: [GC (Allocation Failure) 2020-10-29T08:53:07.597+0000: [ParNew: 16388K->4K(18432K), 0.0025422 secs] 465982K->449598K(767760K), 0.0025871 secs] [Times: user=0.00 sys=0.00, real=0.00 secs] 
2020-10-29T08:53:07.618+0000: [GC (Allocation Failure) 2020-10-29T08:53:07.618+0000: [ParNew: 16388K->4K(18432K), 0.0025711 secs] 465982K->449598K(767760K), 0.0026233 secs] [Times: user=0.00 sys=0.00, real=0.00 secs] 
2020-10-29T08:53:07.638+0000: [GC (Allocation Failure) 2020-10-29T08:53:07.638+0000: [ParNew: 16388K->4K(18432K), 0.0025573 secs] 465982K->449598K(767760K), 0.0026086 secs] [Times: user=0.01 sys=0.00, real=0.00 secs] 
2020-10-29T08:53:07.657+0000: [GC (Allocation Failure) 2020-10-29T08:53:07.657+0000: [ParNew: 16388K->4K(18432K), 0.0025791 secs] 465982K->449598K(767760K), 0.0026300 secs] [Times: user=0.00 sys=0.00, real=0.00 secs] 
2020-10-29T08:53:07.678+0000: [GC (Allocation Failure) 2020-10-29T08:53:07.678+0000: [ParNew: 16388K->4K(18432K), 0.0025806 secs] 465982K->449598K(767760K), 0.0026322 secs] [Times: user=0.01 sys=0.00, real=0.00 secs] 
2020-10-29T08:53:07.697+0000: [GC (Allocation Failure) 2020-10-29T08:53:07.698+0000: [ParNew: 16388K->4K(18432K), 0.0025876 secs] 465982K->449598K(767760K), 0.0026368 secs] [Times: user=0.00 sys=0.00, real=0.00 secs] 
2020-10-29T08:53:07.716+0000: [GC (Allocation Failure) 2020-10-29T08:53:07.716+0000: [ParNew: 16388K->4K(18432K), 0.0026061 secs] 465982K->449598K(767760K), 0.0026565 secs] [Times: user=0.01 sys=0.00, real=0.00 secs] 
2020-10-29T08:53:07.735+0000: [GC (Allocation Failure) 2020-10-29T08:53:07.735+0000: [ParNew: 16388K->4K(18432K), 0.0025972 secs] 465982K->449598K(767760K), 0.0026486 secs] [Times: user=0.01 sys=0.00, real=0.00 secs] 
2020-10-29T08:53:07.754+0000: [GC (Allocation Failure) 2020-10-29T08:53:07.754+0000: [ParNew: 16388K->4K(18432K), 0.0026210 secs] 465982K->449598K(767760K), 0.0026866 secs] [Times: user=0.01 sys=0.00, real=0.00 secs] 
2020-10-29T08:53:07.773+0000: [GC (Allocation Failure) 2020-10-29T08:53:07.773+0000: [ParNew: 16388K->4K(18432K), 0.0025845 secs] 465982K->449598K(767760K), 0.0026357 secs] [Times: user=0.00 sys=0.00, real=0.00 secs] 
2020-10-29T08:53:07.794+0000: [GC (Allocation Failure) 2020-10-29T08:53:07.794+0000: [ParNew: 16388K->4K(18432K), 0.0025571 secs] 465982K->449598K(767760K), 0.0026079 secs] [Times: user=0.01 sys=0.00, real=0.00 secs] 
2020-10-29T08:53:07.813+0000: [GC (Allocation Failure) 2020-10-29T08:53:07.813+0000: [ParNew: 16388K->4K(18432K), 0.0025767 secs] 465982K->449598K(767760K), 0.0026275 secs] [Times: user=0.00 sys=0.00, real=0.00 secs] 
2020-10-29T08:53:07.832+0000: [GC (Allocation Failure) 2020-10-29T08:53:07.832+0000: [ParNew: 16388K->4K(18432K), 0.0025860 secs] 465982K->449598K(767760K), 0.0026421 secs] [Times: user=0.01 sys=0.00, real=0.00 secs] 
2020-10-29T08:53:07.844+0000: [GC (Allocation Failure) 2020-10-29T08:53:07.844+0000: [ParNew: 16388K->4K(18432K), 0.0083332 secs] 465982K->457790K(767760K), 0.0083803 secs] [Times: user=0.01 sys=0.00, real=0.01 secs] 
2020-10-29T08:53:07.870+0000: [GC (Allocation Failure) 2020-10-29T08:53:07.870+0000: [ParNew: 16388K->4K(18432K), 0.0025782 secs] 474174K->457790K(767760K), 0.0026256 secs] [Times: user=0.00 sys=0.00, real=0.01 secs] 
2020-10-29T08:53:07.888+0000: [GC (Allocation Failure) 2020-10-29T08:53:07.888+0000: [ParNew: 16388K->4K(18432K), 0.0025057 secs] 474174K->457790K(767760K), 0.0025539 secs] [Times: user=0.00 sys=0.00, real=0.01 secs] 
2020-10-29T08:53:07.907+0000: [GC (Allocation Failure) 2020-10-29T08:53:07.907+0000: [ParNew: 16388K->4K(18432K), 0.0024072 secs] 474174K->457790K(767760K), 0.0024542 secs] [Times: user=0.00 sys=0.00, real=0.00 secs] 
2020-10-29T08:53:07.926+0000: [GC (Allocation Failure) 2020-10-29T08:53:07.926+0000: [ParNew: 16388K->4K(18432K), 0.0023983 secs] 474174K->457790K(767760K), 0.0024422 secs] [Times: user=0.00 sys=0.00, real=0.00 secs] 
2020-10-29T08:53:07.946+0000: [GC (Allocation Failure) 2020-10-29T08:53:07.946+0000: [ParNew: 16388K->4K(18432K), 0.0023513 secs] 474174K->457790K(767760K), 0.0023967 secs] [Times: user=0.00 sys=0.00, real=0.00 secs] 
2020-10-29T08:53:07.965+0000: [GC (Allocation Failure) 2020-10-29T08:53:07.965+0000: [ParNew: 16388K->4K(18432K), 0.0025595 secs] 474174K->457790K(767760K), 0.0026166 secs] [Times: user=0.00 sys=0.00, real=0.00 secs] 
2020-10-29T08:53:07.984+0000: [GC (Allocation Failure) 2020-10-29T08:53:07.984+0000: [ParNew: 16388K->4K(18432K), 0.0024551 secs] 474174K->457790K(767760K), 0.0025002 secs] [Times: user=0.01 sys=0.00, real=0.00 secs] 
2020-10-29T08:53:07.999+0000: [GC (Allocation Failure) 2020-10-29T08:53:07.999+0000: [ParNew: 12326K->4K(18432K), 0.0022560 secs] 470112K->457790K(767760K), 0.0023162 secs] [Times: user=0.01 sys=0.00, real=0.00 secs] 
2020-10-29T08:53:08.014+0000: [GC (Allocation Failure) 2020-10-29T08:53:08.014+0000: [ParNew: 16388K->4K(18432K), 0.0081634 secs] 474174K->465982K(767760K), 0.0082109 secs] [Times: user=0.02 sys=0.00, real=0.01 secs] 
2020-10-29T08:53:08.039+0000: [GC (Allocation Failure) 2020-10-29T08:53:08.039+0000: [ParNew: 16388K->4K(18432K), 0.0024772 secs] 482366K->465982K(767760K), 0.0025201 secs] [Times: user=0.00 sys=0.00, real=0.00 secs] 
2020-10-29T08:53:08.058+0000: [GC (Allocation Failure) 2020-10-29T08:53:08.058+0000: [ParNew: 16388K->2K(18432K), 0.0041928 secs] 482366K->465980K(767760K), 0.0042419 secs] [Times: user=0.01 sys=0.00, real=0.00 secs] 
2020-10-29T08:53:08.082+0000: [GC (Allocation Failure) 2020-10-29T08:53:08.082+0000: [ParNew: 16386K->4K(18432K), 0.0025279 secs] 482364K->465982K(767760K), 0.0025768 secs] [Times: user=0.01 sys=0.00, real=0.01 secs] 
2020-10-29T08:53:08.101+0000: [GC (Allocation Failure) 2020-10-29T08:53:08.101+0000: [ParNew: 16388K->4K(18432K), 0.0024801 secs] 482366K->465982K(767760K), 0.0025346 secs] [Times: user=0.01 sys=0.00, real=0.01 secs] 
2020-10-29T08:53:08.122+0000: [GC (Allocation Failure) 2020-10-29T08:53:08.122+0000: [ParNew: 16388K->4K(18432K), 0.0022357 secs] 482366K->465982K(767760K), 0.0022761 secs] [Times: user=0.00 sys=0.00, real=0.00 secs] 
2020-10-29T08:53:08.142+0000: [GC (Allocation Failure) 2020-10-29T08:53:08.142+0000: [ParNew: 16388K->4K(18432K), 0.0023424 secs] 482366K->465983K(767760K), 0.0023861 secs] [Times: user=0.01 sys=0.00, real=0.00 secs] 
2020-10-29T08:53:08.162+0000: [GC (Allocation Failure) 2020-10-29T08:53:08.162+0000: [ParNew: 16388K->4K(18432K), 0.0022815 secs] 482367K->465983K(767760K), 0.0023227 secs] [Times: user=0.00 sys=0.00, real=0.00 secs] 
2020-10-29T08:53:08.181+0000: [GC (Allocation Failure) 2020-10-29T08:53:08.181+0000: [ParNew: 16388K->4K(18432K), 0.0022350 secs] 482367K->465983K(767760K), 0.0022754 secs] [Times: user=0.01 sys=0.00, real=0.01 secs] 
2020-10-29T08:53:08.202+0000: [GC (Allocation Failure) 2020-10-29T08:53:08.202+0000: [ParNew: 16388K->4K(18432K), 0.0023206 secs] 482367K->465983K(767760K), 0.0023628 secs] [Times: user=0.00 sys=0.00, real=0.00 secs] 
2020-10-29T08:53:08.222+0000: [GC (Allocation Failure) 2020-10-29T08:53:08.222+0000: [ParNew: 16388K->2K(18432K), 0.0039334 secs] 482367K->465981K(767760K), 0.0039965 secs] [Times: user=0.00 sys=0.00, real=0.00 secs] 
2020-10-29T08:53:08.246+0000: [GC (Allocation Failure) 2020-10-29T08:53:08.246+0000: [ParNew: 16386K->4K(18432K), 0.0022346 secs] 482365K->465983K(767760K), 0.0022743 secs] [Times: user=0.01 sys=0.00, real=0.00 secs] 
2020-10-29T08:53:08.266+0000: [GC (Allocation Failure) 2020-10-29T08:53:08.266+0000: [ParNew: 16388K->4K(18432K), 0.0023505 secs] 482367K->465983K(767760K), 0.0023943 secs] [Times: user=0.00 sys=0.00, real=0.00 secs] 
2020-10-29T08:53:08.285+0000: [GC (Allocation Failure) 2020-10-29T08:53:08.285+0000: [ParNew: 16388K->4K(18432K), 0.0022234 secs] 482367K->465983K(767760K), 0.0022647 secs] [Times: user=0.01 sys=0.00, real=0.00 secs] 
2020-10-29T08:53:08.305+0000: [GC (Allocation Failure) 2020-10-29T08:53:08.305+0000: [ParNew: 16388K->4K(18432K), 0.0022034 secs] 482367K->465983K(767760K), 0.0022425 secs] [Times: user=0.00 sys=0.00, real=0.00 secs] 
2020-10-29T08:53:08.323+0000: [GC (Allocation Failure) 2020-10-29T08:53:08.323+0000: [ParNew: 16388K->4K(18432K), 0.0021837 secs] 482367K->465983K(767760K), 0.0022239 secs] [Times: user=0.01 sys=0.00, real=0.00 secs] 
2020-10-29T08:53:08.342+0000: [GC (Allocation Failure) 2020-10-29T08:53:08.342+0000: [ParNew: 16388K->4K(18432K), 0.0023448 secs] 482367K->465983K(767760K), 0.0023981 secs] [Times: user=0.00 sys=0.00, real=0.01 secs] 
2020-10-29T08:53:08.361+0000: [GC (Allocation Failure) 2020-10-29T08:53:08.361+0000: [ParNew: 16388K->4K(18432K), 0.0025978 secs] 482367K->465983K(767760K), 0.0026511 secs] [Times: user=0.01 sys=0.00, real=0.01 secs] 
2020-10-29T08:53:08.379+0000: [GC (Allocation Failure) 2020-10-29T08:53:08.380+0000: [ParNew: 16388K->4K(18432K), 0.0025259 secs] 482367K->465983K(767760K), 0.0025775 secs] [Times: user=0.00 sys=0.00, real=0.00 secs] 
2020-10-29T08:53:08.398+0000: [GC (Allocation Failure) 2020-10-29T08:53:08.398+0000: [ParNew: 16388K->4K(18432K), 0.0025355 secs] 482367K->465983K(767760K), 0.0025855 secs] [Times: user=0.01 sys=0.00, real=0.00 secs] 
2020-10-29T08:53:08.417+0000: [GC (Allocation Failure) 2020-10-29T08:53:08.417+0000: [ParNew: 16388K->4K(18432K), 0.0025810 secs] 482367K->465983K(767760K), 0.0026318 secs] [Times: user=0.00 sys=0.00, real=0.00 secs] 
2020-10-29T08:53:08.436+0000: [GC (Allocation Failure) 2020-10-29T08:53:08.436+0000: [ParNew: 16388K->4K(18432K), 0.0025710 secs] 482367K->465983K(767760K), 0.0026223 secs] [Times: user=0.00 sys=0.00, real=0.00 secs] 
2020-10-29T08:53:08.455+0000: [GC (Allocation Failure) 2020-10-29T08:53:08.455+0000: [ParNew: 16388K->4K(18432K), 0.0025697 secs] 482367K->465983K(767760K), 0.0026224 secs] [Times: user=0.00 sys=0.00, real=0.00 secs] 
2020-10-29T08:53:08.474+0000: [GC (Allocation Failure) 2020-10-29T08:53:08.474+0000: [ParNew: 12875K->4K(18432K), 0.0024339 secs] 478854K->465983K(767760K), 0.0024798 secs] [Times: user=0.00 sys=0.00, real=0.00 secs] 
2020-10-29T08:53:08.486+0000: [GC (Allocation Failure) 2020-10-29T08:53:08.486+0000: [ParNew: 16388K->4K(18432K), 0.0081161 secs] 482367K->474175K(767760K), 0.0081734 secs] [Times: user=0.01 sys=0.01, real=0.01 secs] 
2020-10-29T08:53:08.514+0000: [GC (Allocation Failure) 2020-10-29T08:53:08.514+0000: [ParNew: 16388K->4K(18432K), 0.0025230 secs] 490559K->474175K(767760K), 0.0025690 secs] [Times: user=0.01 sys=0.00, real=0.00 secs] 
2020-10-29T08:53:08.533+0000: [GC (Allocation Failure) 2020-10-29T08:53:08.533+0000: [ParNew: 16388K->4K(18432K), 0.0024767 secs] 490559K->474175K(767760K), 0.0025230 secs] [Times: user=0.01 sys=0.00, real=0.00 secs] 
2020-10-29T08:53:08.551+0000: [GC (Allocation Failure) 2020-10-29T08:53:08.551+0000: [ParNew: 16388K->4K(18432K), 0.0024876 secs] 490559K->474175K(767760K), 0.0025359 secs] [Times: user=0.00 sys=0.00, real=0.00 secs] 
2020-10-29T08:53:08.572+0000: [GC (Allocation Failure) 2020-10-29T08:53:08.572+0000: [ParNew: 16388K->4K(18432K), 0.0025327 secs] 490559K->474175K(767760K), 0.0025825 secs] [Times: user=0.00 sys=0.00, real=0.00 secs] 
2020-10-29T08:53:08.586+0000: [GC (Allocation Failure) 2020-10-29T08:53:08.586+0000: [ParNew: 16388K->4K(18432K), 0.0081782 secs] 490559K->482367K(767760K), 0.0082254 secs] [Times: user=0.01 sys=0.00, real=0.01 secs] 
2020-10-29T08:53:08.614+0000: [GC (Allocation Failure) 2020-10-29T08:53:08.614+0000: [ParNew: 16388K->4K(18432K), 0.0025598 secs] 498751K->482367K(767760K), 0.0026099 secs] [Times: user=0.01 sys=0.00, real=0.00 secs] 
2020-10-29T08:53:08.634+0000: [GC (Allocation Failure) 2020-10-29T08:53:08.634+0000: [ParNew: 16388K->4K(18432K), 0.0025712 secs] 498751K->482367K(767760K), 0.0026450 secs] [Times: user=0.00 sys=0.00, real=0.00 secs] 
2020-10-29T08:53:08.653+0000: [GC (Allocation Failure) 2020-10-29T08:53:08.653+0000: [ParNew: 16388K->4K(18432K), 0.0025326 secs] 498751K->482367K(767760K), 0.0025825 secs] [Times: user=0.01 sys=0.00, real=0.00 secs] 
2020-10-29T08:53:08.672+0000: [GC (Allocation Failure) 2020-10-29T08:53:08.672+0000: [ParNew: 16388K->4K(18432K), 0.0025635 secs] 498751K->482367K(767760K), 0.0026145 secs] [Times: user=0.00 sys=0.00, real=0.00 secs] 
2020-10-29T08:53:08.694+0000: [GC (Allocation Failure) 2020-10-29T08:53:08.694+0000: [ParNew: 16388K->4K(18432K), 0.0025552 secs] 498751K->482367K(767760K), 0.0026046 secs] [Times: user=0.01 sys=0.00, real=0.00 secs] 
2020-10-29T08:53:08.714+0000: [GC (Allocation Failure) 2020-10-29T08:53:08.714+0000: [ParNew: 16388K->4K(18432K), 0.0023624 secs] 498751K->482367K(767760K), 0.0024072 secs] [Times: user=0.00 sys=0.00, real=0.00 secs] 
2020-10-29T08:53:08.733+0000: [GC (Allocation Failure) 2020-10-29T08:53:08.733+0000: [ParNew: 16388K->4K(18432K), 0.0022621 secs] 498751K->482367K(767760K), 0.0023054 secs] [Times: user=0.01 sys=0.00, real=0.00 secs] 
2020-10-29T08:53:08.754+0000: [GC (Allocation Failure) 2020-10-29T08:53:08.754+0000: [ParNew: 16388K->4K(18432K), 0.0024060 secs] 498751K->482367K(767760K), 0.0024500 secs] [Times: user=0.00 sys=0.00, real=0.00 secs] 
2020-10-29T08:53:08.807+0000: [GC (Allocation Failure) 2020-10-29T08:53:08.807+0000: [ParNew: 16388K->1172K(18432K), 0.0028781 secs] 498751K->483536K(767760K), 0.0029467 secs] [Times: user=0.00 sys=0.00, real=0.00 secs] 
2020-10-29T08:53:08.874+0000: [GC (Allocation Failure) 2020-10-29T08:53:08.874+0000: [ParNew: 17556K->7K(18432K), 0.0032638 secs] 499920K->483499K(767760K), 0.0033322 secs] [Times: user=0.01 sys=0.00, real=0.00 secs] 
2020-10-29T08:53:08.915+0000: [GC (Allocation Failure) 2020-10-29T08:53:08.915+0000: [ParNew: 16391K->4K(18432K), 0.0025541 secs] 499883K->483495K(767760K), 0.0026091 secs] [Times: user=0.00 sys=0.00, real=0.00 secs] 
2020-10-29T08:53:08.948+0000: [GC (Allocation Failure) 2020-10-29T08:53:08.948+0000: [ParNew: 16388K->4K(18432K), 0.0025050 secs] 499879K->483495K(767760K), 0.0025713 secs] [Times: user=0.01 sys=0.00, real=0.01 secs] 
2020-10-29T08:53:08.982+0000: [GC (Allocation Failure) 2020-10-29T08:53:08.982+0000: [ParNew: 16388K->4K(18432K), 0.0025083 secs] 499879K->483495K(767760K), 0.0025554 secs] [Times: user=0.01 sys=0.00, real=0.00 secs] 
2020-10-29T08:53:09.014+0000: [GC (Allocation Failure) 2020-10-29T08:53:09.014+0000: [ParNew: 16388K->4K(18432K), 0.0025775 secs] 499879K->483495K(767760K), 0.0026301 secs] [Times: user=0.01 sys=0.00, real=0.00 secs] 
2020-10-29T08:53:09.050+0000: [GC (Allocation Failure) 2020-10-29T08:53:09.050+0000: [ParNew: 16388K->4K(18432K), 0.0025892 secs] 499879K->483495K(767760K), 0.0026433 secs] [Times: user=0.01 sys=0.00, real=0.00 secs] 
2020-10-29T08:53:09.086+0000: [GC (Allocation Failure) 2020-10-29T08:53:09.086+0000: [ParNew: 16388K->4K(18432K), 0.0025672 secs] 499879K->483495K(767760K), 0.0026208 secs] [Times: user=0.01 sys=0.00, real=0.00 secs] 
2020-10-29T08:53:09.122+0000: [GC (Allocation Failure) 2020-10-29T08:53:09.122+0000: [ParNew: 16388K->4K(18432K), 0.0025695 secs] 499879K->483495K(767760K), 0.0026211 secs] [Times: user=0.01 sys=0.00, real=0.01 secs] 
2020-10-29T08:53:09.155+0000: [GC (Allocation Failure) 2020-10-29T08:53:09.155+0000: [ParNew: 16388K->4K(18432K), 0.0026535 secs] 499879K->483495K(767760K), 0.0027046 secs] [Times: user=0.00 sys=0.00, real=0.00 secs] 
2020-10-29T08:53:09.189+0000: [GC (Allocation Failure) 2020-10-29T08:53:09.189+0000: [ParNew: 16388K->4K(18432K), 0.0024814 secs] 499879K->483495K(767760K), 0.0025273 secs] [Times: user=0.00 sys=0.00, real=0.01 secs] 
2020-10-29T08:53:09.209+0000: [GC (Allocation Failure) 2020-10-29T08:53:09.209+0000: [ParNew: 16388K->4K(18432K), 0.0107809 secs] 499879K->491687K(767760K), 0.0108338 secs] [Times: user=0.01 sys=0.00, real=0.01 secs] 
2020-10-29T08:53:09.248+0000: [GC (Allocation Failure) 2020-10-29T08:53:09.248+0000: [ParNew: 16388K->4K(18432K), 0.0025852 secs] 508071K->491687K(767760K), 0.0026392 secs] [Times: user=0.01 sys=0.00, real=0.01 secs] 
2020-10-29T08:53:09.282+0000: [GC (Allocation Failure) 2020-10-29T08:53:09.282+0000: [ParNew: 16388K->4K(18432K), 0.0025134 secs] 508071K->491687K(767760K), 0.0025640 secs] [Times: user=0.00 sys=0.00, real=0.00 secs] 
2020-10-29T08:53:09.322+0000: [GC (Allocation Failure) 2020-10-29T08:53:09.322+0000: [ParNew: 16388K->4K(18432K), 0.0041981 secs] 508071K->491687K(767760K), 0.0042606 secs] [Times: user=0.01 sys=0.00, real=0.00 secs] 
2020-10-29T08:53:09.362+0000: [GC (Allocation Failure) 2020-10-29T08:53:09.362+0000: [ParNew: 16388K->4K(18432K), 0.0025511 secs] 508071K->491687K(767760K), 0.0026031 secs] [Times: user=0.01 sys=0.00, real=0.00 secs] 
2020-10-29T08:53:09.395+0000: [GC (Allocation Failure) 2020-10-29T08:53:09.395+0000: [ParNew: 16388K->4K(18432K), 0.0024540 secs] 508071K->491687K(767760K), 0.0025021 secs] [Times: user=0.00 sys=0.00, real=0.00 secs] 
2020-10-29T08:53:09.430+0000: [GC (Allocation Failure) 2020-10-29T08:53:09.430+0000: [ParNew: 16388K->4K(18432K), 0.0041185 secs] 508071K->491687K(767760K), 0.0041693 secs] [Times: user=0.01 sys=0.00, real=0.00 secs] 
2020-10-29T08:53:09.465+0000: [GC (Allocation Failure) 2020-10-29T08:53:09.465+0000: [ParNew: 16388K->4K(18432K), 0.0025214 secs] 508071K->491687K(767760K), 0.0025857 secs] [Times: user=0.00 sys=0.00, real=0.00 secs] 
2020-10-29T08:53:09.501+0000: [GC (Allocation Failure) 2020-10-29T08:53:09.502+0000: [ParNew: 16388K->4K(18432K), 0.0025578 secs] 508071K->491687K(767760K), 0.0026098 secs] [Times: user=0.01 sys=0.00, real=0.01 secs] 
2020-10-29T08:53:09.534+0000: [GC (Allocation Failure) 2020-10-29T08:53:09.534+0000: [ParNew: 16388K->4K(18432K), 0.0025491 secs] 508071K->491687K(767760K), 0.0026013 secs] [Times: user=0.01 sys=0.00, real=0.00 secs] 
2020-10-29T08:53:09.570+0000: [GC (Allocation Failure) 2020-10-29T08:53:09.570+0000: [ParNew: 16388K->4K(18432K), 0.0025141 secs] 508071K->491687K(767760K), 0.0025639 secs] [Times: user=0.00 sys=0.00, real=0.00 secs] 
2020-10-29T08:53:09.602+0000: [GC (Allocation Failure) 2020-10-29T08:53:09.602+0000: [ParNew: 16388K->4K(18432K), 0.0025562 secs] 508071K->491687K(767760K), 0.0026093 secs] [Times: user=0.00 sys=0.00, real=0.01 secs] 
2020-10-29T08:53:09.635+0000: [GC (Allocation Failure) 2020-10-29T08:53:09.635+0000: [ParNew: 16388K->4K(18432K), 0.0025109 secs] 508071K->491687K(767760K), 0.0025791 secs] [Times: user=0.01 sys=0.00, real=0.00 secs] 
2020-10-29T08:53:09.670+0000: [GC (Allocation Failure) 2020-10-29T08:53:09.670+0000: [ParNew: 16388K->4K(18432K), 0.0025569 secs] 508071K->491687K(767760K), 0.0026091 secs] [Times: user=0.00 sys=0.00, real=0.00 secs] 
2020-10-29T08:53:09.706+0000: [GC (Allocation Failure) 2020-10-29T08:53:09.706+0000: [ParNew: 16388K->4K(18432K), 0.0025576 secs] 508071K->491687K(767760K), 0.0026102 secs] [Times: user=0.01 sys=0.00, real=0.00 secs] 
2020-10-29T08:53:09.734+0000: [GC (Allocation Failure) 2020-10-29T08:53:09.734+0000: [ParNew: 16388K->4K(18432K), 0.0025507 secs] 508071K->491687K(767760K), 0.0026030 secs] [Times: user=0.01 sys=0.00, real=0.00 secs] 
2020-10-29T08:53:09.766+0000: [GC (Allocation Failure) 2020-10-29T08:53:09.766+0000: [ParNew: 16388K->4K(18432K), 0.0025762 secs] 508071K->491687K(767760K), 0.0026218 secs] [Times: user=0.01 sys=0.00, real=0.00 secs] 
2020-10-29T08:53:09.803+0000: [GC (GCLocker Initiated GC) 2020-10-29T08:53:09.803+0000: [ParNew: 16563K->4K(18432K), 0.0025790 secs] 508247K->491687K(767760K), 0.0026230 secs] [Times: user=0.01 sys=0.00, real=0.00 secs] 
2020-10-29T08:53:09.838+0000: [GC (Allocation Failure) 2020-10-29T08:53:09.838+0000: [ParNew: 16388K->4K(18432K), 0.0026040 secs] 508071K->491687K(767760K), 0.0026620 secs] [Times: user=0.01 sys=0.00, real=0.00 secs] 
2020-10-29T08:53:09.906+0000: [GC (Allocation Failure) 2020-10-29T08:53:09.906+0000: [ParNew: 16388K->4K(18432K), 0.0025542 secs] 508071K->491687K(767760K), 0.0025999 secs] [Times: user=0.00 sys=0.00, real=0.00 secs] 
2020-10-29T08:53:09.946+0000: [GC (Allocation Failure) 2020-10-29T08:53:09.946+0000: [ParNew: 16388K->4K(18432K), 0.0025599 secs] 508071K->491687K(767760K), 0.0026032 secs] [Times: user=0.00 sys=0.00, real=0.00 secs] 
2020-10-29T08:53:09.976+0000: [GC (Allocation Failure) 2020-10-29T08:53:09.976+0000: [ParNew: 16388K->4K(18432K), 0.0025849 secs] 508071K->491687K(767760K), 0.0026279 secs] [Times: user=0.00 sys=0.00, real=0.00 secs] 
2020-10-29T08:53:09.994+0000: [GC (Allocation Failure) 2020-10-29T08:53:09.994+0000: [ParNew: 16388K->4K(18432K), 0.0082386 secs] 508071K->499879K(767760K), 0.0082808 secs] [Times: user=0.01 sys=0.00, real=0.01 secs] 
2020-10-29T08:53:10.034+0000: [GC (Allocation Failure) 2020-10-29T08:53:10.034+0000: [ParNew: 16388K->4K(18432K), 0.0025608 secs] 516263K->499880K(767760K), 0.0026038 secs] [Times: user=0.01 sys=0.00, real=0.00 secs] 
2020-10-29T08:53:10.066+0000: [GC (Allocation Failure) 2020-10-29T08:53:10.066+0000: [ParNew: 16388K->4K(18432K), 0.0025813 secs] 516264K->499880K(767760K), 0.0026238 secs] [Times: user=0.01 sys=0.00, real=0.00 secs] 
2020-10-29T08:53:10.097+0000: [GC (GCLocker Initiated GC) 2020-10-29T08:53:10.097+0000: [ParNew: 16388K->4K(18432K), 0.0026136 secs] 516264K->499880K(767760K), 0.0026586 secs] [Times: user=0.01 sys=0.00, real=0.00 secs] 
2020-10-29T08:53:10.127+0000: [GC (GCLocker Initiated GC) 2020-10-29T08:53:10.128+0000: [ParNew: 16388K->4K(18432K), 0.0025486 secs] 516264K->499880K(767760K), 0.0025937 secs] [Times: user=0.01 sys=0.00, real=0.00 secs] 
2020-10-29T08:53:10.158+0000: [GC (Allocation Failure) 2020-10-29T08:53:10.158+0000: [ParNew: 16388K->4K(18432K), 0.0025419 secs] 516264K->499880K(767760K), 0.0025854 secs] [Times: user=0.01 sys=0.00, real=0.00 secs] 
2020-10-29T08:53:10.190+0000: [GC (Allocation Failure) 2020-10-29T08:53:10.190+0000: [ParNew: 16388K->4K(18432K), 0.0025526 secs] 516264K->499880K(767760K), 0.0025968 secs] [Times: user=0.01 sys=0.00, real=0.00 secs] 
2020-10-29T08:53:10.805+0000: [GC (Allocation Failure) 2020-10-29T08:53:10.805+0000: [ParNew: 16388K->1211K(18432K), 0.0029844 secs] 581800K->566624K(767760K), 0.0030393 secs] [Times: user=0.00 sys=0.00, real=0.00 secs] 
2020-10-29T08:53:10.810+0000: [GC (CMS Initial Mark) [1 CMS-initial-mark: 565412K(749328K)] 566938K(767760K), 0.0012627 secs] [Times: user=0.01 sys=0.00, real=0.00 secs] 
2020-10-29T08:53:10.812+0000: [CMS-concurrent-mark-start]
2020-10-29T08:53:10.856+0000: [CMS-concurrent-mark: 0.045/0.045 secs] [Times: user=0.09 sys=0.00, real=0.04 secs] 
2020-10-29T08:53:10.856+0000: [CMS-concurrent-preclean-start]
2020-10-29T08:53:10.859+0000: [CMS-concurrent-preclean: 0.002/0.003 secs] [Times: user=0.00 sys=0.00, real=0.00 secs] 
2020-10-29T08:53:10.859+0000: [CMS-concurrent-abortable-preclean-start]
2020-10-29T08:53:10.870+0000: [GC (Allocation Failure) 2020-10-29T08:53:10.870+0000: [ParNew: 17595K->263K(18432K), 0.0029054 secs] 583008K->566804K(767760K), 0.0029448 secs] [Times: user=0.01 sys=0.00, real=0.01 secs] 
2020-10-29T08:53:10.910+0000: [GC (Allocation Failure) 2020-10-29T08:53:10.910+0000: [ParNew: 16647K->516K(18432K), 0.0026367 secs] 583188K->567057K(767760K), 0.0026911 secs] [Times: user=0.01 sys=0.00, real=0.00 secs] 
2020-10-29T08:53:10.945+0000: [GC (Allocation Failure) 2020-10-29T08:53:10.945+0000: [ParNew: 16900K->1028K(18432K), 0.0026817 secs] 583441K->567569K(767760K), 0.0027365 secs] [Times: user=0.01 sys=0.00, real=0.00 secs] 
2020-10-29T08:53:10.982+0000: [GC (Allocation Failure) 2020-10-29T08:53:10.982+0000: [ParNew: 17412K->4K(18432K), 0.0026561 secs] 583953K->567057K(767760K), 0.0027096 secs] [Times: user=0.01 sys=0.00, real=0.00 secs] 
2020-10-29T08:53:11.048+0000: [GC (Allocation Failure) 2020-10-29T08:53:11.048+0000: [ParNew: 16388K->1028K(18432K), 0.0039805 secs] 583441K->569105K(767760K), 0.0040340 secs] [Times: user=0.00 sys=0.00, real=0.01 secs] 
2020-10-29T08:53:11.083+0000: [GC (Allocation Failure) 2020-10-29T08:53:11.083+0000: [ParNew: 17412K->4K(18432K), 0.0025582 secs] 585489K->568081K(767760K), 0.0026297 secs] [Times: user=0.01 sys=0.00, real=0.00 secs] 
2020-10-29T08:53:11.117+0000: [GC (Allocation Failure) 2020-10-29T08:53:11.117+0000: [ParNew: 16388K->4K(18432K), 0.0026078 secs] 584465K->568081K(767760K), 0.0026772 secs] [Times: user=0.01 sys=0.00, real=0.00 secs] 
2020-10-29T08:53:11.149+0000: [GC (Allocation Failure) 2020-10-29T08:53:11.149+0000: [ParNew: 16388K->4K(18432K), 0.0025603 secs] 584465K->568081K(767760K), 0.0026288 secs] [Times: user=0.00 sys=0.00, real=0.01 secs] 
2020-10-29T08:53:11.178+0000: [GC (Allocation Failure) 2020-10-29T08:53:11.178+0000: [ParNew: 16388K->2K(18432K), 0.0061148 secs] 584465K->570127K(767760K), 0.0061815 secs] [Times: user=0.01 sys=0.00, real=0.01 secs] 
2020-10-29T08:53:11.216+0000: [GC (Allocation Failure) 2020-10-29T08:53:11.216+0000: [ParNew: 16386K->4K(18432K), 0.0028013 secs] 586511K->570129K(767760K), 0.0028539 secs] [Times: user=0.01 sys=0.00, real=0.00 secs] 
2020-10-29T08:53:11.247+0000: [GC (Allocation Failure) 2020-10-29T08:53:11.247+0000: [ParNew: 16388K->4K(18432K), 0.0026046 secs] 586513K->570129K(767760K), 0.0026535 secs] [Times: user=0.00 sys=0.00, real=0.00 secs] 
2020-10-29T08:53:11.278+0000: [GC (Allocation Failure) 2020-10-29T08:53:11.278+0000: [ParNew: 16388K->4K(18432K), 0.0025646 secs] 586513K->570129K(767760K), 0.0026083 secs] [Times: user=0.00 sys=0.00, real=0.00 secs] 
2020-10-29T08:53:11.313+0000: [GC (Allocation Failure) 2020-10-29T08:53:11.313+0000: [ParNew: 16388K->4K(18432K), 0.0025656 secs] 586513K->570129K(767760K), 0.0026091 secs] [Times: user=0.00 sys=0.00, real=0.00 secs] 
2020-10-29T08:53:11.350+0000: [GC (Allocation Failure) 2020-10-29T08:53:11.350+0000: [ParNew: 16388K->4K(18432K), 0.0025430 secs] 586513K->570129K(767760K), 0.0025862 secs] [Times: user=0.01 sys=0.00, real=0.01 secs] 
2020-10-29T08:53:11.385+0000: [GC (Allocation Failure) 2020-10-29T08:53:11.385+0000: [ParNew: 16388K->4K(18432K), 0.0021664 secs] 586513K->570129K(767760K), 0.0022096 secs] [Times: user=0.00 sys=0.00, real=0.00 secs] 
2020-10-29T08:53:11.387+0000: [CMS-concurrent-abortable-preclean: 0.029/0.529 secs] [Times: user=1.01 sys=0.01, real=0.53 secs] 
2020-10-29T08:53:11.391+0000: [GC (CMS Final Remark) [YG occupancy: 326 K (18432 K)]2020-10-29T08:53:11.391+0000: [Rescan (parallel) , 0.0014758 secs]2020-10-29T08:53:11.393+0000: [weak refs processing, 0.0000285 secs]2020-10-29T08:53:11.393+0000: [class unloading, 0.0077238 secs]2020-10-29T08:53:11.400+0000: [scrub symbol table, 0.0087246 secs]2020-10-29T08:53:11.409+0000: [scrub string table, 0.0005515 secs][1 CMS-remark: 570125K(749328K)] 570452K(767760K), 0.0185920 secs] [Times: user=0.02 sys=0.00, real=0.01 secs] 
2020-10-29T08:53:11.410+0000: [CMS-concurrent-sweep-start]
2020-10-29T08:53:11.430+0000: [CMS-concurrent-sweep: 0.020/0.020 secs] [Times: user=0.04 sys=0.00, real=0.03 secs] 
2020-10-29T08:53:11.431+0000: [CMS-concurrent-reset-start]
2020-10-29T08:53:11.432+0000: [CMS-concurrent-reset: 0.002/0.002 secs] [Times: user=0.01 sys=0.00, real=0.00 secs] 
2020-10-29T08:53:11.452+0000: [GC (Allocation Failure) 2020-10-29T08:53:11.452+0000: [ParNew: 16388K->4K(18432K), 0.0028517 secs] 585389K->569005K(896640K), 0.0028918 secs] [Times: user=0.00 sys=0.00, real=0.00 secs] 
2020-10-29T08:53:11.487+0000: [GC (Allocation Failure) 2020-10-29T08:53:11.487+0000: [ParNew: 16388K->4K(18432K), 0.0028157 secs] 585389K->569005K(896640K), 0.0028608 secs] [Times: user=0.01 sys=0.00, real=0.00 secs] 
2020-10-29T08:53:11.514+0000: [GC (Allocation Failure) 2020-10-29T08:53:11.514+0000: [ParNew: 16388K->4K(18432K), 0.0035330 secs] 585389K->573101K(896640K), 0.0035756 secs] [Times: user=0.01 sys=0.00, real=0.00 secs] 
2020-10-29T08:53:11.547+0000: [GC (Allocation Failure) 2020-10-29T08:53:11.547+0000: [ParNew: 16388K->4K(18432K), 0.0028670 secs] 589485K->573101K(896640K), 0.0029116 secs] [Times: user=0.00 sys=0.00, real=0.00 secs] 
2020-10-29T08:53:11.579+0000: [GC (Allocation Failure) 2020-10-29T08:53:11.579+0000: [ParNew: 16388K->4K(18432K), 0.0028509 secs] 589485K->573101K(896640K), 0.0028937 secs] [Times: user=0.00 sys=0.00, real=0.01 secs] 
2020-10-29T08:53:11.621+0000: [GC (GCLocker Initiated GC) 2020-10-29T08:53:11.621+0000: [ParNew: 16395K->13K(18432K), 0.0030267 secs] 589493K->573111K(896640K), 0.0030718 secs] [Times: user=0.01 sys=0.00, real=0.01 secs] 
2020-10-29T08:53:11.658+0000: [GC (Allocation Failure) 2020-10-29T08:53:11.658+0000: [ParNew: 16397K->4K(18432K), 0.0028684 secs] 589495K->573101K(896640K), 0.0029130 secs] [Times: user=0.01 sys=0.00, real=0.00 secs] 
2020-10-29T08:53:11.690+0000: [GC (GCLocker Initiated GC) 2020-10-29T08:53:11.690+0000: [ParNew: 16388K->4K(18432K), 0.0028494 secs] 589485K->573101K(896640K), 0.0028940 secs] [Times: user=0.00 sys=0.00, real=0.01 secs] 
2020-10-29T08:53:11.726+0000: [GC (GCLocker Initiated GC) 2020-10-29T08:53:11.726+0000: [ParNew: 16404K->4K(18432K), 0.0028624 secs] 589501K->573102K(896640K), 0.0029055 secs] [Times: user=0.01 sys=0.00, real=0.00 secs] 
2020-10-29T08:53:11.758+0000: [GC (Allocation Failure) 2020-10-29T08:53:11.758+0000: [ParNew: 16388K->4K(18432K), 0.0028212 secs] 589486K->573102K(896640K), 0.0028636 secs] [Times: user=0.01 sys=0.00, real=0.00 secs] 
2020-10-29T08:53:11.794+0000: [GC (Allocation Failure) 2020-10-29T08:53:11.794+0000: [ParNew: 16388K->4K(18432K), 0.0028239 secs] 589486K->573102K(896640K), 0.0028679 secs] [Times: user=0.00 sys=0.00, real=0.00 secs] 
2020-10-29T08:53:11.827+0000: [GC (Allocation Failure) 2020-10-29T08:53:11.827+0000: [ParNew: 16388K->4K(18432K), 0.0028731 secs] 589486K->573102K(896640K), 0.0029158 secs] [Times: user=0.01 sys=0.00, real=0.00 secs] 
2020-10-29T08:53:11.862+0000: [GC (Allocation Failure) 2020-10-29T08:53:11.862+0000: [ParNew: 16388K->4K(18432K), 0.0028318 secs] 589486K->573102K(896640K), 0.0028748 secs] [Times: user=0.00 sys=0.00, real=0.00 secs] 
2020-10-29T08:53:11.893+0000: [GC (GCLocker Initiated GC) 2020-10-29T08:53:11.894+0000: [ParNew: 16388K->4K(18432K), 0.0028313 secs] 589486K->573102K(896640K), 0.0028763 secs] [Times: user=0.01 sys=0.00, real=0.00 secs] 
2020-10-29T08:53:11.927+0000: [GC (Allocation Failure) 2020-10-29T08:53:11.927+0000: [ParNew: 16388K->4K(18432K), 0.0028421 secs] 589486K->573102K(896640K), 0.0028857 secs] [Times: user=0.01 sys=0.00, real=0.00 secs] 
2020-10-29T08:53:11.960+0000: [GC (Allocation Failure) 2020-10-29T08:53:11.960+0000: [ParNew: 16388K->4K(18432K), 0.0037041 secs] 589486K->573102K(896640K), 0.0037471 secs] [Times: user=0.01 sys=0.00, real=0.01 secs] 
2020-10-29T08:53:11.995+0000: [GC (Allocation Failure) 2020-10-29T08:53:11.995+0000: [ParNew: 16388K->4K(18432K), 0.0028333 secs] 589486K->573102K(896640K), 0.0028772 secs] [Times: user=0.01 sys=0.01, real=0.00 secs] 
2020-10-29T08:53:12.027+0000: [GC (Allocation Failure) 2020-10-29T08:53:12.027+0000: [ParNew: 16388K->4K(18432K), 0.0028363 secs] 589486K->573102K(896640K), 0.0028790 secs] [Times: user=0.00 sys=0.00, real=0.00 secs] 
2020-10-29T08:53:12.070+0000: [GC (Allocation Failure) 2020-10-29T08:53:12.070+0000: [ParNew: 16388K->4K(18432K), 0.0028340 secs] 589486K->573102K(896640K), 0.0028771 secs] [Times: user=0.01 sys=0.00, real=0.00 secs] 
2020-10-29T08:53:12.103+0000: [GC (Allocation Failure) 2020-10-29T08:53:12.103+0000: [ParNew: 16388K->4K(18432K), 0.0028159 secs] 589486K->573102K(896640K), 0.0028605 secs] [Times: user=0.00 sys=0.00, real=0.00 secs] 
2020-10-29T08:53:12.138+0000: [GC (Allocation Failure) 2020-10-29T08:53:12.138+0000: [ParNew: 16388K->4K(18432K), 0.0028354 secs] 589486K->573102K(896640K), 0.0028781 secs] [Times: user=0.01 sys=0.00, real=0.00 secs] 
2020-10-29T08:53:12.173+0000: [GC (Allocation Failure) 2020-10-29T08:53:12.173+0000: [ParNew: 16388K->4K(18432K), 0.0028835 secs] 589486K->573102K(896640K), 0.0029490 secs] [Times: user=0.01 sys=0.00, real=0.00 secs] 
2020-10-29T08:53:12.206+0000: [GC (Allocation Failure) 2020-10-29T08:53:12.206+0000: [ParNew: 16388K->4K(18432K), 0.0028384 secs] 589486K->573102K(896640K), 0.0028826 secs] [Times: user=0.01 sys=0.00, real=0.00 secs] 
2020-10-29T08:53:12.242+0000: [GC (Allocation Failure) 2020-10-29T08:53:12.242+0000: [ParNew: 16388K->4K(18432K), 0.0028422 secs] 589486K->573102K(896640K), 0.0028860 secs] [Times: user=0.01 sys=0.00, real=0.01 secs] 
2020-10-29T08:53:12.276+0000: [GC (Allocation Failure) 2020-10-29T08:53:12.276+0000: [ParNew: 16388K->4K(18432K), 0.0028777 secs] 589486K->573102K(896640K), 0.0029206 secs] [Times: user=0.00 sys=0.00, real=0.00 secs] 
2020-10-29T08:53:12.310+0000: [GC (Allocation Failure) 2020-10-29T08:53:12.310+0000: [ParNew: 16388K->70K(18432K), 0.0029011 secs] 589486K->573168K(896640K), 0.0029715 secs] [Times: user=0.00 sys=0.00, real=0.00 secs] 
2020-10-29T08:53:12.332+0000: [GC (Allocation Failure) 2020-10-29T08:53:12.332+0000: [ParNew: 16454K->70K(18432K), 0.0028782 secs] 589552K->573168K(896640K), 0.0029397 secs] [Times: user=0.01 sys=0.00, real=0.00 secs] 
2020-10-29T08:53:12.352+0000: [GC (Allocation Failure) 2020-10-29T08:53:12.352+0000: [ParNew: 16454K->134K(18432K), 0.0028164 secs] 589552K->573232K(896640K), 0.0028649 secs] [Times: user=0.00 sys=0.00, real=0.00 secs] 
2020-10-29T08:53:12.371+0000: [GC (Allocation Failure) 2020-10-29T08:53:12.371+0000: [ParNew: 16518K->134K(18432K), 0.0026772 secs] 589616K->573232K(896640K), 0.0027234 secs] [Times: user=0.01 sys=0.00, real=0.00 secs] 
2020-10-29T08:53:12.391+0000: [GC (Allocation Failure) 2020-10-29T08:53:12.391+0000: [ParNew: 16518K->264K(18432K), 0.0027561 secs] 589616K->573362K(896640K), 0.0028031 secs] [Times: user=0.00 sys=0.00, real=0.00 secs] 
2020-10-29T08:53:12.410+0000: [GC (Allocation Failure) 2020-10-29T08:53:12.410+0000: [ParNew: 16648K->263K(18432K), 0.0026822 secs] 589746K->573362K(896640K), 0.0027249 secs] [Times: user=0.00 sys=0.00, real=0.00 secs] 
2020-10-29T08:53:12.429+0000: [GC (Allocation Failure) 2020-10-29T08:53:12.429+0000: [ParNew: 16647K->263K(18432K), 0.0028414 secs] 589746K->573364K(896640K), 0.0028908 secs] [Times: user=0.01 sys=0.00, real=0.01 secs] 
2020-10-29T08:53:12.450+0000: [GC (Allocation Failure) 2020-10-29T08:53:12.450+0000: [ParNew: 16647K->518K(18432K), 0.0026839 secs] 589748K->573618K(896640K), 0.0027279 secs] [Times: user=0.01 sys=0.00, real=0.00 secs] 
2020-10-29T08:53:12.470+0000: [GC (Allocation Failure) 2020-10-29T08:53:12.470+0000: [ParNew: 16902K->518K(18432K), 0.0025916 secs] 590002K->573618K(896640K), 0.0026323 secs] [Times: user=0.00 sys=0.00, real=0.00 secs] 
2020-10-29T08:53:12.489+0000: [GC (Allocation Failure) 2020-10-29T08:53:12.489+0000: [ParNew: 16902K->518K(18432K), 0.0026967 secs] 590002K->573618K(896640K), 0.0027403 secs] [Times: user=0.01 sys=0.00, real=0.01 secs] 
2020-10-29T08:53:12.508+0000: [GC (Allocation Failure) 2020-10-29T08:53:12.508+0000: [ParNew: 16902K->516K(18432K), 0.0027995 secs] 590002K->573618K(896640K), 0.0028592 secs] [Times: user=0.00 sys=0.00, real=0.01 secs] 
2020-10-29T08:53:12.526+0000: [GC (Allocation Failure) 2020-10-29T08:53:12.527+0000: [ParNew: 16900K->1028K(18432K), 0.0029425 secs] 590002K->574130K(896640K), 0.0029888 secs] [Times: user=0.01 sys=0.00, real=0.00 secs] 
2020-10-29T08:53:12.546+0000: [GC (Allocation Failure) 2020-10-29T08:53:12.546+0000: [ParNew: 17412K->4K(18432K), 0.0027734 secs] 590514K->573618K(896640K), 0.0028196 secs] [Times: user=0.01 sys=0.00, real=0.00 secs] 
2020-10-29T08:53:12.565+0000: [GC (Allocation Failure) 2020-10-29T08:53:12.565+0000: [ParNew: 16388K->4K(18432K), 0.0027081 secs] 590002K->573618K(896640K), 0.0027540 secs] [Times: user=0.00 sys=0.00, real=0.00 secs] 
2020-10-29T08:53:12.586+0000: [GC (Allocation Failure) 2020-10-29T08:53:12.586+0000: [ParNew: 16388K->4K(18432K), 0.0026407 secs] 590002K->573618K(896640K), 0.0026856 secs] [Times: user=0.00 sys=0.00, real=0.00 secs] 
2020-10-29T08:53:12.606+0000: [GC (Allocation Failure) 2020-10-29T08:53:12.606+0000: [ParNew: 16388K->4K(18432K), 0.0027441 secs] 590002K->573618K(896640K), 0.0027915 secs] [Times: user=0.01 sys=0.00, real=0.00 secs] 
2020-10-29T08:53:12.626+0000: [GC (Allocation Failure) 2020-10-29T08:53:12.626+0000: [ParNew: 16388K->4K(18432K), 0.0026844 secs] 590002K->573618K(896640K), 0.0027287 secs] [Times: user=0.01 sys=0.00, real=0.00 secs] 
2020-10-29T08:53:12.645+0000: [GC (Allocation Failure) 2020-10-29T08:53:12.645+0000: [ParNew: 16388K->4K(18432K), 0.0027195 secs] 590002K->573618K(896640K), 0.0027665 secs] [Times: user=0.01 sys=0.00, real=0.00 secs] 
2020-10-29T08:53:12.664+0000: [GC (Allocation Failure) 2020-10-29T08:53:12.664+0000: [ParNew: 16388K->4K(18432K), 0.0028416 secs] 590002K->573618K(896640K), 0.0028912 secs] [Times: user=0.00 sys=0.00, real=0.00 secs] 
2020-10-29T08:53:12.683+0000: [GC (Allocation Failure) 2020-10-29T08:53:12.683+0000: [ParNew: 16388K->4K(18432K), 0.0027236 secs] 590002K->573618K(896640K), 0.0027703 secs] [Times: user=0.01 sys=0.00, real=0.00 secs] 
2020-10-29T08:53:12.703+0000: [GC (Allocation Failure) 2020-10-29T08:53:12.703+0000: [ParNew: 16388K->4K(18432K), 0.0027172 secs] 590002K->573618K(896640K), 0.0027620 secs] [Times: user=0.01 sys=0.01, real=0.00 secs] 
2020-10-29T08:53:12.722+0000: [GC (Allocation Failure) 2020-10-29T08:53:12.722+0000: [ParNew: 16388K->4K(18432K), 0.0028086 secs] 590002K->573618K(896640K), 0.0028567 secs] [Times: user=0.00 sys=0.00, real=0.00 secs] 
2020-10-29T08:53:12.741+0000: [GC (Allocation Failure) 2020-10-29T08:53:12.741+0000: [ParNew: 16388K->4K(18432K), 0.0026821 secs] 590002K->573618K(896640K), 0.0027268 secs] [Times: user=0.01 sys=0.00, real=0.01 secs] 
2020-10-29T08:53:12.760+0000: [GC (Allocation Failure) 2020-10-29T08:53:12.760+0000: [ParNew: 16388K->4K(18432K), 0.0024964 secs] 590002K->573618K(896640K), 0.0025383 secs] [Times: user=0.01 sys=0.00, real=0.01 secs] 
2020-10-29T08:53:12.779+0000: [GC (Allocation Failure) 2020-10-29T08:53:12.779+0000: [ParNew: 16388K->4K(18432K), 0.0025257 secs] 590002K->573618K(896640K), 0.0025671 secs] [Times: user=0.00 sys=0.00, real=0.00 secs] 
2020-10-29T08:53:12.797+0000: [GC (Allocation Failure) 2020-10-29T08:53:12.797+0000: [ParNew: 16388K->4K(18432K), 0.0027451 secs] 590002K->573618K(896640K), 0.0027931 secs] [Times: user=0.01 sys=0.00, real=0.00 secs] 
2020-10-29T08:53:12.818+0000: [GC (Allocation Failure) 2020-10-29T08:53:12.818+0000: [ParNew: 16388K->4K(18432K), 0.0026317 secs] 590002K->573618K(896640K), 0.0026767 secs] [Times: user=0.00 sys=0.00, real=0.00 secs] 
2020-10-29T08:53:12.839+0000: [GC (Allocation Failure) 2020-10-29T08:53:12.839+0000: [ParNew: 16388K->4K(18432K), 0.0041199 secs] 590002K->573618K(896640K), 0.0041690 secs] [Times: user=0.00 sys=0.00, real=0.01 secs] 
2020-10-29T08:53:12.859+0000: [GC (Allocation Failure) 2020-10-29T08:53:12.859+0000: [ParNew: 16388K->4K(18432K), 0.0027152 secs] 590002K->573618K(896640K), 0.0027622 secs] [Times: user=0.01 sys=0.00, real=0.00 secs] 
2020-10-29T08:53:12.878+0000: [GC (Allocation Failure) 2020-10-29T08:53:12.878+0000: [ParNew: 16388K->4K(18432K), 0.0028327 secs] 590002K->573618K(896640K), 0.0028828 secs] [Times: user=0.01 sys=0.00, real=0.00 secs] 
2020-10-29T08:53:12.898+0000: [GC (Allocation Failure) 2020-10-29T08:53:12.898+0000: [ParNew: 16388K->4K(18432K), 0.0026434 secs] 590002K->573618K(896640K), 0.0026868 secs] [Times: user=0.01 sys=0.00, real=0.00 secs] 
2020-10-29T08:53:12.917+0000: [GC (Allocation Failure) 2020-10-29T08:53:12.917+0000: [ParNew: 16388K->4K(18432K), 0.0028547 secs] 590002K->573618K(896640K), 0.0029078 secs] [Times: user=0.00 sys=0.00, real=0.00 secs] 
2020-10-29T08:53:12.936+0000: [GC (Allocation Failure) 2020-10-29T08:53:12.936+0000: [ParNew: 16388K->4K(18432K), 0.0028343 secs] 590002K->573618K(896640K), 0.0028912 secs] [Times: user=0.01 sys=0.00, real=0.00 secs] 
2020-10-29T08:53:12.958+0000: [GC (Allocation Failure) 2020-10-29T08:53:12.958+0000: [ParNew: 16388K->4K(18432K), 0.0026938 secs] 590002K->573618K(896640K), 0.0027401 secs] [Times: user=0.01 sys=0.00, real=0.00 secs] 
2020-10-29T08:53:12.977+0000: [GC (Allocation Failure) 2020-10-29T08:53:12.977+0000: [ParNew: 16388K->4K(18432K), 0.0026132 secs] 590002K->573618K(896640K), 0.0026554 secs] [Times: user=0.00 sys=0.00, real=0.00 secs] 
2020-10-29T08:53:12.996+0000: [GC (Allocation Failure) 2020-10-29T08:53:12.996+0000: [ParNew: 16388K->4K(18432K), 0.0027625 secs] 590002K->573618K(896640K), 0.0028104 secs] [Times: user=0.01 sys=0.00, real=0.00 secs] 
2020-10-29T08:53:13.018+0000: [GC (Allocation Failure) 2020-10-29T08:53:13.018+0000: [ParNew: 16388K->4K(18432K), 0.0027838 secs] 590002K->573618K(896640K), 0.0028320 secs] [Times: user=0.01 sys=0.00, real=0.00 secs] 
2020-10-29T08:53:13.038+0000: [GC (Allocation Failure) 2020-10-29T08:53:13.038+0000: [ParNew: 16388K->4K(18432K), 0.0026014 secs] 590002K->573618K(896640K), 0.0026456 secs] [Times: user=0.01 sys=0.00, real=0.00 secs] 
2020-10-29T08:53:13.057+0000: [GC (Allocation Failure) 2020-10-29T08:53:13.057+0000: [ParNew: 16388K->4K(18432K), 0.0026549 secs] 590002K->573618K(896640K), 0.0026990 secs] [Times: user=0.00 sys=0.00, real=0.00 secs] 
2020-10-29T08:53:13.077+0000: [GC (Allocation Failure) 2020-10-29T08:53:13.078+0000: [ParNew: 16388K->4K(18432K), 0.0025937 secs] 590002K->573618K(896640K), 0.0026362 secs] [Times: user=0.01 sys=0.00, real=0.00 secs] 
2020-10-29T08:53:13.096+0000: [GC (Allocation Failure) 2020-10-29T08:53:13.096+0000: [ParNew: 16388K->4K(18432K), 0.0026126 secs] 590002K->573618K(896640K), 0.0026549 secs] [Times: user=0.00 sys=0.00, real=0.00 secs] 
2020-10-29T08:53:13.115+0000: [GC (Allocation Failure) 2020-10-29T08:53:13.115+0000: [ParNew: 16388K->4K(18432K), 0.0026687 secs] 590002K->573618K(896640K), 0.0027163 secs] [Times: user=0.01 sys=0.00, real=0.00 secs] 
2020-10-29T08:53:13.134+0000: [GC (Allocation Failure) 2020-10-29T08:53:13.134+0000: [ParNew: 16388K->4K(18432K), 0.0026185 secs] 590002K->573618K(896640K), 0.0026617 secs] [Times: user=0.00 sys=0.00, real=0.00 secs] 
2020-10-29T08:53:13.154+0000: [GC (Allocation Failure) 2020-10-29T08:53:13.154+0000: [ParNew: 16388K->4K(18432K), 0.0025725 secs] 590002K->573618K(896640K), 0.0026159 secs] [Times: user=0.01 sys=0.00, real=0.00 secs] 
2020-10-29T08:53:13.178+0000: [GC (Allocation Failure) 2020-10-29T08:53:13.178+0000: [ParNew: 16388K->4K(18432K), 0.0027013 secs] 590002K->573618K(896640K), 0.0027472 secs] [Times: user=0.01 sys=0.00, real=0.00 secs] 
2020-10-29T08:53:13.197+0000: [GC (Allocation Failure) 2020-10-29T08:53:13.197+0000: [ParNew: 16388K->4K(18432K), 0.0025709 secs] 590002K->573618K(896640K), 0.0026109 secs] [Times: user=0.00 sys=0.00, real=0.00 secs] 
2020-10-29T08:53:13.215+0000: [GC (Allocation Failure) 2020-10-29T08:53:13.215+0000: [ParNew: 16388K->4K(18432K), 0.0025950 secs] 590002K->573618K(896640K), 0.0026411 secs] [Times: user=0.01 sys=0.00, real=0.00 secs] 
2020-10-29T08:53:13.242+0000: [GC (Allocation Failure) 2020-10-29T08:53:13.242+0000: [ParNew: 16388K->4K(18432K), 0.0027730 secs] 590002K->573618K(896640K), 0.0028398 secs] [Times: user=0.00 sys=0.00, real=0.00 secs] 
2020-10-29T08:53:13.277+0000: [GC (Allocation Failure) 2020-10-29T08:53:13.277+0000: [ParNew: 16388K->4K(18432K), 0.0028465 secs] 590002K->573618K(896640K), 0.0029118 secs] [Times: user=0.01 sys=0.00, real=0.00 secs] 
2020-10-29T08:53:13.302+0000: [GC (Allocation Failure) 2020-10-29T08:53:13.302+0000: [ParNew: 16388K->4K(18432K), 0.0027434 secs] 590002K->573618K(896640K), 0.0027913 secs] [Times: user=0.00 sys=0.00, real=0.01 secs] 
2020-10-29T08:53:13.322+0000: [GC (Allocation Failure) 2020-10-29T08:53:13.322+0000: [ParNew: 16388K->4K(18432K), 0.0027013 secs] 590002K->573618K(896640K), 0.0027475 secs] [Times: user=0.01 sys=0.00, real=0.00 secs] 
2020-10-29T08:53:13.341+0000: [GC (Allocation Failure) 2020-10-29T08:53:13.341+0000: [ParNew: 16388K->4K(18432K), 0.0026329 secs] 590002K->573618K(896640K), 0.0026760 secs] [Times: user=0.00 sys=0.00, real=0.01 secs] 
2020-10-29T08:53:13.362+0000: [GC (Allocation Failure) 2020-10-29T08:53:13.362+0000: [ParNew: 16388K->4K(18432K), 0.0025954 secs] 590002K->573618K(896640K), 0.0026386 secs] [Times: user=0.01 sys=0.00, real=0.00 secs] 
2020-10-29T08:53:13.381+0000: [GC (Allocation Failure) 2020-10-29T08:53:13.381+0000: [ParNew: 16388K->4K(18432K), 0.0025937 secs] 590002K->573618K(896640K), 0.0026353 secs] [Times: user=0.01 sys=0.00, real=0.01 secs] 
2020-10-29T08:53:13.402+0000: [GC (Allocation Failure) 2020-10-29T08:53:13.402+0000: [ParNew: 16388K->4K(18432K), 0.0026220 secs] 590002K->573618K(896640K), 0.0026663 secs] [Times: user=0.00 sys=0.00, real=0.00 secs] 
2020-10-29T08:53:13.422+0000: [GC (Allocation Failure) 2020-10-29T08:53:13.422+0000: [ParNew: 16388K->4K(18432K), 0.0026917 secs] 590002K->573618K(896640K), 0.0027394 secs] [Times: user=0.01 sys=0.00, real=0.00 secs] 
2020-10-29T08:53:13.450+0000: [GC (Allocation Failure) 2020-10-29T08:53:13.450+0000: [ParNew: 16388K->4K(18432K), 0.0028174 secs] 590002K->573618K(896640K), 0.0028705 secs] [Times: user=0.00 sys=0.00, real=0.00 secs] 
2020-10-29T08:53:13.471+0000: [GC (Allocation Failure) 2020-10-29T08:53:13.471+0000: [ParNew: 16388K->4K(18432K), 0.0026979 secs] 590002K->573618K(896640K), 0.0027421 secs] [Times: user=0.00 sys=0.00, real=0.00 secs] 
2020-10-29T08:53:13.490+0000: [GC (Allocation Failure) 2020-10-29T08:53:13.490+0000: [ParNew: 16388K->4K(18432K), 0.0026946 secs] 590002K->573618K(896640K), 0.0027422 secs] [Times: user=0.00 sys=0.00, real=0.01 secs] 
2020-10-29T08:53:13.510+0000: [GC (Allocation Failure) 2020-10-29T08:53:13.510+0000: [ParNew: 16388K->4K(18432K), 0.0027102 secs] 590002K->573618K(896640K), 0.0027551 secs] [Times: user=0.01 sys=0.01, real=0.00 secs] 
2020-10-29T08:53:13.529+0000: [GC (Allocation Failure) 2020-10-29T08:53:13.529+0000: [ParNew: 16388K->4K(18432K), 0.0026996 secs] 590002K->573618K(896640K), 0.0027473 secs] [Times: user=0.01 sys=0.00, real=0.01 secs] 
2020-10-29T08:53:13.550+0000: [GC (Allocation Failure) 2020-10-29T08:53:13.550+0000: [ParNew: 16388K->4K(18432K), 0.0026539 secs] 590002K->573618K(896640K), 0.0027001 secs] [Times: user=0.00 sys=0.00, real=0.00 secs] 
2020-10-29T08:53:13.570+0000: [GC (Allocation Failure) 2020-10-29T08:53:13.570+0000: [ParNew: 16388K->4K(18432K), 0.0027368 secs] 590002K->573619K(896640K), 0.0027822 secs] [Times: user=0.00 sys=0.00, real=0.01 secs] 
2020-10-29T08:53:13.590+0000: [GC (Allocation Failure) 2020-10-29T08:53:13.590+0000: [ParNew: 16388K->4K(18432K), 0.0026686 secs] 590003K->573619K(896640K), 0.0027132 secs] [Times: user=0.00 sys=0.00, real=0.00 secs] 
2020-10-29T08:53:13.610+0000: [GC (Allocation Failure) 2020-10-29T08:53:13.610+0000: [ParNew: 16388K->4K(18432K), 0.0025184 secs] 590003K->573619K(896640K), 0.0025596 secs] [Times: user=0.00 sys=0.00, real=0.00 secs] 
2020-10-29T08:53:13.629+0000: [GC (Allocation Failure) 2020-10-29T08:53:13.629+0000: [ParNew: 16388K->4K(18432K), 0.0026089 secs] 590003K->573619K(896640K), 0.0026527 secs] [Times: user=0.00 sys=0.00, real=0.01 secs] 
2020-10-29T08:53:13.659+0000: [GC (Allocation Failure) 2020-10-29T08:53:13.659+0000: [ParNew: 16388K->4K(18432K), 0.0028708 secs] 606387K->590003K(896640K), 0.0029330 secs] [Times: user=0.01 sys=0.00, real=0.00 secs] 
2020-10-29T08:53:13.678+0000: [GC (Allocation Failure) 2020-10-29T08:53:13.678+0000: [ParNew: 16388K->4K(18432K), 0.0028136 secs] 606387K->590003K(896640K), 0.0028627 secs] [Times: user=0.01 sys=0.00, real=0.00 secs] 
2020-10-29T08:53:13.697+0000: [GC (Allocation Failure) 2020-10-29T08:53:13.697+0000: [ParNew: 16388K->4K(18432K), 0.0028282 secs] 606387K->590003K(896640K), 0.0028834 secs] [Times: user=0.00 sys=0.00, real=0.00 secs] 
2020-10-29T08:53:13.718+0000: [GC (Allocation Failure) 2020-10-29T08:53:13.718+0000: [ParNew: 16388K->4K(18432K), 0.0028983 secs] 606387K->590003K(896640K), 0.0029522 secs] [Times: user=0.01 sys=0.00, real=0.00 secs] 
2020-10-29T08:53:13.737+0000: [GC (Allocation Failure) 2020-10-29T08:53:13.737+0000: [ParNew: 16388K->4K(18432K), 0.0028565 secs] 606387K->590003K(896640K), 0.0029079 secs] [Times: user=0.01 sys=0.00, real=0.00 secs] 
2020-10-29T08:53:13.758+0000: [GC (Allocation Failure) 2020-10-29T08:53:13.758+0000: [ParNew: 16388K->4K(18432K), 0.0028499 secs] 606387K->590003K(896640K), 0.0029006 secs] [Times: user=0.00 sys=0.00, real=0.00 secs] 
2020-10-29T08:53:13.778+0000: [GC (Allocation Failure) 2020-10-29T08:53:13.778+0000: [ParNew: 16388K->4K(18432K), 0.0027675 secs] 606387K->590003K(896640K), 0.0028146 secs] [Times: user=0.00 sys=0.00, real=0.00 secs] 
2020-10-29T08:53:13.797+0000: [GC (Allocation Failure) 2020-10-29T08:53:13.797+0000: [ParNew: 16388K->4K(18432K), 0.0027402 secs] 606387K->590003K(896640K), 0.0027856 secs] [Times: user=0.00 sys=0.00, real=0.00 secs] 
2020-10-29T08:53:13.818+0000: [GC (Allocation Failure) 2020-10-29T08:53:13.818+0000: [ParNew: 16388K->4K(18432K), 0.0026851 secs] 606387K->590003K(896640K), 0.0027296 secs] [Times: user=0.01 sys=0.00, real=0.00 secs] 
2020-10-29T08:53:13.842+0000: [GC (Allocation Failure) 2020-10-29T08:53:13.842+0000: [ParNew: 16388K->4K(18432K), 0.0026435 secs] 606387K->590003K(896640K), 0.0026816 secs] [Times: user=0.01 sys=0.00, real=0.01 secs] 
2020-10-29T08:53:13.861+0000: [GC (Allocation Failure) 2020-10-29T08:53:13.861+0000: [ParNew: 16388K->4K(18432K), 0.0026759 secs] 606387K->590003K(896640K), 0.0027217 secs] [Times: user=0.00 sys=0.00, real=0.01 secs] 
2020-10-29T08:53:13.880+0000: [GC (Allocation Failure) 2020-10-29T08:53:13.880+0000: [ParNew: 16388K->4K(18432K), 0.0028698 secs] 606387K->590003K(896640K), 0.0029203 secs] [Times: user=0.01 sys=0.00, real=0.01 secs] 
2020-10-29T08:53:13.899+0000: [GC (Allocation Failure) 2020-10-29T08:53:13.899+0000: [ParNew: 16388K->4K(18432K), 0.0027341 secs] 606387K->590003K(896640K), 0.0027802 secs] [Times: user=0.00 sys=0.00, real=0.00 secs] 
2020-10-29T08:53:13.918+0000: [GC (Allocation Failure) 2020-10-29T08:53:13.918+0000: [ParNew: 16388K->4K(18432K), 0.0027007 secs] 606387K->590003K(896640K), 0.0027464 secs] [Times: user=0.00 sys=0.00, real=0.00 secs] 
2020-10-29T08:53:13.938+0000: [GC (Allocation Failure) 2020-10-29T08:53:13.938+0000: [ParNew: 16388K->4K(18432K), 0.0027246 secs] 606387K->590003K(896640K), 0.0027714 secs] [Times: user=0.00 sys=0.00, real=0.00 secs] 
2020-10-29T08:53:13.957+0000: [GC (Allocation Failure) 2020-10-29T08:53:13.957+0000: [ParNew: 16388K->4K(18432K), 0.0027547 secs] 606387K->590003K(896640K), 0.0028023 secs] [Times: user=0.01 sys=0.00, real=0.00 secs] 
2020-10-29T08:53:13.976+0000: [GC (Allocation Failure) 2020-10-29T08:53:13.976+0000: [ParNew: 16388K->4K(18432K), 0.0026991 secs] 606387K->590003K(896640K), 0.0027519 secs] [Times: user=0.01 sys=0.00, real=0.00 secs] 
2020-10-29T08:53:13.995+0000: [GC (Allocation Failure) 2020-10-29T08:53:13.995+0000: [ParNew: 16388K->4K(18432K), 0.0026696 secs] 606387K->590003K(896640K), 0.0027139 secs] [Times: user=0.01 sys=0.00, real=0.00 secs] 
2020-10-29T08:53:14.014+0000: [GC (Allocation Failure) 2020-10-29T08:53:14.014+0000: [ParNew: 16388K->4K(18432K), 0.0026329 secs] 606387K->590003K(896640K), 0.0026761 secs] [Times: user=0.00 sys=0.00, real=0.00 secs] 
2020-10-29T08:53:14.033+0000: [GC (Allocation Failure) 2020-10-29T08:53:14.033+0000: [ParNew: 16388K->4K(18432K), 0.0026683 secs] 606387K->590003K(896640K), 0.0027202 secs] [Times: user=0.01 sys=0.00, real=0.00 secs] 
2020-10-29T08:53:14.052+0000: [GC (Allocation Failure) 2020-10-29T08:53:14.052+0000: [ParNew: 16388K->4K(18432K), 0.0027504 secs] 606387K->590003K(896640K), 0.0027988 secs] [Times: user=0.00 sys=0.00, real=0.00 secs] 
2020-10-29T08:53:14.074+0000: [GC (Allocation Failure) 2020-10-29T08:53:14.074+0000: [ParNew: 16388K->4K(18432K), 0.0027277 secs] 606387K->590003K(896640K), 0.0027743 secs] [Times: user=0.01 sys=0.00, real=0.00 secs] 
2020-10-29T08:53:14.093+0000: [GC (Allocation Failure) 2020-10-29T08:53:14.093+0000: [ParNew: 16388K->4K(18432K), 0.0026193 secs] 606387K->590003K(896640K), 0.0026616 secs] [Times: user=0.00 sys=0.00, real=0.00 secs] 
2020-10-29T08:53:14.114+0000: [GC (Allocation Failure) 2020-10-29T08:53:14.114+0000: [ParNew: 16388K->4K(18432K), 0.0026593 secs] 606387K->590003K(896640K), 0.0027044 secs] [Times: user=0.00 sys=0.00, real=0.00 secs] 
2020-10-29T08:53:14.134+0000: [GC (Allocation Failure) 2020-10-29T08:53:14.134+0000: [ParNew: 16388K->4K(18432K), 0.0027771 secs] 606387K->590003K(896640K), 0.0028219 secs] [Times: user=0.00 sys=0.00, real=0.00 secs] 
2020-10-29T08:53:14.153+0000: [GC (Allocation Failure) 2020-10-29T08:53:14.153+0000: [ParNew: 16388K->4K(18432K), 0.0025566 secs] 606387K->590003K(896640K), 0.0025981 secs] [Times: user=0.01 sys=0.00, real=0.00 secs] 
2020-10-29T08:53:14.174+0000: [GC (Allocation Failure) 2020-10-29T08:53:14.174+0000: [ParNew: 16388K->4K(18432K), 0.0028429 secs] 606387K->590003K(896640K), 0.0028943 secs] [Times: user=0.01 sys=0.00, real=0.00 secs] 
2020-10-29T08:53:14.193+0000: [GC (Allocation Failure) 2020-10-29T08:53:14.193+0000: [ParNew: 16388K->4K(18432K), 0.0028176 secs] 606387K->590003K(896640K), 0.0028677 secs] [Times: user=0.00 sys=0.00, real=0.00 secs] 
2020-10-29T08:53:14.214+0000: [GC (Allocation Failure) 2020-10-29T08:53:14.214+0000: [ParNew: 16388K->4K(18432K), 0.0025976 secs] 606387K->590003K(896640K), 0.0026395 secs] [Times: user=0.01 sys=0.00, real=0.00 secs] 
2020-10-29T08:53:14.234+0000: [GC (Allocation Failure) 2020-10-29T08:53:14.234+0000: [ParNew: 16388K->4K(18432K), 0.0027425 secs] 606387K->590003K(896640K), 0.0027862 secs] [Times: user=0.00 sys=0.00, real=0.00 secs] 
2020-10-29T08:53:14.253+0000: [GC (Allocation Failure) 2020-10-29T08:53:14.253+0000: [ParNew: 16388K->4K(18432K), 0.0027525 secs] 606387K->590003K(896640K), 0.0027989 secs] [Times: user=0.01 sys=0.00, real=0.00 secs] 
2020-10-29T08:53:14.272+0000: [GC (Allocation Failure) 2020-10-29T08:53:14.272+0000: [ParNew: 16388K->4K(18432K), 0.0026708 secs] 606387K->590003K(896640K), 0.0027152 secs] [Times: user=0.00 sys=0.00, real=0.00 secs] 
2020-10-29T08:53:14.294+0000: [GC (Allocation Failure) 2020-10-29T08:53:14.294+0000: [ParNew: 16388K->4K(18432K), 0.0026855 secs] 606387K->590003K(896640K), 0.0027308 secs] [Times: user=0.01 sys=0.00, real=0.00 secs] 
2020-10-29T08:53:14.314+0000: [GC (Allocation Failure) 2020-10-29T08:53:14.314+0000: [ParNew: 16388K->4K(18432K), 0.0027719 secs] 606387K->590003K(896640K), 0.0028212 secs] [Times: user=0.01 sys=0.00, real=0.00 secs] 
2020-10-29T08:53:14.333+0000: [GC (Allocation Failure) 2020-10-29T08:53:14.333+0000: [ParNew: 16388K->4K(18432K), 0.0027795 secs] 606387K->590003K(896640K), 0.0028295 secs] [Times: user=0.00 sys=0.00, real=0.00 secs] 
2020-10-29T08:53:14.354+0000: [GC (Allocation Failure) 2020-10-29T08:53:14.354+0000: [ParNew: 16388K->4K(18432K), 0.0027097 secs] 606387K->590003K(896640K), 0.0027546 secs] [Times: user=0.00 sys=0.00, real=0.00 secs] 
2020-10-29T08:53:14.374+0000: [GC (Allocation Failure) 2020-10-29T08:53:14.374+0000: [ParNew: 16388K->4K(18432K), 0.0028192 secs] 606387K->590003K(896640K), 0.0028685 secs] [Times: user=0.01 sys=0.00, real=0.00 secs] 
2020-10-29T08:53:14.394+0000: [GC (Allocation Failure) 2020-10-29T08:53:14.394+0000: [ParNew: 16388K->4K(18432K), 0.0027929 secs] 606387K->590003K(896640K), 0.0028414 secs] [Times: user=0.00 sys=0.00, real=0.00 secs] 
2020-10-29T08:53:14.413+0000: [GC (Allocation Failure) 2020-10-29T08:53:14.413+0000: [ParNew: 16388K->4K(18432K), 0.0028097 secs] 606387K->590003K(896640K), 0.0028704 secs] [Times: user=0.00 sys=0.00, real=0.00 secs] 
2020-10-29T08:53:14.435+0000: [GC (Allocation Failure) 2020-10-29T08:53:14.435+0000: [ParNew: 16388K->4K(18432K), 0.0029028 secs] 606387K->590003K(896640K), 0.0029523 secs] [Times: user=0.00 sys=0.00, real=0.00 secs] 
2020-10-29T08:53:14.458+0000: [GC (Allocation Failure) 2020-10-29T08:53:14.458+0000: [ParNew: 16388K->4K(18432K), 0.0044867 secs] 606387K->590003K(896640K), 0.0045330 secs] [Times: user=0.00 sys=0.00, real=0.01 secs] 
2020-10-29T08:53:14.479+0000: [GC (Allocation Failure) 2020-10-29T08:53:14.479+0000: [ParNew: 16388K->4K(18432K), 0.0027522 secs] 606387K->590003K(896640K), 0.0027988 secs] [Times: user=0.01 sys=0.00, real=0.00 secs] 
2020-10-29T08:53:14.498+0000: [GC (Allocation Failure) 2020-10-29T08:53:14.498+0000: [ParNew: 16388K->4K(18432K), 0.0027864 secs] 606387K->590003K(896640K), 0.0028340 secs] [Times: user=0.00 sys=0.00, real=0.00 secs] 
2020-10-29T08:53:14.517+0000: [GC (Allocation Failure) 2020-10-29T08:53:14.517+0000: [ParNew: 16388K->4K(18432K), 0.0028767 secs] 606387K->590003K(896640K), 0.0029284 secs] [Times: user=0.01 sys=0.00, real=0.00 secs] 
2020-10-29T08:53:14.538+0000: [GC (Allocation Failure) 2020-10-29T08:53:14.538+0000: [ParNew: 16388K->4K(18432K), 0.0028342 secs] 606387K->590003K(896640K), 0.0028854 secs] [Times: user=0.00 sys=0.01, real=0.00 secs] 
2020-10-29T08:53:14.557+0000: [GC (Allocation Failure) 2020-10-29T08:53:14.557+0000: [ParNew: 16234K->4K(18432K), 0.0028447 secs] 606234K->590003K(896640K), 0.0028941 secs] [Times: user=0.01 sys=0.00, real=0.00 secs] 
2020-10-29T08:53:14.577+0000: [GC (Allocation Failure) 2020-10-29T08:53:14.577+0000: [ParNew: 16388K->4K(18432K), 0.0027991 secs] 606387K->590003K(896640K), 0.0028493 secs] [Times: user=0.01 sys=0.00, real=0.00 secs] 
2020-10-29T08:53:14.596+0000: [GC (Allocation Failure) 2020-10-29T08:53:14.596+0000: [ParNew: 16388K->4K(18432K), 0.0027737 secs] 606387K->590003K(896640K), 0.0028214 secs] [Times: user=0.01 sys=0.00, real=0.00 secs] 
2020-10-29T08:53:14.618+0000: [GC (Allocation Failure) 2020-10-29T08:53:14.618+0000: [ParNew: 16388K->4K(18432K), 0.0025603 secs] 606387K->590003K(896640K), 0.0026019 secs] [Times: user=0.01 sys=0.00, real=0.00 secs] 
2020-10-29T08:53:14.637+0000: [GC (Allocation Failure) 2020-10-29T08:53:14.637+0000: [ParNew: 16388K->4K(18432K), 0.0026591 secs] 606387K->590003K(896640K), 0.0026999 secs] [Times: user=0.00 sys=0.00, real=0.00 secs] 
2020-10-29T08:53:14.658+0000: [GC (Allocation Failure) 2020-10-29T08:53:14.658+0000: [ParNew: 16388K->15K(18432K), 0.0028532 secs] 606387K->590014K(896640K), 0.0029012 secs] [Times: user=0.01 sys=0.00, real=0.00 secs] 
2020-10-29T08:53:14.683+0000: [GC (Allocation Failure) 2020-10-29T08:53:14.683+0000: [ParNew: 16399K->1166K(18432K), 0.0038707 secs] 606398K->593213K(896640K), 0.0039181 secs] [Times: user=0.00 sys=0.00, real=0.00 secs] 
2020-10-29T08:53:14.718+0000: [GC (Allocation Failure) 2020-10-29T08:53:14.718+0000: [ParNew: 17550K->17K(18432K), 0.0036671 secs] 609597K->593161K(896640K), 0.0037186 secs] [Times: user=0.01 sys=0.00, real=0.00 secs] 
2020-10-29T08:53:14.753+0000: [GC (Allocation Failure) 2020-10-29T08:53:14.753+0000: [ParNew: 16401K->4K(18432K), 0.0028581 secs] 609545K->593148K(896640K), 0.0029099 secs] [Times: user=0.01 sys=0.00, real=0.00 secs] 
2020-10-29T08:53:14.786+0000: [GC (Allocation Failure) 2020-10-29T08:53:14.786+0000: [ParNew: 16388K->35K(18432K), 0.0029602 secs] 609532K->593180K(896640K), 0.0030112 secs] [Times: user=0.01 sys=0.00, real=0.00 secs] 
2020-10-29T08:53:14.815+0000: [GC (Allocation Failure) 2020-10-29T08:53:14.815+0000: [ParNew: 16419K->163K(18432K), 0.0032276 secs] 609564K->593307K(896640K), 0.0032782 secs] [Times: user=0.00 sys=0.00, real=0.00 secs] 
2020-10-29T08:53:14.850+0000: [GC (Allocation Failure) 2020-10-29T08:53:14.850+0000: [ParNew: 16547K->45K(18432K), 0.0034277 secs] 609691K->593190K(896640K), 0.0035117 secs] [Times: user=0.00 sys=0.00, real=0.00 secs] 
2020-10-29T08:53:14.886+0000: [GC (Allocation Failure) 2020-10-29T08:53:14.886+0000: [ParNew: 16429K->53K(18432K), 0.0031292 secs] 609574K->593197K(896640K), 0.0031953 secs] [Times: user=0.01 sys=0.00, real=0.00 secs] 
2020-10-29T08:53:14.921+0000: [GC (Allocation Failure) 2020-10-29T08:53:14.921+0000: [ParNew: 16437K->40K(18432K), 0.0031453 secs] 609581K->593184K(896640K), 0.0032132 secs] [Times: user=0.01 sys=0.00, real=0.01 secs] 
2020-10-29T08:53:14.956+0000: [GC (Allocation Failure) 2020-10-29T08:53:14.956+0000: [ParNew: 16424K->45K(18432K), 0.0032075 secs] 609568K->593189K(896640K), 0.0032595 secs] [Times: user=0.01 sys=0.00, real=0.00 secs] 
2020-10-29T08:53:15.014+0000: [GC (Allocation Failure) 2020-10-29T08:53:15.014+0000: [ParNew: 16429K->54K(18432K), 0.0034877 secs] 609573K->593203K(896640K), 0.0035402 secs] [Times: user=0.01 sys=0.00, real=0.00 secs] 
2020-10-29T08:53:15.130+0000: [GC (Allocation Failure) 2020-10-29T08:53:15.130+0000: [ParNew: 16438K->1102K(18432K), 0.0038338 secs] 609587K->596320K(896640K), 0.0039099 secs] [Times: user=0.01 sys=0.00, real=0.01 secs] 
2020-10-29T08:53:15.342+0000: [GC (Allocation Failure) 2020-10-29T08:53:15.342+0000: [ParNew: 17486K->9K(18432K), 0.0031992 secs] 612704K->596315K(896640K), 0.0032532 secs] [Times: user=0.01 sys=0.00, real=0.00 secs] 
2020-10-29T08:53:15.458+0000: [GC (Allocation Failure) 2020-10-29T08:53:15.458+0000: [ParNew: 16393K->6K(18432K), 0.0029759 secs] 612699K->596312K(896640K), 0.0030393 secs] [Times: user=0.00 sys=0.00, real=0.00 secs] 
2020-10-29T08:53:15.519+0000: [GC (Allocation Failure) 2020-10-29T08:53:15.519+0000: [ParNew: 16390K->6K(18432K), 0.0029523 secs] 612696K->596312K(896640K), 0.0030218 secs] [Times: user=0.01 sys=0.00, real=0.00 secs] 
2020-10-29T08:53:15.572+0000: [GC (Allocation Failure) 2020-10-29T08:53:15.572+0000: [ParNew: 16390K->6K(18432K), 0.0029324 secs] 612696K->596312K(896640K), 0.0029971 secs] [Times: user=0.01 sys=0.00, real=0.00 secs] 
2020-10-29T08:53:15.598+0000: [GC (Allocation Failure) 2020-10-29T08:53:15.598+0000: [ParNew: 16390K->6K(18432K), 0.0028538 secs] 612696K->596312K(896640K), 0.0029086 secs] [Times: user=0.01 sys=0.00, real=0.00 secs] 
2020-10-29T08:53:15.630+0000: [GC (Allocation Failure) 2020-10-29T08:53:15.630+0000: [ParNew: 16390K->4K(18432K), 0.0028447 secs] 612696K->596310K(896640K), 0.0029131 secs] [Times: user=0.01 sys=0.00, real=0.00 secs] 
2020-10-29T08:53:15.658+0000: [GC (Allocation Failure) 2020-10-29T08:53:15.658+0000: [ParNew: 16388K->4K(18432K), 0.0028020 secs] 612694K->596311K(896640K), 0.0028530 secs] [Times: user=0.00 sys=0.00, real=0.00 secs] 
2020-10-29T08:53:15.687+0000: [GC (Allocation Failure) 2020-10-29T08:53:15.687+0000: [ParNew: 16388K->4K(18432K), 0.0043186 secs] 612695K->596312K(896640K), 0.0043789 secs] [Times: user=0.00 sys=0.00, real=0.01 secs] 
2020-10-29T08:53:15.727+0000: [GC (Allocation Failure) 2020-10-29T08:53:15.727+0000: [ParNew: 16388K->4K(18432K), 0.0028228 secs] 612696K->596312K(896640K), 0.0028868 secs] [Times: user=0.01 sys=0.00, real=0.00 secs] 
2020-10-29T08:53:15.755+0000: [GC (Allocation Failure) 2020-10-29T08:53:15.755+0000: [ParNew: 16388K->4K(18432K), 0.0028642 secs] 612696K->596312K(896640K), 0.0029405 secs] [Times: user=0.00 sys=0.00, real=0.00 secs] 
2020-10-29T08:53:15.796+0000: [GC (Allocation Failure) 2020-10-29T08:53:15.796+0000: [ParNew: 16388K->4K(18432K), 0.0028713 secs] 612696K->596312K(896640K), 0.0029421 secs] [Times: user=0.01 sys=0.00, real=0.00 secs] 
2020-10-29T08:53:15.832+0000: [GC (Allocation Failure) 2020-10-29T08:53:15.832+0000: [ParNew: 16388K->4K(18432K), 0.0028811 secs] 612696K->596312K(896640K), 0.0029301 secs] [Times: user=0.01 sys=0.00, real=0.00 secs] 
2020-10-29T08:53:15.867+0000: [GC (Allocation Failure) 2020-10-29T08:53:15.867+0000: [ParNew: 16388K->4K(18432K), 0.0028308 secs] 612696K->596312K(896640K), 0.0028815 secs] [Times: user=0.01 sys=0.00, real=0.00 secs] 
2020-10-29T08:53:15.888+0000: [GC (Allocation Failure) 2020-10-29T08:53:15.888+0000: [ParNew: 16388K->4K(18432K), 0.0028668 secs] 612696K->596312K(896640K), 0.0029281 secs] [Times: user=0.00 sys=0.00, real=0.01 secs] 
2020-10-29T08:53:15.909+0000: [GC (Allocation Failure) 2020-10-29T08:53:15.909+0000: [ParNew: 16388K->4K(18432K), 0.0028648 secs] 612696K->596312K(896640K), 0.0029159 secs] [Times: user=0.00 sys=0.00, real=0.01 secs] 
2020-10-29T08:53:15.931+0000: [GC (Allocation Failure) 2020-10-29T08:53:15.931+0000: [ParNew: 16388K->4K(18432K), 0.0028442 secs] 612696K->596312K(896640K), 0.0028965 secs] [Times: user=0.01 sys=0.00, real=0.00 secs] 
2020-10-29T08:53:15.952+0000: [GC (Allocation Failure) 2020-10-29T08:53:15.952+0000: [ParNew: 16388K->4K(18432K), 0.0028876 secs] 612696K->596312K(896640K), 0.0029428 secs] [Times: user=0.01 sys=0.00, real=0.00 secs] 
2020-10-29T08:53:15.977+0000: [GC (Allocation Failure) 2020-10-29T08:53:15.977+0000: [ParNew: 16388K->4K(18432K), 0.0028679 secs] 612696K->596312K(896640K), 0.0029222 secs] [Times: user=0.01 sys=0.00, real=0.00 secs] 
2020-10-29T08:53:15.998+0000: [GC (Allocation Failure) 2020-10-29T08:53:15.998+0000: [ParNew: 16388K->4K(18432K), 0.0028460 secs] 612696K->596312K(896640K), 0.0028995 secs] [Times: user=0.01 sys=0.00, real=0.00 secs] 
2020-10-29T08:53:16.020+0000: [GC (Allocation Failure) 2020-10-29T08:53:16.020+0000: [ParNew: 16388K->4K(18432K), 0.0028633 secs] 612696K->596312K(896640K), 0.0029157 secs] [Times: user=0.00 sys=0.00, real=0.01 secs] 
2020-10-29T08:53:16.041+0000: [GC (Allocation Failure) 2020-10-29T08:53:16.041+0000: [ParNew: 16388K->4K(18432K), 0.0029106 secs] 612696K->596312K(896640K), 0.0029612 secs] [Times: user=0.00 sys=0.00, real=0.01 secs] 
2020-10-29T08:53:16.062+0000: [GC (Allocation Failure) 2020-10-29T08:53:16.062+0000: [ParNew: 16388K->4K(18432K), 0.0027930 secs] 612696K->596312K(896640K), 0.0028424 secs] [Times: user=0.01 sys=0.00, real=0.01 secs] 
2020-10-29T08:53:16.084+0000: [GC (Allocation Failure) 2020-10-29T08:53:16.084+0000: [ParNew: 16388K->4K(18432K), 0.0028754 secs] 612696K->596312K(896640K), 0.0029480 secs] [Times: user=0.00 sys=0.00, real=0.00 secs] 
2020-10-29T08:53:16.109+0000: [GC (Allocation Failure) 2020-10-29T08:53:16.109+0000: [ParNew: 16388K->4K(18432K), 0.0029358 secs] 612696K->596312K(896640K), 0.0029886 secs] [Times: user=0.00 sys=0.00, real=0.01 secs] 
2020-10-29T08:53:16.131+0000: [GC (Allocation Failure) 2020-10-29T08:53:16.131+0000: [ParNew: 16388K->4K(18432K), 0.0028515 secs] 612696K->596312K(896640K), 0.0029042 secs] [Times: user=0.00 sys=0.00, real=0.00 secs] 
2020-10-29T08:53:16.152+0000: [GC (Allocation Failure) 2020-10-29T08:53:16.152+0000: [ParNew: 16388K->4K(18432K), 0.0028602 secs] 612696K->596312K(896640K), 0.0029098 secs] [Times: user=0.01 sys=0.00, real=0.00 secs] 
2020-10-29T08:53:16.178+0000: [GC (Allocation Failure) 2020-10-29T08:53:16.178+0000: [ParNew: 16388K->4K(18432K), 0.0028762 secs] 612696K->596312K(896640K), 0.0029291 secs] [Times: user=0.01 sys=0.00, real=0.00 secs] 
2020-10-29T08:53:16.202+0000: [GC (Allocation Failure) 2020-10-29T08:53:16.202+0000: [ParNew: 16388K->4K(18432K), 0.0028507 secs] 612696K->596312K(896640K), 0.0029033 secs] [Times: user=0.00 sys=0.00, real=0.00 secs] 
2020-10-29T08:53:16.224+0000: [GC (Allocation Failure) 2020-10-29T08:53:16.224+0000: [ParNew: 16388K->4K(18432K), 0.0040837 secs] 612696K->596312K(896640K), 0.0041354 secs] [Times: user=0.01 sys=0.00, real=0.00 secs] 
2020-10-29T08:53:16.261+0000: [GC (GCLocker Initiated GC) 2020-10-29T08:53:16.261+0000: [ParNew: 16388K->4K(18432K), 0.0028853 secs] 612696K->596312K(896640K), 0.0029411 secs] [Times: user=0.00 sys=0.00, real=0.01 secs] 
2020-10-29T08:53:16.284+0000: [GC (Allocation Failure) 2020-10-29T08:53:16.284+0000: [ParNew: 16388K->4K(18432K), 0.0029019 secs] 612696K->596312K(896640K), 0.0029555 secs] [Times: user=0.00 sys=0.00, real=0.00 secs] 
2020-10-29T08:53:16.305+0000: [GC (GCLocker Initiated GC) 2020-10-29T08:53:16.305+0000: [ParNew: 16388K->4K(18432K), 0.0028189 secs] 612696K->596312K(896640K), 0.0028693 secs] [Times: user=0.01 sys=0.00, real=0.00 secs] 
2020-10-29T08:53:16.328+0000: [GC (Allocation Failure) 2020-10-29T08:53:16.328+0000: [ParNew: 16388K->4K(18432K), 0.0028791 secs] 612696K->596312K(896640K), 0.0029316 secs] [Times: user=0.01 sys=0.00, real=0.01 secs] 
2020-10-29T08:53:16.349+0000: [GC (Allocation Failure) 2020-10-29T08:53:16.349+0000: [ParNew: 16388K->4K(18432K), 0.0028707 secs] 612696K->596312K(896640K), 0.0029234 secs] [Times: user=0.00 sys=0.00, real=0.01 secs] 
2020-10-29T08:53:16.371+0000: [GC (Allocation Failure) 2020-10-29T08:53:16.371+0000: [ParNew: 16388K->4K(18432K), 0.0028653 secs] 612696K->596312K(896640K), 0.0029167 secs] [Times: user=0.01 sys=0.00, real=0.00 secs] 
2020-10-29T08:53:16.394+0000: [GC (Allocation Failure) 2020-10-29T08:53:16.394+0000: [ParNew: 16388K->4K(18432K), 0.0028995 secs] 612696K->596312K(896640K), 0.0029599 secs] [Times: user=0.00 sys=0.00, real=0.00 secs] 
2020-10-29T08:53:16.418+0000: [GC (Allocation Failure) 2020-10-29T08:53:16.418+0000: [ParNew: 16388K->4K(18432K), 0.0028013 secs] 612696K->596312K(896640K), 0.0028523 secs] [Times: user=0.01 sys=0.00, real=0.00 secs] 
2020-10-29T08:53:16.441+0000: [GC (Allocation Failure) 2020-10-29T08:53:16.441+0000: [ParNew: 16388K->4K(18432K), 0.0028675 secs] 612696K->596312K(896640K), 0.0029210 secs] [Times: user=0.00 sys=0.00, real=0.01 secs] 
2020-10-29T08:53:16.470+0000: [GC (Allocation Failure) 2020-10-29T08:53:16.470+0000: [ParNew: 16388K->4K(18432K), 0.0028565 secs] 612696K->596312K(896640K), 0.0029130 secs] [Times: user=0.01 sys=0.00, real=0.00 secs] 
2020-10-29T08:53:16.494+0000: [GC (Allocation Failure) 2020-10-29T08:53:16.494+0000: [ParNew: 16388K->4K(18432K), 0.0029848 secs] 612696K->596312K(896640K), 0.0030370 secs] [Times: user=0.00 sys=0.00, real=0.00 secs] 
2020-10-29T08:53:16.515+0000: [GC (Allocation Failure) 2020-10-29T08:53:16.515+0000: [ParNew: 16388K->4K(18432K), 0.0028452 secs] 612696K->596312K(896640K), 0.0028981 secs] [Times: user=0.00 sys=0.00, real=0.00 secs] 
2020-10-29T08:53:16.539+0000: [GC (Allocation Failure) 2020-10-29T08:53:16.539+0000: [ParNew: 16388K->4K(18432K), 0.0029118 secs] 612696K->596312K(896640K), 0.0029642 secs] [Times: user=0.01 sys=0.00, real=0.01 secs] 
2020-10-29T08:53:16.562+0000: [GC (Allocation Failure) 2020-10-29T08:53:16.562+0000: [ParNew: 16388K->4K(18432K), 0.0028520 secs] 612696K->596312K(896640K), 0.0029063 secs] [Times: user=0.01 sys=0.00, real=0.00 secs] 
2020-10-29T08:53:16.583+0000: [GC (Allocation Failure) 2020-10-29T08:53:16.583+0000: [ParNew: 16388K->4K(18432K), 0.0028228 secs] 612696K->596312K(896640K), 0.0028731 secs] [Times: user=0.01 sys=0.00, real=0.00 secs] 
2020-10-29T08:53:16.607+0000: [GC (GCLocker Initiated GC) 2020-10-29T08:53:16.607+0000: [ParNew: 16388K->4K(18432K), 0.0028249 secs] 612696K->596312K(896640K), 0.0028751 secs] [Times: user=0.01 sys=0.00, real=0.00 secs] 
2020-10-29T08:53:16.628+0000: [GC (Allocation Failure) 2020-10-29T08:53:16.628+0000: [ParNew: 16388K->4K(18432K), 0.0028176 secs] 612696K->596312K(896640K), 0.0028682 secs] [Times: user=0.01 sys=0.00, real=0.01 secs] 
2020-10-29T08:53:16.650+0000: [GC (Allocation Failure) 2020-10-29T08:53:16.650+0000: [ParNew: 16388K->4K(18432K), 0.0028781 secs] 612696K->596312K(896640K), 0.0029305 secs] [Times: user=0.00 sys=0.00, real=0.01 secs] 
2020-10-29T08:53:16.674+0000: [GC (Allocation Failure) 2020-10-29T08:53:16.674+0000: [ParNew: 16388K->4K(18432K), 0.0029297 secs] 612696K->596312K(896640K), 0.0029832 secs] [Times: user=0.01 sys=0.00, real=0.00 secs] 
2020-10-29T08:53:16.695+0000: [GC (Allocation Failure) 2020-10-29T08:53:16.695+0000: [ParNew: 16388K->4K(18432K), 0.0028456 secs] 612696K->596312K(896640K), 0.0028959 secs] [Times: user=0.01 sys=0.00, real=0.00 secs] 
2020-10-29T08:53:16.717+0000: [GC (Allocation Failure) 2020-10-29T08:53:16.717+0000: [ParNew: 16388K->4K(18432K), 0.0028719 secs] 612696K->596312K(896640K), 0.0029213 secs] [Times: user=0.01 sys=0.00, real=0.00 secs] 
2020-10-29T08:53:16.739+0000: [GC (Allocation Failure) 2020-10-29T08:53:16.739+0000: [ParNew: 16388K->4K(18432K), 0.0028855 secs] 612696K->596312K(896640K), 0.0029383 secs] [Times: user=0.01 sys=0.00, real=0.00 secs] 
2020-10-29T08:53:16.760+0000: [GC (Allocation Failure) 2020-10-29T08:53:16.760+0000: [ParNew: 16388K->4K(18432K), 0.0029210 secs] 612696K->596312K(896640K), 0.0029864 secs] [Times: user=0.01 sys=0.00, real=0.01 secs] 
2020-10-29T08:53:16.782+0000: [GC (Allocation Failure) 2020-10-29T08:53:16.782+0000: [ParNew: 16388K->4K(18432K), 0.0028781 secs] 612696K->596312K(896640K), 0.0029302 secs] [Times: user=0.01 sys=0.00, real=0.01 secs] 
2020-10-29T08:53:16.807+0000: [GC (Allocation Failure) 2020-10-29T08:53:16.807+0000: [ParNew: 16388K->4K(18432K), 0.0028949 secs] 612696K->596312K(896640K), 0.0029494 secs] [Times: user=0.01 sys=0.00, real=0.00 secs] 
2020-10-29T08:53:16.828+0000: [GC (Allocation Failure) 2020-10-29T08:53:16.828+0000: [ParNew: 16388K->4K(18432K), 0.0028997 secs] 612696K->596312K(896640K), 0.0029538 secs] [Times: user=0.00 sys=0.00, real=0.01 secs] 
2020-10-29T08:53:16.850+0000: [GC (Allocation Failure) 2020-10-29T08:53:16.850+0000: [ParNew: 16388K->4K(18432K), 0.0028363 secs] 612696K->596312K(896640K), 0.0028874 secs] [Times: user=0.01 sys=0.00, real=0.00 secs] 
2020-10-29T08:53:16.874+0000: [GC (Allocation Failure) 2020-10-29T08:53:16.874+0000: [ParNew: 16388K->4K(18432K), 0.0028372 secs] 612696K->596312K(896640K), 0.0028895 secs] [Times: user=0.01 sys=0.00, real=0.00 secs] 
2020-10-29T08:53:16.898+0000: [GC (Allocation Failure) 2020-10-29T08:53:16.898+0000: [ParNew: 16388K->4K(18432K), 0.0028773 secs] 612696K->596312K(896640K), 0.0029380 secs] [Times: user=0.01 sys=0.00, real=0.00 secs] 
2020-10-29T08:53:16.919+0000: [GC (Allocation Failure) 2020-10-29T08:53:16.919+0000: [ParNew: 16388K->4K(18432K), 0.0028602 secs] 612696K->596312K(896640K), 0.0029120 secs] [Times: user=0.00 sys=0.00, real=0.01 secs] 
2020-10-29T08:53:16.941+0000: [GC (Allocation Failure) 2020-10-29T08:53:16.941+0000: [ParNew: 16388K->4K(18432K), 0.0035605 secs] 612696K->596312K(896640K), 0.0036185 secs] [Times: user=0.00 sys=0.00, real=0.01 secs] 
2020-10-29T08:53:16.973+0000: [GC (Allocation Failure) 2020-10-29T08:53:16.973+0000: [ParNew: 16388K->4K(18432K), 0.0028923 secs] 612696K->596312K(896640K), 0.0029468 secs] [Times: user=0.00 sys=0.00, real=0.00 secs] 
2020-10-29T08:53:16.998+0000: [GC (Allocation Failure) 2020-10-29T08:53:16.998+0000: [ParNew: 16388K->4K(18432K), 0.0028430 secs] 612696K->596312K(896640K), 0.0028932 secs] [Times: user=0.01 sys=0.00, real=0.00 secs] 
2020-10-29T08:53:17.020+0000: [GC (Allocation Failure) 2020-10-29T08:53:17.020+0000: [ParNew: 16388K->4K(18432K), 0.0028664 secs] 612696K->596312K(896640K), 0.0029178 secs] [Times: user=0.01 sys=0.00, real=0.01 secs] 
2020-10-29T08:53:17.041+0000: [GC (Allocation Failure) 2020-10-29T08:53:17.041+0000: [ParNew: 16388K->4K(18432K), 0.0028409 secs] 612696K->596312K(896640K), 0.0028911 secs] [Times: user=0.00 sys=0.00, real=0.01 secs] 
2020-10-29T08:53:17.062+0000: [GC (Allocation Failure) 2020-10-29T08:53:17.062+0000: [ParNew: 16388K->4K(18432K), 0.0028405 secs] 612696K->596312K(896640K), 0.0028909 secs] [Times: user=0.00 sys=0.00, real=0.01 secs] 
2020-10-29T08:53:17.083+0000: [GC (Allocation Failure) 2020-10-29T08:53:17.083+0000: [ParNew: 16388K->4K(18432K), 0.0028162 secs] 612696K->596312K(896640K), 0.0028665 secs] [Times: user=0.01 sys=0.00, real=0.00 secs] 
2020-10-29T08:53:17.108+0000: [GC (Allocation Failure) 2020-10-29T08:53:17.108+0000: [ParNew: 16388K->4K(18432K), 0.0028273 secs] 612696K->596312K(896640K), 0.0028774 secs] [Times: user=0.00 sys=0.00, real=0.01 secs] 
2020-10-29T08:53:17.130+0000: [GC (Allocation Failure) 2020-10-29T08:53:17.130+0000: [ParNew: 16388K->4K(18432K), 0.0028181 secs] 612696K->596312K(896640K), 0.0028697 secs] [Times: user=0.01 sys=0.00, real=0.00 secs] 
2020-10-29T08:53:17.154+0000: [GC (Allocation Failure) 2020-10-29T08:53:17.154+0000: [ParNew: 16388K->4K(18432K), 0.0028531 secs] 612696K->596312K(896640K), 0.0029048 secs] [Times: user=0.00 sys=0.00, real=0.00 secs] 
2020-10-29T08:53:17.178+0000: [GC (Allocation Failure) 2020-10-29T08:53:17.178+0000: [ParNew: 16388K->4K(18432K), 0.0028782 secs] 612696K->596312K(896640K), 0.0029459 secs] [Times: user=0.00 sys=0.00, real=0.00 secs] 
2020-10-29T08:53:17.200+0000: [GC (Allocation Failure) 2020-10-29T08:53:17.200+0000: [ParNew: 16388K->4K(18432K), 0.0028822 secs] 612696K->596312K(896640K), 0.0029344 secs] [Times: user=0.00 sys=0.00, real=0.01 secs] 
2020-10-29T08:53:17.222+0000: [GC (Allocation Failure) 2020-10-29T08:53:17.222+0000: [ParNew: 16388K->4K(18432K), 0.0030493 secs] 612696K->596312K(896640K), 0.0031029 secs] [Times: user=0.00 sys=0.00, real=0.00 secs] 
2020-10-29T08:53:17.246+0000: [GC (Allocation Failure) 2020-10-29T08:53:17.246+0000: [ParNew: 16388K->4K(18432K), 0.0027805 secs] 612696K->596312K(896640K), 0.0028275 secs] [Times: user=0.00 sys=0.00, real=0.00 secs] 
2020-10-29T08:53:17.267+0000: [GC (Allocation Failure) 2020-10-29T08:53:17.267+0000: [ParNew: 16388K->4K(18432K), 0.0028320 secs] 612696K->596312K(896640K), 0.0028818 secs] [Times: user=0.00 sys=0.00, real=0.01 secs] 
2020-10-29T08:53:17.290+0000: [GC (Allocation Failure) 2020-10-29T08:53:17.290+0000: [ParNew: 16388K->4K(18432K), 0.0028327 secs] 612696K->596312K(896640K), 0.0028843 secs] [Times: user=0.00 sys=0.00, real=0.00 secs] 
2020-10-29T08:53:17.314+0000: [GC (Allocation Failure) 2020-10-29T08:53:17.314+0000: [ParNew: 16388K->4K(18432K), 0.0028164 secs] 612696K->596312K(896640K), 0.0028646 secs] [Times: user=0.00 sys=0.00, real=0.00 secs] 
2020-10-29T08:53:17.335+0000: [GC (Allocation Failure) 2020-10-29T08:53:17.335+0000: [ParNew: 16388K->4K(18432K), 0.0028515 secs] 612696K->596312K(896640K), 0.0029029 secs] [Times: user=0.01 sys=0.00, real=0.00 secs] 
2020-10-29T08:53:17.357+0000: [GC (Allocation Failure) 2020-10-29T08:53:17.357+0000: [ParNew: 16388K->4K(18432K), 0.0028539 secs] 612696K->596312K(896640K), 0.0029046 secs] [Times: user=0.01 sys=0.00, real=0.00 secs] 
2020-10-29T08:53:17.377+0000: [GC (Allocation Failure) 2020-10-29T08:53:17.378+0000: [ParNew: 16388K->4K(18432K), 0.0028205 secs] 612696K->596312K(896640K), 0.0028782 secs] [Times: user=0.01 sys=0.00, real=0.00 secs] 
2020-10-29T08:53:17.398+0000: [GC (Allocation Failure) 2020-10-29T08:53:17.398+0000: [ParNew: 16388K->4K(18432K), 0.0027857 secs] 612696K->596312K(896640K), 0.0028333 secs] [Times: user=0.01 sys=0.00, real=0.00 secs] 
2020-10-29T08:53:17.419+0000: [GC (Allocation Failure) 2020-10-29T08:53:17.420+0000: [ParNew: 16388K->4K(18432K), 0.0028176 secs] 612696K->596312K(896640K), 0.0028680 secs] [Times: user=0.00 sys=0.00, real=0.01 secs] 
2020-10-29T08:53:17.448+0000: [GC (Allocation Failure) 2020-10-29T08:53:17.448+0000: [ParNew: 16388K->4K(18432K), 0.0028853 secs] 612696K->596312K(896640K), 0.0029585 secs] [Times: user=0.01 sys=0.00, real=0.01 secs] 
2020-10-29T08:53:17.474+0000: [GC (Allocation Failure) 2020-10-29T08:53:17.474+0000: [ParNew: 16388K->4K(18432K), 0.0028649 secs] 612696K->596312K(896640K), 0.0029169 secs] [Times: user=0.01 sys=0.00, real=0.00 secs] 
2020-10-29T08:53:17.495+0000: [GC (Allocation Failure) 2020-10-29T08:53:17.495+0000: [ParNew: 16388K->4K(18432K), 0.0027483 secs] 612696K->596312K(896640K), 0.0027952 secs] [Times: user=0.00 sys=0.00, real=0.00 secs] 
2020-10-29T08:53:17.517+0000: [GC (Allocation Failure) 2020-10-29T08:53:17.517+0000: [ParNew: 16388K->4K(18432K), 0.0028498 secs] 612696K->596312K(896640K), 0.0029027 secs] [Times: user=0.01 sys=0.00, real=0.00 secs] 
2020-10-29T08:53:17.537+0000: [GC (Allocation Failure) 2020-10-29T08:53:17.537+0000: [ParNew: 16388K->4K(18432K), 0.0028000 secs] 612696K->596312K(896640K), 0.0028499 secs] [Times: user=0.01 sys=0.00, real=0.00 secs] 
2020-10-29T08:53:17.559+0000: [GC (Allocation Failure) 2020-10-29T08:53:17.559+0000: [ParNew: 16388K->4K(18432K), 0.0028422 secs] 612696K->596312K(896640K), 0.0029064 secs] [Times: user=0.01 sys=0.00, real=0.01 secs] 
2020-10-29T08:53:17.582+0000: [GC (Allocation Failure) 2020-10-29T08:53:17.582+0000: [ParNew: 16388K->4K(18432K), 0.0028037 secs] 612696K->596312K(896640K), 0.0028522 secs] [Times: user=0.01 sys=0.00, real=0.00 secs] 
2020-10-29T08:53:17.606+0000: [GC (Allocation Failure) 2020-10-29T08:53:17.606+0000: [ParNew: 16388K->4K(18432K), 0.0027850 secs] 612696K->596312K(896640K), 0.0028390 secs] [Times: user=0.01 sys=0.00, real=0.00 secs] 
2020-10-29T08:53:17.630+0000: [GC (GCLocker Initiated GC) 2020-10-29T08:53:17.630+0000: [ParNew: 16388K->4K(18432K), 0.0028715 secs] 612696K->596312K(896640K), 0.0029224 secs] [Times: user=0.00 sys=0.00, real=0.00 secs] 
2020-10-29T08:53:17.654+0000: [GC (Allocation Failure) 2020-10-29T08:53:17.654+0000: [ParNew: 16388K->4K(18432K), 0.0029073 secs] 612696K->596312K(896640K), 0.0029554 secs] [Times: user=0.00 sys=0.00, real=0.00 secs] 
2020-10-29T08:53:17.678+0000: [GC (Allocation Failure) 2020-10-29T08:53:17.678+0000: [ParNew: 16388K->4K(18432K), 0.0028183 secs] 612696K->596312K(896640K), 0.0028663 secs] [Times: user=0.00 sys=0.00, real=0.00 secs] 
2020-10-29T08:53:17.699+0000: [GC (Allocation Failure) 2020-10-29T08:53:17.699+0000: [ParNew: 16388K->4K(18432K), 0.0028049 secs] 612696K->596312K(896640K), 0.0028554 secs] [Times: user=0.00 sys=0.00, real=0.00 secs] 
2020-10-29T08:53:17.722+0000: [GC (Allocation Failure) 2020-10-29T08:53:17.722+0000: [ParNew: 16388K->4K(18432K), 0.0028236 secs] 612696K->596312K(896640K), 0.0028744 secs] [Times: user=0.01 sys=0.00, real=0.01 secs] 
2020-10-29T08:53:17.744+0000: [GC (Allocation Failure) 2020-10-29T08:53:17.744+0000: [ParNew: 16388K->4K(18432K), 0.0028631 secs] 612696K->596312K(896640K), 0.0029162 secs] [Times: user=0.01 sys=0.00, real=0.00 secs] 
2020-10-29T08:53:17.767+0000: [GC (Allocation Failure) 2020-10-29T08:53:17.767+0000: [ParNew: 16388K->4K(18432K), 0.0028843 secs] 612696K->596312K(896640K), 0.0029370 secs] [Times: user=0.00 sys=0.00, real=0.01 secs] 
2020-10-29T08:53:17.789+0000: [GC (Allocation Failure) 2020-10-29T08:53:17.789+0000: [ParNew: 16388K->4K(18432K), 0.0028443 secs] 612696K->596312K(896640K), 0.0028949 secs] [Times: user=0.00 sys=0.00, real=0.01 secs] 
2020-10-29T08:53:17.810+0000: [GC (Allocation Failure) 2020-10-29T08:53:17.810+0000: [ParNew: 16388K->4K(18432K), 0.0027984 secs] 612696K->596312K(896640K), 0.0028488 secs] [Times: user=0.00 sys=0.00, real=0.00 secs] 
2020-10-29T08:53:17.834+0000: [GC (Allocation Failure) 2020-10-29T08:53:17.834+0000: [ParNew: 16388K->4K(18432K), 0.0028226 secs] 612696K->596312K(896640K), 0.0028711 secs] [Times: user=0.01 sys=0.00, real=0.00 secs] 
2020-10-29T08:53:17.855+0000: [GC (Allocation Failure) 2020-10-29T08:53:17.855+0000: [ParNew: 16388K->4K(18432K), 0.0028272 secs] 612696K->596312K(896640K), 0.0028706 secs] [Times: user=0.01 sys=0.00, real=0.00 secs] 
2020-10-29T08:53:17.878+0000: [GC (Allocation Failure) 2020-10-29T08:53:17.878+0000: [ParNew: 16388K->4K(18432K), 0.0027051 secs] 612696K->596312K(896640K), 0.0027523 secs] [Times: user=0.01 sys=0.00, real=0.00 secs] 
2020-10-29T08:53:17.900+0000: [GC (Allocation Failure) 2020-10-29T08:53:17.900+0000: [ParNew: 16388K->4K(18432K), 0.0028252 secs] 612696K->596312K(896640K), 0.0028775 secs] [Times: user=0.01 sys=0.00, real=0.01 secs] 
2020-10-29T08:53:17.922+0000: [GC (GCLocker Initiated GC) 2020-10-29T08:53:17.922+0000: [ParNew: 16388K->4K(18432K), 0.0028062 secs] 612696K->596312K(896640K), 0.0028546 secs] [Times: user=0.01 sys=0.00, real=0.00 secs] 
2020-10-29T08:53:17.946+0000: [GC (Allocation Failure) 2020-10-29T08:53:17.946+0000: [ParNew: 16388K->4K(18432K), 0.0028267 secs] 612696K->596312K(896640K), 0.0028753 secs] [Times: user=0.00 sys=0.00, real=0.00 secs] 
2020-10-29T08:53:17.967+0000: [GC (Allocation Failure) 2020-10-29T08:53:17.967+0000: [ParNew: 16388K->4K(18432K), 0.0028156 secs] 612696K->596312K(896640K), 0.0028647 secs] [Times: user=0.00 sys=0.00, real=0.00 secs] 
2020-10-29T08:53:17.989+0000: [GC (Allocation Failure) 2020-10-29T08:53:17.989+0000: [ParNew: 16388K->4K(18432K), 0.0028435 secs] 612696K->596312K(896640K), 0.0028969 secs] [Times: user=0.00 sys=0.00, real=0.01 secs] 
2020-10-29T08:53:18.011+0000: [GC (Allocation Failure) 2020-10-29T08:53:18.011+0000: [ParNew: 16388K->4K(18432K), 0.0028671 secs] 612696K->596312K(896640K), 0.0029351 secs] [Times: user=0.01 sys=0.00, real=0.00 secs] 
2020-10-29T08:53:18.032+0000: [GC (Allocation Failure) 2020-10-29T08:53:18.032+0000: [ParNew: 16388K->4K(18432K), 0.0028575 secs] 612696K->596312K(896640K), 0.0029169 secs] [Times: user=0.01 sys=0.00, real=0.00 secs] 
2020-10-29T08:53:18.053+0000: [GC (GCLocker Initiated GC) 2020-10-29T08:53:18.053+0000: [ParNew: 16388K->4K(18432K), 0.0028628 secs] 612696K->596312K(896640K), 0.0029153 secs] [Times: user=0.01 sys=0.00, real=0.00 secs] 
2020-10-29T08:53:18.078+0000: [GC (Allocation Failure) 2020-10-29T08:53:18.078+0000: [ParNew: 16388K->4K(18432K), 0.0028004 secs] 612696K->596312K(896640K), 0.0028501 secs] [Times: user=0.00 sys=0.00, real=0.00 secs] 
2020-10-29T08:53:18.102+0000: [GC (Allocation Failure) 2020-10-29T08:53:18.102+0000: [ParNew: 16388K->4K(18432K), 0.0027967 secs] 612696K->596312K(896640K), 0.0028466 secs] [Times: user=0.01 sys=0.00, real=0.00 secs] 
2020-10-29T08:53:18.123+0000: [GC (Allocation Failure) 2020-10-29T08:53:18.123+0000: [ParNew: 16388K->4K(18432K), 0.0027055 secs] 612696K->596312K(896640K), 0.0027503 secs] [Times: user=0.01 sys=0.00, real=0.00 secs] 
2020-10-29T08:53:18.145+0000: [GC (Allocation Failure) 2020-10-29T08:53:18.145+0000: [ParNew: 16388K->4K(18432K), 0.0028325 secs] 612696K->596312K(896640K), 0.0028818 secs] [Times: user=0.01 sys=0.00, real=0.00 secs] 
2020-10-29T08:53:18.166+0000: [GC (Allocation Failure) 2020-10-29T08:53:18.166+0000: [ParNew: 16388K->4K(18432K), 0.0027719 secs] 612696K->596312K(896640K), 0.0028189 secs] [Times: user=0.00 sys=0.00, real=0.00 secs] 
2020-10-29T08:53:18.187+0000: [GC (Allocation Failure) 2020-10-29T08:53:18.188+0000: [ParNew: 16388K->4K(18432K), 0.0027621 secs] 612696K->596312K(896640K), 0.0028106 secs] [Times: user=0.00 sys=0.00, real=0.01 secs] 
2020-10-29T08:53:18.208+0000: [GC (Allocation Failure) 2020-10-29T08:53:18.208+0000: [ParNew: 16388K->4K(18432K), 0.0028595 secs] 612696K->596312K(896640K), 0.0029111 secs] [Times: user=0.00 sys=0.00, real=0.01 secs] 
2020-10-29T08:53:18.234+0000: [GC (Allocation Failure) 2020-10-29T08:53:18.234+0000: [ParNew: 16388K->4K(18432K), 0.0027884 secs] 612696K->596312K(896640K), 0.0028353 secs] [Times: user=0.00 sys=0.00, real=0.00 secs] 
2020-10-29T08:53:18.258+0000: [GC (Allocation Failure) 2020-10-29T08:53:18.258+0000: [ParNew: 16388K->4K(18432K), 0.0026955 secs] 612696K->596312K(896640K), 0.0027405 secs] [Times: user=0.00 sys=0.00, real=0.00 secs] 
2020-10-29T08:53:18.282+0000: [GC (Allocation Failure) 2020-10-29T08:53:18.282+0000: [ParNew: 16388K->4K(18432K), 0.0026889 secs] 612696K->596312K(896640K), 0.0027338 secs] [Times: user=0.00 sys=0.00, real=0.00 secs] 
2020-10-29T08:53:18.303+0000: [GC (Allocation Failure) 2020-10-29T08:53:18.303+0000: [ParNew: 16388K->4K(18432K), 0.0027655 secs] 612696K->596312K(896640K), 0.0028128 secs] [Times: user=0.00 sys=0.00, real=0.00 secs] 
2020-10-29T08:53:18.325+0000: [GC (Allocation Failure) 2020-10-29T08:53:18.325+0000: [ParNew: 16388K->4K(18432K), 0.0032600 secs] 612696K->596313K(896640K), 0.0033079 secs] [Times: user=0.00 sys=0.00, real=0.00 secs] 
2020-10-29T08:53:18.350+0000: [GC (Allocation Failure) 2020-10-29T08:53:18.350+0000: [ParNew: 16388K->4K(18432K), 0.0027862 secs] 612697K->596313K(896640K), 0.0028352 secs] [Times: user=0.01 sys=0.00, real=0.01 secs] 
2020-10-29T08:53:18.371+0000: [GC (Allocation Failure) 2020-10-29T08:53:18.371+0000: [ParNew: 16388K->4K(18432K), 0.0028000 secs] 612697K->596313K(896640K), 0.0028480 secs] [Times: user=0.01 sys=0.00, real=0.00 secs] 
2020-10-29T08:53:18.394+0000: [GC (Allocation Failure) 2020-10-29T08:53:18.394+0000: [ParNew: 16388K->4K(18432K), 0.0028122 secs] 612697K->596313K(896640K), 0.0028608 secs] [Times: user=0.00 sys=0.00, real=0.00 secs] 
2020-10-29T08:53:18.416+0000: [GC (Allocation Failure) 2020-10-29T08:53:18.416+0000: [ParNew: 16388K->4K(18432K), 0.0028340 secs] 612697K->596313K(896640K), 0.0028840 secs] [Times: user=0.01 sys=0.00, real=0.00 secs] 
2020-10-29T08:53:18.437+0000: [GC (Allocation Failure) 2020-10-29T08:53:18.437+0000: [ParNew: 16388K->4K(18432K), 0.0028487 secs] 612697K->596313K(896640K), 0.0028981 secs] [Times: user=0.00 sys=0.00, real=0.00 secs] 
2020-10-29T08:53:18.458+0000: [GC (Allocation Failure) 2020-10-29T08:53:18.458+0000: [ParNew: 16388K->4K(18432K), 0.0027409 secs] 612697K->596313K(896640K), 0.0027866 secs] [Times: user=0.00 sys=0.00, real=0.00 secs] 
2020-10-29T08:53:18.482+0000: [GC (Allocation Failure) 2020-10-29T08:53:18.482+0000: [ParNew: 16388K->4K(18432K), 0.0027575 secs] 612697K->596313K(896640K), 0.0028043 secs] [Times: user=0.00 sys=0.00, real=0.00 secs] 
2020-10-29T08:53:18.503+0000: [GC (Allocation Failure) 2020-10-29T08:53:18.503+0000: [ParNew: 16388K->4K(18432K), 0.0027410 secs] 612697K->596313K(896640K), 0.0027873 secs] [Times: user=0.01 sys=0.00, real=0.00 secs] 
2020-10-29T08:53:18.524+0000: [GC (Allocation Failure) 2020-10-29T08:53:18.524+0000: [ParNew: 16388K->4K(18432K), 0.0027335 secs] 612697K->596313K(896640K), 0.0027811 secs] [Times: user=0.01 sys=0.00, real=0.00 secs] 
2020-10-29T08:53:18.545+0000: [GC (Allocation Failure) 2020-10-29T08:53:18.545+0000: [ParNew: 16388K->4K(18432K), 0.0026907 secs] 612697K->596313K(896640K), 0.0027366 secs] [Times: user=0.01 sys=0.00, real=0.00 secs] 
2020-10-29T08:53:18.566+0000: [GC (Allocation Failure) 2020-10-29T08:53:18.566+0000: [ParNew: 16388K->4K(18432K), 0.0028073 secs] 612697K->596313K(896640K), 0.0028577 secs] [Times: user=0.01 sys=0.00, real=0.00 secs] 
2020-10-29T08:53:18.590+0000: [GC (Allocation Failure) 2020-10-29T08:53:18.590+0000: [ParNew: 16388K->4K(18432K), 0.0028101 secs] 612697K->596313K(896640K), 0.0028695 secs] [Times: user=0.00 sys=0.00, real=0.00 secs] 
2020-10-29T08:53:18.614+0000: [GC (Allocation Failure) 2020-10-29T08:53:18.614+0000: [ParNew: 16388K->4K(18432K), 0.0026941 secs] 612697K->596313K(896640K), 0.0027390 secs] [Times: user=0.01 sys=0.00, real=0.00 secs] 
2020-10-29T08:53:18.638+0000: [GC (Allocation Failure) 2020-10-29T08:53:18.638+0000: [ParNew: 16388K->4K(18432K), 0.0027667 secs] 612697K->596313K(896640K), 0.0028106 secs] [Times: user=0.01 sys=0.00, real=0.00 secs] 
2020-10-29T08:53:18.661+0000: [GC (Allocation Failure) 2020-10-29T08:53:18.661+0000: [ParNew: 16388K->4K(18432K), 0.0028327 secs] 612697K->596313K(896640K), 0.0028803 secs] [Times: user=0.01 sys=0.00, real=0.01 secs] 
2020-10-29T08:53:18.684+0000: [GC (Allocation Failure) 2020-10-29T08:53:18.684+0000: [ParNew: 16388K->4K(18432K), 0.0028239 secs] 612697K->596313K(896640K), 0.0028736 secs] [Times: user=0.01 sys=0.00, real=0.00 secs] 
2020-10-29T08:53:18.711+0000: [GC (Allocation Failure) 2020-10-29T08:53:18.711+0000: [ParNew: 16388K->4K(18432K), 0.0028793 secs] 612697K->596313K(896640K), 0.0029479 secs] [Times: user=0.00 sys=0.00, real=0.00 secs] 
2020-10-29T08:53:18.757+0000: [GC (Allocation Failure) 2020-10-29T08:53:18.757+0000: [ParNew: 16388K->15K(18432K), 0.0031763 secs] 612697K->596324K(896640K), 0.0032265 secs] [Times: user=0.00 sys=0.00, real=0.00 secs] 
2020-10-29T08:53:18.821+0000: [GC (Allocation Failure) 2020-10-29T08:53:18.821+0000: [ParNew: 16399K->10K(18432K), 0.0053731 secs] 612708K->596319K(896640K), 0.0054299 secs] [Times: user=0.01 sys=0.00, real=0.01 secs] 
2020-10-29T08:53:18.869+0000: [GC (Allocation Failure) 2020-10-29T08:53:18.869+0000: [ParNew: 16394K->11K(18432K), 0.0029462 secs] 612703K->596320K(896640K), 0.0030187 secs] [Times: user=0.01 sys=0.00, real=0.01 secs] 
2020-10-29T08:53:18.896+0000: [GC (Allocation Failure) 2020-10-29T08:53:18.896+0000: [ParNew: 16395K->13K(18432K), 0.0028971 secs] 612704K->596322K(896640K), 0.0029515 secs] [Times: user=0.00 sys=0.00, real=0.00 secs] 
2020-10-29T08:53:18.920+0000: [GC (Allocation Failure) 2020-10-29T08:53:18.920+0000: [ParNew: 16397K->13K(18432K), 0.0028298 secs] 612706K->596322K(896640K), 0.0028794 secs] [Times: user=0.00 sys=0.00, real=0.01 secs] 
2020-10-29T08:53:18.944+0000: [GC (Allocation Failure) 2020-10-29T08:53:18.944+0000: [ParNew: 16397K->13K(18432K), 0.0028177 secs] 612706K->596323K(896640K), 0.0028647 secs] [Times: user=0.01 sys=0.00, real=0.00 secs] 
2020-10-29T08:53:18.969+0000: [GC (Allocation Failure) 2020-10-29T08:53:18.969+0000: [ParNew: 16397K->8K(18432K), 0.0029198 secs] 612707K->596321K(896640K), 0.0029711 secs] [Times: user=0.01 sys=0.00, real=0.01 secs] 
2020-10-29T08:53:18.993+0000: [GC (Allocation Failure) 2020-10-29T08:53:18.993+0000: [ParNew: 16392K->6K(18432K), 0.0028671 secs] 612705K->596324K(896640K), 0.0029277 secs] [Times: user=0.00 sys=0.00, real=0.00 secs] 
2020-10-29T08:53:19.017+0000: [GC (Allocation Failure) 2020-10-29T08:53:19.017+0000: [ParNew: 16390K->4K(18432K), 0.0028566 secs] 612708K->596322K(896640K), 0.0029096 secs] [Times: user=0.01 sys=0.00, real=0.00 secs] 
2020-10-29T08:53:19.040+0000: [GC (Allocation Failure) 2020-10-29T08:53:19.040+0000: [ParNew: 16388K->4K(18432K), 0.0028202 secs] 612706K->596322K(896640K), 0.0028706 secs] [Times: user=0.01 sys=0.00, real=0.01 secs] 
2020-10-29T08:53:19.064+0000: [GC (Allocation Failure) 2020-10-29T08:53:19.064+0000: [ParNew: 16388K->4K(18432K), 0.0028801 secs] 612706K->596322K(896640K), 0.0029285 secs] [Times: user=0.00 sys=0.00, real=0.00 secs] 
2020-10-29T08:53:19.088+0000: [GC (Allocation Failure) 2020-10-29T08:53:19.088+0000: [ParNew: 16388K->4K(18432K), 0.0027767 secs] 612706K->596322K(896640K), 0.0028246 secs] [Times: user=0.01 sys=0.00, real=0.01 secs] 
2020-10-29T08:53:19.112+0000: [GC (Allocation Failure) 2020-10-29T08:53:19.112+0000: [ParNew: 16388K->4K(18432K), 0.0026766 secs] 612706K->596322K(896640K), 0.0027215 secs] [Times: user=0.01 sys=0.00, real=0.00 secs] 
2020-10-29T08:53:19.136+0000: [GC (Allocation Failure) 2020-10-29T08:53:19.136+0000: [ParNew: 16388K->4K(18432K), 0.0027862 secs] 612706K->596322K(896640K), 0.0028361 secs] [Times: user=0.00 sys=0.00, real=0.00 secs] 
2020-10-29T08:53:19.159+0000: [GC (Allocation Failure) 2020-10-29T08:53:19.159+0000: [ParNew: 16388K->2K(18432K), 0.0027623 secs] 612706K->596320K(896640K), 0.0028077 secs] [Times: user=0.01 sys=0.00, real=0.00 secs] 
2020-10-29T08:53:19.183+0000: [GC (Allocation Failure) 2020-10-29T08:53:19.183+0000: [ParNew: 16386K->4K(18432K), 0.0027145 secs] 612704K->596322K(896640K), 0.0027617 secs] [Times: user=0.01 sys=0.00, real=0.00 secs] 
2020-10-29T08:53:20.383+0000: [GC (Allocation Failure) 2020-10-29T08:53:20.383+0000: [ParNew: 16388K->640K(18432K), 0.0035498 secs] 612706K->596958K(896640K), 0.0036147 secs] [Times: user=0.01 sys=0.00, real=0.00 secs] 
2020-10-29T08:53:20.549+0000: [GC (Allocation Failure) 2020-10-29T08:53:20.549+0000: [ParNew: 17024K->743K(18432K), 0.0038436 secs] 613342K->597061K(896640K), 0.0038905 secs] [Times: user=0.01 sys=0.00, real=0.01 secs] 
2020-10-29T08:53:20.717+0000: [GC (Allocation Failure) 2020-10-29T08:53:20.717+0000: [ParNew: 17127K->2048K(18432K), 0.0069286 secs] 613445K->598521K(896640K), 0.0069826 secs] [Times: user=0.01 sys=0.00, real=0.01 secs] 
2020-10-29T08:53:20.777+0000: [GC (Allocation Failure) 2020-10-29T08:53:20.778+0000: [ParNew: 18432K->1216K(18432K), 0.0082990 secs] 614905K->599514K(896640K), 0.0083575 secs] [Times: user=0.02 sys=0.00, real=0.01 secs] 
2020-10-29T08:53:20.835+0000: [GC (Allocation Failure) 2020-10-29T08:53:20.835+0000: [ParNew: 17600K->887K(18432K), 0.0030288 secs] 615898K->599186K(896640K), 0.0031036 secs] [Times: user=0.01 sys=0.00, real=0.00 secs] 
2020-10-29T08:53:20.863+0000: [GC (Allocation Failure) 2020-10-29T08:53:20.863+0000: [ParNew: 17271K->1008K(18432K), 0.0028624 secs] 615570K->599307K(896640K), 0.0029113 secs] [Times: user=0.00 sys=0.00, real=0.00 secs] 
2020-10-29T08:53:20.892+0000: [GC (Allocation Failure) 2020-10-29T08:53:20.892+0000: [ParNew: 17392K->1039K(18432K), 0.0029680 secs] 615691K->599337K(896640K), 0.0030195 secs] [Times: user=0.00 sys=0.00, real=0.00 secs] 
2020-10-29T08:53:20.918+0000: [GC (Allocation Failure) 2020-10-29T08:53:20.918+0000: [ParNew: 17423K->1045K(18432K), 0.0028619 secs] 615721K->599344K(896640K), 0.0029255 secs] [Times: user=0.00 sys=0.00, real=0.00 secs] 
2020-10-29T08:53:20.946+0000: [GC (Allocation Failure) 2020-10-29T08:53:20.946+0000: [ParNew: 17429K->1009K(18432K), 0.0029220 secs] 615728K->599308K(896640K), 0.0029673 secs] [Times: user=0.01 sys=0.00, real=0.00 secs] 
2020-10-29T08:53:20.974+0000: [GC (Allocation Failure) 2020-10-29T08:53:20.974+0000: [ParNew: 17393K->548K(18432K), 0.0032294 secs] 615692K->599053K(896640K), 0.0032904 secs] [Times: user=0.01 sys=0.00, real=0.00 secs] 
2020-10-29T08:53:21.001+0000: [GC (Allocation Failure) 2020-10-29T08:53:21.001+0000: [ParNew: 16932K->526K(18432K), 0.0029941 secs] 615437K->599043K(896640K), 0.0030495 secs] [Times: user=0.01 sys=0.00, real=0.01 secs] 
2020-10-29T08:53:21.030+0000: [GC (Allocation Failure) 2020-10-29T08:53:21.030+0000: [ParNew: 16910K->516K(18432K), 0.0029707 secs] 615427K->599033K(896640K), 0.0030224 secs] [Times: user=0.00 sys=0.00, real=0.00 secs] 
2020-10-29T08:53:21.057+0000: [GC (Allocation Failure) 2020-10-29T08:53:21.057+0000: [ParNew: 16900K->516K(18432K), 0.0028499 secs] 615417K->599033K(896640K), 0.0028986 secs] [Times: user=0.00 sys=0.00, real=0.00 secs] 
2020-10-29T08:53:21.090+0000: [GC (Allocation Failure) 2020-10-29T08:53:21.090+0000: [ParNew: 16900K->516K(18432K), 0.0028572 secs] 615417K->599033K(896640K), 0.0029078 secs] [Times: user=0.01 sys=0.00, real=0.00 secs] 
2020-10-29T08:53:21.114+0000: [GC (Allocation Failure) 2020-10-29T08:53:21.114+0000: [ParNew: 16900K->1028K(18432K), 0.0029799 secs] 615417K->599545K(896640K), 0.0030331 secs] [Times: user=0.00 sys=0.00, real=0.00 secs] 
2020-10-29T08:53:21.138+0000: [GC (Allocation Failure) 2020-10-29T08:53:21.138+0000: [ParNew: 17412K->4K(18432K), 0.0028853 secs] 615929K->599545K(896640K), 0.0029310 secs] [Times: user=0.01 sys=0.00, real=0.00 secs] 
2020-10-29T08:53:21.163+0000: [GC (Allocation Failure) 2020-10-29T08:53:21.163+0000: [ParNew: 16388K->4K(18432K), 0.0028447 secs] 615929K->599545K(896640K), 0.0028985 secs] [Times: user=0.01 sys=0.00, real=0.00 secs] 
2020-10-29T08:53:21.186+0000: [GC (Allocation Failure) 2020-10-29T08:53:21.186+0000: [ParNew: 16388K->4K(18432K), 0.0026642 secs] 615929K->599545K(896640K), 0.0027118 secs] [Times: user=0.01 sys=0.00, real=0.00 secs] 
2020-10-29T08:53:21.209+0000: [GC (Allocation Failure) 2020-10-29T08:53:21.209+0000: [ParNew: 16388K->4K(18432K), 0.0028518 secs] 615929K->599545K(896640K), 0.0029048 secs] [Times: user=0.00 sys=0.00, real=0.01 secs] 
2020-10-29T08:53:21.234+0000: [GC (Allocation Failure) 2020-10-29T08:53:21.234+0000: [ParNew: 16388K->4K(18432K), 0.0027270 secs] 615929K->599545K(896640K), 0.0027736 secs] [Times: user=0.01 sys=0.00, real=0.00 secs] 
2020-10-29T08:53:21.262+0000: [GC (Allocation Failure) 2020-10-29T08:53:21.262+0000: [ParNew: 16388K->4K(18432K), 0.0028427 secs] 615929K->599545K(896640K), 0.0028954 secs] [Times: user=0.01 sys=0.00, real=0.00 secs] 
2020-10-29T08:53:21.291+0000: [GC (Allocation Failure) 2020-10-29T08:53:21.291+0000: [ParNew: 16388K->4K(18432K), 0.0028270 secs] 615929K->599545K(896640K), 0.0028818 secs] [Times: user=0.01 sys=0.00, real=0.00 secs] 
2020-10-29T08:53:21.322+0000: [GC (Allocation Failure) 2020-10-29T08:53:21.322+0000: [ParNew: 16388K->4K(18432K), 0.0028740 secs] 615929K->599545K(896640K), 0.0029481 secs] [Times: user=0.01 sys=0.00, real=0.00 secs] 
2020-10-29T08:53:21.347+0000: [GC (Allocation Failure) 2020-10-29T08:53:21.348+0000: [ParNew: 16388K->4K(18432K), 0.0041783 secs] 615929K->601593K(896640K), 0.0042560 secs] [Times: user=0.01 sys=0.01, real=0.01 secs] 
2020-10-29T08:53:21.373+0000: [GC (Allocation Failure) 2020-10-29T08:53:21.373+0000: [ParNew: 16388K->4K(18432K), 0.0029113 secs] 617977K->601593K(896640K), 0.0029655 secs] [Times: user=0.00 sys=0.00, real=0.00 secs] 
2020-10-29T08:53:21.402+0000: [GC (Allocation Failure) 2020-10-29T08:53:21.402+0000: [ParNew: 16388K->4K(18432K), 0.0032759 secs] 617977K->601593K(896640K), 0.0033314 secs] [Times: user=0.01 sys=0.00, real=0.00 secs] 
2020-10-29T08:53:21.434+0000: [GC (Allocation Failure) 2020-10-29T08:53:21.434+0000: [ParNew: 16388K->4K(18432K), 0.0029831 secs] 617977K->601593K(896640K), 0.0030550 secs] [Times: user=0.00 sys=0.00, real=0.00 secs] 
2020-10-29T08:53:21.464+0000: [GC (Allocation Failure) 2020-10-29T08:53:21.464+0000: [ParNew: 16388K->4K(18432K), 0.0029412 secs] 617977K->601593K(896640K), 0.0030191 secs] [Times: user=0.01 sys=0.00, real=0.00 secs] 
2020-10-29T08:53:21.494+0000: [GC (Allocation Failure) 2020-10-29T08:53:21.495+0000: [ParNew: 16388K->4K(18432K), 0.0028909 secs] 617977K->601593K(896640K), 0.0029628 secs] [Times: user=0.01 sys=0.00, real=0.00 secs] 
2020-10-29T08:53:21.522+0000: [GC (Allocation Failure) 2020-10-29T08:53:21.522+0000: [ParNew: 16388K->4K(18432K), 0.0029108 secs] 617977K->601594K(896640K), 0.0029653 secs] [Times: user=0.00 sys=0.00, real=0.00 secs] 
2020-10-29T08:53:21.553+0000: [GC (Allocation Failure) 2020-10-29T08:53:21.553+0000: [ParNew: 16388K->4K(18432K), 0.0029806 secs] 617978K->601594K(896640K), 0.0030548 secs] [Times: user=0.01 sys=0.00, real=0.00 secs] 
2020-10-29T08:53:21.586+0000: [GC (Allocation Failure) 2020-10-29T08:53:21.586+0000: [ParNew: 16388K->4K(18432K), 0.0048731 secs] 617978K->601594K(896640K), 0.0049404 secs] [Times: user=0.01 sys=0.00, real=0.01 secs] 
2020-10-29T08:53:21.622+0000: [GC (Allocation Failure) 2020-10-29T08:53:21.622+0000: [ParNew: 16388K->6K(18432K), 0.0028834 secs] 617978K->601596K(896640K), 0.0029357 secs] [Times: user=0.01 sys=0.00, real=0.01 secs] 
2020-10-29T08:53:21.673+0000: [GC (Allocation Failure) 2020-10-29T08:53:21.673+0000: [ParNew: 16390K->8K(18432K), 0.0029606 secs] 617980K->601598K(896640K), 0.0030179 secs] [Times: user=0.00 sys=0.00, real=0.00 secs] 
2020-10-29T08:53:21.699+0000: [GC (Allocation Failure) 2020-10-29T08:53:21.699+0000: [ParNew: 16392K->9K(18432K), 0.0028667 secs] 617982K->601599K(896640K), 0.0029185 secs] [Times: user=0.01 sys=0.00, real=0.00 secs] 
2020-10-29T08:53:21.729+0000: [GC (Allocation Failure) 2020-10-29T08:53:21.729+0000: [ParNew: 16393K->8K(18432K), 0.0028879 secs] 617983K->601598K(896640K), 0.0029405 secs] [Times: user=0.01 sys=0.00, real=0.01 secs] 
2020-10-29T08:53:21.762+0000: [GC (Allocation Failure) 2020-10-29T08:53:21.762+0000: [ParNew: 16392K->9K(18432K), 0.0029074 secs] 617982K->601599K(896640K), 0.0029933 secs] [Times: user=0.00 sys=0.00, real=0.00 secs] 
2020-10-29T08:53:21.798+0000: [GC (Allocation Failure) 2020-10-29T08:53:21.798+0000: [ParNew: 16393K->8K(18432K), 0.0060824 secs] 617983K->601598K(896640K), 0.0061575 secs] [Times: user=0.02 sys=0.00, real=0.01 secs] 
2020-10-29T08:53:21.839+0000: [GC (Allocation Failure) 2020-10-29T08:53:21.839+0000: [ParNew: 16392K->6K(18432K), 0.0070574 secs] 617982K->601598K(896640K), 0.0071334 secs] [Times: user=0.01 sys=0.00, real=0.01 secs] 
2020-10-29T08:53:21.878+0000: [GC (Allocation Failure) 2020-10-29T08:53:21.878+0000: [ParNew: 16390K->2K(18432K), 0.0061287 secs] 617982K->601595K(896640K), 0.0062011 secs] [Times: user=0.01 sys=0.00, real=0.01 secs] 
2020-10-29T08:53:21.924+0000: [GC (Allocation Failure) 2020-10-29T08:53:21.924+0000: [ParNew: 16386K->4K(18432K), 0.0060000 secs] 617979K->601597K(896640K), 0.0060732 secs] [Times: user=0.01 sys=0.00, real=0.00 secs] 
2020-10-29T08:53:21.974+0000: [GC (Allocation Failure) 2020-10-29T08:53:21.974+0000: [ParNew: 16388K->4K(18432K), 0.0046128 secs] 617981K->601597K(896640K), 0.0046736 secs] [Times: user=0.01 sys=0.00, real=0.00 secs] 
2020-10-29T08:53:22.006+0000: [GC (Allocation Failure) 2020-10-29T08:53:22.006+0000: [ParNew: 16388K->4K(18432K), 0.0028914 secs] 617981K->601597K(896640K), 0.0029486 secs] [Times: user=0.01 sys=0.00, real=0.00 secs] 
2020-10-29T08:53:22.025+0000: [GC (Allocation Failure) 2020-10-29T08:53:22.025+0000: [ParNew: 16388K->4K(18432K), 0.0053525 secs] 617981K->605693K(896640K), 0.0054084 secs] [Times: user=0.01 sys=0.00, real=0.01 secs] 
2020-10-29T08:53:22.048+0000: [GC (Allocation Failure) 2020-10-29T08:53:22.048+0000: [ParNew: 16388K->4K(18432K), 0.0029630 secs] 622077K->605693K(896640K), 0.0030195 secs] [Times: user=0.01 sys=0.00, real=0.01 secs] 
2020-10-29T08:53:22.068+0000: [GC (Allocation Failure) 2020-10-29T08:53:22.068+0000: [ParNew: 16388K->4K(18432K), 0.0029217 secs] 622077K->605693K(896640K), 0.0029770 secs] [Times: user=0.00 sys=0.00, real=0.01 secs] 
2020-10-29T08:53:22.090+0000: [GC (Allocation Failure) 2020-10-29T08:53:22.090+0000: [ParNew: 16388K->4K(18432K), 0.0029134 secs] 622077K->605693K(896640K), 0.0029688 secs] [Times: user=0.00 sys=0.00, real=0.01 secs] 
2020-10-29T08:53:22.110+0000: [GC (Allocation Failure) 2020-10-29T08:53:22.110+0000: [ParNew: 16388K->4K(18432K), 0.0029556 secs] 622077K->605693K(896640K), 0.0030121 secs] [Times: user=0.00 sys=0.00, real=0.00 secs] 
2020-10-29T08:53:22.130+0000: [GC (Allocation Failure) 2020-10-29T08:53:22.130+0000: [ParNew: 16388K->4K(18432K), 0.0029574 secs] 622077K->605693K(896640K), 0.0030119 secs] [Times: user=0.01 sys=0.00, real=0.01 secs] 
2020-10-29T08:53:22.149+0000: [GC (Allocation Failure) 2020-10-29T08:53:22.149+0000: [ParNew: 16388K->4K(18432K), 0.0029381 secs] 622077K->605693K(896640K), 0.0029948 secs] [Times: user=0.01 sys=0.00, real=0.01 secs] 
2020-10-29T08:53:22.170+0000: [GC (Allocation Failure) 2020-10-29T08:53:22.170+0000: [ParNew: 16388K->4K(18432K), 0.0028948 secs] 622077K->605693K(896640K), 0.0029499 secs] [Times: user=0.01 sys=0.00, real=0.00 secs] 
2020-10-29T08:53:22.189+0000: [GC (Allocation Failure) 2020-10-29T08:53:22.189+0000: [ParNew: 16388K->4K(18432K), 0.0028756 secs] 622077K->605693K(896640K), 0.0029294 secs] [Times: user=0.00 sys=0.00, real=0.01 secs] 
2020-10-29T08:53:22.210+0000: [GC (Allocation Failure) 2020-10-29T08:53:22.210+0000: [ParNew: 16388K->4K(18432K), 0.0027806 secs] 622077K->605693K(896640K), 0.0028303 secs] [Times: user=0.00 sys=0.00, real=0.00 secs] 
2020-10-29T08:53:22.233+0000: [GC (Allocation Failure) 2020-10-29T08:53:22.233+0000: [ParNew: 16388K->4K(18432K), 0.0028674 secs] 622077K->605693K(896640K), 0.0029211 secs] [Times: user=0.00 sys=0.00, real=0.00 secs] 
2020-10-29T08:53:22.254+0000: [GC (Allocation Failure) 2020-10-29T08:53:22.254+0000: [ParNew: 16388K->4K(18432K), 0.0028146 secs] 622077K->605693K(896640K), 0.0028654 secs] [Times: user=0.00 sys=0.00, real=0.00 secs] 
2020-10-29T08:53:22.283+0000: [GC (Allocation Failure) 2020-10-29T08:53:22.283+0000: [ParNew: 16388K->4K(18432K), 0.0028846 secs] 622077K->605693K(896640K), 0.0029609 secs] [Times: user=0.01 sys=0.00, real=0.00 secs] 
2020-10-29T08:53:22.304+0000: [GC (Allocation Failure) 2020-10-29T08:53:22.304+0000: [ParNew: 16388K->4K(18432K), 0.0028722 secs] 622077K->605693K(896640K), 0.0029268 secs] [Times: user=0.00 sys=0.00, real=0.00 secs] 
2020-10-29T08:53:22.326+0000: [GC (Allocation Failure) 2020-10-29T08:53:22.326+0000: [ParNew: 16388K->4K(18432K), 0.0028462 secs] 622077K->605693K(896640K), 0.0028994 secs] [Times: user=0.00 sys=0.00, real=0.00 secs] 
2020-10-29T08:53:22.346+0000: [GC (Allocation Failure) 2020-10-29T08:53:22.346+0000: [ParNew: 16388K->4K(18432K), 0.0027894 secs] 622077K->605693K(896640K), 0.0028399 secs] [Times: user=0.00 sys=0.00, real=0.00 secs] 
2020-10-29T08:53:22.366+0000: [GC (Allocation Failure) 2020-10-29T08:53:22.366+0000: [ParNew: 16388K->4K(18432K), 0.0028389 secs] 622077K->605693K(896640K), 0.0028905 secs] [Times: user=0.01 sys=0.00, real=0.00 secs] 
2020-10-29T08:53:22.385+0000: [GC (Allocation Failure) 2020-10-29T08:53:22.385+0000: [ParNew: 16388K->4K(18432K), 0.0028596 secs] 622077K->605693K(896640K), 0.0029108 secs] [Times: user=0.01 sys=0.00, real=0.00 secs] 
2020-10-29T08:53:22.404+0000: [GC (Allocation Failure) 2020-10-29T08:53:22.404+0000: [ParNew: 16388K->4K(18432K), 0.0028264 secs] 622077K->605693K(896640K), 0.0028779 secs] [Times: user=0.00 sys=0.00, real=0.00 secs] 
2020-10-29T08:53:22.423+0000: [GC (Allocation Failure) 2020-10-29T08:53:22.423+0000: [ParNew: 16388K->4K(18432K), 0.0027651 secs] 622077K->605693K(896640K), 0.0028140 secs] [Times: user=0.00 sys=0.00, real=0.00 secs] 
2020-10-29T08:53:22.442+0000: [GC (Allocation Failure) 2020-10-29T08:53:22.442+0000: [ParNew: 16388K->4K(18432K), 0.0028133 secs] 622077K->605693K(896640K), 0.0028656 secs] [Times: user=0.01 sys=0.00, real=0.00 secs] 
2020-10-29T08:53:22.462+0000: [GC (Allocation Failure) 2020-10-29T08:53:22.462+0000: [ParNew: 16388K->4K(18432K), 0.0028321 secs] 622077K->605693K(896640K), 0.0028841 secs] [Times: user=0.01 sys=0.00, real=0.01 secs] 
2020-10-29T08:53:22.481+0000: [GC (Allocation Failure) 2020-10-29T08:53:22.481+0000: [ParNew: 16388K->4K(18432K), 0.0028201 secs] 622077K->605693K(896640K), 0.0028711 secs] [Times: user=0.01 sys=0.00, real=0.01 secs] 
2020-10-29T08:53:22.502+0000: [GC (Allocation Failure) 2020-10-29T08:53:22.502+0000: [ParNew: 16388K->4K(18432K), 0.0028529 secs] 622077K->605693K(896640K), 0.0029143 secs] [Times: user=0.00 sys=0.00, real=0.00 secs] 
2020-10-29T08:53:22.522+0000: [GC (Allocation Failure) 2020-10-29T08:53:22.522+0000: [ParNew: 16388K->4K(18432K), 0.0028477 secs] 622077K->605693K(896640K), 0.0029017 secs] [Times: user=0.00 sys=0.00, real=0.00 secs] 
2020-10-29T08:53:22.541+0000: [GC (Allocation Failure) 2020-10-29T08:53:22.541+0000: [ParNew: 16388K->4K(18432K), 0.0025616 secs] 622077K->605693K(896640K), 0.0026050 secs] [Times: user=0.01 sys=0.00, real=0.01 secs] 
2020-10-29T08:53:22.564+0000: [GC (Allocation Failure) 2020-10-29T08:53:22.564+0000: [ParNew: 16388K->4K(18432K), 0.0025588 secs] 622077K->605693K(896640K), 0.0026023 secs] [Times: user=0.01 sys=0.00, real=0.00 secs] 
2020-10-29T08:53:22.586+0000: [GC (Allocation Failure) 2020-10-29T08:53:22.586+0000: [ParNew: 16388K->4K(18432K), 0.0026584 secs] 622077K->605693K(896640K), 0.0027048 secs] [Times: user=0.00 sys=0.00, real=0.00 secs] 
2020-10-29T08:53:22.606+0000: [GC (Allocation Failure) 2020-10-29T08:53:22.606+0000: [ParNew: 16388K->4K(18432K), 0.0026177 secs] 622077K->605693K(896640K), 0.0026619 secs] [Times: user=0.01 sys=0.00, real=0.00 secs] 
2020-10-29T08:53:22.625+0000: [GC (Allocation Failure) 2020-10-29T08:53:22.625+0000: [ParNew: 16388K->4K(18432K), 0.0029050 secs] 622077K->605693K(896640K), 0.0029605 secs] [Times: user=0.00 sys=0.00, real=0.00 secs] 
2020-10-29T08:53:22.646+0000: [GC (Allocation Failure) 2020-10-29T08:53:22.646+0000: [ParNew: 16388K->4K(18432K), 0.0029168 secs] 622077K->605693K(896640K), 0.0029718 secs] [Times: user=0.00 sys=0.00, real=0.00 secs] 
2020-10-29T08:53:22.666+0000: [GC (Allocation Failure) 2020-10-29T08:53:22.666+0000: [ParNew: 16388K->4K(18432K), 0.0029103 secs] 622077K->605693K(896640K), 0.0029662 secs] [Times: user=0.00 sys=0.00, real=0.00 secs] 
2020-10-29T08:53:22.686+0000: [GC (Allocation Failure) 2020-10-29T08:53:22.686+0000: [ParNew: 16388K->4K(18432K), 0.0029309 secs] 622077K->605693K(896640K), 0.0029865 secs] [Times: user=0.00 sys=0.00, real=0.00 secs] 
2020-10-29T08:53:22.706+0000: [GC (Allocation Failure) 2020-10-29T08:53:22.706+0000: [ParNew: 16388K->4K(18432K), 0.0028739 secs] 622077K->605693K(896640K), 0.0029287 secs] [Times: user=0.01 sys=0.00, real=0.00 secs] 
2020-10-29T08:53:22.726+0000: [GC (Allocation Failure) 2020-10-29T08:53:22.726+0000: [ParNew: 16388K->4K(18432K), 0.0028193 secs] 622077K->605693K(896640K), 0.0028710 secs] [Times: user=0.01 sys=0.00, real=0.00 secs] 
2020-10-29T08:53:22.746+0000: [GC (Allocation Failure) 2020-10-29T08:53:22.746+0000: [ParNew: 16388K->4K(18432K), 0.0027978 secs] 622077K->605693K(896640K), 0.0028487 secs] [Times: user=0.00 sys=0.00, real=0.00 secs] 
2020-10-29T08:53:22.765+0000: [GC (Allocation Failure) 2020-10-29T08:53:22.765+0000: [ParNew: 16388K->4K(18432K), 0.0028803 secs] 622077K->605693K(896640K), 0.0029352 secs] [Times: user=0.00 sys=0.00, real=0.00 secs] 
2020-10-29T08:53:22.784+0000: [GC (Allocation Failure) 2020-10-29T08:53:22.784+0000: [ParNew: 16388K->4K(18432K), 0.0028741 secs] 622077K->605693K(896640K), 0.0029275 secs] [Times: user=0.01 sys=0.00, real=0.00 secs] 
2020-10-29T08:53:22.804+0000: [GC (Allocation Failure) 2020-10-29T08:53:22.804+0000: [ParNew: 16388K->4K(18432K), 0.0029462 secs] 622077K->605693K(896640K), 0.0030018 secs] [Times: user=0.01 sys=0.00, real=0.00 secs] 
2020-10-29T08:53:22.826+0000: [GC (Allocation Failure) 2020-10-29T08:53:22.826+0000: [ParNew: 16388K->4K(18432K), 0.0028041 secs] 622077K->605693K(896640K), 0.0028548 secs] [Times: user=0.01 sys=0.00, real=0.00 secs] 
2020-10-29T08:53:22.846+0000: [GC (Allocation Failure) 2020-10-29T08:53:22.846+0000: [ParNew: 16388K->4K(18432K), 0.0028817 secs] 622077K->605693K(896640K), 0.0029397 secs] [Times: user=0.01 sys=0.00, real=0.00 secs] 
2020-10-29T08:53:22.865+0000: [GC (Allocation Failure) 2020-10-29T08:53:22.865+0000: [ParNew: 16388K->4K(18432K), 0.0028949 secs] 622077K->605693K(896640K), 0.0029494 secs] [Times: user=0.01 sys=0.00, real=0.00 secs] 
2020-10-29T08:53:22.886+0000: [GC (Allocation Failure) 2020-10-29T08:53:22.886+0000: [ParNew: 16388K->4K(18432K), 0.0027791 secs] 622077K->605693K(896640K), 0.0028291 secs] [Times: user=0.01 sys=0.00, real=0.00 secs] 
2020-10-29T08:53:22.905+0000: [GC (Allocation Failure) 2020-10-29T08:53:22.905+0000: [ParNew: 16388K->4K(18432K), 0.0026663 secs] 622077K->605693K(896640K), 0.0027124 secs] [Times: user=0.00 sys=0.00, real=0.00 secs] 
2020-10-29T08:53:22.926+0000: [GC (Allocation Failure) 2020-10-29T08:53:22.926+0000: [ParNew: 16388K->4K(18432K), 0.0027166 secs] 622077K->605694K(896640K), 0.0027642 secs] [Times: user=0.00 sys=0.00, real=0.00 secs] 
2020-10-29T08:53:22.946+0000: [GC (Allocation Failure) 2020-10-29T08:53:22.946+0000: [ParNew: 16388K->4K(18432K), 0.0028395 secs] 622078K->605694K(896640K), 0.0028917 secs] [Times: user=0.00 sys=0.00, real=0.00 secs] 
2020-10-29T08:53:22.966+0000: [GC (Allocation Failure) 2020-10-29T08:53:22.966+0000: [ParNew: 16388K->4K(18432K), 0.0027900 secs] 622078K->605694K(896640K), 0.0028394 secs] [Times: user=0.00 sys=0.00, real=0.00 secs] 
2020-10-29T08:53:22.986+0000: [GC (Allocation Failure) 2020-10-29T08:53:22.986+0000: [ParNew: 16388K->4K(18432K), 0.0027263 secs] 622078K->605694K(896640K), 0.0027728 secs] [Times: user=0.01 sys=0.00, real=0.00 secs] 
2020-10-29T08:53:23.005+0000: [GC (Allocation Failure) 2020-10-29T08:53:23.005+0000: [ParNew: 16388K->4K(18432K), 0.0028638 secs] 622078K->605694K(896640K), 0.0029149 secs] [Times: user=0.01 sys=0.00, real=0.00 secs] 
2020-10-29T08:53:23.025+0000: [GC (Allocation Failure) 2020-10-29T08:53:23.025+0000: [ParNew: 16388K->4K(18432K), 0.0028969 secs] 622078K->605694K(896640K), 0.0029513 secs] [Times: user=0.00 sys=0.00, real=0.00 secs] 
2020-10-29T08:53:23.044+0000: [GC (Allocation Failure) 2020-10-29T08:53:23.044+0000: [ParNew: 16388K->4K(18432K), 0.0027659 secs] 622078K->605694K(896640K), 0.0028146 secs] [Times: user=0.00 sys=0.00, real=0.00 secs] 
2020-10-29T08:53:23.063+0000: [GC (Allocation Failure) 2020-10-29T08:53:23.063+0000: [ParNew: 16388K->4K(18432K), 0.0026570 secs] 622078K->605694K(896640K), 0.0027035 secs] [Times: user=0.01 sys=0.00, real=0.00 secs] 
2020-10-29T08:53:23.082+0000: [GC (Allocation Failure) 2020-10-29T08:53:23.082+0000: [ParNew: 16388K->4K(18432K), 0.0024915 secs] 622078K->605694K(896640K), 0.0025344 secs] [Times: user=0.01 sys=0.00, real=0.00 secs] 
2020-10-29T08:53:23.101+0000: [GC (Allocation Failure) 2020-10-29T08:53:23.101+0000: [ParNew: 16388K->4K(18432K), 0.0025186 secs] 622078K->605694K(896640K), 0.0025616 secs] [Times: user=0.01 sys=0.00, real=0.01 secs] 
2020-10-29T08:53:23.120+0000: [GC (Allocation Failure) 2020-10-29T08:53:23.120+0000: [ParNew: 16388K->4K(18432K), 0.0025453 secs] 622078K->605694K(896640K), 0.0025880 secs] [Times: user=0.01 sys=0.00, real=0.01 secs] 
2020-10-29T08:53:23.139+0000: [GC (Allocation Failure) 2020-10-29T08:53:23.139+0000: [ParNew: 16388K->4K(18432K), 0.0024966 secs] 622078K->605694K(896640K), 0.0025383 secs] [Times: user=0.00 sys=0.00, real=0.00 secs] 
2020-10-29T08:53:23.158+0000: [GC (Allocation Failure) 2020-10-29T08:53:23.158+0000: [ParNew: 16374K->4K(18432K), 0.0028101 secs] 622064K->605694K(896640K), 0.0028620 secs] [Times: user=0.00 sys=0.00, real=0.00 secs] 
2020-10-29T08:53:23.179+0000: [GC (Allocation Failure) 2020-10-29T08:53:23.179+0000: [ParNew: 16388K->4K(18432K), 0.0028310 secs] 622078K->605694K(896640K), 0.0028823 secs] [Times: user=0.00 sys=0.00, real=0.00 secs] 
2020-10-29T08:53:23.198+0000: [GC (Allocation Failure) 2020-10-29T08:53:23.198+0000: [ParNew: 16388K->4K(18432K), 0.0028533 secs] 622078K->605694K(896640K), 0.0029055 secs] [Times: user=0.01 sys=0.00, real=0.00 secs] 
2020-10-29T08:53:23.218+0000: [GC (Allocation Failure) 2020-10-29T08:53:23.218+0000: [ParNew: 16388K->4K(18432K), 0.0031169 secs] 622078K->605694K(896640K), 0.0031716 secs] [Times: user=0.01 sys=0.00, real=0.00 secs] 
2020-10-29T08:53:23.238+0000: [GC (Allocation Failure) 2020-10-29T08:53:23.238+0000: [ParNew: 16388K->4K(18432K), 0.0027367 secs] 622078K->605694K(896640K), 0.0027966 secs] [Times: user=0.00 sys=0.00, real=0.00 secs] 
2020-10-29T08:53:23.257+0000: [GC (Allocation Failure) 2020-10-29T08:53:23.257+0000: [ParNew: 16388K->4K(18432K), 0.0026834 secs] 622078K->605694K(896640K), 0.0027291 secs] [Times: user=0.00 sys=0.00, real=0.00 secs] 
2020-10-29T08:53:23.278+0000: [GC (Allocation Failure) 2020-10-29T08:53:23.278+0000: [ParNew: 16388K->4K(18432K), 0.0027418 secs] 622078K->605694K(896640K), 0.0027915 secs] [Times: user=0.01 sys=0.00, real=0.00 secs] 
2020-10-29T08:53:23.297+0000: [GC (Allocation Failure) 2020-10-29T08:53:23.297+0000: [ParNew: 16388K->4K(18432K), 0.0028221 secs] 622078K->605694K(896640K), 0.0028725 secs] [Times: user=0.01 sys=0.00, real=0.00 secs] 
2020-10-29T08:53:23.318+0000: [GC (Allocation Failure) 2020-10-29T08:53:23.318+0000: [ParNew: 16388K->4K(18432K), 0.0027220 secs] 622078K->605694K(896640K), 0.0027704 secs] [Times: user=0.00 sys=0.00, real=0.00 secs] 
2020-10-29T08:53:23.338+0000: [GC (Allocation Failure) 2020-10-29T08:53:23.338+0000: [ParNew: 16388K->4K(18432K), 0.0025783 secs] 622078K->605694K(896640K), 0.0026222 secs] [Times: user=0.01 sys=0.00, real=0.00 secs] 
2020-10-29T08:53:23.358+0000: [GC (Allocation Failure) 2020-10-29T08:53:23.358+0000: [ParNew: 16388K->4K(18432K), 0.0027694 secs] 622078K->605694K(896640K), 0.0028204 secs] [Times: user=0.01 sys=0.00, real=0.00 secs] 
2020-10-29T08:53:23.377+0000: [GC (Allocation Failure) 2020-10-29T08:53:23.377+0000: [ParNew: 16388K->4K(18432K), 0.0028186 secs] 622078K->605694K(896640K), 0.0028693 secs] [Times: user=0.01 sys=0.00, real=0.00 secs] 
2020-10-29T08:53:23.398+0000: [GC (Allocation Failure) 2020-10-29T08:53:23.398+0000: [ParNew: 16388K->4K(18432K), 0.0027669 secs] 622078K->605694K(896640K), 0.0028188 secs] [Times: user=0.01 sys=0.00, real=0.00 secs] 
2020-10-29T08:53:23.418+0000: [GC (Allocation Failure) 2020-10-29T08:53:23.418+0000: [ParNew: 16388K->4K(18432K), 0.0027851 secs] 622078K->605694K(896640K), 0.0028357 secs] [Times: user=0.00 sys=0.00, real=0.00 secs] 
2020-10-29T08:53:23.438+0000: [GC (Allocation Failure) 2020-10-29T08:53:23.438+0000: [ParNew: 16388K->4K(18432K), 0.0028364 secs] 622078K->605694K(896640K), 0.0028936 secs] [Times: user=0.00 sys=0.00, real=0.00 secs] 
2020-10-29T08:53:23.458+0000: [GC (Allocation Failure) 2020-10-29T08:53:23.458+0000: [ParNew: 16388K->4K(18432K), 0.0028518 secs] 622078K->605694K(896640K), 0.0029039 secs] [Times: user=0.00 sys=0.00, real=0.00 secs] 
2020-10-29T08:53:23.477+0000: [GC (Allocation Failure) 2020-10-29T08:53:23.477+0000: [ParNew: 16388K->4K(18432K), 0.0027368 secs] 622078K->605694K(896640K), 0.0027853 secs] [Times: user=0.01 sys=0.00, real=0.00 secs] 
2020-10-29T08:53:23.496+0000: [GC (Allocation Failure) 2020-10-29T08:53:23.496+0000: [ParNew: 16388K->4K(18432K), 0.0027307 secs] 622078K->605694K(896640K), 0.0027791 secs] [Times: user=0.01 sys=0.00, real=0.00 secs] 
2020-10-29T08:53:23.515+0000: [GC (Allocation Failure) 2020-10-29T08:53:23.515+0000: [ParNew: 16388K->4K(18432K), 0.0028210 secs] 622078K->605694K(896640K), 0.0028727 secs] [Times: user=0.00 sys=0.00, real=0.00 secs] 
2020-10-29T08:53:23.534+0000: [GC (Allocation Failure) 2020-10-29T08:53:23.534+0000: [ParNew: 16388K->4K(18432K), 0.0027978 secs] 622078K->605694K(896640K), 0.0028463 secs] [Times: user=0.00 sys=0.00, real=0.00 secs] 
2020-10-29T08:53:23.554+0000: [GC (Allocation Failure) 2020-10-29T08:53:23.554+0000: [ParNew: 16388K->4K(18432K), 0.0026948 secs] 622078K->605694K(896640K), 0.0027413 secs] [Times: user=0.01 sys=0.00, real=0.00 secs] 
2020-10-29T08:53:23.574+0000: [GC (Allocation Failure) 2020-10-29T08:53:23.574+0000: [ParNew: 16388K->4K(18432K), 0.0028211 secs] 622078K->605694K(896640K), 0.0028734 secs] [Times: user=0.00 sys=0.00, real=0.00 secs] 
2020-10-29T08:53:23.593+0000: [GC (Allocation Failure) 2020-10-29T08:53:23.593+0000: [ParNew: 16388K->4K(18432K), 0.0027120 secs] 622078K->605694K(896640K), 0.0027571 secs] [Times: user=0.01 sys=0.00, real=0.00 secs] 
2020-10-29T08:53:23.614+0000: [GC (Allocation Failure) 2020-10-29T08:53:23.614+0000: [ParNew: 16388K->4K(18432K), 0.0028060 secs] 622078K->605694K(896640K), 0.0028626 secs] [Times: user=0.00 sys=0.00, real=0.00 secs] 
2020-10-29T08:53:23.634+0000: [GC (Allocation Failure) 2020-10-29T08:53:23.634+0000: [ParNew: 16388K->4K(18432K), 0.0027224 secs] 622078K->605694K(896640K), 0.0027710 secs] [Times: user=0.00 sys=0.00, real=0.00 secs] 
2020-10-29T08:53:23.654+0000: [GC (Allocation Failure) 2020-10-29T08:53:23.654+0000: [ParNew: 16388K->4K(18432K), 0.0027914 secs] 622078K->605694K(896640K), 0.0028420 secs] [Times: user=0.01 sys=0.00, real=0.00 secs] 
2020-10-29T08:53:23.674+0000: [GC (Allocation Failure) 2020-10-29T08:53:23.674+0000: [ParNew: 16388K->4K(18432K), 0.0028145 secs] 622078K->605694K(896640K), 0.0028662 secs] [Times: user=0.01 sys=0.00, real=0.00 secs] 
2020-10-29T08:53:23.694+0000: [GC (Allocation Failure) 2020-10-29T08:53:23.694+0000: [ParNew: 16388K->4K(18432K), 0.0026959 secs] 622078K->605694K(896640K), 0.0027426 secs] [Times: user=0.00 sys=0.00, real=0.00 secs] 
2020-10-29T08:53:23.717+0000: [GC (Allocation Failure) 2020-10-29T08:53:23.717+0000: [ParNew: 16388K->4K(18432K), 0.0026521 secs] 622078K->605694K(896640K), 0.0026971 secs] [Times: user=0.01 sys=0.00, real=0.00 secs] 
2020-10-29T08:53:23.738+0000: [GC (Allocation Failure) 2020-10-29T08:53:23.738+0000: [ParNew: 16388K->4K(18432K), 0.0025290 secs] 622078K->605694K(896640K), 0.0025731 secs] [Times: user=0.01 sys=0.00, real=0.00 secs] 
2020-10-29T08:53:23.758+0000: [GC (Allocation Failure) 2020-10-29T08:53:23.758+0000: [ParNew: 16388K->4K(18432K), 0.0025025 secs] 622078K->605694K(896640K), 0.0025450 secs] [Times: user=0.01 sys=0.00, real=0.00 secs] 
2020-10-29T08:53:23.777+0000: [GC (Allocation Failure) 2020-10-29T08:53:23.777+0000: [ParNew: 16388K->4K(18432K), 0.0026093 secs] 622078K->605694K(896640K), 0.0026559 secs] [Times: user=0.00 sys=0.00, real=0.00 secs] 
2020-10-29T08:53:23.796+0000: [GC (Allocation Failure) 2020-10-29T08:53:23.796+0000: [ParNew: 16388K->4K(18432K), 0.0027117 secs] 622078K->605694K(896640K), 0.0027604 secs] [Times: user=0.01 sys=0.00, real=0.00 secs] 
2020-10-29T08:53:23.818+0000: [GC (Allocation Failure) 2020-10-29T08:53:23.818+0000: [ParNew: 16388K->4K(18432K), 0.0027996 secs] 622078K->605694K(896640K), 0.0028513 secs] [Times: user=0.01 sys=0.00, real=0.00 secs] 
2020-10-29T08:53:23.838+0000: [GC (Allocation Failure) 2020-10-29T08:53:23.838+0000: [ParNew: 16388K->4K(18432K), 0.0025756 secs] 622078K->605694K(896640K), 0.0026197 secs] [Times: user=0.00 sys=0.00, real=0.00 secs] 
2020-10-29T08:53:23.857+0000: [GC (Allocation Failure) 2020-10-29T08:53:23.857+0000: [ParNew: 16388K->4K(18432K), 0.0026025 secs] 622078K->605694K(896640K), 0.0026447 secs] [Times: user=0.00 sys=0.00, real=0.00 secs] 
2020-10-29T08:53:23.878+0000: [GC (Allocation Failure) 2020-10-29T08:53:23.878+0000: [ParNew: 16388K->4K(18432K), 0.0027943 secs] 622078K->605694K(896640K), 0.0028466 secs] [Times: user=0.00 sys=0.00, real=0.00 secs] 
2020-10-29T08:53:23.898+0000: [GC (Allocation Failure) 2020-10-29T08:53:23.898+0000: [ParNew: 16388K->4K(18432K), 0.0025485 secs] 622078K->605694K(896640K), 0.0025911 secs] [Times: user=0.01 sys=0.00, real=0.00 secs] 
2020-10-29T08:53:23.918+0000: [GC (Allocation Failure) 2020-10-29T08:53:23.918+0000: [ParNew: 16388K->4K(18432K), 0.0025601 secs] 622078K->605694K(896640K), 0.0026046 secs] [Times: user=0.01 sys=0.00, real=0.00 secs] 
2020-10-29T08:53:23.937+0000: [GC (Allocation Failure) 2020-10-29T08:53:23.937+0000: [ParNew: 16388K->4K(18432K), 0.0027935 secs] 622078K->605694K(896640K), 0.0028449 secs] [Times: user=0.01 sys=0.00, real=0.00 secs] 
2020-10-29T08:53:23.956+0000: [GC (Allocation Failure) 2020-10-29T08:53:23.956+0000: [ParNew: 16388K->4K(18432K), 0.0025396 secs] 622078K->605694K(896640K), 0.0025816 secs] [Times: user=0.00 sys=0.00, real=0.00 secs] 
2020-10-29T08:53:23.978+0000: [GC (Allocation Failure) 2020-10-29T08:53:23.978+0000: [ParNew: 16388K->4K(18432K), 0.0028065 secs] 622078K->605694K(896640K), 0.0028622 secs] [Times: user=0.00 sys=0.00, real=0.00 secs] 
2020-10-29T08:53:23.997+0000: [GC (Allocation Failure) 2020-10-29T08:53:23.998+0000: [ParNew: 16388K->4K(18432K), 0.0027086 secs] 622078K->605694K(896640K), 0.0027640 secs] [Times: user=0.01 sys=0.00, real=0.00 secs] 
2020-10-29T08:53:24.017+0000: [GC (Allocation Failure) 2020-10-29T08:53:24.017+0000: [ParNew: 16388K->4K(18432K), 0.0027042 secs] 622078K->605694K(896640K), 0.0027532 secs] [Times: user=0.01 sys=0.00, real=0.00 secs] 
2020-10-29T08:53:24.036+0000: [GC (Allocation Failure) 2020-10-29T08:53:24.036+0000: [ParNew: 16388K->4K(18432K), 0.0028591 secs] 622078K->605694K(896640K), 0.0029116 secs] [Times: user=0.00 sys=0.00, real=0.00 secs] 
2020-10-29T08:53:24.055+0000: [GC (Allocation Failure) 2020-10-29T08:53:24.055+0000: [ParNew: 16388K->4K(18432K), 0.0026890 secs] 622078K->605694K(896640K), 0.0027351 secs] [Times: user=0.00 sys=0.00, real=0.00 secs] 
2020-10-29T08:53:24.074+0000: [GC (Allocation Failure) 2020-10-29T08:53:24.074+0000: [ParNew: 16388K->4K(18432K), 0.0027475 secs] 622078K->605694K(896640K), 0.0027976 secs] [Times: user=0.01 sys=0.00, real=0.00 secs] 
2020-10-29T08:53:24.094+0000: [GC (Allocation Failure) 2020-10-29T08:53:24.094+0000: [ParNew: 16388K->4K(18432K), 0.0027398 secs] 622078K->605694K(896640K), 0.0027896 secs] [Times: user=0.00 sys=0.00, real=0.00 secs] 
2020-10-29T08:53:24.113+0000: [GC (Allocation Failure) 2020-10-29T08:53:24.113+0000: [ParNew: 16388K->4K(18432K), 0.0027299 secs] 622078K->605694K(896640K), 0.0027767 secs] [Times: user=0.00 sys=0.00, real=0.00 secs] 
2020-10-29T08:53:24.132+0000: [GC (Allocation Failure) 2020-10-29T08:53:24.132+0000: [ParNew: 16388K->4K(18432K), 0.0027806 secs] 622078K->605694K(896640K), 0.0028303 secs] [Times: user=0.01 sys=0.00, real=0.00 secs] 
2020-10-29T08:53:24.151+0000: [GC (Allocation Failure) 2020-10-29T08:53:24.151+0000: [ParNew: 16388K->4K(18432K), 0.0027623 secs] 622078K->605694K(896640K), 0.0028125 secs] [Times: user=0.01 sys=0.00, real=0.00 secs] 
2020-10-29T08:53:24.170+0000: [GC (Allocation Failure) 2020-10-29T08:53:24.170+0000: [ParNew: 16388K->4K(18432K), 0.0028027 secs] 622078K->605694K(896640K), 0.0028547 secs] [Times: user=0.00 sys=0.00, real=0.01 secs] 
2020-10-29T08:53:24.190+0000: [GC (Allocation Failure) 2020-10-29T08:53:24.190+0000: [ParNew: 16388K->4K(18432K), 0.0025983 secs] 622078K->605694K(896640K), 0.0026422 secs] [Times: user=0.00 sys=0.00, real=0.00 secs] 
2020-10-29T08:53:24.210+0000: [GC (Allocation Failure) 2020-10-29T08:53:24.210+0000: [ParNew: 16388K->4K(18432K), 0.0027389 secs] 622078K->605694K(896640K), 0.0027874 secs] [Times: user=0.00 sys=0.00, real=0.00 secs] 
2020-10-29T08:53:24.230+0000: [GC (Allocation Failure) 2020-10-29T08:53:24.230+0000: [ParNew: 16388K->4K(18432K), 0.0028515 secs] 622078K->605694K(896640K), 0.0029043 secs] [Times: user=0.00 sys=0.00, real=0.01 secs] 
2020-10-29T08:53:24.250+0000: [GC (Allocation Failure) 2020-10-29T08:53:24.250+0000: [ParNew: 16388K->4K(18432K), 0.0027985 secs] 622078K->605694K(896640K), 0.0028490 secs] [Times: user=0.01 sys=0.00, real=0.00 secs] 
2020-10-29T08:53:24.276+0000: [GC (Allocation Failure) 2020-10-29T08:53:24.276+0000: [ParNew: 16388K->4K(18432K), 0.0029024 secs] 638462K->622078K(896640K), 0.0029644 secs] [Times: user=0.00 sys=0.00, real=0.00 secs] 
2020-10-29T08:53:24.279+0000: [GC (CMS Initial Mark) [1 CMS-initial-mark: 622074K(878208K)] 622078K(896640K), 0.0012292 secs] [Times: user=0.01 sys=0.00, real=0.00 secs] 
2020-10-29T08:53:24.281+0000: [CMS-concurrent-mark-start]
2020-10-29T08:53:24.314+0000: [GC (Allocation Failure) 2020-10-29T08:53:24.314+0000: [ParNew: 16388K->4K(18432K), 0.0028113 secs] 638462K->622078K(896640K), 0.0028683 secs] [Times: user=0.00 sys=0.00, real=0.00 secs] 
2020-10-29T08:53:24.329+0000: [CMS-concurrent-mark: 0.046/0.049 secs] [Times: user=0.09 sys=0.01, real=0.05 secs] 
2020-10-29T08:53:24.329+0000: [CMS-concurrent-preclean-start]
2020-10-29T08:53:24.332+0000: [CMS-concurrent-preclean: 0.003/0.003 secs] [Times: user=0.00 sys=0.00, real=0.01 secs] 
2020-10-29T08:53:24.332+0000: [CMS-concurrent-abortable-preclean-start]
2020-10-29T08:53:24.342+0000: [GC (Allocation Failure) 2020-10-29T08:53:24.342+0000: [ParNew: 16388K->4K(18432K), 0.0024914 secs] 638462K->622078K(896640K), 0.0025424 secs] [Times: user=0.01 sys=0.00, real=0.00 secs] 
2020-10-29T08:53:24.362+0000: [GC (Allocation Failure) 2020-10-29T08:53:24.362+0000: [ParNew: 16388K->4K(18432K), 0.0026679 secs] 638462K->622078K(896640K), 0.0027196 secs] [Times: user=0.00 sys=0.00, real=0.00 secs] 
2020-10-29T08:53:24.385+0000: [GC (Allocation Failure) 2020-10-29T08:53:24.385+0000: [ParNew: 16388K->4K(18432K), 0.0026532 secs] 638462K->622078K(896640K), 0.0027133 secs] [Times: user=0.01 sys=0.00, real=0.00 secs] 
2020-10-29T08:53:24.406+0000: [GC (Allocation Failure) 2020-10-29T08:53:24.406+0000: [ParNew: 16388K->4K(18432K), 0.0026354 secs] 638462K->622078K(896640K), 0.0026858 secs] [Times: user=0.00 sys=0.00, real=0.00 secs] 
2020-10-29T08:53:24.427+0000: [GC (Allocation Failure) 2020-10-29T08:53:24.427+0000: [ParNew: 16388K->4K(18432K), 0.0027138 secs] 638462K->622078K(896640K), 0.0027664 secs] [Times: user=0.00 sys=0.00, real=0.00 secs] 
2020-10-29T08:53:24.452+0000: [GC (Allocation Failure) 2020-10-29T08:53:24.452+0000: [ParNew: 16388K->4K(18432K), 0.0029957 secs] 638462K->622078K(896640K), 0.0030481 secs] [Times: user=0.00 sys=0.00, real=0.00 secs] 
2020-10-29T08:53:24.474+0000: [GC (Allocation Failure) 2020-10-29T08:53:24.474+0000: [ParNew: 16388K->4K(18432K), 0.0026702 secs] 638462K->622078K(896640K), 0.0027218 secs] [Times: user=0.01 sys=0.00, real=0.00 secs] 
2020-10-29T08:53:24.494+0000: [GC (Allocation Failure) 2020-10-29T08:53:24.495+0000: [ParNew: 16388K->4K(18432K), 0.0027196 secs] 638462K->622078K(896640K), 0.0027711 secs] [Times: user=0.01 sys=0.00, real=0.00 secs] 
2020-10-29T08:53:24.518+0000: [GC (Allocation Failure) 2020-10-29T08:53:24.518+0000: [ParNew: 16388K->4K(18432K), 0.0028453 secs] 638462K->622078K(896640K), 0.0028998 secs] [Times: user=0.01 sys=0.00, real=0.00 secs] 
2020-10-29T08:53:24.538+0000: [GC (Allocation Failure) 2020-10-29T08:53:24.538+0000: [ParNew: 16388K->4K(18432K), 0.0028940 secs] 638462K->622078K(896640K), 0.0029712 secs] [Times: user=0.01 sys=0.00, real=0.00 secs] 
2020-10-29T08:53:24.562+0000: [GC (Allocation Failure) 2020-10-29T08:53:24.562+0000: [ParNew: 16388K->4K(18432K), 0.0027488 secs] 638462K->622078K(896640K), 0.0028017 secs] [Times: user=0.00 sys=0.00, real=0.00 secs] 
2020-10-29T08:53:24.583+0000: [GC (Allocation Failure) 2020-10-29T08:53:24.583+0000: [ParNew: 16388K->4K(18432K), 0.0024381 secs] 638462K->622078K(896640K), 0.0024944 secs] [Times: user=0.00 sys=0.00, real=0.00 secs] 
2020-10-29T08:53:24.606+0000: [GC (Allocation Failure) 2020-10-29T08:53:24.606+0000: [ParNew: 16388K->4K(18432K), 0.0024788 secs] 638462K->622078K(896640K), 0.0025251 secs] [Times: user=0.00 sys=0.00, real=0.00 secs] 
2020-10-29T08:53:24.630+0000: [GC (Allocation Failure) 2020-10-29T08:53:24.630+0000: [ParNew: 16388K->4K(18432K), 0.0025484 secs] 638462K->622078K(896640K), 0.0025977 secs] [Times: user=0.01 sys=0.00, real=0.00 secs] 
2020-10-29T08:53:24.654+0000: [GC (Allocation Failure) 2020-10-29T08:53:24.654+0000: [ParNew: 16388K->4K(18432K), 0.0024252 secs] 638462K->622078K(896640K), 0.0024715 secs] [Times: user=0.01 sys=0.00, real=0.00 secs] 
2020-10-29T08:53:24.673+0000: [GC (Allocation Failure) 2020-10-29T08:53:24.673+0000: [ParNew: 16388K->4K(18432K), 0.0024628 secs] 638462K->622078K(896640K), 0.0025098 secs] [Times: user=0.00 sys=0.00, real=0.00 secs] 
2020-10-29T08:53:24.694+0000: [GC (Allocation Failure) 2020-10-29T08:53:24.694+0000: [ParNew: 16388K->4K(18432K), 0.0023358 secs] 638462K->622078K(896640K), 0.0023799 secs] [Times: user=0.01 sys=0.00, real=0.00 secs] 
2020-10-29T08:53:24.718+0000: [GC (Allocation Failure) 2020-10-29T08:53:24.718+0000: [ParNew: 16388K->4K(18432K), 0.0026403 secs] 638462K->622078K(896640K), 0.0026894 secs] [Times: user=0.00 sys=0.00, real=0.00 secs] 
2020-10-29T08:53:24.742+0000: [GC (Allocation Failure) 2020-10-29T08:53:24.742+0000: [ParNew: 16388K->4K(18432K), 0.0024349 secs] 638462K->622079K(896640K), 0.0024805 secs] [Times: user=0.00 sys=0.00, real=0.01 secs] 
2020-10-29T08:53:24.761+0000: [GC (Allocation Failure) 2020-10-29T08:53:24.761+0000: [ParNew: 16388K->4K(18432K), 0.0024815 secs] 638463K->622079K(896640K), 0.0025394 secs] [Times: user=0.00 sys=0.00, real=0.01 secs] 
2020-10-29T08:53:24.781+0000: [GC (Allocation Failure) 2020-10-29T08:53:24.781+0000: [ParNew: 16388K->4K(18432K), 0.0025434 secs] 638463K->622079K(896640K), 0.0025923 secs] [Times: user=0.01 sys=0.00, real=0.01 secs] 
2020-10-29T08:53:24.802+0000: [GC (Allocation Failure) 2020-10-29T08:53:24.802+0000: [ParNew: 16388K->4K(18432K), 0.0025540 secs] 638463K->622079K(896640K), 0.0026024 secs] [Times: user=0.01 sys=0.00, real=0.01 secs] 
2020-10-29T08:53:24.821+0000: [GC (Allocation Failure) 2020-10-29T08:53:24.821+0000: [ParNew: 16388K->4K(18432K), 0.0033096 secs] 638463K->622079K(896640K), 0.0033661 secs] [Times: user=0.01 sys=0.00, real=0.01 secs] 
2020-10-29T08:53:24.846+0000: [GC (Allocation Failure) 2020-10-29T08:53:24.846+0000: [ParNew: 16388K->4K(18432K), 0.0026416 secs] 638463K->622079K(896640K), 0.0026908 secs] [Times: user=0.01 sys=0.00, real=0.00 secs] 
2020-10-29T08:53:24.866+0000: [GC (Allocation Failure) 2020-10-29T08:53:24.866+0000: [ParNew: 16388K->4K(18432K), 0.0024761 secs] 638463K->622079K(896640K), 0.0025236 secs] [Times: user=0.01 sys=0.00, real=0.00 secs] 
2020-10-29T08:53:24.885+0000: [GC (Allocation Failure) 2020-10-29T08:53:24.885+0000: [ParNew: 16388K->4K(18432K), 0.0024529 secs] 638463K->622079K(896640K), 0.0024979 secs] [Times: user=0.01 sys=0.00, real=0.00 secs] 
2020-10-29T08:53:24.905+0000: [GC (Allocation Failure) 2020-10-29T08:53:24.905+0000: [ParNew: 16388K->4K(18432K), 0.0024324 secs] 638463K->622079K(896640K), 0.0024774 secs] [Times: user=0.00 sys=0.00, real=0.00 secs] 
2020-10-29T08:53:24.926+0000: [GC (Allocation Failure) 2020-10-29T08:53:24.926+0000: [ParNew: 16388K->4K(18432K), 0.0026762 secs] 638463K->622079K(896640K), 0.0027286 secs] [Times: user=0.00 sys=0.00, real=0.00 secs] 
2020-10-29T08:53:24.950+0000: [GC (Allocation Failure) 2020-10-29T08:53:24.950+0000: [ParNew: 16388K->4K(18432K), 0.0024454 secs] 638463K->622079K(896640K), 0.0024922 secs] [Times: user=0.01 sys=0.00, real=0.00 secs] 
2020-10-29T08:53:24.974+0000: [GC (Allocation Failure) 2020-10-29T08:53:24.974+0000: [ParNew: 16388K->4K(18432K), 0.0026610 secs] 638463K->622079K(896640K), 0.0027125 secs] [Times: user=0.01 sys=0.00, real=0.00 secs] 
2020-10-29T08:53:24.994+0000: [GC (Allocation Failure) 2020-10-29T08:53:24.994+0000: [ParNew: 16388K->4K(18432K), 0.0026238 secs] 638463K->622079K(896640K), 0.0026824 secs] [Times: user=0.01 sys=0.00, real=0.00 secs] 
2020-10-29T08:53:25.018+0000: [GC (Allocation Failure) 2020-10-29T08:53:25.018+0000: [ParNew: 16388K->4K(18432K), 0.0028406 secs] 638463K->622079K(896640K), 0.0028951 secs] [Times: user=0.01 sys=0.00, real=0.00 secs] 
2020-10-29T08:53:25.038+0000: [GC (Allocation Failure) 2020-10-29T08:53:25.038+0000: [ParNew: 16388K->4K(18432K), 0.0028131 secs] 638463K->622079K(896640K), 0.0028677 secs] [Times: user=0.01 sys=0.00, real=0.00 secs] 
2020-10-29T08:53:25.058+0000: [GC (Allocation Failure) 2020-10-29T08:53:25.058+0000: [ParNew: 16388K->4K(18432K), 0.0028022 secs] 638463K->622079K(896640K), 0.0028595 secs] [Times: user=0.01 sys=0.00, real=0.00 secs] 
2020-10-29T08:53:25.078+0000: [GC (Allocation Failure) 2020-10-29T08:53:25.078+0000: [ParNew: 16388K->4K(18432K), 0.0026326 secs] 638463K->622079K(896640K), 0.0026833 secs] [Times: user=0.00 sys=0.00, real=0.00 secs] 
2020-10-29T08:53:25.098+0000: [GC (Allocation Failure) 2020-10-29T08:53:25.098+0000: [ParNew: 16388K->4K(18432K), 0.0025402 secs] 638463K->622079K(896640K), 0.0025902 secs] [Times: user=0.00 sys=0.00, real=0.00 secs] 
2020-10-29T08:53:25.118+0000: [GC (Allocation Failure) 2020-10-29T08:53:25.118+0000: [ParNew: 16388K->4K(18432K), 0.0027275 secs] 638463K->622079K(896640K), 0.0027783 secs] [Times: user=0.00 sys=0.00, real=0.00 secs] 
2020-10-29T08:53:25.138+0000: [GC (Allocation Failure) 2020-10-29T08:53:25.138+0000: [ParNew: 16388K->4K(18432K), 0.0029478 secs] 638463K->622079K(896640K), 0.0030052 secs] [Times: user=0.01 sys=0.00, real=0.00 secs] 
2020-10-29T08:53:25.159+0000: [GC (Allocation Failure) 2020-10-29T08:53:25.159+0000: [ParNew: 16388K->4K(18432K), 0.0030053 secs] 638463K->622079K(896640K), 0.0030629 secs] [Times: user=0.00 sys=0.00, real=0.00 secs] 
2020-10-29T08:53:25.182+0000: [GC (Allocation Failure) 2020-10-29T08:53:25.182+0000: [ParNew: 16388K->4K(18432K), 0.0029151 secs] 638463K->622079K(896640K), 0.0029716 secs] [Times: user=0.01 sys=0.00, real=0.00 secs] 
2020-10-29T08:53:25.203+0000: [GC (Allocation Failure) 2020-10-29T08:53:25.203+0000: [ParNew: 16388K->4K(18432K), 0.0028334 secs] 638463K->622079K(896640K), 0.0028871 secs] [Times: user=0.01 sys=0.00, real=0.00 secs] 
2020-10-29T08:53:25.223+0000: [GC (Allocation Failure) 2020-10-29T08:53:25.223+0000: [ParNew: 16388K->4K(18432K), 0.0025846 secs] 638463K->622079K(896640K), 0.0026343 secs] [Times: user=0.00 sys=0.00, real=0.00 secs] 
2020-10-29T08:53:25.246+0000: [GC (Allocation Failure) 2020-10-29T08:53:25.246+0000: [ParNew: 16388K->4K(18432K), 0.0028350 secs] 638463K->622079K(896640K), 0.0028897 secs] [Times: user=0.01 sys=0.00, real=0.00 secs] 
2020-10-29T08:53:25.267+0000: [GC (Allocation Failure) 2020-10-29T08:53:25.267+0000: [ParNew: 16388K->4K(18432K), 0.0026823 secs] 638463K->622079K(896640K), 0.0027339 secs] [Times: user=0.01 sys=0.00, real=0.00 secs] 
2020-10-29T08:53:25.294+0000: [GC (Allocation Failure) 2020-10-29T08:53:25.294+0000: [ParNew: 16388K->4K(18432K), 0.0028140 secs] 638463K->622079K(896640K), 0.0028684 secs] [Times: user=0.00 sys=0.00, real=0.00 secs] 
2020-10-29T08:53:25.314+0000: [GC (Allocation Failure) 2020-10-29T08:53:25.315+0000: [ParNew: 16388K->4K(18432K), 0.0026242 secs] 638463K->622079K(896640K), 0.0026739 secs] [Times: user=0.00 sys=0.00, real=0.00 secs] 
2020-10-29T08:53:25.338+0000: [GC (Allocation Failure) 2020-10-29T08:53:25.338+0000: [ParNew: 16388K->4K(18432K), 0.0025464 secs] 638463K->622079K(896640K), 0.0025955 secs] [Times: user=0.01 sys=0.00, real=0.00 secs] 
2020-10-29T08:53:25.358+0000: [GC (Allocation Failure) 2020-10-29T08:53:25.358+0000: [ParNew: 16388K->4K(18432K), 0.0025856 secs] 638463K->622079K(896640K), 0.0026358 secs] [Times: user=0.00 sys=0.00, real=0.00 secs] 
2020-10-29T08:53:25.382+0000: [GC (Allocation Failure) 2020-10-29T08:53:25.382+0000: [ParNew: 16388K->4K(18432K), 0.0026191 secs] 638463K->622079K(896640K), 0.0026709 secs] [Times: user=0.00 sys=0.00, real=0.01 secs] 
2020-10-29T08:53:25.403+0000: [GC (Allocation Failure) 2020-10-29T08:53:25.403+0000: [ParNew: 16388K->4K(18432K), 0.0026647 secs] 638463K->622079K(896640K), 0.0027152 secs] [Times: user=0.00 sys=0.00, real=0.00 secs] 
2020-10-29T08:53:25.426+0000: [GC (Allocation Failure) 2020-10-29T08:53:25.426+0000: [ParNew: 16388K->4K(18432K), 0.0027517 secs] 638463K->622079K(896640K), 0.0028057 secs] [Times: user=0.01 sys=0.00, real=0.00 secs] 
2020-10-29T08:53:25.450+0000: [GC (Allocation Failure) 2020-10-29T08:53:25.450+0000: [ParNew: 16388K->4K(18432K), 0.0027795 secs] 638463K->622079K(896640K), 0.0028318 secs] [Times: user=0.00 sys=0.00, real=0.00 secs] 
2020-10-29T08:53:25.474+0000: [GC (Allocation Failure) 2020-10-29T08:53:25.474+0000: [ParNew: 16388K->4K(18432K), 0.0024700 secs] 638463K->622079K(896640K), 0.0025159 secs] [Times: user=0.01 sys=0.00, real=0.00 secs] 
2020-10-29T08:53:25.494+0000: [GC (Allocation Failure) 2020-10-29T08:53:25.494+0000: [ParNew: 16388K->4K(18432K), 0.0023962 secs] 638463K->622079K(896640K), 0.0024378 secs] [Times: user=0.00 sys=0.00, real=0.00 secs] 
2020-10-29T08:53:25.518+0000: [GC (Allocation Failure) 2020-10-29T08:53:25.518+0000: [ParNew: 16388K->4K(18432K), 0.0025912 secs] 638463K->622079K(896640K), 0.0026431 secs] [Times: user=0.01 sys=0.00, real=0.00 secs] 
2020-10-29T08:53:25.538+0000: [GC (Allocation Failure) 2020-10-29T08:53:25.538+0000: [ParNew: 16388K->4K(18432K), 0.0026249 secs] 638463K->622079K(896640K), 0.0026976 secs] [Times: user=0.00 sys=0.00, real=0.00 secs] 
2020-10-29T08:53:25.558+0000: [GC (Allocation Failure) 2020-10-29T08:53:25.558+0000: [ParNew: 16388K->4K(18432K), 0.0024362 secs] 638463K->622079K(896640K), 0.0024936 secs] [Times: user=0.01 sys=0.00, real=0.00 secs] 
2020-10-29T08:53:25.578+0000: [GC (Allocation Failure) 2020-10-29T08:53:25.578+0000: [ParNew: 16388K->4K(18432K), 0.0025417 secs] 638463K->622079K(896640K), 0.0025907 secs] [Times: user=0.01 sys=0.00, real=0.00 secs] 
2020-10-29T08:53:25.602+0000: [GC (Allocation Failure) 2020-10-29T08:53:25.602+0000: [ParNew: 16388K->4K(18432K), 0.0026520 secs] 638463K->622079K(896640K), 0.0027037 secs] [Times: user=0.00 sys=0.00, real=0.00 secs] 
2020-10-29T08:53:25.622+0000: [GC (Allocation Failure) 2020-10-29T08:53:25.622+0000: [ParNew: 16388K->4K(18432K), 0.0027374 secs] 638463K->622079K(896640K), 0.0027887 secs] [Times: user=0.01 sys=0.00, real=0.00 secs] 
2020-10-29T08:53:25.644+0000: [GC (Allocation Failure) 2020-10-29T08:53:25.644+0000: [ParNew: 16388K->4K(18432K), 0.0026870 secs] 638463K->622079K(896640K), 0.0027401 secs] [Times: user=0.01 sys=0.00, real=0.00 secs] 
2020-10-29T08:53:25.666+0000: [GC (Allocation Failure) 2020-10-29T08:53:25.666+0000: [ParNew: 16388K->4K(18432K), 0.0027798 secs] 638463K->622079K(896640K), 0.0028337 secs] [Times: user=0.01 sys=0.00, real=0.00 secs] 
2020-10-29T08:53:25.686+0000: [GC (Allocation Failure) 2020-10-29T08:53:25.686+0000: [ParNew: 16388K->4K(18432K), 0.0026411 secs] 638463K->622079K(896640K), 0.0026915 secs] [Times: user=0.01 sys=0.00, real=0.00 secs] 
2020-10-29T08:53:25.710+0000: [GC (Allocation Failure) 2020-10-29T08:53:25.710+0000: [ParNew: 16388K->4K(18432K), 0.0027005 secs] 638463K->622079K(896640K), 0.0027516 secs] [Times: user=0.00 sys=0.00, real=0.00 secs] 
2020-10-29T08:53:25.734+0000: [GC (Allocation Failure) 2020-10-29T08:53:25.734+0000: [ParNew: 16388K->4K(18432K), 0.0025979 secs] 638463K->622079K(896640K), 0.0026472 secs] [Times: user=0.00 sys=0.00, real=0.00 secs] 
2020-10-29T08:53:25.754+0000: [GC (Allocation Failure) 2020-10-29T08:53:25.754+0000: [ParNew: 16388K->4K(18432K), 0.0027853 secs] 638463K->622079K(896640K), 0.0028385 secs] [Times: user=0.01 sys=0.00, real=0.00 secs] 
2020-10-29T08:53:25.777+0000: [GC (Allocation Failure) 2020-10-29T08:53:25.777+0000: [ParNew: 16388K->4K(18432K), 0.0024982 secs] 638463K->622079K(896640K), 0.0025447 secs] [Times: user=0.01 sys=0.00, real=0.00 secs] 
2020-10-29T08:53:25.798+0000: [GC (Allocation Failure) 2020-10-29T08:53:25.798+0000: [ParNew: 16388K->4K(18432K), 0.0025408 secs] 638463K->622079K(896640K), 0.0025909 secs] [Times: user=0.01 sys=0.00, real=0.00 secs] 
2020-10-29T08:53:25.818+0000: [GC (Allocation Failure) 2020-10-29T08:53:25.819+0000: [ParNew: 16388K->4K(18432K), 0.0025843 secs] 638463K->622079K(896640K), 0.0026343 secs] [Times: user=0.00 sys=0.00, real=0.00 secs] 
2020-10-29T08:53:25.838+0000: [GC (Allocation Failure) 2020-10-29T08:53:25.838+0000: [ParNew: 16388K->4K(18432K), 0.0026865 secs] 638463K->622079K(896640K), 0.0027402 secs] [Times: user=0.00 sys=0.00, real=0.00 secs] 
2020-10-29T08:53:25.859+0000: [GC (Allocation Failure) 2020-10-29T08:53:25.859+0000: [ParNew: 16388K->4K(18432K), 0.0025159 secs] 638463K->622079K(896640K), 0.0025592 secs] [Times: user=0.00 sys=0.00, real=0.00 secs] 
2020-10-29T08:53:25.882+0000: [GC (Allocation Failure) 2020-10-29T08:53:25.882+0000: [ParNew: 16388K->4K(18432K), 0.0027256 secs] 638463K->622079K(896640K), 0.0027770 secs] [Times: user=0.01 sys=0.00, real=0.00 secs] 
2020-10-29T08:53:25.903+0000: [GC (Allocation Failure) 2020-10-29T08:53:25.903+0000: [ParNew: 16388K->4K(18432K), 0.0024443 secs] 638463K->622079K(896640K), 0.0024904 secs] [Times: user=0.00 sys=0.00, real=0.00 secs] 
2020-10-29T08:53:25.923+0000: [GC (Allocation Failure) 2020-10-29T08:53:25.923+0000: [ParNew: 16388K->4K(18432K), 0.0024179 secs] 638463K->622079K(896640K), 0.0024626 secs] [Times: user=0.01 sys=0.00, real=0.00 secs] 
2020-10-29T08:53:25.942+0000: [GC (Allocation Failure) 2020-10-29T08:53:25.942+0000: [ParNew: 16388K->4K(18432K), 0.0024229 secs] 638463K->622079K(896640K), 0.0024781 secs] [Times: user=0.00 sys=0.00, real=0.00 secs] 
2020-10-29T08:53:25.966+0000: [GC (Allocation Failure) 2020-10-29T08:53:25.966+0000: [ParNew: 16388K->4K(18432K), 0.0027330 secs] 638463K->622079K(896640K), 0.0027853 secs] [Times: user=0.00 sys=0.00, real=0.00 secs] 
2020-10-29T08:53:25.986+0000: [GC (Allocation Failure) 2020-10-29T08:53:25.986+0000: [ParNew: 16388K->4K(18432K), 0.0027990 secs] 638463K->622079K(896640K), 0.0028525 secs] [Times: user=0.00 sys=0.00, real=0.00 secs] 
2020-10-29T08:53:26.006+0000: [GC (Allocation Failure) 2020-10-29T08:53:26.007+0000: [ParNew: 16388K->4K(18432K), 0.0025356 secs] 638463K->622079K(896640K), 0.0025832 secs] [Times: user=0.00 sys=0.00, real=0.00 secs] 
2020-10-29T08:53:26.026+0000: [GC (Allocation Failure) 2020-10-29T08:53:26.026+0000: [ParNew: 16388K->4K(18432K), 0.0026045 secs] 638463K->622079K(896640K), 0.0026539 secs] [Times: user=0.00 sys=0.00, real=0.00 secs] 
2020-10-29T08:53:26.046+0000: [GC (Allocation Failure) 2020-10-29T08:53:26.046+0000: [ParNew: 16388K->4K(18432K), 0.0026870 secs] 638463K->622079K(896640K), 0.0027380 secs] [Times: user=0.00 sys=0.00, real=0.00 secs] 
2020-10-29T08:53:26.070+0000: [GC (Allocation Failure) 2020-10-29T08:53:26.070+0000: [ParNew: 16388K->4K(18432K), 0.0028073 secs] 638463K->622079K(896640K), 0.0028611 secs] [Times: user=0.00 sys=0.00, real=0.00 secs] 
2020-10-29T08:53:26.091+0000: [GC (Allocation Failure) 2020-10-29T08:53:26.091+0000: [ParNew: 16388K->4K(18432K), 0.0029921 secs] 638463K->622079K(896640K), 0.0030550 secs] [Times: user=0.01 sys=0.00, real=0.00 secs] 
2020-10-29T08:53:26.114+0000: [GC (Allocation Failure) 2020-10-29T08:53:26.114+0000: [ParNew: 16388K->4K(18432K), 0.0029754 secs] 638463K->622079K(896640K), 0.0030266 secs] [Times: user=0.01 sys=0.00, real=0.00 secs] 
2020-10-29T08:53:26.138+0000: [GC (Allocation Failure) 2020-10-29T08:53:26.138+0000: [ParNew: 16388K->4K(18432K), 0.0026503 secs] 638463K->622079K(896640K), 0.0027012 secs] [Times: user=0.00 sys=0.00, real=0.00 secs] 
2020-10-29T08:53:26.158+0000: [GC (Allocation Failure) 2020-10-29T08:53:26.158+0000: [ParNew: 16388K->4K(18432K), 0.0026728 secs] 638463K->622079K(896640K), 0.0027231 secs] [Times: user=0.00 sys=0.00, real=0.00 secs] 
2020-10-29T08:53:26.178+0000: [GC (Allocation Failure) 2020-10-29T08:53:26.178+0000: [ParNew: 16388K->4K(18432K), 0.0027015 secs] 638463K->622079K(896640K), 0.0027506 secs] [Times: user=0.00 sys=0.00, real=0.00 secs] 
2020-10-29T08:53:26.198+0000: [GC (Allocation Failure) 2020-10-29T08:53:26.198+0000: [ParNew: 16388K->4K(18432K), 0.0027626 secs] 638463K->622079K(896640K), 0.0028156 secs] [Times: user=0.00 sys=0.00, real=0.00 secs] 
2020-10-29T08:53:26.218+0000: [GC (Allocation Failure) 2020-10-29T08:53:26.218+0000: [ParNew: 16388K->4K(18432K), 0.0025519 secs] 638463K->622079K(896640K), 0.0026000 secs] [Times: user=0.01 sys=0.00, real=0.00 secs] 
2020-10-29T08:53:26.250+0000: [GC (Allocation Failure) 2020-10-29T08:53:26.250+0000: [ParNew: 16388K->4K(18432K), 0.0028466 secs] 638463K->622079K(896640K), 0.0028977 secs] [Times: user=0.01 sys=0.00, real=0.01 secs] 
2020-10-29T08:53:26.271+0000: [GC (Allocation Failure) 2020-10-29T08:53:26.271+0000: [ParNew: 16388K->4K(18432K), 0.0028254 secs] 638463K->622079K(896640K), 0.0028970 secs] [Times: user=0.01 sys=0.00, real=0.00 secs] 
2020-10-29T08:53:26.291+0000: [GC (Allocation Failure) 2020-10-29T08:53:26.291+0000: [ParNew: 16388K->4K(18432K), 0.0026692 secs] 638463K->622079K(896640K), 0.0027211 secs] [Times: user=0.00 sys=0.00, real=0.00 secs] 
2020-10-29T08:53:26.311+0000: [GC (Allocation Failure) 2020-10-29T08:53:26.311+0000: [ParNew: 16388K->4K(18432K), 0.0028525 secs] 638463K->622079K(896640K), 0.0029071 secs] [Times: user=0.01 sys=0.00, real=0.00 secs] 
2020-10-29T08:53:26.334+0000: [GC (Allocation Failure) 2020-10-29T08:53:26.334+0000: [ParNew: 16388K->4K(18432K), 0.0027851 secs] 638463K->622079K(896640K), 0.0028386 secs] [Times: user=0.00 sys=0.00, real=0.00 secs] 
2020-10-29T08:53:26.358+0000: [GC (Allocation Failure) 2020-10-29T08:53:26.358+0000: [ParNew: 16388K->4K(18432K), 0.0028093 secs] 638463K->622079K(896640K), 0.0028620 secs] [Times: user=0.00 sys=0.00, real=0.00 secs] 
2020-10-29T08:53:26.379+0000: [GC (Allocation Failure) 2020-10-29T08:53:26.379+0000: [ParNew: 16388K->4K(18432K), 0.0028349 secs] 638463K->622079K(896640K), 0.0028969 secs] [Times: user=0.00 sys=0.00, real=0.00 secs] 
2020-10-29T08:53:26.402+0000: [GC (Allocation Failure) 2020-10-29T08:53:26.402+0000: [ParNew: 16388K->6K(18432K), 0.0026318 secs] 638463K->622081K(896640K), 0.0026828 secs] [Times: user=0.00 sys=0.00, real=0.00 secs] 
2020-10-29T08:53:26.426+0000: [GC (Allocation Failure) 2020-10-29T08:53:26.426+0000: [ParNew: 16390K->4K(18432K), 0.0027337 secs] 638465K->622079K(896640K), 0.0027859 secs] [Times: user=0.00 sys=0.00, real=0.00 secs] 
2020-10-29T08:53:26.450+0000: [GC (Allocation Failure) 2020-10-29T08:53:26.450+0000: [ParNew: 16388K->4K(18432K), 0.0024477 secs] 638463K->622079K(896640K), 0.0024938 secs] [Times: user=0.00 sys=0.00, real=0.00 secs] 
2020-10-29T08:53:26.470+0000: [GC (Allocation Failure) 2020-10-29T08:53:26.470+0000: [ParNew: 16388K->4K(18432K), 0.0024367 secs] 638463K->622079K(896640K), 0.0024821 secs] [Times: user=0.00 sys=0.00, real=0.00 secs] 
2020-10-29T08:53:26.490+0000: [GC (Allocation Failure) 2020-10-29T08:53:26.490+0000: [ParNew: 16388K->4K(18432K), 0.0026737 secs] 638463K->622079K(896640K), 0.0027244 secs] [Times: user=0.00 sys=0.00, real=0.01 secs] 
2020-10-29T08:53:26.510+0000: [GC (Allocation Failure) 2020-10-29T08:53:26.510+0000: [ParNew: 16388K->4K(18432K), 0.0028640 secs] 638463K->622079K(896640K), 0.0029181 secs] [Times: user=0.00 sys=0.00, real=0.01 secs] 
2020-10-29T08:53:26.530+0000: [GC (Allocation Failure) 2020-10-29T08:53:26.530+0000: [ParNew: 16388K->4K(18432K), 0.0025342 secs] 638463K->622079K(896640K), 0.0025828 secs] [Times: user=0.01 sys=0.00, real=0.00 secs] 
2020-10-29T08:53:26.550+0000: [GC (Allocation Failure) 2020-10-29T08:53:26.550+0000: [ParNew: 16388K->4K(18432K), 0.0023717 secs] 638463K->622079K(896640K), 0.0024169 secs] [Times: user=0.01 sys=0.00, real=0.01 secs] 
2020-10-29T08:53:26.570+0000: [GC (Allocation Failure) 2020-10-29T08:53:26.570+0000: [ParNew: 16388K->4K(18432K), 0.0026543 secs] 638463K->622079K(896640K), 0.0027062 secs] [Times: user=0.01 sys=0.00, real=0.01 secs] 
2020-10-29T08:53:26.590+0000: [GC (Allocation Failure) 2020-10-29T08:53:26.590+0000: [ParNew: 16388K->4K(18432K), 0.0025605 secs] 638463K->622079K(896640K), 0.0026092 secs] [Times: user=0.00 sys=0.00, real=0.01 secs] 
2020-10-29T08:53:26.610+0000: [GC (Allocation Failure) 2020-10-29T08:53:26.610+0000: [ParNew: 16388K->4K(18432K), 0.0025918 secs] 638463K->622079K(896640K), 0.0026441 secs] [Times: user=0.00 sys=0.00, real=0.01 secs] 
2020-10-29T08:53:26.630+0000: [GC (Allocation Failure) 2020-10-29T08:53:26.630+0000: [ParNew: 16388K->4K(18432K), 0.0024450 secs] 638463K->622079K(896640K), 0.0024917 secs] [Times: user=0.00 sys=0.00, real=0.00 secs] 
2020-10-29T08:53:26.654+0000: [GC (Allocation Failure) 2020-10-29T08:53:26.654+0000: [ParNew: 16388K->4K(18432K), 0.0026156 secs] 638463K->622079K(896640K), 0.0026657 secs] [Times: user=0.00 sys=0.00, real=0.00 secs] 
2020-10-29T08:53:26.674+0000: [GC (Allocation Failure) 2020-10-29T08:53:26.674+0000: [ParNew: 16388K->4K(18432K), 0.0025949 secs] 638463K->622079K(896640K), 0.0026438 secs] [Times: user=0.01 sys=0.00, real=0.00 secs] 
2020-10-29T08:53:26.697+0000: [GC (Allocation Failure) 2020-10-29T08:53:26.697+0000: [ParNew: 16388K->4K(18432K), 0.0028636 secs] 638463K->622079K(896640K), 0.0029190 secs] [Times: user=0.00 sys=0.00, real=0.00 secs] 
2020-10-29T08:53:26.718+0000: [GC (Allocation Failure) 2020-10-29T08:53:26.718+0000: [ParNew: 16388K->4K(18432K), 0.0028671 secs] 638463K->622079K(896640K), 0.0029293 secs] [Times: user=0.01 sys=0.00, real=0.00 secs] 
2020-10-29T08:53:26.742+0000: [GC (Allocation Failure) 2020-10-29T08:53:26.742+0000: [ParNew: 16388K->4K(18432K), 0.0028156 secs] 638463K->622079K(896640K), 0.0028698 secs] [Times: user=0.00 sys=0.00, real=0.01 secs] 
2020-10-29T08:53:26.762+0000: [GC (Allocation Failure) 2020-10-29T08:53:26.762+0000: [ParNew: 16388K->4K(18432K), 0.0027255 secs] 638463K->622079K(896640K), 0.0027783 secs] [Times: user=0.01 sys=0.00, real=0.00 secs] 
2020-10-29T08:53:26.784+0000: [GC (Allocation Failure) 2020-10-29T08:53:26.784+0000: [ParNew: 16388K->4K(18432K), 0.0029305 secs] 638463K->622079K(896640K), 0.0029861 secs] [Times: user=0.01 sys=0.00, real=0.00 secs] 
2020-10-29T08:53:26.804+0000: [GC (Allocation Failure) 2020-10-29T08:53:26.804+0000: [ParNew: 16388K->4K(18432K), 0.0028579 secs] 638463K->622079K(896640K), 0.0029110 secs] [Times: user=0.01 sys=0.00, real=0.00 secs] 
2020-10-29T08:53:26.825+0000: [GC (Allocation Failure) 2020-10-29T08:53:26.825+0000: [ParNew: 16388K->4K(18432K), 0.0028830 secs] 638463K->622079K(896640K), 0.0029375 secs] [Times: user=0.01 sys=0.00, real=0.00 secs] 
2020-10-29T08:53:26.847+0000: [GC (Allocation Failure) 2020-10-29T08:53:26.847+0000: [ParNew: 16388K->4K(18432K), 0.0029076 secs] 638463K->622079K(896640K), 0.0029624 secs] [Times: user=0.01 sys=0.00, real=0.01 secs] 
2020-10-29T08:53:26.870+0000: [GC (Allocation Failure) 2020-10-29T08:53:26.870+0000: [ParNew: 16388K->4K(18432K), 0.0028562 secs] 638463K->622079K(896640K), 0.0029117 secs] [Times: user=0.01 sys=0.00, real=0.00 secs] 
2020-10-29T08:53:26.894+0000: [GC (Allocation Failure) 2020-10-29T08:53:26.894+0000: [ParNew: 16388K->4K(18432K), 0.0027612 secs] 638463K->622079K(896640K), 0.0028130 secs] [Times: user=0.00 sys=0.00, real=0.00 secs] 
2020-10-29T08:53:26.914+0000: [GC (Allocation Failure) 2020-10-29T08:53:26.915+0000: [ParNew: 16388K->4K(18432K), 0.0027317 secs] 638463K->622079K(896640K), 0.0027817 secs] [Times: user=0.01 sys=0.00, real=0.00 secs] 
2020-10-29T08:53:26.937+0000: [GC (Allocation Failure) 2020-10-29T08:53:26.937+0000: [ParNew: 16388K->4K(18432K), 0.0025922 secs] 638463K->622079K(896640K), 0.0026416 secs] [Times: user=0.00 sys=0.00, real=0.00 secs] 
2020-10-29T08:53:26.965+0000: [GC (Allocation Failure) 2020-10-29T08:53:26.965+0000: [ParNew: 16388K->4K(18432K), 0.0029829 secs] 638463K->622079K(896640K), 0.0030850 secs] [Times: user=0.01 sys=0.00, real=0.00 secs] 
2020-10-29T08:53:27.009+0000: [GC (Allocation Failure) 2020-10-29T08:53:27.009+0000: [ParNew: 16388K->4K(18432K), 0.0029164 secs] 638463K->622079K(896640K), 0.0029944 secs] [Times: user=0.00 sys=0.00, real=0.01 secs] 
2020-10-29T08:53:27.040+0000: [GC (Allocation Failure) 2020-10-29T08:53:27.040+0000: [ParNew: 16388K->4K(18432K), 0.0028644 secs] 638463K->622079K(896640K), 0.0029383 secs] [Times: user=0.01 sys=0.00, real=0.01 secs] 
2020-10-29T08:53:27.070+0000: [GC (Allocation Failure) 2020-10-29T08:53:27.070+0000: [ParNew: 16388K->4K(18432K), 0.0029251 secs] 638463K->622079K(896640K), 0.0030022 secs] [Times: user=0.00 sys=0.00, real=0.01 secs] 
2020-10-29T08:53:27.092+0000: [GC (Allocation Failure) 2020-10-29T08:53:27.092+0000: [ParNew: 16388K->4K(18432K), 0.0028834 secs] 638463K->622079K(896640K), 0.0029562 secs] [Times: user=0.00 sys=0.00, real=0.00 secs] 
2020-10-29T08:53:27.124+0000: [GC (Allocation Failure) 2020-10-29T08:53:27.124+0000: [ParNew: 16388K->4K(18432K), 0.0028952 secs] 638463K->622079K(896640K), 0.0029693 secs] [Times: user=0.01 sys=0.00, real=0.00 secs] 
2020-10-29T08:53:27.150+0000: [GC (Allocation Failure) 2020-10-29T08:53:27.150+0000: [ParNew: 16388K->4K(18432K), 0.0028974 secs] 638463K->622079K(896640K), 0.0029708 secs] [Times: user=0.00 sys=0.00, real=0.00 secs] 
2020-10-29T08:53:27.182+0000: [GC (Allocation Failure) 2020-10-29T08:53:27.182+0000: [ParNew: 16388K->4K(18432K), 0.0029637 secs] 638463K->622079K(896640K), 0.0030407 secs] [Times: user=0.01 sys=0.00, real=0.00 secs] 
2020-10-29T08:53:27.207+0000: [GC (Allocation Failure) 2020-10-29T08:53:27.207+0000: [ParNew: 16388K->4K(18432K), 0.0029197 secs] 638463K->622079K(896640K), 0.0029936 secs] [Times: user=0.01 sys=0.00, real=0.00 secs] 
2020-10-29T08:53:27.236+0000: [GC (Allocation Failure) 2020-10-29T08:53:27.236+0000: [ParNew: 16388K->4K(18432K), 0.0029265 secs] 638463K->622080K(896640K), 0.0029848 secs] [Times: user=0.01 sys=0.00, real=0.00 secs] 
2020-10-29T08:53:27.257+0000: [GC (Allocation Failure) 2020-10-29T08:53:27.257+0000: [ParNew: 16388K->4K(18432K), 0.0028838 secs] 638464K->622080K(896640K), 0.0029387 secs] [Times: user=0.00 sys=0.00, real=0.00 secs] 
2020-10-29T08:53:27.278+0000: [GC (Allocation Failure) 2020-10-29T08:53:27.278+0000: [ParNew: 16388K->4K(18432K), 0.0029156 secs] 638464K->622080K(896640K), 0.0029696 secs] [Times: user=0.00 sys=0.00, real=0.00 secs] 
2020-10-29T08:53:27.299+0000: [GC (Allocation Failure) 2020-10-29T08:53:27.299+0000: [ParNew: 16388K->4K(18432K), 0.0028894 secs] 638464K->622080K(896640K), 0.0029445 secs] [Times: user=0.00 sys=0.00, real=0.00 secs] 
2020-10-29T08:53:27.319+0000: [GC (Allocation Failure) 2020-10-29T08:53:27.319+0000: [ParNew: 16388K->4K(18432K), 0.0028464 secs] 638464K->622080K(896640K), 0.0029009 secs] [Times: user=0.00 sys=0.00, real=0.00 secs] 
2020-10-29T08:53:27.339+0000: [GC (Allocation Failure) 2020-10-29T08:53:27.339+0000: [ParNew: 16388K->4K(18432K), 0.0028339 secs] 638464K->622080K(896640K), 0.0028878 secs] [Times: user=0.00 sys=0.00, real=0.00 secs] 
2020-10-29T08:53:27.362+0000: [GC (Allocation Failure) 2020-10-29T08:53:27.362+0000: [ParNew: 16388K->4K(18432K), 0.0028475 secs] 638464K->622080K(896640K), 0.0029086 secs] [Times: user=0.01 sys=0.00, real=0.00 secs] 
2020-10-29T08:53:27.383+0000: [GC (Allocation Failure) 2020-10-29T08:53:27.383+0000: [ParNew: 16388K->4K(18432K), 0.0028289 secs] 638464K->622080K(896640K), 0.0028821 secs] [Times: user=0.01 sys=0.01, real=0.00 secs] 
2020-10-29T08:53:27.403+0000: [GC (Allocation Failure) 2020-10-29T08:53:27.403+0000: [ParNew: 16388K->4K(18432K), 0.0026475 secs] 638464K->622080K(896640K), 0.0026983 secs] [Times: user=0.00 sys=0.00, real=0.00 secs] 
2020-10-29T08:53:27.423+0000: [GC (Allocation Failure) 2020-10-29T08:53:27.423+0000: [ParNew: 16388K->4K(18432K), 0.0026295 secs] 638464K->622080K(896640K), 0.0026796 secs] [Times: user=0.00 sys=0.00, real=0.00 secs] 
2020-10-29T08:53:27.446+0000: [GC (Allocation Failure) 2020-10-29T08:53:27.446+0000: [ParNew: 16388K->4K(18432K), 0.0028748 secs] 638464K->622080K(896640K), 0.0029301 secs] [Times: user=0.00 sys=0.00, real=0.00 secs] 
2020-10-29T08:53:27.467+0000: [GC (Allocation Failure) 2020-10-29T08:53:27.467+0000: [ParNew: 16388K->4K(18432K), 0.0028765 secs] 638464K->622080K(896640K), 0.0029319 secs] [Times: user=0.01 sys=0.00, real=0.00 secs] 
2020-10-29T08:53:27.487+0000: [GC (Allocation Failure) 2020-10-29T08:53:27.487+0000: [ParNew: 16388K->4K(18432K), 0.0028829 secs] 638464K->622080K(896640K), 0.0029632 secs] [Times: user=0.01 sys=0.00, real=0.01 secs] 
2020-10-29T08:53:27.513+0000: [GC (Allocation Failure) 2020-10-29T08:53:27.513+0000: [ParNew: 16388K->4K(18432K), 0.0029191 secs] 638464K->622080K(896640K), 0.0029772 secs] [Times: user=0.01 sys=0.00, real=0.00 secs] 
2020-10-29T08:53:27.534+0000: [GC (Allocation Failure) 2020-10-29T08:53:27.534+0000: [ParNew: 16388K->4K(18432K), 0.0029522 secs] 638464K->622080K(896640K), 0.0030088 secs] [Times: user=0.01 sys=0.00, real=0.00 secs] 
2020-10-29T08:53:27.555+0000: [GC (Allocation Failure) 2020-10-29T08:53:27.555+0000: [ParNew: 16388K->4K(18432K), 0.0028859 secs] 638464K->622080K(896640K), 0.0029419 secs] [Times: user=0.00 sys=0.00, real=0.00 secs] 
2020-10-29T08:53:27.575+0000: [GC (Allocation Failure) 2020-10-29T08:53:27.576+0000: [ParNew: 16388K->4K(18432K), 0.0028862 secs] 638464K->622080K(896640K), 0.0029406 secs] [Times: user=0.00 sys=0.00, real=0.00 secs] 
2020-10-29T08:53:27.598+0000: [GC (Allocation Failure) 2020-10-29T08:53:27.598+0000: [ParNew: 16388K->4K(18432K), 0.0028638 secs] 638464K->622080K(896640K), 0.0029179 secs] [Times: user=0.01 sys=0.00, real=0.00 secs] 
2020-10-29T08:53:27.619+0000: [GC (Allocation Failure) 2020-10-29T08:53:27.619+0000: [ParNew: 16388K->4K(18432K), 0.0030223 secs] 638464K->622080K(896640K), 0.0030779 secs] [Times: user=0.00 sys=0.00, real=0.00 secs] 
2020-10-29T08:53:27.639+0000: [GC (Allocation Failure) 2020-10-29T08:53:27.639+0000: [ParNew: 16388K->4K(18432K), 0.0028904 secs] 638464K->622080K(896640K), 0.0029454 secs] [Times: user=0.00 sys=0.00, real=0.00 secs] 
2020-10-29T08:53:27.659+0000: [GC (Allocation Failure) 2020-10-29T08:53:27.659+0000: [ParNew: 16388K->4K(18432K), 0.0029578 secs] 638464K->622080K(896640K), 0.0030268 secs] [Times: user=0.00 sys=0.00, real=0.01 secs] 
2020-10-29T08:53:27.680+0000: [GC (Allocation Failure) 2020-10-29T08:53:27.680+0000: [ParNew: 16388K->4K(18432K), 0.0029383 secs] 638464K->622080K(896640K), 0.0029951 secs] [Times: user=0.01 sys=0.00, real=0.01 secs] 
2020-10-29T08:53:27.702+0000: [GC (Allocation Failure) 2020-10-29T08:53:27.702+0000: [ParNew: 16388K->4K(18432K), 0.0028943 secs] 638464K->622080K(896640K), 0.0029490 secs] [Times: user=0.01 sys=0.00, real=0.00 secs] 
2020-10-29T08:53:27.726+0000: [GC (Allocation Failure) 2020-10-29T08:53:27.726+0000: [ParNew: 16388K->4K(18432K), 0.0028912 secs] 638464K->622080K(896640K), 0.0029470 secs] [Times: user=0.00 sys=0.00, real=0.00 secs] 
2020-10-29T08:53:27.747+0000: [GC (Allocation Failure) 2020-10-29T08:53:27.747+0000: [ParNew: 16388K->4K(18432K), 0.0028802 secs] 638464K->622080K(896640K), 0.0029362 secs] [Times: user=0.01 sys=0.00, real=0.00 secs] 
2020-10-29T08:53:27.770+0000: [GC (Allocation Failure) 2020-10-29T08:53:27.770+0000: [ParNew: 16388K->4K(18432K), 0.0029053 secs] 638464K->622080K(896640K), 0.0029591 secs] [Times: user=0.01 sys=0.00, real=0.00 secs] 
2020-10-29T08:53:27.791+0000: [GC (Allocation Failure) 2020-10-29T08:53:27.791+0000: [ParNew: 16388K->4K(18432K), 0.0028779 secs] 638464K->622080K(896640K), 0.0029311 secs] [Times: user=0.01 sys=0.00, real=0.00 secs] 
2020-10-29T08:53:27.811+0000: [GC (Allocation Failure) 2020-10-29T08:53:27.811+0000: [ParNew: 16388K->4K(18432K), 0.0027606 secs] 638464K->622080K(896640K), 0.0028133 secs] [Times: user=0.01 sys=0.00, real=0.00 secs] 
2020-10-29T08:53:27.839+0000: [GC (Allocation Failure) 2020-10-29T08:53:27.839+0000: [ParNew: 16388K->4K(18432K), 0.0028989 secs] 638464K->622080K(896640K), 0.0029755 secs] [Times: user=0.00 sys=0.00, real=0.01 secs] 
2020-10-29T08:53:27.860+0000: [GC (Allocation Failure) 2020-10-29T08:53:27.860+0000: [ParNew: 16388K->4K(18432K), 0.0028511 secs] 638464K->622080K(896640K), 0.0028988 secs] [Times: user=0.01 sys=0.00, real=0.01 secs] 
2020-10-29T08:53:27.880+0000: [GC (Allocation Failure) 2020-10-29T08:53:27.880+0000: [ParNew: 16388K->4K(18432K), 0.0027288 secs] 638464K->622080K(896640K), 0.0027783 secs] [Times: user=0.01 sys=0.00, real=0.01 secs] 
2020-10-29T08:53:27.900+0000: [GC (Allocation Failure) 2020-10-29T08:53:27.900+0000: [ParNew: 16388K->4K(18432K), 0.0027554 secs] 638464K->622080K(896640K), 0.0028086 secs] [Times: user=0.00 sys=0.00, real=0.01 secs] 
2020-10-29T08:53:27.920+0000: [GC (Allocation Failure) 2020-10-29T08:53:27.920+0000: [ParNew: 16388K->4K(18432K), 0.0028102 secs] 638464K->622080K(896640K), 0.0028647 secs] [Times: user=0.00 sys=0.00, real=0.01 secs] 
2020-10-29T08:53:27.942+0000: [GC (Allocation Failure) 2020-10-29T08:53:27.942+0000: [ParNew: 16388K->4K(18432K), 0.0028209 secs] 638464K->622080K(896640K), 0.0028757 secs] [Times: user=0.01 sys=0.00, real=0.00 secs] 
2020-10-29T08:53:27.963+0000: [GC (Allocation Failure) 2020-10-29T08:53:27.963+0000: [ParNew: 16388K->4K(18432K), 0.0027044 secs] 638464K->622080K(896640K), 0.0027559 secs] [Times: user=0.01 sys=0.00, real=0.00 secs] 
2020-10-29T08:53:27.986+0000: [GC (Allocation Failure) 2020-10-29T08:53:27.986+0000: [ParNew: 16388K->4K(18432K), 0.0028763 secs] 638464K->622080K(896640K), 0.0029313 secs] [Times: user=0.01 sys=0.00, real=0.00 secs] 
2020-10-29T08:53:28.007+0000: [GC (Allocation Failure) 2020-10-29T08:53:28.007+0000: [ParNew: 16388K->4K(18432K), 0.0028463 secs] 638464K->622080K(896640K), 0.0029013 secs] [Times: user=0.01 sys=0.00, real=0.00 secs] 
2020-10-29T08:53:28.030+0000: [GC (Allocation Failure) 2020-10-29T08:53:28.030+0000: [ParNew: 16388K->4K(18432K), 0.0028992 secs] 638464K->622080K(896640K), 0.0029544 secs] [Times: user=0.00 sys=0.00, real=0.00 secs] 
2020-10-29T08:53:28.051+0000: [GC (Allocation Failure) 2020-10-29T08:53:28.051+0000: [ParNew: 16388K->4K(18432K), 0.0028280 secs] 638464K->622080K(896640K), 0.0028828 secs] [Times: user=0.01 sys=0.00, real=0.00 secs] 
2020-10-29T08:53:28.071+0000: [GC (Allocation Failure) 2020-10-29T08:53:28.071+0000: [ParNew: 16388K->4K(18432K), 0.0029716 secs] 638464K->622080K(896640K), 0.0030264 secs] [Times: user=0.00 sys=0.00, real=0.00 secs] 
2020-10-29T08:53:28.092+0000: [GC (Allocation Failure) 2020-10-29T08:53:28.092+0000: [ParNew: 16388K->4K(18432K), 0.0026817 secs] 638464K->622080K(896640K), 0.0027330 secs] [Times: user=0.00 sys=0.00, real=0.00 secs] 
2020-10-29T08:53:28.114+0000: [GC (Allocation Failure) 2020-10-29T08:53:28.114+0000: [ParNew: 16388K->4K(18432K), 0.0028686 secs] 638464K->622080K(896640K), 0.0029240 secs] [Times: user=0.00 sys=0.00, real=0.00 secs] 
2020-10-29T08:53:28.138+0000: [GC (Allocation Failure) 2020-10-29T08:53:28.138+0000: [ParNew: 16388K->4K(18432K), 0.0028941 secs] 638464K->622080K(896640K), 0.0029489 secs] [Times: user=0.01 sys=0.00, real=0.00 secs] 
2020-10-29T08:53:28.162+0000: [GC (Allocation Failure) 2020-10-29T08:53:28.162+0000: [ParNew: 16388K->4K(18432K), 0.0028606 secs] 638464K->622080K(896640K), 0.0029113 secs] [Times: user=0.01 sys=0.00, real=0.00 secs] 
2020-10-29T08:53:28.190+0000: [GC (Allocation Failure) 2020-10-29T08:53:28.190+0000: [ParNew: 16388K->4K(18432K), 0.0037357 secs] 638464K->622080K(896640K), 0.0038278 secs] [Times: user=0.00 sys=0.00, real=0.01 secs] 
2020-10-29T08:53:28.214+0000: [GC (Allocation Failure) 2020-10-29T08:53:28.214+0000: [ParNew: 16388K->4K(18432K), 0.0027976 secs] 638464K->622080K(896640K), 0.0028441 secs] [Times: user=0.00 sys=0.00, real=0.00 secs] 
2020-10-29T08:53:28.235+0000: [GC (Allocation Failure) 2020-10-29T08:53:28.235+0000: [ParNew: 16388K->4K(18432K), 0.0028078 secs] 638464K->622080K(896640K), 0.0028621 secs] [Times: user=0.00 sys=0.00, real=0.00 secs] 
2020-10-29T08:53:28.258+0000: [GC (Allocation Failure) 2020-10-29T08:53:28.258+0000: [ParNew: 16388K->4K(18432K), 0.0028461 secs] 638464K->622080K(896640K), 0.0029006 secs] [Times: user=0.00 sys=0.00, real=0.00 secs] 
2020-10-29T08:53:28.279+0000: [GC (Allocation Failure) 2020-10-29T08:53:28.279+0000: [ParNew: 16388K->4K(18432K), 0.0028126 secs] 638464K->622080K(896640K), 0.0028663 secs] [Times: user=0.00 sys=0.00, real=0.00 secs] 
2020-10-29T08:53:28.310+0000: [GC (Allocation Failure) 2020-10-29T08:53:28.310+0000: [ParNew: 16388K->4K(18432K), 0.0028789 secs] 638464K->622080K(896640K), 0.0029345 secs] [Times: user=0.00 sys=0.00, real=0.01 secs] 
2020-10-29T08:53:28.334+0000: [GC (Allocation Failure) 2020-10-29T08:53:28.334+0000: [ParNew: 16388K->4K(18432K), 0.0028297 secs] 638464K->622080K(896640K), 0.0028827 secs] [Times: user=0.00 sys=0.00, real=0.00 secs] 
2020-10-29T08:53:28.357+0000: [GC (Allocation Failure) 2020-10-29T08:53:28.357+0000: [ParNew: 16388K->4K(18432K), 0.0026990 secs] 638464K->622080K(896640K), 0.0027502 secs] [Times: user=0.00 sys=0.00, real=0.00 secs] 
2020-10-29T08:53:28.377+0000: [GC (Allocation Failure) 2020-10-29T08:53:28.377+0000: [ParNew: 16388K->4K(18432K), 0.0028951 secs] 638464K->622080K(896640K), 0.0029644 secs] [Times: user=0.00 sys=0.00, real=0.00 secs] 
2020-10-29T08:53:28.398+0000: [GC (Allocation Failure) 2020-10-29T08:53:28.398+0000: [ParNew: 16388K->4K(18432K), 0.0028140 secs] 638464K->622080K(896640K), 0.0028676 secs] [Times: user=0.00 sys=0.00, real=0.00 secs] 
2020-10-29T08:53:28.422+0000: [GC (Allocation Failure) 2020-10-29T08:53:28.422+0000: [ParNew: 16388K->4K(18432K), 0.0028226 secs] 638464K->622080K(896640K), 0.0028765 secs] [Times: user=0.01 sys=0.00, real=0.00 secs] 
2020-10-29T08:53:28.445+0000: [GC (Allocation Failure) 2020-10-29T08:53:28.445+0000: [ParNew: 16388K->4K(18432K), 0.0028213 secs] 638464K->622080K(896640K), 0.0028737 secs] [Times: user=0.01 sys=0.00, real=0.00 secs] 
2020-10-29T08:53:28.466+0000: [GC (Allocation Failure) 2020-10-29T08:53:28.466+0000: [ParNew: 16388K->4K(18432K), 0.0028771 secs] 638464K->622080K(896640K), 0.0029335 secs] [Times: user=0.01 sys=0.00, real=0.00 secs] 
2020-10-29T08:53:28.490+0000: [GC (Allocation Failure) 2020-10-29T08:53:28.490+0000: [ParNew: 16388K->4K(18432K), 0.0028726 secs] 638464K->622080K(896640K), 0.0029280 secs] [Times: user=0.00 sys=0.00, real=0.00 secs] 
2020-10-29T08:53:28.514+0000: [GC (Allocation Failure) 2020-10-29T08:53:28.514+0000: [ParNew: 16388K->4K(18432K), 0.0028658 secs] 638464K->622080K(896640K), 0.0029301 secs] [Times: user=0.00 sys=0.00, real=0.00 secs] 
2020-10-29T08:53:28.534+0000: [GC (Allocation Failure) 2020-10-29T08:53:28.534+0000: [ParNew: 16388K->4K(18432K), 0.0028773 secs] 638464K->622080K(896640K), 0.0029335 secs] [Times: user=0.00 sys=0.00, real=0.00 secs] 
2020-10-29T08:53:28.555+0000: [GC (Allocation Failure) 2020-10-29T08:53:28.555+0000: [ParNew: 16388K->4K(18432K), 0.0029116 secs] 638464K->622080K(896640K), 0.0029672 secs] [Times: user=0.01 sys=0.00, real=0.00 secs] 
2020-10-29T08:53:28.576+0000: [GC (Allocation Failure) 2020-10-29T08:53:28.576+0000: [ParNew: 16388K->4K(18432K), 0.0029056 secs] 638464K->622080K(896640K), 0.0029613 secs] [Times: user=0.01 sys=0.00, real=0.00 secs] 
2020-10-29T08:53:28.596+0000: [GC (Allocation Failure) 2020-10-29T08:53:28.596+0000: [ParNew: 16388K->4K(18432K), 0.0028055 secs] 638464K->622080K(896640K), 0.0028599 secs] [Times: user=0.01 sys=0.00, real=0.00 secs] 
2020-10-29T08:53:28.616+0000: [GC (Allocation Failure) 2020-10-29T08:53:28.616+0000: [ParNew: 16388K->4K(18432K), 0.0027491 secs] 638464K->622080K(896640K), 0.0028015 secs] [Times: user=0.01 sys=0.00, real=0.00 secs] 
2020-10-29T08:53:28.638+0000: [GC (Allocation Failure) 2020-10-29T08:53:28.638+0000: [ParNew: 16388K->4K(18432K), 0.0026954 secs] 638464K->622080K(896640K), 0.0027455 secs] [Times: user=0.01 sys=0.00, real=0.00 secs] 
2020-10-29T08:53:28.662+0000: [GC (Allocation Failure) 2020-10-29T08:53:28.662+0000: [ParNew: 16388K->4K(18432K), 0.0027936 secs] 638464K->622080K(896640K), 0.0028488 secs] [Times: user=0.01 sys=0.00, real=0.00 secs] 
2020-10-29T08:53:28.683+0000: [GC (Allocation Failure) 2020-10-29T08:53:28.683+0000: [ParNew: 16388K->4K(18432K), 0.0028045 secs] 638464K->622080K(896640K), 0.0028590 secs] [Times: user=0.01 sys=0.00, real=0.00 secs] 
2020-10-29T08:53:28.705+0000: [GC (Allocation Failure) 2020-10-29T08:53:28.705+0000: [ParNew: 16388K->4K(18432K), 0.0028008 secs] 638464K->622080K(896640K), 0.0028532 secs] [Times: user=0.01 sys=0.00, real=0.00 secs] 
2020-10-29T08:53:28.730+0000: [GC (Allocation Failure) 2020-10-29T08:53:28.730+0000: [ParNew: 16388K->4K(18432K), 0.0028838 secs] 638464K->622080K(896640K), 0.0029380 secs] [Times: user=0.00 sys=0.00, real=0.01 secs] 
2020-10-29T08:53:28.750+0000: [GC (Allocation Failure) 2020-10-29T08:53:28.750+0000: [ParNew: 16388K->4K(18432K), 0.0028658 secs] 638464K->622080K(896640K), 0.0029221 secs] [Times: user=0.00 sys=0.00, real=0.00 secs] 
2020-10-29T08:53:28.770+0000: [GC (Allocation Failure) 2020-10-29T08:53:28.770+0000: [ParNew: 16388K->4K(18432K), 0.0027575 secs] 638464K->622080K(896640K), 0.0028130 secs] [Times: user=0.00 sys=0.00, real=0.00 secs] 
2020-10-29T08:53:28.790+0000: [GC (Allocation Failure) 2020-10-29T08:53:28.790+0000: [ParNew: 16388K->4K(18432K), 0.0027322 secs] 638464K->622080K(896640K), 0.0027854 secs] [Times: user=0.00 sys=0.00, real=0.00 secs] 
2020-10-29T08:53:28.810+0000: [GC (Allocation Failure) 2020-10-29T08:53:28.810+0000: [ParNew: 16388K->4K(18432K), 0.0026806 secs] 638464K->622080K(896640K), 0.0027321 secs] [Times: user=0.00 sys=0.00, real=0.00 secs] 
2020-10-29T08:53:28.830+0000: [GC (Allocation Failure) 2020-10-29T08:53:28.830+0000: [ParNew: 16388K->4K(18432K), 0.0028028 secs] 638464K->622080K(896640K), 0.0028581 secs] [Times: user=0.00 sys=0.00, real=0.01 secs] 
2020-10-29T08:53:28.850+0000: [GC (Allocation Failure) 2020-10-29T08:53:28.850+0000: [ParNew: 16388K->4K(18432K), 0.0028853 secs] 638464K->622080K(896640K), 0.0029404 secs] [Times: user=0.00 sys=0.00, real=0.01 secs] 
2020-10-29T08:53:28.871+0000: [GC (Allocation Failure) 2020-10-29T08:53:28.871+0000: [ParNew: 16388K->4K(18432K), 0.0027947 secs] 638464K->622080K(896640K), 0.0028484 secs] [Times: user=0.01 sys=0.00, real=0.00 secs] 
2020-10-29T08:53:28.894+0000: [GC (Allocation Failure) 2020-10-29T08:53:28.894+0000: [ParNew: 16388K->4K(18432K), 0.0027016 secs] 638464K->622080K(896640K), 0.0027530 secs] [Times: user=0.01 sys=0.00, real=0.00 secs] 
2020-10-29T08:53:28.918+0000: [GC (Allocation Failure) 2020-10-29T08:53:28.918+0000: [ParNew: 16388K->4K(18432K), 0.0026028 secs] 638464K->622080K(896640K), 0.0026524 secs] [Times: user=0.01 sys=0.00, real=0.00 secs] 
2020-10-29T08:53:28.939+0000: [GC (Allocation Failure) 2020-10-29T08:53:28.939+0000: [ParNew: 16347K->4K(18432K), 0.0026693 secs] 638424K->622080K(896640K), 0.0027201 secs] [Times: user=0.01 sys=0.00, real=0.00 secs] 
2020-10-29T08:53:28.959+0000: [GC (Allocation Failure) 2020-10-29T08:53:28.959+0000: [ParNew: 16388K->4K(18432K), 0.0026138 secs] 638464K->622080K(896640K), 0.0026653 secs] [Times: user=0.00 sys=0.00, real=0.00 secs] 
2020-10-29T08:53:28.982+0000: [GC (Allocation Failure) 2020-10-29T08:53:28.982+0000: [ParNew: 16388K->4K(18432K), 0.0046756 secs] 638464K->622080K(896640K), 0.0047292 secs] [Times: user=0.01 sys=0.00, real=0.00 secs] 
2020-10-29T08:53:29.006+0000: [GC (Allocation Failure) 2020-10-29T08:53:29.006+0000: [ParNew: 16388K->4K(18432K), 0.0028270 secs] 638464K->622080K(896640K), 0.0028814 secs] [Times: user=0.01 sys=0.00, real=0.00 secs] 
2020-10-29T08:53:29.027+0000: [GC (Allocation Failure) 2020-10-29T08:53:29.027+0000: [ParNew: 16388K->4K(18432K), 0.0027637 secs] 638464K->622080K(896640K), 0.0028171 secs] [Times: user=0.01 sys=0.00, real=0.00 secs] 
2020-10-29T08:53:29.050+0000: [GC (Allocation Failure) 2020-10-29T08:53:29.050+0000: [ParNew: 16388K->4K(18432K), 0.0025732 secs] 638464K->622080K(896640K), 0.0026228 secs] [Times: user=0.00 sys=0.00, real=0.00 secs] 
2020-10-29T08:53:29.074+0000: [GC (Allocation Failure) 2020-10-29T08:53:29.074+0000: [ParNew: 16388K->4K(18432K), 0.0028114 secs] 638464K->622080K(896640K), 0.0028668 secs] [Times: user=0.01 sys=0.00, real=0.00 secs] 
2020-10-29T08:53:29.094+0000: [GC (Allocation Failure) 2020-10-29T08:53:29.094+0000: [ParNew: 16388K->4K(18432K), 0.0028537 secs] 638464K->622080K(896640K), 0.0029090 secs] [Times: user=0.00 sys=0.00, real=0.00 secs] 
2020-10-29T08:53:29.118+0000: [GC (Allocation Failure) 2020-10-29T08:53:29.118+0000: [ParNew: 16388K->4K(18432K), 0.0027928 secs] 638464K->622080K(896640K), 0.0028462 secs] [Times: user=0.01 sys=0.01, real=0.00 secs] 
2020-10-29T08:53:29.142+0000: [GC (Allocation Failure) 2020-10-29T08:53:29.142+0000: [ParNew: 16388K->4K(18432K), 0.0027431 secs] 638464K->622080K(896640K), 0.0027967 secs] [Times: user=0.01 sys=0.00, real=0.00 secs] 
2020-10-29T08:53:29.163+0000: [GC (Allocation Failure) 2020-10-29T08:53:29.163+0000: [ParNew: 16388K->4K(18432K), 0.0030127 secs] 638464K->622080K(896640K), 0.0030660 secs] [Times: user=0.01 sys=0.00, real=0.00 secs] 
2020-10-29T08:53:29.183+0000: [GC (Allocation Failure) 2020-10-29T08:53:29.183+0000: [ParNew: 16388K->4K(18432K), 0.0027397 secs] 638464K->622080K(896640K), 0.0027911 secs] [Times: user=0.01 sys=0.00, real=0.00 secs] 
2020-10-29T08:53:29.203+0000: [GC (Allocation Failure) 2020-10-29T08:53:29.203+0000: [ParNew: 16388K->4K(18432K), 0.0026523 secs] 638464K->622080K(896640K), 0.0027028 secs] [Times: user=0.00 sys=0.00, real=0.00 secs] 
2020-10-29T08:53:29.223+0000: [GC (Allocation Failure) 2020-10-29T08:53:29.223+0000: [ParNew: 16388K->4K(18432K), 0.0029502 secs] 638464K->622080K(896640K), 0.0030018 secs] [Times: user=0.01 sys=0.00, real=0.00 secs] 
2020-10-29T08:53:29.244+0000: [GC (Allocation Failure) 2020-10-29T08:53:29.244+0000: [ParNew: 16388K->4K(18432K), 0.0027461 secs] 638464K->622080K(896640K), 0.0027979 secs] [Times: user=0.01 sys=0.00, real=0.00 secs] 
2020-10-29T08:53:29.265+0000: [GC (Allocation Failure) 2020-10-29T08:53:29.265+0000: [ParNew: 16388K->4K(18432K), 0.0028395 secs] 638464K->622080K(896640K), 0.0028935 secs] [Times: user=0.01 sys=0.00, real=0.00 secs] 
2020-10-29T08:53:29.285+0000: [GC (Allocation Failure) 2020-10-29T08:53:29.285+0000: [ParNew: 16388K->4K(18432K), 0.0026987 secs] 638464K->622080K(896640K), 0.0027488 secs] [Times: user=0.01 sys=0.00, real=0.00 secs] 
2020-10-29T08:53:29.306+0000: [GC (Allocation Failure) 2020-10-29T08:53:29.306+0000: [ParNew: 16388K->4K(18432K), 0.0027485 secs] 638464K->622080K(896640K), 0.0028018 secs] [Times: user=0.01 sys=0.00, real=0.00 secs] 
2020-10-29T08:53:29.327+0000: [GC (Allocation Failure) 2020-10-29T08:53:29.327+0000: [ParNew: 16388K->4K(18432K), 0.0026798 secs] 638464K->622080K(896640K), 0.0027302 secs] [Times: user=0.01 sys=0.00, real=0.00 secs] 
2020-10-29T08:53:29.350+0000: [GC (Allocation Failure) 2020-10-29T08:53:29.350+0000: [ParNew: 16388K->4K(18432K), 0.0027932 secs] 638464K->622080K(896640K), 0.0028474 secs] [Times: user=0.00 sys=0.00, real=0.00 secs] 
 CMS: abort preclean due to time 2020-10-29T08:53:29.355+0000: [CMS-concurrent-abortable-preclean: 0.408/5.023 secs] [Times: user=8.81 sys=0.36, real=5.02 secs] 
2020-10-29T08:53:29.356+0000: [GC (CMS Final Remark) [YG occupancy: 1554 K (18432 K)]2020-10-29T08:53:29.356+0000: [Rescan (parallel) , 0.0024779 secs]2020-10-29T08:53:29.358+0000: [weak refs processing, 0.0000922 secs]2020-10-29T08:53:29.358+0000: [class unloading, 0.0108537 secs]2020-10-29T08:53:29.369+0000: [scrub symbol table, 0.0089583 secs]2020-10-29T08:53:29.378+0000: [scrub string table, 0.0006083 secs][1 CMS-remark: 622076K(878208K)] 623631K(896640K), 0.0231209 secs] [Times: user=0.02 sys=0.00, real=0.02 secs] 
2020-10-29T08:53:29.379+0000: [CMS-concurrent-sweep-start]
2020-10-29T08:53:29.399+0000: [GC (Allocation Failure) 2020-10-29T08:53:29.399+0000: [ParNew: 16388K->4K(18432K), 0.0028961 secs] 629308K->612924K(896640K), 0.0029516 secs] [Times: user=0.00 sys=0.00, real=0.00 secs] 
2020-10-29T08:53:29.411+0000: [CMS-concurrent-sweep: 0.022/0.033 secs] [Times: user=0.06 sys=0.00, real=0.04 secs] 
2020-10-29T08:53:29.411+0000: [CMS-concurrent-reset-start]
2020-10-29T08:53:29.413+0000: [CMS-concurrent-reset: 0.002/0.002 secs] [Times: user=0.00 sys=0.00, real=0.00 secs] 
2020-10-29T08:53:29.420+0000: [GC (Allocation Failure) 2020-10-29T08:53:29.420+0000: [ParNew: 16388K->4K(18432K), 0.0028850 secs] 450168K->433784K(896640K), 0.0029274 secs] [Times: user=0.01 sys=0.00, real=0.01 secs] 
2020-10-29T08:53:29.442+0000: [GC (Allocation Failure) 2020-10-29T08:53:29.442+0000: [ParNew: 16388K->4K(18432K), 0.0028020 secs] 450168K->433784K(896640K), 0.0028535 secs] [Times: user=0.01 sys=0.00, real=0.00 secs] 
2020-10-29T08:53:29.462+0000: [GC (Allocation Failure) 2020-10-29T08:53:29.462+0000: [ParNew: 16388K->4K(18432K), 0.0028256 secs] 450168K->433784K(896640K), 0.0028784 secs] [Times: user=0.01 sys=0.00, real=0.00 secs] 
2020-10-29T08:53:29.482+0000: [GC (Allocation Failure) 2020-10-29T08:53:29.482+0000: [ParNew: 16388K->4K(18432K), 0.0028175 secs] 450168K->433784K(896640K), 0.0028730 secs] [Times: user=0.01 sys=0.00, real=0.00 secs] 
2020-10-29T08:53:29.501+0000: [GC (Allocation Failure) 2020-10-29T08:53:29.501+0000: [ParNew: 16388K->4K(18432K), 0.0028180 secs] 450168K->433784K(896640K), 0.0028681 secs] [Times: user=0.01 sys=0.00, real=0.01 secs] 
2020-10-29T08:53:29.522+0000: [GC (Allocation Failure) 2020-10-29T08:53:29.522+0000: [ParNew: 16388K->4K(18432K), 0.0028868 secs] 450168K->433784K(896640K), 0.0029415 secs] [Times: user=0.01 sys=0.00, real=0.00 secs] 
2020-10-29T08:53:29.542+0000: [GC (Allocation Failure) 2020-10-29T08:53:29.542+0000: [ParNew: 16388K->4K(18432K), 0.0029059 secs] 450168K->433784K(896640K), 0.0029615 secs] [Times: user=0.00 sys=0.00, real=0.01 secs] 
2020-10-29T08:53:29.561+0000: [GC (Allocation Failure) 2020-10-29T08:53:29.561+0000: [ParNew: 16388K->4K(18432K), 0.0028975 secs] 450168K->433784K(896640K), 0.0029520 secs] [Times: user=0.00 sys=0.00, real=0.01 secs] 
2020-10-29T08:53:29.581+0000: [GC (Allocation Failure) 2020-10-29T08:53:29.581+0000: [ParNew: 16388K->4K(18432K), 0.0028677 secs] 450168K->433784K(896640K), 0.0029202 secs] [Times: user=0.00 sys=0.00, real=0.01 secs] 
2020-10-29T08:53:29.604+0000: [GC (Allocation Failure) 2020-10-29T08:53:29.604+0000: [ParNew: 16388K->4K(18432K), 0.0028880 secs] 450168K->433784K(896640K), 0.0029427 secs] [Times: user=0.00 sys=0.00, real=0.00 secs] 
2020-10-29T08:53:29.624+0000: [GC (Allocation Failure) 2020-10-29T08:53:29.624+0000: [ParNew: 16388K->4K(18432K), 0.0028928 secs] 450168K->433784K(896640K), 0.0029476 secs] [Times: user=0.01 sys=0.00, real=0.00 secs] 
2020-10-29T08:53:29.646+0000: [GC (Allocation Failure) 2020-10-29T08:53:29.646+0000: [ParNew: 16388K->4K(18432K), 0.0027852 secs] 450168K->433784K(896640K), 0.0028387 secs] [Times: user=0.00 sys=0.00, real=0.00 secs] 
2020-10-29T08:53:29.666+0000: [GC (Allocation Failure) 2020-10-29T08:53:29.666+0000: [ParNew: 16388K->4K(18432K), 0.0027788 secs] 450168K->433784K(896640K), 0.0028278 secs] [Times: user=0.01 sys=0.00, real=0.00 secs] 
2020-10-29T08:53:29.686+0000: [GC (Allocation Failure) 2020-10-29T08:53:29.686+0000: [ParNew: 16388K->4K(18432K), 0.0028131 secs] 450168K->433784K(896640K), 0.0028642 secs] [Times: user=0.00 sys=0.00, real=0.00 secs] 
2020-10-29T08:53:29.709+0000: [GC (Allocation Failure) 2020-10-29T08:53:29.709+0000: [ParNew: 16388K->4K(18432K), 0.0029060 secs] 450168K->433784K(896640K), 0.0029602 secs] [Times: user=0.00 sys=0.00, real=0.01 secs] 
2020-10-29T08:53:29.729+0000: [GC (Allocation Failure) 2020-10-29T08:53:29.729+0000: [ParNew: 16388K->4K(18432K), 0.0028460 secs] 450168K->433784K(896640K), 0.0028984 secs] [Times: user=0.01 sys=0.00, real=0.01 secs] 
2020-10-29T08:53:29.750+0000: [GC (Allocation Failure) 2020-10-29T08:53:29.750+0000: [ParNew: 16388K->4K(18432K), 0.0027134 secs] 450168K->433784K(896640K), 0.0027628 secs] [Times: user=0.01 sys=0.00, real=0.00 secs] 
2020-10-29T08:53:29.769+0000: [GC (Allocation Failure) 2020-10-29T08:53:29.769+0000: [ParNew: 16388K->4K(18432K), 0.0026949 secs] 450168K->433784K(896640K), 0.0027422 secs] [Times: user=0.00 sys=0.00, real=0.01 secs] 
2020-10-29T08:53:29.790+0000: [GC (Allocation Failure) 2020-10-29T08:53:29.790+0000: [ParNew: 16388K->4K(18432K), 0.0028185 secs] 450168K->433784K(896640K), 0.0028700 secs] [Times: user=0.00 sys=0.00, real=0.00 secs] 
2020-10-29T08:53:29.810+0000: [GC (Allocation Failure) 2020-10-29T08:53:29.810+0000: [ParNew: 16388K->4K(18432K), 0.0028456 secs] 450168K->433784K(896640K), 0.0028978 secs] [Times: user=0.01 sys=0.00, real=0.00 secs] 
2020-10-29T08:53:29.822+0000: [GC (Allocation Failure) 2020-10-29T08:53:29.822+0000: [ParNew: 16388K->4K(18432K), 0.0036490 secs] 450168K->441976K(896640K), 0.0036973 secs] [Times: user=0.01 sys=0.00, real=0.00 secs] 
2020-10-29T08:53:29.826+0000: [GC (CMS Initial Mark) [1 CMS-initial-mark: 441972K(878208K)] 442175K(896640K), 0.0012618 secs] [Times: user=0.00 sys=0.00, real=0.00 secs] 
2020-10-29T08:53:29.828+0000: [CMS-concurrent-mark-start]
2020-10-29T08:53:29.851+0000: [GC (Allocation Failure) 2020-10-29T08:53:29.851+0000: [ParNew: 16388K->4K(18432K), 0.0028094 secs] 458360K->441976K(896640K), 0.0028570 secs] [Times: user=0.01 sys=0.00, real=0.00 secs] 
2020-10-29T08:53:29.878+0000: [GC (Allocation Failure) 2020-10-29T08:53:29.878+0000: [ParNew: 16388K->4K(18432K), 0.0027771 secs] 458360K->441976K(896640K), 0.0028314 secs] [Times: user=0.00 sys=0.00, real=0.00 secs] 
2020-10-29T08:53:29.906+0000: [GC (Allocation Failure) 2020-10-29T08:53:29.906+0000: [ParNew: 16388K->4K(18432K), 0.0028215 secs] 458360K->441976K(896640K), 0.0028761 secs] [Times: user=0.01 sys=0.00, real=0.00 secs] 
2020-10-29T08:53:29.928+0000: [GC (Allocation Failure) 2020-10-29T08:53:29.928+0000: [ParNew: 16388K->4K(18432K), 0.0028689 secs] 458360K->441976K(896640K), 0.0029250 secs] [Times: user=0.01 sys=0.00, real=0.01 secs] 
2020-10-29T08:53:29.934+0000: [CMS-concurrent-mark: 0.087/0.106 secs] [Times: user=0.19 sys=0.01, real=0.11 secs] 
2020-10-29T08:53:29.934+0000: [CMS-concurrent-preclean-start]
2020-10-29T08:53:29.936+0000: [CMS-concurrent-preclean: 0.002/0.002 secs] [Times: user=0.01 sys=0.00, real=0.00 secs] 
2020-10-29T08:53:29.936+0000: [CMS-concurrent-abortable-preclean-start]
2020-10-29T08:53:29.950+0000: [GC (Allocation Failure) 2020-10-29T08:53:29.950+0000: [ParNew: 16388K->4K(18432K), 0.0027271 secs] 458360K->441976K(896640K), 0.0027814 secs] [Times: user=0.00 sys=0.00, real=0.01 secs] 
2020-10-29T08:53:29.970+0000: [GC (Allocation Failure) 2020-10-29T08:53:29.970+0000: [ParNew: 16388K->4K(18432K), 0.0028349 secs] 458360K->441976K(896640K), 0.0028890 secs] [Times: user=0.01 sys=0.00, real=0.01 secs] 
2020-10-29T08:53:29.991+0000: [GC (Allocation Failure) 2020-10-29T08:53:29.991+0000: [ParNew: 16388K->4K(18432K), 0.0027764 secs] 458360K->441976K(896640K), 0.0028298 secs] [Times: user=0.00 sys=0.00, real=0.00 secs] 
2020-10-29T08:53:30.014+0000: [GC (Allocation Failure) 2020-10-29T08:53:30.014+0000: [ParNew: 16388K->4K(18432K), 0.0026422 secs] 458360K->441976K(896640K), 0.0026934 secs] [Times: user=0.00 sys=0.00, real=0.00 secs] 
2020-10-29T08:53:30.038+0000: [GC (Allocation Failure) 2020-10-29T08:53:30.038+0000: [ParNew: 16388K->4K(18432K), 0.0024481 secs] 458360K->441976K(896640K), 0.0024948 secs] [Times: user=0.01 sys=0.00, real=0.00 secs] 
2020-10-29T08:53:30.058+0000: [GC (Allocation Failure) 2020-10-29T08:53:30.058+0000: [ParNew: 16388K->4K(18432K), 0.0025824 secs] 458360K->441976K(896640K), 0.0026317 secs] [Times: user=0.01 sys=0.00, real=0.00 secs] 
2020-10-29T08:53:30.082+0000: [GC (Allocation Failure) 2020-10-29T08:53:30.082+0000: [ParNew: 16388K->4K(18432K), 0.0028098 secs] 458360K->441976K(896640K), 0.0028715 secs] [Times: user=0.01 sys=0.00, real=0.01 secs] 
2020-10-29T08:53:30.106+0000: [GC (Allocation Failure) 2020-10-29T08:53:30.106+0000: [ParNew: 16388K->4K(18432K), 0.0026410 secs] 458360K->441976K(896640K), 0.0026917 secs] [Times: user=0.01 sys=0.00, real=0.00 secs] 
2020-10-29T08:53:30.126+0000: [GC (Allocation Failure) 2020-10-29T08:53:30.126+0000: [ParNew: 16388K->4K(18432K), 0.0026815 secs] 458360K->441976K(896640K), 0.0027330 secs] [Times: user=0.01 sys=0.00, real=0.00 secs] 
2020-10-29T08:53:30.142+0000: [GC (Allocation Failure) 2020-10-29T08:53:30.142+0000: [ParNew: 9693K->4K(18432K), 0.0021626 secs] 451666K->441976K(896640K), 0.0022028 secs] [Times: user=0.00 sys=0.00, real=0.00 secs] 
2020-10-29T08:53:30.154+0000: [GC (Allocation Failure) 2020-10-29T08:53:30.154+0000: [ParNew: 16388K->4K(18432K), 0.0031945 secs] 458360K->450168K(896640K), 0.0032388 secs] [Times: user=0.01 sys=0.00, real=0.00 secs] 
2020-10-29T08:53:30.157+0000: [CMS-concurrent-abortable-preclean: 0.021/0.221 secs] [Times: user=0.38 sys=0.03, real=0.22 secs] 
2020-10-29T08:53:30.158+0000: [GC (CMS Final Remark) [YG occupancy: 329 K (18432 K)]2020-10-29T08:53:30.158+0000: [Rescan (parallel) , 0.0017024 secs]2020-10-29T08:53:30.160+0000: [weak refs processing, 0.0000297 secs]2020-10-29T08:53:30.160+0000: [class unloading, 0.0084497 secs]2020-10-29T08:53:30.169+0000: [scrub symbol table, 0.0088993 secs]2020-10-29T08:53:30.177+0000: [scrub string table, 0.0005816 secs][1 CMS-remark: 450164K(878208K)] 450493K(896640K), 0.0197709 secs] [Times: user=0.02 sys=0.00, real=0.02 secs] 
2020-10-29T08:53:30.178+0000: [CMS-concurrent-sweep-start]
2020-10-29T08:53:30.200+0000: [CMS-concurrent-sweep: 0.022/0.022 secs] [Times: user=0.04 sys=0.00, real=0.02 secs] 
2020-10-29T08:53:30.200+0000: [CMS-concurrent-reset-start]
2020-10-29T08:53:30.201+0000: [GC (Allocation Failure) 2020-10-29T08:53:30.201+0000: [ParNew: 16388K->4K(18432K), 0.0028347 secs] 433640K->417256K(896640K), 0.0028756 secs] [Times: user=0.00 sys=0.00, real=0.01 secs] 
2020-10-29T08:53:30.205+0000: [CMS-concurrent-reset: 0.002/0.005 secs] [Times: user=0.01 sys=0.00, real=0.01 secs] 
2020-10-29T08:53:30.221+0000: [GC (Allocation Failure) 2020-10-29T08:53:30.221+0000: [ParNew: 16388K->4K(18432K), 0.0030146 secs] 433640K->417256K(896640K), 0.0030680 secs] [Times: user=0.00 sys=0.00, real=0.01 secs] 
2020-10-29T08:53:30.242+0000: [GC (Allocation Failure) 2020-10-29T08:53:30.242+0000: [ParNew: 16388K->4K(18432K), 0.0029252 secs] 433640K->417256K(896640K), 0.0029810 secs] [Times: user=0.00 sys=0.00, real=0.00 secs] 
2020-10-29T08:53:30.262+0000: [GC (Allocation Failure) 2020-10-29T08:53:30.262+0000: [ParNew: 16388K->4K(18432K), 0.0028700 secs] 433640K->417256K(896640K), 0.0029210 secs] [Times: user=0.01 sys=0.00, real=0.01 secs] 
2020-10-29T08:53:30.281+0000: [GC (Allocation Failure) 2020-10-29T08:53:30.281+0000: [ParNew: 16388K->4K(18432K), 0.0026831 secs] 433640K->417256K(896640K), 0.0027272 secs] [Times: user=0.01 sys=0.00, real=0.01 secs] 
2020-10-29T08:53:30.300+0000: [GC (Allocation Failure) 2020-10-29T08:53:30.300+0000: [ParNew: 16388K->4K(18432K), 0.0025770 secs] 433640K->417256K(896640K), 0.0026210 secs] [Times: user=0.00 sys=0.00, real=0.01 secs] 
2020-10-29T08:53:30.319+0000: [GC (Allocation Failure) 2020-10-29T08:53:30.319+0000: [ParNew: 16388K->4K(18432K), 0.0027523 secs] 433640K->417256K(896640K), 0.0028023 secs] [Times: user=0.00 sys=0.00, real=0.00 secs] 
2020-10-29T08:53:30.338+0000: [GC (Allocation Failure) 2020-10-29T08:53:30.338+0000: [ParNew: 16388K->4K(18432K), 0.0027407 secs] 433640K->417256K(896640K), 0.0027884 secs] [Times: user=0.01 sys=0.00, real=0.00 secs] 
2020-10-29T08:53:30.358+0000: [GC (Allocation Failure) 2020-10-29T08:53:30.358+0000: [ParNew: 16388K->4K(18432K), 0.0025559 secs] 433640K->417256K(896640K), 0.0025994 secs] [Times: user=0.00 sys=0.00, real=0.00 secs] 
2020-10-29T08:53:30.378+0000: [GC (Allocation Failure) 2020-10-29T08:53:30.378+0000: [ParNew: 16388K->4K(18432K), 0.0026940 secs] 433640K->417256K(896640K), 0.0027427 secs] [Times: user=0.01 sys=0.00, real=0.00 secs] 
2020-10-29T08:53:30.398+0000: [GC (Allocation Failure) 2020-10-29T08:53:30.398+0000: [ParNew: 16388K->4K(18432K), 0.0027244 secs] 433640K->417256K(896640K), 0.0027731 secs] [Times: user=0.00 sys=0.00, real=0.00 secs] 
2020-10-29T08:53:30.418+0000: [GC (Allocation Failure) 2020-10-29T08:53:30.418+0000: [ParNew: 16388K->4K(18432K), 0.0028368 secs] 433640K->417256K(896640K), 0.0028890 secs] [Times: user=0.01 sys=0.00, real=0.00 secs] 
2020-10-29T08:53:30.437+0000: [GC (Allocation Failure) 2020-10-29T08:53:30.437+0000: [ParNew: 16388K->4K(18432K), 0.0026234 secs] 433640K->417256K(896640K), 0.0026672 secs] [Times: user=0.01 sys=0.00, real=0.00 secs] 
2020-10-29T08:53:30.458+0000: [GC (Allocation Failure) 2020-10-29T08:53:30.458+0000: [ParNew: 16388K->4K(18432K), 0.0027502 secs] 433640K->417256K(896640K), 0.0027979 secs] [Times: user=0.00 sys=0.00, real=0.00 secs] 
2020-10-29T08:53:30.477+0000: [GC (Allocation Failure) 2020-10-29T08:53:30.478+0000: [ParNew: 16388K->4K(18432K), 0.0027934 secs] 433640K->417256K(896640K), 0.0028434 secs] [Times: user=0.01 sys=0.00, real=0.00 secs] 
2020-10-29T08:53:30.497+0000: [GC (Allocation Failure) 2020-10-29T08:53:30.497+0000: [ParNew: 16388K->4K(18432K), 0.0027380 secs] 433640K->417256K(896640K), 0.0027863 secs] [Times: user=0.01 sys=0.00, real=0.00 secs] 
2020-10-29T08:53:30.516+0000: [GC (Allocation Failure) 2020-10-29T08:53:30.516+0000: [ParNew: 16388K->4K(18432K), 0.0027755 secs] 433640K->417256K(896640K), 0.0028277 secs] [Times: user=0.00 sys=0.00, real=0.00 secs] 
2020-10-29T08:53:30.538+0000: [GC (Allocation Failure) 2020-10-29T08:53:30.538+0000: [ParNew: 16388K->4K(18432K), 0.0028662 secs] 433640K->417256K(896640K), 0.0029170 secs] [Times: user=0.00 sys=0.00, real=0.00 secs] 
2020-10-29T08:53:30.574+0000: [GC (Allocation Failure) 2020-10-29T08:53:30.574+0000: [ParNew: 16388K->4K(18432K), 0.0029354 secs] 433640K->417256K(896640K), 0.0030044 secs] [Times: user=0.00 sys=0.00, real=0.00 secs] 
2020-10-29T08:53:30.610+0000: [GC (Allocation Failure) 2020-10-29T08:53:30.610+0000: [ParNew: 16388K->4K(18432K), 0.0029530 secs] 433640K->417256K(896640K), 0.0030092 secs] [Times: user=0.00 sys=0.00, real=0.00 secs] 
2020-10-29T08:53:30.645+0000: [GC (Allocation Failure) 2020-10-29T08:53:30.645+0000: [ParNew: 16388K->4K(18432K), 0.0029765 secs] 433640K->417256K(896640K), 0.0030326 secs] [Times: user=0.00 sys=0.00, real=0.00 secs] 
2020-10-29T08:53:30.680+0000: [GC (Allocation Failure) 2020-10-29T08:53:30.680+0000: [ParNew: 15637K->4K(18432K), 0.0029670 secs] 432890K->417256K(896640K), 0.0030226 secs] [Times: user=0.01 sys=0.00, real=0.01 secs] 
2020-10-29T08:53:30.700+0000: [GC (Allocation Failure) 2020-10-29T08:53:30.700+0000: [ParNew: 16388K->4K(18432K), 0.0039134 secs] 433640K->425448K(896640K), 0.0039681 secs] [Times: user=0.01 sys=0.00, real=0.01 secs] 
2020-10-29T08:53:30.739+0000: [GC (Allocation Failure) 2020-10-29T08:53:30.739+0000: [ParNew: 16388K->4K(18432K), 0.0029254 secs] 441832K->425450K(896640K), 0.0029790 secs] [Times: user=0.00 sys=0.00, real=0.00 secs] 
2020-10-29T08:53:30.774+0000: [GC (Allocation Failure) 2020-10-29T08:53:30.774+0000: [ParNew: 16375K->4K(18432K), 0.0029264 secs] 441821K->425450K(896640K), 0.0029806 secs] [Times: user=0.01 sys=0.00, real=0.00 secs] 
2020-10-29T08:53:30.808+0000: [GC (Allocation Failure) 2020-10-29T08:53:30.809+0000: [ParNew: 16388K->4K(18432K), 0.0029154 secs] 441834K->425450K(896640K), 0.0029687 secs] [Times: user=0.01 sys=0.00, real=0.01 secs] 
2020-10-29T08:53:30.843+0000: [GC (Allocation Failure) 2020-10-29T08:53:30.843+0000: [ParNew: 16388K->4K(18432K), 0.0029377 secs] 441834K->425450K(896640K), 0.0029930 secs] [Times: user=0.01 sys=0.00, real=0.00 secs] 
2020-10-29T08:53:30.879+0000: [GC (Allocation Failure) 2020-10-29T08:53:30.879+0000: [ParNew: 16388K->4K(18432K), 0.0029037 secs] 441834K->425450K(896640K), 0.0029596 secs] [Times: user=0.00 sys=0.00, real=0.00 secs] 
2020-10-29T08:53:31.239+0000: [GC (Allocation Failure) 2020-10-29T08:53:31.239+0000: [ParNew: 16388K->33K(18432K), 0.0148767 secs] 441834K->425479K(896640K), 0.0149484 secs] [Times: user=0.00 sys=0.00, real=0.02 secs] 
2020-10-29T08:53:31.458+0000: [GC (Allocation Failure) 2020-10-29T08:53:31.458+0000: [ParNew: 16417K->115K(18432K), 0.0063222 secs] 441863K->425562K(896640K), 0.0064009 secs] [Times: user=0.01 sys=0.00, real=0.01 secs] 
2020-10-29T08:53:31.615+0000: [GC (Allocation Failure) 2020-10-29T08:53:31.615+0000: [ParNew: 16499K->26K(18432K), 0.0029717 secs] 441946K->425472K(896640K), 0.0030293 secs] [Times: user=0.01 sys=0.00, real=0.00 secs] 
2020-10-29T08:53:31.682+0000: [GC (Allocation Failure) 2020-10-29T08:53:31.682+0000: [ParNew: 16410K->17K(18432K), 0.0030081 secs] 441856K->425463K(896640K), 0.0030850 secs] [Times: user=0.01 sys=0.00, real=0.00 secs] 
2020-10-29T08:53:31.784+0000: [GC (Allocation Failure) 2020-10-29T08:53:31.784+0000: [ParNew: 16401K->25K(18432K), 0.0030187 secs] 441847K->425471K(896640K), 0.0030959 secs] [Times: user=0.01 sys=0.00, real=0.00 secs] 
2020-10-29T08:53:31.893+0000: [GC (Allocation Failure) 2020-10-29T08:53:31.893+0000: [ParNew: 16409K->16K(18432K), 0.0029970 secs] 441855K->425463K(896640K), 0.0030553 secs] [Times: user=0.01 sys=0.00, real=0.00 secs] 
2020-10-29T08:53:31.950+0000: [GC (Allocation Failure) 2020-10-29T08:53:31.950+0000: [ParNew: 16400K->12K(18432K), 0.0030029 secs] 441847K->425462K(896640K), 0.0030602 secs] [Times: user=0.00 sys=0.00, real=0.00 secs] 
2020-10-29T08:53:31.998+0000: [GC (Allocation Failure) 2020-10-29T08:53:31.998+0000: [ParNew: 16396K->11K(18432K), 0.0030621 secs] 441846K->425472K(896640K), 0.0031222 secs] [Times: user=0.01 sys=0.00, real=0.00 secs] 
2020-10-29T08:53:32.031+0000: [GC (Allocation Failure) 2020-10-29T08:53:32.031+0000: [ParNew: 16395K->4K(18432K), 0.0029426 secs] 441856K->425464K(896640K), 0.0030020 secs] [Times: user=0.01 sys=0.00, real=0.00 secs] 
2020-10-29T08:53:32.057+0000: [GC (Allocation Failure) 2020-10-29T08:53:32.057+0000: [ParNew: 16388K->4K(18432K), 0.0029439 secs] 441848K->425465K(896640K), 0.0030012 secs] [Times: user=0.00 sys=0.00, real=0.00 secs] 
2020-10-29T08:53:32.075+0000: [GC (Allocation Failure) 2020-10-29T08:53:32.075+0000: [ParNew: 16388K->4K(18432K), 0.0028358 secs] 441849K->425465K(896640K), 0.0028881 secs] [Times: user=0.01 sys=0.00, real=0.00 secs] 
2020-10-29T08:53:32.094+0000: [GC (Allocation Failure) 2020-10-29T08:53:32.094+0000: [ParNew: 16388K->4K(18432K), 0.0028928 secs] 441849K->425465K(896640K), 0.0029463 secs] [Times: user=0.01 sys=0.00, real=0.00 secs] 
2020-10-29T08:53:32.114+0000: [GC (Allocation Failure) 2020-10-29T08:53:32.114+0000: [ParNew: 16388K->4K(18432K), 0.0028873 secs] 441849K->425465K(896640K), 0.0029399 secs] [Times: user=0.01 sys=0.00, real=0.00 secs] 
2020-10-29T08:53:32.134+0000: [GC (Allocation Failure) 2020-10-29T08:53:32.134+0000: [ParNew: 16388K->4K(18432K), 0.0028778 secs] 441849K->425465K(896640K), 0.0029306 secs] [Times: user=0.01 sys=0.00, real=0.00 secs] 
2020-10-29T08:53:32.152+0000: [GC (Allocation Failure) 2020-10-29T08:53:32.152+0000: [ParNew: 16388K->4K(18432K), 0.0028952 secs] 441849K->425465K(896640K), 0.0029583 secs] [Times: user=0.00 sys=0.00, real=0.00 secs] 
2020-10-29T08:53:32.170+0000: [GC (Allocation Failure) 2020-10-29T08:53:32.170+0000: [ParNew: 16388K->4K(18432K), 0.0029762 secs] 441849K->425465K(896640K), 0.0030300 secs] [Times: user=0.01 sys=0.00, real=0.01 secs] 
2020-10-29T08:53:32.192+0000: [GC (Allocation Failure) 2020-10-29T08:53:32.192+0000: [ParNew: 16388K->4K(18432K), 0.0029381 secs] 441849K->425465K(896640K), 0.0029931 secs] [Times: user=0.01 sys=0.00, real=0.00 secs] 
2020-10-29T08:53:32.209+0000: [GC (Allocation Failure) 2020-10-29T08:53:32.209+0000: [ParNew: 16388K->4K(18432K), 0.0029418 secs] 441849K->425465K(896640K), 0.0029978 secs] [Times: user=0.00 sys=0.00, real=0.01 secs] 
2020-10-29T08:53:32.227+0000: [GC (Allocation Failure) 2020-10-29T08:53:32.227+0000: [ParNew: 16388K->4K(18432K), 0.0051977 secs] 441849K->425465K(896640K), 0.0052562 secs] [Times: user=0.01 sys=0.00, real=0.01 secs] 
2020-10-29T08:53:32.250+0000: [GC (Allocation Failure) 2020-10-29T08:53:32.250+0000: [ParNew: 16388K->4K(18432K), 0.0029111 secs] 441849K->425465K(896640K), 0.0029666 secs] [Times: user=0.01 sys=0.00, real=0.00 secs] 
2020-10-29T08:53:32.270+0000: [GC (Allocation Failure) 2020-10-29T08:53:32.270+0000: [ParNew: 16388K->4K(18432K), 0.0029849 secs] 441849K->425465K(896640K), 0.0030412 secs] [Times: user=0.01 sys=0.00, real=0.00 secs] 
2020-10-29T08:53:32.288+0000: [GC (Allocation Failure) 2020-10-29T08:53:32.288+0000: [ParNew: 16388K->4K(18432K), 0.0029329 secs] 441849K->425465K(896640K), 0.0029878 secs] [Times: user=0.00 sys=0.00, real=0.01 secs] 
2020-10-29T08:53:32.306+0000: [GC (Allocation Failure) 2020-10-29T08:53:32.306+0000: [ParNew: 16388K->4K(18432K), 0.0028800 secs] 441849K->425465K(896640K), 0.0029317 secs] [Times: user=0.01 sys=0.00, real=0.00 secs] 
2020-10-29T08:53:32.326+0000: [GC (Allocation Failure) 2020-10-29T08:53:32.326+0000: [ParNew: 16388K->4K(18432K), 0.0027158 secs] 441849K->425465K(896640K), 0.0027614 secs] [Times: user=0.00 sys=0.00, real=0.00 secs] 
2020-10-29T08:53:32.344+0000: [GC (Allocation Failure) 2020-10-29T08:53:32.344+0000: [ParNew: 16388K->4K(18432K), 0.0029244 secs] 441849K->425465K(896640K), 0.0029765 secs] [Times: user=0.01 sys=0.00, real=0.00 secs] 
2020-10-29T08:53:32.361+0000: [GC (Allocation Failure) 2020-10-29T08:53:32.361+0000: [ParNew: 16388K->4K(18432K), 0.0029271 secs] 441849K->425465K(896640K), 0.0029830 secs] [Times: user=0.00 sys=0.00, real=0.01 secs] 
2020-10-29T08:53:32.379+0000: [GC (Allocation Failure) 2020-10-29T08:53:32.379+0000: [ParNew: 16388K->4K(18432K), 0.0029132 secs] 441849K->425465K(896640K), 0.0029838 secs] [Times: user=0.01 sys=0.00, real=0.01 secs] 
2020-10-29T08:53:32.397+0000: [GC (Allocation Failure) 2020-10-29T08:53:32.397+0000: [ParNew: 16388K->4K(18432K), 0.0029086 secs] 441849K->425465K(896640K), 0.0029630 secs] [Times: user=0.00 sys=0.00, real=0.00 secs] 
2020-10-29T08:53:32.414+0000: [GC (Allocation Failure) 2020-10-29T08:53:32.414+0000: [ParNew: 16388K->4K(18432K), 0.0027503 secs] 441849K->425465K(896640K), 0.0027967 secs] [Times: user=0.01 sys=0.00, real=0.00 secs] 
2020-10-29T08:53:32.432+0000: [GC (Allocation Failure) 2020-10-29T08:53:32.432+0000: [ParNew: 16388K->4K(18432K), 0.0029037 secs] 441849K->425465K(896640K), 0.0029557 secs] [Times: user=0.00 sys=0.00, real=0.00 secs] 
2020-10-29T08:53:32.450+0000: [GC (Allocation Failure) 2020-10-29T08:53:32.450+0000: [ParNew: 16388K->4K(18432K), 0.0028936 secs] 441849K->425465K(896640K), 0.0029471 secs] [Times: user=0.01 sys=0.00, real=0.00 secs] 
2020-10-29T08:53:32.468+0000: [GC (Allocation Failure) 2020-10-29T08:53:32.468+0000: [ParNew: 16388K->4K(18432K), 0.0029520 secs] 441849K->425465K(896640K), 0.0030092 secs] [Times: user=0.00 sys=0.00, real=0.01 secs] 
2020-10-29T08:53:32.490+0000: [GC (Allocation Failure) 2020-10-29T08:53:32.490+0000: [ParNew: 16388K->4K(18432K), 0.0029494 secs] 441849K->425465K(896640K), 0.0030038 secs] [Times: user=0.01 sys=0.00, real=0.01 secs] 
2020-10-29T08:53:32.510+0000: [GC (Allocation Failure) 2020-10-29T08:53:32.510+0000: [ParNew: 16388K->4K(18432K), 0.0028826 secs] 441849K->425465K(896640K), 0.0029331 secs] [Times: user=0.00 sys=0.00, real=0.00 secs] 
2020-10-29T08:53:32.528+0000: [GC (Allocation Failure) 2020-10-29T08:53:32.528+0000: [ParNew: 16388K->4K(18432K), 0.0029016 secs] 441849K->425465K(896640K), 0.0029546 secs] [Times: user=0.00 sys=0.00, real=0.01 secs] 
2020-10-29T08:53:32.546+0000: [GC (Allocation Failure) 2020-10-29T08:53:32.546+0000: [ParNew: 16388K->4K(18432K), 0.0029437 secs] 441849K->425465K(896640K), 0.0029986 secs] [Times: user=0.01 sys=0.00, real=0.00 secs] 
2020-10-29T08:53:32.564+0000: [GC (Allocation Failure) 2020-10-29T08:53:32.564+0000: [ParNew: 16388K->2K(18432K), 0.0048833 secs] 441849K->425463K(896640K), 0.0049534 secs] [Times: user=0.00 sys=0.00, real=0.00 secs] 
2020-10-29T08:53:32.587+0000: [GC (Allocation Failure) 2020-10-29T08:53:32.587+0000: [ParNew: 16386K->4K(18432K), 0.0029205 secs] 441847K->425465K(896640K), 0.0029712 secs] [Times: user=0.01 sys=0.00, real=0.01 secs] 
2020-10-29T08:53:32.606+0000: [GC (Allocation Failure) 2020-10-29T08:53:32.606+0000: [ParNew: 16388K->4K(18432K), 0.0028840 secs] 441849K->425465K(896640K), 0.0029354 secs] [Times: user=0.00 sys=0.00, real=0.00 secs] 
2020-10-29T08:53:32.626+0000: [GC (Allocation Failure) 2020-10-29T08:53:32.626+0000: [ParNew: 16388K->4K(18432K), 0.0028623 secs] 441849K->425465K(896640K), 0.0029366 secs] [Times: user=0.01 sys=0.00, real=0.00 secs] 
2020-10-29T08:53:32.644+0000: [GC (Allocation Failure) 2020-10-29T08:53:32.644+0000: [ParNew: 16388K->4K(18432K), 0.0029406 secs] 441849K->425465K(896640K), 0.0029951 secs] [Times: user=0.00 sys=0.00, real=0.00 secs] 
2020-10-29T08:53:32.662+0000: [GC (Allocation Failure) 2020-10-29T08:53:32.662+0000: [ParNew: 16388K->4K(18432K), 0.0029199 secs] 441849K->425465K(896640K), 0.0029748 secs] [Times: user=0.01 sys=0.00, real=0.01 secs] 
2020-10-29T08:53:32.682+0000: [GC (Allocation Failure) 2020-10-29T08:53:32.682+0000: [ParNew: 16388K->4K(18432K), 0.0028761 secs] 441849K->425465K(896640K), 0.0029287 secs] [Times: user=0.01 sys=0.00, real=0.00 secs] 
2020-10-29T08:53:32.702+0000: [GC (Allocation Failure) 2020-10-29T08:53:32.702+0000: [ParNew: 16388K->4K(18432K), 0.0028383 secs] 441849K->425465K(896640K), 0.0028883 secs] [Times: user=0.00 sys=0.00, real=0.00 secs] 
2020-10-29T08:53:32.720+0000: [GC (Allocation Failure) 2020-10-29T08:53:32.720+0000: [ParNew: 16388K->4K(18432K), 0.0029022 secs] 441849K->425465K(896640K), 0.0029554 secs] [Times: user=0.01 sys=0.00, real=0.01 secs] 
2020-10-29T08:53:32.746+0000: [GC (Allocation Failure) 2020-10-29T08:53:32.746+0000: [ParNew: 16388K->4K(18432K), 0.0028866 secs] 441849K->425465K(896640K), 0.0029632 secs] [Times: user=0.01 sys=0.00, real=0.00 secs] 
2020-10-29T08:53:32.764+0000: [GC (Allocation Failure) 2020-10-29T08:53:32.764+0000: [ParNew: 16388K->4K(18432K), 0.0028371 secs] 441849K->425465K(896640K), 0.0028873 secs] [Times: user=0.01 sys=0.00, real=0.00 secs] 
2020-10-29T08:53:32.781+0000: [GC (Allocation Failure) 2020-10-29T08:53:32.782+0000: [ParNew: 16388K->4K(18432K), 0.0028412 secs] 441849K->425465K(896640K), 0.0028917 secs] [Times: user=0.00 sys=0.00, real=0.01 secs] 
2020-10-29T08:53:32.799+0000: [GC (Allocation Failure) 2020-10-29T08:53:32.799+0000: [ParNew: 16388K->4K(18432K), 0.0028582 secs] 441849K->425465K(896640K), 0.0029081 secs] [Times: user=0.01 sys=0.00, real=0.00 secs] 
2020-10-29T08:53:32.817+0000: [GC (Allocation Failure) 2020-10-29T08:53:32.817+0000: [ParNew: 16388K->4K(18432K), 0.0028554 secs] 441849K->425465K(896640K), 0.0029062 secs] [Times: user=0.00 sys=0.00, real=0.00 secs] 
2020-10-29T08:53:32.834+0000: [GC (Allocation Failure) 2020-10-29T08:53:32.834+0000: [ParNew: 16388K->4K(18432K), 0.0027023 secs] 441849K->425465K(896640K), 0.0027496 secs] [Times: user=0.01 sys=0.00, real=0.00 secs] 
2020-10-29T08:53:32.852+0000: [GC (Allocation Failure) 2020-10-29T08:53:32.852+0000: [ParNew: 16388K->4K(18432K), 0.0028102 secs] 441849K->425465K(896640K), 0.0028582 secs] [Times: user=0.00 sys=0.00, real=0.00 secs] 
2020-10-29T08:53:32.869+0000: [GC (Allocation Failure) 2020-10-29T08:53:32.869+0000: [ParNew: 16388K->4K(18432K), 0.0028133 secs] 441849K->425465K(896640K), 0.0028730 secs] [Times: user=0.01 sys=0.00, real=0.01 secs] 
2020-10-29T08:53:32.887+0000: [GC (Allocation Failure) 2020-10-29T08:53:32.887+0000: [ParNew: 16388K->4K(18432K), 0.0029321 secs] 441849K->425465K(896640K), 0.0029864 secs] [Times: user=0.00 sys=0.00, real=0.00 secs] 
2020-10-29T08:53:32.906+0000: [GC (Allocation Failure) 2020-10-29T08:53:32.906+0000: [ParNew: 16388K->4K(18432K), 0.0028923 secs] 441849K->425465K(896640K), 0.0029447 secs] [Times: user=0.01 sys=0.00, real=0.00 secs] 
2020-10-29T08:53:32.924+0000: [GC (Allocation Failure) 2020-10-29T08:53:32.924+0000: [ParNew: 16388K->4K(18432K), 0.0027542 secs] 441849K->425465K(896640K), 0.0027987 secs] [Times: user=0.01 sys=0.00, real=0.00 secs] 
2020-10-29T08:53:32.941+0000: [GC (Allocation Failure) 2020-10-29T08:53:32.941+0000: [ParNew: 16388K->4K(18432K), 0.0028632 secs] 441849K->425465K(896640K), 0.0029121 secs] [Times: user=0.00 sys=0.00, real=0.01 secs] 
2020-10-29T08:53:32.964+0000: [GC (Allocation Failure) 2020-10-29T08:53:32.964+0000: [ParNew: 16388K->4K(18432K), 0.0029540 secs] 441849K->425465K(896640K), 0.0029995 secs] [Times: user=0.01 sys=0.00, real=0.00 secs] 
2020-10-29T08:53:33.010+0000: [GC (Allocation Failure) 2020-10-29T08:53:33.010+0000: [ParNew: 16388K->4K(18432K), 0.0029274 secs] 441849K->425465K(896640K), 0.0030017 secs] [Times: user=0.01 sys=0.00, real=0.01 secs] 
2020-10-29T08:53:33.033+0000: [GC (Allocation Failure) 2020-10-29T08:53:33.033+0000: [ParNew: 16388K->4K(18432K), 0.0028674 secs] 441849K->425465K(896640K), 0.0029194 secs] [Times: user=0.01 sys=0.00, real=0.00 secs] 
2020-10-29T08:53:33.053+0000: [GC (Allocation Failure) 2020-10-29T08:53:33.053+0000: [ParNew: 16388K->4K(18432K), 0.0028855 secs] 441849K->425465K(896640K), 0.0029376 secs] [Times: user=0.00 sys=0.00, real=0.00 secs] 
2020-10-29T08:53:33.073+0000: [GC (Allocation Failure) 2020-10-29T08:53:33.073+0000: [ParNew: 16388K->4K(18432K), 0.0028999 secs] 441849K->425465K(896640K), 0.0029507 secs] [Times: user=0.00 sys=0.00, real=0.00 secs] 
2020-10-29T08:53:33.093+0000: [GC (Allocation Failure) 2020-10-29T08:53:33.093+0000: [ParNew: 16388K->4K(18432K), 0.0029160 secs] 441849K->425465K(896640K), 0.0029686 secs] [Times: user=0.01 sys=0.00, real=0.00 secs] 
2020-10-29T08:53:33.113+0000: [GC (Allocation Failure) 2020-10-29T08:53:33.113+0000: [ParNew: 16388K->4K(18432K), 0.0029209 secs] 441849K->425467K(896640K), 0.0029737 secs] [Times: user=0.00 sys=0.00, real=0.00 secs] 
2020-10-29T08:53:33.134+0000: [GC (Allocation Failure) 2020-10-29T08:53:33.134+0000: [ParNew: 16388K->4K(18432K), 0.0027529 secs] 441851K->425467K(896640K), 0.0028002 secs] [Times: user=0.00 sys=0.00, real=0.00 secs] 
2020-10-29T08:53:33.154+0000: [GC (Allocation Failure) 2020-10-29T08:53:33.154+0000: [ParNew: 16388K->4K(18432K), 0.0028356 secs] 441851K->425467K(896640K), 0.0028856 secs] [Times: user=0.01 sys=0.00, real=0.00 secs] 
2020-10-29T08:53:33.174+0000: [GC (Allocation Failure) 2020-10-29T08:53:33.174+0000: [ParNew: 16388K->4K(18432K), 0.0029086 secs] 441851K->425467K(896640K), 0.0029619 secs] [Times: user=0.01 sys=0.00, real=0.00 secs] 
2020-10-29T08:53:33.194+0000: [GC (Allocation Failure) 2020-10-29T08:53:33.194+0000: [ParNew: 16388K->2K(18432K), 0.0028467 secs] 441851K->425465K(896640K), 0.0028972 secs] [Times: user=0.00 sys=0.00, real=0.00 secs] 
2020-10-29T08:53:33.775+0000: [GC (Allocation Failure) 2020-10-29T08:53:33.775+0000: [ParNew: 16386K->1508K(18432K), 0.0043811 secs] 441849K->426971K(896640K), 0.0044341 secs] [Times: user=0.01 sys=0.00, real=0.00 secs] 
2020-10-29T08:53:33.828+0000: [GC (Allocation Failure) 2020-10-29T08:53:33.828+0000: [ParNew: 17892K->312K(18432K), 0.0046999 secs] 443355K->427116K(896640K), 0.0047555 secs] [Times: user=0.01 sys=0.00, real=0.01 secs] 
2020-10-29T08:53:33.857+0000: [GC (Allocation Failure) 2020-10-29T08:53:33.857+0000: [ParNew: 16696K->689K(18432K), 0.0030463 secs] 443500K->427493K(896640K), 0.0030908 secs] [Times: user=0.00 sys=0.00, real=0.00 secs] 
2020-10-29T08:53:33.886+0000: [GC (Allocation Failure) 2020-10-29T08:53:33.886+0000: [ParNew: 17073K->796K(18432K), 0.0030274 secs] 443877K->427599K(896640K), 0.0030983 secs] [Times: user=0.01 sys=0.00, real=0.00 secs] 
2020-10-29T08:53:33.914+0000: [GC (Allocation Failure) 2020-10-29T08:53:33.914+0000: [ParNew: 17180K->794K(18432K), 0.0029593 secs] 443983K->427598K(896640K), 0.0030286 secs] [Times: user=0.00 sys=0.00, real=0.00 secs] 
2020-10-29T08:53:33.941+0000: [GC (Allocation Failure) 2020-10-29T08:53:33.941+0000: [ParNew: 17178K->1566K(18432K), 0.0029894 secs] 443982K->428370K(896640K), 0.0030404 secs] [Times: user=0.00 sys=0.00, real=0.01 secs] 
2020-10-29T08:53:33.963+0000: [GC (Allocation Failure) 2020-10-29T08:53:33.963+0000: [ParNew: 17950K->7K(18432K), 0.0029750 secs] 444754K->427853K(896640K), 0.0030235 secs] [Times: user=0.01 sys=0.00, real=0.00 secs] 
2020-10-29T08:53:33.984+0000: [GC (Allocation Failure) 2020-10-29T08:53:33.984+0000: [ParNew: 16391K->4K(18432K), 0.0029676 secs] 444237K->427850K(896640K), 0.0030236 secs] [Times: user=0.00 sys=0.00, real=0.00 secs] 
2020-10-29T08:53:34.010+0000: [GC (Allocation Failure) 2020-10-29T08:53:34.010+0000: [ParNew: 16388K->4K(18432K), 0.0028551 secs] 444234K->427850K(896640K), 0.0029067 secs] [Times: user=0.00 sys=0.00, real=0.00 secs] 
2020-10-29T08:53:34.036+0000: [GC (Allocation Failure) 2020-10-29T08:53:34.036+0000: [ParNew: 16388K->1028K(18432K), 0.0030762 secs] 444234K->429898K(896640K), 0.0031269 secs] [Times: user=0.01 sys=0.00, real=0.00 secs] 
2020-10-29T08:53:34.062+0000: [GC (Allocation Failure) 2020-10-29T08:53:34.062+0000: [ParNew: 17412K->1028K(18432K), 0.0031688 secs] 446282K->430922K(896640K), 0.0032222 secs] [Times: user=0.00 sys=0.00, real=0.00 secs] 
2020-10-29T08:53:34.102+0000: [GC (Allocation Failure) 2020-10-29T08:53:34.102+0000: [ParNew: 17412K->4K(18432K), 0.0029074 secs] 447306K->429898K(896640K), 0.0029810 secs] [Times: user=0.00 sys=0.00, real=0.00 secs] 
2020-10-29T08:53:34.142+0000: [GC (Allocation Failure) 2020-10-29T08:53:34.142+0000: [ParNew: 16388K->4K(18432K), 0.0029421 secs] 446282K->429898K(896640K), 0.0030105 secs] [Times: user=0.01 sys=0.00, real=0.01 secs] 
2020-10-29T08:53:34.193+0000: [GC (Allocation Failure) 2020-10-29T08:53:34.193+0000: [ParNew: 16388K->4K(18432K), 0.0028643 secs] 446282K->429898K(896640K), 0.0029165 secs] [Times: user=0.01 sys=0.00, real=0.00 secs] 
2020-10-29T08:53:34.220+0000: [GC (Allocation Failure) 2020-10-29T08:53:34.220+0000: [ParNew: 16388K->4K(18432K), 0.0027598 secs] 446282K->429898K(896640K), 0.0028085 secs] [Times: user=0.01 sys=0.00, real=0.01 secs] 
2020-10-29T08:53:34.247+0000: [GC (Allocation Failure) 2020-10-29T08:53:34.247+0000: [ParNew: 16388K->4K(18432K), 0.0028703 secs] 446282K->429898K(896640K), 0.0029237 secs] [Times: user=0.00 sys=0.00, real=0.00 secs] 
2020-10-29T08:53:34.285+0000: [GC (Allocation Failure) 2020-10-29T08:53:34.285+0000: [ParNew: 16388K->4K(18432K), 0.0029249 secs] 446282K->429898K(896640K), 0.0030005 secs] [Times: user=0.01 sys=0.00, real=0.00 secs] 
2020-10-29T08:53:34.329+0000: [GC (Allocation Failure) 2020-10-29T08:53:34.329+0000: [ParNew: 16388K->4K(18432K), 0.0029674 secs] 446282K->429898K(896640K), 0.0030418 secs] [Times: user=0.01 sys=0.00, real=0.01 secs] 
2020-10-29T08:53:34.371+0000: [GC (Allocation Failure) 2020-10-29T08:53:34.371+0000: [ParNew: 16388K->4K(18432K), 0.0032941 secs] 446282K->431946K(896640K), 0.0033703 secs] [Times: user=0.01 sys=0.00, real=0.00 secs] 
2020-10-29T08:53:34.409+0000: [GC (Allocation Failure) 2020-10-29T08:53:34.409+0000: [ParNew: 16388K->4K(18432K), 0.0030978 secs] 448330K->431946K(896640K), 0.0031704 secs] [Times: user=0.01 sys=0.00, real=0.01 secs] 
2020-10-29T08:53:34.452+0000: [GC (Allocation Failure) 2020-10-29T08:53:34.452+0000: [ParNew: 16388K->4K(18432K), 0.0110266 secs] 448330K->433994K(896640K), 0.0111034 secs] [Times: user=0.02 sys=0.00, real=0.01 secs] 
2020-10-29T08:53:34.492+0000: [GC (Allocation Failure) 2020-10-29T08:53:34.492+0000: [ParNew: 16388K->4K(18432K), 0.0055933 secs] 450378K->433994K(896640K), 0.0056645 secs] [Times: user=0.01 sys=0.00, real=0.00 secs] 
2020-10-29T08:53:34.526+0000: [GC (Allocation Failure) 2020-10-29T08:53:34.526+0000: [ParNew: 16388K->4K(18432K), 0.0029203 secs] 450378K->433994K(896640K), 0.0029762 secs] [Times: user=0.00 sys=0.00, real=0.00 secs] 
2020-10-29T08:53:34.569+0000: [GC (Allocation Failure) 2020-10-29T08:53:34.569+0000: [ParNew: 16388K->4K(18432K), 0.0029577 secs] 450378K->433994K(896640K), 0.0030390 secs] [Times: user=0.00 sys=0.00, real=0.01 secs] 
2020-10-29T08:53:34.609+0000: [GC (Allocation Failure) 2020-10-29T08:53:34.609+0000: [ParNew: 16388K->4K(18432K), 0.0029404 secs] 450378K->433994K(896640K), 0.0029948 secs] [Times: user=0.01 sys=0.00, real=0.01 secs] 
2020-10-29T08:53:34.636+0000: [GC (Allocation Failure) 2020-10-29T08:53:34.636+0000: [ParNew: 16388K->4K(18432K), 0.0029348 secs] 450378K->433994K(896640K), 0.0030076 secs] [Times: user=0.01 sys=0.00, real=0.00 secs] 
2020-10-29T08:53:34.663+0000: [GC (Allocation Failure) 2020-10-29T08:53:34.663+0000: [ParNew: 16388K->4K(18432K), 0.0028848 secs] 450378K->433994K(896640K), 0.0029593 secs] [Times: user=0.00 sys=0.00, real=0.00 secs] 
2020-10-29T08:53:34.690+0000: [GC (Allocation Failure) 2020-10-29T08:53:34.690+0000: [ParNew: 16388K->4K(18432K), 0.0028356 secs] 450378K->433994K(896640K), 0.0028866 secs] [Times: user=0.00 sys=0.00, real=0.00 secs] 
2020-10-29T08:53:34.716+0000: [GC (Allocation Failure) 2020-10-29T08:53:34.716+0000: [ParNew: 16388K->4K(18432K), 0.0028761 secs] 450378K->433994K(896640K), 0.0029493 secs] [Times: user=0.00 sys=0.00, real=0.00 secs] 
2020-10-29T08:53:34.741+0000: [GC (Allocation Failure) 2020-10-29T08:53:34.741+0000: [ParNew: 16388K->4K(18432K), 0.0029263 secs] 450378K->433994K(896640K), 0.0030030 secs] [Times: user=0.00 sys=0.00, real=0.01 secs] 
2020-10-29T08:53:34.780+0000: [GC (Allocation Failure) 2020-10-29T08:53:34.780+0000: [ParNew: 16388K->4K(18432K), 0.0039630 secs] 450378K->433994K(896640K), 0.0040309 secs] [Times: user=0.01 sys=0.00, real=0.01 secs] 
2020-10-29T08:53:34.824+0000: [GC (Allocation Failure) 2020-10-29T08:53:34.824+0000: [ParNew: 16388K->4K(18432K), 0.0029833 secs] 450378K->433994K(896640K), 0.0030567 secs] [Times: user=0.00 sys=0.00, real=0.00 secs] 
2020-10-29T08:53:34.863+0000: [GC (Allocation Failure) 2020-10-29T08:53:34.863+0000: [ParNew: 16388K->4K(18432K), 0.0029253 secs] 450378K->433994K(896640K), 0.0030029 secs] [Times: user=0.00 sys=0.00, real=0.00 secs] 
2020-10-29T08:53:34.901+0000: [GC (Allocation Failure) 2020-10-29T08:53:34.901+0000: [ParNew: 13634K->4K(18432K), 0.0029485 secs] 447625K->433994K(896640K), 0.0030231 secs] [Times: user=0.01 sys=0.00, real=0.01 secs] 
2020-10-29T08:53:34.928+0000: [GC (Allocation Failure) 2020-10-29T08:53:34.929+0000: [ParNew: 16388K->4K(18432K), 0.0037062 secs] 450378K->438091K(896640K), 0.0037821 secs] [Times: user=0.01 sys=0.00, real=0.01 secs] 
2020-10-29T08:53:34.970+0000: [GC (Allocation Failure) 2020-10-29T08:53:34.970+0000: [ParNew: 16388K->4K(18432K), 0.0029524 secs] 454475K->438091K(896640K), 0.0030265 secs] [Times: user=0.01 sys=0.00, real=0.01 secs] 
2020-10-29T08:53:34.999+0000: [GC (Allocation Failure) 2020-10-29T08:53:34.999+0000: [ParNew: 16388K->4K(18432K), 0.0029182 secs] 454475K->438091K(896640K), 0.0029718 secs] [Times: user=0.01 sys=0.00, real=0.00 secs] 
2020-10-29T08:53:35.022+0000: [GC (Allocation Failure) 2020-10-29T08:53:35.022+0000: [ParNew: 16388K->4K(18432K), 0.0028177 secs] 454475K->438091K(896640K), 0.0028673 secs] [Times: user=0.00 sys=0.00, real=0.00 secs] 
2020-10-29T08:53:35.042+0000: [GC (Allocation Failure) 2020-10-29T08:53:35.042+0000: [ParNew: 16388K->4K(18432K), 0.0027952 secs] 454475K->438091K(896640K), 0.0028440 secs] [Times: user=0.01 sys=0.00, real=0.00 secs] 
2020-10-29T08:53:35.061+0000: [GC (Allocation Failure) 2020-10-29T08:53:35.062+0000: [ParNew: 16388K->4K(18432K), 0.0027714 secs] 454475K->438091K(896640K), 0.0028200 secs] [Times: user=0.01 sys=0.00, real=0.01 secs] 
2020-10-29T08:53:35.082+0000: [GC (Allocation Failure) 2020-10-29T08:53:35.082+0000: [ParNew: 16388K->4K(18432K), 0.0028647 secs] 454475K->438091K(896640K), 0.0029133 secs] [Times: user=0.01 sys=0.00, real=0.00 secs] 
2020-10-29T08:53:35.102+0000: [GC (Allocation Failure) 2020-10-29T08:53:35.102+0000: [ParNew: 16388K->4K(18432K), 0.0034401 secs] 454475K->442187K(896640K), 0.0034884 secs] [Times: user=0.01 sys=0.00, real=0.01 secs] 
2020-10-29T08:53:35.122+0000: [GC (Allocation Failure) 2020-10-29T08:53:35.122+0000: [ParNew: 16388K->4K(18432K), 0.0028923 secs] 458571K->442187K(896640K), 0.0029441 secs] [Times: user=0.01 sys=0.00, real=0.01 secs] 
2020-10-29T08:53:35.141+0000: [GC (Allocation Failure) 2020-10-29T08:53:35.141+0000: [ParNew: 16388K->4K(18432K), 0.0029186 secs] 458571K->442187K(896640K), 0.0029734 secs] [Times: user=0.01 sys=0.00, real=0.01 secs] 
2020-10-29T08:53:35.162+0000: [GC (Allocation Failure) 2020-10-29T08:53:35.162+0000: [ParNew: 16388K->4K(18432K), 0.0028279 secs] 458571K->442187K(896640K), 0.0028783 secs] [Times: user=0.01 sys=0.00, real=0.00 secs] 
2020-10-29T08:53:35.182+0000: [GC (Allocation Failure) 2020-10-29T08:53:35.182+0000: [ParNew: 16388K->4K(18432K), 0.0026168 secs] 458571K->442187K(896640K), 0.0026609 secs] [Times: user=0.00 sys=0.00, real=0.00 secs] 
2020-10-29T08:53:35.201+0000: [GC (Allocation Failure) 2020-10-29T08:53:35.201+0000: [ParNew: 16388K->4K(18432K), 0.0025335 secs] 458571K->442187K(896640K), 0.0025773 secs] [Times: user=0.01 sys=0.00, real=0.01 secs] 
2020-10-29T08:53:35.220+0000: [GC (Allocation Failure) 2020-10-29T08:53:35.220+0000: [ParNew: 16388K->4K(18432K), 0.0026904 secs] 458571K->442187K(896640K), 0.0027356 secs] [Times: user=0.01 sys=0.00, real=0.01 secs] 
2020-10-29T08:53:35.242+0000: [GC (Allocation Failure) 2020-10-29T08:53:35.242+0000: [ParNew: 16388K->4K(18432K), 0.0026329 secs] 458571K->442187K(896640K), 0.0026784 secs] [Times: user=0.00 sys=0.00, real=0.00 secs] 
2020-10-29T08:53:35.261+0000: [GC (Allocation Failure) 2020-10-29T08:53:35.261+0000: [ParNew: 16388K->4K(18432K), 0.0026863 secs] 458571K->442187K(896640K), 0.0027330 secs] [Times: user=0.01 sys=0.00, real=0.01 secs] 
2020-10-29T08:53:35.280+0000: [GC (Allocation Failure) 2020-10-29T08:53:35.280+0000: [ParNew: 16388K->4K(18432K), 0.0028669 secs] 458571K->442187K(896640K), 0.0029173 secs] [Times: user=0.01 sys=0.00, real=0.01 secs] 
2020-10-29T08:53:35.302+0000: [GC (Allocation Failure) 2020-10-29T08:53:35.302+0000: [ParNew: 16388K->4K(18432K), 0.0028158 secs] 458571K->442187K(896640K), 0.0028666 secs] [Times: user=0.01 sys=0.00, real=0.00 secs] 
2020-10-29T08:53:35.321+0000: [GC (Allocation Failure) 2020-10-29T08:53:35.321+0000: [ParNew: 16388K->4K(18432K), 0.0027944 secs] 458571K->442187K(896640K), 0.0028407 secs] [Times: user=0.01 sys=0.00, real=0.01 secs] 
2020-10-29T08:53:35.342+0000: [GC (Allocation Failure) 2020-10-29T08:53:35.342+0000: [ParNew: 16388K->4K(18432K), 0.0026821 secs] 458571K->442187K(896640K), 0.0027284 secs] [Times: user=0.01 sys=0.00, real=0.00 secs] 
2020-10-29T08:53:35.361+0000: [GC (Allocation Failure) 2020-10-29T08:53:35.361+0000: [ParNew: 16388K->4K(18432K), 0.0027542 secs] 458571K->442187K(896640K), 0.0028010 secs] [Times: user=0.00 sys=0.00, real=0.01 secs] 
2020-10-29T08:53:35.380+0000: [GC (Allocation Failure) 2020-10-29T08:53:35.380+0000: [ParNew: 16388K->4K(18432K), 0.0025929 secs] 458571K->442187K(896640K), 0.0026358 secs] [Times: user=0.01 sys=0.00, real=0.01 secs] 
2020-10-29T08:53:35.399+0000: [GC (Allocation Failure) 2020-10-29T08:53:35.399+0000: [ParNew: 16388K->4K(18432K), 0.0026908 secs] 458571K->442187K(896640K), 0.0027382 secs] [Times: user=0.01 sys=0.00, real=0.00 secs] 
2020-10-29T08:53:35.422+0000: [GC (Allocation Failure) 2020-10-29T08:53:35.422+0000: [ParNew: 16388K->4K(18432K), 0.0028746 secs] 458571K->442187K(896640K), 0.0029270 secs] [Times: user=0.01 sys=0.00, real=0.01 secs] 
2020-10-29T08:53:35.441+0000: [GC (Allocation Failure) 2020-10-29T08:53:35.441+0000: [ParNew: 16388K->4K(18432K), 0.0027924 secs] 458571K->442187K(896640K), 0.0028424 secs] [Times: user=0.01 sys=0.00, real=0.01 secs] 
2020-10-29T08:53:35.460+0000: [GC (Allocation Failure) 2020-10-29T08:53:35.460+0000: [ParNew: 16388K->4K(18432K), 0.0028035 secs] 458571K->442187K(896640K), 0.0028602 secs] [Times: user=0.00 sys=0.00, real=0.01 secs] 
2020-10-29T08:53:35.480+0000: [GC (Allocation Failure) 2020-10-29T08:53:35.480+0000: [ParNew: 16388K->4K(18432K), 0.0027611 secs] 458571K->442187K(896640K), 0.0028078 secs] [Times: user=0.00 sys=0.00, real=0.01 secs] 
2020-10-29T08:53:35.502+0000: [GC (Allocation Failure) 2020-10-29T08:53:35.502+0000: [ParNew: 16388K->4K(18432K), 0.0027714 secs] 458571K->442187K(896640K), 0.0028186 secs] [Times: user=0.00 sys=0.00, real=0.00 secs] 
2020-10-29T08:53:35.522+0000: [GC (Allocation Failure) 2020-10-29T08:53:35.522+0000: [ParNew: 16388K->4K(18432K), 0.0071749 secs] 458571K->442187K(896640K), 0.0072339 secs] [Times: user=0.01 sys=0.00, real=0.01 secs] 
2020-10-29T08:53:35.546+0000: [GC (Allocation Failure) 2020-10-29T08:53:35.546+0000: [ParNew: 16388K->4K(18432K), 0.0028970 secs] 458571K->442187K(896640K), 0.0029507 secs] [Times: user=0.01 sys=0.00, real=0.00 secs] 
2020-10-29T08:53:35.566+0000: [GC (Allocation Failure) 2020-10-29T08:53:35.566+0000: [ParNew: 16388K->4K(18432K), 0.0028734 secs] 458571K->442187K(896640K), 0.0029251 secs] [Times: user=0.01 sys=0.00, real=0.00 secs] 
2020-10-29T08:53:35.585+0000: [GC (Allocation Failure) 2020-10-29T08:53:35.585+0000: [ParNew: 16388K->4K(18432K), 0.0028819 secs] 458571K->442187K(896640K), 0.0029311 secs] [Times: user=0.00 sys=0.00, real=0.00 secs] 
2020-10-29T08:53:35.605+0000: [GC (Allocation Failure) 2020-10-29T08:53:35.605+0000: [ParNew: 16388K->4K(18432K), 0.0028676 secs] 458571K->442187K(896640K), 0.0029146 secs] [Times: user=0.00 sys=0.00, real=0.00 secs] 
2020-10-29T08:53:35.625+0000: [GC (Allocation Failure) 2020-10-29T08:53:35.625+0000: [ParNew: 16388K->4K(18432K), 0.0029152 secs] 458571K->442187K(896640K), 0.0029698 secs] [Times: user=0.00 sys=0.00, real=0.00 secs] 
2020-10-29T08:53:35.646+0000: [GC (Allocation Failure) 2020-10-29T08:53:35.646+0000: [ParNew: 16388K->4K(18432K), 0.0028389 secs] 458571K->442187K(896640K), 0.0028894 secs] [Times: user=0.00 sys=0.00, real=0.00 secs] 
2020-10-29T08:53:35.666+0000: [GC (Allocation Failure) 2020-10-29T08:53:35.666+0000: [ParNew: 16388K->4K(18432K), 0.0028043 secs] 458571K->442187K(896640K), 0.0028543 secs] [Times: user=0.01 sys=0.00, real=0.00 secs] 
2020-10-29T08:53:35.686+0000: [GC (Allocation Failure) 2020-10-29T08:53:35.686+0000: [ParNew: 16388K->4K(18432K), 0.0029297 secs] 458571K->442187K(896640K), 0.0029817 secs] [Times: user=0.00 sys=0.00, real=0.00 secs] 
2020-10-29T08:53:35.706+0000: [GC (Allocation Failure) 2020-10-29T08:53:35.706+0000: [ParNew: 16388K->4K(18432K), 0.0027779 secs] 458571K->442187K(896640K), 0.0028251 secs] [Times: user=0.01 sys=0.00, real=0.00 secs] 
2020-10-29T08:53:35.725+0000: [GC (Allocation Failure) 2020-10-29T08:53:35.725+0000: [ParNew: 16388K->4K(18432K), 0.0026268 secs] 458571K->442187K(896640K), 0.0026713 secs] [Times: user=0.01 sys=0.00, real=0.00 secs] 
2020-10-29T08:53:35.746+0000: [GC (Allocation Failure) 2020-10-29T08:53:35.746+0000: [ParNew: 16388K->4K(18432K), 0.0026737 secs] 458571K->442188K(896640K), 0.0027189 secs] [Times: user=0.00 sys=0.00, real=0.00 secs] 
2020-10-29T08:53:35.765+0000: [GC (Allocation Failure) 2020-10-29T08:53:35.765+0000: [ParNew: 16388K->4K(18432K), 0.0028050 secs] 458572K->442188K(896640K), 0.0028542 secs] [Times: user=0.01 sys=0.00, real=0.00 secs] 
2020-10-29T08:53:35.785+0000: [GC (Allocation Failure) 2020-10-29T08:53:35.785+0000: [ParNew: 16388K->4K(18432K), 0.0026412 secs] 458572K->442188K(896640K), 0.0026854 secs] [Times: user=0.00 sys=0.00, real=0.00 secs] 
2020-10-29T08:53:35.806+0000: [GC (Allocation Failure) 2020-10-29T08:53:35.806+0000: [ParNew: 16388K->4K(18432K), 0.0026842 secs] 458572K->442188K(896640K), 0.0027317 secs] [Times: user=0.01 sys=0.00, real=0.00 secs] 
2020-10-29T08:53:35.825+0000: [GC (Allocation Failure) 2020-10-29T08:53:35.825+0000: [ParNew: 16388K->4K(18432K), 0.0026647 secs] 458572K->442188K(896640K), 0.0027085 secs] [Times: user=0.00 sys=0.00, real=0.00 secs] 
2020-10-29T08:53:35.844+0000: [GC (Allocation Failure) 2020-10-29T08:53:35.844+0000: [ParNew: 16388K->4K(18432K), 0.0027895 secs] 458572K->442188K(896640K), 0.0028397 secs] [Times: user=0.01 sys=0.00, real=0.00 secs] 
2020-10-29T08:53:35.866+0000: [GC (Allocation Failure) 2020-10-29T08:53:35.866+0000: [ParNew: 16388K->4K(18432K), 0.0028857 secs] 458572K->442188K(896640K), 0.0029353 secs] [Times: user=0.00 sys=0.00, real=0.00 secs] 
2020-10-29T08:53:35.886+0000: [GC (Allocation Failure) 2020-10-29T08:53:35.886+0000: [ParNew: 16388K->4K(18432K), 0.0028455 secs] 458572K->442188K(896640K), 0.0028956 secs] [Times: user=0.00 sys=0.00, real=0.00 secs] 
2020-10-29T08:53:35.905+0000: [GC (Allocation Failure) 2020-10-29T08:53:35.905+0000: [ParNew: 16388K->4K(18432K), 0.0028863 secs] 458572K->442188K(896640K), 0.0029393 secs] [Times: user=0.01 sys=0.00, real=0.00 secs] 
2020-10-29T08:53:35.926+0000: [GC (Allocation Failure) 2020-10-29T08:53:35.926+0000: [ParNew: 16388K->4K(18432K), 0.0029113 secs] 458572K->442188K(896640K), 0.0029654 secs] [Times: user=0.01 sys=0.00, real=0.00 secs] 
2020-10-29T08:53:35.946+0000: [GC (Allocation Failure) 2020-10-29T08:53:35.946+0000: [ParNew: 16388K->4K(18432K), 0.0028173 secs] 458572K->442188K(896640K), 0.0028718 secs] [Times: user=0.01 sys=0.00, real=0.00 secs] 
2020-10-29T08:53:35.965+0000: [GC (Allocation Failure) 2020-10-29T08:53:35.965+0000: [ParNew: 16388K->4K(18432K), 0.0027571 secs] 458572K->442188K(896640K), 0.0028246 secs] [Times: user=0.01 sys=0.00, real=0.00 secs] 
2020-10-29T08:53:35.986+0000: [GC (Allocation Failure) 2020-10-29T08:53:35.986+0000: [ParNew: 16388K->4K(18432K), 0.0028952 secs] 458572K->442188K(896640K), 0.0029472 secs] [Times: user=0.01 sys=0.00, real=0.00 secs] 
2020-10-29T08:53:36.006+0000: [GC (Allocation Failure) 2020-10-29T08:53:36.006+0000: [ParNew: 16388K->4K(18432K), 0.0026942 secs] 458572K->442188K(896640K), 0.0027453 secs] [Times: user=0.00 sys=0.00, real=0.00 secs] 
2020-10-29T08:53:36.025+0000: [GC (Allocation Failure) 2020-10-29T08:53:36.025+0000: [ParNew: 16388K->4K(18432K), 0.0026260 secs] 458572K->442188K(896640K), 0.0026713 secs] [Times: user=0.00 sys=0.00, real=0.00 secs] 
2020-10-29T08:53:36.044+0000: [GC (Allocation Failure) 2020-10-29T08:53:36.044+0000: [ParNew: 16388K->4K(18432K), 0.0027137 secs] 458572K->442188K(896640K), 0.0027608 secs] [Times: user=0.00 sys=0.00, real=0.00 secs] 
2020-10-29T08:53:36.063+0000: [GC (Allocation Failure) 2020-10-29T08:53:36.063+0000: [ParNew: 16388K->4K(18432K), 0.0027795 secs] 458572K->442188K(896640K), 0.0028279 secs] [Times: user=0.01 sys=0.00, real=0.00 secs] 
2020-10-29T08:53:36.086+0000: [GC (Allocation Failure) 2020-10-29T08:53:36.086+0000: [ParNew: 16388K->4K(18432K), 0.0026283 secs] 458572K->442188K(896640K), 0.0026734 secs] [Times: user=0.00 sys=0.00, real=0.00 secs] 
2020-10-29T08:53:36.106+0000: [GC (Allocation Failure) 2020-10-29T08:53:36.106+0000: [ParNew: 16388K->4K(18432K), 0.0026529 secs] 458572K->442188K(896640K), 0.0026990 secs] [Times: user=0.00 sys=0.00, real=0.00 secs] 
2020-10-29T08:53:36.126+0000: [GC (Allocation Failure) 2020-10-29T08:53:36.126+0000: [ParNew: 16388K->4K(18432K), 0.0029125 secs] 458572K->442188K(896640K), 0.0029854 secs] [Times: user=0.01 sys=0.00, real=0.00 secs] 
2020-10-29T08:53:36.147+0000: [GC (Allocation Failure) 2020-10-29T08:53:36.147+0000: [ParNew: 16388K->4K(18432K), 0.0030122 secs] 458572K->442188K(896640K), 0.0030849 secs] [Times: user=0.00 sys=0.00, real=0.01 secs] 
2020-10-29T08:53:36.167+0000: [GC (Allocation Failure) 2020-10-29T08:53:36.167+0000: [ParNew: 16388K->4K(18432K), 0.0027727 secs] 458572K->442188K(896640K), 0.0028212 secs] [Times: user=0.00 sys=0.00, real=0.00 secs] 
2020-10-29T08:53:36.186+0000: [GC (Allocation Failure) 2020-10-29T08:53:36.186+0000: [ParNew: 16388K->4K(18432K), 0.0028580 secs] 458572K->442188K(896640K), 0.0029108 secs] [Times: user=0.01 sys=0.00, real=0.00 secs] 
2020-10-29T08:53:36.206+0000: [GC (Allocation Failure) 2020-10-29T08:53:36.206+0000: [ParNew: 16388K->4K(18432K), 0.0027551 secs] 458572K->442188K(896640K), 0.0028020 secs] [Times: user=0.00 sys=0.00, real=0.00 secs] 
2020-10-29T08:53:36.225+0000: [GC (Allocation Failure) 2020-10-29T08:53:36.225+0000: [ParNew: 16388K->4K(18432K), 0.0030797 secs] 458572K->442188K(896640K), 0.0031264 secs] [Times: user=0.01 sys=0.00, real=0.00 secs] 
2020-10-29T08:53:36.250+0000: [GC (Allocation Failure) 2020-10-29T08:53:36.250+0000: [ParNew: 16388K->4K(18432K), 0.0028654 secs] 458572K->442188K(896640K), 0.0029152 secs] [Times: user=0.01 sys=0.00, real=0.00 secs] 
2020-10-29T08:53:36.270+0000: [GC (Allocation Failure) 2020-10-29T08:53:36.270+0000: [ParNew: 16388K->4K(18432K), 0.0026032 secs] 458572K->442188K(896640K), 0.0026478 secs] [Times: user=0.01 sys=0.00, real=0.01 secs] 
2020-10-29T08:53:36.288+0000: [GC (Allocation Failure) 2020-10-29T08:53:36.289+0000: [ParNew: 16388K->4K(18432K), 0.0028318 secs] 458572K->442188K(896640K), 0.0028812 secs] [Times: user=0.00 sys=0.00, real=0.01 secs] 
2020-10-29T08:53:36.310+0000: [GC (Allocation Failure) 2020-10-29T08:53:36.310+0000: [ParNew: 16388K->4K(18432K), 0.0027581 secs] 458572K->442188K(896640K), 0.0028021 secs] [Times: user=0.00 sys=0.00, real=0.00 secs] 
2020-10-29T08:53:36.330+0000: [GC (Allocation Failure) 2020-10-29T08:53:36.330+0000: [ParNew: 16388K->4K(18432K), 0.0027148 secs] 458572K->442188K(896640K), 0.0027607 secs] [Times: user=0.01 sys=0.00, real=0.00 secs] 
2020-10-29T08:53:36.350+0000: [GC (Allocation Failure) 2020-10-29T08:53:36.350+0000: [ParNew: 16388K->4K(18432K), 0.0028064 secs] 458572K->442188K(896640K), 0.0028557 secs] [Times: user=0.01 sys=0.00, real=0.01 secs] 
2020-10-29T08:53:36.368+0000: [GC (Allocation Failure) 2020-10-29T08:53:36.369+0000: [ParNew: 16388K->4K(18432K), 0.0026865 secs] 458572K->442188K(896640K), 0.0027369 secs] [Times: user=0.01 sys=0.00, real=0.01 secs] 
2020-10-29T08:53:36.388+0000: [GC (Allocation Failure) 2020-10-29T08:53:36.388+0000: [ParNew: 16388K->4K(18432K), 0.0025500 secs] 458572K->442188K(896640K), 0.0025936 secs] [Times: user=0.00 sys=0.00, real=0.00 secs] 
2020-10-29T08:53:36.406+0000: [GC (Allocation Failure) 2020-10-29T08:53:36.406+0000: [ParNew: 16388K->4K(18432K), 0.0027332 secs] 458572K->442188K(896640K), 0.0027809 secs] [Times: user=0.00 sys=0.00, real=0.00 secs] 
2020-10-29T08:53:36.426+0000: [GC (Allocation Failure) 2020-10-29T08:53:36.426+0000: [ParNew: 16388K->4K(18432K), 0.0028386 secs] 458572K->442188K(896640K), 0.0028885 secs] [Times: user=0.00 sys=0.00, real=0.00 secs] 
2020-10-29T08:53:36.446+0000: [GC (Allocation Failure) 2020-10-29T08:53:36.446+0000: [ParNew: 16388K->4K(18432K), 0.0027454 secs] 458572K->442188K(896640K), 0.0027923 secs] [Times: user=0.00 sys=0.00, real=0.00 secs] 
2020-10-29T08:53:36.465+0000: [GC (Allocation Failure) 2020-10-29T08:53:36.465+0000: [ParNew: 16388K->4K(18432K), 0.0029127 secs] 458572K->442188K(896640K), 0.0029650 secs] [Times: user=0.01 sys=0.00, real=0.00 secs] 
2020-10-29T08:53:36.484+0000: [GC (Allocation Failure) 2020-10-29T08:53:36.484+0000: [ParNew: 16388K->4K(18432K), 0.0027369 secs] 458572K->442188K(896640K), 0.0027835 secs] [Times: user=0.01 sys=0.00, real=0.00 secs] 
2020-10-29T08:53:36.506+0000: [GC (Allocation Failure) 2020-10-29T08:53:36.506+0000: [ParNew: 16388K->4K(18432K), 0.0028705 secs] 458572K->442188K(896640K), 0.0029215 secs] [Times: user=0.00 sys=0.00, real=0.00 secs] 
2020-10-29T08:53:36.526+0000: [GC (Allocation Failure) 2020-10-29T08:53:36.526+0000: [ParNew: 16388K->4K(18432K), 0.0028604 secs] 458572K->442188K(896640K), 0.0029123 secs] [Times: user=0.00 sys=0.00, real=0.00 secs] 
2020-10-29T08:53:36.546+0000: [GC (Allocation Failure) 2020-10-29T08:53:36.546+0000: [ParNew: 16388K->4K(18432K), 0.0028978 secs] 458572K->442188K(896640K), 0.0029505 secs] [Times: user=0.01 sys=0.00, real=0.00 secs] 
2020-10-29T08:53:36.566+0000: [GC (Allocation Failure) 2020-10-29T08:53:36.566+0000: [ParNew: 16388K->4K(18432K), 0.0028326 secs] 458572K->442188K(896640K), 0.0028820 secs] [Times: user=0.00 sys=0.00, real=0.00 secs] 
2020-10-29T08:53:36.586+0000: [GC (Allocation Failure) 2020-10-29T08:53:36.586+0000: [ParNew: 16388K->4K(18432K), 0.0027458 secs] 458572K->442188K(896640K), 0.0028021 secs] [Times: user=0.00 sys=0.00, real=0.00 secs] 
2020-10-29T08:53:36.605+0000: [GC (Allocation Failure) 2020-10-29T08:53:36.605+0000: [ParNew: 16388K->4K(18432K), 0.0028672 secs] 458572K->442188K(896640K), 0.0029169 secs] [Times: user=0.01 sys=0.00, real=0.00 secs] 
2020-10-29T08:53:36.624+0000: [GC (Allocation Failure) 2020-10-29T08:53:36.624+0000: [ParNew: 16388K->4K(18432K), 0.0026364 secs] 458572K->442188K(896640K), 0.0026797 secs] [Times: user=0.00 sys=0.00, real=0.00 secs] 
2020-10-29T08:53:36.646+0000: [GC (Allocation Failure) 2020-10-29T08:53:36.646+0000: [ParNew: 16388K->4K(18432K), 0.0027245 secs] 458572K->442188K(896640K), 0.0027723 secs] [Times: user=0.00 sys=0.00, real=0.00 secs] 
2020-10-29T08:53:36.666+0000: [GC (Allocation Failure) 2020-10-29T08:53:36.666+0000: [ParNew: 16388K->4K(18432K), 0.0027235 secs] 458572K->442188K(896640K), 0.0027675 secs] [Times: user=0.01 sys=0.00, real=0.00 secs] 
2020-10-29T08:53:36.685+0000: [GC (Allocation Failure) 2020-10-29T08:53:36.685+0000: [ParNew: 16388K->4K(18432K), 0.0029219 secs] 458572K->442188K(896640K), 0.0029783 secs] [Times: user=0.01 sys=0.00, real=0.00 secs] 
2020-10-29T08:53:36.705+0000: [GC (Allocation Failure) 2020-10-29T08:53:36.705+0000: [ParNew: 16388K->4K(18432K), 0.0029027 secs] 458572K->442188K(896640K), 0.0029561 secs] [Times: user=0.01 sys=0.00, real=0.00 secs] 
2020-10-29T08:53:36.726+0000: [GC (Allocation Failure) 2020-10-29T08:53:36.726+0000: [ParNew: 16388K->4K(18432K), 0.0028389 secs] 458572K->442188K(896640K), 0.0028897 secs] [Times: user=0.01 sys=0.00, real=0.00 secs] 
2020-10-29T08:53:36.750+0000: [GC (Allocation Failure) 2020-10-29T08:53:36.750+0000: [ParNew: 16388K->4K(18432K), 0.0029477 secs] 458572K->442188K(896640K), 0.0030015 secs] [Times: user=0.01 sys=0.00, real=0.01 secs] 
2020-10-29T08:53:36.770+0000: [GC (Allocation Failure) 2020-10-29T08:53:36.770+0000: [ParNew: 16388K->4K(18432K), 0.0028393 secs] 458572K->442188K(896640K), 0.0028914 secs] [Times: user=0.01 sys=0.00, real=0.00 secs] 
2020-10-29T08:53:36.790+0000: [GC (Allocation Failure) 2020-10-29T08:53:36.790+0000: [ParNew: 16388K->4K(18432K), 0.0027016 secs] 458572K->442188K(896640K), 0.0027477 secs] [Times: user=0.01 sys=0.00, real=0.00 secs] 
2020-10-29T08:53:36.810+0000: [GC (Allocation Failure) 2020-10-29T08:53:36.810+0000: [ParNew: 16388K->4K(18432K), 0.0025719 secs] 458572K->442188K(896640K), 0.0026142 secs] [Times: user=0.00 sys=0.00, real=0.01 secs] 
2020-10-29T08:53:36.830+0000: [GC (Allocation Failure) 2020-10-29T08:53:36.830+0000: [ParNew: 16388K->4K(18432K), 0.0027538 secs] 458572K->442188K(896640K), 0.0028015 secs] [Times: user=0.01 sys=0.00, real=0.00 secs] 
2020-10-29T08:53:36.850+0000: [GC (Allocation Failure) 2020-10-29T08:53:36.850+0000: [ParNew: 16388K->4K(18432K), 0.0027489 secs] 458572K->442188K(896640K), 0.0027965 secs] [Times: user=0.00 sys=0.00, real=0.01 secs] 
2020-10-29T08:53:36.869+0000: [GC (Allocation Failure) 2020-10-29T08:53:36.869+0000: [ParNew: 16388K->4K(18432K), 0.0027621 secs] 458572K->442188K(896640K), 0.0028122 secs] [Times: user=0.00 sys=0.00, real=0.01 secs] 
2020-10-29T08:53:36.888+0000: [GC (Allocation Failure) 2020-10-29T08:53:36.888+0000: [ParNew: 16388K->4K(18432K), 0.0027132 secs] 458572K->442188K(896640K), 0.0027591 secs] [Times: user=0.01 sys=0.00, real=0.01 secs] 
2020-10-29T08:53:36.910+0000: [GC (Allocation Failure) 2020-10-29T08:53:36.910+0000: [ParNew: 16388K->4K(18432K), 0.0027983 secs] 458572K->442188K(896640K), 0.0028481 secs] [Times: user=0.01 sys=0.00, real=0.00 secs] 
2020-10-29T08:53:36.930+0000: [GC (Allocation Failure) 2020-10-29T08:53:36.930+0000: [ParNew: 16388K->4K(18432K), 0.0029126 secs] 458572K->442188K(896640K), 0.0029669 secs] [Times: user=0.01 sys=0.00, real=0.01 secs] 
2020-10-29T08:53:36.951+0000: [GC (Allocation Failure) 2020-10-29T08:53:36.951+0000: [ParNew: 16388K->4K(18432K), 0.0029176 secs] 458572K->442188K(896640K), 0.0029728 secs] [Times: user=0.00 sys=0.00, real=0.00 secs] 
2020-10-29T08:53:36.974+0000: [GC (Allocation Failure) 2020-10-29T08:53:36.974+0000: [ParNew: 16388K->4K(18432K), 0.0029841 secs] 458572K->442188K(896640K), 0.0030393 secs] [Times: user=0.00 sys=0.00, real=0.00 secs] 
2020-10-29T08:53:36.994+0000: [GC (Allocation Failure) 2020-10-29T08:53:36.994+0000: [ParNew: 16388K->4K(18432K), 0.0029871 secs] 458572K->442188K(896640K), 0.0030408 secs] [Times: user=0.01 sys=0.00, real=0.00 secs] 
2020-10-29T08:53:37.018+0000: [GC (Allocation Failure) 2020-10-29T08:53:37.018+0000: [ParNew: 16388K->4K(18432K), 0.0029155 secs] 474956K->458572K(896640K), 0.0029720 secs] [Times: user=0.00 sys=0.00, real=0.00 secs] 
2020-10-29T08:53:37.021+0000: [GC (CMS Initial Mark) [1 CMS-initial-mark: 458568K(878208K)] 458737K(896640K), 0.0012097 secs] [Times: user=0.00 sys=0.00, real=0.01 secs] 
2020-10-29T08:53:37.023+0000: [CMS-concurrent-mark-start]
2020-10-29T08:53:37.058+0000: [GC (Allocation Failure) 2020-10-29T08:53:37.058+0000: [ParNew: 16388K->4K(18432K), 0.0028122 secs] 474956K->458572K(896640K), 0.0028691 secs] [Times: user=0.00 sys=0.00, real=0.00 secs] 
2020-10-29T08:53:37.082+0000: [GC (Allocation Failure) 2020-10-29T08:53:37.082+0000: [ParNew: 16388K->4K(18432K), 0.0029673 secs] 474956K->458572K(896640K), 0.0030229 secs] [Times: user=0.01 sys=0.00, real=0.01 secs] 
2020-10-29T08:53:37.090+0000: [CMS-concurrent-mark: 0.057/0.067 secs] [Times: user=0.12 sys=0.00, real=0.06 secs] 
2020-10-29T08:53:37.090+0000: [CMS-concurrent-preclean-start]
2020-10-29T08:53:37.093+0000: [CMS-concurrent-preclean: 0.003/0.003 secs] [Times: user=0.01 sys=0.00, real=0.01 secs] 
2020-10-29T08:53:37.093+0000: [CMS-concurrent-abortable-preclean-start]
2020-10-29T08:53:37.105+0000: [GC (Allocation Failure) 2020-10-29T08:53:37.105+0000: [ParNew: 16388K->4K(18432K), 0.0029687 secs] 474956K->458572K(896640K), 0.0030254 secs] [Times: user=0.00 sys=0.00, real=0.00 secs] 
2020-10-29T08:53:37.126+0000: [GC (Allocation Failure) 2020-10-29T08:53:37.126+0000: [ParNew: 16388K->4K(18432K), 0.0029369 secs] 474956K->458572K(896640K), 0.0029932 secs] [Times: user=0.00 sys=0.00, real=0.00 secs] 
2020-10-29T08:53:37.147+0000: [GC (Allocation Failure) 2020-10-29T08:53:37.147+0000: [ParNew: 16388K->4K(18432K), 0.0029520 secs] 474956K->458572K(896640K), 0.0030085 secs] [Times: user=0.01 sys=0.00, real=0.01 secs] 
2020-10-29T08:53:37.168+0000: [GC (Allocation Failure) 2020-10-29T08:53:37.168+0000: [ParNew: 16388K->4K(18432K), 0.0032711 secs] 474956K->458572K(896640K), 0.0033244 secs] [Times: user=0.01 sys=0.00, real=0.01 secs] 
2020-10-29T08:53:37.190+0000: [GC (Allocation Failure) 2020-10-29T08:53:37.190+0000: [ParNew: 16388K->4K(18432K), 0.0028615 secs] 474956K->458572K(896640K), 0.0029153 secs] [Times: user=0.01 sys=0.00, real=0.00 secs] 
2020-10-29T08:53:37.211+0000: [GC (Allocation Failure) 2020-10-29T08:53:37.211+0000: [ParNew: 16388K->4K(18432K), 0.0026859 secs] 474956K->458572K(896640K), 0.0027367 secs] [Times: user=0.01 sys=0.00, real=0.00 secs] 
2020-10-29T08:53:37.231+0000: [GC (Allocation Failure) 2020-10-29T08:53:37.231+0000: [ParNew: 16388K->4K(18432K), 0.0030562 secs] 474956K->458572K(896640K), 0.0031084 secs] [Times: user=0.01 sys=0.00, real=0.00 secs] 
2020-10-29T08:53:37.252+0000: [GC (Allocation Failure) 2020-10-29T08:53:37.252+0000: [ParNew: 16388K->4K(18432K), 0.0027838 secs] 474956K->458572K(896640K), 0.0028413 secs] [Times: user=0.00 sys=0.00, real=0.00 secs] 
2020-10-29T08:53:37.272+0000: [GC (Allocation Failure) 2020-10-29T08:53:37.272+0000: [ParNew: 16388K->4K(18432K), 0.0027062 secs] 474956K->458572K(896640K), 0.0027635 secs] [Times: user=0.00 sys=0.00, real=0.00 secs] 
2020-10-29T08:53:37.294+0000: [GC (Allocation Failure) 2020-10-29T08:53:37.294+0000: [ParNew: 16388K->4K(18432K), 0.0027465 secs] 474956K->458572K(896640K), 0.0027989 secs] [Times: user=0.00 sys=0.00, real=0.00 secs] 
2020-10-29T08:53:37.315+0000: [GC (Allocation Failure) 2020-10-29T08:53:37.315+0000: [ParNew: 16388K->4K(18432K), 0.0026440 secs] 474956K->458572K(896640K), 0.0026924 secs] [Times: user=0.00 sys=0.00, real=0.00 secs] 
2020-10-29T08:53:37.334+0000: [GC (Allocation Failure) 2020-10-29T08:53:37.334+0000: [ParNew: 16380K->4K(18432K), 0.0027128 secs] 474949K->458572K(896640K), 0.0027635 secs] [Times: user=0.01 sys=0.00, real=0.00 secs] 
2020-10-29T08:53:37.358+0000: [GC (Allocation Failure) 2020-10-29T08:53:37.358+0000: [ParNew: 16388K->4K(18432K), 0.0027599 secs] 474956K->458572K(896640K), 0.0028348 secs] [Times: user=0.01 sys=0.00, real=0.00 secs] 
2020-10-29T08:53:37.394+0000: [GC (Allocation Failure) 2020-10-29T08:53:37.394+0000: [ParNew: 16388K->4K(18432K), 0.0028977 secs] 474956K->458572K(896640K), 0.0029711 secs] [Times: user=0.00 sys=0.00, real=0.00 secs] 
2020-10-29T08:53:37.418+0000: [GC (Allocation Failure) 2020-10-29T08:53:37.419+0000: [ParNew: 16388K->4K(18432K), 0.0058894 secs] 474956K->458572K(896640K), 0.0059621 secs] [Times: user=0.00 sys=0.00, real=0.01 secs] 
2020-10-29T08:53:37.446+0000: [GC (Allocation Failure) 2020-10-29T08:53:37.446+0000: [ParNew: 16388K->4K(18432K), 0.0028685 secs] 474956K->458572K(896640K), 0.0029392 secs] [Times: user=0.00 sys=0.00, real=0.00 secs] 
2020-10-29T08:53:37.474+0000: [GC (Allocation Failure) 2020-10-29T08:53:37.475+0000: [ParNew: 16388K->4K(18432K), 0.0028932 secs] 491340K->474956K(896640K), 0.0029496 secs] [Times: user=0.01 sys=0.00, real=0.00 secs] 
2020-10-29T08:53:37.495+0000: [GC (Allocation Failure) 2020-10-29T08:53:37.495+0000: [ParNew: 16388K->4K(18432K), 0.0027261 secs] 491340K->474956K(896640K), 0.0027789 secs] [Times: user=0.00 sys=0.00, real=0.00 secs] 
2020-10-29T08:53:37.515+0000: [GC (Allocation Failure) 2020-10-29T08:53:37.515+0000: [ParNew: 16388K->4K(18432K), 0.0025706 secs] 491340K->474956K(896640K), 0.0026201 secs] [Times: user=0.01 sys=0.00, real=0.00 secs] 
2020-10-29T08:53:37.535+0000: [GC (Allocation Failure) 2020-10-29T08:53:37.535+0000: [ParNew: 16388K->4K(18432K), 0.0025064 secs] 491340K->474956K(896640K), 0.0025536 secs] [Times: user=0.01 sys=0.00, real=0.00 secs] 
2020-10-29T08:53:37.556+0000: [GC (Allocation Failure) 2020-10-29T08:53:37.556+0000: [ParNew: 16388K->4K(18432K), 0.0026752 secs] 491340K->474956K(896640K), 0.0027272 secs] [Times: user=0.00 sys=0.00, real=0.00 secs] 
2020-10-29T08:53:37.576+0000: [GC (Allocation Failure) 2020-10-29T08:53:37.576+0000: [ParNew: 16388K->4K(18432K), 0.0024599 secs] 491340K->474956K(896640K), 0.0025062 secs] [Times: user=0.01 sys=0.00, real=0.00 secs] 
2020-10-29T08:53:37.595+0000: [GC (Allocation Failure) 2020-10-29T08:53:37.596+0000: [ParNew: 16388K->4K(18432K), 0.0024730 secs] 491340K->474956K(896640K), 0.0025203 secs] [Times: user=0.01 sys=0.00, real=0.00 secs] 
2020-10-29T08:53:37.618+0000: [GC (Allocation Failure) 2020-10-29T08:53:37.618+0000: [ParNew: 16388K->4K(18432K), 0.0025739 secs] 491340K->474956K(896640K), 0.0026223 secs] [Times: user=0.01 sys=0.00, real=0.00 secs] 
2020-10-29T08:53:37.642+0000: [GC (Allocation Failure) 2020-10-29T08:53:37.642+0000: [ParNew: 16388K->4K(18432K), 0.0026040 secs] 491340K->474956K(896640K), 0.0026533 secs] [Times: user=0.00 sys=0.00, real=0.00 secs] 
2020-10-29T08:53:37.666+0000: [GC (Allocation Failure) 2020-10-29T08:53:37.666+0000: [ParNew: 16388K->4K(18432K), 0.0026055 secs] 491340K->474956K(896640K), 0.0026543 secs] [Times: user=0.01 sys=0.00, real=0.00 secs] 
2020-10-29T08:53:37.686+0000: [GC (Allocation Failure) 2020-10-29T08:53:37.686+0000: [ParNew: 16388K->4K(18432K), 0.0025345 secs] 491340K->474956K(896640K), 0.0025837 secs] [Times: user=0.00 sys=0.00, real=0.00 secs] 
2020-10-29T08:53:37.706+0000: [GC (Allocation Failure) 2020-10-29T08:53:37.706+0000: [ParNew: 16388K->4K(18432K), 0.0027713 secs] 491340K->474956K(896640K), 0.0028277 secs] [Times: user=0.00 sys=0.00, real=0.00 secs] 
2020-10-29T08:53:37.726+0000: [GC (Allocation Failure) 2020-10-29T08:53:37.726+0000: [ParNew: 16388K->4K(18432K), 0.0025910 secs] 491340K->474956K(896640K), 0.0026419 secs] [Times: user=0.01 sys=0.00, real=0.00 secs] 
2020-10-29T08:53:37.747+0000: [GC (Allocation Failure) 2020-10-29T08:53:37.747+0000: [ParNew: 16388K->4K(18432K), 0.0025681 secs] 491340K->474956K(896640K), 0.0026166 secs] [Times: user=0.00 sys=0.00, real=0.00 secs] 
2020-10-29T08:53:37.770+0000: [GC (Allocation Failure) 2020-10-29T08:53:37.770+0000: [ParNew: 16388K->4K(18432K), 0.0025255 secs] 491340K->474956K(896640K), 0.0025834 secs] [Times: user=0.01 sys=0.00, real=0.00 secs] 
2020-10-29T08:53:37.791+0000: [GC (Allocation Failure) 2020-10-29T08:53:37.791+0000: [ParNew: 16388K->4K(18432K), 0.0025863 secs] 491340K->474956K(896640K), 0.0026379 secs] [Times: user=0.00 sys=0.00, real=0.00 secs] 
2020-10-29T08:53:37.814+0000: [GC (Allocation Failure) 2020-10-29T08:53:37.814+0000: [ParNew: 16388K->4K(18432K), 0.0024620 secs] 491340K->474956K(896640K), 0.0025069 secs] [Times: user=0.00 sys=0.00, real=0.00 secs] 
2020-10-29T08:53:37.838+0000: [GC (Allocation Failure) 2020-10-29T08:53:37.838+0000: [ParNew: 16388K->4K(18432K), 0.0026813 secs] 491340K->474956K(896640K), 0.0027322 secs] [Times: user=0.01 sys=0.00, real=0.00 secs] 
2020-10-29T08:53:37.862+0000: [GC (Allocation Failure) 2020-10-29T08:53:37.862+0000: [ParNew: 16388K->4K(18432K), 0.0027812 secs] 491340K->474956K(896640K), 0.0028277 secs] [Times: user=0.00 sys=0.01, real=0.01 secs] 
2020-10-29T08:53:37.882+0000: [GC (Allocation Failure) 2020-10-29T08:53:37.882+0000: [ParNew: 16388K->4K(18432K), 0.0027856 secs] 491340K->474956K(896640K), 0.0028380 secs] [Times: user=0.01 sys=0.00, real=0.00 secs] 
2020-10-29T08:53:37.902+0000: [GC (Allocation Failure) 2020-10-29T08:53:37.902+0000: [ParNew: 16388K->4K(18432K), 0.0028936 secs] 491340K->474957K(896640K), 0.0029484 secs] [Times: user=0.01 sys=0.00, real=0.01 secs] 
2020-10-29T08:53:37.922+0000: [GC (Allocation Failure) 2020-10-29T08:53:37.922+0000: [ParNew: 16388K->4K(18432K), 0.0028586 secs] 491341K->474957K(896640K), 0.0029136 secs] [Times: user=0.01 sys=0.00, real=0.01 secs] 
2020-10-29T08:53:37.946+0000: [GC (Allocation Failure) 2020-10-29T08:53:37.946+0000: [ParNew: 16388K->4K(18432K), 0.0029053 secs] 491341K->474957K(896640K), 0.0029600 secs] [Times: user=0.01 sys=0.00, real=0.00 secs] 
2020-10-29T08:53:37.967+0000: [GC (Allocation Failure) 2020-10-29T08:53:37.967+0000: [ParNew: 16388K->4K(18432K), 0.0024934 secs] 491341K->474957K(896640K), 0.0025420 secs] [Times: user=0.01 sys=0.00, real=0.00 secs] 
2020-10-29T08:53:37.988+0000: [GC (Allocation Failure) 2020-10-29T08:53:37.988+0000: [ParNew: 16388K->4K(18432K), 0.0028301 secs] 491341K->474957K(896640K), 0.0028828 secs] [Times: user=0.00 sys=0.00, real=0.01 secs] 
2020-10-29T08:53:38.010+0000: [GC (Allocation Failure) 2020-10-29T08:53:38.010+0000: [ParNew: 16388K->4K(18432K), 0.0029719 secs] 491341K->474957K(896640K), 0.0030319 secs] [Times: user=0.01 sys=0.00, real=0.00 secs] 
2020-10-29T08:53:38.034+0000: [GC (Allocation Failure) 2020-10-29T08:53:38.034+0000: [ParNew: 16388K->4K(18432K), 0.0028874 secs] 491341K->474957K(896640K), 0.0029428 secs] [Times: user=0.01 sys=0.00, real=0.00 secs] 
2020-10-29T08:53:38.058+0000: [GC (Allocation Failure) 2020-10-29T08:53:38.058+0000: [ParNew: 16388K->4K(18432K), 0.0027900 secs] 491341K->474957K(896640K), 0.0028432 secs] [Times: user=0.01 sys=0.00, real=0.00 secs] 
2020-10-29T08:53:38.079+0000: [GC (Allocation Failure) 2020-10-29T08:53:38.079+0000: [ParNew: 16388K->4K(18432K), 0.0027508 secs] 491341K->474957K(896640K), 0.0028035 secs] [Times: user=0.01 sys=0.00, real=0.00 secs] 
2020-10-29T08:53:38.098+0000: [GC (Allocation Failure) 2020-10-29T08:53:38.098+0000: [ParNew: 16388K->4K(18432K), 0.0026371 secs] 491341K->474957K(896640K), 0.0026874 secs] [Times: user=0.00 sys=0.01, real=0.00 secs] 
2020-10-29T08:53:38.122+0000: [GC (Allocation Failure) 2020-10-29T08:53:38.122+0000: [ParNew: 16388K->4K(18432K), 0.0024737 secs] 491341K->474957K(896640K), 0.0025206 secs] [Times: user=0.00 sys=0.00, real=0.01 secs] 
2020-10-29T08:53:38.146+0000: [GC (Allocation Failure) 2020-10-29T08:53:38.146+0000: [ParNew: 16388K->4K(18432K), 0.0026036 secs] 491341K->474957K(896640K), 0.0026531 secs] [Times: user=0.00 sys=0.00, real=0.00 secs] 
2020-10-29T08:53:38.166+0000: [GC (Allocation Failure) 2020-10-29T08:53:38.166+0000: [ParNew: 16388K->4K(18432K), 0.0026039 secs] 491341K->474957K(896640K), 0.0026518 secs] [Times: user=0.00 sys=0.00, real=0.00 secs] 
2020-10-29T08:53:38.186+0000: [GC (Allocation Failure) 2020-10-29T08:53:38.186+0000: [ParNew: 16388K->4K(18432K), 0.0026423 secs] 491341K->474957K(896640K), 0.0026928 secs] [Times: user=0.01 sys=0.00, real=0.00 secs] 
2020-10-29T08:53:38.206+0000: [GC (Allocation Failure) 2020-10-29T08:53:38.206+0000: [ParNew: 16388K->4K(18432K), 0.0025704 secs] 491341K->474957K(896640K), 0.0026188 secs] [Times: user=0.01 sys=0.00, real=0.00 secs] 
2020-10-29T08:53:38.226+0000: [GC (Allocation Failure) 2020-10-29T08:53:38.226+0000: [ParNew: 16388K->4K(18432K), 0.0029904 secs] 491341K->474957K(896640K), 0.0030392 secs] [Times: user=0.01 sys=0.00, real=0.00 secs] 
2020-10-29T08:53:38.246+0000: [GC (Allocation Failure) 2020-10-29T08:53:38.246+0000: [ParNew: 16388K->4K(18432K), 0.0026505 secs] 491341K->474957K(896640K), 0.0027005 secs] [Times: user=0.01 sys=0.00, real=0.00 secs] 
2020-10-29T08:53:38.266+0000: [GC (Allocation Failure) 2020-10-29T08:53:38.266+0000: [ParNew: 16388K->4K(18432K), 0.0027506 secs] 491341K->474957K(896640K), 0.0028044 secs] [Times: user=0.01 sys=0.00, real=0.00 secs] 
2020-10-29T08:53:38.290+0000: [GC (Allocation Failure) 2020-10-29T08:53:38.290+0000: [ParNew: 16388K->4K(18432K), 0.0026640 secs] 491341K->474957K(896640K), 0.0027128 secs] [Times: user=0.01 sys=0.00, real=0.00 secs] 
2020-10-29T08:53:38.310+0000: [GC (Allocation Failure) 2020-10-29T08:53:38.310+0000: [ParNew: 16388K->4K(18432K), 0.0026857 secs] 491341K->474957K(896640K), 0.0027353 secs] [Times: user=0.01 sys=0.00, real=0.00 secs] 
2020-10-29T08:53:38.330+0000: [GC (Allocation Failure) 2020-10-29T08:53:38.330+0000: [ParNew: 16388K->4K(18432K), 0.0026017 secs] 491341K->474957K(896640K), 0.0026506 secs] [Times: user=0.01 sys=0.00, real=0.00 secs] 
2020-10-29T08:53:38.351+0000: [GC (Allocation Failure) 2020-10-29T08:53:38.351+0000: [ParNew: 16388K->4K(18432K), 0.0025531 secs] 491341K->474957K(896640K), 0.0025994 secs] [Times: user=0.00 sys=0.00, real=0.00 secs] 
2020-10-29T08:53:38.371+0000: [GC (Allocation Failure) 2020-10-29T08:53:38.371+0000: [ParNew: 16388K->4K(18432K), 0.0026002 secs] 491341K->474957K(896640K), 0.0026487 secs] [Times: user=0.00 sys=0.00, real=0.00 secs] 
2020-10-29T08:53:38.394+0000: [GC (Allocation Failure) 2020-10-29T08:53:38.394+0000: [ParNew: 16388K->4K(18432K), 0.0024146 secs] 491341K->474957K(896640K), 0.0024580 secs] [Times: user=0.00 sys=0.00, real=0.00 secs] 
2020-10-29T08:53:38.418+0000: [GC (Allocation Failure) 2020-10-29T08:53:38.418+0000: [ParNew: 16388K->4K(18432K), 0.0026835 secs] 491341K->474957K(896640K), 0.0027355 secs] [Times: user=0.01 sys=0.00, real=0.00 secs] 
2020-10-29T08:53:38.438+0000: [GC (Allocation Failure) 2020-10-29T08:53:38.438+0000: [ParNew: 16388K->4K(18432K), 0.0026885 secs] 491341K->474957K(896640K), 0.0027399 secs] [Times: user=0.01 sys=0.00, real=0.00 secs] 
2020-10-29T08:53:38.458+0000: [GC (Allocation Failure) 2020-10-29T08:53:38.458+0000: [ParNew: 16388K->4K(18432K), 0.0026663 secs] 491341K->474957K(896640K), 0.0027168 secs] [Times: user=0.00 sys=0.00, real=0.00 secs] 
2020-10-29T08:53:38.478+0000: [GC (Allocation Failure) 2020-10-29T08:53:38.478+0000: [ParNew: 16388K->4K(18432K), 0.0028216 secs] 491341K->474957K(896640K), 0.0028750 secs] [Times: user=0.00 sys=0.00, real=0.00 secs] 
2020-10-29T08:53:38.498+0000: [GC (Allocation Failure) 2020-10-29T08:53:38.498+0000: [ParNew: 16388K->4K(18432K), 0.0028310 secs] 491341K->474957K(896640K), 0.0028849 secs] [Times: user=0.00 sys=0.00, real=0.00 secs] 
2020-10-29T08:53:38.522+0000: [GC (Allocation Failure) 2020-10-29T08:53:38.522+0000: [ParNew: 16388K->4K(18432K), 0.0027119 secs] 491341K->474957K(896640K), 0.0027644 secs] [Times: user=0.00 sys=0.01, real=0.01 secs] 
2020-10-29T08:53:38.542+0000: [GC (Allocation Failure) 2020-10-29T08:53:38.542+0000: [ParNew: 16388K->4K(18432K), 0.0026663 secs] 491341K->474957K(896640K), 0.0027164 secs] [Times: user=0.01 sys=0.00, real=0.00 secs] 
2020-10-29T08:53:38.569+0000: [GC (Allocation Failure) 2020-10-29T08:53:38.569+0000: [ParNew: 16388K->4K(18432K), 0.0031144 secs] 491341K->474957K(896640K), 0.0031865 secs] [Times: user=0.00 sys=0.00, real=0.01 secs] 
2020-10-29T08:53:38.591+0000: [GC (Allocation Failure) 2020-10-29T08:53:38.591+0000: [ParNew: 16388K->4K(18432K), 0.0026570 secs] 491341K->474957K(896640K), 0.0027480 secs] [Times: user=0.00 sys=0.00, real=0.00 secs] 
2020-10-29T08:53:38.614+0000: [GC (Allocation Failure) 2020-10-29T08:53:38.614+0000: [ParNew: 16388K->4K(18432K), 0.0026146 secs] 491341K->474957K(896640K), 0.0026646 secs] [Times: user=0.00 sys=0.00, real=0.00 secs] 
2020-10-29T08:53:38.634+0000: [GC (Allocation Failure) 2020-10-29T08:53:38.634+0000: [ParNew: 16388K->4K(18432K), 0.0025066 secs] 491341K->474957K(896640K), 0.0025548 secs] [Times: user=0.00 sys=0.00, real=0.00 secs] 
2020-10-29T08:53:38.657+0000: [GC (Allocation Failure) 2020-10-29T08:53:38.657+0000: [ParNew: 16388K->4K(18432K), 0.0027572 secs] 491341K->474957K(896640K), 0.0028082 secs] [Times: user=0.01 sys=0.00, real=0.00 secs] 
2020-10-29T08:53:38.686+0000: [GC (Allocation Failure) 2020-10-29T08:53:38.686+0000: [ParNew: 16388K->4K(18432K), 0.0027103 secs] 491341K->474957K(896640K), 0.0027605 secs] [Times: user=0.01 sys=0.00, real=0.00 secs] 
2020-10-29T08:53:38.705+0000: [GC (Allocation Failure) 2020-10-29T08:53:38.705+0000: [ParNew: 16388K->4K(18432K), 0.0025646 secs] 491341K->474957K(896640K), 0.0026128 secs] [Times: user=0.01 sys=0.00, real=0.00 secs] 
2020-10-29T08:53:38.726+0000: [GC (Allocation Failure) 2020-10-29T08:53:38.726+0000: [ParNew: 16388K->4K(18432K), 0.0025455 secs] 491341K->474957K(896640K), 0.0025943 secs] [Times: user=0.00 sys=0.00, real=0.00 secs] 
2020-10-29T08:53:38.750+0000: [GC (Allocation Failure) 2020-10-29T08:53:38.750+0000: [ParNew: 16388K->4K(18432K), 0.0024538 secs] 491341K->474957K(896640K), 0.0024986 secs] [Times: user=0.01 sys=0.00, real=0.00 secs] 
2020-10-29T08:53:38.774+0000: [GC (Allocation Failure) 2020-10-29T08:53:38.774+0000: [ParNew: 16388K->4K(18432K), 0.0025981 secs] 491341K->474957K(896640K), 0.0026476 secs] [Times: user=0.00 sys=0.00, real=0.00 secs] 
2020-10-29T08:53:38.794+0000: [GC (Allocation Failure) 2020-10-29T08:53:38.794+0000: [ParNew: 16388K->4K(18432K), 0.0025391 secs] 491341K->474957K(896640K), 0.0025843 secs] [Times: user=0.00 sys=0.00, real=0.00 secs] 
2020-10-29T08:53:38.818+0000: [GC (Allocation Failure) 2020-10-29T08:53:38.818+0000: [ParNew: 16388K->4K(18432K), 0.0023889 secs] 491341K->474957K(896640K), 0.0024331 secs] [Times: user=0.01 sys=0.00, real=0.00 secs] 
2020-10-29T08:53:38.842+0000: [GC (Allocation Failure) 2020-10-29T08:53:38.842+0000: [ParNew: 16388K->4K(18432K), 0.0024023 secs] 491341K->474957K(896640K), 0.0024483 secs] [Times: user=0.01 sys=0.00, real=0.00 secs] 
2020-10-29T08:53:38.866+0000: [GC (Allocation Failure) 2020-10-29T08:53:38.866+0000: [ParNew: 16388K->4K(18432K), 0.0026775 secs] 491341K->474957K(896640K), 0.0027298 secs] [Times: user=0.01 sys=0.00, real=0.00 secs] 
2020-10-29T08:53:38.886+0000: [GC (Allocation Failure) 2020-10-29T08:53:38.886+0000: [ParNew: 16388K->4K(18432K), 0.0026160 secs] 491341K->474957K(896640K), 0.0026651 secs] [Times: user=0.01 sys=0.00, real=0.00 secs] 
2020-10-29T08:53:38.906+0000: [GC (Allocation Failure) 2020-10-29T08:53:38.906+0000: [ParNew: 16388K->4K(18432K), 0.0025753 secs] 491341K->474957K(896640K), 0.0026245 secs] [Times: user=0.00 sys=0.00, real=0.00 secs] 
2020-10-29T08:53:38.930+0000: [GC (Allocation Failure) 2020-10-29T08:53:38.930+0000: [ParNew: 16388K->4K(18432K), 0.0027139 secs] 491341K->474957K(896640K), 0.0027660 secs] [Times: user=0.01 sys=0.00, real=0.00 secs] 
2020-10-29T08:53:38.952+0000: [GC (Allocation Failure) 2020-10-29T08:53:38.952+0000: [ParNew: 16372K->4K(18432K), 0.0027628 secs] 491325K->474957K(896640K), 0.0028292 secs] [Times: user=0.01 sys=0.00, real=0.00 secs] 
2020-10-29T08:53:38.974+0000: [GC (Allocation Failure) 2020-10-29T08:53:38.974+0000: [ParNew: 16388K->4K(18432K), 0.0025526 secs] 491341K->474957K(896640K), 0.0026149 secs] [Times: user=0.00 sys=0.00, real=0.00 secs] 
2020-10-29T08:53:38.995+0000: [GC (Allocation Failure) 2020-10-29T08:53:38.995+0000: [ParNew: 16388K->4K(18432K), 0.0025727 secs] 491341K->474957K(896640K), 0.0026276 secs] [Times: user=0.01 sys=0.00, real=0.00 secs] 
2020-10-29T08:53:39.015+0000: [GC (Allocation Failure) 2020-10-29T08:53:39.015+0000: [ParNew: 16388K->4K(18432K), 0.0025233 secs] 491341K->474957K(896640K), 0.0025700 secs] [Times: user=0.00 sys=0.00, real=0.00 secs] 
2020-10-29T08:53:39.035+0000: [GC (Allocation Failure) 2020-10-29T08:53:39.035+0000: [ParNew: 16388K->4K(18432K), 0.0024529 secs] 491341K->474957K(896640K), 0.0024989 secs] [Times: user=0.00 sys=0.00, real=0.00 secs] 
2020-10-29T08:53:39.055+0000: [GC (Allocation Failure) 2020-10-29T08:53:39.055+0000: [ParNew: 16388K->4K(18432K), 0.0024719 secs] 491341K->474957K(896640K), 0.0025163 secs] [Times: user=0.01 sys=0.00, real=0.00 secs] 
2020-10-29T08:53:39.074+0000: [GC (Allocation Failure) 2020-10-29T08:53:39.074+0000: [ParNew: 16388K->4K(18432K), 0.0023767 secs] 491341K->474957K(896640K), 0.0024211 secs] [Times: user=0.01 sys=0.00, real=0.00 secs] 
2020-10-29T08:53:39.094+0000: [GC (Allocation Failure) 2020-10-29T08:53:39.094+0000: [ParNew: 16388K->4K(18432K), 0.0023684 secs] 491341K->474957K(896640K), 0.0024120 secs] [Times: user=0.01 sys=0.00, real=0.00 secs] 
2020-10-29T08:53:39.120+0000: [GC (Allocation Failure) 2020-10-29T08:53:39.120+0000: [ParNew: 16388K->4K(18432K), 0.0029072 secs] 491341K->474957K(896640K), 0.0029630 secs] [Times: user=0.01 sys=0.00, real=0.01 secs] 
2020-10-29T08:53:39.140+0000: [GC (Allocation Failure) 2020-10-29T08:53:39.140+0000: [ParNew: 16388K->4K(18432K), 0.0028342 secs] 491341K->474957K(896640K), 0.0028885 secs] [Times: user=0.00 sys=0.00, real=0.01 secs] 
2020-10-29T08:53:39.160+0000: [GC (Allocation Failure) 2020-10-29T08:53:39.160+0000: [ParNew: 16388K->4K(18432K), 0.0029211 secs] 491341K->474957K(896640K), 0.0029760 secs] [Times: user=0.00 sys=0.00, real=0.01 secs] 
2020-10-29T08:53:39.182+0000: [GC (Allocation Failure) 2020-10-29T08:53:39.182+0000: [ParNew: 16388K->4K(18432K), 0.0026156 secs] 491341K->474957K(896640K), 0.0026639 secs] [Times: user=0.01 sys=0.00, real=0.00 secs] 
2020-10-29T08:53:39.202+0000: [GC (Allocation Failure) 2020-10-29T08:53:39.202+0000: [ParNew: 16388K->4K(18432K), 0.0024558 secs] 491341K->474957K(896640K), 0.0025015 secs] [Times: user=0.01 sys=0.00, real=0.00 secs] 
2020-10-29T08:53:39.222+0000: [GC (Allocation Failure) 2020-10-29T08:53:39.222+0000: [ParNew: 16388K->4K(18432K), 0.0024221 secs] 491341K->474957K(896640K), 0.0024828 secs] [Times: user=0.00 sys=0.00, real=0.00 secs] 
2020-10-29T08:53:39.243+0000: [GC (Allocation Failure) 2020-10-29T08:53:39.243+0000: [ParNew: 16388K->4K(18432K), 0.0028993 secs] 491341K->474957K(896640K), 0.0029564 secs] [Times: user=0.00 sys=0.00, real=0.00 secs] 
2020-10-29T08:53:39.263+0000: [GC (Allocation Failure) 2020-10-29T08:53:39.264+0000: [ParNew: 16388K->4K(18432K), 0.0029073 secs] 491341K->474957K(896640K), 0.0029644 secs] [Times: user=0.01 sys=0.00, real=0.00 secs] 
2020-10-29T08:53:39.286+0000: [GC (Allocation Failure) 2020-10-29T08:53:39.286+0000: [ParNew: 16388K->4K(18432K), 0.0028171 secs] 491341K->474957K(896640K), 0.0028697 secs] [Times: user=0.01 sys=0.00, real=0.00 secs] 
2020-10-29T08:53:39.307+0000: [GC (Allocation Failure) 2020-10-29T08:53:39.307+0000: [ParNew: 16388K->4K(18432K), 0.0026439 secs] 491341K->474957K(896640K), 0.0026930 secs] [Times: user=0.00 sys=0.00, real=0.00 secs] 
2020-10-29T08:53:39.327+0000: [GC (Allocation Failure) 2020-10-29T08:53:39.327+0000: [ParNew: 16388K->4K(18432K), 0.0024703 secs] 491341K->474957K(896640K), 0.0025177 secs] [Times: user=0.00 sys=0.00, real=0.00 secs] 
2020-10-29T08:53:39.346+0000: [GC (Allocation Failure) 2020-10-29T08:53:39.346+0000: [ParNew: 16388K->4K(18432K), 0.0024162 secs] 491341K->474957K(896640K), 0.0024611 secs] [Times: user=0.01 sys=0.00, real=0.00 secs] 
2020-10-29T08:53:39.366+0000: [GC (Allocation Failure) 2020-10-29T08:53:39.366+0000: [ParNew: 16388K->4K(18432K), 0.0024150 secs] 491341K->474957K(896640K), 0.0024664 secs] [Times: user=0.00 sys=0.00, real=0.00 secs] 
2020-10-29T08:53:39.386+0000: [GC (Allocation Failure) 2020-10-29T08:53:39.386+0000: [ParNew: 16388K->4K(18432K), 0.0025605 secs] 491341K->474957K(896640K), 0.0026083 secs] [Times: user=0.01 sys=0.00, real=0.00 secs] 
2020-10-29T08:53:39.406+0000: [GC (Allocation Failure) 2020-10-29T08:53:39.406+0000: [ParNew: 16388K->4K(18432K), 0.0024229 secs] 491341K->474957K(896640K), 0.0024686 secs] [Times: user=0.01 sys=0.00, real=0.00 secs] 
2020-10-29T08:53:39.425+0000: [GC (Allocation Failure) 2020-10-29T08:53:39.425+0000: [ParNew: 16388K->4K(18432K), 0.0024322 secs] 491341K->474957K(896640K), 0.0024774 secs] [Times: user=0.00 sys=0.00, real=0.00 secs] 
2020-10-29T08:53:39.446+0000: [GC (Allocation Failure) 2020-10-29T08:53:39.446+0000: [ParNew: 16388K->4K(18432K), 0.0025388 secs] 491341K->474957K(896640K), 0.0025868 secs] [Times: user=0.00 sys=0.00, real=0.00 secs] 
2020-10-29T08:53:39.470+0000: [GC (Allocation Failure) 2020-10-29T08:53:39.470+0000: [ParNew: 16388K->4K(18432K), 0.0025148 secs] 491341K->474957K(896640K), 0.0025619 secs] [Times: user=0.01 sys=0.00, real=0.01 secs] 
2020-10-29T08:53:39.490+0000: [GC (Allocation Failure) 2020-10-29T08:53:39.490+0000: [ParNew: 16388K->4K(18432K), 0.0025525 secs] 491341K->474957K(896640K), 0.0026021 secs] [Times: user=0.00 sys=0.00, real=0.00 secs] 
2020-10-29T08:53:39.514+0000: [GC (Allocation Failure) 2020-10-29T08:53:39.514+0000: [ParNew: 16388K->4K(18432K), 0.0027082 secs] 491341K->474957K(896640K), 0.0027813 secs] [Times: user=0.01 sys=0.00, real=0.00 secs] 
2020-10-29T08:53:39.536+0000: [GC (Allocation Failure) 2020-10-29T08:53:39.536+0000: [ParNew: 16388K->4K(18432K), 0.0028177 secs] 491341K->474957K(896640K), 0.0028711 secs] [Times: user=0.01 sys=0.00, real=0.00 secs] 
2020-10-29T08:53:39.558+0000: [GC (Allocation Failure) 2020-10-29T08:53:39.558+0000: [ParNew: 16388K->4K(18432K), 0.0029052 secs] 491341K->474957K(896640K), 0.0029605 secs] [Times: user=0.00 sys=0.00, real=0.00 secs] 
2020-10-29T08:53:39.582+0000: [GC (Allocation Failure) 2020-10-29T08:53:39.582+0000: [ParNew: 16388K->4K(18432K), 0.0027692 secs] 491341K->474957K(896640K), 0.0028204 secs] [Times: user=0.01 sys=0.00, real=0.00 secs] 
2020-10-29T08:53:39.602+0000: [GC (Allocation Failure) 2020-10-29T08:53:39.602+0000: [ParNew: 16388K->4K(18432K), 0.0027794 secs] 491341K->474957K(896640K), 0.0028325 secs] [Times: user=0.01 sys=0.00, real=0.01 secs] 
2020-10-29T08:53:39.626+0000: [GC (Allocation Failure) 2020-10-29T08:53:39.626+0000: [ParNew: 16388K->4K(18432K), 0.0041218 secs] 491341K->474957K(896640K), 0.0041690 secs] [Times: user=0.00 sys=0.01, real=0.01 secs] 
2020-10-29T08:53:39.650+0000: [GC (Allocation Failure) 2020-10-29T08:53:39.650+0000: [ParNew: 16388K->4K(18432K), 0.0027265 secs] 491341K->474957K(896640K), 0.0027782 secs] [Times: user=0.00 sys=0.00, real=0.00 secs] 
2020-10-29T08:53:39.670+0000: [GC (Allocation Failure) 2020-10-29T08:53:39.671+0000: [ParNew: 16388K->4K(18432K), 0.0027567 secs] 491341K->474957K(896640K), 0.0028106 secs] [Times: user=0.00 sys=0.00, real=0.00 secs] 
2020-10-29T08:53:39.694+0000: [GC (Allocation Failure) 2020-10-29T08:53:39.694+0000: [ParNew: 16388K->4K(18432K), 0.0023991 secs] 491341K->474957K(896640K), 0.0024440 secs] [Times: user=0.01 sys=0.00, real=0.00 secs] 
2020-10-29T08:53:39.716+0000: [GC (Allocation Failure) 2020-10-29T08:53:39.716+0000: [ParNew: 16388K->4K(18432K), 0.0024914 secs] 491341K->474957K(896640K), 0.0025381 secs] [Times: user=0.00 sys=0.00, real=0.00 secs] 
2020-10-29T08:53:39.738+0000: [GC (Allocation Failure) 2020-10-29T08:53:39.738+0000: [ParNew: 16388K->4K(18432K), 0.0025689 secs] 491341K->474957K(896640K), 0.0026175 secs] [Times: user=0.01 sys=0.00, real=0.00 secs] 
2020-10-29T08:53:39.758+0000: [GC (Allocation Failure) 2020-10-29T08:53:39.758+0000: [ParNew: 16388K->4K(18432K), 0.0026588 secs] 491341K->474957K(896640K), 0.0027108 secs] [Times: user=0.00 sys=0.00, real=0.00 secs] 
2020-10-29T08:53:39.778+0000: [GC (Allocation Failure) 2020-10-29T08:53:39.778+0000: [ParNew: 16388K->4K(18432K), 0.0026276 secs] 491341K->474957K(896640K), 0.0026772 secs] [Times: user=0.01 sys=0.00, real=0.00 secs] 
2020-10-29T08:53:39.798+0000: [GC (Allocation Failure) 2020-10-29T08:53:39.798+0000: [ParNew: 16388K->4K(18432K), 0.0027214 secs] 491341K->474957K(896640K), 0.0027808 secs] [Times: user=0.01 sys=0.00, real=0.00 secs] 
2020-10-29T08:53:39.818+0000: [GC (Allocation Failure) 2020-10-29T08:53:39.818+0000: [ParNew: 16388K->4K(18432K), 0.0026929 secs] 491341K->474957K(896640K), 0.0027455 secs] [Times: user=0.00 sys=0.00, real=0.00 secs] 
2020-10-29T08:53:39.842+0000: [GC (Allocation Failure) 2020-10-29T08:53:39.842+0000: [ParNew: 16388K->4K(18432K), 0.0027152 secs] 491341K->474957K(896640K), 0.0027671 secs] [Times: user=0.01 sys=0.00, real=0.00 secs] 
2020-10-29T08:53:39.863+0000: [GC (Allocation Failure) 2020-10-29T08:53:39.863+0000: [ParNew: 16388K->4K(18432K), 0.0027435 secs] 491341K->474957K(896640K), 0.0027902 secs] [Times: user=0.01 sys=0.00, real=0.00 secs] 
2020-10-29T08:53:39.886+0000: [GC (Allocation Failure) 2020-10-29T08:53:39.886+0000: [ParNew: 16388K->4K(18432K), 0.0026182 secs] 491341K->474957K(896640K), 0.0026687 secs] [Times: user=0.01 sys=0.00, real=0.00 secs] 
2020-10-29T08:53:39.906+0000: [GC (Allocation Failure) 2020-10-29T08:53:39.906+0000: [ParNew: 16388K->4K(18432K), 0.0025683 secs] 491341K->474957K(896640K), 0.0026173 secs] [Times: user=0.00 sys=0.00, real=0.00 secs] 
2020-10-29T08:53:39.926+0000: [GC (Allocation Failure) 2020-10-29T08:53:39.926+0000: [ParNew: 16388K->4K(18432K), 0.0027062 secs] 491341K->474957K(896640K), 0.0027584 secs] [Times: user=0.00 sys=0.00, real=0.00 secs] 
2020-10-29T08:53:39.946+0000: [GC (Allocation Failure) 2020-10-29T08:53:39.946+0000: [ParNew: 16388K->4K(18432K), 0.0028204 secs] 491341K->474957K(896640K), 0.0028735 secs] [Times: user=0.00 sys=0.00, real=0.00 secs] 
2020-10-29T08:53:39.967+0000: [GC (Allocation Failure) 2020-10-29T08:53:39.967+0000: [ParNew: 16388K->4K(18432K), 0.0028870 secs] 491341K->474957K(896640K), 0.0029416 secs] [Times: user=0.00 sys=0.00, real=0.00 secs] 
2020-10-29T08:53:39.988+0000: [GC (Allocation Failure) 2020-10-29T08:53:39.988+0000: [ParNew: 16388K->4K(18432K), 0.0028439 secs] 491341K->474957K(896640K), 0.0028970 secs] [Times: user=0.00 sys=0.00, real=0.01 secs] 
2020-10-29T08:53:40.008+0000: [GC (Allocation Failure) 2020-10-29T08:53:40.008+0000: [ParNew: 16388K->4K(18432K), 0.0025158 secs] 491341K->474957K(896640K), 0.0025625 secs] [Times: user=0.00 sys=0.00, real=0.01 secs] 
2020-10-29T08:53:40.028+0000: [GC (Allocation Failure) 2020-10-29T08:53:40.028+0000: [ParNew: 16388K->4K(18432K), 0.0024507 secs] 491341K->474957K(896640K), 0.0024969 secs] [Times: user=0.01 sys=0.00, real=0.01 secs] 
2020-10-29T08:53:40.050+0000: [GC (Allocation Failure) 2020-10-29T08:53:40.050+0000: [ParNew: 16388K->4K(18432K), 0.0023961 secs] 491341K->474957K(896640K), 0.0024403 secs] [Times: user=0.00 sys=0.00, real=0.00 secs] 
2020-10-29T08:53:40.074+0000: [GC (Allocation Failure) 2020-10-29T08:53:40.074+0000: [ParNew: 16388K->4K(18432K), 0.0023989 secs] 491341K->474957K(896640K), 0.0024447 secs] [Times: user=0.00 sys=0.00, real=0.00 secs] 
2020-10-29T08:53:40.094+0000: [GC (Allocation Failure) 2020-10-29T08:53:40.094+0000: [ParNew: 16388K->4K(18432K), 0.0023658 secs] 491341K->474957K(896640K), 0.0024106 secs] [Times: user=0.00 sys=0.00, real=0.00 secs] 
2020-10-29T08:53:40.114+0000: [GC (Allocation Failure) 2020-10-29T08:53:40.114+0000: [ParNew: 16388K->4K(18432K), 0.0023774 secs] 491341K->474957K(896640K), 0.0024216 secs] [Times: user=0.00 sys=0.00, real=0.00 secs] 
2020-10-29T08:53:40.133+0000: [GC (Allocation Failure) 2020-10-29T08:53:40.134+0000: [ParNew: 16388K->4K(18432K), 0.0026161 secs] 491341K->474957K(896640K), 0.0026662 secs] [Times: user=0.01 sys=0.00, real=0.00 secs] 
2020-10-29T08:53:40.154+0000: [GC (Allocation Failure) 2020-10-29T08:53:40.154+0000: [ParNew: 16388K->4K(18432K), 0.0027577 secs] 491341K->474957K(896640K), 0.0028082 secs] [Times: user=0.00 sys=0.00, real=0.00 secs] 
2020-10-29T08:53:40.175+0000: [GC (Allocation Failure) 2020-10-29T08:53:40.175+0000: [ParNew: 16388K->4K(18432K), 0.0028688 secs] 491341K->474957K(896640K), 0.0029224 secs] [Times: user=0.01 sys=0.00, real=0.00 secs] 
2020-10-29T08:53:40.198+0000: [GC (Allocation Failure) 2020-10-29T08:53:40.198+0000: [ParNew: 16388K->4K(18432K), 0.0028233 secs] 491341K->474957K(896640K), 0.0028774 secs] [Times: user=0.01 sys=0.00, real=0.00 secs] 
2020-10-29T08:53:40.222+0000: [GC (Allocation Failure) 2020-10-29T08:53:40.222+0000: [ParNew: 16388K->4K(18432K), 0.0028820 secs] 491341K->474957K(896640K), 0.0029368 secs] [Times: user=0.01 sys=0.00, real=0.00 secs] 
2020-10-29T08:53:40.243+0000: [GC (Allocation Failure) 2020-10-29T08:53:40.243+0000: [ParNew: 16388K->4K(18432K), 0.0026898 secs] 491341K->474957K(896640K), 0.0027416 secs] [Times: user=0.00 sys=0.00, real=0.00 secs] 
2020-10-29T08:53:40.266+0000: [GC (Allocation Failure) 2020-10-29T08:53:40.266+0000: [ParNew: 16388K->4K(18432K), 0.0024986 secs] 491341K->474957K(896640K), 0.0025460 secs] [Times: user=0.01 sys=0.00, real=0.00 secs] 
2020-10-29T08:53:40.290+0000: [GC (Allocation Failure) 2020-10-29T08:53:40.290+0000: [ParNew: 16388K->4K(18432K), 0.0026400 secs] 491341K->474957K(896640K), 0.0026892 secs] [Times: user=0.01 sys=0.00, real=0.00 secs] 
2020-10-29T08:53:40.310+0000: [GC (Allocation Failure) 2020-10-29T08:53:40.310+0000: [ParNew: 16388K->4K(18432K), 0.0027325 secs] 491341K->474958K(896640K), 0.0027840 secs] [Times: user=0.00 sys=0.00, real=0.00 secs] 
2020-10-29T08:53:40.330+0000: [GC (Allocation Failure) 2020-10-29T08:53:40.330+0000: [ParNew: 16388K->4K(18432K), 0.0027053 secs] 491342K->474958K(896640K), 0.0027577 secs] [Times: user=0.00 sys=0.00, real=0.00 secs] 
2020-10-29T08:53:40.354+0000: [GC (Allocation Failure) 2020-10-29T08:53:40.354+0000: [ParNew: 16388K->4K(18432K), 0.0024304 secs] 491342K->474958K(896640K), 0.0024755 secs] [Times: user=0.00 sys=0.00, real=0.00 secs] 
2020-10-29T08:53:40.374+0000: [GC (Allocation Failure) 2020-10-29T08:53:40.374+0000: [ParNew: 16388K->4K(18432K), 0.0025581 secs] 491342K->474958K(896640K), 0.0026065 secs] [Times: user=0.01 sys=0.00, real=0.00 secs] 
2020-10-29T08:53:40.401+0000: [GC (Allocation Failure) 2020-10-29T08:53:40.401+0000: [ParNew: 16388K->4K(18432K), 0.0091731 secs] 491342K->474958K(896640K), 0.0092539 secs] [Times: user=0.01 sys=0.00, real=0.02 secs] 
2020-10-29T08:53:40.433+0000: [GC (Allocation Failure) 2020-10-29T08:53:40.433+0000: [ParNew: 16388K->4K(18432K), 0.0026722 secs] 491342K->474958K(896640K), 0.0027249 secs] [Times: user=0.01 sys=0.00, real=0.00 secs] 
2020-10-29T08:53:40.453+0000: [GC (Allocation Failure) 2020-10-29T08:53:40.453+0000: [ParNew: 16388K->4K(18432K), 0.0023906 secs] 491342K->474958K(896640K), 0.0024356 secs] [Times: user=0.01 sys=0.00, real=0.00 secs] 
2020-10-29T08:53:40.473+0000: [GC (Allocation Failure) 2020-10-29T08:53:40.473+0000: [ParNew: 16388K->4K(18432K), 0.0025711 secs] 491342K->474958K(896640K), 0.0026208 secs] [Times: user=0.00 sys=0.00, real=0.00 secs] 
2020-10-29T08:53:40.492+0000: [GC (Allocation Failure) 2020-10-29T08:53:40.492+0000: [ParNew: 16388K->4K(18432K), 0.0026200 secs] 491342K->474958K(896640K), 0.0026695 secs] [Times: user=0.00 sys=0.00, real=0.00 secs] 
2020-10-29T08:53:40.514+0000: [GC (Allocation Failure) 2020-10-29T08:53:40.514+0000: [ParNew: 16388K->4K(18432K), 0.0027536 secs] 491342K->474958K(896640K), 0.0028058 secs] [Times: user=0.00 sys=0.00, real=0.00 secs] 
2020-10-29T08:53:40.535+0000: [GC (Allocation Failure) 2020-10-29T08:53:40.535+0000: [ParNew: 16388K->4K(18432K), 0.0026711 secs] 491342K->474958K(896640K), 0.0027243 secs] [Times: user=0.00 sys=0.00, real=0.00 secs] 
2020-10-29T08:53:40.555+0000: [GC (Allocation Failure) 2020-10-29T08:53:40.555+0000: [ParNew: 16388K->4K(18432K), 0.0025605 secs] 491342K->474958K(896640K), 0.0026087 secs] [Times: user=0.01 sys=0.00, real=0.00 secs] 
2020-10-29T08:53:40.575+0000: [GC (Allocation Failure) 2020-10-29T08:53:40.575+0000: [ParNew: 16388K->4K(18432K), 0.0025953 secs] 491342K->474958K(896640K), 0.0026437 secs] [Times: user=0.01 sys=0.00, real=0.00 secs] 
2020-10-29T08:53:40.598+0000: [GC (Allocation Failure) 2020-10-29T08:53:40.598+0000: [ParNew: 16388K->4K(18432K), 0.0024204 secs] 491342K->474958K(896640K), 0.0024743 secs] [Times: user=0.01 sys=0.00, real=0.00 secs] 
2020-10-29T08:53:40.622+0000: [GC (Allocation Failure) 2020-10-29T08:53:40.622+0000: [ParNew: 16388K->4K(18432K), 0.0026000 secs] 491342K->474958K(896640K), 0.0026503 secs] [Times: user=0.01 sys=0.00, real=0.00 secs] 
2020-10-29T08:53:40.646+0000: [GC (Allocation Failure) 2020-10-29T08:53:40.646+0000: [ParNew: 16388K->4K(18432K), 0.0026642 secs] 491342K->474958K(896640K), 0.0027147 secs] [Times: user=0.01 sys=0.00, real=0.00 secs] 
2020-10-29T08:53:40.667+0000: [GC (Allocation Failure) 2020-10-29T08:53:40.667+0000: [ParNew: 16388K->4K(18432K), 0.0029539 secs] 491342K->474958K(896640K), 0.0030107 secs] [Times: user=0.01 sys=0.00, real=0.00 secs] 
2020-10-29T08:53:40.690+0000: [GC (Allocation Failure) 2020-10-29T08:53:40.690+0000: [ParNew: 16388K->4K(18432K), 0.0024223 secs] 491342K->474958K(896640K), 0.0024678 secs] [Times: user=0.00 sys=0.00, real=0.00 secs] 
2020-10-29T08:53:40.710+0000: [GC (Allocation Failure) 2020-10-29T08:53:40.710+0000: [ParNew: 16388K->4K(18432K), 0.0025251 secs] 491342K->474958K(896640K), 0.0025719 secs] [Times: user=0.00 sys=0.00, real=0.00 secs] 
2020-10-29T08:53:40.731+0000: [GC (Allocation Failure) 2020-10-29T08:53:40.731+0000: [ParNew: 16388K->4K(18432K), 0.0026477 secs] 491342K->474958K(896640K), 0.0027006 secs] [Times: user=0.00 sys=0.00, real=0.00 secs] 
2020-10-29T08:53:40.751+0000: [GC (Allocation Failure) 2020-10-29T08:53:40.751+0000: [ParNew: 16388K->4K(18432K), 0.0026608 secs] 491342K->474958K(896640K), 0.0027115 secs] [Times: user=0.01 sys=0.00, real=0.00 secs] 
2020-10-29T08:53:40.774+0000: [GC (Allocation Failure) 2020-10-29T08:53:40.774+0000: [ParNew: 16388K->4K(18432K), 0.0027724 secs] 491342K->474958K(896640K), 0.0028334 secs] [Times: user=0.01 sys=0.00, real=0.00 secs] 
2020-10-29T08:53:40.798+0000: [GC (Allocation Failure) 2020-10-29T08:53:40.798+0000: [ParNew: 16388K->4K(18432K), 0.0027008 secs] 491342K->474958K(896640K), 0.0027522 secs] [Times: user=0.01 sys=0.00, real=0.00 secs] 
2020-10-29T08:53:40.818+0000: [GC (Allocation Failure) 2020-10-29T08:53:40.819+0000: [ParNew: 16388K->4K(18432K), 0.0024076 secs] 491342K->474958K(896640K), 0.0024539 secs] [Times: user=0.01 sys=0.00, real=0.00 secs] 
2020-10-29T08:53:40.838+0000: [GC (Allocation Failure) 2020-10-29T08:53:40.838+0000: [ParNew: 16388K->4K(18432K), 0.0023744 secs] 491342K->474958K(896640K), 0.0024202 secs] [Times: user=0.00 sys=0.00, real=0.00 secs] 
2020-10-29T08:53:40.860+0000: [GC (Allocation Failure) 2020-10-29T08:53:40.860+0000: [ParNew: 16388K->4K(18432K), 0.0024063 secs] 491342K->474958K(896640K), 0.0024513 secs] [Times: user=0.00 sys=0.00, real=0.01 secs] 
2020-10-29T08:53:40.880+0000: [GC (Allocation Failure) 2020-10-29T08:53:40.880+0000: [ParNew: 16388K->4K(18432K), 0.0025987 secs] 491342K->474958K(896640K), 0.0026527 secs] [Times: user=0.01 sys=0.00, real=0.01 secs] 
2020-10-29T08:53:40.902+0000: [GC (Allocation Failure) 2020-10-29T08:53:40.902+0000: [ParNew: 16388K->4K(18432K), 0.0027295 secs] 491342K->474958K(896640K), 0.0027827 secs] [Times: user=0.01 sys=0.00, real=0.00 secs] 
2020-10-29T08:53:40.923+0000: [GC (Allocation Failure) 2020-10-29T08:53:40.923+0000: [ParNew: 16388K->4K(18432K), 0.0026024 secs] 491342K->474958K(896640K), 0.0026521 secs] [Times: user=0.01 sys=0.00, real=0.00 secs] 
2020-10-29T08:53:40.942+0000: [GC (Allocation Failure) 2020-10-29T08:53:40.943+0000: [ParNew: 16388K->4K(18432K), 0.0026980 secs] 491342K->474958K(896640K), 0.0027494 secs] [Times: user=0.01 sys=0.00, real=0.00 secs] 
2020-10-29T08:53:40.963+0000: [GC (Allocation Failure) 2020-10-29T08:53:40.963+0000: [ParNew: 16388K->4K(18432K), 0.0028278 secs] 491342K->474958K(896640K), 0.0028804 secs] [Times: user=0.01 sys=0.00, real=0.00 secs] 
2020-10-29T08:53:40.986+0000: [GC (Allocation Failure) 2020-10-29T08:53:40.986+0000: [ParNew: 16388K->4K(18432K), 0.0028893 secs] 491342K->474958K(896640K), 0.0029434 secs] [Times: user=0.00 sys=0.00, real=0.00 secs] 
2020-10-29T08:53:41.010+0000: [GC (Allocation Failure) 2020-10-29T08:53:41.010+0000: [ParNew: 16388K->4K(18432K), 0.0028108 secs] 491342K->474958K(896640K), 0.0028642 secs] [Times: user=0.00 sys=0.00, real=0.00 secs] 
2020-10-29T08:53:41.034+0000: [GC (Allocation Failure) 2020-10-29T08:53:41.034+0000: [ParNew: 16388K->4K(18432K), 0.0026957 secs] 491342K->474958K(896640K), 0.0027468 secs] [Times: user=0.01 sys=0.00, real=0.00 secs] 
2020-10-29T08:53:41.054+0000: [GC (Allocation Failure) 2020-10-29T08:53:41.054+0000: [ParNew: 16388K->4K(18432K), 0.0027222 secs] 491342K->474958K(896640K), 0.0027739 secs] [Times: user=0.00 sys=0.00, real=0.00 secs] 
2020-10-29T08:53:41.074+0000: [GC (Allocation Failure) 2020-10-29T08:53:41.074+0000: [ParNew: 16388K->4K(18432K), 0.0027844 secs] 491342K->474958K(896640K), 0.0028364 secs] [Times: user=0.00 sys=0.00, real=0.00 secs] 
2020-10-29T08:53:41.098+0000: [GC (Allocation Failure) 2020-10-29T08:53:41.098+0000: [ParNew: 16388K->4K(18432K), 0.0027206 secs] 491342K->474958K(896640K), 0.0027721 secs] [Times: user=0.01 sys=0.00, real=0.00 secs] 
2020-10-29T08:53:41.129+0000: [GC (Allocation Failure) 2020-10-29T08:53:41.129+0000: [ParNew: 16388K->4K(18432K), 0.0082224 secs] 491342K->474958K(896640K), 0.0082791 secs] [Times: user=0.01 sys=0.00, real=0.01 secs] 
2020-10-29T08:53:41.159+0000: [GC (Allocation Failure) 2020-10-29T08:53:41.160+0000: [ParNew: 16388K->2K(18432K), 0.0062558 secs] 491342K->474956K(896640K), 0.0063368 secs] [Times: user=0.01 sys=0.00, real=0.01 secs] 
2020-10-29T08:53:41.190+0000: [GC (Allocation Failure) 2020-10-29T08:53:41.190+0000: [ParNew: 16386K->4K(18432K), 0.0062326 secs] 491340K->474958K(896640K), 0.0063096 secs] [Times: user=0.00 sys=0.00, real=0.00 secs] 
2020-10-29T08:53:41.218+0000: [GC (Allocation Failure) 2020-10-29T08:53:41.218+0000: [ParNew: 16388K->4K(18432K), 0.0059042 secs] 491342K->474958K(896640K), 0.0059741 secs] [Times: user=0.01 sys=0.00, real=0.01 secs] 
2020-10-29T08:53:41.249+0000: [GC (Allocation Failure) 2020-10-29T08:53:41.249+0000: [ParNew: 16388K->4K(18432K), 0.0028720 secs] 491342K->474958K(896640K), 0.0029313 secs] [Times: user=0.01 sys=0.00, real=0.01 secs] 
2020-10-29T08:53:41.282+0000: [GC (Allocation Failure) 2020-10-29T08:53:41.282+0000: [ParNew: 16388K->2K(18432K), 0.0060083 secs] 491342K->474956K(896640K), 0.0060763 secs] [Times: user=0.01 sys=0.00, real=0.00 secs] 
2020-10-29T08:53:41.309+0000: [GC (Allocation Failure) 2020-10-29T08:53:41.309+0000: [ParNew: 16386K->4K(18432K), 0.0079237 secs] 491340K->474958K(896640K), 0.0079974 secs] [Times: user=0.01 sys=0.00, real=0.01 secs] 
2020-10-29T08:53:41.342+0000: [GC (Allocation Failure) 2020-10-29T08:53:41.342+0000: [ParNew: 16388K->2K(18432K), 0.0060822 secs] 491342K->474956K(896640K), 0.0061539 secs] [Times: user=0.00 sys=0.00, real=0.00 secs] 
2020-10-29T08:53:41.382+0000: [GC (Allocation Failure) 2020-10-29T08:53:41.382+0000: [ParNew: 16386K->4K(18432K), 0.0063911 secs] 491340K->474958K(896640K), 0.0064657 secs] [Times: user=0.00 sys=0.00, real=0.01 secs] 
2020-10-29T08:53:41.422+0000: [GC (Allocation Failure) 2020-10-29T08:53:41.422+0000: [ParNew: 16388K->4K(18432K), 0.0063235 secs] 491342K->474958K(896640K), 0.0064043 secs] [Times: user=0.00 sys=0.00, real=0.01 secs] 
2020-10-29T08:53:41.458+0000: [GC (Allocation Failure) 2020-10-29T08:53:41.458+0000: [ParNew: 16388K->4K(18432K), 0.0059720 secs] 491342K->474958K(896640K), 0.0060439 secs] [Times: user=0.00 sys=0.00, real=0.01 secs] 
2020-10-29T08:53:41.486+0000: [GC (Allocation Failure) 2020-10-29T08:53:41.486+0000: [ParNew: 16388K->2K(18432K), 0.0062981 secs] 491342K->474956K(896640K), 0.0063775 secs] [Times: user=0.00 sys=0.00, real=0.01 secs] 
2020-10-29T08:53:41.526+0000: [GC (Allocation Failure) 2020-10-29T08:53:41.526+0000: [ParNew: 16386K->4K(18432K), 0.0065384 secs] 491340K->474958K(896640K), 0.0066217 secs] [Times: user=0.00 sys=0.00, real=0.01 secs] 
2020-10-29T08:53:41.566+0000: [GC (Allocation Failure) 2020-10-29T08:53:41.566+0000: [ParNew: 16388K->4K(18432K), 0.0085202 secs] 491342K->474958K(896640K), 0.0085890 secs] [Times: user=0.00 sys=0.00, real=0.01 secs] 
2020-10-29T08:53:41.613+0000: [GC (Allocation Failure) 2020-10-29T08:53:41.613+0000: [ParNew: 16388K->4K(18432K), 0.0081731 secs] 491342K->474958K(896640K), 0.0082495 secs] [Times: user=0.01 sys=0.00, real=0.00 secs] 
2020-10-29T08:53:41.664+0000: [GC (Allocation Failure) 2020-10-29T08:53:41.664+0000: [ParNew: 16388K->8K(18432K), 0.0029029 secs] 491342K->474962K(896640K), 0.0029600 secs] [Times: user=0.01 sys=0.00, real=0.00 secs] 
2020-10-29T08:53:41.684+0000: [GC (Allocation Failure) 2020-10-29T08:53:41.684+0000: [ParNew: 16392K->8K(18432K), 0.0028169 secs] 491346K->474962K(896640K), 0.0028712 secs] [Times: user=0.01 sys=0.00, real=0.00 secs] 
2020-10-29T08:53:41.704+0000: [GC (Allocation Failure) 2020-10-29T08:53:41.704+0000: [ParNew: 16392K->6K(18432K), 0.0026194 secs] 491346K->474961K(896640K), 0.0026683 secs] [Times: user=0.01 sys=0.00, real=0.00 secs] 
2020-10-29T08:53:41.724+0000: [GC (Allocation Failure) 2020-10-29T08:53:41.724+0000: [ParNew: 16390K->7K(18432K), 0.0026541 secs] 491345K->474961K(896640K), 0.0027128 secs] [Times: user=0.01 sys=0.00, real=0.00 secs] 
2020-10-29T08:53:41.744+0000: [GC (Allocation Failure) 2020-10-29T08:53:41.744+0000: [ParNew: 16391K->7K(18432K), 0.0028814 secs] 491345K->474961K(896640K), 0.0029340 secs] [Times: user=0.00 sys=0.00, real=0.00 secs] 
2020-10-29T08:53:41.765+0000: [GC (Allocation Failure) 2020-10-29T08:53:41.765+0000: [ParNew: 16391K->7K(18432K), 0.0029224 secs] 491345K->474961K(896640K), 0.0029780 secs] [Times: user=0.00 sys=0.00, real=0.00 secs] 
2020-10-29T08:53:41.786+0000: [GC (Allocation Failure) 2020-10-29T08:53:41.786+0000: [ParNew: 16391K->4K(18432K), 0.0028425 secs] 491345K->474962K(896640K), 0.0028982 secs] [Times: user=0.00 sys=0.00, real=0.00 secs] 
2020-10-29T08:53:41.810+0000: [GC (Allocation Failure) 2020-10-29T08:53:41.810+0000: [ParNew: 16388K->4K(18432K), 0.0029299 secs] 491346K->474961K(896640K), 0.0029846 secs] [Times: user=0.01 sys=0.00, real=0.00 secs] 
2020-10-29T08:53:41.831+0000: [GC (Allocation Failure) 2020-10-29T08:53:41.831+0000: [ParNew: 16388K->4K(18432K), 0.0027957 secs] 491345K->474961K(896640K), 0.0028478 secs] [Times: user=0.01 sys=0.00, real=0.00 secs] 
2020-10-29T08:53:41.854+0000: [GC (Allocation Failure) 2020-10-29T08:53:41.854+0000: [ParNew: 16388K->6K(18432K), 0.0028278 secs] 491345K->474963K(896640K), 0.0028881 secs] [Times: user=0.01 sys=0.00, real=0.00 secs] 
2020-10-29T08:53:41.878+0000: [GC (Allocation Failure) 2020-10-29T08:53:41.878+0000: [ParNew: 16390K->4K(18432K), 0.0027269 secs] 491347K->474961K(896640K), 0.0027765 secs] [Times: user=0.01 sys=0.00, real=0.00 secs] 
2020-10-29T08:53:41.898+0000: [GC (Allocation Failure) 2020-10-29T08:53:41.898+0000: [ParNew: 16388K->4K(18432K), 0.0027080 secs] 491345K->474961K(896640K), 0.0027593 secs] [Times: user=0.00 sys=0.00, real=0.00 secs] 
2020-10-29T08:53:41.918+0000: [GC (Allocation Failure) 2020-10-29T08:53:41.918+0000: [ParNew: 16388K->4K(18432K), 0.0026898 secs] 491345K->474961K(896640K), 0.0027412 secs] [Times: user=0.00 sys=0.00, real=0.00 secs] 
2020-10-29T08:53:41.938+0000: [GC (Allocation Failure) 2020-10-29T08:53:41.938+0000: [ParNew: 16388K->4K(18432K), 0.0026957 secs] 491345K->474961K(896640K), 0.0027468 secs] [Times: user=0.01 sys=0.00, real=0.00 secs] 
2020-10-29T08:53:41.964+0000: [GC (Allocation Failure) 2020-10-29T08:53:41.964+0000: [ParNew: 16388K->4K(18432K), 0.0029432 secs] 491345K->474961K(896640K), 0.0030010 secs] [Times: user=0.01 sys=0.00, real=0.00 secs] 
2020-10-29T08:53:41.985+0000: [GC (Allocation Failure) 2020-10-29T08:53:41.985+0000: [ParNew: 16388K->4K(18432K), 0.0028978 secs] 491345K->474962K(896640K), 0.0029538 secs] [Times: user=0.01 sys=0.00, real=0.00 secs] 
2020-10-29T08:53:42.005+0000: [GC (Allocation Failure) 2020-10-29T08:53:42.005+0000: [ParNew: 16388K->4K(18432K), 0.0028927 secs] 491346K->474962K(896640K), 0.0029466 secs] [Times: user=0.00 sys=0.00, real=0.00 secs] 
2020-10-29T08:53:42.026+0000: [GC (Allocation Failure) 2020-10-29T08:53:42.026+0000: [ParNew: 16388K->4K(18432K), 0.0028727 secs] 491346K->474962K(896640K), 0.0029275 secs] [Times: user=0.01 sys=0.00, real=0.00 secs] 
2020-10-29T08:53:42.047+0000: [GC (Allocation Failure) 2020-10-29T08:53:42.047+0000: [ParNew: 16388K->4K(18432K), 0.0026095 secs] 491346K->474962K(896640K), 0.0026688 secs] [Times: user=0.01 sys=0.00, real=0.00 secs] 
2020-10-29T08:53:42.070+0000: [GC (Allocation Failure) 2020-10-29T08:53:42.070+0000: [ParNew: 16388K->4K(18432K), 0.0027019 secs] 491346K->474962K(896640K), 0.0027517 secs] [Times: user=0.01 sys=0.00, real=0.00 secs] 
2020-10-29T08:53:42.090+0000: [GC (Allocation Failure) 2020-10-29T08:53:42.090+0000: [ParNew: 16388K->4K(18432K), 0.0027322 secs] 491346K->474962K(896640K), 0.0027845 secs] [Times: user=0.01 sys=0.00, real=0.00 secs] 
 CMS: abort preclean due to time 2020-10-29T08:53:42.095+0000: [CMS-concurrent-abortable-preclean: 0.403/5.002 secs] [Times: user=8.49 sys=0.34, real=5.00 secs] 
2020-10-29T08:53:42.095+0000: [GC (CMS Final Remark) [YG occupancy: 530 K (18432 K)]2020-10-29T08:53:42.095+0000: [Rescan (parallel) , 0.0018724 secs]2020-10-29T08:53:42.097+0000: [weak refs processing, 0.0000632 secs]2020-10-29T08:53:42.097+0000: [class unloading, 0.0085714 secs]2020-10-29T08:53:42.105+0000: [scrub symbol table, 0.0089350 secs]2020-10-29T08:53:42.114+0000: [scrub string table, 0.0005841 secs][1 CMS-remark: 474958K(878208K)] 475488K(896640K), 0.0201391 secs] [Times: user=0.02 sys=0.00, real=0.02 secs] 
2020-10-29T08:53:42.122+0000: [CMS-concurrent-sweep-start]
2020-10-29T08:53:42.136+0000: [GC (Allocation Failure) 2020-10-29T08:53:42.136+0000: [ParNew: 16388K->4K(18432K), 0.0029256 secs] 490987K->474603K(896640K), 0.0029820 secs] [Times: user=0.01 sys=0.00, real=0.00 secs] 
2020-10-29T08:53:42.141+0000: [CMS-concurrent-sweep: 0.016/0.019 secs] [Times: user=0.03 sys=0.00, real=0.01 secs] 
2020-10-29T08:53:42.141+0000: [CMS-concurrent-reset-start]
2020-10-29T08:53:42.143+0000: [CMS-concurrent-reset: 0.002/0.002 secs] [Times: user=0.01 sys=0.00, real=0.01 secs] 
2020-10-29T08:53:42.158+0000: [GC (Allocation Failure) 2020-10-29T08:53:42.158+0000: [ParNew: 16388K->4K(18432K), 0.0028952 secs] 442054K->425670K(896640K), 0.0029438 secs] [Times: user=0.01 sys=0.00, real=0.00 secs] 
2020-10-29T08:53:42.178+0000: [GC (Allocation Failure) 2020-10-29T08:53:42.178+0000: [ParNew: 16388K->4K(18432K), 0.0028978 secs] 442054K->425670K(896640K), 0.0029507 secs] [Times: user=0.01 sys=0.00, real=0.00 secs] 
2020-10-29T08:53:42.197+0000: [GC (Allocation Failure) 2020-10-29T08:53:42.197+0000: [ParNew: 16388K->4K(18432K), 0.0029303 secs] 442054K->425670K(896640K), 0.0029867 secs] [Times: user=0.01 sys=0.00, real=0.00 secs] 
2020-10-29T08:53:42.218+0000: [GC (Allocation Failure) 2020-10-29T08:53:42.218+0000: [ParNew: 16388K->4K(18432K), 0.0028339 secs] 442054K->425670K(896640K), 0.0028863 secs] [Times: user=0.01 sys=0.00, real=0.00 secs] 
2020-10-29T08:53:42.238+0000: [GC (Allocation Failure) 2020-10-29T08:53:42.238+0000: [ParNew: 16388K->4K(18432K), 0.0027545 secs] 442054K->425670K(896640K), 0.0028035 secs] [Times: user=0.00 sys=0.00, real=0.00 secs] 
2020-10-29T08:53:42.258+0000: [GC (Allocation Failure) 2020-10-29T08:53:42.258+0000: [ParNew: 16388K->4K(18432K), 0.0027390 secs] 442054K->425670K(896640K), 0.0027882 secs] [Times: user=0.01 sys=0.00, real=0.00 secs] 
2020-10-29T08:53:42.277+0000: [GC (Allocation Failure) 2020-10-29T08:53:42.277+0000: [ParNew: 16388K->4K(18432K), 0.0027876 secs] 442054K->425670K(896640K), 0.0028363 secs] [Times: user=0.00 sys=0.00, real=0.00 secs] 
2020-10-29T08:53:42.297+0000: [GC (Allocation Failure) 2020-10-29T08:53:42.297+0000: [ParNew: 16388K->4K(18432K), 0.0028761 secs] 442054K->425670K(896640K), 0.0029278 secs] [Times: user=0.00 sys=0.00, real=0.00 secs] 
2020-10-29T08:53:42.316+0000: [GC (Allocation Failure) 2020-10-29T08:53:42.316+0000: [ParNew: 16388K->4K(18432K), 0.0028967 secs] 442054K->425670K(896640K), 0.0029486 secs] [Times: user=0.01 sys=0.00, real=0.00 secs] 
2020-10-29T08:53:42.338+0000: [GC (Allocation Failure) 2020-10-29T08:53:42.338+0000: [ParNew: 16388K->4K(18432K), 0.0028677 secs] 442054K->425670K(896640K), 0.0029186 secs] [Times: user=0.00 sys=0.00, real=0.00 secs] 
2020-10-29T08:53:42.358+0000: [GC (Allocation Failure) 2020-10-29T08:53:42.358+0000: [ParNew: 16388K->4K(18432K), 0.0027648 secs] 442054K->425670K(896640K), 0.0028226 secs] [Times: user=0.01 sys=0.00, real=0.00 secs] 
2020-10-29T08:53:42.377+0000: [GC (Allocation Failure) 2020-10-29T08:53:42.377+0000: [ParNew: 16388K->4K(18432K), 0.0028369 secs] 442054K->425670K(896640K), 0.0028897 secs] [Times: user=0.01 sys=0.00, real=0.00 secs] 
2020-10-29T08:53:42.398+0000: [GC (Allocation Failure) 2020-10-29T08:53:42.398+0000: [ParNew: 16388K->4K(18432K), 0.0029083 secs] 442054K->425670K(896640K), 0.0029633 secs] [Times: user=0.01 sys=0.00, real=0.00 secs] 
2020-10-29T08:53:42.418+0000: [GC (Allocation Failure) 2020-10-29T08:53:42.418+0000: [ParNew: 16388K->4K(18432K), 0.0029188 secs] 442054K->425670K(896640K), 0.0029728 secs] [Times: user=0.00 sys=0.00, real=0.00 secs] 
2020-10-29T08:53:42.437+0000: [GC (Allocation Failure) 2020-10-29T08:53:42.437+0000: [ParNew: 16388K->4K(18432K), 0.0028759 secs] 442054K->425670K(896640K), 0.0029283 secs] [Times: user=0.00 sys=0.00, real=0.00 secs] 
2020-10-29T08:53:42.458+0000: [GC (Allocation Failure) 2020-10-29T08:53:42.458+0000: [ParNew: 16388K->4K(18432K), 0.0028743 secs] 442054K->425670K(896640K), 0.0029284 secs] [Times: user=0.00 sys=0.00, real=0.00 secs] 
2020-10-29T08:53:42.478+0000: [GC (Allocation Failure) 2020-10-29T08:53:42.478+0000: [ParNew: 16388K->4K(18432K), 0.0029016 secs] 442054K->425670K(896640K), 0.0029545 secs] [Times: user=0.01 sys=0.00, real=0.00 secs] 
2020-10-29T08:53:42.498+0000: [GC (Allocation Failure) 2020-10-29T08:53:42.498+0000: [ParNew: 16388K->4K(18432K), 0.0028701 secs] 442054K->425670K(896640K), 0.0029237 secs] [Times: user=0.01 sys=0.00, real=0.00 secs] 
2020-10-29T08:53:42.518+0000: [GC (Allocation Failure) 2020-10-29T08:53:42.518+0000: [ParNew: 16388K->4K(18432K), 0.0028872 secs] 442054K->425670K(896640K), 0.0029401 secs] [Times: user=0.00 sys=0.00, real=0.00 secs] 
2020-10-29T08:53:42.537+0000: [GC (Allocation Failure) 2020-10-29T08:53:42.537+0000: [ParNew: 16388K->4K(18432K), 0.0028747 secs] 442054K->425670K(896640K), 0.0029282 secs] [Times: user=0.00 sys=0.00, real=0.00 secs] 
2020-10-29T08:53:42.558+0000: [GC (Allocation Failure) 2020-10-29T08:53:42.558+0000: [ParNew: 16388K->4K(18432K), 0.0028220 secs] 442054K->425670K(896640K), 0.0028723 secs] [Times: user=0.00 sys=0.00, real=0.00 secs] 
2020-10-29T08:53:42.578+0000: [GC (Allocation Failure) 2020-10-29T08:53:42.578+0000: [ParNew: 16388K->4K(18432K), 0.0028704 secs] 442054K->425670K(896640K), 0.0029229 secs] [Times: user=0.01 sys=0.00, real=0.00 secs] 
2020-10-29T08:53:42.597+0000: [GC (Allocation Failure) 2020-10-29T08:53:42.597+0000: [ParNew: 16388K->4K(18432K), 0.0028841 secs] 442054K->425670K(896640K), 0.0029387 secs] [Times: user=0.01 sys=0.00, real=0.00 secs] 
2020-10-29T08:53:42.616+0000: [GC (Allocation Failure) 2020-10-29T08:53:42.616+0000: [ParNew: 16388K->4K(18432K), 0.0028504 secs] 442054K->425670K(896640K), 0.0029018 secs] [Times: user=0.00 sys=0.00, real=0.00 secs] 
2020-10-29T08:53:42.635+0000: [GC (Allocation Failure) 2020-10-29T08:53:42.635+0000: [ParNew: 16388K->4K(18432K), 0.0028860 secs] 442054K->425670K(896640K), 0.0029551 secs] [Times: user=0.01 sys=0.00, real=0.00 secs] 
2020-10-29T08:53:42.658+0000: [GC (Allocation Failure) 2020-10-29T08:53:42.658+0000: [ParNew: 16388K->4K(18432K), 0.0028840 secs] 442054K->425670K(896640K), 0.0029387 secs] [Times: user=0.00 sys=0.00, real=0.00 secs] 
2020-10-29T08:53:42.678+0000: [GC (Allocation Failure) 2020-10-29T08:53:42.678+0000: [ParNew: 16388K->4K(18432K), 0.0028386 secs] 442054K->425670K(896640K), 0.0028906 secs] [Times: user=0.00 sys=0.00, real=0.00 secs] 
2020-10-29T08:53:42.697+0000: [GC (Allocation Failure) 2020-10-29T08:53:42.697+0000: [ParNew: 16388K->4K(18432K), 0.0028450 secs] 442054K->425670K(896640K), 0.0028943 secs] [Times: user=0.00 sys=0.00, real=0.00 secs] 
2020-10-29T08:53:42.717+0000: [GC (Allocation Failure) 2020-10-29T08:53:42.717+0000: [ParNew: 16388K->4K(18432K), 0.0028954 secs] 442054K->425670K(896640K), 0.0029478 secs] [Times: user=0.01 sys=0.00, real=0.00 secs] 
2020-10-29T08:53:42.738+0000: [GC (Allocation Failure) 2020-10-29T08:53:42.738+0000: [ParNew: 16388K->4K(18432K), 0.0028677 secs] 442054K->425670K(896640K), 0.0029217 secs] [Times: user=0.01 sys=0.00, real=0.00 secs] 
2020-10-29T08:53:42.762+0000: [GC (Allocation Failure) 2020-10-29T08:53:42.762+0000: [ParNew: 16388K->4K(18432K), 0.0028795 secs] 442054K->425670K(896640K), 0.0029335 secs] [Times: user=0.01 sys=0.00, real=0.01 secs] 
2020-10-29T08:53:42.774+0000: [GC (Allocation Failure) 2020-10-29T08:53:42.774+0000: [ParNew: 16388K->4K(18432K), 0.0037188 secs] 442054K->433862K(896640K), 0.0037682 secs] [Times: user=0.00 sys=0.00, real=0.00 secs] 
2020-10-29T08:53:42.782+0000: [GC (CMS Initial Mark) [1 CMS-initial-mark: 433858K(878208K)] 434189K(896640K), 0.0012535 secs] [Times: user=0.00 sys=0.00, real=0.01 secs] 
2020-10-29T08:53:42.783+0000: [CMS-concurrent-mark-start]
2020-10-29T08:53:42.805+0000: [GC (Allocation Failure) 2020-10-29T08:53:42.806+0000: [ParNew: 16388K->4K(18432K), 0.0027975 secs] 450246K->433862K(896640K), 0.0028519 secs] [Times: user=0.01 sys=0.00, real=0.00 secs] 
2020-10-29T08:53:42.830+0000: [GC (Allocation Failure) 2020-10-29T08:53:42.830+0000: [ParNew: 16388K->4K(18432K), 0.0028019 secs] 450246K->433862K(896640K), 0.0028543 secs] [Times: user=0.01 sys=0.00, real=0.00 secs] 
2020-10-29T08:53:42.855+0000: [CMS-concurrent-mark: 0.066/0.072 secs] [Times: user=0.14 sys=0.00, real=0.07 secs] 
2020-10-29T08:53:42.855+0000: [CMS-concurrent-preclean-start]
2020-10-29T08:53:42.858+0000: [CMS-concurrent-preclean: 0.003/0.003 secs] [Times: user=0.00 sys=0.00, real=0.00 secs] 
2020-10-29T08:53:42.858+0000: [CMS-concurrent-abortable-preclean-start]
2020-10-29T08:53:42.866+0000: [GC (Allocation Failure) 2020-10-29T08:53:42.866+0000: [ParNew: 16388K->4K(18432K), 0.0024979 secs] 450246K->433862K(896640K), 0.0025398 secs] [Times: user=0.01 sys=0.00, real=0.00 secs] 
2020-10-29T08:53:42.886+0000: [GC (Allocation Failure) 2020-10-29T08:53:42.886+0000: [ParNew: 16388K->4K(18432K), 0.0027499 secs] 450246K->433862K(896640K), 0.0028032 secs] [Times: user=0.01 sys=0.00, real=0.00 secs] 
2020-10-29T08:53:42.910+0000: [GC (Allocation Failure) 2020-10-29T08:53:42.910+0000: [ParNew: 16388K->4K(18432K), 0.0026572 secs] 450246K->433862K(896640K), 0.0027071 secs] [Times: user=0.01 sys=0.00, real=0.00 secs] 
2020-10-29T08:53:42.930+0000: [GC (Allocation Failure) 2020-10-29T08:53:42.930+0000: [ParNew: 16388K->4K(18432K), 0.0026682 secs] 450246K->433862K(896640K), 0.0027196 secs] [Times: user=0.01 sys=0.00, real=0.00 secs] 
2020-10-29T08:53:42.954+0000: [GC (Allocation Failure) 2020-10-29T08:53:42.954+0000: [ParNew: 16388K->4K(18432K), 0.0028247 secs] 450246K->433862K(896640K), 0.0028844 secs] [Times: user=0.01 sys=0.00, real=0.00 secs] 
2020-10-29T08:53:42.974+0000: [GC (Allocation Failure) 2020-10-29T08:53:42.974+0000: [ParNew: 16388K->4K(18432K), 0.0028345 secs] 450246K->433862K(896640K), 0.0028885 secs] [Times: user=0.01 sys=0.00, real=0.00 secs] 
2020-10-29T08:53:42.994+0000: [GC (Allocation Failure) 2020-10-29T08:53:42.994+0000: [ParNew: 16388K->4K(18432K), 0.0026514 secs] 450246K->433862K(896640K), 0.0027010 secs] [Times: user=0.00 sys=0.00, real=0.00 secs] 
2020-10-29T08:53:43.014+0000: [GC (Allocation Failure) 2020-10-29T08:53:43.014+0000: [ParNew: 16388K->4K(18432K), 0.0025420 secs] 450246K->433862K(896640K), 0.0025888 secs] [Times: user=0.00 sys=0.00, real=0.00 secs] 
2020-10-29T08:53:43.034+0000: [GC (Allocation Failure) 2020-10-29T08:53:43.034+0000: [ParNew: 16388K->4K(18432K), 0.0026046 secs] 450246K->433862K(896640K), 0.0026525 secs] [Times: user=0.00 sys=0.00, real=0.00 secs] 
2020-10-29T08:53:43.058+0000: [GC (Allocation Failure) 2020-10-29T08:53:43.058+0000: [ParNew: 16388K->4K(18432K), 0.0024059 secs] 450246K->433862K(896640K), 0.0024511 secs] [Times: user=0.00 sys=0.00, real=0.00 secs] 
2020-10-29T08:53:43.078+0000: [GC (Allocation Failure) 2020-10-29T08:53:43.078+0000: [ParNew: 16388K->4K(18432K), 0.0026589 secs] 450246K->433862K(896640K), 0.0027113 secs] [Times: user=0.00 sys=0.00, real=0.00 secs] 
2020-10-29T08:53:43.098+0000: [GC (Allocation Failure) 2020-10-29T08:53:43.098+0000: [ParNew: 16388K->4K(18432K), 0.0026079 secs] 450246K->433862K(896640K), 0.0026589 secs] [Times: user=0.00 sys=0.00, real=0.00 secs] 
2020-10-29T08:53:43.122+0000: [GC (Allocation Failure) 2020-10-29T08:53:43.122+0000: [ParNew: 16388K->4K(18432K), 0.0026064 secs] 450246K->433862K(896640K), 0.0026780 secs] [Times: user=0.00 sys=0.00, real=0.01 secs] 
2020-10-29T08:53:43.142+0000: [GC (Allocation Failure) 2020-10-29T08:53:43.142+0000: [ParNew: 16388K->4K(18432K), 0.0026116 secs] 450246K->433862K(896640K), 0.0026608 secs] [Times: user=0.01 sys=0.00, real=0.00 secs] 
2020-10-29T08:53:43.162+0000: [GC (Allocation Failure) 2020-10-29T08:53:43.162+0000: [ParNew: 16388K->4K(18432K), 0.0028633 secs] 450246K->433862K(896640K), 0.0029187 secs] [Times: user=0.01 sys=0.00, real=0.01 secs] 
2020-10-29T08:53:43.183+0000: [GC (Allocation Failure) 2020-10-29T08:53:43.183+0000: [ParNew: 16388K->4K(18432K), 0.0026691 secs] 450246K->433862K(896640K), 0.0027198 secs] [Times: user=0.00 sys=0.00, real=0.00 secs] 
2020-10-29T08:53:43.203+0000: [GC (Allocation Failure) 2020-10-29T08:53:43.203+0000: [ParNew: 16388K->4K(18432K), 0.0028579 secs] 450246K->433862K(896640K), 0.0029326 secs] [Times: user=0.01 sys=0.00, real=0.00 secs] 
2020-10-29T08:53:43.226+0000: [GC (Allocation Failure) 2020-10-29T08:53:43.226+0000: [ParNew: 16388K->4K(18432K), 0.0030031 secs] 450246K->433862K(896640K), 0.0030630 secs] [Times: user=0.01 sys=0.00, real=0.00 secs] 
2020-10-29T08:53:43.240+0000: [GC (Allocation Failure) 2020-10-29T08:53:43.240+0000: [ParNew: 16388K->4K(18432K), 0.0034233 secs] 450246K->442054K(896640K), 0.0034740 secs] [Times: user=0.01 sys=0.00, real=0.01 secs] 
2020-10-29T08:53:43.262+0000: [GC (Allocation Failure) 2020-10-29T08:53:43.262+0000: [ParNew: 16388K->4K(18432K), 0.0028181 secs] 458438K->442054K(896640K), 0.0028728 secs] [Times: user=0.01 sys=0.00, real=0.00 secs] 
2020-10-29T08:53:43.286+0000: [GC (Allocation Failure) 2020-10-29T08:53:43.286+0000: [ParNew: 16388K->4K(18432K), 0.0027973 secs] 458438K->442054K(896640K), 0.0028587 secs] [Times: user=0.01 sys=0.00, real=0.00 secs] 
2020-10-29T08:53:43.307+0000: [GC (Allocation Failure) 2020-10-29T08:53:43.307+0000: [ParNew: 16388K->4K(18432K), 0.0028038 secs] 458438K->442054K(896640K), 0.0028575 secs] [Times: user=0.01 sys=0.00, real=0.00 secs] 
2020-10-29T08:53:43.330+0000: [GC (Allocation Failure) 2020-10-29T08:53:43.330+0000: [ParNew: 16388K->4K(18432K), 0.0028601 secs] 458438K->442054K(896640K), 0.0029157 secs] [Times: user=0.01 sys=0.00, real=0.00 secs] 
2020-10-29T08:53:43.354+0000: [GC (Allocation Failure) 2020-10-29T08:53:43.354+0000: [ParNew: 16388K->4K(18432K), 0.0029147 secs] 458438K->442054K(896640K), 0.0029709 secs] [Times: user=0.00 sys=0.00, real=0.00 secs] 
2020-10-29T08:53:43.378+0000: [GC (Allocation Failure) 2020-10-29T08:53:43.378+0000: [ParNew: 16388K->4K(18432K), 0.0028896 secs] 458438K->442055K(896640K), 0.0029454 secs] [Times: user=0.00 sys=0.00, real=0.00 secs] 
2020-10-29T08:53:43.402+0000: [GC (Allocation Failure) 2020-10-29T08:53:43.402+0000: [ParNew: 16312K->4K(18432K), 0.0028585 secs] 458363K->442055K(896640K), 0.0029144 secs] [Times: user=0.00 sys=0.00, real=0.00 secs] 
2020-10-29T08:53:43.425+0000: [GC (Allocation Failure) 2020-10-29T08:53:43.425+0000: [ParNew: 16388K->4K(18432K), 0.0039848 secs] 458439K->450247K(896640K), 0.0040447 secs] [Times: user=0.00 sys=0.00, real=0.00 secs] 
2020-10-29T08:53:43.429+0000: [CMS-concurrent-abortable-preclean: 0.045/0.571 secs] [Times: user=0.99 sys=0.05, real=0.57 secs] 
2020-10-29T08:53:43.430+0000: [GC (CMS Final Remark) [YG occupancy: 330 K (18432 K)]2020-10-29T08:53:43.430+0000: [Rescan (parallel) , 0.0020580 secs]2020-10-29T08:53:43.432+0000: [weak refs processing, 0.0000286 secs]2020-10-29T08:53:43.432+0000: [class unloading, 0.0085860 secs]2020-10-29T08:53:43.440+0000: [scrub symbol table, 0.0089936 secs]2020-10-29T08:53:43.449+0000: [scrub string table, 0.0005915 secs][1 CMS-remark: 450243K(878208K)] 450573K(896640K), 0.0203907 secs] [Times: user=0.03 sys=0.00, real=0.02 secs] 
2020-10-29T08:53:43.457+0000: [CMS-concurrent-sweep-start]
2020-10-29T08:53:43.472+0000: [CMS-concurrent-sweep: 0.014/0.014 secs] [Times: user=0.03 sys=0.00, real=0.02 secs] 
2020-10-29T08:53:43.472+0000: [CMS-concurrent-reset-start]
2020-10-29T08:53:43.472+0000: [GC (Allocation Failure) 2020-10-29T08:53:43.472+0000: [ParNew: 16388K->4K(18432K), 0.0029268 secs] 433724K->417340K(896640K), 0.0029705 secs] [Times: user=0.01 sys=0.00, real=0.00 secs] 
2020-10-29T08:53:43.477+0000: [CMS-concurrent-reset: 0.002/0.005 secs] [Times: user=0.01 sys=0.00, real=0.00 secs] 
2020-10-29T08:53:43.493+0000: [GC (Allocation Failure) 2020-10-29T08:53:43.493+0000: [ParNew: 16388K->4K(18432K), 0.0029388 secs] 433724K->417340K(896640K), 0.0029916 secs] [Times: user=0.01 sys=0.00, real=0.00 secs] 
2020-10-29T08:53:43.514+0000: [GC (Allocation Failure) 2020-10-29T08:53:43.514+0000: [ParNew: 16388K->4K(18432K), 0.0029786 secs] 433724K->417340K(896640K), 0.0030372 secs] [Times: user=0.01 sys=0.00, real=0.00 secs] 
2020-10-29T08:53:43.534+0000: [GC (Allocation Failure) 2020-10-29T08:53:43.534+0000: [ParNew: 16388K->4K(18432K), 0.0029562 secs] 433724K->417340K(896640K), 0.0030155 secs] [Times: user=0.00 sys=0.00, real=0.00 secs] 
2020-10-29T08:53:43.554+0000: [GC (Allocation Failure) 2020-10-29T08:53:43.554+0000: [ParNew: 16388K->4K(18432K), 0.0028616 secs] 433724K->417340K(896640K), 0.0029150 secs] [Times: user=0.01 sys=0.00, real=0.00 secs] 
2020-10-29T08:53:43.573+0000: [GC (Allocation Failure) 2020-10-29T08:53:43.573+0000: [ParNew: 16388K->4K(18432K), 0.0025646 secs] 433724K->417340K(896640K), 0.0026109 secs] [Times: user=0.00 sys=0.00, real=0.00 secs] 
2020-10-29T08:53:43.592+0000: [GC (Allocation Failure) 2020-10-29T08:53:43.592+0000: [ParNew: 16388K->4K(18432K), 0.0028119 secs] 433724K->417340K(896640K), 0.0028635 secs] [Times: user=0.00 sys=0.00, real=0.00 secs] 
2020-10-29T08:53:43.611+0000: [GC (Allocation Failure) 2020-10-29T08:53:43.611+0000: [ParNew: 16388K->4K(18432K), 0.0025988 secs] 433724K->417340K(896640K), 0.0026434 secs] [Times: user=0.01 sys=0.00, real=0.00 secs] 
2020-10-29T08:53:43.630+0000: [GC (Allocation Failure) 2020-10-29T08:53:43.630+0000: [ParNew: 16388K->4K(18432K), 0.0027950 secs] 433724K->417340K(896640K), 0.0028457 secs] [Times: user=0.01 sys=0.00, real=0.00 secs] 
2020-10-29T08:53:43.650+0000: [GC (Allocation Failure) 2020-10-29T08:53:43.650+0000: [ParNew: 16388K->4K(18432K), 0.0028685 secs] 433724K->417340K(896640K), 0.0029211 secs] [Times: user=0.00 sys=0.00, real=0.01 secs] 
2020-10-29T08:53:43.670+0000: [GC (Allocation Failure) 2020-10-29T08:53:43.670+0000: [ParNew: 16388K->4K(18432K), 0.0027563 secs] 433724K->417340K(896640K), 0.0028058 secs] [Times: user=0.01 sys=0.00, real=0.00 secs] 
2020-10-29T08:53:43.689+0000: [GC (Allocation Failure) 2020-10-29T08:53:43.689+0000: [ParNew: 16388K->4K(18432K), 0.0028317 secs] 433724K->417340K(896640K), 0.0028909 secs] [Times: user=0.01 sys=0.00, real=0.01 secs] 
2020-10-29T08:53:43.710+0000: [GC (Allocation Failure) 2020-10-29T08:53:43.710+0000: [ParNew: 16388K->4K(18432K), 0.0025984 secs] 433724K->417340K(896640K), 0.0026433 secs] [Times: user=0.00 sys=0.00, real=0.00 secs] 
2020-10-29T08:53:43.730+0000: [GC (Allocation Failure) 2020-10-29T08:53:43.730+0000: [ParNew: 16388K->4K(18432K), 0.0026669 secs] 433724K->417340K(896640K), 0.0027175 secs] [Times: user=0.00 sys=0.00, real=0.01 secs] 
2020-10-29T08:53:43.749+0000: [GC (Allocation Failure) 2020-10-29T08:53:43.749+0000: [ParNew: 16388K->4K(18432K), 0.0029038 secs] 433724K->417340K(896640K), 0.0029600 secs] [Times: user=0.01 sys=0.00, real=0.01 secs] 
2020-10-29T08:53:43.768+0000: [GC (Allocation Failure) 2020-10-29T08:53:43.768+0000: [ParNew: 16388K->4K(18432K), 0.0026072 secs] 433724K->417340K(896640K), 0.0026496 secs] [Times: user=0.00 sys=0.00, real=0.01 secs] 
2020-10-29T08:53:43.787+0000: [GC (Allocation Failure) 2020-10-29T08:53:43.787+0000: [ParNew: 16388K->4K(18432K), 0.0027523 secs] 433724K->417340K(896640K), 0.0028017 secs] [Times: user=0.01 sys=0.00, real=0.00 secs] 
2020-10-29T08:53:43.806+0000: [GC (Allocation Failure) 2020-10-29T08:53:43.806+0000: [ParNew: 16388K->4K(18432K), 0.0028525 secs] 433724K->417340K(896640K), 0.0029049 secs] [Times: user=0.00 sys=0.00, real=0.00 secs] 
2020-10-29T08:53:43.825+0000: [GC (Allocation Failure) 2020-10-29T08:53:43.825+0000: [ParNew: 16388K->4K(18432K), 0.0027671 secs] 433724K->417340K(896640K), 0.0028155 secs] [Times: user=0.00 sys=0.00, real=0.00 secs] 
2020-10-29T08:53:43.844+0000: [GC (Allocation Failure) 2020-10-29T08:53:43.844+0000: [ParNew: 16388K->4K(18432K), 0.0027293 secs] 433724K->417340K(896640K), 0.0027766 secs] [Times: user=0.01 sys=0.00, real=0.00 secs] 
2020-10-29T08:53:43.864+0000: [GC (Allocation Failure) 2020-10-29T08:53:43.864+0000: [ParNew: 16388K->4K(18432K), 0.0027275 secs] 433724K->417340K(896640K), 0.0027709 secs] [Times: user=0.01 sys=0.00, real=0.00 secs] 
2020-10-29T08:53:43.883+0000: [GC (Allocation Failure) 2020-10-29T08:53:43.883+0000: [ParNew: 16388K->4K(18432K), 0.0025876 secs] 433724K->417340K(896640K), 0.0026324 secs] [Times: user=0.00 sys=0.00, real=0.00 secs] 
2020-10-29T08:53:43.902+0000: [GC (Allocation Failure) 2020-10-29T08:53:43.902+0000: [ParNew: 16388K->4K(18432K), 0.0025965 secs] 433724K->417340K(896640K), 0.0026407 secs] [Times: user=0.00 sys=0.00, real=0.00 secs] 
2020-10-29T08:53:43.921+0000: [GC (Allocation Failure) 2020-10-29T08:53:43.921+0000: [ParNew: 16388K->4K(18432K), 0.0027112 secs] 433724K->417340K(896640K), 0.0027580 secs] [Times: user=0.00 sys=0.00, real=0.01 secs] 
2020-10-29T08:53:43.946+0000: [GC (Allocation Failure) 2020-10-29T08:53:43.946+0000: [ParNew: 16388K->4K(18432K), 0.0027422 secs] 433724K->417340K(896640K), 0.0027895 secs] [Times: user=0.01 sys=0.00, real=0.00 secs] 
2020-10-29T08:53:43.986+0000: [GC (Allocation Failure) 2020-10-29T08:53:43.986+0000: [ParNew: 16388K->4K(18432K), 0.0029303 secs] 433724K->417340K(896640K), 0.0029871 secs] [Times: user=0.01 sys=0.00, real=0.00 secs] 
2020-10-29T08:53:44.007+0000: [GC (Allocation Failure) 2020-10-29T08:53:44.007+0000: [ParNew: 16388K->4K(18432K), 0.0037906 secs] 433724K->425532K(896640K), 0.0038442 secs] [Times: user=0.01 sys=0.00, real=0.01 secs] 
2020-10-29T08:53:44.042+0000: [GC (Allocation Failure) 2020-10-29T08:53:44.042+0000: [ParNew: 16388K->4K(18432K), 0.0028141 secs] 441916K->425532K(896640K), 0.0028680 secs] [Times: user=0.01 sys=0.00, real=0.00 secs] 
2020-10-29T08:53:44.078+0000: [GC (Allocation Failure) 2020-10-29T08:53:44.078+0000: [ParNew: 16388K->4K(18432K), 0.0027991 secs] 441916K->425532K(896640K), 0.0028489 secs] [Times: user=0.01 sys=0.00, real=0.00 secs] 
2020-10-29T08:53:44.112+0000: [GC (Allocation Failure) 2020-10-29T08:53:44.112+0000: [ParNew: 16388K->4K(18432K), 0.0029116 secs] 441916K->425532K(896640K), 0.0029631 secs] [Times: user=0.01 sys=0.00, real=0.00 secs] 
2020-10-29T08:53:44.149+0000: [GC (Allocation Failure) 2020-10-29T08:53:44.149+0000: [ParNew: 16388K->4K(18432K), 0.0028261 secs] 441916K->425534K(896640K), 0.0028776 secs] [Times: user=0.01 sys=0.00, real=0.01 secs] 
2020-10-29T08:53:44.186+0000: [GC (Allocation Failure) 2020-10-29T08:53:44.186+0000: [ParNew: 16388K->4K(18432K), 0.0028015 secs] 441918K->425534K(896640K), 0.0028513 secs] [Times: user=0.01 sys=0.00, real=0.00 secs] 
2020-10-29T08:53:44.480+0000: [GC (Allocation Failure) 2020-10-29T08:53:44.480+0000: [ParNew: 16388K->4K(18432K), 0.0029599 secs] 441918K->425534K(896640K), 0.0030166 secs] [Times: user=0.00 sys=0.00, real=0.01 secs] 
2020-10-29T08:53:44.601+0000: [GC (Allocation Failure) 2020-10-29T08:53:44.602+0000: [ParNew: 16388K->4K(18432K), 0.0029309 secs] 441918K->425534K(896640K), 0.0030101 secs] [Times: user=0.01 sys=0.00, real=0.01 secs] 
2020-10-29T08:53:44.661+0000: [GC (Allocation Failure) 2020-10-29T08:53:44.661+0000: [ParNew: 16388K->4K(18432K), 0.0029343 secs] 441918K->425534K(896640K), 0.0029906 secs] [Times: user=0.01 sys=0.00, real=0.01 secs] 
2020-10-29T08:53:44.706+0000: [GC (Allocation Failure) 2020-10-29T08:53:44.706+0000: [ParNew: 16388K->4K(18432K), 0.0029007 secs] 441918K->425534K(896640K), 0.0029653 secs] [Times: user=0.00 sys=0.00, real=0.00 secs] 
2020-10-29T08:53:44.742+0000: [GC (Allocation Failure) 2020-10-29T08:53:44.742+0000: [ParNew: 16388K->4K(18432K), 0.0028841 secs] 441918K->425534K(896640K), 0.0029385 secs] [Times: user=0.00 sys=0.00, real=0.00 secs] 
2020-10-29T08:53:44.782+0000: [GC (Allocation Failure) 2020-10-29T08:53:44.782+0000: [ParNew: 16388K->4K(18432K), 0.0029308 secs] 441918K->425534K(896640K), 0.0029872 secs] [Times: user=0.01 sys=0.00, real=0.01 secs] 
2020-10-29T08:53:44.819+0000: [GC (Allocation Failure) 2020-10-29T08:53:44.819+0000: [ParNew: 16388K->4K(18432K), 0.0029243 secs] 441918K->425535K(896640K), 0.0029802 secs] [Times: user=0.00 sys=0.00, real=0.00 secs] 
2020-10-29T08:53:44.858+0000: [GC (Allocation Failure) 2020-10-29T08:53:44.858+0000: [ParNew: 16388K->4K(18432K), 0.0029308 secs] 441919K->425536K(896640K), 0.0029872 secs] [Times: user=0.01 sys=0.00, real=0.00 secs] 
2020-10-29T08:53:44.898+0000: [GC (Allocation Failure) 2020-10-29T08:53:44.898+0000: [ParNew: 16388K->4K(18432K), 0.0029219 secs] 441920K->425536K(896640K), 0.0029785 secs] [Times: user=0.00 sys=0.00, real=0.00 secs] 
2020-10-29T08:53:44.933+0000: [GC (Allocation Failure) 2020-10-29T08:53:44.933+0000: [ParNew: 16388K->4K(18432K), 0.0029278 secs] 441920K->425536K(896640K), 0.0029833 secs] [Times: user=0.00 sys=0.00, real=0.00 secs] 
2020-10-29T08:53:44.970+0000: [GC (Allocation Failure) 2020-10-29T08:53:44.970+0000: [ParNew: 16388K->4K(18432K), 0.0032942 secs] 441920K->425536K(896640K), 0.0033492 secs] [Times: user=0.00 sys=0.00, real=0.00 secs] 
2020-10-29T08:53:45.003+0000: [GC (Allocation Failure) 2020-10-29T08:53:45.003+0000: [ParNew: 16388K->4K(18432K), 0.0029211 secs] 441920K->425536K(896640K), 0.0029766 secs] [Times: user=0.00 sys=0.00, real=0.00 secs] 
2020-10-29T08:53:45.025+0000: [GC (Allocation Failure) 2020-10-29T08:53:45.025+0000: [ParNew: 16388K->4K(18432K), 0.0028544 secs] 441920K->425536K(896640K), 0.0029048 secs] [Times: user=0.01 sys=0.00, real=0.00 secs] 
2020-10-29T08:53:45.045+0000: [GC (Allocation Failure) 2020-10-29T08:53:45.045+0000: [ParNew: 16388K->4K(18432K), 0.0028717 secs] 441920K->425536K(896640K), 0.0029199 secs] [Times: user=0.01 sys=0.00, real=0.00 secs] 
2020-10-29T08:53:45.066+0000: [GC (Allocation Failure) 2020-10-29T08:53:45.066+0000: [ParNew: 16388K->4K(18432K), 0.0028265 secs] 441920K->425536K(896640K), 0.0028780 secs] [Times: user=0.01 sys=0.00, real=0.00 secs] 
2020-10-29T08:53:45.086+0000: [GC (Allocation Failure) 2020-10-29T08:53:45.086+0000: [ParNew: 16388K->4K(18432K), 0.0028491 secs] 441920K->425536K(896640K), 0.0029016 secs] [Times: user=0.00 sys=0.00, real=0.00 secs] 
2020-10-29T08:53:45.106+0000: [GC (Allocation Failure) 2020-10-29T08:53:45.106+0000: [ParNew: 16388K->4K(18432K), 0.0027823 secs] 441920K->425536K(896640K), 0.0028318 secs] [Times: user=0.00 sys=0.00, real=0.00 secs] 
2020-10-29T08:53:45.126+0000: [GC (Allocation Failure) 2020-10-29T08:53:45.126+0000: [ParNew: 16388K->4K(18432K), 0.0027976 secs] 441920K->425536K(896640K), 0.0028464 secs] [Times: user=0.01 sys=0.00, real=0.00 secs] 
2020-10-29T08:53:45.146+0000: [GC (Allocation Failure) 2020-10-29T08:53:45.146+0000: [ParNew: 16388K->4K(18432K), 0.0028527 secs] 441920K->425536K(896640K), 0.0029027 secs] [Times: user=0.01 sys=0.00, real=0.00 secs] 
2020-10-29T08:53:45.166+0000: [GC (Allocation Failure) 2020-10-29T08:53:45.166+0000: [ParNew: 16388K->4K(18432K), 0.0028214 secs] 441920K->425536K(896640K), 0.0028723 secs] [Times: user=0.01 sys=0.00, real=0.00 secs] 
2020-10-29T08:53:45.190+0000: [GC (Allocation Failure) 2020-10-29T08:53:45.190+0000: [ParNew: 16388K->4K(18432K), 0.0027887 secs] 441920K->425536K(896640K), 0.0028383 secs] [Times: user=0.00 sys=0.00, real=0.00 secs] 
2020-10-29T08:53:45.210+0000: [GC (Allocation Failure) 2020-10-29T08:53:45.210+0000: [ParNew: 16388K->4K(18432K), 0.0028418 secs] 441920K->425536K(896640K), 0.0028948 secs] [Times: user=0.01 sys=0.00, real=0.00 secs] 
2020-10-29T08:53:45.230+0000: [GC (Allocation Failure) 2020-10-29T08:53:45.231+0000: [ParNew: 16388K->4K(18432K), 0.0028841 secs] 441920K->425536K(896640K), 0.0029358 secs] [Times: user=0.01 sys=0.00, real=0.00 secs] 
2020-10-29T08:53:45.254+0000: [GC (Allocation Failure) 2020-10-29T08:53:45.254+0000: [ParNew: 16388K->4K(18432K), 0.0027771 secs] 441920K->425536K(896640K), 0.0028251 secs] [Times: user=0.01 sys=0.00, real=0.00 secs] 
2020-10-29T08:53:45.274+0000: [GC (Allocation Failure) 2020-10-29T08:53:45.274+0000: [ParNew: 16388K->4K(18432K), 0.0028421 secs] 441920K->425536K(896640K), 0.0028948 secs] [Times: user=0.01 sys=0.00, real=0.00 secs] 
2020-10-29T08:53:45.294+0000: [GC (Allocation Failure) 2020-10-29T08:53:45.294+0000: [ParNew: 16388K->4K(18432K), 0.0028031 secs] 441920K->425536K(896640K), 0.0028525 secs] [Times: user=0.01 sys=0.00, real=0.00 secs] 
2020-10-29T08:53:45.314+0000: [GC (Allocation Failure) 2020-10-29T08:53:45.314+0000: [ParNew: 16388K->4K(18432K), 0.0029062 secs] 441920K->425536K(896640K), 0.0029589 secs] [Times: user=0.00 sys=0.00, real=0.00 secs] 
2020-10-29T08:53:45.334+0000: [GC (Allocation Failure) 2020-10-29T08:53:45.334+0000: [ParNew: 16388K->4K(18432K), 0.0029163 secs] 441920K->425536K(896640K), 0.0029722 secs] [Times: user=0.00 sys=0.00, real=0.00 secs] 
2020-10-29T08:53:45.358+0000: [GC (Allocation Failure) 2020-10-29T08:53:45.358+0000: [ParNew: 16388K->4K(18432K), 0.0028516 secs] 441920K->425536K(896640K), 0.0029026 secs] [Times: user=0.01 sys=0.00, real=0.00 secs] 
2020-10-29T08:53:45.382+0000: [GC (Allocation Failure) 2020-10-29T08:53:45.382+0000: [ParNew: 16388K->4K(18432K), 0.0028325 secs] 441920K->425536K(896640K), 0.0028815 secs] [Times: user=0.01 sys=0.00, real=0.01 secs] 
2020-10-29T08:53:45.408+0000: [GC (Allocation Failure) 2020-10-29T08:53:45.408+0000: [ParNew: 16388K->2K(18432K), 0.0054678 secs] 441920K->425534K(896640K), 0.0055146 secs] [Times: user=0.01 sys=0.00, real=0.01 secs] 
2020-10-29T08:53:45.434+0000: [GC (Allocation Failure) 2020-10-29T08:53:45.434+0000: [ParNew: 16386K->4K(18432K), 0.0028825 secs] 441918K->425536K(896640K), 0.0029384 secs] [Times: user=0.00 sys=0.00, real=0.00 secs] 
2020-10-29T08:53:45.457+0000: [GC (Allocation Failure) 2020-10-29T08:53:45.457+0000: [ParNew: 16388K->4K(18432K), 0.0028640 secs] 441920K->425536K(896640K), 0.0029138 secs] [Times: user=0.01 sys=0.00, real=0.00 secs] 
2020-10-29T08:53:45.480+0000: [GC (Allocation Failure) 2020-10-29T08:53:45.480+0000: [ParNew: 16388K->4K(18432K), 0.0029187 secs] 441920K->425536K(896640K), 0.0029732 secs] [Times: user=0.00 sys=0.00, real=0.01 secs] 
2020-10-29T08:53:45.503+0000: [GC (Allocation Failure) 2020-10-29T08:53:45.503+0000: [ParNew: 16388K->4K(18432K), 0.0028003 secs] 441920K->425536K(896640K), 0.0028488 secs] [Times: user=0.01 sys=0.00, real=0.00 secs] 
2020-10-29T08:53:45.526+0000: [GC (Allocation Failure) 2020-10-29T08:53:45.526+0000: [ParNew: 16388K->4K(18432K), 0.0029342 secs] 441920K->425536K(896640K), 0.0029876 secs] [Times: user=0.01 sys=0.00, real=0.00 secs] 
2020-10-29T08:53:45.550+0000: [GC (Allocation Failure) 2020-10-29T08:53:45.550+0000: [ParNew: 16388K->4K(18432K), 0.0029133 secs] 441920K->425537K(896640K), 0.0029689 secs] [Times: user=0.00 sys=0.00, real=0.00 secs] 
2020-10-29T08:53:45.573+0000: [GC (Allocation Failure) 2020-10-29T08:53:45.574+0000: [ParNew: 16388K->2K(18432K), 0.0028695 secs] 441921K->425535K(896640K), 0.0029232 secs] [Times: user=0.01 sys=0.00, real=0.00 secs] 
2020-10-29T08:53:45.596+0000: [GC (Allocation Failure) 2020-10-29T08:53:45.596+0000: [ParNew: 16386K->4K(18432K), 0.0029730 secs] 441919K->425537K(896640K), 0.0030267 secs] [Times: user=0.00 sys=0.00, real=0.00 secs] 
2020-10-29T08:53:45.619+0000: [GC (Allocation Failure) 2020-10-29T08:53:45.619+0000: [ParNew: 16388K->4K(18432K), 0.0028430 secs] 441921K->425537K(896640K), 0.0028951 secs] [Times: user=0.01 sys=0.00, real=0.01 secs] 
2020-10-29T08:53:45.642+0000: [GC (Allocation Failure) 2020-10-29T08:53:45.642+0000: [ParNew: 16388K->2K(18432K), 0.0028409 secs] 441921K->425535K(896640K), 0.0028918 secs] [Times: user=0.01 sys=0.00, real=0.00 secs] 
2020-10-29T08:53:45.665+0000: [GC (Allocation Failure) 2020-10-29T08:53:45.665+0000: [ParNew: 16386K->2K(18432K), 0.0029134 secs] 441919K->425535K(896640K), 0.0029656 secs] [Times: user=0.00 sys=0.00, real=0.00 secs] 
2020-10-29T08:53:45.688+0000: [GC (Allocation Failure) 2020-10-29T08:53:45.688+0000: [ParNew: 16386K->4K(18432K), 0.0028896 secs] 441919K->425537K(896640K), 0.0029404 secs] [Times: user=0.01 sys=0.00, real=0.01 secs] 
2020-10-29T08:53:45.711+0000: [GC (Allocation Failure) 2020-10-29T08:53:45.711+0000: [ParNew: 16388K->2K(18432K), 0.0028952 secs] 441921K->425535K(896640K), 0.0029486 secs] [Times: user=0.00 sys=0.00, real=0.00 secs] 
2020-10-29T08:53:46.486+0000: [GC (Allocation Failure) 2020-10-29T08:53:46.486+0000: [ParNew: 16386K->1024K(18432K), 0.0046558 secs] 441919K->426558K(896640K), 0.0047467 secs] [Times: user=0.01 sys=0.00, real=0.01 secs] 
2020-10-29T08:53:46.596+0000: [GC (Allocation Failure) 2020-10-29T08:53:46.596+0000: [ParNew: 17408K->1482K(18432K), 0.0055363 secs] 442942K->427016K(896640K), 0.0056080 secs] [Times: user=0.01 sys=0.00, real=0.00 secs] 
2020-10-29T08:53:46.800+0000: [GC (Allocation Failure) 2020-10-29T08:53:46.800+0000: [ParNew: 17866K->2048K(18432K), 0.0230683 secs] 443400K->428241K(896640K), 0.0231574 secs] [Times: user=0.04 sys=0.00, real=0.03 secs] 
2020-10-29T08:53:46.874+0000: [GC (Allocation Failure) 2020-10-29T08:53:46.874+0000: [ParNew: 18432K->1210K(18432K), 0.0053062 secs] 444625K->427815K(896640K), 0.0053870 secs] [Times: user=0.01 sys=0.00, real=0.00 secs] 
2020-10-29T08:53:46.910+0000: [GC (Allocation Failure) 2020-10-29T08:53:46.910+0000: [ParNew: 17594K->1141K(18432K), 0.0073895 secs] 444199K->428736K(896640K), 0.0074706 secs] [Times: user=0.02 sys=0.00, real=0.00 secs] 
2020-10-29T08:53:46.953+0000: [GC (Allocation Failure) 2020-10-29T08:53:46.953+0000: [ParNew: 17525K->638K(18432K), 0.0062570 secs] 445120K->428233K(896640K), 0.0063310 secs] [Times: user=0.01 sys=0.00, real=0.00 secs] 
2020-10-29T08:53:46.994+0000: [GC (Allocation Failure) 2020-10-29T08:53:46.994+0000: [ParNew: 17022K->896K(18432K), 0.0064998 secs] 444617K->428491K(896640K), 0.0065822 secs] [Times: user=0.01 sys=0.00, real=0.00 secs] 
2020-10-29T08:53:47.045+0000: [GC (Allocation Failure) 2020-10-29T08:53:47.045+0000: [ParNew: 17280K->800K(18432K), 0.0073841 secs] 444875K->428395K(896640K), 0.0074517 secs] [Times: user=0.01 sys=0.00, real=0.01 secs] 
2020-10-29T08:53:47.098+0000: [GC (Allocation Failure) 2020-10-29T08:53:47.098+0000: [ParNew: 17184K->1288K(18432K), 0.0040509 secs] 444779K->428883K(896640K), 0.0041088 secs] [Times: user=0.00 sys=0.00, real=0.01 secs] 
2020-10-29T08:53:47.142+0000: [GC (Allocation Failure) 2020-10-29T08:53:47.142+0000: [ParNew: 17672K->516K(18432K), 0.0031272 secs] 445267K->428623K(896640K), 0.0031854 secs] [Times: user=0.00 sys=0.00, real=0.00 secs] 
2020-10-29T08:53:47.173+0000: [GC (Allocation Failure) 2020-10-29T08:53:47.173+0000: [ParNew: 16900K->1540K(18432K), 0.0033532 secs] 445007K->430671K(896640K), 0.0034302 secs] [Times: user=0.00 sys=0.00, real=0.00 secs] 
2020-10-29T08:53:47.208+0000: [GC (Allocation Failure) 2020-10-29T08:53:47.208+0000: [ParNew: 17924K->4K(18432K), 0.0030708 secs] 447055K->429647K(896640K), 0.0031429 secs] [Times: user=0.00 sys=0.00, real=0.01 secs] 
2020-10-29T08:53:47.237+0000: [GC (Allocation Failure) 2020-10-29T08:53:47.237+0000: [ParNew: 16388K->4K(18432K), 0.0029989 secs] 446031K->429647K(896640K), 0.0030550 secs] [Times: user=0.01 sys=0.00, real=0.00 secs] 
2020-10-29T08:53:47.267+0000: [GC (Allocation Failure) 2020-10-29T08:53:47.267+0000: [ParNew: 16388K->4K(18432K), 0.0029234 secs] 446031K->429647K(896640K), 0.0029808 secs] [Times: user=0.01 sys=0.00, real=0.00 secs] 
2020-10-29T08:53:47.288+0000: [GC (Allocation Failure) 2020-10-29T08:53:47.288+0000: [ParNew: 16388K->6K(18432K), 0.0028881 secs] 446031K->429649K(896640K), 0.0029414 secs] [Times: user=0.00 sys=0.00, real=0.01 secs] 
2020-10-29T08:53:47.310+0000: [GC (Allocation Failure) 2020-10-29T08:53:47.310+0000: [ParNew: 16390K->4K(18432K), 0.0029347 secs] 446033K->429647K(896640K), 0.0029960 secs] [Times: user=0.01 sys=0.00, real=0.00 secs] 
2020-10-29T08:53:47.334+0000: [GC (Allocation Failure) 2020-10-29T08:53:47.334+0000: [ParNew: 16388K->1028K(18432K), 0.0032258 secs] 446031K->431695K(896640K), 0.0032808 secs] [Times: user=0.00 sys=0.00, real=0.00 secs] 
2020-10-29T08:53:47.356+0000: [GC (Allocation Failure) 2020-10-29T08:53:47.356+0000: [ParNew: 17412K->4K(18432K), 0.0029652 secs] 448079K->430671K(896640K), 0.0030204 secs] [Times: user=0.01 sys=0.00, real=0.00 secs] 
2020-10-29T08:53:47.378+0000: [GC (Allocation Failure) 2020-10-29T08:53:47.378+0000: [ParNew: 16388K->4K(18432K), 0.0032227 secs] 447055K->432719K(896640K), 0.0032781 secs] [Times: user=0.01 sys=0.00, real=0.00 secs] 
2020-10-29T08:53:47.402+0000: [GC (Allocation Failure) 2020-10-29T08:53:47.402+0000: [ParNew: 16388K->4K(18432K), 0.0029361 secs] 449103K->432719K(896640K), 0.0029930 secs] [Times: user=0.00 sys=0.00, real=0.00 secs] 
2020-10-29T08:53:47.427+0000: [GC (Allocation Failure) 2020-10-29T08:53:47.427+0000: [ParNew: 16388K->4K(18432K), 0.0043046 secs] 449103K->432719K(896640K), 0.0043607 secs] [Times: user=0.01 sys=0.00, real=0.01 secs] 
2020-10-29T08:53:47.466+0000: [GC (Allocation Failure) 2020-10-29T08:53:47.466+0000: [ParNew: 16388K->4K(18432K), 0.0029400 secs] 449103K->432719K(896640K), 0.0030196 secs] [Times: user=0.01 sys=0.00, real=0.00 secs] 
2020-10-29T08:53:47.511+0000: [GC (Allocation Failure) 2020-10-29T08:53:47.511+0000: [ParNew: 16388K->6K(18432K), 0.0029801 secs] 449103K->432721K(896640K), 0.0030581 secs] [Times: user=0.01 sys=0.00, real=0.00 secs] 
2020-10-29T08:53:47.548+0000: [GC (Allocation Failure) 2020-10-29T08:53:47.548+0000: [ParNew: 16390K->4K(18432K), 0.0029437 secs] 449105K->432719K(896640K), 0.0029993 secs] [Times: user=0.01 sys=0.00, real=0.01 secs] 
2020-10-29T08:53:47.586+0000: [GC (Allocation Failure) 2020-10-29T08:53:47.586+0000: [ParNew: 16388K->2K(18432K), 0.0064057 secs] 449103K->432718K(896640K), 0.0064611 secs] [Times: user=0.01 sys=0.00, real=0.01 secs] 
2020-10-29T08:53:47.627+0000: [GC (Allocation Failure) 2020-10-29T08:53:47.627+0000: [ParNew: 16386K->4K(18432K), 0.0046720 secs] 449102K->432720K(896640K), 0.0047288 secs] [Times: user=0.00 sys=0.00, real=0.01 secs] 
2020-10-29T08:53:47.665+0000: [GC (Allocation Failure) 2020-10-29T08:53:47.665+0000: [ParNew: 16388K->2K(18432K), 0.0061286 secs] 449104K->432718K(896640K), 0.0061861 secs] [Times: user=0.01 sys=0.00, real=0.01 secs] 
2020-10-29T08:53:47.706+0000: [GC (Allocation Failure) 2020-10-29T08:53:47.706+0000: [ParNew: 16386K->4K(18432K), 0.0062392 secs] 449102K->432720K(896640K), 0.0063140 secs] [Times: user=0.01 sys=0.00, real=0.01 secs] 
2020-10-29T08:53:47.747+0000: [GC (Allocation Failure) 2020-10-29T08:53:47.747+0000: [ParNew: 16388K->2K(18432K), 0.0062076 secs] 449104K->432718K(896640K), 0.0062812 secs] [Times: user=0.01 sys=0.00, real=0.01 secs] 
2020-10-29T08:53:47.785+0000: [GC (Allocation Failure) 2020-10-29T08:53:47.785+0000: [ParNew: 16386K->4K(18432K), 0.0075304 secs] 449102K->434768K(896640K), 0.0076061 secs] [Times: user=0.02 sys=0.00, real=0.01 secs] 
2020-10-29T08:53:47.823+0000: [GC (Allocation Failure) 2020-10-29T08:53:47.824+0000: [ParNew: 16388K->4K(18432K), 0.0029220 secs] 451152K->434768K(896640K), 0.0029767 secs] [Times: user=0.01 sys=0.00, real=0.00 secs] 
2020-10-29T08:53:47.846+0000: [GC (Allocation Failure) 2020-10-29T08:53:47.846+0000: [ParNew: 16388K->4K(18432K), 0.0027598 secs] 451152K->434768K(896640K), 0.0028077 secs] [Times: user=0.01 sys=0.00, real=0.00 secs] 
2020-10-29T08:53:47.867+0000: [GC (Allocation Failure) 2020-10-29T08:53:47.867+0000: [ParNew: 16388K->6K(18432K), 0.0028288 secs] 451152K->434770K(896640K), 0.0028764 secs] [Times: user=0.01 sys=0.00, real=0.00 secs] 
2020-10-29T08:53:47.888+0000: [GC (Allocation Failure) 2020-10-29T08:53:47.888+0000: [ParNew: 16390K->4K(18432K), 0.0028499 secs] 451154K->434768K(896640K), 0.0029006 secs] [Times: user=0.01 sys=0.00, real=0.01 secs] 
2020-10-29T08:53:47.907+0000: [GC (Allocation Failure) 2020-10-29T08:53:47.907+0000: [ParNew: 16388K->4K(18432K), 0.0028178 secs] 451152K->434768K(896640K), 0.0028772 secs] [Times: user=0.01 sys=0.00, real=0.00 secs] 
2020-10-29T08:53:47.923+0000: [GC (Allocation Failure) 2020-10-29T08:53:47.923+0000: [ParNew: 13453K->4K(18432K), 0.0025918 secs] 448217K->434768K(896640K), 0.0026382 secs] [Times: user=0.00 sys=0.00, real=0.00 secs] 
2020-10-29T08:53:47.938+0000: [GC (Allocation Failure) 2020-10-29T08:53:47.938+0000: [ParNew: 16388K->4K(18432K), 0.0033951 secs] 451152K->438864K(896640K), 0.0034437 secs] [Times: user=0.01 sys=0.00, real=0.00 secs] 
2020-10-29T08:53:47.957+0000: [GC (Allocation Failure) 2020-10-29T08:53:47.957+0000: [ParNew: 16388K->4K(18432K), 0.0028698 secs] 455248K->438864K(896640K), 0.0029216 secs] [Times: user=0.00 sys=0.00, real=0.00 secs] 
2020-10-29T08:53:47.976+0000: [GC (Allocation Failure) 2020-10-29T08:53:47.976+0000: [ParNew: 16388K->4K(18432K), 0.0028560 secs] 455248K->438864K(896640K), 0.0029055 secs] [Times: user=0.01 sys=0.00, real=0.00 secs] 
2020-10-29T08:53:47.998+0000: [GC (Allocation Failure) 2020-10-29T08:53:47.998+0000: [ParNew: 16388K->6K(18432K), 0.0028799 secs] 455248K->438866K(896640K), 0.0029338 secs] [Times: user=0.00 sys=0.00, real=0.00 secs] 
2020-10-29T08:53:48.017+0000: [GC (Allocation Failure) 2020-10-29T08:53:48.017+0000: [ParNew: 16390K->6K(18432K), 0.0029300 secs] 455250K->438866K(896640K), 0.0029855 secs] [Times: user=0.01 sys=0.00, real=0.00 secs] 
2020-10-29T08:53:48.038+0000: [GC (Allocation Failure) 2020-10-29T08:53:48.038+0000: [ParNew: 16390K->6K(18432K), 0.0028050 secs] 455250K->438866K(896640K), 0.0028546 secs] [Times: user=0.01 sys=0.00, real=0.00 secs] 
2020-10-29T08:53:48.057+0000: [GC (Allocation Failure) 2020-10-29T08:53:48.057+0000: [ParNew: 16390K->4K(18432K), 0.0029515 secs] 455250K->438864K(896640K), 0.0030072 secs] [Times: user=0.00 sys=0.00, real=0.00 secs] 
2020-10-29T08:53:48.076+0000: [GC (Allocation Failure) 2020-10-29T08:53:48.076+0000: [ParNew: 16388K->4K(18432K), 0.0029496 secs] 455248K->438864K(896640K), 0.0030040 secs] [Times: user=0.00 sys=0.00, real=0.00 secs] 
2020-10-29T08:53:48.096+0000: [GC (Allocation Failure) 2020-10-29T08:53:48.096+0000: [ParNew: 16388K->4K(18432K), 0.0028207 secs] 455248K->438864K(896640K), 0.0028712 secs] [Times: user=0.01 sys=0.00, real=0.00 secs] 
2020-10-29T08:53:48.114+0000: [GC (Allocation Failure) 2020-10-29T08:53:48.114+0000: [ParNew: 16388K->6K(18432K), 0.0027809 secs] 455248K->438866K(896640K), 0.0028370 secs] [Times: user=0.00 sys=0.00, real=0.00 secs] 
2020-10-29T08:53:48.134+0000: [GC (Allocation Failure) 2020-10-29T08:53:48.134+0000: [ParNew: 16390K->4K(18432K), 0.0027590 secs] 455250K->438864K(896640K), 0.0028077 secs] [Times: user=0.01 sys=0.00, real=0.00 secs] 
2020-10-29T08:53:48.154+0000: [GC (Allocation Failure) 2020-10-29T08:53:48.154+0000: [ParNew: 16388K->4K(18432K), 0.0029090 secs] 455248K->438864K(896640K), 0.0029635 secs] [Times: user=0.01 sys=0.00, real=0.00 secs] 
2020-10-29T08:53:48.173+0000: [GC (Allocation Failure) 2020-10-29T08:53:48.173+0000: [ParNew: 16388K->4K(18432K), 0.0029385 secs] 455248K->438864K(896640K), 0.0029945 secs] [Times: user=0.00 sys=0.00, real=0.00 secs] 
2020-10-29T08:53:48.192+0000: [GC (Allocation Failure) 2020-10-29T08:53:48.192+0000: [ParNew: 16388K->4K(18432K), 0.0029255 secs] 455248K->438864K(896640K), 0.0029834 secs] [Times: user=0.01 sys=0.00, real=0.00 secs] 
2020-10-29T08:53:48.211+0000: [GC (Allocation Failure) 2020-10-29T08:53:48.211+0000: [ParNew: 16388K->4K(18432K), 0.0026441 secs] 455248K->438864K(896640K), 0.0026906 secs] [Times: user=0.00 sys=0.00, real=0.00 secs] 
2020-10-29T08:53:48.234+0000: [GC (Allocation Failure) 2020-10-29T08:53:48.234+0000: [ParNew: 16388K->4K(18432K), 0.0030361 secs] 455248K->438864K(896640K), 0.0030992 secs] [Times: user=0.01 sys=0.00, real=0.00 secs] 
2020-10-29T08:53:48.254+0000: [GC (Allocation Failure) 2020-10-29T08:53:48.254+0000: [ParNew: 16388K->4K(18432K), 0.0029049 secs] 455248K->438864K(896640K), 0.0029599 secs] [Times: user=0.01 sys=0.00, real=0.00 secs] 
2020-10-29T08:53:48.274+0000: [GC (Allocation Failure) 2020-10-29T08:53:48.274+0000: [ParNew: 16388K->4K(18432K), 0.0029318 secs] 455248K->438864K(896640K), 0.0029879 secs] [Times: user=0.00 sys=0.00, real=0.00 secs] 
2020-10-29T08:53:48.294+0000: [GC (Allocation Failure) 2020-10-29T08:53:48.294+0000: [ParNew: 16388K->4K(18432K), 0.0028637 secs] 455248K->438864K(896640K), 0.0029163 secs] [Times: user=0.00 sys=0.00, real=0.00 secs] 
2020-10-29T08:53:48.314+0000: [GC (Allocation Failure) 2020-10-29T08:53:48.314+0000: [ParNew: 16388K->4K(18432K), 0.0027593 secs] 455248K->438864K(896640K), 0.0028070 secs] [Times: user=0.01 sys=0.00, real=0.00 secs] 
2020-10-29T08:53:48.334+0000: [GC (Allocation Failure) 2020-10-29T08:53:48.334+0000: [ParNew: 14401K->4K(18432K), 0.0027216 secs] 453261K->438864K(896640K), 0.0027692 secs] [Times: user=0.01 sys=0.00, real=0.00 secs] 
2020-10-29T08:53:48.350+0000: [GC (Allocation Failure) 2020-10-29T08:53:48.350+0000: [ParNew: 16388K->4K(18432K), 0.0036354 secs] 455248K->442960K(896640K), 0.0036907 secs] [Times: user=0.01 sys=0.00, real=0.01 secs] 
2020-10-29T08:53:48.370+0000: [GC (Allocation Failure) 2020-10-29T08:53:48.370+0000: [ParNew: 16388K->4K(18432K), 0.0029446 secs] 459344K->442960K(896640K), 0.0030021 secs] [Times: user=0.00 sys=0.00, real=0.00 secs] 
2020-10-29T08:53:48.389+0000: [GC (Allocation Failure) 2020-10-29T08:53:48.389+0000: [ParNew: 16388K->4K(18432K), 0.0029473 secs] 459344K->442960K(896640K), 0.0030021 secs] [Times: user=0.00 sys=0.00, real=0.01 secs] 
2020-10-29T08:53:48.409+0000: [GC (Allocation Failure) 2020-10-29T08:53:48.409+0000: [ParNew: 16388K->4K(18432K), 0.0027151 secs] 459344K->442960K(896640K), 0.0027820 secs] [Times: user=0.01 sys=0.00, real=0.01 secs] 
2020-10-29T08:53:48.427+0000: [GC (Allocation Failure) 2020-10-29T08:53:48.427+0000: [ParNew: 16388K->4K(18432K), 0.0024835 secs] 459344K->442960K(896640K), 0.0025255 secs] [Times: user=0.00 sys=0.00, real=0.00 secs] 
2020-10-29T08:53:48.446+0000: [GC (Allocation Failure) 2020-10-29T08:53:48.446+0000: [ParNew: 16388K->4K(18432K), 0.0028594 secs] 459344K->442960K(896640K), 0.0029116 secs] [Times: user=0.01 sys=0.00, real=0.00 secs] 
2020-10-29T08:53:48.465+0000: [GC (Allocation Failure) 2020-10-29T08:53:48.465+0000: [ParNew: 16388K->4K(18432K), 0.0029546 secs] 459344K->442960K(896640K), 0.0030100 secs] [Times: user=0.00 sys=0.00, real=0.00 secs] 
2020-10-29T08:53:48.484+0000: [GC (Allocation Failure) 2020-10-29T08:53:48.484+0000: [ParNew: 16388K->4K(18432K), 0.0026509 secs] 459344K->442960K(896640K), 0.0026940 secs] [Times: user=0.00 sys=0.00, real=0.00 secs] 
2020-10-29T08:53:48.506+0000: [GC (Allocation Failure) 2020-10-29T08:53:48.506+0000: [ParNew: 16388K->4K(18432K), 0.0025868 secs] 459344K->442960K(896640K), 0.0026318 secs] [Times: user=0.01 sys=0.00, real=0.00 secs] 
2020-10-29T08:53:48.526+0000: [GC (Allocation Failure) 2020-10-29T08:53:48.526+0000: [ParNew: 16388K->4K(18432K), 0.0025829 secs] 459344K->442960K(896640K), 0.0026282 secs] [Times: user=0.00 sys=0.00, real=0.00 secs] 
2020-10-29T08:53:48.546+0000: [GC (Allocation Failure) 2020-10-29T08:53:48.546+0000: [ParNew: 16388K->4K(18432K), 0.0027557 secs] 459344K->442960K(896640K), 0.0028058 secs] [Times: user=0.00 sys=0.00, real=0.00 secs] 
2020-10-29T08:53:48.566+0000: [GC (Allocation Failure) 2020-10-29T08:53:48.566+0000: [ParNew: 16388K->4K(18432K), 0.0026402 secs] 459344K->442960K(896640K), 0.0026838 secs] [Times: user=0.00 sys=0.00, real=0.00 secs] 
2020-10-29T08:53:48.586+0000: [GC (Allocation Failure) 2020-10-29T08:53:48.586+0000: [ParNew: 16388K->4K(18432K), 0.0026363 secs] 459344K->442960K(896640K), 0.0026821 secs] [Times: user=0.01 sys=0.00, real=0.00 secs] 
2020-10-29T08:53:48.606+0000: [GC (Allocation Failure) 2020-10-29T08:53:48.606+0000: [ParNew: 16388K->4K(18432K), 0.0028636 secs] 459344K->442960K(896640K), 0.0029174 secs] [Times: user=0.00 sys=0.00, real=0.00 secs] 
2020-10-29T08:53:48.626+0000: [GC (Allocation Failure) 2020-10-29T08:53:48.626+0000: [ParNew: 16388K->4K(18432K), 0.0025644 secs] 459344K->442960K(896640K), 0.0026081 secs] [Times: user=0.00 sys=0.00, real=0.00 secs] 
2020-10-29T08:53:48.646+0000: [GC (Allocation Failure) 2020-10-29T08:53:48.646+0000: [ParNew: 16388K->4K(18432K), 0.0026792 secs] 459344K->442960K(896640K), 0.0027242 secs] [Times: user=0.01 sys=0.00, real=0.00 secs] 
2020-10-29T08:53:48.665+0000: [GC (Allocation Failure) 2020-10-29T08:53:48.665+0000: [ParNew: 16388K->4K(18432K), 0.0028424 secs] 459344K->442960K(896640K), 0.0028985 secs] [Times: user=0.00 sys=0.00, real=0.00 secs] 
2020-10-29T08:53:48.684+0000: [GC (Allocation Failure) 2020-10-29T08:53:48.684+0000: [ParNew: 16388K->4K(18432K), 0.0027788 secs] 459344K->442960K(896640K), 0.0028273 secs] [Times: user=0.00 sys=0.00, real=0.00 secs] 
2020-10-29T08:53:48.703+0000: [GC (Allocation Failure) 2020-10-29T08:53:48.703+0000: [ParNew: 16388K->4K(18432K), 0.0027275 secs] 459344K->442960K(896640K), 0.0027750 secs] [Times: user=0.00 sys=0.00, real=0.00 secs] 
2020-10-29T08:53:48.722+0000: [GC (Allocation Failure) 2020-10-29T08:53:48.722+0000: [ParNew: 16388K->4K(18432K), 0.0027752 secs] 459344K->442961K(896640K), 0.0028264 secs] [Times: user=0.01 sys=0.00, real=0.00 secs] 
2020-10-29T08:53:48.742+0000: [GC (Allocation Failure) 2020-10-29T08:53:48.742+0000: [ParNew: 16388K->4K(18432K), 0.0027625 secs] 459345K->442961K(896640K), 0.0028108 secs] [Times: user=0.01 sys=0.00, real=0.00 secs] 
2020-10-29T08:53:48.761+0000: [GC (Allocation Failure) 2020-10-29T08:53:48.761+0000: [ParNew: 16388K->4K(18432K), 0.0026166 secs] 459345K->442961K(896640K), 0.0026618 secs] [Times: user=0.00 sys=0.00, real=0.01 secs] 
2020-10-29T08:53:48.780+0000: [GC (Allocation Failure) 2020-10-29T08:53:48.780+0000: [ParNew: 16388K->4K(18432K), 0.0025796 secs] 459345K->442961K(896640K), 0.0026226 secs] [Times: user=0.01 sys=0.00, real=0.01 secs] 
2020-10-29T08:53:48.799+0000: [GC (Allocation Failure) 2020-10-29T08:53:48.799+0000: [ParNew: 16388K->4K(18432K), 0.0025985 secs] 459345K->442961K(896640K), 0.0026433 secs] [Times: user=0.00 sys=0.00, real=0.00 secs] 
2020-10-29T08:53:48.817+0000: [GC (Allocation Failure) 2020-10-29T08:53:48.817+0000: [ParNew: 16388K->4K(18432K), 0.0026699 secs] 459345K->442961K(896640K), 0.0027135 secs] [Times: user=0.00 sys=0.00, real=0.00 secs] 
2020-10-29T08:53:48.838+0000: [GC (Allocation Failure) 2020-10-29T08:53:48.838+0000: [ParNew: 16388K->4K(18432K), 0.0026389 secs] 459345K->442961K(896640K), 0.0026826 secs] [Times: user=0.00 sys=0.00, real=0.00 secs] 
2020-10-29T08:53:48.857+0000: [GC (Allocation Failure) 2020-10-29T08:53:48.857+0000: [ParNew: 16388K->6K(18432K), 0.0025433 secs] 459345K->442963K(896640K), 0.0025862 secs] [Times: user=0.00 sys=0.00, real=0.00 secs] 
2020-10-29T08:53:48.877+0000: [GC (Allocation Failure) 2020-10-29T08:53:48.877+0000: [ParNew: 16390K->4K(18432K), 0.0025268 secs] 459347K->442961K(896640K), 0.0025700 secs] [Times: user=0.01 sys=0.00, real=0.00 secs] 
2020-10-29T08:53:48.898+0000: [GC (Allocation Failure) 2020-10-29T08:53:48.898+0000: [ParNew: 16388K->4K(18432K), 0.0026019 secs] 459345K->442961K(896640K), 0.0026460 secs] [Times: user=0.01 sys=0.00, real=0.00 secs] 
2020-10-29T08:53:48.918+0000: [GC (Allocation Failure) 2020-10-29T08:53:48.918+0000: [ParNew: 16388K->6K(18432K), 0.0026447 secs] 459345K->442963K(896640K), 0.0026952 secs] [Times: user=0.00 sys=0.00, real=0.00 secs] 
2020-10-29T08:53:48.938+0000: [GC (Allocation Failure) 2020-10-29T08:53:48.938+0000: [ParNew: 16390K->4K(18432K), 0.0025595 secs] 459347K->442961K(896640K), 0.0026033 secs] [Times: user=0.01 sys=0.00, real=0.00 secs] 
2020-10-29T08:53:48.957+0000: [GC (Allocation Failure) 2020-10-29T08:53:48.957+0000: [ParNew: 16388K->4K(18432K), 0.0026352 secs] 459345K->442961K(896640K), 0.0026783 secs] [Times: user=0.01 sys=0.00, real=0.00 secs] 
2020-10-29T08:53:48.978+0000: [GC (Allocation Failure) 2020-10-29T08:53:48.978+0000: [ParNew: 16388K->4K(18432K), 0.0025479 secs] 459345K->442961K(896640K), 0.0025904 secs] [Times: user=0.00 sys=0.00, real=0.00 secs] 
2020-10-29T08:53:48.997+0000: [GC (Allocation Failure) 2020-10-29T08:53:48.997+0000: [ParNew: 16388K->4K(18432K), 0.0026735 secs] 459345K->442961K(896640K), 0.0027191 secs] [Times: user=0.01 sys=0.00, real=0.00 secs] 
2020-10-29T08:53:49.016+0000: [GC (Allocation Failure) 2020-10-29T08:53:49.016+0000: [ParNew: 16388K->4K(18432K), 0.0028108 secs] 459345K->442961K(896640K), 0.0028712 secs] [Times: user=0.00 sys=0.00, real=0.00 secs] 
2020-10-29T08:53:49.034+0000: [GC (Allocation Failure) 2020-10-29T08:53:49.034+0000: [ParNew: 16388K->4K(18432K), 0.0026304 secs] 459345K->442961K(896640K), 0.0026741 secs] [Times: user=0.01 sys=0.00, real=0.00 secs] 
2020-10-29T08:53:49.053+0000: [GC (Allocation Failure) 2020-10-29T08:53:49.053+0000: [ParNew: 16388K->4K(18432K), 0.0028051 secs] 459345K->442961K(896640K), 0.0028565 secs] [Times: user=0.00 sys=0.00, real=0.00 secs] 
2020-10-29T08:53:49.072+0000: [GC (Allocation Failure) 2020-10-29T08:53:49.072+0000: [ParNew: 16388K->4K(18432K), 0.0026621 secs] 459345K->442961K(896640K), 0.0027078 secs] [Times: user=0.01 sys=0.00, real=0.00 secs] 
2020-10-29T08:53:49.094+0000: [GC (Allocation Failure) 2020-10-29T08:53:49.094+0000: [ParNew: 16388K->4K(18432K), 0.0027281 secs] 459345K->442961K(896640K), 0.0027757 secs] [Times: user=0.00 sys=0.00, real=0.00 secs] 
2020-10-29T08:53:49.113+0000: [GC (Allocation Failure) 2020-10-29T08:53:49.113+0000: [ParNew: 16388K->4K(18432K), 0.0027198 secs] 459345K->442961K(896640K), 0.0027661 secs] [Times: user=0.01 sys=0.00, real=0.00 secs] 
2020-10-29T08:53:49.133+0000: [GC (Allocation Failure) 2020-10-29T08:53:49.133+0000: [ParNew: 16388K->4K(18432K), 0.0028663 secs] 459345K->442961K(896640K), 0.0029198 secs] [Times: user=0.01 sys=0.00, real=0.00 secs] 
2020-10-29T08:53:49.153+0000: [GC (Allocation Failure) 2020-10-29T08:53:49.153+0000: [ParNew: 16388K->6K(18432K), 0.0028333 secs] 459345K->442963K(896640K), 0.0028847 secs] [Times: user=0.01 sys=0.00, real=0.00 secs] 
2020-10-29T08:53:49.172+0000: [GC (Allocation Failure) 2020-10-29T08:53:49.172+0000: [ParNew: 16390K->4K(18432K), 0.0034959 secs] 459347K->442961K(896640K), 0.0035472 secs] [Times: user=0.01 sys=0.00, real=0.00 secs] 
2020-10-29T08:53:49.191+0000: [GC (Allocation Failure) 2020-10-29T08:53:49.191+0000: [ParNew: 16388K->4K(18432K), 0.0027690 secs] 459345K->442961K(896640K), 0.0028196 secs] [Times: user=0.00 sys=0.00, real=0.00 secs] 
2020-10-29T08:53:49.210+0000: [GC (Allocation Failure) 2020-10-29T08:53:49.210+0000: [ParNew: 16388K->4K(18432K), 0.0026541 secs] 459345K->442961K(896640K), 0.0027002 secs] [Times: user=0.00 sys=0.00, real=0.00 secs] 
2020-10-29T08:53:49.230+0000: [GC (Allocation Failure) 2020-10-29T08:53:49.230+0000: [ParNew: 16388K->4K(18432K), 0.0043251 secs] 459345K->442961K(896640K), 0.0043764 secs] [Times: user=0.01 sys=0.00, real=0.01 secs] 
2020-10-29T08:53:49.251+0000: [GC (Allocation Failure) 2020-10-29T08:53:49.251+0000: [ParNew: 16388K->4K(18432K), 0.0028297 secs] 459345K->442961K(896640K), 0.0028814 secs] [Times: user=0.00 sys=0.00, real=0.00 secs] 
2020-10-29T08:53:49.270+0000: [GC (Allocation Failure) 2020-10-29T08:53:49.270+0000: [ParNew: 16388K->4K(18432K), 0.0026936 secs] 459345K->442961K(896640K), 0.0027440 secs] [Times: user=0.01 sys=0.00, real=0.00 secs] 
2020-10-29T08:53:49.294+0000: [GC (Allocation Failure) 2020-10-29T08:53:49.294+0000: [ParNew: 16388K->4K(18432K), 0.0027126 secs] 459345K->442961K(896640K), 0.0027574 secs] [Times: user=0.00 sys=0.00, real=0.00 secs] 
2020-10-29T08:53:49.314+0000: [GC (Allocation Failure) 2020-10-29T08:53:49.314+0000: [ParNew: 16388K->4K(18432K), 0.0027709 secs] 459345K->442961K(896640K), 0.0028198 secs] [Times: user=0.00 sys=0.00, real=0.00 secs] 
2020-10-29T08:53:49.334+0000: [GC (Allocation Failure) 2020-10-29T08:53:49.334+0000: [ParNew: 16388K->4K(18432K), 0.0026972 secs] 459345K->442961K(896640K), 0.0027443 secs] [Times: user=0.01 sys=0.00, real=0.00 secs] 
2020-10-29T08:53:49.354+0000: [GC (Allocation Failure) 2020-10-29T08:53:49.354+0000: [ParNew: 16388K->4K(18432K), 0.0027690 secs] 459345K->442961K(896640K), 0.0028183 secs] [Times: user=0.00 sys=0.00, real=0.00 secs] 
2020-10-29T08:53:49.374+0000: [GC (Allocation Failure) 2020-10-29T08:53:49.374+0000: [ParNew: 16388K->4K(18432K), 0.0028245 secs] 459345K->442961K(896640K), 0.0028756 secs] [Times: user=0.01 sys=0.00, real=0.00 secs] 
2020-10-29T08:53:49.394+0000: [GC (Allocation Failure) 2020-10-29T08:53:49.394+0000: [ParNew: 16388K->4K(18432K), 0.0026656 secs] 459345K->442961K(896640K), 0.0027117 secs] [Times: user=0.00 sys=0.00, real=0.00 secs] 
2020-10-29T08:53:49.413+0000: [GC (Allocation Failure) 2020-10-29T08:53:49.413+0000: [ParNew: 16388K->4K(18432K), 0.0025485 secs] 459345K->442961K(896640K), 0.0025907 secs] [Times: user=0.01 sys=0.00, real=0.00 secs] 
2020-10-29T08:53:49.433+0000: [GC (Allocation Failure) 2020-10-29T08:53:49.433+0000: [ParNew: 16388K->6K(18432K), 0.0028792 secs] 459345K->442963K(896640K), 0.0029325 secs] [Times: user=0.01 sys=0.00, real=0.00 secs] 
2020-10-29T08:53:49.452+0000: [GC (Allocation Failure) 2020-10-29T08:53:49.453+0000: [ParNew: 16390K->4K(18432K), 0.0035323 secs] 459347K->442961K(896640K), 0.0036000 secs] [Times: user=0.01 sys=0.00, real=0.00 secs] 
2020-10-29T08:53:49.477+0000: [GC (Allocation Failure) 2020-10-29T08:53:49.477+0000: [ParNew: 16388K->4K(18432K), 0.0028277 secs] 459345K->442961K(896640K), 0.0028967 secs] [Times: user=0.00 sys=0.00, real=0.00 secs] 
2020-10-29T08:53:49.498+0000: [GC (Allocation Failure) 2020-10-29T08:53:49.498+0000: [ParNew: 16388K->4K(18432K), 0.0027807 secs] 459345K->442961K(896640K), 0.0028302 secs] [Times: user=0.01 sys=0.00, real=0.00 secs] 
2020-10-29T08:53:49.518+0000: [GC (Allocation Failure) 2020-10-29T08:53:49.518+0000: [ParNew: 16388K->6K(18432K), 0.0027007 secs] 459345K->442963K(896640K), 0.0027483 secs] [Times: user=0.01 sys=0.00, real=0.00 secs] 
2020-10-29T08:53:49.537+0000: [GC (Allocation Failure) 2020-10-29T08:53:49.537+0000: [ParNew: 16390K->4K(18432K), 0.0027769 secs] 459347K->442961K(896640K), 0.0028274 secs] [Times: user=0.01 sys=0.00, real=0.00 secs] 
2020-10-29T08:53:49.558+0000: [GC (Allocation Failure) 2020-10-29T08:53:49.558+0000: [ParNew: 16388K->4K(18432K), 0.0028691 secs] 459345K->442961K(896640K), 0.0029209 secs] [Times: user=0.00 sys=0.00, real=0.00 secs] 
2020-10-29T08:53:49.577+0000: [GC (Allocation Failure) 2020-10-29T08:53:49.577+0000: [ParNew: 16388K->4K(18432K), 0.0028438 secs] 459345K->442961K(896640K), 0.0028958 secs] [Times: user=0.01 sys=0.00, real=0.00 secs] 
2020-10-29T08:53:49.598+0000: [GC (Allocation Failure) 2020-10-29T08:53:49.598+0000: [ParNew: 16388K->4K(18432K), 0.0028408 secs] 459345K->442961K(896640K), 0.0028926 secs] [Times: user=0.01 sys=0.00, real=0.00 secs] 
2020-10-29T08:53:49.617+0000: [GC (Allocation Failure) 2020-10-29T08:53:49.617+0000: [ParNew: 16388K->4K(18432K), 0.0033132 secs] 459345K->442961K(896640K), 0.0033650 secs] [Times: user=0.01 sys=0.00, real=0.00 secs] 
2020-10-29T08:53:49.637+0000: [GC (Allocation Failure) 2020-10-29T08:53:49.637+0000: [ParNew: 16388K->4K(18432K), 0.0027737 secs] 459345K->442961K(896640K), 0.0028226 secs] [Times: user=0.00 sys=0.00, real=0.00 secs] 
2020-10-29T08:53:49.655+0000: [GC (Allocation Failure) 2020-10-29T08:53:49.655+0000: [ParNew: 16388K->4K(18432K), 0.0027052 secs] 459345K->442961K(896640K), 0.0027494 secs] [Times: user=0.00 sys=0.00, real=0.00 secs] 
2020-10-29T08:53:49.678+0000: [GC (Allocation Failure) 2020-10-29T08:53:49.678+0000: [ParNew: 16388K->4K(18432K), 0.0026426 secs] 459345K->442961K(896640K), 0.0026875 secs] [Times: user=0.00 sys=0.00, real=0.00 secs] 
2020-10-29T08:53:49.698+0000: [GC (Allocation Failure) 2020-10-29T08:53:49.698+0000: [ParNew: 16388K->4K(18432K), 0.0025804 secs] 459345K->442961K(896640K), 0.0026246 secs] [Times: user=0.01 sys=0.00, real=0.00 secs] 
2020-10-29T08:53:49.717+0000: [GC (Allocation Failure) 2020-10-29T08:53:49.717+0000: [ParNew: 16388K->4K(18432K), 0.0025906 secs] 459345K->442961K(896640K), 0.0026344 secs] [Times: user=0.00 sys=0.00, real=0.00 secs] 
2020-10-29T08:53:49.736+0000: [GC (Allocation Failure) 2020-10-29T08:53:49.736+0000: [ParNew: 16388K->4K(18432K), 0.0027504 secs] 459345K->442961K(896640K), 0.0027987 secs] [Times: user=0.01 sys=0.00, real=0.00 secs] 
2020-10-29T08:53:49.758+0000: [GC (Allocation Failure) 2020-10-29T08:53:49.758+0000: [ParNew: 16388K->4K(18432K), 0.0027308 secs] 459345K->442961K(896640K), 0.0027874 secs] [Times: user=0.01 sys=0.00, real=0.00 secs] 
2020-10-29T08:53:49.778+0000: [GC (Allocation Failure) 2020-10-29T08:53:49.778+0000: [ParNew: 16388K->4K(18432K), 0.0028672 secs] 459345K->442961K(896640K), 0.0029297 secs] [Times: user=0.01 sys=0.00, real=0.00 secs] 
2020-10-29T08:53:49.797+0000: [GC (Allocation Failure) 2020-10-29T08:53:49.797+0000: [ParNew: 16388K->4K(18432K), 0.0029224 secs] 459345K->442961K(896640K), 0.0029740 secs] [Times: user=0.00 sys=0.00, real=0.00 secs] 
2020-10-29T08:53:49.816+0000: [GC (Allocation Failure) 2020-10-29T08:53:49.816+0000: [ParNew: 16388K->4K(18432K), 0.0027080 secs] 459345K->442961K(896640K), 0.0027561 secs] [Times: user=0.01 sys=0.00, real=0.00 secs] 
2020-10-29T08:53:49.835+0000: [GC (Allocation Failure) 2020-10-29T08:53:49.835+0000: [ParNew: 16388K->4K(18432K), 0.0027543 secs] 459345K->442961K(896640K), 0.0028052 secs] [Times: user=0.01 sys=0.00, real=0.00 secs] 
2020-10-29T08:53:49.854+0000: [GC (Allocation Failure) 2020-10-29T08:53:49.854+0000: [ParNew: 16388K->4K(18432K), 0.0027855 secs] 459345K->442961K(896640K), 0.0028361 secs] [Times: user=0.01 sys=0.00, real=0.00 secs] 
2020-10-29T08:53:49.874+0000: [GC (Allocation Failure) 2020-10-29T08:53:49.874+0000: [ParNew: 16388K->4K(18432K), 0.0028013 secs] 459345K->442961K(896640K), 0.0028514 secs] [Times: user=0.00 sys=0.00, real=0.00 secs] 
2020-10-29T08:53:49.894+0000: [GC (Allocation Failure) 2020-10-29T08:53:49.894+0000: [ParNew: 16388K->4K(18432K), 0.0027582 secs] 459345K->442961K(896640K), 0.0028071 secs] [Times: user=0.01 sys=0.00, real=0.00 secs] 
2020-10-29T08:53:49.914+0000: [GC (Allocation Failure) 2020-10-29T08:53:49.914+0000: [ParNew: 16388K->4K(18432K), 0.0027276 secs] 459345K->442961K(896640K), 0.0027754 secs] [Times: user=0.01 sys=0.00, real=0.00 secs] 
2020-10-29T08:53:49.933+0000: [GC (Allocation Failure) 2020-10-29T08:53:49.933+0000: [ParNew: 16388K->4K(18432K), 0.0027884 secs] 459345K->442961K(896640K), 0.0028388 secs] [Times: user=0.00 sys=0.00, real=0.00 secs] 
2020-10-29T08:53:49.952+0000: [GC (Allocation Failure) 2020-10-29T08:53:49.952+0000: [ParNew: 16388K->4K(18432K), 0.0027428 secs] 459345K->442961K(896640K), 0.0027894 secs] [Times: user=0.01 sys=0.00, real=0.00 secs] 
2020-10-29T08:53:49.970+0000: [GC (Allocation Failure) 2020-10-29T08:53:49.970+0000: [ParNew: 16388K->4K(18432K), 0.0026590 secs] 459345K->442961K(896640K), 0.0027048 secs] [Times: user=0.00 sys=0.00, real=0.00 secs] 
2020-10-29T08:53:49.990+0000: [GC (Allocation Failure) 2020-10-29T08:53:49.990+0000: [ParNew: 16388K->4K(18432K), 0.0027784 secs] 459345K->442961K(896640K), 0.0028286 secs] [Times: user=0.00 sys=0.00, real=0.00 secs] 
2020-10-29T08:53:50.018+0000: [GC (Allocation Failure) 2020-10-29T08:53:50.018+0000: [ParNew: 16388K->4K(18432K), 0.0029373 secs] 475729K->459345K(896640K), 0.0029945 secs] [Times: user=0.01 sys=0.00, real=0.00 secs] 
2020-10-29T08:53:50.022+0000: [GC (CMS Initial Mark) [1 CMS-initial-mark: 459341K(878208K)] 460223K(896640K), 0.0016922 secs] [Times: user=0.00 sys=0.00, real=0.00 secs] 
2020-10-29T08:53:50.024+0000: [CMS-concurrent-mark-start]
2020-10-29T08:53:50.047+0000: [GC (Allocation Failure) 2020-10-29T08:53:50.047+0000: [ParNew: 16388K->4K(18432K), 0.0027824 secs] 475729K->459345K(896640K), 0.0028410 secs] [Times: user=0.00 sys=0.00, real=0.00 secs] 
2020-10-29T08:53:50.069+0000: [GC (Allocation Failure) 2020-10-29T08:53:50.069+0000: [ParNew: 16388K->4K(18432K), 0.0026719 secs] 475729K->459345K(896640K), 0.0027214 secs] [Times: user=0.01 sys=0.00, real=0.01 secs] 
2020-10-29T08:53:50.094+0000: [GC (Allocation Failure) 2020-10-29T08:53:50.094+0000: [ParNew: 16388K->4K(18432K), 0.0028669 secs] 475729K->459345K(896640K), 0.0029211 secs] [Times: user=0.00 sys=0.00, real=0.00 secs] 
2020-10-29T08:53:50.118+0000: [GC (Allocation Failure) 2020-10-29T08:53:50.118+0000: [ParNew: 16388K->4K(18432K), 0.0029254 secs] 475729K->459345K(896640K), 0.0029816 secs] [Times: user=0.01 sys=0.00, real=0.00 secs] 
2020-10-29T08:53:50.140+0000: [CMS-concurrent-mark: 0.099/0.116 secs] [Times: user=0.23 sys=0.00, real=0.11 secs] 
2020-10-29T08:53:50.140+0000: [GC (Allocation Failure) 2020-10-29T08:53:50.140+0000: [ParNew: 16388K->4K(18432K), 0.0029546 secs] 475729K->459345K(896640K), 0.0029973 secs] [Times: user=0.00 sys=0.00, real=0.01 secs] 
2020-10-29T08:53:50.143+0000: [CMS-concurrent-preclean-start]
2020-10-29T08:53:50.145+0000: [CMS-concurrent-preclean: 0.002/0.002 secs] [Times: user=0.01 sys=0.00, real=0.00 secs] 
2020-10-29T08:53:50.145+0000: [GC (CMS Final Remark) [YG occupancy: 1845 K (18432 K)]2020-10-29T08:53:50.145+0000: [Rescan (parallel) , 0.0026813 secs]2020-10-29T08:53:50.148+0000: [weak refs processing, 0.0000579 secs]2020-10-29T08:53:50.148+0000: [class unloading, 0.0088228 secs]2020-10-29T08:53:50.157+0000: [scrub symbol table, 0.0090884 secs]2020-10-29T08:53:50.166+0000: [scrub string table, 0.0006011 secs][1 CMS-remark: 459341K(878208K)] 461187K(896640K), 0.0213816 secs] [Times: user=0.02 sys=0.00, real=0.02 secs] 
2020-10-29T08:53:50.167+0000: [CMS-concurrent-sweep-start]
2020-10-29T08:53:50.180+0000: [CMS-concurrent-sweep: 0.013/0.013 secs] [Times: user=0.03 sys=0.00, real=0.01 secs] 
2020-10-29T08:53:50.180+0000: [CMS-concurrent-reset-start]
2020-10-29T08:53:50.182+0000: [CMS-concurrent-reset: 0.002/0.002 secs] [Times: user=0.00 sys=0.00, real=0.00 secs] 
2020-10-29T08:53:50.189+0000: [GC (Allocation Failure) 2020-10-29T08:53:50.189+0000: [ParNew: 16388K->4K(18432K), 0.0030855 secs] 237960K->221576K(896640K), 0.0031373 secs] [Times: user=0.01 sys=0.00, real=0.01 secs] 
2020-10-29T08:53:50.210+0000: [GC (Allocation Failure) 2020-10-29T08:53:50.210+0000: [ParNew: 16388K->4K(18432K), 0.0029749 secs] 237960K->221576K(896640K), 0.0030305 secs] [Times: user=0.00 sys=0.00, real=0.00 secs] 
2020-10-29T08:53:50.230+0000: [GC (Allocation Failure) 2020-10-29T08:53:50.230+0000: [ParNew: 16388K->4K(18432K), 0.0028985 secs] 237960K->221576K(896640K), 0.0029567 secs] [Times: user=0.01 sys=0.00, real=0.00 secs] 
2020-10-29T08:53:50.250+0000: [GC (Allocation Failure) 2020-10-29T08:53:50.250+0000: [ParNew: 16388K->4K(18432K), 0.0029830 secs] 237960K->221576K(896640K), 0.0030379 secs] [Times: user=0.00 sys=0.00, real=0.00 secs] 
2020-10-29T08:53:50.269+0000: [GC (Allocation Failure) 2020-10-29T08:53:50.269+0000: [ParNew: 16388K->4K(18432K), 0.0029129 secs] 237960K->221576K(896640K), 0.0029640 secs] [Times: user=0.00 sys=0.00, real=0.01 secs] 
2020-10-29T08:53:50.288+0000: [GC (Allocation Failure) 2020-10-29T08:53:50.288+0000: [ParNew: 16388K->4K(18432K), 0.0026738 secs] 237960K->221576K(896640K), 0.0027193 secs] [Times: user=0.00 sys=0.00, real=0.01 secs] 
2020-10-29T08:53:50.307+0000: [GC (Allocation Failure) 2020-10-29T08:53:50.307+0000: [ParNew: 16388K->4K(18432K), 0.0027144 secs] 237960K->221576K(896640K), 0.0027609 secs] [Times: user=0.01 sys=0.00, real=0.00 secs] 
2020-10-29T08:53:50.325+0000: [GC (Allocation Failure) 2020-10-29T08:53:50.325+0000: [ParNew: 16388K->4K(18432K), 0.0026780 secs] 237960K->221576K(896640K), 0.0027238 secs] [Times: user=0.01 sys=0.00, real=0.00 secs] 
2020-10-29T08:53:50.344+0000: [GC (Allocation Failure) 2020-10-29T08:53:50.344+0000: [ParNew: 16388K->4K(18432K), 0.0027407 secs] 237960K->221576K(896640K), 0.0027883 secs] [Times: user=0.00 sys=0.00, real=0.00 secs] 
2020-10-29T08:53:50.363+0000: [GC (Allocation Failure) 2020-10-29T08:53:50.363+0000: [ParNew: 16388K->4K(18432K), 0.0029216 secs] 237960K->221576K(896640K), 0.0029740 secs] [Times: user=0.01 sys=0.00, real=0.00 secs] 
2020-10-29T08:53:50.382+0000: [GC (Allocation Failure) 2020-10-29T08:53:50.382+0000: [ParNew: 16388K->4K(18432K), 0.0027976 secs] 237960K->221576K(896640K), 0.0028457 secs] [Times: user=0.01 sys=0.00, real=0.00 secs] 
2020-10-29T08:53:50.401+0000: [GC (Allocation Failure) 2020-10-29T08:53:50.401+0000: [ParNew: 16388K->4K(18432K), 0.0028707 secs] 237960K->221576K(896640K), 0.0029205 secs] [Times: user=0.00 sys=0.00, real=0.01 secs] 
2020-10-29T08:53:50.422+0000: [GC (Allocation Failure) 2020-10-29T08:53:50.422+0000: [ParNew: 16388K->6K(18432K), 0.0027969 secs] 237960K->221578K(896640K), 0.0028441 secs] [Times: user=0.01 sys=0.00, real=0.00 secs] 
2020-10-29T08:53:50.442+0000: [GC (Allocation Failure) 2020-10-29T08:53:50.442+0000: [ParNew: 16390K->4K(18432K), 0.0027768 secs] 237962K->221576K(896640K), 0.0028231 secs] [Times: user=0.00 sys=0.00, real=0.00 secs] 
2020-10-29T08:53:50.462+0000: [GC (Allocation Failure) 2020-10-29T08:53:50.462+0000: [ParNew: 16388K->4K(18432K), 0.0026262 secs] 237960K->221576K(896640K), 0.0026700 secs] [Times: user=0.01 sys=0.00, real=0.00 secs] 
2020-10-29T08:53:50.481+0000: [GC (Allocation Failure) 2020-10-29T08:53:50.481+0000: [ParNew: 16388K->4K(18432K), 0.0025620 secs] 237960K->221576K(896640K), 0.0026037 secs] [Times: user=0.00 sys=0.00, real=0.01 secs] 
2020-10-29T08:53:50.499+0000: [GC (Allocation Failure) 2020-10-29T08:53:50.499+0000: [ParNew: 16388K->4K(18432K), 0.0025857 secs] 237960K->221576K(896640K), 0.0026286 secs] [Times: user=0.01 sys=0.00, real=0.00 secs] 
2020-10-29T08:53:50.518+0000: [GC (Allocation Failure) 2020-10-29T08:53:50.518+0000: [ParNew: 16388K->4K(18432K), 0.0028871 secs] 237960K->221576K(896640K), 0.0029381 secs] [Times: user=0.01 sys=0.00, real=0.00 secs] 
2020-10-29T08:53:50.538+0000: [GC (Allocation Failure) 2020-10-29T08:53:50.538+0000: [ParNew: 16388K->4K(18432K), 0.0026091 secs] 237960K->221576K(896640K), 0.0026523 secs] [Times: user=0.00 sys=0.00, real=0.00 secs] 
2020-10-29T08:53:50.558+0000: [GC (Allocation Failure) 2020-10-29T08:53:50.558+0000: [ParNew: 16388K->4K(18432K), 0.0027199 secs] 237960K->221576K(896640K), 0.0027661 secs] [Times: user=0.01 sys=0.00, real=0.00 secs] 
2020-10-29T08:53:50.577+0000: [GC (Allocation Failure) 2020-10-29T08:53:50.577+0000: [ParNew: 16388K->4K(18432K), 0.0028785 secs] 237960K->221576K(896640K), 0.0029273 secs] [Times: user=0.00 sys=0.00, real=0.00 secs] 
2020-10-29T08:53:50.598+0000: [GC (Allocation Failure) 2020-10-29T08:53:50.598+0000: [ParNew: 16388K->4K(18432K), 0.0028216 secs] 237960K->221576K(896640K), 0.0028702 secs] [Times: user=0.00 sys=0.00, real=0.00 secs] 
2020-10-29T08:53:50.617+0000: [GC (Allocation Failure) 2020-10-29T08:53:50.617+0000: [ParNew: 16388K->4K(18432K), 0.0025963 secs] 237960K->221576K(896640K), 0.0026390 secs] [Times: user=0.00 sys=0.00, real=0.00 secs] 
2020-10-29T08:53:50.636+0000: [GC (Allocation Failure) 2020-10-29T08:53:50.636+0000: [ParNew: 16388K->4K(18432K), 0.0027848 secs] 237960K->221576K(896640K), 0.0028338 secs] [Times: user=0.01 sys=0.00, real=0.00 secs] 
2020-10-29T08:53:50.654+0000: [GC (Allocation Failure) 2020-10-29T08:53:50.654+0000: [ParNew: 16388K->4K(18432K), 0.0028654 secs] 237960K->221576K(896640K), 0.0029168 secs] [Times: user=0.00 sys=0.00, real=0.00 secs] 
2020-10-29T08:53:50.673+0000: [GC (Allocation Failure) 2020-10-29T08:53:50.673+0000: [ParNew: 16388K->4K(18432K), 0.0027740 secs] 237960K->221576K(896640K), 0.0028192 secs] [Times: user=0.00 sys=0.00, real=0.00 secs] 
2020-10-29T08:53:50.694+0000: [GC (Allocation Failure) 2020-10-29T08:53:50.694+0000: [ParNew: 16388K->4K(18432K), 0.0027099 secs] 237960K->221576K(896640K), 0.0027564 secs] [Times: user=0.00 sys=0.00, real=0.00 secs] 
2020-10-29T08:53:50.713+0000: [GC (Allocation Failure) 2020-10-29T08:53:50.713+0000: [ParNew: 16388K->4K(18432K), 0.0028000 secs] 237960K->221576K(896640K), 0.0028481 secs] [Times: user=0.01 sys=0.00, real=0.00 secs] 
2020-10-29T08:53:50.732+0000: [GC (Allocation Failure) 2020-10-29T08:53:50.732+0000: [ParNew: 16388K->4K(18432K), 0.0028370 secs] 237960K->221576K(896640K), 0.0028869 secs] [Times: user=0.01 sys=0.00, real=0.00 secs] 
2020-10-29T08:53:50.754+0000: [GC (Allocation Failure) 2020-10-29T08:53:50.754+0000: [ParNew: 16388K->6K(18432K), 0.0028387 secs] 237960K->221578K(896640K), 0.0028886 secs] [Times: user=0.01 sys=0.00, real=0.00 secs] 
2020-10-29T08:53:50.774+0000: [GC (Allocation Failure) 2020-10-29T08:53:50.774+0000: [ParNew: 16390K->4K(18432K), 0.0029868 secs] 237962K->221576K(896640K), 0.0030417 secs] [Times: user=0.01 sys=0.01, real=0.00 secs] 
2020-10-29T08:53:50.793+0000: [GC (Allocation Failure) 2020-10-29T08:53:50.793+0000: [ParNew: 16388K->4K(18432K), 0.0029654 secs] 237960K->221576K(896640K), 0.0030281 secs] [Times: user=0.00 sys=0.00, real=0.00 secs] 
2020-10-29T08:53:50.812+0000: [GC (Allocation Failure) 2020-10-29T08:53:50.812+0000: [ParNew: 16388K->4K(18432K), 0.0027806 secs] 237960K->221576K(896640K), 0.0028278 secs] [Times: user=0.01 sys=0.00, real=0.00 secs] 
2020-10-29T08:53:50.834+0000: [GC (Allocation Failure) 2020-10-29T08:53:50.834+0000: [ParNew: 16388K->4K(18432K), 0.0029076 secs] 237960K->221576K(896640K), 0.0029599 secs] [Times: user=0.00 sys=0.00, real=0.00 secs] 
2020-10-29T08:53:50.854+0000: [GC (Allocation Failure) 2020-10-29T08:53:50.854+0000: [ParNew: 16388K->4K(18432K), 0.0026732 secs] 237960K->221576K(896640K), 0.0027187 secs] [Times: user=0.00 sys=0.00, real=0.00 secs] 
2020-10-29T08:53:50.873+0000: [GC (Allocation Failure) 2020-10-29T08:53:50.873+0000: [ParNew: 16388K->4K(18432K), 0.0027853 secs] 237960K->221576K(896640K), 0.0028333 secs] [Times: user=0.01 sys=0.00, real=0.00 secs] 
2020-10-29T08:53:50.892+0000: [GC (Allocation Failure) 2020-10-29T08:53:50.892+0000: [ParNew: 16388K->4K(18432K), 0.0027742 secs] 237960K->221576K(896640K), 0.0028214 secs] [Times: user=0.00 sys=0.00, real=0.00 secs] 
2020-10-29T08:53:50.906+0000: [GC (Allocation Failure) 2020-10-29T08:53:50.906+0000: [ParNew: 16388K->4K(18432K), 0.0040226 secs] 237960K->229768K(896640K), 0.0040733 secs] [Times: user=0.01 sys=0.00, real=0.01 secs] 
2020-10-29T08:53:50.927+0000: [GC (Allocation Failure) 2020-10-29T08:53:50.927+0000: [ParNew: 16388K->4K(18432K), 0.0029570 secs] 246152K->229768K(896640K), 0.0030090 secs] [Times: user=0.00 sys=0.00, real=0.00 secs] 
2020-10-29T08:53:50.945+0000: [GC (Allocation Failure) 2020-10-29T08:53:50.945+0000: [ParNew: 16388K->4K(18432K), 0.0029736 secs] 246152K->229768K(896640K), 0.0030248 secs] [Times: user=0.01 sys=0.00, real=0.00 secs] 
2020-10-29T08:53:50.964+0000: [GC (Allocation Failure) 2020-10-29T08:53:50.964+0000: [ParNew: 16388K->4K(18432K), 0.0028806 secs] 246152K->229768K(896640K), 0.0029299 secs] [Times: user=0.01 sys=0.00, real=0.00 secs] 
2020-10-29T08:53:50.986+0000: [GC (Allocation Failure) 2020-10-29T08:53:50.986+0000: [ParNew: 16388K->4K(18432K), 0.0029322 secs] 246152K->229768K(896640K), 0.0029831 secs] [Times: user=0.01 sys=0.00, real=0.00 secs] 
2020-10-29T08:53:51.006+0000: [GC (Allocation Failure) 2020-10-29T08:53:51.006+0000: [ParNew: 16378K->4K(18432K), 0.0029042 secs] 246143K->229768K(896640K), 0.0029550 secs] [Times: user=0.01 sys=0.00, real=0.00 secs] 
2020-10-29T08:53:51.025+0000: [GC (Allocation Failure) 2020-10-29T08:53:51.025+0000: [ParNew: 16388K->4K(18432K), 0.0030088 secs] 246152K->229768K(896640K), 0.0030653 secs] [Times: user=0.00 sys=0.00, real=0.00 secs] 
2020-10-29T08:53:51.044+0000: [GC (Allocation Failure) 2020-10-29T08:53:51.044+0000: [ParNew: 16388K->4K(18432K), 0.0029899 secs] 246152K->229768K(896640K), 0.0030438 secs] [Times: user=0.00 sys=0.00, real=0.00 secs] 
2020-10-29T08:53:51.064+0000: [GC (Allocation Failure) 2020-10-29T08:53:51.064+0000: [ParNew: 16388K->4K(18432K), 0.0028274 secs] 246152K->229768K(896640K), 0.0028882 secs] [Times: user=0.01 sys=0.00, real=0.00 secs] 
2020-10-29T08:53:51.082+0000: [GC (Allocation Failure) 2020-10-29T08:53:51.082+0000: [ParNew: 16388K->4K(18432K), 0.0028048 secs] 246152K->229768K(896640K), 0.0028540 secs] [Times: user=0.00 sys=0.00, real=0.00 secs] 
2020-10-29T08:53:51.101+0000: [GC (Allocation Failure) 2020-10-29T08:53:51.101+0000: [ParNew: 16387K->4K(18432K), 0.0028130 secs] 246152K->229768K(896640K), 0.0028591 secs] [Times: user=0.00 sys=0.00, real=0.01 secs] 
2020-10-29T08:53:51.120+0000: [GC (Allocation Failure) 2020-10-29T08:53:51.120+0000: [ParNew: 16388K->4K(18432K), 0.0028317 secs] 246152K->229768K(896640K), 0.0028782 secs] [Times: user=0.00 sys=0.00, real=0.01 secs] 
2020-10-29T08:53:51.139+0000: [GC (Allocation Failure) 2020-10-29T08:53:51.139+0000: [ParNew: 16388K->4K(18432K), 0.0026989 secs] 246152K->229768K(896640K), 0.0027445 secs] [Times: user=0.01 sys=0.00, real=0.00 secs] 
2020-10-29T08:53:51.158+0000: [GC (Allocation Failure) 2020-10-29T08:53:51.158+0000: [ParNew: 16388K->4K(18432K), 0.0028637 secs] 246152K->229768K(896640K), 0.0029131 secs] [Times: user=0.01 sys=0.00, real=0.00 secs] 
2020-10-29T08:53:51.178+0000: [GC (Allocation Failure) 2020-10-29T08:53:51.178+0000: [ParNew: 16388K->4K(18432K), 0.0028746 secs] 246152K->229769K(896640K), 0.0029325 secs] [Times: user=0.00 sys=0.00, real=0.00 secs] 
2020-10-29T08:53:51.198+0000: [GC (Allocation Failure) 2020-10-29T08:53:51.198+0000: [ParNew: 16388K->4K(18432K), 0.0028299 secs] 246153K->229769K(896640K), 0.0029040 secs] [Times: user=0.00 sys=0.00, real=0.00 secs] 
2020-10-29T08:53:51.217+0000: [GC (Allocation Failure) 2020-10-29T08:53:51.217+0000: [ParNew: 16388K->4K(18432K), 0.0028320 secs] 246153K->229769K(896640K), 0.0028811 secs] [Times: user=0.01 sys=0.00, real=0.00 secs] 
2020-10-29T08:53:51.236+0000: [GC (Allocation Failure) 2020-10-29T08:53:51.236+0000: [ParNew: 16388K->4K(18432K), 0.0036376 secs] 246153K->229769K(896640K), 0.0036839 secs] [Times: user=0.01 sys=0.00, real=0.00 secs] 
2020-10-29T08:53:51.257+0000: [GC (Allocation Failure) 2020-10-29T08:53:51.257+0000: [ParNew: 16388K->4K(18432K), 0.0029843 secs] 246153K->229769K(896640K), 0.0030398 secs] [Times: user=0.00 sys=0.00, real=0.00 secs] 
2020-10-29T08:53:51.278+0000: [GC (Allocation Failure) 2020-10-29T08:53:51.278+0000: [ParNew: 16388K->4K(18432K), 0.0029142 secs] 246153K->229769K(896640K), 0.0029655 secs] [Times: user=0.00 sys=0.00, real=0.00 secs] 
2020-10-29T08:53:51.297+0000: [GC (Allocation Failure) 2020-10-29T08:53:51.297+0000: [ParNew: 16388K->6K(18432K), 0.0028511 secs] 246153K->229771K(896640K), 0.0029016 secs] [Times: user=0.01 sys=0.00, real=0.00 secs] 
2020-10-29T08:53:51.318+0000: [GC (Allocation Failure) 2020-10-29T08:53:51.318+0000: [ParNew: 16390K->4K(18432K), 0.0026883 secs] 246155K->229769K(896640K), 0.0027328 secs] [Times: user=0.01 sys=0.00, real=0.00 secs] 
2020-10-29T08:53:51.337+0000: [GC (Allocation Failure) 2020-10-29T08:53:51.337+0000: [ParNew: 16388K->4K(18432K), 0.0027098 secs] 246153K->229769K(896640K), 0.0027557 secs] [Times: user=0.01 sys=0.00, real=0.00 secs] 
2020-10-29T08:53:51.358+0000: [GC (Allocation Failure) 2020-10-29T08:53:51.358+0000: [ParNew: 16388K->4K(18432K), 0.0029331 secs] 246153K->229769K(896640K), 0.0029851 secs] [Times: user=0.01 sys=0.00, real=0.00 secs] 
2020-10-29T08:53:51.377+0000: [GC (Allocation Failure) 2020-10-29T08:53:51.377+0000: [ParNew: 16388K->4K(18432K), 0.0029479 secs] 246153K->229769K(896640K), 0.0029979 secs] [Times: user=0.00 sys=0.00, real=0.00 secs] 
2020-10-29T08:53:51.396+0000: [GC (Allocation Failure) 2020-10-29T08:53:51.396+0000: [ParNew: 16388K->4K(18432K), 0.0028310 secs] 246153K->229769K(896640K), 0.0028819 secs] [Times: user=0.01 sys=0.00, real=0.00 secs] 
2020-10-29T08:53:51.410+0000: [GC (Allocation Failure) 2020-10-29T08:53:51.410+0000: [ParNew: 11308K->4K(18432K), 0.0025305 secs] 241073K->229769K(896640K), 0.0025723 secs] [Times: user=0.01 sys=0.00, real=0.01 secs] 
2020-10-29T08:53:51.421+0000: [GC (Allocation Failure) 2020-10-29T08:53:51.421+0000: [ParNew: 16388K->4K(18432K), 0.0033767 secs] 246153K->237961K(896640K), 0.0034197 secs] [Times: user=0.01 sys=0.00, real=0.01 secs] 
2020-10-29T08:53:51.442+0000: [GC (Allocation Failure) 2020-10-29T08:53:51.442+0000: [ParNew: 16388K->4K(18432K), 0.0028656 secs] 254345K->237961K(896640K), 0.0029139 secs] [Times: user=0.01 sys=0.00, real=0.00 secs] 
2020-10-29T08:53:51.462+0000: [GC (Allocation Failure) 2020-10-29T08:53:51.462+0000: [ParNew: 16388K->4K(18432K), 0.0026901 secs] 254345K->237961K(896640K), 0.0027340 secs] [Times: user=0.01 sys=0.00, real=0.00 secs] 
2020-10-29T08:53:51.481+0000: [GC (Allocation Failure) 2020-10-29T08:53:51.481+0000: [ParNew: 16388K->4K(18432K), 0.0028237 secs] 254345K->237961K(896640K), 0.0028682 secs] [Times: user=0.00 sys=0.00, real=0.01 secs] 
2020-10-29T08:53:51.501+0000: [GC (Allocation Failure) 2020-10-29T08:53:51.501+0000: [ParNew: 16388K->4K(18432K), 0.0029868 secs] 270729K->254345K(896640K), 0.0030428 secs] [Times: user=0.00 sys=0.00, real=0.01 secs] 
2020-10-29T08:53:51.522+0000: [GC (Allocation Failure) 2020-10-29T08:53:51.522+0000: [ParNew: 16388K->4K(18432K), 0.0029751 secs] 270729K->254345K(896640K), 0.0030376 secs] [Times: user=0.00 sys=0.00, real=0.00 secs] 
2020-10-29T08:53:51.542+0000: [GC (Allocation Failure) 2020-10-29T08:53:51.542+0000: [ParNew: 16388K->6K(18432K), 0.0028354 secs] 270729K->254347K(896640K), 0.0028854 secs] [Times: user=0.01 sys=0.00, real=0.00 secs] 
2020-10-29T08:53:51.562+0000: [GC (Allocation Failure) 2020-10-29T08:53:51.562+0000: [ParNew: 16390K->4K(18432K), 0.0028600 secs] 270731K->254345K(896640K), 0.0029113 secs] [Times: user=0.01 sys=0.00, real=0.00 secs] 
2020-10-29T08:53:51.581+0000: [GC (Allocation Failure) 2020-10-29T08:53:51.581+0000: [ParNew: 16388K->4K(18432K), 0.0030058 secs] 270729K->254345K(896640K), 0.0030562 secs] [Times: user=0.00 sys=0.00, real=0.01 secs] 
2020-10-29T08:53:51.600+0000: [GC (Allocation Failure) 2020-10-29T08:53:51.600+0000: [ParNew: 16388K->4K(18432K), 0.0028223 secs] 270729K->254345K(896640K), 0.0028694 secs] [Times: user=0.00 sys=0.00, real=0.01 secs] 
2020-10-29T08:53:51.626+0000: [GC (Allocation Failure) 2020-10-29T08:53:51.626+0000: [ParNew: 16388K->8K(18432K), 0.0029024 secs] 270729K->254349K(896640K), 0.0029504 secs] [Times: user=0.01 sys=0.00, real=0.00 secs] 
2020-10-29T08:53:51.651+0000: [GC (Allocation Failure) 2020-10-29T08:53:51.651+0000: [ParNew: 16392K->9K(18432K), 0.0029548 secs] 270733K->254350K(896640K), 0.0030068 secs] [Times: user=0.01 sys=0.00, real=0.00 secs] 
2020-10-29T08:53:51.670+0000: [GC (Allocation Failure) 2020-10-29T08:53:51.670+0000: [ParNew: 16393K->8K(18432K), 0.0027898 secs] 270734K->254349K(896640K), 0.0028373 secs] [Times: user=0.01 sys=0.00, real=0.00 secs] 
2020-10-29T08:53:51.689+0000: [GC (Allocation Failure) 2020-10-29T08:53:51.689+0000: [ParNew: 16392K->7K(18432K), 0.0028966 secs] 270733K->254348K(896640K), 0.0029472 secs] [Times: user=0.00 sys=0.00, real=0.01 secs] 
2020-10-29T08:53:51.708+0000: [GC (Allocation Failure) 2020-10-29T08:53:51.708+0000: [ParNew: 16391K->7K(18432K), 0.0026674 secs] 270732K->254348K(896640K), 0.0027125 secs] [Times: user=0.01 sys=0.00, real=0.01 secs] 
2020-10-29T08:53:51.730+0000: [GC (Allocation Failure) 2020-10-29T08:53:51.730+0000: [ParNew: 16391K->7K(18432K), 0.0027420 secs] 270732K->254348K(896640K), 0.0027886 secs] [Times: user=0.01 sys=0.00, real=0.00 secs] 
2020-10-29T08:53:51.749+0000: [GC (Allocation Failure) 2020-10-29T08:53:51.749+0000: [ParNew: 16391K->5K(18432K), 0.0028402 secs] 270732K->254348K(896640K), 0.0028901 secs] [Times: user=0.00 sys=0.00, real=0.01 secs] 
2020-10-29T08:53:51.770+0000: [GC (Allocation Failure) 2020-10-29T08:53:51.770+0000: [ParNew: 16389K->4K(18432K), 0.0026095 secs] 270732K->254348K(896640K), 0.0026520 secs] [Times: user=0.00 sys=0.00, real=0.00 secs] 
2020-10-29T08:53:51.790+0000: [GC (Allocation Failure) 2020-10-29T08:53:51.790+0000: [ParNew: 16388K->4K(18432K), 0.0027327 secs] 270732K->254348K(896640K), 0.0028012 secs] [Times: user=0.01 sys=0.00, real=0.00 secs] 
2020-10-29T08:53:51.809+0000: [GC (Allocation Failure) 2020-10-29T08:53:51.809+0000: [ParNew: 16388K->4K(18432K), 0.0027116 secs] 270732K->254348K(896640K), 0.0027575 secs] [Times: user=0.00 sys=0.00, real=0.01 secs] 
2020-10-29T08:53:51.833+0000: [GC (Allocation Failure) 2020-10-29T08:53:51.833+0000: [ParNew: 16388K->4K(18432K), 0.0030094 secs] 270732K->254348K(896640K), 0.0030645 secs] [Times: user=0.00 sys=0.00, real=0.00 secs] 
2020-10-29T08:53:51.854+0000: [GC (Allocation Failure) 2020-10-29T08:53:51.854+0000: [ParNew: 16388K->6K(18432K), 0.0028085 secs] 270732K->254350K(896640K), 0.0028566 secs] [Times: user=0.01 sys=0.00, real=0.00 secs] 
2020-10-29T08:53:51.874+0000: [GC (Allocation Failure) 2020-10-29T08:53:51.874+0000: [ParNew: 16390K->4K(18432K), 0.0029620 secs] 270734K->254348K(896640K), 0.0030095 secs] [Times: user=0.00 sys=0.00, real=0.00 secs] 
2020-10-29T08:53:51.892+0000: [GC (Allocation Failure) 2020-10-29T08:53:51.892+0000: [ParNew: 16388K->4K(18432K), 0.0027221 secs] 270732K->254348K(896640K), 0.0027678 secs] [Times: user=0.00 sys=0.00, real=0.00 secs] 
2020-10-29T08:53:51.914+0000: [GC (Allocation Failure) 2020-10-29T08:53:51.914+0000: [ParNew: 16388K->4K(18432K), 0.0028342 secs] 270732K->254348K(896640K), 0.0028827 secs] [Times: user=0.01 sys=0.00, real=0.00 secs] 
2020-10-29T08:53:51.933+0000: [GC (Allocation Failure) 2020-10-29T08:53:51.933+0000: [ParNew: 16388K->4K(18432K), 0.0029456 secs] 270732K->254348K(896640K), 0.0029986 secs] [Times: user=0.00 sys=0.00, real=0.00 secs] 
2020-10-29T08:53:51.963+0000: [GC (Allocation Failure) 2020-10-29T08:53:51.963+0000: [ParNew: 16388K->2K(18432K), 0.0063385 secs] 270732K->254346K(896640K), 0.0063880 secs] [Times: user=0.00 sys=0.00, real=0.00 secs] 
2020-10-29T08:53:52.001+0000: [GC (Allocation Failure) 2020-10-29T08:53:52.001+0000: [ParNew: 16386K->2K(18432K), 0.0062634 secs] 270730K->254346K(896640K), 0.0063216 secs] [Times: user=0.01 sys=0.00, real=0.01 secs] 
2020-10-29T08:53:52.030+0000: [GC (Allocation Failure) 2020-10-29T08:53:52.030+0000: [ParNew: 16386K->4K(18432K), 0.0030249 secs] 270730K->254348K(896640K), 0.0030830 secs] [Times: user=0.01 sys=0.00, real=0.00 secs] 
2020-10-29T08:53:52.050+0000: [GC (Allocation Failure) 2020-10-29T08:53:52.050+0000: [ParNew: 16388K->4K(18432K), 0.0029825 secs] 270732K->254348K(896640K), 0.0030384 secs] [Times: user=0.01 sys=0.00, real=0.00 secs] 
2020-10-29T08:53:52.069+0000: [GC (Allocation Failure) 2020-10-29T08:53:52.069+0000: [ParNew: 16388K->4K(18432K), 0.0029871 secs] 270732K->254348K(896640K), 0.0030409 secs] [Times: user=0.00 sys=0.00, real=0.01 secs] 
2020-10-29T08:53:52.089+0000: [GC (Allocation Failure) 2020-10-29T08:53:52.089+0000: [ParNew: 16388K->4K(18432K), 0.0030702 secs] 270732K->254348K(896640K), 0.0031258 secs] [Times: user=0.01 sys=0.00, real=0.01 secs] 
2020-10-29T08:53:52.102+0000: [GC (Allocation Failure) 2020-10-29T08:53:52.102+0000: [ParNew: 10648K->4K(18432K), 0.0030318 secs] 264992K->254348K(896640K), 0.0030844 secs] [Times: user=0.00 sys=0.00, real=0.01 secs] 
2020-10-29T08:53:52.114+0000: [GC (Allocation Failure) 2020-10-29T08:53:52.114+0000: [ParNew: 16388K->4K(18432K), 0.0041785 secs] 270732K->262540K(896640K), 0.0042356 secs] [Times: user=0.01 sys=0.00, real=0.00 secs] 
2020-10-29T08:53:52.138+0000: [GC (Allocation Failure) 2020-10-29T08:53:52.138+0000: [ParNew: 16388K->4K(18432K), 0.0030236 secs] 278924K->262540K(896640K), 0.0030807 secs] [Times: user=0.01 sys=0.00, real=0.00 secs] 
2020-10-29T08:53:52.157+0000: [GC (Allocation Failure) 2020-10-29T08:53:52.157+0000: [ParNew: 16388K->6K(18432K), 0.0030167 secs] 278924K->262542K(896640K), 0.0030721 secs] [Times: user=0.00 sys=0.00, real=0.00 secs] 
2020-10-29T08:53:52.178+0000: [GC (Allocation Failure) 2020-10-29T08:53:52.178+0000: [ParNew: 16390K->4K(18432K), 0.0029277 secs] 278926K->262540K(896640K), 0.0029803 secs] [Times: user=0.01 sys=0.00, real=0.00 secs] 
2020-10-29T08:53:52.198+0000: [GC (Allocation Failure) 2020-10-29T08:53:52.198+0000: [ParNew: 16388K->4K(18432K), 0.0029785 secs] 278924K->262540K(896640K), 0.0030327 secs] [Times: user=0.00 sys=0.00, real=0.00 secs] 
2020-10-29T08:53:52.218+0000: [GC (Allocation Failure) 2020-10-29T08:53:52.218+0000: [ParNew: 16388K->4K(18432K), 0.0030368 secs] 278924K->262540K(896640K), 0.0030927 secs] [Times: user=0.01 sys=0.00, real=0.00 secs] 
2020-10-29T08:53:52.238+0000: [GC (Allocation Failure) 2020-10-29T08:53:52.238+0000: [ParNew: 16388K->4K(18432K), 0.0031212 secs] 278924K->262540K(896640K), 0.0031724 secs] [Times: user=0.00 sys=0.00, real=0.00 secs] 
2020-10-29T08:53:52.258+0000: [GC (Allocation Failure) 2020-10-29T08:53:52.258+0000: [ParNew: 16388K->4K(18432K), 0.0028017 secs] 278924K->262540K(896640K), 0.0028499 secs] [Times: user=0.01 sys=0.00, real=0.00 secs] 
2020-10-29T08:53:52.278+0000: [GC (Allocation Failure) 2020-10-29T08:53:52.278+0000: [ParNew: 16388K->4K(18432K), 0.0029734 secs] 278924K->262540K(896640K), 0.0030282 secs] [Times: user=0.01 sys=0.00, real=0.00 secs] 
2020-10-29T08:53:52.298+0000: [GC (Allocation Failure) 2020-10-29T08:53:52.298+0000: [ParNew: 16388K->4K(18432K), 0.0029432 secs] 278924K->262540K(896640K), 0.0029940 secs] [Times: user=0.01 sys=0.00, real=0.00 secs] 
2020-10-29T08:53:52.317+0000: [GC (Allocation Failure) 2020-10-29T08:53:52.317+0000: [ParNew: 16388K->4K(18432K), 0.0028596 secs] 278924K->262540K(896640K), 0.0029087 secs] [Times: user=0.00 sys=0.00, real=0.00 secs] 
2020-10-29T08:53:52.336+0000: [GC (Allocation Failure) 2020-10-29T08:53:52.336+0000: [ParNew: 16388K->4K(18432K), 0.0029057 secs] 278924K->262540K(896640K), 0.0029557 secs] [Times: user=0.01 sys=0.00, real=0.00 secs] 
2020-10-29T08:53:52.355+0000: [GC (Allocation Failure) 2020-10-29T08:53:52.355+0000: [ParNew: 16388K->4K(18432K), 0.0027897 secs] 278924K->262540K(896640K), 0.0028386 secs] [Times: user=0.00 sys=0.00, real=0.00 secs] 
2020-10-29T08:53:52.374+0000: [GC (Allocation Failure) 2020-10-29T08:53:52.374+0000: [ParNew: 16388K->4K(18432K), 0.0027921 secs] 278924K->262540K(896640K), 0.0028404 secs] [Times: user=0.01 sys=0.00, real=0.00 secs] 
2020-10-29T08:53:52.394+0000: [GC (Allocation Failure) 2020-10-29T08:53:52.394+0000: [ParNew: 16388K->4K(18432K), 0.0026339 secs] 278924K->262540K(896640K), 0.0026782 secs] [Times: user=0.00 sys=0.00, real=0.00 secs] 
2020-10-29T08:53:52.414+0000: [GC (Allocation Failure) 2020-10-29T08:53:52.414+0000: [ParNew: 16388K->4K(18432K), 0.0027129 secs] 278924K->262540K(896640K), 0.0027592 secs] [Times: user=0.00 sys=0.00, real=0.00 secs] 
2020-10-29T08:53:52.426+0000: [GC (Allocation Failure) 2020-10-29T08:53:52.426+0000: [ParNew: 16388K->4K(18432K), 0.0035014 secs] 278924K->270732K(896640K), 0.0035469 secs] [Times: user=0.00 sys=0.00, real=0.00 secs] 
2020-10-29T08:53:52.445+0000: [GC (Allocation Failure) 2020-10-29T08:53:52.445+0000: [ParNew: 16388K->4K(18432K), 0.0027418 secs] 287116K->270732K(896640K), 0.0027854 secs] [Times: user=0.00 sys=0.00, real=0.00 secs] 
2020-10-29T08:53:52.468+0000: [GC (Allocation Failure) 2020-10-29T08:53:52.468+0000: [ParNew: 16388K->4K(18432K), 0.0029670 secs] 287116K->270732K(896640K), 0.0030443 secs] [Times: user=0.00 sys=0.00, real=0.01 secs] 
2020-10-29T08:53:52.492+0000: [GC (Allocation Failure) 2020-10-29T08:53:52.492+0000: [ParNew: 16388K->4K(18432K), 0.0029900 secs] 287116K->270732K(896640K), 0.0030449 secs] [Times: user=0.01 sys=0.00, real=0.00 secs] 
2020-10-29T08:53:52.511+0000: [GC (Allocation Failure) 2020-10-29T08:53:52.511+0000: [ParNew: 16388K->4K(18432K), 0.0027688 secs] 287116K->270732K(896640K), 0.0028154 secs] [Times: user=0.01 sys=0.00, real=0.00 secs] 
2020-10-29T08:53:52.530+0000: [GC (Allocation Failure) 2020-10-29T08:53:52.530+0000: [ParNew: 16388K->4K(18432K), 0.0028055 secs] 287116K->270732K(896640K), 0.0028549 secs] [Times: user=0.00 sys=0.00, real=0.00 secs] 
2020-10-29T08:53:52.549+0000: [GC (Allocation Failure) 2020-10-29T08:53:52.549+0000: [ParNew: 16388K->4K(18432K), 0.0028753 secs] 287116K->270732K(896640K), 0.0029265 secs] [Times: user=0.01 sys=0.00, real=0.01 secs] 
2020-10-29T08:53:52.568+0000: [GC (Allocation Failure) 2020-10-29T08:53:52.568+0000: [ParNew: 16388K->4K(18432K), 0.0028565 secs] 287116K->270732K(896640K), 0.0029037 secs] [Times: user=0.00 sys=0.00, real=0.01 secs] 
2020-10-29T08:53:52.590+0000: [GC (Allocation Failure) 2020-10-29T08:53:52.590+0000: [ParNew: 16388K->6K(18432K), 0.0028399 secs] 287116K->270734K(896640K), 0.0028903 secs] [Times: user=0.01 sys=0.00, real=0.01 secs] 
2020-10-29T08:53:52.610+0000: [GC (Allocation Failure) 2020-10-29T08:53:52.610+0000: [ParNew: 16390K->4K(18432K), 0.0028233 secs] 287118K->270732K(896640K), 0.0028726 secs] [Times: user=0.01 sys=0.00, real=0.00 secs] 
2020-10-29T08:53:52.630+0000: [GC (Allocation Failure) 2020-10-29T08:53:52.630+0000: [ParNew: 16388K->4K(18432K), 0.0027770 secs] 287116K->270732K(896640K), 0.0028235 secs] [Times: user=0.00 sys=0.00, real=0.01 secs] 
2020-10-29T08:53:52.650+0000: [GC (Allocation Failure) 2020-10-29T08:53:52.650+0000: [ParNew: 16388K->4K(18432K), 0.0028195 secs] 287116K->270732K(896640K), 0.0028690 secs] [Times: user=0.01 sys=0.00, real=0.00 secs] 
2020-10-29T08:53:52.669+0000: [GC (Allocation Failure) 2020-10-29T08:53:52.669+0000: [ParNew: 16388K->4K(18432K), 0.0027679 secs] 287116K->270732K(896640K), 0.0028233 secs] [Times: user=0.01 sys=0.00, real=0.01 secs] 
2020-10-29T08:53:52.688+0000: [GC (Allocation Failure) 2020-10-29T08:53:52.688+0000: [ParNew: 16388K->4K(18432K), 0.0028596 secs] 287116K->270732K(896640K), 0.0029080 secs] [Times: user=0.01 sys=0.00, real=0.01 secs] 
2020-10-29T08:53:52.707+0000: [GC (Allocation Failure) 2020-10-29T08:53:52.707+0000: [ParNew: 16388K->4K(18432K), 0.0027833 secs] 287116K->270732K(896640K), 0.0028340 secs] [Times: user=0.00 sys=0.00, real=0.00 secs] 
2020-10-29T08:53:52.723+0000: [GC (Allocation Failure) 2020-10-29T08:53:52.723+0000: [ParNew: 14496K->4K(18432K), 0.0030343 secs] 285224K->270732K(896640K), 0.0030925 secs] [Times: user=0.01 sys=0.00, real=0.00 secs] 
2020-10-29T08:53:52.738+0000: [GC (Allocation Failure) 2020-10-29T08:53:52.738+0000: [ParNew: 16388K->4K(18432K), 0.0038625 secs] 287116K->278924K(896640K), 0.0039140 secs] [Times: user=0.01 sys=0.00, real=0.01 secs] 
2020-10-29T08:53:52.759+0000: [GC (Allocation Failure) 2020-10-29T08:53:52.759+0000: [ParNew: 16388K->4K(18432K), 0.0030416 secs] 295308K->278924K(896640K), 0.0030958 secs] [Times: user=0.01 sys=0.00, real=0.00 secs] 
2020-10-29T08:53:52.778+0000: [GC (Allocation Failure) 2020-10-29T08:53:52.778+0000: [ParNew: 16388K->6K(18432K), 0.0030275 secs] 295308K->278926K(896640K), 0.0030844 secs] [Times: user=0.00 sys=0.00, real=0.00 secs] 
2020-10-29T08:53:52.797+0000: [GC (Allocation Failure) 2020-10-29T08:53:52.797+0000: [ParNew: 16390K->4K(18432K), 0.0029978 secs] 295310K->278924K(896640K), 0.0030810 secs] [Times: user=0.00 sys=0.00, real=0.00 secs] 
2020-10-29T08:53:52.818+0000: [GC (Allocation Failure) 2020-10-29T08:53:52.818+0000: [ParNew: 16388K->4K(18432K), 0.0032664 secs] 295308K->278924K(896640K), 0.0033254 secs] [Times: user=0.01 sys=0.00, real=0.00 secs] 
2020-10-29T08:53:52.842+0000: [GC (Allocation Failure) 2020-10-29T08:53:52.842+0000: [ParNew: 16388K->4K(18432K), 0.0028942 secs] 295308K->278924K(896640K), 0.0029438 secs] [Times: user=0.01 sys=0.00, real=0.01 secs] 
2020-10-29T08:53:52.862+0000: [GC (Allocation Failure) 2020-10-29T08:53:52.862+0000: [ParNew: 16388K->4K(18432K), 0.0028051 secs] 295308K->278924K(896640K), 0.0028530 secs] [Times: user=0.00 sys=0.00, real=0.00 secs] 
2020-10-29T08:53:52.882+0000: [GC (Allocation Failure) 2020-10-29T08:53:52.882+0000: [ParNew: 16388K->4K(18432K), 0.0027388 secs] 295308K->278924K(896640K), 0.0027852 secs] [Times: user=0.01 sys=0.00, real=0.00 secs] 
2020-10-29T08:53:52.901+0000: [GC (Allocation Failure) 2020-10-29T08:53:52.901+0000: [ParNew: 16388K->4K(18432K), 0.0027810 secs] 295308K->278924K(896640K), 0.0028282 secs] [Times: user=0.00 sys=0.00, real=0.01 secs] 
2020-10-29T08:53:52.920+0000: [GC (Allocation Failure) 2020-10-29T08:53:52.920+0000: [ParNew: 16388K->6K(18432K), 0.0027944 secs] 295308K->278926K(896640K), 0.0028414 secs] [Times: user=0.01 sys=0.00, real=0.01 secs] 
2020-10-29T08:53:52.938+0000: [GC (Allocation Failure) 2020-10-29T08:53:52.938+0000: [ParNew: 16390K->4K(18432K), 0.0028096 secs] 295310K->278924K(896640K), 0.0028586 secs] [Times: user=0.01 sys=0.00, real=0.00 secs] 
2020-10-29T08:53:52.958+0000: [GC (Allocation Failure) 2020-10-29T08:53:52.958+0000: [ParNew: 16388K->4K(18432K), 0.0027806 secs] 295308K->278924K(896640K), 0.0028285 secs] [Times: user=0.01 sys=0.00, real=0.00 secs] 
2020-10-29T08:53:52.977+0000: [GC (Allocation Failure) 2020-10-29T08:53:52.977+0000: [ParNew: 16388K->4K(18432K), 0.0029238 secs] 295308K->278924K(896640K), 0.0029770 secs] [Times: user=0.00 sys=0.00, real=0.00 secs] 
2020-10-29T08:53:52.996+0000: [GC (Allocation Failure) 2020-10-29T08:53:52.996+0000: [ParNew: 16388K->4K(18432K), 0.0029881 secs] 295308K->278924K(896640K), 0.0030436 secs] [Times: user=0.00 sys=0.00, real=0.00 secs] 
2020-10-29T08:53:53.018+0000: [GC (Allocation Failure) 2020-10-29T08:53:53.018+0000: [ParNew: 16388K->4K(18432K), 0.0028910 secs] 295308K->278924K(896640K), 0.0029426 secs] [Times: user=0.00 sys=0.00, real=0.00 secs] 
2020-10-29T08:53:53.037+0000: [GC (Allocation Failure) 2020-10-29T08:53:53.037+0000: [ParNew: 16388K->4K(18432K), 0.0028887 secs] 295308K->278924K(896640K), 0.0029395 secs] [Times: user=0.01 sys=0.00, real=0.00 secs] 
2020-10-29T08:53:53.058+0000: [GC (Allocation Failure) 2020-10-29T08:53:53.058+0000: [ParNew: 16388K->4K(18432K), 0.0029062 secs] 295308K->278924K(896640K), 0.0029579 secs] [Times: user=0.01 sys=0.00, real=0.00 secs] 
2020-10-29T08:53:53.078+0000: [GC (Allocation Failure) 2020-10-29T08:53:53.078+0000: [ParNew: 16388K->4K(18432K), 0.0028425 secs] 295308K->278924K(896640K), 0.0028920 secs] [Times: user=0.00 sys=0.00, real=0.00 secs] 
2020-10-29T08:53:53.097+0000: [GC (Allocation Failure) 2020-10-29T08:53:53.097+0000: [ParNew: 16388K->4K(18432K), 0.0028093 secs] 295308K->278924K(896640K), 0.0028576 secs] [Times: user=0.01 sys=0.00, real=0.00 secs] 
2020-10-29T08:53:53.116+0000: [GC (Allocation Failure) 2020-10-29T08:53:53.116+0000: [ParNew: 16388K->4K(18432K), 0.0028056 secs] 295308K->278924K(896640K), 0.0028530 secs] [Times: user=0.01 sys=0.00, real=0.00 secs] 
2020-10-29T08:53:53.142+0000: [GC (Allocation Failure) 2020-10-29T08:53:53.142+0000: [ParNew: 16388K->4K(18432K), 0.0030042 secs] 328076K->311692K(896640K), 0.0030767 secs] [Times: user=0.00 sys=0.00, real=0.00 secs] 
2020-10-29T08:53:53.146+0000: [GC (CMS Initial Mark) [1 CMS-initial-mark: 311688K(878208K)] 312372K(896640K), 0.0016489 secs] [Times: user=0.01 sys=0.00, real=0.00 secs] 
2020-10-29T08:53:53.148+0000: [CMS-concurrent-mark-start]
2020-10-29T08:53:53.174+0000: [GC (Allocation Failure) 2020-10-29T08:53:53.174+0000: [ParNew: 16388K->4K(18432K), 0.0028914 secs] 328076K->311692K(896640K), 0.0029578 secs] [Times: user=0.01 sys=0.00, real=0.00 secs] 
2020-10-29T08:53:53.197+0000: [GC (Allocation Failure) 2020-10-29T08:53:53.197+0000: [ParNew: 16388K->4K(18432K), 0.0029058 secs] 328076K->311692K(896640K), 0.0029587 secs] [Times: user=0.00 sys=0.00, real=0.00 secs] 
2020-10-29T08:53:53.211+0000: [GC (Allocation Failure) 2020-10-29T08:53:53.211+0000: [ParNew: 9413K->4K(18432K), 0.0027233 secs] 321101K->311692K(896640K), 0.0027710 secs] [Times: user=0.00 sys=0.00, real=0.00 secs] 
2020-10-29T08:53:53.226+0000: [GC (Allocation Failure) 2020-10-29T08:53:53.226+0000: [ParNew: 16388K->4K(18432K), 0.0038403 secs] 328076K->319884K(896640K), 0.0038980 secs] [Times: user=0.00 sys=0.00, real=0.00 secs] 
2020-10-29T08:53:53.250+0000: [GC (Allocation Failure) 2020-10-29T08:53:53.250+0000: [ParNew: 16388K->6K(18432K), 0.0029476 secs] 336268K->319886K(896640K), 0.0030034 secs] [Times: user=0.01 sys=0.00, real=0.00 secs] 
2020-10-29T08:53:53.265+0000: [CMS-concurrent-mark: 0.082/0.117 secs] [Times: user=0.22 sys=0.00, real=0.12 secs] 
2020-10-29T08:53:53.265+0000: [CMS-concurrent-preclean-start]
2020-10-29T08:53:53.268+0000: [CMS-concurrent-preclean: 0.003/0.003 secs] [Times: user=0.01 sys=0.00, real=0.00 secs] 
2020-10-29T08:53:53.268+0000: [CMS-concurrent-abortable-preclean-start]
2020-10-29T08:53:53.274+0000: [GC (Allocation Failure) 2020-10-29T08:53:53.274+0000: [ParNew: 16390K->4K(18432K), 0.0026060 secs] 336270K->319885K(896640K), 0.0026509 secs] [Times: user=0.01 sys=0.00, real=0.00 secs] 
2020-10-29T08:53:53.298+0000: [GC (Allocation Failure) 2020-10-29T08:53:53.298+0000: [ParNew: 16388K->4K(18432K), 0.0029630 secs] 336269K->319885K(896640K), 0.0030186 secs] [Times: user=0.00 sys=0.00, real=0.00 secs] 
2020-10-29T08:53:53.318+0000: [GC (Allocation Failure) 2020-10-29T08:53:53.318+0000: [ParNew: 16388K->4K(18432K), 0.0028470 secs] 336269K->319885K(896640K), 0.0029002 secs] [Times: user=0.01 sys=0.00, real=0.00 secs] 
2020-10-29T08:53:53.338+0000: [GC (Allocation Failure) 2020-10-29T08:53:53.338+0000: [ParNew: 16388K->4K(18432K), 0.0028047 secs] 336269K->319885K(896640K), 0.0028564 secs] [Times: user=0.00 sys=0.00, real=0.00 secs] 
2020-10-29T08:53:53.362+0000: [GC (Allocation Failure) 2020-10-29T08:53:53.362+0000: [ParNew: 16388K->4K(18432K), 0.0029195 secs] 336269K->319885K(896640K), 0.0029743 secs] [Times: user=0.00 sys=0.00, real=0.01 secs] 
2020-10-29T08:53:53.382+0000: [GC (Allocation Failure) 2020-10-29T08:53:53.382+0000: [ParNew: 16388K->4K(18432K), 0.0029068 secs] 336269K->319885K(896640K), 0.0029612 secs] [Times: user=0.01 sys=0.00, real=0.01 secs] 
2020-10-29T08:53:53.403+0000: [GC (Allocation Failure) 2020-10-29T08:53:53.403+0000: [ParNew: 16388K->4K(18432K), 0.0027135 secs] 336269K->319885K(896640K), 0.0027629 secs] [Times: user=0.00 sys=0.00, real=0.00 secs] 
2020-10-29T08:53:53.415+0000: [GC (Allocation Failure) 2020-10-29T08:53:53.415+0000: [ParNew: 16388K->4K(18432K), 0.0032323 secs] 336269K->328077K(896640K), 0.0032782 secs] [Times: user=0.01 sys=0.00, real=0.00 secs] 
2020-10-29T08:53:53.436+0000: [GC (Allocation Failure) 2020-10-29T08:53:53.436+0000: [ParNew: 16388K->4K(18432K), 0.0027115 secs] 344461K->328077K(896640K), 0.0027626 secs] [Times: user=0.00 sys=0.00, real=0.00 secs] 
2020-10-29T08:53:53.455+0000: [GC (Allocation Failure) 2020-10-29T08:53:53.455+0000: [ParNew: 16388K->4K(18432K), 0.0024692 secs] 344461K->328077K(896640K), 0.0025145 secs] [Times: user=0.00 sys=0.00, real=0.00 secs] 
2020-10-29T08:53:53.478+0000: [GC (Allocation Failure) 2020-10-29T08:53:53.478+0000: [ParNew: 16388K->4K(18432K), 0.0024710 secs] 344461K->328077K(896640K), 0.0025158 secs] [Times: user=0.00 sys=0.00, real=0.00 secs] 
2020-10-29T08:53:53.498+0000: [GC (Allocation Failure) 2020-10-29T08:53:53.498+0000: [ParNew: 16388K->4K(18432K), 0.0024636 secs] 344461K->328077K(896640K), 0.0025091 secs] [Times: user=0.01 sys=0.00, real=0.00 secs] 
2020-10-29T08:53:53.518+0000: [GC (Allocation Failure) 2020-10-29T08:53:53.518+0000: [ParNew: 16388K->4K(18432K), 0.0028578 secs] 344461K->328077K(896640K), 0.0029117 secs] [Times: user=0.00 sys=0.01, real=0.00 secs] 
2020-10-29T08:53:53.542+0000: [GC (Allocation Failure) 2020-10-29T08:53:53.542+0000: [ParNew: 16388K->4K(18432K), 0.0025741 secs] 344461K->328077K(896640K), 0.0026210 secs] [Times: user=0.00 sys=0.00, real=0.01 secs] 
2020-10-29T08:53:53.561+0000: [GC (Allocation Failure) 2020-10-29T08:53:53.561+0000: [ParNew: 16388K->4K(18432K), 0.0024699 secs] 344461K->328077K(896640K), 0.0025160 secs] [Times: user=0.01 sys=0.00, real=0.01 secs] 
2020-10-29T08:53:53.582+0000: [GC (Allocation Failure) 2020-10-29T08:53:53.582+0000: [ParNew: 16388K->4K(18432K), 0.0024809 secs] 344461K->328077K(896640K), 0.0025259 secs] [Times: user=0.01 sys=0.00, real=0.00 secs] 
2020-10-29T08:53:53.602+0000: [GC (Allocation Failure) 2020-10-29T08:53:53.602+0000: [ParNew: 16388K->4K(18432K), 0.0025190 secs] 344461K->328077K(896640K), 0.0025649 secs] [Times: user=0.00 sys=0.00, real=0.00 secs] 
2020-10-29T08:53:53.622+0000: [GC (Allocation Failure) 2020-10-29T08:53:53.622+0000: [ParNew: 16388K->4K(18432K), 0.0024732 secs] 344461K->328077K(896640K), 0.0025193 secs] [Times: user=0.01 sys=0.00, real=0.01 secs] 
2020-10-29T08:53:53.641+0000: [GC (Allocation Failure) 2020-10-29T08:53:53.641+0000: [ParNew: 16388K->4K(18432K), 0.0024992 secs] 344461K->328077K(896640K), 0.0025455 secs] [Times: user=0.01 sys=0.00, real=0.01 secs] 
2020-10-29T08:53:53.662+0000: [GC (Allocation Failure) 2020-10-29T08:53:53.662+0000: [ParNew: 16388K->4K(18432K), 0.0024855 secs] 344461K->328077K(896640K), 0.0025319 secs] [Times: user=0.01 sys=0.00, real=0.00 secs] 
2020-10-29T08:53:53.682+0000: [GC (Allocation Failure) 2020-10-29T08:53:53.682+0000: [ParNew: 16388K->4K(18432K), 0.0025042 secs] 344461K->328077K(896640K), 0.0025588 secs] [Times: user=0.00 sys=0.00, real=0.01 secs] 
2020-10-29T08:53:53.701+0000: [GC (Allocation Failure) 2020-10-29T08:53:53.701+0000: [ParNew: 16388K->4K(18432K), 0.0028719 secs] 344461K->328077K(896640K), 0.0029359 secs] [Times: user=0.00 sys=0.00, real=0.01 secs] 
2020-10-29T08:53:53.721+0000: [GC (Allocation Failure) 2020-10-29T08:53:53.721+0000: [ParNew: 16388K->4K(18432K), 0.0033011 secs] 344461K->328077K(896640K), 0.0033502 secs] [Times: user=0.00 sys=0.00, real=0.01 secs] 
2020-10-29T08:53:53.741+0000: [GC (Allocation Failure) 2020-10-29T08:53:53.741+0000: [ParNew: 16388K->4K(18432K), 0.0026821 secs] 344461K->328077K(896640K), 0.0027298 secs] [Times: user=0.01 sys=0.00, real=0.01 secs] 
2020-10-29T08:53:53.764+0000: [GC (Allocation Failure) 2020-10-29T08:53:53.764+0000: [ParNew: 16388K->4K(18432K), 0.0026238 secs] 344461K->328077K(896640K), 0.0026842 secs] [Times: user=0.01 sys=0.00, real=0.00 secs] 
2020-10-29T08:53:53.786+0000: [GC (Allocation Failure) 2020-10-29T08:53:53.786+0000: [ParNew: 16388K->4K(18432K), 0.0027048 secs] 344461K->328077K(896640K), 0.0027574 secs] [Times: user=0.01 sys=0.00, real=0.00 secs] 
2020-10-29T08:53:53.806+0000: [GC (Allocation Failure) 2020-10-29T08:53:53.806+0000: [ParNew: 16388K->4K(18432K), 0.0026025 secs] 344461K->328077K(896640K), 0.0026495 secs] [Times: user=0.01 sys=0.00, real=0.00 secs] 
2020-10-29T08:53:53.830+0000: [GC (Allocation Failure) 2020-10-29T08:53:53.830+0000: [ParNew: 16388K->4K(18432K), 0.0025600 secs] 344461K->328077K(896640K), 0.0026081 secs] [Times: user=0.01 sys=0.00, real=0.00 secs] 
2020-10-29T08:53:53.854+0000: [GC (Allocation Failure) 2020-10-29T08:53:53.854+0000: [ParNew: 16388K->4K(18432K), 0.0024913 secs] 344461K->328077K(896640K), 0.0025378 secs] [Times: user=0.00 sys=0.00, real=0.00 secs] 
2020-10-29T08:53:53.874+0000: [GC (Allocation Failure) 2020-10-29T08:53:53.874+0000: [ParNew: 16388K->4K(18432K), 0.0026968 secs] 344461K->328077K(896640K), 0.0027437 secs] [Times: user=0.01 sys=0.00, real=0.00 secs] 
2020-10-29T08:53:53.894+0000: [GC (Allocation Failure) 2020-10-29T08:53:53.894+0000: [ParNew: 16388K->4K(18432K), 0.0028117 secs] 344461K->328077K(896640K), 0.0028638 secs] [Times: user=0.00 sys=0.00, real=0.00 secs] 
2020-10-29T08:53:53.914+0000: [GC (Allocation Failure) 2020-10-29T08:53:53.914+0000: [ParNew: 16388K->4K(18432K), 0.0025508 secs] 344461K->328077K(896640K), 0.0025983 secs] [Times: user=0.01 sys=0.00, real=0.00 secs] 
2020-10-29T08:53:53.934+0000: [GC (Allocation Failure) 2020-10-29T08:53:53.934+0000: [ParNew: 16388K->4K(18432K), 0.0024549 secs] 344461K->328077K(896640K), 0.0024998 secs] [Times: user=0.00 sys=0.00, real=0.00 secs] 
2020-10-29T08:53:53.954+0000: [GC (Allocation Failure) 2020-10-29T08:53:53.954+0000: [ParNew: 16388K->4K(18432K), 0.0028182 secs] 344461K->328077K(896640K), 0.0028714 secs] [Times: user=0.01 sys=0.00, real=0.00 secs] 
2020-10-29T08:53:53.977+0000: [GC (Allocation Failure) 2020-10-29T08:53:53.977+0000: [ParNew: 16388K->4K(18432K), 0.0027050 secs] 344461K->328077K(896640K), 0.0027551 secs] [Times: user=0.01 sys=0.00, real=0.00 secs] 
2020-10-29T08:53:53.997+0000: [GC (Allocation Failure) 2020-10-29T08:53:53.997+0000: [ParNew: 16388K->4K(18432K), 0.0027713 secs] 344461K->328077K(896640K), 0.0028222 secs] [Times: user=0.00 sys=0.00, real=0.00 secs] 
2020-10-29T08:53:54.017+0000: [GC (Allocation Failure) 2020-10-29T08:53:54.017+0000: [ParNew: 16388K->4K(18432K), 0.0028057 secs] 344461K->328077K(896640K), 0.0028565 secs] [Times: user=0.01 sys=0.00, real=0.00 secs] 
2020-10-29T08:53:54.029+0000: [GC (Allocation Failure) 2020-10-29T08:53:54.029+0000: [ParNew: 16388K->4K(18432K), 0.0034406 secs] 344461K->336269K(896640K), 0.0034887 secs] [Times: user=0.01 sys=0.00, real=0.01 secs] 
2020-10-29T08:53:54.050+0000: [GC (Allocation Failure) 2020-10-29T08:53:54.050+0000: [ParNew: 16388K->6K(18432K), 0.0028403 secs] 352653K->336271K(896640K), 0.0028935 secs] [Times: user=0.00 sys=0.00, real=0.00 secs] 
2020-10-29T08:53:54.074+0000: [GC (Allocation Failure) 2020-10-29T08:53:54.074+0000: [ParNew: 16390K->4K(18432K), 0.0025836 secs] 352655K->336269K(896640K), 0.0026312 secs] [Times: user=0.00 sys=0.00, real=0.00 secs] 
2020-10-29T08:53:54.086+0000: [GC (Allocation Failure) 2020-10-29T08:53:54.086+0000: [ParNew: 16388K->4K(18432K), 0.0034225 secs] 352653K->344461K(896640K), 0.0034738 secs] [Times: user=0.01 sys=0.00, real=0.00 secs] 
2020-10-29T08:53:54.107+0000: [GC (Allocation Failure) 2020-10-29T08:53:54.107+0000: [ParNew: 16388K->4K(18432K), 0.0028082 secs] 360845K->344461K(896640K), 0.0028599 secs] [Times: user=0.00 sys=0.00, real=0.00 secs] 
2020-10-29T08:53:54.130+0000: [GC (Allocation Failure) 2020-10-29T08:53:54.130+0000: [ParNew: 16388K->4K(18432K), 0.0025136 secs] 360845K->344461K(896640K), 0.0025610 secs] [Times: user=0.01 sys=0.00, real=0.00 secs] 
2020-10-29T08:53:54.150+0000: [GC (Allocation Failure) 2020-10-29T08:53:54.150+0000: [ParNew: 16388K->4K(18432K), 0.0027402 secs] 360845K->344461K(896640K), 0.0027905 secs] [Times: user=0.01 sys=0.00, real=0.00 secs] 
2020-10-29T08:53:54.174+0000: [GC (Allocation Failure) 2020-10-29T08:53:54.174+0000: [ParNew: 16388K->4K(18432K), 0.0026488 secs] 360845K->344461K(896640K), 0.0026986 secs] [Times: user=0.01 sys=0.00, real=0.00 secs] 
2020-10-29T08:53:54.193+0000: [GC (Allocation Failure) 2020-10-29T08:53:54.193+0000: [ParNew: 16251K->4K(18432K), 0.0027576 secs] 360708K->344461K(896640K), 0.0028089 secs] [Times: user=0.01 sys=0.00, real=0.00 secs] 
2020-10-29T08:53:54.213+0000: [GC (Allocation Failure) 2020-10-29T08:53:54.213+0000: [ParNew: 16388K->4K(18432K), 0.0026487 secs] 360845K->344461K(896640K), 0.0026971 secs] [Times: user=0.00 sys=0.00, real=0.00 secs] 
2020-10-29T08:53:54.233+0000: [GC (Allocation Failure) 2020-10-29T08:53:54.233+0000: [ParNew: 16388K->4K(18432K), 0.0031120 secs] 360845K->344461K(896640K), 0.0031642 secs] [Times: user=0.00 sys=0.00, real=0.00 secs] 
2020-10-29T08:53:54.253+0000: [GC (Allocation Failure) 2020-10-29T08:53:54.253+0000: [ParNew: 16388K->4K(18432K), 0.0029764 secs] 360845K->344461K(896640K), 0.0030324 secs] [Times: user=0.00 sys=0.00, real=0.00 secs] 
2020-10-29T08:53:54.273+0000: [GC (Allocation Failure) 2020-10-29T08:53:54.273+0000: [ParNew: 16388K->4K(18432K), 0.0027480 secs] 360845K->344461K(896640K), 0.0027989 secs] [Times: user=0.01 sys=0.00, real=0.00 secs] 
2020-10-29T08:53:54.293+0000: [GC (Allocation Failure) 2020-10-29T08:53:54.293+0000: [ParNew: 16388K->4K(18432K), 0.0027293 secs] 360845K->344461K(896640K), 0.0027802 secs] [Times: user=0.01 sys=0.00, real=0.00 secs] 
2020-10-29T08:53:54.312+0000: [GC (Allocation Failure) 2020-10-29T08:53:54.312+0000: [ParNew: 16388K->4K(18432K), 0.0026684 secs] 360845K->344461K(896640K), 0.0027170 secs] [Times: user=0.01 sys=0.00, real=0.00 secs] 
2020-10-29T08:53:54.332+0000: [GC (Allocation Failure) 2020-10-29T08:53:54.332+0000: [ParNew: 16388K->4K(18432K), 0.0026798 secs] 360845K->344461K(896640K), 0.0027294 secs] [Times: user=0.01 sys=0.00, real=0.00 secs] 
2020-10-29T08:53:54.355+0000: [GC (Allocation Failure) 2020-10-29T08:53:54.355+0000: [ParNew: 16388K->4K(18432K), 0.0026801 secs] 360845K->344461K(896640K), 0.0027305 secs] [Times: user=0.01 sys=0.00, real=0.00 secs] 
2020-10-29T08:53:54.378+0000: [GC (Allocation Failure) 2020-10-29T08:53:54.378+0000: [ParNew: 16388K->4K(18432K), 0.0026953 secs] 360845K->344461K(896640K), 0.0027449 secs] [Times: user=0.01 sys=0.00, real=0.00 secs] 
2020-10-29T08:53:54.398+0000: [GC (Allocation Failure) 2020-10-29T08:53:54.398+0000: [ParNew: 16388K->4K(18432K), 0.0025562 secs] 360845K->344461K(896640K), 0.0026138 secs] [Times: user=0.01 sys=0.00, real=0.00 secs] 
2020-10-29T08:53:54.417+0000: [GC (Allocation Failure) 2020-10-29T08:53:54.417+0000: [ParNew: 16388K->4K(18432K), 0.0024720 secs] 360845K->344461K(896640K), 0.0025182 secs] [Times: user=0.00 sys=0.00, real=0.00 secs] 
2020-10-29T08:53:54.438+0000: [GC (Allocation Failure) 2020-10-29T08:53:54.438+0000: [ParNew: 16388K->4K(18432K), 0.0024606 secs] 360845K->344461K(896640K), 0.0025050 secs] [Times: user=0.00 sys=0.00, real=0.00 secs] 
2020-10-29T08:53:54.462+0000: [GC (Allocation Failure) 2020-10-29T08:53:54.462+0000: [ParNew: 16388K->4K(18432K), 0.0024542 secs] 360845K->344461K(896640K), 0.0024997 secs] [Times: user=0.00 sys=0.00, real=0.01 secs] 
2020-10-29T08:53:54.481+0000: [GC (Allocation Failure) 2020-10-29T08:53:54.481+0000: [ParNew: 16388K->4K(18432K), 0.0024765 secs] 360845K->344461K(896640K), 0.0025215 secs] [Times: user=0.00 sys=0.00, real=0.01 secs] 
2020-10-29T08:53:54.500+0000: [GC (Allocation Failure) 2020-10-29T08:53:54.500+0000: [ParNew: 16388K->4K(18432K), 0.0025540 secs] 360845K->344461K(896640K), 0.0025996 secs] [Times: user=0.01 sys=0.00, real=0.01 secs] 
2020-10-29T08:53:54.520+0000: [GC (Allocation Failure) 2020-10-29T08:53:54.520+0000: [ParNew: 16388K->4K(18432K), 0.0026027 secs] 360845K->344461K(896640K), 0.0026515 secs] [Times: user=0.00 sys=0.00, real=0.01 secs] 
2020-10-29T08:53:54.546+0000: [GC (Allocation Failure) 2020-10-29T08:53:54.546+0000: [ParNew: 16388K->4K(18432K), 0.0027944 secs] 360845K->344461K(896640K), 0.0028460 secs] [Times: user=0.01 sys=0.00, real=0.00 secs] 
2020-10-29T08:53:54.570+0000: [GC (Allocation Failure) 2020-10-29T08:53:54.570+0000: [ParNew: 16388K->4K(18432K), 0.0028993 secs] 360845K->344461K(896640K), 0.0029535 secs] [Times: user=0.01 sys=0.00, real=0.01 secs] 
2020-10-29T08:53:54.590+0000: [GC (Allocation Failure) 2020-10-29T08:53:54.590+0000: [ParNew: 16388K->4K(18432K), 0.0025332 secs] 360845K->344461K(896640K), 0.0025793 secs] [Times: user=0.00 sys=0.00, real=0.01 secs] 
2020-10-29T08:53:54.609+0000: [GC (Allocation Failure) 2020-10-29T08:53:54.609+0000: [ParNew: 16388K->4K(18432K), 0.0024802 secs] 360845K->344461K(896640K), 0.0025258 secs] [Times: user=0.00 sys=0.00, real=0.01 secs] 
2020-10-29T08:53:54.630+0000: [GC (Allocation Failure) 2020-10-29T08:53:54.630+0000: [ParNew: 16388K->4K(18432K), 0.0024483 secs] 360845K->344461K(896640K), 0.0024944 secs] [Times: user=0.00 sys=0.00, real=0.00 secs] 
2020-10-29T08:53:54.650+0000: [GC (Allocation Failure) 2020-10-29T08:53:54.650+0000: [ParNew: 16388K->4K(18432K), 0.0025697 secs] 360845K->344461K(896640K), 0.0026162 secs] [Times: user=0.01 sys=0.00, real=0.01 secs] 
2020-10-29T08:53:54.669+0000: [GC (Allocation Failure) 2020-10-29T08:53:54.669+0000: [ParNew: 16388K->4K(18432K), 0.0025456 secs] 360845K->344461K(896640K), 0.0025934 secs] [Times: user=0.01 sys=0.00, real=0.01 secs] 
2020-10-29T08:53:54.690+0000: [GC (Allocation Failure) 2020-10-29T08:53:54.690+0000: [ParNew: 16388K->4K(18432K), 0.0024139 secs] 360845K->344461K(896640K), 0.0024591 secs] [Times: user=0.00 sys=0.00, real=0.00 secs] 
2020-10-29T08:53:54.710+0000: [GC (Allocation Failure) 2020-10-29T08:53:54.710+0000: [ParNew: 16388K->4K(18432K), 0.0024769 secs] 360845K->344461K(896640K), 0.0025222 secs] [Times: user=0.00 sys=0.00, real=0.00 secs] 
2020-10-29T08:53:54.722+0000: [GC (Allocation Failure) 2020-10-29T08:53:54.722+0000: [ParNew: 16388K->4K(18432K), 0.0031649 secs] 360845K->352653K(896640K), 0.0032094 secs] [Times: user=0.01 sys=0.00, real=0.00 secs] 
2020-10-29T08:53:54.742+0000: [GC (Allocation Failure) 2020-10-29T08:53:54.742+0000: [ParNew: 16388K->4K(18432K), 0.0025400 secs] 369037K->352653K(896640K), 0.0025871 secs] [Times: user=0.00 sys=0.00, real=0.00 secs] 
2020-10-29T08:53:54.762+0000: [GC (Allocation Failure) 2020-10-29T08:53:54.762+0000: [ParNew: 16388K->4K(18432K), 0.0025116 secs] 369037K->352653K(896640K), 0.0025566 secs] [Times: user=0.00 sys=0.00, real=0.01 secs] 
2020-10-29T08:53:54.782+0000: [GC (Allocation Failure) 2020-10-29T08:53:54.782+0000: [ParNew: 16388K->4K(18432K), 0.0024329 secs] 369037K->352653K(896640K), 0.0024786 secs] [Times: user=0.01 sys=0.00, real=0.00 secs] 
2020-10-29T08:53:54.802+0000: [GC (Allocation Failure) 2020-10-29T08:53:54.802+0000: [ParNew: 16388K->4K(18432K), 0.0026626 secs] 369037K->352653K(896640K), 0.0027124 secs] [Times: user=0.00 sys=0.00, real=0.01 secs] 
2020-10-29T08:53:54.821+0000: [GC (Allocation Failure) 2020-10-29T08:53:54.821+0000: [ParNew: 16388K->4K(18432K), 0.0027295 secs] 369037K->352653K(896640K), 0.0027809 secs] [Times: user=0.00 sys=0.00, real=0.01 secs] 
2020-10-29T08:53:54.842+0000: [GC (Allocation Failure) 2020-10-29T08:53:54.842+0000: [ParNew: 16388K->4K(18432K), 0.0027471 secs] 369037K->352653K(896640K), 0.0027981 secs] [Times: user=0.01 sys=0.00, real=0.01 secs] 
2020-10-29T08:53:54.861+0000: [GC (Allocation Failure) 2020-10-29T08:53:54.861+0000: [ParNew: 16388K->4K(18432K), 0.0026108 secs] 369037K->352653K(896640K), 0.0026611 secs] [Times: user=0.01 sys=0.00, real=0.01 secs] 
2020-10-29T08:53:54.881+0000: [GC (Allocation Failure) 2020-10-29T08:53:54.881+0000: [ParNew: 16388K->4K(18432K), 0.0025514 secs] 369037K->352653K(896640K), 0.0026021 secs] [Times: user=0.01 sys=0.00, real=0.01 secs] 
2020-10-29T08:53:54.902+0000: [GC (Allocation Failure) 2020-10-29T08:53:54.902+0000: [ParNew: 16388K->4K(18432K), 0.0025724 secs] 369037K->352653K(896640K), 0.0026274 secs] [Times: user=0.00 sys=0.00, real=0.00 secs] 
2020-10-29T08:53:54.922+0000: [GC (Allocation Failure) 2020-10-29T08:53:54.922+0000: [ParNew: 16388K->4K(18432K), 0.0025098 secs] 369037K->352653K(896640K), 0.0025559 secs] [Times: user=0.01 sys=0.00, real=0.01 secs] 
2020-10-29T08:53:54.942+0000: [GC (Allocation Failure) 2020-10-29T08:53:54.942+0000: [ParNew: 13295K->4K(18432K), 0.0024947 secs] 365945K->352653K(896640K), 0.0025408 secs] [Times: user=0.01 sys=0.00, real=0.00 secs] 
2020-10-29T08:53:54.957+0000: [GC (Allocation Failure) 2020-10-29T08:53:54.957+0000: [ParNew: 16388K->4K(18432K), 0.0034541 secs] 369037K->360845K(896640K), 0.0035137 secs] [Times: user=0.00 sys=0.00, real=0.00 secs] 
2020-10-29T08:53:54.961+0000: [CMS-concurrent-abortable-preclean: 0.141/1.693 secs] [Times: user=3.07 sys=0.09, real=1.69 secs] 
2020-10-29T08:53:54.962+0000: [GC (CMS Final Remark) [YG occupancy: 330 K (18432 K)]2020-10-29T08:53:54.962+0000: [Rescan (parallel) , 0.0017974 secs]2020-10-29T08:53:54.964+0000: [weak refs processing, 0.0000299 secs]2020-10-29T08:53:54.964+0000: [class unloading, 0.0087367 secs]2020-10-29T08:53:54.973+0000: [scrub symbol table, 0.0090483 secs]2020-10-29T08:53:54.982+0000: [scrub string table, 0.0006034 secs][1 CMS-remark: 360841K(878208K)] 361172K(896640K), 0.0203291 secs] [Times: user=0.03 sys=0.00, real=0.03 secs] 
2020-10-29T08:53:54.987+0000: [CMS-concurrent-sweep-start]
2020-10-29T08:53:55.003+0000: [GC (Allocation Failure) 2020-10-29T08:53:55.003+0000: [ParNew: 16388K->4K(18432K), 0.0029787 secs] 377185K->360801K(896640K), 0.0030297 secs] [Times: user=0.00 sys=0.00, real=0.00 secs] 
2020-10-29T08:53:55.014+0000: [CMS-concurrent-sweep: 0.019/0.027 secs] [Times: user=0.04 sys=0.00, real=0.03 secs] 
2020-10-29T08:53:55.014+0000: [CMS-concurrent-reset-start]
2020-10-29T08:53:55.016+0000: [CMS-concurrent-reset: 0.002/0.002 secs] [Times: user=0.01 sys=0.00, real=0.00 secs] 
2020-10-29T08:53:55.026+0000: [GC (Allocation Failure) 2020-10-29T08:53:55.026+0000: [ParNew: 16388K->4K(18432K), 0.0030055 secs] 377136K->360752K(896640K), 0.0030488 secs] [Times: user=0.00 sys=0.00, real=0.00 secs] 
2020-10-29T08:53:55.044+0000: [GC (Allocation Failure) 2020-10-29T08:53:55.044+0000: [ParNew: 16388K->4K(18432K), 0.0029340 secs] 377136K->360752K(896640K), 0.0029849 secs] [Times: user=0.01 sys=0.00, real=0.00 secs] 
2020-10-29T08:53:55.063+0000: [GC (Allocation Failure) 2020-10-29T08:53:55.063+0000: [ParNew: 16388K->4K(18432K), 0.0029965 secs] 377136K->360752K(896640K), 0.0030531 secs] [Times: user=0.01 sys=0.00, real=0.00 secs] 
2020-10-29T08:53:55.086+0000: [GC (Allocation Failure) 2020-10-29T08:53:55.086+0000: [ParNew: 16388K->4K(18432K), 0.0028283 secs] 377136K->360752K(896640K), 0.0028771 secs] [Times: user=0.01 sys=0.00, real=0.00 secs] 
2020-10-29T08:53:55.106+0000: [GC (Allocation Failure) 2020-10-29T08:53:55.106+0000: [ParNew: 16388K->4K(18432K), 0.0028014 secs] 377136K->360752K(896640K), 0.0028536 secs] [Times: user=0.01 sys=0.00, real=0.00 secs] 
2020-10-29T08:53:55.126+0000: [GC (Allocation Failure) 2020-10-29T08:53:55.126+0000: [ParNew: 16388K->4K(18432K), 0.0027920 secs] 377136K->360752K(896640K), 0.0028373 secs] [Times: user=0.01 sys=0.00, real=0.00 secs] 
2020-10-29T08:53:55.145+0000: [GC (Allocation Failure) 2020-10-29T08:53:55.145+0000: [ParNew: 16388K->4K(18432K), 0.0026191 secs] 377136K->360752K(896640K), 0.0026624 secs] [Times: user=0.01 sys=0.00, real=0.00 secs] 
2020-10-29T08:53:55.164+0000: [GC (Allocation Failure) 2020-10-29T08:53:55.164+0000: [ParNew: 16388K->4K(18432K), 0.0028178 secs] 377136K->360752K(896640K), 0.0028669 secs] [Times: user=0.00 sys=0.00, real=0.00 secs] 
2020-10-29T08:53:55.186+0000: [GC (Allocation Failure) 2020-10-29T08:53:55.186+0000: [ParNew: 16388K->4K(18432K), 0.0028568 secs] 377136K->360752K(896640K), 0.0029085 secs] [Times: user=0.00 sys=0.00, real=0.00 secs] 
2020-10-29T08:53:55.206+0000: [GC (Allocation Failure) 2020-10-29T08:53:55.206+0000: [ParNew: 16388K->4K(18432K), 0.0027865 secs] 377136K->360752K(896640K), 0.0028438 secs] [Times: user=0.01 sys=0.00, real=0.00 secs] 
2020-10-29T08:53:55.226+0000: [GC (Allocation Failure) 2020-10-29T08:53:55.226+0000: [ParNew: 16388K->4K(18432K), 0.0030112 secs] 377136K->360752K(896640K), 0.0030645 secs] [Times: user=0.01 sys=0.00, real=0.00 secs] 
2020-10-29T08:53:55.246+0000: [GC (Allocation Failure) 2020-10-29T08:53:55.246+0000: [ParNew: 16388K->4K(18432K), 0.0028198 secs] 377136K->360752K(896640K), 0.0028690 secs] [Times: user=0.00 sys=0.00, real=0.00 secs] 
2020-10-29T08:53:55.264+0000: [GC (Allocation Failure) 2020-10-29T08:53:55.264+0000: [ParNew: 16388K->4K(18432K), 0.0027653 secs] 377136K->360752K(896640K), 0.0028120 secs] [Times: user=0.00 sys=0.00, real=0.00 secs] 
2020-10-29T08:53:55.286+0000: [GC (Allocation Failure) 2020-10-29T08:53:55.286+0000: [ParNew: 16388K->4K(18432K), 0.0026942 secs] 377136K->360752K(896640K), 0.0027390 secs] [Times: user=0.00 sys=0.00, real=0.00 secs] 
2020-10-29T08:53:55.305+0000: [GC (Allocation Failure) 2020-10-29T08:53:55.305+0000: [ParNew: 16388K->4K(18432K), 0.0028055 secs] 377136K->360752K(896640K), 0.0028535 secs] [Times: user=0.01 sys=0.00, real=0.00 secs] 
2020-10-29T08:53:55.324+0000: [GC (Allocation Failure) 2020-10-29T08:53:55.324+0000: [ParNew: 16388K->4K(18432K), 0.0028650 secs] 377136K->360752K(896640K), 0.0029157 secs] [Times: user=0.00 sys=0.00, real=0.00 secs] 
2020-10-29T08:53:55.343+0000: [GC (Allocation Failure) 2020-10-29T08:53:55.343+0000: [ParNew: 16388K->4K(18432K), 0.0026627 secs] 377136K->360752K(896640K), 0.0027285 secs] [Times: user=0.00 sys=0.00, real=0.00 secs] 
2020-10-29T08:53:55.361+0000: [GC (Allocation Failure) 2020-10-29T08:53:55.361+0000: [ParNew: 16388K->4K(18432K), 0.0027414 secs] 377136K->360752K(896640K), 0.0027898 secs] [Times: user=0.01 sys=0.00, real=0.01 secs] 
2020-10-29T08:53:55.373+0000: [GC (Allocation Failure) 2020-10-29T08:53:55.373+0000: [ParNew: 16388K->4K(18432K), 0.0036608 secs] 377136K->368944K(896640K), 0.0037070 secs] [Times: user=0.00 sys=0.00, real=0.00 secs] 
2020-10-29T08:53:55.394+0000: [GC (Allocation Failure) 2020-10-29T08:53:55.394+0000: [ParNew: 16388K->6K(18432K), 0.0028499 secs] 385328K->368946K(896640K), 0.0028988 secs] [Times: user=0.01 sys=0.00, real=0.00 secs] 
2020-10-29T08:53:55.413+0000: [GC (Allocation Failure) 2020-10-29T08:53:55.413+0000: [ParNew: 16390K->6K(18432K), 0.0029959 secs] 385330K->368946K(896640K), 0.0030520 secs] [Times: user=0.01 sys=0.00, real=0.00 secs] 
2020-10-29T08:53:55.432+0000: [GC (Allocation Failure) 2020-10-29T08:53:55.432+0000: [ParNew: 16390K->4K(18432K), 0.0028142 secs] 385330K->368944K(896640K), 0.0028620 secs] [Times: user=0.01 sys=0.00, real=0.00 secs] 
2020-10-29T08:53:55.451+0000: [GC (Allocation Failure) 2020-10-29T08:53:55.451+0000: [ParNew: 16388K->4K(18432K), 0.0026205 secs] 385328K->368944K(896640K), 0.0026654 secs] [Times: user=0.00 sys=0.00, real=0.00 secs] 
2020-10-29T08:53:55.470+0000: [GC (Allocation Failure) 2020-10-29T08:53:55.470+0000: [ParNew: 16388K->4K(18432K), 0.0028317 secs] 385328K->368944K(896640K), 0.0028813 secs] [Times: user=0.01 sys=0.00, real=0.01 secs] 
2020-10-29T08:53:55.492+0000: [GC (Allocation Failure) 2020-10-29T08:53:55.492+0000: [ParNew: 16388K->4K(18432K), 0.0029705 secs] 385328K->368944K(896640K), 0.0030374 secs] [Times: user=0.01 sys=0.00, real=0.00 secs] 
2020-10-29T08:53:55.518+0000: [GC (Allocation Failure) 2020-10-29T08:53:55.518+0000: [ParNew: 16388K->4K(18432K), 0.0029373 secs] 385328K->368944K(896640K), 0.0029902 secs] [Times: user=0.00 sys=0.00, real=0.00 secs] 
2020-10-29T08:53:55.543+0000: [GC (Allocation Failure) 2020-10-29T08:53:55.543+0000: [ParNew: 16388K->4K(18432K), 0.0038690 secs] 418096K->401712K(896640K), 0.0039405 secs] [Times: user=0.01 sys=0.00, real=0.00 secs] 
2020-10-29T08:53:55.554+0000: [GC (CMS Initial Mark) [1 CMS-initial-mark: 401708K(878208K)] 405434K(896640K), 0.0031983 secs] [Times: user=0.01 sys=0.00, real=0.00 secs] 
2020-10-29T08:53:55.557+0000: [CMS-concurrent-mark-start]
2020-10-29T08:53:55.575+0000: [GC (Allocation Failure) 2020-10-29T08:53:55.575+0000: [ParNew: 16388K->4K(18432K), 0.0028578 secs] 418096K->401712K(896640K), 0.0029131 secs] [Times: user=0.01 sys=0.00, real=0.00 secs] 
2020-10-29T08:53:55.599+0000: [GC (Allocation Failure) 2020-10-29T08:53:55.599+0000: [ParNew: 16388K->4K(18432K), 0.0027414 secs] 418096K->401712K(896640K), 0.0027925 secs] [Times: user=0.01 sys=0.00, real=0.00 secs] 
2020-10-29T08:53:55.626+0000: [GC (Allocation Failure) 2020-10-29T08:53:55.626+0000: [ParNew: 16388K->6K(18432K), 0.0027673 secs] 418096K->401714K(896640K), 0.0028186 secs] [Times: user=0.00 sys=0.00, real=0.00 secs] 
2020-10-29T08:53:55.649+0000: [GC (Allocation Failure) 2020-10-29T08:53:55.649+0000: [ParNew: 16390K->4K(18432K), 0.0029241 secs] 418098K->401712K(896640K), 0.0029755 secs] [Times: user=0.00 sys=0.00, real=0.01 secs] 
2020-10-29T08:53:55.659+0000: [CMS-concurrent-mark: 0.081/0.101 secs] [Times: user=0.18 sys=0.01, real=0.10 secs] 
2020-10-29T08:53:55.659+0000: [CMS-concurrent-preclean-start]
2020-10-29T08:53:55.662+0000: [CMS-concurrent-preclean: 0.003/0.003 secs] [Times: user=0.01 sys=0.00, real=0.00 secs] 
2020-10-29T08:53:55.662+0000: [CMS-concurrent-abortable-preclean-start]
2020-10-29T08:53:55.674+0000: [GC (Allocation Failure) 2020-10-29T08:53:55.674+0000: [ParNew: 16388K->4K(18432K), 0.0026941 secs] 418096K->401712K(896640K), 0.0027409 secs] [Times: user=0.00 sys=0.00, real=0.00 secs] 
2020-10-29T08:53:55.693+0000: [GC (Allocation Failure) 2020-10-29T08:53:55.693+0000: [ParNew: 16388K->4K(18432K), 0.0028017 secs] 418096K->401712K(896640K), 0.0028525 secs] [Times: user=0.00 sys=0.00, real=0.00 secs] 
2020-10-29T08:53:55.713+0000: [GC (Allocation Failure) 2020-10-29T08:53:55.713+0000: [ParNew: 16388K->4K(18432K), 0.0025644 secs] 418096K->401712K(896640K), 0.0026113 secs] [Times: user=0.00 sys=0.00, real=0.00 secs] 
2020-10-29T08:53:55.733+0000: [GC (Allocation Failure) 2020-10-29T08:53:55.733+0000: [ParNew: 16388K->4K(18432K), 0.0025324 secs] 418096K->401712K(896640K), 0.0025779 secs] [Times: user=0.01 sys=0.00, real=0.00 secs] 
2020-10-29T08:53:55.753+0000: [GC (Allocation Failure) 2020-10-29T08:53:55.753+0000: [ParNew: 16388K->4K(18432K), 0.0024826 secs] 418096K->401712K(896640K), 0.0025272 secs] [Times: user=0.00 sys=0.00, real=0.00 secs] 
2020-10-29T08:53:55.774+0000: [GC (Allocation Failure) 2020-10-29T08:53:55.774+0000: [ParNew: 16388K->4K(18432K), 0.0027715 secs] 418096K->401712K(896640K), 0.0028233 secs] [Times: user=0.01 sys=0.00, real=0.00 secs] 
2020-10-29T08:53:55.794+0000: [GC (Allocation Failure) 2020-10-29T08:53:55.794+0000: [ParNew: 16388K->4K(18432K), 0.0027674 secs] 418096K->401712K(896640K), 0.0028198 secs] [Times: user=0.01 sys=0.00, real=0.00 secs] 
2020-10-29T08:53:55.818+0000: [GC (Allocation Failure) 2020-10-29T08:53:55.818+0000: [ParNew: 16388K->4K(18432K), 0.0025056 secs] 418096K->401712K(896640K), 0.0025521 secs] [Times: user=0.01 sys=0.00, real=0.00 secs] 
2020-10-29T08:53:55.841+0000: [GC (Allocation Failure) 2020-10-29T08:53:55.841+0000: [ParNew: 16388K->4K(18432K), 0.0026531 secs] 418096K->401712K(896640K), 0.0027025 secs] [Times: user=0.01 sys=0.00, real=0.01 secs] 
2020-10-29T08:53:55.862+0000: [GC (Allocation Failure) 2020-10-29T08:53:55.862+0000: [ParNew: 16388K->4K(18432K), 0.0032019 secs] 418096K->401712K(896640K), 0.0032521 secs] [Times: user=0.01 sys=0.00, real=0.00 secs] 
2020-10-29T08:53:55.884+0000: [GC (Allocation Failure) 2020-10-29T08:53:55.884+0000: [ParNew: 16388K->4K(18432K), 0.0026146 secs] 418096K->401712K(896640K), 0.0026609 secs] [Times: user=0.01 sys=0.00, real=0.00 secs] 
2020-10-29T08:53:55.898+0000: [GC (Allocation Failure) 2020-10-29T08:53:55.898+0000: [ParNew: 16388K->4K(18432K), 0.0032692 secs] 418096K->409904K(896640K), 0.0033153 secs] [Times: user=0.00 sys=0.00, real=0.00 secs] 
2020-10-29T08:53:55.918+0000: [GC (Allocation Failure) 2020-10-29T08:53:55.918+0000: [ParNew: 16388K->4K(18432K), 0.0025750 secs] 426288K->409904K(896640K), 0.0026207 secs] [Times: user=0.00 sys=0.00, real=0.00 secs] 
2020-10-29T08:53:55.942+0000: [GC (Allocation Failure) 2020-10-29T08:53:55.942+0000: [ParNew: 16388K->4K(18432K), 0.0026301 secs] 426288K->409904K(896640K), 0.0026876 secs] [Times: user=0.01 sys=0.00, real=0.01 secs] 
2020-10-29T08:53:55.961+0000: [GC (Allocation Failure) 2020-10-29T08:53:55.961+0000: [ParNew: 16388K->4K(18432K), 0.0028279 secs] 426288K->409904K(896640K), 0.0028804 secs] [Times: user=0.01 sys=0.00, real=0.01 secs] 
2020-10-29T08:53:55.980+0000: [GC (Allocation Failure) 2020-10-29T08:53:55.980+0000: [ParNew: 16388K->4K(18432K), 0.0028570 secs] 426288K->409904K(896640K), 0.0029094 secs] [Times: user=0.01 sys=0.00, real=0.01 secs] 
2020-10-29T08:53:56.002+0000: [GC (Allocation Failure) 2020-10-29T08:53:56.002+0000: [ParNew: 16388K->4K(18432K), 0.0030045 secs] 426288K->409904K(896640K), 0.0030590 secs] [Times: user=0.01 sys=0.00, real=0.00 secs] 
2020-10-29T08:53:56.026+0000: [GC (Allocation Failure) 2020-10-29T08:53:56.026+0000: [ParNew: 16388K->4K(18432K), 0.0027750 secs] 426288K->409904K(896640K), 0.0028268 secs] [Times: user=0.01 sys=0.00, real=0.00 secs] 
2020-10-29T08:53:56.039+0000: [GC (Allocation Failure) 2020-10-29T08:53:56.039+0000: [ParNew: 16388K->4K(18432K), 0.0034565 secs] 426288K->418096K(896640K), 0.0035057 secs] [Times: user=0.01 sys=0.00, real=0.01 secs] 
2020-10-29T08:53:56.059+0000: [GC (Allocation Failure) 2020-10-29T08:53:56.059+0000: [ParNew: 16388K->4K(18432K), 0.0027926 secs] 434480K->418096K(896640K), 0.0028445 secs] [Times: user=0.01 sys=0.00, real=0.00 secs] 
2020-10-29T08:53:56.106+0000: [GC (Allocation Failure) 2020-10-29T08:53:56.106+0000: [ParNew: 16388K->6K(18432K), 0.0030237 secs] 434480K->418098K(896640K), 0.0030959 secs] [Times: user=0.01 sys=0.00, real=0.00 secs] 
2020-10-29T08:53:56.150+0000: [GC (Allocation Failure) 2020-10-29T08:53:56.150+0000: [ParNew: 16390K->4K(18432K), 0.0030027 secs] 434482K->418096K(896640K), 0.0030602 secs] [Times: user=0.01 sys=0.00, real=0.00 secs] 
2020-10-29T08:53:56.185+0000: [GC (Allocation Failure) 2020-10-29T08:53:56.185+0000: [ParNew: 16388K->6K(18432K), 0.0030409 secs] 434480K->418098K(896640K), 0.0031206 secs] [Times: user=0.01 sys=0.00, real=0.00 secs] 
2020-10-29T08:53:56.218+0000: [GC (Allocation Failure) 2020-10-29T08:53:56.218+0000: [ParNew: 16390K->4K(18432K), 0.0030259 secs] 434482K->418096K(896640K), 0.0030830 secs] [Times: user=0.01 sys=0.00, real=0.00 secs] 
2020-10-29T08:53:56.254+0000: [GC (Allocation Failure) 2020-10-29T08:53:56.254+0000: [ParNew: 16388K->6K(18432K), 0.0029715 secs] 434480K->418098K(896640K), 0.0030225 secs] [Times: user=0.01 sys=0.00, real=0.00 secs] 
2020-10-29T08:53:56.287+0000: [GC (Allocation Failure) 2020-10-29T08:53:56.287+0000: [ParNew: 16390K->4K(18432K), 0.0029182 secs] 434482K->418096K(896640K), 0.0029737 secs] [Times: user=0.00 sys=0.00, real=0.01 secs] 
2020-10-29T08:53:56.322+0000: [GC (Allocation Failure) 2020-10-29T08:53:56.322+0000: [ParNew: 16388K->2K(18432K), 0.0029978 secs] 434480K->418096K(896640K), 0.0030541 secs] [Times: user=0.01 sys=0.00, real=0.00 secs] 
2020-10-29T08:53:56.358+0000: [GC (Allocation Failure) 2020-10-29T08:53:56.358+0000: [ParNew: 16386K->2K(18432K), 0.0029577 secs] 434480K->418096K(896640K), 0.0030136 secs] [Times: user=0.00 sys=0.00, real=0.00 secs] 
2020-10-29T08:53:56.394+0000: [GC (Allocation Failure) 2020-10-29T08:53:56.394+0000: [ParNew: 16386K->2K(18432K), 0.0029710 secs] 434480K->418096K(896640K), 0.0030274 secs] [Times: user=0.01 sys=0.00, real=0.00 secs] 
2020-10-29T08:53:56.430+0000: [GC (Allocation Failure) 2020-10-29T08:53:56.430+0000: [ParNew: 16386K->2K(18432K), 0.0029823 secs] 434480K->418096K(896640K), 0.0030394 secs] [Times: user=0.01 sys=0.00, real=0.00 secs] 
2020-10-29T08:53:56.465+0000: [GC (Allocation Failure) 2020-10-29T08:53:56.465+0000: [ParNew: 16386K->2K(18432K), 0.0029993 secs] 434480K->418096K(896640K), 0.0030552 secs] [Times: user=0.00 sys=0.00, real=0.00 secs] 
2020-10-29T08:53:56.497+0000: [GC (Allocation Failure) 2020-10-29T08:53:56.497+0000: [ParNew: 16386K->2K(18432K), 0.0028726 secs] 434480K->418096K(896640K), 0.0029253 secs] [Times: user=0.00 sys=0.00, real=0.00 secs] 
2020-10-29T08:53:56.530+0000: [GC (Allocation Failure) 2020-10-29T08:53:56.530+0000: [ParNew: 16386K->2K(18432K), 0.0029608 secs] 434480K->418096K(896640K), 0.0030168 secs] [Times: user=0.01 sys=0.00, real=0.00 secs] 
2020-10-29T08:53:56.749+0000: [CMS-concurrent-abortable-preclean: 0.067/1.087 secs] [Times: user=2.01 sys=0.04, real=1.09 secs] 
2020-10-29T08:53:56.749+0000: [GC (CMS Final Remark) [YG occupancy: 9393 K (18432 K)]2020-10-29T08:53:56.749+0000: [Rescan (parallel) , 0.0070278 secs]2020-10-29T08:53:56.756+0000: [weak refs processing, 0.0000309 secs]2020-10-29T08:53:56.756+0000: [class unloading, 0.0085918 secs]2020-10-29T08:53:56.765+0000: [scrub symbol table, 0.0090574 secs]2020-10-29T08:53:56.774+0000: [scrub string table, 0.0006060 secs][1 CMS-remark: 418094K(878208K)] 427487K(896640K), 0.0254272 secs] [Times: user=0.03 sys=0.00, real=0.03 secs] 
2020-10-29T08:53:56.782+0000: [CMS-concurrent-sweep-start]
2020-10-29T08:53:56.794+0000: [CMS-concurrent-sweep: 0.012/0.012 secs] [Times: user=0.03 sys=0.00, real=0.01 secs] 
2020-10-29T08:53:56.794+0000: [CMS-concurrent-reset-start]
2020-10-29T08:53:56.796+0000: [CMS-concurrent-reset: 0.002/0.002 secs] [Times: user=0.00 sys=0.00, real=0.00 secs] 
2020-10-29T08:53:57.001+0000: [GC (Allocation Failure) 2020-10-29T08:53:57.001+0000: [ParNew: 16386K->67K(18432K), 0.0031929 secs] 418096K->401778K(896640K), 0.0032531 secs] [Times: user=0.01 sys=0.00, real=0.01 secs] 
2020-10-29T08:53:58.737+0000: [GC (Allocation Failure) 2020-10-29T08:53:58.737+0000: [ParNew: 16451K->488K(18432K), 0.0037688 secs] 418162K->402199K(896640K), 0.0038443 secs] [Times: user=0.01 sys=0.00, real=0.00 secs] 
2020-10-29T08:53:59.084+0000: [GC (Allocation Failure) 2020-10-29T08:53:59.084+0000: [ParNew: 16872K->2047K(18432K), 0.0063653 secs] 434967K->420316K(896640K), 0.0064521 secs] [Times: user=0.01 sys=0.00, real=0.01 secs] 
2020-10-29T08:53:59.141+0000: [GC (Allocation Failure) 2020-10-29T08:53:59.141+0000: [ParNew: 18431K->753K(18432K), 0.0078568 secs] 436700K->420815K(896640K), 0.0079390 secs] [Times: user=0.02 sys=0.00, real=0.01 secs] 
2020-10-29T08:53:59.196+0000: [GC (Allocation Failure) 2020-10-29T08:53:59.196+0000: [ParNew: 17137K->468K(18432K), 0.0068517 secs] 437199K->420530K(896640K), 0.0069292 secs] [Times: user=0.02 sys=0.00, real=0.01 secs] 
2020-10-29T08:53:59.250+0000: [GC (Allocation Failure) 2020-10-29T08:53:59.250+0000: [ParNew: 16852K->821K(18432K), 0.0054829 secs] 436914K->420882K(896640K), 0.0055617 secs] [Times: user=0.01 sys=0.00, real=0.01 secs] 
2020-10-29T08:53:59.290+0000: [GC (Allocation Failure) 2020-10-29T08:53:59.290+0000: [ParNew: 17205K->1293K(18432K), 0.0032316 secs] 437266K->421355K(896640K), 0.0032915 secs] [Times: user=0.01 sys=0.00, real=0.01 secs] 
2020-10-29T08:53:59.339+0000: [GC (Allocation Failure) 2020-10-29T08:53:59.340+0000: [ParNew: 17677K->4K(18432K), 0.0031618 secs] 437739K->420833K(896640K), 0.0032204 secs] [Times: user=0.00 sys=0.00, real=0.01 secs] 
2020-10-29T08:53:59.366+0000: [GC (Allocation Failure) 2020-10-29T08:53:59.366+0000: [ParNew: 16388K->4K(18432K), 0.0028936 secs] 437217K->420833K(896640K), 0.0029428 secs] [Times: user=0.00 sys=0.00, real=0.00 secs] 
2020-10-29T08:53:59.391+0000: [GC (Allocation Failure) 2020-10-29T08:53:59.391+0000: [ParNew: 16388K->1028K(18432K), 0.0029097 secs] 437217K->421857K(896640K), 0.0029597 secs] [Times: user=0.00 sys=0.00, real=0.00 secs] 
2020-10-29T08:53:59.418+0000: [GC (Allocation Failure) 2020-10-29T08:53:59.418+0000: [ParNew: 17412K->1030K(18432K), 0.0032800 secs] 438241K->423395K(896640K), 0.0033337 secs] [Times: user=0.00 sys=0.00, real=0.00 secs] 
2020-10-29T08:53:59.446+0000: [GC (Allocation Failure) 2020-10-29T08:53:59.446+0000: [ParNew: 17414K->4K(18432K), 0.0030257 secs] 439779K->422369K(896640K), 0.0030800 secs] [Times: user=0.01 sys=0.00, real=0.00 secs] 
2020-10-29T08:53:59.472+0000: [GC (Allocation Failure) 2020-10-29T08:53:59.472+0000: [ParNew: 16388K->4K(18432K), 0.0027446 secs] 438753K->422369K(896640K), 0.0027924 secs] [Times: user=0.00 sys=0.00, real=0.00 secs] 
2020-10-29T08:53:59.504+0000: [GC (Allocation Failure) 2020-10-29T08:53:59.504+0000: [ParNew: 16388K->4K(18432K), 0.0028984 secs] 438753K->422369K(896640K), 0.0029497 secs] [Times: user=0.00 sys=0.00, real=0.00 secs] 
2020-10-29T08:53:59.526+0000: [GC (Allocation Failure) 2020-10-29T08:53:59.526+0000: [ParNew: 16388K->4K(18432K), 0.0028682 secs] 438753K->422369K(896640K), 0.0029214 secs] [Times: user=0.01 sys=0.00, real=0.00 secs] 
2020-10-29T08:53:59.548+0000: [GC (Allocation Failure) 2020-10-29T08:53:59.548+0000: [ParNew: 16388K->4K(18432K), 0.0027761 secs] 438753K->422369K(896640K), 0.0028241 secs] [Times: user=0.01 sys=0.00, real=0.01 secs] 
2020-10-29T08:53:59.571+0000: [GC (Allocation Failure) 2020-10-29T08:53:59.571+0000: [ParNew: 16388K->1028K(18432K), 0.0032400 secs] 438753K->424417K(896640K), 0.0032948 secs] [Times: user=0.01 sys=0.00, real=0.00 secs] 
2020-10-29T08:53:59.594+0000: [GC (Allocation Failure) 2020-10-29T08:53:59.594+0000: [ParNew: 17412K->4K(18432K), 0.0029311 secs] 440801K->423393K(896640K), 0.0029842 secs] [Times: user=0.00 sys=0.00, real=0.00 secs] 
2020-10-29T08:53:59.616+0000: [GC (Allocation Failure) 2020-10-29T08:53:59.616+0000: [ParNew: 16388K->4K(18432K), 0.0026794 secs] 439777K->423393K(896640K), 0.0027256 secs] [Times: user=0.00 sys=0.00, real=0.00 secs] 
2020-10-29T08:53:59.635+0000: [GC (Allocation Failure) 2020-10-29T08:53:59.635+0000: [ParNew: 16388K->4K(18432K), 0.0030285 secs] 439777K->425442K(896640K), 0.0030772 secs] [Times: user=0.01 sys=0.00, real=0.00 secs] 
2020-10-29T08:53:59.657+0000: [GC (Allocation Failure) 2020-10-29T08:53:59.657+0000: [ParNew: 16388K->4K(18432K), 0.0028945 secs] 441826K->425442K(896640K), 0.0029477 secs] [Times: user=0.00 sys=0.00, real=0.00 secs] 
2020-10-29T08:53:59.686+0000: [GC (Allocation Failure) 2020-10-29T08:53:59.686+0000: [ParNew: 16388K->4K(18432K), 0.0028772 secs] 441826K->425442K(896640K), 0.0029316 secs] [Times: user=0.00 sys=0.00, real=0.00 secs] 
2020-10-29T08:53:59.725+0000: [GC (Allocation Failure) 2020-10-29T08:53:59.725+0000: [ParNew: 16388K->4K(18432K), 0.0055352 secs] 441826K->425442K(896640K), 0.0056065 secs] [Times: user=0.01 sys=0.00, real=0.01 secs] 
2020-10-29T08:53:59.768+0000: [GC (Allocation Failure) 2020-10-29T08:53:59.768+0000: [ParNew: 16388K->2K(18432K), 0.0055753 secs] 441826K->425439K(896640K), 0.0056294 secs] [Times: user=0.01 sys=0.00, real=0.01 secs] 
2020-10-29T08:53:59.810+0000: [GC (Allocation Failure) 2020-10-29T08:53:59.810+0000: [ParNew: 16386K->4K(18432K), 0.0029842 secs] 441823K->425442K(896640K), 0.0030806 secs] [Times: user=0.00 sys=0.00, real=0.00 secs] 
2020-10-29T08:53:59.850+0000: [GC (Allocation Failure) 2020-10-29T08:53:59.850+0000: [ParNew: 16388K->4K(18432K), 0.0029972 secs] 441826K->425442K(896640K), 0.0030540 secs] [Times: user=0.00 sys=0.00, real=0.01 secs] 
2020-10-29T08:53:59.882+0000: [GC (Allocation Failure) 2020-10-29T08:53:59.882+0000: [ParNew: 16388K->4K(18432K), 0.0029681 secs] 441826K->425442K(896640K), 0.0030186 secs] [Times: user=0.00 sys=0.00, real=0.01 secs] 
2020-10-29T08:53:59.911+0000: [GC (Allocation Failure) 2020-10-29T08:53:59.911+0000: [ParNew: 16388K->4K(18432K), 0.0029436 secs] 441826K->425442K(896640K), 0.0030164 secs] [Times: user=0.01 sys=0.00, real=0.00 secs] 
2020-10-29T08:53:59.941+0000: [GC (Allocation Failure) 2020-10-29T08:53:59.941+0000: [ParNew: 16388K->4K(18432K), 0.0029670 secs] 441826K->425442K(896640K), 0.0030409 secs] [Times: user=0.01 sys=0.00, real=0.01 secs] 
2020-10-29T08:53:59.968+0000: [GC (Allocation Failure) 2020-10-29T08:53:59.968+0000: [ParNew: 16388K->4K(18432K), 0.0033627 secs] 441826K->427490K(896640K), 0.0034398 secs] [Times: user=0.00 sys=0.00, real=0.01 secs] 
2020-10-29T08:54:00.000+0000: [GC (Allocation Failure) 2020-10-29T08:54:00.000+0000: [ParNew: 16388K->4K(18432K), 0.0030386 secs] 443874K->427490K(896640K), 0.0031158 secs] [Times: user=0.01 sys=0.00, real=0.01 secs] 
2020-10-29T08:54:00.044+0000: [GC (Allocation Failure) 2020-10-29T08:54:00.044+0000: [ParNew: 16388K->4K(18432K), 0.0030299 secs] 443874K->427490K(896640K), 0.0031054 secs] [Times: user=0.01 sys=0.00, real=0.00 secs] 
2020-10-29T08:54:00.087+0000: [GC (Allocation Failure) 2020-10-29T08:54:00.087+0000: [ParNew: 16388K->4K(18432K), 0.0030887 secs] 443874K->427490K(896640K), 0.0031782 secs] [Times: user=0.01 sys=0.00, real=0.01 secs] 
2020-10-29T08:54:00.126+0000: [GC (Allocation Failure) 2020-10-29T08:54:00.126+0000: [ParNew: 16388K->4K(18432K), 0.0030680 secs] 443874K->427490K(896640K), 0.0031482 secs] [Times: user=0.00 sys=0.00, real=0.00 secs] 
2020-10-29T08:54:00.156+0000: [GC (Allocation Failure) 2020-10-29T08:54:00.156+0000: [ParNew: 16388K->4K(18432K), 0.0030214 secs] 443874K->427490K(896640K), 0.0030972 secs] [Times: user=0.01 sys=0.00, real=0.00 secs] 
2020-10-29T08:54:00.179+0000: [GC (Allocation Failure) 2020-10-29T08:54:00.179+0000: [ParNew: 16388K->4K(18432K), 0.0029563 secs] 443874K->427490K(896640K), 0.0030208 secs] [Times: user=0.00 sys=0.00, real=0.00 secs] 
2020-10-29T08:54:00.199+0000: [GC (Allocation Failure) 2020-10-29T08:54:00.199+0000: [ParNew: 16388K->4K(18432K), 0.0028751 secs] 443874K->427490K(896640K), 0.0029290 secs] [Times: user=0.00 sys=0.00, real=0.00 secs] 
2020-10-29T08:54:00.215+0000: [GC (Allocation Failure) 2020-10-29T08:54:00.215+0000: [ParNew: 16388K->4K(18432K), 0.0036157 secs] 443874K->431586K(896640K), 0.0036725 secs] [Times: user=0.01 sys=0.00, real=0.00 secs] 
2020-10-29T08:54:00.238+0000: [GC (Allocation Failure) 2020-10-29T08:54:00.238+0000: [ParNew: 16388K->4K(18432K), 0.0029864 secs] 447970K->431586K(896640K), 0.0030400 secs] [Times: user=0.01 sys=0.00, real=0.00 secs] 
2020-10-29T08:54:00.258+0000: [GC (Allocation Failure) 2020-10-29T08:54:00.258+0000: [ParNew: 16388K->4K(18432K), 0.0027961 secs] 447970K->431586K(896640K), 0.0028455 secs] [Times: user=0.01 sys=0.00, real=0.00 secs] 
2020-10-29T08:54:00.278+0000: [GC (Allocation Failure) 2020-10-29T08:54:00.278+0000: [ParNew: 16388K->4K(18432K), 0.0026912 secs] 447970K->431586K(896640K), 0.0027384 secs] [Times: user=0.01 sys=0.00, real=0.00 secs] 
2020-10-29T08:54:00.298+0000: [GC (Allocation Failure) 2020-10-29T08:54:00.298+0000: [ParNew: 16388K->4K(18432K), 0.0027805 secs] 447970K->431586K(896640K), 0.0028307 secs] [Times: user=0.01 sys=0.00, real=0.00 secs] 
2020-10-29T08:54:00.318+0000: [GC (Allocation Failure) 2020-10-29T08:54:00.318+0000: [ParNew: 16388K->4K(18432K), 0.0030115 secs] 447970K->431586K(896640K), 0.0030697 secs] [Times: user=0.01 sys=0.00, real=0.00 secs] 
2020-10-29T08:54:00.338+0000: [GC (Allocation Failure) 2020-10-29T08:54:00.338+0000: [ParNew: 16388K->4K(18432K), 0.0029460 secs] 447970K->431586K(896640K), 0.0029985 secs] [Times: user=0.01 sys=0.00, real=0.00 secs] 
2020-10-29T08:54:00.357+0000: [GC (Allocation Failure) 2020-10-29T08:54:00.357+0000: [ParNew: 16388K->4K(18432K), 0.0029615 secs] 447970K->431586K(896640K), 0.0030179 secs] [Times: user=0.00 sys=0.00, real=0.00 secs] 
2020-10-29T08:54:00.376+0000: [GC (Allocation Failure) 2020-10-29T08:54:00.376+0000: [ParNew: 16388K->4K(18432K), 0.0028718 secs] 447970K->431586K(896640K), 0.0029218 secs] [Times: user=0.01 sys=0.00, real=0.00 secs] 
2020-10-29T08:54:00.395+0000: [GC (Allocation Failure) 2020-10-29T08:54:00.395+0000: [ParNew: 16388K->4K(18432K), 0.0028999 secs] 447970K->431586K(896640K), 0.0029711 secs] [Times: user=0.01 sys=0.00, real=0.00 secs] 
2020-10-29T08:54:00.414+0000: [GC (Allocation Failure) 2020-10-29T08:54:00.414+0000: [ParNew: 16388K->4K(18432K), 0.0029573 secs] 447970K->431586K(896640K), 0.0030097 secs] [Times: user=0.01 sys=0.00, real=0.00 secs] 
2020-10-29T08:54:00.433+0000: [GC (Allocation Failure) 2020-10-29T08:54:00.433+0000: [ParNew: 16388K->4K(18432K), 0.0027810 secs] 447970K->431586K(896640K), 0.0028285 secs] [Times: user=0.00 sys=0.00, real=0.00 secs] 
2020-10-29T08:54:00.452+0000: [GC (Allocation Failure) 2020-10-29T08:54:00.452+0000: [ParNew: 16388K->4K(18432K), 0.0027518 secs] 447970K->431586K(896640K), 0.0028002 secs] [Times: user=0.01 sys=0.00, real=0.00 secs] 
2020-10-29T08:54:00.471+0000: [GC (Allocation Failure) 2020-10-29T08:54:00.471+0000: [ParNew: 16388K->4K(18432K), 0.0029770 secs] 447970K->431586K(896640K), 0.0030337 secs] [Times: user=0.01 sys=0.00, real=0.00 secs] 
2020-10-29T08:54:00.490+0000: [GC (Allocation Failure) 2020-10-29T08:54:00.490+0000: [ParNew: 16388K->4K(18432K), 0.0028207 secs] 447970K->431586K(896640K), 0.0028690 secs] [Times: user=0.00 sys=0.00, real=0.00 secs] 
2020-10-29T08:54:00.510+0000: [GC (Allocation Failure) 2020-10-29T08:54:00.510+0000: [ParNew: 16388K->4K(18432K), 0.0029294 secs] 447970K->431586K(896640K), 0.0029832 secs] [Times: user=0.01 sys=0.00, real=0.00 secs] 
2020-10-29T08:54:00.529+0000: [GC (Allocation Failure) 2020-10-29T08:54:00.529+0000: [ParNew: 16388K->4K(18432K), 0.0029867 secs] 447970K->431586K(896640K), 0.0030430 secs] [Times: user=0.01 sys=0.00, real=0.01 secs] 
2020-10-29T08:54:00.550+0000: [GC (Allocation Failure) 2020-10-29T08:54:00.550+0000: [ParNew: 16388K->4K(18432K), 0.0029453 secs] 447970K->431586K(896640K), 0.0030006 secs] [Times: user=0.00 sys=0.00, real=0.00 secs] 
2020-10-29T08:54:00.566+0000: [GC (Allocation Failure) 2020-10-29T08:54:00.566+0000: [ParNew: 16388K->4K(18432K), 0.0036858 secs] 447970K->435682K(896640K), 0.0037724 secs] [Times: user=0.00 sys=0.00, real=0.00 secs] 
2020-10-29T08:54:00.586+0000: [GC (Allocation Failure) 2020-10-29T08:54:00.586+0000: [ParNew: 16388K->4K(18432K), 0.0030646 secs] 452066K->435682K(896640K), 0.0031187 secs] [Times: user=0.01 sys=0.00, real=0.00 secs] 
2020-10-29T08:54:00.605+0000: [GC (Allocation Failure) 2020-10-29T08:54:00.605+0000: [ParNew: 16388K->4K(18432K), 0.0029508 secs] 452066K->435682K(896640K), 0.0030044 secs] [Times: user=0.01 sys=0.00, real=0.00 secs] 
2020-10-29T08:54:00.624+0000: [GC (Allocation Failure) 2020-10-29T08:54:00.624+0000: [ParNew: 16388K->4K(18432K), 0.0030808 secs] 452066K->435682K(896640K), 0.0031406 secs] [Times: user=0.01 sys=0.00, real=0.00 secs] 
2020-10-29T08:54:00.646+0000: [GC (Allocation Failure) 2020-10-29T08:54:00.646+0000: [ParNew: 16388K->4K(18432K), 0.0030651 secs] 452066K->435682K(896640K), 0.0031241 secs] [Times: user=0.01 sys=0.00, real=0.00 secs] 
2020-10-29T08:54:00.670+0000: [GC (Allocation Failure) 2020-10-29T08:54:00.670+0000: [ParNew: 16388K->4K(18432K), 0.0030511 secs] 452066K->435682K(896640K), 0.0031097 secs] [Times: user=0.00 sys=0.00, real=0.00 secs] 
2020-10-29T08:54:00.690+0000: [GC (Allocation Failure) 2020-10-29T08:54:00.690+0000: [ParNew: 16388K->4K(18432K), 0.0030342 secs] 452066K->435682K(896640K), 0.0030915 secs] [Times: user=0.01 sys=0.00, real=0.01 secs] 
2020-10-29T08:54:00.709+0000: [GC (Allocation Failure) 2020-10-29T08:54:00.709+0000: [ParNew: 16388K->4K(18432K), 0.0029246 secs] 452066K->435682K(896640K), 0.0029779 secs] [Times: user=0.01 sys=0.00, real=0.01 secs] 
2020-10-29T08:54:00.728+0000: [GC (Allocation Failure) 2020-10-29T08:54:00.728+0000: [ParNew: 16388K->4K(18432K), 0.0029088 secs] 452066K->435682K(896640K), 0.0029592 secs] [Times: user=0.00 sys=0.00, real=0.01 secs] 
2020-10-29T08:54:00.747+0000: [GC (Allocation Failure) 2020-10-29T08:54:00.747+0000: [ParNew: 16388K->4K(18432K), 0.0029787 secs] 452066K->435682K(896640K), 0.0030350 secs] [Times: user=0.00 sys=0.00, real=0.00 secs] 
2020-10-29T08:54:00.770+0000: [GC (Allocation Failure) 2020-10-29T08:54:00.770+0000: [ParNew: 16388K->4K(18432K), 0.0030384 secs] 452066K->435682K(896640K), 0.0030966 secs] [Times: user=0.01 sys=0.00, real=0.01 secs] 
2020-10-29T08:54:00.790+0000: [GC (Allocation Failure) 2020-10-29T08:54:00.790+0000: [ParNew: 16388K->4K(18432K), 0.0030083 secs] 452066K->435683K(896640K), 0.0030681 secs] [Times: user=0.00 sys=0.00, real=0.00 secs] 
2020-10-29T08:54:00.810+0000: [GC (Allocation Failure) 2020-10-29T08:54:00.810+0000: [ParNew: 16388K->4K(18432K), 0.0028950 secs] 452067K->435683K(896640K), 0.0029492 secs] [Times: user=0.00 sys=0.00, real=0.00 secs] 
2020-10-29T08:54:00.830+0000: [GC (Allocation Failure) 2020-10-29T08:54:00.830+0000: [ParNew: 16388K->4K(18432K), 0.0030525 secs] 452067K->435683K(896640K), 0.0031088 secs] [Times: user=0.00 sys=0.00, real=0.01 secs] 
2020-10-29T08:54:00.849+0000: [GC (Allocation Failure) 2020-10-29T08:54:00.849+0000: [ParNew: 16388K->4K(18432K), 0.0030427 secs] 452067K->435683K(896640K), 0.0031064 secs] [Times: user=0.01 sys=0.00, real=0.01 secs] 
2020-10-29T08:54:00.869+0000: [GC (Allocation Failure) 2020-10-29T08:54:00.869+0000: [ParNew: 16388K->4K(18432K), 0.0030397 secs] 452067K->435683K(896640K), 0.0030999 secs] [Times: user=0.01 sys=0.00, real=0.01 secs] 
2020-10-29T08:54:00.890+0000: [GC (Allocation Failure) 2020-10-29T08:54:00.890+0000: [ParNew: 16388K->4K(18432K), 0.0030484 secs] 452067K->435683K(896640K), 0.0031090 secs] [Times: user=0.01 sys=0.00, real=0.00 secs] 
2020-10-29T08:54:00.910+0000: [GC (Allocation Failure) 2020-10-29T08:54:00.910+0000: [ParNew: 16388K->4K(18432K), 0.0029284 secs] 452067K->435683K(896640K), 0.0029836 secs] [Times: user=0.00 sys=0.00, real=0.01 secs] 
2020-10-29T08:54:00.929+0000: [GC (Allocation Failure) 2020-10-29T08:54:00.929+0000: [ParNew: 16388K->4K(18432K), 0.0030204 secs] 452067K->435683K(896640K), 0.0030936 secs] [Times: user=0.00 sys=0.00, real=0.01 secs] 
2020-10-29T08:54:00.950+0000: [GC (Allocation Failure) 2020-10-29T08:54:00.950+0000: [ParNew: 16388K->4K(18432K), 0.0030253 secs] 452067K->435683K(896640K), 0.0030857 secs] [Times: user=0.00 sys=0.00, real=0.00 secs] 
2020-10-29T08:54:00.970+0000: [GC (Allocation Failure) 2020-10-29T08:54:00.970+0000: [ParNew: 16388K->4K(18432K), 0.0030571 secs] 452067K->435683K(896640K), 0.0031160 secs] [Times: user=0.01 sys=0.00, real=0.01 secs] 
2020-10-29T08:54:00.993+0000: [GC (Allocation Failure) 2020-10-29T08:54:00.993+0000: [ParNew: 16388K->4K(18432K), 0.0029842 secs] 452067K->435683K(896640K), 0.0030406 secs] [Times: user=0.00 sys=0.00, real=0.00 secs] 
2020-10-29T08:54:01.014+0000: [GC (Allocation Failure) 2020-10-29T08:54:01.014+0000: [ParNew: 16388K->4K(18432K), 0.0029465 secs] 452067K->435683K(896640K), 0.0030014 secs] [Times: user=0.01 sys=0.00, real=0.00 secs] 
2020-10-29T08:54:01.034+0000: [GC (Allocation Failure) 2020-10-29T08:54:01.034+0000: [ParNew: 16388K->4K(18432K), 0.0028966 secs] 452067K->435683K(896640K), 0.0029496 secs] [Times: user=0.01 sys=0.01, real=0.00 secs] 
2020-10-29T08:54:01.053+0000: [GC (Allocation Failure) 2020-10-29T08:54:01.054+0000: [ParNew: 16388K->4K(18432K), 0.0030300 secs] 452067K->435683K(896640K), 0.0030892 secs] [Times: user=0.00 sys=0.00, real=0.00 secs] 
2020-10-29T08:54:01.073+0000: [GC (Allocation Failure) 2020-10-29T08:54:01.073+0000: [ParNew: 16388K->4K(18432K), 0.0030437 secs] 452067K->435683K(896640K), 0.0031039 secs] [Times: user=0.00 sys=0.00, real=0.00 secs] 
2020-10-29T08:54:01.092+0000: [GC (Allocation Failure) 2020-10-29T08:54:01.092+0000: [ParNew: 16388K->4K(18432K), 0.0030122 secs] 452067K->435683K(896640K), 0.0030697 secs] [Times: user=0.01 sys=0.00, real=0.00 secs] 
2020-10-29T08:54:01.114+0000: [GC (Allocation Failure) 2020-10-29T08:54:01.114+0000: [ParNew: 16388K->4K(18432K), 0.0029924 secs] 452067K->435683K(896640K), 0.0030494 secs] [Times: user=0.01 sys=0.00, real=0.00 secs] 
2020-10-29T08:54:01.138+0000: [GC (Allocation Failure) 2020-10-29T08:54:01.138+0000: [ParNew: 16388K->4K(18432K), 0.0029844 secs] 452067K->435683K(896640K), 0.0030404 secs] [Times: user=0.00 sys=0.00, real=0.00 secs] 
2020-10-29T08:54:01.157+0000: [GC (Allocation Failure) 2020-10-29T08:54:01.157+0000: [ParNew: 16388K->4K(18432K), 0.0030406 secs] 452067K->435683K(896640K), 0.0030970 secs] [Times: user=0.01 sys=0.00, real=0.00 secs] 
2020-10-29T08:54:01.176+0000: [GC (Allocation Failure) 2020-10-29T08:54:01.176+0000: [ParNew: 16388K->4K(18432K), 0.0029638 secs] 452067K->435683K(896640K), 0.0030241 secs] [Times: user=0.01 sys=0.00, real=0.00 secs] 
2020-10-29T08:54:01.198+0000: [GC (Allocation Failure) 2020-10-29T08:54:01.198+0000: [ParNew: 16388K->4K(18432K), 0.0028776 secs] 452067K->435683K(896640K), 0.0029319 secs] [Times: user=0.00 sys=0.00, real=0.00 secs] 
2020-10-29T08:54:01.218+0000: [GC (Allocation Failure) 2020-10-29T08:54:01.218+0000: [ParNew: 16388K->4K(18432K), 0.0028816 secs] 452067K->435683K(896640K), 0.0029328 secs] [Times: user=0.00 sys=0.00, real=0.00 secs] 
2020-10-29T08:54:01.237+0000: [GC (Allocation Failure) 2020-10-29T08:54:01.237+0000: [ParNew: 16388K->4K(18432K), 0.0029454 secs] 452067K->435683K(896640K), 0.0030183 secs] [Times: user=0.01 sys=0.00, real=0.00 secs] 
2020-10-29T08:54:01.261+0000: [GC (Allocation Failure) 2020-10-29T08:54:01.261+0000: [ParNew: 16388K->4K(18432K), 0.0030203 secs] 452067K->435683K(896640K), 0.0030789 secs] [Times: user=0.01 sys=0.00, real=0.01 secs] 
2020-10-29T08:54:01.282+0000: [GC (Allocation Failure) 2020-10-29T08:54:01.282+0000: [ParNew: 16388K->4K(18432K), 0.0029975 secs] 452067K->435683K(896640K), 0.0030491 secs] [Times: user=0.00 sys=0.00, real=0.00 secs] 
2020-10-29T08:54:01.301+0000: [GC (Allocation Failure) 2020-10-29T08:54:01.301+0000: [ParNew: 16388K->4K(18432K), 0.0029567 secs] 452067K->435683K(896640K), 0.0030214 secs] [Times: user=0.00 sys=0.00, real=0.01 secs] 
2020-10-29T08:54:01.320+0000: [GC (Allocation Failure) 2020-10-29T08:54:01.320+0000: [ParNew: 16388K->4K(18432K), 0.0029614 secs] 452067K->435683K(896640K), 0.0030147 secs] [Times: user=0.01 sys=0.00, real=0.01 secs] 
2020-10-29T08:54:01.340+0000: [GC (Allocation Failure) 2020-10-29T08:54:01.340+0000: [ParNew: 16388K->4K(18432K), 0.0030017 secs] 452067K->435683K(896640K), 0.0030570 secs] [Times: user=0.01 sys=0.00, real=0.01 secs] 
2020-10-29T08:54:01.359+0000: [GC (Allocation Failure) 2020-10-29T08:54:01.359+0000: [ParNew: 16388K->4K(18432K), 0.0030287 secs] 452067K->435683K(896640K), 0.0030864 secs] [Times: user=0.01 sys=0.00, real=0.00 secs] 
2020-10-29T08:54:01.378+0000: [GC (Allocation Failure) 2020-10-29T08:54:01.378+0000: [ParNew: 16388K->4K(18432K), 0.0030009 secs] 452067K->435683K(896640K), 0.0030572 secs] [Times: user=0.00 sys=0.00, real=0.00 secs] 
2020-10-29T08:54:01.398+0000: [GC (Allocation Failure) 2020-10-29T08:54:01.398+0000: [ParNew: 16388K->4K(18432K), 0.0029948 secs] 452067K->435683K(896640K), 0.0030525 secs] [Times: user=0.01 sys=0.00, real=0.00 secs] 
2020-10-29T08:54:01.418+0000: [GC (Allocation Failure) 2020-10-29T08:54:01.418+0000: [ParNew: 16388K->4K(18432K), 0.0030066 secs] 452067K->435683K(896640K), 0.0030647 secs] [Times: user=0.01 sys=0.00, real=0.00 secs] 
2020-10-29T08:54:01.438+0000: [GC (Allocation Failure) 2020-10-29T08:54:01.438+0000: [ParNew: 16388K->4K(18432K), 0.0029112 secs] 452067K->435683K(896640K), 0.0029627 secs] [Times: user=0.01 sys=0.00, real=0.00 secs] 
2020-10-29T08:54:01.458+0000: [GC (Allocation Failure) 2020-10-29T08:54:01.458+0000: [ParNew: 16388K->4K(18432K), 0.0028134 secs] 452067K->435683K(896640K), 0.0028634 secs] [Times: user=0.01 sys=0.00, real=0.00 secs] 
2020-10-29T08:54:01.477+0000: [GC (Allocation Failure) 2020-10-29T08:54:01.477+0000: [ParNew: 16388K->4K(18432K), 0.0028650 secs] 452067K->435683K(896640K), 0.0029114 secs] [Times: user=0.01 sys=0.00, real=0.00 secs] 
2020-10-29T08:54:01.496+0000: [GC (Allocation Failure) 2020-10-29T08:54:01.496+0000: [ParNew: 16388K->4K(18432K), 0.0026873 secs] 452067K->435683K(896640K), 0.0027321 secs] [Times: user=0.00 sys=0.00, real=0.00 secs] 
2020-10-29T08:54:01.520+0000: [GC (Allocation Failure) 2020-10-29T08:54:01.520+0000: [ParNew: 16388K->4K(18432K), 0.0030036 secs] 452067K->435683K(896640K), 0.0030602 secs] [Times: user=0.01 sys=0.00, real=0.01 secs] 
2020-10-29T08:54:01.540+0000: [GC (Allocation Failure) 2020-10-29T08:54:01.540+0000: [ParNew: 16388K->4K(18432K), 0.0029745 secs] 452067K->435683K(896640K), 0.0030303 secs] [Times: user=0.00 sys=0.00, real=0.01 secs] 
2020-10-29T08:54:01.559+0000: [GC (Allocation Failure) 2020-10-29T08:54:01.559+0000: [ParNew: 16388K->4K(18432K), 0.0030160 secs] 452067K->435683K(896640K), 0.0030719 secs] [Times: user=0.00 sys=0.00, real=0.00 secs] 
2020-10-29T08:54:01.578+0000: [GC (Allocation Failure) 2020-10-29T08:54:01.578+0000: [ParNew: 16388K->4K(18432K), 0.0029764 secs] 452067K->435683K(896640K), 0.0030314 secs] [Times: user=0.01 sys=0.00, real=0.00 secs] 
2020-10-29T08:54:01.597+0000: [GC (Allocation Failure) 2020-10-29T08:54:01.597+0000: [ParNew: 16388K->4K(18432K), 0.0031018 secs] 452067K->435683K(896640K), 0.0031643 secs] [Times: user=0.01 sys=0.00, real=0.00 secs] 
2020-10-29T08:54:01.618+0000: [GC (Allocation Failure) 2020-10-29T08:54:01.618+0000: [ParNew: 16388K->4K(18432K), 0.0030304 secs] 452067K->435683K(896640K), 0.0030885 secs] [Times: user=0.01 sys=0.00, real=0.00 secs] 
2020-10-29T08:54:01.648+0000: [GC (Allocation Failure) 2020-10-29T08:54:01.648+0000: [ParNew: 16388K->8K(18432K), 0.0030644 secs] 452067K->435687K(896640K), 0.0031329 secs] [Times: user=0.00 sys=0.00, real=0.01 secs] 
2020-10-29T08:54:01.667+0000: [GC (Allocation Failure) 2020-10-29T08:54:01.667+0000: [ParNew: 16392K->8K(18432K), 0.0029940 secs] 452071K->435687K(896640K), 0.0030509 secs] [Times: user=0.00 sys=0.00, real=0.01 secs] 
2020-10-29T08:54:01.687+0000: [GC (Allocation Failure) 2020-10-29T08:54:01.687+0000: [ParNew: 16392K->8K(18432K), 0.0029859 secs] 452071K->435687K(896640K), 0.0030426 secs] [Times: user=0.01 sys=0.00, real=0.00 secs] 
2020-10-29T08:54:01.706+0000: [GC (Allocation Failure) 2020-10-29T08:54:01.706+0000: [ParNew: 16392K->8K(18432K), 0.0029342 secs] 452071K->435687K(896640K), 0.0029885 secs] [Times: user=0.01 sys=0.00, real=0.00 secs] 
2020-10-29T08:54:01.725+0000: [GC (Allocation Failure) 2020-10-29T08:54:01.725+0000: [ParNew: 16392K->7K(18432K), 0.0029271 secs] 452071K->435686K(896640K), 0.0029802 secs] [Times: user=0.01 sys=0.00, real=0.00 secs] 
2020-10-29T08:54:01.745+0000: [GC (Allocation Failure) 2020-10-29T08:54:01.745+0000: [ParNew: 16391K->7K(18432K), 0.0028668 secs] 452070K->435687K(896640K), 0.0029175 secs] [Times: user=0.00 sys=0.00, real=0.00 secs] 
2020-10-29T08:54:01.766+0000: [GC (Allocation Failure) 2020-10-29T08:54:01.766+0000: [ParNew: 16391K->4K(18432K), 0.0028865 secs] 452071K->435687K(896640K), 0.0029415 secs] [Times: user=0.01 sys=0.00, real=0.00 secs] 
2020-10-29T08:54:01.788+0000: [GC (Allocation Failure) 2020-10-29T08:54:01.788+0000: [ParNew: 16388K->4K(18432K), 0.0030274 secs] 452071K->435686K(896640K), 0.0030953 secs] [Times: user=0.00 sys=0.00, real=0.01 secs] 
2020-10-29T08:54:01.810+0000: [GC (Allocation Failure) 2020-10-29T08:54:01.810+0000: [ParNew: 16388K->4K(18432K), 0.0030809 secs] 452070K->435686K(896640K), 0.0031553 secs] [Times: user=0.01 sys=0.00, real=0.01 secs] 
2020-10-29T08:54:01.830+0000: [GC (Allocation Failure) 2020-10-29T08:54:01.830+0000: [ParNew: 16388K->4K(18432K), 0.0028456 secs] 452070K->435686K(896640K), 0.0029039 secs] [Times: user=0.01 sys=0.00, real=0.01 secs] 
2020-10-29T08:54:01.853+0000: [GC (Allocation Failure) 2020-10-29T08:54:01.853+0000: [ParNew: 16388K->4K(18432K), 0.0028908 secs] 452070K->435686K(896640K), 0.0029439 secs] [Times: user=0.01 sys=0.00, real=0.00 secs] 
2020-10-29T08:54:01.874+0000: [GC (Allocation Failure) 2020-10-29T08:54:01.874+0000: [ParNew: 16388K->4K(18432K), 0.0027135 secs] 452070K->435686K(896640K), 0.0027570 secs] [Times: user=0.01 sys=0.00, real=0.00 secs] 
2020-10-29T08:54:01.893+0000: [GC (Allocation Failure) 2020-10-29T08:54:01.893+0000: [ParNew: 16388K->4K(18432K), 0.0028468 secs] 452070K->435686K(896640K), 0.0029021 secs] [Times: user=0.00 sys=0.00, real=0.00 secs] 
2020-10-29T08:54:01.912+0000: [GC (Allocation Failure) 2020-10-29T08:54:01.912+0000: [ParNew: 16388K->4K(18432K), 0.0028038 secs] 452070K->435686K(896640K), 0.0028531 secs] [Times: user=0.00 sys=0.00, real=0.00 secs] 
2020-10-29T08:54:01.931+0000: [GC (Allocation Failure) 2020-10-29T08:54:01.931+0000: [ParNew: 16388K->4K(18432K), 0.0027412 secs] 452070K->435686K(896640K), 0.0027885 secs] [Times: user=0.01 sys=0.00, real=0.00 secs] 
2020-10-29T08:54:01.954+0000: [GC (Allocation Failure) 2020-10-29T08:54:01.954+0000: [ParNew: 16388K->4K(18432K), 0.0029627 secs] 452070K->435686K(896640K), 0.0030175 secs] [Times: user=0.01 sys=0.00, real=0.00 secs] 
2020-10-29T08:54:01.974+0000: [GC (Allocation Failure) 2020-10-29T08:54:01.974+0000: [ParNew: 16388K->4K(18432K), 0.0028213 secs] 452070K->435686K(896640K), 0.0028705 secs] [Times: user=0.01 sys=0.00, real=0.00 secs] 
2020-10-29T08:54:01.993+0000: [GC (Allocation Failure) 2020-10-29T08:54:01.993+0000: [ParNew: 16388K->4K(18432K), 0.0029975 secs] 452070K->435686K(896640K), 0.0030540 secs] [Times: user=0.00 sys=0.00, real=0.00 secs] 
2020-10-29T08:54:02.012+0000: [GC (Allocation Failure) 2020-10-29T08:54:02.012+0000: [ParNew: 16388K->4K(18432K), 0.0028783 secs] 452070K->435686K(896640K), 0.0029384 secs] [Times: user=0.01 sys=0.00, real=0.00 secs] 
2020-10-29T08:54:02.031+0000: [GC (Allocation Failure) 2020-10-29T08:54:02.031+0000: [ParNew: 16388K->4K(18432K), 0.0028113 secs] 452070K->435686K(896640K), 0.0028763 secs] [Times: user=0.01 sys=0.00, real=0.00 secs] 
2020-10-29T08:54:02.054+0000: [GC (Allocation Failure) 2020-10-29T08:54:02.054+0000: [ParNew: 16388K->4K(18432K), 0.0030455 secs] 452070K->435686K(896640K), 0.0031028 secs] [Times: user=0.01 sys=0.00, real=0.00 secs] 
2020-10-29T08:54:02.074+0000: [GC (Allocation Failure) 2020-10-29T08:54:02.074+0000: [ParNew: 16388K->4K(18432K), 0.0030259 secs] 452070K->435686K(896640K), 0.0030848 secs] [Times: user=0.01 sys=0.00, real=0.00 secs] 
2020-10-29T08:54:02.093+0000: [GC (Allocation Failure) 2020-10-29T08:54:02.094+0000: [ParNew: 16388K->4K(18432K), 0.0030228 secs] 452070K->435686K(896640K), 0.0030802 secs] [Times: user=0.01 sys=0.00, real=0.00 secs] 
2020-10-29T08:54:02.113+0000: [GC (Allocation Failure) 2020-10-29T08:54:02.113+0000: [ParNew: 16388K->4K(18432K), 0.0030377 secs] 452070K->435686K(896640K), 0.0030942 secs] [Times: user=0.00 sys=0.00, real=0.00 secs] 
2020-10-29T08:54:02.134+0000: [GC (Allocation Failure) 2020-10-29T08:54:02.134+0000: [ParNew: 16388K->4K(18432K), 0.0031054 secs] 452070K->435686K(896640K), 0.0031636 secs] [Times: user=0.00 sys=0.00, real=0.00 secs] 
2020-10-29T08:54:02.154+0000: [GC (Allocation Failure) 2020-10-29T08:54:02.154+0000: [ParNew: 16388K->4K(18432K), 0.0030453 secs] 452070K->435686K(896640K), 0.0031050 secs] [Times: user=0.01 sys=0.00, real=0.00 secs] 
2020-10-29T08:54:02.173+0000: [GC (Allocation Failure) 2020-10-29T08:54:02.173+0000: [ParNew: 16388K->4K(18432K), 0.0030562 secs] 452070K->435686K(896640K), 0.0031165 secs] [Times: user=0.01 sys=0.00, real=0.00 secs] 
2020-10-29T08:54:02.194+0000: [GC (Allocation Failure) 2020-10-29T08:54:02.194+0000: [ParNew: 16388K->4K(18432K), 0.0030359 secs] 452070K->435686K(896640K), 0.0030945 secs] [Times: user=0.01 sys=0.00, real=0.00 secs] 
2020-10-29T08:54:02.213+0000: [GC (Allocation Failure) 2020-10-29T08:54:02.213+0000: [ParNew: 16388K->4K(18432K), 0.0030482 secs] 452070K->435686K(896640K), 0.0031068 secs] [Times: user=0.01 sys=0.00, real=0.00 secs] 
2020-10-29T08:54:02.234+0000: [GC (Allocation Failure) 2020-10-29T08:54:02.234+0000: [ParNew: 16388K->4K(18432K), 0.0033779 secs] 452070K->435686K(896640K), 0.0034351 secs] [Times: user=0.01 sys=0.00, real=0.00 secs] 
2020-10-29T08:54:02.254+0000: [GC (Allocation Failure) 2020-10-29T08:54:02.254+0000: [ParNew: 16388K->4K(18432K), 0.0030421 secs] 452070K->435686K(896640K), 0.0030997 secs] [Times: user=0.01 sys=0.00, real=0.00 secs] 
2020-10-29T08:54:02.274+0000: [GC (Allocation Failure) 2020-10-29T08:54:02.274+0000: [ParNew: 16388K->4K(18432K), 0.0029711 secs] 452070K->435686K(896640K), 0.0030266 secs] [Times: user=0.00 sys=0.00, real=0.00 secs] 
2020-10-29T08:54:02.293+0000: [GC (Allocation Failure) 2020-10-29T08:54:02.293+0000: [ParNew: 16388K->4K(18432K), 0.0029941 secs] 452070K->435686K(896640K), 0.0030563 secs] [Times: user=0.01 sys=0.00, real=0.00 secs] 
2020-10-29T08:54:02.314+0000: [GC (Allocation Failure) 2020-10-29T08:54:02.314+0000: [ParNew: 16388K->4K(18432K), 0.0030250 secs] 452070K->435686K(896640K), 0.0030821 secs] [Times: user=0.00 sys=0.00, real=0.00 secs] 
2020-10-29T08:54:02.334+0000: [GC (Allocation Failure) 2020-10-29T08:54:02.334+0000: [ParNew: 16388K->4K(18432K), 0.0030215 secs] 452070K->435686K(896640K), 0.0030889 secs] [Times: user=0.00 sys=0.00, real=0.00 secs] 
2020-10-29T08:54:02.354+0000: [GC (Allocation Failure) 2020-10-29T08:54:02.354+0000: [ParNew: 16388K->4K(18432K), 0.0030327 secs] 452070K->435686K(896640K), 0.0030910 secs] [Times: user=0.01 sys=0.00, real=0.00 secs] 
2020-10-29T08:54:02.374+0000: [GC (Allocation Failure) 2020-10-29T08:54:02.374+0000: [ParNew: 16388K->4K(18432K), 0.0030192 secs] 452070K->435686K(896640K), 0.0030782 secs] [Times: user=0.00 sys=0.00, real=0.00 secs] 
2020-10-29T08:54:02.394+0000: [GC (Allocation Failure) 2020-10-29T08:54:02.394+0000: [ParNew: 16388K->4K(18432K), 0.0030239 secs] 452070K->435686K(896640K), 0.0030828 secs] [Times: user=0.01 sys=0.00, real=0.00 secs] 
2020-10-29T08:54:02.413+0000: [GC (Allocation Failure) 2020-10-29T08:54:02.413+0000: [ParNew: 16388K->4K(18432K), 0.0030590 secs] 452070K->435686K(896640K), 0.0031176 secs] [Times: user=0.01 sys=0.00, real=0.00 secs] 
2020-10-29T08:54:02.434+0000: [GC (Allocation Failure) 2020-10-29T08:54:02.434+0000: [ParNew: 16388K->4K(18432K), 0.0030201 secs] 452070K->435686K(896640K), 0.0030773 secs] [Times: user=0.01 sys=0.00, real=0.00 secs] 
2020-10-29T08:54:02.454+0000: [GC (Allocation Failure) 2020-10-29T08:54:02.454+0000: [ParNew: 16388K->4K(18432K), 0.0030801 secs] 452070K->435686K(896640K), 0.0031394 secs] [Times: user=0.00 sys=0.00, real=0.00 secs] 
2020-10-29T08:54:02.474+0000: [GC (Allocation Failure) 2020-10-29T08:54:02.474+0000: [ParNew: 16388K->4K(18432K), 0.0030321 secs] 452070K->435686K(896640K), 0.0030913 secs] [Times: user=0.01 sys=0.00, real=0.00 secs] 
2020-10-29T08:54:02.494+0000: [GC (Allocation Failure) 2020-10-29T08:54:02.494+0000: [ParNew: 16388K->4K(18432K), 0.0030048 secs] 452070K->435686K(896640K), 0.0030661 secs] [Times: user=0.00 sys=0.00, real=0.00 secs] 
2020-10-29T08:54:02.512+0000: [GC (Allocation Failure) 2020-10-29T08:54:02.512+0000: [ParNew: 16388K->4K(18432K), 0.0030278 secs] 452070K->435686K(896640K), 0.0030840 secs] [Times: user=0.00 sys=0.00, real=0.00 secs] 
2020-10-29T08:54:02.531+0000: [GC (Allocation Failure) 2020-10-29T08:54:02.531+0000: [ParNew: 16388K->4K(18432K), 0.0030733 secs] 452070K->435686K(896640K), 0.0031310 secs] [Times: user=0.01 sys=0.00, real=0.00 secs] 
2020-10-29T08:54:02.551+0000: [GC (Allocation Failure) 2020-10-29T08:54:02.551+0000: [ParNew: 16388K->4K(18432K), 0.0028867 secs] 452070K->435687K(896640K), 0.0029377 secs] [Times: user=0.00 sys=0.00, real=0.00 secs] 
2020-10-29T08:54:02.569+0000: [GC (Allocation Failure) 2020-10-29T08:54:02.569+0000: [ParNew: 16388K->4K(18432K), 0.0029858 secs] 452071K->435687K(896640K), 0.0030408 secs] [Times: user=0.01 sys=0.00, real=0.01 secs] 
2020-10-29T08:54:02.588+0000: [GC (Allocation Failure) 2020-10-29T08:54:02.588+0000: [ParNew: 16388K->4K(18432K), 0.0030556 secs] 452071K->435687K(896640K), 0.0031129 secs] [Times: user=0.00 sys=0.00, real=0.01 secs] 
2020-10-29T08:54:02.608+0000: [GC (Allocation Failure) 2020-10-29T08:54:02.608+0000: [ParNew: 16388K->4K(18432K), 0.0029675 secs] 452071K->435687K(896640K), 0.0030176 secs] [Times: user=0.01 sys=0.00, real=0.01 secs] 
2020-10-29T08:54:02.627+0000: [GC (Allocation Failure) 2020-10-29T08:54:02.627+0000: [ParNew: 16388K->4K(18432K), 0.0030911 secs] 452071K->435687K(896640K), 0.0031494 secs] [Times: user=0.00 sys=0.00, real=0.00 secs] 
2020-10-29T08:54:02.646+0000: [GC (Allocation Failure) 2020-10-29T08:54:02.646+0000: [ParNew: 16388K->4K(18432K), 0.0030199 secs] 452071K->435687K(896640K), 0.0030915 secs] [Times: user=0.00 sys=0.00, real=0.00 secs] 
2020-10-29T08:54:02.665+0000: [GC (Allocation Failure) 2020-10-29T08:54:02.665+0000: [ParNew: 16388K->4K(18432K), 0.0029950 secs] 452071K->435687K(896640K), 0.0030584 secs] [Times: user=0.01 sys=0.00, real=0.00 secs] 
2020-10-29T08:54:02.686+0000: [GC (Allocation Failure) 2020-10-29T08:54:02.686+0000: [ParNew: 16388K->4K(18432K), 0.0030660 secs] 452071K->435687K(896640K), 0.0031236 secs] [Times: user=0.00 sys=0.00, real=0.00 secs] 
2020-10-29T08:54:02.706+0000: [GC (Allocation Failure) 2020-10-29T08:54:02.706+0000: [ParNew: 16388K->4K(18432K), 0.0030184 secs] 452071K->435687K(896640K), 0.0030742 secs] [Times: user=0.00 sys=0.00, real=0.00 secs] 
2020-10-29T08:54:02.726+0000: [GC (Allocation Failure) 2020-10-29T08:54:02.726+0000: [ParNew: 16388K->4K(18432K), 0.0030390 secs] 452071K->435687K(896640K), 0.0030984 secs] [Times: user=0.00 sys=0.00, real=0.00 secs] 
2020-10-29T08:54:02.746+0000: [GC (Allocation Failure) 2020-10-29T08:54:02.746+0000: [ParNew: 16388K->4K(18432K), 0.0030200 secs] 452071K->435687K(896640K), 0.0030774 secs] [Times: user=0.00 sys=0.00, real=0.00 secs] 
2020-10-29T08:54:02.765+0000: [GC (Allocation Failure) 2020-10-29T08:54:02.765+0000: [ParNew: 16388K->4K(18432K), 0.0029140 secs] 452071K->435687K(896640K), 0.0029677 secs] [Times: user=0.00 sys=0.00, real=0.00 secs] 
2020-10-29T08:54:02.784+0000: [GC (Allocation Failure) 2020-10-29T08:54:02.784+0000: [ParNew: 16388K->4K(18432K), 0.0030233 secs] 452071K->435687K(896640K), 0.0030797 secs] [Times: user=0.01 sys=0.00, real=0.00 secs] 
2020-10-29T08:54:02.803+0000: [GC (Allocation Failure) 2020-10-29T08:54:02.803+0000: [ParNew: 16388K->4K(18432K), 0.0029989 secs] 452071K->435687K(896640K), 0.0030559 secs] [Times: user=0.01 sys=0.00, real=0.00 secs] 
2020-10-29T08:54:02.822+0000: [GC (Allocation Failure) 2020-10-29T08:54:02.822+0000: [ParNew: 16388K->4K(18432K), 0.0030545 secs] 452071K->435687K(896640K), 0.0031148 secs] [Times: user=0.01 sys=0.00, real=0.01 secs] 
2020-10-29T08:54:02.841+0000: [GC (Allocation Failure) 2020-10-29T08:54:02.841+0000: [ParNew: 16388K->4K(18432K), 0.0033320 secs] 452071K->435687K(896640K), 0.0033965 secs] [Times: user=0.01 sys=0.00, real=0.01 secs] 
2020-10-29T08:54:02.865+0000: [GC (Allocation Failure) 2020-10-29T08:54:02.865+0000: [ParNew: 16388K->4K(18432K), 0.0030445 secs] 452071K->435687K(896640K), 0.0031037 secs] [Times: user=0.01 sys=0.00, real=0.00 secs] 
2020-10-29T08:54:02.886+0000: [GC (Allocation Failure) 2020-10-29T08:54:02.886+0000: [ParNew: 16388K->4K(18432K), 0.0029912 secs] 452071K->435687K(896640K), 0.0030461 secs] [Times: user=0.01 sys=0.00, real=0.00 secs] 
2020-10-29T08:54:02.906+0000: [GC (Allocation Failure) 2020-10-29T08:54:02.906+0000: [ParNew: 16388K->4K(18432K), 0.0030326 secs] 452071K->435687K(896640K), 0.0030980 secs] [Times: user=0.00 sys=0.00, real=0.00 secs] 
2020-10-29T08:54:02.926+0000: [GC (Allocation Failure) 2020-10-29T08:54:02.926+0000: [ParNew: 16388K->4K(18432K), 0.0030011 secs] 452071K->435687K(896640K), 0.0030583 secs] [Times: user=0.00 sys=0.00, real=0.00 secs] 
2020-10-29T08:54:02.945+0000: [GC (Allocation Failure) 2020-10-29T08:54:02.945+0000: [ParNew: 16388K->4K(18432K), 0.0029579 secs] 452071K->435687K(896640K), 0.0030122 secs] [Times: user=0.00 sys=0.00, real=0.00 secs] 
2020-10-29T08:54:02.964+0000: [GC (Allocation Failure) 2020-10-29T08:54:02.964+0000: [ParNew: 16388K->4K(18432K), 0.0029665 secs] 452071K->435687K(896640K), 0.0030218 secs] [Times: user=0.00 sys=0.00, real=0.00 secs] 
2020-10-29T08:54:02.983+0000: [GC (Allocation Failure) 2020-10-29T08:54:02.983+0000: [ParNew: 16388K->4K(18432K), 0.0028499 secs] 452071K->435687K(896640K), 0.0028993 secs] [Times: user=0.01 sys=0.00, real=0.00 secs] 
2020-10-29T08:54:03.002+0000: [GC (Allocation Failure) 2020-10-29T08:54:03.002+0000: [ParNew: 16388K->4K(18432K), 0.0028424 secs] 452071K->435687K(896640K), 0.0028982 secs] [Times: user=0.01 sys=0.00, real=0.01 secs] 
2020-10-29T08:54:03.022+0000: [GC (Allocation Failure) 2020-10-29T08:54:03.022+0000: [ParNew: 16388K->4K(18432K), 0.0029955 secs] 452071K->435687K(896640K), 0.0030530 secs] [Times: user=0.00 sys=0.00, real=0.00 secs] 
2020-10-29T08:54:03.041+0000: [GC (Allocation Failure) 2020-10-29T08:54:03.041+0000: [ParNew: 16388K->4K(18432K), 0.0030358 secs] 452071K->435687K(896640K), 0.0030943 secs] [Times: user=0.01 sys=0.00, real=0.01 secs] 
2020-10-29T08:54:03.061+0000: [GC (Allocation Failure) 2020-10-29T08:54:03.061+0000: [ParNew: 16388K->4K(18432K), 0.0030272 secs] 452071K->435687K(896640K), 0.0030841 secs] [Times: user=0.01 sys=0.00, real=0.01 secs] 
2020-10-29T08:54:03.080+0000: [GC (Allocation Failure) 2020-10-29T08:54:03.080+0000: [ParNew: 16388K->4K(18432K), 0.0029372 secs] 452071K->435687K(896640K), 0.0029883 secs] [Times: user=0.01 sys=0.00, real=0.01 secs] 
2020-10-29T08:54:03.099+0000: [GC (Allocation Failure) 2020-10-29T08:54:03.099+0000: [ParNew: 16388K->4K(18432K), 0.0030257 secs] 452071K->435687K(896640K), 0.0030844 secs] [Times: user=0.01 sys=0.00, real=0.00 secs] 
2020-10-29T08:54:03.118+0000: [GC (Allocation Failure) 2020-10-29T08:54:03.118+0000: [ParNew: 16388K->4K(18432K), 0.0030402 secs] 452071K->435687K(896640K), 0.0030971 secs] [Times: user=0.01 sys=0.00, real=0.00 secs] 
2020-10-29T08:54:03.138+0000: [GC (Allocation Failure) 2020-10-29T08:54:03.138+0000: [ParNew: 16388K->4K(18432K), 0.0031056 secs] 452071K->435687K(896640K), 0.0031638 secs] [Times: user=0.00 sys=0.00, real=0.00 secs] 
2020-10-29T08:54:03.157+0000: [GC (Allocation Failure) 2020-10-29T08:54:03.157+0000: [ParNew: 16388K->4K(18432K), 0.0030242 secs] 452071K->435687K(896640K), 0.0030816 secs] [Times: user=0.01 sys=0.00, real=0.00 secs] 
2020-10-29T08:54:03.178+0000: [GC (Allocation Failure) 2020-10-29T08:54:03.178+0000: [ParNew: 16388K->4K(18432K), 0.0030632 secs] 452071K->435687K(896640K), 0.0031207 secs] [Times: user=0.01 sys=0.00, real=0.00 secs] 
2020-10-29T08:54:03.198+0000: [GC (Allocation Failure) 2020-10-29T08:54:03.198+0000: [ParNew: 16388K->4K(18432K), 0.0029901 secs] 452071K->435687K(896640K), 0.0030462 secs] [Times: user=0.00 sys=0.00, real=0.00 secs] 
2020-10-29T08:54:03.217+0000: [GC (Allocation Failure) 2020-10-29T08:54:03.217+0000: [ParNew: 16388K->4K(18432K), 0.0028580 secs] 452071K->435687K(896640K), 0.0029092 secs] [Times: user=0.00 sys=0.00, real=0.00 secs] 
2020-10-29T08:54:03.236+0000: [GC (Allocation Failure) 2020-10-29T08:54:03.236+0000: [ParNew: 16388K->4K(18432K), 0.0031763 secs] 452071K->435687K(896640K), 0.0032352 secs] [Times: user=0.01 sys=0.00, real=0.00 secs] 
2020-10-29T08:54:03.258+0000: [GC (Allocation Failure) 2020-10-29T08:54:03.258+0000: [ParNew: 16388K->4K(18432K), 0.0029326 secs] 452071K->435687K(896640K), 0.0029868 secs] [Times: user=0.01 sys=0.00, real=0.00 secs] 
2020-10-29T08:54:03.277+0000: [GC (Allocation Failure) 2020-10-29T08:54:03.277+0000: [ParNew: 16388K->4K(18432K), 0.0030377 secs] 452071K->435687K(896640K), 0.0030962 secs] [Times: user=0.01 sys=0.00, real=0.00 secs] 
2020-10-29T08:54:03.297+0000: [GC (Allocation Failure) 2020-10-29T08:54:03.297+0000: [ParNew: 16388K->4K(18432K), 0.0027202 secs] 452071K->435687K(896640K), 0.0027682 secs] [Times: user=0.00 sys=0.00, real=0.00 secs] 
2020-10-29T08:54:03.318+0000: [GC (Allocation Failure) 2020-10-29T08:54:03.318+0000: [ParNew: 16388K->4K(18432K), 0.0027522 secs] 452071K->435687K(896640K), 0.0028003 secs] [Times: user=0.00 sys=0.00, real=0.00 secs] 
2020-10-29T08:54:03.337+0000: [GC (Allocation Failure) 2020-10-29T08:54:03.337+0000: [ParNew: 16388K->4K(18432K), 0.0028568 secs] 452071K->435687K(896640K), 0.0029322 secs] [Times: user=0.01 sys=0.00, real=0.00 secs] 
2020-10-29T08:54:03.356+0000: [GC (Allocation Failure) 2020-10-29T08:54:03.356+0000: [ParNew: 16388K->4K(18432K), 0.0029532 secs] 452071K->435687K(896640K), 0.0030072 secs] [Times: user=0.00 sys=0.00, real=0.00 secs] 
2020-10-29T08:54:03.375+0000: [GC (Allocation Failure) 2020-10-29T08:54:03.375+0000: [ParNew: 16388K->4K(18432K), 0.0029352 secs] 452071K->435687K(896640K), 0.0029889 secs] [Times: user=0.01 sys=0.00, real=0.00 secs] 
2020-10-29T08:54:03.394+0000: [GC (Allocation Failure) 2020-10-29T08:54:03.394+0000: [ParNew: 16388K->4K(18432K), 0.0028911 secs] 452071K->435687K(896640K), 0.0029432 secs] [Times: user=0.00 sys=0.01, real=0.00 secs] 
2020-10-29T08:54:03.414+0000: [GC (Allocation Failure) 2020-10-29T08:54:03.414+0000: [ParNew: 16388K->4K(18432K), 0.0027492 secs] 452071K->435687K(896640K), 0.0027969 secs] [Times: user=0.01 sys=0.00, real=0.00 secs] 
2020-10-29T08:54:03.433+0000: [GC (Allocation Failure) 2020-10-29T08:54:03.433+0000: [ParNew: 16388K->4K(18432K), 0.0029280 secs] 452071K->435687K(896640K), 0.0029991 secs] [Times: user=0.01 sys=0.00, real=0.00 secs] 
2020-10-29T08:54:03.452+0000: [GC (Allocation Failure) 2020-10-29T08:54:03.452+0000: [ParNew: 16388K->4K(18432K), 0.0029669 secs] 452071K->435687K(896640K), 0.0030214 secs] [Times: user=0.00 sys=0.00, real=0.00 secs] 
2020-10-29T08:54:03.471+0000: [GC (Allocation Failure) 2020-10-29T08:54:03.471+0000: [ParNew: 16388K->4K(18432K), 0.0028517 secs] 452071K->435687K(896640K), 0.0029009 secs] [Times: user=0.00 sys=0.01, real=0.00 secs] 
2020-10-29T08:54:03.494+0000: [GC (Allocation Failure) 2020-10-29T08:54:03.494+0000: [ParNew: 16388K->4K(18432K), 0.0027542 secs] 452071K->435687K(896640K), 0.0028019 secs] [Times: user=0.00 sys=0.00, real=0.00 secs] 
2020-10-29T08:54:03.513+0000: [GC (Allocation Failure) 2020-10-29T08:54:03.513+0000: [ParNew: 16388K->4K(18432K), 0.0027739 secs] 452071K->435687K(896640K), 0.0028489 secs] [Times: user=0.01 sys=0.00, real=0.00 secs] 
2020-10-29T08:54:03.534+0000: [GC (Allocation Failure) 2020-10-29T08:54:03.534+0000: [ParNew: 16388K->4K(18432K), 0.0026696 secs] 452071K->435687K(896640K), 0.0027159 secs] [Times: user=0.00 sys=0.00, real=0.00 secs] 
2020-10-29T08:54:03.553+0000: [GC (Allocation Failure) 2020-10-29T08:54:03.553+0000: [ParNew: 16385K->4K(18432K), 0.0027756 secs] 452069K->435687K(896640K), 0.0028253 secs] [Times: user=0.01 sys=0.00, real=0.00 secs] 
2020-10-29T08:54:03.571+0000: [GC (Allocation Failure) 2020-10-29T08:54:03.571+0000: [ParNew: 16388K->4K(18432K), 0.0026999 secs] 452071K->435687K(896640K), 0.0027784 secs] [Times: user=0.01 sys=0.00, real=0.00 secs] 
2020-10-29T08:54:03.590+0000: [GC (Allocation Failure) 2020-10-29T08:54:03.590+0000: [ParNew: 16388K->4K(18432K), 0.0028723 secs] 452071K->435687K(896640K), 0.0029189 secs] [Times: user=0.00 sys=0.00, real=0.01 secs] 
2020-10-29T08:54:03.610+0000: [GC (Allocation Failure) 2020-10-29T08:54:03.610+0000: [ParNew: 16388K->4K(18432K), 0.0027330 secs] 452071K->435687K(896640K), 0.0027810 secs] [Times: user=0.01 sys=0.00, real=0.00 secs] 
2020-10-29T08:54:03.629+0000: [GC (Allocation Failure) 2020-10-29T08:54:03.629+0000: [ParNew: 16388K->4K(18432K), 0.0026256 secs] 452071K->435687K(896640K), 0.0026702 secs] [Times: user=0.00 sys=0.00, real=0.01 secs] 
2020-10-29T08:54:03.648+0000: [GC (Allocation Failure) 2020-10-29T08:54:03.648+0000: [ParNew: 16388K->4K(18432K), 0.0027373 secs] 452071K->435687K(896640K), 0.0027839 secs] [Times: user=0.01 sys=0.00, real=0.01 secs] 
2020-10-29T08:54:03.670+0000: [GC (Allocation Failure) 2020-10-29T08:54:03.670+0000: [ParNew: 16388K->4K(18432K), 0.0028949 secs] 452071K->435687K(896640K), 0.0029499 secs] [Times: user=0.01 sys=0.00, real=0.00 secs] 
2020-10-29T08:54:03.689+0000: [GC (Allocation Failure) 2020-10-29T08:54:03.689+0000: [ParNew: 16388K->4K(18432K), 0.0029297 secs] 452071K->435687K(896640K), 0.0029832 secs] [Times: user=0.01 sys=0.00, real=0.01 secs] 
2020-10-29T08:54:03.710+0000: [GC (Allocation Failure) 2020-10-29T08:54:03.710+0000: [ParNew: 16388K->4K(18432K), 0.0029406 secs] 452071K->435687K(896640K), 0.0029969 secs] [Times: user=0.00 sys=0.00, real=0.00 secs] 
2020-10-29T08:54:03.735+0000: [GC (Allocation Failure) 2020-10-29T08:54:03.735+0000: [ParNew: 16388K->4K(18432K), 0.0030496 secs] 468455K->452071K(896640K), 0.0031070 secs] [Times: user=0.01 sys=0.00, real=0.00 secs] 
2020-10-29T08:54:03.739+0000: [GC (CMS Initial Mark) [1 CMS-initial-mark: 452067K(878208K)] 452462K(896640K), 0.0012529 secs] [Times: user=0.00 sys=0.00, real=0.00 secs] 
2020-10-29T08:54:03.741+0000: [CMS-concurrent-mark-start]
2020-10-29T08:54:03.770+0000: [GC (Allocation Failure) 2020-10-29T08:54:03.770+0000: [ParNew: 16388K->4K(18432K), 0.0028642 secs] 468455K->452071K(896640K), 0.0029207 secs] [Times: user=0.01 sys=0.00, real=0.01 secs] 
2020-10-29T08:54:03.796+0000: [GC (Allocation Failure) 2020-10-29T08:54:03.796+0000: [ParNew: 16388K->4K(18432K), 0.0029600 secs] 468455K->452071K(896640K), 0.0030165 secs] [Times: user=0.00 sys=0.00, real=0.00 secs] 
2020-10-29T08:54:03.811+0000: [CMS-concurrent-mark: 0.064/0.070 secs] [Times: user=0.14 sys=0.00, real=0.08 secs] 
2020-10-29T08:54:03.811+0000: [CMS-concurrent-preclean-start]
2020-10-29T08:54:03.814+0000: [CMS-concurrent-preclean: 0.003/0.003 secs] [Times: user=0.00 sys=0.01, real=0.00 secs] 
2020-10-29T08:54:03.814+0000: [CMS-concurrent-abortable-preclean-start]
2020-10-29T08:54:03.819+0000: [GC (Allocation Failure) 2020-10-29T08:54:03.819+0000: [ParNew: 16388K->4K(18432K), 0.0024567 secs] 468455K->452071K(896640K), 0.0024993 secs] [Times: user=0.00 sys=0.00, real=0.00 secs] 
2020-10-29T08:54:03.842+0000: [GC (Allocation Failure) 2020-10-29T08:54:03.842+0000: [ParNew: 16388K->4K(18432K), 0.0027287 secs] 468455K->452071K(896640K), 0.0027907 secs] [Times: user=0.00 sys=0.00, real=0.00 secs] 
2020-10-29T08:54:03.863+0000: [GC (Allocation Failure) 2020-10-29T08:54:03.863+0000: [ParNew: 16388K->4K(18432K), 0.0029906 secs] 468455K->452071K(896640K), 0.0030497 secs] [Times: user=0.00 sys=0.00, real=0.00 secs] 
2020-10-29T08:54:03.884+0000: [GC (Allocation Failure) 2020-10-29T08:54:03.884+0000: [ParNew: 16388K->4K(18432K), 0.0030064 secs] 468455K->452071K(896640K), 0.0030627 secs] [Times: user=0.01 sys=0.00, real=0.00 secs] 
2020-10-29T08:54:03.906+0000: [GC (Allocation Failure) 2020-10-29T08:54:03.906+0000: [ParNew: 16388K->4K(18432K), 0.0026590 secs] 468455K->452071K(896640K), 0.0027102 secs] [Times: user=0.00 sys=0.00, real=0.00 secs] 
2020-10-29T08:54:03.926+0000: [GC (Allocation Failure) 2020-10-29T08:54:03.926+0000: [ParNew: 16388K->4K(18432K), 0.0026643 secs] 468455K->452071K(896640K), 0.0027152 secs] [Times: user=0.00 sys=0.00, real=0.00 secs] 
2020-10-29T08:54:03.946+0000: [GC (Allocation Failure) 2020-10-29T08:54:03.946+0000: [ParNew: 16388K->4K(18432K), 0.0028478 secs] 468455K->452071K(896640K), 0.0029016 secs] [Times: user=0.01 sys=0.00, real=0.00 secs] 
2020-10-29T08:54:03.966+0000: [GC (Allocation Failure) 2020-10-29T08:54:03.966+0000: [ParNew: 16388K->4K(18432K), 0.0028389 secs] 468455K->452071K(896640K), 0.0028927 secs] [Times: user=0.01 sys=0.00, real=0.00 secs] 
2020-10-29T08:54:03.986+0000: [GC (Allocation Failure) 2020-10-29T08:54:03.986+0000: [ParNew: 16388K->4K(18432K), 0.0028753 secs] 468455K->452071K(896640K), 0.0029288 secs] [Times: user=0.01 sys=0.00, real=0.00 secs] 
2020-10-29T08:54:04.006+0000: [GC (Allocation Failure) 2020-10-29T08:54:04.006+0000: [ParNew: 16388K->4K(18432K), 0.0029859 secs] 468455K->452071K(896640K), 0.0030426 secs] [Times: user=0.01 sys=0.00, real=0.00 secs] 
2020-10-29T08:54:04.026+0000: [GC (Allocation Failure) 2020-10-29T08:54:04.026+0000: [ParNew: 16388K->4K(18432K), 0.0028523 secs] 468455K->452071K(896640K), 0.0029059 secs] [Times: user=0.01 sys=0.00, real=0.00 secs] 
2020-10-29T08:54:04.050+0000: [GC (Allocation Failure) 2020-10-29T08:54:04.050+0000: [ParNew: 16388K->4K(18432K), 0.0027786 secs] 468455K->452071K(896640K), 0.0028326 secs] [Times: user=0.01 sys=0.00, real=0.00 secs] 
2020-10-29T08:54:04.070+0000: [GC (Allocation Failure) 2020-10-29T08:54:04.070+0000: [ParNew: 16388K->4K(18432K), 0.0026340 secs] 468455K->452071K(896640K), 0.0026847 secs] [Times: user=0.00 sys=0.00, real=0.00 secs] 
2020-10-29T08:54:04.090+0000: [GC (Allocation Failure) 2020-10-29T08:54:04.090+0000: [ParNew: 16388K->4K(18432K), 0.0026700 secs] 468455K->452071K(896640K), 0.0027214 secs] [Times: user=0.00 sys=0.00, real=0.01 secs] 
2020-10-29T08:54:04.114+0000: [GC (Allocation Failure) 2020-10-29T08:54:04.114+0000: [ParNew: 16388K->4K(18432K), 0.0028631 secs] 468455K->452071K(896640K), 0.0029196 secs] [Times: user=0.00 sys=0.00, real=0.00 secs] 
2020-10-29T08:54:04.134+0000: [GC (Allocation Failure) 2020-10-29T08:54:04.134+0000: [ParNew: 16388K->4K(18432K), 0.0028231 secs] 468455K->452071K(896640K), 0.0028773 secs] [Times: user=0.01 sys=0.00, real=0.00 secs] 
2020-10-29T08:54:04.154+0000: [GC (Allocation Failure) 2020-10-29T08:54:04.154+0000: [ParNew: 16388K->4K(18432K), 0.0027965 secs] 468455K->452071K(896640K), 0.0028488 secs] [Times: user=0.01 sys=0.00, real=0.00 secs] 
2020-10-29T08:54:04.176+0000: [GC (Allocation Failure) 2020-10-29T08:54:04.176+0000: [ParNew: 16388K->4K(18432K), 0.0025696 secs] 468455K->452071K(896640K), 0.0026177 secs] [Times: user=0.01 sys=0.00, real=0.00 secs] 
2020-10-29T08:54:04.196+0000: [GC (Allocation Failure) 2020-10-29T08:54:04.196+0000: [ParNew: 16388K->4K(18432K), 0.0026733 secs] 468455K->452071K(896640K), 0.0027231 secs] [Times: user=0.01 sys=0.00, real=0.00 secs] 
2020-10-29T08:54:04.218+0000: [GC (Allocation Failure) 2020-10-29T08:54:04.218+0000: [ParNew: 16388K->4K(18432K), 0.0026377 secs] 468455K->452071K(896640K), 0.0026880 secs] [Times: user=0.00 sys=0.00, real=0.00 secs] 
2020-10-29T08:54:04.242+0000: [GC (Allocation Failure) 2020-10-29T08:54:04.242+0000: [ParNew: 16388K->4K(18432K), 0.0026394 secs] 468455K->452071K(896640K), 0.0027034 secs] [Times: user=0.00 sys=0.00, real=0.01 secs] 
2020-10-29T08:54:04.262+0000: [GC (Allocation Failure) 2020-10-29T08:54:04.262+0000: [ParNew: 16388K->4K(18432K), 0.0026566 secs] 468455K->452071K(896640K), 0.0027305 secs] [Times: user=0.01 sys=0.00, real=0.01 secs] 
2020-10-29T08:54:04.282+0000: [GC (Allocation Failure) 2020-10-29T08:54:04.282+0000: [ParNew: 16388K->4K(18432K), 0.0025580 secs] 468455K->452071K(896640K), 0.0026060 secs] [Times: user=0.01 sys=0.00, real=0.01 secs] 
2020-10-29T08:54:04.301+0000: [GC (Allocation Failure) 2020-10-29T08:54:04.301+0000: [ParNew: 16388K->4K(18432K), 0.0026715 secs] 468455K->452071K(896640K), 0.0027229 secs] [Times: user=0.00 sys=0.00, real=0.01 secs] 
2020-10-29T08:54:04.322+0000: [GC (Allocation Failure) 2020-10-29T08:54:04.322+0000: [ParNew: 16388K->4K(18432K), 0.0027458 secs] 468455K->452071K(896640K), 0.0027984 secs] [Times: user=0.00 sys=0.00, real=0.00 secs] 
2020-10-29T08:54:04.346+0000: [GC (Allocation Failure) 2020-10-29T08:54:04.346+0000: [ParNew: 16388K->4K(18432K), 0.0029904 secs] 468455K->452071K(896640K), 0.0030517 secs] [Times: user=0.01 sys=0.00, real=0.00 secs] 
2020-10-29T08:54:04.366+0000: [GC (Allocation Failure) 2020-10-29T08:54:04.366+0000: [ParNew: 16388K->4K(18432K), 0.0028715 secs] 468455K->452071K(896640K), 0.0029246 secs] [Times: user=0.01 sys=0.00, real=0.00 secs] 
2020-10-29T08:54:04.386+0000: [GC (Allocation Failure) 2020-10-29T08:54:04.386+0000: [ParNew: 16388K->4K(18432K), 0.0027933 secs] 468455K->452071K(896640K), 0.0028459 secs] [Times: user=0.00 sys=0.00, real=0.00 secs] 
2020-10-29T08:54:04.406+0000: [GC (Allocation Failure) 2020-10-29T08:54:04.406+0000: [ParNew: 16388K->4K(18432K), 0.0027378 secs] 468455K->452071K(896640K), 0.0027903 secs] [Times: user=0.00 sys=0.00, real=0.00 secs] 
2020-10-29T08:54:04.426+0000: [GC (Allocation Failure) 2020-10-29T08:54:04.426+0000: [ParNew: 16388K->4K(18432K), 0.0027071 secs] 468455K->452071K(896640K), 0.0027588 secs] [Times: user=0.01 sys=0.01, real=0.00 secs] 
2020-10-29T08:54:04.446+0000: [GC (Allocation Failure) 2020-10-29T08:54:04.446+0000: [ParNew: 16388K->4K(18432K), 0.0027170 secs] 468455K->452071K(896640K), 0.0027656 secs] [Times: user=0.00 sys=0.00, real=0.00 secs] 
2020-10-29T08:54:04.470+0000: [GC (Allocation Failure) 2020-10-29T08:54:04.470+0000: [ParNew: 16388K->4K(18432K), 0.0025325 secs] 468455K->452071K(896640K), 0.0025802 secs] [Times: user=0.01 sys=0.00, real=0.01 secs] 
2020-10-29T08:54:04.490+0000: [GC (Allocation Failure) 2020-10-29T08:54:04.490+0000: [ParNew: 16388K->4K(18432K), 0.0025568 secs] 468455K->452071K(896640K), 0.0026047 secs] [Times: user=0.01 sys=0.00, real=0.00 secs] 
2020-10-29T08:54:04.514+0000: [GC (Allocation Failure) 2020-10-29T08:54:04.514+0000: [ParNew: 16388K->4K(18432K), 0.0026017 secs] 468455K->452071K(896640K), 0.0026508 secs] [Times: user=0.01 sys=0.00, real=0.00 secs] 
2020-10-29T08:54:04.541+0000: [GC (Allocation Failure) 2020-10-29T08:54:04.541+0000: [ParNew: 16388K->4K(18432K), 0.0029797 secs] 468455K->452071K(896640K), 0.0030436 secs] [Times: user=0.01 sys=0.00, real=0.01 secs] 
2020-10-29T08:54:04.564+0000: [GC (Allocation Failure) 2020-10-29T08:54:04.564+0000: [ParNew: 16388K->4K(18432K), 0.0027136 secs] 468455K->452071K(896640K), 0.0027663 secs] [Times: user=0.01 sys=0.00, real=0.00 secs] 
2020-10-29T08:54:04.584+0000: [GC (Allocation Failure) 2020-10-29T08:54:04.584+0000: [ParNew: 16388K->4K(18432K), 0.0030438 secs] 468455K->452071K(896640K), 0.0031024 secs] [Times: user=0.00 sys=0.00, real=0.00 secs] 
2020-10-29T08:54:04.605+0000: [GC (Allocation Failure) 2020-10-29T08:54:04.605+0000: [ParNew: 16388K->4K(18432K), 0.0028705 secs] 468455K->452071K(896640K), 0.0029262 secs] [Times: user=0.01 sys=0.00, real=0.00 secs] 
2020-10-29T08:54:04.626+0000: [GC (Allocation Failure) 2020-10-29T08:54:04.626+0000: [ParNew: 16388K->4K(18432K), 0.0025104 secs] 468455K->452071K(896640K), 0.0025591 secs] [Times: user=0.01 sys=0.00, real=0.00 secs] 
2020-10-29T08:54:04.650+0000: [GC (Allocation Failure) 2020-10-29T08:54:04.650+0000: [ParNew: 16388K->4K(18432K), 0.0026005 secs] 468455K->452071K(896640K), 0.0026636 secs] [Times: user=0.00 sys=0.00, real=0.01 secs] 
2020-10-29T08:54:04.670+0000: [GC (Allocation Failure) 2020-10-29T08:54:04.670+0000: [ParNew: 16388K->4K(18432K), 0.0028696 secs] 468455K->452071K(896640K), 0.0029260 secs] [Times: user=0.01 sys=0.00, real=0.00 secs] 
2020-10-29T08:54:04.690+0000: [GC (Allocation Failure) 2020-10-29T08:54:04.690+0000: [ParNew: 16388K->4K(18432K), 0.0026776 secs] 468455K->452071K(896640K), 0.0027272 secs] [Times: user=0.01 sys=0.00, real=0.01 secs] 
2020-10-29T08:54:04.710+0000: [GC (Allocation Failure) 2020-10-29T08:54:04.710+0000: [ParNew: 16388K->4K(18432K), 0.0025396 secs] 468455K->452071K(896640K), 0.0025953 secs] [Times: user=0.01 sys=0.00, real=0.00 secs] 
2020-10-29T08:54:04.730+0000: [GC (Allocation Failure) 2020-10-29T08:54:04.730+0000: [ParNew: 16388K->4K(18432K), 0.0025041 secs] 468455K->452071K(896640K), 0.0025506 secs] [Times: user=0.01 sys=0.00, real=0.00 secs] 
2020-10-29T08:54:04.750+0000: [GC (Allocation Failure) 2020-10-29T08:54:04.750+0000: [ParNew: 16388K->4K(18432K), 0.0025406 secs] 468455K->452071K(896640K), 0.0025874 secs] [Times: user=0.00 sys=0.01, real=0.01 secs] 
2020-10-29T08:54:04.770+0000: [GC (Allocation Failure) 2020-10-29T08:54:04.770+0000: [ParNew: 16388K->4K(18432K), 0.0026814 secs] 468455K->452072K(896640K), 0.0027326 secs] [Times: user=0.00 sys=0.00, real=0.01 secs] 
2020-10-29T08:54:04.790+0000: [GC (Allocation Failure) 2020-10-29T08:54:04.790+0000: [ParNew: 16388K->4K(18432K), 0.0025271 secs] 468456K->452072K(896640K), 0.0025740 secs] [Times: user=0.01 sys=0.00, real=0.01 secs] 
2020-10-29T08:54:04.810+0000: [GC (Allocation Failure) 2020-10-29T08:54:04.810+0000: [ParNew: 16388K->4K(18432K), 0.0025433 secs] 468456K->452072K(896640K), 0.0025919 secs] [Times: user=0.01 sys=0.00, real=0.00 secs] 
2020-10-29T08:54:04.830+0000: [GC (Allocation Failure) 2020-10-29T08:54:04.830+0000: [ParNew: 16388K->4K(18432K), 0.0027381 secs] 468456K->452072K(896640K), 0.0027905 secs] [Times: user=0.01 sys=0.00, real=0.01 secs] 
2020-10-29T08:54:04.850+0000: [GC (Allocation Failure) 2020-10-29T08:54:04.850+0000: [ParNew: 16388K->4K(18432K), 0.0025388 secs] 468456K->452072K(896640K), 0.0025882 secs] [Times: user=0.00 sys=0.00, real=0.00 secs] 
2020-10-29T08:54:04.874+0000: [GC (Allocation Failure) 2020-10-29T08:54:04.874+0000: [ParNew: 16388K->4K(18432K), 0.0025185 secs] 468456K->452072K(896640K), 0.0025660 secs] [Times: user=0.00 sys=0.00, real=0.00 secs] 
2020-10-29T08:54:04.894+0000: [GC (Allocation Failure) 2020-10-29T08:54:04.894+0000: [ParNew: 16388K->4K(18432K), 0.0025928 secs] 468456K->452072K(896640K), 0.0026402 secs] [Times: user=0.01 sys=0.00, real=0.00 secs] 
2020-10-29T08:54:04.913+0000: [GC (Allocation Failure) 2020-10-29T08:54:04.913+0000: [ParNew: 16388K->4K(18432K), 0.0025699 secs] 468456K->452072K(896640K), 0.0026329 secs] [Times: user=0.00 sys=0.00, real=0.00 secs] 
2020-10-29T08:54:04.934+0000: [GC (Allocation Failure) 2020-10-29T08:54:04.934+0000: [ParNew: 16388K->4K(18432K), 0.0026277 secs] 468456K->452072K(896640K), 0.0026782 secs] [Times: user=0.00 sys=0.00, real=0.00 secs] 
2020-10-29T08:54:04.958+0000: [GC (Allocation Failure) 2020-10-29T08:54:04.958+0000: [ParNew: 16388K->4K(18432K), 0.0026683 secs] 468456K->452072K(896640K), 0.0027206 secs] [Times: user=0.00 sys=0.00, real=0.00 secs] 
2020-10-29T08:54:04.978+0000: [GC (Allocation Failure) 2020-10-29T08:54:04.978+0000: [ParNew: 16388K->4K(18432K), 0.0027102 secs] 468456K->452072K(896640K), 0.0027620 secs] [Times: user=0.01 sys=0.00, real=0.00 secs] 
2020-10-29T08:54:04.997+0000: [GC (Allocation Failure) 2020-10-29T08:54:04.998+0000: [ParNew: 16388K->4K(18432K), 0.0027330 secs] 468456K->452072K(896640K), 0.0027933 secs] [Times: user=0.01 sys=0.00, real=0.00 secs] 
2020-10-29T08:54:05.018+0000: [GC (Allocation Failure) 2020-10-29T08:54:05.018+0000: [ParNew: 16388K->4K(18432K), 0.0026923 secs] 468456K->452072K(896640K), 0.0027513 secs] [Times: user=0.00 sys=0.00, real=0.00 secs] 
2020-10-29T08:54:05.038+0000: [GC (Allocation Failure) 2020-10-29T08:54:05.038+0000: [ParNew: 16388K->4K(18432K), 0.0028685 secs] 468456K->452072K(896640K), 0.0029245 secs] [Times: user=0.00 sys=0.00, real=0.00 secs] 
2020-10-29T08:54:05.062+0000: [GC (Allocation Failure) 2020-10-29T08:54:05.062+0000: [ParNew: 16388K->4K(18432K), 0.0026955 secs] 468456K->452072K(896640K), 0.0027472 secs] [Times: user=0.01 sys=0.00, real=0.00 secs] 
2020-10-29T08:54:05.082+0000: [GC (Allocation Failure) 2020-10-29T08:54:05.082+0000: [ParNew: 16388K->4K(18432K), 0.0026715 secs] 468456K->452072K(896640K), 0.0027235 secs] [Times: user=0.00 sys=0.00, real=0.00 secs] 
2020-10-29T08:54:05.102+0000: [GC (Allocation Failure) 2020-10-29T08:54:05.102+0000: [ParNew: 16388K->4K(18432K), 0.0047225 secs] 468456K->452072K(896640K), 0.0047762 secs] [Times: user=0.01 sys=0.00, real=0.01 secs] 
2020-10-29T08:54:05.126+0000: [GC (Allocation Failure) 2020-10-29T08:54:05.126+0000: [ParNew: 16388K->4K(18432K), 0.0029084 secs] 468456K->452072K(896640K), 0.0029639 secs] [Times: user=0.01 sys=0.00, real=0.00 secs] 
2020-10-29T08:54:05.147+0000: [GC (Allocation Failure) 2020-10-29T08:54:05.147+0000: [ParNew: 16388K->4K(18432K), 0.0028724 secs] 468456K->452072K(896640K), 0.0029279 secs] [Times: user=0.01 sys=0.00, real=0.00 secs] 
2020-10-29T08:54:05.170+0000: [GC (Allocation Failure) 2020-10-29T08:54:05.170+0000: [ParNew: 16388K->4K(18432K), 0.0028891 secs] 468456K->452072K(896640K), 0.0029444 secs] [Times: user=0.01 sys=0.00, real=0.00 secs] 
2020-10-29T08:54:05.194+0000: [GC (Allocation Failure) 2020-10-29T08:54:05.194+0000: [ParNew: 16388K->4K(18432K), 0.0027961 secs] 468456K->452072K(896640K), 0.0028499 secs] [Times: user=0.01 sys=0.00, real=0.00 secs] 
2020-10-29T08:54:05.218+0000: [GC (Allocation Failure) 2020-10-29T08:54:05.218+0000: [ParNew: 16388K->4K(18432K), 0.0029284 secs] 468456K->452072K(896640K), 0.0029846 secs] [Times: user=0.01 sys=0.00, real=0.00 secs] 
2020-10-29T08:54:05.238+0000: [GC (Allocation Failure) 2020-10-29T08:54:05.238+0000: [ParNew: 16388K->4K(18432K), 0.0030217 secs] 468456K->452072K(896640K), 0.0030871 secs] [Times: user=0.01 sys=0.00, real=0.00 secs] 
2020-10-29T08:54:05.262+0000: [GC (Allocation Failure) 2020-10-29T08:54:05.262+0000: [ParNew: 16388K->4K(18432K), 0.0030061 secs] 468456K->452072K(896640K), 0.0030639 secs] [Times: user=0.01 sys=0.00, real=0.00 secs] 
2020-10-29T08:54:05.283+0000: [GC (Allocation Failure) 2020-10-29T08:54:05.283+0000: [ParNew: 16388K->4K(18432K), 0.0030372 secs] 468456K->452072K(896640K), 0.0030945 secs] [Times: user=0.00 sys=0.00, real=0.00 secs] 
2020-10-29T08:54:05.306+0000: [GC (Allocation Failure) 2020-10-29T08:54:05.306+0000: [ParNew: 16388K->4K(18432K), 0.0027124 secs] 468456K->452072K(896640K), 0.0027647 secs] [Times: user=0.01 sys=0.00, real=0.00 secs] 
2020-10-29T08:54:05.330+0000: [GC (Allocation Failure) 2020-10-29T08:54:05.330+0000: [ParNew: 16388K->4K(18432K), 0.0025382 secs] 468456K->452072K(896640K), 0.0025880 secs] [Times: user=0.01 sys=0.00, real=0.01 secs] 
2020-10-29T08:54:05.350+0000: [GC (Allocation Failure) 2020-10-29T08:54:05.350+0000: [ParNew: 16388K->4K(18432K), 0.0026118 secs] 468456K->452072K(896640K), 0.0026626 secs] [Times: user=0.00 sys=0.00, real=0.01 secs] 
2020-10-29T08:54:05.370+0000: [GC (Allocation Failure) 2020-10-29T08:54:05.370+0000: [ParNew: 16388K->4K(18432K), 0.0027968 secs] 468456K->452072K(896640K), 0.0028499 secs] [Times: user=0.00 sys=0.00, real=0.00 secs] 
2020-10-29T08:54:05.390+0000: [GC (Allocation Failure) 2020-10-29T08:54:05.390+0000: [ParNew: 16388K->4K(18432K), 0.0029300 secs] 468456K->452072K(896640K), 0.0029871 secs] [Times: user=0.01 sys=0.00, real=0.00 secs] 
2020-10-29T08:54:05.410+0000: [GC (Allocation Failure) 2020-10-29T08:54:05.410+0000: [ParNew: 16388K->4K(18432K), 0.0028233 secs] 468456K->452072K(896640K), 0.0028774 secs] [Times: user=0.00 sys=0.00, real=0.00 secs] 
2020-10-29T08:54:05.434+0000: [GC (Allocation Failure) 2020-10-29T08:54:05.434+0000: [ParNew: 16388K->4K(18432K), 0.0028323 secs] 468456K->452072K(896640K), 0.0028861 secs] [Times: user=0.00 sys=0.00, real=0.00 secs] 
2020-10-29T08:54:05.454+0000: [GC (Allocation Failure) 2020-10-29T08:54:05.454+0000: [ParNew: 16388K->4K(18432K), 0.0028242 secs] 468456K->452072K(896640K), 0.0028775 secs] [Times: user=0.01 sys=0.00, real=0.00 secs] 
2020-10-29T08:54:05.474+0000: [GC (Allocation Failure) 2020-10-29T08:54:05.474+0000: [ParNew: 16388K->4K(18432K), 0.0028759 secs] 468456K->452072K(896640K), 0.0029308 secs] [Times: user=0.01 sys=0.00, real=0.00 secs] 
2020-10-29T08:54:05.498+0000: [GC (Allocation Failure) 2020-10-29T08:54:05.498+0000: [ParNew: 16388K->4K(18432K), 0.0031008 secs] 468456K->452072K(896640K), 0.0031527 secs] [Times: user=0.01 sys=0.00, real=0.00 secs] 
2020-10-29T08:54:05.522+0000: [GC (Allocation Failure) 2020-10-29T08:54:05.522+0000: [ParNew: 16388K->4K(18432K), 0.0029231 secs] 468456K->452072K(896640K), 0.0029805 secs] [Times: user=0.00 sys=0.00, real=0.01 secs] 
2020-10-29T08:54:05.542+0000: [GC (Allocation Failure) 2020-10-29T08:54:05.542+0000: [ParNew: 16388K->4K(18432K), 0.0027103 secs] 468456K->452072K(896640K), 0.0027628 secs] [Times: user=0.00 sys=0.00, real=0.01 secs] 
2020-10-29T08:54:05.567+0000: [GC (Allocation Failure) 2020-10-29T08:54:05.567+0000: [ParNew: 16388K->4K(18432K), 0.0043177 secs] 468456K->452072K(896640K), 0.0043713 secs] [Times: user=0.01 sys=0.00, real=0.01 secs] 
2020-10-29T08:54:05.590+0000: [GC (Allocation Failure) 2020-10-29T08:54:05.590+0000: [ParNew: 16388K->6K(18432K), 0.0046249 secs] 468456K->452074K(896640K), 0.0046773 secs] [Times: user=0.00 sys=0.00, real=0.00 secs] 
2020-10-29T08:54:05.614+0000: [GC (Allocation Failure) 2020-10-29T08:54:05.614+0000: [ParNew: 16390K->4K(18432K), 0.0026225 secs] 468458K->452072K(896640K), 0.0026721 secs] [Times: user=0.00 sys=0.00, real=0.00 secs] 
2020-10-29T08:54:05.638+0000: [GC (Allocation Failure) 2020-10-29T08:54:05.638+0000: [ParNew: 16388K->4K(18432K), 0.0027712 secs] 468456K->452072K(896640K), 0.0028245 secs] [Times: user=0.00 sys=0.00, real=0.00 secs] 
2020-10-29T08:54:05.658+0000: [GC (Allocation Failure) 2020-10-29T08:54:05.658+0000: [ParNew: 16388K->4K(18432K), 0.0026761 secs] 468456K->452072K(896640K), 0.0027263 secs] [Times: user=0.00 sys=0.00, real=0.00 secs] 
2020-10-29T08:54:05.678+0000: [GC (Allocation Failure) 2020-10-29T08:54:05.678+0000: [ParNew: 16388K->4K(18432K), 0.0027253 secs] 468456K->452072K(896640K), 0.0027778 secs] [Times: user=0.00 sys=0.00, real=0.00 secs] 
2020-10-29T08:54:05.702+0000: [GC (Allocation Failure) 2020-10-29T08:54:05.702+0000: [ParNew: 16388K->4K(18432K), 0.0027896 secs] 468456K->452072K(896640K), 0.0028420 secs] [Times: user=0.00 sys=0.00, real=0.00 secs] 
2020-10-29T08:54:05.722+0000: [GC (Allocation Failure) 2020-10-29T08:54:05.722+0000: [ParNew: 16388K->4K(18432K), 0.0026627 secs] 468456K->452072K(896640K), 0.0027133 secs] [Times: user=0.01 sys=0.00, real=0.00 secs] 
2020-10-29T08:54:05.742+0000: [GC (Allocation Failure) 2020-10-29T08:54:05.742+0000: [ParNew: 16388K->4K(18432K), 0.0027386 secs] 468456K->452072K(896640K), 0.0028013 secs] [Times: user=0.01 sys=0.00, real=0.01 secs] 
2020-10-29T08:54:05.766+0000: [GC (Allocation Failure) 2020-10-29T08:54:05.766+0000: [ParNew: 16388K->4K(18432K), 0.0028399 secs] 468456K->452072K(896640K), 0.0028954 secs] [Times: user=0.01 sys=0.00, real=0.00 secs] 
2020-10-29T08:54:05.786+0000: [GC (Allocation Failure) 2020-10-29T08:54:05.786+0000: [ParNew: 16388K->4K(18432K), 0.0026365 secs] 468456K->452072K(896640K), 0.0026857 secs] [Times: user=0.00 sys=0.00, real=0.00 secs] 
2020-10-29T08:54:05.806+0000: [GC (Allocation Failure) 2020-10-29T08:54:05.806+0000: [ParNew: 16388K->4K(18432K), 0.0030088 secs] 468456K->452072K(896640K), 0.0030658 secs] [Times: user=0.00 sys=0.00, real=0.00 secs] 
2020-10-29T08:54:05.826+0000: [GC (Allocation Failure) 2020-10-29T08:54:05.826+0000: [ParNew: 16388K->4K(18432K), 0.0028610 secs] 468456K->452072K(896640K), 0.0029152 secs] [Times: user=0.00 sys=0.00, real=0.00 secs] 
2020-10-29T08:54:05.846+0000: [GC (Allocation Failure) 2020-10-29T08:54:05.846+0000: [ParNew: 16388K->4K(18432K), 0.0034071 secs] 468456K->452072K(896640K), 0.0034596 secs] [Times: user=0.01 sys=0.00, real=0.00 secs] 
2020-10-29T08:54:05.868+0000: [GC (Allocation Failure) 2020-10-29T08:54:05.868+0000: [ParNew: 16388K->4K(18432K), 0.0035420 secs] 468456K->452072K(896640K), 0.0035951 secs] [Times: user=0.00 sys=0.00, real=0.01 secs] 
2020-10-29T08:54:05.889+0000: [GC (Allocation Failure) 2020-10-29T08:54:05.889+0000: [ParNew: 16388K->4K(18432K), 0.0028528 secs] 468456K->452072K(896640K), 0.0029068 secs] [Times: user=0.00 sys=0.00, real=0.01 secs] 
2020-10-29T08:54:05.909+0000: [GC (Allocation Failure) 2020-10-29T08:54:05.909+0000: [ParNew: 16388K->4K(18432K), 0.0028769 secs] 468456K->452072K(896640K), 0.0029369 secs] [Times: user=0.00 sys=0.00, real=0.01 secs] 
2020-10-29T08:54:05.930+0000: [GC (Allocation Failure) 2020-10-29T08:54:05.930+0000: [ParNew: 16388K->4K(18432K), 0.0028887 secs] 468456K->452072K(896640K), 0.0029432 secs] [Times: user=0.01 sys=0.00, real=0.00 secs] 
2020-10-29T08:54:05.951+0000: [GC (Allocation Failure) 2020-10-29T08:54:05.951+0000: [ParNew: 16388K->4K(18432K), 0.0028393 secs] 468456K->452072K(896640K), 0.0028940 secs] [Times: user=0.01 sys=0.00, real=0.00 secs] 
2020-10-29T08:54:05.970+0000: [GC (Allocation Failure) 2020-10-29T08:54:05.970+0000: [ParNew: 16388K->4K(18432K), 0.0028146 secs] 468456K->452072K(896640K), 0.0028698 secs] [Times: user=0.01 sys=0.00, real=0.00 secs] 
2020-10-29T08:54:05.990+0000: [GC (Allocation Failure) 2020-10-29T08:54:05.990+0000: [ParNew: 16388K->4K(18432K), 0.0030260 secs] 468456K->452072K(896640K), 0.0030837 secs] [Times: user=0.01 sys=0.00, real=0.01 secs] 
2020-10-29T08:54:06.010+0000: [GC (Allocation Failure) 2020-10-29T08:54:06.010+0000: [ParNew: 16388K->4K(18432K), 0.0029264 secs] 468456K->452072K(896640K), 0.0029834 secs] [Times: user=0.00 sys=0.00, real=0.00 secs] 
2020-10-29T08:54:06.034+0000: [GC (Allocation Failure) 2020-10-29T08:54:06.034+0000: [ParNew: 16388K->4K(18432K), 0.0027822 secs] 468456K->452072K(896640K), 0.0028358 secs] [Times: user=0.01 sys=0.00, real=0.00 secs] 
2020-10-29T08:54:06.054+0000: [GC (Allocation Failure) 2020-10-29T08:54:06.054+0000: [ParNew: 16388K->4K(18432K), 0.0027807 secs] 468456K->452072K(896640K), 0.0028317 secs] [Times: user=0.00 sys=0.00, real=0.00 secs] 
2020-10-29T08:54:06.074+0000: [GC (Allocation Failure) 2020-10-29T08:54:06.074+0000: [ParNew: 16388K->4K(18432K), 0.0029749 secs] 468456K->452072K(896640K), 0.0030331 secs] [Times: user=0.01 sys=0.00, real=0.00 secs] 
2020-10-29T08:54:06.098+0000: [GC (Allocation Failure) 2020-10-29T08:54:06.098+0000: [ParNew: 16388K->4K(18432K), 0.0030118 secs] 468456K->452072K(896640K), 0.0030680 secs] [Times: user=0.00 sys=0.00, real=0.00 secs] 
2020-10-29T08:54:06.118+0000: [GC (Allocation Failure) 2020-10-29T08:54:06.118+0000: [ParNew: 16388K->4K(18432K), 0.0027667 secs] 468456K->452072K(896640K), 0.0028315 secs] [Times: user=0.00 sys=0.00, real=0.00 secs] 
2020-10-29T08:54:06.142+0000: [GC (Allocation Failure) 2020-10-29T08:54:06.142+0000: [ParNew: 16388K->4K(18432K), 0.0028630 secs] 468456K->452072K(896640K), 0.0029180 secs] [Times: user=0.01 sys=0.00, real=0.00 secs] 
2020-10-29T08:54:06.166+0000: [GC (Allocation Failure) 2020-10-29T08:54:06.166+0000: [ParNew: 16388K->4K(18432K), 0.0029813 secs] 468456K->452072K(896640K), 0.0030382 secs] [Times: user=0.01 sys=0.00, real=0.00 secs] 
2020-10-29T08:54:06.186+0000: [GC (Allocation Failure) 2020-10-29T08:54:06.187+0000: [ParNew: 16388K->4K(18432K), 0.0029607 secs] 468456K->452072K(896640K), 0.0030177 secs] [Times: user=0.01 sys=0.00, real=0.00 secs] 
2020-10-29T08:54:06.210+0000: [GC (Allocation Failure) 2020-10-29T08:54:06.210+0000: [ParNew: 16388K->4K(18432K), 0.0029628 secs] 468456K->452072K(896640K), 0.0030217 secs] [Times: user=0.00 sys=0.00, real=0.00 secs] 
2020-10-29T08:54:06.230+0000: [GC (Allocation Failure) 2020-10-29T08:54:06.230+0000: [ParNew: 16388K->4K(18432K), 0.0030824 secs] 468456K->452072K(896640K), 0.0031415 secs] [Times: user=0.00 sys=0.00, real=0.00 secs] 
2020-10-29T08:54:06.252+0000: [GC (Allocation Failure) 2020-10-29T08:54:06.252+0000: [ParNew: 16388K->4K(18432K), 0.0030148 secs] 468456K->452072K(896640K), 0.0030796 secs] [Times: user=0.00 sys=0.00, real=0.00 secs] 
2020-10-29T08:54:06.274+0000: [GC (Allocation Failure) 2020-10-29T08:54:06.274+0000: [ParNew: 16388K->4K(18432K), 0.0029282 secs] 468456K->452072K(896640K), 0.0029830 secs] [Times: user=0.01 sys=0.00, real=0.00 secs] 
2020-10-29T08:54:06.298+0000: [GC (Allocation Failure) 2020-10-29T08:54:06.298+0000: [ParNew: 16388K->4K(18432K), 0.0029820 secs] 468456K->452072K(896640K), 0.0030400 secs] [Times: user=0.01 sys=0.00, real=0.00 secs] 
2020-10-29T08:54:06.322+0000: [GC (Allocation Failure) 2020-10-29T08:54:06.322+0000: [ParNew: 16388K->4K(18432K), 0.0030489 secs] 468456K->452072K(896640K), 0.0031054 secs] [Times: user=0.00 sys=0.00, real=0.00 secs] 
2020-10-29T08:54:06.346+0000: [GC (Allocation Failure) 2020-10-29T08:54:06.346+0000: [ParNew: 16388K->4K(18432K), 0.0029851 secs] 468456K->452072K(896640K), 0.0030556 secs] [Times: user=0.01 sys=0.00, real=0.00 secs] 
2020-10-29T08:54:06.370+0000: [GC (Allocation Failure) 2020-10-29T08:54:06.370+0000: [ParNew: 16388K->4K(18432K), 0.0029320 secs] 468456K->452072K(896640K), 0.0029856 secs] [Times: user=0.00 sys=0.00, real=0.01 secs] 
2020-10-29T08:54:06.392+0000: [GC (Allocation Failure) 2020-10-29T08:54:06.392+0000: [ParNew: 16388K->4K(18432K), 0.0027045 secs] 468456K->452072K(896640K), 0.0027570 secs] [Times: user=0.00 sys=0.00, real=0.00 secs] 
2020-10-29T08:54:06.412+0000: [GC (Allocation Failure) 2020-10-29T08:54:06.412+0000: [ParNew: 16388K->4K(18432K), 0.0028130 secs] 468456K->452072K(896640K), 0.0028719 secs] [Times: user=0.00 sys=0.00, real=0.00 secs] 
2020-10-29T08:54:06.432+0000: [GC (Allocation Failure) 2020-10-29T08:54:06.432+0000: [ParNew: 16388K->4K(18432K), 0.0028006 secs] 468456K->452072K(896640K), 0.0028544 secs] [Times: user=0.00 sys=0.00, real=0.00 secs] 
2020-10-29T08:54:06.451+0000: [GC (Allocation Failure) 2020-10-29T08:54:06.451+0000: [ParNew: 16388K->4K(18432K), 0.0030295 secs] 468456K->452072K(896640K), 0.0030873 secs] [Times: user=0.00 sys=0.00, real=0.00 secs] 
2020-10-29T08:54:06.471+0000: [GC (Allocation Failure) 2020-10-29T08:54:06.471+0000: [ParNew: 16388K->4K(18432K), 0.0030474 secs] 468456K->452072K(896640K), 0.0031072 secs] [Times: user=0.00 sys=0.00, real=0.00 secs] 
2020-10-29T08:54:06.491+0000: [GC (Allocation Failure) 2020-10-29T08:54:06.491+0000: [ParNew: 16388K->4K(18432K), 0.0030473 secs] 468456K->452072K(896640K), 0.0031044 secs] [Times: user=0.00 sys=0.00, real=0.00 secs] 
2020-10-29T08:54:06.514+0000: [GC (Allocation Failure) 2020-10-29T08:54:06.514+0000: [ParNew: 16388K->4K(18432K), 0.0030170 secs] 468456K->452072K(896640K), 0.0030757 secs] [Times: user=0.01 sys=0.00, real=0.00 secs] 
2020-10-29T08:54:06.535+0000: [GC (Allocation Failure) 2020-10-29T08:54:06.535+0000: [ParNew: 16388K->4K(18432K), 0.0029843 secs] 468456K->452072K(896640K), 0.0030427 secs] [Times: user=0.01 sys=0.00, real=0.00 secs] 
2020-10-29T08:54:06.554+0000: [GC (Allocation Failure) 2020-10-29T08:54:06.555+0000: [ParNew: 16388K->4K(18432K), 0.0030330 secs] 468456K->452072K(896640K), 0.0030921 secs] [Times: user=0.01 sys=0.00, real=0.00 secs] 
2020-10-29T08:54:06.576+0000: [GC (Allocation Failure) 2020-10-29T08:54:06.576+0000: [ParNew: 16388K->4K(18432K), 0.0030348 secs] 468456K->452072K(896640K), 0.0030921 secs] [Times: user=0.01 sys=0.00, real=0.00 secs] 
2020-10-29T08:54:06.596+0000: [GC (Allocation Failure) 2020-10-29T08:54:06.596+0000: [ParNew: 16388K->4K(18432K), 0.0030519 secs] 468456K->452072K(896640K), 0.0031113 secs] [Times: user=0.00 sys=0.00, real=0.00 secs] 
2020-10-29T08:54:06.618+0000: [GC (Allocation Failure) 2020-10-29T08:54:06.618+0000: [ParNew: 16388K->4K(18432K), 0.0030186 secs] 468456K->452072K(896640K), 0.0030784 secs] [Times: user=0.00 sys=0.01, real=0.00 secs] 
2020-10-29T08:54:06.638+0000: [GC (Allocation Failure) 2020-10-29T08:54:06.638+0000: [ParNew: 16388K->4K(18432K), 0.0029127 secs] 468456K->452072K(896640K), 0.0029702 secs] [Times: user=0.00 sys=0.00, real=0.00 secs] 
2020-10-29T08:54:06.662+0000: [GC (Allocation Failure) 2020-10-29T08:54:06.662+0000: [ParNew: 16388K->4K(18432K), 0.0030241 secs] 468456K->452072K(896640K), 0.0030815 secs] [Times: user=0.00 sys=0.00, real=0.00 secs] 
2020-10-29T08:54:06.686+0000: [GC (Allocation Failure) 2020-10-29T08:54:06.686+0000: [ParNew: 16388K->4K(18432K), 0.0029074 secs] 468456K->452072K(896640K), 0.0029646 secs] [Times: user=0.01 sys=0.00, real=0.00 secs] 
2020-10-29T08:54:06.706+0000: [GC (Allocation Failure) 2020-10-29T08:54:06.706+0000: [ParNew: 16388K->4K(18432K), 0.0030400 secs] 468456K->452072K(896640K), 0.0030960 secs] [Times: user=0.01 sys=0.00, real=0.00 secs] 
2020-10-29T08:54:06.726+0000: [GC (Allocation Failure) 2020-10-29T08:54:06.726+0000: [ParNew: 16388K->4K(18432K), 0.0029386 secs] 468456K->452072K(896640K), 0.0029963 secs] [Times: user=0.00 sys=0.00, real=0.00 secs] 
2020-10-29T08:54:06.747+0000: [GC (Allocation Failure) 2020-10-29T08:54:06.747+0000: [ParNew: 16388K->4K(18432K), 0.0027506 secs] 468456K->452072K(896640K), 0.0028048 secs] [Times: user=0.01 sys=0.00, real=0.00 secs] 
2020-10-29T08:54:06.770+0000: [GC (Allocation Failure) 2020-10-29T08:54:06.770+0000: [ParNew: 16388K->4K(18432K), 0.0026870 secs] 468456K->452072K(896640K), 0.0027398 secs] [Times: user=0.01 sys=0.00, real=0.00 secs] 
2020-10-29T08:54:06.790+0000: [GC (Allocation Failure) 2020-10-29T08:54:06.790+0000: [ParNew: 16388K->4K(18432K), 0.0025482 secs] 468456K->452072K(896640K), 0.0025964 secs] [Times: user=0.00 sys=0.00, real=0.01 secs] 
2020-10-29T08:54:06.810+0000: [GC (Allocation Failure) 2020-10-29T08:54:06.810+0000: [ParNew: 16388K->4K(18432K), 0.0026661 secs] 468456K->452072K(896640K), 0.0027160 secs] [Times: user=0.00 sys=0.00, real=0.01 secs] 
2020-10-29T08:54:06.830+0000: [GC (Allocation Failure) 2020-10-29T08:54:06.830+0000: [ParNew: 16388K->4K(18432K), 0.0027968 secs] 468456K->452072K(896640K), 0.0028500 secs] [Times: user=0.01 sys=0.00, real=0.01 secs] 
2020-10-29T08:54:06.850+0000: [GC (Allocation Failure) 2020-10-29T08:54:06.850+0000: [ParNew: 16388K->4K(18432K), 0.0028277 secs] 468456K->452072K(896640K), 0.0029459 secs] [Times: user=0.01 sys=0.00, real=0.01 secs] 
2020-10-29T08:54:06.874+0000: [GC (Allocation Failure) 2020-10-29T08:54:06.874+0000: [ParNew: 16388K->4K(18432K), 0.0027267 secs] 468456K->452072K(896640K), 0.0027796 secs] [Times: user=0.00 sys=0.00, real=0.00 secs] 
2020-10-29T08:54:06.894+0000: [GC (Allocation Failure) 2020-10-29T08:54:06.894+0000: [ParNew: 16388K->4K(18432K), 0.0027952 secs] 468456K->452072K(896640K), 0.0028480 secs] [Times: user=0.01 sys=0.00, real=0.00 secs] 
2020-10-29T08:54:06.914+0000: [GC (Allocation Failure) 2020-10-29T08:54:06.914+0000: [ParNew: 16388K->4K(18432K), 0.0028281 secs] 468456K->452072K(896640K), 0.0028834 secs] [Times: user=0.01 sys=0.00, real=0.00 secs] 
2020-10-29T08:54:06.935+0000: [GC (Allocation Failure) 2020-10-29T08:54:06.935+0000: [ParNew: 16388K->4K(18432K), 0.0028043 secs] 468456K->452072K(896640K), 0.0028594 secs] [Times: user=0.00 sys=0.00, real=0.00 secs] 
2020-10-29T08:54:06.958+0000: [GC (Allocation Failure) 2020-10-29T08:54:06.958+0000: [ParNew: 16388K->4K(18432K), 0.0029822 secs] 468456K->452072K(896640K), 0.0030452 secs] [Times: user=0.01 sys=0.00, real=0.00 secs] 
2020-10-29T08:54:06.982+0000: [GC (Allocation Failure) 2020-10-29T08:54:06.982+0000: [ParNew: 16388K->4K(18432K), 0.0029886 secs] 468456K->452072K(896640K), 0.0030477 secs] [Times: user=0.00 sys=0.00, real=0.00 secs] 
2020-10-29T08:54:07.003+0000: [GC (Allocation Failure) 2020-10-29T08:54:07.003+0000: [ParNew: 16388K->4K(18432K), 0.0028044 secs] 468456K->452072K(896640K), 0.0028589 secs] [Times: user=0.01 sys=0.00, real=0.00 secs] 
2020-10-29T08:54:07.025+0000: [GC (Allocation Failure) 2020-10-29T08:54:07.025+0000: [ParNew: 16388K->4K(18432K), 0.0029071 secs] 468456K->452072K(896640K), 0.0029633 secs] [Times: user=0.00 sys=0.00, real=0.00 secs] 
2020-10-29T08:54:07.046+0000: [GC (Allocation Failure) 2020-10-29T08:54:07.046+0000: [ParNew: 16388K->4K(18432K), 0.0030305 secs] 468456K->452072K(896640K), 0.0030979 secs] [Times: user=0.01 sys=0.00, real=0.00 secs] 
2020-10-29T08:54:07.070+0000: [GC (Allocation Failure) 2020-10-29T08:54:07.070+0000: [ParNew: 16388K->4K(18432K), 0.0030448 secs] 468456K->452072K(896640K), 0.0031058 secs] [Times: user=0.01 sys=0.00, real=0.00 secs] 
2020-10-29T08:54:07.091+0000: [GC (Allocation Failure) 2020-10-29T08:54:07.091+0000: [ParNew: 16388K->4K(18432K), 0.0031793 secs] 468456K->452072K(896640K), 0.0032377 secs] [Times: user=0.01 sys=0.00, real=0.00 secs] 
2020-10-29T08:54:07.111+0000: [GC (Allocation Failure) 2020-10-29T08:54:07.111+0000: [ParNew: 16388K->4K(18432K), 0.0031065 secs] 468456K->452072K(896640K), 0.0031767 secs] [Times: user=0.01 sys=0.00, real=0.00 secs] 
2020-10-29T08:54:07.134+0000: [GC (Allocation Failure) 2020-10-29T08:54:07.134+0000: [ParNew: 16388K->4K(18432K), 0.0030324 secs] 468456K->452072K(896640K), 0.0030919 secs] [Times: user=0.01 sys=0.00, real=0.00 secs] 
2020-10-29T08:54:07.155+0000: [GC (Allocation Failure) 2020-10-29T08:54:07.155+0000: [ParNew: 16388K->4K(18432K), 0.0030256 secs] 468456K->452072K(896640K), 0.0030845 secs] [Times: user=0.01 sys=0.00, real=0.00 secs] 
2020-10-29T08:54:07.178+0000: [GC (Allocation Failure) 2020-10-29T08:54:07.178+0000: [ParNew: 16388K->4K(18432K), 0.0030307 secs] 468456K->452072K(896640K), 0.0030975 secs] [Times: user=0.01 sys=0.00, real=0.00 secs] 
2020-10-29T08:54:07.198+0000: [GC (Allocation Failure) 2020-10-29T08:54:07.199+0000: [ParNew: 16388K->4K(18432K), 0.0028050 secs] 468456K->452072K(896640K), 0.0028598 secs] [Times: user=0.01 sys=0.00, real=0.00 secs] 
2020-10-29T08:54:07.222+0000: [GC (Allocation Failure) 2020-10-29T08:54:07.222+0000: [ParNew: 16388K->4K(18432K), 0.0028264 secs] 468456K->452072K(896640K), 0.0028805 secs] [Times: user=0.00 sys=0.00, real=0.01 secs] 
2020-10-29T08:54:07.242+0000: [GC (Allocation Failure) 2020-10-29T08:54:07.243+0000: [ParNew: 16388K->4K(18432K), 0.0030253 secs] 468456K->452072K(896640K), 0.0030831 secs] [Times: user=0.01 sys=0.00, real=0.00 secs] 
2020-10-29T08:54:07.266+0000: [GC (Allocation Failure) 2020-10-29T08:54:07.266+0000: [ParNew: 16388K->4K(18432K), 0.0026238 secs] 468456K->452072K(896640K), 0.0026737 secs] [Times: user=0.00 sys=0.00, real=0.00 secs] 
2020-10-29T08:54:07.290+0000: [GC (Allocation Failure) 2020-10-29T08:54:07.290+0000: [ParNew: 16388K->4K(18432K), 0.0027687 secs] 468456K->452072K(896640K), 0.0028220 secs] [Times: user=0.00 sys=0.00, real=0.01 secs] 
2020-10-29T08:54:07.310+0000: [GC (Allocation Failure) 2020-10-29T08:54:07.310+0000: [ParNew: 16388K->4K(18432K), 0.0027104 secs] 468456K->452072K(896640K), 0.0027635 secs] [Times: user=0.00 sys=0.00, real=0.01 secs] 
2020-10-29T08:54:07.330+0000: [GC (Allocation Failure) 2020-10-29T08:54:07.330+0000: [ParNew: 16388K->4K(18432K), 0.0028304 secs] 468456K->452072K(896640K), 0.0028855 secs] [Times: user=0.00 sys=0.00, real=0.01 secs] 
2020-10-29T08:54:07.350+0000: [GC (Allocation Failure) 2020-10-29T08:54:07.350+0000: [ParNew: 16388K->4K(18432K), 0.0027255 secs] 468456K->452072K(896640K), 0.0027784 secs] [Times: user=0.00 sys=0.00, real=0.00 secs] 
2020-10-29T08:54:07.373+0000: [GC (Allocation Failure) 2020-10-29T08:54:07.373+0000: [ParNew: 16388K->4K(18432K), 0.0027082 secs] 468456K->452072K(896640K), 0.0027602 secs] [Times: user=0.00 sys=0.00, real=0.00 secs] 
2020-10-29T08:54:07.393+0000: [GC (Allocation Failure) 2020-10-29T08:54:07.393+0000: [ParNew: 16388K->4K(18432K), 0.0026734 secs] 468456K->452072K(896640K), 0.0027377 secs] [Times: user=0.01 sys=0.00, real=0.00 secs] 
2020-10-29T08:54:07.413+0000: [GC (Allocation Failure) 2020-10-29T08:54:07.413+0000: [ParNew: 16388K->4K(18432K), 0.0029545 secs] 468456K->452072K(896640K), 0.0030106 secs] [Times: user=0.01 sys=0.00, real=0.00 secs] 
2020-10-29T08:54:07.433+0000: [GC (Allocation Failure) 2020-10-29T08:54:07.433+0000: [ParNew: 16388K->4K(18432K), 0.0028956 secs] 468456K->452072K(896640K), 0.0029513 secs] [Times: user=0.00 sys=0.00, real=0.00 secs] 
2020-10-29T08:54:07.454+0000: [GC (Allocation Failure) 2020-10-29T08:54:07.454+0000: [ParNew: 16388K->4K(18432K), 0.0029026 secs] 468456K->452072K(896640K), 0.0029585 secs] [Times: user=0.01 sys=0.00, real=0.00 secs] 
2020-10-29T08:54:07.474+0000: [GC (Allocation Failure) 2020-10-29T08:54:07.474+0000: [ParNew: 16388K->4K(18432K), 0.0027397 secs] 468456K->452072K(896640K), 0.0027922 secs] [Times: user=0.01 sys=0.00, real=0.00 secs] 
2020-10-29T08:54:07.498+0000: [GC (Allocation Failure) 2020-10-29T08:54:07.498+0000: [ParNew: 16388K->4K(18432K), 0.0029055 secs] 468456K->452072K(896640K), 0.0029603 secs] [Times: user=0.00 sys=0.00, real=0.00 secs] 
2020-10-29T08:54:07.522+0000: [GC (Allocation Failure) 2020-10-29T08:54:07.522+0000: [ParNew: 16388K->4K(18432K), 0.0027790 secs] 468456K->452072K(896640K), 0.0028329 secs] [Times: user=0.00 sys=0.00, real=0.01 secs] 
2020-10-29T08:54:07.546+0000: [GC (Allocation Failure) 2020-10-29T08:54:07.546+0000: [ParNew: 16388K->4K(18432K), 0.0027442 secs] 468456K->452072K(896640K), 0.0027962 secs] [Times: user=0.00 sys=0.00, real=0.00 secs] 
2020-10-29T08:54:07.568+0000: [GC (Allocation Failure) 2020-10-29T08:54:07.568+0000: [ParNew: 16388K->4K(18432K), 0.0027840 secs] 468456K->452072K(896640K), 0.0028378 secs] [Times: user=0.01 sys=0.00, real=0.01 secs] 
2020-10-29T08:54:07.588+0000: [GC (Allocation Failure) 2020-10-29T08:54:07.588+0000: [ParNew: 16388K->4K(18432K), 0.0027231 secs] 468456K->452072K(896640K), 0.0027760 secs] [Times: user=0.01 sys=0.00, real=0.01 secs] 
2020-10-29T08:54:07.610+0000: [GC (Allocation Failure) 2020-10-29T08:54:07.610+0000: [ParNew: 16388K->4K(18432K), 0.0027171 secs] 468456K->452072K(896640K), 0.0027706 secs] [Times: user=0.01 sys=0.00, real=0.00 secs] 
2020-10-29T08:54:07.630+0000: [GC (Allocation Failure) 2020-10-29T08:54:07.630+0000: [ParNew: 16388K->4K(18432K), 0.0026696 secs] 468456K->452072K(896640K), 0.0027374 secs] [Times: user=0.01 sys=0.00, real=0.01 secs] 
2020-10-29T08:54:07.650+0000: [GC (Allocation Failure) 2020-10-29T08:54:07.650+0000: [ParNew: 16388K->4K(18432K), 0.0026774 secs] 468456K->452072K(896640K), 0.0027285 secs] [Times: user=0.00 sys=0.00, real=0.00 secs] 
2020-10-29T08:54:07.674+0000: [GC (Allocation Failure) 2020-10-29T08:54:07.674+0000: [ParNew: 16388K->4K(18432K), 0.0026827 secs] 468456K->452072K(896640K), 0.0027333 secs] [Times: user=0.01 sys=0.00, real=0.00 secs] 
2020-10-29T08:54:07.693+0000: [GC (Allocation Failure) 2020-10-29T08:54:07.693+0000: [ParNew: 16388K->4K(18432K), 0.0025966 secs] 468456K->452072K(896640K), 0.0026452 secs] [Times: user=0.00 sys=0.00, real=0.00 secs] 
2020-10-29T08:54:07.714+0000: [GC (Allocation Failure) 2020-10-29T08:54:07.714+0000: [ParNew: 16388K->4K(18432K), 0.0028224 secs] 468456K->452072K(896640K), 0.0028740 secs] [Times: user=0.01 sys=0.00, real=0.00 secs] 
2020-10-29T08:54:07.738+0000: [GC (Allocation Failure) 2020-10-29T08:54:07.738+0000: [ParNew: 16388K->4K(18432K), 0.0027295 secs] 468456K->452072K(896640K), 0.0027820 secs] [Times: user=0.00 sys=0.00, real=0.00 secs] 
2020-10-29T08:54:07.758+0000: [GC (Allocation Failure) 2020-10-29T08:54:07.758+0000: [ParNew: 16388K->4K(18432K), 0.0028158 secs] 468456K->452072K(896640K), 0.0028697 secs] [Times: user=0.00 sys=0.00, real=0.00 secs] 
2020-10-29T08:54:07.778+0000: [GC (Allocation Failure) 2020-10-29T08:54:07.778+0000: [ParNew: 16388K->4K(18432K), 0.0027924 secs] 468456K->452072K(896640K), 0.0028456 secs] [Times: user=0.01 sys=0.00, real=0.00 secs] 
2020-10-29T08:54:07.798+0000: [GC (Allocation Failure) 2020-10-29T08:54:07.798+0000: [ParNew: 16388K->4K(18432K), 0.0026957 secs] 468456K->452072K(896640K), 0.0027476 secs] [Times: user=0.01 sys=0.00, real=0.00 secs] 
2020-10-29T08:54:07.822+0000: [GC (Allocation Failure) 2020-10-29T08:54:07.822+0000: [ParNew: 16388K->4K(18432K), 0.0029261 secs] 468456K->452072K(896640K), 0.0029838 secs] [Times: user=0.00 sys=0.00, real=0.01 secs] 
2020-10-29T08:54:07.844+0000: [GC (Allocation Failure) 2020-10-29T08:54:07.844+0000: [ParNew: 16388K->4K(18432K), 0.0030336 secs] 468456K->452072K(896640K), 0.0030926 secs] [Times: user=0.00 sys=0.00, real=0.00 secs] 
2020-10-29T08:54:07.866+0000: [GC (Allocation Failure) 2020-10-29T08:54:07.866+0000: [ParNew: 16388K->4K(18432K), 0.0035893 secs] 468456K->452072K(896640K), 0.0036568 secs] [Times: user=0.01 sys=0.00, real=0.00 secs] 
2020-10-29T08:54:07.890+0000: [GC (Allocation Failure) 2020-10-29T08:54:07.890+0000: [ParNew: 16388K->4K(18432K), 0.0030269 secs] 468456K->452072K(896640K), 0.0030853 secs] [Times: user=0.00 sys=0.00, real=0.00 secs] 
2020-10-29T08:54:07.914+0000: [GC (Allocation Failure) 2020-10-29T08:54:07.914+0000: [ParNew: 16388K->4K(18432K), 0.0029659 secs] 468456K->452072K(896640K), 0.0030224 secs] [Times: user=0.00 sys=0.00, real=0.00 secs] 
2020-10-29T08:54:07.934+0000: [GC (Allocation Failure) 2020-10-29T08:54:07.934+0000: [ParNew: 16388K->4K(18432K), 0.0028741 secs] 468456K->452072K(896640K), 0.0029406 secs] [Times: user=0.01 sys=0.00, real=0.00 secs] 
2020-10-29T08:54:07.958+0000: [GC (Allocation Failure) 2020-10-29T08:54:07.958+0000: [ParNew: 16388K->4K(18432K), 0.0029358 secs] 468456K->452072K(896640K), 0.0029906 secs] [Times: user=0.01 sys=0.00, real=0.00 secs] 
2020-10-29T08:54:07.982+0000: [GC (Allocation Failure) 2020-10-29T08:54:07.982+0000: [ParNew: 16388K->4K(18432K), 0.0029788 secs] 468456K->452073K(896640K), 0.0030397 secs] [Times: user=0.01 sys=0.00, real=0.01 secs] 
2020-10-29T08:54:08.002+0000: [GC (Allocation Failure) 2020-10-29T08:54:08.002+0000: [ParNew: 16388K->4K(18432K), 0.0029381 secs] 468457K->452073K(896640K), 0.0029954 secs] [Times: user=0.01 sys=0.00, real=0.01 secs] 
2020-10-29T08:54:08.026+0000: [GC (Allocation Failure) 2020-10-29T08:54:08.026+0000: [ParNew: 16388K->4K(18432K), 0.0029915 secs] 468457K->452073K(896640K), 0.0030597 secs] [Times: user=0.01 sys=0.00, real=0.00 secs] 
2020-10-29T08:54:08.050+0000: [GC (Allocation Failure) 2020-10-29T08:54:08.050+0000: [ParNew: 16388K->4K(18432K), 0.0029025 secs] 468457K->452073K(896640K), 0.0029592 secs] [Times: user=0.01 sys=0.01, real=0.01 secs] 
2020-10-29T08:54:08.070+0000: [GC (Allocation Failure) 2020-10-29T08:54:08.070+0000: [ParNew: 16388K->4K(18432K), 0.0028764 secs] 468457K->452073K(896640K), 0.0029407 secs] [Times: user=0.00 sys=0.00, real=0.01 secs] 
2020-10-29T08:54:08.090+0000: [GC (Allocation Failure) 2020-10-29T08:54:08.090+0000: [ParNew: 16388K->4K(18432K), 0.0029568 secs] 468457K->452073K(896640K), 0.0030147 secs] [Times: user=0.00 sys=0.00, real=0.01 secs] 
2020-10-29T08:54:08.114+0000: [GC (Allocation Failure) 2020-10-29T08:54:08.114+0000: [ParNew: 16388K->4K(18432K), 0.0028823 secs] 468457K->452073K(896640K), 0.0029381 secs] [Times: user=0.00 sys=0.00, real=0.00 secs] 
2020-10-29T08:54:08.138+0000: [GC (Allocation Failure) 2020-10-29T08:54:08.138+0000: [ParNew: 16388K->4K(18432K), 0.0027133 secs] 468457K->452073K(896640K), 0.0027649 secs] [Times: user=0.01 sys=0.00, real=0.00 secs] 
2020-10-29T08:54:08.158+0000: [GC (Allocation Failure) 2020-10-29T08:54:08.158+0000: [ParNew: 16388K->4K(18432K), 0.0028118 secs] 468457K->452073K(896640K), 0.0028695 secs] [Times: user=0.00 sys=0.00, real=0.00 secs] 
2020-10-29T08:54:08.182+0000: [GC (Allocation Failure) 2020-10-29T08:54:08.182+0000: [ParNew: 16388K->4K(18432K), 0.0029883 secs] 468457K->452073K(896640K), 0.0030515 secs] [Times: user=0.00 sys=0.00, real=0.01 secs] 
2020-10-29T08:54:08.202+0000: [GC (Allocation Failure) 2020-10-29T08:54:08.202+0000: [ParNew: 16388K->4K(18432K), 0.0028743 secs] 468457K->452073K(896640K), 0.0029300 secs] [Times: user=0.00 sys=0.00, real=0.01 secs] 
2020-10-29T08:54:08.222+0000: [GC (Allocation Failure) 2020-10-29T08:54:08.222+0000: [ParNew: 16388K->4K(18432K), 0.0031405 secs] 468457K->452073K(896640K), 0.0032039 secs] [Times: user=0.00 sys=0.00, real=0.01 secs] 
2020-10-29T08:54:08.246+0000: [GC (Allocation Failure) 2020-10-29T08:54:08.246+0000: [ParNew: 16388K->4K(18432K), 0.0033610 secs] 468457K->452073K(896640K), 0.0034231 secs] [Times: user=0.01 sys=0.00, real=0.00 secs] 
2020-10-29T08:54:08.266+0000: [GC (Allocation Failure) 2020-10-29T08:54:08.266+0000: [ParNew: 16388K->4K(18432K), 0.0030310 secs] 468457K->452073K(896640K), 0.0030890 secs] [Times: user=0.01 sys=0.00, real=0.00 secs] 
2020-10-29T08:54:08.286+0000: [GC (Allocation Failure) 2020-10-29T08:54:08.286+0000: [ParNew: 16388K->4K(18432K), 0.0029032 secs] 468457K->452073K(896640K), 0.0029684 secs] [Times: user=0.01 sys=0.00, real=0.00 secs] 
2020-10-29T08:54:08.306+0000: [GC (Allocation Failure) 2020-10-29T08:54:08.306+0000: [ParNew: 16388K->4K(18432K), 0.0026993 secs] 468457K->452073K(896640K), 0.0027504 secs] [Times: user=0.00 sys=0.00, real=0.00 secs] 
2020-10-29T08:54:08.326+0000: [GC (Allocation Failure) 2020-10-29T08:54:08.326+0000: [ParNew: 16388K->4K(18432K), 0.0031445 secs] 468457K->452073K(896640K), 0.0031963 secs] [Times: user=0.01 sys=0.00, real=0.00 secs] 
2020-10-29T08:54:08.350+0000: [GC (Allocation Failure) 2020-10-29T08:54:08.350+0000: [ParNew: 16388K->4K(18432K), 0.0026815 secs] 468457K->452073K(896640K), 0.0027338 secs] [Times: user=0.00 sys=0.00, real=0.00 secs] 
2020-10-29T08:54:08.374+0000: [GC (Allocation Failure) 2020-10-29T08:54:08.374+0000: [ParNew: 16388K->4K(18432K), 0.0028859 secs] 468457K->452073K(896640K), 0.0029387 secs] [Times: user=0.00 sys=0.00, real=0.00 secs] 
2020-10-29T08:54:08.410+0000: [GC (Allocation Failure) 2020-10-29T08:54:08.410+0000: [ParNew: 16388K->6K(18432K), 0.0029421 secs] 468457K->452075K(896640K), 0.0030003 secs] [Times: user=0.01 sys=0.00, real=0.00 secs] 
2020-10-29T08:54:08.446+0000: [GC (Allocation Failure) 2020-10-29T08:54:08.446+0000: [ParNew: 16390K->4K(18432K), 0.0029757 secs] 468459K->452073K(896640K), 0.0030337 secs] [Times: user=0.01 sys=0.00, real=0.00 secs] 
2020-10-29T08:54:08.482+0000: [GC (Allocation Failure) 2020-10-29T08:54:08.482+0000: [ParNew: 16388K->4K(18432K), 0.0029664 secs] 468457K->452073K(896640K), 0.0030232 secs] [Times: user=0.01 sys=0.00, real=0.00 secs] 
2020-10-29T08:54:08.518+0000: [GC (Allocation Failure) 2020-10-29T08:54:08.518+0000: [ParNew: 16388K->4K(18432K), 0.0028346 secs] 468457K->452073K(896640K), 0.0028886 secs] [Times: user=0.00 sys=0.00, real=0.00 secs] 
2020-10-29T08:54:08.554+0000: [GC (Allocation Failure) 2020-10-29T08:54:08.554+0000: [ParNew: 16388K->4K(18432K), 0.0029523 secs] 468457K->452073K(896640K), 0.0030085 secs] [Times: user=0.01 sys=0.00, real=0.00 secs] 
2020-10-29T08:54:08.587+0000: [GC (Allocation Failure) 2020-10-29T08:54:08.587+0000: [ParNew: 16388K->4K(18432K), 0.0027902 secs] 468457K->452074K(896640K), 0.0028424 secs] [Times: user=0.00 sys=0.00, real=0.00 secs] 
2020-10-29T08:54:08.621+0000: [GC (Allocation Failure) 2020-10-29T08:54:08.621+0000: [ParNew: 16388K->4K(18432K), 0.0030557 secs] 468458K->452074K(896640K), 0.0031152 secs] [Times: user=0.01 sys=0.00, real=0.01 secs] 
2020-10-29T08:54:08.658+0000: [GC (Allocation Failure) 2020-10-29T08:54:08.658+0000: [ParNew: 16388K->4K(18432K), 0.0029619 secs] 468458K->452074K(896640K), 0.0030202 secs] [Times: user=0.01 sys=0.00, real=0.00 secs] 
2020-10-29T08:54:08.694+0000: [GC (Allocation Failure) 2020-10-29T08:54:08.694+0000: [ParNew: 16388K->4K(18432K), 0.0029549 secs] 468458K->452074K(896640K), 0.0030264 secs] [Times: user=0.01 sys=0.00, real=0.00 secs] 
2020-10-29T08:54:08.729+0000: [GC (Allocation Failure) 2020-10-29T08:54:08.729+0000: [ParNew: 16388K->4K(18432K), 0.0029372 secs] 468458K->452074K(896640K), 0.0029941 secs] [Times: user=0.00 sys=0.00, real=0.01 secs] 
2020-10-29T08:54:08.762+0000: [GC (Allocation Failure) 2020-10-29T08:54:08.762+0000: [ParNew: 16388K->4K(18432K), 0.0029441 secs] 468458K->452074K(896640K), 0.0030034 secs] [Times: user=0.01 sys=0.00, real=0.00 secs] 
2020-10-29T08:54:08.798+0000: [GC (Allocation Failure) 2020-10-29T08:54:08.798+0000: [ParNew: 16388K->4K(18432K), 0.0030322 secs] 468458K->452074K(896640K), 0.0030922 secs] [Times: user=0.01 sys=0.00, real=0.00 secs] 
2020-10-29T08:54:08.832+0000: [GC (Allocation Failure) 2020-10-29T08:54:08.832+0000: [ParNew: 16388K->4K(18432K), 0.0030027 secs] 468458K->452074K(896640K), 0.0030599 secs] [Times: user=0.00 sys=0.00, real=0.00 secs] 
 CMS: abort preclean due to time 2020-10-29T08:54:08.837+0000: [CMS-concurrent-abortable-preclean: 0.401/5.022 secs] [Times: user=8.95 sys=0.31, real=5.02 secs] 
2020-10-29T08:54:08.842+0000: [GC (CMS Final Remark) [YG occupancy: 360 K (18432 K)]2020-10-29T08:54:08.842+0000: [Rescan (parallel) , 0.0017834 secs]2020-10-29T08:54:08.844+0000: [weak refs processing, 0.0000583 secs]2020-10-29T08:54:08.844+0000: [class unloading, 0.0092454 secs]2020-10-29T08:54:08.853+0000: [scrub symbol table, 0.0091324 secs]2020-10-29T08:54:08.862+0000: [scrub string table, 0.0005986 secs][1 CMS-remark: 452070K(878208K)] 452431K(896640K), 0.0209519 secs] [Times: user=0.02 sys=0.00, real=0.03 secs] 
2020-10-29T08:54:08.869+0000: [CMS-concurrent-sweep-start]
2020-10-29T08:54:08.890+0000: [CMS-concurrent-sweep: 0.021/0.021 secs] [Times: user=0.04 sys=0.00, real=0.02 secs] 
2020-10-29T08:54:08.890+0000: [CMS-concurrent-reset-start]
2020-10-29T08:54:08.891+0000: [CMS-concurrent-reset: 0.002/0.002 secs] [Times: user=0.01 sys=0.00, real=0.01 secs] 
2020-10-29T08:54:08.954+0000: [GC (Allocation Failure) 2020-10-29T08:54:08.954+0000: [ParNew: 16388K->4K(18432K), 0.0030385 secs] 451128K->434744K(896640K), 0.0030995 secs] [Times: user=0.01 sys=0.00, real=0.00 secs] 
2020-10-29T08:54:09.060+0000: [GC (Allocation Failure) 2020-10-29T08:54:09.060+0000: [ParNew: 16388K->4K(18432K), 0.0030358 secs] 451128K->434744K(896640K), 0.0030978 secs] [Times: user=0.01 sys=0.00, real=0.01 secs] 
2020-10-29T08:54:09.139+0000: [GC (Allocation Failure) 2020-10-29T08:54:09.139+0000: [ParNew: 16388K->4K(18432K), 0.0030169 secs] 451128K->434744K(896640K), 0.0030799 secs] [Times: user=0.00 sys=0.00, real=0.00 secs] 
2020-10-29T08:54:09.416+0000: [GC (Allocation Failure) 2020-10-29T08:54:09.416+0000: [ParNew: 16388K->4K(18432K), 0.0030782 secs] 451128K->434744K(896640K), 0.0031418 secs] [Times: user=0.01 sys=0.00, real=0.00 secs] 
2020-10-29T08:54:09.502+0000: [GC (Allocation Failure) 2020-10-29T08:54:09.502+0000: [ParNew: 16388K->6K(18432K), 0.0030459 secs] 451128K->434746K(896640K), 0.0031070 secs] [Times: user=0.00 sys=0.00, real=0.01 secs] 
2020-10-29T08:54:09.556+0000: [GC (Allocation Failure) 2020-10-29T08:54:09.556+0000: [ParNew: 16390K->4K(18432K), 0.0030637 secs] 451130K->434744K(896640K), 0.0031226 secs] [Times: user=0.00 sys=0.00, real=0.00 secs] 
2020-10-29T08:54:09.611+0000: [GC (Allocation Failure) 2020-10-29T08:54:09.611+0000: [ParNew: 16388K->4K(18432K), 0.0030457 secs] 451128K->434745K(896640K), 0.0031054 secs] [Times: user=0.01 sys=0.00, real=0.00 secs] 
2020-10-29T08:54:14.681+0000: [GC (Allocation Failure) 2020-10-29T08:54:14.681+0000: [ParNew: 16388K->47K(18432K), 0.0058601 secs] 451129K->434789K(896640K), 0.0059212 secs] [Times: user=0.01 sys=0.00, real=0.01 secs] 
Heap
 par new generation   total 18432K, used 4111K [0x00000000c0000000, 0x00000000c1400000, 0x00000000ca660000)
  eden space 16384K,  24% used [0x00000000c0000000, 0x00000000c03f8110, 0x00000000c1000000)
  from space 2048K,   2% used [0x00000000c1000000, 0x00000000c100bec0, 0x00000000c1200000)
  to   space 2048K,   0% used [0x00000000c1200000, 0x00000000c1200000, 0x00000000c1400000)
 concurrent mark-sweep generation total 878208K, used 434741K [0x00000000ca660000, 0x0000000100000000, 0x0000000100000000)
 Metaspace       used 70549K, capacity 71914K, committed 72264K, reserved 1112064K
  class space    used 9468K, capacity 9730K, committed 9856K, reserved 1048576K
End of LogType:stdout

